---2015-10-15 22:46:21
MemTotal:        2746844 kB
MemFree:          381116 kB
Buffers:           20056 kB
Cached:           753440 kB
SwapCached:         7680 kB
Active:           781124 kB
Inactive:         684272 kB
Active(anon):     308244 kB
Inactive(anon):   397260 kB
Active(file):     472880 kB
Inactive(file):   287012 kB
Unevictable:       20976 kB
Mlocked:           13004 kB
SwapTotal:       1310716 kB
SwapFree:        1118060 kB
Dirty:                 0 kB
Writeback:             0 kB
AnonPages:        707652 kB
Mapped:           283308 kB
Shmem:              1136 kB
Slab:             114116 kB
SReclaimable:      33956 kB
SUnreclaim:        80160 kB
KernelStack:       28544 kB
PageTables:        52304 kB
NFS_Unstable:          0 kB
Bounce:                0 kB
WritebackTmp:          0 kB
CommitLimit:     2684136 kB
Committed_AS:   131344696 kB
VmallocTotal:   251658176 kB
VmallocUsed:      341500 kB
VmallocChunk:   247561408 kB
Time pass: 3 sec

---2015-10-15 22:46:21
MemTotal:        2746844 kB
MemFree:          381632 kB
Buffers:           20056 kB
Cached:           753440 kB
SwapCached:         7680 kB
Active:           781516 kB
Inactive:         684272 kB
Active(anon):     308636 kB
Inactive(anon):   397260 kB
Active(file):     472880 kB
Inactive(file):   287012 kB
Unevictable:       20976 kB
Mlocked:           13004 kB
SwapTotal:       1310716 kB
SwapFree:        1118060 kB
Dirty:                 0 kB
Writeback:             0 kB
AnonPages:        707916 kB
Mapped:           283392 kB
Shmem:              1136 kB
Slab:             114116 kB
SReclaimable:      33956 kB
SUnreclaim:        80160 kB
KernelStack:       28544 kB
PageTables:        52332 kB
NFS_Unstable:          0 kB
Bounce:                0 kB
WritebackTmp:          0 kB
CommitLimit:     2684136 kB
Committed_AS:   131344768 kB
VmallocTotal:   251658176 kB
VmallocUsed:      341500 kB
VmallocChunk:   247561408 kB
Time pass: 7 sec

---2015-10-15 22:46:21
MemTotal:        2746844 kB
MemFree:          381336 kB
Buffers:           20056 kB
Cached:           753440 kB
SwapCached:         7680 kB
Active:           781548 kB
Inactive:         684272 kB
Active(anon):     308668 kB
Inactive(anon):   397260 kB
Active(file):     472880 kB
Inactive(file):   287012 kB
Unevictable:       20976 kB
Mlocked:           13004 kB
SwapTotal:       1310716 kB
SwapFree:        1118060 kB
Dirty:                 0 kB
Writeback:             0 kB
AnonPages:        707940 kB
Mapped:           283392 kB
Shmem:              1136 kB
Slab:             114116 kB
SReclaimable:      33956 kB
SUnreclaim:        80160 kB
KernelStack:       28544 kB
PageTables:        52336 kB
NFS_Unstable:          0 kB
Bounce:                0 kB
WritebackTmp:          0 kB
CommitLimit:     2684136 kB
Committed_AS:   131344776 kB
VmallocTotal:   251658176 kB
VmallocUsed:      341500 kB
VmallocChunk:   247561408 kB
Time pass: 10 sec

---2015-10-15 22:46:21
MemTotal:        2746844 kB
MemFree:          381652 kB
Buffers:           20056 kB
Cached:           753440 kB
SwapCached:         7680 kB
Active:           781900 kB
Inactive:         684272 kB
Active(anon):     309020 kB
Inactive(anon):   397260 kB
Active(file):     472880 kB
Inactive(file):   287012 kB
Unevictable:       20976 kB
Mlocked:           13004 kB
SwapTotal:       1310716 kB
SwapFree:        1118060 kB
Dirty:                 0 kB
Writeback:             0 kB
AnonPages:        707840 kB
Mapped:           283476 kB
Shmem:              1136 kB
Slab:             114108 kB
SReclaimable:      33956 kB
SUnreclaim:        80152 kB
KernelStack:       28544 kB
PageTables:        52364 kB
NFS_Unstable:          0 kB
Bounce:                0 kB
WritebackTmp:          0 kB
CommitLimit:     2684136 kB
Committed_AS:   131344768 kB
VmallocTotal:   251658176 kB
VmallocUsed:      341500 kB
VmallocChunk:   247561408 kB
Time pass: 14 sec

---2015-10-15 22:46:21
MemTotal:        2746844 kB
MemFree:          381404 kB
Buffers:           20056 kB
Cached:           753440 kB
SwapCached:         7680 kB
Active:           782236 kB
Inactive:         684272 kB
Active(anon):     309356 kB
Inactive(anon):   397260 kB
Active(file):     472880 kB
Inactive(file):   287012 kB
Unevictable:       20976 kB
Mlocked:           13004 kB
SwapTotal:       1310716 kB
SwapFree:        1118060 kB
Dirty:                 0 kB
Writeback:             0 kB
AnonPages:        707932 kB
Mapped:           283560 kB
Shmem:              1136 kB
Slab:             114108 kB
SReclaimable:      33956 kB
SUnreclaim:        80152 kB
KernelStack:       28544 kB
PageTables:        52376 kB
NFS_Unstable:          0 kB
Bounce:                0 kB
WritebackTmp:          0 kB
CommitLimit:     2684136 kB
Committed_AS:   131344768 kB
VmallocTotal:   251658176 kB
VmallocUsed:      341500 kB
VmallocChunk:   247561408 kB
Time pass: 17 sec

---2015-10-15 22:46:21
MemTotal:        2746844 kB
MemFree:          381428 kB
Buffers:           20056 kB
Cached:           753440 kB
SwapCached:         7680 kB
Active:           781892 kB
Inactive:         684272 kB
Active(anon):     309012 kB
Inactive(anon):   397260 kB
Active(file):     472880 kB
Inactive(file):   287012 kB
Unevictable:       20976 kB
Mlocked:           13004 kB
SwapTotal:       1310716 kB
SwapFree:        1118060 kB
Dirty:                 0 kB
Writeback:             0 kB
AnonPages:        707868 kB
Mapped:           283392 kB
Shmem:              1136 kB
Slab:             114108 kB
SReclaimable:      33956 kB
SUnreclaim:        80152 kB
KernelStack:       28544 kB
PageTables:        52328 kB
NFS_Unstable:          0 kB
Bounce:                0 kB
WritebackTmp:          0 kB
CommitLimit:     2684136 kB
Committed_AS:   131344768 kB
VmallocTotal:   251658176 kB
VmallocUsed:      341500 kB
VmallocChunk:   247561408 kB
Time pass: 21 sec

---2015-10-15 22:46:21
MemTotal:        2746844 kB
MemFree:          379876 kB
Buffers:           20056 kB
Cached:           753440 kB
SwapCached:         7680 kB
Active:           783940 kB
Inactive:         684272 kB
Active(anon):     311060 kB
Inactive(anon):   397260 kB
Active(file):     472880 kB
Inactive(file):   287012 kB
Unevictable:       20976 kB
Mlocked:           13004 kB
SwapTotal:       1310716 kB
SwapFree:        1118060 kB
Dirty:                 0 kB
Writeback:             0 kB
AnonPages:        709976 kB
Mapped:           283392 kB
Shmem:              1136 kB
Slab:             114108 kB
SReclaimable:      33956 kB
SUnreclaim:        80152 kB
KernelStack:       28544 kB
PageTables:        52332 kB
NFS_Unstable:          0 kB
Bounce:                0 kB
WritebackTmp:          0 kB
CommitLimit:     2684136 kB
Committed_AS:   131344816 kB
VmallocTotal:   251658176 kB
VmallocUsed:      341500 kB
VmallocChunk:   247561408 kB
Time pass: 24 sec

---2015-10-15 22:46:21
MemTotal:        2746844 kB
MemFree:          379328 kB
Buffers:           20056 kB
Cached:           753440 kB
SwapCached:         7680 kB
Active:           784100 kB
Inactive:         684272 kB
Active(anon):     311220 kB
Inactive(anon):   397260 kB
Active(file):     472880 kB
Inactive(file):   287012 kB
Unevictable:       20976 kB
Mlocked:           13004 kB
SwapTotal:       1310716 kB
SwapFree:        1118060 kB
Dirty:                 0 kB
Writeback:             0 kB
AnonPages:        710012 kB
Mapped:           283476 kB
Shmem:              1136 kB
Slab:             114108 kB
SReclaimable:      33956 kB
SUnreclaim:        80152 kB
KernelStack:       28544 kB
PageTables:        52364 kB
NFS_Unstable:          0 kB
Bounce:                0 kB
WritebackTmp:          0 kB
CommitLimit:     2684136 kB
Committed_AS:   131344776 kB
VmallocTotal:   251658176 kB
VmallocUsed:      341500 kB
VmallocChunk:   247561408 kB
Time pass: 28 sec

---2015-10-15 22:46:21
MemTotal:        2746844 kB
MemFree:          379236 kB
Buffers:           20056 kB
Cached:           753440 kB
SwapCached:         7680 kB
Active:           783856 kB
Inactive:         684272 kB
Active(anon):     310976 kB
Inactive(anon):   397260 kB
Active(file):     472880 kB
Inactive(file):   287012 kB
Unevictable:       20976 kB
Mlocked:           13004 kB
SwapTotal:       1310716 kB
SwapFree:        1118060 kB
Dirty:                 0 kB
Writeback:             0 kB
AnonPages:        710016 kB
Mapped:           283476 kB
Shmem:              1136 kB
Slab:             114108 kB
SReclaimable:      33956 kB
SUnreclaim:        80152 kB
KernelStack:       28544 kB
PageTables:        52360 kB
NFS_Unstable:          0 kB
Bounce:                0 kB
WritebackTmp:          0 kB
CommitLimit:     2684136 kB
Committed_AS:   131344776 kB
VmallocTotal:   251658176 kB
VmallocUsed:      341500 kB
VmallocChunk:   247561408 kB
Time pass: 32 sec

---2015-10-15 22:46:21
MemTotal:        2746844 kB
MemFree:          379244 kB
Buffers:           20056 kB
Cached:           753440 kB
SwapCached:         7680 kB
Active:           784060 kB
Inactive:         684272 kB
Active(anon):     311180 kB
Inactive(anon):   397260 kB
Active(file):     472880 kB
Inactive(file):   287012 kB
Unevictable:       20976 kB
Mlocked:           13004 kB
SwapTotal:       1310716 kB
SwapFree:        1118060 kB
Dirty:                 0 kB
Writeback:             0 kB
AnonPages:        710164 kB
Mapped:           283476 kB
Shmem:              1136 kB
Slab:             114108 kB
SReclaimable:      33956 kB
SUnreclaim:        80152 kB
KernelStack:       28544 kB
PageTables:        52364 kB
NFS_Unstable:          0 kB
Bounce:                0 kB
WritebackTmp:          0 kB
CommitLimit:     2684136 kB
Committed_AS:   131344768 kB
VmallocTotal:   251658176 kB
VmallocUsed:      341500 kB
VmallocChunk:   247561408 kB
Time pass: 35 sec

---2015-10-15 22:46:21
MemTotal:        2746844 kB
MemFree:          380320 kB
Buffers:           20056 kB
Cached:           753440 kB
SwapCached:         7680 kB
Active:           783164 kB
Inactive:         684272 kB
Active(anon):     310284 kB
Inactive(anon):   397260 kB
Active(file):     472880 kB
Inactive(file):   287012 kB
Unevictable:       20976 kB
Mlocked:           13004 kB
SwapTotal:       1310716 kB
SwapFree:        1118060 kB
Dirty:                 0 kB
Writeback:             0 kB
AnonPages:        709308 kB
Mapped:           283476 kB
Shmem:              1136 kB
Slab:             114108 kB
SReclaimable:      33956 kB
SUnreclaim:        80152 kB
KernelStack:       28544 kB
PageTables:        52364 kB
NFS_Unstable:          0 kB
Bounce:                0 kB
WritebackTmp:          0 kB
CommitLimit:     2684136 kB
Committed_AS:   131344776 kB
VmallocTotal:   251658176 kB
VmallocUsed:      341500 kB
VmallocChunk:   247561408 kB
Time pass: 39 sec

---2015-10-15 22:46:21
MemTotal:        2746844 kB
MemFree:          381364 kB
Buffers:           20056 kB
Cached:           753440 kB
SwapCached:         7680 kB
Active:           782296 kB
Inactive:         684272 kB
Active(anon):     309416 kB
Inactive(anon):   397260 kB
Active(file):     472880 kB
Inactive(file):   287012 kB
Unevictable:       20976 kB
Mlocked:           13004 kB
SwapTotal:       1310716 kB
SwapFree:        1118060 kB
Dirty:                 0 kB
Writeback:             0 kB
AnonPages:        708204 kB
Mapped:           283392 kB
Shmem:              1136 kB
Slab:             114108 kB
SReclaimable:      33956 kB
SUnreclaim:        80152 kB
KernelStack:       28544 kB
PageTables:        52332 kB
NFS_Unstable:          0 kB
Bounce:                0 kB
WritebackTmp:          0 kB
CommitLimit:     2684136 kB
Committed_AS:   131344784 kB
VmallocTotal:   251658176 kB
VmallocUsed:      341500 kB
VmallocChunk:   247561408 kB
Time pass: 42 sec

---2015-10-15 22:46:21
MemTotal:        2746844 kB
MemFree:          380596 kB
Buffers:           20056 kB
Cached:           753440 kB
SwapCached:         7680 kB
Active:           782692 kB
Inactive:         684272 kB
Active(anon):     309812 kB
Inactive(anon):   397260 kB
Active(file):     472880 kB
Inactive(file):   287012 kB
Unevictable:       20976 kB
Mlocked:           13004 kB
SwapTotal:       1310716 kB
SwapFree:        1118060 kB
Dirty:                40 kB
Writeback:             0 kB
AnonPages:        708624 kB
Mapped:           283476 kB
Shmem:              1136 kB
Slab:             114108 kB
SReclaimable:      33956 kB
SUnreclaim:        80152 kB
KernelStack:       28544 kB
PageTables:        52360 kB
NFS_Unstable:          0 kB
Bounce:                0 kB
WritebackTmp:          0 kB
CommitLimit:     2684136 kB
Committed_AS:   131344808 kB
VmallocTotal:   251658176 kB
VmallocUsed:      341500 kB
VmallocChunk:   247561408 kB
Time pass: 46 sec

---2015-10-15 22:46:21
MemTotal:        2746844 kB
MemFree:          380620 kB
Buffers:           20064 kB
Cached:           753440 kB
SwapCached:         7680 kB
Active:           782744 kB
Inactive:         684272 kB
Active(anon):     309864 kB
Inactive(anon):   397260 kB
Active(file):     472880 kB
Inactive(file):   287012 kB
Unevictable:       20976 kB
Mlocked:           13004 kB
SwapTotal:       1310716 kB
SwapFree:        1118060 kB
Dirty:                12 kB
Writeback:             0 kB
AnonPages:        708688 kB
Mapped:           283476 kB
Shmem:              1136 kB
Slab:             114108 kB
SReclaimable:      33956 kB
SUnreclaim:        80152 kB
KernelStack:       28544 kB
PageTables:        52356 kB
NFS_Unstable:          0 kB
Bounce:                0 kB
WritebackTmp:          0 kB
CommitLimit:     2684136 kB
Committed_AS:   131344768 kB
VmallocTotal:   251658176 kB
VmallocUsed:      341500 kB
VmallocChunk:   247561408 kB
Time pass: 49 sec

---2015-10-15 22:46:21
MemTotal:        2746844 kB
MemFree:          380744 kB
Buffers:           20068 kB
Cached:           753440 kB
SwapCached:         7680 kB
Active:           782488 kB
Inactive:         684284 kB
Active(anon):     309608 kB
Inactive(anon):   397260 kB
Active(file):     472880 kB
Inactive(file):   287024 kB
Unevictable:       20976 kB
Mlocked:           13004 kB
SwapTotal:       1310716 kB
SwapFree:        1118060 kB
Dirty:                 0 kB
Writeback:             0 kB
AnonPages:        708808 kB
Mapped:           283392 kB
Shmem:              1136 kB
Slab:             114108 kB
SReclaimable:      33956 kB
SUnreclaim:        80152 kB
KernelStack:       28544 kB
PageTables:        52328 kB
NFS_Unstable:          0 kB
Bounce:                0 kB
WritebackTmp:          0 kB
CommitLimit:     2684136 kB
Committed_AS:   131344768 kB
VmallocTotal:   251658176 kB
VmallocUsed:      341500 kB
VmallocChunk:   247561408 kB
Time pass: 53 sec

---2015-10-15 22:46:21
MemTotal:        2746844 kB
MemFree:          380276 kB
Buffers:           20068 kB
Cached:           753440 kB
SwapCached:         7680 kB
Active:           782752 kB
Inactive:         684284 kB
Active(anon):     309872 kB
Inactive(anon):   397260 kB
Active(file):     472880 kB
Inactive(file):   287024 kB
Unevictable:       20976 kB
Mlocked:           13004 kB
SwapTotal:       1310716 kB
SwapFree:        1118060 kB
Dirty:                 0 kB
Writeback:             0 kB
AnonPages:        708952 kB
Mapped:           283476 kB
Shmem:              1136 kB
Slab:             114108 kB
SReclaimable:      33956 kB
SUnreclaim:        80152 kB
KernelStack:       28544 kB
PageTables:        52356 kB
NFS_Unstable:          0 kB
Bounce:                0 kB
WritebackTmp:          0 kB
CommitLimit:     2684136 kB
Committed_AS:   131344776 kB
VmallocTotal:   251658176 kB
VmallocUsed:      341500 kB
VmallocChunk:   247561408 kB
Time pass: 56 sec

---2015-10-15 22:46:21
MemTotal:        2746844 kB
MemFree:          380768 kB
Buffers:           20068 kB
Cached:           753440 kB
SwapCached:         7680 kB
Active:           782900 kB
Inactive:         684284 kB
Active(anon):     310020 kB
Inactive(anon):   397260 kB
Active(file):     472880 kB
Inactive(file):   287024 kB
Unevictable:       20976 kB
Mlocked:           13004 kB
SwapTotal:       1310716 kB
SwapFree:        1118060 kB
Dirty:                 0 kB
Writeback:             0 kB
AnonPages:        709108 kB
Mapped:           283476 kB
Shmem:              1136 kB
Slab:             114108 kB
SReclaimable:      33956 kB
SUnreclaim:        80152 kB
KernelStack:       28560 kB
PageTables:        52356 kB
NFS_Unstable:          0 kB
Bounce:                0 kB
WritebackTmp:          0 kB
CommitLimit:     2684136 kB
Committed_AS:   131344776 kB
VmallocTotal:   251658176 kB
VmallocUsed:      341500 kB
VmallocChunk:   247561408 kB
Time pass: 60 sec

---2015-10-15 22:46:21
MemTotal:        2746844 kB
MemFree:          380304 kB
Buffers:           20068 kB
Cached:           753440 kB
SwapCached:         7680 kB
Active:           783004 kB
Inactive:         684284 kB
Active(anon):     310124 kB
Inactive(anon):   397260 kB
Active(file):     472880 kB
Inactive(file):   287024 kB
Unevictable:       20976 kB
Mlocked:           13004 kB
SwapTotal:       1310716 kB
SwapFree:        1118060 kB
Dirty:                 0 kB
Writeback:             0 kB
AnonPages:        709184 kB
Mapped:           283392 kB
Shmem:              1136 kB
Slab:             114108 kB
SReclaimable:      33956 kB
SUnreclaim:        80152 kB
KernelStack:       28560 kB
PageTables:        52332 kB
NFS_Unstable:          0 kB
Bounce:                0 kB
WritebackTmp:          0 kB
CommitLimit:     2684136 kB
Committed_AS:   131344768 kB
VmallocTotal:   251658176 kB
VmallocUsed:      341500 kB
VmallocChunk:   247561408 kB
Time pass: 63 sec

---2015-10-15 22:46:21
MemTotal:        2746844 kB
MemFree:          380368 kB
Buffers:           20068 kB
Cached:           753440 kB
SwapCached:         7680 kB
Active:           783268 kB
Inactive:         684284 kB
Active(anon):     310388 kB
Inactive(anon):   397260 kB
Active(file):     472880 kB
Inactive(file):   287024 kB
Unevictable:       20976 kB
Mlocked:           13004 kB
SwapTotal:       1310716 kB
SwapFree:        1118060 kB
Dirty:                 0 kB
Writeback:             0 kB
AnonPages:        709168 kB
Mapped:           283476 kB
Shmem:              1136 kB
Slab:             114076 kB
SReclaimable:      33956 kB
SUnreclaim:        80120 kB
KernelStack:       28560 kB
PageTables:        52360 kB
NFS_Unstable:          0 kB
Bounce:                0 kB
WritebackTmp:          0 kB
CommitLimit:     2684136 kB
Committed_AS:   131344768 kB
VmallocTotal:   251658176 kB
VmallocUsed:      341500 kB
VmallocChunk:   247561408 kB
Time pass: 67 sec

---2015-10-15 22:46:21
MemTotal:        2746844 kB
MemFree:          380008 kB
Buffers:           20068 kB
Cached:           753440 kB
SwapCached:         7680 kB
Active:           783736 kB
Inactive:         684284 kB
Active(anon):     310856 kB
Inactive(anon):   397260 kB
Active(file):     472880 kB
Inactive(file):   287024 kB
Unevictable:       20976 kB
Mlocked:           13004 kB
SwapTotal:       1310716 kB
SwapFree:        1118060 kB
Dirty:                 0 kB
Writeback:             0 kB
AnonPages:        709692 kB
Mapped:           283560 kB
Shmem:              1136 kB
Slab:             114076 kB
SReclaimable:      33956 kB
SUnreclaim:        80120 kB
KernelStack:       28576 kB
PageTables:        52396 kB
NFS_Unstable:          0 kB
Bounce:                0 kB
WritebackTmp:          0 kB
CommitLimit:     2684136 kB
Committed_AS:   131344776 kB
VmallocTotal:   251658176 kB
VmallocUsed:      341500 kB
VmallocChunk:   247561408 kB
Time pass: 71 sec

---2015-10-15 22:46:21
MemTotal:        2746844 kB
MemFree:          374940 kB
Buffers:           20068 kB
Cached:           753440 kB
SwapCached:         7680 kB
Active:           788952 kB
Inactive:         684268 kB
Active(anon):     316072 kB
Inactive(anon):   397244 kB
Active(file):     472880 kB
Inactive(file):   287024 kB
Unevictable:       20976 kB
Mlocked:           13004 kB
SwapTotal:       1310716 kB
SwapFree:        1118060 kB
Dirty:                 0 kB
Writeback:             0 kB
AnonPages:        715312 kB
Mapped:           284472 kB
Shmem:              1136 kB
Slab:             114076 kB
SReclaimable:      33956 kB
SUnreclaim:        80120 kB
KernelStack:       28576 kB
PageTables:        52624 kB
NFS_Unstable:          0 kB
Bounce:                0 kB
WritebackTmp:          0 kB
CommitLimit:     2684136 kB
Committed_AS:   135121148 kB
VmallocTotal:   251658176 kB
VmallocUsed:      346616 kB
VmallocChunk:   247561408 kB
Time pass: 74 sec

---2015-10-15 22:46:21
MemTotal:        2746844 kB
MemFree:          175764 kB
Buffers:           20172 kB
Cached:           753784 kB
SwapCached:         7680 kB
Active:           870884 kB
Inactive:         681616 kB
Active(anon):     401680 kB
Inactive(anon):   397392 kB
Active(file):     469204 kB
Inactive(file):   284224 kB
Unevictable:       35692 kB
Mlocked:           27720 kB
SwapTotal:       1310716 kB
SwapFree:        1118060 kB
Dirty:              2248 kB
Writeback:             0 kB
AnonPages:        809264 kB
Mapped:           345956 kB
Shmem:              1488 kB
Slab:             114456 kB
SReclaimable:      33956 kB
SUnreclaim:        80500 kB
KernelStack:       32544 kB
PageTables:        56640 kB
NFS_Unstable:          0 kB
Bounce:                0 kB
WritebackTmp:          0 kB
CommitLimit:     2684136 kB
Committed_AS:   140584844 kB
VmallocTotal:   251658176 kB
VmallocUsed:      355016 kB
VmallocChunk:   247561408 kB
Time pass: 77 sec

---2015-10-15 22:46:21
MemTotal:        2746844 kB
MemFree:          182740 kB
Buffers:           20216 kB
Cached:           753380 kB
SwapCached:         7680 kB
Active:           866160 kB
Inactive:         678760 kB
Active(anon):     394548 kB
Inactive(anon):   397152 kB
Active(file):     471612 kB
Inactive(file):   281608 kB
Unevictable:       35692 kB
Mlocked:           27720 kB
SwapTotal:       1310716 kB
SwapFree:        1118060 kB
Dirty:               840 kB
Writeback:             0 kB
AnonPages:        801508 kB
Mapped:           357376 kB
Shmem:              1388 kB
Slab:             114196 kB
SReclaimable:      33956 kB
SUnreclaim:        80240 kB
KernelStack:       32736 kB
PageTables:        56068 kB
NFS_Unstable:          0 kB
Bounce:                0 kB
WritebackTmp:          0 kB
CommitLimit:     2684136 kB
Committed_AS:   137195884 kB
VmallocTotal:   251658176 kB
VmallocUsed:      351956 kB
VmallocChunk:   247561408 kB
Time pass: 81 sec

---2015-10-15 22:46:21
MemTotal:        2746844 kB
MemFree:          182356 kB
Buffers:           20224 kB
Cached:           754140 kB
SwapCached:         7680 kB
Active:           855556 kB
Inactive:         678900 kB
Active(anon):     383932 kB
Inactive(anon):   396644 kB
Active(file):     471624 kB
Inactive(file):   282256 kB
Unevictable:       35692 kB
Mlocked:           27720 kB
SwapTotal:       1310716 kB
SwapFree:        1118060 kB
Dirty:               256 kB
Writeback:             0 kB
AnonPages:        791300 kB
Mapped:           362132 kB
Shmem:              1268 kB
Slab:             114196 kB
SReclaimable:      33960 kB
SUnreclaim:        80236 kB
KernelStack:       32864 kB
PageTables:        56296 kB
NFS_Unstable:          0 kB
Bounce:                0 kB
WritebackTmp:          0 kB
CommitLimit:     2684136 kB
Committed_AS:   137131248 kB
VmallocTotal:   251658176 kB
VmallocUsed:      352028 kB
VmallocChunk:   247561408 kB
Time pass: 84 sec

---2015-10-15 22:46:21
MemTotal:        2746844 kB
MemFree:          117324 kB
Buffers:           20240 kB
Cached:           754852 kB
SwapCached:         7680 kB
Active:           857796 kB
Inactive:         679416 kB
Active(anon):     385744 kB
Inactive(anon):   396632 kB
Active(file):     472052 kB
Inactive(file):   282784 kB
Unevictable:       35692 kB
Mlocked:           27720 kB
SwapTotal:       1310716 kB
SwapFree:        1118060 kB
Dirty:              4740 kB
Writeback:             0 kB
AnonPages:        792136 kB
Mapped:           362872 kB
Shmem:              1268 kB
Slab:             114216 kB
SReclaimable:      33980 kB
SUnreclaim:        80236 kB
KernelStack:       33104 kB
PageTables:        56848 kB
NFS_Unstable:          0 kB
Bounce:                0 kB
WritebackTmp:          0 kB
CommitLimit:     2684136 kB
Committed_AS:   138945924 kB
VmallocTotal:   251658176 kB
VmallocUsed:      355328 kB
VmallocChunk:   247561408 kB
Time pass: 88 sec

---2015-10-15 22:46:21
MemTotal:        2746844 kB
MemFree:          116348 kB
Buffers:           20248 kB
Cached:           754852 kB
SwapCached:         7680 kB
Active:           858080 kB
Inactive:         679340 kB
Active(anon):     385944 kB
Inactive(anon):   396632 kB
Active(file):     472136 kB
Inactive(file):   282708 kB
Unevictable:       35692 kB
Mlocked:           27720 kB
SwapTotal:       1310716 kB
SwapFree:        1118060 kB
Dirty:                 0 kB
Writeback:             0 kB
AnonPages:        792348 kB
Mapped:           362924 kB
Shmem:              1268 kB
Slab:             114256 kB
SReclaimable:      33980 kB
SUnreclaim:        80276 kB
KernelStack:       33088 kB
PageTables:        56824 kB
NFS_Unstable:          0 kB
Bounce:                0 kB
WritebackTmp:          0 kB
CommitLimit:     2684136 kB
Committed_AS:   138945964 kB
VmallocTotal:   251658176 kB
VmallocUsed:      355328 kB
VmallocChunk:   247561408 kB
Time pass: 91 sec

---2015-10-15 22:46:21
MemTotal:        2746844 kB
MemFree:          115616 kB
Buffers:           20248 kB
Cached:           754852 kB
SwapCached:         7680 kB
Active:           858284 kB
Inactive:         679340 kB
Active(anon):     386148 kB
Inactive(anon):   396632 kB
Active(file):     472136 kB
Inactive(file):   282708 kB
Unevictable:       35692 kB
Mlocked:           27720 kB
SwapTotal:       1310716 kB
SwapFree:        1118060 kB
Dirty:                92 kB
Writeback:             0 kB
AnonPages:        792584 kB
Mapped:           363012 kB
Shmem:              1268 kB
Slab:             114252 kB
SReclaimable:      33980 kB
SUnreclaim:        80272 kB
KernelStack:       33088 kB
PageTables:        56880 kB
NFS_Unstable:          0 kB
Bounce:                0 kB
WritebackTmp:          0 kB
CommitLimit:     2684136 kB
Committed_AS:   138946084 kB
VmallocTotal:   251658176 kB
VmallocUsed:      355328 kB
VmallocChunk:   247561408 kB
Time pass: 95 sec

---2015-10-15 22:46:21
MemTotal:        2746844 kB
MemFree:          114512 kB
Buffers:           20248 kB
Cached:           754852 kB
SwapCached:         7680 kB
Active:           858996 kB
Inactive:         679328 kB
Active(anon):     386860 kB
Inactive(anon):   396620 kB
Active(file):     472136 kB
Inactive(file):   282708 kB
Unevictable:       35692 kB
Mlocked:           27720 kB
SwapTotal:       1310716 kB
SwapFree:        1118060 kB
Dirty:                 0 kB
Writeback:             0 kB
AnonPages:        793272 kB
Mapped:           363112 kB
Shmem:              1268 kB
Slab:             114252 kB
SReclaimable:      33980 kB
SUnreclaim:        80272 kB
KernelStack:       33104 kB
PageTables:        56896 kB
NFS_Unstable:          0 kB
Bounce:                0 kB
WritebackTmp:          0 kB
CommitLimit:     2684136 kB
Committed_AS:   138946096 kB
VmallocTotal:   251658176 kB
VmallocUsed:      355328 kB
VmallocChunk:   247561408 kB
Time pass: 98 sec

---2015-10-15 22:46:21
MemTotal:        2746844 kB
MemFree:          113580 kB
Buffers:           20248 kB
Cached:           754852 kB
SwapCached:         7680 kB
Active:           859232 kB
Inactive:         679328 kB
Active(anon):     387096 kB
Inactive(anon):   396620 kB
Active(file):     472136 kB
Inactive(file):   282708 kB
Unevictable:       35692 kB
Mlocked:           27720 kB
SwapTotal:       1310716 kB
SwapFree:        1118060 kB
Dirty:                 0 kB
Writeback:             0 kB
AnonPages:        793468 kB
Mapped:           363196 kB
Shmem:              1268 kB
Slab:             114248 kB
SReclaimable:      33980 kB
SUnreclaim:        80268 kB
KernelStack:       33104 kB
PageTables:        56924 kB
NFS_Unstable:          0 kB
Bounce:                0 kB
WritebackTmp:          0 kB
CommitLimit:     2684136 kB
Committed_AS:   138946120 kB
VmallocTotal:   251658176 kB
VmallocUsed:      355328 kB
VmallocChunk:   247561408 kB
Time pass: 102 sec

---2015-10-15 22:46:21
MemTotal:        2746844 kB
MemFree:          115540 kB
Buffers:           20248 kB
Cached:           754852 kB
SwapCached:         7680 kB
Active:           859104 kB
Inactive:         679300 kB
Active(anon):     386944 kB
Inactive(anon):   396616 kB
Active(file):     472160 kB
Inactive(file):   282684 kB
Unevictable:       35692 kB
Mlocked:           27720 kB
SwapTotal:       1310716 kB
SwapFree:        1118060 kB
Dirty:                40 kB
Writeback:             0 kB
AnonPages:        793336 kB
Mapped:           363012 kB
Shmem:              1268 kB
Slab:             114248 kB
SReclaimable:      33980 kB
SUnreclaim:        80268 kB
KernelStack:       33056 kB
PageTables:        56856 kB
NFS_Unstable:          0 kB
Bounce:                0 kB
WritebackTmp:          0 kB
CommitLimit:     2684136 kB
Committed_AS:   138945712 kB
VmallocTotal:   251658176 kB
VmallocUsed:      355328 kB
VmallocChunk:   247561408 kB
Time pass: 105 sec

---2015-10-15 22:46:21
MemTotal:        2746844 kB
MemFree:          105016 kB
Buffers:           20256 kB
Cached:           754856 kB
SwapCached:         7680 kB
Active:           861708 kB
Inactive:         679304 kB
Active(anon):     389544 kB
Inactive(anon):   396612 kB
Active(file):     472164 kB
Inactive(file):   282692 kB
Unevictable:       35692 kB
Mlocked:           27720 kB
SwapTotal:       1310716 kB
SwapFree:        1118060 kB
Dirty:                20 kB
Writeback:             0 kB
AnonPages:        796048 kB
Mapped:           363008 kB
Shmem:              1268 kB
Slab:             114248 kB
SReclaimable:      33980 kB
SUnreclaim:        80268 kB
KernelStack:       33072 kB
PageTables:        56848 kB
NFS_Unstable:          0 kB
Bounce:                0 kB
WritebackTmp:          0 kB
CommitLimit:     2684136 kB
Committed_AS:   138945960 kB
VmallocTotal:   251658176 kB
VmallocUsed:      355328 kB
VmallocChunk:   247561408 kB
Time pass: 109 sec

---2015-10-15 22:46:21
MemTotal:        2746844 kB
MemFree:          105548 kB
Buffers:           20264 kB
Cached:           754856 kB
SwapCached:         7680 kB
Active:           862016 kB
Inactive:         679304 kB
Active(anon):     389852 kB
Inactive(anon):   396612 kB
Active(file):     472164 kB
Inactive(file):   282692 kB
Unevictable:       35692 kB
Mlocked:           27720 kB
SwapTotal:       1310716 kB
SwapFree:        1118060 kB
Dirty:                12 kB
Writeback:             0 kB
AnonPages:        795880 kB
Mapped:           363092 kB
Shmem:              1268 kB
Slab:             114256 kB
SReclaimable:      33980 kB
SUnreclaim:        80276 kB
KernelStack:       33072 kB
PageTables:        56880 kB
NFS_Unstable:          0 kB
Bounce:                0 kB
WritebackTmp:          0 kB
CommitLimit:     2684136 kB
Committed_AS:   138945968 kB
VmallocTotal:   251658176 kB
VmallocUsed:      355328 kB
VmallocChunk:   247561408 kB
Time pass: 112 sec

---2015-10-15 22:46:21
MemTotal:        2746844 kB
MemFree:           79076 kB
Buffers:           20264 kB
Cached:           754864 kB
SwapCached:         7680 kB
Active:           867140 kB
Inactive:         679308 kB
Active(anon):     394964 kB
Inactive(anon):   396612 kB
Active(file):     472176 kB
Inactive(file):   282696 kB
Unevictable:       35692 kB
Mlocked:           27720 kB
SwapTotal:       1310716 kB
SwapFree:        1118060 kB
Dirty:               492 kB
Writeback:             0 kB
AnonPages:        802044 kB
Mapped:           363400 kB
Shmem:              1268 kB
Slab:             114256 kB
SReclaimable:      33980 kB
SUnreclaim:        80276 kB
KernelStack:       33072 kB
PageTables:        56852 kB
NFS_Unstable:          0 kB
Bounce:                0 kB
WritebackTmp:          0 kB
CommitLimit:     2684136 kB
Committed_AS:   138946040 kB
VmallocTotal:   251658176 kB
VmallocUsed:      356144 kB
VmallocChunk:   247561408 kB
Time pass: 116 sec

---2015-10-15 22:46:21
MemTotal:        2746844 kB
MemFree:           65064 kB
Buffers:           20288 kB
Cached:           755032 kB
SwapCached:         7680 kB
Active:           879072 kB
Inactive:         679448 kB
Active(anon):     406888 kB
Inactive(anon):   396732 kB
Active(file):     472184 kB
Inactive(file):   282716 kB
Unevictable:       35692 kB
Mlocked:           27720 kB
SwapTotal:       1310716 kB
SwapFree:        1118060 kB
Dirty:                84 kB
Writeback:             0 kB
AnonPages:        813552 kB
Mapped:           366516 kB
Shmem:              1432 kB
Slab:             114260 kB
SReclaimable:      33980 kB
SUnreclaim:        80280 kB
KernelStack:       33536 kB
PageTables:        56984 kB
NFS_Unstable:          0 kB
Bounce:                0 kB
WritebackTmp:          0 kB
CommitLimit:     2684136 kB
Committed_AS:   138962256 kB
VmallocTotal:   251658176 kB
VmallocUsed:      358224 kB
VmallocChunk:   247561408 kB
Time pass: 120 sec

---2015-10-15 22:46:21
MemTotal:        2746844 kB
MemFree:           67180 kB
Buffers:           20304 kB
Cached:           751796 kB
SwapCached:         7724 kB
Active:           859896 kB
Inactive:         695756 kB
Active(anon):     393828 kB
Inactive(anon):   411032 kB
Active(file):     466068 kB
Inactive(file):   284724 kB
Unevictable:       35692 kB
Mlocked:           27720 kB
SwapTotal:       1310716 kB
SwapFree:        1113112 kB
Dirty:                84 kB
Writeback:             0 kB
AnonPages:        814952 kB
Mapped:           371808 kB
Shmem:              1528 kB
Slab:             114308 kB
SReclaimable:      33980 kB
SUnreclaim:        80328 kB
KernelStack:       33552 kB
PageTables:        57288 kB
NFS_Unstable:          0 kB
Bounce:                0 kB
WritebackTmp:          0 kB
CommitLimit:     2684136 kB
Committed_AS:   140227736 kB
VmallocTotal:   251658176 kB
VmallocUsed:      359244 kB
VmallocChunk:   247561408 kB
Time pass: 123 sec

---2015-10-15 22:46:21
MemTotal:        2746844 kB
MemFree:           68732 kB
Buffers:           20300 kB
Cached:           746380 kB
SwapCached:         7960 kB
Active:           851960 kB
Inactive:         701896 kB
Active(anon):     394684 kB
Inactive(anon):   413072 kB
Active(file):     457276 kB
Inactive(file):   288824 kB
Unevictable:       35692 kB
Mlocked:           27720 kB
SwapTotal:       1310716 kB
SwapFree:        1106784 kB
Dirty:                36 kB
Writeback:             0 kB
AnonPages:        817300 kB
Mapped:           374024 kB
Shmem:              1592 kB
Slab:             114576 kB
SReclaimable:      33996 kB
SUnreclaim:        80580 kB
KernelStack:       34240 kB
PageTables:        57620 kB
NFS_Unstable:          0 kB
Bounce:                0 kB
WritebackTmp:          0 kB
CommitLimit:     2684136 kB
Committed_AS:   140229120 kB
VmallocTotal:   251658176 kB
VmallocUsed:      367436 kB
VmallocChunk:   247561408 kB
Time pass: 126 sec

---2015-10-15 22:46:21
MemTotal:        2746844 kB
MemFree:          350536 kB
Buffers:           20292 kB
Cached:           745052 kB
SwapCached:         7960 kB
Active:           777340 kB
Inactive:         695132 kB
Active(anon):     315008 kB
Inactive(anon):   412496 kB
Active(file):     462332 kB
Inactive(file):   282636 kB
Unevictable:       35692 kB
Mlocked:           27720 kB
SwapTotal:       1310716 kB
SwapFree:        1105528 kB
Dirty:                88 kB
Writeback:             0 kB
AnonPages:        737068 kB
Mapped:           325472 kB
Shmem:              1388 kB
Slab:             114576 kB
SReclaimable:      33996 kB
SUnreclaim:        80580 kB
KernelStack:       31520 kB
PageTables:        55600 kB
NFS_Unstable:          0 kB
Bounce:                0 kB
WritebackTmp:          0 kB
CommitLimit:     2684136 kB
Committed_AS:   138146028 kB
VmallocTotal:   251658176 kB
VmallocUsed:      359228 kB
VmallocChunk:   247561408 kB
Time pass: 130 sec

---2015-10-15 22:46:21
MemTotal:        2746844 kB
MemFree:          343848 kB
Buffers:           20300 kB
Cached:           745056 kB
SwapCached:         7960 kB
Active:           783332 kB
Inactive:         695028 kB
Active(anon):     321000 kB
Inactive(anon):   412384 kB
Active(file):     462332 kB
Inactive(file):   282644 kB
Unevictable:       35692 kB
Mlocked:           27720 kB
SwapTotal:       1310716 kB
SwapFree:        1105528 kB
Dirty:                64 kB
Writeback:             0 kB
AnonPages:        742800 kB
Mapped:           326424 kB
Shmem:              1392 kB
Slab:             114536 kB
SReclaimable:      33996 kB
SUnreclaim:        80540 kB
KernelStack:       31408 kB
PageTables:        56188 kB
NFS_Unstable:          0 kB
Bounce:                0 kB
WritebackTmp:          0 kB
CommitLimit:     2684136 kB
Committed_AS:   139939704 kB
VmallocTotal:   251658176 kB
VmallocUsed:      360248 kB
VmallocChunk:   247561408 kB
Time pass: 134 sec

---2015-10-15 22:46:21
MemTotal:        2746844 kB
MemFree:          351660 kB
Buffers:           20300 kB
Cached:           745056 kB
SwapCached:         7960 kB
Active:           775440 kB
Inactive:         695008 kB
Active(anon):     313108 kB
Inactive(anon):   412364 kB
Active(file):     462332 kB
Inactive(file):   282644 kB
Unevictable:       35692 kB
Mlocked:           27720 kB
SwapTotal:       1310716 kB
SwapFree:        1105528 kB
Dirty:                64 kB
Writeback:             0 kB
AnonPages:        735004 kB
Mapped:           326444 kB
Shmem:              1392 kB
Slab:             114536 kB
SReclaimable:      33996 kB
SUnreclaim:        80540 kB
KernelStack:       31392 kB
PageTables:        56308 kB
NFS_Unstable:          0 kB
Bounce:                0 kB
WritebackTmp:          0 kB
CommitLimit:     2684136 kB
Committed_AS:   139940728 kB
VmallocTotal:   251658176 kB
VmallocUsed:      360248 kB
VmallocChunk:   247561408 kB
Time pass: 137 sec

---2015-10-15 22:46:21
MemTotal:        2746844 kB
MemFree:          280840 kB
Buffers:           20348 kB
Cached:           744932 kB
SwapCached:         7960 kB
Active:           806724 kB
Inactive:         694800 kB
Active(anon):     344336 kB
Inactive(anon):   412160 kB
Active(file):     462388 kB
Inactive(file):   282640 kB
Unevictable:       35692 kB
Mlocked:           27720 kB
SwapTotal:       1310716 kB
SwapFree:        1105528 kB
Dirty:               936 kB
Writeback:             0 kB
AnonPages:        766448 kB
Mapped:           356640 kB
Shmem:              1264 kB
Slab:             114532 kB
SReclaimable:      33996 kB
SUnreclaim:        80536 kB
KernelStack:       32544 kB
PageTables:        57300 kB
NFS_Unstable:          0 kB
Bounce:                0 kB
WritebackTmp:          0 kB
CommitLimit:     2684136 kB
Committed_AS:   141263640 kB
VmallocTotal:   251658176 kB
VmallocUsed:      361816 kB
VmallocChunk:   247561408 kB
Time pass: 141 sec

---2015-10-15 22:46:21
MemTotal:        2746844 kB
MemFree:          227092 kB
Buffers:           20356 kB
Cached:           744900 kB
SwapCached:         7960 kB
Active:           803416 kB
Inactive:         694732 kB
Active(anon):     341060 kB
Inactive(anon):   412140 kB
Active(file):     462356 kB
Inactive(file):   282592 kB
Unevictable:       35692 kB
Mlocked:           27720 kB
SwapTotal:       1310716 kB
SwapFree:        1105528 kB
Dirty:                56 kB
Writeback:             0 kB
AnonPages:        762480 kB
Mapped:           357996 kB
Shmem:              1264 kB
Slab:             114544 kB
SReclaimable:      33996 kB
SUnreclaim:        80548 kB
KernelStack:       32592 kB
PageTables:        57416 kB
NFS_Unstable:          0 kB
Bounce:                0 kB
WritebackTmp:          0 kB
CommitLimit:     2684136 kB
Committed_AS:   141271752 kB
VmallocTotal:   251658176 kB
VmallocUsed:      362216 kB
VmallocChunk:   247561408 kB
Time pass: 144 sec

---2015-10-15 22:46:21
MemTotal:        2746844 kB
MemFree:          224808 kB
Buffers:           20356 kB
Cached:           745000 kB
SwapCached:         7960 kB
Active:           805336 kB
Inactive:         694836 kB
Active(anon):     342956 kB
Inactive(anon):   412124 kB
Active(file):     462380 kB
Inactive(file):   282712 kB
Unevictable:       35692 kB
Mlocked:           27720 kB
SwapTotal:       1310716 kB
SwapFree:        1105528 kB
Dirty:               232 kB
Writeback:             0 kB
AnonPages:        764928 kB
Mapped:           359796 kB
Shmem:              1268 kB
Slab:             114536 kB
SReclaimable:      33996 kB
SUnreclaim:        80540 kB
KernelStack:       32736 kB
PageTables:        57500 kB
NFS_Unstable:          0 kB
Bounce:                0 kB
WritebackTmp:          0 kB
CommitLimit:     2684136 kB
Committed_AS:   141269132 kB
VmallocTotal:   251658176 kB
VmallocUsed:      362252 kB
VmallocChunk:   247561408 kB
Time pass: 147 sec

---2015-10-15 22:46:21
MemTotal:        2746844 kB
MemFree:          157444 kB
Buffers:           20372 kB
Cached:           745224 kB
SwapCached:         7960 kB
Active:           807544 kB
Inactive:         695040 kB
Active(anon):     345120 kB
Inactive(anon):   412124 kB
Active(file):     462424 kB
Inactive(file):   282916 kB
Unevictable:       35692 kB
Mlocked:           27720 kB
SwapTotal:       1310716 kB
SwapFree:        1105528 kB
Dirty:              2720 kB
Writeback:             0 kB
AnonPages:        767064 kB
Mapped:           359048 kB
Shmem:              1268 kB
Slab:             114528 kB
SReclaimable:      33996 kB
SUnreclaim:        80532 kB
KernelStack:       32608 kB
PageTables:        56824 kB
NFS_Unstable:          0 kB
Bounce:                0 kB
WritebackTmp:          0 kB
CommitLimit:     2684136 kB
Committed_AS:   139491892 kB
VmallocTotal:   251658176 kB
VmallocUsed:      363240 kB
VmallocChunk:   247561408 kB
Time pass: 151 sec

---2015-10-15 22:46:21
MemTotal:        2746844 kB
MemFree:          157016 kB
Buffers:           20372 kB
Cached:           745224 kB
SwapCached:         7960 kB
Active:           808056 kB
Inactive:         695036 kB
Active(anon):     345632 kB
Inactive(anon):   412120 kB
Active(file):     462424 kB
Inactive(file):   282916 kB
Unevictable:       35692 kB
Mlocked:           27720 kB
SwapTotal:       1310716 kB
SwapFree:        1105528 kB
Dirty:                 0 kB
Writeback:             0 kB
AnonPages:        767336 kB
Mapped:           359140 kB
Shmem:              1268 kB
Slab:             114540 kB
SReclaimable:      33996 kB
SUnreclaim:        80544 kB
KernelStack:       32592 kB
PageTables:        56840 kB
NFS_Unstable:          0 kB
Bounce:                0 kB
WritebackTmp:          0 kB
CommitLimit:     2684136 kB
Committed_AS:   139491836 kB
VmallocTotal:   251658176 kB
VmallocUsed:      363240 kB
VmallocChunk:   247561408 kB
Time pass: 154 sec

---2015-10-15 22:46:21
MemTotal:        2746844 kB
MemFree:          156932 kB
Buffers:           20380 kB
Cached:           745232 kB
SwapCached:         7960 kB
Active:           808220 kB
Inactive:         695032 kB
Active(anon):     345796 kB
Inactive(anon):   412116 kB
Active(file):     462424 kB
Inactive(file):   282916 kB
Unevictable:       35692 kB
Mlocked:           27720 kB
SwapTotal:       1310716 kB
SwapFree:        1105528 kB
Dirty:                68 kB
Writeback:             0 kB
AnonPages:        767152 kB
Mapped:           359164 kB
Shmem:              1268 kB
Slab:             114500 kB
SReclaimable:      33996 kB
SUnreclaim:        80504 kB
KernelStack:       32560 kB
PageTables:        56848 kB
NFS_Unstable:          0 kB
Bounce:                0 kB
WritebackTmp:          0 kB
CommitLimit:     2684136 kB
Committed_AS:   139491884 kB
VmallocTotal:   251658176 kB
VmallocUsed:      363240 kB
VmallocChunk:   247561408 kB
Time pass: 158 sec

---2015-10-15 22:46:21
MemTotal:        2746844 kB
MemFree:          152560 kB
Buffers:           20380 kB
Cached:           745232 kB
SwapCached:         7960 kB
Active:           810980 kB
Inactive:         695040 kB
Active(anon):     348556 kB
Inactive(anon):   412116 kB
Active(file):     462424 kB
Inactive(file):   282924 kB
Unevictable:       35692 kB
Mlocked:           27720 kB
SwapTotal:       1310716 kB
SwapFree:        1105528 kB
Dirty:                 4 kB
Writeback:             0 kB
AnonPages:        770108 kB
Mapped:           359296 kB
Shmem:              1268 kB
Slab:             114500 kB
SReclaimable:      33996 kB
SUnreclaim:        80504 kB
KernelStack:       32560 kB
PageTables:        56832 kB
NFS_Unstable:          0 kB
Bounce:                0 kB
WritebackTmp:          0 kB
CommitLimit:     2684136 kB
Committed_AS:   139491884 kB
VmallocTotal:   251658176 kB
VmallocUsed:      363240 kB
VmallocChunk:   247561408 kB
Time pass: 161 sec

---2015-10-15 22:46:21
MemTotal:        2746844 kB
MemFree:          128572 kB
Buffers:           20388 kB
Cached:           745232 kB
SwapCached:         7960 kB
Active:           816176 kB
Inactive:         695056 kB
Active(anon):     353752 kB
Inactive(anon):   412116 kB
Active(file):     462424 kB
Inactive(file):   282940 kB
Unevictable:       35692 kB
Mlocked:           27720 kB
SwapTotal:       1310716 kB
SwapFree:        1105528 kB
Dirty:               360 kB
Writeback:             0 kB
AnonPages:        775552 kB
Mapped:           359272 kB
Shmem:              1268 kB
Slab:             114500 kB
SReclaimable:      33996 kB
SUnreclaim:        80504 kB
KernelStack:       32560 kB
PageTables:        56824 kB
NFS_Unstable:          0 kB
Bounce:                0 kB
WritebackTmp:          0 kB
CommitLimit:     2684136 kB
Committed_AS:   139492216 kB
VmallocTotal:   251658176 kB
VmallocUsed:      363264 kB
VmallocChunk:   247561408 kB
Time pass: 165 sec

---2015-10-15 22:46:21
MemTotal:        2746844 kB
MemFree:          126084 kB
Buffers:           20388 kB
Cached:           745240 kB
SwapCached:         7960 kB
Active:           817288 kB
Inactive:         695060 kB
Active(anon):     354860 kB
Inactive(anon):   412116 kB
Active(file):     462428 kB
Inactive(file):   282944 kB
Unevictable:       35692 kB
Mlocked:           27720 kB
SwapTotal:       1310716 kB
SwapFree:        1105528 kB
Dirty:               460 kB
Writeback:             0 kB
AnonPages:        776696 kB
Mapped:           359440 kB
Shmem:              1268 kB
Slab:             114500 kB
SReclaimable:      33996 kB
SUnreclaim:        80504 kB
KernelStack:       32592 kB
PageTables:        56872 kB
NFS_Unstable:          0 kB
Bounce:                0 kB
WritebackTmp:          0 kB
CommitLimit:     2684136 kB
Committed_AS:   139492292 kB
VmallocTotal:   251658176 kB
VmallocUsed:      363264 kB
VmallocChunk:   247561408 kB
Time pass: 168 sec

---2015-10-15 22:46:21
MemTotal:        2746844 kB
MemFree:          109436 kB
Buffers:           20428 kB
Cached:           745420 kB
SwapCached:         7960 kB
Active:           831840 kB
Inactive:         695268 kB
Active(anon):     369404 kB
Inactive(anon):   412284 kB
Active(file):     462436 kB
Inactive(file):   282984 kB
Unevictable:       35692 kB
Mlocked:           27720 kB
SwapTotal:       1310716 kB
SwapFree:        1105528 kB
Dirty:                68 kB
Writeback:             0 kB
AnonPages:        791124 kB
Mapped:           363036 kB
Shmem:              1440 kB
Slab:             114520 kB
SReclaimable:      34000 kB
SUnreclaim:        80520 kB
KernelStack:       33040 kB
PageTables:        56948 kB
NFS_Unstable:          0 kB
Bounce:                0 kB
WritebackTmp:          0 kB
CommitLimit:     2684136 kB
Committed_AS:   139508272 kB
VmallocTotal:   251658176 kB
VmallocUsed:      365344 kB
VmallocChunk:   247561408 kB
Time pass: 172 sec

---2015-10-15 22:46:21
MemTotal:        2746844 kB
MemFree:           98956 kB
Buffers:           20428 kB
Cached:           745568 kB
SwapCached:         7960 kB
Active:           844136 kB
Inactive:         695408 kB
Active(anon):     381692 kB
Inactive(anon):   412436 kB
Active(file):     462444 kB
Inactive(file):   282972 kB
Unevictable:       35692 kB
Mlocked:           27720 kB
SwapTotal:       1310716 kB
SwapFree:        1105528 kB
Dirty:                16 kB
Writeback:             0 kB
AnonPages:        803612 kB
Mapped:           370588 kB
Shmem:              1592 kB
Slab:             114616 kB
SReclaimable:      34000 kB
SUnreclaim:        80616 kB
KernelStack:       33664 kB
PageTables:        57532 kB
NFS_Unstable:          0 kB
Bounce:                0 kB
WritebackTmp:          0 kB
CommitLimit:     2684136 kB
Committed_AS:   140771088 kB
VmallocTotal:   251658176 kB
VmallocUsed:      362268 kB
VmallocChunk:   247561408 kB
Time pass: 176 sec

---2015-10-15 22:46:21
MemTotal:        2746844 kB
MemFree:           96284 kB
Buffers:           20436 kB
Cached:           745576 kB
SwapCached:         7960 kB
Active:           845484 kB
Inactive:         695424 kB
Active(anon):     383044 kB
Inactive(anon):   412436 kB
Active(file):     462440 kB
Inactive(file):   282988 kB
Unevictable:       35692 kB
Mlocked:           27720 kB
SwapTotal:       1310716 kB
SwapFree:        1105528 kB
Dirty:               108 kB
Writeback:             0 kB
AnonPages:        804940 kB
Mapped:           371032 kB
Shmem:              1596 kB
Slab:             114664 kB
SReclaimable:      34000 kB
SUnreclaim:        80664 kB
KernelStack:       33744 kB
PageTables:        57600 kB
NFS_Unstable:          0 kB
Bounce:                0 kB
WritebackTmp:          0 kB
CommitLimit:     2684136 kB
Committed_AS:   140775300 kB
VmallocTotal:   251658176 kB
VmallocUsed:      362268 kB
VmallocChunk:   247561408 kB
Time pass: 179 sec

---2015-10-15 22:46:21
MemTotal:        2746844 kB
MemFree:           94688 kB
Buffers:           20444 kB
Cached:           745576 kB
SwapCached:         7960 kB
Active:           846656 kB
Inactive:         695428 kB
Active(anon):     384216 kB
Inactive(anon):   412440 kB
Active(file):     462440 kB
Inactive(file):   282988 kB
Unevictable:       35692 kB
Mlocked:           27720 kB
SwapTotal:       1310716 kB
SwapFree:        1105528 kB
Dirty:                32 kB
Writeback:             0 kB
AnonPages:        805764 kB
Mapped:           371144 kB
Shmem:              1596 kB
Slab:             114680 kB
SReclaimable:      34000 kB
SUnreclaim:        80680 kB
KernelStack:       33744 kB
PageTables:        57632 kB
NFS_Unstable:          0 kB
Bounce:                0 kB
WritebackTmp:          0 kB
CommitLimit:     2684136 kB
Committed_AS:   140775456 kB
VmallocTotal:   251658176 kB
VmallocUsed:      362268 kB
VmallocChunk:   247561408 kB
Time pass: 182 sec

---2015-10-15 22:46:21
MemTotal:        2746844 kB
MemFree:           92456 kB
Buffers:           20460 kB
Cached:           745576 kB
SwapCached:         7960 kB
Active:           848088 kB
Inactive:         695444 kB
Active(anon):     385648 kB
Inactive(anon):   412440 kB
Active(file):     462440 kB
Inactive(file):   283004 kB
Unevictable:       35692 kB
Mlocked:           27720 kB
SwapTotal:       1310716 kB
SwapFree:        1105528 kB
Dirty:                72 kB
Writeback:             0 kB
AnonPages:        807664 kB
Mapped:           371140 kB
Shmem:              1596 kB
Slab:             114692 kB
SReclaimable:      34000 kB
SUnreclaim:        80692 kB
KernelStack:       33744 kB
PageTables:        57600 kB
NFS_Unstable:          0 kB
Bounce:                0 kB
WritebackTmp:          0 kB
CommitLimit:     2684136 kB
Committed_AS:   140775736 kB
VmallocTotal:   251658176 kB
VmallocUsed:      362268 kB
VmallocChunk:   247561408 kB
Time pass: 186 sec

---2015-10-15 22:46:21
MemTotal:        2746844 kB
MemFree:           84292 kB
Buffers:           20484 kB
Cached:           745688 kB
SwapCached:         7960 kB
Active:           855872 kB
Inactive:         695320 kB
Active(anon):     393176 kB
Inactive(anon):   412436 kB
Active(file):     462696 kB
Inactive(file):   282884 kB
Unevictable:       35692 kB
Mlocked:           27720 kB
SwapTotal:       1310716 kB
SwapFree:        1105528 kB
Dirty:               116 kB
Writeback:             0 kB
AnonPages:        815400 kB
Mapped:           365196 kB
Shmem:              1596 kB
Slab:             115104 kB
SReclaimable:      34000 kB
SUnreclaim:        81104 kB
KernelStack:       34144 kB
PageTables:        59008 kB
NFS_Unstable:          0 kB
Bounce:                0 kB
WritebackTmp:          0 kB
CommitLimit:     2684136 kB
Committed_AS:   146707828 kB
VmallocTotal:   251658176 kB
VmallocUsed:      365328 kB
VmallocChunk:   247561408 kB
Time pass: 189 sec

---2015-10-15 22:46:21
MemTotal:        2746844 kB
MemFree:           98140 kB
Buffers:           20492 kB
Cached:           745560 kB
SwapCached:         7960 kB
Active:           847260 kB
Inactive:         693704 kB
Active(anon):     383064 kB
Inactive(anon):   412304 kB
Active(file):     464196 kB
Inactive(file):   281400 kB
Unevictable:       35692 kB
Mlocked:           27720 kB
SwapTotal:       1310716 kB
SwapFree:        1105528 kB
Dirty:                 0 kB
Writeback:             0 kB
AnonPages:        804908 kB
Mapped:           350936 kB
Shmem:              1468 kB
Slab:             115152 kB
SReclaimable:      34000 kB
SUnreclaim:        81152 kB
KernelStack:       32928 kB
PageTables:        57336 kB
NFS_Unstable:          0 kB
Bounce:                0 kB
WritebackTmp:          0 kB
CommitLimit:     2684136 kB
Committed_AS:   142944588 kB
VmallocTotal:   251658176 kB
VmallocUsed:      362112 kB
VmallocChunk:   247561408 kB
Time pass: 193 sec

---2015-10-15 22:46:21
MemTotal:        2746844 kB
MemFree:          103288 kB
Buffers:           20500 kB
Cached:           745560 kB
SwapCached:         7960 kB
Active:           840528 kB
Inactive:         693680 kB
Active(anon):     376336 kB
Inactive(anon):   412276 kB
Active(file):     464192 kB
Inactive(file):   281404 kB
Unevictable:       35692 kB
Mlocked:           27720 kB
SwapTotal:       1310716 kB
SwapFree:        1105528 kB
Dirty:                64 kB
Writeback:             0 kB
AnonPages:        797888 kB
Mapped:           351068 kB
Shmem:              1468 kB
Slab:             115156 kB
SReclaimable:      34004 kB
SUnreclaim:        81152 kB
KernelStack:       32896 kB
PageTables:        57576 kB
NFS_Unstable:          0 kB
Bounce:                0 kB
WritebackTmp:          0 kB
CommitLimit:     2684136 kB
Committed_AS:   142946148 kB
VmallocTotal:   251658176 kB
VmallocUsed:      362112 kB
VmallocChunk:   247561408 kB
Time pass: 196 sec

---2015-10-15 22:46:21
MemTotal:        2746844 kB
MemFree:          103280 kB
Buffers:           20508 kB
Cached:           745560 kB
SwapCached:         7960 kB
Active:           840784 kB
Inactive:         693696 kB
Active(anon):     376592 kB
Inactive(anon):   412276 kB
Active(file):     464192 kB
Inactive(file):   281420 kB
Unevictable:       35692 kB
Mlocked:           27720 kB
SwapTotal:       1310716 kB
SwapFree:        1105528 kB
Dirty:                80 kB
Writeback:             0 kB
AnonPages:        798184 kB
Mapped:           351068 kB
Shmem:              1468 kB
Slab:             115148 kB
SReclaimable:      34004 kB
SUnreclaim:        81144 kB
KernelStack:       32880 kB
PageTables:        57576 kB
NFS_Unstable:          0 kB
Bounce:                0 kB
WritebackTmp:          0 kB
CommitLimit:     2684136 kB
Committed_AS:   142946148 kB
VmallocTotal:   251658176 kB
VmallocUsed:      362112 kB
VmallocChunk:   247561408 kB
Time pass: 200 sec

---2015-10-15 22:46:21
MemTotal:        2746844 kB
MemFree:          101988 kB
Buffers:           20524 kB
Cached:           745560 kB
SwapCached:         7960 kB
Active:           841264 kB
Inactive:         693712 kB
Active(anon):     377072 kB
Inactive(anon):   412276 kB
Active(file):     464192 kB
Inactive(file):   281436 kB
Unevictable:       35692 kB
Mlocked:           27720 kB
SwapTotal:       1310716 kB
SwapFree:        1105528 kB
Dirty:                52 kB
Writeback:             0 kB
AnonPages:        798644 kB
Mapped:           350984 kB
Shmem:              1468 kB
Slab:             115160 kB
SReclaimable:      34004 kB
SUnreclaim:        81156 kB
KernelStack:       32848 kB
PageTables:        57524 kB
NFS_Unstable:          0 kB
Bounce:                0 kB
WritebackTmp:          0 kB
CommitLimit:     2684136 kB
Committed_AS:   142946068 kB
VmallocTotal:   251658176 kB
VmallocUsed:      362112 kB
VmallocChunk:   247561408 kB
Time pass: 203 sec

---2015-10-15 22:46:21
MemTotal:        2746844 kB
MemFree:          101460 kB
Buffers:           20532 kB
Cached:           745560 kB
SwapCached:         7960 kB
Active:           842312 kB
Inactive:         693712 kB
Active(anon):     378120 kB
Inactive(anon):   412276 kB
Active(file):     464192 kB
Inactive(file):   281436 kB
Unevictable:       35692 kB
Mlocked:           27720 kB
SwapTotal:       1310716 kB
SwapFree:        1105528 kB
Dirty:                28 kB
Writeback:             0 kB
AnonPages:        799948 kB
Mapped:           350984 kB
Shmem:              1468 kB
Slab:             115144 kB
SReclaimable:      34004 kB
SUnreclaim:        81140 kB
KernelStack:       32848 kB
PageTables:        57544 kB
NFS_Unstable:          0 kB
Bounce:                0 kB
WritebackTmp:          0 kB
CommitLimit:     2684136 kB
Committed_AS:   142946092 kB
VmallocTotal:   251658176 kB
VmallocUsed:      362112 kB
VmallocChunk:   247561408 kB
Time pass: 207 sec

---2015-10-15 22:46:21
MemTotal:        2746844 kB
MemFree:          100296 kB
Buffers:           20532 kB
Cached:           745560 kB
SwapCached:         7960 kB
Active:           843104 kB
Inactive:         693720 kB
Active(anon):     378912 kB
Inactive(anon):   412276 kB
Active(file):     464192 kB
Inactive(file):   281444 kB
Unevictable:       35692 kB
Mlocked:           27720 kB
SwapTotal:       1310716 kB
SwapFree:        1105528 kB
Dirty:                28 kB
Writeback:             0 kB
AnonPages:        800544 kB
Mapped:           351068 kB
Shmem:              1468 kB
Slab:             115144 kB
SReclaimable:      34004 kB
SUnreclaim:        81140 kB
KernelStack:       32864 kB
PageTables:        57572 kB
NFS_Unstable:          0 kB
Bounce:                0 kB
WritebackTmp:          0 kB
CommitLimit:     2684136 kB
Committed_AS:   142946084 kB
VmallocTotal:   251658176 kB
VmallocUsed:      362112 kB
VmallocChunk:   247561408 kB
Time pass: 210 sec

---2015-10-15 22:46:21
MemTotal:        2746844 kB
MemFree:           99180 kB
Buffers:           20532 kB
Cached:           745576 kB
SwapCached:         7960 kB
Active:           843888 kB
Inactive:         693728 kB
Active(anon):     379696 kB
Inactive(anon):   412284 kB
Active(file):     464192 kB
Inactive(file):   281444 kB
Unevictable:       35692 kB
Mlocked:           27720 kB
SwapTotal:       1310716 kB
SwapFree:        1105528 kB
Dirty:                 0 kB
Writeback:             0 kB
AnonPages:        801216 kB
Mapped:           351180 kB
Shmem:              1484 kB
Slab:             115144 kB
SReclaimable:      34004 kB
SUnreclaim:        81140 kB
KernelStack:       32832 kB
PageTables:        57604 kB
NFS_Unstable:          0 kB
Bounce:                0 kB
WritebackTmp:          0 kB
CommitLimit:     2684136 kB
Committed_AS:   142950076 kB
VmallocTotal:   251658176 kB
VmallocUsed:      362112 kB
VmallocChunk:   247561408 kB
Time pass: 214 sec

---2015-10-15 22:46:21
MemTotal:        2746844 kB
MemFree:           99108 kB
Buffers:           20532 kB
Cached:           745584 kB
SwapCached:         7960 kB
Active:           844084 kB
Inactive:         693740 kB
Active(anon):     379892 kB
Inactive(anon):   412296 kB
Active(file):     464192 kB
Inactive(file):   281444 kB
Unevictable:       35692 kB
Mlocked:           27720 kB
SwapTotal:       1310716 kB
SwapFree:        1105528 kB
Dirty:                 0 kB
Writeback:             0 kB
AnonPages:        801568 kB
Mapped:           351008 kB
Shmem:              1492 kB
Slab:             115136 kB
SReclaimable:      34004 kB
SUnreclaim:        81132 kB
KernelStack:       32832 kB
PageTables:        57548 kB
NFS_Unstable:          0 kB
Bounce:                0 kB
WritebackTmp:          0 kB
CommitLimit:     2684136 kB
Committed_AS:   142950044 kB
VmallocTotal:   251658176 kB
VmallocUsed:      362112 kB
VmallocChunk:   247561408 kB
Time pass: 217 sec

---2015-10-15 22:46:21
MemTotal:        2746844 kB
MemFree:           98684 kB
Buffers:           20548 kB
Cached:           745584 kB
SwapCached:         7960 kB
Active:           844916 kB
Inactive:         693756 kB
Active(anon):     380724 kB
Inactive(anon):   412296 kB
Active(file):     464192 kB
Inactive(file):   281460 kB
Unevictable:       35692 kB
Mlocked:           27720 kB
SwapTotal:       1310716 kB
SwapFree:        1105528 kB
Dirty:                36 kB
Writeback:             0 kB
AnonPages:        802504 kB
Mapped:           351008 kB
Shmem:              1492 kB
Slab:             115136 kB
SReclaimable:      34004 kB
SUnreclaim:        81132 kB
KernelStack:       32832 kB
PageTables:        57552 kB
NFS_Unstable:          0 kB
Bounce:                0 kB
WritebackTmp:          0 kB
CommitLimit:     2684136 kB
Committed_AS:   142950052 kB
VmallocTotal:   251658176 kB
VmallocUsed:      362112 kB
VmallocChunk:   247561408 kB
Time pass: 221 sec

---2015-10-15 22:46:21
MemTotal:        2746844 kB
MemFree:           98304 kB
Buffers:           20548 kB
Cached:           745584 kB
SwapCached:         7960 kB
Active:           844336 kB
Inactive:         693756 kB
Active(anon):     380144 kB
Inactive(anon):   412296 kB
Active(file):     464192 kB
Inactive(file):   281460 kB
Unevictable:       35692 kB
Mlocked:           27720 kB
SwapTotal:       1310716 kB
SwapFree:        1105528 kB
Dirty:                96 kB
Writeback:             0 kB
AnonPages:        801572 kB
Mapped:           351008 kB
Shmem:              1492 kB
Slab:             115136 kB
SReclaimable:      34004 kB
SUnreclaim:        81132 kB
KernelStack:       32816 kB
PageTables:        57544 kB
NFS_Unstable:          0 kB
Bounce:                0 kB
WritebackTmp:          0 kB
CommitLimit:     2684136 kB
Committed_AS:   142950092 kB
VmallocTotal:   251658176 kB
VmallocUsed:      362112 kB
VmallocChunk:   247561408 kB
Time pass: 224 sec

---2015-10-15 22:46:21
MemTotal:        2746844 kB
MemFree:          100900 kB
Buffers:           20556 kB
Cached:           745684 kB
SwapCached:         7960 kB
Active:           841896 kB
Inactive:         693856 kB
Active(anon):     377704 kB
Inactive(anon):   412396 kB
Active(file):     464192 kB
Inactive(file):   281460 kB
Unevictable:       35692 kB
Mlocked:           27720 kB
SwapTotal:       1310716 kB
SwapFree:        1105528 kB
Dirty:                40 kB
Writeback:             0 kB
AnonPages:        799296 kB
Mapped:           351192 kB
Shmem:              1592 kB
Slab:             115136 kB
SReclaimable:      34004 kB
SUnreclaim:        81132 kB
KernelStack:       32816 kB
PageTables:        57572 kB
NFS_Unstable:          0 kB
Bounce:                0 kB
WritebackTmp:          0 kB
CommitLimit:     2684136 kB
Committed_AS:   142950068 kB
VmallocTotal:   251658176 kB
VmallocUsed:      362112 kB
VmallocChunk:   247561408 kB
Time pass: 228 sec

---2015-10-15 22:46:21
MemTotal:        2746844 kB
MemFree:          100900 kB
Buffers:           20556 kB
Cached:           745696 kB
SwapCached:         7960 kB
Active:           841976 kB
Inactive:         693864 kB
Active(anon):     377784 kB
Inactive(anon):   412396 kB
Active(file):     464192 kB
Inactive(file):   281468 kB
Unevictable:       35692 kB
Mlocked:           27720 kB
SwapTotal:       1310716 kB
SwapFree:        1105528 kB
Dirty:                40 kB
Writeback:             0 kB
AnonPages:        799416 kB
Mapped:           351204 kB
Shmem:              1604 kB
Slab:             115136 kB
SReclaimable:      34004 kB
SUnreclaim:        81132 kB
KernelStack:       32816 kB
PageTables:        57576 kB
NFS_Unstable:          0 kB
Bounce:                0 kB
WritebackTmp:          0 kB
CommitLimit:     2684136 kB
Committed_AS:   142950052 kB
VmallocTotal:   251658176 kB
VmallocUsed:      362112 kB
VmallocChunk:   247561408 kB
Time pass: 231 sec

---2015-10-15 22:46:21
MemTotal:        2746844 kB
MemFree:          109308 kB
Buffers:           20556 kB
Cached:           745716 kB
SwapCached:         7960 kB
Active:           834392 kB
Inactive:         693860 kB
Active(anon):     370164 kB
Inactive(anon):   412428 kB
Active(file):     464228 kB
Inactive(file):   281432 kB
Unevictable:       35692 kB
Mlocked:           27720 kB
SwapTotal:       1310716 kB
SwapFree:        1105528 kB
Dirty:                12 kB
Writeback:             0 kB
AnonPages:        791852 kB
Mapped:           344260 kB
Shmem:              1624 kB
Slab:             115080 kB
SReclaimable:      34004 kB
SUnreclaim:        81076 kB
KernelStack:       32112 kB
PageTables:        56944 kB
NFS_Unstable:          0 kB
Bounce:                0 kB
WritebackTmp:          0 kB
CommitLimit:     2684136 kB
Committed_AS:   141686828 kB
VmallocTotal:   251658176 kB
VmallocUsed:      361092 kB
VmallocChunk:   247561408 kB
Time pass: 235 sec

---2015-10-15 22:46:21
MemTotal:        2746844 kB
MemFree:           98860 kB
Buffers:           20564 kB
Cached:           745708 kB
SwapCached:         7960 kB
Active:           844388 kB
Inactive:         693860 kB
Active(anon):     380160 kB
Inactive(anon):   412428 kB
Active(file):     464228 kB
Inactive(file):   281432 kB
Unevictable:       35692 kB
Mlocked:           27720 kB
SwapTotal:       1310716 kB
SwapFree:        1105528 kB
Dirty:                12 kB
Writeback:             0 kB
AnonPages:        801936 kB
Mapped:           350808 kB
Shmem:              1624 kB
Slab:             115036 kB
SReclaimable:      34004 kB
SUnreclaim:        81032 kB
KernelStack:       32256 kB
PageTables:        57332 kB
NFS_Unstable:          0 kB
Bounce:                0 kB
WritebackTmp:          0 kB
CommitLimit:     2684136 kB
Committed_AS:   142949080 kB
VmallocTotal:   251658176 kB
VmallocUsed:      362112 kB
VmallocChunk:   247561408 kB
Time pass: 238 sec

---2015-10-15 22:46:21
MemTotal:        2746844 kB
MemFree:           96024 kB
Buffers:           20580 kB
Cached:           745716 kB
SwapCached:         7960 kB
Active:           846200 kB
Inactive:         693880 kB
Active(anon):     381972 kB
Inactive(anon):   412424 kB
Active(file):     464228 kB
Inactive(file):   281456 kB
Unevictable:       35692 kB
Mlocked:           27720 kB
SwapTotal:       1310716 kB
SwapFree:        1105528 kB
Dirty:               124 kB
Writeback:             0 kB
AnonPages:        803576 kB
Mapped:           351140 kB
Shmem:              1624 kB
Slab:             115036 kB
SReclaimable:      34004 kB
SUnreclaim:        81032 kB
KernelStack:       32800 kB
PageTables:        57584 kB
NFS_Unstable:          0 kB
Bounce:                0 kB
WritebackTmp:          0 kB
CommitLimit:     2684136 kB
Committed_AS:   142949692 kB
VmallocTotal:   251658176 kB
VmallocUsed:      362112 kB
VmallocChunk:   247561408 kB
Time pass: 242 sec

---2015-10-15 22:46:21
MemTotal:        2746844 kB
MemFree:           95764 kB
Buffers:           20580 kB
Cached:           745716 kB
SwapCached:         7960 kB
Active:           846172 kB
Inactive:         693880 kB
Active(anon):     381944 kB
Inactive(anon):   412424 kB
Active(file):     464228 kB
Inactive(file):   281456 kB
Unevictable:       35692 kB
Mlocked:           27720 kB
SwapTotal:       1310716 kB
SwapFree:        1105528 kB
Dirty:                 0 kB
Writeback:             0 kB
AnonPages:        803724 kB
Mapped:           351076 kB
Shmem:              1624 kB
Slab:             115036 kB
SReclaimable:      34004 kB
SUnreclaim:        81032 kB
KernelStack:       32800 kB
PageTables:        57560 kB
NFS_Unstable:          0 kB
Bounce:                0 kB
WritebackTmp:          0 kB
CommitLimit:     2684136 kB
Committed_AS:   142949684 kB
VmallocTotal:   251658176 kB
VmallocUsed:      362112 kB
VmallocChunk:   247561408 kB
Time pass: 245 sec

---2015-10-15 22:46:21
MemTotal:        2746844 kB
MemFree:           94968 kB
Buffers:           20588 kB
Cached:           745716 kB
SwapCached:         7960 kB
Active:           847212 kB
Inactive:         693888 kB
Active(anon):     382984 kB
Inactive(anon):   412424 kB
Active(file):     464228 kB
Inactive(file):   281464 kB
Unevictable:       35692 kB
Mlocked:           27720 kB
SwapTotal:       1310716 kB
SwapFree:        1105528 kB
Dirty:                52 kB
Writeback:             0 kB
AnonPages:        804960 kB
Mapped:           351136 kB
Shmem:              1624 kB
Slab:             115036 kB
SReclaimable:      34004 kB
SUnreclaim:        81032 kB
KernelStack:       32800 kB
PageTables:        57556 kB
NFS_Unstable:          0 kB
Bounce:                0 kB
WritebackTmp:          0 kB
CommitLimit:     2684136 kB
Committed_AS:   142950012 kB
VmallocTotal:   251658176 kB
VmallocUsed:      362112 kB
VmallocChunk:   247561408 kB
Time pass: 249 sec

---2015-10-15 22:46:21
MemTotal:        2746844 kB
MemFree:           94380 kB
Buffers:           20588 kB
Cached:           745716 kB
SwapCached:         7960 kB
Active:           847348 kB
Inactive:         693888 kB
Active(anon):     383120 kB
Inactive(anon):   412424 kB
Active(file):     464228 kB
Inactive(file):   281464 kB
Unevictable:       35692 kB
Mlocked:           27720 kB
SwapTotal:       1310716 kB
SwapFree:        1105528 kB
Dirty:                 0 kB
Writeback:             0 kB
AnonPages:        804920 kB
Mapped:           351136 kB
Shmem:              1624 kB
Slab:             115036 kB
SReclaimable:      34004 kB
SUnreclaim:        81032 kB
KernelStack:       32768 kB
PageTables:        57556 kB
NFS_Unstable:          0 kB
Bounce:                0 kB
WritebackTmp:          0 kB
CommitLimit:     2684136 kB
Committed_AS:   142950044 kB
VmallocTotal:   251658176 kB
VmallocUsed:      362112 kB
VmallocChunk:   247561408 kB
Time pass: 252 sec

---2015-10-15 22:46:21
MemTotal:        2746844 kB
MemFree:           94644 kB
Buffers:           20588 kB
Cached:           745716 kB
SwapCached:         7960 kB
Active:           847536 kB
Inactive:         693888 kB
Active(anon):     383308 kB
Inactive(anon):   412424 kB
Active(file):     464228 kB
Inactive(file):   281464 kB
Unevictable:       35692 kB
Mlocked:           27720 kB
SwapTotal:       1310716 kB
SwapFree:        1105528 kB
Dirty:                 0 kB
Writeback:             0 kB
AnonPages:        805084 kB
Mapped:           351136 kB
Shmem:              1624 kB
Slab:             115036 kB
SReclaimable:      34004 kB
SUnreclaim:        81032 kB
KernelStack:       32752 kB
PageTables:        57560 kB
NFS_Unstable:          0 kB
Bounce:                0 kB
WritebackTmp:          0 kB
CommitLimit:     2684136 kB
Committed_AS:   142950004 kB
VmallocTotal:   251658176 kB
VmallocUsed:      362112 kB
VmallocChunk:   247561408 kB
Time pass: 259 sec

---2015-10-15 22:46:21
MemTotal:        2746844 kB
MemFree:           94412 kB
Buffers:           20612 kB
Cached:           745716 kB
SwapCached:         7960 kB
Active:           848132 kB
Inactive:         693912 kB
Active(anon):     383904 kB
Inactive(anon):   412424 kB
Active(file):     464228 kB
Inactive(file):   281488 kB
Unevictable:       35692 kB
Mlocked:           27720 kB
SwapTotal:       1310716 kB
SwapFree:        1105528 kB
Dirty:                76 kB
Writeback:             0 kB
AnonPages:        805952 kB
Mapped:           351140 kB
Shmem:              1624 kB
Slab:             115004 kB
SReclaimable:      34004 kB
SUnreclaim:        81000 kB
KernelStack:       32768 kB
PageTables:        57560 kB
NFS_Unstable:          0 kB
Bounce:                0 kB
WritebackTmp:          0 kB
CommitLimit:     2684136 kB
Committed_AS:   142950380 kB
VmallocTotal:   251658176 kB
VmallocUsed:      362112 kB
VmallocChunk:   247561408 kB
Time pass: 262 sec

---2015-10-15 22:46:21
MemTotal:        2746844 kB
MemFree:           94152 kB
Buffers:           20620 kB
Cached:           745716 kB
SwapCached:         7960 kB
Active:           848296 kB
Inactive:         693912 kB
Active(anon):     384068 kB
Inactive(anon):   412424 kB
Active(file):     464228 kB
Inactive(file):   281488 kB
Unevictable:       35692 kB
Mlocked:           27720 kB
SwapTotal:       1310716 kB
SwapFree:        1105528 kB
Dirty:                28 kB
Writeback:             0 kB
AnonPages:        806052 kB
Mapped:           351140 kB
Shmem:              1624 kB
Slab:             115000 kB
SReclaimable:      34004 kB
SUnreclaim:        80996 kB
KernelStack:       32768 kB
PageTables:        57556 kB
NFS_Unstable:          0 kB
Bounce:                0 kB
WritebackTmp:          0 kB
CommitLimit:     2684136 kB
Committed_AS:   142950396 kB
VmallocTotal:   251658176 kB
VmallocUsed:      362112 kB
VmallocChunk:   247561408 kB
Time pass: 266 sec

---2015-10-15 22:46:21
MemTotal:        2746844 kB
MemFree:          101204 kB
Buffers:           20668 kB
Cached:           745720 kB
SwapCached:         7960 kB
Active:           843504 kB
Inactive:         693892 kB
Active(anon):     379276 kB
Inactive(anon):   412344 kB
Active(file):     464228 kB
Inactive(file):   281548 kB
Unevictable:       35692 kB
Mlocked:           27720 kB
SwapTotal:       1310716 kB
SwapFree:        1105528 kB
Dirty:               108 kB
Writeback:             0 kB
AnonPages:        800952 kB
Mapped:           347200 kB
Shmem:              1624 kB
Slab:             115000 kB
SReclaimable:      34004 kB
SUnreclaim:        80996 kB
KernelStack:       32624 kB
PageTables:        57420 kB
NFS_Unstable:          0 kB
Bounce:                0 kB
WritebackTmp:          0 kB
CommitLimit:     2684136 kB
Committed_AS:   142949912 kB
VmallocTotal:   251658176 kB
VmallocUsed:      362112 kB
VmallocChunk:   247561408 kB
Time pass: 269 sec

---2015-10-15 22:46:21
MemTotal:        2746844 kB
MemFree:          102240 kB
Buffers:           20668 kB
Cached:           745720 kB
SwapCached:         7960 kB
Active:           841948 kB
Inactive:         693696 kB
Active(anon):     377720 kB
Inactive(anon):   412148 kB
Active(file):     464228 kB
Inactive(file):   281548 kB
Unevictable:       35692 kB
Mlocked:           27720 kB
SwapTotal:       1310716 kB
SwapFree:        1105528 kB
Dirty:                 0 kB
Writeback:             0 kB
AnonPages:        798728 kB
Mapped:           347380 kB
Shmem:              1624 kB
Slab:             115000 kB
SReclaimable:      34004 kB
SUnreclaim:        80996 kB
KernelStack:       32512 kB
PageTables:        57480 kB
NFS_Unstable:          0 kB
Bounce:                0 kB
WritebackTmp:          0 kB
CommitLimit:     2684136 kB
Committed_AS:   142949884 kB
VmallocTotal:   251658176 kB
VmallocUsed:      362112 kB
VmallocChunk:   247561408 kB
Time pass: 273 sec

---2015-10-15 22:46:21
MemTotal:        2746844 kB
MemFree:          102288 kB
Buffers:           20676 kB
Cached:           745720 kB
SwapCached:         7960 kB
Active:           842244 kB
Inactive:         693528 kB
Active(anon):     378016 kB
Inactive(anon):   411972 kB
Active(file):     464228 kB
Inactive(file):   281556 kB
Unevictable:       35692 kB
Mlocked:           27720 kB
SwapTotal:       1310716 kB
SwapFree:        1105528 kB
Dirty:                20 kB
Writeback:             0 kB
AnonPages:        798868 kB
Mapped:           347380 kB
Shmem:              1624 kB
Slab:             115000 kB
SReclaimable:      34004 kB
SUnreclaim:        80996 kB
KernelStack:       32512 kB
PageTables:        57480 kB
NFS_Unstable:          0 kB
Bounce:                0 kB
WritebackTmp:          0 kB
CommitLimit:     2684136 kB
Committed_AS:   142949848 kB
VmallocTotal:   251658176 kB
VmallocUsed:      362112 kB
VmallocChunk:   247561408 kB
Time pass: 276 sec

---2015-10-15 22:46:21
MemTotal:        2746844 kB
MemFree:          102268 kB
Buffers:           20676 kB
Cached:           745720 kB
SwapCached:         7960 kB
Active:           842176 kB
Inactive:         693528 kB
Active(anon):     377948 kB
Inactive(anon):   411972 kB
Active(file):     464228 kB
Inactive(file):   281556 kB
Unevictable:       35692 kB
Mlocked:           27720 kB
SwapTotal:       1310716 kB
SwapFree:        1105528 kB
Dirty:                 0 kB
Writeback:             0 kB
AnonPages:        799220 kB
Mapped:           347384 kB
Shmem:              1624 kB
Slab:             115000 kB
SReclaimable:      34004 kB
SUnreclaim:        80996 kB
KernelStack:       32512 kB
PageTables:        57476 kB
NFS_Unstable:          0 kB
Bounce:                0 kB
WritebackTmp:          0 kB
CommitLimit:     2684136 kB
Committed_AS:   142949856 kB
VmallocTotal:   251658176 kB
VmallocUsed:      362112 kB
VmallocChunk:   247561408 kB
Time pass: 280 sec

---2015-10-15 22:46:21
MemTotal:        2746844 kB
MemFree:          101844 kB
Buffers:           20692 kB
Cached:           746184 kB
SwapCached:         7960 kB
Active:           841816 kB
Inactive:         693932 kB
Active(anon):     377588 kB
Inactive(anon):   411972 kB
Active(file):     464228 kB
Inactive(file):   281960 kB
Unevictable:       35692 kB
Mlocked:           27720 kB
SwapTotal:       1310716 kB
SwapFree:        1105528 kB
Dirty:                36 kB
Writeback:             0 kB
AnonPages:        798756 kB
Mapped:           347572 kB
Shmem:              1624 kB
Slab:             115000 kB
SReclaimable:      34004 kB
SUnreclaim:        80996 kB
KernelStack:       32528 kB
PageTables:        57544 kB
NFS_Unstable:          0 kB
Bounce:                0 kB
WritebackTmp:          0 kB
CommitLimit:     2684136 kB
Committed_AS:   142949824 kB
VmallocTotal:   251658176 kB
VmallocUsed:      362112 kB
VmallocChunk:   247561408 kB
Time pass: 283 sec

---2015-10-15 22:46:21
MemTotal:        2746844 kB
MemFree:          102372 kB
Buffers:           20700 kB
Cached:           746184 kB
SwapCached:         7960 kB
Active:           839864 kB
Inactive:         694008 kB
Active(anon):     375636 kB
Inactive(anon):   411972 kB
Active(file):     464228 kB
Inactive(file):   282036 kB
Unevictable:       35692 kB
Mlocked:           27720 kB
SwapTotal:       1310716 kB
SwapFree:        1105528 kB
Dirty:                40 kB
Writeback:             0 kB
AnonPages:        796784 kB
Mapped:           347572 kB
Shmem:              1624 kB
Slab:             115000 kB
SReclaimable:      34004 kB
SUnreclaim:        80996 kB
KernelStack:       32528 kB
PageTables:        57548 kB
NFS_Unstable:          0 kB
Bounce:                0 kB
WritebackTmp:          0 kB
CommitLimit:     2684136 kB
Committed_AS:   142949880 kB
VmallocTotal:   251658176 kB
VmallocUsed:      362112 kB
VmallocChunk:   247561408 kB
Time pass: 287 sec

---2015-10-15 22:46:21
MemTotal:        2746844 kB
MemFree:          102452 kB
Buffers:           20700 kB
Cached:           746184 kB
SwapCached:         7960 kB
Active:           839824 kB
Inactive:         694016 kB
Active(anon):     375596 kB
Inactive(anon):   411972 kB
Active(file):     464228 kB
Inactive(file):   282044 kB
Unevictable:       35692 kB
Mlocked:           27720 kB
SwapTotal:       1310716 kB
SwapFree:        1105528 kB
Dirty:                40 kB
Writeback:             0 kB
AnonPages:        796832 kB
Mapped:           347572 kB
Shmem:              1624 kB
Slab:             115000 kB
SReclaimable:      34004 kB
SUnreclaim:        80996 kB
KernelStack:       32528 kB
PageTables:        57544 kB
NFS_Unstable:          0 kB
Bounce:                0 kB
WritebackTmp:          0 kB
CommitLimit:     2684136 kB
Committed_AS:   142949880 kB
VmallocTotal:   251658176 kB
VmallocUsed:      362112 kB
VmallocChunk:   247561408 kB
Time pass: 290 sec

---2015-10-15 22:46:21
MemTotal:        2746844 kB
MemFree:          102772 kB
Buffers:           20700 kB
Cached:           746184 kB
SwapCached:         7960 kB
Active:           839876 kB
Inactive:         694016 kB
Active(anon):     375648 kB
Inactive(anon):   411972 kB
Active(file):     464228 kB
Inactive(file):   282044 kB
Unevictable:       35692 kB
Mlocked:           27720 kB
SwapTotal:       1310716 kB
SwapFree:        1105528 kB
Dirty:                 0 kB
Writeback:             0 kB
AnonPages:        796932 kB
Mapped:           347572 kB
Shmem:              1624 kB
Slab:             115000 kB
SReclaimable:      34004 kB
SUnreclaim:        80996 kB
KernelStack:       32528 kB
PageTables:        57548 kB
NFS_Unstable:          0 kB
Bounce:                0 kB
WritebackTmp:          0 kB
CommitLimit:     2684136 kB
Committed_AS:   142949888 kB
VmallocTotal:   251658176 kB
VmallocUsed:      362112 kB
VmallocChunk:   247561408 kB
Time pass: 294 sec

---2015-10-15 22:46:21
MemTotal:        2746844 kB
MemFree:          101468 kB
Buffers:           20708 kB
Cached:           746184 kB
SwapCached:         7960 kB
Active:           840604 kB
Inactive:         694024 kB
Active(anon):     376376 kB
Inactive(anon):   411972 kB
Active(file):     464228 kB
Inactive(file):   282052 kB
Unevictable:       35692 kB
Mlocked:           27720 kB
SwapTotal:       1310716 kB
SwapFree:        1105528 kB
Dirty:                36 kB
Writeback:             0 kB
AnonPages:        797500 kB
Mapped:           347576 kB
Shmem:              1624 kB
Slab:             115000 kB
SReclaimable:      34004 kB
SUnreclaim:        80996 kB
KernelStack:       32544 kB
PageTables:        57548 kB
NFS_Unstable:          0 kB
Bounce:                0 kB
WritebackTmp:          0 kB
CommitLimit:     2684136 kB
Committed_AS:   142949920 kB
VmallocTotal:   251658176 kB
VmallocUsed:      362112 kB
VmallocChunk:   247561408 kB
Time pass: 297 sec

---2015-10-15 22:46:21
MemTotal:        2746844 kB
MemFree:          110356 kB
Buffers:           20724 kB
Cached:           746196 kB
SwapCached:         7960 kB
Active:           833408 kB
Inactive:         694044 kB
Active(anon):     369180 kB
Inactive(anon):   411984 kB
Active(file):     464228 kB
Inactive(file):   282060 kB
Unevictable:       35692 kB
Mlocked:           27720 kB
SwapTotal:       1310716 kB
SwapFree:        1105528 kB
Dirty:                68 kB
Writeback:             0 kB
AnonPages:        790440 kB
Mapped:           340620 kB
Shmem:              1636 kB
Slab:             114996 kB
SReclaimable:      34004 kB
SUnreclaim:        80992 kB
KernelStack:       31840 kB
PageTables:        56912 kB
NFS_Unstable:          0 kB
Bounce:                0 kB
WritebackTmp:          0 kB
CommitLimit:     2684136 kB
Committed_AS:   141686520 kB
VmallocTotal:   251658176 kB
VmallocUsed:      361092 kB
VmallocChunk:   247561408 kB
Time pass: 301 sec

---2015-10-15 22:46:21
MemTotal:        2746844 kB
MemFree:           99252 kB
Buffers:           20724 kB
Cached:           746188 kB
SwapCached:         7960 kB
Active:           843688 kB
Inactive:         694036 kB
Active(anon):     379452 kB
Inactive(anon):   411972 kB
Active(file):     464236 kB
Inactive(file):   282064 kB
Unevictable:       35692 kB
Mlocked:           27720 kB
SwapTotal:       1310716 kB
SwapFree:        1105528 kB
Dirty:                84 kB
Writeback:             0 kB
AnonPages:        801304 kB
Mapped:           347492 kB
Shmem:              1628 kB
Slab:             114996 kB
SReclaimable:      34004 kB
SUnreclaim:        80992 kB
KernelStack:       32512 kB
PageTables:        57484 kB
NFS_Unstable:          0 kB
Bounce:                0 kB
WritebackTmp:          0 kB
CommitLimit:     2684136 kB
Committed_AS:   142943328 kB
VmallocTotal:   251658176 kB
VmallocUsed:      362112 kB
VmallocChunk:   247561408 kB
Time pass: 304 sec

---2015-10-15 22:46:21
MemTotal:        2746844 kB
MemFree:          107500 kB
Buffers:           20732 kB
Cached:           746188 kB
SwapCached:         7960 kB
Active:           835740 kB
Inactive:         694040 kB
Active(anon):     371512 kB
Inactive(anon):   411972 kB
Active(file):     464228 kB
Inactive(file):   282068 kB
Unevictable:       35692 kB
Mlocked:           27720 kB
SwapTotal:       1310716 kB
SwapFree:        1105528 kB
Dirty:               112 kB
Writeback:             0 kB
AnonPages:        792592 kB
Mapped:           347688 kB
Shmem:              1628 kB
Slab:             115000 kB
SReclaimable:      34008 kB
SUnreclaim:        80992 kB
KernelStack:       32544 kB
PageTables:        57544 kB
NFS_Unstable:          0 kB
Bounce:                0 kB
WritebackTmp:          0 kB
CommitLimit:     2684136 kB
Committed_AS:   142943224 kB
VmallocTotal:   251658176 kB
VmallocUsed:      362112 kB
VmallocChunk:   247561408 kB
Time pass: 308 sec

---2015-10-15 22:46:21
MemTotal:        2746844 kB
MemFree:          108164 kB
Buffers:           20732 kB
Cached:           746188 kB
SwapCached:         7960 kB
Active:           835652 kB
Inactive:         694048 kB
Active(anon):     371424 kB
Inactive(anon):   411972 kB
Active(file):     464228 kB
Inactive(file):   282076 kB
Unevictable:       35692 kB
Mlocked:           27720 kB
SwapTotal:       1310716 kB
SwapFree:        1105528 kB
Dirty:                 0 kB
Writeback:             0 kB
AnonPages:        792688 kB
Mapped:           347692 kB
Shmem:              1628 kB
Slab:             115000 kB
SReclaimable:      34008 kB
SUnreclaim:        80992 kB
KernelStack:       32544 kB
PageTables:        57544 kB
NFS_Unstable:          0 kB
Bounce:                0 kB
WritebackTmp:          0 kB
CommitLimit:     2684136 kB
Committed_AS:   142943224 kB
VmallocTotal:   251658176 kB
VmallocUsed:      362112 kB
VmallocChunk:   247561408 kB
Time pass: 311 sec

---2015-10-15 22:46:21
MemTotal:        2746844 kB
MemFree:          107024 kB
Buffers:           20740 kB
Cached:           746180 kB
SwapCached:         7960 kB
Active:           836272 kB
Inactive:         694048 kB
Active(anon):     372044 kB
Inactive(anon):   411972 kB
Active(file):     464228 kB
Inactive(file):   282076 kB
Unevictable:       35692 kB
Mlocked:           27720 kB
SwapTotal:       1310716 kB
SwapFree:        1105528 kB
Dirty:                 0 kB
Writeback:             0 kB
AnonPages:        793256 kB
Mapped:           347748 kB
Shmem:              1628 kB
Slab:             115000 kB
SReclaimable:      34008 kB
SUnreclaim:        80992 kB
KernelStack:       32544 kB
PageTables:        57544 kB
NFS_Unstable:          0 kB
Bounce:                0 kB
WritebackTmp:          0 kB
CommitLimit:     2684136 kB
Committed_AS:   142943580 kB
VmallocTotal:   251658176 kB
VmallocUsed:      362112 kB
VmallocChunk:   247561408 kB
Time pass: 315 sec

---2015-10-15 22:46:21
MemTotal:        2746844 kB
MemFree:          106584 kB
Buffers:           20740 kB
Cached:           746188 kB
SwapCached:         7960 kB
Active:           836580 kB
Inactive:         694056 kB
Active(anon):     372352 kB
Inactive(anon):   411972 kB
Active(file):     464228 kB
Inactive(file):   282084 kB
Unevictable:       35692 kB
Mlocked:           27720 kB
SwapTotal:       1310716 kB
SwapFree:        1105528 kB
Dirty:                24 kB
Writeback:             0 kB
AnonPages:        793704 kB
Mapped:           347756 kB
Shmem:              1628 kB
Slab:             115000 kB
SReclaimable:      34008 kB
SUnreclaim:        80992 kB
KernelStack:       32544 kB
PageTables:        57548 kB
NFS_Unstable:          0 kB
Bounce:                0 kB
WritebackTmp:          0 kB
CommitLimit:     2684136 kB
Committed_AS:   142943652 kB
VmallocTotal:   251658176 kB
VmallocUsed:      362112 kB
VmallocChunk:   247561408 kB
Time pass: 318 sec

---2015-10-15 22:46:21
MemTotal:        2746844 kB
MemFree:          106092 kB
Buffers:           20756 kB
Cached:           746188 kB
SwapCached:         7960 kB
Active:           837440 kB
Inactive:         694072 kB
Active(anon):     373212 kB
Inactive(anon):   411972 kB
Active(file):     464228 kB
Inactive(file):   282100 kB
Unevictable:       35692 kB
Mlocked:           27720 kB
SwapTotal:       1310716 kB
SwapFree:        1105528 kB
Dirty:                36 kB
Writeback:             0 kB
AnonPages:        794324 kB
Mapped:           347756 kB
Shmem:              1628 kB
Slab:             115004 kB
SReclaimable:      34012 kB
SUnreclaim:        80992 kB
KernelStack:       32528 kB
PageTables:        57544 kB
NFS_Unstable:          0 kB
Bounce:                0 kB
WritebackTmp:          0 kB
CommitLimit:     2684136 kB
Committed_AS:   142943668 kB
VmallocTotal:   251658176 kB
VmallocUsed:      362112 kB
VmallocChunk:   247561408 kB
Time pass: 322 sec

---2015-10-15 22:46:21
MemTotal:        2746844 kB
MemFree:          105348 kB
Buffers:           20764 kB
Cached:           746180 kB
SwapCached:         7960 kB
Active:           837288 kB
Inactive:         694072 kB
Active(anon):     373060 kB
Inactive(anon):   411972 kB
Active(file):     464228 kB
Inactive(file):   282100 kB
Unevictable:       35692 kB
Mlocked:           27720 kB
SwapTotal:       1310716 kB
SwapFree:        1105528 kB
Dirty:                36 kB
Writeback:             0 kB
AnonPages:        794512 kB
Mapped:           347588 kB
Shmem:              1628 kB
Slab:             115004 kB
SReclaimable:      34012 kB
SUnreclaim:        80992 kB
KernelStack:       32528 kB
PageTables:        57484 kB
NFS_Unstable:          0 kB
Bounce:                0 kB
WritebackTmp:          0 kB
CommitLimit:     2684136 kB
Committed_AS:   142943620 kB
VmallocTotal:   251658176 kB
VmallocUsed:      362112 kB
VmallocChunk:   247561408 kB
Time pass: 325 sec

---2015-10-15 22:46:21
MemTotal:        2746844 kB
MemFree:          105564 kB
Buffers:           20764 kB
Cached:           746188 kB
SwapCached:         7960 kB
Active:           837656 kB
Inactive:         694080 kB
Active(anon):     373428 kB
Inactive(anon):   411972 kB
Active(file):     464228 kB
Inactive(file):   282108 kB
Unevictable:       35692 kB
Mlocked:           27720 kB
SwapTotal:       1310716 kB
SwapFree:        1105528 kB
Dirty:                28 kB
Writeback:             0 kB
AnonPages:        794576 kB
Mapped:           347672 kB
Shmem:              1628 kB
Slab:             115004 kB
SReclaimable:      34012 kB
SUnreclaim:        80992 kB
KernelStack:       32528 kB
PageTables:        57512 kB
NFS_Unstable:          0 kB
Bounce:                0 kB
WritebackTmp:          0 kB
CommitLimit:     2684136 kB
Committed_AS:   142943628 kB
VmallocTotal:   251658176 kB
VmallocUsed:      362112 kB
VmallocChunk:   247561408 kB
Time pass: 329 sec

---2015-10-15 22:46:21
MemTotal:        2746844 kB
MemFree:          105068 kB
Buffers:           20764 kB
Cached:           746192 kB
SwapCached:         7960 kB
Active:           837432 kB
Inactive:         694084 kB
Active(anon):     373204 kB
Inactive(anon):   411976 kB
Active(file):     464228 kB
Inactive(file):   282108 kB
Unevictable:       35692 kB
Mlocked:           27720 kB
SwapTotal:       1310716 kB
SwapFree:        1105528 kB
Dirty:                 0 kB
Writeback:             0 kB
AnonPages:        794676 kB
Mapped:           347676 kB
Shmem:              1632 kB
Slab:             115004 kB
SReclaimable:      34012 kB
SUnreclaim:        80992 kB
KernelStack:       32528 kB
PageTables:        57512 kB
NFS_Unstable:          0 kB
Bounce:                0 kB
WritebackTmp:          0 kB
CommitLimit:     2684136 kB
Committed_AS:   142943620 kB
VmallocTotal:   251658176 kB
VmallocUsed:      362112 kB
VmallocChunk:   247561408 kB
Time pass: 333 sec

---2015-10-15 22:46:21
MemTotal:        2746844 kB
MemFree:          105376 kB
Buffers:           20764 kB
Cached:           746192 kB
SwapCached:         7960 kB
Active:           838092 kB
Inactive:         694084 kB
Active(anon):     373864 kB
Inactive(anon):   411976 kB
Active(file):     464228 kB
Inactive(file):   282108 kB
Unevictable:       35692 kB
Mlocked:           27720 kB
SwapTotal:       1310716 kB
SwapFree:        1105528 kB
Dirty:                 0 kB
Writeback:             0 kB
AnonPages:        794980 kB
Mapped:           347760 kB
Shmem:              1632 kB
Slab:             115004 kB
SReclaimable:      34012 kB
SUnreclaim:        80992 kB
KernelStack:       32528 kB
PageTables:        57540 kB
NFS_Unstable:          0 kB
Bounce:                0 kB
WritebackTmp:          0 kB
CommitLimit:     2684136 kB
Committed_AS:   142943620 kB
VmallocTotal:   251658176 kB
VmallocUsed:      362112 kB
VmallocChunk:   247561408 kB
Time pass: 336 sec

---2015-10-15 22:46:21
MemTotal:        2746844 kB
MemFree:          105532 kB
Buffers:           20764 kB
Cached:           746192 kB
SwapCached:         7960 kB
Active:           838056 kB
Inactive:         694084 kB
Active(anon):     373828 kB
Inactive(anon):   411976 kB
Active(file):     464228 kB
Inactive(file):   282108 kB
Unevictable:       35692 kB
Mlocked:           27720 kB
SwapTotal:       1310716 kB
SwapFree:        1105528 kB
Dirty:                 0 kB
Writeback:             0 kB
AnonPages:        795100 kB
Mapped:           347676 kB
Shmem:              1632 kB
Slab:             115004 kB
SReclaimable:      34012 kB
SUnreclaim:        80992 kB
KernelStack:       32528 kB
PageTables:        57512 kB
NFS_Unstable:          0 kB
Bounce:                0 kB
WritebackTmp:          0 kB
CommitLimit:     2684136 kB
Committed_AS:   142943628 kB
VmallocTotal:   251658176 kB
VmallocUsed:      362112 kB
VmallocChunk:   247561408 kB
Time pass: 340 sec

---2015-10-15 22:46:21
MemTotal:        2746844 kB
MemFree:          104136 kB
Buffers:           20780 kB
Cached:           746192 kB
SwapCached:         7960 kB
Active:           838784 kB
Inactive:         694100 kB
Active(anon):     374556 kB
Inactive(anon):   411976 kB
Active(file):     464228 kB
Inactive(file):   282124 kB
Unevictable:       35692 kB
Mlocked:           27720 kB
SwapTotal:       1310716 kB
SwapFree:        1105528 kB
Dirty:                36 kB
Writeback:             0 kB
AnonPages:        795752 kB
Mapped:           347760 kB
Shmem:              1632 kB
Slab:             115004 kB
SReclaimable:      34012 kB
SUnreclaim:        80992 kB
KernelStack:       32528 kB
PageTables:        57540 kB
NFS_Unstable:          0 kB
Bounce:                0 kB
WritebackTmp:          0 kB
CommitLimit:     2684136 kB
Committed_AS:   142943628 kB
VmallocTotal:   251658176 kB
VmallocUsed:      362112 kB
VmallocChunk:   247561408 kB
Time pass: 343 sec

---2015-10-15 22:46:21
MemTotal:        2746844 kB
MemFree:          105332 kB
Buffers:           20788 kB
Cached:           746192 kB
SwapCached:         7960 kB
Active:           837012 kB
Inactive:         694100 kB
Active(anon):     372784 kB
Inactive(anon):   411976 kB
Active(file):     464228 kB
Inactive(file):   282124 kB
Unevictable:       35692 kB
Mlocked:           27720 kB
SwapTotal:       1310716 kB
SwapFree:        1105528 kB
Dirty:                28 kB
Writeback:             0 kB
AnonPages:        794048 kB
Mapped:           347676 kB
Shmem:              1632 kB
Slab:             115004 kB
SReclaimable:      34012 kB
SUnreclaim:        80992 kB
KernelStack:       32544 kB
PageTables:        57512 kB
NFS_Unstable:          0 kB
Bounce:                0 kB
WritebackTmp:          0 kB
CommitLimit:     2684136 kB
Committed_AS:   142943744 kB
VmallocTotal:   251658176 kB
VmallocUsed:      362112 kB
VmallocChunk:   247561408 kB
Time pass: 347 sec

---2015-10-15 22:46:21
MemTotal:        2746844 kB
MemFree:          109452 kB
Buffers:           20788 kB
Cached:           746192 kB
SwapCached:         7960 kB
Active:           832920 kB
Inactive:         694108 kB
Active(anon):     368692 kB
Inactive(anon):   411976 kB
Active(file):     464228 kB
Inactive(file):   282132 kB
Unevictable:       35692 kB
Mlocked:           27720 kB
SwapTotal:       1310716 kB
SwapFree:        1105528 kB
Dirty:                28 kB
Writeback:             0 kB
AnonPages:        789984 kB
Mapped:           347676 kB
Shmem:              1632 kB
Slab:             115004 kB
SReclaimable:      34012 kB
SUnreclaim:        80992 kB
KernelStack:       32544 kB
PageTables:        57516 kB
NFS_Unstable:          0 kB
Bounce:                0 kB
WritebackTmp:          0 kB
CommitLimit:     2684136 kB
Committed_AS:   142943744 kB
VmallocTotal:   251658176 kB
VmallocUsed:      362112 kB
VmallocChunk:   247561408 kB
Time pass: 350 sec

---2015-10-15 22:46:21
MemTotal:        2746844 kB
MemFree:          109528 kB
Buffers:           20788 kB
Cached:           746192 kB
SwapCached:         7960 kB
Active:           833056 kB
Inactive:         694108 kB
Active(anon):     368828 kB
Inactive(anon):   411976 kB
Active(file):     464228 kB
Inactive(file):   282132 kB
Unevictable:       35692 kB
Mlocked:           27720 kB
SwapTotal:       1310716 kB
SwapFree:        1105528 kB
Dirty:                 0 kB
Writeback:             0 kB
AnonPages:        790092 kB
Mapped:           347676 kB
Shmem:              1632 kB
Slab:             115004 kB
SReclaimable:      34012 kB
SUnreclaim:        80992 kB
KernelStack:       32544 kB
PageTables:        57512 kB
NFS_Unstable:          0 kB
Bounce:                0 kB
WritebackTmp:          0 kB
CommitLimit:     2684136 kB
Committed_AS:   142943744 kB
VmallocTotal:   251658176 kB
VmallocUsed:      362112 kB
VmallocChunk:   247561408 kB
Time pass: 354 sec

---2015-10-15 22:46:21
MemTotal:        2746844 kB
MemFree:          109264 kB
Buffers:           20804 kB
Cached:           746192 kB
SwapCached:         7960 kB
Active:           833292 kB
Inactive:         694108 kB
Active(anon):     369064 kB
Inactive(anon):   411976 kB
Active(file):     464228 kB
Inactive(file):   282132 kB
Unevictable:       35692 kB
Mlocked:           27720 kB
SwapTotal:       1310716 kB
SwapFree:        1105528 kB
Dirty:                52 kB
Writeback:             0 kB
AnonPages:        790540 kB
Mapped:           347676 kB
Shmem:              1632 kB
Slab:             115004 kB
SReclaimable:      34012 kB
SUnreclaim:        80992 kB
KernelStack:       32544 kB
PageTables:        57512 kB
NFS_Unstable:          0 kB
Bounce:                0 kB
WritebackTmp:          0 kB
CommitLimit:     2684136 kB
Committed_AS:   142943736 kB
VmallocTotal:   251658176 kB
VmallocUsed:      362112 kB
VmallocChunk:   247561408 kB
Time pass: 357 sec

---2015-10-15 22:46:21
MemTotal:        2746844 kB
MemFree:          108808 kB
Buffers:           20804 kB
Cached:           746192 kB
SwapCached:         7960 kB
Active:           833948 kB
Inactive:         694120 kB
Active(anon):     369720 kB
Inactive(anon):   411972 kB
Active(file):     464228 kB
Inactive(file):   282148 kB
Unevictable:       35692 kB
Mlocked:           27720 kB
SwapTotal:       1310716 kB
SwapFree:        1105528 kB
Dirty:                92 kB
Writeback:             0 kB
AnonPages:        791048 kB
Mapped:           347760 kB
Shmem:              1632 kB
Slab:             115004 kB
SReclaimable:      34012 kB
SUnreclaim:        80992 kB
KernelStack:       32528 kB
PageTables:        57540 kB
NFS_Unstable:          0 kB
Bounce:                0 kB
WritebackTmp:          0 kB
CommitLimit:     2684136 kB
Committed_AS:   142943712 kB
VmallocTotal:   251658176 kB
VmallocUsed:      362112 kB
VmallocChunk:   247561408 kB
Time pass: 361 sec

---2015-10-15 22:46:21
MemTotal:        2746844 kB
MemFree:          117308 kB
Buffers:           20812 kB
Cached:           746192 kB
SwapCached:         7960 kB
Active:           826172 kB
Inactive:         694128 kB
Active(anon):     361944 kB
Inactive(anon):   411972 kB
Active(file):     464228 kB
Inactive(file):   282156 kB
Unevictable:       35692 kB
Mlocked:           27720 kB
SwapTotal:       1310716 kB
SwapFree:        1105528 kB
Dirty:                44 kB
Writeback:             0 kB
AnonPages:        783040 kB
Mapped:           340872 kB
Shmem:              1632 kB
Slab:             115000 kB
SReclaimable:      34012 kB
SUnreclaim:        80988 kB
KernelStack:       31808 kB
PageTables:        56940 kB
NFS_Unstable:          0 kB
Bounce:                0 kB
WritebackTmp:          0 kB
CommitLimit:     2684136 kB
Committed_AS:   141680368 kB
VmallocTotal:   251658176 kB
VmallocUsed:      361092 kB
VmallocChunk:   247561408 kB
Time pass: 364 sec

---2015-10-15 22:46:21
MemTotal:        2746844 kB
MemFree:          107508 kB
Buffers:           20820 kB
