---2015-12-05 11:13:24
MemTotal:        1386568 kB
MemFree:           37344 kB
Buffers:           10980 kB
Cached:           646780 kB
SwapCached:         3580 kB
Active:           545328 kB
Inactive:         592188 kB
Active(anon):     241952 kB
Inactive(anon):   241452 kB
Active(file):     303376 kB
Inactive(file):   350736 kB
Unevictable:        3132 kB
Mlocked:               0 kB
HighTotal:        849920 kB
HighFree:          13540 kB
LowTotal:         536648 kB
LowFree:           23804 kB
SwapTotal:        786428 kB
SwapFree:         738648 kB
Dirty:                12 kB
Writeback:             0 kB
AnonPages:        481412 kB
Mapped:           306228 kB
Shmem:               516 kB
Slab:              52300 kB
SReclaimable:      17036 kB
SUnreclaim:        35264 kB
KernelStack:       13648 kB
PageTables:        45520 kB
NFS_Unstable:          0 kB
Bounce:                0 kB
WritebackTmp:          0 kB
CommitLimit:     1479712 kB
Committed_AS:   103195360 kB
VmallocTotal:     319488 kB
VmallocUsed:       23300 kB
VmallocChunk:     158732 kB
Time pass: 3 sec

---2015-12-05 11:13:24
MemTotal:        1386568 kB
MemFree:           32408 kB
Buffers:           10988 kB
Cached:           647632 kB
SwapCached:         3584 kB
Active:           546480 kB
Inactive:         592588 kB
Active(anon):     243088 kB
Inactive(anon):   241144 kB
Active(file):     303392 kB
Inactive(file):   351444 kB
Unevictable:        3132 kB
Mlocked:               0 kB
HighTotal:        849920 kB
HighFree:          10932 kB
LowTotal:         536648 kB
LowFree:           21476 kB
SwapTotal:        786428 kB
SwapFree:         738648 kB
Dirty:                12 kB
Writeback:             0 kB
AnonPages:        481856 kB
Mapped:           306296 kB
Shmem:               516 kB
Slab:              53068 kB
SReclaimable:      17044 kB
SUnreclaim:        36024 kB
KernelStack:       13768 kB
PageTables:        45524 kB
NFS_Unstable:          0 kB
Bounce:                0 kB
WritebackTmp:          0 kB
CommitLimit:     1479712 kB
Committed_AS:   103195472 kB
VmallocTotal:     319488 kB
VmallocUsed:       23436 kB
VmallocChunk:     158732 kB
Time pass: 7 sec

---2015-12-05 11:13:24
MemTotal:        1386568 kB
MemFree:           35220 kB
Buffers:           10988 kB
Cached:           647572 kB
SwapCached:         3584 kB
Active:           546692 kB
Inactive:         592388 kB
Active(anon):     243292 kB
Inactive(anon):   240876 kB
Active(file):     303400 kB
Inactive(file):   351512 kB
Unevictable:        3132 kB
Mlocked:               0 kB
HighTotal:        849920 kB
HighFree:          12172 kB
LowTotal:         536648 kB
LowFree:           23048 kB
SwapTotal:        786428 kB
SwapFree:         738648 kB
Dirty:                36 kB
Writeback:             0 kB
AnonPages:        482148 kB
Mapped:           306244 kB
Shmem:               516 kB
Slab:              53136 kB
SReclaimable:      17060 kB
SUnreclaim:        36076 kB
KernelStack:       13648 kB
PageTables:        45520 kB
NFS_Unstable:          0 kB
Bounce:                0 kB
WritebackTmp:          0 kB
CommitLimit:     1479712 kB
Committed_AS:   103195688 kB
VmallocTotal:     319488 kB
VmallocUsed:       23232 kB
VmallocChunk:     158732 kB
Time pass: 11 sec

---2015-12-05 11:13:24
MemTotal:        1386568 kB
MemFree:           36860 kB
Buffers:           10996 kB
Cached:           647572 kB
SwapCached:         3584 kB
Active:           546244 kB
Inactive:         591304 kB
Active(anon):     242844 kB
Inactive(anon):   239784 kB
Active(file):     303400 kB
Inactive(file):   351520 kB
Unevictable:        3132 kB
Mlocked:               0 kB
HighTotal:        849920 kB
HighFree:          13068 kB
LowTotal:         536648 kB
LowFree:           23792 kB
SwapTotal:        786428 kB
SwapFree:         738652 kB
Dirty:                16 kB
Writeback:             0 kB
AnonPages:        480652 kB
Mapped:           306244 kB
Shmem:               516 kB
Slab:              52912 kB
SReclaimable:      17044 kB
SUnreclaim:        35868 kB
KernelStack:       13648 kB
PageTables:        45524 kB
NFS_Unstable:          0 kB
Bounce:                0 kB
WritebackTmp:          0 kB
CommitLimit:     1479712 kB
Committed_AS:   103195768 kB
VmallocTotal:     319488 kB
VmallocUsed:       23232 kB
VmallocChunk:     158732 kB
Time pass: 15 sec

---2015-12-05 11:13:24
MemTotal:        1386568 kB
MemFree:           29072 kB
Buffers:           10956 kB
Cached:           637416 kB
SwapCached:         3664 kB
Active:           550928 kB
Inactive:         587780 kB
Active(anon):     246912 kB
Inactive(anon):   247268 kB
Active(file):     304016 kB
Inactive(file):   340512 kB
Unevictable:        3132 kB
Mlocked:               0 kB
HighTotal:        849920 kB
HighFree:           9336 kB
LowTotal:         536648 kB
LowFree:           19736 kB
SwapTotal:        786428 kB
SwapFree:         738092 kB
Dirty:               708 kB
Writeback:             0 kB
AnonPages:        491844 kB
Mapped:           319196 kB
Shmem:               516 kB
Slab:              52896 kB
SReclaimable:      17112 kB
SUnreclaim:        35784 kB
KernelStack:       13960 kB
PageTables:        46048 kB
NFS_Unstable:          0 kB
Bounce:                0 kB
WritebackTmp:          0 kB
CommitLimit:     1479712 kB
Committed_AS:   104486988 kB
VmallocTotal:     319488 kB
VmallocUsed:       22584 kB
VmallocChunk:     158732 kB
Time pass: 18 sec

---2015-12-05 11:13:24
MemTotal:        1386568 kB
MemFree:           41220 kB
Buffers:           10756 kB
Cached:           607064 kB
SwapCached:         3628 kB
Active:           550508 kB
Inactive:         560924 kB
Active(anon):     255708 kB
Inactive(anon):   241728 kB
Active(file):     294800 kB
Inactive(file):   319196 kB
Unevictable:        3132 kB
Mlocked:               0 kB
HighTotal:        849920 kB
HighFree:          17180 kB
LowTotal:         536648 kB
LowFree:           24040 kB
SwapTotal:        786428 kB
SwapFree:         737652 kB
Dirty:              1180 kB
Writeback:             0 kB
AnonPages:        495188 kB
Mapped:           334232 kB
Shmem:               648 kB
Slab:              53248 kB
SReclaimable:      17228 kB
SUnreclaim:        36020 kB
KernelStack:       14224 kB
PageTables:        46372 kB
NFS_Unstable:          0 kB
Bounce:                0 kB
WritebackTmp:          0 kB
CommitLimit:     1479712 kB
Committed_AS:   104501252 kB
VmallocTotal:     319488 kB
VmallocUsed:       22548 kB
VmallocChunk:     158732 kB
Time pass: 23 sec

---2015-12-05 11:13:24
MemTotal:        1386568 kB
MemFree:           29420 kB
Buffers:           10784 kB
Cached:           597616 kB
SwapCached:         3648 kB
Active:           545796 kB
Inactive:         566888 kB
Active(anon):     253812 kB
Inactive(anon):   254252 kB
Active(file):     291984 kB
Inactive(file):   312636 kB
Unevictable:        3132 kB
Mlocked:               0 kB
HighTotal:        849920 kB
HighFree:          10640 kB
LowTotal:         536648 kB
LowFree:           18780 kB
SwapTotal:        786428 kB
SwapFree:         737480 kB
Dirty:               212 kB
Writeback:             0 kB
AnonPages:        505976 kB
Mapped:           339412 kB
Shmem:               648 kB
Slab:              52980 kB
SReclaimable:      17180 kB
SUnreclaim:        35800 kB
KernelStack:       14184 kB
PageTables:        46408 kB
NFS_Unstable:          0 kB
Bounce:                0 kB
WritebackTmp:          0 kB
CommitLimit:     1479712 kB
Committed_AS:   104512812 kB
VmallocTotal:     319488 kB
VmallocUsed:       22524 kB
VmallocChunk:     158732 kB
Time pass: 26 sec

---2015-12-05 11:13:24
MemTotal:        1386568 kB
MemFree:          125308 kB
Buffers:           10792 kB
Cached:           587588 kB
SwapCached:         3652 kB
Active:           467728 kB
Inactive:         550860 kB
Active(anon):     173312 kB
Inactive(anon):   250704 kB
Active(file):     294416 kB
Inactive(file):   300156 kB
Unevictable:        3132 kB
Mlocked:               0 kB
HighTotal:        849920 kB
HighFree:          69028 kB
LowTotal:         536648 kB
LowFree:           56280 kB
SwapTotal:        786428 kB
SwapFree:         737228 kB
Dirty:               168 kB
Writeback:             0 kB
AnonPages:        421492 kB
Mapped:           294076 kB
Shmem:               648 kB
Slab:              52536 kB
SReclaimable:      17160 kB
SUnreclaim:        35376 kB
KernelStack:       13328 kB
PageTables:        33316 kB
NFS_Unstable:          0 kB
Bounce:                0 kB
WritebackTmp:          0 kB
CommitLimit:     1479712 kB
Committed_AS:   72180316 kB
VmallocTotal:     319488 kB
VmallocUsed:       15568 kB
VmallocChunk:     158732 kB
Time pass: 30 sec

---2015-12-05 11:13:24
MemTotal:        1386568 kB
MemFree:          129360 kB
Buffers:           10800 kB
Cached:           587476 kB
SwapCached:         3656 kB
Active:           469592 kB
Inactive:         550324 kB
Active(anon):     174924 kB
Inactive(anon):   250356 kB
Active(file):     294668 kB
Inactive(file):   299968 kB
Unevictable:        3132 kB
Mlocked:               0 kB
HighTotal:        849920 kB
HighFree:          69652 kB
LowTotal:         536648 kB
LowFree:           59708 kB
SwapTotal:        786428 kB
SwapFree:         737240 kB
Dirty:                 4 kB
Writeback:             0 kB
AnonPages:        423252 kB
Mapped:           293856 kB
Shmem:               508 kB
Slab:              52808 kB
SReclaimable:      17152 kB
SUnreclaim:        35656 kB
KernelStack:       11328 kB
PageTables:        33104 kB
NFS_Unstable:          0 kB
Bounce:                0 kB
WritebackTmp:          0 kB
CommitLimit:     1479712 kB
Committed_AS:   72180212 kB
VmallocTotal:     319488 kB
VmallocUsed:       15196 kB
VmallocChunk:     158732 kB
Time pass: 34 sec

---2015-12-05 11:13:24
MemTotal:        1386568 kB
MemFree:           90368 kB
Buffers:           10824 kB
Cached:           599996 kB
SwapCached:         4212 kB
Active:           485112 kB
Inactive:         562140 kB
Active(anon):     189756 kB
Inactive(anon):   250344 kB
Active(file):     295356 kB
Inactive(file):   311796 kB
Unevictable:        3132 kB
Mlocked:               0 kB
HighTotal:        849920 kB
HighFree:          30680 kB
LowTotal:         536648 kB
LowFree:           59688 kB
SwapTotal:        786428 kB
SwapFree:         737336 kB
Dirty:               152 kB
Writeback:             0 kB
AnonPages:        438204 kB
Mapped:           302108 kB
Shmem:               508 kB
Slab:              52564 kB
SReclaimable:      17152 kB
SUnreclaim:        35412 kB
KernelStack:       11400 kB
PageTables:        33188 kB
NFS_Unstable:          0 kB
Bounce:                0 kB
WritebackTmp:          0 kB
CommitLimit:     1479712 kB
Committed_AS:   72198296 kB
VmallocTotal:     319488 kB
VmallocUsed:       15444 kB
VmallocChunk:     158732 kB
Time pass: 38 sec

---2015-12-05 11:13:24
MemTotal:        1386568 kB
MemFree:           94624 kB
Buffers:           10860 kB
Cached:           601032 kB
SwapCached:         4212 kB
Active:           478876 kB
Inactive:         562988 kB
Active(anon):     183492 kB
Inactive(anon):   250120 kB
Active(file):     295384 kB
Inactive(file):   312868 kB
Unevictable:        3132 kB
Mlocked:               0 kB
HighTotal:        849920 kB
HighFree:          33104 kB
LowTotal:         536648 kB
LowFree:           61520 kB
SwapTotal:        786428 kB
SwapFree:         737340 kB
Dirty:               116 kB
Writeback:             0 kB
AnonPages:        431652 kB
Mapped:           301188 kB
Shmem:               508 kB
Slab:              52328 kB
SReclaimable:      17168 kB
SUnreclaim:        35160 kB
KernelStack:       11496 kB
PageTables:        33212 kB
NFS_Unstable:          0 kB
Bounce:                0 kB
WritebackTmp:          0 kB
CommitLimit:     1479712 kB
Committed_AS:   72194536 kB
VmallocTotal:     319488 kB
VmallocUsed:       15568 kB
VmallocChunk:     158732 kB
Time pass: 42 sec

---2015-12-05 11:13:24
MemTotal:        1386568 kB
MemFree:           80756 kB
Buffers:           10868 kB
Cached:           602144 kB
SwapCached:         4212 kB
Active:           495512 kB
Inactive:         563764 kB
Active(anon):     199900 kB
Inactive(anon):   250004 kB
Active(file):     295612 kB
Inactive(file):   313760 kB
Unevictable:        3132 kB
Mlocked:               0 kB
HighTotal:        849920 kB
HighFree:          11860 kB
LowTotal:         536648 kB
LowFree:           68896 kB
SwapTotal:        786428 kB
SwapFree:         737344 kB
Dirty:               628 kB
Writeback:             0 kB
AnonPages:        447868 kB
Mapped:           301520 kB
Shmem:               508 kB
Slab:              52460 kB
SReclaimable:      17208 kB
SUnreclaim:        35252 kB
KernelStack:       11440 kB
PageTables:        33220 kB
NFS_Unstable:          0 kB
Bounce:                0 kB
WritebackTmp:          0 kB
CommitLimit:     1479712 kB
Committed_AS:   72200496 kB
VmallocTotal:     319488 kB
VmallocUsed:       15392 kB
VmallocChunk:     158732 kB
Time pass: 46 sec

---2015-12-05 11:13:24
MemTotal:        1386568 kB
MemFree:           65176 kB
Buffers:           10884 kB
Cached:           602756 kB
SwapCached:         4308 kB
Active:           499104 kB
Inactive:         562200 kB
Active(anon):     203472 kB
Inactive(anon):   247880 kB
Active(file):     295632 kB
Inactive(file):   314320 kB
Unevictable:        3132 kB
Mlocked:               0 kB
HighTotal:        849920 kB
HighFree:           8940 kB
LowTotal:         536648 kB
LowFree:           56236 kB
SwapTotal:        786428 kB
SwapFree:         737564 kB
Dirty:               372 kB
Writeback:             0 kB
AnonPages:        449460 kB
Mapped:           313036 kB
Shmem:               508 kB
Slab:              52192 kB
SReclaimable:      17216 kB
SUnreclaim:        34976 kB
KernelStack:       11512 kB
PageTables:        33248 kB
NFS_Unstable:          0 kB
Bounce:                0 kB
WritebackTmp:          0 kB
CommitLimit:     1479712 kB
Committed_AS:   72201816 kB
VmallocTotal:     319488 kB
VmallocUsed:       15556 kB
VmallocChunk:     158732 kB
Time pass: 49 sec

---2015-12-05 11:13:24
MemTotal:        1386568 kB
MemFree:           66340 kB
Buffers:           10884 kB
Cached:           602840 kB
SwapCached:         4308 kB
Active:           499080 kB
Inactive:         562272 kB
Active(anon):     203444 kB
Inactive(anon):   247856 kB
Active(file):     295636 kB
Inactive(file):   314416 kB
Unevictable:        3132 kB
Mlocked:               0 kB
HighTotal:        849920 kB
HighFree:           9560 kB
LowTotal:         536648 kB
LowFree:           56780 kB
SwapTotal:        786428 kB
SwapFree:         737564 kB
Dirty:               392 kB
Writeback:             0 kB
AnonPages:        449296 kB
Mapped:           313752 kB
Shmem:               508 kB
Slab:              53000 kB
SReclaimable:      17200 kB
SUnreclaim:        35800 kB
KernelStack:       11400 kB
PageTables:        33256 kB
NFS_Unstable:          0 kB
Bounce:                0 kB
WritebackTmp:          0 kB
CommitLimit:     1479712 kB
Committed_AS:   72201888 kB
VmallocTotal:     319488 kB
VmallocUsed:       15420 kB
VmallocChunk:     158732 kB
Time pass: 53 sec

---2015-12-05 11:13:24
MemTotal:        1386568 kB
MemFree:           53020 kB
Buffers:           10892 kB
Cached:           604328 kB
SwapCached:         4304 kB
Active:           501548 kB
Inactive:         563760 kB
Active(anon):     205868 kB
Inactive(anon):   247860 kB
Active(file):     295680 kB
Inactive(file):   315900 kB
Unevictable:        3132 kB
Mlocked:               0 kB
HighTotal:        849920 kB
HighFree:           9632 kB
LowTotal:         536648 kB
LowFree:           43388 kB
SwapTotal:        786428 kB
SwapFree:         737572 kB
Dirty:               360 kB
Writeback:             0 kB
AnonPages:        451848 kB
Mapped:           321756 kB
Shmem:               508 kB
Slab:              52812 kB
SReclaimable:      17200 kB
SUnreclaim:        35612 kB
KernelStack:       11440 kB
PageTables:        33276 kB
NFS_Unstable:          0 kB
Bounce:                0 kB
WritebackTmp:          0 kB
CommitLimit:     1479712 kB
Committed_AS:   72202120 kB
VmallocTotal:     319488 kB
VmallocUsed:       15432 kB
VmallocChunk:     158732 kB
Time pass: 57 sec

---2015-12-05 11:13:24
MemTotal:        1386568 kB
MemFree:           52388 kB
Buffers:           10900 kB
Cached:           604328 kB
SwapCached:         4304 kB
Active:           501732 kB
Inactive:         563772 kB
Active(anon):     206052 kB
Inactive(anon):   247864 kB
Active(file):     295680 kB
Inactive(file):   315908 kB
Unevictable:        3132 kB
Mlocked:               0 kB
HighTotal:        849920 kB
HighFree:           9244 kB
LowTotal:         536648 kB
LowFree:           43144 kB
SwapTotal:        786428 kB
SwapFree:         737576 kB
Dirty:                64 kB
Writeback:             0 kB
AnonPages:        451988 kB
Mapped:           321780 kB
Shmem:               508 kB
Slab:              52680 kB
SReclaimable:      17200 kB
SUnreclaim:        35480 kB
KernelStack:       11528 kB
PageTables:        33280 kB
NFS_Unstable:          0 kB
Bounce:                0 kB
WritebackTmp:          0 kB
CommitLimit:     1479712 kB
Committed_AS:   72202360 kB
VmallocTotal:     319488 kB
VmallocUsed:       15500 kB
VmallocChunk:     158732 kB
Time pass: 60 sec

---2015-12-05 11:13:24
MemTotal:        1386568 kB
MemFree:           38648 kB
Buffers:           10908 kB
Cached:           605056 kB
SwapCached:         4304 kB
Active:           507724 kB
Inactive:         564048 kB
Active(anon):     211592 kB
Inactive(anon):   247856 kB
Active(file):     296132 kB
Inactive(file):   316192 kB
Unevictable:        3132 kB
Mlocked:               0 kB
HighTotal:        849920 kB
HighFree:           8728 kB
LowTotal:         536648 kB
LowFree:           29920 kB
SwapTotal:        786428 kB
SwapFree:         737576 kB
Dirty:               596 kB
Writeback:             0 kB
AnonPages:        457488 kB
Mapped:           327856 kB
Shmem:               508 kB
Slab:              52496 kB
SReclaimable:      17248 kB
SUnreclaim:        35248 kB
KernelStack:       11440 kB
PageTables:        33312 kB
NFS_Unstable:          0 kB
Bounce:                0 kB
WritebackTmp:          0 kB
CommitLimit:     1479712 kB
Committed_AS:   72210984 kB
VmallocTotal:     319488 kB
VmallocUsed:       15456 kB
VmallocChunk:     158732 kB
Time pass: 64 sec

---2015-12-05 11:13:24
MemTotal:        1386568 kB
MemFree:           27492 kB
Buffers:           10916 kB
Cached:           606856 kB
SwapCached:         4312 kB
Active:           515532 kB
Inactive:         565224 kB
Active(anon):     219260 kB
Inactive(anon):   247508 kB
Active(file):     296272 kB
Inactive(file):   317716 kB
Unevictable:        3132 kB
Mlocked:               0 kB
HighTotal:        849920 kB
HighFree:           9492 kB
LowTotal:         536648 kB
LowFree:           18000 kB
SwapTotal:        786428 kB
SwapFree:         737520 kB
Dirty:               308 kB
Writeback:             0 kB
AnonPages:        464836 kB
Mapped:           331368 kB
Shmem:               508 kB
Slab:              53092 kB
SReclaimable:      17256 kB
SUnreclaim:        35836 kB
KernelStack:       11608 kB
PageTables:        33348 kB
NFS_Unstable:          0 kB
Bounce:                0 kB
WritebackTmp:          0 kB
CommitLimit:     1479712 kB
Committed_AS:   72219336 kB
VmallocTotal:     319488 kB
VmallocUsed:       15592 kB
VmallocChunk:     158732 kB
Time pass: 68 sec

---2015-12-05 11:13:24
MemTotal:        1386568 kB
MemFree:           28508 kB
Buffers:           10988 kB
Cached:           570748 kB
SwapCached:         4652 kB
Active:           525364 kB
Inactive:         532324 kB
Active(anon):     238200 kB
Inactive(anon):   242292 kB
Active(file):     287164 kB
Inactive(file):   290032 kB
Unevictable:        3132 kB
Mlocked:               0 kB
HighTotal:        849920 kB
HighFree:          10152 kB
LowTotal:         536648 kB
LowFree:           18356 kB
SwapTotal:        786428 kB
SwapFree:         734808 kB
Dirty:               120 kB
Writeback:             0 kB
AnonPages:        477812 kB
Mapped:           332816 kB
Shmem:              1024 kB
Slab:              53040 kB
SReclaimable:      17260 kB
SUnreclaim:        35780 kB
KernelStack:       11752 kB
PageTables:        34012 kB
NFS_Unstable:          0 kB
Bounce:                0 kB
WritebackTmp:          0 kB
CommitLimit:     1479712 kB
Committed_AS:   73494152 kB
VmallocTotal:     319488 kB
VmallocUsed:       15592 kB
VmallocChunk:     158732 kB
Time pass: 73 sec

---2015-12-05 11:13:24
MemTotal:        1386568 kB
MemFree:           35464 kB
Buffers:           10856 kB
Cached:           531608 kB
SwapCached:         4764 kB
Active:           509580 kB
Inactive:         510364 kB
Active(anon):     240552 kB
Inactive(anon):   241292 kB
Active(file):     269028 kB
Inactive(file):   269072 kB
Unevictable:        3132 kB
Mlocked:               0 kB
HighTotal:        849920 kB
HighFree:          14040 kB
LowTotal:         536648 kB
LowFree:           21424 kB
SwapTotal:        786428 kB
SwapFree:         730292 kB
Dirty:               160 kB
Writeback:             0 kB
AnonPages:        478836 kB
Mapped:           328384 kB
Shmem:              1232 kB
Slab:              52908 kB
SReclaimable:      17260 kB
SUnreclaim:        35648 kB
KernelStack:       11904 kB
PageTables:        34176 kB
NFS_Unstable:          0 kB
Bounce:                0 kB
WritebackTmp:          0 kB
CommitLimit:     1479712 kB
Committed_AS:   73493536 kB
VmallocTotal:     319488 kB
VmallocUsed:       15592 kB
VmallocChunk:     158732 kB
Time pass: 78 sec

---2015-12-05 11:13:24
MemTotal:        1386568 kB
MemFree:           37808 kB
Buffers:           10880 kB
Cached:           531260 kB
SwapCached:         4764 kB
Active:           508608 kB
Inactive:         509764 kB
Active(anon):     239344 kB
Inactive(anon):   240892 kB
Active(file):     269264 kB
Inactive(file):   268872 kB
Unevictable:        3132 kB
Mlocked:               0 kB
HighTotal:        849920 kB
HighFree:          12496 kB
LowTotal:         536648 kB
LowFree:           25312 kB
SwapTotal:        786428 kB
SwapFree:         730292 kB
Dirty:                12 kB
Writeback:             0 kB
AnonPages:        477712 kB
Mapped:           328048 kB
Shmem:               872 kB
Slab:              53300 kB
SReclaimable:      17276 kB
SUnreclaim:        36024 kB
KernelStack:       11864 kB
PageTables:        34168 kB
NFS_Unstable:          0 kB
Bounce:                0 kB
WritebackTmp:          0 kB
CommitLimit:     1479712 kB
Committed_AS:   73492348 kB
VmallocTotal:     319488 kB
VmallocUsed:       15592 kB
VmallocChunk:     158732 kB
Time pass: 82 sec

---2015-12-05 11:13:24
MemTotal:        1386568 kB
MemFree:           36220 kB
Buffers:           12412 kB
Cached:           531204 kB
SwapCached:         4768 kB
Active:           509032 kB
Inactive:         511264 kB
Active(anon):     239768 kB
Inactive(anon):   240892 kB
Active(file):     269264 kB
Inactive(file):   270372 kB
Unevictable:        3132 kB
Mlocked:               0 kB
HighTotal:        849920 kB
HighFree:          11936 kB
LowTotal:         536648 kB
LowFree:           24284 kB
SwapTotal:        786428 kB
SwapFree:         730308 kB
Dirty:                16 kB
Writeback:             0 kB
AnonPages:        478256 kB
Mapped:           328080 kB
Shmem:               872 kB
Slab:              53012 kB
SReclaimable:      17276 kB
SUnreclaim:        35736 kB
KernelStack:       11832 kB
PageTables:        34176 kB
NFS_Unstable:          0 kB
Bounce:                0 kB
WritebackTmp:          0 kB
CommitLimit:     1479712 kB
Committed_AS:   73492408 kB
VmallocTotal:     319488 kB
VmallocUsed:       15592 kB
VmallocChunk:     158732 kB
Time pass: 85 sec

---2015-12-05 11:13:24
MemTotal:        1386568 kB
MemFree:           33032 kB
Buffers:           12436 kB
Cached:           531316 kB
SwapCached:         4768 kB
Active:           509596 kB
Inactive:         511368 kB
Active(anon):     240324 kB
Inactive(anon):   240944 kB
Active(file):     269272 kB
Inactive(file):   270424 kB
Unevictable:        3132 kB
Mlocked:               0 kB
HighTotal:        849920 kB
HighFree:           8712 kB
LowTotal:         536648 kB
LowFree:           24320 kB
SwapTotal:        786428 kB
SwapFree:         730308 kB
Dirty:                72 kB
Writeback:             0 kB
AnonPages:        478676 kB
Mapped:           327984 kB
Shmem:               924 kB
Slab:              53380 kB
SReclaimable:      17276 kB
SUnreclaim:        36104 kB
KernelStack:       11832 kB
PageTables:        34172 kB
NFS_Unstable:          0 kB
Bounce:                0 kB
WritebackTmp:          0 kB
CommitLimit:     1479712 kB
Committed_AS:   73496640 kB
VmallocTotal:     319488 kB
VmallocUsed:       15592 kB
VmallocChunk:     158732 kB
Time pass: 89 sec

---2015-12-05 11:13:24
MemTotal:        1386568 kB
MemFree:           83876 kB
Buffers:           12452 kB
Cached:           531568 kB
SwapCached:         4764 kB
Active:           472532 kB
Inactive:         504396 kB
Active(anon):     203160 kB
Inactive(anon):   233824 kB
Active(file):     269372 kB
Inactive(file):   270572 kB
Unevictable:        3132 kB
Mlocked:               0 kB
HighTotal:        849920 kB
HighFree:          37596 kB
LowTotal:         536648 kB
LowFree:           46280 kB
SwapTotal:        786428 kB
SwapFree:         730312 kB
Dirty:                72 kB
Writeback:             0 kB
AnonPages:        434360 kB
Mapped:           311224 kB
Shmem:               924 kB
Slab:              53240 kB
SReclaimable:      17272 kB
SUnreclaim:        35968 kB
KernelStack:       10944 kB
PageTables:        28252 kB
NFS_Unstable:          0 kB
Bounce:                0 kB
WritebackTmp:          0 kB
CommitLimit:     1479712 kB
Committed_AS:   59827872 kB
VmallocTotal:     319488 kB
VmallocUsed:       12364 kB
VmallocChunk:     186380 kB
Time pass: 93 sec

---2015-12-05 11:13:24
MemTotal:        1386568 kB
MemFree:           88396 kB
Buffers:           12452 kB
Cached:           531568 kB
SwapCached:         4764 kB
Active:           469228 kB
Inactive:         504416 kB
Active(anon):     199856 kB
Inactive(anon):   233824 kB
Active(file):     269372 kB
Inactive(file):   270592 kB
Unevictable:        3132 kB
Mlocked:               0 kB
HighTotal:        849920 kB
HighFree:          39424 kB
LowTotal:         536648 kB
LowFree:           48972 kB
SwapTotal:        786428 kB
SwapFree:         730312 kB
Dirty:                72 kB
Writeback:             0 kB
AnonPages:        431060 kB
Mapped:           311176 kB
Shmem:               924 kB
Slab:              52720 kB
SReclaimable:      17272 kB
SUnreclaim:        35448 kB
KernelStack:       10888 kB
PageTables:        28340 kB
NFS_Unstable:          0 kB
Bounce:                0 kB
WritebackTmp:          0 kB
CommitLimit:     1479712 kB
Committed_AS:   59827936 kB
VmallocTotal:     319488 kB
VmallocUsed:       12296 kB
VmallocChunk:     186380 kB
Time pass: 97 sec

---2015-12-05 11:13:24
MemTotal:        1386568 kB
MemFree:           79620 kB
Buffers:           12480 kB
Cached:           536196 kB
SwapCached:         4764 kB
Active:           473488 kB
Inactive:         508616 kB
Active(anon):     203980 kB
Inactive(anon):   233772 kB
Active(file):     269508 kB
Inactive(file):   274844 kB
Unevictable:        3132 kB
Mlocked:               0 kB
HighTotal:        849920 kB
HighFree:          31468 kB
LowTotal:         536648 kB
LowFree:           48152 kB
SwapTotal:        786428 kB
SwapFree:         730352 kB
Dirty:                88 kB
Writeback:             0 kB
AnonPages:        435236 kB
Mapped:           311344 kB
Shmem:               952 kB
Slab:              53260 kB
SReclaimable:      17272 kB
SUnreclaim:        35988 kB
KernelStack:       10872 kB
PageTables:        28840 kB
NFS_Unstable:          0 kB
Bounce:                0 kB
WritebackTmp:          0 kB
CommitLimit:     1479712 kB
Committed_AS:   62512928 kB
VmallocTotal:     319488 kB
VmallocUsed:       12364 kB
VmallocChunk:     186380 kB
Time pass: 101 sec

---2015-12-05 11:13:24
MemTotal:        1386568 kB
MemFree:          202404 kB
Buffers:           12512 kB
Cached:           538552 kB
SwapCached:         4820 kB
Active:           406784 kB
Inactive:         510432 kB
Active(anon):     136388 kB
Inactive(anon):   233272 kB
Active(file):     270396 kB
Inactive(file):   277160 kB
Unevictable:        3132 kB
Mlocked:               0 kB
HighTotal:        849920 kB
HighFree:          98676 kB
LowTotal:         536648 kB
LowFree:          103728 kB
SwapTotal:        786428 kB
SwapFree:         730464 kB
Dirty:                96 kB
Writeback:             0 kB
AnonPages:        367468 kB
Mapped:           237020 kB
Shmem:               376 kB
Slab:              53216 kB
SReclaimable:      17240 kB
SUnreclaim:        35976 kB
KernelStack:       10376 kB
PageTables:        28396 kB
NFS_Unstable:          0 kB
Bounce:                0 kB
WritebackTmp:          0 kB
CommitLimit:     1479712 kB
Committed_AS:   62170308 kB
VmallocTotal:     319488 kB
VmallocUsed:       12048 kB
VmallocChunk:     186380 kB
Time pass: 104 sec

---2015-12-05 11:13:24
MemTotal:        1386568 kB
MemFree:          166908 kB
Buffers:           12552 kB
Cached:           539544 kB
SwapCached:         4828 kB
Active:           432868 kB
Inactive:         508040 kB
Active(anon):     159236 kB
Inactive(anon):   233260 kB
Active(file):     273632 kB
Inactive(file):   274780 kB
Unevictable:        3132 kB
Mlocked:               0 kB
HighTotal:        849920 kB
HighFree:          66712 kB
LowTotal:         536648 kB
LowFree:          100196 kB
SwapTotal:        786428 kB
SwapFree:         730476 kB
Dirty:               188 kB
Writeback:             0 kB
AnonPages:        390156 kB
Mapped:           268616 kB
Shmem:               508 kB
Slab:              53292 kB
SReclaimable:      17256 kB
SUnreclaim:        36036 kB
KernelStack:       10720 kB
PageTables:        29212 kB
NFS_Unstable:          0 kB
Bounce:                0 kB
WritebackTmp:          0 kB
CommitLimit:     1479712 kB
Committed_AS:   63479484 kB
VmallocTotal:     319488 kB
VmallocUsed:       12248 kB
VmallocChunk:     186380 kB
Time pass: 108 sec

---2015-12-05 11:13:24
MemTotal:        1386568 kB
MemFree:          152072 kB
Buffers:           12552 kB
Cached:           540336 kB
SwapCached:         4828 kB
Active:           443480 kB
Inactive:         505344 kB
Active(anon):     169740 kB
Inactive(anon):   229940 kB
Active(file):     273740 kB
Inactive(file):   275404 kB
Unevictable:        3132 kB
Mlocked:               0 kB
HighTotal:        849920 kB
HighFree:          47180 kB
LowTotal:         536648 kB
LowFree:          104892 kB
SwapTotal:        786428 kB
SwapFree:         730476 kB
Dirty:               368 kB
Writeback:             0 kB
AnonPages:        397624 kB
Mapped:           279388 kB
Shmem:               512 kB
Slab:              53132 kB
SReclaimable:      17240 kB
SUnreclaim:        35892 kB
KernelStack:       10864 kB
PageTables:        29308 kB
NFS_Unstable:          0 kB
Bounce:                0 kB
WritebackTmp:          0 kB
CommitLimit:     1479712 kB
Committed_AS:   63490100 kB
VmallocTotal:     319488 kB
VmallocUsed:       12196 kB
VmallocChunk:     186380 kB
Time pass: 112 sec

---2015-12-05 11:13:24
MemTotal:        1386568 kB
MemFree:          136264 kB
Buffers:           12632 kB
Cached:           540640 kB
SwapCached:         4828 kB
Active:           445984 kB
Inactive:         505472 kB
Active(anon):     171888 kB
Inactive(anon):   229940 kB
Active(file):     274096 kB
Inactive(file):   275532 kB
Unevictable:        3132 kB
Mlocked:               0 kB
HighTotal:        849920 kB
HighFree:          31836 kB
LowTotal:         536648 kB
LowFree:          104428 kB
SwapTotal:        786428 kB
SwapFree:         730476 kB
Dirty:               340 kB
Writeback:             0 kB
AnonPages:        399628 kB
Mapped:           288992 kB
Shmem:               512 kB
Slab:              52964 kB
SReclaimable:      17240 kB
SUnreclaim:        35724 kB
KernelStack:       10848 kB
PageTables:        29300 kB
NFS_Unstable:          0 kB
Bounce:                0 kB
WritebackTmp:          0 kB
CommitLimit:     1479712 kB
Committed_AS:   63498660 kB
VmallocTotal:     319488 kB
VmallocUsed:       12304 kB
VmallocChunk:     186380 kB
Time pass: 116 sec

---2015-12-05 11:13:24
MemTotal:        1386568 kB
MemFree:          118232 kB
Buffers:           12640 kB
Cached:           540784 kB
SwapCached:         4828 kB
Active:           451356 kB
Inactive:         505420 kB
Active(anon):     177020 kB
Inactive(anon):   229940 kB
Active(file):     274336 kB
Inactive(file):   275480 kB
Unevictable:        3132 kB
Mlocked:               0 kB
HighTotal:        849920 kB
HighFree:          13532 kB
LowTotal:         536648 kB
LowFree:          104700 kB
SwapTotal:        786428 kB
SwapFree:         730476 kB
Dirty:               276 kB
Writeback:             0 kB
AnonPages:        404672 kB
Mapped:           300100 kB
Shmem:               512 kB
Slab:              53240 kB
SReclaimable:      17240 kB
SUnreclaim:        36000 kB
KernelStack:       10848 kB
PageTables:        29348 kB
NFS_Unstable:          0 kB
Bounce:                0 kB
WritebackTmp:          0 kB
CommitLimit:     1479712 kB
Committed_AS:   63490764 kB
VmallocTotal:     319488 kB
VmallocUsed:       12236 kB
VmallocChunk:     186380 kB
Time pass: 119 sec

---2015-12-05 11:13:24
MemTotal:        1386568 kB
MemFree:          103208 kB
Buffers:           12648 kB
Cached:           541028 kB
SwapCached:         4828 kB
Active:           458904 kB
Inactive:         505268 kB
Active(anon):     184208 kB
Inactive(anon):   229936 kB
Active(file):     274696 kB
Inactive(file):   275332 kB
Unevictable:        3132 kB
Mlocked:               0 kB
HighTotal:        849920 kB
HighFree:           8776 kB
LowTotal:         536648 kB
LowFree:           94432 kB
SwapTotal:        786428 kB
SwapFree:         730476 kB
Dirty:               460 kB
Writeback:             0 kB
AnonPages:        411996 kB
Mapped:           307612 kB
Shmem:               512 kB
Slab:              53112 kB
SReclaimable:      17240 kB
SUnreclaim:        35872 kB
KernelStack:       10808 kB
PageTables:        29376 kB
NFS_Unstable:          0 kB
Bounce:                0 kB
WritebackTmp:          0 kB
CommitLimit:     1479712 kB
Committed_AS:   63499204 kB
VmallocTotal:     319488 kB
VmallocUsed:       12248 kB
VmallocChunk:     186380 kB
Time pass: 123 sec

---2015-12-05 11:13:24
MemTotal:        1386568 kB
MemFree:           95676 kB
Buffers:           12648 kB
Cached:           541040 kB
SwapCached:         4828 kB
Active:           458848 kB
Inactive:         505252 kB
Active(anon):     184120 kB
Inactive(anon):   229936 kB
Active(file):     274728 kB
Inactive(file):   275316 kB
Unevictable:        3132 kB
Mlocked:               0 kB
HighTotal:        849920 kB
HighFree:           9108 kB
LowTotal:         536648 kB
LowFree:           86568 kB
SwapTotal:        786428 kB
SwapFree:         730476 kB
Dirty:               568 kB
Writeback:             0 kB
AnonPages:        411800 kB
Mapped:           315296 kB
Shmem:               512 kB
Slab:              53020 kB
SReclaimable:      17248 kB
SUnreclaim:        35772 kB
KernelStack:       10736 kB
PageTables:        29392 kB
NFS_Unstable:          0 kB
Bounce:                0 kB
WritebackTmp:          0 kB
CommitLimit:     1479712 kB
Committed_AS:   63503724 kB
VmallocTotal:     319488 kB
VmallocUsed:       12148 kB
VmallocChunk:     186380 kB
Time pass: 126 sec

---2015-12-05 11:13:24
MemTotal:        1386568 kB
MemFree:           94628 kB
Buffers:           12656 kB
Cached:           541340 kB
SwapCached:         4828 kB
Active:           459744 kB
Inactive:         505524 kB
Active(anon):     185012 kB
Inactive(anon):   229904 kB
Active(file):     274732 kB
Inactive(file):   275620 kB
Unevictable:        3132 kB
Mlocked:               0 kB
HighTotal:        849920 kB
HighFree:           9392 kB
LowTotal:         536648 kB
LowFree:           85236 kB
SwapTotal:        786428 kB
SwapFree:         730476 kB
Dirty:               100 kB
Writeback:             0 kB
AnonPages:        412656 kB
Mapped:           315344 kB
Shmem:               512 kB
Slab:              52936 kB
SReclaimable:      17232 kB
SUnreclaim:        35704 kB
KernelStack:       10752 kB
PageTables:        29412 kB
NFS_Unstable:          0 kB
Bounce:                0 kB
WritebackTmp:          0 kB
CommitLimit:     1479712 kB
Committed_AS:   63504348 kB
VmallocTotal:     319488 kB
VmallocUsed:       12148 kB
VmallocChunk:     186380 kB
Time pass: 130 sec

---2015-12-05 11:13:24
MemTotal:        1386568 kB
MemFree:           91624 kB
Buffers:           12664 kB
Cached:           541340 kB
SwapCached:         4828 kB
Active:           460440 kB
Inactive:         505492 kB
Active(anon):     185708 kB
Inactive(anon):   229864 kB
Active(file):     274732 kB
Inactive(file):   275628 kB
Unevictable:        3132 kB
Mlocked:               0 kB
HighTotal:        849920 kB
HighFree:           8772 kB
LowTotal:         536648 kB
LowFree:           82852 kB
SwapTotal:        786428 kB
SwapFree:         730476 kB
Dirty:                28 kB
Writeback:             0 kB
AnonPages:        413052 kB
Mapped:           315320 kB
Shmem:               512 kB
Slab:              53116 kB
SReclaimable:      17232 kB
SUnreclaim:        35884 kB
KernelStack:       10840 kB
PageTables:        29560 kB
NFS_Unstable:          0 kB
Bounce:                0 kB
WritebackTmp:          0 kB
CommitLimit:     1479712 kB
Committed_AS:   63504356 kB
VmallocTotal:     319488 kB
VmallocUsed:       12352 kB
VmallocChunk:     186380 kB
Time pass: 134 sec

---2015-12-05 11:13:24
MemTotal:        1386568 kB
MemFree:           83096 kB
Buffers:           12696 kB
Cached:           541596 kB
SwapCached:         4828 kB
Active:           469584 kB
Inactive:         504788 kB
Active(anon):     193868 kB
Inactive(anon):   230008 kB
Active(file):     275716 kB
Inactive(file):   274780 kB
Unevictable:        3132 kB
Mlocked:               0 kB
HighTotal:        849920 kB
HighFree:           8648 kB
LowTotal:         536648 kB
LowFree:           74448 kB
SwapTotal:        786428 kB
SwapFree:         730484 kB
Dirty:                96 kB
Writeback:             0 kB
AnonPages:        421560 kB
Mapped:           318240 kB
Shmem:               664 kB
Slab:              53316 kB
SReclaimable:      17232 kB
SUnreclaim:        36084 kB
KernelStack:       11048 kB
PageTables:        29560 kB
NFS_Unstable:          0 kB
Bounce:                0 kB
WritebackTmp:          0 kB
CommitLimit:     1479712 kB
Committed_AS:   63523996 kB
VmallocTotal:     319488 kB
VmallocUsed:       12352 kB
VmallocChunk:     186380 kB
Time pass: 138 sec

---2015-12-05 11:13:24
MemTotal:        1386568 kB
MemFree:           77112 kB
Buffers:           12728 kB
Cached:           541716 kB
SwapCached:         4828 kB
Active:           474740 kB
Inactive:         504936 kB
Active(anon):     199024 kB
Inactive(anon):   230124 kB
Active(file):     275716 kB
Inactive(file):   274812 kB
Unevictable:        3132 kB
Mlocked:               0 kB
HighTotal:        849920 kB
HighFree:          12108 kB
LowTotal:         536648 kB
LowFree:           65004 kB
SwapTotal:        786428 kB
SwapFree:         730484 kB
Dirty:                80 kB
Writeback:             0 kB
AnonPages:        426592 kB
Mapped:           318792 kB
Shmem:               784 kB
Slab:              53160 kB
SReclaimable:      17232 kB
SUnreclaim:        35928 kB
KernelStack:       11056 kB
PageTables:        29592 kB
NFS_Unstable:          0 kB
Bounce:                0 kB
WritebackTmp:          0 kB
CommitLimit:     1479712 kB
Committed_AS:   63528260 kB
VmallocTotal:     319488 kB
VmallocUsed:       12352 kB
VmallocChunk:     186380 kB
Time pass: 142 sec

---2015-12-05 11:13:24
MemTotal:        1386568 kB
MemFree:           75504 kB
Buffers:           12728 kB
Cached:           541740 kB
SwapCached:         4828 kB
Active:           475948 kB
Inactive:         504960 kB
Active(anon):     200232 kB
Inactive(anon):   230128 kB
Active(file):     275716 kB
Inactive(file):   274832 kB
Unevictable:        3132 kB
Mlocked:               0 kB
HighTotal:        849920 kB
HighFree:          10216 kB
LowTotal:         536648 kB
LowFree:           65288 kB
SwapTotal:        786428 kB
SwapFree:         730484 kB
Dirty:                 8 kB
Writeback:             0 kB
AnonPages:        427828 kB
Mapped:           318648 kB
Shmem:               788 kB
Slab:              52960 kB
SReclaimable:      17232 kB
SUnreclaim:        35728 kB
KernelStack:       11064 kB
PageTables:        29600 kB
NFS_Unstable:          0 kB
Bounce:                0 kB
WritebackTmp:          0 kB
CommitLimit:     1479712 kB
Committed_AS:   63528308 kB
VmallocTotal:     319488 kB
VmallocUsed:       12352 kB
VmallocChunk:     186380 kB
Time pass: 146 sec

---2015-12-05 11:13:24
MemTotal:        1386568 kB
MemFree:           75552 kB
Buffers:           12736 kB
Cached:           541788 kB
SwapCached:         4828 kB
Active:           476320 kB
Inactive:         505004 kB
Active(anon):     200600 kB
Inactive(anon):   230164 kB
Active(file):     275720 kB
Inactive(file):   274840 kB
Unevictable:        3132 kB
Mlocked:               0 kB
HighTotal:        849920 kB
HighFree:          10172 kB
LowTotal:         536648 kB
LowFree:           65380 kB
SwapTotal:        786428 kB
SwapFree:         730484 kB
Dirty:                52 kB
Writeback:             0 kB
AnonPages:        428360 kB
Mapped:           318696 kB
Shmem:               832 kB
Slab:              53120 kB
SReclaimable:      17232 kB
SUnreclaim:        35888 kB
KernelStack:       11008 kB
PageTables:        29624 kB
NFS_Unstable:          0 kB
Bounce:                0 kB
WritebackTmp:          0 kB
CommitLimit:     1479712 kB
Committed_AS:   63528556 kB
VmallocTotal:     319488 kB
VmallocUsed:       12352 kB
VmallocChunk:     186380 kB
Time pass: 150 sec

---2015-12-05 11:13:24
MemTotal:        1386568 kB
MemFree:           74468 kB
Buffers:           12744 kB
Cached:           541816 kB
SwapCached:         4820 kB
Active:           477480 kB
Inactive:         505016 kB
Active(anon):     201756 kB
Inactive(anon):   230148 kB
Active(file):     275724 kB
Inactive(file):   274868 kB
Unevictable:        3132 kB
Mlocked:               0 kB
HighTotal:        849920 kB
HighFree:           9344 kB
LowTotal:         536648 kB
LowFree:           65124 kB
SwapTotal:        786428 kB
SwapFree:         730504 kB
Dirty:                52 kB
Writeback:             0 kB
AnonPages:        429428 kB
Mapped:           318700 kB
Shmem:               832 kB
Slab:              53088 kB
SReclaimable:      17232 kB
SUnreclaim:        35856 kB
KernelStack:       11032 kB
PageTables:        29608 kB
NFS_Unstable:          0 kB
Bounce:                0 kB
WritebackTmp:          0 kB
CommitLimit:     1479712 kB
Committed_AS:   63528644 kB
VmallocTotal:     319488 kB
VmallocUsed:       12352 kB
VmallocChunk:     186380 kB
Time pass: 154 sec

---2015-12-05 11:13:24
MemTotal:        1386568 kB
MemFree:           72964 kB
Buffers:           12744 kB
Cached:           542072 kB
SwapCached:         4820 kB
Active:           478244 kB
Inactive:         505276 kB
Active(anon):     202520 kB
Inactive(anon):   230404 kB
Active(file):     275724 kB
Inactive(file):   274872 kB
Unevictable:        3132 kB
Mlocked:               0 kB
HighTotal:        849920 kB
HighFree:           8808 kB
LowTotal:         536648 kB
LowFree:           64156 kB
SwapTotal:        786428 kB
SwapFree:         730504 kB
Dirty:                52 kB
Writeback:             0 kB
AnonPages:        430112 kB
Mapped:           319104 kB
Shmem:              1088 kB
Slab:              53056 kB
SReclaimable:      17232 kB
SUnreclaim:        35824 kB
KernelStack:       11056 kB
PageTables:        29608 kB
NFS_Unstable:          0 kB
Bounce:                0 kB
WritebackTmp:          0 kB
CommitLimit:     1479712 kB
Committed_AS:   63537212 kB
VmallocTotal:     319488 kB
VmallocUsed:       12352 kB
VmallocChunk:     186380 kB
Time pass: 158 sec

---2015-12-05 11:13:24
MemTotal:        1386568 kB
MemFree:           71096 kB
Buffers:           12792 kB
Cached:           542340 kB
SwapCached:         4820 kB
Active:           481228 kB
Inactive:         505520 kB
Active(anon):     205456 kB
Inactive(anon):   230644 kB
Active(file):     275772 kB
Inactive(file):   274876 kB
Unevictable:        3132 kB
Mlocked:               0 kB
HighTotal:        849920 kB
HighFree:           9008 kB
LowTotal:         536648 kB
LowFree:           62088 kB
SwapTotal:        786428 kB
SwapFree:         730552 kB
Dirty:               128 kB
Writeback:             0 kB
AnonPages:        432976 kB
Mapped:           319324 kB
Shmem:              1352 kB
Slab:              52928 kB
SReclaimable:      17232 kB
SUnreclaim:        35696 kB
KernelStack:       11000 kB
PageTables:        29600 kB
NFS_Unstable:          0 kB
Bounce:                0 kB
WritebackTmp:          0 kB
CommitLimit:     1479712 kB
Committed_AS:   63529016 kB
VmallocTotal:     319488 kB
VmallocUsed:       12284 kB
VmallocChunk:     186380 kB
Time pass: 162 sec

---2015-12-05 11:13:24
MemTotal:        1386568 kB
MemFree:           67984 kB
Buffers:           12808 kB
Cached:           542016 kB
SwapCached:         4820 kB
Active:           483412 kB
Inactive:         505056 kB
Active(anon):     207464 kB
Inactive(anon):   229828 kB
Active(file):     275948 kB
Inactive(file):   275228 kB
Unevictable:        3132 kB
Mlocked:               0 kB
HighTotal:        849920 kB
HighFree:           9340 kB
LowTotal:         536648 kB
LowFree:           58644 kB
SwapTotal:        786428 kB
SwapFree:         730580 kB
Dirty:                76 kB
Writeback:             0 kB
AnonPages:        435268 kB
Mapped:           318472 kB
Shmem:               508 kB
Slab:              53032 kB
SReclaimable:      17232 kB
SUnreclaim:        35800 kB
KernelStack:       10896 kB
PageTables:        29476 kB
NFS_Unstable:          0 kB
Bounce:                0 kB
WritebackTmp:          0 kB
CommitLimit:     1479712 kB
Committed_AS:   63537476 kB
VmallocTotal:     319488 kB
VmallocUsed:       12352 kB
VmallocChunk:     186380 kB
Time pass: 166 sec

---2015-12-05 11:13:24
MemTotal:        1386568 kB
MemFree:           63480 kB
Buffers:           12840 kB
Cached:           542228 kB
SwapCached:         4820 kB
Active:           485708 kB
Inactive:         505132 kB
Active(anon):     209752 kB
Inactive(anon):   229864 kB
Active(file):     275956 kB
Inactive(file):   275268 kB
Unevictable:        3132 kB
Mlocked:               0 kB
HighTotal:        849920 kB
HighFree:           8756 kB
LowTotal:         536648 kB
LowFree:           54724 kB
SwapTotal:        786428 kB
SwapFree:         730656 kB
Dirty:                80 kB
Writeback:             0 kB
AnonPages:        437380 kB
Mapped:           318664 kB
Shmem:               712 kB
Slab:              53280 kB
SReclaimable:      17240 kB
SUnreclaim:        36040 kB
KernelStack:       11096 kB
PageTables:        29536 kB
NFS_Unstable:          0 kB
Bounce:                0 kB
WritebackTmp:          0 kB
CommitLimit:     1479712 kB
Committed_AS:   63547820 kB
VmallocTotal:     319488 kB
VmallocUsed:       12352 kB
VmallocChunk:     186380 kB
Time pass: 171 sec

---2015-12-05 11:13:24
MemTotal:        1386568 kB
MemFree:           66952 kB
Buffers:           12872 kB
Cached:           542252 kB
SwapCached:         4820 kB
Active:           486820 kB
Inactive:         505044 kB
Active(anon):     210868 kB
Inactive(anon):   229740 kB
Active(file):     275952 kB
Inactive(file):   275304 kB
Unevictable:        3132 kB
Mlocked:               0 kB
HighTotal:        849920 kB
HighFree:          11440 kB
LowTotal:         536648 kB
LowFree:           55512 kB
SwapTotal:        786428 kB
SwapFree:         730660 kB
Dirty:                 0 kB
Writeback:             0 kB
AnonPages:        438288 kB
Mapped:           315908 kB
Shmem:               736 kB
Slab:              53052 kB
SReclaimable:      17240 kB
SUnreclaim:        35812 kB
KernelStack:       11056 kB
PageTables:        29648 kB
NFS_Unstable:          0 kB
Bounce:                0 kB
WritebackTmp:          0 kB
CommitLimit:     1479712 kB
Committed_AS:   63547872 kB
VmallocTotal:     319488 kB
VmallocUsed:       12352 kB
VmallocChunk:     186380 kB
Time pass: 175 sec

---2015-12-05 11:13:24
MemTotal:        1386568 kB
MemFree:           65204 kB
Buffers:           12888 kB
Cached:           542304 kB
SwapCached:         4820 kB
Active:           488308 kB
Inactive:         503512 kB
Active(anon):     210800 kB
Inactive(anon):   229748 kB
Active(file):     277508 kB
Inactive(file):   273764 kB
Unevictable:        3132 kB
Mlocked:               0 kB
HighTotal:        849920 kB
HighFree:           9300 kB
LowTotal:         536648 kB
LowFree:           55904 kB
SwapTotal:        786428 kB
SwapFree:         730660 kB
Dirty:                76 kB
Writeback:             0 kB
AnonPages:        438080 kB
Mapped:           315904 kB
Shmem:               788 kB
Slab:              53240 kB
SReclaimable:      17240 kB
SUnreclaim:        36000 kB
KernelStack:       11048 kB
PageTables:        29632 kB
NFS_Unstable:          0 kB
Bounce:                0 kB
WritebackTmp:          0 kB
CommitLimit:     1479712 kB
Committed_AS:   63552036 kB
VmallocTotal:     319488 kB
VmallocUsed:       12352 kB
VmallocChunk:     186380 kB
Time pass: 178 sec

---2015-12-05 11:13:24
MemTotal:        1386568 kB
MemFree:           65464 kB
Buffers:           12904 kB
Cached:           542324 kB
SwapCached:         4836 kB
Active:           489064 kB
Inactive:         503580 kB
Active(anon):     211556 kB
Inactive(anon):   229800 kB
Active(file):     277508 kB
Inactive(file):   273780 kB
Unevictable:        3132 kB
Mlocked:               0 kB
HighTotal:        849920 kB
HighFree:           8740 kB
LowTotal:         536648 kB
LowFree:           56724 kB
SwapTotal:        786428 kB
SwapFree:         730684 kB
Dirty:                 8 kB
Writeback:             0 kB
AnonPages:        438868 kB
Mapped:           315980 kB
Shmem:               808 kB
Slab:              53108 kB
SReclaimable:      17240 kB
SUnreclaim:        35868 kB
KernelStack:       10992 kB
PageTables:        29652 kB
NFS_Unstable:          0 kB
Bounce:                0 kB
WritebackTmp:          0 kB
CommitLimit:     1479712 kB
Committed_AS:   63552284 kB
VmallocTotal:     319488 kB
VmallocUsed:       12352 kB
VmallocChunk:     186380 kB
Time pass: 182 sec

---2015-12-05 11:13:24
MemTotal:        1386568 kB
MemFree:           64100 kB
Buffers:           12920 kB
Cached:           542348 kB
SwapCached:         4836 kB
Active:           491112 kB
Inactive:         503544 kB
Active(anon):     213604 kB
Inactive(anon):   229748 kB
Active(file):     277508 kB
Inactive(file):   273796 kB
Unevictable:        3132 kB
Mlocked:               0 kB
HighTotal:        849920 kB
HighFree:           8748 kB
LowTotal:         536648 kB
LowFree:           55352 kB
SwapTotal:        786428 kB
SwapFree:         730728 kB
Dirty:                64 kB
Writeback:             0 kB
AnonPages:        440896 kB
Mapped:           316004 kB
Shmem:               832 kB
Slab:              53140 kB
SReclaimable:      17240 kB
SUnreclaim:        35900 kB
KernelStack:       11016 kB
PageTables:        29656 kB
NFS_Unstable:          0 kB
Bounce:                0 kB
WritebackTmp:          0 kB
CommitLimit:     1479712 kB
Committed_AS:   63552272 kB
VmallocTotal:     319488 kB
VmallocUsed:       12352 kB
VmallocChunk:     186380 kB
Time pass: 187 sec

---2015-12-05 11:13:24
MemTotal:        1386568 kB
MemFree:           61980 kB
Buffers:           12952 kB
Cached:           543044 kB
SwapCached:         4840 kB
Active:           491272 kB
Inactive:         504052 kB
Active(anon):     213548 kB
Inactive(anon):   229776 kB
Active(file):     277724 kB
Inactive(file):   274276 kB
Unevictable:        3132 kB
Mlocked:               0 kB
HighTotal:        849920 kB
HighFree:           8772 kB
LowTotal:         536648 kB
LowFree:           53208 kB
SwapTotal:        786428 kB
SwapFree:         730760 kB
Dirty:                44 kB
Writeback:             0 kB
AnonPages:        440628 kB
Mapped:           316080 kB
Shmem:               864 kB
Slab:              53460 kB
SReclaimable:      17240 kB
SUnreclaim:        36220 kB
KernelStack:       11016 kB
PageTables:        29664 kB
NFS_Unstable:          0 kB
Bounce:                0 kB
WritebackTmp:          0 kB
CommitLimit:     1479712 kB
Committed_AS:   63552548 kB
VmallocTotal:     319488 kB
VmallocUsed:       12352 kB
VmallocChunk:     186380 kB
Time pass: 191 sec

---2015-12-05 11:13:24
MemTotal:        1386568 kB
MemFree:           64276 kB
Buffers:           12952 kB
Cached:           543060 kB
SwapCached:         4840 kB
Active:           490008 kB
Inactive:         503772 kB
Active(anon):     212012 kB
Inactive(anon):   229752 kB
Active(file):     277996 kB
Inactive(file):   274020 kB
Unevictable:        3132 kB
Mlocked:               0 kB
HighTotal:        849920 kB
HighFree:           9232 kB
LowTotal:         536648 kB
LowFree:           55044 kB
SwapTotal:        786428 kB
SwapFree:         730824 kB
Dirty:                 0 kB
Writeback:             0 kB
AnonPages:        439252 kB
Mapped:           315848 kB
Shmem:               864 kB
Slab:              53272 kB
SReclaimable:      17240 kB
SUnreclaim:        36032 kB
KernelStack:       10960 kB
PageTables:        29660 kB
NFS_Unstable:          0 kB
Bounce:                0 kB
WritebackTmp:          0 kB
CommitLimit:     1479712 kB
Committed_AS:   63552700 kB
VmallocTotal:     319488 kB
VmallocUsed:       12284 kB
VmallocChunk:     186380 kB
Time pass: 195 sec

---2015-12-05 11:13:24
MemTotal:        1386568 kB
MemFree:           63584 kB
Buffers:           12976 kB
Cached:           543220 kB
SwapCached:         4840 kB
Active:           490636 kB
Inactive:         503688 kB
Active(anon):     212624 kB
Inactive(anon):   229504 kB
Active(file):     278012 kB
Inactive(file):   274184 kB
Unevictable:        3132 kB
Mlocked:               0 kB
HighTotal:        849920 kB
HighFree:           8868 kB
LowTotal:         536648 kB
LowFree:           54716 kB
SwapTotal:        786428 kB
SwapFree:         730840 kB
Dirty:                60 kB
Writeback:             0 kB
AnonPages:        439612 kB
Mapped:           315680 kB
Shmem:               868 kB
Slab:              53380 kB
SReclaimable:      17240 kB
SUnreclaim:        36140 kB
KernelStack:       10824 kB
PageTables:        29636 kB
NFS_Unstable:          0 kB
Bounce:                0 kB
WritebackTmp:          0 kB
CommitLimit:     1479712 kB
Committed_AS:   63551236 kB
VmallocTotal:     319488 kB
VmallocUsed:       12352 kB
VmallocChunk:     186380 kB
Time pass: 199 sec

---2015-12-05 11:13:24
MemTotal:        1386568 kB
MemFree:           63168 kB
Buffers:           12976 kB
Cached:           543236 kB
SwapCached:         4840 kB
Active:           490468 kB
Inactive:         503700 kB
Active(anon):     212456 kB
Inactive(anon):   229500 kB
Active(file):     278012 kB
Inactive(file):   274200 kB
Unevictable:        3132 kB
Mlocked:               0 kB
HighTotal:        849920 kB
HighFree:           8716 kB
LowTotal:         536648 kB
LowFree:           54452 kB
SwapTotal:        786428 kB
SwapFree:         730840 kB
Dirty:                20 kB
Writeback:             0 kB
AnonPages:        439504 kB
Mapped:           315832 kB
Shmem:               868 kB
Slab:              53508 kB
SReclaimable:      17240 kB
SUnreclaim:        36268 kB
KernelStack:       10808 kB
PageTables:        29636 kB
NFS_Unstable:          0 kB
Bounce:                0 kB
WritebackTmp:          0 kB
CommitLimit:     1479712 kB
Committed_AS:   63551372 kB
VmallocTotal:     319488 kB
VmallocUsed:       12352 kB
VmallocChunk:     186380 kB
Time pass: 203 sec

---2015-12-05 11:13:24
MemTotal:        1386568 kB
MemFree:           63796 kB
Buffers:           13000 kB
Cached:           543228 kB
SwapCached:         4840 kB
Active:           489856 kB
Inactive:         503648 kB
Active(anon):     211844 kB
Inactive(anon):   229432 kB
Active(file):     278012 kB
Inactive(file):   274216 kB
Unevictable:        3132 kB
Mlocked:               0 kB
HighTotal:        849920 kB
HighFree:           9016 kB
LowTotal:         536648 kB
LowFree:           54780 kB
SwapTotal:        786428 kB
SwapFree:         730892 kB
Dirty:                60 kB
Writeback:             0 kB
AnonPages:        438868 kB
Mapped:           315832 kB
Shmem:               868 kB
Slab:              53412 kB
SReclaimable:      17240 kB
SUnreclaim:        36172 kB
KernelStack:       10848 kB
PageTables:        29636 kB
NFS_Unstable:          0 kB
Bounce:                0 kB
WritebackTmp:          0 kB
CommitLimit:     1479712 kB
Committed_AS:   63551460 kB
VmallocTotal:     319488 kB
VmallocUsed:       12352 kB
VmallocChunk:     186380 kB
Time pass: 207 sec

---2015-12-05 11:13:24
MemTotal:        1386568 kB
MemFree:           63956 kB
Buffers:           13000 kB
Cached:           543240 kB
SwapCached:         4840 kB
Active:           489844 kB
Inactive:         503644 kB
Active(anon):     211832 kB
Inactive(anon):   229416 kB
Active(file):     278012 kB
Inactive(file):   274228 kB
Unevictable:        3132 kB
Mlocked:               0 kB
HighTotal:        849920 kB
HighFree:           8828 kB
LowTotal:         536648 kB
LowFree:           55128 kB
SwapTotal:        786428 kB
SwapFree:         730892 kB
Dirty:                 0 kB
Writeback:            24 kB
AnonPages:        438588 kB
Mapped:           315832 kB
Shmem:               868 kB
Slab:              53188 kB
SReclaimable:      17240 kB
SUnreclaim:        35948 kB
KernelStack:       10800 kB
PageTables:        29636 kB
NFS_Unstable:          0 kB
Bounce:                0 kB
WritebackTmp:          0 kB
CommitLimit:     1479712 kB
Committed_AS:   63551628 kB
VmallocTotal:     319488 kB
VmallocUsed:       12352 kB
VmallocChunk:     186380 kB
Time pass: 210 sec

---2015-12-05 11:13:24
MemTotal:        1386568 kB
MemFree:           64884 kB
Buffers:           13016 kB
Cached:           543240 kB
SwapCached:         4840 kB
Active:           488812 kB
Inactive:         503632 kB
Active(anon):     210800 kB
Inactive(anon):   229388 kB
Active(file):     278012 kB
Inactive(file):   274244 kB
Unevictable:        3132 kB
Mlocked:               0 kB
HighTotal:        849920 kB
HighFree:          10928 kB
LowTotal:         536648 kB
LowFree:           53956 kB
SwapTotal:        786428 kB
SwapFree:         730892 kB
Dirty:                72 kB
Writeback:             0 kB
AnonPages:        437532 kB
Mapped:           315896 kB
Shmem:               868 kB
Slab:              53156 kB
SReclaimable:      17240 kB
SUnreclaim:        35916 kB
KernelStack:       10840 kB
PageTables:        29752 kB
NFS_Unstable:          0 kB
Bounce:                0 kB
WritebackTmp:          0 kB
CommitLimit:     1479712 kB
Committed_AS:   63551780 kB
VmallocTotal:     319488 kB
VmallocUsed:       12352 kB
VmallocChunk:     186380 kB
Time pass: 214 sec

---2015-12-05 11:13:24
MemTotal:        1386568 kB
MemFree:           64584 kB
Buffers:           13024 kB
Cached:           543304 kB
SwapCached:         4840 kB
Active:           489024 kB
Inactive:         503700 kB
Active(anon):     211008 kB
Inactive(anon):   229388 kB
Active(file):     278016 kB
Inactive(file):   274312 kB
Unevictable:        3132 kB
Mlocked:               0 kB
HighTotal:        849920 kB
HighFree:           9372 kB
LowTotal:         536648 kB
LowFree:           55212 kB
SwapTotal:        786428 kB
SwapFree:         730892 kB
Dirty:                56 kB
Writeback:             0 kB
AnonPages:        437952 kB
Mapped:           315792 kB
Shmem:               868 kB
Slab:              53348 kB
SReclaimable:      17240 kB
SUnreclaim:        36108 kB
KernelStack:       10832 kB
PageTables:        29616 kB
NFS_Unstable:          0 kB
Bounce:                0 kB
WritebackTmp:          0 kB
CommitLimit:     1479712 kB
Committed_AS:   63551720 kB
VmallocTotal:     319488 kB
VmallocUsed:       12352 kB
VmallocChunk:     186380 kB
Time pass: 218 sec

---2015-12-05 11:13:24
MemTotal:        1386568 kB
MemFree:           60232 kB
Buffers:           13056 kB
Cached:           544224 kB
SwapCached:         4840 kB
Active:           492768 kB
Inactive:         504504 kB
Active(anon):     214592 kB
Inactive(anon):   229400 kB
Active(file):     278176 kB
Inactive(file):   275104 kB
Unevictable:        3132 kB
Mlocked:               0 kB
HighTotal:        849920 kB
HighFree:           8876 kB
LowTotal:         536648 kB
LowFree:           51356 kB
SwapTotal:        786428 kB
SwapFree:         730904 kB
Dirty:                32 kB
Writeback:             0 kB
AnonPages:        441716 kB
Mapped:           316264 kB
Shmem:               868 kB
Slab:              53316 kB
SReclaimable:      17240 kB
SUnreclaim:        36076 kB
KernelStack:       10936 kB
PageTables:        30108 kB
NFS_Unstable:          0 kB
Bounce:                0 kB
WritebackTmp:          0 kB
CommitLimit:     1479712 kB
Committed_AS:   64794428 kB
VmallocTotal:     319488 kB
VmallocUsed:       12352 kB
VmallocChunk:     186380 kB
Time pass: 222 sec

---2015-12-05 11:13:24
MemTotal:        1386568 kB
MemFree:           58700 kB
Buffers:           13088 kB
Cached:           544672 kB
SwapCached:         4840 kB
Active:           494552 kB
Inactive:         504664 kB
Active(anon):     216340 kB
Inactive(anon):   229116 kB
Active(file):     278212 kB
Inactive(file):   275548 kB
Unevictable:        3132 kB
Mlocked:               0 kB
HighTotal:        849920 kB
HighFree:           8740 kB
LowTotal:         536648 kB
LowFree:           49960 kB
SwapTotal:        786428 kB
SwapFree:         730908 kB
Dirty:               104 kB
Writeback:             0 kB
AnonPages:        443044 kB
Mapped:           316312 kB
Shmem:               868 kB
Slab:              53416 kB
SReclaimable:      17240 kB
SUnreclaim:        36176 kB
KernelStack:       10808 kB
PageTables:        30104 kB
NFS_Unstable:          0 kB
Bounce:                0 kB
WritebackTmp:          0 kB
CommitLimit:     1479712 kB
Committed_AS:   64800028 kB
VmallocTotal:     319488 kB
VmallocUsed:       12352 kB
VmallocChunk:     186380 kB
Time pass: 226 sec

---2015-12-05 11:13:24
MemTotal:        1386568 kB
MemFree:           59932 kB
Buffers:           13088 kB
Cached:           544692 kB
SwapCached:         4836 kB
Active:           493720 kB
Inactive:         504288 kB
Active(anon):     215508 kB
Inactive(anon):   228724 kB
Active(file):     278212 kB
Inactive(file):   275564 kB
Unevictable:        3132 kB
Mlocked:               0 kB
HighTotal:        849920 kB
HighFree:           9052 kB
LowTotal:         536648 kB
LowFree:           50880 kB
SwapTotal:        786428 kB
SwapFree:         730912 kB
Dirty:               136 kB
Writeback:             0 kB
AnonPages:        441668 kB
Mapped:           316524 kB
Shmem:               872 kB
Slab:              53256 kB
SReclaimable:      17240 kB
SUnreclaim:        36016 kB
KernelStack:       10784 kB
PageTables:        30108 kB
NFS_Unstable:          0 kB
Bounce:                0 kB
WritebackTmp:          0 kB
CommitLimit:     1479712 kB
Committed_AS:   64807836 kB
VmallocTotal:     319488 kB
VmallocUsed:       12352 kB
VmallocChunk:     186380 kB
Time pass: 231 sec

---2015-12-05 11:13:24
MemTotal:        1386568 kB
MemFree:           59900 kB
Buffers:           13112 kB
Cached:           544692 kB
SwapCached:         4836 kB
Active:           493896 kB
Inactive:         504280 kB
Active(anon):     215684 kB
Inactive(anon):   228692 kB
Active(file):     278212 kB
Inactive(file):   275588 kB
Unevictable:        3132 kB
Mlocked:               0 kB
HighTotal:        849920 kB
HighFree:           9212 kB
LowTotal:         536648 kB
LowFree:           50688 kB
SwapTotal:        786428 kB
SwapFree:         730920 kB
Dirty:                72 kB
Writeback:             0 kB
AnonPages:        441792 kB
Mapped:           316376 kB
Shmem:               872 kB
Slab:              53284 kB
SReclaimable:      17240 kB
SUnreclaim:        36044 kB
KernelStack:       10752 kB
PageTables:        30108 kB
NFS_Unstable:          0 kB
Bounce:                0 kB
WritebackTmp:          0 kB
CommitLimit:     1479712 kB
Committed_AS:   64799172 kB
VmallocTotal:     319488 kB
VmallocUsed:       12352 kB
VmallocChunk:     186380 kB
Time pass: 235 sec

---2015-12-05 11:13:24
MemTotal:        1386568 kB
MemFree:           59512 kB
Buffers:           13136 kB
Cached:           545252 kB
SwapCached:         5028 kB
Active:           493224 kB
Inactive:         504572 kB
Active(anon):     215012 kB
Inactive(anon):   228448 kB
Active(file):     278212 kB
Inactive(file):   276124 kB
Unevictable:        3132 kB
Mlocked:               0 kB
HighTotal:        849920 kB
HighFree:           9864 kB
LowTotal:         536648 kB
LowFree:           49648 kB
SwapTotal:        786428 kB
SwapFree:         731100 kB
Dirty:                60 kB
Writeback:             0 kB
AnonPages:        441132 kB
Mapped:           316540 kB
Shmem:               872 kB
Slab:              53572 kB
SReclaimable:      17240 kB
SUnreclaim:        36332 kB
KernelStack:       10792 kB
PageTables:        30108 kB
NFS_Unstable:          0 kB
Bounce:                0 kB
WritebackTmp:          0 kB
CommitLimit:     1479712 kB
Committed_AS:   64799244 kB
VmallocTotal:     319488 kB
VmallocUsed:       12352 kB
VmallocChunk:     186380 kB
Time pass: 239 sec

---2015-12-05 11:13:24
MemTotal:        1386568 kB
MemFree:           59600 kB
Buffers:           13136 kB
Cached:           545352 kB
SwapCached:         5032 kB
Active:           494148 kB
Inactive:         504732 kB
Active(anon):     215936 kB
Inactive(anon):   228528 kB
Active(file):     278212 kB
Inactive(file):   276204 kB
Unevictable:        3132 kB
Mlocked:               0 kB
HighTotal:        849920 kB
HighFree:           9808 kB
LowTotal:         536648 kB
LowFree:           49792 kB
SwapTotal:        786428 kB
SwapFree:         731112 kB
Dirty:                 0 kB
Writeback:            12 kB
AnonPages:        441892 kB
Mapped:           316536 kB
Shmem:               940 kB
Slab:              53120 kB
SReclaimable:      17240 kB
SUnreclaim:        35880 kB
KernelStack:       10792 kB
PageTables:        30108 kB
NFS_Unstable:          0 kB
Bounce:                0 kB
WritebackTmp:          0 kB
CommitLimit:     1479712 kB
Committed_AS:   64799380 kB
VmallocTotal:     319488 kB
VmallocUsed:       12352 kB
VmallocChunk:     186380 kB
Time pass: 243 sec

---2015-12-05 11:13:24
MemTotal:        1386568 kB
MemFree:           67420 kB
Buffers:           13160 kB
Cached:           545336 kB
SwapCached:         5032 kB
Active:           487440 kB
Inactive:         503624 kB
Active(anon):     209228 kB
Inactive(anon):   227412 kB
Active(file):     278212 kB
Inactive(file):   276212 kB
Unevictable:        3132 kB
Mlocked:               0 kB
HighTotal:        849920 kB
HighFree:          13232 kB
LowTotal:         536648 kB
LowFree:           54188 kB
SwapTotal:        786428 kB
SwapFree:         731124 kB
Dirty:                64 kB
Writeback:             0 kB
AnonPages:        434164 kB
Mapped:           316388 kB
Shmem:               940 kB
Slab:              53120 kB
SReclaimable:      17240 kB
SUnreclaim:        35880 kB
KernelStack:       10784 kB
PageTables:        30112 kB
NFS_Unstable:          0 kB
Bounce:                0 kB
WritebackTmp:          0 kB
CommitLimit:     1479712 kB
Committed_AS:   64799548 kB
VmallocTotal:     319488 kB
VmallocUsed:       12352 kB
VmallocChunk:     186380 kB
Time pass: 247 sec

---2015-12-05 11:13:24
MemTotal:        1386568 kB
MemFree:           65860 kB
Buffers:           13160 kB
Cached:           545368 kB
SwapCached:         5032 kB
Active:           488440 kB
Inactive:         503652 kB
Active(anon):     210220 kB
Inactive(anon):   227428 kB
Active(file):     278220 kB
Inactive(file):   276224 kB
Unevictable:        3132 kB
Mlocked:               0 kB
HighTotal:        849920 kB
HighFree:          11788 kB
LowTotal:         536648 kB
LowFree:           54072 kB
SwapTotal:        786428 kB
SwapFree:         731144 kB
Dirty:                 8 kB
Writeback:             0 kB
AnonPages:        435156 kB
Mapped:           316688 kB
Shmem:               952 kB
Slab:              53120 kB
SReclaimable:      17240 kB
SUnreclaim:        35880 kB
KernelStack:       10792 kB
PageTables:        30072 kB
NFS_Unstable:          0 kB
Bounce:                0 kB
WritebackTmp:          0 kB
CommitLimit:     1479712 kB
Committed_AS:   64803884 kB
VmallocTotal:     319488 kB
VmallocUsed:       12352 kB
VmallocChunk:     186380 kB
Time pass: 251 sec

---2015-12-05 11:13:24
MemTotal:        1386568 kB
MemFree:           67120 kB
Buffers:           13168 kB
Cached:           545368 kB
SwapCached:         5032 kB
Active:           487356 kB
Inactive:         503672 kB
Active(anon):     209140 kB
Inactive(anon):   227436 kB
Active(file):     278216 kB
Inactive(file):   276236 kB
Unevictable:        3132 kB
Mlocked:               0 kB
HighTotal:        849920 kB
HighFree:          11900 kB
LowTotal:         536648 kB
LowFree:           55220 kB
SwapTotal:        786428 kB
SwapFree:         731144 kB
Dirty:                48 kB
Writeback:             0 kB
AnonPages:        433992 kB
Mapped:           316492 kB
Shmem:               952 kB
Slab:              53152 kB
SReclaimable:      17240 kB
SUnreclaim:        35912 kB
KernelStack:       10768 kB
PageTables:        30100 kB
NFS_Unstable:          0 kB
Bounce:                0 kB
WritebackTmp:          0 kB
CommitLimit:     1479712 kB
Committed_AS:   64803920 kB
VmallocTotal:     319488 kB
VmallocUsed:       12352 kB
VmallocChunk:     186380 kB
Time pass: 254 sec

---2015-12-05 11:13:24
MemTotal:        1386568 kB
MemFree:           66028 kB
Buffers:           13184 kB
Cached:           545368 kB
SwapCached:         5032 kB
Active:           487680 kB
Inactive:         503688 kB
Active(anon):     209464 kB
Inactive(anon):   227436 kB
Active(file):     278216 kB
Inactive(file):   276252 kB
Unevictable:        3132 kB
Mlocked:               0 kB
HighTotal:        849920 kB
HighFree:          10852 kB
LowTotal:         536648 kB
LowFree:           55176 kB
SwapTotal:        786428 kB
SwapFree:         731144 kB
Dirty:                84 kB
Writeback:             0 kB
AnonPages:        434160 kB
Mapped:           316420 kB
Shmem:               952 kB
Slab:              53280 kB
SReclaimable:      17240 kB
SUnreclaim:        36040 kB
KernelStack:       10784 kB
PageTables:        30120 kB
NFS_Unstable:          0 kB
Bounce:                0 kB
WritebackTmp:          0 kB
CommitLimit:     1479712 kB
Committed_AS:   64804028 kB
VmallocTotal:     319488 kB
VmallocUsed:       12352 kB
VmallocChunk:     186380 kB
Time pass: 258 sec

---2015-12-05 11:13:24
MemTotal:        1386568 kB
MemFree:           66852 kB
Buffers:           13200 kB
Cached:           545428 kB
SwapCached:         5032 kB
Active:           487396 kB
Inactive:         503764 kB
Active(anon):     209180 kB
Inactive(anon):   227436 kB
Active(file):     278216 kB
Inactive(file):   276328 kB
Unevictable:        3132 kB
Mlocked:               0 kB
HighTotal:        849920 kB
HighFree:          10108 kB
LowTotal:         536648 kB
LowFree:           56744 kB
SwapTotal:        786428 kB
SwapFree:         731144 kB
Dirty:                72 kB
Writeback:             0 kB
AnonPages:        433788 kB
Mapped:           316584 kB
Shmem:               952 kB
Slab:              53120 kB
SReclaimable:      17240 kB
SUnreclaim:        35880 kB
KernelStack:       10744 kB
PageTables:        30124 kB
NFS_Unstable:          0 kB
Bounce:                0 kB
WritebackTmp:          0 kB
CommitLimit:     1479712 kB
Committed_AS:   64807012 kB
VmallocTotal:     319488 kB
VmallocUsed:       12352 kB
VmallocChunk:     186380 kB
Time pass: 262 sec

---2015-12-05 11:13:24
MemTotal:        1386568 kB
MemFree:           67028 kB
Buffers:           13208 kB
Cached:           545428 kB
SwapCached:         5032 kB
Active:           487056 kB
Inactive:         503748 kB
Active(anon):     208840 kB
Inactive(anon):   227412 kB
Active(file):     278216 kB
Inactive(file):   276336 kB
Unevictable:        3132 kB
Mlocked:               0 kB
HighTotal:        849920 kB
HighFree:           9984 kB
LowTotal:         536648 kB
LowFree:           57044 kB
SwapTotal:        786428 kB
SwapFree:         731144 kB
Dirty:                48 kB
Writeback:             0 kB
AnonPages:        433772 kB
Mapped:           316528 kB
Shmem:               952 kB
Slab:              53248 kB
SReclaimable:      17240 kB
SUnreclaim:        36008 kB
KernelStack:       10720 kB
PageTables:        30104 kB
NFS_Unstable:          0 kB
Bounce:                0 kB
WritebackTmp:          0 kB
CommitLimit:     1479712 kB
Committed_AS:   64806976 kB
VmallocTotal:     319488 kB
VmallocUsed:       12352 kB
VmallocChunk:     186380 kB
Time pass: 266 sec

---2015-12-05 11:13:24
MemTotal:        1386568 kB
MemFree:           66412 kB
Buffers:           13224 kB
Cached:           545448 kB
SwapCached:         5028 kB
Active:           489224 kB
Inactive:         502184 kB
Active(anon):     209472 kB
Inactive(anon):   227364 kB
Active(file):     279752 kB
Inactive(file):   274820 kB
Unevictable:        3132 kB
Mlocked:               0 kB
HighTotal:        849920 kB
HighFree:           9328 kB
LowTotal:         536648 kB
LowFree:           57084 kB
SwapTotal:        786428 kB
SwapFree:         731148 kB
Dirty:                20 kB
Writeback:             0 kB
AnonPages:        434404 kB
Mapped:           316544 kB
Shmem:               968 kB
Slab:              53220 kB
SReclaimable:      17240 kB
SUnreclaim:        35980 kB
KernelStack:       10792 kB
PageTables:        30108 kB
NFS_Unstable:          0 kB
Bounce:                0 kB
WritebackTmp:          0 kB
CommitLimit:     1479712 kB
Committed_AS:   64807236 kB
VmallocTotal:     319488 kB
VmallocUsed:       12352 kB
VmallocChunk:     186380 kB
Time pass: 271 sec

---2015-12-05 11:13:24
MemTotal:        1386568 kB
MemFree:           67652 kB
Buffers:           13232 kB
Cached:           545448 kB
SwapCached:         5028 kB
Active:           488944 kB
Inactive:         502172 kB
Active(anon):     209192 kB
Inactive(anon):   227344 kB
Active(file):     279752 kB
Inactive(file):   274828 kB
Unevictable:        3132 kB
Mlocked:               0 kB
HighTotal:        849920 kB
HighFree:          10120 kB
LowTotal:         536648 kB
LowFree:           57532 kB
SwapTotal:        786428 kB
SwapFree:         731148 kB
Dirty:                48 kB
Writeback:             0 kB
AnonPages:        433936 kB
Mapped:           316496 kB
Shmem:               968 kB
Slab:              53260 kB
SReclaimable:      17240 kB
SUnreclaim:        36020 kB
KernelStack:       10784 kB
PageTables:        30092 kB
NFS_Unstable:          0 kB
Bounce:                0 kB
WritebackTmp:          0 kB
CommitLimit:     1479712 kB
Committed_AS:   64807268 kB
VmallocTotal:     319488 kB
VmallocUsed:       12284 kB
VmallocChunk:     186380 kB
Time pass: 274 sec

---2015-12-05 11:13:24
MemTotal:        1386568 kB
MemFree:           66360 kB
Buffers:           13248 kB
Cached:           545448 kB
SwapCached:         5028 kB
Active:           489820 kB
Inactive:         502188 kB
Active(anon):     210068 kB
Inactive(anon):   227344 kB
Active(file):     279752 kB
Inactive(file):   274844 kB
Unevictable:        3132 kB
Mlocked:               0 kB
HighTotal:        849920 kB
HighFree:          10516 kB
LowTotal:         536648 kB
LowFree:           55844 kB
SwapTotal:        786428 kB
SwapFree:         731148 kB
Dirty:                80 kB
Writeback:             0 kB
AnonPages:        435008 kB
Mapped:           316600 kB
Shmem:               968 kB
Slab:              53228 kB
SReclaimable:      17240 kB
SUnreclaim:        35988 kB
KernelStack:       10800 kB
PageTables:        30128 kB
NFS_Unstable:          0 kB
Bounce:                0 kB
WritebackTmp:          0 kB
CommitLimit:     1479712 kB
Committed_AS:   64807484 kB
VmallocTotal:     319488 kB
VmallocUsed:       12352 kB
VmallocChunk:     186380 kB
Time pass: 279 sec

---2015-12-05 11:13:24
MemTotal:        1386568 kB
MemFree:           65488 kB
Buffers:           13272 kB
Cached:           545432 kB
SwapCached:         5028 kB
Active:           489928 kB
Inactive:         502184 kB
Active(anon):     210176 kB
Inactive(anon):   227332 kB
Active(file):     279752 kB
Inactive(file):   274852 kB
Unevictable:        3132 kB
Mlocked:               0 kB
HighTotal:        849920 kB
HighFree:           9368 kB
LowTotal:         536648 kB
LowFree:           56120 kB
SwapTotal:        786428 kB
SwapFree:         731148 kB
Dirty:                60 kB
Writeback:             0 kB
AnonPages:        435012 kB
Mapped:           316452 kB
Shmem:               968 kB
Slab:              53068 kB
SReclaimable:      17240 kB
SUnreclaim:        35828 kB
KernelStack:       10760 kB
PageTables:        30128 kB
NFS_Unstable:          0 kB
Bounce:                0 kB
WritebackTmp:          0 kB
CommitLimit:     1479712 kB
Committed_AS:   64807724 kB
VmallocTotal:     319488 kB
VmallocUsed:       12352 kB
VmallocChunk:     186380 kB
Time pass: 283 sec

---2015-12-05 11:13:24
MemTotal:        1386568 kB
MemFree:           63820 kB
Buffers:           13272 kB
Cached:           545468 kB
SwapCached:         5028 kB
Active:           491608 kB
Inactive:         502220 kB
Active(anon):     211856 kB
Inactive(anon):   227332 kB
Active(file):     279752 kB
Inactive(file):   274888 kB
Unevictable:        3132 kB
Mlocked:               0 kB
HighTotal:        849920 kB
HighFree:           8708 kB
LowTotal:         536648 kB
LowFree:           55112 kB
SwapTotal:        786428 kB
SwapFree:         731148 kB
Dirty:                 0 kB
Writeback:             0 kB
AnonPages:        436384 kB
Mapped:           316604 kB
Shmem:               968 kB
Slab:              53516 kB
SReclaimable:      17240 kB
SUnreclaim:        36276 kB
KernelStack:       10752 kB
PageTables:        30116 kB
NFS_Unstable:          0 kB
Bounce:                0 kB
WritebackTmp:          0 kB
CommitLimit:     1479712 kB
Committed_AS:   64807892 kB
VmallocTotal:     319488 kB
VmallocUsed:       12352 kB
VmallocChunk:     186380 kB
Time pass: 287 sec

---2015-12-05 11:13:24
MemTotal:        1386568 kB
MemFree:           65024 kB
Buffers:           13288 kB
Cached:           545468 kB
SwapCached:         5028 kB
Active:           490572 kB
Inactive:         502220 kB
Active(anon):     210820 kB
Inactive(anon):   227316 kB
Active(file):     279752 kB
Inactive(file):   274904 kB
Unevictable:        3132 kB
Mlocked:               0 kB
HighTotal:        849920 kB
HighFree:           9112 kB
LowTotal:         536648 kB
LowFree:           55912 kB
SwapTotal:        786428 kB
SwapFree:         731148 kB
Dirty:                72 kB
Writeback:             0 kB
AnonPages:        435488 kB
Mapped:           316612 kB
Shmem:               968 kB
Slab:              53228 kB
SReclaimable:      17240 kB
SUnreclaim:        35988 kB
KernelStack:       10776 kB
PageTables:        30120 kB
NFS_Unstable:          0 kB
Bounce:                0 kB
WritebackTmp:          0 kB
CommitLimit:     1479712 kB
Committed_AS:   64807940 kB
VmallocTotal:     319488 kB
VmallocUsed:       12352 kB
VmallocChunk:     186380 kB
Time pass: 291 sec

---2015-12-05 11:13:24
MemTotal:        1386568 kB
MemFree:           64588 kB
Buffers:           13312 kB
Cached:           545772 kB
SwapCached:         5028 kB
Active:           491396 kB
Inactive:         502536 kB
Active(anon):     211640 kB
Inactive(anon):   227308 kB
Active(file):     279756 kB
Inactive(file):   275228 kB
Unevictable:        3132 kB
Mlocked:               0 kB
HighTotal:        849920 kB
HighFree:           9164 kB
LowTotal:         536648 kB
LowFree:           55424 kB
SwapTotal:        786428 kB
SwapFree:         731152 kB
Dirty:                64 kB
Writeback:             0 kB
AnonPages:        436288 kB
Mapped:           316628 kB
Shmem:               968 kB
Slab:              53452 kB
SReclaimable:      17240 kB
SUnreclaim:        36212 kB
KernelStack:       10776 kB
PageTables:        30120 kB
NFS_Unstable:          0 kB
Bounce:                0 kB
WritebackTmp:          0 kB
CommitLimit:     1479712 kB
Committed_AS:   64806984 kB
VmallocTotal:     319488 kB
VmallocUsed:       12352 kB
VmallocChunk:     186380 kB
Time pass: 295 sec

---2015-12-05 11:13:24
MemTotal:        1386568 kB
MemFree:           65432 kB
Buffers:           13312 kB
Cached:           545788 kB
SwapCached:         5028 kB
Active:           489896 kB
Inactive:         502540 kB
Active(anon):     210140 kB
Inactive(anon):   227296 kB
Active(file):     279756 kB
Inactive(file):   275244 kB
Unevictable:        3132 kB
Mlocked:               0 kB
HighTotal:        849920 kB
HighFree:           9812 kB
LowTotal:         536648 kB
LowFree:           55620 kB
SwapTotal:        786428 kB
SwapFree:         731152 kB
Dirty:                 0 kB
Writeback:             0 kB
AnonPages:        434760 kB
Mapped:           316628 kB
Shmem:               968 kB
Slab:              53324 kB
SReclaimable:      17240 kB
SUnreclaim:        36084 kB
KernelStack:       10808 kB
PageTables:        30124 kB
NFS_Unstable:          0 kB
Bounce:                0 kB
WritebackTmp:          0 kB
CommitLimit:     1479712 kB
Committed_AS:   64807084 kB
VmallocTotal:     319488 kB
VmallocUsed:       12352 kB
VmallocChunk:     186380 kB
Time pass: 299 sec

---2015-12-05 11:13:24
MemTotal:        1386568 kB
MemFree:           64196 kB
Buffers:           13336 kB
Cached:           545772 kB
SwapCached:         5028 kB
Active:           491460 kB
Inactive:         502508 kB
Active(anon):     211704 kB
Inactive(anon):   227256 kB
Active(file):     279756 kB
Inactive(file):   275252 kB
Unevictable:        3132 kB
Mlocked:               0 kB
HighTotal:        849920 kB
HighFree:           9168 kB
LowTotal:         536648 kB
LowFree:           55028 kB
SwapTotal:        786428 kB
SwapFree:         731152 kB
Dirty:                68 kB
Writeback:             0 kB
AnonPages:        436456 kB
Mapped:           316628 kB
Shmem:               968 kB
Slab:              53164 kB
SReclaimable:      17240 kB
SUnreclaim:        35924 kB
KernelStack:       10784 kB
PageTables:        30120 kB
NFS_Unstable:          0 kB
Bounce:                0 kB
WritebackTmp:          0 kB
CommitLimit:     1479712 kB
Committed_AS:   64807216 kB
VmallocTotal:     319488 kB
VmallocUsed:       12352 kB
VmallocChunk:     186380 kB
Time pass: 303 sec

---2015-12-05 11:13:24
MemTotal:        1386568 kB
MemFree:           64712 kB
Buffers:           13336 kB
Cached:           545816 kB
SwapCached:         5028 kB
Active:           491052 kB
Inactive:         502512 kB
Active(anon):     211296 kB
Inactive(anon):   227216 kB
Active(file):     279756 kB
Inactive(file):   275296 kB
Unevictable:        3132 kB
Mlocked:               0 kB
HighTotal:        849920 kB
HighFree:           9304 kB
LowTotal:         536648 kB
LowFree:           55408 kB
SwapTotal:        786428 kB
SwapFree:         731152 kB
Dirty:                16 kB
Writeback:             0 kB
AnonPages:        435860 kB
Mapped:           316484 kB
Shmem:               968 kB
Slab:              53376 kB
SReclaimable:      17256 kB
SUnreclaim:        36120 kB
KernelStack:       10744 kB
PageTables:        30124 kB
NFS_Unstable:          0 kB
Bounce:                0 kB
WritebackTmp:          0 kB
CommitLimit:     1479712 kB
Committed_AS:   64807280 kB
VmallocTotal:     319488 kB
VmallocUsed:       12284 kB
VmallocChunk:     186380 kB
Time pass: 307 sec

---2015-12-05 11:13:24
MemTotal:        1386568 kB
MemFree:           64576 kB
Buffers:           13360 kB
Cached:           545800 kB
SwapCached:         5028 kB
Active:           491196 kB
Inactive:         502504 kB
Active(anon):     211440 kB
Inactive(anon):   227200 kB
Active(file):     279756 kB
Inactive(file):   275304 kB
Unevictable:        3132 kB
Mlocked:               0 kB
HighTotal:        849920 kB
HighFree:           8732 kB
LowTotal:         536648 kB
LowFree:           55844 kB
SwapTotal:        786428 kB
SwapFree:         731152 kB
Dirty:                48 kB
Writeback:             0 kB
AnonPages:        436080 kB
Mapped:           316632 kB
Shmem:               968 kB
Slab:              53216 kB
SReclaimable:      17256 kB
SUnreclaim:        35960 kB
KernelStack:       10768 kB
PageTables:        30120 kB
NFS_Unstable:          0 kB
Bounce:                0 kB
WritebackTmp:          0 kB
CommitLimit:     1479712 kB
Committed_AS:   64807636 kB
VmallocTotal:     319488 kB
VmallocUsed:       12352 kB
VmallocChunk:     186380 kB
Time pass: 310 sec

---2015-12-05 11:13:24
MemTotal:        1386568 kB
MemFree:           63748 kB
Buffers:           13360 kB
Cached:           545820 kB
SwapCached:         5028 kB
Active:           492112 kB
Inactive:         502516 kB
Active(anon):     212352 kB
Inactive(anon):   227196 kB
Active(file):     279760 kB
Inactive(file):   275320 kB
Unevictable:        3132 kB
Mlocked:               0 kB
HighTotal:        849920 kB
HighFree:           8960 kB
LowTotal:         536648 kB
LowFree:           54788 kB
SwapTotal:        786428 kB
SwapFree:         731152 kB
Dirty:                 0 kB
Writeback:             0 kB
AnonPages:        437040 kB
Mapped:           316632 kB
Shmem:               968 kB
Slab:              53184 kB
SReclaimable:      17256 kB
SUnreclaim:        35928 kB
KernelStack:       10768 kB
PageTables:        30120 kB
NFS_Unstable:          0 kB
Bounce:                0 kB
WritebackTmp:          0 kB
CommitLimit:     1479712 kB
Committed_AS:   64807708 kB
VmallocTotal:     319488 kB
VmallocUsed:       12352 kB
VmallocChunk:     186380 kB
Time pass: 315 sec

---2015-12-05 11:13:24
MemTotal:        1386568 kB
MemFree:           63184 kB
Buffers:           13376 kB
Cached:           545820 kB
SwapCached:         5028 kB
Active:           491928 kB
Inactive:         502524 kB
Active(anon):     212168 kB
Inactive(anon):   227188 kB
Active(file):     279760 kB
Inactive(file):   275336 kB
Unevictable:        3132 kB
Mlocked:               0 kB
HighTotal:        849920 kB
HighFree:           9692 kB
LowTotal:         536648 kB
LowFree:           53492 kB
SwapTotal:        786428 kB
SwapFree:         731152 kB
Dirty:                84 kB
Writeback:             0 kB
AnonPages:        436740 kB
Mapped:           316632 kB
Shmem:               968 kB
Slab:              53312 kB
SReclaimable:      17256 kB
SUnreclaim:        36056 kB
KernelStack:       10784 kB
PageTables:        30120 kB
NFS_Unstable:          0 kB
Bounce:                0 kB
WritebackTmp:          0 kB
CommitLimit:     1479712 kB
Committed_AS:   64807780 kB
VmallocTotal:     319488 kB
VmallocUsed:       12352 kB
VmallocChunk:     186380 kB
Time pass: 319 sec

---2015-12-05 11:13:24
MemTotal:        1386568 kB
MemFree:           63636 kB
Buffers:           13384 kB
Cached:           545872 kB
SwapCached:         5028 kB
Active:           491344 kB
Inactive:         502584 kB
Active(anon):     211584 kB
Inactive(anon):   227188 kB
Active(file):     279760 kB
Inactive(file):   275396 kB
Unevictable:        3132 kB
Mlocked:               0 kB
HighTotal:        849920 kB
HighFree:          10132 kB
LowTotal:         536648 kB
LowFree:           53504 kB
SwapTotal:        786428 kB
SwapFree:         731156 kB
Dirty:                48 kB
Writeback:             0 kB
AnonPages:        436104 kB
Mapped:           316636 kB
Shmem:               968 kB
Slab:              53408 kB
SReclaimable:      17256 kB
SUnreclaim:        36152 kB
KernelStack:       10792 kB
PageTables:        30124 kB
NFS_Unstable:          0 kB
Bounce:                0 kB
WritebackTmp:          0 kB
CommitLimit:     1479712 kB
Committed_AS:   64807308 kB
VmallocTotal:     319488 kB
VmallocUsed:       12352 kB
VmallocChunk:     186380 kB
Time pass: 323 sec

---2015-12-05 11:13:24
MemTotal:        1386568 kB
MemFree:           62652 kB
Buffers:           13400 kB
Cached:           546540 kB
SwapCached:         5028 kB
Active:           492136 kB
Inactive:         503236 kB
Active(anon):     212364 kB
Inactive(anon):   227168 kB
Active(file):     279772 kB
Inactive(file):   276068 kB
Unevictable:        3132 kB
Mlocked:               0 kB
HighTotal:        849920 kB
HighFree:           9832 kB
LowTotal:         536648 kB
LowFree:           52820 kB
SwapTotal:        786428 kB
SwapFree:         731168 kB
Dirty:                24 kB
Writeback:             0 kB
AnonPages:        436860 kB
Mapped:           316756 kB
Shmem:               968 kB
Slab:              53484 kB
SReclaimable:      17256 kB
SUnreclaim:        36228 kB
KernelStack:       10784 kB
PageTables:        30120 kB
NFS_Unstable:          0 kB
Bounce:                0 kB
WritebackTmp:          0 kB
CommitLimit:     1479712 kB
Committed_AS:   64806224 kB
VmallocTotal:     319488 kB
VmallocUsed:       12352 kB
VmallocChunk:     186380 kB
Time pass: 327 sec

---2015-12-05 11:13:24
MemTotal:        1386568 kB
MemFree:           66032 kB
Buffers:           13424 kB
Cached:           546568 kB
SwapCached:         5028 kB
Active:           488180 kB
Inactive:         503260 kB
Active(anon):     208408 kB
Inactive(anon):   227140 kB
Active(file):     279772 kB
Inactive(file):   276120 kB
Unevictable:        3132 kB
Mlocked:               0 kB
HighTotal:        849920 kB
HighFree:          12712 kB
LowTotal:         536648 kB
LowFree:           53320 kB
SwapTotal:        786428 kB
SwapFree:         731168 kB
Dirty:                84 kB
Writeback:             8 kB
AnonPages:        432988 kB
Mapped:           316772 kB
Shmem:               968 kB
Slab:              53736 kB
SReclaimable:      17256 kB
SUnreclaim:        36480 kB
KernelStack:       10800 kB
PageTables:        30120 kB
NFS_Unstable:          0 kB
Bounce:                0 kB
WritebackTmp:          0 kB
CommitLimit:     1479712 kB
Committed_AS:   64805960 kB
VmallocTotal:     319488 kB
VmallocUsed:       12352 kB
VmallocChunk:     186380 kB
Time pass: 331 sec

---2015-12-05 11:13:24
MemTotal:        1386568 kB
MemFree:           65928 kB
Buffers:           13424 kB
Cached:           546584 kB
SwapCached:         5028 kB
Active:           488852 kB
Inactive:         503240 kB
Active(anon):     209080 kB
Inactive(anon):   227104 kB
Active(file):     279772 kB
Inactive(file):   276136 kB
Unevictable:        3132 kB
Mlocked:               0 kB
HighTotal:        849920 kB
HighFree:          12532 kB
LowTotal:         536648 kB
LowFree:           53396 kB
SwapTotal:        786428 kB
SwapFree:         731168 kB
Dirty:                68 kB
Writeback:             0 kB
AnonPages:        433360 kB
Mapped:           316772 kB
Shmem:               968 kB
Slab:              53540 kB
SReclaimable:      17256 kB
SUnreclaim:        36284 kB
KernelStack:       10800 kB
PageTables:        30120 kB
NFS_Unstable:          0 kB
Bounce:                0 kB
WritebackTmp:          0 kB
CommitLimit:     1479712 kB
Committed_AS:   64806156 kB
VmallocTotal:     319488 kB
VmallocUsed:       12352 kB
VmallocChunk:     186380 kB
Time pass: 335 sec

---2015-12-05 11:13:24
MemTotal:        1386568 kB
MemFree:           66480 kB
Buffers:           13448 kB
Cached:           546584 kB
SwapCached:         5028 kB
Active:           487888 kB
Inactive:         503096 kB
Active(anon):     208112 kB
Inactive(anon):   226940 kB
Active(file):     279776 kB
Inactive(file):   276156 kB
Unevictable:        3132 kB
Mlocked:               0 kB
HighTotal:        849920 kB
HighFree:          12452 kB
LowTotal:         536648 kB
LowFree:           54028 kB
SwapTotal:        786428 kB
SwapFree:         731168 kB
Dirty:                68 kB
Writeback:             0 kB
AnonPages:        432568 kB
Mapped:           316624 kB
Shmem:               968 kB
Slab:              53508 kB
SReclaimable:      17256 kB
SUnreclaim:        36252 kB
KernelStack:       10808 kB
PageTables:        30124 kB
NFS_Unstable:          0 kB
Bounce:                0 kB
WritebackTmp:          0 kB
CommitLimit:     1479712 kB
Committed_AS:   64806228 kB
VmallocTotal:     319488 kB
VmallocUsed:       12352 kB
VmallocChunk:     186380 kB
Time pass: 339 sec

---2015-12-05 11:13:24
MemTotal:        1386568 kB
MemFree:           65444 kB
Buffers:           13472 kB
Cached:           546568 kB
SwapCached:         5028 kB
Active:           488604 kB
Inactive:         503104 kB
Active(anon):     208828 kB
Inactive(anon):   226940 kB
Active(file):     279776 kB
Inactive(file):   276164 kB
Unevictable:        3132 kB
Mlocked:               0 kB
HighTotal:        849920 kB
HighFree:          10404 kB
LowTotal:         536648 kB
LowFree:           55040 kB
SwapTotal:        786428 kB
SwapFree:         731168 kB
Dirty:                60 kB
Writeback:             0 kB
AnonPages:        433072 kB
Mapped:           316648 kB
Shmem:               968 kB
Slab:              53672 kB
SReclaimable:      17256 kB
SUnreclaim:        36416 kB
KernelStack:       10816 kB
PageTables:        30156 kB
NFS_Unstable:          0 kB
Bounce:                0 kB
WritebackTmp:          0 kB
CommitLimit:     1479712 kB
Committed_AS:   64806484 kB
VmallocTotal:     319488 kB
VmallocUsed:       12352 kB
VmallocChunk:     186380 kB
Time pass: 343 sec

---2015-12-05 11:13:24
MemTotal:        1386568 kB
MemFree:           66816 kB
Buffers:           13472 kB
Cached:           546584 kB
SwapCached:         5028 kB
Active:           488080 kB
Inactive:         503120 kB
Active(anon):     208304 kB
Inactive(anon):   226940 kB
Active(file):     279776 kB
Inactive(file):   276180 kB
Unevictable:        3132 kB
Mlocked:               0 kB
HighTotal:        849920 kB
HighFree:          11460 kB
LowTotal:         536648 kB
LowFree:           55356 kB
SwapTotal:        786428 kB
SwapFree:         731168 kB
Dirty:                 0 kB
Writeback:             0 kB
AnonPages:        432692 kB
Mapped:           316772 kB
Shmem:               968 kB
Slab:              53644 kB
SReclaimable:      17256 kB
SUnreclaim:        36388 kB
KernelStack:       10784 kB
PageTables:        30136 kB
NFS_Unstable:          0 kB
Bounce:                0 kB
WritebackTmp:          0 kB
CommitLimit:     1479712 kB
Committed_AS:   64805476 kB
VmallocTotal:     319488 kB
VmallocUsed:       12352 kB
VmallocChunk:     186380 kB
Time pass: 346 sec

---2015-12-05 11:13:24
MemTotal:        1386568 kB
MemFree:           66964 kB
Buffers:           13496 kB
Cached:           546588 kB
SwapCached:         5028 kB
Active:           487248 kB
Inactive:         503136 kB
Active(anon):     207468 kB
Inactive(anon):   226940 kB
Active(file):     279780 kB
Inactive(file):   276196 kB
Unevictable:        3132 kB
Mlocked:               0 kB
HighTotal:        849920 kB
HighFree:          10472 kB
LowTotal:         536648 kB
LowFree:           56492 kB
SwapTotal:        786428 kB
SwapFree:         731168 kB
Dirty:                72 kB
Writeback:             0 kB
AnonPages:        431916 kB
Mapped:           316732 kB
Shmem:               968 kB
Slab:              53476 kB
SReclaimable:      17256 kB
SUnreclaim:        36220 kB
KernelStack:       10784 kB
PageTables:        30100 kB
NFS_Unstable:          0 kB
Bounce:                0 kB
WritebackTmp:          0 kB
CommitLimit:     1479712 kB
Committed_AS:   64805556 kB
VmallocTotal:     319488 kB
VmallocUsed:       12352 kB
VmallocChunk:     186380 kB
Time pass: 350 sec

---2015-12-05 11:13:24
MemTotal:        1386568 kB
MemFree:           66208 kB
Buffers:           13496 kB
Cached:           546588 kB
SwapCached:         5028 kB
Active:           487084 kB
Inactive:         503144 kB
Active(anon):     207308 kB
Inactive(anon):   226940 kB
Active(file):     279776 kB
Inactive(file):   276204 kB
Unevictable:        3132 kB
Mlocked:               0 kB
HighTotal:        849920 kB
HighFree:           8852 kB
LowTotal:         536648 kB
LowFree:           57356 kB
SwapTotal:        786428 kB
SwapFree:         731168 kB
Dirty:                12 kB
Writeback:             0 kB
AnonPages:        431564 kB
Mapped:           316640 kB
