---2015-12-05 14:12:09
MemTotal:        2582696 kB
MemFree:          127888 kB
Buffers:           18108 kB
Cached:          1211668 kB
SwapCached:            0 kB
Active:          1072692 kB
Inactive:         896208 kB
Active(anon):     591728 kB
Inactive(anon):   188164 kB
Active(file):     480964 kB
Inactive(file):   708044 kB
Unevictable:        2968 kB
Mlocked:               0 kB
SwapTotal:        524284 kB
SwapFree:         524284 kB
Dirty:                88 kB
Writeback:             0 kB
AnonPages:        742192 kB
Mapped:           410632 kB
Shmem:             37800 kB
Slab:             100932 kB
SReclaimable:      31532 kB
SUnreclaim:        69400 kB
KernelStack:       37088 kB
PageTables:        38288 kB
NFS_Unstable:          0 kB
Bounce:                0 kB
WritebackTmp:          0 kB
CommitLimit:     1815632 kB
Committed_AS:   110649276 kB
VmallocTotal:   251658176 kB
VmallocUsed:      117244 kB
VmallocChunk:   251463076 kB
Time pass: 3 sec

---2015-12-05 14:12:09
MemTotal:        2582696 kB
MemFree:          130964 kB
Buffers:           18108 kB
Cached:          1205860 kB
SwapCached:            0 kB
Active:          1072384 kB
Inactive:         890964 kB
Active(anon):     591984 kB
Inactive(anon):   188164 kB
Active(file):     480400 kB
Inactive(file):   702800 kB
Unevictable:        2968 kB
Mlocked:               0 kB
SwapTotal:        524284 kB
SwapFree:         524284 kB
Dirty:                88 kB
Writeback:             0 kB
AnonPages:        742428 kB
Mapped:           410280 kB
Shmem:             37800 kB
Slab:             100932 kB
SReclaimable:      31532 kB
SUnreclaim:        69400 kB
KernelStack:       37088 kB
PageTables:        38284 kB
NFS_Unstable:          0 kB
Bounce:                0 kB
WritebackTmp:          0 kB
CommitLimit:     1815632 kB
Committed_AS:   110649252 kB
VmallocTotal:   251658176 kB
VmallocUsed:      117256 kB
VmallocChunk:   251463076 kB
Time pass: 7 sec

---2015-12-05 14:12:09
MemTotal:        2582696 kB
MemFree:          130360 kB
Buffers:           18108 kB
Cached:          1205984 kB
SwapCached:            0 kB
Active:          1073980 kB
Inactive:         891088 kB
Active(anon):     593580 kB
Inactive(anon):   188164 kB
Active(file):     480400 kB
Inactive(file):   702924 kB
Unevictable:        2968 kB
Mlocked:               0 kB
SwapTotal:        524284 kB
SwapFree:         524284 kB
Dirty:                88 kB
Writeback:             0 kB
AnonPages:        744028 kB
Mapped:           410524 kB
Shmem:             37800 kB
Slab:             100932 kB
SReclaimable:      31532 kB
SUnreclaim:        69400 kB
KernelStack:       36896 kB
PageTables:        38288 kB
NFS_Unstable:          0 kB
Bounce:                0 kB
WritebackTmp:          0 kB
CommitLimit:     1815632 kB
Committed_AS:   110649052 kB
VmallocTotal:   251658176 kB
VmallocUsed:      117256 kB
VmallocChunk:   251463076 kB
Time pass: 11 sec

---2015-12-05 14:12:09
MemTotal:        2582696 kB
MemFree:          129552 kB
Buffers:           18108 kB
Cached:          1205988 kB
SwapCached:            0 kB
Active:          1074212 kB
Inactive:         891092 kB
Active(anon):     593812 kB
Inactive(anon):   188164 kB
Active(file):     480400 kB
Inactive(file):   702928 kB
Unevictable:        2968 kB
Mlocked:               0 kB
SwapTotal:        524284 kB
SwapFree:         524284 kB
Dirty:                96 kB
Writeback:             0 kB
AnonPages:        744336 kB
Mapped:           410532 kB
Shmem:             37800 kB
Slab:             101052 kB
SReclaimable:      31540 kB
SUnreclaim:        69512 kB
KernelStack:       36896 kB
PageTables:        38284 kB
NFS_Unstable:          0 kB
Bounce:                0 kB
WritebackTmp:          0 kB
CommitLimit:     1815632 kB
Committed_AS:   110648948 kB
VmallocTotal:   251658176 kB
VmallocUsed:      117256 kB
VmallocChunk:   251463076 kB
Time pass: 15 sec

---2015-12-05 14:12:09
MemTotal:        2582696 kB
MemFree:          129184 kB
Buffers:           18116 kB
Cached:          1205988 kB
SwapCached:            0 kB
Active:          1074696 kB
Inactive:         891092 kB
Active(anon):     594296 kB
Inactive(anon):   188164 kB
Active(file):     480400 kB
Inactive(file):   702928 kB
Unevictable:        2968 kB
Mlocked:               0 kB
SwapTotal:        524284 kB
SwapFree:         524284 kB
Dirty:               112 kB
Writeback:             0 kB
AnonPages:        744808 kB
Mapped:           410536 kB
Shmem:             37800 kB
Slab:             100956 kB
SReclaimable:      31540 kB
SUnreclaim:        69416 kB
KernelStack:       36896 kB
PageTables:        38284 kB
NFS_Unstable:          0 kB
Bounce:                0 kB
WritebackTmp:          0 kB
CommitLimit:     1815632 kB
Committed_AS:   110657288 kB
VmallocTotal:   251658176 kB
VmallocUsed:      117256 kB
VmallocChunk:   251463076 kB
Time pass: 18 sec

---2015-12-05 14:12:09
MemTotal:        2582696 kB
MemFree:          120352 kB
Buffers:           17708 kB
Cached:          1144396 kB
SwapCached:            0 kB
Active:          1126472 kB
Inactive:         812536 kB
Active(anon):     629320 kB
Inactive(anon):   188040 kB
Active(file):     497152 kB
Inactive(file):   624496 kB
Unevictable:        2968 kB
Mlocked:               0 kB
SwapTotal:        524284 kB
SwapFree:         524284 kB
Dirty:               968 kB
Writeback:             0 kB
AnonPages:        779752 kB
Mapped:           439408 kB
Shmem:             37672 kB
Slab:             101508 kB
SReclaimable:      31688 kB
SUnreclaim:        69820 kB
KernelStack:       38032 kB
PageTables:        39180 kB
NFS_Unstable:          0 kB
Bounce:                0 kB
WritebackTmp:          0 kB
CommitLimit:     1815632 kB
Committed_AS:   111958132 kB
VmallocTotal:   251658176 kB
VmallocUsed:      118684 kB
VmallocChunk:   251463076 kB
Time pass: 22 sec

---2015-12-05 14:12:09
MemTotal:        2582696 kB
MemFree:          122844 kB
Buffers:           16004 kB
Cached:          1081168 kB
SwapCached:            0 kB
Active:          1116248 kB
Inactive:         754420 kB
Active(anon):     626144 kB
Inactive(anon):   188040 kB
Active(file):     490104 kB
Inactive(file):   566380 kB
Unevictable:        2968 kB
Mlocked:               0 kB
SwapTotal:        524284 kB
SwapFree:         524284 kB
Dirty:              1460 kB
Writeback:           440 kB
AnonPages:        776524 kB
Mapped:           460584 kB
Shmem:             37672 kB
Slab:             101512 kB
SReclaimable:      31664 kB
SUnreclaim:        69848 kB
KernelStack:       38096 kB
PageTables:        39260 kB
NFS_Unstable:          0 kB
Bounce:                0 kB
WritebackTmp:          0 kB
CommitLimit:     1815632 kB
Committed_AS:   111966564 kB
VmallocTotal:   251658176 kB
VmallocUsed:      119240 kB
VmallocChunk:   251463076 kB
Time pass: 26 sec

---2015-12-05 14:12:09
MemTotal:        2582696 kB
MemFree:          144004 kB
Buffers:           16004 kB
Cached:          1082048 kB
SwapCached:            0 kB
Active:          1094612 kB
Inactive:         755236 kB
Active(anon):     604388 kB
Inactive(anon):   188040 kB
Active(file):     490224 kB
Inactive(file):   567196 kB
Unevictable:        2968 kB
Mlocked:               0 kB
SwapTotal:        524284 kB
SwapFree:         524284 kB
Dirty:               340 kB
Writeback:             0 kB
AnonPages:        754604 kB
Mapped:           460368 kB
Shmem:             37672 kB
Slab:             101512 kB
SReclaimable:      31664 kB
SUnreclaim:        69848 kB
KernelStack:       38096 kB
PageTables:        39284 kB
NFS_Unstable:          0 kB
Bounce:                0 kB
WritebackTmp:          0 kB
CommitLimit:     1815632 kB
Committed_AS:   111966932 kB
VmallocTotal:   251658176 kB
VmallocUsed:      119240 kB
VmallocChunk:   251463076 kB
Time pass: 29 sec

---2015-12-05 14:12:09
MemTotal:        2582696 kB
MemFree:          144232 kB
Buffers:           16004 kB
Cached:          1082368 kB
SwapCached:            0 kB
Active:          1094056 kB
Inactive:         755456 kB
Active(anon):     603756 kB
Inactive(anon):   188028 kB
Active(file):     490300 kB
Inactive(file):   567428 kB
Unevictable:        2968 kB
Mlocked:               0 kB
SwapTotal:        524284 kB
SwapFree:         524284 kB
Dirty:               376 kB
Writeback:             0 kB
AnonPages:        754148 kB
Mapped:           460804 kB
Shmem:             37672 kB
Slab:             101452 kB
SReclaimable:      31668 kB
SUnreclaim:        69784 kB
KernelStack:       38096 kB
PageTables:        39284 kB
NFS_Unstable:          0 kB
Bounce:                0 kB
WritebackTmp:          0 kB
CommitLimit:     1815632 kB
Committed_AS:   111966892 kB
VmallocTotal:   251658176 kB
VmallocUsed:      119240 kB
VmallocChunk:   251463076 kB
Time pass: 33 sec

---2015-12-05 14:12:09
MemTotal:        2582696 kB
MemFree:          124024 kB
Buffers:           13688 kB
Cached:          1018716 kB
SwapCached:            0 kB
Active:          1097708 kB
Inactive:         694764 kB
Active(anon):     612604 kB
Inactive(anon):   188028 kB
Active(file):     485104 kB
Inactive(file):   506736 kB
Unevictable:        2968 kB
Mlocked:               0 kB
SwapTotal:        524284 kB
SwapFree:         524284 kB
Dirty:               332 kB
Writeback:            80 kB
AnonPages:        763172 kB
Mapped:           464144 kB
Shmem:             37672 kB
Slab:             100724 kB
SReclaimable:      30748 kB
SUnreclaim:        69976 kB
KernelStack:       38112 kB
PageTables:        39320 kB
NFS_Unstable:          0 kB
Bounce:                0 kB
WritebackTmp:          0 kB
CommitLimit:     1815632 kB
Committed_AS:   111967628 kB
VmallocTotal:   251658176 kB
VmallocUsed:      119288 kB
VmallocChunk:   251463076 kB
Time pass: 37 sec

---2015-12-05 14:12:09
MemTotal:        2582696 kB
MemFree:          121248 kB
Buffers:           13688 kB
Cached:          1012900 kB
SwapCached:            0 kB
Active:          1098836 kB
Inactive:         688372 kB
Active(anon):     613276 kB
Inactive(anon):   188024 kB
Active(file):     485560 kB
Inactive(file):   500348 kB
Unevictable:        2968 kB
Mlocked:               0 kB
SwapTotal:        524284 kB
SwapFree:         524284 kB
Dirty:               388 kB
Writeback:             0 kB
AnonPages:        763644 kB
Mapped:           464068 kB
Shmem:             37672 kB
Slab:             101988 kB
SReclaimable:      31964 kB
SUnreclaim:        70024 kB
KernelStack:       38224 kB
PageTables:        39600 kB
NFS_Unstable:          0 kB
Bounce:                0 kB
WritebackTmp:          0 kB
CommitLimit:     1815632 kB
Committed_AS:   111967844 kB
VmallocTotal:   251658176 kB
VmallocUsed:      119336 kB
VmallocChunk:   251463076 kB
Time pass: 40 sec

---2015-12-05 14:12:09
MemTotal:        2582696 kB
MemFree:          125056 kB
Buffers:           13688 kB
Cached:          1013028 kB
SwapCached:            0 kB
Active:          1101088 kB
Inactive:         688524 kB
Active(anon):     615520 kB
Inactive(anon):   188024 kB
Active(file):     485568 kB
Inactive(file):   500500 kB
Unevictable:        2968 kB
Mlocked:               0 kB
SwapTotal:        524284 kB
SwapFree:         524284 kB
Dirty:               440 kB
Writeback:             0 kB
AnonPages:        766080 kB
Mapped:           464200 kB
Shmem:             37676 kB
Slab:             101888 kB
SReclaimable:      31964 kB
SUnreclaim:        69924 kB
KernelStack:       38224 kB
PageTables:        39484 kB
NFS_Unstable:          0 kB
Bounce:                0 kB
WritebackTmp:          0 kB
CommitLimit:     1815632 kB
Committed_AS:   111969892 kB
VmallocTotal:   251658176 kB
VmallocUsed:      119300 kB
VmallocChunk:   251463076 kB
Time pass: 44 sec

---2015-12-05 14:12:09
MemTotal:        2582696 kB
MemFree:          111800 kB
Buffers:           13688 kB
Cached:           971096 kB
SwapCached:            0 kB
Active:          1105580 kB
Inactive:         657832 kB
Active(anon):     632180 kB
Inactive(anon):   187304 kB
Active(file):     473400 kB
Inactive(file):   470528 kB
Unevictable:        3896 kB
Mlocked:               0 kB
SwapTotal:        524284 kB
SwapFree:         523564 kB
Dirty:              1760 kB
Writeback:             0 kB
AnonPages:        782532 kB
Mapped:           500924 kB
Shmem:             36956 kB
Slab:             101940 kB
SReclaimable:      32088 kB
SUnreclaim:        69852 kB
KernelStack:       38320 kB
PageTables:        39612 kB
NFS_Unstable:          0 kB
Bounce:                0 kB
WritebackTmp:          0 kB
CommitLimit:     1815632 kB
Committed_AS:   111986652 kB
VmallocTotal:   251658176 kB
VmallocUsed:      119680 kB
VmallocChunk:   251463076 kB
Time pass: 48 sec

---2015-12-05 14:12:09
MemTotal:        2582696 kB
MemFree:          110008 kB
Buffers:           13688 kB
Cached:           971720 kB
SwapCached:            0 kB
Active:          1106520 kB
Inactive:         657976 kB
Active(anon):     632656 kB
Inactive(anon):   187304 kB
Active(file):     473864 kB
Inactive(file):   470672 kB
Unevictable:        3896 kB
Mlocked:               0 kB
SwapTotal:        524284 kB
SwapFree:         523564 kB
Dirty:               540 kB
Writeback:             0 kB
AnonPages:        783080 kB
Mapped:           502700 kB
Shmem:             36956 kB
Slab:             102104 kB
SReclaimable:      32108 kB
SUnreclaim:        69996 kB
KernelStack:       38320 kB
PageTables:        39616 kB
NFS_Unstable:          0 kB
Bounce:                0 kB
WritebackTmp:          0 kB
CommitLimit:     1815632 kB
Committed_AS:   111986668 kB
VmallocTotal:   251658176 kB
VmallocUsed:      119680 kB
VmallocChunk:   251463076 kB
Time pass: 52 sec

---2015-12-05 14:12:09
MemTotal:        2582696 kB
MemFree:          108528 kB
Buffers:           13688 kB
Cached:           972544 kB
SwapCached:            0 kB
Active:          1106928 kB
Inactive:         658632 kB
Active(anon):     633060 kB
Inactive(anon):   187304 kB
Active(file):     473868 kB
Inactive(file):   471328 kB
Unevictable:        3896 kB
Mlocked:               0 kB
SwapTotal:        524284 kB
SwapFree:         523564 kB
Dirty:               544 kB
Writeback:             0 kB
AnonPages:        783400 kB
Mapped:           503180 kB
Shmem:             36956 kB
Slab:             102084 kB
SReclaimable:      32108 kB
SUnreclaim:        69976 kB
KernelStack:       38320 kB
PageTables:        39644 kB
NFS_Unstable:          0 kB
Bounce:                0 kB
WritebackTmp:          0 kB
CommitLimit:     1815632 kB
Committed_AS:   111986684 kB
VmallocTotal:   251658176 kB
VmallocUsed:      119680 kB
VmallocChunk:   251463076 kB
Time pass: 55 sec

---2015-12-05 14:12:09
MemTotal:        2582696 kB
MemFree:          116200 kB
Buffers:           13688 kB
Cached:           947352 kB
SwapCached:            0 kB
Active:          1096956 kB
Inactive:         645836 kB
Active(anon):     635324 kB
Inactive(anon):   186844 kB
Active(file):     461632 kB
Inactive(file):   458992 kB
Unevictable:        3896 kB
Mlocked:               0 kB
SwapTotal:        524284 kB
SwapFree:         523104 kB
Dirty:               780 kB
Writeback:             0 kB
AnonPages:        785624 kB
Mapped:           511904 kB
Shmem:             36496 kB
Slab:             102100 kB
SReclaimable:      32108 kB
SUnreclaim:        69992 kB
KernelStack:       38304 kB
PageTables:        39644 kB
NFS_Unstable:          0 kB
Bounce:                0 kB
WritebackTmp:          0 kB
CommitLimit:     1815632 kB
Committed_AS:   111986788 kB
VmallocTotal:   251658176 kB
VmallocUsed:      119792 kB
VmallocChunk:   251463076 kB
Time pass: 59 sec

---2015-12-05 14:12:09
MemTotal:        2582696 kB
MemFree:          116228 kB
Buffers:           13688 kB
Cached:           947388 kB
SwapCached:            0 kB
Active:          1097092 kB
Inactive:         645872 kB
Active(anon):     635436 kB
Inactive(anon):   186844 kB
Active(file):     461656 kB
Inactive(file):   459028 kB
Unevictable:        3896 kB
Mlocked:               0 kB
SwapTotal:        524284 kB
SwapFree:         523104 kB
Dirty:               568 kB
Writeback:             0 kB
AnonPages:        785856 kB
Mapped:           511900 kB
Shmem:             36496 kB
Slab:             101936 kB
SReclaimable:      32040 kB
SUnreclaim:        69896 kB
KernelStack:       38304 kB
PageTables:        39644 kB
NFS_Unstable:          0 kB
Bounce:                0 kB
WritebackTmp:          0 kB
CommitLimit:     1815632 kB
Committed_AS:   111986756 kB
VmallocTotal:   251658176 kB
VmallocUsed:      119792 kB
VmallocChunk:   251463076 kB
Time pass: 63 sec

---2015-12-05 14:12:09
MemTotal:        2582696 kB
MemFree:          109396 kB
Buffers:           13688 kB
Cached:           938096 kB
SwapCached:            0 kB
Active:          1098720 kB
Inactive:         644672 kB
Active(anon):     645348 kB
Inactive(anon):   186164 kB
Active(file):     453372 kB
Inactive(file):   458508 kB
Unevictable:        3896 kB
Mlocked:               0 kB
SwapTotal:        524284 kB
SwapFree:         522444 kB
Dirty:              1252 kB
Writeback:             0 kB
AnonPages:        795752 kB
Mapped:           523544 kB
Shmem:             35936 kB
Slab:             101948 kB
SReclaimable:      31900 kB
SUnreclaim:        70048 kB
KernelStack:       38336 kB
PageTables:        39632 kB
NFS_Unstable:          0 kB
Bounce:                0 kB
WritebackTmp:          0 kB
CommitLimit:     1815632 kB
Committed_AS:   111995756 kB
VmallocTotal:   251658176 kB
VmallocUsed:      119964 kB
VmallocChunk:   251463076 kB
Time pass: 66 sec

---2015-12-05 14:12:09
MemTotal:        2582696 kB
MemFree:          107180 kB
Buffers:           13552 kB
Cached:           940072 kB
SwapCached:            0 kB
Active:          1109252 kB
Inactive:         646172 kB
Active(anon):     655532 kB
Inactive(anon):   186164 kB
Active(file):     453720 kB
Inactive(file):   460008 kB
Unevictable:        3896 kB
Mlocked:               0 kB
SwapTotal:        524284 kB
SwapFree:         522444 kB
Dirty:              1504 kB
Writeback:             0 kB
AnonPages:        805856 kB
Mapped:           527260 kB
Shmem:             35936 kB
Slab:             102192 kB
SReclaimable:      32184 kB
SUnreclaim:        70008 kB
KernelStack:       38432 kB
PageTables:        39632 kB
NFS_Unstable:          0 kB
Bounce:                0 kB
WritebackTmp:          0 kB
CommitLimit:     1815632 kB
Committed_AS:   112003956 kB
VmallocTotal:   251658176 kB
VmallocUsed:      119964 kB
VmallocChunk:   251463076 kB
Time pass: 70 sec

---2015-12-05 14:12:09
MemTotal:        2582696 kB
MemFree:          109148 kB
Buffers:           11668 kB
Cached:           916932 kB
SwapCached:           12 kB
Active:          1105796 kB
Inactive:         630276 kB
Active(anon):     661824 kB
Inactive(anon):   185616 kB
Active(file):     443972 kB
Inactive(file):   444660 kB
Unevictable:        3896 kB
Mlocked:               0 kB
SwapTotal:        524284 kB
SwapFree:         522020 kB
Dirty:              1032 kB
Writeback:             0 kB
AnonPages:        811500 kB
Mapped:           527228 kB
Shmem:             36072 kB
Slab:             101980 kB
SReclaimable:      31596 kB
SUnreclaim:        70384 kB
KernelStack:       38704 kB
PageTables:        39840 kB
NFS_Unstable:          0 kB
Bounce:                0 kB
WritebackTmp:          0 kB
CommitLimit:     1815632 kB
Committed_AS:   112039816 kB
VmallocTotal:   251658176 kB
VmallocUsed:      122496 kB
VmallocChunk:   251463076 kB
Time pass: 74 sec

---2015-12-05 14:12:09
MemTotal:        2582696 kB
MemFree:          126648 kB
Buffers:           11164 kB
Cached:           868976 kB
SwapCached:           12 kB
Active:          1090672 kB
Inactive:         597868 kB
Active(anon):     662868 kB
Inactive(anon):   185580 kB
Active(file):     427804 kB
Inactive(file):   412288 kB
Unevictable:        3896 kB
Mlocked:               0 kB
SwapTotal:        524284 kB
SwapFree:         521960 kB
Dirty:               784 kB
Writeback:             0 kB
AnonPages:        812240 kB
Mapped:           527188 kB
Shmem:             36152 kB
Slab:             102240 kB
SReclaimable:      31828 kB
SUnreclaim:        70412 kB
KernelStack:       38704 kB
PageTables:        39992 kB
NFS_Unstable:          0 kB
Bounce:                0 kB
WritebackTmp:          0 kB
CommitLimit:     1815632 kB
Committed_AS:   112039820 kB
VmallocTotal:   251658176 kB
VmallocUsed:      122496 kB
VmallocChunk:   251463076 kB
Time pass: 78 sec

---2015-12-05 14:12:09
MemTotal:        2582696 kB
MemFree:          113376 kB
Buffers:           11164 kB
Cached:           873104 kB
SwapCached:           12 kB
Active:          1099784 kB
Inactive:         601528 kB
Active(anon):     671508 kB
Inactive(anon):   186164 kB
Active(file):     428276 kB
Inactive(file):   415364 kB
Unevictable:        3896 kB
Mlocked:               0 kB
SwapTotal:        524284 kB
SwapFree:         521960 kB
Dirty:               900 kB
Writeback:             0 kB
AnonPages:        820960 kB
Mapped:           528228 kB
Shmem:             36732 kB
Slab:             102544 kB
SReclaimable:      31972 kB
SUnreclaim:        70572 kB
KernelStack:       38752 kB
PageTables:        40012 kB
NFS_Unstable:          0 kB
Bounce:                0 kB
WritebackTmp:          0 kB
CommitLimit:     1815632 kB
Committed_AS:   112044132 kB
VmallocTotal:   251658176 kB
VmallocUsed:      122496 kB
VmallocChunk:   251463076 kB
Time pass: 82 sec

---2015-12-05 14:12:09
MemTotal:        2582696 kB
MemFree:          110468 kB
Buffers:           11164 kB
Cached:           873156 kB
SwapCached:           12 kB
Active:          1103228 kB
Inactive:         601576 kB
Active(anon):     674948 kB
Inactive(anon):   186216 kB
Active(file):     428280 kB
Inactive(file):   415360 kB
Unevictable:        3896 kB
Mlocked:               0 kB
SwapTotal:        524284 kB
SwapFree:         521960 kB
Dirty:              1168 kB
Writeback:             0 kB
AnonPages:        824164 kB
Mapped:           528336 kB
Shmem:             36784 kB
Slab:             102432 kB
SReclaimable:      31972 kB
SUnreclaim:        70460 kB
KernelStack:       38816 kB
PageTables:        40028 kB
NFS_Unstable:          0 kB
Bounce:                0 kB
WritebackTmp:          0 kB
CommitLimit:     1815632 kB
Committed_AS:   112048316 kB
VmallocTotal:   251658176 kB
VmallocUsed:      122496 kB
VmallocChunk:   251463076 kB
Time pass: 86 sec

---2015-12-05 14:12:09
MemTotal:        2582696 kB
MemFree:          107912 kB
Buffers:           11164 kB
Cached:           872636 kB
SwapCached:           12 kB
Active:          1105020 kB
Inactive:         601120 kB
Active(anon):     676804 kB
Inactive(anon):   185760 kB
Active(file):     428216 kB
Inactive(file):   415360 kB
Unevictable:        3896 kB
Mlocked:               0 kB
SwapTotal:        524284 kB
SwapFree:         521960 kB
Dirty:               912 kB
Writeback:             0 kB
AnonPages:        826352 kB
Mapped:           527880 kB
Shmem:             36328 kB
Slab:             102652 kB
SReclaimable:      31972 kB
SUnreclaim:        70680 kB
KernelStack:       38848 kB
PageTables:        40028 kB
NFS_Unstable:          0 kB
Bounce:                0 kB
WritebackTmp:          0 kB
CommitLimit:     1815632 kB
Committed_AS:   112044300 kB
VmallocTotal:   251658176 kB
VmallocUsed:      122496 kB
VmallocChunk:   251463076 kB
Time pass: 90 sec

---2015-12-05 14:12:09
MemTotal:        2582696 kB
MemFree:          107196 kB
Buffers:           11164 kB
Cached:           872644 kB
SwapCached:           12 kB
Active:          1106456 kB
Inactive:         601064 kB
Active(anon):     678240 kB
Inactive(anon):   185696 kB
Active(file):     428216 kB
Inactive(file):   415368 kB
Unevictable:        3896 kB
Mlocked:               0 kB
SwapTotal:        524284 kB
SwapFree:         521960 kB
Dirty:               784 kB
Writeback:             0 kB
AnonPages:        827512 kB
Mapped:           527880 kB
Shmem:             36328 kB
Slab:             102624 kB
SReclaimable:      31976 kB
SUnreclaim:        70648 kB
KernelStack:       38848 kB
PageTables:        40036 kB
NFS_Unstable:          0 kB
Bounce:                0 kB
WritebackTmp:          0 kB
CommitLimit:     1815632 kB
Committed_AS:   112048420 kB
VmallocTotal:   251658176 kB
VmallocUsed:      122496 kB
VmallocChunk:   251463076 kB
Time pass: 93 sec

---2015-12-05 14:12:09
MemTotal:        2582696 kB
MemFree:          113212 kB
Buffers:           11164 kB
Cached:           868500 kB
SwapCached:           12 kB
Active:          1092388 kB
Inactive:         599952 kB
Active(anon):     667440 kB
Inactive(anon):   185068 kB
Active(file):     424948 kB
Inactive(file):   414884 kB
Unevictable:        3896 kB
Mlocked:               0 kB
SwapTotal:        524284 kB
SwapFree:         521820 kB
Dirty:               784 kB
Writeback:             0 kB
AnonPages:        816700 kB
Mapped:           526888 kB
Shmem:             35936 kB
Slab:             102380 kB
SReclaimable:      31776 kB
SUnreclaim:        70604 kB
KernelStack:       38480 kB
PageTables:        39776 kB
NFS_Unstable:          0 kB
Bounce:                0 kB
WritebackTmp:          0 kB
CommitLimit:     1815632 kB
Committed_AS:   112021492 kB
VmallocTotal:   251658176 kB
VmallocUsed:      122376 kB
VmallocChunk:   251463076 kB
Time pass: 97 sec

---2015-12-05 14:12:09
MemTotal:        2582696 kB
MemFree:          371840 kB
Buffers:           11164 kB
Cached:           871568 kB
SwapCached:           12 kB
Active:          1030208 kB
Inactive:         598972 kB
Active(anon):     601232 kB
Inactive(anon):   185184 kB
Active(file):     428976 kB
Inactive(file):   413788 kB
Unevictable:        3896 kB
Mlocked:               0 kB
SwapTotal:        524284 kB
SwapFree:         521820 kB
Dirty:               120 kB
Writeback:             0 kB
AnonPages:        750656 kB
Mapped:           408048 kB
Shmem:             36060 kB
Slab:             101804 kB
SReclaimable:      31692 kB
SUnreclaim:        70112 kB
KernelStack:       37024 kB
PageTables:        37944 kB
NFS_Unstable:          0 kB
Bounce:                0 kB
WritebackTmp:          0 kB
CommitLimit:     1815632 kB
Committed_AS:   108873572 kB
VmallocTotal:   251658176 kB
VmallocUsed:      118664 kB
VmallocChunk:   251463076 kB
Time pass: 101 sec

---2015-12-05 14:12:09
MemTotal:        2582696 kB
MemFree:          378376 kB
Buffers:           11164 kB
Cached:           871980 kB
SwapCached:           12 kB
Active:          1022608 kB
Inactive:         599380 kB
Active(anon):     593616 kB
Inactive(anon):   185184 kB
Active(file):     428992 kB
Inactive(file):   414196 kB
Unevictable:        3896 kB
Mlocked:               0 kB
SwapTotal:        524284 kB
SwapFree:         521820 kB
Dirty:               516 kB
Writeback:             0 kB
AnonPages:        742536 kB
Mapped:           408064 kB
Shmem:             36060 kB
Slab:             101828 kB
SReclaimable:      31692 kB
SUnreclaim:        70136 kB
KernelStack:       37024 kB
PageTables:        37944 kB
NFS_Unstable:          0 kB
Bounce:                0 kB
WritebackTmp:          0 kB
CommitLimit:     1815632 kB
Committed_AS:   108873540 kB
VmallocTotal:   251658176 kB
VmallocUsed:      118664 kB
VmallocChunk:   251463076 kB
Time pass: 104 sec

---2015-12-05 14:12:09
MemTotal:        2582696 kB
MemFree:          360816 kB
Buffers:           11164 kB
Cached:           871980 kB
SwapCached:           12 kB
Active:          1029148 kB
Inactive:         599380 kB
Active(anon):     600156 kB
Inactive(anon):   185184 kB
Active(file):     428992 kB
Inactive(file):   414196 kB
Unevictable:        3896 kB
Mlocked:               0 kB
SwapTotal:        524284 kB
SwapFree:         521820 kB
Dirty:               112 kB
Writeback:             0 kB
AnonPages:        749580 kB
Mapped:           409192 kB
Shmem:             36060 kB
Slab:             101772 kB
SReclaimable:      31692 kB
SUnreclaim:        70080 kB
KernelStack:       37040 kB
PageTables:        38260 kB
NFS_Unstable:          0 kB
Bounce:                0 kB
WritebackTmp:          0 kB
CommitLimit:     1815632 kB
Committed_AS:   112359136 kB
VmallocTotal:   251658176 kB
VmallocUsed:      119684 kB
VmallocChunk:   251463076 kB
Time pass: 108 sec

---2015-12-05 14:12:09
MemTotal:        2582696 kB
MemFree:          179680 kB
Buffers:           12700 kB
Cached:           873044 kB
SwapCached:           12 kB
Active:          1062856 kB
Inactive:         596028 kB
Active(anon):     628108 kB
Inactive(anon):   185060 kB
Active(file):     434748 kB
Inactive(file):   410968 kB
Unevictable:        3896 kB
Mlocked:               0 kB
SwapTotal:        524284 kB
SwapFree:         521820 kB
Dirty:              1000 kB
Writeback:           212 kB
AnonPages:        777180 kB
Mapped:           492748 kB
Shmem:             35932 kB
Slab:             101980 kB
SReclaimable:      31712 kB
SUnreclaim:        70268 kB
KernelStack:       38064 kB
PageTables:        38900 kB
NFS_Unstable:          0 kB
Bounce:                0 kB
WritebackTmp:          0 kB
CommitLimit:     1815632 kB
Committed_AS:   110209548 kB
VmallocTotal:   251658176 kB
VmallocUsed:      117984 kB
VmallocChunk:   251463076 kB
Time pass: 111 sec

---2015-12-05 14:12:09
MemTotal:        2582696 kB
MemFree:          107416 kB
Buffers:           12700 kB
Cached:           875268 kB
SwapCached:           12 kB
Active:          1085920 kB
Inactive:         596780 kB
Active(anon):     649572 kB
Inactive(anon):   185064 kB
Active(file):     436348 kB
Inactive(file):   411716 kB
Unevictable:        3896 kB
Mlocked:               0 kB
SwapTotal:        524284 kB
SwapFree:         521820 kB
Dirty:              2572 kB
Writeback:             0 kB
AnonPages:        798764 kB
Mapped:           537428 kB
Shmem:             35936 kB
Slab:             101972 kB
SReclaimable:      31736 kB
SUnreclaim:        70236 kB
KernelStack:       38304 kB
PageTables:        39040 kB
NFS_Unstable:          0 kB
Bounce:                0 kB
WritebackTmp:          0 kB
CommitLimit:     1815632 kB
Committed_AS:   110210812 kB
VmallocTotal:   251658176 kB
VmallocUsed:      118344 kB
VmallocChunk:   251463076 kB
Time pass: 115 sec

---2015-12-05 14:12:09
MemTotal:        2582696 kB
MemFree:          136908 kB
Buffers:           12700 kB
Cached:           875268 kB
SwapCached:           12 kB
Active:          1079412 kB
Inactive:         596728 kB
Active(anon):     642956 kB
Inactive(anon):   185056 kB
Active(file):     436456 kB
Inactive(file):   411672 kB
Unevictable:        3896 kB
Mlocked:               0 kB
SwapTotal:        524284 kB
SwapFree:         521816 kB
Dirty:              1536 kB
Writeback:             0 kB
AnonPages:        792020 kB
Mapped:           547384 kB
Shmem:             35936 kB
Slab:             102000 kB
SReclaimable:      31768 kB
SUnreclaim:        70232 kB
KernelStack:       38320 kB
PageTables:        39116 kB
NFS_Unstable:          0 kB
Bounce:                0 kB
WritebackTmp:          0 kB
CommitLimit:     1815632 kB
Committed_AS:   110210924 kB
VmallocTotal:   251658176 kB
VmallocUsed:      118512 kB
VmallocChunk:   251463076 kB
Time pass: 119 sec

---2015-12-05 14:12:09
MemTotal:        2582696 kB
MemFree:          118700 kB
Buffers:           12700 kB
Cached:           875468 kB
SwapCached:           12 kB
Active:          1081892 kB
Inactive:         596588 kB
Active(anon):     645096 kB
Inactive(anon):   185048 kB
Active(file):     436796 kB
Inactive(file):   411540 kB
Unevictable:        3896 kB
Mlocked:               0 kB
SwapTotal:        524284 kB
SwapFree:         521816 kB
Dirty:               700 kB
Writeback:             0 kB
AnonPages:        794228 kB
Mapped:           548564 kB
Shmem:             35936 kB
Slab:             101912 kB
SReclaimable:      31772 kB
SUnreclaim:        70140 kB
KernelStack:       38304 kB
PageTables:        39144 kB
NFS_Unstable:          0 kB
Bounce:                0 kB
WritebackTmp:          0 kB
CommitLimit:     1815632 kB
Committed_AS:   110210996 kB
VmallocTotal:   251658176 kB
VmallocUsed:      118620 kB
VmallocChunk:   251463076 kB
Time pass: 122 sec

---2015-12-05 14:12:09
MemTotal:        2582696 kB
MemFree:          108240 kB
Buffers:           12700 kB
Cached:           871728 kB
SwapCached:           12 kB
Active:          1093436 kB
Inactive:         595612 kB
Active(anon):     659724 kB
Inactive(anon):   184872 kB
Active(file):     433712 kB
Inactive(file):   410740 kB
Unevictable:        3896 kB
Mlocked:               0 kB
SwapTotal:        524284 kB
SwapFree:         521600 kB
Dirty:               768 kB
Writeback:             0 kB
AnonPages:        808656 kB
Mapped:           548388 kB
Shmem:             35936 kB
Slab:             101872 kB
SReclaimable:      31772 kB
SUnreclaim:        70100 kB
KernelStack:       38304 kB
PageTables:        39144 kB
NFS_Unstable:          0 kB
Bounce:                0 kB
WritebackTmp:          0 kB
CommitLimit:     1815632 kB
Committed_AS:   110211020 kB
VmallocTotal:   251658176 kB
VmallocUsed:      118620 kB
VmallocChunk:   251463076 kB
Time pass: 126 sec

---2015-12-05 14:12:09
MemTotal:        2582696 kB
MemFree:          131524 kB
Buffers:           12700 kB
Cached:           868244 kB
SwapCached:           12 kB
Active:          1070132 kB
Inactive:         595112 kB
Active(anon):     639680 kB
Inactive(anon):   184452 kB
Active(file):     430452 kB
Inactive(file):   410660 kB
Unevictable:        3896 kB
Mlocked:               0 kB
SwapTotal:        524284 kB
SwapFree:         521336 kB
Dirty:              1184 kB
Writeback:             0 kB
AnonPages:        788136 kB
Mapped:           550888 kB
Shmem:             35936 kB
Slab:             101812 kB
SReclaimable:      31708 kB
SUnreclaim:        70104 kB
KernelStack:       38304 kB
PageTables:        39144 kB
NFS_Unstable:          0 kB
Bounce:                0 kB
WritebackTmp:          0 kB
CommitLimit:     1815632 kB
Committed_AS:   110211520 kB
VmallocTotal:   251658176 kB
VmallocUsed:      118780 kB
VmallocChunk:   251463076 kB
Time pass: 130 sec

---2015-12-05 14:12:09
MemTotal:        2582696 kB
MemFree:          131672 kB
Buffers:           12700 kB
Cached:           868244 kB
SwapCached:           12 kB
Active:          1070340 kB
Inactive:         595104 kB
Active(anon):     639880 kB
Inactive(anon):   184452 kB
Active(file):     430460 kB
Inactive(file):   410652 kB
Unevictable:        3896 kB
Mlocked:               0 kB
SwapTotal:        524284 kB
SwapFree:         521336 kB
Dirty:               664 kB
Writeback:             0 kB
AnonPages:        788388 kB
Mapped:           550916 kB
Shmem:             35936 kB
Slab:             101828 kB
SReclaimable:      31724 kB
SUnreclaim:        70104 kB
KernelStack:       38304 kB
PageTables:        39148 kB
NFS_Unstable:          0 kB
Bounce:                0 kB
WritebackTmp:          0 kB
CommitLimit:     1815632 kB
Committed_AS:   110211564 kB
VmallocTotal:   251658176 kB
VmallocUsed:      118780 kB
VmallocChunk:   251463076 kB
Time pass: 134 sec

---2015-12-05 14:12:09
MemTotal:        2582696 kB
MemFree:          129536 kB
Buffers:           12700 kB
Cached:           868248 kB
SwapCached:           12 kB
Active:          1070796 kB
Inactive:         595108 kB
Active(anon):     640336 kB
Inactive(anon):   184452 kB
Active(file):     430460 kB
Inactive(file):   410656 kB
Unevictable:        3896 kB
Mlocked:               0 kB
SwapTotal:        524284 kB
SwapFree:         521336 kB
Dirty:               668 kB
Writeback:             0 kB
AnonPages:        788976 kB
Mapped:           550968 kB
Shmem:             35936 kB
Slab:             101836 kB
SReclaimable:      31724 kB
SUnreclaim:        70112 kB
KernelStack:       38304 kB
PageTables:        39152 kB
NFS_Unstable:          0 kB
Bounce:                0 kB
WritebackTmp:          0 kB
CommitLimit:     1815632 kB
Committed_AS:   110211540 kB
VmallocTotal:   251658176 kB
VmallocUsed:      118780 kB
VmallocChunk:   251463076 kB
Time pass: 137 sec

---2015-12-05 14:12:09
MemTotal:        2582696 kB
MemFree:          108688 kB
Buffers:           12708 kB
Cached:           868432 kB
SwapCached:           12 kB
Active:          1081940 kB
Inactive:         594304 kB
Active(anon):     650488 kB
Inactive(anon):   184600 kB
Active(file):     431452 kB
Inactive(file):   409704 kB
Unevictable:        3896 kB
Mlocked:               0 kB
SwapTotal:        524284 kB
SwapFree:         521336 kB
Dirty:               756 kB
Writeback:             0 kB
AnonPages:        799020 kB
Mapped:           553968 kB
Shmem:             36088 kB
Slab:             102160 kB
SReclaimable:      31740 kB
SUnreclaim:        70420 kB
KernelStack:       38672 kB
PageTables:        39364 kB
NFS_Unstable:          0 kB
Bounce:                0 kB
WritebackTmp:          0 kB
CommitLimit:     1815632 kB
Committed_AS:   110243196 kB
VmallocTotal:   251658176 kB
VmallocUsed:      121312 kB
VmallocChunk:   251463076 kB
Time pass: 141 sec

---2015-12-05 14:12:09
MemTotal:        2582696 kB
MemFree:          107684 kB
Buffers:           12708 kB
Cached:           867176 kB
SwapCached:           12 kB
Active:          1085336 kB
Inactive:         593404 kB
Active(anon):     654176 kB
Inactive(anon):   184732 kB
Active(file):     431160 kB
Inactive(file):   408672 kB
Unevictable:        3896 kB
Mlocked:               0 kB
SwapTotal:        524284 kB
SwapFree:         521312 kB
Dirty:               720 kB
Writeback:             0 kB
AnonPages:        802888 kB
Mapped:           554492 kB
Shmem:             36228 kB
Slab:             102032 kB
SReclaimable:      31760 kB
SUnreclaim:        70272 kB
KernelStack:       38640 kB
PageTables:        39420 kB
NFS_Unstable:          0 kB
Bounce:                0 kB
WritebackTmp:          0 kB
CommitLimit:     1815632 kB
Committed_AS:   110243100 kB
VmallocTotal:   251658176 kB
VmallocUsed:      121312 kB
VmallocChunk:   251463076 kB
Time pass: 144 sec

---2015-12-05 14:12:09
MemTotal:        2582696 kB
MemFree:          112616 kB
Buffers:           12708 kB
Cached:           867144 kB
SwapCached:           12 kB
Active:          1080000 kB
Inactive:         593316 kB
Active(anon):     648880 kB
Inactive(anon):   184736 kB
Active(file):     431120 kB
Inactive(file):   408580 kB
Unevictable:        3896 kB
Mlocked:               0 kB
SwapTotal:        524284 kB
SwapFree:         521312 kB
Dirty:               672 kB
Writeback:             0 kB
AnonPages:        797364 kB
Mapped:           554484 kB
Shmem:             36256 kB
Slab:             102040 kB
SReclaimable:      31760 kB
SUnreclaim:        70280 kB
KernelStack:       38560 kB
PageTables:        39420 kB
NFS_Unstable:          0 kB
Bounce:                0 kB
WritebackTmp:          0 kB
CommitLimit:     1815632 kB
Committed_AS:   110247044 kB
VmallocTotal:   251658176 kB
VmallocUsed:      121312 kB
VmallocChunk:   251463076 kB
Time pass: 148 sec

---2015-12-05 14:12:09
MemTotal:        2582696 kB
MemFree:          112316 kB
Buffers:           12708 kB
Cached:           867304 kB
SwapCached:           12 kB
Active:          1080672 kB
Inactive:         593472 kB
Active(anon):     649548 kB
Inactive(anon):   184848 kB
Active(file):     431124 kB
Inactive(file):   408624 kB
Unevictable:        3896 kB
Mlocked:               0 kB
SwapTotal:        524284 kB
SwapFree:         521312 kB
Dirty:               744 kB
Writeback:             0 kB
AnonPages:        797948 kB
Mapped:           554616 kB
Shmem:             36368 kB
Slab:             102056 kB
SReclaimable:      31760 kB
SUnreclaim:        70296 kB
KernelStack:       38544 kB
PageTables:        39408 kB
NFS_Unstable:          0 kB
Bounce:                0 kB
WritebackTmp:          0 kB
CommitLimit:     1815632 kB
Committed_AS:   110246932 kB
VmallocTotal:   251658176 kB
VmallocUsed:      121312 kB
VmallocChunk:   251463076 kB
Time pass: 152 sec

---2015-12-05 14:12:09
MemTotal:        2582696 kB
MemFree:          108984 kB
Buffers:           12740 kB
Cached:           868812 kB
SwapCached:           12 kB
Active:          1087912 kB
Inactive:         602860 kB
Active(anon):     665336 kB
Inactive(anon):   183916 kB
Active(file):     422576 kB
Inactive(file):   418944 kB
Unevictable:        3896 kB
Mlocked:               0 kB
SwapTotal:        524284 kB
SwapFree:         520624 kB
Dirty:               700 kB
Writeback:             0 kB
AnonPages:        813272 kB
Mapped:           561040 kB
Shmem:             36132 kB
Slab:             102788 kB
SReclaimable:      32088 kB
SUnreclaim:        70700 kB
KernelStack:       39376 kB
PageTables:        40212 kB
NFS_Unstable:          0 kB
Bounce:                0 kB
WritebackTmp:          0 kB
CommitLimit:     1815632 kB
Committed_AS:   113271304 kB
VmallocTotal:   251658176 kB
VmallocUsed:      123244 kB
VmallocChunk:   251463076 kB
Time pass: 155 sec

---2015-12-05 14:12:09
MemTotal:        2582696 kB
MemFree:          130688 kB
Buffers:           11948 kB
Cached:           886636 kB
SwapCached:           12 kB
Active:          1098748 kB
Inactive:         607492 kB
Active(anon):     673456 kB
Inactive(anon):   173920 kB
Active(file):     425292 kB
Inactive(file):   433572 kB
Unevictable:        3896 kB
Mlocked:               0 kB
SwapTotal:        524284 kB
SwapFree:         520580 kB
Dirty:               776 kB
Writeback:             0 kB
AnonPages:        811516 kB
Mapped:           530192 kB
Shmem:             35936 kB
Slab:             102780 kB
SReclaimable:      31868 kB
SUnreclaim:        70912 kB
KernelStack:       39536 kB
PageTables:        39500 kB
NFS_Unstable:          0 kB
Bounce:                0 kB
WritebackTmp:          0 kB
CommitLimit:     1815632 kB
Committed_AS:   112034008 kB
VmallocTotal:   251658176 kB
VmallocUsed:      123404 kB
VmallocChunk:   251463076 kB
Time pass: 159 sec

---2015-12-05 14:12:09
MemTotal:        2582696 kB
MemFree:          152204 kB
Buffers:           11948 kB
Cached:           860452 kB
SwapCached:           12 kB
Active:          1096012 kB
Inactive:         588056 kB
Active(anon):     668012 kB
Inactive(anon):   147928 kB
Active(file):     428000 kB
Inactive(file):   440128 kB
Unevictable:        3896 kB
Mlocked:               0 kB
SwapTotal:        524284 kB
SwapFree:         520580 kB
Dirty:               856 kB
Writeback:             0 kB
AnonPages:        815736 kB
Mapped:           541268 kB
Shmem:               324 kB
Slab:             102744 kB
SReclaimable:      31904 kB
SUnreclaim:        70840 kB
KernelStack:       39792 kB
PageTables:        40284 kB
NFS_Unstable:          0 kB
Bounce:                0 kB
WritebackTmp:          0 kB
CommitLimit:     1815632 kB
Committed_AS:   113253728 kB
VmallocTotal:   251658176 kB
VmallocUsed:      123404 kB
VmallocChunk:   251463076 kB
Time pass: 163 sec

---2015-12-05 14:12:09
MemTotal:        2582696 kB
MemFree:          159876 kB
Buffers:           11948 kB
Cached:           861020 kB
SwapCached:           12 kB
Active:          1089572 kB
Inactive:         586308 kB
Active(anon):     659204 kB
Inactive(anon):   147856 kB
Active(file):     430368 kB
Inactive(file):   438452 kB
Unevictable:        3896 kB
Mlocked:               0 kB
SwapTotal:        524284 kB
SwapFree:         520580 kB
Dirty:               856 kB
Writeback:             0 kB
AnonPages:        806960 kB
Mapped:           541388 kB
Shmem:               252 kB
Slab:             102816 kB
SReclaimable:      31932 kB
SUnreclaim:        70884 kB
KernelStack:       39824 kB
PageTables:        40272 kB
NFS_Unstable:          0 kB
Bounce:                0 kB
WritebackTmp:          0 kB
CommitLimit:     1815632 kB
Committed_AS:   113217016 kB
VmallocTotal:   251658176 kB
VmallocUsed:      123404 kB
VmallocChunk:   251463076 kB
Time pass: 167 sec

---2015-12-05 14:12:09
MemTotal:        2582696 kB
MemFree:          146788 kB
Buffers:           11948 kB
Cached:           861688 kB
SwapCached:           12 kB
Active:          1102992 kB
Inactive:         584916 kB
Active(anon):     670636 kB
Inactive(anon):   147856 kB
Active(file):     432356 kB
Inactive(file):   437060 kB
Unevictable:        3896 kB
Mlocked:               0 kB
SwapTotal:        524284 kB
SwapFree:         520580 kB
Dirty:               948 kB
Writeback:             0 kB
AnonPages:        818788 kB
Mapped:           545844 kB
Shmem:               252 kB
Slab:             102820 kB
SReclaimable:      31936 kB
SUnreclaim:        70884 kB
KernelStack:       40016 kB
PageTables:        40332 kB
NFS_Unstable:          0 kB
Bounce:                0 kB
WritebackTmp:          0 kB
CommitLimit:     1815632 kB
Committed_AS:   113217896 kB
VmallocTotal:   251658176 kB
VmallocUsed:      120988 kB
VmallocChunk:   251463076 kB
Time pass: 170 sec

---2015-12-05 14:12:09
MemTotal:        2582696 kB
MemFree:          146368 kB
Buffers:           11948 kB
Cached:           861764 kB
SwapCached:           12 kB
Active:          1103300 kB
Inactive:         584764 kB
Active(anon):     670644 kB
Inactive(anon):   147856 kB
Active(file):     432656 kB
Inactive(file):   436908 kB
Unevictable:        3896 kB
Mlocked:               0 kB
SwapTotal:        524284 kB
SwapFree:         520580 kB
Dirty:              1024 kB
Writeback:             0 kB
AnonPages:        818356 kB
Mapped:           546112 kB
Shmem:               252 kB
Slab:             102888 kB
SReclaimable:      31940 kB
SUnreclaim:        70948 kB
KernelStack:       39904 kB
PageTables:        40508 kB
NFS_Unstable:          0 kB
Bounce:                0 kB
WritebackTmp:          0 kB
CommitLimit:     1815632 kB
Committed_AS:   113217880 kB
VmallocTotal:   251658176 kB
VmallocUsed:      120988 kB
VmallocChunk:   251463076 kB
Time pass: 174 sec

---2015-12-05 14:12:09
MemTotal:        2582696 kB
MemFree:          146064 kB
Buffers:           11948 kB
Cached:           861764 kB
SwapCached:           12 kB
Active:          1103360 kB
Inactive:         584764 kB
Active(anon):     670704 kB
Inactive(anon):   147856 kB
Active(file):     432656 kB
Inactive(file):   436908 kB
Unevictable:        3896 kB
Mlocked:               0 kB
SwapTotal:        524284 kB
SwapFree:         520580 kB
Dirty:              1020 kB
Writeback:             0 kB
AnonPages:        818360 kB
Mapped:           546120 kB
Shmem:               252 kB
Slab:             102992 kB
SReclaimable:      31940 kB
SUnreclaim:        71052 kB
KernelStack:       39904 kB
PageTables:        40508 kB
NFS_Unstable:          0 kB
Bounce:                0 kB
WritebackTmp:          0 kB
CommitLimit:     1815632 kB
Committed_AS:   113217896 kB
VmallocTotal:   251658176 kB
VmallocUsed:      120988 kB
VmallocChunk:   251463076 kB
Time pass: 178 sec

---2015-12-05 14:12:09
MemTotal:        2582696 kB
MemFree:          148944 kB
Buffers:           11948 kB
Cached:           861956 kB
SwapCached:           12 kB
Active:          1099996 kB
Inactive:         584956 kB
Active(anon):     667340 kB
Inactive(anon):   147856 kB
Active(file):     432656 kB
Inactive(file):   437100 kB
Unevictable:        3896 kB
Mlocked:               0 kB
SwapTotal:        524284 kB
SwapFree:         520580 kB
Dirty:              1020 kB
Writeback:             0 kB
AnonPages:        814996 kB
Mapped:           546160 kB
Shmem:               252 kB
Slab:             102832 kB
SReclaimable:      31940 kB
SUnreclaim:        70892 kB
KernelStack:       39920 kB
PageTables:        40508 kB
NFS_Unstable:          0 kB
Bounce:                0 kB
WritebackTmp:          0 kB
CommitLimit:     1815632 kB
Committed_AS:   113217904 kB
VmallocTotal:   251658176 kB
VmallocUsed:      120988 kB
VmallocChunk:   251463076 kB
Time pass: 182 sec

---2015-12-05 14:12:09
MemTotal:        2582696 kB
MemFree:          147608 kB
Buffers:           11948 kB
Cached:           861956 kB
SwapCached:           12 kB
Active:          1101096 kB
Inactive:         584956 kB
Active(anon):     668440 kB
Inactive(anon):   147856 kB
Active(file):     432656 kB
Inactive(file):   437100 kB
Unevictable:        3896 kB
Mlocked:               0 kB
SwapTotal:        524284 kB
SwapFree:         520580 kB
Dirty:              1020 kB
Writeback:             0 kB
AnonPages:        815900 kB
Mapped:           546260 kB
Shmem:               252 kB
Slab:             102804 kB
SReclaimable:      31908 kB
SUnreclaim:        70896 kB
KernelStack:       39904 kB
PageTables:        40540 kB
NFS_Unstable:          0 kB
Bounce:                0 kB
WritebackTmp:          0 kB
CommitLimit:     1815632 kB
Committed_AS:   113217888 kB
VmallocTotal:   251658176 kB
VmallocUsed:      120988 kB
VmallocChunk:   251463076 kB
Time pass: 185 sec

---2015-12-05 14:12:09
MemTotal:        2582696 kB
MemFree:          147904 kB
Buffers:           11948 kB
Cached:           861956 kB
SwapCached:           12 kB
Active:          1101152 kB
Inactive:         584956 kB
Active(anon):     668496 kB
Inactive(anon):   147856 kB
Active(file):     432656 kB
Inactive(file):   437100 kB
Unevictable:        3896 kB
Mlocked:               0 kB
SwapTotal:        524284 kB
SwapFree:         520580 kB
Dirty:              1020 kB
Writeback:             0 kB
AnonPages:        816000 kB
Mapped:           546184 kB
Shmem:               252 kB
Slab:             102800 kB
SReclaimable:      31916 kB
SUnreclaim:        70884 kB
KernelStack:       39888 kB
PageTables:        40512 kB
NFS_Unstable:          0 kB
Bounce:                0 kB
WritebackTmp:          0 kB
CommitLimit:     1815632 kB
Committed_AS:   113217904 kB
VmallocTotal:   251658176 kB
VmallocUsed:      120988 kB
VmallocChunk:   251463076 kB
Time pass: 189 sec

---2015-12-05 14:12:09
MemTotal:        2582696 kB
MemFree:          108796 kB
Buffers:           10876 kB
Cached:           850264 kB
SwapCached:           12 kB
Active:          1106544 kB
Inactive:         579464 kB
Active(anon):     678052 kB
Inactive(anon):   151212 kB
Active(file):     428492 kB
Inactive(file):   428252 kB
Unevictable:        3896 kB
Mlocked:               0 kB
SwapTotal:        524284 kB
SwapFree:         520292 kB
Dirty:              1028 kB
Writeback:             0 kB
AnonPages:        828616 kB
Mapped:           544252 kB
Shmem:               500 kB
Slab:             103056 kB
SReclaimable:      31776 kB
SUnreclaim:        71280 kB
KernelStack:       40288 kB
PageTables:        40680 kB
NFS_Unstable:          0 kB
Bounce:                0 kB
WritebackTmp:          0 kB
CommitLimit:     1815632 kB
Committed_AS:   113249544 kB
VmallocTotal:   251658176 kB
VmallocUsed:      123520 kB
VmallocChunk:   251433008 kB
Time pass: 193 sec

---2015-12-05 14:12:09
MemTotal:        2582696 kB
MemFree:          108296 kB
Buffers:            9324 kB
Cached:           830252 kB
SwapCached:           12 kB
Active:          1111120 kB
Inactive:         578792 kB
Active(anon):     693132 kB
Inactive(anon):   161680 kB
Active(file):     417988 kB
Inactive(file):   417112 kB
Unevictable:        3896 kB
Mlocked:               0 kB
SwapTotal:        524284 kB
SwapFree:         519920 kB
Dirty:              1048 kB
Writeback:             0 kB
AnonPages:        854188 kB
Mapped:           550588 kB
Shmem:               572 kB
Slab:             103656 kB
SReclaimable:      31792 kB
SUnreclaim:        71864 kB
KernelStack:       41264 kB
PageTables:        41468 kB
NFS_Unstable:          0 kB
Bounce:                0 kB
WritebackTmp:          0 kB
CommitLimit:     1815632 kB
Committed_AS:   114518296 kB
VmallocTotal:   251658176 kB
VmallocUsed:      124540 kB
VmallocChunk:   251433008 kB
Time pass: 198 sec

---2015-12-05 14:12:09
MemTotal:        2582696 kB
MemFree:          113444 kB
Buffers:            9332 kB
Cached:           830536 kB
SwapCached:           12 kB
Active:          1120212 kB
Inactive:         564736 kB
Active(anon):     687776 kB
Inactive(anon):   161908 kB
Active(file):     432436 kB
Inactive(file):   402828 kB
Unevictable:        3896 kB
Mlocked:               0 kB
SwapTotal:        524284 kB
SwapFree:         519920 kB
Dirty:              1128 kB
Writeback:             0 kB
AnonPages:        849040 kB
Mapped:           546664 kB
Shmem:               704 kB
Slab:             103820 kB
SReclaimable:      31936 kB
SUnreclaim:        71884 kB
KernelStack:       41184 kB
PageTables:        41132 kB
NFS_Unstable:          0 kB
Bounce:                0 kB
WritebackTmp:          0 kB
CommitLimit:     1815632 kB
Committed_AS:   114518216 kB
VmallocTotal:   251658176 kB
VmallocUsed:      124540 kB
VmallocChunk:   251433008 kB
Time pass: 201 sec

---2015-12-05 14:12:09
MemTotal:        2582696 kB
MemFree:          113164 kB
Buffers:            9332 kB
Cached:           830560 kB
SwapCached:           12 kB
Active:          1119876 kB
Inactive:         564760 kB
Active(anon):     687436 kB
Inactive(anon):   161928 kB
Active(file):     432440 kB
Inactive(file):   402832 kB
Unevictable:        3896 kB
Mlocked:               0 kB
SwapTotal:        524284 kB
SwapFree:         519920 kB
Dirty:              1124 kB
Writeback:             0 kB
AnonPages:        848724 kB
Mapped:           546776 kB
Shmem:               724 kB
Slab:             103856 kB
SReclaimable:      31952 kB
SUnreclaim:        71904 kB
KernelStack:       41184 kB
PageTables:        41156 kB
NFS_Unstable:          0 kB
Bounce:                0 kB
WritebackTmp:          0 kB
CommitLimit:     1815632 kB
Committed_AS:   114518184 kB
VmallocTotal:   251658176 kB
VmallocUsed:      124540 kB
VmallocChunk:   251433008 kB
Time pass: 205 sec

---2015-12-05 14:12:09
MemTotal:        2582696 kB
MemFree:          112792 kB
Buffers:            9332 kB
Cached:           830580 kB
SwapCached:           12 kB
Active:          1120264 kB
Inactive:         564756 kB
Active(anon):     687820 kB
Inactive(anon):   161928 kB
Active(file):     432444 kB
Inactive(file):   402828 kB
Unevictable:        3896 kB
Mlocked:               0 kB
SwapTotal:        524284 kB
SwapFree:         519920 kB
Dirty:              1040 kB
Writeback:             0 kB
AnonPages:        849036 kB
Mapped:           546804 kB
Shmem:               744 kB
Slab:             103832 kB
SReclaimable:      31960 kB
SUnreclaim:        71872 kB
KernelStack:       41184 kB
PageTables:        41160 kB
NFS_Unstable:          0 kB
Bounce:                0 kB
WritebackTmp:          0 kB
CommitLimit:     1815632 kB
Committed_AS:   114518152 kB
VmallocTotal:   251658176 kB
VmallocUsed:      124540 kB
VmallocChunk:   251433008 kB
Time pass: 209 sec

---2015-12-05 14:12:09
MemTotal:        2582696 kB
MemFree:          122020 kB
Buffers:            9332 kB
Cached:           830672 kB
SwapCached:           12 kB
Active:          1119352 kB
Inactive:         558804 kB
Active(anon):     680844 kB
Inactive(anon):   161948 kB
Active(file):     438508 kB
Inactive(file):   396856 kB
Unevictable:        3896 kB
Mlocked:               0 kB
SwapTotal:        524284 kB
SwapFree:         519920 kB
Dirty:              1144 kB
Writeback:             0 kB
AnonPages:        842220 kB
Mapped:           540000 kB
Shmem:               744 kB
Slab:             103612 kB
SReclaimable:      31964 kB
SUnreclaim:        71648 kB
KernelStack:       40368 kB
PageTables:        40648 kB
NFS_Unstable:          0 kB
Bounce:                0 kB
WritebackTmp:          0 kB
CommitLimit:     1815632 kB
Committed_AS:   113262192 kB
VmallocTotal:   251658176 kB
VmallocUsed:      123520 kB
VmallocChunk:   251433008 kB
Time pass: 212 sec

---2015-12-05 14:12:09
MemTotal:        2582696 kB
MemFree:          108584 kB
Buffers:            7824 kB
Cached:           826280 kB
SwapCached:           12 kB
Active:          1128304 kB
Inactive:         561996 kB
Active(anon):     694824 kB
Inactive(anon):   166028 kB
Active(file):     433480 kB
Inactive(file):   395968 kB
Unevictable:        3896 kB
Mlocked:               0 kB
SwapTotal:        524284 kB
SwapFree:         519496 kB
Dirty:               960 kB
Writeback:             0 kB
AnonPages:        860160 kB
Mapped:           546368 kB
Shmem:               744 kB
Slab:             104144 kB
SReclaimable:      32232 kB
SUnreclaim:        71912 kB
KernelStack:       41536 kB
PageTables:        41296 kB
NFS_Unstable:          0 kB
Bounce:                0 kB
WritebackTmp:          0 kB
CommitLimit:     1815632 kB
Committed_AS:   114518192 kB
VmallocTotal:   251658176 kB
VmallocUsed:      124580 kB
VmallocChunk:   251433008 kB
Time pass: 216 sec

---2015-12-05 14:12:09
MemTotal:        2582696 kB
MemFree:          107424 kB
Buffers:            7824 kB
Cached:           826240 kB
SwapCached:           12 kB
Active:          1128896 kB
Inactive:         562092 kB
Active(anon):     695476 kB
Inactive(anon):   166116 kB
Active(file):     433420 kB
Inactive(file):   395976 kB
Unevictable:        3916 kB
Mlocked:               0 kB
SwapTotal:        524284 kB
SwapFree:         519496 kB
Dirty:              1080 kB
Writeback:             0 kB
AnonPages:        860732 kB
Mapped:           546540 kB
Shmem:               752 kB
Slab:             104608 kB
SReclaimable:      32392 kB
SUnreclaim:        72216 kB
KernelStack:       41184 kB
PageTables:        41128 kB
NFS_Unstable:          0 kB
Bounce:                0 kB
WritebackTmp:          0 kB
CommitLimit:     1815632 kB
Committed_AS:   114518048 kB
VmallocTotal:   251658176 kB
VmallocUsed:      124580 kB
VmallocChunk:   251433008 kB
Time pass: 220 sec

---2015-12-05 14:12:09
MemTotal:        2582696 kB
MemFree:          109548 kB
Buffers:            7340 kB
Cached:           824112 kB
SwapCached:           12 kB
Active:          1126408 kB
Inactive:         563716 kB
Active(anon):     695208 kB
Inactive(anon):   168136 kB
Active(file):     431200 kB
Inactive(file):   395580 kB
Unevictable:        3920 kB
Mlocked:               0 kB
SwapTotal:        524284 kB
SwapFree:         519292 kB
Dirty:              1068 kB
Writeback:             0 kB
AnonPages:        862600 kB
Mapped:           546416 kB
Shmem:               752 kB
Slab:             104348 kB
SReclaimable:      32152 kB
SUnreclaim:        72196 kB
KernelStack:       41248 kB
PageTables:        41156 kB
NFS_Unstable:          0 kB
Bounce:                0 kB
WritebackTmp:          0 kB
CommitLimit:     1815632 kB
Committed_AS:   114518088 kB
VmallocTotal:   251658176 kB
VmallocUsed:      124580 kB
VmallocChunk:   251433008 kB
Time pass: 224 sec

---2015-12-05 14:12:09
MemTotal:        2582696 kB
MemFree:          113308 kB
Buffers:            7340 kB
Cached:           825072 kB
SwapCached:           24 kB
Active:          1122248 kB
Inactive:         564684 kB
Active(anon):     691044 kB
Inactive(anon):   168204 kB
Active(file):     431204 kB
Inactive(file):   396480 kB
Unevictable:        3920 kB
Mlocked:               0 kB
SwapTotal:        524284 kB
SwapFree:         519292 kB
Dirty:              1092 kB
Writeback:             0 kB
AnonPages:        858320 kB
Mapped:           546520 kB
Shmem:               808 kB
Slab:             104272 kB
SReclaimable:      32152 kB
SUnreclaim:        72120 kB
KernelStack:       41264 kB
PageTables:        41144 kB
NFS_Unstable:          0 kB
Bounce:                0 kB
WritebackTmp:          0 kB
CommitLimit:     1815632 kB
Committed_AS:   114518120 kB
VmallocTotal:   251658176 kB
VmallocUsed:      124580 kB
VmallocChunk:   251433008 kB
Time pass: 228 sec

---2015-12-05 14:12:09
MemTotal:        2582696 kB
MemFree:          117880 kB
Buffers:            7340 kB
Cached:           825072 kB
SwapCached:           24 kB
Active:          1118472 kB
Inactive:         564088 kB
Active(anon):     686672 kB
Inactive(anon):   168204 kB
Active(file):     431800 kB
Inactive(file):   395884 kB
Unevictable:        3920 kB
Mlocked:               0 kB
SwapTotal:        524284 kB
SwapFree:         519292 kB
Dirty:              1104 kB
Writeback:             0 kB
AnonPages:        854332 kB
Mapped:           539764 kB
Shmem:               808 kB
Slab:             104132 kB
SReclaimable:      32152 kB
SUnreclaim:        71980 kB
KernelStack:       40560 kB
PageTables:        40736 kB
NFS_Unstable:          0 kB
Bounce:                0 kB
WritebackTmp:          0 kB
CommitLimit:     1815632 kB
Committed_AS:   113270336 kB
VmallocTotal:   251658176 kB
VmallocUsed:      123520 kB
VmallocChunk:   251433008 kB
Time pass: 232 sec

---2015-12-05 14:12:09
MemTotal:        2582696 kB
MemFree:          111624 kB
Buffers:            7336 kB
Cached:           824652 kB
SwapCached:           24 kB
Active:          1124068 kB
Inactive:         564572 kB
Active(anon):     692056 kB
Inactive(anon):   169460 kB
Active(file):     432012 kB
Inactive(file):   395112 kB
Unevictable:        3920 kB
Mlocked:               0 kB
SwapTotal:        524284 kB
SwapFree:         519200 kB
Dirty:              1120 kB
Writeback:             4 kB
AnonPages:        861236 kB
Mapped:           546676 kB
Shmem:               816 kB
Slab:             104224 kB
SReclaimable:      32152 kB
SUnreclaim:        72072 kB
KernelStack:       41536 kB
PageTables:        41144 kB
NFS_Unstable:          0 kB
Bounce:                0 kB
WritebackTmp:          0 kB
CommitLimit:     1815632 kB
Committed_AS:   114515368 kB
VmallocTotal:   251658176 kB
VmallocUsed:      124580 kB
VmallocChunk:   251433008 kB
Time pass: 235 sec

---2015-12-05 14:12:09
MemTotal:        2582696 kB
MemFree:          110680 kB
Buffers:            7336 kB
Cached:           825212 kB
SwapCached:           24 kB
Active:          1123000 kB
Inactive:         565372 kB
Active(anon):     690980 kB
Inactive(anon):   169588 kB
Active(file):     432020 kB
Inactive(file):   395784 kB
Unevictable:        3920 kB
Mlocked:               0 kB
SwapTotal:        524284 kB
SwapFree:         519200 kB
Dirty:              1096 kB
Writeback:             0 kB
AnonPages:        859820 kB
Mapped:           546836 kB
Shmem:               824 kB
Slab:             104552 kB
SReclaimable:      32148 kB
SUnreclaim:        72404 kB
KernelStack:       40848 kB
PageTables:        41168 kB
NFS_Unstable:          0 kB
Bounce:                0 kB
WritebackTmp:          0 kB
CommitLimit:     1815632 kB
Committed_AS:   114523696 kB
VmallocTotal:   251658176 kB
VmallocUsed:      124540 kB
VmallocChunk:   251433008 kB
Time pass: 239 sec

---2015-12-05 14:12:09
MemTotal:        2582696 kB
MemFree:          129732 kB
Buffers:            7336 kB
Cached:           825232 kB
SwapCached:           24 kB
Active:          1103868 kB
Inactive:         565384 kB
Active(anon):     671840 kB
Inactive(anon):   169588 kB
Active(file):     432028 kB
Inactive(file):   395796 kB
Unevictable:        3920 kB
Mlocked:               0 kB
SwapTotal:        524284 kB
SwapFree:         519200 kB
Dirty:              1092 kB
Writeback:             0 kB
AnonPages:        840588 kB
Mapped:           546940 kB
Shmem:               824 kB
Slab:             104560 kB
SReclaimable:      32148 kB
SUnreclaim:        72412 kB
KernelStack:       40848 kB
PageTables:        41208 kB
NFS_Unstable:          0 kB
Bounce:                0 kB
WritebackTmp:          0 kB
CommitLimit:     1815632 kB
Committed_AS:   114527712 kB
VmallocTotal:   251658176 kB
VmallocUsed:      124540 kB
VmallocChunk:   251433008 kB
Time pass: 243 sec

---2015-12-05 14:12:09
MemTotal:        2582696 kB
MemFree:          129304 kB
Buffers:            7336 kB
Cached:           825232 kB
SwapCached:           24 kB
Active:          1104008 kB
Inactive:         565384 kB
Active(anon):     671980 kB
Inactive(anon):   169588 kB
Active(file):     432028 kB
Inactive(file):   395796 kB
Unevictable:        3920 kB
Mlocked:               0 kB
SwapTotal:        524284 kB
SwapFree:         519200 kB
Dirty:              1096 kB
Writeback:             0 kB
AnonPages:        840764 kB
Mapped:           546868 kB
Shmem:               824 kB
Slab:             104412 kB
SReclaimable:      32148 kB
SUnreclaim:        72264 kB
KernelStack:       40848 kB
PageTables:        41176 kB
NFS_Unstable:          0 kB
Bounce:                0 kB
WritebackTmp:          0 kB
CommitLimit:     1815632 kB
Committed_AS:   114527688 kB
VmallocTotal:   251658176 kB
VmallocUsed:      124540 kB
VmallocChunk:   251433008 kB
Time pass: 247 sec

---2015-12-05 14:12:09
MemTotal:        2582696 kB
MemFree:          138016 kB
Buffers:            7336 kB
Cached:           825232 kB
SwapCached:           24 kB
Active:          1098680 kB
Inactive:         563792 kB
Active(anon):     665060 kB
Inactive(anon):   169588 kB
Active(file):     433620 kB
Inactive(file):   394204 kB
Unevictable:        3920 kB
Mlocked:               0 kB
SwapTotal:        524284 kB
SwapFree:         519200 kB
Dirty:              1096 kB
Writeback:             0 kB
AnonPages:        833876 kB
Mapped:           540148 kB
Shmem:               824 kB
Slab:             104360 kB
SReclaimable:      32148 kB
SUnreclaim:        72212 kB
KernelStack:       39968 kB
PageTables:        40688 kB
NFS_Unstable:          0 kB
Bounce:                0 kB
WritebackTmp:          0 kB
CommitLimit:     1815632 kB
Committed_AS:   113275752 kB
VmallocTotal:   251658176 kB
VmallocUsed:      123520 kB
VmallocChunk:   251433008 kB
Time pass: 251 sec

---2015-12-05 14:12:09
MemTotal:        2582696 kB
MemFree:          120544 kB
Buffers:            7336 kB
Cached:           825236 kB
SwapCached:           24 kB
Active:          1114784 kB
Inactive:         563792 kB
Active(anon):     681160 kB
Inactive(anon):   169584 kB
Active(file):     433624 kB
Inactive(file):   394208 kB
Unevictable:        3920 kB
Mlocked:               0 kB
SwapTotal:        524284 kB
SwapFree:         519200 kB
Dirty:              1112 kB
Writeback:             4 kB
AnonPages:        849768 kB
Mapped:           546656 kB
Shmem:               820 kB
Slab:             104380 kB
SReclaimable:      32148 kB
SUnreclaim:        72232 kB
KernelStack:       40560 kB
PageTables:        41272 kB
NFS_Unstable:          0 kB
Bounce:                0 kB
WritebackTmp:          0 kB
CommitLimit:     1815632 kB
Committed_AS:   114531656 kB
VmallocTotal:   251658176 kB
VmallocUsed:      124580 kB
VmallocChunk:   251433008 kB
Time pass: 255 sec

---2015-12-05 14:12:09
MemTotal:        2582696 kB
MemFree:          119144 kB
Buffers:            7336 kB
Cached:           825244 kB
SwapCached:           24 kB
Active:          1115764 kB
Inactive:         563800 kB
Active(anon):     682140 kB
Inactive(anon):   169596 kB
Active(file):     433624 kB
Inactive(file):   394204 kB
Unevictable:        3920 kB
Mlocked:               0 kB
SwapTotal:        524284 kB
SwapFree:         519200 kB
Dirty:              1096 kB
Writeback:             0 kB
AnonPages:        850916 kB
Mapped:           546904 kB
Shmem:               832 kB
Slab:             104648 kB
SReclaimable:      32180 kB
SUnreclaim:        72468 kB
KernelStack:       40832 kB
PageTables:        41188 kB
NFS_Unstable:          0 kB
Bounce:                0 kB
WritebackTmp:          0 kB
CommitLimit:     1815632 kB
Committed_AS:   114535688 kB
VmallocTotal:   251658176 kB
VmallocUsed:      124580 kB
VmallocChunk:   251433008 kB
Time pass: 259 sec

---2015-12-05 14:12:09
MemTotal:        2582696 kB
MemFree:          118244 kB
Buffers:            7344 kB
Cached:           825192 kB
SwapCached:           24 kB
Active:          1117164 kB
Inactive:         563880 kB
Active(anon):     683664 kB
Inactive(anon):   169596 kB
Active(file):     433500 kB
Inactive(file):   394284 kB
Unevictable:        3920 kB
Mlocked:               0 kB
SwapTotal:        524284 kB
SwapFree:         519200 kB
Dirty:              1168 kB
Writeback:             0 kB
AnonPages:        852436 kB
Mapped:           546924 kB
Shmem:               832 kB
Slab:             104636 kB
SReclaimable:      32180 kB
SUnreclaim:        72456 kB
KernelStack:       40848 kB
PageTables:        41188 kB
NFS_Unstable:          0 kB
Bounce:                0 kB
WritebackTmp:          0 kB
CommitLimit:     1815632 kB
Committed_AS:   114535656 kB
VmallocTotal:   251658176 kB
VmallocUsed:      124580 kB
VmallocChunk:   251433008 kB
Time pass: 263 sec

---2015-12-05 14:12:09
MemTotal:        2582696 kB
MemFree:          117516 kB
Buffers:            7344 kB
Cached:           825192 kB
SwapCached:           24 kB
Active:          1117468 kB
Inactive:         563880 kB
Active(anon):     683968 kB
Inactive(anon):   169596 kB
Active(file):     433500 kB
Inactive(file):   394284 kB
Unevictable:        3920 kB
Mlocked:               0 kB
SwapTotal:        524284 kB
SwapFree:         519200 kB
Dirty:              1092 kB
Writeback:             0 kB
AnonPages:        852776 kB
Mapped:           546952 kB
Shmem:               832 kB
Slab:             104572 kB
SReclaimable:      32180 kB
SUnreclaim:        72392 kB
KernelStack:       40848 kB
PageTables:        41184 kB
NFS_Unstable:          0 kB
Bounce:                0 kB
WritebackTmp:          0 kB
CommitLimit:     1815632 kB
Committed_AS:   114535672 kB
VmallocTotal:   251658176 kB
VmallocUsed:      124580 kB
VmallocChunk:   251433008 kB
Time pass: 267 sec

---2015-12-05 14:12:09
MemTotal:        2582696 kB
MemFree:          124144 kB
Buffers:            7344 kB
Cached:           825264 kB
SwapCached:           24 kB
Active:          1112252 kB
Inactive:         563932 kB
Active(anon):     678740 kB
Inactive(anon):   169596 kB
Active(file):     433512 kB
Inactive(file):   394336 kB
Unevictable:        3920 kB
Mlocked:               0 kB
SwapTotal:        524284 kB
SwapFree:         519200 kB
Dirty:              1236 kB
Writeback:             0 kB
AnonPages:        847556 kB
Mapped:           540356 kB
Shmem:               840 kB
Slab:             104544 kB
SReclaimable:      32180 kB
SUnreclaim:        72364 kB
KernelStack:       39920 kB
PageTables:        40724 kB
NFS_Unstable:          0 kB
Bounce:                0 kB
WritebackTmp:          0 kB
CommitLimit:     1815632 kB
Committed_AS:   113292136 kB
VmallocTotal:   251658176 kB
VmallocUsed:      123520 kB
VmallocChunk:   251433008 kB
Time pass: 271 sec

---2015-12-05 14:12:09
MemTotal:        2582696 kB
MemFree:          111644 kB
Buffers:            7344 kB
Cached:           826028 kB
SwapCached:           24 kB
Active:          1122468 kB
Inactive:         564704 kB
Active(anon):     688964 kB
Inactive(anon):   169604 kB
Active(file):     433504 kB
Inactive(file):   395100 kB
Unevictable:        3920 kB
Mlocked:               0 kB
SwapTotal:        524284 kB
SwapFree:         519200 kB
Dirty:              1264 kB
Writeback:             4 kB
AnonPages:        857800 kB
Mapped:           547112 kB
Shmem:               848 kB
Slab:             104696 kB
SReclaimable:      32212 kB
SUnreclaim:        72484 kB
KernelStack:       40864 kB
PageTables:        41292 kB
NFS_Unstable:          0 kB
Bounce:                0 kB
WritebackTmp:          0 kB
CommitLimit:     1815632 kB
Committed_AS:   114552608 kB
VmallocTotal:   251658176 kB
VmallocUsed:      124540 kB
VmallocChunk:   251433008 kB
Time pass: 275 sec

---2015-12-05 14:12:09
MemTotal:        2582696 kB
MemFree:          118320 kB
Buffers:            7344 kB
Cached:           827452 kB
SwapCached:           24 kB
Active:          1113736 kB
Inactive:         566104 kB
Active(anon):     680208 kB
Inactive(anon):   169612 kB
Active(file):     433528 kB
Inactive(file):   396492 kB
Unevictable:        3920 kB
Mlocked:               0 kB
SwapTotal:        524284 kB
SwapFree:         519200 kB
Dirty:              1164 kB
Writeback:             0 kB
AnonPages:        848960 kB
Mapped:           547312 kB
Shmem:               856 kB
Slab:             104756 kB
SReclaimable:      32212 kB
SUnreclaim:        72544 kB
KernelStack:       40912 kB
PageTables:        41332 kB
NFS_Unstable:          0 kB
Bounce:                0 kB
WritebackTmp:          0 kB
CommitLimit:     1815632 kB
Committed_AS:   114552648 kB
VmallocTotal:   251658176 kB
VmallocUsed:      124540 kB
VmallocChunk:   251433008 kB
Time pass: 279 sec

---2015-12-05 14:12:09
MemTotal:        2582696 kB
MemFree:          119136 kB
Buffers:            7344 kB
Cached:           827452 kB
SwapCached:           24 kB
Active:          1113724 kB
Inactive:         566100 kB
Active(anon):     680192 kB
Inactive(anon):   169612 kB
Active(file):     433532 kB
Inactive(file):   396488 kB
Unevictable:        3920 kB
Mlocked:               0 kB
SwapTotal:        524284 kB
SwapFree:         519200 kB
Dirty:              1132 kB
Writeback:             0 kB
AnonPages:        848976 kB
Mapped:           547316 kB
Shmem:               856 kB
Slab:             104768 kB
SReclaimable:      32212 kB
SUnreclaim:        72556 kB
KernelStack:       40944 kB
PageTables:        41336 kB
NFS_Unstable:          0 kB
Bounce:                0 kB
WritebackTmp:          0 kB
CommitLimit:     1815632 kB
Committed_AS:   114552608 kB
VmallocTotal:   251658176 kB
VmallocUsed:      124540 kB
VmallocChunk:   251433008 kB
Time pass: 283 sec

---2015-12-05 14:12:09
MemTotal:        2582696 kB
MemFree:          119012 kB
Buffers:            7344 kB
Cached:           827452 kB
SwapCached:           24 kB
Active:          1113876 kB
Inactive:         566100 kB
Active(anon):     680344 kB
Inactive(anon):   169612 kB
Active(file):     433532 kB
Inactive(file):   396488 kB
Unevictable:        3920 kB
Mlocked:               0 kB
SwapTotal:        524284 kB
SwapFree:         519200 kB
Dirty:              1132 kB
Writeback:             0 kB
AnonPages:        848996 kB
Mapped:           547392 kB
Shmem:               856 kB
Slab:             104864 kB
SReclaimable:      32212 kB
SUnreclaim:        72652 kB
KernelStack:       40880 kB
PageTables:        41228 kB
NFS_Unstable:          0 kB
Bounce:                0 kB
WritebackTmp:          0 kB
CommitLimit:     1815632 kB
Committed_AS:   114552616 kB
VmallocTotal:   251658176 kB
VmallocUsed:      124540 kB
VmallocChunk:   251433008 kB
Time pass: 287 sec

---2015-12-05 14:12:09
MemTotal:        2582696 kB
MemFree:          126060 kB
Buffers:            7344 kB
Cached:           827452 kB
SwapCached:          132 kB
Active:          1106660 kB
Inactive:         566212 kB
Active(anon):     673128 kB
Inactive(anon):   169724 kB
Active(file):     433532 kB
Inactive(file):   396488 kB
Unevictable:        3920 kB
Mlocked:               0 kB
SwapTotal:        524284 kB
SwapFree:         519216 kB
Dirty:              1132 kB
Writeback:             0 kB
AnonPages:        842056 kB
Mapped:           540588 kB
Shmem:               856 kB
Slab:             104672 kB
SReclaimable:      32228 kB
SUnreclaim:        72444 kB
KernelStack:       40032 kB
PageTables:        40716 kB
NFS_Unstable:          0 kB
Bounce:                0 kB
WritebackTmp:          0 kB
CommitLimit:     1815632 kB
Committed_AS:   113300528 kB
VmallocTotal:   251658176 kB
VmallocUsed:      123532 kB
VmallocChunk:   251433008 kB
Time pass: 291 sec

---2015-12-05 14:12:09
MemTotal:        2582696 kB
MemFree:          107612 kB
Buffers:            7344 kB
Cached:           827708 kB
SwapCached:          132 kB
Active:          1122888 kB
Inactive:         566448 kB
Active(anon):     689360 kB
Inactive(anon):   169716 kB
Active(file):     433528 kB
Inactive(file):   396732 kB
Unevictable:        3920 kB
Mlocked:               0 kB
SwapTotal:        524284 kB
SwapFree:         519216 kB
Dirty:              1176 kB
Writeback:             0 kB
AnonPages:        858264 kB
Mapped:           547408 kB
Shmem:               872 kB
Slab:             104852 kB
SReclaimable:      32228 kB
SUnreclaim:        72624 kB
KernelStack:       40896 kB
PageTables:        41232 kB
NFS_Unstable:          0 kB
Bounce:                0 kB
WritebackTmp:          0 kB
CommitLimit:     1815632 kB
Committed_AS:   114560352 kB
VmallocTotal:   251658176 kB
VmallocUsed:      124552 kB
VmallocChunk:   251433008 kB
Time pass: 295 sec

---2015-12-05 14:12:09
MemTotal:        2582696 kB
MemFree:          119840 kB
Buffers:            7344 kB
Cached:           827708 kB
SwapCached:          132 kB
Active:          1109800 kB
Inactive:         566436 kB
Active(anon):     676260 kB
Inactive(anon):   169716 kB
Active(file):     433540 kB
Inactive(file):   396720 kB
Unevictable:        3920 kB
Mlocked:               0 kB
SwapTotal:        524284 kB
SwapFree:         519216 kB
Dirty:              1168 kB
Writeback:             0 kB
AnonPages:        844988 kB
Mapped:           547272 kB
Shmem:               872 kB
Slab:             104820 kB
SReclaimable:      32228 kB
SUnreclaim:        72592 kB
KernelStack:       40928 kB
PageTables:        41264 kB
NFS_Unstable:          0 kB
Bounce:                0 kB
WritebackTmp:          0 kB
CommitLimit:     1815632 kB
Committed_AS:   114560176 kB
VmallocTotal:   251658176 kB
VmallocUsed:      124552 kB
VmallocChunk:   251433008 kB
Time pass: 299 sec

---2015-12-05 14:12:09
MemTotal:        2582696 kB
MemFree:          121192 kB
Buffers:            7344 kB
Cached:           827708 kB
SwapCached:          132 kB
Active:          1109636 kB
Inactive:         566436 kB
Active(anon):     676096 kB
Inactive(anon):   169716 kB
Active(file):     433540 kB
Inactive(file):   396720 kB
Unevictable:        3920 kB
Mlocked:               0 kB
SwapTotal:        524284 kB
SwapFree:         519216 kB
Dirty:              1144 kB
Writeback:             0 kB
AnonPages:        844988 kB
Mapped:           547500 kB
Shmem:               872 kB
Slab:             104812 kB
SReclaimable:      32228 kB
SUnreclaim:        72584 kB
KernelStack:       40880 kB
PageTables:        41260 kB
NFS_Unstable:          0 kB
Bounce:                0 kB
WritebackTmp:          0 kB
CommitLimit:     1815632 kB
Committed_AS:   114560144 kB
VmallocTotal:   251658176 kB
VmallocUsed:      124552 kB
VmallocChunk:   251433008 kB
Time pass: 303 sec

---2015-12-05 14:12:09
MemTotal:        2582696 kB
MemFree:          121204 kB
Buffers:            7344 kB
Cached:           827708 kB
SwapCached:          132 kB
Active:          1109928 kB
Inactive:         566436 kB
Active(anon):     676388 kB
Inactive(anon):   169716 kB
Active(file):     433540 kB
Inactive(file):   396720 kB
Unevictable:        3920 kB
Mlocked:               0 kB
SwapTotal:        524284 kB
SwapFree:         519216 kB
Dirty:              1144 kB
Writeback:             0 kB
AnonPages:        845240 kB
Mapped:           547496 kB
Shmem:               872 kB
Slab:             104812 kB
SReclaimable:      32228 kB
SUnreclaim:        72584 kB
KernelStack:       40880 kB
PageTables:        41268 kB
NFS_Unstable:          0 kB
Bounce:                0 kB
WritebackTmp:          0 kB
CommitLimit:     1815632 kB
Committed_AS:   114560128 kB
VmallocTotal:   251658176 kB
VmallocUsed:      124552 kB
VmallocChunk:   251433008 kB
Time pass: 307 sec

---2015-12-05 14:12:09
MemTotal:        2582696 kB
MemFree:          130396 kB
Buffers:            7344 kB
Cached:           827708 kB
SwapCached:          132 kB
Active:          1102160 kB
Inactive:         566436 kB
Active(anon):     668620 kB
Inactive(anon):   169716 kB
Active(file):     433540 kB
Inactive(file):   396720 kB
Unevictable:        3920 kB
Mlocked:               0 kB
SwapTotal:        524284 kB
SwapFree:         519216 kB
Dirty:              1144 kB
Writeback:             0 kB
AnonPages:        837308 kB
Mapped:           540756 kB
Shmem:               872 kB
Slab:             104740 kB
SReclaimable:      32228 kB
SUnreclaim:        72512 kB
KernelStack:       40160 kB
PageTables:        40776 kB
NFS_Unstable:          0 kB
Bounce:                0 kB
WritebackTmp:          0 kB
CommitLimit:     1815632 kB
Committed_AS:   113308168 kB
VmallocTotal:   251658176 kB
VmallocUsed:      123532 kB
VmallocChunk:   251433008 kB
Time pass: 311 sec

---2015-12-05 14:12:09
MemTotal:        2582696 kB
MemFree:          107404 kB
Buffers:            7344 kB
Cached:           827728 kB
SwapCached:          132 kB
Active:          1123300 kB
Inactive:         566452 kB
Active(anon):     689768 kB
Inactive(anon):   169720 kB
Active(file):     433532 kB
Inactive(file):   396732 kB
Unevictable:        3920 kB
Mlocked:               0 kB
SwapTotal:        524284 kB
SwapFree:         519216 kB
Dirty:              1180 kB
Writeback:             0 kB
AnonPages:        858576 kB
Mapped:           547520 kB
Shmem:               888 kB
Slab:             104852 kB
SReclaimable:      32228 kB
SUnreclaim:        72624 kB
KernelStack:       40880 kB
PageTables:        41288 kB
NFS_Unstable:          0 kB
Bounce:                0 kB
WritebackTmp:          0 kB
CommitLimit:     1815632 kB
Committed_AS:   114572472 kB
VmallocTotal:   251658176 kB
VmallocUsed:      124552 kB
VmallocChunk:   251433008 kB
Time pass: 315 sec

---2015-12-05 14:12:09
MemTotal:        2582696 kB
MemFree:          109104 kB
Buffers:            7344 kB
Cached:           824940 kB
SwapCached:          132 kB
Active:          1122844 kB
Inactive:         565852 kB
Active(anon):     689340 kB
Inactive(anon):   171880 kB
Active(file):     433504 kB
Inactive(file):   393972 kB
Unevictable:        3920 kB
Mlocked:               0 kB
SwapTotal:        524284 kB
SwapFree:         519028 kB
Dirty:              1148 kB
Writeback:             0 kB
AnonPages:        860368 kB
Mapped:           547536 kB
Shmem:               888 kB
Slab:             104468 kB
SReclaimable:      31896 kB
SUnreclaim:        72572 kB
KernelStack:       40928 kB
PageTables:        41292 kB
NFS_Unstable:          0 kB
Bounce:                0 kB
WritebackTmp:          0 kB
CommitLimit:     1815632 kB
Committed_AS:   114572480 kB
VmallocTotal:   251658176 kB
VmallocUsed:      124552 kB
VmallocChunk:   251433008 kB
Time pass: 319 sec

---2015-12-05 14:12:09
MemTotal:        2582696 kB
MemFree:          112640 kB
Buffers:            7352 kB
Cached:           822268 kB
SwapCached:          132 kB
Active:          1122164 kB
Inactive:         563804 kB
Active(anon):     688660 kB
Inactive(anon):   172496 kB
Active(file):     433504 kB
Inactive(file):   391308 kB
Unevictable:        3920 kB
Mlocked:               0 kB
SwapTotal:        524284 kB
SwapFree:         518808 kB
Dirty:              1192 kB
Writeback:             0 kB
AnonPages:        860408 kB
Mapped:           547532 kB
Shmem:               888 kB
Slab:             104704 kB
SReclaimable:      32096 kB
SUnreclaim:        72608 kB
KernelStack:       40896 kB
PageTables:        41288 kB
NFS_Unstable:          0 kB
Bounce:                0 kB
WritebackTmp:          0 kB
CommitLimit:     1815632 kB
Committed_AS:   114572384 kB
VmallocTotal:   251658176 kB
VmallocUsed:      124552 kB
VmallocChunk:   251433008 kB
Time pass: 323 sec

---2015-12-05 14:12:09
MemTotal:        2582696 kB
MemFree:          111284 kB
Buffers:            7352 kB
Cached:           822268 kB
SwapCached:          132 kB
Active:          1123196 kB
Inactive:         563812 kB
Active(anon):     689700 kB
Inactive(anon):   172496 kB
Active(file):     433496 kB
Inactive(file):   391316 kB
Unevictable:        3920 kB
Mlocked:               0 kB
SwapTotal:        524284 kB
SwapFree:         518808 kB
Dirty:              1144 kB
Writeback:            52 kB
AnonPages:        861248 kB
Mapped:           547544 kB
Shmem:               888 kB
Slab:             104668 kB
SReclaimable:      32096 kB
SUnreclaim:        72572 kB
KernelStack:       40880 kB
PageTables:        41288 kB
NFS_Unstable:          0 kB
Bounce:                0 kB
WritebackTmp:          0 kB
CommitLimit:     1815632 kB
Committed_AS:   114572496 kB
VmallocTotal:   251658176 kB
VmallocUsed:      124552 kB
VmallocChunk:   251433008 kB
Time pass: 327 sec

---2015-12-05 14:12:09
MemTotal:        2582696 kB
MemFree:          120688 kB
Buffers:            7352 kB
Cached:           822428 kB
SwapCached:          132 kB
Active:          1115332 kB
Inactive:         563956 kB
Active(anon):     681820 kB
Inactive(anon):   172496 kB
Active(file):     433512 kB
Inactive(file):   391460 kB
Unevictable:        3920 kB
Mlocked:               0 kB
SwapTotal:        524284 kB
SwapFree:         518808 kB
Dirty:              1228 kB
Writeback:             0 kB
AnonPages:        853420 kB
Mapped:           540796 kB
Shmem:               888 kB
Slab:             104604 kB
SReclaimable:      32096 kB
SUnreclaim:        72508 kB
KernelStack:       40144 kB
PageTables:        40796 kB
NFS_Unstable:          0 kB
Bounce:                0 kB
WritebackTmp:          0 kB
CommitLimit:     1815632 kB
Committed_AS:   113316240 kB
VmallocTotal:   251658176 kB
VmallocUsed:      123532 kB
VmallocChunk:   251433008 kB
Time pass: 331 sec

---2015-12-05 14:12:09
MemTotal:        2582696 kB
MemFree:          110472 kB
Buffers:            7352 kB
Cached:           813240 kB
SwapCached:          132 kB
Active:          1130932 kB
Inactive:         558928 kB
Active(anon):     698832 kB
Inactive(anon):   175104 kB
Active(file):     432100 kB
Inactive(file):   383824 kB
Unevictable:        3920 kB
Mlocked:               0 kB
SwapTotal:        524284 kB
SwapFree:         518176 kB
Dirty:              1240 kB
Writeback:             0 kB
AnonPages:        872988 kB
Mapped:           547480 kB
Shmem:               904 kB
Slab:             104712 kB
SReclaimable:      32160 kB
SUnreclaim:        72552 kB
KernelStack:       41088 kB
PageTables:        41312 kB
NFS_Unstable:          0 kB
Bounce:                0 kB
WritebackTmp:          0 kB
CommitLimit:     1815632 kB
Committed_AS:   114580652 kB
VmallocTotal:   251658176 kB
VmallocUsed:      124552 kB
VmallocChunk:   251433008 kB
Time pass: 335 sec

---2015-12-05 14:12:09
MemTotal:        2582696 kB
MemFree:          110972 kB
Buffers:            7352 kB
Cached:           813604 kB
SwapCached:          132 kB
Active:          1131796 kB
Inactive:         557692 kB
Active(anon):     698256 kB
Inactive(anon):   175100 kB
Active(file):     433540 kB
Inactive(file):   382592 kB
Unevictable:        3920 kB
Mlocked:               0 kB
SwapTotal:        524284 kB
SwapFree:         518176 kB
Dirty:              1144 kB
Writeback:             0 kB
AnonPages:        872488 kB
Mapped:           547484 kB
Shmem:               904 kB
Slab:             104800 kB
SReclaimable:      32160 kB
SUnreclaim:        72640 kB
KernelStack:       40928 kB
PageTables:        41300 kB
NFS_Unstable:          0 kB
Bounce:                0 kB
WritebackTmp:          0 kB
CommitLimit:     1815632 kB
Committed_AS:   114580644 kB
VmallocTotal:   251658176 kB
VmallocUsed:      124552 kB
VmallocChunk:   251433008 kB
Time pass: 339 sec

---2015-12-05 14:12:09
MemTotal:        2582696 kB
MemFree:          110692 kB
Buffers:            7352 kB
Cached:           813604 kB
SwapCached:          132 kB
Active:          1132132 kB
Inactive:         557692 kB
Active(anon):     698592 kB
Inactive(anon):   175100 kB
Active(file):     433540 kB
Inactive(file):   382592 kB
Unevictable:        3920 kB
Mlocked:               0 kB
SwapTotal:        524284 kB
SwapFree:         518176 kB
Dirty:              1144 kB
Writeback:             0 kB
AnonPages:        872840 kB
Mapped:           547488 kB
Shmem:               904 kB
Slab:             104768 kB
SReclaimable:      32160 kB
SUnreclaim:        72608 kB
KernelStack:       40896 kB
PageTables:        41300 kB
NFS_Unstable:          0 kB
Bounce:                0 kB
WritebackTmp:          0 kB
CommitLimit:     1815632 kB
Committed_AS:   114580636 kB
VmallocTotal:   251658176 kB
VmallocUsed:      124552 kB
VmallocChunk:   251433008 kB
Time pass: 343 sec

---2015-12-05 14:12:09
MemTotal:        2582696 kB
MemFree:          119564 kB
Buffers:            7352 kB
Cached:           813604 kB
SwapCached:          132 kB
Active:          1124568 kB
Inactive:         557696 kB
Active(anon):     691036 kB
Inactive(anon):   175096 kB
Active(file):     433532 kB
Inactive(file):   382600 kB
Unevictable:        3920 kB
Mlocked:               0 kB
SwapTotal:        524284 kB
SwapFree:         518176 kB
Dirty:              1156 kB
Writeback:             0 kB
AnonPages:        865168 kB
Mapped:           540788 kB
Shmem:               904 kB
Slab:             104728 kB
SReclaimable:      32160 kB
SUnreclaim:        72568 kB
KernelStack:       40304 kB
PageTables:        40848 kB
NFS_Unstable:          0 kB
Bounce:                0 kB
WritebackTmp:          0 kB
CommitLimit:     1815632 kB
Committed_AS:   113324684 kB
VmallocTotal:   251658176 kB
VmallocUsed:      123532 kB
VmallocChunk:   251433008 kB
Time pass: 347 sec

---2015-12-05 14:12:09
MemTotal:        2582696 kB
MemFree:          112600 kB
Buffers:            7352 kB
Cached:           813604 kB
SwapCached:          132 kB
Active:          1131124 kB
Inactive:         557700 kB
Active(anon):     697592 kB
Inactive(anon):   175096 kB
Active(file):     433532 kB
Inactive(file):   382604 kB
Unevictable:        3920 kB
Mlocked:               0 kB
SwapTotal:        524284 kB
SwapFree:         518176 kB
Dirty:              1172 kB
Writeback:             0 kB
AnonPages:        872072 kB
Mapped:           546428 kB
Shmem:               904 kB
Slab:             104704 kB
SReclaimable:      32160 kB
SUnreclaim:        72544 kB
KernelStack:       40320 kB
PageTables:        41212 kB
NFS_Unstable:          0 kB
Bounce:                0 kB
WritebackTmp:          0 kB
CommitLimit:     1815632 kB
Committed_AS:   114574784 kB
VmallocTotal:   251658176 kB
VmallocUsed:      124552 kB
VmallocChunk:   251433008 kB
Time pass: 351 sec

---2015-12-05 14:12:09
MemTotal:        2582696 kB
MemFree:          121180 kB
Buffers:            7352 kB
Cached:           814076 kB
SwapCached:          132 kB
Active:          1121020 kB
Inactive:         558144 kB
Active(anon):     687472 kB
Inactive(anon):   175104 kB
Active(file):     433548 kB
Inactive(file):   383040 kB
Unevictable:        3920 kB
Mlocked:               0 kB
SwapTotal:        524284 kB
SwapFree:         518176 kB
Dirty:              1172 kB
Writeback:             0 kB
AnonPages:        861728 kB
Mapped:           547552 kB
Shmem:               920 kB
Slab:             104900 kB
SReclaimable:      32192 kB
SUnreclaim:        72708 kB
KernelStack:       40960 kB
PageTables:        41324 kB
NFS_Unstable:          0 kB
Bounce:                0 kB
WritebackTmp:          0 kB
CommitLimit:     1815632 kB
Committed_AS:   114588800 kB
VmallocTotal:   251658176 kB
VmallocUsed:      124552 kB
VmallocChunk:   251433008 kB
Time pass: 355 sec

---2015-12-05 14:12:09
MemTotal:        2582696 kB
MemFree:          135220 kB
Buffers:            7352 kB
Cached:           814076 kB
SwapCached:          132 kB
Active:          1107456 kB
Inactive:         558104 kB
Active(anon):     673900 kB
Inactive(anon):   175072 kB
Active(file):     433556 kB
Inactive(file):   383032 kB
Unevictable:        3920 kB
Mlocked:               0 kB
SwapTotal:        524284 kB
SwapFree:         518176 kB
Dirty:              1156 kB
Writeback:             0 kB
AnonPages:        847988 kB
Mapped:           547636 kB
Shmem:               920 kB
Slab:             104900 kB
SReclaimable:      32192 kB
SUnreclaim:        72708 kB
KernelStack:       40960 kB
PageTables:        41356 kB
NFS_Unstable:          0 kB
Bounce:                0 kB
WritebackTmp:          0 kB
CommitLimit:     1815632 kB
Committed_AS:   114588888 kB
VmallocTotal:   251658176 kB
VmallocUsed:      124552 kB
VmallocChunk:   251433008 kB
Time pass: 359 sec

---2015-12-05 14:12:09
MemTotal:        2582696 kB
MemFree:          135528 kB
Buffers:            7352 kB
Cached:           814076 kB
SwapCached:          132 kB
Active:          1107404 kB
Inactive:         558104 kB
Active(anon):     673848 kB
Inactive(anon):   175072 kB
Active(file):     433556 kB
Inactive(file):   383032 kB
Unevictable:        3920 kB
Mlocked:               0 kB
SwapTotal:        524284 kB
SwapFree:         518176 kB
Dirty:              1156 kB
Writeback:             0 kB
AnonPages:        848068 kB
Mapped:           547636 kB
Shmem:               920 kB
Slab:             104900 kB
SReclaimable:      32192 kB
SUnreclaim:        72708 kB
KernelStack:       40960 kB
PageTables:        41352 kB
NFS_Unstable:          0 kB
Bounce:                0 kB
WritebackTmp:          0 kB
CommitLimit:     1815632 kB
Committed_AS:   114588888 kB
VmallocTotal:   251658176 kB
VmallocUsed:      124552 kB
VmallocChunk:   251433008 kB
Time pass: 363 sec

---2015-12-05 14:12:09
MemTotal:        2582696 kB
MemFree:          143880 kB
Buffers:            7352 kB
Cached:           814084 kB
SwapCached:          132 kB
Active:          1100728 kB
Inactive:         558112 kB
Active(anon):     667172 kB
Inactive(anon):   175072 kB
Active(file):     433556 kB
Inactive(file):   383040 kB
Unevictable:        3920 kB
Mlocked:               0 kB
SwapTotal:        524284 kB
SwapFree:         518176 kB
Dirty:              1160 kB
Writeback:             0 kB
AnonPages:        841280 kB
Mapped:           540888 kB
Shmem:               920 kB
Slab:             104940 kB
SReclaimable:      32192 kB
SUnreclaim:        72748 kB
KernelStack:       40848 kB
PageTables:        40912 kB
NFS_Unstable:          0 kB
Bounce:                0 kB
WritebackTmp:          0 kB
CommitLimit:     1815632 kB
Committed_AS:   113332880 kB
VmallocTotal:   251658176 kB
VmallocUsed:      123532 kB
VmallocChunk:   251433008 kB
Time pass: 367 sec

---2015-12-05 14:12:09
MemTotal:        2582696 kB
MemFree:          128136 kB
Buffers:            7352 kB
Cached:           814076 kB
SwapCached:          132 kB
Active:          1113760 kB
Inactive:         558104 kB
Active(anon):     680204 kB
Inactive(anon):   175072 kB
Active(file):     433556 kB
Inactive(file):   383032 kB
Unevictable:        3920 kB
Mlocked:               0 kB
SwapTotal:        524284 kB
SwapFree:         518176 kB
Dirty:              1156 kB
Writeback:             0 kB
AnonPages:        854780 kB
Mapped:           547324 kB
Shmem:               920 kB
Slab:             104804 kB
SReclaimable:      32192 kB
SUnreclaim:        72612 kB
KernelStack:       41504 kB
PageTables:        41268 kB
NFS_Unstable:          0 kB
Bounce:                0 kB
WritebackTmp:          0 kB
CommitLimit:     1815632 kB
Committed_AS:   114586424 kB
VmallocTotal:   251658176 kB
VmallocUsed:      124560 kB
VmallocChunk:   251433008 kB
Time pass: 371 sec

---2015-12-05 14:12:09
MemTotal:        2582696 kB
MemFree:          120328 kB
Buffers:            7352 kB
Cached:           814108 kB
SwapCached:          132 kB
Active:          1122264 kB
Inactive:         558140 kB
Active(anon):     688712 kB
Inactive(anon):   175104 kB
Active(file):     433552 kB
Inactive(file):   383036 kB
Unevictable:        3920 kB
Mlocked:               0 kB
SwapTotal:        524284 kB
SwapFree:         518176 kB
Dirty:              1160 kB
Writeback:             0 kB
AnonPages:        863316 kB
Mapped:           547668 kB
Shmem:               952 kB
Slab:             105124 kB
SReclaimable:      32260 kB
SUnreclaim:        72864 kB
KernelStack:       40960 kB
PageTables:        41372 kB
NFS_Unstable:          0 kB
Bounce:                0 kB
WritebackTmp:          0 kB
CommitLimit:     1815632 kB
Committed_AS:   114593168 kB
VmallocTotal:   251658176 kB
VmallocUsed:      124552 kB
VmallocChunk:   251433008 kB
Time pass: 375 sec

---2015-12-05 14:12:09
MemTotal:        2582696 kB
MemFree:          117988 kB
Buffers:            7352 kB
Cached:           814108 kB
SwapCached:          132 kB
Active:          1123704 kB
Inactive:         558136 kB
Active(anon):     690148 kB
Inactive(anon):   175104 kB
Active(file):     433556 kB
Inactive(file):   383032 kB
Unevictable:        3920 kB
Mlocked:               0 kB
SwapTotal:        524284 kB
SwapFree:         518176 kB
Dirty:              1180 kB
Writeback:             0 kB
AnonPages:        864276 kB
Mapped:           547676 kB
Shmem:               952 kB
Slab:             105172 kB
SReclaimable:      32264 kB
SUnreclaim:        72908 kB
KernelStack:       40960 kB
PageTables:        41372 kB
NFS_Unstable:          0 kB
Bounce:                0 kB
WritebackTmp:          0 kB
CommitLimit:     1815632 kB
Committed_AS:   114593152 kB
VmallocTotal:   251658176 kB
VmallocUsed:      124552 kB
VmallocChunk:   251433008 kB
Time pass: 379 sec

---2015-12-05 14:12:09
MemTotal:        2582696 kB
MemFree:          117556 kB
Buffers:            7352 kB
Cached:           814112 kB
SwapCached:          132 kB
Active:          1124548 kB
Inactive:         558140 kB
Active(anon):     690992 kB
Inactive(anon):   175104 kB
Active(file):     433556 kB
Inactive(file):   383036 kB
Unevictable:        3920 kB
Mlocked:               0 kB
SwapTotal:        524284 kB
SwapFree:         518176 kB
Dirty:              1156 kB
Writeback:             0 kB
AnonPages:        865116 kB
Mapped:           547676 kB
Shmem:               952 kB
Slab:             105160 kB
SReclaimable:      32260 kB
SUnreclaim:        72900 kB
KernelStack:       40928 kB
