---2015-10-26 11:04:01
MemTotal:        2899420 kB
MemFree:          192608 kB
Buffers:           82892 kB
Cached:           714904 kB
SwapCached:         1660 kB
Active:          1484312 kB
Inactive:         522024 kB
Active(anon):     984296 kB
Inactive(anon):   238944 kB
Active(file):     500016 kB
Inactive(file):   283080 kB
Unevictable:       13556 kB
Mlocked:               0 kB
SwapTotal:        721780 kB
SwapFree:         624252 kB
Dirty:                 0 kB
Writeback:             0 kB
AnonPages:       1221024 kB
Mapped:           317652 kB
Shmem:              1144 kB
Slab:             103524 kB
SReclaimable:      33772 kB
SUnreclaim:        69752 kB
KernelStack:       39888 kB
PageTables:        49552 kB
NFS_Unstable:          0 kB
Bounce:                0 kB
WritebackTmp:          0 kB
CommitLimit:     2171488 kB
Committed_AS:   115223544 kB
VmallocTotal:   251658176 kB
VmallocUsed:      131376 kB
VmallocChunk:   251456044 kB
Time pass: 3 sec

---2015-10-26 11:04:01
MemTotal:        2899420 kB
MemFree:          192488 kB
Buffers:           82892 kB
Cached:           714904 kB
SwapCached:         1660 kB
Active:          1484720 kB
Inactive:         522024 kB
Active(anon):     984704 kB
Inactive(anon):   238944 kB
Active(file):     500016 kB
Inactive(file):   283080 kB
Unevictable:       13556 kB
Mlocked:               0 kB
SwapTotal:        721780 kB
SwapFree:         624252 kB
Dirty:                 0 kB
Writeback:             0 kB
AnonPages:       1221252 kB
Mapped:           317740 kB
Shmem:              1144 kB
Slab:             103524 kB
SReclaimable:      33772 kB
SUnreclaim:        69752 kB
KernelStack:       39888 kB
PageTables:        49580 kB
NFS_Unstable:          0 kB
Bounce:                0 kB
WritebackTmp:          0 kB
CommitLimit:     2171488 kB
Committed_AS:   115223604 kB
VmallocTotal:   251658176 kB
VmallocUsed:      131376 kB
VmallocChunk:   251456044 kB
Time pass: 7 sec

---2015-10-26 11:04:01
MemTotal:        2899420 kB
MemFree:          192752 kB
Buffers:           82892 kB
Cached:           714904 kB
SwapCached:         1660 kB
Active:          1484676 kB
Inactive:         522024 kB
Active(anon):     984660 kB
Inactive(anon):   238944 kB
Active(file):     500016 kB
Inactive(file):   283080 kB
Unevictable:       13556 kB
Mlocked:               0 kB
SwapTotal:        721780 kB
SwapFree:         624252 kB
Dirty:                 0 kB
Writeback:             0 kB
AnonPages:       1221344 kB
Mapped:           317736 kB
Shmem:              1144 kB
Slab:             103544 kB
SReclaimable:      33772 kB
SUnreclaim:        69772 kB
KernelStack:       39888 kB
PageTables:        49580 kB
NFS_Unstable:          0 kB
Bounce:                0 kB
WritebackTmp:          0 kB
CommitLimit:     2171488 kB
Committed_AS:   115223588 kB
VmallocTotal:   251658176 kB
VmallocUsed:      131376 kB
VmallocChunk:   251456044 kB
Time pass: 11 sec

---2015-10-26 11:04:01
MemTotal:        2899420 kB
MemFree:          192344 kB
Buffers:           82892 kB
Cached:           714904 kB
SwapCached:         1660 kB
Active:          1484948 kB
Inactive:         522024 kB
Active(anon):     984932 kB
Inactive(anon):   238944 kB
Active(file):     500016 kB
Inactive(file):   283080 kB
Unevictable:       13556 kB
Mlocked:               0 kB
SwapTotal:        721780 kB
SwapFree:         624252 kB
Dirty:                 0 kB
Writeback:             0 kB
AnonPages:       1221496 kB
Mapped:           317736 kB
Shmem:              1144 kB
Slab:             103572 kB
SReclaimable:      33772 kB
SUnreclaim:        69800 kB
KernelStack:       39888 kB
PageTables:        49580 kB
NFS_Unstable:          0 kB
Bounce:                0 kB
WritebackTmp:          0 kB
CommitLimit:     2171488 kB
Committed_AS:   115223620 kB
VmallocTotal:   251658176 kB
VmallocUsed:      131376 kB
VmallocChunk:   251456044 kB
Time pass: 14 sec

---2015-10-26 11:04:01
MemTotal:        2899420 kB
MemFree:          191956 kB
Buffers:           82892 kB
Cached:           714904 kB
SwapCached:         1660 kB
Active:          1485032 kB
Inactive:         522012 kB
Active(anon):     985012 kB
Inactive(anon):   238944 kB
Active(file):     500020 kB
Inactive(file):   283068 kB
Unevictable:       13556 kB
Mlocked:               0 kB
SwapTotal:        721780 kB
SwapFree:         624252 kB
Dirty:                28 kB
Writeback:             0 kB
AnonPages:       1221708 kB
Mapped:           317736 kB
Shmem:              1144 kB
Slab:             103572 kB
SReclaimable:      33772 kB
SUnreclaim:        69800 kB
KernelStack:       39888 kB
PageTables:        49580 kB
NFS_Unstable:          0 kB
Bounce:                0 kB
WritebackTmp:          0 kB
CommitLimit:     2171488 kB
Committed_AS:   115223636 kB
VmallocTotal:   251658176 kB
VmallocUsed:      131376 kB
VmallocChunk:   251456044 kB
Time pass: 18 sec

---2015-10-26 11:04:01
MemTotal:        2899420 kB
MemFree:          192352 kB
Buffers:           82892 kB
Cached:           714904 kB
SwapCached:         1660 kB
Active:          1485136 kB
Inactive:         522020 kB
Active(anon):     985116 kB
Inactive(anon):   238944 kB
Active(file):     500020 kB
Inactive(file):   283076 kB
Unevictable:       13556 kB
Mlocked:               0 kB
SwapTotal:        721780 kB
SwapFree:         624252 kB
Dirty:                28 kB
Writeback:             0 kB
AnonPages:       1221848 kB
Mapped:           317728 kB
Shmem:              1144 kB
Slab:             103572 kB
SReclaimable:      33772 kB
SUnreclaim:        69800 kB
KernelStack:       39888 kB
PageTables:        49588 kB
NFS_Unstable:          0 kB
Bounce:                0 kB
WritebackTmp:          0 kB
CommitLimit:     2171488 kB
Committed_AS:   115223620 kB
VmallocTotal:   251658176 kB
VmallocUsed:      131376 kB
VmallocChunk:   251456044 kB
Time pass: 22 sec

---2015-10-26 11:04:01
MemTotal:        2899420 kB
MemFree:          191648 kB
Buffers:           82896 kB
Cached:           714904 kB
SwapCached:         1660 kB
Active:          1485876 kB
Inactive:         522020 kB
Active(anon):     985856 kB
Inactive(anon):   238944 kB
Active(file):     500020 kB
Inactive(file):   283076 kB
Unevictable:       13556 kB
Mlocked:               0 kB
SwapTotal:        721780 kB
SwapFree:         624252 kB
Dirty:                84 kB
Writeback:             0 kB
AnonPages:       1222240 kB
Mapped:           317736 kB
Shmem:              1144 kB
Slab:             103580 kB
SReclaimable:      33772 kB
SUnreclaim:        69808 kB
KernelStack:       39888 kB
PageTables:        49584 kB
NFS_Unstable:          0 kB
Bounce:                0 kB
WritebackTmp:          0 kB
CommitLimit:     2171488 kB
Committed_AS:   115223620 kB
VmallocTotal:   251658176 kB
VmallocUsed:      131376 kB
VmallocChunk:   251456044 kB
Time pass: 26 sec

---2015-10-26 11:04:01
MemTotal:        2899420 kB
MemFree:          196164 kB
Buffers:           82900 kB
Cached:           714904 kB
SwapCached:         1660 kB
Active:          1480892 kB
Inactive:         522028 kB
Active(anon):     980872 kB
Inactive(anon):   238944 kB
Active(file):     500020 kB
Inactive(file):   283084 kB
Unevictable:       13556 kB
Mlocked:               0 kB
SwapTotal:        721780 kB
SwapFree:         624252 kB
Dirty:                 8 kB
Writeback:             0 kB
AnonPages:       1217448 kB
Mapped:           317736 kB
Shmem:              1144 kB
Slab:             103588 kB
SReclaimable:      33772 kB
SUnreclaim:        69816 kB
KernelStack:       39888 kB
PageTables:        49580 kB
NFS_Unstable:          0 kB
Bounce:                0 kB
WritebackTmp:          0 kB
CommitLimit:     2171488 kB
Committed_AS:   115223596 kB
VmallocTotal:   251658176 kB
VmallocUsed:      131376 kB
VmallocChunk:   251456044 kB
Time pass: 30 sec

---2015-10-26 11:04:01
MemTotal:        2899420 kB
MemFree:          216276 kB
Buffers:           82904 kB
Cached:           714904 kB
SwapCached:         1660 kB
Active:          1460732 kB
Inactive:         522028 kB
Active(anon):     960712 kB
Inactive(anon):   238944 kB
Active(file):     500020 kB
Inactive(file):   283084 kB
Unevictable:       13556 kB
Mlocked:               0 kB
SwapTotal:        721780 kB
SwapFree:         624252 kB
Dirty:                 0 kB
Writeback:             0 kB
AnonPages:       1197416 kB
Mapped:           317736 kB
Shmem:              1144 kB
Slab:             103612 kB
SReclaimable:      33772 kB
SUnreclaim:        69840 kB
KernelStack:       39888 kB
PageTables:        49580 kB
NFS_Unstable:          0 kB
Bounce:                0 kB
WritebackTmp:          0 kB
CommitLimit:     2171488 kB
Committed_AS:   115223620 kB
VmallocTotal:   251658176 kB
VmallocUsed:      131376 kB
VmallocChunk:   251456044 kB
Time pass: 34 sec

---2015-10-26 11:04:01
MemTotal:        2899420 kB
MemFree:          216340 kB
Buffers:           82904 kB
Cached:           714904 kB
SwapCached:         1660 kB
Active:          1461048 kB
Inactive:         522032 kB
Active(anon):     961028 kB
Inactive(anon):   238944 kB
Active(file):     500020 kB
Inactive(file):   283088 kB
Unevictable:       13556 kB
Mlocked:               0 kB
SwapTotal:        721780 kB
SwapFree:         624252 kB
Dirty:                 0 kB
Writeback:             0 kB
AnonPages:       1197520 kB
Mapped:           317736 kB
Shmem:              1144 kB
Slab:             103644 kB
SReclaimable:      33776 kB
SUnreclaim:        69868 kB
KernelStack:       39888 kB
PageTables:        49584 kB
NFS_Unstable:          0 kB
Bounce:                0 kB
WritebackTmp:          0 kB
CommitLimit:     2171488 kB
Committed_AS:   115223612 kB
VmallocTotal:   251658176 kB
VmallocUsed:      131376 kB
VmallocChunk:   251456044 kB
Time pass: 38 sec

---2015-10-26 11:04:01
MemTotal:        2899420 kB
MemFree:          216168 kB
Buffers:           82904 kB
Cached:           714904 kB
SwapCached:         1660 kB
Active:          1461180 kB
Inactive:         522032 kB
Active(anon):     961160 kB
Inactive(anon):   238944 kB
Active(file):     500020 kB
Inactive(file):   283088 kB
Unevictable:       13556 kB
Mlocked:               0 kB
SwapTotal:        721780 kB
SwapFree:         624252 kB
Dirty:                 0 kB
Writeback:             0 kB
AnonPages:       1197792 kB
Mapped:           317736 kB
Shmem:              1144 kB
Slab:             103628 kB
SReclaimable:      33776 kB
SUnreclaim:        69852 kB
KernelStack:       39888 kB
PageTables:        49616 kB
NFS_Unstable:          0 kB
Bounce:                0 kB
WritebackTmp:          0 kB
CommitLimit:     2171488 kB
Committed_AS:   115223628 kB
VmallocTotal:   251658176 kB
VmallocUsed:      131376 kB
VmallocChunk:   251456044 kB
Time pass: 42 sec

---2015-10-26 11:04:01
MemTotal:        2899420 kB
MemFree:          215740 kB
Buffers:           82904 kB
Cached:           714904 kB
SwapCached:         1660 kB
Active:          1461256 kB
Inactive:         522032 kB
Active(anon):     961236 kB
Inactive(anon):   238944 kB
Active(file):     500020 kB
Inactive(file):   283088 kB
Unevictable:       13556 kB
Mlocked:               0 kB
SwapTotal:        721780 kB
SwapFree:         624252 kB
Dirty:                 0 kB
Writeback:             0 kB
AnonPages:       1197788 kB
Mapped:           317736 kB
Shmem:              1144 kB
Slab:             103648 kB
SReclaimable:      33776 kB
SUnreclaim:        69872 kB
KernelStack:       39888 kB
PageTables:        49588 kB
NFS_Unstable:          0 kB
Bounce:                0 kB
WritebackTmp:          0 kB
CommitLimit:     2171488 kB
Committed_AS:   115223604 kB
VmallocTotal:   251658176 kB
VmallocUsed:      131376 kB
VmallocChunk:   251456044 kB
Time pass: 46 sec

---2015-10-26 11:04:01
MemTotal:        2899420 kB
MemFree:          215780 kB
Buffers:           82904 kB
Cached:           714904 kB
SwapCached:         1660 kB
Active:          1461264 kB
Inactive:         522032 kB
Active(anon):     961244 kB
Inactive(anon):   238944 kB
Active(file):     500020 kB
Inactive(file):   283088 kB
Unevictable:       13556 kB
Mlocked:               0 kB
SwapTotal:        721780 kB
SwapFree:         624252 kB
Dirty:                 0 kB
Writeback:             0 kB
AnonPages:       1197928 kB
Mapped:           317736 kB
Shmem:              1144 kB
Slab:             103676 kB
SReclaimable:      33776 kB
SUnreclaim:        69900 kB
KernelStack:       39888 kB
PageTables:        49580 kB
NFS_Unstable:          0 kB
Bounce:                0 kB
WritebackTmp:          0 kB
CommitLimit:     2171488 kB
Committed_AS:   115223628 kB
VmallocTotal:   251658176 kB
VmallocUsed:      131376 kB
VmallocChunk:   251456044 kB
Time pass: 50 sec

---2015-10-26 11:04:01
MemTotal:        2899420 kB
MemFree:          215884 kB
Buffers:           82904 kB
Cached:           714904 kB
SwapCached:         1660 kB
Active:          1461668 kB
Inactive:         522032 kB
Active(anon):     961648 kB
Inactive(anon):   238944 kB
Active(file):     500020 kB
Inactive(file):   283088 kB
Unevictable:       13556 kB
Mlocked:               0 kB
SwapTotal:        721780 kB
SwapFree:         624252 kB
Dirty:                 0 kB
Writeback:             0 kB
AnonPages:       1198260 kB
Mapped:           317736 kB
Shmem:              1144 kB
Slab:             103688 kB
SReclaimable:      33776 kB
SUnreclaim:        69912 kB
KernelStack:       39888 kB
PageTables:        49584 kB
NFS_Unstable:          0 kB
Bounce:                0 kB
WritebackTmp:          0 kB
CommitLimit:     2171488 kB
Committed_AS:   115223592 kB
VmallocTotal:   251658176 kB
VmallocUsed:      131376 kB
VmallocChunk:   251456044 kB
Time pass: 53 sec

---2015-10-26 11:04:01
MemTotal:        2899420 kB
MemFree:          216168 kB
Buffers:           82904 kB
Cached:           714904 kB
SwapCached:         1660 kB
Active:          1461604 kB
Inactive:         522032 kB
Active(anon):     961584 kB
Inactive(anon):   238944 kB
Active(file):     500020 kB
Inactive(file):   283088 kB
Unevictable:       13556 kB
Mlocked:               0 kB
SwapTotal:        721780 kB
SwapFree:         624252 kB
Dirty:                 0 kB
Writeback:             0 kB
AnonPages:       1198184 kB
Mapped:           317736 kB
Shmem:              1144 kB
Slab:             103652 kB
SReclaimable:      33780 kB
SUnreclaim:        69872 kB
KernelStack:       39888 kB
PageTables:        49580 kB
NFS_Unstable:          0 kB
Bounce:                0 kB
WritebackTmp:          0 kB
CommitLimit:     2171488 kB
Committed_AS:   115223596 kB
VmallocTotal:   251658176 kB
VmallocUsed:      131376 kB
VmallocChunk:   251456044 kB
Time pass: 57 sec

---2015-10-26 11:04:01
MemTotal:        2899420 kB
MemFree:          216004 kB
Buffers:           82904 kB
Cached:           714904 kB
SwapCached:         1660 kB
Active:          1461848 kB
Inactive:         522032 kB
Active(anon):     961828 kB
Inactive(anon):   238944 kB
Active(file):     500020 kB
Inactive(file):   283088 kB
Unevictable:       13556 kB
Mlocked:               0 kB
SwapTotal:        721780 kB
SwapFree:         624252 kB
Dirty:                 0 kB
Writeback:             0 kB
AnonPages:       1198356 kB
Mapped:           317748 kB
Shmem:              1144 kB
Slab:             103764 kB
SReclaimable:      33780 kB
SUnreclaim:        69984 kB
KernelStack:       39856 kB
PageTables:        49560 kB
NFS_Unstable:          0 kB
Bounce:                0 kB
WritebackTmp:          0 kB
CommitLimit:     2171488 kB
Committed_AS:   115223580 kB
VmallocTotal:   251658176 kB
VmallocUsed:      131376 kB
VmallocChunk:   251456044 kB
Time pass: 62 sec

---2015-10-26 11:04:01
MemTotal:        2899420 kB
MemFree:          215044 kB
Buffers:           82904 kB
Cached:           714904 kB
SwapCached:         1660 kB
Active:          1461944 kB
Inactive:         522032 kB
Active(anon):     961924 kB
Inactive(anon):   238944 kB
Active(file):     500020 kB
Inactive(file):   283088 kB
Unevictable:       13556 kB
Mlocked:               0 kB
SwapTotal:        721780 kB
SwapFree:         624252 kB
Dirty:                 0 kB
Writeback:             0 kB
AnonPages:       1198464 kB
Mapped:           317736 kB
Shmem:              1144 kB
Slab:             103660 kB
SReclaimable:      33780 kB
SUnreclaim:        69880 kB
KernelStack:       39888 kB
PageTables:        49580 kB
NFS_Unstable:          0 kB
Bounce:                0 kB
WritebackTmp:          0 kB
CommitLimit:     2171488 kB
Committed_AS:   115223548 kB
VmallocTotal:   251658176 kB
VmallocUsed:      131376 kB
VmallocChunk:   251456044 kB
Time pass: 67 sec

---2015-10-26 11:04:01
MemTotal:        2899420 kB
MemFree:          215304 kB
Buffers:           82904 kB
Cached:           714904 kB
SwapCached:         1660 kB
Active:          1461920 kB
Inactive:         522032 kB
Active(anon):     961900 kB
Inactive(anon):   238944 kB
Active(file):     500020 kB
Inactive(file):   283088 kB
Unevictable:       13556 kB
Mlocked:               0 kB
SwapTotal:        721780 kB
SwapFree:         624252 kB
Dirty:                 0 kB
Writeback:             0 kB
AnonPages:       1198644 kB
Mapped:           317736 kB
Shmem:              1144 kB
Slab:             103616 kB
SReclaimable:      33780 kB
SUnreclaim:        69836 kB
KernelStack:       39888 kB
PageTables:        49580 kB
NFS_Unstable:          0 kB
Bounce:                0 kB
WritebackTmp:          0 kB
CommitLimit:     2171488 kB
Committed_AS:   115223556 kB
VmallocTotal:   251658176 kB
VmallocUsed:      131376 kB
VmallocChunk:   251456044 kB
Time pass: 70 sec

---2015-10-26 11:04:01
MemTotal:        2899420 kB
MemFree:          215532 kB
Buffers:           82904 kB
Cached:           714904 kB
SwapCached:         1660 kB
Active:          1462112 kB
Inactive:         522032 kB
Active(anon):     962092 kB
Inactive(anon):   238944 kB
Active(file):     500020 kB
Inactive(file):   283088 kB
Unevictable:       13556 kB
Mlocked:               0 kB
SwapTotal:        721780 kB
SwapFree:         624252 kB
Dirty:                 0 kB
Writeback:             0 kB
AnonPages:       1198756 kB
Mapped:           317736 kB
Shmem:              1144 kB
Slab:             103600 kB
SReclaimable:      33780 kB
SUnreclaim:        69820 kB
KernelStack:       39888 kB
PageTables:        49584 kB
NFS_Unstable:          0 kB
Bounce:                0 kB
WritebackTmp:          0 kB
CommitLimit:     2171488 kB
Committed_AS:   115223540 kB
VmallocTotal:   251658176 kB
VmallocUsed:      131376 kB
VmallocChunk:   251456044 kB
Time pass: 74 sec

---2015-10-26 11:04:01
MemTotal:        2899420 kB
MemFree:          215144 kB
Buffers:           82904 kB
Cached:           714904 kB
SwapCached:         1660 kB
Active:          1462296 kB
Inactive:         522032 kB
Active(anon):     962276 kB
Inactive(anon):   238944 kB
Active(file):     500020 kB
Inactive(file):   283088 kB
Unevictable:       13556 kB
Mlocked:               0 kB
SwapTotal:        721780 kB
SwapFree:         624252 kB
Dirty:                 0 kB
Writeback:             0 kB
AnonPages:       1198880 kB
Mapped:           317820 kB
Shmem:              1144 kB
Slab:             103624 kB
SReclaimable:      33780 kB
SUnreclaim:        69844 kB
KernelStack:       39888 kB
PageTables:        49612 kB
NFS_Unstable:          0 kB
Bounce:                0 kB
WritebackTmp:          0 kB
CommitLimit:     2171488 kB
Committed_AS:   115223636 kB
VmallocTotal:   251658176 kB
VmallocUsed:      131376 kB
VmallocChunk:   251456044 kB
Time pass: 78 sec

---2015-10-26 11:04:01
MemTotal:        2899420 kB
MemFree:          214504 kB
Buffers:           82904 kB
Cached:           714904 kB
SwapCached:         1660 kB
Active:          1462176 kB
Inactive:         522032 kB
Active(anon):     962156 kB
Inactive(anon):   238944 kB
Active(file):     500020 kB
Inactive(file):   283088 kB
Unevictable:       13556 kB
Mlocked:               0 kB
SwapTotal:        721780 kB
SwapFree:         624252 kB
Dirty:                 0 kB
Writeback:             0 kB
AnonPages:       1198832 kB
Mapped:           317652 kB
Shmem:              1144 kB
Slab:             103664 kB
SReclaimable:      33780 kB
SUnreclaim:        69884 kB
KernelStack:       39856 kB
PageTables:        49552 kB
NFS_Unstable:          0 kB
Bounce:                0 kB
WritebackTmp:          0 kB
CommitLimit:     2171488 kB
Committed_AS:   115223628 kB
VmallocTotal:   251658176 kB
VmallocUsed:      131376 kB
VmallocChunk:   251456044 kB
Time pass: 82 sec

---2015-10-26 11:04:01
MemTotal:        2899420 kB
MemFree:          214228 kB
Buffers:           82904 kB
Cached:           714904 kB
SwapCached:         1660 kB
Active:          1463152 kB
Inactive:         522032 kB
Active(anon):     963132 kB
Inactive(anon):   238944 kB
Active(file):     500020 kB
Inactive(file):   283088 kB
Unevictable:       13556 kB
Mlocked:               0 kB
SwapTotal:        721780 kB
SwapFree:         624252 kB
Dirty:                36 kB
Writeback:             0 kB
AnonPages:       1199756 kB
Mapped:           317736 kB
Shmem:              1144 kB
Slab:             103668 kB
SReclaimable:      33780 kB
SUnreclaim:        69888 kB
KernelStack:       39888 kB
PageTables:        49584 kB
NFS_Unstable:          0 kB
Bounce:                0 kB
WritebackTmp:          0 kB
CommitLimit:     2171488 kB
Committed_AS:   115223660 kB
VmallocTotal:   251658176 kB
VmallocUsed:      131376 kB
VmallocChunk:   251456044 kB
Time pass: 86 sec

---2015-10-26 11:04:01
MemTotal:        2899420 kB
MemFree:          214356 kB
Buffers:           82908 kB
Cached:           714904 kB
SwapCached:         1660 kB
Active:          1463084 kB
Inactive:         522032 kB
Active(anon):     963064 kB
Inactive(anon):   238944 kB
Active(file):     500020 kB
Inactive(file):   283088 kB
Unevictable:       13556 kB
Mlocked:               0 kB
SwapTotal:        721780 kB
SwapFree:         624252 kB
Dirty:                12 kB
Writeback:             0 kB
AnonPages:       1199680 kB
Mapped:           317700 kB
Shmem:              1144 kB
Slab:             103632 kB
SReclaimable:      33784 kB
SUnreclaim:        69848 kB
KernelStack:       39840 kB
PageTables:        49624 kB
NFS_Unstable:          0 kB
Bounce:                0 kB
WritebackTmp:          0 kB
CommitLimit:     2171488 kB
Committed_AS:   115223756 kB
VmallocTotal:   251658176 kB
VmallocUsed:      131376 kB
VmallocChunk:   251456044 kB
Time pass: 90 sec

---2015-10-26 11:04:01
MemTotal:        2899420 kB
MemFree:           96348 kB
Buffers:           82920 kB
Cached:           718920 kB
SwapCached:         1660 kB
Active:          1502872 kB
Inactive:         526048 kB
Active(anon):    1002836 kB
Inactive(anon):   239076 kB
Active(file):     500036 kB
Inactive(file):   286972 kB
Unevictable:       13556 kB
Mlocked:               0 kB
SwapTotal:        721780 kB
SwapFree:         624252 kB
Dirty:                 0 kB
Writeback:             0 kB
AnonPages:       1239564 kB
Mapped:           401296 kB
Shmem:              1276 kB
Slab:             104068 kB
SReclaimable:      33828 kB
SUnreclaim:        70240 kB
KernelStack:       40976 kB
PageTables:        50808 kB
NFS_Unstable:          0 kB
Bounce:                0 kB
WritebackTmp:          0 kB
CommitLimit:     2171488 kB
Committed_AS:   116556620 kB
VmallocTotal:   251658176 kB
VmallocUsed:      133120 kB
VmallocChunk:   251440684 kB
Time pass: 94 sec

---2015-10-26 11:04:01
MemTotal:        2899420 kB
MemFree:           99556 kB
Buffers:           82924 kB
Cached:           716468 kB
SwapCached:         1660 kB
Active:          1493520 kB
Inactive:         525188 kB
Active(anon):     995072 kB
Inactive(anon):   239064 kB
Active(file):     498448 kB
Inactive(file):   286124 kB
Unevictable:       13556 kB
Mlocked:               0 kB
SwapTotal:        721780 kB
SwapFree:         624252 kB
Dirty:               612 kB
Writeback:             0 kB
AnonPages:       1231676 kB
Mapped:           414220 kB
Shmem:              1264 kB
Slab:             104328 kB
SReclaimable:      33860 kB
SUnreclaim:        70468 kB
KernelStack:       41136 kB
PageTables:        50880 kB
NFS_Unstable:          0 kB
Bounce:                0 kB
WritebackTmp:          0 kB
CommitLimit:     2171488 kB
Committed_AS:   116551308 kB
VmallocTotal:   251658176 kB
VmallocUsed:      133172 kB
VmallocChunk:   251440684 kB
Time pass: 98 sec

---2015-10-26 11:04:01
MemTotal:        2899420 kB
MemFree:           70256 kB
Buffers:           82408 kB
Cached:           689912 kB
SwapCached:         1660 kB
Active:          1470860 kB
Inactive:         519408 kB
Active(anon):     985528 kB
Inactive(anon):   247240 kB
Active(file):     485332 kB
Inactive(file):   272168 kB
Unevictable:       13556 kB
Mlocked:               0 kB
SwapTotal:        721780 kB
SwapFree:         617948 kB
Dirty:              2500 kB
Writeback:             0 kB
AnonPages:       1230476 kB
Mapped:           474208 kB
Shmem:              1264 kB
Slab:             104164 kB
SReclaimable:      33800 kB
SUnreclaim:        70364 kB
KernelStack:       41136 kB
PageTables:        51044 kB
NFS_Unstable:          0 kB
Bounce:                0 kB
WritebackTmp:          0 kB
CommitLimit:     2171488 kB
Committed_AS:   116559636 kB
VmallocTotal:   251658176 kB
VmallocUsed:      133724 kB
VmallocChunk:   251440684 kB
Time pass: 102 sec

---2015-10-26 11:04:01
MemTotal:        2899420 kB
MemFree:           70692 kB
Buffers:           82412 kB
Cached:           689912 kB
SwapCached:         1660 kB
Active:          1470892 kB
Inactive:         519380 kB
Active(anon):     985540 kB
Inactive(anon):   247228 kB
Active(file):     485352 kB
Inactive(file):   272152 kB
Unevictable:       13556 kB
Mlocked:               0 kB
SwapTotal:        721780 kB
SwapFree:         617948 kB
Dirty:               132 kB
Writeback:             0 kB
AnonPages:       1230504 kB
Mapped:           474108 kB
Shmem:              1264 kB
Slab:             104408 kB
SReclaimable:      33912 kB
SUnreclaim:        70496 kB
KernelStack:       41168 kB
PageTables:        51012 kB
NFS_Unstable:          0 kB
Bounce:                0 kB
WritebackTmp:          0 kB
CommitLimit:     2171488 kB
Committed_AS:   116559628 kB
VmallocTotal:   251658176 kB
VmallocUsed:      133724 kB
VmallocChunk:   251440684 kB
Time pass: 106 sec

---2015-10-26 11:04:01
MemTotal:        2899420 kB
MemFree:           70412 kB
Buffers:           82420 kB
Cached:           689912 kB
SwapCached:         1660 kB
Active:          1470964 kB
Inactive:         519388 kB
Active(anon):     985612 kB
Inactive(anon):   247228 kB
Active(file):     485352 kB
Inactive(file):   272160 kB
Unevictable:       13556 kB
Mlocked:               0 kB
SwapTotal:        721780 kB
SwapFree:         617948 kB
Dirty:                 0 kB
Writeback:             0 kB
AnonPages:       1230620 kB
Mapped:           474108 kB
Shmem:              1264 kB
Slab:             104380 kB
SReclaimable:      33912 kB
SUnreclaim:        70468 kB
KernelStack:       41152 kB
PageTables:        51008 kB
NFS_Unstable:          0 kB
Bounce:                0 kB
WritebackTmp:          0 kB
CommitLimit:     2171488 kB
Committed_AS:   116559652 kB
VmallocTotal:   251658176 kB
VmallocUsed:      133724 kB
VmallocChunk:   251440684 kB
Time pass: 110 sec

---2015-10-26 11:04:01
MemTotal:        2899420 kB
MemFree:           75188 kB
Buffers:           77040 kB
Cached:           683840 kB
SwapCached:         1660 kB
Active:          1454276 kB
Inactive:         523380 kB
Active(anon):     984456 kB
Inactive(anon):   247160 kB
Active(file):     469820 kB
Inactive(file):   276220 kB
Unevictable:       13556 kB
Mlocked:               0 kB
SwapTotal:        721780 kB
SwapFree:         614492 kB
Dirty:               688 kB
Writeback:             0 kB
AnonPages:       1228996 kB
Mapped:           481620 kB
Shmem:              1264 kB
Slab:             104428 kB
SReclaimable:      33912 kB
SUnreclaim:        70516 kB
KernelStack:       41168 kB
PageTables:        51072 kB
NFS_Unstable:          0 kB
Bounce:                0 kB
WritebackTmp:          0 kB
CommitLimit:     2171488 kB
Committed_AS:   116559756 kB
VmallocTotal:   251658176 kB
VmallocUsed:      133880 kB
VmallocChunk:   251440684 kB
Time pass: 114 sec

---2015-10-26 11:04:01
MemTotal:        2899420 kB
MemFree:           75624 kB
Buffers:           77044 kB
Cached:           683840 kB
SwapCached:         1660 kB
Active:          1454668 kB
Inactive:         523160 kB
Active(anon):     984632 kB
Inactive(anon):   247156 kB
Active(file):     470036 kB
Inactive(file):   276004 kB
Unevictable:       13556 kB
Mlocked:               0 kB
SwapTotal:        721780 kB
SwapFree:         614492 kB
Dirty:                 0 kB
Writeback:             0 kB
AnonPages:       1229056 kB
Mapped:           481616 kB
Shmem:              1264 kB
Slab:             104412 kB
SReclaimable:      33912 kB
SUnreclaim:        70500 kB
KernelStack:       41168 kB
PageTables:        51072 kB
NFS_Unstable:          0 kB
Bounce:                0 kB
WritebackTmp:          0 kB
CommitLimit:     2171488 kB
Committed_AS:   116559796 kB
VmallocTotal:   251658176 kB
VmallocUsed:      133880 kB
VmallocChunk:   251440684 kB
Time pass: 118 sec

---2015-10-26 11:04:01
MemTotal:        2899420 kB
MemFree:           75292 kB
Buffers:           77044 kB
Cached:           683840 kB
SwapCached:         1660 kB
Active:          1454644 kB
Inactive:         523280 kB
Active(anon):     984704 kB
Inactive(anon):   247156 kB
Active(file):     469940 kB
Inactive(file):   276124 kB
Unevictable:       13556 kB
Mlocked:               0 kB
SwapTotal:        721780 kB
SwapFree:         614492 kB
Dirty:                80 kB
Writeback:             0 kB
AnonPages:       1229300 kB
Mapped:           481584 kB
Shmem:              1264 kB
Slab:             104436 kB
SReclaimable:      33928 kB
SUnreclaim:        70508 kB
KernelStack:       41168 kB
PageTables:        51068 kB
NFS_Unstable:          0 kB
Bounce:                0 kB
WritebackTmp:          0 kB
CommitLimit:     2171488 kB
Committed_AS:   116559780 kB
VmallocTotal:   251658176 kB
VmallocUsed:      133880 kB
VmallocChunk:   251440684 kB
Time pass: 122 sec

---2015-10-26 11:04:01
MemTotal:        2899420 kB
MemFree:           70644 kB
Buffers:           69000 kB
Cached:           675796 kB
SwapCached:         1660 kB
Active:          1430768 kB
Inactive:         533112 kB
Active(anon):     987052 kB
Inactive(anon):   247004 kB
Active(file):     443716 kB
Inactive(file):   286108 kB
Unevictable:       13556 kB
Mlocked:               0 kB
SwapTotal:        721780 kB
SwapFree:         611520 kB
Dirty:               508 kB
Writeback:             0 kB
AnonPages:       1231740 kB
Mapped:           498156 kB
Shmem:              1264 kB
Slab:             104768 kB
SReclaimable:      33964 kB
SUnreclaim:        70804 kB
KernelStack:       41424 kB
PageTables:        51580 kB
NFS_Unstable:          0 kB
Bounce:                0 kB
WritebackTmp:          0 kB
CommitLimit:     2171488 kB
Committed_AS:   117805460 kB
VmallocTotal:   251658176 kB
VmallocUsed:      135084 kB
VmallocChunk:   251440684 kB
Time pass: 126 sec

---2015-10-26 11:04:01
MemTotal:        2899420 kB
MemFree:           74520 kB
Buffers:           69020 kB
Cached:           675740 kB
SwapCached:         1660 kB
Active:          1427984 kB
Inactive:         533060 kB
Active(anon):     984176 kB
Inactive(anon):   246928 kB
Active(file):     443808 kB
Inactive(file):   286132 kB
Unevictable:       13556 kB
Mlocked:               0 kB
SwapTotal:        721780 kB
SwapFree:         611520 kB
Dirty:               132 kB
Writeback:             0 kB
AnonPages:       1228832 kB
Mapped:           489596 kB
Shmem:              1264 kB
Slab:             104732 kB
SReclaimable:      33932 kB
SUnreclaim:        70800 kB
KernelStack:       40720 kB
PageTables:        51408 kB
NFS_Unstable:          0 kB
Bounce:                0 kB
WritebackTmp:          0 kB
CommitLimit:     2171488 kB
Committed_AS:   117259500 kB
VmallocTotal:   251658176 kB
VmallocUsed:      135084 kB
VmallocChunk:   251440684 kB
Time pass: 130 sec

---2015-10-26 11:04:01
MemTotal:        2899420 kB
MemFree:           74920 kB
Buffers:           69020 kB
Cached:           675740 kB
SwapCached:         1660 kB
Active:          1426928 kB
Inactive:         533032 kB
Active(anon):     983096 kB
Inactive(anon):   246924 kB
Active(file):     443832 kB
Inactive(file):   286108 kB
Unevictable:       13556 kB
Mlocked:               0 kB
SwapTotal:        721780 kB
SwapFree:         611520 kB
Dirty:               132 kB
Writeback:             0 kB
AnonPages:       1227736 kB
Mapped:           489628 kB
Shmem:              1264 kB
Slab:             104716 kB
SReclaimable:      33932 kB
SUnreclaim:        70784 kB
KernelStack:       40528 kB
PageTables:        51280 kB
NFS_Unstable:          0 kB
Bounce:                0 kB
WritebackTmp:          0 kB
CommitLimit:     2171488 kB
Committed_AS:   117259460 kB
VmallocTotal:   251658176 kB
VmallocUsed:      135084 kB
VmallocChunk:   251440684 kB
Time pass: 134 sec

---2015-10-26 11:04:01
MemTotal:        2899420 kB
MemFree:           75012 kB
Buffers:           69028 kB
Cached:           675736 kB
SwapCached:         1660 kB
Active:          1427916 kB
Inactive:         533032 kB
Active(anon):     984080 kB
Inactive(anon):   246924 kB
Active(file):     443836 kB
Inactive(file):   286108 kB
Unevictable:       13556 kB
Mlocked:               0 kB
SwapTotal:        721780 kB
SwapFree:         611520 kB
Dirty:                48 kB
Writeback:             0 kB
AnonPages:       1228468 kB
Mapped:           489668 kB
Shmem:              1264 kB
Slab:             104848 kB
SReclaimable:      33932 kB
SUnreclaim:        70916 kB
KernelStack:       40544 kB
PageTables:        51296 kB
NFS_Unstable:          0 kB
Bounce:                0 kB
WritebackTmp:          0 kB
CommitLimit:     2171488 kB
Committed_AS:   117259428 kB
VmallocTotal:   251658176 kB
VmallocUsed:      135084 kB
VmallocChunk:   251440684 kB
Time pass: 138 sec

---2015-10-26 11:04:01
MemTotal:        2899420 kB
MemFree:           74628 kB
Buffers:           69032 kB
Cached:           675736 kB
SwapCached:         1660 kB
Active:          1427904 kB
Inactive:         533032 kB
Active(anon):     984068 kB
Inactive(anon):   246924 kB
Active(file):     443836 kB
Inactive(file):   286108 kB
Unevictable:       13556 kB
Mlocked:               0 kB
SwapTotal:        721780 kB
SwapFree:         611520 kB
Dirty:                28 kB
Writeback:             0 kB
AnonPages:       1228592 kB
Mapped:           489668 kB
Shmem:              1264 kB
Slab:             104840 kB
SReclaimable:      33932 kB
SUnreclaim:        70908 kB
KernelStack:       40544 kB
PageTables:        51300 kB
NFS_Unstable:          0 kB
Bounce:                0 kB
WritebackTmp:          0 kB
CommitLimit:     2171488 kB
Committed_AS:   117259420 kB
VmallocTotal:   251658176 kB
VmallocUsed:      135084 kB
VmallocChunk:   251440684 kB
Time pass: 142 sec

---2015-10-26 11:04:01
MemTotal:        2899420 kB
MemFree:           73356 kB
Buffers:           69032 kB
Cached:           675736 kB
SwapCached:         1660 kB
Active:          1428708 kB
Inactive:         533004 kB
Active(anon):     984844 kB
Inactive(anon):   246920 kB
Active(file):     443864 kB
Inactive(file):   286084 kB
Unevictable:       13556 kB
Mlocked:               0 kB
SwapTotal:        721780 kB
SwapFree:         611520 kB
Dirty:                44 kB
Writeback:             0 kB
AnonPages:       1229172 kB
Mapped:           489676 kB
Shmem:              1264 kB
Slab:             104708 kB
SReclaimable:      33932 kB
SUnreclaim:        70776 kB
KernelStack:       40544 kB
PageTables:        51296 kB
NFS_Unstable:          0 kB
Bounce:                0 kB
WritebackTmp:          0 kB
CommitLimit:     2171488 kB
Committed_AS:   117259484 kB
VmallocTotal:   251658176 kB
VmallocUsed:      135084 kB
VmallocChunk:   251440684 kB
Time pass: 146 sec

---2015-10-26 11:04:01
MemTotal:        2899420 kB
MemFree:           72552 kB
Buffers:           69040 kB
Cached:           675736 kB
SwapCached:         1660 kB
Active:          1429444 kB
Inactive:         533004 kB
Active(anon):     985580 kB
Inactive(anon):   246920 kB
Active(file):     443864 kB
Inactive(file):   286084 kB
Unevictable:       13556 kB
Mlocked:               0 kB
SwapTotal:        721780 kB
SwapFree:         611520 kB
Dirty:                56 kB
Writeback:             0 kB
AnonPages:       1230040 kB
Mapped:           489544 kB
Shmem:              1264 kB
Slab:             104792 kB
SReclaimable:      33932 kB
SUnreclaim:        70860 kB
KernelStack:       40544 kB
PageTables:        51256 kB
NFS_Unstable:          0 kB
Bounce:                0 kB
WritebackTmp:          0 kB
CommitLimit:     2171488 kB
Committed_AS:   117259436 kB
VmallocTotal:   251658176 kB
VmallocUsed:      135084 kB
VmallocChunk:   251440684 kB
Time pass: 150 sec

---2015-10-26 11:04:01
MemTotal:        2899420 kB
MemFree:           64380 kB
Buffers:           69040 kB
Cached:           675516 kB
SwapCached:         1660 kB
Active:          1454420 kB
Inactive:         516284 kB
Active(anon):     993976 kB
Inactive(anon):   246920 kB
Active(file):     460444 kB
Inactive(file):   269364 kB
Unevictable:       13556 kB
Mlocked:               0 kB
SwapTotal:        721780 kB
SwapFree:         611520 kB
Dirty:                12 kB
Writeback:             0 kB
AnonPages:       1238996 kB
Mapped:           490112 kB
Shmem:              1264 kB
Slab:             104896 kB
SReclaimable:      33932 kB
SUnreclaim:        70964 kB
KernelStack:       40576 kB
PageTables:        51412 kB
NFS_Unstable:          0 kB
Bounce:                0 kB
WritebackTmp:          0 kB
CommitLimit:     2171488 kB
Committed_AS:   120755920 kB
VmallocTotal:   251658176 kB
VmallocUsed:      135084 kB
VmallocChunk:   251440684 kB
Time pass: 154 sec

---2015-10-26 11:04:01
MemTotal:        2899420 kB
MemFree:          202984 kB
Buffers:           62952 kB
Cached:           672796 kB
SwapCached:         1664 kB
Active:          1395232 kB
Inactive:         521748 kB
Active(anon):     946280 kB
Inactive(anon):   249636 kB
Active(file):     448952 kB
Inactive(file):   272112 kB
Unevictable:       13556 kB
Mlocked:               0 kB
SwapTotal:        721780 kB
SwapFree:         611096 kB
Dirty:                 0 kB
Writeback:             0 kB
AnonPages:       1193948 kB
Mapped:           344008 kB
Shmem:              1128 kB
Slab:             104700 kB
SReclaimable:      33932 kB
SUnreclaim:        70768 kB
KernelStack:       39312 kB
PageTables:        49652 kB
NFS_Unstable:          0 kB
Bounce:                0 kB
WritebackTmp:          0 kB
CommitLimit:     2171488 kB
Committed_AS:   123438972 kB
VmallocTotal:   251658176 kB
VmallocUsed:      132256 kB
VmallocChunk:   251456044 kB
Time pass: 157 sec

---2015-10-26 11:04:01
MemTotal:        2899420 kB
MemFree:          220840 kB
Buffers:           62964 kB
Cached:           672892 kB
SwapCached:         1664 kB
Active:          1377592 kB
Inactive:         521784 kB
Active(anon):     928568 kB
Inactive(anon):   249636 kB
Active(file):     449024 kB
Inactive(file):   272148 kB
Unevictable:       13556 kB
Mlocked:               0 kB
SwapTotal:        721780 kB
SwapFree:         611096 kB
Dirty:               324 kB
Writeback:             0 kB
AnonPages:       1175828 kB
Mapped:           345096 kB
Shmem:              1128 kB
Slab:             104716 kB
SReclaimable:      33932 kB
SUnreclaim:        70784 kB
KernelStack:       39136 kB
PageTables:        49804 kB
NFS_Unstable:          0 kB
Bounce:                0 kB
WritebackTmp:          0 kB
CommitLimit:     2171488 kB
Committed_AS:   121115180 kB
VmallocTotal:   251658176 kB
VmallocUsed:      134296 kB
VmallocChunk:   251456044 kB
Time pass: 161 sec

---2015-10-26 11:04:01
MemTotal:        2899420 kB
MemFree:          226156 kB
Buffers:           62972 kB
Cached:           672884 kB
SwapCached:         1664 kB
Active:          1372628 kB
Inactive:         521772 kB
Active(anon):     923592 kB
Inactive(anon):   249636 kB
Active(file):     449036 kB
Inactive(file):   272136 kB
Unevictable:       13556 kB
Mlocked:               0 kB
SwapTotal:        721780 kB
SwapFree:         611096 kB
Dirty:                 8 kB
Writeback:             0 kB
AnonPages:       1171228 kB
Mapped:           344156 kB
Shmem:              1128 kB
Slab:             104464 kB
SReclaimable:      33836 kB
SUnreclaim:        70628 kB
KernelStack:       39200 kB
PageTables:        49316 kB
NFS_Unstable:          0 kB
Bounce:                0 kB
WritebackTmp:          0 kB
CommitLimit:     2171488 kB
Committed_AS:   118790716 kB
VmallocTotal:   251658176 kB
VmallocUsed:      132256 kB
VmallocChunk:   251456044 kB
Time pass: 165 sec

---2015-10-26 11:04:01
MemTotal:        2899420 kB
MemFree:          231132 kB
Buffers:           62972 kB
Cached:           672892 kB
SwapCached:         1664 kB
Active:          1367376 kB
Inactive:         521776 kB
Active(anon):     918336 kB
Inactive(anon):   249636 kB
Active(file):     449040 kB
Inactive(file):   272140 kB
Unevictable:       13556 kB
Mlocked:               0 kB
SwapTotal:        721780 kB
SwapFree:         611096 kB
Dirty:                20 kB
Writeback:             0 kB
AnonPages:       1165384 kB
Mapped:           344052 kB
Shmem:              1128 kB
Slab:             104460 kB
SReclaimable:      33836 kB
SUnreclaim:        70624 kB
KernelStack:       39296 kB
PageTables:        49124 kB
NFS_Unstable:          0 kB
Bounce:                0 kB
WritebackTmp:          0 kB
CommitLimit:     2171488 kB
Committed_AS:   114142288 kB
VmallocTotal:   251658176 kB
VmallocUsed:      132256 kB
VmallocChunk:   251456044 kB
Time pass: 169 sec

---2015-10-26 11:04:01
MemTotal:        2899420 kB
MemFree:          231160 kB
Buffers:           62980 kB
Cached:           672888 kB
SwapCached:         1664 kB
Active:          1367352 kB
Inactive:         521776 kB
Active(anon):     918312 kB
Inactive(anon):   249636 kB
Active(file):     449040 kB
Inactive(file):   272140 kB
Unevictable:       13556 kB
Mlocked:               0 kB
SwapTotal:        721780 kB
SwapFree:         611096 kB
Dirty:                 0 kB
Writeback:            20 kB
AnonPages:       1165632 kB
Mapped:           344092 kB
Shmem:              1128 kB
Slab:             104460 kB
SReclaimable:      33836 kB
SUnreclaim:        70624 kB
KernelStack:       39040 kB
PageTables:        49172 kB
NFS_Unstable:          0 kB
Bounce:                0 kB
WritebackTmp:          0 kB
CommitLimit:     2171488 kB
Committed_AS:   114142376 kB
VmallocTotal:   251658176 kB
VmallocUsed:      132256 kB
VmallocChunk:   251456044 kB
Time pass: 172 sec

---2015-10-26 11:04:01
MemTotal:        2899420 kB
MemFree:          230732 kB
Buffers:           62980 kB
Cached:           672892 kB
SwapCached:         1664 kB
Active:          1367424 kB
Inactive:         521776 kB
Active(anon):     918376 kB
Inactive(anon):   249636 kB
Active(file):     449048 kB
Inactive(file):   272140 kB
Unevictable:       13556 kB
Mlocked:               0 kB
SwapTotal:        721780 kB
SwapFree:         611096 kB
Dirty:                12 kB
Writeback:             0 kB
AnonPages:       1165848 kB
Mapped:           344148 kB
Shmem:              1128 kB
Slab:             104460 kB
SReclaimable:      33836 kB
SUnreclaim:        70624 kB
KernelStack:       39056 kB
PageTables:        49196 kB
NFS_Unstable:          0 kB
Bounce:                0 kB
WritebackTmp:          0 kB
CommitLimit:     2171488 kB
Committed_AS:   114142308 kB
VmallocTotal:   251658176 kB
VmallocUsed:      132256 kB
VmallocChunk:   251456044 kB
Time pass: 176 sec

---2015-10-26 11:04:01
MemTotal:        2899420 kB
MemFree:          221988 kB
Buffers:           62980 kB
Cached:           672892 kB
SwapCached:         1664 kB
Active:          1374488 kB
Inactive:         521772 kB
Active(anon):     925436 kB
Inactive(anon):   249636 kB
Active(file):     449052 kB
Inactive(file):   272136 kB
Unevictable:       13556 kB
Mlocked:               0 kB
SwapTotal:        721780 kB
SwapFree:         611096 kB
Dirty:                 0 kB
Writeback:             0 kB
AnonPages:       1172892 kB
Mapped:           345328 kB
Shmem:              1128 kB
Slab:             104456 kB
SReclaimable:      33836 kB
SUnreclaim:        70620 kB
KernelStack:       39328 kB
PageTables:        49700 kB
NFS_Unstable:          0 kB
Bounce:                0 kB
WritebackTmp:          0 kB
CommitLimit:     2171488 kB
Committed_AS:   118864528 kB
VmallocTotal:   251658176 kB
VmallocUsed:      150940 kB
VmallocChunk:   251416868 kB
Time pass: 180 sec

---2015-10-26 11:04:01
MemTotal:        2899420 kB
MemFree:          222964 kB
Buffers:           63004 kB
Cached:           673040 kB
SwapCached:         1700 kB
Active:          1399048 kB
Inactive:         518660 kB
Active(anon):     946680 kB
Inactive(anon):   249800 kB
Active(file):     452368 kB
Inactive(file):   268860 kB
Unevictable:       13556 kB
Mlocked:               0 kB
SwapTotal:        721780 kB
SwapFree:         611096 kB
Dirty:              1424 kB
Writeback:             4 kB
AnonPages:       1194000 kB
Mapped:           389196 kB
Shmem:              1260 kB
Slab:             104380 kB
SReclaimable:      33836 kB
SUnreclaim:        70544 kB
KernelStack:       40112 kB
PageTables:        50292 kB
NFS_Unstable:          0 kB
Bounce:                0 kB
WritebackTmp:          0 kB
CommitLimit:     2171488 kB
Committed_AS:   115464228 kB
VmallocTotal:   251658176 kB
VmallocUsed:      133120 kB
VmallocChunk:   251456044 kB
Time pass: 184 sec

---2015-10-26 11:04:01
MemTotal:        2899420 kB
MemFree:          224276 kB
Buffers:           63004 kB
Cached:           672940 kB
SwapCached:         1700 kB
Active:          1397248 kB
Inactive:         518560 kB
Active(anon):     944880 kB
Inactive(anon):   249800 kB
Active(file):     452368 kB
Inactive(file):   268760 kB
Unevictable:       13556 kB
Mlocked:               0 kB
SwapTotal:        721780 kB
SwapFree:         611096 kB
Dirty:                 0 kB
Writeback:             0 kB
AnonPages:       1191956 kB
Mapped:           389788 kB
Shmem:              1260 kB
Slab:             104520 kB
SReclaimable:      33836 kB
SUnreclaim:        70684 kB
KernelStack:       40096 kB
PageTables:        50348 kB
NFS_Unstable:          0 kB
Bounce:                0 kB
WritebackTmp:          0 kB
CommitLimit:     2171488 kB
Committed_AS:   115465868 kB
VmallocTotal:   251658176 kB
VmallocUsed:      133120 kB
VmallocChunk:   251456044 kB
Time pass: 187 sec

---2015-10-26 11:04:01
MemTotal:        2899420 kB
MemFree:          150908 kB
Buffers:           63012 kB
Cached:           673588 kB
SwapCached:         1700 kB
Active:          1410696 kB
Inactive:         518240 kB
Active(anon):     957352 kB
Inactive(anon):   249804 kB
Active(file):     453344 kB
Inactive(file):   268436 kB
Unevictable:       13556 kB
Mlocked:               0 kB
SwapTotal:        721780 kB
SwapFree:         611096 kB
Dirty:              1856 kB
Writeback:             0 kB
AnonPages:       1204684 kB
Mapped:           443792 kB
Shmem:              1264 kB
Slab:             104564 kB
SReclaimable:      33836 kB
SUnreclaim:        70728 kB
KernelStack:       40160 kB
PageTables:        50472 kB
NFS_Unstable:          0 kB
Bounce:                0 kB
WritebackTmp:          0 kB
CommitLimit:     2171488 kB
Committed_AS:   115474740 kB
VmallocTotal:   251658176 kB
VmallocUsed:      133596 kB
VmallocChunk:   251456044 kB
Time pass: 191 sec

---2015-10-26 11:04:01
MemTotal:        2899420 kB
MemFree:          151132 kB
Buffers:           63020 kB
Cached:           673588 kB
SwapCached:         1700 kB
Active:          1410752 kB
Inactive:         518248 kB
Active(anon):     957408 kB
Inactive(anon):   249804 kB
Active(file):     453344 kB
Inactive(file):   268444 kB
Unevictable:       13556 kB
Mlocked:               0 kB
SwapTotal:        721780 kB
SwapFree:         611096 kB
Dirty:                72 kB
Writeback:             0 kB
AnonPages:       1204884 kB
Mapped:           444028 kB
Shmem:              1264 kB
Slab:             104596 kB
SReclaimable:      33836 kB
SUnreclaim:        70760 kB
KernelStack:       40144 kB
PageTables:        50508 kB
NFS_Unstable:          0 kB
Bounce:                0 kB
WritebackTmp:          0 kB
CommitLimit:     2171488 kB
Committed_AS:   115474788 kB
VmallocTotal:   251658176 kB
VmallocUsed:      133596 kB
VmallocChunk:   251456044 kB
Time pass: 195 sec

---2015-10-26 11:04:01
MemTotal:        2899420 kB
MemFree:          135512 kB
Buffers:           63020 kB
Cached:           673808 kB
SwapCached:         1700 kB
Active:          1413832 kB
Inactive:         518356 kB
Active(anon):     960488 kB
Inactive(anon):   249804 kB
Active(file):     453344 kB
Inactive(file):   268552 kB
Unevictable:       13556 kB
Mlocked:               0 kB
SwapTotal:        721780 kB
SwapFree:         611096 kB
Dirty:               472 kB
Writeback:             0 kB
AnonPages:       1207900 kB
Mapped:           451192 kB
Shmem:              1264 kB
Slab:             104452 kB
SReclaimable:      33832 kB
SUnreclaim:        70620 kB
KernelStack:       40144 kB
PageTables:        50484 kB
NFS_Unstable:          0 kB
Bounce:                0 kB
WritebackTmp:          0 kB
CommitLimit:     2171488 kB
Committed_AS:   115475012 kB
VmallocTotal:   251658176 kB
VmallocUsed:      133660 kB
VmallocChunk:   251456044 kB
Time pass: 199 sec

---2015-10-26 11:04:01
MemTotal:        2899420 kB
MemFree:          119928 kB
Buffers:           63024 kB
Cached:           673736 kB
SwapCached:         1700 kB
Active:          1426624 kB
Inactive:         518392 kB
Active(anon):     973276 kB
Inactive(anon):   249804 kB
Active(file):     453348 kB
Inactive(file):   268588 kB
Unevictable:       13556 kB
Mlocked:               0 kB
SwapTotal:        721780 kB
SwapFree:         611096 kB
Dirty:               432 kB
Writeback:             0 kB
AnonPages:       1220640 kB
Mapped:           454608 kB
Shmem:              1264 kB
Slab:             104452 kB
SReclaimable:      33832 kB
SUnreclaim:        70620 kB
KernelStack:       40112 kB
PageTables:        50484 kB
NFS_Unstable:          0 kB
Bounce:                0 kB
WritebackTmp:          0 kB
CommitLimit:     2171488 kB
Committed_AS:   115483324 kB
VmallocTotal:   251658176 kB
VmallocUsed:      133660 kB
VmallocChunk:   251456044 kB
Time pass: 203 sec

---2015-10-26 11:04:01
MemTotal:        2899420 kB
MemFree:          109324 kB
Buffers:           63024 kB
Cached:           673740 kB
SwapCached:         1700 kB
Active:          1419324 kB
Inactive:         518396 kB
Active(anon):     965972 kB
Inactive(anon):   249804 kB
Active(file):     453352 kB
Inactive(file):   268592 kB
Unevictable:       13556 kB
Mlocked:               0 kB
SwapTotal:        721780 kB
SwapFree:         611096 kB
Dirty:               604 kB
Writeback:             0 kB
AnonPages:       1213236 kB
Mapped:           465416 kB
Shmem:              1264 kB
Slab:             104472 kB
SReclaimable:      33832 kB
SUnreclaim:        70640 kB
KernelStack:       40144 kB
PageTables:        50560 kB
NFS_Unstable:          0 kB
Bounce:                0 kB
WritebackTmp:          0 kB
CommitLimit:     2171488 kB
Committed_AS:   115483564 kB
VmallocTotal:   251658176 kB
VmallocUsed:      133808 kB
VmallocChunk:   251456044 kB
Time pass: 207 sec

---2015-10-26 11:04:01
MemTotal:        2899420 kB
MemFree:           96120 kB
Buffers:           63044 kB
Cached:           673912 kB
SwapCached:         1700 kB
Active:          1431004 kB
Inactive:         518552 kB
Active(anon):     977644 kB
Inactive(anon):   249944 kB
Active(file):     453360 kB
Inactive(file):   268608 kB
Unevictable:       13556 kB
Mlocked:               0 kB
SwapTotal:        721780 kB
SwapFree:         611096 kB
Dirty:                84 kB
Writeback:             0 kB
AnonPages:       1224900 kB
Mapped:           468900 kB
Shmem:              1432 kB
Slab:             104456 kB
SReclaimable:      33832 kB
SUnreclaim:        70624 kB
KernelStack:       40544 kB
PageTables:        50720 kB
NFS_Unstable:          0 kB
Bounce:                0 kB
WritebackTmp:          0 kB
CommitLimit:     2171488 kB
Committed_AS:   115515276 kB
VmallocTotal:   251658176 kB
VmallocUsed:      136240 kB
VmallocChunk:   251445372 kB
Time pass: 212 sec

---2015-10-26 11:04:01
MemTotal:        2899420 kB
MemFree:           93520 kB
Buffers:           63056 kB
Cached:           673988 kB
SwapCached:         1700 kB
Active:          1432960 kB
Inactive:         518664 kB
Active(anon):     979600 kB
Inactive(anon):   250044 kB
Active(file):     453360 kB
Inactive(file):   268620 kB
Unevictable:       13556 kB
Mlocked:               0 kB
SwapTotal:        721780 kB
SwapFree:         611096 kB
Dirty:                 0 kB
Writeback:             0 kB
AnonPages:       1227028 kB
Mapped:           468836 kB
Shmem:              1508 kB
Slab:             104464 kB
SReclaimable:      33832 kB
SUnreclaim:        70632 kB
KernelStack:       40528 kB
PageTables:        50700 kB
NFS_Unstable:          0 kB
Bounce:                0 kB
WritebackTmp:          0 kB
CommitLimit:     2171488 kB
Committed_AS:   115519356 kB
VmallocTotal:   251658176 kB
VmallocUsed:      136240 kB
VmallocChunk:   251445372 kB
Time pass: 217 sec

---2015-10-26 11:04:01
MemTotal:        2899420 kB
MemFree:           92412 kB
Buffers:           63076 kB
Cached:           674004 kB
SwapCached:         1700 kB
Active:          1433908 kB
Inactive:         518700 kB
Active(anon):     980548 kB
Inactive(anon):   250056 kB
Active(file):     453360 kB
Inactive(file):   268644 kB
Unevictable:       13556 kB
Mlocked:               0 kB
SwapTotal:        721780 kB
SwapFree:         611096 kB
Dirty:                52 kB
Writeback:             0 kB
AnonPages:       1227808 kB
Mapped:           469376 kB
Shmem:              1520 kB
Slab:             104468 kB
SReclaimable:      33832 kB
SUnreclaim:        70636 kB
KernelStack:       40496 kB
PageTables:        50776 kB
NFS_Unstable:          0 kB
Bounce:                0 kB
WritebackTmp:          0 kB
CommitLimit:     2171488 kB
Committed_AS:   115519356 kB
VmallocTotal:   251658176 kB
VmallocUsed:      136240 kB
VmallocChunk:   251445372 kB
Time pass: 222 sec

---2015-10-26 11:04:01
MemTotal:        2899420 kB
MemFree:           90852 kB
Buffers:           63080 kB
Cached:           674004 kB
SwapCached:         1700 kB
Active:          1435288 kB
Inactive:         518704 kB
Active(anon):     981928 kB
Inactive(anon):   250056 kB
Active(file):     453360 kB
Inactive(file):   268648 kB
Unevictable:       13556 kB
Mlocked:               0 kB
SwapTotal:        721780 kB
SwapFree:         611096 kB
Dirty:                40 kB
Writeback:             0 kB
AnonPages:       1229108 kB
Mapped:           469400 kB
Shmem:              1520 kB
Slab:             104460 kB
SReclaimable:      33832 kB
SUnreclaim:        70628 kB
KernelStack:       40544 kB
PageTables:        50780 kB
NFS_Unstable:          0 kB
Bounce:                0 kB
WritebackTmp:          0 kB
CommitLimit:     2171488 kB
Committed_AS:   115519364 kB
VmallocTotal:   251658176 kB
VmallocUsed:      136240 kB
VmallocChunk:   251445372 kB
Time pass: 228 sec

---2015-10-26 11:04:01
MemTotal:        2899420 kB
MemFree:           89208 kB
Buffers:           63080 kB
Cached:           674004 kB
SwapCached:         1700 kB
Active:          1436076 kB
Inactive:         518704 kB
Active(anon):     982716 kB
Inactive(anon):   250056 kB
Active(file):     453360 kB
Inactive(file):   268648 kB
Unevictable:       13556 kB
Mlocked:               0 kB
SwapTotal:        721780 kB
SwapFree:         611096 kB
Dirty:                 0 kB
Writeback:             0 kB
AnonPages:       1229892 kB
Mapped:           469488 kB
Shmem:              1520 kB
Slab:             104464 kB
SReclaimable:      33832 kB
SUnreclaim:        70632 kB
KernelStack:       40544 kB
PageTables:        50808 kB
NFS_Unstable:          0 kB
Bounce:                0 kB
WritebackTmp:          0 kB
CommitLimit:     2171488 kB
Committed_AS:   115519348 kB
VmallocTotal:   251658176 kB
VmallocUsed:      136240 kB
VmallocChunk:   251445372 kB
Time pass: 233 sec

---2015-10-26 11:04:01
MemTotal:        2899420 kB
MemFree:           89396 kB
Buffers:           63080 kB
Cached:           674004 kB
SwapCached:         1700 kB
Active:          1436568 kB
Inactive:         518704 kB
Active(anon):     983208 kB
Inactive(anon):   250056 kB
Active(file):     453360 kB
Inactive(file):   268648 kB
Unevictable:       13556 kB
Mlocked:               0 kB
SwapTotal:        721780 kB
SwapFree:         611096 kB
Dirty:                 0 kB
Writeback:             0 kB
AnonPages:       1230528 kB
Mapped:           469456 kB
Shmem:              1520 kB
Slab:             104456 kB
SReclaimable:      33832 kB
SUnreclaim:        70624 kB
KernelStack:       40512 kB
PageTables:        50784 kB
NFS_Unstable:          0 kB
Bounce:                0 kB
WritebackTmp:          0 kB
CommitLimit:     2171488 kB
Committed_AS:   115519404 kB
VmallocTotal:   251658176 kB
VmallocUsed:      136240 kB
VmallocChunk:   251445372 kB
Time pass: 237 sec

---2015-10-26 11:04:01
MemTotal:        2899420 kB
MemFree:           87776 kB
Buffers:           63080 kB
Cached:           674012 kB
SwapCached:         1700 kB
Active:          1437668 kB
Inactive:         518708 kB
Active(anon):     984304 kB
Inactive(anon):   250064 kB
Active(file):     453364 kB
Inactive(file):   268644 kB
Unevictable:       13556 kB
Mlocked:               0 kB
SwapTotal:        721780 kB
SwapFree:         611096 kB
Dirty:                40 kB
Writeback:             0 kB
AnonPages:       1231492 kB
Mapped:           469404 kB
Shmem:              1528 kB
Slab:             104468 kB
SReclaimable:      33832 kB
SUnreclaim:        70636 kB
KernelStack:       40480 kB
PageTables:        50748 kB
NFS_Unstable:          0 kB
Bounce:                0 kB
WritebackTmp:          0 kB
CommitLimit:     2171488 kB
Committed_AS:   115519380 kB
VmallocTotal:   251658176 kB
VmallocUsed:      136240 kB
VmallocChunk:   251445372 kB
Time pass: 243 sec

---2015-10-26 11:04:01
MemTotal:        2899420 kB
MemFree:           86128 kB
Buffers:           63084 kB
Cached:           674024 kB
SwapCached:         1700 kB
Active:          1438904 kB
Inactive:         518720 kB
Active(anon):     985536 kB
Inactive(anon):   250076 kB
Active(file):     453368 kB
Inactive(file):   268644 kB
Unevictable:       13556 kB
Mlocked:               0 kB
SwapTotal:        721780 kB
SwapFree:         611096 kB
Dirty:                48 kB
Writeback:             0 kB
AnonPages:       1232692 kB
Mapped:           469500 kB
Shmem:              1540 kB
Slab:             104460 kB
SReclaimable:      33832 kB
SUnreclaim:        70628 kB
KernelStack:       40496 kB
PageTables:        50772 kB
NFS_Unstable:          0 kB
Bounce:                0 kB
WritebackTmp:          0 kB
CommitLimit:     2171488 kB
Committed_AS:   115519356 kB
VmallocTotal:   251658176 kB
VmallocUsed:      136240 kB
VmallocChunk:   251445372 kB
Time pass: 248 sec

---2015-10-26 11:04:01
MemTotal:        2899420 kB
MemFree:           86016 kB
Buffers:           63088 kB
Cached:           674060 kB
SwapCached:         1700 kB
Active:          1439396 kB
Inactive:         518756 kB
Active(anon):     986024 kB
Inactive(anon):   250112 kB
Active(file):     453372 kB
Inactive(file):   268644 kB
Unevictable:       13556 kB
Mlocked:               0 kB
SwapTotal:        721780 kB
SwapFree:         611096 kB
Dirty:                20 kB
Writeback:             0 kB
AnonPages:       1233336 kB
Mapped:           469540 kB
Shmem:              1576 kB
Slab:             104460 kB
SReclaimable:      33832 kB
SUnreclaim:        70628 kB
KernelStack:       40528 kB
PageTables:        50776 kB
NFS_Unstable:          0 kB
Bounce:                0 kB
WritebackTmp:          0 kB
CommitLimit:     2171488 kB
Committed_AS:   115519356 kB
VmallocTotal:   251658176 kB
VmallocUsed:      136240 kB
VmallocChunk:   251445372 kB
Time pass: 252 sec

---2015-10-26 11:04:01
MemTotal:        2899420 kB
MemFree:           85180 kB
Buffers:           63120 kB
Cached:           674108 kB
SwapCached:         1700 kB
Active:          1440344 kB
Inactive:         518836 kB
Active(anon):     986972 kB
Inactive(anon):   250160 kB
Active(file):     453372 kB
Inactive(file):   268676 kB
Unevictable:       13556 kB
Mlocked:               0 kB
SwapTotal:        721780 kB
SwapFree:         611096 kB
Dirty:                56 kB
Writeback:             0 kB
AnonPages:       1234364 kB
Mapped:           469600 kB
Shmem:              1624 kB
Slab:             104464 kB
SReclaimable:      33832 kB
SUnreclaim:        70632 kB
KernelStack:       40528 kB
PageTables:        50748 kB
NFS_Unstable:          0 kB
Bounce:                0 kB
WritebackTmp:          0 kB
CommitLimit:     2171488 kB
Committed_AS:   115523452 kB
VmallocTotal:   251658176 kB
VmallocUsed:      136240 kB
VmallocChunk:   251445372 kB
Time pass: 257 sec

---2015-10-26 11:04:01
MemTotal:        2899420 kB
MemFree:           84100 kB
Buffers:           63128 kB
Cached:           674112 kB
SwapCached:         1700 kB
Active:          1441028 kB
Inactive:         518848 kB
Active(anon):     987656 kB
Inactive(anon):   250172 kB
Active(file):     453372 kB
Inactive(file):   268676 kB
Unevictable:       13556 kB
Mlocked:               0 kB
SwapTotal:        721780 kB
SwapFree:         611096 kB
Dirty:                 0 kB
Writeback:             0 kB
AnonPages:       1234840 kB
Mapped:           469540 kB
Shmem:              1636 kB
Slab:             104464 kB
SReclaimable:      33832 kB
SUnreclaim:        70632 kB
KernelStack:       40496 kB
PageTables:        50752 kB
NFS_Unstable:          0 kB
Bounce:                0 kB
WritebackTmp:          0 kB
CommitLimit:     2171488 kB
Committed_AS:   115523436 kB
VmallocTotal:   251658176 kB
VmallocUsed:      136240 kB
VmallocChunk:   251445372 kB
Time pass: 262 sec

---2015-10-26 11:04:01
MemTotal:        2899420 kB
MemFree:           82720 kB
Buffers:           63128 kB
Cached:           674120 kB
SwapCached:         1700 kB
Active:          1441960 kB
Inactive:         518856 kB
Active(anon):     988588 kB
Inactive(anon):   250172 kB
Active(file):     453372 kB
Inactive(file):   268684 kB
Unevictable:       13556 kB
Mlocked:               0 kB
SwapTotal:        721780 kB
SwapFree:         611096 kB
Dirty:                 0 kB
Writeback:             0 kB
AnonPages:       1235812 kB
Mapped:           469564 kB
Shmem:              1636 kB
Slab:             104460 kB
SReclaimable:      33832 kB
SUnreclaim:        70628 kB
KernelStack:       40512 kB
PageTables:        50752 kB
NFS_Unstable:          0 kB
Bounce:                0 kB
WritebackTmp:          0 kB
CommitLimit:     2171488 kB
Committed_AS:   115523460 kB
VmallocTotal:   251658176 kB
VmallocUsed:      136240 kB
VmallocChunk:   251445372 kB
Time pass: 268 sec

---2015-10-26 11:04:01
MemTotal:        2899420 kB
MemFree:           82820 kB
Buffers:           63132 kB
Cached:           674120 kB
SwapCached:         1700 kB
Active:          1442232 kB
Inactive:         518856 kB
Active(anon):     988856 kB
Inactive(anon):   250172 kB
Active(file):     453376 kB
Inactive(file):   268684 kB
Unevictable:       13556 kB
Mlocked:               0 kB
SwapTotal:        721780 kB
SwapFree:         611096 kB
Dirty:                36 kB
Writeback:             0 kB
AnonPages:       1236224 kB
Mapped:           469652 kB
Shmem:              1636 kB
Slab:             104460 kB
SReclaimable:      33832 kB
SUnreclaim:        70628 kB
KernelStack:       40544 kB
PageTables:        50784 kB
NFS_Unstable:          0 kB
Bounce:                0 kB
WritebackTmp:          0 kB
CommitLimit:     2171488 kB
Committed_AS:   115527548 kB
VmallocTotal:   251658176 kB
VmallocUsed:      136240 kB
VmallocChunk:   251445372 kB
Time pass: 274 sec

---2015-10-26 11:04:01
MemTotal:        2899420 kB
MemFree:           82568 kB
Buffers:           63132 kB
Cached:           674192 kB
SwapCached:         1700 kB
Active:          1442540 kB
Inactive:         518920 kB
Active(anon):     989156 kB
Inactive(anon):   250244 kB
Active(file):     453384 kB
Inactive(file):   268676 kB
Unevictable:       13556 kB
Mlocked:               0 kB
SwapTotal:        721780 kB
SwapFree:         611096 kB
Dirty:                32 kB
Writeback:             0 kB
AnonPages:       1236308 kB
Mapped:           469736 kB
Shmem:              1708 kB
Slab:             104468 kB
SReclaimable:      33832 kB
SUnreclaim:        70636 kB
KernelStack:       40512 kB
PageTables:        50792 kB
NFS_Unstable:          0 kB
Bounce:                0 kB
WritebackTmp:          0 kB
CommitLimit:     2171488 kB
Committed_AS:   115527524 kB
VmallocTotal:   251658176 kB
VmallocUsed:      136240 kB
VmallocChunk:   251445372 kB
Time pass: 279 sec

---2015-10-26 11:04:01
MemTotal:        2899420 kB
MemFree:           81768 kB
Buffers:           63132 kB
Cached:           674192 kB
SwapCached:         1700 kB
Active:          1443296 kB
Inactive:         518920 kB
Active(anon):     989912 kB
Inactive(anon):   250244 kB
Active(file):     453384 kB
Inactive(file):   268676 kB
Unevictable:       13556 kB
Mlocked:               0 kB
SwapTotal:        721780 kB
SwapFree:         611096 kB
Dirty:                 0 kB
Writeback:             0 kB
AnonPages:       1237124 kB
Mapped:           469668 kB
Shmem:              1708 kB
Slab:             104460 kB
SReclaimable:      33832 kB
SUnreclaim:        70628 kB
KernelStack:       40560 kB
PageTables:        50756 kB
NFS_Unstable:          0 kB
Bounce:                0 kB
WritebackTmp:          0 kB
CommitLimit:     2171488 kB
Committed_AS:   115527540 kB
VmallocTotal:   251658176 kB
VmallocUsed:      136240 kB
VmallocChunk:   251445372 kB
Time pass: 285 sec

---2015-10-26 11:04:01
MemTotal:        2899420 kB
MemFree:           81840 kB
Buffers:           63132 kB
Cached:           674192 kB
SwapCached:         1700 kB
Active:          1443204 kB
Inactive:         518920 kB
Active(anon):     989820 kB
Inactive(anon):   250244 kB
Active(file):     453384 kB
Inactive(file):   268676 kB
Unevictable:       13556 kB
Mlocked:               0 kB
SwapTotal:        721780 kB
SwapFree:         611096 kB
Dirty:                36 kB
Writeback:             0 kB
AnonPages:       1237152 kB
Mapped:           469764 kB
Shmem:              1708 kB
Slab:             104508 kB
SReclaimable:      33832 kB
SUnreclaim:        70676 kB
KernelStack:       40544 kB
PageTables:        50788 kB
NFS_Unstable:          0 kB
Bounce:                0 kB
WritebackTmp:          0 kB
CommitLimit:     2171488 kB
Committed_AS:   115527548 kB
VmallocTotal:   251658176 kB
VmallocUsed:      136240 kB
VmallocChunk:   251445372 kB
Time pass: 290 sec

---2015-10-26 11:04:01
MemTotal:        2899420 kB
MemFree:           81396 kB
Buffers:           63156 kB
Cached:           674192 kB
SwapCached:         1700 kB
Active:          1443576 kB
Inactive:         518944 kB
Active(anon):     990192 kB
Inactive(anon):   250244 kB
Active(file):     453384 kB
Inactive(file):   268700 kB
Unevictable:       13556 kB
Mlocked:               0 kB
SwapTotal:        721780 kB
SwapFree:         611096 kB
Dirty:                52 kB
Writeback:             0 kB
AnonPages:       1237448 kB
Mapped:           469692 kB
Shmem:              1708 kB
Slab:             104480 kB
SReclaimable:      33832 kB
SUnreclaim:        70648 kB
KernelStack:       40512 kB
PageTables:        50760 kB
NFS_Unstable:          0 kB
Bounce:                0 kB
WritebackTmp:          0 kB
CommitLimit:     2171488 kB
Committed_AS:   115527548 kB
VmallocTotal:   251658176 kB
VmallocUsed:      136240 kB
VmallocChunk:   251445372 kB
Time pass: 296 sec

---2015-10-26 11:04:01
MemTotal:        2899420 kB
MemFree:           81240 kB
Buffers:           63164 kB
Cached:           674192 kB
SwapCached:         1700 kB
Active:          1443884 kB
Inactive:         518948 kB
Active(anon):     990500 kB
Inactive(anon):   250240 kB
Active(file):     453384 kB
Inactive(file):   268708 kB
Unevictable:       13556 kB
Mlocked:               0 kB
SwapTotal:        721780 kB
SwapFree:         611096 kB
Dirty:                32 kB
Writeback:             0 kB
AnonPages:       1237644 kB
Mapped:           469792 kB
Shmem:              1708 kB
Slab:             104496 kB
SReclaimable:      33832 kB
SUnreclaim:        70664 kB
KernelStack:       40544 kB
PageTables:        50788 kB
NFS_Unstable:          0 kB
Bounce:                0 kB
WritebackTmp:          0 kB
CommitLimit:     2171488 kB
Committed_AS:   115527532 kB
VmallocTotal:   251658176 kB
VmallocUsed:      136240 kB
VmallocChunk:   251445372 kB
Time pass: 300 sec

---2015-10-26 11:04:01
MemTotal:        2899420 kB
MemFree:           80080 kB
Buffers:           63172 kB
Cached:           674192 kB
SwapCached:         1700 kB
Active:          1444556 kB
Inactive:         518956 kB
Active(anon):     991172 kB
Inactive(anon):   250240 kB
Active(file):     453384 kB
Inactive(file):   268716 kB
Unevictable:       13556 kB
Mlocked:               0 kB
SwapTotal:        721780 kB
SwapFree:         611096 kB
Dirty:                 0 kB
Writeback:             0 kB
AnonPages:       1238348 kB
Mapped:           469808 kB
Shmem:              1708 kB
Slab:             104500 kB
SReclaimable:      33832 kB
SUnreclaim:        70668 kB
KernelStack:       40560 kB
PageTables:        50792 kB
NFS_Unstable:          0 kB
Bounce:                0 kB
WritebackTmp:          0 kB
CommitLimit:     2171488 kB
Committed_AS:   115527564 kB
VmallocTotal:   251658176 kB
VmallocUsed:      136240 kB
VmallocChunk:   251445372 kB
Time pass: 304 sec

---2015-10-26 11:04:01
MemTotal:        2899420 kB
MemFree:           80216 kB
Buffers:           63196 kB
Cached:           674192 kB
SwapCached:         1700 kB
Active:          1444724 kB
Inactive:         518980 kB
Active(anon):     991340 kB
Inactive(anon):   250240 kB
Active(file):     453384 kB
Inactive(file):   268740 kB
Unevictable:       13556 kB
Mlocked:               0 kB
SwapTotal:        721780 kB
SwapFree:         611096 kB
Dirty:                60 kB
Writeback:             0 kB
AnonPages:       1238820 kB
Mapped:           469824 kB
Shmem:              1708 kB
Slab:             104472 kB
SReclaimable:      33832 kB
SUnreclaim:        70640 kB
KernelStack:       40560 kB
PageTables:        50792 kB
NFS_Unstable:          0 kB
Bounce:                0 kB
WritebackTmp:          0 kB
CommitLimit:     2171488 kB
Committed_AS:   115527572 kB
VmallocTotal:   251658176 kB
VmallocUsed:      136240 kB
VmallocChunk:   251445372 kB
Time pass: 309 sec

---2015-10-26 11:04:01
MemTotal:        2899420 kB
MemFree:           79660 kB
Buffers:           63196 kB
Cached:           674192 kB
SwapCached:         1700 kB
Active:          1445148 kB
Inactive:         518980 kB
Active(anon):     991764 kB
Inactive(anon):   250240 kB
Active(file):     453384 kB
Inactive(file):   268740 kB
Unevictable:       13556 kB
Mlocked:               0 kB
SwapTotal:        721780 kB
SwapFree:         611096 kB
Dirty:                 0 kB
Writeback:            32 kB
AnonPages:       1238928 kB
Mapped:           469836 kB
Shmem:              1708 kB
Slab:             104476 kB
SReclaimable:      33832 kB
SUnreclaim:        70644 kB
KernelStack:       40560 kB
PageTables:        50792 kB
NFS_Unstable:          0 kB
Bounce:                0 kB
WritebackTmp:          0 kB
CommitLimit:     2171488 kB
Committed_AS:   115527564 kB
VmallocTotal:   251658176 kB
VmallocUsed:      136240 kB
VmallocChunk:   251445372 kB
Time pass: 313 sec

---2015-10-26 11:04:01
MemTotal:        2899420 kB
MemFree:           79640 kB
Buffers:           63204 kB
Cached:           674192 kB
SwapCached:         1700 kB
Active:          1445008 kB
Inactive:         518988 kB
Active(anon):     991624 kB
Inactive(anon):   250240 kB
Active(file):     453384 kB
Inactive(file):   268748 kB
Unevictable:       13556 kB
Mlocked:               0 kB
SwapTotal:        721780 kB
SwapFree:         611096 kB
Dirty:                28 kB
Writeback:             0 kB
AnonPages:       1239096 kB
Mapped:           469848 kB
Shmem:              1708 kB
Slab:             104472 kB
SReclaimable:      33832 kB
SUnreclaim:        70640 kB
KernelStack:       40560 kB
PageTables:        50788 kB
NFS_Unstable:          0 kB
Bounce:                0 kB
WritebackTmp:          0 kB
CommitLimit:     2171488 kB
Committed_AS:   115527580 kB
VmallocTotal:   251658176 kB
VmallocUsed:      136240 kB
VmallocChunk:   251445372 kB
Time pass: 317 sec

---2015-10-26 11:04:01
MemTotal:        2899420 kB
MemFree:           79320 kB
Buffers:           63204 kB
Cached:           674192 kB
SwapCached:         1700 kB
Active:          1445336 kB
Inactive:         518988 kB
Active(anon):     991952 kB
Inactive(anon):   250240 kB
Active(file):     453384 kB
Inactive(file):   268748 kB
Unevictable:       13556 kB
Mlocked:               0 kB
SwapTotal:        721780 kB
SwapFree:         611096 kB
Dirty:                 0 kB
Writeback:             0 kB
AnonPages:       1239400 kB
Mapped:           469940 kB
Shmem:              1708 kB
Slab:             104496 kB
SReclaimable:      33832 kB
SUnreclaim:        70664 kB
KernelStack:       40560 kB
PageTables:        50820 kB
NFS_Unstable:          0 kB
Bounce:                0 kB
WritebackTmp:          0 kB
CommitLimit:     2171488 kB
Committed_AS:   115527580 kB
VmallocTotal:   251658176 kB
VmallocUsed:      136240 kB
VmallocChunk:   251445372 kB
Time pass: 321 sec

---2015-10-26 11:04:01
MemTotal:        2899420 kB
MemFree:           79136 kB
Buffers:           63204 kB
Cached:           674192 kB
SwapCached:         1700 kB
Active:          1445780 kB
Inactive:         518968 kB
Active(anon):     992376 kB
Inactive(anon):   250240 kB
Active(file):     453404 kB
Inactive(file):   268728 kB
Unevictable:       13556 kB
Mlocked:               0 kB
SwapTotal:        721780 kB
SwapFree:         611096 kB
Dirty:                48 kB
Writeback:             0 kB
AnonPages:       1239736 kB
Mapped:           469856 kB
Shmem:              1708 kB
Slab:             104484 kB
SReclaimable:      33832 kB
SUnreclaim:        70652 kB
KernelStack:       40576 kB
PageTables:        50792 kB
NFS_Unstable:          0 kB
Bounce:                0 kB
WritebackTmp:          0 kB
CommitLimit:     2171488 kB
Committed_AS:   115527580 kB
VmallocTotal:   251658176 kB
VmallocUsed:      136240 kB
VmallocChunk:   251445372 kB
Time pass: 325 sec

---2015-10-26 11:04:01
MemTotal:        2899420 kB
MemFree:           78908 kB
Buffers:           63204 kB
Cached:           674192 kB
SwapCached:         1700 kB
Active:          1446108 kB
Inactive:         518968 kB
Active(anon):     992704 kB
Inactive(anon):   250240 kB
Active(file):     453404 kB
Inactive(file):   268728 kB
Unevictable:       13556 kB
Mlocked:               0 kB
SwapTotal:        721780 kB
SwapFree:         611096 kB
Dirty:                 0 kB
Writeback:             0 kB
AnonPages:       1239880 kB
Mapped:           469880 kB
Shmem:              1708 kB
Slab:             104508 kB
SReclaimable:      33832 kB
SUnreclaim:        70676 kB
KernelStack:       40528 kB
PageTables:        50788 kB
NFS_Unstable:          0 kB
Bounce:                0 kB
WritebackTmp:          0 kB
CommitLimit:     2171488 kB
Committed_AS:   115527556 kB
VmallocTotal:   251658176 kB
VmallocUsed:      136240 kB
VmallocChunk:   251445372 kB
Time pass: 329 sec

---2015-10-26 11:04:01
MemTotal:        2899420 kB
MemFree:           78460 kB
Buffers:           63204 kB
Cached:           674192 kB
SwapCached:         1700 kB
Active:          1446452 kB
Inactive:         518960 kB
Active(anon):     993040 kB
Inactive(anon):   250240 kB
Active(file):     453412 kB
Inactive(file):   268720 kB
Unevictable:       13556 kB
Mlocked:               0 kB
SwapTotal:        721780 kB
SwapFree:         611096 kB
Dirty:                32 kB
Writeback:             0 kB
AnonPages:       1240264 kB
Mapped:           469968 kB
Shmem:              1708 kB
Slab:             104508 kB
SReclaimable:      33832 kB
SUnreclaim:        70676 kB
KernelStack:       40560 kB
PageTables:        50816 kB
NFS_Unstable:          0 kB
Bounce:                0 kB
WritebackTmp:          0 kB
CommitLimit:     2171488 kB
Committed_AS:   115527572 kB
VmallocTotal:   251658176 kB
VmallocUsed:      136240 kB
VmallocChunk:   251445372 kB
Time pass: 337 sec

---2015-10-26 11:04:01
MemTotal:        2899420 kB
MemFree:           77932 kB
Buffers:           63212 kB
Cached:           674192 kB
SwapCached:         1700 kB
Active:          1447060 kB
Inactive:         518960 kB
Active(anon):     993644 kB
Inactive(anon):   250236 kB
Active(file):     453416 kB
Inactive(file):   268724 kB
Unevictable:       13556 kB
Mlocked:               0 kB
SwapTotal:        721780 kB
SwapFree:         611096 kB
Dirty:                40 kB
Writeback:             0 kB
AnonPages:       1240904 kB
Mapped:           469980 kB
Shmem:              1708 kB
Slab:             104508 kB
SReclaimable:      33832 kB
SUnreclaim:        70676 kB
KernelStack:       40560 kB
PageTables:        50820 kB
NFS_Unstable:          0 kB
Bounce:                0 kB
WritebackTmp:          0 kB
CommitLimit:     2171488 kB
Committed_AS:   115527580 kB
VmallocTotal:   251658176 kB
VmallocUsed:      136240 kB
VmallocChunk:   251445372 kB
Time pass: 341 sec

---2015-10-26 11:04:01
MemTotal:        2899420 kB
MemFree:           77948 kB
Buffers:           63212 kB
Cached:           674192 kB
SwapCached:         1700 kB
Active:          1447412 kB
Inactive:         518960 kB
Active(anon):     993996 kB
Inactive(anon):   250236 kB
Active(file):     453416 kB
Inactive(file):   268724 kB
Unevictable:       13556 kB
Mlocked:               0 kB
SwapTotal:        721780 kB
SwapFree:         611096 kB
Dirty:                40 kB
Writeback:             0 kB
AnonPages:       1241184 kB
Mapped:           470024 kB
Shmem:              1708 kB
Slab:             104508 kB
SReclaimable:      33832 kB
SUnreclaim:        70676 kB
KernelStack:       40560 kB
PageTables:        50812 kB
NFS_Unstable:          0 kB
Bounce:                0 kB
WritebackTmp:          0 kB
CommitLimit:     2171488 kB
Committed_AS:   115527556 kB
VmallocTotal:   251658176 kB
VmallocUsed:      136240 kB
VmallocChunk:   251445372 kB
Time pass: 345 sec

---2015-10-26 11:04:01
MemTotal:        2899420 kB
MemFree:           77004 kB
Buffers:           63220 kB
Cached:           674192 kB
SwapCached:         1700 kB
Active:          1448052 kB
Inactive:         518968 kB
Active(anon):     994636 kB
Inactive(anon):   250236 kB
Active(file):     453416 kB
Inactive(file):   268732 kB
Unevictable:       13556 kB
Mlocked:               0 kB
SwapTotal:        721780 kB
SwapFree:         611096 kB
Dirty:                68 kB
Writeback:             0 kB
AnonPages:       1241972 kB
Mapped:           469992 kB
Shmem:              1708 kB
Slab:             104508 kB
SReclaimable:      33832 kB
SUnreclaim:        70676 kB
KernelStack:       40576 kB
PageTables:        50816 kB
NFS_Unstable:          0 kB
Bounce:                0 kB
WritebackTmp:          0 kB
CommitLimit:     2171488 kB
Committed_AS:   115527628 kB
VmallocTotal:   251658176 kB
VmallocUsed:      136240 kB
VmallocChunk:   251445372 kB
Time pass: 349 sec

---2015-10-26 11:04:01
MemTotal:        2899420 kB
MemFree:           76384 kB
Buffers:           63224 kB
Cached:           674192 kB
SwapCached:         1700 kB
Active:          1448356 kB
Inactive:         518968 kB
Active(anon):     994940 kB
Inactive(anon):   250236 kB
Active(file):     453416 kB
Inactive(file):   268732 kB
Unevictable:       13556 kB
Mlocked:               0 kB
SwapTotal:        721780 kB
SwapFree:         611096 kB
Dirty:                 0 kB
Writeback:             0 kB
AnonPages:       1242092 kB
Mapped:           470000 kB
Shmem:              1708 kB
Slab:             104508 kB
SReclaimable:      33832 kB
SUnreclaim:        70676 kB
KernelStack:       40576 kB
PageTables:        50816 kB
NFS_Unstable:          0 kB
Bounce:                0 kB
WritebackTmp:          0 kB
CommitLimit:     2171488 kB
Committed_AS:   115527548 kB
VmallocTotal:   251658176 kB
VmallocUsed:      136240 kB
VmallocChunk:   251445372 kB
Time pass: 353 sec

---2015-10-26 11:04:01
MemTotal:        2899420 kB
MemFree:           76176 kB
Buffers:           63224 kB
Cached:           674192 kB
SwapCached:         1700 kB
Active:          1448232 kB
Inactive:         518972 kB
Active(anon):     994816 kB
Inactive(anon):   250236 kB
Active(file):     453416 kB
Inactive(file):   268736 kB
Unevictable:       13556 kB
Mlocked:               0 kB
SwapTotal:        721780 kB
SwapFree:         611096 kB
Dirty:                12 kB
Writeback:             0 kB
AnonPages:       1242084 kB
Mapped:           470004 kB
Shmem:              1708 kB
Slab:             104508 kB
SReclaimable:      33832 kB
SUnreclaim:        70676 kB
KernelStack:       40576 kB
PageTables:        50820 kB
NFS_Unstable:          0 kB
Bounce:                0 kB
WritebackTmp:          0 kB
CommitLimit:     2171488 kB
Committed_AS:   115527556 kB
VmallocTotal:   251658176 kB
VmallocUsed:      136240 kB
VmallocChunk:   251445372 kB
Time pass: 357 sec

---2015-10-26 11:04:01
MemTotal:        2899420 kB
MemFree:           76528 kB
Buffers:           63228 kB
Cached:           674192 kB
SwapCached:         1700 kB
Active:          1448408 kB
Inactive:         518972 kB
Active(anon):     994988 kB
Inactive(anon):   250236 kB
Active(file):     453420 kB
Inactive(file):   268736 kB
Unevictable:       13556 kB
Mlocked:               0 kB
SwapTotal:        721780 kB
SwapFree:         611096 kB
Dirty:                32 kB
Writeback:             0 kB
AnonPages:       1242276 kB
Mapped:           469920 kB
Shmem:              1708 kB
Slab:             104516 kB
SReclaimable:      33832 kB
SUnreclaim:        70684 kB
KernelStack:       40560 kB
PageTables:        50792 kB
NFS_Unstable:          0 kB
Bounce:                0 kB
WritebackTmp:          0 kB
CommitLimit:     2171488 kB
Committed_AS:   115527532 kB
VmallocTotal:   251658176 kB
VmallocUsed:      136240 kB
VmallocChunk:   251445372 kB
Time pass: 361 sec

---2015-10-26 11:04:01
MemTotal:        2899420 kB
MemFree:           76836 kB
Buffers:           63228 kB
Cached:           674192 kB
SwapCached:         1700 kB
Active:          1448676 kB
Inactive:         518972 kB
Active(anon):     995256 kB
Inactive(anon):   250236 kB
Active(file):     453420 kB
Inactive(file):   268736 kB
Unevictable:       13556 kB
Mlocked:               0 kB
SwapTotal:        721780 kB
SwapFree:         611096 kB
Dirty:                32 kB
Writeback:             0 kB
AnonPages:       1242552 kB
Mapped:           470028 kB
Shmem:              1708 kB
Slab:             104480 kB
SReclaimable:      33832 kB
SUnreclaim:        70648 kB
KernelStack:       40544 kB
PageTables:        50824 kB
NFS_Unstable:          0 kB
Bounce:                0 kB
WritebackTmp:          0 kB
CommitLimit:     2171488 kB
Committed_AS:   115527548 kB
VmallocTotal:   251658176 kB
VmallocUsed:      136240 kB
VmallocChunk:   251445372 kB
Time pass: 365 sec

---2015-10-26 11:04:01
MemTotal:        2899420 kB
MemFree:           76056 kB
Buffers:           63228 kB
Cached:           674192 kB
SwapCached:         1700 kB
Active:          1448800 kB
Inactive:         518964 kB
Active(anon):     995372 kB
Inactive(anon):   250236 kB
Active(file):     453428 kB
Inactive(file):   268728 kB
Unevictable:       13556 kB
Mlocked:               0 kB
SwapTotal:        721780 kB
SwapFree:         611096 kB
Dirty:                32 kB
Writeback:             0 kB
AnonPages:       1242608 kB
Mapped:           470040 kB
Shmem:              1708 kB
Slab:             104476 kB
SReclaimable:      33832 kB
SUnreclaim:        70644 kB
KernelStack:       40560 kB
PageTables:        50820 kB
NFS_Unstable:          0 kB
Bounce:                0 kB
WritebackTmp:          0 kB
CommitLimit:     2171488 kB
Committed_AS:   115527548 kB
VmallocTotal:   251658176 kB
VmallocUsed:      136240 kB
VmallocChunk:   251445372 kB
Time pass: 369 sec

---2015-10-26 11:04:01
MemTotal:        2899420 kB
MemFree:           76144 kB
Buffers:           63228 kB
Cached:           674192 kB
SwapCached:         1700 kB
Active:          1449040 kB
Inactive:         518964 kB
Active(anon):     995612 kB
Inactive(anon):   250236 kB
Active(file):     453428 kB
Inactive(file):   268728 kB
Unevictable:       13556 kB
Mlocked:               0 kB
SwapTotal:        721780 kB
SwapFree:         611096 kB
Dirty:                 0 kB
Writeback:             0 kB
AnonPages:       1242936 kB
Mapped:           470048 kB
Shmem:              1708 kB
Slab:             104476 kB
SReclaimable:      33832 kB
SUnreclaim:        70644 kB
KernelStack:       40544 kB
PageTables:        50820 kB
NFS_Unstable:          0 kB
Bounce:                0 kB
WritebackTmp:          0 kB
CommitLimit:     2171488 kB
Committed_AS:   115527540 kB
VmallocTotal:   251658176 kB
VmallocUsed:      136240 kB
VmallocChunk:   251445372 kB
Time pass: 373 sec

---2015-10-26 11:04:01
MemTotal:        2899420 kB
MemFree:           75216 kB
Buffers:           63240 kB
Cached:           674192 kB
SwapCached:         1700 kB
Active:          1449780 kB
Inactive:         518972 kB
Active(anon):     996348 kB
Inactive(anon):   250236 kB
Active(file):     453432 kB
Inactive(file):   268736 kB
Unevictable:       13556 kB
Mlocked:               0 kB
SwapTotal:        721780 kB
SwapFree:         611096 kB
Dirty:                40 kB
Writeback:             0 kB
AnonPages:       1243756 kB
Mapped:           470072 kB
Shmem:              1708 kB
Slab:             104476 kB
SReclaimable:      33832 kB
SUnreclaim:        70644 kB
KernelStack:       40544 kB
PageTables:        50824 kB
NFS_Unstable:          0 kB
Bounce:                0 kB
WritebackTmp:          0 kB
CommitLimit:     2171488 kB
Committed_AS:   115527556 kB
VmallocTotal:   251658176 kB
VmallocUsed:      136240 kB
VmallocChunk:   251445372 kB
Time pass: 380 sec

---2015-10-26 11:04:01
MemTotal:        2899420 kB
MemFree:           74876 kB
Buffers:           63248 kB
Cached:           674192 kB
SwapCached:         1700 kB
Active:          1449700 kB
Inactive:         518980 kB
Active(anon):     996268 kB
Inactive(anon):   250236 kB
Active(file):     453432 kB
Inactive(file):   268744 kB
Unevictable:       13556 kB
Mlocked:               0 kB
SwapTotal:        721780 kB
SwapFree:         611096 kB
Dirty:                32 kB
Writeback:             0 kB
AnonPages:       1243468 kB
Mapped:           470072 kB
Shmem:              1708 kB
Slab:             104476 kB
SReclaimable:      33832 kB
SUnreclaim:        70644 kB
KernelStack:       40560 kB
PageTables:        50824 kB
NFS_Unstable:          0 kB
Bounce:                0 kB
WritebackTmp:          0 kB
CommitLimit:     2171488 kB
Committed_AS:   115527532 kB
VmallocTotal:   251658176 kB
VmallocUsed:      136240 kB
VmallocChunk:   251445372 kB
Time pass: 385 sec

---2015-10-26 11:04:01
MemTotal:        2899420 kB
MemFree:           74440 kB
Buffers:           63248 kB
Cached:           674192 kB
SwapCached:         1700 kB
Active:          1450052 kB
Inactive:         518980 kB
Active(anon):     996620 kB
Inactive(anon):   250236 kB
Active(file):     453432 kB
Inactive(file):   268744 kB
Unevictable:       13556 kB
Mlocked:               0 kB
SwapTotal:        721780 kB
SwapFree:         611096 kB
Dirty:                 8 kB
Writeback:             0 kB
AnonPages:       1243848 kB
Mapped:           470080 kB
Shmem:              1708 kB
Slab:             104504 kB
SReclaimable:      33832 kB
SUnreclaim:        70672 kB
KernelStack:       40544 kB
PageTables:        50824 kB
NFS_Unstable:          0 kB
Bounce:                0 kB
WritebackTmp:          0 kB
CommitLimit:     2171488 kB
Committed_AS:   115527564 kB
VmallocTotal:   251658176 kB
VmallocUsed:      136240 kB
VmallocChunk:   251445372 kB
Time pass: 389 sec

---2015-10-26 11:04:01
MemTotal:        2899420 kB
MemFree:           74196 kB
Buffers:           63260 kB
Cached:           674192 kB
SwapCached:         1700 kB
Active:          1450572 kB
Inactive:         518988 kB
Active(anon):     997136 kB
Inactive(anon):   250236 kB
Active(file):     453436 kB
Inactive(file):   268752 kB
Unevictable:       13556 kB
Mlocked:               0 kB
SwapTotal:        721780 kB
SwapFree:         611096 kB
Dirty:                64 kB
Writeback:             0 kB
AnonPages:       1244328 kB
Mapped:           470112 kB
Shmem:              1708 kB
Slab:             104504 kB
SReclaimable:      33832 kB
SUnreclaim:        70672 kB
KernelStack:       40560 kB
PageTables:        50820 kB
NFS_Unstable:          0 kB
Bounce:                0 kB
WritebackTmp:          0 kB
CommitLimit:     2171488 kB
Committed_AS:   115527564 kB
VmallocTotal:   251658176 kB
VmallocUsed:      136240 kB
VmallocChunk:   251445372 kB
Time pass: 397 sec

---2015-10-26 11:04:01
MemTotal:        2899420 kB
MemFree:           73912 kB
Buffers:           63268 kB
Cached:           674192 kB
SwapCached:         1700 kB
Active:          1450680 kB
Inactive:         518996 kB
Active(anon):     997244 kB
Inactive(anon):   250236 kB
Active(file):     453436 kB
Inactive(file):   268760 kB
Unevictable:       13556 kB
Mlocked:               0 kB
SwapTotal:        721780 kB
SwapFree:         611096 kB
Dirty:                28 kB
Writeback:             0 kB
AnonPages:       1244424 kB
Mapped:           470112 kB
Shmem:              1708 kB
Slab:             104520 kB
SReclaimable:      33848 kB
SUnreclaim:        70672 kB
KernelStack:       40560 kB
PageTables:        50824 kB
NFS_Unstable:          0 kB
Bounce:                0 kB
WritebackTmp:          0 kB
CommitLimit:     2171488 kB
Committed_AS:   115527532 kB
VmallocTotal:   251658176 kB
VmallocUsed:      136240 kB
VmallocChunk:   251445372 kB
Time pass: 402 sec

---2015-10-26 11:04:01
MemTotal:        2899420 kB
MemFree:           73200 kB
Buffers:           63292 kB
Cached:           674184 kB
SwapCached:         1700 kB
Active:          1451184 kB
Inactive:         519012 kB
Active(anon):     997748 kB
Inactive(anon):   250236 kB
Active(file):     453436 kB
Inactive(file):   268776 kB
Unevictable:       13556 kB
Mlocked:               0 kB
SwapTotal:        721780 kB
SwapFree:         611096 kB
Dirty:                32 kB
Writeback:             0 kB
AnonPages:       1245144 kB
Mapped:           470124 kB
Shmem:              1708 kB
Slab:             104532 kB
SReclaimable:      33848 kB
SUnreclaim:        70684 kB
KernelStack:       40512 kB
PageTables:        50824 kB
NFS_Unstable:          0 kB
Bounce:                0 kB
WritebackTmp:          0 kB
CommitLimit:     2171488 kB
Committed_AS:   115527548 kB
VmallocTotal:   251658176 kB
VmallocUsed:      136240 kB
VmallocChunk:   251445372 kB
Time pass: 414 sec

---2015-10-26 11:04:01
MemTotal:        2899420 kB
MemFree:           72596 kB
Buffers:           63300 kB
Cached:           674184 kB
SwapCached:         1700 kB
Active:          1452348 kB
Inactive:         519020 kB
Active(anon):     998912 kB
Inactive(anon):   250236 kB
Active(file):     453436 kB
Inactive(file):   268784 kB
Unevictable:       13556 kB
Mlocked:               0 kB
SwapTotal:        721780 kB
SwapFree:         611096 kB
Dirty:                12 kB
Writeback:             0 kB
AnonPages:       1246268 kB
Mapped:           470048 kB
Shmem:              1708 kB
Slab:             104520 kB
SReclaimable:      33848 kB
SUnreclaim:        70672 kB
KernelStack:       40528 kB
PageTables:        50792 kB
NFS_Unstable:          0 kB
Bounce:                0 kB
WritebackTmp:          0 kB
CommitLimit:     2171488 kB
Committed_AS:   115527548 kB
VmallocTotal:   251658176 kB
VmallocUsed:      136240 kB
VmallocChunk:   251445372 kB
Time pass: 421 sec

---2015-10-26 11:04:01
MemTotal:        2899420 kB
MemFree:           71484 kB
Buffers:           63316 kB
Cached:           674192 kB
SwapCached:         1700 kB
Active:          1452844 kB
Inactive:         519040 kB
Active(anon):     999404 kB
Inactive(anon):   250236 kB
Active(file):     453440 kB
Inactive(file):   268804 kB
Unevictable:       13556 kB
Mlocked:               0 kB
SwapTotal:        721780 kB
SwapFree:         611096 kB
Dirty:                 0 kB
Writeback:             0 kB
AnonPages:       1246884 kB
Mapped:           469996 kB
Shmem:              1708 kB
Slab:             104508 kB
SReclaimable:      33848 kB
SUnreclaim:        70660 kB
KernelStack:       40560 kB
PageTables:        50764 kB
NFS_Unstable:          0 kB
Bounce:                0 kB
WritebackTmp:          0 kB
CommitLimit:     2171488 kB
Committed_AS:   115531644 kB
VmallocTotal:   251658176 kB
VmallocUsed:      136240 kB
VmallocChunk:   251445372 kB
Time pass: 428 sec

---2015-10-26 11:04:01
MemTotal:        2899420 kB
MemFree:           71252 kB
Buffers:           63316 kB
Cached:           674192 kB
SwapCached:         1700 kB
Active:          1452940 kB
Inactive:         519036 kB
Active(anon):     999496 kB
Inactive(anon):   250236 kB
Active(file):     453444 kB
Inactive(file):   268800 kB
Unevictable:       13556 kB
Mlocked:               0 kB
SwapTotal:        721780 kB
SwapFree:         611096 kB
Dirty:                32 kB
Writeback:             0 kB
AnonPages:       1247040 kB
Mapped:           470096 kB
Shmem:              1708 kB
Slab:             104524 kB
SReclaimable:      33848 kB
SUnreclaim:        70676 kB
KernelStack:       40544 kB
PageTables:        50788 kB
NFS_Unstable:          0 kB
Bounce:                0 kB
WritebackTmp:          0 kB
CommitLimit:     2171488 kB
Committed_AS:   115531588 kB
VmallocTotal:   251658176 kB
VmallocUsed:      136240 kB
VmallocChunk:   251445372 kB
Time pass: 432 sec

---2015-10-26 11:04:01
MemTotal:        2899420 kB
MemFree:           71628 kB
Buffers:           63316 kB
Cached:           674192 kB
SwapCached:         1700 kB
Active:          1453248 kB
Inactive:         519036 kB
Active(anon):     999804 kB
Inactive(anon):   250236 kB
Active(file):     453444 kB
Inactive(file):   268800 kB
Unevictable:       13556 kB
Mlocked:               0 kB
SwapTotal:        721780 kB
SwapFree:         611096 kB
Dirty:                 0 kB
Writeback:             0 kB
AnonPages:       1247080 kB
Mapped:           470104 kB
Shmem:              1708 kB
Slab:             104528 kB
SReclaimable:      33848 kB
SUnreclaim:        70680 kB
KernelStack:       40544 kB
PageTables:        50788 kB
NFS_Unstable:          0 kB
Bounce:                0 kB
WritebackTmp:          0 kB
CommitLimit:     2171488 kB
Committed_AS:   115531588 kB
VmallocTotal:   251658176 kB
VmallocUsed:      136240 kB
VmallocChunk:   251445372 kB
Time pass: 437 sec

---2015-10-26 11:04:01
MemTotal:        2899420 kB
MemFree:           71208 kB
Buffers:           63320 kB
Cached:           674192 kB
SwapCached:         1700 kB
Active:          1453384 kB
Inactive:         519040 kB
Active(anon):     999940 kB
Inactive(anon):   250236 kB
Active(file):     453444 kB
Inactive(file):   268804 kB
Unevictable:       13556 kB
Mlocked:               0 kB
SwapTotal:        721780 kB
SwapFree:         611096 kB
Dirty:                28 kB
Writeback:             0 kB
AnonPages:       1247276 kB
Mapped:           470116 kB
Shmem:              1708 kB
Slab:             104524 kB
SReclaimable:      33848 kB
SUnreclaim:        70676 kB
KernelStack:       40544 kB
PageTables:        50792 kB
NFS_Unstable:          0 kB
Bounce:                0 kB
WritebackTmp:          0 kB
CommitLimit:     2171488 kB
Committed_AS:   115531596 kB
VmallocTotal:   251658176 kB
VmallocUsed:      136240 kB
VmallocChunk:   251445372 kB
Time pass: 441 sec

---2015-10-26 11:04:01
MemTotal:        2899420 kB
MemFree:           71188 kB
Buffers:           63324 kB
Cached:           674188 kB
SwapCached:         1700 kB
Active:          1453360 kB
Inactive:         519036 kB
Active(anon):     999912 kB
Inactive(anon):   250236 kB
Active(file):     453448 kB
Inactive(file):   268800 kB
Unevictable:       13556 kB
Mlocked:               0 kB
SwapTotal:        721780 kB
SwapFree:         611096 kB
Dirty:                36 kB
Writeback:             0 kB
AnonPages:       1247252 kB
Mapped:           470044 kB
Shmem:              1708 kB
Slab:             104632 kB
SReclaimable:      33848 kB
SUnreclaim:        70784 kB
KernelStack:       40544 kB
PageTables:        50764 kB
NFS_Unstable:          0 kB
Bounce:                0 kB
WritebackTmp:          0 kB
CommitLimit:     2171488 kB
Committed_AS:   115531604 kB
VmallocTotal:   251658176 kB
VmallocUsed:      136240 kB
VmallocChunk:   251445372 kB
Time pass: 445 sec

---2015-10-26 11:04:01
MemTotal:        2899420 kB
MemFree:           70904 kB
Buffers:           63324 kB
Cached:           674192 kB
SwapCached:         1700 kB
Active:          1453776 kB
Inactive:         519040 kB
Active(anon):    1000328 kB
Inactive(anon):   250236 kB
Active(file):     453448 kB
Inactive(file):   268804 kB
Unevictable:       13556 kB
Mlocked:               0 kB
SwapTotal:        721780 kB
SwapFree:         611096 kB
Dirty:                36 kB
Writeback:             0 kB
AnonPages:       1247540 kB
Mapped:           470148 kB
Shmem:              1708 kB
Slab:             104524 kB
SReclaimable:      33848 kB
SUnreclaim:        70676 kB
KernelStack:       40544 kB
PageTables:        50792 kB
NFS_Unstable:          0 kB
Bounce:                0 kB
WritebackTmp:          0 kB
CommitLimit:     2171488 kB
Committed_AS:   115531620 kB
VmallocTotal:   251658176 kB
VmallocUsed:      136240 kB
VmallocChunk:   251445372 kB
Time pass: 449 sec

---2015-10-26 11:04:01
MemTotal:        2899420 kB
MemFree:           70656 kB
Buffers:           63324 kB
Cached:           674192 kB
SwapCached:         1700 kB
Active:          1454144 kB
Inactive:         519040 kB
Active(anon):    1000696 kB
Inactive(anon):   250236 kB
Active(file):     453448 kB
Inactive(file):   268804 kB
Unevictable:       13556 kB
Mlocked:               0 kB
SwapTotal:        721780 kB
SwapFree:         611096 kB
Dirty:                 0 kB
Writeback:             0 kB
AnonPages:       1247784 kB
Mapped:           470160 kB
Shmem:              1708 kB
Slab:             104556 kB
SReclaimable:      33848 kB
SUnreclaim:        70708 kB
KernelStack:       40560 kB
PageTables:        50792 kB
NFS_Unstable:          0 kB
Bounce:                0 kB
WritebackTmp:          0 kB
CommitLimit:     2171488 kB
Committed_AS:   115531596 kB
VmallocTotal:   251658176 kB
VmallocUsed:      136240 kB
VmallocChunk:   251445372 kB
Time pass: 453 sec

---2015-10-26 11:04:01
MemTotal:        2899420 kB
MemFree:           69444 kB
Buffers:           63328 kB
Cached:           674192 kB
SwapCached:         1700 kB
Active:          1454188 kB
Inactive:         519032 kB
Active(anon):    1000728 kB
Inactive(anon):   250236 kB
Active(file):     453460 kB
Inactive(file):   268796 kB
Unevictable:       13556 kB
Mlocked:               0 kB
SwapTotal:        721780 kB
SwapFree:         611096 kB
Dirty:                40 kB
Writeback:             0 kB
AnonPages:       1248032 kB
Mapped:           470168 kB
Shmem:              1708 kB
Slab:             104524 kB
SReclaimable:      33848 kB
SUnreclaim:        70676 kB
KernelStack:       40544 kB
PageTables:        50792 kB
NFS_Unstable:          0 kB
Bounce:                0 kB
WritebackTmp:          0 kB
CommitLimit:     2171488 kB
Committed_AS:   115531612 kB
VmallocTotal:   251658176 kB
VmallocUsed:      136252 kB
VmallocChunk:   251445372 kB
Time pass: 457 sec

---2015-10-26 11:04:01
MemTotal:        2899420 kB
MemFree:           69120 kB
Buffers:           63336 kB
