---2015-11-19 19:35:53
MemTotal:        1745540 kB
MemFree:           82280 kB
Buffers:            8256 kB
Cached:           458168 kB
SwapCached:        26788 kB
Active:           627768 kB
Inactive:         657748 kB
Active(anon):     407592 kB
Inactive(anon):   417144 kB
Active(file):     220176 kB
Inactive(file):   240604 kB
Unevictable:        3816 kB
Mlocked:               0 kB
HighTotal:       1217536 kB
HighFree:          46148 kB
LowTotal:         528004 kB
LowFree:           36132 kB
SwapTotal:       1310716 kB
SwapFree:         872072 kB
Dirty:                 0 kB
Writeback:             0 kB
AnonPages:        803024 kB
Mapped:           234168 kB
Shmem:              1828 kB
Slab:              56476 kB
SReclaimable:      15444 kB
SUnreclaim:        41032 kB
KernelStack:       15304 kB
PageTables:        54932 kB
NFS_Unstable:          0 kB
Bounce:                0 kB
WritebackTmp:          0 kB
CommitLimit:     2183484 kB
Committed_AS:   134311608 kB
VmallocTotal:     311296 kB
VmallocUsed:       35432 kB
VmallocChunk:     136204 kB
Time pass: 3 sec

---2015-11-19 19:35:53
MemTotal:        1745540 kB
MemFree:           70576 kB
Buffers:            8416 kB
Cached:           460040 kB
SwapCached:        26792 kB
Active:           635856 kB
Inactive:         659564 kB
Active(anon):     415616 kB
Inactive(anon):   417124 kB
Active(file):     220240 kB
Inactive(file):   242440 kB
Unevictable:        3816 kB
Mlocked:               0 kB
HighTotal:       1217536 kB
HighFree:          35364 kB
LowTotal:         528004 kB
LowFree:           35212 kB
SwapTotal:       1310716 kB
SwapFree:         872084 kB
Dirty:                40 kB
Writeback:             0 kB
AnonPages:        811056 kB
Mapped:           234744 kB
Shmem:              1824 kB
Slab:              56544 kB
SReclaimable:      15444 kB
SUnreclaim:        41100 kB
KernelStack:       15544 kB
PageTables:        54964 kB
NFS_Unstable:          0 kB
Bounce:                0 kB
WritebackTmp:          0 kB
CommitLimit:     2183484 kB
Committed_AS:   134318824 kB
VmallocTotal:     311296 kB
VmallocUsed:       35568 kB
VmallocChunk:     136204 kB
Time pass: 7 sec

---2015-11-19 19:35:53
MemTotal:        1745540 kB
MemFree:           68644 kB
Buffers:            8480 kB
Cached:           461464 kB
SwapCached:        27360 kB
Active:           636548 kB
Inactive:         662712 kB
Active(anon):     416200 kB
Inactive(anon):   418760 kB
Active(file):     220348 kB
Inactive(file):   243952 kB
Unevictable:        3816 kB
Mlocked:               0 kB
HighTotal:       1217536 kB
HighFree:          32772 kB
LowTotal:         528004 kB
LowFree:           35872 kB
SwapTotal:       1310716 kB
SwapFree:         873276 kB
Dirty:               112 kB
Writeback:             0 kB
AnonPages:        813284 kB
Mapped:           235152 kB
Shmem:              1828 kB
Slab:              56508 kB
SReclaimable:      15452 kB
SUnreclaim:        41056 kB
KernelStack:       15376 kB
PageTables:        54988 kB
NFS_Unstable:          0 kB
Bounce:                0 kB
WritebackTmp:          0 kB
CommitLimit:     2183484 kB
Committed_AS:   134320128 kB
VmallocTotal:     311296 kB
VmallocUsed:       35432 kB
VmallocChunk:     136204 kB
Time pass: 11 sec

---2015-11-19 19:35:53
MemTotal:        1745540 kB
MemFree:           73448 kB
Buffers:            8488 kB
Cached:           461496 kB
SwapCached:        27360 kB
Active:           631536 kB
Inactive:         662764 kB
Active(anon):     411188 kB
Inactive(anon):   418780 kB
Active(file):     220348 kB
Inactive(file):   243984 kB
Unevictable:        3816 kB
Mlocked:               0 kB
HighTotal:       1217536 kB
HighFree:          37604 kB
LowTotal:         528004 kB
LowFree:           35844 kB
SwapTotal:       1310716 kB
SwapFree:         873288 kB
Dirty:                40 kB
Writeback:             0 kB
AnonPages:        808296 kB
Mapped:           235156 kB
Shmem:              1828 kB
Slab:              56548 kB
SReclaimable:      15452 kB
SUnreclaim:        41096 kB
KernelStack:       15376 kB
PageTables:        54988 kB
NFS_Unstable:          0 kB
Bounce:                0 kB
WritebackTmp:          0 kB
CommitLimit:     2183484 kB
Committed_AS:   134317344 kB
VmallocTotal:     311296 kB
VmallocUsed:       35432 kB
VmallocChunk:     136204 kB
Time pass: 14 sec

---2015-11-19 19:35:53
MemTotal:        1745540 kB
MemFree:           73932 kB
Buffers:            8488 kB
Cached:           461768 kB
SwapCached:        27360 kB
Active:           631184 kB
Inactive:         662460 kB
Active(anon):     410836 kB
Inactive(anon):   418196 kB
Active(file):     220348 kB
Inactive(file):   244264 kB
Unevictable:        3816 kB
Mlocked:               0 kB
HighTotal:       1217536 kB
HighFree:          38088 kB
LowTotal:         528004 kB
LowFree:           35844 kB
SwapTotal:       1310716 kB
SwapFree:         873292 kB
Dirty:                 0 kB
Writeback:             0 kB
AnonPages:        807356 kB
Mapped:           235216 kB
Shmem:              1828 kB
Slab:              56548 kB
SReclaimable:      15452 kB
SUnreclaim:        41096 kB
KernelStack:       15376 kB
PageTables:        54988 kB
NFS_Unstable:          0 kB
Bounce:                0 kB
WritebackTmp:          0 kB
CommitLimit:     2183484 kB
Committed_AS:   134317424 kB
VmallocTotal:     311296 kB
VmallocUsed:       35432 kB
VmallocChunk:     136204 kB
Time pass: 18 sec

---2015-11-19 19:35:53
MemTotal:        1745540 kB
MemFree:           73056 kB
Buffers:            8488 kB
Cached:           462472 kB
SwapCached:        27360 kB
Active:           631500 kB
Inactive:         663164 kB
Active(anon):     411152 kB
Inactive(anon):   418196 kB
Active(file):     220348 kB
Inactive(file):   244968 kB
Unevictable:        3816 kB
Mlocked:               0 kB
HighTotal:       1217536 kB
HighFree:          37260 kB
LowTotal:         528004 kB
LowFree:           35796 kB
SwapTotal:       1310716 kB
SwapFree:         873292 kB
Dirty:                 0 kB
Writeback:             0 kB
AnonPages:        807656 kB
Mapped:           235216 kB
Shmem:              1828 kB
Slab:              56548 kB
SReclaimable:      15452 kB
SUnreclaim:        41096 kB
KernelStack:       15376 kB
PageTables:        54988 kB
NFS_Unstable:          0 kB
Bounce:                0 kB
WritebackTmp:          0 kB
CommitLimit:     2183484 kB
Committed_AS:   134318468 kB
VmallocTotal:     311296 kB
VmallocUsed:       35432 kB
VmallocChunk:     136204 kB
Time pass: 21 sec

---2015-11-19 19:35:53
MemTotal:        1745540 kB
MemFree:           46496 kB
Buffers:            7516 kB
Cached:           388744 kB
SwapCached:        47032 kB
Active:           614764 kB
Inactive:         613976 kB
Active(anon):     419484 kB
Inactive(anon):   418768 kB
Active(file):     195280 kB
Inactive(file):   195208 kB
Unevictable:        3816 kB
Mlocked:               0 kB
HighTotal:       1217536 kB
HighFree:          20096 kB
LowTotal:         528004 kB
LowFree:           26400 kB
SwapTotal:       1310716 kB
SwapFree:         822288 kB
Dirty:              1200 kB
Writeback:             0 kB
AnonPages:        815276 kB
Mapped:           246480 kB
Shmem:              1960 kB
Slab:              57332 kB
SReclaimable:      15616 kB
SUnreclaim:        41716 kB
KernelStack:       16080 kB
PageTables:        56096 kB
NFS_Unstable:          0 kB
Bounce:                0 kB
WritebackTmp:          0 kB
CommitLimit:     2183484 kB
Committed_AS:   135921236 kB
VmallocTotal:     311296 kB
VmallocUsed:       35692 kB
VmallocChunk:     136204 kB
Time pass: 25 sec

---2015-11-19 19:35:53
MemTotal:        1745540 kB
MemFree:           55712 kB
Buffers:            7432 kB
Cached:           353340 kB
SwapCached:        49160 kB
Active:           576044 kB
Inactive:         585648 kB
Active(anon):     401116 kB
Inactive(anon):   405620 kB
Active(file):     174928 kB
Inactive(file):   180028 kB
Unevictable:        3816 kB
Mlocked:               0 kB
HighTotal:       1217536 kB
HighFree:          26896 kB
LowTotal:         528004 kB
LowFree:           28816 kB
SwapTotal:       1310716 kB
SwapFree:         798452 kB
Dirty:                12 kB
Writeback:             0 kB
AnonPages:        785968 kB
Mapped:           280272 kB
Shmem:              1960 kB
Slab:              57584 kB
SReclaimable:      15584 kB
SUnreclaim:        42000 kB
KernelStack:       15936 kB
PageTables:        56280 kB
NFS_Unstable:          0 kB
Bounce:                0 kB
WritebackTmp:          0 kB
CommitLimit:     2183484 kB
Committed_AS:   135917156 kB
VmallocTotal:     311296 kB
VmallocUsed:       35872 kB
VmallocChunk:     136204 kB
Time pass: 30 sec

---2015-11-19 19:35:53
MemTotal:        1745540 kB
MemFree:           61240 kB
Buffers:            7448 kB
Cached:           354040 kB
SwapCached:        48376 kB
Active:           574156 kB
Inactive:         581756 kB
Active(anon):     399212 kB
Inactive(anon):   400988 kB
Active(file):     174944 kB
Inactive(file):   180768 kB
Unevictable:        3816 kB
Mlocked:               0 kB
HighTotal:       1217536 kB
HighFree:          31256 kB
LowTotal:         528004 kB
LowFree:           29984 kB
SwapTotal:       1310716 kB
SwapFree:         799376 kB
Dirty:               108 kB
Writeback:             0 kB
AnonPages:        779396 kB
Mapped:           280304 kB
Shmem:              1960 kB
Slab:              57580 kB
SReclaimable:      15584 kB
SUnreclaim:        41996 kB
KernelStack:       15936 kB
PageTables:        56280 kB
NFS_Unstable:          0 kB
Bounce:                0 kB
WritebackTmp:          0 kB
CommitLimit:     2183484 kB
Committed_AS:   135917292 kB
VmallocTotal:     311296 kB
VmallocUsed:       35872 kB
VmallocChunk:     136204 kB
Time pass: 33 sec

---2015-11-19 19:35:53
MemTotal:        1745540 kB
MemFree:           87300 kB
Buffers:            5736 kB
Cached:           345612 kB
SwapCached:        52744 kB
Active:           560388 kB
Inactive:         549800 kB
Active(anon):     387612 kB
Inactive(anon):   377004 kB
Active(file):     172776 kB
Inactive(file):   172796 kB
Unevictable:        3816 kB
Mlocked:               0 kB
HighTotal:       1217536 kB
HighFree:          57120 kB
LowTotal:         528004 kB
LowFree:           30180 kB
SwapTotal:       1310716 kB
SwapFree:         789288 kB
Dirty:               128 kB
Writeback:             0 kB
AnonPages:        742312 kB
Mapped:           289760 kB
Shmem:              1956 kB
Slab:              57588 kB
SReclaimable:      15552 kB
SUnreclaim:        42036 kB
KernelStack:       15864 kB
PageTables:        55436 kB
NFS_Unstable:          0 kB
Bounce:                0 kB
WritebackTmp:          0 kB
CommitLimit:     2183484 kB
Committed_AS:   132858272 kB
VmallocTotal:     311296 kB
VmallocUsed:       34240 kB
VmallocChunk:     136204 kB
Time pass: 37 sec

---2015-11-19 19:35:53
MemTotal:        1745540 kB
MemFree:           76068 kB
Buffers:            5744 kB
Cached:           349124 kB
SwapCached:        52780 kB
Active:           564428 kB
Inactive:         552564 kB
Active(anon):     391604 kB
Inactive(anon):   376284 kB
Active(file):     172824 kB
Inactive(file):   176280 kB
Unevictable:        3816 kB
Mlocked:               0 kB
HighTotal:       1217536 kB
HighFree:          46236 kB
LowTotal:         528004 kB
LowFree:           29832 kB
SwapTotal:       1310716 kB
SwapFree:         789456 kB
Dirty:                64 kB
Writeback:             0 kB
AnonPages:        745592 kB
Mapped:           295324 kB
Shmem:              1956 kB
Slab:              57500 kB
SReclaimable:      15552 kB
SUnreclaim:        41948 kB
KernelStack:       15816 kB
PageTables:        55408 kB
NFS_Unstable:          0 kB
Bounce:                0 kB
WritebackTmp:          0 kB
CommitLimit:     2183484 kB
Committed_AS:   132879388 kB
VmallocTotal:     311296 kB
VmallocUsed:       34144 kB
VmallocChunk:     136204 kB
Time pass: 40 sec

---2015-11-19 19:35:53
MemTotal:        1745540 kB
MemFree:           53224 kB
Buffers:            5776 kB
Cached:           354956 kB
SwapCached:        52796 kB
Active:           581352 kB
Inactive:         558224 kB
Active(anon):     408352 kB
Inactive(anon):   376400 kB
Active(file):     173000 kB
Inactive(file):   181824 kB
Unevictable:        3816 kB
Mlocked:               0 kB
HighTotal:       1217536 kB
HighFree:          23816 kB
LowTotal:         528004 kB
LowFree:           29408 kB
SwapTotal:       1310716 kB
SwapFree:         789564 kB
Dirty:               348 kB
Writeback:             0 kB
AnonPages:        762528 kB
Mapped:           302708 kB
Shmem:              1960 kB
Slab:              57736 kB
SReclaimable:      15568 kB
SUnreclaim:        42168 kB
KernelStack:       15944 kB
PageTables:        55376 kB
NFS_Unstable:          0 kB
Bounce:                0 kB
WritebackTmp:          0 kB
CommitLimit:     2183484 kB
Committed_AS:   132886404 kB
VmallocTotal:     311296 kB
VmallocUsed:       34220 kB
VmallocChunk:     136204 kB
Time pass: 44 sec

---2015-11-19 19:35:53
MemTotal:        1745540 kB
MemFree:           87396 kB
Buffers:            5784 kB
Cached:           321692 kB
SwapCached:        54816 kB
Active:           524032 kB
Inactive:         522428 kB
Active(anon):     361016 kB
Inactive(anon):   362304 kB
Active(file):     163016 kB
Inactive(file):   160124 kB
Unevictable:        3816 kB
Mlocked:               0 kB
HighTotal:       1217536 kB
HighFree:          59728 kB
LowTotal:         528004 kB
LowFree:           27668 kB
SwapTotal:       1310716 kB
SwapFree:         727896 kB
Dirty:              2372 kB
Writeback:             0 kB
AnonPages:        699252 kB
Mapped:           332408 kB
Shmem:               508 kB
Slab:              58340 kB
SReclaimable:      15624 kB
SUnreclaim:        42716 kB
KernelStack:       15864 kB
PageTables:        55504 kB
NFS_Unstable:          0 kB
Bounce:                0 kB
WritebackTmp:          0 kB
CommitLimit:     2183484 kB
Committed_AS:   132895916 kB
VmallocTotal:     311296 kB
VmallocUsed:       34276 kB
VmallocChunk:     136204 kB
Time pass: 48 sec

---2015-11-19 19:35:53
MemTotal:        1745540 kB
MemFree:           87216 kB
Buffers:            5792 kB
Cached:           321696 kB
SwapCached:        54816 kB
Active:           524268 kB
Inactive:         522400 kB
Active(anon):     361212 kB
Inactive(anon):   362296 kB
Active(file):     163056 kB
Inactive(file):   160104 kB
Unevictable:        3816 kB
Mlocked:               0 kB
HighTotal:       1217536 kB
HighFree:          59676 kB
LowTotal:         528004 kB
LowFree:           27540 kB
SwapTotal:       1310716 kB
SwapFree:         727912 kB
Dirty:                76 kB
Writeback:             0 kB
AnonPages:        699428 kB
Mapped:           332408 kB
Shmem:               508 kB
Slab:              58460 kB
SReclaimable:      15620 kB
SUnreclaim:        42840 kB
KernelStack:       15864 kB
PageTables:        55504 kB
NFS_Unstable:          0 kB
Bounce:                0 kB
WritebackTmp:          0 kB
CommitLimit:     2183484 kB
Committed_AS:   132896116 kB
VmallocTotal:     311296 kB
VmallocUsed:       34276 kB
VmallocChunk:     136204 kB
Time pass: 52 sec

---2015-11-19 19:35:53
MemTotal:        1745540 kB
MemFree:           87432 kB
Buffers:            5852 kB
Cached:           315332 kB
SwapCached:        54700 kB
Active:           516824 kB
Inactive:         514468 kB
Active(anon):     357004 kB
Inactive(anon):   357448 kB
Active(file):     159820 kB
Inactive(file):   157020 kB
Unevictable:        3816 kB
Mlocked:               0 kB
HighTotal:       1217536 kB
HighFree:          60264 kB
LowTotal:         528004 kB
LowFree:           27168 kB
SwapTotal:       1310716 kB
SwapFree:         716516 kB
Dirty:               360 kB
Writeback:             0 kB
AnonPages:        690312 kB
Mapped:           340960 kB
Shmem:               508 kB
Slab:              58476 kB
SReclaimable:      15592 kB
SUnreclaim:        42884 kB
KernelStack:       15888 kB
PageTables:        55536 kB
NFS_Unstable:          0 kB
Bounce:                0 kB
WritebackTmp:          0 kB
CommitLimit:     2183484 kB
Committed_AS:   132896428 kB
VmallocTotal:     311296 kB
VmallocUsed:       34520 kB
VmallocChunk:     136204 kB
Time pass: 56 sec

---2015-11-19 19:35:53
MemTotal:        1745540 kB
MemFree:           72648 kB
Buffers:            5860 kB
Cached:           312412 kB
SwapCached:        54580 kB
Active:           519636 kB
Inactive:         517880 kB
Active(anon):     361320 kB
Inactive(anon):   362252 kB
Active(file):     158316 kB
Inactive(file):   155628 kB
Unevictable:        3816 kB
Mlocked:               0 kB
HighTotal:       1217536 kB
HighFree:          45460 kB
LowTotal:         528004 kB
LowFree:           27188 kB
SwapTotal:       1310716 kB
SwapFree:         712780 kB
Dirty:               528 kB
Writeback:             0 kB
AnonPages:        699832 kB
Mapped:           345476 kB
Shmem:               508 kB
Slab:              58688 kB
SReclaimable:      15600 kB
SUnreclaim:        43088 kB
KernelStack:       16016 kB
PageTables:        55552 kB
NFS_Unstable:          0 kB
Bounce:                0 kB
WritebackTmp:          0 kB
CommitLimit:     2183484 kB
Committed_AS:   132905180 kB
VmallocTotal:     311296 kB
VmallocUsed:       34536 kB
VmallocChunk:     136204 kB
Time pass: 59 sec

---2015-11-19 19:35:53
MemTotal:        1745540 kB
MemFree:           84764 kB
Buffers:            5860 kB
Cached:           302444 kB
SwapCached:        54792 kB
Active:           508100 kB
Inactive:         504644 kB
Active(anon):     354956 kB
Inactive(anon):   353648 kB
Active(file):     153144 kB
Inactive(file):   150996 kB
Unevictable:        3816 kB
Mlocked:               0 kB
HighTotal:       1217536 kB
HighFree:          53792 kB
LowTotal:         528004 kB
LowFree:           30972 kB
SwapTotal:       1310716 kB
SwapFree:         699592 kB
Dirty:               560 kB
Writeback:             0 kB
AnonPages:        684644 kB
Mapped:           347444 kB
Shmem:               228 kB
Slab:              58912 kB
SReclaimable:      15616 kB
SUnreclaim:        43296 kB
KernelStack:       15928 kB
PageTables:        55592 kB
NFS_Unstable:          0 kB
Bounce:                0 kB
WritebackTmp:          0 kB
CommitLimit:     2183484 kB
Committed_AS:   132904324 kB
VmallocTotal:     311296 kB
VmallocUsed:       34604 kB
VmallocChunk:     136204 kB
Time pass: 63 sec

---2015-11-19 19:35:53
MemTotal:        1745540 kB
MemFree:           67308 kB
Buffers:            5852 kB
Cached:           307712 kB
SwapCached:        54956 kB
Active:           518896 kB
Inactive:         510868 kB
Active(anon):     366164 kB
Inactive(anon):   354080 kB
Active(file):     152732 kB
Inactive(file):   156788 kB
Unevictable:        3816 kB
Mlocked:               0 kB
HighTotal:       1217536 kB
HighFree:          37796 kB
LowTotal:         528004 kB
LowFree:           29512 kB
SwapTotal:       1310716 kB
SwapFree:         700164 kB
Dirty:               316 kB
Writeback:             0 kB
AnonPages:        696020 kB
Mapped:           350296 kB
Shmem:               228 kB
Slab:              59016 kB
SReclaimable:      15648 kB
SUnreclaim:        43368 kB
KernelStack:       16056 kB
PageTables:        55680 kB
NFS_Unstable:          0 kB
Bounce:                0 kB
WritebackTmp:          0 kB
CommitLimit:     2183484 kB
Committed_AS:   132923196 kB
VmallocTotal:     311296 kB
VmallocUsed:       34536 kB
VmallocChunk:     136204 kB
Time pass: 66 sec

---2015-11-19 19:35:53
MemTotal:        1745540 kB
MemFree:           63028 kB
Buffers:            5492 kB
Cached:           275912 kB
SwapCached:        55524 kB
Active:           496148 kB
Inactive:         493240 kB
Active(anon):     357736 kB
Inactive(anon):   354452 kB
Active(file):     138412 kB
Inactive(file):   138788 kB
Unevictable:        3816 kB
Mlocked:               0 kB
HighTotal:       1217536 kB
HighFree:          39588 kB
LowTotal:         528004 kB
LowFree:           23440 kB
SwapTotal:       1310716 kB
SwapFree:         679636 kB
Dirty:                44 kB
Writeback:             0 kB
AnonPages:        687872 kB
Mapped:           329780 kB
Shmem:               388 kB
Slab:              59284 kB
SReclaimable:      15648 kB
SUnreclaim:        43636 kB
KernelStack:       16248 kB
PageTables:        55884 kB
NFS_Unstable:          0 kB
Bounce:                0 kB
WritebackTmp:          0 kB
CommitLimit:     2183484 kB
Committed_AS:   132970632 kB
VmallocTotal:     311296 kB
VmallocUsed:       34604 kB
VmallocChunk:     136204 kB
Time pass: 71 sec

---2015-11-19 19:35:53
MemTotal:        1745540 kB
MemFree:           72948 kB
Buffers:            5492 kB
Cached:           253208 kB
SwapCached:        56064 kB
Active:           471832 kB
Inactive:         470228 kB
Active(anon):     344556 kB
Inactive(anon):   343228 kB
Active(file):     127276 kB
Inactive(file):   127000 kB
Unevictable:        3816 kB
Mlocked:               0 kB
HighTotal:       1217536 kB
HighFree:          48964 kB
LowTotal:         528004 kB
LowFree:           23984 kB
SwapTotal:       1310716 kB
SwapFree:         651368 kB
Dirty:                 0 kB
Writeback:             0 kB
AnonPages:        662520 kB
Mapped:           325500 kB
Shmem:               608 kB
Slab:              59580 kB
SReclaimable:      15648 kB
SUnreclaim:        43932 kB
KernelStack:       16208 kB
PageTables:        56040 kB
NFS_Unstable:          0 kB
Bounce:                0 kB
WritebackTmp:          0 kB
CommitLimit:     2183484 kB
Committed_AS:   132972876 kB
VmallocTotal:     311296 kB
VmallocUsed:       34536 kB
VmallocChunk:     136204 kB
Time pass: 75 sec

---2015-11-19 19:35:53
MemTotal:        1745540 kB
MemFree:           72448 kB
Buffers:            5492 kB
Cached:           253360 kB
SwapCached:        56060 kB
Active:           472272 kB
Inactive:         470436 kB
Active(anon):     344996 kB
Inactive(anon):   343268 kB
Active(file):     127276 kB
Inactive(file):   127168 kB
Unevictable:        3816 kB
Mlocked:               0 kB
HighTotal:       1217536 kB
HighFree:          48624 kB
LowTotal:         528004 kB
LowFree:           23824 kB
SwapTotal:       1310716 kB
SwapFree:         651388 kB
Dirty:                 0 kB
Writeback:             0 kB
AnonPages:        662976 kB
Mapped:           325360 kB
Shmem:               592 kB
Slab:              59592 kB
SReclaimable:      15648 kB
SUnreclaim:        43944 kB
KernelStack:       16216 kB
PageTables:        56040 kB
NFS_Unstable:          0 kB
Bounce:                0 kB
WritebackTmp:          0 kB
CommitLimit:     2183484 kB
Committed_AS:   132972972 kB
VmallocTotal:     311296 kB
VmallocUsed:       34536 kB
VmallocChunk:     136204 kB
Time pass: 79 sec

---2015-11-19 19:35:53
MemTotal:        1745540 kB
MemFree:           72888 kB
Buffers:            5500 kB
Cached:           253440 kB
SwapCached:        54612 kB
Active:           469764 kB
Inactive:         469984 kB
Active(anon):     342568 kB
Inactive(anon):   342708 kB
Active(file):     127196 kB
Inactive(file):   127276 kB
Unevictable:        3816 kB
Mlocked:               0 kB
HighTotal:       1217536 kB
HighFree:          49144 kB
LowTotal:         528004 kB
LowFree:           23744 kB
SwapTotal:       1310716 kB
SwapFree:         649216 kB
Dirty:                52 kB
Writeback:             0 kB
AnonPages:        659916 kB
Mapped:           324184 kB
Shmem:               644 kB
Slab:              59712 kB
SReclaimable:      15648 kB
SUnreclaim:        44064 kB
KernelStack:       16264 kB
PageTables:        56040 kB
NFS_Unstable:          0 kB
Bounce:                0 kB
WritebackTmp:          0 kB
CommitLimit:     2183484 kB
Committed_AS:   132975260 kB
VmallocTotal:     311296 kB
VmallocUsed:       34604 kB
VmallocChunk:     136204 kB
Time pass: 83 sec

---2015-11-19 19:35:53
MemTotal:        1745540 kB
MemFree:           72996 kB
Buffers:            5496 kB
Cached:           253884 kB
SwapCached:        54004 kB
Active:           469056 kB
Inactive:         470004 kB
Active(anon):     341892 kB
Inactive(anon):   342256 kB
Active(file):     127164 kB
Inactive(file):   127748 kB
Unevictable:        3816 kB
Mlocked:               0 kB
HighTotal:       1217536 kB
HighFree:          48868 kB
LowTotal:         528004 kB
LowFree:           24128 kB
SwapTotal:       1310716 kB
SwapFree:         649108 kB
Dirty:                 4 kB
Writeback:             0 kB
AnonPages:        659116 kB
Mapped:           322768 kB
Shmem:               644 kB
Slab:              59612 kB
SReclaimable:      15648 kB
SUnreclaim:        43964 kB
KernelStack:       16192 kB
PageTables:        56040 kB
NFS_Unstable:          0 kB
Bounce:                0 kB
WritebackTmp:          0 kB
CommitLimit:     2183484 kB
Committed_AS:   132975244 kB
VmallocTotal:     311296 kB
VmallocUsed:       34604 kB
VmallocChunk:     136204 kB
Time pass: 87 sec

---2015-11-19 19:35:53
MemTotal:        1745540 kB
MemFree:           91488 kB
Buffers:            4456 kB
Cached:           258584 kB
SwapCached:        48452 kB
Active:           447160 kB
Inactive:         458984 kB
Active(anon):     317648 kB
Inactive(anon):   329360 kB
Active(file):     129512 kB
Inactive(file):   129624 kB
Unevictable:        3816 kB
Mlocked:               0 kB
HighTotal:       1217536 kB
HighFree:          61652 kB
LowTotal:         528004 kB
LowFree:           29836 kB
SwapTotal:       1310716 kB
SwapFree:         625560 kB
Dirty:                48 kB
Writeback:             0 kB
AnonPages:        621100 kB
Mapped:           309164 kB
Shmem:               224 kB
Slab:              60956 kB
SReclaimable:      15648 kB
SUnreclaim:        45308 kB
KernelStack:       16072 kB
PageTables:        56020 kB
NFS_Unstable:          0 kB
Bounce:                0 kB
WritebackTmp:          0 kB
CommitLimit:     2183484 kB
Committed_AS:   134382076 kB
VmallocTotal:     311296 kB
VmallocUsed:       34604 kB
VmallocChunk:     136204 kB
Time pass: 90 sec

---2015-11-19 19:35:53
MemTotal:        1745540 kB
MemFree:          372732 kB
Buffers:            4672 kB
Cached:           275220 kB
SwapCached:        47316 kB
Active:           392388 kB
Inactive:         437516 kB
Active(anon):     258444 kB
Inactive(anon):   295460 kB
Active(file):     133944 kB
Inactive(file):   142056 kB
Unevictable:        3816 kB
Mlocked:               0 kB
HighTotal:       1217536 kB
HighFree:         287120 kB
LowTotal:         528004 kB
LowFree:           85612 kB
SwapTotal:       1310716 kB
SwapFree:         625424 kB
Dirty:               304 kB
Writeback:             0 kB
AnonPages:        526520 kB
Mapped:           146708 kB
Shmem:                88 kB
Slab:              60732 kB
SReclaimable:      15624 kB
SUnreclaim:        45108 kB
KernelStack:       15488 kB
PageTables:        54096 kB
NFS_Unstable:          0 kB
Bounce:                0 kB
WritebackTmp:          0 kB
CommitLimit:     2183484 kB
Committed_AS:   131252436 kB
VmallocTotal:     311296 kB
VmallocUsed:       30516 kB
VmallocChunk:     136204 kB
Time pass: 94 sec

---2015-11-19 19:35:53
MemTotal:        1745540 kB
MemFree:          370656 kB
Buffers:            4768 kB
Cached:           276628 kB
SwapCached:        47280 kB
Active:           391804 kB
Inactive:         439440 kB
Active(anon):     257760 kB
Inactive(anon):   295992 kB
Active(file):     134044 kB
Inactive(file):   143448 kB
Unevictable:        3816 kB
Mlocked:               0 kB
HighTotal:       1217536 kB
HighFree:         284852 kB
LowTotal:         528004 kB
LowFree:           85804 kB
SwapTotal:       1310716 kB
SwapFree:         627868 kB
Dirty:                 0 kB
Writeback:             0 kB
AnonPages:        526460 kB
Mapped:           147084 kB
Shmem:                88 kB
Slab:              60708 kB
SReclaimable:      15624 kB
SUnreclaim:        45084 kB
KernelStack:       15368 kB
PageTables:        54156 kB
NFS_Unstable:          0 kB
Bounce:                0 kB
WritebackTmp:          0 kB
CommitLimit:     2183484 kB
Committed_AS:   131253012 kB
VmallocTotal:     311296 kB
VmallocUsed:       30584 kB
VmallocChunk:     136204 kB
Time pass: 100 sec

---2015-11-19 19:35:53
MemTotal:        1745540 kB
MemFree:          374268 kB
Buffers:            4776 kB
Cached:           276636 kB
SwapCached:        47336 kB
Active:           389392 kB
Inactive:         439560 kB
Active(anon):     255348 kB
Inactive(anon):   296096 kB
Active(file):     134044 kB
Inactive(file):   143464 kB
Unevictable:        3816 kB
Mlocked:               0 kB
HighTotal:       1217536 kB
HighFree:         287980 kB
LowTotal:         528004 kB
LowFree:           86288 kB
SwapTotal:       1310716 kB
SwapFree:         627896 kB
Dirty:                44 kB
Writeback:             0 kB
AnonPages:        524020 kB
Mapped:           147040 kB
Shmem:                88 kB
Slab:              60704 kB
SReclaimable:      15624 kB
SUnreclaim:        45080 kB
KernelStack:       15360 kB
PageTables:        54176 kB
NFS_Unstable:          0 kB
Bounce:                0 kB
WritebackTmp:          0 kB
CommitLimit:     2183484 kB
Committed_AS:   131249420 kB
VmallocTotal:     311296 kB
VmallocUsed:       30448 kB
VmallocChunk:     136204 kB
Time pass: 105 sec

---2015-11-19 19:35:53
MemTotal:        1745540 kB
MemFree:          373596 kB
Buffers:            4776 kB
Cached:           276720 kB
SwapCached:        47336 kB
Active:           389588 kB
Inactive:         439912 kB
Active(anon):     255544 kB
Inactive(anon):   296364 kB
Active(file):     134044 kB
Inactive(file):   143548 kB
Unevictable:        3816 kB
Mlocked:               0 kB
HighTotal:       1217536 kB
HighFree:         287344 kB
LowTotal:         528004 kB
LowFree:           86252 kB
SwapTotal:       1310716 kB
SwapFree:         628168 kB
Dirty:                 0 kB
Writeback:             0 kB
AnonPages:        524492 kB
Mapped:           147120 kB
Shmem:                88 kB
Slab:              60700 kB
SReclaimable:      15624 kB
SUnreclaim:        45076 kB
KernelStack:       15368 kB
PageTables:        54176 kB
NFS_Unstable:          0 kB
Bounce:                0 kB
WritebackTmp:          0 kB
CommitLimit:     2183484 kB
Committed_AS:   131249540 kB
VmallocTotal:     311296 kB
VmallocUsed:       30448 kB
VmallocChunk:     136204 kB
Time pass: 108 sec

---2015-11-19 19:35:53
MemTotal:        1745540 kB
MemFree:          373616 kB
Buffers:            4776 kB
Cached:           276720 kB
SwapCached:        47336 kB
Active:           389756 kB
Inactive:         439916 kB
Active(anon):     255712 kB
Inactive(anon):   296368 kB
Active(file):     134044 kB
Inactive(file):   143548 kB
Unevictable:        3816 kB
Mlocked:               0 kB
HighTotal:       1217536 kB
HighFree:         287380 kB
LowTotal:         528004 kB
LowFree:           86236 kB
SwapTotal:       1310716 kB
SwapFree:         628172 kB
Dirty:                 0 kB
Writeback:             0 kB
AnonPages:        524636 kB
Mapped:           147132 kB
Shmem:                88 kB
Slab:              60700 kB
SReclaimable:      15624 kB
SUnreclaim:        45076 kB
KernelStack:       15352 kB
PageTables:        54160 kB
NFS_Unstable:          0 kB
Bounce:                0 kB
WritebackTmp:          0 kB
CommitLimit:     2183484 kB
Committed_AS:   131249740 kB
VmallocTotal:     311296 kB
VmallocUsed:       30448 kB
VmallocChunk:     136204 kB
Time pass: 112 sec

---2015-11-19 19:35:53
MemTotal:        1745540 kB
MemFree:          373308 kB
Buffers:            4776 kB
Cached:           276768 kB
SwapCached:        47336 kB
Active:           389848 kB
Inactive:         439964 kB
Active(anon):     255804 kB
Inactive(anon):   296368 kB
Active(file):     134044 kB
Inactive(file):   143596 kB
Unevictable:        3816 kB
Mlocked:               0 kB
HighTotal:       1217536 kB
HighFree:         287056 kB
LowTotal:         528004 kB
LowFree:           86252 kB
SwapTotal:       1310716 kB
SwapFree:         628176 kB
Dirty:                 0 kB
Writeback:             0 kB
AnonPages:        524736 kB
Mapped:           147120 kB
Shmem:                88 kB
Slab:              60696 kB
SReclaimable:      15624 kB
SUnreclaim:        45072 kB
KernelStack:       15368 kB
PageTables:        54176 kB
NFS_Unstable:          0 kB
Bounce:                0 kB
WritebackTmp:          0 kB
CommitLimit:     2183484 kB
Committed_AS:   131249820 kB
VmallocTotal:     311296 kB
VmallocUsed:       30448 kB
VmallocChunk:     136204 kB
Time pass: 116 sec

---2015-11-19 19:35:53
MemTotal:        1745540 kB
MemFree:          263704 kB
Buffers:            7076 kB
Cached:           302572 kB
SwapCached:        47532 kB
Active:           429704 kB
Inactive:         464432 kB
Active(anon):     291276 kB
Inactive(anon):   297188 kB
Active(file):     138428 kB
Inactive(file):   167244 kB
Unevictable:        3816 kB
Mlocked:               0 kB
HighTotal:       1217536 kB
HighFree:         198056 kB
LowTotal:         528004 kB
LowFree:           65648 kB
SwapTotal:       1310716 kB
SwapFree:         629052 kB
Dirty:              1020 kB
Writeback:             0 kB
AnonPages:        560960 kB
Mapped:           178252 kB
Shmem:               220 kB
Slab:              60856 kB
SReclaimable:      15644 kB
SUnreclaim:        45212 kB
KernelStack:       16000 kB
PageTables:        55140 kB
NFS_Unstable:          0 kB
Bounce:                0 kB
WritebackTmp:          0 kB
CommitLimit:     2183484 kB
Committed_AS:   132846680 kB
VmallocTotal:     311296 kB
VmallocUsed:       30852 kB
VmallocChunk:     136204 kB
Time pass: 119 sec

---2015-11-19 19:35:53
MemTotal:        1745540 kB
MemFree:          187816 kB
Buffers:            7088 kB
Cached:           305824 kB
SwapCached:        47552 kB
Active:           447836 kB
Inactive:         467536 kB
Active(anon):     308476 kB
Inactive(anon):   298032 kB
Active(file):     139360 kB
Inactive(file):   169504 kB
Unevictable:        3816 kB
Mlocked:               0 kB
HighTotal:       1217536 kB
HighFree:         122356 kB
LowTotal:         528004 kB
LowFree:           65460 kB
SwapTotal:       1310716 kB
SwapFree:         630292 kB
Dirty:               428 kB
Writeback:             0 kB
AnonPages:        578908 kB
Mapped:           227468 kB
Shmem:               224 kB
Slab:              60620 kB
SReclaimable:      15604 kB
SUnreclaim:        45016 kB
KernelStack:       16072 kB
PageTables:        55356 kB
NFS_Unstable:          0 kB
Bounce:                0 kB
WritebackTmp:          0 kB
CommitLimit:     2183484 kB
Committed_AS:   132866384 kB
VmallocTotal:     311296 kB
VmallocUsed:       31148 kB
VmallocChunk:     136204 kB
Time pass: 123 sec

---2015-11-19 19:35:53
MemTotal:        1745540 kB
MemFree:          145544 kB
Buffers:            7096 kB
Cached:           309316 kB
SwapCached:        47552 kB
Active:           451056 kB
Inactive:         469344 kB
Active(anon):     309976 kB
Inactive(anon):   298052 kB
Active(file):     141080 kB
Inactive(file):   171292 kB
Unevictable:        3816 kB
Mlocked:               0 kB
HighTotal:       1217536 kB
HighFree:          78892 kB
LowTotal:         528004 kB
LowFree:           66652 kB
SwapTotal:       1310716 kB
SwapFree:         630320 kB
Dirty:              2468 kB
Writeback:             0 kB
AnonPages:        580220 kB
Mapped:           266532 kB
Shmem:               224 kB
Slab:              60616 kB
SReclaimable:      15612 kB
SUnreclaim:        45004 kB
KernelStack:       15928 kB
PageTables:        55476 kB
NFS_Unstable:          0 kB
Bounce:                0 kB
WritebackTmp:          0 kB
CommitLimit:     2183484 kB
Committed_AS:   132881824 kB
VmallocTotal:     311296 kB
VmallocUsed:       31136 kB
VmallocChunk:     136204 kB
Time pass: 127 sec

---2015-11-19 19:35:53
MemTotal:        1745540 kB
MemFree:          128336 kB
Buffers:            7096 kB
Cached:           309984 kB
SwapCached:        47552 kB
Active:           460564 kB
Inactive:         469784 kB
Active(anon):     319256 kB
Inactive(anon):   298044 kB
Active(file):     141308 kB
Inactive(file):   171740 kB
Unevictable:        3816 kB
Mlocked:               0 kB
HighTotal:       1217536 kB
HighFree:          67460 kB
LowTotal:         528004 kB
LowFree:           60876 kB
SwapTotal:       1310716 kB
SwapFree:         630388 kB
Dirty:               244 kB
Writeback:             0 kB
AnonPages:        589568 kB
Mapped:           269224 kB
Shmem:               224 kB
Slab:              60772 kB
SReclaimable:      15608 kB
SUnreclaim:        45164 kB
KernelStack:       15968 kB
PageTables:        55476 kB
NFS_Unstable:          0 kB
Bounce:                0 kB
WritebackTmp:          0 kB
CommitLimit:     2183484 kB
Committed_AS:   132882184 kB
VmallocTotal:     311296 kB
VmallocUsed:       31340 kB
VmallocChunk:     136204 kB
Time pass: 130 sec

---2015-11-19 19:35:53
MemTotal:        1745540 kB
MemFree:          128428 kB
Buffers:            7104 kB
Cached:           309992 kB
SwapCached:        47552 kB
Active:           453040 kB
Inactive:         469724 kB
Active(anon):     311660 kB
Inactive(anon):   298052 kB
Active(file):     141380 kB
Inactive(file):   171672 kB
Unevictable:        3816 kB
Mlocked:               0 kB
HighTotal:       1217536 kB
HighFree:          75908 kB
LowTotal:         528004 kB
LowFree:           52520 kB
SwapTotal:       1310716 kB
SwapFree:         630396 kB
Dirty:                36 kB
Writeback:             0 kB
AnonPages:        581940 kB
Mapped:           278372 kB
Shmem:               224 kB
Slab:              60596 kB
SReclaimable:      15588 kB
SUnreclaim:        45008 kB
KernelStack:       15928 kB
PageTables:        55508 kB
NFS_Unstable:          0 kB
Bounce:                0 kB
WritebackTmp:          0 kB
CommitLimit:     2183484 kB
Committed_AS:   132882264 kB
VmallocTotal:     311296 kB
VmallocUsed:       31176 kB
VmallocChunk:     136204 kB
Time pass: 134 sec

---2015-11-19 19:35:53
MemTotal:        1745540 kB
MemFree:          106524 kB
Buffers:            6984 kB
Cached:           306692 kB
SwapCached:        47368 kB
Active:           446176 kB
Inactive:         479668 kB
Active(anon):     304488 kB
Inactive(anon):   311716 kB
Active(file):     141688 kB
Inactive(file):   167952 kB
Unevictable:        3816 kB
Mlocked:               0 kB
HighTotal:       1217536 kB
HighFree:          73252 kB
LowTotal:         528004 kB
LowFree:           33272 kB
SwapTotal:       1310716 kB
SwapFree:         629216 kB
Dirty:               564 kB
Writeback:             0 kB
AnonPages:        588460 kB
Mapped:           289868 kB
Shmem:               224 kB
Slab:              60752 kB
SReclaimable:      15588 kB
SUnreclaim:        45164 kB
KernelStack:       16016 kB
PageTables:        55568 kB
NFS_Unstable:          0 kB
Bounce:                0 kB
WritebackTmp:          0 kB
CommitLimit:     2183484 kB
Committed_AS:   132890968 kB
VmallocTotal:     311296 kB
VmallocUsed:       31328 kB
VmallocChunk:     136204 kB
Time pass: 137 sec

---2015-11-19 19:35:53
MemTotal:        1745540 kB
MemFree:          106788 kB
Buffers:            6992 kB
Cached:           306628 kB
SwapCached:        47368 kB
Active:           446692 kB
Inactive:         479480 kB
Active(anon):     304992 kB
Inactive(anon):   311600 kB
Active(file):     141700 kB
Inactive(file):   167880 kB
Unevictable:        3816 kB
Mlocked:               0 kB
HighTotal:       1217536 kB
HighFree:          72916 kB
LowTotal:         528004 kB
LowFree:           33872 kB
SwapTotal:       1310716 kB
SwapFree:         629224 kB
Dirty:               572 kB
Writeback:             0 kB
AnonPages:        588840 kB
Mapped:           289908 kB
Shmem:               224 kB
Slab:              60736 kB
SReclaimable:      15588 kB
SUnreclaim:        45148 kB
KernelStack:       15928 kB
PageTables:        55568 kB
NFS_Unstable:          0 kB
Bounce:                0 kB
WritebackTmp:          0 kB
CommitLimit:     2183484 kB
Committed_AS:   132890616 kB
VmallocTotal:     311296 kB
VmallocUsed:       31464 kB
VmallocChunk:     136204 kB
Time pass: 141 sec

---2015-11-19 19:35:53
MemTotal:        1745540 kB
MemFree:          108260 kB
Buffers:            6992 kB
Cached:           306380 kB
SwapCached:        47364 kB
Active:           446812 kB
Inactive:         479224 kB
Active(anon):     305112 kB
Inactive(anon):   311592 kB
Active(file):     141700 kB
Inactive(file):   167632 kB
Unevictable:        3816 kB
Mlocked:               0 kB
HighTotal:       1217536 kB
HighFree:          73336 kB
LowTotal:         528004 kB
LowFree:           34924 kB
SwapTotal:       1310716 kB
SwapFree:         629232 kB
Dirty:                 0 kB
Writeback:             0 kB
AnonPages:        588956 kB
Mapped:           289892 kB
Shmem:               224 kB
Slab:              60848 kB
SReclaimable:      15604 kB
SUnreclaim:        45244 kB
KernelStack:       15928 kB
PageTables:        55568 kB
NFS_Unstable:          0 kB
Bounce:                0 kB
WritebackTmp:          0 kB
CommitLimit:     2183484 kB
Committed_AS:   132890704 kB
VmallocTotal:     311296 kB
VmallocUsed:       31260 kB
VmallocChunk:     136204 kB
Time pass: 144 sec

---2015-11-19 19:35:53
MemTotal:        1745540 kB
MemFree:           98416 kB
Buffers:            7000 kB
Cached:           306856 kB
SwapCached:        47380 kB
Active:           454220 kB
Inactive:         479720 kB
Active(anon):     312516 kB
Inactive(anon):   311596 kB
Active(file):     141704 kB
Inactive(file):   168124 kB
Unevictable:        3816 kB
Mlocked:               0 kB
HighTotal:       1217536 kB
HighFree:          64944 kB
LowTotal:         528004 kB
LowFree:           33472 kB
SwapTotal:       1310716 kB
SwapFree:         629232 kB
Dirty:                28 kB
Writeback:             0 kB
AnonPages:        596232 kB
Mapped:           292308 kB
Shmem:               224 kB
Slab:              60624 kB
SReclaimable:      15588 kB
SUnreclaim:        45036 kB
KernelStack:       16040 kB
PageTables:        55644 kB
NFS_Unstable:          0 kB
Bounce:                0 kB
WritebackTmp:          0 kB
CommitLimit:     2183484 kB
Committed_AS:   132897008 kB
VmallocTotal:     311296 kB
VmallocUsed:       31396 kB
VmallocChunk:     136204 kB
Time pass: 148 sec

---2015-11-19 19:35:53
MemTotal:        1745540 kB
MemFree:           69972 kB
Buffers:            6920 kB
Cached:           315240 kB
SwapCached:        47084 kB
Active:           466480 kB
Inactive:         491636 kB
Active(anon):     324140 kB
Inactive(anon):   316448 kB
Active(file):     142340 kB
Inactive(file):   175188 kB
Unevictable:        3816 kB
Mlocked:               0 kB
HighTotal:       1217536 kB
HighFree:          37732 kB
LowTotal:         528004 kB
LowFree:           32240 kB
SwapTotal:       1310716 kB
SwapFree:         625572 kB
Dirty:                88 kB
Writeback:             4 kB
AnonPages:        612644 kB
Mapped:           295404 kB
Shmem:               380 kB
Slab:              60356 kB
SReclaimable:      15612 kB
SUnreclaim:        44744 kB
KernelStack:       16424 kB
PageTables:        56368 kB
NFS_Unstable:          0 kB
Bounce:                0 kB
WritebackTmp:          0 kB
CommitLimit:     2183484 kB
Committed_AS:   134468312 kB
VmallocTotal:     311296 kB
VmallocUsed:       31464 kB
VmallocChunk:     136204 kB
Time pass: 152 sec

---2015-11-19 19:35:53
MemTotal:        1745540 kB
MemFree:           77588 kB
Buffers:            7456 kB
Cached:           291384 kB
SwapCached:        47240 kB
Active:           468732 kB
Inactive:         474192 kB
Active(anon):     325656 kB
Inactive(anon):   322828 kB
Active(file):     143076 kB
Inactive(file):   151364 kB
Unevictable:        3816 kB
Mlocked:               0 kB
HighTotal:       1217536 kB
HighFree:          42492 kB
LowTotal:         528004 kB
LowFree:           35096 kB
SwapTotal:       1310716 kB
SwapFree:         617028 kB
Dirty:                52 kB
Writeback:             0 kB
AnonPages:        620136 kB
Mapped:           294772 kB
Shmem:               516 kB
Slab:              60660 kB
SReclaimable:      15648 kB
SUnreclaim:        45012 kB
KernelStack:       16656 kB
PageTables:        56552 kB
NFS_Unstable:          0 kB
Bounce:                0 kB
WritebackTmp:          0 kB
CommitLimit:     2183484 kB
Committed_AS:   134491968 kB
VmallocTotal:     311296 kB
VmallocUsed:       31464 kB
VmallocChunk:     136204 kB
Time pass: 156 sec

---2015-11-19 19:35:53
MemTotal:        1745540 kB
MemFree:           76188 kB
Buffers:            7436 kB
Cached:           291656 kB
SwapCached:        47240 kB
Active:           469684 kB
Inactive:         474656 kB
Active(anon):     326696 kB
Inactive(anon):   322904 kB
Active(file):     142988 kB
Inactive(file):   151752 kB
Unevictable:        3816 kB
Mlocked:               0 kB
HighTotal:       1217536 kB
HighFree:          40460 kB
LowTotal:         528004 kB
LowFree:           35728 kB
SwapTotal:       1310716 kB
SwapFree:         617092 kB
Dirty:                 0 kB
Writeback:             0 kB
AnonPages:        621392 kB
Mapped:           294676 kB
Shmem:               552 kB
Slab:              60664 kB
SReclaimable:      15648 kB
SUnreclaim:        45016 kB
KernelStack:       16584 kB
PageTables:        56564 kB
NFS_Unstable:          0 kB
Bounce:                0 kB
WritebackTmp:          0 kB
CommitLimit:     2183484 kB
Committed_AS:   134494400 kB
VmallocTotal:     311296 kB
VmallocUsed:       31464 kB
VmallocChunk:     136204 kB
Time pass: 160 sec

---2015-11-19 19:35:53
MemTotal:        1745540 kB
MemFree:           77628 kB
Buffers:            7412 kB
Cached:           291012 kB
SwapCached:        47236 kB
Active:           469616 kB
Inactive:         473944 kB
Active(anon):     326692 kB
Inactive(anon):   322980 kB
Active(file):     142924 kB
Inactive(file):   150964 kB
Unevictable:        3816 kB
Mlocked:               0 kB
HighTotal:       1217536 kB
HighFree:          40972 kB
LowTotal:         528004 kB
LowFree:           36656 kB
SwapTotal:       1310716 kB
SwapFree:         617120 kB
Dirty:                36 kB
Writeback:             0 kB
AnonPages:        621404 kB
Mapped:           294136 kB
Shmem:               616 kB
Slab:              60672 kB
SReclaimable:      15648 kB
SUnreclaim:        45024 kB
KernelStack:       16552 kB
PageTables:        56568 kB
NFS_Unstable:          0 kB
Bounce:                0 kB
WritebackTmp:          0 kB
CommitLimit:     2183484 kB
Committed_AS:   134496560 kB
VmallocTotal:     311296 kB
VmallocUsed:       31396 kB
VmallocChunk:     136204 kB
Time pass: 165 sec

---2015-11-19 19:35:53
MemTotal:        1745540 kB
MemFree:           83640 kB
Buffers:            7452 kB
Cached:           297208 kB
SwapCached:        47220 kB
Active:           458780 kB
Inactive:         480196 kB
Active(anon):     315492 kB
Inactive(anon):   323404 kB
Active(file):     143288 kB
Inactive(file):   156792 kB
Unevictable:        3816 kB
Mlocked:               0 kB
HighTotal:       1217536 kB
HighFree:          45924 kB
LowTotal:         528004 kB
LowFree:           37716 kB
SwapTotal:       1310716 kB
SwapFree:         617580 kB
Dirty:                44 kB
Writeback:             0 kB
AnonPages:        610540 kB
Mapped:           287820 kB
Shmem:               664 kB
Slab:              60628 kB
SReclaimable:      15648 kB
SUnreclaim:        44980 kB
KernelStack:       16264 kB
PageTables:        55960 kB
NFS_Unstable:          0 kB
Bounce:                0 kB
WritebackTmp:          0 kB
CommitLimit:     2183484 kB
Committed_AS:   132958776 kB
VmallocTotal:     311296 kB
VmallocUsed:       31396 kB
VmallocChunk:     136204 kB
Time pass: 168 sec

---2015-11-19 19:35:53
MemTotal:        1745540 kB
MemFree:           72548 kB
Buffers:            7288 kB
Cached:           297316 kB
SwapCached:        47220 kB
Active:           468036 kB
Inactive:         479824 kB
Active(anon):     324440 kB
Inactive(anon):   323424 kB
Active(file):     143596 kB
Inactive(file):   156400 kB
Unevictable:        3816 kB
Mlocked:               0 kB
HighTotal:       1217536 kB
HighFree:          35668 kB
LowTotal:         528004 kB
LowFree:           36880 kB
SwapTotal:       1310716 kB
SwapFree:         617704 kB
Dirty:                40 kB
Writeback:             0 kB
AnonPages:        619616 kB
Mapped:           294344 kB
Shmem:               668 kB
Slab:              60660 kB
SReclaimable:      15656 kB
SUnreclaim:        45004 kB
KernelStack:       16608 kB
PageTables:        56572 kB
NFS_Unstable:          0 kB
Bounce:                0 kB
WritebackTmp:          0 kB
CommitLimit:     2183484 kB
Committed_AS:   134495824 kB
VmallocTotal:     311296 kB
VmallocUsed:       31464 kB
VmallocChunk:     136204 kB
Time pass: 172 sec

---2015-11-19 19:35:53
MemTotal:        1745540 kB
MemFree:           74276 kB
Buffers:            7216 kB
Cached:           296876 kB
SwapCached:        47220 kB
Active:           467248 kB
Inactive:         480060 kB
Active(anon):     324268 kB
Inactive(anon):   323472 kB
Active(file):     142980 kB
Inactive(file):   156588 kB
Unevictable:        3816 kB
Mlocked:               0 kB
HighTotal:       1217536 kB
HighFree:          35840 kB
LowTotal:         528004 kB
LowFree:           38436 kB
SwapTotal:       1310716 kB
SwapFree:         617804 kB
Dirty:                 0 kB
Writeback:            52 kB
AnonPages:        619440 kB
Mapped:           293856 kB
Shmem:               676 kB
Slab:              60572 kB
SReclaimable:      15656 kB
SUnreclaim:        44916 kB
KernelStack:       16616 kB
PageTables:        56596 kB
NFS_Unstable:          0 kB
Bounce:                0 kB
WritebackTmp:          0 kB
CommitLimit:     2183484 kB
Committed_AS:   134496000 kB
VmallocTotal:     311296 kB
VmallocUsed:       31464 kB
VmallocChunk:     136204 kB
Time pass: 176 sec

---2015-11-19 19:35:53
MemTotal:        1745540 kB
MemFree:           72836 kB
Buffers:            7008 kB
Cached:           296280 kB
SwapCached:        47224 kB
Active:           468712 kB
Inactive:         479528 kB
Active(anon):     326044 kB
Inactive(anon):   323560 kB
Active(file):     142668 kB
Inactive(file):   155968 kB
Unevictable:        3816 kB
Mlocked:               0 kB
HighTotal:       1217536 kB
HighFree:          33556 kB
LowTotal:         528004 kB
LowFree:           39280 kB
SwapTotal:       1310716 kB
SwapFree:         617832 kB
Dirty:                 0 kB
Writeback:             0 kB
AnonPages:        621632 kB
Mapped:           293792 kB
Shmem:               676 kB
Slab:              60596 kB
SReclaimable:      15656 kB
SUnreclaim:        44940 kB
KernelStack:       16544 kB
PageTables:        56576 kB
NFS_Unstable:          0 kB
Bounce:                0 kB
WritebackTmp:          0 kB
CommitLimit:     2183484 kB
Committed_AS:   134496056 kB
VmallocTotal:     311296 kB
VmallocUsed:       31464 kB
VmallocChunk:     136204 kB
Time pass: 180 sec

---2015-11-19 19:35:53
MemTotal:        1745540 kB
MemFree:           74196 kB
Buffers:            7024 kB
Cached:           294916 kB
SwapCached:        47224 kB
Active:           467704 kB
Inactive:         479068 kB
Active(anon):     325752 kB
Inactive(anon):   323572 kB
Active(file):     141952 kB
Inactive(file):   155496 kB
Unevictable:        3816 kB
Mlocked:               0 kB
HighTotal:       1217536 kB
HighFree:          34080 kB
LowTotal:         528004 kB
LowFree:           40116 kB
SwapTotal:       1310716 kB
SwapFree:         617856 kB
Dirty:                40 kB
Writeback:             0 kB
AnonPages:        620884 kB
Mapped:           292740 kB
Shmem:               676 kB
Slab:              60612 kB
SReclaimable:      15656 kB
SUnreclaim:        44956 kB
KernelStack:       16560 kB
PageTables:        56584 kB
NFS_Unstable:          0 kB
Bounce:                0 kB
WritebackTmp:          0 kB
CommitLimit:     2183484 kB
Committed_AS:   134496224 kB
VmallocTotal:     311296 kB
VmallocUsed:       31396 kB
VmallocChunk:     136204 kB
Time pass: 183 sec

---2015-11-19 19:35:53
MemTotal:        1745540 kB
MemFree:           85036 kB
Buffers:            7036 kB
Cached:           294380 kB
SwapCached:        47220 kB
Active:           464240 kB
Inactive:         470976 kB
Active(anon):     314604 kB
Inactive(anon):   323736 kB
Active(file):     149636 kB
Inactive(file):   147240 kB
Unevictable:        3816 kB
Mlocked:               0 kB
HighTotal:       1217536 kB
HighFree:          44044 kB
LowTotal:         528004 kB
LowFree:           40992 kB
SwapTotal:       1310716 kB
SwapFree:         617992 kB
Dirty:                 4 kB
Writeback:             0 kB
AnonPages:        610184 kB
Mapped:           285204 kB
Shmem:               720 kB
Slab:              60696 kB
SReclaimable:      15656 kB
SUnreclaim:        45040 kB
KernelStack:       16400 kB
PageTables:        55948 kB
NFS_Unstable:          0 kB
Bounce:                0 kB
WritebackTmp:          0 kB
CommitLimit:     2183484 kB
Committed_AS:   132960516 kB
VmallocTotal:     311296 kB
VmallocUsed:       31464 kB
VmallocChunk:     136204 kB
Time pass: 187 sec

---2015-11-19 19:35:53
MemTotal:        1745540 kB
MemFree:           79348 kB
Buffers:            7052 kB
Cached:           294244 kB
SwapCached:        47184 kB
Active:           472112 kB
Inactive:         471044 kB
Active(anon):     322588 kB
Inactive(anon):   323868 kB
Active(file):     149524 kB
Inactive(file):   147176 kB
Unevictable:        3816 kB
Mlocked:               0 kB
HighTotal:       1217536 kB
HighFree:          37124 kB
LowTotal:         528004 kB
LowFree:           42224 kB
SwapTotal:       1310716 kB
SwapFree:         618340 kB
Dirty:                44 kB
Writeback:             0 kB
AnonPages:        618388 kB
Mapped:           290596 kB
Shmem:               744 kB
Slab:              60544 kB
SReclaimable:      15656 kB
SUnreclaim:        44888 kB
KernelStack:       16200 kB
PageTables:        56372 kB
NFS_Unstable:          0 kB
Bounce:                0 kB
WritebackTmp:          0 kB
CommitLimit:     2183484 kB
Committed_AS:   134493368 kB
VmallocTotal:     311296 kB
VmallocUsed:       31464 kB
VmallocChunk:     136204 kB
Time pass: 191 sec

---2015-11-19 19:35:53
MemTotal:        1745540 kB
MemFree:           65420 kB
Buffers:            7076 kB
Cached:           295204 kB
SwapCached:        47184 kB
Active:           482480 kB
Inactive:         472024 kB
Active(anon):     332948 kB
Inactive(anon):   324036 kB
Active(file):     149532 kB
Inactive(file):   147988 kB
Unevictable:        3816 kB
Mlocked:               0 kB
HighTotal:       1217536 kB
HighFree:          25380 kB
LowTotal:         528004 kB
LowFree:           40040 kB
SwapTotal:       1310716 kB
SwapFree:         618400 kB
Dirty:               108 kB
Writeback:             0 kB
AnonPages:        628848 kB
Mapped:           292120 kB
Shmem:               768 kB
Slab:              60708 kB
SReclaimable:      15664 kB
SUnreclaim:        45044 kB
KernelStack:       16528 kB
PageTables:        57028 kB
NFS_Unstable:          0 kB
Bounce:                0 kB
WritebackTmp:          0 kB
CommitLimit:     2183484 kB
Committed_AS:   136002196 kB
VmallocTotal:     311296 kB
VmallocUsed:       31464 kB
VmallocChunk:     136204 kB
Time pass: 194 sec

---2015-11-19 19:35:53
MemTotal:        1745540 kB
MemFree:           82080 kB
Buffers:            7076 kB
Cached:           295200 kB
SwapCached:        47180 kB
Active:           481940 kB
Inactive:         458792 kB
Active(anon):     332452 kB
Inactive(anon):   310604 kB
Active(file):     149488 kB
Inactive(file):   148188 kB
Unevictable:        3816 kB
Mlocked:               0 kB
HighTotal:       1217536 kB
HighFree:          38428 kB
LowTotal:         528004 kB
LowFree:           43652 kB
SwapTotal:       1310716 kB
SwapFree:         618416 kB
Dirty:                 0 kB
Writeback:             0 kB
AnonPages:        614712 kB
Mapped:           291348 kB
Shmem:               772 kB
Slab:              60708 kB
SReclaimable:      15664 kB
SUnreclaim:        45044 kB
KernelStack:       16368 kB
PageTables:        56424 kB
NFS_Unstable:          0 kB
Bounce:                0 kB
WritebackTmp:          0 kB
CommitLimit:     2183484 kB
Committed_AS:   134502628 kB
VmallocTotal:     311296 kB
VmallocUsed:       30376 kB
VmallocChunk:     136204 kB
Time pass: 198 sec

---2015-11-19 19:35:53
MemTotal:        1745540 kB
MemFree:           79512 kB
Buffers:            7084 kB
Cached:           295196 kB
SwapCached:        47172 kB
Active:           482412 kB
Inactive:         458788 kB
Active(anon):     332924 kB
Inactive(anon):   310592 kB
Active(file):     149488 kB
Inactive(file):   148196 kB
Unevictable:        3816 kB
Mlocked:               0 kB
HighTotal:       1217536 kB
HighFree:          37560 kB
LowTotal:         528004 kB
LowFree:           41952 kB
SwapTotal:       1310716 kB
SwapFree:         618556 kB
Dirty:                32 kB
Writeback:             0 kB
AnonPages:        615016 kB
Mapped:           291404 kB
Shmem:               772 kB
Slab:              60728 kB
SReclaimable:      15664 kB
SUnreclaim:        45064 kB
KernelStack:       16384 kB
PageTables:        56464 kB
NFS_Unstable:          0 kB
Bounce:                0 kB
WritebackTmp:          0 kB
CommitLimit:     2183484 kB
Committed_AS:   134502964 kB
VmallocTotal:     311296 kB
VmallocUsed:       30376 kB
VmallocChunk:     136204 kB
Time pass: 202 sec

---2015-11-19 19:35:53
MemTotal:        1745540 kB
MemFree:           80720 kB
Buffers:            7108 kB
Cached:           296416 kB
SwapCached:        47084 kB
Active:           483268 kB
Inactive:         459468 kB
Active(anon):     333968 kB
Inactive(anon):   309916 kB
Active(file):     149300 kB
Inactive(file):   149552 kB
Unevictable:        3816 kB
Mlocked:               0 kB
HighTotal:       1217536 kB
HighFree:          35636 kB
LowTotal:         528004 kB
LowFree:           45084 kB
SwapTotal:       1310716 kB
SwapFree:         622456 kB
Dirty:                68 kB
Writeback:             0 kB
AnonPages:        615472 kB
Mapped:           291048 kB
Shmem:               804 kB
Slab:              60716 kB
SReclaimable:      15664 kB
SUnreclaim:        45052 kB
KernelStack:       16280 kB
PageTables:        55920 kB
NFS_Unstable:          0 kB
Bounce:                0 kB
WritebackTmp:          0 kB
CommitLimit:     2183484 kB
Committed_AS:   132994716 kB
VmallocTotal:     311296 kB
VmallocUsed:       29424 kB
VmallocChunk:     136204 kB
Time pass: 205 sec

---2015-11-19 19:35:53
MemTotal:        1745540 kB
MemFree:           89088 kB
Buffers:            7124 kB
Cached:           296448 kB
SwapCached:        47084 kB
Active:           473288 kB
Inactive:         459660 kB
Active(anon):     323980 kB
Inactive(anon):   310016 kB
Active(file):     149308 kB
Inactive(file):   149644 kB
Unevictable:        3816 kB
Mlocked:               0 kB
HighTotal:       1217536 kB
HighFree:          45160 kB
LowTotal:         528004 kB
LowFree:           43928 kB
SwapTotal:       1310716 kB
SwapFree:         622500 kB
Dirty:                40 kB
Writeback:             0 kB
AnonPages:        605804 kB
Mapped:           284240 kB
Shmem:               804 kB
Slab:              60656 kB
SReclaimable:      15664 kB
SUnreclaim:        44992 kB
KernelStack:       16008 kB
PageTables:        55304 kB
NFS_Unstable:          0 kB
Bounce:                0 kB
WritebackTmp:          0 kB
CommitLimit:     2183484 kB
Committed_AS:   131457888 kB
VmallocTotal:     311296 kB
VmallocUsed:       29424 kB
VmallocChunk:     136204 kB
Time pass: 209 sec

---2015-11-19 19:35:53
MemTotal:        1745540 kB
MemFree:           75324 kB
Buffers:            7124 kB
Cached:           296624 kB
SwapCached:        47092 kB
Active:           486804 kB
Inactive:         459924 kB
Active(anon):     337496 kB
Inactive(anon):   310104 kB
Active(file):     149308 kB
Inactive(file):   149820 kB
Unevictable:        3816 kB
Mlocked:               0 kB
HighTotal:       1217536 kB
HighFree:          31360 kB
LowTotal:         528004 kB
LowFree:           43964 kB
SwapTotal:       1310716 kB
SwapFree:         622660 kB
Dirty:                 0 kB
Writeback:             0 kB
AnonPages:        619196 kB
Mapped:           291196 kB
Shmem:               804 kB
Slab:              60720 kB
SReclaimable:      15664 kB
SUnreclaim:        45056 kB
KernelStack:       16336 kB
PageTables:        55912 kB
NFS_Unstable:          0 kB
Bounce:                0 kB
WritebackTmp:          0 kB
CommitLimit:     2183484 kB
Committed_AS:   132995636 kB
VmallocTotal:     311296 kB
VmallocUsed:       29424 kB
VmallocChunk:     136204 kB
Time pass: 213 sec

---2015-11-19 19:35:53
MemTotal:        1745540 kB
MemFree:           79936 kB
Buffers:            7132 kB
Cached:           296460 kB
SwapCached:        47084 kB
Active:           482864 kB
Inactive:         459956 kB
Active(anon):     333652 kB
Inactive(anon):   310204 kB
Active(file):     149212 kB
Inactive(file):   149752 kB
Unevictable:        3816 kB
Mlocked:               0 kB
HighTotal:       1217536 kB
HighFree:          35200 kB
LowTotal:         528004 kB
LowFree:           44736 kB
SwapTotal:       1310716 kB
SwapFree:         622936 kB
Dirty:                72 kB
Writeback:             0 kB
AnonPages:        615720 kB
Mapped:           291116 kB
Shmem:               804 kB
Slab:              60732 kB
SReclaimable:      15664 kB
SUnreclaim:        45068 kB
KernelStack:       16336 kB
PageTables:        55916 kB
NFS_Unstable:          0 kB
Bounce:                0 kB
WritebackTmp:          0 kB
CommitLimit:     2183484 kB
Committed_AS:   132995716 kB
VmallocTotal:     311296 kB
VmallocUsed:       29356 kB
VmallocChunk:     136204 kB
Time pass: 216 sec

---2015-11-19 19:35:53
MemTotal:        1745540 kB
MemFree:           81396 kB
Buffers:            7116 kB
Cached:           295996 kB
SwapCached:        47076 kB
Active:           482244 kB
Inactive:         459908 kB
Active(anon):     333376 kB
Inactive(anon):   310380 kB
Active(file):     148868 kB
Inactive(file):   149528 kB
Unevictable:        3816 kB
Mlocked:               0 kB
HighTotal:       1217536 kB
HighFree:          35448 kB
LowTotal:         528004 kB
LowFree:           45948 kB
SwapTotal:       1310716 kB
SwapFree:         623104 kB
Dirty:                 0 kB
Writeback:             0 kB
AnonPages:        615424 kB
Mapped:           290708 kB
Shmem:               804 kB
Slab:              60724 kB
SReclaimable:      15664 kB
SUnreclaim:        45060 kB
KernelStack:       16328 kB
PageTables:        55924 kB
NFS_Unstable:          0 kB
Bounce:                0 kB
WritebackTmp:          0 kB
CommitLimit:     2183484 kB
Committed_AS:   132995908 kB
VmallocTotal:     311296 kB
VmallocUsed:       29424 kB
VmallocChunk:     136204 kB
Time pass: 220 sec

---2015-11-19 19:35:53
MemTotal:        1745540 kB
MemFree:           78776 kB
Buffers:            7132 kB
Cached:           295328 kB
SwapCached:        47072 kB
Active:           483484 kB
Inactive:         459596 kB
Active(anon):     334816 kB
Inactive(anon):   310424 kB
Active(file):     148668 kB
Inactive(file):   149172 kB
Unevictable:        3816 kB
Mlocked:               0 kB
HighTotal:       1217536 kB
HighFree:          33744 kB
LowTotal:         528004 kB
LowFree:           45032 kB
SwapTotal:       1310716 kB
SwapFree:         623188 kB
Dirty:                44 kB
Writeback:             0 kB
AnonPages:        616888 kB
Mapped:           290464 kB
Shmem:               804 kB
Slab:              60752 kB
SReclaimable:      15664 kB
SUnreclaim:        45088 kB
KernelStack:       16336 kB
PageTables:        55908 kB
NFS_Unstable:          0 kB
Bounce:                0 kB
WritebackTmp:          0 kB
CommitLimit:     2183484 kB
Committed_AS:   132996004 kB
VmallocTotal:     311296 kB
VmallocUsed:       29424 kB
VmallocChunk:     136204 kB
Time pass: 224 sec

---2015-11-19 19:35:53
MemTotal:        1745540 kB
MemFree:           90444 kB
Buffers:            7132 kB
Cached:           295328 kB
SwapCached:        47072 kB
Active:           471980 kB
Inactive:         459612 kB
Active(anon):     323248 kB
Inactive(anon):   310504 kB
Active(file):     148732 kB
Inactive(file):   149108 kB
Unevictable:        3816 kB
Mlocked:               0 kB
HighTotal:       1217536 kB
HighFree:          44764 kB
LowTotal:         528004 kB
LowFree:           45680 kB
SwapTotal:       1310716 kB
SwapFree:         623268 kB
Dirty:                 4 kB
Writeback:             0 kB
AnonPages:        605484 kB
Mapped:           283300 kB
Shmem:               804 kB
Slab:              60700 kB
SReclaimable:      15664 kB
SUnreclaim:        45036 kB
KernelStack:       15960 kB
PageTables:        55304 kB
NFS_Unstable:          0 kB
Bounce:                0 kB
WritebackTmp:          0 kB
CommitLimit:     2183484 kB
Committed_AS:   131458112 kB
VmallocTotal:     311296 kB
VmallocUsed:       29424 kB
VmallocChunk:     136204 kB
Time pass: 228 sec

---2015-11-19 19:35:53
MemTotal:        1745540 kB
MemFree:           72464 kB
Buffers:            7156 kB
Cached:           297204 kB
SwapCached:        47056 kB
Active:           487436 kB
Inactive:         462204 kB
Active(anon):     338888 kB
Inactive(anon):   311012 kB
Active(file):     148548 kB
Inactive(file):   151192 kB
Unevictable:        3816 kB
Mlocked:               0 kB
HighTotal:       1217536 kB
HighFree:          26864 kB
LowTotal:         528004 kB
LowFree:           45600 kB
SwapTotal:       1310716 kB
SwapFree:         623808 kB
Dirty:                72 kB
Writeback:             0 kB
AnonPages:        621420 kB
Mapped:           290292 kB
Shmem:               804 kB
Slab:              60736 kB
SReclaimable:      15664 kB
SUnreclaim:        45072 kB
KernelStack:       16320 kB
PageTables:        55924 kB
NFS_Unstable:          0 kB
Bounce:                0 kB
WritebackTmp:          0 kB
CommitLimit:     2183484 kB
Committed_AS:   132995188 kB
VmallocTotal:     311296 kB
VmallocUsed:       30444 kB
VmallocChunk:     136204 kB
Time pass: 232 sec

---2015-11-19 19:35:53
MemTotal:        1745540 kB
MemFree:           73140 kB
Buffers:            7136 kB
Cached:           297080 kB
SwapCached:        47056 kB
Active:           487372 kB
Inactive:         462168 kB
Active(anon):     338920 kB
Inactive(anon):   311044 kB
Active(file):     148452 kB
Inactive(file):   151124 kB
Unevictable:        3816 kB
Mlocked:               0 kB
HighTotal:       1217536 kB
HighFree:          26992 kB
LowTotal:         528004 kB
LowFree:           46148 kB
SwapTotal:       1310716 kB
SwapFree:         623812 kB
Dirty:                92 kB
Writeback:             0 kB
AnonPages:        621700 kB
Mapped:           290192 kB
Shmem:               824 kB
Slab:              60724 kB
SReclaimable:      15664 kB
SUnreclaim:        45060 kB
KernelStack:       16272 kB
PageTables:        55920 kB
NFS_Unstable:          0 kB
Bounce:                0 kB
WritebackTmp:          0 kB
CommitLimit:     2183484 kB
Committed_AS:   132995276 kB
VmallocTotal:     311296 kB
VmallocUsed:       30444 kB
VmallocChunk:     136204 kB
Time pass: 235 sec

---2015-11-19 19:35:53
MemTotal:        1745540 kB
MemFree:           69548 kB
Buffers:            7160 kB
Cached:           298064 kB
SwapCached:        47056 kB
Active:           488412 kB
Inactive:         462936 kB
Active(anon):     339956 kB
Inactive(anon):   310808 kB
Active(file):     148456 kB
Inactive(file):   152128 kB
Unevictable:        3816 kB
Mlocked:               0 kB
HighTotal:       1217536 kB
HighFree:          24648 kB
LowTotal:         528004 kB
LowFree:           44900 kB
SwapTotal:       1310716 kB
SwapFree:         623884 kB
Dirty:                68 kB
Writeback:             0 kB
AnonPages:        622664 kB
Mapped:           290204 kB
Shmem:               824 kB
Slab:              60740 kB
SReclaimable:      15664 kB
SUnreclaim:        45076 kB
KernelStack:       16344 kB
PageTables:        55936 kB
NFS_Unstable:          0 kB
Bounce:                0 kB
WritebackTmp:          0 kB
CommitLimit:     2183484 kB
Committed_AS:   133000360 kB
VmallocTotal:     311296 kB
VmallocUsed:       30444 kB
VmallocChunk:     136204 kB
Time pass: 239 sec

---2015-11-19 19:35:53
MemTotal:        1745540 kB
MemFree:           69736 kB
Buffers:            7140 kB
Cached:           297896 kB
SwapCached:        47052 kB
Active:           489704 kB
Inactive:         462788 kB
Active(anon):     341248 kB
Inactive(anon):   310848 kB
Active(file):     148456 kB
Inactive(file):   151940 kB
Unevictable:        3816 kB
Mlocked:               0 kB
HighTotal:       1217536 kB
HighFree:          23708 kB
LowTotal:         528004 kB
LowFree:           46028 kB
SwapTotal:       1310716 kB
SwapFree:         623928 kB
Dirty:                 0 kB
Writeback:             0 kB
AnonPages:        623844 kB
Mapped:           289976 kB
Shmem:               824 kB
Slab:              60760 kB
SReclaimable:      15664 kB
SUnreclaim:        45096 kB
KernelStack:       16280 kB
PageTables:        55924 kB
NFS_Unstable:          0 kB
Bounce:                0 kB
WritebackTmp:          0 kB
CommitLimit:     2183484 kB
Committed_AS:   132998052 kB
VmallocTotal:     311296 kB
VmallocUsed:       30376 kB
VmallocChunk:     136204 kB
Time pass: 243 sec

---2015-11-19 19:35:53
MemTotal:        1745540 kB
MemFree:           79968 kB
Buffers:            7156 kB
Cached:           297896 kB
SwapCached:        47052 kB
Active:           479516 kB
Inactive:         462864 kB
Active(anon):     331060 kB
Inactive(anon):   310908 kB
Active(file):     148456 kB
Inactive(file):   151956 kB
Unevictable:        3816 kB
Mlocked:               0 kB
HighTotal:       1217536 kB
HighFree:          33560 kB
LowTotal:         528004 kB
LowFree:           46408 kB
SwapTotal:       1310716 kB
SwapFree:         624012 kB
Dirty:                40 kB
Writeback:             0 kB
AnonPages:        613568 kB
Mapped:           282876 kB
Shmem:               824 kB
Slab:              60700 kB
SReclaimable:      15664 kB
SUnreclaim:        45036 kB
KernelStack:       15944 kB
PageTables:        55312 kB
NFS_Unstable:          0 kB
Bounce:                0 kB
WritebackTmp:          0 kB
CommitLimit:     2183484 kB
Committed_AS:   131461224 kB
VmallocTotal:     311296 kB
VmallocUsed:       29424 kB
VmallocChunk:     136204 kB
Time pass: 246 sec

---2015-11-19 19:35:53
MemTotal:        1745540 kB
MemFree:           67452 kB
Buffers:            7164 kB
Cached:           296748 kB
SwapCached:        47048 kB
Active:           494348 kB
Inactive:         462268 kB
Active(anon):     346324 kB
Inactive(anon):   310980 kB
Active(file):     148024 kB
Inactive(file):   151288 kB
Unevictable:        3816 kB
Mlocked:               0 kB
HighTotal:       1217536 kB
HighFree:          19128 kB
LowTotal:         528004 kB
LowFree:           48324 kB
SwapTotal:       1310716 kB
SwapFree:         624112 kB
Dirty:                96 kB
Writeback:             0 kB
AnonPages:        629224 kB
Mapped:           289092 kB
Shmem:               832 kB
Slab:              60700 kB
SReclaimable:      15664 kB
SUnreclaim:        45036 kB
KernelStack:       16336 kB
PageTables:        55936 kB
NFS_Unstable:          0 kB
Bounce:                0 kB
WritebackTmp:          0 kB
CommitLimit:     2183484 kB
Committed_AS:   132998348 kB
VmallocTotal:     311296 kB
VmallocUsed:       30444 kB
VmallocChunk:     136204 kB
Time pass: 250 sec

---2015-11-19 19:35:53
MemTotal:        1745540 kB
MemFree:           67284 kB
Buffers:            7160 kB
Cached:           295172 kB
SwapCached:        47048 kB
Active:           494144 kB
Inactive:         461548 kB
Active(anon):     346988 kB
Inactive(anon):   311036 kB
Active(file):     147156 kB
Inactive(file):   150512 kB
Unevictable:        3816 kB
Mlocked:               0 kB
HighTotal:       1217536 kB
HighFree:          19012 kB
LowTotal:         528004 kB
LowFree:           48272 kB
SwapTotal:       1310716 kB
SwapFree:         624160 kB
Dirty:                 0 kB
Writeback:             0 kB
AnonPages:        629672 kB
Mapped:           288020 kB
Shmem:               848 kB
Slab:              60720 kB
SReclaimable:      15664 kB
SUnreclaim:        45056 kB
KernelStack:       16224 kB
PageTables:        55940 kB
NFS_Unstable:          0 kB
Bounce:                0 kB
WritebackTmp:          0 kB
CommitLimit:     2183484 kB
Committed_AS:   132998556 kB
VmallocTotal:     311296 kB
VmallocUsed:       30444 kB
VmallocChunk:     136204 kB
Time pass: 254 sec

---2015-11-19 19:35:53
MemTotal:        1745540 kB
MemFree:           68036 kB
Buffers:            8688 kB
Cached:           294952 kB
SwapCached:        47048 kB
Active:           494052 kB
Inactive:         462868 kB
Active(anon):     346896 kB
Inactive(anon):   311028 kB
Active(file):     147156 kB
Inactive(file):   151840 kB
Unevictable:        3816 kB
Mlocked:               0 kB
HighTotal:       1217536 kB
HighFree:          21024 kB
LowTotal:         528004 kB
LowFree:           47012 kB
SwapTotal:       1310716 kB
SwapFree:         624188 kB
Dirty:                56 kB
Writeback:             0 kB
AnonPages:        629516 kB
Mapped:           287760 kB
Shmem:               848 kB
Slab:              60656 kB
SReclaimable:      15664 kB
SUnreclaim:        44992 kB
KernelStack:       16272 kB
PageTables:        55940 kB
NFS_Unstable:          0 kB
Bounce:                0 kB
WritebackTmp:          0 kB
CommitLimit:     2183484 kB
Committed_AS:   132998628 kB
VmallocTotal:     311296 kB
VmallocUsed:       30376 kB
VmallocChunk:     136204 kB
Time pass: 258 sec

---2015-11-19 19:35:53
MemTotal:        1745540 kB
MemFree:           64636 kB
Buffers:            8712 kB
Cached:           295000 kB
SwapCached:        47048 kB
Active:           494524 kB
Inactive:         462904 kB
Active(anon):     347368 kB
Inactive(anon):   311012 kB
Active(file):     147156 kB
Inactive(file):   151892 kB
Unevictable:        3816 kB
Mlocked:               0 kB
HighTotal:       1217536 kB
HighFree:          19476 kB
LowTotal:         528004 kB
LowFree:           45160 kB
SwapTotal:       1310716 kB
SwapFree:         624252 kB
Dirty:                60 kB
Writeback:             0 kB
AnonPages:        630164 kB
Mapped:           287788 kB
Shmem:               848 kB
Slab:              60704 kB
SReclaimable:      15672 kB
SUnreclaim:        45032 kB
KernelStack:       16328 kB
PageTables:        55936 kB
NFS_Unstable:          0 kB
Bounce:                0 kB
WritebackTmp:          0 kB
CommitLimit:     2183484 kB
Committed_AS:   132998844 kB
VmallocTotal:     311296 kB
VmallocUsed:       30376 kB
VmallocChunk:     136204 kB
Time pass: 262 sec

---2015-11-19 19:35:53
MemTotal:        1745540 kB
MemFree:           74908 kB
Buffers:            8728 kB
Cached:           295000 kB
SwapCached:        47048 kB
Active:           485076 kB
Inactive:         462932 kB
Active(anon):     337908 kB
Inactive(anon):   311036 kB
Active(file):     147168 kB
Inactive(file):   151896 kB
Unevictable:        3816 kB
Mlocked:               0 kB
HighTotal:       1217536 kB
HighFree:          29144 kB
LowTotal:         528004 kB
LowFree:           45764 kB
SwapTotal:       1310716 kB
SwapFree:         624356 kB
Dirty:                44 kB
Writeback:             0 kB
AnonPages:        620756 kB
Mapped:           280872 kB
Shmem:               848 kB
Slab:              60684 kB
SReclaimable:      15672 kB
SUnreclaim:        45012 kB
KernelStack:       15944 kB
PageTables:        55320 kB
NFS_Unstable:          0 kB
Bounce:                0 kB
WritebackTmp:          0 kB
CommitLimit:     2183484 kB
Committed_AS:   131462012 kB
VmallocTotal:     311296 kB
VmallocUsed:       29424 kB
VmallocChunk:     136204 kB
Time pass: 265 sec

---2015-11-19 19:35:53
MemTotal:        1745540 kB
MemFree:           62080 kB
Buffers:            8704 kB
Cached:           294524 kB
SwapCached:        47052 kB
Active:           497896 kB
Inactive:         463304 kB
Active(anon):     350732 kB
Inactive(anon):   311964 kB
Active(file):     147164 kB
Inactive(file):   151340 kB
Unevictable:        3816 kB
Mlocked:               0 kB
HighTotal:       1217536 kB
HighFree:          18508 kB
LowTotal:         528004 kB
LowFree:           43572 kB
SwapTotal:       1310716 kB
SwapFree:         624436 kB
Dirty:                52 kB
Writeback:             0 kB
AnonPages:        634528 kB
Mapped:           287200 kB
Shmem:               848 kB
Slab:              60636 kB
SReclaimable:      15672 kB
SUnreclaim:        44964 kB
KernelStack:       16272 kB
PageTables:        55880 kB
NFS_Unstable:          0 kB
Bounce:                0 kB
WritebackTmp:          0 kB
CommitLimit:     2183484 kB
Committed_AS:   132999328 kB
VmallocTotal:     311296 kB
VmallocUsed:       29424 kB
VmallocChunk:     136204 kB
Time pass: 269 sec

---2015-11-19 19:35:53
MemTotal:        1745540 kB
MemFree:           61888 kB
Buffers:            8728 kB
Cached:           294460 kB
SwapCached:        47048 kB
Active:           498272 kB
Inactive:         463328 kB
Active(anon):     351104 kB
Inactive(anon):   311972 kB
Active(file):     147168 kB
Inactive(file):   151356 kB
Unevictable:        3816 kB
Mlocked:               0 kB
HighTotal:       1217536 kB
HighFree:          19688 kB
LowTotal:         528004 kB
LowFree:           42200 kB
SwapTotal:       1310716 kB
SwapFree:         624484 kB
Dirty:               116 kB
Writeback:             0 kB
AnonPages:        634828 kB
Mapped:           287132 kB
Shmem:               848 kB
Slab:              60700 kB
SReclaimable:      15680 kB
SUnreclaim:        45020 kB
KernelStack:       16320 kB
PageTables:        55944 kB
NFS_Unstable:          0 kB
Bounce:                0 kB
WritebackTmp:          0 kB
CommitLimit:     2183484 kB
Committed_AS:   132999692 kB
VmallocTotal:     311296 kB
VmallocUsed:       29356 kB
VmallocChunk:     136204 kB
Time pass: 272 sec

---2015-11-19 19:35:53
MemTotal:        1745540 kB
MemFree:           63444 kB
Buffers:            8728 kB
Cached:           300080 kB
SwapCached:        47040 kB
Active:           491116 kB
Inactive:         469592 kB
Active(anon):     343932 kB
Inactive(anon):   312632 kB
Active(file):     147184 kB
Inactive(file):   156960 kB
Unevictable:        3816 kB
Mlocked:               0 kB
HighTotal:       1217536 kB
HighFree:          24032 kB
LowTotal:         528004 kB
LowFree:           39412 kB
SwapTotal:       1310716 kB
SwapFree:         624680 kB
Dirty:                 0 kB
Writeback:             4 kB
AnonPages:        628272 kB
Mapped:           287216 kB
Shmem:               848 kB
Slab:              60692 kB
SReclaimable:      15680 kB
SUnreclaim:        45012 kB
KernelStack:       16288 kB
PageTables:        55948 kB
NFS_Unstable:          0 kB
Bounce:                0 kB
WritebackTmp:          0 kB
CommitLimit:     2183484 kB
Committed_AS:   132999784 kB
VmallocTotal:     311296 kB
VmallocUsed:       29356 kB
VmallocChunk:     136204 kB
Time pass: 276 sec

---2015-11-19 19:35:53
MemTotal:        1745540 kB
MemFree:           62724 kB
Buffers:            8620 kB
Cached:           299212 kB
SwapCached:        47036 kB
Active:           491924 kB
Inactive:         468416 kB
Active(anon):     344728 kB
Inactive(anon):   312520 kB
Active(file):     147196 kB
Inactive(file):   155896 kB
Unevictable:        3816 kB
Mlocked:               0 kB
HighTotal:       1217536 kB
HighFree:          23032 kB
LowTotal:         528004 kB
LowFree:           39692 kB
SwapTotal:       1310716 kB
SwapFree:         624880 kB
Dirty:                 0 kB
Writeback:             0 kB
AnonPages:        628996 kB
Mapped:           286692 kB
Shmem:               848 kB
Slab:              60692 kB
SReclaimable:      15680 kB
SUnreclaim:        45012 kB
KernelStack:       16288 kB
PageTables:        55944 kB
NFS_Unstable:          0 kB
Bounce:                0 kB
WritebackTmp:          0 kB
CommitLimit:     2183484 kB
Committed_AS:   132999924 kB
VmallocTotal:     311296 kB
VmallocUsed:       29424 kB
VmallocChunk:     136204 kB
Time pass: 280 sec

---2015-11-19 19:35:53
MemTotal:        1745540 kB
MemFree:           72056 kB
Buffers:            8620 kB
Cached:           299292 kB
SwapCached:        47036 kB
Active:           482216 kB
Inactive:         468636 kB
Active(anon):     335012 kB
Inactive(anon):   312592 kB
Active(file):     147204 kB
Inactive(file):   156044 kB
Unevictable:        3816 kB
Mlocked:               0 kB
HighTotal:       1217536 kB
HighFree:          29916 kB
LowTotal:         528004 kB
LowFree:           42140 kB
SwapTotal:       1310716 kB
SwapFree:         624920 kB
Dirty:                48 kB
Writeback:             0 kB
AnonPages:        619320 kB
Mapped:           279632 kB
Shmem:               848 kB
Slab:              60732 kB
SReclaimable:      15700 kB
SUnreclaim:        45032 kB
KernelStack:       16048 kB
PageTables:        55316 kB
NFS_Unstable:          0 kB
Bounce:                0 kB
WritebackTmp:          0 kB
CommitLimit:     2183484 kB
Committed_AS:   131462392 kB
VmallocTotal:     311296 kB
VmallocUsed:       29424 kB
VmallocChunk:     136204 kB
Time pass: 283 sec

---2015-11-19 19:35:53
MemTotal:        1745540 kB
MemFree:           65636 kB
Buffers:            8628 kB
Cached:           299548 kB
SwapCached:        47036 kB
Active:           488812 kB
Inactive:         468716 kB
Active(anon):     341400 kB
Inactive(anon):   312616 kB
Active(file):     147412 kB
Inactive(file):   156100 kB
Unevictable:        3816 kB
Mlocked:               0 kB
HighTotal:       1217536 kB
HighFree:          22976 kB
LowTotal:         528004 kB
LowFree:           42660 kB
SwapTotal:       1310716 kB
SwapFree:         624972 kB
Dirty:                40 kB
Writeback:             0 kB
AnonPages:        626020 kB
Mapped:           285028 kB
Shmem:               848 kB
Slab:              60636 kB
SReclaimable:      15700 kB
SUnreclaim:        44936 kB
KernelStack:       16080 kB
PageTables:        55860 kB
NFS_Unstable:          0 kB
Bounce:                0 kB
WritebackTmp:          0 kB
CommitLimit:     2183484 kB
Committed_AS:   132994156 kB
VmallocTotal:     311296 kB
VmallocUsed:       29424 kB
VmallocChunk:     136204 kB
Time pass: 287 sec

---2015-11-19 19:35:53
MemTotal:        1745540 kB
MemFree:           58932 kB
Buffers:            8644 kB
Cached:           299880 kB
SwapCached:        47020 kB
Active:           494960 kB
Inactive:         469164 kB
Active(anon):     347528 kB
Inactive(anon):   312760 kB
Active(file):     147432 kB
Inactive(file):   156404 kB
Unevictable:        3816 kB
Mlocked:               0 kB
HighTotal:       1217536 kB
HighFree:          19248 kB
LowTotal:         528004 kB
LowFree:           39684 kB
SwapTotal:       1310716 kB
SwapFree:         625128 kB
Dirty:                 8 kB
Writeback:             0 kB
AnonPages:        632024 kB
Mapped:           286480 kB
Shmem:               872 kB
Slab:              60744 kB
SReclaimable:      15700 kB
SUnreclaim:        45044 kB
KernelStack:       16288 kB
PageTables:        55960 kB
NFS_Unstable:          0 kB
Bounce:                0 kB
WritebackTmp:          0 kB
CommitLimit:     2183484 kB
Committed_AS:   132995684 kB
VmallocTotal:     311296 kB
VmallocUsed:       29356 kB
VmallocChunk:     136204 kB
Time pass: 291 sec

---2015-11-19 19:35:53
MemTotal:        1745540 kB
MemFree:           63912 kB
Buffers:            8648 kB
Cached:           299088 kB
SwapCached:        47020 kB
Active:           489832 kB
Inactive:         468748 kB
Active(anon):     342388 kB
Inactive(anon):   313144 kB
Active(file):     147444 kB
Inactive(file):   155604 kB
Unevictable:        3816 kB
Mlocked:               0 kB
HighTotal:       1217536 kB
HighFree:          24132 kB
LowTotal:         528004 kB
LowFree:           39780 kB
SwapTotal:       1310716 kB
SwapFree:         625132 kB
Dirty:                56 kB
Writeback:             0 kB
AnonPages:        627268 kB
Mapped:           286468 kB
Shmem:               872 kB
Slab:              60704 kB
SReclaimable:      15700 kB
SUnreclaim:        45004 kB
KernelStack:       16288 kB
PageTables:        55960 kB
NFS_Unstable:          0 kB
Bounce:                0 kB
WritebackTmp:          0 kB
CommitLimit:     2183484 kB
Committed_AS:   132995708 kB
VmallocTotal:     311296 kB
VmallocUsed:       29356 kB
VmallocChunk:     136204 kB
Time pass: 294 sec

---2015-11-19 19:35:53
MemTotal:        1745540 kB
MemFree:           65372 kB
Buffers:            8636 kB
Cached:           298576 kB
SwapCached:        47020 kB
Active:           489724 kB
Inactive:         468232 kB
Active(anon):     342276 kB
Inactive(anon):   313156 kB
Active(file):     147448 kB
Inactive(file):   155076 kB
Unevictable:        3816 kB
Mlocked:               0 kB
HighTotal:       1217536 kB
HighFree:          24156 kB
LowTotal:         528004 kB
LowFree:           41216 kB
SwapTotal:       1310716 kB
SwapFree:         625148 kB
Dirty:                56 kB
Writeback:             0 kB
AnonPages:        626960 kB
Mapped:           286572 kB
Shmem:               872 kB
Slab:              60764 kB
SReclaimable:      15700 kB
SUnreclaim:        45064 kB
KernelStack:       16288 kB
PageTables:        55960 kB
NFS_Unstable:          0 kB
Bounce:                0 kB
WritebackTmp:          0 kB
CommitLimit:     2183484 kB
Committed_AS:   132995852 kB
VmallocTotal:     311296 kB
VmallocUsed:       29356 kB
VmallocChunk:     136204 kB
Time pass: 298 sec

---2015-11-19 19:35:53
MemTotal:        1745540 kB
MemFree:           66508 kB
Buffers:            8596 kB
Cached:           298492 kB
SwapCached:        47020 kB
Active:           490568 kB
Inactive:         468096 kB
Active(anon):     343120 kB
Inactive(anon):   313180 kB
Active(file):     147448 kB
Inactive(file):   154916 kB
Unevictable:        3816 kB
Mlocked:               0 kB
HighTotal:       1217536 kB
HighFree:          23976 kB
LowTotal:         528004 kB
LowFree:           42532 kB
SwapTotal:       1310716 kB
SwapFree:         625172 kB
Dirty:                36 kB
Writeback:             0 kB
AnonPages:        628040 kB
Mapped:           286580 kB
Shmem:               872 kB
Slab:              60736 kB
SReclaimable:      15700 kB
SUnreclaim:        45036 kB
KernelStack:       16264 kB
PageTables:        55944 kB
NFS_Unstable:          0 kB
Bounce:                0 kB
WritebackTmp:          0 kB
CommitLimit:     2183484 kB
Committed_AS:   132996204 kB
VmallocTotal:     311296 kB
VmallocUsed:       29424 kB
VmallocChunk:     136204 kB
Time pass: 302 sec

---2015-11-19 19:35:53
MemTotal:        1745540 kB
MemFree:           76304 kB
Buffers:            8604 kB
Cached:           298448 kB
SwapCached:        47020 kB
Active:           479740 kB
Inactive:         468112 kB
Active(anon):     332292 kB
Inactive(anon):   313196 kB
Active(file):     147448 kB
Inactive(file):   154916 kB
Unevictable:        3816 kB
Mlocked:               0 kB
HighTotal:       1217536 kB
HighFree:          31204 kB
LowTotal:         528004 kB
LowFree:           45100 kB
SwapTotal:       1310716 kB
SwapFree:         625196 kB
Dirty:                 0 kB
Writeback:             0 kB
AnonPages:        617136 kB
Mapped:           279584 kB
Shmem:               872 kB
Slab:              60808 kB
SReclaimable:      15700 kB
SUnreclaim:        45108 kB
KernelStack:       15960 kB
PageTables:        55344 kB
NFS_Unstable:          0 kB
Bounce:                0 kB
WritebackTmp:          0 kB
CommitLimit:     2183484 kB
Committed_AS:   131458160 kB
VmallocTotal:     311296 kB
VmallocUsed:       29356 kB
VmallocChunk:     136204 kB
Time pass: 306 sec

---2015-11-19 19:35:53
MemTotal:        1745540 kB
MemFree:           60800 kB
Buffers:            8600 kB
Cached:           298280 kB
SwapCached:        47028 kB
Active:           494984 kB
Inactive:         468012 kB
Active(anon):     347536 kB
Inactive(anon):   313268 kB
Active(file):     147448 kB
Inactive(file):   154744 kB
Unevictable:        3816 kB
Mlocked:               0 kB
HighTotal:       1217536 kB
HighFree:          19592 kB
LowTotal:         528004 kB
LowFree:           41208 kB
SwapTotal:       1310716 kB
SwapFree:         625260 kB
Dirty:                12 kB
Writeback:             0 kB
AnonPages:        632568 kB
Mapped:           286464 kB
Shmem:               872 kB
Slab:              60884 kB
SReclaimable:      15700 kB
SUnreclaim:        45184 kB
KernelStack:       16264 kB
PageTables:        55928 kB
NFS_Unstable:          0 kB
Bounce:                0 kB
WritebackTmp:          0 kB
CommitLimit:     2183484 kB
Committed_AS:   132996140 kB
VmallocTotal:     311296 kB
VmallocUsed:       29356 kB
VmallocChunk:     136204 kB
Time pass: 310 sec

---2015-11-19 19:35:53
MemTotal:        1745540 kB
MemFree:           59956 kB
Buffers:            8608 kB
Cached:           298280 kB
SwapCached:        47028 kB
Active:           495612 kB
Inactive:         468032 kB
Active(anon):     348164 kB
Inactive(anon):   313280 kB
Active(file):     147448 kB
Inactive(file):   154752 kB
Unevictable:        3816 kB
Mlocked:               0 kB
HighTotal:       1217536 kB
HighFree:          19888 kB
LowTotal:         528004 kB
LowFree:           40068 kB
SwapTotal:       1310716 kB
SwapFree:         625272 kB
Dirty:                48 kB
Writeback:             0 kB
AnonPages:        633180 kB
Mapped:           286516 kB
Shmem:               872 kB
Slab:              60852 kB
SReclaimable:      15700 kB
SUnreclaim:        45152 kB
KernelStack:       16272 kB
PageTables:        55960 kB
NFS_Unstable:          0 kB
Bounce:                0 kB
WritebackTmp:          0 kB
CommitLimit:     2183484 kB
Committed_AS:   132996244 kB
VmallocTotal:     311296 kB
VmallocUsed:       29356 kB
VmallocChunk:     136204 kB
Time pass: 314 sec

---2015-11-19 19:35:53
MemTotal:        1745540 kB
MemFree:           62312 kB
Buffers:            8632 kB
Cached:           298152 kB
SwapCached:        47028 kB
Active:           494616 kB
Inactive:         468276 kB
Active(anon):     347168 kB
Inactive(anon):   313696 kB
Active(file):     147448 kB
Inactive(file):   154580 kB
Unevictable:        3816 kB
Mlocked:               0 kB
HighTotal:       1217536 kB
HighFree:          20736 kB
LowTotal:         528004 kB
LowFree:           41576 kB
SwapTotal:       1310716 kB
SwapFree:         625288 kB
Dirty:                64 kB
Writeback:             0 kB
AnonPages:        632520 kB
Mapped:           286596 kB
Shmem:               892 kB
Slab:              60824 kB
SReclaimable:      15700 kB
SUnreclaim:        45124 kB
KernelStack:       16264 kB
PageTables:        55960 kB
NFS_Unstable:          0 kB
Bounce:                0 kB
WritebackTmp:          0 kB
CommitLimit:     2183484 kB
Committed_AS:   132996348 kB
VmallocTotal:     311296 kB
VmallocUsed:       29424 kB
VmallocChunk:     136204 kB
Time pass: 318 sec

---2015-11-19 19:35:53
MemTotal:        1745540 kB
MemFree:           70968 kB
Buffers:            8632 kB
Cached:           298292 kB
SwapCached:        47028 kB
Active:           483224 kB
Inactive:         468408 kB
Active(anon):     335772 kB
Inactive(anon):   313704 kB
Active(file):     147452 kB
Inactive(file):   154704 kB
Unevictable:        3816 kB
Mlocked:               0 kB
HighTotal:       1217536 kB
HighFree:          29292 kB
LowTotal:         528004 kB
LowFree:           41676 kB
SwapTotal:       1310716 kB
SwapFree:         625316 kB
Dirty:                 0 kB
Writeback:             0 kB
AnonPages:        621120 kB
Mapped:           279476 kB
Shmem:               892 kB
Slab:              60776 kB
SReclaimable:      15700 kB
SUnreclaim:        45076 kB
KernelStack:       16312 kB
PageTables:        55364 kB
NFS_Unstable:          0 kB
Bounce:                0 kB
WritebackTmp:          0 kB
CommitLimit:     2183484 kB
Committed_AS:   131458556 kB
VmallocTotal:     311296 kB
VmallocUsed:       29424 kB
VmallocChunk:     136204 kB
Time pass: 322 sec

---2015-11-19 19:35:53
MemTotal:        1745540 kB
MemFree:           68428 kB
Buffers:            8648 kB
Cached:           298352 kB
SwapCached:        47028 kB
Active:           486784 kB
Inactive:         468580 kB
Active(anon):     339332 kB
Inactive(anon):   313740 kB
Active(file):     147452 kB
Inactive(file):   154840 kB
Unevictable:        3816 kB
Mlocked:               0 kB
HighTotal:       1217536 kB
HighFree:          25404 kB
LowTotal:         528004 kB
LowFree:           43024 kB
SwapTotal:       1310716 kB
SwapFree:         625332 kB
Dirty:                48 kB
Writeback:             0 kB
AnonPages:        624624 kB
Mapped:           281660 kB
Shmem:               892 kB
Slab:              60692 kB
SReclaimable:      15700 kB
SUnreclaim:        44992 kB
KernelStack:       15944 kB
PageTables:        55792 kB
NFS_Unstable:          0 kB
Bounce:                0 kB
WritebackTmp:          0 kB
CommitLimit:     2183484 kB
Committed_AS:   132972408 kB
VmallocTotal:     311296 kB
VmallocUsed:       30444 kB
VmallocChunk:     136204 kB
Time pass: 325 sec

---2015-11-19 19:35:53
MemTotal:        1745540 kB
MemFree:           68716 kB
Buffers:            8660 kB
Cached:           297860 kB
SwapCached:        47040 kB
Active:           487708 kB
Inactive:         468392 kB
Active(anon):     340256 kB
Inactive(anon):   314072 kB
Active(file):     147452 kB
Inactive(file):   154320 kB
Unevictable:        3816 kB
Mlocked:               0 kB
HighTotal:       1217536 kB
HighFree:          23148 kB
LowTotal:         528004 kB
LowFree:           45568 kB
SwapTotal:       1310716 kB
SwapFree:         625660 kB
Dirty:                12 kB
Writeback:             0 kB
AnonPages:        626008 kB
Mapped:           286560 kB
Shmem:               892 kB
Slab:              60792 kB
SReclaimable:      15700 kB
SUnreclaim:        45092 kB
KernelStack:       16272 kB
PageTables:        55968 kB
NFS_Unstable:          0 kB
Bounce:                0 kB
WritebackTmp:          0 kB
CommitLimit:     2183484 kB
Committed_AS:   132996276 kB
VmallocTotal:     311296 kB
VmallocUsed:       30444 kB
VmallocChunk:     136204 kB
Time pass: 329 sec

---2015-11-19 19:35:53
MemTotal:        1745540 kB
MemFree:           67012 kB
Buffers:            8660 kB
Cached:           297840 kB
SwapCached:        47040 kB
Active:           488064 kB
Inactive:         468404 kB
Active(anon):     340604 kB
Inactive(anon):   314072 kB
Active(file):     147460 kB
Inactive(file):   154332 kB
Unevictable:        3816 kB
Mlocked:               0 kB
HighTotal:       1217536 kB
HighFree:          22160 kB
LowTotal:         528004 kB
LowFree:           44852 kB
SwapTotal:       1310716 kB
SwapFree:         625672 kB
Dirty:                12 kB
Writeback:             0 kB
AnonPages:        626492 kB
Mapped:           286560 kB
Shmem:               892 kB
Slab:              60740 kB
SReclaimable:      15700 kB
SUnreclaim:        45040 kB
KernelStack:       16272 kB
PageTables:        55964 kB
NFS_Unstable:          0 kB
Bounce:                0 kB
WritebackTmp:          0 kB
CommitLimit:     2183484 kB
Committed_AS:   132996396 kB
VmallocTotal:     311296 kB
VmallocUsed:       30444 kB
VmallocChunk:     136204 kB
Time pass: 333 sec

---2015-11-19 19:35:53
MemTotal:        1745540 kB
MemFree:           66544 kB
Buffers:            8684 kB
Cached:           297664 kB
SwapCached:        47040 kB
Active:           488432 kB
Inactive:         468252 kB
Active(anon):     340972 kB
Inactive(anon):   314088 kB
Active(file):     147460 kB
Inactive(file):   154164 kB
Unevictable:        3816 kB
Mlocked:               0 kB
HighTotal:       1217536 kB
HighFree:          21948 kB
LowTotal:         528004 kB
LowFree:           44596 kB
SwapTotal:       1310716 kB
SwapFree:         625680 kB
Dirty:                56 kB
Writeback:             0 kB
AnonPages:        626664 kB
Mapped:           286492 kB
Shmem:               892 kB
Slab:              60740 kB
SReclaimable:      15700 kB
SUnreclaim:        45040 kB
KernelStack:       16272 kB
PageTables:        55960 kB
NFS_Unstable:          0 kB
Bounce:                0 kB
WritebackTmp:          0 kB
CommitLimit:     2183484 kB
Committed_AS:   132996556 kB
VmallocTotal:     311296 kB
VmallocUsed:       30376 kB
VmallocChunk:     136204 kB
Time pass: 336 sec

---2015-11-19 19:35:53
MemTotal:        1745540 kB
MemFree:           67908 kB
Buffers:            8640 kB
Cached:           297352 kB
SwapCached:        47036 kB
Active:           488604 kB
Inactive:         467920 kB
Active(anon):     341140 kB
Inactive(anon):   314100 kB
Active(file):     147464 kB
Inactive(file):   153820 kB
Unevictable:        3816 kB
Mlocked:               0 kB
HighTotal:       1217536 kB
HighFree:          20996 kB
LowTotal:         528004 kB
LowFree:           46912 kB
SwapTotal:       1310716 kB
SwapFree:         625864 kB
Dirty:                 0 kB
