---2015-11-19 15:27:30
MemTotal:        2899420 kB
MemFree:          138964 kB
Buffers:           28408 kB
Cached:          1295732 kB
SwapCached:            0 kB
Active:          1383092 kB
Inactive:         836960 kB
Active(anon):     714896 kB
Inactive(anon):   195676 kB
Active(file):     668196 kB
Inactive(file):   641284 kB
Unevictable:       13396 kB
Mlocked:               0 kB
SwapTotal:        724852 kB
SwapFree:         724372 kB
Dirty:                 0 kB
Writeback:             0 kB
AnonPages:        909360 kB
Mapped:           490044 kB
Shmem:              1264 kB
Slab:              97248 kB
SReclaimable:      32124 kB
SUnreclaim:        65124 kB
KernelStack:       36480 kB
PageTables:        46664 kB
NFS_Unstable:          0 kB
Bounce:                0 kB
WritebackTmp:          0 kB
CommitLimit:     2174560 kB
Committed_AS:   112441244 kB
VmallocTotal:   251658176 kB
VmallocUsed:      131052 kB
VmallocChunk:   251421740 kB
Time pass: 3 sec

---2015-11-19 15:27:30
MemTotal:        2899420 kB
MemFree:          137944 kB
Buffers:           28408 kB
Cached:          1295744 kB
SwapCached:            0 kB
Active:          1383948 kB
Inactive:         836912 kB
Active(anon):     715692 kB
Inactive(anon):   195676 kB
Active(file):     668256 kB
Inactive(file):   641236 kB
Unevictable:       13396 kB
Mlocked:               0 kB
SwapTotal:        724852 kB
SwapFree:         724372 kB
Dirty:                32 kB
Writeback:             0 kB
AnonPages:        910012 kB
Mapped:           490068 kB
Shmem:              1264 kB
Slab:              97348 kB
SReclaimable:      32252 kB
SUnreclaim:        65096 kB
KernelStack:       36480 kB
PageTables:        46664 kB
NFS_Unstable:          0 kB
Bounce:                0 kB
WritebackTmp:          0 kB
CommitLimit:     2174560 kB
Committed_AS:   112441252 kB
VmallocTotal:   251658176 kB
VmallocUsed:      131052 kB
VmallocChunk:   251421740 kB
Time pass: 7 sec

---2015-11-19 15:27:30
MemTotal:        2899420 kB
MemFree:          137648 kB
Buffers:           28416 kB
Cached:          1295744 kB
SwapCached:            0 kB
Active:          1384072 kB
Inactive:         836904 kB
Active(anon):     715808 kB
Inactive(anon):   195676 kB
Active(file):     668264 kB
Inactive(file):   641228 kB
Unevictable:       13396 kB
Mlocked:               0 kB
SwapTotal:        724852 kB
SwapFree:         724372 kB
Dirty:                12 kB
Writeback:             0 kB
AnonPages:        910160 kB
Mapped:           489848 kB
Shmem:              1264 kB
Slab:              97500 kB
SReclaimable:      32252 kB
SUnreclaim:        65248 kB
KernelStack:       36496 kB
PageTables:        46664 kB
NFS_Unstable:          0 kB
Bounce:                0 kB
WritebackTmp:          0 kB
CommitLimit:     2174560 kB
Committed_AS:   112441260 kB
VmallocTotal:   251658176 kB
VmallocUsed:      131052 kB
VmallocChunk:   251421740 kB
Time pass: 10 sec

---2015-11-19 15:27:30
MemTotal:        2899420 kB
MemFree:           66420 kB
Buffers:           29160 kB
Cached:          1292432 kB
SwapCached:            0 kB
Active:          1398224 kB
Inactive:         849752 kB
Active(anon):     745756 kB
Inactive(anon):   195508 kB
Active(file):     652468 kB
Inactive(file):   654244 kB
Unevictable:       13532 kB
Mlocked:               0 kB
SwapTotal:        724852 kB
SwapFree:         724160 kB
Dirty:               252 kB
Writeback:             0 kB
AnonPages:        940476 kB
Mapped:           471056 kB
Shmem:              1180 kB
Slab:              97504 kB
SReclaimable:      32300 kB
SUnreclaim:        65204 kB
KernelStack:       37488 kB
PageTables:        47468 kB
NFS_Unstable:          0 kB
Bounce:                0 kB
WritebackTmp:          0 kB
CommitLimit:     2174560 kB
Committed_AS:   113750320 kB
VmallocTotal:   251658176 kB
VmallocUsed:      131424 kB
VmallocChunk:   251421740 kB
Time pass: 14 sec

---2015-11-19 15:27:30
MemTotal:        2899420 kB
MemFree:           69088 kB
Buffers:           28288 kB
Cached:          1207796 kB
SwapCached:            0 kB
Active:          1358240 kB
Inactive:         805948 kB
Active(anon):     747504 kB
Inactive(anon):   195148 kB
Active(file):     610736 kB
Inactive(file):   610800 kB
Unevictable:       13532 kB
Mlocked:               0 kB
SwapTotal:        724852 kB
SwapFree:         723900 kB
Dirty:               472 kB
Writeback:             0 kB
AnonPages:        941340 kB
Mapped:           536900 kB
Shmem:              1016 kB
Slab:              97552 kB
SReclaimable:      32344 kB
SUnreclaim:        65208 kB
KernelStack:       37616 kB
PageTables:        47892 kB
NFS_Unstable:          0 kB
Bounce:                0 kB
WritebackTmp:          0 kB
CommitLimit:     2174560 kB
Committed_AS:   113766536 kB
VmallocTotal:   251658176 kB
VmallocUsed:      132212 kB
VmallocChunk:   251421740 kB
Time pass: 18 sec

---2015-11-19 15:27:30
MemTotal:        2899420 kB
MemFree:           69972 kB
Buffers:           28296 kB
Cached:          1207828 kB
SwapCached:            0 kB
Active:          1357596 kB
Inactive:         805988 kB
Active(anon):     746860 kB
Inactive(anon):   195148 kB
Active(file):     610736 kB
Inactive(file):   610840 kB
Unevictable:       13532 kB
Mlocked:               0 kB
SwapTotal:        724852 kB
SwapFree:         723900 kB
Dirty:                40 kB
Writeback:             0 kB
AnonPages:        941040 kB
Mapped:           536676 kB
Shmem:              1016 kB
Slab:              97652 kB
SReclaimable:      32408 kB
SUnreclaim:        65244 kB
KernelStack:       37584 kB
PageTables:        47888 kB
NFS_Unstable:          0 kB
Bounce:                0 kB
WritebackTmp:          0 kB
CommitLimit:     2174560 kB
Committed_AS:   113766496 kB
VmallocTotal:   251658176 kB
VmallocUsed:      132212 kB
VmallocChunk:   251421740 kB
Time pass: 22 sec

---2015-11-19 15:27:30
MemTotal:        2899420 kB
MemFree:           70068 kB
Buffers:           28304 kB
Cached:          1207836 kB
SwapCached:            0 kB
Active:          1357500 kB
Inactive:         806004 kB
Active(anon):     746764 kB
Inactive(anon):   195148 kB
Active(file):     610736 kB
Inactive(file):   610856 kB
Unevictable:       13532 kB
Mlocked:               0 kB
SwapTotal:        724852 kB
SwapFree:         723900 kB
Dirty:                 0 kB
Writeback:             0 kB
AnonPages:        940976 kB
Mapped:           536812 kB
Shmem:              1016 kB
Slab:              97680 kB
SReclaimable:      32408 kB
SUnreclaim:        65272 kB
KernelStack:       37600 kB
PageTables:        47856 kB
NFS_Unstable:          0 kB
Bounce:                0 kB
WritebackTmp:          0 kB
CommitLimit:     2174560 kB
Committed_AS:   113766480 kB
VmallocTotal:   251658176 kB
VmallocUsed:      132212 kB
VmallocChunk:   251421740 kB
Time pass: 25 sec

---2015-11-19 15:27:30
MemTotal:        2899420 kB
MemFree:           68884 kB
Buffers:           28108 kB
Cached:          1176360 kB
SwapCached:            0 kB
Active:          1346236 kB
Inactive:         791152 kB
Active(anon):     752708 kB
Inactive(anon):   194688 kB
Active(file):     593528 kB
Inactive(file):   596464 kB
Unevictable:       13532 kB
Mlocked:               0 kB
SwapTotal:        724852 kB
SwapFree:         723528 kB
Dirty:                44 kB
Writeback:             0 kB
AnonPages:        946168 kB
Mapped:           542656 kB
Shmem:              1016 kB
Slab:              97352 kB
SReclaimable:      32088 kB
SUnreclaim:        65264 kB
KernelStack:       37616 kB
PageTables:        47884 kB
NFS_Unstable:          0 kB
Bounce:                0 kB
WritebackTmp:          0 kB
CommitLimit:     2174560 kB
Committed_AS:   113767520 kB
VmallocTotal:   251658176 kB
VmallocUsed:      132260 kB
VmallocChunk:   251421740 kB
Time pass: 29 sec

---2015-11-19 15:27:30
MemTotal:        2899420 kB
MemFree:           69428 kB
Buffers:           21140 kB
Cached:          1113044 kB
SwapCached:            0 kB
Active:          1331828 kB
Inactive:         754248 kB
Active(anon):     772080 kB
Inactive(anon):   194312 kB
Active(file):     559748 kB
Inactive(file):   559936 kB
Unevictable:       13532 kB
Mlocked:               0 kB
SwapTotal:        724852 kB
SwapFree:         723356 kB
Dirty:               308 kB
Writeback:             0 kB
AnonPages:        965340 kB
Mapped:           556480 kB
Shmem:               968 kB
Slab:              97876 kB
SReclaimable:      32480 kB
SUnreclaim:        65396 kB
KernelStack:       37632 kB
PageTables:        48228 kB
NFS_Unstable:          0 kB
Bounce:                0 kB
WritebackTmp:          0 kB
CommitLimit:     2174560 kB
Committed_AS:   113786652 kB
VmallocTotal:   251658176 kB
VmallocUsed:      132516 kB
VmallocChunk:   251421740 kB
Time pass: 33 sec

---2015-11-19 15:27:30
MemTotal:        2899420 kB
MemFree:           81876 kB
Buffers:           19640 kB
Cached:          1107712 kB
SwapCached:            0 kB
Active:          1329056 kB
Inactive:         751172 kB
Active(anon):     772708 kB
Inactive(anon):   194676 kB
Active(file):     556348 kB
Inactive(file):   556496 kB
Unevictable:       13532 kB
Mlocked:               0 kB
SwapTotal:        724852 kB
SwapFree:         723268 kB
Dirty:               320 kB
Writeback:             0 kB
AnonPages:        966456 kB
Mapped:           551672 kB
Shmem:               972 kB
Slab:              97916 kB
SReclaimable:      32496 kB
SUnreclaim:        65420 kB
KernelStack:       37632 kB
PageTables:        48080 kB
NFS_Unstable:          0 kB
Bounce:                0 kB
WritebackTmp:          0 kB
CommitLimit:     2174560 kB
Committed_AS:   113788812 kB
VmallocTotal:   251658176 kB
VmallocUsed:      132480 kB
VmallocChunk:   251421740 kB
Time pass: 36 sec

---2015-11-19 15:27:30
MemTotal:        2899420 kB
MemFree:           79092 kB
Buffers:           19516 kB
Cached:          1060744 kB
SwapCached:            0 kB
Active:          1317264 kB
Inactive:         731160 kB
Active(anon):     784596 kB
Inactive(anon):   198356 kB
Active(file):     532668 kB
Inactive(file):   532804 kB
Unevictable:       13532 kB
Mlocked:               0 kB
SwapTotal:        724852 kB
SwapFree:         722876 kB
Dirty:               472 kB
Writeback:             0 kB
AnonPages:        982152 kB
Mapped:           604576 kB
Shmem:               972 kB
Slab:              98084 kB
SReclaimable:      32608 kB
SUnreclaim:        65476 kB
KernelStack:       37744 kB
PageTables:        48176 kB
NFS_Unstable:          0 kB
Bounce:                0 kB
WritebackTmp:          0 kB
CommitLimit:     2174560 kB
Committed_AS:   113801488 kB
VmallocTotal:   251658176 kB
VmallocUsed:      132848 kB
VmallocChunk:   251421740 kB
Time pass: 40 sec

---2015-11-19 15:27:30
MemTotal:        2899420 kB
MemFree:           84624 kB
Buffers:           19588 kB
Cached:          1061708 kB
SwapCached:            0 kB
Active:          1309780 kB
Inactive:         732636 kB
Active(anon):     777112 kB
Inactive(anon):   198452 kB
Active(file):     532668 kB
Inactive(file):   534184 kB
Unevictable:       13532 kB
Mlocked:               0 kB
SwapTotal:        724852 kB
SwapFree:         722876 kB
Dirty:                80 kB
Writeback:             0 kB
AnonPages:        974632 kB
Mapped:           606660 kB
Shmem:               892 kB
Slab:              97948 kB
SReclaimable:      32480 kB
SUnreclaim:        65468 kB
KernelStack:       37744 kB
PageTables:        48204 kB
NFS_Unstable:          0 kB
Bounce:                0 kB
WritebackTmp:          0 kB
CommitLimit:     2174560 kB
Committed_AS:   113790764 kB
VmallocTotal:   251658176 kB
VmallocUsed:      132848 kB
VmallocChunk:   251421740 kB
Time pass: 44 sec

---2015-11-19 15:27:30
MemTotal:        2899420 kB
MemFree:           83076 kB
Buffers:           19596 kB
Cached:          1061812 kB
SwapCached:            0 kB
Active:          1310136 kB
Inactive:         732728 kB
Active(anon):     777460 kB
Inactive(anon):   198440 kB
Active(file):     532676 kB
Inactive(file):   534288 kB
Unevictable:       13532 kB
Mlocked:               0 kB
SwapTotal:        724852 kB
SwapFree:         722876 kB
Dirty:                48 kB
Writeback:             0 kB
AnonPages:        974900 kB
Mapped:           607204 kB
Shmem:               892 kB
Slab:              97912 kB
SReclaimable:      32480 kB
SUnreclaim:        65432 kB
KernelStack:       37728 kB
PageTables:        48236 kB
NFS_Unstable:          0 kB
Bounce:                0 kB
WritebackTmp:          0 kB
CommitLimit:     2174560 kB
Committed_AS:   113790708 kB
VmallocTotal:   251658176 kB
VmallocUsed:      132848 kB
VmallocChunk:   251421740 kB
Time pass: 48 sec

---2015-11-19 15:27:30
MemTotal:        2899420 kB
MemFree:           76556 kB
Buffers:           19612 kB
Cached:          1054044 kB
SwapCached:            0 kB
Active:          1309004 kB
Inactive:         728236 kB
Active(anon):     779580 kB
Inactive(anon):   198428 kB
Active(file):     529424 kB
Inactive(file):   529808 kB
Unevictable:       13532 kB
Mlocked:               0 kB
SwapTotal:        724852 kB
SwapFree:         722876 kB
Dirty:               176 kB
Writeback:             0 kB
AnonPages:        977184 kB
Mapped:           616852 kB
Shmem:               892 kB
Slab:              98088 kB
SReclaimable:      32480 kB
SUnreclaim:        65608 kB
KernelStack:       37728 kB
PageTables:        48224 kB
NFS_Unstable:          0 kB
Bounce:                0 kB
WritebackTmp:          0 kB
CommitLimit:     2174560 kB
Committed_AS:   113790708 kB
VmallocTotal:   251658176 kB
VmallocUsed:      132944 kB
VmallocChunk:   251421740 kB
Time pass: 51 sec

---2015-11-19 15:27:30
MemTotal:        2899420 kB
MemFree:           65044 kB
Buffers:           18996 kB
Cached:          1039772 kB
SwapCached:            0 kB
Active:          1308180 kB
Inactive:         721116 kB
Active(anon):     786016 kB
Inactive(anon):   198828 kB
Active(file):     522164 kB
Inactive(file):   522288 kB
Unevictable:       13532 kB
Mlocked:               0 kB
SwapTotal:        724852 kB
SwapFree:         722768 kB
Dirty:                 0 kB
Writeback:             0 kB
AnonPages:        984312 kB
Mapped:           631080 kB
Shmem:               784 kB
Slab:              97888 kB
SReclaimable:      32384 kB
SUnreclaim:        65504 kB
KernelStack:       37760 kB
PageTables:        48248 kB
NFS_Unstable:          0 kB
Bounce:                0 kB
WritebackTmp:          0 kB
CommitLimit:     2174560 kB
Committed_AS:   113799516 kB
VmallocTotal:   251658176 kB
VmallocUsed:      133096 kB
VmallocChunk:   251421740 kB
Time pass: 55 sec

---2015-11-19 15:27:30
MemTotal:        2899420 kB
MemFree:           62880 kB
Buffers:           18924 kB
Cached:          1035376 kB
SwapCached:            0 kB
Active:          1313304 kB
Inactive:         719640 kB
Active(anon):     794344 kB
Inactive(anon):   198628 kB
Active(file):     518960 kB
Inactive(file):   521012 kB
Unevictable:       13532 kB
Mlocked:               0 kB
SwapTotal:        724852 kB
SwapFree:         722620 kB
Dirty:               180 kB
Writeback:             0 kB
AnonPages:        991992 kB
Mapped:           634524 kB
Shmem:               740 kB
Slab:              97912 kB
SReclaimable:      32400 kB
SUnreclaim:        65512 kB
KernelStack:       37856 kB
PageTables:        48248 kB
NFS_Unstable:          0 kB
Bounce:                0 kB
WritebackTmp:          0 kB
CommitLimit:     2174560 kB
Committed_AS:   113803652 kB
VmallocTotal:   251658176 kB
VmallocUsed:      133096 kB
VmallocChunk:   251421740 kB
Time pass: 59 sec

---2015-11-19 15:27:30
MemTotal:        2899420 kB
MemFree:           65732 kB
Buffers:           18828 kB
Cached:          1026032 kB
SwapCached:            8 kB
Active:          1316188 kB
Inactive:         715524 kB
Active(anon):     801308 kB
Inactive(anon):   200168 kB
Active(file):     514880 kB
Inactive(file):   515356 kB
Unevictable:       13532 kB
Mlocked:               0 kB
SwapTotal:        724852 kB
SwapFree:         722620 kB
Dirty:                 0 kB
Writeback:             0 kB
AnonPages:       1000956 kB
Mapped:           635880 kB
Shmem:               740 kB
Slab:              97900 kB
SReclaimable:      32368 kB
SUnreclaim:        65532 kB
KernelStack:       38064 kB
PageTables:        48364 kB
NFS_Unstable:          0 kB
Bounce:                0 kB
WritebackTmp:          0 kB
CommitLimit:     2174560 kB
Committed_AS:   113839476 kB
VmallocTotal:   251658176 kB
VmallocUsed:      135528 kB
VmallocChunk:   251421740 kB
Time pass: 64 sec

---2015-11-19 15:27:30
MemTotal:        2899420 kB
MemFree:           64856 kB
Buffers:           18844 kB
Cached:          1006512 kB
SwapCached:            8 kB
Active:          1309984 kB
Inactive:         706612 kB
Active(anon):     804628 kB
Inactive(anon):   201068 kB
Active(file):     505356 kB
Inactive(file):   505544 kB
Unevictable:       13532 kB
Mlocked:               0 kB
SwapTotal:        724852 kB
SwapFree:         722572 kB
Dirty:               120 kB
Writeback:             0 kB
AnonPages:       1004732 kB
Mapped:           636092 kB
Shmem:               924 kB
Slab:              98120 kB
SReclaimable:      32496 kB
SUnreclaim:        65624 kB
KernelStack:       38176 kB
PageTables:        48640 kB
NFS_Unstable:          0 kB
Bounce:                0 kB
WritebackTmp:          0 kB
CommitLimit:     2174560 kB
Committed_AS:   113843628 kB
VmallocTotal:   251658176 kB
VmallocUsed:      135528 kB
VmallocChunk:   251421740 kB
Time pass: 68 sec

---2015-11-19 15:27:30
MemTotal:        2899420 kB
MemFree:           69340 kB
Buffers:           18552 kB
Cached:           999264 kB
SwapCached:            8 kB
Active:          1309712 kB
Inactive:         703600 kB
Active(anon):     808120 kB
Inactive(anon):   201992 kB
Active(file):     501592 kB
Inactive(file):   501608 kB
Unevictable:       13532 kB
Mlocked:               0 kB
SwapTotal:        724852 kB
SwapFree:         722572 kB
Dirty:                36 kB
Writeback:             0 kB
AnonPages:       1009176 kB
Mapped:           636280 kB
Shmem:              1080 kB
Slab:              98140 kB
SReclaimable:      32512 kB
SUnreclaim:        65628 kB
KernelStack:       38160 kB
PageTables:        48648 kB
NFS_Unstable:          0 kB
Bounce:                0 kB
WritebackTmp:          0 kB
CommitLimit:     2174560 kB
Committed_AS:   113851816 kB
VmallocTotal:   251658176 kB
VmallocUsed:      135528 kB
VmallocChunk:   251421740 kB
Time pass: 72 sec

---2015-11-19 15:27:30
MemTotal:        2899420 kB
MemFree:           68448 kB
Buffers:           18568 kB
Cached:           999264 kB
SwapCached:            8 kB
Active:          1310032 kB
Inactive:         703616 kB
Active(anon):     808440 kB
Inactive(anon):   201988 kB
Active(file):     501592 kB
Inactive(file):   501628 kB
Unevictable:       13532 kB
Mlocked:               0 kB
SwapTotal:        724852 kB
SwapFree:         722572 kB
Dirty:                 4 kB
Writeback:             0 kB
AnonPages:       1009384 kB
Mapped:           636440 kB
Shmem:              1080 kB
Slab:              98136 kB
SReclaimable:      32512 kB
SUnreclaim:        65624 kB
KernelStack:       38128 kB
PageTables:        48692 kB
NFS_Unstable:          0 kB
Bounce:                0 kB
WritebackTmp:          0 kB
CommitLimit:     2174560 kB
Committed_AS:   113851752 kB
VmallocTotal:   251658176 kB
VmallocUsed:      135528 kB
VmallocChunk:   251421740 kB
Time pass: 76 sec

---2015-11-19 15:27:30
MemTotal:        2899420 kB
MemFree:           76076 kB
Buffers:           18560 kB
Cached:           997148 kB
SwapCached:            8 kB
Active:          1299740 kB
Inactive:         703528 kB
Active(anon):     799004 kB
Inactive(anon):   202588 kB
Active(file):     500736 kB
Inactive(file):   500940 kB
Unevictable:       13532 kB
Mlocked:               0 kB
SwapTotal:        724852 kB
SwapFree:         722504 kB
Dirty:              1268 kB
Writeback:             0 kB
AnonPages:       1000916 kB
Mapped:           637260 kB
Shmem:               724 kB
Slab:              98088 kB
SReclaimable:      32240 kB
SUnreclaim:        65848 kB
KernelStack:       37760 kB
PageTables:        48252 kB
NFS_Unstable:          0 kB
Bounce:                0 kB
WritebackTmp:          0 kB
CommitLimit:     2174560 kB
Committed_AS:   113824780 kB
VmallocTotal:   251658176 kB
VmallocUsed:      135536 kB
VmallocChunk:   251421740 kB
Time pass: 80 sec

---2015-11-19 15:27:30
MemTotal:        2899420 kB
MemFree:          296192 kB
Buffers:           17140 kB
Cached:           969960 kB
SwapCached:            8 kB
Active:          1217868 kB
Inactive:         687492 kB
Active(anon):     730184 kB
Inactive(anon):   202240 kB
Active(file):     487684 kB
Inactive(file):   485252 kB
Unevictable:       13532 kB
Mlocked:               0 kB
SwapTotal:        724852 kB
SwapFree:         722332 kB
Dirty:               396 kB
Writeback:             0 kB
AnonPages:        931936 kB
Mapped:           475340 kB
Shmem:               588 kB
Slab:              98128 kB
SReclaimable:      32400 kB
SUnreclaim:        65728 kB
KernelStack:       36896 kB
PageTables:        47280 kB
NFS_Unstable:          0 kB
Bounce:                0 kB
WritebackTmp:          0 kB
CommitLimit:     2174560 kB
Committed_AS:   113692872 kB
VmallocTotal:   251658176 kB
VmallocUsed:      134560 kB
VmallocChunk:   251421740 kB
Time pass: 83 sec

---2015-11-19 15:27:30
MemTotal:        2899420 kB
MemFree:          297044 kB
Buffers:           17148 kB
Cached:           970348 kB
SwapCached:            8 kB
Active:          1216960 kB
Inactive:         688004 kB
Active(anon):     729272 kB
Inactive(anon):   202240 kB
Active(file):     487688 kB
Inactive(file):   485764 kB
Unevictable:       13532 kB
Mlocked:               0 kB
SwapTotal:        724852 kB
SwapFree:         722332 kB
Dirty:                 0 kB
Writeback:             0 kB
AnonPages:        931168 kB
Mapped:           475132 kB
Shmem:               588 kB
Slab:              98180 kB
SReclaimable:      32416 kB
SUnreclaim:        65764 kB
KernelStack:       36848 kB
PageTables:        47344 kB
NFS_Unstable:          0 kB
Bounce:                0 kB
WritebackTmp:          0 kB
CommitLimit:     2174560 kB
Committed_AS:   113693048 kB
VmallocTotal:   251658176 kB
VmallocUsed:      134560 kB
VmallocChunk:   251421740 kB
Time pass: 87 sec

---2015-11-19 15:27:30
MemTotal:        2899420 kB
MemFree:          296560 kB
Buffers:           17156 kB
Cached:           970484 kB
SwapCached:            8 kB
Active:          1217408 kB
Inactive:         688044 kB
Active(anon):     729720 kB
Inactive(anon):   202232 kB
Active(file):     487688 kB
Inactive(file):   485812 kB
Unevictable:       13532 kB
Mlocked:               0 kB
SwapTotal:        724852 kB
SwapFree:         722332 kB
Dirty:                60 kB
Writeback:             0 kB
AnonPages:        931512 kB
Mapped:           475416 kB
Shmem:               588 kB
Slab:              98140 kB
SReclaimable:      32416 kB
SUnreclaim:        65724 kB
KernelStack:       36832 kB
PageTables:        47344 kB
NFS_Unstable:          0 kB
Bounce:                0 kB
WritebackTmp:          0 kB
CommitLimit:     2174560 kB
Committed_AS:   113693080 kB
VmallocTotal:   251658176 kB
VmallocUsed:      134560 kB
VmallocChunk:   251421740 kB
Time pass: 90 sec

---2015-11-19 15:27:30
MemTotal:        2899420 kB
MemFree:          296504 kB
Buffers:           17156 kB
Cached:           970484 kB
SwapCached:            8 kB
Active:          1217432 kB
Inactive:         688044 kB
Active(anon):     729744 kB
Inactive(anon):   202232 kB
Active(file):     487688 kB
Inactive(file):   485812 kB
Unevictable:       13532 kB
Mlocked:               0 kB
SwapTotal:        724852 kB
SwapFree:         722332 kB
Dirty:                60 kB
Writeback:             0 kB
AnonPages:        931272 kB
Mapped:           475216 kB
Shmem:               588 kB
Slab:              98132 kB
SReclaimable:      32416 kB
SUnreclaim:        65716 kB
KernelStack:       36832 kB
PageTables:        47348 kB
NFS_Unstable:          0 kB
Bounce:                0 kB
WritebackTmp:          0 kB
CommitLimit:     2174560 kB
Committed_AS:   113693064 kB
VmallocTotal:   251658176 kB
VmallocUsed:      132144 kB
VmallocChunk:   251421740 kB
Time pass: 94 sec

---2015-11-19 15:27:30
MemTotal:        2899420 kB
MemFree:          297384 kB
Buffers:           17156 kB
Cached:           970484 kB
SwapCached:            8 kB
Active:          1217368 kB
Inactive:         688044 kB
Active(anon):     729680 kB
Inactive(anon):   202232 kB
Active(file):     487688 kB
Inactive(file):   485812 kB
Unevictable:       13532 kB
Mlocked:               0 kB
SwapTotal:        724852 kB
SwapFree:         722332 kB
Dirty:                 0 kB
Writeback:             0 kB
AnonPages:        931376 kB
Mapped:           475464 kB
Shmem:               588 kB
Slab:              98124 kB
SReclaimable:      32416 kB
SUnreclaim:        65708 kB
KernelStack:       36816 kB
PageTables:        47344 kB
NFS_Unstable:          0 kB
Bounce:                0 kB
WritebackTmp:          0 kB
CommitLimit:     2174560 kB
Committed_AS:   113693032 kB
VmallocTotal:   251658176 kB
VmallocUsed:      132144 kB
VmallocChunk:   251421740 kB
Time pass: 98 sec

---2015-11-19 15:27:30
MemTotal:        2899420 kB
MemFree:          296828 kB
Buffers:           17164 kB
Cached:           970484 kB
SwapCached:            8 kB
Active:          1218088 kB
Inactive:         688044 kB
Active(anon):     730400 kB
Inactive(anon):   202232 kB
Active(file):     487688 kB
Inactive(file):   485812 kB
Unevictable:       13532 kB
Mlocked:               0 kB
SwapTotal:        724852 kB
SwapFree:         722332 kB
Dirty:                32 kB
Writeback:             0 kB
AnonPages:        931980 kB
Mapped:           475488 kB
Shmem:               588 kB
Slab:              98120 kB
SReclaimable:      32416 kB
SUnreclaim:        65704 kB
KernelStack:       36816 kB
PageTables:        47344 kB
NFS_Unstable:          0 kB
Bounce:                0 kB
WritebackTmp:          0 kB
CommitLimit:     2174560 kB
Committed_AS:   113693040 kB
VmallocTotal:   251658176 kB
VmallocUsed:      132144 kB
VmallocChunk:   251421740 kB
Time pass: 102 sec

---2015-11-19 15:27:30
MemTotal:        2899420 kB
MemFree:          255844 kB
Buffers:           17264 kB
Cached:           971544 kB
SwapCached:            8 kB
Active:          1266436 kB
Inactive:         683300 kB
Active(anon):     772816 kB
Inactive(anon):   202368 kB
Active(file):     493620 kB
Inactive(file):   480932 kB
Unevictable:       13532 kB
Mlocked:               0 kB
SwapTotal:        724852 kB
SwapFree:         722332 kB
Dirty:              1920 kB
Writeback:             0 kB
AnonPages:        974692 kB
Mapped:           518660 kB
Shmem:               724 kB
Slab:              98160 kB
SReclaimable:      32468 kB
SUnreclaim:        65692 kB
KernelStack:       38112 kB
PageTables:        48420 kB
NFS_Unstable:          0 kB
Bounce:                0 kB
WritebackTmp:          0 kB
CommitLimit:     2174560 kB
Committed_AS:   115023820 kB
VmallocTotal:   251658176 kB
VmallocUsed:      133092 kB
VmallocChunk:   251421740 kB
Time pass: 105 sec

---2015-11-19 15:27:30
MemTotal:        2899420 kB
MemFree:          173252 kB
Buffers:           17272 kB
Cached:           973452 kB
SwapCached:            8 kB
Active:          1283312 kB
Inactive:         681448 kB
Active(anon):     785924 kB
Inactive(anon):   202368 kB
Active(file):     497388 kB
Inactive(file):   479080 kB
Unevictable:       13532 kB
Mlocked:               0 kB
SwapTotal:        724852 kB
SwapFree:         722332 kB
Dirty:              4384 kB
Writeback:             0 kB
AnonPages:        987584 kB
Mapped:           582176 kB
Shmem:               724 kB
Slab:              98320 kB
SReclaimable:      32484 kB
SUnreclaim:        65836 kB
KernelStack:       38128 kB
PageTables:        48640 kB
NFS_Unstable:          0 kB
Bounce:                0 kB
WritebackTmp:          0 kB
CommitLimit:     2174560 kB
Committed_AS:   115030372 kB
VmallocTotal:   251658176 kB
VmallocUsed:      133612 kB
VmallocChunk:   251421740 kB
Time pass: 109 sec

---2015-11-19 15:27:30
MemTotal:        2899420 kB
MemFree:          171804 kB
Buffers:           17280 kB
Cached:           973488 kB
SwapCached:            8 kB
Active:          1275116 kB
Inactive:         681436 kB
Active(anon):     777688 kB
Inactive(anon):   202368 kB
Active(file):     497428 kB
Inactive(file):   479068 kB
Unevictable:       13532 kB
Mlocked:               0 kB
SwapTotal:        724852 kB
SwapFree:         722332 kB
Dirty:              1812 kB
Writeback:            12 kB
AnonPages:        979272 kB
Mapped:           591056 kB
Shmem:               724 kB
Slab:              98456 kB
SReclaimable:      32484 kB
SUnreclaim:        65972 kB
KernelStack:       38128 kB
PageTables:        48672 kB
NFS_Unstable:          0 kB
Bounce:                0 kB
WritebackTmp:          0 kB
CommitLimit:     2174560 kB
Committed_AS:   115030460 kB
VmallocTotal:   251658176 kB
VmallocUsed:      133684 kB
VmallocChunk:   251421740 kB
Time pass: 112 sec

---2015-11-19 15:27:30
MemTotal:        2899420 kB
MemFree:          155356 kB
Buffers:           17280 kB
Cached:           973688 kB
SwapCached:            8 kB
Active:          1277408 kB
Inactive:         681420 kB
Active(anon):     779792 kB
Inactive(anon):   202368 kB
Active(file):     497616 kB
Inactive(file):   479052 kB
Unevictable:       13532 kB
Mlocked:               0 kB
SwapTotal:        724852 kB
SwapFree:         722332 kB
Dirty:               212 kB
Writeback:             0 kB
AnonPages:        981444 kB
Mapped:           600764 kB
Shmem:               724 kB
Slab:              98376 kB
SReclaimable:      32484 kB
SUnreclaim:        65892 kB
KernelStack:       38144 kB
PageTables:        48712 kB
NFS_Unstable:          0 kB
Bounce:                0 kB
WritebackTmp:          0 kB
CommitLimit:     2174560 kB
Committed_AS:   115030588 kB
VmallocTotal:   251658176 kB
VmallocUsed:      133780 kB
VmallocChunk:   251421740 kB
Time pass: 116 sec

---2015-11-19 15:27:30
MemTotal:        2899420 kB
MemFree:          155052 kB
Buffers:           17288 kB
Cached:           973680 kB
SwapCached:            8 kB
Active:          1277524 kB
Inactive:         681416 kB
Active(anon):     779904 kB
Inactive(anon):   202368 kB
Active(file):     497620 kB
Inactive(file):   479048 kB
Unevictable:       13532 kB
Mlocked:               0 kB
SwapTotal:        724852 kB
SwapFree:         722332 kB
Dirty:                 0 kB
Writeback:             0 kB
AnonPages:        981716 kB
Mapped:           600876 kB
Shmem:               724 kB
Slab:              98480 kB
SReclaimable:      32484 kB
SUnreclaim:        65996 kB
KernelStack:       38128 kB
PageTables:        48740 kB
NFS_Unstable:          0 kB
Bounce:                0 kB
WritebackTmp:          0 kB
CommitLimit:     2174560 kB
Committed_AS:   115030580 kB
VmallocTotal:   251658176 kB
VmallocUsed:      133780 kB
VmallocChunk:   251421740 kB
Time pass: 120 sec

---2015-11-19 15:27:30
MemTotal:        2899420 kB
MemFree:          127128 kB
Buffers:           17288 kB
Cached:           973704 kB
SwapCached:            8 kB
Active:          1282672 kB
Inactive:         681300 kB
Active(anon):     784868 kB
Inactive(anon):   202368 kB
Active(file):     497804 kB
Inactive(file):   478932 kB
Unevictable:       13532 kB
Mlocked:               0 kB
SwapTotal:        724852 kB
SwapFree:         722332 kB
Dirty:               576 kB
Writeback:             0 kB
AnonPages:        986464 kB
Mapped:           614796 kB
Shmem:               724 kB
Slab:              98280 kB
SReclaimable:      32484 kB
SUnreclaim:        65796 kB
KernelStack:       38160 kB
PageTables:        48688 kB
NFS_Unstable:          0 kB
Bounce:                0 kB
WritebackTmp:          0 kB
CommitLimit:     2174560 kB
Committed_AS:   115031276 kB
VmallocTotal:   251658176 kB
VmallocUsed:      133944 kB
VmallocChunk:   251421740 kB
Time pass: 124 sec

---2015-11-19 15:27:30
MemTotal:        2899420 kB
MemFree:          127152 kB
Buffers:           17296 kB
Cached:           973704 kB
SwapCached:            8 kB
Active:          1282116 kB
Inactive:         681308 kB
Active(anon):     784312 kB
Inactive(anon):   202368 kB
Active(file):     497804 kB
Inactive(file):   478940 kB
Unevictable:       13532 kB
Mlocked:               0 kB
SwapTotal:        724852 kB
SwapFree:         722332 kB
Dirty:                92 kB
Writeback:             0 kB
AnonPages:        986036 kB
Mapped:           614828 kB
Shmem:               724 kB
Slab:              98248 kB
SReclaimable:      32484 kB
SUnreclaim:        65764 kB
KernelStack:       38160 kB
PageTables:        48692 kB
NFS_Unstable:          0 kB
Bounce:                0 kB
WritebackTmp:          0 kB
CommitLimit:     2174560 kB
Committed_AS:   115031276 kB
VmallocTotal:   251658176 kB
VmallocUsed:      133944 kB
VmallocChunk:   251421740 kB
Time pass: 127 sec

---2015-11-19 15:27:30
MemTotal:        2899420 kB
MemFree:          126240 kB
Buffers:           17304 kB
Cached:           973704 kB
SwapCached:            8 kB
Active:          1282956 kB
Inactive:         681316 kB
Active(anon):     785152 kB
Inactive(anon):   202368 kB
Active(file):     497804 kB
Inactive(file):   478948 kB
Unevictable:       13532 kB
Mlocked:               0 kB
SwapTotal:        724852 kB
SwapFree:         722332 kB
Dirty:                 0 kB
Writeback:             0 kB
AnonPages:        986632 kB
Mapped:           614940 kB
Shmem:               724 kB
Slab:              98256 kB
SReclaimable:      32484 kB
SUnreclaim:        65772 kB
KernelStack:       38160 kB
PageTables:        48720 kB
NFS_Unstable:          0 kB
Bounce:                0 kB
WritebackTmp:          0 kB
CommitLimit:     2174560 kB
Committed_AS:   115031292 kB
VmallocTotal:   251658176 kB
VmallocUsed:      133944 kB
VmallocChunk:   251421740 kB
Time pass: 131 sec

---2015-11-19 15:27:30
MemTotal:        2899420 kB
MemFree:          112836 kB
Buffers:           17320 kB
Cached:           973872 kB
SwapCached:            8 kB
Active:          1297884 kB
Inactive:         680508 kB
Active(anon):     799092 kB
Inactive(anon):   202524 kB
Active(file):     498792 kB
Inactive(file):   477984 kB
Unevictable:       13532 kB
Mlocked:               0 kB
SwapTotal:        724852 kB
SwapFree:         722332 kB
Dirty:                64 kB
Writeback:             0 kB
AnonPages:       1000852 kB
Mapped:           618016 kB
Shmem:               884 kB
Slab:              98312 kB
SReclaimable:      32448 kB
SUnreclaim:        65864 kB
KernelStack:       38544 kB
PageTables:        48908 kB
NFS_Unstable:          0 kB
Bounce:                0 kB
WritebackTmp:          0 kB
CommitLimit:     2174560 kB
Committed_AS:   115075204 kB
VmallocTotal:   251658176 kB
VmallocUsed:      136376 kB
VmallocChunk:   251421740 kB
Time pass: 136 sec

---2015-11-19 15:27:30
MemTotal:        2899420 kB
MemFree:          108864 kB
Buffers:           17336 kB
Cached:           974124 kB
SwapCached:            8 kB
Active:          1301272 kB
Inactive:         680776 kB
Active(anon):     802480 kB
Inactive(anon):   202776 kB
Active(file):     498792 kB
Inactive(file):   478000 kB
Unevictable:       13532 kB
Mlocked:               0 kB
SwapTotal:        724852 kB
SwapFree:         722332 kB
Dirty:                60 kB
Writeback:             0 kB
AnonPages:       1004372 kB
Mapped:           618164 kB
Shmem:              1136 kB
Slab:              98500 kB
SReclaimable:      32448 kB
SUnreclaim:        66052 kB
KernelStack:       38560 kB
PageTables:        48984 kB
NFS_Unstable:          0 kB
Bounce:                0 kB
WritebackTmp:          0 kB
CommitLimit:     2174560 kB
Committed_AS:   115079316 kB
VmallocTotal:   251658176 kB
VmallocUsed:      136376 kB
VmallocChunk:   251421740 kB
Time pass: 140 sec

---2015-11-19 15:27:30
MemTotal:        2899420 kB
MemFree:          104272 kB
Buffers:           17368 kB
Cached:           974112 kB
SwapCached:            8 kB
Active:          1305128 kB
Inactive:         680796 kB
Active(anon):     806336 kB
Inactive(anon):   202780 kB
Active(file):     498792 kB
Inactive(file):   478016 kB
Unevictable:       13532 kB
Mlocked:               0 kB
SwapTotal:        724852 kB
SwapFree:         722332 kB
Dirty:                44 kB
Writeback:             0 kB
AnonPages:       1008376 kB
Mapped:           618408 kB
Shmem:              1140 kB
Slab:              98392 kB
SReclaimable:      32448 kB
SUnreclaim:        65944 kB
KernelStack:       38576 kB
PageTables:        48992 kB
NFS_Unstable:          0 kB
Bounce:                0 kB
WritebackTmp:          0 kB
CommitLimit:     2174560 kB
Committed_AS:   115079276 kB
VmallocTotal:   251658176 kB
VmallocUsed:      136376 kB
VmallocChunk:   251421740 kB
Time pass: 144 sec

---2015-11-19 15:27:30
MemTotal:        2899420 kB
MemFree:          101752 kB
Buffers:           17400 kB
Cached:           974128 kB
SwapCached:            8 kB
Active:          1307288 kB
Inactive:         680828 kB
Active(anon):     808496 kB
Inactive(anon):   202780 kB
Active(file):     498792 kB
Inactive(file):   478048 kB
Unevictable:       13532 kB
Mlocked:               0 kB
SwapTotal:        724852 kB
SwapFree:         722332 kB
Dirty:                44 kB
Writeback:             0 kB
AnonPages:       1010176 kB
Mapped:           618440 kB
Shmem:              1140 kB
Slab:              98416 kB
SReclaimable:      32464 kB
SUnreclaim:        65952 kB
KernelStack:       38576 kB
PageTables:        48992 kB
NFS_Unstable:          0 kB
Bounce:                0 kB
WritebackTmp:          0 kB
CommitLimit:     2174560 kB
Committed_AS:   115083396 kB
VmallocTotal:   251658176 kB
VmallocUsed:      136376 kB
VmallocChunk:   251421740 kB
Time pass: 148 sec

---2015-11-19 15:27:30
MemTotal:        2899420 kB
MemFree:          101264 kB
Buffers:           17416 kB
Cached:           974120 kB
SwapCached:            8 kB
Active:          1307352 kB
Inactive:         680844 kB
Active(anon):     808560 kB
Inactive(anon):   202780 kB
Active(file):     498792 kB
Inactive(file):   478064 kB
Unevictable:       13532 kB
Mlocked:               0 kB
SwapTotal:        724852 kB
SwapFree:         722332 kB
Dirty:                40 kB
Writeback:             0 kB
AnonPages:       1010288 kB
Mapped:           618552 kB
Shmem:              1140 kB
Slab:              98564 kB
SReclaimable:      32464 kB
SUnreclaim:        66100 kB
KernelStack:       38560 kB
PageTables:        49024 kB
NFS_Unstable:          0 kB
Bounce:                0 kB
WritebackTmp:          0 kB
CommitLimit:     2174560 kB
Committed_AS:   115083396 kB
VmallocTotal:   251658176 kB
VmallocUsed:      136376 kB
VmallocChunk:   251421740 kB
Time pass: 152 sec

---2015-11-19 15:27:30
MemTotal:        2899420 kB
MemFree:          100712 kB
Buffers:           17416 kB
Cached:           974128 kB
SwapCached:            8 kB
Active:          1308288 kB
Inactive:         680860 kB
Active(anon):     809496 kB
Inactive(anon):   202780 kB
Active(file):     498792 kB
Inactive(file):   478080 kB
Unevictable:       13532 kB
Mlocked:               0 kB
SwapTotal:        724852 kB
SwapFree:         722332 kB
Dirty:                48 kB
Writeback:             0 kB
AnonPages:       1011604 kB
Mapped:           618496 kB
Shmem:              1140 kB
Slab:              98472 kB
SReclaimable:      32464 kB
SUnreclaim:        66008 kB
KernelStack:       38560 kB
PageTables:        48992 kB
NFS_Unstable:          0 kB
Bounce:                0 kB
WritebackTmp:          0 kB
CommitLimit:     2174560 kB
Committed_AS:   115083404 kB
VmallocTotal:   251658176 kB
VmallocUsed:      136376 kB
VmallocChunk:   251421740 kB
Time pass: 155 sec

---2015-11-19 15:27:30
MemTotal:        2899420 kB
MemFree:          100412 kB
Buffers:           17432 kB
Cached:           974128 kB
SwapCached:            8 kB
Active:          1308276 kB
Inactive:         680876 kB
Active(anon):     809484 kB
Inactive(anon):   202788 kB
Active(file):     498792 kB
Inactive(file):   478088 kB
Unevictable:       13532 kB
Mlocked:               0 kB
SwapTotal:        724852 kB
SwapFree:         722332 kB
Dirty:                36 kB
Writeback:             0 kB
AnonPages:       1011060 kB
Mapped:           618536 kB
Shmem:              1148 kB
Slab:              98464 kB
SReclaimable:      32464 kB
SUnreclaim:        66000 kB
KernelStack:       38544 kB
PageTables:        49000 kB
NFS_Unstable:          0 kB
Bounce:                0 kB
WritebackTmp:          0 kB
CommitLimit:     2174560 kB
Committed_AS:   115083420 kB
VmallocTotal:   251658176 kB
VmallocUsed:      136376 kB
VmallocChunk:   251421740 kB
Time pass: 159 sec

---2015-11-19 15:27:30
MemTotal:        2899420 kB
MemFree:          100252 kB
Buffers:           17440 kB
Cached:           974136 kB
SwapCached:            8 kB
Active:          1307784 kB
Inactive:         680892 kB
Active(anon):     808992 kB
Inactive(anon):   202788 kB
Active(file):     498792 kB
Inactive(file):   478104 kB
Unevictable:       13532 kB
Mlocked:               0 kB
SwapTotal:        724852 kB
SwapFree:         722332 kB
Dirty:                 0 kB
Writeback:             0 kB
AnonPages:       1010732 kB
Mapped:           618656 kB
Shmem:              1148 kB
Slab:              98616 kB
SReclaimable:      32464 kB
SUnreclaim:        66152 kB
KernelStack:       38544 kB
PageTables:        49024 kB
NFS_Unstable:          0 kB
Bounce:                0 kB
WritebackTmp:          0 kB
CommitLimit:     2174560 kB
Committed_AS:   115083420 kB
VmallocTotal:   251658176 kB
VmallocUsed:      136376 kB
VmallocChunk:   251421740 kB
Time pass: 163 sec

---2015-11-19 15:27:30
MemTotal:        2899420 kB
MemFree:           99676 kB
Buffers:           17448 kB
Cached:           974136 kB
SwapCached:            8 kB
Active:          1308460 kB
Inactive:         680900 kB
Active(anon):     809668 kB
Inactive(anon):   202788 kB
Active(file):     498792 kB
Inactive(file):   478112 kB
Unevictable:       13532 kB
Mlocked:               0 kB
SwapTotal:        724852 kB
SwapFree:         722332 kB
Dirty:                36 kB
Writeback:             0 kB
AnonPages:       1011420 kB
Mapped:           618648 kB
Shmem:              1148 kB
Slab:              98452 kB
SReclaimable:      32464 kB
SUnreclaim:        65988 kB
KernelStack:       38496 kB
PageTables:        49028 kB
NFS_Unstable:          0 kB
Bounce:                0 kB
WritebackTmp:          0 kB
CommitLimit:     2174560 kB
Committed_AS:   115083308 kB
VmallocTotal:   251658176 kB
VmallocUsed:      136376 kB
VmallocChunk:   251421740 kB
Time pass: 167 sec

---2015-11-19 15:27:30
MemTotal:        2899420 kB
MemFree:           99456 kB
Buffers:           17464 kB
Cached:           974136 kB
SwapCached:            8 kB
Active:          1309236 kB
Inactive:         680916 kB
Active(anon):     810444 kB
Inactive(anon):   202788 kB
Active(file):     498792 kB
Inactive(file):   478128 kB
Unevictable:       13532 kB
Mlocked:               0 kB
SwapTotal:        724852 kB
SwapFree:         722332 kB
Dirty:                 0 kB
Writeback:             0 kB
AnonPages:       1011984 kB
Mapped:           618676 kB
Shmem:              1148 kB
Slab:              98416 kB
SReclaimable:      32464 kB
SUnreclaim:        65952 kB
KernelStack:       38512 kB
PageTables:        49024 kB
NFS_Unstable:          0 kB
Bounce:                0 kB
WritebackTmp:          0 kB
CommitLimit:     2174560 kB
Committed_AS:   115083324 kB
VmallocTotal:   251658176 kB
VmallocUsed:      136376 kB
VmallocChunk:   251421740 kB
Time pass: 170 sec

---2015-11-19 15:27:30
MemTotal:        2899420 kB
MemFree:           99080 kB
Buffers:           17480 kB
Cached:           974180 kB
SwapCached:            8 kB
Active:          1309012 kB
Inactive:         680976 kB
Active(anon):     810220 kB
Inactive(anon):   202832 kB
Active(file):     498792 kB
Inactive(file):   478144 kB
Unevictable:       13532 kB
Mlocked:               0 kB
SwapTotal:        724852 kB
SwapFree:         722332 kB
Dirty:                40 kB
Writeback:             0 kB
AnonPages:       1012104 kB
Mapped:           618784 kB
Shmem:              1192 kB
Slab:              98420 kB
SReclaimable:      32464 kB
SUnreclaim:        65956 kB
KernelStack:       38512 kB
PageTables:        49024 kB
NFS_Unstable:          0 kB
Bounce:                0 kB
WritebackTmp:          0 kB
CommitLimit:     2174560 kB
Committed_AS:   115083316 kB
VmallocTotal:   251658176 kB
VmallocUsed:      136376 kB
VmallocChunk:   251421740 kB
Time pass: 174 sec

---2015-11-19 15:27:30
MemTotal:        2899420 kB
MemFree:           99804 kB
Buffers:           17488 kB
Cached:           974208 kB
SwapCached:            8 kB
Active:          1308900 kB
Inactive:         681012 kB
Active(anon):     810108 kB
Inactive(anon):   202868 kB
Active(file):     498792 kB
Inactive(file):   478144 kB
Unevictable:       13532 kB
Mlocked:               0 kB
SwapTotal:        724852 kB
SwapFree:         722332 kB
Dirty:                 0 kB
Writeback:             0 kB
AnonPages:       1011812 kB
Mapped:           618764 kB
Shmem:              1228 kB
Slab:              98448 kB
SReclaimable:      32480 kB
SUnreclaim:        65968 kB
KernelStack:       38496 kB
PageTables:        48996 kB
NFS_Unstable:          0 kB
Bounce:                0 kB
WritebackTmp:          0 kB
CommitLimit:     2174560 kB
Committed_AS:   115083292 kB
VmallocTotal:   251658176 kB
VmallocUsed:      136376 kB
VmallocChunk:   251421740 kB
Time pass: 178 sec

---2015-11-19 15:27:30
MemTotal:        2899420 kB
MemFree:           99860 kB
Buffers:           17504 kB
Cached:           974216 kB
SwapCached:            8 kB
Active:          1309164 kB
Inactive:         681036 kB
Active(anon):     810372 kB
Inactive(anon):   202868 kB
Active(file):     498792 kB
Inactive(file):   478168 kB
Unevictable:       13532 kB
Mlocked:               0 kB
SwapTotal:        724852 kB
SwapFree:         722332 kB
Dirty:                44 kB
Writeback:             0 kB
AnonPages:       1011912 kB
Mapped:           618792 kB
Shmem:              1228 kB
Slab:              98424 kB
SReclaimable:      32480 kB
SUnreclaim:        65944 kB
KernelStack:       38496 kB
PageTables:        48996 kB
NFS_Unstable:          0 kB
Bounce:                0 kB
WritebackTmp:          0 kB
CommitLimit:     2174560 kB
Committed_AS:   115083324 kB
VmallocTotal:   251658176 kB
VmallocUsed:      136376 kB
VmallocChunk:   251421740 kB
Time pass: 182 sec

---2015-11-19 15:27:30
MemTotal:        2899420 kB
MemFree:           97556 kB
Buffers:           17512 kB
Cached:           974212 kB
SwapCached:            8 kB
Active:          1310208 kB
Inactive:         681036 kB
Active(anon):     811416 kB
Inactive(anon):   202868 kB
Active(file):     498792 kB
Inactive(file):   478168 kB
Unevictable:       13532 kB
Mlocked:               0 kB
SwapTotal:        724852 kB
SwapFree:         722332 kB
Dirty:                32 kB
Writeback:             0 kB
AnonPages:       1013064 kB
Mapped:           618816 kB
Shmem:              1228 kB
Slab:              98560 kB
SReclaimable:      32480 kB
SUnreclaim:        66080 kB
KernelStack:       38496 kB
PageTables:        49000 kB
NFS_Unstable:          0 kB
Bounce:                0 kB
WritebackTmp:          0 kB
CommitLimit:     2174560 kB
Committed_AS:   115087424 kB
VmallocTotal:   251658176 kB
VmallocUsed:      136376 kB
VmallocChunk:   251421740 kB
Time pass: 186 sec

---2015-11-19 15:27:30
MemTotal:        2899420 kB
MemFree:           97904 kB
Buffers:           17536 kB
Cached:           974248 kB
SwapCached:            8 kB
Active:          1310344 kB
Inactive:         681100 kB
Active(anon):     811552 kB
Inactive(anon):   202868 kB
Active(file):     498792 kB
Inactive(file):   478232 kB
Unevictable:       13532 kB
Mlocked:               0 kB
SwapTotal:        724852 kB
SwapFree:         722332 kB
Dirty:               116 kB
Writeback:             0 kB
AnonPages:       1013212 kB
Mapped:           618852 kB
Shmem:              1228 kB
Slab:              98424 kB
SReclaimable:      32480 kB
SUnreclaim:        65944 kB
KernelStack:       38528 kB
PageTables:        49000 kB
NFS_Unstable:          0 kB
Bounce:                0 kB
WritebackTmp:          0 kB
CommitLimit:     2174560 kB
Committed_AS:   115087436 kB
VmallocTotal:   251658176 kB
VmallocUsed:      136376 kB
VmallocChunk:   251421740 kB
Time pass: 190 sec

---2015-11-19 15:27:30
MemTotal:        2899420 kB
MemFree:           97416 kB
Buffers:           17536 kB
Cached:           974248 kB
SwapCached:            8 kB
Active:          1310392 kB
Inactive:         681100 kB
Active(anon):     811600 kB
Inactive(anon):   202868 kB
Active(file):     498792 kB
Inactive(file):   478232 kB
Unevictable:       13532 kB
Mlocked:               0 kB
SwapTotal:        724852 kB
SwapFree:         722332 kB
Dirty:                 0 kB
Writeback:             0 kB
AnonPages:       1013296 kB
Mapped:           618884 kB
Shmem:              1228 kB
Slab:              98448 kB
SReclaimable:      32480 kB
SUnreclaim:        65968 kB
KernelStack:       38528 kB
PageTables:        49012 kB
NFS_Unstable:          0 kB
Bounce:                0 kB
WritebackTmp:          0 kB
CommitLimit:     2174560 kB
Committed_AS:   115091548 kB
VmallocTotal:   251658176 kB
VmallocUsed:      136376 kB
VmallocChunk:   251421740 kB
Time pass: 193 sec

---2015-11-19 15:27:30
MemTotal:        2899420 kB
MemFree:           98240 kB
Buffers:           17552 kB
Cached:           974248 kB
SwapCached:            8 kB
Active:          1310108 kB
Inactive:         681116 kB
Active(anon):     811316 kB
Inactive(anon):   202868 kB
Active(file):     498792 kB
Inactive(file):   478248 kB
Unevictable:       13532 kB
Mlocked:               0 kB
SwapTotal:        724852 kB
SwapFree:         722332 kB
Dirty:                 0 kB
Writeback:             0 kB
AnonPages:       1012976 kB
Mapped:           619004 kB
Shmem:              1228 kB
Slab:              98448 kB
SReclaimable:      32480 kB
SUnreclaim:        65968 kB
KernelStack:       38512 kB
PageTables:        49036 kB
NFS_Unstable:          0 kB
Bounce:                0 kB
WritebackTmp:          0 kB
CommitLimit:     2174560 kB
Committed_AS:   115091508 kB
VmallocTotal:   251658176 kB
VmallocUsed:      136376 kB
VmallocChunk:   251421740 kB
Time pass: 198 sec

---2015-11-19 15:27:30
MemTotal:        2899420 kB
MemFree:           97532 kB
Buffers:           17560 kB
Cached:           974248 kB
SwapCached:            8 kB
Active:          1310276 kB
Inactive:         681124 kB
Active(anon):     811484 kB
Inactive(anon):   202868 kB
Active(file):     498792 kB
Inactive(file):   478256 kB
Unevictable:       13532 kB
Mlocked:               0 kB
SwapTotal:        724852 kB
SwapFree:         722332 kB
Dirty:                32 kB
Writeback:             0 kB
AnonPages:       1013024 kB
Mapped:           618948 kB
Shmem:              1228 kB
Slab:              98568 kB
SReclaimable:      32480 kB
SUnreclaim:        66088 kB
KernelStack:       38528 kB
PageTables:        49004 kB
NFS_Unstable:          0 kB
Bounce:                0 kB
WritebackTmp:          0 kB
CommitLimit:     2174560 kB
Committed_AS:   115091508 kB
VmallocTotal:   251658176 kB
VmallocUsed:      136376 kB
VmallocChunk:   251421740 kB
Time pass: 202 sec

---2015-11-19 15:27:30
MemTotal:        2899420 kB
MemFree:           96316 kB
Buffers:           17584 kB
Cached:           974248 kB
SwapCached:            8 kB
Active:          1311584 kB
Inactive:         681144 kB
Active(anon):     812788 kB
Inactive(anon):   202868 kB
Active(file):     498796 kB
Inactive(file):   478276 kB
Unevictable:       13532 kB
Mlocked:               0 kB
SwapTotal:        724852 kB
SwapFree:         722332 kB
Dirty:                84 kB
Writeback:             0 kB
AnonPages:       1014288 kB
Mapped:           618992 kB
Shmem:              1228 kB
Slab:              98572 kB
SReclaimable:      32480 kB
SUnreclaim:        66092 kB
KernelStack:       38528 kB
PageTables:        49008 kB
NFS_Unstable:          0 kB
Bounce:                0 kB
WritebackTmp:          0 kB
CommitLimit:     2174560 kB
Committed_AS:   115091572 kB
VmallocTotal:   251658176 kB
VmallocUsed:      136376 kB
VmallocChunk:   251421740 kB
Time pass: 206 sec

---2015-11-19 15:27:30
MemTotal:        2899420 kB
MemFree:           95776 kB
Buffers:           17600 kB
Cached:           974248 kB
SwapCached:            8 kB
Active:          1311740 kB
Inactive:         681160 kB
Active(anon):     812944 kB
Inactive(anon):   202868 kB
Active(file):     498796 kB
Inactive(file):   478292 kB
Unevictable:       13532 kB
Mlocked:               0 kB
SwapTotal:        724852 kB
SwapFree:         722332 kB
Dirty:                92 kB
Writeback:             0 kB
AnonPages:       1014628 kB
Mapped:           618800 kB
Shmem:              1228 kB
Slab:              98608 kB
SReclaimable:      32496 kB
SUnreclaim:        66112 kB
KernelStack:       38528 kB
PageTables:        49008 kB
NFS_Unstable:          0 kB
Bounce:                0 kB
WritebackTmp:          0 kB
CommitLimit:     2174560 kB
Committed_AS:   115091524 kB
VmallocTotal:   251658176 kB
VmallocUsed:      136376 kB
VmallocChunk:   251421740 kB
Time pass: 210 sec

---2015-11-19 15:27:30
MemTotal:        2899420 kB
MemFree:           96016 kB
Buffers:           17608 kB
Cached:           974248 kB
SwapCached:            8 kB
Active:          1311756 kB
Inactive:         681160 kB
Active(anon):     812960 kB
Inactive(anon):   202868 kB
Active(file):     498796 kB
Inactive(file):   478292 kB
Unevictable:       13532 kB
Mlocked:               0 kB
SwapTotal:        724852 kB
SwapFree:         722332 kB
Dirty:                32 kB
Writeback:             0 kB
AnonPages:       1014676 kB
Mapped:           619052 kB
Shmem:              1228 kB
Slab:              98604 kB
SReclaimable:      32496 kB
SUnreclaim:        66108 kB
KernelStack:       38528 kB
PageTables:        49004 kB
NFS_Unstable:          0 kB
Bounce:                0 kB
WritebackTmp:          0 kB
CommitLimit:     2174560 kB
Committed_AS:   115091508 kB
VmallocTotal:   251658176 kB
VmallocUsed:      136376 kB
VmallocChunk:   251421740 kB
Time pass: 214 sec

---2015-11-19 15:27:30
MemTotal:        2899420 kB
MemFree:           95700 kB
Buffers:           17624 kB
Cached:           974248 kB
SwapCached:            8 kB
Active:          1311960 kB
Inactive:         681180 kB
Active(anon):     813164 kB
Inactive(anon):   202864 kB
Active(file):     498796 kB
Inactive(file):   478316 kB
Unevictable:       13532 kB
Mlocked:               0 kB
SwapTotal:        724852 kB
SwapFree:         722332 kB
Dirty:                44 kB
Writeback:             0 kB
AnonPages:       1015028 kB
Mapped:           619040 kB
Shmem:              1228 kB
Slab:              98480 kB
SReclaimable:      32496 kB
SUnreclaim:        65984 kB
KernelStack:       38528 kB
PageTables:        49012 kB
NFS_Unstable:          0 kB
Bounce:                0 kB
WritebackTmp:          0 kB
CommitLimit:     2174560 kB
Committed_AS:   115091484 kB
VmallocTotal:   251658176 kB
VmallocUsed:      136376 kB
VmallocChunk:   251421740 kB
Time pass: 218 sec

---2015-11-19 15:27:30
MemTotal:        2899420 kB
MemFree:           95788 kB
Buffers:           17632 kB
Cached:           974248 kB
SwapCached:            8 kB
Active:          1312232 kB
Inactive:         681180 kB
Active(anon):     813436 kB
Inactive(anon):   202864 kB
Active(file):     498796 kB
Inactive(file):   478316 kB
Unevictable:       13532 kB
Mlocked:               0 kB
SwapTotal:        724852 kB
SwapFree:         722332 kB
Dirty:                32 kB
Writeback:             0 kB
AnonPages:       1015112 kB
Mapped:           619112 kB
Shmem:              1228 kB
Slab:              98488 kB
SReclaimable:      32496 kB
SUnreclaim:        65992 kB
KernelStack:       38528 kB
PageTables:        49004 kB
NFS_Unstable:          0 kB
Bounce:                0 kB
WritebackTmp:          0 kB
CommitLimit:     2174560 kB
Committed_AS:   115091500 kB
VmallocTotal:   251658176 kB
VmallocUsed:      136376 kB
VmallocChunk:   251421740 kB
Time pass: 222 sec

---2015-11-19 15:27:30
MemTotal:        2899420 kB
MemFree:           95572 kB
Buffers:           17748 kB
Cached:           974248 kB
SwapCached:            8 kB
Active:          1312844 kB
Inactive:         681304 kB
Active(anon):     814048 kB
Inactive(anon):   202864 kB
Active(file):     498796 kB
Inactive(file):   478440 kB
Unevictable:       13532 kB
Mlocked:               0 kB
SwapTotal:        724852 kB
SwapFree:         722332 kB
Dirty:                76 kB
Writeback:             0 kB
AnonPages:       1015704 kB
Mapped:           619136 kB
Shmem:              1228 kB
Slab:              98440 kB
SReclaimable:      32496 kB
SUnreclaim:        65944 kB
KernelStack:       38544 kB
PageTables:        49004 kB
NFS_Unstable:          0 kB
Bounce:                0 kB
WritebackTmp:          0 kB
CommitLimit:     2174560 kB
Committed_AS:   115091484 kB
VmallocTotal:   251658176 kB
VmallocUsed:      136376 kB
VmallocChunk:   251421740 kB
Time pass: 226 sec

---2015-11-19 15:27:30
MemTotal:        2899420 kB
MemFree:           94848 kB
Buffers:           17756 kB
Cached:           974248 kB
SwapCached:            8 kB
Active:          1313220 kB
Inactive:         681304 kB
Active(anon):     814424 kB
Inactive(anon):   202864 kB
Active(file):     498796 kB
Inactive(file):   478440 kB
Unevictable:       13532 kB
Mlocked:               0 kB
SwapTotal:        724852 kB
SwapFree:         722332 kB
Dirty:                 0 kB
Writeback:             0 kB
AnonPages:       1016108 kB
Mapped:           619164 kB
Shmem:              1228 kB
Slab:              98588 kB
SReclaimable:      32496 kB
SUnreclaim:        66092 kB
KernelStack:       38544 kB
PageTables:        49008 kB
NFS_Unstable:          0 kB
Bounce:                0 kB
WritebackTmp:          0 kB
CommitLimit:     2174560 kB
Committed_AS:   115091516 kB
VmallocTotal:   251658176 kB
VmallocUsed:      136376 kB
VmallocChunk:   251421740 kB
Time pass: 230 sec

---2015-11-19 15:27:30
MemTotal:        2899420 kB
MemFree:           94384 kB
Buffers:           17772 kB
Cached:           974288 kB
SwapCached:            8 kB
Active:          1313632 kB
Inactive:         681368 kB
Active(anon):     814836 kB
Inactive(anon):   202904 kB
Active(file):     498796 kB
Inactive(file):   478464 kB
Unevictable:       13532 kB
Mlocked:               0 kB
SwapTotal:        724852 kB
SwapFree:         722332 kB
Dirty:                60 kB
Writeback:             0 kB
AnonPages:       1016348 kB
Mapped:           619232 kB
Shmem:              1268 kB
Slab:              98588 kB
SReclaimable:      32496 kB
SUnreclaim:        66092 kB
KernelStack:       38544 kB
PageTables:        49008 kB
NFS_Unstable:          0 kB
Bounce:                0 kB
WritebackTmp:          0 kB
CommitLimit:     2174560 kB
Committed_AS:   115091516 kB
VmallocTotal:   251658176 kB
VmallocUsed:      136376 kB
VmallocChunk:   251421740 kB
Time pass: 233 sec

---2015-11-19 15:27:30
MemTotal:        2899420 kB
MemFree:           93644 kB
Buffers:           17788 kB
Cached:           974288 kB
SwapCached:            8 kB
Active:          1313424 kB
Inactive:         681384 kB
Active(anon):     814628 kB
Inactive(anon):   202904 kB
Active(file):     498796 kB
Inactive(file):   478480 kB
Unevictable:       13532 kB
Mlocked:               0 kB
SwapTotal:        724852 kB
SwapFree:         722332 kB
Dirty:                44 kB
Writeback:             0 kB
AnonPages:       1016352 kB
Mapped:           619264 kB
Shmem:              1268 kB
Slab:              98612 kB
SReclaimable:      32496 kB
SUnreclaim:        66116 kB
KernelStack:       38544 kB
PageTables:        49008 kB
NFS_Unstable:          0 kB
Bounce:                0 kB
WritebackTmp:          0 kB
CommitLimit:     2174560 kB
Committed_AS:   115091540 kB
VmallocTotal:   251658176 kB
VmallocUsed:      136376 kB
VmallocChunk:   251421740 kB
Time pass: 237 sec

---2015-11-19 15:27:30
MemTotal:        2899420 kB
MemFree:           93828 kB
Buffers:           17796 kB
Cached:           974280 kB
SwapCached:            8 kB
Active:          1314056 kB
Inactive:         681384 kB
Active(anon):     815260 kB
Inactive(anon):   202904 kB
Active(file):     498796 kB
Inactive(file):   478480 kB
Unevictable:       13532 kB
Mlocked:               0 kB
SwapTotal:        724852 kB
SwapFree:         722332 kB
Dirty:                44 kB
Writeback:             0 kB
AnonPages:       1016904 kB
Mapped:           619296 kB
Shmem:              1268 kB
Slab:              98448 kB
SReclaimable:      32496 kB
SUnreclaim:        65952 kB
KernelStack:       38544 kB
PageTables:        49052 kB
NFS_Unstable:          0 kB
Bounce:                0 kB
WritebackTmp:          0 kB
CommitLimit:     2174560 kB
Committed_AS:   115091532 kB
VmallocTotal:   251658176 kB
VmallocUsed:      136376 kB
VmallocChunk:   251421740 kB
Time pass: 241 sec

---2015-11-19 15:27:30
MemTotal:        2899420 kB
MemFree:           92872 kB
Buffers:           17812 kB
Cached:           974288 kB
SwapCached:            8 kB
Active:          1314520 kB
Inactive:         681408 kB
Active(anon):     815724 kB
Inactive(anon):   202904 kB
Active(file):     498796 kB
Inactive(file):   478504 kB
Unevictable:       13532 kB
Mlocked:               0 kB
SwapTotal:        724852 kB
SwapFree:         722332 kB
Dirty:                48 kB
Writeback:             0 kB
AnonPages:       1017120 kB
Mapped:           619320 kB
Shmem:              1268 kB
Slab:              98464 kB
SReclaimable:      32496 kB
SUnreclaim:        65968 kB
KernelStack:       38544 kB
PageTables:        49052 kB
NFS_Unstable:          0 kB
Bounce:                0 kB
WritebackTmp:          0 kB
CommitLimit:     2174560 kB
Committed_AS:   115091500 kB
VmallocTotal:   251658176 kB
VmallocUsed:      136376 kB
VmallocChunk:   251421740 kB
Time pass: 245 sec

---2015-11-19 15:27:30
MemTotal:        2899420 kB
MemFree:           93108 kB
Buffers:           17820 kB
Cached:           974280 kB
SwapCached:            8 kB
Active:          1314628 kB
Inactive:         681408 kB
Active(anon):     815832 kB
Inactive(anon):   202904 kB
Active(file):     498796 kB
Inactive(file):   478504 kB
Unevictable:       13532 kB
Mlocked:               0 kB
SwapTotal:        724852 kB
SwapFree:         722332 kB
Dirty:                36 kB
Writeback:             0 kB
AnonPages:       1017492 kB
Mapped:           619336 kB
Shmem:              1268 kB
Slab:              98588 kB
SReclaimable:      32496 kB
SUnreclaim:        66092 kB
KernelStack:       38528 kB
PageTables:        49048 kB
NFS_Unstable:          0 kB
Bounce:                0 kB
WritebackTmp:          0 kB
CommitLimit:     2174560 kB
Committed_AS:   115091524 kB
VmallocTotal:   251658176 kB
VmallocUsed:      136376 kB
VmallocChunk:   251421740 kB
Time pass: 249 sec

---2015-11-19 15:27:30
MemTotal:        2899420 kB
MemFree:           91776 kB
Buffers:           17836 kB
Cached:           974728 kB
SwapCached:            8 kB
Active:          1315296 kB
Inactive:         681728 kB
Active(anon):     816500 kB
Inactive(anon):   202904 kB
Active(file):     498796 kB
Inactive(file):   478824 kB
Unevictable:       13532 kB
Mlocked:               0 kB
SwapTotal:        724852 kB
SwapFree:         722332 kB
Dirty:                 0 kB
Writeback:             0 kB
AnonPages:       1018420 kB
Mapped:           619368 kB
Shmem:              1268 kB
Slab:              98440 kB
SReclaimable:      32496 kB
SUnreclaim:        65944 kB
KernelStack:       38528 kB
PageTables:        49044 kB
NFS_Unstable:          0 kB
Bounce:                0 kB
WritebackTmp:          0 kB
CommitLimit:     2174560 kB
Committed_AS:   115091524 kB
VmallocTotal:   251658176 kB
VmallocUsed:      136376 kB
VmallocChunk:   251421740 kB
Time pass: 253 sec

---2015-11-19 15:27:30
MemTotal:        2899420 kB
MemFree:           90536 kB
Buffers:           17844 kB
Cached:           975016 kB
SwapCached:            8 kB
Active:          1316220 kB
Inactive:         682160 kB
Active(anon):     817416 kB
Inactive(anon):   202948 kB
Active(file):     498804 kB
Inactive(file):   479212 kB
Unevictable:       13532 kB
Mlocked:               0 kB
SwapTotal:        724852 kB
SwapFree:         722332 kB
Dirty:                 0 kB
Writeback:             0 kB
AnonPages:       1018972 kB
Mapped:           619636 kB
Shmem:              1312 kB
Slab:              98456 kB
SReclaimable:      32496 kB
SUnreclaim:        65960 kB
KernelStack:       38528 kB
PageTables:        49052 kB
NFS_Unstable:          0 kB
Bounce:                0 kB
WritebackTmp:          0 kB
CommitLimit:     2174560 kB
Committed_AS:   115091724 kB
VmallocTotal:   251658176 kB
VmallocUsed:      136376 kB
VmallocChunk:   251421740 kB
Time pass: 257 sec

---2015-11-19 15:27:30
MemTotal:        2899420 kB
MemFree:           90404 kB
Buffers:           17860 kB
Cached:           975024 kB
SwapCached:            8 kB
Active:          1315816 kB
Inactive:         682184 kB
Active(anon):     817012 kB
Inactive(anon):   202948 kB
Active(file):     498804 kB
Inactive(file):   479236 kB
Unevictable:       13532 kB
Mlocked:               0 kB
SwapTotal:        724852 kB
SwapFree:         722332 kB
Dirty:                60 kB
Writeback:             0 kB
AnonPages:       1018472 kB
Mapped:           619668 kB
Shmem:              1312 kB
Slab:              98452 kB
SReclaimable:      32496 kB
SUnreclaim:        65956 kB
KernelStack:       38528 kB
PageTables:        49064 kB
NFS_Unstable:          0 kB
Bounce:                0 kB
WritebackTmp:          0 kB
CommitLimit:     2174560 kB
Committed_AS:   115095844 kB
VmallocTotal:   251658176 kB
VmallocUsed:      136388 kB
VmallocChunk:   251421740 kB
Time pass: 261 sec

---2015-11-19 15:27:30
MemTotal:        2899420 kB
MemFree:           90060 kB
Buffers:           17868 kB
Cached:           975016 kB
SwapCached:            8 kB
Active:          1315832 kB
Inactive:         682184 kB
Active(anon):     817028 kB
Inactive(anon):   202948 kB
Active(file):     498804 kB
Inactive(file):   479236 kB
Unevictable:       13532 kB
Mlocked:               0 kB
SwapTotal:        724852 kB
SwapFree:         722332 kB
Dirty:                 0 kB
Writeback:             0 kB
AnonPages:       1018464 kB
Mapped:           619716 kB
Shmem:              1312 kB
Slab:              98588 kB
SReclaimable:      32496 kB
SUnreclaim:        66092 kB
KernelStack:       38528 kB
PageTables:        49060 kB
NFS_Unstable:          0 kB
Bounce:                0 kB
WritebackTmp:          0 kB
CommitLimit:     2174560 kB
Committed_AS:   115095860 kB
VmallocTotal:   251658176 kB
VmallocUsed:      136388 kB
VmallocChunk:   251421740 kB
Time pass: 264 sec

---2015-11-19 15:27:30
MemTotal:        2899420 kB
MemFree:           89624 kB
Buffers:           17884 kB
Cached:           975024 kB
SwapCached:            8 kB
Active:          1316116 kB
Inactive:         682208 kB
Active(anon):     817312 kB
Inactive(anon):   202948 kB
Active(file):     498804 kB
Inactive(file):   479260 kB
Unevictable:       13532 kB
Mlocked:               0 kB
SwapTotal:        724852 kB
SwapFree:         722332 kB
Dirty:                44 kB
Writeback:             0 kB
AnonPages:       1019032 kB
Mapped:           619656 kB
Shmem:              1312 kB
Slab:              98444 kB
SReclaimable:      32496 kB
SUnreclaim:        65948 kB
KernelStack:       38544 kB
PageTables:        49028 kB
NFS_Unstable:          0 kB
Bounce:                0 kB
WritebackTmp:          0 kB
CommitLimit:     2174560 kB
Committed_AS:   115095820 kB
VmallocTotal:   251658176 kB
VmallocUsed:      136388 kB
VmallocChunk:   251421740 kB
Time pass: 268 sec

---2015-11-19 15:27:30
MemTotal:        2899420 kB
MemFree:           89628 kB
Buffers:           17900 kB
Cached:           975012 kB
SwapCached:            8 kB
Active:          1316632 kB
Inactive:         682208 kB
Active(anon):     817828 kB
Inactive(anon):   202948 kB
Active(file):     498804 kB
Inactive(file):   479260 kB
Unevictable:       13532 kB
Mlocked:               0 kB
SwapTotal:        724852 kB
SwapFree:         722332 kB
Dirty:                 4 kB
Writeback:             0 kB
AnonPages:       1019360 kB
Mapped:           619768 kB
Shmem:              1312 kB
Slab:              98460 kB
SReclaimable:      32496 kB
SUnreclaim:        65964 kB
KernelStack:       38544 kB
PageTables:        49072 kB
NFS_Unstable:          0 kB
Bounce:                0 kB
WritebackTmp:          0 kB
CommitLimit:     2174560 kB
Committed_AS:   115095836 kB
VmallocTotal:   251658176 kB
VmallocUsed:      136388 kB
VmallocChunk:   251421740 kB
Time pass: 272 sec

---2015-11-19 15:27:30
MemTotal:        2899420 kB
MemFree:           88796 kB
Buffers:           17900 kB
Cached:           975024 kB
SwapCached:            8 kB
Active:          1316888 kB
Inactive:         682224 kB
Active(anon):     818084 kB
Inactive(anon):   202948 kB
Active(file):     498804 kB
Inactive(file):   479276 kB
Unevictable:       13532 kB
Mlocked:               0 kB
SwapTotal:        724852 kB
SwapFree:         722332 kB
Dirty:                40 kB
Writeback:             0 kB
AnonPages:       1019800 kB
Mapped:           619804 kB
Shmem:              1312 kB
Slab:              98588 kB
SReclaimable:      32496 kB
SUnreclaim:        66092 kB
KernelStack:       38544 kB
PageTables:        49064 kB
NFS_Unstable:          0 kB
Bounce:                0 kB
WritebackTmp:          0 kB
CommitLimit:     2174560 kB
Committed_AS:   115095868 kB
VmallocTotal:   251658176 kB
VmallocUsed:      136388 kB
VmallocChunk:   251421740 kB
Time pass: 276 sec

---2015-11-19 15:27:30
MemTotal:        2899420 kB
MemFree:           88832 kB
Buffers:           17908 kB
Cached:           975036 kB
SwapCached:            8 kB
Active:          1317012 kB
Inactive:         682244 kB
Active(anon):     818208 kB
Inactive(anon):   202960 kB
Active(file):     498804 kB
Inactive(file):   479284 kB
Unevictable:       13532 kB
Mlocked:               0 kB
SwapTotal:        724852 kB
SwapFree:         722332 kB
Dirty:                32 kB
Writeback:             0 kB
AnonPages:       1020152 kB
Mapped:           619840 kB
Shmem:              1324 kB
Slab:              98456 kB
SReclaimable:      32496 kB
SUnreclaim:        65960 kB
KernelStack:       38528 kB
PageTables:        49060 kB
NFS_Unstable:          0 kB
Bounce:                0 kB
WritebackTmp:          0 kB
CommitLimit:     2174560 kB
Committed_AS:   115095848 kB
VmallocTotal:   251658176 kB
VmallocUsed:      136388 kB
VmallocChunk:   251421740 kB
Time pass: 279 sec

---2015-11-19 15:27:30
MemTotal:        2899420 kB
MemFree:           88644 kB
Buffers:           17924 kB
Cached:           975036 kB
SwapCached:            8 kB
Active:          1316956 kB
Inactive:         682260 kB
Active(anon):     818152 kB
Inactive(anon):   202960 kB
Active(file):     498804 kB
Inactive(file):   479300 kB
Unevictable:       13532 kB
Mlocked:               0 kB
SwapTotal:        724852 kB
SwapFree:         722332 kB
Dirty:                40 kB
Writeback:             0 kB
AnonPages:       1019680 kB
Mapped:           619868 kB
Shmem:              1324 kB
Slab:              98604 kB
SReclaimable:      32496 kB
SUnreclaim:        66108 kB
KernelStack:       38528 kB
PageTables:        49064 kB
NFS_Unstable:          0 kB
Bounce:                0 kB
WritebackTmp:          0 kB
CommitLimit:     2174560 kB
Committed_AS:   115095844 kB
VmallocTotal:   251658176 kB
VmallocUsed:      136388 kB
VmallocChunk:   251421740 kB
Time pass: 283 sec

---2015-11-19 15:27:30
MemTotal:        2899420 kB
MemFree:           88428 kB
Buffers:           17932 kB
Cached:           975084 kB
SwapCached:            8 kB
Active:          1317132 kB
Inactive:         682316 kB
Active(anon):     818328 kB
Inactive(anon):   202960 kB
Active(file):     498804 kB
Inactive(file):   479356 kB
Unevictable:       13532 kB
Mlocked:               0 kB
SwapTotal:        724852 kB
SwapFree:         722332 kB
Dirty:                32 kB
Writeback:             0 kB
AnonPages:       1020016 kB
Mapped:           619908 kB
Shmem:              1324 kB
Slab:              98628 kB
SReclaimable:      32496 kB
SUnreclaim:        66132 kB
KernelStack:       38512 kB
PageTables:        49068 kB
NFS_Unstable:          0 kB
Bounce:                0 kB
WritebackTmp:          0 kB
CommitLimit:     2174560 kB
Committed_AS:   115095908 kB
VmallocTotal:   251658176 kB
VmallocUsed:      136388 kB
VmallocChunk:   251421740 kB
Time pass: 287 sec

---2015-11-19 15:27:30
MemTotal:        2899420 kB
MemFree:           88372 kB
Buffers:           17948 kB
Cached:           975084 kB
SwapCached:            8 kB
Active:          1317940 kB
Inactive:         682332 kB
Active(anon):     819136 kB
Inactive(anon):   202960 kB
Active(file):     498804 kB
Inactive(file):   479372 kB
Unevictable:       13532 kB
Mlocked:               0 kB
SwapTotal:        724852 kB
SwapFree:         722332 kB
Dirty:                44 kB
Writeback:             0 kB
AnonPages:       1020756 kB
Mapped:           619896 kB
Shmem:              1324 kB
Slab:              98448 kB
SReclaimable:      32496 kB
SUnreclaim:        65952 kB
KernelStack:       38496 kB
PageTables:        49056 kB
NFS_Unstable:          0 kB
Bounce:                0 kB
WritebackTmp:          0 kB
CommitLimit:     2174560 kB
Committed_AS:   115095908 kB
VmallocTotal:   251658176 kB
VmallocUsed:      136388 kB
VmallocChunk:   251421740 kB
Time pass: 291 sec

---2015-11-19 15:27:30
MemTotal:        2899420 kB
MemFree:           87408 kB
Buffers:           17956 kB
Cached:           975084 kB
SwapCached:            8 kB
Active:          1318124 kB
Inactive:         682332 kB
Active(anon):     819312 kB
Inactive(anon):   202960 kB
Active(file):     498812 kB
Inactive(file):   479372 kB
Unevictable:       13532 kB
Mlocked:               0 kB
SwapTotal:        724852 kB
SwapFree:         722332 kB
Dirty:                32 kB
Writeback:             0 kB
AnonPages:       1020916 kB
Mapped:           619960 kB
Shmem:              1324 kB
Slab:              98640 kB
SReclaimable:      32496 kB
SUnreclaim:        66144 kB
KernelStack:       38496 kB
PageTables:        49056 kB
NFS_Unstable:          0 kB
Bounce:                0 kB
WritebackTmp:          0 kB
CommitLimit:     2174560 kB
Committed_AS:   115095876 kB
VmallocTotal:   251658176 kB
VmallocUsed:      136388 kB
VmallocChunk:   251421740 kB
Time pass: 294 sec

---2015-11-19 15:27:30
MemTotal:        2899420 kB
MemFree:           87264 kB
Buffers:           17972 kB
Cached:           975084 kB
SwapCached:            8 kB
Active:          1318364 kB
Inactive:         682348 kB
Active(anon):     819552 kB
Inactive(anon):   202960 kB
Active(file):     498812 kB
Inactive(file):   479388 kB
Unevictable:       13532 kB
Mlocked:               0 kB
SwapTotal:        724852 kB
SwapFree:         722332 kB
Dirty:                 0 kB
Writeback:             0 kB
AnonPages:       1021116 kB
Mapped:           619916 kB
Shmem:              1324 kB
Slab:              98784 kB
SReclaimable:      32496 kB
SUnreclaim:        66288 kB
KernelStack:       38464 kB
PageTables:        49036 kB
NFS_Unstable:          0 kB
Bounce:                0 kB
WritebackTmp:          0 kB
CommitLimit:     2174560 kB
Committed_AS:   115095860 kB
VmallocTotal:   251658176 kB
VmallocUsed:      136388 kB
VmallocChunk:   251421740 kB
Time pass: 298 sec

---2015-11-19 15:27:30
MemTotal:        2899420 kB
MemFree:           86616 kB
Buffers:           17988 kB
Cached:           975084 kB
SwapCached:            8 kB
Active:          1318652 kB
Inactive:         682364 kB
Active(anon):     819840 kB
Inactive(anon):   202960 kB
Active(file):     498812 kB
Inactive(file):   479404 kB
Unevictable:       13532 kB
Mlocked:               0 kB
SwapTotal:        724852 kB
SwapFree:         722332 kB
Dirty:                44 kB
Writeback:             0 kB
AnonPages:       1021332 kB
Mapped:           620020 kB
Shmem:              1324 kB
Slab:              98664 kB
SReclaimable:      32496 kB
SUnreclaim:        66168 kB
KernelStack:       38496 kB
PageTables:        49060 kB
NFS_Unstable:          0 kB
Bounce:                0 kB
WritebackTmp:          0 kB
CommitLimit:     2174560 kB
Committed_AS:   115095852 kB
VmallocTotal:   251658176 kB
VmallocUsed:      136388 kB
VmallocChunk:   251421740 kB
Time pass: 302 sec

---2015-11-19 15:27:30
MemTotal:        2899420 kB
MemFree:           86580 kB
Buffers:           17996 kB
Cached:           975080 kB
SwapCached:            8 kB
Active:          1318776 kB
Inactive:         682364 kB
Active(anon):     819964 kB
Inactive(anon):   202960 kB
Active(file):     498812 kB
Inactive(file):   479404 kB
Unevictable:       13532 kB
Mlocked:               0 kB
SwapTotal:        724852 kB
SwapFree:         722332 kB
Dirty:                 0 kB
Writeback:             0 kB
AnonPages:       1021436 kB
Mapped:           620052 kB
Shmem:              1324 kB
Slab:              98488 kB
SReclaimable:      32496 kB
SUnreclaim:        65992 kB
KernelStack:       38496 kB
PageTables:        49060 kB
NFS_Unstable:          0 kB
Bounce:                0 kB
WritebackTmp:          0 kB
CommitLimit:     2174560 kB
Committed_AS:   115095860 kB
VmallocTotal:   251658176 kB
VmallocUsed:      136388 kB
VmallocChunk:   251421740 kB
Time pass: 306 sec

---2015-11-19 15:27:30
MemTotal:        2899420 kB
MemFree:           86732 kB
Buffers:           18012 kB
Cached:           975084 kB
SwapCached:            8 kB
Active:          1319608 kB
Inactive:         682388 kB
Active(anon):     820796 kB
Inactive(anon):   202960 kB
Active(file):     498812 kB
Inactive(file):   479428 kB
Unevictable:       13532 kB
Mlocked:               0 kB
SwapTotal:        724852 kB
SwapFree:         722332 kB
Dirty:                76 kB
Writeback:             0 kB
AnonPages:       1022460 kB
Mapped:           620080 kB
Shmem:              1324 kB
Slab:              98448 kB
SReclaimable:      32496 kB
SUnreclaim:        65952 kB
KernelStack:       38512 kB
PageTables:        49052 kB
NFS_Unstable:          0 kB
Bounce:                0 kB
WritebackTmp:          0 kB
CommitLimit:     2174560 kB
Committed_AS:   115095860 kB
VmallocTotal:   251658176 kB
VmallocUsed:      136388 kB
VmallocChunk:   251421740 kB
Time pass: 310 sec

---2015-11-19 15:27:30
MemTotal:        2899420 kB
MemFree:           86320 kB
Buffers:           18020 kB
Cached:           975084 kB
SwapCached:            8 kB
Active:          1319824 kB
Inactive:         682388 kB
Active(anon):     821012 kB
Inactive(anon):   202960 kB
Active(file):     498812 kB
Inactive(file):   479428 kB
Unevictable:       13532 kB
Mlocked:               0 kB
SwapTotal:        724852 kB
SwapFree:         722332 kB
Dirty:                80 kB
Writeback:             0 kB
AnonPages:       1022540 kB
Mapped:           620024 kB
Shmem:              1324 kB
Slab:              98484 kB
SReclaimable:      32496 kB
SUnreclaim:        65988 kB
KernelStack:       38496 kB
PageTables:        49024 kB
NFS_Unstable:          0 kB
Bounce:                0 kB
WritebackTmp:          0 kB
CommitLimit:     2174560 kB
Committed_AS:   115095860 kB
VmallocTotal:   251658176 kB
VmallocUsed:      136388 kB
VmallocChunk:   251421740 kB
Time pass: 314 sec

---2015-11-19 15:27:30
MemTotal:        2899420 kB
MemFree:           82828 kB
Buffers:           18036 kB
Cached:           975244 kB
SwapCached:            8 kB
Active:          1322956 kB
Inactive:         682332 kB
Active(anon):     823904 kB
Inactive(anon):   202960 kB
Active(file):     499052 kB
Inactive(file):   479372 kB
Unevictable:       13532 kB
Mlocked:               0 kB
SwapTotal:        724852 kB
SwapFree:         722332 kB
Dirty:                 0 kB
Writeback:             0 kB
AnonPages:       1025392 kB
Mapped:           621276 kB
Shmem:              1324 kB
Slab:              98624 kB
SReclaimable:      32496 kB
SUnreclaim:        66128 kB
KernelStack:       38720 kB
PageTables:        49500 kB
NFS_Unstable:          0 kB
Bounce:                0 kB
WritebackTmp:          0 kB
CommitLimit:     2174560 kB
Committed_AS:   116331728 kB
VmallocTotal:   251658176 kB
VmallocUsed:      137408 kB
VmallocChunk:   251421740 kB
Time pass: 317 sec

---2015-11-19 15:27:30
MemTotal:        2899420 kB
MemFree:           80764 kB
Buffers:           18044 kB
Cached:           975268 kB
SwapCached:            8 kB
Active:          1323968 kB
Inactive:         682364 kB
Active(anon):     824916 kB
Inactive(anon):   202960 kB
Active(file):     499052 kB
Inactive(file):   479404 kB
Unevictable:       13532 kB
Mlocked:               0 kB
SwapTotal:        724852 kB
SwapFree:         722332 kB
Dirty:                 0 kB
Writeback:             0 kB
AnonPages:       1026832 kB
Mapped:           621300 kB
Shmem:              1324 kB
Slab:              98628 kB
SReclaimable:      32496 kB
SUnreclaim:        66132 kB
KernelStack:       38736 kB
PageTables:        49496 kB
NFS_Unstable:          0 kB
Bounce:                0 kB
WritebackTmp:          0 kB
CommitLimit:     2174560 kB
Committed_AS:   116331968 kB
VmallocTotal:   251658176 kB
VmallocUsed:      137408 kB
VmallocChunk:   251421740 kB
Time pass: 322 sec

---2015-11-19 15:27:30
MemTotal:        2899420 kB
MemFree:           79860 kB
Buffers:           18060 kB
Cached:           975268 kB
SwapCached:            8 kB
Active:          1324548 kB
Inactive:         682380 kB
Active(anon):     825496 kB
Inactive(anon):   202960 kB
Active(file):     499052 kB
Inactive(file):   479420 kB
Unevictable:       13532 kB
Mlocked:               0 kB
SwapTotal:        724852 kB
SwapFree:         722332 kB
Dirty:                40 kB
Writeback:             0 kB
AnonPages:       1027128 kB
Mapped:           621388 kB
Shmem:              1324 kB
Slab:              98596 kB
SReclaimable:      32496 kB
SUnreclaim:        66100 kB
KernelStack:       38736 kB
PageTables:        49536 kB
NFS_Unstable:          0 kB
Bounce:                0 kB
WritebackTmp:          0 kB
CommitLimit:     2174560 kB
Committed_AS:   116331976 kB
VmallocTotal:   251658176 kB
VmallocUsed:      137408 kB
VmallocChunk:   251421740 kB
Time pass: 325 sec

---2015-11-19 15:27:30
MemTotal:        2899420 kB
MemFree:           80492 kB
Buffers:           18076 kB
Cached:           975268 kB
SwapCached:            8 kB
Active:          1324824 kB
Inactive:         682396 kB
Active(anon):     825772 kB
Inactive(anon):   202960 kB
Active(file):     499052 kB
Inactive(file):   479436 kB
Unevictable:       13532 kB
Mlocked:               0 kB
SwapTotal:        724852 kB
SwapFree:         722332 kB
Dirty:                 0 kB
Writeback:             0 kB
AnonPages:       1027332 kB
Mapped:           621368 kB
Shmem:              1324 kB
Slab:              98592 kB
SReclaimable:      32496 kB
SUnreclaim:        66096 kB
KernelStack:       38736 kB
PageTables:        49496 kB
NFS_Unstable:          0 kB
Bounce:                0 kB
WritebackTmp:          0 kB
CommitLimit:     2174560 kB
Committed_AS:   116331976 kB
VmallocTotal:   251658176 kB
VmallocUsed:      137408 kB
VmallocChunk:   251421740 kB
Time pass: 329 sec

---2015-11-19 15:27:30
MemTotal:        2899420 kB
MemFree:           79800 kB
Buffers:           18076 kB
Cached:           975268 kB
SwapCached:            8 kB
Active:          1324672 kB
Inactive:         682396 kB
Active(anon):     825620 kB
Inactive(anon):   202960 kB
Active(file):     499052 kB
Inactive(file):   479436 kB
Unevictable:       13532 kB
Mlocked:               0 kB
SwapTotal:        724852 kB
SwapFree:         722332 kB
Dirty:                 0 kB
Writeback:             0 kB
AnonPages:       1027304 kB
Mapped:           621396 kB
Shmem:              1324 kB
Slab:              98612 kB
SReclaimable:      32496 kB
SUnreclaim:        66116 kB
KernelStack:       38736 kB
PageTables:        49516 kB
NFS_Unstable:          0 kB
Bounce:                0 kB
WritebackTmp:          0 kB
CommitLimit:     2174560 kB
Committed_AS:   116331960 kB
VmallocTotal:   251658176 kB
VmallocUsed:      137408 kB
VmallocChunk:   251421740 kB
Time pass: 333 sec

---2015-11-19 15:27:30
MemTotal:        2899420 kB
MemFree:           79824 kB
Buffers:           18100 kB
Cached:           975268 kB
SwapCached:            8 kB
Active:          1325004 kB
Inactive:         682420 kB
Active(anon):     825952 kB
Inactive(anon):   202960 kB
Active(file):     499052 kB
Inactive(file):   479460 kB
Unevictable:       13532 kB
Mlocked:               0 kB
SwapTotal:        724852 kB
SwapFree:         722332 kB
Dirty:                40 kB
Writeback:             0 kB
AnonPages:       1027680 kB
Mapped:           621552 kB
Shmem:              1324 kB
Slab:              98804 kB
SReclaimable:      32496 kB
SUnreclaim:        66308 kB
KernelStack:       38736 kB
PageTables:        49572 kB
NFS_Unstable:          0 kB
Bounce:                0 kB
WritebackTmp:          0 kB
CommitLimit:     2174560 kB
Committed_AS:   116331948 kB
VmallocTotal:   251658176 kB
VmallocUsed:      137408 kB
VmallocChunk:   251421740 kB
Time pass: 337 sec

---2015-11-19 15:27:30
MemTotal:        2899420 kB
MemFree:           79240 kB
Buffers:           18100 kB
Cached:           975268 kB
SwapCached:            8 kB
Active:          1325172 kB
Inactive:         682420 kB
Active(anon):     826120 kB
Inactive(anon):   202960 kB
Active(file):     499052 kB
Inactive(file):   479460 kB
Unevictable:       13532 kB
Mlocked:               0 kB
SwapTotal:        724852 kB
SwapFree:         722332 kB
Dirty:                 0 kB
Writeback:             0 kB
AnonPages:       1027904 kB
Mapped:           621580 kB
Shmem:              1324 kB
Slab:              98796 kB
SReclaimable:      32496 kB
SUnreclaim:        66300 kB
KernelStack:       38736 kB
PageTables:        49576 kB
NFS_Unstable:          0 kB
Bounce:                0 kB
WritebackTmp:          0 kB
CommitLimit:     2174560 kB
Committed_AS:   116331968 kB
VmallocTotal:   251658176 kB
VmallocUsed:      137408 kB
VmallocChunk:   251421740 kB
Time pass: 341 sec

---2015-11-19 15:27:30
MemTotal:        2899420 kB
MemFree:           79264 kB
Buffers:           18124 kB
Cached:           975268 kB
SwapCached:            8 kB
Active:          1325648 kB
Inactive:         682444 kB
Active(anon):     826596 kB
Inactive(anon):   202960 kB
Active(file):     499052 kB
Inactive(file):   479484 kB
Unevictable:       13532 kB
Mlocked:               0 kB
SwapTotal:        724852 kB
SwapFree:         722332 kB
Dirty:                44 kB
Writeback:             0 kB
AnonPages:       1028364 kB
Mapped:           621616 kB
Shmem:              1324 kB
Slab:              98788 kB
SReclaimable:      32496 kB
SUnreclaim:        66292 kB
KernelStack:       38736 kB
PageTables:        49572 kB
NFS_Unstable:          0 kB
Bounce:                0 kB
WritebackTmp:          0 kB
CommitLimit:     2174560 kB
Committed_AS:   116331968 kB
VmallocTotal:   251658176 kB
VmallocUsed:      137408 kB
VmallocChunk:   251421740 kB
Time pass: 345 sec

---2015-11-19 15:27:30
MemTotal:        2899420 kB
MemFree:           78904 kB
Buffers:           18124 kB
Cached:           975268 kB
SwapCached:            8 kB
Active:          1325892 kB
Inactive:         682444 kB
Active(anon):     826840 kB
Inactive(anon):   202960 kB
Active(file):     499052 kB
Inactive(file):   479484 kB
Unevictable:       13532 kB
Mlocked:               0 kB
SwapTotal:        724852 kB
SwapFree:         722332 kB
Dirty:                 0 kB
Writeback:             0 kB
AnonPages:       1028412 kB
Mapped:           621652 kB
Shmem:              1324 kB
Slab:              98820 kB
SReclaimable:      32496 kB
SUnreclaim:        66324 kB
KernelStack:       38736 kB
PageTables:        49576 kB
NFS_Unstable:          0 kB
Bounce:                0 kB
WritebackTmp:          0 kB
CommitLimit:     2174560 kB
Committed_AS:   116331960 kB
VmallocTotal:   251658176 kB
VmallocUsed:      137408 kB
VmallocChunk:   251421740 kB
Time pass: 349 sec

---2015-11-19 15:27:30
MemTotal:        2899420 kB
MemFree:           78084 kB
Buffers:           18148 kB
Cached:           975280 kB
SwapCached:            8 kB
Active:          1326252 kB
Inactive:         682480 kB
Active(anon):     827200 kB
Inactive(anon):   202972 kB
Active(file):     499052 kB
Inactive(file):   479508 kB
Unevictable:       13532 kB
Mlocked:               0 kB
SwapTotal:        724852 kB
SwapFree:         722332 kB
Dirty:                40 kB
Writeback:             0 kB
AnonPages:       1028768 kB
Mapped:           621696 kB
Shmem:              1336 kB
Slab:              98736 kB
SReclaimable:      32496 kB
SUnreclaim:        66240 kB
KernelStack:       38736 kB
PageTables:        49580 kB
NFS_Unstable:          0 kB
Bounce:                0 kB
WritebackTmp:          0 kB
CommitLimit:     2174560 kB
Committed_AS:   116331976 kB
VmallocTotal:   251658176 kB
VmallocUsed:      137408 kB
VmallocChunk:   251421740 kB
Time pass: 352 sec

---2015-11-19 15:27:30
MemTotal:        2899420 kB
MemFree:           77964 kB
Buffers:           18164 kB
Cached:           975268 kB
SwapCached:            8 kB
Active:          1326732 kB
Inactive:         682476 kB
Active(anon):     827680 kB
Inactive(anon):   202968 kB
Active(file):     499052 kB
Inactive(file):   479508 kB
Unevictable:       13532 kB
Mlocked:               0 kB
SwapTotal:        724852 kB
SwapFree:         722332 kB
Dirty:                40 kB
Writeback:             0 kB
AnonPages:       1029208 kB
Mapped:           621636 kB
Shmem:              1336 kB
Slab:              98652 kB
SReclaimable:      32496 kB
SUnreclaim:        66156 kB
KernelStack:       38752 kB
PageTables:        49544 kB
NFS_Unstable:          0 kB
Bounce:                0 kB
WritebackTmp:          0 kB
CommitLimit:     2174560 kB
Committed_AS:   116331944 kB
VmallocTotal:   251658176 kB
VmallocUsed:      137408 kB
VmallocChunk:   251421740 kB
Time pass: 356 sec

---2015-11-19 15:27:30
MemTotal:        2899420 kB
MemFree:           77628 kB
Buffers:           18164 kB
Cached:           975280 kB
SwapCached:            8 kB
Active:          1326956 kB
Inactive:         682492 kB
Active(anon):     827904 kB
Inactive(anon):   202968 kB
Active(file):     499052 kB
Inactive(file):   479524 kB
Unevictable:       13532 kB
Mlocked:               0 kB
SwapTotal:        724852 kB
SwapFree:         722332 kB
Dirty:                44 kB
Writeback:             0 kB
AnonPages:       1029628 kB
Mapped:           621664 kB
Shmem:              1336 kB
Slab:              98632 kB
SReclaimable:      32496 kB
SUnreclaim:        66136 kB
KernelStack:       38752 kB
PageTables:        49552 kB
NFS_Unstable:          0 kB
Bounce:                0 kB
WritebackTmp:          0 kB
CommitLimit:     2174560 kB
Committed_AS:   116331976 kB
VmallocTotal:   251658176 kB
VmallocUsed:      137408 kB
VmallocChunk:   251421740 kB
Time pass: 360 sec

---2015-11-19 15:27:30
MemTotal:        2899420 kB
MemFree:           76712 kB
Buffers:           18188 kB
Cached:           975280 kB
SwapCached:            8 kB
Active:          1327276 kB
Inactive:         682508 kB
Active(anon):     828224 kB
Inactive(anon):   202968 kB
Active(file):     499052 kB
Inactive(file):   479540 kB
Unevictable:       13532 kB
Mlocked:               0 kB
SwapTotal:        724852 kB
SwapFree:         722332 kB
Dirty:                44 kB
Writeback:             8 kB
AnonPages:       1029988 kB
Mapped:           621700 kB
Shmem:              1336 kB
Slab:              98656 kB
SReclaimable:      32496 kB
SUnreclaim:        66160 kB
KernelStack:       38736 kB
PageTables:        49552 kB
NFS_Unstable:          0 kB
Bounce:                0 kB
WritebackTmp:          0 kB
CommitLimit:     2174560 kB
Committed_AS:   116331904 kB
VmallocTotal:   251658176 kB
VmallocUsed:      137408 kB
VmallocChunk:   251421740 kB
Time pass: 364 sec

---2015-11-19 15:27:30
MemTotal:        2899420 kB
MemFree:           77084 kB
Buffers:           18188 kB
Cached:           975288 kB
SwapCached:            8 kB
Active:          1328216 kB
Inactive:         682524 kB
Active(anon):     829164 kB
Inactive(anon):   202968 kB
Active(file):     499052 kB
Inactive(file):   479556 kB
Unevictable:       13532 kB
Mlocked:               0 kB
SwapTotal:        724852 kB
SwapFree:         722332 kB
Dirty:                 0 kB
Writeback:             0 kB
AnonPages:       1030852 kB
Mapped:           621684 kB
Shmem:              1336 kB
Slab:              98576 kB
SReclaimable:      32496 kB
SUnreclaim:        66080 kB
KernelStack:       38736 kB
PageTables:        49524 kB
NFS_Unstable:          0 kB
Bounce:                0 kB
WritebackTmp:          0 kB
CommitLimit:     2174560 kB
Committed_AS:   116331952 kB
VmallocTotal:   251658176 kB
VmallocUsed:      137408 kB
VmallocChunk:   251421740 kB
Time pass: 367 sec

---2015-11-19 15:27:30
MemTotal:        2899420 kB
MemFree:           75616 kB
Buffers:           18196 kB
Cached:           975288 kB
SwapCached:            8 kB
Active:          1329384 kB
Inactive:         682388 kB
Active(anon):     830188 kB
Inactive(anon):   202968 kB
Active(file):     499196 kB
Inactive(file):   479420 kB
Unevictable:       13532 kB
Mlocked:               0 kB
SwapTotal:        724852 kB
SwapFree:         722332 kB
Dirty:               288 kB
Writeback:             0 kB
AnonPages:       1031840 kB
Mapped:           621128 kB
Shmem:              1336 kB
Slab:              98744 kB
SReclaimable:      32496 kB
SUnreclaim:        66248 kB
KernelStack:       38464 kB
PageTables:        49260 kB
NFS_Unstable:          0 kB
Bounce:                0 kB
WritebackTmp:          0 kB
CommitLimit:     2174560 kB
Committed_AS:   116331668 kB
VmallocTotal:   251658176 kB
VmallocUsed:      137408 kB
VmallocChunk:   251421740 kB
Time pass: 371 sec

---2015-11-19 15:27:30
MemTotal:        2899420 kB
MemFree:           76060 kB
Buffers:           18212 kB
Cached:           975276 kB
SwapCached:            8 kB
Active:          1328896 kB
Inactive:         682440 kB
Active(anon):     829748 kB
Inactive(anon):   202968 kB
Active(file):     499148 kB
Inactive(file):   479472 kB
Unevictable:       13532 kB
Mlocked:               0 kB
SwapTotal:        724852 kB
SwapFree:         722332 kB
Dirty:                 0 kB
Writeback:             0 kB
AnonPages:       1031416 kB
Mapped:           621572 kB
Shmem:              1336 kB
Slab:              98748 kB
SReclaimable:      32496 kB
SUnreclaim:        66252 kB
KernelStack:       38768 kB
PageTables:        49508 kB
NFS_Unstable:          0 kB
Bounce:                0 kB
WritebackTmp:          0 kB
CommitLimit:     2174560 kB
Committed_AS:   116332384 kB
VmallocTotal:   251658176 kB
VmallocUsed:      137408 kB
VmallocChunk:   251421740 kB
Time pass: 375 sec

---2015-11-19 15:27:30
MemTotal:        2899420 kB
MemFree:           82996 kB
Buffers:           18220 kB
Cached:           975276 kB
SwapCached:            8 kB
Active:          1321288 kB
Inactive:         682448 kB
Active(anon):     822140 kB
Inactive(anon):   202968 kB
Active(file):     499148 kB
Inactive(file):   479480 kB
Unevictable:       13532 kB
Mlocked:               0 kB
SwapTotal:        724852 kB
SwapFree:         722332 kB
Dirty:                64 kB
Writeback:             0 kB
AnonPages:       1023952 kB
Mapped:           621624 kB
Shmem:              1336 kB
Slab:              98776 kB
SReclaimable:      32512 kB
SUnreclaim:        66264 kB
KernelStack:       38736 kB
PageTables:        49520 kB
NFS_Unstable:          0 kB
Bounce:                0 kB
WritebackTmp:          0 kB
CommitLimit:     2174560 kB
Committed_AS:   116332200 kB
VmallocTotal:   251658176 kB
VmallocUsed:      137408 kB
VmallocChunk:   251421740 kB
Time pass: 379 sec

---2015-11-19 15:27:30
MemTotal:        2899420 kB
MemFree:           84036 kB
Buffers:           18236 kB
Cached:           975276 kB
SwapCached:            8 kB
Active:          1321528 kB
Inactive:         682464 kB
Active(anon):     822380 kB
Inactive(anon):   202968 kB
Active(file):     499148 kB
Inactive(file):   479496 kB
Unevictable:       13532 kB
Mlocked:               0 kB
SwapTotal:        724852 kB
SwapFree:         722332 kB
Dirty:                 0 kB
Writeback:             0 kB
AnonPages:       1024300 kB
Mapped:           621652 kB
Shmem:              1336 kB
Slab:              98620 kB
SReclaimable:      32512 kB
SUnreclaim:        66108 kB
KernelStack:       38720 kB
PageTables:        49524 kB
NFS_Unstable:          0 kB
Bounce:                0 kB
WritebackTmp:          0 kB
CommitLimit:     2174560 kB
Committed_AS:   116332152 kB
VmallocTotal:   251658176 kB
VmallocUsed:      137408 kB
VmallocChunk:   251421740 kB
Time pass: 382 sec

---2015-11-19 15:27:30
MemTotal:        2899420 kB
MemFree:           83184 kB
Buffers:           18252 kB
Cached:           975288 kB
SwapCached:            8 kB
Active:          1321652 kB
Inactive:         682504 kB
Active(anon):     822516 kB
Inactive(anon):   202968 kB
Active(file):     499136 kB
Inactive(file):   479536 kB
Unevictable:       13532 kB
Mlocked:               0 kB
SwapTotal:        724852 kB
SwapFree:         722332 kB
Dirty:                40 kB
Writeback:             0 kB
AnonPages:       1024196 kB
Mapped:           621816 kB
Shmem:              1336 kB
Slab:              98636 kB
SReclaimable:      32512 kB
SUnreclaim:        66124 kB
KernelStack:       38736 kB
PageTables:        49532 kB
NFS_Unstable:          0 kB
Bounce:                0 kB
WritebackTmp:          0 kB
CommitLimit:     2174560 kB
Committed_AS:   116332224 kB
VmallocTotal:   251658176 kB
VmallocUsed:      137408 kB
VmallocChunk:   251421740 kB
Time pass: 386 sec

---2015-11-19 15:27:30
MemTotal:        2899420 kB
MemFree:           82456 kB
Buffers:           18260 kB
Cached:           975288 kB
SwapCached:            8 kB
Active:          1322012 kB
Inactive:         682496 kB
Active(anon):     822876 kB
Inactive(anon):   202956 kB
Active(file):     499136 kB
Inactive(file):   479540 kB
Unevictable:       13532 kB
Mlocked:               0 kB
SwapTotal:        724852 kB
SwapFree:         722332 kB
Dirty:                36 kB
Writeback:             0 kB
AnonPages:       1024476 kB
Mapped:           621912 kB
Shmem:              1336 kB
Slab:              98784 kB
SReclaimable:      32512 kB
SUnreclaim:        66272 kB
KernelStack:       38736 kB
PageTables:        49564 kB
NFS_Unstable:          0 kB
Bounce:                0 kB
WritebackTmp:          0 kB
CommitLimit:     2174560 kB
Committed_AS:   116332240 kB
VmallocTotal:   251658176 kB
VmallocUsed:      137408 kB
VmallocChunk:   251421740 kB
Time pass: 390 sec

---2015-11-19 15:27:30
MemTotal:        2899420 kB
MemFree:           82472 kB
Buffers:           18276 kB
Cached:           975288 kB
SwapCached:            8 kB
Active:          1322028 kB
Inactive:         682516 kB
Active(anon):     822892 kB
Inactive(anon):   202956 kB
Active(file):     499136 kB
Inactive(file):   479560 kB
Unevictable:       13532 kB
Mlocked:               0 kB
SwapTotal:        724852 kB
SwapFree:         722332 kB
Dirty:                48 kB
Writeback:             0 kB
AnonPages:       1024808 kB
Mapped:           621788 kB
Shmem:              1336 kB
Slab:              98696 kB
SReclaimable:      32512 kB
SUnreclaim:        66184 kB
KernelStack:       38736 kB
PageTables:        49532 kB
NFS_Unstable:          0 kB
Bounce:                0 kB
WritebackTmp:          0 kB
CommitLimit:     2174560 kB
Committed_AS:   116332224 kB
VmallocTotal:   251658176 kB
VmallocUsed:      137408 kB
VmallocChunk:   251421740 kB
Time pass: 394 sec

---2015-11-19 15:27:30
MemTotal:        2899420 kB
MemFree:           82308 kB
Buffers:           18284 kB
