---2015-12-09 11:18:22
MemTotal:        2746844 kB
MemFree:           98404 kB
Buffers:           10812 kB
Cached:          1007768 kB
SwapCached:          736 kB
Active:           905104 kB
Inactive:         967676 kB
Active(anon):     425220 kB
Inactive(anon):   448804 kB
Active(file):     479884 kB
Inactive(file):   518872 kB
Unevictable:       35812 kB
Mlocked:           27768 kB
SwapTotal:       1310716 kB
SwapFree:        1284740 kB
Dirty:                52 kB
Writeback:             0 kB
AnonPages:        889420 kB
Mapped:           480772 kB
Shmem:               716 kB
Slab:             108388 kB
SReclaimable:      31332 kB
SUnreclaim:        77056 kB
KernelStack:       33696 kB
PageTables:        58588 kB
NFS_Unstable:          0 kB
Bounce:                0 kB
WritebackTmp:          0 kB
CommitLimit:     2684136 kB
Committed_AS:   142199876 kB
VmallocTotal:   251658176 kB
VmallocUsed:      300072 kB
VmallocChunk:   247561408 kB
Time pass: 3 sec

---2015-12-09 11:18:22
MemTotal:        2746844 kB
MemFree:           96836 kB
Buffers:           10820 kB
Cached:          1007912 kB
SwapCached:          736 kB
Active:           905472 kB
Inactive:         967816 kB
Active(anon):     425584 kB
Inactive(anon):   448804 kB
Active(file):     479888 kB
Inactive(file):   519012 kB
Unevictable:       35812 kB
Mlocked:           27768 kB
SwapTotal:       1310716 kB
SwapFree:        1284740 kB
Dirty:                36 kB
Writeback:             0 kB
AnonPages:        889856 kB
Mapped:           480880 kB
Shmem:               716 kB
Slab:             108628 kB
SReclaimable:      31332 kB
SUnreclaim:        77296 kB
KernelStack:       33696 kB
PageTables:        58616 kB
NFS_Unstable:          0 kB
Bounce:                0 kB
WritebackTmp:          0 kB
CommitLimit:     2684136 kB
Committed_AS:   142199916 kB
VmallocTotal:   251658176 kB
VmallocUsed:      300072 kB
VmallocChunk:   247561408 kB
Time pass: 7 sec

---2015-12-09 11:18:22
MemTotal:        2746844 kB
MemFree:           98460 kB
Buffers:           10820 kB
Cached:          1007912 kB
SwapCached:          736 kB
Active:           905096 kB
Inactive:         967772 kB
Active(anon):     425196 kB
Inactive(anon):   448764 kB
Active(file):     479900 kB
Inactive(file):   519008 kB
Unevictable:       35812 kB
Mlocked:           27768 kB
SwapTotal:       1310716 kB
SwapFree:        1284740 kB
Dirty:                36 kB
Writeback:             0 kB
AnonPages:        889016 kB
Mapped:           480880 kB
Shmem:               716 kB
Slab:             108636 kB
SReclaimable:      31332 kB
SUnreclaim:        77304 kB
KernelStack:       33680 kB
PageTables:        58616 kB
NFS_Unstable:          0 kB
Bounce:                0 kB
WritebackTmp:          0 kB
CommitLimit:     2684136 kB
Committed_AS:   142199852 kB
VmallocTotal:   251658176 kB
VmallocUsed:      300072 kB
VmallocChunk:   247561408 kB
Time pass: 10 sec

---2015-12-09 11:18:22
MemTotal:        2746844 kB
MemFree:           99352 kB
Buffers:           10820 kB
Cached:          1007912 kB
SwapCached:          736 kB
Active:           904860 kB
Inactive:         967772 kB
Active(anon):     424960 kB
Inactive(anon):   448764 kB
Active(file):     479900 kB
Inactive(file):   519008 kB
Unevictable:       35812 kB
Mlocked:           27768 kB
SwapTotal:       1310716 kB
SwapFree:        1284740 kB
Dirty:                 0 kB
Writeback:             0 kB
AnonPages:        889272 kB
Mapped:           480796 kB
Shmem:               716 kB
Slab:             108268 kB
SReclaimable:      31332 kB
SUnreclaim:        76936 kB
KernelStack:       33680 kB
PageTables:        58588 kB
NFS_Unstable:          0 kB
Bounce:                0 kB
WritebackTmp:          0 kB
CommitLimit:     2684136 kB
Committed_AS:   142199836 kB
VmallocTotal:   251658176 kB
VmallocUsed:      300072 kB
VmallocChunk:   247561408 kB
Time pass: 14 sec

---2015-12-09 11:18:22
MemTotal:        2746844 kB
MemFree:          102208 kB
Buffers:           10820 kB
Cached:          1008788 kB
SwapCached:          736 kB
Active:           901796 kB
Inactive:         968360 kB
Active(anon):     421896 kB
Inactive(anon):   448764 kB
Active(file):     479900 kB
Inactive(file):   519596 kB
Unevictable:       35812 kB
Mlocked:           27768 kB
SwapTotal:       1310716 kB
SwapFree:        1284740 kB
Dirty:                 0 kB
Writeback:             0 kB
AnonPages:        885824 kB
Mapped:           480296 kB
Shmem:               716 kB
Slab:             108324 kB
SReclaimable:      31332 kB
SUnreclaim:        76992 kB
KernelStack:       33664 kB
PageTables:        57292 kB
NFS_Unstable:          0 kB
Bounce:                0 kB
WritebackTmp:          0 kB
CommitLimit:     2684136 kB
Committed_AS:   138623188 kB
VmallocTotal:   251658176 kB
VmallocUsed:      298032 kB
VmallocChunk:   247561408 kB
Time pass: 17 sec

---2015-12-09 11:18:22
MemTotal:        2746844 kB
MemFree:           60488 kB
Buffers:            8216 kB
Cached:           919860 kB
SwapCached:         1324 kB
Active:           902800 kB
Inactive:         903232 kB
Active(anon):     448740 kB
Inactive(anon):   449092 kB
Active(file):     454060 kB
Inactive(file):   454140 kB
Unevictable:       35812 kB
Mlocked:           27768 kB
SwapTotal:       1310716 kB
SwapFree:        1265540 kB
Dirty:              1084 kB
Writeback:             0 kB
AnonPages:        912036 kB
Mapped:           500992 kB
Shmem:              1164 kB
Slab:             108796 kB
SReclaimable:      31664 kB
SUnreclaim:        77132 kB
KernelStack:       34720 kB
PageTables:        58400 kB
NFS_Unstable:          0 kB
Bounce:                0 kB
WritebackTmp:          0 kB
CommitLimit:     2684136 kB
Committed_AS:   139941436 kB
VmallocTotal:   251658176 kB
VmallocUsed:      312192 kB
VmallocChunk:   247561408 kB
Time pass: 21 sec

---2015-12-09 11:18:22
MemTotal:        2746844 kB
MemFree:           86252 kB
Buffers:            7780 kB
Cached:           859136 kB
SwapCached:         1472 kB
Active:           844160 kB
Inactive:         854016 kB
Active(anon):     423020 kB
Inactive(anon):   428068 kB
Active(file):     421140 kB
Inactive(file):   425948 kB
Unevictable:       35812 kB
Mlocked:           27768 kB
SwapTotal:       1310716 kB
SwapFree:        1246580 kB
Dirty:               356 kB
Writeback:             0 kB
AnonPages:        865316 kB
Mapped:           503864 kB
Shmem:               852 kB
Slab:             108980 kB
SReclaimable:      31648 kB
SUnreclaim:        77332 kB
KernelStack:       34800 kB
PageTables:        58560 kB
NFS_Unstable:          0 kB
Bounce:                0 kB
WritebackTmp:          0 kB
CommitLimit:     2684136 kB
Committed_AS:   139924976 kB
VmallocTotal:   251658176 kB
VmallocUsed:      312672 kB
VmallocChunk:   247561408 kB
Time pass: 26 sec

---2015-12-09 11:18:22
MemTotal:        2746844 kB
MemFree:           85692 kB
Buffers:            7788 kB
Cached:           859332 kB
SwapCached:         1472 kB
Active:           843336 kB
Inactive:         853808 kB
Active(anon):     422304 kB
Inactive(anon):   427680 kB
Active(file):     421032 kB
Inactive(file):   426128 kB
Unevictable:       35812 kB
Mlocked:           27768 kB
SwapTotal:       1310716 kB
SwapFree:        1246580 kB
Dirty:                 0 kB
Writeback:             0 kB
AnonPages:        865024 kB
Mapped:           503900 kB
Shmem:               848 kB
Slab:             109036 kB
SReclaimable:      31648 kB
SUnreclaim:        77388 kB
KernelStack:       34800 kB
PageTables:        58544 kB
NFS_Unstable:          0 kB
Bounce:                0 kB
WritebackTmp:          0 kB
CommitLimit:     2684136 kB
Committed_AS:   139925076 kB
VmallocTotal:   251658176 kB
VmallocUsed:      312672 kB
VmallocChunk:   247561408 kB
Time pass: 29 sec

---2015-12-09 11:18:22
MemTotal:        2746844 kB
MemFree:           84656 kB
Buffers:            7840 kB
Cached:           859468 kB
SwapCached:         1472 kB
Active:           843644 kB
Inactive:         853936 kB
Active(anon):     422588 kB
Inactive(anon):   427644 kB
Active(file):     421056 kB
Inactive(file):   426292 kB
Unevictable:       35812 kB
Mlocked:           27768 kB
SwapTotal:       1310716 kB
SwapFree:        1246580 kB
Dirty:                 4 kB
Writeback:             0 kB
AnonPages:        864752 kB
Mapped:           503992 kB
Shmem:               848 kB
Slab:             109220 kB
SReclaimable:      31648 kB
SUnreclaim:        77572 kB
KernelStack:       34768 kB
PageTables:        58536 kB
NFS_Unstable:          0 kB
Bounce:                0 kB
WritebackTmp:          0 kB
CommitLimit:     2684136 kB
Committed_AS:   139925044 kB
VmallocTotal:   251658176 kB
VmallocUsed:      312672 kB
VmallocChunk:   247561408 kB
Time pass: 33 sec

---2015-12-09 11:18:22
MemTotal:        2746844 kB
MemFree:           73692 kB
Buffers:            7856 kB
Cached:           865276 kB
SwapCached:         1500 kB
Active:           848192 kB
Inactive:         859408 kB
Active(anon):     427132 kB
Inactive(anon):   427616 kB
Active(file):     421060 kB
Inactive(file):   431792 kB
Unevictable:       35812 kB
Mlocked:           27768 kB
SwapTotal:       1310716 kB
SwapFree:        1246580 kB
Dirty:                36 kB
Writeback:             0 kB
AnonPages:        869436 kB
Mapped:           504628 kB
Shmem:               848 kB
Slab:             109268 kB
SReclaimable:      31648 kB
SUnreclaim:        77620 kB
KernelStack:       34768 kB
PageTables:        58536 kB
NFS_Unstable:          0 kB
Bounce:                0 kB
WritebackTmp:          0 kB
CommitLimit:     2684136 kB
Committed_AS:   139925636 kB
VmallocTotal:   251658176 kB
VmallocUsed:      312824 kB
VmallocChunk:   247561408 kB
Time pass: 36 sec

---2015-12-09 11:18:22
MemTotal:        2746844 kB
MemFree:           66500 kB
Buffers:            7524 kB
Cached:           839908 kB
SwapCached:         1640 kB
Active:           843896 kB
Inactive:         841768 kB
Active(anon):     428068 kB
Inactive(anon):   429772 kB
Active(file):     415828 kB
Inactive(file):   411996 kB
Unevictable:       35812 kB
Mlocked:           27768 kB
SwapTotal:       1310716 kB
SwapFree:        1228696 kB
Dirty:                36 kB
Writeback:             0 kB
AnonPages:        872516 kB
Mapped:           505480 kB
Shmem:               848 kB
Slab:             109520 kB
SReclaimable:      31792 kB
SUnreclaim:        77728 kB
KernelStack:       35136 kB
PageTables:        58904 kB
NFS_Unstable:          0 kB
Bounce:                0 kB
WritebackTmp:          0 kB
CommitLimit:     2684136 kB
Committed_AS:   139937044 kB
VmallocTotal:   251658176 kB
VmallocUsed:      313740 kB
VmallocChunk:   247561408 kB
Time pass: 40 sec

---2015-12-09 11:18:22
MemTotal:        2746844 kB
MemFree:           66208 kB
Buffers:            7508 kB
Cached:           835756 kB
SwapCached:         1648 kB
Active:           843252 kB
Inactive:         844104 kB
Active(anon):     431400 kB
Inactive(anon):   432524 kB
Active(file):     411852 kB
Inactive(file):   411580 kB
Unevictable:       35812 kB
Mlocked:           27768 kB
SwapTotal:       1310716 kB
SwapFree:        1224624 kB
Dirty:               112 kB
Writeback:             0 kB
AnonPages:        878644 kB
Mapped:           504668 kB
Shmem:               848 kB
Slab:             109748 kB
SReclaimable:      31936 kB
SUnreclaim:        77812 kB
KernelStack:       35152 kB
PageTables:        58848 kB
NFS_Unstable:          0 kB
Bounce:                0 kB
WritebackTmp:          0 kB
CommitLimit:     2684136 kB
Committed_AS:   139932312 kB
VmallocTotal:   251658176 kB
VmallocUsed:      313724 kB
VmallocChunk:   247561408 kB
Time pass: 43 sec

---2015-12-09 11:18:22
MemTotal:        2746844 kB
MemFree:           67708 kB
Buffers:            7604 kB
Cached:           801692 kB
SwapCached:         1660 kB
Active:           830300 kB
Inactive:         829508 kB
Active(anon):     435140 kB
Inactive(anon):   435180 kB
Active(file):     395160 kB
Inactive(file):   394328 kB
Unevictable:       35812 kB
Mlocked:           27768 kB
SwapTotal:       1310716 kB
SwapFree:        1203880 kB
Dirty:              1576 kB
Writeback:             0 kB
AnonPages:        884112 kB
Mapped:           506716 kB
Shmem:               852 kB
Slab:             110176 kB
SReclaimable:      32144 kB
SUnreclaim:        78032 kB
KernelStack:       35312 kB
PageTables:        58900 kB
NFS_Unstable:          0 kB
Bounce:                0 kB
WritebackTmp:          0 kB
CommitLimit:     2684136 kB
Committed_AS:   139947036 kB
VmallocTotal:   251658176 kB
VmallocUsed:      314476 kB
VmallocChunk:   247561408 kB
Time pass: 47 sec

---2015-12-09 11:18:22
MemTotal:        2746844 kB
MemFree:           69964 kB
Buffers:            7600 kB
Cached:           800068 kB
SwapCached:         1660 kB
Active:           820920 kB
Inactive:         827632 kB
Active(anon):     427004 kB
Inactive(anon):   433848 kB
Active(file):     393916 kB
Inactive(file):   393784 kB
Unevictable:       35812 kB
Mlocked:           27768 kB
SwapTotal:       1310716 kB
SwapFree:        1203076 kB
Dirty:                16 kB
Writeback:             0 kB
AnonPages:        875060 kB
Mapped:           507100 kB
Shmem:               852 kB
Slab:             110216 kB
SReclaimable:      31920 kB
SUnreclaim:        78296 kB
KernelStack:       35264 kB
PageTables:        58852 kB
NFS_Unstable:          0 kB
Bounce:                0 kB
WritebackTmp:          0 kB
CommitLimit:     2684136 kB
Committed_AS:   139947060 kB
VmallocTotal:   251658176 kB
VmallocUsed:      314500 kB
VmallocChunk:   247561408 kB
Time pass: 50 sec

---2015-12-09 11:18:22
MemTotal:        2746844 kB
MemFree:           68548 kB
Buffers:            7636 kB
Cached:           800524 kB
SwapCached:         1660 kB
Active:           820956 kB
Inactive:         827820 kB
Active(anon):     427024 kB
Inactive(anon):   433572 kB
Active(file):     393932 kB
Inactive(file):   394248 kB
Unevictable:       35812 kB
Mlocked:           27768 kB
SwapTotal:       1310716 kB
SwapFree:        1203076 kB
Dirty:                96 kB
Writeback:             0 kB
AnonPages:        875340 kB
Mapped:           507308 kB
Shmem:               852 kB
Slab:             110080 kB
SReclaimable:      31920 kB
SUnreclaim:        78160 kB
KernelStack:       35264 kB
PageTables:        58816 kB
NFS_Unstable:          0 kB
Bounce:                0 kB
WritebackTmp:          0 kB
CommitLimit:     2684136 kB
Committed_AS:   139947208 kB
VmallocTotal:   251658176 kB
VmallocUsed:      314500 kB
VmallocChunk:   247561408 kB
Time pass: 54 sec

---2015-12-09 11:18:22
MemTotal:        2746844 kB
MemFree:           65848 kB
Buffers:            7356 kB
Cached:           787680 kB
SwapCached:         2420 kB
Active:           814040 kB
Inactive:         821636 kB
Active(anon):     426516 kB
Inactive(anon):   433612 kB
Active(file):     387524 kB
Inactive(file):   388024 kB
Unevictable:       35812 kB
Mlocked:           27768 kB
SwapTotal:       1310716 kB
SwapFree:        1198084 kB
Dirty:               328 kB
Writeback:             0 kB
AnonPages:        873928 kB
Mapped:           507372 kB
Shmem:               852 kB
Slab:             110132 kB
SReclaimable:      31936 kB
SUnreclaim:        78196 kB
KernelStack:       35232 kB
PageTables:        58832 kB
NFS_Unstable:          0 kB
Bounce:                0 kB
WritebackTmp:          0 kB
CommitLimit:     2684136 kB
Committed_AS:   139955440 kB
VmallocTotal:   251658176 kB
VmallocUsed:      314524 kB
VmallocChunk:   247561408 kB
Time pass: 57 sec

---2015-12-09 11:18:22
MemTotal:        2746844 kB
MemFree:           70504 kB
Buffers:            7192 kB
Cached:           784260 kB
SwapCached:         2420 kB
Active:           815228 kB
Inactive:         817536 kB
Active(anon):     429168 kB
Inactive(anon):   431616 kB
Active(file):     386060 kB
Inactive(file):   385920 kB
Unevictable:       35812 kB
Mlocked:           27768 kB
SwapTotal:       1310716 kB
SwapFree:        1197688 kB
Dirty:               328 kB
Writeback:             0 kB
AnonPages:        874540 kB
Mapped:           506288 kB
Shmem:               852 kB
Slab:             110176 kB
SReclaimable:      31920 kB
SUnreclaim:        78256 kB
KernelStack:       35248 kB
PageTables:        58836 kB
NFS_Unstable:          0 kB
Bounce:                0 kB
WritebackTmp:          0 kB
CommitLimit:     2684136 kB
Committed_AS:   139955512 kB
VmallocTotal:   251658176 kB
VmallocUsed:      314524 kB
VmallocChunk:   247561408 kB
Time pass: 61 sec

---2015-12-09 11:18:22
MemTotal:        2746844 kB
MemFree:           62104 kB
Buffers:            6808 kB
Cached:           745020 kB
SwapCached:         2432 kB
Active:           800596 kB
Inactive:         798256 kB
Active(anon):     431872 kB
Inactive(anon):   432848 kB
Active(file):     368724 kB
Inactive(file):   365408 kB
Unevictable:       35812 kB
Mlocked:           27768 kB
SwapTotal:       1310716 kB
SwapFree:        1195288 kB
Dirty:               308 kB
Writeback:             0 kB
AnonPages:        878996 kB
Mapped:           506268 kB
Shmem:               852 kB
Slab:             110200 kB
SReclaimable:      31920 kB
SUnreclaim:        78280 kB
KernelStack:       35232 kB
PageTables:        58836 kB
NFS_Unstable:          0 kB
Bounce:                0 kB
WritebackTmp:          0 kB
CommitLimit:     2684136 kB
Committed_AS:   139955688 kB
VmallocTotal:   251658176 kB
VmallocUsed:      302704 kB
VmallocChunk:   247561408 kB
Time pass: 64 sec

---2015-12-09 11:18:22
MemTotal:        2746844 kB
MemFree:           66292 kB
Buffers:            6588 kB
Cached:           736780 kB
SwapCached:         2432 kB
Active:           797312 kB
Inactive:         791524 kB
Active(anon):     432896 kB
Inactive(anon):   432528 kB
Active(file):     364416 kB
Inactive(file):   358996 kB
Unevictable:       35812 kB
Mlocked:           27768 kB
SwapTotal:       1310716 kB
SwapFree:        1194480 kB
Dirty:               616 kB
Writeback:             0 kB
AnonPages:        879396 kB
Mapped:           505988 kB
Shmem:               848 kB
Slab:             110212 kB
SReclaimable:      31888 kB
SUnreclaim:        78324 kB
KernelStack:       35248 kB
PageTables:        58852 kB
NFS_Unstable:          0 kB
Bounce:                0 kB
WritebackTmp:          0 kB
CommitLimit:     2684136 kB
Committed_AS:   139955868 kB
VmallocTotal:   251658176 kB
VmallocUsed:      307668 kB
VmallocChunk:   247561408 kB
Time pass: 68 sec

---2015-12-09 11:18:22
MemTotal:        2746844 kB
MemFree:           69644 kB
Buffers:            6596 kB
Cached:           726172 kB
SwapCached:         2432 kB
Active:           796764 kB
Inactive:         793156 kB
Active(anon):     437804 kB
Inactive(anon):   439304 kB
Active(file):     358960 kB
Inactive(file):   353852 kB
Unevictable:       35812 kB
Mlocked:           27768 kB
SwapTotal:       1310716 kB
SwapFree:        1193844 kB
Dirty:               316 kB
Writeback:             0 kB
AnonPages:        891452 kB
Mapped:           509680 kB
Shmem:               848 kB
Slab:             110336 kB
SReclaimable:      31920 kB
SUnreclaim:        78416 kB
KernelStack:       35376 kB
PageTables:        58888 kB
NFS_Unstable:          0 kB
Bounce:                0 kB
WritebackTmp:          0 kB
CommitLimit:     2684136 kB
Committed_AS:   139968328 kB
VmallocTotal:   251658176 kB
VmallocUsed:      307668 kB
VmallocChunk:   247561408 kB
Time pass: 71 sec

---2015-12-09 11:18:22
MemTotal:        2746844 kB
MemFree:           66396 kB
Buffers:            6564 kB
Cached:           715204 kB
SwapCached:         2596 kB
Active:           797716 kB
Inactive:         791808 kB
Active(anon):     444500 kB
Inactive(anon):   443376 kB
Active(file):     353216 kB
Inactive(file):   348432 kB
Unevictable:       35812 kB
Mlocked:           27768 kB
SwapTotal:       1310716 kB
SwapFree:        1193524 kB
Dirty:                 0 kB
Writeback:             0 kB
AnonPages:        901656 kB
Mapped:           510460 kB
Shmem:              1012 kB
Slab:             110728 kB
SReclaimable:      31920 kB
SUnreclaim:        78808 kB
KernelStack:       35760 kB
PageTables:        59008 kB
NFS_Unstable:          0 kB
Bounce:                0 kB
WritebackTmp:          0 kB
CommitLimit:     2684136 kB
Committed_AS:   139988400 kB
VmallocTotal:   251658176 kB
VmallocUsed:      309784 kB
VmallocChunk:   247561408 kB
Time pass: 75 sec

---2015-12-09 11:18:22
MemTotal:        2746844 kB
MemFree:           65624 kB
Buffers:            6352 kB
Cached:           712392 kB
SwapCached:         3172 kB
Active:           797088 kB
Inactive:         792088 kB
Active(anon):     445656 kB
Inactive(anon):   445000 kB
Active(file):     351432 kB
Inactive(file):   347088 kB
Unevictable:       35812 kB
Mlocked:           27768 kB
SwapTotal:       1310716 kB
SwapFree:        1193288 kB
Dirty:                52 kB
Writeback:             0 kB
AnonPages:        904104 kB
Mapped:           510528 kB
Shmem:              1116 kB
Slab:             110548 kB
SReclaimable:      31920 kB
SUnreclaim:        78628 kB
KernelStack:       35744 kB
PageTables:        59156 kB
NFS_Unstable:          0 kB
Bounce:                0 kB
WritebackTmp:          0 kB
CommitLimit:     2684136 kB
Committed_AS:   139992500 kB
VmallocTotal:   251658176 kB
VmallocUsed:      314036 kB
VmallocChunk:   247561408 kB
Time pass: 79 sec

---2015-12-09 11:18:22
MemTotal:        2746844 kB
MemFree:           65740 kB
Buffers:            6236 kB
Cached:           710944 kB
SwapCached:         3172 kB
Active:           795500 kB
Inactive:         792516 kB
Active(anon):     445084 kB
Inactive(anon):   446080 kB
Active(file):     350416 kB
Inactive(file):   346436 kB
Unevictable:       35812 kB
Mlocked:           27768 kB
SwapTotal:       1310716 kB
SwapFree:        1193104 kB
Dirty:                32 kB
Writeback:             0 kB
AnonPages:        904972 kB
Mapped:           510656 kB
Shmem:              1220 kB
Slab:             110580 kB
SReclaimable:      31920 kB
SUnreclaim:        78660 kB
KernelStack:       35664 kB
PageTables:        59148 kB
NFS_Unstable:          0 kB
Bounce:                0 kB
WritebackTmp:          0 kB
CommitLimit:     2684136 kB
Committed_AS:   139992420 kB
VmallocTotal:   251658176 kB
VmallocUsed:      314036 kB
VmallocChunk:   247561408 kB
Time pass: 82 sec

---2015-12-09 11:18:22
MemTotal:        2746844 kB
MemFree:           65864 kB
Buffers:            6236 kB
Cached:           711008 kB
SwapCached:         3172 kB
Active:           795568 kB
Inactive:         792576 kB
Active(anon):     445148 kB
Inactive(anon):   446128 kB
Active(file):     350420 kB
Inactive(file):   346448 kB
Unevictable:       35812 kB
Mlocked:           27768 kB
SwapTotal:       1310716 kB
SwapFree:        1193104 kB
Dirty:                44 kB
Writeback:             0 kB
AnonPages:        904880 kB
Mapped:           510716 kB
Shmem:              1268 kB
Slab:             110604 kB
SReclaimable:      31920 kB
SUnreclaim:        78684 kB
KernelStack:       35664 kB
PageTables:        59148 kB
NFS_Unstable:          0 kB
Bounce:                0 kB
WritebackTmp:          0 kB
CommitLimit:     2684136 kB
Committed_AS:   139992404 kB
VmallocTotal:   251658176 kB
VmallocUsed:      314036 kB
VmallocChunk:   247561408 kB
Time pass: 86 sec

---2015-12-09 11:18:22
MemTotal:        2746844 kB
MemFree:           65432 kB
Buffers:            6244 kB
Cached:           711008 kB
SwapCached:         3176 kB
Active:           796176 kB
Inactive:         792584 kB
Active(anon):     445756 kB
Inactive(anon):   446128 kB
Active(file):     350420 kB
Inactive(file):   346456 kB
Unevictable:       35812 kB
Mlocked:           27768 kB
SwapTotal:       1310716 kB
SwapFree:        1193104 kB
Dirty:                32 kB
Writeback:             0 kB
AnonPages:        904976 kB
Mapped:           510824 kB
Shmem:              1268 kB
Slab:             110564 kB
SReclaimable:      31920 kB
SUnreclaim:        78644 kB
KernelStack:       35648 kB
PageTables:        59180 kB
NFS_Unstable:          0 kB
Bounce:                0 kB
WritebackTmp:          0 kB
CommitLimit:     2684136 kB
Committed_AS:   139996468 kB
VmallocTotal:   251658176 kB
VmallocUsed:      314036 kB
VmallocChunk:   247561408 kB
Time pass: 89 sec

---2015-12-09 11:18:22
MemTotal:        2746844 kB
MemFree:           70608 kB
Buffers:            6164 kB
Cached:           709672 kB
SwapCached:         3180 kB
Active:           796360 kB
Inactive:         791872 kB
Active(anon):     446780 kB
Inactive(anon):   445992 kB
Active(file):     349580 kB
Inactive(file):   345880 kB
Unevictable:       35812 kB
Mlocked:           27768 kB
SwapTotal:       1310716 kB
SwapFree:        1192856 kB
Dirty:                 0 kB
Writeback:             0 kB
AnonPages:        906368 kB
Mapped:           510804 kB
Shmem:              1268 kB
Slab:             110540 kB
SReclaimable:      31936 kB
SUnreclaim:        78604 kB
KernelStack:       35648 kB
PageTables:        59188 kB
NFS_Unstable:          0 kB
Bounce:                0 kB
WritebackTmp:          0 kB
CommitLimit:     2684136 kB
Committed_AS:   140000532 kB
VmallocTotal:   251658176 kB
VmallocUsed:      314036 kB
VmallocChunk:   247561408 kB
Time pass: 93 sec

---2015-12-09 11:18:22
MemTotal:        2746844 kB
MemFree:           69836 kB
Buffers:            6180 kB
Cached:           709672 kB
SwapCached:         3180 kB
Active:           796204 kB
Inactive:         791888 kB
Active(anon):     446624 kB
Inactive(anon):   445992 kB
Active(file):     349580 kB
Inactive(file):   345896 kB
Unevictable:       35812 kB
Mlocked:           27768 kB
SwapTotal:       1310716 kB
SwapFree:        1192856 kB
Dirty:                36 kB
Writeback:             0 kB
AnonPages:        906300 kB
Mapped:           510876 kB
Shmem:              1268 kB
Slab:             110548 kB
SReclaimable:      31936 kB
SUnreclaim:        78612 kB
KernelStack:       35648 kB
PageTables:        59224 kB
NFS_Unstable:          0 kB
Bounce:                0 kB
WritebackTmp:          0 kB
CommitLimit:     2684136 kB
Committed_AS:   140000488 kB
VmallocTotal:   251658176 kB
VmallocUsed:      314036 kB
VmallocChunk:   247561408 kB
Time pass: 96 sec

---2015-12-09 11:18:22
MemTotal:        2746844 kB
MemFree:          389284 kB
Buffers:            6060 kB
Cached:           709528 kB
SwapCached:         3844 kB
Active:           723204 kB
Inactive:         769760 kB
Active(anon):     357376 kB
Inactive(anon):   440412 kB
Active(file):     365828 kB
Inactive(file):   329348 kB
Unevictable:       35812 kB
Mlocked:           27768 kB
SwapTotal:       1310716 kB
SwapFree:        1183668 kB
Dirty:                12 kB
Writeback:             0 kB
AnonPages:        810692 kB
Mapped:           469984 kB
Shmem:               704 kB
Slab:             110584 kB
SReclaimable:      31984 kB
SUnreclaim:        78600 kB
KernelStack:       35632 kB
PageTables:        57452 kB
NFS_Unstable:          0 kB
Bounce:                0 kB
WritebackTmp:          0 kB
CommitLimit:     2684136 kB
Committed_AS:   137357100 kB
VmallocTotal:   251658176 kB
VmallocUsed:      314232 kB
VmallocChunk:   247561408 kB
Time pass: 100 sec

---2015-12-09 11:18:22
MemTotal:        2746844 kB
MemFree:          387944 kB
Buffers:            6068 kB
Cached:           712220 kB
SwapCached:         3848 kB
Active:           724956 kB
Inactive:         771852 kB
Active(anon):     358240 kB
Inactive(anon):   440100 kB
Active(file):     366716 kB
Inactive(file):   331752 kB
Unevictable:       35812 kB
Mlocked:           27768 kB
SwapTotal:       1310716 kB
SwapFree:        1183668 kB
Dirty:               372 kB
Writeback:             0 kB
AnonPages:        811468 kB
Mapped:           470476 kB
Shmem:               720 kB
Slab:             110236 kB
SReclaimable:      31964 kB
SUnreclaim:        78272 kB
KernelStack:       33456 kB
PageTables:        56968 kB
NFS_Unstable:          0 kB
Bounce:                0 kB
WritebackTmp:          0 kB
CommitLimit:     2684136 kB
Committed_AS:   137357004 kB
VmallocTotal:   251658176 kB
VmallocUsed:      314232 kB
VmallocChunk:   247561408 kB
Time pass: 103 sec

---2015-12-09 11:18:22
MemTotal:        2746844 kB
MemFree:          413072 kB
Buffers:            6068 kB
Cached:           712512 kB
SwapCached:         3856 kB
Active:           702000 kB
Inactive:         768184 kB
Active(anon):     334288 kB
Inactive(anon):   436908 kB
Active(file):     367712 kB
Inactive(file):   331276 kB
Unevictable:       35812 kB
Mlocked:           27768 kB
SwapTotal:       1310716 kB
SwapFree:        1183668 kB
Dirty:                 0 kB
Writeback:             0 kB
AnonPages:        784812 kB
Mapped:           470816 kB
Shmem:               584 kB
Slab:             110264 kB
SReclaimable:      31964 kB
SUnreclaim:        78300 kB
KernelStack:       32768 kB
PageTables:        56888 kB
NFS_Unstable:          0 kB
Bounce:                0 kB
WritebackTmp:          0 kB
CommitLimit:     2684136 kB
Committed_AS:   137357836 kB
VmallocTotal:   251658176 kB
VmallocUsed:      314232 kB
VmallocChunk:   247561408 kB
Time pass: 107 sec

---2015-12-09 11:18:22
MemTotal:        2746844 kB
MemFree:          244868 kB
Buffers:            6168 kB
Cached:           718896 kB
SwapCached:         4332 kB
Active:           739652 kB
Inactive:         770592 kB
Active(anon):     368044 kB
Inactive(anon):   436964 kB
Active(file):     371608 kB
Inactive(file):   333628 kB
Unevictable:       35812 kB
Mlocked:           27768 kB
SwapTotal:       1310716 kB
SwapFree:        1183668 kB
Dirty:              1748 kB
Writeback:             0 kB
AnonPages:        818392 kB
Mapped:           493376 kB
Shmem:               720 kB
Slab:             110276 kB
SReclaimable:      31980 kB
SUnreclaim:        78296 kB
KernelStack:       34208 kB
PageTables:        58060 kB
NFS_Unstable:          0 kB
Bounce:                0 kB
WritebackTmp:          0 kB
CommitLimit:     2684136 kB
Committed_AS:   138690636 kB
VmallocTotal:   251658176 kB
VmallocUsed:      316292 kB
VmallocChunk:   247561408 kB
Time pass: 111 sec

---2015-12-09 11:18:22
MemTotal:        2746844 kB
MemFree:          168860 kB
Buffers:            6176 kB
Cached:           719892 kB
SwapCached:         4332 kB
Active:           750636 kB
Inactive:         770048 kB
Active(anon):     377516 kB
Inactive(anon):   436948 kB
Active(file):     373120 kB
Inactive(file):   333100 kB
Unevictable:       35812 kB
Mlocked:           27768 kB
SwapTotal:       1310716 kB
SwapFree:        1183668 kB
Dirty:              3260 kB
Writeback:             0 kB
AnonPages:        827548 kB
Mapped:           495512 kB
Shmem:               720 kB
Slab:             110380 kB
SReclaimable:      31996 kB
SUnreclaim:        78384 kB
KernelStack:       34336 kB
PageTables:        58192 kB
NFS_Unstable:          0 kB
Bounce:                0 kB
WritebackTmp:          0 kB
CommitLimit:     2684136 kB
Committed_AS:   138662252 kB
VmallocTotal:   251658176 kB
VmallocUsed:      317648 kB
VmallocChunk:   247561408 kB
Time pass: 114 sec

---2015-12-09 11:18:22
MemTotal:        2746844 kB
MemFree:          165696 kB
Buffers:            6184 kB
Cached:           719916 kB
SwapCached:         4328 kB
Active:           752156 kB
Inactive:         770020 kB
Active(anon):     379004 kB
Inactive(anon):   436928 kB
Active(file):     373152 kB
Inactive(file):   333092 kB
Unevictable:       35812 kB
Mlocked:           27768 kB
SwapTotal:       1310716 kB
SwapFree:        1183672 kB
Dirty:               184 kB
Writeback:             0 kB
AnonPages:        829344 kB
Mapped:           495860 kB
Shmem:               720 kB
Slab:             110372 kB
SReclaimable:      32016 kB
SUnreclaim:        78356 kB
KernelStack:       34464 kB
PageTables:        58580 kB
NFS_Unstable:          0 kB
Bounce:                0 kB
WritebackTmp:          0 kB
CommitLimit:     2684136 kB
Committed_AS:   140450532 kB
VmallocTotal:   251658176 kB
VmallocUsed:      318648 kB
VmallocChunk:   247561408 kB
Time pass: 117 sec

---2015-12-09 11:18:22
MemTotal:        2746844 kB
MemFree:          149884 kB
Buffers:            6224 kB
Cached:           720140 kB
SwapCached:         4328 kB
Active:           756520 kB
Inactive:         769556 kB
Active(anon):     382728 kB
Inactive(anon):   436828 kB
Active(file):     373792 kB
Inactive(file):   332728 kB
Unevictable:       35812 kB
Mlocked:           27768 kB
SwapTotal:       1310716 kB
SwapFree:        1183672 kB
Dirty:               284 kB
Writeback:             0 kB
AnonPages:        832844 kB
Mapped:           496032 kB
Shmem:               720 kB
Slab:             110376 kB
SReclaimable:      32016 kB
SUnreclaim:        78360 kB
KernelStack:       34448 kB
PageTables:        58604 kB
NFS_Unstable:          0 kB
Bounce:                0 kB
WritebackTmp:          0 kB
CommitLimit:     2684136 kB
Committed_AS:   140450964 kB
VmallocTotal:   251658176 kB
VmallocUsed:      318672 kB
VmallocChunk:   247561408 kB
Time pass: 121 sec

---2015-12-09 11:18:22
MemTotal:        2746844 kB
MemFree:          148828 kB
Buffers:            6224 kB
Cached:           720140 kB
SwapCached:         4328 kB
Active:           756576 kB
Inactive:         769552 kB
Active(anon):     382784 kB
Inactive(anon):   436824 kB
Active(file):     373792 kB
Inactive(file):   332728 kB
Unevictable:       35812 kB
Mlocked:           27768 kB
SwapTotal:       1310716 kB
SwapFree:        1183672 kB
Dirty:                 0 kB
Writeback:             0 kB
AnonPages:        832876 kB
Mapped:           496168 kB
Shmem:               720 kB
Slab:             110408 kB
SReclaimable:      32016 kB
SUnreclaim:        78392 kB
KernelStack:       34448 kB
PageTables:        58608 kB
NFS_Unstable:          0 kB
Bounce:                0 kB
WritebackTmp:          0 kB
CommitLimit:     2684136 kB
Committed_AS:   140450876 kB
VmallocTotal:   251658176 kB
VmallocUsed:      318672 kB
VmallocChunk:   247561408 kB
Time pass: 125 sec

---2015-12-09 11:18:22
MemTotal:        2746844 kB
MemFree:          108084 kB
Buffers:            6232 kB
Cached:           720160 kB
SwapCached:         4380 kB
Active:           761612 kB
Inactive:         769616 kB
Active(anon):     387804 kB
Inactive(anon):   436860 kB
Active(file):     373808 kB
Inactive(file):   332756 kB
Unevictable:       35812 kB
Mlocked:           27768 kB
SwapTotal:       1310716 kB
SwapFree:        1183688 kB
Dirty:               584 kB
Writeback:             0 kB
AnonPages:        837772 kB
Mapped:           496488 kB
Shmem:               720 kB
Slab:             110460 kB
SReclaimable:      32016 kB
SUnreclaim:        78444 kB
KernelStack:       34400 kB
PageTables:        58608 kB
NFS_Unstable:          0 kB
Bounce:                0 kB
WritebackTmp:          0 kB
CommitLimit:     2684136 kB
Committed_AS:   140455252 kB
VmallocTotal:   251658176 kB
VmallocUsed:      322708 kB
VmallocChunk:   247561408 kB
Time pass: 128 sec

---2015-12-09 11:18:22
MemTotal:        2746844 kB
MemFree:          108116 kB
Buffers:            6240 kB
Cached:           720160 kB
SwapCached:         4380 kB
Active:           761604 kB
Inactive:         769604 kB
Active(anon):     387796 kB
Inactive(anon):   436840 kB
Active(file):     373808 kB
Inactive(file):   332764 kB
Unevictable:       35812 kB
Mlocked:           27768 kB
SwapTotal:       1310716 kB
SwapFree:        1183688 kB
Dirty:                 0 kB
Writeback:             0 kB
AnonPages:        837656 kB
Mapped:           496572 kB
Shmem:               720 kB
Slab:             110436 kB
SReclaimable:      32016 kB
SUnreclaim:        78420 kB
KernelStack:       34416 kB
PageTables:        58640 kB
NFS_Unstable:          0 kB
Bounce:                0 kB
WritebackTmp:          0 kB
CommitLimit:     2684136 kB
Committed_AS:   140455300 kB
VmallocTotal:   251658176 kB
VmallocUsed:      322708 kB
VmallocChunk:   247561408 kB
Time pass: 132 sec

---2015-12-09 11:18:22
MemTotal:        2746844 kB
MemFree:          108268 kB
Buffers:            6240 kB
Cached:           720160 kB
SwapCached:         4380 kB
Active:           761496 kB
Inactive:         769604 kB
Active(anon):     387688 kB
Inactive(anon):   436840 kB
Active(file):     373808 kB
Inactive(file):   332764 kB
Unevictable:       35812 kB
Mlocked:           27768 kB
SwapTotal:       1310716 kB
SwapFree:        1183688 kB
Dirty:                 0 kB
Writeback:             0 kB
AnonPages:        837532 kB
Mapped:           496488 kB
Shmem:               720 kB
Slab:             110500 kB
SReclaimable:      32016 kB
SUnreclaim:        78484 kB
KernelStack:       34416 kB
PageTables:        58612 kB
NFS_Unstable:          0 kB
Bounce:                0 kB
WritebackTmp:          0 kB
CommitLimit:     2684136 kB
Committed_AS:   140455308 kB
VmallocTotal:   251658176 kB
VmallocUsed:      322708 kB
VmallocChunk:   247561408 kB
Time pass: 135 sec

---2015-12-09 11:18:22
MemTotal:        2746844 kB
MemFree:           96172 kB
Buffers:            6264 kB
Cached:           720320 kB
SwapCached:         4384 kB
Active:           774348 kB
Inactive:         769720 kB
Active(anon):     400480 kB
Inactive(anon):   437000 kB
Active(file):     373868 kB
Inactive(file):   332720 kB
Unevictable:       35812 kB
Mlocked:           27768 kB
SwapTotal:       1310716 kB
SwapFree:        1183688 kB
Dirty:                32 kB
Writeback:             0 kB
AnonPages:        850412 kB
Mapped:           499600 kB
Shmem:               888 kB
Slab:             110456 kB
SReclaimable:      32016 kB
SUnreclaim:        78440 kB
KernelStack:       34960 kB
PageTables:        58776 kB
NFS_Unstable:          0 kB
Bounce:                0 kB
WritebackTmp:          0 kB
CommitLimit:     2684136 kB
Committed_AS:   140479768 kB
VmallocTotal:   251658176 kB
VmallocUsed:      324896 kB
VmallocChunk:   247561408 kB
Time pass: 139 sec

---2015-12-09 11:18:22
MemTotal:        2746844 kB
MemFree:           79152 kB
Buffers:            6304 kB
Cached:           731860 kB
SwapCached:         4384 kB
Active:           786352 kB
Inactive:         776896 kB
Active(anon):     408152 kB
Inactive(anon):   437064 kB
Active(file):     378200 kB
Inactive(file):   339832 kB
Unevictable:       35812 kB
Mlocked:           27768 kB
SwapTotal:       1310716 kB
SwapFree:        1183692 kB
Dirty:               108 kB
Writeback:            12 kB
AnonPages:        857848 kB
Mapped:           500584 kB
Shmem:              1072 kB
Slab:             110464 kB
SReclaimable:      32016 kB
SUnreclaim:        78448 kB
KernelStack:       34944 kB
PageTables:        58796 kB
NFS_Unstable:          0 kB
Bounce:                0 kB
WritebackTmp:          0 kB
CommitLimit:     2684136 kB
Committed_AS:   140483892 kB
VmallocTotal:   251658176 kB
VmallocUsed:      325160 kB
VmallocChunk:   247561408 kB
Time pass: 143 sec

---2015-12-09 11:18:22
MemTotal:        2746844 kB
MemFree:           70492 kB
Buffers:            6352 kB
Cached:           732192 kB
SwapCached:         4384 kB
Active:           793444 kB
Inactive:         777096 kB
Active(anon):     415120 kB
Inactive(anon):   437056 kB
Active(file):     378324 kB
Inactive(file):   340040 kB
Unevictable:       35812 kB
Mlocked:           27768 kB
SwapTotal:       1310716 kB
SwapFree:        1183716 kB
Dirty:                 0 kB
Writeback:             0 kB
AnonPages:        864800 kB
Mapped:           500776 kB
Shmem:              1072 kB
Slab:             110468 kB
SReclaimable:      32016 kB
SUnreclaim:        78452 kB
KernelStack:       34976 kB
PageTables:        58864 kB
NFS_Unstable:          0 kB
Bounce:                0 kB
WritebackTmp:          0 kB
CommitLimit:     2684136 kB
Committed_AS:   140492124 kB
VmallocTotal:   251658176 kB
VmallocUsed:      325160 kB
VmallocChunk:   247561408 kB
Time pass: 146 sec

---2015-12-09 11:18:22
MemTotal:        2746844 kB
MemFree:           68944 kB
Buffers:            6368 kB
Cached:           732208 kB
SwapCached:         4384 kB
Active:           793808 kB
Inactive:         776872 kB
Active(anon):     415484 kB
Inactive(anon):   436808 kB
Active(file):     378324 kB
Inactive(file):   340064 kB
Unevictable:       35812 kB
Mlocked:           27768 kB
SwapTotal:       1310716 kB
SwapFree:        1183716 kB
Dirty:                52 kB
Writeback:             0 kB
AnonPages:        864764 kB
Mapped:           500860 kB
Shmem:              1072 kB
Slab:             110404 kB
SReclaimable:      32016 kB
SUnreclaim:        78388 kB
KernelStack:       34960 kB
PageTables:        58896 kB
NFS_Unstable:          0 kB
Bounce:                0 kB
WritebackTmp:          0 kB
CommitLimit:     2684136 kB
Committed_AS:   140492256 kB
VmallocTotal:   251658176 kB
VmallocUsed:      325160 kB
VmallocChunk:   247561408 kB
Time pass: 150 sec

---2015-12-09 11:18:22
MemTotal:        2746844 kB
MemFree:           67976 kB
Buffers:            6368 kB
Cached:           732208 kB
SwapCached:         4384 kB
Active:           794832 kB
Inactive:         776876 kB
Active(anon):     416508 kB
Inactive(anon):   436804 kB
Active(file):     378324 kB
Inactive(file):   340072 kB
Unevictable:       35812 kB
Mlocked:           27768 kB
SwapTotal:       1310716 kB
SwapFree:        1183716 kB
Dirty:                 0 kB
Writeback:             0 kB
AnonPages:        866016 kB
Mapped:           500860 kB
Shmem:              1072 kB
Slab:             110412 kB
SReclaimable:      32016 kB
SUnreclaim:        78396 kB
KernelStack:       34960 kB
PageTables:        58896 kB
NFS_Unstable:          0 kB
Bounce:                0 kB
WritebackTmp:          0 kB
CommitLimit:     2684136 kB
Committed_AS:   140492264 kB
VmallocTotal:   251658176 kB
VmallocUsed:      325160 kB
VmallocChunk:   247561408 kB
Time pass: 153 sec

---2015-12-09 11:18:22
MemTotal:        2746844 kB
MemFree:           68264 kB
Buffers:            6392 kB
Cached:           732208 kB
SwapCached:         4384 kB
Active:           794976 kB
Inactive:         776900 kB
Active(anon):     416652 kB
Inactive(anon):   436804 kB
Active(file):     378324 kB
Inactive(file):   340096 kB
Unevictable:       35812 kB
Mlocked:           27768 kB
SwapTotal:       1310716 kB
SwapFree:        1183716 kB
Dirty:                36 kB
Writeback:             0 kB
AnonPages:        865996 kB
Mapped:           500788 kB
Shmem:              1072 kB
Slab:             110408 kB
SReclaimable:      32016 kB
SUnreclaim:        78392 kB
KernelStack:       34960 kB
PageTables:        58872 kB
NFS_Unstable:          0 kB
Bounce:                0 kB
WritebackTmp:          0 kB
CommitLimit:     2684136 kB
Committed_AS:   140496352 kB
VmallocTotal:   251658176 kB
VmallocUsed:      325160 kB
VmallocChunk:   247561408 kB
Time pass: 157 sec

---2015-12-09 11:18:22
MemTotal:        2746844 kB
MemFree:           75900 kB
Buffers:            6392 kB
Cached:           732208 kB
SwapCached:         4384 kB
Active:           798040 kB
Inactive:         776888 kB
Active(anon):     419712 kB
Inactive(anon):   436796 kB
Active(file):     378328 kB
Inactive(file):   340092 kB
Unevictable:       35812 kB
Mlocked:           27768 kB
SwapTotal:       1310716 kB
SwapFree:        1183716 kB
Dirty:                36 kB
Writeback:             0 kB
AnonPages:        869000 kB
Mapped:           503228 kB
Shmem:              1072 kB
Slab:             110384 kB
SReclaimable:      32016 kB
SUnreclaim:        78368 kB
KernelStack:       34976 kB
PageTables:        59276 kB
NFS_Unstable:          0 kB
Bounce:                0 kB
WritebackTmp:          0 kB
CommitLimit:     2684136 kB
Committed_AS:   141736300 kB
VmallocTotal:   251658176 kB
VmallocUsed:      326180 kB
VmallocChunk:   247561408 kB
Time pass: 160 sec

---2015-12-09 11:18:22
MemTotal:        2746844 kB
MemFree:           76524 kB
Buffers:            6400 kB
Cached:           732208 kB
SwapCached:         4384 kB
Active:           803196 kB
Inactive:         771336 kB
Active(anon):     419348 kB
Inactive(anon):   436760 kB
Active(file):     383848 kB
Inactive(file):   334576 kB
Unevictable:       35812 kB
Mlocked:           27768 kB
SwapTotal:       1310716 kB
SwapFree:        1183716 kB
Dirty:                92 kB
Writeback:             0 kB
AnonPages:        868840 kB
Mapped:           500360 kB
Shmem:              1080 kB
Slab:             110440 kB
SReclaimable:      32016 kB
SUnreclaim:        78424 kB
KernelStack:       34960 kB
PageTables:        58824 kB
NFS_Unstable:          0 kB
Bounce:                0 kB
WritebackTmp:          0 kB
CommitLimit:     2684136 kB
Committed_AS:   140496468 kB
VmallocTotal:   251658176 kB
VmallocUsed:      325160 kB
VmallocChunk:   247561408 kB
Time pass: 164 sec

---2015-12-09 11:18:22
MemTotal:        2746844 kB
MemFree:           75544 kB
Buffers:            6416 kB
Cached:           732220 kB
SwapCached:         4384 kB
Active:           803192 kB
Inactive:         771348 kB
Active(anon):     419336 kB
Inactive(anon):   436760 kB
Active(file):     383856 kB
Inactive(file):   334588 kB
Unevictable:       35812 kB
Mlocked:           27768 kB
SwapTotal:       1310716 kB
SwapFree:        1183716 kB
Dirty:                 0 kB
Writeback:             0 kB
AnonPages:        868804 kB
Mapped:           500716 kB
Shmem:              1084 kB
Slab:             110480 kB
SReclaimable:      32016 kB
SUnreclaim:        78464 kB
KernelStack:       34960 kB
PageTables:        58856 kB
NFS_Unstable:          0 kB
Bounce:                0 kB
WritebackTmp:          0 kB
CommitLimit:     2684136 kB
Committed_AS:   140496376 kB
VmallocTotal:   251658176 kB
VmallocUsed:      325160 kB
VmallocChunk:   247561408 kB
Time pass: 167 sec

---2015-12-09 11:18:22
MemTotal:        2746844 kB
MemFree:           77712 kB
Buffers:            6424 kB
Cached:           732376 kB
SwapCached:         4384 kB
Active:           803532 kB
Inactive:         771484 kB
Active(anon):     419676 kB
Inactive(anon):   436896 kB
Active(file):     383856 kB
Inactive(file):   334588 kB
Unevictable:       35812 kB
Mlocked:           27768 kB
SwapTotal:       1310716 kB
SwapFree:        1183716 kB
Dirty:                52 kB
Writeback:             0 kB
AnonPages:        869072 kB
Mapped:           500956 kB
Shmem:              1240 kB
Slab:             110472 kB
SReclaimable:      32016 kB
SUnreclaim:        78456 kB
KernelStack:       34928 kB
PageTables:        58884 kB
NFS_Unstable:          0 kB
Bounce:                0 kB
WritebackTmp:          0 kB
CommitLimit:     2684136 kB
Committed_AS:   140496344 kB
VmallocTotal:   251658176 kB
VmallocUsed:      325160 kB
VmallocChunk:   247561408 kB
Time pass: 171 sec

---2015-12-09 11:18:22
MemTotal:        2746844 kB
MemFree:           77556 kB
Buffers:            6440 kB
Cached:           732412 kB
SwapCached:         4400 kB
Active:           803804 kB
Inactive:         771516 kB
Active(anon):     419948 kB
Inactive(anon):   436904 kB
Active(file):     383856 kB
Inactive(file):   334612 kB
Unevictable:       35812 kB
Mlocked:           27768 kB
SwapTotal:       1310716 kB
SwapFree:        1183736 kB
Dirty:                52 kB
Writeback:             0 kB
AnonPages:        869244 kB
Mapped:           500992 kB
Shmem:              1276 kB
Slab:             110472 kB
SReclaimable:      32016 kB
SUnreclaim:        78456 kB
KernelStack:       34928 kB
PageTables:        58892 kB
NFS_Unstable:          0 kB
Bounce:                0 kB
WritebackTmp:          0 kB
CommitLimit:     2684136 kB
Committed_AS:   140496320 kB
VmallocTotal:   251658176 kB
VmallocUsed:      325160 kB
VmallocChunk:   247561408 kB
Time pass: 174 sec

---2015-12-09 11:18:22
MemTotal:        2746844 kB
MemFree:           77852 kB
Buffers:            6448 kB
Cached:           732404 kB
SwapCached:         4400 kB
Active:           803684 kB
Inactive:         771576 kB
Active(anon):     419828 kB
Inactive(anon):   436964 kB
Active(file):     383856 kB
Inactive(file):   334612 kB
Unevictable:       35812 kB
Mlocked:           27768 kB
SwapTotal:       1310716 kB
SwapFree:        1183736 kB
Dirty:                32 kB
Writeback:             0 kB
AnonPages:        869580 kB
Mapped:           500908 kB
Shmem:              1276 kB
Slab:             110456 kB
SReclaimable:      32016 kB
SUnreclaim:        78440 kB
KernelStack:       34912 kB
PageTables:        58860 kB
NFS_Unstable:          0 kB
Bounce:                0 kB
WritebackTmp:          0 kB
CommitLimit:     2684136 kB
Committed_AS:   140496320 kB
VmallocTotal:   251658176 kB
VmallocUsed:      325160 kB
VmallocChunk:   247561408 kB
Time pass: 178 sec

---2015-12-09 11:18:22
MemTotal:        2746844 kB
MemFree:           73488 kB
Buffers:            6616 kB
Cached:           734348 kB
SwapCached:         4404 kB
Active:           804548 kB
Inactive:         773548 kB
Active(anon):     420684 kB
Inactive(anon):   437380 kB
Active(file):     383864 kB
Inactive(file):   336168 kB
Unevictable:       35812 kB
Mlocked:           27768 kB
SwapTotal:       1310716 kB
SwapFree:        1183756 kB
Dirty:               144 kB
Writeback:             0 kB
AnonPages:        870128 kB
Mapped:           501376 kB
Shmem:              1792 kB
Slab:             110444 kB
SReclaimable:      32016 kB
SUnreclaim:        78428 kB
KernelStack:       34848 kB
PageTables:        58840 kB
NFS_Unstable:          0 kB
Bounce:                0 kB
WritebackTmp:          0 kB
CommitLimit:     2684136 kB
Committed_AS:   140496820 kB
VmallocTotal:   251658176 kB
VmallocUsed:      325160 kB
VmallocChunk:   247561408 kB
Time pass: 182 sec

---2015-12-09 11:18:22
MemTotal:        2746844 kB
MemFree:           76344 kB
Buffers:            6632 kB
Cached:           734336 kB
SwapCached:         4404 kB
Active:           802508 kB
Inactive:         773568 kB
Active(anon):     418644 kB
Inactive(anon):   437352 kB
Active(file):     383864 kB
Inactive(file):   336216 kB
Unevictable:       35812 kB
Mlocked:           27768 kB
SwapTotal:       1310716 kB
SwapFree:        1184324 kB
Dirty:                56 kB
Writeback:             0 kB
AnonPages:        867896 kB
Mapped:           501476 kB
Shmem:              1792 kB
Slab:             110420 kB
SReclaimable:      32016 kB
SUnreclaim:        78404 kB
KernelStack:       34480 kB
PageTables:        58840 kB
NFS_Unstable:          0 kB
Bounce:                0 kB
WritebackTmp:          0 kB
CommitLimit:     2684136 kB
Committed_AS:   140495792 kB
VmallocTotal:   251658176 kB
VmallocUsed:      325160 kB
VmallocChunk:   247561408 kB
Time pass: 185 sec

---2015-12-09 11:18:22
MemTotal:        2746844 kB
MemFree:           76640 kB
Buffers:            6632 kB
Cached:           734348 kB
SwapCached:         4404 kB
Active:           802100 kB
Inactive:         773484 kB
Active(anon):     418236 kB
Inactive(anon):   437268 kB
Active(file):     383864 kB
Inactive(file):   336216 kB
Unevictable:       35812 kB
Mlocked:           27768 kB
SwapTotal:       1310716 kB
SwapFree:        1184324 kB
Dirty:                56 kB
Writeback:             0 kB
AnonPages:        867556 kB
Mapped:           501480 kB
Shmem:              1792 kB
Slab:             110416 kB
SReclaimable:      32016 kB
SUnreclaim:        78400 kB
KernelStack:       34352 kB
PageTables:        58824 kB
NFS_Unstable:          0 kB
Bounce:                0 kB
WritebackTmp:          0 kB
CommitLimit:     2684136 kB
Committed_AS:   140495732 kB
VmallocTotal:   251658176 kB
VmallocUsed:      325160 kB
VmallocChunk:   247561408 kB
Time pass: 189 sec

---2015-12-09 11:18:22
MemTotal:        2746844 kB
MemFree:           75872 kB
Buffers:            6640 kB
Cached:           734408 kB
SwapCached:         4404 kB
Active:           802436 kB
Inactive:         773552 kB
Active(anon):     418572 kB
Inactive(anon):   437268 kB
Active(file):     383864 kB
Inactive(file):   336284 kB
Unevictable:       35812 kB
Mlocked:           27768 kB
SwapTotal:       1310716 kB
SwapFree:        1184324 kB
Dirty:                36 kB
Writeback:             0 kB
AnonPages:        867708 kB
Mapped:           501568 kB
Shmem:              1792 kB
Slab:             110412 kB
SReclaimable:      32016 kB
SUnreclaim:        78396 kB
KernelStack:       34336 kB
PageTables:        58852 kB
NFS_Unstable:          0 kB
Bounce:                0 kB
WritebackTmp:          0 kB
CommitLimit:     2684136 kB
Committed_AS:   140495684 kB
VmallocTotal:   251658176 kB
VmallocUsed:      325160 kB
VmallocChunk:   247561408 kB
Time pass: 192 sec

---2015-12-09 11:18:22
MemTotal:        2746844 kB
MemFree:           75224 kB
Buffers:            6664 kB
Cached:           734408 kB
SwapCached:         4404 kB
Active:           802544 kB
Inactive:         773576 kB
Active(anon):     418680 kB
Inactive(anon):   437268 kB
Active(file):     383864 kB
Inactive(file):   336308 kB
Unevictable:       35812 kB
Mlocked:           27768 kB
SwapTotal:       1310716 kB
SwapFree:        1184324 kB
Dirty:                44 kB
Writeback:             0 kB
AnonPages:        867616 kB
Mapped:           501568 kB
Shmem:              1792 kB
Slab:             110412 kB
SReclaimable:      32016 kB
SUnreclaim:        78396 kB
KernelStack:       34304 kB
PageTables:        58852 kB
NFS_Unstable:          0 kB
Bounce:                0 kB
WritebackTmp:          0 kB
CommitLimit:     2684136 kB
Committed_AS:   140495628 kB
VmallocTotal:   251658176 kB
VmallocUsed:      325160 kB
VmallocChunk:   247561408 kB
Time pass: 196 sec

---2015-12-09 11:18:22
MemTotal:        2746844 kB
MemFree:           73668 kB
Buffers:            6664 kB
Cached:           734560 kB
SwapCached:         4404 kB
Active:           804648 kB
Inactive:         773724 kB
Active(anon):     420780 kB
Inactive(anon):   437268 kB
Active(file):     383868 kB
Inactive(file):   336456 kB
Unevictable:       35812 kB
Mlocked:           27768 kB
SwapTotal:       1310716 kB
SwapFree:        1184324 kB
Dirty:                48 kB
Writeback:             0 kB
AnonPages:        870088 kB
Mapped:           501504 kB
Shmem:              1792 kB
Slab:             110420 kB
SReclaimable:      32016 kB
SUnreclaim:        78404 kB
KernelStack:       34304 kB
PageTables:        58832 kB
NFS_Unstable:          0 kB
Bounce:                0 kB
WritebackTmp:          0 kB
CommitLimit:     2684136 kB
Committed_AS:   140500704 kB
VmallocTotal:   251658176 kB
VmallocUsed:      326180 kB
VmallocChunk:   247561408 kB
Time pass: 199 sec

---2015-12-09 11:18:22
MemTotal:        2746844 kB
MemFree:           73416 kB
Buffers:            6688 kB
Cached:           734660 kB
SwapCached:         4404 kB
Active:           805416 kB
Inactive:         773824 kB
Active(anon):     421540 kB
Inactive(anon):   437328 kB
Active(file):     383876 kB
Inactive(file):   336496 kB
Unevictable:       35812 kB
Mlocked:           27768 kB
SwapTotal:       1310716 kB
SwapFree:        1184340 kB
Dirty:               100 kB
Writeback:             0 kB
AnonPages:        870736 kB
Mapped:           501580 kB
Shmem:              1864 kB
Slab:             110416 kB
SReclaimable:      32016 kB
SUnreclaim:        78400 kB
KernelStack:       34256 kB
PageTables:        58852 kB
NFS_Unstable:          0 kB
Bounce:                0 kB
WritebackTmp:          0 kB
CommitLimit:     2684136 kB
Committed_AS:   140499652 kB
VmallocTotal:   251658176 kB
VmallocUsed:      325160 kB
VmallocChunk:   247561408 kB
Time pass: 203 sec

---2015-12-09 11:18:22
MemTotal:        2746844 kB
MemFree:           73180 kB
Buffers:            6696 kB
Cached:           734656 kB
SwapCached:         4404 kB
Active:           804708 kB
Inactive:         773676 kB
Active(anon):     420832 kB
Inactive(anon):   437180 kB
Active(file):     383876 kB
Inactive(file):   336496 kB
Unevictable:       35812 kB
Mlocked:           27768 kB
SwapTotal:       1310716 kB
SwapFree:        1184360 kB
Dirty:                40 kB
Writeback:             0 kB
AnonPages:        869748 kB
Mapped:           501584 kB
Shmem:              1868 kB
Slab:             110416 kB
SReclaimable:      32016 kB
SUnreclaim:        78400 kB
KernelStack:       34176 kB
PageTables:        58840 kB
NFS_Unstable:          0 kB
Bounce:                0 kB
WritebackTmp:          0 kB
CommitLimit:     2684136 kB
Committed_AS:   140499636 kB
VmallocTotal:   251658176 kB
VmallocUsed:      325160 kB
VmallocChunk:   247561408 kB
Time pass: 206 sec

---2015-12-09 11:18:22
MemTotal:        2746844 kB
MemFree:           73576 kB
Buffers:            6712 kB
Cached:           734712 kB
SwapCached:         4404 kB
Active:           804960 kB
Inactive:         773736 kB
Active(anon):     421084 kB
Inactive(anon):   437216 kB
Active(file):     383876 kB
Inactive(file):   336520 kB
Unevictable:       35812 kB
Mlocked:           27768 kB
SwapTotal:       1310716 kB
SwapFree:        1184364 kB
Dirty:                40 kB
Writeback:             0 kB
AnonPages:        870264 kB
Mapped:           501652 kB
Shmem:              1916 kB
Slab:             110408 kB
SReclaimable:      32016 kB
SUnreclaim:        78392 kB
KernelStack:       34160 kB
PageTables:        58836 kB
NFS_Unstable:          0 kB
Bounce:                0 kB
WritebackTmp:          0 kB
CommitLimit:     2684136 kB
Committed_AS:   140499476 kB
VmallocTotal:   251658176 kB
VmallocUsed:      325160 kB
VmallocChunk:   247561408 kB
Time pass: 210 sec

---2015-12-09 11:18:22
MemTotal:        2746844 kB
MemFree:           74528 kB
Buffers:            6728 kB
Cached:           734712 kB
SwapCached:         4404 kB
Active:           805632 kB
Inactive:         773756 kB
Active(anon):     421756 kB
Inactive(anon):   437220 kB
Active(file):     383876 kB
Inactive(file):   336536 kB
Unevictable:       35812 kB
Mlocked:           27768 kB
SwapTotal:       1310716 kB
SwapFree:        1184368 kB
Dirty:                20 kB
Writeback:             0 kB
AnonPages:        870684 kB
Mapped:           501652 kB
Shmem:              1916 kB
Slab:             110392 kB
SReclaimable:      32016 kB
SUnreclaim:        78376 kB
KernelStack:       34128 kB
PageTables:        58844 kB
NFS_Unstable:          0 kB
Bounce:                0 kB
WritebackTmp:          0 kB
CommitLimit:     2684136 kB
Committed_AS:   140499460 kB
VmallocTotal:   251658176 kB
VmallocUsed:      325160 kB
VmallocChunk:   247561408 kB
Time pass: 213 sec

---2015-12-09 11:18:22
MemTotal:        2746844 kB
MemFree:           73512 kB
Buffers:            6728 kB
Cached:           734712 kB
SwapCached:         4404 kB
Active:           805896 kB
Inactive:         773752 kB
Active(anon):     422020 kB
Inactive(anon):   437216 kB
Active(file):     383876 kB
Inactive(file):   336536 kB
Unevictable:       35812 kB
Mlocked:           27768 kB
SwapTotal:       1310716 kB
SwapFree:        1184368 kB
Dirty:                20 kB
Writeback:             0 kB
AnonPages:        871376 kB
Mapped:           501568 kB
Shmem:              1916 kB
Slab:             110408 kB
SReclaimable:      32016 kB
SUnreclaim:        78392 kB
KernelStack:       34128 kB
PageTables:        58816 kB
NFS_Unstable:          0 kB
Bounce:                0 kB
WritebackTmp:          0 kB
CommitLimit:     2684136 kB
Committed_AS:   140499444 kB
VmallocTotal:   251658176 kB
VmallocUsed:      325160 kB
VmallocChunk:   247561408 kB
Time pass: 217 sec

---2015-12-09 11:18:22
MemTotal:        2746844 kB
MemFree:           72132 kB
Buffers:            6752 kB
Cached:           734716 kB
SwapCached:         4404 kB
Active:           808336 kB
Inactive:         773752 kB
Active(anon):     424460 kB
Inactive(anon):   437208 kB
Active(file):     383876 kB
Inactive(file):   336544 kB
Unevictable:       35812 kB
Mlocked:           27768 kB
SwapTotal:       1310716 kB
SwapFree:        1184368 kB
Dirty:                52 kB
Writeback:             0 kB
AnonPages:        873484 kB
Mapped:           501432 kB
Shmem:              1936 kB
Slab:             110404 kB
SReclaimable:      31936 kB
SUnreclaim:        78468 kB
KernelStack:       34096 kB
PageTables:        58784 kB
NFS_Unstable:          0 kB
Bounce:                0 kB
WritebackTmp:          0 kB
CommitLimit:     2684136 kB
Committed_AS:   140499376 kB
VmallocTotal:   251658176 kB
VmallocUsed:      325160 kB
VmallocChunk:   247561408 kB
Time pass: 220 sec

---2015-12-09 11:18:22
MemTotal:        2746844 kB
MemFree:           71920 kB
Buffers:            6752 kB
Cached:           734732 kB
SwapCached:         4404 kB
Active:           807904 kB
Inactive:         773784 kB
Active(anon):     424040 kB
Inactive(anon):   437208 kB
Active(file):     383864 kB
Inactive(file):   336576 kB
Unevictable:       35812 kB
Mlocked:           27768 kB
SwapTotal:       1310716 kB
SwapFree:        1184368 kB
Dirty:                 0 kB
Writeback:             0 kB
AnonPages:        872872 kB
Mapped:           501744 kB
Shmem:              1936 kB
Slab:             110396 kB
SReclaimable:      31936 kB
SUnreclaim:        78460 kB
KernelStack:       34160 kB
PageTables:        58848 kB
NFS_Unstable:          0 kB
Bounce:                0 kB
WritebackTmp:          0 kB
CommitLimit:     2684136 kB
Committed_AS:   140499352 kB
VmallocTotal:   251658176 kB
VmallocUsed:      325160 kB
VmallocChunk:   247561408 kB
Time pass: 224 sec

---2015-12-09 11:18:22
MemTotal:        2746844 kB
MemFree:           71428 kB
Buffers:            6760 kB
Cached:           734732 kB
SwapCached:         4404 kB
Active:           807944 kB
Inactive:         773568 kB
Active(anon):     424080 kB
Inactive(anon):   436984 kB
Active(file):     383864 kB
Inactive(file):   336584 kB
Unevictable:       35812 kB
Mlocked:           27768 kB
SwapTotal:       1310716 kB
SwapFree:        1184404 kB
Dirty:                52 kB
Writeback:             0 kB
AnonPages:        872868 kB
Mapped:           501744 kB
Shmem:              1936 kB
Slab:             110340 kB
SReclaimable:      31936 kB
SUnreclaim:        78404 kB
KernelStack:       34128 kB
PageTables:        58852 kB
NFS_Unstable:          0 kB
Bounce:                0 kB
WritebackTmp:          0 kB
CommitLimit:     2684136 kB
Committed_AS:   140499420 kB
VmallocTotal:   251658176 kB
VmallocUsed:      325160 kB
VmallocChunk:   247561408 kB
Time pass: 227 sec

---2015-12-09 11:18:22
MemTotal:        2746844 kB
MemFree:           70792 kB
Buffers:            6784 kB
Cached:           734880 kB
SwapCached:         4404 kB
Active:           808800 kB
Inactive:         773696 kB
Active(anon):     424928 kB
Inactive(anon):   436992 kB
Active(file):     383872 kB
Inactive(file):   336704 kB
Unevictable:       35812 kB
Mlocked:           27768 kB
SwapTotal:       1310716 kB
SwapFree:        1184416 kB
Dirty:                 0 kB
Writeback:             0 kB
AnonPages:        873540 kB
Mapped:           501752 kB
Shmem:              1936 kB
Slab:             110340 kB
SReclaimable:      31936 kB
SUnreclaim:        78404 kB
KernelStack:       34176 kB
PageTables:        58856 kB
NFS_Unstable:          0 kB
Bounce:                0 kB
WritebackTmp:          0 kB
CommitLimit:     2684136 kB
Committed_AS:   140499844 kB
VmallocTotal:   251658176 kB
VmallocUsed:      325160 kB
VmallocChunk:   247561408 kB
Time pass: 231 sec

---2015-12-09 11:18:22
MemTotal:        2746844 kB
MemFree:           70340 kB
Buffers:            6792 kB
Cached:           734872 kB
SwapCached:         4404 kB
Active:           808696 kB
Inactive:         773740 kB
Active(anon):     424824 kB
Inactive(anon):   436992 kB
Active(file):     383872 kB
Inactive(file):   336748 kB
Unevictable:       35812 kB
Mlocked:           27768 kB
SwapTotal:       1310716 kB
SwapFree:        1184424 kB
Dirty:                 0 kB
Writeback:             0 kB
AnonPages:        874036 kB
Mapped:           501668 kB
Shmem:              1936 kB
Slab:             110304 kB
SReclaimable:      31936 kB
SUnreclaim:        78368 kB
KernelStack:       34176 kB
PageTables:        58828 kB
NFS_Unstable:          0 kB
Bounce:                0 kB
WritebackTmp:          0 kB
CommitLimit:     2684136 kB
Committed_AS:   140499844 kB
VmallocTotal:   251658176 kB
VmallocUsed:      325160 kB
VmallocChunk:   247561408 kB
Time pass: 234 sec

---2015-12-09 11:18:22
MemTotal:        2746844 kB
MemFree:           72800 kB
Buffers:            6808 kB
Cached:           733616 kB
SwapCached:         4420 kB
Active:           808356 kB
Inactive:         773524 kB
Active(anon):     425148 kB
Inactive(anon):   437352 kB
Active(file):     383208 kB
Inactive(file):   336172 kB
Unevictable:       35812 kB
Mlocked:           27768 kB
SwapTotal:       1310716 kB
SwapFree:        1183184 kB
Dirty:                96 kB
Writeback:             0 kB
AnonPages:        874400 kB
Mapped:           501480 kB
Shmem:              1936 kB
Slab:             110404 kB
SReclaimable:      31936 kB
SUnreclaim:        78468 kB
KernelStack:       34448 kB
PageTables:        58996 kB
NFS_Unstable:          0 kB
Bounce:                0 kB
WritebackTmp:          0 kB
CommitLimit:     2684136 kB
Committed_AS:   140499864 kB
VmallocTotal:   251658176 kB
VmallocUsed:      325160 kB
VmallocChunk:   247561408 kB
Time pass: 238 sec

---2015-12-09 11:18:22
MemTotal:        2746844 kB
MemFree:           77476 kB
Buffers:            6816 kB
Cached:           733608 kB
SwapCached:         4420 kB
Active:           804852 kB
Inactive:         773512 kB
Active(anon):     421644 kB
Inactive(anon):   437340 kB
Active(file):     383208 kB
Inactive(file):   336172 kB
Unevictable:       35812 kB
Mlocked:           27768 kB
SwapTotal:       1310716 kB
SwapFree:        1183184 kB
Dirty:                36 kB
Writeback:             0 kB
AnonPages:        871124 kB
Mapped:           501620 kB
Shmem:              1936 kB
Slab:             110304 kB
SReclaimable:      31936 kB
SUnreclaim:        78368 kB
KernelStack:       34240 kB
PageTables:        58840 kB
NFS_Unstable:          0 kB
Bounce:                0 kB
WritebackTmp:          0 kB
CommitLimit:     2684136 kB
Committed_AS:   140499956 kB
VmallocTotal:   251658176 kB
VmallocUsed:      325160 kB
VmallocChunk:   247561408 kB
Time pass: 242 sec

---2015-12-09 11:18:22
MemTotal:        2746844 kB
MemFree:           77944 kB
Buffers:            6832 kB
Cached:           733616 kB
SwapCached:         4420 kB
Active:           804792 kB
Inactive:         773540 kB
Active(anon):     421584 kB
Inactive(anon):   437344 kB
Active(file):     383208 kB
Inactive(file):   336196 kB
Unevictable:       35812 kB
Mlocked:           27768 kB
SwapTotal:       1310716 kB
SwapFree:        1183188 kB
Dirty:                52 kB
Writeback:             0 kB
AnonPages:        870748 kB
Mapped:           501744 kB
Shmem:              1936 kB
Slab:             110304 kB
SReclaimable:      31936 kB
SUnreclaim:        78368 kB
KernelStack:       34224 kB
PageTables:        58868 kB
NFS_Unstable:          0 kB
Bounce:                0 kB
WritebackTmp:          0 kB
CommitLimit:     2684136 kB
Committed_AS:   140499948 kB
VmallocTotal:   251658176 kB
VmallocUsed:      325160 kB
VmallocChunk:   247561408 kB
Time pass: 245 sec

---2015-12-09 11:18:22
MemTotal:        2746844 kB
MemFree:           74396 kB
Buffers:            6912 kB
Cached:           734296 kB
SwapCached:         4420 kB
Active:           806556 kB
Inactive:         774144 kB
Active(anon):     423340 kB
Inactive(anon):   437196 kB
Active(file):     383216 kB
Inactive(file):   336948 kB
Unevictable:       35812 kB
Mlocked:           27768 kB
SwapTotal:       1310716 kB
SwapFree:        1183188 kB
Dirty:               108 kB
Writeback:             0 kB
AnonPages:        872392 kB
Mapped:           501780 kB
Shmem:              1936 kB
Slab:             110304 kB
SReclaimable:      31936 kB
SUnreclaim:        78368 kB
KernelStack:       34224 kB
PageTables:        58872 kB
NFS_Unstable:          0 kB
Bounce:                0 kB
WritebackTmp:          0 kB
CommitLimit:     2684136 kB
Committed_AS:   140499996 kB
VmallocTotal:   251658176 kB
VmallocUsed:      325160 kB
VmallocChunk:   247561408 kB
Time pass: 249 sec

---2015-12-09 11:18:22
MemTotal:        2746844 kB
MemFree:           73928 kB
Buffers:            6912 kB
Cached:           734296 kB
SwapCached:         4420 kB
Active:           807644 kB
Inactive:         774028 kB
Active(anon):     424428 kB
Inactive(anon):   437080 kB
Active(file):     383216 kB
Inactive(file):   336948 kB
Unevictable:       35812 kB
Mlocked:           27768 kB
SwapTotal:       1310716 kB
SwapFree:        1183204 kB
Dirty:                 0 kB
Writeback:             0 kB
AnonPages:        873868 kB
Mapped:           501780 kB
Shmem:              1936 kB
Slab:             110304 kB
SReclaimable:      31936 kB
SUnreclaim:        78368 kB
KernelStack:       34256 kB
PageTables:        58872 kB
NFS_Unstable:          0 kB
Bounce:                0 kB
WritebackTmp:          0 kB
CommitLimit:     2684136 kB
Committed_AS:   140499988 kB
VmallocTotal:   251658176 kB
VmallocUsed:      325160 kB
VmallocChunk:   247561408 kB
Time pass: 252 sec

---2015-12-09 11:18:22
MemTotal:        2746844 kB
MemFree:           74424 kB
Buffers:            6920 kB
Cached:           734296 kB
SwapCached:         4420 kB
Active:           806904 kB
Inactive:         774036 kB
Active(anon):     423688 kB
Inactive(anon):   437080 kB
Active(file):     383216 kB
Inactive(file):   336956 kB
Unevictable:       35812 kB
Mlocked:           27768 kB
SwapTotal:       1310716 kB
SwapFree:        1183204 kB
Dirty:                32 kB
Writeback:             0 kB
AnonPages:        872620 kB
Mapped:           501696 kB
Shmem:              1936 kB
Slab:             110320 kB
SReclaimable:      31936 kB
SUnreclaim:        78384 kB
KernelStack:       34256 kB
PageTables:        58848 kB
NFS_Unstable:          0 kB
Bounce:                0 kB
WritebackTmp:          0 kB
CommitLimit:     2684136 kB
Committed_AS:   140499996 kB
VmallocTotal:   251658176 kB
VmallocUsed:      325160 kB
VmallocChunk:   247561408 kB
Time pass: 256 sec

---2015-12-09 11:18:22
MemTotal:        2746844 kB
MemFree:           75040 kB
Buffers:            6924 kB
Cached:           733012 kB
SwapCached:         4420 kB
Active:           809976 kB
Inactive:         771720 kB
Active(anon):     427068 kB
Inactive(anon):   435736 kB
Active(file):     382908 kB
Inactive(file):   335984 kB
Unevictable:       35812 kB
Mlocked:           27768 kB
SwapTotal:       1310716 kB
SwapFree:        1182976 kB
Dirty:               100 kB
Writeback:             0 kB
AnonPages:        874668 kB
Mapped:           501416 kB
Shmem:              1936 kB
Slab:             110380 kB
SReclaimable:      31936 kB
SUnreclaim:        78444 kB
KernelStack:       34240 kB
PageTables:        58816 kB
NFS_Unstable:          0 kB
Bounce:                0 kB
WritebackTmp:          0 kB
CommitLimit:     2684136 kB
Committed_AS:   140500052 kB
VmallocTotal:   251658176 kB
VmallocUsed:      325160 kB
VmallocChunk:   247561408 kB
Time pass: 259 sec

---2015-12-09 11:18:22
MemTotal:        2746844 kB
MemFree:           76264 kB
Buffers:            6932 kB
Cached:           733012 kB
SwapCached:         4420 kB
Active:           809020 kB
Inactive:         771700 kB
Active(anon):     426112 kB
Inactive(anon):   435716 kB
Active(file):     382908 kB
Inactive(file):   335984 kB
Unevictable:       35812 kB
Mlocked:           27768 kB
SwapTotal:       1310716 kB
SwapFree:        1182992 kB
Dirty:                64 kB
Writeback:             0 kB
AnonPages:        873596 kB
Mapped:           501520 kB
Shmem:              1936 kB
Slab:             110372 kB
SReclaimable:      31932 kB
SUnreclaim:        78440 kB
KernelStack:       34272 kB
PageTables:        58848 kB
NFS_Unstable:          0 kB
Bounce:                0 kB
WritebackTmp:          0 kB
CommitLimit:     2684136 kB
Committed_AS:   140500000 kB
VmallocTotal:   251658176 kB
VmallocUsed:      325160 kB
VmallocChunk:   247561408 kB
Time pass: 263 sec

---2015-12-09 11:18:22
MemTotal:        2746844 kB
MemFree:           76520 kB
Buffers:            6948 kB
Cached:           733012 kB
SwapCached:         4420 kB
Active:           809208 kB
Inactive:         771720 kB
Active(anon):     426300 kB
Inactive(anon):   435712 kB
Active(file):     382908 kB
Inactive(file):   336008 kB
Unevictable:       35812 kB
Mlocked:           27768 kB
SwapTotal:       1310716 kB
SwapFree:        1182992 kB
Dirty:                72 kB
Writeback:             0 kB
AnonPages:        873868 kB
Mapped:           501520 kB
Shmem:              1936 kB
Slab:             110356 kB
SReclaimable:      31932 kB
SUnreclaim:        78424 kB
KernelStack:       34288 kB
PageTables:        58856 kB
NFS_Unstable:          0 kB
Bounce:                0 kB
WritebackTmp:          0 kB
CommitLimit:     2684136 kB
Committed_AS:   140500052 kB
VmallocTotal:   251658176 kB
VmallocUsed:      325160 kB
VmallocChunk:   247561408 kB
Time pass: 266 sec

---2015-12-09 11:18:22
MemTotal:        2746844 kB
MemFree:           75600 kB
Buffers:            6956 kB
Cached:           733012 kB
SwapCached:         4420 kB
Active:           809352 kB
Inactive:         771624 kB
Active(anon):     426444 kB
Inactive(anon):   435616 kB
Active(file):     382908 kB
Inactive(file):   336008 kB
Unevictable:       35812 kB
Mlocked:           27768 kB
SwapTotal:       1310716 kB
SwapFree:        1182992 kB
Dirty:                32 kB
Writeback:             0 kB
AnonPages:        874112 kB
Mapped:           501604 kB
Shmem:              1936 kB
Slab:             110396 kB
SReclaimable:      31932 kB
SUnreclaim:        78464 kB
KernelStack:       34288 kB
PageTables:        58884 kB
NFS_Unstable:          0 kB
Bounce:                0 kB
WritebackTmp:          0 kB
CommitLimit:     2684136 kB
Committed_AS:   140499980 kB
VmallocTotal:   251658176 kB
VmallocUsed:      325160 kB
VmallocChunk:   247561408 kB
Time pass: 270 sec

---2015-12-09 11:18:22
MemTotal:        2746844 kB
MemFree:           75836 kB
Buffers:            6972 kB
Cached:           733012 kB
SwapCached:         4420 kB
Active:           810136 kB
Inactive:         771632 kB
Active(anon):     427212 kB
Inactive(anon):   435616 kB
Active(file):     382924 kB
Inactive(file):   336016 kB
Unevictable:       35812 kB
Mlocked:           27768 kB
SwapTotal:       1310716 kB
SwapFree:        1182992 kB
Dirty:                40 kB
Writeback:             0 kB
AnonPages:        874548 kB
Mapped:           501520 kB
Shmem:              1936 kB
Slab:             110364 kB
SReclaimable:      31932 kB
SUnreclaim:        78432 kB
KernelStack:       34288 kB
PageTables:        58856 kB
NFS_Unstable:          0 kB
Bounce:                0 kB
WritebackTmp:          0 kB
CommitLimit:     2684136 kB
Committed_AS:   140500052 kB
VmallocTotal:   251658176 kB
VmallocUsed:      325160 kB
VmallocChunk:   247561408 kB
Time pass: 273 sec

---2015-12-09 11:18:22
MemTotal:        2746844 kB
MemFree:           72716 kB
Buffers:            6980 kB
Cached:           733012 kB
SwapCached:         4420 kB
Active:           813252 kB
Inactive:         771580 kB
Active(anon):     430308 kB
Inactive(anon):   435576 kB
Active(file):     382944 kB
Inactive(file):   336004 kB
Unevictable:       35812 kB
Mlocked:           27768 kB
SwapTotal:       1310716 kB
SwapFree:        1182992 kB
Dirty:               112 kB
Writeback:             0 kB
AnonPages:        877888 kB
Mapped:           501520 kB
Shmem:              1936 kB
Slab:             110352 kB
SReclaimable:      31932 kB
SUnreclaim:        78420 kB
KernelStack:       34320 kB
PageTables:        58864 kB
NFS_Unstable:          0 kB
Bounce:                0 kB
WritebackTmp:          0 kB
CommitLimit:     2684136 kB
Committed_AS:   140509044 kB
VmallocTotal:   251658176 kB
VmallocUsed:      325160 kB
VmallocChunk:   247561408 kB
Time pass: 280 sec

---2015-12-09 11:18:22
MemTotal:        2746844 kB
MemFree:           72032 kB
Buffers:            6996 kB
Cached:           733012 kB
SwapCached:         4420 kB
Active:           812220 kB
Inactive:         771592 kB
Active(anon):     429276 kB
Inactive(anon):   435572 kB
Active(file):     382944 kB
Inactive(file):   336020 kB
Unevictable:       35812 kB
Mlocked:           27768 kB
SwapTotal:       1310716 kB
SwapFree:        1182992 kB
Dirty:                52 kB
Writeback:             0 kB
AnonPages:        876636 kB
Mapped:           501520 kB
Shmem:              1936 kB
Slab:             110376 kB
SReclaimable:      31932 kB
SUnreclaim:        78444 kB
KernelStack:       34304 kB
PageTables:        58908 kB
NFS_Unstable:          0 kB
Bounce:                0 kB
WritebackTmp:          0 kB
CommitLimit:     2684136 kB
Committed_AS:   140500116 kB
VmallocTotal:   251658176 kB
VmallocUsed:      325160 kB
VmallocChunk:   247561408 kB
Time pass: 283 sec

---2015-12-09 11:18:22
MemTotal:        2746844 kB
MemFree:           72784 kB
Buffers:            7004 kB
Cached:           733012 kB
SwapCached:         4420 kB
Active:           812084 kB
Inactive:         771600 kB
Active(anon):     429140 kB
Inactive(anon):   435572 kB
Active(file):     382944 kB
Inactive(file):   336028 kB
Unevictable:       35812 kB
Mlocked:           27768 kB
SwapTotal:       1310716 kB
SwapFree:        1182992 kB
Dirty:                32 kB
Writeback:             0 kB
AnonPages:        876724 kB
Mapped:           501604 kB
Shmem:              1936 kB
Slab:             110420 kB
SReclaimable:      31932 kB
SUnreclaim:        78488 kB
KernelStack:       34304 kB
PageTables:        58884 kB
NFS_Unstable:          0 kB
Bounce:                0 kB
WritebackTmp:          0 kB
CommitLimit:     2684136 kB
Committed_AS:   140500076 kB
VmallocTotal:   251658176 kB
VmallocUsed:      325160 kB
VmallocChunk:   247561408 kB
Time pass: 287 sec

---2015-12-09 11:18:22
MemTotal:        2746844 kB
MemFree:           70680 kB
Buffers:            7020 kB
Cached:           735412 kB
SwapCached:         4420 kB
Active:           812844 kB
Inactive:         773944 kB
Active(anon):     429900 kB
Inactive(anon):   435556 kB
Active(file):     382944 kB
Inactive(file):   338388 kB
Unevictable:       35812 kB
Mlocked:           27768 kB
SwapTotal:       1310716 kB
SwapFree:        1182992 kB
Dirty:                20 kB
Writeback:             0 kB
AnonPages:        877128 kB
Mapped:           501728 kB
Shmem:              1936 kB
Slab:             110364 kB
SReclaimable:      31932 kB
SUnreclaim:        78432 kB
KernelStack:       34352 kB
PageTables:        58892 kB
NFS_Unstable:          0 kB
Bounce:                0 kB
WritebackTmp:          0 kB
CommitLimit:     2684136 kB
Committed_AS:   140504180 kB
VmallocTotal:   251658176 kB
VmallocUsed:      325160 kB
VmallocChunk:   247561408 kB
Time pass: 291 sec

---2015-12-09 11:18:22
MemTotal:        2746844 kB
MemFree:           68752 kB
Buffers:            7036 kB
Cached:           735412 kB
SwapCached:         4420 kB
Active:           815132 kB
Inactive:         774012 kB
Active(anon):     432184 kB
Inactive(anon):   435556 kB
Active(file):     382948 kB
Inactive(file):   338456 kB
Unevictable:       35812 kB
Mlocked:           27768 kB
SwapTotal:       1310716 kB
SwapFree:        1182992 kB
Dirty:               100 kB
Writeback:             0 kB
AnonPages:        879508 kB
Mapped:           501728 kB
Shmem:              1936 kB
Slab:             110300 kB
SReclaimable:      31932 kB
SUnreclaim:        78368 kB
KernelStack:       34352 kB
PageTables:        58892 kB
NFS_Unstable:          0 kB
Bounce:                0 kB
WritebackTmp:          0 kB
CommitLimit:     2684136 kB
Committed_AS:   140504228 kB
VmallocTotal:   251658176 kB
VmallocUsed:      325160 kB
VmallocChunk:   247561408 kB
Time pass: 294 sec

---2015-12-09 11:18:22
MemTotal:        2746844 kB
MemFree:           70012 kB
Buffers:            7044 kB
Cached:           733260 kB
SwapCached:         4420 kB
Active:           815728 kB
Inactive:         772180 kB
Active(anon):     432992 kB
Inactive(anon):   435644 kB
Active(file):     382736 kB
Inactive(file):   336536 kB
Unevictable:       35812 kB
Mlocked:           27768 kB
SwapTotal:       1310716 kB
SwapFree:        1182180 kB
Dirty:                24 kB
Writeback:             0 kB
AnonPages:        880692 kB
Mapped:           501112 kB
Shmem:              1936 kB
Slab:             110300 kB
SReclaimable:      31932 kB
SUnreclaim:        78368 kB
KernelStack:       34096 kB
PageTables:        58832 kB
NFS_Unstable:          0 kB
Bounce:                0 kB
WritebackTmp:          0 kB
CommitLimit:     2684136 kB
Committed_AS:   140504156 kB
VmallocTotal:   251658176 kB
VmallocUsed:      325160 kB
VmallocChunk:   247561408 kB
Time pass: 298 sec

---2015-12-09 11:18:22
MemTotal:        2746844 kB
MemFree:           70308 kB
Buffers:            7060 kB
Cached:           733276 kB
SwapCached:         4420 kB
Active:           815436 kB
Inactive:         772196 kB
Active(anon):     432696 kB
Inactive(anon):   435644 kB
Active(file):     382740 kB
Inactive(file):   336552 kB
Unevictable:       35812 kB
Mlocked:           27768 kB
SwapTotal:       1310716 kB
SwapFree:        1182180 kB
Dirty:                 0 kB
Writeback:             0 kB
AnonPages:        880460 kB
Mapped:           501608 kB
Shmem:              1936 kB
Slab:             110292 kB
SReclaimable:      31932 kB
SUnreclaim:        78360 kB
KernelStack:       34304 kB
PageTables:        58852 kB
NFS_Unstable:          0 kB
Bounce:                0 kB
WritebackTmp:          0 kB
CommitLimit:     2684136 kB
Committed_AS:   140504116 kB
VmallocTotal:   251658176 kB
VmallocUsed:      325160 kB
VmallocChunk:   247561408 kB
Time pass: 301 sec

---2015-12-09 11:18:22
MemTotal:        2746844 kB
MemFree:           70200 kB
Buffers:            7076 kB
Cached:           733276 kB
SwapCached:         4420 kB
Active:           815660 kB
Inactive:         772204 kB
Active(anon):     432920 kB
Inactive(anon):   435644 kB
Active(file):     382740 kB
Inactive(file):   336560 kB
Unevictable:       35812 kB
Mlocked:           27768 kB
SwapTotal:       1310716 kB
SwapFree:        1182180 kB
Dirty:                56 kB
Writeback:             0 kB
AnonPages:        880692 kB
Mapped:           501608 kB
Shmem:              1936 kB
Slab:             110300 kB
SReclaimable:      31932 kB
SUnreclaim:        78368 kB
KernelStack:       34304 kB
PageTables:        58856 kB
NFS_Unstable:          0 kB
Bounce:                0 kB
WritebackTmp:          0 kB
CommitLimit:     2684136 kB
Committed_AS:   140504108 kB
VmallocTotal:   251658176 kB
VmallocUsed:      325160 kB
VmallocChunk:   247561408 kB
Time pass: 305 sec

---2015-12-09 11:18:22
MemTotal:        2746844 kB
MemFree:           69480 kB
Buffers:            7076 kB
Cached:           733276 kB
SwapCached:         4420 kB
Active:           816092 kB
Inactive:         772212 kB
Active(anon):     433352 kB
Inactive(anon):   435644 kB
Active(file):     382740 kB
Inactive(file):   336568 kB
Unevictable:       35812 kB
Mlocked:           27768 kB
SwapTotal:       1310716 kB
SwapFree:        1182180 kB
Dirty:                56 kB
Writeback:             0 kB
AnonPages:        880956 kB
Mapped:           501640 kB
Shmem:              1936 kB
Slab:             110308 kB
SReclaimable:      31932 kB
SUnreclaim:        78376 kB
KernelStack:       34272 kB
PageTables:        58860 kB
NFS_Unstable:          0 kB
Bounce:                0 kB
WritebackTmp:          0 kB
CommitLimit:     2684136 kB
Committed_AS:   140504100 kB
VmallocTotal:   251658176 kB
VmallocUsed:      325160 kB
VmallocChunk:   247561408 kB
Time pass: 308 sec

---2015-12-09 11:18:22
MemTotal:        2746844 kB
MemFree:           68816 kB
Buffers:            7084 kB
Cached:           736368 kB
SwapCached:         4420 kB
Active:           812728 kB
Inactive:         775300 kB
Active(anon):     429988 kB
Inactive(anon):   435636 kB
Active(file):     382740 kB
Inactive(file):   339664 kB
Unevictable:       35812 kB
Mlocked:           27768 kB
SwapTotal:       1310716 kB
SwapFree:        1182180 kB
Dirty:                 0 kB
Writeback:             0 kB
AnonPages:        877596 kB
Mapped:           501808 kB
Shmem:              1928 kB
Slab:             110356 kB
SReclaimable:      31932 kB
SUnreclaim:        78424 kB
KernelStack:       34272 kB
PageTables:        58860 kB
NFS_Unstable:          0 kB
Bounce:                0 kB
WritebackTmp:          0 kB
CommitLimit:     2684136 kB
Committed_AS:   140497524 kB
VmallocTotal:   251658176 kB
VmallocUsed:      325160 kB
VmallocChunk:   247561408 kB
Time pass: 312 sec

---2015-12-09 11:18:22
MemTotal:        2746844 kB
MemFree:           78852 kB
Buffers:            7100 kB
Cached:           733916 kB
SwapCached:         4420 kB
Active:           803120 kB
Inactive:         774832 kB
Active(anon):     421780 kB
Inactive(anon):   436192 kB
Active(file):     381340 kB
Inactive(file):   338640 kB
Unevictable:       35812 kB
Mlocked:           27768 kB
SwapTotal:       1310716 kB
SwapFree:        1181664 kB
Dirty:                72 kB
Writeback:             0 kB
AnonPages:        869820 kB
Mapped:           501592 kB
Shmem:              1928 kB
Slab:             110328 kB
SReclaimable:      31932 kB
SUnreclaim:        78396 kB
KernelStack:       34304 kB
PageTables:        58872 kB
NFS_Unstable:          0 kB
Bounce:                0 kB
WritebackTmp:          0 kB
CommitLimit:     2684136 kB
Committed_AS:   140497416 kB
VmallocTotal:   251658176 kB
VmallocUsed:      325160 kB
VmallocChunk:   247561408 kB
Time pass: 315 sec

---2015-12-09 11:18:22
MemTotal:        2746844 kB
MemFree:           68088 kB
Buffers:            7164 kB
Cached:           744640 kB
SwapCached:         4436 kB
Active:           802804 kB
Inactive:         785216 kB
Active(anon):     425804 kB
Inactive(anon):   432656 kB
Active(file):     377000 kB
Inactive(file):   352560 kB
Unevictable:       35812 kB
Mlocked:           27768 kB
SwapTotal:       1310716 kB
SwapFree:        1179292 kB
Dirty:                96 kB
Writeback:             0 kB
AnonPages:        870952 kB
Mapped:           502220 kB
Shmem:              2072 kB
Slab:             110312 kB
SReclaimable:      31932 kB
SUnreclaim:        78380 kB
KernelStack:       34304 kB
PageTables:        58872 kB
NFS_Unstable:          0 kB
Bounce:                0 kB
WritebackTmp:          0 kB
CommitLimit:     2684136 kB
Committed_AS:   140501656 kB
VmallocTotal:   251658176 kB
VmallocUsed:      325160 kB
VmallocChunk:   247561408 kB
Time pass: 319 sec

---2015-12-09 11:18:22
MemTotal:        2746844 kB
MemFree:           68404 kB
Buffers:            7220 kB
Cached:           744600 kB
SwapCached:         4436 kB
Active:           802912 kB
Inactive:         786472 kB
Active(anon):     426536 kB
Inactive(anon):   432268 kB
Active(file):     376376 kB
Inactive(file):   354204 kB
Unevictable:       35812 kB
Mlocked:           27768 kB
SwapTotal:       1310716 kB
SwapFree:        1179292 kB
Dirty:               112 kB
Writeback:             0 kB
AnonPages:        870656 kB
Mapped:           502792 kB
Shmem:              2016 kB
Slab:             110520 kB
SReclaimable:      32108 kB
SUnreclaim:        78412 kB
KernelStack:       34320 kB
PageTables:        58876 kB
NFS_Unstable:          0 kB
Bounce:                0 kB
WritebackTmp:          0 kB
CommitLimit:     2684136 kB
Committed_AS:   140501772 kB
VmallocTotal:   251658176 kB
VmallocUsed:      325160 kB
VmallocChunk:   247561408 kB
Time pass: 323 sec

---2015-12-09 11:18:22
MemTotal:        2746844 kB
MemFree:           69440 kB
Buffers:            7116 kB
Cached:           743728 kB
SwapCached:         4436 kB
Active:           799132 kB
Inactive:         788748 kB
Active(anon):     424616 kB
Inactive(anon):   434260 kB
Active(file):     374516 kB
Inactive(file):   354488 kB
Unevictable:       35812 kB
Mlocked:           27768 kB
SwapTotal:       1310716 kB
SwapFree:        1178576 kB
Dirty:                52 kB
Writeback:             0 kB
AnonPages:        869960 kB
Mapped:           503644 kB
Shmem:              2688 kB
Slab:             110552 kB
SReclaimable:      32076 kB
SUnreclaim:        78476 kB
KernelStack:       34304 kB
PageTables:        58880 kB
NFS_Unstable:          0 kB
Bounce:                0 kB
WritebackTmp:          0 kB
CommitLimit:     2684136 kB
Committed_AS:   140501836 kB
VmallocTotal:   251658176 kB
VmallocUsed:      325160 kB
VmallocChunk:   247561408 kB
Time pass: 327 sec

---2015-12-09 11:18:22
MemTotal:        2746844 kB
MemFree:           66532 kB
Buffers:            7132 kB
Cached:           745580 kB
SwapCached:         4440 kB
Active:           799116 kB
Inactive:         790480 kB
Active(anon):     424592 kB
Inactive(anon):   434256 kB
Active(file):     374524 kB
Inactive(file):   356224 kB
Unevictable:       35812 kB
Mlocked:           27768 kB
SwapTotal:       1310716 kB
SwapFree:        1178576 kB
Dirty:                 0 kB
Writeback:             0 kB
AnonPages:        870008 kB
Mapped:           503788 kB
Shmem:              2688 kB
Slab:             110552 kB
SReclaimable:      32076 kB
SUnreclaim:        78476 kB
KernelStack:       34288 kB
PageTables:        58880 kB
NFS_Unstable:          0 kB
Bounce:                0 kB
WritebackTmp:          0 kB
CommitLimit:     2684136 kB
Committed_AS:   140501912 kB
VmallocTotal:   251658176 kB
VmallocUsed:      325160 kB
VmallocChunk:   247561408 kB
Time pass: 330 sec

---2015-12-09 11:18:22
MemTotal:        2746844 kB
MemFree:           69144 kB
Buffers:            7012 kB
Cached:           741908 kB
SwapCached:         4444 kB
Active:           796160 kB
Inactive:         789748 kB
Active(anon):     424344 kB
Inactive(anon):   434444 kB
Active(file):     371816 kB
Inactive(file):   355304 kB
Unevictable:       35812 kB
Mlocked:           27768 kB
SwapTotal:       1310716 kB
SwapFree:        1176408 kB
Dirty:                84 kB
Writeback:             0 kB
AnonPages:        870024 kB
Mapped:           502988 kB
Shmem:              2692 kB
Slab:             110552 kB
SReclaimable:      32076 kB
SUnreclaim:        78476 kB
KernelStack:       34256 kB
PageTables:        58884 kB
NFS_Unstable:          0 kB
Bounce:                0 kB
WritebackTmp:          0 kB
CommitLimit:     2684136 kB
Committed_AS:   140501672 kB
VmallocTotal:   251658176 kB
VmallocUsed:      325160 kB
VmallocChunk:   247561408 kB
Time pass: 334 sec

---2015-12-09 11:18:22
MemTotal:        2746844 kB
MemFree:           71364 kB
Buffers:            7012 kB
Cached:           742192 kB
SwapCached:         4444 kB
Active:           793180 kB
Inactive:         790040 kB
Active(anon):     421372 kB
Inactive(anon):   434444 kB
Active(file):     371808 kB
Inactive(file):   355596 kB
Unevictable:       35812 kB
Mlocked:           27768 kB
SwapTotal:       1310716 kB
SwapFree:        1176408 kB
Dirty:                36 kB
Writeback:             0 kB
AnonPages:        866936 kB
Mapped:           503168 kB
Shmem:              2692 kB
Slab:             110552 kB
SReclaimable:      32076 kB
SUnreclaim:        78476 kB
KernelStack:       34256 kB
PageTables:        58884 kB
NFS_Unstable:          0 kB
Bounce:                0 kB
WritebackTmp:          0 kB
CommitLimit:     2684136 kB
Committed_AS:   140501720 kB
VmallocTotal:   251658176 kB
VmallocUsed:      325160 kB
VmallocChunk:   247561408 kB
Time pass: 337 sec

---2015-12-09 11:18:22
MemTotal:        2746844 kB
MemFree:           70676 kB
Buffers:            7036 kB
Cached:           742192 kB
SwapCached:         4444 kB
Active:           793136 kB
Inactive:         790064 kB
Active(anon):     421328 kB
Inactive(anon):   434444 kB
Active(file):     371808 kB
Inactive(file):   355620 kB
Unevictable:       35812 kB
Mlocked:           27768 kB
SwapTotal:       1310716 kB
SwapFree:        1176408 kB
Dirty:                72 kB
Writeback:             0 kB
AnonPages:        867004 kB
Mapped:           503220 kB
Shmem:              2692 kB
Slab:             110544 kB
SReclaimable:      32076 kB
SUnreclaim:        78468 kB
KernelStack:       34208 kB
PageTables:        58884 kB
NFS_Unstable:          0 kB
Bounce:                0 kB
WritebackTmp:          0 kB
CommitLimit:     2684136 kB
Committed_AS:   140501812 kB
VmallocTotal:   251658176 kB
VmallocUsed:      325160 kB
VmallocChunk:   247561408 kB
Time pass: 341 sec

---2015-12-09 11:18:22
MemTotal:        2746844 kB
MemFree:           70540 kB
Buffers:            7036 kB
Cached:           742192 kB
SwapCached:         4444 kB
Active:           793200 kB
Inactive:         790060 kB
Active(anon):     421392 kB
Inactive(anon):   434440 kB
Active(file):     371808 kB
Inactive(file):   355620 kB
Unevictable:       35812 kB
Mlocked:           27768 kB
SwapTotal:       1310716 kB
SwapFree:        1176408 kB
Dirty:                72 kB
Writeback:             0 kB
AnonPages:        866368 kB
Mapped:           503220 kB
Shmem:              2692 kB
Slab:             110512 kB
SReclaimable:      32076 kB
SUnreclaim:        78436 kB
KernelStack:       34208 kB
PageTables:        58888 kB
NFS_Unstable:          0 kB
Bounce:                0 kB
WritebackTmp:          0 kB
CommitLimit:     2684136 kB
Committed_AS:   140501852 kB
VmallocTotal:   251658176 kB
VmallocUsed:      325160 kB
VmallocChunk:   247561408 kB
Time pass: 344 sec

---2015-12-09 11:18:22
MemTotal:        2746844 kB
MemFree:           72172 kB
Buffers:            7044 kB
Cached:           742192 kB
SwapCached:         4444 kB
Active:           791788 kB
Inactive:         790068 kB
Active(anon):     419980 kB
Inactive(anon):   434440 kB
Active(file):     371808 kB
Inactive(file):   355628 kB
Unevictable:       35812 kB
Mlocked:           27768 kB
SwapTotal:       1310716 kB
SwapFree:        1176408 kB
Dirty:                32 kB
Writeback:             0 kB
AnonPages:        865228 kB
Mapped:           503304 kB
Shmem:              2692 kB
Slab:             110512 kB
SReclaimable:      32076 kB
SUnreclaim:        78436 kB
KernelStack:       34208 kB
PageTables:        58916 kB
NFS_Unstable:          0 kB
Bounce:                0 kB
WritebackTmp:          0 kB
CommitLimit:     2684136 kB
Committed_AS:   140501820 kB
VmallocTotal:   251658176 kB
VmallocUsed:      325160 kB
VmallocChunk:   247561408 kB
Time pass: 348 sec

---2015-12-09 11:18:22
MemTotal:        2746844 kB
MemFree:           70896 kB
Buffers:            7060 kB
Cached:           742192 kB
SwapCached:         4444 kB
Active:           793352 kB
Inactive:         790072 kB
Active(anon):     421544 kB
Inactive(anon):   434428 kB
Active(file):     371808 kB
Inactive(file):   355644 kB
Unevictable:       35812 kB
Mlocked:           27768 kB
SwapTotal:       1310716 kB
SwapFree:        1176408 kB
Dirty:                 0 kB
Writeback:             0 kB
AnonPages:        867008 kB
Mapped:           503388 kB
Shmem:              2692 kB
Slab:             110512 kB
SReclaimable:      32076 kB
SUnreclaim:        78436 kB
KernelStack:       34208 kB
PageTables:        58944 kB
NFS_Unstable:          0 kB
Bounce:                0 kB
WritebackTmp:          0 kB
CommitLimit:     2684136 kB
Committed_AS:   140501828 kB
VmallocTotal:   251658176 kB
VmallocUsed:      325160 kB
VmallocChunk:   247561408 kB
Time pass: 351 sec

---2015-12-09 11:18:22
MemTotal:        2746844 kB
MemFree:           73576 kB
Buffers:            7068 kB
Cached:           740132 kB
SwapCached:         4444 kB
Active:           793716 kB
Inactive:         788320 kB
Active(anon):     423484 kB
Inactive(anon):   433168 kB
Active(file):     370232 kB
Inactive(file):   355152 kB
Unevictable:       35812 kB
Mlocked:           27768 kB
SwapTotal:       1310716 kB
SwapFree:        1175620 kB
Dirty:                88 kB
Writeback:             0 kB
AnonPages:        867768 kB
Mapped:           501996 kB
Shmem:              2692 kB
Slab:             110536 kB
SReclaimable:      32076 kB
SUnreclaim:        78460 kB
KernelStack:       34224 kB
PageTables:        58856 kB
NFS_Unstable:          0 kB
Bounce:                0 kB
WritebackTmp:          0 kB
CommitLimit:     2684136 kB
Committed_AS:   140493144 kB
VmallocTotal:   251658176 kB
VmallocUsed:      325160 kB
VmallocChunk:   247561408 kB
Time pass: 355 sec

---2015-12-09 11:18:22
MemTotal:        2746844 kB
MemFree:           73632 kB
Buffers:            7084 kB
Cached:           740132 kB
SwapCached:         4444 kB
Active:           792516 kB
Inactive:         788364 kB
Active(anon):     422296 kB
Inactive(anon):   433168 kB
Active(file):     370220 kB
Inactive(file):   355196 kB
Unevictable:       35812 kB
Mlocked:           27768 kB
SwapTotal:       1310716 kB
SwapFree:        1175620 kB
Dirty:                 0 kB
Writeback:             0 kB
AnonPages:        866544 kB
Mapped:           502124 kB
Shmem:              2692 kB
Slab:             110536 kB
SReclaimable:      32076 kB
SUnreclaim:        78460 kB
KernelStack:       34192 kB
