---2015-10-25 18:22:09
MemTotal:        1420824 kB
MemFree:          169328 kB
Buffers:           59868 kB
Cached:           556768 kB
SwapCached:          980 kB
Active:           508488 kB
Inactive:         496124 kB
Active(anon):     149644 kB
Inactive(anon):   239520 kB
Active(file):     358844 kB
Inactive(file):   256604 kB
Unevictable:         892 kB
Mlocked:               0 kB
HighTotal:       1001472 kB
HighFree:          79700 kB
LowTotal:         419352 kB
LowFree:           89628 kB
SwapTotal:        786428 kB
SwapFree:         763648 kB
Dirty:                 0 kB
Writeback:             0 kB
AnonPages:        388016 kB
Mapped:           148680 kB
Shmem:               296 kB
Slab:              51004 kB
SReclaimable:      20696 kB
SUnreclaim:        30308 kB
KernelStack:        8784 kB
PageTables:        13488 kB
NFS_Unstable:          0 kB
Bounce:                0 kB
WritebackTmp:          0 kB
CommitLimit:     1496840 kB
Committed_AS:   18498260 kB
VmallocTotal:     458752 kB
VmallocUsed:       76924 kB
VmallocChunk:     225308 kB
Time pass: 3 sec

---2015-10-25 18:22:09
MemTotal:        1420824 kB
MemFree:          169068 kB
Buffers:           59868 kB
Cached:           556768 kB
SwapCached:          980 kB
Active:           508592 kB
Inactive:         496124 kB
Active(anon):     149748 kB
Inactive(anon):   239520 kB
Active(file):     358844 kB
Inactive(file):   256604 kB
Unevictable:         892 kB
Mlocked:               0 kB
HighTotal:       1001472 kB
HighFree:          79436 kB
LowTotal:         419352 kB
LowFree:           89632 kB
SwapTotal:        786428 kB
SwapFree:         763648 kB
Dirty:                 0 kB
Writeback:             0 kB
AnonPages:        388108 kB
Mapped:           148692 kB
Shmem:               296 kB
Slab:              51004 kB
SReclaimable:      20696 kB
SUnreclaim:        30308 kB
KernelStack:        8784 kB
PageTables:        13488 kB
NFS_Unstable:          0 kB
Bounce:                0 kB
WritebackTmp:          0 kB
CommitLimit:     1496840 kB
Committed_AS:   18498260 kB
VmallocTotal:     458752 kB
VmallocUsed:       76924 kB
VmallocChunk:     225308 kB
Time pass: 6 sec

---2015-10-25 18:22:09
MemTotal:        1420824 kB
MemFree:          169084 kB
Buffers:           59868 kB
Cached:           556768 kB
SwapCached:          980 kB
Active:           508604 kB
Inactive:         496124 kB
Active(anon):     149760 kB
Inactive(anon):   239520 kB
Active(file):     358844 kB
Inactive(file):   256604 kB
Unevictable:         892 kB
Mlocked:               0 kB
HighTotal:       1001472 kB
HighFree:          79452 kB
LowTotal:         419352 kB
LowFree:           89632 kB
SwapTotal:        786428 kB
SwapFree:         763648 kB
Dirty:                 0 kB
Writeback:             0 kB
AnonPages:        388120 kB
Mapped:           148692 kB
Shmem:               296 kB
Slab:              51004 kB
SReclaimable:      20696 kB
SUnreclaim:        30308 kB
KernelStack:        8784 kB
PageTables:        13488 kB
NFS_Unstable:          0 kB
Bounce:                0 kB
WritebackTmp:          0 kB
CommitLimit:     1496840 kB
Committed_AS:   18498260 kB
VmallocTotal:     458752 kB
VmallocUsed:       76924 kB
VmallocChunk:     225308 kB
Time pass: 10 sec

---2015-10-25 18:22:09
MemTotal:        1420824 kB
MemFree:          169084 kB
Buffers:           59872 kB
Cached:           556768 kB
SwapCached:          980 kB
Active:           508604 kB
Inactive:         496124 kB
Active(anon):     149760 kB
Inactive(anon):   239520 kB
Active(file):     358844 kB
Inactive(file):   256604 kB
Unevictable:         892 kB
Mlocked:               0 kB
HighTotal:       1001472 kB
HighFree:          79452 kB
LowTotal:         419352 kB
LowFree:           89632 kB
SwapTotal:        786428 kB
SwapFree:         763648 kB
Dirty:                 4 kB
Writeback:             0 kB
AnonPages:        388132 kB
Mapped:           148692 kB
Shmem:               296 kB
Slab:              51004 kB
SReclaimable:      20696 kB
SUnreclaim:        30308 kB
KernelStack:        8784 kB
PageTables:        13488 kB
NFS_Unstable:          0 kB
Bounce:                0 kB
WritebackTmp:          0 kB
CommitLimit:     1496840 kB
Committed_AS:   18498260 kB
VmallocTotal:     458752 kB
VmallocUsed:       76924 kB
VmallocChunk:     225308 kB
Time pass: 13 sec

---2015-10-25 18:22:09
MemTotal:        1420824 kB
MemFree:          169084 kB
Buffers:           59872 kB
Cached:           556768 kB
SwapCached:          980 kB
Active:           508632 kB
Inactive:         496124 kB
Active(anon):     149784 kB
Inactive(anon):   239520 kB
Active(file):     358848 kB
Inactive(file):   256604 kB
Unevictable:         892 kB
Mlocked:               0 kB
HighTotal:       1001472 kB
HighFree:          79452 kB
LowTotal:         419352 kB
LowFree:           89632 kB
SwapTotal:        786428 kB
SwapFree:         763648 kB
Dirty:                 4 kB
Writeback:             0 kB
AnonPages:        388144 kB
Mapped:           148692 kB
Shmem:               296 kB
Slab:              51004 kB
SReclaimable:      20696 kB
SUnreclaim:        30308 kB
KernelStack:        8784 kB
PageTables:        13484 kB
NFS_Unstable:          0 kB
Bounce:                0 kB
WritebackTmp:          0 kB
CommitLimit:     1496840 kB
Committed_AS:   18498260 kB
VmallocTotal:     458752 kB
VmallocUsed:       76924 kB
VmallocChunk:     225308 kB
Time pass: 17 sec

---2015-10-25 18:22:09
MemTotal:        1420824 kB
MemFree:          169084 kB
Buffers:           59872 kB
Cached:           556768 kB
SwapCached:          980 kB
Active:           508640 kB
Inactive:         496124 kB
Active(anon):     149792 kB
Inactive(anon):   239520 kB
Active(file):     358848 kB
Inactive(file):   256604 kB
Unevictable:         892 kB
Mlocked:               0 kB
HighTotal:       1001472 kB
HighFree:          79452 kB
LowTotal:         419352 kB
LowFree:           89632 kB
SwapTotal:        786428 kB
SwapFree:         763648 kB
Dirty:                 0 kB
Writeback:             0 kB
AnonPages:        388152 kB
Mapped:           148692 kB
Shmem:               296 kB
Slab:              51004 kB
SReclaimable:      20696 kB
SUnreclaim:        30308 kB
KernelStack:        8784 kB
PageTables:        13488 kB
NFS_Unstable:          0 kB
Bounce:                0 kB
WritebackTmp:          0 kB
CommitLimit:     1496840 kB
Committed_AS:   18498260 kB
VmallocTotal:     458752 kB
VmallocUsed:       76924 kB
VmallocChunk:     225308 kB
Time pass: 20 sec

---2015-10-25 18:22:09
MemTotal:        1420824 kB
MemFree:          169084 kB
Buffers:           59872 kB
Cached:           556768 kB
SwapCached:          980 kB
Active:           508644 kB
Inactive:         496124 kB
Active(anon):     149796 kB
Inactive(anon):   239520 kB
Active(file):     358848 kB
Inactive(file):   256604 kB
Unevictable:         892 kB
Mlocked:               0 kB
HighTotal:       1001472 kB
HighFree:          79452 kB
LowTotal:         419352 kB
LowFree:           89632 kB
SwapTotal:        786428 kB
SwapFree:         763648 kB
Dirty:                 0 kB
Writeback:             0 kB
AnonPages:        388168 kB
Mapped:           148692 kB
Shmem:               296 kB
Slab:              51004 kB
SReclaimable:      20696 kB
SUnreclaim:        30308 kB
KernelStack:        8784 kB
PageTables:        13484 kB
NFS_Unstable:          0 kB
Bounce:                0 kB
WritebackTmp:          0 kB
CommitLimit:     1496840 kB
Committed_AS:   18498260 kB
VmallocTotal:     458752 kB
VmallocUsed:       76924 kB
VmallocChunk:     225308 kB
Time pass: 24 sec

---2015-10-25 18:22:09
MemTotal:        1420824 kB
MemFree:          169084 kB
Buffers:           59872 kB
Cached:           556768 kB
SwapCached:          980 kB
Active:           508656 kB
Inactive:         496124 kB
Active(anon):     149808 kB
Inactive(anon):   239520 kB
Active(file):     358848 kB
Inactive(file):   256604 kB
Unevictable:         892 kB
Mlocked:               0 kB
HighTotal:       1001472 kB
HighFree:          79452 kB
LowTotal:         419352 kB
LowFree:           89632 kB
SwapTotal:        786428 kB
SwapFree:         763648 kB
Dirty:                 0 kB
Writeback:             0 kB
AnonPages:        388180 kB
Mapped:           148692 kB
Shmem:               296 kB
Slab:              51004 kB
SReclaimable:      20696 kB
SUnreclaim:        30308 kB
KernelStack:        8784 kB
PageTables:        13484 kB
NFS_Unstable:          0 kB
Bounce:                0 kB
WritebackTmp:          0 kB
CommitLimit:     1496840 kB
Committed_AS:   18498260 kB
VmallocTotal:     458752 kB
VmallocUsed:       76924 kB
VmallocChunk:     225308 kB
Time pass: 27 sec

---2015-10-25 18:22:09
MemTotal:        1420824 kB
MemFree:          169084 kB
Buffers:           59872 kB
Cached:           556768 kB
SwapCached:          980 kB
Active:           508680 kB
Inactive:         496124 kB
Active(anon):     149832 kB
Inactive(anon):   239520 kB
Active(file):     358848 kB
Inactive(file):   256604 kB
Unevictable:         892 kB
Mlocked:               0 kB
HighTotal:       1001472 kB
HighFree:          79452 kB
LowTotal:         419352 kB
LowFree:           89632 kB
SwapTotal:        786428 kB
SwapFree:         763648 kB
Dirty:                 0 kB
Writeback:             0 kB
AnonPages:        388192 kB
Mapped:           148692 kB
Shmem:               296 kB
Slab:              51004 kB
SReclaimable:      20696 kB
SUnreclaim:        30308 kB
KernelStack:        8784 kB
PageTables:        13488 kB
NFS_Unstable:          0 kB
Bounce:                0 kB
WritebackTmp:          0 kB
CommitLimit:     1496840 kB
Committed_AS:   18498260 kB
VmallocTotal:     458752 kB
VmallocUsed:       76924 kB
VmallocChunk:     225308 kB
Time pass: 31 sec

---2015-10-25 18:22:09
MemTotal:        1420824 kB
MemFree:          169120 kB
Buffers:           59872 kB
Cached:           556768 kB
SwapCached:          980 kB
Active:           508692 kB
Inactive:         496124 kB
Active(anon):     149844 kB
Inactive(anon):   239520 kB
Active(file):     358848 kB
Inactive(file):   256604 kB
Unevictable:         892 kB
Mlocked:               0 kB
HighTotal:       1001472 kB
HighFree:          79488 kB
LowTotal:         419352 kB
LowFree:           89632 kB
SwapTotal:        786428 kB
SwapFree:         763648 kB
Dirty:                 0 kB
Writeback:             0 kB
AnonPages:        388228 kB
Mapped:           148692 kB
Shmem:               296 kB
Slab:              51004 kB
SReclaimable:      20696 kB
SUnreclaim:        30308 kB
KernelStack:        8784 kB
PageTables:        13488 kB
NFS_Unstable:          0 kB
Bounce:                0 kB
WritebackTmp:          0 kB
CommitLimit:     1496840 kB
Committed_AS:   18498260 kB
VmallocTotal:     458752 kB
VmallocUsed:       76924 kB
VmallocChunk:     225308 kB
Time pass: 34 sec

---2015-10-25 18:22:09
MemTotal:        1420824 kB
MemFree:          169120 kB
Buffers:           59872 kB
Cached:           556768 kB
SwapCached:          980 kB
Active:           508692 kB
Inactive:         496124 kB
Active(anon):     149844 kB
Inactive(anon):   239520 kB
Active(file):     358848 kB
Inactive(file):   256604 kB
Unevictable:         892 kB
Mlocked:               0 kB
HighTotal:       1001472 kB
HighFree:          79488 kB
LowTotal:         419352 kB
LowFree:           89632 kB
SwapTotal:        786428 kB
SwapFree:         763648 kB
Dirty:                 0 kB
Writeback:             0 kB
AnonPages:        388216 kB
Mapped:           148692 kB
Shmem:               296 kB
Slab:              51004 kB
SReclaimable:      20696 kB
SUnreclaim:        30308 kB
KernelStack:        8784 kB
PageTables:        13488 kB
NFS_Unstable:          0 kB
Bounce:                0 kB
WritebackTmp:          0 kB
CommitLimit:     1496840 kB
Committed_AS:   18498260 kB
VmallocTotal:     458752 kB
VmallocUsed:       76924 kB
VmallocChunk:     225308 kB
Time pass: 38 sec

---2015-10-25 18:22:09
MemTotal:        1420824 kB
MemFree:          169000 kB
Buffers:           59872 kB
Cached:           556768 kB
SwapCached:          980 kB
Active:           508704 kB
Inactive:         496124 kB
Active(anon):     149856 kB
Inactive(anon):   239520 kB
Active(file):     358848 kB
Inactive(file):   256604 kB
Unevictable:         892 kB
Mlocked:               0 kB
HighTotal:       1001472 kB
HighFree:          79368 kB
LowTotal:         419352 kB
LowFree:           89632 kB
SwapTotal:        786428 kB
SwapFree:         763648 kB
Dirty:                 0 kB
Writeback:             0 kB
AnonPages:        388224 kB
Mapped:           148652 kB
Shmem:               296 kB
Slab:              51004 kB
SReclaimable:      20696 kB
SUnreclaim:        30308 kB
KernelStack:        8768 kB
PageTables:        13472 kB
NFS_Unstable:          0 kB
Bounce:                0 kB
WritebackTmp:          0 kB
CommitLimit:     1496840 kB
Committed_AS:   18498260 kB
VmallocTotal:     458752 kB
VmallocUsed:       76924 kB
VmallocChunk:     225308 kB
Time pass: 41 sec

---2015-10-25 18:22:09
MemTotal:        1420824 kB
MemFree:          169000 kB
Buffers:           59872 kB
Cached:           556768 kB
SwapCached:          980 kB
Active:           508728 kB
Inactive:         496124 kB
Active(anon):     149880 kB
Inactive(anon):   239520 kB
Active(file):     358848 kB
Inactive(file):   256604 kB
Unevictable:         892 kB
Mlocked:               0 kB
HighTotal:       1001472 kB
HighFree:          79368 kB
LowTotal:         419352 kB
LowFree:           89632 kB
SwapTotal:        786428 kB
SwapFree:         763648 kB
Dirty:                 0 kB
Writeback:             0 kB
AnonPages:        388240 kB
Mapped:           148692 kB
Shmem:               296 kB
Slab:              51004 kB
SReclaimable:      20696 kB
SUnreclaim:        30308 kB
KernelStack:        8784 kB
PageTables:        13488 kB
NFS_Unstable:          0 kB
Bounce:                0 kB
WritebackTmp:          0 kB
CommitLimit:     1496840 kB
Committed_AS:   18498260 kB
VmallocTotal:     458752 kB
VmallocUsed:       76924 kB
VmallocChunk:     225308 kB
Time pass: 45 sec

---2015-10-25 18:22:09
MemTotal:        1420824 kB
MemFree:          169000 kB
Buffers:           59872 kB
Cached:           556768 kB
SwapCached:          980 kB
Active:           508728 kB
Inactive:         496124 kB
Active(anon):     149880 kB
Inactive(anon):   239520 kB
Active(file):     358848 kB
Inactive(file):   256604 kB
Unevictable:         892 kB
Mlocked:               0 kB
HighTotal:       1001472 kB
HighFree:          79368 kB
LowTotal:         419352 kB
LowFree:           89632 kB
SwapTotal:        786428 kB
SwapFree:         763648 kB
Dirty:                 0 kB
Writeback:             0 kB
AnonPages:        388248 kB
Mapped:           148652 kB
Shmem:               296 kB
Slab:              51004 kB
SReclaimable:      20696 kB
SUnreclaim:        30308 kB
KernelStack:        8768 kB
PageTables:        13472 kB
NFS_Unstable:          0 kB
Bounce:                0 kB
WritebackTmp:          0 kB
CommitLimit:     1496840 kB
Committed_AS:   18498260 kB
VmallocTotal:     458752 kB
VmallocUsed:       76924 kB
VmallocChunk:     225308 kB
Time pass: 48 sec

---2015-10-25 18:22:09
MemTotal:        1420824 kB
MemFree:          169000 kB
Buffers:           59872 kB
Cached:           556768 kB
SwapCached:          980 kB
Active:           508748 kB
Inactive:         496124 kB
Active(anon):     149900 kB
Inactive(anon):   239520 kB
Active(file):     358848 kB
Inactive(file):   256604 kB
Unevictable:         892 kB
Mlocked:               0 kB
HighTotal:       1001472 kB
HighFree:          79368 kB
LowTotal:         419352 kB
LowFree:           89632 kB
SwapTotal:        786428 kB
SwapFree:         763648 kB
Dirty:                 0 kB
Writeback:             0 kB
AnonPages:        388264 kB
Mapped:           148692 kB
Shmem:               296 kB
Slab:              51004 kB
SReclaimable:      20696 kB
SUnreclaim:        30308 kB
KernelStack:        8784 kB
PageTables:        13488 kB
NFS_Unstable:          0 kB
Bounce:                0 kB
WritebackTmp:          0 kB
CommitLimit:     1496840 kB
Committed_AS:   18498260 kB
VmallocTotal:     458752 kB
VmallocUsed:       76924 kB
VmallocChunk:     225308 kB
Time pass: 52 sec

---2015-10-25 18:22:09
MemTotal:        1420824 kB
MemFree:          168248 kB
Buffers:           59872 kB
Cached:           556768 kB
SwapCached:          980 kB
Active:           508760 kB
Inactive:         496124 kB
Active(anon):     149912 kB
Inactive(anon):   239520 kB
Active(file):     358848 kB
Inactive(file):   256604 kB
Unevictable:         892 kB
Mlocked:               0 kB
HighTotal:       1001472 kB
HighFree:          78996 kB
LowTotal:         419352 kB
LowFree:           89252 kB
SwapTotal:        786428 kB
SwapFree:         763648 kB
Dirty:                 0 kB
Writeback:             0 kB
AnonPages:        388268 kB
Mapped:           148688 kB
Shmem:               296 kB
Slab:              51004 kB
SReclaimable:      20696 kB
SUnreclaim:        30308 kB
KernelStack:        8792 kB
PageTables:        13492 kB
NFS_Unstable:          0 kB
Bounce:                0 kB
WritebackTmp:          0 kB
CommitLimit:     1496840 kB
Committed_AS:   18498228 kB
VmallocTotal:     458752 kB
VmallocUsed:       76988 kB
VmallocChunk:     225308 kB
Time pass: 55 sec

---2015-10-25 18:22:09
MemTotal:        1420824 kB
MemFree:          169024 kB
Buffers:           59872 kB
Cached:           556768 kB
SwapCached:          980 kB
Active:           508752 kB
Inactive:         496124 kB
Active(anon):     149904 kB
Inactive(anon):   239520 kB
Active(file):     358848 kB
Inactive(file):   256604 kB
Unevictable:         892 kB
Mlocked:               0 kB
HighTotal:       1001472 kB
HighFree:          79360 kB
LowTotal:         419352 kB
LowFree:           89664 kB
SwapTotal:        786428 kB
SwapFree:         763648 kB
Dirty:                 0 kB
Writeback:             0 kB
AnonPages:        388284 kB
Mapped:           148692 kB
Shmem:               296 kB
Slab:              51004 kB
SReclaimable:      20696 kB
SUnreclaim:        30308 kB
KernelStack:        8784 kB
PageTables:        13488 kB
NFS_Unstable:          0 kB
Bounce:                0 kB
WritebackTmp:          0 kB
CommitLimit:     1496840 kB
Committed_AS:   18498260 kB
VmallocTotal:     458752 kB
VmallocUsed:       76924 kB
VmallocChunk:     225308 kB
Time pass: 59 sec

---2015-10-25 18:22:09
MemTotal:        1420824 kB
MemFree:          169044 kB
Buffers:           59872 kB
Cached:           556768 kB
SwapCached:          980 kB
Active:           508764 kB
Inactive:         496124 kB
Active(anon):     149916 kB
Inactive(anon):   239520 kB
Active(file):     358848 kB
Inactive(file):   256604 kB
Unevictable:         892 kB
Mlocked:               0 kB
HighTotal:       1001472 kB
HighFree:          79380 kB
LowTotal:         419352 kB
LowFree:           89664 kB
SwapTotal:        786428 kB
SwapFree:         763648 kB
Dirty:                 0 kB
Writeback:             0 kB
AnonPages:        388284 kB
Mapped:           148652 kB
Shmem:               296 kB
Slab:              51004 kB
SReclaimable:      20696 kB
SUnreclaim:        30308 kB
KernelStack:        8768 kB
PageTables:        13472 kB
NFS_Unstable:          0 kB
Bounce:                0 kB
WritebackTmp:          0 kB
CommitLimit:     1496840 kB
Committed_AS:   18498260 kB
VmallocTotal:     458752 kB
VmallocUsed:       76924 kB
VmallocChunk:     225308 kB
Time pass: 62 sec

---2015-10-25 18:22:09
MemTotal:        1420824 kB
MemFree:          168884 kB
Buffers:           59872 kB
Cached:           556768 kB
SwapCached:          980 kB
Active:           508784 kB
Inactive:         496124 kB
Active(anon):     149936 kB
Inactive(anon):   239520 kB
Active(file):     358848 kB
Inactive(file):   256604 kB
Unevictable:         892 kB
Mlocked:               0 kB
HighTotal:       1001472 kB
HighFree:          79236 kB
LowTotal:         419352 kB
LowFree:           89648 kB
SwapTotal:        786428 kB
SwapFree:         763648 kB
Dirty:                 0 kB
Writeback:             0 kB
AnonPages:        388348 kB
Mapped:           148692 kB
Shmem:               296 kB
Slab:              51004 kB
SReclaimable:      20696 kB
SUnreclaim:        30308 kB
KernelStack:        8784 kB
PageTables:        13488 kB
NFS_Unstable:          0 kB
Bounce:                0 kB
WritebackTmp:          0 kB
CommitLimit:     1496840 kB
Committed_AS:   18498260 kB
VmallocTotal:     458752 kB
VmallocUsed:       76924 kB
VmallocChunk:     225308 kB
Time pass: 66 sec

---2015-10-25 18:22:09
MemTotal:        1420824 kB
MemFree:          168916 kB
Buffers:           59872 kB
Cached:           556768 kB
SwapCached:          980 kB
Active:           508812 kB
Inactive:         496124 kB
Active(anon):     149964 kB
Inactive(anon):   239520 kB
Active(file):     358848 kB
Inactive(file):   256604 kB
Unevictable:         892 kB
Mlocked:               0 kB
HighTotal:       1001472 kB
HighFree:          79268 kB
LowTotal:         419352 kB
LowFree:           89648 kB
SwapTotal:        786428 kB
SwapFree:         763648 kB
Dirty:                 0 kB
Writeback:             0 kB
AnonPages:        388324 kB
Mapped:           148704 kB
Shmem:               296 kB
Slab:              51004 kB
SReclaimable:      20696 kB
SUnreclaim:        30308 kB
KernelStack:        8784 kB
PageTables:        13484 kB
NFS_Unstable:          0 kB
Bounce:                0 kB
WritebackTmp:          0 kB
CommitLimit:     1496840 kB
Committed_AS:   18498260 kB
VmallocTotal:     458752 kB
VmallocUsed:       76924 kB
VmallocChunk:     225308 kB
Time pass: 69 sec

---2015-10-25 18:22:09
MemTotal:        1420824 kB
MemFree:          168916 kB
Buffers:           59876 kB
Cached:           556768 kB
SwapCached:          980 kB
Active:           508800 kB
Inactive:         496124 kB
Active(anon):     149952 kB
Inactive(anon):   239520 kB
Active(file):     358848 kB
Inactive(file):   256604 kB
Unevictable:         892 kB
Mlocked:               0 kB
HighTotal:       1001472 kB
HighFree:          79268 kB
LowTotal:         419352 kB
LowFree:           89648 kB
SwapTotal:        786428 kB
SwapFree:         763648 kB
Dirty:                 4 kB
Writeback:             0 kB
AnonPages:        388332 kB
Mapped:           148704 kB
Shmem:               296 kB
Slab:              51004 kB
SReclaimable:      20696 kB
SUnreclaim:        30308 kB
KernelStack:        8784 kB
PageTables:        13484 kB
NFS_Unstable:          0 kB
Bounce:                0 kB
WritebackTmp:          0 kB
CommitLimit:     1496840 kB
Committed_AS:   18498260 kB
VmallocTotal:     458752 kB
VmallocUsed:       76924 kB
VmallocChunk:     225308 kB
Time pass: 73 sec

---2015-10-25 18:22:09
MemTotal:        1420824 kB
MemFree:          168916 kB
Buffers:           59876 kB
Cached:           556768 kB
SwapCached:          980 kB
Active:           508824 kB
Inactive:         496128 kB
Active(anon):     149976 kB
Inactive(anon):   239520 kB
Active(file):     358848 kB
Inactive(file):   256608 kB
Unevictable:         892 kB
Mlocked:               0 kB
HighTotal:       1001472 kB
HighFree:          79268 kB
LowTotal:         419352 kB
LowFree:           89648 kB
SwapTotal:        786428 kB
SwapFree:         763648 kB
Dirty:                 4 kB
Writeback:             0 kB
AnonPages:        388344 kB
Mapped:           148704 kB
Shmem:               296 kB
Slab:              51004 kB
SReclaimable:      20696 kB
SUnreclaim:        30308 kB
KernelStack:        8784 kB
PageTables:        13488 kB
NFS_Unstable:          0 kB
Bounce:                0 kB
WritebackTmp:          0 kB
CommitLimit:     1496840 kB
Committed_AS:   18498260 kB
VmallocTotal:     458752 kB
VmallocUsed:       76924 kB
VmallocChunk:     225308 kB
Time pass: 76 sec

---2015-10-25 18:22:09
MemTotal:        1420824 kB
MemFree:          168916 kB
Buffers:           59876 kB
Cached:           556768 kB
SwapCached:          980 kB
Active:           508836 kB
Inactive:         496128 kB
Active(anon):     149988 kB
Inactive(anon):   239520 kB
Active(file):     358848 kB
Inactive(file):   256608 kB
Unevictable:         892 kB
Mlocked:               0 kB
HighTotal:       1001472 kB
HighFree:          79268 kB
LowTotal:         419352 kB
LowFree:           89648 kB
SwapTotal:        786428 kB
SwapFree:         763648 kB
Dirty:                 0 kB
Writeback:             0 kB
AnonPages:        388348 kB
Mapped:           148704 kB
Shmem:               296 kB
Slab:              51004 kB
SReclaimable:      20696 kB
SUnreclaim:        30308 kB
KernelStack:        8784 kB
PageTables:        13488 kB
NFS_Unstable:          0 kB
Bounce:                0 kB
WritebackTmp:          0 kB
CommitLimit:     1496840 kB
Committed_AS:   18498260 kB
VmallocTotal:     458752 kB
VmallocUsed:       76924 kB
VmallocChunk:     225308 kB
Time pass: 80 sec

---2015-10-25 18:22:09
MemTotal:        1420824 kB
MemFree:          168916 kB
Buffers:           59876 kB
Cached:           556768 kB
SwapCached:          980 kB
Active:           508856 kB
Inactive:         496128 kB
Active(anon):     150008 kB
Inactive(anon):   239520 kB
Active(file):     358848 kB
Inactive(file):   256608 kB
Unevictable:         892 kB
Mlocked:               0 kB
HighTotal:       1001472 kB
HighFree:          79268 kB
LowTotal:         419352 kB
LowFree:           89648 kB
SwapTotal:        786428 kB
SwapFree:         763648 kB
Dirty:                 0 kB
Writeback:             0 kB
AnonPages:        388404 kB
Mapped:           148704 kB
Shmem:               296 kB
Slab:              51004 kB
SReclaimable:      20696 kB
SUnreclaim:        30308 kB
KernelStack:        8784 kB
PageTables:        13488 kB
NFS_Unstable:          0 kB
Bounce:                0 kB
WritebackTmp:          0 kB
CommitLimit:     1496840 kB
Committed_AS:   18498260 kB
VmallocTotal:     458752 kB
VmallocUsed:       76924 kB
VmallocChunk:     225308 kB
Time pass: 83 sec

---2015-10-25 18:22:09
MemTotal:        1420824 kB
MemFree:          164460 kB
Buffers:           59876 kB
Cached:           556768 kB
SwapCached:          980 kB
Active:           512344 kB
Inactive:         496056 kB
Active(anon):     153424 kB
Inactive(anon):   239520 kB
Active(file):     358920 kB
Inactive(file):   256536 kB
Unevictable:         892 kB
Mlocked:               0 kB
HighTotal:       1001472 kB
HighFree:          75108 kB
LowTotal:         419352 kB
LowFree:           89352 kB
SwapTotal:        786428 kB
SwapFree:         763648 kB
Dirty:                 0 kB
Writeback:             0 kB
AnonPages:        391884 kB
Mapped:           149324 kB
Shmem:               296 kB
Slab:              51004 kB
SReclaimable:      20696 kB
SUnreclaim:        30308 kB
KernelStack:        8904 kB
PageTables:        13448 kB
NFS_Unstable:          0 kB
Bounce:                0 kB
WritebackTmp:          0 kB
CommitLimit:     1496840 kB
Committed_AS:   18496908 kB
VmallocTotal:     458752 kB
VmallocUsed:       76956 kB
VmallocChunk:     225308 kB
Time pass: 87 sec

---2015-10-25 18:22:09
MemTotal:        1420824 kB
MemFree:          157204 kB
Buffers:           59876 kB
Cached:           556768 kB
SwapCached:          980 kB
Active:           519876 kB
Inactive:         496036 kB
Active(anon):     160936 kB
Inactive(anon):   239520 kB
Active(file):     358940 kB
Inactive(file):   256516 kB
Unevictable:         892 kB
Mlocked:               0 kB
HighTotal:       1001472 kB
HighFree:          68340 kB
LowTotal:         419352 kB
LowFree:           88864 kB
SwapTotal:        786428 kB
SwapFree:         763648 kB
Dirty:                 0 kB
Writeback:             0 kB
AnonPages:        399408 kB
Mapped:           149956 kB
Shmem:               296 kB
Slab:              51024 kB
SReclaimable:      20696 kB
SUnreclaim:        30328 kB
KernelStack:        8792 kB
PageTables:        13836 kB
NFS_Unstable:          0 kB
Bounce:                0 kB
WritebackTmp:          0 kB
CommitLimit:     1496840 kB
Committed_AS:   19461664 kB
VmallocTotal:     458752 kB
VmallocUsed:       79028 kB
VmallocChunk:     225308 kB
Time pass: 90 sec

---2015-10-25 18:22:09
MemTotal:        1420824 kB
MemFree:          126856 kB
Buffers:           59880 kB
Cached:           556916 kB
SwapCached:         1008 kB
Active:           534884 kB
Inactive:         496180 kB
Active(anon):     175908 kB
Inactive(anon):   239680 kB
Active(file):     358976 kB
Inactive(file):   256500 kB
Unevictable:         892 kB
Mlocked:               0 kB
HighTotal:       1001472 kB
HighFree:          38496 kB
LowTotal:         419352 kB
LowFree:           88360 kB
SwapTotal:        786428 kB
SwapFree:         763648 kB
Dirty:              1076 kB
Writeback:             0 kB
AnonPages:        414284 kB
Mapped:           172672 kB
Shmem:               428 kB
Slab:              51136 kB
SReclaimable:      20712 kB
SUnreclaim:        30424 kB
KernelStack:        9232 kB
PageTables:        14052 kB
NFS_Unstable:          0 kB
Bounce:                0 kB
WritebackTmp:          0 kB
CommitLimit:     1496840 kB
Committed_AS:   18995820 kB
VmallocTotal:     458752 kB
VmallocUsed:       78252 kB
VmallocChunk:     225308 kB
Time pass: 93 sec

---2015-10-25 18:22:09
MemTotal:        1420824 kB
MemFree:          108808 kB
Buffers:           59880 kB
Cached:           557100 kB
SwapCached:         1020 kB
Active:           545096 kB
Inactive:         496316 kB
Active(anon):     186060 kB
Inactive(anon):   239696 kB
Active(file):     359036 kB
Inactive(file):   256620 kB
Unevictable:         892 kB
Mlocked:               0 kB
HighTotal:       1001472 kB
HighFree:          20596 kB
LowTotal:         419352 kB
LowFree:           88212 kB
SwapTotal:        786428 kB
SwapFree:         763648 kB
Dirty:               208 kB
Writeback:             8 kB
AnonPages:        424536 kB
Mapped:           175920 kB
Shmem:               432 kB
Slab:              51140 kB
SReclaimable:      20712 kB
SUnreclaim:        30428 kB
KernelStack:        9296 kB
PageTables:        14120 kB
NFS_Unstable:          0 kB
Bounce:                0 kB
WritebackTmp:          0 kB
CommitLimit:     1496840 kB
Committed_AS:   19005700 kB
VmallocTotal:     458752 kB
VmallocUsed:       78200 kB
VmallocChunk:     225308 kB
Time pass: 98 sec

---2015-10-25 18:22:09
MemTotal:        1420824 kB
MemFree:           83540 kB
Buffers:           59880 kB
Cached:           557100 kB
SwapCached:         1020 kB
Active:           547652 kB
Inactive:         496348 kB
Active(anon):     188648 kB
Inactive(anon):   239696 kB
Active(file):     359004 kB
Inactive(file):   256652 kB
Unevictable:         892 kB
Mlocked:               0 kB
HighTotal:       1001472 kB
HighFree:          14092 kB
LowTotal:         419352 kB
LowFree:           69448 kB
SwapTotal:        786428 kB
SwapFree:         763648 kB
Dirty:              2216 kB
Writeback:             0 kB
AnonPages:        427120 kB
Mapped:           179924 kB
Shmem:               432 kB
Slab:              51116 kB
SReclaimable:      20720 kB
SUnreclaim:        30396 kB
KernelStack:        9304 kB
PageTables:        14172 kB
NFS_Unstable:          0 kB
Bounce:                0 kB
WritebackTmp:          0 kB
CommitLimit:     1496840 kB
Committed_AS:   19008280 kB
VmallocTotal:     458752 kB
VmallocUsed:       78244 kB
VmallocChunk:     225308 kB
Time pass: 101 sec

---2015-10-25 18:22:09
MemTotal:        1420824 kB
MemFree:           83988 kB
Buffers:           59884 kB
Cached:           557100 kB
SwapCached:         1020 kB
Active:           547440 kB
Inactive:         496352 kB
Active(anon):     188436 kB
Inactive(anon):   239696 kB
Active(file):     359004 kB
Inactive(file):   256656 kB
Unevictable:         892 kB
Mlocked:               0 kB
HighTotal:       1001472 kB
HighFree:          14344 kB
LowTotal:         419352 kB
LowFree:           69644 kB
SwapTotal:        786428 kB
SwapFree:         763648 kB
Dirty:              1108 kB
Writeback:             0 kB
AnonPages:        426804 kB
Mapped:           180084 kB
Shmem:               432 kB
Slab:              51120 kB
SReclaimable:      20720 kB
SUnreclaim:        30400 kB
KernelStack:        9312 kB
PageTables:        14176 kB
NFS_Unstable:          0 kB
Bounce:                0 kB
WritebackTmp:          0 kB
CommitLimit:     1496840 kB
Committed_AS:   19007976 kB
VmallocTotal:     458752 kB
VmallocUsed:       78212 kB
VmallocChunk:     225308 kB
Time pass: 105 sec

---2015-10-25 18:22:09
MemTotal:        1420824 kB
MemFree:           83544 kB
Buffers:           59884 kB
Cached:           557100 kB
SwapCached:         1020 kB
Active:           547176 kB
Inactive:         496352 kB
Active(anon):     188172 kB
Inactive(anon):   239696 kB
Active(file):     359004 kB
Inactive(file):   256656 kB
Unevictable:         892 kB
Mlocked:               0 kB
HighTotal:       1001472 kB
HighFree:          14164 kB
LowTotal:         419352 kB
LowFree:           69380 kB
SwapTotal:        786428 kB
SwapFree:         763648 kB
Dirty:                 0 kB
Writeback:             0 kB
AnonPages:        426516 kB
Mapped:           180088 kB
Shmem:               432 kB
Slab:              51120 kB
SReclaimable:      20720 kB
SUnreclaim:        30400 kB
KernelStack:        9312 kB
PageTables:        14176 kB
NFS_Unstable:          0 kB
Bounce:                0 kB
WritebackTmp:          0 kB
CommitLimit:     1496840 kB
Committed_AS:   19007976 kB
VmallocTotal:     458752 kB
VmallocUsed:       78276 kB
VmallocChunk:     225308 kB
Time pass: 108 sec

---2015-10-25 18:22:09
MemTotal:        1420824 kB
MemFree:           81436 kB
Buffers:           59888 kB
Cached:           557104 kB
SwapCached:         1020 kB
Active:           547672 kB
Inactive:         496352 kB
Active(anon):     188668 kB
Inactive(anon):   239696 kB
Active(file):     359004 kB
Inactive(file):   256656 kB
Unevictable:         892 kB
Mlocked:               0 kB
HighTotal:       1001472 kB
HighFree:          12604 kB
LowTotal:         419352 kB
LowFree:           68832 kB
SwapTotal:        786428 kB
SwapFree:         763648 kB
Dirty:                48 kB
Writeback:             0 kB
AnonPages:        427148 kB
Mapped:           180636 kB
Shmem:               432 kB
Slab:              51120 kB
SReclaimable:      20720 kB
SUnreclaim:        30400 kB
KernelStack:        9312 kB
PageTables:        14176 kB
NFS_Unstable:          0 kB
Bounce:                0 kB
WritebackTmp:          0 kB
CommitLimit:     1496840 kB
Committed_AS:   19008324 kB
VmallocTotal:     458752 kB
VmallocUsed:       78244 kB
VmallocChunk:     225308 kB
Time pass: 112 sec

---2015-10-25 18:22:09
MemTotal:        1420824 kB
MemFree:           74824 kB
Buffers:           59896 kB
Cached:           557412 kB
SwapCached:         1020 kB
Active:           549024 kB
Inactive:         496624 kB
Active(anon):     189968 kB
Inactive(anon):   239696 kB
Active(file):     359056 kB
Inactive(file):   256928 kB
Unevictable:         892 kB
Mlocked:               0 kB
HighTotal:       1001472 kB
HighFree:           9276 kB
LowTotal:         419352 kB
LowFree:           65548 kB
SwapTotal:        786428 kB
SwapFree:         763648 kB
Dirty:               648 kB
Writeback:             0 kB
AnonPages:        428472 kB
Mapped:           181752 kB
Shmem:               432 kB
Slab:              51120 kB
SReclaimable:      20720 kB
SUnreclaim:        30400 kB
KernelStack:        9320 kB
PageTables:        14196 kB
NFS_Unstable:          0 kB
Bounce:                0 kB
WritebackTmp:          0 kB
CommitLimit:     1496840 kB
Committed_AS:   19009632 kB
VmallocTotal:     458752 kB
VmallocUsed:       78276 kB
VmallocChunk:     225308 kB
Time pass: 115 sec

---2015-10-25 18:22:09
MemTotal:        1420824 kB
MemFree:           75488 kB
Buffers:           59908 kB
Cached:           557420 kB
SwapCached:         1020 kB
Active:           549208 kB
Inactive:         496636 kB
Active(anon):     190144 kB
Inactive(anon):   239696 kB
Active(file):     359064 kB
Inactive(file):   256940 kB
Unevictable:         892 kB
Mlocked:               0 kB
HighTotal:       1001472 kB
HighFree:           9636 kB
LowTotal:         419352 kB
LowFree:           65852 kB
SwapTotal:        786428 kB
SwapFree:         763648 kB
Dirty:                 4 kB
Writeback:             0 kB
AnonPages:        428512 kB
Mapped:           181756 kB
Shmem:               432 kB
Slab:              51184 kB
SReclaimable:      20720 kB
SUnreclaim:        30464 kB
KernelStack:        9312 kB
PageTables:        14196 kB
NFS_Unstable:          0 kB
Bounce:                0 kB
WritebackTmp:          0 kB
CommitLimit:     1496840 kB
Committed_AS:   19009676 kB
VmallocTotal:     458752 kB
VmallocUsed:       78212 kB
VmallocChunk:     225308 kB
Time pass: 119 sec

---2015-10-25 18:22:09
MemTotal:        1420824 kB
MemFree:           75364 kB
Buffers:           59912 kB
Cached:           557420 kB
SwapCached:         1020 kB
Active:           549212 kB
Inactive:         496636 kB
Active(anon):     190144 kB
Inactive(anon):   239696 kB
Active(file):     359068 kB
Inactive(file):   256940 kB
Unevictable:         892 kB
Mlocked:               0 kB
HighTotal:       1001472 kB
HighFree:           9512 kB
LowTotal:         419352 kB
LowFree:           65852 kB
SwapTotal:        786428 kB
SwapFree:         763648 kB
Dirty:                52 kB
Writeback:             0 kB
AnonPages:        428520 kB
Mapped:           181776 kB
Shmem:               432 kB
Slab:              51152 kB
SReclaimable:      20720 kB
SUnreclaim:        30432 kB
KernelStack:        9328 kB
PageTables:        14184 kB
NFS_Unstable:          0 kB
Bounce:                0 kB
WritebackTmp:          0 kB
CommitLimit:     1496840 kB
Committed_AS:   19009692 kB
VmallocTotal:     458752 kB
VmallocUsed:       78212 kB
VmallocChunk:     225308 kB
Time pass: 122 sec

---2015-10-25 18:22:09
MemTotal:        1420824 kB
MemFree:           67172 kB
Buffers:           59912 kB
Cached:           557436 kB
SwapCached:         1020 kB
Active:           550712 kB
Inactive:         496640 kB
Active(anon):     191632 kB
Inactive(anon):   239696 kB
Active(file):     359080 kB
Inactive(file):   256944 kB
Unevictable:         892 kB
Mlocked:               0 kB
HighTotal:       1001472 kB
HighFree:           8136 kB
LowTotal:         419352 kB
LowFree:           59036 kB
SwapTotal:        786428 kB
SwapFree:         763648 kB
Dirty:               564 kB
Writeback:             0 kB
AnonPages:        430028 kB
Mapped:           183904 kB
Shmem:               432 kB
Slab:              51152 kB
SReclaimable:      20720 kB
SUnreclaim:        30432 kB
KernelStack:        9304 kB
PageTables:        14216 kB
NFS_Unstable:          0 kB
Bounce:                0 kB
WritebackTmp:          0 kB
CommitLimit:     1496840 kB
Committed_AS:   19010664 kB
VmallocTotal:     458752 kB
VmallocUsed:       78224 kB
VmallocChunk:     225308 kB
Time pass: 126 sec

---2015-10-25 18:22:09
MemTotal:        1420824 kB
MemFree:           67268 kB
Buffers:           59916 kB
Cached:           557436 kB
SwapCached:         1020 kB
Active:           550716 kB
Inactive:         496640 kB
Active(anon):     191632 kB
Inactive(anon):   239696 kB
Active(file):     359084 kB
Inactive(file):   256944 kB
Unevictable:         892 kB
Mlocked:               0 kB
HighTotal:       1001472 kB
HighFree:           8232 kB
LowTotal:         419352 kB
LowFree:           59036 kB
SwapTotal:        786428 kB
SwapFree:         763648 kB
Dirty:                 0 kB
Writeback:             0 kB
AnonPages:        430008 kB
Mapped:           183936 kB
Shmem:               432 kB
Slab:              51152 kB
SReclaimable:      20720 kB
SUnreclaim:        30432 kB
KernelStack:        9304 kB
PageTables:        14216 kB
NFS_Unstable:          0 kB
Bounce:                0 kB
WritebackTmp:          0 kB
CommitLimit:     1496840 kB
Committed_AS:   19010664 kB
VmallocTotal:     458752 kB
VmallocUsed:       78224 kB
VmallocChunk:     225308 kB
Time pass: 129 sec

---2015-10-25 18:22:09
MemTotal:        1420824 kB
MemFree:           67304 kB
Buffers:           59920 kB
Cached:           557432 kB
SwapCached:         1020 kB
Active:           550712 kB
Inactive:         496640 kB
Active(anon):     191628 kB
Inactive(anon):   239696 kB
Active(file):     359084 kB
Inactive(file):   256944 kB
Unevictable:         892 kB
Mlocked:               0 kB
HighTotal:       1001472 kB
HighFree:           8268 kB
LowTotal:         419352 kB
LowFree:           59036 kB
SwapTotal:        786428 kB
SwapFree:         763648 kB
Dirty:                40 kB
Writeback:             0 kB
AnonPages:        430008 kB
Mapped:           183936 kB
Shmem:               432 kB
Slab:              51152 kB
SReclaimable:      20720 kB
SUnreclaim:        30432 kB
KernelStack:        9304 kB
PageTables:        14216 kB
NFS_Unstable:          0 kB
Bounce:                0 kB
WritebackTmp:          0 kB
CommitLimit:     1496840 kB
Committed_AS:   19010664 kB
VmallocTotal:     458752 kB
VmallocUsed:       78224 kB
VmallocChunk:     225308 kB
Time pass: 133 sec

---2015-10-25 18:22:09
MemTotal:        1420824 kB
MemFree:           67168 kB
Buffers:           59920 kB
Cached:           557436 kB
SwapCached:         1020 kB
Active:           550720 kB
Inactive:         496640 kB
Active(anon):     191632 kB
Inactive(anon):   239696 kB
Active(file):     359088 kB
Inactive(file):   256944 kB
Unevictable:         892 kB
Mlocked:               0 kB
HighTotal:       1001472 kB
HighFree:           8132 kB
LowTotal:         419352 kB
LowFree:           59036 kB
SwapTotal:        786428 kB
SwapFree:         763648 kB
Dirty:                28 kB
Writeback:             0 kB
AnonPages:        430000 kB
Mapped:           184076 kB
Shmem:               432 kB
Slab:              51152 kB
SReclaimable:      20720 kB
SUnreclaim:        30432 kB
KernelStack:        9304 kB
PageTables:        14216 kB
NFS_Unstable:          0 kB
Bounce:                0 kB
WritebackTmp:          0 kB
CommitLimit:     1496840 kB
Committed_AS:   19010664 kB
VmallocTotal:     458752 kB
VmallocUsed:       78224 kB
VmallocChunk:     225308 kB
Time pass: 136 sec

---2015-10-25 18:22:09
MemTotal:        1420824 kB
MemFree:           67200 kB
Buffers:           59920 kB
Cached:           557436 kB
SwapCached:         1020 kB
Active:           550720 kB
Inactive:         496640 kB
Active(anon):     191632 kB
Inactive(anon):   239696 kB
Active(file):     359088 kB
Inactive(file):   256944 kB
Unevictable:         892 kB
Mlocked:               0 kB
HighTotal:       1001472 kB
HighFree:           8132 kB
LowTotal:         419352 kB
LowFree:           59068 kB
SwapTotal:        786428 kB
SwapFree:         763648 kB
Dirty:                 0 kB
Writeback:             0 kB
AnonPages:        430000 kB
Mapped:           184148 kB
Shmem:               432 kB
Slab:              51120 kB
SReclaimable:      20720 kB
SUnreclaim:        30400 kB
KernelStack:        9304 kB
PageTables:        14216 kB
NFS_Unstable:          0 kB
Bounce:                0 kB
WritebackTmp:          0 kB
CommitLimit:     1496840 kB
Committed_AS:   19010664 kB
VmallocTotal:     458752 kB
VmallocUsed:       78224 kB
VmallocChunk:     225308 kB
Time pass: 140 sec

---2015-10-25 18:22:09
MemTotal:        1420824 kB
MemFree:           67220 kB
Buffers:           59920 kB
Cached:           557436 kB
SwapCached:         1020 kB
Active:           550716 kB
Inactive:         496640 kB
Active(anon):     191628 kB
Inactive(anon):   239696 kB
Active(file):     359088 kB
Inactive(file):   256944 kB
Unevictable:         892 kB
Mlocked:               0 kB
HighTotal:       1001472 kB
HighFree:           8152 kB
LowTotal:         419352 kB
LowFree:           59068 kB
SwapTotal:        786428 kB
SwapFree:         763648 kB
Dirty:                 0 kB
Writeback:             0 kB
AnonPages:        430008 kB
Mapped:           184148 kB
Shmem:               432 kB
Slab:              51120 kB
SReclaimable:      20720 kB
SUnreclaim:        30400 kB
KernelStack:        9304 kB
PageTables:        14216 kB
NFS_Unstable:          0 kB
Bounce:                0 kB
WritebackTmp:          0 kB
CommitLimit:     1496840 kB
Committed_AS:   19010664 kB
VmallocTotal:     458752 kB
VmallocUsed:       78224 kB
VmallocChunk:     225308 kB
Time pass: 144 sec

---2015-10-25 18:22:09
MemTotal:        1420824 kB
MemFree:           67220 kB
Buffers:           59920 kB
Cached:           557436 kB
SwapCached:         1020 kB
Active:           550680 kB
Inactive:         496640 kB
Active(anon):     191592 kB
Inactive(anon):   239696 kB
Active(file):     359088 kB
Inactive(file):   256944 kB
Unevictable:         892 kB
Mlocked:               0 kB
HighTotal:       1001472 kB
HighFree:           8152 kB
LowTotal:         419352 kB
LowFree:           59068 kB
SwapTotal:        786428 kB
SwapFree:         763648 kB
Dirty:                 0 kB
Writeback:             0 kB
AnonPages:        429968 kB
Mapped:           184108 kB
Shmem:               432 kB
Slab:              51120 kB
SReclaimable:      20720 kB
SUnreclaim:        30400 kB
KernelStack:        9288 kB
PageTables:        14200 kB
NFS_Unstable:          0 kB
Bounce:                0 kB
WritebackTmp:          0 kB
CommitLimit:     1496840 kB
Committed_AS:   19010664 kB
VmallocTotal:     458752 kB
VmallocUsed:       78224 kB
VmallocChunk:     225308 kB
Time pass: 147 sec

---2015-10-25 18:22:09
MemTotal:        1420824 kB
MemFree:          153368 kB
Buffers:           59924 kB
Cached:           557288 kB
SwapCached:         1024 kB
Active:           521324 kB
Inactive:         495796 kB
Active(anon):     161484 kB
Inactive(anon):   239596 kB
Active(file):     359840 kB
Inactive(file):   256200 kB
Unevictable:         892 kB
Mlocked:               0 kB
HighTotal:       1001472 kB
HighFree:          67200 kB
LowTotal:         419352 kB
LowFree:           86168 kB
SwapTotal:        786428 kB
SwapFree:         763648 kB
Dirty:                24 kB
Writeback:             0 kB
AnonPages:        399920 kB
Mapped:           151212 kB
Shmem:               284 kB
Slab:              51124 kB
SReclaimable:      20720 kB
SUnreclaim:        30404 kB
KernelStack:        9160 kB
PageTables:        13740 kB
NFS_Unstable:          0 kB
Bounce:                0 kB
WritebackTmp:          0 kB
CommitLimit:     1496840 kB
Committed_AS:   19047672 kB
VmallocTotal:     458752 kB
VmallocUsed:       78040 kB
VmallocChunk:     225308 kB
Time pass: 151 sec

---2015-10-25 18:22:09
MemTotal:        1420824 kB
MemFree:          159556 kB
Buffers:           59948 kB
Cached:           557304 kB
SwapCached:         1024 kB
Active:           518136 kB
Inactive:         495704 kB
Active(anon):     158212 kB
Inactive(anon):   239564 kB
Active(file):     359924 kB
Inactive(file):   256140 kB
Unevictable:         892 kB
Mlocked:               0 kB
HighTotal:       1001472 kB
HighFree:          71308 kB
LowTotal:         419352 kB
LowFree:           88248 kB
SwapTotal:        786428 kB
SwapFree:         763648 kB
Dirty:                40 kB
Writeback:             0 kB
AnonPages:        396700 kB
Mapped:           149044 kB
Shmem:               296 kB
Slab:              51100 kB
SReclaimable:      20712 kB
SUnreclaim:        30388 kB
KernelStack:        8768 kB
PageTables:        13752 kB
NFS_Unstable:          0 kB
Bounce:                0 kB
WritebackTmp:          0 kB
CommitLimit:     1496840 kB
Committed_AS:   18930596 kB
VmallocTotal:     458752 kB
VmallocUsed:       78008 kB
VmallocChunk:     225308 kB
Time pass: 154 sec

---2015-10-25 18:22:09
MemTotal:        1420824 kB
MemFree:          152904 kB
Buffers:           59948 kB
Cached:           557304 kB
SwapCached:         1024 kB
Active:           524176 kB
Inactive:         495704 kB
Active(anon):     164252 kB
Inactive(anon):   239564 kB
Active(file):     359924 kB
Inactive(file):   256140 kB
Unevictable:         892 kB
Mlocked:               0 kB
HighTotal:       1001472 kB
HighFree:          64952 kB
LowTotal:         419352 kB
LowFree:           87952 kB
SwapTotal:        786428 kB
SwapFree:         763648 kB
Dirty:                36 kB
Writeback:             0 kB
AnonPages:        402660 kB
Mapped:           149420 kB
Shmem:               296 kB
Slab:              51096 kB
SReclaimable:      20704 kB
SUnreclaim:        30392 kB
KernelStack:        8776 kB
PageTables:        13984 kB
NFS_Unstable:          0 kB
Bounce:                0 kB
WritebackTmp:          0 kB
CommitLimit:     1496840 kB
Committed_AS:   20005072 kB
VmallocTotal:     458752 kB
VmallocUsed:       79028 kB
VmallocChunk:     225308 kB
Time pass: 158 sec

---2015-10-25 18:22:09
MemTotal:        1420824 kB
MemFree:          154364 kB
Buffers:           59952 kB
Cached:           557304 kB
SwapCached:         1024 kB
Active:           523148 kB
Inactive:         495704 kB
Active(anon):     163220 kB
Inactive(anon):   239564 kB
Active(file):     359928 kB
Inactive(file):   256140 kB
Unevictable:         892 kB
Mlocked:               0 kB
HighTotal:       1001472 kB
HighFree:          66320 kB
LowTotal:         419352 kB
LowFree:           88044 kB
SwapTotal:        786428 kB
SwapFree:         763648 kB
Dirty:                44 kB
Writeback:             0 kB
AnonPages:        401652 kB
Mapped:           149308 kB
Shmem:               296 kB
Slab:              51056 kB
SReclaimable:      20704 kB
SUnreclaim:        30352 kB
KernelStack:        8840 kB
PageTables:        13956 kB
NFS_Unstable:          0 kB
Bounce:                0 kB
WritebackTmp:          0 kB
CommitLimit:     1496840 kB
Committed_AS:   20004628 kB
VmallocTotal:     458752 kB
VmallocUsed:       78008 kB
VmallocChunk:     225308 kB
Time pass: 161 sec

---2015-10-25 18:22:09
MemTotal:        1420824 kB
MemFree:          162064 kB
Buffers:           59952 kB
Cached:           557304 kB
SwapCached:         1024 kB
Active:           515884 kB
Inactive:         495704 kB
Active(anon):     155956 kB
Inactive(anon):   239564 kB
Active(file):     359928 kB
Inactive(file):   256140 kB
Unevictable:         892 kB
Mlocked:               0 kB
HighTotal:       1001472 kB
HighFree:          73332 kB
LowTotal:         419352 kB
LowFree:           88732 kB
SwapTotal:        786428 kB
SwapFree:         763648 kB
Dirty:                 0 kB
Writeback:             0 kB
AnonPages:        394356 kB
Mapped:           149124 kB
Shmem:               296 kB
Slab:              51056 kB
SReclaimable:      20704 kB
SUnreclaim:        30352 kB
KernelStack:        8760 kB
PageTables:        13644 kB
NFS_Unstable:          0 kB
Bounce:                0 kB
WritebackTmp:          0 kB
CommitLimit:     1496840 kB
Committed_AS:   18927724 kB
VmallocTotal:     458752 kB
VmallocUsed:       77944 kB
VmallocChunk:     225308 kB
Time pass: 165 sec

---2015-10-25 18:22:09
MemTotal:        1420824 kB
MemFree:          162096 kB
Buffers:           59952 kB
Cached:           557304 kB
SwapCached:         1024 kB
Active:           515904 kB
Inactive:         495700 kB
Active(anon):     155972 kB
Inactive(anon):   239564 kB
Active(file):     359932 kB
Inactive(file):   256136 kB
Unevictable:         892 kB
Mlocked:               0 kB
HighTotal:       1001472 kB
HighFree:          73364 kB
LowTotal:         419352 kB
LowFree:           88732 kB
SwapTotal:        786428 kB
SwapFree:         763648 kB
Dirty:                 0 kB
Writeback:             0 kB
AnonPages:        394348 kB
Mapped:           149148 kB
Shmem:               296 kB
Slab:              51056 kB
SReclaimable:      20704 kB
SUnreclaim:        30352 kB
KernelStack:        8760 kB
PageTables:        13644 kB
NFS_Unstable:          0 kB
Bounce:                0 kB
WritebackTmp:          0 kB
CommitLimit:     1496840 kB
Committed_AS:   18927724 kB
VmallocTotal:     458752 kB
VmallocUsed:       77944 kB
VmallocChunk:     225308 kB
Time pass: 168 sec

---2015-10-25 18:22:09
MemTotal:        1420824 kB
MemFree:          162096 kB
Buffers:           59952 kB
Cached:           557304 kB
SwapCached:         1024 kB
Active:           515916 kB
Inactive:         495700 kB
Active(anon):     155984 kB
Inactive(anon):   239564 kB
Active(file):     359932 kB
Inactive(file):   256136 kB
Unevictable:         892 kB
Mlocked:               0 kB
HighTotal:       1001472 kB
HighFree:          73364 kB
LowTotal:         419352 kB
LowFree:           88732 kB
SwapTotal:        786428 kB
SwapFree:         763648 kB
Dirty:                 0 kB
Writeback:             0 kB
AnonPages:        394348 kB
Mapped:           149164 kB
Shmem:               296 kB
Slab:              51056 kB
SReclaimable:      20704 kB
SUnreclaim:        30352 kB
KernelStack:        8760 kB
PageTables:        13644 kB
NFS_Unstable:          0 kB
Bounce:                0 kB
WritebackTmp:          0 kB
CommitLimit:     1496840 kB
Committed_AS:   18927724 kB
VmallocTotal:     458752 kB
VmallocUsed:       77944 kB
VmallocChunk:     225308 kB
Time pass: 172 sec

---2015-10-25 18:22:09
MemTotal:        1420824 kB
MemFree:          162096 kB
Buffers:           59952 kB
Cached:           557304 kB
SwapCached:         1024 kB
Active:           515900 kB
Inactive:         495700 kB
Active(anon):     155968 kB
Inactive(anon):   239564 kB
Active(file):     359932 kB
Inactive(file):   256136 kB
Unevictable:         892 kB
Mlocked:               0 kB
HighTotal:       1001472 kB
HighFree:          73364 kB
LowTotal:         419352 kB
LowFree:           88732 kB
SwapTotal:        786428 kB
SwapFree:         763648 kB
Dirty:                 0 kB
Writeback:             0 kB
AnonPages:        394340 kB
Mapped:           149152 kB
Shmem:               296 kB
Slab:              51056 kB
SReclaimable:      20704 kB
SUnreclaim:        30352 kB
KernelStack:        8744 kB
PageTables:        13628 kB
NFS_Unstable:          0 kB
Bounce:                0 kB
WritebackTmp:          0 kB
CommitLimit:     1496840 kB
Committed_AS:   18927724 kB
VmallocTotal:     458752 kB
VmallocUsed:       77944 kB
VmallocChunk:     225308 kB
Time pass: 175 sec

---2015-10-25 18:22:09
MemTotal:        1420824 kB
MemFree:          140024 kB
Buffers:           59960 kB
Cached:           557452 kB
SwapCached:         1024 kB
Active:           529664 kB
Inactive:         495804 kB
Active(anon):     169728 kB
Inactive(anon):   239664 kB
Active(file):     359936 kB
Inactive(file):   256140 kB
Unevictable:         892 kB
Mlocked:               0 kB
HighTotal:       1001472 kB
HighFree:          52756 kB
LowTotal:         419352 kB
LowFree:           87268 kB
SwapTotal:        786428 kB
SwapFree:         763648 kB
Dirty:               684 kB
Writeback:             0 kB
AnonPages:        408256 kB
Mapped:           169680 kB
Shmem:               444 kB
Slab:              51024 kB
SReclaimable:      20704 kB
SUnreclaim:        30320 kB
KernelStack:        9016 kB
PageTables:        14096 kB
NFS_Unstable:          0 kB
Bounce:                0 kB
WritebackTmp:          0 kB
CommitLimit:     1496840 kB
Committed_AS:   19416168 kB
VmallocTotal:     458752 kB
VmallocUsed:       79240 kB
VmallocChunk:     225308 kB
Time pass: 179 sec

---2015-10-25 18:22:09
MemTotal:        1420824 kB
MemFree:          124672 kB
Buffers:           59960 kB
Cached:           557448 kB
SwapCached:         1024 kB
Active:           536296 kB
Inactive:         495820 kB
Active(anon):     176332 kB
Inactive(anon):   239696 kB
Active(file):     359964 kB
Inactive(file):   256124 kB
Unevictable:         892 kB
Mlocked:               0 kB
HighTotal:       1001472 kB
HighFree:          37316 kB
LowTotal:         419352 kB
LowFree:           87356 kB
SwapTotal:        786428 kB
SwapFree:         763648 kB
Dirty:              1076 kB
Writeback:             0 kB
AnonPages:        414780 kB
Mapped:           173396 kB
Shmem:               428 kB
Slab:              51068 kB
SReclaimable:      20716 kB
SUnreclaim:        30352 kB
KernelStack:        9256 kB
PageTables:        14228 kB
NFS_Unstable:          0 kB
Bounce:                0 kB
WritebackTmp:          0 kB
CommitLimit:     1496840 kB
Committed_AS:   19422144 kB
VmallocTotal:     458752 kB
VmallocUsed:       79208 kB
VmallocChunk:     225308 kB
Time pass: 182 sec

---2015-10-25 18:22:09
MemTotal:        1420824 kB
MemFree:          123592 kB
Buffers:           59960 kB
Cached:           557448 kB
SwapCached:         1024 kB
Active:           536664 kB
Inactive:         495816 kB
Active(anon):     176696 kB
Inactive(anon):   239696 kB
Active(file):     359968 kB
Inactive(file):   256120 kB
Unevictable:         892 kB
Mlocked:               0 kB
HighTotal:       1001472 kB
HighFree:          35752 kB
LowTotal:         419352 kB
LowFree:           87840 kB
SwapTotal:        786428 kB
SwapFree:         763648 kB
Dirty:               108 kB
Writeback:             0 kB
AnonPages:        415112 kB
Mapped:           173600 kB
Shmem:               428 kB
Slab:              51008 kB
SReclaimable:      20716 kB
SUnreclaim:        30292 kB
KernelStack:        9256 kB
PageTables:        14236 kB
NFS_Unstable:          0 kB
Bounce:                0 kB
WritebackTmp:          0 kB
CommitLimit:     1496840 kB
Committed_AS:   19422456 kB
VmallocTotal:     458752 kB
VmallocUsed:       79208 kB
VmallocChunk:     225308 kB
Time pass: 185 sec

---2015-10-25 18:22:09
MemTotal:        1420824 kB
MemFree:          109148 kB
Buffers:           59960 kB
Cached:           557604 kB
SwapCached:         1024 kB
Active:           544888 kB
Inactive:         495952 kB
Active(anon):     184896 kB
Inactive(anon):   239700 kB
Active(file):     359992 kB
Inactive(file):   256252 kB
Unevictable:         892 kB
Mlocked:               0 kB
HighTotal:       1001472 kB
HighFree:          21752 kB
LowTotal:         419352 kB
LowFree:           87396 kB
SwapTotal:        786428 kB
SwapFree:         763648 kB
Dirty:               356 kB
Writeback:             0 kB
AnonPages:        423416 kB
Mapped:           178736 kB
Shmem:               432 kB
Slab:              51072 kB
SReclaimable:      20716 kB
SUnreclaim:        30356 kB
KernelStack:        9296 kB
PageTables:        14276 kB
NFS_Unstable:          0 kB
Bounce:                0 kB
WritebackTmp:          0 kB
CommitLimit:     1496840 kB
Committed_AS:   19432320 kB
VmallocTotal:     458752 kB
VmallocUsed:       79216 kB
VmallocChunk:     225308 kB
Time pass: 189 sec

---2015-10-25 18:22:09
MemTotal:        1420824 kB
MemFree:           95264 kB
Buffers:           59960 kB
Cached:           557632 kB
SwapCached:         1024 kB
Active:           547568 kB
Inactive:         495928 kB
Active(anon):     187528 kB
Inactive(anon):   239700 kB
Active(file):     360040 kB
Inactive(file):   256228 kB
Unevictable:         892 kB
Mlocked:               0 kB
HighTotal:       1001472 kB
HighFree:          17124 kB
LowTotal:         419352 kB
LowFree:           78140 kB
SwapTotal:        786428 kB
SwapFree:         763648 kB
Dirty:              1360 kB
Writeback:             0 kB
AnonPages:        425992 kB
Mapped:           181148 kB
Shmem:               432 kB
Slab:              51072 kB
SReclaimable:      20716 kB
SUnreclaim:        30356 kB
KernelStack:        9296 kB
PageTables:        14308 kB
NFS_Unstable:          0 kB
Bounce:                0 kB
WritebackTmp:          0 kB
CommitLimit:     1496840 kB
Committed_AS:   19434892 kB
VmallocTotal:     458752 kB
VmallocUsed:       79228 kB
VmallocChunk:     225308 kB
Time pass: 192 sec

---2015-10-25 18:22:09
MemTotal:        1420824 kB
MemFree:           85404 kB
Buffers:           59960 kB
Cached:           557636 kB
SwapCached:         1024 kB
Active:           549440 kB
Inactive:         495940 kB
Active(anon):     189408 kB
Inactive(anon):   239700 kB
Active(file):     360032 kB
Inactive(file):   256240 kB
Unevictable:         892 kB
Mlocked:               0 kB
HighTotal:       1001472 kB
HighFree:          12864 kB
LowTotal:         419352 kB
LowFree:           72540 kB
SwapTotal:        786428 kB
SwapFree:         763648 kB
Dirty:               544 kB
Writeback:             0 kB
AnonPages:        427776 kB
Mapped:           183552 kB
Shmem:               432 kB
Slab:              51012 kB
SReclaimable:      20720 kB
SUnreclaim:        30292 kB
KernelStack:        9296 kB
PageTables:        14340 kB
NFS_Unstable:          0 kB
Bounce:                0 kB
WritebackTmp:          0 kB
CommitLimit:     1496840 kB
Committed_AS:   19436720 kB
VmallocTotal:     458752 kB
VmallocUsed:       79196 kB
VmallocChunk:     225308 kB
Time pass: 196 sec

---2015-10-25 18:22:09
MemTotal:        1420824 kB
MemFree:           85172 kB
Buffers:           59960 kB
Cached:           557636 kB
SwapCached:         1024 kB
Active:           549452 kB
Inactive:         495932 kB
Active(anon):     189412 kB
Inactive(anon):   239700 kB
Active(file):     360040 kB
Inactive(file):   256232 kB
Unevictable:         892 kB
Mlocked:               0 kB
HighTotal:       1001472 kB
HighFree:          12740 kB
LowTotal:         419352 kB
LowFree:           72432 kB
SwapTotal:        786428 kB
SwapFree:         763648 kB
Dirty:                76 kB
Writeback:             0 kB
AnonPages:        427780 kB
Mapped:           183612 kB
Shmem:               432 kB
Slab:              51008 kB
SReclaimable:      20720 kB
SUnreclaim:        30288 kB
KernelStack:        9296 kB
PageTables:        14340 kB
NFS_Unstable:          0 kB
Bounce:                0 kB
WritebackTmp:          0 kB
CommitLimit:     1496840 kB
Committed_AS:   19436720 kB
VmallocTotal:     458752 kB
VmallocUsed:       79196 kB
VmallocChunk:     225308 kB
Time pass: 199 sec

---2015-10-25 18:22:09
MemTotal:        1420824 kB
MemFree:           72928 kB
Buffers:           59960 kB
Cached:           557640 kB
SwapCached:         1024 kB
Active:           553576 kB
Inactive:         495932 kB
Active(anon):     193532 kB
Inactive(anon):   239700 kB
Active(file):     360044 kB
Inactive(file):   256232 kB
Unevictable:         892 kB
Mlocked:               0 kB
HighTotal:       1001472 kB
HighFree:           6948 kB
LowTotal:         419352 kB
LowFree:           65980 kB
SwapTotal:        786428 kB
SwapFree:         763648 kB
Dirty:                 0 kB
Writeback:             0 kB
AnonPages:        431904 kB
Mapped:           185888 kB
Shmem:               432 kB
Slab:              51008 kB
SReclaimable:      20720 kB
SUnreclaim:        30288 kB
KernelStack:        9296 kB
PageTables:        14360 kB
NFS_Unstable:          0 kB
Bounce:                0 kB
WritebackTmp:          0 kB
CommitLimit:     1496840 kB
Committed_AS:   19440676 kB
VmallocTotal:     458752 kB
VmallocUsed:       79208 kB
VmallocChunk:     225308 kB
Time pass: 203 sec

---2015-10-25 18:22:09
MemTotal:        1420824 kB
MemFree:           67952 kB
Buffers:           59968 kB
Cached:           557752 kB
SwapCached:         1032 kB
Active:           557832 kB
Inactive:         496052 kB
Active(anon):     197784 kB
Inactive(anon):   239808 kB
Active(file):     360048 kB
Inactive(file):   256244 kB
Unevictable:         892 kB
Mlocked:               0 kB
HighTotal:       1001472 kB
HighFree:           5128 kB
LowTotal:         419352 kB
LowFree:           62824 kB
SwapTotal:        786428 kB
SwapFree:         763648 kB
Dirty:                40 kB
Writeback:             0 kB
AnonPages:        436264 kB
Mapped:           188212 kB
Shmem:               536 kB
Slab:              51104 kB
SReclaimable:      20720 kB
SUnreclaim:        30384 kB
KernelStack:        9496 kB
PageTables:        14484 kB
NFS_Unstable:          0 kB
Bounce:                0 kB
WritebackTmp:          0 kB
CommitLimit:     1496840 kB
Committed_AS:   19462116 kB
VmallocTotal:     458752 kB
VmallocUsed:       81740 kB
VmallocChunk:     225308 kB
Time pass: 207 sec

---2015-10-25 18:22:09
MemTotal:        1420824 kB
MemFree:           67104 kB
Buffers:           59972 kB
Cached:           557820 kB
SwapCached:         1032 kB
Active:           558008 kB
Inactive:         496116 kB
Active(anon):     197952 kB
Inactive(anon):   239876 kB
Active(file):     360056 kB
Inactive(file):   256240 kB
Unevictable:         892 kB
Mlocked:               0 kB
HighTotal:       1001472 kB
HighFree:           5108 kB
LowTotal:         419352 kB
LowFree:           61996 kB
SwapTotal:        786428 kB
SwapFree:         763648 kB
Dirty:                 4 kB
Writeback:             0 kB
AnonPages:        436396 kB
Mapped:           188368 kB
Shmem:               604 kB
Slab:              51104 kB
SReclaimable:      20720 kB
SUnreclaim:        30384 kB
KernelStack:        9512 kB
PageTables:        14508 kB
NFS_Unstable:          0 kB
Bounce:                0 kB
WritebackTmp:          0 kB
CommitLimit:     1496840 kB
Committed_AS:   19462156 kB
VmallocTotal:     458752 kB
VmallocUsed:       81740 kB
VmallocChunk:     225308 kB
Time pass: 211 sec

---2015-10-25 18:22:09
MemTotal:        1420824 kB
MemFree:           66908 kB
Buffers:           59972 kB
Cached:           557832 kB
SwapCached:         1032 kB
Active:           558004 kB
Inactive:         496124 kB
Active(anon):     197944 kB
Inactive(anon):   239884 kB
Active(file):     360060 kB
Inactive(file):   256240 kB
Unevictable:         892 kB
Mlocked:               0 kB
HighTotal:       1001472 kB
HighFree:           5108 kB
LowTotal:         419352 kB
LowFree:           61800 kB
SwapTotal:        786428 kB
SwapFree:         763648 kB
Dirty:                 0 kB
Writeback:             0 kB
AnonPages:        436392 kB
Mapped:           188332 kB
Shmem:               612 kB
Slab:              51136 kB
SReclaimable:      20720 kB
SUnreclaim:        30416 kB
KernelStack:        9512 kB
PageTables:        14508 kB
NFS_Unstable:          0 kB
Bounce:                0 kB
WritebackTmp:          0 kB
CommitLimit:     1496840 kB
Committed_AS:   19462104 kB
VmallocTotal:     458752 kB
VmallocUsed:       81708 kB
VmallocChunk:     225308 kB
Time pass: 214 sec

---2015-10-25 18:22:09
MemTotal:        1420824 kB
MemFree:           58172 kB
Buffers:           59976 kB
Cached:           557684 kB
SwapCached:         1032 kB
Active:           567864 kB
Inactive:         496020 kB
Active(anon):     207796 kB
Inactive(anon):   239784 kB
Active(file):     360068 kB
Inactive(file):   256236 kB
Unevictable:         892 kB
Mlocked:               0 kB
HighTotal:       1001472 kB
HighFree:           5388 kB
LowTotal:         419352 kB
LowFree:           52784 kB
SwapTotal:        786428 kB
SwapFree:         763648 kB
Dirty:                44 kB
Writeback:             0 kB
AnonPages:        446320 kB
Mapped:           188588 kB
Shmem:               464 kB
Slab:              51312 kB
SReclaimable:      20720 kB
SUnreclaim:        30592 kB
KernelStack:        9544 kB
PageTables:        14432 kB
NFS_Unstable:          0 kB
Bounce:                0 kB
WritebackTmp:          0 kB
CommitLimit:     1496840 kB
Committed_AS:   19464440 kB
VmallocTotal:     458752 kB
VmallocUsed:       79324 kB
VmallocChunk:     225308 kB
Time pass: 218 sec

---2015-10-25 18:22:09
MemTotal:        1420824 kB
MemFree:           63416 kB
Buffers:           59980 kB
Cached:           557656 kB
SwapCached:         1032 kB
Active:           563852 kB
Inactive:         495940 kB
Active(anon):     203772 kB
Inactive(anon):   239708 kB
Active(file):     360080 kB
Inactive(file):   256232 kB
Unevictable:         892 kB
Mlocked:               0 kB
HighTotal:       1001472 kB
HighFree:           9576 kB
LowTotal:         419352 kB
LowFree:           53840 kB
SwapTotal:        786428 kB
SwapFree:         763648 kB
Dirty:                 0 kB
Writeback:             0 kB
AnonPages:        442148 kB
Mapped:           188576 kB
Shmem:               432 kB
Slab:              51204 kB
SReclaimable:      20720 kB
SUnreclaim:        30484 kB
KernelStack:        9312 kB
PageTables:        14440 kB
NFS_Unstable:          0 kB
Bounce:                0 kB
WritebackTmp:          0 kB
CommitLimit:     1496840 kB
Committed_AS:   19453388 kB
VmallocTotal:     458752 kB
VmallocUsed:       79208 kB
VmallocChunk:     225308 kB
Time pass: 222 sec

---2015-10-25 18:22:09
MemTotal:        1420824 kB
MemFree:           63100 kB
Buffers:           59984 kB
Cached:           557656 kB
SwapCached:         1032 kB
Active:           563860 kB
Inactive:         495940 kB
Active(anon):     203776 kB
Inactive(anon):   239708 kB
Active(file):     360084 kB
Inactive(file):   256232 kB
Unevictable:         892 kB
Mlocked:               0 kB
HighTotal:       1001472 kB
HighFree:           9176 kB
LowTotal:         419352 kB
LowFree:           53924 kB
SwapTotal:        786428 kB
SwapFree:         763648 kB
Dirty:                32 kB
Writeback:             0 kB
AnonPages:        442148 kB
Mapped:           188684 kB
Shmem:               432 kB
Slab:              51204 kB
SReclaimable:      20720 kB
SUnreclaim:        30484 kB
KernelStack:        9328 kB
PageTables:        14456 kB
NFS_Unstable:          0 kB
Bounce:                0 kB
WritebackTmp:          0 kB
CommitLimit:     1496840 kB
Committed_AS:   19453388 kB
VmallocTotal:     458752 kB
VmallocUsed:       79208 kB
VmallocChunk:     225308 kB
Time pass: 226 sec

---2015-10-25 18:22:09
MemTotal:        1420824 kB
MemFree:           63100 kB
Buffers:           59984 kB
Cached:           557656 kB
SwapCached:         1032 kB
Active:           563852 kB
Inactive:         495940 kB
Active(anon):     203768 kB
Inactive(anon):   239708 kB
Active(file):     360084 kB
Inactive(file):   256232 kB
Unevictable:         892 kB
Mlocked:               0 kB
HighTotal:       1001472 kB
HighFree:           9192 kB
LowTotal:         419352 kB
LowFree:           53908 kB
SwapTotal:        786428 kB
SwapFree:         763648 kB
Dirty:                 0 kB
Writeback:             0 kB
AnonPages:        442136 kB
Mapped:           188668 kB
Shmem:               432 kB
Slab:              51204 kB
SReclaimable:      20720 kB
SUnreclaim:        30484 kB
KernelStack:        9328 kB
PageTables:        14440 kB
NFS_Unstable:          0 kB
Bounce:                0 kB
WritebackTmp:          0 kB
CommitLimit:     1496840 kB
Committed_AS:   19453388 kB
VmallocTotal:     458752 kB
VmallocUsed:       79208 kB
VmallocChunk:     225308 kB
Time pass: 230 sec

---2015-10-25 18:22:09
MemTotal:        1420824 kB
MemFree:           63116 kB
Buffers:           59984 kB
Cached:           557656 kB
SwapCached:         1032 kB
Active:           563848 kB
Inactive:         495940 kB
Active(anon):     203764 kB
Inactive(anon):   239708 kB
Active(file):     360084 kB
Inactive(file):   256232 kB
Unevictable:         892 kB
Mlocked:               0 kB
HighTotal:       1001472 kB
HighFree:           9192 kB
LowTotal:         419352 kB
LowFree:           53924 kB
SwapTotal:        786428 kB
SwapFree:         763648 kB
Dirty:                 0 kB
Writeback:             0 kB
AnonPages:        442132 kB
Mapped:           188668 kB
Shmem:               432 kB
Slab:              51204 kB
SReclaimable:      20720 kB
SUnreclaim:        30484 kB
KernelStack:        9312 kB
PageTables:        14440 kB
NFS_Unstable:          0 kB
Bounce:                0 kB
WritebackTmp:          0 kB
CommitLimit:     1496840 kB
Committed_AS:   19453388 kB
VmallocTotal:     458752 kB
VmallocUsed:       79208 kB
VmallocChunk:     225308 kB
Time pass: 234 sec

---2015-10-25 18:22:09
MemTotal:        1420824 kB
MemFree:           63120 kB
Buffers:           59984 kB
Cached:           557656 kB
SwapCached:         1032 kB
Active:           563852 kB
Inactive:         495940 kB
Active(anon):     203768 kB
Inactive(anon):   239708 kB
Active(file):     360084 kB
Inactive(file):   256232 kB
Unevictable:         892 kB
Mlocked:               0 kB
HighTotal:       1001472 kB
HighFree:           9196 kB
LowTotal:         419352 kB
LowFree:           53924 kB
SwapTotal:        786428 kB
SwapFree:         763648 kB
Dirty:                 0 kB
Writeback:             0 kB
AnonPages:        442132 kB
Mapped:           188724 kB
Shmem:               432 kB
Slab:              51204 kB
SReclaimable:      20720 kB
SUnreclaim:        30484 kB
KernelStack:        9328 kB
PageTables:        14456 kB
NFS_Unstable:          0 kB
Bounce:                0 kB
WritebackTmp:          0 kB
CommitLimit:     1496840 kB
Committed_AS:   19453388 kB
VmallocTotal:     458752 kB
VmallocUsed:       79208 kB
VmallocChunk:     225308 kB
Time pass: 238 sec

---2015-10-25 18:22:09
MemTotal:        1420824 kB
MemFree:           63144 kB
Buffers:           59984 kB
Cached:           557656 kB
SwapCached:         1032 kB
Active:           563840 kB
Inactive:         495940 kB
Active(anon):     203756 kB
Inactive(anon):   239708 kB
Active(file):     360084 kB
Inactive(file):   256232 kB
Unevictable:         892 kB
Mlocked:               0 kB
HighTotal:       1001472 kB
HighFree:           9204 kB
LowTotal:         419352 kB
LowFree:           53940 kB
SwapTotal:        786428 kB
SwapFree:         763648 kB
Dirty:                 0 kB
Writeback:             0 kB
AnonPages:        442116 kB
Mapped:           188724 kB
Shmem:               432 kB
Slab:              51204 kB
SReclaimable:      20720 kB
SUnreclaim:        30484 kB
KernelStack:        9312 kB
PageTables:        14456 kB
NFS_Unstable:          0 kB
Bounce:                0 kB
WritebackTmp:          0 kB
CommitLimit:     1496840 kB
Committed_AS:   19453340 kB
VmallocTotal:     458752 kB
VmallocUsed:       79208 kB
VmallocChunk:     225308 kB
Time pass: 242 sec

---2015-10-25 18:22:09
MemTotal:        1420824 kB
MemFree:           63128 kB
Buffers:           59984 kB
Cached:           557656 kB
SwapCached:         1032 kB
Active:           563832 kB
Inactive:         495940 kB
Active(anon):     203748 kB
Inactive(anon):   239708 kB
Active(file):     360084 kB
Inactive(file):   256232 kB
Unevictable:         892 kB
Mlocked:               0 kB
HighTotal:       1001472 kB
HighFree:           9204 kB
LowTotal:         419352 kB
LowFree:           53924 kB
SwapTotal:        786428 kB
SwapFree:         763648 kB
Dirty:                 0 kB
Writeback:             0 kB
AnonPages:        442164 kB
Mapped:           188704 kB
Shmem:               432 kB
Slab:              51204 kB
SReclaimable:      20720 kB
SUnreclaim:        30484 kB
KernelStack:        9328 kB
PageTables:        14436 kB
NFS_Unstable:          0 kB
Bounce:                0 kB
WritebackTmp:          0 kB
CommitLimit:     1496840 kB
Committed_AS:   19453340 kB
VmallocTotal:     458752 kB
VmallocUsed:       79208 kB
VmallocChunk:     225308 kB
Time pass: 245 sec

---2015-10-25 18:22:09
MemTotal:        1420824 kB
MemFree:           64000 kB
Buffers:           59984 kB
Cached:           557656 kB
SwapCached:         1032 kB
Active:           563012 kB
Inactive:         495940 kB
Active(anon):     202928 kB
Inactive(anon):   239708 kB
Active(file):     360084 kB
Inactive(file):   256232 kB
Unevictable:         892 kB
Mlocked:               0 kB
HighTotal:       1001472 kB
HighFree:           9188 kB
LowTotal:         419352 kB
LowFree:           54812 kB
SwapTotal:        786428 kB
SwapFree:         763648 kB
Dirty:                 4 kB
Writeback:             0 kB
AnonPages:        441288 kB
Mapped:           188824 kB
Shmem:               432 kB
Slab:              51204 kB
SReclaimable:      20720 kB
SUnreclaim:        30484 kB
KernelStack:        9312 kB
PageTables:        14448 kB
NFS_Unstable:          0 kB
Bounce:                0 kB
WritebackTmp:          0 kB
CommitLimit:     1496840 kB
Committed_AS:   19452084 kB
VmallocTotal:     458752 kB
VmallocUsed:       79208 kB
VmallocChunk:     225308 kB
Time pass: 249 sec

---2015-10-25 18:22:09
MemTotal:        1420824 kB
MemFree:           64012 kB
Buffers:           59988 kB
Cached:           557656 kB
SwapCached:         1032 kB
Active:           562980 kB
Inactive:         495944 kB
Active(anon):     202896 kB
Inactive(anon):   239708 kB
Active(file):     360084 kB
Inactive(file):   256236 kB
Unevictable:         892 kB
Mlocked:               0 kB
HighTotal:       1001472 kB
HighFree:           9200 kB
LowTotal:         419352 kB
LowFree:           54812 kB
SwapTotal:        786428 kB
SwapFree:         763648 kB
Dirty:                 8 kB
Writeback:             0 kB
AnonPages:        441264 kB
Mapped:           188784 kB
Shmem:               432 kB
Slab:              51204 kB
SReclaimable:      20720 kB
SUnreclaim:        30484 kB
KernelStack:        9296 kB
PageTables:        14436 kB
NFS_Unstable:          0 kB
Bounce:                0 kB
WritebackTmp:          0 kB
CommitLimit:     1496840 kB
Committed_AS:   19452084 kB
VmallocTotal:     458752 kB
VmallocUsed:       79208 kB
VmallocChunk:     225308 kB
Time pass: 252 sec

---2015-10-25 18:22:09
MemTotal:        1420824 kB
MemFree:           64096 kB
Buffers:           59988 kB
Cached:           557656 kB
SwapCached:         1032 kB
Active:           562956 kB
Inactive:         495944 kB
Active(anon):     202872 kB
Inactive(anon):   239708 kB
Active(file):     360084 kB
Inactive(file):   256236 kB
Unevictable:         892 kB
Mlocked:               0 kB
HighTotal:       1001472 kB
HighFree:           9208 kB
LowTotal:         419352 kB
LowFree:           54888 kB
SwapTotal:        786428 kB
SwapFree:         763648 kB
Dirty:                16 kB
Writeback:             0 kB
AnonPages:        441232 kB
Mapped:           188824 kB
Shmem:               432 kB
Slab:              51204 kB
SReclaimable:      20720 kB
SUnreclaim:        30484 kB
KernelStack:        9312 kB
PageTables:        14452 kB
NFS_Unstable:          0 kB
Bounce:                0 kB
WritebackTmp:          0 kB
CommitLimit:     1496840 kB
Committed_AS:   19452084 kB
VmallocTotal:     458752 kB
VmallocUsed:       79208 kB
VmallocChunk:     225308 kB
Time pass: 256 sec

---2015-10-25 18:22:09
MemTotal:        1420824 kB
MemFree:           64144 kB
Buffers:           59992 kB
Cached:           557652 kB
SwapCached:         1032 kB
Active:           562940 kB
Inactive:         495944 kB
Active(anon):     202856 kB
Inactive(anon):   239708 kB
Active(file):     360084 kB
Inactive(file):   256236 kB
Unevictable:         892 kB
Mlocked:               0 kB
HighTotal:       1001472 kB
HighFree:           9240 kB
LowTotal:         419352 kB
LowFree:           54904 kB
SwapTotal:        786428 kB
SwapFree:         763648 kB
Dirty:                40 kB
Writeback:             0 kB
AnonPages:        441232 kB
Mapped:           188824 kB
Shmem:               432 kB
Slab:              51204 kB
SReclaimable:      20720 kB
SUnreclaim:        30484 kB
KernelStack:        9312 kB
PageTables:        14452 kB
NFS_Unstable:          0 kB
Bounce:                0 kB
WritebackTmp:          0 kB
CommitLimit:     1496840 kB
Committed_AS:   19452084 kB
VmallocTotal:     458752 kB
VmallocUsed:       79208 kB
VmallocChunk:     225308 kB
Time pass: 259 sec

---2015-10-25 18:22:09
MemTotal:        1420824 kB
MemFree:           64020 kB
Buffers:           59992 kB
Cached:           557656 kB
SwapCached:         1032 kB
Active:           562952 kB
Inactive:         495944 kB
Active(anon):     202864 kB
Inactive(anon):   239708 kB
Active(file):     360088 kB
Inactive(file):   256236 kB
Unevictable:         892 kB
Mlocked:               0 kB
HighTotal:       1001472 kB
HighFree:           9196 kB
LowTotal:         419352 kB
LowFree:           54824 kB
SwapTotal:        786428 kB
SwapFree:         763648 kB
Dirty:                32 kB
Writeback:             0 kB
AnonPages:        441224 kB
Mapped:           188824 kB
Shmem:               432 kB
Slab:              51204 kB
SReclaimable:      20720 kB
SUnreclaim:        30484 kB
KernelStack:        9320 kB
PageTables:        14456 kB
NFS_Unstable:          0 kB
Bounce:                0 kB
WritebackTmp:          0 kB
CommitLimit:     1496840 kB
Committed_AS:   19452108 kB
VmallocTotal:     458752 kB
VmallocUsed:       79208 kB
VmallocChunk:     225308 kB
Time pass: 263 sec

---2015-10-25 18:22:09
MemTotal:        1420824 kB
MemFree:           64764 kB
Buffers:           59992 kB
Cached:           557656 kB
SwapCached:         1032 kB
Active:           562272 kB
Inactive:         495940 kB
Active(anon):     202184 kB
Inactive(anon):   239704 kB
Active(file):     360088 kB
Inactive(file):   256236 kB
Unevictable:         892 kB
Mlocked:               0 kB
HighTotal:       1001472 kB
HighFree:           9668 kB
LowTotal:         419352 kB
LowFree:           55096 kB
SwapTotal:        786428 kB
SwapFree:         763648 kB
Dirty:                 0 kB
Writeback:             0 kB
AnonPages:        440544 kB
Mapped:           188824 kB
Shmem:               432 kB
Slab:              51172 kB
SReclaimable:      20720 kB
SUnreclaim:        30452 kB
KernelStack:        9320 kB
PageTables:        14456 kB
NFS_Unstable:          0 kB
Bounce:                0 kB
WritebackTmp:          0 kB
CommitLimit:     1496840 kB
Committed_AS:   19452108 kB
VmallocTotal:     458752 kB
VmallocUsed:       79208 kB
VmallocChunk:     225308 kB
Time pass: 267 sec

---2015-10-25 18:22:09
MemTotal:        1420824 kB
MemFree:           64812 kB
Buffers:           59992 kB
Cached:           557656 kB
SwapCached:         1032 kB
Active:           562284 kB
Inactive:         495940 kB
Active(anon):     202196 kB
Inactive(anon):   239704 kB
Active(file):     360088 kB
Inactive(file):   256236 kB
Unevictable:         892 kB
Mlocked:               0 kB
HighTotal:       1001472 kB
HighFree:           9700 kB
LowTotal:         419352 kB
LowFree:           55112 kB
SwapTotal:        786428 kB
SwapFree:         763648 kB
Dirty:                 0 kB
Writeback:             0 kB
AnonPages:        440560 kB
Mapped:           188784 kB
Shmem:               432 kB
Slab:              51172 kB
SReclaimable:      20720 kB
SUnreclaim:        30452 kB
KernelStack:        9304 kB
PageTables:        14440 kB
NFS_Unstable:          0 kB
Bounce:                0 kB
WritebackTmp:          0 kB
CommitLimit:     1496840 kB
Committed_AS:   19452108 kB
VmallocTotal:     458752 kB
VmallocUsed:       79208 kB
VmallocChunk:     225308 kB
Time pass: 270 sec

---2015-10-25 18:22:09
MemTotal:        1420824 kB
MemFree:           64844 kB
Buffers:           59992 kB
Cached:           557656 kB
SwapCached:         1032 kB
Active:           562296 kB
Inactive:         495940 kB
Active(anon):     202208 kB
Inactive(anon):   239704 kB
Active(file):     360088 kB
Inactive(file):   256236 kB
Unevictable:         892 kB
Mlocked:               0 kB
HighTotal:       1001472 kB
HighFree:           9700 kB
LowTotal:         419352 kB
LowFree:           55144 kB
SwapTotal:        786428 kB
SwapFree:         763648 kB
Dirty:                 0 kB
Writeback:             0 kB
AnonPages:        440576 kB
Mapped:           188824 kB
Shmem:               432 kB
Slab:              51140 kB
SReclaimable:      20720 kB
SUnreclaim:        30420 kB
KernelStack:        9320 kB
PageTables:        14456 kB
NFS_Unstable:          0 kB
Bounce:                0 kB
WritebackTmp:          0 kB
CommitLimit:     1496840 kB
Committed_AS:   19452108 kB
VmallocTotal:     458752 kB
VmallocUsed:       79208 kB
VmallocChunk:     225308 kB
Time pass: 274 sec

---2015-10-25 18:22:09
MemTotal:        1420824 kB
MemFree:           64876 kB
Buffers:           59992 kB
Cached:           557656 kB
SwapCached:         1032 kB
Active:           562324 kB
Inactive:         495940 kB
Active(anon):     202236 kB
Inactive(anon):   239704 kB
Active(file):     360088 kB
Inactive(file):   256236 kB
Unevictable:         892 kB
Mlocked:               0 kB
HighTotal:       1001472 kB
HighFree:           9700 kB
LowTotal:         419352 kB
LowFree:           55176 kB
SwapTotal:        786428 kB
SwapFree:         763648 kB
Dirty:                 0 kB
Writeback:             0 kB
AnonPages:        440608 kB
Mapped:           188824 kB
Shmem:               432 kB
Slab:              51108 kB
SReclaimable:      20720 kB
SUnreclaim:        30388 kB
KernelStack:        9320 kB
PageTables:        14456 kB
NFS_Unstable:          0 kB
Bounce:                0 kB
WritebackTmp:          0 kB
CommitLimit:     1496840 kB
Committed_AS:   19452108 kB
VmallocTotal:     458752 kB
VmallocUsed:       79208 kB
VmallocChunk:     225308 kB
Time pass: 278 sec

---2015-10-25 18:22:09
MemTotal:        1420824 kB
MemFree:           64876 kB
Buffers:           59992 kB
Cached:           557656 kB
SwapCached:         1032 kB
Active:           562336 kB
Inactive:         495940 kB
Active(anon):     202248 kB
Inactive(anon):   239704 kB
Active(file):     360088 kB
Inactive(file):   256236 kB
Unevictable:         892 kB
Mlocked:               0 kB
HighTotal:       1001472 kB
HighFree:           9700 kB
LowTotal:         419352 kB
LowFree:           55176 kB
SwapTotal:        786428 kB
SwapFree:         763648 kB
Dirty:                 0 kB
Writeback:             0 kB
AnonPages:        440620 kB
Mapped:           188824 kB
Shmem:               432 kB
Slab:              51108 kB
SReclaimable:      20720 kB
SUnreclaim:        30388 kB
KernelStack:        9320 kB
PageTables:        14460 kB
NFS_Unstable:          0 kB
Bounce:                0 kB
WritebackTmp:          0 kB
CommitLimit:     1496840 kB
Committed_AS:   19452108 kB
VmallocTotal:     458752 kB
VmallocUsed:       79208 kB
VmallocChunk:     225308 kB
Time pass: 282 sec

---2015-10-25 18:22:09
MemTotal:        1420824 kB
MemFree:           64752 kB
Buffers:           59992 kB
Cached:           557656 kB
SwapCached:         1032 kB
Active:           562368 kB
Inactive:         495940 kB
Active(anon):     202280 kB
Inactive(anon):   239704 kB
Active(file):     360088 kB
Inactive(file):   256236 kB
Unevictable:         892 kB
Mlocked:               0 kB
HighTotal:       1001472 kB
HighFree:           9576 kB
LowTotal:         419352 kB
LowFree:           55176 kB
SwapTotal:        786428 kB
SwapFree:         763648 kB
Dirty:                 0 kB
Writeback:             0 kB
AnonPages:        440636 kB
Mapped:           188824 kB
Shmem:               432 kB
Slab:              51108 kB
SReclaimable:      20720 kB
SUnreclaim:        30388 kB
KernelStack:        9320 kB
PageTables:        14456 kB
NFS_Unstable:          0 kB
Bounce:                0 kB
WritebackTmp:          0 kB
CommitLimit:     1496840 kB
Committed_AS:   19452108 kB
VmallocTotal:     458752 kB
VmallocUsed:       79208 kB
VmallocChunk:     225308 kB
Time pass: 286 sec

---2015-10-25 18:22:09
MemTotal:        1420824 kB
MemFree:           64752 kB
Buffers:           59992 kB
Cached:           557656 kB
SwapCached:         1032 kB
Active:           562376 kB
Inactive:         495940 kB
Active(anon):     202288 kB
Inactive(anon):   239704 kB
Active(file):     360088 kB
Inactive(file):   256236 kB
Unevictable:         892 kB
Mlocked:               0 kB
HighTotal:       1001472 kB
HighFree:           9576 kB
LowTotal:         419352 kB
LowFree:           55176 kB
SwapTotal:        786428 kB
SwapFree:         763648 kB
Dirty:                 0 kB
Writeback:             0 kB
AnonPages:        440652 kB
Mapped:           188784 kB
Shmem:               432 kB
Slab:              51108 kB
SReclaimable:      20720 kB
SUnreclaim:        30388 kB
KernelStack:        9304 kB
PageTables:        14440 kB
NFS_Unstable:          0 kB
Bounce:                0 kB
WritebackTmp:          0 kB
CommitLimit:     1496840 kB
Committed_AS:   19452108 kB
VmallocTotal:     458752 kB
VmallocUsed:       79208 kB
VmallocChunk:     225308 kB
Time pass: 289 sec

---2015-10-25 18:22:09
MemTotal:        1420824 kB
MemFree:           64752 kB
Buffers:           59992 kB
Cached:           557656 kB
SwapCached:         1032 kB
Active:           562388 kB
Inactive:         495940 kB
Active(anon):     202300 kB
Inactive(anon):   239704 kB
Active(file):     360088 kB
Inactive(file):   256236 kB
Unevictable:         892 kB
Mlocked:               0 kB
HighTotal:       1001472 kB
HighFree:           9576 kB
LowTotal:         419352 kB
LowFree:           55176 kB
SwapTotal:        786428 kB
SwapFree:         763648 kB
Dirty:                 0 kB
Writeback:             0 kB
AnonPages:        440668 kB
Mapped:           188824 kB
Shmem:               432 kB
Slab:              51108 kB
SReclaimable:      20720 kB
SUnreclaim:        30388 kB
KernelStack:        9320 kB
PageTables:        14456 kB
NFS_Unstable:          0 kB
Bounce:                0 kB
WritebackTmp:          0 kB
CommitLimit:     1496840 kB
Committed_AS:   19452108 kB
VmallocTotal:     458752 kB
VmallocUsed:       79208 kB
VmallocChunk:     225308 kB
Time pass: 293 sec

---2015-10-25 18:22:09
MemTotal:        1420824 kB
MemFree:           64752 kB
Buffers:           59992 kB
Cached:           557656 kB
SwapCached:         1032 kB
Active:           562420 kB
Inactive:         495940 kB
Active(anon):     202332 kB
Inactive(anon):   239704 kB
Active(file):     360088 kB
Inactive(file):   256236 kB
Unevictable:         892 kB
Mlocked:               0 kB
HighTotal:       1001472 kB
HighFree:           9576 kB
LowTotal:         419352 kB
LowFree:           55176 kB
SwapTotal:        786428 kB
SwapFree:         763648 kB
Dirty:                 0 kB
Writeback:             0 kB
AnonPages:        440688 kB
Mapped:           188824 kB
Shmem:               432 kB
Slab:              51108 kB
SReclaimable:      20720 kB
SUnreclaim:        30388 kB
KernelStack:        9320 kB
PageTables:        14456 kB
NFS_Unstable:          0 kB
Bounce:                0 kB
WritebackTmp:          0 kB
CommitLimit:     1496840 kB
Committed_AS:   19452108 kB
VmallocTotal:     458752 kB
VmallocUsed:       79208 kB
VmallocChunk:     225308 kB
Time pass: 296 sec

---2015-10-25 18:22:09
MemTotal:        1420824 kB
MemFree:           64388 kB
Buffers:           59996 kB
Cached:           557656 kB
SwapCached:         1032 kB
Active:           562828 kB
Inactive:         495940 kB
Active(anon):     202736 kB
Inactive(anon):   239704 kB
Active(file):     360092 kB
Inactive(file):   256236 kB
Unevictable:         892 kB
Mlocked:               0 kB
HighTotal:       1001472 kB
HighFree:           9220 kB
LowTotal:         419352 kB
LowFree:           55168 kB
SwapTotal:        786428 kB
SwapFree:         763648 kB
Dirty:                40 kB
Writeback:             0 kB
AnonPages:        441092 kB
Mapped:           188824 kB
Shmem:               432 kB
Slab:              51104 kB
SReclaimable:      20720 kB
SUnreclaim:        30384 kB
KernelStack:        9328 kB
PageTables:        14460 kB
NFS_Unstable:          0 kB
Bounce:                0 kB
WritebackTmp:          0 kB
CommitLimit:     1496840 kB
Committed_AS:   19452132 kB
VmallocTotal:     458752 kB
VmallocUsed:       79208 kB
VmallocChunk:     225308 kB
Time pass: 300 sec

---2015-10-25 18:22:09
MemTotal:        1420824 kB
MemFree:           64388 kB
Buffers:           60000 kB
Cached:           557652 kB
SwapCached:         1032 kB
Active:           562852 kB
Inactive:         495940 kB
Active(anon):     202760 kB
Inactive(anon):   239704 kB
Active(file):     360092 kB
Inactive(file):   256236 kB
Unevictable:         892 kB
Mlocked:               0 kB
HighTotal:       1001472 kB
HighFree:           9220 kB
LowTotal:         419352 kB
LowFree:           55168 kB
SwapTotal:        786428 kB
SwapFree:         763648 kB
Dirty:                40 kB
Writeback:             0 kB
AnonPages:        441116 kB
Mapped:           188824 kB
Shmem:               432 kB
Slab:              51104 kB
SReclaimable:      20720 kB
SUnreclaim:        30384 kB
KernelStack:        9328 kB
PageTables:        14460 kB
NFS_Unstable:          0 kB
Bounce:                0 kB
WritebackTmp:          0 kB
CommitLimit:     1496840 kB
Committed_AS:   19452132 kB
VmallocTotal:     458752 kB
VmallocUsed:       79208 kB
VmallocChunk:     225308 kB
Time pass: 303 sec

---2015-10-25 18:22:09
MemTotal:        1420824 kB
MemFree:           64152 kB
Buffers:           60004 kB
Cached:           557656 kB
SwapCached:         1032 kB
Active:           562996 kB
Inactive:         495940 kB
Active(anon):     202896 kB
Inactive(anon):   239704 kB
Active(file):     360100 kB
Inactive(file):   256236 kB
Unevictable:         892 kB
Mlocked:               0 kB
HighTotal:       1001472 kB
HighFree:           9016 kB
LowTotal:         419352 kB
LowFree:           55136 kB
SwapTotal:        786428 kB
SwapFree:         763648 kB
Dirty:                52 kB
Writeback:             0 kB
AnonPages:        441252 kB
Mapped:           188824 kB
Shmem:               432 kB
Slab:              51104 kB
SReclaimable:      20720 kB
SUnreclaim:        30384 kB
KernelStack:        9328 kB
PageTables:        14460 kB
NFS_Unstable:          0 kB
Bounce:                0 kB
WritebackTmp:          0 kB
CommitLimit:     1496840 kB
Committed_AS:   19452132 kB
VmallocTotal:     458752 kB
VmallocUsed:       79208 kB
VmallocChunk:     225308 kB
Time pass: 307 sec

---2015-10-25 18:22:09
MemTotal:        1420824 kB
MemFree:           64152 kB
Buffers:           60004 kB
Cached:           557656 kB
SwapCached:         1032 kB
Active:           563012 kB
Inactive:         495940 kB
Active(anon):     202912 kB
Inactive(anon):   239704 kB
Active(file):     360100 kB
Inactive(file):   256236 kB
Unevictable:         892 kB
Mlocked:               0 kB
HighTotal:       1001472 kB
HighFree:           9016 kB
LowTotal:         419352 kB
LowFree:           55136 kB
SwapTotal:        786428 kB
SwapFree:         763648 kB
Dirty:                 0 kB
Writeback:             0 kB
AnonPages:        441272 kB
Mapped:           188824 kB
Shmem:               432 kB
Slab:              51104 kB
SReclaimable:      20720 kB
SUnreclaim:        30384 kB
KernelStack:        9328 kB
PageTables:        14460 kB
NFS_Unstable:          0 kB
Bounce:                0 kB
WritebackTmp:          0 kB
CommitLimit:     1496840 kB
Committed_AS:   19452132 kB
VmallocTotal:     458752 kB
VmallocUsed:       79208 kB
VmallocChunk:     225308 kB
Time pass: 311 sec

---2015-10-25 18:22:09
MemTotal:        1420824 kB
MemFree:           64152 kB
Buffers:           60012 kB
Cached:           557656 kB
SwapCached:         1032 kB
Active:           563040 kB
Inactive:         495948 kB
Active(anon):     202940 kB
Inactive(anon):   239704 kB
Active(file):     360100 kB
Inactive(file):   256244 kB
Unevictable:         892 kB
Mlocked:               0 kB
HighTotal:       1001472 kB
HighFree:           9016 kB
LowTotal:         419352 kB
LowFree:           55136 kB
SwapTotal:        786428 kB
SwapFree:         763648 kB
Dirty:                32 kB
Writeback:             0 kB
AnonPages:        441324 kB
Mapped:           188824 kB
Shmem:               432 kB
Slab:              51104 kB
SReclaimable:      20720 kB
SUnreclaim:        30384 kB
KernelStack:        9328 kB
PageTables:        14460 kB
NFS_Unstable:          0 kB
Bounce:                0 kB
WritebackTmp:          0 kB
CommitLimit:     1496840 kB
Committed_AS:   19452132 kB
VmallocTotal:     458752 kB
VmallocUsed:       79208 kB
VmallocChunk:     225308 kB
Time pass: 314 sec

---2015-10-25 18:22:09
MemTotal:        1420824 kB
MemFree:           64152 kB
Buffers:           60012 kB
Cached:           557656 kB
SwapCached:         1032 kB
Active:           563084 kB
Inactive:         495948 kB
Active(anon):     202984 kB
Inactive(anon):   239704 kB
Active(file):     360100 kB
Inactive(file):   256244 kB
Unevictable:         892 kB
Mlocked:               0 kB
HighTotal:       1001472 kB
HighFree:           9016 kB
LowTotal:         419352 kB
LowFree:           55136 kB
SwapTotal:        786428 kB
SwapFree:         763648 kB
Dirty:                 0 kB
Writeback:             0 kB
AnonPages:        441340 kB
Mapped:           188824 kB
Shmem:               432 kB
Slab:              51104 kB
SReclaimable:      20720 kB
SUnreclaim:        30384 kB
KernelStack:        9328 kB
PageTables:        14460 kB
NFS_Unstable:          0 kB
Bounce:                0 kB
WritebackTmp:          0 kB
CommitLimit:     1496840 kB
Committed_AS:   19452132 kB
VmallocTotal:     458752 kB
VmallocUsed:       79208 kB
VmallocChunk:     225308 kB
Time pass: 318 sec

---2015-10-25 18:22:09
MemTotal:        1420824 kB
MemFree:           64044 kB
Buffers:           60012 kB
Cached:           557656 kB
SwapCached:         1032 kB
Active:           563096 kB
Inactive:         495948 kB
Active(anon):     202996 kB
Inactive(anon):   239704 kB
Active(file):     360100 kB
Inactive(file):   256244 kB
Unevictable:         892 kB
Mlocked:               0 kB
HighTotal:       1001472 kB
HighFree:           8900 kB
LowTotal:         419352 kB
LowFree:           55144 kB
SwapTotal:        786428 kB
SwapFree:         763648 kB
Dirty:                 4 kB
Writeback:             0 kB
AnonPages:        441360 kB
Mapped:           188784 kB
Shmem:               432 kB
Slab:              51104 kB
SReclaimable:      20720 kB
SUnreclaim:        30384 kB
KernelStack:        9304 kB
PageTables:        14440 kB
NFS_Unstable:          0 kB
Bounce:                0 kB
WritebackTmp:          0 kB
CommitLimit:     1496840 kB
Committed_AS:   19452108 kB
VmallocTotal:     458752 kB
VmallocUsed:       79208 kB
VmallocChunk:     225308 kB
Time pass: 323 sec

---2015-10-25 18:22:09
MemTotal:        1420824 kB
MemFree:           63904 kB
Buffers:           60016 kB
Cached:           557656 kB
SwapCached:         1032 kB
Active:           563144 kB
Inactive:         495952 kB
Active(anon):     203044 kB
Inactive(anon):   239704 kB
Active(file):     360100 kB
Inactive(file):   256248 kB
Unevictable:         892 kB
Mlocked:               0 kB
HighTotal:       1001472 kB
HighFree:           8776 kB
LowTotal:         419352 kB
LowFree:           55128 kB
SwapTotal:        786428 kB
SwapFree:         763648 kB
Dirty:                 4 kB
Writeback:             0 kB
AnonPages:        441408 kB
Mapped:           188784 kB
Shmem:               432 kB
Slab:              51104 kB
SReclaimable:      20720 kB
SUnreclaim:        30384 kB
KernelStack:        9320 kB
PageTables:        14440 kB
NFS_Unstable:          0 kB
Bounce:                0 kB
WritebackTmp:          0 kB
CommitLimit:     1496840 kB
Committed_AS:   19452108 kB
VmallocTotal:     458752 kB
VmallocUsed:       79208 kB
VmallocChunk:     225308 kB
Time pass: 327 sec

---2015-10-25 18:22:09
MemTotal:        1420824 kB
MemFree:           63920 kB
Buffers:           60016 kB
Cached:           557656 kB
SwapCached:         1032 kB
Active:           563188 kB
Inactive:         495952 kB
Active(anon):     203088 kB
Inactive(anon):   239704 kB
Active(file):     360100 kB
Inactive(file):   256248 kB
Unevictable:         892 kB
Mlocked:               0 kB
HighTotal:       1001472 kB
HighFree:           8776 kB
LowTotal:         419352 kB
LowFree:           55144 kB
SwapTotal:        786428 kB
SwapFree:         763648 kB
Dirty:                 4 kB
Writeback:             0 kB
AnonPages:        441444 kB
Mapped:           188824 kB
Shmem:               432 kB
Slab:              51104 kB
SReclaimable:      20720 kB
SUnreclaim:        30384 kB
KernelStack:        9320 kB
PageTables:        14456 kB
NFS_Unstable:          0 kB
Bounce:                0 kB
WritebackTmp:          0 kB
CommitLimit:     1496840 kB
Committed_AS:   19452108 kB
VmallocTotal:     458752 kB
VmallocUsed:       79208 kB
VmallocChunk:     225308 kB
Time pass: 331 sec

---2015-10-25 18:22:09
MemTotal:        1420824 kB
MemFree:           63920 kB
Buffers:           60016 kB
Cached:           557656 kB
SwapCached:         1032 kB
Active:           563224 kB
Inactive:         495952 kB
Active(anon):     203124 kB
Inactive(anon):   239704 kB
Active(file):     360100 kB
Inactive(file):   256248 kB
Unevictable:         892 kB
Mlocked:               0 kB
HighTotal:       1001472 kB
HighFree:           8776 kB
LowTotal:         419352 kB
LowFree:           55144 kB
SwapTotal:        786428 kB
SwapFree:         763648 kB
Dirty:                 0 kB
Writeback:             0 kB
AnonPages:        441480 kB
Mapped:           188824 kB
Shmem:               432 kB
Slab:              51104 kB
SReclaimable:      20720 kB
