---2015-12-10 12:23:27
MemTotal:        1745540 kB
MemFree:           71624 kB
Buffers:           11236 kB
Cached:           615148 kB
SwapCached:        16740 kB
Active:           679188 kB
Inactive:         685592 kB
Active(anon):     376612 kB
Inactive(anon):   365704 kB
Active(file):     302576 kB
Inactive(file):   319888 kB
Unevictable:        3816 kB
Mlocked:               0 kB
HighTotal:       1217536 kB
HighFree:          36684 kB
LowTotal:         528004 kB
LowFree:           34940 kB
SwapTotal:       1310716 kB
SwapFree:        1009296 kB
Dirty:                 0 kB
Writeback:             0 kB
AnonPages:        729928 kB
Mapped:           322460 kB
Shmem:               104 kB
Slab:              56148 kB
SReclaimable:      16148 kB
SUnreclaim:        40000 kB
KernelStack:       15152 kB
PageTables:        53544 kB
NFS_Unstable:          0 kB
Bounce:                0 kB
WritebackTmp:          0 kB
CommitLimit:     2183484 kB
Committed_AS:   125897000 kB
VmallocTotal:     311296 kB
VmallocUsed:       41296 kB
VmallocChunk:     145420 kB
Time pass: 3 sec

---2015-12-10 12:23:27
MemTotal:        1745540 kB
MemFree:           70388 kB
Buffers:           11236 kB
Cached:           615164 kB
SwapCached:        16740 kB
Active:           679200 kB
Inactive:         685604 kB
Active(anon):     376620 kB
Inactive(anon):   365704 kB
Active(file):     302580 kB
Inactive(file):   319900 kB
Unevictable:        3816 kB
Mlocked:               0 kB
HighTotal:       1217536 kB
HighFree:          36024 kB
LowTotal:         528004 kB
LowFree:           34364 kB
SwapTotal:       1310716 kB
SwapFree:        1009300 kB
Dirty:                 0 kB
Writeback:             0 kB
AnonPages:        729984 kB
Mapped:           322584 kB
Shmem:               104 kB
Slab:              56136 kB
SReclaimable:      16140 kB
SUnreclaim:        39996 kB
KernelStack:       15152 kB
PageTables:        53544 kB
NFS_Unstable:          0 kB
Bounce:                0 kB
WritebackTmp:          0 kB
CommitLimit:     2183484 kB
Committed_AS:   125897088 kB
VmallocTotal:     311296 kB
VmallocUsed:       41500 kB
VmallocChunk:     145420 kB
Time pass: 7 sec

---2015-12-10 12:23:27
MemTotal:        1745540 kB
MemFree:           71300 kB
Buffers:           11236 kB
Cached:           615164 kB
SwapCached:        16740 kB
Active:           679424 kB
Inactive:         685608 kB
Active(anon):     376844 kB
Inactive(anon):   365708 kB
Active(file):     302580 kB
Inactive(file):   319900 kB
Unevictable:        3816 kB
Mlocked:               0 kB
HighTotal:       1217536 kB
HighFree:          36348 kB
LowTotal:         528004 kB
LowFree:           34952 kB
SwapTotal:       1310716 kB
SwapFree:        1009300 kB
Dirty:                 0 kB
Writeback:             0 kB
AnonPages:        730152 kB
Mapped:           322484 kB
Shmem:               104 kB
Slab:              56128 kB
SReclaimable:      16140 kB
SUnreclaim:        39988 kB
KernelStack:       15152 kB
PageTables:        53544 kB
NFS_Unstable:          0 kB
Bounce:                0 kB
WritebackTmp:          0 kB
CommitLimit:     2183484 kB
Committed_AS:   125897160 kB
VmallocTotal:     311296 kB
VmallocUsed:       41296 kB
VmallocChunk:     145420 kB
Time pass: 10 sec

---2015-12-10 12:23:27
MemTotal:        1745540 kB
MemFree:           70876 kB
Buffers:           11236 kB
Cached:           615164 kB
SwapCached:        16740 kB
Active:           679580 kB
Inactive:         685608 kB
Active(anon):     377000 kB
Inactive(anon):   365708 kB
Active(file):     302580 kB
Inactive(file):   319900 kB
Unevictable:        3816 kB
Mlocked:               0 kB
HighTotal:       1217536 kB
HighFree:          36056 kB
LowTotal:         528004 kB
LowFree:           34820 kB
SwapTotal:       1310716 kB
SwapFree:        1009304 kB
Dirty:                 0 kB
Writeback:             0 kB
AnonPages:        730364 kB
Mapped:           322480 kB
Shmem:               104 kB
Slab:              56116 kB
SReclaimable:      16132 kB
SUnreclaim:        39984 kB
KernelStack:       15152 kB
PageTables:        53544 kB
NFS_Unstable:          0 kB
Bounce:                0 kB
WritebackTmp:          0 kB
CommitLimit:     2183484 kB
Committed_AS:   125897360 kB
VmallocTotal:     311296 kB
VmallocUsed:       41364 kB
VmallocChunk:     145420 kB
Time pass: 14 sec

---2015-12-10 12:23:27
MemTotal:        1745540 kB
MemFree:           70912 kB
Buffers:           11236 kB
Cached:           615164 kB
SwapCached:        16740 kB
Active:           679712 kB
Inactive:         685612 kB
Active(anon):     377132 kB
Inactive(anon):   365712 kB
Active(file):     302580 kB
Inactive(file):   319900 kB
Unevictable:        3816 kB
Mlocked:               0 kB
HighTotal:       1217536 kB
HighFree:          35996 kB
LowTotal:         528004 kB
LowFree:           34916 kB
SwapTotal:       1310716 kB
SwapFree:        1009304 kB
Dirty:                 0 kB
Writeback:             0 kB
AnonPages:        730516 kB
Mapped:           322484 kB
Shmem:               104 kB
Slab:              56116 kB
SReclaimable:      16132 kB
SUnreclaim:        39984 kB
KernelStack:       15152 kB
PageTables:        53544 kB
NFS_Unstable:          0 kB
Bounce:                0 kB
WritebackTmp:          0 kB
CommitLimit:     2183484 kB
Committed_AS:   125897440 kB
VmallocTotal:     311296 kB
VmallocUsed:       41296 kB
VmallocChunk:     145420 kB
Time pass: 18 sec

---2015-12-10 12:23:27
MemTotal:        1745540 kB
MemFree:           69696 kB
Buffers:           11236 kB
Cached:           616364 kB
SwapCached:        16740 kB
Active:           679884 kB
Inactive:         686800 kB
Active(anon):     377304 kB
Inactive(anon):   365700 kB
Active(file):     302580 kB
Inactive(file):   321100 kB
Unevictable:        3816 kB
Mlocked:               0 kB
HighTotal:       1217536 kB
HighFree:          34756 kB
LowTotal:         528004 kB
LowFree:           34940 kB
SwapTotal:       1310716 kB
SwapFree:        1009304 kB
Dirty:                 0 kB
Writeback:             0 kB
AnonPages:        730656 kB
Mapped:           322592 kB
Shmem:               104 kB
Slab:              56116 kB
SReclaimable:      16132 kB
SUnreclaim:        39984 kB
KernelStack:       15128 kB
PageTables:        53540 kB
NFS_Unstable:          0 kB
Bounce:                0 kB
WritebackTmp:          0 kB
CommitLimit:     2183484 kB
Committed_AS:   125897480 kB
VmallocTotal:     311296 kB
VmallocUsed:       41296 kB
VmallocChunk:     145420 kB
Time pass: 21 sec

---2015-12-10 12:23:27
MemTotal:        1745540 kB
MemFree:           57864 kB
Buffers:           10860 kB
Cached:           614788 kB
SwapCached:        33040 kB
Active:           681936 kB
Inactive:         688348 kB
Active(anon):     373784 kB
Inactive(anon):   375080 kB
Active(file):     308152 kB
Inactive(file):   313268 kB
Unevictable:        3816 kB
Mlocked:               0 kB
HighTotal:       1217536 kB
HighFree:          27344 kB
LowTotal:         528004 kB
LowFree:           30520 kB
SwapTotal:       1310716 kB
SwapFree:        1011836 kB
Dirty:                 0 kB
Writeback:             0 kB
AnonPages:        736344 kB
Mapped:           324444 kB
Shmem:               104 kB
Slab:              56108 kB
SReclaimable:      16132 kB
SUnreclaim:        39976 kB
KernelStack:       15256 kB
PageTables:        53344 kB
NFS_Unstable:          0 kB
Bounce:                0 kB
WritebackTmp:          0 kB
CommitLimit:     2183484 kB
Committed_AS:   125664248 kB
VmallocTotal:     311296 kB
VmallocUsed:       39436 kB
VmallocChunk:     145420 kB
Time pass: 25 sec

---2015-12-10 12:23:27
MemTotal:        1745540 kB
MemFree:           49192 kB
Buffers:           10004 kB
Cached:           507364 kB
SwapCached:        34776 kB
Active:           636716 kB
Inactive:         636360 kB
Active(anon):     380216 kB
Inactive(anon):   379588 kB
Active(file):     256500 kB
Inactive(file):   256772 kB
Unevictable:        3816 kB
Mlocked:               0 kB
HighTotal:       1217536 kB
HighFree:          25108 kB
LowTotal:         528004 kB
LowFree:           24084 kB
SwapTotal:       1310716 kB
SwapFree:         975616 kB
Dirty:              1868 kB
Writeback:             0 kB
AnonPages:        746652 kB
Mapped:           345440 kB
Shmem:               236 kB
Slab:              56740 kB
SReclaimable:      16164 kB
SUnreclaim:        40576 kB
KernelStack:       15680 kB
PageTables:        54016 kB
NFS_Unstable:          0 kB
Bounce:                0 kB
WritebackTmp:          0 kB
CommitLimit:     2183484 kB
Committed_AS:   125733156 kB
VmallocTotal:     311296 kB
VmallocUsed:       38804 kB
VmallocChunk:     145420 kB
Time pass: 29 sec

---2015-12-10 12:23:27
MemTotal:        1745540 kB
MemFree:           64164 kB
Buffers:            9604 kB
Cached:           480272 kB
SwapCached:        35188 kB
Active:           607468 kB
Inactive:         617000 kB
Active(anon):     364568 kB
Inactive(anon):   374076 kB
Active(file):     242900 kB
Inactive(file):   242924 kB
Unevictable:        3816 kB
Mlocked:               0 kB
HighTotal:       1217536 kB
HighFree:          33268 kB
LowTotal:         528004 kB
LowFree:           30896 kB
SwapTotal:       1310716 kB
SwapFree:         974576 kB
Dirty:               716 kB
Writeback:             0 kB
AnonPages:        725032 kB
Mapped:           362568 kB
Shmem:               236 kB
Slab:              56744 kB
SReclaimable:      16156 kB
SUnreclaim:        40588 kB
KernelStack:       15568 kB
PageTables:        54188 kB
NFS_Unstable:          0 kB
Bounce:                0 kB
WritebackTmp:          0 kB
CommitLimit:     2183484 kB
Committed_AS:   125734692 kB
VmallocTotal:     311296 kB
VmallocUsed:       38764 kB
VmallocChunk:     145420 kB
Time pass: 33 sec

---2015-12-10 12:23:27
MemTotal:        1745540 kB
MemFree:           64356 kB
Buffers:            9620 kB
Cached:           480588 kB
SwapCached:        35188 kB
Active:           607004 kB
Inactive:         617292 kB
Active(anon):     364100 kB
Inactive(anon):   374048 kB
Active(file):     242904 kB
Inactive(file):   243244 kB
Unevictable:        3816 kB
Mlocked:               0 kB
HighTotal:       1217536 kB
HighFree:          33460 kB
LowTotal:         528004 kB
LowFree:           30896 kB
SwapTotal:       1310716 kB
SwapFree:         974588 kB
Dirty:               104 kB
Writeback:             0 kB
AnonPages:        724568 kB
Mapped:           362652 kB
Shmem:               236 kB
Slab:              56744 kB
SReclaimable:      16156 kB
SUnreclaim:        40588 kB
KernelStack:       15568 kB
PageTables:        54188 kB
NFS_Unstable:          0 kB
Bounce:                0 kB
WritebackTmp:          0 kB
CommitLimit:     2183484 kB
Committed_AS:   125734892 kB
VmallocTotal:     311296 kB
VmallocUsed:       38764 kB
VmallocChunk:     145420 kB
Time pass: 36 sec

---2015-12-10 12:23:27
MemTotal:        1745540 kB
MemFree:           63624 kB
Buffers:            9620 kB
Cached:           480980 kB
SwapCached:        35212 kB
Active:           607228 kB
Inactive:         617780 kB
Active(anon):     364324 kB
Inactive(anon):   374136 kB
Active(file):     242904 kB
Inactive(file):   243644 kB
Unevictable:        3816 kB
Mlocked:               0 kB
HighTotal:       1217536 kB
HighFree:          32792 kB
LowTotal:         528004 kB
LowFree:           30832 kB
SwapTotal:       1310716 kB
SwapFree:         974652 kB
Dirty:                 4 kB
Writeback:             0 kB
AnonPages:        724912 kB
Mapped:           362676 kB
Shmem:               236 kB
Slab:              56816 kB
SReclaimable:      16156 kB
SUnreclaim:        40660 kB
KernelStack:       15568 kB
PageTables:        54188 kB
NFS_Unstable:          0 kB
Bounce:                0 kB
WritebackTmp:          0 kB
CommitLimit:     2183484 kB
Committed_AS:   125734972 kB
VmallocTotal:     311296 kB
VmallocUsed:       38764 kB
VmallocChunk:     145420 kB
Time pass: 40 sec

---2015-12-10 12:23:27
MemTotal:        1745540 kB
MemFree:           47804 kB
Buffers:            9844 kB
Cached:           460376 kB
SwapCached:        36268 kB
Active:           603544 kB
Inactive:         604460 kB
Active(anon):     370748 kB
Inactive(anon):   371088 kB
Active(file):     232796 kB
Inactive(file):   233372 kB
Unevictable:        3816 kB
Mlocked:               0 kB
HighTotal:       1217536 kB
HighFree:          22416 kB
LowTotal:         528004 kB
LowFree:           25388 kB
SwapTotal:       1310716 kB
SwapFree:         963192 kB
Dirty:                68 kB
Writeback:             0 kB
AnonPages:        728092 kB
Mapped:           368052 kB
Shmem:               236 kB
Slab:              56872 kB
SReclaimable:      16172 kB
SUnreclaim:        40700 kB
KernelStack:       15640 kB
PageTables:        54388 kB
NFS_Unstable:          0 kB
Bounce:                0 kB
WritebackTmp:          0 kB
CommitLimit:     2183484 kB
Committed_AS:   125746944 kB
VmallocTotal:     311296 kB
VmallocUsed:       38968 kB
VmallocChunk:     145420 kB
Time pass: 43 sec

---2015-12-10 12:23:27
MemTotal:        1745540 kB
MemFree:           45132 kB
Buffers:            9844 kB
Cached:           449292 kB
SwapCached:        37232 kB
Active:           600168 kB
Inactive:         600640 kB
Active(anon):     372628 kB
Inactive(anon):   373068 kB
Active(file):     227540 kB
Inactive(file):   227572 kB
Unevictable:        3816 kB
Mlocked:               0 kB
HighTotal:       1217536 kB
HighFree:          20312 kB
LowTotal:         528004 kB
LowFree:           24820 kB
SwapTotal:       1310716 kB
SwapFree:         958924 kB
Dirty:                12 kB
Writeback:             0 kB
AnonPages:        732000 kB
Mapped:           373484 kB
Shmem:               236 kB
Slab:              56884 kB
SReclaimable:      16172 kB
SUnreclaim:        40712 kB
KernelStack:       15624 kB
PageTables:        54408 kB
NFS_Unstable:          0 kB
Bounce:                0 kB
WritebackTmp:          0 kB
CommitLimit:     2183484 kB
Committed_AS:   125773876 kB
VmallocTotal:     311296 kB
VmallocUsed:       39212 kB
VmallocChunk:     145420 kB
Time pass: 47 sec

---2015-12-10 12:23:27
MemTotal:        1745540 kB
MemFree:           52396 kB
Buffers:            9864 kB
Cached:           445736 kB
SwapCached:        37360 kB
Active:           600652 kB
Inactive:         601528 kB
Active(anon):     375044 kB
Inactive(anon):   375592 kB
Active(file):     225608 kB
Inactive(file):   225936 kB
Unevictable:        3816 kB
Mlocked:               0 kB
HighTotal:       1217536 kB
HighFree:          22872 kB
LowTotal:         528004 kB
LowFree:           29524 kB
SwapTotal:       1310716 kB
SwapFree:         955828 kB
Dirty:               216 kB
Writeback:             0 kB
AnonPages:        736456 kB
Mapped:           371600 kB
Shmem:               240 kB
Slab:              57028 kB
SReclaimable:      16148 kB
SUnreclaim:        40880 kB
KernelStack:       15744 kB
PageTables:        54368 kB
NFS_Unstable:          0 kB
Bounce:                0 kB
WritebackTmp:          0 kB
CommitLimit:     2183484 kB
Committed_AS:   125776692 kB
VmallocTotal:     311296 kB
VmallocUsed:       39172 kB
VmallocChunk:     145420 kB
Time pass: 50 sec

---2015-12-10 12:23:27
MemTotal:        1745540 kB
MemFree:           71988 kB
Buffers:            7420 kB
Cached:           416148 kB
SwapCached:        37424 kB
Active:           560236 kB
Inactive:         561616 kB
Active(anon):     347196 kB
Inactive(anon):   355268 kB
Active(file):     213040 kB
Inactive(file):   206348 kB
Unevictable:        3816 kB
Mlocked:               0 kB
HighTotal:       1217536 kB
HighFree:          43636 kB
LowTotal:         528004 kB
LowFree:           28352 kB
SwapTotal:       1310716 kB
SwapFree:         903476 kB
Dirty:              1352 kB
Writeback:             0 kB
AnonPages:        687348 kB
Mapped:           410680 kB
Shmem:               240 kB
Slab:              57724 kB
SReclaimable:      16180 kB
SUnreclaim:        41544 kB
KernelStack:       15688 kB
PageTables:        54484 kB
NFS_Unstable:          0 kB
Bounce:                0 kB
WritebackTmp:          0 kB
CommitLimit:     2183484 kB
Committed_AS:   125766652 kB
VmallocTotal:     311296 kB
VmallocUsed:       39276 kB
VmallocChunk:     145420 kB
Time pass: 54 sec

---2015-12-10 12:23:27
MemTotal:        1745540 kB
MemFree:           71588 kB
Buffers:            7428 kB
Cached:           416324 kB
SwapCached:        37428 kB
Active:           561140 kB
Inactive:         561708 kB
Active(anon):     347984 kB
Inactive(anon):   355172 kB
Active(file):     213156 kB
Inactive(file):   206536 kB
Unevictable:        3816 kB
Mlocked:               0 kB
HighTotal:       1217536 kB
HighFree:          42500 kB
LowTotal:         528004 kB
LowFree:           29088 kB
SwapTotal:       1310716 kB
SwapFree:         903488 kB
Dirty:               244 kB
Writeback:             0 kB
AnonPages:        688268 kB
Mapped:           411068 kB
Shmem:               240 kB
Slab:              57820 kB
SReclaimable:      16180 kB
SUnreclaim:        41640 kB
KernelStack:       15664 kB
PageTables:        54476 kB
NFS_Unstable:          0 kB
Bounce:                0 kB
WritebackTmp:          0 kB
CommitLimit:     2183484 kB
Committed_AS:   125766732 kB
VmallocTotal:     311296 kB
VmallocUsed:       39208 kB
VmallocChunk:     145420 kB
Time pass: 57 sec

---2015-12-10 12:23:27
MemTotal:        1745540 kB
MemFree:           69072 kB
Buffers:            5724 kB
Cached:           417900 kB
SwapCached:        37428 kB
Active:           561168 kB
Inactive:         562376 kB
Active(anon):     348740 kB
Inactive(anon):   355172 kB
Active(file):     212428 kB
Inactive(file):   207204 kB
Unevictable:        3816 kB
Mlocked:               0 kB
HighTotal:       1217536 kB
HighFree:          38972 kB
LowTotal:         528004 kB
LowFree:           30100 kB
SwapTotal:       1310716 kB
SwapFree:         903492 kB
Dirty:                 4 kB
Writeback:             0 kB
AnonPages:        689152 kB
Mapped:           411780 kB
Shmem:               240 kB
Slab:              57736 kB
SReclaimable:      16164 kB
SUnreclaim:        41572 kB
KernelStack:       15696 kB
PageTables:        54496 kB
NFS_Unstable:          0 kB
Bounce:                0 kB
WritebackTmp:          0 kB
CommitLimit:     2183484 kB
Committed_AS:   125766812 kB
VmallocTotal:     311296 kB
VmallocUsed:       39344 kB
VmallocChunk:     145420 kB
Time pass: 61 sec

---2015-12-10 12:23:27
MemTotal:        1745540 kB
MemFree:           75676 kB
Buffers:            5728 kB
Cached:           407180 kB
SwapCached:        37844 kB
Active:           550596 kB
Inactive:         549620 kB
Active(anon):     345492 kB
Inactive(anon):   345876 kB
Active(file):     205104 kB
Inactive(file):   203744 kB
Unevictable:        3816 kB
Mlocked:               0 kB
HighTotal:       1217536 kB
HighFree:          48120 kB
LowTotal:         528004 kB
LowFree:           27556 kB
SwapTotal:       1310716 kB
SwapFree:         889672 kB
Dirty:               268 kB
Writeback:             0 kB
AnonPages:        676012 kB
Mapped:           420976 kB
Shmem:               240 kB
Slab:              57860 kB
SReclaimable:      16164 kB
SUnreclaim:        41696 kB
KernelStack:       15664 kB
PageTables:        54520 kB
NFS_Unstable:          0 kB
Bounce:                0 kB
WritebackTmp:          0 kB
CommitLimit:     2183484 kB
Committed_AS:   125775364 kB
VmallocTotal:     311296 kB
VmallocUsed:       39248 kB
VmallocChunk:     145420 kB
Time pass: 65 sec

---2015-12-10 12:23:27
MemTotal:        1745540 kB
MemFree:           75092 kB
Buffers:            5728 kB
Cached:           406848 kB
SwapCached:        37848 kB
Active:           550368 kB
Inactive:         549360 kB
Active(anon):     345336 kB
Inactive(anon):   345872 kB
Active(file):     205032 kB
Inactive(file):   203488 kB
Unevictable:        3816 kB
Mlocked:               0 kB
HighTotal:       1217536 kB
HighFree:          47224 kB
LowTotal:         528004 kB
LowFree:           27868 kB
SwapTotal:       1310716 kB
SwapFree:         889676 kB
Dirty:                 0 kB
Writeback:             0 kB
AnonPages:        676032 kB
Mapped:           421276 kB
Shmem:               240 kB
Slab:              57788 kB
SReclaimable:      16156 kB
SUnreclaim:        41632 kB
KernelStack:       15696 kB
PageTables:        54524 kB
NFS_Unstable:          0 kB
Bounce:                0 kB
WritebackTmp:          0 kB
CommitLimit:     2183484 kB
Committed_AS:   125775440 kB
VmallocTotal:     311296 kB
VmallocUsed:       39316 kB
VmallocChunk:     145420 kB
Time pass: 68 sec

---2015-12-10 12:23:27
MemTotal:        1745540 kB
MemFree:           82432 kB
Buffers:            5584 kB
Cached:           392740 kB
SwapCached:        38472 kB
Active:           537816 kB
Inactive:         535784 kB
Active(anon):     340168 kB
Inactive(anon):   339164 kB
Active(file):     197648 kB
Inactive(file):   196620 kB
Unevictable:        3816 kB
Mlocked:               0 kB
HighTotal:       1217536 kB
HighFree:          54936 kB
LowTotal:         528004 kB
LowFree:           27496 kB
SwapTotal:       1310716 kB
SwapFree:         866464 kB
Dirty:               584 kB
Writeback:             0 kB
AnonPages:        663376 kB
Mapped:           428420 kB
Shmem:               240 kB
Slab:              58252 kB
SReclaimable:      16180 kB
SUnreclaim:        42072 kB
KernelStack:       15752 kB
PageTables:        54540 kB
NFS_Unstable:          0 kB
Bounce:                0 kB
WritebackTmp:          0 kB
CommitLimit:     2183484 kB
Committed_AS:   125779688 kB
VmallocTotal:     311296 kB
VmallocUsed:       39400 kB
VmallocChunk:     145420 kB
Time pass: 72 sec

---2015-12-10 12:23:27
MemTotal:        1745540 kB
MemFree:           62704 kB
Buffers:            5604 kB
Cached:           400628 kB
SwapCached:        38540 kB
Active:           549328 kB
Inactive:         543692 kB
Active(anon):     351636 kB
Inactive(anon):   339208 kB
Active(file):     197692 kB
Inactive(file):   204484 kB
Unevictable:        3816 kB
Mlocked:               0 kB
HighTotal:       1217536 kB
HighFree:          36052 kB
LowTotal:         528004 kB
LowFree:           26652 kB
SwapTotal:       1310716 kB
SwapFree:         866564 kB
Dirty:               320 kB
Writeback:             0 kB
AnonPages:        674992 kB
Mapped:           431588 kB
Shmem:               240 kB
Slab:              58132 kB
SReclaimable:      16188 kB
SUnreclaim:        41944 kB
KernelStack:       15872 kB
PageTables:        54648 kB
NFS_Unstable:          0 kB
Bounce:                0 kB
WritebackTmp:          0 kB
CommitLimit:     2183484 kB
Committed_AS:   125799628 kB
VmallocTotal:     311296 kB
VmallocUsed:       39536 kB
VmallocChunk:     145420 kB
Time pass: 75 sec

---2015-12-10 12:23:27
MemTotal:        1745540 kB
MemFree:           62276 kB
Buffers:            5568 kB
Cached:           361160 kB
SwapCached:        39568 kB
Active:           524616 kB
Inactive:         522008 kB
Active(anon):     343356 kB
Inactive(anon):   340760 kB
Active(file):     181260 kB
Inactive(file):   181248 kB
Unevictable:        3816 kB
Mlocked:               0 kB
HighTotal:       1217536 kB
HighFree:          41096 kB
LowTotal:         528004 kB
LowFree:           21180 kB
SwapTotal:       1310716 kB
SwapFree:         845516 kB
Dirty:                56 kB
Writeback:             0 kB
AnonPages:        667376 kB
Mapped:           406432 kB
Shmem:               400 kB
Slab:              58452 kB
SReclaimable:      16204 kB
SUnreclaim:        42248 kB
KernelStack:       16120 kB
PageTables:        54872 kB
NFS_Unstable:          0 kB
Bounce:                0 kB
WritebackTmp:          0 kB
CommitLimit:     2183484 kB
Committed_AS:   125844000 kB
VmallocTotal:     311296 kB
VmallocUsed:       39536 kB
VmallocChunk:     145420 kB
Time pass: 79 sec

---2015-12-10 12:23:27
MemTotal:        1745540 kB
MemFree:           82340 kB
Buffers:            4864 kB
Cached:           331340 kB
SwapCached:        40776 kB
Active:           493684 kB
Inactive:         493908 kB
Active(anon):     327764 kB
Inactive(anon):   327888 kB
Active(file):     165920 kB
Inactive(file):   166020 kB
Unevictable:        3816 kB
Mlocked:               0 kB
HighTotal:       1217536 kB
HighFree:          54896 kB
LowTotal:         528004 kB
LowFree:           27444 kB
SwapTotal:       1310716 kB
SwapFree:         813140 kB
Dirty:                64 kB
Writeback:             0 kB
AnonPages:        637856 kB
Mapped:           387868 kB
Shmem:               448 kB
Slab:              58944 kB
SReclaimable:      16204 kB
SUnreclaim:        42740 kB
KernelStack:       16016 kB
PageTables:        55024 kB
NFS_Unstable:          0 kB
Bounce:                0 kB
WritebackTmp:          0 kB
CommitLimit:     2183484 kB
Committed_AS:   125846128 kB
VmallocTotal:     311296 kB
VmallocUsed:       39468 kB
VmallocChunk:     145420 kB
Time pass: 83 sec

---2015-12-10 12:23:27
MemTotal:        1745540 kB
MemFree:           78536 kB
Buffers:            4872 kB
Cached:           331716 kB
SwapCached:        40776 kB
Active:           497524 kB
Inactive:         494260 kB
Active(anon):     331604 kB
Inactive(anon):   328012 kB
Active(file):     165920 kB
Inactive(file):   166248 kB
Unevictable:        3816 kB
Mlocked:               0 kB
HighTotal:       1217536 kB
HighFree:          50904 kB
LowTotal:         528004 kB
LowFree:           27632 kB
SwapTotal:       1310716 kB
SwapFree:         813140 kB
Dirty:                28 kB
Writeback:             0 kB
AnonPages:        641480 kB
Mapped:           388152 kB
Shmem:               604 kB
Slab:              59040 kB
SReclaimable:      16204 kB
SUnreclaim:        42836 kB
KernelStack:       16016 kB
PageTables:        55032 kB
NFS_Unstable:          0 kB
Bounce:                0 kB
WritebackTmp:          0 kB
CommitLimit:     2183484 kB
Committed_AS:   125850416 kB
VmallocTotal:     311296 kB
VmallocUsed:       39468 kB
VmallocChunk:     145420 kB
Time pass: 86 sec

---2015-12-10 12:23:27
MemTotal:        1745540 kB
MemFree:           79368 kB
Buffers:            4888 kB
Cached:           329972 kB
SwapCached:        40948 kB
Active:           494460 kB
Inactive:         494276 kB
Active(anon):     329236 kB
Inactive(anon):   329048 kB
Active(file):     165224 kB
Inactive(file):   165228 kB
Unevictable:        3816 kB
Mlocked:               0 kB
HighTotal:       1217536 kB
HighFree:          51832 kB
LowTotal:         528004 kB
LowFree:           27536 kB
SwapTotal:       1310716 kB
SwapFree:         810696 kB
Dirty:                44 kB
Writeback:             0 kB
AnonPages:        640404 kB
Mapped:           388156 kB
Shmem:               604 kB
Slab:              58800 kB
SReclaimable:      16204 kB
SUnreclaim:        42596 kB
KernelStack:       16008 kB
PageTables:        55040 kB
NFS_Unstable:          0 kB
Bounce:                0 kB
WritebackTmp:          0 kB
CommitLimit:     2183484 kB
Committed_AS:   125853060 kB
VmallocTotal:     311296 kB
VmallocUsed:       39536 kB
VmallocChunk:     145420 kB
Time pass: 90 sec

---2015-12-10 12:23:27
MemTotal:        1745540 kB
MemFree:           79692 kB
Buffers:            4896 kB
Cached:           330028 kB
SwapCached:        40944 kB
Active:           494744 kB
Inactive:         494324 kB
Active(anon):     329520 kB
Inactive(anon):   329096 kB
Active(file):     165224 kB
Inactive(file):   165228 kB
Unevictable:        3816 kB
Mlocked:               0 kB
HighTotal:       1217536 kB
HighFree:          51844 kB
LowTotal:         528004 kB
LowFree:           27848 kB
SwapTotal:       1310716 kB
SwapFree:         810704 kB
Dirty:                 0 kB
Writeback:             0 kB
AnonPages:        640636 kB
Mapped:           388208 kB
Shmem:               656 kB
Slab:              58832 kB
SReclaimable:      16204 kB
SUnreclaim:        42628 kB
KernelStack:       16056 kB
PageTables:        55032 kB
NFS_Unstable:          0 kB
Bounce:                0 kB
WritebackTmp:          0 kB
CommitLimit:     2183484 kB
Committed_AS:   125850712 kB
VmallocTotal:     311296 kB
VmallocUsed:       39536 kB
VmallocChunk:     145420 kB
Time pass: 94 sec

---2015-12-10 12:23:27
MemTotal:        1745540 kB
MemFree:           80088 kB
Buffers:            4912 kB
Cached:           330036 kB
SwapCached:        40940 kB
Active:           496448 kB
Inactive:         494328 kB
Active(anon):     331224 kB
Inactive(anon):   329076 kB
Active(file):     165224 kB
Inactive(file):   165252 kB
Unevictable:        3816 kB
Mlocked:               0 kB
HighTotal:       1217536 kB
HighFree:          50992 kB
LowTotal:         528004 kB
LowFree:           29096 kB
SwapTotal:       1310716 kB
SwapFree:         810720 kB
Dirty:                48 kB
Writeback:             0 kB
AnonPages:        642244 kB
Mapped:           388148 kB
Shmem:               656 kB
Slab:              58960 kB
SReclaimable:      16204 kB
SUnreclaim:        42756 kB
KernelStack:       16008 kB
PageTables:        55040 kB
NFS_Unstable:          0 kB
Bounce:                0 kB
WritebackTmp:          0 kB
CommitLimit:     2183484 kB
Committed_AS:   125853816 kB
VmallocTotal:     311296 kB
VmallocUsed:       39468 kB
VmallocChunk:     145420 kB
Time pass: 97 sec

---2015-12-10 12:23:27
MemTotal:        1745540 kB
MemFree:           79632 kB
Buffers:            4912 kB
Cached:           330060 kB
SwapCached:        40960 kB
Active:           496408 kB
Inactive:         494380 kB
Active(anon):     331184 kB
Inactive(anon):   329104 kB
Active(file):     165224 kB
Inactive(file):   165276 kB
Unevictable:        3816 kB
Mlocked:               0 kB
HighTotal:       1217536 kB
HighFree:          50656 kB
LowTotal:         528004 kB
LowFree:           28976 kB
SwapTotal:       1310716 kB
SwapFree:         810740 kB
Dirty:                 0 kB
Writeback:             0 kB
AnonPages:        642260 kB
Mapped:           388148 kB
Shmem:               656 kB
Slab:              58892 kB
SReclaimable:      16204 kB
SUnreclaim:        42688 kB
KernelStack:       16080 kB
PageTables:        55040 kB
NFS_Unstable:          0 kB
Bounce:                0 kB
WritebackTmp:          0 kB
CommitLimit:     2183484 kB
Committed_AS:   125853896 kB
VmallocTotal:     311296 kB
VmallocUsed:       39468 kB
VmallocChunk:     145420 kB
Time pass: 101 sec

---2015-12-10 12:23:27
MemTotal:        1745540 kB
MemFree:           59796 kB
Buffers:            4936 kB
Cached:           344028 kB
SwapCached:        41008 kB
Active:           497376 kB
Inactive:         511012 kB
Active(anon):     332052 kB
Inactive(anon):   332076 kB
Active(file):     165324 kB
Inactive(file):   178936 kB
Unevictable:        3816 kB
Mlocked:               0 kB
HighTotal:       1217536 kB
HighFree:          32352 kB
LowTotal:         528004 kB
LowFree:           27444 kB
SwapTotal:       1310716 kB
SwapFree:         808600 kB
Dirty:                40 kB
Writeback:             0 kB
AnonPages:        645936 kB
Mapped:           388420 kB
Shmem:               684 kB
Slab:              59020 kB
SReclaimable:      16204 kB
SUnreclaim:        42816 kB
KernelStack:       16056 kB
PageTables:        55228 kB
NFS_Unstable:          0 kB
Bounce:                0 kB
WritebackTmp:          0 kB
CommitLimit:     2183484 kB
Committed_AS:   127295260 kB
VmallocTotal:     311296 kB
VmallocUsed:       40556 kB
VmallocChunk:     145420 kB
Time pass: 105 sec

---2015-12-10 12:23:27
MemTotal:        1745540 kB
MemFree:          305624 kB
Buffers:            4996 kB
Cached:           374792 kB
SwapCached:        44900 kB
Active:           423788 kB
Inactive:         507296 kB
Active(anon):     248224 kB
Inactive(anon):   306992 kB
Active(file):     175564 kB
Inactive(file):   200304 kB
Unevictable:        3816 kB
Mlocked:               0 kB
HighTotal:       1217536 kB
HighFree:         206316 kB
LowTotal:         528004 kB
LowFree:           99308 kB
SwapTotal:       1310716 kB
SwapFree:         792892 kB
Dirty:                72 kB
Writeback:             0 kB
AnonPages:        535940 kB
Mapped:           218140 kB
Shmem:               104 kB
Slab:              60380 kB
SReclaimable:      16196 kB
SUnreclaim:        44184 kB
KernelStack:       15352 kB
PageTables:        53404 kB
NFS_Unstable:          0 kB
Bounce:                0 kB
WritebackTmp:          0 kB
CommitLimit:     2183484 kB
Committed_AS:   126159192 kB
VmallocTotal:     311296 kB
VmallocUsed:       34428 kB
VmallocChunk:     145420 kB
Time pass: 108 sec

---2015-12-10 12:23:27
MemTotal:        1745540 kB
MemFree:          296960 kB
Buffers:            5056 kB
Cached:           380248 kB
SwapCached:        44952 kB
Active:           428204 kB
Inactive:         512836 kB
Active(anon):     252400 kB
Inactive(anon):   307256 kB
Active(file):     175804 kB
Inactive(file):   205580 kB
Unevictable:        3816 kB
Mlocked:               0 kB
HighTotal:       1217536 kB
HighFree:         196668 kB
LowTotal:         528004 kB
LowFree:          100292 kB
SwapTotal:       1310716 kB
SwapFree:         793116 kB
Dirty:               336 kB
Writeback:             0 kB
AnonPages:        540360 kB
Mapped:           218868 kB
Shmem:               104 kB
Slab:              60316 kB
SReclaimable:      16192 kB
SUnreclaim:        44124 kB
KernelStack:       15136 kB
PageTables:        53416 kB
NFS_Unstable:          0 kB
Bounce:                0 kB
WritebackTmp:          0 kB
CommitLimit:     2183484 kB
Committed_AS:   126160856 kB
VmallocTotal:     311296 kB
VmallocUsed:       34360 kB
VmallocChunk:     145420 kB
Time pass: 112 sec

---2015-12-10 12:23:27
MemTotal:        1745540 kB
MemFree:          301352 kB
Buffers:            5056 kB
Cached:           380656 kB
SwapCached:        45396 kB
Active:           425876 kB
Inactive:         510560 kB
Active(anon):     249968 kB
Inactive(anon):   304676 kB
Active(file):     175908 kB
Inactive(file):   205884 kB
Unevictable:        3816 kB
Mlocked:               0 kB
HighTotal:       1217536 kB
HighFree:         200756 kB
LowTotal:         528004 kB
LowFree:          100596 kB
SwapTotal:       1310716 kB
SwapFree:         794560 kB
Dirty:                 0 kB
Writeback:             0 kB
AnonPages:        535344 kB
Mapped:           217316 kB
Shmem:               104 kB
Slab:              60280 kB
SReclaimable:      16192 kB
SUnreclaim:        44088 kB
KernelStack:       15136 kB
PageTables:        53528 kB
NFS_Unstable:          0 kB
Bounce:                0 kB
WritebackTmp:          0 kB
CommitLimit:     2183484 kB
Committed_AS:   126163672 kB
VmallocTotal:     311296 kB
VmallocUsed:       34360 kB
VmallocChunk:     145420 kB
Time pass: 115 sec

---2015-12-10 12:23:27
MemTotal:        1745540 kB
MemFree:          301356 kB
Buffers:            5064 kB
Cached:           380656 kB
SwapCached:        45396 kB
Active:           425996 kB
Inactive:         510560 kB
Active(anon):     250088 kB
Inactive(anon):   304676 kB
Active(file):     175908 kB
Inactive(file):   205884 kB
Unevictable:        3816 kB
Mlocked:               0 kB
HighTotal:       1217536 kB
HighFree:         200760 kB
LowTotal:         528004 kB
LowFree:          100596 kB
SwapTotal:       1310716 kB
SwapFree:         794564 kB
Dirty:                36 kB
Writeback:             0 kB
AnonPages:        535468 kB
Mapped:           217316 kB
Shmem:               104 kB
Slab:              60280 kB
SReclaimable:      16192 kB
SUnreclaim:        44088 kB
KernelStack:       15136 kB
PageTables:        53532 kB
NFS_Unstable:          0 kB
Bounce:                0 kB
WritebackTmp:          0 kB
CommitLimit:     2183484 kB
Committed_AS:   126163752 kB
VmallocTotal:     311296 kB
VmallocUsed:       34360 kB
VmallocChunk:     145420 kB
Time pass: 119 sec

---2015-12-10 12:23:27
MemTotal:        1745540 kB
MemFree:          300276 kB
Buffers:            5088 kB
Cached:           381136 kB
SwapCached:        45408 kB
Active:           426452 kB
Inactive:         511116 kB
Active(anon):     250544 kB
Inactive(anon):   304740 kB
Active(file):     175908 kB
Inactive(file):   206376 kB
Unevictable:        3816 kB
Mlocked:               0 kB
HighTotal:       1217536 kB
HighFree:         199292 kB
LowTotal:         528004 kB
LowFree:          100984 kB
SwapTotal:       1310716 kB
SwapFree:         794616 kB
Dirty:                 0 kB
Writeback:             0 kB
AnonPages:        535972 kB
Mapped:           217380 kB
Shmem:               104 kB
Slab:              60280 kB
SReclaimable:      16192 kB
SUnreclaim:        44088 kB
KernelStack:       15136 kB
PageTables:        53532 kB
NFS_Unstable:          0 kB
Bounce:                0 kB
WritebackTmp:          0 kB
CommitLimit:     2183484 kB
Committed_AS:   126163832 kB
VmallocTotal:     311296 kB
VmallocUsed:       34360 kB
VmallocChunk:     145420 kB
Time pass: 123 sec

---2015-12-10 12:23:27
MemTotal:        1745540 kB
MemFree:          300000 kB
Buffers:            5088 kB
Cached:           381220 kB
SwapCached:        45408 kB
Active:           426636 kB
Inactive:         511164 kB
Active(anon):     250704 kB
Inactive(anon):   304740 kB
Active(file):     175932 kB
Inactive(file):   206424 kB
Unevictable:        3816 kB
Mlocked:               0 kB
HighTotal:       1217536 kB
HighFree:         199016 kB
LowTotal:         528004 kB
LowFree:          100984 kB
SwapTotal:       1310716 kB
SwapFree:         794620 kB
Dirty:                 0 kB
Writeback:             0 kB
AnonPages:        536144 kB
Mapped:           217380 kB
Shmem:               104 kB
Slab:              60280 kB
SReclaimable:      16192 kB
SUnreclaim:        44088 kB
KernelStack:       15136 kB
PageTables:        53532 kB
NFS_Unstable:          0 kB
Bounce:                0 kB
WritebackTmp:          0 kB
CommitLimit:     2183484 kB
Committed_AS:   126164032 kB
VmallocTotal:     311296 kB
VmallocUsed:       34360 kB
VmallocChunk:     145420 kB
Time pass: 126 sec

---2015-12-10 12:23:27
MemTotal:        1745540 kB
MemFree:          299780 kB
Buffers:            5088 kB
Cached:           381220 kB
SwapCached:        45428 kB
Active:           426812 kB
Inactive:         511260 kB
Active(anon):     250880 kB
Inactive(anon):   304804 kB
Active(file):     175932 kB
Inactive(file):   206456 kB
Unevictable:        3816 kB
Mlocked:               0 kB
HighTotal:       1217536 kB
HighFree:         198756 kB
LowTotal:         528004 kB
LowFree:          101024 kB
SwapTotal:       1310716 kB
SwapFree:         794732 kB
Dirty:                 0 kB
Writeback:             0 kB
AnonPages:        536384 kB
Mapped:           217376 kB
Shmem:               104 kB
Slab:              60248 kB
SReclaimable:      16192 kB
SUnreclaim:        44056 kB
KernelStack:       15128 kB
PageTables:        53532 kB
NFS_Unstable:          0 kB
Bounce:                0 kB
WritebackTmp:          0 kB
CommitLimit:     2183484 kB
Committed_AS:   126164072 kB
VmallocTotal:     311296 kB
VmallocUsed:       34360 kB
VmallocChunk:     145420 kB
Time pass: 130 sec

---2015-12-10 12:23:27
MemTotal:        1745540 kB
MemFree:          299660 kB
Buffers:            5088 kB
Cached:           381220 kB
SwapCached:        45428 kB
Active:           426992 kB
Inactive:         511268 kB
Active(anon):     251060 kB
Inactive(anon):   304812 kB
Active(file):     175932 kB
Inactive(file):   206456 kB
Unevictable:        3816 kB
Mlocked:               0 kB
HighTotal:       1217536 kB
HighFree:         198636 kB
LowTotal:         528004 kB
LowFree:          101024 kB
SwapTotal:       1310716 kB
SwapFree:         794736 kB
Dirty:                 0 kB
Writeback:             0 kB
AnonPages:        536520 kB
Mapped:           217376 kB
Shmem:               104 kB
Slab:              60244 kB
SReclaimable:      16192 kB
SUnreclaim:        44052 kB
KernelStack:       15128 kB
PageTables:        53532 kB
NFS_Unstable:          0 kB
Bounce:                0 kB
WritebackTmp:          0 kB
CommitLimit:     2183484 kB
Committed_AS:   126164264 kB
VmallocTotal:     311296 kB
VmallocUsed:       34360 kB
VmallocChunk:     145420 kB
Time pass: 133 sec

---2015-12-10 12:23:27
MemTotal:        1745540 kB
MemFree:          243636 kB
Buffers:            5912 kB
Cached:           399520 kB
SwapCached:        45812 kB
Active:           446076 kB
Inactive:         521232 kB
Active(anon):     266164 kB
Inactive(anon):   299820 kB
Active(file):     179912 kB
Inactive(file):   221412 kB
Unevictable:        3816 kB
Mlocked:               0 kB
HighTotal:       1217536 kB
HighFree:         163980 kB
LowTotal:         528004 kB
LowFree:           79656 kB
SwapTotal:       1310716 kB
SwapFree:         797992 kB
Dirty:               736 kB
Writeback:             0 kB
AnonPages:        546664 kB
Mapped:           230772 kB
Shmem:                96 kB
Slab:              60608 kB
SReclaimable:      16192 kB
SUnreclaim:        44416 kB
KernelStack:       15264 kB
PageTables:        53756 kB
NFS_Unstable:          0 kB
Bounce:                0 kB
WritebackTmp:          0 kB
CommitLimit:     2183484 kB
Committed_AS:   125959696 kB
VmallocTotal:     311296 kB
VmallocUsed:       33712 kB
VmallocChunk:     145420 kB
Time pass: 137 sec

---2015-12-10 12:23:27
MemTotal:        1745540 kB
MemFree:          164896 kB
Buffers:            5960 kB
Cached:           403988 kB
SwapCached:        45928 kB
Active:           482448 kB
Inactive:         523868 kB
Active(anon):     300028 kB
Inactive(anon):   300396 kB
Active(file):     182420 kB
Inactive(file):   223472 kB
Unevictable:        3816 kB
Mlocked:               0 kB
HighTotal:       1217536 kB
HighFree:          85624 kB
LowTotal:         528004 kB
LowFree:           79272 kB
SwapTotal:       1310716 kB
SwapFree:         798256 kB
Dirty:              1952 kB
Writeback:             0 kB
AnonPages:        580892 kB
Mapped:           285252 kB
Shmem:               240 kB
Slab:              60296 kB
SReclaimable:      16200 kB
SUnreclaim:        44096 kB
KernelStack:       15656 kB
PageTables:        54152 kB
NFS_Unstable:          0 kB
Bounce:                0 kB
WritebackTmp:          0 kB
CommitLimit:     2183484 kB
Committed_AS:   126012608 kB
VmallocTotal:     311296 kB
VmallocUsed:       33872 kB
VmallocChunk:     145420 kB
Time pass: 140 sec

---2015-12-10 12:23:27
MemTotal:        1745540 kB
MemFree:           97076 kB
Buffers:            5960 kB
Cached:           405816 kB
SwapCached:        45704 kB
Active:           488324 kB
Inactive:         524036 kB
Active(anon):     304356 kB
Inactive(anon):   300284 kB
Active(file):     183968 kB
Inactive(file):   223752 kB
Unevictable:        3816 kB
Mlocked:               0 kB
HighTotal:       1217536 kB
HighFree:          58912 kB
LowTotal:         528004 kB
LowFree:           38164 kB
SwapTotal:       1310716 kB
SwapFree:         805564 kB
Dirty:              1232 kB
Writeback:             0 kB
AnonPages:        585172 kB
Mapped:           339280 kB
Shmem:               240 kB
Slab:              60268 kB
SReclaimable:      16184 kB
SUnreclaim:        44084 kB
KernelStack:       15648 kB
PageTables:        54228 kB
NFS_Unstable:          0 kB
Bounce:                0 kB
WritebackTmp:          0 kB
CommitLimit:     2183484 kB
Committed_AS:   126006160 kB
VmallocTotal:     311296 kB
VmallocUsed:       34096 kB
VmallocChunk:     145420 kB
Time pass: 144 sec

---2015-12-10 12:23:27
MemTotal:        1745540 kB
MemFree:           97336 kB
Buffers:            5984 kB
Cached:           406852 kB
SwapCached:        45704 kB
Active:           490600 kB
Inactive:         521848 kB
Active(anon):     306520 kB
Inactive(anon):   297148 kB
Active(file):     184080 kB
Inactive(file):   224700 kB
Unevictable:        3816 kB
Mlocked:               0 kB
HighTotal:       1217536 kB
HighFree:          57468 kB
LowTotal:         528004 kB
LowFree:           39868 kB
SwapTotal:       1310716 kB
SwapFree:         805564 kB
Dirty:               100 kB
Writeback:             0 kB
AnonPages:        584072 kB
Mapped:           339480 kB
Shmem:               240 kB
Slab:              60228 kB
SReclaimable:      16184 kB
SUnreclaim:        44044 kB
KernelStack:       15592 kB
PageTables:        54144 kB
NFS_Unstable:          0 kB
Bounce:                0 kB
WritebackTmp:          0 kB
CommitLimit:     2183484 kB
Committed_AS:   126264692 kB
VmallocTotal:     311296 kB
VmallocUsed:       34028 kB
VmallocChunk:     145420 kB
Time pass: 147 sec

---2015-12-10 12:23:27
MemTotal:        1745540 kB
MemFree:           90392 kB
Buffers:            5992 kB
Cached:           401436 kB
SwapCached:        45708 kB
Active:           480924 kB
Inactive:         526296 kB
Active(anon):     296536 kB
Inactive(anon):   307316 kB
Active(file):     184388 kB
Inactive(file):   218980 kB
Unevictable:        3816 kB
Mlocked:               0 kB
HighTotal:       1217536 kB
HighFree:          59948 kB
LowTotal:         528004 kB
LowFree:           30444 kB
SwapTotal:       1310716 kB
SwapFree:         803256 kB
Dirty:               400 kB
Writeback:             0 kB
AnonPages:        584236 kB
Mapped:           345388 kB
Shmem:               240 kB
Slab:              60080 kB
SReclaimable:      16168 kB
SUnreclaim:        43912 kB
KernelStack:       15592 kB
PageTables:        54204 kB
NFS_Unstable:          0 kB
Bounce:                0 kB
WritebackTmp:          0 kB
CommitLimit:     2183484 kB
Committed_AS:   126269156 kB
VmallocTotal:     311296 kB
VmallocUsed:       34068 kB
VmallocChunk:     145420 kB
Time pass: 151 sec

---2015-12-10 12:23:27
MemTotal:        1745540 kB
MemFree:           85944 kB
Buffers:            5952 kB
Cached:           388852 kB
SwapCached:        45860 kB
Active:           480072 kB
Inactive:         516344 kB
Active(anon):     295160 kB
Inactive(anon):   310488 kB
Active(file):     184912 kB
Inactive(file):   205856 kB
Unevictable:        3816 kB
Mlocked:               0 kB
HighTotal:       1217536 kB
HighFree:          56476 kB
LowTotal:         528004 kB
LowFree:           29468 kB
SwapTotal:       1310716 kB
SwapFree:         799628 kB
Dirty:               472 kB
Writeback:             0 kB
AnonPages:        586180 kB
Mapped:           349684 kB
Shmem:               240 kB
Slab:              60080 kB
SReclaimable:      16168 kB
SUnreclaim:        43912 kB
KernelStack:       15664 kB
PageTables:        54208 kB
NFS_Unstable:          0 kB
Bounce:                0 kB
WritebackTmp:          0 kB
CommitLimit:     2183484 kB
Committed_AS:   126277480 kB
VmallocTotal:     311296 kB
VmallocUsed:       34356 kB
VmallocChunk:     145420 kB
Time pass: 155 sec

---2015-12-10 12:23:27
MemTotal:        1745540 kB
MemFree:           88580 kB
Buffers:            5952 kB
Cached:           387576 kB
SwapCached:        46060 kB
Active:           482184 kB
Inactive:         514528 kB
Active(anon):     297212 kB
Inactive(anon):   310028 kB
Active(file):     184972 kB
Inactive(file):   204500 kB
Unevictable:        3816 kB
Mlocked:               0 kB
HighTotal:       1217536 kB
HighFree:          57336 kB
LowTotal:         528004 kB
LowFree:           31244 kB
SwapTotal:       1310716 kB
SwapFree:         799104 kB
Dirty:               528 kB
Writeback:             0 kB
AnonPages:        587376 kB
Mapped:           349964 kB
Shmem:               240 kB
Slab:              60260 kB
SReclaimable:      16168 kB
SUnreclaim:        44092 kB
KernelStack:       15536 kB
PageTables:        54272 kB
NFS_Unstable:          0 kB
Bounce:                0 kB
WritebackTmp:          0 kB
CommitLimit:     2183484 kB
Committed_AS:   126277348 kB
VmallocTotal:     311296 kB
VmallocUsed:       34152 kB
VmallocChunk:     145420 kB
Time pass: 158 sec

---2015-12-10 12:23:27
MemTotal:        1745540 kB
MemFree:           89396 kB
Buffers:            5960 kB
Cached:           389072 kB
SwapCached:        45964 kB
Active:           480888 kB
Inactive:         515840 kB
Active(anon):     295856 kB
Inactive(anon):   309896 kB
Active(file):     185032 kB
Inactive(file):   205944 kB
Unevictable:        3816 kB
Mlocked:               0 kB
HighTotal:       1217536 kB
HighFree:          57304 kB
LowTotal:         528004 kB
LowFree:           32092 kB
SwapTotal:       1310716 kB
SwapFree:         802688 kB
Dirty:                52 kB
Writeback:             0 kB
AnonPages:        585872 kB
Mapped:           349908 kB
Shmem:               240 kB
Slab:              60272 kB
SReclaimable:      16184 kB
SUnreclaim:        44088 kB
KernelStack:       15424 kB
PageTables:        53728 kB
NFS_Unstable:          0 kB
Bounce:                0 kB
WritebackTmp:          0 kB
CommitLimit:     2183484 kB
Committed_AS:   124767948 kB
VmallocTotal:     311296 kB
VmallocUsed:       34152 kB
VmallocChunk:     145420 kB
Time pass: 162 sec

---2015-12-10 12:23:27
MemTotal:        1745540 kB
MemFree:           82936 kB
Buffers:            5968 kB
Cached:           390312 kB
SwapCached:        45964 kB
Active:           484580 kB
Inactive:         516988 kB
Active(anon):     299548 kB
Inactive(anon):   309860 kB
Active(file):     185032 kB
Inactive(file):   207128 kB
Unevictable:        3816 kB
Mlocked:               0 kB
HighTotal:       1217536 kB
HighFree:          51528 kB
LowTotal:         528004 kB
LowFree:           31408 kB
SwapTotal:       1310716 kB
SwapFree:         802696 kB
Dirty:                36 kB
Writeback:             0 kB
AnonPages:        589560 kB
Mapped:           351712 kB
Shmem:               240 kB
Slab:              60272 kB
SReclaimable:      16184 kB
SUnreclaim:        44088 kB
KernelStack:       15560 kB
PageTables:        53728 kB
NFS_Unstable:          0 kB
Bounce:                0 kB
WritebackTmp:          0 kB
CommitLimit:     2183484 kB
Committed_AS:   124771300 kB
VmallocTotal:     311296 kB
VmallocUsed:       34288 kB
VmallocChunk:     145420 kB
Time pass: 165 sec

---2015-12-10 12:23:27
MemTotal:        1745540 kB
MemFree:           65284 kB
Buffers:            5992 kB
Cached:           391764 kB
SwapCached:        45952 kB
Active:           501584 kB
Inactive:         517412 kB
Active(anon):     315560 kB
Inactive(anon):   310088 kB
Active(file):     186024 kB
Inactive(file):   207324 kB
Unevictable:        3816 kB
Mlocked:               0 kB
HighTotal:       1217536 kB
HighFree:          34992 kB
LowTotal:         528004 kB
LowFree:           30292 kB
SwapTotal:       1310716 kB
SwapFree:         802768 kB
Dirty:                72 kB
Writeback:             0 kB
AnonPages:        605948 kB
Mapped:           352924 kB
Shmem:               428 kB
Slab:              59812 kB
SReclaimable:      16184 kB
SUnreclaim:        43628 kB
KernelStack:       15744 kB
PageTables:        53968 kB
NFS_Unstable:          0 kB
Bounce:                0 kB
WritebackTmp:          0 kB
CommitLimit:     2183484 kB
Committed_AS:   124824832 kB
VmallocTotal:     311296 kB
VmallocUsed:       34356 kB
VmallocChunk:     145420 kB
Time pass: 169 sec

---2015-12-10 12:23:27
MemTotal:        1745540 kB
MemFree:           51772 kB
Buffers:            7320 kB
Cached:           384980 kB
SwapCached:        46548 kB
Active:           512700 kB
Inactive:         517220 kB
Active(anon):     324592 kB
Inactive(anon):   317356 kB
Active(file):     188108 kB
Inactive(file):   199864 kB
Unevictable:        3816 kB
Mlocked:               0 kB
HighTotal:       1217536 kB
HighFree:          20716 kB
LowTotal:         528004 kB
LowFree:           31056 kB
SwapTotal:       1310716 kB
SwapFree:         795396 kB
Dirty:                 0 kB
Writeback:             0 kB
AnonPages:        621704 kB
Mapped:           344480 kB
Shmem:               532 kB
Slab:              60132 kB
SReclaimable:      16200 kB
SUnreclaim:        43932 kB
KernelStack:       16112 kB
PageTables:        54644 kB
NFS_Unstable:          0 kB
Bounce:                0 kB
WritebackTmp:          0 kB
CommitLimit:     2183484 kB
Committed_AS:   126370616 kB
VmallocTotal:     311296 kB
VmallocUsed:       34356 kB
VmallocChunk:     145420 kB
Time pass: 173 sec

---2015-12-10 12:23:27
MemTotal:        1745540 kB
MemFree:           49016 kB
Buffers:            7320 kB
Cached:           384584 kB
SwapCached:        46532 kB
Active:           514140 kB
Inactive:         517772 kB
Active(anon):     326748 kB
Inactive(anon):   317664 kB
Active(file):     187392 kB
Inactive(file):   200108 kB
Unevictable:        3816 kB
Mlocked:               0 kB
HighTotal:       1217536 kB
HighFree:          18536 kB
LowTotal:         528004 kB
LowFree:           30480 kB
SwapTotal:       1310716 kB
SwapFree:         795472 kB
Dirty:                 4 kB
Writeback:             0 kB
AnonPages:        623992 kB
Mapped:           344104 kB
Shmem:               544 kB
Slab:              60100 kB
SReclaimable:      16200 kB
SUnreclaim:        43900 kB
KernelStack:       16088 kB
PageTables:        54696 kB
NFS_Unstable:          0 kB
Bounce:                0 kB
WritebackTmp:          0 kB
CommitLimit:     2183484 kB
Committed_AS:   126372948 kB
VmallocTotal:     311296 kB
VmallocUsed:       34288 kB
VmallocChunk:     145420 kB
Time pass: 177 sec

---2015-12-10 12:23:27
MemTotal:        1745540 kB
MemFree:           53572 kB
Buffers:            7336 kB
Cached:           383616 kB
SwapCached:        46528 kB
Active:           510712 kB
Inactive:         518512 kB
Active(anon):     324852 kB
Inactive(anon):   317872 kB
Active(file):     185860 kB
Inactive(file):   200640 kB
Unevictable:        3816 kB
Mlocked:               0 kB
HighTotal:       1217536 kB
HighFree:          21660 kB
LowTotal:         528004 kB
LowFree:           31912 kB
SwapTotal:       1310716 kB
SwapFree:         795548 kB
Dirty:                72 kB
Writeback:             0 kB
AnonPages:        622088 kB
Mapped:           343224 kB
Shmem:               680 kB
Slab:              60080 kB
SReclaimable:      16200 kB
SUnreclaim:        43880 kB
KernelStack:       16120 kB
PageTables:        54704 kB
NFS_Unstable:          0 kB
Bounce:                0 kB
WritebackTmp:          0 kB
CommitLimit:     2183484 kB
Committed_AS:   126375092 kB
VmallocTotal:     311296 kB
VmallocUsed:       34356 kB
VmallocChunk:     145420 kB
Time pass: 180 sec

---2015-12-10 12:23:27
MemTotal:        1745540 kB
MemFree:           50284 kB
Buffers:            7328 kB
Cached:           382320 kB
SwapCached:        46756 kB
Active:           511232 kB
Inactive:         519492 kB
Active(anon):     327052 kB
Inactive(anon):   318520 kB
Active(file):     184180 kB
Inactive(file):   200972 kB
Unevictable:        3816 kB
Mlocked:               0 kB
HighTotal:       1217536 kB
HighFree:          18580 kB
LowTotal:         528004 kB
LowFree:           31704 kB
SwapTotal:       1310716 kB
SwapFree:         795708 kB
Dirty:                28 kB
Writeback:             0 kB
AnonPages:        625004 kB
Mapped:           341652 kB
Shmem:               680 kB
Slab:              60120 kB
SReclaimable:      16200 kB
SUnreclaim:        43920 kB
KernelStack:       16096 kB
PageTables:        54712 kB
NFS_Unstable:          0 kB
Bounce:                0 kB
WritebackTmp:          0 kB
CommitLimit:     2183484 kB
Committed_AS:   126380404 kB
VmallocTotal:     311296 kB
VmallocUsed:       34356 kB
VmallocChunk:     145420 kB
Time pass: 184 sec

---2015-12-10 12:23:27
MemTotal:        1745540 kB
MemFree:           58720 kB
Buffers:            7344 kB
Cached:           386588 kB
SwapCached:        46920 kB
Active:           501792 kB
Inactive:         521780 kB
Active(anon):     315196 kB
Inactive(anon):   318948 kB
Active(file):     186596 kB
Inactive(file):   202832 kB
Unevictable:        3816 kB
Mlocked:               0 kB
HighTotal:       1217536 kB
HighFree:          27292 kB
LowTotal:         528004 kB
LowFree:           31428 kB
SwapTotal:       1310716 kB
SwapFree:         796036 kB
Dirty:                52 kB
Writeback:             0 kB
AnonPages:        613672 kB
Mapped:           335176 kB
Shmem:               688 kB
Slab:              60112 kB
SReclaimable:      16200 kB
SUnreclaim:        43912 kB
KernelStack:       15808 kB
PageTables:        54092 kB
NFS_Unstable:          0 kB
Bounce:                0 kB
WritebackTmp:          0 kB
CommitLimit:     2183484 kB
Committed_AS:   124841896 kB
VmallocTotal:     311296 kB
VmallocUsed:       34288 kB
VmallocChunk:     145420 kB
Time pass: 187 sec

---2015-12-10 12:23:27
MemTotal:        1745540 kB
MemFree:           52552 kB
Buffers:            7372 kB
Cached:           379228 kB
SwapCached:        46924 kB
Active:           511980 kB
Inactive:         517684 kB
Active(anon):     325068 kB
Inactive(anon):   322500 kB
Active(file):     186912 kB
Inactive(file):   195184 kB
Unevictable:        3816 kB
Mlocked:               0 kB
HighTotal:       1217536 kB
HighFree:          23644 kB
LowTotal:         528004 kB
LowFree:           28908 kB
SwapTotal:       1310716 kB
SwapFree:         794184 kB
Dirty:                 4 kB
Writeback:             0 kB
AnonPages:        627140 kB
Mapped:           336808 kB
Shmem:               688 kB
Slab:              60100 kB
SReclaimable:      16200 kB
SUnreclaim:        43900 kB
KernelStack:       16144 kB
PageTables:        54712 kB
NFS_Unstable:          0 kB
Bounce:                0 kB
WritebackTmp:          0 kB
CommitLimit:     2183484 kB
Committed_AS:   126379820 kB
VmallocTotal:     311296 kB
VmallocUsed:       34356 kB
VmallocChunk:     145420 kB
Time pass: 191 sec

---2015-12-10 12:23:27
MemTotal:        1745540 kB
MemFree:           51820 kB
Buffers:            7372 kB
Cached:           379228 kB
SwapCached:        46924 kB
Active:           512804 kB
Inactive:         517696 kB
Active(anon):     325892 kB
Inactive(anon):   322512 kB
Active(file):     186912 kB
Inactive(file):   195184 kB
Unevictable:        3816 kB
Mlocked:               0 kB
HighTotal:       1217536 kB
HighFree:          22276 kB
LowTotal:         528004 kB
LowFree:           29544 kB
SwapTotal:       1310716 kB
SwapFree:         794196 kB
Dirty:                 8 kB
Writeback:             0 kB
AnonPages:        627876 kB
Mapped:           336720 kB
Shmem:               688 kB
Slab:              60088 kB
SReclaimable:      16200 kB
SUnreclaim:        43888 kB
KernelStack:       16096 kB
PageTables:        54716 kB
NFS_Unstable:          0 kB
Bounce:                0 kB
WritebackTmp:          0 kB
CommitLimit:     2183484 kB
Committed_AS:   126379924 kB
VmallocTotal:     311296 kB
VmallocUsed:       34288 kB
VmallocChunk:     145420 kB
Time pass: 195 sec

---2015-12-10 12:23:27
MemTotal:        1745540 kB
MemFree:           53476 kB
Buffers:            7280 kB
Cached:           378004 kB
SwapCached:        46920 kB
Active:           510356 kB
Inactive:         518292 kB
Active(anon):     323500 kB
Inactive(anon):   324368 kB
Active(file):     186856 kB
Inactive(file):   193924 kB
Unevictable:        3816 kB
Mlocked:               0 kB
HighTotal:       1217536 kB
HighFree:          23796 kB
LowTotal:         528004 kB
LowFree:           29680 kB
SwapTotal:       1310716 kB
SwapFree:         794040 kB
Dirty:                64 kB
Writeback:             0 kB
AnonPages:        627336 kB
Mapped:           336240 kB
Shmem:               688 kB
Slab:              60056 kB
SReclaimable:      16200 kB
SUnreclaim:        43856 kB
KernelStack:       16088 kB
PageTables:        54716 kB
NFS_Unstable:          0 kB
Bounce:                0 kB
WritebackTmp:          0 kB
CommitLimit:     2183484 kB
Committed_AS:   126380092 kB
VmallocTotal:     311296 kB
VmallocUsed:       34288 kB
VmallocChunk:     145420 kB
Time pass: 198 sec

---2015-12-10 12:23:27
MemTotal:        1745540 kB
MemFree:           56400 kB
Buffers:            6908 kB
Cached:           376840 kB
SwapCached:        46924 kB
Active:           509604 kB
Inactive:         517476 kB
Active(anon):     323180 kB
Inactive(anon):   324708 kB
Active(file):     186424 kB
Inactive(file):   192768 kB
Unevictable:        3816 kB
Mlocked:               0 kB
HighTotal:       1217536 kB
HighFree:          24956 kB
LowTotal:         528004 kB
LowFree:           31444 kB
SwapTotal:       1310716 kB
SwapFree:         793916 kB
Dirty:                32 kB
Writeback:             4 kB
AnonPages:        627352 kB
Mapped:           335304 kB
Shmem:               700 kB
Slab:              60076 kB
SReclaimable:      16200 kB
SUnreclaim:        43876 kB
KernelStack:       16072 kB
PageTables:        54720 kB
NFS_Unstable:          0 kB
Bounce:                0 kB
WritebackTmp:          0 kB
CommitLimit:     2183484 kB
Committed_AS:   126380124 kB
VmallocTotal:     311296 kB
VmallocUsed:       34288 kB
VmallocChunk:     145420 kB
Time pass: 202 sec

---2015-12-10 12:23:27
MemTotal:        1745540 kB
MemFree:           67324 kB
Buffers:            6924 kB
Cached:           376788 kB
SwapCached:        46920 kB
Active:           505508 kB
Inactive:         510620 kB
Active(anon):     312328 kB
Inactive(anon):   324612 kB
Active(file):     193180 kB
Inactive(file):   186008 kB
Unevictable:        3816 kB
Mlocked:               0 kB
HighTotal:       1217536 kB
HighFree:          32696 kB
LowTotal:         528004 kB
LowFree:           34628 kB
SwapTotal:       1310716 kB
SwapFree:         794004 kB
Dirty:                36 kB
Writeback:             0 kB
AnonPages:        616356 kB
Mapped:           328444 kB
Shmem:               704 kB
Slab:              60164 kB
SReclaimable:      16200 kB
SUnreclaim:        43964 kB
KernelStack:       15792 kB
PageTables:        54104 kB
NFS_Unstable:          0 kB
Bounce:                0 kB
WritebackTmp:          0 kB
CommitLimit:     2183484 kB
Committed_AS:   124844568 kB
VmallocTotal:     311296 kB
VmallocUsed:       34288 kB
VmallocChunk:     145420 kB
Time pass: 206 sec

---2015-12-10 12:23:27
MemTotal:        1745540 kB
MemFree:           55524 kB
Buffers:            6936 kB
Cached:           376792 kB
SwapCached:        46912 kB
Active:           516180 kB
Inactive:         510640 kB
Active(anon):     323008 kB
Inactive(anon):   324612 kB
Active(file):     193172 kB
Inactive(file):   186028 kB
Unevictable:        3816 kB
Mlocked:               0 kB
HighTotal:       1217536 kB
HighFree:          21772 kB
LowTotal:         528004 kB
LowFree:           33752 kB
SwapTotal:       1310716 kB
SwapFree:         794056 kB
Dirty:                16 kB
Writeback:             0 kB
AnonPages:        627496 kB
Mapped:           334116 kB
Shmem:               704 kB
Slab:              59988 kB
SReclaimable:      16200 kB
SUnreclaim:        43788 kB
KernelStack:       16024 kB
PageTables:        54656 kB
NFS_Unstable:          0 kB
Bounce:                0 kB
WritebackTmp:          0 kB
CommitLimit:     2183484 kB
Committed_AS:   126378552 kB
VmallocTotal:     311296 kB
VmallocUsed:       34356 kB
VmallocChunk:     145420 kB
Time pass: 210 sec

---2015-12-10 12:23:27
MemTotal:        1745540 kB
MemFree:           54388 kB
Buffers:            6376 kB
Cached:           374952 kB
SwapCached:        46908 kB
Active:           515744 kB
Inactive:         513048 kB
Active(anon):     325204 kB
Inactive(anon):   326780 kB
Active(file):     190540 kB
Inactive(file):   186268 kB
Unevictable:        3816 kB
Mlocked:               0 kB
HighTotal:       1217536 kB
HighFree:          21184 kB
LowTotal:         528004 kB
LowFree:           33204 kB
SwapTotal:       1310716 kB
SwapFree:         793680 kB
Dirty:                 0 kB
Writeback:             0 kB
AnonPages:        631476 kB
Mapped:           333004 kB
Shmem:               704 kB
Slab:              60244 kB
SReclaimable:      16200 kB
SUnreclaim:        44044 kB
KernelStack:       16120 kB
PageTables:        54724 kB
NFS_Unstable:          0 kB
Bounce:                0 kB
WritebackTmp:          0 kB
CommitLimit:     2183484 kB
Committed_AS:   126382340 kB
VmallocTotal:     311296 kB
VmallocUsed:       34356 kB
VmallocChunk:     145420 kB
Time pass: 213 sec

---2015-12-10 12:23:27
MemTotal:        1745540 kB
MemFree:           56776 kB
Buffers:            6384 kB
Cached:           374960 kB
SwapCached:        46908 kB
Active:           512180 kB
Inactive:         513068 kB
Active(anon):     321640 kB
Inactive(anon):   326792 kB
Active(file):     190540 kB
Inactive(file):   186276 kB
Unevictable:        3816 kB
Mlocked:               0 kB
HighTotal:       1217536 kB
HighFree:          22948 kB
LowTotal:         528004 kB
LowFree:           33828 kB
SwapTotal:       1310716 kB
SwapFree:         793688 kB
Dirty:                52 kB
Writeback:             0 kB
AnonPages:        628084 kB
Mapped:           333012 kB
Shmem:               712 kB
Slab:              60232 kB
SReclaimable:      16200 kB
SUnreclaim:        44032 kB
KernelStack:       16088 kB
PageTables:        54724 kB
NFS_Unstable:          0 kB
Bounce:                0 kB
WritebackTmp:          0 kB
CommitLimit:     2183484 kB
Committed_AS:   126382348 kB
VmallocTotal:     311296 kB
VmallocUsed:       34356 kB
VmallocChunk:     145420 kB
Time pass: 217 sec

---2015-12-10 12:23:27
MemTotal:        1745540 kB
MemFree:           56444 kB
Buffers:            6400 kB
Cached:           374984 kB
SwapCached:        46904 kB
Active:           513172 kB
Inactive:         513124 kB
Active(anon):     322632 kB
Inactive(anon):   326832 kB
Active(file):     190540 kB
Inactive(file):   186292 kB
Unevictable:        3816 kB
Mlocked:               0 kB
HighTotal:       1217536 kB
HighFree:          21708 kB
LowTotal:         528004 kB
LowFree:           34736 kB
SwapTotal:       1310716 kB
SwapFree:         793724 kB
Dirty:                 0 kB
Writeback:             0 kB
AnonPages:        629020 kB
Mapped:           332976 kB
Shmem:               732 kB
Slab:              60352 kB
SReclaimable:      16200 kB
SUnreclaim:        44152 kB
KernelStack:       16088 kB
PageTables:        54728 kB
NFS_Unstable:          0 kB
Bounce:                0 kB
WritebackTmp:          0 kB
CommitLimit:     2183484 kB
Committed_AS:   126382420 kB
VmallocTotal:     311296 kB
VmallocUsed:       34288 kB
VmallocChunk:     145420 kB
Time pass: 220 sec

---2015-12-10 12:23:27
MemTotal:        1745540 kB
MemFree:           57160 kB
Buffers:            6408 kB
Cached:           374984 kB
SwapCached:        46904 kB
Active:           512324 kB
Inactive:         513152 kB
Active(anon):     321784 kB
Inactive(anon):   326852 kB
Active(file):     190540 kB
Inactive(file):   186300 kB
Unevictable:        3816 kB
Mlocked:               0 kB
HighTotal:       1217536 kB
HighFree:          22420 kB
LowTotal:         528004 kB
LowFree:           34740 kB
SwapTotal:       1310716 kB
SwapFree:         793724 kB
Dirty:                36 kB
Writeback:             0 kB
AnonPages:        628036 kB
Mapped:           332856 kB
Shmem:               736 kB
Slab:              60280 kB
SReclaimable:      16200 kB
SUnreclaim:        44080 kB
KernelStack:       16088 kB
PageTables:        54720 kB
NFS_Unstable:          0 kB
Bounce:                0 kB
WritebackTmp:          0 kB
CommitLimit:     2183484 kB
Committed_AS:   126382508 kB
VmallocTotal:     311296 kB
VmallocUsed:       34356 kB
VmallocChunk:     145420 kB
Time pass: 224 sec

---2015-12-10 12:23:27
MemTotal:        1745540 kB
MemFree:           68176 kB
Buffers:            6424 kB
Cached:           375012 kB
SwapCached:        46908 kB
Active:           502232 kB
Inactive:         513240 kB
Active(anon):     311684 kB
Inactive(anon):   326932 kB
Active(file):     190548 kB
Inactive(file):   186308 kB
Unevictable:        3816 kB
Mlocked:               0 kB
HighTotal:       1217536 kB
HighFree:          31388 kB
LowTotal:         528004 kB
LowFree:           36788 kB
SwapTotal:       1310716 kB
SwapFree:         793792 kB
Dirty:                52 kB
Writeback:             0 kB
AnonPages:        617908 kB
Mapped:           326372 kB
Shmem:               764 kB
Slab:              60172 kB
SReclaimable:      16200 kB
SUnreclaim:        43972 kB
KernelStack:       15808 kB
PageTables:        54108 kB
NFS_Unstable:          0 kB
Bounce:                0 kB
WritebackTmp:          0 kB
CommitLimit:     2183484 kB
Committed_AS:   124844964 kB
VmallocTotal:     311296 kB
VmallocUsed:       34356 kB
VmallocChunk:     145420 kB
Time pass: 228 sec

---2015-12-10 12:23:27
MemTotal:        1745540 kB
MemFree:           53708 kB
Buffers:            6432 kB
Cached:           375004 kB
SwapCached:        46948 kB
Active:           515912 kB
Inactive:         513296 kB
Active(anon):     325364 kB
Inactive(anon):   326988 kB
Active(file):     190548 kB
Inactive(file):   186308 kB
Unevictable:        3816 kB
Mlocked:               0 kB
HighTotal:       1217536 kB
HighFree:          19256 kB
LowTotal:         528004 kB
LowFree:           34452 kB
SwapTotal:       1310716 kB
SwapFree:         793888 kB
Dirty:               116 kB
Writeback:             0 kB
AnonPages:        631860 kB
Mapped:           333084 kB
Shmem:               764 kB
Slab:              60272 kB
SReclaimable:      16208 kB
SUnreclaim:        44064 kB
KernelStack:       16080 kB
PageTables:        54724 kB
NFS_Unstable:          0 kB
Bounce:                0 kB
WritebackTmp:          0 kB
CommitLimit:     2183484 kB
Committed_AS:   126380792 kB
VmallocTotal:     311296 kB
VmallocUsed:       34356 kB
VmallocChunk:     145420 kB
Time pass: 231 sec

---2015-12-10 12:23:27
MemTotal:        1745540 kB
MemFree:           52640 kB
Buffers:            6448 kB
Cached:           375012 kB
SwapCached:        46948 kB
Active:           515212 kB
Inactive:         513320 kB
Active(anon):     324664 kB
Inactive(anon):   326988 kB
Active(file):     190548 kB
Inactive(file):   186332 kB
Unevictable:        3816 kB
Mlocked:               0 kB
HighTotal:       1217536 kB
HighFree:          20196 kB
LowTotal:         528004 kB
LowFree:           32444 kB
SwapTotal:       1310716 kB
SwapFree:         793900 kB
Dirty:               100 kB
Writeback:             0 kB
AnonPages:        631004 kB
Mapped:           333088 kB
Shmem:               764 kB
Slab:              60304 kB
SReclaimable:      16208 kB
SUnreclaim:        44096 kB
KernelStack:       16080 kB
PageTables:        54724 kB
NFS_Unstable:          0 kB
Bounce:                0 kB
WritebackTmp:          0 kB
CommitLimit:     2183484 kB
Committed_AS:   126380940 kB
VmallocTotal:     311296 kB
VmallocUsed:       34356 kB
VmallocChunk:     145420 kB
Time pass: 235 sec

---2015-12-10 12:23:27
MemTotal:        1745540 kB
MemFree:           51080 kB
Buffers:            6448 kB
Cached:           375136 kB
SwapCached:        46944 kB
Active:           516652 kB
Inactive:         513408 kB
Active(anon):     326104 kB
Inactive(anon):   327076 kB
Active(file):     190548 kB
Inactive(file):   186332 kB
Unevictable:        3816 kB
Mlocked:               0 kB
HighTotal:       1217536 kB
HighFree:          18824 kB
LowTotal:         528004 kB
LowFree:           32256 kB
SwapTotal:       1310716 kB
SwapFree:         793908 kB
Dirty:                 0 kB
Writeback:             0 kB
AnonPages:        632372 kB
Mapped:           333152 kB
Shmem:               888 kB
Slab:              60212 kB
SReclaimable:      16208 kB
SUnreclaim:        44004 kB
KernelStack:       16080 kB
PageTables:        54728 kB
NFS_Unstable:          0 kB
Bounce:                0 kB
WritebackTmp:          0 kB
CommitLimit:     2183484 kB
Committed_AS:   126381084 kB
VmallocTotal:     311296 kB
VmallocUsed:       34288 kB
VmallocChunk:     145420 kB
Time pass: 239 sec

---2015-12-10 12:23:27
MemTotal:        1745540 kB
MemFree:           49804 kB
Buffers:            6480 kB
Cached:           375124 kB
SwapCached:        46948 kB
Active:           517820 kB
Inactive:         513504 kB
Active(anon):     327272 kB
Inactive(anon):   327140 kB
Active(file):     190548 kB
Inactive(file):   186364 kB
Unevictable:        3816 kB
Mlocked:               0 kB
HighTotal:       1217536 kB
HighFree:          18600 kB
LowTotal:         528004 kB
LowFree:           31204 kB
SwapTotal:       1310716 kB
SwapFree:         793944 kB
Dirty:                60 kB
Writeback:             0 kB
AnonPages:        633720 kB
Mapped:           333200 kB
Shmem:               876 kB
Slab:              60156 kB
SReclaimable:      16208 kB
SUnreclaim:        43948 kB
KernelStack:       16128 kB
PageTables:        54728 kB
NFS_Unstable:          0 kB
Bounce:                0 kB
WritebackTmp:          0 kB
CommitLimit:     2183484 kB
Committed_AS:   126381132 kB
VmallocTotal:     311296 kB
VmallocUsed:       34356 kB
VmallocChunk:     145420 kB
Time pass: 242 sec

---2015-12-10 12:23:27
MemTotal:        1745540 kB
MemFree:           54968 kB
Buffers:            6560 kB
Cached:           380700 kB
SwapCached:        47020 kB
Active:           507752 kB
Inactive:         519476 kB
Active(anon):     317176 kB
Inactive(anon):   327488 kB
Active(file):     190576 kB
Inactive(file):   191988 kB
Unevictable:        3816 kB
Mlocked:               0 kB
HighTotal:       1217536 kB
HighFree:          28080 kB
LowTotal:         528004 kB
LowFree:           26888 kB
SwapTotal:       1310716 kB
SwapFree:         794256 kB
Dirty:                 8 kB
Writeback:             0 kB
AnonPages:        623984 kB
Mapped:           326456 kB
Shmem:               880 kB
Slab:              60220 kB
SReclaimable:      16208 kB
SUnreclaim:        44012 kB
KernelStack:       15840 kB
PageTables:        54120 kB
NFS_Unstable:          0 kB
Bounce:                0 kB
WritebackTmp:          0 kB
CommitLimit:     2183484 kB
Committed_AS:   124845604 kB
VmallocTotal:     311296 kB
VmallocUsed:       34288 kB
VmallocChunk:     145420 kB
Time pass: 246 sec

---2015-12-10 12:23:27
MemTotal:        1745540 kB
MemFree:           45428 kB
Buffers:            6540 kB
Cached:           375652 kB
SwapCached:        47044 kB
Active:           516180 kB
Inactive:         520212 kB
Active(anon):     329444 kB
Inactive(anon):   329480 kB
Active(file):     186736 kB
Inactive(file):   190732 kB
Unevictable:        3816 kB
Mlocked:               0 kB
HighTotal:       1217536 kB
HighFree:          20348 kB
LowTotal:         528004 kB
LowFree:           25080 kB
SwapTotal:       1310716 kB
SwapFree:         792964 kB
Dirty:                80 kB
Writeback:             0 kB
AnonPages:        638276 kB
Mapped:           329588 kB
Shmem:               892 kB
Slab:              60152 kB
SReclaimable:      16208 kB
SUnreclaim:        43944 kB
KernelStack:       16152 kB
PageTables:        54728 kB
NFS_Unstable:          0 kB
Bounce:                0 kB
WritebackTmp:          0 kB
CommitLimit:     2183484 kB
Committed_AS:   126382516 kB
VmallocTotal:     311296 kB
VmallocUsed:       34356 kB
VmallocChunk:     145420 kB
Time pass: 250 sec

---2015-12-10 12:23:27
MemTotal:        1745540 kB
MemFree:           45524 kB
Buffers:            6484 kB
Cached:           374772 kB
SwapCached:        47048 kB
Active:           515212 kB
Inactive:         520852 kB
Active(anon):     329240 kB
Inactive(anon):   330276 kB
Active(file):     185972 kB
Inactive(file):   190576 kB
Unevictable:        3816 kB
Mlocked:               0 kB
HighTotal:       1217536 kB
HighFree:          20840 kB
LowTotal:         528004 kB
LowFree:           24684 kB
SwapTotal:       1310716 kB
SwapFree:         792820 kB
Dirty:                92 kB
Writeback:             0 kB
AnonPages:        638760 kB
Mapped:           329788 kB
Shmem:               892 kB
Slab:              60192 kB
SReclaimable:      16208 kB
SUnreclaim:        43984 kB
KernelStack:       16104 kB
PageTables:        54732 kB
NFS_Unstable:          0 kB
Bounce:                0 kB
WritebackTmp:          0 kB
CommitLimit:     2183484 kB
Committed_AS:   126382724 kB
VmallocTotal:     311296 kB
VmallocUsed:       34356 kB
VmallocChunk:     145420 kB
Time pass: 253 sec

---2015-12-10 12:23:27
MemTotal:        1745540 kB
MemFree:           47888 kB
Buffers:            6528 kB
Cached:           374240 kB
SwapCached:        47048 kB
Active:           515976 kB
Inactive:         520416 kB
Active(anon):     330104 kB
Inactive(anon):   330376 kB
Active(file):     185872 kB
Inactive(file):   190040 kB
Unevictable:        3816 kB
Mlocked:               0 kB
HighTotal:       1217536 kB
HighFree:          21040 kB
LowTotal:         528004 kB
LowFree:           26848 kB
SwapTotal:       1310716 kB
SwapFree:         792764 kB
Dirty:                60 kB
Writeback:             0 kB
AnonPages:        639644 kB
Mapped:           329628 kB
Shmem:               976 kB
Slab:              60104 kB
SReclaimable:      16208 kB
SUnreclaim:        43896 kB
KernelStack:       16120 kB
PageTables:        54732 kB
NFS_Unstable:          0 kB
Bounce:                0 kB
WritebackTmp:          0 kB
CommitLimit:     2183484 kB
Committed_AS:   126383184 kB
VmallocTotal:     311296 kB
VmallocUsed:       34288 kB
VmallocChunk:     145420 kB
Time pass: 257 sec

---2015-12-10 12:23:27
MemTotal:        1745540 kB
MemFree:           46628 kB
Buffers:            6520 kB
Cached:           372700 kB
SwapCached:        47060 kB
Active:           516148 kB
Inactive:         519436 kB
Active(anon):     330696 kB
Inactive(anon):   330460 kB
Active(file):     185452 kB
Inactive(file):   188976 kB
Unevictable:        3816 kB
Mlocked:               0 kB
HighTotal:       1217536 kB
HighFree:          19816 kB
LowTotal:         528004 kB
LowFree:           26812 kB
SwapTotal:       1310716 kB
SwapFree:         792256 kB
Dirty:                 0 kB
Writeback:             0 kB
AnonPages:        640352 kB
Mapped:           329188 kB
Shmem:               976 kB
Slab:              60196 kB
SReclaimable:      16208 kB
SUnreclaim:        43988 kB
KernelStack:       16160 kB
PageTables:        54732 kB
NFS_Unstable:          0 kB
Bounce:                0 kB
WritebackTmp:          0 kB
CommitLimit:     2183484 kB
Committed_AS:   126383316 kB
VmallocTotal:     311296 kB
VmallocUsed:       34356 kB
VmallocChunk:     145420 kB
Time pass: 261 sec

---2015-12-10 12:23:27
MemTotal:        1745540 kB
MemFree:           57144 kB
Buffers:            6520 kB
Cached:           372716 kB
SwapCached:        47060 kB
Active:           505668 kB
Inactive:         519404 kB
Active(anon):     320104 kB
Inactive(anon):   330524 kB
Active(file):     185564 kB
Inactive(file):   188880 kB
Unevictable:        3816 kB
Mlocked:               0 kB
HighTotal:       1217536 kB
HighFree:          28060 kB
LowTotal:         528004 kB
LowFree:           29084 kB
SwapTotal:       1310716 kB
SwapFree:         792320 kB
Dirty:                40 kB
Writeback:             0 kB
AnonPages:        629808 kB
Mapped:           322660 kB
Shmem:               976 kB
Slab:              60200 kB
SReclaimable:      16208 kB
SUnreclaim:        43992 kB
KernelStack:       15840 kB
PageTables:        54128 kB
NFS_Unstable:          0 kB
Bounce:                0 kB
WritebackTmp:          0 kB
CommitLimit:     2183484 kB
Committed_AS:   124846840 kB
VmallocTotal:     311296 kB
VmallocUsed:       34356 kB
VmallocChunk:     145420 kB
Time pass: 265 sec

---2015-12-10 12:23:27
MemTotal:        1745540 kB
MemFree:           44648 kB
Buffers:            6396 kB
Cached:           370300 kB
SwapCached:        47116 kB
Active:           517088 kB
Inactive:         519544 kB
Active(anon):     332800 kB
Inactive(anon):   332184 kB
Active(file):     184288 kB
Inactive(file):   187360 kB
Unevictable:        3816 kB
Mlocked:               0 kB
HighTotal:       1217536 kB
HighFree:          20572 kB
LowTotal:         528004 kB
LowFree:           24076 kB
SwapTotal:       1310716 kB
SwapFree:         791384 kB
Dirty:                72 kB
Writeback:             0 kB
AnonPages:        643792 kB
Mapped:           327216 kB
Shmem:               976 kB
Slab:              60088 kB
SReclaimable:      16208 kB
SUnreclaim:        43880 kB
KernelStack:       16120 kB
PageTables:        54720 kB
NFS_Unstable:          0 kB
Bounce:                0 kB
WritebackTmp:          0 kB
CommitLimit:     2183484 kB
Committed_AS:   126379996 kB
VmallocTotal:     311296 kB
VmallocUsed:       35376 kB
VmallocChunk:     145420 kB
Time pass: 269 sec

---2015-12-10 12:23:27
MemTotal:        1745540 kB
MemFree:           45220 kB
Buffers:            6204 kB
Cached:           371744 kB
SwapCached:        47180 kB
Active:           517140 kB
Inactive:         519832 kB
Active(anon):     332020 kB
Inactive(anon):   331796 kB
Active(file):     185120 kB
Inactive(file):   188036 kB
Unevictable:        3816 kB
Mlocked:               0 kB
HighTotal:       1217536 kB
HighFree:          20496 kB
LowTotal:         528004 kB
LowFree:           24724 kB
SwapTotal:       1310716 kB
SwapFree:         789788 kB
Dirty:                 0 kB
Writeback:             0 kB
AnonPages:        642840 kB
Mapped:           326636 kB
Shmem:               976 kB
Slab:              60184 kB
SReclaimable:      16208 kB
SUnreclaim:        43976 kB
KernelStack:       16144 kB
PageTables:        54756 kB
NFS_Unstable:          0 kB
Bounce:                0 kB
WritebackTmp:          0 kB
CommitLimit:     2183484 kB
Committed_AS:   126380124 kB
VmallocTotal:     311296 kB
VmallocUsed:       35308 kB
VmallocChunk:     145420 kB
Time pass: 272 sec

---2015-12-10 12:23:27
MemTotal:        1745540 kB
MemFree:           48708 kB
Buffers:            7740 kB
Cached:           371936 kB
SwapCached:        47188 kB
Active:           511532 kB
Inactive:         521568 kB
Active(anon):     326412 kB
Inactive(anon):   331804 kB
Active(file):     185120 kB
Inactive(file):   189764 kB
Unevictable:        3816 kB
Mlocked:               0 kB
HighTotal:       1217536 kB
HighFree:          24380 kB
LowTotal:         528004 kB
LowFree:           24328 kB
SwapTotal:       1310716 kB
SwapFree:         789804 kB
Dirty:                 4 kB
Writeback:             0 kB
AnonPages:        637292 kB
Mapped:           326760 kB
Shmem:               976 kB
Slab:              60212 kB
SReclaimable:      16208 kB
SUnreclaim:        44004 kB
KernelStack:       16144 kB
PageTables:        54760 kB
NFS_Unstable:          0 kB
Bounce:                0 kB
WritebackTmp:          0 kB
CommitLimit:     2183484 kB
Committed_AS:   126380316 kB
VmallocTotal:     311296 kB
VmallocUsed:       35308 kB
VmallocChunk:     145420 kB
Time pass: 276 sec

---2015-12-10 12:23:27
MemTotal:        1745540 kB
MemFree:           48104 kB
Buffers:            7868 kB
Cached:           372000 kB
SwapCached:        47196 kB
Active:           511404 kB
Inactive:         521700 kB
Active(anon):     326200 kB
Inactive(anon):   331828 kB
Active(file):     185204 kB
Inactive(file):   189872 kB
Unevictable:        3816 kB
Mlocked:               0 kB
HighTotal:       1217536 kB
HighFree:          24700 kB
LowTotal:         528004 kB
LowFree:           23404 kB
SwapTotal:       1310716 kB
SwapFree:         789804 kB
Dirty:                76 kB
Writeback:             0 kB
AnonPages:        636980 kB
Mapped:           326820 kB
Shmem:               976 kB
Slab:              60212 kB
SReclaimable:      16208 kB
SUnreclaim:        44004 kB
KernelStack:       16192 kB
PageTables:        54756 kB
NFS_Unstable:          0 kB
Bounce:                0 kB
WritebackTmp:          0 kB
CommitLimit:     2183484 kB
Committed_AS:   126380484 kB
VmallocTotal:     311296 kB
VmallocUsed:       35376 kB
VmallocChunk:     145420 kB
Time pass: 279 sec

---2015-12-10 12:23:27
MemTotal:        1745540 kB
MemFree:           59856 kB
Buffers:            7868 kB
Cached:           372000 kB
SwapCached:        47196 kB
Active:           500948 kB
Inactive:         521372 kB
Active(anon):     315420 kB
Inactive(anon):   331824 kB
Active(file):     185528 kB
Inactive(file):   189548 kB
Unevictable:        3816 kB
Mlocked:               0 kB
HighTotal:       1217536 kB
HighFree:          33172 kB
LowTotal:         528004 kB
LowFree:           26684 kB
SwapTotal:       1310716 kB
SwapFree:         789832 kB
Dirty:                 4 kB
Writeback:             0 kB
AnonPages:        626092 kB
Mapped:           319984 kB
Shmem:               976 kB
Slab:              60312 kB
SReclaimable:      16208 kB
SUnreclaim:        44104 kB
KernelStack:       15816 kB
PageTables:        54124 kB
NFS_Unstable:          0 kB
Bounce:                0 kB
WritebackTmp:          0 kB
CommitLimit:     2183484 kB
Committed_AS:   124843712 kB
VmallocTotal:     311296 kB
VmallocUsed:       34288 kB
VmallocChunk:     145420 kB
Time pass: 283 sec

---2015-12-10 12:23:27
MemTotal:        1745540 kB
MemFree:           52792 kB
Buffers:            7936 kB
Cached:           372136 kB
SwapCached:        47228 kB
Active:           508112 kB
Inactive:         521612 kB
Active(anon):     322584 kB
Inactive(anon):   331852 kB
Active(file):     185528 kB
Inactive(file):   189760 kB
Unevictable:        3816 kB
Mlocked:               0 kB
HighTotal:       1217536 kB
HighFree:          26400 kB
LowTotal:         528004 kB
LowFree:           26392 kB
SwapTotal:       1310716 kB
SwapFree:         789872 kB
Dirty:                52 kB
Writeback:             0 kB
AnonPages:        633544 kB
Mapped:           325284 kB
Shmem:               976 kB
Slab:              59976 kB
SReclaimable:      16208 kB
SUnreclaim:        43768 kB
KernelStack:       15864 kB
PageTables:        54644 kB
NFS_Unstable:          0 kB
Bounce:                0 kB
WritebackTmp:          0 kB
CommitLimit:     2183484 kB
Committed_AS:   126375220 kB
VmallocTotal:     311296 kB
VmallocUsed:       34356 kB
VmallocChunk:     145420 kB
Time pass: 287 sec

---2015-12-10 12:23:27
MemTotal:        1745540 kB
MemFree:           45020 kB
Buffers:            7944 kB
Cached:           372200 kB
SwapCached:        47236 kB
Active:           514916 kB
Inactive:         521676 kB
Active(anon):     329380 kB
Inactive(anon):   331860 kB
Active(file):     185536 kB
Inactive(file):   189816 kB
Unevictable:        3816 kB
Mlocked:               0 kB
HighTotal:       1217536 kB
HighFree:          18816 kB
LowTotal:         528004 kB
LowFree:           26204 kB
SwapTotal:       1310716 kB
SwapFree:         790052 kB
Dirty:                88 kB
Writeback:             0 kB
AnonPages:        639948 kB
Mapped:           326792 kB
Shmem:               976 kB
Slab:              60208 kB
SReclaimable:      16208 kB
SUnreclaim:        44000 kB
KernelStack:       16136 kB
PageTables:        54744 kB
NFS_Unstable:          0 kB
Bounce:                0 kB
WritebackTmp:          0 kB
CommitLimit:     2183484 kB
Committed_AS:   126379172 kB
VmallocTotal:     311296 kB
VmallocUsed:       34288 kB
VmallocChunk:     145420 kB
Time pass: 290 sec

---2015-12-10 12:23:27
MemTotal:        1745540 kB
MemFree:           51644 kB
Buffers:            7960 kB
Cached:           372208 kB
SwapCached:        47236 kB
Active:           508320 kB
Inactive:         521688 kB
Active(anon):     322784 kB
Inactive(anon):   331848 kB
Active(file):     185536 kB
Inactive(file):   189840 kB
Unevictable:        3816 kB
Mlocked:               0 kB
HighTotal:       1217536 kB
HighFree:          23224 kB
LowTotal:         528004 kB
LowFree:           28420 kB
SwapTotal:       1310716 kB
SwapFree:         790056 kB
Dirty:                60 kB
Writeback:             0 kB
AnonPages:        633396 kB
Mapped:           326852 kB
Shmem:               976 kB
Slab:              60144 kB
SReclaimable:      16208 kB
SUnreclaim:        43936 kB
KernelStack:       16184 kB
PageTables:        54744 kB
NFS_Unstable:          0 kB
Bounce:                0 kB
WritebackTmp:          0 kB
CommitLimit:     2183484 kB
Committed_AS:   126379380 kB
VmallocTotal:     311296 kB
VmallocUsed:       34356 kB
VmallocChunk:     145420 kB
Time pass: 294 sec

---2015-12-10 12:23:27
MemTotal:        1745540 kB
MemFree:           51696 kB
Buffers:            7976 kB
Cached:           372192 kB
SwapCached:        47224 kB
Active:           508544 kB
Inactive:         521660 kB
Active(anon):     323008 kB
Inactive(anon):   331820 kB
Active(file):     185536 kB
Inactive(file):   189840 kB
Unevictable:        3816 kB
Mlocked:               0 kB
HighTotal:       1217536 kB
HighFree:          23376 kB
LowTotal:         528004 kB
LowFree:           28320 kB
SwapTotal:       1310716 kB
SwapFree:         790228 kB
Dirty:                60 kB
Writeback:             0 kB
AnonPages:        633676 kB
Mapped:           326852 kB
Shmem:               976 kB
Slab:              60236 kB
SReclaimable:      16208 kB
SUnreclaim:        44028 kB
KernelStack:       16144 kB
PageTables:        54744 kB
NFS_Unstable:          0 kB
Bounce:                0 kB
WritebackTmp:          0 kB
CommitLimit:     2183484 kB
Committed_AS:   126379428 kB
VmallocTotal:     311296 kB
VmallocUsed:       34356 kB
VmallocChunk:     145420 kB
Time pass: 298 sec

---2015-12-10 12:23:27
MemTotal:        1745540 kB
MemFree:           50764 kB
Buffers:            7984 kB
Cached:           372344 kB
SwapCached:        47276 kB
Active:           509088 kB
Inactive:         521496 kB
Active(anon):     323552 kB
Inactive(anon):   331632 kB
Active(file):     185536 kB
Inactive(file):   189864 kB
Unevictable:        3816 kB
Mlocked:               0 kB
HighTotal:       1217536 kB
HighFree:          22088 kB
LowTotal:         528004 kB
LowFree:           28676 kB
SwapTotal:       1310716 kB
SwapFree:         790312 kB
Dirty:                 0 kB
Writeback:             0 kB
AnonPages:        634004 kB
Mapped:           326988 kB
Shmem:              1112 kB
Slab:              60280 kB
SReclaimable:      16208 kB
SUnreclaim:        44072 kB
KernelStack:       16200 kB
PageTables:        54760 kB
NFS_Unstable:          0 kB
Bounce:                0 kB
WritebackTmp:          0 kB
CommitLimit:     2183484 kB
Committed_AS:   126382256 kB
VmallocTotal:     311296 kB
VmallocUsed:       34356 kB
VmallocChunk:     145420 kB
Time pass: 301 sec

---2015-12-10 12:23:27
MemTotal:        1745540 kB
MemFree:           63248 kB
Buffers:            7984 kB
Cached:           372344 kB
SwapCached:        47284 kB
Active:           497772 kB
Inactive:         521532 kB
Active(anon):     312236 kB
Inactive(anon):   331668 kB
Active(file):     185536 kB
Inactive(file):   189864 kB
Unevictable:        3816 kB
Mlocked:               0 kB
HighTotal:       1217536 kB
HighFree:          33092 kB
LowTotal:         528004 kB
LowFree:           30156 kB
SwapTotal:       1310716 kB
SwapFree:         790348 kB
Dirty:                 4 kB
Writeback:             0 kB
AnonPages:        622612 kB
Mapped:           320088 kB
Shmem:              1112 kB
Slab:              60276 kB
SReclaimable:      16204 kB
SUnreclaim:        44072 kB
KernelStack:       15800 kB
PageTables:        54132 kB
NFS_Unstable:          0 kB
Bounce:                0 kB
WritebackTmp:          0 kB
CommitLimit:     2183484 kB
Committed_AS:   124843840 kB
VmallocTotal:     311296 kB
VmallocUsed:       34288 kB
VmallocChunk:     145420 kB
Time pass: 305 sec

---2015-12-10 12:23:27
MemTotal:        1745540 kB
MemFree:           47100 kB
Buffers:            8000 kB
Cached:           372344 kB
SwapCached:        47276 kB
Active:           513204 kB
Inactive:         521572 kB
Active(anon):     327668 kB
Inactive(anon):   331692 kB
Active(file):     185536 kB
Inactive(file):   189880 kB
Unevictable:        3816 kB
Mlocked:               0 kB
HighTotal:       1217536 kB
HighFree:          18548 kB
LowTotal:         528004 kB
LowFree:           28552 kB
SwapTotal:       1310716 kB
SwapFree:         790620 kB
Dirty:                12 kB
Writeback:             0 kB
AnonPages:        637936 kB
Mapped:           326796 kB
Shmem:              1112 kB
Slab:              60248 kB
SReclaimable:      16204 kB
SUnreclaim:        44044 kB
KernelStack:       16176 kB
PageTables:        54752 kB
NFS_Unstable:          0 kB
Bounce:                0 kB
WritebackTmp:          0 kB
CommitLimit:     2183484 kB
Committed_AS:   126381988 kB
VmallocTotal:     311296 kB
VmallocUsed:       34288 kB
VmallocChunk:     145420 kB
Time pass: 309 sec

---2015-12-10 12:23:27
MemTotal:        1745540 kB
MemFree:           47484 kB
Buffers:            8008 kB
Cached:           372344 kB
SwapCached:        47276 kB
Active:           513256 kB
Inactive:         521576 kB
Active(anon):     327720 kB
Inactive(anon):   331688 kB
Active(file):     185536 kB
Inactive(file):   189888 kB
Unevictable:        3816 kB
Mlocked:               0 kB
HighTotal:       1217536 kB
HighFree:          19552 kB
LowTotal:         528004 kB
LowFree:           27932 kB
SwapTotal:       1310716 kB
SwapFree:         790624 kB
Dirty:                84 kB
Writeback:             0 kB
AnonPages:        638224 kB
Mapped:           326800 kB
Shmem:              1112 kB
Slab:              60244 kB
SReclaimable:      16204 kB
SUnreclaim:        44040 kB
KernelStack:       16128 kB
PageTables:        54752 kB
NFS_Unstable:          0 kB
Bounce:                0 kB
WritebackTmp:          0 kB
CommitLimit:     2183484 kB
Committed_AS:   126382132 kB
VmallocTotal:     311296 kB
VmallocUsed:       34288 kB
VmallocChunk:     145420 kB
Time pass: 312 sec

---2015-12-10 12:23:27
MemTotal:        1745540 kB
MemFree:           46936 kB
Buffers:            8024 kB
Cached:           372344 kB
SwapCached:        47276 kB
Active:           513636 kB
Inactive:         521600 kB
Active(anon):     328100 kB
Inactive(anon):   331696 kB
Active(file):     185536 kB
Inactive(file):   189904 kB
Unevictable:        3816 kB
Mlocked:               0 kB
HighTotal:       1217536 kB
HighFree:          19484 kB
LowTotal:         528004 kB
LowFree:           27452 kB
SwapTotal:       1310716 kB
SwapFree:         790632 kB
Dirty:                84 kB
Writeback:             0 kB
AnonPages:        638476 kB
Mapped:           326924 kB
Shmem:              1112 kB
Slab:              60368 kB
SReclaimable:      16204 kB
SUnreclaim:        44164 kB
KernelStack:       16128 kB
PageTables:        54752 kB
NFS_Unstable:          0 kB
Bounce:                0 kB
WritebackTmp:          0 kB
CommitLimit:     2183484 kB
Committed_AS:   126382348 kB
VmallocTotal:     311296 kB
VmallocUsed:       34288 kB
VmallocChunk:     145420 kB
Time pass: 316 sec

---2015-12-10 12:23:27
MemTotal:        1745540 kB
MemFree:           46816 kB
Buffers:            8032 kB
Cached:           372344 kB
SwapCached:        47276 kB
Active:           513824 kB
Inactive:         521608 kB
Active(anon):     328288 kB
Inactive(anon):   331696 kB
Active(file):     185536 kB
Inactive(file):   189912 kB
Unevictable:        3816 kB
Mlocked:               0 kB
HighTotal:       1217536 kB
HighFree:          19564 kB
LowTotal:         528004 kB
LowFree:           27252 kB
SwapTotal:       1310716 kB
SwapFree:         790632 kB
Dirty:                 0 kB
Writeback:             0 kB
AnonPages:        638664 kB
Mapped:           326924 kB
Shmem:              1112 kB
Slab:              60304 kB
SReclaimable:      16204 kB
SUnreclaim:        44100 kB
KernelStack:       16120 kB
PageTables:        54752 kB
NFS_Unstable:          0 kB
Bounce:                0 kB
WritebackTmp:          0 kB
CommitLimit:     2183484 kB
Committed_AS:   126382364 kB
VmallocTotal:     311296 kB
VmallocUsed:       34288 kB
VmallocChunk:     145420 kB
Time pass: 319 sec

---2015-12-10 12:23:27
MemTotal:        1745540 kB
MemFree:           57804 kB
Buffers:            8048 kB
Cached:           372344 kB
SwapCached:        47276 kB
Active:           503756 kB
Inactive:         521648 kB
Active(anon):     318220 kB
Inactive(anon):   331720 kB
Active(file):     185536 kB
Inactive(file):   189928 kB
Unevictable:        3816 kB
Mlocked:               0 kB
HighTotal:       1217536 kB
HighFree:          29576 kB
LowTotal:         528004 kB
LowFree:           28228 kB
SwapTotal:       1310716 kB
SwapFree:         790656 kB
Dirty:                44 kB
Writeback:             0 kB
AnonPages:        628656 kB
Mapped:           320160 kB
Shmem:              1112 kB
Slab:              60344 kB
SReclaimable:      16212 kB
SUnreclaim:        44132 kB
KernelStack:       15768 kB
PageTables:        54124 kB
NFS_Unstable:          0 kB
Bounce:                0 kB
WritebackTmp:          0 kB
CommitLimit:     2183484 kB
Committed_AS:   124844552 kB
VmallocTotal:     311296 kB
VmallocUsed:       34288 kB
VmallocChunk:     145420 kB
Time pass: 323 sec

---2015-12-10 12:23:27
MemTotal:        1745540 kB
MemFree:           44732 kB
Buffers:            8004 kB
Cached:           372984 kB
SwapCached:        47976 kB
Active:           513484 kB
Inactive:         522664 kB
Active(anon):     328316 kB
Inactive(anon):   331992 kB
Active(file):     185168 kB
Inactive(file):   190672 kB
Unevictable:        3816 kB
Mlocked:               0 kB
HighTotal:       1217536 kB
HighFree:          20604 kB
LowTotal:         528004 kB
LowFree:           24128 kB
SwapTotal:       1310716 kB
SwapFree:         789108 kB
Dirty:                80 kB
