---2015-12-16 15:27:45
MemTotal:        2895588 kB
MemFree:          176572 kB
Buffers:           15672 kB
Cached:          1548636 kB
SwapCached:            0 kB
Active:           714508 kB
Inactive:        1501568 kB
Active(anon):     275740 kB
Inactive(anon):   380064 kB
Active(file):     438768 kB
Inactive(file):  1121504 kB
Unevictable:        2968 kB
Mlocked:               0 kB
HighTotal:       2306432 kB
HighFree:          74712 kB
LowTotal:         589156 kB
LowFree:          101860 kB
SwapTotal:       1048572 kB
SwapFree:        1048572 kB
Dirty:                 0 kB
Writeback:             0 kB
AnonPages:        654948 kB
Mapped:           375704 kB
Shmem:              1068 kB
Slab:              55352 kB
SReclaimable:      19772 kB
SUnreclaim:        35580 kB
KernelStack:       11992 kB
PageTables:        39036 kB
NFS_Unstable:          0 kB
Bounce:                0 kB
WritebackTmp:          0 kB
CommitLimit:     2496364 kB
Committed_AS:   83795072 kB
VmallocTotal:     385024 kB
VmallocUsed:      152160 kB
VmallocChunk:      75844 kB
Time pass: 3 sec

---2015-12-16 15:27:45
MemTotal:        2895588 kB
MemFree:          176764 kB
Buffers:           15672 kB
Cached:          1548672 kB
SwapCached:            0 kB
Active:           714608 kB
Inactive:        1501604 kB
Active(anon):     275840 kB
Inactive(anon):   380064 kB
Active(file):     438768 kB
Inactive(file):  1121540 kB
Unevictable:        2968 kB
Mlocked:               0 kB
HighTotal:       2306432 kB
HighFree:          74732 kB
LowTotal:         589156 kB
LowFree:          102032 kB
SwapTotal:       1048572 kB
SwapFree:        1048572 kB
Dirty:                 0 kB
Writeback:             0 kB
AnonPages:        655192 kB
Mapped:           375764 kB
Shmem:              1068 kB
Slab:              55320 kB
SReclaimable:      19772 kB
SUnreclaim:        35548 kB
KernelStack:       11992 kB
PageTables:        39056 kB
NFS_Unstable:          0 kB
Bounce:                0 kB
WritebackTmp:          0 kB
CommitLimit:     2496364 kB
Committed_AS:   83795144 kB
VmallocTotal:     385024 kB
VmallocUsed:      152160 kB
VmallocChunk:      75844 kB
Time pass: 7 sec

---2015-12-16 15:27:45
MemTotal:        2895588 kB
MemFree:          176284 kB
Buffers:           15672 kB
Cached:          1548672 kB
SwapCached:            0 kB
Active:           714672 kB
Inactive:        1501604 kB
Active(anon):     275904 kB
Inactive(anon):   380064 kB
Active(file):     438768 kB
Inactive(file):  1121540 kB
Unevictable:        2968 kB
Mlocked:               0 kB
HighTotal:       2306432 kB
HighFree:          74236 kB
LowTotal:         589156 kB
LowFree:          102048 kB
SwapTotal:       1048572 kB
SwapFree:        1048572 kB
Dirty:                 0 kB
Writeback:             0 kB
AnonPages:        655640 kB
Mapped:           375816 kB
Shmem:              1068 kB
Slab:              55320 kB
SReclaimable:      19772 kB
SUnreclaim:        35548 kB
KernelStack:       11992 kB
PageTables:        39076 kB
NFS_Unstable:          0 kB
Bounce:                0 kB
WritebackTmp:          0 kB
CommitLimit:     2496364 kB
Committed_AS:   83795340 kB
VmallocTotal:     385024 kB
VmallocUsed:      152160 kB
VmallocChunk:      75844 kB
Time pass: 10 sec

---2015-12-16 15:27:45
MemTotal:        2895588 kB
MemFree:          176400 kB
Buffers:           15672 kB
Cached:          1548672 kB
SwapCached:            0 kB
Active:           714752 kB
Inactive:        1501588 kB
Active(anon):     275976 kB
Inactive(anon):   380056 kB
Active(file):     438776 kB
Inactive(file):  1121532 kB
Unevictable:        2968 kB
Mlocked:               0 kB
HighTotal:       2306432 kB
HighFree:          74144 kB
LowTotal:         589156 kB
LowFree:          102256 kB
SwapTotal:       1048572 kB
SwapFree:        1048572 kB
Dirty:                 0 kB
Writeback:             0 kB
AnonPages:        655144 kB
Mapped:           375712 kB
Shmem:              1068 kB
Slab:              55320 kB
SReclaimable:      19772 kB
SUnreclaim:        35548 kB
KernelStack:       11992 kB
PageTables:        39036 kB
NFS_Unstable:          0 kB
Bounce:                0 kB
WritebackTmp:          0 kB
CommitLimit:     2496364 kB
Committed_AS:   83795508 kB
VmallocTotal:     385024 kB
VmallocUsed:      152160 kB
VmallocChunk:      75844 kB
Time pass: 14 sec

---2015-12-16 15:27:45
MemTotal:        2895588 kB
MemFree:          175956 kB
Buffers:           15672 kB
Cached:          1548672 kB
SwapCached:            0 kB
Active:           715212 kB
Inactive:        1501588 kB
Active(anon):     276436 kB
Inactive(anon):   380056 kB
Active(file):     438776 kB
Inactive(file):  1121532 kB
Unevictable:        2968 kB
Mlocked:               0 kB
HighTotal:       2306432 kB
HighFree:          73668 kB
LowTotal:         589156 kB
LowFree:          102288 kB
SwapTotal:       1048572 kB
SwapFree:        1048572 kB
Dirty:                 0 kB
Writeback:             0 kB
AnonPages:        655544 kB
Mapped:           375764 kB
Shmem:              1068 kB
Slab:              55320 kB
SReclaimable:      19772 kB
SUnreclaim:        35548 kB
KernelStack:       11992 kB
PageTables:        39056 kB
NFS_Unstable:          0 kB
Bounce:                0 kB
WritebackTmp:          0 kB
CommitLimit:     2496364 kB
Committed_AS:   83795620 kB
VmallocTotal:     385024 kB
VmallocUsed:      152160 kB
VmallocChunk:      75844 kB
Time pass: 17 sec

---2015-12-16 15:27:45
MemTotal:        2895588 kB
MemFree:          174556 kB
Buffers:           15672 kB
Cached:          1548672 kB
SwapCached:            0 kB
Active:           716708 kB
Inactive:        1501588 kB
Active(anon):     277932 kB
Inactive(anon):   380056 kB
Active(file):     438776 kB
Inactive(file):  1121532 kB
Unevictable:        2968 kB
Mlocked:               0 kB
HighTotal:       2306432 kB
HighFree:          72252 kB
LowTotal:         589156 kB
LowFree:          102304 kB
SwapTotal:       1048572 kB
SwapFree:        1048572 kB
Dirty:                 0 kB
Writeback:             0 kB
AnonPages:        657152 kB
Mapped:           375764 kB
Shmem:              1068 kB
Slab:              55320 kB
SReclaimable:      19772 kB
SUnreclaim:        35548 kB
KernelStack:       11992 kB
PageTables:        39056 kB
NFS_Unstable:          0 kB
Bounce:                0 kB
WritebackTmp:          0 kB
CommitLimit:     2496364 kB
Committed_AS:   83798548 kB
VmallocTotal:     385024 kB
VmallocUsed:      152160 kB
VmallocChunk:      75844 kB
Time pass: 21 sec

---2015-12-16 15:27:45
MemTotal:        2895588 kB
MemFree:           75224 kB
Buffers:           15124 kB
Cached:          1427132 kB
SwapCached:            0 kB
Active:           789952 kB
Inactive:        1344800 kB
Active(anon):     317364 kB
Inactive(anon):   379676 kB
Active(file):     472588 kB
Inactive(file):   965124 kB
Unevictable:        2968 kB
Mlocked:               0 kB
HighTotal:       2306432 kB
HighFree:          41524 kB
LowTotal:         589156 kB
LowFree:           33700 kB
SwapTotal:       1048572 kB
SwapFree:        1048572 kB
Dirty:              1784 kB
Writeback:             0 kB
AnonPages:        696100 kB
Mapped:           404104 kB
Shmem:              1200 kB
Slab:              55456 kB
SReclaimable:      19832 kB
SUnreclaim:        35624 kB
KernelStack:       12728 kB
PageTables:        40248 kB
NFS_Unstable:          0 kB
Bounce:                0 kB
WritebackTmp:          0 kB
CommitLimit:     2496364 kB
Committed_AS:   85130136 kB
VmallocTotal:     385024 kB
VmallocUsed:      153804 kB
VmallocChunk:      75844 kB
Time pass: 24 sec

---2015-12-16 15:27:45
MemTotal:        2895588 kB
MemFree:           78068 kB
Buffers:           15120 kB
Cached:          1383380 kB
SwapCached:            0 kB
Active:           809568 kB
Inactive:        1279288 kB
Active(anon):     331876 kB
Inactive(anon):   362648 kB
Active(file):     477692 kB
Inactive(file):   916640 kB
Unevictable:        2968 kB
Mlocked:               0 kB
HighTotal:       2306432 kB
HighFree:          43312 kB
LowTotal:         589156 kB
LowFree:           34756 kB
SwapTotal:       1048572 kB
SwapFree:        1048572 kB
Dirty:               808 kB
Writeback:             0 kB
AnonPages:        693432 kB
Mapped:           422964 kB
Shmem:              1200 kB
Slab:              55504 kB
SReclaimable:      19856 kB
SUnreclaim:        35648 kB
KernelStack:       12760 kB
PageTables:        40148 kB
NFS_Unstable:          0 kB
Bounce:                0 kB
WritebackTmp:          0 kB
CommitLimit:     2496364 kB
Committed_AS:   85153380 kB
VmallocTotal:     385024 kB
VmallocUsed:      153972 kB
VmallocChunk:      75844 kB
Time pass: 28 sec

---2015-12-16 15:27:45
MemTotal:        2895588 kB
MemFree:           76164 kB
Buffers:           15140 kB
Cached:          1383376 kB
SwapCached:            0 kB
Active:           812656 kB
Inactive:        1279276 kB
Active(anon):     334964 kB
Inactive(anon):   362628 kB
Active(file):     477692 kB
Inactive(file):   916648 kB
Unevictable:        2968 kB
Mlocked:               0 kB
HighTotal:       2306432 kB
HighFree:          41564 kB
LowTotal:         589156 kB
LowFree:           34600 kB
SwapTotal:       1048572 kB
SwapFree:        1048572 kB
Dirty:                68 kB
Writeback:             0 kB
AnonPages:        696468 kB
Mapped:           428784 kB
Shmem:              1200 kB
Slab:              55520 kB
SReclaimable:      19872 kB
SUnreclaim:        35648 kB
KernelStack:       12840 kB
PageTables:        40176 kB
NFS_Unstable:          0 kB
Bounce:                0 kB
WritebackTmp:          0 kB
CommitLimit:     2496364 kB
Committed_AS:   85158564 kB
VmallocTotal:     385024 kB
VmallocUsed:      153972 kB
VmallocChunk:      75844 kB
Time pass: 32 sec

---2015-12-16 15:27:45
MemTotal:        2895588 kB
MemFree:           81364 kB
Buffers:           15220 kB
Cached:          1360668 kB
SwapCached:            0 kB
Active:           826796 kB
Inactive:        1259824 kB
Active(anon):     348312 kB
Inactive(anon):   366592 kB
Active(file):     478484 kB
Inactive(file):   893232 kB
Unevictable:        2968 kB
Mlocked:               0 kB
HighTotal:       2306432 kB
HighFree:          47588 kB
LowTotal:         589156 kB
LowFree:           33776 kB
SwapTotal:       1048572 kB
SwapFree:        1048572 kB
Dirty:               160 kB
Writeback:             0 kB
AnonPages:        714076 kB
Mapped:           439640 kB
Shmem:              1200 kB
Slab:              55564 kB
SReclaimable:      19872 kB
SUnreclaim:        35692 kB
KernelStack:       13112 kB
PageTables:        40356 kB
NFS_Unstable:          0 kB
Bounce:                0 kB
WritebackTmp:          0 kB
CommitLimit:     2496364 kB
Committed_AS:   85164512 kB
VmallocTotal:     385024 kB
VmallocUsed:      153972 kB
VmallocChunk:      75844 kB
Time pass: 35 sec

---2015-12-16 15:27:45
MemTotal:        2895588 kB
MemFree:           73448 kB
Buffers:           15484 kB
Cached:          1350792 kB
SwapCached:            0 kB
Active:           840976 kB
Inactive:        1252720 kB
Active(anon):     361096 kB
Inactive(anon):   370548 kB
Active(file):     479880 kB
Inactive(file):   882172 kB
Unevictable:        2968 kB
Mlocked:               0 kB
HighTotal:       2306432 kB
HighFree:          41572 kB
LowTotal:         589156 kB
LowFree:           31876 kB
SwapTotal:       1048572 kB
SwapFree:        1048572 kB
Dirty:               952 kB
Writeback:             8 kB
AnonPages:        730644 kB
Mapped:           458644 kB
Shmem:              1200 kB
Slab:              55736 kB
SReclaimable:      19896 kB
SUnreclaim:        35840 kB
KernelStack:       13520 kB
PageTables:        40848 kB
NFS_Unstable:          0 kB
Bounce:                0 kB
WritebackTmp:          0 kB
CommitLimit:     2496364 kB
Committed_AS:   86414572 kB
VmallocTotal:     385024 kB
VmallocUsed:      154996 kB
VmallocChunk:      75844 kB
Time pass: 39 sec

---2015-12-16 15:27:45
MemTotal:        2895588 kB
MemFree:           86272 kB
Buffers:           14984 kB
Cached:          1291856 kB
SwapCached:            0 kB
Active:           842708 kB
Inactive:        1198816 kB
Active(anon):     360852 kB
Inactive(anon):   378612 kB
Active(file):     481856 kB
Inactive(file):   820204 kB
Unevictable:        2968 kB
Mlocked:               0 kB
HighTotal:       2306432 kB
HighFree:          54364 kB
LowTotal:         589156 kB
LowFree:           31908 kB
SwapTotal:       1048572 kB
SwapFree:        1048572 kB
Dirty:                92 kB
Writeback:             0 kB
AnonPages:        738496 kB
Mapped:           459724 kB
Shmem:              1196 kB
Slab:              55664 kB
SReclaimable:      19888 kB
SUnreclaim:        35776 kB
KernelStack:       13728 kB
PageTables:        41144 kB
NFS_Unstable:          0 kB
Bounce:                0 kB
WritebackTmp:          0 kB
CommitLimit:     2496364 kB
Committed_AS:   86429856 kB
VmallocTotal:     385024 kB
VmallocUsed:      155556 kB
VmallocChunk:      75844 kB
Time pass: 43 sec

---2015-12-16 15:27:45
MemTotal:        2895588 kB
MemFree:           88232 kB
Buffers:           14904 kB
Cached:          1287484 kB
SwapCached:            0 kB
Active:           838856 kB
Inactive:        1194644 kB
Active(anon):     356948 kB
Inactive(anon):   378332 kB
Active(file):     481908 kB
Inactive(file):   816312 kB
Unevictable:        2968 kB
Mlocked:               0 kB
HighTotal:       2306432 kB
HighFree:          49264 kB
LowTotal:         589156 kB
LowFree:           38968 kB
SwapTotal:       1048572 kB
SwapFree:        1048572 kB
Dirty:               248 kB
Writeback:             0 kB
AnonPages:        734408 kB
Mapped:           460244 kB
Shmem:              1200 kB
Slab:              55664 kB
SReclaimable:      19888 kB
SUnreclaim:        35776 kB
KernelStack:       13728 kB
PageTables:        41236 kB
NFS_Unstable:          0 kB
Bounce:                0 kB
WritebackTmp:          0 kB
CommitLimit:     2496364 kB
Committed_AS:   86429452 kB
VmallocTotal:     385024 kB
VmallocUsed:      155556 kB
VmallocChunk:      75844 kB
Time pass: 46 sec

---2015-12-16 15:27:45
MemTotal:        2895588 kB
MemFree:           72864 kB
Buffers:           14792 kB
Cached:          1283884 kB
SwapCached:            0 kB
Active:           856136 kB
Inactive:        1190168 kB
Active(anon):     374112 kB
Inactive(anon):   377964 kB
Active(file):     482024 kB
Inactive(file):   812204 kB
Unevictable:        2968 kB
Mlocked:               0 kB
HighTotal:       2306432 kB
HighFree:          39528 kB
LowTotal:         589156 kB
LowFree:           33336 kB
SwapTotal:       1048572 kB
SwapFree:        1048572 kB
Dirty:               256 kB
Writeback:             0 kB
AnonPages:        751676 kB
Mapped:           461412 kB
Shmem:              1200 kB
Slab:              55688 kB
SReclaimable:      19912 kB
SUnreclaim:        35776 kB
KernelStack:       13816 kB
PageTables:        41276 kB
NFS_Unstable:          0 kB
Bounce:                0 kB
WritebackTmp:          0 kB
CommitLimit:     2496364 kB
Committed_AS:   86442696 kB
VmallocTotal:     385024 kB
VmallocUsed:      156264 kB
VmallocChunk:      75844 kB
Time pass: 50 sec

---2015-12-16 15:27:45
MemTotal:        2895588 kB
MemFree:           87948 kB
Buffers:           14612 kB
Cached:          1252024 kB
SwapCached:            0 kB
Active:           849996 kB
Inactive:        1155604 kB
Active(anon):     363976 kB
Inactive(anon):   379164 kB
Active(file):     486020 kB
Inactive(file):   776440 kB
Unevictable:        2968 kB
Mlocked:               0 kB
HighTotal:       2306432 kB
HighFree:          51816 kB
LowTotal:         589156 kB
LowFree:           36132 kB
SwapTotal:       1048572 kB
SwapFree:        1048572 kB
Dirty:               568 kB
Writeback:             0 kB
AnonPages:        742180 kB
Mapped:           461892 kB
Shmem:              1200 kB
Slab:              55732 kB
SReclaimable:      19928 kB
SUnreclaim:        35804 kB
KernelStack:       13816 kB
PageTables:        41284 kB
NFS_Unstable:          0 kB
Bounce:                0 kB
WritebackTmp:          0 kB
CommitLimit:     2496364 kB
Committed_AS:   86439976 kB
VmallocTotal:     385024 kB
VmallocUsed:      157232 kB
VmallocChunk:      75844 kB
Time pass: 53 sec

---2015-12-16 15:27:45
MemTotal:        2895588 kB
MemFree:           88148 kB
Buffers:           14620 kB
Cached:          1252380 kB
SwapCached:            0 kB
Active:           850120 kB
Inactive:        1155940 kB
Active(anon):     364096 kB
Inactive(anon):   379152 kB
Active(file):     486024 kB
Inactive(file):   776788 kB
Unevictable:        2968 kB
Mlocked:               0 kB
HighTotal:       2306432 kB
HighFree:          51796 kB
LowTotal:         589156 kB
LowFree:           36352 kB
SwapTotal:       1048572 kB
SwapFree:        1048572 kB
Dirty:                84 kB
Writeback:             0 kB
AnonPages:        742376 kB
Mapped:           462312 kB
Shmem:              1200 kB
Slab:              55736 kB
SReclaimable:      19928 kB
SUnreclaim:        35808 kB
KernelStack:       13832 kB
PageTables:        41284 kB
NFS_Unstable:          0 kB
Bounce:                0 kB
WritebackTmp:          0 kB
CommitLimit:     2496364 kB
Committed_AS:   86440108 kB
VmallocTotal:     385024 kB
VmallocUsed:      157232 kB
VmallocChunk:      75844 kB
Time pass: 57 sec

---2015-12-16 15:27:45
MemTotal:        2895588 kB
MemFree:           82260 kB
Buffers:           14620 kB
Cached:          1242576 kB
SwapCached:            0 kB
Active:           853740 kB
Inactive:        1145760 kB
Active(anon):     365364 kB
Inactive(anon):   380940 kB
Active(file):     488376 kB
Inactive(file):   764820 kB
Unevictable:        2968 kB
Mlocked:               0 kB
HighTotal:       2306432 kB
HighFree:          48072 kB
LowTotal:         589156 kB
LowFree:           34188 kB
SwapTotal:       1048572 kB
SwapFree:        1048572 kB
Dirty:               124 kB
Writeback:             0 kB
AnonPages:        745320 kB
Mapped:           462344 kB
Shmem:              1200 kB
Slab:              55760 kB
SReclaimable:      19936 kB
SUnreclaim:        35824 kB
KernelStack:       13832 kB
PageTables:        41284 kB
NFS_Unstable:          0 kB
Bounce:                0 kB
WritebackTmp:          0 kB
CommitLimit:     2496364 kB
Committed_AS:   86440428 kB
VmallocTotal:     385024 kB
VmallocUsed:      157248 kB
VmallocChunk:      75844 kB
Time pass: 61 sec

---2015-12-16 15:27:45
MemTotal:        2895588 kB
MemFree:           81056 kB
Buffers:           14620 kB
Cached:          1242544 kB
SwapCached:            0 kB
Active:           854200 kB
Inactive:        1145436 kB
Active(anon):     365732 kB
Inactive(anon):   380932 kB
Active(file):     488468 kB
Inactive(file):   764504 kB
Unevictable:        2968 kB
Mlocked:               0 kB
HighTotal:       2306432 kB
HighFree:          47148 kB
LowTotal:         589156 kB
LowFree:           33908 kB
SwapTotal:       1048572 kB
SwapFree:        1048572 kB
Dirty:                 0 kB
Writeback:             0 kB
AnonPages:        745420 kB
Mapped:           462504 kB
Shmem:              1200 kB
Slab:              55760 kB
SReclaimable:      19936 kB
SUnreclaim:        35824 kB
KernelStack:       13832 kB
PageTables:        41304 kB
NFS_Unstable:          0 kB
Bounce:                0 kB
WritebackTmp:          0 kB
CommitLimit:     2496364 kB
Committed_AS:   86440636 kB
VmallocTotal:     385024 kB
VmallocUsed:      157248 kB
VmallocChunk:      75844 kB
Time pass: 64 sec

---2015-12-16 15:27:45
MemTotal:        2895588 kB
MemFree:           80340 kB
Buffers:           14628 kB
Cached:          1242944 kB
SwapCached:            0 kB
Active:           854832 kB
Inactive:        1145500 kB
Active(anon):     366100 kB
Inactive(anon):   380932 kB
Active(file):     488732 kB
Inactive(file):   764568 kB
Unevictable:        2968 kB
Mlocked:               0 kB
HighTotal:       2306432 kB
HighFree:          46184 kB
LowTotal:         589156 kB
LowFree:           34156 kB
SwapTotal:       1048572 kB
SwapFree:        1048572 kB
Dirty:               340 kB
Writeback:             0 kB
AnonPages:        746472 kB
Mapped:           462648 kB
Shmem:              1200 kB
Slab:              55768 kB
SReclaimable:      19944 kB
SUnreclaim:        35824 kB
KernelStack:       13832 kB
PageTables:        40896 kB
NFS_Unstable:          0 kB
Bounce:                0 kB
WritebackTmp:          0 kB
CommitLimit:     2496364 kB
Committed_AS:   85196260 kB
VmallocTotal:     385024 kB
VmallocUsed:      156228 kB
VmallocChunk:      75844 kB
Time pass: 68 sec

---2015-12-16 15:27:45
MemTotal:        2895588 kB
MemFree:           76812 kB
Buffers:           13764 kB
Cached:          1187564 kB
SwapCached:            0 kB
Active:           860308 kB
Inactive:        1088600 kB
Active(anon):     367788 kB
Inactive(anon):   383960 kB
Active(file):     492520 kB
Inactive(file):   704640 kB
Unevictable:        2968 kB
Mlocked:               0 kB
HighTotal:       2306432 kB
HighFree:          41604 kB
LowTotal:         589156 kB
LowFree:           35208 kB
SwapTotal:       1048572 kB
SwapFree:        1048572 kB
Dirty:                24 kB
Writeback:             0 kB
AnonPages:        750408 kB
Mapped:           462792 kB
Shmem:              1200 kB
Slab:              55812 kB
SReclaimable:      19968 kB
SUnreclaim:        35844 kB
KernelStack:       13752 kB
PageTables:        40808 kB
NFS_Unstable:          0 kB
Bounce:                0 kB
WritebackTmp:          0 kB
CommitLimit:     2496364 kB
Committed_AS:   85197996 kB
VmallocTotal:     385024 kB
VmallocUsed:      156200 kB
VmallocChunk:      75844 kB
Time pass: 71 sec

---2015-12-16 15:27:45
MemTotal:        2895588 kB
MemFree:           72716 kB
Buffers:           13788 kB
Cached:          1167276 kB
SwapCached:            0 kB
Active:           877612 kB
Inactive:        1069284 kB
Active(anon):     384044 kB
Inactive(anon):   386680 kB
Active(file):     493568 kB
Inactive(file):   682604 kB
Unevictable:        2968 kB
Mlocked:               0 kB
HighTotal:       2306432 kB
HighFree:          40412 kB
LowTotal:         589156 kB
LowFree:           32304 kB
SwapTotal:       1048572 kB
SwapFree:        1048572 kB
Dirty:               368 kB
Writeback:             0 kB
AnonPages:        769944 kB
Mapped:           467660 kB
Shmem:              1356 kB
Slab:              55812 kB
SReclaimable:      19968 kB
SUnreclaim:        35844 kB
KernelStack:       13992 kB
PageTables:        40968 kB
NFS_Unstable:          0 kB
Bounce:                0 kB
WritebackTmp:          0 kB
CommitLimit:     2496364 kB
Committed_AS:   85218056 kB
VmallocTotal:     385024 kB
VmallocUsed:      158372 kB
VmallocChunk:      75844 kB
Time pass: 75 sec

---2015-12-16 15:27:45
MemTotal:        2895588 kB
MemFree:           73408 kB
Buffers:           13456 kB
Cached:          1123848 kB
SwapCached:            0 kB
Active:           882428 kB
Inactive:        1024996 kB
Active(anon):     385268 kB
Inactive(anon):   389232 kB
Active(file):     497160 kB
Inactive(file):   635764 kB
Unevictable:        2968 kB
Mlocked:               0 kB
HighTotal:       2306432 kB
HighFree:          40800 kB
LowTotal:         589156 kB
LowFree:           32608 kB
SwapTotal:       1048572 kB
SwapFree:        1048572 kB
Dirty:                76 kB
Writeback:             0 kB
AnonPages:        773432 kB
Mapped:           467688 kB
Shmem:              1408 kB
Slab:              55916 kB
SReclaimable:      19976 kB
SUnreclaim:        35940 kB
KernelStack:       13992 kB
PageTables:        41116 kB
NFS_Unstable:          0 kB
Bounce:                0 kB
WritebackTmp:          0 kB
CommitLimit:     2496364 kB
Committed_AS:   85226524 kB
VmallocTotal:     385024 kB
VmallocUsed:      158412 kB
VmallocChunk:      75844 kB
Time pass: 79 sec

---2015-12-16 15:27:45
MemTotal:        2895588 kB
MemFree:           72720 kB
Buffers:           13464 kB
Cached:          1124028 kB
SwapCached:            0 kB
Active:           883648 kB
Inactive:        1025112 kB
Active(anon):     386468 kB
Inactive(anon):   389336 kB
Active(file):     497180 kB
Inactive(file):   635776 kB
Unevictable:        2968 kB
Mlocked:               0 kB
HighTotal:       2306432 kB
HighFree:          39808 kB
LowTotal:         589156 kB
LowFree:           32912 kB
SwapTotal:       1048572 kB
SwapFree:        1048572 kB
Dirty:                16 kB
Writeback:             0 kB
AnonPages:        774668 kB
Mapped:           467892 kB
Shmem:              1560 kB
Slab:              55916 kB
SReclaimable:      19976 kB
SUnreclaim:        35940 kB
KernelStack:       13976 kB
PageTables:        41132 kB
NFS_Unstable:          0 kB
Bounce:                0 kB
WritebackTmp:          0 kB
CommitLimit:     2496364 kB
Committed_AS:   85226704 kB
VmallocTotal:     385024 kB
VmallocUsed:      158412 kB
VmallocChunk:      75844 kB
Time pass: 83 sec

---2015-12-16 15:27:45
MemTotal:        2895588 kB
MemFree:           71420 kB
Buffers:           13480 kB
Cached:          1124100 kB
SwapCached:            0 kB
Active:           883612 kB
Inactive:        1025192 kB
Active(anon):     386408 kB
Inactive(anon):   389368 kB
Active(file):     497204 kB
Inactive(file):   635824 kB
Unevictable:        2968 kB
Mlocked:               0 kB
HighTotal:       2306432 kB
HighFree:          38568 kB
LowTotal:         589156 kB
LowFree:           32852 kB
SwapTotal:       1048572 kB
SwapFree:        1048572 kB
Dirty:               112 kB
Writeback:             0 kB
AnonPages:        774700 kB
Mapped:           467952 kB
Shmem:              1572 kB
Slab:              55916 kB
SReclaimable:      19976 kB
SUnreclaim:        35940 kB
KernelStack:       13968 kB
PageTables:        41136 kB
NFS_Unstable:          0 kB
Bounce:                0 kB
WritebackTmp:          0 kB
CommitLimit:     2496364 kB
Committed_AS:   85226872 kB
VmallocTotal:     385024 kB
VmallocUsed:      158412 kB
VmallocChunk:      75844 kB
Time pass: 87 sec

---2015-12-16 15:27:45
MemTotal:        2895588 kB
MemFree:           71280 kB
Buffers:           13496 kB
Cached:          1124184 kB
SwapCached:            0 kB
Active:           884720 kB
Inactive:        1025264 kB
Active(anon):     387492 kB
Inactive(anon):   389400 kB
Active(file):     497228 kB
Inactive(file):   635864 kB
Unevictable:        2968 kB
Mlocked:               0 kB
HighTotal:       2306432 kB
HighFree:          38320 kB
LowTotal:         589156 kB
LowFree:           32960 kB
SwapTotal:       1048572 kB
SwapFree:        1048572 kB
Dirty:                80 kB
Writeback:             0 kB
AnonPages:        775436 kB
Mapped:           468000 kB
Shmem:              1620 kB
Slab:              55916 kB
SReclaimable:      19976 kB
SUnreclaim:        35940 kB
KernelStack:       13952 kB
PageTables:        41140 kB
NFS_Unstable:          0 kB
Bounce:                0 kB
WritebackTmp:          0 kB
CommitLimit:     2496364 kB
Committed_AS:   85227040 kB
VmallocTotal:     385024 kB
VmallocUsed:      158412 kB
VmallocChunk:      75844 kB
Time pass: 90 sec

---2015-12-16 15:27:45
MemTotal:        2895588 kB
MemFree:           73872 kB
Buffers:           13528 kB
Cached:          1120528 kB
SwapCached:            0 kB
Active:           884716 kB
Inactive:        1022852 kB
Active(anon):     387448 kB
Inactive(anon):   391308 kB
Active(file):     497268 kB
Inactive(file):   631544 kB
Unevictable:        2968 kB
Mlocked:               0 kB
HighTotal:       2306432 kB
HighFree:          41512 kB
LowTotal:         589156 kB
LowFree:           32360 kB
SwapTotal:       1048572 kB
SwapFree:        1048572 kB
Dirty:               104 kB
Writeback:             4 kB
AnonPages:        776984 kB
Mapped:           468572 kB
Shmem:              2136 kB
Slab:              55944 kB
SReclaimable:      19992 kB
SUnreclaim:        35952 kB
KernelStack:       13952 kB
PageTables:        41144 kB
NFS_Unstable:          0 kB
Bounce:                0 kB
WritebackTmp:          0 kB
CommitLimit:     2496364 kB
Committed_AS:   85231900 kB
VmallocTotal:     385024 kB
VmallocUsed:      158412 kB
VmallocChunk:      75844 kB
Time pass: 94 sec

---2015-12-16 15:27:45
MemTotal:        2895588 kB
MemFree:           73840 kB
Buffers:           13528 kB
Cached:          1120244 kB
SwapCached:            0 kB
Active:           884936 kB
Inactive:        1022656 kB
Active(anon):     387648 kB
Inactive(anon):   391292 kB
Active(file):     497288 kB
Inactive(file):   631364 kB
Unevictable:        2968 kB
Mlocked:               0 kB
HighTotal:       2306432 kB
HighFree:          41584 kB
LowTotal:         589156 kB
LowFree:           32256 kB
SwapTotal:       1048572 kB
SwapFree:        1048572 kB
Dirty:               144 kB
Writeback:             0 kB
AnonPages:        777516 kB
Mapped:           468628 kB
Shmem:              2136 kB
Slab:              55944 kB
SReclaimable:      19992 kB
SUnreclaim:        35952 kB
KernelStack:       13936 kB
PageTables:        41164 kB
NFS_Unstable:          0 kB
Bounce:                0 kB
WritebackTmp:          0 kB
CommitLimit:     2496364 kB
Committed_AS:   85231996 kB
VmallocTotal:     385024 kB
VmallocUsed:      158412 kB
VmallocChunk:      75844 kB
Time pass: 97 sec

---2015-12-16 15:27:45
MemTotal:        2895588 kB
MemFree:           73420 kB
Buffers:           13536 kB
Cached:          1120348 kB
SwapCached:            0 kB
Active:           883984 kB
Inactive:        1022696 kB
Active(anon):     386676 kB
Inactive(anon):   391292 kB
Active(file):     497308 kB
Inactive(file):   631404 kB
Unevictable:        2968 kB
Mlocked:               0 kB
HighTotal:       2306432 kB
HighFree:          41088 kB
LowTotal:         589156 kB
LowFree:           32332 kB
SwapTotal:       1048572 kB
SwapFree:        1048572 kB
Dirty:                84 kB
Writeback:             0 kB
AnonPages:        775596 kB
Mapped:           468580 kB
Shmem:              2140 kB
Slab:              55968 kB
SReclaimable:      19992 kB
SUnreclaim:        35976 kB
KernelStack:       13912 kB
PageTables:        41148 kB
NFS_Unstable:          0 kB
Bounce:                0 kB
WritebackTmp:          0 kB
CommitLimit:     2496364 kB
Committed_AS:   85232252 kB
VmallocTotal:     385024 kB
VmallocUsed:      158412 kB
VmallocChunk:      75844 kB
Time pass: 101 sec

---2015-12-16 15:27:45
MemTotal:        2895588 kB
MemFree:           73104 kB
Buffers:           13552 kB
Cached:          1120436 kB
SwapCached:            0 kB
Active:           884620 kB
Inactive:        1022748 kB
Active(anon):     387288 kB
Inactive(anon):   391288 kB
Active(file):     497332 kB
Inactive(file):   631460 kB
Unevictable:        2968 kB
Mlocked:               0 kB
HighTotal:       2306432 kB
HighFree:          40696 kB
LowTotal:         589156 kB
LowFree:           32408 kB
SwapTotal:       1048572 kB
SwapFree:        1048572 kB
Dirty:                40 kB
Writeback:             0 kB
AnonPages:        776332 kB
Mapped:           468616 kB
Shmem:              2176 kB
Slab:              55960 kB
SReclaimable:      19992 kB
SUnreclaim:        35968 kB
KernelStack:       13912 kB
PageTables:        41148 kB
NFS_Unstable:          0 kB
Bounce:                0 kB
WritebackTmp:          0 kB
CommitLimit:     2496364 kB
Committed_AS:   85232316 kB
VmallocTotal:     385024 kB
VmallocUsed:      158412 kB
VmallocChunk:      75844 kB
Time pass: 105 sec

---2015-12-16 15:27:45
MemTotal:        2895588 kB
MemFree:           73220 kB
Buffers:           13560 kB
Cached:          1120536 kB
SwapCached:            0 kB
Active:           884344 kB
Inactive:        1022824 kB
Active(anon):     386984 kB
Inactive(anon):   391352 kB
Active(file):     497360 kB
Inactive(file):   631472 kB
Unevictable:        2968 kB
Mlocked:               0 kB
HighTotal:       2306432 kB
HighFree:          40820 kB
LowTotal:         589156 kB
LowFree:           32400 kB
SwapTotal:       1048572 kB
SwapFree:        1048572 kB
Dirty:                48 kB
Writeback:             0 kB
AnonPages:        776184 kB
Mapped:           468732 kB
Shmem:              2240 kB
Slab:              55960 kB
SReclaimable:      19992 kB
SUnreclaim:        35968 kB
KernelStack:       13904 kB
PageTables:        41168 kB
NFS_Unstable:          0 kB
Bounce:                0 kB
WritebackTmp:          0 kB
CommitLimit:     2496364 kB
Committed_AS:   85232332 kB
VmallocTotal:     385024 kB
VmallocUsed:      158412 kB
VmallocChunk:      75844 kB
Time pass: 108 sec

---2015-12-16 15:27:45
MemTotal:        2895588 kB
MemFree:           74632 kB
Buffers:           13576 kB
Cached:          1120588 kB
SwapCached:            0 kB
Active:           882780 kB
Inactive:        1022812 kB
Active(anon):     385420 kB
Inactive(anon):   391284 kB
Active(file):     497360 kB
Inactive(file):   631528 kB
Unevictable:        2968 kB
Mlocked:               0 kB
HighTotal:       2306432 kB
HighFree:          42008 kB
LowTotal:         589156 kB
LowFree:           32624 kB
SwapTotal:       1048572 kB
SwapFree:        1048572 kB
Dirty:               136 kB
Writeback:             0 kB
AnonPages:        774188 kB
Mapped:           468732 kB
Shmem:              2240 kB
Slab:              55936 kB
SReclaimable:      19992 kB
SUnreclaim:        35944 kB
KernelStack:       13896 kB
PageTables:        41168 kB
NFS_Unstable:          0 kB
Bounce:                0 kB
WritebackTmp:          0 kB
CommitLimit:     2496364 kB
Committed_AS:   85232508 kB
VmallocTotal:     385024 kB
VmallocUsed:      158412 kB
VmallocChunk:      75844 kB
Time pass: 112 sec

---2015-12-16 15:27:45
MemTotal:        2895588 kB
MemFree:           74056 kB
Buffers:           13584 kB
Cached:          1120672 kB
SwapCached:            0 kB
Active:           882364 kB
Inactive:        1022924 kB
Active(anon):     384992 kB
Inactive(anon):   391280 kB
Active(file):     497372 kB
Inactive(file):   631644 kB
Unevictable:        2968 kB
Mlocked:               0 kB
HighTotal:       2306432 kB
HighFree:          41440 kB
LowTotal:         589156 kB
LowFree:           32616 kB
SwapTotal:       1048572 kB
SwapFree:        1048572 kB
Dirty:                76 kB
Writeback:             0 kB
AnonPages:        773968 kB
Mapped:           468696 kB
Shmem:              2252 kB
Slab:              55932 kB
SReclaimable:      19992 kB
SUnreclaim:        35940 kB
KernelStack:       13896 kB
PageTables:        41148 kB
NFS_Unstable:          0 kB
Bounce:                0 kB
WritebackTmp:          0 kB
CommitLimit:     2496364 kB
Committed_AS:   85232636 kB
VmallocTotal:     385024 kB
VmallocUsed:      158412 kB
VmallocChunk:      75844 kB
Time pass: 115 sec

---2015-12-16 15:27:45
MemTotal:        2895588 kB
MemFree:           74300 kB
Buffers:           13592 kB
Cached:          1120880 kB
SwapCached:            0 kB
Active:           883072 kB
Inactive:        1022776 kB
Active(anon):     385676 kB
Inactive(anon):   391092 kB
Active(file):     497396 kB
Inactive(file):   631684 kB
Unevictable:        2968 kB
Mlocked:               0 kB
HighTotal:       2306432 kB
HighFree:          41440 kB
LowTotal:         589156 kB
LowFree:           32860 kB
SwapTotal:       1048572 kB
SwapFree:        1048572 kB
Dirty:                24 kB
Writeback:             0 kB
AnonPages:        774412 kB
Mapped:           468856 kB
Shmem:              2416 kB
Slab:              55932 kB
SReclaimable:      19992 kB
SUnreclaim:        35940 kB
KernelStack:       13800 kB
PageTables:        41132 kB
NFS_Unstable:          0 kB
Bounce:                0 kB
WritebackTmp:          0 kB
CommitLimit:     2496364 kB
Committed_AS:   85232500 kB
VmallocTotal:     385024 kB
VmallocUsed:      158412 kB
VmallocChunk:      75844 kB
Time pass: 119 sec

---2015-12-16 15:27:45
MemTotal:        2895588 kB
MemFree:           73700 kB
Buffers:           13596 kB
Cached:          1120928 kB
SwapCached:            0 kB
Active:           883432 kB
Inactive:        1022828 kB
Active(anon):     386024 kB
Inactive(anon):   391128 kB
Active(file):     497408 kB
Inactive(file):   631700 kB
Unevictable:        2968 kB
Mlocked:               0 kB
HighTotal:       2306432 kB
HighFree:          40840 kB
LowTotal:         589156 kB
LowFree:           32860 kB
SwapTotal:       1048572 kB
SwapFree:        1048572 kB
Dirty:                76 kB
Writeback:             0 kB
AnonPages:        774928 kB
Mapped:           469200 kB
Shmem:              2416 kB
Slab:              55932 kB
SReclaimable:      19992 kB
SUnreclaim:        35940 kB
KernelStack:       13800 kB
PageTables:        41152 kB
NFS_Unstable:          0 kB
Bounce:                0 kB
WritebackTmp:          0 kB
CommitLimit:     2496364 kB
Committed_AS:   85235404 kB
VmallocTotal:     385024 kB
VmallocUsed:      158412 kB
VmallocChunk:      75844 kB
Time pass: 122 sec

---2015-12-16 15:27:45
MemTotal:        2895588 kB
MemFree:           78852 kB
Buffers:           13604 kB
Cached:          1120748 kB
SwapCached:            0 kB
Active:           877880 kB
Inactive:        1022580 kB
Active(anon):     380456 kB
Inactive(anon):   390336 kB
Active(file):     497424 kB
Inactive(file):   632244 kB
Unevictable:        2968 kB
Mlocked:               0 kB
HighTotal:       2306432 kB
HighFree:          42956 kB
LowTotal:         589156 kB
LowFree:           35896 kB
SwapTotal:       1048572 kB
SwapFree:        1048572 kB
Dirty:                36 kB
Writeback:             0 kB
AnonPages:        768528 kB
Mapped:           468268 kB
Shmem:              1716 kB
Slab:              55952 kB
SReclaimable:      19992 kB
SUnreclaim:        35960 kB
KernelStack:       13608 kB
PageTables:        40844 kB
NFS_Unstable:          0 kB
Bounce:                0 kB
WritebackTmp:          0 kB
CommitLimit:     2496364 kB
Committed_AS:   85221560 kB
VmallocTotal:     385024 kB
VmallocUsed:      156288 kB
VmallocChunk:      75844 kB
Time pass: 126 sec

---2015-12-16 15:27:45
MemTotal:        2895588 kB
MemFree:          408300 kB
Buffers:           13552 kB
Cached:          1113900 kB
SwapCached:            0 kB
Active:           798576 kB
Inactive:        1015288 kB
Active(anon):     300880 kB
Inactive(anon):   390084 kB
Active(file):     497696 kB
Inactive(file):   625204 kB
Unevictable:        2968 kB
Mlocked:               0 kB
HighTotal:       2306432 kB
HighFree:         285944 kB
LowTotal:         589156 kB
LowFree:          122356 kB
SwapTotal:       1048572 kB
SwapFree:        1048572 kB
Dirty:                 0 kB
Writeback:             0 kB
AnonPages:        689608 kB
Mapped:           428624 kB
Shmem:              1584 kB
Slab:              55928 kB
SReclaimable:      19992 kB
SUnreclaim:        35936 kB
KernelStack:       12768 kB
PageTables:        39140 kB
NFS_Unstable:          0 kB
Bounce:                0 kB
WritebackTmp:          0 kB
CommitLimit:     2496364 kB
Committed_AS:   82589380 kB
VmallocTotal:     385024 kB
VmallocUsed:      151384 kB
VmallocChunk:      75844 kB
Time pass: 129 sec

---2015-12-16 15:27:45
MemTotal:        2895588 kB
MemFree:          408516 kB
Buffers:           13560 kB
Cached:          1113844 kB
SwapCached:            0 kB
Active:           798512 kB
Inactive:        1015192 kB
Active(anon):     300816 kB
Inactive(anon):   390044 kB
Active(file):     497696 kB
Inactive(file):   625148 kB
Unevictable:        2968 kB
Mlocked:               0 kB
HighTotal:       2306432 kB
HighFree:         286120 kB
LowTotal:         589156 kB
LowFree:          122396 kB
SwapTotal:       1048572 kB
SwapFree:        1048572 kB
Dirty:                48 kB
Writeback:             0 kB
AnonPages:        689820 kB
Mapped:           428624 kB
Shmem:              1584 kB
Slab:              55920 kB
SReclaimable:      19992 kB
SUnreclaim:        35928 kB
KernelStack:       12760 kB
PageTables:        39140 kB
NFS_Unstable:          0 kB
Bounce:                0 kB
WritebackTmp:          0 kB
CommitLimit:     2496364 kB
Committed_AS:   82589720 kB
VmallocTotal:     385024 kB
VmallocUsed:      151384 kB
VmallocChunk:      75844 kB
Time pass: 133 sec

---2015-12-16 15:27:45
MemTotal:        2895588 kB
MemFree:          410220 kB
Buffers:           13568 kB
Cached:          1113900 kB
SwapCached:            0 kB
Active:           797140 kB
Inactive:        1015256 kB
Active(anon):     299444 kB
Inactive(anon):   390044 kB
Active(file):     497696 kB
Inactive(file):   625212 kB
Unevictable:        2968 kB
Mlocked:               0 kB
HighTotal:       2306432 kB
HighFree:         287608 kB
LowTotal:         589156 kB
LowFree:          122612 kB
SwapTotal:       1048572 kB
SwapFree:        1048572 kB
Dirty:                52 kB
Writeback:             0 kB
AnonPages:        688060 kB
Mapped:           428624 kB
Shmem:              1584 kB
Slab:              55920 kB
SReclaimable:      19992 kB
SUnreclaim:        35928 kB
KernelStack:       12744 kB
PageTables:        39140 kB
NFS_Unstable:          0 kB
Bounce:                0 kB
WritebackTmp:          0 kB
CommitLimit:     2496364 kB
Committed_AS:   82589848 kB
VmallocTotal:     385024 kB
VmallocUsed:      151384 kB
VmallocChunk:      75844 kB
Time pass: 136 sec

---2015-12-16 15:27:45
MemTotal:        2895588 kB
MemFree:          409744 kB
Buffers:           13568 kB
Cached:          1113900 kB
SwapCached:            0 kB
Active:           796888 kB
Inactive:        1015232 kB
Active(anon):     299192 kB
Inactive(anon):   390012 kB
Active(file):     497696 kB
Inactive(file):   625220 kB
Unevictable:        2968 kB
Mlocked:               0 kB
HighTotal:       2306432 kB
HighFree:         287124 kB
LowTotal:         589156 kB
LowFree:          122620 kB
SwapTotal:       1048572 kB
SwapFree:        1048572 kB
Dirty:                52 kB
Writeback:             0 kB
AnonPages:        688176 kB
Mapped:           428676 kB
Shmem:              1584 kB
Slab:              55900 kB
SReclaimable:      19992 kB
SUnreclaim:        35908 kB
KernelStack:       12704 kB
PageTables:        39148 kB
NFS_Unstable:          0 kB
Bounce:                0 kB
WritebackTmp:          0 kB
CommitLimit:     2496364 kB
Committed_AS:   82589848 kB
VmallocTotal:     385024 kB
VmallocUsed:      151384 kB
VmallocChunk:      75844 kB
Time pass: 140 sec

---2015-12-16 15:27:45
MemTotal:        2895588 kB
MemFree:          409420 kB
Buffers:           13568 kB
Cached:          1113900 kB
SwapCached:            0 kB
Active:           797132 kB
Inactive:        1015232 kB
Active(anon):     299436 kB
Inactive(anon):   390012 kB
Active(file):     497696 kB
Inactive(file):   625220 kB
Unevictable:        2968 kB
Mlocked:               0 kB
HighTotal:       2306432 kB
HighFree:         286700 kB
LowTotal:         589156 kB
LowFree:          122720 kB
SwapTotal:       1048572 kB
SwapFree:        1048572 kB
Dirty:                 0 kB
Writeback:             0 kB
AnonPages:        688584 kB
Mapped:           428728 kB
Shmem:              1584 kB
Slab:              55900 kB
SReclaimable:      19992 kB
SUnreclaim:        35908 kB
KernelStack:       12696 kB
PageTables:        39168 kB
NFS_Unstable:          0 kB
Bounce:                0 kB
WritebackTmp:          0 kB
CommitLimit:     2496364 kB
Committed_AS:   82589988 kB
VmallocTotal:     385024 kB
VmallocUsed:      151384 kB
VmallocChunk:      75844 kB
Time pass: 143 sec

---2015-12-16 15:27:45
MemTotal:        2895588 kB
MemFree:          409820 kB
Buffers:           13568 kB
Cached:          1113900 kB
SwapCached:            0 kB
Active:           797112 kB
Inactive:        1015232 kB
Active(anon):     299416 kB
Inactive(anon):   390012 kB
Active(file):     497696 kB
Inactive(file):   625220 kB
Unevictable:        2968 kB
Mlocked:               0 kB
HighTotal:       2306432 kB
HighFree:         287052 kB
LowTotal:         589156 kB
LowFree:          122768 kB
SwapTotal:       1048572 kB
SwapFree:        1048572 kB
Dirty:                 0 kB
Writeback:             0 kB
AnonPages:        688292 kB
Mapped:           428624 kB
Shmem:              1584 kB
Slab:              55900 kB
SReclaimable:      19992 kB
SUnreclaim:        35908 kB
KernelStack:       12696 kB
PageTables:        39128 kB
NFS_Unstable:          0 kB
Bounce:                0 kB
WritebackTmp:          0 kB
CommitLimit:     2496364 kB
Committed_AS:   82590084 kB
VmallocTotal:     385024 kB
VmallocUsed:      151384 kB
VmallocChunk:      75844 kB
Time pass: 147 sec

---2015-12-16 15:27:45
MemTotal:        2895588 kB
MemFree:          409424 kB
Buffers:           13568 kB
Cached:          1113900 kB
SwapCached:            0 kB
Active:           797476 kB
Inactive:        1015232 kB
Active(anon):     299780 kB
Inactive(anon):   390012 kB
Active(file):     497696 kB
Inactive(file):   625220 kB
Unevictable:        2968 kB
Mlocked:               0 kB
HighTotal:       2306432 kB
HighFree:         286628 kB
LowTotal:         589156 kB
LowFree:          122796 kB
SwapTotal:       1048572 kB
SwapFree:        1048572 kB
Dirty:                 0 kB
Writeback:             0 kB
AnonPages:        688332 kB
Mapped:           428676 kB
Shmem:              1584 kB
Slab:              55900 kB
SReclaimable:      19992 kB
SUnreclaim:        35908 kB
KernelStack:       12696 kB
PageTables:        39148 kB
NFS_Unstable:          0 kB
Bounce:                0 kB
WritebackTmp:          0 kB
CommitLimit:     2496364 kB
Committed_AS:   82590252 kB
VmallocTotal:     385024 kB
VmallocUsed:      151384 kB
VmallocChunk:      75844 kB
Time pass: 151 sec

---2015-12-16 15:27:45
MemTotal:        2895588 kB
MemFree:          409456 kB
Buffers:           13568 kB
Cached:          1113900 kB
SwapCached:            0 kB
Active:           797408 kB
Inactive:        1015232 kB
Active(anon):     299712 kB
Inactive(anon):   390012 kB
Active(file):     497696 kB
Inactive(file):   625220 kB
Unevictable:        2968 kB
Mlocked:               0 kB
HighTotal:       2306432 kB
HighFree:         286752 kB
LowTotal:         589156 kB
LowFree:          122704 kB
SwapTotal:       1048572 kB
SwapFree:        1048572 kB
Dirty:                 0 kB
Writeback:             0 kB
AnonPages:        688724 kB
Mapped:           428676 kB
Shmem:              1584 kB
Slab:              55900 kB
SReclaimable:      19992 kB
SUnreclaim:        35908 kB
KernelStack:       12696 kB
PageTables:        39148 kB
NFS_Unstable:          0 kB
Bounce:                0 kB
WritebackTmp:          0 kB
CommitLimit:     2496364 kB
Committed_AS:   82590404 kB
VmallocTotal:     385024 kB
VmallocUsed:      151384 kB
VmallocChunk:      75844 kB
Time pass: 154 sec

---2015-12-16 15:27:45
MemTotal:        2895588 kB
MemFree:          409416 kB
Buffers:           13568 kB
Cached:          1113900 kB
SwapCached:            0 kB
Active:           797552 kB
Inactive:        1015220 kB
Active(anon):     299856 kB
Inactive(anon):   390000 kB
Active(file):     497696 kB
Inactive(file):   625220 kB
Unevictable:        2968 kB
Mlocked:               0 kB
HighTotal:       2306432 kB
HighFree:         286556 kB
LowTotal:         589156 kB
LowFree:          122860 kB
SwapTotal:       1048572 kB
SwapFree:        1048572 kB
Dirty:                 0 kB
Writeback:             0 kB
AnonPages:        688448 kB
Mapped:           428624 kB
Shmem:              1584 kB
Slab:              55900 kB
SReclaimable:      19992 kB
SUnreclaim:        35908 kB
KernelStack:       12696 kB
PageTables:        39128 kB
NFS_Unstable:          0 kB
Bounce:                0 kB
WritebackTmp:          0 kB
CommitLimit:     2496364 kB
Committed_AS:   82590516 kB
VmallocTotal:     385024 kB
VmallocUsed:      151384 kB
VmallocChunk:      75844 kB
Time pass: 158 sec

---2015-12-16 15:27:45
MemTotal:        2895588 kB
MemFree:          409488 kB
Buffers:           13568 kB
Cached:          1113900 kB
SwapCached:            0 kB
Active:           797736 kB
Inactive:        1015220 kB
Active(anon):     300040 kB
Inactive(anon):   390000 kB
Active(file):     497696 kB
Inactive(file):   625220 kB
Unevictable:        2968 kB
Mlocked:               0 kB
HighTotal:       2306432 kB
HighFree:         286752 kB
LowTotal:         589156 kB
LowFree:          122736 kB
SwapTotal:       1048572 kB
SwapFree:        1048572 kB
Dirty:                 0 kB
Writeback:             0 kB
AnonPages:        688644 kB
Mapped:           428624 kB
Shmem:              1584 kB
Slab:              55900 kB
SReclaimable:      19992 kB
SUnreclaim:        35908 kB
KernelStack:       12696 kB
PageTables:        39128 kB
NFS_Unstable:          0 kB
Bounce:                0 kB
WritebackTmp:          0 kB
CommitLimit:     2496364 kB
Committed_AS:   82590776 kB
VmallocTotal:     385024 kB
VmallocUsed:      151384 kB
VmallocChunk:      75844 kB
Time pass: 161 sec

---2015-12-16 15:27:45
MemTotal:        2895588 kB
MemFree:          409672 kB
Buffers:           13568 kB
Cached:          1113900 kB
SwapCached:            0 kB
Active:           797712 kB
Inactive:        1015220 kB
Active(anon):     300016 kB
Inactive(anon):   390000 kB
Active(file):     497696 kB
Inactive(file):   625220 kB
Unevictable:        2968 kB
Mlocked:               0 kB
HighTotal:       2306432 kB
HighFree:         287000 kB
LowTotal:         589156 kB
LowFree:          122672 kB
SwapTotal:       1048572 kB
SwapFree:        1048572 kB
Dirty:                 0 kB
Writeback:             0 kB
AnonPages:        688920 kB
Mapped:           428624 kB
Shmem:              1584 kB
Slab:              55900 kB
SReclaimable:      19992 kB
SUnreclaim:        35908 kB
KernelStack:       12696 kB
PageTables:        39132 kB
NFS_Unstable:          0 kB
Bounce:                0 kB
WritebackTmp:          0 kB
CommitLimit:     2496364 kB
Committed_AS:   82590884 kB
VmallocTotal:     385024 kB
VmallocUsed:      151384 kB
VmallocChunk:      75844 kB
Time pass: 165 sec

---2015-12-16 15:27:45
MemTotal:        2895588 kB
MemFree:          399464 kB
Buffers:           13700 kB
Cached:          1113764 kB
SwapCached:            0 kB
Active:           809152 kB
Inactive:        1014604 kB
Active(anon):     310796 kB
Inactive(anon):   389984 kB
Active(file):     498356 kB
Inactive(file):   624620 kB
Unevictable:        2968 kB
Mlocked:               0 kB
HighTotal:       2306432 kB
HighFree:         276564 kB
LowTotal:         589156 kB
LowFree:          122900 kB
SwapTotal:       1048572 kB
SwapFree:        1048572 kB
Dirty:               584 kB
Writeback:             0 kB
AnonPages:        699020 kB
Mapped:           444584 kB
Shmem:              1584 kB
Slab:              55900 kB
SReclaimable:      19992 kB
SUnreclaim:        35908 kB
KernelStack:       12712 kB
PageTables:        39584 kB
NFS_Unstable:          0 kB
Bounce:                0 kB
WritebackTmp:          0 kB
CommitLimit:     2496364 kB
Committed_AS:   83885684 kB
VmallocTotal:     385024 kB
VmallocUsed:      152432 kB
VmallocChunk:      75844 kB
Time pass: 168 sec

---2015-12-16 15:27:45
MemTotal:        2895588 kB
MemFree:          247476 kB
Buffers:           13732 kB
Cached:          1115344 kB
SwapCached:            0 kB
Active:           830104 kB
Inactive:        1014696 kB
Active(anon):     330420 kB
Inactive(anon):   389992 kB
Active(file):     499684 kB
Inactive(file):   624704 kB
Unevictable:        2968 kB
Mlocked:               0 kB
HighTotal:       2306432 kB
HighFree:         126348 kB
LowTotal:         589156 kB
LowFree:          121128 kB
SwapTotal:       1048572 kB
SwapFree:        1048572 kB
Dirty:              1776 kB
Writeback:             0 kB
AnonPages:        719432 kB
Mapped:           456940 kB
Shmem:              1716 kB
Slab:              55896 kB
SReclaimable:      20016 kB
SUnreclaim:        35880 kB
KernelStack:       13432 kB
PageTables:        40328 kB
NFS_Unstable:          0 kB
Bounce:                0 kB
WritebackTmp:          0 kB
CommitLimit:     2496364 kB
Committed_AS:   83926712 kB
VmallocTotal:     385024 kB
VmallocUsed:      153096 kB
VmallocChunk:      75844 kB
Time pass: 172 sec

---2015-12-16 15:27:45
MemTotal:        2895588 kB
MemFree:          181284 kB
Buffers:           13732 kB
Cached:          1116588 kB
SwapCached:            0 kB
Active:           847952 kB
Inactive:        1012500 kB
Active(anon):     346604 kB
Inactive(anon):   388228 kB
Active(file):     501348 kB
Inactive(file):   624272 kB
Unevictable:        2968 kB
Mlocked:               0 kB
HighTotal:       2306432 kB
HighFree:          57208 kB
LowTotal:         589156 kB
LowFree:          124076 kB
SwapTotal:       1048572 kB
SwapFree:        1048572 kB
Dirty:              1512 kB
Writeback:             0 kB
AnonPages:        733508 kB
Mapped:           458800 kB
Shmem:              1716 kB
Slab:              55976 kB
SReclaimable:      20016 kB
SUnreclaim:        35960 kB
KernelStack:       13488 kB
PageTables:        40440 kB
NFS_Unstable:          0 kB
Bounce:                0 kB
WritebackTmp:          0 kB
CommitLimit:     2496364 kB
Committed_AS:   83938844 kB
VmallocTotal:     385024 kB
VmallocUsed:      153708 kB
VmallocChunk:      75844 kB
Time pass: 176 sec

---2015-12-16 15:27:45
MemTotal:        2895588 kB
MemFree:          182664 kB
Buffers:           13740 kB
Cached:          1116604 kB
SwapCached:            0 kB
Active:           846848 kB
Inactive:        1012500 kB
Active(anon):     345484 kB
Inactive(anon):   388224 kB
Active(file):     501364 kB
Inactive(file):   624276 kB
Unevictable:        2968 kB
Mlocked:               0 kB
HighTotal:       2306432 kB
HighFree:          58448 kB
LowTotal:         589156 kB
LowFree:          124216 kB
SwapTotal:       1048572 kB
SwapFree:        1048572 kB
Dirty:                 0 kB
Writeback:             0 kB
AnonPages:        732256 kB
Mapped:           458800 kB
Shmem:              1716 kB
Slab:              55980 kB
SReclaimable:      20020 kB
SUnreclaim:        35960 kB
KernelStack:       13488 kB
PageTables:        40240 kB
NFS_Unstable:          0 kB
Bounce:                0 kB
WritebackTmp:          0 kB
CommitLimit:     2496364 kB
Committed_AS:   83939004 kB
VmallocTotal:     385024 kB
VmallocUsed:      153676 kB
VmallocChunk:      75844 kB
Time pass: 179 sec

---2015-12-16 15:27:45
MemTotal:        2895588 kB
MemFree:          181092 kB
Buffers:           13748 kB
Cached:          1116868 kB
SwapCached:            0 kB
Active:           850520 kB
Inactive:        1012348 kB
Active(anon):     348744 kB
Inactive(anon):   388196 kB
Active(file):     501776 kB
Inactive(file):   624152 kB
Unevictable:        2968 kB
Mlocked:               0 kB
HighTotal:       2306432 kB
HighFree:          56656 kB
LowTotal:         589156 kB
LowFree:          124436 kB
SwapTotal:       1048572 kB
SwapFree:        1048572 kB
Dirty:               340 kB
Writeback:             0 kB
AnonPages:        735628 kB
Mapped:           458976 kB
Shmem:              1716 kB
Slab:              55980 kB
SReclaimable:      20020 kB
SUnreclaim:        35960 kB
KernelStack:       13488 kB
PageTables:        40260 kB
NFS_Unstable:          0 kB
Bounce:                0 kB
WritebackTmp:          0 kB
CommitLimit:     2496364 kB
Committed_AS:   83943380 kB
VmallocTotal:     385024 kB
VmallocUsed:      153692 kB
VmallocChunk:      75844 kB
Time pass: 183 sec

---2015-12-16 15:27:45
MemTotal:        2895588 kB
MemFree:          179764 kB
Buffers:           13748 kB
Cached:          1116868 kB
SwapCached:            0 kB
Active:           850432 kB
Inactive:        1012296 kB
Active(anon):     348604 kB
Inactive(anon):   388196 kB
Active(file):     501828 kB
Inactive(file):   624100 kB
Unevictable:        2968 kB
Mlocked:               0 kB
HighTotal:       2306432 kB
HighFree:          55472 kB
LowTotal:         589156 kB
LowFree:          124292 kB
SwapTotal:       1048572 kB
SwapFree:        1048572 kB
Dirty:               340 kB
Writeback:             0 kB
AnonPages:        735700 kB
Mapped:           459028 kB
Shmem:              1716 kB
Slab:              55968 kB
SReclaimable:      20020 kB
SUnreclaim:        35948 kB
KernelStack:       13488 kB
PageTables:        40280 kB
NFS_Unstable:          0 kB
Bounce:                0 kB
WritebackTmp:          0 kB
CommitLimit:     2496364 kB
Committed_AS:   83943664 kB
VmallocTotal:     385024 kB
VmallocUsed:      153692 kB
VmallocChunk:      75844 kB
Time pass: 186 sec

---2015-12-16 15:27:45
MemTotal:        2895588 kB
MemFree:          140764 kB
Buffers:           13756 kB
Cached:          1116892 kB
SwapCached:            0 kB
Active:           858304 kB
Inactive:        1012336 kB
Active(anon):     356504 kB
Inactive(anon):   388172 kB
Active(file):     501800 kB
Inactive(file):   624164 kB
Unevictable:        2968 kB
Mlocked:               0 kB
HighTotal:       2306432 kB
HighFree:          39352 kB
LowTotal:         589156 kB
LowFree:          101412 kB
SwapTotal:       1048572 kB
SwapFree:        1048572 kB
Dirty:               536 kB
Writeback:             0 kB
AnonPages:        743116 kB
Mapped:           459404 kB
Shmem:              1716 kB
Slab:              56008 kB
SReclaimable:      20020 kB
SUnreclaim:        35988 kB
KernelStack:       13520 kB
PageTables:        40300 kB
NFS_Unstable:          0 kB
Bounce:                0 kB
WritebackTmp:          0 kB
CommitLimit:     2496364 kB
Committed_AS:   83952584 kB
VmallocTotal:     385024 kB
VmallocUsed:      153664 kB
VmallocChunk:      75844 kB
Time pass: 190 sec

---2015-12-16 15:27:45
MemTotal:        2895588 kB
MemFree:          140052 kB
Buffers:           13764 kB
Cached:          1116892 kB
SwapCached:            0 kB
Active:           858208 kB
Inactive:        1012320 kB
Active(anon):     356408 kB
Inactive(anon):   388148 kB
Active(file):     501800 kB
Inactive(file):   624172 kB
Unevictable:        2968 kB
Mlocked:               0 kB
HighTotal:       2306432 kB
HighFree:          38452 kB
LowTotal:         589156 kB
LowFree:          101600 kB
SwapTotal:       1048572 kB
SwapFree:        1048572 kB
Dirty:                76 kB
Writeback:             0 kB
AnonPages:        742992 kB
Mapped:           459404 kB
Shmem:              1716 kB
Slab:              55940 kB
SReclaimable:      20020 kB
SUnreclaim:        35920 kB
KernelStack:       13520 kB
PageTables:        40268 kB
NFS_Unstable:          0 kB
Bounce:                0 kB
WritebackTmp:          0 kB
CommitLimit:     2496364 kB
Committed_AS:   83951936 kB
VmallocTotal:     385024 kB
VmallocUsed:      153664 kB
VmallocChunk:      75844 kB
Time pass: 194 sec

---2015-12-16 15:27:45
MemTotal:        2895588 kB
MemFree:          139680 kB
Buffers:           13772 kB
Cached:          1116884 kB
SwapCached:            0 kB
Active:           858004 kB
Inactive:        1012320 kB
Active(anon):     356204 kB
Inactive(anon):   388148 kB
Active(file):     501800 kB
Inactive(file):   624172 kB
Unevictable:        2968 kB
Mlocked:               0 kB
HighTotal:       2306432 kB
HighFree:          38328 kB
LowTotal:         589156 kB
LowFree:          101352 kB
SwapTotal:       1048572 kB
SwapFree:        1048572 kB
Dirty:                76 kB
Writeback:             0 kB
AnonPages:        742828 kB
Mapped:           459456 kB
Shmem:              1716 kB
Slab:              55940 kB
SReclaimable:      20020 kB
SUnreclaim:        35920 kB
KernelStack:       13520 kB
PageTables:        40296 kB
NFS_Unstable:          0 kB
Bounce:                0 kB
WritebackTmp:          0 kB
CommitLimit:     2496364 kB
Committed_AS:   83952048 kB
VmallocTotal:     385024 kB
VmallocUsed:      153664 kB
VmallocChunk:      75844 kB
Time pass: 197 sec

---2015-12-16 15:27:45
MemTotal:        2895588 kB
MemFree:          132908 kB
Buffers:           13804 kB
Cached:          1117052 kB
SwapCached:            0 kB
Active:           866432 kB
Inactive:        1012452 kB
Active(anon):     364620 kB
Inactive(anon):   388240 kB
Active(file):     501812 kB
Inactive(file):   624212 kB
Unevictable:        2968 kB
Mlocked:               0 kB
HighTotal:       2306432 kB
HighFree:          37616 kB
LowTotal:         589156 kB
LowFree:           95292 kB
SwapTotal:       1048572 kB
SwapFree:        1048572 kB
Dirty:                60 kB
Writeback:             0 kB
AnonPages:        751156 kB
Mapped:           462920 kB
Shmem:              1864 kB
Slab:              55900 kB
SReclaimable:      20036 kB
SUnreclaim:        35864 kB
KernelStack:       13760 kB
PageTables:        40420 kB
NFS_Unstable:          0 kB
Bounce:                0 kB
WritebackTmp:          0 kB
CommitLimit:     2496364 kB
Committed_AS:   83962812 kB
VmallocTotal:     385024 kB
VmallocUsed:      156148 kB
VmallocChunk:      75844 kB
Time pass: 201 sec

---2015-12-16 15:27:45
MemTotal:        2895588 kB
MemFree:          123316 kB
Buffers:           13804 kB
Cached:          1117124 kB
SwapCached:            0 kB
Active:           867704 kB
Inactive:        1012508 kB
Active(anon):     365888 kB
Inactive(anon):   388296 kB
Active(file):     501816 kB
Inactive(file):   624212 kB
Unevictable:        2968 kB
Mlocked:               0 kB
HighTotal:       2306432 kB
HighFree:          41956 kB
LowTotal:         589156 kB
LowFree:           81360 kB
SwapTotal:       1048572 kB
SwapFree:        1048572 kB
Dirty:                 8 kB
Writeback:             0 kB
AnonPages:        752736 kB
Mapped:           463080 kB
Shmem:              1932 kB
Slab:              55896 kB
SReclaimable:      20036 kB
SUnreclaim:        35860 kB
KernelStack:       13744 kB
PageTables:        40548 kB
NFS_Unstable:          0 kB
Bounce:                0 kB
WritebackTmp:          0 kB
CommitLimit:     2496364 kB
Committed_AS:   83963064 kB
VmallocTotal:     385024 kB
VmallocUsed:      156148 kB
VmallocChunk:      75844 kB
Time pass: 205 sec

---2015-12-16 15:27:45
MemTotal:        2895588 kB
MemFree:          111820 kB
Buffers:           13812 kB
Cached:          1117252 kB
SwapCached:            0 kB
Active:           868744 kB
Inactive:        1012604 kB
Active(anon):     366928 kB
Inactive(anon):   388384 kB
Active(file):     501816 kB
Inactive(file):   624220 kB
Unevictable:        2968 kB
Mlocked:               0 kB
HighTotal:       2306432 kB
HighFree:          40592 kB
LowTotal:         589156 kB
LowFree:           71228 kB
SwapTotal:       1048572 kB
SwapFree:        1048572 kB
Dirty:                48 kB
Writeback:             0 kB
AnonPages:        753608 kB
Mapped:           463208 kB
Shmem:              2060 kB
Slab:              55900 kB
SReclaimable:      20036 kB
SUnreclaim:        35864 kB
KernelStack:       13744 kB
PageTables:        40548 kB
NFS_Unstable:          0 kB
Bounce:                0 kB
WritebackTmp:          0 kB
CommitLimit:     2496364 kB
Committed_AS:   83963196 kB
VmallocTotal:     385024 kB
VmallocUsed:      156168 kB
VmallocChunk:      75844 kB
Time pass: 209 sec

---2015-12-16 15:27:45
MemTotal:        2895588 kB
MemFree:          110520 kB
Buffers:           13820 kB
Cached:          1117280 kB
SwapCached:            0 kB
Active:           869312 kB
Inactive:        1012600 kB
Active(anon):     367496 kB
Inactive(anon):   388372 kB
Active(file):     501816 kB
Inactive(file):   624228 kB
Unevictable:        2968 kB
Mlocked:               0 kB
HighTotal:       2306432 kB
HighFree:          39424 kB
LowTotal:         589156 kB
LowFree:           71096 kB
SwapTotal:       1048572 kB
SwapFree:        1048572 kB
Dirty:                20 kB
Writeback:             0 kB
AnonPages:        754296 kB
Mapped:           463288 kB
Shmem:              2088 kB
Slab:              55900 kB
SReclaimable:      20036 kB
SUnreclaim:        35864 kB
KernelStack:       13744 kB
PageTables:        40596 kB
NFS_Unstable:          0 kB
Bounce:                0 kB
WritebackTmp:          0 kB
CommitLimit:     2496364 kB
Committed_AS:   83963404 kB
VmallocTotal:     385024 kB
VmallocUsed:      156168 kB
VmallocChunk:      75844 kB
Time pass: 212 sec

---2015-12-16 15:27:45
MemTotal:        2895588 kB
MemFree:           99860 kB
Buffers:           13868 kB
Cached:          1117108 kB
SwapCached:            0 kB
Active:           880540 kB
Inactive:        1012256 kB
Active(anon):     378576 kB
Inactive(anon):   388140 kB
Active(file):     501964 kB
Inactive(file):   624116 kB
Unevictable:        2968 kB
Mlocked:               0 kB
HighTotal:       2306432 kB
HighFree:          39164 kB
LowTotal:         589156 kB
LowFree:           60696 kB
SwapTotal:       1048572 kB
SwapFree:        1048572 kB
Dirty:                56 kB
Writeback:             0 kB
AnonPages:        764892 kB
Mapped:           463236 kB
Shmem:              1912 kB
Slab:              55904 kB
SReclaimable:      20036 kB
SUnreclaim:        35868 kB
KernelStack:       13656 kB
PageTables:        40360 kB
NFS_Unstable:          0 kB
Bounce:                0 kB
WritebackTmp:          0 kB
CommitLimit:     2496364 kB
Committed_AS:   83988224 kB
VmallocTotal:     385024 kB
VmallocUsed:      157508 kB
VmallocChunk:      75844 kB
Time pass: 216 sec

---2015-12-16 15:27:45
MemTotal:        2895588 kB
MemFree:           98372 kB
Buffers:           13884 kB
Cached:          1117288 kB
SwapCached:            0 kB
Active:           881088 kB
Inactive:        1012480 kB
Active(anon):     379124 kB
Inactive(anon):   388332 kB
Active(file):     501964 kB
Inactive(file):   624148 kB
Unevictable:        2968 kB
Mlocked:               0 kB
HighTotal:       2306432 kB
HighFree:          38112 kB
LowTotal:         589156 kB
LowFree:           60260 kB
SwapTotal:       1048572 kB
SwapFree:        1048572 kB
Dirty:                56 kB
Writeback:             0 kB
AnonPages:        765540 kB
Mapped:           463316 kB
Shmem:              2092 kB
Slab:              55904 kB
SReclaimable:      20036 kB
SUnreclaim:        35868 kB
KernelStack:       13752 kB
PageTables:        40472 kB
NFS_Unstable:          0 kB
Bounce:                0 kB
WritebackTmp:          0 kB
CommitLimit:     2496364 kB
Committed_AS:   83988484 kB
VmallocTotal:     385024 kB
VmallocUsed:      157832 kB
VmallocChunk:      75844 kB
Time pass: 219 sec

---2015-12-16 15:27:45
MemTotal:        2895588 kB
MemFree:           95716 kB
Buffers:           13908 kB
Cached:          1117292 kB
SwapCached:            0 kB
Active:           883696 kB
Inactive:        1012460 kB
Active(anon):     381732 kB
Inactive(anon):   388296 kB
Active(file):     501964 kB
Inactive(file):   624164 kB
Unevictable:        2968 kB
Mlocked:               0 kB
HighTotal:       2306432 kB
HighFree:          38608 kB
LowTotal:         589156 kB
LowFree:           57108 kB
SwapTotal:       1048572 kB
SwapFree:        1048572 kB
Dirty:                40 kB
Writeback:             0 kB
AnonPages:        768144 kB
Mapped:           463372 kB
Shmem:              2096 kB
Slab:              55920 kB
SReclaimable:      20036 kB
SUnreclaim:        35884 kB
KernelStack:       13752 kB
PageTables:        40492 kB
NFS_Unstable:          0 kB
Bounce:                0 kB
WritebackTmp:          0 kB
CommitLimit:     2496364 kB
Committed_AS:   83988772 kB
VmallocTotal:     385024 kB
VmallocUsed:      157832 kB
VmallocChunk:      75844 kB
Time pass: 223 sec

---2015-12-16 15:27:45
MemTotal:        2895588 kB
MemFree:           94580 kB
Buffers:           13908 kB
Cached:          1117296 kB
SwapCached:            0 kB
Active:           884560 kB
Inactive:        1012424 kB
Active(anon):     382596 kB
Inactive(anon):   388252 kB
Active(file):     501964 kB
Inactive(file):   624172 kB
Unevictable:        2968 kB
Mlocked:               0 kB
HighTotal:       2306432 kB
HighFree:          37988 kB
LowTotal:         589156 kB
LowFree:           56592 kB
SwapTotal:       1048572 kB
SwapFree:        1048572 kB
Dirty:                 0 kB
Writeback:             0 kB
AnonPages:        769028 kB
Mapped:           463376 kB
Shmem:              2100 kB
Slab:              55920 kB
SReclaimable:      20036 kB
SUnreclaim:        35884 kB
KernelStack:       13752 kB
PageTables:        40492 kB
NFS_Unstable:          0 kB
Bounce:                0 kB
WritebackTmp:          0 kB
CommitLimit:     2496364 kB
Committed_AS:   83988996 kB
VmallocTotal:     385024 kB
VmallocUsed:      157832 kB
VmallocChunk:      75844 kB
Time pass: 226 sec

---2015-12-16 15:27:45
MemTotal:        2895588 kB
MemFree:           93076 kB
Buffers:           13916 kB
Cached:          1117332 kB
SwapCached:            0 kB
Active:           885384 kB
Inactive:        1012460 kB
Active(anon):     383420 kB
Inactive(anon):   388288 kB
Active(file):     501964 kB
Inactive(file):   624172 kB
Unevictable:        2968 kB
Mlocked:               0 kB
HighTotal:       2306432 kB
HighFree:          37864 kB
LowTotal:         589156 kB
LowFree:           55212 kB
SwapTotal:       1048572 kB
SwapFree:        1048572 kB
Dirty:                32 kB
Writeback:             0 kB
AnonPages:        769568 kB
Mapped:           463464 kB
Shmem:              2136 kB
Slab:              55920 kB
SReclaimable:      20036 kB
SUnreclaim:        35884 kB
KernelStack:       13744 kB
PageTables:        40520 kB
NFS_Unstable:          0 kB
Bounce:                0 kB
WritebackTmp:          0 kB
CommitLimit:     2496364 kB
Committed_AS:   83989084 kB
VmallocTotal:     385024 kB
VmallocUsed:      157832 kB
VmallocChunk:      75844 kB
Time pass: 230 sec

---2015-12-16 15:27:45
MemTotal:        2895588 kB
MemFree:           94148 kB
Buffers:           13932 kB
Cached:          1117408 kB
SwapCached:            0 kB
Active:           884268 kB
Inactive:        1012548 kB
Active(anon):     382304 kB
Inactive(anon):   388352 kB
Active(file):     501964 kB
Inactive(file):   624196 kB
Unevictable:        2968 kB
Mlocked:               0 kB
HighTotal:       2306432 kB
HighFree:          37988 kB
LowTotal:         589156 kB
LowFree:           56160 kB
SwapTotal:       1048572 kB
SwapFree:        1048572 kB
Dirty:                40 kB
Writeback:             0 kB
AnonPages:        768440 kB
Mapped:           463488 kB
Shmem:              2212 kB
Slab:              55920 kB
SReclaimable:      20036 kB
SUnreclaim:        35884 kB
KernelStack:       13728 kB
PageTables:        40500 kB
NFS_Unstable:          0 kB
Bounce:                0 kB
WritebackTmp:          0 kB
CommitLimit:     2496364 kB
Committed_AS:   83989340 kB
VmallocTotal:     385024 kB
VmallocUsed:      157832 kB
VmallocChunk:      75844 kB
Time pass: 234 sec

---2015-12-16 15:27:45
MemTotal:        2895588 kB
MemFree:           93264 kB
Buffers:           13940 kB
Cached:          1117408 kB
SwapCached:            0 kB
Active:           884668 kB
Inactive:        1012556 kB
Active(anon):     382704 kB
Inactive(anon):   388352 kB
Active(file):     501964 kB
Inactive(file):   624204 kB
Unevictable:        2968 kB
Mlocked:               0 kB
HighTotal:       2306432 kB
HighFree:          37988 kB
LowTotal:         589156 kB
LowFree:           55276 kB
SwapTotal:       1048572 kB
SwapFree:        1048572 kB
Dirty:                36 kB
Writeback:             0 kB
AnonPages:        768976 kB
Mapped:           463540 kB
Shmem:              2212 kB
Slab:              55920 kB
SReclaimable:      20036 kB
SUnreclaim:        35884 kB
KernelStack:       13728 kB
PageTables:        40524 kB
NFS_Unstable:          0 kB
Bounce:                0 kB
WritebackTmp:          0 kB
CommitLimit:     2496364 kB
Committed_AS:   83993524 kB
VmallocTotal:     385024 kB
VmallocUsed:      157832 kB
VmallocChunk:      75844 kB
Time pass: 237 sec

---2015-12-16 15:27:45
MemTotal:        2895588 kB
MemFree:           92960 kB
Buffers:           13956 kB
Cached:          1117476 kB
SwapCached:            0 kB
Active:           886216 kB
Inactive:        1012572 kB
Active(anon):     384252 kB
Inactive(anon):   388352 kB
Active(file):     501964 kB
Inactive(file):   624220 kB
Unevictable:        2968 kB
Mlocked:               0 kB
HighTotal:       2306432 kB
HighFree:          38484 kB
LowTotal:         589156 kB
LowFree:           54476 kB
SwapTotal:       1048572 kB
SwapFree:        1048572 kB
Dirty:                 0 kB
Writeback:             0 kB
AnonPages:        770484 kB
Mapped:           463608 kB
Shmem:              2280 kB
Slab:              55920 kB
SReclaimable:      20036 kB
SUnreclaim:        35884 kB
KernelStack:       13728 kB
PageTables:        40524 kB
NFS_Unstable:          0 kB
Bounce:                0 kB
WritebackTmp:          0 kB
CommitLimit:     2496364 kB
Committed_AS:   83993788 kB
VmallocTotal:     385024 kB
VmallocUsed:      157832 kB
VmallocChunk:      75844 kB
Time pass: 241 sec

---2015-12-16 15:27:45
MemTotal:        2895588 kB
MemFree:           91604 kB
Buffers:           13964 kB
Cached:          1117468 kB
SwapCached:            0 kB
Active:           886740 kB
Inactive:        1012664 kB
Active(anon):     384776 kB
Inactive(anon):   388444 kB
Active(file):     501964 kB
Inactive(file):   624220 kB
Unevictable:        2968 kB
Mlocked:               0 kB
HighTotal:       2306432 kB
HighFree:          37988 kB
LowTotal:         589156 kB
LowFree:           53616 kB
SwapTotal:       1048572 kB
SwapFree:        1048572 kB
Dirty:                 0 kB
Writeback:             0 kB
AnonPages:        770856 kB
Mapped:           463556 kB
Shmem:              2280 kB
Slab:              55920 kB
SReclaimable:      20036 kB
SUnreclaim:        35884 kB
KernelStack:       13728 kB
PageTables:        40508 kB
NFS_Unstable:          0 kB
Bounce:                0 kB
WritebackTmp:          0 kB
CommitLimit:     2496364 kB
Committed_AS:   83993948 kB
VmallocTotal:     385024 kB
VmallocUsed:      157832 kB
VmallocChunk:      75844 kB
Time pass: 244 sec

---2015-12-16 15:27:45
MemTotal:        2895588 kB
MemFree:           91628 kB
Buffers:           13980 kB
Cached:          1117476 kB
SwapCached:            0 kB
Active:           887032 kB
Inactive:        1012700 kB
Active(anon):     385084 kB
Inactive(anon):   388440 kB
Active(file):     501948 kB
Inactive(file):   624260 kB
Unevictable:        2968 kB
Mlocked:               0 kB
HighTotal:       2306432 kB
HighFree:          38484 kB
LowTotal:         589156 kB
LowFree:           53144 kB
SwapTotal:       1048572 kB
SwapFree:        1048572 kB
Dirty:                60 kB
Writeback:             0 kB
AnonPages:        771292 kB
Mapped:           463556 kB
Shmem:              2280 kB
Slab:              55920 kB
SReclaimable:      20036 kB
SUnreclaim:        35884 kB
KernelStack:       13728 kB
PageTables:        40508 kB
NFS_Unstable:          0 kB
Bounce:                0 kB
WritebackTmp:          0 kB
CommitLimit:     2496364 kB
Committed_AS:   83994020 kB
VmallocTotal:     385024 kB
VmallocUsed:      157832 kB
VmallocChunk:      75844 kB
Time pass: 248 sec

---2015-12-16 15:27:45
MemTotal:        2895588 kB
MemFree:           91796 kB
Buffers:           13980 kB
Cached:          1117476 kB
SwapCached:            0 kB
Active:           887200 kB
Inactive:        1012676 kB
Active(anon):     385252 kB
Inactive(anon):   388416 kB
Active(file):     501948 kB
Inactive(file):   624260 kB
Unevictable:        2968 kB
Mlocked:               0 kB
HighTotal:       2306432 kB
HighFree:          37988 kB
LowTotal:         589156 kB
LowFree:           53808 kB
SwapTotal:       1048572 kB
SwapFree:        1048572 kB
Dirty:                 0 kB
Writeback:             0 kB
AnonPages:        771536 kB
Mapped:           463556 kB
Shmem:              2280 kB
Slab:              55924 kB
SReclaimable:      20036 kB
SUnreclaim:        35888 kB
KernelStack:       13728 kB
PageTables:        40508 kB
NFS_Unstable:          0 kB
Bounce:                0 kB
WritebackTmp:          0 kB
CommitLimit:     2496364 kB
Committed_AS:   83994268 kB
VmallocTotal:     385024 kB
VmallocUsed:      157832 kB
VmallocChunk:      75844 kB
Time pass: 251 sec

---2015-12-16 15:27:45
MemTotal:        2895588 kB
MemFree:           96884 kB
Buffers:           14020 kB
Cached:          1117156 kB
SwapCached:            0 kB
Active:           882920 kB
Inactive:        1012392 kB
Active(anon):     380968 kB
Inactive(anon):   388088 kB
Active(file):     501952 kB
Inactive(file):   624304 kB
Unevictable:        2968 kB
Mlocked:               0 kB
HighTotal:       2306432 kB
HighFree:          37864 kB
LowTotal:         589156 kB
LowFree:           59020 kB
SwapTotal:       1048572 kB
SwapFree:        1048572 kB
Dirty:                64 kB
Writeback:             0 kB
AnonPages:        767212 kB
Mapped:           463228 kB
Shmem:              1952 kB
Slab:              55928 kB
SReclaimable:      20040 kB
SUnreclaim:        35888 kB
KernelStack:       13736 kB
PageTables:        40504 kB
NFS_Unstable:          0 kB
Bounce:                0 kB
WritebackTmp:          0 kB
CommitLimit:     2496364 kB
Committed_AS:   83994564 kB
VmallocTotal:     385024 kB
VmallocUsed:      156468 kB
VmallocChunk:      75844 kB
Time pass: 255 sec

---2015-12-16 15:27:45
MemTotal:        2895588 kB
MemFree:           94836 kB
Buffers:           14020 kB
Cached:          1117224 kB
SwapCached:            0 kB
Active:           884164 kB
Inactive:        1012460 kB
Active(anon):     382212 kB
Inactive(anon):   388156 kB
Active(file):     501952 kB
Inactive(file):   624304 kB
Unevictable:        2968 kB
Mlocked:               0 kB
HighTotal:       2306432 kB
HighFree:          37864 kB
LowTotal:         589156 kB
LowFree:           56972 kB
SwapTotal:       1048572 kB
SwapFree:        1048572 kB
Dirty:                 4 kB
Writeback:             0 kB
AnonPages:        768164 kB
Mapped:           463296 kB
Shmem:              2020 kB
Slab:              55928 kB
SReclaimable:      20040 kB
SUnreclaim:        35888 kB
KernelStack:       13720 kB
PageTables:        40596 kB
NFS_Unstable:          0 kB
Bounce:                0 kB
WritebackTmp:          0 kB
CommitLimit:     2496364 kB
Committed_AS:   83994760 kB
VmallocTotal:     385024 kB
VmallocUsed:      156468 kB
VmallocChunk:      75844 kB
Time pass: 259 sec

---2015-12-16 15:27:45
MemTotal:        2895588 kB
MemFree:           94968 kB
Buffers:           14028 kB
Cached:          1117328 kB
SwapCached:            0 kB
Active:           884020 kB
Inactive:        1012572 kB
Active(anon):     382068 kB
Inactive(anon):   388260 kB
Active(file):     501952 kB
Inactive(file):   624312 kB
Unevictable:        2968 kB
Mlocked:               0 kB
HighTotal:       2306432 kB
HighFree:          37864 kB
LowTotal:         589156 kB
LowFree:           57104 kB
SwapTotal:       1048572 kB
SwapFree:        1048572 kB
Dirty:                 0 kB
Writeback:             0 kB
AnonPages:        768324 kB
Mapped:           463400 kB
Shmem:              2124 kB
Slab:              55928 kB
SReclaimable:      20040 kB
SUnreclaim:        35888 kB
KernelStack:       13720 kB
PageTables:        40596 kB
NFS_Unstable:          0 kB
Bounce:                0 kB
WritebackTmp:          0 kB
CommitLimit:     2496364 kB
Committed_AS:   83994988 kB
VmallocTotal:     385024 kB
VmallocUsed:      156468 kB
VmallocChunk:      75844 kB
Time pass: 263 sec

---2015-12-16 15:27:45
MemTotal:        2895588 kB
MemFree:           93796 kB
Buffers:           14036 kB
Cached:          1117416 kB
SwapCached:            0 kB
Active:           883652 kB
Inactive:        1012432 kB
Active(anon):     381700 kB
Inactive(anon):   388116 kB
Active(file):     501952 kB
Inactive(file):   624316 kB
Unevictable:        2968 kB
Mlocked:               0 kB
HighTotal:       2306432 kB
HighFree:          38060 kB
LowTotal:         589156 kB
LowFree:           55736 kB
SwapTotal:       1048572 kB
SwapFree:        1048572 kB
Dirty:                 8 kB
Writeback:             0 kB
AnonPages:        767772 kB
Mapped:           463488 kB
Shmem:              2216 kB
Slab:              55928 kB
SReclaimable:      20040 kB
SUnreclaim:        35888 kB
KernelStack:       13712 kB
PageTables:        40588 kB
NFS_Unstable:          0 kB
Bounce:                0 kB
WritebackTmp:          0 kB
CommitLimit:     2496364 kB
Committed_AS:   83986704 kB
VmallocTotal:     385024 kB
VmallocUsed:      156468 kB
VmallocChunk:      75844 kB
Time pass: 266 sec

---2015-12-16 15:27:45
MemTotal:        2895588 kB
MemFree:           93188 kB
Buffers:           14100 kB
Cached:          1117252 kB
SwapCached:            0 kB
Active:           886724 kB
Inactive:        1012304 kB
Active(anon):     384768 kB
Inactive(anon):   387936 kB
Active(file):     501956 kB
Inactive(file):   624368 kB
Unevictable:        2968 kB
Mlocked:               0 kB
HighTotal:       2306432 kB
HighFree:          38608 kB
LowTotal:         589156 kB
LowFree:           54580 kB
SwapTotal:       1048572 kB
SwapFree:        1048572 kB
Dirty:                 0 kB
Writeback:             0 kB
AnonPages:        770256 kB
Mapped:           463332 kB
Shmem:              2060 kB
Slab:              55900 kB
SReclaimable:      20056 kB
SUnreclaim:        35844 kB
KernelStack:       13688 kB
PageTables:        40496 kB
NFS_Unstable:          0 kB
Bounce:                0 kB
WritebackTmp:          0 kB
CommitLimit:     2496364 kB
Committed_AS:   83991012 kB
VmallocTotal:     385024 kB
VmallocUsed:      156496 kB
VmallocChunk:      75844 kB
Time pass: 270 sec

---2015-12-16 15:27:45
MemTotal:        2895588 kB
MemFree:           91644 kB
Buffers:           14116 kB
Cached:          1117300 kB
SwapCached:            0 kB
Active:           887224 kB
Inactive:        1012360 kB
Active(anon):     385268 kB
Inactive(anon):   387968 kB
Active(file):     501956 kB
Inactive(file):   624392 kB
Unevictable:        2968 kB
Mlocked:               0 kB
HighTotal:       2306432 kB
HighFree:          38112 kB
LowTotal:         589156 kB
LowFree:           53532 kB
SwapTotal:       1048572 kB
SwapFree:        1048572 kB
Dirty:                48 kB
Writeback:             0 kB
AnonPages:        771476 kB
Mapped:           463364 kB
Shmem:              2092 kB
Slab:              55900 kB
SReclaimable:      20056 kB
SUnreclaim:        35844 kB
KernelStack:       13720 kB
PageTables:        40504 kB
NFS_Unstable:          0 kB
Bounce:                0 kB
WritebackTmp:          0 kB
CommitLimit:     2496364 kB
Committed_AS:   83991340 kB
VmallocTotal:     385024 kB
VmallocUsed:      156496 kB
VmallocChunk:      75844 kB
Time pass: 273 sec

---2015-12-16 15:27:45
MemTotal:        2895588 kB
MemFree:           89780 kB
Buffers:           14124 kB
Cached:          1117296 kB
SwapCached:            0 kB
Active:           888684 kB
Inactive:        1012336 kB
Active(anon):     386728 kB
Inactive(anon):   387936 kB
Active(file):     501956 kB
Inactive(file):   624400 kB
Unevictable:        2968 kB
Mlocked:               0 kB
HighTotal:       2306432 kB
HighFree:          38112 kB
LowTotal:         589156 kB
LowFree:           51668 kB
SwapTotal:       1048572 kB
SwapFree:        1048572 kB
Dirty:                 0 kB
Writeback:             0 kB
AnonPages:        772664 kB
Mapped:           463368 kB
Shmem:              2096 kB
Slab:              55900 kB
SReclaimable:      20056 kB
SUnreclaim:        35844 kB
KernelStack:       13720 kB
PageTables:        40480 kB
NFS_Unstable:          0 kB
Bounce:                0 kB
WritebackTmp:          0 kB
CommitLimit:     2496364 kB
Committed_AS:   83995636 kB
VmallocTotal:     385024 kB
VmallocUsed:      156496 kB
VmallocChunk:      75844 kB
Time pass: 277 sec

---2015-12-16 15:27:45
MemTotal:        2895588 kB
MemFree:           90344 kB
Buffers:           14140 kB
Cached:          1117308 kB
SwapCached:            0 kB
Active:           888580 kB
Inactive:        1012356 kB
Active(anon):     386624 kB
Inactive(anon):   387932 kB
Active(file):     501956 kB
Inactive(file):   624424 kB
Unevictable:        2968 kB
Mlocked:               0 kB
HighTotal:       2306432 kB
HighFree:          38112 kB
LowTotal:         589156 kB
LowFree:           52232 kB
SwapTotal:       1048572 kB
SwapFree:        1048572 kB
Dirty:                40 kB
Writeback:             0 kB
AnonPages:        772464 kB
Mapped:           463372 kB
Shmem:              2100 kB
Slab:              55900 kB
SReclaimable:      20056 kB
SUnreclaim:        35844 kB
KernelStack:       13720 kB
PageTables:        40480 kB
NFS_Unstable:          0 kB
Bounce:                0 kB
WritebackTmp:          0 kB
CommitLimit:     2496364 kB
Committed_AS:   83995988 kB
VmallocTotal:     385024 kB
VmallocUsed:      156496 kB
VmallocChunk:      75844 kB
Time pass: 280 sec

---2015-12-16 15:27:45
MemTotal:        2895588 kB
MemFree:           87976 kB
Buffers:           14140 kB
Cached:          1117420 kB
SwapCached:            0 kB
Active:           890652 kB
Inactive:        1012468 kB
Active(anon):     388696 kB
Inactive(anon):   388044 kB
Active(file):     501956 kB
Inactive(file):   624424 kB
Unevictable:        2968 kB
Mlocked:               0 kB
HighTotal:       2306432 kB
HighFree:          38732 kB
LowTotal:         589156 kB
LowFree:           49244 kB
SwapTotal:       1048572 kB
SwapFree:        1048572 kB
Dirty:                 0 kB
Writeback:             0 kB
AnonPages:        774544 kB
Mapped:           463536 kB
Shmem:              2212 kB
Slab:              55900 kB
SReclaimable:      20056 kB
SUnreclaim:        35844 kB
KernelStack:       13720 kB
PageTables:        40536 kB
NFS_Unstable:          0 kB
Bounce:                0 kB
WritebackTmp:          0 kB
CommitLimit:     2496364 kB
Committed_AS:   83996060 kB
VmallocTotal:     385024 kB
VmallocUsed:      156496 kB
VmallocChunk:      75844 kB
Time pass: 284 sec

---2015-12-16 15:27:45
MemTotal:        2895588 kB
MemFree:           87308 kB
Buffers:           14164 kB
Cached:          1117420 kB
SwapCached:            0 kB
Active:           891672 kB
Inactive:        1012492 kB
Active(anon):     389716 kB
Inactive(anon):   388044 kB
Active(file):     501956 kB
Inactive(file):   624448 kB
Unevictable:        2968 kB
Mlocked:               0 kB
HighTotal:       2306432 kB
HighFree:          38112 kB
LowTotal:         589156 kB
LowFree:           49196 kB
SwapTotal:       1048572 kB
SwapFree:        1048572 kB
Dirty:                40 kB
Writeback:             0 kB
AnonPages:        775692 kB
Mapped:           463536 kB
Shmem:              2212 kB
Slab:              55904 kB
SReclaimable:      20060 kB
SUnreclaim:        35844 kB
KernelStack:       13720 kB
PageTables:        40536 kB
NFS_Unstable:          0 kB
Bounce:                0 kB
WritebackTmp:          0 kB
CommitLimit:     2496364 kB
Committed_AS:   83996188 kB
VmallocTotal:     385024 kB
VmallocUsed:      156496 kB
VmallocChunk:      75844 kB
Time pass: 288 sec

---2015-12-16 15:27:45
MemTotal:        2895588 kB
MemFree:           86148 kB
Buffers:           14172 kB
Cached:          1117520 kB
SwapCached:            0 kB
Active:           892456 kB
Inactive:        1012600 kB
Active(anon):     390500 kB
Inactive(anon):   388144 kB
Active(file):     501956 kB
Inactive(file):   624456 kB
Unevictable:        2968 kB
Mlocked:               0 kB
HighTotal:       2306432 kB
HighFree:          38732 kB
LowTotal:         589156 kB
LowFree:           47416 kB
SwapTotal:       1048572 kB
SwapFree:        1048572 kB
Dirty:                 4 kB
Writeback:             0 kB
AnonPages:        776556 kB
Mapped:           463640 kB
Shmem:              2312 kB
Slab:              55904 kB
SReclaimable:      20060 kB
SUnreclaim:        35844 kB
KernelStack:       13728 kB
PageTables:        40536 kB
NFS_Unstable:          0 kB
Bounce:                0 kB
WritebackTmp:          0 kB
CommitLimit:     2496364 kB
Committed_AS:   83996864 kB
VmallocTotal:     385024 kB
VmallocUsed:      156496 kB
VmallocChunk:      75844 kB
Time pass: 292 sec

---2015-12-16 15:27:45
MemTotal:        2895588 kB
MemFree:           85988 kB
Buffers:           14196 kB
Cached:          1117524 kB
SwapCached:            0 kB
Active:           892896 kB
Inactive:        1012628 kB
Active(anon):     390940 kB
Inactive(anon):   388148 kB
Active(file):     501956 kB
Inactive(file):   624480 kB
Unevictable:        2968 kB
Mlocked:               0 kB
HighTotal:       2306432 kB
HighFree:          38484 kB
LowTotal:         589156 kB
LowFree:           47504 kB
SwapTotal:       1048572 kB
SwapFree:        1048572 kB
Dirty:                56 kB
Writeback:             0 kB
AnonPages:        776944 kB
Mapped:           463700 kB
Shmem:              2316 kB
Slab:              55904 kB
SReclaimable:      20060 kB
SUnreclaim:        35844 kB
KernelStack:       13712 kB
PageTables:        40556 kB
NFS_Unstable:          0 kB
Bounce:                0 kB
WritebackTmp:          0 kB
CommitLimit:     2496364 kB
Committed_AS:   83996980 kB
VmallocTotal:     385024 kB
VmallocUsed:      156496 kB
VmallocChunk:      75844 kB
Time pass: 296 sec

---2015-12-16 15:27:45
MemTotal:        2895588 kB
MemFree:           84692 kB
Buffers:           14196 kB
Cached:          1117524 kB
SwapCached:            0 kB
Active:           893612 kB
Inactive:        1012628 kB
Active(anon):     391656 kB
Inactive(anon):   388148 kB
Active(file):     501956 kB
Inactive(file):   624480 kB
Unevictable:        2968 kB
Mlocked:               0 kB
HighTotal:       2306432 kB
HighFree:          38184 kB
LowTotal:         589156 kB
LowFree:           46508 kB
SwapTotal:       1048572 kB
SwapFree:        1048572 kB
Dirty:                56 kB
Writeback:             0 kB
AnonPages:        777616 kB
Mapped:           463700 kB
Shmem:              2316 kB
Slab:              55904 kB
SReclaimable:      20060 kB
SUnreclaim:        35844 kB
KernelStack:       13728 kB
PageTables:        40556 kB
NFS_Unstable:          0 kB
Bounce:                0 kB
WritebackTmp:          0 kB
CommitLimit:     2496364 kB
Committed_AS:   83997060 kB
VmallocTotal:     385024 kB
VmallocUsed:      156496 kB
VmallocChunk:      75844 kB
Time pass: 299 sec

---2015-12-16 15:27:45
MemTotal:        2895588 kB
MemFree:           83920 kB
Buffers:           14220 kB
Cached:          1117508 kB
SwapCached:            0 kB
Active:           893092 kB
Inactive:        1012636 kB
Active(anon):     391136 kB
Inactive(anon):   388148 kB
Active(file):     501956 kB
Inactive(file):   624488 kB
Unevictable:        2968 kB
Mlocked:               0 kB
HighTotal:       2306432 kB
HighFree:          38060 kB
LowTotal:         589156 kB
LowFree:           45860 kB
SwapTotal:       1048572 kB
SwapFree:        1048572 kB
Dirty:                32 kB
Writeback:             0 kB
AnonPages:        777340 kB
Mapped:           463700 kB
Shmem:              2316 kB
Slab:              55904 kB
SReclaimable:      20060 kB
SUnreclaim:        35844 kB
KernelStack:       13728 kB
PageTables:        40556 kB
NFS_Unstable:          0 kB
Bounce:                0 kB
WritebackTmp:          0 kB
CommitLimit:     2496364 kB
Committed_AS:   83997300 kB
VmallocTotal:     385024 kB
VmallocUsed:      156496 kB
VmallocChunk:      75844 kB
Time pass: 303 sec

---2015-12-16 15:27:45
MemTotal:        2895588 kB
MemFree:           84784 kB
Buffers:           14220 kB
Cached:          1117524 kB
SwapCached:            0 kB
Active:           893180 kB
Inactive:        1012652 kB
Active(anon):     391224 kB
Inactive(anon):   388148 kB
Active(file):     501956 kB
Inactive(file):   624504 kB
Unevictable:        2968 kB
Mlocked:               0 kB
HighTotal:       2306432 kB
HighFree:          38112 kB
LowTotal:         589156 kB
LowFree:           46672 kB
SwapTotal:       1048572 kB
SwapFree:        1048572 kB
Dirty:                 0 kB
Writeback:             0 kB
AnonPages:        777144 kB
Mapped:           463700 kB
Shmem:              2316 kB
Slab:              55904 kB
SReclaimable:      20060 kB
SUnreclaim:        35844 kB
KernelStack:       13728 kB
PageTables:        40556 kB
NFS_Unstable:          0 kB
Bounce:                0 kB
WritebackTmp:          0 kB
CommitLimit:     2496364 kB
Committed_AS:   83997428 kB
VmallocTotal:     385024 kB
VmallocUsed:      156496 kB
VmallocChunk:      75844 kB
Time pass: 307 sec

---2015-12-16 15:27:45
MemTotal:        2895588 kB
MemFree:           84716 kB
Buffers:           14228 kB
Cached:          1117592 kB
SwapCached:            0 kB
Active:           893488 kB
Inactive:        1012728 kB
Active(anon):     391532 kB
Inactive(anon):   388216 kB
Active(file):     501956 kB
Inactive(file):   624512 kB
Unevictable:        2968 kB
Mlocked:               0 kB
HighTotal:       2306432 kB
HighFree:          38112 kB
LowTotal:         589156 kB
LowFree:           46604 kB
SwapTotal:       1048572 kB
SwapFree:        1048572 kB
Dirty:                36 kB
Writeback:             0 kB
AnonPages:        777444 kB
Mapped:           463716 kB
Shmem:              2384 kB
Slab:              55904 kB
SReclaimable:      20060 kB
SUnreclaim:        35844 kB
KernelStack:       13728 kB
PageTables:        40536 kB
NFS_Unstable:          0 kB
Bounce:                0 kB
WritebackTmp:          0 kB
CommitLimit:     2496364 kB
Committed_AS:   83997508 kB
VmallocTotal:     385024 kB
VmallocUsed:      156496 kB
VmallocChunk:      75844 kB
Time pass: 310 sec

---2015-12-16 15:27:45
MemTotal:        2895588 kB
MemFree:           83628 kB
Buffers:           14244 kB
Cached:          1117592 kB
SwapCached:            0 kB
Active:           893976 kB
Inactive:        1012744 kB
Active(anon):     392020 kB
Inactive(anon):   388216 kB
Active(file):     501956 kB
Inactive(file):   624528 kB
Unevictable:        2968 kB
Mlocked:               0 kB
HighTotal:       2306432 kB
HighFree:          38112 kB
LowTotal:         589156 kB
LowFree:           45516 kB
SwapTotal:       1048572 kB
SwapFree:        1048572 kB
Dirty:                 0 kB
Writeback:             0 kB
AnonPages:        777948 kB
Mapped:           463716 kB
Shmem:              2384 kB
Slab:              55904 kB
SReclaimable:      20060 kB
SUnreclaim:        35844 kB
KernelStack:       13728 kB
PageTables:        40540 kB
NFS_Unstable:          0 kB
Bounce:                0 kB
WritebackTmp:          0 kB
CommitLimit:     2496364 kB
Committed_AS:   83997804 kB
VmallocTotal:     385024 kB
VmallocUsed:      156496 kB
VmallocChunk:      75844 kB
Time pass: 314 sec

---2015-12-16 15:27:45
MemTotal:        2895588 kB
MemFree:           83080 kB
Buffers:           14260 kB
Cached:          1117592 kB
SwapCached:            0 kB
Active:           894488 kB
Inactive:        1012760 kB
Active(anon):     392532 kB
Inactive(anon):   388216 kB
Active(file):     501956 kB
Inactive(file):   624544 kB
Unevictable:        2968 kB
Mlocked:               0 kB
HighTotal:       2306432 kB
HighFree:          38112 kB
LowTotal:         589156 kB
LowFree:           44968 kB
SwapTotal:       1048572 kB
SwapFree:        1048572 kB
Dirty:                40 kB
Writeback:             0 kB
AnonPages:        778716 kB
Mapped:           463768 kB
Shmem:              2384 kB
Slab:              55904 kB
SReclaimable:      20060 kB
SUnreclaim:        35844 kB
KernelStack:       13728 kB
PageTables:        40568 kB
NFS_Unstable:          0 kB
Bounce:                0 kB
WritebackTmp:          0 kB
CommitLimit:     2496364 kB
Committed_AS:   83997900 kB
VmallocTotal:     385024 kB
VmallocUsed:      156496 kB
VmallocChunk:      75844 kB
Time pass: 317 sec

---2015-12-16 15:27:45
MemTotal:        2895588 kB
MemFree:           82296 kB
Buffers:           14268 kB
Cached:          1117660 kB
SwapCached:            0 kB
Active:           895028 kB
Inactive:        1012824 kB
Active(anon):     393072 kB
Inactive(anon):   388280 kB
Active(file):     501956 kB
Inactive(file):   624544 kB
Unevictable:        2968 kB
Mlocked:               0 kB
HighTotal:       2306432 kB
HighFree:          38236 kB
LowTotal:         589156 kB
LowFree:           44060 kB
SwapTotal:       1048572 kB
SwapFree:        1048572 kB
Dirty:                28 kB
Writeback:             0 kB
AnonPages:        778984 kB
Mapped:           463840 kB
Shmem:              2452 kB
Slab:              55904 kB
SReclaimable:      20060 kB
SUnreclaim:        35844 kB
KernelStack:       13728 kB
PageTables:        40564 kB
NFS_Unstable:          0 kB
Bounce:                0 kB
WritebackTmp:          0 kB
CommitLimit:     2496364 kB
Committed_AS:   83998080 kB
VmallocTotal:     385024 kB
VmallocUsed:      156496 kB
VmallocChunk:      75844 kB
Time pass: 321 sec

---2015-12-16 15:27:45
MemTotal:        2895588 kB
MemFree:           82396 kB
Buffers:           14284 kB
Cached:          1117660 kB
SwapCached:            0 kB
Active:           895136 kB
Inactive:        1012852 kB
Active(anon):     393180 kB
Inactive(anon):   388284 kB
Active(file):     501956 kB
Inactive(file):   624568 kB
Unevictable:        2968 kB
Mlocked:               0 kB
HighTotal:       2306432 kB
HighFree:          37864 kB
LowTotal:         589156 kB
LowFree:           44532 kB
SwapTotal:       1048572 kB
SwapFree:        1048572 kB
Dirty:                36 kB
Writeback:             0 kB
AnonPages:        779020 kB
Mapped:           463840 kB
