---2015-10-23 20:34:50
MemTotal:        1959952 kB
MemFree:          310872 kB
Buffers:            5596 kB
Cached:           784184 kB
SwapCached:         5956 kB
Active:           704260 kB
Inactive:         611284 kB
Active(anon):     303432 kB
Inactive(anon):   224484 kB
Active(file):     400828 kB
Inactive(file):   386800 kB
Unevictable:        1768 kB
Mlocked:               0 kB
HighTotal:       1372556 kB
HighFree:         138100 kB
LowTotal:         587396 kB
LowFree:          172772 kB
SwapTotal:        262140 kB
SwapFree:         158108 kB
Dirty:              9756 kB
Writeback:             0 kB
AnonPages:        527104 kB
Mapped:           248804 kB
Shmem:               384 kB
Slab:              61860 kB
SReclaimable:      17680 kB
SUnreclaim:        44180 kB
KernelStack:       16616 kB
PageTables:        27984 kB
NFS_Unstable:          0 kB
Bounce:                0 kB
WritebackTmp:          0 kB
CommitLimit:     1242116 kB
Committed_AS:   57024012 kB
VmallocTotal:     409600 kB
VmallocUsed:       25988 kB
VmallocChunk:      81948 kB
Time pass: 3 sec

---2015-10-23 20:34:50
MemTotal:        1959952 kB
MemFree:          310812 kB
Buffers:            5596 kB
Cached:           784184 kB
SwapCached:         5956 kB
Active:           704368 kB
Inactive:         611284 kB
Active(anon):     303540 kB
Inactive(anon):   224484 kB
Active(file):     400828 kB
Inactive(file):   386800 kB
Unevictable:        1768 kB
Mlocked:               0 kB
HighTotal:       1372556 kB
HighFree:         138088 kB
LowTotal:         587396 kB
LowFree:          172724 kB
SwapTotal:        262140 kB
SwapFree:         158108 kB
Dirty:              9756 kB
Writeback:             0 kB
AnonPages:        526976 kB
Mapped:           248808 kB
Shmem:               384 kB
Slab:              61860 kB
SReclaimable:      17680 kB
SUnreclaim:        44180 kB
KernelStack:       16632 kB
PageTables:        27992 kB
NFS_Unstable:          0 kB
Bounce:                0 kB
WritebackTmp:          0 kB
CommitLimit:     1242116 kB
Committed_AS:   57023968 kB
VmallocTotal:     409600 kB
VmallocUsed:       25988 kB
VmallocChunk:      81948 kB
Time pass: 6 sec

---2015-10-23 20:34:50
MemTotal:        1959952 kB
MemFree:          310636 kB
Buffers:            5596 kB
Cached:           784184 kB
SwapCached:         5956 kB
Active:           704460 kB
Inactive:         611284 kB
Active(anon):     303632 kB
Inactive(anon):   224484 kB
Active(file):     400828 kB
Inactive(file):   386800 kB
Unevictable:        1768 kB
Mlocked:               0 kB
HighTotal:       1372556 kB
HighFree:         137880 kB
LowTotal:         587396 kB
LowFree:          172756 kB
SwapTotal:        262140 kB
SwapFree:         158108 kB
Dirty:              9756 kB
Writeback:             0 kB
AnonPages:        527296 kB
Mapped:           248804 kB
Shmem:               384 kB
Slab:              61860 kB
SReclaimable:      17680 kB
SUnreclaim:        44180 kB
KernelStack:       16616 kB
PageTables:        27984 kB
NFS_Unstable:          0 kB
Bounce:                0 kB
WritebackTmp:          0 kB
CommitLimit:     1242116 kB
Committed_AS:   57024232 kB
VmallocTotal:     409600 kB
VmallocUsed:       25988 kB
VmallocChunk:      81948 kB
Time pass: 10 sec

---2015-10-23 20:34:50
MemTotal:        1959952 kB
MemFree:          310936 kB
Buffers:            5596 kB
Cached:           784184 kB
SwapCached:         5956 kB
Active:           704636 kB
Inactive:         611284 kB
Active(anon):     303808 kB
Inactive(anon):   224484 kB
Active(file):     400828 kB
Inactive(file):   386800 kB
Unevictable:        1768 kB
Mlocked:               0 kB
HighTotal:       1372556 kB
HighFree:         138088 kB
LowTotal:         587396 kB
LowFree:          172848 kB
SwapTotal:        262140 kB
SwapFree:         158108 kB
Dirty:              9756 kB
Writeback:             0 kB
AnonPages:        527084 kB
Mapped:           248812 kB
Shmem:               384 kB
Slab:              61920 kB
SReclaimable:      17680 kB
SUnreclaim:        44240 kB
KernelStack:       16616 kB
PageTables:        27980 kB
NFS_Unstable:          0 kB
Bounce:                0 kB
WritebackTmp:          0 kB
CommitLimit:     1242116 kB
Committed_AS:   57024388 kB
VmallocTotal:     409600 kB
VmallocUsed:       25988 kB
VmallocChunk:      81948 kB
Time pass: 14 sec

---2015-10-23 20:34:50
MemTotal:        1959952 kB
MemFree:          310812 kB
Buffers:            5596 kB
Cached:           784184 kB
SwapCached:         5956 kB
Active:           704716 kB
Inactive:         611284 kB
Active(anon):     303888 kB
Inactive(anon):   224484 kB
Active(file):     400828 kB
Inactive(file):   386800 kB
Unevictable:        1768 kB
Mlocked:               0 kB
HighTotal:       1372556 kB
HighFree:         137964 kB
LowTotal:         587396 kB
LowFree:          172848 kB
SwapTotal:        262140 kB
SwapFree:         158108 kB
Dirty:              9756 kB
Writeback:             0 kB
AnonPages:        527548 kB
Mapped:           248804 kB
Shmem:               384 kB
Slab:              61892 kB
SReclaimable:      17680 kB
SUnreclaim:        44212 kB
KernelStack:       16616 kB
PageTables:        27984 kB
NFS_Unstable:          0 kB
Bounce:                0 kB
WritebackTmp:          0 kB
CommitLimit:     1242116 kB
Committed_AS:   57024468 kB
VmallocTotal:     409600 kB
VmallocUsed:       25988 kB
VmallocChunk:      81948 kB
Time pass: 17 sec

---2015-10-23 20:34:50
MemTotal:        1959952 kB
MemFree:          310728 kB
Buffers:            5596 kB
Cached:           784184 kB
SwapCached:         5956 kB
Active:           704760 kB
Inactive:         611284 kB
Active(anon):     303932 kB
Inactive(anon):   224484 kB
Active(file):     400828 kB
Inactive(file):   386800 kB
Unevictable:        1768 kB
Mlocked:               0 kB
HighTotal:       1372556 kB
HighFree:         137880 kB
LowTotal:         587396 kB
LowFree:          172848 kB
SwapTotal:        262140 kB
SwapFree:         158108 kB
Dirty:              9756 kB
Writeback:             0 kB
AnonPages:        527604 kB
Mapped:           248804 kB
Shmem:               384 kB
Slab:              61904 kB
SReclaimable:      17680 kB
SUnreclaim:        44224 kB
KernelStack:       16616 kB
PageTables:        27984 kB
NFS_Unstable:          0 kB
Bounce:                0 kB
WritebackTmp:          0 kB
CommitLimit:     1242116 kB
Committed_AS:   57024548 kB
VmallocTotal:     409600 kB
VmallocUsed:       25988 kB
VmallocChunk:      81948 kB
Time pass: 21 sec

---2015-10-23 20:34:50
MemTotal:        1959952 kB
MemFree:          310060 kB
Buffers:            5596 kB
Cached:           784184 kB
SwapCached:         5956 kB
Active:           704856 kB
Inactive:         611284 kB
Active(anon):     304028 kB
Inactive(anon):   224484 kB
Active(file):     400828 kB
Inactive(file):   386800 kB
Unevictable:        1768 kB
Mlocked:               0 kB
HighTotal:       1372556 kB
HighFree:         137220 kB
LowTotal:         587396 kB
LowFree:          172840 kB
SwapTotal:        262140 kB
SwapFree:         158108 kB
Dirty:              9756 kB
Writeback:             0 kB
AnonPages:        527680 kB
Mapped:           248804 kB
Shmem:               384 kB
Slab:              61892 kB
SReclaimable:      17680 kB
SUnreclaim:        44212 kB
KernelStack:       16624 kB
PageTables:        27984 kB
NFS_Unstable:          0 kB
Bounce:                0 kB
WritebackTmp:          0 kB
CommitLimit:     1242116 kB
Committed_AS:   57024744 kB
VmallocTotal:     409600 kB
VmallocUsed:       25988 kB
VmallocChunk:      81948 kB
Time pass: 24 sec

---2015-10-23 20:34:50
MemTotal:        1959952 kB
MemFree:          310168 kB
Buffers:            5596 kB
Cached:           784184 kB
SwapCached:         5956 kB
Active:           704976 kB
Inactive:         611284 kB
Active(anon):     304148 kB
Inactive(anon):   224484 kB
Active(file):     400828 kB
Inactive(file):   386800 kB
Unevictable:        1768 kB
Mlocked:               0 kB
HighTotal:       1372556 kB
HighFree:         137344 kB
LowTotal:         587396 kB
LowFree:          172824 kB
SwapTotal:        262140 kB
SwapFree:         158108 kB
Dirty:              9756 kB
Writeback:             0 kB
AnonPages:        527776 kB
Mapped:           248804 kB
Shmem:               384 kB
Slab:              61892 kB
SReclaimable:      17680 kB
SUnreclaim:        44212 kB
KernelStack:       16616 kB
PageTables:        27984 kB
NFS_Unstable:          0 kB
Bounce:                0 kB
WritebackTmp:          0 kB
CommitLimit:     1242116 kB
Committed_AS:   57024816 kB
VmallocTotal:     409600 kB
VmallocUsed:       25988 kB
VmallocChunk:      81948 kB
Time pass: 28 sec

---2015-10-23 20:34:50
MemTotal:        1959952 kB
MemFree:          309984 kB
Buffers:            5596 kB
Cached:           784184 kB
SwapCached:         5956 kB
Active:           705088 kB
Inactive:         611284 kB
Active(anon):     304260 kB
Inactive(anon):   224484 kB
Active(file):     400828 kB
Inactive(file):   386800 kB
Unevictable:        1768 kB
Mlocked:               0 kB
HighTotal:       1372556 kB
HighFree:         137136 kB
LowTotal:         587396 kB
LowFree:          172848 kB
SwapTotal:        262140 kB
SwapFree:         158108 kB
Dirty:              9756 kB
Writeback:             0 kB
AnonPages:        527936 kB
Mapped:           248804 kB
Shmem:               384 kB
Slab:              61892 kB
SReclaimable:      17680 kB
SUnreclaim:        44212 kB
KernelStack:       16616 kB
PageTables:        27984 kB
NFS_Unstable:          0 kB
Bounce:                0 kB
WritebackTmp:          0 kB
CommitLimit:     1242116 kB
Committed_AS:   57025016 kB
VmallocTotal:     409600 kB
VmallocUsed:       25988 kB
VmallocChunk:      81948 kB
Time pass: 31 sec

---2015-10-23 20:34:50
MemTotal:        1959952 kB
MemFree:          309888 kB
Buffers:            5596 kB
Cached:           784184 kB
SwapCached:         5956 kB
Active:           705324 kB
Inactive:         611284 kB
Active(anon):     304496 kB
Inactive(anon):   224484 kB
Active(file):     400828 kB
Inactive(file):   386800 kB
Unevictable:        1768 kB
Mlocked:               0 kB
HighTotal:       1372556 kB
HighFree:         136972 kB
LowTotal:         587396 kB
LowFree:          172916 kB
SwapTotal:        262140 kB
SwapFree:         158108 kB
Dirty:              9756 kB
Writeback:             0 kB
AnonPages:        528180 kB
Mapped:           248816 kB
Shmem:               384 kB
Slab:              61860 kB
SReclaimable:      17680 kB
SUnreclaim:        44180 kB
KernelStack:       16624 kB
PageTables:        27996 kB
NFS_Unstable:          0 kB
Bounce:                0 kB
WritebackTmp:          0 kB
CommitLimit:     1242116 kB
Committed_AS:   57025080 kB
VmallocTotal:     409600 kB
VmallocUsed:       25988 kB
VmallocChunk:      81948 kB
Time pass: 35 sec

---2015-10-23 20:34:50
MemTotal:        1959952 kB
MemFree:          310752 kB
Buffers:            5596 kB
Cached:           784184 kB
SwapCached:         5956 kB
Active:           704940 kB
Inactive:         611284 kB
Active(anon):     304112 kB
Inactive(anon):   224484 kB
Active(file):     400828 kB
Inactive(file):   386800 kB
Unevictable:        1768 kB
Mlocked:               0 kB
HighTotal:       1372556 kB
HighFree:         137756 kB
LowTotal:         587396 kB
LowFree:          172996 kB
SwapTotal:        262140 kB
SwapFree:         158108 kB
Dirty:              9792 kB
Writeback:             0 kB
AnonPages:        527360 kB
Mapped:           248804 kB
Shmem:               384 kB
Slab:              61860 kB
SReclaimable:      17680 kB
SUnreclaim:        44180 kB
KernelStack:       16624 kB
PageTables:        27984 kB
NFS_Unstable:          0 kB
Bounce:                0 kB
WritebackTmp:          0 kB
CommitLimit:     1242116 kB
Committed_AS:   57023640 kB
VmallocTotal:     409600 kB
VmallocUsed:       25988 kB
VmallocChunk:      81948 kB
Time pass: 39 sec

---2015-10-23 20:34:50
MemTotal:        1959952 kB
MemFree:          309860 kB
Buffers:            5596 kB
Cached:           784184 kB
SwapCached:         5956 kB
Active:           704976 kB
Inactive:         611284 kB
Active(anon):     304148 kB
Inactive(anon):   224484 kB
Active(file):     400828 kB
Inactive(file):   386800 kB
Unevictable:        1768 kB
Mlocked:               0 kB
HighTotal:       1372556 kB
HighFree:         136888 kB
LowTotal:         587396 kB
LowFree:          172972 kB
SwapTotal:        262140 kB
SwapFree:         158108 kB
Dirty:              9760 kB
Writeback:             0 kB
AnonPages:        527444 kB
Mapped:           248804 kB
Shmem:               384 kB
Slab:              61860 kB
SReclaimable:      17680 kB
SUnreclaim:        44180 kB
KernelStack:       16632 kB
PageTables:        27992 kB
NFS_Unstable:          0 kB
Bounce:                0 kB
WritebackTmp:          0 kB
CommitLimit:     1242116 kB
Committed_AS:   57023792 kB
VmallocTotal:     409600 kB
VmallocUsed:       25988 kB
VmallocChunk:      81948 kB
Time pass: 42 sec

---2015-10-23 20:34:50
MemTotal:        1959952 kB
MemFree:          312624 kB
Buffers:            5596 kB
Cached:           784184 kB
SwapCached:         5956 kB
Active:           701996 kB
Inactive:         611284 kB
Active(anon):     301168 kB
Inactive(anon):   224484 kB
Active(file):     400828 kB
Inactive(file):   386800 kB
Unevictable:        1768 kB
Mlocked:               0 kB
HighTotal:       1372556 kB
HighFree:         139620 kB
LowTotal:         587396 kB
LowFree:          173004 kB
SwapTotal:        262140 kB
SwapFree:         158108 kB
Dirty:              9760 kB
Writeback:             0 kB
AnonPages:        524856 kB
Mapped:           248804 kB
Shmem:               384 kB
Slab:              61860 kB
SReclaimable:      17680 kB
SUnreclaim:        44180 kB
KernelStack:       16616 kB
PageTables:        27984 kB
NFS_Unstable:          0 kB
Bounce:                0 kB
WritebackTmp:          0 kB
CommitLimit:     1242116 kB
Committed_AS:   57023856 kB
VmallocTotal:     409600 kB
VmallocUsed:       25988 kB
VmallocChunk:      81948 kB
Time pass: 46 sec

---2015-10-23 20:34:50
MemTotal:        1959952 kB
MemFree:          312648 kB
Buffers:            5596 kB
Cached:           784184 kB
SwapCached:         5956 kB
Active:           702288 kB
Inactive:         611284 kB
Active(anon):     301460 kB
Inactive(anon):   224484 kB
Active(file):     400828 kB
Inactive(file):   386800 kB
Unevictable:        1768 kB
Mlocked:               0 kB
HighTotal:       1372556 kB
HighFree:         139644 kB
LowTotal:         587396 kB
LowFree:          173004 kB
SwapTotal:        262140 kB
SwapFree:         158108 kB
Dirty:              9760 kB
Writeback:             0 kB
AnonPages:        525040 kB
Mapped:           248804 kB
Shmem:               384 kB
Slab:              61860 kB
SReclaimable:      17680 kB
SUnreclaim:        44180 kB
KernelStack:       16616 kB
PageTables:        27984 kB
NFS_Unstable:          0 kB
Bounce:                0 kB
WritebackTmp:          0 kB
CommitLimit:     1242116 kB
Committed_AS:   57023944 kB
VmallocTotal:     409600 kB
VmallocUsed:       25988 kB
VmallocChunk:      81948 kB
Time pass: 49 sec

---2015-10-23 20:34:50
MemTotal:        1959952 kB
MemFree:          312688 kB
Buffers:            5596 kB
Cached:           784184 kB
SwapCached:         5956 kB
Active:           702200 kB
Inactive:         611284 kB
Active(anon):     301372 kB
Inactive(anon):   224484 kB
Active(file):     400828 kB
Inactive(file):   386800 kB
Unevictable:        1768 kB
Mlocked:               0 kB
HighTotal:       1372556 kB
HighFree:         139684 kB
LowTotal:         587396 kB
LowFree:          173004 kB
SwapTotal:        262140 kB
SwapFree:         158108 kB
Dirty:              9760 kB
Writeback:             0 kB
AnonPages:        525120 kB
Mapped:           248804 kB
Shmem:               384 kB
Slab:              61860 kB
SReclaimable:      17680 kB
SUnreclaim:        44180 kB
KernelStack:       16616 kB
PageTables:        27988 kB
NFS_Unstable:          0 kB
Bounce:                0 kB
WritebackTmp:          0 kB
CommitLimit:     1242116 kB
Committed_AS:   57024360 kB
VmallocTotal:     409600 kB
VmallocUsed:       25988 kB
VmallocChunk:      81948 kB
Time pass: 53 sec

---2015-10-23 20:34:50
MemTotal:        1959952 kB
MemFree:          312248 kB
Buffers:            5596 kB
Cached:           784184 kB
SwapCached:         5956 kB
Active:           703916 kB
Inactive:         609940 kB
Active(anon):     301744 kB
Inactive(anon):   224484 kB
Active(file):     402172 kB
Inactive(file):   385456 kB
Unevictable:        1768 kB
Mlocked:               0 kB
HighTotal:       1372556 kB
HighFree:         139308 kB
LowTotal:         587396 kB
LowFree:          172940 kB
SwapTotal:        262140 kB
SwapFree:         158108 kB
Dirty:              8540 kB
Writeback:             0 kB
AnonPages:        525448 kB
Mapped:           248812 kB
Shmem:               384 kB
Slab:              61924 kB
SReclaimable:      17680 kB
SUnreclaim:        44244 kB
KernelStack:       16616 kB
PageTables:        27988 kB
NFS_Unstable:          0 kB
Bounce:                0 kB
WritebackTmp:          0 kB
CommitLimit:     1242116 kB
Committed_AS:   57024432 kB
VmallocTotal:     409600 kB
VmallocUsed:       25988 kB
VmallocChunk:      81948 kB
Time pass: 57 sec

---2015-10-23 20:34:50
MemTotal:        1959952 kB
MemFree:          312084 kB
Buffers:            5596 kB
Cached:           784184 kB
SwapCached:         5956 kB
Active:           704128 kB
Inactive:         609928 kB
Active(anon):     301944 kB
Inactive(anon):   224484 kB
Active(file):     402184 kB
Inactive(file):   385444 kB
Unevictable:        1768 kB
Mlocked:               0 kB
HighTotal:       1372556 kB
HighFree:         139176 kB
LowTotal:         587396 kB
LowFree:          172908 kB
SwapTotal:        262140 kB
SwapFree:         158108 kB
Dirty:              8540 kB
Writeback:             0 kB
AnonPages:        525304 kB
Mapped:           248812 kB
Shmem:               384 kB
Slab:              61924 kB
SReclaimable:      17680 kB
SUnreclaim:        44244 kB
KernelStack:       16616 kB
PageTables:        27984 kB
NFS_Unstable:          0 kB
Bounce:                0 kB
WritebackTmp:          0 kB
CommitLimit:     1242116 kB
Committed_AS:   57024512 kB
VmallocTotal:     409600 kB
VmallocUsed:       25988 kB
VmallocChunk:      81948 kB
Time pass: 60 sec

---2015-10-23 20:34:50
MemTotal:        1959952 kB
MemFree:          312056 kB
Buffers:            5596 kB
Cached:           784184 kB
SwapCached:         5956 kB
Active:           704160 kB
Inactive:         609928 kB
Active(anon):     301976 kB
Inactive(anon):   224484 kB
Active(file):     402184 kB
Inactive(file):   385444 kB
Unevictable:        1768 kB
Mlocked:               0 kB
HighTotal:       1372556 kB
HighFree:         139116 kB
LowTotal:         587396 kB
LowFree:          172940 kB
SwapTotal:        262140 kB
SwapFree:         158108 kB
Dirty:              8540 kB
Writeback:             0 kB
AnonPages:        525380 kB
Mapped:           248812 kB
Shmem:               384 kB
Slab:              61924 kB
SReclaimable:      17680 kB
SUnreclaim:        44244 kB
KernelStack:       16616 kB
PageTables:        27984 kB
NFS_Unstable:          0 kB
Bounce:                0 kB
WritebackTmp:          0 kB
CommitLimit:     1242116 kB
Committed_AS:   57024476 kB
VmallocTotal:     409600 kB
VmallocUsed:       25988 kB
VmallocChunk:      81948 kB
Time pass: 64 sec

---2015-10-23 20:34:50
MemTotal:        1959952 kB
MemFree:          311900 kB
Buffers:            5596 kB
Cached:           784184 kB
SwapCached:         5956 kB
Active:           704132 kB
Inactive:         609928 kB
Active(anon):     301948 kB
Inactive(anon):   224484 kB
Active(file):     402184 kB
Inactive(file):   385444 kB
Unevictable:        1768 kB
Mlocked:               0 kB
HighTotal:       1372556 kB
HighFree:         138960 kB
LowTotal:         587396 kB
LowFree:          172940 kB
SwapTotal:        262140 kB
SwapFree:         158108 kB
Dirty:              8544 kB
Writeback:             0 kB
AnonPages:        525548 kB
Mapped:           248824 kB
Shmem:               384 kB
Slab:              61892 kB
SReclaimable:      17680 kB
SUnreclaim:        44212 kB
KernelStack:       16632 kB
PageTables:        27992 kB
NFS_Unstable:          0 kB
Bounce:                0 kB
WritebackTmp:          0 kB
CommitLimit:     1242116 kB
Committed_AS:   57024672 kB
VmallocTotal:     409600 kB
VmallocUsed:       25988 kB
VmallocChunk:      81948 kB
Time pass: 67 sec

---2015-10-23 20:34:50
MemTotal:        1959952 kB
MemFree:          311848 kB
Buffers:            5596 kB
Cached:           784184 kB
SwapCached:         5956 kB
Active:           704396 kB
Inactive:         609928 kB
Active(anon):     302212 kB
Inactive(anon):   224484 kB
Active(file):     402184 kB
Inactive(file):   385444 kB
Unevictable:        1768 kB
Mlocked:               0 kB
HighTotal:       1372556 kB
HighFree:         138876 kB
LowTotal:         587396 kB
LowFree:          172972 kB
SwapTotal:        262140 kB
SwapFree:         158108 kB
Dirty:              8544 kB
Writeback:             0 kB
AnonPages:        525588 kB
Mapped:           248812 kB
Shmem:               384 kB
Slab:              61892 kB
SReclaimable:      17680 kB
SUnreclaim:        44212 kB
KernelStack:       16616 kB
PageTables:        27984 kB
NFS_Unstable:          0 kB
Bounce:                0 kB
WritebackTmp:          0 kB
CommitLimit:     1242116 kB
Committed_AS:   57024912 kB
VmallocTotal:     409600 kB
VmallocUsed:       25988 kB
VmallocChunk:      81948 kB
Time pass: 71 sec

---2015-10-23 20:34:50
MemTotal:        1959952 kB
MemFree:          311852 kB
Buffers:            5596 kB
Cached:           784184 kB
SwapCached:         5956 kB
Active:           704324 kB
Inactive:         609928 kB
Active(anon):     302140 kB
Inactive(anon):   224484 kB
Active(file):     402184 kB
Inactive(file):   385444 kB
Unevictable:        1768 kB
Mlocked:               0 kB
HighTotal:       1372556 kB
HighFree:         138896 kB
LowTotal:         587396 kB
LowFree:          172956 kB
SwapTotal:        262140 kB
SwapFree:         158108 kB
Dirty:              8544 kB
Writeback:             0 kB
AnonPages:        525372 kB
Mapped:           248812 kB
Shmem:               384 kB
Slab:              61892 kB
SReclaimable:      17680 kB
SUnreclaim:        44212 kB
KernelStack:       16616 kB
PageTables:        27984 kB
NFS_Unstable:          0 kB
Bounce:                0 kB
WritebackTmp:          0 kB
CommitLimit:     1242116 kB
Committed_AS:   57025064 kB
VmallocTotal:     409600 kB
VmallocUsed:       25988 kB
VmallocChunk:      81948 kB
Time pass: 74 sec

---2015-10-23 20:34:50
MemTotal:        1959952 kB
MemFree:          311668 kB
Buffers:            5596 kB
Cached:           784184 kB
SwapCached:         5956 kB
Active:           704172 kB
Inactive:         609928 kB
Active(anon):     301988 kB
Inactive(anon):   224484 kB
Active(file):     402184 kB
Inactive(file):   385444 kB
Unevictable:        1768 kB
Mlocked:               0 kB
HighTotal:       1372556 kB
HighFree:         138696 kB
LowTotal:         587396 kB
LowFree:          172972 kB
SwapTotal:        262140 kB
SwapFree:         158108 kB
Dirty:              8544 kB
Writeback:             0 kB
AnonPages:        525508 kB
Mapped:           248812 kB
Shmem:               384 kB
Slab:              61908 kB
SReclaimable:      17680 kB
SUnreclaim:        44228 kB
KernelStack:       16616 kB
PageTables:        27988 kB
NFS_Unstable:          0 kB
Bounce:                0 kB
WritebackTmp:          0 kB
CommitLimit:     1242116 kB
Committed_AS:   57025128 kB
VmallocTotal:     409600 kB
VmallocUsed:       25988 kB
VmallocChunk:      81948 kB
Time pass: 78 sec

---2015-10-23 20:34:50
MemTotal:        1959952 kB
MemFree:          311392 kB
Buffers:            5596 kB
Cached:           784184 kB
SwapCached:         5956 kB
Active:           704196 kB
Inactive:         609928 kB
Active(anon):     302012 kB
Inactive(anon):   224484 kB
Active(file):     402184 kB
Inactive(file):   385444 kB
Unevictable:        1768 kB
Mlocked:               0 kB
HighTotal:       1372556 kB
HighFree:         138568 kB
LowTotal:         587396 kB
LowFree:          172824 kB
SwapTotal:        262140 kB
SwapFree:         158108 kB
Dirty:              8544 kB
Writeback:             0 kB
AnonPages:        525372 kB
Mapped:           248812 kB
Shmem:               384 kB
Slab:              61892 kB
SReclaimable:      17680 kB
SUnreclaim:        44212 kB
KernelStack:       16616 kB
PageTables:        27988 kB
NFS_Unstable:          0 kB
Bounce:                0 kB
WritebackTmp:          0 kB
CommitLimit:     1242116 kB
Committed_AS:   57025320 kB
VmallocTotal:     409600 kB
VmallocUsed:       25988 kB
VmallocChunk:      81948 kB
Time pass: 81 sec

---2015-10-23 20:34:50
MemTotal:        1959952 kB
MemFree:          311796 kB
Buffers:            5596 kB
Cached:           784184 kB
SwapCached:         5956 kB
Active:           704384 kB
Inactive:         609928 kB
Active(anon):     302200 kB
Inactive(anon):   224484 kB
Active(file):     402184 kB
Inactive(file):   385444 kB
Unevictable:        1768 kB
Mlocked:               0 kB
HighTotal:       1372556 kB
HighFree:         138808 kB
LowTotal:         587396 kB
LowFree:          172988 kB
SwapTotal:        262140 kB
SwapFree:         158108 kB
Dirty:              8544 kB
Writeback:             0 kB
AnonPages:        525612 kB
Mapped:           248812 kB
Shmem:               384 kB
Slab:              61892 kB
SReclaimable:      17680 kB
SUnreclaim:        44212 kB
KernelStack:       16616 kB
PageTables:        27988 kB
NFS_Unstable:          0 kB
Bounce:                0 kB
WritebackTmp:          0 kB
CommitLimit:     1242116 kB
Committed_AS:   57025412 kB
VmallocTotal:     409600 kB
VmallocUsed:       25988 kB
VmallocChunk:      81948 kB
Time pass: 85 sec

---2015-10-23 20:34:50
MemTotal:        1959952 kB
MemFree:          311424 kB
Buffers:            5596 kB
Cached:           784184 kB
SwapCached:         5956 kB
Active:           704816 kB
Inactive:         609920 kB
Active(anon):     302628 kB
Inactive(anon):   224480 kB
Active(file):     402188 kB
Inactive(file):   385440 kB
Unevictable:        1768 kB
Mlocked:               0 kB
HighTotal:       1372556 kB
HighFree:         138420 kB
LowTotal:         587396 kB
LowFree:          173004 kB
SwapTotal:        262140 kB
SwapFree:         158108 kB
Dirty:              8544 kB
Writeback:             0 kB
AnonPages:        525940 kB
Mapped:           248912 kB
Shmem:               384 kB
Slab:              61892 kB
SReclaimable:      17680 kB
SUnreclaim:        44212 kB
KernelStack:       16568 kB
PageTables:        28056 kB
NFS_Unstable:          0 kB
Bounce:                0 kB
WritebackTmp:          0 kB
CommitLimit:     1242116 kB
Committed_AS:   57025600 kB
VmallocTotal:     409600 kB
VmallocUsed:       25988 kB
VmallocChunk:      81948 kB
Time pass: 89 sec

---2015-10-23 20:34:50
MemTotal:        1959952 kB
MemFree:          312208 kB
Buffers:            5596 kB
Cached:           784184 kB
SwapCached:         5956 kB
Active:           708712 kB
Inactive:         609912 kB
Active(anon):     306516 kB
Inactive(anon):   224480 kB
Active(file):     402196 kB
Inactive(file):   385432 kB
Unevictable:        1768 kB
Mlocked:               0 kB
HighTotal:       1372556 kB
HighFree:         143856 kB
LowTotal:         587396 kB
LowFree:          168352 kB
SwapTotal:        262140 kB
SwapFree:         158108 kB
Dirty:              8548 kB
Writeback:             0 kB
AnonPages:        529896 kB
Mapped:           256692 kB
Shmem:               384 kB
Slab:              61912 kB
SReclaimable:      17688 kB
SUnreclaim:        44224 kB
KernelStack:       16632 kB
PageTables:        28460 kB
NFS_Unstable:          0 kB
Bounce:                0 kB
WritebackTmp:          0 kB
CommitLimit:     1242116 kB
Committed_AS:   58018776 kB
VmallocTotal:     409600 kB
VmallocUsed:       26964 kB
VmallocChunk:      81948 kB
Time pass: 92 sec

---2015-10-23 20:34:50
MemTotal:        1959952 kB
MemFree:          231312 kB
Buffers:            5596 kB
Cached:           784716 kB
SwapCached:         5956 kB
Active:           734000 kB
Inactive:         610344 kB
Active(anon):     331788 kB
Inactive(anon):   224940 kB
Active(file):     402212 kB
Inactive(file):   385404 kB
Unevictable:        1768 kB
Mlocked:               0 kB
HighTotal:       1372556 kB
HighFree:          91332 kB
LowTotal:         587396 kB
LowFree:          139980 kB
SwapTotal:        262140 kB
SwapFree:         158108 kB
Dirty:              9544 kB
Writeback:            12 kB
AnonPages:        555516 kB
Mapped:           272280 kB
Shmem:               868 kB
Slab:              62172 kB
SReclaimable:      17744 kB
SUnreclaim:        44428 kB
KernelStack:       17152 kB
PageTables:        28832 kB
NFS_Unstable:          0 kB
Bounce:                0 kB
WritebackTmp:          0 kB
CommitLimit:     1242116 kB
Committed_AS:   58048396 kB
VmallocTotal:     409600 kB
VmallocUsed:       28256 kB
VmallocChunk:      81948 kB
Time pass: 96 sec

---2015-10-23 20:34:50
MemTotal:        1959952 kB
MemFree:          218244 kB
Buffers:            5596 kB
Cached:           784328 kB
SwapCached:         5960 kB
Active:           733320 kB
Inactive:         608340 kB
Active(anon):     329484 kB
Inactive(anon):   224600 kB
Active(file):     403836 kB
Inactive(file):   383740 kB
Unevictable:        1768 kB
Mlocked:               0 kB
HighTotal:       1372556 kB
HighFree:          82000 kB
LowTotal:         587396 kB
LowFree:          136244 kB
SwapTotal:        262140 kB
SwapFree:         158140 kB
Dirty:              9008 kB
Writeback:             0 kB
AnonPages:        553144 kB
Mapped:           261244 kB
Shmem:               520 kB
Slab:              62176 kB
SReclaimable:      17760 kB
SUnreclaim:        44416 kB
KernelStack:       17240 kB
PageTables:        29148 kB
NFS_Unstable:          0 kB
Bounce:                0 kB
WritebackTmp:          0 kB
CommitLimit:     1242116 kB
Committed_AS:   58986584 kB
VmallocTotal:     409600 kB
VmallocUsed:       29352 kB
VmallocChunk:      81948 kB
Time pass: 99 sec

---2015-10-23 20:34:50
MemTotal:        1959952 kB
MemFree:          172124 kB
Buffers:            5604 kB
Cached:           784504 kB
SwapCached:         5960 kB
Active:           744728 kB
Inactive:         608504 kB
Active(anon):     340820 kB
Inactive(anon):   224596 kB
Active(file):     403908 kB
Inactive(file):   383908 kB
Unevictable:        1768 kB
Mlocked:               0 kB
HighTotal:       1372556 kB
HighFree:          61516 kB
LowTotal:         587396 kB
LowFree:          110608 kB
SwapTotal:        262140 kB
SwapFree:         158140 kB
Dirty:              8780 kB
Writeback:             0 kB
AnonPages:        563968 kB
Mapped:           267940 kB
Shmem:               520 kB
Slab:              62160 kB
SReclaimable:      17788 kB
SUnreclaim:        44372 kB
KernelStack:       17264 kB
PageTables:        28892 kB
NFS_Unstable:          0 kB
Bounce:                0 kB
WritebackTmp:          0 kB
CommitLimit:     1242116 kB
Committed_AS:   58059664 kB
VmallocTotal:     409600 kB
VmallocUsed:       29436 kB
VmallocChunk:      81948 kB
Time pass: 103 sec

---2015-10-23 20:34:50
MemTotal:        1959952 kB
MemFree:          159464 kB
Buffers:            5604 kB
Cached:           784508 kB
SwapCached:         5960 kB
Active:           744348 kB
Inactive:         608468 kB
Active(anon):     340396 kB
Inactive(anon):   224596 kB
Active(file):     403952 kB
Inactive(file):   383872 kB
Unevictable:        1768 kB
Mlocked:               0 kB
HighTotal:       1372556 kB
HighFree:          62044 kB
LowTotal:         587396 kB
LowFree:           97420 kB
SwapTotal:        262140 kB
SwapFree:         158140 kB
Dirty:              9804 kB
Writeback:             0 kB
AnonPages:        563712 kB
Mapped:           269112 kB
Shmem:               520 kB
Slab:              62092 kB
SReclaimable:      17788 kB
SUnreclaim:        44304 kB
KernelStack:       17144 kB
PageTables:        28952 kB
NFS_Unstable:          0 kB
Bounce:                0 kB
WritebackTmp:          0 kB
CommitLimit:     1242116 kB
Committed_AS:   58051024 kB
VmallocTotal:     409600 kB
VmallocUsed:       29484 kB
VmallocChunk:      81948 kB
Time pass: 107 sec

---2015-10-23 20:34:50
MemTotal:        1959952 kB
MemFree:          160744 kB
Buffers:            5604 kB
Cached:           784508 kB
SwapCached:         5960 kB
Active:           743588 kB
Inactive:         608468 kB
Active(anon):     339636 kB
Inactive(anon):   224596 kB
Active(file):     403952 kB
Inactive(file):   383872 kB
Unevictable:        1768 kB
Mlocked:               0 kB
HighTotal:       1372556 kB
HighFree:          63332 kB
LowTotal:         587396 kB
LowFree:           97412 kB
SwapTotal:        262140 kB
SwapFree:         158140 kB
Dirty:              8656 kB
Writeback:             0 kB
AnonPages:        562976 kB
Mapped:           269236 kB
Shmem:               520 kB
Slab:              62084 kB
SReclaimable:      17780 kB
SUnreclaim:        44304 kB
KernelStack:       17144 kB
PageTables:        28968 kB
NFS_Unstable:          0 kB
Bounce:                0 kB
WritebackTmp:          0 kB
CommitLimit:     1242116 kB
Committed_AS:   58050848 kB
VmallocTotal:     409600 kB
VmallocUsed:       29484 kB
VmallocChunk:      81948 kB
Time pass: 111 sec

---2015-10-23 20:34:50
MemTotal:        1959952 kB
MemFree:          151484 kB
Buffers:            5604 kB
Cached:           784648 kB
SwapCached:         5960 kB
Active:           746124 kB
Inactive:         608572 kB
Active(anon):     342276 kB
Inactive(anon):   224580 kB
Active(file):     403848 kB
Inactive(file):   383992 kB
Unevictable:        1768 kB
Mlocked:               0 kB
HighTotal:       1372556 kB
HighFree:          59080 kB
LowTotal:         587396 kB
LowFree:           92404 kB
SwapTotal:        262140 kB
SwapFree:         158140 kB
Dirty:              8968 kB
Writeback:             0 kB
AnonPages:        565704 kB
Mapped:           270184 kB
Shmem:               504 kB
Slab:              62180 kB
SReclaimable:      17780 kB
SUnreclaim:        44400 kB
KernelStack:       17144 kB
PageTables:        28944 kB
NFS_Unstable:          0 kB
Bounce:                0 kB
WritebackTmp:          0 kB
CommitLimit:     1242116 kB
Committed_AS:   58045344 kB
VmallocTotal:     409600 kB
VmallocUsed:       29500 kB
VmallocChunk:      81948 kB
Time pass: 114 sec

---2015-10-23 20:34:50
MemTotal:        1959952 kB
MemFree:          140932 kB
Buffers:            5604 kB
Cached:           784700 kB
SwapCached:         5960 kB
Active:           745108 kB
Inactive:         608664 kB
Active(anon):     341160 kB
Inactive(anon):   224580 kB
Active(file):     403948 kB
Inactive(file):   384084 kB
Unevictable:        1768 kB
Mlocked:               0 kB
HighTotal:       1372556 kB
HighFree:          60024 kB
LowTotal:         587396 kB
LowFree:           80908 kB
SwapTotal:        262140 kB
SwapFree:         158140 kB
Dirty:              9744 kB
Writeback:             0 kB
AnonPages:        564676 kB
Mapped:           270812 kB
Shmem:               504 kB
Slab:              62132 kB
SReclaimable:      17780 kB
SUnreclaim:        44352 kB
KernelStack:       17168 kB
PageTables:        28996 kB
NFS_Unstable:          0 kB
Bounce:                0 kB
WritebackTmp:          0 kB
CommitLimit:     1242116 kB
Committed_AS:   58044228 kB
VmallocTotal:     409600 kB
VmallocUsed:       29548 kB
VmallocChunk:      81948 kB
Time pass: 118 sec

---2015-10-23 20:34:50
MemTotal:        1959952 kB
MemFree:          147844 kB
Buffers:            5604 kB
Cached:           784700 kB
SwapCached:         5960 kB
Active:           738192 kB
Inactive:         608632 kB
Active(anon):     334212 kB
Inactive(anon):   224580 kB
Active(file):     403980 kB
Inactive(file):   384052 kB
Unevictable:        1768 kB
Mlocked:               0 kB
HighTotal:       1372556 kB
HighFree:          66984 kB
LowTotal:         587396 kB
LowFree:           80860 kB
SwapTotal:        262140 kB
SwapFree:         158140 kB
Dirty:              8700 kB
Writeback:             0 kB
AnonPages:        557676 kB
Mapped:           270936 kB
Shmem:               504 kB
Slab:              62196 kB
SReclaimable:      17780 kB
SUnreclaim:        44416 kB
KernelStack:       17152 kB
PageTables:        29000 kB
NFS_Unstable:          0 kB
Bounce:                0 kB
WritebackTmp:          0 kB
CommitLimit:     1242116 kB
Committed_AS:   58044196 kB
VmallocTotal:     409600 kB
VmallocUsed:       29548 kB
VmallocChunk:      81948 kB
Time pass: 121 sec

---2015-10-23 20:34:50
MemTotal:        1959952 kB
MemFree:          133048 kB
Buffers:            5604 kB
Cached:           784724 kB
SwapCached:         5960 kB
Active:           742336 kB
Inactive:         608636 kB
Active(anon):     338352 kB
Inactive(anon):   224580 kB
Active(file):     403984 kB
Inactive(file):   384056 kB
Unevictable:        1768 kB
Mlocked:               0 kB
HighTotal:       1372556 kB
HighFree:          62484 kB
LowTotal:         587396 kB
LowFree:           70564 kB
SwapTotal:        262140 kB
SwapFree:         158140 kB
Dirty:              8716 kB
Writeback:            20 kB
AnonPages:        561860 kB
Mapped:           272256 kB
Shmem:               504 kB
Slab:              62184 kB
SReclaimable:      17780 kB
SUnreclaim:        44404 kB
KernelStack:       17168 kB
PageTables:        28984 kB
NFS_Unstable:          0 kB
Bounce:                0 kB
WritebackTmp:          0 kB
CommitLimit:     1242116 kB
Committed_AS:   58048152 kB
VmallocTotal:     409600 kB
VmallocUsed:       29600 kB
VmallocChunk:      81948 kB
Time pass: 125 sec

---2015-10-23 20:34:50
MemTotal:        1959952 kB
MemFree:          123084 kB
Buffers:            5604 kB
Cached:           784724 kB
SwapCached:         5960 kB
Active:           743480 kB
Inactive:         608632 kB
Active(anon):     339476 kB
Inactive(anon):   224580 kB
Active(file):     404004 kB
Inactive(file):   384052 kB
Unevictable:        1768 kB
Mlocked:               0 kB
HighTotal:       1372556 kB
HighFree:          60980 kB
LowTotal:         587396 kB
LowFree:           62104 kB
SwapTotal:        262140 kB
SwapFree:         158140 kB
Dirty:              8844 kB
Writeback:             0 kB
AnonPages:        562884 kB
Mapped:           272948 kB
Shmem:               504 kB
Slab:              62156 kB
SReclaimable:      17788 kB
SUnreclaim:        44368 kB
KernelStack:       17168 kB
PageTables:        29028 kB
NFS_Unstable:          0 kB
Bounce:                0 kB
WritebackTmp:          0 kB
CommitLimit:     1242116 kB
Committed_AS:   58049544 kB
VmallocTotal:     409600 kB
VmallocUsed:       29636 kB
VmallocChunk:      81948 kB
Time pass: 129 sec

---2015-10-23 20:34:50
MemTotal:        1959952 kB
MemFree:          122972 kB
Buffers:            5604 kB
Cached:           784728 kB
SwapCached:         5960 kB
Active:           743808 kB
Inactive:         608632 kB
Active(anon):     339804 kB
Inactive(anon):   224580 kB
Active(file):     404004 kB
Inactive(file):   384052 kB
Unevictable:        1768 kB
Mlocked:               0 kB
HighTotal:       1372556 kB
HighFree:          60884 kB
LowTotal:         587396 kB
LowFree:           62088 kB
SwapTotal:        262140 kB
SwapFree:         158140 kB
Dirty:              8712 kB
Writeback:             0 kB
AnonPages:        563224 kB
Mapped:           273384 kB
Shmem:               504 kB
Slab:              62160 kB
SReclaimable:      17788 kB
SUnreclaim:        44372 kB
KernelStack:       17184 kB
PageTables:        29028 kB
NFS_Unstable:          0 kB
Bounce:                0 kB
WritebackTmp:          0 kB
CommitLimit:     1242116 kB
Committed_AS:   58049644 kB
VmallocTotal:     409600 kB
VmallocUsed:       29636 kB
VmallocChunk:      81948 kB
Time pass: 132 sec

---2015-10-23 20:34:50
MemTotal:        1959952 kB
MemFree:          122976 kB
Buffers:            5604 kB
Cached:           784728 kB
SwapCached:         5960 kB
Active:           743196 kB
Inactive:         608652 kB
Active(anon):     339192 kB
Inactive(anon):   224596 kB
Active(file):     404004 kB
Inactive(file):   384056 kB
Unevictable:        1768 kB
Mlocked:               0 kB
HighTotal:       1372556 kB
HighFree:          61064 kB
LowTotal:         587396 kB
LowFree:           61912 kB
SwapTotal:        262140 kB
SwapFree:         158168 kB
Dirty:              8704 kB
Writeback:             0 kB
AnonPages:        562776 kB
Mapped:           273636 kB
Shmem:               504 kB
Slab:              62168 kB
SReclaimable:      17788 kB
SUnreclaim:        44380 kB
KernelStack:       17168 kB
PageTables:        29032 kB
NFS_Unstable:          0 kB
Bounce:                0 kB
WritebackTmp:          0 kB
CommitLimit:     1242116 kB
Committed_AS:   58042552 kB
VmallocTotal:     409600 kB
VmallocUsed:       29768 kB
VmallocChunk:      81948 kB
Time pass: 137 sec

---2015-10-23 20:34:50
MemTotal:        1959952 kB
MemFree:           98632 kB
Buffers:            5604 kB
Cached:           784880 kB
SwapCached:         5960 kB
Active:           749072 kB
Inactive:         608808 kB
Active(anon):     345064 kB
Inactive(anon):   224752 kB
Active(file):     404008 kB
Inactive(file):   384056 kB
Unevictable:        1768 kB
Mlocked:               0 kB
HighTotal:       1372556 kB
HighFree:          55800 kB
LowTotal:         587396 kB
LowFree:           42832 kB
SwapTotal:        262140 kB
SwapFree:         158168 kB
Dirty:              8696 kB
Writeback:             0 kB
AnonPages:        568560 kB
Mapped:           276548 kB
Shmem:               652 kB
Slab:              61920 kB
SReclaimable:      17788 kB
SUnreclaim:        44132 kB
KernelStack:       17392 kB
PageTables:        29188 kB
NFS_Unstable:          0 kB
Bounce:                0 kB
WritebackTmp:          0 kB
CommitLimit:     1242116 kB
Committed_AS:   58065700 kB
VmallocTotal:     409600 kB
VmallocUsed:       32044 kB
VmallocChunk:      81948 kB
Time pass: 140 sec

---2015-10-23 20:34:50
MemTotal:        1959952 kB
MemFree:           93628 kB
Buffers:            5604 kB
Cached:           784924 kB
SwapCached:         5960 kB
Active:           744996 kB
Inactive:         608848 kB
Active(anon):     340984 kB
Inactive(anon):   224792 kB
Active(file):     404012 kB
Inactive(file):   384056 kB
Unevictable:        1768 kB
Mlocked:               0 kB
HighTotal:       1372556 kB
HighFree:          51028 kB
LowTotal:         587396 kB
LowFree:           42600 kB
SwapTotal:        262140 kB
SwapFree:         158168 kB
Dirty:              8684 kB
Writeback:             0 kB
AnonPages:        564404 kB
Mapped:           276700 kB
Shmem:               692 kB
Slab:              61912 kB
SReclaimable:      17788 kB
SUnreclaim:        44124 kB
KernelStack:       17376 kB
PageTables:        29228 kB
NFS_Unstable:          0 kB
Bounce:                0 kB
WritebackTmp:          0 kB
CommitLimit:     1242116 kB
Committed_AS:   58065832 kB
VmallocTotal:     409600 kB
VmallocUsed:       32044 kB
VmallocChunk:      81948 kB
Time pass: 144 sec

---2015-10-23 20:34:50
MemTotal:        1959952 kB
MemFree:          116036 kB
Buffers:            5604 kB
Cached:           768064 kB
SwapCached:         6496 kB
Active:           746432 kB
Inactive:         592628 kB
Active(anon):     342180 kB
Inactive(anon):   225520 kB
Active(file):     404252 kB
Inactive(file):   367108 kB
Unevictable:        1768 kB
Mlocked:               0 kB
HighTotal:       1372556 kB
HighFree:          41128 kB
LowTotal:         587396 kB
LowFree:           74908 kB
SwapTotal:        262140 kB
SwapFree:         158168 kB
Dirty:               856 kB
Writeback:             4 kB
AnonPages:        567044 kB
Mapped:           293764 kB
Shmem:               504 kB
Slab:              61112 kB
SReclaimable:      16560 kB
SUnreclaim:        44552 kB
KernelStack:       17272 kB
PageTables:        29068 kB
NFS_Unstable:          0 kB
Bounce:                0 kB
WritebackTmp:          0 kB
CommitLimit:     1242116 kB
Committed_AS:   58950540 kB
VmallocTotal:     409600 kB
VmallocUsed:       32164 kB
VmallocChunk:      81948 kB
Time pass: 148 sec

---2015-10-23 20:34:50
MemTotal:        1959952 kB
MemFree:          302852 kB
Buffers:            5604 kB
Cached:           768664 kB
SwapCached:         6496 kB
Active:           696680 kB
Inactive:         593052 kB
Active(anon):     292564 kB
Inactive(anon):   225036 kB
Active(file):     404116 kB
Inactive(file):   368016 kB
Unevictable:        1768 kB
Mlocked:               0 kB
HighTotal:       1372556 kB
HighFree:         139136 kB
LowTotal:         587396 kB
LowFree:          163716 kB
SwapTotal:        262140 kB
SwapFree:         158168 kB
Dirty:               304 kB
Writeback:             0 kB
AnonPages:        516588 kB
Mapped:           245184 kB
Shmem:               368 kB
Slab:              62532 kB
SReclaimable:      17892 kB
SUnreclaim:        44640 kB
KernelStack:       16480 kB
PageTables:        27560 kB
NFS_Unstable:          0 kB
Bounce:                0 kB
WritebackTmp:          0 kB
CommitLimit:     1242116 kB
Committed_AS:   56079452 kB
VmallocTotal:     409600 kB
VmallocUsed:       30512 kB
VmallocChunk:      81948 kB
Time pass: 153 sec

---2015-10-23 20:34:50
MemTotal:        1959952 kB
MemFree:          311344 kB
Buffers:            5604 kB
Cached:           768668 kB
SwapCached:         6496 kB
Active:           686840 kB
Inactive:         593056 kB
Active(anon):     282724 kB
Inactive(anon):   225036 kB
Active(file):     404116 kB
Inactive(file):   368020 kB
Unevictable:        1768 kB
Mlocked:               0 kB
HighTotal:       1372556 kB
HighFree:         148268 kB
LowTotal:         587396 kB
LowFree:          163076 kB
SwapTotal:        262140 kB
SwapFree:         158168 kB
Dirty:               180 kB
Writeback:             0 kB
AnonPages:        506664 kB
Mapped:           243980 kB
Shmem:               368 kB
Slab:              62516 kB
SReclaimable:      17908 kB
SUnreclaim:        44608 kB
KernelStack:       16656 kB
PageTables:        27684 kB
NFS_Unstable:          0 kB
Bounce:                0 kB
WritebackTmp:          0 kB
CommitLimit:     1242116 kB
Committed_AS:   56060264 kB
VmallocTotal:     409600 kB
VmallocUsed:       30512 kB
VmallocChunk:      81948 kB
Time pass: 157 sec

---2015-10-23 20:34:50
MemTotal:        1959952 kB
MemFree:          306352 kB
Buffers:            5604 kB
Cached:           768668 kB
SwapCached:         6496 kB
Active:           692904 kB
Inactive:         593056 kB
Active(anon):     288788 kB
Inactive(anon):   225036 kB
Active(file):     404116 kB
Inactive(file):   368020 kB
Unevictable:        1768 kB
Mlocked:               0 kB
HighTotal:       1372556 kB
HighFree:         143120 kB
LowTotal:         587396 kB
LowFree:          163232 kB
SwapTotal:        262140 kB
SwapFree:         158168 kB
Dirty:               208 kB
Writeback:             0 kB
AnonPages:        512560 kB
Mapped:           246496 kB
Shmem:               368 kB
Slab:              62448 kB
SReclaimable:      17908 kB
SUnreclaim:        44540 kB
KernelStack:       16328 kB
PageTables:        28004 kB
NFS_Unstable:          0 kB
Bounce:                0 kB
WritebackTmp:          0 kB
CommitLimit:     1242116 kB
Committed_AS:   59772468 kB
VmallocTotal:     409600 kB
VmallocUsed:       30512 kB
VmallocChunk:      81948 kB
Time pass: 160 sec

---2015-10-23 20:34:50
MemTotal:        1959952 kB
MemFree:          315564 kB
Buffers:            5604 kB
Cached:           768668 kB
SwapCached:         6496 kB
Active:           687396 kB
Inactive:         593056 kB
Active(anon):     283280 kB
Inactive(anon):   225036 kB
Active(file):     404116 kB
Inactive(file):   368020 kB
Unevictable:        1768 kB
Mlocked:               0 kB
HighTotal:       1372556 kB
HighFree:         147464 kB
LowTotal:         587396 kB
LowFree:          168100 kB
SwapTotal:        262140 kB
SwapFree:         158168 kB
Dirty:               208 kB
Writeback:             0 kB
AnonPages:        507212 kB
Mapped:           243964 kB
Shmem:               368 kB
Slab:              62420 kB
SReclaimable:      17916 kB
SUnreclaim:        44504 kB
KernelStack:       16360 kB
PageTables:        27480 kB
NFS_Unstable:          0 kB
Bounce:                0 kB
WritebackTmp:          0 kB
CommitLimit:     1242116 kB
Committed_AS:   56060392 kB
VmallocTotal:     409600 kB
VmallocUsed:       28104 kB
VmallocChunk:      81948 kB
Time pass: 164 sec

---2015-10-23 20:34:50
MemTotal:        1959952 kB
MemFree:          315528 kB
Buffers:            5604 kB
Cached:           768668 kB
SwapCached:         6496 kB
Active:           687444 kB
Inactive:         593056 kB
Active(anon):     283328 kB
Inactive(anon):   225036 kB
Active(file):     404116 kB
Inactive(file):   368020 kB
Unevictable:        1768 kB
Mlocked:               0 kB
HighTotal:       1372556 kB
HighFree:         147436 kB
LowTotal:         587396 kB
LowFree:          168092 kB
SwapTotal:        262140 kB
SwapFree:         158168 kB
Dirty:               172 kB
Writeback:             0 kB
AnonPages:        507348 kB
Mapped:           243964 kB
Shmem:               368 kB
Slab:              62416 kB
SReclaimable:      17916 kB
SUnreclaim:        44500 kB
KernelStack:       16368 kB
PageTables:        27492 kB
NFS_Unstable:          0 kB
Bounce:                0 kB
WritebackTmp:          0 kB
CommitLimit:     1242116 kB
Committed_AS:   56060500 kB
VmallocTotal:     409600 kB
VmallocUsed:       28104 kB
VmallocChunk:      81948 kB
Time pass: 168 sec

---2015-10-23 20:34:50
MemTotal:        1959952 kB
MemFree:          315416 kB
Buffers:            5604 kB
Cached:           768668 kB
SwapCached:         6496 kB
Active:           687776 kB
Inactive:         593056 kB
Active(anon):     283660 kB
Inactive(anon):   225036 kB
Active(file):     404116 kB
Inactive(file):   368020 kB
Unevictable:        1768 kB
Mlocked:               0 kB
HighTotal:       1372556 kB
HighFree:         147168 kB
LowTotal:         587396 kB
LowFree:          168248 kB
SwapTotal:        262140 kB
SwapFree:         158168 kB
Dirty:               172 kB
Writeback:             0 kB
AnonPages:        507656 kB
Mapped:           243964 kB
Shmem:               368 kB
Slab:              62384 kB
SReclaimable:      17916 kB
SUnreclaim:        44468 kB
KernelStack:       16368 kB
PageTables:        27492 kB
NFS_Unstable:          0 kB
Bounce:                0 kB
WritebackTmp:          0 kB
CommitLimit:     1242116 kB
Committed_AS:   56060720 kB
VmallocTotal:     409600 kB
VmallocUsed:       28104 kB
VmallocChunk:      81948 kB
Time pass: 171 sec

---2015-10-23 20:34:50
MemTotal:        1959952 kB
MemFree:          315152 kB
Buffers:            5604 kB
Cached:           768668 kB
SwapCached:         6496 kB
Active:           687920 kB
Inactive:         593056 kB
Active(anon):     283804 kB
Inactive(anon):   225036 kB
Active(file):     404116 kB
Inactive(file):   368020 kB
Unevictable:        1768 kB
Mlocked:               0 kB
HighTotal:       1372556 kB
HighFree:         147036 kB
LowTotal:         587396 kB
LowFree:          168116 kB
SwapTotal:        262140 kB
SwapFree:         158168 kB
Dirty:               368 kB
Writeback:             0 kB
AnonPages:        507788 kB
Mapped:           243972 kB
Shmem:               368 kB
Slab:              62352 kB
SReclaimable:      17916 kB
SUnreclaim:        44436 kB
KernelStack:       16360 kB
PageTables:        27492 kB
NFS_Unstable:          0 kB
Bounce:                0 kB
WritebackTmp:          0 kB
CommitLimit:     1242116 kB
Committed_AS:   56060856 kB
VmallocTotal:     409600 kB
VmallocUsed:       28104 kB
VmallocChunk:      81948 kB
Time pass: 175 sec

---2015-10-23 20:34:50
MemTotal:        1959952 kB
MemFree:          315072 kB
Buffers:            5604 kB
Cached:           768668 kB
SwapCached:         6496 kB
Active:           687948 kB
Inactive:         593052 kB
Active(anon):     283828 kB
Inactive(anon):   225036 kB
Active(file):     404120 kB
Inactive(file):   368016 kB
Unevictable:        1768 kB
Mlocked:               0 kB
HighTotal:       1372556 kB
HighFree:         146972 kB
LowTotal:         587396 kB
LowFree:          168100 kB
SwapTotal:        262140 kB
SwapFree:         158168 kB
Dirty:               460 kB
Writeback:             0 kB
AnonPages:        507852 kB
Mapped:           243972 kB
Shmem:               368 kB
Slab:              62352 kB
SReclaimable:      17916 kB
SUnreclaim:        44436 kB
KernelStack:       16360 kB
PageTables:        27492 kB
NFS_Unstable:          0 kB
Bounce:                0 kB
WritebackTmp:          0 kB
CommitLimit:     1242116 kB
Committed_AS:   56060944 kB
VmallocTotal:     409600 kB
VmallocUsed:       28104 kB
VmallocChunk:      81948 kB
Time pass: 179 sec

---2015-10-23 20:34:50
MemTotal:        1959952 kB
MemFree:          315064 kB
Buffers:            5604 kB
Cached:           768668 kB
SwapCached:         6496 kB
Active:           687924 kB
Inactive:         593052 kB
Active(anon):     283804 kB
Inactive(anon):   225036 kB
Active(file):     404120 kB
Inactive(file):   368016 kB
Unevictable:        1768 kB
Mlocked:               0 kB
HighTotal:       1372556 kB
HighFree:         146900 kB
LowTotal:         587396 kB
LowFree:          168164 kB
SwapTotal:        262140 kB
SwapFree:         158168 kB
Dirty:               460 kB
Writeback:             0 kB
AnonPages:        507924 kB
Mapped:           243972 kB
Shmem:               368 kB
Slab:              62352 kB
SReclaimable:      17916 kB
SUnreclaim:        44436 kB
KernelStack:       16360 kB
PageTables:        27488 kB
NFS_Unstable:          0 kB
Bounce:                0 kB
WritebackTmp:          0 kB
CommitLimit:     1242116 kB
Committed_AS:   56061160 kB
VmallocTotal:     409600 kB
VmallocUsed:       28104 kB
VmallocChunk:      81948 kB
Time pass: 182 sec

---2015-10-23 20:34:50
MemTotal:        1959952 kB
MemFree:          314796 kB
Buffers:            5604 kB
Cached:           768668 kB
SwapCached:         6496 kB
Active:           688076 kB
Inactive:         593052 kB
Active(anon):     283956 kB
Inactive(anon):   225036 kB
Active(file):     404120 kB
Inactive(file):   368016 kB
Unevictable:        1768 kB
Mlocked:               0 kB
HighTotal:       1372556 kB
HighFree:         146824 kB
LowTotal:         587396 kB
LowFree:          167972 kB
SwapTotal:        262140 kB
SwapFree:         158168 kB
Dirty:               460 kB
Writeback:             0 kB
AnonPages:        508000 kB
Mapped:           243972 kB
Shmem:               368 kB
Slab:              62544 kB
SReclaimable:      17916 kB
SUnreclaim:        44628 kB
KernelStack:       16360 kB
PageTables:        27492 kB
NFS_Unstable:          0 kB
Bounce:                0 kB
WritebackTmp:          0 kB
CommitLimit:     1242116 kB
Committed_AS:   56061224 kB
VmallocTotal:     409600 kB
VmallocUsed:       28104 kB
VmallocChunk:      81948 kB
Time pass: 186 sec

---2015-10-23 20:34:50
MemTotal:        1959952 kB
MemFree:          314820 kB
Buffers:            5604 kB
Cached:           768668 kB
SwapCached:         6496 kB
Active:           688176 kB
Inactive:         593052 kB
Active(anon):     284056 kB
Inactive(anon):   225036 kB
Active(file):     404120 kB
Inactive(file):   368016 kB
Unevictable:        1768 kB
Mlocked:               0 kB
HighTotal:       1372556 kB
HighFree:         146748 kB
LowTotal:         587396 kB
LowFree:          168072 kB
SwapTotal:        262140 kB
SwapFree:         158168 kB
Dirty:               460 kB
Writeback:             0 kB
AnonPages:        508044 kB
Mapped:           243976 kB
Shmem:               368 kB
Slab:              62544 kB
SReclaimable:      17916 kB
SUnreclaim:        44628 kB
KernelStack:       16368 kB
PageTables:        27500 kB
NFS_Unstable:          0 kB
Bounce:                0 kB
WritebackTmp:          0 kB
CommitLimit:     1242116 kB
Committed_AS:   56061292 kB
VmallocTotal:     409600 kB
VmallocUsed:       28104 kB
VmallocChunk:      81948 kB
Time pass: 189 sec

---2015-10-23 20:34:50
MemTotal:        1959952 kB
MemFree:          314548 kB
Buffers:            5604 kB
Cached:           768668 kB
SwapCached:         6496 kB
Active:           688508 kB
Inactive:         593052 kB
Active(anon):     284388 kB
Inactive(anon):   225036 kB
Active(file):     404120 kB
Inactive(file):   368016 kB
Unevictable:        1768 kB
Mlocked:               0 kB
HighTotal:       1372556 kB
HighFree:         146452 kB
LowTotal:         587396 kB
LowFree:          168096 kB
SwapTotal:        262140 kB
SwapFree:         158168 kB
Dirty:               460 kB
Writeback:             0 kB
AnonPages:        508272 kB
Mapped:           243972 kB
Shmem:               368 kB
Slab:              62544 kB
SReclaimable:      17916 kB
SUnreclaim:        44628 kB
KernelStack:       16360 kB
PageTables:        27492 kB
NFS_Unstable:          0 kB
Bounce:                0 kB
WritebackTmp:          0 kB
CommitLimit:     1242116 kB
Committed_AS:   56061588 kB
VmallocTotal:     409600 kB
VmallocUsed:       28104 kB
VmallocChunk:      81948 kB
Time pass: 193 sec

---2015-10-23 20:34:50
MemTotal:        1959952 kB
MemFree:          257656 kB
Buffers:            5604 kB
Cached:           769828 kB
SwapCached:         6496 kB
Active:           717376 kB
Inactive:         594208 kB
Active(anon):     313244 kB
Inactive(anon):   225192 kB
Active(file):     404132 kB
Inactive(file):   369016 kB
Unevictable:        1768 kB
Mlocked:               0 kB
HighTotal:       1372556 kB
HighFree:         110548 kB
LowTotal:         587396 kB
LowFree:          147108 kB
SwapTotal:        262140 kB
SwapFree:         158192 kB
Dirty:               908 kB
Writeback:             0 kB
AnonPages:        537004 kB
Mapped:           262188 kB
Shmem:               500 kB
Slab:              62416 kB
SReclaimable:      17924 kB
SUnreclaim:        44492 kB
KernelStack:       16920 kB
PageTables:        28376 kB
NFS_Unstable:          0 kB
Bounce:                0 kB
WritebackTmp:          0 kB
CommitLimit:     1242116 kB
Committed_AS:   57080240 kB
VmallocTotal:     409600 kB
VmallocUsed:       29280 kB
VmallocChunk:      81948 kB
Time pass: 197 sec

---2015-10-23 20:34:50
MemTotal:        1959952 kB
MemFree:          258340 kB
Buffers:            5604 kB
Cached:           769828 kB
SwapCached:         6496 kB
Active:           707028 kB
Inactive:         594216 kB
Active(anon):     302892 kB
Inactive(anon):   225192 kB
Active(file):     404136 kB
Inactive(file):   369024 kB
Unevictable:        1768 kB
Mlocked:               0 kB
HighTotal:       1372556 kB
HighFree:         111012 kB
LowTotal:         587396 kB
LowFree:          147328 kB
SwapTotal:        262140 kB
SwapFree:         158192 kB
Dirty:               172 kB
Writeback:             0 kB
AnonPages:        527048 kB
Mapped:           262912 kB
Shmem:               500 kB
Slab:              62344 kB
SReclaimable:      17948 kB
SUnreclaim:        44396 kB
KernelStack:       16920 kB
PageTables:        28428 kB
NFS_Unstable:          0 kB
Bounce:                0 kB
WritebackTmp:          0 kB
CommitLimit:     1242116 kB
Committed_AS:   57068464 kB
VmallocTotal:     409600 kB
VmallocUsed:       29328 kB
VmallocChunk:      81948 kB
Time pass: 201 sec

---2015-10-23 20:34:50
MemTotal:        1959952 kB
MemFree:          220940 kB
Buffers:            5604 kB
Cached:           770016 kB
SwapCached:         6496 kB
Active:           719036 kB
Inactive:         594492 kB
Active(anon):     314996 kB
Inactive(anon):   225188 kB
Active(file):     404040 kB
Inactive(file):   369304 kB
Unevictable:        1768 kB
Mlocked:               0 kB
HighTotal:       1372556 kB
HighFree:          76444 kB
LowTotal:         587396 kB
LowFree:          144496 kB
SwapTotal:        262140 kB
SwapFree:         158192 kB
Dirty:              1736 kB
Writeback:             0 kB
AnonPages:        539332 kB
Mapped:           269476 kB
Shmem:               504 kB
Slab:              62348 kB
SReclaimable:      17948 kB
SUnreclaim:        44400 kB
KernelStack:       17016 kB
PageTables:        28520 kB
NFS_Unstable:          0 kB
Bounce:                0 kB
WritebackTmp:          0 kB
CommitLimit:     1242116 kB
Committed_AS:   57081204 kB
VmallocTotal:     409600 kB
VmallocUsed:       29396 kB
VmallocChunk:      81948 kB
Time pass: 205 sec

---2015-10-23 20:34:50
MemTotal:        1959952 kB
MemFree:          210260 kB
Buffers:            5604 kB
Cached:           770016 kB
SwapCached:         6496 kB
Active:           718736 kB
Inactive:         594460 kB
Active(anon):     314660 kB
Inactive(anon):   225188 kB
Active(file):     404076 kB
Inactive(file):   369272 kB
Unevictable:        1768 kB
Mlocked:               0 kB
HighTotal:       1372556 kB
HighFree:          75636 kB
LowTotal:         587396 kB
LowFree:          134624 kB
SwapTotal:        262140 kB
SwapFree:         158192 kB
Dirty:               300 kB
Writeback:            56 kB
AnonPages:        538640 kB
Mapped:           270868 kB
Shmem:               504 kB
Slab:              62360 kB
SReclaimable:      17948 kB
SUnreclaim:        44412 kB
KernelStack:       17016 kB
PageTables:        28548 kB
NFS_Unstable:          0 kB
Bounce:                0 kB
WritebackTmp:          0 kB
CommitLimit:     1242116 kB
Committed_AS:   57080800 kB
VmallocTotal:     409600 kB
VmallocUsed:       29444 kB
VmallocChunk:      81948 kB
Time pass: 208 sec

---2015-10-23 20:34:50
MemTotal:        1959952 kB
MemFree:          189860 kB
Buffers:            5604 kB
Cached:           770136 kB
SwapCached:         6496 kB
Active:           721220 kB
Inactive:         594432 kB
Active(anon):     317020 kB
Inactive(anon):   225188 kB
Active(file):     404200 kB
Inactive(file):   369244 kB
Unevictable:        1768 kB
Mlocked:               0 kB
HighTotal:       1372556 kB
HighFree:          72704 kB
LowTotal:         587396 kB
LowFree:          117156 kB
SwapTotal:        262140 kB
SwapFree:         158192 kB
Dirty:               660 kB
Writeback:             0 kB
AnonPages:        541260 kB
Mapped:           273304 kB
Shmem:               504 kB
Slab:              62412 kB
SReclaimable:      17948 kB
SUnreclaim:        44464 kB
KernelStack:       17016 kB
PageTables:        28576 kB
NFS_Unstable:          0 kB
Bounce:                0 kB
WritebackTmp:          0 kB
CommitLimit:     1242116 kB
Committed_AS:   57083412 kB
VmallocTotal:     409600 kB
VmallocUsed:       29508 kB
VmallocChunk:      81948 kB
Time pass: 212 sec

---2015-10-23 20:34:50
MemTotal:        1959952 kB
MemFree:          189772 kB
Buffers:            5604 kB
Cached:           770136 kB
SwapCached:         6496 kB
Active:           721508 kB
Inactive:         594412 kB
Active(anon):     317288 kB
Inactive(anon):   225188 kB
Active(file):     404220 kB
Inactive(file):   369224 kB
Unevictable:        1768 kB
Mlocked:               0 kB
HighTotal:       1372556 kB
HighFree:          72748 kB
LowTotal:         587396 kB
LowFree:          117024 kB
SwapTotal:        262140 kB
SwapFree:         158192 kB
Dirty:               416 kB
Writeback:             0 kB
AnonPages:        541376 kB
Mapped:           273304 kB
Shmem:               504 kB
Slab:              62416 kB
SReclaimable:      17948 kB
SUnreclaim:        44468 kB
KernelStack:       17024 kB
PageTables:        28576 kB
NFS_Unstable:          0 kB
Bounce:                0 kB
WritebackTmp:          0 kB
CommitLimit:     1242116 kB
Committed_AS:   57083428 kB
VmallocTotal:     409600 kB
VmallocUsed:       29508 kB
VmallocChunk:      81948 kB
Time pass: 215 sec

---2015-10-23 20:34:50
MemTotal:        1959952 kB
MemFree:          165564 kB
Buffers:            5604 kB
Cached:           770136 kB
SwapCached:         6496 kB
Active:           726604 kB
Inactive:         594444 kB
Active(anon):     322392 kB
Inactive(anon):   225188 kB
Active(file):     404212 kB
Inactive(file):   369256 kB
Unevictable:        1768 kB
Mlocked:               0 kB
HighTotal:       1372556 kB
HighFree:          65104 kB
LowTotal:         587396 kB
LowFree:          100460 kB
SwapTotal:        262140 kB
SwapFree:         158192 kB
Dirty:              1044 kB
Writeback:             0 kB
AnonPages:        546684 kB
Mapped:           275152 kB
Shmem:               504 kB
Slab:              62352 kB
SReclaimable:      17948 kB
SUnreclaim:        44404 kB
KernelStack:       17008 kB
PageTables:        28640 kB
NFS_Unstable:          0 kB
Bounce:                0 kB
WritebackTmp:          0 kB
CommitLimit:     1242116 kB
Committed_AS:   57088648 kB
VmallocTotal:     409600 kB
VmallocUsed:       29584 kB
VmallocChunk:      81948 kB
Time pass: 219 sec

---2015-10-23 20:34:50
MemTotal:        1959952 kB
MemFree:          140580 kB
Buffers:            5604 kB
Cached:           770312 kB
SwapCached:         6496 kB
Active:           734796 kB
Inactive:         594612 kB
Active(anon):     330580 kB
Inactive(anon):   225348 kB
Active(file):     404216 kB
Inactive(file):   369264 kB
Unevictable:        1768 kB
Mlocked:               0 kB
HighTotal:       1372556 kB
HighFree:          59196 kB
LowTotal:         587396 kB
LowFree:           81384 kB
SwapTotal:        262140 kB
SwapFree:         158192 kB
Dirty:               548 kB
Writeback:             0 kB
AnonPages:        554680 kB
Mapped:           278244 kB
Shmem:               668 kB
Slab:              61784 kB
SReclaimable:      17932 kB
SUnreclaim:        43852 kB
KernelStack:       17224 kB
PageTables:        28784 kB
NFS_Unstable:          0 kB
Bounce:                0 kB
WritebackTmp:          0 kB
CommitLimit:     1242116 kB
Committed_AS:   57114524 kB
VmallocTotal:     409600 kB
VmallocUsed:       29584 kB
VmallocChunk:      81948 kB
Time pass: 223 sec

---2015-10-23 20:34:50
MemTotal:        1959952 kB
MemFree:          114336 kB
Buffers:            5604 kB
Cached:           770464 kB
SwapCached:         6496 kB
Active:           752168 kB
Inactive:         594768 kB
Active(anon):     347948 kB
Inactive(anon):   225420 kB
Active(file):     404220 kB
Inactive(file):   369348 kB
Unevictable:        1768 kB
Mlocked:               0 kB
HighTotal:       1372556 kB
HighFree:          45068 kB
LowTotal:         587396 kB
LowFree:           69268 kB
SwapTotal:        262140 kB
SwapFree:         158204 kB
Dirty:               620 kB
Writeback:             0 kB
AnonPages:        572236 kB
Mapped:           276036 kB
Shmem:               732 kB
Slab:              61832 kB
SReclaimable:      17932 kB
SUnreclaim:        43900 kB
KernelStack:       17984 kB
PageTables:        30336 kB
NFS_Unstable:          0 kB
Bounce:                0 kB
WritebackTmp:          0 kB
CommitLimit:     1242116 kB
Committed_AS:   61891992 kB
VmallocTotal:     409600 kB
VmallocUsed:       35736 kB
VmallocChunk:      81948 kB
Time pass: 229 sec

---2015-10-23 20:34:50
MemTotal:        1959952 kB
MemFree:          110580 kB
Buffers:            5604 kB
Cached:           754788 kB
SwapCached:         6496 kB
Active:           778948 kB
Inactive:         585772 kB
Active(anon):     380712 kB
Inactive(anon):   225544 kB
Active(file):     398236 kB
Inactive(file):   360228 kB
Unevictable:        1768 kB
Mlocked:               0 kB
HighTotal:       1372556 kB
HighFree:          42044 kB
LowTotal:         587396 kB
LowFree:           68536 kB
SwapTotal:        262140 kB
SwapFree:         157976 kB
Dirty:               676 kB
Writeback:             0 kB
AnonPages:        604852 kB
Mapped:           295392 kB
Shmem:               804 kB
Slab:              61540 kB
SReclaimable:      17844 kB
SUnreclaim:        43696 kB
KernelStack:       18232 kB
PageTables:        30112 kB
NFS_Unstable:          0 kB
Bounce:                0 kB
WritebackTmp:          0 kB
CommitLimit:     1242116 kB
Committed_AS:   59998876 kB
VmallocTotal:     409600 kB
VmallocUsed:       37924 kB
VmallocChunk:      81948 kB
Time pass: 234 sec

---2015-10-23 20:34:50
MemTotal:        1959952 kB
MemFree:          129296 kB
Buffers:            5604 kB
Cached:           754720 kB
SwapCached:         6496 kB
Active:           760480 kB
Inactive:         585204 kB
Active(anon):     362452 kB
Inactive(anon):   225440 kB
Active(file):     398028 kB
Inactive(file):   359764 kB
Unevictable:        1768 kB
Mlocked:               0 kB
HighTotal:       1372556 kB
HighFree:          49916 kB
LowTotal:         587396 kB
LowFree:           79380 kB
SwapTotal:        262140 kB
SwapFree:         157976 kB
Dirty:               704 kB
Writeback:             0 kB
AnonPages:        586624 kB
Mapped:           295472 kB
Shmem:               764 kB
Slab:              61564 kB
SReclaimable:      17868 kB
SUnreclaim:        43696 kB
KernelStack:       17960 kB
PageTables:        29872 kB
NFS_Unstable:          0 kB
Bounce:                0 kB
WritebackTmp:          0 kB
CommitLimit:     1242116 kB
Committed_AS:   59045236 kB
VmallocTotal:     409600 kB
VmallocUsed:       36904 kB
VmallocChunk:      81948 kB
Time pass: 238 sec

---2015-10-23 20:34:50
MemTotal:        1959952 kB
MemFree:          128280 kB
Buffers:            5604 kB
Cached:           754832 kB
SwapCached:         6496 kB
Active:           762360 kB
Inactive:         585192 kB
Active(anon):     364256 kB
Inactive(anon):   225436 kB
Active(file):     398104 kB
Inactive(file):   359756 kB
Unevictable:        1768 kB
Mlocked:               0 kB
HighTotal:       1372556 kB
HighFree:          48244 kB
LowTotal:         587396 kB
LowFree:           80036 kB
SwapTotal:        262140 kB
SwapFree:         157976 kB
Dirty:               696 kB
Writeback:             8 kB
AnonPages:        588136 kB
Mapped:           290552 kB
Shmem:               808 kB
Slab:              61720 kB
SReclaimable:      17868 kB
SUnreclaim:        43852 kB
KernelStack:       17824 kB
PageTables:        29988 kB
NFS_Unstable:          0 kB
Bounce:                0 kB
WritebackTmp:          0 kB
CommitLimit:     1242116 kB
Committed_AS:   59983884 kB
VmallocTotal:     409600 kB
VmallocUsed:       37924 kB
VmallocChunk:      81948 kB
Time pass: 242 sec

---2015-10-23 20:34:50
MemTotal:        1959952 kB
MemFree:          128744 kB
Buffers:            5604 kB
Cached:           755172 kB
SwapCached:         6496 kB
Active:           762620 kB
Inactive:         584512 kB
Active(anon):     363620 kB
Inactive(anon):   225428 kB
Active(file):     399000 kB
Inactive(file):   359084 kB
Unevictable:        1768 kB
Mlocked:               0 kB
HighTotal:       1372556 kB
HighFree:          47224 kB
LowTotal:         587396 kB
LowFree:           81520 kB
SwapTotal:        262140 kB
SwapFree:         157976 kB
Dirty:               796 kB
Writeback:             0 kB
AnonPages:        587728 kB
Mapped:           285052 kB
Shmem:               924 kB
Slab:              61456 kB
SReclaimable:      17804 kB
SUnreclaim:        43652 kB
KernelStack:       17888 kB
PageTables:        30276 kB
NFS_Unstable:          0 kB
Bounce:                0 kB
WritebackTmp:          0 kB
CommitLimit:     1242116 kB
Committed_AS:   60964404 kB
VmallocTotal:     409600 kB
VmallocUsed:       38912 kB
VmallocChunk:      81948 kB
Time pass: 246 sec

---2015-10-23 20:34:50
MemTotal:        1959952 kB
MemFree:          124732 kB
Buffers:            5604 kB
Cached:           755216 kB
SwapCached:         6496 kB
Active:           765704 kB
Inactive:         584064 kB
Active(anon):     366284 kB
Inactive(anon):   225340 kB
Active(file):     399420 kB
Inactive(file):   358724 kB
Unevictable:        1768 kB
Mlocked:               0 kB
HighTotal:       1372556 kB
HighFree:          45468 kB
LowTotal:         587396 kB
LowFree:           79264 kB
SwapTotal:        262140 kB
SwapFree:         157976 kB
Dirty:               776 kB
Writeback:             0 kB
AnonPages:        590320 kB
Mapped:           289912 kB
Shmem:               908 kB
Slab:              61548 kB
SReclaimable:      17836 kB
SUnreclaim:        43712 kB
KernelStack:       18256 kB
PageTables:        30420 kB
NFS_Unstable:          0 kB
Bounce:                0 kB
WritebackTmp:          0 kB
CommitLimit:     1242116 kB
Committed_AS:   60986388 kB
VmallocTotal:     409600 kB
VmallocUsed:       31804 kB
VmallocChunk:      81948 kB
Time pass: 251 sec

---2015-10-23 20:34:50
MemTotal:        1959952 kB
MemFree:          125184 kB
Buffers:            5604 kB
Cached:           755236 kB
SwapCached:         6496 kB
Active:           766284 kB
Inactive:         583996 kB
Active(anon):     366796 kB
Inactive(anon):   225340 kB
Active(file):     399488 kB
Inactive(file):   358656 kB
Unevictable:        1768 kB
Mlocked:               0 kB
HighTotal:       1372556 kB
HighFree:          44668 kB
LowTotal:         587396 kB
LowFree:           80516 kB
SwapTotal:        262140 kB
SwapFree:         157976 kB
Dirty:               764 kB
Writeback:             0 kB
AnonPages:        590756 kB
Mapped:           294700 kB
Shmem:               928 kB
Slab:              61612 kB
SReclaimable:      17836 kB
SUnreclaim:        43776 kB
KernelStack:       18152 kB
PageTables:        29748 kB
NFS_Unstable:          0 kB
Bounce:                0 kB
WritebackTmp:          0 kB
CommitLimit:     1242116 kB
Committed_AS:   59060220 kB
VmallocTotal:     409600 kB
VmallocUsed:       31804 kB
VmallocChunk:      81948 kB
Time pass: 255 sec

---2015-10-23 20:34:50
MemTotal:        1959952 kB
MemFree:          136424 kB
Buffers:            5604 kB
Cached:           755200 kB
SwapCached:         6496 kB
Active:           754948 kB
Inactive:         583948 kB
Active(anon):     355456 kB
Inactive(anon):   225288 kB
Active(file):     399492 kB
Inactive(file):   358660 kB
Unevictable:        1768 kB
Mlocked:               0 kB
HighTotal:       1372556 kB
HighFree:          56016 kB
LowTotal:         587396 kB
LowFree:           80408 kB
SwapTotal:        262140 kB
SwapFree:         157976 kB
Dirty:               784 kB
Writeback:             0 kB
AnonPages:        579368 kB
Mapped:           294696 kB
Shmem:               884 kB
Slab:              61588 kB
SReclaimable:      17844 kB
SUnreclaim:        43744 kB
KernelStack:       17864 kB
PageTables:        29816 kB
NFS_Unstable:          0 kB
Bounce:                0 kB
WritebackTmp:          0 kB
CommitLimit:     1242116 kB
Committed_AS:   59055976 kB
VmallocTotal:     409600 kB
VmallocUsed:       31804 kB
VmallocChunk:      81948 kB
Time pass: 259 sec

---2015-10-23 20:34:50
MemTotal:        1959952 kB
MemFree:          135944 kB
Buffers:            5604 kB
Cached:           755284 kB
SwapCached:         6496 kB
Active:           757916 kB
Inactive:         583664 kB
Active(anon):     358084 kB
Inactive(anon):   225328 kB
Active(file):     399832 kB
Inactive(file):   358336 kB
Unevictable:        1768 kB
Mlocked:               0 kB
HighTotal:       1372556 kB
HighFree:          54112 kB
LowTotal:         587396 kB
LowFree:           81832 kB
SwapTotal:        262140 kB
SwapFree:         157976 kB
Dirty:               820 kB
Writeback:             0 kB
AnonPages:        581872 kB
Mapped:           280544 kB
Shmem:               952 kB
Slab:              61556 kB
SReclaimable:      17844 kB
SUnreclaim:        43712 kB
KernelStack:       17600 kB
PageTables:        29976 kB
NFS_Unstable:          0 kB
Bounce:                0 kB
WritebackTmp:          0 kB
CommitLimit:     1242116 kB
Committed_AS:   60013960 kB
VmallocTotal:     409600 kB
VmallocUsed:       29584 kB
VmallocChunk:      81948 kB
Time pass: 263 sec

---2015-10-23 20:34:50
MemTotal:        1959952 kB
MemFree:           99064 kB
Buffers:            5604 kB
Cached:           755272 kB
SwapCached:         6496 kB
Active:           791364 kB
Inactive:         583620 kB
Active(anon):     391532 kB
Inactive(anon):   225288 kB
Active(file):     399832 kB
Inactive(file):   358332 kB
Unevictable:        1768 kB
Mlocked:               0 kB
HighTotal:       1372556 kB
HighFree:          24148 kB
LowTotal:         587396 kB
LowFree:           74916 kB
SwapTotal:        262140 kB
SwapFree:         157984 kB
Dirty:               832 kB
Writeback:             0 kB
AnonPages:        615332 kB
Mapped:           298264 kB
Shmem:               944 kB
Slab:              61692 kB
SReclaimable:      17852 kB
SUnreclaim:        43840 kB
KernelStack:       18384 kB
PageTables:        30552 kB
NFS_Unstable:          0 kB
Bounce:                0 kB
WritebackTmp:          0 kB
CommitLimit:     1242116 kB
Committed_AS:   60996864 kB
VmallocTotal:     409600 kB
VmallocUsed:       33844 kB
VmallocChunk:      81948 kB
Time pass: 267 sec

---2015-10-23 20:34:50
MemTotal:        1959952 kB
MemFree:          113960 kB
Buffers:            5604 kB
Cached:           755288 kB
SwapCached:         6496 kB
Active:           776628 kB
Inactive:         583472 kB
Active(anon):     376648 kB
Inactive(anon):   225280 kB
Active(file):     399980 kB
Inactive(file):   358192 kB
Unevictable:        1768 kB
Mlocked:               0 kB
HighTotal:       1372556 kB
HighFree:          40636 kB
LowTotal:         587396 kB
LowFree:           73324 kB
SwapTotal:        262140 kB
SwapFree:         157992 kB
Dirty:               844 kB
Writeback:             0 kB
AnonPages:        600544 kB
Mapped:           292836 kB
Shmem:               952 kB
Slab:              61640 kB
SReclaimable:      17860 kB
SUnreclaim:        43780 kB
KernelStack:       18216 kB
PageTables:        30512 kB
NFS_Unstable:          0 kB
Bounce:                0 kB
WritebackTmp:          0 kB
CommitLimit:     1242116 kB
Committed_AS:   60991140 kB
VmallocTotal:     409600 kB
VmallocUsed:       35884 kB
VmallocChunk:      81948 kB
Time pass: 271 sec

---2015-10-23 20:34:50
MemTotal:        1959952 kB
MemFree:          116384 kB
Buffers:            5604 kB
Cached:           755288 kB
SwapCached:         6496 kB
Active:           773776 kB
Inactive:         583476 kB
Active(anon):     373800 kB
Inactive(anon):   225280 kB
Active(file):     399976 kB
Inactive(file):   358196 kB
Unevictable:        1768 kB
Mlocked:               0 kB
HighTotal:       1372556 kB
HighFree:          40464 kB
LowTotal:         587396 kB
LowFree:           75920 kB
SwapTotal:        262140 kB
SwapFree:         158008 kB
Dirty:               804 kB
Writeback:             0 kB
AnonPages:        597376 kB
Mapped:           297272 kB
Shmem:               952 kB
Slab:              61608 kB
SReclaimable:      17860 kB
SUnreclaim:        43748 kB
KernelStack:       18168 kB
PageTables:        30308 kB
NFS_Unstable:          0 kB
Bounce:                0 kB
WritebackTmp:          0 kB
CommitLimit:     1242116 kB
Committed_AS:   60047036 kB
VmallocTotal:     409600 kB
VmallocUsed:       35884 kB
VmallocChunk:      81948 kB
Time pass: 275 sec

---2015-10-23 20:34:50
MemTotal:        1959952 kB
MemFree:          121012 kB
Buffers:            5604 kB
Cached:           755296 kB
SwapCached:         6496 kB
Active:           769160 kB
Inactive:         583448 kB
Active(anon):     369148 kB
Inactive(anon):   225280 kB
Active(file):     400012 kB
Inactive(file):   358168 kB
Unevictable:        1768 kB
Mlocked:               0 kB
HighTotal:       1372556 kB
HighFree:          44996 kB
LowTotal:         587396 kB
LowFree:           76016 kB
SwapTotal:        262140 kB
SwapFree:         158012 kB
Dirty:                72 kB
Writeback:             0 kB
AnonPages:        593144 kB
Mapped:           297360 kB
Shmem:               952 kB
Slab:              61576 kB
SReclaimable:      17860 kB
SUnreclaim:        43716 kB
KernelStack:       18176 kB
PageTables:        30360 kB
NFS_Unstable:          0 kB
Bounce:                0 kB
WritebackTmp:          0 kB
CommitLimit:     1242116 kB
Committed_AS:   60043788 kB
VmallocTotal:     409600 kB
VmallocUsed:       35884 kB
VmallocChunk:      81948 kB
Time pass: 279 sec

---2015-10-23 20:34:50
MemTotal:        1959952 kB
MemFree:          115188 kB
Buffers:            5604 kB
Cached:           755356 kB
SwapCached:         6496 kB
Active:           775368 kB
Inactive:         583512 kB
Active(anon):     375364 kB
Inactive(anon):   225336 kB
Active(file):     400004 kB
Inactive(file):   358176 kB
Unevictable:        1768 kB
Mlocked:               0 kB
HighTotal:       1372556 kB
HighFree:          38248 kB
LowTotal:         587396 kB
LowFree:           76940 kB
SwapTotal:        262140 kB
SwapFree:         158020 kB
Dirty:               108 kB
Writeback:             0 kB
AnonPages:        599164 kB
Mapped:           291092 kB
Shmem:              1012 kB
Slab:              61576 kB
SReclaimable:      17860 kB
SUnreclaim:        43716 kB
KernelStack:       17888 kB
PageTables:        30320 kB
NFS_Unstable:          0 kB
Bounce:                0 kB
WritebackTmp:          0 kB
CommitLimit:     1242116 kB
Committed_AS:   60057640 kB
VmallocTotal:     409600 kB
VmallocUsed:       35852 kB
VmallocChunk:      81948 kB
Time pass: 283 sec

---2015-10-23 20:34:50
MemTotal:        1959952 kB
MemFree:          108696 kB
Buffers:            5604 kB
Cached:           755732 kB
SwapCached:         6496 kB
Active:           781948 kB
Inactive:         583020 kB
Active(anon):     381060 kB
Inactive(anon):   225292 kB
Active(file):     400888 kB
Inactive(file):   357728 kB
Unevictable:        1768 kB
Mlocked:               0 kB
HighTotal:       1372556 kB
HighFree:          36020 kB
LowTotal:         587396 kB
LowFree:           72676 kB
SwapTotal:        262140 kB
SwapFree:         158044 kB
Dirty:               192 kB
Writeback:             0 kB
AnonPages:        604024 kB
Mapped:           293516 kB
Shmem:               952 kB
Slab:              61640 kB
SReclaimable:      17860 kB
SUnreclaim:        43780 kB
KernelStack:       18304 kB
PageTables:        30872 kB
NFS_Unstable:          0 kB
Bounce:                0 kB
WritebackTmp:          0 kB
CommitLimit:     1242116 kB
Committed_AS:   61941484 kB
VmallocTotal:     409600 kB
VmallocUsed:       38912 kB
VmallocChunk:      81948 kB
Time pass: 287 sec

---2015-10-23 20:34:50
MemTotal:        1959952 kB
MemFree:          109076 kB
Buffers:            5604 kB
Cached:           755668 kB
SwapCached:         6496 kB
Active:           782108 kB
Inactive:         582960 kB
Active(anon):     381220 kB
Inactive(anon):   225232 kB
Active(file):     400888 kB
Inactive(file):   357728 kB
Unevictable:        1768 kB
Mlocked:               0 kB
HighTotal:       1372556 kB
HighFree:          35232 kB
LowTotal:         587396 kB
LowFree:           73844 kB
SwapTotal:        262140 kB
SwapFree:         158052 kB
Dirty:               184 kB
Writeback:             0 kB
AnonPages:        605036 kB
Mapped:           296656 kB
Shmem:               888 kB
Slab:              61672 kB
SReclaimable:      17860 kB
SUnreclaim:        43812 kB
KernelStack:       18088 kB
PageTables:        29892 kB
NFS_Unstable:          0 kB
Bounce:                0 kB
WritebackTmp:          0 kB
CommitLimit:     1242116 kB
Committed_AS:   59063756 kB
VmallocTotal:     409600 kB
VmallocUsed:       35852 kB
VmallocChunk:      81948 kB
Time pass: 291 sec

---2015-10-23 20:34:50
MemTotal:        1959952 kB
MemFree:          120360 kB
Buffers:            5604 kB
Cached:           755868 kB
SwapCached:         6496 kB
Active:           770448 kB
Inactive:         583168 kB
Active(anon):     369560 kB
Inactive(anon):   225240 kB
Active(file):     400888 kB
Inactive(file):   357928 kB
Unevictable:        1768 kB
Mlocked:               0 kB
HighTotal:       1372556 kB
HighFree:          43420 kB
LowTotal:         587396 kB
LowFree:           76940 kB
SwapTotal:        262140 kB
SwapFree:         158064 kB
Dirty:               680 kB
Writeback:             0 kB
AnonPages:        593428 kB
Mapped:           296844 kB
Shmem:               888 kB
Slab:              61672 kB
SReclaimable:      17860 kB
SUnreclaim:        43812 kB
KernelStack:       18080 kB
PageTables:        29956 kB
NFS_Unstable:          0 kB
Bounce:                0 kB
WritebackTmp:          0 kB
CommitLimit:     1242116 kB
Committed_AS:   59059464 kB
VmallocTotal:     409600 kB
VmallocUsed:       35852 kB
VmallocChunk:      81948 kB
Time pass: 295 sec

---2015-10-23 20:34:50
MemTotal:        1959952 kB
MemFree:          119816 kB
Buffers:            5604 kB
Cached:           755872 kB
SwapCached:         6496 kB
Active:           771464 kB
Inactive:         583176 kB
Active(anon):     370576 kB
Inactive(anon):   225244 kB
Active(file):     400888 kB
Inactive(file):   357932 kB
Unevictable:        1768 kB
Mlocked:               0 kB
HighTotal:       1372556 kB
HighFree:          42632 kB
LowTotal:         587396 kB
LowFree:           77184 kB
SwapTotal:        262140 kB
SwapFree:         158072 kB
Dirty:               240 kB
Writeback:             0 kB
AnonPages:        593780 kB
Mapped:           297064 kB
Shmem:               888 kB
Slab:              61576 kB
SReclaimable:      17860 kB
SUnreclaim:        43716 kB
KernelStack:       18072 kB
PageTables:        29956 kB
NFS_Unstable:          0 kB
Bounce:                0 kB
WritebackTmp:          0 kB
CommitLimit:     1242116 kB
Committed_AS:   60011572 kB
VmallocTotal:     409600 kB
VmallocUsed:       36872 kB
VmallocChunk:      81948 kB
Time pass: 299 sec

---2015-10-23 20:34:50
MemTotal:        1959952 kB
MemFree:          141604 kB
Buffers:            5604 kB
Cached:           755924 kB
SwapCached:         6496 kB
Active:           751764 kB
Inactive:         582984 kB
Active(anon):     350644 kB
Inactive(anon):   225236 kB
Active(file):     401120 kB
Inactive(file):   357748 kB
Unevictable:        1768 kB
Mlocked:               0 kB
HighTotal:       1372556 kB
HighFree:          59896 kB
LowTotal:         587396 kB
LowFree:           81708 kB
SwapTotal:        262140 kB
SwapFree:         158080 kB
Dirty:               252 kB
Writeback:             0 kB
AnonPages:        574660 kB
Mapped:           266684 kB
Shmem:               892 kB
Slab:              61572 kB
SReclaimable:      17860 kB
SUnreclaim:        43712 kB
KernelStack:       17408 kB
PageTables:        28932 kB
NFS_Unstable:          0 kB
Bounce:                0 kB
WritebackTmp:          0 kB
CommitLimit:     1242116 kB
Committed_AS:   58079352 kB
VmallocTotal:     409600 kB
VmallocUsed:       33812 kB
VmallocChunk:      81948 kB
Time pass: 302 sec

---2015-10-23 20:34:50
MemTotal:        1959952 kB
MemFree:          129080 kB
Buffers:            5604 kB
Cached:           755968 kB
SwapCached:         6496 kB
Active:           763828 kB
Inactive:         582628 kB
Active(anon):     362300 kB
Inactive(anon):   225288 kB
Active(file):     401528 kB
Inactive(file):   357340 kB
Unevictable:        1768 kB
Mlocked:               0 kB
HighTotal:       1372556 kB
HighFree:          48956 kB
LowTotal:         587396 kB
LowFree:           80124 kB
SwapTotal:        262140 kB
SwapFree:         158096 kB
Dirty:               392 kB
Writeback:             0 kB
AnonPages:        586112 kB
Mapped:           269912 kB
Shmem:               936 kB
Slab:              61668 kB
SReclaimable:      17860 kB
SUnreclaim:        43808 kB
KernelStack:       17936 kB
PageTables:        30488 kB
NFS_Unstable:          0 kB
Bounce:                0 kB
WritebackTmp:          0 kB
CommitLimit:     1242116 kB
Committed_AS:   61936332 kB
VmallocTotal:     409600 kB
VmallocUsed:       32792 kB
VmallocChunk:      81948 kB
Time pass: 306 sec

---2015-10-23 20:34:50
MemTotal:        1959952 kB
MemFree:          124252 kB
Buffers:            5604 kB
Cached:           756024 kB
SwapCached:         6496 kB
Active:           770400 kB
Inactive:         582572 kB
Active(anon):     368752 kB
Inactive(anon):   225352 kB
Active(file):     401648 kB
Inactive(file):   357220 kB
Unevictable:        1768 kB
Mlocked:               0 kB
HighTotal:       1372556 kB
HighFree:          43236 kB
LowTotal:         587396 kB
LowFree:           81016 kB
SwapTotal:        262140 kB
SwapFree:         158104 kB
Dirty:               376 kB
Writeback:             0 kB
AnonPages:        592828 kB
Mapped:           276248 kB
Shmem:               992 kB
Slab:              61604 kB
SReclaimable:      17828 kB
SUnreclaim:        43776 kB
KernelStack:       17840 kB
PageTables:        30128 kB
NFS_Unstable:          0 kB
Bounce:                0 kB
WritebackTmp:          0 kB
CommitLimit:     1242116 kB
Committed_AS:   60981876 kB
VmallocTotal:     409600 kB
VmallocUsed:       28564 kB
VmallocChunk:      81948 kB
Time pass: 310 sec

---2015-10-23 20:34:50
MemTotal:        1959952 kB
MemFree:          106212 kB
Buffers:            5604 kB
Cached:           755952 kB
SwapCached:         6496 kB
Active:           786960 kB
Inactive:         581964 kB
Active(anon):     384772 kB
Inactive(anon):   225276 kB
Active(file):     402188 kB
Inactive(file):   356688 kB
Unevictable:        1768 kB
Mlocked:               0 kB
HighTotal:       1372556 kB
HighFree:          34200 kB
LowTotal:         587396 kB
LowFree:           72012 kB
SwapTotal:        262140 kB
SwapFree:         158108 kB
Dirty:               380 kB
Writeback:             0 kB
AnonPages:        608584 kB
Mapped:           294288 kB
Shmem:               912 kB
Slab:              61444 kB
SReclaimable:      17828 kB
SUnreclaim:        43616 kB
KernelStack:       18080 kB
PageTables:        30212 kB
NFS_Unstable:          0 kB
Bounce:                0 kB
WritebackTmp:          0 kB
CommitLimit:     1242116 kB
Committed_AS:   60822152 kB
VmallocTotal:     409600 kB
VmallocUsed:       27692 kB
VmallocChunk:      81948 kB
Time pass: 314 sec

---2015-10-23 20:34:50
MemTotal:        1959952 kB
MemFree:          113740 kB
Buffers:            5604 kB
Cached:           756052 kB
SwapCached:         6496 kB
Active:           779904 kB
Inactive:         581292 kB
Active(anon):     376924 kB
Inactive(anon):   225356 kB
Active(file):     402980 kB
Inactive(file):   355936 kB
Unevictable:        1768 kB
Mlocked:               0 kB
HighTotal:       1372556 kB
HighFree:          36752 kB
LowTotal:         587396 kB
LowFree:           76988 kB
SwapTotal:        262140 kB
SwapFree:         158136 kB
Dirty:               392 kB
Writeback:             0 kB
AnonPages:        600776 kB
Mapped:           288312 kB
Shmem:               972 kB
Slab:              61612 kB
SReclaimable:      17836 kB
SUnreclaim:        43776 kB
KernelStack:       17944 kB
PageTables:        29976 kB
NFS_Unstable:          0 kB
Bounce:                0 kB
WritebackTmp:          0 kB
CommitLimit:     1242116 kB
Committed_AS:   60037436 kB
VmallocTotal:     409600 kB
VmallocUsed:       32792 kB
VmallocChunk:      81948 kB
Time pass: 318 sec

---2015-10-23 20:34:50
MemTotal:        1959952 kB
MemFree:          118480 kB
Buffers:            5604 kB
Cached:           756060 kB
SwapCached:         6496 kB
Active:           775452 kB
Inactive:         581304 kB
Active(anon):     372468 kB
Inactive(anon):   225336 kB
Active(file):     402984 kB
Inactive(file):   355968 kB
Unevictable:        1768 kB
Mlocked:               0 kB
HighTotal:       1372556 kB
HighFree:          38344 kB
LowTotal:         587396 kB
LowFree:           80136 kB
SwapTotal:        262140 kB
SwapFree:         158140 kB
Dirty:               440 kB
Writeback:             0 kB
AnonPages:        596136 kB
Mapped:           287412 kB
Shmem:               944 kB
Slab:              61636 kB
SReclaimable:      17860 kB
SUnreclaim:        43776 kB
KernelStack:       17768 kB
PageTables:        29292 kB
NFS_Unstable:          0 kB
Bounce:                0 kB
WritebackTmp:          0 kB
CommitLimit:     1242116 kB
Committed_AS:   58088232 kB
VmallocTotal:     409600 kB
VmallocUsed:       36872 kB
VmallocChunk:      81948 kB
Time pass: 322 sec

---2015-10-23 20:34:50
MemTotal:        1959952 kB
MemFree:          106376 kB
Buffers:            5604 kB
Cached:           756064 kB
SwapCached:         6496 kB
Active:           785904 kB
Inactive:         581320 kB
Active(anon):     382920 kB
Inactive(anon):   225348 kB
Active(file):     402984 kB
Inactive(file):   355972 kB
Unevictable:        1768 kB
Mlocked:               0 kB
HighTotal:       1372556 kB
HighFree:          30840 kB
LowTotal:         587396 kB
LowFree:           75536 kB
SwapTotal:        262140 kB
SwapFree:         158156 kB
Dirty:               452 kB
Writeback:             0 kB
AnonPages:        606936 kB
Mapped:           293328 kB
Shmem:               944 kB
Slab:              61636 kB
SReclaimable:      17860 kB
SUnreclaim:        43776 kB
KernelStack:       18176 kB
PageTables:        30896 kB
NFS_Unstable:          0 kB
Bounce:                0 kB
WritebackTmp:          0 kB
CommitLimit:     1242116 kB
Committed_AS:   61940840 kB
VmallocTotal:     409600 kB
VmallocUsed:       40952 kB
VmallocChunk:      81948 kB
Time pass: 326 sec

---2015-10-23 20:34:50
MemTotal:        1959952 kB
MemFree:           85704 kB
Buffers:            5604 kB
Cached:           756148 kB
SwapCached:         6496 kB
Active:           806828 kB
Inactive:         581392 kB
Active(anon):     403832 kB
Inactive(anon):   225432 kB
Active(file):     402996 kB
Inactive(file):   355960 kB
Unevictable:        1768 kB
Mlocked:               0 kB
HighTotal:       1372556 kB
HighFree:          26300 kB
LowTotal:         587396 kB
LowFree:           59404 kB
SwapTotal:        262140 kB
SwapFree:         158160 kB
Dirty:               436 kB
Writeback:             0 kB
AnonPages:        627988 kB
Mapped:           297928 kB
Shmem:              1028 kB
Slab:              61648 kB
SReclaimable:      17860 kB
SUnreclaim:        43788 kB
KernelStack:       18384 kB
PageTables:        30908 kB
NFS_Unstable:          0 kB
Bounce:                0 kB
WritebackTmp:          0 kB
CommitLimit:     1242116 kB
Committed_AS:   61943460 kB
VmallocTotal:     409600 kB
VmallocUsed:       40952 kB
VmallocChunk:      81948 kB
Time pass: 330 sec

---2015-10-23 20:34:50
MemTotal:        1959952 kB
MemFree:           98512 kB
Buffers:            5604 kB
Cached:           756080 kB
SwapCached:         6496 kB
Active:           793712 kB
Inactive:         581316 kB
Active(anon):     390720 kB
Inactive(anon):   225356 kB
Active(file):     402992 kB
Inactive(file):   355960 kB
Unevictable:        1768 kB
Mlocked:               0 kB
HighTotal:       1372556 kB
HighFree:          38992 kB
LowTotal:         587396 kB
LowFree:           59520 kB
SwapTotal:        262140 kB
SwapFree:         158168 kB
Dirty:               432 kB
Writeback:             0 kB
AnonPages:        614204 kB
Mapped:           297548 kB
Shmem:               964 kB
Slab:              61568 kB
SReclaimable:      17876 kB
SUnreclaim:        43692 kB
KernelStack:       18448 kB
PageTables:        30616 kB
NFS_Unstable:          0 kB
Bounce:                0 kB
WritebackTmp:          0 kB
CommitLimit:     1242116 kB
Committed_AS:   60960876 kB
VmallocTotal:     409600 kB
VmallocUsed:       39932 kB
VmallocChunk:      81948 kB
Time pass: 333 sec

---2015-10-23 20:34:50
MemTotal:        1959952 kB
MemFree:          111808 kB
Buffers:            5604 kB
Cached:           756080 kB
SwapCached:         6496 kB
Active:           780956 kB
Inactive:         581332 kB
Active(anon):     377964 kB
Inactive(anon):   225372 kB
Active(file):     402992 kB
Inactive(file):   355960 kB
Unevictable:        1768 kB
Mlocked:               0 kB
HighTotal:       1372556 kB
HighFree:          43732 kB
LowTotal:         587396 kB
LowFree:           68076 kB
SwapTotal:        262140 kB
SwapFree:         158184 kB
Dirty:               440 kB
Writeback:             0 kB
AnonPages:        601680 kB
Mapped:           297552 kB
Shmem:               964 kB
Slab:              61664 kB
SReclaimable:      17876 kB
SUnreclaim:        43788 kB
KernelStack:       18192 kB
PageTables:        30292 kB
NFS_Unstable:          0 kB
Bounce:                0 kB
WritebackTmp:          0 kB
CommitLimit:     1242116 kB
Committed_AS:   60006860 kB
VmallocTotal:     409600 kB
VmallocUsed:       38912 kB
VmallocChunk:      81948 kB
Time pass: 338 sec

---2015-10-23 20:34:50
MemTotal:        1959952 kB
MemFree:          120696 kB
Buffers:            5604 kB
Cached:           756060 kB
SwapCached:         6496 kB
Active:           772868 kB
Inactive:         581316 kB
Active(anon):     369876 kB
Inactive(anon):   225376 kB
Active(file):     402992 kB
Inactive(file):   355940 kB
Unevictable:        1768 kB
Mlocked:               0 kB
HighTotal:       1372556 kB
HighFree:          50848 kB
LowTotal:         587396 kB
LowFree:           69848 kB
SwapTotal:        262140 kB
SwapFree:         158188 kB
Dirty:               476 kB
Writeback:             0 kB
AnonPages:        593728 kB
Mapped:           290860 kB
Shmem:               964 kB
Slab:              61664 kB
SReclaimable:      17876 kB
SUnreclaim:        43788 kB
KernelStack:       17800 kB
PageTables:        29872 kB
NFS_Unstable:          0 kB
Bounce:                0 kB
WritebackTmp:          0 kB
CommitLimit:     1242116 kB
Committed_AS:   59035456 kB
VmallocTotal:     409600 kB
VmallocUsed:       37892 kB
VmallocChunk:      81948 kB
Time pass: 341 sec

---2015-10-23 20:34:50
MemTotal:        1959952 kB
MemFree:          102184 kB
Buffers:            5604 kB
Cached:           756124 kB
SwapCached:         6496 kB
Active:           790880 kB
Inactive:         581356 kB
Active(anon):     387888 kB
Inactive(anon):   225416 kB
Active(file):     402992 kB
Inactive(file):   355940 kB
Unevictable:        1768 kB
Mlocked:               0 kB
HighTotal:       1372556 kB
HighFree:          31128 kB
LowTotal:         587396 kB
LowFree:           71056 kB
SwapTotal:        262140 kB
SwapFree:         159508 kB
Dirty:               460 kB
Writeback:             0 kB
AnonPages:        611788 kB
Mapped:           292340 kB
Shmem:              1028 kB
Slab:              61568 kB
SReclaimable:      17876 kB
SUnreclaim:        43692 kB
KernelStack:       18344 kB
PageTables:        30740 kB
NFS_Unstable:          0 kB
Bounce:                0 kB
WritebackTmp:          0 kB
CommitLimit:     1242116 kB
Committed_AS:   60976724 kB
VmallocTotal:     409600 kB
VmallocUsed:       39932 kB
VmallocChunk:      81948 kB
Time pass: 346 sec

---2015-10-23 20:34:50
MemTotal:        1959952 kB
MemFree:          125332 kB
Buffers:            5604 kB
Cached:           733672 kB
SwapCached:         6488 kB
Active:           768992 kB
Inactive:         582016 kB
Active(anon):     387968 kB
Inactive(anon):   226620 kB
Active(file):     381024 kB
Inactive(file):   355396 kB
Unevictable:        1768 kB
Mlocked:               0 kB
HighTotal:       1372556 kB
HighFree:          50660 kB
LowTotal:         587396 kB
LowFree:           74672 kB
SwapTotal:        262140 kB
SwapFree:         158744 kB
Dirty:               436 kB
Writeback:             0 kB
AnonPages:        612996 kB
Mapped:           297276 kB
Shmem:              1088 kB
Slab:              61616 kB
SReclaimable:      17828 kB
SUnreclaim:        43788 kB
KernelStack:       18224 kB
PageTables:        30416 kB
NFS_Unstable:          0 kB
Bounce:                0 kB
WritebackTmp:          0 kB
CommitLimit:     1242116 kB
Committed_AS:   60061420 kB
VmallocTotal:     409600 kB
VmallocUsed:       38912 kB
VmallocChunk:      81948 kB
Time pass: 350 sec

---2015-10-23 20:34:50
MemTotal:        1959952 kB
MemFree:          136336 kB
Buffers:            5604 kB
Cached:           733556 kB
SwapCached:         6488 kB
Active:           758688 kB
Inactive:         581900 kB
Active(anon):     377656 kB
Inactive(anon):   226508 kB
Active(file):     381032 kB
Inactive(file):   355392 kB
Unevictable:        1768 kB
Mlocked:               0 kB
HighTotal:       1372556 kB
HighFree:          55836 kB
LowTotal:         587396 kB
LowFree:           80500 kB
SwapTotal:        262140 kB
SwapFree:         158756 kB
Dirty:               440 kB
Writeback:             0 kB
AnonPages:        602704 kB
Mapped:           295488 kB
Shmem:               968 kB
Slab:              61616 kB
SReclaimable:      17828 kB
