---2015-12-09 10:41:11
MemTotal:        2873608 kB
MemFree:           82680 kB
Buffers:           22932 kB
Cached:          1294808 kB
SwapCached:            0 kB
Active:          1330524 kB
Inactive:         922876 kB
Active(anon):     753816 kB
Inactive(anon):   191808 kB
Active(file):     576708 kB
Inactive(file):   731068 kB
Unevictable:        8104 kB
Mlocked:               0 kB
SwapTotal:        715328 kB
SwapFree:         715328 kB
Dirty:              7344 kB
Writeback:             0 kB
AnonPages:        943880 kB
Mapped:           498888 kB
Shmem:              1860 kB
Slab:              96368 kB
SReclaimable:      31296 kB
SUnreclaim:        65072 kB
KernelStack:       37168 kB
PageTables:        47396 kB
NFS_Unstable:          0 kB
Bounce:                0 kB
WritebackTmp:          0 kB
CommitLimit:     2152132 kB
Committed_AS:   117404524 kB
VmallocTotal:   251658176 kB
VmallocUsed:      135252 kB
VmallocChunk:   251434540 kB
Time pass: 3 sec

---2015-12-09 10:41:11
MemTotal:        2873608 kB
MemFree:          102012 kB
Buffers:           24528 kB
Cached:          1294800 kB
SwapCached:            0 kB
Active:          1329088 kB
Inactive:         904556 kB
Active(anon):     732472 kB
Inactive(anon):   191744 kB
Active(file):     596616 kB
Inactive(file):   712812 kB
Unevictable:        8104 kB
Mlocked:               0 kB
SwapTotal:        715328 kB
SwapFree:         715328 kB
Dirty:               992 kB
Writeback:             0 kB
AnonPages:        922388 kB
Mapped:           487356 kB
Shmem:              1796 kB
Slab:              96168 kB
SReclaimable:      31348 kB
SUnreclaim:        64820 kB
KernelStack:       36496 kB
PageTables:        47100 kB
NFS_Unstable:          0 kB
Bounce:                0 kB
WritebackTmp:          0 kB
CommitLimit:     2152132 kB
Committed_AS:   117969092 kB
VmallocTotal:   251658176 kB
VmallocUsed:      135252 kB
VmallocChunk:   251434540 kB
Time pass: 7 sec

---2015-12-09 10:41:11
MemTotal:        2873608 kB
MemFree:           69880 kB
Buffers:           24728 kB
Cached:          1290756 kB
SwapCached:            0 kB
Active:          1385460 kB
Inactive:         876096 kB
Active(anon):     764284 kB
Inactive(anon):   191748 kB
Active(file):     621176 kB
Inactive(file):   684348 kB
Unevictable:        8104 kB
Mlocked:               0 kB
SwapTotal:        715328 kB
SwapFree:         715328 kB
Dirty:              6228 kB
Writeback:             0 kB
AnonPages:        954440 kB
Mapped:           492876 kB
Shmem:              1856 kB
Slab:              97128 kB
SReclaimable:      31168 kB
SUnreclaim:        65960 kB
KernelStack:       38432 kB
PageTables:        49332 kB
NFS_Unstable:          0 kB
Bounce:                0 kB
WritebackTmp:          0 kB
CommitLimit:     2152132 kB
Committed_AS:   123991760 kB
VmallocTotal:   251658176 kB
VmallocUsed:      139332 kB
VmallocChunk:   251434540 kB
Time pass: 11 sec

---2015-12-09 10:41:11
MemTotal:        2873608 kB
MemFree:           59520 kB
Buffers:           25608 kB
Cached:          1245940 kB
SwapCached:            4 kB
Active:          1424352 kB
Inactive:         826148 kB
Active(anon):     796148 kB
Inactive(anon):   198176 kB
Active(file):     628204 kB
Inactive(file):   627972 kB
Unevictable:       13432 kB
Mlocked:               0 kB
SwapTotal:        715328 kB
SwapFree:         715240 kB
Dirty:              1280 kB
Writeback:            76 kB
AnonPages:        992648 kB
Mapped:           448056 kB
Shmem:              1740 kB
Slab:              95488 kB
SReclaimable:      29276 kB
SUnreclaim:        66212 kB
KernelStack:       37872 kB
PageTables:        48792 kB
NFS_Unstable:          0 kB
Bounce:                0 kB
WritebackTmp:          0 kB
CommitLimit:     2152132 kB
Committed_AS:   121563072 kB
VmallocTotal:   251658176 kB
VmallocUsed:      136500 kB
VmallocChunk:   251434540 kB
Time pass: 15 sec

---2015-12-09 10:41:11
MemTotal:        2873608 kB
MemFree:           65148 kB
Buffers:           25280 kB
Cached:          1159812 kB
SwapCached:            0 kB
Active:          1362288 kB
Inactive:         784264 kB
Active(anon):     777704 kB
Inactive(anon):   198588 kB
Active(file):     584584 kB
Inactive(file):   585676 kB
Unevictable:       13568 kB
Mlocked:               0 kB
SwapTotal:        715328 kB
SwapFree:         714080 kB
Dirty:              3084 kB
Writeback:             0 kB
AnonPages:        974816 kB
Mapped:           548124 kB
Shmem:              1308 kB
Slab:              97544 kB
SReclaimable:      31508 kB
SUnreclaim:        66036 kB
KernelStack:       37584 kB
PageTables:        48620 kB
NFS_Unstable:          0 kB
Bounce:                0 kB
WritebackTmp:          0 kB
CommitLimit:     2152132 kB
Committed_AS:   119308572 kB
VmallocTotal:   251658176 kB
VmallocUsed:      136412 kB
VmallocChunk:   251434540 kB
Time pass: 19 sec

---2015-12-09 10:41:11
MemTotal:        2873608 kB
MemFree:           78152 kB
Buffers:           25452 kB
Cached:          1162760 kB
SwapCached:            0 kB
Active:          1345364 kB
Inactive:         789560 kB
Active(anon):     763224 kB
Inactive(anon):   198300 kB
Active(file):     582140 kB
Inactive(file):   591260 kB
Unevictable:       13568 kB
Mlocked:               0 kB
SwapTotal:        715328 kB
SwapFree:         714080 kB
Dirty:               324 kB
Writeback:             0 kB
AnonPages:        960304 kB
Mapped:           545868 kB
Shmem:              1244 kB
Slab:              97700 kB
SReclaimable:      31772 kB
SUnreclaim:        65928 kB
KernelStack:       38064 kB
PageTables:        48136 kB
NFS_Unstable:          0 kB
Bounce:                0 kB
WritebackTmp:          0 kB
CommitLimit:     2152132 kB
Committed_AS:   116973536 kB
VmallocTotal:   251658176 kB
VmallocUsed:      136412 kB
VmallocChunk:   251434540 kB
Time pass: 23 sec

---2015-12-09 10:41:11
MemTotal:        2873608 kB
MemFree:           76492 kB
Buffers:           26552 kB
Cached:          1166592 kB
SwapCached:            0 kB
Active:          1347984 kB
Inactive:         786100 kB
Active(anon):     757476 kB
Inactive(anon):   198292 kB
Active(file):     590508 kB
Inactive(file):   587808 kB
Unevictable:       13568 kB
Mlocked:               0 kB
SwapTotal:        715328 kB
SwapFree:         714080 kB
Dirty:               252 kB
Writeback:             0 kB
AnonPages:        954612 kB
Mapped:           547664 kB
Shmem:              1260 kB
Slab:              98164 kB
SReclaimable:      31860 kB
SUnreclaim:        66304 kB
KernelStack:       39056 kB
PageTables:        49248 kB
NFS_Unstable:          0 kB
Bounce:                0 kB
WritebackTmp:          0 kB
CommitLimit:     2152132 kB
Committed_AS:   120529676 kB
VmallocTotal:   251658176 kB
VmallocUsed:      138452 kB
VmallocChunk:   251434540 kB
Time pass: 26 sec

---2015-12-09 10:41:11
MemTotal:        2873608 kB
MemFree:           68476 kB
Buffers:           26324 kB
Cached:          1168952 kB
SwapCached:            0 kB
Active:          1351736 kB
Inactive:         793300 kB
Active(anon):     766572 kB
Inactive(anon):   197992 kB
Active(file):     585164 kB
Inactive(file):   595308 kB
Unevictable:       13568 kB
Mlocked:               0 kB
SwapTotal:        715328 kB
SwapFree:         713956 kB
Dirty:               108 kB
Writeback:             0 kB
AnonPages:        963568 kB
Mapped:           515224 kB
Shmem:              1128 kB
Slab:              98320 kB
SReclaimable:      31860 kB
SUnreclaim:        66460 kB
KernelStack:       37904 kB
PageTables:        49780 kB
NFS_Unstable:          0 kB
Bounce:                0 kB
WritebackTmp:          0 kB
CommitLimit:     2152132 kB
Committed_AS:   123916948 kB
VmallocTotal:   251658176 kB
VmallocUsed:      138316 kB
VmallocChunk:   251434540 kB
Time pass: 30 sec

---2015-12-09 10:41:11
MemTotal:        2873608 kB
MemFree:           73692 kB
Buffers:           19292 kB
Cached:          1152000 kB
SwapCached:            0 kB
Active:          1378988 kB
Inactive:         767716 kB
Active(anon):     790712 kB
Inactive(anon):   199448 kB
Active(file):     588276 kB
Inactive(file):   568268 kB
Unevictable:       13568 kB
Mlocked:               0 kB
SwapTotal:        715328 kB
SwapFree:         713816 kB
Dirty:               628 kB
Writeback:             0 kB
AnonPages:        989240 kB
Mapped:           525692 kB
Shmem:              1132 kB
Slab:              98796 kB
SReclaimable:      31656 kB
SUnreclaim:        67140 kB
KernelStack:       38480 kB
PageTables:        49996 kB
NFS_Unstable:          0 kB
Bounce:                0 kB
WritebackTmp:          0 kB
CommitLimit:     2152132 kB
Committed_AS:   123974900 kB
VmallocTotal:   251658176 kB
VmallocUsed:      138284 kB
VmallocChunk:   251434540 kB
Time pass: 34 sec

---2015-12-09 10:41:11
MemTotal:        2873608 kB
MemFree:           69204 kB
Buffers:           17412 kB
Cached:          1015040 kB
SwapCached:            0 kB
Active:          1350108 kB
Inactive:         720092 kB
Active(anon):     841136 kB
Inactive(anon):   210616 kB
Active(file):     508972 kB
Inactive(file):   509476 kB
Unevictable:       13568 kB
Mlocked:               0 kB
SwapTotal:        715328 kB
SwapFree:         711092 kB
Dirty:               812 kB
Writeback:             0 kB
AnonPages:       1051444 kB
Mapped:           565316 kB
Shmem:               428 kB
Slab:              98952 kB
SReclaimable:      31800 kB
SUnreclaim:        67152 kB
KernelStack:       39920 kB
PageTables:        51152 kB
NFS_Unstable:          0 kB
Bounce:                0 kB
WritebackTmp:          0 kB
CommitLimit:     2152132 kB
Committed_AS:   124011584 kB
VmallocTotal:   251658176 kB
VmallocUsed:      138528 kB
VmallocChunk:   251434540 kB
Time pass: 37 sec

---2015-12-09 10:41:11
MemTotal:        2873608 kB
MemFree:          100288 kB
Buffers:           17412 kB
Cached:          1016300 kB
SwapCached:            0 kB
Active:          1321616 kB
Inactive:         718500 kB
Active(anon):     809836 kB
Inactive(anon):   210596 kB
Active(file):     511780 kB
Inactive(file):   507904 kB
Unevictable:       13568 kB
Mlocked:               0 kB
SwapTotal:        715328 kB
SwapFree:         711092 kB
Dirty:               264 kB
Writeback:             0 kB
AnonPages:       1020004 kB
Mapped:           563192 kB
Shmem:               428 kB
Slab:              98976 kB
SReclaimable:      31800 kB
SUnreclaim:        67176 kB
KernelStack:       39584 kB
PageTables:        50720 kB
NFS_Unstable:          0 kB
Bounce:                0 kB
WritebackTmp:          0 kB
CommitLimit:     2152132 kB
Committed_AS:   122777244 kB
VmallocTotal:   251658176 kB
VmallocUsed:      137508 kB
VmallocChunk:   251434540 kB
Time pass: 41 sec

---2015-12-09 10:41:11
MemTotal:        2873608 kB
MemFree:           71772 kB
Buffers:           16632 kB
Cached:           996152 kB
SwapCached:            0 kB
Active:          1339680 kB
Inactive:         709680 kB
Active(anon):     840432 kB
Inactive(anon):   210332 kB
Active(file):     499248 kB
Inactive(file):   499348 kB
Unevictable:       13568 kB
Mlocked:               0 kB
SwapTotal:        715328 kB
SwapFree:         710804 kB
Dirty:               888 kB
Writeback:             0 kB
AnonPages:       1050244 kB
Mapped:           612644 kB
Shmem:               420 kB
Slab:              96444 kB
SReclaimable:      29300 kB
SUnreclaim:        67144 kB
KernelStack:       39504 kB
PageTables:        50452 kB
NFS_Unstable:          0 kB
Bounce:                0 kB
WritebackTmp:          0 kB
CommitLimit:     2152132 kB
Committed_AS:   121554788 kB
VmallocTotal:   251658176 kB
VmallocUsed:      136688 kB
VmallocChunk:   251434540 kB
Time pass: 45 sec

---2015-12-09 10:41:11
MemTotal:        2873608 kB
MemFree:           86812 kB
Buffers:           16656 kB
Cached:           976648 kB
SwapCached:            0 kB
Active:          1342320 kB
Inactive:         674616 kB
Active(anon):     827248 kB
Inactive(anon):   210372 kB
Active(file):     515072 kB
Inactive(file):   464244 kB
Unevictable:       13568 kB
Mlocked:               0 kB
SwapTotal:        715328 kB
SwapFree:         710632 kB
Dirty:              1076 kB
Writeback:             0 kB
AnonPages:       1037220 kB
Mapped:           616400 kB
Shmem:               420 kB
Slab:              98840 kB
SReclaimable:      31796 kB
SUnreclaim:        67044 kB
KernelStack:       39696 kB
PageTables:        50324 kB
NFS_Unstable:          0 kB
Bounce:                0 kB
WritebackTmp:          0 kB
CommitLimit:     2152132 kB
Committed_AS:   121555852 kB
VmallocTotal:   251658176 kB
VmallocUsed:      136852 kB
VmallocChunk:   251434540 kB
Time pass: 49 sec

---2015-12-09 10:41:11
MemTotal:        2873608 kB
MemFree:           63148 kB
Buffers:           16796 kB
Cached:           977960 kB
SwapCached:            0 kB
Active:          1358148 kB
Inactive:         676732 kB
Active(anon):     843656 kB
Inactive(anon):   211012 kB
Active(file):     514492 kB
Inactive(file):   465720 kB
Unevictable:       13568 kB
Mlocked:               0 kB
SwapTotal:        715328 kB
SwapFree:         710464 kB
Dirty:               196 kB
Writeback:             0 kB
AnonPages:       1054316 kB
Mapped:           618476 kB
Shmem:               420 kB
Slab:              98980 kB
SReclaimable:      31844 kB
SUnreclaim:        67136 kB
KernelStack:       40192 kB
PageTables:        51044 kB
NFS_Unstable:          0 kB
Bounce:                0 kB
WritebackTmp:          0 kB
CommitLimit:     2152132 kB
Committed_AS:   123348460 kB
VmallocTotal:   251658176 kB
VmallocUsed:      138020 kB
VmallocChunk:   251434540 kB
Time pass: 53 sec

---2015-12-09 10:41:11
MemTotal:        2873608 kB
MemFree:           67456 kB
Buffers:           16736 kB
Cached:           966972 kB
SwapCached:            0 kB
Active:          1344564 kB
Inactive:         677840 kB
Active(anon):     840384 kB
Inactive(anon):   212300 kB
Active(file):     504180 kB
Inactive(file):   465540 kB
Unevictable:       13568 kB
Mlocked:               0 kB
SwapTotal:        715328 kB
SwapFree:         709968 kB
Dirty:               136 kB
Writeback:             0 kB
AnonPages:       1052132 kB
Mapped:           628184 kB
Shmem:               420 kB
Slab:              98824 kB
SReclaimable:      31748 kB
SUnreclaim:        67076 kB
KernelStack:       40112 kB
PageTables:        51108 kB
NFS_Unstable:          0 kB
Bounce:                0 kB
WritebackTmp:          0 kB
CommitLimit:     2152132 kB
Committed_AS:   123348532 kB
VmallocTotal:   251658176 kB
VmallocUsed:      137984 kB
VmallocChunk:   251434540 kB
Time pass: 57 sec

---2015-12-09 10:41:11
MemTotal:        2873608 kB
MemFree:           67760 kB
Buffers:           16744 kB
Cached:           966964 kB
SwapCached:            0 kB
Active:          1344076 kB
Inactive:         677840 kB
Active(anon):     839896 kB
Inactive(anon):   212300 kB
Active(file):     504180 kB
Inactive(file):   465540 kB
Unevictable:       13568 kB
Mlocked:               0 kB
SwapTotal:        715328 kB
SwapFree:         709968 kB
Dirty:               136 kB
Writeback:             0 kB
AnonPages:       1051892 kB
Mapped:           628196 kB
Shmem:               420 kB
Slab:              98928 kB
SReclaimable:      31860 kB
SUnreclaim:        67068 kB
KernelStack:       40128 kB
PageTables:        51112 kB
NFS_Unstable:          0 kB
Bounce:                0 kB
WritebackTmp:          0 kB
CommitLimit:     2152132 kB
Committed_AS:   123348548 kB
VmallocTotal:   251658176 kB
VmallocUsed:      137984 kB
VmallocChunk:   251434540 kB
Time pass: 61 sec

---2015-12-09 10:41:11
MemTotal:        2873608 kB
MemFree:           68464 kB
Buffers:           16528 kB
Cached:           942980 kB
SwapCached:            0 kB
Active:          1330484 kB
Inactive:         670876 kB
Active(anon):     841744 kB
Inactive(anon):   214096 kB
Active(file):     488740 kB
Inactive(file):   456780 kB
Unevictable:       13568 kB
Mlocked:               0 kB
SwapTotal:        715328 kB
SwapFree:         708748 kB
Dirty:               792 kB
Writeback:             0 kB
AnonPages:       1055472 kB
Mapped:           655984 kB
Shmem:               420 kB
Slab:              99120 kB
SReclaimable:      32004 kB
SUnreclaim:        67116 kB
KernelStack:       40048 kB
PageTables:        51428 kB
NFS_Unstable:          0 kB
Bounce:                0 kB
WritebackTmp:          0 kB
CommitLimit:     2152132 kB
Committed_AS:   123349416 kB
VmallocTotal:   251658176 kB
VmallocUsed:      138144 kB
VmallocChunk:   251434540 kB
Time pass: 65 sec

---2015-12-09 10:41:11
MemTotal:        2873608 kB
MemFree:           66688 kB
Buffers:           16520 kB
Cached:           939068 kB
SwapCached:            0 kB
Active:          1335164 kB
Inactive:         668492 kB
Active(anon):     848432 kB
Inactive(anon):   213712 kB
Active(file):     486732 kB
Inactive(file):   454780 kB
Unevictable:       13568 kB
Mlocked:               0 kB
SwapTotal:        715328 kB
SwapFree:         708420 kB
Dirty:               328 kB
Writeback:             0 kB
AnonPages:       1061836 kB
Mapped:           643316 kB
Shmem:               420 kB
Slab:              99484 kB
SReclaimable:      32132 kB
SUnreclaim:        67352 kB
KernelStack:       40096 kB
PageTables:        51196 kB
NFS_Unstable:          0 kB
Bounce:                0 kB
WritebackTmp:          0 kB
CommitLimit:     2152132 kB
Committed_AS:   123357632 kB
VmallocTotal:   251658176 kB
VmallocUsed:      138144 kB
VmallocChunk:   251434540 kB
Time pass: 68 sec

---2015-12-09 10:41:11
MemTotal:        2873608 kB
MemFree:           68300 kB
Buffers:           16568 kB
Cached:           933580 kB
SwapCached:           16 kB
Active:          1337608 kB
Inactive:         666208 kB
Active(anon):     854312 kB
Inactive(anon):   213480 kB
Active(file):     483296 kB
Inactive(file):   452728 kB
Unevictable:       13568 kB
Mlocked:               0 kB
SwapTotal:        715328 kB
SwapFree:         708068 kB
Dirty:                 0 kB
Writeback:             0 kB
AnonPages:       1067140 kB
Mapped:           637284 kB
Shmem:               556 kB
Slab:              99336 kB
SReclaimable:      32132 kB
SUnreclaim:        67204 kB
KernelStack:       40032 kB
PageTables:        50808 kB
NFS_Unstable:          0 kB
Bounce:                0 kB
WritebackTmp:          0 kB
CommitLimit:     2152132 kB
Committed_AS:   121618412 kB
VmallocTotal:   251658176 kB
VmallocUsed:      139556 kB
VmallocChunk:   251434540 kB
Time pass: 72 sec

---2015-12-09 10:41:11
MemTotal:        2873608 kB
MemFree:           81644 kB
Buffers:           14232 kB
Cached:           899892 kB
SwapCached:           16 kB
Active:          1315796 kB
Inactive:         652600 kB
Active(anon):     854788 kB
Inactive(anon):   213772 kB
Active(file):     461008 kB
Inactive(file):   438828 kB
Unevictable:       13568 kB
Mlocked:               0 kB
SwapTotal:        715328 kB
SwapFree:         705964 kB
Dirty:                 0 kB
Writeback:             0 kB
AnonPages:       1067812 kB
Mapped:           634720 kB
Shmem:               700 kB
Slab:              99080 kB
SReclaimable:      31924 kB
SUnreclaim:        67156 kB
KernelStack:       40000 kB
PageTables:        50948 kB
NFS_Unstable:          0 kB
Bounce:                0 kB
WritebackTmp:          0 kB
CommitLimit:     2152132 kB
Committed_AS:   121618324 kB
VmallocTotal:   251658176 kB
VmallocUsed:      139556 kB
VmallocChunk:   251434540 kB
Time pass: 76 sec

---2015-12-09 10:41:11
MemTotal:        2873608 kB
MemFree:           83352 kB
Buffers:           14240 kB
Cached:           900796 kB
SwapCached:           16 kB
Active:          1314200 kB
Inactive:         653032 kB
Active(anon):     852700 kB
Inactive(anon):   213816 kB
Active(file):     461500 kB
Inactive(file):   439216 kB
Unevictable:       13568 kB
Mlocked:               0 kB
SwapTotal:        715328 kB
SwapFree:         705964 kB
Dirty:                40 kB
Writeback:             0 kB
AnonPages:       1065940 kB
Mapped:           633760 kB
Shmem:               752 kB
Slab:              99144 kB
SReclaimable:      31940 kB
SUnreclaim:        67204 kB
KernelStack:       39664 kB
PageTables:        50456 kB
NFS_Unstable:          0 kB
Bounce:                0 kB
WritebackTmp:          0 kB
CommitLimit:     2152132 kB
Committed_AS:   120381904 kB
VmallocTotal:   251658176 kB
VmallocUsed:      138536 kB
VmallocChunk:   251434540 kB
Time pass: 80 sec

---2015-12-09 10:41:11
MemTotal:        2873608 kB
MemFree:           80876 kB
Buffers:           14256 kB
Cached:           901020 kB
SwapCached:           16 kB
Active:          1315988 kB
Inactive:         653272 kB
Active(anon):     854488 kB
Inactive(anon):   214040 kB
Active(file):     461500 kB
Inactive(file):   439232 kB
Unevictable:       13568 kB
Mlocked:               0 kB
SwapTotal:        715328 kB
SwapFree:         705964 kB
Dirty:                 0 kB
Writeback:             0 kB
AnonPages:       1067452 kB
Mapped:           633984 kB
Shmem:               976 kB
Slab:              99036 kB
SReclaimable:      31940 kB
SUnreclaim:        67096 kB
KernelStack:       39632 kB
PageTables:        50452 kB
NFS_Unstable:          0 kB
Bounce:                0 kB
WritebackTmp:          0 kB
CommitLimit:     2152132 kB
Committed_AS:   120381976 kB
VmallocTotal:   251658176 kB
VmallocUsed:      138536 kB
VmallocChunk:   251434540 kB
Time pass: 84 sec

---2015-12-09 10:41:11
MemTotal:        2873608 kB
MemFree:           81368 kB
Buffers:           14264 kB
Cached:           901032 kB
SwapCached:           16 kB
Active:          1316012 kB
Inactive:         653288 kB
Active(anon):     854512 kB
Inactive(anon):   214048 kB
Active(file):     461500 kB
Inactive(file):   439240 kB
Unevictable:       13568 kB
Mlocked:               0 kB
SwapTotal:        715328 kB
SwapFree:         705964 kB
Dirty:                32 kB
Writeback:             0 kB
AnonPages:       1067688 kB
Mapped:           634048 kB
Shmem:               988 kB
Slab:              99052 kB
SReclaimable:      31940 kB
SUnreclaim:        67112 kB
KernelStack:       39664 kB
PageTables:        50492 kB
NFS_Unstable:          0 kB
Bounce:                0 kB
WritebackTmp:          0 kB
CommitLimit:     2152132 kB
Committed_AS:   120381944 kB
VmallocTotal:   251658176 kB
VmallocUsed:      138536 kB
VmallocChunk:   251434540 kB
Time pass: 88 sec

---2015-12-09 10:41:11
MemTotal:        2873608 kB
MemFree:          100268 kB
Buffers:           14280 kB
Cached:           905412 kB
SwapCached:           16 kB
Active:          1314216 kB
Inactive:         649868 kB
Active(anon):     844936 kB
Inactive(anon):   213476 kB
Active(file):     469280 kB
Inactive(file):   436392 kB
Unevictable:       13568 kB
Mlocked:               0 kB
SwapTotal:        715328 kB
SwapFree:         705964 kB
Dirty:                48 kB
Writeback:             0 kB
AnonPages:       1058224 kB
Mapped:           630380 kB
Shmem:               420 kB
Slab:              98972 kB
SReclaimable:      31748 kB
SUnreclaim:        67224 kB
KernelStack:       39296 kB
PageTables:        50148 kB
NFS_Unstable:          0 kB
Bounce:                0 kB
WritebackTmp:          0 kB
CommitLimit:     2152132 kB
Committed_AS:   122679204 kB
VmallocTotal:   251658176 kB
VmallocUsed:      138448 kB
VmallocChunk:   251434540 kB
Time pass: 91 sec

---2015-12-09 10:41:11
MemTotal:        2873608 kB
MemFree:          347808 kB
Buffers:           13052 kB
Cached:           872076 kB
SwapCached:           60 kB
Active:          1214444 kB
Inactive:         623380 kB
Active(anon):     758400 kB
Inactive(anon):   208236 kB
Active(file):     456044 kB
Inactive(file):   415144 kB
Unevictable:       13568 kB
Mlocked:               0 kB
SwapTotal:        715328 kB
SwapFree:         702004 kB
Dirty:               384 kB
Writeback:             0 kB
AnonPages:        966272 kB
Mapped:           476852 kB
Shmem:               284 kB
Slab:              98528 kB
SReclaimable:      31616 kB
SUnreclaim:        66912 kB
KernelStack:       38016 kB
PageTables:        48380 kB
NFS_Unstable:          0 kB
Bounce:                0 kB
WritebackTmp:          0 kB
CommitLimit:     2152132 kB
Committed_AS:   118398044 kB
VmallocTotal:   251658176 kB
VmallocUsed:      136568 kB
VmallocChunk:   251434540 kB
Time pass: 95 sec

---2015-12-09 10:41:11
MemTotal:        2873608 kB
MemFree:          387644 kB
Buffers:           13104 kB
Cached:           881348 kB
SwapCached:           60 kB
Active:          1239332 kB
Inactive:         620096 kB
Active(anon):     770816 kB
Inactive(anon):   208232 kB
Active(file):     468516 kB
Inactive(file):   411864 kB
Unevictable:       13568 kB
Mlocked:               0 kB
SwapTotal:        715328 kB
SwapFree:         702004 kB
Dirty:               776 kB
Writeback:             0 kB
AnonPages:        978752 kB
Mapped:           453592 kB
Shmem:               284 kB
Slab:              98844 kB
SReclaimable:      31808 kB
SUnreclaim:        67036 kB
KernelStack:       38656 kB
PageTables:        48900 kB
NFS_Unstable:          0 kB
Bounce:                0 kB
WritebackTmp:          0 kB
CommitLimit:     2152132 kB
Committed_AS:   119684244 kB
VmallocTotal:   251658176 kB
VmallocUsed:      136932 kB
VmallocChunk:   251434540 kB
Time pass: 99 sec

---2015-12-09 10:41:11
MemTotal:        2873608 kB
MemFree:          271772 kB
Buffers:           13300 kB
Cached:           886960 kB
SwapCached:           60 kB
Active:          1279256 kB
Inactive:         624168 kB
Active(anon):     808812 kB
Inactive(anon):   209496 kB
Active(file):     470444 kB
Inactive(file):   414672 kB
Unevictable:       13568 kB
Mlocked:               0 kB
SwapTotal:        715328 kB
SwapFree:         702004 kB
Dirty:               792 kB
Writeback:             0 kB
AnonPages:       1016984 kB
Mapped:           531852 kB
Shmem:              1548 kB
Slab:              98860 kB
SReclaimable:      31856 kB
SUnreclaim:        67004 kB
KernelStack:       39248 kB
PageTables:        49644 kB
NFS_Unstable:          0 kB
Bounce:                0 kB
WritebackTmp:          0 kB
CommitLimit:     2152132 kB
Committed_AS:   119739684 kB
VmallocTotal:   251658176 kB
VmallocUsed:      137540 kB
VmallocChunk:   251434540 kB
Time pass: 102 sec

---2015-12-09 10:41:11
MemTotal:        2873608 kB
MemFree:          217480 kB
Buffers:           13300 kB
Cached:           887772 kB
SwapCached:           60 kB
Active:          1270832 kB
Inactive:         622912 kB
Active(anon):     798292 kB
Inactive(anon):   208368 kB
Active(file):     472540 kB
Inactive(file):   414544 kB
Unevictable:       13568 kB
Mlocked:               0 kB
SwapTotal:        715328 kB
SwapFree:         702004 kB
Dirty:              1956 kB
Writeback:             0 kB
AnonPages:       1006224 kB
Mapped:           583020 kB
Shmem:               420 kB
Slab:              98632 kB
SReclaimable:      31856 kB
SUnreclaim:        66776 kB
KernelStack:       38784 kB
PageTables:        49544 kB
NFS_Unstable:          0 kB
Bounce:                0 kB
WritebackTmp:          0 kB
CommitLimit:     2152132 kB
Committed_AS:   120265884 kB
VmallocTotal:   251658176 kB
VmallocUsed:      135500 kB
VmallocChunk:   251434540 kB
Time pass: 106 sec

---2015-12-09 10:41:11
MemTotal:        2873608 kB
MemFree:          208140 kB
Buffers:           13324 kB
Cached:           890344 kB
SwapCached:           60 kB
Active:          1275004 kB
Inactive:         625004 kB
Active(anon):     801960 kB
Inactive(anon):   208368 kB
Active(file):     473044 kB
Inactive(file):   416636 kB
Unevictable:       13568 kB
Mlocked:               0 kB
SwapTotal:        715328 kB
SwapFree:         702004 kB
Dirty:               176 kB
Writeback:             0 kB
AnonPages:       1010204 kB
Mapped:           583924 kB
Shmem:               420 kB
Slab:              98632 kB
SReclaimable:      31856 kB
SUnreclaim:        66776 kB
KernelStack:       38848 kB
PageTables:        49612 kB
NFS_Unstable:          0 kB
Bounce:                0 kB
WritebackTmp:          0 kB
CommitLimit:     2152132 kB
Committed_AS:   120267004 kB
VmallocTotal:   251658176 kB
VmallocUsed:      135512 kB
VmallocChunk:   251434540 kB
Time pass: 110 sec

---2015-12-09 10:41:11
MemTotal:        2873608 kB
MemFree:          193940 kB
Buffers:           13332 kB
Cached:           890364 kB
SwapCached:           60 kB
Active:          1277820 kB
Inactive:         625016 kB
Active(anon):     804620 kB
Inactive(anon):   208368 kB
Active(file):     473200 kB
Inactive(file):   416648 kB
Unevictable:       13568 kB
Mlocked:               0 kB
SwapTotal:        715328 kB
SwapFree:         702004 kB
Dirty:                 0 kB
Writeback:            36 kB
AnonPages:       1012768 kB
Mapped:           593760 kB
Shmem:               420 kB
Slab:              98684 kB
SReclaimable:      31856 kB
SUnreclaim:        66828 kB
KernelStack:       38848 kB
PageTables:        49632 kB
NFS_Unstable:          0 kB
Bounce:                0 kB
WritebackTmp:          0 kB
CommitLimit:     2152132 kB
Committed_AS:   120267252 kB
VmallocTotal:   251658176 kB
VmallocUsed:      135608 kB
VmallocChunk:   251434540 kB
Time pass: 114 sec

---2015-12-09 10:41:11
MemTotal:        2873608 kB
MemFree:          158256 kB
Buffers:           13340 kB
Cached:           890504 kB
SwapCached:           60 kB
Active:          1285760 kB
Inactive:         624960 kB
Active(anon):     812500 kB
Inactive(anon):   208364 kB
Active(file):     473260 kB
Inactive(file):   416596 kB
Unevictable:       13568 kB
Mlocked:               0 kB
SwapTotal:        715328 kB
SwapFree:         702004 kB
Dirty:               676 kB
Writeback:             0 kB
AnonPages:       1020148 kB
Mapped:           607540 kB
Shmem:               420 kB
Slab:              98660 kB
SReclaimable:      31888 kB
SUnreclaim:        66772 kB
KernelStack:       38848 kB
PageTables:        49600 kB
NFS_Unstable:          0 kB
Bounce:                0 kB
WritebackTmp:          0 kB
CommitLimit:     2152132 kB
Committed_AS:   120275844 kB
VmallocTotal:   251658176 kB
VmallocUsed:      135784 kB
VmallocChunk:   251434540 kB
Time pass: 118 sec

---2015-12-09 10:41:11
MemTotal:        2873608 kB
MemFree:          158244 kB
Buffers:           13364 kB
Cached:           890504 kB
SwapCached:           60 kB
Active:          1286092 kB
Inactive:         624976 kB
Active(anon):     812824 kB
Inactive(anon):   208364 kB
Active(file):     473268 kB
Inactive(file):   416612 kB
Unevictable:       13568 kB
Mlocked:               0 kB
SwapTotal:        715328 kB
SwapFree:         702004 kB
Dirty:               624 kB
Writeback:             0 kB
AnonPages:       1020572 kB
Mapped:           607656 kB
Shmem:               420 kB
Slab:              98648 kB
SReclaimable:      31888 kB
SUnreclaim:        66760 kB
KernelStack:       38832 kB
PageTables:        49660 kB
NFS_Unstable:          0 kB
Bounce:                0 kB
WritebackTmp:          0 kB
CommitLimit:     2152132 kB
Committed_AS:   120276124 kB
VmallocTotal:   251658176 kB
VmallocUsed:      135784 kB
VmallocChunk:   251434540 kB
Time pass: 121 sec

---2015-12-09 10:41:11
MemTotal:        2873608 kB
MemFree:          157160 kB
Buffers:           14908 kB
Cached:           890552 kB
SwapCached:           60 kB
Active:          1286164 kB
Inactive:         626564 kB
Active(anon):     812892 kB
Inactive(anon):   208364 kB
Active(file):     473272 kB
Inactive(file):   418200 kB
Unevictable:       13568 kB
Mlocked:               0 kB
SwapTotal:        715328 kB
SwapFree:         702004 kB
Dirty:                96 kB
Writeback:             0 kB
AnonPages:       1020804 kB
Mapped:           607672 kB
Shmem:               420 kB
Slab:              98680 kB
SReclaimable:      31888 kB
SUnreclaim:        66792 kB
KernelStack:       38832 kB
PageTables:        49660 kB
NFS_Unstable:          0 kB
Bounce:                0 kB
WritebackTmp:          0 kB
CommitLimit:     2152132 kB
Committed_AS:   120276188 kB
VmallocTotal:   251658176 kB
VmallocUsed:      135784 kB
VmallocChunk:   251434540 kB
Time pass: 125 sec

---2015-12-09 10:41:11
MemTotal:        2873608 kB
MemFree:          155120 kB
Buffers:           14916 kB
Cached:           890560 kB
SwapCached:           60 kB
Active:          1286436 kB
Inactive:         626568 kB
Active(anon):     813164 kB
Inactive(anon):   208364 kB
Active(file):     473272 kB
Inactive(file):   418204 kB
Unevictable:       13568 kB
Mlocked:               0 kB
SwapTotal:        715328 kB
SwapFree:         702004 kB
Dirty:                20 kB
Writeback:             0 kB
AnonPages:       1021016 kB
Mapped:           607840 kB
Shmem:               420 kB
Slab:              98684 kB
SReclaimable:      31888 kB
SUnreclaim:        66796 kB
KernelStack:       38832 kB
PageTables:        49656 kB
NFS_Unstable:          0 kB
Bounce:                0 kB
WritebackTmp:          0 kB
CommitLimit:     2152132 kB
Committed_AS:   120276172 kB
VmallocTotal:   251658176 kB
VmallocUsed:      135784 kB
VmallocChunk:   251434540 kB
Time pass: 129 sec

---2015-12-09 10:41:11
MemTotal:        2873608 kB
MemFree:          140252 kB
Buffers:           14948 kB
Cached:           890776 kB
SwapCached:           60 kB
Active:          1300668 kB
Inactive:         625808 kB
Active(anon):     826396 kB
Inactive(anon):   208544 kB
Active(file):     474272 kB
Inactive(file):   417264 kB
Unevictable:       13568 kB
Mlocked:               0 kB
SwapTotal:        715328 kB
SwapFree:         702004 kB
Dirty:                 0 kB
Writeback:             0 kB
AnonPages:       1034476 kB
Mapped:           611132 kB
Shmem:               620 kB
Slab:              98824 kB
SReclaimable:      31888 kB
SUnreclaim:        66936 kB
KernelStack:       39184 kB
PageTables:        49896 kB
NFS_Unstable:          0 kB
Bounce:                0 kB
WritebackTmp:          0 kB
CommitLimit:     2152132 kB
Committed_AS:   120320148 kB
VmallocTotal:   251658176 kB
VmallocUsed:      138216 kB
VmallocChunk:   251434540 kB
Time pass: 133 sec

---2015-12-09 10:41:11
MemTotal:        2873608 kB
MemFree:          136148 kB
Buffers:           14956 kB
Cached:           890996 kB
SwapCached:           60 kB
Active:          1304008 kB
Inactive:         626048 kB
Active(anon):     829732 kB
Inactive(anon):   208776 kB
Active(file):     474276 kB
Inactive(file):   417272 kB
Unevictable:       13568 kB
Mlocked:               0 kB
SwapTotal:        715328 kB
SwapFree:         702004 kB
Dirty:                68 kB
Writeback:             0 kB
AnonPages:       1037532 kB
Mapped:           611360 kB
Shmem:               836 kB
Slab:              98848 kB
SReclaimable:      31904 kB
SUnreclaim:        66944 kB
KernelStack:       39216 kB
PageTables:        49984 kB
NFS_Unstable:          0 kB
Bounce:                0 kB
WritebackTmp:          0 kB
CommitLimit:     2152132 kB
Committed_AS:   120320236 kB
VmallocTotal:   251658176 kB
VmallocUsed:      138216 kB
VmallocChunk:   251434540 kB
Time pass: 137 sec

---2015-12-09 10:41:11
MemTotal:        2873608 kB
MemFree:          135520 kB
Buffers:           14964 kB
Cached:           891240 kB
SwapCached:           60 kB
Active:          1304344 kB
Inactive:         626300 kB
Active(anon):     830068 kB
Inactive(anon):   209028 kB
Active(file):     474276 kB
Inactive(file):   417272 kB
Unevictable:       13568 kB
Mlocked:               0 kB
SwapTotal:        715328 kB
SwapFree:         702004 kB
Dirty:                 4 kB
Writeback:             0 kB
AnonPages:       1037976 kB
Mapped:           611628 kB
Shmem:              1088 kB
Slab:              98840 kB
SReclaimable:      31904 kB
SUnreclaim:        66936 kB
KernelStack:       39216 kB
PageTables:        49984 kB
NFS_Unstable:          0 kB
Bounce:                0 kB
WritebackTmp:          0 kB
CommitLimit:     2152132 kB
Committed_AS:   120320220 kB
VmallocTotal:   251658176 kB
VmallocUsed:      138216 kB
VmallocChunk:   251434540 kB
Time pass: 141 sec

---2015-12-09 10:41:11
MemTotal:        2873608 kB
MemFree:          135008 kB
Buffers:           14964 kB
Cached:           891520 kB
SwapCached:           60 kB
Active:          1304632 kB
Inactive:         626580 kB
Active(anon):     830356 kB
Inactive(anon):   209300 kB
Active(file):     474276 kB
Inactive(file):   417280 kB
Unevictable:       13568 kB
Mlocked:               0 kB
SwapTotal:        715328 kB
SwapFree:         702004 kB
Dirty:                48 kB
Writeback:             0 kB
AnonPages:       1038424 kB
Mapped:           611960 kB
Shmem:              1360 kB
Slab:              98844 kB
SReclaimable:      31904 kB
SUnreclaim:        66940 kB
KernelStack:       39216 kB
PageTables:        50020 kB
NFS_Unstable:          0 kB
Bounce:                0 kB
WritebackTmp:          0 kB
CommitLimit:     2152132 kB
Committed_AS:   120320252 kB
VmallocTotal:   251658176 kB
VmallocUsed:      138216 kB
VmallocChunk:   251434540 kB
Time pass: 145 sec

---2015-12-09 10:41:11
MemTotal:        2873608 kB
MemFree:          135828 kB
Buffers:           14980 kB
Cached:           890576 kB
SwapCached:           60 kB
Active:          1306116 kB
Inactive:         625460 kB
Active(anon):     831656 kB
Inactive(anon):   208360 kB
Active(file):     474460 kB
Inactive(file):   417100 kB
Unevictable:       13568 kB
Mlocked:               0 kB
SwapTotal:        715328 kB
SwapFree:         702004 kB
Dirty:                24 kB
Writeback:             4 kB
AnonPages:       1039632 kB
Mapped:           611628 kB
Shmem:               420 kB
Slab:              98704 kB
SReclaimable:      31792 kB
SUnreclaim:        66912 kB
KernelStack:       38992 kB
PageTables:        49764 kB
NFS_Unstable:          0 kB
Bounce:                0 kB
WritebackTmp:          0 kB
CommitLimit:     2152132 kB
Committed_AS:   120292788 kB
VmallocTotal:   251658176 kB
VmallocUsed:      138216 kB
VmallocChunk:   251434540 kB
Time pass: 148 sec

---2015-12-09 10:41:11
MemTotal:        2873608 kB
MemFree:          126988 kB
Buffers:           15028 kB
Cached:           890732 kB
SwapCached:           60 kB
Active:          1313824 kB
Inactive:         625664 kB
Active(anon):     839364 kB
Inactive(anon):   208500 kB
Active(file):     474460 kB
Inactive(file):   417164 kB
Unevictable:       13568 kB
Mlocked:               0 kB
SwapTotal:        715328 kB
SwapFree:         702004 kB
Dirty:                84 kB
Writeback:             0 kB
AnonPages:       1047204 kB
Mapped:           612860 kB
Shmem:               568 kB
Slab:              98812 kB
SReclaimable:      31792 kB
SUnreclaim:        67020 kB
KernelStack:       39232 kB
PageTables:        49924 kB
NFS_Unstable:          0 kB
Bounce:                0 kB
WritebackTmp:          0 kB
CommitLimit:     2152132 kB
Committed_AS:   120324484 kB
VmallocTotal:   251658176 kB
VmallocUsed:      138216 kB
VmallocChunk:   251434540 kB
Time pass: 152 sec

---2015-12-09 10:41:11
MemTotal:        2873608 kB
MemFree:          125204 kB
Buffers:           15060 kB
Cached:           890744 kB
SwapCached:           60 kB
Active:          1314972 kB
Inactive:         625708 kB
Active(anon):     840512 kB
Inactive(anon):   208512 kB
Active(file):     474460 kB
Inactive(file):   417196 kB
Unevictable:       13568 kB
Mlocked:               0 kB
SwapTotal:        715328 kB
SwapFree:         702004 kB
Dirty:                 0 kB
Writeback:             0 kB
AnonPages:       1048436 kB
Mapped:           612880 kB
Shmem:               580 kB
Slab:              98776 kB
SReclaimable:      31792 kB
SUnreclaim:        66984 kB
KernelStack:       39232 kB
PageTables:        49932 kB
NFS_Unstable:          0 kB
Bounce:                0 kB
WritebackTmp:          0 kB
CommitLimit:     2152132 kB
Committed_AS:   120328580 kB
VmallocTotal:   251658176 kB
VmallocUsed:      138216 kB
VmallocChunk:   251434540 kB
Time pass: 156 sec

---2015-12-09 10:41:11
MemTotal:        2873608 kB
MemFree:          124096 kB
Buffers:           15084 kB
Cached:           890828 kB
SwapCached:           60 kB
Active:          1315948 kB
Inactive:         625804 kB
Active(anon):     841476 kB
Inactive(anon):   208516 kB
Active(file):     474472 kB
Inactive(file):   417288 kB
Unevictable:       13568 kB
Mlocked:               0 kB
SwapTotal:        715328 kB
SwapFree:         702004 kB
Dirty:                52 kB
Writeback:             0 kB
AnonPages:       1049416 kB
Mapped:           612992 kB
Shmem:               584 kB
Slab:              98772 kB
SReclaimable:      31792 kB
SUnreclaim:        66980 kB
KernelStack:       39200 kB
PageTables:        49940 kB
NFS_Unstable:          0 kB
Bounce:                0 kB
WritebackTmp:          0 kB
CommitLimit:     2152132 kB
Committed_AS:   120330612 kB
VmallocTotal:   251658176 kB
VmallocUsed:      138216 kB
VmallocChunk:   251434540 kB
Time pass: 160 sec

---2015-12-09 10:41:11
MemTotal:        2873608 kB
MemFree:          123436 kB
Buffers:           15084 kB
Cached:           890832 kB
SwapCached:           60 kB
Active:          1316676 kB
Inactive:         625808 kB
Active(anon):     842204 kB
Inactive(anon):   208520 kB
Active(file):     474472 kB
Inactive(file):   417288 kB
Unevictable:       13568 kB
Mlocked:               0 kB
SwapTotal:        715328 kB
SwapFree:         702004 kB
Dirty:                 0 kB
Writeback:             0 kB
AnonPages:       1050160 kB
Mapped:           612928 kB
Shmem:               588 kB
Slab:              98788 kB
SReclaimable:      31792 kB
SUnreclaim:        66996 kB
KernelStack:       39136 kB
PageTables:        49928 kB
NFS_Unstable:          0 kB
Bounce:                0 kB
WritebackTmp:          0 kB
CommitLimit:     2152132 kB
Committed_AS:   120330428 kB
VmallocTotal:   251658176 kB
VmallocUsed:      138216 kB
VmallocChunk:   251434540 kB
Time pass: 164 sec

---2015-12-09 10:41:11
MemTotal:        2873608 kB
MemFree:          123384 kB
Buffers:           15092 kB
Cached:           890844 kB
SwapCached:           60 kB
Active:          1317032 kB
Inactive:         625828 kB
Active(anon):     842560 kB
Inactive(anon):   208532 kB
Active(file):     474472 kB
Inactive(file):   417296 kB
Unevictable:       13568 kB
Mlocked:               0 kB
SwapTotal:        715328 kB
SwapFree:         702004 kB
Dirty:                32 kB
Writeback:             0 kB
AnonPages:       1050440 kB
Mapped:           613040 kB
Shmem:               600 kB
Slab:              98788 kB
SReclaimable:      31792 kB
SUnreclaim:        66996 kB
KernelStack:       39120 kB
PageTables:        49952 kB
NFS_Unstable:          0 kB
Bounce:                0 kB
WritebackTmp:          0 kB
CommitLimit:     2152132 kB
Committed_AS:   120334412 kB
VmallocTotal:   251658176 kB
VmallocUsed:      138216 kB
VmallocChunk:   251434540 kB
Time pass: 167 sec

---2015-12-09 10:41:11
MemTotal:        2873608 kB
MemFree:          122924 kB
Buffers:           15240 kB
Cached:           890880 kB
SwapCached:           60 kB
Active:          1317392 kB
Inactive:         625996 kB
Active(anon):     842904 kB
Inactive(anon):   208560 kB
Active(file):     474488 kB
Inactive(file):   417436 kB
Unevictable:       13568 kB
Mlocked:               0 kB
SwapTotal:        715328 kB
SwapFree:         702004 kB
Dirty:                56 kB
Writeback:             0 kB
AnonPages:       1050820 kB
Mapped:           613000 kB
Shmem:               628 kB
Slab:              98824 kB
SReclaimable:      31792 kB
SUnreclaim:        67032 kB
KernelStack:       39088 kB
PageTables:        49924 kB
NFS_Unstable:          0 kB
Bounce:                0 kB
WritebackTmp:          0 kB
CommitLimit:     2152132 kB
Committed_AS:   120334420 kB
VmallocTotal:   251658176 kB
VmallocUsed:      138216 kB
VmallocChunk:   251434540 kB
Time pass: 171 sec

---2015-12-09 10:41:11
MemTotal:        2873608 kB
MemFree:          121764 kB
Buffers:           15256 kB
Cached:           890872 kB
SwapCached:           60 kB
Active:          1318040 kB
Inactive:         626004 kB
Active(anon):     843552 kB
Inactive(anon):   208560 kB
Active(file):     474488 kB
Inactive(file):   417444 kB
Unevictable:       13568 kB
Mlocked:               0 kB
SwapTotal:        715328 kB
SwapFree:         702004 kB
Dirty:               140 kB
Writeback:             0 kB
AnonPages:       1051428 kB
Mapped:           613128 kB
Shmem:               628 kB
Slab:              98832 kB
SReclaimable:      31792 kB
SUnreclaim:        67040 kB
KernelStack:       39088 kB
PageTables:        49952 kB
NFS_Unstable:          0 kB
Bounce:                0 kB
WritebackTmp:          0 kB
CommitLimit:     2152132 kB
Committed_AS:   120334436 kB
VmallocTotal:   251658176 kB
VmallocUsed:      138216 kB
VmallocChunk:   251434540 kB
Time pass: 175 sec

---2015-12-09 10:41:11
MemTotal:        2873608 kB
MemFree:          121496 kB
Buffers:           15256 kB
Cached:           890872 kB
SwapCached:           60 kB
Active:          1318272 kB
Inactive:         626004 kB
Active(anon):     843784 kB
Inactive(anon):   208560 kB
Active(file):     474488 kB
Inactive(file):   417444 kB
Unevictable:       13568 kB
Mlocked:               0 kB
SwapTotal:        715328 kB
SwapFree:         702004 kB
Dirty:                64 kB
Writeback:             0 kB
AnonPages:       1051524 kB
Mapped:           612872 kB
Shmem:               628 kB
Slab:              98824 kB
SReclaimable:      31792 kB
SUnreclaim:        67032 kB
KernelStack:       39088 kB
PageTables:        49956 kB
NFS_Unstable:          0 kB
Bounce:                0 kB
WritebackTmp:          0 kB
CommitLimit:     2152132 kB
Committed_AS:   120334460 kB
VmallocTotal:   251658176 kB
VmallocUsed:      138216 kB
VmallocChunk:   251434540 kB
Time pass: 179 sec

---2015-12-09 10:41:11
MemTotal:        2873608 kB
MemFree:          120836 kB
Buffers:           15296 kB
Cached:           890856 kB
SwapCached:           60 kB
Active:          1318944 kB
Inactive:         626028 kB
Active(anon):     844456 kB
Inactive(anon):   208560 kB
Active(file):     474488 kB
Inactive(file):   417468 kB
Unevictable:       13568 kB
Mlocked:               0 kB
SwapTotal:        715328 kB
SwapFree:         702004 kB
Dirty:                48 kB
Writeback:             0 kB
AnonPages:       1052344 kB
Mapped:           613104 kB
Shmem:               628 kB
Slab:              98824 kB
SReclaimable:      31792 kB
SUnreclaim:        67032 kB
KernelStack:       39088 kB
PageTables:        49960 kB
NFS_Unstable:          0 kB
Bounce:                0 kB
WritebackTmp:          0 kB
CommitLimit:     2152132 kB
Committed_AS:   120334484 kB
VmallocTotal:   251658176 kB
VmallocUsed:      138216 kB
VmallocChunk:   251434540 kB
Time pass: 182 sec

---2015-12-09 10:41:11
MemTotal:        2873608 kB
MemFree:          120320 kB
Buffers:           15296 kB
Cached:           890888 kB
SwapCached:           60 kB
Active:          1318904 kB
Inactive:         626060 kB
Active(anon):     844416 kB
Inactive(anon):   208576 kB
Active(file):     474488 kB
Inactive(file):   417484 kB
Unevictable:       13568 kB
Mlocked:               0 kB
SwapTotal:        715328 kB
SwapFree:         702004 kB
Dirty:                 0 kB
Writeback:             0 kB
AnonPages:       1052368 kB
Mapped:           613124 kB
Shmem:               644 kB
Slab:              98972 kB
SReclaimable:      31792 kB
SUnreclaim:        67180 kB
KernelStack:       39088 kB
PageTables:        49960 kB
NFS_Unstable:          0 kB
Bounce:                0 kB
WritebackTmp:          0 kB
CommitLimit:     2152132 kB
Committed_AS:   120334492 kB
VmallocTotal:   251658176 kB
VmallocUsed:      138216 kB
VmallocChunk:   251434540 kB
Time pass: 186 sec

---2015-12-09 10:41:11
MemTotal:        2873608 kB
MemFree:          119964 kB
Buffers:           15304 kB
Cached:           890888 kB
SwapCached:           60 kB
Active:          1319176 kB
Inactive:         626068 kB
Active(anon):     844688 kB
Inactive(anon):   208576 kB
Active(file):     474488 kB
Inactive(file):   417492 kB
Unevictable:       13568 kB
Mlocked:               0 kB
SwapTotal:        715328 kB
SwapFree:         702004 kB
Dirty:                32 kB
Writeback:             0 kB
AnonPages:       1052612 kB
Mapped:           613196 kB
Shmem:               644 kB
Slab:              98856 kB
SReclaimable:      31792 kB
SUnreclaim:        67064 kB
KernelStack:       39088 kB
PageTables:        49956 kB
NFS_Unstable:          0 kB
Bounce:                0 kB
WritebackTmp:          0 kB
CommitLimit:     2152132 kB
Committed_AS:   120334564 kB
VmallocTotal:   251658176 kB
VmallocUsed:      138216 kB
VmallocChunk:   251434540 kB
Time pass: 190 sec

---2015-12-09 10:41:11
MemTotal:        2873608 kB
MemFree:          123272 kB
Buffers:           15304 kB
Cached:           890912 kB
SwapCached:           60 kB
Active:          1316940 kB
Inactive:         626092 kB
Active(anon):     842452 kB
Inactive(anon):   208600 kB
Active(file):     474488 kB
Inactive(file):   417492 kB
Unevictable:       13568 kB
Mlocked:               0 kB
SwapTotal:        715328 kB
SwapFree:         702004 kB
Dirty:                 0 kB
Writeback:            12 kB
AnonPages:       1050412 kB
Mapped:           612952 kB
Shmem:               668 kB
Slab:              98844 kB
SReclaimable:      31792 kB
SUnreclaim:        67052 kB
KernelStack:       38896 kB
PageTables:        49496 kB
NFS_Unstable:          0 kB
Bounce:                0 kB
WritebackTmp:          0 kB
CommitLimit:     2152132 kB
Committed_AS:   119098324 kB
VmallocTotal:   251658176 kB
VmallocUsed:      137196 kB
VmallocChunk:   251434540 kB
Time pass: 194 sec

---2015-12-09 10:41:11
MemTotal:        2873608 kB
MemFree:          122992 kB
Buffers:           15320 kB
Cached:           890916 kB
SwapCached:           60 kB
Active:          1317204 kB
Inactive:         626112 kB
Active(anon):     842716 kB
Inactive(anon):   208604 kB
Active(file):     474488 kB
Inactive(file):   417508 kB
Unevictable:       13568 kB
Mlocked:               0 kB
SwapTotal:        715328 kB
SwapFree:         702004 kB
Dirty:                48 kB
Writeback:             0 kB
AnonPages:       1050416 kB
Mapped:           613012 kB
Shmem:               672 kB
Slab:              98784 kB
SReclaimable:      31792 kB
SUnreclaim:        66992 kB
KernelStack:       38864 kB
PageTables:        49476 kB
NFS_Unstable:          0 kB
Bounce:                0 kB
WritebackTmp:          0 kB
CommitLimit:     2152132 kB
Committed_AS:   119098332 kB
VmallocTotal:   251658176 kB
VmallocUsed:      137196 kB
VmallocChunk:   251434540 kB
Time pass: 197 sec

---2015-12-09 10:41:11
MemTotal:        2873608 kB
MemFree:          122924 kB
Buffers:           15328 kB
Cached:           890964 kB
SwapCached:           60 kB
Active:          1317092 kB
Inactive:         626168 kB
Active(anon):     842604 kB
Inactive(anon):   208652 kB
Active(file):     474488 kB
Inactive(file):   417516 kB
Unevictable:       13568 kB
Mlocked:               0 kB
SwapTotal:        715328 kB
SwapFree:         702004 kB
Dirty:                32 kB
Writeback:             0 kB
AnonPages:       1050460 kB
Mapped:           613040 kB
Shmem:               720 kB
Slab:              98760 kB
SReclaimable:      31792 kB
SUnreclaim:        66968 kB
KernelStack:       38864 kB
PageTables:        49448 kB
NFS_Unstable:          0 kB
Bounce:                0 kB
WritebackTmp:          0 kB
CommitLimit:     2152132 kB
Committed_AS:   119098356 kB
VmallocTotal:   251658176 kB
VmallocUsed:      137196 kB
VmallocChunk:   251434540 kB
Time pass: 201 sec

---2015-12-09 10:41:11
MemTotal:        2873608 kB
MemFree:          122900 kB
Buffers:           15344 kB
Cached:           890964 kB
SwapCached:           60 kB
Active:          1317460 kB
Inactive:         626184 kB
Active(anon):     842972 kB
Inactive(anon):   208652 kB
Active(file):     474488 kB
Inactive(file):   417532 kB
Unevictable:       13568 kB
Mlocked:               0 kB
SwapTotal:        715328 kB
SwapFree:         702004 kB
Dirty:                 0 kB
Writeback:            36 kB
AnonPages:       1051004 kB
Mapped:           613128 kB
Shmem:               720 kB
Slab:              98760 kB
SReclaimable:      31792 kB
SUnreclaim:        66968 kB
KernelStack:       38864 kB
PageTables:        49484 kB
NFS_Unstable:          0 kB
Bounce:                0 kB
WritebackTmp:          0 kB
CommitLimit:     2152132 kB
Committed_AS:   119102436 kB
VmallocTotal:   251658176 kB
VmallocUsed:      137196 kB
VmallocChunk:   251434540 kB
Time pass: 205 sec

---2015-12-09 10:41:11
MemTotal:        2873608 kB
MemFree:          122408 kB
Buffers:           15360 kB
Cached:           890964 kB
SwapCached:           60 kB
Active:          1317796 kB
Inactive:         626200 kB
Active(anon):     843308 kB
Inactive(anon):   208652 kB
Active(file):     474488 kB
Inactive(file):   417548 kB
Unevictable:       13568 kB
Mlocked:               0 kB
SwapTotal:        715328 kB
SwapFree:         702004 kB
Dirty:                48 kB
Writeback:             0 kB
AnonPages:       1051332 kB
Mapped:           613144 kB
Shmem:               720 kB
Slab:              98728 kB
SReclaimable:      31792 kB
SUnreclaim:        66936 kB
KernelStack:       38880 kB
PageTables:        49484 kB
NFS_Unstable:          0 kB
Bounce:                0 kB
WritebackTmp:          0 kB
CommitLimit:     2152132 kB
Committed_AS:   119102444 kB
VmallocTotal:   251658176 kB
VmallocUsed:      137196 kB
VmallocChunk:   251434540 kB
Time pass: 209 sec

---2015-12-09 10:41:11
MemTotal:        2873608 kB
MemFree:          122308 kB
Buffers:           15368 kB
Cached:           890964 kB
SwapCached:           60 kB
Active:          1317916 kB
Inactive:         626208 kB
Active(anon):     843428 kB
Inactive(anon):   208652 kB
Active(file):     474488 kB
Inactive(file):   417556 kB
Unevictable:       13568 kB
Mlocked:               0 kB
SwapTotal:        715328 kB
SwapFree:         702004 kB
Dirty:                32 kB
Writeback:             0 kB
AnonPages:       1051412 kB
Mapped:           613152 kB
Shmem:               720 kB
Slab:              98692 kB
SReclaimable:      31792 kB
SUnreclaim:        66900 kB
KernelStack:       38848 kB
PageTables:        49480 kB
NFS_Unstable:          0 kB
Bounce:                0 kB
WritebackTmp:          0 kB
CommitLimit:     2152132 kB
Committed_AS:   119102420 kB
VmallocTotal:   251658176 kB
VmallocUsed:      137196 kB
VmallocChunk:   251434540 kB
Time pass: 213 sec

---2015-12-09 10:41:11
MemTotal:        2873608 kB
MemFree:          122128 kB
Buffers:           15368 kB
Cached:           890964 kB
SwapCached:           60 kB
Active:          1318040 kB
Inactive:         626208 kB
Active(anon):     843552 kB
Inactive(anon):   208652 kB
Active(file):     474488 kB
Inactive(file):   417556 kB
Unevictable:       13568 kB
Mlocked:               0 kB
SwapTotal:        715328 kB
SwapFree:         702004 kB
Dirty:                32 kB
Writeback:             0 kB
AnonPages:       1051372 kB
Mapped:           613208 kB
Shmem:               720 kB
Slab:              98628 kB
SReclaimable:      31696 kB
SUnreclaim:        66932 kB
KernelStack:       38848 kB
PageTables:        49504 kB
NFS_Unstable:          0 kB
Bounce:                0 kB
WritebackTmp:          0 kB
CommitLimit:     2152132 kB
Committed_AS:   119102428 kB
VmallocTotal:   251658176 kB
VmallocUsed:      137196 kB
VmallocChunk:   251434540 kB
Time pass: 216 sec

---2015-12-09 10:41:11
MemTotal:        2873608 kB
MemFree:          122384 kB
Buffers:           15416 kB
Cached:           890976 kB
SwapCached:           60 kB
Active:          1317900 kB
Inactive:         626252 kB
Active(anon):     843416 kB
Inactive(anon):   208632 kB
Active(file):     474484 kB
Inactive(file):   417620 kB
Unevictable:       13568 kB
Mlocked:               0 kB
SwapTotal:        715328 kB
SwapFree:         702004 kB
Dirty:               156 kB
Writeback:             0 kB
AnonPages:       1051392 kB
Mapped:           613128 kB
Shmem:               720 kB
Slab:              98600 kB
SReclaimable:      31696 kB
SUnreclaim:        66904 kB
KernelStack:       38880 kB
PageTables:        49488 kB
NFS_Unstable:          0 kB
Bounce:                0 kB
WritebackTmp:          0 kB
CommitLimit:     2152132 kB
Committed_AS:   119102548 kB
VmallocTotal:   251658176 kB
VmallocUsed:      137196 kB
VmallocChunk:   251434540 kB
Time pass: 220 sec

---2015-12-09 10:41:11
MemTotal:        2873608 kB
MemFree:          126036 kB
Buffers:           15416 kB
Cached:           890976 kB
SwapCached:           60 kB
Active:          1314364 kB
Inactive:         626252 kB
Active(anon):     839880 kB
Inactive(anon):   208632 kB
Active(file):     474484 kB
Inactive(file):   417620 kB
Unevictable:       13568 kB
Mlocked:               0 kB
SwapTotal:        715328 kB
SwapFree:         702004 kB
Dirty:                 0 kB
Writeback:             0 kB
AnonPages:       1047676 kB
Mapped:           613068 kB
Shmem:               720 kB
Slab:              98600 kB
SReclaimable:      31696 kB
SUnreclaim:        66904 kB
KernelStack:       38880 kB
PageTables:        49428 kB
NFS_Unstable:          0 kB
Bounce:                0 kB
WritebackTmp:          0 kB
CommitLimit:     2152132 kB
Committed_AS:   119102500 kB
VmallocTotal:   251658176 kB
VmallocUsed:      137196 kB
VmallocChunk:   251434540 kB
Time pass: 224 sec

---2015-12-09 10:41:11
MemTotal:        2873608 kB
MemFree:          125436 kB
Buffers:           15424 kB
Cached:           890976 kB
SwapCached:           60 kB
Active:          1314608 kB
Inactive:         626260 kB
Active(anon):     840124 kB
Inactive(anon):   208632 kB
Active(file):     474484 kB
Inactive(file):   417628 kB
Unevictable:       13568 kB
Mlocked:               0 kB
SwapTotal:        715328 kB
SwapFree:         702004 kB
Dirty:                32 kB
Writeback:             0 kB
AnonPages:       1048224 kB
Mapped:           613160 kB
Shmem:               720 kB
Slab:              98604 kB
SReclaimable:      31696 kB
SUnreclaim:        66908 kB
KernelStack:       38880 kB
PageTables:        49460 kB
NFS_Unstable:          0 kB
Bounce:                0 kB
WritebackTmp:          0 kB
CommitLimit:     2152132 kB
Committed_AS:   119102500 kB
VmallocTotal:   251658176 kB
VmallocUsed:      137196 kB
VmallocChunk:   251434540 kB
Time pass: 228 sec

---2015-12-09 10:41:11
MemTotal:        2873608 kB
MemFree:          125316 kB
Buffers:           15440 kB
Cached:           890976 kB
SwapCached:           60 kB
Active:          1315160 kB
Inactive:         626276 kB
Active(anon):     840676 kB
Inactive(anon):   208632 kB
Active(file):     474484 kB
Inactive(file):   417644 kB
Unevictable:       13568 kB
Mlocked:               0 kB
SwapTotal:        715328 kB
SwapFree:         702004 kB
Dirty:                44 kB
Writeback:             0 kB
AnonPages:       1048452 kB
Mapped:           613168 kB
Shmem:               720 kB
Slab:              98596 kB
SReclaimable:      31696 kB
SUnreclaim:        66900 kB
KernelStack:       38880 kB
PageTables:        49460 kB
NFS_Unstable:          0 kB
Bounce:                0 kB
WritebackTmp:          0 kB
CommitLimit:     2152132 kB
Committed_AS:   119102476 kB
VmallocTotal:   251658176 kB
VmallocUsed:      137196 kB
VmallocChunk:   251434540 kB
Time pass: 231 sec

---2015-12-09 10:41:11
MemTotal:        2873608 kB
MemFree:          124440 kB
Buffers:           15440 kB
Cached:           890992 kB
SwapCached:           60 kB
Active:          1315388 kB
Inactive:         626292 kB
Active(anon):     840904 kB
Inactive(anon):   208648 kB
Active(file):     474484 kB
Inactive(file):   417644 kB
Unevictable:       13568 kB
Mlocked:               0 kB
SwapTotal:        715328 kB
SwapFree:         702004 kB
Dirty:                84 kB
Writeback:             0 kB
AnonPages:       1048824 kB
Mapped:           612972 kB
Shmem:               736 kB
Slab:              98580 kB
SReclaimable:      31696 kB
SUnreclaim:        66884 kB
KernelStack:       38848 kB
PageTables:        49460 kB
NFS_Unstable:          0 kB
Bounce:                0 kB
WritebackTmp:          0 kB
CommitLimit:     2152132 kB
Committed_AS:   119102500 kB
VmallocTotal:   251658176 kB
VmallocUsed:      137196 kB
VmallocChunk:   251434540 kB
Time pass: 235 sec

---2015-12-09 10:41:11
MemTotal:        2873608 kB
MemFree:          125020 kB
Buffers:           15448 kB
Cached:           891000 kB
SwapCached:           60 kB
Active:          1315424 kB
Inactive:         626308 kB
Active(anon):     840940 kB
Inactive(anon):   208656 kB
Active(file):     474484 kB
Inactive(file):   417652 kB
Unevictable:       13568 kB
Mlocked:               0 kB
SwapTotal:        715328 kB
SwapFree:         702004 kB
Dirty:                88 kB
Writeback:             0 kB
AnonPages:       1048768 kB
Mapped:           613208 kB
Shmem:               744 kB
Slab:              98612 kB
SReclaimable:      31696 kB
SUnreclaim:        66916 kB
KernelStack:       38848 kB
PageTables:        49464 kB
NFS_Unstable:          0 kB
Bounce:                0 kB
WritebackTmp:          0 kB
CommitLimit:     2152132 kB
Committed_AS:   119102500 kB
VmallocTotal:   251658176 kB
VmallocUsed:      137196 kB
VmallocChunk:   251434540 kB
Time pass: 239 sec

---2015-12-09 10:41:11
MemTotal:        2873608 kB
MemFree:          124384 kB
Buffers:           15480 kB
Cached:           891000 kB
SwapCached:           60 kB
Active:          1316016 kB
Inactive:         626340 kB
Active(anon):     841532 kB
Inactive(anon):   208656 kB
Active(file):     474484 kB
Inactive(file):   417684 kB
Unevictable:       13568 kB
Mlocked:               0 kB
SwapTotal:        715328 kB
SwapFree:         702004 kB
Dirty:                60 kB
Writeback:             0 kB
AnonPages:       1049564 kB
Mapped:           613212 kB
Shmem:               744 kB
Slab:              98624 kB
SReclaimable:      31696 kB
SUnreclaim:        66928 kB
KernelStack:       38816 kB
PageTables:        49460 kB
NFS_Unstable:          0 kB
Bounce:                0 kB
WritebackTmp:          0 kB
CommitLimit:     2152132 kB
Committed_AS:   119102508 kB
VmallocTotal:   251658176 kB
VmallocUsed:      137196 kB
VmallocChunk:   251434540 kB
Time pass: 243 sec

---2015-12-09 10:41:11
MemTotal:        2873608 kB
MemFree:          123584 kB
Buffers:           15480 kB
Cached:           891000 kB
SwapCached:           60 kB
Active:          1316380 kB
Inactive:         626340 kB
Active(anon):     841896 kB
Inactive(anon):   208656 kB
Active(file):     474484 kB
Inactive(file):   417684 kB
Unevictable:       13568 kB
Mlocked:               0 kB
SwapTotal:        715328 kB
SwapFree:         702004 kB
Dirty:                 0 kB
Writeback:             0 kB
AnonPages:       1049628 kB
Mapped:           613216 kB
Shmem:               744 kB
Slab:              98608 kB
SReclaimable:      31696 kB
SUnreclaim:        66912 kB
KernelStack:       38816 kB
PageTables:        49464 kB
NFS_Unstable:          0 kB
Bounce:                0 kB
WritebackTmp:          0 kB
CommitLimit:     2152132 kB
Committed_AS:   119102556 kB
VmallocTotal:   251658176 kB
VmallocUsed:      137196 kB
VmallocChunk:   251434540 kB
Time pass: 247 sec

---2015-12-09 10:41:11
MemTotal:        2873608 kB
MemFree:          124452 kB
Buffers:           15488 kB
Cached:           891000 kB
SwapCached:           60 kB
Active:          1316320 kB
Inactive:         626348 kB
Active(anon):     841836 kB
Inactive(anon):   208656 kB
Active(file):     474484 kB
Inactive(file):   417692 kB
Unevictable:       13568 kB
Mlocked:               0 kB
SwapTotal:        715328 kB
SwapFree:         702004 kB
Dirty:                32 kB
Writeback:             0 kB
AnonPages:       1049760 kB
Mapped:           613224 kB
Shmem:               744 kB
Slab:              98608 kB
SReclaimable:      31696 kB
SUnreclaim:        66912 kB
KernelStack:       38816 kB
PageTables:        49456 kB
NFS_Unstable:          0 kB
Bounce:                0 kB
WritebackTmp:          0 kB
CommitLimit:     2152132 kB
Committed_AS:   119102572 kB
VmallocTotal:   251658176 kB
VmallocUsed:      137196 kB
VmallocChunk:   251434540 kB
Time pass: 250 sec

---2015-12-09 10:41:11
MemTotal:        2873608 kB
MemFree:          122832 kB
Buffers:           15504 kB
Cached:           891008 kB
SwapCached:           60 kB
Active:          1317056 kB
Inactive:         626372 kB
Active(anon):     842572 kB
Inactive(anon):   208656 kB
Active(file):     474484 kB
Inactive(file):   417716 kB
Unevictable:       13568 kB
Mlocked:               0 kB
SwapTotal:        715328 kB
SwapFree:         702004 kB
Dirty:                 0 kB
Writeback:             0 kB
AnonPages:       1050712 kB
Mapped:           613236 kB
Shmem:               744 kB
Slab:              98644 kB
SReclaimable:      31696 kB
SUnreclaim:        66948 kB
KernelStack:       38816 kB
PageTables:        49460 kB
NFS_Unstable:          0 kB
Bounce:                0 kB
WritebackTmp:          0 kB
CommitLimit:     2152132 kB
Committed_AS:   119102580 kB
VmallocTotal:   251658176 kB
VmallocUsed:      137196 kB
VmallocChunk:   251434540 kB
Time pass: 254 sec

---2015-12-09 10:41:11
MemTotal:        2873608 kB
MemFree:          122984 kB
Buffers:           15504 kB
Cached:           891024 kB
SwapCached:           60 kB
Active:          1316972 kB
Inactive:         626388 kB
Active(anon):     842488 kB
Inactive(anon):   208656 kB
Active(file):     474484 kB
Inactive(file):   417732 kB
Unevictable:       13568 kB
Mlocked:               0 kB
SwapTotal:        715328 kB
SwapFree:         702004 kB
Dirty:                40 kB
Writeback:             0 kB
AnonPages:       1050560 kB
Mapped:           613240 kB
Shmem:               744 kB
Slab:              98648 kB
SReclaimable:      31696 kB
SUnreclaim:        66952 kB
KernelStack:       38816 kB
PageTables:        49460 kB
NFS_Unstable:          0 kB
Bounce:                0 kB
WritebackTmp:          0 kB
CommitLimit:     2152132 kB
Committed_AS:   119102564 kB
VmallocTotal:   251658176 kB
VmallocUsed:      137196 kB
VmallocChunk:   251434540 kB
Time pass: 258 sec

---2015-12-09 10:41:11
MemTotal:        2873608 kB
MemFree:          123332 kB
Buffers:           15512 kB
Cached:           891024 kB
SwapCached:           60 kB
Active:          1317184 kB
Inactive:         626396 kB
Active(anon):     842700 kB
Inactive(anon):   208656 kB
Active(file):     474484 kB
Inactive(file):   417740 kB
Unevictable:       13568 kB
Mlocked:               0 kB
SwapTotal:        715328 kB
SwapFree:         702004 kB
Dirty:                32 kB
Writeback:             0 kB
AnonPages:       1050788 kB
Mapped:           613208 kB
Shmem:               744 kB
Slab:              98652 kB
SReclaimable:      31696 kB
SUnreclaim:        66956 kB
KernelStack:       38816 kB
PageTables:        49460 kB
NFS_Unstable:          0 kB
Bounce:                0 kB
WritebackTmp:          0 kB
CommitLimit:     2152132 kB
Committed_AS:   119102588 kB
VmallocTotal:   251658176 kB
VmallocUsed:      137196 kB
VmallocChunk:   251434540 kB
Time pass: 262 sec

---2015-12-09 10:41:11
MemTotal:        2873608 kB
MemFree:          123024 kB
Buffers:           15512 kB
Cached:           891024 kB
SwapCached:           60 kB
Active:          1317156 kB
Inactive:         626396 kB
Active(anon):     842672 kB
Inactive(anon):   208656 kB
Active(file):     474484 kB
Inactive(file):   417740 kB
Unevictable:       13568 kB
Mlocked:               0 kB
SwapTotal:        715328 kB
SwapFree:         702004 kB
Dirty:                32 kB
Writeback:             0 kB
AnonPages:       1050568 kB
Mapped:           613160 kB
Shmem:               744 kB
Slab:              98644 kB
SReclaimable:      31696 kB
SUnreclaim:        66948 kB
KernelStack:       38816 kB
PageTables:        49428 kB
NFS_Unstable:          0 kB
Bounce:                0 kB
WritebackTmp:          0 kB
CommitLimit:     2152132 kB
Committed_AS:   119102596 kB
VmallocTotal:   251658176 kB
VmallocUsed:      137196 kB
VmallocChunk:   251434540 kB
Time pass: 265 sec

---2015-12-09 10:41:11
MemTotal:        2873608 kB
MemFree:          121500 kB
Buffers:           15536 kB
Cached:           891040 kB
SwapCached:           60 kB
Active:          1318872 kB
Inactive:         626436 kB
Active(anon):     844388 kB
Inactive(anon):   208656 kB
Active(file):     474484 kB
Inactive(file):   417780 kB
Unevictable:       13568 kB
Mlocked:               0 kB
SwapTotal:        715328 kB
SwapFree:         702004 kB
Dirty:               100 kB
Writeback:             0 kB
AnonPages:       1052296 kB
Mapped:           613064 kB
Shmem:               744 kB
Slab:              98644 kB
SReclaimable:      31696 kB
SUnreclaim:        66948 kB
KernelStack:       38816 kB
PageTables:        49468 kB
NFS_Unstable:          0 kB
Bounce:                0 kB
WritebackTmp:          0 kB
CommitLimit:     2152132 kB
Committed_AS:   119102652 kB
VmallocTotal:   251658176 kB
VmallocUsed:      137196 kB
VmallocChunk:   251434540 kB
Time pass: 269 sec

---2015-12-09 10:41:11
MemTotal:        2873608 kB
MemFree:          121092 kB
Buffers:           15544 kB
Cached:           891040 kB
SwapCached:           60 kB
Active:          1318976 kB
Inactive:         626444 kB
Active(anon):     844492 kB
Inactive(anon):   208656 kB
Active(file):     474484 kB
Inactive(file):   417788 kB
Unevictable:       13568 kB
Mlocked:               0 kB
SwapTotal:        715328 kB
SwapFree:         702004 kB
Dirty:                32 kB
Writeback:             0 kB
AnonPages:       1052396 kB
Mapped:           613292 kB
Shmem:               744 kB
Slab:              98644 kB
SReclaimable:      31696 kB
SUnreclaim:        66948 kB
KernelStack:       38816 kB
PageTables:        49460 kB
NFS_Unstable:          0 kB
Bounce:                0 kB
WritebackTmp:          0 kB
CommitLimit:     2152132 kB
Committed_AS:   119102612 kB
VmallocTotal:   251658176 kB
VmallocUsed:      137196 kB
VmallocChunk:   251434540 kB
Time pass: 273 sec

---2015-12-09 10:41:11
MemTotal:        2873608 kB
MemFree:          120660 kB
Buffers:           15552 kB
Cached:           891032 kB
SwapCached:           60 kB
Active:          1319396 kB
Inactive:         626444 kB
Active(anon):     844912 kB
Inactive(anon):   208656 kB
Active(file):     474484 kB
Inactive(file):   417788 kB
Unevictable:       13568 kB
Mlocked:               0 kB
SwapTotal:        715328 kB
SwapFree:         702004 kB
Dirty:                32 kB
Writeback:             0 kB
AnonPages:       1052956 kB
Mapped:           613300 kB
Shmem:               744 kB
Slab:              98644 kB
SReclaimable:      31696 kB
SUnreclaim:        66948 kB
KernelStack:       38816 kB
PageTables:        49464 kB
NFS_Unstable:          0 kB
Bounce:                0 kB
WritebackTmp:          0 kB
CommitLimit:     2152132 kB
Committed_AS:   119102668 kB
VmallocTotal:   251658176 kB
VmallocUsed:      137196 kB
VmallocChunk:   251434540 kB
Time pass: 277 sec

---2015-12-09 10:41:11
MemTotal:        2873608 kB
MemFree:          119860 kB
Buffers:           15568 kB
Cached:           891044 kB
SwapCached:           60 kB
Active:          1320004 kB
Inactive:         626472 kB
Active(anon):     845520 kB
Inactive(anon):   208660 kB
Active(file):     474484 kB
Inactive(file):   417812 kB
Unevictable:       13568 kB
Mlocked:               0 kB
SwapTotal:        715328 kB
SwapFree:         702004 kB
Dirty:                68 kB
Writeback:             0 kB
AnonPages:       1053428 kB
Mapped:           613308 kB
Shmem:               748 kB
Slab:              98664 kB
SReclaimable:      31696 kB
SUnreclaim:        66968 kB
KernelStack:       38816 kB
PageTables:        49460 kB
NFS_Unstable:          0 kB
Bounce:                0 kB
WritebackTmp:          0 kB
CommitLimit:     2152132 kB
Committed_AS:   119102596 kB
VmallocTotal:   251658176 kB
VmallocUsed:      137196 kB
VmallocChunk:   251434540 kB
Time pass: 280 sec

---2015-12-09 10:41:11
MemTotal:        2873608 kB
MemFree:          119576 kB
Buffers:           15576 kB
Cached:           891036 kB
SwapCached:           60 kB
Active:          1320176 kB
Inactive:         626472 kB
Active(anon):     845692 kB
Inactive(anon):   208660 kB
Active(file):     474484 kB
Inactive(file):   417812 kB
Unevictable:       13568 kB
Mlocked:               0 kB
SwapTotal:        715328 kB
SwapFree:         702004 kB
Dirty:                 0 kB
Writeback:             0 kB
AnonPages:       1053564 kB
Mapped:           613452 kB
Shmem:               748 kB
Slab:              98664 kB
SReclaimable:      31696 kB
SUnreclaim:        66968 kB
KernelStack:       38816 kB
PageTables:        49520 kB
NFS_Unstable:          0 kB
Bounce:                0 kB
WritebackTmp:          0 kB
CommitLimit:     2152132 kB
Committed_AS:   119102572 kB
VmallocTotal:   251658176 kB
VmallocUsed:      137196 kB
VmallocChunk:   251434540 kB
Time pass: 284 sec

---2015-12-09 10:41:11
MemTotal:        2873608 kB
MemFree:          119792 kB
Buffers:           15576 kB
Cached:           891044 kB
SwapCached:           60 kB
Active:          1320236 kB
Inactive:         626480 kB
Active(anon):     845752 kB
Inactive(anon):   208660 kB
Active(file):     474484 kB
Inactive(file):   417820 kB
Unevictable:       13568 kB
Mlocked:               0 kB
SwapTotal:        715328 kB
SwapFree:         702004 kB
Dirty:                32 kB
Writeback:             0 kB
AnonPages:       1053684 kB
Mapped:           613328 kB
Shmem:               748 kB
Slab:              98656 kB
SReclaimable:      31696 kB
SUnreclaim:        66960 kB
KernelStack:       38816 kB
PageTables:        49464 kB
NFS_Unstable:          0 kB
Bounce:                0 kB
WritebackTmp:          0 kB
CommitLimit:     2152132 kB
Committed_AS:   119102588 kB
VmallocTotal:   251658176 kB
VmallocUsed:      137196 kB
VmallocChunk:   251434540 kB
Time pass: 288 sec

---2015-12-09 10:41:11
MemTotal:        2873608 kB
MemFree:          119048 kB
Buffers:           15592 kB
Cached:           891044 kB
SwapCached:           60 kB
Active:          1320860 kB
Inactive:         626496 kB
Active(anon):     846376 kB
Inactive(anon):   208660 kB
Active(file):     474484 kB
Inactive(file):   417836 kB
Unevictable:       13568 kB
Mlocked:               0 kB
SwapTotal:        715328 kB
SwapFree:         702004 kB
Dirty:                40 kB
Writeback:             0 kB
AnonPages:       1054132 kB
Mapped:           613336 kB
Shmem:               748 kB
Slab:              98648 kB
SReclaimable:      31696 kB
SUnreclaim:        66952 kB
KernelStack:       38816 kB
PageTables:        49464 kB
NFS_Unstable:          0 kB
Bounce:                0 kB
WritebackTmp:          0 kB
CommitLimit:     2152132 kB
Committed_AS:   119102564 kB
VmallocTotal:   251658176 kB
VmallocUsed:      137196 kB
VmallocChunk:   251434540 kB
Time pass: 292 sec

---2015-12-09 10:41:11
MemTotal:        2873608 kB
MemFree:          118224 kB
Buffers:           15592 kB
Cached:           891044 kB
SwapCached:           60 kB
Active:          1321128 kB
Inactive:         626496 kB
Active(anon):     846644 kB
Inactive(anon):   208660 kB
Active(file):     474484 kB
Inactive(file):   417836 kB
Unevictable:       13568 kB
Mlocked:               0 kB
SwapTotal:        715328 kB
SwapFree:         702004 kB
Dirty:                80 kB
Writeback:             0 kB
AnonPages:       1054740 kB
Mapped:           613308 kB
Shmem:               748 kB
Slab:              98648 kB
SReclaimable:      31696 kB
SUnreclaim:        66952 kB
KernelStack:       38816 kB
PageTables:        49468 kB
NFS_Unstable:          0 kB
Bounce:                0 kB
WritebackTmp:          0 kB
CommitLimit:     2152132 kB
Committed_AS:   119102612 kB
VmallocTotal:   251658176 kB
VmallocUsed:      137196 kB
VmallocChunk:   251434540 kB
Time pass: 296 sec

---2015-12-09 10:41:11
MemTotal:        2873608 kB
MemFree:          118300 kB
Buffers:           15600 kB
Cached:           891044 kB
SwapCached:           60 kB
Active:          1321376 kB
Inactive:         626504 kB
Active(anon):     846892 kB
Inactive(anon):   208660 kB
Active(file):     474484 kB
Inactive(file):   417844 kB
Unevictable:       13568 kB
Mlocked:               0 kB
SwapTotal:        715328 kB
SwapFree:         702004 kB
Dirty:                84 kB
Writeback:             0 kB
AnonPages:       1054940 kB
Mapped:           613316 kB
Shmem:               748 kB
Slab:              98644 kB
SReclaimable:      31696 kB
SUnreclaim:        66948 kB
KernelStack:       38816 kB
PageTables:        49468 kB
NFS_Unstable:          0 kB
Bounce:                0 kB
WritebackTmp:          0 kB
CommitLimit:     2152132 kB
Committed_AS:   119102572 kB
VmallocTotal:   251658176 kB
VmallocUsed:      137196 kB
VmallocChunk:   251434540 kB
Time pass: 299 sec

---2015-12-09 10:41:11
MemTotal:        2873608 kB
MemFree:          117548 kB
Buffers:           15632 kB
Cached:           891044 kB
SwapCached:           60 kB
Active:          1321912 kB
Inactive:         626536 kB
Active(anon):     847428 kB
Inactive(anon):   208660 kB
Active(file):     474484 kB
Inactive(file):   417876 kB
Unevictable:       13568 kB
Mlocked:               0 kB
SwapTotal:        715328 kB
SwapFree:         702004 kB
Dirty:                60 kB
Writeback:             0 kB
AnonPages:       1055516 kB
Mapped:           613324 kB
Shmem:               748 kB
Slab:              98648 kB
SReclaimable:      31696 kB
SUnreclaim:        66952 kB
KernelStack:       38816 kB
PageTables:        49468 kB
NFS_Unstable:          0 kB
Bounce:                0 kB
WritebackTmp:          0 kB
CommitLimit:     2152132 kB
Committed_AS:   119102572 kB
VmallocTotal:   251658176 kB
VmallocUsed:      137196 kB
VmallocChunk:   251434540 kB
Time pass: 303 sec

---2015-12-09 10:41:11
MemTotal:        2873608 kB
MemFree:          118280 kB
Buffers:           15632 kB
Cached:           891044 kB
SwapCached:           60 kB
Active:          1321116 kB
Inactive:         626536 kB
Active(anon):     846632 kB
Inactive(anon):   208660 kB
Active(file):     474484 kB
Inactive(file):   417876 kB
Unevictable:       13568 kB
Mlocked:               0 kB
SwapTotal:        715328 kB
SwapFree:         702004 kB
Dirty:                 0 kB
Writeback:             0 kB
AnonPages:       1054544 kB
Mapped:           613368 kB
Shmem:               748 kB
Slab:              98640 kB
SReclaimable:      31696 kB
SUnreclaim:        66944 kB
KernelStack:       38784 kB
PageTables:        49468 kB
NFS_Unstable:          0 kB
Bounce:                0 kB
WritebackTmp:          0 kB
CommitLimit:     2152132 kB
Committed_AS:   119102596 kB
VmallocTotal:   251658176 kB
VmallocUsed:      137196 kB
VmallocChunk:   251434540 kB
Time pass: 307 sec

---2015-12-09 10:41:11
MemTotal:        2873608 kB
MemFree:          118800 kB
Buffers:           15640 kB
Cached:           891044 kB
SwapCached:           60 kB
Active:          1321332 kB
Inactive:         626544 kB
Active(anon):     846848 kB
Inactive(anon):   208660 kB
Active(file):     474484 kB
Inactive(file):   417884 kB
Unevictable:       13568 kB
Mlocked:               0 kB
SwapTotal:        715328 kB
SwapFree:         702004 kB
Dirty:                32 kB
Writeback:             0 kB
AnonPages:       1054832 kB
Mapped:           613372 kB
Shmem:               748 kB
Slab:              98616 kB
SReclaimable:      31664 kB
SUnreclaim:        66952 kB
KernelStack:       38816 kB
PageTables:        49464 kB
NFS_Unstable:          0 kB
Bounce:                0 kB
WritebackTmp:          0 kB
CommitLimit:     2152132 kB
Committed_AS:   119102652 kB
VmallocTotal:   251658176 kB
VmallocUsed:      137196 kB
VmallocChunk:   251434540 kB
Time pass: 311 sec

---2015-12-09 10:41:11
MemTotal:        2873608 kB
MemFree:          117900 kB
Buffers:           15656 kB
Cached:           891028 kB
SwapCached:           60 kB
Active:          1321964 kB
Inactive:         626544 kB
Active(anon):     847480 kB
Inactive(anon):   208660 kB
Active(file):     474484 kB
Inactive(file):   417884 kB
Unevictable:       13568 kB
Mlocked:               0 kB
SwapTotal:        715328 kB
SwapFree:         702004 kB
Dirty:                 0 kB
Writeback:             0 kB
AnonPages:       1055264 kB
Mapped:           613252 kB
Shmem:               748 kB
Slab:              98604 kB
SReclaimable:      31664 kB
SUnreclaim:        66940 kB
KernelStack:       38816 kB
PageTables:        49508 kB
NFS_Unstable:          0 kB
Bounce:                0 kB
WritebackTmp:          0 kB
CommitLimit:     2152132 kB
Committed_AS:   119102620 kB
VmallocTotal:   251658176 kB
VmallocUsed:      137196 kB
VmallocChunk:   251434540 kB
Time pass: 315 sec

---2015-12-09 10:41:11
MemTotal:        2873608 kB
MemFree:          117444 kB
Buffers:           15656 kB
Cached:           891044 kB
SwapCached:           60 kB
Active:          1322116 kB
Inactive:         626560 kB
Active(anon):     847632 kB
Inactive(anon):   208660 kB
Active(file):     474484 kB
Inactive(file):   417900 kB
Unevictable:       13568 kB
Mlocked:               0 kB
SwapTotal:        715328 kB
SwapFree:         702004 kB
Dirty:                44 kB
Writeback:             0 kB
AnonPages:       1055416 kB
Mapped:           613352 kB
Shmem:               748 kB
Slab:              98604 kB
SReclaimable:      31664 kB
SUnreclaim:        66940 kB
KernelStack:       38816 kB
PageTables:        49480 kB
NFS_Unstable:          0 kB
Bounce:                0 kB
WritebackTmp:          0 kB
CommitLimit:     2152132 kB
Committed_AS:   119102620 kB
VmallocTotal:   251658176 kB
VmallocUsed:      137196 kB
VmallocChunk:   251434540 kB
Time pass: 318 sec

---2015-12-09 10:41:11
MemTotal:        2873608 kB
MemFree:          117452 kB
Buffers:           15664 kB
Cached:           891044 kB
SwapCached:           60 kB
Active:          1322296 kB
Inactive:         626560 kB
Active(anon):     847812 kB
Inactive(anon):   208652 kB
Active(file):     474484 kB
Inactive(file):   417908 kB
Unevictable:       13568 kB
Mlocked:               0 kB
SwapTotal:        715328 kB
SwapFree:         702004 kB
Dirty:                36 kB
Writeback:             0 kB
AnonPages:       1055544 kB
Mapped:           613356 kB
Shmem:               748 kB
Slab:              98604 kB
SReclaimable:      31664 kB
SUnreclaim:        66940 kB
KernelStack:       38816 kB
PageTables:        49472 kB
NFS_Unstable:          0 kB
Bounce:                0 kB
WritebackTmp:          0 kB
CommitLimit:     2152132 kB
Committed_AS:   119102628 kB
VmallocTotal:   251658176 kB
VmallocUsed:      137196 kB
VmallocChunk:   251434540 kB
Time pass: 322 sec

---2015-12-09 10:41:11
MemTotal:        2873608 kB
MemFree:          117704 kB
Buffers:           15664 kB
Cached:           891044 kB
SwapCached:           60 kB
Active:          1322448 kB
Inactive:         626560 kB
Active(anon):     847964 kB
Inactive(anon):   208652 kB
Active(file):     474484 kB
Inactive(file):   417908 kB
Unevictable:       13568 kB
Mlocked:               0 kB
SwapTotal:        715328 kB
SwapFree:         702004 kB
Dirty:                 0 kB
Writeback:             0 kB
AnonPages:       1055828 kB
Mapped:           613488 kB
Shmem:               748 kB
Slab:              98604 kB
SReclaimable:      31664 kB
SUnreclaim:        66940 kB
KernelStack:       38816 kB
PageTables:        49504 kB
NFS_Unstable:          0 kB
Bounce:                0 kB
WritebackTmp:          0 kB
CommitLimit:     2152132 kB
Committed_AS:   119102636 kB
VmallocTotal:   251658176 kB
VmallocUsed:      137196 kB
VmallocChunk:   251434540 kB
Time pass: 326 sec

---2015-12-09 10:41:11
MemTotal:        2873608 kB
MemFree:          117944 kB
Buffers:           15680 kB
Cached:           891044 kB
SwapCached:           60 kB
Active:          1322512 kB
Inactive:         626576 kB
Active(anon):     848028 kB
Inactive(anon):   208652 kB
Active(file):     474484 kB
Inactive(file):   417924 kB
Unevictable:       13568 kB
Mlocked:               0 kB
SwapTotal:        715328 kB
SwapFree:         702004 kB
Dirty:                44 kB
Writeback:             0 kB
AnonPages:       1056000 kB
Mapped:           613420 kB
Shmem:               748 kB
Slab:              98604 kB
SReclaimable:      31664 kB
SUnreclaim:        66940 kB
KernelStack:       38800 kB
PageTables:        49476 kB
NFS_Unstable:          0 kB
Bounce:                0 kB
WritebackTmp:          0 kB
CommitLimit:     2152132 kB
Committed_AS:   119102624 kB
VmallocTotal:   251658176 kB
VmallocUsed:      137196 kB
VmallocChunk:   251434540 kB
Time pass: 330 sec

---2015-12-09 10:41:11
MemTotal:        2873608 kB
MemFree:          117064 kB
Buffers:           15688 kB
Cached:           891196 kB
SwapCached:           60 kB
Active:          1322480 kB
Inactive:         626720 kB
Active(anon):     847980 kB
Inactive(anon):   208652 kB
Active(file):     474500 kB
Inactive(file):   418068 kB
Unevictable:       13568 kB
Mlocked:               0 kB
SwapTotal:        715328 kB
SwapFree:         702004 kB
Dirty:                64 kB
Writeback:             0 kB
AnonPages:       1055824 kB
Mapped:           613516 kB
Shmem:               748 kB
Slab:              98604 kB
SReclaimable:      31664 kB
SUnreclaim:        66940 kB
KernelStack:       38784 kB
PageTables:        49508 kB
NFS_Unstable:          0 kB
Bounce:                0 kB
WritebackTmp:          0 kB
CommitLimit:     2152132 kB
Committed_AS:   119102580 kB
VmallocTotal:   251658176 kB
VmallocUsed:      137196 kB
VmallocChunk:   251434540 kB
Time pass: 334 sec

---2015-12-09 10:41:11
MemTotal:        2873608 kB
MemFree:          124448 kB
Buffers:           15688 kB
Cached:           891204 kB
SwapCached:           60 kB
Active:          1315904 kB
Inactive:         626728 kB
Active(anon):     841404 kB
Inactive(anon):   208652 kB
Active(file):     474500 kB
Inactive(file):   418076 kB
Unevictable:       13568 kB
Mlocked:               0 kB
SwapTotal:        715328 kB
SwapFree:         702004 kB
Dirty:                 0 kB
Writeback:            56 kB
AnonPages:       1049392 kB
Mapped:           613444 kB
Shmem:               748 kB
Slab:              98604 kB
SReclaimable:      31664 kB
SUnreclaim:        66940 kB
KernelStack:       38784 kB
PageTables:        49480 kB
NFS_Unstable:          0 kB
Bounce:                0 kB
WritebackTmp:          0 kB
CommitLimit:     2152132 kB
Committed_AS:   119102548 kB
VmallocTotal:   251658176 kB
VmallocUsed:      137196 kB
VmallocChunk:   251434540 kB
Time pass: 337 sec

---2015-12-09 10:41:11
MemTotal:        2873608 kB
MemFree:          123676 kB
Buffers:           15704 kB
Cached:           891264 kB
SwapCached:           60 kB
Active:          1316100 kB
Inactive:         626776 kB
Active(anon):     841600 kB
Inactive(anon):   208652 kB
Active(file):     474500 kB
Inactive(file):   418124 kB
Unevictable:       13568 kB
Mlocked:               0 kB
SwapTotal:        715328 kB
SwapFree:         702004 kB
Dirty:                40 kB
Writeback:             0 kB
AnonPages:       1049484 kB
Mapped:           613580 kB
Shmem:               748 kB
Slab:              98604 kB
SReclaimable:      31664 kB
SUnreclaim:        66940 kB
KernelStack:       38784 kB
PageTables:        49508 kB
NFS_Unstable:          0 kB
Bounce:                0 kB
WritebackTmp:          0 kB
CommitLimit:     2152132 kB
Committed_AS:   119102540 kB
VmallocTotal:   251658176 kB
VmallocUsed:      137196 kB
VmallocChunk:   251434540 kB
Time pass: 341 sec

---2015-12-09 10:41:11
MemTotal:        2873608 kB
MemFree:          123132 kB
Buffers:           15712 kB
Cached:           891264 kB
SwapCached:           60 kB
Active:          1316236 kB
Inactive:         626812 kB
Active(anon):     841736 kB
Inactive(anon):   208652 kB
Active(file):     474500 kB
Inactive(file):   418160 kB
Unevictable:       13568 kB
Mlocked:               0 kB
SwapTotal:        715328 kB
SwapFree:         702004 kB
Dirty:                32 kB
Writeback:             0 kB
AnonPages:       1049628 kB
Mapped:           613648 kB
Shmem:               748 kB
Slab:              98608 kB
SReclaimable:      31664 kB
SUnreclaim:        66944 kB
KernelStack:       38768 kB
PageTables:        49516 kB
NFS_Unstable:          0 kB
Bounce:                0 kB
WritebackTmp:          0 kB
CommitLimit:     2152132 kB
Committed_AS:   119102516 kB
VmallocTotal:   251658176 kB
VmallocUsed:      137196 kB
VmallocChunk:   251434540 kB
Time pass: 345 sec

---2015-12-09 10:41:11
MemTotal:        2873608 kB
MemFree:          123108 kB
Buffers:           15712 kB
Cached:           891264 kB
SwapCached:           60 kB
Active:          1316528 kB
Inactive:         626812 kB
Active(anon):     842028 kB
Inactive(anon):   208652 kB
Active(file):     474500 kB
Inactive(file):   418160 kB
Unevictable:       13568 kB
Mlocked:               0 kB
SwapTotal:        715328 kB
SwapFree:         702004 kB
Dirty:                32 kB
Writeback:             0 kB
AnonPages:       1049764 kB
Mapped:           613652 kB
Shmem:               748 kB
Slab:              98608 kB
SReclaimable:      31664 kB
SUnreclaim:        66944 kB
KernelStack:       38768 kB
PageTables:        49512 kB
NFS_Unstable:          0 kB
Bounce:                0 kB
WritebackTmp:          0 kB
CommitLimit:     2152132 kB
Committed_AS:   119102508 kB
VmallocTotal:   251658176 kB
VmallocUsed:      137196 kB
VmallocChunk:   251434540 kB
Time pass: 349 sec

---2015-12-09 10:41:11
MemTotal:        2873608 kB
MemFree:          123032 kB
Buffers:           15728 kB
Cached:           891264 kB
SwapCached:           60 kB
Active:          1316804 kB
Inactive:         626828 kB
Active(anon):     842304 kB
Inactive(anon):   208652 kB
Active(file):     474500 kB
Inactive(file):   418176 kB
Unevictable:       13568 kB
Mlocked:               0 kB
SwapTotal:        715328 kB
SwapFree:         702004 kB
Dirty:                44 kB
Writeback:             0 kB
AnonPages:       1050048 kB
Mapped:           613656 kB
Shmem:               748 kB
Slab:              98604 kB
SReclaimable:      31664 kB
SUnreclaim:        66940 kB
KernelStack:       38768 kB
PageTables:        49512 kB
NFS_Unstable:          0 kB
Bounce:                0 kB
WritebackTmp:          0 kB
CommitLimit:     2152132 kB
Committed_AS:   119102504 kB
VmallocTotal:   251658176 kB
VmallocUsed:      137196 kB
VmallocChunk:   251434540 kB
Time pass: 353 sec

---2015-12-09 10:41:11
MemTotal:        2873608 kB
MemFree:          121812 kB
Buffers:           15804 kB
Cached:           891260 kB
SwapCached:           60 kB
Active:          1317664 kB
Inactive:         626896 kB
Active(anon):     843164 kB
Inactive(anon):   208652 kB
Active(file):     474500 kB
Inactive(file):   418244 kB
Unevictable:       13568 kB
Mlocked:               0 kB
SwapTotal:        715328 kB
SwapFree:         702004 kB
Dirty:                44 kB
Writeback:             0 kB
AnonPages:       1050924 kB
Mapped:           613588 kB
Shmem:               748 kB
Slab:              98636 kB
SReclaimable:      31664 kB
SUnreclaim:        66972 kB
KernelStack:       38768 kB
PageTables:        49480 kB
NFS_Unstable:          0 kB
Bounce:                0 kB
WritebackTmp:          0 kB
CommitLimit:     2152132 kB
Committed_AS:   119102924 kB
VmallocTotal:   251658176 kB
VmallocUsed:      137196 kB
VmallocChunk:   251434540 kB
Time pass: 356 sec

---2015-12-09 10:41:11
MemTotal:        2873608 kB
MemFree:          120968 kB
Buffers:           15804 kB
Cached:           891492 kB
SwapCached:           60 kB
Active:          1318428 kB
Inactive:         627120 kB
Active(anon):     843920 kB
Inactive(anon):   208648 kB
Active(file):     474508 kB
Inactive(file):   418472 kB
Unevictable:       13568 kB
Mlocked:               0 kB
SwapTotal:        715328 kB
SwapFree:         702004 kB
Dirty:                72 kB
Writeback:             0 kB
AnonPages:       1051672 kB
Mapped:           613644 kB
Shmem:               748 kB
Slab:              98612 kB
SReclaimable:      31648 kB
SUnreclaim:        66964 kB
KernelStack:       38784 kB
PageTables:        49480 kB
NFS_Unstable:          0 kB
Bounce:                0 kB
WritebackTmp:          0 kB
CommitLimit:     2152132 kB
Committed_AS:   119102828 kB
VmallocTotal:   251658176 kB
VmallocUsed:      137196 kB
VmallocChunk:   251434540 kB
Time pass: 360 sec

---2015-12-09 10:41:11
MemTotal:        2873608 kB
MemFree:          120968 kB
Buffers:           15836 kB
Cached:           891492 kB
SwapCached:           60 kB
Active:          1318524 kB
Inactive:         627152 kB
Active(anon):     844016 kB
Inactive(anon):   208648 kB
Active(file):     474508 kB
Inactive(file):   418504 kB
Unevictable:       13568 kB
Mlocked:               0 kB
SwapTotal:        715328 kB
SwapFree:         702004 kB
Dirty:                80 kB
Writeback:             0 kB
AnonPages:       1051692 kB
Mapped:           613732 kB
Shmem:               748 kB
Slab:              98608 kB
SReclaimable:      31648 kB
SUnreclaim:        66960 kB
KernelStack:       38784 kB
PageTables:        49508 kB
NFS_Unstable:          0 kB
Bounce:                0 kB
WritebackTmp:          0 kB
CommitLimit:     2152132 kB
Committed_AS:   119102924 kB
VmallocTotal:   251658176 kB
VmallocUsed:      137196 kB
VmallocChunk:   251434540 kB
Time pass: 364 sec

---2015-12-09 10:41:11
MemTotal:        2873608 kB
MemFree:          120668 kB
Buffers:           15836 kB
Cached:           891492 kB
SwapCached:           60 kB
Active:          1318436 kB
Inactive:         627152 kB
Active(anon):     843928 kB
Inactive(anon):   208648 kB
Active(file):     474508 kB
Inactive(file):   418504 kB
Unevictable:       13568 kB
Mlocked:               0 kB
SwapTotal:        715328 kB
SwapFree:         702004 kB
Dirty:                80 kB
Writeback:             0 kB
AnonPages:       1051844 kB
Mapped:           613692 kB
Shmem:               748 kB
Slab:              98596 kB
SReclaimable:      31648 kB
SUnreclaim:        66948 kB
KernelStack:       38768 kB
PageTables:        49520 kB
NFS_Unstable:          0 kB
Bounce:                0 kB
WritebackTmp:          0 kB
CommitLimit:     2152132 kB
Committed_AS:   119102932 kB
VmallocTotal:   251658176 kB
VmallocUsed:      137196 kB
VmallocChunk:   251434540 kB
Time pass: 368 sec

---2015-12-09 10:41:11
MemTotal:        2873608 kB
MemFree:          120396 kB
Buffers:           15844 kB
Cached:           891492 kB
SwapCached:           60 kB
Active:          1318976 kB
Inactive:         627160 kB
Active(anon):     844468 kB
Inactive(anon):   208648 kB
Active(file):     474508 kB
Inactive(file):   418512 kB
Unevictable:       13568 kB
Mlocked:               0 kB
SwapTotal:        715328 kB
SwapFree:         702004 kB
Dirty:                32 kB
Writeback:             0 kB
AnonPages:       1051972 kB
Mapped:           613648 kB
Shmem:               748 kB
Slab:              98596 kB
SReclaimable:      31648 kB
SUnreclaim:        66948 kB
KernelStack:       38784 kB
PageTables:        49480 kB
NFS_Unstable:          0 kB
Bounce:                0 kB
WritebackTmp:          0 kB
CommitLimit:     2152132 kB
Committed_AS:   119102932 kB
VmallocTotal:   251658176 kB
VmallocUsed:      137196 kB
VmallocChunk:   251434540 kB
Time pass: 372 sec

---2015-12-09 10:41:11
MemTotal:        2873608 kB
MemFree:          120112 kB
Buffers:           15860 kB
Cached:           891496 kB
SwapCached:           60 kB
Active:          1319140 kB
Inactive:         627180 kB
Active(anon):     844632 kB
Inactive(anon):   208652 kB
Active(file):     474508 kB
Inactive(file):   418528 kB
Unevictable:       13568 kB
Mlocked:               0 kB
SwapTotal:        715328 kB
SwapFree:         702004 kB
Dirty:                40 kB
Writeback:             0 kB
AnonPages:       1052516 kB
Mapped:           613744 kB
Shmem:               752 kB
Slab:              98592 kB
SReclaimable:      31648 kB
SUnreclaim:        66944 kB
KernelStack:       38784 kB
PageTables:        49512 kB
NFS_Unstable:          0 kB
Bounce:                0 kB
WritebackTmp:          0 kB
CommitLimit:     2152132 kB
Committed_AS:   119102916 kB
VmallocTotal:   251658176 kB
VmallocUsed:      137196 kB
VmallocChunk:   251434540 kB
Time pass: 375 sec

---2015-12-09 10:41:11
MemTotal:        2873608 kB
MemFree:          120120 kB
Buffers:           15860 kB
Cached:           891496 kB
SwapCached:           60 kB
Active:          1318580 kB
Inactive:         627180 kB
Active(anon):     844072 kB
Inactive(anon):   208652 kB
Active(file):     474508 kB
Inactive(file):   418528 kB
Unevictable:       13568 kB
Mlocked:               0 kB
SwapTotal:        715328 kB
SwapFree:         702004 kB
Dirty:                40 kB
Writeback:             0 kB
AnonPages:       1052100 kB
Mapped:           613756 kB
Shmem:               752 kB
Slab:              98592 kB
SReclaimable:      31648 kB
SUnreclaim:        66944 kB
KernelStack:       38784 kB
PageTables:        49540 kB
NFS_Unstable:          0 kB
Bounce:                0 kB
WritebackTmp:          0 kB
CommitLimit:     2152132 kB
Committed_AS:   119102940 kB
VmallocTotal:   251658176 kB
VmallocUsed:      137196 kB
VmallocChunk:   251434540 kB
Time pass: 379 sec

---2015-12-09 10:41:11
MemTotal:        2873608 kB
MemFree:          120248 kB
Buffers:           15868 kB
Cached:           891496 kB
SwapCached:           60 kB
Active:          1319396 kB
Inactive:         627188 kB
Active(anon):     844888 kB
Inactive(anon):   208652 kB
Active(file):     474508 kB
Inactive(file):   418536 kB
Unevictable:       13568 kB
Mlocked:               0 kB
SwapTotal:        715328 kB
SwapFree:         702004 kB
Dirty:                32 kB
Writeback:             0 kB
AnonPages:       1052924 kB
Mapped:           613716 kB
Shmem:               752 kB
Slab:              98612 kB
SReclaimable:      31648 kB
SUnreclaim:        66964 kB
KernelStack:       38800 kB
PageTables:        49508 kB
NFS_Unstable:          0 kB
Bounce:                0 kB
WritebackTmp:          0 kB
CommitLimit:     2152132 kB
Committed_AS:   119102924 kB
VmallocTotal:   251658176 kB
VmallocUsed:      137196 kB
VmallocChunk:   251434540 kB
Time pass: 383 sec

---2015-12-09 10:41:11
MemTotal:        2873608 kB
MemFree:          119544 kB
Buffers:           15884 kB
Cached:           891480 kB
SwapCached:           60 kB
Active:          1319688 kB
Inactive:         627188 kB
Active(anon):     845180 kB
Inactive(anon):   208652 kB
Active(file):     474508 kB
Inactive(file):   418536 kB
Unevictable:       13568 kB
Mlocked:               0 kB
SwapTotal:        715328 kB
SwapFree:         702004 kB
Dirty:                 0 kB
Writeback:             0 kB
AnonPages:       1053276 kB
Mapped:           613720 kB
Shmem:               752 kB
Slab:              98604 kB
SReclaimable:      31648 kB
SUnreclaim:        66956 kB
KernelStack:       38784 kB
PageTables:        49516 kB
NFS_Unstable:          0 kB
Bounce:                0 kB
WritebackTmp:          0 kB
CommitLimit:     2152132 kB
Committed_AS:   119102932 kB
VmallocTotal:   251658176 kB
VmallocUsed:      137196 kB
VmallocChunk:   251434540 kB
Time pass: 387 sec

---2015-12-09 10:41:11
MemTotal:        2873608 kB
MemFree:          118464 kB
Buffers:           15884 kB
Cached:           891496 kB
SwapCached:           60 kB
Active:          1319072 kB
Inactive:         627204 kB
Active(anon):     844564 kB
Inactive(anon):   208652 kB
Active(file):     474508 kB
Inactive(file):   418552 kB
Unevictable:       13568 kB
Mlocked:               0 kB
SwapTotal:        715328 kB
SwapFree:         702004 kB
Dirty:                44 kB
Writeback:             0 kB
AnonPages:       1052504 kB
Mapped:           613692 kB
Shmem:               752 kB
Slab:              98592 kB
SReclaimable:      31648 kB
SUnreclaim:        66944 kB
KernelStack:       38784 kB
PageTables:        49480 kB
NFS_Unstable:          0 kB
Bounce:                0 kB
WritebackTmp:          0 kB
CommitLimit:     2152132 kB
Committed_AS:   119102884 kB
VmallocTotal:   251658176 kB
VmallocUsed:      137208 kB
VmallocChunk:   251434540 kB
Time pass: 390 sec

---2015-12-09 10:41:11
MemTotal:        2873608 kB
MemFree:          118892 kB
Buffers:           15892 kB
