---2015-12-16 15:34:01
MemTotal:        2873608 kB
MemFree:           85740 kB
Buffers:           22684 kB
Cached:          1284588 kB
SwapCached:            0 kB
Active:          1339988 kB
Inactive:         911860 kB
Active(anon):     758396 kB
Inactive(anon):   196028 kB
Active(file):     581592 kB
Inactive(file):   715832 kB
Unevictable:        8104 kB
Mlocked:               0 kB
SwapTotal:        715328 kB
SwapFree:         715328 kB
Dirty:               264 kB
Writeback:             0 kB
AnonPages:        952832 kB
Mapped:           482072 kB
Shmem:              1728 kB
Slab:              96316 kB
SReclaimable:      31312 kB
SUnreclaim:        65004 kB
KernelStack:       35888 kB
PageTables:        48564 kB
NFS_Unstable:          0 kB
Bounce:                0 kB
WritebackTmp:          0 kB
CommitLimit:     2152132 kB
Committed_AS:   120177952 kB
VmallocTotal:   251658176 kB
VmallocUsed:      134100 kB
VmallocChunk:   251429420 kB
Time pass: 3 sec

---2015-12-16 15:34:01
MemTotal:        2873608 kB
MemFree:           97616 kB
Buffers:           22756 kB
Cached:          1287776 kB
SwapCached:            0 kB
Active:          1337356 kB
Inactive:         904676 kB
Active(anon):     745312 kB
Inactive(anon):   196000 kB
Active(file):     592044 kB
Inactive(file):   708676 kB
Unevictable:        8104 kB
Mlocked:               0 kB
SwapTotal:        715328 kB
SwapFree:         715328 kB
Dirty:              1176 kB
Writeback:             0 kB
AnonPages:        939844 kB
Mapped:           486012 kB
Shmem:              1708 kB
Slab:              96204 kB
SReclaimable:      31216 kB
SUnreclaim:        64988 kB
KernelStack:       36368 kB
PageTables:        48592 kB
NFS_Unstable:          0 kB
Bounce:                0 kB
WritebackTmp:          0 kB
CommitLimit:     2152132 kB
Committed_AS:   118433220 kB
VmallocTotal:   251658176 kB
VmallocUsed:      133056 kB
VmallocChunk:   251418156 kB
Time pass: 7 sec

---2015-12-16 15:34:01
MemTotal:        2873608 kB
MemFree:           63384 kB
Buffers:           22844 kB
Cached:          1289444 kB
SwapCached:            0 kB
Active:          1364320 kB
Inactive:         905484 kB
Active(anon):     771376 kB
Inactive(anon):   195968 kB
Active(file):     592944 kB
Inactive(file):   709516 kB
Unevictable:        8104 kB
Mlocked:               0 kB
SwapTotal:        715328 kB
SwapFree:         715328 kB
Dirty:              1012 kB
Writeback:             0 kB
AnonPages:        965532 kB
Mapped:           504356 kB
Shmem:              1704 kB
Slab:              96500 kB
SReclaimable:      31232 kB
SUnreclaim:        65268 kB
KernelStack:       37536 kB
PageTables:        48724 kB
NFS_Unstable:          0 kB
Bounce:                0 kB
WritebackTmp:          0 kB
CommitLimit:     2152132 kB
Committed_AS:   117518656 kB
VmallocTotal:   251658176 kB
VmallocUsed:      134236 kB
VmallocChunk:   251418156 kB
Time pass: 11 sec

---2015-12-16 15:34:01
MemTotal:        2873608 kB
MemFree:           83504 kB
Buffers:           24404 kB
Cached:          1276340 kB
SwapCached:            0 kB
Active:          1388988 kB
Inactive:         861892 kB
Active(anon):     763980 kB
Inactive(anon):   196172 kB
Active(file):     625008 kB
Inactive(file):   665720 kB
Unevictable:        8104 kB
Mlocked:               0 kB
SwapTotal:        715328 kB
SwapFree:         715328 kB
Dirty:              6472 kB
Writeback:             0 kB
AnonPages:        958440 kB
Mapped:           497424 kB
Shmem:              1912 kB
Slab:              96376 kB
SReclaimable:      31360 kB
SUnreclaim:        65016 kB
KernelStack:       36976 kB
PageTables:        48620 kB
NFS_Unstable:          0 kB
Bounce:                0 kB
WritebackTmp:          0 kB
CommitLimit:     2152132 kB
Committed_AS:   118057716 kB
VmallocTotal:   251658176 kB
VmallocUsed:      134236 kB
VmallocChunk:   251418156 kB
Time pass: 15 sec

---2015-12-16 15:34:01
MemTotal:        2873608 kB
MemFree:          107644 kB
Buffers:           24516 kB
Cached:          1276508 kB
SwapCached:            0 kB
Active:          1382304 kB
Inactive:         844196 kB
Active(anon):     739400 kB
Inactive(anon):   196100 kB
Active(file):     642904 kB
Inactive(file):   648096 kB
Unevictable:        8104 kB
Mlocked:               0 kB
SwapTotal:        715328 kB
SwapFree:         715328 kB
Dirty:               780 kB
Writeback:             0 kB
AnonPages:        933948 kB
Mapped:           488324 kB
Shmem:              1848 kB
Slab:              96544 kB
SReclaimable:      31248 kB
SUnreclaim:        65296 kB
KernelStack:       37056 kB
PageTables:        48984 kB
NFS_Unstable:          0 kB
Bounce:                0 kB
WritebackTmp:          0 kB
CommitLimit:     2152132 kB
Committed_AS:   119799012 kB
VmallocTotal:   251658176 kB
VmallocUsed:      135256 kB
VmallocChunk:   251429420 kB
Time pass: 18 sec

---2015-12-16 15:34:01
MemTotal:        2873608 kB
MemFree:           78980 kB
Buffers:           24720 kB
Cached:          1183784 kB
SwapCached:            0 kB
Active:          1398100 kB
Inactive:         797484 kB
Active(anon):     801592 kB
Inactive(anon):   200912 kB
Active(file):     596508 kB
Inactive(file):   596572 kB
Unevictable:       13568 kB
Mlocked:               0 kB
SwapTotal:        715328 kB
SwapFree:         714724 kB
Dirty:              8288 kB
Writeback:             0 kB
AnonPages:       1001020 kB
Mapped:           483468 kB
Shmem:              1460 kB
Slab:              98216 kB
SReclaimable:      31396 kB
SUnreclaim:        66820 kB
KernelStack:       39328 kB
PageTables:        50600 kB
NFS_Unstable:          0 kB
Bounce:                0 kB
WritebackTmp:          0 kB
CommitLimit:     2152132 kB
Committed_AS:   122351492 kB
VmallocTotal:   251658176 kB
VmallocUsed:      136800 kB
VmallocChunk:   251429420 kB
Time pass: 22 sec

---2015-12-16 15:34:01
MemTotal:        2873608 kB
MemFree:           79144 kB
Buffers:           24624 kB
Cached:          1137884 kB
SwapCached:            0 kB
Active:          1334448 kB
Inactive:         777516 kB
Active(anon):     759496 kB
Inactive(anon):   204752 kB
Active(file):     574952 kB
Inactive(file):   572764 kB
Unevictable:       13568 kB
Mlocked:               0 kB
SwapTotal:        715328 kB
SwapFree:         714492 kB
Dirty:              2348 kB
Writeback:             0 kB
AnonPages:        963512 kB
Mapped:           536024 kB
Shmem:              1224 kB
Slab:              98016 kB
SReclaimable:      31168 kB
SUnreclaim:        66848 kB
KernelStack:       37888 kB
PageTables:        50052 kB
NFS_Unstable:          0 kB
Bounce:                0 kB
WritebackTmp:          0 kB
CommitLimit:     2152132 kB
Committed_AS:   120421568 kB
VmallocTotal:   251658176 kB
VmallocUsed:      135296 kB
VmallocChunk:   251429420 kB
Time pass: 26 sec

---2015-12-16 15:34:01
MemTotal:        2873608 kB
MemFree:           70096 kB
Buffers:           24364 kB
Cached:          1100600 kB
SwapCached:            0 kB
Active:          1361760 kB
Inactive:         758160 kB
Active(anon):     805464 kB
Inactive(anon):   204224 kB
Active(file):     556296 kB
Inactive(file):   553936 kB
Unevictable:       13568 kB
Mlocked:               0 kB
SwapTotal:        715328 kB
SwapFree:         714176 kB
Dirty:               292 kB
Writeback:             0 kB
AnonPages:       1008848 kB
Mapped:           547836 kB
Shmem:              1236 kB
Slab:              98144 kB
SReclaimable:      31536 kB
SUnreclaim:        66608 kB
KernelStack:       38720 kB
PageTables:        50464 kB
NFS_Unstable:          0 kB
Bounce:                0 kB
WritebackTmp:          0 kB
CommitLimit:     2152132 kB
Committed_AS:   121107640 kB
VmallocTotal:   251658176 kB
VmallocUsed:      137496 kB
VmallocChunk:   251429420 kB
Time pass: 30 sec

---2015-12-16 15:34:01
MemTotal:        2873608 kB
MemFree:          100632 kB
Buffers:           23896 kB
Cached:          1111392 kB
SwapCached:            0 kB
Active:          1323296 kB
Inactive:         767848 kB
Active(anon):     767176 kB
Inactive(anon):   203788 kB
Active(file):     556120 kB
Inactive(file):   564060 kB
Unevictable:       13568 kB
Mlocked:               0 kB
SwapTotal:        715328 kB
SwapFree:         713924 kB
Dirty:               140 kB
Writeback:             0 kB
AnonPages:        969788 kB
Mapped:           563168 kB
Shmem:              1232 kB
Slab:              98188 kB
SReclaimable:      31712 kB
SUnreclaim:        66476 kB
KernelStack:       38736 kB
PageTables:        50512 kB
NFS_Unstable:          0 kB
Bounce:                0 kB
WritebackTmp:          0 kB
CommitLimit:     2152132 kB
Committed_AS:   120066724 kB
VmallocTotal:   251658176 kB
VmallocUsed:      136476 kB
VmallocChunk:   251429420 kB
Time pass: 33 sec

---2015-12-16 15:34:01
MemTotal:        2873608 kB
MemFree:           80080 kB
Buffers:           24244 kB
Cached:          1111112 kB
SwapCached:            0 kB
Active:          1351548 kB
Inactive:         761980 kB
Active(anon):     788972 kB
Inactive(anon):   203844 kB
Active(file):     562576 kB
Inactive(file):   558136 kB
Unevictable:       13568 kB
Mlocked:               0 kB
SwapTotal:        715328 kB
SwapFree:         713924 kB
Dirty:               364 kB
Writeback:             0 kB
AnonPages:        991776 kB
Mapped:           559184 kB
Shmem:              1308 kB
Slab:              98724 kB
SReclaimable:      31544 kB
SUnreclaim:        67180 kB
KernelStack:       38944 kB
PageTables:        51712 kB
NFS_Unstable:          0 kB
Bounce:                0 kB
WritebackTmp:          0 kB
CommitLimit:     2152132 kB
Committed_AS:   123085944 kB
VmallocTotal:   251658176 kB
VmallocUsed:      139400 kB
VmallocChunk:   251429420 kB
Time pass: 37 sec

---2015-12-16 15:34:01
MemTotal:        2873608 kB
MemFree:           77848 kB
Buffers:           19128 kB
Cached:          1122856 kB
SwapCached:            0 kB
Active:          1373624 kB
Inactive:         745156 kB
Active(anon):     787864 kB
Inactive(anon):   203580 kB
Active(file):     585760 kB
Inactive(file):   541576 kB
Unevictable:       13568 kB
Mlocked:               0 kB
SwapTotal:        715328 kB
SwapFree:         713840 kB
Dirty:               296 kB
Writeback:             8 kB
AnonPages:        990124 kB
Mapped:           534140 kB
Shmem:              1064 kB
Slab:              98632 kB
SReclaimable:      31416 kB
SUnreclaim:        67216 kB
KernelStack:       38288 kB
PageTables:        51484 kB
NFS_Unstable:          0 kB
Bounce:                0 kB
WritebackTmp:          0 kB
CommitLimit:     2152132 kB
Committed_AS:   125054448 kB
VmallocTotal:   251658176 kB
VmallocUsed:      137360 kB
VmallocChunk:   251429420 kB
Time pass: 41 sec

---2015-12-16 15:34:01
MemTotal:        2873608 kB
MemFree:           88456 kB
Buffers:           19104 kB
Cached:          1120308 kB
SwapCached:            0 kB
Active:          1354648 kB
Inactive:         755728 kB
Active(anon):     783400 kB
Inactive(anon):   202172 kB
Active(file):     571248 kB
Inactive(file):   553556 kB
Unevictable:       13568 kB
Mlocked:               0 kB
SwapTotal:        715328 kB
SwapFree:         712952 kB
Dirty:               316 kB
Writeback:             4 kB
AnonPages:        984536 kB
Mapped:           526504 kB
Shmem:              1036 kB
Slab:              98284 kB
SReclaimable:      31496 kB
SUnreclaim:        66788 kB
KernelStack:       37792 kB
PageTables:        50484 kB
NFS_Unstable:          0 kB
Bounce:                0 kB
WritebackTmp:          0 kB
CommitLimit:     2152132 kB
Committed_AS:   121481316 kB
VmallocTotal:   251658176 kB
VmallocUsed:      135288 kB
VmallocChunk:   251429420 kB
Time pass: 45 sec

---2015-12-16 15:34:01
MemTotal:        2873608 kB
MemFree:           57892 kB
Buffers:           18676 kB
Cached:          1089620 kB
SwapCached:            0 kB
Active:          1377560 kB
Inactive:         753312 kB
Active(anon):     830176 kB
Inactive(anon):   207280 kB
Active(file):     547384 kB
Inactive(file):   546032 kB
Unevictable:       13568 kB
Mlocked:               0 kB
SwapTotal:        715328 kB
SwapFree:         711560 kB
Dirty:               852 kB
Writeback:             0 kB
AnonPages:       1036704 kB
Mapped:           566276 kB
Shmem:              1044 kB
Slab:              98780 kB
SReclaimable:      31564 kB
SUnreclaim:        67216 kB
KernelStack:       39472 kB
PageTables:        52256 kB
NFS_Unstable:          0 kB
Bounce:                0 kB
WritebackTmp:          0 kB
CommitLimit:     2152132 kB
Committed_AS:   125751912 kB
VmallocTotal:   251658176 kB
VmallocUsed:      138424 kB
VmallocChunk:   251429420 kB
Time pass: 48 sec

---2015-12-16 15:34:01
MemTotal:        2873608 kB
MemFree:           79812 kB
Buffers:           18524 kB
Cached:          1071488 kB
SwapCached:            0 kB
Active:          1344576 kB
Inactive:         748376 kB
Active(anon):     809720 kB
Inactive(anon):   207840 kB
Active(file):     534856 kB
Inactive(file):   540536 kB
Unevictable:       13568 kB
Mlocked:               0 kB
SwapTotal:        715328 kB
SwapFree:         711140 kB
Dirty:              1544 kB
Writeback:             0 kB
AnonPages:       1016540 kB
Mapped:           564664 kB
Shmem:              1052 kB
Slab:              99092 kB
SReclaimable:      31788 kB
SUnreclaim:        67304 kB
KernelStack:       39584 kB
PageTables:        52124 kB
NFS_Unstable:          0 kB
Bounce:                0 kB
WritebackTmp:          0 kB
CommitLimit:     2152132 kB
Committed_AS:   124524904 kB
VmallocTotal:   251658176 kB
VmallocUsed:      137592 kB
VmallocChunk:   251429420 kB
Time pass: 52 sec

---2015-12-16 15:34:01
MemTotal:        2873608 kB
MemFree:           80084 kB
Buffers:           17600 kB
Cached:          1033752 kB
SwapCached:            0 kB
Active:          1327444 kB
Inactive:         725236 kB
Active(anon):     808352 kB
Inactive(anon):   207596 kB
Active(file):     519092 kB
Inactive(file):   517640 kB
Unevictable:       13568 kB
Mlocked:               0 kB
SwapTotal:        715328 kB
SwapFree:         710940 kB
Dirty:               428 kB
Writeback:             0 kB
AnonPages:       1014920 kB
Mapped:           568140 kB
Shmem:              1052 kB
Slab:              98880 kB
SReclaimable:      31644 kB
SUnreclaim:        67236 kB
KernelStack:       39136 kB
PageTables:        51048 kB
NFS_Unstable:          0 kB
Bounce:                0 kB
WritebackTmp:          0 kB
CommitLimit:     2152132 kB
Committed_AS:   121521284 kB
VmallocTotal:   251658176 kB
VmallocUsed:      135544 kB
VmallocChunk:   251429420 kB
Time pass: 56 sec

---2015-12-16 15:34:01
MemTotal:        2873608 kB
MemFree:           76308 kB
Buffers:           17644 kB
Cached:          1033944 kB
SwapCached:            0 kB
Active:          1337220 kB
Inactive:         724700 kB
Active(anon):     817780 kB
Inactive(anon):   207172 kB
Active(file):     519440 kB
Inactive(file):   517528 kB
Unevictable:       13568 kB
Mlocked:               0 kB
SwapTotal:        715328 kB
SwapFree:         710940 kB
Dirty:               264 kB
Writeback:             0 kB
AnonPages:       1023968 kB
Mapped:           564316 kB
Shmem:              1052 kB
Slab:              98772 kB
SReclaimable:      31644 kB
SUnreclaim:        67128 kB
KernelStack:       39376 kB
PageTables:        51108 kB
NFS_Unstable:          0 kB
Bounce:                0 kB
WritebackTmp:          0 kB
CommitLimit:     2152132 kB
Committed_AS:   121521828 kB
VmallocTotal:   251658176 kB
VmallocUsed:      135496 kB
VmallocChunk:   251429420 kB
Time pass: 60 sec

---2015-12-16 15:34:01
MemTotal:        2873608 kB
MemFree:           80292 kB
Buffers:           17652 kB
Cached:          1034320 kB
SwapCached:            0 kB
Active:          1332652 kB
Inactive:         724980 kB
Active(anon):     813112 kB
Inactive(anon):   207172 kB
Active(file):     519540 kB
Inactive(file):   517808 kB
Unevictable:       13568 kB
Mlocked:               0 kB
SwapTotal:        715328 kB
SwapFree:         710940 kB
Dirty:                60 kB
Writeback:             0 kB
AnonPages:       1019328 kB
Mapped:           564820 kB
Shmem:              1052 kB
Slab:              98964 kB
SReclaimable:      31644 kB
SUnreclaim:        67320 kB
KernelStack:       39440 kB
PageTables:        51148 kB
NFS_Unstable:          0 kB
Bounce:                0 kB
WritebackTmp:          0 kB
CommitLimit:     2152132 kB
Committed_AS:   121521708 kB
VmallocTotal:   251658176 kB
VmallocUsed:      135496 kB
VmallocChunk:   251429420 kB
Time pass: 63 sec

---2015-12-16 15:34:01
MemTotal:        2873608 kB
MemFree:           69936 kB
Buffers:           16188 kB
Cached:           997836 kB
SwapCached:            0 kB
Active:          1332336 kB
Inactive:         709960 kB
Active(anon):     832220 kB
Inactive(anon):   210308 kB
Active(file):     500116 kB
Inactive(file):   499652 kB
Unevictable:       13568 kB
Mlocked:               0 kB
SwapTotal:        715328 kB
SwapFree:         709800 kB
Dirty:              7656 kB
Writeback:             0 kB
AnonPages:       1042008 kB
Mapped:           606200 kB
Shmem:               688 kB
Slab:              96068 kB
SReclaimable:      28852 kB
SUnreclaim:        67216 kB
KernelStack:       39504 kB
PageTables:        51260 kB
NFS_Unstable:          0 kB
Bounce:                0 kB
WritebackTmp:          0 kB
CommitLimit:     2152132 kB
Committed_AS:   121550744 kB
VmallocTotal:   251658176 kB
VmallocUsed:      135776 kB
VmallocChunk:   251429420 kB
Time pass: 67 sec

---2015-12-16 15:34:01
MemTotal:        2873608 kB
MemFree:           66356 kB
Buffers:           16188 kB
Cached:           997856 kB
SwapCached:            0 kB
Active:          1332280 kB
Inactive:         709960 kB
Active(anon):     832164 kB
Inactive(anon):   210308 kB
Active(file):     500116 kB
Inactive(file):   499652 kB
Unevictable:       13568 kB
Mlocked:               0 kB
SwapTotal:        715328 kB
SwapFree:         709800 kB
Dirty:              6928 kB
Writeback:             0 kB
AnonPages:       1041904 kB
Mapped:           606800 kB
Shmem:               688 kB
Slab:              98904 kB
SReclaimable:      31700 kB
SUnreclaim:        67204 kB
KernelStack:       39536 kB
PageTables:        51296 kB
NFS_Unstable:          0 kB
Bounce:                0 kB
WritebackTmp:          0 kB
CommitLimit:     2152132 kB
Committed_AS:   121550852 kB
VmallocTotal:   251658176 kB
VmallocUsed:      135776 kB
VmallocChunk:   251429420 kB
Time pass: 71 sec

---2015-12-16 15:34:01
MemTotal:        2873608 kB
MemFree:           76484 kB
Buffers:           16152 kB
Cached:           982836 kB
SwapCached:            0 kB
Active:          1321144 kB
Inactive:         701044 kB
Active(anon):     827492 kB
Inactive(anon):   209640 kB
Active(file):     493652 kB
Inactive(file):   491404 kB
Unevictable:       13568 kB
Mlocked:               0 kB
SwapTotal:        715328 kB
SwapFree:         709212 kB
Dirty:               164 kB
Writeback:             0 kB
AnonPages:       1036744 kB
Mapped:           613924 kB
Shmem:               344 kB
Slab:              99136 kB
SReclaimable:      31796 kB
SUnreclaim:        67340 kB
KernelStack:       39536 kB
PageTables:        51320 kB
NFS_Unstable:          0 kB
Bounce:                0 kB
WritebackTmp:          0 kB
CommitLimit:     2152132 kB
Committed_AS:   121550900 kB
VmallocTotal:   251658176 kB
VmallocUsed:      135860 kB
VmallocChunk:   251429420 kB
Time pass: 75 sec

---2015-12-16 15:34:01
MemTotal:        2873608 kB
MemFree:           76676 kB
Buffers:           16180 kB
Cached:           982836 kB
SwapCached:            0 kB
Active:          1321484 kB
Inactive:         701076 kB
Active(anon):     827832 kB
Inactive(anon):   209640 kB
Active(file):     493652 kB
Inactive(file):   491436 kB
Unevictable:       13568 kB
Mlocked:               0 kB
SwapTotal:        715328 kB
SwapFree:         709212 kB
Dirty:                20 kB
Writeback:             0 kB
AnonPages:       1037080 kB
Mapped:           613972 kB
Shmem:               344 kB
Slab:              98988 kB
SReclaimable:      31796 kB
SUnreclaim:        67192 kB
KernelStack:       39520 kB
PageTables:        51320 kB
NFS_Unstable:          0 kB
Bounce:                0 kB
WritebackTmp:          0 kB
CommitLimit:     2152132 kB
Committed_AS:   121550972 kB
VmallocTotal:   251658176 kB
VmallocUsed:      135860 kB
VmallocChunk:   251429420 kB
Time pass: 79 sec

---2015-12-16 15:34:01
MemTotal:        2873608 kB
MemFree:           64800 kB
Buffers:           13532 kB
Cached:           918840 kB
SwapCached:            0 kB
Active:          1315284 kB
Inactive:         671940 kB
Active(anon):     856512 kB
Inactive(anon):   213552 kB
Active(file):     458772 kB
Inactive(file):   458388 kB
Unevictable:       13568 kB
Mlocked:               0 kB
SwapTotal:        715328 kB
SwapFree:         703824 kB
Dirty:               412 kB
Writeback:             8 kB
AnonPages:       1068700 kB
Mapped:           634972 kB
Shmem:              1616 kB
Slab:              99660 kB
SReclaimable:      31872 kB
SUnreclaim:        67788 kB
KernelStack:       39920 kB
PageTables:        52188 kB
NFS_Unstable:          0 kB
Bounce:                0 kB
WritebackTmp:          0 kB
CommitLimit:     2152132 kB
Committed_AS:   123348592 kB
VmallocTotal:   251658176 kB
VmallocUsed:      137104 kB
VmallocChunk:   251429420 kB
Time pass: 83 sec

---2015-12-16 15:34:01
MemTotal:        2873608 kB
MemFree:           64668 kB
Buffers:           11484 kB
Cached:           912744 kB
SwapCached:            0 kB
Active:          1322696 kB
Inactive:         671696 kB
Active(anon):     867760 kB
Inactive(anon):   216472 kB
Active(file):     454936 kB
Inactive(file):   455224 kB
Unevictable:       13568 kB
Mlocked:               0 kB
SwapTotal:        715328 kB
SwapFree:         702976 kB
Dirty:               888 kB
Writeback:             0 kB
AnonPages:       1083912 kB
Mapped:           636132 kB
Shmem:               344 kB
Slab:              99304 kB
SReclaimable:      31868 kB
SUnreclaim:        67436 kB
KernelStack:       39936 kB
PageTables:        52184 kB
NFS_Unstable:          0 kB
Bounce:                0 kB
WritebackTmp:          0 kB
CommitLimit:     2152132 kB
Committed_AS:   123344476 kB
VmallocTotal:   251658176 kB
VmallocUsed:      137104 kB
VmallocChunk:   251429420 kB
Time pass: 86 sec

---2015-12-16 15:34:01
MemTotal:        2873608 kB
MemFree:           64340 kB
Buffers:           11280 kB
Cached:           894864 kB
SwapCached:           12 kB
Active:          1328484 kB
Inactive:         660712 kB
Active(anon):     878628 kB
Inactive(anon):   218500 kB
Active(file):     449856 kB
Inactive(file):   442212 kB
Unevictable:       13568 kB
Mlocked:               0 kB
SwapTotal:        715328 kB
SwapFree:         699548 kB
Dirty:               108 kB
Writeback:             0 kB
AnonPages:       1096696 kB
Mapped:           651292 kB
Shmem:               476 kB
Slab:              99360 kB
SReclaimable:      31760 kB
SUnreclaim:        67600 kB
KernelStack:       39968 kB
PageTables:        51872 kB
NFS_Unstable:          0 kB
Bounce:                0 kB
WritebackTmp:          0 kB
CommitLimit:     2152132 kB
Committed_AS:   121598040 kB
VmallocTotal:   251658176 kB
VmallocUsed:      138524 kB
VmallocChunk:   251429420 kB
Time pass: 90 sec

---2015-12-16 15:34:01
MemTotal:        2873608 kB
MemFree:           71240 kB
Buffers:           11272 kB
Cached:           889500 kB
SwapCached:           12 kB
Active:          1317360 kB
Inactive:         659184 kB
Active(anon):     870216 kB
Inactive(anon):   219800 kB
Active(file):     447144 kB
Inactive(file):   439384 kB
Unevictable:       13568 kB
Mlocked:               0 kB
SwapTotal:        715328 kB
SwapFree:         698576 kB
Dirty:                20 kB
Writeback:             0 kB
AnonPages:       1089868 kB
Mapped:           649648 kB
Shmem:               676 kB
Slab:              99488 kB
SReclaimable:      31852 kB
SUnreclaim:        67636 kB
KernelStack:       39920 kB
PageTables:        52256 kB
NFS_Unstable:          0 kB
Bounce:                0 kB
WritebackTmp:          0 kB
CommitLimit:     2152132 kB
Committed_AS:   121598180 kB
VmallocTotal:   251658176 kB
VmallocUsed:      138524 kB
VmallocChunk:   251429420 kB
Time pass: 94 sec

---2015-12-16 15:34:01
MemTotal:        2873608 kB
MemFree:           78964 kB
Buffers:           11280 kB
Cached:           889556 kB
SwapCached:           20 kB
Active:          1309264 kB
Inactive:         659108 kB
Active(anon):     861968 kB
Inactive(anon):   219812 kB
Active(file):     447296 kB
Inactive(file):   439296 kB
Unevictable:       13568 kB
Mlocked:               0 kB
SwapTotal:        715328 kB
SwapFree:         698580 kB
Dirty:               148 kB
Writeback:             0 kB
AnonPages:       1080856 kB
Mapped:           649308 kB
Shmem:               676 kB
Slab:              99496 kB
SReclaimable:      31740 kB
SUnreclaim:        67756 kB
KernelStack:       39584 kB
PageTables:        51516 kB
NFS_Unstable:          0 kB
Bounce:                0 kB
WritebackTmp:          0 kB
CommitLimit:     2152132 kB
Committed_AS:   119819140 kB
VmallocTotal:   251658176 kB
VmallocUsed:      137504 kB
VmallocChunk:   251429420 kB
Time pass: 98 sec

---2015-12-16 15:34:01
MemTotal:        2873608 kB
MemFree:           78252 kB
Buffers:           11288 kB
Cached:           889832 kB
SwapCached:           20 kB
Active:          1310304 kB
Inactive:         659328 kB
Active(anon):     862964 kB
Inactive(anon):   220024 kB
Active(file):     447340 kB
Inactive(file):   439304 kB
Unevictable:       13568 kB
Mlocked:               0 kB
SwapTotal:        715328 kB
SwapFree:         698580 kB
Dirty:               104 kB
Writeback:             0 kB
AnonPages:       1082228 kB
Mapped:           649556 kB
Shmem:               900 kB
Slab:              99284 kB
SReclaimable:      31740 kB
SUnreclaim:        67544 kB
KernelStack:       39568 kB
PageTables:        51520 kB
NFS_Unstable:          0 kB
Bounce:                0 kB
WritebackTmp:          0 kB
CommitLimit:     2152132 kB
Committed_AS:   119819092 kB
VmallocTotal:   251658176 kB
VmallocUsed:      137504 kB
VmallocChunk:   251429420 kB
Time pass: 102 sec

---2015-12-16 15:34:01
MemTotal:        2873608 kB
MemFree:           73036 kB
Buffers:           11340 kB
Cached:           890528 kB
SwapCached:           52 kB
Active:          1315388 kB
Inactive:         659564 kB
Active(anon):     867512 kB
Inactive(anon):   220052 kB
Active(file):     447876 kB
Inactive(file):   439512 kB
Unevictable:       13568 kB
Mlocked:               0 kB
SwapTotal:        715328 kB
SwapFree:         698580 kB
Dirty:               224 kB
Writeback:             0 kB
AnonPages:       1086296 kB
Mapped:           654860 kB
Shmem:               912 kB
Slab:              99280 kB
SReclaimable:      31740 kB
SUnreclaim:        67540 kB
KernelStack:       39648 kB
PageTables:        51692 kB
NFS_Unstable:          0 kB
Bounce:                0 kB
WritebackTmp:          0 kB
CommitLimit:     2152132 kB
Committed_AS:   120399728 kB
VmallocTotal:   251658176 kB
VmallocUsed:      137504 kB
VmallocChunk:   251429420 kB
Time pass: 106 sec

---2015-12-16 15:34:01
MemTotal:        2873608 kB
MemFree:           81168 kB
Buffers:           10560 kB
Cached:           891812 kB
SwapCached:           52 kB
Active:          1323236 kB
Inactive:         646348 kB
Active(anon):     862356 kB
Inactive(anon):   218768 kB
Active(file):     460880 kB
Inactive(file):   427580 kB
Unevictable:       13568 kB
Mlocked:               0 kB
SwapTotal:        715328 kB
SwapFree:         698000 kB
Dirty:                 4 kB
Writeback:             0 kB
AnonPages:       1080888 kB
Mapped:           651912 kB
Shmem:               344 kB
Slab:              99256 kB
SReclaimable:      31740 kB
SUnreclaim:        67516 kB
KernelStack:       39344 kB
PageTables:        51388 kB
NFS_Unstable:          0 kB
Bounce:                0 kB
WritebackTmp:          0 kB
CommitLimit:     2152132 kB
Committed_AS:   120384736 kB
VmallocTotal:   251658176 kB
VmallocUsed:      137504 kB
VmallocChunk:   251429420 kB
Time pass: 109 sec

---2015-12-16 15:34:01
MemTotal:        2873608 kB
MemFree:          340532 kB
Buffers:            9600 kB
Cached:           858060 kB
SwapCached:           80 kB
Active:          1203608 kB
Inactive:         634168 kB
Active(anon):     770920 kB
Inactive(anon):   212976 kB
Active(file):     432688 kB
Inactive(file):   421192 kB
Unevictable:       13568 kB
Mlocked:               0 kB
SwapTotal:        715328 kB
SwapFree:         693276 kB
Dirty:                 0 kB
Writeback:             0 kB
AnonPages:        983812 kB
Mapped:           461444 kB
Shmem:               212 kB
Slab:              99220 kB
SReclaimable:      31724 kB
SUnreclaim:        67496 kB
KernelStack:       38320 kB
PageTables:        48928 kB
NFS_Unstable:          0 kB
Bounce:                0 kB
WritebackTmp:          0 kB
CommitLimit:     2152132 kB
Committed_AS:   117214432 kB
VmallocTotal:   251658176 kB
VmallocUsed:      134496 kB
VmallocChunk:   251429420 kB
Time pass: 113 sec

---2015-12-16 15:34:01
MemTotal:        2873608 kB
MemFree:          338560 kB
Buffers:            9680 kB
Cached:           859008 kB
SwapCached:           80 kB
Active:          1204988 kB
Inactive:         634996 kB
Active(anon):     772160 kB
Inactive(anon):   212976 kB
Active(file):     432828 kB
Inactive(file):   422020 kB
Unevictable:       13568 kB
Mlocked:               0 kB
SwapTotal:        715328 kB
SwapFree:         693276 kB
Dirty:                64 kB
Writeback:             4 kB
AnonPages:        984784 kB
Mapped:           462620 kB
Shmem:               212 kB
Slab:              99108 kB
SReclaimable:      31724 kB
SUnreclaim:        67384 kB
KernelStack:       37968 kB
PageTables:        49532 kB
NFS_Unstable:          0 kB
Bounce:                0 kB
WritebackTmp:          0 kB
CommitLimit:     2152132 kB
Committed_AS:   118997136 kB
VmallocTotal:   251658176 kB
VmallocUsed:      135516 kB
VmallocChunk:   251429420 kB
Time pass: 117 sec

---2015-12-16 15:34:01
MemTotal:        2873608 kB
MemFree:          342624 kB
Buffers:           11044 kB
Cached:           866420 kB
SwapCached:          108 kB
Active:          1245416 kB
Inactive:         638776 kB
Active(anon):     807608 kB
Inactive(anon):   213104 kB
Active(file):     437808 kB
Inactive(file):   425672 kB
Unevictable:       13568 kB
Mlocked:               0 kB
SwapTotal:        715328 kB
SwapFree:         693276 kB
Dirty:              1092 kB
Writeback:             0 kB
AnonPages:       1020628 kB
Mapped:           454664 kB
Shmem:               344 kB
Slab:              99224 kB
SReclaimable:      31740 kB
SUnreclaim:        67484 kB
KernelStack:       39072 kB
PageTables:        50492 kB
NFS_Unstable:          0 kB
Bounce:                0 kB
WritebackTmp:          0 kB
CommitLimit:     2152132 kB
Committed_AS:   120311360 kB
VmallocTotal:   251658176 kB
VmallocUsed:      135992 kB
VmallocChunk:   251429420 kB
Time pass: 120 sec

---2015-12-16 15:34:01
MemTotal:        2873608 kB
MemFree:          230800 kB
Buffers:           11052 kB
Cached:           869012 kB
SwapCached:          108 kB
Active:          1258232 kB
Inactive:         640256 kB
Active(anon):     819464 kB
Inactive(anon):   213092 kB
Active(file):     438768 kB
Inactive(file):   427164 kB
Unevictable:       13568 kB
Mlocked:               0 kB
SwapTotal:        715328 kB
SwapFree:         693276 kB
Dirty:              2380 kB
Writeback:             0 kB
AnonPages:       1032352 kB
Mapped:           549100 kB
Shmem:               344 kB
Slab:              99128 kB
SReclaimable:      31788 kB
SUnreclaim:        67340 kB
KernelStack:       39168 kB
PageTables:        50788 kB
NFS_Unstable:          0 kB
Bounce:                0 kB
WritebackTmp:          0 kB
CommitLimit:     2152132 kB
Committed_AS:   120328552 kB
VmallocTotal:   251658176 kB
VmallocUsed:      134364 kB
VmallocChunk:   251429420 kB
Time pass: 124 sec

---2015-12-16 15:34:01
MemTotal:        2873608 kB
MemFree:          195240 kB
Buffers:           11060 kB
Cached:           876004 kB
SwapCached:          108 kB
Active:          1271920 kB
Inactive:         633672 kB
Active(anon):     819356 kB
Inactive(anon):   213092 kB
Active(file):     452564 kB
Inactive(file):   420580 kB
Unevictable:       13568 kB
Mlocked:               0 kB
SwapTotal:        715328 kB
SwapFree:         693276 kB
Dirty:              7216 kB
Writeback:             0 kB
AnonPages:       1032108 kB
Mapped:           575432 kB
Shmem:               344 kB
Slab:              99196 kB
SReclaimable:      31804 kB
SUnreclaim:        67392 kB
KernelStack:       39168 kB
PageTables:        50892 kB
NFS_Unstable:          0 kB
Bounce:                0 kB
WritebackTmp:          0 kB
CommitLimit:     2152132 kB
Committed_AS:   120344920 kB
VmallocTotal:   251658176 kB
VmallocUsed:      134592 kB
VmallocChunk:   251429420 kB
Time pass: 128 sec

---2015-12-16 15:34:01
MemTotal:        2873608 kB
MemFree:          194940 kB
Buffers:           11060 kB
Cached:           876024 kB
SwapCached:          108 kB
Active:          1271920 kB
Inactive:         633680 kB
Active(anon):     819356 kB
Inactive(anon):   213092 kB
Active(file):     452564 kB
Inactive(file):   420588 kB
Unevictable:       13568 kB
Mlocked:               0 kB
SwapTotal:        715328 kB
SwapFree:         693276 kB
Dirty:                 0 kB
Writeback:             0 kB
AnonPages:       1032016 kB
Mapped:           575468 kB
Shmem:               344 kB
Slab:              99236 kB
SReclaimable:      31804 kB
SUnreclaim:        67432 kB
KernelStack:       39168 kB
PageTables:        50892 kB
NFS_Unstable:          0 kB
Bounce:                0 kB
WritebackTmp:          0 kB
CommitLimit:     2152132 kB
Committed_AS:   120344904 kB
VmallocTotal:   251658176 kB
VmallocUsed:      134592 kB
VmallocChunk:   251429420 kB
Time pass: 131 sec

---2015-12-16 15:34:01
MemTotal:        2873608 kB
MemFree:          177412 kB
Buffers:           12612 kB
Cached:           876340 kB
SwapCached:          108 kB
Active:          1276552 kB
Inactive:         635388 kB
Active(anon):     823860 kB
Inactive(anon):   213092 kB
Active(file):     452692 kB
Inactive(file):   422296 kB
Unevictable:       13568 kB
Mlocked:               0 kB
SwapTotal:        715328 kB
SwapFree:         693276 kB
Dirty:               248 kB
Writeback:             0 kB
AnonPages:       1036720 kB
Mapped:           584436 kB
Shmem:               344 kB
Slab:              99260 kB
SReclaimable:      31804 kB
SUnreclaim:        67456 kB
KernelStack:       39168 kB
PageTables:        50932 kB
NFS_Unstable:          0 kB
Bounce:                0 kB
WritebackTmp:          0 kB
CommitLimit:     2152132 kB
Committed_AS:   120346808 kB
VmallocTotal:   251658176 kB
VmallocUsed:      134676 kB
VmallocChunk:   251429420 kB
Time pass: 135 sec

---2015-12-16 15:34:01
MemTotal:        2873608 kB
MemFree:          156464 kB
Buffers:           12620 kB
Cached:           877340 kB
SwapCached:          108 kB
Active:          1265048 kB
Inactive:         636244 kB
Active(anon):     812336 kB
Inactive(anon):   212928 kB
Active(file):     452712 kB
Inactive(file):   423316 kB
Unevictable:       13568 kB
Mlocked:               0 kB
SwapTotal:        715328 kB
SwapFree:         693276 kB
Dirty:               368 kB
Writeback:             0 kB
AnonPages:       1024804 kB
Mapped:           604416 kB
Shmem:               340 kB
Slab:              99364 kB
SReclaimable:      31812 kB
SUnreclaim:        67552 kB
KernelStack:       39184 kB
PageTables:        50884 kB
NFS_Unstable:          0 kB
Bounce:                0 kB
WritebackTmp:          0 kB
CommitLimit:     2152132 kB
Committed_AS:   120308776 kB
VmallocTotal:   251658176 kB
VmallocUsed:      134892 kB
VmallocChunk:   251429420 kB
Time pass: 139 sec

---2015-12-16 15:34:01
MemTotal:        2873608 kB
MemFree:          158600 kB
Buffers:           12620 kB
Cached:           877452 kB
SwapCached:          108 kB
Active:          1262692 kB
Inactive:         636324 kB
Active(anon):     809944 kB
Inactive(anon):   212928 kB
Active(file):     452748 kB
Inactive(file):   423396 kB
Unevictable:       13568 kB
Mlocked:               0 kB
SwapTotal:        715328 kB
SwapFree:         693276 kB
Dirty:               612 kB
Writeback:             0 kB
AnonPages:       1022264 kB
Mapped:           605192 kB
Shmem:               344 kB
Slab:              99212 kB
SReclaimable:      31816 kB
SUnreclaim:        67396 kB
KernelStack:       38896 kB
PageTables:        50396 kB
NFS_Unstable:          0 kB
Bounce:                0 kB
WritebackTmp:          0 kB
CommitLimit:     2152132 kB
Committed_AS:   119072556 kB
VmallocTotal:   251658176 kB
VmallocUsed:      133884 kB
VmallocChunk:   251429420 kB
Time pass: 143 sec

---2015-12-16 15:34:01
MemTotal:        2873608 kB
MemFree:          159496 kB
Buffers:           12628 kB
Cached:           877452 kB
SwapCached:          108 kB
Active:          1262032 kB
Inactive:         636344 kB
Active(anon):     809284 kB
Inactive(anon):   212924 kB
Active(file):     452748 kB
Inactive(file):   423420 kB
Unevictable:       13568 kB
Mlocked:               0 kB
SwapTotal:        715328 kB
SwapFree:         693276 kB
Dirty:                96 kB
Writeback:             0 kB
AnonPages:       1021648 kB
Mapped:           605220 kB
Shmem:               344 kB
Slab:              99212 kB
SReclaimable:      31816 kB
SUnreclaim:        67396 kB
KernelStack:       38864 kB
PageTables:        50384 kB
NFS_Unstable:          0 kB
Bounce:                0 kB
WritebackTmp:          0 kB
CommitLimit:     2152132 kB
Committed_AS:   119072660 kB
VmallocTotal:   251658176 kB
VmallocUsed:      133884 kB
VmallocChunk:   251429420 kB
Time pass: 147 sec

---2015-12-16 15:34:01
MemTotal:        2873608 kB
MemFree:          159060 kB
Buffers:           12628 kB
Cached:           877456 kB
SwapCached:          108 kB
Active:          1262264 kB
Inactive:         636348 kB
Active(anon):     809516 kB
Inactive(anon):   212924 kB
Active(file):     452748 kB
Inactive(file):   423424 kB
Unevictable:       13568 kB
Mlocked:               0 kB
SwapTotal:        715328 kB
SwapFree:         693276 kB
Dirty:                 4 kB
Writeback:             0 kB
AnonPages:       1022008 kB
Mapped:           605292 kB
Shmem:               344 kB
Slab:              99212 kB
SReclaimable:      31816 kB
SUnreclaim:        67396 kB
KernelStack:       38880 kB
PageTables:        50388 kB
NFS_Unstable:          0 kB
Bounce:                0 kB
WritebackTmp:          0 kB
CommitLimit:     2152132 kB
Committed_AS:   119072588 kB
VmallocTotal:   251658176 kB
VmallocUsed:      133884 kB
VmallocChunk:   251429420 kB
Time pass: 150 sec

---2015-12-16 15:34:01
MemTotal:        2873608 kB
MemFree:          143780 kB
Buffers:           12668 kB
Cached:           877628 kB
SwapCached:          108 kB
Active:          1276400 kB
Inactive:         635548 kB
Active(anon):     822648 kB
Inactive(anon):   213064 kB
Active(file):     453752 kB
Inactive(file):   422484 kB
Unevictable:       13568 kB
Mlocked:               0 kB
SwapTotal:        715328 kB
SwapFree:         693276 kB
Dirty:               100 kB
Writeback:             0 kB
AnonPages:       1035300 kB
Mapped:           608544 kB
Shmem:               492 kB
Slab:              99316 kB
SReclaimable:      31816 kB
SUnreclaim:        67500 kB
KernelStack:       39248 kB
PageTables:        50636 kB
NFS_Unstable:          0 kB
Bounce:                0 kB
WritebackTmp:          0 kB
CommitLimit:     2152132 kB
Committed_AS:   119100232 kB
VmallocTotal:   251658176 kB
VmallocUsed:      136316 kB
VmallocChunk:   251429420 kB
Time pass: 154 sec

---2015-12-16 15:34:01
MemTotal:        2873608 kB
MemFree:          143016 kB
Buffers:           12668 kB
Cached:           877764 kB
SwapCached:          108 kB
Active:          1276968 kB
Inactive:         635688 kB
Active(anon):     823216 kB
Inactive(anon):   213204 kB
Active(file):     453752 kB
Inactive(file):   422484 kB
Unevictable:       13568 kB
Mlocked:               0 kB
SwapTotal:        715328 kB
SwapFree:         693276 kB
Dirty:                 4 kB
Writeback:             0 kB
AnonPages:       1035648 kB
Mapped:           608768 kB
Shmem:               628 kB
Slab:              99336 kB
SReclaimable:      31832 kB
SUnreclaim:        67504 kB
KernelStack:       39216 kB
PageTables:        50660 kB
NFS_Unstable:          0 kB
Bounce:                0 kB
WritebackTmp:          0 kB
CommitLimit:     2152132 kB
Committed_AS:   119100200 kB
VmallocTotal:   251658176 kB
VmallocUsed:      136316 kB
VmallocChunk:   251429420 kB
Time pass: 158 sec

---2015-12-16 15:34:01
MemTotal:        2873608 kB
MemFree:          123016 kB
Buffers:           12676 kB
Cached:           877980 kB
SwapCached:          108 kB
Active:          1278236 kB
Inactive:         635908 kB
Active(anon):     824480 kB
Inactive(anon):   213416 kB
Active(file):     453756 kB
Inactive(file):   422492 kB
Unevictable:       13568 kB
Mlocked:               0 kB
SwapTotal:        715328 kB
SwapFree:         693276 kB
Dirty:                48 kB
Writeback:             0 kB
AnonPages:       1036924 kB
Mapped:           608684 kB
Shmem:               840 kB
Slab:              99380 kB
SReclaimable:      31832 kB
SUnreclaim:        67548 kB
KernelStack:       39248 kB
PageTables:        50672 kB
NFS_Unstable:          0 kB
Bounce:                0 kB
WritebackTmp:          0 kB
CommitLimit:     2152132 kB
Committed_AS:   119100432 kB
VmallocTotal:   251658176 kB
VmallocUsed:      136324 kB
VmallocChunk:   251429420 kB
Time pass: 162 sec

---2015-12-16 15:34:01
MemTotal:        2873608 kB
MemFree:          122392 kB
Buffers:           12684 kB
Cached:           878008 kB
SwapCached:          108 kB
Active:          1278788 kB
Inactive:         635944 kB
Active(anon):     825032 kB
Inactive(anon):   213444 kB
Active(file):     453756 kB
Inactive(file):   422500 kB
Unevictable:       13568 kB
Mlocked:               0 kB
SwapTotal:        715328 kB
SwapFree:         693276 kB
Dirty:                12 kB
Writeback:             0 kB
AnonPages:       1037524 kB
Mapped:           608836 kB
Shmem:               868 kB
Slab:              99376 kB
SReclaimable:      31832 kB
SUnreclaim:        67544 kB
KernelStack:       39248 kB
PageTables:        50704 kB
NFS_Unstable:          0 kB
Bounce:                0 kB
WritebackTmp:          0 kB
CommitLimit:     2152132 kB
Committed_AS:   119100424 kB
VmallocTotal:   251658176 kB
VmallocUsed:      136324 kB
VmallocChunk:   251429420 kB
Time pass: 166 sec

---2015-12-16 15:34:01
MemTotal:        2873608 kB
MemFree:          115116 kB
Buffers:           12700 kB
Cached:           878120 kB
SwapCached:          108 kB
Active:          1287480 kB
Inactive:         635868 kB
Active(anon):     833532 kB
Inactive(anon):   213068 kB
Active(file):     453948 kB
Inactive(file):   422800 kB
Unevictable:       13568 kB
Mlocked:               0 kB
SwapTotal:        715328 kB
SwapFree:         693276 kB
Dirty:                80 kB
Writeback:             0 kB
AnonPages:       1045968 kB
Mapped:           610060 kB
Shmem:               504 kB
Slab:              99304 kB
SReclaimable:      31832 kB
SUnreclaim:        67472 kB
KernelStack:       39248 kB
PageTables:        50716 kB
NFS_Unstable:          0 kB
Bounce:                0 kB
WritebackTmp:          0 kB
CommitLimit:     2152132 kB
Committed_AS:   119120956 kB
VmallocTotal:   251658176 kB
VmallocUsed:      136324 kB
VmallocChunk:   251429420 kB
Time pass: 170 sec

---2015-12-16 15:34:01
MemTotal:        2873608 kB
MemFree:          112856 kB
Buffers:           12740 kB
Cached:           878120 kB
SwapCached:          108 kB
Active:          1290088 kB
Inactive:         635904 kB
Active(anon):     836132 kB
Inactive(anon):   213060 kB
Active(file):     453956 kB
Inactive(file):   422844 kB
Unevictable:       13568 kB
Mlocked:               0 kB
SwapTotal:        715328 kB
SwapFree:         693276 kB
Dirty:                64 kB
Writeback:             0 kB
AnonPages:       1048888 kB
Mapped:           610060 kB
Shmem:               492 kB
Slab:              99272 kB
SReclaimable:      31800 kB
SUnreclaim:        67472 kB
KernelStack:       39280 kB
PageTables:        50724 kB
NFS_Unstable:          0 kB
Bounce:                0 kB
WritebackTmp:          0 kB
CommitLimit:     2152132 kB
Committed_AS:   119121208 kB
VmallocTotal:   251658176 kB
VmallocUsed:      136316 kB
VmallocChunk:   251429420 kB
Time pass: 173 sec

---2015-12-16 15:34:01
MemTotal:        2873608 kB
MemFree:          111508 kB
Buffers:           12756 kB
Cached:           878224 kB
SwapCached:          108 kB
Active:          1290900 kB
Inactive:         636016 kB
Active(anon):     836936 kB
Inactive(anon):   213164 kB
Active(file):     453964 kB
Inactive(file):   422852 kB
Unevictable:       13568 kB
Mlocked:               0 kB
SwapTotal:        715328 kB
SwapFree:         693276 kB
Dirty:                 4 kB
Writeback:             0 kB
AnonPages:       1049232 kB
Mapped:           610276 kB
Shmem:               596 kB
Slab:              99276 kB
SReclaimable:      31804 kB
SUnreclaim:        67472 kB
KernelStack:       39264 kB
PageTables:        50748 kB
NFS_Unstable:          0 kB
Bounce:                0 kB
WritebackTmp:          0 kB
CommitLimit:     2152132 kB
Committed_AS:   119121220 kB
VmallocTotal:   251658176 kB
VmallocUsed:      136316 kB
VmallocChunk:   251429420 kB
Time pass: 177 sec

---2015-12-16 15:34:01
MemTotal:        2873608 kB
MemFree:          108284 kB
Buffers:           12764 kB
Cached:           878284 kB
SwapCached:          108 kB
Active:          1291872 kB
Inactive:         636088 kB
Active(anon):     837908 kB
Inactive(anon):   213224 kB
Active(file):     453964 kB
Inactive(file):   422864 kB
Unevictable:       13568 kB
Mlocked:               0 kB
SwapTotal:        715328 kB
SwapFree:         693280 kB
Dirty:                20 kB
Writeback:             0 kB
AnonPages:       1050584 kB
Mapped:           611116 kB
Shmem:               652 kB
Slab:              99276 kB
SReclaimable:      31804 kB
SUnreclaim:        67472 kB
KernelStack:       39216 kB
PageTables:        50724 kB
NFS_Unstable:          0 kB
Bounce:                0 kB
WritebackTmp:          0 kB
CommitLimit:     2152132 kB
Committed_AS:   119125436 kB
VmallocTotal:   251658176 kB
VmallocUsed:      136336 kB
VmallocChunk:   251429420 kB
Time pass: 181 sec

---2015-12-16 15:34:01
MemTotal:        2873608 kB
MemFree:          103120 kB
Buffers:           12764 kB
Cached:           878488 kB
SwapCached:          108 kB
Active:          1293220 kB
Inactive:         636232 kB
Active(anon):     839248 kB
Inactive(anon):   213228 kB
Active(file):     453972 kB
Inactive(file):   423004 kB
Unevictable:       13568 kB
Mlocked:               0 kB
SwapTotal:        715328 kB
SwapFree:         693280 kB
Dirty:                 0 kB
Writeback:             0 kB
AnonPages:       1051552 kB
Mapped:           612116 kB
Shmem:               656 kB
Slab:              99276 kB
SReclaimable:      31804 kB
SUnreclaim:        67472 kB
KernelStack:       39200 kB
PageTables:        50728 kB
NFS_Unstable:          0 kB
Bounce:                0 kB
WritebackTmp:          0 kB
CommitLimit:     2152132 kB
Committed_AS:   119125364 kB
VmallocTotal:   251658176 kB
VmallocUsed:      136336 kB
VmallocChunk:   251429420 kB
Time pass: 185 sec

---2015-12-16 15:34:01
MemTotal:        2873608 kB
MemFree:          103964 kB
Buffers:           12772 kB
Cached:           878292 kB
SwapCached:          108 kB
Active:          1291524 kB
Inactive:         636092 kB
Active(anon):     837544 kB
Inactive(anon):   212920 kB
Active(file):     453980 kB
Inactive(file):   423172 kB
Unevictable:       13568 kB
Mlocked:               0 kB
SwapTotal:        715328 kB
SwapFree:         693280 kB
Dirty:                40 kB
Writeback:             0 kB
AnonPages:       1050084 kB
Mapped:           611104 kB
Shmem:               344 kB
Slab:              99260 kB
SReclaimable:      31804 kB
SUnreclaim:        67456 kB
KernelStack:       38928 kB
PageTables:        50508 kB
NFS_Unstable:          0 kB
Bounce:                0 kB
WritebackTmp:          0 kB
CommitLimit:     2152132 kB
Committed_AS:   119098108 kB
VmallocTotal:   251658176 kB
VmallocUsed:      136328 kB
VmallocChunk:   251429420 kB
Time pass: 189 sec

---2015-12-16 15:34:01
MemTotal:        2873608 kB
MemFree:          103996 kB
Buffers:           12772 kB
Cached:           878292 kB
SwapCached:          108 kB
Active:          1291664 kB
Inactive:         636092 kB
Active(anon):     837684 kB
Inactive(anon):   212920 kB
Active(file):     453980 kB
Inactive(file):   423172 kB
Unevictable:       13568 kB
Mlocked:               0 kB
SwapTotal:        715328 kB
SwapFree:         693280 kB
Dirty:                 0 kB
Writeback:             0 kB
AnonPages:       1050092 kB
Mapped:           611764 kB
Shmem:               344 kB
Slab:              99264 kB
SReclaimable:      31804 kB
SUnreclaim:        67460 kB
KernelStack:       38944 kB
PageTables:        50508 kB
NFS_Unstable:          0 kB
Bounce:                0 kB
WritebackTmp:          0 kB
CommitLimit:     2152132 kB
Committed_AS:   119098140 kB
VmallocTotal:   251658176 kB
VmallocUsed:      136312 kB
VmallocChunk:   251429420 kB
Time pass: 193 sec

---2015-12-16 15:34:01
MemTotal:        2873608 kB
MemFree:          104552 kB
Buffers:           12796 kB
Cached:           878532 kB
SwapCached:          108 kB
Active:          1293972 kB
Inactive:         636264 kB
Active(anon):     839976 kB
Inactive(anon):   212920 kB
Active(file):     453996 kB
Inactive(file):   423344 kB
Unevictable:       13568 kB
Mlocked:               0 kB
SwapTotal:        715328 kB
SwapFree:         693280 kB
Dirty:               296 kB
Writeback:             0 kB
AnonPages:       1052552 kB
Mapped:           615148 kB
Shmem:               344 kB
Slab:              99260 kB
SReclaimable:      31804 kB
SUnreclaim:        67456 kB
KernelStack:       38832 kB
PageTables:        50556 kB
NFS_Unstable:          0 kB
Bounce:                0 kB
WritebackTmp:          0 kB
CommitLimit:     2152132 kB
Committed_AS:   119102520 kB
VmallocTotal:   251658176 kB
VmallocUsed:      136324 kB
VmallocChunk:   251429420 kB
Time pass: 197 sec

---2015-12-16 15:34:01
MemTotal:        2873608 kB
MemFree:           99664 kB
Buffers:           12828 kB
Cached:           878704 kB
SwapCached:          108 kB
Active:          1298232 kB
Inactive:         636528 kB
Active(anon):     844224 kB
Inactive(anon):   213100 kB
Active(file):     454008 kB
Inactive(file):   423428 kB
Unevictable:       13568 kB
Mlocked:               0 kB
SwapTotal:        715328 kB
SwapFree:         693280 kB
Dirty:                 0 kB
Writeback:             0 kB
AnonPages:       1056752 kB
Mapped:           611720 kB
Shmem:               528 kB
Slab:              99228 kB
SReclaimable:      31772 kB
SUnreclaim:        67456 kB
KernelStack:       39200 kB
PageTables:        50712 kB
NFS_Unstable:          0 kB
Bounce:                0 kB
WritebackTmp:          0 kB
CommitLimit:     2152132 kB
Committed_AS:   119134320 kB
VmallocTotal:   251658176 kB
VmallocUsed:      136328 kB
VmallocChunk:   251429420 kB
Time pass: 200 sec

---2015-12-16 15:34:01
MemTotal:        2873608 kB
MemFree:           95208 kB
Buffers:           12836 kB
Cached:           878936 kB
SwapCached:          108 kB
Active:          1298948 kB
Inactive:         636740 kB
Active(anon):     844912 kB
Inactive(anon):   213312 kB
Active(file):     454036 kB
Inactive(file):   423428 kB
Unevictable:       13568 kB
Mlocked:               0 kB
SwapTotal:        715328 kB
SwapFree:         693280 kB
Dirty:               100 kB
Writeback:             0 kB
AnonPages:       1057328 kB
Mapped:           611432 kB
Shmem:               740 kB
Slab:              99088 kB
SReclaimable:      31628 kB
SUnreclaim:        67460 kB
KernelStack:       39216 kB
PageTables:        50884 kB
NFS_Unstable:          0 kB
Bounce:                0 kB
WritebackTmp:          0 kB
CommitLimit:     2152132 kB
Committed_AS:   119134672 kB
VmallocTotal:   251658176 kB
VmallocUsed:      136336 kB
VmallocChunk:   251429420 kB
Time pass: 204 sec

---2015-12-16 15:34:01
MemTotal:        2873608 kB
MemFree:          103184 kB
Buffers:           12836 kB
Cached:           878944 kB
SwapCached:          108 kB
Active:          1291648 kB
Inactive:         636748 kB
Active(anon):     837612 kB
Inactive(anon):   213320 kB
Active(file):     454036 kB
Inactive(file):   423428 kB
Unevictable:       13568 kB
Mlocked:               0 kB
SwapTotal:        715328 kB
SwapFree:         693280 kB
Dirty:               104 kB
Writeback:             0 kB
AnonPages:       1049980 kB
Mapped:           612020 kB
Shmem:               748 kB
Slab:              99084 kB
SReclaimable:      31628 kB
SUnreclaim:        67456 kB
KernelStack:       39216 kB
PageTables:        50880 kB
NFS_Unstable:          0 kB
Bounce:                0 kB
WritebackTmp:          0 kB
CommitLimit:     2152132 kB
Committed_AS:   119134716 kB
VmallocTotal:   251658176 kB
VmallocUsed:      136336 kB
VmallocChunk:   251429420 kB
Time pass: 208 sec

---2015-12-16 15:34:01
MemTotal:        2873608 kB
MemFree:           96432 kB
Buffers:           12876 kB
Cached:           879684 kB
SwapCached:          108 kB
Active:          1298364 kB
Inactive:         637524 kB
Active(anon):     844324 kB
Inactive(anon):   214060 kB
Active(file):     454040 kB
Inactive(file):   423464 kB
Unevictable:       13568 kB
Mlocked:               0 kB
SwapTotal:        715328 kB
SwapFree:         693280 kB
Dirty:                60 kB
Writeback:            12 kB
AnonPages:       1057120 kB
Mapped:           612812 kB
Shmem:              1488 kB
Slab:              99092 kB
SReclaimable:      31632 kB
SUnreclaim:        67460 kB
KernelStack:       39312 kB
PageTables:        50868 kB
NFS_Unstable:          0 kB
Bounce:                0 kB
WritebackTmp:          0 kB
CommitLimit:     2152132 kB
Committed_AS:   119142940 kB
VmallocTotal:   251658176 kB
VmallocUsed:      136336 kB
VmallocChunk:   251429420 kB
Time pass: 212 sec

---2015-12-16 15:34:01
MemTotal:        2873608 kB
MemFree:           95996 kB
Buffers:           12908 kB
Cached:           878764 kB
SwapCached:          108 kB
Active:          1297088 kB
Inactive:         636616 kB
Active(anon):     843048 kB
Inactive(anon):   213112 kB
Active(file):     454040 kB
Inactive(file):   423504 kB
Unevictable:       13568 kB
Mlocked:               0 kB
SwapTotal:        715328 kB
SwapFree:         693280 kB
Dirty:                52 kB
Writeback:             0 kB
AnonPages:       1055528 kB
Mapped:           611992 kB
Shmem:               560 kB
Slab:              99080 kB
SReclaimable:      31636 kB
SUnreclaim:        67444 kB
KernelStack:       39264 kB
PageTables:        50728 kB
NFS_Unstable:          0 kB
Bounce:                0 kB
WritebackTmp:          0 kB
CommitLimit:     2152132 kB
Committed_AS:   119143092 kB
VmallocTotal:   251658176 kB
VmallocUsed:      136328 kB
VmallocChunk:   251429420 kB
Time pass: 216 sec

---2015-12-16 15:34:01
MemTotal:        2873608 kB
MemFree:           92296 kB
Buffers:           12940 kB
Cached:           878740 kB
SwapCached:          108 kB
Active:          1299976 kB
Inactive:         636628 kB
Active(anon):     845936 kB
Inactive(anon):   213124 kB
Active(file):     454040 kB
Inactive(file):   423504 kB
Unevictable:       13568 kB
Mlocked:               0 kB
SwapTotal:        715328 kB
SwapFree:         693280 kB
Dirty:                32 kB
Writeback:             0 kB
AnonPages:       1058560 kB
Mapped:           610844 kB
Shmem:               560 kB
Slab:              99064 kB
SReclaimable:      31636 kB
SUnreclaim:        67428 kB
KernelStack:       39232 kB
PageTables:        50744 kB
NFS_Unstable:          0 kB
Bounce:                0 kB
WritebackTmp:          0 kB
CommitLimit:     2152132 kB
Committed_AS:   119143252 kB
VmallocTotal:   251658176 kB
VmallocUsed:      136324 kB
VmallocChunk:   251429420 kB
Time pass: 220 sec

---2015-12-16 15:34:01
MemTotal:        2873608 kB
MemFree:           92836 kB
Buffers:           12940 kB
Cached:           878804 kB
SwapCached:          108 kB
Active:          1300076 kB
Inactive:         636676 kB
Active(anon):     846012 kB
Inactive(anon):   213136 kB
Active(file):     454064 kB
Inactive(file):   423540 kB
Unevictable:       13568 kB
Mlocked:               0 kB
SwapTotal:        715328 kB
SwapFree:         693280 kB
Dirty:                68 kB
Writeback:             0 kB
AnonPages:       1058408 kB
Mapped:           610960 kB
Shmem:               572 kB
Slab:              99068 kB
SReclaimable:      31644 kB
SUnreclaim:        67424 kB
KernelStack:       39248 kB
PageTables:        50776 kB
NFS_Unstable:          0 kB
Bounce:                0 kB
WritebackTmp:          0 kB
CommitLimit:     2152132 kB
Committed_AS:   119143360 kB
VmallocTotal:   251658176 kB
VmallocUsed:      136324 kB
VmallocChunk:   251429420 kB
Time pass: 224 sec

---2015-12-16 15:34:01
MemTotal:        2873608 kB
MemFree:           91040 kB
Buffers:           12964 kB
Cached:           878808 kB
SwapCached:          108 kB
Active:          1300864 kB
Inactive:         636704 kB
Active(anon):     846800 kB
Inactive(anon):   213140 kB
Active(file):     454064 kB
Inactive(file):   423564 kB
Unevictable:       13568 kB
Mlocked:               0 kB
SwapTotal:        715328 kB
SwapFree:         693280 kB
Dirty:                64 kB
Writeback:             0 kB
AnonPages:       1059308 kB
Mapped:           611084 kB
Shmem:               576 kB
Slab:              99112 kB
SReclaimable:      31648 kB
SUnreclaim:        67464 kB
KernelStack:       39232 kB
PageTables:        50812 kB
NFS_Unstable:          0 kB
Bounce:                0 kB
WritebackTmp:          0 kB
CommitLimit:     2152132 kB
Committed_AS:   119143348 kB
VmallocTotal:   251658176 kB
VmallocUsed:      136324 kB
VmallocChunk:   251429420 kB
Time pass: 227 sec

---2015-12-16 15:34:01
MemTotal:        2873608 kB
MemFree:           90368 kB
Buffers:           12988 kB
Cached:           878792 kB
SwapCached:          108 kB
Active:          1302040 kB
Inactive:         636692 kB
Active(anon):     847956 kB
Inactive(anon):   213140 kB
Active(file):     454084 kB
Inactive(file):   423552 kB
Unevictable:       13568 kB
Mlocked:               0 kB
SwapTotal:        715328 kB
SwapFree:         693280 kB
Dirty:                 0 kB
Writeback:             0 kB
AnonPages:       1060576 kB
Mapped:           611116 kB
Shmem:               576 kB
Slab:              99076 kB
SReclaimable:      31652 kB
SUnreclaim:        67424 kB
KernelStack:       39248 kB
PageTables:        50812 kB
NFS_Unstable:          0 kB
Bounce:                0 kB
WritebackTmp:          0 kB
CommitLimit:     2152132 kB
Committed_AS:   119143396 kB
VmallocTotal:   251658176 kB
VmallocUsed:      136324 kB
VmallocChunk:   251429420 kB
Time pass: 231 sec

---2015-12-16 15:34:01
MemTotal:        2873608 kB
MemFree:           90304 kB
Buffers:           12988 kB
Cached:           878808 kB
SwapCached:          108 kB
Active:          1302224 kB
Inactive:         636708 kB
Active(anon):     848140 kB
Inactive(anon):   213140 kB
Active(file):     454084 kB
Inactive(file):   423568 kB
Unevictable:       13568 kB
Mlocked:               0 kB
SwapTotal:        715328 kB
SwapFree:         693280 kB
Dirty:                44 kB
Writeback:             0 kB
AnonPages:       1060812 kB
Mapped:           611056 kB
Shmem:               576 kB
Slab:              99076 kB
SReclaimable:      31652 kB
SUnreclaim:        67424 kB
KernelStack:       39232 kB
PageTables:        50780 kB
NFS_Unstable:          0 kB
Bounce:                0 kB
WritebackTmp:          0 kB
CommitLimit:     2152132 kB
Committed_AS:   119143348 kB
VmallocTotal:   251658176 kB
VmallocUsed:      136324 kB
VmallocChunk:   251429420 kB
Time pass: 235 sec

---2015-12-16 15:34:01
MemTotal:        2873608 kB
MemFree:           89272 kB
Buffers:           12996 kB
Cached:           878812 kB
SwapCached:          108 kB
Active:          1302500 kB
Inactive:         636720 kB
Active(anon):     848416 kB
Inactive(anon):   213144 kB
Active(file):     454084 kB
Inactive(file):   423576 kB
Unevictable:       13568 kB
Mlocked:               0 kB
SwapTotal:        715328 kB
SwapFree:         693280 kB
Dirty:                32 kB
Writeback:             0 kB
AnonPages:       1060988 kB
Mapped:           611092 kB
Shmem:               580 kB
Slab:              99076 kB
SReclaimable:      31652 kB
SUnreclaim:        67424 kB
KernelStack:       39216 kB
PageTables:        50880 kB
NFS_Unstable:          0 kB
Bounce:                0 kB
WritebackTmp:          0 kB
CommitLimit:     2152132 kB
Committed_AS:   119143348 kB
VmallocTotal:   251658176 kB
VmallocUsed:      136324 kB
VmallocChunk:   251429420 kB
Time pass: 239 sec

---2015-12-16 15:34:01
MemTotal:        2873608 kB
MemFree:           87856 kB
Buffers:           13020 kB
Cached:           878816 kB
SwapCached:          108 kB
Active:          1303424 kB
Inactive:         636740 kB
Active(anon):     849336 kB
Inactive(anon):   213144 kB
Active(file):     454088 kB
Inactive(file):   423596 kB
Unevictable:       13568 kB
Mlocked:               0 kB
SwapTotal:        715328 kB
SwapFree:         693280 kB
Dirty:                80 kB
Writeback:             0 kB
AnonPages:       1061576 kB
Mapped:           611120 kB
Shmem:               584 kB
Slab:              99076 kB
SReclaimable:      31652 kB
SUnreclaim:        67424 kB
KernelStack:       39232 kB
PageTables:        50884 kB
NFS_Unstable:          0 kB
Bounce:                0 kB
WritebackTmp:          0 kB
CommitLimit:     2152132 kB
Committed_AS:   119143364 kB
VmallocTotal:   251658176 kB
VmallocUsed:      136324 kB
VmallocChunk:   251429420 kB
Time pass: 243 sec

---2015-12-16 15:34:01
MemTotal:        2873608 kB
MemFree:           86176 kB
Buffers:           13028 kB
Cached:           878816 kB
SwapCached:          108 kB
Active:          1304764 kB
Inactive:         636748 kB
Active(anon):     850676 kB
Inactive(anon):   213144 kB
Active(file):     454088 kB
Inactive(file):   423604 kB
Unevictable:       13568 kB
Mlocked:               0 kB
SwapTotal:        715328 kB
SwapFree:         693280 kB
Dirty:                36 kB
Writeback:             0 kB
AnonPages:       1063180 kB
Mapped:           611148 kB
Shmem:               584 kB
Slab:              99076 kB
SReclaimable:      31652 kB
SUnreclaim:        67424 kB
KernelStack:       39184 kB
PageTables:        50908 kB
NFS_Unstable:          0 kB
Bounce:                0 kB
WritebackTmp:          0 kB
CommitLimit:     2152132 kB
Committed_AS:   119143380 kB
VmallocTotal:   251658176 kB
VmallocUsed:      136324 kB
VmallocChunk:   251429420 kB
Time pass: 246 sec

---2015-12-16 15:34:01
MemTotal:        2873608 kB
MemFree:           86076 kB
Buffers:           13044 kB
Cached:           878832 kB
SwapCached:          108 kB
Active:          1305488 kB
Inactive:         636780 kB
Active(anon):     851400 kB
Inactive(anon):   213160 kB
Active(file):     454088 kB
Inactive(file):   423620 kB
Unevictable:       13568 kB
Mlocked:               0 kB
SwapTotal:        715328 kB
SwapFree:         693280 kB
Dirty:                76 kB
Writeback:             0 kB
AnonPages:       1063780 kB
Mapped:           611276 kB
Shmem:               600 kB
Slab:              99076 kB
SReclaimable:      31652 kB
SUnreclaim:        67424 kB
KernelStack:       39184 kB
PageTables:        50908 kB
NFS_Unstable:          0 kB
Bounce:                0 kB
WritebackTmp:          0 kB
CommitLimit:     2152132 kB
Committed_AS:   119143356 kB
VmallocTotal:   251658176 kB
VmallocUsed:      136324 kB
VmallocChunk:   251429420 kB
Time pass: 250 sec

---2015-12-16 15:34:01
MemTotal:        2873608 kB
MemFree:           85704 kB
Buffers:           13052 kB
Cached:           878852 kB
SwapCached:          108 kB
Active:          1305408 kB
Inactive:         636808 kB
Active(anon):     851320 kB
Inactive(anon):   213180 kB
Active(file):     454088 kB
Inactive(file):   423628 kB
Unevictable:       13568 kB
Mlocked:               0 kB
SwapTotal:        715328 kB
SwapFree:         693280 kB
Dirty:                32 kB
Writeback:             0 kB
AnonPages:       1063856 kB
Mapped:           611256 kB
Shmem:               620 kB
Slab:              99072 kB
SReclaimable:      31652 kB
SUnreclaim:        67420 kB
KernelStack:       39152 kB
PageTables:        50888 kB
NFS_Unstable:          0 kB
Bounce:                0 kB
WritebackTmp:          0 kB
CommitLimit:     2152132 kB
Committed_AS:   119143372 kB
VmallocTotal:   251658176 kB
VmallocUsed:      136324 kB
VmallocChunk:   251429420 kB
Time pass: 254 sec

---2015-12-16 15:34:01
MemTotal:        2873608 kB
MemFree:           85124 kB
Buffers:           13068 kB
Cached:           878876 kB
SwapCached:          108 kB
Active:          1306496 kB
Inactive:         636836 kB
Active(anon):     852408 kB
Inactive(anon):   213168 kB
Active(file):     454088 kB
Inactive(file):   423668 kB
Unevictable:       13568 kB
Mlocked:               0 kB
SwapTotal:        715328 kB
SwapFree:         693280 kB
Dirty:                48 kB
Writeback:             0 kB
AnonPages:       1064844 kB
Mapped:           611284 kB
Shmem:               620 kB
Slab:              99080 kB
SReclaimable:      31652 kB
SUnreclaim:        67428 kB
KernelStack:       39184 kB
PageTables:        50884 kB
NFS_Unstable:          0 kB
Bounce:                0 kB
WritebackTmp:          0 kB
CommitLimit:     2152132 kB
Committed_AS:   119143380 kB
VmallocTotal:   251658176 kB
VmallocUsed:      136324 kB
VmallocChunk:   251429420 kB
Time pass: 258 sec

---2015-12-16 15:34:01
MemTotal:        2873608 kB
MemFree:           84052 kB
Buffers:           13100 kB
Cached:           879020 kB
SwapCached:          108 kB
Active:          1307584 kB
Inactive:         636988 kB
Active(anon):     853472 kB
Inactive(anon):   213312 kB
Active(file):     454112 kB
Inactive(file):   423676 kB
Unevictable:       13568 kB
Mlocked:               0 kB
SwapTotal:        715328 kB
SwapFree:         693280 kB
Dirty:               104 kB
Writeback:             0 kB
AnonPages:       1065688 kB
Mapped:           611540 kB
Shmem:               764 kB
Slab:              99072 kB
SReclaimable:      31652 kB
SUnreclaim:        67420 kB
KernelStack:       39200 kB
PageTables:        50916 kB
NFS_Unstable:          0 kB
Bounce:                0 kB
WritebackTmp:          0 kB
CommitLimit:     2152132 kB
Committed_AS:   119143412 kB
VmallocTotal:   251658176 kB
VmallocUsed:      136324 kB
VmallocChunk:   251429420 kB
Time pass: 262 sec

---2015-12-16 15:34:01
MemTotal:        2873608 kB
MemFree:           82340 kB
Buffers:           13108 kB
Cached:           879016 kB
SwapCached:          108 kB
Active:          1308332 kB
Inactive:         636964 kB
Active(anon):     854196 kB
Inactive(anon):   213312 kB
Active(file):     454136 kB
Inactive(file):   423652 kB
Unevictable:       13568 kB
Mlocked:               0 kB
SwapTotal:        715328 kB
SwapFree:         693280 kB
Dirty:                40 kB
Writeback:             0 kB
AnonPages:       1066744 kB
Mapped:           611492 kB
Shmem:               764 kB
Slab:              99072 kB
SReclaimable:      31652 kB
SUnreclaim:        67420 kB
KernelStack:       39168 kB
PageTables:        50888 kB
NFS_Unstable:          0 kB
Bounce:                0 kB
WritebackTmp:          0 kB
CommitLimit:     2152132 kB
Committed_AS:   119143388 kB
VmallocTotal:   251658176 kB
VmallocUsed:      136324 kB
VmallocChunk:   251429420 kB
Time pass: 265 sec

---2015-12-16 15:34:01
MemTotal:        2873608 kB
MemFree:           83064 kB
Buffers:           13124 kB
Cached:           879020 kB
SwapCached:          108 kB
Active:          1308188 kB
Inactive:         636988 kB
Active(anon):     854052 kB
Inactive(anon):   213312 kB
Active(file):     454136 kB
Inactive(file):   423676 kB
Unevictable:       13568 kB
Mlocked:               0 kB
SwapTotal:        715328 kB
SwapFree:         693280 kB
Dirty:                56 kB
Writeback:             0 kB
AnonPages:       1066720 kB
Mapped:           611516 kB
Shmem:               764 kB
Slab:              99072 kB
SReclaimable:      31652 kB
SUnreclaim:        67420 kB
KernelStack:       39184 kB
PageTables:        50892 kB
NFS_Unstable:          0 kB
Bounce:                0 kB
WritebackTmp:          0 kB
CommitLimit:     2152132 kB
Committed_AS:   119143364 kB
VmallocTotal:   251658176 kB
VmallocUsed:      136324 kB
VmallocChunk:   251429420 kB
Time pass: 269 sec

---2015-12-16 15:34:01
MemTotal:        2873608 kB
MemFree:           82364 kB
Buffers:           13264 kB
Cached:           879020 kB
SwapCached:          132 kB
Active:          1308472 kB
Inactive:         637168 kB
Active(anon):     854312 kB
Inactive(anon):   213376 kB
Active(file):     454160 kB
Inactive(file):   423792 kB
Unevictable:       13568 kB
Mlocked:               0 kB
SwapTotal:        715328 kB
SwapFree:         693320 kB
Dirty:                48 kB
Writeback:             0 kB
AnonPages:       1066744 kB
Mapped:           611548 kB
Shmem:               764 kB
Slab:              99096 kB
SReclaimable:      31652 kB
SUnreclaim:        67444 kB
KernelStack:       39184 kB
PageTables:        50892 kB
NFS_Unstable:          0 kB
Bounce:                0 kB
WritebackTmp:          0 kB
CommitLimit:     2152132 kB
Committed_AS:   119143396 kB
VmallocTotal:   251658176 kB
VmallocUsed:      136324 kB
VmallocChunk:   251429420 kB
Time pass: 273 sec

---2015-12-16 15:34:01
MemTotal:        2873608 kB
MemFree:           81664 kB
Buffers:           13296 kB
Cached:           879024 kB
SwapCached:          132 kB
Active:          1309960 kB
Inactive:         637196 kB
Active(anon):     855796 kB
Inactive(anon):   213376 kB
Active(file):     454164 kB
Inactive(file):   423820 kB
Unevictable:       13568 kB
Mlocked:               0 kB
SwapTotal:        715328 kB
SwapFree:         693320 kB
Dirty:                84 kB
Writeback:             0 kB
AnonPages:       1068500 kB
Mapped:           611504 kB
Shmem:               768 kB
Slab:              99072 kB
SReclaimable:      31652 kB
SUnreclaim:        67420 kB
KernelStack:       39200 kB
PageTables:        50860 kB
NFS_Unstable:          0 kB
Bounce:                0 kB
WritebackTmp:          0 kB
CommitLimit:     2152132 kB
Committed_AS:   119147532 kB
VmallocTotal:   251658176 kB
VmallocUsed:      136324 kB
VmallocChunk:   251429420 kB
Time pass: 277 sec

---2015-12-16 15:34:01
MemTotal:        2873608 kB
MemFree:           80192 kB
Buffers:           13296 kB
Cached:           879184 kB
SwapCached:          132 kB
Active:          1310244 kB
Inactive:         637348 kB
Active(anon):     856068 kB
Inactive(anon):   213496 kB
Active(file):     454176 kB
Inactive(file):   423852 kB
Unevictable:       13568 kB
Mlocked:               0 kB
SwapTotal:        715328 kB
SwapFree:         693320 kB
Dirty:               108 kB
Writeback:             0 kB
AnonPages:       1068464 kB
Mapped:           611740 kB
Shmem:               884 kB
Slab:              99072 kB
SReclaimable:      31652 kB
SUnreclaim:        67420 kB
KernelStack:       39184 kB
PageTables:        50900 kB
NFS_Unstable:          0 kB
Bounce:                0 kB
WritebackTmp:          0 kB
CommitLimit:     2152132 kB
Committed_AS:   119147484 kB
VmallocTotal:   251658176 kB
VmallocUsed:      136324 kB
VmallocChunk:   251429420 kB
Time pass: 281 sec

---2015-12-16 15:34:01
MemTotal:        2873608 kB
MemFree:           80028 kB
Buffers:           13320 kB
Cached:           879184 kB
SwapCached:          132 kB
Active:          1310684 kB
Inactive:         637372 kB
Active(anon):     856508 kB
Inactive(anon):   213496 kB
Active(file):     454176 kB
Inactive(file):   423876 kB
Unevictable:       13568 kB
Mlocked:               0 kB
SwapTotal:        715328 kB
SwapFree:         693320 kB
Dirty:                80 kB
Writeback:             0 kB
AnonPages:       1068856 kB
Mapped:           611864 kB
Shmem:               884 kB
Slab:              99072 kB
SReclaimable:      31652 kB
SUnreclaim:        67420 kB
KernelStack:       39152 kB
PageTables:        50932 kB
NFS_Unstable:          0 kB
Bounce:                0 kB
WritebackTmp:          0 kB
CommitLimit:     2152132 kB
Committed_AS:   119147492 kB
VmallocTotal:   251658176 kB
VmallocUsed:      136324 kB
VmallocChunk:   251429420 kB
Time pass: 285 sec

---2015-12-16 15:34:01
MemTotal:        2873608 kB
MemFree:           80344 kB
Buffers:           13328 kB
Cached:           879176 kB
SwapCached:          132 kB
Active:          1311240 kB
Inactive:         637372 kB
Active(anon):     857064 kB
Inactive(anon):   213496 kB
Active(file):     454176 kB
Inactive(file):   423876 kB
Unevictable:       13568 kB
Mlocked:               0 kB
SwapTotal:        715328 kB
SwapFree:         693320 kB
Dirty:                 0 kB
Writeback:             0 kB
AnonPages:       1069836 kB
Mapped:           611828 kB
Shmem:               884 kB
Slab:              99072 kB
SReclaimable:      31652 kB
SUnreclaim:        67420 kB
KernelStack:       39200 kB
PageTables:        50900 kB
NFS_Unstable:          0 kB
Bounce:                0 kB
WritebackTmp:          0 kB
CommitLimit:     2152132 kB
Committed_AS:   119149620 kB
VmallocTotal:   251658176 kB
VmallocUsed:      136324 kB
VmallocChunk:   251429420 kB
Time pass: 289 sec

---2015-12-16 15:34:01
MemTotal:        2873608 kB
MemFree:           78524 kB
Buffers:           13352 kB
Cached:           879184 kB
SwapCached:          132 kB
Active:          1311792 kB
Inactive:         637364 kB
Active(anon):     857576 kB
Inactive(anon):   213496 kB
Active(file):     454216 kB
Inactive(file):   423868 kB
Unevictable:       13568 kB
Mlocked:               0 kB
SwapTotal:        715328 kB
SwapFree:         693320 kB
Dirty:               124 kB
Writeback:             0 kB
AnonPages:       1070148 kB
Mapped:           611860 kB
Shmem:               884 kB
Slab:              99072 kB
SReclaimable:      31652 kB
SUnreclaim:        67420 kB
KernelStack:       39184 kB
PageTables:        50900 kB
NFS_Unstable:          0 kB
Bounce:                0 kB
WritebackTmp:          0 kB
CommitLimit:     2152132 kB
Committed_AS:   119147540 kB
VmallocTotal:   251658176 kB
VmallocUsed:      136324 kB
VmallocChunk:   251429420 kB
Time pass: 293 sec

---2015-12-16 15:34:01
MemTotal:        2873608 kB
MemFree:           78420 kB
Buffers:           13352 kB
Cached:           879184 kB
SwapCached:          132 kB
Active:          1312412 kB
Inactive:         637364 kB
Active(anon):     858196 kB
Inactive(anon):   213496 kB
Active(file):     454216 kB
Inactive(file):   423868 kB
Unevictable:       13568 kB
Mlocked:               0 kB
SwapTotal:        715328 kB
SwapFree:         693320 kB
Dirty:                 0 kB
Writeback:             0 kB
AnonPages:       1070380 kB
Mapped:           611980 kB
Shmem:               884 kB
Slab:              99072 kB
SReclaimable:      31652 kB
SUnreclaim:        67420 kB
KernelStack:       39184 kB
PageTables:        50928 kB
NFS_Unstable:          0 kB
Bounce:                0 kB
WritebackTmp:          0 kB
CommitLimit:     2152132 kB
Committed_AS:   119147484 kB
VmallocTotal:   251658176 kB
VmallocUsed:      136324 kB
VmallocChunk:   251429420 kB
Time pass: 296 sec

---2015-12-16 15:34:01
MemTotal:        2873608 kB
MemFree:           77708 kB
Buffers:           13376 kB
Cached:           879184 kB
SwapCached:          132 kB
Active:          1312828 kB
Inactive:         637388 kB
Active(anon):     858612 kB
Inactive(anon):   213496 kB
Active(file):     454216 kB
Inactive(file):   423892 kB
Unevictable:       13568 kB
Mlocked:               0 kB
SwapTotal:        715328 kB
SwapFree:         693320 kB
Dirty:                48 kB
Writeback:             0 kB
AnonPages:       1071060 kB
Mapped:           611928 kB
Shmem:               884 kB
Slab:              99080 kB
SReclaimable:      31652 kB
SUnreclaim:        67428 kB
KernelStack:       39168 kB
PageTables:        50904 kB
NFS_Unstable:          0 kB
Bounce:                0 kB
WritebackTmp:          0 kB
CommitLimit:     2152132 kB
Committed_AS:   119147460 kB
VmallocTotal:   251658176 kB
VmallocUsed:      136324 kB
VmallocChunk:   251429420 kB
Time pass: 300 sec

---2015-12-16 15:34:01
MemTotal:        2873608 kB
MemFree:           77996 kB
Buffers:           13376 kB
Cached:           879184 kB
SwapCached:          132 kB
Active:          1312828 kB
Inactive:         637388 kB
Active(anon):     858612 kB
Inactive(anon):   213496 kB
Active(file):     454216 kB
Inactive(file):   423892 kB
Unevictable:       13568 kB
Mlocked:               0 kB
SwapTotal:        715328 kB
SwapFree:         693320 kB
Dirty:                48 kB
Writeback:             0 kB
AnonPages:       1071172 kB
Mapped:           611956 kB
Shmem:               884 kB
Slab:              99088 kB
SReclaimable:      31652 kB
SUnreclaim:        67436 kB
KernelStack:       39184 kB
PageTables:        50900 kB
NFS_Unstable:          0 kB
Bounce:                0 kB
WritebackTmp:          0 kB
CommitLimit:     2152132 kB
Committed_AS:   119147460 kB
VmallocTotal:   251658176 kB
VmallocUsed:      136324 kB
VmallocChunk:   251429420 kB
Time pass: 304 sec

---2015-12-16 15:34:01
MemTotal:        2873608 kB
MemFree:           77592 kB
Buffers:           13400 kB
Cached:           879184 kB
SwapCached:          132 kB
Active:          1313084 kB
Inactive:         637408 kB
Active(anon):     858868 kB
Inactive(anon):   213496 kB
Active(file):     454216 kB
Inactive(file):   423912 kB
Unevictable:       13568 kB
Mlocked:               0 kB
SwapTotal:        715328 kB
SwapFree:         693320 kB
Dirty:                48 kB
Writeback:             0 kB
AnonPages:       1071324 kB
Mapped:           612060 kB
Shmem:               884 kB
Slab:              99088 kB
SReclaimable:      31652 kB
SUnreclaim:        67436 kB
KernelStack:       39200 kB
PageTables:        50936 kB
NFS_Unstable:          0 kB
Bounce:                0 kB
WritebackTmp:          0 kB
CommitLimit:     2152132 kB
Committed_AS:   119147468 kB
VmallocTotal:   251658176 kB
VmallocUsed:      136324 kB
VmallocChunk:   251429420 kB
Time pass: 308 sec

---2015-12-16 15:34:01
MemTotal:        2873608 kB
MemFree:           76968 kB
Buffers:           13416 kB
Cached:           879168 kB
SwapCached:          132 kB
Active:          1313736 kB
Inactive:         637412 kB
Active(anon):     859520 kB
Inactive(anon):   213496 kB
Active(file):     454216 kB
Inactive(file):   423916 kB
Unevictable:       13568 kB
Mlocked:               0 kB
SwapTotal:        715328 kB
SwapFree:         693320 kB
Dirty:                44 kB
Writeback:             0 kB
AnonPages:       1071972 kB
Mapped:           612012 kB
Shmem:               884 kB
Slab:              99076 kB
SReclaimable:      31652 kB
SUnreclaim:        67424 kB
KernelStack:       39184 kB
PageTables:        50912 kB
NFS_Unstable:          0 kB
Bounce:                0 kB
WritebackTmp:          0 kB
CommitLimit:     2152132 kB
Committed_AS:   119147484 kB
VmallocTotal:   251658176 kB
VmallocUsed:      136324 kB
VmallocChunk:   251429420 kB
Time pass: 312 sec

---2015-12-16 15:34:01
MemTotal:        2873608 kB
MemFree:           76676 kB
Buffers:           13416 kB
Cached:           879276 kB
SwapCached:          132 kB
Active:          1313964 kB
Inactive:         637520 kB
Active(anon):     859748 kB
Inactive(anon):   213588 kB
Active(file):     454216 kB
Inactive(file):   423932 kB
Unevictable:       13568 kB
Mlocked:               0 kB
SwapTotal:        715328 kB
SwapFree:         693320 kB
Dirty:                48 kB
Writeback:             0 kB
AnonPages:       1072328 kB
Mapped:           612144 kB
Shmem:               976 kB
Slab:              99076 kB
SReclaimable:      31652 kB
SUnreclaim:        67424 kB
KernelStack:       39168 kB
PageTables:        50912 kB
NFS_Unstable:          0 kB
Bounce:                0 kB
WritebackTmp:          0 kB
CommitLimit:     2152132 kB
Committed_AS:   119147468 kB
VmallocTotal:   251658176 kB
VmallocUsed:      136324 kB
VmallocChunk:   251429420 kB
Time pass: 315 sec

---2015-12-16 15:34:01
MemTotal:        2873608 kB
MemFree:           76584 kB
Buffers:           13440 kB
Cached:           879272 kB
SwapCached:          132 kB
Active:          1314460 kB
Inactive:         637536 kB
Active(anon):     860244 kB
Inactive(anon):   213588 kB
Active(file):     454216 kB
Inactive(file):   423948 kB
Unevictable:       13568 kB
Mlocked:               0 kB
SwapTotal:        715328 kB
SwapFree:         693320 kB
Dirty:                56 kB
Writeback:             0 kB
AnonPages:       1072796 kB
Mapped:           612172 kB
Shmem:               976 kB
Slab:              99072 kB
SReclaimable:      31652 kB
SUnreclaim:        67420 kB
KernelStack:       39168 kB
PageTables:        50904 kB
NFS_Unstable:          0 kB
Bounce:                0 kB
WritebackTmp:          0 kB
CommitLimit:     2152132 kB
Committed_AS:   119147420 kB
VmallocTotal:   251658176 kB
VmallocUsed:      136324 kB
VmallocChunk:   251429420 kB
Time pass: 320 sec

---2015-12-16 15:34:01
MemTotal:        2873608 kB
MemFree:           74752 kB
Buffers:           13440 kB
Cached:           879276 kB
SwapCached:          132 kB
Active:          1315252 kB
Inactive:         637544 kB
Active(anon):     861036 kB
Inactive(anon):   213588 kB
Active(file):     454216 kB
Inactive(file):   423956 kB
Unevictable:       13568 kB
Mlocked:               0 kB
SwapTotal:        715328 kB
SwapFree:         693320 kB
Dirty:                 0 kB
Writeback:             0 kB
AnonPages:       1073392 kB
Mapped:           612204 kB
Shmem:               976 kB
Slab:              99072 kB
SReclaimable:      31652 kB
SUnreclaim:        67420 kB
KernelStack:       39168 kB
PageTables:        50908 kB
NFS_Unstable:          0 kB
Bounce:                0 kB
WritebackTmp:          0 kB
CommitLimit:     2152132 kB
Committed_AS:   119147460 kB
VmallocTotal:   251658176 kB
VmallocUsed:      136324 kB
VmallocChunk:   251429420 kB
Time pass: 323 sec

---2015-12-16 15:34:01
MemTotal:        2873608 kB
MemFree:           74220 kB
Buffers:           13464 kB
Cached:           879276 kB
SwapCached:          132 kB
Active:          1315788 kB
Inactive:         637548 kB
Active(anon):     861552 kB
Inactive(anon):   213588 kB
Active(file):     454236 kB
Inactive(file):   423960 kB
Unevictable:       13568 kB
Mlocked:               0 kB
SwapTotal:        715328 kB
SwapFree:         693320 kB
Dirty:               100 kB
Writeback:             0 kB
AnonPages:       1074056 kB
Mapped:           612220 kB
Shmem:               976 kB
Slab:              99072 kB
SReclaimable:      31652 kB
SUnreclaim:        67420 kB
KernelStack:       39200 kB
PageTables:        50908 kB
NFS_Unstable:          0 kB
Bounce:                0 kB
WritebackTmp:          0 kB
CommitLimit:     2152132 kB
Committed_AS:   119147428 kB
VmallocTotal:   251658176 kB
VmallocUsed:      136324 kB
VmallocChunk:   251429420 kB
Time pass: 327 sec

---2015-12-16 15:34:01
MemTotal:        2873608 kB
MemFree:           74524 kB
Buffers:           13464 kB
Cached:           879276 kB
SwapCached:          132 kB
Active:          1315892 kB
Inactive:         637548 kB
Active(anon):     861656 kB
Inactive(anon):   213588 kB
Active(file):     454236 kB
Inactive(file):   423960 kB
Unevictable:       13568 kB
Mlocked:               0 kB
SwapTotal:        715328 kB
SwapFree:         693320 kB
Dirty:                 0 kB
Writeback:             0 kB
AnonPages:       1074080 kB
Mapped:           612304 kB
Shmem:               976 kB
Slab:              99072 kB
SReclaimable:      31652 kB
SUnreclaim:        67420 kB
KernelStack:       39168 kB
PageTables:        50944 kB
NFS_Unstable:          0 kB
Bounce:                0 kB
WritebackTmp:          0 kB
CommitLimit:     2152132 kB
Committed_AS:   119147452 kB
VmallocTotal:   251658176 kB
VmallocUsed:      136324 kB
VmallocChunk:   251429420 kB
Time pass: 331 sec

---2015-12-16 15:34:01
MemTotal:        2873608 kB
MemFree:           75700 kB
Buffers:           13472 kB
Cached:           879276 kB
SwapCached:          132 kB
Active:          1314412 kB
Inactive:         637556 kB
Active(anon):     860176 kB
Inactive(anon):   213588 kB
Active(file):     454236 kB
Inactive(file):   423968 kB
Unevictable:       13568 kB
Mlocked:               0 kB
SwapTotal:        715328 kB
SwapFree:         693320 kB
Dirty:                32 kB
Writeback:             0 kB
AnonPages:       1072736 kB
Mapped:           612220 kB
Shmem:               976 kB
Slab:              99068 kB
SReclaimable:      31652 kB
SUnreclaim:        67416 kB
KernelStack:       39152 kB
PageTables:        50912 kB
NFS_Unstable:          0 kB
Bounce:                0 kB
WritebackTmp:          0 kB
CommitLimit:     2152132 kB
Committed_AS:   119147452 kB
VmallocTotal:   251658176 kB
VmallocUsed:      136324 kB
VmallocChunk:   251429420 kB
Time pass: 335 sec

---2015-12-16 15:34:01
MemTotal:        2873608 kB
MemFree:           75432 kB
Buffers:           13488 kB
Cached:           879276 kB
SwapCached:          132 kB
Active:          1314704 kB
Inactive:         637572 kB
Active(anon):     860468 kB
Inactive(anon):   213588 kB
Active(file):     454236 kB
Inactive(file):   423984 kB
Unevictable:       13568 kB
Mlocked:               0 kB
SwapTotal:        715328 kB
SwapFree:         693320 kB
Dirty:                48 kB
Writeback:             0 kB
AnonPages:       1073064 kB
Mapped:           612224 kB
Shmem:               976 kB
Slab:              99088 kB
SReclaimable:      31636 kB
SUnreclaim:        67452 kB
KernelStack:       39168 kB
PageTables:        50920 kB
NFS_Unstable:          0 kB
Bounce:                0 kB
WritebackTmp:          0 kB
CommitLimit:     2152132 kB
Committed_AS:   119147436 kB
VmallocTotal:   251658176 kB
VmallocUsed:      136324 kB
VmallocChunk:   251429420 kB
Time pass: 339 sec

---2015-12-16 15:34:01
MemTotal:        2873608 kB
MemFree:           75424 kB
Buffers:           13496 kB
Cached:           879440 kB
SwapCached:          136 kB
Active:          1314732 kB
Inactive:         637716 kB
Active(anon):     860464 kB
Inactive(anon):   213596 kB
Active(file):     454268 kB
Inactive(file):   424120 kB
Unevictable:       13568 kB
Mlocked:               0 kB
SwapTotal:        715328 kB
SwapFree:         693320 kB
Dirty:                32 kB
Writeback:             0 kB
AnonPages:       1073092 kB
Mapped:           612200 kB
Shmem:               980 kB
Slab:              99080 kB
SReclaimable:      31636 kB
SUnreclaim:        67444 kB
KernelStack:       39168 kB
PageTables:        50888 kB
NFS_Unstable:          0 kB
Bounce:                0 kB
WritebackTmp:          0 kB
CommitLimit:     2152132 kB
Committed_AS:   119147456 kB
VmallocTotal:   251658176 kB
VmallocUsed:      136324 kB
VmallocChunk:   251429420 kB
Time pass: 342 sec

---2015-12-16 15:34:01
MemTotal:        2873608 kB
MemFree:           82916 kB
Buffers:           13512 kB
Cached:           879464 kB
SwapCached:          136 kB
Active:          1307232 kB
Inactive:         637756 kB
Active(anon):     852964 kB
Inactive(anon):   213620 kB
Active(file):     454268 kB
Inactive(file):   424136 kB
Unevictable:       13568 kB
Mlocked:               0 kB
SwapTotal:        715328 kB
SwapFree:         693320 kB
Dirty:                 0 kB
Writeback:             0 kB
AnonPages:       1065444 kB
Mapped:           612308 kB
Shmem:              1004 kB
Slab:              99056 kB
SReclaimable:      31636 kB
SUnreclaim:        67420 kB
KernelStack:       39072 kB
PageTables:        50912 kB
NFS_Unstable:          0 kB
Bounce:                0 kB
WritebackTmp:          0 kB
CommitLimit:     2152132 kB
Committed_AS:   119147244 kB
VmallocTotal:   251658176 kB
VmallocUsed:      136324 kB
VmallocChunk:   251429420 kB
Time pass: 346 sec

---2015-12-16 15:34:01
MemTotal:        2873608 kB
MemFree:           82108 kB
Buffers:           13528 kB
Cached:           879612 kB
SwapCached:          136 kB
Active:          1307600 kB
Inactive:         637920 kB
Active(anon):     853332 kB
Inactive(anon):   213760 kB
Active(file):     454268 kB
Inactive(file):   424160 kB
Unevictable:       13568 kB
Mlocked:               0 kB
SwapTotal:        715328 kB
SwapFree:         693320 kB
Dirty:                52 kB
Writeback:             0 kB
AnonPages:       1065924 kB
Mapped:           612452 kB
Shmem:              1144 kB
Slab:              99072 kB
SReclaimable:      31636 kB
SUnreclaim:        67436 kB
KernelStack:       39040 kB
PageTables:        50916 kB
NFS_Unstable:          0 kB
Bounce:                0 kB
WritebackTmp:          0 kB
CommitLimit:     2152132 kB
Committed_AS:   119147196 kB
VmallocTotal:   251658176 kB
VmallocUsed:      136324 kB
VmallocChunk:   251429420 kB
Time pass: 350 sec

---2015-12-16 15:34:01
MemTotal:        2873608 kB
MemFree:           82540 kB
Buffers:           13536 kB
Cached:           879612 kB
SwapCached:          136 kB
Active:          1307936 kB
Inactive:         637928 kB
Active(anon):     853668 kB
Inactive(anon):   213760 kB
Active(file):     454268 kB
Inactive(file):   424168 kB
Unevictable:       13568 kB
Mlocked:               0 kB
SwapTotal:        715328 kB
SwapFree:         693320 kB
Dirty:                32 kB
Writeback:             0 kB
AnonPages:       1066080 kB
Mapped:           612452 kB
Shmem:              1144 kB
Slab:              99220 kB
SReclaimable:      31636 kB
SUnreclaim:        67584 kB
KernelStack:       39072 kB
PageTables:        50912 kB
NFS_Unstable:          0 kB
Bounce:                0 kB
WritebackTmp:          0 kB
CommitLimit:     2152132 kB
Committed_AS:   119147220 kB
VmallocTotal:   251658176 kB
VmallocUsed:      136324 kB
VmallocChunk:   251429420 kB
Time pass: 354 sec

---2015-12-16 15:34:01
MemTotal:        2873608 kB
MemFree:           81460 kB
Buffers:           13552 kB
Cached:           879676 kB
SwapCached:          136 kB
Active:          1308252 kB
Inactive:         638008 kB
Active(anon):     853984 kB
Inactive(anon):   213764 kB
Active(file):     454268 kB
Inactive(file):   424244 kB
Unevictable:       13568 kB
Mlocked:               0 kB
SwapTotal:        715328 kB
SwapFree:         693320 kB
Dirty:                44 kB
Writeback:             0 kB
AnonPages:       1066416 kB
Mapped:           612464 kB
Shmem:              1148 kB
Slab:              99072 kB
SReclaimable:      31636 kB
SUnreclaim:        67436 kB
KernelStack:       39056 kB
PageTables:        50908 kB
NFS_Unstable:          0 kB
Bounce:                0 kB
WritebackTmp:          0 kB
CommitLimit:     2152132 kB
Committed_AS:   119147172 kB
VmallocTotal:   251658176 kB
VmallocUsed:      136324 kB
VmallocChunk:   251429420 kB
Time pass: 358 sec

---2015-12-16 15:34:01
MemTotal:        2873608 kB
MemFree:           81440 kB
Buffers:           13560 kB
Cached:           879672 kB
SwapCached:          136 kB
Active:          1308288 kB
Inactive:         638012 kB
Active(anon):     854020 kB
Inactive(anon):   213764 kB
Active(file):     454268 kB
Inactive(file):   424248 kB
Unevictable:       13568 kB
Mlocked:               0 kB
SwapTotal:        715328 kB
SwapFree:         693320 kB
Dirty:                32 kB
Writeback:             0 kB
AnonPages:       1066448 kB
Mapped:           612552 kB
Shmem:              1148 kB
Slab:              99100 kB
SReclaimable:      31636 kB
SUnreclaim:        67464 kB
KernelStack:       39056 kB
PageTables:        50932 kB
NFS_Unstable:          0 kB
Bounce:                0 kB
WritebackTmp:          0 kB
CommitLimit:     2152132 kB
Committed_AS:   119147184 kB
VmallocTotal:   251658176 kB
VmallocUsed:      136324 kB
VmallocChunk:   251429420 kB
Time pass: 361 sec

---2015-12-16 15:34:01
MemTotal:        2873608 kB
MemFree:           81240 kB
Buffers:           13576 kB
Cached:           879676 kB
SwapCached:          136 kB
Active:          1308536 kB
Inactive:         638032 kB
Active(anon):     854268 kB
Inactive(anon):   213764 kB
Active(file):     454268 kB
Inactive(file):   424268 kB
Unevictable:       13568 kB
Mlocked:               0 kB
SwapTotal:        715328 kB
SwapFree:         693320 kB
Dirty:                44 kB
Writeback:             0 kB
AnonPages:       1066684 kB
Mapped:           612552 kB
Shmem:              1148 kB
Slab:              99072 kB
SReclaimable:      31636 kB
SUnreclaim:        67436 kB
KernelStack:       39056 kB
PageTables:        50932 kB
NFS_Unstable:          0 kB
Bounce:                0 kB
WritebackTmp:          0 kB
CommitLimit:     2152132 kB
Committed_AS:   119147180 kB
VmallocTotal:   251658176 kB
VmallocUsed:      136324 kB
VmallocChunk:   251429420 kB
Time pass: 365 sec

---2015-12-16 15:34:01
MemTotal:        2873608 kB
MemFree:           80820 kB
Buffers:           13584 kB
Cached:           879676 kB
SwapCached:          136 kB
Active:          1308656 kB
Inactive:         638036 kB
Active(anon):     854388 kB
Inactive(anon):   213760 kB
Active(file):     454268 kB
Inactive(file):   424276 kB
Unevictable:       13568 kB
Mlocked:               0 kB
SwapTotal:        715328 kB
SwapFree:         693324 kB
Dirty:                32 kB
Writeback:             0 kB
AnonPages:       1066964 kB
Mapped:           612468 kB
Shmem:              1148 kB
Slab:              99072 kB
SReclaimable:      31636 kB
SUnreclaim:        67436 kB
KernelStack:       39056 kB
PageTables:        50908 kB
NFS_Unstable:          0 kB
Bounce:                0 kB
WritebackTmp:          0 kB
CommitLimit:     2152132 kB
Committed_AS:   119147172 kB
VmallocTotal:   251658176 kB
VmallocUsed:      136324 kB
VmallocChunk:   251429420 kB
Time pass: 369 sec

---2015-12-16 15:34:01
MemTotal:        2873608 kB
MemFree:           81848 kB
Buffers:           13600 kB
Cached:           879676 kB
SwapCached:          136 kB
Active:          1308552 kB
Inactive:         638056 kB
Active(anon):     854284 kB
Inactive(anon):   213764 kB
Active(file):     454268 kB
Inactive(file):   424292 kB
Unevictable:       13568 kB
Mlocked:               0 kB
SwapTotal:        715328 kB
SwapFree:         693324 kB
Dirty:                52 kB
Writeback:             0 kB
AnonPages:       1066860 kB
Mapped:           612472 kB
Shmem:              1148 kB
Slab:              99072 kB
SReclaimable:      31636 kB
SUnreclaim:        67436 kB
KernelStack:       39024 kB
PageTables:        50940 kB
NFS_Unstable:          0 kB
Bounce:                0 kB
WritebackTmp:          0 kB
CommitLimit:     2152132 kB
Committed_AS:   119151260 kB
VmallocTotal:   251658176 kB
VmallocUsed:      136324 kB
VmallocChunk:   251429420 kB
Time pass: 373 sec

---2015-12-16 15:34:01
MemTotal:        2873608 kB
MemFree:           80728 kB
Buffers:           13616 kB
Cached:           879676 kB
SwapCached:          136 kB
Active:          1308852 kB
Inactive:         638068 kB
Active(anon):     854584 kB
Inactive(anon):   213760 kB
Active(file):     454268 kB
Inactive(file):   424308 kB
Unevictable:       13568 kB
Mlocked:               0 kB
SwapTotal:        715328 kB
SwapFree:         693324 kB
Dirty:                48 kB
Writeback:             0 kB
AnonPages:       1067188 kB
Mapped:           612512 kB
Shmem:              1148 kB
Slab:              99112 kB
SReclaimable:      31636 kB
SUnreclaim:        67476 kB
KernelStack:       39056 kB
PageTables:        50948 kB
NFS_Unstable:          0 kB
Bounce:                0 kB
WritebackTmp:          0 kB
CommitLimit:     2152132 kB
Committed_AS:   119151260 kB
VmallocTotal:   251658176 kB
VmallocUsed:      136324 kB
VmallocChunk:   251429420 kB
Time pass: 377 sec

---2015-12-16 15:34:01
MemTotal:        2873608 kB
MemFree:           80276 kB
Buffers:           13624 kB
Cached:           879668 kB
SwapCached:          136 kB
Active:          1309188 kB
Inactive:         638068 kB
Active(anon):     854920 kB
Inactive(anon):   213760 kB
Active(file):     454268 kB
Inactive(file):   424308 kB
Unevictable:       13568 kB
Mlocked:               0 kB
SwapTotal:        715328 kB
SwapFree:         693324 kB
Dirty:                 0 kB
Writeback:             0 kB
AnonPages:       1067584 kB
Mapped:           612512 kB
Shmem:              1148 kB
Slab:              99068 kB
SReclaimable:      31636 kB
SUnreclaim:        67432 kB
KernelStack:       39056 kB
PageTables:        50948 kB
NFS_Unstable:          0 kB
Bounce:                0 kB
WritebackTmp:          0 kB
CommitLimit:     2152132 kB
Committed_AS:   119151260 kB
VmallocTotal:   251658176 kB
VmallocUsed:      136324 kB
VmallocChunk:   251429420 kB
Time pass: 381 sec

---2015-12-16 15:34:01
MemTotal:        2873608 kB
MemFree:           80156 kB
Buffers:           13640 kB
Cached:           879676 kB
SwapCached:          136 kB
Active:          1310140 kB
Inactive:         638092 kB
Active(anon):     855872 kB
Inactive(anon):   213760 kB
Active(file):     454268 kB
Inactive(file):   424332 kB
Unevictable:       13568 kB
Mlocked:               0 kB
SwapTotal:        715328 kB
SwapFree:         693324 kB
Dirty:                48 kB
Writeback:             0 kB
AnonPages:       1068496 kB
Mapped:           612472 kB
Shmem:              1148 kB
Slab:              99068 kB
SReclaimable:      31636 kB
SUnreclaim:        67432 kB
KernelStack:       39056 kB
PageTables:        50940 kB
NFS_Unstable:          0 kB
Bounce:                0 kB
WritebackTmp:          0 kB
CommitLimit:     2152132 kB
Committed_AS:   119151316 kB
VmallocTotal:   251658176 kB
VmallocUsed:      136324 kB
VmallocChunk:   251429420 kB
Time pass: 385 sec

---2015-12-16 15:34:01
MemTotal:        2873608 kB
MemFree:           79680 kB
Buffers:           13648 kB
Cached:           879676 kB
SwapCached:          136 kB
Active:          1309964 kB
Inactive:         638068 kB
Active(anon):     855664 kB
Inactive(anon):   213760 kB
Active(file):     454300 kB
Inactive(file):   424308 kB
Unevictable:       13568 kB
Mlocked:               0 kB
SwapTotal:        715328 kB
SwapFree:         693324 kB
Dirty:               100 kB
Writeback:             0 kB
AnonPages:       1068240 kB
Mapped:           612468 kB
Shmem:              1148 kB
Slab:              99068 kB
SReclaimable:      31636 kB
SUnreclaim:        67432 kB
KernelStack:       39056 kB
PageTables:        50912 kB
NFS_Unstable:          0 kB
Bounce:                0 kB
WritebackTmp:          0 kB
CommitLimit:     2152132 kB
Committed_AS:   119151276 kB
VmallocTotal:   251658176 kB
VmallocUsed:      136324 kB
VmallocChunk:   251429420 kB
Time pass: 389 sec

---2015-12-16 15:34:01
MemTotal:        2873608 kB
MemFree:           80760 kB
Buffers:           13664 kB
Cached:           879676 kB
SwapCached:          136 kB
Active:          1310020 kB
Inactive:         638084 kB
Active(anon):     855720 kB
Inactive(anon):   213760 kB
Active(file):     454300 kB
Inactive(file):   424324 kB
Unevictable:       13568 kB
Mlocked:               0 kB
SwapTotal:        715328 kB
SwapFree:         693324 kB
Dirty:                48 kB
Writeback:             0 kB
AnonPages:       1068356 kB
Mapped:           612468 kB
Shmem:              1148 kB
Slab:              99068 kB
SReclaimable:      31636 kB
SUnreclaim:        67432 kB
KernelStack:       39056 kB
PageTables:        50912 kB
NFS_Unstable:          0 kB
Bounce:                0 kB
WritebackTmp:          0 kB
CommitLimit:     2152132 kB
Committed_AS:   119151268 kB
VmallocTotal:   251658176 kB
VmallocUsed:      136324 kB
VmallocChunk:   251429420 kB
Time pass: 393 sec

---2015-12-16 15:34:01
MemTotal:        2873608 kB
MemFree:           79952 kB
Buffers:           13672 kB
