---2015-12-03 09:19:26
MemTotal:        1745540 kB
MemFree:           44912 kB
Buffers:            9652 kB
Cached:           586704 kB
SwapCached:        18448 kB
Active:           668352 kB
Inactive:         685980 kB
Active(anon):     377492 kB
Inactive(anon):   384400 kB
Active(file):     290860 kB
Inactive(file):   301580 kB
Unevictable:        3816 kB
Mlocked:               0 kB
HighTotal:       1217536 kB
HighFree:          19184 kB
LowTotal:         528004 kB
LowFree:           25728 kB
SwapTotal:       1310716 kB
SwapFree:         958032 kB
Dirty:                 0 kB
Writeback:             0 kB
AnonPages:        749956 kB
Mapped:           308560 kB
Shmem:               100 kB
Slab:              56608 kB
SReclaimable:      16284 kB
SUnreclaim:        40324 kB
KernelStack:       15848 kB
PageTables:        56156 kB
NFS_Unstable:          0 kB
Bounce:                0 kB
WritebackTmp:          0 kB
CommitLimit:     2183484 kB
Committed_AS:   131766916 kB
VmallocTotal:     311296 kB
VmallocUsed:       17900 kB
VmallocChunk:     139276 kB
Time pass: 3 sec

---2015-12-03 09:19:26
MemTotal:        1745540 kB
MemFree:           44952 kB
Buffers:            9652 kB
Cached:           586740 kB
SwapCached:        18448 kB
Active:           668456 kB
Inactive:         685992 kB
Active(anon):     377568 kB
Inactive(anon):   384404 kB
Active(file):     290888 kB
Inactive(file):   301588 kB
Unevictable:        3816 kB
Mlocked:               0 kB
HighTotal:       1217536 kB
HighFree:          19228 kB
LowTotal:         528004 kB
LowFree:           25724 kB
SwapTotal:       1310716 kB
SwapFree:         958036 kB
Dirty:                 0 kB
Writeback:             0 kB
AnonPages:        749984 kB
Mapped:           308564 kB
Shmem:               100 kB
Slab:              56608 kB
SReclaimable:      16284 kB
SUnreclaim:        40324 kB
KernelStack:       15848 kB
PageTables:        56156 kB
NFS_Unstable:          0 kB
Bounce:                0 kB
WritebackTmp:          0 kB
CommitLimit:     2183484 kB
Committed_AS:   131766996 kB
VmallocTotal:     311296 kB
VmallocUsed:       17900 kB
VmallocChunk:     139276 kB
Time pass: 7 sec

---2015-12-03 09:19:26
MemTotal:        1745540 kB
MemFree:           44872 kB
Buffers:            9652 kB
Cached:           586740 kB
SwapCached:        18448 kB
Active:           668484 kB
Inactive:         685992 kB
Active(anon):     377596 kB
Inactive(anon):   384404 kB
Active(file):     290888 kB
Inactive(file):   301588 kB
Unevictable:        3816 kB
Mlocked:               0 kB
HighTotal:       1217536 kB
HighFree:          19132 kB
LowTotal:         528004 kB
LowFree:           25740 kB
SwapTotal:       1310716 kB
SwapFree:         958036 kB
Dirty:                 0 kB
Writeback:             0 kB
AnonPages:        750056 kB
Mapped:           308564 kB
Shmem:               100 kB
Slab:              56600 kB
SReclaimable:      16276 kB
SUnreclaim:        40324 kB
KernelStack:       15848 kB
PageTables:        56156 kB
NFS_Unstable:          0 kB
Bounce:                0 kB
WritebackTmp:          0 kB
CommitLimit:     2183484 kB
Committed_AS:   131767076 kB
VmallocTotal:     311296 kB
VmallocUsed:       17900 kB
VmallocChunk:     139276 kB
Time pass: 10 sec

---2015-12-03 09:19:26
MemTotal:        1745540 kB
MemFree:           50472 kB
Buffers:            9652 kB
Cached:           586740 kB
SwapCached:        18464 kB
Active:           663620 kB
Inactive:         685912 kB
Active(anon):     372732 kB
Inactive(anon):   384324 kB
Active(file):     290888 kB
Inactive(file):   301588 kB
Unevictable:        3816 kB
Mlocked:               0 kB
HighTotal:       1217536 kB
HighFree:          23968 kB
LowTotal:         528004 kB
LowFree:           26504 kB
SwapTotal:       1310716 kB
SwapFree:         958084 kB
Dirty:                 0 kB
Writeback:             0 kB
AnonPages:        745068 kB
Mapped:           308148 kB
Shmem:               100 kB
Slab:              56604 kB
SReclaimable:      16276 kB
SUnreclaim:        40328 kB
KernelStack:       15712 kB
PageTables:        55624 kB
NFS_Unstable:          0 kB
Bounce:                0 kB
WritebackTmp:          0 kB
CommitLimit:     2183484 kB
Committed_AS:   130266812 kB
VmallocTotal:     311296 kB
VmallocUsed:       17900 kB
VmallocChunk:     139276 kB
Time pass: 14 sec

---2015-12-03 09:19:26
MemTotal:        1745540 kB
MemFree:           50768 kB
Buffers:            9652 kB
Cached:           586740 kB
SwapCached:        18464 kB
Active:           663456 kB
Inactive:         685884 kB
Active(anon):     372568 kB
Inactive(anon):   384296 kB
Active(file):     290888 kB
Inactive(file):   301588 kB
Unevictable:        3816 kB
Mlocked:               0 kB
HighTotal:       1217536 kB
HighFree:          24216 kB
LowTotal:         528004 kB
LowFree:           26552 kB
SwapTotal:       1310716 kB
SwapFree:         958092 kB
Dirty:                 0 kB
Writeback:             0 kB
AnonPages:        744908 kB
Mapped:           308160 kB
Shmem:               100 kB
Slab:              56600 kB
SReclaimable:      16276 kB
SUnreclaim:        40324 kB
KernelStack:       15640 kB
PageTables:        55604 kB
NFS_Unstable:          0 kB
Bounce:                0 kB
WritebackTmp:          0 kB
CommitLimit:     2183484 kB
Committed_AS:   130266652 kB
VmallocTotal:     311296 kB
VmallocUsed:       17900 kB
VmallocChunk:     139276 kB
Time pass: 18 sec

---2015-12-03 09:19:26
MemTotal:        1745540 kB
MemFree:           52000 kB
Buffers:            9436 kB
Cached:           584904 kB
SwapCached:        18756 kB
Active:           665680 kB
Inactive:         682764 kB
Active(anon):     375520 kB
Inactive(anon):   382464 kB
Active(file):     290160 kB
Inactive(file):   300300 kB
Unevictable:        3816 kB
Mlocked:               0 kB
HighTotal:       1217536 kB
HighFree:          23280 kB
LowTotal:         528004 kB
LowFree:           28720 kB
SwapTotal:       1310716 kB
SwapFree:         959720 kB
Dirty:                 0 kB
Writeback:             0 kB
AnonPages:        746064 kB
Mapped:           309104 kB
Shmem:               100 kB
Slab:              56572 kB
SReclaimable:      16276 kB
SUnreclaim:        40296 kB
KernelStack:       15568 kB
PageTables:        54940 kB
NFS_Unstable:          0 kB
Bounce:                0 kB
WritebackTmp:          0 kB
CommitLimit:     2183484 kB
Committed_AS:   128696708 kB
VmallocTotal:     311296 kB
VmallocUsed:       17968 kB
VmallocChunk:     139276 kB
Time pass: 21 sec

---2015-12-03 09:19:26
MemTotal:        1745540 kB
MemFree:           50864 kB
Buffers:            8200 kB
Cached:           490528 kB
SwapCached:        31752 kB
Active:           623408 kB
Inactive:         623708 kB
Active(anon):     376304 kB
Inactive(anon):   376232 kB
Active(file):     247104 kB
Inactive(file):   247476 kB
Unevictable:        3816 kB
Mlocked:               0 kB
HighTotal:       1217536 kB
HighFree:          25876 kB
LowTotal:         528004 kB
LowFree:           24988 kB
SwapTotal:       1310716 kB
SwapFree:         910732 kB
Dirty:              1260 kB
Writeback:             0 kB
AnonPages:        739492 kB
Mapped:           326852 kB
Shmem:               256 kB
Slab:              57332 kB
SReclaimable:      16308 kB
SUnreclaim:        41024 kB
KernelStack:       16088 kB
PageTables:        55124 kB
NFS_Unstable:          0 kB
Bounce:                0 kB
WritebackTmp:          0 kB
CommitLimit:     2183484 kB
Committed_AS:   127362628 kB
VmallocTotal:     311296 kB
VmallocUsed:       18308 kB
VmallocChunk:     139276 kB
Time pass: 25 sec

---2015-12-03 09:19:26
MemTotal:        1745540 kB
MemFree:           64900 kB
Buffers:            7584 kB
Cached:           454656 kB
SwapCached:        30148 kB
Active:           593616 kB
Inactive:         600596 kB
Active(anon):     364328 kB
Inactive(anon):   371692 kB
Active(file):     229288 kB
Inactive(file):   228904 kB
Unevictable:        3816 kB
Mlocked:               0 kB
HighTotal:       1217536 kB
HighFree:          36480 kB
LowTotal:         528004 kB
LowFree:           28420 kB
SwapTotal:       1310716 kB
SwapFree:         914948 kB
Dirty:               724 kB
Writeback:             0 kB
AnonPages:        723212 kB
Mapped:           346180 kB
Shmem:               232 kB
Slab:              57224 kB
SReclaimable:      16276 kB
SUnreclaim:        40948 kB
KernelStack:       15936 kB
PageTables:        55288 kB
NFS_Unstable:          0 kB
Bounce:                0 kB
WritebackTmp:          0 kB
CommitLimit:     2183484 kB
Committed_AS:   127360640 kB
VmallocTotal:     311296 kB
VmallocUsed:       18352 kB
VmallocChunk:     139276 kB
Time pass: 28 sec

---2015-12-03 09:19:26
MemTotal:        1745540 kB
MemFree:           64352 kB
Buffers:            7600 kB
Cached:           456600 kB
SwapCached:        30152 kB
Active:           591688 kB
Inactive:         602460 kB
Active(anon):     362320 kB
Inactive(anon):   371676 kB
Active(file):     229368 kB
Inactive(file):   230784 kB
Unevictable:        3816 kB
Mlocked:               0 kB
HighTotal:       1217536 kB
HighFree:          35880 kB
LowTotal:         528004 kB
LowFree:           28472 kB
SwapTotal:       1310716 kB
SwapFree:         914992 kB
Dirty:               136 kB
Writeback:             0 kB
AnonPages:        721196 kB
Mapped:           346184 kB
Shmem:               232 kB
Slab:              57212 kB
SReclaimable:      16276 kB
SUnreclaim:        40936 kB
KernelStack:       15936 kB
PageTables:        55288 kB
NFS_Unstable:          0 kB
Bounce:                0 kB
WritebackTmp:          0 kB
CommitLimit:     2183484 kB
Committed_AS:   127360832 kB
VmallocTotal:     311296 kB
VmallocUsed:       18420 kB
VmallocChunk:     139276 kB
Time pass: 32 sec

---2015-12-03 09:19:26
MemTotal:        1745540 kB
MemFree:           64836 kB
Buffers:            7600 kB
Cached:           456600 kB
SwapCached:        30152 kB
Active:           591812 kB
Inactive:         602392 kB
Active(anon):     362444 kB
Inactive(anon):   371612 kB
Active(file):     229368 kB
Inactive(file):   230780 kB
Unevictable:        3816 kB
Mlocked:               0 kB
HighTotal:       1217536 kB
HighFree:          36208 kB
LowTotal:         528004 kB
LowFree:           28628 kB
SwapTotal:       1310716 kB
SwapFree:         915008 kB
Dirty:               140 kB
Writeback:             0 kB
AnonPages:        721260 kB
Mapped:           346316 kB
Shmem:               232 kB
Slab:              57216 kB
SReclaimable:      16276 kB
SUnreclaim:        40940 kB
KernelStack:       15920 kB
PageTables:        55288 kB
NFS_Unstable:          0 kB
Bounce:                0 kB
WritebackTmp:          0 kB
CommitLimit:     2183484 kB
Committed_AS:   127360880 kB
VmallocTotal:     311296 kB
VmallocUsed:       18352 kB
VmallocChunk:     139276 kB
Time pass: 35 sec

---2015-12-03 09:19:26
MemTotal:        1745540 kB
MemFree:           57928 kB
Buffers:            7624 kB
Cached:           453580 kB
SwapCached:        30560 kB
Active:           596248 kB
Inactive:         597316 kB
Active(anon):     368224 kB
Inactive(anon):   368824 kB
Active(file):     228024 kB
Inactive(file):   228492 kB
Unevictable:        3816 kB
Mlocked:               0 kB
HighTotal:       1217536 kB
HighFree:          30768 kB
LowTotal:         528004 kB
LowFree:           27160 kB
SwapTotal:       1310716 kB
SwapFree:         912544 kB
Dirty:                32 kB
Writeback:             0 kB
AnonPages:        724712 kB
Mapped:           347492 kB
Shmem:               232 kB
Slab:              57208 kB
SReclaimable:      16276 kB
SUnreclaim:        40932 kB
KernelStack:       16032 kB
PageTables:        55436 kB
NFS_Unstable:          0 kB
Bounce:                0 kB
WritebackTmp:          0 kB
CommitLimit:     2183484 kB
Committed_AS:   127363256 kB
VmallocTotal:     311296 kB
VmallocUsed:       18572 kB
VmallocChunk:     139276 kB
Time pass: 39 sec

---2015-12-03 09:19:26
MemTotal:        1745540 kB
MemFree:           59684 kB
Buffers:            7780 kB
Cached:           437216 kB
SwapCached:        32592 kB
Active:           588732 kB
Inactive:         573404 kB
Active(anon):     362184 kB
Inactive(anon):   359024 kB
Active(file):     226548 kB
Inactive(file):   214380 kB
Unevictable:        3816 kB
Mlocked:               0 kB
HighTotal:       1217536 kB
HighFree:          35048 kB
LowTotal:         528004 kB
LowFree:           24636 kB
SwapTotal:       1310716 kB
SwapFree:         883088 kB
Dirty:                64 kB
Writeback:             0 kB
AnonPages:        707732 kB
Mapped:           349400 kB
Shmem:               232 kB
Slab:              57376 kB
SReclaimable:      16252 kB
SUnreclaim:        41124 kB
KernelStack:       16016 kB
PageTables:        55508 kB
NFS_Unstable:          0 kB
Bounce:                0 kB
WritebackTmp:          0 kB
CommitLimit:     2183484 kB
Committed_AS:   127385376 kB
VmallocTotal:     311296 kB
VmallocUsed:       18780 kB
VmallocChunk:     139276 kB
Time pass: 43 sec

---2015-12-03 09:19:26
MemTotal:        1745540 kB
MemFree:           64548 kB
Buffers:            7788 kB
Cached:           434136 kB
SwapCached:        32744 kB
Active:           584048 kB
Inactive:         572188 kB
Active(anon):     360856 kB
Inactive(anon):   357568 kB
Active(file):     223192 kB
Inactive(file):   214620 kB
Unevictable:        3816 kB
Mlocked:               0 kB
HighTotal:       1217536 kB
HighFree:          38252 kB
LowTotal:         528004 kB
LowFree:           26296 kB
SwapTotal:       1310716 kB
SwapFree:         876460 kB
Dirty:                64 kB
Writeback:             0 kB
AnonPages:        704800 kB
Mapped:           346648 kB
Shmem:               232 kB
Slab:              57432 kB
SReclaimable:      16252 kB
SUnreclaim:        41180 kB
KernelStack:       15992 kB
PageTables:        55536 kB
NFS_Unstable:          0 kB
Bounce:                0 kB
WritebackTmp:          0 kB
CommitLimit:     2183484 kB
Committed_AS:   127402264 kB
VmallocTotal:     311296 kB
VmallocUsed:       18760 kB
VmallocChunk:     139276 kB
Time pass: 46 sec

---2015-12-03 09:19:26
MemTotal:        1745540 kB
MemFree:           58568 kB
Buffers:            6196 kB
Cached:           413412 kB
SwapCached:        33724 kB
Active:           559856 kB
Inactive:         559160 kB
Active(anon):     350704 kB
Inactive(anon):   352772 kB
Active(file):     209152 kB
Inactive(file):   206388 kB
Unevictable:        3816 kB
Mlocked:               0 kB
HighTotal:       1217536 kB
HighFree:          31992 kB
LowTotal:         528004 kB
LowFree:           26576 kB
SwapTotal:       1310716 kB
SwapFree:         838980 kB
Dirty:              2272 kB
Writeback:             0 kB
AnonPages:        689040 kB
Mapped:           371748 kB
Shmem:               236 kB
Slab:              58080 kB
SReclaimable:      16276 kB
SUnreclaim:        41804 kB
KernelStack:       16128 kB
PageTables:        55552 kB
NFS_Unstable:          0 kB
Bounce:                0 kB
WritebackTmp:          0 kB
CommitLimit:     2183484 kB
Committed_AS:   127413880 kB
VmallocTotal:     311296 kB
VmallocUsed:       18920 kB
VmallocChunk:     139276 kB
Time pass: 50 sec

---2015-12-03 09:19:26
MemTotal:        1745540 kB
MemFree:           74404 kB
Buffers:            6200 kB
Cached:           408400 kB
SwapCached:        33180 kB
Active:           543020 kB
Inactive:         551148 kB
Active(anon):     338500 kB
Inactive(anon):   345120 kB
Active(file):     204520 kB
Inactive(file):   206028 kB
Unevictable:        3816 kB
Mlocked:               0 kB
HighTotal:       1217536 kB
HighFree:          43784 kB
LowTotal:         528004 kB
LowFree:           30620 kB
SwapTotal:       1310716 kB
SwapFree:         828704 kB
Dirty:                 4 kB
Writeback:             0 kB
AnonPages:        668528 kB
Mapped:           382016 kB
Shmem:               236 kB
Slab:              58216 kB
SReclaimable:      16284 kB
SUnreclaim:        41932 kB
KernelStack:       16040 kB
PageTables:        55580 kB
NFS_Unstable:          0 kB
Bounce:                0 kB
WritebackTmp:          0 kB
CommitLimit:     2183484 kB
Committed_AS:   127399720 kB
VmallocTotal:     311296 kB
VmallocUsed:       18756 kB
VmallocChunk:     139276 kB
Time pass: 53 sec

---2015-12-03 09:19:26
MemTotal:        1745540 kB
MemFree:           68632 kB
Buffers:            6208 kB
Cached:           412408 kB
SwapCached:        33188 kB
Active:           543552 kB
Inactive:         555140 kB
Active(anon):     339028 kB
Inactive(anon):   345124 kB
Active(file):     204524 kB
Inactive(file):   210016 kB
Unevictable:        3816 kB
Mlocked:               0 kB
HighTotal:       1217536 kB
HighFree:          38820 kB
LowTotal:         528004 kB
LowFree:           29812 kB
SwapTotal:       1310716 kB
SwapFree:         828720 kB
Dirty:                84 kB
Writeback:             0 kB
AnonPages:        669168 kB
Mapped:           382660 kB
Shmem:               236 kB
Slab:              58128 kB
SReclaimable:      16268 kB
SUnreclaim:        41860 kB
KernelStack:       16040 kB
PageTables:        55580 kB
NFS_Unstable:          0 kB
Bounce:                0 kB
WritebackTmp:          0 kB
CommitLimit:     2183484 kB
Committed_AS:   127399928 kB
VmallocTotal:     311296 kB
VmallocUsed:       18960 kB
VmallocChunk:     139276 kB
Time pass: 57 sec

---2015-12-03 09:19:26
MemTotal:        1745540 kB
MemFree:           72152 kB
Buffers:            6036 kB
Cached:           401308 kB
SwapCached:        33616 kB
Active:           535680 kB
Inactive:         541960 kB
Active(anon):     334072 kB
Inactive(anon):   340244 kB
Active(file):     201608 kB
Inactive(file):   201716 kB
Unevictable:        3816 kB
Mlocked:               0 kB
HighTotal:       1217536 kB
HighFree:          43520 kB
LowTotal:         528004 kB
LowFree:           28632 kB
SwapTotal:       1310716 kB
SwapFree:         815668 kB
Dirty:               120 kB
Writeback:             0 kB
AnonPages:        658868 kB
Mapped:           390512 kB
Shmem:               232 kB
Slab:              58232 kB
SReclaimable:      16252 kB
SUnreclaim:        41980 kB
KernelStack:       16040 kB
PageTables:        55612 kB
NFS_Unstable:          0 kB
Bounce:                0 kB
WritebackTmp:          0 kB
CommitLimit:     2183484 kB
Committed_AS:   127400088 kB
VmallocTotal:     311296 kB
VmallocUsed:       19000 kB
VmallocChunk:     139276 kB
Time pass: 61 sec

---2015-12-03 09:19:26
MemTotal:        1745540 kB
MemFree:           73656 kB
Buffers:            6044 kB
Cached:           401244 kB
SwapCached:        33620 kB
Active:           535484 kB
Inactive:         541948 kB
Active(anon):     333920 kB
Inactive(anon):   340268 kB
Active(file):     201564 kB
Inactive(file):   201680 kB
Unevictable:        3816 kB
Mlocked:               0 kB
HighTotal:       1217536 kB
HighFree:          44096 kB
LowTotal:         528004 kB
LowFree:           29560 kB
SwapTotal:       1310716 kB
SwapFree:         815684 kB
Dirty:                72 kB
Writeback:             0 kB
AnonPages:        658688 kB
Mapped:           390996 kB
Shmem:               232 kB
Slab:              58248 kB
SReclaimable:      16252 kB
SUnreclaim:        41996 kB
KernelStack:       16040 kB
PageTables:        55612 kB
NFS_Unstable:          0 kB
Bounce:                0 kB
WritebackTmp:          0 kB
CommitLimit:     2183484 kB
Committed_AS:   127400320 kB
VmallocTotal:     311296 kB
VmallocUsed:       18796 kB
VmallocChunk:     139276 kB
Time pass: 64 sec

---2015-12-03 09:19:26
MemTotal:        1745540 kB
MemFree:           67632 kB
Buffers:            6048 kB
Cached:           385496 kB
SwapCached:        34024 kB
Active:           529272 kB
Inactive:         529548 kB
Active(anon):     335716 kB
Inactive(anon):   335608 kB
Active(file):     193556 kB
Inactive(file):   193940 kB
Unevictable:        3816 kB
Mlocked:               0 kB
HighTotal:       1217536 kB
HighFree:          38768 kB
LowTotal:         528004 kB
LowFree:           28864 kB
SwapTotal:       1310716 kB
SwapFree:         803040 kB
Dirty:               596 kB
Writeback:             0 kB
AnonPages:        655540 kB
Mapped:           393216 kB
Shmem:               232 kB
Slab:              58812 kB
SReclaimable:      16260 kB
SUnreclaim:        42552 kB
KernelStack:       16184 kB
PageTables:        55588 kB
NFS_Unstable:          0 kB
Bounce:                0 kB
WritebackTmp:          0 kB
CommitLimit:     2183484 kB
Committed_AS:   127411376 kB
VmallocTotal:     311296 kB
VmallocUsed:       19084 kB
VmallocChunk:     139276 kB
Time pass: 68 sec

---2015-12-03 09:19:26
MemTotal:        1745540 kB
MemFree:           57580 kB
Buffers:            6056 kB
Cached:           393860 kB
SwapCached:        34096 kB
Active:           535820 kB
Inactive:         534948 kB
Active(anon):     342420 kB
Inactive(anon):   332608 kB
Active(file):     193400 kB
Inactive(file):   202340 kB
Unevictable:        3816 kB
Mlocked:               0 kB
HighTotal:       1217536 kB
HighFree:          26804 kB
LowTotal:         528004 kB
LowFree:           30776 kB
SwapTotal:       1310716 kB
SwapFree:         802900 kB
Dirty:               708 kB
Writeback:             0 kB
AnonPages:        659332 kB
Mapped:           397664 kB
Shmem:               232 kB
Slab:              58672 kB
SReclaimable:      16260 kB
SUnreclaim:        42412 kB
KernelStack:       16160 kB
PageTables:        55648 kB
NFS_Unstable:          0 kB
Bounce:                0 kB
WritebackTmp:          0 kB
CommitLimit:     2183484 kB
Committed_AS:   127413072 kB
VmallocTotal:     311296 kB
VmallocUsed:       19016 kB
VmallocChunk:     139276 kB
Time pass: 71 sec

---2015-12-03 09:19:26
MemTotal:        1745540 kB
MemFree:           50576 kB
Buffers:            6088 kB
Cached:           394236 kB
SwapCached:        34084 kB
Active:           543048 kB
Inactive:         535512 kB
Active(anon):     349588 kB
Inactive(anon):   332696 kB
Active(file):     193460 kB
Inactive(file):   202816 kB
Unevictable:        3816 kB
Mlocked:               0 kB
HighTotal:       1217536 kB
HighFree:          20404 kB
LowTotal:         528004 kB
LowFree:           30172 kB
SwapTotal:       1310716 kB
SwapFree:         803008 kB
Dirty:               236 kB
Writeback:             0 kB
AnonPages:        666352 kB
Mapped:           397812 kB
Shmem:               232 kB
Slab:              58804 kB
SReclaimable:      16276 kB
SUnreclaim:        42528 kB
KernelStack:       16216 kB
PageTables:        55716 kB
NFS_Unstable:          0 kB
Bounce:                0 kB
WritebackTmp:          0 kB
CommitLimit:     2183484 kB
Committed_AS:   127426616 kB
VmallocTotal:     311296 kB
VmallocUsed:       19016 kB
VmallocChunk:     139276 kB
Time pass: 75 sec

---2015-12-03 09:19:26
MemTotal:        1745540 kB
MemFree:           46740 kB
Buffers:            5812 kB
Cached:           356992 kB
SwapCached:        35984 kB
Active:           513596 kB
Inactive:         513428 kB
Active(anon):     334212 kB
Inactive(anon):   334144 kB
Active(file):     179384 kB
Inactive(file):   179284 kB
Unevictable:        3816 kB
Mlocked:               0 kB
HighTotal:       1217536 kB
HighFree:          18696 kB
LowTotal:         528004 kB
LowFree:           28044 kB
SwapTotal:       1310716 kB
SwapFree:         777752 kB
Dirty:                44 kB
Writeback:             0 kB
AnonPages:        650820 kB
Mapped:           384072 kB
Shmem:               420 kB
Slab:              59204 kB
SReclaimable:      16260 kB
SUnreclaim:        42944 kB
KernelStack:       16392 kB
PageTables:        55916 kB
NFS_Unstable:          0 kB
Bounce:                0 kB
WritebackTmp:          0 kB
CommitLimit:     2183484 kB
Committed_AS:   127469964 kB
VmallocTotal:     311296 kB
VmallocUsed:       21492 kB
VmallocChunk:     139276 kB
Time pass: 80 sec

---2015-12-03 09:19:26
MemTotal:        1745540 kB
MemFree:           58780 kB
Buffers:            5540 kB
Cached:           329204 kB
SwapCached:        36144 kB
Active:           498080 kB
Inactive:         494480 kB
Active(anon):     333196 kB
Inactive(anon):   329032 kB
Active(file):     164884 kB
Inactive(file):   165448 kB
Unevictable:        3816 kB
Mlocked:               0 kB
HighTotal:       1217536 kB
HighFree:          28108 kB
LowTotal:         528004 kB
LowFree:           30672 kB
SwapTotal:       1310716 kB
SwapFree:         767408 kB
Dirty:                40 kB
Writeback:             0 kB
AnonPages:        644664 kB
Mapped:           373464 kB
Shmem:               596 kB
Slab:              59368 kB
SReclaimable:      16260 kB
SUnreclaim:        43108 kB
KernelStack:       16424 kB
PageTables:        56084 kB
NFS_Unstable:          0 kB
Bounce:                0 kB
WritebackTmp:          0 kB
CommitLimit:     2183484 kB
Committed_AS:   127474236 kB
VmallocTotal:     311296 kB
VmallocUsed:       21492 kB
VmallocChunk:     139276 kB
Time pass: 84 sec

---2015-12-03 09:19:26
MemTotal:        1745540 kB
MemFree:           58444 kB
Buffers:            5572 kB
Cached:           329204 kB
SwapCached:        36160 kB
Active:           499376 kB
Inactive:         494568 kB
Active(anon):     334492 kB
Inactive(anon):   329088 kB
Active(file):     164884 kB
Inactive(file):   165480 kB
Unevictable:        3816 kB
Mlocked:               0 kB
HighTotal:       1217536 kB
HighFree:          27124 kB
LowTotal:         528004 kB
LowFree:           31320 kB
SwapTotal:       1310716 kB
SwapFree:         767448 kB
Dirty:                48 kB
Writeback:             0 kB
AnonPages:        645980 kB
Mapped:           373624 kB
Shmem:               596 kB
Slab:              59400 kB
SReclaimable:      16260 kB
SUnreclaim:        43140 kB
KernelStack:       16344 kB
PageTables:        56084 kB
NFS_Unstable:          0 kB
Bounce:                0 kB
WritebackTmp:          0 kB
CommitLimit:     2183484 kB
Committed_AS:   127478260 kB
VmallocTotal:     311296 kB
VmallocUsed:       21424 kB
VmallocChunk:     139276 kB
Time pass: 88 sec

---2015-12-03 09:19:26
MemTotal:        1745540 kB
MemFree:           54740 kB
Buffers:            5572 kB
Cached:           329260 kB
SwapCached:        36156 kB
Active:           499520 kB
Inactive:         494640 kB
Active(anon):     334636 kB
Inactive(anon):   329160 kB
Active(file):     164884 kB
Inactive(file):   165480 kB
Unevictable:        3816 kB
Mlocked:               0 kB
HighTotal:       1217536 kB
HighFree:          26120 kB
LowTotal:         528004 kB
LowFree:           28620 kB
SwapTotal:       1310716 kB
SwapFree:         767464 kB
Dirty:                 0 kB
Writeback:             0 kB
AnonPages:        646236 kB
Mapped:           373556 kB
Shmem:               648 kB
Slab:              59540 kB
SReclaimable:      16260 kB
SUnreclaim:        43280 kB
KernelStack:       16384 kB
PageTables:        56084 kB
NFS_Unstable:          0 kB
Bounce:                0 kB
WritebackTmp:          0 kB
CommitLimit:     2183484 kB
Committed_AS:   127478404 kB
VmallocTotal:     311296 kB
VmallocUsed:       21492 kB
VmallocChunk:     139276 kB
Time pass: 92 sec

---2015-12-03 09:19:26
MemTotal:        1745540 kB
MemFree:           56420 kB
Buffers:            5596 kB
Cached:           326860 kB
SwapCached:        36300 kB
Active:           497656 kB
Inactive:         495208 kB
Active(anon):     333512 kB
Inactive(anon):   331360 kB
Active(file):     164144 kB
Inactive(file):   163848 kB
Unevictable:        3816 kB
Mlocked:               0 kB
HighTotal:       1217536 kB
HighFree:          27092 kB
LowTotal:         528004 kB
LowFree:           29328 kB
SwapTotal:       1310716 kB
SwapFree:         765548 kB
Dirty:                40 kB
Writeback:             0 kB
AnonPages:        646952 kB
Mapped:           371980 kB
Shmem:               648 kB
Slab:              59564 kB
SReclaimable:      16260 kB
SUnreclaim:        43304 kB
KernelStack:       16336 kB
PageTables:        56092 kB
NFS_Unstable:          0 kB
Bounce:                0 kB
WritebackTmp:          0 kB
CommitLimit:     2183484 kB
Committed_AS:   127481604 kB
VmallocTotal:     311296 kB
VmallocUsed:       21492 kB
VmallocChunk:     139276 kB
Time pass: 96 sec

---2015-12-03 09:19:26
MemTotal:        1745540 kB
MemFree:           66024 kB
Buffers:            4332 kB
Cached:           341796 kB
SwapCached:        42228 kB
Active:           488900 kB
Inactive:         491512 kB
Active(anon):     319508 kB
Inactive(anon):   319524 kB
Active(file):     169392 kB
Inactive(file):   171988 kB
Unevictable:        3816 kB
Mlocked:               0 kB
HighTotal:       1217536 kB
HighFree:          37088 kB
LowTotal:         528004 kB
LowFree:           28936 kB
SwapTotal:       1310716 kB
SwapFree:         732208 kB
Dirty:                 0 kB
Writeback:             0 kB
AnonPages:        619824 kB
Mapped:           351728 kB
Shmem:               232 kB
Slab:              60880 kB
SReclaimable:      16256 kB
SUnreclaim:        44624 kB
KernelStack:       16320 kB
PageTables:        56544 kB
NFS_Unstable:          0 kB
Bounce:                0 kB
WritebackTmp:          0 kB
CommitLimit:     2183484 kB
Committed_AS:   130739876 kB
VmallocTotal:     311296 kB
VmallocUsed:       21472 kB
VmallocChunk:     139276 kB
Time pass: 100 sec

---2015-12-03 09:19:26
MemTotal:        1745540 kB
MemFree:          335540 kB
Buffers:            4420 kB
Cached:           336600 kB
SwapCached:        42352 kB
Active:           404316 kB
Inactive:         484060 kB
Active(anon):     236272 kB
Inactive(anon):   315004 kB
Active(file):     168044 kB
Inactive(file):   169056 kB
Unevictable:        3816 kB
Mlocked:               0 kB
HighTotal:       1217536 kB
HighFree:         256016 kB
LowTotal:         528004 kB
LowFree:           79524 kB
SwapTotal:       1310716 kB
SwapFree:         730112 kB
Dirty:               336 kB
Writeback:             0 kB
AnonPages:        532284 kB
Mapped:           189780 kB
Shmem:                96 kB
Slab:              60592 kB
SReclaimable:      16248 kB
SUnreclaim:        44344 kB
KernelStack:       15520 kB
PageTables:        54668 kB
NFS_Unstable:          0 kB
Bounce:                0 kB
WritebackTmp:          0 kB
CommitLimit:     2183484 kB
Committed_AS:   127812256 kB
VmallocTotal:     311296 kB
VmallocUsed:       20396 kB
VmallocChunk:     139276 kB
Time pass: 104 sec

---2015-12-03 09:19:26
MemTotal:        1745540 kB
MemFree:          334028 kB
Buffers:            4420 kB
Cached:           338072 kB
SwapCached:        42672 kB
Active:           403864 kB
Inactive:         486080 kB
Active(anon):     235816 kB
Inactive(anon):   315548 kB
Active(file):     168048 kB
Inactive(file):   170532 kB
Unevictable:        3816 kB
Mlocked:               0 kB
HighTotal:       1217536 kB
HighFree:         254376 kB
LowTotal:         528004 kB
LowFree:           79652 kB
SwapTotal:       1310716 kB
SwapFree:         731764 kB
Dirty:                 0 kB
Writeback:             0 kB
AnonPages:        532388 kB
Mapped:           189816 kB
Shmem:                96 kB
Slab:              60592 kB
SReclaimable:      16248 kB
SUnreclaim:        44344 kB
KernelStack:       15512 kB
PageTables:        54712 kB
NFS_Unstable:          0 kB
Bounce:                0 kB
WritebackTmp:          0 kB
CommitLimit:     2183484 kB
Committed_AS:   127812552 kB
VmallocTotal:     311296 kB
VmallocUsed:       20396 kB
VmallocChunk:     139276 kB
Time pass: 107 sec

---2015-12-03 09:19:26
MemTotal:        1745540 kB
MemFree:          335944 kB
Buffers:            4436 kB
Cached:           338088 kB
SwapCached:        42956 kB
Active:           401336 kB
Inactive:         486672 kB
Active(anon):     233284 kB
Inactive(anon):   316096 kB
Active(file):     168052 kB
Inactive(file):   170576 kB
Unevictable:        3816 kB
Mlocked:               0 kB
HighTotal:       1217536 kB
HighFree:         256316 kB
LowTotal:         528004 kB
LowFree:           79628 kB
SwapTotal:       1310716 kB
SwapFree:         732068 kB
Dirty:                48 kB
Writeback:             0 kB
AnonPages:        530412 kB
Mapped:           189836 kB
Shmem:                96 kB
Slab:              60592 kB
SReclaimable:      16248 kB
SUnreclaim:        44344 kB
KernelStack:       15512 kB
PageTables:        54732 kB
NFS_Unstable:          0 kB
Bounce:                0 kB
WritebackTmp:          0 kB
CommitLimit:     2183484 kB
Committed_AS:   127807896 kB
VmallocTotal:     311296 kB
VmallocUsed:       20396 kB
VmallocChunk:     139276 kB
Time pass: 111 sec

---2015-12-03 09:19:26
MemTotal:        1745540 kB
MemFree:          335232 kB
Buffers:            4436 kB
Cached:           338424 kB
SwapCached:        42984 kB
Active:           401468 kB
Inactive:         487032 kB
Active(anon):     233416 kB
Inactive(anon):   316192 kB
Active(file):     168052 kB
Inactive(file):   170840 kB
Unevictable:        3816 kB
Mlocked:               0 kB
HighTotal:       1217536 kB
HighFree:         255696 kB
LowTotal:         528004 kB
LowFree:           79536 kB
SwapTotal:       1310716 kB
SwapFree:         732168 kB
Dirty:                 0 kB
Writeback:             0 kB
AnonPages:        530728 kB
Mapped:           189896 kB
Shmem:                96 kB
Slab:              60596 kB
SReclaimable:      16248 kB
SUnreclaim:        44348 kB
KernelStack:       15504 kB
PageTables:        54732 kB
NFS_Unstable:          0 kB
Bounce:                0 kB
WritebackTmp:          0 kB
CommitLimit:     2183484 kB
Committed_AS:   127808088 kB
VmallocTotal:     311296 kB
VmallocUsed:       18056 kB
VmallocChunk:     139276 kB
Time pass: 115 sec

---2015-12-03 09:19:26
MemTotal:        1745540 kB
MemFree:          258356 kB
Buffers:            4808 kB
Cached:           361568 kB
SwapCached:        43332 kB
Active:           432000 kB
Inactive:         506308 kB
Active(anon):     259976 kB
Inactive(anon):   316240 kB
Active(file):     172024 kB
Inactive(file):   190068 kB
Unevictable:        3816 kB
Mlocked:               0 kB
HighTotal:       1217536 kB
HighFree:         196928 kB
LowTotal:         528004 kB
LowFree:           61428 kB
SwapTotal:       1310716 kB
SwapFree:         734444 kB
Dirty:               776 kB
Writeback:             0 kB
AnonPages:        557160 kB
Mapped:           216032 kB
Shmem:               280 kB
Slab:              60624 kB
SReclaimable:      16248 kB
SUnreclaim:        44376 kB
KernelStack:       15808 kB
PageTables:        55032 kB
NFS_Unstable:          0 kB
Bounce:                0 kB
WritebackTmp:          0 kB
CommitLimit:     2183484 kB
Committed_AS:   127625364 kB
VmallocTotal:     311296 kB
VmallocUsed:       18376 kB
VmallocChunk:     139276 kB
Time pass: 118 sec

---2015-12-03 09:19:26
MemTotal:        1745540 kB
MemFree:          195524 kB
Buffers:            4900 kB
Cached:           364672 kB
SwapCached:        45008 kB
Active:           449972 kB
Inactive:         511140 kB
Active(anon):     276988 kB
Inactive(anon):   318688 kB
Active(file):     172984 kB
Inactive(file):   192452 kB
Unevictable:        3816 kB
Mlocked:               0 kB
HighTotal:       1217536 kB
HighFree:         132124 kB
LowTotal:         528004 kB
LowFree:           63400 kB
SwapTotal:       1310716 kB
SwapFree:         764260 kB
Dirty:               112 kB
Writeback:             0 kB
AnonPages:        576288 kB
Mapped:           270408 kB
Shmem:               232 kB
Slab:              60404 kB
SReclaimable:      16264 kB
SUnreclaim:        44140 kB
KernelStack:       16064 kB
PageTables:        55312 kB
NFS_Unstable:          0 kB
Bounce:                0 kB
WritebackTmp:          0 kB
CommitLimit:     2183484 kB
Committed_AS:   127599668 kB
VmallocTotal:     311296 kB
VmallocUsed:       18660 kB
VmallocChunk:     139276 kB
Time pass: 122 sec

---2015-12-03 09:19:26
MemTotal:        1745540 kB
MemFree:          130336 kB
Buffers:            4908 kB
Cached:           371708 kB
SwapCached:        45288 kB
Active:           462188 kB
Inactive:         516840 kB
Active(anon):     286856 kB
Inactive(anon):   319620 kB
Active(file):     175332 kB
Inactive(file):   197220 kB
Unevictable:        3816 kB
Mlocked:               0 kB
HighTotal:       1217536 kB
HighFree:          65708 kB
LowTotal:         528004 kB
LowFree:           64628 kB
SwapTotal:       1310716 kB
SwapFree:         765396 kB
Dirty:              2616 kB
Writeback:             0 kB
AnonPages:        587140 kB
Mapped:           309912 kB
Shmem:               232 kB
Slab:              60356 kB
SReclaimable:      16260 kB
SUnreclaim:        44096 kB
KernelStack:       16064 kB
PageTables:        55448 kB
NFS_Unstable:          0 kB
Bounce:                0 kB
WritebackTmp:          0 kB
CommitLimit:     2183484 kB
Committed_AS:   127615092 kB
VmallocTotal:     311296 kB
VmallocUsed:       18744 kB
VmallocChunk:     139276 kB
Time pass: 125 sec

---2015-12-03 09:19:26
MemTotal:        1745540 kB
MemFree:          128376 kB
Buffers:            4908 kB
Cached:           373356 kB
SwapCached:        45352 kB
Active:           462176 kB
Inactive:         518620 kB
Active(anon):     286836 kB
Inactive(anon):   319744 kB
Active(file):     175340 kB
Inactive(file):   198876 kB
Unevictable:        3816 kB
Mlocked:               0 kB
HighTotal:       1217536 kB
HighFree:          63424 kB
LowTotal:         528004 kB
LowFree:           64952 kB
SwapTotal:       1310716 kB
SwapFree:         765512 kB
Dirty:               104 kB
Writeback:             0 kB
AnonPages:        587348 kB
Mapped:           310216 kB
Shmem:               232 kB
Slab:              60340 kB
SReclaimable:      16260 kB
SUnreclaim:        44080 kB
KernelStack:       16024 kB
PageTables:        55464 kB
NFS_Unstable:          0 kB
Bounce:                0 kB
WritebackTmp:          0 kB
CommitLimit:     2183484 kB
Committed_AS:   127615212 kB
VmallocTotal:     311296 kB
VmallocUsed:       18812 kB
VmallocChunk:     139276 kB
Time pass: 129 sec

---2015-12-03 09:19:26
MemTotal:        1745540 kB
MemFree:          108600 kB
Buffers:            4916 kB
Cached:           373520 kB
SwapCached:        45352 kB
Active:           464788 kB
Inactive:         518628 kB
Active(anon):     289240 kB
Inactive(anon):   319788 kB
Active(file):     175548 kB
Inactive(file):   198840 kB
Unevictable:        3816 kB
Mlocked:               0 kB
HighTotal:       1217536 kB
HighFree:          56592 kB
LowTotal:         528004 kB
LowFree:           52008 kB
SwapTotal:       1310716 kB
SwapFree:         765520 kB
Dirty:                 0 kB
Writeback:             0 kB
AnonPages:        589420 kB
Mapped:           323008 kB
Shmem:               232 kB
Slab:              60292 kB
SReclaimable:      16244 kB
SUnreclaim:        44048 kB
KernelStack:       15992 kB
PageTables:        55500 kB
NFS_Unstable:          0 kB
Bounce:                0 kB
WritebackTmp:          0 kB
CommitLimit:     2183484 kB
Committed_AS:   127614156 kB
VmallocTotal:     311296 kB
VmallocUsed:       18920 kB
VmallocChunk:     139276 kB
Time pass: 132 sec

---2015-12-03 09:19:26
MemTotal:        1745540 kB
MemFree:           76080 kB
Buffers:            4916 kB
Cached:           373548 kB
SwapCached:        45520 kB
Active:           476400 kB
Inactive:         519064 kB
Active(anon):     300852 kB
Inactive(anon):   320216 kB
Active(file):     175548 kB
Inactive(file):   198848 kB
Unevictable:        3816 kB
Mlocked:               0 kB
HighTotal:       1217536 kB
HighFree:          45180 kB
LowTotal:         528004 kB
LowFree:           30900 kB
SwapTotal:       1310716 kB
SwapFree:         765876 kB
Dirty:               484 kB
Writeback:             0 kB
AnonPages:        602084 kB
Mapped:           328952 kB
Shmem:               232 kB
Slab:              60528 kB
SReclaimable:      16244 kB
SUnreclaim:        44284 kB
KernelStack:       16112 kB
PageTables:        55512 kB
NFS_Unstable:          0 kB
Bounce:                0 kB
WritebackTmp:          0 kB
CommitLimit:     2183484 kB
Committed_AS:   127622876 kB
VmallocTotal:     311296 kB
VmallocUsed:       19020 kB
VmallocChunk:     139276 kB
Time pass: 136 sec

---2015-12-03 09:19:26
MemTotal:        1745540 kB
MemFree:           88728 kB
Buffers:            4892 kB
Cached:           371348 kB
SwapCached:        45520 kB
Active:           472184 kB
Inactive:         515384 kB
Active(anon):     296496 kB
Inactive(anon):   318880 kB
Active(file):     175688 kB
Inactive(file):   196504 kB
Unevictable:        3816 kB
Mlocked:               0 kB
HighTotal:       1217536 kB
HighFree:          55032 kB
LowTotal:         528004 kB
LowFree:           33696 kB
SwapTotal:       1310716 kB
SwapFree:         764836 kB
Dirty:               572 kB
Writeback:             0 kB
AnonPages:        596016 kB
Mapped:           335780 kB
Shmem:               232 kB
Slab:              60444 kB
SReclaimable:      16244 kB
SUnreclaim:        44200 kB
KernelStack:       16016 kB
PageTables:        55580 kB
NFS_Unstable:          0 kB
Bounce:                0 kB
WritebackTmp:          0 kB
CommitLimit:     2183484 kB
Committed_AS:   127622836 kB
VmallocTotal:     311296 kB
VmallocUsed:       18800 kB
VmallocChunk:     139276 kB
Time pass: 139 sec

---2015-12-03 09:19:26
MemTotal:        1745540 kB
MemFree:           88016 kB
Buffers:            4892 kB
Cached:           371348 kB
SwapCached:        45520 kB
Active:           472184 kB
Inactive:         515404 kB
Active(anon):     296496 kB
Inactive(anon):   318900 kB
Active(file):     175688 kB
Inactive(file):   196504 kB
Unevictable:        3816 kB
Mlocked:               0 kB
HighTotal:       1217536 kB
HighFree:          54708 kB
LowTotal:         528004 kB
LowFree:           33308 kB
SwapTotal:       1310716 kB
SwapFree:         764840 kB
Dirty:                 0 kB
Writeback:             0 kB
AnonPages:        595968 kB
Mapped:           335840 kB
Shmem:               232 kB
Slab:              60456 kB
SReclaimable:      16260 kB
SUnreclaim:        44196 kB
KernelStack:       16016 kB
PageTables:        55580 kB
NFS_Unstable:          0 kB
Bounce:                0 kB
WritebackTmp:          0 kB
CommitLimit:     2183484 kB
Committed_AS:   127623028 kB
VmallocTotal:     311296 kB
VmallocUsed:       18868 kB
VmallocChunk:     139276 kB
Time pass: 143 sec

---2015-12-03 09:19:26
MemTotal:        1745540 kB
MemFree:           86812 kB
Buffers:            4900 kB
Cached:           371592 kB
SwapCached:        45520 kB
Active:           472752 kB
Inactive:         515600 kB
Active(anon):     297060 kB
Inactive(anon):   318928 kB
Active(file):     175692 kB
Inactive(file):   196672 kB
Unevictable:        3816 kB
Mlocked:               0 kB
HighTotal:       1217536 kB
HighFree:          53400 kB
LowTotal:         528004 kB
LowFree:           33412 kB
SwapTotal:       1310716 kB
SwapFree:         764868 kB
Dirty:                52 kB
Writeback:             0 kB
AnonPages:        596556 kB
Mapped:           336276 kB
Shmem:               232 kB
Slab:              60404 kB
SReclaimable:      16244 kB
SUnreclaim:        44160 kB
KernelStack:       16016 kB
PageTables:        55580 kB
NFS_Unstable:          0 kB
Bounce:                0 kB
WritebackTmp:          0 kB
CommitLimit:     2183484 kB
Committed_AS:   127623108 kB
VmallocTotal:     311296 kB
VmallocUsed:       19004 kB
VmallocChunk:     139276 kB
Time pass: 146 sec

---2015-12-03 09:19:26
MemTotal:        1745540 kB
MemFree:           73884 kB
Buffers:            4932 kB
Cached:           371700 kB
SwapCached:        45520 kB
Active:           486144 kB
Inactive:         515056 kB
Active(anon):     309596 kB
Inactive(anon):   319200 kB
Active(file):     176548 kB
Inactive(file):   195856 kB
Unevictable:        3816 kB
Mlocked:               0 kB
HighTotal:       1217536 kB
HighFree:          40928 kB
LowTotal:         528004 kB
LowFree:           32956 kB
SwapTotal:       1310716 kB
SwapFree:         764964 kB
Dirty:                88 kB
Writeback:             0 kB
AnonPages:        609380 kB
Mapped:           339372 kB
Shmem:               412 kB
Slab:              60208 kB
SReclaimable:      16260 kB
SUnreclaim:        43948 kB
KernelStack:       16376 kB
PageTables:        55796 kB
NFS_Unstable:          0 kB
Bounce:                0 kB
WritebackTmp:          0 kB
CommitLimit:     2183484 kB
Committed_AS:   127666472 kB
VmallocTotal:     311296 kB
VmallocUsed:       19004 kB
VmallocChunk:     139276 kB
Time pass: 150 sec

---2015-12-03 09:19:26
MemTotal:        1745540 kB
MemFree:           66816 kB
Buffers:            4948 kB
Cached:           371828 kB
SwapCached:        45520 kB
Active:           490696 kB
Inactive:         515396 kB
Active(anon):     314296 kB
Inactive(anon):   319500 kB
Active(file):     176400 kB
Inactive(file):   195896 kB
Unevictable:        3816 kB
Mlocked:               0 kB
HighTotal:       1217536 kB
HighFree:          35788 kB
LowTotal:         528004 kB
LowFree:           31028 kB
SwapTotal:       1310716 kB
SwapFree:         765020 kB
Dirty:                48 kB
Writeback:             0 kB
AnonPages:        613984 kB
Mapped:           339756 kB
Shmem:               664 kB
Slab:              60120 kB
SReclaimable:      16260 kB
SUnreclaim:        43860 kB
KernelStack:       16400 kB
PageTables:        55864 kB
NFS_Unstable:          0 kB
Bounce:                0 kB
WritebackTmp:          0 kB
CommitLimit:     2183484 kB
Committed_AS:   127673824 kB
VmallocTotal:     311296 kB
VmallocUsed:       19004 kB
VmallocChunk:     139276 kB
Time pass: 154 sec

---2015-12-03 09:19:26
MemTotal:        1745540 kB
MemFree:           65436 kB
Buffers:            4964 kB
Cached:           371988 kB
SwapCached:        45508 kB
Active:           492672 kB
Inactive:         515616 kB
Active(anon):     316272 kB
Inactive(anon):   319704 kB
Active(file):     176400 kB
Inactive(file):   195912 kB
Unevictable:        3816 kB
Mlocked:               0 kB
HighTotal:       1217536 kB
HighFree:          34072 kB
LowTotal:         528004 kB
LowFree:           31364 kB
SwapTotal:       1310716 kB
SwapFree:         765076 kB
Dirty:                 4 kB
Writeback:             0 kB
AnonPages:        616132 kB
Mapped:           339996 kB
Shmem:               824 kB
Slab:              60104 kB
SReclaimable:      16260 kB
SUnreclaim:        43844 kB
KernelStack:       16320 kB
PageTables:        55848 kB
NFS_Unstable:          0 kB
Bounce:                0 kB
WritebackTmp:          0 kB
CommitLimit:     2183484 kB
Committed_AS:   127674936 kB
VmallocTotal:     311296 kB
VmallocUsed:       18936 kB
VmallocChunk:     139276 kB
Time pass: 160 sec

---2015-12-03 09:19:26
MemTotal:        1745540 kB
MemFree:           63968 kB
Buffers:            4972 kB
Cached:           372048 kB
SwapCached:        45496 kB
Active:           493476 kB
Inactive:         515688 kB
Active(anon):     317076 kB
Inactive(anon):   319768 kB
Active(file):     176400 kB
Inactive(file):   195920 kB
Unevictable:        3816 kB
Mlocked:               0 kB
HighTotal:       1217536 kB
HighFree:          32916 kB
LowTotal:         528004 kB
LowFree:           31052 kB
SwapTotal:       1310716 kB
SwapFree:         765088 kB
Dirty:                32 kB
Writeback:             0 kB
AnonPages:        616896 kB
Mapped:           339984 kB
Shmem:               884 kB
Slab:              60104 kB
SReclaimable:      16260 kB
SUnreclaim:        43844 kB
KernelStack:       16336 kB
PageTables:        55864 kB
NFS_Unstable:          0 kB
Bounce:                0 kB
WritebackTmp:          0 kB
CommitLimit:     2183484 kB
Committed_AS:   127675144 kB
VmallocTotal:     311296 kB
VmallocUsed:       19004 kB
VmallocChunk:     139276 kB
Time pass: 163 sec

---2015-12-03 09:19:26
MemTotal:        1745540 kB
MemFree:           63636 kB
Buffers:            4972 kB
Cached:           372540 kB
SwapCached:        45504 kB
Active:           493360 kB
Inactive:         516272 kB
Active(anon):     316956 kB
Inactive(anon):   319956 kB
Active(file):     176404 kB
Inactive(file):   196316 kB
Unevictable:        3816 kB
Mlocked:               0 kB
HighTotal:       1217536 kB
HighFree:          32564 kB
LowTotal:         528004 kB
LowFree:           31072 kB
SwapTotal:       1310716 kB
SwapFree:         765208 kB
Dirty:                 0 kB
Writeback:             0 kB
AnonPages:        616888 kB
Mapped:           340180 kB
Shmem:               976 kB
Slab:              60088 kB
SReclaimable:      16276 kB
SUnreclaim:        43812 kB
KernelStack:       16296 kB
PageTables:        55852 kB
NFS_Unstable:          0 kB
Bounce:                0 kB
WritebackTmp:          0 kB
CommitLimit:     2183484 kB
Committed_AS:   127676260 kB
VmallocTotal:     311296 kB
VmallocUsed:       18936 kB
VmallocChunk:     139276 kB
Time pass: 168 sec

---2015-12-03 09:19:26
MemTotal:        1745540 kB
MemFree:           63628 kB
Buffers:            4980 kB
Cached:           372548 kB
SwapCached:        45488 kB
Active:           493760 kB
Inactive:         516324 kB
Active(anon):     317356 kB
Inactive(anon):   319996 kB
Active(file):     176404 kB
Inactive(file):   196328 kB
Unevictable:        3816 kB
Mlocked:               0 kB
HighTotal:       1217536 kB
HighFree:          32332 kB
LowTotal:         528004 kB
LowFree:           31296 kB
SwapTotal:       1310716 kB
SwapFree:         765284 kB
Dirty:                20 kB
Writeback:             0 kB
AnonPages:        617420 kB
Mapped:           340108 kB
Shmem:               976 kB
Slab:              60092 kB
SReclaimable:      16276 kB
SUnreclaim:        43816 kB
KernelStack:       16296 kB
PageTables:        55868 kB
NFS_Unstable:          0 kB
Bounce:                0 kB
WritebackTmp:          0 kB
CommitLimit:     2183484 kB
Committed_AS:   127676448 kB
VmallocTotal:     311296 kB
VmallocUsed:       18936 kB
VmallocChunk:     139276 kB
Time pass: 173 sec

---2015-12-03 09:19:26
MemTotal:        1745540 kB
MemFree:           59576 kB
Buffers:            4988 kB
Cached:           372640 kB
SwapCached:        45476 kB
Active:           496476 kB
Inactive:         516448 kB
Active(anon):     320072 kB
Inactive(anon):   320016 kB
Active(file):     176404 kB
Inactive(file):   196432 kB
Unevictable:        3816 kB
Mlocked:               0 kB
HighTotal:       1217536 kB
HighFree:          29348 kB
LowTotal:         528004 kB
LowFree:           30228 kB
SwapTotal:       1310716 kB
SwapFree:         765308 kB
Dirty:                12 kB
Writeback:             0 kB
AnonPages:        620028 kB
Mapped:           340092 kB
Shmem:               976 kB
Slab:              60092 kB
SReclaimable:      16276 kB
SUnreclaim:        43816 kB
KernelStack:       16336 kB
PageTables:        55864 kB
NFS_Unstable:          0 kB
Bounce:                0 kB
WritebackTmp:          0 kB
CommitLimit:     2183484 kB
Committed_AS:   127685752 kB
VmallocTotal:     311296 kB
VmallocUsed:       19004 kB
VmallocChunk:     139276 kB
Time pass: 177 sec

---2015-12-03 09:19:26
MemTotal:        1745540 kB
MemFree:           51408 kB
Buffers:            5048 kB
Cached:           372596 kB
SwapCached:        45476 kB
Active:           505748 kB
Inactive:         516100 kB
Active(anon):     329388 kB
Inactive(anon):   319396 kB
Active(file):     176360 kB
Inactive(file):   196704 kB
Unevictable:        3816 kB
Mlocked:               0 kB
HighTotal:       1217536 kB
HighFree:          20636 kB
LowTotal:         528004 kB
LowFree:           30772 kB
SwapTotal:       1310716 kB
SwapFree:         765612 kB
Dirty:                48 kB
Writeback:             0 kB
AnonPages:        629116 kB
Mapped:           339856 kB
Shmem:               712 kB
Slab:              60296 kB
SReclaimable:      16276 kB
SUnreclaim:        44020 kB
KernelStack:       16320 kB
PageTables:        55916 kB
NFS_Unstable:          0 kB
Bounce:                0 kB
WritebackTmp:          0 kB
CommitLimit:     2183484 kB
Committed_AS:   127701240 kB
VmallocTotal:     311296 kB
VmallocUsed:       19004 kB
VmallocChunk:     139276 kB
Time pass: 180 sec

---2015-12-03 09:19:26
MemTotal:        1745540 kB
MemFree:           49084 kB
Buffers:            6068 kB
Cached:           369832 kB
SwapCached:        46052 kB
Active:           511940 kB
Inactive:         515128 kB
Active(anon):     330924 kB
Inactive(anon):   324712 kB
Active(file):     181016 kB
Inactive(file):   190416 kB
Unevictable:        3816 kB
Mlocked:               0 kB
HighTotal:       1217536 kB
HighFree:          18872 kB
LowTotal:         528004 kB
LowFree:           30212 kB
SwapTotal:       1310716 kB
SwapFree:         756352 kB
Dirty:                 4 kB
Writeback:             0 kB
AnonPages:        635664 kB
Mapped:           341652 kB
Shmem:               712 kB
Slab:              60624 kB
SReclaimable:      16292 kB
SUnreclaim:        44332 kB
KernelStack:       16680 kB
PageTables:        56516 kB
NFS_Unstable:          0 kB
Bounce:                0 kB
WritebackTmp:          0 kB
CommitLimit:     2183484 kB
Committed_AS:   129237948 kB
VmallocTotal:     311296 kB
VmallocUsed:       19004 kB
VmallocChunk:     139276 kB
Time pass: 184 sec

---2015-12-03 09:19:26
MemTotal:        1745540 kB
MemFree:           52540 kB
Buffers:            5896 kB
Cached:           369572 kB
SwapCached:        46456 kB
Active:           509868 kB
Inactive:         516180 kB
Active(anon):     328908 kB
Inactive(anon):   326200 kB
Active(file):     180960 kB
Inactive(file):   189980 kB
Unevictable:        3816 kB
Mlocked:               0 kB
HighTotal:       1217536 kB
HighFree:          21228 kB
LowTotal:         528004 kB
LowFree:           31312 kB
SwapTotal:       1310716 kB
SwapFree:         758196 kB
Dirty:                 0 kB
Writeback:             0 kB
AnonPages:        635184 kB
Mapped:           339564 kB
Shmem:               712 kB
Slab:              60576 kB
SReclaimable:      16284 kB
SUnreclaim:        44292 kB
KernelStack:       16400 kB
PageTables:        56496 kB
NFS_Unstable:          0 kB
Bounce:                0 kB
WritebackTmp:          0 kB
CommitLimit:     2183484 kB
Committed_AS:   129238908 kB
VmallocTotal:     311296 kB
VmallocUsed:       18936 kB
VmallocChunk:     139276 kB
Time pass: 190 sec

---2015-12-03 09:19:26
MemTotal:        1745540 kB
MemFree:           51932 kB
Buffers:            5828 kB
Cached:           368092 kB
SwapCached:        46404 kB
Active:           511472 kB
Inactive:         515388 kB
Active(anon):     331244 kB
Inactive(anon):   326280 kB
Active(file):     180228 kB
Inactive(file):   189108 kB
Unevictable:        3816 kB
Mlocked:               0 kB
HighTotal:       1217536 kB
HighFree:          18536 kB
LowTotal:         528004 kB
LowFree:           33396 kB
SwapTotal:       1310716 kB
SwapFree:         758732 kB
Dirty:                 0 kB
Writeback:             0 kB
AnonPages:        637508 kB
Mapped:           338576 kB
Shmem:               712 kB
Slab:              60592 kB
SReclaimable:      16284 kB
SUnreclaim:        44308 kB
KernelStack:       16360 kB
PageTables:        56508 kB
NFS_Unstable:          0 kB
Bounce:                0 kB
WritebackTmp:          0 kB
CommitLimit:     2183484 kB
Committed_AS:   129239116 kB
VmallocTotal:     311296 kB
VmallocUsed:       19004 kB
VmallocChunk:     139276 kB
Time pass: 196 sec

---2015-12-03 09:19:26
MemTotal:        1745540 kB
MemFree:           53344 kB
Buffers:            5772 kB
Cached:           368652 kB
SwapCached:        46520 kB
Active:           511820 kB
Inactive:         514024 kB
Active(anon):     329328 kB
Inactive(anon):   326732 kB
Active(file):     182492 kB
Inactive(file):   187292 kB
Unevictable:        3816 kB
Mlocked:               0 kB
HighTotal:       1217536 kB
HighFree:          18712 kB
LowTotal:         528004 kB
LowFree:           34632 kB
SwapTotal:       1310716 kB
SwapFree:         759372 kB
Dirty:                40 kB
Writeback:             0 kB
AnonPages:        636684 kB
Mapped:           337972 kB
Shmem:               712 kB
Slab:              60544 kB
SReclaimable:      16284 kB
SUnreclaim:        44260 kB
KernelStack:       16136 kB
PageTables:        56396 kB
NFS_Unstable:          0 kB
Bounce:                0 kB
WritebackTmp:          0 kB
CommitLimit:     2183484 kB
Committed_AS:   129235700 kB
VmallocTotal:     311296 kB
VmallocUsed:       19004 kB
VmallocChunk:     139276 kB
Time pass: 201 sec

---2015-12-03 09:19:26
MemTotal:        1745540 kB
MemFree:           49768 kB
Buffers:            5760 kB
Cached:           368504 kB
SwapCached:        46512 kB
Active:           513956 kB
Inactive:         514664 kB
Active(anon):     331408 kB
Inactive(anon):   327492 kB
Active(file):     182548 kB
Inactive(file):   187172 kB
Unevictable:        3816 kB
Mlocked:               0 kB
HighTotal:       1217536 kB
HighFree:          18592 kB
LowTotal:         528004 kB
LowFree:           31176 kB
SwapTotal:       1310716 kB
SwapFree:         759400 kB
Dirty:                 8 kB
Writeback:             0 kB
AnonPages:        638900 kB
Mapped:           338148 kB
Shmem:               728 kB
Slab:              60592 kB
SReclaimable:      16284 kB
SUnreclaim:        44308 kB
KernelStack:       16352 kB
PageTables:        56524 kB
NFS_Unstable:          0 kB
Bounce:                0 kB
WritebackTmp:          0 kB
CommitLimit:     2183484 kB
Committed_AS:   129239348 kB
VmallocTotal:     311296 kB
VmallocUsed:       19004 kB
VmallocChunk:     139276 kB
Time pass: 205 sec

---2015-12-03 09:19:26
MemTotal:        1745540 kB
MemFree:           58256 kB
Buffers:            5844 kB
Cached:           360344 kB
SwapCached:        46408 kB
Active:           512660 kB
Inactive:         509568 kB
Active(anon):     331920 kB
Inactive(anon):   328660 kB
Active(file):     180740 kB
Inactive(file):   180908 kB
Unevictable:        3816 kB
Mlocked:               0 kB
HighTotal:       1217536 kB
HighFree:          21676 kB
LowTotal:         528004 kB
LowFree:           36580 kB
SwapTotal:       1310716 kB
SwapFree:         760332 kB
Dirty:                52 kB
Writeback:             0 kB
AnonPages:        640624 kB
Mapped:           328628 kB
Shmem:               728 kB
Slab:              60516 kB
SReclaimable:      16272 kB
SUnreclaim:        44244 kB
KernelStack:       16368 kB
PageTables:        56372 kB
NFS_Unstable:          0 kB
Bounce:                0 kB
WritebackTmp:          0 kB
CommitLimit:     2183484 kB
Committed_AS:   129501144 kB
VmallocTotal:     311296 kB
VmallocUsed:       20976 kB
VmallocChunk:     139276 kB
Time pass: 209 sec

---2015-12-03 09:19:26
MemTotal:        1745540 kB
MemFree:           59300 kB
Buffers:            5860 kB
Cached:           360916 kB
SwapCached:        46436 kB
Active:           510304 kB
Inactive:         510192 kB
Active(anon):     329564 kB
Inactive(anon):   328708 kB
Active(file):     180740 kB
Inactive(file):   181484 kB
Unevictable:        3816 kB
Mlocked:               0 kB
HighTotal:       1217536 kB
HighFree:          22196 kB
LowTotal:         528004 kB
LowFree:           37104 kB
SwapTotal:       1310716 kB
SwapFree:         760396 kB
Dirty:                44 kB
Writeback:             0 kB
AnonPages:        638404 kB
Mapped:           328652 kB
Shmem:               728 kB
Slab:              60636 kB
SReclaimable:      16272 kB
SUnreclaim:        44364 kB
KernelStack:       16384 kB
PageTables:        56420 kB
NFS_Unstable:          0 kB
Bounce:                0 kB
WritebackTmp:          0 kB
CommitLimit:     2183484 kB
Committed_AS:   129502228 kB
VmallocTotal:     311296 kB
VmallocUsed:       20976 kB
VmallocChunk:     139276 kB
Time pass: 213 sec

---2015-12-03 09:19:26
MemTotal:        1745540 kB
MemFree:           67248 kB
Buffers:            5892 kB
Cached:           361036 kB
SwapCached:        46400 kB
Active:           511580 kB
Inactive:         503064 kB
Active(anon):     323420 kB
Inactive(anon):   328960 kB
Active(file):     188160 kB
Inactive(file):   174104 kB
Unevictable:        3816 kB
Mlocked:               0 kB
HighTotal:       1217536 kB
HighFree:          27136 kB
LowTotal:         528004 kB
LowFree:           40112 kB
SwapTotal:       1310716 kB
SwapFree:         760792 kB
Dirty:                52 kB
Writeback:             0 kB
AnonPages:        632092 kB
Mapped:           324064 kB
Shmem:               848 kB
Slab:              60604 kB
SReclaimable:      16272 kB
SUnreclaim:        44332 kB
KernelStack:       16016 kB
PageTables:        56312 kB
NFS_Unstable:          0 kB
Bounce:                0 kB
WritebackTmp:          0 kB
CommitLimit:     2183484 kB
Committed_AS:   129483408 kB
VmallocTotal:     311296 kB
VmallocUsed:       21996 kB
VmallocChunk:     139276 kB
Time pass: 220 sec

---2015-12-03 09:19:26
MemTotal:        1745540 kB
MemFree:           54184 kB
Buffers:            5924 kB
Cached:           362116 kB
SwapCached:        46336 kB
Active:           523348 kB
Inactive:         504008 kB
Active(anon):     335172 kB
Inactive(anon):   328808 kB
Active(file):     188176 kB
Inactive(file):   175200 kB
Unevictable:        3816 kB
Mlocked:               0 kB
HighTotal:       1217536 kB
HighFree:          19316 kB
LowTotal:         528004 kB
LowFree:           34868 kB
SwapTotal:       1310716 kB
SwapFree:         764436 kB
Dirty:               108 kB
Writeback:             0 kB
AnonPages:        643904 kB
Mapped:           328620 kB
Shmem:               848 kB
Slab:              60784 kB
SReclaimable:      16272 kB
SUnreclaim:        44512 kB
KernelStack:       16256 kB
PageTables:        55876 kB
NFS_Unstable:          0 kB
Bounce:                0 kB
WritebackTmp:          0 kB
CommitLimit:     2183484 kB
Committed_AS:   127997220 kB
VmallocTotal:     311296 kB
VmallocUsed:       21996 kB
VmallocChunk:     139276 kB
Time pass: 225 sec

---2015-12-03 09:19:26
MemTotal:        1745540 kB
MemFree:           55436 kB
Buffers:            5940 kB
Cached:           362116 kB
SwapCached:        46344 kB
Active:           522172 kB
Inactive:         504084 kB
Active(anon):     333996 kB
Inactive(anon):   328868 kB
Active(file):     188176 kB
Inactive(file):   175216 kB
Unevictable:        3816 kB
Mlocked:               0 kB
HighTotal:       1217536 kB
HighFree:          21348 kB
LowTotal:         528004 kB
LowFree:           34088 kB
SwapTotal:       1310716 kB
SwapFree:         764508 kB
Dirty:                 0 kB
Writeback:             0 kB
AnonPages:        642732 kB
Mapped:           328748 kB
Shmem:               848 kB
Slab:              60736 kB
SReclaimable:      16272 kB
SUnreclaim:        44464 kB
KernelStack:       16256 kB
PageTables:        55896 kB
NFS_Unstable:          0 kB
Bounce:                0 kB
WritebackTmp:          0 kB
CommitLimit:     2183484 kB
Committed_AS:   127997380 kB
VmallocTotal:     311296 kB
VmallocUsed:       21996 kB
VmallocChunk:     139276 kB
Time pass: 228 sec

---2015-12-03 09:19:26
MemTotal:        1745540 kB
MemFree:           52316 kB
Buffers:            5956 kB
Cached:           362160 kB
SwapCached:        46344 kB
Active:           525268 kB
Inactive:         504144 kB
Active(anon):     337092 kB
Inactive(anon):   328920 kB
Active(file):     188176 kB
Inactive(file):   175224 kB
Unevictable:        3816 kB
Mlocked:               0 kB
HighTotal:       1217536 kB
HighFree:          18648 kB
LowTotal:         528004 kB
LowFree:           33668 kB
SwapTotal:       1310716 kB
SwapFree:         764556 kB
Dirty:                44 kB
Writeback:             0 kB
AnonPages:        645904 kB
Mapped:           328800 kB
Shmem:               896 kB
Slab:              60752 kB
SReclaimable:      16272 kB
SUnreclaim:        44480 kB
KernelStack:       16264 kB
PageTables:        55896 kB
NFS_Unstable:          0 kB
Bounce:                0 kB
WritebackTmp:          0 kB
CommitLimit:     2183484 kB
Committed_AS:   127997540 kB
VmallocTotal:     311296 kB
VmallocUsed:       21996 kB
VmallocChunk:     139276 kB
Time pass: 232 sec

---2015-12-03 09:19:26
MemTotal:        1745540 kB
MemFree:           63072 kB
Buffers:            5972 kB
Cached:           362336 kB
SwapCached:        46368 kB
Active:           514452 kB
Inactive:         504284 kB
Active(anon):     326244 kB
Inactive(anon):   329068 kB
Active(file):     188208 kB
Inactive(file):   175216 kB
Unevictable:        3816 kB
Mlocked:               0 kB
HighTotal:       1217536 kB
HighFree:          27336 kB
LowTotal:         528004 kB
LowFree:           35736 kB
SwapTotal:       1310716 kB
SwapFree:         764788 kB
Dirty:                64 kB
Writeback:             0 kB
AnonPages:        635032 kB
Mapped:           322080 kB
Shmem:              1068 kB
Slab:              60740 kB
SReclaimable:      16272 kB
SUnreclaim:        44468 kB
KernelStack:       15976 kB
PageTables:        55280 kB
NFS_Unstable:          0 kB
Bounce:                0 kB
WritebackTmp:          0 kB
CommitLimit:     2183484 kB
Committed_AS:   126459572 kB
VmallocTotal:     311296 kB
VmallocUsed:       20976 kB
VmallocChunk:     139276 kB
Time pass: 236 sec

---2015-12-03 09:19:26
MemTotal:        1745540 kB
MemFree:           54136 kB
Buffers:            6364 kB
Cached:           362332 kB
SwapCached:        46360 kB
Active:           522460 kB
Inactive:         504736 kB
Active(anon):     334248 kB
Inactive(anon):   329136 kB
Active(file):     188212 kB
Inactive(file):   175600 kB
Unevictable:        3816 kB
Mlocked:               0 kB
HighTotal:       1217536 kB
HighFree:          19212 kB
LowTotal:         528004 kB
LowFree:           34924 kB
SwapTotal:       1310716 kB
SwapFree:         764924 kB
Dirty:               100 kB
Writeback:             0 kB
AnonPages:        643108 kB
Mapped:           327404 kB
Shmem:              1068 kB
Slab:              60604 kB
SReclaimable:      16272 kB
SUnreclaim:        44332 kB
KernelStack:       16176 kB
PageTables:        55848 kB
NFS_Unstable:          0 kB
Bounce:                0 kB
WritebackTmp:          0 kB
CommitLimit:     2183484 kB
Committed_AS:   127991716 kB
VmallocTotal:     311296 kB
VmallocUsed:       22064 kB
VmallocChunk:     139276 kB
Time pass: 240 sec

---2015-12-03 09:19:26
MemTotal:        1745540 kB
MemFree:           52952 kB
Buffers:            6372 kB
Cached:           362412 kB
SwapCached:        46360 kB
Active:           523376 kB
Inactive:         504956 kB
Active(anon):     335168 kB
Inactive(anon):   329348 kB
Active(file):     188208 kB
Inactive(file):   175608 kB
Unevictable:        3816 kB
Mlocked:               0 kB
HighTotal:       1217536 kB
HighFree:          20600 kB
LowTotal:         528004 kB
LowFree:           32352 kB
SwapTotal:       1310716 kB
SwapFree:         765016 kB
Dirty:               104 kB
Writeback:             0 kB
AnonPages:        644200 kB
Mapped:           328952 kB
Shmem:              1156 kB
Slab:              60804 kB
SReclaimable:      16272 kB
SUnreclaim:        44532 kB
KernelStack:       16256 kB
PageTables:        55904 kB
NFS_Unstable:          0 kB
Bounce:                0 kB
WritebackTmp:          0 kB
CommitLimit:     2183484 kB
Committed_AS:   128001916 kB
VmallocTotal:     311296 kB
VmallocUsed:       21996 kB
VmallocChunk:     139276 kB
Time pass: 243 sec

---2015-12-03 09:19:26
MemTotal:        1745540 kB
MemFree:           52980 kB
Buffers:            6380 kB
Cached:           362424 kB
SwapCached:        46360 kB
Active:           523592 kB
Inactive:         505004 kB
Active(anon):     335384 kB
Inactive(anon):   329380 kB
Active(file):     188208 kB
Inactive(file):   175624 kB
Unevictable:        3816 kB
Mlocked:               0 kB
HighTotal:       1217536 kB
HighFree:          20124 kB
LowTotal:         528004 kB
LowFree:           32856 kB
SwapTotal:       1310716 kB
SwapFree:         765040 kB
Dirty:                92 kB
Writeback:             0 kB
AnonPages:        644440 kB
Mapped:           329080 kB
Shmem:              1156 kB
Slab:              60544 kB
SReclaimable:      16272 kB
SUnreclaim:        44272 kB
KernelStack:       16256 kB
PageTables:        55916 kB
NFS_Unstable:          0 kB
Bounce:                0 kB
WritebackTmp:          0 kB
CommitLimit:     2183484 kB
Committed_AS:   128004140 kB
VmallocTotal:     311296 kB
VmallocUsed:       21996 kB
VmallocChunk:     139276 kB
Time pass: 247 sec

---2015-12-03 09:19:26
MemTotal:        1745540 kB
MemFree:           46644 kB
Buffers:            6388 kB
Cached:           366900 kB
SwapCached:        46380 kB
Active:           525540 kB
Inactive:         509540 kB
Active(anon):     337332 kB
Inactive(anon):   329516 kB
Active(file):     188208 kB
Inactive(file):   180024 kB
Unevictable:        3816 kB
Mlocked:               0 kB
HighTotal:       1217536 kB
HighFree:          18652 kB
LowTotal:         528004 kB
LowFree:           27992 kB
SwapTotal:       1310716 kB
SwapFree:         765096 kB
Dirty:                 4 kB
Writeback:             0 kB
AnonPages:        646384 kB
Mapped:           329160 kB
Shmem:              1240 kB
Slab:              60768 kB
SReclaimable:      16272 kB
SUnreclaim:        44496 kB
KernelStack:       16232 kB
PageTables:        55904 kB
NFS_Unstable:          0 kB
Bounce:                0 kB
WritebackTmp:          0 kB
CommitLimit:     2183484 kB
Committed_AS:   128006236 kB
VmallocTotal:     311296 kB
VmallocUsed:       21996 kB
VmallocChunk:     139276 kB
Time pass: 251 sec

---2015-12-03 09:19:26
MemTotal:        1745540 kB
MemFree:           45216 kB
Buffers:            6412 kB
Cached:           366908 kB
SwapCached:        46384 kB
Active:           525952 kB
Inactive:         509640 kB
Active(anon):     337744 kB
Inactive(anon):   329584 kB
Active(file):     188208 kB
Inactive(file):   180056 kB
Unevictable:        3816 kB
Mlocked:               0 kB
HighTotal:       1217536 kB
HighFree:          18568 kB
LowTotal:         528004 kB
LowFree:           26648 kB
SwapTotal:       1310716 kB
SwapFree:         765160 kB
Dirty:                52 kB
Writeback:             0 kB
AnonPages:        647052 kB
Mapped:           329272 kB
Shmem:              1240 kB
Slab:              60768 kB
SReclaimable:      16272 kB
SUnreclaim:        44496 kB
KernelStack:       16304 kB
PageTables:        55924 kB
NFS_Unstable:          0 kB
Bounce:                0 kB
WritebackTmp:          0 kB
CommitLimit:     2183484 kB
Committed_AS:   128006484 kB
VmallocTotal:     311296 kB
VmallocUsed:       22064 kB
VmallocChunk:     139276 kB
Time pass: 254 sec

---2015-12-03 09:19:26
MemTotal:        1745540 kB
MemFree:           54852 kB
Buffers:            6428 kB
Cached:           367420 kB
SwapCached:        46388 kB
Active:           516240 kB
Inactive:         510240 kB
Active(anon):     328032 kB
Inactive(anon):   329656 kB
Active(file):     188208 kB
Inactive(file):   180584 kB
Unevictable:        3816 kB
Mlocked:               0 kB
HighTotal:       1217536 kB
HighFree:          23780 kB
LowTotal:         528004 kB
LowFree:           31072 kB
SwapTotal:       1310716 kB
SwapFree:         765240 kB
Dirty:                52 kB
Writeback:             0 kB
AnonPages:        637356 kB
Mapped:           322332 kB
Shmem:              1240 kB
Slab:              60668 kB
SReclaimable:      16272 kB
SUnreclaim:        44396 kB
KernelStack:       15976 kB
PageTables:        55304 kB
NFS_Unstable:          0 kB
Bounce:                0 kB
WritebackTmp:          0 kB
CommitLimit:     2183484 kB
Committed_AS:   126468800 kB
VmallocTotal:     311296 kB
VmallocUsed:       21044 kB
VmallocChunk:     139276 kB
Time pass: 258 sec

---2015-12-03 09:19:26
MemTotal:        1745540 kB
MemFree:           50480 kB
Buffers:            6384 kB
Cached:           361040 kB
SwapCached:        46892 kB
Active:           516880 kB
Inactive:         513664 kB
Active(anon):     335268 kB
Inactive(anon):   332908 kB
Active(file):     181612 kB
Inactive(file):   180756 kB
Unevictable:        3816 kB
Mlocked:               0 kB
HighTotal:       1217536 kB
HighFree:          23688 kB
LowTotal:         528004 kB
LowFree:           26792 kB
SwapTotal:       1310716 kB
SwapFree:         759544 kB
Dirty:                40 kB
Writeback:             0 kB
AnonPages:        647372 kB
Mapped:           326760 kB
Shmem:              1240 kB
Slab:              60804 kB
SReclaimable:      16272 kB
SUnreclaim:        44532 kB
KernelStack:       16272 kB
PageTables:        55916 kB
NFS_Unstable:          0 kB
Bounce:                0 kB
WritebackTmp:          0 kB
CommitLimit:     2183484 kB
Committed_AS:   128006636 kB
VmallocTotal:     311296 kB
VmallocUsed:       21044 kB
VmallocChunk:     139276 kB
Time pass: 262 sec

---2015-12-03 09:19:26
MemTotal:        1745540 kB
MemFree:           48072 kB
Buffers:            6392 kB
Cached:           361508 kB
SwapCached:        46904 kB
Active:           518900 kB
Inactive:         514120 kB
Active(anon):     337264 kB
Inactive(anon):   332900 kB
Active(file):     181636 kB
Inactive(file):   181220 kB
Unevictable:        3816 kB
Mlocked:               0 kB
HighTotal:       1217536 kB
HighFree:          20896 kB
LowTotal:         528004 kB
LowFree:           27176 kB
SwapTotal:       1310716 kB
SwapFree:         759576 kB
Dirty:                12 kB
Writeback:             0 kB
AnonPages:        649344 kB
Mapped:           326756 kB
Shmem:              1240 kB
Slab:              60804 kB
SReclaimable:      16272 kB
SUnreclaim:        44532 kB
KernelStack:       16232 kB
PageTables:        55912 kB
NFS_Unstable:          0 kB
Bounce:                0 kB
WritebackTmp:          0 kB
CommitLimit:     2183484 kB
Committed_AS:   128006764 kB
VmallocTotal:     311296 kB
VmallocUsed:       21044 kB
VmallocChunk:     139276 kB
Time pass: 265 sec

---2015-12-03 09:19:26
MemTotal:        1745540 kB
MemFree:           49260 kB
Buffers:            6392 kB
Cached:           361520 kB
SwapCached:        46900 kB
Active:           517796 kB
Inactive:         514168 kB
Active(anon):     336160 kB
Inactive(anon):   332948 kB
Active(file):     181636 kB
Inactive(file):   181220 kB
Unevictable:        3816 kB
Mlocked:               0 kB
HighTotal:       1217536 kB
HighFree:          20852 kB
LowTotal:         528004 kB
LowFree:           28408 kB
SwapTotal:       1310716 kB
SwapFree:         759584 kB
Dirty:                 0 kB
Writeback:             0 kB
AnonPages:        648188 kB
Mapped:           326756 kB
Shmem:              1240 kB
Slab:              60708 kB
SReclaimable:      16272 kB
SUnreclaim:        44436 kB
KernelStack:       16216 kB
PageTables:        55916 kB
NFS_Unstable:          0 kB
Bounce:                0 kB
WritebackTmp:          0 kB
CommitLimit:     2183484 kB
Committed_AS:   128006820 kB
VmallocTotal:     311296 kB
VmallocUsed:       21044 kB
VmallocChunk:     139276 kB
Time pass: 269 sec

---2015-12-03 09:19:26
MemTotal:        1745540 kB
MemFree:           48288 kB
Buffers:            6416 kB
Cached:           361520 kB
SwapCached:        46944 kB
Active:           518828 kB
Inactive:         514232 kB
Active(anon):     337192 kB
Inactive(anon):   332988 kB
Active(file):     181636 kB
Inactive(file):   181244 kB
Unevictable:        3816 kB
Mlocked:               0 kB
HighTotal:       1217536 kB
HighFree:          19708 kB
LowTotal:         528004 kB
LowFree:           28580 kB
SwapTotal:       1310716 kB
SwapFree:         759772 kB
Dirty:                64 kB
Writeback:             0 kB
AnonPages:        649388 kB
Mapped:           326756 kB
Shmem:              1240 kB
Slab:              60900 kB
SReclaimable:      16272 kB
SUnreclaim:        44628 kB
KernelStack:       16216 kB
PageTables:        55916 kB
NFS_Unstable:          0 kB
Bounce:                0 kB
WritebackTmp:          0 kB
CommitLimit:     2183484 kB
Committed_AS:   128006956 kB
VmallocTotal:     311296 kB
VmallocUsed:       21044 kB
VmallocChunk:     139276 kB
Time pass: 273 sec

---2015-12-03 09:19:26
MemTotal:        1745540 kB
MemFree:           59120 kB
Buffers:            6416 kB
Cached:           361568 kB
SwapCached:        46944 kB
Active:           508892 kB
Inactive:         514268 kB
Active(anon):     327200 kB
Inactive(anon):   333032 kB
Active(file):     181692 kB
Inactive(file):   181236 kB
Unevictable:        3816 kB
Mlocked:               0 kB
HighTotal:       1217536 kB
HighFree:          24000 kB
LowTotal:         528004 kB
LowFree:           35120 kB
SwapTotal:       1310716 kB
SwapFree:         759816 kB
Dirty:                 4 kB
Writeback:             0 kB
AnonPages:        639344 kB
Mapped:           320100 kB
Shmem:              1240 kB
Slab:              60776 kB
SReclaimable:      16272 kB
SUnreclaim:        44504 kB
KernelStack:       15888 kB
PageTables:        55304 kB
NFS_Unstable:          0 kB
Bounce:                0 kB
WritebackTmp:          0 kB
CommitLimit:     2183484 kB
Committed_AS:   126469336 kB
VmallocTotal:     311296 kB
VmallocUsed:       20976 kB
VmallocChunk:     139276 kB
Time pass: 277 sec

---2015-12-03 09:19:26
MemTotal:        1745540 kB
MemFree:           47016 kB
Buffers:            6360 kB
Cached:           357824 kB
SwapCached:        46980 kB
Active:           517980 kB
Inactive:         516916 kB
Active(anon):     337984 kB
Inactive(anon):   337784 kB
Active(file):     179996 kB
Inactive(file):   179132 kB
Unevictable:        3816 kB
Mlocked:               0 kB
HighTotal:       1217536 kB
HighFree:          21340 kB
LowTotal:         528004 kB
LowFree:           25676 kB
SwapTotal:       1310716 kB
SwapFree:         759244 kB
Dirty:                84 kB
Writeback:             0 kB
AnonPages:        654872 kB
Mapped:           326572 kB
Shmem:              1240 kB
Slab:              60772 kB
SReclaimable:      16272 kB
SUnreclaim:        44500 kB
KernelStack:       16216 kB
PageTables:        55940 kB
NFS_Unstable:          0 kB
Bounce:                0 kB
WritebackTmp:          0 kB
CommitLimit:     2183484 kB
Committed_AS:   128007372 kB
VmallocTotal:     311296 kB
VmallocUsed:       20976 kB
VmallocChunk:     139276 kB
Time pass: 280 sec

---2015-12-03 09:19:26
MemTotal:        1745540 kB
MemFree:           46076 kB
Buffers:            6360 kB
Cached:           357824 kB
SwapCached:        46976 kB
Active:           518768 kB
Inactive:         516940 kB
Active(anon):     338772 kB
Inactive(anon):   337808 kB
Active(file):     179996 kB
Inactive(file):   179132 kB
Unevictable:        3816 kB
Mlocked:               0 kB
HighTotal:       1217536 kB
HighFree:          20696 kB
LowTotal:         528004 kB
LowFree:           25380 kB
SwapTotal:       1310716 kB
SwapFree:         759264 kB
Dirty:                88 kB
Writeback:             0 kB
AnonPages:        655720 kB
Mapped:           326544 kB
Shmem:              1240 kB
Slab:              60704 kB
SReclaimable:      16272 kB
SUnreclaim:        44432 kB
KernelStack:       16216 kB
PageTables:        55936 kB
NFS_Unstable:          0 kB
Bounce:                0 kB
WritebackTmp:          0 kB
CommitLimit:     2183484 kB
Committed_AS:   128007508 kB
VmallocTotal:     311296 kB
VmallocUsed:       21044 kB
VmallocChunk:     139276 kB
Time pass: 284 sec

---2015-12-03 09:19:26
MemTotal:        1745540 kB
MemFree:           43992 kB
Buffers:            7920 kB
Cached:           357824 kB
SwapCached:        46980 kB
Active:           519692 kB
Inactive:         518520 kB
Active(anon):     339696 kB
Inactive(anon):   337828 kB
Active(file):     179996 kB
Inactive(file):   180692 kB
Unevictable:        3816 kB
Mlocked:               0 kB
HighTotal:       1217536 kB
HighFree:          19732 kB
LowTotal:         528004 kB
LowFree:           24260 kB
SwapTotal:       1310716 kB
SwapFree:         759280 kB
Dirty:                60 kB
Writeback:             0 kB
AnonPages:        656644 kB
Mapped:           326668 kB
Shmem:              1240 kB
Slab:              60712 kB
SReclaimable:      16272 kB
SUnreclaim:        44440 kB
KernelStack:       16216 kB
PageTables:        55932 kB
NFS_Unstable:          0 kB
Bounce:                0 kB
WritebackTmp:          0 kB
CommitLimit:     2183484 kB
Committed_AS:   128007644 kB
VmallocTotal:     311296 kB
VmallocUsed:       20976 kB
VmallocChunk:     139276 kB
Time pass: 289 sec

---2015-12-03 09:19:26
MemTotal:        1745540 kB
MemFree:           46548 kB
Buffers:            7928 kB
Cached:           355408 kB
SwapCached:        46988 kB
Active:           516676 kB
Inactive:         517488 kB
Active(anon):     337436 kB
Inactive(anon):   338444 kB
Active(file):     179240 kB
Inactive(file):   179044 kB
Unevictable:        3816 kB
Mlocked:               0 kB
HighTotal:       1217536 kB
HighFree:          21096 kB
LowTotal:         528004 kB
LowFree:           25452 kB
SwapTotal:       1310716 kB
SwapFree:         758140 kB
Dirty:                32 kB
Writeback:             0 kB
AnonPages:        655052 kB
Mapped:           326288 kB
Shmem:              1240 kB
Slab:              60780 kB
SReclaimable:      16272 kB
SUnreclaim:        44508 kB
KernelStack:       16272 kB
PageTables:        55948 kB
NFS_Unstable:          0 kB
Bounce:                0 kB
WritebackTmp:          0 kB
CommitLimit:     2183484 kB
Committed_AS:   128008252 kB
VmallocTotal:     311296 kB
VmallocUsed:       21044 kB
VmallocChunk:     139276 kB
Time pass: 293 sec

---2015-12-03 09:19:26
MemTotal:        1745540 kB
MemFree:           58164 kB
Buffers:            7928 kB
Cached:           355412 kB
SwapCached:        46984 kB
Active:           505484 kB
Inactive:         517532 kB
Active(anon):     326244 kB
Inactive(anon):   338488 kB
Active(file):     179240 kB
Inactive(file):   179044 kB
Unevictable:        3816 kB
Mlocked:               0 kB
HighTotal:       1217536 kB
HighFree:          25800 kB
LowTotal:         528004 kB
LowFree:           32364 kB
SwapTotal:       1310716 kB
SwapFree:         758212 kB
Dirty:                 4 kB
Writeback:             0 kB
AnonPages:        643856 kB
Mapped:           319508 kB
Shmem:              1240 kB
Slab:              60684 kB
SReclaimable:      16272 kB
SUnreclaim:        44412 kB
KernelStack:       15896 kB
PageTables:        55324 kB
NFS_Unstable:          0 kB
Bounce:                0 kB
WritebackTmp:          0 kB
CommitLimit:     2183484 kB
Committed_AS:   126470640 kB
VmallocTotal:     311296 kB
VmallocUsed:       21044 kB
VmallocChunk:     139276 kB
Time pass: 296 sec

---2015-12-03 09:19:26
MemTotal:        1745540 kB
MemFree:           47888 kB
Buffers:            7844 kB
Cached:           352576 kB
SwapCached:        46992 kB
Active:           516800 kB
Inactive:         516816 kB
Active(anon):     339188 kB
Inactive(anon):   339064 kB
Active(file):     177612 kB
Inactive(file):   177752 kB
Unevictable:        3816 kB
Mlocked:               0 kB
HighTotal:       1217536 kB
HighFree:          22628 kB
LowTotal:         528004 kB
LowFree:           25260 kB
SwapTotal:       1310716 kB
SwapFree:         756336 kB
Dirty:                84 kB
Writeback:             0 kB
AnonPages:        657344 kB
Mapped:           326068 kB
Shmem:              1240 kB
Slab:              60744 kB
SReclaimable:      16272 kB
SUnreclaim:        44472 kB
KernelStack:       16216 kB
PageTables:        55952 kB
NFS_Unstable:          0 kB
Bounce:                0 kB
WritebackTmp:          0 kB
CommitLimit:     2183484 kB
Committed_AS:   128007824 kB
VmallocTotal:     311296 kB
VmallocUsed:       22064 kB
VmallocChunk:     139276 kB
Time pass: 300 sec

---2015-12-03 09:19:26
MemTotal:        1745540 kB
MemFree:           58216 kB
Buffers:            7852 kB
Cached:           352568 kB
SwapCached:        46988 kB
Active:           507048 kB
Inactive:         516740 kB
Active(anon):     329284 kB
Inactive(anon):   339140 kB
Active(file):     177764 kB
Inactive(file):   177600 kB
Unevictable:        3816 kB
Mlocked:               0 kB
HighTotal:       1217536 kB
HighFree:          28740 kB
LowTotal:         528004 kB
LowFree:           29476 kB
SwapTotal:       1310716 kB
SwapFree:         756440 kB
Dirty:                56 kB
Writeback:             0 kB
AnonPages:        647588 kB
Mapped:           326016 kB
Shmem:              1240 kB
Slab:              60660 kB
SReclaimable:      16272 kB
SUnreclaim:        44388 kB
KernelStack:       16208 kB
PageTables:        55936 kB
NFS_Unstable:          0 kB
Bounce:                0 kB
WritebackTmp:          0 kB
CommitLimit:     2183484 kB
Committed_AS:   128002840 kB
VmallocTotal:     311296 kB
VmallocUsed:       22064 kB
VmallocChunk:     139276 kB
Time pass: 304 sec

---2015-12-03 09:19:26
MemTotal:        1745540 kB
MemFree:           57416 kB
Buffers:            7852 kB
Cached:           352576 kB
SwapCached:        46988 kB
Active:           506800 kB
Inactive:         516732 kB
Active(anon):     329036 kB
Inactive(anon):   339124 kB
Active(file):     177764 kB
Inactive(file):   177608 kB
Unevictable:        3816 kB
Mlocked:               0 kB
HighTotal:       1217536 kB
HighFree:          27796 kB
LowTotal:         528004 kB
LowFree:           29620 kB
SwapTotal:       1310716 kB
SwapFree:         756448 kB
Dirty:                 0 kB
Writeback:             0 kB
AnonPages:        647244 kB
Mapped:           326192 kB
Shmem:              1240 kB
Slab:              60728 kB
SReclaimable:      16272 kB
SUnreclaim:        44456 kB
KernelStack:       16192 kB
PageTables:        55948 kB
NFS_Unstable:          0 kB
Bounce:                0 kB
WritebackTmp:          0 kB
CommitLimit:     2183484 kB
Committed_AS:   128002940 kB
VmallocTotal:     311296 kB
VmallocUsed:       21996 kB
VmallocChunk:     139276 kB
Time pass: 307 sec

---2015-12-03 09:19:26
MemTotal:        1745540 kB
MemFree:           58344 kB
Buffers:            7884 kB
Cached:           357188 kB
SwapCached:        47160 kB
Active:           501668 kB
Inactive:         521556 kB
Active(anon):     323900 kB
Inactive(anon):   339344 kB
Active(file):     177768 kB
Inactive(file):   182212 kB
Unevictable:        3816 kB
Mlocked:               0 kB
HighTotal:       1217536 kB
HighFree:          27500 kB
LowTotal:         528004 kB
LowFree:           30844 kB
SwapTotal:       1310716 kB
SwapFree:         756680 kB
Dirty:                60 kB
Writeback:             0 kB
AnonPages:        642448 kB
Mapped:           326344 kB
Shmem:              1240 kB
Slab:              60788 kB
SReclaimable:      16272 kB
SUnreclaim:        44516 kB
KernelStack:       16208 kB
PageTables:        55952 kB
NFS_Unstable:          0 kB
Bounce:                0 kB
WritebackTmp:          0 kB
CommitLimit:     2183484 kB
Committed_AS:   128003076 kB
VmallocTotal:     311296 kB
VmallocUsed:       21996 kB
VmallocChunk:     139276 kB
Time pass: 311 sec

---2015-12-03 09:19:26
MemTotal:        1745540 kB
MemFree:           69448 kB
Buffers:            7884 kB
Cached:           357188 kB
SwapCached:        47156 kB
Active:           491368 kB
Inactive:         521456 kB
Active(anon):     313392 kB
Inactive(anon):   339416 kB
Active(file):     177976 kB
Inactive(file):   182040 kB
Unevictable:        3816 kB
Mlocked:               0 kB
HighTotal:       1217536 kB
HighFree:          32580 kB
LowTotal:         528004 kB
LowFree:           36868 kB
SwapTotal:       1310716 kB
SwapFree:         756744 kB
Dirty:                 4 kB
Writeback:             0 kB
AnonPages:        631984 kB
Mapped:           319440 kB
Shmem:              1240 kB
Slab:              60816 kB
SReclaimable:      16272 kB
SUnreclaim:        44544 kB
KernelStack:       15888 kB
PageTables:        55332 kB
NFS_Unstable:          0 kB
Bounce:                0 kB
WritebackTmp:          0 kB
CommitLimit:     2183484 kB
Committed_AS:   126465672 kB
VmallocTotal:     311296 kB
VmallocUsed:       20976 kB
VmallocChunk:     139276 kB
Time pass: 315 sec

---2015-12-03 09:19:26
MemTotal:        1745540 kB
MemFree:           48544 kB
Buffers:            7916 kB
Cached:           361536 kB
SwapCached:        47140 kB
Active:           507692 kB
Inactive:         525852 kB
Active(anon):     329716 kB
Inactive(anon):   339432 kB
Active(file):     177976 kB
Inactive(file):   186420 kB
Unevictable:        3816 kB
Mlocked:               0 kB
HighTotal:       1217536 kB
HighFree:          18660 kB
LowTotal:         528004 kB
LowFree:           29884 kB
SwapTotal:       1310716 kB
SwapFree:         756796 kB
Dirty:               128 kB
Writeback:             0 kB
AnonPages:        648384 kB
Mapped:           326480 kB
Shmem:              1240 kB
Slab:              60712 kB
SReclaimable:      16272 kB
SUnreclaim:        44440 kB
KernelStack:       16296 kB
PageTables:        55960 kB
NFS_Unstable:          0 kB
Bounce:                0 kB
WritebackTmp:          0 kB
CommitLimit:     2183484 kB
Committed_AS:   128008836 kB
VmallocTotal:     311296 kB
VmallocUsed:       21996 kB
VmallocChunk:     139276 kB
Time pass: 319 sec

---2015-12-03 09:19:26
MemTotal:        1745540 kB
MemFree:           47696 kB
Buffers:            7924 kB
Cached:           361580 kB
SwapCached:        47140 kB
Active:           508048 kB
Inactive:         525916 kB
Active(anon):     330072 kB
Inactive(anon):   339444 kB
Active(file):     177976 kB
Inactive(file):   186472 kB
Unevictable:        3816 kB
Mlocked:               0 kB
HighTotal:       1217536 kB
HighFree:          19132 kB
LowTotal:         528004 kB
LowFree:           28564 kB
SwapTotal:       1310716 kB
SwapFree:         756804 kB
Dirty:                56 kB
Writeback:             0 kB
AnonPages:        648668 kB
Mapped:           326660 kB
Shmem:              1240 kB
Slab:              60772 kB
SReclaimable:      16272 kB
SUnreclaim:        44500 kB
KernelStack:       16232 kB
PageTables:        55956 kB
NFS_Unstable:          0 kB
Bounce:                0 kB
WritebackTmp:          0 kB
CommitLimit:     2183484 kB
Committed_AS:   128009020 kB
VmallocTotal:     311296 kB
VmallocUsed:       21996 kB
VmallocChunk:     139276 kB
Time pass: 324 sec

---2015-12-03 09:19:26
MemTotal:        1745540 kB
MemFree:           48228 kB
Buffers:            7940 kB
Cached:           361580 kB
SwapCached:        47140 kB
Active:           507468 kB
Inactive:         525956 kB
Active(anon):     329492 kB
Inactive(anon):   339468 kB
Active(file):     177976 kB
Inactive(file):   186488 kB
Unevictable:        3816 kB
Mlocked:               0 kB
HighTotal:       1217536 kB
HighFree:          20552 kB
LowTotal:         528004 kB
LowFree:           27676 kB
SwapTotal:       1310716 kB
SwapFree:         756832 kB
Dirty:                64 kB
Writeback:             0 kB
AnonPages:        648424 kB
Mapped:           326532 kB
Shmem:              1240 kB
Slab:              60740 kB
SReclaimable:      16272 kB
SUnreclaim:        44468 kB
KernelStack:       16280 kB
PageTables:        55968 kB
NFS_Unstable:          0 kB
Bounce:                0 kB
WritebackTmp:          0 kB
CommitLimit:     2183484 kB
Committed_AS:   128009108 kB
VmallocTotal:     311296 kB
VmallocUsed:       22064 kB
VmallocChunk:     139276 kB
Time pass: 328 sec

---2015-12-03 09:19:26
MemTotal:        1745540 kB
MemFree:           56880 kB
Buffers:            7964 kB
Cached:           361580 kB
SwapCached:        47136 kB
Active:           498084 kB
Inactive:         526020 kB
Active(anon):     320084 kB
Inactive(anon):   339532 kB
Active(file):     178000 kB
Inactive(file):   186488 kB
Unevictable:        3816 kB
Mlocked:               0 kB
HighTotal:       1217536 kB
HighFree:          26848 kB
LowTotal:         528004 kB
LowFree:           30032 kB
SwapTotal:       1310716 kB
SwapFree:         756908 kB
Dirty:                40 kB
Writeback:             0 kB
AnonPages:        638864 kB
Mapped:           319692 kB
Shmem:              1240 kB
Slab:              60800 kB
SReclaimable:      16272 kB
SUnreclaim:        44528 kB
KernelStack:       15968 kB
PageTables:        55320 kB
NFS_Unstable:          0 kB
Bounce:                0 kB
WritebackTmp:          0 kB
CommitLimit:     2183484 kB
Committed_AS:   126472380 kB
VmallocTotal:     311296 kB
VmallocUsed:       21044 kB
VmallocChunk:     139276 kB
Time pass: 333 sec

---2015-12-03 09:19:26
MemTotal:        1745540 kB
MemFree:           44296 kB
Buffers:            7972 kB
Cached:           363880 kB
SwapCached:        48044 kB
Active:           506084 kB
Inactive:         530648 kB
Active(anon):     328084 kB
Inactive(anon):   342092 kB
Active(file):     178000 kB
Inactive(file):   188556 kB
Unevictable:        3816 kB
Mlocked:               0 kB
HighTotal:       1217536 kB
HighFree:          18644 kB
LowTotal:         528004 kB
LowFree:           25652 kB
SwapTotal:       1310716 kB
SwapFree:         759188 kB
Dirty:                36 kB
Writeback:             0 kB
AnonPages:        649836 kB
Mapped:           325736 kB
Shmem:              1240 kB
Slab:              60728 kB
SReclaimable:      16272 kB
SUnreclaim:        44456 kB
KernelStack:       16040 kB
PageTables:        55864 kB
NFS_Unstable:          0 kB
Bounce:                0 kB
WritebackTmp:          0 kB
CommitLimit:     2183484 kB
Committed_AS:   128005848 kB
VmallocTotal:     311296 kB
VmallocUsed:       22064 kB
VmallocChunk:     139276 kB
Time pass: 336 sec

---2015-12-03 09:19:26
MemTotal:        1745540 kB
MemFree:           52500 kB
Buffers:            7824 kB
Cached:           352944 kB
SwapCached:        48192 kB
Active:           513292 kB
Inactive:         516256 kB
Active(anon):     335784 kB
Inactive(anon):   338052 kB
Active(file):     177508 kB
Inactive(file):   178204 kB
Unevictable:        3816 kB
Mlocked:               0 kB
HighTotal:       1217536 kB
HighFree:          23896 kB
LowTotal:         528004 kB
LowFree:           28604 kB
SwapTotal:       1310716 kB
SwapFree:         755936 kB
Dirty:                 0 kB
Writeback:             0 kB
AnonPages:        653016 kB
Mapped:           324540 kB
Shmem:              1240 kB
Slab:              60876 kB
SReclaimable:      16272 kB
SUnreclaim:        44604 kB
KernelStack:       16224 kB
PageTables:        55952 kB
NFS_Unstable:          0 kB
Bounce:                0 kB
WritebackTmp:          0 kB
CommitLimit:     2183484 kB
Committed_AS:   128008668 kB
VmallocTotal:     311296 kB
VmallocUsed:       21996 kB
VmallocChunk:     139276 kB
Time pass: 340 sec

---2015-12-03 09:19:26
MemTotal:        1745540 kB
MemFree:           60872 kB
Buffers:            7832 kB
Cached:           352944 kB
SwapCached:        48192 kB
Active:           504756 kB
Inactive:         515628 kB
Active(anon):     327248 kB
Inactive(anon):   337416 kB
Active(file):     177508 kB
Inactive(file):   178212 kB
Unevictable:        3816 kB
Mlocked:               0 kB
HighTotal:       1217536 kB
HighFree:          28824 kB
LowTotal:         528004 kB
LowFree:           32048 kB
SwapTotal:       1310716 kB
SwapFree:         755940 kB
Dirty:                48 kB
Writeback:             0 kB
AnonPages:        643796 kB
Mapped:           324488 kB
Shmem:              1240 kB
Slab:              60940 kB
SReclaimable:      16272 kB
SUnreclaim:        44668 kB
KernelStack:       16208 kB
PageTables:        55936 kB
NFS_Unstable:          0 kB
Bounce:                0 kB
WritebackTmp:          0 kB
CommitLimit:     2183484 kB
Committed_AS:   128008828 kB
VmallocTotal:     311296 kB
VmallocUsed:       21996 kB
VmallocChunk:     139276 kB
Time pass: 344 sec

---2015-12-03 09:19:26
MemTotal:        1745540 kB
MemFree:           60640 kB
Buffers:            7856 kB
Cached:           352936 kB
SwapCached:        48188 kB
Active:           505888 kB
Inactive:         515652 kB
Active(anon):     328380 kB
Inactive(anon):   337424 kB
Active(file):     177508 kB
Inactive(file):   178228 kB
Unevictable:        3816 kB
Mlocked:               0 kB
HighTotal:       1217536 kB
HighFree:          28376 kB
LowTotal:         528004 kB
LowFree:           32264 kB
SwapTotal:       1310716 kB
SwapFree:         755952 kB
Dirty:                60 kB
Writeback:             0 kB
AnonPages:        644912 kB
Mapped:           324416 kB
Shmem:              1240 kB
Slab:              60748 kB
SReclaimable:      16272 kB
SUnreclaim:        44476 kB
KernelStack:       16224 kB
PageTables:        55952 kB
NFS_Unstable:          0 kB
Bounce:                0 kB
WritebackTmp:          0 kB
CommitLimit:     2183484 kB
Committed_AS:   128008948 kB
VmallocTotal:     311296 kB
VmallocUsed:       21996 kB
VmallocChunk:     139276 kB
Time pass: 347 sec

---2015-12-03 09:19:26
MemTotal:        1745540 kB
MemFree:           59636 kB
Buffers:            7856 kB
Cached:           353196 kB
SwapCached:        48184 kB
Active:           506628 kB
Inactive:         515916 kB
Active(anon):     329120 kB
Inactive(anon):   337672 kB
Active(file):     177508 kB
Inactive(file):   178244 kB
Unevictable:        3816 kB
Mlocked:               0 kB
HighTotal:       1217536 kB
HighFree:          26488 kB
LowTotal:         528004 kB
LowFree:           33148 kB
SwapTotal:       1310716 kB
SwapFree:         756144 kB
Dirty:                 0 kB
