---2015-12-05 14:07:44
MemTotal:        2873608 kB
MemFree:           66776 kB
Buffers:           23508 kB
Cached:          1280300 kB
SwapCached:            0 kB
Active:          1330044 kB
Inactive:         938840 kB
Active(anon):     776108 kB
Inactive(anon):   198808 kB
Active(file):     553936 kB
Inactive(file):   740032 kB
Unevictable:        8104 kB
Mlocked:               0 kB
SwapTotal:        718400 kB
SwapFree:         718400 kB
Dirty:               192 kB
Writeback:             0 kB
AnonPages:        973120 kB
Mapped:           470616 kB
Shmem:              1736 kB
Slab:              97052 kB
SReclaimable:      31764 kB
SUnreclaim:        65288 kB
KernelStack:       36736 kB
PageTables:        48132 kB
NFS_Unstable:          0 kB
Bounce:                0 kB
WritebackTmp:          0 kB
CommitLimit:     2155204 kB
Committed_AS:   119060608 kB
VmallocTotal:   251658176 kB
VmallocUsed:      134112 kB
VmallocChunk:   251424812 kB
Time pass: 3 sec

---2015-12-05 14:07:44
MemTotal:        2873608 kB
MemFree:           98800 kB
Buffers:           23552 kB
Cached:          1280336 kB
SwapCached:            0 kB
Active:          1314656 kB
Inactive:         923484 kB
Active(anon):     745288 kB
Inactive(anon):   198792 kB
Active(file):     569368 kB
Inactive(file):   724692 kB
Unevictable:        8104 kB
Mlocked:               0 kB
SwapTotal:        718400 kB
SwapFree:         718400 kB
Dirty:              1096 kB
Writeback:            28 kB
AnonPages:        942592 kB
Mapped:           485752 kB
Shmem:              1724 kB
Slab:              96884 kB
SReclaimable:      31912 kB
SUnreclaim:        64972 kB
KernelStack:       36672 kB
PageTables:        48112 kB
NFS_Unstable:          0 kB
Bounce:                0 kB
WritebackTmp:          0 kB
CommitLimit:     2155204 kB
Committed_AS:   118559572 kB
VmallocTotal:   251658176 kB
VmallocUsed:      134088 kB
VmallocChunk:   251418668 kB
Time pass: 7 sec

---2015-12-05 14:07:44
MemTotal:        2873608 kB
MemFree:          113928 kB
Buffers:           23164 kB
Cached:          1256300 kB
SwapCached:            0 kB
Active:          1353088 kB
Inactive:         868716 kB
Active(anon):     753392 kB
Inactive(anon):   199052 kB
Active(file):     599696 kB
Inactive(file):   669664 kB
Unevictable:        8104 kB
Mlocked:               0 kB
SwapTotal:        718400 kB
SwapFree:         718400 kB
Dirty:              6620 kB
Writeback:             4 kB
AnonPages:        950276 kB
Mapped:           472964 kB
Shmem:              1988 kB
Slab:              97216 kB
SReclaimable:      31740 kB
SUnreclaim:        65476 kB
KernelStack:       37984 kB
PageTables:        47876 kB
NFS_Unstable:          0 kB
Bounce:                0 kB
WritebackTmp:          0 kB
CommitLimit:     2155204 kB
Committed_AS:   117455828 kB
VmallocTotal:   251658176 kB
VmallocUsed:      135268 kB
VmallocChunk:   251418668 kB
Time pass: 11 sec

---2015-12-05 14:07:44
MemTotal:        2873608 kB
MemFree:           93044 kB
Buffers:           24836 kB
Cached:          1256220 kB
SwapCached:            0 kB
Active:          1382972 kB
Inactive:         859424 kB
Active(anon):     772388 kB
Inactive(anon):   198920 kB
Active(file):     610584 kB
Inactive(file):   660504 kB
Unevictable:        8104 kB
Mlocked:               0 kB
SwapTotal:        718400 kB
SwapFree:         718400 kB
Dirty:               136 kB
Writeback:             4 kB
AnonPages:        969404 kB
Mapped:           482736 kB
Shmem:              1864 kB
Slab:              97316 kB
SReclaimable:      31708 kB
SUnreclaim:        65608 kB
KernelStack:       37888 kB
PageTables:        48700 kB
NFS_Unstable:          0 kB
Bounce:                0 kB
WritebackTmp:          0 kB
CommitLimit:     2155204 kB
Committed_AS:   120469364 kB
VmallocTotal:   251658176 kB
VmallocUsed:      136152 kB
VmallocChunk:   251426860 kB
Time pass: 15 sec

---2015-12-05 14:07:44
MemTotal:        2873608 kB
MemFree:          112636 kB
Buffers:           24916 kB
Cached:          1256664 kB
SwapCached:            0 kB
Active:          1378224 kB
Inactive:         846912 kB
Active(anon):     754824 kB
Inactive(anon):   198984 kB
Active(file):     623400 kB
Inactive(file):   647928 kB
Unevictable:        8104 kB
Mlocked:               0 kB
SwapTotal:        718400 kB
SwapFree:         718400 kB
Dirty:               876 kB
Writeback:             0 kB
AnonPages:        952036 kB
Mapped:           479544 kB
Shmem:              1928 kB
Slab:              97304 kB
SReclaimable:      31712 kB
SUnreclaim:        65592 kB
KernelStack:       37056 kB
PageTables:        48528 kB
NFS_Unstable:          0 kB
Bounce:                0 kB
WritebackTmp:          0 kB
CommitLimit:     2155204 kB
Committed_AS:   120872084 kB
VmallocTotal:   251658176 kB
VmallocUsed:      135108 kB
VmallocChunk:   251426860 kB
Time pass: 18 sec

---2015-12-05 14:07:44
MemTotal:        2873608 kB
MemFree:           71896 kB
Buffers:           24420 kB
Cached:          1166152 kB
SwapCached:            0 kB
Active:          1389576 kB
Inactive:         796204 kB
Active(anon):     804912 kB
Inactive(anon):   205388 kB
Active(file):     584664 kB
Inactive(file):   590816 kB
Unevictable:       13568 kB
Mlocked:               0 kB
SwapTotal:        718400 kB
SwapFree:         717504 kB
Dirty:              2360 kB
Writeback:            88 kB
AnonPages:       1009056 kB
Mapped:           490200 kB
Shmem:              1244 kB
Slab:              97976 kB
SReclaimable:      31476 kB
SUnreclaim:        66500 kB
KernelStack:       38992 kB
PageTables:        49352 kB
NFS_Unstable:          0 kB
Bounce:                0 kB
WritebackTmp:          0 kB
CommitLimit:     2155204 kB
Committed_AS:   119399292 kB
VmallocTotal:   251658176 kB
VmallocUsed:      134812 kB
VmallocChunk:   251426860 kB
Time pass: 22 sec

---2015-12-05 14:07:44
MemTotal:        2873608 kB
MemFree:           74444 kB
Buffers:           24516 kB
Cached:          1106376 kB
SwapCached:            0 kB
Active:          1363116 kB
Inactive:         762212 kB
Active(anon):     803172 kB
Inactive(anon):   206684 kB
Active(file):     559944 kB
Inactive(file):   555528 kB
Unevictable:       13568 kB
Mlocked:               0 kB
SwapTotal:        718400 kB
SwapFree:         717160 kB
Dirty:               628 kB
Writeback:             0 kB
AnonPages:       1008736 kB
Mapped:           553588 kB
Shmem:              1248 kB
Slab:              98052 kB
SReclaimable:      31744 kB
SUnreclaim:        66308 kB
KernelStack:       38640 kB
PageTables:        49136 kB
NFS_Unstable:          0 kB
Bounce:                0 kB
WritebackTmp:          0 kB
CommitLimit:     2155204 kB
Committed_AS:   118784224 kB
VmallocTotal:   251658176 kB
VmallocUsed:      135400 kB
VmallocChunk:   251426860 kB
Time pass: 26 sec

---2015-12-05 14:07:44
MemTotal:        2873608 kB
MemFree:           84544 kB
Buffers:           18224 kB
Cached:          1105496 kB
SwapCached:            0 kB
Active:          1350884 kB
Inactive:         767020 kB
Active(anon):     800576 kB
Inactive(anon):   208308 kB
Active(file):     550308 kB
Inactive(file):   558712 kB
Unevictable:       13568 kB
Mlocked:               0 kB
SwapTotal:        718400 kB
SwapFree:         716788 kB
Dirty:               248 kB
Writeback:             0 kB
AnonPages:       1008108 kB
Mapped:           533108 kB
Shmem:              1132 kB
Slab:              98968 kB
SReclaimable:      31704 kB
SUnreclaim:        67264 kB
KernelStack:       39136 kB
PageTables:        51608 kB
NFS_Unstable:          0 kB
Bounce:                0 kB
WritebackTmp:          0 kB
CommitLimit:     2155204 kB
Committed_AS:   125894700 kB
VmallocTotal:   251658176 kB
VmallocUsed:      140364 kB
VmallocChunk:   251426860 kB
Time pass: 30 sec

---2015-12-05 14:07:44
MemTotal:        2873608 kB
MemFree:           66128 kB
Buffers:           18560 kB
Cached:          1128632 kB
SwapCached:            0 kB
Active:          1353980 kB
Inactive:         785564 kB
Active(anon):     799004 kB
Inactive(anon):   208444 kB
Active(file):     554976 kB
Inactive(file):   577120 kB
Unevictable:       13568 kB
Mlocked:               0 kB
SwapTotal:        718400 kB
SwapFree:         716788 kB
Dirty:                36 kB
Writeback:             0 kB
AnonPages:       1006172 kB
Mapped:           517676 kB
Shmem:              1132 kB
Slab:              98964 kB
SReclaimable:      31880 kB
SUnreclaim:        67084 kB
KernelStack:       38432 kB
PageTables:        51356 kB
NFS_Unstable:          0 kB
Bounce:                0 kB
WritebackTmp:          0 kB
CommitLimit:     2155204 kB
Committed_AS:   127521584 kB
VmallocTotal:   251658176 kB
VmallocUsed:      138292 kB
VmallocChunk:   251426860 kB
Time pass: 33 sec

---2015-12-05 14:07:44
MemTotal:        2873608 kB
MemFree:           70752 kB
Buffers:           18536 kB
Cached:          1107444 kB
SwapCached:            0 kB
Active:          1381636 kB
Inactive:         757676 kB
Active(anon):     819756 kB
Inactive(anon):   208288 kB
Active(file):     561880 kB
Inactive(file):   549388 kB
Unevictable:       13568 kB
Mlocked:               0 kB
SwapTotal:        718400 kB
SwapFree:         716788 kB
Dirty:               484 kB
Writeback:             4 kB
AnonPages:       1027216 kB
Mapped:           549248 kB
Shmem:              1136 kB
Slab:              98796 kB
SReclaimable:      31820 kB
SUnreclaim:        66976 kB
KernelStack:       38480 kB
PageTables:        50712 kB
NFS_Unstable:          0 kB
Bounce:                0 kB
WritebackTmp:          0 kB
CommitLimit:     2155204 kB
Committed_AS:   122750044 kB
VmallocTotal:   251658176 kB
VmallocUsed:      136252 kB
VmallocChunk:   251426860 kB
Time pass: 37 sec

---2015-12-05 14:07:44
MemTotal:        2873608 kB
MemFree:           79880 kB
Buffers:           18744 kB
Cached:          1107572 kB
SwapCached:            0 kB
Active:          1398476 kB
Inactive:         730752 kB
Active(anon):     809332 kB
Inactive(anon):   208284 kB
Active(file):     589144 kB
Inactive(file):   522468 kB
Unevictable:       13568 kB
Mlocked:               0 kB
SwapTotal:        718400 kB
SwapFree:         716788 kB
Dirty:               252 kB
Writeback:             0 kB
AnonPages:       1016804 kB
Mapped:           530384 kB
Shmem:              1136 kB
Slab:              98756 kB
SReclaimable:      31836 kB
SUnreclaim:        66920 kB
KernelStack:       38368 kB
PageTables:        50684 kB
NFS_Unstable:          0 kB
Bounce:                0 kB
WritebackTmp:          0 kB
CommitLimit:     2155204 kB
Committed_AS:   122752000 kB
VmallocTotal:   251658176 kB
VmallocUsed:      136252 kB
VmallocChunk:   251426860 kB
Time pass: 41 sec

---2015-12-05 14:07:44
MemTotal:        2873608 kB
MemFree:           63632 kB
Buffers:           17084 kB
Cached:          1030700 kB
SwapCached:            0 kB
Active:          1353656 kB
Inactive:         725652 kB
Active(anon):     836968 kB
Inactive(anon):   208864 kB
Active(file):     516688 kB
Inactive(file):   516788 kB
Unevictable:       13568 kB
Mlocked:               0 kB
SwapTotal:        718400 kB
SwapFree:         714860 kB
Dirty:               400 kB
Writeback:             0 kB
AnonPages:       1045192 kB
Mapped:           548940 kB
Shmem:               688 kB
Slab:              98644 kB
SReclaimable:      31868 kB
SUnreclaim:        66776 kB
KernelStack:       38128 kB
PageTables:        50748 kB
NFS_Unstable:          0 kB
Bounce:                0 kB
WritebackTmp:          0 kB
CommitLimit:     2155204 kB
Committed_AS:   123320516 kB
VmallocTotal:   251658176 kB
VmallocUsed:      136496 kB
VmallocChunk:   251426860 kB
Time pass: 45 sec

---2015-12-05 14:07:44
MemTotal:        2873608 kB
MemFree:           71172 kB
Buffers:           15428 kB
Cached:          1003924 kB
SwapCached:            0 kB
Active:          1359160 kB
Inactive:         717152 kB
Active(anon):     856008 kB
Inactive(anon):   215004 kB
Active(file):     503152 kB
Inactive(file):   502148 kB
Unevictable:       13568 kB
Mlocked:               0 kB
SwapTotal:        718400 kB
SwapFree:         714700 kB
Dirty:                 4 kB
Writeback:             0 kB
AnonPages:       1070604 kB
Mapped:           560704 kB
Shmem:               484 kB
Slab:              98688 kB
SReclaimable:      31832 kB
SUnreclaim:        66856 kB
KernelStack:       39232 kB
PageTables:        50816 kB
NFS_Unstable:          0 kB
Bounce:                0 kB
WritebackTmp:          0 kB
CommitLimit:     2155204 kB
Committed_AS:   122093624 kB
VmallocTotal:   251658176 kB
VmallocUsed:      135476 kB
VmallocChunk:   251426860 kB
Time pass: 48 sec

---2015-12-05 14:07:44
MemTotal:        2873608 kB
MemFree:           64956 kB
Buffers:           15620 kB
Cached:           966144 kB
SwapCached:            0 kB
Active:          1351284 kB
Inactive:         699172 kB
Active(anon):     867340 kB
Inactive(anon):   215352 kB
Active(file):     483944 kB
Inactive(file):   483820 kB
Unevictable:       13568 kB
Mlocked:               0 kB
SwapTotal:        718400 kB
SwapFree:         714388 kB
Dirty:              1688 kB
Writeback:             0 kB
AnonPages:       1082464 kB
Mapped:           605076 kB
Shmem:               432 kB
Slab:              99096 kB
SReclaimable:      31912 kB
SUnreclaim:        67184 kB
KernelStack:       39376 kB
PageTables:        50936 kB
NFS_Unstable:          0 kB
Bounce:                0 kB
WritebackTmp:          0 kB
CommitLimit:     2155204 kB
Committed_AS:   122113344 kB
VmallocTotal:   251658176 kB
VmallocUsed:      135784 kB
VmallocChunk:   251426860 kB
Time pass: 52 sec

---2015-12-05 14:07:44
MemTotal:        2873608 kB
MemFree:           79480 kB
Buffers:           15520 kB
Cached:           953600 kB
SwapCached:            0 kB
Active:          1336240 kB
Inactive:         693160 kB
Active(anon):     857892 kB
Inactive(anon):   216388 kB
Active(file):     478348 kB
Inactive(file):   476772 kB
Unevictable:       13568 kB
Mlocked:               0 kB
SwapTotal:        718400 kB
SwapFree:         714092 kB
Dirty:               700 kB
Writeback:             0 kB
AnonPages:       1073876 kB
Mapped:           613904 kB
Shmem:               432 kB
Slab:              99136 kB
SReclaimable:      31912 kB
SUnreclaim:        67224 kB
KernelStack:       39360 kB
PageTables:        50972 kB
NFS_Unstable:          0 kB
Bounce:                0 kB
WritebackTmp:          0 kB
CommitLimit:     2155204 kB
Committed_AS:   122112808 kB
VmallocTotal:   251658176 kB
VmallocUsed:      135852 kB
VmallocChunk:   251426860 kB
Time pass: 56 sec

---2015-12-05 14:07:44
MemTotal:        2873608 kB
MemFree:           73452 kB
Buffers:           15528 kB
Cached:           956840 kB
SwapCached:            0 kB
Active:          1339852 kB
Inactive:         696312 kB
Active(anon):     861476 kB
Inactive(anon):   216384 kB
Active(file):     478376 kB
Inactive(file):   479928 kB
Unevictable:       13568 kB
Mlocked:               0 kB
SwapTotal:        718400 kB
SwapFree:         714092 kB
Dirty:                80 kB
Writeback:             0 kB
AnonPages:       1077312 kB
Mapped:           614584 kB
Shmem:               432 kB
Slab:              99132 kB
SReclaimable:      32024 kB
SUnreclaim:        67108 kB
KernelStack:       39536 kB
PageTables:        50984 kB
NFS_Unstable:          0 kB
Bounce:                0 kB
WritebackTmp:          0 kB
CommitLimit:     2155204 kB
Committed_AS:   122113208 kB
VmallocTotal:   251658176 kB
VmallocUsed:      135852 kB
VmallocChunk:   251426860 kB
Time pass: 60 sec

---2015-12-05 14:07:44
MemTotal:        2873608 kB
MemFree:           73624 kB
Buffers:           15364 kB
Cached:           943660 kB
SwapCached:            0 kB
Active:          1333624 kB
Inactive:         690016 kB
Active(anon):     861168 kB
Inactive(anon):   217500 kB
Active(file):     472456 kB
Inactive(file):   472516 kB
Unevictable:       13568 kB
Mlocked:               0 kB
SwapTotal:        718400 kB
SwapFree:         713600 kB
Dirty:               188 kB
Writeback:             0 kB
AnonPages:       1078144 kB
Mapped:           621092 kB
Shmem:               432 kB
Slab:              99204 kB
SReclaimable:      31944 kB
SUnreclaim:        67260 kB
KernelStack:       39616 kB
PageTables:        51028 kB
NFS_Unstable:          0 kB
Bounce:                0 kB
WritebackTmp:          0 kB
CommitLimit:     2155204 kB
Committed_AS:   122113840 kB
VmallocTotal:   251658176 kB
VmallocUsed:      135964 kB
VmallocChunk:   251426860 kB
Time pass: 64 sec

---2015-12-05 14:07:44
MemTotal:        2873608 kB
MemFree:           73828 kB
Buffers:           15372 kB
Cached:           943660 kB
SwapCached:            0 kB
Active:          1333340 kB
Inactive:         690072 kB
Active(anon):     860884 kB
Inactive(anon):   217496 kB
Active(file):     472456 kB
Inactive(file):   472576 kB
Unevictable:       13568 kB
Mlocked:               0 kB
SwapTotal:        718400 kB
SwapFree:         713600 kB
Dirty:                 0 kB
Writeback:             0 kB
AnonPages:       1078236 kB
Mapped:           620896 kB
Shmem:               432 kB
Slab:              99316 kB
SReclaimable:      32056 kB
SUnreclaim:        67260 kB
KernelStack:       39600 kB
PageTables:        51032 kB
NFS_Unstable:          0 kB
Bounce:                0 kB
WritebackTmp:          0 kB
CommitLimit:     2155204 kB
Committed_AS:   122113800 kB
VmallocTotal:   251658176 kB
VmallocUsed:      135964 kB
VmallocChunk:   251426860 kB
Time pass: 68 sec

---2015-12-05 14:07:44
MemTotal:        2873608 kB
MemFree:           66532 kB
Buffers:           15280 kB
Cached:           923328 kB
SwapCached:            0 kB
Active:          1330888 kB
Inactive:         679212 kB
Active(anon):     866784 kB
Inactive(anon):   218636 kB
Active(file):     464104 kB
Inactive(file):   460576 kB
Unevictable:       13568 kB
Mlocked:               0 kB
SwapTotal:        718400 kB
SwapFree:         712864 kB
Dirty:               204 kB
Writeback:             0 kB
AnonPages:       1085060 kB
Mapped:           635460 kB
Shmem:               432 kB
Slab:              99276 kB
SReclaimable:      32104 kB
SUnreclaim:        67172 kB
KernelStack:       39632 kB
PageTables:        51088 kB
NFS_Unstable:          0 kB
Bounce:                0 kB
WritebackTmp:          0 kB
CommitLimit:     2155204 kB
Committed_AS:   122122924 kB
VmallocTotal:   251658176 kB
VmallocUsed:      136120 kB
VmallocChunk:   251426860 kB
Time pass: 71 sec

---2015-12-05 14:07:44
MemTotal:        2873608 kB
MemFree:           65420 kB
Buffers:           15192 kB
Cached:           914444 kB
SwapCached:            0 kB
Active:          1337788 kB
Inactive:         675020 kB
Active(anon):     878440 kB
Inactive(anon):   218892 kB
Active(file):     459348 kB
Inactive(file):   456128 kB
Unevictable:       13568 kB
Mlocked:               0 kB
SwapTotal:        718400 kB
SwapFree:         712304 kB
Dirty:               336 kB
Writeback:             0 kB
AnonPages:       1097336 kB
Mapped:           638992 kB
Shmem:               432 kB
Slab:              98792 kB
SReclaimable:      31560 kB
SUnreclaim:        67232 kB
KernelStack:       39728 kB
PageTables:        51084 kB
NFS_Unstable:          0 kB
Bounce:                0 kB
WritebackTmp:          0 kB
CommitLimit:     2155204 kB
Committed_AS:   122127164 kB
VmallocTotal:   251658176 kB
VmallocUsed:      136120 kB
VmallocChunk:   251426860 kB
Time pass: 75 sec

---2015-12-05 14:07:44
MemTotal:        2873608 kB
MemFree:           62828 kB
Buffers:           14852 kB
Cached:           904840 kB
SwapCached:           16 kB
Active:          1341092 kB
Inactive:         674884 kB
Active(anon):     888896 kB
Inactive(anon):   221592 kB
Active(file):     452196 kB
Inactive(file):   453292 kB
Unevictable:       13568 kB
Mlocked:               0 kB
SwapTotal:        718400 kB
SwapFree:         711992 kB
Dirty:                 0 kB
Writeback:           136 kB
AnonPages:       1109820 kB
Mapped:           639572 kB
Shmem:               564 kB
Slab:              99136 kB
SReclaimable:      31828 kB
SUnreclaim:        67308 kB
KernelStack:       39952 kB
PageTables:        51320 kB
NFS_Unstable:          0 kB
Bounce:                0 kB
WritebackTmp:          0 kB
CommitLimit:     2155204 kB
Committed_AS:   122167036 kB
VmallocTotal:   251658176 kB
VmallocUsed:      138552 kB
VmallocChunk:   251426860 kB
Time pass: 79 sec

---2015-12-05 14:07:44
MemTotal:        2873608 kB
MemFree:           76512 kB
Buffers:           11220 kB
Cached:           871192 kB
SwapCached:           16 kB
Active:          1330176 kB
Inactive:         645984 kB
Active(anon):     886148 kB
Inactive(anon):   221864 kB
Active(file):     444028 kB
Inactive(file):   424120 kB
Unevictable:       13568 kB
Mlocked:               0 kB
SwapTotal:        718400 kB
SwapFree:         708604 kB
Dirty:                56 kB
Writeback:             0 kB
AnonPages:       1107224 kB
Mapped:           637968 kB
Shmem:               692 kB
Slab:              99360 kB
SReclaimable:      31876 kB
SUnreclaim:        67484 kB
KernelStack:       39952 kB
PageTables:        51472 kB
NFS_Unstable:          0 kB
Bounce:                0 kB
WritebackTmp:          0 kB
CommitLimit:     2155204 kB
Committed_AS:   122167084 kB
VmallocTotal:   251658176 kB
VmallocUsed:      138552 kB
VmallocChunk:   251426860 kB
Time pass: 83 sec

---2015-12-05 14:07:44
MemTotal:        2873608 kB
MemFree:           76176 kB
Buffers:           11236 kB
Cached:           871204 kB
SwapCached:           16 kB
Active:          1330632 kB
Inactive:         646052 kB
Active(anon):     886648 kB
Inactive(anon):   221928 kB
Active(file):     443984 kB
Inactive(file):   424124 kB
Unevictable:       13568 kB
Mlocked:               0 kB
SwapTotal:        718400 kB
SwapFree:         708604 kB
Dirty:                64 kB
Writeback:             0 kB
AnonPages:       1107732 kB
Mapped:           638080 kB
Shmem:               764 kB
Slab:              99280 kB
SReclaimable:      31940 kB
SUnreclaim:        67340 kB
KernelStack:       39952 kB
PageTables:        51464 kB
NFS_Unstable:          0 kB
Bounce:                0 kB
WritebackTmp:          0 kB
CommitLimit:     2155204 kB
Committed_AS:   122167036 kB
VmallocTotal:   251658176 kB
VmallocUsed:      138552 kB
VmallocChunk:   251426860 kB
Time pass: 86 sec

---2015-12-05 14:07:44
MemTotal:        2873608 kB
MemFree:           75496 kB
Buffers:           11252 kB
Cached:           871428 kB
SwapCached:           16 kB
Active:          1331052 kB
Inactive:         646236 kB
Active(anon):     887068 kB
Inactive(anon):   222096 kB
Active(file):     443984 kB
Inactive(file):   424140 kB
Unevictable:       13568 kB
Mlocked:               0 kB
SwapTotal:        718400 kB
SwapFree:         708604 kB
Dirty:                48 kB
Writeback:             0 kB
AnonPages:       1108292 kB
Mapped:           638364 kB
Shmem:               988 kB
Slab:              99320 kB
SReclaimable:      31812 kB
SUnreclaim:        67508 kB
KernelStack:       39872 kB
PageTables:        51464 kB
NFS_Unstable:          0 kB
Bounce:                0 kB
WritebackTmp:          0 kB
CommitLimit:     2155204 kB
Committed_AS:   122171004 kB
VmallocTotal:   251658176 kB
VmallocUsed:      138552 kB
VmallocChunk:   251426860 kB
Time pass: 90 sec

---2015-12-05 14:07:44
MemTotal:        2873608 kB
MemFree:           85844 kB
Buffers:           11384 kB
Cached:           871388 kB
SwapCached:           16 kB
Active:          1322376 kB
Inactive:         646264 kB
Active(anon):     878264 kB
Inactive(anon):   222168 kB
Active(file):     444112 kB
Inactive(file):   424096 kB
Unevictable:       13568 kB
Mlocked:               0 kB
SwapTotal:        718400 kB
SwapFree:         708608 kB
Dirty:                52 kB
Writeback:             0 kB
AnonPages:       1099584 kB
Mapped:           637640 kB
Shmem:              1000 kB
Slab:              99188 kB
SReclaimable:      31812 kB
SUnreclaim:        67376 kB
KernelStack:       39584 kB
PageTables:        50736 kB
NFS_Unstable:          0 kB
Bounce:                0 kB
WritebackTmp:          0 kB
CommitLimit:     2155204 kB
Committed_AS:   120383872 kB
VmallocTotal:   251658176 kB
VmallocUsed:      137532 kB
VmallocChunk:   251426860 kB
Time pass: 94 sec

---2015-12-05 14:07:44
MemTotal:        2873608 kB
MemFree:           94492 kB
Buffers:           11572 kB
Cached:           876864 kB
SwapCached:           16 kB
Active:          1325124 kB
Inactive:         636648 kB
Active(anon):     865824 kB
Inactive(anon):   221584 kB
Active(file):     459300 kB
Inactive(file):   415064 kB
Unevictable:       13568 kB
Mlocked:               0 kB
SwapTotal:        718400 kB
SwapFree:         708608 kB
Dirty:               400 kB
Writeback:             0 kB
AnonPages:       1087200 kB
Mapped:           637216 kB
Shmem:               432 kB
Slab:              99256 kB
SReclaimable:      31812 kB
SUnreclaim:        67444 kB
KernelStack:       39200 kB
PageTables:        50400 kB
NFS_Unstable:          0 kB
Bounce:                0 kB
WritebackTmp:          0 kB
CommitLimit:     2155204 kB
Committed_AS:   120362476 kB
VmallocTotal:   251658176 kB
VmallocUsed:      137520 kB
VmallocChunk:   251426860 kB
Time pass: 98 sec

---2015-12-05 14:07:44
MemTotal:        2873608 kB
MemFree:          353208 kB
Buffers:           11644 kB
Cached:           877772 kB
SwapCached:           16 kB
Active:          1189836 kB
Inactive:         629748 kB
Active(anon):     723100 kB
Inactive(anon):   220948 kB
Active(file):     466736 kB
Inactive(file):   408800 kB
Unevictable:       13568 kB
Mlocked:               0 kB
SwapTotal:        718400 kB
SwapFree:         708608 kB
Dirty:               496 kB
Writeback:             0 kB
AnonPages:        943840 kB
Mapped:           460880 kB
Shmem:               296 kB
Slab:              99108 kB
SReclaimable:      31812 kB
SUnreclaim:        67296 kB
KernelStack:       37040 kB
PageTables:        47912 kB
NFS_Unstable:          0 kB
Bounce:                0 kB
WritebackTmp:          0 kB
CommitLimit:     2155204 kB
Committed_AS:   117089748 kB
VmallocTotal:   251658176 kB
VmallocUsed:      134384 kB
VmallocChunk:   251426860 kB
Time pass: 101 sec

---2015-12-05 14:07:44
MemTotal:        2873608 kB
MemFree:          422092 kB
Buffers:           11664 kB
Cached:           878396 kB
SwapCached:           16 kB
Active:          1196976 kB
Inactive:         630324 kB
Active(anon):     730228 kB
Inactive(anon):   220948 kB
Active(file):     466748 kB
Inactive(file):   409376 kB
Unevictable:       13568 kB
Mlocked:               0 kB
SwapTotal:        718400 kB
SwapFree:         708608 kB
Dirty:                 0 kB
Writeback:             0 kB
AnonPages:        951240 kB
Mapped:           423460 kB
Shmem:               296 kB
Slab:              99104 kB
SReclaimable:      31812 kB
SUnreclaim:        67292 kB
KernelStack:       37136 kB
PageTables:        48416 kB
NFS_Unstable:          0 kB
Bounce:                0 kB
WritebackTmp:          0 kB
CommitLimit:     2155204 kB
Committed_AS:   121856068 kB
VmallocTotal:   251658176 kB
VmallocUsed:      135632 kB
VmallocChunk:   251426860 kB
Time pass: 105 sec

---2015-12-05 14:07:44
MemTotal:        2873608 kB
MemFree:          288652 kB
Buffers:           11808 kB
Cached:           884232 kB
SwapCached:           16 kB
Active:          1246616 kB
Inactive:         631268 kB
Active(anon):     774728 kB
Inactive(anon):   221044 kB
Active(file):     471888 kB
Inactive(file):   410224 kB
Unevictable:       13568 kB
Mlocked:               0 kB
SwapTotal:        718400 kB
SwapFree:         708608 kB
Dirty:              2144 kB
Writeback:             4 kB
AnonPages:        995672 kB
Mapped:           518656 kB
Shmem:               432 kB
Slab:              98980 kB
SReclaimable:      31748 kB
SUnreclaim:        67232 kB
KernelStack:       38048 kB
PageTables:        49096 kB
NFS_Unstable:          0 kB
Bounce:                0 kB
WritebackTmp:          0 kB
CommitLimit:     2155204 kB
Committed_AS:   118414252 kB
VmallocTotal:   251658176 kB
VmallocUsed:      135416 kB
VmallocChunk:   251426860 kB
Time pass: 108 sec

---2015-12-05 14:07:44
MemTotal:        2873608 kB
MemFree:          223480 kB
Buffers:           11812 kB
Cached:           886236 kB
SwapCached:           16 kB
Active:          1246452 kB
Inactive:         631748 kB
Active(anon):     773108 kB
Inactive(anon):   221044 kB
Active(file):     473344 kB
Inactive(file):   410704 kB
Unevictable:       13568 kB
Mlocked:               0 kB
SwapTotal:        718400 kB
SwapFree:         708608 kB
Dirty:               908 kB
Writeback:             0 kB
AnonPages:        993696 kB
Mapped:           575020 kB
Shmem:               432 kB
Slab:              99028 kB
SReclaimable:      31756 kB
SUnreclaim:        67272 kB
KernelStack:       38288 kB
PageTables:        49736 kB
NFS_Unstable:          0 kB
Bounce:                0 kB
WritebackTmp:          0 kB
CommitLimit:     2155204 kB
Committed_AS:   120208708 kB
VmallocTotal:   251658176 kB
VmallocUsed:      134508 kB
VmallocChunk:   251426860 kB
Time pass: 112 sec

---2015-12-05 14:07:44
MemTotal:        2873608 kB
MemFree:          222792 kB
Buffers:           11820 kB
Cached:           886236 kB
SwapCached:           16 kB
Active:          1246688 kB
Inactive:         631756 kB
Active(anon):     773344 kB
Inactive(anon):   221044 kB
Active(file):     473344 kB
Inactive(file):   410712 kB
Unevictable:       13568 kB
Mlocked:               0 kB
SwapTotal:        718400 kB
SwapFree:         708608 kB
Dirty:               120 kB
Writeback:             0 kB
AnonPages:        993940 kB
Mapped:           575220 kB
Shmem:               432 kB
Slab:              99092 kB
SReclaimable:      31756 kB
SUnreclaim:        67336 kB
KernelStack:       38256 kB
PageTables:        49808 kB
NFS_Unstable:          0 kB
Bounce:                0 kB
WritebackTmp:          0 kB
CommitLimit:     2155204 kB
Committed_AS:   120208764 kB
VmallocTotal:   251658176 kB
VmallocUsed:      134508 kB
VmallocChunk:   251426860 kB
Time pass: 116 sec

---2015-12-05 14:07:44
MemTotal:        2873608 kB
MemFree:          206408 kB
Buffers:           11820 kB
Cached:           886324 kB
SwapCached:           16 kB
Active:          1248468 kB
Inactive:         631708 kB
Active(anon):     774992 kB
Inactive(anon):   221044 kB
Active(file):     473476 kB
Inactive(file):   410664 kB
Unevictable:       13568 kB
Mlocked:               0 kB
SwapTotal:        718400 kB
SwapFree:         708608 kB
Dirty:               220 kB
Writeback:             0 kB
AnonPages:        995720 kB
Mapped:           585052 kB
Shmem:               432 kB
Slab:              99084 kB
SReclaimable:      31756 kB
SUnreclaim:        67328 kB
KernelStack:       38256 kB
PageTables:        49816 kB
NFS_Unstable:          0 kB
Bounce:                0 kB
WritebackTmp:          0 kB
CommitLimit:     2155204 kB
Committed_AS:   120208796 kB
VmallocTotal:   251658176 kB
VmallocUsed:      134616 kB
VmallocChunk:   251426860 kB
Time pass: 120 sec

---2015-12-05 14:07:44
MemTotal:        2873608 kB
MemFree:          173940 kB
Buffers:           11852 kB
Cached:           886396 kB
SwapCached:           16 kB
Active:          1257284 kB
Inactive:         631680 kB
Active(anon):     783748 kB
Inactive(anon):   221044 kB
Active(file):     473536 kB
Inactive(file):   410636 kB
Unevictable:       13568 kB
Mlocked:               0 kB
SwapTotal:        718400 kB
SwapFree:         708608 kB
Dirty:               548 kB
Writeback:             0 kB
AnonPages:       1004412 kB
Mapped:           597816 kB
Shmem:               436 kB
Slab:              99052 kB
SReclaimable:      31756 kB
SUnreclaim:        67296 kB
KernelStack:       38288 kB
PageTables:        49756 kB
NFS_Unstable:          0 kB
Bounce:                0 kB
WritebackTmp:          0 kB
CommitLimit:     2155204 kB
Committed_AS:   120217508 kB
VmallocTotal:   251658176 kB
VmallocUsed:      134776 kB
VmallocChunk:   251426860 kB
Time pass: 123 sec

---2015-12-05 14:07:44
MemTotal:        2873608 kB
MemFree:          169688 kB
Buffers:           13424 kB
Cached:           886444 kB
SwapCached:           16 kB
Active:          1261016 kB
Inactive:         633196 kB
Active(anon):     787324 kB
Inactive(anon):   221044 kB
Active(file):     473692 kB
Inactive(file):   412152 kB
Unevictable:       13568 kB
Mlocked:               0 kB
SwapTotal:        718400 kB
SwapFree:         708608 kB
Dirty:               208 kB
Writeback:             0 kB
AnonPages:       1007948 kB
Mapped:           605848 kB
Shmem:               432 kB
Slab:              99108 kB
SReclaimable:      31756 kB
SUnreclaim:        67352 kB
KernelStack:       38384 kB
PageTables:        49988 kB
NFS_Unstable:          0 kB
Bounce:                0 kB
WritebackTmp:          0 kB
CommitLimit:     2155204 kB
Committed_AS:   120764400 kB
VmallocTotal:   251658176 kB
VmallocUsed:      134776 kB
VmallocChunk:   251426860 kB
Time pass: 127 sec

---2015-12-05 14:07:44
MemTotal:        2873608 kB
MemFree:          169716 kB
Buffers:           13424 kB
Cached:           886444 kB
SwapCached:           16 kB
Active:          1260136 kB
Inactive:         633220 kB
Active(anon):     786444 kB
Inactive(anon):   221044 kB
Active(file):     473692 kB
Inactive(file):   412176 kB
Unevictable:       13568 kB
Mlocked:               0 kB
SwapTotal:        718400 kB
SwapFree:         708608 kB
Dirty:                 0 kB
Writeback:             0 kB
AnonPages:       1007096 kB
Mapped:           605900 kB
Shmem:               432 kB
Slab:              99088 kB
SReclaimable:      31756 kB
SUnreclaim:        67332 kB
KernelStack:       38400 kB
PageTables:        50012 kB
NFS_Unstable:          0 kB
Bounce:                0 kB
WritebackTmp:          0 kB
CommitLimit:     2155204 kB
Committed_AS:   120764576 kB
VmallocTotal:   251658176 kB
VmallocUsed:      134776 kB
VmallocChunk:   251426860 kB
Time pass: 131 sec

---2015-12-05 14:07:44
MemTotal:        2873608 kB
MemFree:          172648 kB
Buffers:           13440 kB
Cached:           886448 kB
SwapCached:           16 kB
Active:          1257576 kB
Inactive:         632788 kB
Active(anon):     783436 kB
Inactive(anon):   221044 kB
Active(file):     474140 kB
Inactive(file):   411744 kB
Unevictable:       13568 kB
Mlocked:               0 kB
SwapTotal:        718400 kB
SwapFree:         708608 kB
Dirty:                56 kB
Writeback:             0 kB
AnonPages:       1004056 kB
Mapped:           604216 kB
Shmem:               432 kB
Slab:              99104 kB
SReclaimable:      31756 kB
SUnreclaim:        67348 kB
KernelStack:       38128 kB
PageTables:        49576 kB
NFS_Unstable:          0 kB
Bounce:                0 kB
WritebackTmp:          0 kB
CommitLimit:     2155204 kB
Committed_AS:   118981748 kB
VmallocTotal:   251658176 kB
VmallocUsed:      133756 kB
VmallocChunk:   251426860 kB
Time pass: 134 sec

---2015-12-05 14:07:44
MemTotal:        2873608 kB
MemFree:          159784 kB
Buffers:           13448 kB
Cached:           886652 kB
SwapCached:           16 kB
Active:          1267480 kB
Inactive:         631932 kB
Active(anon):     792276 kB
Inactive(anon):   221164 kB
Active(file):     475204 kB
Inactive(file):   410768 kB
Unevictable:       13568 kB
Mlocked:               0 kB
SwapTotal:        718400 kB
SwapFree:         708608 kB
Dirty:                52 kB
Writeback:             0 kB
AnonPages:       1012748 kB
Mapped:           607760 kB
Shmem:               560 kB
Slab:              99092 kB
SReclaimable:      31756 kB
SUnreclaim:        67336 kB
KernelStack:       38560 kB
PageTables:        49684 kB
NFS_Unstable:          0 kB
Bounce:                0 kB
WritebackTmp:          0 kB
CommitLimit:     2155204 kB
Committed_AS:   119013656 kB
VmallocTotal:   251658176 kB
VmallocUsed:      136188 kB
VmallocChunk:   251426860 kB
Time pass: 138 sec

---2015-12-05 14:07:44
MemTotal:        2873608 kB
MemFree:          157288 kB
Buffers:           13472 kB
Cached:           886748 kB
SwapCached:           16 kB
Active:          1271116 kB
Inactive:         632020 kB
Active(anon):     795880 kB
Inactive(anon):   221256 kB
Active(file):     475236 kB
Inactive(file):   410764 kB
Unevictable:       13568 kB
Mlocked:               0 kB
SwapTotal:        718400 kB
SwapFree:         708608 kB
Dirty:                68 kB
Writeback:             0 kB
AnonPages:       1016548 kB
Mapped:           607928 kB
Shmem:               652 kB
Slab:              99096 kB
SReclaimable:      31756 kB
SUnreclaim:        67340 kB
KernelStack:       38496 kB
PageTables:        49816 kB
NFS_Unstable:          0 kB
Bounce:                0 kB
WritebackTmp:          0 kB
CommitLimit:     2155204 kB
Committed_AS:   119017728 kB
VmallocTotal:   251658176 kB
VmallocUsed:      136188 kB
VmallocChunk:   251426860 kB
Time pass: 142 sec

---2015-12-05 14:07:44
MemTotal:        2873608 kB
MemFree:          156776 kB
Buffers:           13472 kB
Cached:           886748 kB
SwapCached:           16 kB
Active:          1271744 kB
Inactive:         632020 kB
Active(anon):     796508 kB
Inactive(anon):   221256 kB
Active(file):     475236 kB
Inactive(file):   410764 kB
Unevictable:       13568 kB
Mlocked:               0 kB
SwapTotal:        718400 kB
SwapFree:         708608 kB
Dirty:                68 kB
Writeback:             0 kB
AnonPages:       1017244 kB
Mapped:           607992 kB
Shmem:               652 kB
Slab:              99112 kB
SReclaimable:      31756 kB
SUnreclaim:        67356 kB
KernelStack:       38528 kB
PageTables:        49820 kB
NFS_Unstable:          0 kB
Bounce:                0 kB
WritebackTmp:          0 kB
CommitLimit:     2155204 kB
Committed_AS:   119017708 kB
VmallocTotal:   251658176 kB
VmallocUsed:      136188 kB
VmallocChunk:   251426860 kB
Time pass: 146 sec

---2015-12-05 14:07:44
MemTotal:        2873608 kB
MemFree:          156176 kB
Buffers:           13480 kB
Cached:           886764 kB
SwapCached:           16 kB
Active:          1272036 kB
Inactive:         632044 kB
Active(anon):     796800 kB
Inactive(anon):   221272 kB
Active(file):     475236 kB
Inactive(file):   410772 kB
Unevictable:       13568 kB
Mlocked:               0 kB
SwapTotal:        718400 kB
SwapFree:         708608 kB
Dirty:                36 kB
Writeback:             0 kB
AnonPages:       1017428 kB
Mapped:           608148 kB
Shmem:               668 kB
Slab:              99120 kB
SReclaimable:      31756 kB
SUnreclaim:        67364 kB
KernelStack:       38528 kB
PageTables:        49764 kB
NFS_Unstable:          0 kB
Bounce:                0 kB
WritebackTmp:          0 kB
CommitLimit:     2155204 kB
Committed_AS:   119017716 kB
VmallocTotal:   251658176 kB
VmallocUsed:      136188 kB
VmallocChunk:   251426860 kB
Time pass: 150 sec

---2015-12-05 14:07:44
MemTotal:        2873608 kB
MemFree:          150064 kB
Buffers:           13512 kB
Cached:           886992 kB
SwapCached:           16 kB
Active:          1279792 kB
Inactive:         632116 kB
Active(anon):     804364 kB
Inactive(anon):   221040 kB
Active(file):     475428 kB
Inactive(file):   411076 kB
Unevictable:       13568 kB
Mlocked:               0 kB
SwapTotal:        718400 kB
SwapFree:         708608 kB
Dirty:                76 kB
Writeback:             0 kB
AnonPages:       1025032 kB
Mapped:           609492 kB
Shmem:               432 kB
Slab:              99100 kB
SReclaimable:      31756 kB
SUnreclaim:        67344 kB
KernelStack:       38320 kB
PageTables:        49584 kB
NFS_Unstable:          0 kB
Bounce:                0 kB
WritebackTmp:          0 kB
CommitLimit:     2155204 kB
Committed_AS:   119030052 kB
VmallocTotal:   251658176 kB
VmallocUsed:      136188 kB
VmallocChunk:   251426860 kB
Time pass: 153 sec

---2015-12-05 14:07:44
MemTotal:        2873608 kB
MemFree:          152212 kB
Buffers:           13512 kB
Cached:           886996 kB
SwapCached:           16 kB
Active:          1277316 kB
Inactive:         632120 kB
Active(anon):     801888 kB
Inactive(anon):   221040 kB
Active(file):     475428 kB
Inactive(file):   411080 kB
Unevictable:       13568 kB
Mlocked:               0 kB
SwapTotal:        718400 kB
SwapFree:         708608 kB
Dirty:                 4 kB
Writeback:            40 kB
AnonPages:       1022312 kB
Mapped:           609384 kB
Shmem:               432 kB
Slab:              99124 kB
SReclaimable:      31756 kB
SUnreclaim:        67368 kB
KernelStack:       38272 kB
PageTables:        49604 kB
NFS_Unstable:          0 kB
Bounce:                0 kB
WritebackTmp:          0 kB
CommitLimit:     2155204 kB
Committed_AS:   119002664 kB
VmallocTotal:   251658176 kB
VmallocUsed:      136188 kB
VmallocChunk:   251426860 kB
Time pass: 157 sec

---2015-12-05 14:07:44
MemTotal:        2873608 kB
MemFree:          149244 kB
Buffers:           13536 kB
Cached:           886996 kB
SwapCached:           16 kB
Active:          1279956 kB
Inactive:         632144 kB
Active(anon):     804528 kB
Inactive(anon):   221040 kB
Active(file):     475428 kB
Inactive(file):   411104 kB
Unevictable:       13568 kB
Mlocked:               0 kB
SwapTotal:        718400 kB
SwapFree:         708608 kB
Dirty:                96 kB
Writeback:             0 kB
AnonPages:       1025320 kB
Mapped:           609308 kB
Shmem:               432 kB
Slab:              99112 kB
SReclaimable:      31756 kB
SUnreclaim:        67356 kB
KernelStack:       38288 kB
PageTables:        49576 kB
NFS_Unstable:          0 kB
Bounce:                0 kB
WritebackTmp:          0 kB
CommitLimit:     2155204 kB
Committed_AS:   119002696 kB
VmallocTotal:   251658176 kB
VmallocUsed:      136172 kB
VmallocChunk:   251426860 kB
Time pass: 161 sec

---2015-12-05 14:07:44
MemTotal:        2873608 kB
MemFree:          145912 kB
Buffers:           13560 kB
Cached:           886984 kB
SwapCached:           16 kB
Active:          1283564 kB
Inactive:         632152 kB
Active(anon):     808136 kB
Inactive(anon):   221040 kB
Active(file):     475428 kB
Inactive(file):   411112 kB
Unevictable:       13568 kB
Mlocked:               0 kB
SwapTotal:        718400 kB
SwapFree:         708608 kB
Dirty:                44 kB
Writeback:             0 kB
AnonPages:       1029092 kB
Mapped:           609416 kB
Shmem:               436 kB
Slab:              99112 kB
SReclaimable:      31756 kB
SUnreclaim:        67356 kB
KernelStack:       38464 kB
PageTables:        49592 kB
NFS_Unstable:          0 kB
Bounce:                0 kB
WritebackTmp:          0 kB
CommitLimit:     2155204 kB
Committed_AS:   119030088 kB
VmallocTotal:   251658176 kB
VmallocUsed:      136188 kB
VmallocChunk:   251426860 kB
Time pass: 165 sec

---2015-12-05 14:07:44
MemTotal:        2873608 kB
MemFree:          139860 kB
Buffers:           13560 kB
Cached:           887260 kB
SwapCached:           16 kB
Active:          1288248 kB
Inactive:         632396 kB
Active(anon):     812800 kB
Inactive(anon):   221260 kB
Active(file):     475448 kB
Inactive(file):   411136 kB
Unevictable:       13568 kB
Mlocked:               0 kB
SwapTotal:        718400 kB
SwapFree:         708608 kB
Dirty:                88 kB
Writeback:             0 kB
AnonPages:       1033600 kB
Mapped:           609568 kB
Shmem:               668 kB
Slab:              99120 kB
SReclaimable:      31756 kB
SUnreclaim:        67364 kB
KernelStack:       38560 kB
PageTables:        49800 kB
NFS_Unstable:          0 kB
Bounce:                0 kB
WritebackTmp:          0 kB
CommitLimit:     2155204 kB
Committed_AS:   119030092 kB
VmallocTotal:   251658176 kB
VmallocUsed:      136188 kB
VmallocChunk:   251426860 kB
Time pass: 169 sec

---2015-12-05 14:07:44
MemTotal:        2873608 kB
MemFree:          143032 kB
Buffers:           13568 kB
Cached:           887268 kB
SwapCached:           16 kB
Active:          1284920 kB
Inactive:         632420 kB
Active(anon):     809468 kB
Inactive(anon):   221276 kB
Active(file):     475452 kB
Inactive(file):   411144 kB
Unevictable:       13568 kB
Mlocked:               0 kB
SwapTotal:        718400 kB
SwapFree:         708608 kB
Dirty:                40 kB
Writeback:             0 kB
AnonPages:       1030024 kB
Mapped:           609796 kB
Shmem:               672 kB
Slab:              99116 kB
SReclaimable:      31756 kB
SUnreclaim:        67360 kB
KernelStack:       38512 kB
PageTables:        49804 kB
NFS_Unstable:          0 kB
Bounce:                0 kB
WritebackTmp:          0 kB
CommitLimit:     2155204 kB
Committed_AS:   119030044 kB
VmallocTotal:   251658176 kB
VmallocUsed:      136188 kB
VmallocChunk:   251426860 kB
Time pass: 172 sec

---2015-12-05 14:07:44
MemTotal:        2873608 kB
MemFree:          142808 kB
Buffers:           13584 kB
Cached:           887304 kB
SwapCached:           16 kB
Active:          1284948 kB
Inactive:         632472 kB
Active(anon):     809496 kB
Inactive(anon):   221312 kB
Active(file):     475452 kB
Inactive(file):   411160 kB
Unevictable:       13568 kB
Mlocked:               0 kB
SwapTotal:        718400 kB
SwapFree:         708608 kB
Dirty:                 0 kB
Writeback:             0 kB
AnonPages:       1030252 kB
Mapped:           609796 kB
Shmem:               708 kB
Slab:              99112 kB
SReclaimable:      31756 kB
SUnreclaim:        67356 kB
KernelStack:       38528 kB
PageTables:        49768 kB
NFS_Unstable:          0 kB
Bounce:                0 kB
WritebackTmp:          0 kB
CommitLimit:     2155204 kB
Committed_AS:   119030076 kB
VmallocTotal:   251658176 kB
VmallocUsed:      136188 kB
VmallocChunk:   251426860 kB
Time pass: 176 sec

---2015-12-05 14:07:44
MemTotal:        2873608 kB
MemFree:          142568 kB
Buffers:           13592 kB
Cached:           887312 kB
SwapCached:           16 kB
Active:          1284572 kB
Inactive:         632476 kB
Active(anon):     809116 kB
Inactive(anon):   221316 kB
Active(file):     475456 kB
Inactive(file):   411160 kB
Unevictable:       13568 kB
Mlocked:               0 kB
SwapTotal:        718400 kB
SwapFree:         708608 kB
Dirty:                 4 kB
Writeback:             0 kB
AnonPages:       1029768 kB
Mapped:           609820 kB
Shmem:               712 kB
Slab:              99112 kB
SReclaimable:      31756 kB
SUnreclaim:        67356 kB
KernelStack:       38464 kB
PageTables:        49780 kB
NFS_Unstable:          0 kB
Bounce:                0 kB
WritebackTmp:          0 kB
CommitLimit:     2155204 kB
Committed_AS:   119030108 kB
VmallocTotal:   251658176 kB
VmallocUsed:      136188 kB
VmallocChunk:   251426860 kB
Time pass: 180 sec

---2015-12-05 14:07:44
MemTotal:        2873608 kB
MemFree:          152640 kB
Buffers:           13592 kB
Cached:           887032 kB
SwapCached:           16 kB
Active:          1276292 kB
Inactive:         632204 kB
Active(anon):     800832 kB
Inactive(anon):   221040 kB
Active(file):     475460 kB
Inactive(file):   411164 kB
Unevictable:       13568 kB
Mlocked:               0 kB
SwapTotal:        718400 kB
SwapFree:         708608 kB
Dirty:                 8 kB
Writeback:             0 kB
AnonPages:       1021340 kB
Mapped:           609536 kB
Shmem:               432 kB
Slab:              99112 kB
SReclaimable:      31756 kB
SUnreclaim:        67356 kB
KernelStack:       38160 kB
PageTables:        49592 kB
NFS_Unstable:          0 kB
Bounce:                0 kB
WritebackTmp:          0 kB
CommitLimit:     2155204 kB
Committed_AS:   119002712 kB
VmallocTotal:   251658176 kB
VmallocUsed:      136172 kB
VmallocChunk:   251426860 kB
Time pass: 184 sec

---2015-12-05 14:07:44
MemTotal:        2873608 kB
MemFree:          151684 kB
Buffers:           13600 kB
Cached:           887032 kB
SwapCached:           16 kB
Active:          1277420 kB
Inactive:         632200 kB
Active(anon):     801960 kB
Inactive(anon):   221036 kB
Active(file):     475460 kB
Inactive(file):   411164 kB
Unevictable:       13568 kB
Mlocked:               0 kB
SwapTotal:        718400 kB
SwapFree:         708608 kB
Dirty:                12 kB
Writeback:             0 kB
AnonPages:       1022540 kB
Mapped:           609544 kB
Shmem:               432 kB
Slab:              99112 kB
SReclaimable:      31756 kB
SUnreclaim:        67356 kB
KernelStack:       38160 kB
PageTables:        49592 kB
NFS_Unstable:          0 kB
Bounce:                0 kB
WritebackTmp:          0 kB
CommitLimit:     2155204 kB
Committed_AS:   119002664 kB
VmallocTotal:   251658176 kB
VmallocUsed:      136172 kB
VmallocChunk:   251426860 kB
Time pass: 188 sec

---2015-12-05 14:07:44
MemTotal:        2873608 kB
MemFree:          145128 kB
Buffers:           13632 kB
Cached:           887244 kB
SwapCached:           16 kB
Active:          1283832 kB
Inactive:         632432 kB
Active(anon):     808364 kB
Inactive(anon):   221236 kB
Active(file):     475468 kB
Inactive(file):   411196 kB
Unevictable:       13568 kB
Mlocked:               0 kB
SwapTotal:        718400 kB
SwapFree:         708608 kB
Dirty:                68 kB
Writeback:             0 kB
AnonPages:       1028824 kB
Mapped:           609864 kB
Shmem:               636 kB
Slab:              99124 kB
SReclaimable:      31756 kB
SUnreclaim:        67368 kB
KernelStack:       38528 kB
PageTables:        49732 kB
NFS_Unstable:          0 kB
Bounce:                0 kB
WritebackTmp:          0 kB
CommitLimit:     2155204 kB
Committed_AS:   119034316 kB
VmallocTotal:   251658176 kB
VmallocUsed:      136188 kB
VmallocChunk:   251426860 kB
Time pass: 191 sec

---2015-12-05 14:07:44
MemTotal:        2873608 kB
MemFree:          144112 kB
Buffers:           13632 kB
Cached:           887284 kB
SwapCached:           16 kB
Active:          1284040 kB
Inactive:         632480 kB
Active(anon):     808572 kB
Inactive(anon):   221276 kB
Active(file):     475468 kB
Inactive(file):   411204 kB
Unevictable:       13568 kB
Mlocked:               0 kB
SwapTotal:        718400 kB
SwapFree:         708608 kB
Dirty:                 4 kB
Writeback:             0 kB
AnonPages:       1029048 kB
Mapped:           610060 kB
Shmem:               676 kB
Slab:              99100 kB
SReclaimable:      31756 kB
SUnreclaim:        67344 kB
KernelStack:       38544 kB
PageTables:        49792 kB
NFS_Unstable:          0 kB
Bounce:                0 kB
WritebackTmp:          0 kB
CommitLimit:     2155204 kB
Committed_AS:   119034388 kB
VmallocTotal:   251658176 kB
VmallocUsed:      136188 kB
VmallocChunk:   251426860 kB
Time pass: 195 sec

---2015-12-05 14:07:44
MemTotal:        2873608 kB
MemFree:          144200 kB
Buffers:           13640 kB
Cached:           887288 kB
SwapCached:           16 kB
Active:          1283988 kB
Inactive:         632488 kB
Active(anon):     808516 kB
Inactive(anon):   221276 kB
Active(file):     475472 kB
Inactive(file):   411212 kB
Unevictable:       13568 kB
Mlocked:               0 kB
SwapTotal:        718400 kB
SwapFree:         708608 kB
Dirty:                44 kB
Writeback:             0 kB
AnonPages:       1029152 kB
Mapped:           610052 kB
Shmem:               676 kB
Slab:              99116 kB
SReclaimable:      31772 kB
SUnreclaim:        67344 kB
KernelStack:       38512 kB
PageTables:        49704 kB
NFS_Unstable:          0 kB
Bounce:                0 kB
WritebackTmp:          0 kB
CommitLimit:     2155204 kB
Committed_AS:   119034404 kB
VmallocTotal:   251658176 kB
VmallocUsed:      136188 kB
VmallocChunk:   251426860 kB
Time pass: 199 sec

---2015-12-05 14:07:44
MemTotal:        2873608 kB
MemFree:          140540 kB
Buffers:           13648 kB
Cached:           887292 kB
SwapCached:           16 kB
Active:          1288208 kB
Inactive:         632500 kB
Active(anon):     812736 kB
Inactive(anon):   221288 kB
Active(file):     475472 kB
Inactive(file):   411212 kB
Unevictable:       13568 kB
Mlocked:               0 kB
SwapTotal:        718400 kB
SwapFree:         708608 kB
Dirty:                 4 kB
Writeback:             0 kB
AnonPages:       1033552 kB
Mapped:           610064 kB
Shmem:               688 kB
Slab:              99116 kB
SReclaimable:      31772 kB
SUnreclaim:        67344 kB
KernelStack:       38544 kB
PageTables:        49700 kB
NFS_Unstable:          0 kB
Bounce:                0 kB
WritebackTmp:          0 kB
CommitLimit:     2155204 kB
Committed_AS:   119038500 kB
VmallocTotal:   251658176 kB
VmallocUsed:      136188 kB
VmallocChunk:   251426860 kB
Time pass: 203 sec

---2015-12-05 14:07:44
MemTotal:        2873608 kB
MemFree:          134532 kB
Buffers:           13680 kB
Cached:           887184 kB
SwapCached:           16 kB
Active:          1293236 kB
Inactive:         632408 kB
Active(anon):     817764 kB
Inactive(anon):   221156 kB
Active(file):     475472 kB
Inactive(file):   411252 kB
Unevictable:       13568 kB
Mlocked:               0 kB
SwapTotal:        718400 kB
SwapFree:         708608 kB
Dirty:                52 kB
Writeback:             0 kB
AnonPages:       1038384 kB
Mapped:           609956 kB
Shmem:               572 kB
Slab:              99092 kB
SReclaimable:      31788 kB
SUnreclaim:        67304 kB
KernelStack:       38576 kB
PageTables:        49748 kB
NFS_Unstable:          0 kB
Bounce:                0 kB
WritebackTmp:          0 kB
CommitLimit:     2155204 kB
Committed_AS:   119050920 kB
VmallocTotal:   251658176 kB
VmallocUsed:      136188 kB
VmallocChunk:   251426860 kB
Time pass: 206 sec

---2015-12-05 14:07:44
MemTotal:        2873608 kB
MemFree:          134584 kB
Buffers:           13680 kB
Cached:           887192 kB
SwapCached:           16 kB
Active:          1292724 kB
Inactive:         632428 kB
Active(anon):     817252 kB
Inactive(anon):   221176 kB
Active(file):     475472 kB
Inactive(file):   411252 kB
Unevictable:       13568 kB
Mlocked:               0 kB
SwapTotal:        718400 kB
SwapFree:         708608 kB
Dirty:                52 kB
Writeback:             0 kB
AnonPages:       1037896 kB
Mapped:           610036 kB
Shmem:               580 kB
Slab:              99092 kB
SReclaimable:      31788 kB
SUnreclaim:        67304 kB
KernelStack:       38560 kB
PageTables:        49748 kB
NFS_Unstable:          0 kB
Bounce:                0 kB
WritebackTmp:          0 kB
CommitLimit:     2155204 kB
Committed_AS:   119050860 kB
VmallocTotal:   251658176 kB
VmallocUsed:      136188 kB
VmallocChunk:   251426860 kB
Time pass: 210 sec

---2015-12-05 14:07:44
MemTotal:        2873608 kB
MemFree:          134480 kB
Buffers:           13688 kB
Cached:           887212 kB
SwapCached:           16 kB
Active:          1293012 kB
Inactive:         632456 kB
Active(anon):     817540 kB
Inactive(anon):   221196 kB
Active(file):     475472 kB
Inactive(file):   411260 kB
Unevictable:       13568 kB
Mlocked:               0 kB
SwapTotal:        718400 kB
SwapFree:         708608 kB
Dirty:                28 kB
Writeback:             0 kB
AnonPages:       1038144 kB
Mapped:           610056 kB
Shmem:               600 kB
Slab:              99092 kB
SReclaimable:      31788 kB
SUnreclaim:        67304 kB
KernelStack:       38560 kB
PageTables:        49748 kB
NFS_Unstable:          0 kB
Bounce:                0 kB
WritebackTmp:          0 kB
CommitLimit:     2155204 kB
Committed_AS:   119050868 kB
VmallocTotal:   251658176 kB
VmallocUsed:      136188 kB
VmallocChunk:   251426860 kB
Time pass: 214 sec

---2015-12-05 14:07:44
MemTotal:        2873608 kB
MemFree:          135876 kB
Buffers:           13704 kB
Cached:           887252 kB
SwapCached:           16 kB
Active:          1292076 kB
Inactive:         632512 kB
Active(anon):     816604 kB
Inactive(anon):   221196 kB
Active(file):     475472 kB
Inactive(file):   411316 kB
Unevictable:       13568 kB
Mlocked:               0 kB
SwapTotal:        718400 kB
SwapFree:         708608 kB
Dirty:                24 kB
Writeback:             0 kB
AnonPages:       1037668 kB
Mapped:           610096 kB
Shmem:               600 kB
Slab:              99092 kB
SReclaimable:      31788 kB
SUnreclaim:        67304 kB
KernelStack:       38592 kB
PageTables:        49756 kB
NFS_Unstable:          0 kB
Bounce:                0 kB
WritebackTmp:          0 kB
CommitLimit:     2155204 kB
Committed_AS:   119050908 kB
VmallocTotal:   251658176 kB
VmallocUsed:      136188 kB
VmallocChunk:   251426860 kB
Time pass: 218 sec

---2015-12-05 14:07:44
MemTotal:        2873608 kB
MemFree:          136116 kB
Buffers:           13704 kB
Cached:           887260 kB
SwapCached:           16 kB
Active:          1292928 kB
Inactive:         632528 kB
Active(anon):     817464 kB
Inactive(anon):   221196 kB
Active(file):     475464 kB
Inactive(file):   411332 kB
Unevictable:       13568 kB
Mlocked:               0 kB
SwapTotal:        718400 kB
SwapFree:         708608 kB
Dirty:               116 kB
Writeback:             0 kB
AnonPages:       1038172 kB
Mapped:           610096 kB
Shmem:               600 kB
Slab:              99092 kB
SReclaimable:      31788 kB
SUnreclaim:        67304 kB
KernelStack:       38544 kB
PageTables:        49748 kB
NFS_Unstable:          0 kB
Bounce:                0 kB
WritebackTmp:          0 kB
CommitLimit:     2155204 kB
Committed_AS:   119050908 kB
VmallocTotal:   251658176 kB
VmallocUsed:      136188 kB
VmallocChunk:   251426860 kB
Time pass: 221 sec

---2015-12-05 14:07:44
MemTotal:        2873608 kB
MemFree:          142532 kB
Buffers:           13712 kB
Cached:           887276 kB
SwapCached:           16 kB
Active:          1286008 kB
Inactive:         632552 kB
Active(anon):     810544 kB
Inactive(anon):   221212 kB
Active(file):     475464 kB
Inactive(file):   411340 kB
Unevictable:       13568 kB
Mlocked:               0 kB
SwapTotal:        718400 kB
SwapFree:         708608 kB
Dirty:                 8 kB
Writeback:             0 kB
AnonPages:       1031040 kB
Mapped:           610120 kB
Shmem:               616 kB
Slab:              99096 kB
SReclaimable:      31788 kB
SUnreclaim:        67308 kB
KernelStack:       38544 kB
PageTables:        49752 kB
NFS_Unstable:          0 kB
Bounce:                0 kB
WritebackTmp:          0 kB
CommitLimit:     2155204 kB
Committed_AS:   119050868 kB
VmallocTotal:   251658176 kB
VmallocUsed:      136188 kB
VmallocChunk:   251426860 kB
Time pass: 225 sec

---2015-12-05 14:07:44
MemTotal:        2873608 kB
MemFree:          140928 kB
Buffers:           13736 kB
Cached:           887276 kB
SwapCached:           16 kB
Active:          1286700 kB
Inactive:         632576 kB
Active(anon):     811236 kB
Inactive(anon):   221212 kB
Active(file):     475464 kB
Inactive(file):   411364 kB
Unevictable:       13568 kB
Mlocked:               0 kB
SwapTotal:        718400 kB
SwapFree:         708608 kB
Dirty:                 0 kB
Writeback:             0 kB
AnonPages:       1031892 kB
Mapped:           610128 kB
Shmem:               616 kB
Slab:              99092 kB
SReclaimable:      31788 kB
SUnreclaim:        67304 kB
KernelStack:       38560 kB
PageTables:        49760 kB
NFS_Unstable:          0 kB
Bounce:                0 kB
WritebackTmp:          0 kB
CommitLimit:     2155204 kB
Committed_AS:   119050876 kB
VmallocTotal:   251658176 kB
VmallocUsed:      136188 kB
VmallocChunk:   251426860 kB
Time pass: 229 sec

---2015-12-05 14:07:44
MemTotal:        2873608 kB
MemFree:          140360 kB
Buffers:           13744 kB
Cached:           887276 kB
SwapCached:           16 kB
Active:          1287008 kB
Inactive:         632584 kB
Active(anon):     811544 kB
Inactive(anon):   221212 kB
Active(file):     475464 kB
Inactive(file):   411372 kB
Unevictable:       13568 kB
Mlocked:               0 kB
SwapTotal:        718400 kB
SwapFree:         708608 kB
Dirty:                32 kB
Writeback:             0 kB
AnonPages:       1032124 kB
Mapped:           610000 kB
Shmem:               616 kB
Slab:              99092 kB
SReclaimable:      31788 kB
SUnreclaim:        67304 kB
KernelStack:       38560 kB
PageTables:        49788 kB
NFS_Unstable:          0 kB
Bounce:                0 kB
WritebackTmp:          0 kB
CommitLimit:     2155204 kB
Committed_AS:   119050884 kB
VmallocTotal:   251658176 kB
VmallocUsed:      136188 kB
VmallocChunk:   251426860 kB
Time pass: 233 sec

---2015-12-05 14:07:44
MemTotal:        2873608 kB
MemFree:          140680 kB
Buffers:           13744 kB
Cached:           887280 kB
SwapCached:           16 kB
Active:          1287344 kB
Inactive:         632588 kB
Active(anon):     811880 kB
Inactive(anon):   221216 kB
Active(file):     475464 kB
Inactive(file):   411372 kB
Unevictable:       13568 kB
Mlocked:               0 kB
SwapTotal:        718400 kB
SwapFree:         708608 kB
Dirty:                32 kB
Writeback:             0 kB
AnonPages:       1032504 kB
Mapped:           610152 kB
Shmem:               620 kB
Slab:              99092 kB
SReclaimable:      31788 kB
SUnreclaim:        67304 kB
KernelStack:       38560 kB
PageTables:        49756 kB
NFS_Unstable:          0 kB
Bounce:                0 kB
WritebackTmp:          0 kB
CommitLimit:     2155204 kB
Committed_AS:   119050900 kB
VmallocTotal:   251658176 kB
VmallocUsed:      136188 kB
VmallocChunk:   251426860 kB
Time pass: 236 sec

---2015-12-05 14:07:44
MemTotal:        2873608 kB
MemFree:          139360 kB
Buffers:           13744 kB
Cached:           887280 kB
SwapCached:           16 kB
Active:          1288300 kB
Inactive:         632588 kB
Active(anon):     812836 kB
Inactive(anon):   221216 kB
Active(file):     475464 kB
Inactive(file):   411372 kB
Unevictable:       13568 kB
Mlocked:               0 kB
SwapTotal:        718400 kB
SwapFree:         708608 kB
Dirty:                 0 kB
Writeback:             0 kB
AnonPages:       1033660 kB
Mapped:           610164 kB
Shmem:               620 kB
Slab:              99092 kB
SReclaimable:      31788 kB
SUnreclaim:        67304 kB
KernelStack:       38624 kB
PageTables:        49768 kB
NFS_Unstable:          0 kB
Bounce:                0 kB
WritebackTmp:          0 kB
CommitLimit:     2155204 kB
Committed_AS:   119050876 kB
VmallocTotal:   251658176 kB
VmallocUsed:      136188 kB
VmallocChunk:   251426860 kB
Time pass: 240 sec

---2015-12-05 14:07:44
MemTotal:        2873608 kB
MemFree:          141724 kB
Buffers:           13792 kB
Cached:           887304 kB
SwapCached:           16 kB
Active:          1283860 kB
Inactive:         632632 kB
Active(anon):     808384 kB
Inactive(anon):   221208 kB
Active(file):     475476 kB
Inactive(file):   411424 kB
Unevictable:       13568 kB
Mlocked:               0 kB
SwapTotal:        718400 kB
SwapFree:         708608 kB
Dirty:                72 kB
Writeback:             0 kB
AnonPages:       1028888 kB
Mapped:           610188 kB
Shmem:               628 kB
Slab:              99092 kB
SReclaimable:      31788 kB
SUnreclaim:        67304 kB
KernelStack:       38528 kB
PageTables:        49820 kB
NFS_Unstable:          0 kB
Bounce:                0 kB
WritebackTmp:          0 kB
CommitLimit:     2155204 kB
Committed_AS:   119055060 kB
VmallocTotal:   251658176 kB
VmallocUsed:      136188 kB
VmallocChunk:   251426860 kB
Time pass: 244 sec

---2015-12-05 14:07:44
MemTotal:        2873608 kB
MemFree:          141048 kB
Buffers:           13800 kB
Cached:           887356 kB
SwapCached:           16 kB
Active:          1284232 kB
Inactive:         632696 kB
Active(anon):     808756 kB
Inactive(anon):   221272 kB
Active(file):     475476 kB
Inactive(file):   411424 kB
Unevictable:       13568 kB
Mlocked:               0 kB
SwapTotal:        718400 kB
SwapFree:         708608 kB
Dirty:                 0 kB
Writeback:             0 kB
AnonPages:       1029404 kB
Mapped:           610248 kB
Shmem:               688 kB
Slab:              99108 kB
SReclaimable:      31788 kB
SUnreclaim:        67320 kB
KernelStack:       38576 kB
PageTables:        49836 kB
NFS_Unstable:          0 kB
Bounce:                0 kB
WritebackTmp:          0 kB
CommitLimit:     2155204 kB
Committed_AS:   119055084 kB
VmallocTotal:   251658176 kB
VmallocUsed:      136188 kB
VmallocChunk:   251426860 kB
Time pass: 248 sec

---2015-12-05 14:07:44
MemTotal:        2873608 kB
MemFree:          141232 kB
Buffers:           13816 kB
Cached:           887368 kB
SwapCached:           16 kB
Active:          1284808 kB
Inactive:         632708 kB
Active(anon):     809332 kB
Inactive(anon):   221276 kB
Active(file):     475476 kB
Inactive(file):   411432 kB
Unevictable:       13568 kB
Mlocked:               0 kB
SwapTotal:        718400 kB
SwapFree:         708608 kB
Dirty:                72 kB
Writeback:             0 kB
AnonPages:       1029792 kB
Mapped:           610260 kB
Shmem:               692 kB
Slab:              99108 kB
SReclaimable:      31788 kB
SUnreclaim:        67320 kB
KernelStack:       38576 kB
PageTables:        49824 kB
NFS_Unstable:          0 kB
Bounce:                0 kB
WritebackTmp:          0 kB
CommitLimit:     2155204 kB
Committed_AS:   119055108 kB
VmallocTotal:   251658176 kB
VmallocUsed:      136188 kB
VmallocChunk:   251426860 kB
Time pass: 252 sec

---2015-12-05 14:07:44
MemTotal:        2873608 kB
MemFree:          140684 kB
Buffers:           13816 kB
Cached:           887384 kB
SwapCached:           16 kB
Active:          1284864 kB
Inactive:         632740 kB
Active(anon):     809388 kB
Inactive(anon):   221292 kB
Active(file):     475476 kB
Inactive(file):   411448 kB
Unevictable:       13568 kB
Mlocked:               0 kB
SwapTotal:        718400 kB
SwapFree:         708608 kB
Dirty:                 0 kB
Writeback:             0 kB
AnonPages:       1030016 kB
Mapped:           610284 kB
Shmem:               708 kB
Slab:              99108 kB
SReclaimable:      31788 kB
SUnreclaim:        67320 kB
KernelStack:       38576 kB
PageTables:        49832 kB
NFS_Unstable:          0 kB
Bounce:                0 kB
WritebackTmp:          0 kB
CommitLimit:     2155204 kB
Committed_AS:   119055164 kB
VmallocTotal:   251658176 kB
VmallocUsed:      136188 kB
VmallocChunk:   251426860 kB
Time pass: 255 sec

---2015-12-05 14:07:44
MemTotal:        2873608 kB
MemFree:          140640 kB
Buffers:           13824 kB
Cached:           887388 kB
SwapCached:           16 kB
Active:          1284868 kB
Inactive:         632752 kB
Active(anon):     809392 kB
Inactive(anon):   221292 kB
Active(file):     475476 kB
Inactive(file):   411460 kB
Unevictable:       13568 kB
Mlocked:               0 kB
SwapTotal:        718400 kB
SwapFree:         708608 kB
Dirty:                40 kB
Writeback:             0 kB
AnonPages:       1030144 kB
Mapped:           610208 kB
Shmem:               708 kB
Slab:              99152 kB
SReclaimable:      31788 kB
SUnreclaim:        67364 kB
KernelStack:       38576 kB
PageTables:        49808 kB
NFS_Unstable:          0 kB
Bounce:                0 kB
WritebackTmp:          0 kB
CommitLimit:     2155204 kB
Committed_AS:   119055188 kB
VmallocTotal:   251658176 kB
VmallocUsed:      136188 kB
VmallocChunk:   251426860 kB
Time pass: 259 sec

---2015-12-05 14:07:44
MemTotal:        2873608 kB
MemFree:          140452 kB
Buffers:           13832 kB
Cached:           887668 kB
SwapCached:           16 kB
Active:          1285152 kB
Inactive:         633040 kB
Active(anon):     809676 kB
Inactive(anon):   221572 kB
Active(file):     475476 kB
Inactive(file):   411468 kB
Unevictable:       13568 kB
Mlocked:               0 kB
SwapTotal:        718400 kB
SwapFree:         708608 kB
Dirty:                44 kB
Writeback:             0 kB
AnonPages:       1030196 kB
Mapped:           610576 kB
Shmem:               988 kB
Slab:              99108 kB
SReclaimable:      31788 kB
SUnreclaim:        67320 kB
KernelStack:       38576 kB
PageTables:        49836 kB
NFS_Unstable:          0 kB
Bounce:                0 kB
WritebackTmp:          0 kB
CommitLimit:     2155204 kB
Committed_AS:   119055188 kB
VmallocTotal:   251658176 kB
VmallocUsed:      136188 kB
VmallocChunk:   251426860 kB
Time pass: 263 sec

---2015-12-05 14:07:44
MemTotal:        2873608 kB
MemFree:          139740 kB
Buffers:           13832 kB
Cached:           887932 kB
SwapCached:           16 kB
Active:          1285204 kB
Inactive:         633300 kB
Active(anon):     809724 kB
Inactive(anon):   221836 kB
Active(file):     475480 kB
Inactive(file):   411464 kB
Unevictable:       13568 kB
Mlocked:               0 kB
SwapTotal:        718400 kB
SwapFree:         708608 kB
Dirty:                 4 kB
Writeback:             0 kB
AnonPages:       1030436 kB
Mapped:           610848 kB
Shmem:              1252 kB
Slab:              99108 kB
SReclaimable:      31788 kB
SUnreclaim:        67320 kB
KernelStack:       38576 kB
PageTables:        49836 kB
NFS_Unstable:          0 kB
Bounce:                0 kB
WritebackTmp:          0 kB
CommitLimit:     2155204 kB
Committed_AS:   119055180 kB
VmallocTotal:   251658176 kB
VmallocUsed:      136188 kB
VmallocChunk:   251426860 kB
Time pass: 267 sec

---2015-12-05 14:07:44
MemTotal:        2873608 kB
MemFree:          135492 kB
Buffers:           13856 kB
Cached:           887932 kB
SwapCached:           16 kB
Active:          1289880 kB
Inactive:         633324 kB
Active(anon):     814400 kB
Inactive(anon):   221836 kB
Active(file):     475480 kB
Inactive(file):   411488 kB
Unevictable:       13568 kB
Mlocked:               0 kB
SwapTotal:        718400 kB
SwapFree:         708608 kB
Dirty:                56 kB
Writeback:             0 kB
AnonPages:       1035112 kB
Mapped:           610868 kB
Shmem:              1252 kB
Slab:              99108 kB
SReclaimable:      31788 kB
SUnreclaim:        67320 kB
KernelStack:       38640 kB
PageTables:        49836 kB
NFS_Unstable:          0 kB
Bounce:                0 kB
WritebackTmp:          0 kB
CommitLimit:     2155204 kB
Committed_AS:   119055172 kB
VmallocTotal:   251658176 kB
VmallocUsed:      136188 kB
VmallocChunk:   251426860 kB
Time pass: 270 sec

---2015-12-05 14:07:44
MemTotal:        2873608 kB
MemFree:          137816 kB
Buffers:           13872 kB
Cached:           887272 kB
SwapCached:           16 kB
Active:          1288236 kB
Inactive:         632676 kB
Active(anon):     812752 kB
Inactive(anon):   221172 kB
Active(file):     475484 kB
Inactive(file):   411504 kB
Unevictable:       13568 kB
Mlocked:               0 kB
SwapTotal:        718400 kB
SwapFree:         708608 kB
Dirty:                 0 kB
Writeback:             0 kB
AnonPages:       1033304 kB
Mapped:           610212 kB
Shmem:               588 kB
Slab:              99120 kB
SReclaimable:      31788 kB
SUnreclaim:        67332 kB
KernelStack:       38592 kB
PageTables:        49788 kB
NFS_Unstable:          0 kB
Bounce:                0 kB
WritebackTmp:          0 kB
CommitLimit:     2155204 kB
Committed_AS:   119055236 kB
VmallocTotal:   251658176 kB
VmallocUsed:      136188 kB
VmallocChunk:   251426860 kB
Time pass: 274 sec

---2015-12-05 14:07:44
MemTotal:        2873608 kB
MemFree:          136608 kB
Buffers:           13904 kB
Cached:           887280 kB
SwapCached:           16 kB
Active:          1289216 kB
Inactive:         632712 kB
Active(anon):     813732 kB
Inactive(anon):   221180 kB
Active(file):     475484 kB
Inactive(file):   411532 kB
Unevictable:       13568 kB
Mlocked:               0 kB
SwapTotal:        718400 kB
SwapFree:         708608 kB
Dirty:               100 kB
Writeback:             0 kB
AnonPages:       1034316 kB
Mapped:           610244 kB
Shmem:               596 kB
Slab:              99108 kB
SReclaimable:      31788 kB
SUnreclaim:        67320 kB
KernelStack:       38656 kB
PageTables:        49788 kB
NFS_Unstable:          0 kB
Bounce:                0 kB
WritebackTmp:          0 kB
CommitLimit:     2155204 kB
Committed_AS:   119055324 kB
VmallocTotal:   251658176 kB
VmallocUsed:      136188 kB
VmallocChunk:   251426860 kB
Time pass: 278 sec

---2015-12-05 14:07:44
MemTotal:        2873608 kB
MemFree:          137608 kB
Buffers:           13928 kB
Cached:           887292 kB
SwapCached:           16 kB
Active:          1289136 kB
Inactive:         632736 kB
Active(anon):     813652 kB
Inactive(anon):   221172 kB
Active(file):     475484 kB
Inactive(file):   411564 kB
Unevictable:       13568 kB
Mlocked:               0 kB
SwapTotal:        718400 kB
SwapFree:         708608 kB
Dirty:                 0 kB
Writeback:             0 kB
AnonPages:       1034372 kB
Mapped:           610252 kB
Shmem:               604 kB
Slab:              99108 kB
SReclaimable:      31788 kB
SUnreclaim:        67320 kB
KernelStack:       38608 kB
PageTables:        49788 kB
NFS_Unstable:          0 kB
Bounce:                0 kB
WritebackTmp:          0 kB
CommitLimit:     2155204 kB
Committed_AS:   119055220 kB
VmallocTotal:   251658176 kB
VmallocUsed:      136188 kB
VmallocChunk:   251426860 kB
Time pass: 282 sec

---2015-12-05 14:07:44
MemTotal:        2873608 kB
MemFree:          140108 kB
Buffers:           13928 kB
Cached:           887312 kB
SwapCached:           16 kB
Active:          1286008 kB
Inactive:         632756 kB
Active(anon):     810524 kB
Inactive(anon):   221176 kB
Active(file):     475484 kB
Inactive(file):   411580 kB
Unevictable:       13568 kB
Mlocked:               0 kB
SwapTotal:        718400 kB
SwapFree:         708608 kB
Dirty:                72 kB
Writeback:             0 kB
AnonPages:       1031008 kB
Mapped:           610264 kB
Shmem:               608 kB
Slab:              99108 kB
SReclaimable:      31788 kB
SUnreclaim:        67320 kB
KernelStack:       38592 kB
PageTables:        49788 kB
NFS_Unstable:          0 kB
Bounce:                0 kB
WritebackTmp:          0 kB
CommitLimit:     2155204 kB
Committed_AS:   119055252 kB
VmallocTotal:   251658176 kB
VmallocUsed:      136188 kB
VmallocChunk:   251426860 kB
Time pass: 285 sec

---2015-12-05 14:07:44
MemTotal:        2873608 kB
MemFree:          140660 kB
Buffers:           13936 kB
Cached:           887312 kB
SwapCached:           16 kB
Active:          1285852 kB
Inactive:         632764 kB
Active(anon):     810368 kB
Inactive(anon):   221176 kB
Active(file):     475484 kB
Inactive(file):   411588 kB
Unevictable:       13568 kB
Mlocked:               0 kB
SwapTotal:        718400 kB
SwapFree:         708608 kB
Dirty:                32 kB
Writeback:             0 kB
AnonPages:       1030892 kB
Mapped:           610272 kB
Shmem:               608 kB
Slab:              99108 kB
SReclaimable:      31788 kB
SUnreclaim:        67320 kB
KernelStack:       38576 kB
PageTables:        49812 kB
NFS_Unstable:          0 kB
Bounce:                0 kB
WritebackTmp:          0 kB
CommitLimit:     2155204 kB
Committed_AS:   119055236 kB
VmallocTotal:   251658176 kB
VmallocUsed:      136188 kB
VmallocChunk:   251426860 kB
Time pass: 289 sec

---2015-12-05 14:07:44
MemTotal:        2873608 kB
MemFree:          140036 kB
Buffers:           13936 kB
Cached:           887312 kB
SwapCached:           16 kB
Active:          1285812 kB
Inactive:         632764 kB
Active(anon):     810328 kB
Inactive(anon):   221176 kB
Active(file):     475484 kB
Inactive(file):   411588 kB
Unevictable:       13568 kB
Mlocked:               0 kB
SwapTotal:        718400 kB
SwapFree:         708608 kB
Dirty:                32 kB
Writeback:             0 kB
AnonPages:       1030792 kB
Mapped:           610272 kB
Shmem:               608 kB
Slab:              99108 kB
SReclaimable:      31788 kB
SUnreclaim:        67320 kB
KernelStack:       38576 kB
PageTables:        49784 kB
NFS_Unstable:          0 kB
Bounce:                0 kB
WritebackTmp:          0 kB
CommitLimit:     2155204 kB
Committed_AS:   119055236 kB
VmallocTotal:   251658176 kB
VmallocUsed:      136188 kB
VmallocChunk:   251426860 kB
Time pass: 293 sec

---2015-12-05 14:07:44
MemTotal:        2873608 kB
MemFree:          140260 kB
Buffers:           13952 kB
Cached:           887312 kB
SwapCached:           16 kB
Active:          1285708 kB
Inactive:         632780 kB
Active(anon):     810224 kB
Inactive(anon):   221176 kB
Active(file):     475484 kB
Inactive(file):   411604 kB
Unevictable:       13568 kB
Mlocked:               0 kB
SwapTotal:        718400 kB
SwapFree:         708608 kB
Dirty:                48 kB
Writeback:             0 kB
AnonPages:       1030840 kB
Mapped:           610276 kB
Shmem:               608 kB
Slab:              99112 kB
SReclaimable:      31788 kB
SUnreclaim:        67324 kB
KernelStack:       38576 kB
PageTables:        49780 kB
NFS_Unstable:          0 kB
Bounce:                0 kB
WritebackTmp:          0 kB
CommitLimit:     2155204 kB
Committed_AS:   119055260 kB
VmallocTotal:   251658176 kB
VmallocUsed:      136188 kB
VmallocChunk:   251426860 kB
Time pass: 297 sec

---2015-12-05 14:07:44
MemTotal:        2873608 kB
MemFree:          139496 kB
Buffers:           13960 kB
Cached:           887312 kB
SwapCached:           16 kB
Active:          1287396 kB
Inactive:         632788 kB
Active(anon):     811912 kB
Inactive(anon):   221176 kB
Active(file):     475484 kB
Inactive(file):   411612 kB
Unevictable:       13568 kB
Mlocked:               0 kB
SwapTotal:        718400 kB
SwapFree:         708608 kB
Dirty:                32 kB
Writeback:             0 kB
AnonPages:       1032336 kB
Mapped:           610368 kB
Shmem:               608 kB
Slab:              99132 kB
SReclaimable:      31788 kB
SUnreclaim:        67344 kB
KernelStack:       38576 kB
PageTables:        49816 kB
NFS_Unstable:          0 kB
Bounce:                0 kB
WritebackTmp:          0 kB
CommitLimit:     2155204 kB
Committed_AS:   119055228 kB
VmallocTotal:   251658176 kB
VmallocUsed:      136188 kB
VmallocChunk:   251426860 kB
Time pass: 300 sec

---2015-12-05 14:07:44
MemTotal:        2873608 kB
MemFree:          138320 kB
Buffers:           13960 kB
Cached:           887340 kB
SwapCached:           16 kB
Active:          1287552 kB
Inactive:         632816 kB
Active(anon):     812068 kB
Inactive(anon):   221204 kB
Active(file):     475484 kB
Inactive(file):   411612 kB
Unevictable:       13568 kB
Mlocked:               0 kB
SwapTotal:        718400 kB
SwapFree:         708608 kB
Dirty:                32 kB
Writeback:             0 kB
AnonPages:       1032688 kB
Mapped:           610316 kB
Shmem:               636 kB
Slab:              99108 kB
SReclaimable:      31788 kB
SUnreclaim:        67320 kB
KernelStack:       38576 kB
PageTables:        49780 kB
NFS_Unstable:          0 kB
Bounce:                0 kB
WritebackTmp:          0 kB
CommitLimit:     2155204 kB
Committed_AS:   119055244 kB
VmallocTotal:   251658176 kB
VmallocUsed:      136188 kB
VmallocChunk:   251426860 kB
Time pass: 304 sec

---2015-12-05 14:07:44
MemTotal:        2873608 kB
MemFree:          137892 kB
Buffers:           13976 kB
Cached:           887340 kB
SwapCached:           16 kB
Active:          1288092 kB
Inactive:         632832 kB
Active(anon):     812608 kB
Inactive(anon):   221204 kB
Active(file):     475484 kB
Inactive(file):   411628 kB
Unevictable:       13568 kB
Mlocked:               0 kB
SwapTotal:        718400 kB
SwapFree:         708608 kB
Dirty:                44 kB
Writeback:             0 kB
AnonPages:       1033040 kB
Mapped:           610328 kB
Shmem:               636 kB
Slab:              99108 kB
SReclaimable:      31788 kB
SUnreclaim:        67320 kB
KernelStack:       38576 kB
PageTables:        49784 kB
NFS_Unstable:          0 kB
Bounce:                0 kB
WritebackTmp:          0 kB
CommitLimit:     2155204 kB
Committed_AS:   119055236 kB
VmallocTotal:   251658176 kB
VmallocUsed:      136188 kB
VmallocChunk:   251426860 kB
Time pass: 308 sec

---2015-12-05 14:07:44
MemTotal:        2873608 kB
MemFree:          137904 kB
Buffers:           14000 kB
Cached:           887344 kB
SwapCached:           16 kB
Active:          1287948 kB
Inactive:         632856 kB
Active(anon):     812464 kB
Inactive(anon):   221208 kB
Active(file):     475484 kB
Inactive(file):   411648 kB
Unevictable:       13568 kB
Mlocked:               0 kB
SwapTotal:        718400 kB
SwapFree:         708608 kB
Dirty:                60 kB
Writeback:             0 kB
AnonPages:       1032924 kB
Mapped:           610340 kB
Shmem:               640 kB
Slab:              99128 kB
SReclaimable:      31788 kB
SUnreclaim:        67340 kB
KernelStack:       38576 kB
PageTables:        49780 kB
NFS_Unstable:          0 kB
Bounce:                0 kB
WritebackTmp:          0 kB
CommitLimit:     2155204 kB
Committed_AS:   119055308 kB
VmallocTotal:   251658176 kB
VmallocUsed:      136188 kB
VmallocChunk:   251426860 kB
Time pass: 312 sec

---2015-12-05 14:07:44
MemTotal:        2873608 kB
MemFree:          137592 kB
Buffers:           14008 kB
Cached:           887344 kB
SwapCached:           16 kB
Active:          1288252 kB
Inactive:         632868 kB
Active(anon):     812768 kB
Inactive(anon):   221208 kB
Active(file):     475484 kB
Inactive(file):   411660 kB
Unevictable:       13568 kB
Mlocked:               0 kB
SwapTotal:        718400 kB
SwapFree:         708608 kB
Dirty:                80 kB
Writeback:             0 kB
AnonPages:       1033388 kB
Mapped:           610352 kB
Shmem:               640 kB
Slab:              99128 kB
SReclaimable:      31788 kB
SUnreclaim:        67340 kB
KernelStack:       38560 kB
PageTables:        49780 kB
NFS_Unstable:          0 kB
Bounce:                0 kB
WritebackTmp:          0 kB
CommitLimit:     2155204 kB
Committed_AS:   119055316 kB
VmallocTotal:   251658176 kB
VmallocUsed:      136188 kB
VmallocChunk:   251426860 kB
Time pass: 316 sec

---2015-12-05 14:07:44
MemTotal:        2873608 kB
MemFree:          136632 kB
Buffers:           14032 kB
Cached:           887348 kB
SwapCached:           16 kB
Active:          1288796 kB
Inactive:         632896 kB
Active(anon):     813312 kB
Inactive(anon):   221212 kB
Active(file):     475484 kB
Inactive(file):   411684 kB
Unevictable:       13568 kB
Mlocked:               0 kB
SwapTotal:        718400 kB
SwapFree:         708608 kB
Dirty:                68 kB
Writeback:             0 kB
AnonPages:       1033928 kB
Mapped:           610368 kB
Shmem:               644 kB
Slab:              99128 kB
SReclaimable:      31788 kB
SUnreclaim:        67340 kB
KernelStack:       38576 kB
PageTables:        49784 kB
NFS_Unstable:          0 kB
Bounce:                0 kB
WritebackTmp:          0 kB
CommitLimit:     2155204 kB
Committed_AS:   119055300 kB
VmallocTotal:   251658176 kB
VmallocUsed:      136188 kB
VmallocChunk:   251426860 kB
Time pass: 319 sec

---2015-12-05 14:07:44
MemTotal:        2873608 kB
MemFree:          136392 kB
Buffers:           14032 kB
Cached:           887348 kB
SwapCached:           16 kB
Active:          1288796 kB
Inactive:         632896 kB
Active(anon):     813312 kB
Inactive(anon):   221212 kB
Active(file):     475484 kB
Inactive(file):   411684 kB
Unevictable:       13568 kB
Mlocked:               0 kB
SwapTotal:        718400 kB
SwapFree:         708608 kB
Dirty:                 0 kB
Writeback:             0 kB
AnonPages:       1033936 kB
Mapped:           610376 kB
Shmem:               644 kB
Slab:              99128 kB
SReclaimable:      31788 kB
SUnreclaim:        67340 kB
KernelStack:       38576 kB
PageTables:        49780 kB
NFS_Unstable:          0 kB
Bounce:                0 kB
WritebackTmp:          0 kB
CommitLimit:     2155204 kB
Committed_AS:   119055324 kB
VmallocTotal:   251658176 kB
VmallocUsed:      136188 kB
VmallocChunk:   251426860 kB
Time pass: 323 sec

---2015-12-05 14:07:44
MemTotal:        2873608 kB
MemFree:          136468 kB
Buffers:           14040 kB
Cached:           887348 kB
SwapCached:           16 kB
Active:          1289356 kB
Inactive:         632904 kB
Active(anon):     813872 kB
Inactive(anon):   221212 kB
Active(file):     475484 kB
Inactive(file):   411692 kB
Unevictable:       13568 kB
Mlocked:               0 kB
SwapTotal:        718400 kB
SwapFree:         708608 kB
Dirty:                32 kB
Writeback:             0 kB
AnonPages:       1034472 kB
Mapped:           610380 kB
Shmem:               644 kB
Slab:              99128 kB
SReclaimable:      31788 kB
SUnreclaim:        67340 kB
KernelStack:       38576 kB
PageTables:        49780 kB
NFS_Unstable:          0 kB
Bounce:                0 kB
WritebackTmp:          0 kB
CommitLimit:     2155204 kB
Committed_AS:   119055324 kB
VmallocTotal:   251658176 kB
VmallocUsed:      136188 kB
VmallocChunk:   251426860 kB
Time pass: 327 sec

---2015-12-05 14:07:44
MemTotal:        2873608 kB
MemFree:          136004 kB
Buffers:           14056 kB
Cached:           887356 kB
SwapCached:           16 kB
Active:          1289764 kB
Inactive:         632924 kB
Active(anon):     814280 kB
Inactive(anon):   221216 kB
Active(file):     475484 kB
Inactive(file):   411708 kB
Unevictable:       13568 kB
Mlocked:               0 kB
SwapTotal:        718400 kB
SwapFree:         708608 kB
Dirty:                40 kB
Writeback:             0 kB
AnonPages:       1034832 kB
Mapped:           610492 kB
Shmem:               652 kB
Slab:              99128 kB
SReclaimable:      31788 kB
SUnreclaim:        67340 kB
KernelStack:       38560 kB
PageTables:        49812 kB
NFS_Unstable:          0 kB
Bounce:                0 kB
WritebackTmp:          0 kB
CommitLimit:     2155204 kB
Committed_AS:   119055308 kB
VmallocTotal:   251658176 kB
VmallocUsed:      136188 kB
VmallocChunk:   251426860 kB
Time pass: 331 sec

---2015-12-05 14:07:44
MemTotal:        2873608 kB
MemFree:          133828 kB
Buffers:           14056 kB
Cached:           887468 kB
SwapCached:           16 kB
Active:          1291236 kB
Inactive:         633028 kB
Active(anon):     815744 kB
Inactive(anon):   221220 kB
Active(file):     475492 kB
Inactive(file):   411808 kB
Unevictable:       13568 kB
Mlocked:               0 kB
SwapTotal:        718400 kB
SwapFree:         708608 kB
Dirty:                40 kB
Writeback:             0 kB
AnonPages:       1036240 kB
Mapped:           610864 kB
Shmem:               656 kB
Slab:              99128 kB
SReclaimable:      31788 kB
SUnreclaim:        67340 kB
KernelStack:       38544 kB
PageTables:        49824 kB
NFS_Unstable:          0 kB
Bounce:                0 kB
WritebackTmp:          0 kB
CommitLimit:     2155204 kB
Committed_AS:   119059356 kB
VmallocTotal:   251658176 kB
VmallocUsed:      136188 kB
VmallocChunk:   251426860 kB
Time pass: 334 sec

---2015-12-05 14:07:44
MemTotal:        2873608 kB
MemFree:          133668 kB
Buffers:           14064 kB
Cached:           887496 kB
SwapCached:           16 kB
Active:          1291908 kB
Inactive:         633064 kB
Active(anon):     816416 kB
Inactive(anon):   221248 kB
Active(file):     475492 kB
Inactive(file):   411816 kB
Unevictable:       13568 kB
Mlocked:               0 kB
SwapTotal:        718400 kB
SwapFree:         708608 kB
Dirty:                64 kB
Writeback:             0 kB
AnonPages:       1036840 kB
Mapped:           610856 kB
Shmem:               684 kB
Slab:              99164 kB
SReclaimable:      31788 kB
SUnreclaim:        67376 kB
KernelStack:       38544 kB
PageTables:        49772 kB
NFS_Unstable:          0 kB
Bounce:                0 kB
WritebackTmp:          0 kB
CommitLimit:     2155204 kB
Committed_AS:   119059324 kB
VmallocTotal:   251658176 kB
VmallocUsed:      136188 kB
VmallocChunk:   251426860 kB
Time pass: 338 sec

---2015-12-05 14:07:44
MemTotal:        2873608 kB
MemFree:          133544 kB
Buffers:           14064 kB
Cached:           887496 kB
SwapCached:           16 kB
Active:          1291968 kB
Inactive:         633064 kB
Active(anon):     816476 kB
Inactive(anon):   221248 kB
Active(file):     475492 kB
Inactive(file):   411816 kB
Unevictable:       13568 kB
Mlocked:               0 kB
SwapTotal:        718400 kB
SwapFree:         708608 kB
Dirty:                40 kB
Writeback:             0 kB
AnonPages:       1037464 kB
Mapped:           610832 kB
Shmem:               684 kB
Slab:              99140 kB
SReclaimable:      31788 kB
SUnreclaim:        67352 kB
KernelStack:       38544 kB
PageTables:        49792 kB
NFS_Unstable:          0 kB
Bounce:                0 kB
WritebackTmp:          0 kB
CommitLimit:     2155204 kB
Committed_AS:   119059348 kB
VmallocTotal:   251658176 kB
VmallocUsed:      136188 kB
VmallocChunk:   251426860 kB
Time pass: 342 sec

---2015-12-05 14:07:44
MemTotal:        2873608 kB
MemFree:          133088 kB
Buffers:           14080 kB
Cached:           887564 kB
SwapCached:           16 kB
Active:          1292552 kB
Inactive:         633124 kB
Active(anon):     817056 kB
Inactive(anon):   221228 kB
Active(file):     475496 kB
Inactive(file):   411896 kB
Unevictable:       13568 kB
Mlocked:               0 kB
SwapTotal:        718400 kB
SwapFree:         708608 kB
Dirty:                96 kB
Writeback:             0 kB
AnonPages:       1037812 kB
Mapped:           610972 kB
Shmem:               684 kB
Slab:              99144 kB
SReclaimable:      31788 kB
SUnreclaim:        67356 kB
KernelStack:       38528 kB
PageTables:        49824 kB
NFS_Unstable:          0 kB
Bounce:                0 kB
WritebackTmp:          0 kB
CommitLimit:     2155204 kB
Committed_AS:   119059320 kB
VmallocTotal:   251658176 kB
VmallocUsed:      136188 kB
VmallocChunk:   251426860 kB
Time pass: 345 sec

---2015-12-05 14:07:44
MemTotal:        2873608 kB
MemFree:          133592 kB
Buffers:           14088 kB
Cached:           887564 kB
SwapCached:           16 kB
Active:          1292384 kB
Inactive:         633132 kB
Active(anon):     816888 kB
Inactive(anon):   221228 kB
Active(file):     475496 kB
Inactive(file):   411904 kB
Unevictable:       13568 kB
Mlocked:               0 kB
SwapTotal:        718400 kB
SwapFree:         708608 kB
Dirty:                32 kB
Writeback:             0 kB
AnonPages:       1037464 kB
Mapped:           610984 kB
Shmem:               684 kB
Slab:              99144 kB
SReclaimable:      31788 kB
SUnreclaim:        67356 kB
KernelStack:       38528 kB
PageTables:        49824 kB
NFS_Unstable:          0 kB
Bounce:                0 kB
WritebackTmp:          0 kB
CommitLimit:     2155204 kB
Committed_AS:   119059324 kB
VmallocTotal:   251658176 kB
VmallocUsed:      136188 kB
VmallocChunk:   251426860 kB
Time pass: 349 sec

---2015-12-05 14:07:44
MemTotal:        2873608 kB
MemFree:          132728 kB
Buffers:           14088 kB
Cached:           887568 kB
SwapCached:           16 kB
Active:          1292584 kB
Inactive:         633136 kB
Active(anon):     817088 kB
Inactive(anon):   221232 kB
Active(file):     475496 kB
Inactive(file):   411904 kB
Unevictable:       13568 kB
Mlocked:               0 kB
SwapTotal:        718400 kB
SwapFree:         708608 kB
Dirty:                 0 kB
Writeback:             0 kB
AnonPages:       1037624 kB
Mapped:           610972 kB
Shmem:               688 kB
Slab:              99128 kB
SReclaimable:      31788 kB
SUnreclaim:        67340 kB
KernelStack:       38528 kB
PageTables:        49804 kB
NFS_Unstable:          0 kB
Bounce:                0 kB
WritebackTmp:          0 kB
CommitLimit:     2155204 kB
Committed_AS:   119059356 kB
VmallocTotal:   251658176 kB
VmallocUsed:      136188 kB
VmallocChunk:   251426860 kB
Time pass: 353 sec

---2015-12-05 14:07:44
MemTotal:        2873608 kB
MemFree:          133520 kB
Buffers:           14104 kB
Cached:           887568 kB
SwapCached:           16 kB
Active:          1292536 kB
Inactive:         633152 kB
Active(anon):     817040 kB
Inactive(anon):   221232 kB
Active(file):     475496 kB
Inactive(file):   411920 kB
Unevictable:       13568 kB
Mlocked:               0 kB
SwapTotal:        718400 kB
SwapFree:         708608 kB
Dirty:                48 kB
Writeback:             0 kB
AnonPages:       1037412 kB
Mapped:           611040 kB
Shmem:               688 kB
Slab:              99128 kB
SReclaimable:      31788 kB
SUnreclaim:        67340 kB
KernelStack:       38528 kB
PageTables:        49856 kB
NFS_Unstable:          0 kB
Bounce:                0 kB
WritebackTmp:          0 kB
CommitLimit:     2155204 kB
Committed_AS:   119059348 kB
VmallocTotal:   251658176 kB
VmallocUsed:      136188 kB
VmallocChunk:   251426860 kB
Time pass: 357 sec

---2015-12-05 14:07:44
MemTotal:        2873608 kB
MemFree:          132520 kB
Buffers:           14112 kB
Cached:           887568 kB
SwapCached:           16 kB
Active:          1292540 kB
Inactive:         633160 kB
Active(anon):     817044 kB
Inactive(anon):   221232 kB
Active(file):     475496 kB
Inactive(file):   411928 kB
Unevictable:       13568 kB
Mlocked:               0 kB
SwapTotal:        718400 kB
SwapFree:         708608 kB
Dirty:                32 kB
Writeback:             0 kB
AnonPages:       1037544 kB
Mapped:           610840 kB
Shmem:               688 kB
Slab:              99132 kB
SReclaimable:      31788 kB
SUnreclaim:        67344 kB
KernelStack:       38528 kB
PageTables:        49768 kB
NFS_Unstable:          0 kB
Bounce:                0 kB
WritebackTmp:          0 kB
CommitLimit:     2155204 kB
Committed_AS:   119059348 kB
VmallocTotal:   251658176 kB
VmallocUsed:      136188 kB
VmallocChunk:   251426860 kB
Time pass: 361 sec

---2015-12-05 14:07:44
MemTotal:        2873608 kB
MemFree:          132160 kB
Buffers:           14112 kB
Cached:           887572 kB
SwapCached:           16 kB
Active:          1292864 kB
Inactive:         633164 kB
Active(anon):     817368 kB
Inactive(anon):   221236 kB
Active(file):     475496 kB
Inactive(file):   411928 kB
Unevictable:       13568 kB
Mlocked:               0 kB
SwapTotal:        718400 kB
SwapFree:         708608 kB
Dirty:                 4 kB
Writeback:             0 kB
AnonPages:       1037876 kB
Mapped:           610932 kB
Shmem:               692 kB
Slab:              99132 kB
SReclaimable:      31788 kB
SUnreclaim:        67344 kB
KernelStack:       38528 kB
PageTables:        49796 kB
NFS_Unstable:          0 kB
Bounce:                0 kB
WritebackTmp:          0 kB
CommitLimit:     2155204 kB
Committed_AS:   119059348 kB
VmallocTotal:   251658176 kB
VmallocUsed:      136188 kB
VmallocChunk:   251426860 kB
Time pass: 364 sec

---2015-12-05 14:07:44
MemTotal:        2873608 kB
MemFree:          132352 kB
Buffers:           14120 kB
Cached:           887564 kB
SwapCached:           16 kB
Active:          1293068 kB
Inactive:         633164 kB
Active(anon):     817572 kB
Inactive(anon):   221236 kB
Active(file):     475496 kB
Inactive(file):   411928 kB
Unevictable:       13568 kB
Mlocked:               0 kB
SwapTotal:        718400 kB
SwapFree:         708608 kB
Dirty:                 4 kB
Writeback:             0 kB
AnonPages:       1037968 kB
Mapped:           611024 kB
Shmem:               692 kB
Slab:              99132 kB
SReclaimable:      31788 kB
SUnreclaim:        67344 kB
KernelStack:       38528 kB
PageTables:        49824 kB
NFS_Unstable:          0 kB
Bounce:                0 kB
WritebackTmp:          0 kB
CommitLimit:     2155204 kB
Committed_AS:   119059340 kB
VmallocTotal:   251658176 kB
VmallocUsed:      136188 kB
VmallocChunk:   251426860 kB
Time pass: 368 sec

---2015-12-05 14:07:44
MemTotal:        2873608 kB
MemFree:          132456 kB
Buffers:           14136 kB
Cached:           887600 kB
SwapCached:           16 kB
Active:          1292768 kB
Inactive:         633216 kB
Active(anon):     817272 kB
Inactive(anon):   221264 kB
Active(file):     475496 kB
Inactive(file):   411952 kB
Unevictable:       13568 kB
Mlocked:               0 kB
SwapTotal:        718400 kB
SwapFree:         708608 kB
Dirty:                44 kB
Writeback:             0 kB
AnonPages:       1037872 kB
Mapped:           610980 kB
Shmem:               720 kB
Slab:              99132 kB
SReclaimable:      31788 kB
SUnreclaim:        67344 kB
KernelStack:       38528 kB
PageTables:        49796 kB
NFS_Unstable:          0 kB
Bounce:                0 kB
WritebackTmp:          0 kB
CommitLimit:     2155204 kB
Committed_AS:   119059348 kB
VmallocTotal:   251658176 kB
VmallocUsed:      136188 kB
VmallocChunk:   251426860 kB
Time pass: 372 sec

---2015-12-05 14:07:44
MemTotal:        2873608 kB
MemFree:          132160 kB
Buffers:           14136 kB
Cached:           887604 kB
SwapCached:           16 kB
Active:          1293128 kB
Inactive:         633220 kB
Active(anon):     817632 kB
Inactive(anon):   221268 kB
Active(file):     475496 kB
Inactive(file):   411952 kB
Unevictable:       13568 kB
Mlocked:               0 kB
SwapTotal:        718400 kB
SwapFree:         708608 kB
Dirty:                 0 kB
Writeback:             0 kB
AnonPages:       1038196 kB
Mapped:           611076 kB
Shmem:               724 kB
Slab:              99128 kB
SReclaimable:      31788 kB
SUnreclaim:        67340 kB
KernelStack:       38528 kB
PageTables:        49824 kB
NFS_Unstable:          0 kB
Bounce:                0 kB
WritebackTmp:          0 kB
CommitLimit:     2155204 kB
Committed_AS:   119059420 kB
VmallocTotal:   251658176 kB
VmallocUsed:      136188 kB
VmallocChunk:   251426860 kB
Time pass: 376 sec

---2015-12-05 14:07:44
MemTotal:        2873608 kB
MemFree:          131800 kB
Buffers:           14144 kB
Cached:           887604 kB
SwapCached:           16 kB
Active:          1293552 kB
Inactive:         633228 kB
Active(anon):     818056 kB
Inactive(anon):   221268 kB
Active(file):     475496 kB
Inactive(file):   411960 kB
Unevictable:       13568 kB
Mlocked:               0 kB
SwapTotal:        718400 kB
SwapFree:         708608 kB
Dirty:                32 kB
Writeback:             0 kB
AnonPages:       1038696 kB
Mapped:           611080 kB
Shmem:               724 kB
Slab:              99128 kB
SReclaimable:      31788 kB
SUnreclaim:        67340 kB
KernelStack:       38528 kB
PageTables:        49832 kB
NFS_Unstable:          0 kB
Bounce:                0 kB
WritebackTmp:          0 kB
CommitLimit:     2155204 kB
Committed_AS:   119059376 kB
VmallocTotal:   251658176 kB
VmallocUsed:      136188 kB
VmallocChunk:   251426860 kB
Time pass: 380 sec

---2015-12-05 14:07:44
MemTotal:        2873608 kB
MemFree:          131636 kB
Buffers:           14144 kB
Cached:           887604 kB
SwapCached:           16 kB
Active:          1293816 kB
Inactive:         633228 kB
Active(anon):     818320 kB
Inactive(anon):   221268 kB
Active(file):     475496 kB
Inactive(file):   411960 kB
Unevictable:       13568 kB
Mlocked:               0 kB
SwapTotal:        718400 kB
SwapFree:         708608 kB
Dirty:                 4 kB
Writeback:             0 kB
AnonPages:       1038736 kB
Mapped:           611080 kB
Shmem:               724 kB
Slab:              99128 kB
SReclaimable:      31788 kB
SUnreclaim:        67340 kB
KernelStack:       38528 kB
PageTables:        49832 kB
NFS_Unstable:          0 kB
Bounce:                0 kB
WritebackTmp:          0 kB
CommitLimit:     2155204 kB
Committed_AS:   119059404 kB
VmallocTotal:   251658176 kB
VmallocUsed:      136188 kB
VmallocChunk:   251426860 kB
Time pass: 383 sec

---2015-12-05 14:07:44
MemTotal:        2873608 kB
MemFree:          131576 kB
Buffers:           14152 kB
Cached:           887604 kB
SwapCached:           16 kB
Active:          1293800 kB
Inactive:         633236 kB
Active(anon):     818304 kB
Inactive(anon):   221268 kB
Active(file):     475496 kB
Inactive(file):   411968 kB
Unevictable:       13568 kB
Mlocked:               0 kB
SwapTotal:        718400 kB
SwapFree:         708608 kB
Dirty:                 4 kB
Writeback:             0 kB
AnonPages:       1038944 kB
Mapped:           611096 kB
Shmem:               724 kB
Slab:              99128 kB
SReclaimable:      31788 kB
SUnreclaim:        67340 kB
KernelStack:       38560 kB
PageTables:        49820 kB
NFS_Unstable:          0 kB
Bounce:                0 kB
WritebackTmp:          0 kB
CommitLimit:     2155204 kB
Committed_AS:   119059436 kB
VmallocTotal:   251658176 kB
VmallocUsed:      136188 kB
VmallocChunk:   251426860 kB
Time pass: 387 sec

---2015-12-05 14:07:44
MemTotal:        2873608 kB
MemFree:          131440 kB
Buffers:           14152 kB
