---2015-12-08 17:44:29
MemTotal:        1350964 kB
MemFree:           43164 kB
Buffers:            8816 kB
Cached:           677924 kB
SwapCached:            0 kB
Active:           604400 kB
Inactive:         514452 kB
Active(anon):     434160 kB
Inactive(anon):     1280 kB
Active(file):     170240 kB
Inactive(file):   513172 kB
Unevictable:        1988 kB
Mlocked:               0 kB
HighTotal:        802816 kB
HighFree:           6240 kB
LowTotal:         548148 kB
LowFree:           36924 kB
SwapTotal:             0 kB
SwapFree:              0 kB
Dirty:                 0 kB
Writeback:             0 kB
AnonPages:        434224 kB
Mapped:           194856 kB
Shmem:              1324 kB
Slab:              32624 kB
SReclaimable:      11564 kB
SUnreclaim:        21060 kB
KernelStack:        9176 kB
PageTables:        18780 kB
NFS_Unstable:          0 kB
Bounce:                0 kB
WritebackTmp:          0 kB
CommitLimit:      675480 kB
Committed_AS:   45840276 kB
VmallocTotal:     253952 kB
VmallocUsed:       90680 kB
VmallocChunk:      53252 kB
Time pass: 3 sec

---2015-12-08 17:44:29
MemTotal:        1350964 kB
MemFree:           43288 kB
Buffers:            8816 kB
Cached:           677924 kB
SwapCached:            0 kB
Active:           604504 kB
Inactive:         514468 kB
Active(anon):     434264 kB
Inactive(anon):     1280 kB
Active(file):     170240 kB
Inactive(file):   513188 kB
Unevictable:        1988 kB
Mlocked:               0 kB
HighTotal:        802816 kB
HighFree:           6340 kB
LowTotal:         548148 kB
LowFree:           36948 kB
SwapTotal:             0 kB
SwapFree:              0 kB
Dirty:                 0 kB
Writeback:             0 kB
AnonPages:        434176 kB
Mapped:           194860 kB
Shmem:              1324 kB
Slab:              32580 kB
SReclaimable:      11564 kB
SUnreclaim:        21016 kB
KernelStack:        9176 kB
PageTables:        18776 kB
NFS_Unstable:          0 kB
Bounce:                0 kB
WritebackTmp:          0 kB
CommitLimit:      675480 kB
Committed_AS:   45840220 kB
VmallocTotal:     253952 kB
VmallocUsed:       90680 kB
VmallocChunk:      53252 kB
Time pass: 7 sec

---2015-12-08 17:44:29
MemTotal:        1350964 kB
MemFree:           43264 kB
Buffers:            8816 kB
Cached:           677924 kB
SwapCached:            0 kB
Active:           604552 kB
Inactive:         514456 kB
Active(anon):     434300 kB
Inactive(anon):     1280 kB
Active(file):     170252 kB
Inactive(file):   513176 kB
Unevictable:        1988 kB
Mlocked:               0 kB
HighTotal:        802816 kB
HighFree:           6340 kB
LowTotal:         548148 kB
LowFree:           36924 kB
SwapTotal:             0 kB
SwapFree:              0 kB
Dirty:                 0 kB
Writeback:             0 kB
AnonPages:        434356 kB
Mapped:           195008 kB
Shmem:              1324 kB
Slab:              32572 kB
SReclaimable:      11564 kB
SUnreclaim:        21008 kB
KernelStack:        9176 kB
PageTables:        18780 kB
NFS_Unstable:          0 kB
Bounce:                0 kB
WritebackTmp:          0 kB
CommitLimit:      675480 kB
Committed_AS:   45840232 kB
VmallocTotal:     253952 kB
VmallocUsed:       90680 kB
VmallocChunk:      53252 kB
Time pass: 10 sec

---2015-12-08 17:44:29
MemTotal:        1350964 kB
MemFree:           42824 kB
Buffers:            8816 kB
Cached:           677924 kB
SwapCached:            0 kB
Active:           604592 kB
Inactive:         514456 kB
Active(anon):     434340 kB
Inactive(anon):     1280 kB
Active(file):     170252 kB
Inactive(file):   513176 kB
Unevictable:        1988 kB
Mlocked:               0 kB
HighTotal:        802816 kB
HighFree:           5868 kB
LowTotal:         548148 kB
LowFree:           36956 kB
SwapTotal:             0 kB
SwapFree:              0 kB
Dirty:                 0 kB
Writeback:             0 kB
AnonPages:        434244 kB
Mapped:           195008 kB
Shmem:              1324 kB
Slab:              32600 kB
SReclaimable:      11564 kB
SUnreclaim:        21036 kB
KernelStack:        9168 kB
PageTables:        18780 kB
NFS_Unstable:          0 kB
Bounce:                0 kB
WritebackTmp:          0 kB
CommitLimit:      675480 kB
Committed_AS:   45840116 kB
VmallocTotal:     253952 kB
VmallocUsed:       90680 kB
VmallocChunk:      53252 kB
Time pass: 14 sec

---2015-12-08 17:44:29
MemTotal:        1350964 kB
MemFree:           43048 kB
Buffers:            8816 kB
Cached:           677924 kB
SwapCached:            0 kB
Active:           604704 kB
Inactive:         514456 kB
Active(anon):     434452 kB
Inactive(anon):     1280 kB
Active(file):     170252 kB
Inactive(file):   513176 kB
Unevictable:        1988 kB
Mlocked:               0 kB
HighTotal:        802816 kB
HighFree:           6116 kB
LowTotal:         548148 kB
LowFree:           36932 kB
SwapTotal:             0 kB
SwapFree:              0 kB
Dirty:                 0 kB
Writeback:             0 kB
AnonPages:        434300 kB
Mapped:           195008 kB
Shmem:              1324 kB
Slab:              32664 kB
SReclaimable:      11564 kB
SUnreclaim:        21100 kB
KernelStack:        9168 kB
PageTables:        18776 kB
NFS_Unstable:          0 kB
Bounce:                0 kB
WritebackTmp:          0 kB
CommitLimit:      675480 kB
Committed_AS:   45840184 kB
VmallocTotal:     253952 kB
VmallocUsed:       90680 kB
VmallocChunk:      53252 kB
Time pass: 17 sec

---2015-12-08 17:44:29
MemTotal:        1350964 kB
MemFree:           19960 kB
Buffers:            8652 kB
Cached:           686324 kB
SwapCached:            0 kB
Active:           616060 kB
Inactive:         521468 kB
Active(anon):     444748 kB
Inactive(anon):     1280 kB
Active(file):     171312 kB
Inactive(file):   520188 kB
Unevictable:        1988 kB
Mlocked:               0 kB
HighTotal:        802816 kB
HighFree:           2228 kB
LowTotal:         548148 kB
LowFree:           17732 kB
SwapTotal:             0 kB
SwapFree:              0 kB
Dirty:               796 kB
Writeback:             0 kB
AnonPages:        444852 kB
Mapped:           209488 kB
Shmem:              1324 kB
Slab:              32676 kB
SReclaimable:      11628 kB
SUnreclaim:        21048 kB
KernelStack:        9360 kB
PageTables:        19272 kB
NFS_Unstable:          0 kB
Bounce:                0 kB
WritebackTmp:          0 kB
CommitLimit:      675480 kB
Committed_AS:   46748500 kB
VmallocTotal:     253952 kB
VmallocUsed:       92472 kB
VmallocChunk:      53252 kB
Time pass: 21 sec

---2015-12-08 17:44:29
MemTotal:        1350964 kB
MemFree:           33644 kB
Buffers:            8156 kB
Cached:           622504 kB
SwapCached:            0 kB
Active:           641076 kB
Inactive:         454180 kB
Active(anon):     466668 kB
Inactive(anon):     1412 kB
Active(file):     174408 kB
Inactive(file):   452768 kB
Unevictable:        1988 kB
Mlocked:               0 kB
HighTotal:        802816 kB
HighFree:           3628 kB
LowTotal:         548148 kB
LowFree:           30016 kB
SwapTotal:             0 kB
SwapFree:              0 kB
Dirty:               324 kB
Writeback:             0 kB
AnonPages:        466676 kB
Mapped:           218704 kB
Shmem:              1456 kB
Slab:              32840 kB
SReclaimable:      11724 kB
SUnreclaim:        21116 kB
KernelStack:        9616 kB
PageTables:        19488 kB
NFS_Unstable:          0 kB
Bounce:                0 kB
WritebackTmp:          0 kB
CommitLimit:      675480 kB
Committed_AS:   46804820 kB
VmallocTotal:     253952 kB
VmallocUsed:       92912 kB
VmallocChunk:      53252 kB
Time pass: 24 sec

---2015-12-08 17:44:29
MemTotal:        1350964 kB
MemFree:           36104 kB
Buffers:            7864 kB
Cached:           609152 kB
SwapCached:            0 kB
Active:           646104 kB
Inactive:         436576 kB
Active(anon):     467816 kB
Inactive(anon):     1412 kB
Active(file):     178288 kB
Inactive(file):   435164 kB
Unevictable:        1988 kB
Mlocked:               0 kB
HighTotal:        802816 kB
HighFree:           5720 kB
LowTotal:         548148 kB
LowFree:           30384 kB
SwapTotal:             0 kB
SwapFree:              0 kB
Dirty:               456 kB
Writeback:             0 kB
AnonPages:        467892 kB
Mapped:           219276 kB
Shmem:              1456 kB
Slab:              33000 kB
SReclaimable:      11796 kB
SUnreclaim:        21204 kB
KernelStack:        9656 kB
PageTables:        19532 kB
NFS_Unstable:          0 kB
Bounce:                0 kB
WritebackTmp:          0 kB
CommitLimit:      675480 kB
Committed_AS:   46818232 kB
VmallocTotal:     253952 kB
VmallocUsed:       92912 kB
VmallocChunk:      53252 kB
Time pass: 28 sec

---2015-12-08 17:44:29
MemTotal:        1350964 kB
MemFree:           34384 kB
Buffers:            7676 kB
Cached:           599380 kB
SwapCached:            0 kB
Active:           648028 kB
Inactive:         426068 kB
Active(anon):     469072 kB
Inactive(anon):     1412 kB
Active(file):     178956 kB
Inactive(file):   424656 kB
Unevictable:        1988 kB
Mlocked:               0 kB
HighTotal:        802816 kB
HighFree:           3488 kB
LowTotal:         548148 kB
LowFree:           30896 kB
SwapTotal:             0 kB
SwapFree:              0 kB
Dirty:               196 kB
Writeback:             0 kB
AnonPages:        468980 kB
Mapped:           219384 kB
Shmem:              1456 kB
Slab:              33012 kB
SReclaimable:      11800 kB
SUnreclaim:        21212 kB
KernelStack:        9656 kB
PageTables:        19560 kB
NFS_Unstable:          0 kB
Bounce:                0 kB
WritebackTmp:          0 kB
CommitLimit:      675480 kB
Committed_AS:   46832080 kB
VmallocTotal:     253952 kB
VmallocUsed:       92912 kB
VmallocChunk:      53252 kB
Time pass: 31 sec

---2015-12-08 17:44:29
MemTotal:        1350964 kB
MemFree:           34116 kB
Buffers:            7684 kB
Cached:           599380 kB
SwapCached:            0 kB
Active:           647940 kB
Inactive:         426064 kB
Active(anon):     468984 kB
Inactive(anon):     1412 kB
Active(file):     178956 kB
Inactive(file):   424652 kB
Unevictable:        1988 kB
Mlocked:               0 kB
HighTotal:        802816 kB
HighFree:           3452 kB
LowTotal:         548148 kB
LowFree:           30664 kB
SwapTotal:             0 kB
SwapFree:              0 kB
Dirty:                68 kB
Writeback:             0 kB
AnonPages:        469004 kB
Mapped:           219392 kB
Shmem:              1456 kB
Slab:              33072 kB
SReclaimable:      11804 kB
SUnreclaim:        21268 kB
KernelStack:        9656 kB
PageTables:        19564 kB
NFS_Unstable:          0 kB
Bounce:                0 kB
WritebackTmp:          0 kB
CommitLimit:      675480 kB
Committed_AS:   46832088 kB
VmallocTotal:     253952 kB
VmallocUsed:       92912 kB
VmallocChunk:      53252 kB
Time pass: 35 sec

---2015-12-08 17:44:29
MemTotal:        1350964 kB
MemFree:           32508 kB
Buffers:            7388 kB
Cached:           554016 kB
SwapCached:            0 kB
Active:           665304 kB
Inactive:         380108 kB
Active(anon):     486040 kB
Inactive(anon):     1412 kB
Active(file):     179264 kB
Inactive(file):   378696 kB
Unevictable:        1988 kB
Mlocked:               0 kB
HighTotal:        802816 kB
HighFree:           2708 kB
LowTotal:         548148 kB
LowFree:           29800 kB
SwapTotal:             0 kB
SwapFree:              0 kB
Dirty:                76 kB
Writeback:             0 kB
AnonPages:        486156 kB
Mapped:           219856 kB
Shmem:              1456 kB
Slab:              33008 kB
SReclaimable:      11812 kB
SUnreclaim:        21196 kB
KernelStack:        9672 kB
PageTables:        19812 kB
NFS_Unstable:          0 kB
Bounce:                0 kB
WritebackTmp:          0 kB
CommitLimit:      675480 kB
Committed_AS:   46952832 kB
VmallocTotal:     253952 kB
VmallocUsed:       93364 kB
VmallocChunk:      53252 kB
Time pass: 38 sec

---2015-12-08 17:44:29
MemTotal:        1350964 kB
MemFree:           36392 kB
Buffers:            7372 kB
Cached:           549112 kB
SwapCached:            0 kB
Active:           668340 kB
Inactive:         374576 kB
Active(anon):     488464 kB
Inactive(anon):     1412 kB
Active(file):     179876 kB
Inactive(file):   373164 kB
Unevictable:        1988 kB
Mlocked:               0 kB
HighTotal:        802816 kB
HighFree:           4196 kB
LowTotal:         548148 kB
LowFree:           32196 kB
SwapTotal:             0 kB
SwapFree:              0 kB
Dirty:                44 kB
Writeback:             0 kB
AnonPages:        488544 kB
Mapped:           219964 kB
Shmem:              1456 kB
Slab:              33036 kB
SReclaimable:      11812 kB
SUnreclaim:        21224 kB
KernelStack:        9672 kB
PageTables:        19808 kB
NFS_Unstable:          0 kB
Bounce:                0 kB
WritebackTmp:          0 kB
CommitLimit:      675480 kB
Committed_AS:   46951036 kB
VmallocTotal:     253952 kB
VmallocUsed:       93364 kB
VmallocChunk:      53252 kB
Time pass: 42 sec

---2015-12-08 17:44:29
MemTotal:        1350964 kB
MemFree:           48324 kB
Buffers:            7424 kB
Cached:           550736 kB
SwapCached:            0 kB
Active:           678148 kB
Inactive:         376060 kB
Active(anon):     498088 kB
Inactive(anon):     1416 kB
Active(file):     180060 kB
Inactive(file):   374644 kB
Unevictable:        1988 kB
Mlocked:               0 kB
HighTotal:        802816 kB
HighFree:           6520 kB
LowTotal:         548148 kB
LowFree:           41804 kB
SwapTotal:             0 kB
SwapFree:              0 kB
Dirty:               168 kB
Writeback:             0 kB
AnonPages:        498308 kB
Mapped:           223216 kB
Shmem:              1460 kB
Slab:              33092 kB
SReclaimable:      11828 kB
SUnreclaim:        21264 kB
KernelStack:        9704 kB
PageTables:        19796 kB
NFS_Unstable:          0 kB
Bounce:                0 kB
WritebackTmp:          0 kB
CommitLimit:      675480 kB
Committed_AS:   46930996 kB
VmallocTotal:     253952 kB
VmallocUsed:       93364 kB
VmallocChunk:      53252 kB
Time pass: 45 sec

---2015-12-08 17:44:29
MemTotal:        1350964 kB
MemFree:           33504 kB
Buffers:            7436 kB
Cached:           552004 kB
SwapCached:            0 kB
Active:           681780 kB
Inactive:         377288 kB
Active(anon):     501608 kB
Inactive(anon):     1416 kB
Active(file):     180172 kB
Inactive(file):   375872 kB
Unevictable:        1988 kB
Mlocked:               0 kB
HighTotal:        802816 kB
HighFree:           1080 kB
LowTotal:         548148 kB
LowFree:           32424 kB
SwapTotal:             0 kB
SwapFree:              0 kB
Dirty:               352 kB
Writeback:             0 kB
AnonPages:        501672 kB
Mapped:           223376 kB
Shmem:              1460 kB
Slab:              33120 kB
SReclaimable:      11828 kB
SUnreclaim:        21292 kB
KernelStack:        9720 kB
PageTables:        19820 kB
NFS_Unstable:          0 kB
Bounce:                0 kB
WritebackTmp:          0 kB
CommitLimit:      675480 kB
Committed_AS:   46943128 kB
VmallocTotal:     253952 kB
VmallocUsed:       93364 kB
VmallocChunk:      53252 kB
Time pass: 49 sec

---2015-12-08 17:44:29
MemTotal:        1350964 kB
MemFree:           33304 kB
Buffers:            7412 kB
Cached:           547860 kB
SwapCached:            0 kB
Active:           682144 kB
Inactive:         373052 kB
Active(anon):     501956 kB
Inactive(anon):     1416 kB
Active(file):     180188 kB
Inactive(file):   371636 kB
Unevictable:        1988 kB
Mlocked:               0 kB
HighTotal:        802816 kB
HighFree:           2072 kB
LowTotal:         548148 kB
LowFree:           31232 kB
SwapTotal:             0 kB
SwapFree:              0 kB
Dirty:               384 kB
Writeback:             0 kB
AnonPages:        501824 kB
Mapped:           223228 kB
Shmem:              1460 kB
Slab:              33160 kB
SReclaimable:      11828 kB
SUnreclaim:        21332 kB
KernelStack:        9720 kB
PageTables:        19836 kB
NFS_Unstable:          0 kB
Bounce:                0 kB
WritebackTmp:          0 kB
CommitLimit:      675480 kB
Committed_AS:   46947332 kB
VmallocTotal:     253952 kB
VmallocUsed:       93364 kB
VmallocChunk:      53252 kB
Time pass: 52 sec

---2015-12-08 17:44:29
MemTotal:        1350964 kB
MemFree:           31120 kB
Buffers:            7420 kB
Cached:           544548 kB
SwapCached:            0 kB
Active:           686644 kB
Inactive:         369764 kB
Active(anon):     506436 kB
Inactive(anon):     1416 kB
Active(file):     180208 kB
Inactive(file):   368348 kB
Unevictable:        1988 kB
Mlocked:               0 kB
HighTotal:        802816 kB
HighFree:           1528 kB
LowTotal:         548148 kB
LowFree:           29592 kB
SwapTotal:             0 kB
SwapFree:              0 kB
Dirty:                76 kB
Writeback:             0 kB
AnonPages:        506428 kB
Mapped:           223840 kB
Shmem:              1460 kB
Slab:              33144 kB
SReclaimable:      11836 kB
SUnreclaim:        21308 kB
KernelStack:        9720 kB
PageTables:        19848 kB
NFS_Unstable:          0 kB
Bounce:                0 kB
WritebackTmp:          0 kB
CommitLimit:      675480 kB
Committed_AS:   46953600 kB
VmallocTotal:     253952 kB
VmallocUsed:       93364 kB
VmallocChunk:      53252 kB
Time pass: 56 sec

---2015-12-08 17:44:29
MemTotal:        1350964 kB
MemFree:           31756 kB
Buffers:            7428 kB
Cached:           541148 kB
SwapCached:            0 kB
Active:           684896 kB
Inactive:         366220 kB
Active(anon):     504628 kB
Inactive(anon):     1416 kB
Active(file):     180268 kB
Inactive(file):   364804 kB
Unevictable:        1988 kB
Mlocked:               0 kB
HighTotal:        802816 kB
HighFree:           1232 kB
LowTotal:         548148 kB
LowFree:           30524 kB
SwapTotal:             0 kB
SwapFree:              0 kB
Dirty:                36 kB
Writeback:             0 kB
AnonPages:        504448 kB
Mapped:           223984 kB
Shmem:              1460 kB
Slab:              33272 kB
SReclaimable:      11856 kB
SUnreclaim:        21416 kB
KernelStack:        9720 kB
PageTables:        19852 kB
NFS_Unstable:          0 kB
Bounce:                0 kB
WritebackTmp:          0 kB
CommitLimit:      675480 kB
Committed_AS:   46955516 kB
VmallocTotal:     253952 kB
VmallocUsed:       93364 kB
VmallocChunk:      53252 kB
Time pass: 59 sec

---2015-12-08 17:44:29
MemTotal:        1350964 kB
MemFree:           31804 kB
Buffers:            7428 kB
Cached:           541148 kB
SwapCached:            0 kB
Active:           685036 kB
Inactive:         366276 kB
Active(anon):     504768 kB
Inactive(anon):     1416 kB
Active(file):     180268 kB
Inactive(file):   364860 kB
Unevictable:        1988 kB
Mlocked:               0 kB
HighTotal:        802816 kB
HighFree:           1280 kB
LowTotal:         548148 kB
LowFree:           30524 kB
SwapTotal:             0 kB
SwapFree:              0 kB
Dirty:                36 kB
Writeback:             0 kB
AnonPages:        504680 kB
Mapped:           223984 kB
Shmem:              1460 kB
Slab:              33288 kB
SReclaimable:      11856 kB
SUnreclaim:        21432 kB
KernelStack:        9720 kB
PageTables:        19852 kB
NFS_Unstable:          0 kB
Bounce:                0 kB
WritebackTmp:          0 kB
CommitLimit:      675480 kB
Committed_AS:   46955888 kB
VmallocTotal:     253952 kB
VmallocUsed:       93364 kB
VmallocChunk:      53252 kB
Time pass: 63 sec

---2015-12-08 17:44:29
MemTotal:        1350964 kB
MemFree:           37576 kB
Buffers:            7420 kB
Cached:           524720 kB
SwapCached:            0 kB
Active:           690568 kB
Inactive:         348612 kB
Active(anon):     509072 kB
Inactive(anon):     1416 kB
Active(file):     181496 kB
Inactive(file):   347196 kB
Unevictable:        1988 kB
Mlocked:               0 kB
HighTotal:        802816 kB
HighFree:           3588 kB
LowTotal:         548148 kB
LowFree:           33988 kB
SwapTotal:             0 kB
SwapFree:              0 kB
Dirty:               540 kB
Writeback:             0 kB
AnonPages:        508880 kB
Mapped:           224064 kB
Shmem:              1460 kB
Slab:              33244 kB
SReclaimable:      11880 kB
SUnreclaim:        21364 kB
KernelStack:        9720 kB
PageTables:        19876 kB
NFS_Unstable:          0 kB
Bounce:                0 kB
WritebackTmp:          0 kB
CommitLimit:      675480 kB
Committed_AS:   46966136 kB
VmallocTotal:     253952 kB
VmallocUsed:       93364 kB
VmallocChunk:      53252 kB
Time pass: 66 sec

---2015-12-08 17:44:29
MemTotal:        1350964 kB
MemFree:           31976 kB
Buffers:            7416 kB
Cached:           521776 kB
SwapCached:            0 kB
Active:           703640 kB
Inactive:         341072 kB
Active(anon):     517596 kB
Inactive(anon):     1416 kB
Active(file):     186044 kB
Inactive(file):   339656 kB
Unevictable:        1988 kB
Mlocked:               0 kB
HighTotal:        802816 kB
HighFree:           1704 kB
LowTotal:         548148 kB
LowFree:           30272 kB
SwapTotal:             0 kB
SwapFree:              0 kB
Dirty:               240 kB
Writeback:             0 kB
AnonPages:        517772 kB
Mapped:           227704 kB
Shmem:              1460 kB
Slab:              33380 kB
SReclaimable:      11908 kB
SUnreclaim:        21472 kB
KernelStack:        9792 kB
PageTables:        19924 kB
NFS_Unstable:          0 kB
Bounce:                0 kB
WritebackTmp:          0 kB
CommitLimit:      675480 kB
Committed_AS:   46981160 kB
VmallocTotal:     253952 kB
VmallocUsed:       93364 kB
VmallocChunk:      53252 kB
Time pass: 70 sec

---2015-12-08 17:44:29
MemTotal:        1350964 kB
MemFree:           30492 kB
Buffers:            7404 kB
Cached:           509880 kB
SwapCached:            0 kB
Active:           716676 kB
Inactive:         325540 kB
Active(anon):     526976 kB
Inactive(anon):     1532 kB
Active(file):     189700 kB
Inactive(file):   324008 kB
Unevictable:        1988 kB
Mlocked:               0 kB
HighTotal:        802816 kB
HighFree:           1604 kB
LowTotal:         548148 kB
LowFree:           28888 kB
SwapTotal:             0 kB
SwapFree:              0 kB
Dirty:                 0 kB
Writeback:             0 kB
AnonPages:        527084 kB
Mapped:           228844 kB
Shmem:              1580 kB
Slab:              33596 kB
SReclaimable:      11904 kB
SUnreclaim:        21692 kB
KernelStack:        9920 kB
PageTables:        20040 kB
NFS_Unstable:          0 kB
Bounce:                0 kB
WritebackTmp:          0 kB
CommitLimit:      675480 kB
Committed_AS:   47000296 kB
VmallocTotal:     253952 kB
VmallocUsed:       94140 kB
VmallocChunk:      53252 kB
Time pass: 74 sec

---2015-12-08 17:44:29
MemTotal:        1350964 kB
MemFree:           32328 kB
Buffers:            7412 kB
Cached:           498300 kB
SwapCached:            0 kB
Active:           723892 kB
Inactive:         311576 kB
Active(anon):     531796 kB
Inactive(anon):     1556 kB
Active(file):     192096 kB
Inactive(file):   310020 kB
Unevictable:        1988 kB
Mlocked:               0 kB
HighTotal:        802816 kB
HighFree:           2720 kB
LowTotal:         548148 kB
LowFree:           29608 kB
SwapTotal:             0 kB
SwapFree:              0 kB
Dirty:                60 kB
Writeback:             0 kB
AnonPages:        531892 kB
Mapped:           227164 kB
Shmem:              1608 kB
Slab:              33672 kB
SReclaimable:      11904 kB
SUnreclaim:        21768 kB
KernelStack:        9944 kB
PageTables:        20224 kB
NFS_Unstable:          0 kB
Bounce:                0 kB
WritebackTmp:          0 kB
CommitLimit:      675480 kB
Committed_AS:   47008376 kB
VmallocTotal:     253952 kB
VmallocUsed:       94476 kB
VmallocChunk:      53252 kB
Time pass: 78 sec

---2015-12-08 17:44:29
MemTotal:        1350964 kB
MemFree:           31672 kB
Buffers:            7428 kB
Cached:           498416 kB
SwapCached:            0 kB
Active:           724568 kB
Inactive:         311712 kB
Active(anon):     532472 kB
Inactive(anon):     1676 kB
Active(file):     192096 kB
Inactive(file):   310036 kB
Unevictable:        1988 kB
Mlocked:               0 kB
HighTotal:        802816 kB
HighFree:           1604 kB
LowTotal:         548148 kB
LowFree:           30068 kB
SwapTotal:             0 kB
SwapFree:              0 kB
Dirty:                48 kB
Writeback:             0 kB
AnonPages:        532520 kB
Mapped:           227424 kB
Shmem:              1724 kB
Slab:              33588 kB
SReclaimable:      11912 kB
SUnreclaim:        21676 kB
KernelStack:        9928 kB
PageTables:        20228 kB
NFS_Unstable:          0 kB
Bounce:                0 kB
WritebackTmp:          0 kB
CommitLimit:      675480 kB
Committed_AS:   47008660 kB
VmallocTotal:     253952 kB
VmallocUsed:       94476 kB
VmallocChunk:      53252 kB
Time pass: 81 sec

---2015-12-08 17:44:29
MemTotal:        1350964 kB
MemFree:           31732 kB
Buffers:            7436 kB
Cached:           498416 kB
SwapCached:            0 kB
Active:           724764 kB
Inactive:         311712 kB
Active(anon):     532668 kB
Inactive(anon):     1676 kB
Active(file):     192096 kB
Inactive(file):   310036 kB
Unevictable:        1988 kB
Mlocked:               0 kB
HighTotal:        802816 kB
HighFree:           1604 kB
LowTotal:         548148 kB
LowFree:           30128 kB
SwapTotal:             0 kB
SwapFree:              0 kB
Dirty:                28 kB
Writeback:             0 kB
AnonPages:        532748 kB
Mapped:           227424 kB
Shmem:              1724 kB
Slab:              33616 kB
SReclaimable:      11912 kB
SUnreclaim:        21704 kB
KernelStack:        9920 kB
PageTables:        20224 kB
NFS_Unstable:          0 kB
Bounce:                0 kB
WritebackTmp:          0 kB
CommitLimit:      675480 kB
Committed_AS:   47008512 kB
VmallocTotal:     253952 kB
VmallocUsed:       94476 kB
VmallocChunk:      53252 kB
Time pass: 85 sec

---2015-12-08 17:44:29
MemTotal:        1350964 kB
MemFree:           32660 kB
Buffers:            7452 kB
Cached:           498416 kB
SwapCached:            0 kB
Active:           723192 kB
Inactive:         311720 kB
Active(anon):     531096 kB
Inactive(anon):     1676 kB
Active(file):     192096 kB
Inactive(file):   310044 kB
Unevictable:        1988 kB
Mlocked:               0 kB
HighTotal:        802816 kB
HighFree:           2180 kB
LowTotal:         548148 kB
LowFree:           30480 kB
SwapTotal:             0 kB
SwapFree:              0 kB
Dirty:                52 kB
Writeback:             0 kB
AnonPages:        530992 kB
Mapped:           227456 kB
Shmem:              1724 kB
Slab:              33616 kB
SReclaimable:      11912 kB
SUnreclaim:        21704 kB
KernelStack:        9920 kB
PageTables:        20224 kB
NFS_Unstable:          0 kB
Bounce:                0 kB
WritebackTmp:          0 kB
CommitLimit:      675480 kB
Committed_AS:   47008580 kB
VmallocTotal:     253952 kB
VmallocUsed:       94476 kB
VmallocChunk:      53252 kB
Time pass: 88 sec

---2015-12-08 17:44:29
MemTotal:        1350964 kB
MemFree:           31888 kB
Buffers:            7468 kB
Cached:           498416 kB
SwapCached:            0 kB
Active:           724144 kB
Inactive:         311752 kB
Active(anon):     532048 kB
Inactive(anon):     1676 kB
Active(file):     192096 kB
Inactive(file):   310076 kB
Unevictable:        1988 kB
Mlocked:               0 kB
HighTotal:        802816 kB
HighFree:           1604 kB
LowTotal:         548148 kB
LowFree:           30284 kB
SwapTotal:             0 kB
SwapFree:              0 kB
Dirty:                40 kB
Writeback:             0 kB
AnonPages:        531928 kB
Mapped:           227308 kB
Shmem:              1724 kB
Slab:              33624 kB
SReclaimable:      11912 kB
SUnreclaim:        21712 kB
KernelStack:        9920 kB
PageTables:        20232 kB
NFS_Unstable:          0 kB
Bounce:                0 kB
WritebackTmp:          0 kB
CommitLimit:      675480 kB
Committed_AS:   47010536 kB
VmallocTotal:     253952 kB
VmallocUsed:       94476 kB
VmallocChunk:      53252 kB
Time pass: 92 sec

---2015-12-08 17:44:29
MemTotal:        1350964 kB
MemFree:           32316 kB
Buffers:            7468 kB
Cached:           498416 kB
SwapCached:            0 kB
Active:           724136 kB
Inactive:         311752 kB
Active(anon):     532040 kB
Inactive(anon):     1676 kB
Active(file):     192096 kB
Inactive(file):   310076 kB
Unevictable:        1988 kB
Mlocked:               0 kB
HighTotal:        802816 kB
HighFree:           1604 kB
LowTotal:         548148 kB
LowFree:           30712 kB
SwapTotal:             0 kB
SwapFree:              0 kB
Dirty:                40 kB
Writeback:             0 kB
AnonPages:        531992 kB
Mapped:           227408 kB
Shmem:              1724 kB
Slab:              33588 kB
SReclaimable:      11912 kB
SUnreclaim:        21676 kB
KernelStack:        9904 kB
PageTables:        20216 kB
NFS_Unstable:          0 kB
Bounce:                0 kB
WritebackTmp:          0 kB
CommitLimit:      675480 kB
Committed_AS:   47010436 kB
VmallocTotal:     253952 kB
VmallocUsed:       94476 kB
VmallocChunk:      53252 kB
Time pass: 95 sec

---2015-12-08 17:44:29
MemTotal:        1350964 kB
MemFree:           32580 kB
Buffers:            7492 kB
Cached:           498432 kB
SwapCached:            0 kB
Active:           724172 kB
Inactive:         311780 kB
Active(anon):     532072 kB
Inactive(anon):     1696 kB
Active(file):     192100 kB
Inactive(file):   310084 kB
Unevictable:        1988 kB
Mlocked:               0 kB
HighTotal:        802816 kB
HighFree:           1604 kB
LowTotal:         548148 kB
LowFree:           30976 kB
SwapTotal:             0 kB
SwapFree:              0 kB
Dirty:                36 kB
Writeback:             0 kB
AnonPages:        532020 kB
Mapped:           227332 kB
Shmem:              1744 kB
Slab:              33592 kB
SReclaimable:      11912 kB
SUnreclaim:        21680 kB
KernelStack:        9928 kB
PageTables:        20228 kB
NFS_Unstable:          0 kB
Bounce:                0 kB
WritebackTmp:          0 kB
CommitLimit:      675480 kB
Committed_AS:   47010320 kB
VmallocTotal:     253952 kB
VmallocUsed:       94476 kB
VmallocChunk:      53252 kB
Time pass: 99 sec

---2015-12-08 17:44:29
MemTotal:        1350964 kB
MemFree:           32660 kB
Buffers:            7492 kB
Cached:           498436 kB
SwapCached:            0 kB
Active:           724304 kB
Inactive:         311796 kB
Active(anon):     532208 kB
Inactive(anon):     1696 kB
Active(file):     192096 kB
Inactive(file):   310100 kB
Unevictable:        1988 kB
Mlocked:               0 kB
HighTotal:        802816 kB
HighFree:           2224 kB
LowTotal:         548148 kB
LowFree:           30436 kB
SwapTotal:             0 kB
SwapFree:              0 kB
Dirty:                 0 kB
Writeback:             0 kB
AnonPages:        532028 kB
Mapped:           227480 kB
Shmem:              1744 kB
Slab:              33700 kB
SReclaimable:      11912 kB
SUnreclaim:        21788 kB
KernelStack:        9928 kB
PageTables:        20228 kB
NFS_Unstable:          0 kB
Bounce:                0 kB
WritebackTmp:          0 kB
CommitLimit:      675480 kB
Committed_AS:   47010272 kB
VmallocTotal:     253952 kB
VmallocUsed:       94476 kB
VmallocChunk:      53252 kB
Time pass: 103 sec

---2015-12-08 17:44:29
MemTotal:        1350964 kB
MemFree:           33184 kB
Buffers:            7500 kB
Cached:           498464 kB
SwapCached:            0 kB
Active:           723120 kB
Inactive:         311832 kB
Active(anon):     531024 kB
Inactive(anon):     1724 kB
Active(file):     192096 kB
Inactive(file):   310108 kB
Unevictable:        1988 kB
Mlocked:               0 kB
HighTotal:        802816 kB
HighFree:           1604 kB
LowTotal:         548148 kB
LowFree:           31580 kB
SwapTotal:             0 kB
SwapFree:              0 kB
Dirty:                28 kB
Writeback:             0 kB
AnonPages:        531036 kB
Mapped:           227508 kB
Shmem:              1772 kB
Slab:              33664 kB
SReclaimable:      11912 kB
SUnreclaim:        21752 kB
KernelStack:        9904 kB
PageTables:        20232 kB
NFS_Unstable:          0 kB
Bounce:                0 kB
WritebackTmp:          0 kB
CommitLimit:      675480 kB
Committed_AS:   47009108 kB
VmallocTotal:     253952 kB
VmallocUsed:       94476 kB
VmallocChunk:      53252 kB
Time pass: 107 sec

---2015-12-08 17:44:29
MemTotal:        1350964 kB
MemFree:           32572 kB
Buffers:            7500 kB
Cached:           498464 kB
SwapCached:            0 kB
Active:           723128 kB
Inactive:         311832 kB
Active(anon):     531032 kB
Inactive(anon):     1724 kB
Active(file):     192096 kB
Inactive(file):   310108 kB
Unevictable:        1988 kB
Mlocked:               0 kB
HighTotal:        802816 kB
HighFree:           1604 kB
LowTotal:         548148 kB
LowFree:           30968 kB
SwapTotal:             0 kB
SwapFree:              0 kB
Dirty:                 0 kB
Writeback:             0 kB
AnonPages:        530996 kB
Mapped:           227460 kB
Shmem:              1772 kB
Slab:              33644 kB
SReclaimable:      11912 kB
SUnreclaim:        21732 kB
KernelStack:        9904 kB
PageTables:        20216 kB
NFS_Unstable:          0 kB
Bounce:                0 kB
WritebackTmp:          0 kB
CommitLimit:      675480 kB
Committed_AS:   47009092 kB
VmallocTotal:     253952 kB
VmallocUsed:       94476 kB
VmallocChunk:      53252 kB
Time pass: 111 sec

---2015-12-08 17:44:29
MemTotal:        1350964 kB
MemFree:           32664 kB
Buffers:            7500 kB
Cached:           498464 kB
SwapCached:            0 kB
Active:           723128 kB
Inactive:         311832 kB
Active(anon):     531032 kB
Inactive(anon):     1724 kB
Active(file):     192096 kB
Inactive(file):   310108 kB
Unevictable:        1988 kB
Mlocked:               0 kB
HighTotal:        802816 kB
HighFree:           1604 kB
LowTotal:         548148 kB
LowFree:           31060 kB
SwapTotal:             0 kB
SwapFree:              0 kB
Dirty:                 0 kB
Writeback:             0 kB
AnonPages:        531000 kB
Mapped:           227360 kB
Shmem:              1772 kB
Slab:              33652 kB
SReclaimable:      11912 kB
SUnreclaim:        21740 kB
KernelStack:        9904 kB
PageTables:        20232 kB
NFS_Unstable:          0 kB
Bounce:                0 kB
WritebackTmp:          0 kB
CommitLimit:      675480 kB
Committed_AS:   47009076 kB
VmallocTotal:     253952 kB
VmallocUsed:       94476 kB
VmallocChunk:      53252 kB
Time pass: 114 sec

---2015-12-08 17:44:29
MemTotal:        1350964 kB
MemFree:           46372 kB
Buffers:            7472 kB
Cached:           491352 kB
SwapCached:            0 kB
Active:           721828 kB
Inactive:         303204 kB
Active(anon):     528336 kB
Inactive(anon):     1416 kB
Active(file):     193492 kB
Inactive(file):   301788 kB
Unevictable:        1988 kB
Mlocked:               0 kB
HighTotal:        802816 kB
HighFree:           7732 kB
LowTotal:         548148 kB
LowFree:           38640 kB
SwapTotal:             0 kB
SwapFree:              0 kB
Dirty:                 4 kB
Writeback:             0 kB
AnonPages:        527944 kB
Mapped:           226752 kB
Shmem:              1460 kB
Slab:              33656 kB
SReclaimable:      11912 kB
SUnreclaim:        21744 kB
KernelStack:        9840 kB
PageTables:        20076 kB
NFS_Unstable:          0 kB
Bounce:                0 kB
WritebackTmp:          0 kB
CommitLimit:      675480 kB
Committed_AS:   46987260 kB
VmallocTotal:     253952 kB
VmallocUsed:       94280 kB
VmallocChunk:      53252 kB
Time pass: 118 sec

---2015-12-08 17:44:29
MemTotal:        1350964 kB
MemFree:          210136 kB
Buffers:            7504 kB
Cached:           491192 kB
SwapCached:            0 kB
Active:           647032 kB
Inactive:         302728 kB
Active(anon):     453144 kB
Inactive(anon):     1156 kB
Active(file):     193888 kB
Inactive(file):   301572 kB
Unevictable:        1988 kB
Mlocked:               0 kB
HighTotal:        802816 kB
HighFree:          96628 kB
LowTotal:         548148 kB
LowFree:          113508 kB
SwapTotal:             0 kB
SwapFree:              0 kB
Dirty:                68 kB
Writeback:             0 kB
AnonPages:        453004 kB
Mapped:           189320 kB
Shmem:              1200 kB
Slab:              33432 kB
SReclaimable:      11912 kB
SUnreclaim:        21520 kB
KernelStack:        9000 kB
PageTables:        18444 kB
NFS_Unstable:          0 kB
Bounce:                0 kB
WritebackTmp:          0 kB
CommitLimit:      675480 kB
Committed_AS:   45045740 kB
VmallocTotal:     253952 kB
VmallocUsed:       90924 kB
VmallocChunk:      53252 kB
Time pass: 121 sec

---2015-12-08 17:44:29
MemTotal:        1350964 kB
MemFree:          210440 kB
Buffers:            7512 kB
Cached:           491152 kB
SwapCached:            0 kB
Active:           648236 kB
Inactive:         302744 kB
Active(anon):     454348 kB
Inactive(anon):     1152 kB
Active(file):     193888 kB
Inactive(file):   301592 kB
Unevictable:        1988 kB
Mlocked:               0 kB
HighTotal:        802816 kB
HighFree:          96576 kB
LowTotal:         548148 kB
LowFree:          113864 kB
SwapTotal:             0 kB
SwapFree:              0 kB
Dirty:                 0 kB
Writeback:             0 kB
AnonPages:        454440 kB
Mapped:           189356 kB
Shmem:              1196 kB
Slab:              33368 kB
SReclaimable:      11912 kB
SUnreclaim:        21456 kB
KernelStack:        8872 kB
PageTables:        18476 kB
NFS_Unstable:          0 kB
Bounce:                0 kB
WritebackTmp:          0 kB
CommitLimit:      675480 kB
Committed_AS:   45047256 kB
VmallocTotal:     253952 kB
VmallocUsed:       90924 kB
VmallocChunk:      53252 kB
Time pass: 124 sec

---2015-12-08 17:44:29
MemTotal:        1350964 kB
MemFree:          177412 kB
Buffers:            7556 kB
Cached:           491172 kB
SwapCached:            0 kB
Active:           661096 kB
Inactive:         302360 kB
Active(anon):     466760 kB
Inactive(anon):     1152 kB
Active(file):     194336 kB
Inactive(file):   301208 kB
Unevictable:        1988 kB
Mlocked:               0 kB
HighTotal:        802816 kB
HighFree:          83804 kB
LowTotal:         548148 kB
LowFree:           93608 kB
SwapTotal:             0 kB
SwapFree:              0 kB
Dirty:               796 kB
Writeback:             0 kB
AnonPages:        466680 kB
Mapped:           206340 kB
Shmem:              1196 kB
Slab:              33340 kB
SReclaimable:      11912 kB
SUnreclaim:        21428 kB
KernelStack:        9064 kB
PageTables:        18984 kB
NFS_Unstable:          0 kB
Bounce:                0 kB
WritebackTmp:          0 kB
CommitLimit:      675480 kB
Committed_AS:   45982224 kB
VmallocTotal:     253952 kB
VmallocUsed:       92708 kB
VmallocChunk:      53252 kB
Time pass: 128 sec

---2015-12-08 17:44:29
MemTotal:        1350964 kB
MemFree:          147288 kB
Buffers:            7568 kB
Cached:           491620 kB
SwapCached:            0 kB
Active:           669888 kB
Inactive:         302716 kB
Active(anon):     475448 kB
Inactive(anon):     1280 kB
Active(file):     194440 kB
Inactive(file):   301436 kB
Unevictable:        1988 kB
Mlocked:               0 kB
HighTotal:        802816 kB
HighFree:          56028 kB
LowTotal:         548148 kB
LowFree:           91260 kB
SwapTotal:             0 kB
SwapFree:              0 kB
Dirty:               256 kB
Writeback:             0 kB
AnonPages:        475564 kB
Mapped:           211596 kB
Shmem:              1324 kB
Slab:              33460 kB
SReclaimable:      11912 kB
SUnreclaim:        21548 kB
KernelStack:        9312 kB
PageTables:        19164 kB
NFS_Unstable:          0 kB
Bounce:                0 kB
WritebackTmp:          0 kB
CommitLimit:      675480 kB
Committed_AS:   46019296 kB
VmallocTotal:     253952 kB
VmallocUsed:       92824 kB
VmallocChunk:      53252 kB
Time pass: 131 sec

---2015-12-08 17:44:29
MemTotal:        1350964 kB
MemFree:          120820 kB
Buffers:            7568 kB
Cached:           492288 kB
SwapCached:            0 kB
Active:           685232 kB
Inactive:         303308 kB
Active(anon):     490764 kB
Inactive(anon):     1284 kB
Active(file):     194468 kB
Inactive(file):   302024 kB
Unevictable:        1988 kB
Mlocked:               0 kB
HighTotal:        802816 kB
HighFree:          30608 kB
LowTotal:         548148 kB
LowFree:           90212 kB
SwapTotal:             0 kB
SwapFree:              0 kB
Dirty:                20 kB
Writeback:            68 kB
AnonPages:        490668 kB
Mapped:           213020 kB
Shmem:              1328 kB
Slab:              33452 kB
SReclaimable:      11912 kB
SUnreclaim:        21540 kB
KernelStack:        9448 kB
PageTables:        19476 kB
NFS_Unstable:          0 kB
Bounce:                0 kB
WritebackTmp:          0 kB
CommitLimit:      675480 kB
Committed_AS:   46836004 kB
VmallocTotal:     253952 kB
VmallocUsed:       93844 kB
VmallocChunk:      53252 kB
Time pass: 135 sec

---2015-12-08 17:44:29
MemTotal:        1350964 kB
MemFree:          107964 kB
Buffers:            7608 kB
Cached:           492452 kB
SwapCached:            0 kB
Active:           689244 kB
Inactive:         303288 kB
Active(anon):     494516 kB
Inactive(anon):     1284 kB
Active(file):     194728 kB
Inactive(file):   302004 kB
Unevictable:        1988 kB
Mlocked:               0 kB
HighTotal:        802816 kB
HighFree:          19424 kB
LowTotal:         548148 kB
LowFree:           88540 kB
SwapTotal:             0 kB
SwapFree:              0 kB
Dirty:               344 kB
Writeback:             0 kB
AnonPages:        494600 kB
Mapped:           213684 kB
Shmem:              1328 kB
Slab:              33532 kB
SReclaimable:      11928 kB
SUnreclaim:        21604 kB
KernelStack:        9456 kB
PageTables:        19508 kB
NFS_Unstable:          0 kB
Bounce:                0 kB
WritebackTmp:          0 kB
CommitLimit:      675480 kB
Committed_AS:   46848696 kB
VmallocTotal:     253952 kB
VmallocUsed:       93844 kB
VmallocChunk:      53252 kB
Time pass: 138 sec

---2015-12-08 17:44:29
MemTotal:        1350964 kB
MemFree:           98568 kB
Buffers:            7616 kB
Cached:           492628 kB
SwapCached:            0 kB
Active:           692424 kB
Inactive:         303220 kB
Active(anon):     497428 kB
Inactive(anon):     1284 kB
Active(file):     194996 kB
Inactive(file):   301936 kB
Unevictable:        1988 kB
Mlocked:               0 kB
HighTotal:        802816 kB
HighFree:          12008 kB
LowTotal:         548148 kB
LowFree:           86560 kB
SwapTotal:             0 kB
SwapFree:              0 kB
Dirty:               376 kB
Writeback:             0 kB
AnonPages:        497396 kB
Mapped:           213780 kB
Shmem:              1328 kB
Slab:              33544 kB
SReclaimable:      11928 kB
SUnreclaim:        21616 kB
KernelStack:        9416 kB
PageTables:        19504 kB
NFS_Unstable:          0 kB
Bounce:                0 kB
WritebackTmp:          0 kB
CommitLimit:      675480 kB
Committed_AS:   46857212 kB
VmallocTotal:     253952 kB
VmallocUsed:       93844 kB
VmallocChunk:      53252 kB
Time pass: 142 sec

---2015-12-08 17:44:29
MemTotal:        1350964 kB
MemFree:           78508 kB
Buffers:            7616 kB
Cached:           492924 kB
SwapCached:            0 kB
Active:           699012 kB
Inactive:         303068 kB
Active(anon):     503572 kB
Inactive(anon):     1284 kB
Active(file):     195440 kB
Inactive(file):   301784 kB
Unevictable:        1988 kB
Mlocked:               0 kB
HighTotal:        802816 kB
HighFree:           2352 kB
LowTotal:         548148 kB
LowFree:           76156 kB
SwapTotal:             0 kB
SwapFree:              0 kB
Dirty:               520 kB
Writeback:             0 kB
AnonPages:        503712 kB
Mapped:           214180 kB
Shmem:              1328 kB
Slab:              33576 kB
SReclaimable:      11928 kB
SUnreclaim:        21648 kB
KernelStack:        9360 kB
PageTables:        19556 kB
NFS_Unstable:          0 kB
Bounce:                0 kB
WritebackTmp:          0 kB
CommitLimit:      675480 kB
Committed_AS:   46877392 kB
VmallocTotal:     253952 kB
VmallocUsed:       93844 kB
VmallocChunk:      53252 kB
Time pass: 145 sec

---2015-12-08 17:44:29
MemTotal:        1350964 kB
MemFree:           78280 kB
Buffers:            7632 kB
Cached:           492924 kB
SwapCached:            0 kB
Active:           697248 kB
Inactive:         303084 kB
Active(anon):     501808 kB
Inactive(anon):     1284 kB
Active(file):     195440 kB
Inactive(file):   301800 kB
Unevictable:        1988 kB
Mlocked:               0 kB
HighTotal:        802816 kB
HighFree:           1576 kB
LowTotal:         548148 kB
LowFree:           76704 kB
SwapTotal:             0 kB
SwapFree:              0 kB
Dirty:               640 kB
Writeback:             0 kB
AnonPages:        501776 kB
Mapped:           214180 kB
Shmem:              1328 kB
Slab:              33560 kB
SReclaimable:      11928 kB
SUnreclaim:        21632 kB
KernelStack:        9360 kB
PageTables:        19568 kB
NFS_Unstable:          0 kB
Bounce:                0 kB
WritebackTmp:          0 kB
CommitLimit:      675480 kB
Committed_AS:   46877524 kB
VmallocTotal:     253952 kB
VmallocUsed:       93844 kB
VmallocChunk:      53252 kB
Time pass: 149 sec

---2015-12-08 17:44:29
MemTotal:        1350964 kB
MemFree:           78552 kB
Buffers:            7640 kB
Cached:           492924 kB
SwapCached:            0 kB
Active:           697224 kB
Inactive:         303084 kB
Active(anon):     501784 kB
Inactive(anon):     1284 kB
Active(file):     195440 kB
Inactive(file):   301800 kB
Unevictable:        1988 kB
Mlocked:               0 kB
HighTotal:        802816 kB
HighFree:           1576 kB
LowTotal:         548148 kB
LowFree:           76976 kB
SwapTotal:             0 kB
SwapFree:              0 kB
Dirty:                60 kB
Writeback:             0 kB
AnonPages:        501796 kB
Mapped:           214180 kB
Shmem:              1328 kB
Slab:              33612 kB
SReclaimable:      11928 kB
SUnreclaim:        21684 kB
KernelStack:        9352 kB
PageTables:        19568 kB
NFS_Unstable:          0 kB
Bounce:                0 kB
WritebackTmp:          0 kB
CommitLimit:      675480 kB
Committed_AS:   46877412 kB
VmallocTotal:     253952 kB
VmallocUsed:       93844 kB
VmallocChunk:      53252 kB
Time pass: 152 sec

---2015-12-08 17:44:29
MemTotal:        1350964 kB
MemFree:           67144 kB
Buffers:            7640 kB
Cached:           493032 kB
SwapCached:            0 kB
Active:           707240 kB
Inactive:         303124 kB
Active(anon):     511732 kB
Inactive(anon):     1384 kB
Active(file):     195508 kB
Inactive(file):   301740 kB
Unevictable:        1988 kB
Mlocked:               0 kB
HighTotal:        802816 kB
HighFree:           1576 kB
LowTotal:         548148 kB
LowFree:           65568 kB
SwapTotal:             0 kB
SwapFree:              0 kB
Dirty:                68 kB
Writeback:             0 kB
AnonPages:        511692 kB
Mapped:           217088 kB
Shmem:              1432 kB
Slab:              33524 kB
SReclaimable:      11928 kB
SUnreclaim:        21596 kB
KernelStack:        9520 kB
PageTables:        19652 kB
NFS_Unstable:          0 kB
Bounce:                0 kB
WritebackTmp:          0 kB
CommitLimit:      675480 kB
Committed_AS:   46904644 kB
VmallocTotal:     253952 kB
VmallocUsed:       94040 kB
VmallocChunk:      53252 kB
Time pass: 156 sec

---2015-12-08 17:44:29
MemTotal:        1350964 kB
MemFree:           58416 kB
Buffers:            7688 kB
Cached:           493028 kB
SwapCached:            0 kB
Active:           715512 kB
Inactive:         303164 kB
Active(anon):     519996 kB
Inactive(anon):     1380 kB
Active(file):     195516 kB
Inactive(file):   301784 kB
Unevictable:        1988 kB
Mlocked:               0 kB
HighTotal:        802816 kB
HighFree:           1576 kB
LowTotal:         548148 kB
LowFree:           56840 kB
SwapTotal:             0 kB
SwapFree:              0 kB
Dirty:                56 kB
Writeback:             0 kB
AnonPages:        520084 kB
Mapped:           217076 kB
Shmem:              1428 kB
Slab:              33544 kB
SReclaimable:      11928 kB
SUnreclaim:        21616 kB
KernelStack:        9560 kB
PageTables:        19696 kB
NFS_Unstable:          0 kB
Bounce:                0 kB
WritebackTmp:          0 kB
CommitLimit:      675480 kB
Committed_AS:   46905924 kB
VmallocTotal:     253952 kB
VmallocUsed:       94260 kB
VmallocChunk:      53252 kB
Time pass: 160 sec

---2015-12-08 17:44:29
MemTotal:        1350964 kB
MemFree:           52680 kB
Buffers:            7720 kB
Cached:           493264 kB
SwapCached:            0 kB
Active:           719780 kB
Inactive:         303432 kB
Active(anon):     524264 kB
Inactive(anon):     1616 kB
Active(file):     195516 kB
Inactive(file):   301816 kB
Unevictable:        1988 kB
Mlocked:               0 kB
HighTotal:        802816 kB
HighFree:           1576 kB
LowTotal:         548148 kB
LowFree:           51104 kB
SwapTotal:             0 kB
SwapFree:              0 kB
Dirty:                44 kB
Writeback:             0 kB
AnonPages:        524168 kB
Mapped:           217728 kB
Shmem:              1664 kB
Slab:              33548 kB
SReclaimable:      11928 kB
SUnreclaim:        21620 kB
KernelStack:        9576 kB
PageTables:        19808 kB
NFS_Unstable:          0 kB
Bounce:                0 kB
WritebackTmp:          0 kB
CommitLimit:      675480 kB
Committed_AS:   46916856 kB
VmallocTotal:     253952 kB
VmallocUsed:       94376 kB
VmallocChunk:      53252 kB
Time pass: 164 sec

---2015-12-08 17:44:29
MemTotal:        1350964 kB
MemFree:           51644 kB
Buffers:            7720 kB
Cached:           493264 kB
SwapCached:            0 kB
Active:           720036 kB
Inactive:         303432 kB
Active(anon):     524520 kB
Inactive(anon):     1616 kB
Active(file):     195516 kB
Inactive(file):   301816 kB
Unevictable:        1988 kB
Mlocked:               0 kB
HighTotal:        802816 kB
HighFree:           1576 kB
LowTotal:         548148 kB
LowFree:           50068 kB
SwapTotal:             0 kB
SwapFree:              0 kB
Dirty:                44 kB
Writeback:             0 kB
AnonPages:        524536 kB
Mapped:           217728 kB
Shmem:              1664 kB
Slab:              33492 kB
SReclaimable:      11928 kB
SUnreclaim:        21564 kB
KernelStack:        9576 kB
PageTables:        19808 kB
NFS_Unstable:          0 kB
Bounce:                0 kB
WritebackTmp:          0 kB
CommitLimit:      675480 kB
Committed_AS:   46916940 kB
VmallocTotal:     253952 kB
VmallocUsed:       94376 kB
VmallocChunk:      53252 kB
Time pass: 167 sec

---2015-12-08 17:44:29
MemTotal:        1350964 kB
MemFree:           51292 kB
Buffers:            7744 kB
Cached:           493264 kB
SwapCached:            0 kB
Active:           720296 kB
Inactive:         303456 kB
Active(anon):     524780 kB
Inactive(anon):     1616 kB
Active(file):     195516 kB
Inactive(file):   301840 kB
Unevictable:        1988 kB
Mlocked:               0 kB
HighTotal:        802816 kB
HighFree:           1576 kB
LowTotal:         548148 kB
LowFree:           49716 kB
SwapTotal:             0 kB
SwapFree:              0 kB
Dirty:                44 kB
Writeback:             0 kB
AnonPages:        524796 kB
Mapped:           217728 kB
Shmem:              1664 kB
Slab:              33624 kB
SReclaimable:      11928 kB
SUnreclaim:        21696 kB
KernelStack:        9576 kB
PageTables:        19804 kB
NFS_Unstable:          0 kB
Bounce:                0 kB
WritebackTmp:          0 kB
CommitLimit:      675480 kB
Committed_AS:   46916968 kB
VmallocTotal:     253952 kB
VmallocUsed:       94376 kB
VmallocChunk:      53252 kB
Time pass: 171 sec

---2015-12-08 17:44:29
MemTotal:        1350964 kB
MemFree:           51432 kB
Buffers:            7760 kB
Cached:           493264 kB
SwapCached:            0 kB
Active:           720184 kB
Inactive:         303472 kB
Active(anon):     524668 kB
Inactive(anon):     1616 kB
Active(file):     195516 kB
Inactive(file):   301856 kB
Unevictable:        1988 kB
Mlocked:               0 kB
HighTotal:        802816 kB
HighFree:           1576 kB
LowTotal:         548148 kB
LowFree:           49856 kB
SwapTotal:             0 kB
SwapFree:              0 kB
Dirty:                44 kB
Writeback:             4 kB
AnonPages:        524676 kB
Mapped:           217556 kB
Shmem:              1664 kB
Slab:              33588 kB
SReclaimable:      11928 kB
SUnreclaim:        21660 kB
KernelStack:        9576 kB
PageTables:        19780 kB
NFS_Unstable:          0 kB
Bounce:                0 kB
WritebackTmp:          0 kB
CommitLimit:      675480 kB
Committed_AS:   46916852 kB
VmallocTotal:     253952 kB
VmallocUsed:       94376 kB
VmallocChunk:      53252 kB
Time pass: 174 sec

---2015-12-08 17:44:29
MemTotal:        1350964 kB
MemFree:           50880 kB
Buffers:            7768 kB
Cached:           493256 kB
SwapCached:            0 kB
Active:           721504 kB
Inactive:         303472 kB
Active(anon):     525988 kB
Inactive(anon):     1616 kB
Active(file):     195516 kB
Inactive(file):   301856 kB
Unevictable:        1988 kB
Mlocked:               0 kB
HighTotal:        802816 kB
HighFree:           1576 kB
LowTotal:         548148 kB
LowFree:           49304 kB
SwapTotal:             0 kB
SwapFree:              0 kB
Dirty:                44 kB
Writeback:             0 kB
AnonPages:        526336 kB
Mapped:           217584 kB
Shmem:              1664 kB
Slab:              33600 kB
SReclaimable:      11928 kB
SUnreclaim:        21672 kB
KernelStack:        9576 kB
PageTables:        19804 kB
NFS_Unstable:          0 kB
Bounce:                0 kB
WritebackTmp:          0 kB
CommitLimit:      675480 kB
Committed_AS:   46918424 kB
VmallocTotal:     253952 kB
VmallocUsed:       94376 kB
VmallocChunk:      53252 kB
Time pass: 178 sec

---2015-12-08 17:44:29
MemTotal:        1350964 kB
MemFree:           50892 kB
Buffers:            7768 kB
Cached:           493276 kB
SwapCached:            0 kB
Active:           720820 kB
Inactive:         303484 kB
Active(anon):     525296 kB
Inactive(anon):     1624 kB
Active(file):     195524 kB
Inactive(file):   301860 kB
Unevictable:        1988 kB
Mlocked:               0 kB
HighTotal:        802816 kB
HighFree:           1576 kB
LowTotal:         548148 kB
LowFree:           49316 kB
SwapTotal:             0 kB
SwapFree:              0 kB
Dirty:                 0 kB
Writeback:             0 kB
AnonPages:        525184 kB
Mapped:           217592 kB
Shmem:              1672 kB
Slab:              33580 kB
SReclaimable:      11928 kB
SUnreclaim:        21652 kB
KernelStack:        9576 kB
PageTables:        19808 kB
NFS_Unstable:          0 kB
Bounce:                0 kB
WritebackTmp:          0 kB
CommitLimit:      675480 kB
Committed_AS:   46917064 kB
VmallocTotal:     253952 kB
VmallocUsed:       94376 kB
VmallocChunk:      53252 kB
Time pass: 181 sec

---2015-12-08 17:44:29
MemTotal:        1350964 kB
MemFree:           50608 kB
Buffers:            7784 kB
Cached:           493276 kB
SwapCached:            0 kB
Active:           721020 kB
Inactive:         303500 kB
Active(anon):     525496 kB
Inactive(anon):     1624 kB
Active(file):     195524 kB
Inactive(file):   301876 kB
Unevictable:        1988 kB
Mlocked:               0 kB
HighTotal:        802816 kB
HighFree:           1576 kB
LowTotal:         548148 kB
LowFree:           49032 kB
SwapTotal:             0 kB
SwapFree:              0 kB
Dirty:                 0 kB
Writeback:             0 kB
AnonPages:        525436 kB
Mapped:           217740 kB
Shmem:              1672 kB
Slab:              33776 kB
SReclaimable:      11928 kB
SUnreclaim:        21848 kB
KernelStack:        9576 kB
PageTables:        19808 kB
NFS_Unstable:          0 kB
Bounce:                0 kB
WritebackTmp:          0 kB
CommitLimit:      675480 kB
Committed_AS:   46917056 kB
VmallocTotal:     253952 kB
VmallocUsed:       94376 kB
VmallocChunk:      53252 kB
Time pass: 185 sec

---2015-12-08 17:44:29
MemTotal:        1350964 kB
MemFree:           50440 kB
Buffers:            7792 kB
Cached:           493276 kB
SwapCached:            0 kB
Active:           721004 kB
Inactive:         303500 kB
Active(anon):     525480 kB
Inactive(anon):     1624 kB
Active(file):     195524 kB
Inactive(file):   301876 kB
Unevictable:        1988 kB
Mlocked:               0 kB
HighTotal:        802816 kB
HighFree:           1576 kB
LowTotal:         548148 kB
LowFree:           48864 kB
SwapTotal:             0 kB
SwapFree:              0 kB
Dirty:                28 kB
Writeback:             0 kB
AnonPages:        525344 kB
Mapped:           217592 kB
Shmem:              1672 kB
Slab:              33704 kB
SReclaimable:      11928 kB
SUnreclaim:        21776 kB
KernelStack:        9560 kB
PageTables:        19804 kB
NFS_Unstable:          0 kB
Bounce:                0 kB
WritebackTmp:          0 kB
CommitLimit:      675480 kB
Committed_AS:   46916996 kB
VmallocTotal:     253952 kB
VmallocUsed:       94376 kB
VmallocChunk:      53252 kB
Time pass: 189 sec

---2015-12-08 17:44:29
MemTotal:        1350964 kB
MemFree:           49464 kB
Buffers:            7848 kB
Cached:           493380 kB
SwapCached:            0 kB
Active:           721704 kB
Inactive:         303660 kB
Active(anon):     526172 kB
Inactive(anon):     1624 kB
Active(file):     195532 kB
Inactive(file):   302036 kB
Unevictable:        1988 kB
Mlocked:               0 kB
HighTotal:        802816 kB
HighFree:           1576 kB
LowTotal:         548148 kB
LowFree:           47888 kB
SwapTotal:             0 kB
SwapFree:              0 kB
Dirty:                 0 kB
Writeback:             0 kB
AnonPages:        526132 kB
Mapped:           217728 kB
Shmem:              1672 kB
Slab:              33756 kB
SReclaimable:      11928 kB
SUnreclaim:        21828 kB
KernelStack:        9560 kB
PageTables:        19804 kB
NFS_Unstable:          0 kB
Bounce:                0 kB
WritebackTmp:          0 kB
CommitLimit:      675480 kB
Committed_AS:   46917176 kB
VmallocTotal:     253952 kB
VmallocUsed:       94376 kB
VmallocChunk:      53252 kB
Time pass: 192 sec

---2015-12-08 17:44:29
MemTotal:        1350964 kB
MemFree:           49068 kB
Buffers:            7856 kB
Cached:           493376 kB
SwapCached:            0 kB
Active:           721908 kB
Inactive:         303660 kB
Active(anon):     526376 kB
Inactive(anon):     1624 kB
Active(file):     195532 kB
Inactive(file):   302036 kB
Unevictable:        1988 kB
Mlocked:               0 kB
HighTotal:        802816 kB
HighFree:           1576 kB
LowTotal:         548148 kB
LowFree:           47492 kB
SwapTotal:             0 kB
SwapFree:              0 kB
Dirty:                 0 kB
Writeback:             0 kB
AnonPages:        526388 kB
Mapped:           217632 kB
Shmem:              1676 kB
Slab:              33772 kB
SReclaimable:      11928 kB
SUnreclaim:        21844 kB
KernelStack:        9560 kB
PageTables:        19820 kB
NFS_Unstable:          0 kB
Bounce:                0 kB
WritebackTmp:          0 kB
CommitLimit:      675480 kB
Committed_AS:   46917416 kB
VmallocTotal:     253952 kB
VmallocUsed:       94376 kB
VmallocChunk:      53252 kB
Time pass: 196 sec

---2015-12-08 17:44:29
MemTotal:        1350964 kB
MemFree:           49140 kB
Buffers:            7872 kB
Cached:           493384 kB
SwapCached:            0 kB
Active:           721440 kB
Inactive:         303692 kB
Active(anon):     525908 kB
Inactive(anon):     1628 kB
Active(file):     195532 kB
Inactive(file):   302064 kB
Unevictable:        1988 kB
Mlocked:               0 kB
HighTotal:        802816 kB
HighFree:           1576 kB
LowTotal:         548148 kB
LowFree:           47564 kB
SwapTotal:             0 kB
SwapFree:              0 kB
Dirty:                40 kB
Writeback:             0 kB
AnonPages:        525772 kB
Mapped:           217780 kB
Shmem:              1676 kB
Slab:              33656 kB
SReclaimable:      11928 kB
SUnreclaim:        21728 kB
KernelStack:        9560 kB
PageTables:        19824 kB
NFS_Unstable:          0 kB
Bounce:                0 kB
WritebackTmp:          0 kB
CommitLimit:      675480 kB
Committed_AS:   46917604 kB
VmallocTotal:     253952 kB
VmallocUsed:       94376 kB
VmallocChunk:      53252 kB
Time pass: 199 sec

---2015-12-08 17:44:29
MemTotal:        1350964 kB
MemFree:           48788 kB
Buffers:            7888 kB
Cached:           493384 kB
SwapCached:            0 kB
Active:           721692 kB
Inactive:         303704 kB
Active(anon):     526160 kB
Inactive(anon):     1628 kB
Active(file):     195532 kB
Inactive(file):   302076 kB
Unevictable:        1988 kB
Mlocked:               0 kB
HighTotal:        802816 kB
HighFree:           1576 kB
LowTotal:         548148 kB
LowFree:           47212 kB
SwapTotal:             0 kB
SwapFree:              0 kB
Dirty:                40 kB
Writeback:             0 kB
AnonPages:        526172 kB
Mapped:           217780 kB
Shmem:              1676 kB
Slab:              33732 kB
SReclaimable:      11928 kB
SUnreclaim:        21804 kB
KernelStack:        9552 kB
PageTables:        19824 kB
NFS_Unstable:          0 kB
Bounce:                0 kB
WritebackTmp:          0 kB
CommitLimit:      675480 kB
Committed_AS:   46917628 kB
VmallocTotal:     253952 kB
VmallocUsed:       94376 kB
VmallocChunk:      53252 kB
Time pass: 203 sec

---2015-12-08 17:44:29
MemTotal:        1350964 kB
MemFree:           49636 kB
Buffers:            7888 kB
Cached:           493384 kB
SwapCached:            0 kB
Active:           721460 kB
Inactive:         303704 kB
Active(anon):     525928 kB
Inactive(anon):     1628 kB
Active(file):     195532 kB
Inactive(file):   302076 kB
Unevictable:        1988 kB
Mlocked:               0 kB
HighTotal:        802816 kB
HighFree:           1576 kB
LowTotal:         548148 kB
LowFree:           48060 kB
SwapTotal:             0 kB
SwapFree:              0 kB
Dirty:                40 kB
Writeback:             0 kB
AnonPages:        526084 kB
Mapped:           217632 kB
Shmem:              1676 kB
Slab:              33728 kB
SReclaimable:      11928 kB
SUnreclaim:        21800 kB
KernelStack:        9552 kB
PageTables:        19824 kB
NFS_Unstable:          0 kB
Bounce:                0 kB
WritebackTmp:          0 kB
CommitLimit:      675480 kB
Committed_AS:   46917540 kB
VmallocTotal:     253952 kB
VmallocUsed:       94376 kB
VmallocChunk:      53252 kB
Time pass: 206 sec

---2015-12-08 17:44:29
MemTotal:        1350964 kB
MemFree:           49432 kB
Buffers:            7912 kB
Cached:           493412 kB
SwapCached:            0 kB
Active:           721784 kB
Inactive:         303704 kB
Active(anon):     526252 kB
Inactive(anon):     1628 kB
Active(file):     195532 kB
Inactive(file):   302076 kB
Unevictable:        1988 kB
Mlocked:               0 kB
HighTotal:        802816 kB
HighFree:           1576 kB
LowTotal:         548148 kB
LowFree:           47856 kB
SwapTotal:             0 kB
SwapFree:              0 kB
Dirty:                32 kB
Writeback:             0 kB
AnonPages:        526320 kB
Mapped:           217824 kB
Shmem:              1720 kB
Slab:              33700 kB
SReclaimable:      11928 kB
SUnreclaim:        21772 kB
KernelStack:        9552 kB
PageTables:        19816 kB
NFS_Unstable:          0 kB
Bounce:                0 kB
WritebackTmp:          0 kB
CommitLimit:      675480 kB
Committed_AS:   46917800 kB
VmallocTotal:     253952 kB
VmallocUsed:       94376 kB
VmallocChunk:      53252 kB
Time pass: 210 sec

---2015-12-08 17:44:29
MemTotal:        1350964 kB
MemFree:           48604 kB
Buffers:            7912 kB
Cached:           493520 kB
SwapCached:            0 kB
Active:           722620 kB
Inactive:         303844 kB
Active(anon):     527088 kB
Inactive(anon):     1744 kB
Active(file):     195532 kB
Inactive(file):   302100 kB
Unevictable:        1988 kB
Mlocked:               0 kB
HighTotal:        802816 kB
HighFree:           1576 kB
LowTotal:         548148 kB
LowFree:           47028 kB
SwapTotal:             0 kB
SwapFree:              0 kB
Dirty:                 0 kB
Writeback:             0 kB
AnonPages:        527276 kB
Mapped:           217912 kB
Shmem:              1804 kB
Slab:              33716 kB
SReclaimable:      11928 kB
SUnreclaim:        21788 kB
KernelStack:        9544 kB
PageTables:        19824 kB
NFS_Unstable:          0 kB
Bounce:                0 kB
WritebackTmp:          0 kB
CommitLimit:      675480 kB
Committed_AS:   46918932 kB
VmallocTotal:     253952 kB
VmallocUsed:       94376 kB
VmallocChunk:      53252 kB
Time pass: 214 sec

---2015-12-08 17:44:29
MemTotal:        1350964 kB
MemFree:           48304 kB
Buffers:            7920 kB
Cached:           493520 kB
SwapCached:            0 kB
Active:           722048 kB
Inactive:         303872 kB
Active(anon):     526516 kB
Inactive(anon):     1756 kB
Active(file):     195532 kB
Inactive(file):   302116 kB
Unevictable:        1988 kB
Mlocked:               0 kB
HighTotal:        802816 kB
HighFree:           1576 kB
LowTotal:         548148 kB
LowFree:           46728 kB
SwapTotal:             0 kB
SwapFree:              0 kB
Dirty:                28 kB
Writeback:             0 kB
AnonPages:        526500 kB
Mapped:           217884 kB
Shmem:              1804 kB
Slab:              33604 kB
SReclaimable:      11928 kB
SUnreclaim:        21676 kB
KernelStack:        9544 kB
PageTables:        19808 kB
NFS_Unstable:          0 kB
Bounce:                0 kB
WritebackTmp:          0 kB
CommitLimit:      675480 kB
Committed_AS:   46917828 kB
VmallocTotal:     253952 kB
VmallocUsed:       94376 kB
VmallocChunk:      53252 kB
Time pass: 217 sec

---2015-12-08 17:44:29
MemTotal:        1350964 kB
MemFree:           48448 kB
Buffers:            7936 kB
Cached:           493520 kB
SwapCached:            0 kB
Active:           721992 kB
Inactive:         303888 kB
Active(anon):     526460 kB
Inactive(anon):     1756 kB
Active(file):     195532 kB
Inactive(file):   302132 kB
Unevictable:        1988 kB
Mlocked:               0 kB
HighTotal:        802816 kB
HighFree:           1576 kB
LowTotal:         548148 kB
LowFree:           46872 kB
SwapTotal:             0 kB
SwapFree:              0 kB
Dirty:                 0 kB
Writeback:             0 kB
AnonPages:        526380 kB
Mapped:           217784 kB
Shmem:              1804 kB
Slab:              33644 kB
SReclaimable:      11928 kB
SUnreclaim:        21716 kB
KernelStack:        9544 kB
PageTables:        19820 kB
NFS_Unstable:          0 kB
Bounce:                0 kB
WritebackTmp:          0 kB
CommitLimit:      675480 kB
Committed_AS:   46917608 kB
VmallocTotal:     253952 kB
VmallocUsed:       94376 kB
VmallocChunk:      53252 kB
Time pass: 221 sec

---2015-12-08 17:44:29
MemTotal:        1350964 kB
MemFree:           48272 kB
Buffers:            7944 kB
Cached:           493520 kB
SwapCached:            0 kB
Active:           722104 kB
Inactive:         303896 kB
Active(anon):     526572 kB
Inactive(anon):     1756 kB
Active(file):     195532 kB
Inactive(file):   302140 kB
Unevictable:        1988 kB
Mlocked:               0 kB
HighTotal:        802816 kB
HighFree:           1576 kB
LowTotal:         548148 kB
LowFree:           46696 kB
SwapTotal:             0 kB
SwapFree:              0 kB
Dirty:                36 kB
Writeback:             0 kB
AnonPages:        526528 kB
Mapped:           217888 kB
Shmem:              1804 kB
Slab:              33648 kB
SReclaimable:      11928 kB
SUnreclaim:        21720 kB
KernelStack:        9544 kB
PageTables:        19808 kB
NFS_Unstable:          0 kB
Bounce:                0 kB
WritebackTmp:          0 kB
CommitLimit:      675480 kB
Committed_AS:   46917736 kB
VmallocTotal:     253952 kB
VmallocUsed:       94376 kB
VmallocChunk:      53252 kB
Time pass: 225 sec

---2015-12-08 17:44:29
MemTotal:        1350964 kB
MemFree:           48428 kB
Buffers:            7960 kB
Cached:           493520 kB
SwapCached:            0 kB
Active:           722664 kB
Inactive:         303912 kB
Active(anon):     527132 kB
Inactive(anon):     1756 kB
Active(file):     195532 kB
Inactive(file):   302156 kB
Unevictable:        1988 kB
Mlocked:               0 kB
HighTotal:        802816 kB
HighFree:           1576 kB
LowTotal:         548148 kB
LowFree:           46852 kB
SwapTotal:             0 kB
SwapFree:              0 kB
Dirty:                 0 kB
Writeback:             0 kB
AnonPages:        527124 kB
Mapped:           217788 kB
Shmem:              1804 kB
Slab:              33548 kB
SReclaimable:      11928 kB
SUnreclaim:        21620 kB
KernelStack:        9544 kB
PageTables:        19824 kB
NFS_Unstable:          0 kB
Bounce:                0 kB
WritebackTmp:          0 kB
CommitLimit:      675480 kB
Committed_AS:   46918136 kB
VmallocTotal:     253952 kB
VmallocUsed:       94376 kB
VmallocChunk:      53252 kB
Time pass: 228 sec

---2015-12-08 17:44:29
MemTotal:        1350964 kB
MemFree:           48208 kB
Buffers:            7968 kB
Cached:           493512 kB
SwapCached:            0 kB
Active:           722392 kB
Inactive:         303912 kB
Active(anon):     526860 kB
Inactive(anon):     1756 kB
Active(file):     195532 kB
Inactive(file):   302156 kB
Unevictable:        1988 kB
Mlocked:               0 kB
HighTotal:        802816 kB
HighFree:           1576 kB
LowTotal:         548148 kB
LowFree:           46632 kB
SwapTotal:             0 kB
SwapFree:              0 kB
Dirty:                 0 kB
Writeback:             0 kB
AnonPages:        526812 kB
Mapped:           217888 kB
Shmem:              1804 kB
Slab:              33736 kB
SReclaimable:      11928 kB
SUnreclaim:        21808 kB
KernelStack:        9544 kB
PageTables:        19808 kB
NFS_Unstable:          0 kB
Bounce:                0 kB
WritebackTmp:          0 kB
CommitLimit:      675480 kB
Committed_AS:   46917752 kB
VmallocTotal:     253952 kB
VmallocUsed:       94376 kB
VmallocChunk:      53252 kB
Time pass: 232 sec

---2015-12-08 17:44:29
MemTotal:        1350964 kB
MemFree:           48224 kB
Buffers:            7984 kB
Cached:           493520 kB
SwapCached:            0 kB
Active:           722040 kB
Inactive:         303936 kB
Active(anon):     526508 kB
Inactive(anon):     1756 kB
Active(file):     195532 kB
Inactive(file):   302180 kB
Unevictable:        1988 kB
Mlocked:               0 kB
HighTotal:        802816 kB
HighFree:           1576 kB
LowTotal:         548148 kB
LowFree:           46648 kB
SwapTotal:             0 kB
SwapFree:              0 kB
Dirty:                44 kB
Writeback:             0 kB
AnonPages:        526544 kB
Mapped:           217936 kB
Shmem:              1804 kB
Slab:              33696 kB
SReclaimable:      11928 kB
SUnreclaim:        21768 kB
KernelStack:        9544 kB
PageTables:        19820 kB
NFS_Unstable:          0 kB
Bounce:                0 kB
WritebackTmp:          0 kB
CommitLimit:      675480 kB
Committed_AS:   46917372 kB
VmallocTotal:     253952 kB
VmallocUsed:       94376 kB
VmallocChunk:      53252 kB
Time pass: 235 sec

---2015-12-08 17:44:29
MemTotal:        1350964 kB
MemFree:           48512 kB
Buffers:            7984 kB
Cached:           493520 kB
SwapCached:            0 kB
Active:           722268 kB
Inactive:         303936 kB
Active(anon):     526736 kB
Inactive(anon):     1756 kB
Active(file):     195532 kB
Inactive(file):   302180 kB
Unevictable:        1988 kB
Mlocked:               0 kB
HighTotal:        802816 kB
HighFree:           1576 kB
LowTotal:         548148 kB
LowFree:           46936 kB
SwapTotal:             0 kB
SwapFree:              0 kB
Dirty:                 0 kB
Writeback:             0 kB
AnonPages:        526604 kB
Mapped:           217788 kB
Shmem:              1804 kB
Slab:              33708 kB
SReclaimable:      11928 kB
SUnreclaim:        21780 kB
KernelStack:        9544 kB
PageTables:        19820 kB
NFS_Unstable:          0 kB
Bounce:                0 kB
WritebackTmp:          0 kB
CommitLimit:      675480 kB
Committed_AS:   46917524 kB
VmallocTotal:     253952 kB
VmallocUsed:       94376 kB
VmallocChunk:      53252 kB
Time pass: 239 sec

---2015-12-08 17:44:29
MemTotal:        1350964 kB
MemFree:           47656 kB
Buffers:            8008 kB
Cached:           493504 kB
SwapCached:            0 kB
Active:           723320 kB
Inactive:         303944 kB
Active(anon):     527788 kB
Inactive(anon):     1756 kB
Active(file):     195532 kB
Inactive(file):   302188 kB
Unevictable:        1988 kB
Mlocked:               0 kB
HighTotal:        802816 kB
HighFree:           1576 kB
LowTotal:         548148 kB
LowFree:           46080 kB
SwapTotal:             0 kB
SwapFree:              0 kB
Dirty:                28 kB
Writeback:             0 kB
AnonPages:        527832 kB
Mapped:           217936 kB
Shmem:              1804 kB
Slab:              33672 kB
SReclaimable:      11928 kB
SUnreclaim:        21744 kB
KernelStack:        9544 kB
PageTables:        19824 kB
NFS_Unstable:          0 kB
Bounce:                0 kB
WritebackTmp:          0 kB
CommitLimit:      675480 kB
Committed_AS:   46918636 kB
VmallocTotal:     253952 kB
VmallocUsed:       94376 kB
VmallocChunk:      53252 kB
Time pass: 242 sec

---2015-12-08 17:44:29
MemTotal:        1350964 kB
MemFree:           47656 kB
Buffers:            8032 kB
Cached:           493508 kB
SwapCached:            0 kB
Active:           722584 kB
Inactive:         303968 kB
Active(anon):     527056 kB
Inactive(anon):     1756 kB
Active(file):     195528 kB
Inactive(file):   302212 kB
Unevictable:        1988 kB
Mlocked:               0 kB
HighTotal:        802816 kB
HighFree:           1576 kB
LowTotal:         548148 kB
LowFree:           46080 kB
SwapTotal:             0 kB
SwapFree:              0 kB
Dirty:                60 kB
Writeback:             0 kB
AnonPages:        527032 kB
Mapped:           217916 kB
Shmem:              1804 kB
Slab:              33740 kB
SReclaimable:      11928 kB
SUnreclaim:        21812 kB
KernelStack:        9576 kB
PageTables:        19848 kB
NFS_Unstable:          0 kB
Bounce:                0 kB
WritebackTmp:          0 kB
CommitLimit:      675480 kB
Committed_AS:   46917580 kB
VmallocTotal:     253952 kB
VmallocUsed:       94376 kB
VmallocChunk:      53252 kB
Time pass: 246 sec

---2015-12-08 17:44:29
MemTotal:        1350964 kB
MemFree:           47672 kB
Buffers:            8032 kB
Cached:           493520 kB
SwapCached:            0 kB
Active:           722788 kB
Inactive:         303984 kB
Active(anon):     527256 kB
Inactive(anon):     1756 kB
Active(file):     195532 kB
Inactive(file):   302228 kB
Unevictable:        1988 kB
Mlocked:               0 kB
HighTotal:        802816 kB
HighFree:           1576 kB
LowTotal:         548148 kB
LowFree:           46096 kB
SwapTotal:             0 kB
SwapFree:              0 kB
Dirty:                68 kB
Writeback:             0 kB
AnonPages:        527184 kB
Mapped:           217936 kB
Shmem:              1804 kB
Slab:              33712 kB
SReclaimable:      11928 kB
SUnreclaim:        21784 kB
KernelStack:        9552 kB
PageTables:        19824 kB
NFS_Unstable:          0 kB
Bounce:                0 kB
WritebackTmp:          0 kB
CommitLimit:      675480 kB
Committed_AS:   46918600 kB
VmallocTotal:     253952 kB
VmallocUsed:       94376 kB
VmallocChunk:      53252 kB
Time pass: 250 sec

---2015-12-08 17:44:29
MemTotal:        1350964 kB
MemFree:           48232 kB
Buffers:            8040 kB
Cached:           493520 kB
SwapCached:            0 kB
Active:           722536 kB
Inactive:         303984 kB
Active(anon):     527004 kB
Inactive(anon):     1756 kB
Active(file):     195532 kB
Inactive(file):   302228 kB
Unevictable:        1988 kB
Mlocked:               0 kB
HighTotal:        802816 kB
HighFree:           1576 kB
LowTotal:         548148 kB
LowFree:           46656 kB
SwapTotal:             0 kB
SwapFree:              0 kB
Dirty:                44 kB
Writeback:             0 kB
AnonPages:        527016 kB
Mapped:           217936 kB
Shmem:              1804 kB
Slab:              33652 kB
SReclaimable:      11928 kB
SUnreclaim:        21724 kB
KernelStack:        9552 kB
PageTables:        19824 kB
NFS_Unstable:          0 kB
Bounce:                0 kB
WritebackTmp:          0 kB
CommitLimit:      675480 kB
Committed_AS:   46917460 kB
VmallocTotal:     253952 kB
VmallocUsed:       94376 kB
VmallocChunk:      53252 kB
Time pass: 253 sec

---2015-12-08 17:44:29
MemTotal:        1350964 kB
MemFree:           47760 kB
Buffers:            8056 kB
Cached:           493520 kB
SwapCached:            0 kB
Active:           722724 kB
Inactive:         303992 kB
Active(anon):     527192 kB
Inactive(anon):     1756 kB
Active(file):     195532 kB
Inactive(file):   302236 kB
Unevictable:        1988 kB
Mlocked:               0 kB
HighTotal:        802816 kB
HighFree:           1576 kB
LowTotal:         548148 kB
LowFree:           46184 kB
SwapTotal:             0 kB
SwapFree:              0 kB
Dirty:                 0 kB
Writeback:             0 kB
AnonPages:        527196 kB
Mapped:           217936 kB
Shmem:              1804 kB
Slab:              33608 kB
SReclaimable:      11928 kB
SUnreclaim:        21680 kB
KernelStack:        9552 kB
PageTables:        19824 kB
NFS_Unstable:          0 kB
Bounce:                0 kB
WritebackTmp:          0 kB
CommitLimit:      675480 kB
Committed_AS:   46917656 kB
VmallocTotal:     253952 kB
VmallocUsed:       94376 kB
VmallocChunk:      53252 kB
Time pass: 257 sec

---2015-12-08 17:44:29
MemTotal:        1350964 kB
MemFree:           47320 kB
Buffers:            8064 kB
Cached:           493512 kB
SwapCached:            0 kB
Active:           722840 kB
Inactive:         304008 kB
Active(anon):     527308 kB
Inactive(anon):     1756 kB
Active(file):     195532 kB
Inactive(file):   302252 kB
Unevictable:        1988 kB
Mlocked:               0 kB
HighTotal:        802816 kB
HighFree:           1576 kB
LowTotal:         548148 kB
LowFree:           45744 kB
SwapTotal:             0 kB
SwapFree:              0 kB
Dirty:                 0 kB
Writeback:             0 kB
AnonPages:        527312 kB
Mapped:           217788 kB
Shmem:              1804 kB
Slab:              33580 kB
SReclaimable:      11928 kB
SUnreclaim:        21652 kB
KernelStack:        9552 kB
PageTables:        19824 kB
NFS_Unstable:          0 kB
Bounce:                0 kB
WritebackTmp:          0 kB
CommitLimit:      675480 kB
Committed_AS:   46917696 kB
VmallocTotal:     253952 kB
VmallocUsed:       94376 kB
VmallocChunk:      53252 kB
Time pass: 260 sec

---2015-12-08 17:44:29
MemTotal:        1350964 kB
MemFree:           47252 kB
Buffers:            8080 kB
Cached:           493520 kB
SwapCached:            0 kB
Active:           722928 kB
Inactive:         304032 kB
Active(anon):     527396 kB
Inactive(anon):     1756 kB
Active(file):     195532 kB
Inactive(file):   302276 kB
Unevictable:        1988 kB
Mlocked:               0 kB
HighTotal:        802816 kB
HighFree:           1576 kB
LowTotal:         548148 kB
LowFree:           45676 kB
SwapTotal:             0 kB
SwapFree:              0 kB
Dirty:                48 kB
Writeback:             0 kB
AnonPages:        527400 kB
Mapped:           217936 kB
Shmem:              1804 kB
Slab:              33724 kB
SReclaimable:      11928 kB
SUnreclaim:        21796 kB
KernelStack:        9552 kB
PageTables:        19824 kB
NFS_Unstable:          0 kB
Bounce:                0 kB
WritebackTmp:          0 kB
CommitLimit:      675480 kB
Committed_AS:   46917584 kB
VmallocTotal:     253952 kB
VmallocUsed:       94376 kB
VmallocChunk:      53252 kB
Time pass: 264 sec

---2015-12-08 17:44:29
MemTotal:        1350964 kB
MemFree:           48728 kB
Buffers:            8080 kB
Cached:           493520 kB
SwapCached:            0 kB
Active:           721988 kB
Inactive:         304032 kB
Active(anon):     526456 kB
Inactive(anon):     1756 kB
Active(file):     195532 kB
Inactive(file):   302276 kB
Unevictable:        1988 kB
Mlocked:               0 kB
HighTotal:        802816 kB
HighFree:           1576 kB
LowTotal:         548148 kB
LowFree:           47152 kB
SwapTotal:             0 kB
SwapFree:              0 kB
Dirty:                 4 kB
Writeback:             0 kB
AnonPages:        526264 kB
Mapped:           217788 kB
Shmem:              1804 kB
Slab:              33596 kB
SReclaimable:      11928 kB
SUnreclaim:        21668 kB
KernelStack:        9552 kB
PageTables:        19824 kB
NFS_Unstable:          0 kB
Bounce:                0 kB
WritebackTmp:          0 kB
CommitLimit:      675480 kB
Committed_AS:   46917728 kB
VmallocTotal:     253952 kB
VmallocUsed:       94376 kB
VmallocChunk:      53252 kB
Time pass: 267 sec

---2015-12-08 17:44:29
MemTotal:        1350964 kB
MemFree:           48216 kB
Buffers:            8104 kB
Cached:           493520 kB
SwapCached:            0 kB
Active:           722084 kB
Inactive:         304056 kB
Active(anon):     526552 kB
Inactive(anon):     1756 kB
Active(file):     195532 kB
Inactive(file):   302300 kB
Unevictable:        1988 kB
Mlocked:               0 kB
HighTotal:        802816 kB
HighFree:           1576 kB
LowTotal:         548148 kB
LowFree:           46640 kB
SwapTotal:             0 kB
SwapFree:              0 kB
Dirty:                44 kB
Writeback:             0 kB
AnonPages:        526556 kB
Mapped:           217936 kB
Shmem:              1804 kB
Slab:              33628 kB
SReclaimable:      11928 kB
SUnreclaim:        21700 kB
KernelStack:        9552 kB
PageTables:        19828 kB
NFS_Unstable:          0 kB
Bounce:                0 kB
WritebackTmp:          0 kB
CommitLimit:      675480 kB
Committed_AS:   46917628 kB
VmallocTotal:     253952 kB
VmallocUsed:       94376 kB
VmallocChunk:      53252 kB
Time pass: 271 sec

---2015-12-08 17:44:29
MemTotal:        1350964 kB
MemFree:           47640 kB
Buffers:            8120 kB
Cached:           493504 kB
SwapCached:            0 kB
Active:           722404 kB
Inactive:         304056 kB
Active(anon):     526872 kB
Inactive(anon):     1756 kB
Active(file):     195532 kB
Inactive(file):   302300 kB
Unevictable:        1988 kB
Mlocked:               0 kB
HighTotal:        802816 kB
HighFree:           1576 kB
LowTotal:         548148 kB
LowFree:           46064 kB
SwapTotal:             0 kB
SwapFree:              0 kB
Dirty:                44 kB
Writeback:             0 kB
AnonPages:        526812 kB
Mapped:           217936 kB
Shmem:              1804 kB
Slab:              33760 kB
SReclaimable:      11928 kB
SUnreclaim:        21832 kB
KernelStack:        9552 kB
PageTables:        19828 kB
NFS_Unstable:          0 kB
Bounce:                0 kB
WritebackTmp:          0 kB
CommitLimit:      675480 kB
Committed_AS:   46917788 kB
VmallocTotal:     253952 kB
VmallocUsed:       94376 kB
VmallocChunk:      53252 kB
Time pass: 274 sec

---2015-12-08 17:44:29
MemTotal:        1350964 kB
MemFree:           47812 kB
Buffers:            8120 kB
Cached:           493520 kB
SwapCached:            0 kB
Active:           722504 kB
Inactive:         304072 kB
Active(anon):     526972 kB
Inactive(anon):     1756 kB
Active(file):     195532 kB
Inactive(file):   302316 kB
Unevictable:        1988 kB
Mlocked:               0 kB
HighTotal:        802816 kB
HighFree:           1576 kB
LowTotal:         548148 kB
LowFree:           46236 kB
SwapTotal:             0 kB
SwapFree:              0 kB
Dirty:                 0 kB
Writeback:             0 kB
AnonPages:        527152 kB
Mapped:           217936 kB
Shmem:              1804 kB
Slab:              33696 kB
SReclaimable:      11928 kB
SUnreclaim:        21768 kB
KernelStack:        9552 kB
PageTables:        19828 kB
NFS_Unstable:          0 kB
Bounce:                0 kB
WritebackTmp:          0 kB
CommitLimit:      675480 kB
Committed_AS:   46918776 kB
VmallocTotal:     253952 kB
VmallocUsed:       94376 kB
VmallocChunk:      53252 kB
Time pass: 278 sec

---2015-12-08 17:44:29
MemTotal:        1350964 kB
MemFree:           48140 kB
Buffers:            8128 kB
Cached:           493520 kB
SwapCached:            0 kB
Active:           722256 kB
Inactive:         304072 kB
Active(anon):     526724 kB
Inactive(anon):     1756 kB
Active(file):     195532 kB
Inactive(file):   302316 kB
Unevictable:        1988 kB
Mlocked:               0 kB
HighTotal:        802816 kB
HighFree:           1576 kB
LowTotal:         548148 kB
LowFree:           46564 kB
SwapTotal:             0 kB
SwapFree:              0 kB
Dirty:                28 kB
Writeback:             0 kB
AnonPages:        526680 kB
Mapped:           217888 kB
Shmem:              1804 kB
Slab:              33636 kB
SReclaimable:      11928 kB
SUnreclaim:        21708 kB
KernelStack:        9536 kB
PageTables:        19808 kB
NFS_Unstable:          0 kB
Bounce:                0 kB
WritebackTmp:          0 kB
CommitLimit:      675480 kB
Committed_AS:   46917700 kB
VmallocTotal:     253952 kB
VmallocUsed:       94376 kB
VmallocChunk:      53252 kB
Time pass: 281 sec

---2015-12-08 17:44:29
MemTotal:        1350964 kB
MemFree:           47936 kB
Buffers:            8144 kB
Cached:           493520 kB
SwapCached:            0 kB
Active:           722380 kB
Inactive:         304096 kB
Active(anon):     526848 kB
Inactive(anon):     1756 kB
Active(file):     195532 kB
Inactive(file):   302340 kB
Unevictable:        1988 kB
Mlocked:               0 kB
HighTotal:        802816 kB
HighFree:           1576 kB
LowTotal:         548148 kB
LowFree:           46360 kB
SwapTotal:             0 kB
SwapFree:              0 kB
Dirty:                 0 kB
Writeback:             0 kB
AnonPages:        526828 kB
Mapped:           217888 kB
Shmem:              1804 kB
Slab:              33760 kB
SReclaimable:      11928 kB
SUnreclaim:        21832 kB
KernelStack:        9536 kB
PageTables:        19808 kB
NFS_Unstable:          0 kB
Bounce:                0 kB
WritebackTmp:          0 kB
CommitLimit:      675480 kB
Committed_AS:   46917744 kB
VmallocTotal:     253952 kB
VmallocUsed:       94376 kB
VmallocChunk:      53252 kB
Time pass: 285 sec

---2015-12-08 17:44:29
MemTotal:        1350964 kB
MemFree:           47504 kB
Buffers:            8152 kB
Cached:           493520 kB
SwapCached:            0 kB
Active:           722652 kB
Inactive:         304096 kB
Active(anon):     527120 kB
Inactive(anon):     1756 kB
Active(file):     195532 kB
Inactive(file):   302340 kB
Unevictable:        1988 kB
Mlocked:               0 kB
HighTotal:        802816 kB
HighFree:           1576 kB
LowTotal:         548148 kB
LowFree:           45928 kB
SwapTotal:             0 kB
SwapFree:              0 kB
Dirty:                28 kB
Writeback:             0 kB
AnonPages:        527000 kB
Mapped:           217936 kB
Shmem:              1804 kB
Slab:              33680 kB
SReclaimable:      11928 kB
SUnreclaim:        21752 kB
KernelStack:        9552 kB
PageTables:        19828 kB
NFS_Unstable:          0 kB
Bounce:                0 kB
WritebackTmp:          0 kB
CommitLimit:      675480 kB
Committed_AS:   46917732 kB
VmallocTotal:     253952 kB
VmallocUsed:       94376 kB
VmallocChunk:      53252 kB
Time pass: 289 sec

---2015-12-08 17:44:29
MemTotal:        1350964 kB
MemFree:           47808 kB
Buffers:            8168 kB
Cached:           493520 kB
SwapCached:            0 kB
Active:           722736 kB
Inactive:         304120 kB
Active(anon):     527204 kB
Inactive(anon):     1756 kB
Active(file):     195532 kB
Inactive(file):   302364 kB
Unevictable:        1988 kB
Mlocked:               0 kB
HighTotal:        802816 kB
HighFree:           1576 kB
LowTotal:         548148 kB
LowFree:           46232 kB
SwapTotal:             0 kB
SwapFree:              0 kB
Dirty:                 0 kB
Writeback:             0 kB
AnonPages:        527248 kB
Mapped:           217788 kB
Shmem:              1804 kB
Slab:              33648 kB
SReclaimable:      11928 kB
SUnreclaim:        21720 kB
KernelStack:        9552 kB
PageTables:        19828 kB
NFS_Unstable:          0 kB
Bounce:                0 kB
WritebackTmp:          0 kB
CommitLimit:      675480 kB
Committed_AS:   46917988 kB
VmallocTotal:     253952 kB
VmallocUsed:       94376 kB
VmallocChunk:      53252 kB
Time pass: 293 sec

---2015-12-08 17:44:29
MemTotal:        1350964 kB
MemFree:           47272 kB
Buffers:            8176 kB
Cached:           493520 kB
SwapCached:            0 kB
Active:           722700 kB
Inactive:         304120 kB
Active(anon):     527168 kB
Inactive(anon):     1756 kB
Active(file):     195532 kB
Inactive(file):   302364 kB
Unevictable:        1988 kB
Mlocked:               0 kB
HighTotal:        802816 kB
HighFree:           1576 kB
LowTotal:         548148 kB
LowFree:           45696 kB
SwapTotal:             0 kB
SwapFree:              0 kB
Dirty:                28 kB
Writeback:             0 kB
AnonPages:        527120 kB
Mapped:           217888 kB
Shmem:              1804 kB
Slab:              33652 kB
SReclaimable:      11928 kB
SUnreclaim:        21724 kB
KernelStack:        9552 kB
PageTables:        19812 kB
NFS_Unstable:          0 kB
Bounce:                0 kB
WritebackTmp:          0 kB
CommitLimit:      675480 kB
Committed_AS:   46917868 kB
VmallocTotal:     253952 kB
VmallocUsed:       94376 kB
VmallocChunk:      53252 kB
Time pass: 297 sec

---2015-12-08 17:44:29
MemTotal:        1350964 kB
MemFree:           46952 kB
Buffers:            8192 kB
Cached:           493520 kB
SwapCached:            0 kB
Active:           722764 kB
Inactive:         304144 kB
Active(anon):     527232 kB
Inactive(anon):     1756 kB
Active(file):     195532 kB
Inactive(file):   302388 kB
Unevictable:        1988 kB
Mlocked:               0 kB
HighTotal:        802816 kB
HighFree:           1576 kB
LowTotal:         548148 kB
LowFree:           45376 kB
SwapTotal:             0 kB
SwapFree:              0 kB
Dirty:                40 kB
Writeback:             0 kB
AnonPages:        527236 kB
Mapped:           217936 kB
Shmem:              1804 kB
Slab:              33680 kB
SReclaimable:      11928 kB
SUnreclaim:        21752 kB
KernelStack:        9552 kB
PageTables:        19828 kB
NFS_Unstable:          0 kB
Bounce:                0 kB
WritebackTmp:          0 kB
CommitLimit:      675480 kB
Committed_AS:   46917800 kB
VmallocTotal:     253952 kB
VmallocUsed:       94376 kB
VmallocChunk:      53252 kB
Time pass: 300 sec

---2015-12-08 17:44:29
MemTotal:        1350964 kB
MemFree:           46952 kB
Buffers:            8200 kB
Cached:           493512 kB
SwapCached:            0 kB
Active:           722852 kB
Inactive:         304144 kB
Active(anon):     527320 kB
Inactive(anon):     1756 kB
Active(file):     195532 kB
Inactive(file):   302388 kB
Unevictable:        1988 kB
Mlocked:               0 kB
HighTotal:        802816 kB
HighFree:           1576 kB
LowTotal:         548148 kB
LowFree:           45376 kB
SwapTotal:             0 kB
SwapFree:              0 kB
Dirty:                 0 kB
Writeback:             0 kB
AnonPages:        527136 kB
Mapped:           217788 kB
Shmem:              1804 kB
Slab:              33696 kB
SReclaimable:      11928 kB
SUnreclaim:        21768 kB
KernelStack:        9552 kB
PageTables:        19828 kB
NFS_Unstable:          0 kB
Bounce:                0 kB
WritebackTmp:          0 kB
CommitLimit:      675480 kB
Committed_AS:   46917772 kB
VmallocTotal:     253952 kB
VmallocUsed:       94376 kB
VmallocChunk:      53252 kB
Time pass: 304 sec

---2015-12-08 17:44:29
MemTotal:        1350964 kB
MemFree:           47652 kB
Buffers:            8216 kB
Cached:           493520 kB
SwapCached:            0 kB
Active:           723064 kB
Inactive:         304168 kB
Active(anon):     527532 kB
Inactive(anon):     1756 kB
Active(file):     195532 kB
Inactive(file):   302412 kB
Unevictable:        1988 kB
Mlocked:               0 kB
HighTotal:        802816 kB
HighFree:           1576 kB
LowTotal:         548148 kB
LowFree:           46076 kB
SwapTotal:             0 kB
SwapFree:              0 kB
Dirty:                44 kB
Writeback:             0 kB
AnonPages:        527536 kB
Mapped:           217936 kB
Shmem:              1804 kB
Slab:              33608 kB
SReclaimable:      11928 kB
SUnreclaim:        21680 kB
KernelStack:        9544 kB
PageTables:        19820 kB
NFS_Unstable:          0 kB
Bounce:                0 kB
WritebackTmp:          0 kB
CommitLimit:      675480 kB
Committed_AS:   46917924 kB
VmallocTotal:     253952 kB
VmallocUsed:       94376 kB
VmallocChunk:      53252 kB
Time pass: 307 sec

---2015-12-08 17:44:29
MemTotal:        1350964 kB
MemFree:           47784 kB
Buffers:            8216 kB
Cached:           493520 kB
SwapCached:            0 kB
Active:           723092 kB
Inactive:         304168 kB
Active(anon):     527560 kB
Inactive(anon):     1756 kB
Active(file):     195532 kB
Inactive(file):   302412 kB
Unevictable:        1988 kB
Mlocked:               0 kB
HighTotal:        802816 kB
HighFree:           1576 kB
LowTotal:         548148 kB
LowFree:           46208 kB
SwapTotal:             0 kB
SwapFree:              0 kB
Dirty:                 0 kB
Writeback:             0 kB
AnonPages:        527564 kB
Mapped:           217788 kB
Shmem:              1804 kB
Slab:              33636 kB
SReclaimable:      11928 kB
SUnreclaim:        21708 kB
KernelStack:        9544 kB
PageTables:        19824 kB
NFS_Unstable:          0 kB
Bounce:                0 kB
WritebackTmp:          0 kB
CommitLimit:      675480 kB
Committed_AS:   46917876 kB
VmallocTotal:     253952 kB
VmallocUsed:       94376 kB
VmallocChunk:      53252 kB
Time pass: 311 sec

---2015-12-08 17:44:29
MemTotal:        1350964 kB
MemFree:           46544 kB
Buffers:            8240 kB
Cached:           493504 kB
SwapCached:            0 kB
Active:           723272 kB
Inactive:         304168 kB
Active(anon):     527740 kB
Inactive(anon):     1756 kB
Active(file):     195532 kB
Inactive(file):   302412 kB
Unevictable:        1988 kB
Mlocked:               0 kB
HighTotal:        802816 kB
HighFree:           1576 kB
LowTotal:         548148 kB
LowFree:           44968 kB
SwapTotal:             0 kB
SwapFree:              0 kB
Dirty:                28 kB
Writeback:             0 kB
AnonPages:        527676 kB
Mapped:           217936 kB
Shmem:              1804 kB
Slab:              33652 kB
SReclaimable:      11928 kB
SUnreclaim:        21724 kB
KernelStack:        9544 kB
PageTables:        19824 kB
NFS_Unstable:          0 kB
Bounce:                0 kB
WritebackTmp:          0 kB
CommitLimit:      675480 kB
Committed_AS:   46917848 kB
VmallocTotal:     253952 kB
VmallocUsed:       94376 kB
VmallocChunk:      53252 kB
Time pass: 314 sec

---2015-12-08 17:44:29
MemTotal:        1350964 kB
MemFree:           46776 kB
Buffers:            8240 kB
Cached:           493520 kB
SwapCached:            0 kB
Active:           723276 kB
Inactive:         304192 kB
Active(anon):     527744 kB
Inactive(anon):     1756 kB
Active(file):     195532 kB
Inactive(file):   302436 kB
Unevictable:        1988 kB
Mlocked:               0 kB
HighTotal:        802816 kB
HighFree:           1576 kB
LowTotal:         548148 kB
LowFree:           45200 kB
SwapTotal:             0 kB
SwapFree:              0 kB
Dirty:                 0 kB
Writeback:             0 kB
AnonPages:        527740 kB
Mapped:           217788 kB
Shmem:              1804 kB
Slab:              33656 kB
SReclaimable:      11928 kB
SUnreclaim:        21728 kB
KernelStack:        9544 kB
PageTables:        19824 kB
NFS_Unstable:          0 kB
Bounce:                0 kB
WritebackTmp:          0 kB
CommitLimit:      675480 kB
Committed_AS:   46919044 kB
VmallocTotal:     253952 kB
VmallocUsed:       94376 kB
VmallocChunk:      53252 kB
Time pass: 318 sec

---2015-12-08 17:44:29
MemTotal:        1350964 kB
MemFree:           46752 kB
Buffers:            8256 kB
Cached:           493520 kB
SwapCached:            0 kB
Active:           723200 kB
Inactive:         304208 kB
Active(anon):     527668 kB
Inactive(anon):     1756 kB
Active(file):     195532 kB
Inactive(file):   302452 kB
Unevictable:        1988 kB
Mlocked:               0 kB
HighTotal:        802816 kB
HighFree:           1576 kB
LowTotal:         548148 kB
LowFree:           45176 kB
SwapTotal:             0 kB
SwapFree:              0 kB
Dirty:                40 kB
Writeback:             0 kB
AnonPages:        527704 kB
Mapped:           217936 kB
