---2015-12-05 14:07:44
MemTotal:        2873608 kB
MemFree:          119964 kB
Buffers:           22632 kB
Cached:          1327624 kB
SwapCached:            0 kB
Active:          1236688 kB
Inactive:         987264 kB
Active(anon):     693928 kB
Inactive(anon):   189660 kB
Active(file):     542760 kB
Inactive(file):   797604 kB
Unevictable:        8104 kB
Mlocked:               0 kB
SwapTotal:        718400 kB
SwapFree:         718400 kB
Dirty:               100 kB
Writeback:             0 kB
AnonPages:        881752 kB
Mapped:           418372 kB
Shmem:              1788 kB
Slab:              96976 kB
SReclaimable:      31900 kB
SUnreclaim:        65076 kB
KernelStack:       35600 kB
PageTables:        48136 kB
NFS_Unstable:          0 kB
Bounce:                0 kB
WritebackTmp:          0 kB
CommitLimit:     2155204 kB
Committed_AS:   118955688 kB
VmallocTotal:   251658176 kB
VmallocUsed:      135012 kB
VmallocChunk:   251417644 kB
Time pass: 3 sec

---2015-12-05 14:07:44
MemTotal:        2873608 kB
MemFree:           89676 kB
Buffers:           22544 kB
Cached:          1321820 kB
SwapCached:            0 kB
Active:          1290772 kB
Inactive:         963804 kB
Active(anon):     730428 kB
Inactive(anon):   189432 kB
Active(file):     560344 kB
Inactive(file):   774372 kB
Unevictable:        8104 kB
Mlocked:               0 kB
SwapTotal:        718400 kB
SwapFree:         718400 kB
Dirty:               424 kB
Writeback:             0 kB
AnonPages:        918480 kB
Mapped:           449504 kB
Shmem:              1508 kB
Slab:              97108 kB
SReclaimable:      31772 kB
SUnreclaim:        65336 kB
KernelStack:       36480 kB
PageTables:        48928 kB
NFS_Unstable:          0 kB
Bounce:                0 kB
WritebackTmp:          0 kB
CommitLimit:     2155204 kB
Committed_AS:   120017160 kB
VmallocTotal:   251658176 kB
VmallocUsed:      133832 kB
VmallocChunk:   251423788 kB
Time pass: 7 sec

---2015-12-05 14:07:44
MemTotal:        2873608 kB
MemFree:          104532 kB
Buffers:           22604 kB
Cached:          1322100 kB
SwapCached:            0 kB
Active:          1276584 kB
Inactive:         962000 kB
Active(anon):     714132 kB
Inactive(anon):   189572 kB
Active(file):     562452 kB
Inactive(file):   772428 kB
Unevictable:        8104 kB
Mlocked:               0 kB
SwapTotal:        718400 kB
SwapFree:         718400 kB
Dirty:               948 kB
Writeback:             0 kB
AnonPages:        901892 kB
Mapped:           481484 kB
Shmem:              1720 kB
Slab:              96664 kB
SReclaimable:      31824 kB
SUnreclaim:        64840 kB
KernelStack:       36608 kB
PageTables:        48948 kB
NFS_Unstable:          0 kB
Bounce:                0 kB
WritebackTmp:          0 kB
CommitLimit:     2155204 kB
Committed_AS:   118452700 kB
VmallocTotal:   251658176 kB
VmallocUsed:      133968 kB
VmallocChunk:   251423788 kB
Time pass: 11 sec

---2015-12-05 14:07:44
MemTotal:        2873608 kB
MemFree:           95004 kB
Buffers:           24208 kB
Cached:          1323688 kB
SwapCached:            0 kB
Active:          1310784 kB
Inactive:         935776 kB
Active(anon):     718916 kB
Inactive(anon):   189704 kB
Active(file):     591868 kB
Inactive(file):   746072 kB
Unevictable:        8104 kB
Mlocked:               0 kB
SwapTotal:        718400 kB
SwapFree:         718400 kB
Dirty:              6312 kB
Writeback:             0 kB
AnonPages:        906612 kB
Mapped:           463452 kB
Shmem:              1852 kB
Slab:              96648 kB
SReclaimable:      31824 kB
SUnreclaim:        64824 kB
KernelStack:       36560 kB
PageTables:        48208 kB
NFS_Unstable:          0 kB
Bounce:                0 kB
WritebackTmp:          0 kB
CommitLimit:     2155204 kB
Committed_AS:   116777220 kB
VmallocTotal:   251658176 kB
VmallocUsed:      134128 kB
VmallocChunk:   251424812 kB
Time pass: 15 sec

---2015-12-05 14:07:44
MemTotal:        2873608 kB
MemFree:           86784 kB
Buffers:           24332 kB
Cached:          1324496 kB
SwapCached:            0 kB
Active:          1331704 kB
Inactive:         923588 kB
Active(anon):     726716 kB
Inactive(anon):   189708 kB
Active(file):     604988 kB
Inactive(file):   733880 kB
Unevictable:        8104 kB
Mlocked:               0 kB
SwapTotal:        718400 kB
SwapFree:         718400 kB
Dirty:                24 kB
Writeback:             0 kB
AnonPages:        914976 kB
Mapped:           466800 kB
Shmem:              1856 kB
Slab:              96768 kB
SReclaimable:      31844 kB
SUnreclaim:        64924 kB
KernelStack:       36544 kB
PageTables:        48756 kB
NFS_Unstable:          0 kB
Bounce:                0 kB
WritebackTmp:          0 kB
CommitLimit:     2155204 kB
Committed_AS:   119132972 kB
VmallocTotal:   251658176 kB
VmallocUsed:      135012 kB
VmallocChunk:   251415596 kB
Time pass: 18 sec

---2015-12-05 14:07:44
MemTotal:        2873608 kB
MemFree:           62924 kB
Buffers:           24672 kB
Cached:          1238716 kB
SwapCached:            0 kB
Active:          1398688 kB
Inactive:         817504 kB
Active(anon):     774520 kB
Inactive(anon):   193524 kB
Active(file):     624168 kB
Inactive(file):   623980 kB
Unevictable:       13432 kB
Mlocked:               0 kB
SwapTotal:        718400 kB
SwapFree:         717960 kB
Dirty:              8248 kB
Writeback:             0 kB
AnonPages:        966688 kB
Mapped:           460004 kB
Shmem:              1480 kB
Slab:              95184 kB
SReclaimable:      29268 kB
SUnreclaim:        65916 kB
KernelStack:       38624 kB
PageTables:        50380 kB
NFS_Unstable:          0 kB
Bounce:                0 kB
WritebackTmp:          0 kB
CommitLimit:     2155204 kB
Committed_AS:   121013520 kB
VmallocTotal:   251658176 kB
VmallocUsed:      135732 kB
VmallocChunk:   251415596 kB
Time pass: 22 sec

---2015-12-05 14:07:44
MemTotal:        2873608 kB
MemFree:           97912 kB
Buffers:           24196 kB
Cached:          1141988 kB
SwapCached:            0 kB
Active:          1334808 kB
Inactive:         772572 kB
Active(anon):     757964 kB
Inactive(anon):   198152 kB
Active(file):     576844 kB
Inactive(file):   574420 kB
Unevictable:       13568 kB
Mlocked:               0 kB
SwapTotal:        718400 kB
SwapFree:         717188 kB
Dirty:              6632 kB
Writeback:             0 kB
AnonPages:        954988 kB
Mapped:           514692 kB
Shmem:              1320 kB
Slab:              98072 kB
SReclaimable:      31776 kB
SUnreclaim:        66296 kB
KernelStack:       38336 kB
PageTables:        49556 kB
NFS_Unstable:          0 kB
Bounce:                0 kB
WritebackTmp:          0 kB
CommitLimit:     2155204 kB
Committed_AS:   119720440 kB
VmallocTotal:   251658176 kB
VmallocUsed:      135264 kB
VmallocChunk:   251429932 kB
Time pass: 26 sec

---2015-12-05 14:07:44
MemTotal:        2873608 kB
MemFree:          130268 kB
Buffers:           24272 kB
Cached:          1142048 kB
SwapCached:            0 kB
Active:          1306460 kB
Inactive:         770956 kB
Active(anon):     727844 kB
Inactive(anon):   198128 kB
Active(file):     578616 kB
Inactive(file):   572828 kB
Unevictable:       13568 kB
Mlocked:               0 kB
SwapTotal:        718400 kB
SwapFree:         717188 kB
Dirty:              1024 kB
Writeback:             0 kB
AnonPages:        925028 kB
Mapped:           521312 kB
Shmem:              1308 kB
Slab:              97896 kB
SReclaimable:      31808 kB
SUnreclaim:        66088 kB
KernelStack:       37872 kB
PageTables:        50188 kB
NFS_Unstable:          0 kB
Bounce:                0 kB
WritebackTmp:          0 kB
CommitLimit:     2155204 kB
Committed_AS:   120299944 kB
VmallocTotal:   251658176 kB
VmallocUsed:      135240 kB
VmallocChunk:   251429932 kB
Time pass: 30 sec

---2015-12-05 14:07:44
MemTotal:        2873608 kB
MemFree:           72736 kB
Buffers:           25136 kB
Cached:          1167808 kB
SwapCached:            0 kB
Active:          1335864 kB
Inactive:         794808 kB
Active(anon):     754308 kB
Inactive(anon):   198048 kB
Active(file):     581556 kB
Inactive(file):   596760 kB
Unevictable:       13568 kB
Mlocked:               0 kB
SwapTotal:        718400 kB
SwapFree:         717188 kB
Dirty:               124 kB
Writeback:             0 kB
AnonPages:        950472 kB
Mapped:           546084 kB
Shmem:              1236 kB
Slab:              97828 kB
SReclaimable:      31808 kB
SUnreclaim:        66020 kB
KernelStack:       38352 kB
PageTables:        50412 kB
NFS_Unstable:          0 kB
Bounce:                0 kB
WritebackTmp:          0 kB
CommitLimit:     2155204 kB
Committed_AS:   119907260 kB
VmallocTotal:   251658176 kB
VmallocUsed:      135400 kB
VmallocChunk:   251429932 kB
Time pass: 34 sec

---2015-12-05 14:07:44
MemTotal:        2873608 kB
MemFree:           74368 kB
Buffers:           26360 kB
Cached:          1175308 kB
SwapCached:            0 kB
Active:          1332408 kB
Inactive:         794796 kB
Active(anon):     742308 kB
Inactive(anon):   198056 kB
Active(file):     590100 kB
Inactive(file):   596740 kB
Unevictable:       13568 kB
Mlocked:               0 kB
SwapTotal:        718400 kB
SwapFree:         717188 kB
Dirty:               356 kB
Writeback:             0 kB
AnonPages:        939168 kB
Mapped:           551608 kB
Shmem:              1264 kB
Slab:              98044 kB
SReclaimable:      31904 kB
SUnreclaim:        66140 kB
KernelStack:       38736 kB
PageTables:        51400 kB
NFS_Unstable:          0 kB
Bounce:                0 kB
WritebackTmp:          0 kB
CommitLimit:     2155204 kB
Committed_AS:   122238412 kB
VmallocTotal:   251658176 kB
VmallocUsed:      137440 kB
VmallocChunk:   251429932 kB
Time pass: 37 sec

---2015-12-05 14:07:44
MemTotal:        2873608 kB
MemFree:           88060 kB
Buffers:           26416 kB
Cached:          1159936 kB
SwapCached:            0 kB
Active:          1334592 kB
Inactive:         783624 kB
Active(anon):     749308 kB
Inactive(anon):   197368 kB
Active(file):     585284 kB
Inactive(file):   586256 kB
Unevictable:       13568 kB
Mlocked:               0 kB
SwapTotal:        718400 kB
SwapFree:         716708 kB
Dirty:               320 kB
Writeback:             0 kB
AnonPages:        945604 kB
Mapped:           510812 kB
Shmem:              1124 kB
Slab:              98696 kB
SReclaimable:      31920 kB
SUnreclaim:        66776 kB
KernelStack:       38160 kB
PageTables:        51480 kB
NFS_Unstable:          0 kB
Bounce:                0 kB
WritebackTmp:          0 kB
CommitLimit:     2155204 kB
Committed_AS:   125627156 kB
VmallocTotal:   251658176 kB
VmallocUsed:      138324 kB
VmallocChunk:   251429932 kB
Time pass: 41 sec

---2015-12-05 14:07:44
MemTotal:        2873608 kB
MemFree:           84828 kB
Buffers:           18220 kB
Cached:          1046360 kB
SwapCached:            0 kB
Active:          1334004 kB
Inactive:         732592 kB
Active(anon):     810224 kB
Inactive(anon):   206792 kB
Active(file):     523780 kB
Inactive(file):   525800 kB
Unevictable:       13568 kB
Mlocked:               0 kB
SwapTotal:        718400 kB
SwapFree:         715508 kB
Dirty:               796 kB
Writeback:             0 kB
AnonPages:       1015900 kB
Mapped:           548804 kB
Shmem:              1344 kB
Slab:              99320 kB
SReclaimable:      31532 kB
SUnreclaim:        67788 kB
KernelStack:       39648 kB
PageTables:        51804 kB
NFS_Unstable:          0 kB
Bounce:                0 kB
WritebackTmp:          0 kB
CommitLimit:     2155204 kB
Committed_AS:   122697100 kB
VmallocTotal:   251658176 kB
VmallocUsed:      137516 kB
VmallocChunk:   251429932 kB
Time pass: 45 sec

---2015-12-05 14:07:44
MemTotal:        2873608 kB
MemFree:           97680 kB
Buffers:           18924 kB
Cached:          1044496 kB
SwapCached:            0 kB
Active:          1349492 kB
Inactive:         705600 kB
Active(anon):     799104 kB
Inactive(anon):   208380 kB
Active(file):     550388 kB
Inactive(file):   497220 kB
Unevictable:       13568 kB
Mlocked:               0 kB
SwapTotal:        718400 kB
SwapFree:         715416 kB
Dirty:               544 kB
Writeback:             0 kB
AnonPages:       1005312 kB
Mapped:           562184 kB
Shmem:              2164 kB
Slab:              99212 kB
SReclaimable:      31756 kB
SUnreclaim:        67456 kB
KernelStack:       39520 kB
PageTables:        52168 kB
NFS_Unstable:          0 kB
Bounce:                0 kB
WritebackTmp:          0 kB
CommitLimit:     2155204 kB
Committed_AS:   123252500 kB
VmallocTotal:   251658176 kB
VmallocUsed:      136496 kB
VmallocChunk:   251429932 kB
Time pass: 49 sec

---2015-12-05 14:07:44
MemTotal:        2873608 kB
MemFree:           68592 kB
Buffers:           17836 kB
Cached:          1019424 kB
SwapCached:            0 kB
Active:          1343448 kB
Inactive:         708060 kB
Active(anon):     821940 kB
Inactive(anon):   206972 kB
Active(file):     521508 kB
Inactive(file):   501088 kB
Unevictable:       13568 kB
Mlocked:               0 kB
SwapTotal:        718400 kB
SwapFree:         714156 kB
Dirty:              2124 kB
Writeback:             0 kB
AnonPages:       1028136 kB
Mapped:           604660 kB
Shmem:              1068 kB
Slab:              99244 kB
SReclaimable:      31740 kB
SUnreclaim:        67504 kB
KernelStack:       39536 kB
PageTables:        52204 kB
NFS_Unstable:          0 kB
Bounce:                0 kB
WritebackTmp:          0 kB
CommitLimit:     2155204 kB
Committed_AS:   123264684 kB
VmallocTotal:   251658176 kB
VmallocUsed:      136780 kB
VmallocChunk:   251429932 kB
Time pass: 52 sec

---2015-12-05 14:07:44
MemTotal:        2873608 kB
MemFree:           72232 kB
Buffers:           17768 kB
Cached:          1014924 kB
SwapCached:            0 kB
Active:          1327756 kB
Inactive:         710724 kB
Active(anon):     813516 kB
Inactive(anon):   206992 kB
Active(file):     514240 kB
Inactive(file):   503732 kB
Unevictable:       13568 kB
Mlocked:               0 kB
SwapTotal:        718400 kB
SwapFree:         713904 kB
Dirty:               700 kB
Writeback:             0 kB
AnonPages:       1019108 kB
Mapped:           616560 kB
Shmem:              1132 kB
Slab:              99620 kB
SReclaimable:      32152 kB
SUnreclaim:        67468 kB
KernelStack:       39152 kB
PageTables:        51696 kB
NFS_Unstable:          0 kB
Bounce:                0 kB
WritebackTmp:          0 kB
CommitLimit:     2155204 kB
Committed_AS:   121481512 kB
VmallocTotal:   251658176 kB
VmallocUsed:      135852 kB
VmallocChunk:   251429932 kB
Time pass: 56 sec

---2015-12-05 14:07:44
MemTotal:        2873608 kB
MemFree:           75432 kB
Buffers:           17824 kB
Cached:          1015020 kB
SwapCached:            0 kB
Active:          1324744 kB
Inactive:         710484 kB
Active(anon):     810092 kB
Inactive(anon):   206992 kB
Active(file):     514652 kB
Inactive(file):   503492 kB
Unevictable:       13568 kB
Mlocked:               0 kB
SwapTotal:        718400 kB
SwapFree:         713904 kB
Dirty:               200 kB
Writeback:             0 kB
AnonPages:       1016212 kB
Mapped:           616956 kB
Shmem:              1132 kB
Slab:              99564 kB
SReclaimable:      32152 kB
SUnreclaim:        67412 kB
KernelStack:       39232 kB
PageTables:        51744 kB
NFS_Unstable:          0 kB
Bounce:                0 kB
WritebackTmp:          0 kB
CommitLimit:     2155204 kB
Committed_AS:   121483000 kB
VmallocTotal:   251658176 kB
VmallocUsed:      135852 kB
VmallocChunk:   251429932 kB
Time pass: 60 sec

---2015-12-05 14:07:44
MemTotal:        2873608 kB
MemFree:           66792 kB
Buffers:           17132 kB
Cached:          1008596 kB
SwapCached:            0 kB
Active:          1321400 kB
Inactive:         708572 kB
Active(anon):     812276 kB
Inactive(anon):   206680 kB
Active(file):     509124 kB
Inactive(file):   501892 kB
Unevictable:       13568 kB
Mlocked:               0 kB
SwapTotal:        718400 kB
SwapFree:         713656 kB
Dirty:               100 kB
Writeback:             0 kB
AnonPages:       1017876 kB
Mapped:           626876 kB
Shmem:              1132 kB
Slab:              99096 kB
SReclaimable:      31688 kB
SUnreclaim:        67408 kB
KernelStack:       39456 kB
PageTables:        51816 kB
NFS_Unstable:          0 kB
Bounce:                0 kB
WritebackTmp:          0 kB
CommitLimit:     2155204 kB
Committed_AS:   121483120 kB
VmallocTotal:   251658176 kB
VmallocUsed:      135964 kB
VmallocChunk:   251429932 kB
Time pass: 64 sec

---2015-12-05 14:07:44
MemTotal:        2873608 kB
MemFree:           64980 kB
Buffers:           17148 kB
Cached:          1008652 kB
SwapCached:            0 kB
Active:          1323660 kB
Inactive:         708640 kB
Active(anon):     814520 kB
Inactive(anon):   206680 kB
Active(file):     509140 kB
Inactive(file):   501960 kB
Unevictable:       13568 kB
Mlocked:               0 kB
SwapTotal:        718400 kB
SwapFree:         713656 kB
Dirty:                32 kB
Writeback:             0 kB
AnonPages:       1020140 kB
Mapped:           626904 kB
Shmem:              1132 kB
Slab:              99400 kB
SReclaimable:      31992 kB
SUnreclaim:        67408 kB
KernelStack:       39488 kB
PageTables:        51820 kB
NFS_Unstable:          0 kB
Bounce:                0 kB
WritebackTmp:          0 kB
CommitLimit:     2155204 kB
Committed_AS:   121483136 kB
VmallocTotal:   251658176 kB
VmallocUsed:      135964 kB
VmallocChunk:   251429932 kB
Time pass: 68 sec

---2015-12-05 14:07:44
MemTotal:        2873608 kB
MemFree:           67308 kB
Buffers:           16792 kB
Cached:           981852 kB
SwapCached:            0 kB
Active:          1315344 kB
Inactive:         695832 kB
Active(anon):     820308 kB
Inactive(anon):   206924 kB
Active(file):     495036 kB
Inactive(file):   488908 kB
Unevictable:       13568 kB
Mlocked:               0 kB
SwapTotal:        718400 kB
SwapFree:         712788 kB
Dirty:               624 kB
Writeback:             0 kB
AnonPages:       1026188 kB
Mapped:           642776 kB
Shmem:              1132 kB
Slab:              99652 kB
SReclaimable:      32200 kB
SUnreclaim:        67452 kB
KernelStack:       39472 kB
PageTables:        51868 kB
NFS_Unstable:          0 kB
Bounce:                0 kB
WritebackTmp:          0 kB
CommitLimit:     2155204 kB
Committed_AS:   121492200 kB
VmallocTotal:   251658176 kB
VmallocUsed:      136120 kB
VmallocChunk:   251429932 kB
Time pass: 72 sec

---2015-12-05 14:07:44
MemTotal:        2873608 kB
MemFree:           64544 kB
Buffers:           16472 kB
Cached:           973540 kB
SwapCached:            0 kB
Active:          1322916 kB
Inactive:         692320 kB
Active(anon):     832800 kB
Inactive(anon):   207196 kB
Active(file):     490116 kB
Inactive(file):   485124 kB
Unevictable:       13568 kB
Mlocked:               0 kB
SwapTotal:        718400 kB
SwapFree:         712284 kB
Dirty:               304 kB
Writeback:             0 kB
AnonPages:       1039124 kB
Mapped:           645844 kB
Shmem:              1132 kB
Slab:              99872 kB
SReclaimable:      32264 kB
SUnreclaim:        67608 kB
KernelStack:       39536 kB
PageTables:        51892 kB
NFS_Unstable:          0 kB
Bounce:                0 kB
WritebackTmp:          0 kB
CommitLimit:     2155204 kB
Committed_AS:   121500376 kB
VmallocTotal:   251658176 kB
VmallocUsed:      136120 kB
VmallocChunk:   251429932 kB
Time pass: 75 sec

---2015-12-05 14:07:44
MemTotal:        2873608 kB
MemFree:           66120 kB
Buffers:           16332 kB
Cached:           962820 kB
SwapCached:            4 kB
Active:          1325636 kB
Inactive:         689948 kB
Active(anon):     841156 kB
Inactive(anon):   210112 kB
Active(file):     484480 kB
Inactive(file):   479836 kB
Unevictable:       13568 kB
Mlocked:               0 kB
SwapTotal:        718400 kB
SwapFree:         711712 kB
Dirty:               356 kB
Writeback:             0 kB
AnonPages:       1049828 kB
Mapped:           646524 kB
Shmem:              1268 kB
Slab:              99916 kB
SReclaimable:      32136 kB
SUnreclaim:        67780 kB
KernelStack:       39824 kB
PageTables:        52116 kB
NFS_Unstable:          0 kB
Bounce:                0 kB
WritebackTmp:          0 kB
CommitLimit:     2155204 kB
Committed_AS:   121536220 kB
VmallocTotal:   251658176 kB
VmallocUsed:      138552 kB
VmallocChunk:   251429932 kB
Time pass: 79 sec

---2015-12-05 14:07:44
MemTotal:        2873608 kB
MemFree:           67392 kB
Buffers:           16220 kB
Cached:           933704 kB
SwapCached:            4 kB
Active:          1310992 kB
Inactive:         674444 kB
Active(anon):     840344 kB
Inactive(anon):   210032 kB
Active(file):     470648 kB
Inactive(file):   464412 kB
Unevictable:       13568 kB
Mlocked:               0 kB
SwapTotal:        718400 kB
SwapFree:         710076 kB
Dirty:                80 kB
Writeback:             0 kB
AnonPages:       1049164 kB
Mapped:           646072 kB
Shmem:              1296 kB
Slab:              99896 kB
SReclaimable:      32104 kB
SUnreclaim:        67792 kB
KernelStack:       39776 kB
PageTables:        52268 kB
NFS_Unstable:          0 kB
Bounce:                0 kB
WritebackTmp:          0 kB
CommitLimit:     2155204 kB
Committed_AS:   121536260 kB
VmallocTotal:   251658176 kB
VmallocUsed:      138552 kB
VmallocChunk:   251429932 kB
Time pass: 83 sec

---2015-12-05 14:07:44
MemTotal:        2873608 kB
MemFree:           65380 kB
Buffers:           16236 kB
Cached:           933768 kB
SwapCached:            4 kB
Active:          1313264 kB
Inactive:         674516 kB
Active(anon):     842604 kB
Inactive(anon):   210088 kB
Active(file):     470660 kB
Inactive(file):   464428 kB
Unevictable:       13568 kB
Mlocked:               0 kB
SwapTotal:        718400 kB
SwapFree:         710076 kB
Dirty:                60 kB
Writeback:             0 kB
AnonPages:       1051416 kB
Mapped:           646080 kB
Shmem:              1348 kB
Slab:              99800 kB
SReclaimable:      32104 kB
SUnreclaim:        67696 kB
KernelStack:       39792 kB
PageTables:        52240 kB
NFS_Unstable:          0 kB
Bounce:                0 kB
WritebackTmp:          0 kB
CommitLimit:     2155204 kB
Committed_AS:   121540364 kB
VmallocTotal:   251658176 kB
VmallocUsed:      138552 kB
VmallocChunk:   251429932 kB
Time pass: 87 sec

---2015-12-05 14:07:44
MemTotal:        2873608 kB
MemFree:           71448 kB
Buffers:           16252 kB
Cached:           933992 kB
SwapCached:            4 kB
Active:          1308480 kB
Inactive:         674756 kB
Active(anon):     837820 kB
Inactive(anon):   210312 kB
Active(file):     470660 kB
Inactive(file):   464444 kB
Unevictable:       13568 kB
Mlocked:               0 kB
SwapTotal:        718400 kB
SwapFree:         710076 kB
Dirty:                 0 kB
Writeback:             0 kB
AnonPages:       1046576 kB
Mapped:           639420 kB
Shmem:              1572 kB
Slab:              99740 kB
SReclaimable:      32104 kB
SUnreclaim:        67636 kB
KernelStack:       39376 kB
PageTables:        51616 kB
NFS_Unstable:          0 kB
Bounce:                0 kB
WritebackTmp:          0 kB
CommitLimit:     2155204 kB
Committed_AS:   119761072 kB
VmallocTotal:   251658176 kB
VmallocUsed:      137532 kB
VmallocChunk:   251429932 kB
Time pass: 90 sec

---2015-12-05 14:07:44
MemTotal:        2873608 kB
MemFree:           70768 kB
Buffers:           16260 kB
Cached:           934004 kB
SwapCached:            4 kB
Active:          1308408 kB
Inactive:         674768 kB
Active(anon):     837748 kB
Inactive(anon):   210324 kB
Active(file):     470660 kB
Inactive(file):   464444 kB
Unevictable:       13568 kB
Mlocked:               0 kB
SwapTotal:        718400 kB
SwapFree:         710076 kB
Dirty:                28 kB
Writeback:             0 kB
AnonPages:       1046480 kB
Mapped:           639432 kB
Shmem:              1584 kB
Slab:              99732 kB
SReclaimable:      32104 kB
SUnreclaim:        67628 kB
KernelStack:       39296 kB
PageTables:        51620 kB
NFS_Unstable:          0 kB
Bounce:                0 kB
WritebackTmp:          0 kB
CommitLimit:     2155204 kB
Committed_AS:   119761120 kB
VmallocTotal:   251658176 kB
VmallocUsed:      137532 kB
VmallocChunk:   251429932 kB
Time pass: 94 sec

---2015-12-05 14:07:44
MemTotal:        2873608 kB
MemFree:           81164 kB
Buffers:           16276 kB
Cached:           936472 kB
SwapCached:            4 kB
Active:          1305508 kB
Inactive:         670052 kB
Active(anon):     827644 kB
Inactive(anon):   209752 kB
Active(file):     477864 kB
Inactive(file):   460300 kB
Unevictable:       13568 kB
Mlocked:               0 kB
SwapTotal:        718400 kB
SwapFree:         710076 kB
Dirty:               260 kB
Writeback:             0 kB
AnonPages:       1036724 kB
Mapped:           640320 kB
Shmem:              1016 kB
Slab:              99900 kB
SReclaimable:      32104 kB
SUnreclaim:        67796 kB
KernelStack:       38928 kB
PageTables:        51264 kB
NFS_Unstable:          0 kB
Bounce:                0 kB
WritebackTmp:          0 kB
CommitLimit:     2155204 kB
Committed_AS:   119738092 kB
VmallocTotal:   251658176 kB
VmallocUsed:      137532 kB
VmallocChunk:   251429932 kB
Time pass: 98 sec

---2015-12-05 14:07:44
MemTotal:        2873608 kB
MemFree:          328104 kB
Buffers:           15992 kB
Cached:           910044 kB
SwapCached:            4 kB
Active:          1188372 kB
Inactive:         659260 kB
Active(anon):     728576 kB
Inactive(anon):   207368 kB
Active(file):     459796 kB
Inactive(file):   451892 kB
Unevictable:       13568 kB
Mlocked:               0 kB
SwapTotal:        718400 kB
SwapFree:         708368 kB
Dirty:               408 kB
Writeback:             0 kB
AnonPages:        935180 kB
Mapped:           476080 kB
Shmem:               704 kB
Slab:              99532 kB
SReclaimable:      32168 kB
SUnreclaim:        67364 kB
KernelStack:       37440 kB
PageTables:        48952 kB
NFS_Unstable:          0 kB
Bounce:                0 kB
WritebackTmp:          0 kB
CommitLimit:     2155204 kB
Committed_AS:   116531608 kB
VmallocTotal:   251658176 kB
VmallocUsed:      134556 kB
VmallocChunk:   251429932 kB
Time pass: 102 sec

---2015-12-05 14:07:44
MemTotal:        2873608 kB
MemFree:          394396 kB
Buffers:           16008 kB
Cached:           911212 kB
SwapCached:           12 kB
Active:          1199708 kB
Inactive:         654924 kB
Active(anon):     734572 kB
Inactive(anon):   207368 kB
Active(file):     465136 kB
Inactive(file):   447556 kB
Unevictable:       13568 kB
Mlocked:               0 kB
SwapTotal:        718400 kB
SwapFree:         708368 kB
Dirty:                 0 kB
Writeback:             0 kB
AnonPages:        941456 kB
Mapped:           451260 kB
Shmem:               704 kB
Slab:              99516 kB
SReclaimable:      32168 kB
SUnreclaim:        67348 kB
KernelStack:       37376 kB
PageTables:        49492 kB
NFS_Unstable:          0 kB
Bounce:                0 kB
WritebackTmp:          0 kB
CommitLimit:     2155204 kB
Committed_AS:   117813108 kB
VmallocTotal:   251658176 kB
VmallocUsed:      134772 kB
VmallocChunk:   251429932 kB
Time pass: 105 sec

---2015-12-05 14:07:44
MemTotal:        2873608 kB
MemFree:          263520 kB
Buffers:           16084 kB
Cached:           913624 kB
SwapCached:           56 kB
Active:          1248148 kB
Inactive:         652500 kB
Active(anon):     777784 kB
Inactive(anon):   207536 kB
Active(file):     470364 kB
Inactive(file):   444964 kB
Unevictable:       13568 kB
Mlocked:               0 kB
SwapTotal:        718400 kB
SwapFree:         708368 kB
Dirty:               756 kB
Writeback:             8 kB
AnonPages:        984272 kB
Mapped:           538072 kB
Shmem:               840 kB
Slab:              99744 kB
SReclaimable:      32200 kB
SUnreclaim:        67544 kB
KernelStack:       38784 kB
PageTables:        50832 kB
NFS_Unstable:          0 kB
Bounce:                0 kB
WritebackTmp:          0 kB
CommitLimit:     2155204 kB
Committed_AS:   119643948 kB
VmallocTotal:   251658176 kB
VmallocUsed:      136572 kB
VmallocChunk:   251429932 kB
Time pass: 109 sec

---2015-12-05 14:07:44
MemTotal:        2873608 kB
MemFree:          206388 kB
Buffers:           16084 kB
Cached:           915652 kB
SwapCached:           56 kB
Active:          1240588 kB
Inactive:         652308 kB
Active(anon):     768036 kB
Inactive(anon):   207532 kB
Active(file):     472552 kB
Inactive(file):   444776 kB
Unevictable:       13568 kB
Mlocked:               0 kB
SwapTotal:        718400 kB
SwapFree:         708368 kB
Dirty:              2088 kB
Writeback:             0 kB
AnonPages:        974680 kB
Mapped:           590372 kB
Shmem:               840 kB
Slab:              99480 kB
SReclaimable:      31984 kB
SUnreclaim:        67496 kB
KernelStack:       38240 kB
PageTables:        50772 kB
NFS_Unstable:          0 kB
Bounce:                0 kB
WritebackTmp:          0 kB
CommitLimit:     2155204 kB
Committed_AS:   120182132 kB
VmallocTotal:   251658176 kB
VmallocUsed:      134520 kB
VmallocChunk:   251429932 kB
Time pass: 113 sec

---2015-12-05 14:07:44
MemTotal:        2873608 kB
MemFree:          205404 kB
Buffers:           16108 kB
Cached:           915644 kB
SwapCached:           56 kB
Active:          1241384 kB
Inactive:         652320 kB
Active(anon):     768828 kB
Inactive(anon):   207532 kB
Active(file):     472556 kB
Inactive(file):   444788 kB
Unevictable:       13568 kB
Mlocked:               0 kB
SwapTotal:        718400 kB
SwapFree:         708368 kB
Dirty:               124 kB
Writeback:             0 kB
AnonPages:        975340 kB
Mapped:           590468 kB
Shmem:               840 kB
Slab:              99352 kB
SReclaimable:      31984 kB
SUnreclaim:        67368 kB
KernelStack:       38240 kB
PageTables:        50824 kB
NFS_Unstable:          0 kB
Bounce:                0 kB
WritebackTmp:          0 kB
CommitLimit:     2155204 kB
Committed_AS:   120182300 kB
VmallocTotal:   251658176 kB
VmallocUsed:      134520 kB
VmallocChunk:   251429932 kB
Time pass: 116 sec

---2015-12-05 14:07:44
MemTotal:        2873608 kB
MemFree:          189552 kB
Buffers:           16108 kB
Cached:           915760 kB
SwapCached:           56 kB
Active:          1242280 kB
Inactive:         652260 kB
Active(anon):     769580 kB
Inactive(anon):   207532 kB
Active(file):     472700 kB
Inactive(file):   444728 kB
Unevictable:       13568 kB
Mlocked:               0 kB
SwapTotal:        718400 kB
SwapFree:         708368 kB
Dirty:                96 kB
Writeback:             0 kB
AnonPages:        976336 kB
Mapped:           600248 kB
Shmem:               840 kB
Slab:              99332 kB
SReclaimable:      31984 kB
SUnreclaim:        67348 kB
KernelStack:       38272 kB
PageTables:        50848 kB
NFS_Unstable:          0 kB
Bounce:                0 kB
WritebackTmp:          0 kB
CommitLimit:     2155204 kB
Committed_AS:   120182508 kB
VmallocTotal:   251658176 kB
VmallocUsed:      134628 kB
VmallocChunk:   251429932 kB
Time pass: 120 sec

---2015-12-05 14:07:44
MemTotal:        2873608 kB
MemFree:          160784 kB
Buffers:           16116 kB
Cached:           915804 kB
SwapCached:           56 kB
Active:          1248620 kB
Inactive:         652248 kB
Active(anon):     775848 kB
Inactive(anon):   207532 kB
Active(file):     472772 kB
Inactive(file):   444716 kB
Unevictable:       13568 kB
Mlocked:               0 kB
SwapTotal:        718400 kB
SwapFree:         708368 kB
Dirty:               672 kB
Writeback:             0 kB
AnonPages:        982740 kB
Mapped:           612484 kB
Shmem:               840 kB
Slab:              99268 kB
SReclaimable:      31984 kB
SUnreclaim:        67284 kB
KernelStack:       38272 kB
PageTables:        50792 kB
NFS_Unstable:          0 kB
Bounce:                0 kB
WritebackTmp:          0 kB
CommitLimit:     2155204 kB
Committed_AS:   120191100 kB
VmallocTotal:   251658176 kB
VmallocUsed:      134788 kB
VmallocChunk:   251429932 kB
Time pass: 124 sec

---2015-12-05 14:07:44
MemTotal:        2873608 kB
MemFree:          160116 kB
Buffers:           16116 kB
Cached:           915816 kB
SwapCached:           56 kB
Active:          1249736 kB
Inactive:         652260 kB
Active(anon):     776940 kB
Inactive(anon):   207532 kB
Active(file):     472796 kB
Inactive(file):   444728 kB
Unevictable:       13568 kB
Mlocked:               0 kB
SwapTotal:        718400 kB
SwapFree:         708368 kB
Dirty:               588 kB
Writeback:             0 kB
AnonPages:        983804 kB
Mapped:           613764 kB
Shmem:               840 kB
Slab:              99324 kB
SReclaimable:      31984 kB
SUnreclaim:        67340 kB
KernelStack:       38272 kB
PageTables:        50804 kB
NFS_Unstable:          0 kB
Bounce:                0 kB
WritebackTmp:          0 kB
CommitLimit:     2155204 kB
Committed_AS:   120191180 kB
VmallocTotal:   251658176 kB
VmallocUsed:      134788 kB
VmallocChunk:   251429932 kB
Time pass: 127 sec

---2015-12-05 14:07:44
MemTotal:        2873608 kB
MemFree:          163948 kB
Buffers:           16124 kB
Cached:           915816 kB
SwapCached:           56 kB
Active:          1245088 kB
Inactive:         652264 kB
Active(anon):     772292 kB
Inactive(anon):   207532 kB
Active(file):     472796 kB
Inactive(file):   444732 kB
Unevictable:       13568 kB
Mlocked:               0 kB
SwapTotal:        718400 kB
SwapFree:         708368 kB
Dirty:                 0 kB
Writeback:             0 kB
AnonPages:        978912 kB
Mapped:           613776 kB
Shmem:               840 kB
Slab:              99324 kB
SReclaimable:      31984 kB
SUnreclaim:        67340 kB
KernelStack:       38272 kB
PageTables:        50808 kB
NFS_Unstable:          0 kB
Bounce:                0 kB
WritebackTmp:          0 kB
CommitLimit:     2155204 kB
Committed_AS:   120191172 kB
VmallocTotal:   251658176 kB
VmallocUsed:      134788 kB
VmallocChunk:   251429932 kB
Time pass: 131 sec

---2015-12-05 14:07:44
MemTotal:        2873608 kB
MemFree:          164588 kB
Buffers:           17668 kB
Cached:           915816 kB
SwapCached:           56 kB
Active:          1241824 kB
Inactive:         653812 kB
Active(anon):     769028 kB
Inactive(anon):   207532 kB
Active(file):     472796 kB
Inactive(file):   446280 kB
Unevictable:       13568 kB
Mlocked:               0 kB
SwapTotal:        718400 kB
SwapFree:         708368 kB
Dirty:                64 kB
Writeback:             0 kB
AnonPages:        975724 kB
Mapped:           613928 kB
Shmem:               840 kB
Slab:              99296 kB
SReclaimable:      31984 kB
SUnreclaim:        67312 kB
KernelStack:       38272 kB
PageTables:        50808 kB
NFS_Unstable:          0 kB
Bounce:                0 kB
WritebackTmp:          0 kB
CommitLimit:     2155204 kB
Committed_AS:   120191276 kB
VmallocTotal:   251658176 kB
VmallocUsed:      134788 kB
VmallocChunk:   251429932 kB
Time pass: 135 sec

---2015-12-05 14:07:44
MemTotal:        2873608 kB
MemFree:          149112 kB
Buffers:           17716 kB
Cached:           915988 kB
SwapCached:           56 kB
Active:          1256748 kB
Inactive:         653028 kB
Active(anon):     782952 kB
Inactive(anon):   207684 kB
Active(file):     473796 kB
Inactive(file):   445344 kB
Unevictable:       13568 kB
Mlocked:               0 kB
SwapTotal:        718400 kB
SwapFree:         708368 kB
Dirty:               204 kB
Writeback:             0 kB
AnonPages:        989640 kB
Mapped:           617064 kB
Shmem:               996 kB
Slab:              99356 kB
SReclaimable:      31984 kB
SUnreclaim:        67372 kB
KernelStack:       38640 kB
PageTables:        51028 kB
NFS_Unstable:          0 kB
Bounce:                0 kB
WritebackTmp:          0 kB
CommitLimit:     2155204 kB
Committed_AS:   120231176 kB
VmallocTotal:   251658176 kB
VmallocUsed:      137220 kB
VmallocChunk:   251429932 kB
Time pass: 139 sec

---2015-12-05 14:07:44
MemTotal:        2873608 kB
MemFree:          150116 kB
Buffers:           17732 kB
Cached:           916076 kB
SwapCached:           56 kB
Active:          1255376 kB
Inactive:         653128 kB
Active(anon):     781576 kB
Inactive(anon):   207772 kB
Active(file):     473800 kB
Inactive(file):   445356 kB
Unevictable:       13568 kB
Mlocked:               0 kB
SwapTotal:        718400 kB
SwapFree:         708368 kB
Dirty:               136 kB
Writeback:             0 kB
AnonPages:        988264 kB
Mapped:           616992 kB
Shmem:              1084 kB
Slab:              99420 kB
SReclaimable:      31984 kB
SUnreclaim:        67436 kB
KernelStack:       38592 kB
PageTables:        50688 kB
NFS_Unstable:          0 kB
Bounce:                0 kB
WritebackTmp:          0 kB
CommitLimit:     2155204 kB
Committed_AS:   118994980 kB
VmallocTotal:   251658176 kB
VmallocUsed:      136200 kB
VmallocChunk:   251429932 kB
Time pass: 143 sec

---2015-12-05 14:07:44
MemTotal:        2873608 kB
MemFree:          149524 kB
Buffers:           17740 kB
Cached:           916260 kB
SwapCached:           56 kB
Active:          1255868 kB
Inactive:         653320 kB
Active(anon):     782068 kB
Inactive(anon):   207964 kB
Active(file):     473800 kB
Inactive(file):   445356 kB
Unevictable:       13568 kB
Mlocked:               0 kB
SwapTotal:        718400 kB
SwapFree:         708368 kB
Dirty:                 4 kB
Writeback:             0 kB
AnonPages:        988768 kB
Mapped:           617184 kB
Shmem:              1276 kB
Slab:              99352 kB
SReclaimable:      31984 kB
SUnreclaim:        67368 kB
KernelStack:       38416 kB
PageTables:        50628 kB
NFS_Unstable:          0 kB
Bounce:                0 kB
WritebackTmp:          0 kB
CommitLimit:     2155204 kB
Committed_AS:   118995044 kB
VmallocTotal:   251658176 kB
VmallocUsed:      136200 kB
VmallocChunk:   251429932 kB
Time pass: 147 sec

---2015-12-05 14:07:44
MemTotal:        2873608 kB
MemFree:          149272 kB
Buffers:           17740 kB
Cached:           916268 kB
SwapCached:           56 kB
Active:          1256092 kB
Inactive:         653328 kB
Active(anon):     782292 kB
Inactive(anon):   207964 kB
Active(file):     473800 kB
Inactive(file):   445364 kB
Unevictable:       13568 kB
Mlocked:               0 kB
SwapTotal:        718400 kB
SwapFree:         708368 kB
Dirty:                 0 kB
Writeback:             0 kB
AnonPages:        989068 kB
Mapped:           617188 kB
Shmem:              1276 kB
Slab:              99352 kB
SReclaimable:      31984 kB
SUnreclaim:        67368 kB
KernelStack:       38416 kB
PageTables:        50628 kB
NFS_Unstable:          0 kB
Bounce:                0 kB
WritebackTmp:          0 kB
CommitLimit:     2155204 kB
Committed_AS:   118995044 kB
VmallocTotal:   251658176 kB
VmallocUsed:      136200 kB
VmallocChunk:   251429932 kB
Time pass: 150 sec

---2015-12-05 14:07:44
MemTotal:        2873608 kB
MemFree:          151808 kB
Buffers:           17748 kB
Cached:           915928 kB
SwapCached:           56 kB
Active:          1253128 kB
Inactive:         652844 kB
Active(anon):     779176 kB
Inactive(anon):   207628 kB
Active(file):     473952 kB
Inactive(file):   445216 kB
Unevictable:       13568 kB
Mlocked:               0 kB
SwapTotal:        718400 kB
SwapFree:         708368 kB
Dirty:                 8 kB
Writeback:             0 kB
AnonPages:        985920 kB
Mapped:           616712 kB
Shmem:               940 kB
Slab:              99352 kB
SReclaimable:      31984 kB
SUnreclaim:        67368 kB
KernelStack:       38288 kB
PageTables:        50456 kB
NFS_Unstable:          0 kB
Bounce:                0 kB
WritebackTmp:          0 kB
CommitLimit:     2155204 kB
Committed_AS:   118968768 kB
VmallocTotal:   251658176 kB
VmallocUsed:      136200 kB
VmallocChunk:   251429932 kB
Time pass: 154 sec

---2015-12-05 14:07:44
MemTotal:        2873608 kB
MemFree:          140392 kB
Buffers:           17780 kB
Cached:           916000 kB
SwapCached:           56 kB
Active:          1265388 kB
Inactive:         652908 kB
Active(anon):     791396 kB
Inactive(anon):   207692 kB
Active(file):     473992 kB
Inactive(file):   445216 kB
Unevictable:       13568 kB
Mlocked:               0 kB
SwapTotal:        718400 kB
SwapFree:         708368 kB
Dirty:                60 kB
Writeback:             0 kB
AnonPages:        998204 kB
Mapped:           618528 kB
Shmem:              1004 kB
Slab:              99424 kB
SReclaimable:      31984 kB
SUnreclaim:        67440 kB
KernelStack:       38400 kB
PageTables:        50536 kB
NFS_Unstable:          0 kB
Bounce:                0 kB
WritebackTmp:          0 kB
CommitLimit:     2155204 kB
Committed_AS:   118999212 kB
VmallocTotal:   251658176 kB
VmallocUsed:      136200 kB
VmallocChunk:   251429932 kB
Time pass: 158 sec

---2015-12-05 14:07:44
MemTotal:        2873608 kB
MemFree:          140020 kB
Buffers:           17812 kB
Cached:           915972 kB
SwapCached:           56 kB
Active:          1263968 kB
Inactive:         652884 kB
Active(anon):     789960 kB
Inactive(anon):   207656 kB
Active(file):     474008 kB
Inactive(file):   445228 kB
Unevictable:       13568 kB
Mlocked:               0 kB
SwapTotal:        718400 kB
SwapFree:         708368 kB
Dirty:                16 kB
Writeback:             8 kB
AnonPages:        996804 kB
Mapped:           618660 kB
Shmem:               972 kB
Slab:              99408 kB
SReclaimable:      31984 kB
SUnreclaim:        67424 kB
KernelStack:       38448 kB
PageTables:        50612 kB
NFS_Unstable:          0 kB
Bounce:                0 kB
WritebackTmp:          0 kB
CommitLimit:     2155204 kB
Committed_AS:   119003380 kB
VmallocTotal:   251658176 kB
VmallocUsed:      136200 kB
VmallocChunk:   251429932 kB
Time pass: 162 sec

---2015-12-05 14:07:44
MemTotal:        2873608 kB
MemFree:          139168 kB
Buffers:           17812 kB
Cached:           916104 kB
SwapCached:           56 kB
Active:          1264400 kB
Inactive:         653032 kB
Active(anon):     790400 kB
Inactive(anon):   207784 kB
Active(file):     474000 kB
Inactive(file):   445248 kB
Unevictable:       13568 kB
Mlocked:               0 kB
SwapTotal:        718400 kB
SwapFree:         708368 kB
Dirty:                64 kB
Writeback:             0 kB
AnonPages:        996932 kB
Mapped:           618800 kB
Shmem:              1100 kB
Slab:              99408 kB
SReclaimable:      31984 kB
SUnreclaim:        67424 kB
KernelStack:       38432 kB
PageTables:        50620 kB
NFS_Unstable:          0 kB
Bounce:                0 kB
WritebackTmp:          0 kB
CommitLimit:     2155204 kB
Committed_AS:   119003364 kB
VmallocTotal:   251658176 kB
VmallocUsed:      136200 kB
VmallocChunk:   251429932 kB
Time pass: 166 sec

---2015-12-05 14:07:44
MemTotal:        2873608 kB
MemFree:          138916 kB
Buffers:           17828 kB
Cached:           916160 kB
SwapCached:           56 kB
Active:          1265020 kB
Inactive:         653100 kB
Active(anon):     791020 kB
Inactive(anon):   207840 kB
Active(file):     474000 kB
Inactive(file):   445260 kB
Unevictable:       13568 kB
Mlocked:               0 kB
SwapTotal:        718400 kB
SwapFree:         708368 kB
Dirty:                80 kB
Writeback:             0 kB
AnonPages:        997712 kB
Mapped:           618900 kB
Shmem:              1156 kB
Slab:              99408 kB
SReclaimable:      31984 kB
SUnreclaim:        67424 kB
KernelStack:       38352 kB
PageTables:        50624 kB
NFS_Unstable:          0 kB
Bounce:                0 kB
WritebackTmp:          0 kB
CommitLimit:     2155204 kB
Committed_AS:   119003404 kB
VmallocTotal:   251658176 kB
VmallocUsed:      136200 kB
VmallocChunk:   251429932 kB
Time pass: 170 sec

---2015-12-05 14:07:44
MemTotal:        2873608 kB
MemFree:          138104 kB
Buffers:           17828 kB
Cached:           916188 kB
SwapCached:           56 kB
Active:          1265504 kB
Inactive:         653132 kB
Active(anon):     791504 kB
Inactive(anon):   207852 kB
Active(file):     474000 kB
Inactive(file):   445280 kB
Unevictable:       13568 kB
Mlocked:               0 kB
SwapTotal:        718400 kB
SwapFree:         708368 kB
Dirty:                 0 kB
Writeback:             0 kB
AnonPages:        998048 kB
Mapped:           619004 kB
Shmem:              1168 kB
Slab:              99408 kB
SReclaimable:      31984 kB
SUnreclaim:        67424 kB
KernelStack:       38384 kB
PageTables:        50652 kB
NFS_Unstable:          0 kB
Bounce:                0 kB
WritebackTmp:          0 kB
CommitLimit:     2155204 kB
Committed_AS:   119003308 kB
VmallocTotal:   251658176 kB
VmallocUsed:      136200 kB
VmallocChunk:   251429932 kB
Time pass: 173 sec

---2015-12-05 14:07:44
MemTotal:        2873608 kB
MemFree:          148684 kB
Buffers:           17844 kB
Cached:           915864 kB
SwapCached:           56 kB
Active:          1255784 kB
Inactive:         652812 kB
Active(anon):     781772 kB
Inactive(anon):   207524 kB
Active(file):     474012 kB
Inactive(file):   445288 kB
Unevictable:       13568 kB
Mlocked:               0 kB
SwapTotal:        718400 kB
SwapFree:         708368 kB
Dirty:                16 kB
Writeback:             0 kB
AnonPages:        988452 kB
Mapped:           618544 kB
Shmem:               840 kB
Slab:              99408 kB
SReclaimable:      31984 kB
SUnreclaim:        67424 kB
KernelStack:       38032 kB
PageTables:        50460 kB
NFS_Unstable:          0 kB
Bounce:                0 kB
WritebackTmp:          0 kB
CommitLimit:     2155204 kB
Committed_AS:   118975992 kB
VmallocTotal:   251658176 kB
VmallocUsed:      136200 kB
VmallocChunk:   251429932 kB
Time pass: 177 sec

---2015-12-05 14:07:44
MemTotal:        2873608 kB
MemFree:          149116 kB
Buffers:           17844 kB
Cached:           915864 kB
SwapCached:           56 kB
Active:          1255696 kB
Inactive:         652808 kB
Active(anon):     781680 kB
Inactive(anon):   207524 kB
Active(file):     474016 kB
Inactive(file):   445284 kB
Unevictable:       13568 kB
Mlocked:               0 kB
SwapTotal:        718400 kB
SwapFree:         708368 kB
Dirty:                 0 kB
Writeback:             0 kB
AnonPages:        988456 kB
Mapped:           618488 kB
Shmem:               840 kB
Slab:              99404 kB
SReclaimable:      31984 kB
SUnreclaim:        67420 kB
KernelStack:       38032 kB
PageTables:        50432 kB
NFS_Unstable:          0 kB
Bounce:                0 kB
WritebackTmp:          0 kB
CommitLimit:     2155204 kB
Committed_AS:   118975928 kB
VmallocTotal:   251658176 kB
VmallocUsed:      136184 kB
VmallocChunk:   251429932 kB
Time pass: 181 sec

---2015-12-05 14:07:44
MemTotal:        2873608 kB
MemFree:          149604 kB
Buffers:           17852 kB
Cached:           915864 kB
SwapCached:           56 kB
Active:          1255836 kB
Inactive:         652812 kB
Active(anon):     781820 kB
Inactive(anon):   207524 kB
Active(file):     474016 kB
Inactive(file):   445288 kB
Unevictable:       13568 kB
Mlocked:               0 kB
SwapTotal:        718400 kB
SwapFree:         708368 kB
Dirty:                12 kB
Writeback:             0 kB
AnonPages:        988336 kB
Mapped:           618504 kB
Shmem:               840 kB
Slab:              99408 kB
SReclaimable:      31984 kB
SUnreclaim:        67424 kB
KernelStack:       38048 kB
PageTables:        50432 kB
NFS_Unstable:          0 kB
Bounce:                0 kB
WritebackTmp:          0 kB
CommitLimit:     2155204 kB
Committed_AS:   118975904 kB
VmallocTotal:   251658176 kB
VmallocUsed:      136184 kB
VmallocChunk:   251429932 kB
Time pass: 185 sec

---2015-12-05 14:07:44
MemTotal:        2873608 kB
MemFree:          137536 kB
Buffers:           17868 kB
Cached:           915988 kB
SwapCached:           56 kB
Active:          1266508 kB
Inactive:         652952 kB
Active(anon):     792492 kB
Inactive(anon):   207640 kB
Active(file):     474016 kB
Inactive(file):   445312 kB
Unevictable:       13568 kB
Mlocked:               0 kB
SwapTotal:        718400 kB
SwapFree:         708368 kB
Dirty:                60 kB
Writeback:             0 kB
AnonPages:        999172 kB
Mapped:           618908 kB
Shmem:               960 kB
Slab:              99424 kB
SReclaimable:      31984 kB
SUnreclaim:        67440 kB
KernelStack:       38432 kB
PageTables:        50600 kB
NFS_Unstable:          0 kB
Bounce:                0 kB
WritebackTmp:          0 kB
CommitLimit:     2155204 kB
Committed_AS:   119011636 kB
VmallocTotal:   251658176 kB
VmallocUsed:      136200 kB
VmallocChunk:   251429932 kB
Time pass: 189 sec

---2015-12-05 14:07:44
MemTotal:        2873608 kB
MemFree:          136496 kB
Buffers:           17900 kB
Cached:           916056 kB
SwapCached:           56 kB
Active:          1267312 kB
Inactive:         653052 kB
Active(anon):     793296 kB
Inactive(anon):   207708 kB
Active(file):     474016 kB
Inactive(file):   445344 kB
Unevictable:       13568 kB
Mlocked:               0 kB
SwapTotal:        718400 kB
SwapFree:         708368 kB
Dirty:                64 kB
Writeback:             0 kB
AnonPages:       1000048 kB
Mapped:           618980 kB
Shmem:              1028 kB
Slab:              99444 kB
SReclaimable:      31984 kB
SUnreclaim:        67460 kB
KernelStack:       38416 kB
PageTables:        50592 kB
NFS_Unstable:          0 kB
Bounce:                0 kB
WritebackTmp:          0 kB
CommitLimit:     2155204 kB
Committed_AS:   119011708 kB
VmallocTotal:   251658176 kB
VmallocUsed:      136200 kB
VmallocChunk:   251429932 kB
Time pass: 192 sec

---2015-12-05 14:07:44
MemTotal:        2873608 kB
MemFree:          136524 kB
Buffers:           17908 kB
Cached:           916084 kB
SwapCached:           56 kB
Active:          1267232 kB
Inactive:         653068 kB
Active(anon):     793216 kB
Inactive(anon):   207724 kB
Active(file):     474016 kB
Inactive(file):   445344 kB
Unevictable:       13568 kB
Mlocked:               0 kB
SwapTotal:        718400 kB
SwapFree:         708368 kB
Dirty:                 0 kB
Writeback:             0 kB
AnonPages:        999756 kB
Mapped:           619036 kB
Shmem:              1060 kB
Slab:              99440 kB
SReclaimable:      31984 kB
SUnreclaim:        67456 kB
KernelStack:       38416 kB
PageTables:        50592 kB
NFS_Unstable:          0 kB
Bounce:                0 kB
WritebackTmp:          0 kB
CommitLimit:     2155204 kB
Committed_AS:   119011684 kB
VmallocTotal:   251658176 kB
VmallocUsed:      136200 kB
VmallocChunk:   251429932 kB
Time pass: 196 sec

---2015-12-05 14:07:44
MemTotal:        2873608 kB
MemFree:          136960 kB
Buffers:           17908 kB
Cached:           916088 kB
SwapCached:           56 kB
Active:          1266724 kB
Inactive:         653088 kB
Active(anon):     792704 kB
Inactive(anon):   207740 kB
Active(file):     474020 kB
Inactive(file):   445348 kB
Unevictable:       13568 kB
Mlocked:               0 kB
SwapTotal:        718400 kB
SwapFree:         708368 kB
Dirty:                44 kB
Writeback:             0 kB
AnonPages:        999160 kB
Mapped:           619152 kB
Shmem:              1060 kB
Slab:              99428 kB
SReclaimable:      31984 kB
SUnreclaim:        67444 kB
KernelStack:       38400 kB
PageTables:        50592 kB
NFS_Unstable:          0 kB
Bounce:                0 kB
WritebackTmp:          0 kB
CommitLimit:     2155204 kB
Committed_AS:   119011684 kB
VmallocTotal:   251658176 kB
VmallocUsed:      136200 kB
VmallocChunk:   251429932 kB
Time pass: 200 sec

---2015-12-05 14:07:44
MemTotal:        2873608 kB
MemFree:          136396 kB
Buffers:           17924 kB
Cached:           916088 kB
SwapCached:           56 kB
Active:          1266860 kB
Inactive:         653104 kB
Active(anon):     792840 kB
Inactive(anon):   207740 kB
Active(file):     474020 kB
Inactive(file):   445364 kB
Unevictable:       13568 kB
Mlocked:               0 kB
SwapTotal:        718400 kB
SwapFree:         708368 kB
Dirty:                48 kB
Writeback:             0 kB
AnonPages:        999472 kB
Mapped:           619160 kB
Shmem:              1060 kB
Slab:              99440 kB
SReclaimable:      31984 kB
SUnreclaim:        67456 kB
KernelStack:       38400 kB
PageTables:        50596 kB
NFS_Unstable:          0 kB
Bounce:                0 kB
WritebackTmp:          0 kB
CommitLimit:     2155204 kB
Committed_AS:   119011708 kB
VmallocTotal:   251658176 kB
VmallocUsed:      136200 kB
VmallocChunk:   251429932 kB
Time pass: 204 sec

---2015-12-05 14:07:44
MemTotal:        2873608 kB
MemFree:          136460 kB
Buffers:           17932 kB
Cached:           916088 kB
SwapCached:           56 kB
Active:          1266912 kB
Inactive:         653112 kB
Active(anon):     792892 kB
Inactive(anon):   207740 kB
Active(file):     474020 kB
Inactive(file):   445372 kB
Unevictable:       13568 kB
Mlocked:               0 kB
SwapTotal:        718400 kB
SwapFree:         708368 kB
Dirty:                36 kB
Writeback:             0 kB
AnonPages:        999520 kB
Mapped:           619256 kB
Shmem:              1060 kB
Slab:              99440 kB
SReclaimable:      31984 kB
SUnreclaim:        67456 kB
KernelStack:       38416 kB
PageTables:        50632 kB
NFS_Unstable:          0 kB
Bounce:                0 kB
WritebackTmp:          0 kB
CommitLimit:     2155204 kB
Committed_AS:   119011740 kB
VmallocTotal:   251658176 kB
VmallocUsed:      136200 kB
VmallocChunk:   251429932 kB
Time pass: 208 sec

---2015-12-05 14:07:44
MemTotal:        2873608 kB
MemFree:          136128 kB
Buffers:           17932 kB
Cached:           916088 kB
SwapCached:           56 kB
Active:          1267240 kB
Inactive:         653112 kB
Active(anon):     793220 kB
Inactive(anon):   207740 kB
Active(file):     474020 kB
Inactive(file):   445372 kB
Unevictable:       13568 kB
Mlocked:               0 kB
SwapTotal:        718400 kB
SwapFree:         708368 kB
Dirty:                36 kB
Writeback:             0 kB
AnonPages:        999800 kB
Mapped:           619276 kB
Shmem:              1060 kB
Slab:              99440 kB
SReclaimable:      31984 kB
SUnreclaim:        67456 kB
KernelStack:       38384 kB
PageTables:        50604 kB
NFS_Unstable:          0 kB
Bounce:                0 kB
WritebackTmp:          0 kB
CommitLimit:     2155204 kB
Committed_AS:   119011764 kB
VmallocTotal:   251658176 kB
VmallocUsed:      136200 kB
VmallocChunk:   251429932 kB
Time pass: 211 sec

---2015-12-05 14:07:44
MemTotal:        2873608 kB
MemFree:          135632 kB
Buffers:           17932 kB
Cached:           916088 kB
SwapCached:           56 kB
Active:          1267056 kB
Inactive:         653108 kB
Active(anon):     793036 kB
Inactive(anon):   207736 kB
Active(file):     474020 kB
Inactive(file):   445372 kB
Unevictable:       13568 kB
Mlocked:               0 kB
SwapTotal:        718400 kB
SwapFree:         708368 kB
Dirty:                 0 kB
Writeback:             0 kB
AnonPages:        999692 kB
Mapped:           619268 kB
Shmem:              1060 kB
Slab:              99440 kB
SReclaimable:      31984 kB
SUnreclaim:        67456 kB
KernelStack:       38416 kB
PageTables:        50624 kB
NFS_Unstable:          0 kB
Bounce:                0 kB
WritebackTmp:          0 kB
CommitLimit:     2155204 kB
Committed_AS:   119011772 kB
VmallocTotal:   251658176 kB
VmallocUsed:      136200 kB
VmallocChunk:   251429932 kB
Time pass: 215 sec

---2015-12-05 14:07:44
MemTotal:        2873608 kB
MemFree:          130812 kB
Buffers:           17932 kB
Cached:           917052 kB
SwapCached:           56 kB
Active:          1270964 kB
Inactive:         653952 kB
Active(anon):     796824 kB
Inactive(anon):   207736 kB
Active(file):     474140 kB
Inactive(file):   446216 kB
Unevictable:       13568 kB
Mlocked:               0 kB
SwapTotal:        718400 kB
SwapFree:         708368 kB
Dirty:                 0 kB
Writeback:             0 kB
AnonPages:       1003476 kB
Mapped:           620040 kB
Shmem:              1060 kB
Slab:              99444 kB
SReclaimable:      31984 kB
SUnreclaim:        67460 kB
KernelStack:       38688 kB
PageTables:        51116 kB
NFS_Unstable:          0 kB
Bounce:                0 kB
WritebackTmp:          0 kB
CommitLimit:     2155204 kB
Committed_AS:   120249120 kB
VmallocTotal:   251658176 kB
VmallocUsed:      137220 kB
VmallocChunk:   251429932 kB
Time pass: 219 sec

---2015-12-05 14:07:44
MemTotal:        2873608 kB
MemFree:          127516 kB
Buffers:           18040 kB
Cached:           917524 kB
SwapCached:           56 kB
Active:          1274492 kB
Inactive:         654500 kB
Active(anon):     800316 kB
Inactive(anon):   207736 kB
Active(file):     474176 kB
Inactive(file):   446764 kB
Unevictable:       13568 kB
Mlocked:               0 kB
SwapTotal:        718400 kB
SwapFree:         708368 kB
Dirty:                60 kB
Writeback:             0 kB
AnonPages:       1007012 kB
Mapped:           620136 kB
Shmem:              1060 kB
Slab:              99428 kB
SReclaimable:      31984 kB
SUnreclaim:        67444 kB
KernelStack:       38672 kB
PageTables:        51088 kB
NFS_Unstable:          0 kB
Bounce:                0 kB
WritebackTmp:          0 kB
CommitLimit:     2155204 kB
Committed_AS:   120249408 kB
VmallocTotal:   251658176 kB
VmallocUsed:      137220 kB
VmallocChunk:   251429932 kB
Time pass: 223 sec

---2015-12-05 14:07:44
MemTotal:        2873608 kB
MemFree:          125336 kB
Buffers:           18064 kB
Cached:           917564 kB
SwapCached:           56 kB
Active:          1275200 kB
Inactive:         654548 kB
Active(anon):     801024 kB
Inactive(anon):   207756 kB
Active(file):     474176 kB
Inactive(file):   446792 kB
Unevictable:       13568 kB
Mlocked:               0 kB
SwapTotal:        718400 kB
SwapFree:         708368 kB
Dirty:               172 kB
Writeback:             0 kB
AnonPages:       1007900 kB
Mapped:           620196 kB
Shmem:              1088 kB
Slab:              99444 kB
SReclaimable:      31984 kB
SUnreclaim:        67460 kB
KernelStack:       38688 kB
PageTables:        51152 kB
NFS_Unstable:          0 kB
Bounce:                0 kB
WritebackTmp:          0 kB
CommitLimit:     2155204 kB
Committed_AS:   120257664 kB
VmallocTotal:   251658176 kB
VmallocUsed:      137220 kB
VmallocChunk:   251429932 kB
Time pass: 227 sec

---2015-12-05 14:07:44
MemTotal:        2873608 kB
MemFree:          121248 kB
Buffers:           18096 kB
Cached:           917472 kB
SwapCached:           56 kB
Active:          1280400 kB
Inactive:         654492 kB
Active(anon):     806220 kB
Inactive(anon):   207664 kB
Active(file):     474180 kB
Inactive(file):   446828 kB
Unevictable:       13568 kB
Mlocked:               0 kB
SwapTotal:        718400 kB
SwapFree:         708368 kB
Dirty:               156 kB
Writeback:             0 kB
AnonPages:       1012676 kB
Mapped:           620108 kB
Shmem:               992 kB
Slab:              99472 kB
SReclaimable:      32000 kB
SUnreclaim:        67472 kB
KernelStack:       38704 kB
PageTables:        51144 kB
NFS_Unstable:          0 kB
Bounce:                0 kB
WritebackTmp:          0 kB
CommitLimit:     2155204 kB
Committed_AS:   120265896 kB
VmallocTotal:   251658176 kB
VmallocUsed:      137220 kB
VmallocChunk:   251429932 kB
Time pass: 231 sec

---2015-12-05 14:07:44
MemTotal:        2873608 kB
MemFree:          120692 kB
Buffers:           18104 kB
Cached:           917476 kB
SwapCached:           56 kB
Active:          1280476 kB
Inactive:         654504 kB
Active(anon):     806296 kB
Inactive(anon):   207668 kB
Active(file):     474180 kB
Inactive(file):   446836 kB
Unevictable:       13568 kB
Mlocked:               0 kB
SwapTotal:        718400 kB
SwapFree:         708368 kB
Dirty:                 0 kB
Writeback:             0 kB
AnonPages:       1012892 kB
Mapped:           620112 kB
Shmem:               996 kB
Slab:              99472 kB
SReclaimable:      32000 kB
SUnreclaim:        67472 kB
KernelStack:       38736 kB
PageTables:        51148 kB
NFS_Unstable:          0 kB
Bounce:                0 kB
WritebackTmp:          0 kB
CommitLimit:     2155204 kB
Committed_AS:   120265896 kB
VmallocTotal:   251658176 kB
VmallocUsed:      137220 kB
VmallocChunk:   251429932 kB
Time pass: 234 sec

---2015-12-05 14:07:44
MemTotal:        2873608 kB
MemFree:          119456 kB
Buffers:           18104 kB
Cached:           917484 kB
SwapCached:           56 kB
Active:          1281320 kB
Inactive:         654512 kB
Active(anon):     807140 kB
Inactive(anon):   207676 kB
Active(file):     474180 kB
Inactive(file):   446836 kB
Unevictable:       13568 kB
Mlocked:               0 kB
SwapTotal:        718400 kB
SwapFree:         708368 kB
Dirty:                 0 kB
Writeback:             0 kB
AnonPages:       1013592 kB
Mapped:           620248 kB
Shmem:              1004 kB
Slab:              99472 kB
SReclaimable:      32000 kB
SUnreclaim:        67472 kB
KernelStack:       38704 kB
PageTables:        51204 kB
NFS_Unstable:          0 kB
Bounce:                0 kB
WritebackTmp:          0 kB
CommitLimit:     2155204 kB
Committed_AS:   120265896 kB
VmallocTotal:   251658176 kB
VmallocUsed:      137220 kB
VmallocChunk:   251429932 kB
Time pass: 238 sec

---2015-12-05 14:07:44
MemTotal:        2873608 kB
MemFree:          119544 kB
Buffers:           18124 kB
Cached:           917492 kB
SwapCached:           56 kB
Active:          1281356 kB
Inactive:         654540 kB
Active(anon):     807176 kB
Inactive(anon):   207684 kB
Active(file):     474180 kB
Inactive(file):   446856 kB
Unevictable:       13568 kB
Mlocked:               0 kB
SwapTotal:        718400 kB
SwapFree:         708368 kB
Dirty:                48 kB
Writeback:             0 kB
AnonPages:       1014000 kB
Mapped:           620136 kB
Shmem:              1012 kB
Slab:              99516 kB
SReclaimable:      32000 kB
SUnreclaim:        67516 kB
KernelStack:       38688 kB
PageTables:        51148 kB
NFS_Unstable:          0 kB
Bounce:                0 kB
WritebackTmp:          0 kB
CommitLimit:     2155204 kB
Committed_AS:   120265896 kB
VmallocTotal:   251658176 kB
VmallocUsed:      137220 kB
VmallocChunk:   251429932 kB
Time pass: 242 sec

---2015-12-05 14:07:44
MemTotal:        2873608 kB
MemFree:          118960 kB
Buffers:           18124 kB
Cached:           917496 kB
SwapCached:           56 kB
Active:          1281324 kB
Inactive:         654544 kB
Active(anon):     807144 kB
Inactive(anon):   207688 kB
Active(file):     474180 kB
Inactive(file):   446856 kB
Unevictable:       13568 kB
Mlocked:               0 kB
SwapTotal:        718400 kB
SwapFree:         708368 kB
Dirty:                52 kB
Writeback:             0 kB
AnonPages:       1013992 kB
Mapped:           620144 kB
Shmem:              1016 kB
Slab:              99516 kB
SReclaimable:      32000 kB
SUnreclaim:        67516 kB
KernelStack:       38688 kB
PageTables:        51148 kB
NFS_Unstable:          0 kB
Bounce:                0 kB
WritebackTmp:          0 kB
CommitLimit:     2155204 kB
Committed_AS:   120265912 kB
VmallocTotal:   251658176 kB
VmallocUsed:      137220 kB
VmallocChunk:   251429932 kB
Time pass: 246 sec

---2015-12-05 14:07:44
MemTotal:        2873608 kB
MemFree:          119048 kB
Buffers:           18132 kB
Cached:           917496 kB
SwapCached:           56 kB
Active:          1282356 kB
Inactive:         654552 kB
Active(anon):     808176 kB
Inactive(anon):   207688 kB
Active(file):     474180 kB
Inactive(file):   446864 kB
Unevictable:       13568 kB
Mlocked:               0 kB
SwapTotal:        718400 kB
SwapFree:         708368 kB
Dirty:                36 kB
Writeback:             0 kB
AnonPages:       1014708 kB
Mapped:           620164 kB
Shmem:              1016 kB
Slab:              99472 kB
SReclaimable:      32000 kB
SUnreclaim:        67472 kB
KernelStack:       38688 kB
PageTables:        51148 kB
NFS_Unstable:          0 kB
Bounce:                0 kB
WritebackTmp:          0 kB
CommitLimit:     2155204 kB
Committed_AS:   120265888 kB
VmallocTotal:   251658176 kB
VmallocUsed:      137220 kB
VmallocChunk:   251429932 kB
Time pass: 250 sec

---2015-12-05 14:07:44
MemTotal:        2873608 kB
MemFree:          118248 kB
Buffers:           18148 kB
Cached:           917496 kB
SwapCached:           56 kB
Active:          1282636 kB
Inactive:         654556 kB
Active(anon):     808456 kB
Inactive(anon):   207688 kB
Active(file):     474180 kB
Inactive(file):   446868 kB
Unevictable:       13568 kB
Mlocked:               0 kB
SwapTotal:        718400 kB
SwapFree:         708368 kB
Dirty:                48 kB
Writeback:             0 kB
AnonPages:       1015152 kB
Mapped:           620088 kB
Shmem:              1016 kB
Slab:              99504 kB
SReclaimable:      32000 kB
SUnreclaim:        67504 kB
KernelStack:       38656 kB
PageTables:        51120 kB
NFS_Unstable:          0 kB
Bounce:                0 kB
WritebackTmp:          0 kB
CommitLimit:     2155204 kB
Committed_AS:   120265896 kB
VmallocTotal:   251658176 kB
VmallocUsed:      137220 kB
VmallocChunk:   251429932 kB
Time pass: 253 sec

---2015-12-05 14:07:44
MemTotal:        2873608 kB
MemFree:          117976 kB
Buffers:           18148 kB
Cached:           917496 kB
SwapCached:           56 kB
Active:          1282872 kB
Inactive:         654556 kB
Active(anon):     808692 kB
Inactive(anon):   207676 kB
Active(file):     474180 kB
Inactive(file):   446880 kB
Unevictable:       13568 kB
Mlocked:               0 kB
SwapTotal:        718400 kB
SwapFree:         708368 kB
Dirty:                48 kB
Writeback:             0 kB
AnonPages:       1015148 kB
Mapped:           620176 kB
Shmem:              1016 kB
Slab:              99500 kB
SReclaimable:      32000 kB
SUnreclaim:        67500 kB
KernelStack:       38688 kB
PageTables:        51152 kB
NFS_Unstable:          0 kB
Bounce:                0 kB
WritebackTmp:          0 kB
CommitLimit:     2155204 kB
Committed_AS:   120265888 kB
VmallocTotal:   251658176 kB
VmallocUsed:      137220 kB
VmallocChunk:   251429932 kB
Time pass: 257 sec

---2015-12-05 14:07:44
MemTotal:        2873608 kB
MemFree:          117864 kB
Buffers:           18156 kB
Cached:           917496 kB
SwapCached:           56 kB
Active:          1283864 kB
Inactive:         654564 kB
Active(anon):     809684 kB
Inactive(anon):   207676 kB
Active(file):     474180 kB
Inactive(file):   446888 kB
Unevictable:       13568 kB
Mlocked:               0 kB
SwapTotal:        718400 kB
SwapFree:         708368 kB
Dirty:                32 kB
Writeback:             0 kB
AnonPages:       1016140 kB
Mapped:           620180 kB
Shmem:              1016 kB
Slab:              99544 kB
SReclaimable:      32000 kB
SUnreclaim:        67544 kB
KernelStack:       38688 kB
PageTables:        51156 kB
NFS_Unstable:          0 kB
Bounce:                0 kB
WritebackTmp:          0 kB
CommitLimit:     2155204 kB
Committed_AS:   120265880 kB
VmallocTotal:   251658176 kB
VmallocUsed:      137220 kB
VmallocChunk:   251429932 kB
Time pass: 261 sec

---2015-12-05 14:07:44
MemTotal:        2873608 kB
MemFree:          119936 kB
Buffers:           18188 kB
Cached:           917508 kB
SwapCached:           56 kB
Active:          1281628 kB
Inactive:         654608 kB
Active(anon):     807448 kB
Inactive(anon):   207704 kB
Active(file):     474180 kB
Inactive(file):   446904 kB
Unevictable:       13568 kB
Mlocked:               0 kB
SwapTotal:        718400 kB
SwapFree:         708368 kB
Dirty:                 0 kB
Writeback:             0 kB
AnonPages:       1014064 kB
Mapped:           618696 kB
Shmem:              1044 kB
Slab:              99500 kB
SReclaimable:      32000 kB
SUnreclaim:        67500 kB
KernelStack:       38672 kB
PageTables:        50492 kB
NFS_Unstable:          0 kB
Bounce:                0 kB
WritebackTmp:          0 kB
CommitLimit:     2155204 kB
Committed_AS:   118483308 kB
VmallocTotal:   251658176 kB
VmallocUsed:      136200 kB
VmallocChunk:   251429932 kB
Time pass: 265 sec

---2015-12-05 14:07:44
MemTotal:        2873608 kB
MemFree:          121412 kB
Buffers:           18212 kB
Cached:           917620 kB
SwapCached:           56 kB
Active:          1281052 kB
Inactive:         654716 kB
Active(anon):     806844 kB
Inactive(anon):   207704 kB
Active(file):     474208 kB
Inactive(file):   447012 kB
Unevictable:       13568 kB
Mlocked:               0 kB
SwapTotal:        718400 kB
SwapFree:         708368 kB
Dirty:               104 kB
Writeback:             0 kB
AnonPages:       1013632 kB
Mapped:           618708 kB
Shmem:              1044 kB
Slab:              99368 kB
SReclaimable:      31904 kB
SUnreclaim:        67464 kB
KernelStack:       38448 kB
PageTables:        50588 kB
NFS_Unstable:          0 kB
Bounce:                0 kB
WritebackTmp:          0 kB
CommitLimit:     2155204 kB
Committed_AS:   118483180 kB
VmallocTotal:   251658176 kB
VmallocUsed:      136200 kB
VmallocChunk:   251429932 kB
Time pass: 269 sec

---2015-12-05 14:07:44
MemTotal:        2873608 kB
MemFree:          122636 kB
Buffers:           18220 kB
Cached:           917780 kB
SwapCached:           56 kB
Active:          1279224 kB
Inactive:         654884 kB
Active(anon):     805016 kB
Inactive(anon):   207700 kB
Active(file):     474208 kB
Inactive(file):   447184 kB
Unevictable:       13568 kB
Mlocked:               0 kB
SwapTotal:        718400 kB
SwapFree:         708368 kB
Dirty:                36 kB
Writeback:             0 kB
AnonPages:       1011636 kB
Mapped:           618776 kB
Shmem:              1040 kB
Slab:              99360 kB
SReclaimable:      31904 kB
SUnreclaim:        67456 kB
KernelStack:       38448 kB
PageTables:        50580 kB
NFS_Unstable:          0 kB
Bounce:                0 kB
WritebackTmp:          0 kB
CommitLimit:     2155204 kB
Committed_AS:   118479204 kB
VmallocTotal:   251658176 kB
VmallocUsed:      136200 kB
VmallocChunk:   251429932 kB
Time pass: 273 sec

---2015-12-05 14:07:44
MemTotal:        2873608 kB
MemFree:          122676 kB
Buffers:           18228 kB
Cached:           917800 kB
SwapCached:           56 kB
Active:          1279444 kB
Inactive:         654912 kB
Active(anon):     805236 kB
Inactive(anon):   207704 kB
Active(file):     474208 kB
Inactive(file):   447208 kB
Unevictable:       13568 kB
Mlocked:               0 kB
SwapTotal:        718400 kB
SwapFree:         708368 kB
Dirty:                68 kB
Writeback:             0 kB
AnonPages:       1012076 kB
Mapped:           618828 kB
Shmem:              1044 kB
Slab:              99360 kB
SReclaimable:      31904 kB
SUnreclaim:        67456 kB
KernelStack:       38448 kB
PageTables:        50568 kB
NFS_Unstable:          0 kB
Bounce:                0 kB
WritebackTmp:          0 kB
CommitLimit:     2155204 kB
Committed_AS:   118479244 kB
VmallocTotal:   251658176 kB
VmallocUsed:      136200 kB
VmallocChunk:   251429932 kB
Time pass: 276 sec

---2015-12-05 14:07:44
MemTotal:        2873608 kB
MemFree:          121896 kB
Buffers:           18244 kB
Cached:           917800 kB
SwapCached:           56 kB
Active:          1279992 kB
Inactive:         654928 kB
Active(anon):     805784 kB
Inactive(anon):   207704 kB
Active(file):     474208 kB
Inactive(file):   447224 kB
Unevictable:       13568 kB
Mlocked:               0 kB
SwapTotal:        718400 kB
SwapFree:         708368 kB
Dirty:                96 kB
Writeback:             0 kB
AnonPages:       1012624 kB
Mapped:           618888 kB
Shmem:              1044 kB
Slab:              99512 kB
SReclaimable:      31904 kB
SUnreclaim:        67608 kB
KernelStack:       38448 kB
PageTables:        50612 kB
NFS_Unstable:          0 kB
Bounce:                0 kB
WritebackTmp:          0 kB
CommitLimit:     2155204 kB
Committed_AS:   118479204 kB
VmallocTotal:   251658176 kB
VmallocUsed:      136200 kB
VmallocChunk:   251429932 kB
Time pass: 280 sec

---2015-12-05 14:07:44
MemTotal:        2873608 kB
MemFree:          121856 kB
Buffers:           18252 kB
Cached:           917800 kB
SwapCached:           56 kB
Active:          1279884 kB
Inactive:         654936 kB
Active(anon):     805676 kB
Inactive(anon):   207704 kB
Active(file):     474208 kB
Inactive(file):   447232 kB
Unevictable:       13568 kB
Mlocked:               0 kB
SwapTotal:        718400 kB
SwapFree:         708368 kB
Dirty:                32 kB
Writeback:             0 kB
AnonPages:       1012340 kB
Mapped:           618812 kB
Shmem:              1044 kB
Slab:              99376 kB
SReclaimable:      31904 kB
SUnreclaim:        67472 kB
KernelStack:       38416 kB
PageTables:        50576 kB
NFS_Unstable:          0 kB
Bounce:                0 kB
WritebackTmp:          0 kB
CommitLimit:     2155204 kB
Committed_AS:   118479164 kB
VmallocTotal:   251658176 kB
VmallocUsed:      136200 kB
VmallocChunk:   251429932 kB
Time pass: 284 sec

---2015-12-05 14:07:44
MemTotal:        2873608 kB
MemFree:          121600 kB
Buffers:           18252 kB
Cached:           917808 kB
SwapCached:           56 kB
Active:          1280280 kB
Inactive:         654944 kB
Active(anon):     806072 kB
Inactive(anon):   207712 kB
Active(file):     474208 kB
Inactive(file):   447232 kB
Unevictable:       13568 kB
Mlocked:               0 kB
SwapTotal:        718400 kB
SwapFree:         708368 kB
Dirty:                 0 kB
Writeback:            32 kB
AnonPages:       1012728 kB
Mapped:           618824 kB
Shmem:              1052 kB
Slab:              99388 kB
SReclaimable:      31904 kB
SUnreclaim:        67484 kB
KernelStack:       38400 kB
PageTables:        50576 kB
NFS_Unstable:          0 kB
Bounce:                0 kB
WritebackTmp:          0 kB
CommitLimit:     2155204 kB
Committed_AS:   118479100 kB
VmallocTotal:   251658176 kB
VmallocUsed:      136200 kB
VmallocChunk:   251429932 kB
Time pass: 288 sec

---2015-12-05 14:07:44
MemTotal:        2873608 kB
MemFree:          120980 kB
Buffers:           18284 kB
Cached:           917804 kB
SwapCached:           56 kB
Active:          1281352 kB
Inactive:         654980 kB
Active(anon):     807152 kB
Inactive(anon):   207716 kB
Active(file):     474200 kB
Inactive(file):   447264 kB
Unevictable:       13568 kB
Mlocked:               0 kB
SwapTotal:        718400 kB
SwapFree:         708368 kB
Dirty:               116 kB
Writeback:            16 kB
AnonPages:       1014028 kB
Mapped:           618832 kB
Shmem:              1056 kB
Slab:              99360 kB
SReclaimable:      31904 kB
SUnreclaim:        67456 kB
KernelStack:       38448 kB
PageTables:        50588 kB
NFS_Unstable:          0 kB
Bounce:                0 kB
WritebackTmp:          0 kB
CommitLimit:     2155204 kB
Committed_AS:   118479196 kB
VmallocTotal:   251658176 kB
VmallocUsed:      136200 kB
VmallocChunk:   251429932 kB
Time pass: 292 sec

---2015-12-05 14:07:44
MemTotal:        2873608 kB
MemFree:          119620 kB
Buffers:           18292 kB
Cached:           917840 kB
SwapCached:           56 kB
Active:          1281764 kB
Inactive:         655016 kB
Active(anon):     807556 kB
Inactive(anon):   207744 kB
Active(file):     474208 kB
Inactive(file):   447272 kB
Unevictable:       13568 kB
Mlocked:               0 kB
SwapTotal:        718400 kB
SwapFree:         708368 kB
Dirty:                 0 kB
Writeback:             0 kB
AnonPages:       1014232 kB
Mapped:           618784 kB
Shmem:              1084 kB
Slab:              99472 kB
SReclaimable:      31904 kB
SUnreclaim:        67568 kB
KernelStack:       38400 kB
PageTables:        50544 kB
NFS_Unstable:          0 kB
Bounce:                0 kB
WritebackTmp:          0 kB
CommitLimit:     2155204 kB
Committed_AS:   118479104 kB
VmallocTotal:   251658176 kB
VmallocUsed:      136200 kB
VmallocChunk:   251429932 kB
Time pass: 296 sec

---2015-12-05 14:07:44
MemTotal:        2873608 kB
MemFree:          120492 kB
Buffers:           18300 kB
Cached:           917840 kB
SwapCached:           56 kB
Active:          1280944 kB
Inactive:         655020 kB
Active(anon):     806736 kB
Inactive(anon):   207744 kB
Active(file):     474208 kB
Inactive(file):   447276 kB
Unevictable:       13568 kB
Mlocked:               0 kB
SwapTotal:        718400 kB
SwapFree:         708368 kB
Dirty:                 4 kB
Writeback:             0 kB
AnonPages:       1013468 kB
Mapped:           618648 kB
Shmem:              1084 kB
Slab:              99368 kB
SReclaimable:      31904 kB
SUnreclaim:        67464 kB
KernelStack:       38400 kB
PageTables:        50572 kB
NFS_Unstable:          0 kB
Bounce:                0 kB
WritebackTmp:          0 kB
CommitLimit:     2155204 kB
Committed_AS:   118479100 kB
VmallocTotal:   251658176 kB
VmallocUsed:      136200 kB
VmallocChunk:   251429932 kB
Time pass: 299 sec

---2015-12-05 14:07:44
MemTotal:        2873608 kB
MemFree:          120840 kB
Buffers:           18316 kB
Cached:           917840 kB
SwapCached:           56 kB
Active:          1281196 kB
Inactive:         655040 kB
Active(anon):     806988 kB
Inactive(anon):   207744 kB
Active(file):     474208 kB
Inactive(file):   447296 kB
Unevictable:       13568 kB
Mlocked:               0 kB
SwapTotal:        718400 kB
SwapFree:         708368 kB
Dirty:                48 kB
Writeback:             0 kB
AnonPages:       1013460 kB
Mapped:           618876 kB
Shmem:              1084 kB
Slab:              99360 kB
SReclaimable:      31904 kB
SUnreclaim:        67456 kB
KernelStack:       38400 kB
PageTables:        50576 kB
NFS_Unstable:          0 kB
Bounce:                0 kB
WritebackTmp:          0 kB
CommitLimit:     2155204 kB
Committed_AS:   118479100 kB
VmallocTotal:   251658176 kB
VmallocUsed:      136200 kB
VmallocChunk:   251429932 kB
Time pass: 303 sec

---2015-12-05 14:07:44
MemTotal:        2873608 kB
MemFree:          120712 kB
Buffers:           18324 kB
Cached:           917836 kB
SwapCached:           56 kB
Active:          1281092 kB
Inactive:         655040 kB
Active(anon):     806884 kB
Inactive(anon):   207744 kB
Active(file):     474208 kB
Inactive(file):   447296 kB
Unevictable:       13568 kB
Mlocked:               0 kB
SwapTotal:        718400 kB
SwapFree:         708368 kB
Dirty:                 0 kB
Writeback:             0 kB
AnonPages:       1013544 kB
Mapped:           618892 kB
Shmem:              1084 kB
Slab:              99360 kB
SReclaimable:      31904 kB
SUnreclaim:        67456 kB
KernelStack:       38400 kB
PageTables:        50580 kB
NFS_Unstable:          0 kB
Bounce:                0 kB
WritebackTmp:          0 kB
CommitLimit:     2155204 kB
Committed_AS:   118479108 kB
VmallocTotal:   251658176 kB
VmallocUsed:      136200 kB
VmallocChunk:   251429932 kB
Time pass: 307 sec

---2015-12-05 14:07:44
MemTotal:        2873608 kB
MemFree:          119816 kB
Buffers:           18324 kB
Cached:           917844 kB
SwapCached:           56 kB
Active:          1281280 kB
Inactive:         655052 kB
Active(anon):     807072 kB
Inactive(anon):   207748 kB
Active(file):     474208 kB
Inactive(file):   447304 kB
Unevictable:       13568 kB
Mlocked:               0 kB
SwapTotal:        718400 kB
SwapFree:         708368 kB
Dirty:                28 kB
Writeback:             0 kB
AnonPages:       1013720 kB
Mapped:           618904 kB
Shmem:              1088 kB
Slab:              99360 kB
SReclaimable:      31904 kB
SUnreclaim:        67456 kB
KernelStack:       38400 kB
PageTables:        50576 kB
NFS_Unstable:          0 kB
Bounce:                0 kB
WritebackTmp:          0 kB
CommitLimit:     2155204 kB
Committed_AS:   118479132 kB
VmallocTotal:   251658176 kB
VmallocUsed:      136200 kB
VmallocChunk:   251429932 kB
Time pass: 311 sec

---2015-12-05 14:07:44
MemTotal:        2873608 kB
MemFree:          120268 kB
Buffers:           18340 kB
Cached:           917844 kB
SwapCached:           56 kB
Active:          1281636 kB
Inactive:         655068 kB
Active(anon):     807428 kB
Inactive(anon):   207748 kB
Active(file):     474208 kB
Inactive(file):   447320 kB
Unevictable:       13568 kB
Mlocked:               0 kB
SwapTotal:        718400 kB
SwapFree:         708368 kB
Dirty:                40 kB
Writeback:             0 kB
AnonPages:       1013944 kB
Mapped:           618908 kB
Shmem:              1088 kB
Slab:              99360 kB
SReclaimable:      31904 kB
SUnreclaim:        67456 kB
KernelStack:       38400 kB
PageTables:        50576 kB
NFS_Unstable:          0 kB
Bounce:                0 kB
WritebackTmp:          0 kB
CommitLimit:     2155204 kB
Committed_AS:   118483212 kB
VmallocTotal:   251658176 kB
VmallocUsed:      136200 kB
VmallocChunk:   251429932 kB
Time pass: 315 sec

---2015-12-05 14:07:44
MemTotal:        2873608 kB
MemFree:          119980 kB
Buffers:           18348 kB
Cached:           917844 kB
SwapCached:           56 kB
Active:          1281612 kB
Inactive:         655068 kB
Active(anon):     807404 kB
Inactive(anon):   207748 kB
Active(file):     474208 kB
Inactive(file):   447320 kB
Unevictable:       13568 kB
Mlocked:               0 kB
SwapTotal:        718400 kB
SwapFree:         708368 kB
Dirty:                 0 kB
Writeback:             0 kB
AnonPages:       1014036 kB
Mapped:           618824 kB
Shmem:              1088 kB
Slab:              99496 kB
SReclaimable:      31904 kB
SUnreclaim:        67592 kB
KernelStack:       38384 kB
PageTables:        50548 kB
NFS_Unstable:          0 kB
Bounce:                0 kB
WritebackTmp:          0 kB
CommitLimit:     2155204 kB
Committed_AS:   118483188 kB
VmallocTotal:   251658176 kB
VmallocUsed:      136200 kB
VmallocChunk:   251429932 kB
Time pass: 319 sec

---2015-12-05 14:07:44
MemTotal:        2873608 kB
MemFree:          119488 kB
Buffers:           18364 kB
Cached:           917844 kB
SwapCached:           56 kB
Active:          1282136 kB
Inactive:         655088 kB
Active(anon):     807928 kB
Inactive(anon):   207748 kB
Active(file):     474208 kB
Inactive(file):   447340 kB
Unevictable:       13568 kB
Mlocked:               0 kB
SwapTotal:        718400 kB
SwapFree:         708368 kB
Dirty:                60 kB
Writeback:             0 kB
AnonPages:       1014444 kB
Mapped:           618916 kB
Shmem:              1088 kB
Slab:              99356 kB
SReclaimable:      31904 kB
SUnreclaim:        67452 kB
KernelStack:       38384 kB
PageTables:        50576 kB
NFS_Unstable:          0 kB
Bounce:                0 kB
WritebackTmp:          0 kB
CommitLimit:     2155204 kB
Committed_AS:   118483172 kB
VmallocTotal:   251658176 kB
VmallocUsed:      136200 kB
VmallocChunk:   251429932 kB
Time pass: 322 sec

---2015-12-05 14:07:44
MemTotal:        2873608 kB
MemFree:          119728 kB
Buffers:           18380 kB
Cached:           917848 kB
SwapCached:           56 kB
Active:          1281936 kB
Inactive:         655112 kB
Active(anon):     807728 kB
Inactive(anon):   207752 kB
Active(file):     474208 kB
Inactive(file):   447360 kB
Unevictable:       13568 kB
Mlocked:               0 kB
SwapTotal:        718400 kB
SwapFree:         708368 kB
Dirty:                64 kB
Writeback:             0 kB
AnonPages:       1014416 kB
Mapped:           618928 kB
Shmem:              1092 kB
Slab:              99356 kB
SReclaimable:      31904 kB
SUnreclaim:        67452 kB
KernelStack:       38384 kB
PageTables:        50576 kB
NFS_Unstable:          0 kB
Bounce:                0 kB
WritebackTmp:          0 kB
CommitLimit:     2155204 kB
Committed_AS:   118483260 kB
VmallocTotal:   251658176 kB
VmallocUsed:      136200 kB
VmallocChunk:   251429932 kB
Time pass: 326 sec

---2015-12-05 14:07:44
MemTotal:        2873608 kB
MemFree:          120008 kB
Buffers:           18380 kB
Cached:           917848 kB
SwapCached:           56 kB
Active:          1281992 kB
Inactive:         655112 kB
Active(anon):     807784 kB
Inactive(anon):   207752 kB
Active(file):     474208 kB
Inactive(file):   447360 kB
Unevictable:       13568 kB
Mlocked:               0 kB
SwapTotal:        718400 kB
SwapFree:         708368 kB
Dirty:                64 kB
Writeback:             0 kB
AnonPages:       1014432 kB
Mapped:           618936 kB
Shmem:              1092 kB
Slab:              99376 kB
SReclaimable:      31904 kB
SUnreclaim:        67472 kB
KernelStack:       38400 kB
PageTables:        50576 kB
NFS_Unstable:          0 kB
Bounce:                0 kB
WritebackTmp:          0 kB
CommitLimit:     2155204 kB
Committed_AS:   118483300 kB
VmallocTotal:   251658176 kB
VmallocUsed:      136200 kB
VmallocChunk:   251429932 kB
Time pass: 330 sec

---2015-12-05 14:07:44
MemTotal:        2873608 kB
MemFree:          119196 kB
Buffers:           18388 kB
Cached:           917876 kB
SwapCached:           56 kB
Active:          1282168 kB
Inactive:         655148 kB
Active(anon):     807960 kB
Inactive(anon):   207780 kB
Active(file):     474208 kB
Inactive(file):   447368 kB
Unevictable:       13568 kB
Mlocked:               0 kB
SwapTotal:        718400 kB
SwapFree:         708368 kB
Dirty:                32 kB
Writeback:             0 kB
AnonPages:       1014736 kB
Mapped:           618836 kB
Shmem:              1120 kB
Slab:              99376 kB
SReclaimable:      31904 kB
SUnreclaim:        67472 kB
KernelStack:       38400 kB
PageTables:        50608 kB
NFS_Unstable:          0 kB
Bounce:                0 kB
WritebackTmp:          0 kB
CommitLimit:     2155204 kB
Committed_AS:   118483284 kB
VmallocTotal:   251658176 kB
VmallocUsed:      136200 kB
VmallocChunk:   251429932 kB
Time pass: 334 sec

---2015-12-05 14:07:44
MemTotal:        2873608 kB
MemFree:          119712 kB
Buffers:           18404 kB
Cached:           917880 kB
SwapCached:           56 kB
Active:          1282724 kB
Inactive:         655168 kB
Active(anon):     808516 kB
Inactive(anon):   207784 kB
Active(file):     474208 kB
Inactive(file):   447384 kB
Unevictable:       13568 kB
Mlocked:               0 kB
SwapTotal:        718400 kB
SwapFree:         708368 kB
Dirty:                40 kB
Writeback:             0 kB
AnonPages:       1014984 kB
Mapped:           619000 kB
Shmem:              1124 kB
Slab:              99356 kB
SReclaimable:      31904 kB
SUnreclaim:        67452 kB
KernelStack:       38400 kB
PageTables:        50576 kB
NFS_Unstable:          0 kB
Bounce:                0 kB
WritebackTmp:          0 kB
CommitLimit:     2155204 kB
Committed_AS:   118483268 kB
VmallocTotal:   251658176 kB
VmallocUsed:      136200 kB
VmallocChunk:   251429932 kB
Time pass: 338 sec

---2015-12-05 14:07:44
MemTotal:        2873608 kB
MemFree:          118260 kB
Buffers:           18404 kB
Cached:           917880 kB
SwapCached:           56 kB
Active:          1283440 kB
Inactive:         655168 kB
Active(anon):     809232 kB
Inactive(anon):   207784 kB
Active(file):     474208 kB
Inactive(file):   447384 kB
Unevictable:       13568 kB
Mlocked:               0 kB
SwapTotal:        718400 kB
SwapFree:         708368 kB
Dirty:                40 kB
Writeback:             0 kB
AnonPages:       1016104 kB
Mapped:           619004 kB
Shmem:              1124 kB
Slab:              99356 kB
SReclaimable:      31904 kB
SUnreclaim:        67452 kB
KernelStack:       38384 kB
PageTables:        50576 kB
NFS_Unstable:          0 kB
Bounce:                0 kB
WritebackTmp:          0 kB
CommitLimit:     2155204 kB
Committed_AS:   118483276 kB
VmallocTotal:   251658176 kB
VmallocUsed:      136200 kB
VmallocChunk:   251429932 kB
Time pass: 341 sec

---2015-12-05 14:07:44
MemTotal:        2873608 kB
MemFree:          118188 kB
Buffers:           18412 kB
Cached:           918036 kB
SwapCached:           56 kB
Active:          1283236 kB
Inactive:         655332 kB
Active(anon):     809028 kB
Inactive(anon):   207784 kB
Active(file):     474208 kB
Inactive(file):   447548 kB
Unevictable:       13568 kB
Mlocked:               0 kB
SwapTotal:        718400 kB
SwapFree:         708368 kB
Dirty:                24 kB
Writeback:             0 kB
AnonPages:       1015404 kB
Mapped:           619076 kB
Shmem:              1124 kB
Slab:              99380 kB
SReclaimable:      31904 kB
SUnreclaim:        67476 kB
KernelStack:       38400 kB
PageTables:        50580 kB
NFS_Unstable:          0 kB
Bounce:                0 kB
WritebackTmp:          0 kB
CommitLimit:     2155204 kB
Committed_AS:   118483220 kB
VmallocTotal:   251658176 kB
VmallocUsed:      136200 kB
VmallocChunk:   251429932 kB
Time pass: 345 sec

---2015-12-05 14:07:44
MemTotal:        2873608 kB
MemFree:          125472 kB
Buffers:           18436 kB
Cached:           918020 kB
SwapCached:           56 kB
Active:          1275632 kB
Inactive:         655340 kB
Active(anon):     801424 kB
Inactive(anon):   207784 kB
Active(file):     474208 kB
Inactive(file):   447556 kB
Unevictable:       13568 kB
Mlocked:               0 kB
SwapTotal:        718400 kB
SwapFree:         708368 kB
Dirty:                48 kB
Writeback:             0 kB
AnonPages:       1008200 kB
Mapped:           619132 kB
Shmem:              1124 kB
Slab:              99356 kB
SReclaimable:      31904 kB
SUnreclaim:        67452 kB
KernelStack:       38400 kB
PageTables:        50616 kB
NFS_Unstable:          0 kB
Bounce:                0 kB
WritebackTmp:          0 kB
CommitLimit:     2155204 kB
Committed_AS:   118483196 kB
VmallocTotal:   251658176 kB
VmallocUsed:      136200 kB
VmallocChunk:   251429932 kB
Time pass: 349 sec

---2015-12-05 14:07:44
MemTotal:        2873608 kB
MemFree:          125016 kB
Buffers:           18436 kB
Cached:           918096 kB
SwapCached:           56 kB
Active:          1275712 kB
Inactive:         655416 kB
Active(anon):     801504 kB
Inactive(anon):   207784 kB
Active(file):     474208 kB
Inactive(file):   447632 kB
Unevictable:       13568 kB
Mlocked:               0 kB
SwapTotal:        718400 kB
SwapFree:         708368 kB
Dirty:                72 kB
Writeback:             0 kB
AnonPages:       1008180 kB
Mapped:           619104 kB
Shmem:              1124 kB
Slab:              99360 kB
SReclaimable:      31904 kB
SUnreclaim:        67456 kB
KernelStack:       38352 kB
PageTables:        50580 kB
NFS_Unstable:          0 kB
Bounce:                0 kB
WritebackTmp:          0 kB
CommitLimit:     2155204 kB
Committed_AS:   118483164 kB
VmallocTotal:   251658176 kB
VmallocUsed:      136200 kB
VmallocChunk:   251429932 kB
Time pass: 353 sec

---2015-12-05 14:07:44
MemTotal:        2873608 kB
MemFree:          125248 kB
Buffers:           18444 kB
Cached:           918096 kB
SwapCached:           56 kB
Active:          1276196 kB
Inactive:         655424 kB
Active(anon):     801988 kB
Inactive(anon):   207784 kB
Active(file):     474208 kB
Inactive(file):   447640 kB
Unevictable:       13568 kB
Mlocked:               0 kB
SwapTotal:        718400 kB
SwapFree:         708368 kB
Dirty:                32 kB
Writeback:             0 kB
AnonPages:       1008644 kB
Mapped:           619108 kB
Shmem:              1124 kB
Slab:              99360 kB
SReclaimable:      31904 kB
SUnreclaim:        67456 kB
KernelStack:       38352 kB
PageTables:        50580 kB
NFS_Unstable:          0 kB
Bounce:                0 kB
WritebackTmp:          0 kB
CommitLimit:     2155204 kB
Committed_AS:   118483164 kB
VmallocTotal:   251658176 kB
VmallocUsed:      136200 kB
VmallocChunk:   251429932 kB
Time pass: 357 sec

---2015-12-05 14:07:44
MemTotal:        2873608 kB
MemFree:          124904 kB
Buffers:           18444 kB
Cached:           918100 kB
SwapCached:           56 kB
Active:          1276212 kB
Inactive:         655428 kB
Active(anon):     802004 kB
Inactive(anon):   207788 kB
Active(file):     474208 kB
Inactive(file):   447640 kB
Unevictable:       13568 kB
Mlocked:               0 kB
SwapTotal:        718400 kB
SwapFree:         708368 kB
Dirty:                72 kB
Writeback:             0 kB
AnonPages:       1008564 kB
Mapped:           619204 kB
Shmem:              1128 kB
Slab:              99360 kB
SReclaimable:      31904 kB
SUnreclaim:        67456 kB
KernelStack:       38368 kB
PageTables:        50612 kB
NFS_Unstable:          0 kB
Bounce:                0 kB
WritebackTmp:          0 kB
CommitLimit:     2155204 kB
Committed_AS:   118483228 kB
VmallocTotal:   251658176 kB
VmallocUsed:      136200 kB
VmallocChunk:   251429932 kB
Time pass: 360 sec

---2015-12-05 14:07:44
MemTotal:        2873608 kB
MemFree:          124772 kB
Buffers:           18460 kB
Cached:           918112 kB
SwapCached:           56 kB
Active:          1276556 kB
Inactive:         655456 kB
Active(anon):     802348 kB
Inactive(anon):   207800 kB
Active(file):     474208 kB
Inactive(file):   447656 kB
Unevictable:       13568 kB
Mlocked:               0 kB
SwapTotal:        718400 kB
SwapFree:         708368 kB
Dirty:                96 kB
Writeback:             0 kB
AnonPages:       1008988 kB
Mapped:           619224 kB
Shmem:              1140 kB
Slab:              99360 kB
SReclaimable:      31904 kB
SUnreclaim:        67456 kB
KernelStack:       38352 kB
PageTables:        50616 kB
NFS_Unstable:          0 kB
Bounce:                0 kB
WritebackTmp:          0 kB
CommitLimit:     2155204 kB
Committed_AS:   118483156 kB
VmallocTotal:   251658176 kB
VmallocUsed:      136200 kB
VmallocChunk:   251429932 kB
Time pass: 364 sec

---2015-12-05 14:07:44
MemTotal:        2873608 kB
MemFree:          124572 kB
Buffers:           18468 kB
Cached:           918112 kB
SwapCached:           56 kB
Active:          1276664 kB
Inactive:         655464 kB
Active(anon):     802456 kB
Inactive(anon):   207800 kB
Active(file):     474208 kB
Inactive(file):   447664 kB
Unevictable:       13568 kB
Mlocked:               0 kB
SwapTotal:        718400 kB
SwapFree:         708368 kB
Dirty:                36 kB
Writeback:             0 kB
AnonPages:       1009060 kB
Mapped:           619240 kB
Shmem:              1140 kB
Slab:              99360 kB
SReclaimable:      31904 kB
SUnreclaim:        67456 kB
KernelStack:       38352 kB
PageTables:        50608 kB
NFS_Unstable:          0 kB
Bounce:                0 kB
WritebackTmp:          0 kB
CommitLimit:     2155204 kB
Committed_AS:   118483148 kB
VmallocTotal:   251658176 kB
VmallocUsed:      136200 kB
VmallocChunk:   251429932 kB
Time pass: 368 sec

---2015-12-05 14:07:44
MemTotal:        2873608 kB
MemFree:          124580 kB
Buffers:           18468 kB
Cached:           918112 kB
SwapCached:           56 kB
Active:          1276236 kB
Inactive:         655464 kB
Active(anon):     802028 kB
Inactive(anon):   207800 kB
Active(file):     474208 kB
Inactive(file):   447664 kB
Unevictable:       13568 kB
Mlocked:               0 kB
SwapTotal:        718400 kB
SwapFree:         708368 kB
Dirty:                36 kB
Writeback:             0 kB
AnonPages:       1008668 kB
Mapped:           619204 kB
Shmem:              1140 kB
Slab:              99356 kB
SReclaimable:      31904 kB
SUnreclaim:        67452 kB
KernelStack:       38352 kB
PageTables:        50612 kB
NFS_Unstable:          0 kB
Bounce:                0 kB
WritebackTmp:          0 kB
CommitLimit:     2155204 kB
Committed_AS:   118483164 kB
VmallocTotal:   251658176 kB
VmallocUsed:      136200 kB
VmallocChunk:   251429932 kB
Time pass: 372 sec

---2015-12-05 14:07:44
MemTotal:        2873608 kB
MemFree:          124620 kB
Buffers:           18484 kB
Cached:           918112 kB
SwapCached:           56 kB
Active:          1276844 kB
Inactive:         655480 kB
Active(anon):     802636 kB
Inactive(anon):   207800 kB
Active(file):     474208 kB
Inactive(file):   447680 kB
Unevictable:       13568 kB
Mlocked:               0 kB
SwapTotal:        718400 kB
SwapFree:         708368 kB
Dirty:                44 kB
Writeback:             0 kB
AnonPages:       1009304 kB
Mapped:           619168 kB
Shmem:              1140 kB
Slab:              99356 kB
SReclaimable:      31904 kB
SUnreclaim:        67452 kB
KernelStack:       38352 kB
PageTables:        50580 kB
NFS_Unstable:          0 kB
Bounce:                0 kB
WritebackTmp:          0 kB
CommitLimit:     2155204 kB
Committed_AS:   118483164 kB
VmallocTotal:   251658176 kB
VmallocUsed:      136200 kB
VmallocChunk:   251429932 kB
Time pass: 376 sec

---2015-12-05 14:07:44
MemTotal:        2873608 kB
MemFree:          124248 kB
Buffers:           18492 kB
Cached:           918112 kB
SwapCached:           56 kB
Active:          1277100 kB
Inactive:         655488 kB
Active(anon):     802892 kB
Inactive(anon):   207800 kB
Active(file):     474208 kB
Inactive(file):   447688 kB
Unevictable:       13568 kB
Mlocked:               0 kB
SwapTotal:        718400 kB
SwapFree:         708368 kB
Dirty:                28 kB
Writeback:             0 kB
AnonPages:       1009532 kB
Mapped:           619264 kB
Shmem:              1140 kB
Slab:              99356 kB
SReclaimable:      31904 kB
SUnreclaim:        67452 kB
KernelStack:       38352 kB
PageTables:        50612 kB
NFS_Unstable:          0 kB
Bounce:                0 kB
WritebackTmp:          0 kB
CommitLimit:     2155204 kB
Committed_AS:   118483156 kB
VmallocTotal:   251658176 kB
VmallocUsed:      136200 kB
VmallocChunk:   251429932 kB
Time pass: 379 sec

---2015-12-05 14:07:44
MemTotal:        2873608 kB
MemFree:          124060 kB
Buffers:           18508 kB
Cached:           918116 kB
SwapCached:           56 kB
Active:          1277452 kB
Inactive:         655504 kB
Active(anon):     803240 kB
Inactive(anon):   207800 kB
Active(file):     474212 kB
Inactive(file):   447704 kB
Unevictable:       13568 kB
Mlocked:               0 kB
SwapTotal:        718400 kB
SwapFree:         708368 kB
Dirty:                72 kB
Writeback:             0 kB
AnonPages:       1009716 kB
Mapped:           619268 kB
Shmem:              1140 kB
Slab:              99356 kB
SReclaimable:      31904 kB
SUnreclaim:        67452 kB
KernelStack:       38352 kB
PageTables:        50612 kB
NFS_Unstable:          0 kB
Bounce:                0 kB
WritebackTmp:          0 kB
CommitLimit:     2155204 kB
Committed_AS:   118483204 kB
VmallocTotal:   251658176 kB
VmallocUsed:      136200 kB
VmallocChunk:   251429932 kB
Time pass: 383 sec

---2015-12-05 14:07:44
MemTotal:        2873608 kB
MemFree:          123684 kB
Buffers:           18516 kB
Cached:           918108 kB
SwapCached:           56 kB
Active:          1277552 kB
Inactive:         655504 kB
Active(anon):     803340 kB
Inactive(anon):   207800 kB
Active(file):     474212 kB
Inactive(file):   447704 kB
Unevictable:       13568 kB
Mlocked:               0 kB
SwapTotal:        718400 kB
SwapFree:         708368 kB
Dirty:                 0 kB
Writeback:             0 kB
AnonPages:       1009852 kB
Mapped:           619276 kB
Shmem:              1140 kB
Slab:              99356 kB
SReclaimable:      31904 kB
SUnreclaim:        67452 kB
KernelStack:       38352 kB
PageTables:        50608 kB
NFS_Unstable:          0 kB
Bounce:                0 kB
WritebackTmp:          0 kB
CommitLimit:     2155204 kB
Committed_AS:   118483236 kB
VmallocTotal:   251658176 kB
VmallocUsed:      136200 kB
VmallocChunk:   251429932 kB
Time pass: 387 sec

---2015-12-05 14:07:44
MemTotal:        2873608 kB
MemFree:          123580 kB
Buffers:           18532 kB
Cached:           918116 kB
SwapCached:           56 kB
Active:          1277228 kB
Inactive:         655528 kB
Active(anon):     803016 kB
Inactive(anon):   207800 kB
Active(file):     474212 kB
Inactive(file):   447728 kB
Unevictable:       13568 kB
Mlocked:               0 kB
SwapTotal:        718400 kB
SwapFree:         708368 kB
Dirty:                68 kB
Writeback:             0 kB
AnonPages:       1009592 kB
Mapped:           619372 kB
Shmem:              1140 kB
Slab:              99356 kB
SReclaimable:      31904 kB
SUnreclaim:        67452 kB
KernelStack:       38352 kB
PageTables:        50640 kB
NFS_Unstable:          0 kB
Bounce:                0 kB
WritebackTmp:          0 kB
CommitLimit:     2155204 kB
Committed_AS:   118483260 kB
VmallocTotal:   251658176 kB
VmallocUsed:      136200 kB
VmallocChunk:   251429932 kB
Time pass: 391 sec

---2015-12-05 14:07:44
MemTotal:        2873608 kB
MemFree:          124028 kB
Buffers:           18540 kB
