---2015-12-11 14:29:19
MemTotal:        2746844 kB
MemFree:           96800 kB
Buffers:           10252 kB
Cached:           990928 kB
SwapCached:         1752 kB
Active:           898080 kB
Inactive:         970584 kB
Active(anon):     429240 kB
Inactive(anon):   457932 kB
Active(file):     468840 kB
Inactive(file):   512652 kB
Unevictable:       35812 kB
Mlocked:           27768 kB
SwapTotal:       1310716 kB
SwapFree:        1267704 kB
Dirty:                 0 kB
Writeback:             0 kB
AnonPages:        902340 kB
Mapped:           482392 kB
Shmem:               580 kB
Slab:             107808 kB
SReclaimable:      31204 kB
SUnreclaim:        76604 kB
KernelStack:       32752 kB
PageTables:        56500 kB
NFS_Unstable:          0 kB
Bounce:                0 kB
WritebackTmp:          0 kB
CommitLimit:     2684136 kB
Committed_AS:   139719944 kB
VmallocTotal:   251658176 kB
VmallocUsed:      290104 kB
VmallocChunk:   247561408 kB
Time pass: 3 sec

---2015-12-11 14:29:19
MemTotal:        2746844 kB
MemFree:           96272 kB
Buffers:           10252 kB
Cached:           990952 kB
SwapCached:         1752 kB
Active:           898220 kB
Inactive:         970572 kB
Active(anon):     429376 kB
Inactive(anon):   457900 kB
Active(file):     468844 kB
Inactive(file):   512672 kB
Unevictable:       35812 kB
Mlocked:           27768 kB
SwapTotal:       1310716 kB
SwapFree:        1267704 kB
Dirty:                 0 kB
Writeback:             0 kB
AnonPages:        902444 kB
Mapped:           482408 kB
Shmem:               580 kB
Slab:             107840 kB
SReclaimable:      31220 kB
SUnreclaim:        76620 kB
KernelStack:       32752 kB
PageTables:        56496 kB
NFS_Unstable:          0 kB
Bounce:                0 kB
WritebackTmp:          0 kB
CommitLimit:     2684136 kB
Committed_AS:   139719904 kB
VmallocTotal:   251658176 kB
VmallocUsed:      290104 kB
VmallocChunk:   247561408 kB
Time pass: 7 sec

---2015-12-11 14:29:19
MemTotal:        2746844 kB
MemFree:           95716 kB
Buffers:           10252 kB
Cached:           990952 kB
SwapCached:         1752 kB
Active:           898728 kB
Inactive:         970572 kB
Active(anon):     429884 kB
Inactive(anon):   457900 kB
Active(file):     468844 kB
Inactive(file):   512672 kB
Unevictable:       35812 kB
Mlocked:           27768 kB
SwapTotal:       1310716 kB
SwapFree:        1267704 kB
Dirty:                 0 kB
Writeback:             0 kB
AnonPages:        902524 kB
Mapped:           482492 kB
Shmem:               580 kB
Slab:             107840 kB
SReclaimable:      31220 kB
SUnreclaim:        76620 kB
KernelStack:       32752 kB
PageTables:        56524 kB
NFS_Unstable:          0 kB
Bounce:                0 kB
WritebackTmp:          0 kB
CommitLimit:     2684136 kB
Committed_AS:   139719904 kB
VmallocTotal:   251658176 kB
VmallocUsed:      290104 kB
VmallocChunk:   247561408 kB
Time pass: 10 sec

---2015-12-11 14:29:19
MemTotal:        2746844 kB
MemFree:           96088 kB
Buffers:           10252 kB
Cached:           990952 kB
SwapCached:         1752 kB
Active:           898944 kB
Inactive:         970572 kB
Active(anon):     430100 kB
Inactive(anon):   457900 kB
Active(file):     468844 kB
Inactive(file):   512672 kB
Unevictable:       35812 kB
Mlocked:           27768 kB
SwapTotal:       1310716 kB
SwapFree:        1267704 kB
Dirty:                 0 kB
Writeback:             0 kB
AnonPages:        902500 kB
Mapped:           482576 kB
Shmem:               580 kB
Slab:             107816 kB
SReclaimable:      31220 kB
SUnreclaim:        76596 kB
KernelStack:       32752 kB
PageTables:        56552 kB
NFS_Unstable:          0 kB
Bounce:                0 kB
WritebackTmp:          0 kB
CommitLimit:     2684136 kB
Committed_AS:   139719912 kB
VmallocTotal:   251658176 kB
VmallocUsed:      290104 kB
VmallocChunk:   247561408 kB
Time pass: 14 sec

---2015-12-11 14:29:19
MemTotal:        2746844 kB
MemFree:           96152 kB
Buffers:           10252 kB
Cached:           990952 kB
SwapCached:         1752 kB
Active:           899008 kB
Inactive:         970568 kB
Active(anon):     430164 kB
Inactive(anon):   457896 kB
Active(file):     468844 kB
Inactive(file):   512672 kB
Unevictable:       35812 kB
Mlocked:           27768 kB
SwapTotal:       1310716 kB
SwapFree:        1267704 kB
Dirty:                 0 kB
Writeback:             0 kB
AnonPages:        902904 kB
Mapped:           482576 kB
Shmem:               580 kB
Slab:             107856 kB
SReclaimable:      31236 kB
SUnreclaim:        76620 kB
KernelStack:       32752 kB
PageTables:        56552 kB
NFS_Unstable:          0 kB
Bounce:                0 kB
WritebackTmp:          0 kB
CommitLimit:     2684136 kB
Committed_AS:   139719896 kB
VmallocTotal:   251658176 kB
VmallocUsed:      290104 kB
VmallocChunk:   247561408 kB
Time pass: 17 sec

---2015-12-11 14:29:19
MemTotal:        2746844 kB
MemFree:           95856 kB
Buffers:           10252 kB
Cached:           990952 kB
SwapCached:         1752 kB
Active:           899124 kB
Inactive:         970560 kB
Active(anon):     430272 kB
Inactive(anon):   457896 kB
Active(file):     468852 kB
Inactive(file):   512664 kB
Unevictable:       35812 kB
Mlocked:           27768 kB
SwapTotal:       1310716 kB
SwapFree:        1267704 kB
Dirty:                 0 kB
Writeback:             0 kB
AnonPages:        902692 kB
Mapped:           482576 kB
Shmem:               580 kB
Slab:             107856 kB
SReclaimable:      31236 kB
SUnreclaim:        76620 kB
KernelStack:       32704 kB
PageTables:        56556 kB
NFS_Unstable:          0 kB
Bounce:                0 kB
WritebackTmp:          0 kB
CommitLimit:     2684136 kB
Committed_AS:   139719872 kB
VmallocTotal:   251658176 kB
VmallocUsed:      290104 kB
VmallocChunk:   247561408 kB
Time pass: 21 sec

---2015-12-11 14:29:19
MemTotal:        2746844 kB
MemFree:           50280 kB
Buffers:            9692 kB
Cached:           961652 kB
SwapCached:         1888 kB
Active:           922868 kB
Inactive:         933164 kB
Active(anon):     446372 kB
Inactive(anon):   456272 kB
Active(file):     476496 kB
Inactive(file):   476892 kB
Unevictable:       35812 kB
Mlocked:           27768 kB
SwapTotal:       1310716 kB
SwapFree:        1266004 kB
Dirty:              1020 kB
Writeback:             0 kB
AnonPages:        918016 kB
Mapped:           482780 kB
Shmem:               580 kB
Slab:             107884 kB
SReclaimable:      31264 kB
SUnreclaim:        76620 kB
KernelStack:       33104 kB
PageTables:        57120 kB
NFS_Unstable:          0 kB
Bounce:                0 kB
WritebackTmp:          0 kB
CommitLimit:     2684136 kB
Committed_AS:   141014452 kB
VmallocTotal:   251658176 kB
VmallocUsed:      299684 kB
VmallocChunk:   247561408 kB
Time pass: 24 sec

---2015-12-11 14:29:19
MemTotal:        2746844 kB
MemFree:           69388 kB
Buffers:            8052 kB
Cached:           821384 kB
SwapCached:         2280 kB
Active:           833860 kB
Inactive:         842148 kB
Active(anon):     429016 kB
Inactive(anon):   437172 kB
Active(file):     404844 kB
Inactive(file):   404976 kB
Unevictable:       35812 kB
Mlocked:           27768 kB
SwapTotal:       1310716 kB
SwapFree:        1207376 kB
Dirty:              1828 kB
Writeback:             0 kB
AnonPages:        880884 kB
Mapped:           482468 kB
Shmem:               624 kB
Slab:             109452 kB
SReclaimable:      31904 kB
SUnreclaim:        77548 kB
KernelStack:       34064 kB
PageTables:        57828 kB
NFS_Unstable:          0 kB
Bounce:                0 kB
WritebackTmp:          0 kB
CommitLimit:     2684136 kB
Committed_AS:   141051316 kB
VmallocTotal:   251658176 kB
VmallocUsed:      313344 kB
VmallocChunk:   247561408 kB
Time pass: 28 sec

---2015-12-11 14:29:19
MemTotal:        2746844 kB
MemFree:           84004 kB
Buffers:            8100 kB
Cached:           829952 kB
SwapCached:         2284 kB
Active:           818840 kB
Inactive:         836656 kB
Active(anon):     413620 kB
Inactive(anon):   423588 kB
Active(file):     405220 kB
Inactive(file):   413068 kB
Unevictable:       35812 kB
Mlocked:           27768 kB
SwapTotal:       1310716 kB
SwapFree:        1208044 kB
Dirty:               264 kB
Writeback:             0 kB
AnonPages:        851808 kB
Mapped:           483764 kB
Shmem:               624 kB
Slab:             109412 kB
SReclaimable:      31872 kB
SUnreclaim:        77540 kB
KernelStack:       34016 kB
PageTables:        57700 kB
NFS_Unstable:          0 kB
Bounce:                0 kB
WritebackTmp:          0 kB
CommitLimit:     2684136 kB
Committed_AS:   141022644 kB
VmallocTotal:   251658176 kB
VmallocUsed:      313324 kB
VmallocChunk:   247561408 kB
Time pass: 33 sec

---2015-12-11 14:29:19
MemTotal:        2746844 kB
MemFree:           83940 kB
Buffers:            8108 kB
Cached:           829992 kB
SwapCached:         2284 kB
Active:           818268 kB
Inactive:         836644 kB
Active(anon):     413048 kB
Inactive(anon):   423532 kB
Active(file):     405220 kB
Inactive(file):   413112 kB
Unevictable:       35812 kB
Mlocked:           27768 kB
SwapTotal:       1310716 kB
SwapFree:        1208044 kB
Dirty:                 4 kB
Writeback:             0 kB
AnonPages:        851104 kB
Mapped:           483912 kB
Shmem:               624 kB
Slab:             109416 kB
SReclaimable:      31872 kB
SUnreclaim:        77544 kB
KernelStack:       34016 kB
PageTables:        57728 kB
NFS_Unstable:          0 kB
Bounce:                0 kB
WritebackTmp:          0 kB
CommitLimit:     2684136 kB
Committed_AS:   141022540 kB
VmallocTotal:   251658176 kB
VmallocUsed:      313324 kB
VmallocChunk:   247561408 kB
Time pass: 37 sec

---2015-12-11 14:29:19
MemTotal:        2746844 kB
MemFree:           79624 kB
Buffers:            8116 kB
Cached:           830000 kB
SwapCached:         2288 kB
Active:           819028 kB
Inactive:         836188 kB
Active(anon):     413328 kB
Inactive(anon):   423508 kB
Active(file):     405700 kB
Inactive(file):   412680 kB
Unevictable:       35812 kB
Mlocked:           27768 kB
SwapTotal:       1310716 kB
SwapFree:        1208044 kB
Dirty:               808 kB
Writeback:             0 kB
AnonPages:        851812 kB
Mapped:           483892 kB
Shmem:               624 kB
Slab:             109600 kB
SReclaimable:      31872 kB
SUnreclaim:        77728 kB
KernelStack:       34080 kB
PageTables:        57728 kB
NFS_Unstable:          0 kB
Bounce:                0 kB
WritebackTmp:          0 kB
CommitLimit:     2684136 kB
Committed_AS:   141022620 kB
VmallocTotal:   251658176 kB
VmallocUsed:      313348 kB
VmallocChunk:   247561408 kB
Time pass: 40 sec

---2015-12-11 14:29:19
MemTotal:        2746844 kB
MemFree:           66036 kB
Buffers:            7112 kB
Cached:           803104 kB
SwapCached:         2444 kB
Active:           819408 kB
Inactive:         819984 kB
Active(anon):     423544 kB
Inactive(anon):   425324 kB
Active(file):     395864 kB
Inactive(file):   394660 kB
Unevictable:       35812 kB
Mlocked:           27768 kB
SwapTotal:       1310716 kB
SwapFree:        1201460 kB
Dirty:               280 kB
Writeback:             0 kB
AnonPages:        863264 kB
Mapped:           485776 kB
Shmem:               624 kB
Slab:             109552 kB
SReclaimable:      31888 kB
SUnreclaim:        77664 kB
KernelStack:       34352 kB
PageTables:        57940 kB
NFS_Unstable:          0 kB
Bounce:                0 kB
WritebackTmp:          0 kB
CommitLimit:     2684136 kB
Committed_AS:   141025800 kB
VmallocTotal:   251658176 kB
VmallocUsed:      314032 kB
VmallocChunk:   247561408 kB
Time pass: 44 sec

---2015-12-11 14:29:19
MemTotal:        2746844 kB
MemFree:           66532 kB
Buffers:            7068 kB
Cached:           794184 kB
SwapCached:         2448 kB
Active:           817276 kB
Inactive:         817512 kB
Active(anon):     426428 kB
Inactive(anon):   426652 kB
Active(file):     390848 kB
Inactive(file):   390860 kB
Unevictable:       35812 kB
Mlocked:           27768 kB
SwapTotal:       1310716 kB
SwapFree:        1198552 kB
Dirty:                68 kB
Writeback:             0 kB
AnonPages:        867324 kB
Mapped:           486480 kB
Shmem:               624 kB
Slab:             109628 kB
SReclaimable:      31884 kB
SUnreclaim:        77744 kB
KernelStack:       34368 kB
PageTables:        57960 kB
NFS_Unstable:          0 kB
Bounce:                0 kB
WritebackTmp:          0 kB
CommitLimit:     2684136 kB
Committed_AS:   141025792 kB
VmallocTotal:   251658176 kB
VmallocUsed:      314032 kB
VmallocChunk:   247561408 kB
Time pass: 47 sec

---2015-12-11 14:29:19
MemTotal:        2746844 kB
MemFree:           64856 kB
Buffers:            7308 kB
Cached:           777276 kB
SwapCached:         3184 kB
Active:           819964 kB
Inactive:         817936 kB
Active(anon):     436416 kB
Inactive(anon):   436256 kB
Active(file):     383548 kB
Inactive(file):   381680 kB
Unevictable:       35812 kB
Mlocked:           27768 kB
SwapTotal:       1310716 kB
SwapFree:        1195672 kB
Dirty:                76 kB
Writeback:             0 kB
AnonPages:        886292 kB
Mapped:           489180 kB
Shmem:               624 kB
Slab:             109556 kB
SReclaimable:      31788 kB
SUnreclaim:        77768 kB
KernelStack:       34384 kB
PageTables:        57904 kB
NFS_Unstable:          0 kB
Bounce:                0 kB
WritebackTmp:          0 kB
CommitLimit:     2684136 kB
Committed_AS:   141034380 kB
VmallocTotal:   251658176 kB
VmallocUsed:      313864 kB
VmallocChunk:   247561408 kB
Time pass: 51 sec

---2015-12-11 14:29:19
MemTotal:        2746844 kB
MemFree:           73488 kB
Buffers:            7240 kB
Cached:           737448 kB
SwapCached:         3192 kB
Active:           793764 kB
Inactive:         803420 kB
Active(anon):     431904 kB
Inactive(anon):   440348 kB
Active(file):     361860 kB
Inactive(file):   363072 kB
Unevictable:       35812 kB
Mlocked:           27768 kB
SwapTotal:       1310716 kB
SwapFree:        1192660 kB
Dirty:               828 kB
Writeback:             0 kB
AnonPages:        886324 kB
Mapped:           490192 kB
Shmem:               620 kB
Slab:             109664 kB
SReclaimable:      31820 kB
SUnreclaim:        77844 kB
KernelStack:       34480 kB
PageTables:        57956 kB
NFS_Unstable:          0 kB
Bounce:                0 kB
WritebackTmp:          0 kB
CommitLimit:     2684136 kB
Committed_AS:   141046544 kB
VmallocTotal:   251658176 kB
VmallocUsed:      314536 kB
VmallocChunk:   247561408 kB
Time pass: 54 sec

---2015-12-11 14:29:19
MemTotal:        2746844 kB
MemFree:           85724 kB
Buffers:            7260 kB
Cached:           737804 kB
SwapCached:         3192 kB
Active:           779972 kB
Inactive:         803520 kB
Active(anon):     417816 kB
Inactive(anon):   440344 kB
Active(file):     362156 kB
Inactive(file):   363176 kB
Unevictable:       35812 kB
Mlocked:           27768 kB
SwapTotal:       1310716 kB
SwapFree:        1192660 kB
Dirty:               908 kB
Writeback:             0 kB
AnonPages:        871780 kB
Mapped:           490636 kB
Shmem:               620 kB
Slab:             109664 kB
SReclaimable:      31820 kB
SUnreclaim:        77844 kB
KernelStack:       34512 kB
PageTables:        57988 kB
NFS_Unstable:          0 kB
Bounce:                0 kB
WritebackTmp:          0 kB
CommitLimit:     2684136 kB
Committed_AS:   141046792 kB
VmallocTotal:   251658176 kB
VmallocUsed:      314536 kB
VmallocChunk:   247561408 kB
Time pass: 58 sec

---2015-12-11 14:29:19
MemTotal:        2746844 kB
MemFree:           85756 kB
Buffers:            7260 kB
Cached:           737940 kB
SwapCached:         3192 kB
Active:           779908 kB
Inactive:         803616 kB
Active(anon):     417752 kB
Inactive(anon):   440304 kB
Active(file):     362156 kB
Inactive(file):   363312 kB
Unevictable:       35812 kB
Mlocked:           27768 kB
SwapTotal:       1310716 kB
SwapFree:        1192660 kB
Dirty:                68 kB
Writeback:             0 kB
AnonPages:        871984 kB
Mapped:           490600 kB
Shmem:               620 kB
Slab:             109680 kB
SReclaimable:      31820 kB
SUnreclaim:        77860 kB
KernelStack:       34512 kB
PageTables:        57960 kB
NFS_Unstable:          0 kB
Bounce:                0 kB
WritebackTmp:          0 kB
CommitLimit:     2684136 kB
Committed_AS:   141046816 kB
VmallocTotal:   251658176 kB
VmallocUsed:      314536 kB
VmallocChunk:   247561408 kB
Time pass: 61 sec

---2015-12-11 14:29:19
MemTotal:        2746844 kB
MemFree:           73772 kB
Buffers:            7268 kB
Cached:           737960 kB
SwapCached:         3192 kB
Active:           782344 kB
Inactive:         803636 kB
Active(anon):     420184 kB
Inactive(anon):   440304 kB
Active(file):     362160 kB
Inactive(file):   363332 kB
Unevictable:       35812 kB
Mlocked:           27768 kB
SwapTotal:       1310716 kB
SwapFree:        1192660 kB
Dirty:                24 kB
Writeback:             0 kB
AnonPages:        874260 kB
Mapped:           490640 kB
Shmem:               620 kB
Slab:             109672 kB
SReclaimable:      31820 kB
SUnreclaim:        77852 kB
KernelStack:       34512 kB
PageTables:        57960 kB
NFS_Unstable:          0 kB
Bounce:                0 kB
WritebackTmp:          0 kB
CommitLimit:     2684136 kB
Committed_AS:   141046904 kB
VmallocTotal:   251658176 kB
VmallocUsed:      314800 kB
VmallocChunk:   247561408 kB
Time pass: 65 sec

---2015-12-11 14:29:19
MemTotal:        2746844 kB
MemFree:           72344 kB
Buffers:            7268 kB
Cached:           737996 kB
SwapCached:         3192 kB
Active:           782808 kB
Inactive:         803668 kB
Active(anon):     420640 kB
Inactive(anon):   440304 kB
Active(file):     362168 kB
Inactive(file):   363364 kB
Unevictable:       35812 kB
Mlocked:           27768 kB
SwapTotal:       1310716 kB
SwapFree:        1192660 kB
Dirty:                60 kB
Writeback:             0 kB
AnonPages:        874344 kB
Mapped:           490732 kB
Shmem:               620 kB
Slab:             109652 kB
SReclaimable:      31820 kB
SUnreclaim:        77832 kB
KernelStack:       34512 kB
PageTables:        57988 kB
NFS_Unstable:          0 kB
Bounce:                0 kB
WritebackTmp:          0 kB
CommitLimit:     2684136 kB
Committed_AS:   141046936 kB
VmallocTotal:   251658176 kB
VmallocUsed:      314800 kB
VmallocChunk:   247561408 kB
Time pass: 68 sec

---2015-12-11 14:29:19
MemTotal:        2746844 kB
MemFree:           63228 kB
Buffers:            7244 kB
Cached:           732940 kB
SwapCached:         3196 kB
Active:           794832 kB
Inactive:         799900 kB
Active(anon):     435052 kB
Inactive(anon):   439264 kB
Active(file):     359780 kB
Inactive(file):   360636 kB
Unevictable:       35812 kB
Mlocked:           27768 kB
SwapTotal:       1310716 kB
SwapFree:        1192624 kB
Dirty:               368 kB
Writeback:             0 kB
AnonPages:        888056 kB
Mapped:           490656 kB
Shmem:               620 kB
Slab:             109708 kB
SReclaimable:      31852 kB
SUnreclaim:        77856 kB
KernelStack:       34512 kB
PageTables:        57960 kB
NFS_Unstable:          0 kB
Bounce:                0 kB
WritebackTmp:          0 kB
CommitLimit:     2684136 kB
Committed_AS:   141046892 kB
VmallocTotal:   251658176 kB
VmallocUsed:      314800 kB
VmallocChunk:   247561408 kB
Time pass: 72 sec

---2015-12-11 14:29:19
MemTotal:        2746844 kB
MemFree:           67408 kB
Buffers:            6952 kB
Cached:           703692 kB
SwapCached:         3200 kB
Active:           781044 kB
Inactive:         778848 kB
Active(anon):     432720 kB
Inactive(anon):   436256 kB
Active(file):     348324 kB
Inactive(file):   342592 kB
Unevictable:       35812 kB
Mlocked:           27768 kB
SwapTotal:       1310716 kB
SwapFree:        1192056 kB
Dirty:               568 kB
Writeback:             0 kB
AnonPages:        882708 kB
Mapped:           490432 kB
Shmem:               620 kB
Slab:             109784 kB
SReclaimable:      31916 kB
SUnreclaim:        77868 kB
KernelStack:       34512 kB
PageTables:        57972 kB
NFS_Unstable:          0 kB
Bounce:                0 kB
WritebackTmp:          0 kB
CommitLimit:     2684136 kB
Committed_AS:   141047248 kB
VmallocTotal:   251658176 kB
VmallocUsed:      315080 kB
VmallocChunk:   247561408 kB
Time pass: 75 sec

---2015-12-11 14:29:19
MemTotal:        2746844 kB
MemFree:           65184 kB
Buffers:            6980 kB
Cached:           697008 kB
SwapCached:         3220 kB
Active:           780708 kB
Inactive:         783640 kB
Active(anon):     438048 kB
Inactive(anon):   442120 kB
Active(file):     342660 kB
Inactive(file):   341520 kB
Unevictable:       35812 kB
Mlocked:           27768 kB
SwapTotal:       1310716 kB
SwapFree:        1189996 kB
Dirty:               148 kB
Writeback:             0 kB
AnonPages:        894632 kB
Mapped:           494140 kB
Shmem:               620 kB
Slab:             109820 kB
SReclaimable:      31916 kB
SUnreclaim:        77904 kB
KernelStack:       34592 kB
PageTables:        58016 kB
NFS_Unstable:          0 kB
Bounce:                0 kB
WritebackTmp:          0 kB
CommitLimit:     2684136 kB
Committed_AS:   141059732 kB
VmallocTotal:   251658176 kB
VmallocUsed:      315080 kB
VmallocChunk:   247561408 kB
Time pass: 79 sec

---2015-12-11 14:29:19
MemTotal:        2746844 kB
MemFree:           65192 kB
Buffers:            6000 kB
Cached:           683460 kB
SwapCached:         3956 kB
Active:           778636 kB
Inactive:         781332 kB
Active(anon):     444008 kB
Inactive(anon):   446400 kB
Active(file):     334628 kB
Inactive(file):   334932 kB
Unevictable:       35812 kB
Mlocked:           27768 kB
SwapTotal:       1310716 kB
SwapFree:        1188568 kB
Dirty:               144 kB
Writeback:             0 kB
AnonPages:        904068 kB
Mapped:           495248 kB
Shmem:               784 kB
Slab:             110120 kB
SReclaimable:      31916 kB
SUnreclaim:        78204 kB
KernelStack:       34944 kB
PageTables:        58164 kB
NFS_Unstable:          0 kB
Bounce:                0 kB
WritebackTmp:          0 kB
CommitLimit:     2684136 kB
Committed_AS:   141079824 kB
VmallocTotal:   251658176 kB
VmallocUsed:      317252 kB
VmallocChunk:   247561408 kB
Time pass: 82 sec

---2015-12-11 14:29:19
MemTotal:        2746844 kB
MemFree:           66028 kB
Buffers:            6060 kB
Cached:           673060 kB
SwapCached:         3992 kB
Active:           772592 kB
Inactive:         774708 kB
Active(anon):     443460 kB
Inactive(anon):   444892 kB
Active(file):     329132 kB
Inactive(file):   329816 kB
Unevictable:       35812 kB
Mlocked:           27768 kB
SwapTotal:       1310716 kB
SwapFree:        1185056 kB
Dirty:                 0 kB
Writeback:             0 kB
AnonPages:        901576 kB
Mapped:           495428 kB
Shmem:              1376 kB
Slab:             110160 kB
SReclaimable:      31916 kB
SUnreclaim:        78244 kB
KernelStack:       34864 kB
PageTables:        58276 kB
NFS_Unstable:          0 kB
Bounce:                0 kB
WritebackTmp:          0 kB
CommitLimit:     2684136 kB
Committed_AS:   141080456 kB
VmallocTotal:   251658176 kB
VmallocUsed:      317408 kB
VmallocChunk:   247561408 kB
Time pass: 86 sec

---2015-12-11 14:29:19
MemTotal:        2746844 kB
MemFree:           68052 kB
Buffers:            6068 kB
Cached:           671052 kB
SwapCached:         3992 kB
Active:           771568 kB
Inactive:         773164 kB
Active(anon):     443744 kB
Inactive(anon):   444756 kB
Active(file):     327824 kB
Inactive(file):   328408 kB
Unevictable:       35812 kB
Mlocked:           27768 kB
SwapTotal:       1310716 kB
SwapFree:        1184008 kB
Dirty:                 4 kB
Writeback:             0 kB
AnonPages:        901444 kB
Mapped:           494960 kB
Shmem:              1508 kB
Slab:             110176 kB
SReclaimable:      31884 kB
SUnreclaim:        78292 kB
KernelStack:       34832 kB
PageTables:        58328 kB
NFS_Unstable:          0 kB
Bounce:                0 kB
WritebackTmp:          0 kB
CommitLimit:     2684136 kB
Committed_AS:   141084548 kB
VmallocTotal:   251658176 kB
VmallocUsed:      317408 kB
VmallocChunk:   247561408 kB
Time pass: 89 sec

---2015-12-11 14:29:19
MemTotal:        2746844 kB
MemFree:           69696 kB
Buffers:            6108 kB
Cached:           671936 kB
SwapCached:         4008 kB
Active:           771324 kB
Inactive:         773540 kB
Active(anon):     443468 kB
Inactive(anon):   444240 kB
Active(file):     327856 kB
Inactive(file):   329300 kB
Unevictable:       35812 kB
Mlocked:           27768 kB
SwapTotal:       1310716 kB
SwapFree:        1184112 kB
Dirty:                80 kB
Writeback:             0 kB
AnonPages:        900500 kB
Mapped:           494996 kB
Shmem:              1508 kB
Slab:             110208 kB
SReclaimable:      31884 kB
SUnreclaim:        78324 kB
KernelStack:       34464 kB
PageTables:        58316 kB
NFS_Unstable:          0 kB
Bounce:                0 kB
WritebackTmp:          0 kB
CommitLimit:     2684136 kB
Committed_AS:   141087820 kB
VmallocTotal:   251658176 kB
VmallocUsed:      317408 kB
VmallocChunk:   247561408 kB
Time pass: 93 sec

---2015-12-11 14:29:19
MemTotal:        2746844 kB
MemFree:           74148 kB
Buffers:            6124 kB
Cached:           671660 kB
SwapCached:         4008 kB
Active:           769180 kB
Inactive:         773428 kB
Active(anon):     441468 kB
Inactive(anon):   444044 kB
Active(file):     327712 kB
Inactive(file):   329384 kB
Unevictable:       35812 kB
Mlocked:           27768 kB
SwapTotal:       1310716 kB
SwapFree:        1184112 kB
Dirty:                68 kB
Writeback:             0 kB
AnonPages:        898288 kB
Mapped:           495020 kB
Shmem:              1556 kB
Slab:             110212 kB
SReclaimable:      31884 kB
SUnreclaim:        78328 kB
KernelStack:       34448 kB
PageTables:        58288 kB
NFS_Unstable:          0 kB
Bounce:                0 kB
WritebackTmp:          0 kB
CommitLimit:     2684136 kB
Committed_AS:   141087772 kB
VmallocTotal:   251658176 kB
VmallocUsed:      317408 kB
VmallocChunk:   247561408 kB
Time pass: 96 sec

---2015-12-11 14:29:19
MemTotal:        2746844 kB
MemFree:           74144 kB
Buffers:            6140 kB
Cached:           671660 kB
SwapCached:         4008 kB
Active:           770092 kB
Inactive:         773468 kB
Active(anon):     442380 kB
Inactive(anon):   444044 kB
Active(file):     327712 kB
Inactive(file):   329424 kB
Unevictable:       35812 kB
Mlocked:           27768 kB
SwapTotal:       1310716 kB
SwapFree:        1184112 kB
Dirty:                 0 kB
Writeback:             0 kB
AnonPages:        899412 kB
Mapped:           495020 kB
Shmem:              1556 kB
Slab:             110220 kB
SReclaimable:      31884 kB
SUnreclaim:        78336 kB
KernelStack:       34416 kB
PageTables:        58288 kB
NFS_Unstable:          0 kB
Bounce:                0 kB
WritebackTmp:          0 kB
CommitLimit:     2684136 kB
Committed_AS:   141091856 kB
VmallocTotal:   251658176 kB
VmallocUsed:      317408 kB
VmallocChunk:   247561408 kB
Time pass: 100 sec

---2015-12-11 14:29:19
MemTotal:        2746844 kB
MemFree:           72576 kB
Buffers:            6140 kB
Cached:           671808 kB
SwapCached:         4008 kB
Active:           770648 kB
Inactive:         773612 kB
Active(anon):     442936 kB
Inactive(anon):   444040 kB
Active(file):     327712 kB
Inactive(file):   329572 kB
Unevictable:       35812 kB
Mlocked:           27768 kB
SwapTotal:       1310716 kB
SwapFree:        1184112 kB
Dirty:                 0 kB
Writeback:             0 kB
AnonPages:        899768 kB
Mapped:           495028 kB
Shmem:              1556 kB
Slab:             110224 kB
SReclaimable:      31884 kB
SUnreclaim:        78340 kB
KernelStack:       34416 kB
PageTables:        58300 kB
NFS_Unstable:          0 kB
Bounce:                0 kB
WritebackTmp:          0 kB
CommitLimit:     2684136 kB
Committed_AS:   141091840 kB
VmallocTotal:   251658176 kB
VmallocUsed:      317408 kB
VmallocChunk:   247561408 kB
Time pass: 103 sec

---2015-12-11 14:29:19
MemTotal:        2746844 kB
MemFree:           70032 kB
Buffers:            6164 kB
Cached:           674636 kB
SwapCached:         4008 kB
Active:           771472 kB
Inactive:         776212 kB
Active(anon):     443760 kB
Inactive(anon):   444052 kB
Active(file):     327712 kB
Inactive(file):   332160 kB
Unevictable:       35812 kB
Mlocked:           27768 kB
SwapTotal:       1310716 kB
SwapFree:        1184116 kB
Dirty:                40 kB
Writeback:             0 kB
AnonPages:        901116 kB
Mapped:           495040 kB
Shmem:              1564 kB
Slab:             110176 kB
SReclaimable:      31884 kB
SUnreclaim:        78292 kB
KernelStack:       34416 kB
PageTables:        58292 kB
NFS_Unstable:          0 kB
Bounce:                0 kB
WritebackTmp:          0 kB
CommitLimit:     2684136 kB
Committed_AS:   141096080 kB
VmallocTotal:   251658176 kB
VmallocUsed:      317408 kB
VmallocChunk:   247561408 kB
Time pass: 107 sec

---2015-12-11 14:29:19
MemTotal:        2746844 kB
MemFree:           71796 kB
Buffers:            6164 kB
Cached:           674592 kB
SwapCached:         4012 kB
Active:           772664 kB
Inactive:         774004 kB
Active(anon):     440984 kB
Inactive(anon):   445172 kB
Active(file):     331680 kB
Inactive(file):   328832 kB
Unevictable:       35812 kB
Mlocked:           27768 kB
SwapTotal:       1310716 kB
SwapFree:        1183364 kB
Dirty:                 0 kB
Writeback:             0 kB
AnonPages:        899508 kB
Mapped:           495352 kB
Shmem:              1136 kB
Slab:             110268 kB
SReclaimable:      31884 kB
SUnreclaim:        78384 kB
KernelStack:       33936 kB
PageTables:        58432 kB
NFS_Unstable:          0 kB
Bounce:                0 kB
WritebackTmp:          0 kB
CommitLimit:     2684136 kB
Committed_AS:   144591044 kB
VmallocTotal:   251658176 kB
VmallocUsed:      324424 kB
VmallocChunk:   247561408 kB
Time pass: 110 sec

---2015-12-11 14:29:19
MemTotal:        2746844 kB
MemFree:          407516 kB
Buffers:            6092 kB
Cached:           671168 kB
SwapCached:         4140 kB
Active:           682968 kB
Inactive:         762024 kB
Active(anon):     346252 kB
Inactive(anon):   441648 kB
Active(file):     336716 kB
Inactive(file):   320376 kB
Unevictable:       35812 kB
Mlocked:           27768 kB
SwapTotal:       1310716 kB
SwapFree:        1182444 kB
Dirty:               100 kB
Writeback:             0 kB
AnonPages:        801208 kB
Mapped:           456992 kB
Shmem:              1004 kB
Slab:             110076 kB
SReclaimable:      31884 kB
SUnreclaim:        78192 kB
KernelStack:       32064 kB
PageTables:        56016 kB
NFS_Unstable:          0 kB
Bounce:                0 kB
WritebackTmp:          0 kB
CommitLimit:     2684136 kB
Committed_AS:   137900880 kB
VmallocTotal:   251658176 kB
VmallocUsed:      322540 kB
VmallocChunk:   247561408 kB
Time pass: 114 sec

---2015-12-11 14:29:19
MemTotal:        2746844 kB
MemFree:          414284 kB
Buffers:            6108 kB
Cached:           671212 kB
SwapCached:         4140 kB
Active:           678236 kB
Inactive:         760128 kB
Active(anon):     341308 kB
Inactive(anon):   439860 kB
Active(file):     336928 kB
Inactive(file):   320268 kB
Unevictable:       35812 kB
Mlocked:           27768 kB
SwapTotal:       1310716 kB
SwapFree:        1182444 kB
Dirty:                88 kB
Writeback:             0 kB
AnonPages:        794260 kB
Mapped:           456960 kB
Shmem:              1004 kB
Slab:             110004 kB
SReclaimable:      31884 kB
SUnreclaim:        78120 kB
KernelStack:       32016 kB
PageTables:        56016 kB
NFS_Unstable:          0 kB
Bounce:                0 kB
WritebackTmp:          0 kB
CommitLimit:     2684136 kB
Committed_AS:   137900772 kB
VmallocTotal:   251658176 kB
VmallocUsed:      322540 kB
VmallocChunk:   247561408 kB
Time pass: 117 sec

---2015-12-11 14:29:19
MemTotal:        2746844 kB
MemFree:          416060 kB
Buffers:            6116 kB
Cached:           671212 kB
SwapCached:         4140 kB
Active:           676604 kB
Inactive:         760108 kB
Active(anon):     339676 kB
Inactive(anon):   439832 kB
Active(file):     336928 kB
Inactive(file):   320276 kB
Unevictable:       35812 kB
Mlocked:           27768 kB
SwapTotal:       1310716 kB
SwapFree:        1182444 kB
Dirty:               168 kB
Writeback:             0 kB
AnonPages:        792688 kB
Mapped:           457044 kB
Shmem:              1004 kB
Slab:             109948 kB
SReclaimable:      31884 kB
SUnreclaim:        78064 kB
KernelStack:       31936 kB
PageTables:        56036 kB
NFS_Unstable:          0 kB
Bounce:                0 kB
WritebackTmp:          0 kB
CommitLimit:     2684136 kB
Committed_AS:   137900772 kB
VmallocTotal:   251658176 kB
VmallocUsed:      322540 kB
VmallocChunk:   247561408 kB
Time pass: 121 sec

---2015-12-11 14:29:19
MemTotal:        2746844 kB
MemFree:          415688 kB
Buffers:            6116 kB
Cached:           671212 kB
SwapCached:         4140 kB
Active:           677068 kB
Inactive:         760112 kB
Active(anon):     340140 kB
Inactive(anon):   439828 kB
Active(file):     336928 kB
Inactive(file):   320284 kB
Unevictable:       35812 kB
Mlocked:           27768 kB
SwapTotal:       1310716 kB
SwapFree:        1182444 kB
Dirty:                80 kB
Writeback:             0 kB
AnonPages:        792936 kB
Mapped:           457044 kB
Shmem:              1004 kB
Slab:             109924 kB
SReclaimable:      31884 kB
SUnreclaim:        78040 kB
KernelStack:       31920 kB
PageTables:        56040 kB
NFS_Unstable:          0 kB
Bounce:                0 kB
WritebackTmp:          0 kB
CommitLimit:     2684136 kB
Committed_AS:   137900724 kB
VmallocTotal:   251658176 kB
VmallocUsed:      322540 kB
VmallocChunk:   247561408 kB
Time pass: 125 sec

---2015-12-11 14:29:19
MemTotal:        2746844 kB
MemFree:          415468 kB
Buffers:            6124 kB
Cached:           671212 kB
SwapCached:         4140 kB
Active:           677016 kB
Inactive:         760120 kB
Active(anon):     340088 kB
Inactive(anon):   439828 kB
Active(file):     336928 kB
Inactive(file):   320292 kB
Unevictable:       35812 kB
Mlocked:           27768 kB
SwapTotal:       1310716 kB
SwapFree:        1182444 kB
Dirty:                16 kB
Writeback:             0 kB
AnonPages:        792752 kB
Mapped:           457044 kB
Shmem:              1004 kB
Slab:             109948 kB
SReclaimable:      31884 kB
SUnreclaim:        78064 kB
KernelStack:       31920 kB
PageTables:        56040 kB
NFS_Unstable:          0 kB
Bounce:                0 kB
WritebackTmp:          0 kB
CommitLimit:     2684136 kB
Committed_AS:   137900716 kB
VmallocTotal:   251658176 kB
VmallocUsed:      322540 kB
VmallocChunk:   247561408 kB
Time pass: 128 sec

---2015-12-11 14:29:19
MemTotal:        2746844 kB
MemFree:          415224 kB
Buffers:            6124 kB
Cached:           671212 kB
SwapCached:         4140 kB
Active:           677460 kB
Inactive:         760120 kB
Active(anon):     340532 kB
Inactive(anon):   439828 kB
Active(file):     336928 kB
Inactive(file):   320292 kB
Unevictable:       35812 kB
Mlocked:           27768 kB
SwapTotal:       1310716 kB
SwapFree:        1182444 kB
Dirty:                 0 kB
Writeback:             0 kB
AnonPages:        793396 kB
Mapped:           457128 kB
Shmem:              1004 kB
Slab:             109948 kB
SReclaimable:      31884 kB
SUnreclaim:        78064 kB
KernelStack:       31968 kB
PageTables:        56068 kB
NFS_Unstable:          0 kB
Bounce:                0 kB
WritebackTmp:          0 kB
CommitLimit:     2684136 kB
Committed_AS:   137900716 kB
VmallocTotal:   251658176 kB
VmallocUsed:      322540 kB
VmallocChunk:   247561408 kB
Time pass: 132 sec

---2015-12-11 14:29:19
MemTotal:        2746844 kB
MemFree:          414880 kB
Buffers:            6124 kB
Cached:           671272 kB
SwapCached:         4140 kB
Active:           677652 kB
Inactive:         760180 kB
Active(anon):     340720 kB
Inactive(anon):   439828 kB
Active(file):     336932 kB
Inactive(file):   320352 kB
Unevictable:       35812 kB
Mlocked:           27768 kB
SwapTotal:       1310716 kB
SwapFree:        1182444 kB
Dirty:                 0 kB
Writeback:             0 kB
AnonPages:        793576 kB
Mapped:           457048 kB
Shmem:              1004 kB
Slab:             109940 kB
SReclaimable:      31884 kB
SUnreclaim:        78056 kB
KernelStack:       31968 kB
PageTables:        56040 kB
NFS_Unstable:          0 kB
Bounce:                0 kB
WritebackTmp:          0 kB
CommitLimit:     2684136 kB
Committed_AS:   137900796 kB
VmallocTotal:   251658176 kB
VmallocUsed:      322540 kB
VmallocChunk:   247561408 kB
Time pass: 135 sec

---2015-12-11 14:29:19
MemTotal:        2746844 kB
MemFree:          414924 kB
Buffers:            6124 kB
Cached:           671476 kB
SwapCached:         4140 kB
Active:           677592 kB
Inactive:         760368 kB
Active(anon):     340660 kB
Inactive(anon):   439828 kB
Active(file):     336932 kB
Inactive(file):   320540 kB
Unevictable:       35812 kB
Mlocked:           27768 kB
SwapTotal:       1310716 kB
SwapFree:        1182444 kB
Dirty:                 0 kB
Writeback:             0 kB
AnonPages:        793680 kB
Mapped:           456984 kB
Shmem:              1004 kB
Slab:             109876 kB
SReclaimable:      31868 kB
SUnreclaim:        78008 kB
KernelStack:       31968 kB
PageTables:        56008 kB
NFS_Unstable:          0 kB
Bounce:                0 kB
WritebackTmp:          0 kB
CommitLimit:     2684136 kB
Committed_AS:   137900788 kB
VmallocTotal:   251658176 kB
VmallocUsed:      322540 kB
VmallocChunk:   247561408 kB
Time pass: 139 sec

---2015-12-11 14:29:19
MemTotal:        2746844 kB
MemFree:          414048 kB
Buffers:            6124 kB
Cached:           671476 kB
SwapCached:         4140 kB
Active:           677776 kB
Inactive:         760384 kB
Active(anon):     340844 kB
Inactive(anon):   439828 kB
Active(file):     336932 kB
Inactive(file):   320556 kB
Unevictable:       35812 kB
Mlocked:           27768 kB
SwapTotal:       1310716 kB
SwapFree:        1182444 kB
Dirty:                 0 kB
Writeback:             0 kB
AnonPages:        793796 kB
Mapped:           457068 kB
Shmem:              1004 kB
Slab:             109852 kB
SReclaimable:      31868 kB
SUnreclaim:        77984 kB
KernelStack:       31968 kB
PageTables:        56036 kB
NFS_Unstable:          0 kB
Bounce:                0 kB
WritebackTmp:          0 kB
CommitLimit:     2684136 kB
Committed_AS:   137900796 kB
VmallocTotal:   251658176 kB
VmallocUsed:      322540 kB
VmallocChunk:   247561408 kB
Time pass: 142 sec

---2015-12-11 14:29:19
MemTotal:        2746844 kB
MemFree:          418664 kB
Buffers:            6124 kB
Cached:           671476 kB
SwapCached:         4140 kB
Active:           678164 kB
Inactive:         760384 kB
Active(anon):     341232 kB
Inactive(anon):   439828 kB
Active(file):     336932 kB
Inactive(file):   320556 kB
Unevictable:       35812 kB
Mlocked:           27768 kB
SwapTotal:       1310716 kB
SwapFree:        1182444 kB
Dirty:                 0 kB
Writeback:             0 kB
AnonPages:        793908 kB
Mapped:           457152 kB
Shmem:              1004 kB
Slab:             109852 kB
SReclaimable:      31868 kB
SUnreclaim:        77984 kB
KernelStack:       31968 kB
PageTables:        56068 kB
NFS_Unstable:          0 kB
Bounce:                0 kB
WritebackTmp:          0 kB
CommitLimit:     2684136 kB
Committed_AS:   137900788 kB
VmallocTotal:   251658176 kB
VmallocUsed:      322540 kB
VmallocChunk:   247561408 kB
Time pass: 146 sec

---2015-12-11 14:29:19
MemTotal:        2746844 kB
MemFree:          418540 kB
Buffers:            6124 kB
Cached:           671476 kB
SwapCached:         4140 kB
Active:           678136 kB
Inactive:         760384 kB
Active(anon):     341204 kB
Inactive(anon):   439828 kB
Active(file):     336932 kB
Inactive(file):   320556 kB
Unevictable:       35812 kB
Mlocked:           27768 kB
SwapTotal:       1310716 kB
SwapFree:        1182444 kB
Dirty:                 0 kB
Writeback:             0 kB
AnonPages:        794076 kB
Mapped:           457152 kB
Shmem:              1004 kB
Slab:             109852 kB
SReclaimable:      31868 kB
SUnreclaim:        77984 kB
KernelStack:       31968 kB
PageTables:        56068 kB
NFS_Unstable:          0 kB
Bounce:                0 kB
WritebackTmp:          0 kB
CommitLimit:     2684136 kB
Committed_AS:   137900796 kB
VmallocTotal:   251658176 kB
VmallocUsed:      322540 kB
VmallocChunk:   247561408 kB
Time pass: 150 sec

---2015-12-11 14:29:19
MemTotal:        2746844 kB
MemFree:          414844 kB
Buffers:            6196 kB
Cached:           672564 kB
SwapCached:         4140 kB
Active:           680888 kB
Inactive:         761364 kB
Active(anon):     343908 kB
Inactive(anon):   439744 kB
Active(file):     336980 kB
Inactive(file):   321620 kB
Unevictable:       35812 kB
Mlocked:           27768 kB
SwapTotal:       1310716 kB
SwapFree:        1182444 kB
Dirty:                96 kB
Writeback:             0 kB
AnonPages:        796880 kB
Mapped:           457136 kB
Shmem:              1004 kB
Slab:             109880 kB
SReclaimable:      31868 kB
SUnreclaim:        78012 kB
KernelStack:       32016 kB
PageTables:        56036 kB
NFS_Unstable:          0 kB
Bounce:                0 kB
WritebackTmp:          0 kB
CommitLimit:     2684136 kB
Committed_AS:   137905044 kB
VmallocTotal:   251658176 kB
VmallocUsed:      322524 kB
VmallocChunk:   247561408 kB
Time pass: 153 sec

---2015-12-11 14:29:19
MemTotal:        2746844 kB
MemFree:          414152 kB
Buffers:            6196 kB
Cached:           672564 kB
SwapCached:         4140 kB
Active:           681152 kB
Inactive:         761356 kB
Active(anon):     344172 kB
Inactive(anon):   439728 kB
Active(file):     336980 kB
Inactive(file):   321628 kB
Unevictable:       35812 kB
Mlocked:           27768 kB
SwapTotal:       1310716 kB
SwapFree:        1182444 kB
Dirty:                96 kB
Writeback:             0 kB
AnonPages:        796912 kB
Mapped:           457136 kB
Shmem:              1004 kB
Slab:             109880 kB
SReclaimable:      31868 kB
SUnreclaim:        78012 kB
KernelStack:       32016 kB
PageTables:        56036 kB
NFS_Unstable:          0 kB
Bounce:                0 kB
WritebackTmp:          0 kB
CommitLimit:     2684136 kB
Committed_AS:   137905116 kB
VmallocTotal:   251658176 kB
VmallocUsed:      322524 kB
VmallocChunk:   247561408 kB
Time pass: 157 sec

---2015-12-11 14:29:19
MemTotal:        2746844 kB
MemFree:          414696 kB
Buffers:            6204 kB
Cached:           672564 kB
SwapCached:         4140 kB
Active:           680828 kB
Inactive:         761400 kB
Active(anon):     343848 kB
Inactive(anon):   439724 kB
Active(file):     336980 kB
Inactive(file):   321676 kB
Unevictable:       35812 kB
Mlocked:           27768 kB
SwapTotal:       1310716 kB
SwapFree:        1182444 kB
Dirty:                52 kB
Writeback:             0 kB
AnonPages:        796868 kB
Mapped:           457060 kB
Shmem:              1004 kB
Slab:             109880 kB
SReclaimable:      31868 kB
SUnreclaim:        78012 kB
KernelStack:       32000 kB
PageTables:        56008 kB
NFS_Unstable:          0 kB
Bounce:                0 kB
WritebackTmp:          0 kB
CommitLimit:     2684136 kB
Committed_AS:   137905116 kB
VmallocTotal:   251658176 kB
VmallocUsed:      322524 kB
VmallocChunk:   247561408 kB
Time pass: 160 sec

---2015-12-11 14:29:19
MemTotal:        2746844 kB
MemFree:          415804 kB
Buffers:            6204 kB
Cached:           672564 kB
SwapCached:         4140 kB
Active:           679708 kB
Inactive:         761384 kB
Active(anon):     342728 kB
Inactive(anon):   439708 kB
Active(file):     336980 kB
Inactive(file):   321676 kB
Unevictable:       35812 kB
Mlocked:           27768 kB
SwapTotal:       1310716 kB
SwapFree:        1182444 kB
Dirty:                 0 kB
Writeback:             0 kB
AnonPages:        795488 kB
Mapped:           457152 kB
Shmem:              1004 kB
Slab:             109880 kB
SReclaimable:      31868 kB
SUnreclaim:        78012 kB
KernelStack:       32000 kB
PageTables:        56036 kB
NFS_Unstable:          0 kB
Bounce:                0 kB
WritebackTmp:          0 kB
CommitLimit:     2684136 kB
Committed_AS:   137905084 kB
VmallocTotal:   251658176 kB
VmallocUsed:      322524 kB
VmallocChunk:   247561408 kB
Time pass: 164 sec

---2015-12-11 14:29:19
MemTotal:        2746844 kB
MemFree:          401556 kB
Buffers:            6204 kB
Cached:           674776 kB
SwapCached:         4264 kB
Active:           684620 kB
Inactive:         763344 kB
Active(anon):     347640 kB
Inactive(anon):   439708 kB
Active(file):     336980 kB
Inactive(file):   323636 kB
Unevictable:       35812 kB
Mlocked:           27768 kB
SwapTotal:       1310716 kB
SwapFree:        1182444 kB
Dirty:                 0 kB
Writeback:             0 kB
AnonPages:        800340 kB
Mapped:           465152 kB
Shmem:              1004 kB
Slab:             109896 kB
SReclaimable:      31868 kB
SUnreclaim:        78028 kB
KernelStack:       32032 kB
PageTables:        56404 kB
NFS_Unstable:          0 kB
Bounce:                0 kB
WritebackTmp:          0 kB
CommitLimit:     2684136 kB
Committed_AS:   139188312 kB
VmallocTotal:   251658176 kB
VmallocUsed:      323456 kB
VmallocChunk:   247561408 kB
Time pass: 167 sec

---2015-12-11 14:29:19
MemTotal:        2746844 kB
MemFree:          214716 kB
Buffers:            6552 kB
Cached:           680632 kB
SwapCached:         4508 kB
Active:           718300 kB
Inactive:         765848 kB
Active(anon):     377244 kB
Inactive(anon):   439960 kB
Active(file):     341056 kB
Inactive(file):   325888 kB
Unevictable:       35812 kB
Mlocked:           27768 kB
SwapTotal:       1310716 kB
SwapFree:        1182456 kB
Dirty:              1604 kB
Writeback:             0 kB
AnonPages:        830264 kB
Mapped:           482324 kB
Shmem:              1136 kB
Slab:             109856 kB
SReclaimable:      31848 kB
SUnreclaim:        78008 kB
KernelStack:       33376 kB
PageTables:        57268 kB
NFS_Unstable:          0 kB
Bounce:                0 kB
WritebackTmp:          0 kB
CommitLimit:     2684136 kB
Committed_AS:   139240720 kB
VmallocTotal:   251658176 kB
VmallocUsed:      324824 kB
VmallocChunk:   247561408 kB
Time pass: 171 sec

---2015-12-11 14:29:19
MemTotal:        2746844 kB
MemFree:          160564 kB
Buffers:            6608 kB
Cached:           684772 kB
SwapCached:         4524 kB
Active:           737668 kB
Inactive:         768552 kB
Active(anon):     395128 kB
Inactive(anon):   439952 kB
Active(file):     342540 kB
Inactive(file):   328600 kB
Unevictable:       35812 kB
Mlocked:           27768 kB
SwapTotal:       1310716 kB
SwapFree:        1182456 kB
Dirty:              1288 kB
Writeback:             0 kB
AnonPages:        847836 kB
Mapped:           487064 kB
Shmem:              1136 kB
Slab:             109864 kB
SReclaimable:      31864 kB
SUnreclaim:        78000 kB
KernelStack:       33616 kB
PageTables:        57340 kB
NFS_Unstable:          0 kB
Bounce:                0 kB
WritebackTmp:          0 kB
CommitLimit:     2684136 kB
Committed_AS:   139208492 kB
VmallocTotal:   251658176 kB
VmallocUsed:      326012 kB
VmallocChunk:   247561408 kB
Time pass: 175 sec

---2015-12-11 14:29:19
MemTotal:        2746844 kB
MemFree:          153480 kB
Buffers:            6608 kB
Cached:           685152 kB
SwapCached:         4524 kB
Active:           730408 kB
Inactive:         768716 kB
Active(anon):     387680 kB
Inactive(anon):   439956 kB
Active(file):     342728 kB
Inactive(file):   328760 kB
Unevictable:       35812 kB
Mlocked:           27768 kB
SwapTotal:       1310716 kB
SwapFree:        1182456 kB
Dirty:                 0 kB
Writeback:             0 kB
AnonPages:        840556 kB
Mapped:           487316 kB
Shmem:              1136 kB
Slab:             109920 kB
SReclaimable:      31880 kB
SUnreclaim:        78040 kB
KernelStack:       33584 kB
PageTables:        57192 kB
NFS_Unstable:          0 kB
Bounce:                0 kB
WritebackTmp:          0 kB
CommitLimit:     2684136 kB
Committed_AS:   139208508 kB
VmallocTotal:   251658176 kB
VmallocUsed:      326064 kB
VmallocChunk:   247561408 kB
Time pass: 178 sec

---2015-12-11 14:29:19
MemTotal:        2746844 kB
MemFree:          153132 kB
Buffers:            6616 kB
Cached:           685152 kB
SwapCached:         4524 kB
Active:           730856 kB
Inactive:         768724 kB
Active(anon):     388128 kB
Inactive(anon):   439952 kB
Active(file):     342728 kB
Inactive(file):   328772 kB
Unevictable:       35812 kB
Mlocked:           27768 kB
SwapTotal:       1310716 kB
SwapFree:        1182456 kB
Dirty:               132 kB
Writeback:             0 kB
AnonPages:        840648 kB
Mapped:           487456 kB
Shmem:              1136 kB
Slab:             109928 kB
SReclaimable:      31880 kB
SUnreclaim:        78048 kB
KernelStack:       33552 kB
PageTables:        57184 kB
NFS_Unstable:          0 kB
Bounce:                0 kB
WritebackTmp:          0 kB
CommitLimit:     2684136 kB
Committed_AS:   139208592 kB
VmallocTotal:   251658176 kB
VmallocUsed:      326064 kB
VmallocChunk:   247561408 kB
Time pass: 182 sec

---2015-12-11 14:29:19
MemTotal:        2746844 kB
MemFree:          149500 kB
Buffers:            6648 kB
Cached:           685520 kB
SwapCached:         4524 kB
Active:           733732 kB
Inactive:         768656 kB
Active(anon):     390532 kB
Inactive(anon):   439952 kB
Active(file):     343200 kB
Inactive(file):   328704 kB
Unevictable:       35812 kB
Mlocked:           27768 kB
SwapTotal:       1310716 kB
SwapFree:        1182456 kB
Dirty:               376 kB
Writeback:             0 kB
AnonPages:        843480 kB
Mapped:           487372 kB
Shmem:              1136 kB
Slab:             109968 kB
SReclaimable:      31880 kB
SUnreclaim:        78088 kB
KernelStack:       33536 kB
PageTables:        57168 kB
NFS_Unstable:          0 kB
Bounce:                0 kB
WritebackTmp:          0 kB
CommitLimit:     2684136 kB
Committed_AS:   139208632 kB
VmallocTotal:   251658176 kB
VmallocUsed:      326064 kB
VmallocChunk:   247561408 kB
Time pass: 185 sec

---2015-12-11 14:29:19
MemTotal:        2746844 kB
MemFree:          149756 kB
Buffers:            6656 kB
Cached:           685520 kB
SwapCached:         4524 kB
Active:           734128 kB
Inactive:         768556 kB
Active(anon):     390800 kB
Inactive(anon):   439952 kB
Active(file):     343328 kB
Inactive(file):   328604 kB
Unevictable:       35812 kB
Mlocked:           27768 kB
SwapTotal:       1310716 kB
SwapFree:        1182456 kB
Dirty:                32 kB
Writeback:             0 kB
AnonPages:        843548 kB
Mapped:           487420 kB
Shmem:              1136 kB
Slab:             109968 kB
SReclaimable:      31880 kB
SUnreclaim:        78088 kB
KernelStack:       33536 kB
PageTables:        57168 kB
NFS_Unstable:          0 kB
Bounce:                0 kB
WritebackTmp:          0 kB
CommitLimit:     2684136 kB
Committed_AS:   139208720 kB
VmallocTotal:   251658176 kB
VmallocUsed:      326064 kB
VmallocChunk:   247561408 kB
Time pass: 189 sec

---2015-12-11 14:29:19
MemTotal:        2746844 kB
MemFree:          107380 kB
Buffers:            6660 kB
Cached:           688500 kB
SwapCached:         4524 kB
Active:           742324 kB
Inactive:         771440 kB
Active(anon):     398936 kB
Inactive(anon):   439948 kB
Active(file):     343388 kB
Inactive(file):   331492 kB
Unevictable:       35812 kB
Mlocked:           27768 kB
SwapTotal:       1310716 kB
SwapFree:        1182460 kB
Dirty:               580 kB
Writeback:             0 kB
AnonPages:        851488 kB
Mapped:           487644 kB
Shmem:              1136 kB
Slab:             109952 kB
SReclaimable:      31880 kB
SUnreclaim:        78072 kB
KernelStack:       33584 kB
PageTables:        57188 kB
NFS_Unstable:          0 kB
Bounce:                0 kB
WritebackTmp:          0 kB
CommitLimit:     2684136 kB
Committed_AS:   139221480 kB
VmallocTotal:   251658176 kB
VmallocUsed:      327060 kB
VmallocChunk:   247561408 kB
Time pass: 192 sec

---2015-12-11 14:29:19
MemTotal:        2746844 kB
MemFree:          107184 kB
Buffers:            6668 kB
Cached:           688500 kB
SwapCached:         4524 kB
Active:           742352 kB
Inactive:         771468 kB
Active(anon):     398956 kB
Inactive(anon):   439948 kB
Active(file):     343396 kB
Inactive(file):   331520 kB
Unevictable:       35812 kB
Mlocked:           27768 kB
SwapTotal:       1310716 kB
SwapFree:        1182460 kB
Dirty:               112 kB
Writeback:             0 kB
AnonPages:        851688 kB
Mapped:           487644 kB
Shmem:              1136 kB
Slab:             109912 kB
SReclaimable:      31880 kB
SUnreclaim:        78032 kB
KernelStack:       33584 kB
PageTables:        57184 kB
NFS_Unstable:          0 kB
Bounce:                0 kB
WritebackTmp:          0 kB
CommitLimit:     2684136 kB
Committed_AS:   139221480 kB
VmallocTotal:   251658176 kB
VmallocUsed:      327060 kB
VmallocChunk:   247561408 kB
Time pass: 196 sec

---2015-12-11 14:29:19
MemTotal:        2746844 kB
MemFree:          106896 kB
Buffers:            6676 kB
Cached:           688500 kB
SwapCached:         4524 kB
Active:           742112 kB
Inactive:         771480 kB
Active(anon):     398712 kB
Inactive(anon):   439948 kB
Active(file):     343400 kB
Inactive(file):   331532 kB
Unevictable:       35812 kB
Mlocked:           27768 kB
SwapTotal:       1310716 kB
SwapFree:        1182460 kB
Dirty:                36 kB
Writeback:             0 kB
AnonPages:        851448 kB
Mapped:           487660 kB
Shmem:              1136 kB
Slab:             109944 kB
SReclaimable:      31880 kB
SUnreclaim:        78064 kB
KernelStack:       33600 kB
PageTables:        57188 kB
NFS_Unstable:          0 kB
Bounce:                0 kB
WritebackTmp:          0 kB
CommitLimit:     2684136 kB
Committed_AS:   139221480 kB
VmallocTotal:   251658176 kB
VmallocUsed:      327060 kB
VmallocChunk:   247561408 kB
Time pass: 199 sec

---2015-12-11 14:29:19
MemTotal:        2746844 kB
MemFree:           91616 kB
Buffers:            6692 kB
Cached:           688732 kB
SwapCached:         4524 kB
Active:           757200 kB
Inactive:         771696 kB
Active(anon):     413796 kB
Inactive(anon):   440084 kB
Active(file):     343404 kB
Inactive(file):   331612 kB
Unevictable:       35812 kB
Mlocked:           27768 kB
SwapTotal:       1310716 kB
SwapFree:        1182468 kB
Dirty:               100 kB
Writeback:             0 kB
AnonPages:        866384 kB
Mapped:           491156 kB
Shmem:              1300 kB
Slab:             110100 kB
SReclaimable:      31880 kB
SUnreclaim:        78220 kB
KernelStack:       34048 kB
PageTables:        57352 kB
NFS_Unstable:          0 kB
Bounce:                0 kB
WritebackTmp:          0 kB
CommitLimit:     2684136 kB
Committed_AS:   139241684 kB
VmallocTotal:   251658176 kB
VmallocUsed:      329248 kB
VmallocChunk:   247561408 kB
Time pass: 203 sec

---2015-12-11 14:29:19
MemTotal:        2746844 kB
MemFree:           70684 kB
Buffers:            6748 kB
Cached:           699860 kB
SwapCached:         4524 kB
Active:           767584 kB
Inactive:         782008 kB
Active(anon):     422772 kB
Inactive(anon):   441204 kB
Active(file):     344812 kB
Inactive(file):   340804 kB
Unevictable:       35812 kB
Mlocked:           27768 kB
SwapTotal:       1310716 kB
SwapFree:        1181940 kB
Dirty:                76 kB
Writeback:             0 kB
AnonPages:        876320 kB
Mapped:           491424 kB
Shmem:              1484 kB
Slab:             110180 kB
SReclaimable:      31880 kB
SUnreclaim:        78300 kB
KernelStack:       33904 kB
PageTables:        57332 kB
NFS_Unstable:          0 kB
Bounce:                0 kB
WritebackTmp:          0 kB
CommitLimit:     2684136 kB
Committed_AS:   139250124 kB
VmallocTotal:   251658176 kB
VmallocUsed:      325208 kB
VmallocChunk:   247561408 kB
Time pass: 206 sec

---2015-12-11 14:29:19
MemTotal:        2746844 kB
MemFree:           68096 kB
Buffers:            6764 kB
Cached:           699232 kB
SwapCached:         4524 kB
Active:           768800 kB
Inactive:         781712 kB
Active(anon):     424328 kB
Inactive(anon):   441232 kB
Active(file):     344472 kB
Inactive(file):   340480 kB
Unevictable:       35812 kB
Mlocked:           27768 kB
SwapTotal:       1310716 kB
SwapFree:        1181940 kB
Dirty:                 0 kB
Writeback:             0 kB
AnonPages:        877660 kB
Mapped:           491504 kB
Shmem:              1520 kB
Slab:             110156 kB
SReclaimable:      31880 kB
SUnreclaim:        78276 kB
KernelStack:       33840 kB
PageTables:        57380 kB
NFS_Unstable:          0 kB
Bounce:                0 kB
WritebackTmp:          0 kB
CommitLimit:     2684136 kB
Committed_AS:   139254192 kB
VmallocTotal:   251658176 kB
VmallocUsed:      325208 kB
VmallocChunk:   247561408 kB
Time pass: 210 sec

---2015-12-11 14:29:19
MemTotal:        2746844 kB
MemFree:           68008 kB
Buffers:            6820 kB
Cached:           699476 kB
SwapCached:         4524 kB
Active:           769552 kB
Inactive:         781844 kB
Active(anon):     424868 kB
Inactive(anon):   440940 kB
Active(file):     344684 kB
Inactive(file):   340904 kB
Unevictable:       35812 kB
Mlocked:           27768 kB
SwapTotal:       1310716 kB
SwapFree:        1181940 kB
Dirty:               100 kB
Writeback:             0 kB
AnonPages:        878008 kB
Mapped:           491808 kB
Shmem:              1544 kB
Slab:             110160 kB
SReclaimable:      31880 kB
SUnreclaim:        78280 kB
KernelStack:       34016 kB
PageTables:        57468 kB
NFS_Unstable:          0 kB
Bounce:                0 kB
WritebackTmp:          0 kB
CommitLimit:     2684136 kB
Committed_AS:   139254304 kB
VmallocTotal:   251658176 kB
VmallocUsed:      325208 kB
VmallocChunk:   247561408 kB
Time pass: 213 sec

---2015-12-11 14:29:19
MemTotal:        2746844 kB
MemFree:           66492 kB
Buffers:            6820 kB
Cached:           699476 kB
SwapCached:         4524 kB
Active:           770996 kB
Inactive:         781880 kB
Active(anon):     426312 kB
Inactive(anon):   440920 kB
Active(file):     344684 kB
Inactive(file):   340960 kB
Unevictable:       35812 kB
Mlocked:           27768 kB
SwapTotal:       1310716 kB
SwapFree:        1181940 kB
Dirty:               100 kB
Writeback:             0 kB
AnonPages:        879604 kB
Mapped:           491724 kB
Shmem:              1544 kB
Slab:             110152 kB
SReclaimable:      31880 kB
SUnreclaim:        78272 kB
KernelStack:       34016 kB
PageTables:        57448 kB
NFS_Unstable:          0 kB
Bounce:                0 kB
WritebackTmp:          0 kB
CommitLimit:     2684136 kB
Committed_AS:   139254280 kB
VmallocTotal:   251658176 kB
VmallocUsed:      325208 kB
VmallocChunk:   247561408 kB
Time pass: 217 sec

---2015-12-11 14:29:19
MemTotal:        2746844 kB
MemFree:           70096 kB
Buffers:            6800 kB
Cached:           694960 kB
SwapCached:         4524 kB
Active:           771000 kB
Inactive:         776616 kB
Active(anon):     429300 kB
Inactive(anon):   437224 kB
Active(file):     341700 kB
Inactive(file):   339392 kB
Unevictable:       35812 kB
Mlocked:           27768 kB
SwapTotal:       1310716 kB
SwapFree:        1180680 kB
Dirty:                40 kB
Writeback:             0 kB
AnonPages:        878900 kB
Mapped:           491444 kB
Shmem:              1544 kB
Slab:             110212 kB
SReclaimable:      31880 kB
SUnreclaim:        78332 kB
KernelStack:       34000 kB
PageTables:        57444 kB
NFS_Unstable:          0 kB
Bounce:                0 kB
WritebackTmp:          0 kB
CommitLimit:     2684136 kB
Committed_AS:   139254192 kB
VmallocTotal:   251658176 kB
VmallocUsed:      325208 kB
VmallocChunk:   247561408 kB
Time pass: 220 sec

---2015-12-11 14:29:19
MemTotal:        2746844 kB
MemFree:           72992 kB
Buffers:            6792 kB
Cached:           693648 kB
SwapCached:         4524 kB
Active:           772332 kB
Inactive:         773908 kB
Active(anon):     430540 kB
Inactive(anon):   435916 kB
Active(file):     341792 kB
Inactive(file):   337992 kB
Unevictable:       35812 kB
Mlocked:           27768 kB
SwapTotal:       1310716 kB
SwapFree:        1179716 kB
Dirty:                40 kB
Writeback:             0 kB
AnonPages:        878588 kB
Mapped:           490464 kB
Shmem:              1544 kB
Slab:             110216 kB
SReclaimable:      31880 kB
SUnreclaim:        78336 kB
KernelStack:       34000 kB
PageTables:        57472 kB
NFS_Unstable:          0 kB
Bounce:                0 kB
WritebackTmp:          0 kB
CommitLimit:     2684136 kB
Committed_AS:   139254224 kB
VmallocTotal:   251658176 kB
VmallocUsed:      325208 kB
VmallocChunk:   247561408 kB
Time pass: 224 sec

---2015-12-11 14:29:19
MemTotal:        2746844 kB
MemFree:           69664 kB
Buffers:            6808 kB
Cached:           694556 kB
SwapCached:         4524 kB
Active:           779956 kB
Inactive:         768896 kB
Active(anon):     432716 kB
Inactive(anon):   435420 kB
Active(file):     347240 kB
Inactive(file):   333476 kB
Unevictable:       35812 kB
Mlocked:           27768 kB
SwapTotal:       1310716 kB
SwapFree:        1179716 kB
Dirty:                88 kB
Writeback:             0 kB
AnonPages:        880400 kB
Mapped:           489800 kB
Shmem:              1544 kB
Slab:             110224 kB
SReclaimable:      31880 kB
SUnreclaim:        78344 kB
KernelStack:       33984 kB
PageTables:        57460 kB
NFS_Unstable:          0 kB
Bounce:                0 kB
WritebackTmp:          0 kB
CommitLimit:     2684136 kB
Committed_AS:   139254096 kB
VmallocTotal:   251658176 kB
VmallocUsed:      325208 kB
VmallocChunk:   247561408 kB
Time pass: 227 sec

---2015-12-11 14:29:19
MemTotal:        2746844 kB
MemFree:           70376 kB
Buffers:            6824 kB
Cached:           694556 kB
SwapCached:         4524 kB
Active:           779324 kB
Inactive:         768812 kB
Active(anon):     431992 kB
Inactive(anon):   435416 kB
Active(file):     347332 kB
Inactive(file):   333396 kB
Unevictable:       35812 kB
Mlocked:           27768 kB
SwapTotal:       1310716 kB
SwapFree:        1179716 kB
Dirty:                 0 kB
Writeback:             0 kB
AnonPages:        879944 kB
Mapped:           489924 kB
Shmem:              1544 kB
Slab:             110180 kB
SReclaimable:      31880 kB
SUnreclaim:        78300 kB
KernelStack:       33968 kB
PageTables:        57444 kB
NFS_Unstable:          0 kB
Bounce:                0 kB
WritebackTmp:          0 kB
CommitLimit:     2684136 kB
Committed_AS:   139254152 kB
VmallocTotal:   251658176 kB
VmallocUsed:      325208 kB
VmallocChunk:   247561408 kB
Time pass: 231 sec

---2015-12-11 14:29:19
MemTotal:        2746844 kB
MemFree:           70544 kB
Buffers:            6832 kB
Cached:           694556 kB
SwapCached:         4524 kB
Active:           779612 kB
Inactive:         768584 kB
Active(anon):     432280 kB
Inactive(anon):   435180 kB
Active(file):     347332 kB
Inactive(file):   333404 kB
Unevictable:       35812 kB
Mlocked:           27768 kB
SwapTotal:       1310716 kB
SwapFree:        1179724 kB
Dirty:                52 kB
Writeback:             0 kB
AnonPages:        879984 kB
Mapped:           490044 kB
Shmem:              1544 kB
Slab:             110228 kB
SReclaimable:      31880 kB
SUnreclaim:        78348 kB
KernelStack:       33952 kB
PageTables:        57480 kB
NFS_Unstable:          0 kB
Bounce:                0 kB
WritebackTmp:          0 kB
CommitLimit:     2684136 kB
Committed_AS:   139258168 kB
VmallocTotal:   251658176 kB
VmallocUsed:      325208 kB
VmallocChunk:   247561408 kB
Time pass: 235 sec

---2015-12-11 14:29:19
MemTotal:        2746844 kB
MemFree:           71556 kB
Buffers:            6848 kB
Cached:           694556 kB
SwapCached:         4524 kB
Active:           779700 kB
Inactive:         768600 kB
Active(anon):     432368 kB
Inactive(anon):   435180 kB
Active(file):     347332 kB
Inactive(file):   333420 kB
Unevictable:       35812 kB
Mlocked:           27768 kB
SwapTotal:       1310716 kB
SwapFree:        1179724 kB
Dirty:                60 kB
Writeback:             0 kB
AnonPages:        879892 kB
Mapped:           489960 kB
Shmem:              1544 kB
Slab:             110164 kB
SReclaimable:      31880 kB
SUnreclaim:        78284 kB
KernelStack:       33952 kB
PageTables:        57456 kB
NFS_Unstable:          0 kB
Bounce:                0 kB
WritebackTmp:          0 kB
CommitLimit:     2684136 kB
Committed_AS:   139258144 kB
VmallocTotal:   251658176 kB
VmallocUsed:      325208 kB
VmallocChunk:   247561408 kB
Time pass: 238 sec

---2015-12-11 14:29:19
MemTotal:        2746844 kB
MemFree:           71376 kB
Buffers:            6856 kB
Cached:           694556 kB
SwapCached:         4524 kB
Active:           779864 kB
Inactive:         768600 kB
Active(anon):     432532 kB
Inactive(anon):   435180 kB
Active(file):     347332 kB
Inactive(file):   333420 kB
Unevictable:       35812 kB
Mlocked:           27768 kB
SwapTotal:       1310716 kB
SwapFree:        1179724 kB
Dirty:                32 kB
Writeback:             0 kB
AnonPages:        879860 kB
Mapped:           490044 kB
Shmem:              1544 kB
Slab:             110124 kB
SReclaimable:      31880 kB
SUnreclaim:        78244 kB
KernelStack:       33952 kB
PageTables:        57484 kB
NFS_Unstable:          0 kB
Bounce:                0 kB
WritebackTmp:          0 kB
CommitLimit:     2684136 kB
Committed_AS:   139258212 kB
VmallocTotal:   251658176 kB
VmallocUsed:      325208 kB
VmallocChunk:   247561408 kB
Time pass: 242 sec

---2015-12-11 14:29:19
MemTotal:        2746844 kB
MemFree:           69516 kB
Buffers:            6872 kB
Cached:           694568 kB
SwapCached:         4528 kB
Active:           783048 kB
Inactive:         768576 kB
Active(anon):     435708 kB
Inactive(anon):   435140 kB
Active(file):     347340 kB
Inactive(file):   333436 kB
Unevictable:       35812 kB
Mlocked:           27768 kB
SwapTotal:       1310716 kB
SwapFree:        1179724 kB
Dirty:               108 kB
Writeback:             0 kB
AnonPages:        883396 kB
Mapped:           489764 kB
Shmem:              1556 kB
Slab:             110164 kB
SReclaimable:      31880 kB
SUnreclaim:        78284 kB
KernelStack:       33952 kB
PageTables:        57432 kB
NFS_Unstable:          0 kB
Bounce:                0 kB
WritebackTmp:          0 kB
CommitLimit:     2684136 kB
Committed_AS:   139258280 kB
VmallocTotal:   251658176 kB
VmallocUsed:      325208 kB
VmallocChunk:   247561408 kB
Time pass: 245 sec

---2015-12-11 14:29:19
MemTotal:        2746844 kB
MemFree:           69808 kB
Buffers:            6888 kB
Cached:           694632 kB
SwapCached:         4528 kB
Active:           782632 kB
Inactive:         768556 kB
Active(anon):     435288 kB
Inactive(anon):   435116 kB
Active(file):     347344 kB
Inactive(file):   333440 kB
Unevictable:       35812 kB
Mlocked:           27768 kB
SwapTotal:       1310716 kB
SwapFree:        1179728 kB
Dirty:                60 kB
Writeback:             0 kB
AnonPages:        882968 kB
Mapped:           489788 kB
Shmem:              1620 kB
Slab:             110140 kB
SReclaimable:      31880 kB
SUnreclaim:        78260 kB
KernelStack:       33952 kB
PageTables:        57408 kB
NFS_Unstable:          0 kB
Bounce:                0 kB
WritebackTmp:          0 kB
CommitLimit:     2684136 kB
Committed_AS:   139258200 kB
VmallocTotal:   251658176 kB
VmallocUsed:      325208 kB
VmallocChunk:   247561408 kB
Time pass: 249 sec

---2015-12-11 14:29:19
MemTotal:        2746844 kB
MemFree:           69336 kB
Buffers:            6888 kB
Cached:           694632 kB
SwapCached:         4528 kB
Active:           782908 kB
Inactive:         768500 kB
Active(anon):     435564 kB
Inactive(anon):   435052 kB
Active(file):     347344 kB
Inactive(file):   333448 kB
Unevictable:       35812 kB
Mlocked:           27768 kB
SwapTotal:       1310716 kB
SwapFree:        1179740 kB
Dirty:                60 kB
Writeback:             0 kB
AnonPages:        883092 kB
Mapped:           490036 kB
Shmem:              1620 kB
Slab:             110140 kB
SReclaimable:      31880 kB
SUnreclaim:        78260 kB
KernelStack:       33968 kB
PageTables:        57460 kB
NFS_Unstable:          0 kB
Bounce:                0 kB
WritebackTmp:          0 kB
CommitLimit:     2684136 kB
Committed_AS:   139258292 kB
VmallocTotal:   251658176 kB
VmallocUsed:      325208 kB
VmallocChunk:   247561408 kB
Time pass: 252 sec

---2015-12-11 14:29:19
MemTotal:        2746844 kB
MemFree:           69088 kB
Buffers:            6912 kB
Cached:           694660 kB
SwapCached:         4528 kB
Active:           783424 kB
Inactive:         768540 kB
Active(anon):     436080 kB
Inactive(anon):   435084 kB
Active(file):     347344 kB
Inactive(file):   333456 kB
Unevictable:       35812 kB
Mlocked:           27768 kB
SwapTotal:       1310716 kB
SwapFree:        1179740 kB
Dirty:                32 kB
Writeback:             0 kB
AnonPages:        883644 kB
Mapped:           490164 kB
Shmem:              1664 kB
Slab:             110124 kB
SReclaimable:      31880 kB
SUnreclaim:        78244 kB
KernelStack:       33968 kB
PageTables:        57492 kB
NFS_Unstable:          0 kB
Bounce:                0 kB
WritebackTmp:          0 kB
CommitLimit:     2684136 kB
Committed_AS:   139258276 kB
VmallocTotal:   251658176 kB
VmallocUsed:      325208 kB
VmallocChunk:   247561408 kB
Time pass: 256 sec

---2015-12-11 14:29:19
MemTotal:        2746844 kB
MemFree:           68424 kB
Buffers:            6912 kB
Cached:           694696 kB
SwapCached:         4528 kB
Active:           783712 kB
Inactive:         768564 kB
Active(anon):     436364 kB
Inactive(anon):   435088 kB
Active(file):     347348 kB
Inactive(file):   333476 kB
Unevictable:       35812 kB
Mlocked:           27768 kB
SwapTotal:       1310716 kB
SwapFree:        1179976 kB
Dirty:                 0 kB
Writeback:             0 kB
AnonPages:        883456 kB
Mapped:           490172 kB
Shmem:              1676 kB
Slab:             110124 kB
SReclaimable:      31880 kB
SUnreclaim:        78244 kB
KernelStack:       33968 kB
PageTables:        57468 kB
NFS_Unstable:          0 kB
Bounce:                0 kB
WritebackTmp:          0 kB
CommitLimit:     2684136 kB
Committed_AS:   139249764 kB
VmallocTotal:   251658176 kB
VmallocUsed:      325208 kB
VmallocChunk:   247561408 kB
Time pass: 259 sec

---2015-12-11 14:29:19
MemTotal:        2746844 kB
MemFree:           66096 kB
Buffers:            6896 kB
Cached:           693216 kB
SwapCached:         4528 kB
Active:           786744 kB
Inactive:         769952 kB
Active(anon):     439396 kB
Inactive(anon):   438160 kB
Active(file):     347348 kB
Inactive(file):   331792 kB
Unevictable:       35812 kB
Mlocked:           27768 kB
SwapTotal:       1310716 kB
SwapFree:        1178916 kB
Dirty:                32 kB
Writeback:             0 kB
AnonPages:        889504 kB
Mapped:           494224 kB
Shmem:              1676 kB
Slab:             110140 kB
SReclaimable:      31880 kB
SUnreclaim:        78260 kB
KernelStack:       33968 kB
PageTables:        57740 kB
NFS_Unstable:          0 kB
Bounce:                0 kB
WritebackTmp:          0 kB
CommitLimit:     2684136 kB
Committed_AS:   140500144 kB
VmallocTotal:   251658176 kB
VmallocUsed:      326228 kB
VmallocChunk:   247561408 kB
Time pass: 263 sec

---2015-12-11 14:29:19
MemTotal:        2746844 kB
MemFree:           73444 kB
Buffers:            6912 kB
Cached:           692852 kB
SwapCached:         4528 kB
Active:           782240 kB
Inactive:         769384 kB
Active(anon):     434908 kB
Inactive(anon):   438140 kB
Active(file):     347332 kB
Inactive(file):   331244 kB
Unevictable:       35812 kB
Mlocked:           27768 kB
SwapTotal:       1310716 kB
SwapFree:        1178920 kB
Dirty:                76 kB
Writeback:             0 kB
AnonPages:        885100 kB
Mapped:           489148 kB
Shmem:              1720 kB
Slab:             110152 kB
SReclaimable:      31876 kB
SUnreclaim:        78276 kB
KernelStack:       33952 kB
PageTables:        57400 kB
NFS_Unstable:          0 kB
Bounce:                0 kB
WritebackTmp:          0 kB
CommitLimit:     2684136 kB
Committed_AS:   139249704 kB
VmallocTotal:   251658176 kB
VmallocUsed:      325208 kB
VmallocChunk:   247561408 kB
Time pass: 266 sec

---2015-12-11 14:29:19
MemTotal:        2746844 kB
MemFree:           74868 kB
Buffers:            6920 kB
Cached:           692152 kB
SwapCached:         4528 kB
Active:           781872 kB
Inactive:         768928 kB
Active(anon):     434560 kB
Inactive(anon):   437996 kB
Active(file):     347312 kB
Inactive(file):   330932 kB
Unevictable:       35812 kB
Mlocked:           27768 kB
SwapTotal:       1310716 kB
SwapFree:        1178920 kB
Dirty:                52 kB
Writeback:             0 kB
AnonPages:        884784 kB
Mapped:           488980 kB
Shmem:              1720 kB
Slab:             110148 kB
SReclaimable:      31876 kB
SUnreclaim:        78272 kB
KernelStack:       33968 kB
PageTables:        57468 kB
NFS_Unstable:          0 kB
Bounce:                0 kB
WritebackTmp:          0 kB
CommitLimit:     2684136 kB
Committed_AS:   139249688 kB
VmallocTotal:   251658176 kB
VmallocUsed:      325208 kB
VmallocChunk:   247561408 kB
Time pass: 270 sec

---2015-12-11 14:29:19
MemTotal:        2746844 kB
MemFree:           73168 kB
Buffers:            6976 kB
Cached:           692164 kB
SwapCached:         4528 kB
Active:           782692 kB
Inactive:         768952 kB
Active(anon):     435380 kB
Inactive(anon):   437968 kB
Active(file):     347312 kB
Inactive(file):   330984 kB
Unevictable:       35812 kB
Mlocked:           27768 kB
SwapTotal:       1310716 kB
SwapFree:        1178924 kB
Dirty:               100 kB
Writeback:             0 kB
AnonPages:        885528 kB
Mapped:           488900 kB
Shmem:              1724 kB
Slab:             110148 kB
SReclaimable:      31876 kB
SUnreclaim:        78272 kB
KernelStack:       33984 kB
PageTables:        57448 kB
NFS_Unstable:          0 kB
Bounce:                0 kB
WritebackTmp:          0 kB
CommitLimit:     2684136 kB
Committed_AS:   139249728 kB
VmallocTotal:   251658176 kB
VmallocUsed:      325208 kB
VmallocChunk:   247561408 kB
Time pass: 273 sec

---2015-12-11 14:29:19
MemTotal:        2746844 kB
MemFree:           74032 kB
Buffers:            6976 kB
Cached:           692204 kB
SwapCached:         4528 kB
Active:           783352 kB
Inactive:         769004 kB
Active(anon):     436040 kB
Inactive(anon):   438008 kB
Active(file):     347312 kB
Inactive(file):   330996 kB
Unevictable:       35812 kB
Mlocked:           27768 kB
SwapTotal:       1310716 kB
SwapFree:        1178924 kB
Dirty:                 0 kB
Writeback:             0 kB
AnonPages:        886260 kB
Mapped:           488940 kB
Shmem:              1764 kB
Slab:             110148 kB
SReclaimable:      31876 kB
SUnreclaim:        78272 kB
KernelStack:       33968 kB
PageTables:        57444 kB
NFS_Unstable:          0 kB
Bounce:                0 kB
WritebackTmp:          0 kB
CommitLimit:     2684136 kB
Committed_AS:   139249704 kB
VmallocTotal:   251658176 kB
VmallocUsed:      325208 kB
VmallocChunk:   247561408 kB
Time pass: 277 sec

---2015-12-11 14:29:19
MemTotal:        2746844 kB
MemFree:           72228 kB
Buffers:            7040 kB
Cached:           692292 kB
SwapCached:         4528 kB
Active:           784568 kB
Inactive:         769096 kB
Active(anon):     437216 kB
Inactive(anon):   438004 kB
Active(file):     347352 kB
Inactive(file):   331092 kB
Unevictable:       35812 kB
Mlocked:           27768 kB
SwapTotal:       1310716 kB
SwapFree:        1178928 kB
Dirty:                84 kB
Writeback:             0 kB
AnonPages:        887228 kB
Mapped:           488944 kB
Shmem:              1764 kB
Slab:             110152 kB
SReclaimable:      31876 kB
SUnreclaim:        78276 kB
KernelStack:       33968 kB
PageTables:        57444 kB
NFS_Unstable:          0 kB
Bounce:                0 kB
WritebackTmp:          0 kB
CommitLimit:     2684136 kB
Committed_AS:   139249712 kB
VmallocTotal:   251658176 kB
VmallocUsed:      325208 kB
VmallocChunk:   247561408 kB
Time pass: 280 sec

---2015-12-11 14:29:19
MemTotal:        2746844 kB
MemFree:           69604 kB
Buffers:            7040 kB
Cached:           692336 kB
SwapCached:         4528 kB
Active:           787316 kB
Inactive:         768896 kB
Active(anon):     439964 kB
Inactive(anon):   437744 kB
Active(file):     347352 kB
Inactive(file):   331152 kB
Unevictable:       35812 kB
Mlocked:           27768 kB
SwapTotal:       1310716 kB
SwapFree:        1178928 kB
Dirty:                36 kB
Writeback:             0 kB
AnonPages:        890324 kB
Mapped:           488948 kB
Shmem:              1764 kB
Slab:             110144 kB
SReclaimable:      31876 kB
SUnreclaim:        78268 kB
KernelStack:       34000 kB
PageTables:        57472 kB
NFS_Unstable:          0 kB
Bounce:                0 kB
WritebackTmp:          0 kB
CommitLimit:     2684136 kB
Committed_AS:   139258552 kB
VmallocTotal:   251658176 kB
VmallocUsed:      325208 kB
VmallocChunk:   247561408 kB
Time pass: 284 sec

---2015-12-11 14:29:19
MemTotal:        2746844 kB
MemFree:           69012 kB
Buffers:            7048 kB
Cached:           693204 kB
SwapCached:         4528 kB
Active:           786164 kB
Inactive:         769656 kB
Active(anon):     438804 kB
Inactive(anon):   437664 kB
Active(file):     347360 kB
Inactive(file):   331992 kB
Unevictable:       35812 kB
Mlocked:           27768 kB
SwapTotal:       1310716 kB
SwapFree:        1178928 kB
Dirty:               108 kB
Writeback:             0 kB
AnonPages:        888580 kB
Mapped:           489032 kB
Shmem:              1764 kB
Slab:             110168 kB
SReclaimable:      31876 kB
SUnreclaim:        78292 kB
KernelStack:       33984 kB
PageTables:        57472 kB
NFS_Unstable:          0 kB
Bounce:                0 kB
WritebackTmp:          0 kB
CommitLimit:     2684136 kB
Committed_AS:   139249740 kB
VmallocTotal:   251658176 kB
VmallocUsed:      325208 kB
VmallocChunk:   247561408 kB
Time pass: 287 sec

---2015-12-11 14:29:19
MemTotal:        2746844 kB
MemFree:           70800 kB
Buffers:            7072 kB
Cached:           693204 kB
SwapCached:         4528 kB
Active:           783088 kB
Inactive:         769708 kB
Active(anon):     435728 kB
Inactive(anon):   437664 kB
Active(file):     347360 kB
Inactive(file):   332044 kB
Unevictable:       35812 kB
Mlocked:           27768 kB
SwapTotal:       1310716 kB
SwapFree:        1178936 kB
Dirty:               104 kB
Writeback:             0 kB
AnonPages:        885552 kB
Mapped:           489116 kB
Shmem:              1764 kB
Slab:             110168 kB
SReclaimable:      31876 kB
SUnreclaim:        78292 kB
KernelStack:       33984 kB
PageTables:        57476 kB
NFS_Unstable:          0 kB
Bounce:                0 kB
WritebackTmp:          0 kB
CommitLimit:     2684136 kB
Committed_AS:   139250212 kB
VmallocTotal:   251658176 kB
VmallocUsed:      325208 kB
VmallocChunk:   247561408 kB
Time pass: 291 sec

---2015-12-11 14:29:19
MemTotal:        2746844 kB
MemFree:           70168 kB
Buffers:            7088 kB
Cached:           693204 kB
SwapCached:         4528 kB
Active:           784292 kB
Inactive:         769724 kB
Active(anon):     436932 kB
Inactive(anon):   437664 kB
Active(file):     347360 kB
Inactive(file):   332060 kB
Unevictable:       35812 kB
Mlocked:           27768 kB
SwapTotal:       1310716 kB
SwapFree:        1178944 kB
Dirty:                 0 kB
Writeback:             0 kB
AnonPages:        886652 kB
Mapped:           489116 kB
Shmem:              1764 kB
Slab:             110168 kB
SReclaimable:      31876 kB
SUnreclaim:        78292 kB
KernelStack:       34032 kB
PageTables:        57480 kB
NFS_Unstable:          0 kB
Bounce:                0 kB
WritebackTmp:          0 kB
CommitLimit:     2684136 kB
Committed_AS:   139250212 kB
VmallocTotal:   251658176 kB
VmallocUsed:      325208 kB
VmallocChunk:   247561408 kB
Time pass: 295 sec

---2015-12-11 14:29:19
MemTotal:        2746844 kB
MemFree:           69600 kB
Buffers:            7096 kB
Cached:           693204 kB
SwapCached:         4528 kB
Active:           784408 kB
Inactive:         769724 kB
Active(anon):     437048 kB
Inactive(anon):   437664 kB
Active(file):     347360 kB
Inactive(file):   332060 kB
Unevictable:       35812 kB
Mlocked:           27768 kB
SwapTotal:       1310716 kB
SwapFree:        1178944 kB
Dirty:                32 kB
Writeback:             0 kB
AnonPages:        886720 kB
Mapped:           489204 kB
Shmem:              1764 kB
Slab:             110160 kB
SReclaimable:      31876 kB
SUnreclaim:        78284 kB
KernelStack:       34032 kB
PageTables:        57508 kB
NFS_Unstable:          0 kB
Bounce:                0 kB
WritebackTmp:          0 kB
CommitLimit:     2684136 kB
Committed_AS:   139250292 kB
VmallocTotal:   251658176 kB
VmallocUsed:      325208 kB
VmallocChunk:   247561408 kB
Time pass: 298 sec

---2015-12-11 14:29:19
MemTotal:        2746844 kB
MemFree:           71348 kB
Buffers:            7096 kB
Cached:           690676 kB
SwapCached:         4528 kB
Active:           783472 kB
Inactive:         769896 kB
Active(anon):     435888 kB
Inactive(anon):   440352 kB
Active(file):     347584 kB
Inactive(file):   329544 kB
Unevictable:       35812 kB
Mlocked:           27768 kB
SwapTotal:       1310716 kB
SwapFree:        1177764 kB
Dirty:                72 kB
Writeback:             0 kB
AnonPages:        888208 kB
Mapped:           488092 kB
Shmem:              1764 kB
Slab:             110152 kB
SReclaimable:      31876 kB
SUnreclaim:        78276 kB
KernelStack:       34256 kB
PageTables:        57388 kB
NFS_Unstable:          0 kB
Bounce:                0 kB
WritebackTmp:          0 kB
CommitLimit:     2684136 kB
Committed_AS:   139250044 kB
VmallocTotal:   251658176 kB
VmallocUsed:      325208 kB
VmallocChunk:   247561408 kB
Time pass: 302 sec

---2015-12-11 14:29:19
MemTotal:        2746844 kB
MemFree:           70552 kB
Buffers:            7104 kB
Cached:           690904 kB
SwapCached:         4528 kB
Active:           783976 kB
Inactive:         769460 kB
Active(anon):     436172 kB
Inactive(anon):   440128 kB
Active(file):     347804 kB
Inactive(file):   329332 kB
Unevictable:       35812 kB
Mlocked:           27768 kB
SwapTotal:       1310716 kB
SwapFree:        1177764 kB
Dirty:               108 kB
Writeback:             0 kB
AnonPages:        888432 kB
Mapped:           487852 kB
Shmem:              1764 kB
Slab:             110156 kB
SReclaimable:      31876 kB
SUnreclaim:        78280 kB
KernelStack:       34016 kB
PageTables:        57456 kB
NFS_Unstable:          0 kB
Bounce:                0 kB
WritebackTmp:          0 kB
CommitLimit:     2684136 kB
Committed_AS:   139250200 kB
VmallocTotal:   251658176 kB
VmallocUsed:      325208 kB
VmallocChunk:   247561408 kB
Time pass: 306 sec

---2015-12-11 14:29:19
MemTotal:        2746844 kB
MemFree:           70152 kB
Buffers:            7120 kB
Cached:           690912 kB
SwapCached:         4528 kB
Active:           783704 kB
Inactive:         769472 kB
Active(anon):     435900 kB
Inactive(anon):   440124 kB
Active(file):     347804 kB
Inactive(file):   329348 kB
Unevictable:       35812 kB
Mlocked:           27768 kB
SwapTotal:       1310716 kB
SwapFree:        1177764 kB
Dirty:                56 kB
Writeback:             0 kB
AnonPages:        888052 kB
Mapped:           487936 kB
Shmem:              1764 kB
Slab:             110156 kB
SReclaimable:      31876 kB
SUnreclaim:        78280 kB
KernelStack:       34016 kB
PageTables:        57488 kB
NFS_Unstable:          0 kB
Bounce:                0 kB
WritebackTmp:          0 kB
CommitLimit:     2684136 kB
Committed_AS:   139250192 kB
VmallocTotal:   251658176 kB
VmallocUsed:      325208 kB
VmallocChunk:   247561408 kB
Time pass: 309 sec

---2015-12-11 14:29:19
MemTotal:        2746844 kB
MemFree:           70068 kB
Buffers:            7128 kB
Cached:           690904 kB
SwapCached:         4528 kB
Active:           783560 kB
Inactive:         769476 kB
Active(anon):     435752 kB
Inactive(anon):   440124 kB
Active(file):     347808 kB
Inactive(file):   329352 kB
Unevictable:       35812 kB
Mlocked:           27768 kB
SwapTotal:       1310716 kB
SwapFree:        1177764 kB
Dirty:                36 kB
Writeback:             0 kB
AnonPages:        888148 kB
Mapped:           487852 kB
Shmem:              1764 kB
Slab:             110148 kB
SReclaimable:      31876 kB
SUnreclaim:        78272 kB
KernelStack:       34016 kB
PageTables:        57464 kB
NFS_Unstable:          0 kB
Bounce:                0 kB
WritebackTmp:          0 kB
CommitLimit:     2684136 kB
Committed_AS:   139250192 kB
VmallocTotal:   251658176 kB
VmallocUsed:      325208 kB
VmallocChunk:   247561408 kB
Time pass: 313 sec

---2015-12-11 14:29:19
MemTotal:        2746844 kB
MemFree:           70208 kB
Buffers:            7144 kB
Cached:           690912 kB
SwapCached:         4528 kB
Active:           784204 kB
Inactive:         769500 kB
Active(anon):     436396 kB
Inactive(anon):   440124 kB
Active(file):     347808 kB
Inactive(file):   329376 kB
Unevictable:       35812 kB
Mlocked:           27768 kB
SwapTotal:       1310716 kB
SwapFree:        1177772 kB
Dirty:                40 kB
Writeback:             0 kB
AnonPages:        888648 kB
Mapped:           487852 kB
Shmem:              1764 kB
Slab:             110156 kB
SReclaimable:      31876 kB
SUnreclaim:        78280 kB
KernelStack:       34016 kB
PageTables:        57460 kB
NFS_Unstable:          0 kB
Bounce:                0 kB
WritebackTmp:          0 kB
CommitLimit:     2684136 kB
Committed_AS:   139250244 kB
VmallocTotal:   251658176 kB
VmallocUsed:      325208 kB
VmallocChunk:   247561408 kB
Time pass: 317 sec

---2015-12-11 14:29:19
MemTotal:        2746844 kB
MemFree:           72708 kB
Buffers:            7144 kB
Cached:           689184 kB
SwapCached:         4528 kB
Active:           783780 kB
Inactive:         767476 kB
Active(anon):     435204 kB
Inactive(anon):   440432 kB
Active(file):     348576 kB
Inactive(file):   327044 kB
Unevictable:       35812 kB
Mlocked:           27768 kB
SwapTotal:       1310716 kB
SwapFree:        1175912 kB
Dirty:                16 kB
Writeback:             0 kB
AnonPages:        888488 kB
Mapped:           487080 kB
Shmem:              1764 kB
Slab:             110176 kB
SReclaimable:      31876 kB
SUnreclaim:        78300 kB
KernelStack:       34496 kB
PageTables:        57676 kB
NFS_Unstable:          0 kB
Bounce:                0 kB
WritebackTmp:          0 kB
CommitLimit:     2684136 kB
Committed_AS:   140500496 kB
VmallocTotal:   251658176 kB
VmallocUsed:      326228 kB
VmallocChunk:   247561408 kB
Time pass: 320 sec

---2015-12-11 14:29:19
MemTotal:        2746844 kB
MemFree:           73512 kB
Buffers:            7152 kB
Cached:           689184 kB
SwapCached:         4528 kB
Active:           783416 kB
Inactive:         767484 kB
Active(anon):     434840 kB
Inactive(anon):   440432 kB
Active(file):     348576 kB
Inactive(file):   327052 kB
Unevictable:       35812 kB
Mlocked:           27768 kB
SwapTotal:       1310716 kB
SwapFree:        1175912 kB
Dirty:                88 kB
Writeback:             0 kB
AnonPages:        887672 kB
Mapped:           486984 kB
Shmem:              1764 kB
Slab:             110180 kB
SReclaimable:      31876 kB
SUnreclaim:        78304 kB
KernelStack:       34000 kB
PageTables:        57432 kB
NFS_Unstable:          0 kB
Bounce:                0 kB
WritebackTmp:          0 kB
CommitLimit:     2684136 kB
Committed_AS:   139250104 kB
VmallocTotal:   251658176 kB
VmallocUsed:      325208 kB
VmallocChunk:   247561408 kB
Time pass: 324 sec

---2015-12-11 14:29:19
MemTotal:        2746844 kB
MemFree:           73848 kB
Buffers:            7152 kB
Cached:           688864 kB
SwapCached:         4528 kB
Active:           783504 kB
Inactive:         766680 kB
Active(anon):     434568 kB
Inactive(anon):   440468 kB
Active(file):     348936 kB
Inactive(file):   326212 kB
Unevictable:       35812 kB
Mlocked:           27768 kB
SwapTotal:       1310716 kB
SwapFree:        1175912 kB
Dirty:                 0 kB
Writeback:             0 kB
AnonPages:        888092 kB
Mapped:           487004 kB
Shmem:              1764 kB
Slab:             110196 kB
SReclaimable:      31876 kB
SUnreclaim:        78320 kB
KernelStack:       33984 kB
PageTables:        57400 kB
NFS_Unstable:          0 kB
Bounce:                0 kB
WritebackTmp:          0 kB
CommitLimit:     2684136 kB
Committed_AS:   139250088 kB
VmallocTotal:   251658176 kB
VmallocUsed:      325208 kB
VmallocChunk:   247561408 kB
Time pass: 327 sec

---2015-12-11 14:29:19
MemTotal:        2746844 kB
MemFree:           72164 kB
Buffers:            7168 kB
Cached:           689148 kB
SwapCached:         4528 kB
Active:           784872 kB
Inactive:         766860 kB
Active(anon):     435944 kB
Inactive(anon):   440628 kB
Active(file):     348928 kB
Inactive(file):   326232 kB
Unevictable:       35812 kB
Mlocked:           27768 kB
SwapTotal:       1310716 kB
SwapFree:        1175912 kB
Dirty:                56 kB
Writeback:             0 kB
AnonPages:        888472 kB
Mapped:           487400 kB
Shmem:              2048 kB
Slab:             110188 kB
SReclaimable:      31876 kB
SUnreclaim:        78312 kB
KernelStack:       34000 kB
PageTables:        57440 kB
NFS_Unstable:          0 kB
Bounce:                0 kB
WritebackTmp:          0 kB
CommitLimit:     2684136 kB
Committed_AS:   139250184 kB
VmallocTotal:   251658176 kB
VmallocUsed:      325208 kB
VmallocChunk:   247561408 kB
Time pass: 331 sec

---2015-12-11 14:29:19
MemTotal:        2746844 kB
MemFree:           71716 kB
Buffers:            7208 kB
Cached:           689208 kB
SwapCached:         4528 kB
Active:           784916 kB
Inactive:         766992 kB
Active(anon):     435992 kB
Inactive(anon):   440728 kB
Active(file):     348924 kB
Inactive(file):   326264 kB
Unevictable:       35812 kB
Mlocked:           27768 kB
SwapTotal:       1310716 kB
SwapFree:        1175912 kB
Dirty:                 0 kB
Writeback:             0 kB
AnonPages:        888668 kB
Mapped:           487548 kB
Shmem:              2108 kB
Slab:             110176 kB
SReclaimable:      31876 kB
SUnreclaim:        78300 kB
KernelStack:       34016 kB
PageTables:        57496 kB
NFS_Unstable:          0 kB
Bounce:                0 kB
WritebackTmp:          0 kB
CommitLimit:     2684136 kB
Committed_AS:   139254380 kB
VmallocTotal:   251658176 kB
VmallocUsed:      325208 kB
VmallocChunk:   247561408 kB
Time pass: 334 sec

---2015-12-11 14:29:19
MemTotal:        2746844 kB
MemFree:           71704 kB
Buffers:            7224 kB
Cached:           689208 kB
SwapCached:         4528 kB
Active:           785712 kB
Inactive:         767008 kB
Active(anon):     436784 kB
Inactive(anon):   440728 kB
Active(file):     348928 kB
Inactive(file):   326280 kB
Unevictable:       35812 kB
Mlocked:           27768 kB
SwapTotal:       1310716 kB
SwapFree:        1175912 kB
Dirty:                68 kB
Writeback:             0 kB
AnonPages:        889020 kB
Mapped:           487464 kB
Shmem:              2108 kB
Slab:             110176 kB
SReclaimable:      31876 kB
SUnreclaim:        78300 kB
KernelStack:       34016 kB
PageTables:        57464 kB
NFS_Unstable:          0 kB
Bounce:                0 kB
WritebackTmp:          0 kB
CommitLimit:     2684136 kB
Committed_AS:   139254336 kB
VmallocTotal:   251658176 kB
VmallocUsed:      325208 kB
VmallocChunk:   247561408 kB
Time pass: 338 sec

---2015-12-11 14:29:19
MemTotal:        2746844 kB
MemFree:           72472 kB
Buffers:            7228 kB
Cached:           687512 kB
SwapCached:         4528 kB
Active:           785540 kB
Inactive:         767296 kB
Active(anon):     436616 kB
Inactive(anon):   442528 kB
Active(file):     348924 kB
Inactive(file):   324768 kB
Unevictable:       35812 kB
Mlocked:           27768 kB
SwapTotal:       1310716 kB
SwapFree:        1174736 kB
Dirty:               120 kB
Writeback:             0 kB
AnonPages:        890208 kB
Mapped:           487116 kB
Shmem:              2108 kB
Slab:             110184 kB
SReclaimable:      31876 kB
SUnreclaim:        78308 kB
KernelStack:       34016 kB
PageTables:        57464 kB
NFS_Unstable:          0 kB
Bounce:                0 kB
WritebackTmp:          0 kB
CommitLimit:     2684136 kB
Committed_AS:   139254192 kB
VmallocTotal:   251658176 kB
VmallocUsed:      325208 kB
VmallocChunk:   247561408 kB
Time pass: 341 sec

---2015-12-11 14:29:19
MemTotal:        2746844 kB
MemFree:           72088 kB
Buffers:            7244 kB
Cached:           687612 kB
SwapCached:         4532 kB
Active:           785940 kB
Inactive:         766640 kB
Active(anon):     436880 kB
Inactive(anon):   442064 kB
Active(file):     349060 kB
Inactive(file):   324576 kB
Unevictable:       35812 kB
Mlocked:           27768 kB
SwapTotal:       1310716 kB
SwapFree:        1174744 kB
Dirty:                60 kB
Writeback:             0 kB
AnonPages:        890124 kB
Mapped:           486752 kB
Shmem:              2108 kB
Slab:             110192 kB
SReclaimable:      31876 kB
SUnreclaim:        78316 kB
KernelStack:       34016 kB
PageTables:        57504 kB
NFS_Unstable:          0 kB
Bounce:                0 kB
WritebackTmp:          0 kB
CommitLimit:     2684136 kB
Committed_AS:   139254272 kB
VmallocTotal:   251658176 kB
VmallocUsed:      325208 kB
VmallocChunk:   247561408 kB
Time pass: 345 sec

---2015-12-11 14:29:19
MemTotal:        2746844 kB
MemFree:           73436 kB
Buffers:            7244 kB
Cached:           687616 kB
SwapCached:         4532 kB
Active:           785756 kB
Inactive:         766616 kB
Active(anon):     436696 kB
Inactive(anon):   442032 kB
Active(file):     349060 kB
Inactive(file):   324584 kB
Unevictable:       35812 kB
Mlocked:           27768 kB
SwapTotal:       1310716 kB
SwapFree:        1174744 kB
Dirty:                60 kB
Writeback:             0 kB
AnonPages:        890776 kB
Mapped:           486668 kB
Shmem:              2108 kB
Slab:             110232 kB
SReclaimable:      31876 kB
SUnreclaim:        78356 kB
KernelStack:       34000 kB
PageTables:        57468 kB
NFS_Unstable:          0 kB
Bounce:                0 kB
WritebackTmp:          0 kB
CommitLimit:     2684136 kB
Committed_AS:   139254256 kB
VmallocTotal:   251658176 kB
VmallocUsed:      325208 kB
VmallocChunk:   247561408 kB
Time pass: 348 sec

---2015-12-11 14:29:19
MemTotal:        2746844 kB
MemFree:           73236 kB
Buffers:            7268 kB
Cached:           687676 kB
SwapCached:         4532 kB
Active:           785376 kB
Inactive:         766700 kB
Active(anon):     436316 kB
Inactive(anon):   442108 kB
Active(file):     349060 kB
Inactive(file):   324592 kB
Unevictable:       35812 kB
Mlocked:           27768 kB
SwapTotal:       1310716 kB
SwapFree:        1174744 kB
Dirty:                28 kB
Writeback:             0 kB
AnonPages:        890316 kB
Mapped:           486828 kB
Shmem:              2184 kB
Slab:             110232 kB
SReclaimable:      31876 kB
SUnreclaim:        78356 kB
KernelStack:       34000 kB
PageTables:        57496 kB
NFS_Unstable:          0 kB
Bounce:                0 kB
WritebackTmp:          0 kB
CommitLimit:     2684136 kB
Committed_AS:   139254232 kB
VmallocTotal:   251658176 kB
VmallocUsed:      325208 kB
VmallocChunk:   247561408 kB
Time pass: 352 sec

---2015-12-11 14:29:19
MemTotal:        2746844 kB
MemFree:           73160 kB
Buffers:            7268 kB
Cached:           687692 kB
SwapCached:         4532 kB
Active:           785276 kB
Inactive:         766708 kB
Active(anon):     436216 kB
Inactive(anon):   442100 kB
Active(file):     349060 kB
Inactive(file):   324608 kB
Unevictable:       35812 kB
Mlocked:           27768 kB
SwapTotal:       1310716 kB
SwapFree:        1174744 kB
Dirty:                 0 kB
Writeback:             0 kB
AnonPages:        890104 kB
Mapped:           486828 kB
Shmem:              2184 kB
Slab:             110232 kB
SReclaimable:      31876 kB
SUnreclaim:        78356 kB
KernelStack:       33952 kB
