---2015-12-08 16:16:17
MemTotal:        1421560 kB
MemFree:           38252 kB
Buffers:           11268 kB
Cached:           842048 kB
SwapCached:            0 kB
Active:           639280 kB
Inactive:         568432 kB
Active(anon):     356000 kB
Inactive(anon):      656 kB
Active(file):     283280 kB
Inactive(file):   567776 kB
Unevictable:        1516 kB
Mlocked:               0 kB
HighTotal:        885760 kB
HighFree:          10760 kB
LowTotal:         535800 kB
LowFree:           27492 kB
SwapTotal:             0 kB
SwapFree:              0 kB
Dirty:                 0 kB
Writeback:             0 kB
AnonPages:        356128 kB
Mapped:           348736 kB
Shmem:               744 kB
Slab:              43224 kB
SReclaimable:      13948 kB
SUnreclaim:        29276 kB
KernelStack:       10936 kB
PageTables:        27344 kB
NFS_Unstable:          0 kB
Bounce:                0 kB
WritebackTmp:          0 kB
CommitLimit:      710780 kB
Committed_AS:   36747684 kB
VmallocTotal:     460800 kB
VmallocUsed:       13392 kB
VmallocChunk:     173084 kB
Time pass: 3 sec

---2015-12-08 16:16:17
MemTotal:        1421560 kB
MemFree:           38212 kB
Buffers:           11268 kB
Cached:           842056 kB
SwapCached:            0 kB
Active:           639512 kB
Inactive:         568436 kB
Active(anon):     356228 kB
Inactive(anon):      656 kB
Active(file):     283284 kB
Inactive(file):   567780 kB
Unevictable:        1516 kB
Mlocked:               0 kB
HighTotal:        885760 kB
HighFree:          10460 kB
LowTotal:         535800 kB
LowFree:           27752 kB
SwapTotal:             0 kB
SwapFree:              0 kB
Dirty:                 0 kB
Writeback:             0 kB
AnonPages:        356284 kB
Mapped:           348592 kB
Shmem:               744 kB
Slab:              43232 kB
SReclaimable:      13948 kB
SUnreclaim:        29284 kB
KernelStack:       10936 kB
PageTables:        27344 kB
NFS_Unstable:          0 kB
Bounce:                0 kB
WritebackTmp:          0 kB
CommitLimit:      710780 kB
Committed_AS:   36747656 kB
VmallocTotal:     460800 kB
VmallocUsed:       13392 kB
VmallocChunk:     173084 kB
Time pass: 6 sec

---2015-12-08 16:16:17
MemTotal:        1421560 kB
MemFree:           37896 kB
Buffers:           11268 kB
Cached:           842056 kB
SwapCached:            0 kB
Active:           639740 kB
Inactive:         568436 kB
Active(anon):     356456 kB
Inactive(anon):      656 kB
Active(file):     283284 kB
Inactive(file):   567780 kB
Unevictable:        1516 kB
Mlocked:               0 kB
HighTotal:        885760 kB
HighFree:          10236 kB
LowTotal:         535800 kB
LowFree:           27660 kB
SwapTotal:             0 kB
SwapFree:              0 kB
Dirty:                 0 kB
Writeback:             0 kB
AnonPages:        356472 kB
Mapped:           348740 kB
Shmem:               744 kB
Slab:              43168 kB
SReclaimable:      13948 kB
SUnreclaim:        29220 kB
KernelStack:       10936 kB
PageTables:        27348 kB
NFS_Unstable:          0 kB
Bounce:                0 kB
WritebackTmp:          0 kB
CommitLimit:      710780 kB
Committed_AS:   36747808 kB
VmallocTotal:     460800 kB
VmallocUsed:       13392 kB
VmallocChunk:     173084 kB
Time pass: 10 sec

---2015-12-08 16:16:17
MemTotal:        1421560 kB
MemFree:           35280 kB
Buffers:           11268 kB
Cached:           842056 kB
SwapCached:            0 kB
Active:           642476 kB
Inactive:         568360 kB
Active(anon):     359116 kB
Inactive(anon):      656 kB
Active(file):     283360 kB
Inactive(file):   567704 kB
Unevictable:        1516 kB
Mlocked:               0 kB
HighTotal:        885760 kB
HighFree:           7756 kB
LowTotal:         535800 kB
LowFree:           27524 kB
SwapTotal:             0 kB
SwapFree:              0 kB
Dirty:                32 kB
Writeback:             0 kB
AnonPages:        359036 kB
Mapped:           348740 kB
Shmem:               744 kB
Slab:              43368 kB
SReclaimable:      13948 kB
SUnreclaim:        29420 kB
KernelStack:       10944 kB
PageTables:        27356 kB
NFS_Unstable:          0 kB
Bounce:                0 kB
WritebackTmp:          0 kB
CommitLimit:      710780 kB
Committed_AS:   36752000 kB
VmallocTotal:     460800 kB
VmallocUsed:       13392 kB
VmallocChunk:     173084 kB
Time pass: 13 sec

---2015-12-08 16:16:17
MemTotal:        1421560 kB
MemFree:           34792 kB
Buffers:           11276 kB
Cached:           842056 kB
SwapCached:            0 kB
Active:           642476 kB
Inactive:         568360 kB
Active(anon):     359116 kB
Inactive(anon):      656 kB
Active(file):     283360 kB
Inactive(file):   567704 kB
Unevictable:        1516 kB
Mlocked:               0 kB
HighTotal:        885760 kB
HighFree:           7384 kB
LowTotal:         535800 kB
LowFree:           27408 kB
SwapTotal:             0 kB
SwapFree:              0 kB
Dirty:                20 kB
Writeback:             0 kB
AnonPages:        359216 kB
Mapped:           348736 kB
Shmem:               744 kB
Slab:              43392 kB
SReclaimable:      13948 kB
SUnreclaim:        29444 kB
KernelStack:       10936 kB
PageTables:        27352 kB
NFS_Unstable:          0 kB
Bounce:                0 kB
WritebackTmp:          0 kB
CommitLimit:      710780 kB
Committed_AS:   36752088 kB
VmallocTotal:     460800 kB
VmallocUsed:       13392 kB
VmallocChunk:     173084 kB
Time pass: 17 sec

---2015-12-08 16:16:17
MemTotal:        1421560 kB
MemFree:           34892 kB
Buffers:           11276 kB
Cached:           842056 kB
SwapCached:            0 kB
Active:           642792 kB
Inactive:         568368 kB
Active(anon):     359432 kB
Inactive(anon):      656 kB
Active(file):     283360 kB
Inactive(file):   567712 kB
Unevictable:        1516 kB
Mlocked:               0 kB
HighTotal:        885760 kB
HighFree:           7260 kB
LowTotal:         535800 kB
LowFree:           27632 kB
SwapTotal:             0 kB
SwapFree:              0 kB
Dirty:                20 kB
Writeback:             0 kB
AnonPages:        359332 kB
Mapped:           348736 kB
Shmem:               744 kB
Slab:              43124 kB
SReclaimable:      13948 kB
SUnreclaim:        29176 kB
KernelStack:       10936 kB
PageTables:        27352 kB
NFS_Unstable:          0 kB
Bounce:                0 kB
WritebackTmp:          0 kB
CommitLimit:      710780 kB
Committed_AS:   36752240 kB
VmallocTotal:     460800 kB
VmallocUsed:       13392 kB
VmallocChunk:     173084 kB
Time pass: 20 sec

---2015-12-08 16:16:17
MemTotal:        1421560 kB
MemFree:           19988 kB
Buffers:           10652 kB
Cached:           833108 kB
SwapCached:            0 kB
Active:           668560 kB
Inactive:         546488 kB
Active(anon):     373148 kB
Inactive(anon):      908 kB
Active(file):     295412 kB
Inactive(file):   545580 kB
Unevictable:        1516 kB
Mlocked:               0 kB
HighTotal:        885760 kB
HighFree:           4396 kB
LowTotal:         535800 kB
LowFree:           15592 kB
SwapTotal:             0 kB
SwapFree:              0 kB
Dirty:               844 kB
Writeback:             0 kB
AnonPages:        372544 kB
Mapped:           368984 kB
Shmem:               992 kB
Slab:              43284 kB
SReclaimable:      13940 kB
SUnreclaim:        29344 kB
KernelStack:       11208 kB
PageTables:        27988 kB
NFS_Unstable:          0 kB
Bounce:                0 kB
WritebackTmp:          0 kB
CommitLimit:      710780 kB
Committed_AS:   37577344 kB
VmallocTotal:     460800 kB
VmallocUsed:       15568 kB
VmallocChunk:     173084 kB
Time pass: 24 sec

---2015-12-08 16:16:17
MemTotal:        1421560 kB
MemFree:           29056 kB
Buffers:           10804 kB
Cached:           810968 kB
SwapCached:            0 kB
Active:           677096 kB
Inactive:         516864 kB
Active(anon):     373796 kB
Inactive(anon):      788 kB
Active(file):     303300 kB
Inactive(file):   516076 kB
Unevictable:        1516 kB
Mlocked:               0 kB
HighTotal:        885760 kB
HighFree:           9640 kB
LowTotal:         535800 kB
LowFree:           19416 kB
SwapTotal:             0 kB
SwapFree:              0 kB
Dirty:               296 kB
Writeback:           260 kB
AnonPages:        373776 kB
Mapped:           363436 kB
Shmem:               876 kB
Slab:              43284 kB
SReclaimable:      13780 kB
SUnreclaim:        29504 kB
KernelStack:       11496 kB
PageTables:        28088 kB
NFS_Unstable:          0 kB
Bounce:                0 kB
WritebackTmp:          0 kB
CommitLimit:      710780 kB
Committed_AS:   37565760 kB
VmallocTotal:     460800 kB
VmallocUsed:       15600 kB
VmallocChunk:     173084 kB
Time pass: 27 sec

---2015-12-08 16:16:17
MemTotal:        1421560 kB
MemFree:           20576 kB
Buffers:           10804 kB
Cached:           802084 kB
SwapCached:            0 kB
Active:           679200 kB
Inactive:         507908 kB
Active(anon):     375824 kB
Inactive(anon):      788 kB
Active(file):     303376 kB
Inactive(file):   507120 kB
Unevictable:        1516 kB
Mlocked:               0 kB
HighTotal:        885760 kB
HighFree:           4424 kB
LowTotal:         535800 kB
LowFree:           16152 kB
SwapTotal:             0 kB
SwapFree:              0 kB
Dirty:               228 kB
Writeback:             0 kB
AnonPages:        375872 kB
Mapped:           375616 kB
Shmem:               876 kB
Slab:              43296 kB
SReclaimable:      13880 kB
SUnreclaim:        29416 kB
KernelStack:       11480 kB
PageTables:        28084 kB
NFS_Unstable:          0 kB
Bounce:                0 kB
WritebackTmp:          0 kB
CommitLimit:      710780 kB
Committed_AS:   37470516 kB
VmallocTotal:     460800 kB
VmallocUsed:       15660 kB
VmallocChunk:     173084 kB
Time pass: 31 sec

---2015-12-08 16:16:17
MemTotal:        1421560 kB
MemFree:           24164 kB
Buffers:           10764 kB
Cached:           793380 kB
SwapCached:            0 kB
Active:           679096 kB
Inactive:         497952 kB
Active(anon):     374560 kB
Inactive(anon):      788 kB
Active(file):     304536 kB
Inactive(file):   497164 kB
Unevictable:        1516 kB
Mlocked:               0 kB
HighTotal:        885760 kB
HighFree:           5540 kB
LowTotal:         535800 kB
LowFree:           18624 kB
SwapTotal:             0 kB
SwapFree:              0 kB
Dirty:               136 kB
Writeback:             0 kB
AnonPages:        374440 kB
Mapped:           379752 kB
Shmem:               876 kB
Slab:              43484 kB
SReclaimable:      13960 kB
SUnreclaim:        29524 kB
KernelStack:       11480 kB
PageTables:        28088 kB
NFS_Unstable:          0 kB
Bounce:                0 kB
WritebackTmp:          0 kB
CommitLimit:      710780 kB
Committed_AS:   37469160 kB
VmallocTotal:     460800 kB
VmallocUsed:       15696 kB
VmallocChunk:     173084 kB
Time pass: 34 sec

---2015-12-08 16:16:17
MemTotal:        1421560 kB
MemFree:           23972 kB
Buffers:           10772 kB
Cached:           793372 kB
SwapCached:            0 kB
Active:           679176 kB
Inactive:         498000 kB
Active(anon):     374640 kB
Inactive(anon):      788 kB
Active(file):     304536 kB
Inactive(file):   497212 kB
Unevictable:        1516 kB
Mlocked:               0 kB
HighTotal:        885760 kB
HighFree:           5316 kB
LowTotal:         535800 kB
LowFree:           18656 kB
SwapTotal:             0 kB
SwapFree:              0 kB
Dirty:                 0 kB
Writeback:             0 kB
AnonPages:        374628 kB
Mapped:           379664 kB
Shmem:               876 kB
Slab:              43456 kB
SReclaimable:      13968 kB
SUnreclaim:        29488 kB
KernelStack:       11480 kB
PageTables:        28088 kB
NFS_Unstable:          0 kB
Bounce:                0 kB
WritebackTmp:          0 kB
CommitLimit:      710780 kB
Committed_AS:   37469248 kB
VmallocTotal:     460800 kB
VmallocUsed:       15696 kB
VmallocChunk:     173084 kB
Time pass: 38 sec

---2015-12-08 16:16:17
MemTotal:        1421560 kB
MemFree:           22748 kB
Buffers:           10768 kB
Cached:           779484 kB
SwapCached:            0 kB
Active:           689440 kB
Inactive:         478128 kB
Active(anon):     378952 kB
Inactive(anon):      788 kB
Active(file):     310488 kB
Inactive(file):   477340 kB
Unevictable:        1516 kB
Mlocked:               0 kB
HighTotal:        885760 kB
HighFree:           6956 kB
LowTotal:         535800 kB
LowFree:           15792 kB
SwapTotal:             0 kB
SwapFree:              0 kB
Dirty:                28 kB
Writeback:             0 kB
AnonPages:        379172 kB
Mapped:           382880 kB
Shmem:               876 kB
Slab:              43560 kB
SReclaimable:      13992 kB
SUnreclaim:        29568 kB
KernelStack:       11512 kB
PageTables:        28156 kB
NFS_Unstable:          0 kB
Bounce:                0 kB
WritebackTmp:          0 kB
CommitLimit:      710780 kB
Committed_AS:   37505336 kB
VmallocTotal:     460800 kB
VmallocUsed:       15832 kB
VmallocChunk:     173084 kB
Time pass: 41 sec

---2015-12-08 16:16:17
MemTotal:        1421560 kB
MemFree:           21512 kB
Buffers:           10776 kB
Cached:           779520 kB
SwapCached:            0 kB
Active:           690384 kB
Inactive:         478180 kB
Active(anon):     379896 kB
Inactive(anon):      788 kB
Active(file):     310488 kB
Inactive(file):   477392 kB
Unevictable:        1516 kB
Mlocked:               0 kB
HighTotal:        885760 kB
HighFree:           5128 kB
LowTotal:         535800 kB
LowFree:           16384 kB
SwapTotal:             0 kB
SwapFree:              0 kB
Dirty:                 0 kB
Writeback:             0 kB
AnonPages:        379920 kB
Mapped:           383148 kB
Shmem:               876 kB
Slab:              43624 kB
SReclaimable:      14048 kB
SUnreclaim:        29576 kB
KernelStack:       11504 kB
PageTables:        28160 kB
NFS_Unstable:          0 kB
Bounce:                0 kB
WritebackTmp:          0 kB
CommitLimit:      710780 kB
Committed_AS:   37506292 kB
VmallocTotal:     460800 kB
VmallocUsed:       15832 kB
VmallocChunk:     173084 kB
Time pass: 45 sec

---2015-12-08 16:16:17
MemTotal:        1421560 kB
MemFree:           19796 kB
Buffers:           10776 kB
Cached:           775232 kB
SwapCached:            0 kB
Active:           701660 kB
Inactive:         472096 kB
Active(anon):     389840 kB
Inactive(anon):      792 kB
Active(file):     311820 kB
Inactive(file):   471304 kB
Unevictable:        1516 kB
Mlocked:               0 kB
HighTotal:        885760 kB
HighFree:           4380 kB
LowTotal:         535800 kB
LowFree:           15416 kB
SwapTotal:             0 kB
SwapFree:              0 kB
Dirty:                92 kB
Writeback:             0 kB
AnonPages:        389976 kB
Mapped:           381752 kB
Shmem:               880 kB
Slab:              43780 kB
SReclaimable:      13984 kB
SUnreclaim:        29796 kB
KernelStack:       11512 kB
PageTables:        28176 kB
NFS_Unstable:          0 kB
Bounce:                0 kB
WritebackTmp:          0 kB
CommitLimit:      710780 kB
Committed_AS:   37551152 kB
VmallocTotal:     460800 kB
VmallocUsed:       15800 kB
VmallocChunk:     173084 kB
Time pass: 48 sec

---2015-12-08 16:16:17
MemTotal:        1421560 kB
MemFree:           21336 kB
Buffers:           10364 kB
Cached:           752880 kB
SwapCached:            0 kB
Active:           711240 kB
Inactive:         447012 kB
Active(anon):     396656 kB
Inactive(anon):      792 kB
Active(file):     314584 kB
Inactive(file):   446220 kB
Unevictable:        1516 kB
Mlocked:               0 kB
HighTotal:        885760 kB
HighFree:           4396 kB
LowTotal:         535800 kB
LowFree:           16940 kB
SwapTotal:             0 kB
SwapFree:              0 kB
Dirty:               856 kB
Writeback:             0 kB
AnonPages:        396648 kB
Mapped:           390416 kB
Shmem:               880 kB
Slab:              43656 kB
SReclaimable:      13976 kB
SUnreclaim:        29680 kB
KernelStack:       11560 kB
PageTables:        28236 kB
NFS_Unstable:          0 kB
Bounce:                0 kB
WritebackTmp:          0 kB
CommitLimit:      710780 kB
Committed_AS:   37559540 kB
VmallocTotal:     460800 kB
VmallocUsed:       15816 kB
VmallocChunk:     173084 kB
Time pass: 52 sec

---2015-12-08 16:16:17
MemTotal:        1421560 kB
MemFree:           20524 kB
Buffers:           10048 kB
Cached:           747924 kB
SwapCached:            0 kB
Active:           707996 kB
Inactive:         443852 kB
Active(anon):     395480 kB
Inactive(anon):      792 kB
Active(file):     312516 kB
Inactive(file):   443060 kB
Unevictable:        1516 kB
Mlocked:               0 kB
HighTotal:        885760 kB
HighFree:           6128 kB
LowTotal:         535800 kB
LowFree:           14396 kB
SwapTotal:             0 kB
SwapFree:              0 kB
Dirty:                12 kB
Writeback:             0 kB
AnonPages:        395544 kB
Mapped:           397048 kB
Shmem:               880 kB
Slab:              43776 kB
SReclaimable:      14000 kB
SUnreclaim:        29776 kB
KernelStack:       11560 kB
PageTables:        28260 kB
NFS_Unstable:          0 kB
Bounce:                0 kB
WritebackTmp:          0 kB
CommitLimit:      710780 kB
Committed_AS:   37525316 kB
VmallocTotal:     460800 kB
VmallocUsed:       15840 kB
VmallocChunk:     173084 kB
Time pass: 56 sec

---2015-12-08 16:16:17
MemTotal:        1421560 kB
MemFree:           19348 kB
Buffers:           10056 kB
Cached:           748192 kB
SwapCached:            0 kB
Active:           708616 kB
Inactive:         444128 kB
Active(anon):     396100 kB
Inactive(anon):      796 kB
Active(file):     312516 kB
Inactive(file):   443332 kB
Unevictable:        1516 kB
Mlocked:               0 kB
HighTotal:        885760 kB
HighFree:           5000 kB
LowTotal:         535800 kB
LowFree:           14348 kB
SwapTotal:             0 kB
SwapFree:              0 kB
Dirty:                60 kB
Writeback:             0 kB
AnonPages:        396068 kB
Mapped:           397564 kB
Shmem:               884 kB
Slab:              43784 kB
SReclaimable:      14032 kB
SUnreclaim:        29752 kB
KernelStack:       11560 kB
PageTables:        28260 kB
NFS_Unstable:          0 kB
Bounce:                0 kB
WritebackTmp:          0 kB
CommitLimit:      710780 kB
Committed_AS:   37526168 kB
VmallocTotal:     460800 kB
VmallocUsed:       15840 kB
VmallocChunk:     173084 kB
Time pass: 59 sec

---2015-12-08 16:16:17
MemTotal:        1421560 kB
MemFree:           20748 kB
Buffers:            9892 kB
Cached:           741932 kB
SwapCached:            0 kB
Active:           708884 kB
Inactive:         437596 kB
Active(anon):     396260 kB
Inactive(anon):      796 kB
Active(file):     312624 kB
Inactive(file):   436800 kB
Unevictable:        1516 kB
Mlocked:               0 kB
HighTotal:        885760 kB
HighFree:           4864 kB
LowTotal:         535800 kB
LowFree:           15884 kB
SwapTotal:             0 kB
SwapFree:              0 kB
Dirty:               172 kB
Writeback:             0 kB
AnonPages:        396220 kB
Mapped:           401548 kB
Shmem:               884 kB
Slab:              43680 kB
SReclaimable:      13904 kB
SUnreclaim:        29776 kB
KernelStack:       11560 kB
PageTables:        28272 kB
NFS_Unstable:          0 kB
Bounce:                0 kB
WritebackTmp:          0 kB
CommitLimit:      710780 kB
Committed_AS:   37526252 kB
VmallocTotal:     460800 kB
VmallocUsed:       15852 kB
VmallocChunk:     173084 kB
Time pass: 63 sec

---2015-12-08 16:16:17
MemTotal:        1421560 kB
MemFree:           20732 kB
Buffers:            9900 kB
Cached:           741932 kB
SwapCached:            0 kB
Active:           708912 kB
Inactive:         437596 kB
Active(anon):     396288 kB
Inactive(anon):      796 kB
Active(file):     312624 kB
Inactive(file):   436800 kB
Unevictable:        1516 kB
Mlocked:               0 kB
HighTotal:        885760 kB
HighFree:           4776 kB
LowTotal:         535800 kB
LowFree:           15956 kB
SwapTotal:             0 kB
SwapFree:              0 kB
Dirty:                48 kB
Writeback:             0 kB
AnonPages:        396312 kB
Mapped:           401748 kB
Shmem:               884 kB
Slab:              43688 kB
SReclaimable:      13904 kB
SUnreclaim:        29784 kB
KernelStack:       11560 kB
PageTables:        28268 kB
NFS_Unstable:          0 kB
Bounce:                0 kB
WritebackTmp:          0 kB
CommitLimit:      710780 kB
Committed_AS:   37526364 kB
VmallocTotal:     460800 kB
VmallocUsed:       15852 kB
VmallocChunk:     173084 kB
Time pass: 67 sec

---2015-12-08 16:16:17
MemTotal:        1421560 kB
MemFree:           21912 kB
Buffers:            9732 kB
Cached:           730736 kB
SwapCached:            0 kB
Active:           713264 kB
Inactive:         425740 kB
Active(anon):     400140 kB
Inactive(anon):      796 kB
Active(file):     313124 kB
Inactive(file):   424944 kB
Unevictable:        1516 kB
Mlocked:               0 kB
HighTotal:        885760 kB
HighFree:           7760 kB
LowTotal:         535800 kB
LowFree:           14152 kB
SwapTotal:             0 kB
SwapFree:              0 kB
Dirty:               560 kB
Writeback:             0 kB
AnonPages:        399984 kB
Mapped:           407280 kB
Shmem:               884 kB
Slab:              43772 kB
SReclaimable:      13992 kB
SUnreclaim:        29780 kB
KernelStack:       11568 kB
PageTables:        28300 kB
NFS_Unstable:          0 kB
Bounce:                0 kB
WritebackTmp:          0 kB
CommitLimit:      710780 kB
Committed_AS:   37529272 kB
VmallocTotal:     460800 kB
VmallocUsed:       15864 kB
VmallocChunk:     173084 kB
Time pass: 70 sec

---2015-12-08 16:16:17
MemTotal:        1421560 kB
MemFree:           23608 kB
Buffers:            9740 kB
Cached:           725492 kB
SwapCached:            0 kB
Active:           722256 kB
Inactive:         417664 kB
Active(anon):     406336 kB
Inactive(anon):      796 kB
Active(file):     315920 kB
Inactive(file):   416868 kB
Unevictable:        1516 kB
Mlocked:               0 kB
HighTotal:        885760 kB
HighFree:           4500 kB
LowTotal:         535800 kB
LowFree:           19108 kB
SwapTotal:             0 kB
SwapFree:              0 kB
Dirty:               316 kB
Writeback:             0 kB
AnonPages:        406472 kB
Mapped:           410596 kB
Shmem:               884 kB
Slab:              43792 kB
SReclaimable:      13944 kB
SUnreclaim:        29848 kB
KernelStack:       11624 kB
PageTables:        28324 kB
NFS_Unstable:          0 kB
Bounce:                0 kB
WritebackTmp:          0 kB
CommitLimit:      710780 kB
Committed_AS:   37542388 kB
VmallocTotal:     460800 kB
VmallocUsed:       15864 kB
VmallocChunk:     173084 kB
Time pass: 76 sec

---2015-12-08 16:16:17
MemTotal:        1421560 kB
MemFree:           23384 kB
Buffers:            9740 kB
Cached:           698544 kB
SwapCached:            0 kB
Active:           728760 kB
Inactive:         390564 kB
Active(anon):     412648 kB
Inactive(anon):      952 kB
Active(file):     316112 kB
Inactive(file):   389612 kB
Unevictable:        1516 kB
Mlocked:               0 kB
HighTotal:        885760 kB
HighFree:           4448 kB
LowTotal:         535800 kB
LowFree:           18936 kB
SwapTotal:             0 kB
SwapFree:              0 kB
Dirty:               120 kB
Writeback:             0 kB
AnonPages:        412784 kB
Mapped:           408760 kB
Shmem:              1044 kB
Slab:              44384 kB
SReclaimable:      14104 kB
SUnreclaim:        30280 kB
KernelStack:       11824 kB
PageTables:        28500 kB
NFS_Unstable:          0 kB
Bounce:                0 kB
WritebackTmp:          0 kB
CommitLimit:      710780 kB
Committed_AS:   37563420 kB
VmallocTotal:     460800 kB
VmallocUsed:       18272 kB
VmallocChunk:     173084 kB
Time pass: 80 sec

---2015-12-08 16:16:17
MemTotal:        1421560 kB
MemFree:           23104 kB
Buffers:            9756 kB
Cached:           689404 kB
SwapCached:            0 kB
Active:           731620 kB
Inactive:         381824 kB
Active(anon):     415892 kB
Inactive(anon):      964 kB
Active(file):     315728 kB
Inactive(file):   380860 kB
Unevictable:        1516 kB
Mlocked:               0 kB
HighTotal:        885760 kB
HighFree:           7120 kB
LowTotal:         535800 kB
LowFree:           15984 kB
SwapTotal:             0 kB
SwapFree:              0 kB
Dirty:                 0 kB
Writeback:             0 kB
AnonPages:        415836 kB
Mapped:           408432 kB
Shmem:              1056 kB
Slab:              44040 kB
SReclaimable:      13864 kB
SUnreclaim:        30176 kB
KernelStack:       11792 kB
PageTables:        28532 kB
NFS_Unstable:          0 kB
Bounce:                0 kB
WritebackTmp:          0 kB
CommitLimit:      710780 kB
Committed_AS:   37564560 kB
VmallocTotal:     460800 kB
VmallocUsed:       18272 kB
VmallocChunk:     173084 kB
Time pass: 84 sec

---2015-12-08 16:16:17
MemTotal:        1421560 kB
MemFree:           20728 kB
Buffers:            9720 kB
Cached:           664156 kB
SwapCached:            0 kB
Active:           733228 kB
Inactive:         356452 kB
Active(anon):     417564 kB
Inactive(anon):      992 kB
Active(file):     315664 kB
Inactive(file):   355460 kB
Unevictable:        1516 kB
Mlocked:               0 kB
HighTotal:        885760 kB
HighFree:           6480 kB
LowTotal:         535800 kB
LowFree:           14248 kB
SwapTotal:             0 kB
SwapFree:              0 kB
Dirty:                44 kB
Writeback:             0 kB
AnonPages:        417484 kB
Mapped:           407444 kB
Shmem:              1084 kB
Slab:              44012 kB
SReclaimable:      13792 kB
SUnreclaim:        30220 kB
KernelStack:       11768 kB
PageTables:        28668 kB
NFS_Unstable:          0 kB
Bounce:                0 kB
WritebackTmp:          0 kB
CommitLimit:      710780 kB
Committed_AS:   37565872 kB
VmallocTotal:     460800 kB
VmallocUsed:       18272 kB
VmallocChunk:     173084 kB
Time pass: 87 sec

---2015-12-08 16:16:17
MemTotal:        1421560 kB
MemFree:           18596 kB
Buffers:            9728 kB
Cached:           664624 kB
SwapCached:            0 kB
Active:           734896 kB
Inactive:         356928 kB
Active(anon):     419080 kB
Inactive(anon):      992 kB
Active(file):     315816 kB
Inactive(file):   355936 kB
Unevictable:        1516 kB
Mlocked:               0 kB
HighTotal:        885760 kB
HighFree:           4348 kB
LowTotal:         535800 kB
LowFree:           14248 kB
SwapTotal:             0 kB
SwapFree:              0 kB
Dirty:                48 kB
Writeback:             0 kB
AnonPages:        419028 kB
Mapped:           407480 kB
Shmem:              1084 kB
Slab:              43928 kB
SReclaimable:      13848 kB
SUnreclaim:        30080 kB
KernelStack:       11776 kB
PageTables:        28504 kB
NFS_Unstable:          0 kB
Bounce:                0 kB
WritebackTmp:          0 kB
CommitLimit:      710780 kB
Committed_AS:   37567328 kB
VmallocTotal:     460800 kB
VmallocUsed:       18272 kB
VmallocChunk:     173084 kB
Time pass: 91 sec

---2015-12-08 16:16:17
MemTotal:        1421560 kB
MemFree:           31068 kB
Buffers:            9528 kB
Cached:           653592 kB
SwapCached:            0 kB
Active:           733692 kB
Inactive:         346964 kB
Active(anon):     420216 kB
Inactive(anon):     1012 kB
Active(file):     313476 kB
Inactive(file):   345952 kB
Unevictable:        2588 kB
Mlocked:               0 kB
HighTotal:        885760 kB
HighFree:          12824 kB
LowTotal:         535800 kB
LowFree:           18244 kB
SwapTotal:             0 kB
SwapFree:              0 kB
Dirty:                64 kB
Writeback:             0 kB
AnonPages:        420188 kB
Mapped:           406264 kB
Shmem:              1104 kB
Slab:              44216 kB
SReclaimable:      14024 kB
SUnreclaim:        30192 kB
KernelStack:       11824 kB
PageTables:        28508 kB
NFS_Unstable:          0 kB
Bounce:                0 kB
WritebackTmp:          0 kB
CommitLimit:      710780 kB
Committed_AS:   37568756 kB
VmallocTotal:     460800 kB
VmallocUsed:       18272 kB
VmallocChunk:     173084 kB
Time pass: 94 sec

---2015-12-08 16:16:17
MemTotal:        1421560 kB
MemFree:           29512 kB
Buffers:            9544 kB
Cached:           653608 kB
SwapCached:            0 kB
Active:           735280 kB
Inactive:         346860 kB
Active(anon):     421668 kB
Inactive(anon):     1028 kB
Active(file):     313612 kB
Inactive(file):   345832 kB
Unevictable:        2588 kB
Mlocked:               0 kB
HighTotal:        885760 kB
HighFree:          11300 kB
LowTotal:         535800 kB
LowFree:           18212 kB
SwapTotal:             0 kB
SwapFree:              0 kB
Dirty:                44 kB
Writeback:             0 kB
AnonPages:        421692 kB
Mapped:           406228 kB
Shmem:              1120 kB
Slab:              44204 kB
SReclaimable:      14040 kB
SUnreclaim:        30164 kB
KernelStack:       11808 kB
PageTables:        28532 kB
NFS_Unstable:          0 kB
Bounce:                0 kB
WritebackTmp:          0 kB
CommitLimit:      710780 kB
Committed_AS:   37570344 kB
VmallocTotal:     460800 kB
VmallocUsed:       18272 kB
VmallocChunk:     173084 kB
Time pass: 101 sec

---2015-12-08 16:16:17
MemTotal:        1421560 kB
MemFree:           24968 kB
Buffers:            9552 kB
Cached:           653896 kB
SwapCached:            0 kB
Active:           738288 kB
Inactive:         347108 kB
Active(anon):     424676 kB
Inactive(anon):      976 kB
Active(file):     313612 kB
Inactive(file):   346132 kB
Unevictable:        2588 kB
Mlocked:               0 kB
HighTotal:        885760 kB
HighFree:           6204 kB
LowTotal:         535800 kB
LowFree:           18764 kB
SwapTotal:             0 kB
SwapFree:              0 kB
Dirty:                28 kB
Writeback:             0 kB
AnonPages:        424672 kB
Mapped:           406600 kB
Shmem:              1020 kB
Slab:              44136 kB
SReclaimable:      14040 kB
SUnreclaim:        30096 kB
KernelStack:       11832 kB
PageTables:        28780 kB
NFS_Unstable:          0 kB
Bounce:                0 kB
WritebackTmp:          0 kB
CommitLimit:      710780 kB
Committed_AS:   38883080 kB
VmallocTotal:     460800 kB
VmallocUsed:       19292 kB
VmallocChunk:     173084 kB
Time pass: 105 sec

---2015-12-08 16:16:17
MemTotal:        1421560 kB
MemFree:          169476 kB
Buffers:            9612 kB
Cached:           654656 kB
SwapCached:            0 kB
Active:           664924 kB
Inactive:         343892 kB
Active(anon):     347236 kB
Inactive(anon):      532 kB
Active(file):     317688 kB
Inactive(file):   343360 kB
Unevictable:        2588 kB
Mlocked:               0 kB
HighTotal:        885760 kB
HighFree:          92512 kB
LowTotal:         535800 kB
LowFree:           76964 kB
SwapTotal:             0 kB
SwapFree:              0 kB
Dirty:                12 kB
Writeback:             0 kB
AnonPages:        347212 kB
Mapped:           322192 kB
Shmem:               620 kB
Slab:              43764 kB
SReclaimable:      13904 kB
SUnreclaim:        29860 kB
KernelStack:       10704 kB
PageTables:        26892 kB
NFS_Unstable:          0 kB
Bounce:                0 kB
WritebackTmp:          0 kB
CommitLimit:      710780 kB
Committed_AS:   36896288 kB
VmallocTotal:     460800 kB
VmallocUsed:       21920 kB
VmallocChunk:     173084 kB
Time pass: 109 sec

---2015-12-08 16:16:17
MemTotal:        1421560 kB
MemFree:          167028 kB
Buffers:            9620 kB
Cached:           654880 kB
SwapCached:            0 kB
Active:           667096 kB
Inactive:         344124 kB
Active(anon):     349404 kB
Inactive(anon):      532 kB
Active(file):     317692 kB
Inactive(file):   343592 kB
Unevictable:        2588 kB
Mlocked:               0 kB
HighTotal:        885760 kB
HighFree:          90120 kB
LowTotal:         535800 kB
LowFree:           76908 kB
SwapTotal:             0 kB
SwapFree:              0 kB
Dirty:               148 kB
Writeback:             0 kB
AnonPages:        349464 kB
Mapped:           322716 kB
Shmem:               620 kB
Slab:              43732 kB
SReclaimable:      13904 kB
SUnreclaim:        29828 kB
KernelStack:       10728 kB
PageTables:        26912 kB
NFS_Unstable:          0 kB
Bounce:                0 kB
WritebackTmp:          0 kB
CommitLimit:      710780 kB
Committed_AS:   36847668 kB
VmallocTotal:     460800 kB
VmallocUsed:       21920 kB
VmallocChunk:     173084 kB
Time pass: 113 sec

---2015-12-08 16:16:17
MemTotal:        1421560 kB
MemFree:          170840 kB
Buffers:            9620 kB
Cached:           654880 kB
SwapCached:            0 kB
Active:           662776 kB
Inactive:         344132 kB
Active(anon):     345084 kB
Inactive(anon):      532 kB
Active(file):     317692 kB
Inactive(file):   343600 kB
Unevictable:        2588 kB
Mlocked:               0 kB
HighTotal:        885760 kB
HighFree:          91384 kB
LowTotal:         535800 kB
LowFree:           79456 kB
SwapTotal:             0 kB
SwapFree:              0 kB
Dirty:                 0 kB
Writeback:             0 kB
AnonPages:        345188 kB
Mapped:           322556 kB
Shmem:               620 kB
Slab:              43712 kB
SReclaimable:      13904 kB
SUnreclaim:        29808 kB
KernelStack:       10712 kB
PageTables:        26928 kB
NFS_Unstable:          0 kB
Bounce:                0 kB
WritebackTmp:          0 kB
CommitLimit:      710780 kB
Committed_AS:   36778684 kB
VmallocTotal:     460800 kB
VmallocUsed:       21920 kB
VmallocChunk:     173084 kB
Time pass: 116 sec

---2015-12-08 16:16:17
MemTotal:        1421560 kB
MemFree:          170272 kB
Buffers:            9628 kB
Cached:           654880 kB
SwapCached:            0 kB
Active:           663388 kB
Inactive:         344132 kB
Active(anon):     345696 kB
Inactive(anon):      532 kB
Active(file):     317692 kB
Inactive(file):   343600 kB
Unevictable:        2588 kB
Mlocked:               0 kB
HighTotal:        885760 kB
HighFree:          90932 kB
LowTotal:         535800 kB
LowFree:           79340 kB
SwapTotal:             0 kB
SwapFree:              0 kB
Dirty:                44 kB
Writeback:             0 kB
AnonPages:        345724 kB
Mapped:           322704 kB
Shmem:               620 kB
Slab:              43884 kB
SReclaimable:      13984 kB
SUnreclaim:        29900 kB
KernelStack:       10712 kB
PageTables:        26928 kB
NFS_Unstable:          0 kB
Bounce:                0 kB
WritebackTmp:          0 kB
CommitLimit:      710780 kB
Committed_AS:   36779380 kB
VmallocTotal:     460800 kB
VmallocUsed:       21920 kB
VmallocChunk:     173084 kB
Time pass: 120 sec

---2015-12-08 16:16:17
MemTotal:        1421560 kB
MemFree:          170808 kB
Buffers:            9628 kB
Cached:           654880 kB
SwapCached:            0 kB
Active:           662576 kB
Inactive:         344140 kB
Active(anon):     344884 kB
Inactive(anon):      532 kB
Active(file):     317692 kB
Inactive(file):   343608 kB
Unevictable:        2588 kB
Mlocked:               0 kB
HighTotal:        885760 kB
HighFree:          91296 kB
LowTotal:         535800 kB
LowFree:           79512 kB
SwapTotal:             0 kB
SwapFree:              0 kB
Dirty:                 0 kB
Writeback:             0 kB
AnonPages:        344804 kB
Mapped:           322568 kB
Shmem:               620 kB
Slab:              43908 kB
SReclaimable:      14000 kB
SUnreclaim:        29908 kB
KernelStack:       10712 kB
PageTables:        26928 kB
NFS_Unstable:          0 kB
Bounce:                0 kB
WritebackTmp:          0 kB
CommitLimit:      710780 kB
Committed_AS:   36779020 kB
VmallocTotal:     460800 kB
VmallocUsed:       19512 kB
VmallocChunk:     173084 kB
Time pass: 123 sec

---2015-12-08 16:16:17
MemTotal:        1421560 kB
MemFree:          171264 kB
Buffers:            9628 kB
Cached:           654880 kB
SwapCached:            0 kB
Active:           662476 kB
Inactive:         344140 kB
Active(anon):     344784 kB
Inactive(anon):      532 kB
Active(file):     317692 kB
Inactive(file):   343608 kB
Unevictable:        2588 kB
Mlocked:               0 kB
HighTotal:        885760 kB
HighFree:          91624 kB
LowTotal:         535800 kB
LowFree:           79640 kB
SwapTotal:             0 kB
SwapFree:              0 kB
Dirty:                 0 kB
Writeback:             0 kB
AnonPages:        344900 kB
Mapped:           322336 kB
Shmem:               620 kB
Slab:              43796 kB
SReclaimable:      13992 kB
SUnreclaim:        29804 kB
KernelStack:       10688 kB
PageTables:        26928 kB
NFS_Unstable:          0 kB
Bounce:                0 kB
WritebackTmp:          0 kB
CommitLimit:      710780 kB
Committed_AS:   36779100 kB
VmallocTotal:     460800 kB
VmallocUsed:       19512 kB
VmallocChunk:     173084 kB
Time pass: 127 sec

---2015-12-08 16:16:17
MemTotal:        1421560 kB
MemFree:          140368 kB
Buffers:            9784 kB
Cached:           657140 kB
SwapCached:            0 kB
Active:           682784 kB
Inactive:         345208 kB
Active(anon):     363876 kB
Inactive(anon):      632 kB
Active(file):     318908 kB
Inactive(file):   344576 kB
Unevictable:        2588 kB
Mlocked:               0 kB
HighTotal:        885760 kB
HighFree:          60984 kB
LowTotal:         535800 kB
LowFree:           79384 kB
SwapTotal:             0 kB
SwapFree:              0 kB
Dirty:               832 kB
Writeback:             4 kB
AnonPages:        363976 kB
Mapped:           347944 kB
Shmem:               768 kB
Slab:              43808 kB
SReclaimable:      13912 kB
SUnreclaim:        29896 kB
KernelStack:       10936 kB
PageTables:        27620 kB
NFS_Unstable:          0 kB
Bounce:                0 kB
WritebackTmp:          0 kB
CommitLimit:      710780 kB
Committed_AS:   37623108 kB
VmallocTotal:     460800 kB
VmallocUsed:       21200 kB
VmallocChunk:     173084 kB
Time pass: 131 sec

---2015-12-08 16:16:17
MemTotal:        1421560 kB
MemFree:          111892 kB
Buffers:            9792 kB
Cached:           657508 kB
SwapCached:            0 kB
Active:           699288 kB
Inactive:         345404 kB
Active(anon):     380192 kB
Inactive(anon):      668 kB
Active(file):     319096 kB
Inactive(file):   344736 kB
Unevictable:        2588 kB
Mlocked:               0 kB
HighTotal:        885760 kB
HighFree:          35984 kB
LowTotal:         535800 kB
LowFree:           75908 kB
SwapTotal:             0 kB
SwapFree:              0 kB
Dirty:               156 kB
Writeback:             0 kB
AnonPages:        380360 kB
Mapped:           353664 kB
Shmem:               756 kB
Slab:              43836 kB
SReclaimable:      13916 kB
SUnreclaim:        29920 kB
KernelStack:       11200 kB
PageTables:        27772 kB
NFS_Unstable:          0 kB
Bounce:                0 kB
WritebackTmp:          0 kB
CommitLimit:      710780 kB
Committed_AS:   37640232 kB
VmallocTotal:     460800 kB
VmallocUsed:       21220 kB
VmallocChunk:     173084 kB
Time pass: 134 sec

---2015-12-08 16:16:17
MemTotal:        1421560 kB
MemFree:           91420 kB
Buffers:            9800 kB
Cached:           658332 kB
SwapCached:            0 kB
Active:           702484 kB
Inactive:         346104 kB
Active(anon):     383152 kB
Inactive(anon):      668 kB
Active(file):     319332 kB
Inactive(file):   345436 kB
Unevictable:        2588 kB
Mlocked:               0 kB
HighTotal:        885760 kB
HighFree:          20064 kB
LowTotal:         535800 kB
LowFree:           71356 kB
SwapTotal:             0 kB
SwapFree:              0 kB
Dirty:               388 kB
Writeback:             0 kB
AnonPages:        383208 kB
Mapped:           365256 kB
Shmem:               756 kB
Slab:              43844 kB
SReclaimable:      13924 kB
SUnreclaim:        29920 kB
KernelStack:       11248 kB
PageTables:        27832 kB
NFS_Unstable:          0 kB
Bounce:                0 kB
WritebackTmp:          0 kB
CommitLimit:      710780 kB
Committed_AS:   37578156 kB
VmallocTotal:     460800 kB
VmallocUsed:       21260 kB
VmallocChunk:     173084 kB
Time pass: 138 sec

---2015-12-08 16:16:17
MemTotal:        1421560 kB
MemFree:           78480 kB
Buffers:            9800 kB
Cached:           658344 kB
SwapCached:            0 kB
Active:           704012 kB
Inactive:         346096 kB
Active(anon):     384640 kB
Inactive(anon):      668 kB
Active(file):     319372 kB
Inactive(file):   345428 kB
Unevictable:        2588 kB
Mlocked:               0 kB
HighTotal:        885760 kB
HighFree:           7708 kB
LowTotal:         535800 kB
LowFree:           70772 kB
SwapTotal:             0 kB
SwapFree:              0 kB
Dirty:               352 kB
Writeback:             0 kB
AnonPages:        384660 kB
Mapped:           374216 kB
Shmem:               756 kB
Slab:              43900 kB
SReclaimable:      13964 kB
SUnreclaim:        29936 kB
KernelStack:       11248 kB
PageTables:        27864 kB
NFS_Unstable:          0 kB
Bounce:                0 kB
WritebackTmp:          0 kB
CommitLimit:      710780 kB
Committed_AS:   37579852 kB
VmallocTotal:     460800 kB
VmallocUsed:       21276 kB
VmallocChunk:     173084 kB
Time pass: 141 sec

---2015-12-08 16:16:17
MemTotal:        1421560 kB
MemFree:           61292 kB
Buffers:            9808 kB
Cached:           659072 kB
SwapCached:            0 kB
Active:           707556 kB
Inactive:         345636 kB
Active(anon):     386988 kB
Inactive(anon):      668 kB
Active(file):     320568 kB
Inactive(file):   344968 kB
Unevictable:        2588 kB
Mlocked:               0 kB
HighTotal:        885760 kB
HighFree:           4476 kB
LowTotal:         535800 kB
LowFree:           56816 kB
SwapTotal:             0 kB
SwapFree:              0 kB
Dirty:               848 kB
Writeback:             0 kB
AnonPages:        386968 kB
Mapped:           388840 kB
Shmem:               756 kB
Slab:              43900 kB
SReclaimable:      13964 kB
SUnreclaim:        29936 kB
KernelStack:       11240 kB
PageTables:        27908 kB
NFS_Unstable:          0 kB
Bounce:                0 kB
WritebackTmp:          0 kB
CommitLimit:      710780 kB
Committed_AS:   37582332 kB
VmallocTotal:     460800 kB
VmallocUsed:       21312 kB
VmallocChunk:     173084 kB
Time pass: 144 sec

---2015-12-08 16:16:17
MemTotal:        1421560 kB
MemFree:           55720 kB
Buffers:            9816 kB
Cached:           659084 kB
SwapCached:            0 kB
Active:           713580 kB
Inactive:         345668 kB
Active(anon):     393024 kB
Inactive(anon):      668 kB
Active(file):     320556 kB
Inactive(file):   345000 kB
Unevictable:        2588 kB
Mlocked:               0 kB
HighTotal:        885760 kB
HighFree:           7652 kB
LowTotal:         535800 kB
LowFree:           48068 kB
SwapTotal:             0 kB
SwapFree:              0 kB
Dirty:               476 kB
Writeback:            16 kB
AnonPages:        393204 kB
Mapped:           389384 kB
Shmem:               756 kB
Slab:              44024 kB
SReclaimable:      13964 kB
SUnreclaim:        30060 kB
KernelStack:       11240 kB
PageTables:        27920 kB
NFS_Unstable:          0 kB
Bounce:                0 kB
WritebackTmp:          0 kB
CommitLimit:      710780 kB
Committed_AS:   37588432 kB
VmallocTotal:     460800 kB
VmallocUsed:       21312 kB
VmallocChunk:     173084 kB
Time pass: 148 sec

---2015-12-08 16:16:17
MemTotal:        1421560 kB
MemFree:           47484 kB
Buffers:            9816 kB
Cached:           659084 kB
SwapCached:            0 kB
Active:           713548 kB
Inactive:         345684 kB
Active(anon):     393008 kB
Inactive(anon):      668 kB
Active(file):     320540 kB
Inactive(file):   345016 kB
Unevictable:        2588 kB
Mlocked:               0 kB
HighTotal:        885760 kB
HighFree:           5016 kB
LowTotal:         535800 kB
LowFree:           42468 kB
SwapTotal:             0 kB
SwapFree:              0 kB
Dirty:               512 kB
Writeback:             0 kB
AnonPages:        392968 kB
Mapped:           395088 kB
Shmem:               756 kB
Slab:              43936 kB
SReclaimable:      13964 kB
SUnreclaim:        29972 kB
KernelStack:       11240 kB
PageTables:        27928 kB
NFS_Unstable:          0 kB
Bounce:                0 kB
WritebackTmp:          0 kB
CommitLimit:      710780 kB
Committed_AS:   37588132 kB
VmallocTotal:     460800 kB
VmallocUsed:       21324 kB
VmallocChunk:     173084 kB
Time pass: 151 sec

---2015-12-08 16:16:17
MemTotal:        1421560 kB
MemFree:           47468 kB
Buffers:            9824 kB
Cached:           659084 kB
SwapCached:            0 kB
Active:           713504 kB
Inactive:         345692 kB
Active(anon):     392964 kB
Inactive(anon):      668 kB
Active(file):     320540 kB
Inactive(file):   345024 kB
Unevictable:        2588 kB
Mlocked:               0 kB
HighTotal:        885760 kB
HighFree:           4852 kB
LowTotal:         535800 kB
LowFree:           42616 kB
SwapTotal:             0 kB
SwapFree:              0 kB
Dirty:                36 kB
Writeback:             0 kB
AnonPages:        392912 kB
Mapped:           394828 kB
Shmem:               756 kB
Slab:              43936 kB
SReclaimable:      13964 kB
SUnreclaim:        29972 kB
KernelStack:       11192 kB
PageTables:        27924 kB
NFS_Unstable:          0 kB
Bounce:                0 kB
WritebackTmp:          0 kB
CommitLimit:      710780 kB
Committed_AS:   37588120 kB
VmallocTotal:     460800 kB
VmallocUsed:       21324 kB
VmallocChunk:     173084 kB
Time pass: 155 sec

---2015-12-08 16:16:17
MemTotal:        1421560 kB
MemFree:           46676 kB
Buffers:            9832 kB
Cached:           659076 kB
SwapCached:            0 kB
Active:           713692 kB
Inactive:         345692 kB
Active(anon):     393152 kB
Inactive(anon):      668 kB
Active(file):     320540 kB
Inactive(file):   345024 kB
Unevictable:        2588 kB
Mlocked:               0 kB
HighTotal:        885760 kB
HighFree:           4444 kB
LowTotal:         535800 kB
LowFree:           42232 kB
SwapTotal:             0 kB
SwapFree:              0 kB
Dirty:                 0 kB
Writeback:             0 kB
AnonPages:        393300 kB
Mapped:           394976 kB
Shmem:               756 kB
Slab:              44104 kB
SReclaimable:      13964 kB
SUnreclaim:        30140 kB
KernelStack:       11192 kB
PageTables:        27928 kB
NFS_Unstable:          0 kB
Bounce:                0 kB
WritebackTmp:          0 kB
CommitLimit:      710780 kB
Committed_AS:   37588244 kB
VmallocTotal:     460800 kB
VmallocUsed:       21324 kB
VmallocChunk:     173084 kB
Time pass: 159 sec

---2015-12-08 16:16:17
MemTotal:        1421560 kB
MemFree:           39228 kB
Buffers:            9832 kB
Cached:           659284 kB
SwapCached:            0 kB
Active:           723876 kB
Inactive:         344880 kB
Active(anon):     402320 kB
Inactive(anon):      856 kB
Active(file):     321556 kB
Inactive(file):   344024 kB
Unevictable:        2588 kB
Mlocked:               0 kB
HighTotal:        885760 kB
HighFree:           4256 kB
LowTotal:         535800 kB
LowFree:           34972 kB
SwapTotal:             0 kB
SwapFree:              0 kB
Dirty:                44 kB
Writeback:             0 kB
AnonPages:        402400 kB
Mapped:           397392 kB
Shmem:               948 kB
Slab:              44228 kB
SReclaimable:      13956 kB
SUnreclaim:        30272 kB
KernelStack:       11432 kB
PageTables:        28112 kB
NFS_Unstable:          0 kB
Bounce:                0 kB
WritebackTmp:          0 kB
CommitLimit:      710780 kB
Committed_AS:   37649896 kB
VmallocTotal:     460800 kB
VmallocUsed:       21324 kB
VmallocChunk:     173084 kB
Time pass: 162 sec

---2015-12-08 16:16:17
MemTotal:        1421560 kB
MemFree:           38680 kB
Buffers:            9848 kB
Cached:           659292 kB
SwapCached:            0 kB
Active:           725896 kB
Inactive:         344904 kB
Active(anon):     404340 kB
Inactive(anon):      864 kB
Active(file):     321556 kB
Inactive(file):   344040 kB
Unevictable:        2588 kB
Mlocked:               0 kB
HighTotal:        885760 kB
HighFree:           5276 kB
LowTotal:         535800 kB
LowFree:           33404 kB
SwapTotal:             0 kB
SwapFree:              0 kB
Dirty:                 4 kB
Writeback:             0 kB
AnonPages:        404300 kB
Mapped:           395420 kB
Shmem:               956 kB
Slab:              44008 kB
SReclaimable:      13956 kB
SUnreclaim:        30052 kB
KernelStack:       11408 kB
PageTables:        28096 kB
NFS_Unstable:          0 kB
Bounce:                0 kB
WritebackTmp:          0 kB
CommitLimit:      710780 kB
Committed_AS:   37619448 kB
VmallocTotal:     460800 kB
VmallocUsed:       21324 kB
VmallocChunk:     173084 kB
Time pass: 167 sec

---2015-12-08 16:16:17
MemTotal:        1421560 kB
MemFree:           36840 kB
Buffers:            9864 kB
Cached:           659308 kB
SwapCached:            0 kB
Active:           727556 kB
Inactive:         344936 kB
Active(anon):     406000 kB
Inactive(anon):      880 kB
Active(file):     321556 kB
Inactive(file):   344056 kB
Unevictable:        2588 kB
Mlocked:               0 kB
HighTotal:        885760 kB
HighFree:           4452 kB
LowTotal:         535800 kB
LowFree:           32388 kB
SwapTotal:             0 kB
SwapFree:              0 kB
Dirty:                52 kB
Writeback:             0 kB
AnonPages:        405864 kB
Mapped:           395436 kB
Shmem:               972 kB
Slab:              44196 kB
SReclaimable:      14012 kB
SUnreclaim:        30184 kB
KernelStack:       11424 kB
PageTables:        28104 kB
NFS_Unstable:          0 kB
Bounce:                0 kB
WritebackTmp:          0 kB
CommitLimit:      710780 kB
Committed_AS:   37621224 kB
VmallocTotal:     460800 kB
VmallocUsed:       21324 kB
VmallocChunk:     173084 kB
Time pass: 171 sec

---2015-12-08 16:16:17
MemTotal:        1421560 kB
MemFree:           31500 kB
Buffers:            9896 kB
Cached:           659832 kB
SwapCached:            0 kB
Active:           732324 kB
Inactive:         345492 kB
Active(anon):     410768 kB
Inactive(anon):      912 kB
Active(file):     321556 kB
Inactive(file):   344580 kB
Unevictable:        2588 kB
Mlocked:               0 kB
HighTotal:        885760 kB
HighFree:           4472 kB
LowTotal:         535800 kB
LowFree:           27028 kB
SwapTotal:             0 kB
SwapFree:              0 kB
Dirty:                44 kB
Writeback:             0 kB
AnonPages:        410608 kB
Mapped:           395556 kB
Shmem:              1004 kB
Slab:              44228 kB
SReclaimable:      14012 kB
SUnreclaim:        30216 kB
KernelStack:       11440 kB
PageTables:        28168 kB
NFS_Unstable:          0 kB
Bounce:                0 kB
WritebackTmp:          0 kB
CommitLimit:      710780 kB
Committed_AS:   37626812 kB
VmallocTotal:     460800 kB
VmallocUsed:       21324 kB
VmallocChunk:     173084 kB
Time pass: 175 sec

---2015-12-08 16:16:17
MemTotal:        1421560 kB
MemFree:           30232 kB
Buffers:            9920 kB
Cached:           660060 kB
SwapCached:            0 kB
Active:           733740 kB
Inactive:         345744 kB
Active(anon):     412184 kB
Inactive(anon):     1004 kB
Active(file):     321556 kB
Inactive(file):   344740 kB
Unevictable:        2588 kB
Mlocked:               0 kB
HighTotal:        885760 kB
HighFree:           4416 kB
LowTotal:         535800 kB
LowFree:           25816 kB
SwapTotal:             0 kB
SwapFree:              0 kB
Dirty:                44 kB
Writeback:             0 kB
AnonPages:        412188 kB
Mapped:           395620 kB
Shmem:              1096 kB
Slab:              44228 kB
SReclaimable:      14012 kB
SUnreclaim:        30216 kB
KernelStack:       11416 kB
PageTables:        28148 kB
NFS_Unstable:          0 kB
Bounce:                0 kB
WritebackTmp:          0 kB
CommitLimit:      710780 kB
Committed_AS:   37628140 kB
VmallocTotal:     460800 kB
VmallocUsed:       21324 kB
VmallocChunk:     173084 kB
Time pass: 180 sec

---2015-12-08 16:16:17
MemTotal:        1421560 kB
MemFree:           29084 kB
Buffers:            9920 kB
Cached:           660060 kB
SwapCached:            0 kB
Active:           734416 kB
Inactive:         345744 kB
Active(anon):     412860 kB
Inactive(anon):     1004 kB
Active(file):     321556 kB
Inactive(file):   344740 kB
Unevictable:        2588 kB
Mlocked:               0 kB
HighTotal:        885760 kB
HighFree:           4404 kB
LowTotal:         535800 kB
LowFree:           24680 kB
SwapTotal:             0 kB
SwapFree:              0 kB
Dirty:                44 kB
Writeback:             0 kB
AnonPages:        412936 kB
Mapped:           395524 kB
Shmem:              1096 kB
Slab:              44132 kB
SReclaimable:      14012 kB
SUnreclaim:        30120 kB
KernelStack:       11424 kB
PageTables:        28164 kB
NFS_Unstable:          0 kB
Bounce:                0 kB
WritebackTmp:          0 kB
CommitLimit:      710780 kB
Committed_AS:   37629296 kB
VmallocTotal:     460800 kB
VmallocUsed:       21324 kB
VmallocChunk:     173084 kB
Time pass: 184 sec

---2015-12-08 16:16:17
MemTotal:        1421560 kB
MemFree:           28088 kB
Buffers:            9936 kB
Cached:           660060 kB
SwapCached:            0 kB
Active:           735340 kB
Inactive:         345760 kB
Active(anon):     413784 kB
Inactive(anon):     1004 kB
Active(file):     321556 kB
Inactive(file):   344756 kB
Unevictable:        2588 kB
Mlocked:               0 kB
HighTotal:        885760 kB
HighFree:           4404 kB
LowTotal:         535800 kB
LowFree:           23684 kB
SwapTotal:             0 kB
SwapFree:              0 kB
Dirty:                40 kB
Writeback:             0 kB
AnonPages:        413772 kB
Mapped:           395624 kB
Shmem:              1096 kB
Slab:              44228 kB
SReclaimable:      14012 kB
SUnreclaim:        30216 kB
KernelStack:       11424 kB
PageTables:        28152 kB
NFS_Unstable:          0 kB
Bounce:                0 kB
WritebackTmp:          0 kB
CommitLimit:      710780 kB
Committed_AS:   37629544 kB
VmallocTotal:     460800 kB
VmallocUsed:       21324 kB
VmallocChunk:     173084 kB
Time pass: 189 sec

---2015-12-08 16:16:17
MemTotal:        1421560 kB
MemFree:           27104 kB
Buffers:            9960 kB
Cached:           660060 kB
SwapCached:            0 kB
Active:           735892 kB
Inactive:         345784 kB
Active(anon):     414336 kB
Inactive(anon):     1004 kB
Active(file):     321556 kB
Inactive(file):   344780 kB
Unevictable:        2588 kB
Mlocked:               0 kB
HighTotal:        885760 kB
HighFree:           4416 kB
LowTotal:         535800 kB
LowFree:           22688 kB
SwapTotal:             0 kB
SwapFree:              0 kB
Dirty:                44 kB
Writeback:             0 kB
AnonPages:        414436 kB
Mapped:           395532 kB
Shmem:              1096 kB
Slab:              44320 kB
SReclaimable:      14012 kB
SUnreclaim:        30308 kB
KernelStack:       11424 kB
PageTables:        28168 kB
NFS_Unstable:          0 kB
Bounce:                0 kB
WritebackTmp:          0 kB
CommitLimit:      710780 kB
Committed_AS:   37629816 kB
VmallocTotal:     460800 kB
VmallocUsed:       21324 kB
VmallocChunk:     173084 kB
Time pass: 193 sec

---2015-12-08 16:16:17
MemTotal:        1421560 kB
MemFree:           27912 kB
Buffers:            9976 kB
Cached:           660060 kB
SwapCached:            0 kB
Active:           735792 kB
Inactive:         345800 kB
Active(anon):     414236 kB
Inactive(anon):     1004 kB
Active(file):     321556 kB
Inactive(file):   344796 kB
Unevictable:        2588 kB
Mlocked:               0 kB
HighTotal:        885760 kB
HighFree:           4432 kB
LowTotal:         535800 kB
LowFree:           23480 kB
SwapTotal:             0 kB
SwapFree:              0 kB
Dirty:                44 kB
Writeback:             0 kB
AnonPages:        414164 kB
Mapped:           395680 kB
Shmem:              1096 kB
Slab:              44172 kB
SReclaimable:      14012 kB
SUnreclaim:        30160 kB
KernelStack:       11424 kB
PageTables:        28168 kB
NFS_Unstable:          0 kB
Bounce:                0 kB
WritebackTmp:          0 kB
CommitLimit:      710780 kB
Committed_AS:   37628980 kB
VmallocTotal:     460800 kB
VmallocUsed:       21324 kB
VmallocChunk:     173084 kB
Time pass: 197 sec

---2015-12-08 16:16:17
MemTotal:        1421560 kB
MemFree:           27008 kB
Buffers:            9976 kB
Cached:           660060 kB
SwapCached:            0 kB
Active:           736208 kB
Inactive:         345800 kB
Active(anon):     414652 kB
Inactive(anon):     1004 kB
Active(file):     321556 kB
Inactive(file):   344796 kB
Unevictable:        2588 kB
Mlocked:               0 kB
HighTotal:        885760 kB
HighFree:           4432 kB
LowTotal:         535800 kB
LowFree:           22576 kB
SwapTotal:             0 kB
SwapFree:              0 kB
Dirty:                44 kB
Writeback:             0 kB
AnonPages:        414496 kB
Mapped:           395680 kB
Shmem:              1096 kB
Slab:              44288 kB
SReclaimable:      14012 kB
SUnreclaim:        30276 kB
KernelStack:       11424 kB
PageTables:        28168 kB
NFS_Unstable:          0 kB
Bounce:                0 kB
WritebackTmp:          0 kB
CommitLimit:      710780 kB
Committed_AS:   37629404 kB
VmallocTotal:     460800 kB
VmallocUsed:       21324 kB
VmallocChunk:     173084 kB
Time pass: 200 sec

---2015-12-08 16:16:17
MemTotal:        1421560 kB
MemFree:           27072 kB
Buffers:           10000 kB
Cached:           660060 kB
SwapCached:            0 kB
Active:           736224 kB
Inactive:         345824 kB
Active(anon):     414668 kB
Inactive(anon):     1004 kB
Active(file):     321556 kB
Inactive(file):   344820 kB
Unevictable:        2588 kB
Mlocked:               0 kB
HighTotal:        885760 kB
HighFree:           4400 kB
LowTotal:         535800 kB
LowFree:           22672 kB
SwapTotal:             0 kB
SwapFree:              0 kB
Dirty:                44 kB
Writeback:             0 kB
AnonPages:        414596 kB
Mapped:           395536 kB
Shmem:              1096 kB
Slab:              44240 kB
SReclaimable:      14012 kB
SUnreclaim:        30228 kB
KernelStack:       11416 kB
PageTables:        28168 kB
NFS_Unstable:          0 kB
Bounce:                0 kB
WritebackTmp:          0 kB
CommitLimit:      710780 kB
Committed_AS:   37629440 kB
VmallocTotal:     460800 kB
VmallocUsed:       21324 kB
VmallocChunk:     173084 kB
Time pass: 204 sec

---2015-12-08 16:16:17
MemTotal:        1421560 kB
MemFree:           26132 kB
Buffers:           10000 kB
Cached:           660116 kB
SwapCached:            0 kB
Active:           736964 kB
Inactive:         345880 kB
Active(anon):     415408 kB
Inactive(anon):     1060 kB
Active(file):     321556 kB
Inactive(file):   344820 kB
Unevictable:        2588 kB
Mlocked:               0 kB
HighTotal:        885760 kB
HighFree:           4400 kB
LowTotal:         535800 kB
LowFree:           21732 kB
SwapTotal:             0 kB
SwapFree:              0 kB
Dirty:                44 kB
Writeback:             0 kB
AnonPages:        415408 kB
Mapped:           395740 kB
Shmem:              1152 kB
Slab:              44372 kB
SReclaimable:      14012 kB
SUnreclaim:        30360 kB
KernelStack:       11416 kB
PageTables:        28164 kB
NFS_Unstable:          0 kB
Bounce:                0 kB
WritebackTmp:          0 kB
CommitLimit:      710780 kB
Committed_AS:   37630784 kB
VmallocTotal:     460800 kB
VmallocUsed:       21324 kB
VmallocChunk:     173084 kB
Time pass: 207 sec

---2015-12-08 16:16:17
MemTotal:        1421560 kB
MemFree:           25736 kB
Buffers:           10008 kB
Cached:           660256 kB
SwapCached:            0 kB
Active:           736832 kB
Inactive:         346028 kB
Active(anon):     415276 kB
Inactive(anon):     1200 kB
Active(file):     321556 kB
Inactive(file):   344828 kB
Unevictable:        2588 kB
Mlocked:               0 kB
HighTotal:        885760 kB
HighFree:           4528 kB
LowTotal:         535800 kB
LowFree:           21208 kB
SwapTotal:             0 kB
SwapFree:              0 kB
Dirty:                28 kB
Writeback:             0 kB
AnonPages:        415260 kB
Mapped:           395732 kB
Shmem:              1292 kB
Slab:              44276 kB
SReclaimable:      14012 kB
SUnreclaim:        30264 kB
KernelStack:       11408 kB
PageTables:        28168 kB
NFS_Unstable:          0 kB
Bounce:                0 kB
WritebackTmp:          0 kB
CommitLimit:      710780 kB
Committed_AS:   37631056 kB
VmallocTotal:     460800 kB
VmallocUsed:       21324 kB
VmallocChunk:     173084 kB
Time pass: 211 sec

---2015-12-08 16:16:17
MemTotal:        1421560 kB
MemFree:           25632 kB
Buffers:           10024 kB
Cached:           660256 kB
SwapCached:            0 kB
Active:           737232 kB
Inactive:         346044 kB
Active(anon):     415676 kB
Inactive(anon):     1200 kB
Active(file):     321556 kB
Inactive(file):   344844 kB
Unevictable:        2588 kB
Mlocked:               0 kB
HighTotal:        885760 kB
HighFree:           4452 kB
LowTotal:         535800 kB
LowFree:           21180 kB
SwapTotal:             0 kB
SwapFree:              0 kB
Dirty:                 0 kB
Writeback:             0 kB
AnonPages:        415908 kB
Mapped:           395880 kB
Shmem:              1292 kB
Slab:              44360 kB
SReclaimable:      14012 kB
SUnreclaim:        30348 kB
KernelStack:       11416 kB
PageTables:        28168 kB
NFS_Unstable:          0 kB
Bounce:                0 kB
WritebackTmp:          0 kB
CommitLimit:      710780 kB
Committed_AS:   37631192 kB
VmallocTotal:     460800 kB
VmallocUsed:       21324 kB
VmallocChunk:     173084 kB
Time pass: 216 sec

---2015-12-08 16:16:17
MemTotal:        1421560 kB
MemFree:           26356 kB
Buffers:           10048 kB
Cached:           660356 kB
SwapCached:            0 kB
Active:           736220 kB
Inactive:         346168 kB
Active(anon):     414664 kB
Inactive(anon):     1200 kB
Active(file):     321556 kB
Inactive(file):   344968 kB
Unevictable:        2588 kB
Mlocked:               0 kB
HighTotal:        885760 kB
HighFree:           4524 kB
LowTotal:         535800 kB
LowFree:           21832 kB
SwapTotal:             0 kB
SwapFree:              0 kB
Dirty:                44 kB
Writeback:             0 kB
AnonPages:        414780 kB
Mapped:           395852 kB
Shmem:              1292 kB
Slab:              44320 kB
SReclaimable:      14012 kB
SUnreclaim:        30308 kB
KernelStack:       11408 kB
PageTables:        28156 kB
NFS_Unstable:          0 kB
Bounce:                0 kB
WritebackTmp:          0 kB
CommitLimit:      710780 kB
Committed_AS:   37629104 kB
VmallocTotal:     460800 kB
VmallocUsed:       21324 kB
VmallocChunk:     173084 kB
Time pass: 221 sec

---2015-12-08 16:16:17
MemTotal:        1421560 kB
MemFree:           26496 kB
Buffers:           10064 kB
Cached:           660356 kB
SwapCached:            0 kB
Active:           737004 kB
Inactive:         346184 kB
Active(anon):     415448 kB
Inactive(anon):     1200 kB
Active(file):     321556 kB
Inactive(file):   344984 kB
Unevictable:        2588 kB
Mlocked:               0 kB
HighTotal:        885760 kB
HighFree:           4348 kB
LowTotal:         535800 kB
LowFree:           22148 kB
SwapTotal:             0 kB
SwapFree:              0 kB
Dirty:                52 kB
Writeback:             0 kB
AnonPages:        415504 kB
Mapped:           395852 kB
Shmem:              1292 kB
Slab:              44352 kB
SReclaimable:      14012 kB
SUnreclaim:        30340 kB
KernelStack:       11408 kB
PageTables:        28156 kB
NFS_Unstable:          0 kB
Bounce:                0 kB
WritebackTmp:          0 kB
CommitLimit:      710780 kB
Committed_AS:   37629508 kB
VmallocTotal:     460800 kB
VmallocUsed:       21324 kB
VmallocChunk:     173084 kB
Time pass: 225 sec

---2015-12-08 16:16:17
MemTotal:        1421560 kB
MemFree:           26080 kB
Buffers:           10072 kB
Cached:           660364 kB
SwapCached:            0 kB
Active:           737316 kB
Inactive:         346200 kB
Active(anon):     415760 kB
Inactive(anon):     1208 kB
Active(file):     321556 kB
Inactive(file):   344992 kB
Unevictable:        2588 kB
Mlocked:               0 kB
HighTotal:        885760 kB
HighFree:           4348 kB
LowTotal:         535800 kB
LowFree:           21732 kB
SwapTotal:             0 kB
SwapFree:              0 kB
Dirty:                28 kB
Writeback:             0 kB
AnonPages:        415636 kB
Mapped:           395860 kB
Shmem:              1300 kB
Slab:              44340 kB
SReclaimable:      14012 kB
SUnreclaim:        30328 kB
KernelStack:       11408 kB
PageTables:        28156 kB
NFS_Unstable:          0 kB
Bounce:                0 kB
WritebackTmp:          0 kB
CommitLimit:      710780 kB
Committed_AS:   37629604 kB
VmallocTotal:     460800 kB
VmallocUsed:       21324 kB
VmallocChunk:     173084 kB
Time pass: 231 sec

---2015-12-08 16:16:17
MemTotal:        1421560 kB
MemFree:           26984 kB
Buffers:           10088 kB
Cached:           660392 kB
SwapCached:            0 kB
Active:           736464 kB
Inactive:         346244 kB
Active(anon):     414908 kB
Inactive(anon):     1236 kB
Active(file):     321556 kB
Inactive(file):   345008 kB
Unevictable:        2588 kB
Mlocked:               0 kB
HighTotal:        885760 kB
HighFree:           4368 kB
LowTotal:         535800 kB
LowFree:           22616 kB
SwapTotal:             0 kB
SwapFree:              0 kB
Dirty:                 0 kB
Writeback:             0 kB
AnonPages:        414812 kB
Mapped:           395888 kB
Shmem:              1328 kB
Slab:              44316 kB
SReclaimable:      14012 kB
SUnreclaim:        30304 kB
KernelStack:       11416 kB
PageTables:        28152 kB
NFS_Unstable:          0 kB
Bounce:                0 kB
WritebackTmp:          0 kB
CommitLimit:      710780 kB
Committed_AS:   37629068 kB
VmallocTotal:     460800 kB
VmallocUsed:       21324 kB
VmallocChunk:     173084 kB
Time pass: 236 sec

---2015-12-08 16:16:17
MemTotal:        1421560 kB
MemFree:           26320 kB
Buffers:           10112 kB
Cached:           660412 kB
SwapCached:            0 kB
Active:           736460 kB
Inactive:         346280 kB
Active(anon):     414896 kB
Inactive(anon):     1256 kB
Active(file):     321564 kB
Inactive(file):   345024 kB
Unevictable:        2588 kB
Mlocked:               0 kB
HighTotal:        885760 kB
HighFree:           4388 kB
LowTotal:         535800 kB
LowFree:           21932 kB
SwapTotal:             0 kB
SwapFree:              0 kB
Dirty:                48 kB
Writeback:             0 kB
AnonPages:        415132 kB
Mapped:           395960 kB
Shmem:              1348 kB
Slab:              44428 kB
SReclaimable:      14060 kB
SUnreclaim:        30368 kB
KernelStack:       11440 kB
PageTables:        28188 kB
NFS_Unstable:          0 kB
Bounce:                0 kB
WritebackTmp:          0 kB
CommitLimit:      710780 kB
Committed_AS:   37628948 kB
VmallocTotal:     460800 kB
VmallocUsed:       21324 kB
VmallocChunk:     173084 kB
Time pass: 241 sec

---2015-12-08 16:16:17
MemTotal:        1421560 kB
MemFree:           26384 kB
Buffers:           10128 kB
Cached:           660416 kB
SwapCached:            0 kB
Active:           736124 kB
Inactive:         346296 kB
Active(anon):     414560 kB
Inactive(anon):     1256 kB
Active(file):     321564 kB
Inactive(file):   345040 kB
Unevictable:        2588 kB
Mlocked:               0 kB
HighTotal:        885760 kB
HighFree:           4808 kB
LowTotal:         535800 kB
LowFree:           21576 kB
SwapTotal:             0 kB
SwapFree:              0 kB
Dirty:                44 kB
Writeback:             0 kB
AnonPages:        414496 kB
Mapped:           395964 kB
Shmem:              1352 kB
Slab:              44376 kB
SReclaimable:      14068 kB
SUnreclaim:        30308 kB
KernelStack:       11416 kB
PageTables:        28172 kB
NFS_Unstable:          0 kB
Bounce:                0 kB
WritebackTmp:          0 kB
CommitLimit:      710780 kB
Committed_AS:   37627996 kB
VmallocTotal:     460800 kB
VmallocUsed:       21324 kB
VmallocChunk:     173084 kB
Time pass: 245 sec

---2015-12-08 16:16:17
MemTotal:        1421560 kB
MemFree:           26604 kB
Buffers:           10128 kB
Cached:           660416 kB
SwapCached:            0 kB
Active:           736244 kB
Inactive:         346300 kB
Active(anon):     414680 kB
Inactive(anon):     1260 kB
Active(file):     321564 kB
Inactive(file):   345040 kB
Unevictable:        2588 kB
Mlocked:               0 kB
HighTotal:        885760 kB
HighFree:           4328 kB
LowTotal:         535800 kB
LowFree:           22276 kB
SwapTotal:             0 kB
SwapFree:              0 kB
Dirty:                44 kB
Writeback:             0 kB
AnonPages:        414552 kB
Mapped:           395816 kB
Shmem:              1352 kB
Slab:              44368 kB
SReclaimable:      14068 kB
SUnreclaim:        30300 kB
KernelStack:       11424 kB
PageTables:        28168 kB
NFS_Unstable:          0 kB
Bounce:                0 kB
WritebackTmp:          0 kB
CommitLimit:      710780 kB
Committed_AS:   37628064 kB
VmallocTotal:     460800 kB
VmallocUsed:       21324 kB
VmallocChunk:     173084 kB
Time pass: 249 sec

---2015-12-08 16:16:17
MemTotal:        1421560 kB
MemFree:           26016 kB
Buffers:           10196 kB
Cached:           660468 kB
SwapCached:            0 kB
Active:           737320 kB
Inactive:         346420 kB
Active(anon):     415756 kB
Inactive(anon):     1308 kB
Active(file):     321564 kB
Inactive(file):   345112 kB
Unevictable:        2588 kB
Mlocked:               0 kB
HighTotal:        885760 kB
HighFree:           4332 kB
LowTotal:         535800 kB
LowFree:           21684 kB
SwapTotal:             0 kB
SwapFree:              0 kB
Dirty:                72 kB
Writeback:             0 kB
AnonPages:        415708 kB
Mapped:           395996 kB
Shmem:              1400 kB
Slab:              44308 kB
SReclaimable:      14068 kB
SUnreclaim:        30240 kB
KernelStack:       11440 kB
PageTables:        28156 kB
NFS_Unstable:          0 kB
Bounce:                0 kB
WritebackTmp:          0 kB
CommitLimit:      710780 kB
Committed_AS:   37629940 kB
VmallocTotal:     460800 kB
VmallocUsed:       21324 kB
VmallocChunk:     173084 kB
Time pass: 255 sec

---2015-12-08 16:16:17
MemTotal:        1421560 kB
MemFree:           25632 kB
Buffers:           10204 kB
Cached:           660468 kB
SwapCached:            0 kB
Active:           737168 kB
Inactive:         346420 kB
Active(anon):     415604 kB
Inactive(anon):     1308 kB
Active(file):     321564 kB
Inactive(file):   345112 kB
Unevictable:        2588 kB
Mlocked:               0 kB
HighTotal:        885760 kB
HighFree:           4496 kB
LowTotal:         535800 kB
LowFree:           21136 kB
SwapTotal:             0 kB
SwapFree:              0 kB
Dirty:                 0 kB
Writeback:             0 kB
AnonPages:        415484 kB
Mapped:           395900 kB
Shmem:              1400 kB
Slab:              44460 kB
SReclaimable:      14068 kB
SUnreclaim:        30392 kB
KernelStack:       11456 kB
PageTables:        28176 kB
NFS_Unstable:          0 kB
Bounce:                0 kB
WritebackTmp:          0 kB
CommitLimit:      710780 kB
Committed_AS:   37630056 kB
VmallocTotal:     460800 kB
VmallocUsed:       21324 kB
VmallocChunk:     173084 kB
Time pass: 259 sec

---2015-12-08 16:16:17
MemTotal:        1421560 kB
MemFree:           26584 kB
Buffers:           10220 kB
Cached:           660468 kB
SwapCached:            0 kB
Active:           736180 kB
Inactive:         346444 kB
Active(anon):     414616 kB
Inactive(anon):     1308 kB
Active(file):     321564 kB
Inactive(file):   345136 kB
Unevictable:        2588 kB
Mlocked:               0 kB
HighTotal:        885760 kB
HighFree:           4468 kB
LowTotal:         535800 kB
LowFree:           22116 kB
SwapTotal:             0 kB
SwapFree:              0 kB
Dirty:                48 kB
Writeback:             0 kB
AnonPages:        414648 kB
Mapped:           396048 kB
Shmem:              1400 kB
Slab:              44396 kB
SReclaimable:      14068 kB
SUnreclaim:        30328 kB
KernelStack:       11440 kB
PageTables:        28160 kB
NFS_Unstable:          0 kB
Bounce:                0 kB
WritebackTmp:          0 kB
CommitLimit:      710780 kB
Committed_AS:   37628908 kB
VmallocTotal:     460800 kB
VmallocUsed:       21324 kB
VmallocChunk:     173084 kB
Time pass: 263 sec

---2015-12-08 16:16:17
MemTotal:        1421560 kB
MemFree:           25076 kB
Buffers:           10236 kB
Cached:           660468 kB
SwapCached:            0 kB
Active:           737556 kB
Inactive:         346460 kB
Active(anon):     415992 kB
Inactive(anon):     1308 kB
Active(file):     321564 kB
Inactive(file):   345152 kB
Unevictable:        2588 kB
Mlocked:               0 kB
HighTotal:        885760 kB
HighFree:           4404 kB
LowTotal:         535800 kB
LowFree:           20672 kB
SwapTotal:             0 kB
SwapFree:              0 kB
Dirty:                 0 kB
Writeback:             0 kB
AnonPages:        416124 kB
Mapped:           396048 kB
Shmem:              1400 kB
Slab:              44404 kB
SReclaimable:      14068 kB
SUnreclaim:        30336 kB
KernelStack:       11440 kB
PageTables:        28164 kB
NFS_Unstable:          0 kB
Bounce:                0 kB
WritebackTmp:          0 kB
CommitLimit:      710780 kB
Committed_AS:   37630152 kB
VmallocTotal:     460800 kB
VmallocUsed:       21324 kB
VmallocChunk:     173084 kB
Time pass: 267 sec

---2015-12-08 16:16:17
MemTotal:        1421560 kB
MemFree:           25224 kB
Buffers:           10244 kB
Cached:           660468 kB
SwapCached:            0 kB
Active:           737048 kB
Inactive:         346468 kB
Active(anon):     415484 kB
Inactive(anon):     1308 kB
Active(file):     321564 kB
Inactive(file):   345160 kB
Unevictable:        2588 kB
Mlocked:               0 kB
HighTotal:        885760 kB
HighFree:           4388 kB
LowTotal:         535800 kB
LowFree:           20836 kB
SwapTotal:             0 kB
SwapFree:              0 kB
Dirty:                36 kB
Writeback:             0 kB
AnonPages:        415504 kB
Mapped:           396048 kB
Shmem:              1400 kB
Slab:              44408 kB
SReclaimable:      14068 kB
SUnreclaim:        30340 kB
KernelStack:       11440 kB
PageTables:        28164 kB
NFS_Unstable:          0 kB
Bounce:                0 kB
WritebackTmp:          0 kB
CommitLimit:      710780 kB
Committed_AS:   37629620 kB
VmallocTotal:     460800 kB
VmallocUsed:       21324 kB
VmallocChunk:     173084 kB
Time pass: 270 sec

---2015-12-08 16:16:17
MemTotal:        1421560 kB
MemFree:           24972 kB
Buffers:           10260 kB
Cached:           660468 kB
SwapCached:            0 kB
Active:           737288 kB
Inactive:         346484 kB
Active(anon):     415724 kB
Inactive(anon):     1308 kB
Active(file):     321564 kB
Inactive(file):   345176 kB
Unevictable:        2588 kB
Mlocked:               0 kB
HighTotal:        885760 kB
HighFree:           4388 kB
LowTotal:         535800 kB
LowFree:           20584 kB
SwapTotal:             0 kB
SwapFree:              0 kB
Dirty:                48 kB
Writeback:             0 kB
AnonPages:        415636 kB
Mapped:           395900 kB
Shmem:              1400 kB
Slab:              44296 kB
SReclaimable:      14068 kB
SUnreclaim:        30228 kB
KernelStack:       11440 kB
PageTables:        28176 kB
NFS_Unstable:          0 kB
Bounce:                0 kB
WritebackTmp:          0 kB
CommitLimit:      710780 kB
Committed_AS:   37629800 kB
VmallocTotal:     460800 kB
VmallocUsed:       21324 kB
VmallocChunk:     173084 kB
Time pass: 274 sec

---2015-12-08 16:16:17
MemTotal:        1421560 kB
MemFree:           25152 kB
Buffers:           10268 kB
Cached:           660468 kB
SwapCached:            0 kB
Active:           737448 kB
Inactive:         346484 kB
Active(anon):     415884 kB
Inactive(anon):     1308 kB
Active(file):     321564 kB
Inactive(file):   345176 kB
Unevictable:        2588 kB
Mlocked:               0 kB
HighTotal:        885760 kB
HighFree:           4388 kB
LowTotal:         535800 kB
LowFree:           20764 kB
SwapTotal:             0 kB
SwapFree:              0 kB
Dirty:                28 kB
Writeback:             0 kB
AnonPages:        415836 kB
Mapped:           396048 kB
Shmem:              1400 kB
Slab:              44228 kB
SReclaimable:      14068 kB
SUnreclaim:        30160 kB
KernelStack:       11440 kB
PageTables:        28172 kB
NFS_Unstable:          0 kB
Bounce:                0 kB
WritebackTmp:          0 kB
CommitLimit:      710780 kB
Committed_AS:   37629960 kB
VmallocTotal:     460800 kB
VmallocUsed:       21324 kB
VmallocChunk:     173084 kB
Time pass: 277 sec

---2015-12-08 16:16:17
MemTotal:        1421560 kB
MemFree:           25040 kB
Buffers:           10284 kB
Cached:           660484 kB
SwapCached:            0 kB
Active:           737604 kB
Inactive:         346524 kB
Active(anon):     416040 kB
Inactive(anon):     1324 kB
Active(file):     321564 kB
Inactive(file):   345200 kB
Unevictable:        2588 kB
Mlocked:               0 kB
HighTotal:        885760 kB
HighFree:           5056 kB
LowTotal:         535800 kB
LowFree:           19984 kB
SwapTotal:             0 kB
SwapFree:              0 kB
Dirty:                40 kB
Writeback:             0 kB
AnonPages:        416000 kB
Mapped:           396064 kB
Shmem:              1416 kB
Slab:              44416 kB
SReclaimable:      14068 kB
SUnreclaim:        30348 kB
KernelStack:       11440 kB
PageTables:        28168 kB
NFS_Unstable:          0 kB
Bounce:                0 kB
WritebackTmp:          0 kB
CommitLimit:      710780 kB
Committed_AS:   37630032 kB
VmallocTotal:     460800 kB
VmallocUsed:       21324 kB
VmallocChunk:     173084 kB
Time pass: 281 sec

---2015-12-08 16:16:17
MemTotal:        1421560 kB
MemFree:           24364 kB
Buffers:           10284 kB
Cached:           660484 kB
SwapCached:            0 kB
Active:           737812 kB
Inactive:         346524 kB
Active(anon):     416248 kB
Inactive(anon):     1324 kB
Active(file):     321564 kB
Inactive(file):   345200 kB
Unevictable:        2588 kB
Mlocked:               0 kB
HighTotal:        885760 kB
HighFree:           4436 kB
LowTotal:         535800 kB
LowFree:           19928 kB
SwapTotal:             0 kB
SwapFree:              0 kB
Dirty:                 0 kB
Writeback:             0 kB
AnonPages:        416268 kB
Mapped:           396064 kB
Shmem:              1416 kB
Slab:              44416 kB
SReclaimable:      14068 kB
SUnreclaim:        30348 kB
KernelStack:       11448 kB
PageTables:        28172 kB
NFS_Unstable:          0 kB
Bounce:                0 kB
WritebackTmp:          0 kB
CommitLimit:      710780 kB
Committed_AS:   37630140 kB
VmallocTotal:     460800 kB
VmallocUsed:       21324 kB
VmallocChunk:     173084 kB
Time pass: 284 sec

---2015-12-08 16:16:17
MemTotal:        1421560 kB
MemFree:           24028 kB
Buffers:           10308 kB
Cached:           660484 kB
SwapCached:            0 kB
Active:           738404 kB
Inactive:         346548 kB
Active(anon):     416840 kB
Inactive(anon):     1324 kB
Active(file):     321564 kB
Inactive(file):   345224 kB
Unevictable:        2588 kB
Mlocked:               0 kB
HighTotal:        885760 kB
HighFree:           5264 kB
LowTotal:         535800 kB
LowFree:           18764 kB
SwapTotal:             0 kB
SwapFree:              0 kB
Dirty:                44 kB
Writeback:             0 kB
AnonPages:        416692 kB
Mapped:           396060 kB
Shmem:              1416 kB
Slab:              44352 kB
SReclaimable:      14068 kB
SUnreclaim:        30284 kB
KernelStack:       11448 kB
PageTables:        28172 kB
NFS_Unstable:          0 kB
Bounce:                0 kB
WritebackTmp:          0 kB
CommitLimit:      710780 kB
Committed_AS:   37630508 kB
VmallocTotal:     460800 kB
VmallocUsed:       21324 kB
VmallocChunk:     173084 kB
Time pass: 288 sec

---2015-12-08 16:16:17
MemTotal:        1421560 kB
MemFree:           25204 kB
Buffers:           10308 kB
Cached:           660484 kB
SwapCached:            0 kB
Active:           736856 kB
Inactive:         346548 kB
Active(anon):     415292 kB
Inactive(anon):     1324 kB
Active(file):     321564 kB
Inactive(file):   345224 kB
Unevictable:        2588 kB
Mlocked:               0 kB
HighTotal:        885760 kB
HighFree:           5332 kB
LowTotal:         535800 kB
LowFree:           19872 kB
SwapTotal:             0 kB
SwapFree:              0 kB
Dirty:                 0 kB
Writeback:             0 kB
AnonPages:        415196 kB
Mapped:           396012 kB
Shmem:              1416 kB
Slab:              44348 kB
SReclaimable:      14068 kB
SUnreclaim:        30280 kB
KernelStack:       11432 kB
PageTables:        28152 kB
NFS_Unstable:          0 kB
Bounce:                0 kB
WritebackTmp:          0 kB
CommitLimit:      710780 kB
Committed_AS:   37629720 kB
VmallocTotal:     460800 kB
VmallocUsed:       21324 kB
VmallocChunk:     173084 kB
Time pass: 292 sec

---2015-12-08 16:16:17
MemTotal:        1421560 kB
MemFree:           25088 kB
Buffers:           10332 kB
Cached:           660484 kB
SwapCached:            0 kB
Active:           737232 kB
Inactive:         346572 kB
Active(anon):     415668 kB
Inactive(anon):     1324 kB
Active(file):     321564 kB
Inactive(file):   345248 kB
Unevictable:        2588 kB
Mlocked:               0 kB
HighTotal:        885760 kB
HighFree:           4368 kB
LowTotal:         535800 kB
LowFree:           20720 kB
SwapTotal:             0 kB
SwapFree:              0 kB
Dirty:                44 kB
Writeback:             0 kB
AnonPages:        415572 kB
Mapped:           396064 kB
Shmem:              1416 kB
Slab:              44248 kB
SReclaimable:      14068 kB
SUnreclaim:        30180 kB
KernelStack:       11448 kB
PageTables:        28180 kB
NFS_Unstable:          0 kB
Bounce:                0 kB
WritebackTmp:          0 kB
CommitLimit:      710780 kB
Committed_AS:   37628984 kB
VmallocTotal:     460800 kB
VmallocUsed:       21324 kB
VmallocChunk:     173084 kB
Time pass: 297 sec

---2015-12-08 16:16:17
MemTotal:        1421560 kB
MemFree:           24852 kB
Buffers:           10356 kB
Cached:           660484 kB
SwapCached:            0 kB
Active:           738144 kB
Inactive:         346596 kB
Active(anon):     416580 kB
Inactive(anon):     1324 kB
Active(file):     321564 kB
Inactive(file):   345272 kB
Unevictable:        2588 kB
Mlocked:               0 kB
HighTotal:        885760 kB
HighFree:           4368 kB
LowTotal:         535800 kB
LowFree:           20484 kB
SwapTotal:             0 kB
SwapFree:              0 kB
Dirty:                40 kB
Writeback:             0 kB
AnonPages:        416720 kB
Mapped:           396012 kB
Shmem:              1416 kB
Slab:              44268 kB
SReclaimable:      14068 kB
SUnreclaim:        30200 kB
KernelStack:       11432 kB
PageTables:        28160 kB
NFS_Unstable:          0 kB
Bounce:                0 kB
WritebackTmp:          0 kB
CommitLimit:      710780 kB
Committed_AS:   37630240 kB
VmallocTotal:     460800 kB
VmallocUsed:       21324 kB
VmallocChunk:     173084 kB
Time pass: 301 sec

---2015-12-08 16:16:17
MemTotal:        1421560 kB
MemFree:           24180 kB
Buffers:           10356 kB
Cached:           660484 kB
SwapCached:            0 kB
Active:           737356 kB
Inactive:         346596 kB
Active(anon):     415792 kB
Inactive(anon):     1324 kB
Active(file):     321564 kB
Inactive(file):   345272 kB
Unevictable:        2588 kB
Mlocked:               0 kB
HighTotal:        885760 kB
HighFree:           4424 kB
LowTotal:         535800 kB
LowFree:           19756 kB
SwapTotal:             0 kB
SwapFree:              0 kB
Dirty:                 0 kB
Writeback:             0 kB
AnonPages:        415800 kB
Mapped:           396060 kB
Shmem:              1416 kB
Slab:              44344 kB
SReclaimable:      14068 kB
SUnreclaim:        30276 kB
KernelStack:       11440 kB
PageTables:        28164 kB
NFS_Unstable:          0 kB
Bounce:                0 kB
WritebackTmp:          0 kB
CommitLimit:      710780 kB
Committed_AS:   37628992 kB
VmallocTotal:     460800 kB
VmallocUsed:       21324 kB
VmallocChunk:     173084 kB
Time pass: 304 sec

---2015-12-08 16:16:17
MemTotal:        1421560 kB
MemFree:           24884 kB
Buffers:           10380 kB
Cached:           660484 kB
SwapCached:            0 kB
Active:           737392 kB
Inactive:         346620 kB
Active(anon):     415828 kB
Inactive(anon):     1324 kB
Active(file):     321564 kB
Inactive(file):   345296 kB
Unevictable:        2588 kB
Mlocked:               0 kB
HighTotal:        885760 kB
HighFree:           4348 kB
LowTotal:         535800 kB
LowFree:           20536 kB
SwapTotal:             0 kB
SwapFree:              0 kB
Dirty:                40 kB
Writeback:             0 kB
AnonPages:        415952 kB
Mapped:           396060 kB
Shmem:              1416 kB
Slab:              44364 kB
SReclaimable:      14068 kB
SUnreclaim:        30296 kB
KernelStack:       11440 kB
PageTables:        28160 kB
NFS_Unstable:          0 kB
Bounce:                0 kB
WritebackTmp:          0 kB
CommitLimit:      710780 kB
Committed_AS:   37630196 kB
VmallocTotal:     460800 kB
VmallocUsed:       21324 kB
VmallocChunk:     173084 kB
Time pass: 308 sec

---2015-12-08 16:16:17
MemTotal:        1421560 kB
MemFree:           23844 kB
Buffers:           10380 kB
Cached:           660484 kB
SwapCached:            0 kB
Active:           738172 kB
Inactive:         346620 kB
Active(anon):     416608 kB
Inactive(anon):     1324 kB
Active(file):     321564 kB
Inactive(file):   345296 kB
Unevictable:        2588 kB
Mlocked:               0 kB
HighTotal:        885760 kB
HighFree:           4348 kB
LowTotal:         535800 kB
LowFree:           19496 kB
SwapTotal:             0 kB
SwapFree:              0 kB
Dirty:                 0 kB
Writeback:             0 kB
AnonPages:        416752 kB
Mapped:           395912 kB
Shmem:              1416 kB
Slab:              44372 kB
SReclaimable:      14068 kB
SUnreclaim:        30304 kB
KernelStack:       11432 kB
PageTables:        28160 kB
NFS_Unstable:          0 kB
Bounce:                0 kB
WritebackTmp:          0 kB
CommitLimit:      710780 kB
Committed_AS:   37630396 kB
VmallocTotal:     460800 kB
VmallocUsed:       21324 kB
VmallocChunk:     173084 kB
Time pass: 312 sec

---2015-12-08 16:16:17
MemTotal:        1421560 kB
MemFree:           23528 kB
Buffers:           10404 kB
Cached:           660484 kB
SwapCached:            0 kB
Active:           738800 kB
Inactive:         346644 kB
Active(anon):     417236 kB
Inactive(anon):     1324 kB
Active(file):     321564 kB
Inactive(file):   345320 kB
Unevictable:        2588 kB
Mlocked:               0 kB
HighTotal:        885760 kB
HighFree:           4348 kB
LowTotal:         535800 kB
LowFree:           19180 kB
SwapTotal:             0 kB
SwapFree:              0 kB
Dirty:                44 kB
Writeback:             0 kB
AnonPages:        417104 kB
Mapped:           396060 kB
Shmem:              1416 kB
Slab:              44340 kB
SReclaimable:      14068 kB
SUnreclaim:        30272 kB
KernelStack:       11432 kB
PageTables:        28164 kB
NFS_Unstable:          0 kB
Bounce:                0 kB
WritebackTmp:          0 kB
CommitLimit:      710780 kB
Committed_AS:   37630480 kB
VmallocTotal:     460800 kB
VmallocUsed:       21324 kB
VmallocChunk:     173084 kB
Time pass: 317 sec

---2015-12-08 16:16:17
MemTotal:        1421560 kB
MemFree:           23260 kB
Buffers:           10428 kB
Cached:           660484 kB
SwapCached:            0 kB
Active:           739076 kB
Inactive:         346668 kB
Active(anon):     417512 kB
Inactive(anon):     1324 kB
Active(file):     321564 kB
Inactive(file):   345344 kB
Unevictable:        2588 kB
Mlocked:               0 kB
HighTotal:        885760 kB
HighFree:           4348 kB
LowTotal:         535800 kB
LowFree:           18912 kB
SwapTotal:             0 kB
SwapFree:              0 kB
Dirty:                44 kB
Writeback:             0 kB
AnonPages:        417444 kB
Mapped:           396060 kB
Shmem:              1416 kB
Slab:              44592 kB
SReclaimable:      14068 kB
SUnreclaim:        30524 kB
KernelStack:       11432 kB
PageTables:        28156 kB
NFS_Unstable:          0 kB
Bounce:                0 kB
WritebackTmp:          0 kB
CommitLimit:      710780 kB
Committed_AS:   37630604 kB
VmallocTotal:     460800 kB
VmallocUsed:       21324 kB
VmallocChunk:     173084 kB
Time pass: 321 sec

---2015-12-08 16:16:17
MemTotal:        1421560 kB
MemFree:           25344 kB
Buffers:           10428 kB
Cached:           660484 kB
SwapCached:            0 kB
Active:           737036 kB
Inactive:         346668 kB
Active(anon):     415472 kB
Inactive(anon):     1324 kB
Active(file):     321564 kB
Inactive(file):   345344 kB
Unevictable:        2588 kB
Mlocked:               0 kB
HighTotal:        885760 kB
HighFree:           5428 kB
LowTotal:         535800 kB
LowFree:           19916 kB
SwapTotal:             0 kB
SwapFree:              0 kB
Dirty:                 0 kB
Writeback:             0 kB
AnonPages:        415356 kB
Mapped:           395920 kB
Shmem:              1416 kB
Slab:              44532 kB
SReclaimable:      14068 kB
SUnreclaim:        30464 kB
KernelStack:       11432 kB
PageTables:        28160 kB
NFS_Unstable:          0 kB
Bounce:                0 kB
WritebackTmp:          0 kB
CommitLimit:      710780 kB
Committed_AS:   37629460 kB
VmallocTotal:     460800 kB
VmallocUsed:       21324 kB
VmallocChunk:     173084 kB
Time pass: 325 sec

---2015-12-08 16:16:17
MemTotal:        1421560 kB
MemFree:           25648 kB
Buffers:           10452 kB
Cached:           660532 kB
SwapCached:            0 kB
Active:           737300 kB
Inactive:         346740 kB
Active(anon):     415736 kB
Inactive(anon):     1372 kB
Active(file):     321564 kB
Inactive(file):   345368 kB
Unevictable:        2588 kB
Mlocked:               0 kB
HighTotal:        885760 kB
HighFree:           4832 kB
LowTotal:         535800 kB
LowFree:           20816 kB
SwapTotal:             0 kB
SwapFree:              0 kB
Dirty:                44 kB
Writeback:             0 kB
AnonPages:        415704 kB
Mapped:           396124 kB
Shmem:              1464 kB
Slab:              44304 kB
SReclaimable:      14068 kB
SUnreclaim:        30236 kB
KernelStack:       11424 kB
PageTables:        28160 kB
NFS_Unstable:          0 kB
Bounce:                0 kB
WritebackTmp:          0 kB
CommitLimit:      710780 kB
Committed_AS:   37629548 kB
VmallocTotal:     460800 kB
VmallocUsed:       21324 kB
VmallocChunk:     173084 kB
Time pass: 329 sec

---2015-12-08 16:16:17
MemTotal:        1421560 kB
MemFree:           24576 kB
Buffers:           10468 kB
Cached:           660516 kB
SwapCached:            0 kB
Active:           737380 kB
Inactive:         346740 kB
Active(anon):     415816 kB
Inactive(anon):     1372 kB
Active(file):     321564 kB
Inactive(file):   345368 kB
Unevictable:        2588 kB
Mlocked:               0 kB
HighTotal:        885760 kB
HighFree:           4336 kB
LowTotal:         535800 kB
LowFree:           20240 kB
SwapTotal:             0 kB
SwapFree:              0 kB
Dirty:                 0 kB
Writeback:             0 kB
AnonPages:        415756 kB
Mapped:           395976 kB
Shmem:              1464 kB
Slab:              44352 kB
SReclaimable:      14068 kB
SUnreclaim:        30284 kB
KernelStack:       11432 kB
PageTables:        28160 kB
NFS_Unstable:          0 kB
Bounce:                0 kB
WritebackTmp:          0 kB
CommitLimit:      710780 kB
Committed_AS:   37629728 kB
VmallocTotal:     460800 kB
VmallocUsed:       21324 kB
VmallocChunk:     173084 kB
Time pass: 332 sec

---2015-12-08 16:16:17
MemTotal:        1421560 kB
MemFree:           24860 kB
Buffers:           10468 kB
Cached:           660532 kB
SwapCached:            0 kB
Active:           737604 kB
Inactive:         346756 kB
Active(anon):     416040 kB
Inactive(anon):     1372 kB
Active(file):     321564 kB
Inactive(file):   345384 kB
Unevictable:        2588 kB
Mlocked:               0 kB
HighTotal:        885760 kB
HighFree:           4836 kB
LowTotal:         535800 kB
LowFree:           20024 kB
SwapTotal:             0 kB
SwapFree:              0 kB
Dirty:                40 kB
Writeback:             0 kB
AnonPages:        416040 kB
Mapped:           396128 kB
Shmem:              1464 kB
Slab:              44376 kB
SReclaimable:      14068 kB
SUnreclaim:        30308 kB
KernelStack:       11432 kB
PageTables:        28160 kB
NFS_Unstable:          0 kB
Bounce:                0 kB
WritebackTmp:          0 kB
CommitLimit:      710780 kB
Committed_AS:   37629808 kB
VmallocTotal:     460800 kB
VmallocUsed:       21324 kB
VmallocChunk:     173084 kB
Time pass: 336 sec

---2015-12-08 16:16:17
MemTotal:        1421560 kB
MemFree:           24724 kB
Buffers:           10492 kB
Cached:           660516 kB
SwapCached:            0 kB
Active:           738560 kB
Inactive:         346764 kB
Active(anon):     416996 kB
Inactive(anon):     1372 kB
Active(file):     321564 kB
Inactive(file):   345392 kB
Unevictable:        2588 kB
Mlocked:               0 kB
HighTotal:        885760 kB
HighFree:           4796 kB
LowTotal:         535800 kB
LowFree:           19928 kB
SwapTotal:             0 kB
SwapFree:              0 kB
Dirty:                28 kB
Writeback:             0 kB
AnonPages:        417040 kB
Mapped:           396076 kB
Shmem:              1464 kB
Slab:              44252 kB
SReclaimable:      14068 kB
SUnreclaim:        30184 kB
KernelStack:       11416 kB
PageTables:        28140 kB
NFS_Unstable:          0 kB
Bounce:                0 kB
WritebackTmp:          0 kB
CommitLimit:      710780 kB
Committed_AS:   37631264 kB
VmallocTotal:     460800 kB
VmallocUsed:       21324 kB
VmallocChunk:     173084 kB
Time pass: 340 sec

---2015-12-08 16:16:17
MemTotal:        1421560 kB
MemFree:           23628 kB
Buffers:           10492 kB
Cached:           660592 kB
SwapCached:            0 kB
Active:           738936 kB
Inactive:         346840 kB
Active(anon):     417372 kB
Inactive(anon):     1372 kB
Active(file):     321564 kB
Inactive(file):   345468 kB
Unevictable:        2588 kB
Mlocked:               0 kB
HighTotal:        885760 kB
HighFree:           4392 kB
LowTotal:         535800 kB
LowFree:           19236 kB
SwapTotal:             0 kB
SwapFree:              0 kB
Dirty:                 0 kB
Writeback:             0 kB
AnonPages:        417388 kB
Mapped:           396008 kB
Shmem:              1464 kB
Slab:              44424 kB
SReclaimable:      14068 kB
SUnreclaim:        30356 kB
KernelStack:       11464 kB
PageTables:        28156 kB
NFS_Unstable:          0 kB
Bounce:                0 kB
WritebackTmp:          0 kB
CommitLimit:      710780 kB
Committed_AS:   37627172 kB
VmallocTotal:     460800 kB
VmallocUsed:       21324 kB
VmallocChunk:     173084 kB
Time pass: 344 sec

---2015-12-08 16:16:17
MemTotal:        1421560 kB
MemFree:           24292 kB
Buffers:           10516 kB
Cached:           660576 kB
SwapCached:            0 kB
Active:           738336 kB
Inactive:         346848 kB
Active(anon):     416772 kB
Inactive(anon):     1372 kB
Active(file):     321564 kB
Inactive(file):   345476 kB
Unevictable:        2588 kB
Mlocked:               0 kB
HighTotal:        885760 kB
HighFree:           4392 kB
LowTotal:         535800 kB
LowFree:           19900 kB
SwapTotal:             0 kB
SwapFree:              0 kB
Dirty:                28 kB
Writeback:             0 kB
AnonPages:        416768 kB
Mapped:           396168 kB
Shmem:              1464 kB
Slab:              44352 kB
SReclaimable:      14068 kB
SUnreclaim:        30284 kB
KernelStack:       11448 kB
PageTables:        28160 kB
NFS_Unstable:          0 kB
Bounce:                0 kB
WritebackTmp:          0 kB
CommitLimit:      710780 kB
Committed_AS:   37626052 kB
VmallocTotal:     460800 kB
VmallocUsed:       21324 kB
VmallocChunk:     173084 kB
Time pass: 347 sec

---2015-12-08 16:16:17
MemTotal:        1421560 kB
MemFree:           23648 kB
Buffers:           10516 kB
Cached:           660632 kB
SwapCached:            0 kB
Active:           738368 kB
Inactive:         346904 kB
Active(anon):     416804 kB
Inactive(anon):     1412 kB
Active(file):     321564 kB
Inactive(file):   345492 kB
Unevictable:        2588 kB
Mlocked:               0 kB
HighTotal:        885760 kB
HighFree:           4404 kB
LowTotal:         535800 kB
LowFree:           19244 kB
SwapTotal:             0 kB
SwapFree:              0 kB
Dirty:                40 kB
Writeback:             0 kB
AnonPages:        416828 kB
Mapped:           396080 kB
