---2015-12-05 14:07:44
MemTotal:        2905316 kB
MemFree:          108336 kB
Buffers:           25000 kB
Cached:          1413560 kB
SwapCached:            0 kB
Active:          1240612 kB
Inactive:        1045448 kB
Active(anon):     736196 kB
Inactive(anon):   147640 kB
Active(file):     504416 kB
Inactive(file):   897808 kB
Unevictable:        7488 kB
Mlocked:               0 kB
SwapTotal:        720184 kB
SwapFree:         720184 kB
Dirty:                92 kB
Writeback:             0 kB
AnonPages:        854976 kB
Mapped:           514844 kB
Shmem:             28848 kB
Slab:             119704 kB
SReclaimable:      36044 kB
SUnreclaim:        83660 kB
KernelStack:       30848 kB
PageTables:        55708 kB
NFS_Unstable:          0 kB
Bounce:                0 kB
WritebackTmp:          0 kB
CommitLimit:     2172840 kB
Committed_AS:   93607184 kB
VmallocTotal:   251658176 kB
VmallocUsed:      135584 kB
VmallocChunk:   251458092 kB
Time pass: 3 sec

---2015-12-05 14:07:44
MemTotal:        2905316 kB
MemFree:          107500 kB
Buffers:           25008 kB
Cached:          1413928 kB
SwapCached:            0 kB
Active:          1240840 kB
Inactive:        1045796 kB
Active(anon):     736408 kB
Inactive(anon):   147640 kB
Active(file):     504432 kB
Inactive(file):   898156 kB
Unevictable:        7488 kB
Mlocked:               0 kB
SwapTotal:        720184 kB
SwapFree:         720184 kB
Dirty:               120 kB
Writeback:             0 kB
AnonPages:        855284 kB
Mapped:           515008 kB
Shmem:             28848 kB
Slab:             119684 kB
SReclaimable:      36044 kB
SUnreclaim:        83640 kB
KernelStack:       30624 kB
PageTables:        55696 kB
NFS_Unstable:          0 kB
Bounce:                0 kB
WritebackTmp:          0 kB
CommitLimit:     2172840 kB
Committed_AS:   93606988 kB
VmallocTotal:   251658176 kB
VmallocUsed:      135584 kB
VmallocChunk:   251458092 kB
Time pass: 7 sec

---2015-12-05 14:07:44
MemTotal:        2905316 kB
MemFree:          107660 kB
Buffers:           25008 kB
Cached:          1413928 kB
SwapCached:            0 kB
Active:          1240956 kB
Inactive:        1045792 kB
Active(anon):     736508 kB
Inactive(anon):   147640 kB
Active(file):     504448 kB
Inactive(file):   898152 kB
Unevictable:        7488 kB
Mlocked:               0 kB
SwapTotal:        720184 kB
SwapFree:         720184 kB
Dirty:                12 kB
Writeback:             0 kB
AnonPages:        855408 kB
Mapped:           515008 kB
Shmem:             28848 kB
Slab:             119616 kB
SReclaimable:      36044 kB
SUnreclaim:        83572 kB
KernelStack:       30592 kB
PageTables:        55696 kB
NFS_Unstable:          0 kB
Bounce:                0 kB
WritebackTmp:          0 kB
CommitLimit:     2172840 kB
Committed_AS:   93606964 kB
VmallocTotal:   251658176 kB
VmallocUsed:      135584 kB
VmallocChunk:   251458092 kB
Time pass: 11 sec

---2015-12-05 14:07:44
MemTotal:        2905316 kB
MemFree:          108744 kB
Buffers:           25016 kB
Cached:          1414820 kB
SwapCached:            0 kB
Active:          1239728 kB
Inactive:        1046400 kB
Active(anon):     735272 kB
Inactive(anon):   147640 kB
Active(file):     504456 kB
Inactive(file):   898760 kB
Unevictable:        7488 kB
Mlocked:               0 kB
SwapTotal:        720184 kB
SwapFree:         720184 kB
Dirty:                52 kB
Writeback:             0 kB
AnonPages:        854172 kB
Mapped:           514572 kB
Shmem:             28844 kB
Slab:             119620 kB
SReclaimable:      36044 kB
SUnreclaim:        83576 kB
KernelStack:       30624 kB
PageTables:        55044 kB
NFS_Unstable:          0 kB
Bounce:                0 kB
WritebackTmp:          0 kB
CommitLimit:     2172840 kB
Committed_AS:   92358104 kB
VmallocTotal:   251658176 kB
VmallocUsed:      135584 kB
VmallocChunk:   251442732 kB
Time pass: 15 sec

---2015-12-05 14:07:44
MemTotal:        2905316 kB
MemFree:           98680 kB
Buffers:           25040 kB
Cached:          1416408 kB
SwapCached:            0 kB
Active:          1248660 kB
Inactive:        1047988 kB
Active(anon):     744192 kB
Inactive(anon):   147664 kB
Active(file):     504468 kB
Inactive(file):   900324 kB
Unevictable:        7488 kB
Mlocked:               0 kB
SwapTotal:        720184 kB
SwapFree:         720184 kB
Dirty:                 0 kB
Writeback:             0 kB
AnonPages:        863012 kB
Mapped:           515388 kB
Shmem:             28884 kB
Slab:             119664 kB
SReclaimable:      36044 kB
SUnreclaim:        83620 kB
KernelStack:       30512 kB
PageTables:        55872 kB
NFS_Unstable:          0 kB
Bounce:                0 kB
WritebackTmp:          0 kB
CommitLimit:     2172840 kB
Committed_AS:   96555964 kB
VmallocTotal:   251658176 kB
VmallocUsed:      154144 kB
VmallocChunk:   251396388 kB
Time pass: 18 sec

---2015-12-05 14:07:44
MemTotal:        2905316 kB
MemFree:           57924 kB
Buffers:           27236 kB
Cached:          1268880 kB
SwapCached:            0 kB
Active:          1327864 kB
Inactive:         906072 kB
Active(anon):     803632 kB
Inactive(anon):   170876 kB
Active(file):     524232 kB
Inactive(file):   735196 kB
Unevictable:        7488 kB
Mlocked:               0 kB
SwapTotal:        720184 kB
SwapFree:         720184 kB
Dirty:              2316 kB
Writeback:             0 kB
AnonPages:        945580 kB
Mapped:           625456 kB
Shmem:             29172 kB
Slab:             119956 kB
SReclaimable:      36268 kB
SUnreclaim:        83688 kB
KernelStack:       33728 kB
PageTables:        56224 kB
NFS_Unstable:          0 kB
Bounce:                0 kB
WritebackTmp:          0 kB
CommitLimit:     2172840 kB
Committed_AS:   93040324 kB
VmallocTotal:   251658176 kB
VmallocUsed:      136176 kB
VmallocChunk:   251413036 kB
Time pass: 22 sec

---2015-12-05 14:07:44
MemTotal:        2905316 kB
MemFree:          103164 kB
Buffers:           27204 kB
Cached:          1230112 kB
SwapCached:            0 kB
Active:          1285636 kB
Inactive:         870056 kB
Active(anon):     760320 kB
Inactive(anon):   174716 kB
Active(file):     525316 kB
Inactive(file):   695340 kB
Unevictable:        7488 kB
Mlocked:               0 kB
SwapTotal:        720184 kB
SwapFree:         720184 kB
Dirty:               140 kB
Writeback:             0 kB
AnonPages:        905856 kB
Mapped:           638736 kB
Shmem:             29172 kB
Slab:             119908 kB
SReclaimable:      36220 kB
SUnreclaim:        83688 kB
KernelStack:       33760 kB
PageTables:        56216 kB
NFS_Unstable:          0 kB
Bounce:                0 kB
WritebackTmp:          0 kB
CommitLimit:     2172840 kB
Committed_AS:   93033672 kB
VmallocTotal:   251658176 kB
VmallocUsed:      136508 kB
VmallocChunk:   251413036 kB
Time pass: 26 sec

---2015-12-05 14:07:44
MemTotal:        2905316 kB
MemFree:          100424 kB
Buffers:           27236 kB
Cached:          1231888 kB
SwapCached:            0 kB
Active:          1287248 kB
Inactive:         871828 kB
Active(anon):     761928 kB
Inactive(anon):   174716 kB
Active(file):     525320 kB
Inactive(file):   697112 kB
Unevictable:        7488 kB
Mlocked:               0 kB
SwapTotal:        720184 kB
SwapFree:         720184 kB
Dirty:               216 kB
Writeback:             0 kB
AnonPages:        907312 kB
Mapped:           639044 kB
Shmem:             29172 kB
Slab:             119880 kB
SReclaimable:      36268 kB
SUnreclaim:        83612 kB
KernelStack:       33792 kB
PageTables:        56252 kB
NFS_Unstable:          0 kB
Bounce:                0 kB
WritebackTmp:          0 kB
CommitLimit:     2172840 kB
Committed_AS:   93034608 kB
VmallocTotal:   251658176 kB
VmallocUsed:      136508 kB
VmallocChunk:   251413036 kB
Time pass: 29 sec

---2015-12-05 14:07:44
MemTotal:        2905316 kB
MemFree:           99928 kB
Buffers:           27236 kB
Cached:          1232032 kB
SwapCached:            0 kB
Active:          1287416 kB
Inactive:         871980 kB
Active(anon):     762072 kB
Inactive(anon):   174716 kB
Active(file):     525344 kB
Inactive(file):   697264 kB
Unevictable:        7488 kB
Mlocked:               0 kB
SwapTotal:        720184 kB
SwapFree:         720184 kB
Dirty:                 0 kB
Writeback:             0 kB
AnonPages:        907720 kB
Mapped:           639064 kB
Shmem:             29172 kB
Slab:             120000 kB
SReclaimable:      36268 kB
SUnreclaim:        83732 kB
KernelStack:       33792 kB
PageTables:        56244 kB
NFS_Unstable:          0 kB
Bounce:                0 kB
WritebackTmp:          0 kB
CommitLimit:     2172840 kB
Committed_AS:   93034668 kB
VmallocTotal:   251658176 kB
VmallocUsed:      136508 kB
VmallocChunk:   251413036 kB
Time pass: 33 sec

---2015-12-05 14:07:44
MemTotal:        2905316 kB
MemFree:           90964 kB
Buffers:           27296 kB
Cached:          1235980 kB
SwapCached:            0 kB
Active:          1292280 kB
Inactive:         875960 kB
Active(anon):     766908 kB
Inactive(anon):   174716 kB
Active(file):     525372 kB
Inactive(file):   701244 kB
Unevictable:        7488 kB
Mlocked:               0 kB
SwapTotal:        720184 kB
SwapFree:         720184 kB
Dirty:               164 kB
Writeback:             4 kB
AnonPages:        912652 kB
Mapped:           640184 kB
Shmem:             29172 kB
Slab:             120228 kB
SReclaimable:      36284 kB
SUnreclaim:        83944 kB
KernelStack:       33984 kB
PageTables:        56264 kB
NFS_Unstable:          0 kB
Bounce:                0 kB
WritebackTmp:          0 kB
CommitLimit:     2172840 kB
Committed_AS:   93037448 kB
VmallocTotal:   251658176 kB
VmallocUsed:      136508 kB
VmallocChunk:   251413036 kB
Time pass: 37 sec

---2015-12-05 14:07:44
MemTotal:        2905316 kB
MemFree:           88856 kB
Buffers:           28832 kB
Cached:          1236016 kB
SwapCached:            0 kB
Active:          1292964 kB
Inactive:         877444 kB
Active(anon):     767568 kB
Inactive(anon):   174716 kB
Active(file):     525396 kB
Inactive(file):   702728 kB
Unevictable:        7488 kB
Mlocked:               0 kB
SwapTotal:        720184 kB
SwapFree:         720184 kB
Dirty:                12 kB
Writeback:             0 kB
AnonPages:        912964 kB
Mapped:           640176 kB
Shmem:             29172 kB
Slab:             120140 kB
SReclaimable:      36300 kB
SUnreclaim:        83840 kB
KernelStack:       34000 kB
PageTables:        56284 kB
NFS_Unstable:          0 kB
Bounce:                0 kB
WritebackTmp:          0 kB
CommitLimit:     2172840 kB
Committed_AS:   93037496 kB
VmallocTotal:   251658176 kB
VmallocUsed:      136508 kB
VmallocChunk:   251413036 kB
Time pass: 40 sec

---2015-12-05 14:07:44
MemTotal:        2905316 kB
MemFree:           69480 kB
Buffers:           25916 kB
Cached:          1201040 kB
SwapCached:            0 kB
Active:          1299864 kB
Inactive:         842480 kB
Active(anon):     772804 kB
Inactive(anon):   179328 kB
Active(file):     527060 kB
Inactive(file):   663152 kB
Unevictable:        7488 kB
Mlocked:               0 kB
SwapTotal:        720184 kB
SwapFree:         720184 kB
Dirty:               320 kB
Writeback:             0 kB
AnonPages:        923016 kB
Mapped:           651416 kB
Shmem:             29176 kB
Slab:             120052 kB
SReclaimable:      36188 kB
SUnreclaim:        83864 kB
KernelStack:       34032 kB
PageTables:        56624 kB
NFS_Unstable:          0 kB
Bounce:                0 kB
WritebackTmp:          0 kB
CommitLimit:     2172840 kB
Committed_AS:   93055016 kB
VmallocTotal:   251658176 kB
VmallocUsed:      136764 kB
VmallocChunk:   251413036 kB
Time pass: 44 sec

---2015-12-05 14:07:44
MemTotal:        2905316 kB
MemFree:           77172 kB
Buffers:           25772 kB
Cached:          1175784 kB
SwapCached:            0 kB
Active:          1305704 kB
Inactive:         820016 kB
Active(anon):     777044 kB
Inactive(anon):   183808 kB
Active(file):     528660 kB
Inactive(file):   636208 kB
Unevictable:        7488 kB
Mlocked:               0 kB
SwapTotal:        720184 kB
SwapFree:         720184 kB
Dirty:               368 kB
Writeback:             0 kB
AnonPages:        931308 kB
Mapped:           657224 kB
Shmem:             29176 kB
Slab:             119844 kB
SReclaimable:      36076 kB
SUnreclaim:        83768 kB
KernelStack:       34032 kB
PageTables:        56748 kB
NFS_Unstable:          0 kB
Bounce:                0 kB
WritebackTmp:          0 kB
CommitLimit:     2172840 kB
Committed_AS:   93077332 kB
VmallocTotal:   251658176 kB
VmallocUsed:      136812 kB
VmallocChunk:   251413036 kB
Time pass: 48 sec

---2015-12-05 14:07:44
MemTotal:        2905316 kB
MemFree:           68352 kB
Buffers:           25752 kB
Cached:          1166456 kB
SwapCached:            0 kB
Active:          1331296 kB
Inactive:         811064 kB
Active(anon):     800432 kB
Inactive(anon):   186688 kB
Active(file):     530864 kB
Inactive(file):   624376 kB
Unevictable:        7488 kB
Mlocked:               0 kB
SwapTotal:        720184 kB
SwapFree:         720184 kB
Dirty:               716 kB
Writeback:             0 kB
AnonPages:        958340 kB
Mapped:           665868 kB
Shmem:             29240 kB
Slab:             117852 kB
SReclaimable:      33900 kB
SUnreclaim:        83952 kB
KernelStack:       34240 kB
PageTables:        56676 kB
NFS_Unstable:          0 kB
Bounce:                0 kB
WritebackTmp:          0 kB
CommitLimit:     2172840 kB
Committed_AS:   93118104 kB
VmallocTotal:   251658176 kB
VmallocUsed:      136804 kB
VmallocChunk:   251413036 kB
Time pass: 51 sec

---2015-12-05 14:07:44
MemTotal:        2905316 kB
MemFree:           76596 kB
Buffers:           23680 kB
Cached:          1117208 kB
SwapCached:            0 kB
Active:          1320684 kB
Inactive:         762572 kB
Active(anon):     780592 kB
Inactive(anon):   198592 kB
Active(file):     540092 kB
Inactive(file):   563980 kB
Unevictable:        7488 kB
Mlocked:               0 kB
SwapTotal:        720184 kB
SwapFree:         720184 kB
Dirty:                 4 kB
Writeback:             0 kB
AnonPages:        950128 kB
Mapped:           715424 kB
Shmem:             29240 kB
Slab:             120216 kB
SReclaimable:      36000 kB
SUnreclaim:        84216 kB
KernelStack:       34256 kB
PageTables:        56776 kB
NFS_Unstable:          0 kB
Bounce:                0 kB
WritebackTmp:          0 kB
CommitLimit:     2172840 kB
Committed_AS:   93110364 kB
VmallocTotal:   251658176 kB
VmallocUsed:      137212 kB
VmallocChunk:   251413036 kB
Time pass: 55 sec

---2015-12-05 14:07:44
MemTotal:        2905316 kB
MemFree:           75680 kB
Buffers:           23680 kB
Cached:          1117240 kB
SwapCached:            0 kB
Active:          1320676 kB
Inactive:         762664 kB
Active(anon):     780584 kB
Inactive(anon):   198584 kB
Active(file):     540092 kB
Inactive(file):   564080 kB
Unevictable:        7488 kB
Mlocked:               0 kB
SwapTotal:        720184 kB
SwapFree:         720184 kB
Dirty:                16 kB
Writeback:             0 kB
AnonPages:        950028 kB
Mapped:           715424 kB
Shmem:             29240 kB
Slab:             120456 kB
SReclaimable:      36096 kB
SUnreclaim:        84360 kB
KernelStack:       34288 kB
PageTables:        56800 kB
NFS_Unstable:          0 kB
Bounce:                0 kB
WritebackTmp:          0 kB
CommitLimit:     2172840 kB
Committed_AS:   93110408 kB
VmallocTotal:   251658176 kB
VmallocUsed:      137212 kB
VmallocChunk:   251413036 kB
Time pass: 59 sec

---2015-12-05 14:07:44
MemTotal:        2905316 kB
MemFree:           75056 kB
Buffers:           24396 kB
Cached:          1099020 kB
SwapCached:            0 kB
Active:          1324748 kB
Inactive:         743880 kB
Active(anon):     783184 kB
Inactive(anon):   198584 kB
Active(file):     541564 kB
Inactive(file):   545296 kB
Unevictable:        7488 kB
Mlocked:               0 kB
SwapTotal:        720184 kB
SwapFree:         720184 kB
Dirty:               260 kB
Writeback:             0 kB
AnonPages:        952312 kB
Mapped:           725304 kB
Shmem:             29240 kB
Slab:             120332 kB
SReclaimable:      36080 kB
SUnreclaim:        84252 kB
KernelStack:       34304 kB
PageTables:        56828 kB
NFS_Unstable:          0 kB
Bounce:                0 kB
WritebackTmp:          0 kB
CommitLimit:     2172840 kB
Committed_AS:   93111808 kB
VmallocTotal:   251658176 kB
VmallocUsed:      137332 kB
VmallocChunk:   251413036 kB
Time pass: 63 sec

---2015-12-05 14:07:44
MemTotal:        2905316 kB
MemFree:           72944 kB
Buffers:           24396 kB
Cached:          1100160 kB
SwapCached:            0 kB
Active:          1324868 kB
Inactive:         744876 kB
Active(anon):     783332 kB
Inactive(anon):   198584 kB
Active(file):     541536 kB
Inactive(file):   546292 kB
Unevictable:        7488 kB
Mlocked:               0 kB
SwapTotal:        720184 kB
SwapFree:         720184 kB
Dirty:                24 kB
Writeback:             0 kB
AnonPages:        952632 kB
Mapped:           726276 kB
Shmem:             29240 kB
Slab:             120404 kB
SReclaimable:      36208 kB
SUnreclaim:        84196 kB
KernelStack:       34208 kB
PageTables:        56840 kB
NFS_Unstable:          0 kB
Bounce:                0 kB
WritebackTmp:          0 kB
CommitLimit:     2172840 kB
Committed_AS:   93111768 kB
VmallocTotal:   251658176 kB
VmallocUsed:      137332 kB
VmallocChunk:   251413036 kB
Time pass: 66 sec

---2015-12-05 14:07:44
MemTotal:        2905316 kB
MemFree:           64156 kB
Buffers:           25472 kB
Cached:          1100568 kB
SwapCached:            0 kB
Active:          1333928 kB
Inactive:         745948 kB
Active(anon):     791980 kB
Inactive(anon):   198584 kB
Active(file):     541948 kB
Inactive(file):   547364 kB
Unevictable:        7488 kB
Mlocked:               0 kB
SwapTotal:        720184 kB
SwapFree:         720184 kB
Dirty:               416 kB
Writeback:             0 kB
AnonPages:        961792 kB
Mapped:           726328 kB
Shmem:             29240 kB
Slab:             120620 kB
SReclaimable:      36208 kB
SUnreclaim:        84412 kB
KernelStack:       34240 kB
PageTables:        56852 kB
NFS_Unstable:          0 kB
Bounce:                0 kB
WritebackTmp:          0 kB
CommitLimit:     2172840 kB
Committed_AS:   93122076 kB
VmallocTotal:   251658176 kB
VmallocUsed:      137332 kB
VmallocChunk:   251413036 kB
Time pass: 70 sec

---2015-12-05 14:07:44
MemTotal:        2905316 kB
MemFree:           73784 kB
Buffers:           25272 kB
Cached:          1073912 kB
SwapCached:            0 kB
Active:          1317512 kB
Inactive:         728056 kB
Active(anon):     788732 kB
Inactive(anon):   199320 kB
Active(file):     528780 kB
Inactive(file):   528736 kB
Unevictable:       12456 kB
Mlocked:               0 kB
SwapTotal:        720184 kB
SwapFree:         720156 kB
Dirty:               652 kB
Writeback:             0 kB
AnonPages:        958952 kB
Mapped:           733636 kB
Shmem:             29212 kB
Slab:             120820 kB
SReclaimable:      36208 kB
SUnreclaim:        84612 kB
KernelStack:       34288 kB
PageTables:        56764 kB
NFS_Unstable:          0 kB
Bounce:                0 kB
WritebackTmp:          0 kB
CommitLimit:     2172840 kB
Committed_AS:   93122944 kB
VmallocTotal:   251658176 kB
VmallocUsed:      137508 kB
VmallocChunk:   251413036 kB
Time pass: 74 sec

---2015-12-05 14:07:44
MemTotal:        2905316 kB
MemFree:           65824 kB
Buffers:           25172 kB
Cached:          1058552 kB
SwapCached:            0 kB
Active:          1331912 kB
Inactive:         723304 kB
Active(anon):     811064 kB
Inactive(anon):   202356 kB
Active(file):     520848 kB
Inactive(file):   520948 kB
Unevictable:       12456 kB
Mlocked:               0 kB
SwapTotal:        720184 kB
SwapFree:         720156 kB
Dirty:               248 kB
Writeback:             0 kB
AnonPages:        984188 kB
Mapped:           737264 kB
Shmem:             29284 kB
Slab:             119432 kB
SReclaimable:      34944 kB
SUnreclaim:        84488 kB
KernelStack:       34688 kB
PageTables:        56924 kB
NFS_Unstable:          0 kB
Bounce:                0 kB
WritebackTmp:          0 kB
CommitLimit:     2172840 kB
Committed_AS:   93170360 kB
VmallocTotal:   251658176 kB
VmallocUsed:      139956 kB
VmallocChunk:   251413036 kB
Time pass: 77 sec

---2015-12-05 14:07:44
MemTotal:        2905316 kB
MemFree:           68076 kB
Buffers:           24956 kB
Cached:          1018652 kB
SwapCached:            0 kB
Active:          1313064 kB
Inactive:         703896 kB
Active(anon):     812200 kB
Inactive(anon):   203272 kB
Active(file):     500864 kB
Inactive(file):   500624 kB
Unevictable:       12456 kB
Mlocked:               0 kB
SwapTotal:        720184 kB
SwapFree:         720156 kB
Dirty:                12 kB
Writeback:             0 kB
AnonPages:        986196 kB
Mapped:           734652 kB
Shmem:             29528 kB
Slab:             119784 kB
SReclaimable:      35248 kB
SUnreclaim:        84536 kB
KernelStack:       34512 kB
PageTables:        57092 kB
NFS_Unstable:          0 kB
Bounce:                0 kB
WritebackTmp:          0 kB
CommitLimit:     2172840 kB
Committed_AS:   93198476 kB
VmallocTotal:   251658176 kB
VmallocUsed:      139968 kB
VmallocChunk:   251413036 kB
Time pass: 81 sec

---2015-12-05 14:07:44
MemTotal:        2905316 kB
MemFree:           65404 kB
Buffers:           24980 kB
Cached:          1018636 kB
SwapCached:            0 kB
Active:          1315376 kB
Inactive:         704020 kB
Active(anon):     814560 kB
Inactive(anon):   203280 kB
Active(file):     500816 kB
Inactive(file):   500740 kB
Unevictable:       12456 kB
Mlocked:               0 kB
SwapTotal:        720184 kB
SwapFree:         720156 kB
Dirty:                16 kB
Writeback:             0 kB
AnonPages:        988488 kB
Mapped:           734748 kB
Shmem:             29604 kB
Slab:             120708 kB
SReclaimable:      36160 kB
SUnreclaim:        84548 kB
KernelStack:       34448 kB
PageTables:        57248 kB
NFS_Unstable:          0 kB
Bounce:                0 kB
WritebackTmp:          0 kB
CommitLimit:     2172840 kB
Committed_AS:   93200988 kB
VmallocTotal:   251658176 kB
VmallocUsed:      139968 kB
VmallocChunk:   251413036 kB
Time pass: 85 sec

---2015-12-05 14:07:44
MemTotal:        2905316 kB
MemFree:           64136 kB
Buffers:           24980 kB
Cached:          1018660 kB
SwapCached:            0 kB
Active:          1316348 kB
Inactive:         704024 kB
Active(anon):     815516 kB
Inactive(anon):   203280 kB
Active(file):     500832 kB
Inactive(file):   500744 kB
Unevictable:       12456 kB
Mlocked:               0 kB
SwapTotal:        720184 kB
SwapFree:         720156 kB
Dirty:                40 kB
Writeback:             0 kB
AnonPages:        989020 kB
Mapped:           734756 kB
Shmem:             29608 kB
Slab:             120756 kB
SReclaimable:      36160 kB
SUnreclaim:        84596 kB
KernelStack:       34480 kB
PageTables:        57260 kB
NFS_Unstable:          0 kB
Bounce:                0 kB
WritebackTmp:          0 kB
CommitLimit:     2172840 kB
Committed_AS:   93201768 kB
VmallocTotal:   251658176 kB
VmallocUsed:      139968 kB
VmallocChunk:   251413036 kB
Time pass: 89 sec

---2015-12-05 14:07:44
MemTotal:        2905316 kB
MemFree:           63608 kB
Buffers:           25004 kB
Cached:          1018944 kB
SwapCached:            0 kB
Active:          1316656 kB
Inactive:         704276 kB
Active(anon):     815792 kB
Inactive(anon):   203512 kB
Active(file):     500864 kB
Inactive(file):   500764 kB
Unevictable:       12456 kB
Mlocked:               0 kB
SwapTotal:        720184 kB
SwapFree:         720156 kB
Dirty:               128 kB
Writeback:             0 kB
AnonPages:        989792 kB
Mapped:           735004 kB
Shmem:             29840 kB
Slab:             120912 kB
SReclaimable:      36160 kB
SUnreclaim:        84752 kB
KernelStack:       34480 kB
PageTables:        57252 kB
NFS_Unstable:          0 kB
Bounce:                0 kB
WritebackTmp:          0 kB
CommitLimit:     2172840 kB
Committed_AS:   93201728 kB
VmallocTotal:   251658176 kB
VmallocUsed:      139968 kB
VmallocChunk:   251413036 kB
Time pass: 92 sec

---2015-12-05 14:07:44
MemTotal:        2905316 kB
MemFree:           62696 kB
Buffers:           25004 kB
Cached:          1018972 kB
SwapCached:            0 kB
Active:          1317216 kB
Inactive:         704296 kB
Active(anon):     816320 kB
Inactive(anon):   203512 kB
Active(file):     500896 kB
Inactive(file):   500784 kB
Unevictable:       12456 kB
Mlocked:               0 kB
SwapTotal:        720184 kB
SwapFree:         720156 kB
Dirty:                12 kB
Writeback:             0 kB
AnonPages:        990016 kB
Mapped:           735044 kB
Shmem:             29840 kB
Slab:             120828 kB
SReclaimable:      36160 kB
SUnreclaim:        84668 kB
KernelStack:       34512 kB
PageTables:        57236 kB
NFS_Unstable:          0 kB
Bounce:                0 kB
WritebackTmp:          0 kB
CommitLimit:     2172840 kB
Committed_AS:   93201744 kB
VmallocTotal:   251658176 kB
VmallocUsed:      139968 kB
VmallocChunk:   251413036 kB
Time pass: 96 sec

---2015-12-05 14:07:44
MemTotal:        2905316 kB
MemFree:           76328 kB
Buffers:           24948 kB
Cached:          1003136 kB
SwapCached:            0 kB
Active:          1312828 kB
Inactive:         699492 kB
Active(anon):     821456 kB
Inactive(anon):   205304 kB
Active(file):     491372 kB
Inactive(file):   494188 kB
Unevictable:       12456 kB
Mlocked:               0 kB
SwapTotal:        720184 kB
SwapFree:         720156 kB
Dirty:                16 kB
Writeback:            36 kB
AnonPages:        997024 kB
Mapped:           729820 kB
Shmem:             29788 kB
Slab:             118272 kB
SReclaimable:      33456 kB
SUnreclaim:        84816 kB
KernelStack:       34512 kB
PageTables:        57344 kB
NFS_Unstable:          0 kB
Bounce:                0 kB
WritebackTmp:          0 kB
CommitLimit:     2172840 kB
Committed_AS:   96647416 kB
VmallocTotal:   251658176 kB
VmallocUsed:      140988 kB
VmallocChunk:   251413036 kB
Time pass: 100 sec

---2015-12-05 14:07:44
MemTotal:        2905316 kB
MemFree:          364920 kB
Buffers:           25020 kB
Cached:          1005044 kB
SwapCached:            0 kB
Active:          1215196 kB
Inactive:         701512 kB
Active(anon):     723600 kB
Inactive(anon):   204960 kB
Active(file):     491596 kB
Inactive(file):   496552 kB
Unevictable:       12456 kB
Mlocked:               0 kB
SwapTotal:        720184 kB
SwapFree:         720156 kB
Dirty:               640 kB
Writeback:             0 kB
AnonPages:        899196 kB
Mapped:           542236 kB
Shmem:             29456 kB
Slab:             120620 kB
SReclaimable:      35968 kB
SUnreclaim:        84652 kB
KernelStack:       32768 kB
PageTables:        54616 kB
NFS_Unstable:          0 kB
Bounce:                0 kB
WritebackTmp:          0 kB
CommitLimit:     2172840 kB
Committed_AS:   91577144 kB
VmallocTotal:   251658176 kB
VmallocUsed:      136264 kB
VmallocChunk:   251442732 kB
Time pass: 103 sec

---2015-12-05 14:07:44
MemTotal:        2905316 kB
MemFree:          264568 kB
Buffers:           25260 kB
Cached:          1007872 kB
SwapCached:            0 kB
Active:          1242844 kB
Inactive:         702396 kB
Active(anon):     749208 kB
Inactive(anon):   205092 kB
Active(file):     493636 kB
Inactive(file):   497304 kB
Unevictable:       12456 kB
Mlocked:               0 kB
SwapTotal:        720184 kB
SwapFree:         720156 kB
Dirty:              1712 kB
Writeback:             0 kB
AnonPages:        925372 kB
Mapped:           613960 kB
Shmem:             29596 kB
Slab:             120532 kB
SReclaimable:      35968 kB
SUnreclaim:        84564 kB
KernelStack:       33904 kB
PageTables:        55764 kB
NFS_Unstable:          0 kB
Bounce:                0 kB
WritebackTmp:          0 kB
CommitLimit:     2172840 kB
Committed_AS:   92403192 kB
VmallocTotal:   251658176 kB
VmallocUsed:      137912 kB
VmallocChunk:   251442732 kB
Time pass: 107 sec

---2015-12-05 14:07:44
MemTotal:        2905316 kB
MemFree:          173976 kB
Buffers:           25268 kB
Cached:          1009476 kB
SwapCached:            0 kB
Active:          1262564 kB
Inactive:         702408 kB
Active(anon):     767248 kB
Inactive(anon):   205156 kB
Active(file):     495316 kB
Inactive(file):   497252 kB
Unevictable:       12456 kB
Mlocked:               0 kB
SwapTotal:        720184 kB
SwapFree:         720156 kB
Dirty:              1436 kB
Writeback:             0 kB
AnonPages:        943028 kB
Mapped:           669120 kB
Shmem:             29656 kB
Slab:             120508 kB
SReclaimable:      35968 kB
SUnreclaim:        84540 kB
KernelStack:       33888 kB
PageTables:        56084 kB
NFS_Unstable:          0 kB
Bounce:                0 kB
WritebackTmp:          0 kB
CommitLimit:     2172840 kB
Committed_AS:   92442116 kB
VmallocTotal:   251658176 kB
VmallocUsed:      138460 kB
VmallocChunk:   251442732 kB
Time pass: 111 sec

---2015-12-05 14:07:44
MemTotal:        2905316 kB
MemFree:          171648 kB
Buffers:           25268 kB
Cached:          1009596 kB
SwapCached:            0 kB
Active:          1254932 kB
Inactive:         702420 kB
Active(anon):     759448 kB
Inactive(anon):   205156 kB
Active(file):     495484 kB
Inactive(file):   497264 kB
Unevictable:       12456 kB
Mlocked:               0 kB
SwapTotal:        720184 kB
SwapFree:         720156 kB
Dirty:                20 kB
Writeback:             0 kB
AnonPages:        934956 kB
Mapped:           678064 kB
Shmem:             29656 kB
Slab:             120452 kB
SReclaimable:      35972 kB
SUnreclaim:        84480 kB
KernelStack:       33856 kB
PageTables:        56124 kB
NFS_Unstable:          0 kB
Bounce:                0 kB
WritebackTmp:          0 kB
CommitLimit:     2172840 kB
Committed_AS:   92442100 kB
VmallocTotal:   251658176 kB
VmallocUsed:      138532 kB
VmallocChunk:   251442732 kB
Time pass: 115 sec

---2015-12-05 14:07:44
MemTotal:        2905316 kB
MemFree:          152088 kB
Buffers:           25276 kB
Cached:          1009736 kB
SwapCached:            0 kB
Active:          1257388 kB
Inactive:         702372 kB
Active(anon):     761704 kB
Inactive(anon):   205156 kB
Active(file):     495684 kB
Inactive(file):   497216 kB
Unevictable:       12456 kB
Mlocked:               0 kB
SwapTotal:        720184 kB
SwapFree:         720156 kB
Dirty:               216 kB
Writeback:             0 kB
AnonPages:        937160 kB
Mapped:           687828 kB
Shmem:             29656 kB
Slab:             120568 kB
SReclaimable:      35972 kB
SUnreclaim:        84596 kB
KernelStack:       33856 kB
PageTables:        56156 kB
NFS_Unstable:          0 kB
Bounce:                0 kB
WritebackTmp:          0 kB
CommitLimit:     2172840 kB
Committed_AS:   92443512 kB
VmallocTotal:   251658176 kB
VmallocUsed:      136240 kB
VmallocChunk:   251442732 kB
Time pass: 119 sec

---2015-12-05 14:07:44
MemTotal:        2905316 kB
MemFree:          120044 kB
Buffers:           25284 kB
Cached:          1009784 kB
SwapCached:            0 kB
Active:          1263456 kB
Inactive:         702400 kB
Active(anon):     767744 kB
Inactive(anon):   205156 kB
Active(file):     495712 kB
Inactive(file):   497244 kB
Unevictable:       12456 kB
Mlocked:               0 kB
SwapTotal:        720184 kB
SwapFree:         720156 kB
Dirty:               540 kB
Writeback:             0 kB
AnonPages:        943344 kB
Mapped:           699220 kB
Shmem:             29656 kB
Slab:             120624 kB
SReclaimable:      35972 kB
SUnreclaim:        84652 kB
KernelStack:       33904 kB
PageTables:        56164 kB
NFS_Unstable:          0 kB
Bounce:                0 kB
WritebackTmp:          0 kB
CommitLimit:     2172840 kB
Committed_AS:   92446880 kB
VmallocTotal:   251658176 kB
VmallocUsed:      136416 kB
VmallocChunk:   251442732 kB
Time pass: 122 sec

---2015-12-05 14:07:44
MemTotal:        2905316 kB
MemFree:          117968 kB
Buffers:           25292 kB
Cached:          1009800 kB
SwapCached:            0 kB
Active:          1263700 kB
Inactive:         702416 kB
Active(anon):     767980 kB
Inactive(anon):   205156 kB
Active(file):     495720 kB
Inactive(file):   497260 kB
Unevictable:       12456 kB
Mlocked:               0 kB
SwapTotal:        720184 kB
SwapFree:         720156 kB
Dirty:                 0 kB
Writeback:           100 kB
AnonPages:        943300 kB
Mapped:           700960 kB
Shmem:             29656 kB
Slab:             120500 kB
SReclaimable:      35972 kB
SUnreclaim:        84528 kB
KernelStack:       33856 kB
PageTables:        56136 kB
NFS_Unstable:          0 kB
Bounce:                0 kB
WritebackTmp:          0 kB
CommitLimit:     2172840 kB
Committed_AS:   92447328 kB
VmallocTotal:   251658176 kB
VmallocUsed:      136440 kB
VmallocChunk:   251442732 kB
Time pass: 126 sec

---2015-12-05 14:07:44
MemTotal:        2905316 kB
MemFree:          118496 kB
Buffers:           25292 kB
Cached:          1009808 kB
SwapCached:            0 kB
Active:          1263308 kB
Inactive:         702424 kB
Active(anon):     767588 kB
Inactive(anon):   205156 kB
Active(file):     495720 kB
Inactive(file):   497268 kB
Unevictable:       12456 kB
Mlocked:               0 kB
SwapTotal:        720184 kB
SwapFree:         720156 kB
Dirty:                48 kB
Writeback:             0 kB
AnonPages:        943144 kB
Mapped:           700976 kB
Shmem:             29656 kB
Slab:             120644 kB
SReclaimable:      35972 kB
SUnreclaim:        84672 kB
KernelStack:       33856 kB
PageTables:        56140 kB
NFS_Unstable:          0 kB
Bounce:                0 kB
WritebackTmp:          0 kB
CommitLimit:     2172840 kB
Committed_AS:   92447316 kB
VmallocTotal:   251658176 kB
VmallocUsed:      136440 kB
VmallocChunk:   251442732 kB
Time pass: 130 sec

---2015-12-05 14:07:44
MemTotal:        2905316 kB
MemFree:          107140 kB
Buffers:           25304 kB
Cached:          1014008 kB
SwapCached:            0 kB
Active:          1269460 kB
Inactive:         706472 kB
Active(anon):     773704 kB
Inactive(anon):   205156 kB
Active(file):     495756 kB
Inactive(file):   501316 kB
Unevictable:       12456 kB
Mlocked:               0 kB
SwapTotal:        720184 kB
SwapFree:         720156 kB
Dirty:                76 kB
Writeback:             0 kB
AnonPages:        949284 kB
Mapped:           702540 kB
Shmem:             29656 kB
Slab:             120664 kB
SReclaimable:      35972 kB
SUnreclaim:        84692 kB
KernelStack:       33920 kB
PageTables:        56192 kB
NFS_Unstable:          0 kB
Bounce:                0 kB
WritebackTmp:          0 kB
CommitLimit:     2172840 kB
Committed_AS:   92454364 kB
VmallocTotal:   251658176 kB
VmallocUsed:      136440 kB
VmallocChunk:   251442732 kB
Time pass: 133 sec

---2015-12-05 14:07:44
MemTotal:        2905316 kB
MemFree:           91268 kB
Buffers:           25344 kB
Cached:          1014276 kB
SwapCached:            0 kB
Active:          1283168 kB
Inactive:         705836 kB
Active(anon):     786344 kB
Inactive(anon):   205284 kB
Active(file):     496824 kB
Inactive(file):   500552 kB
Unevictable:       12456 kB
Mlocked:               0 kB
SwapTotal:        720184 kB
SwapFree:         720156 kB
Dirty:               208 kB
Writeback:             0 kB
AnonPages:        962148 kB
Mapped:           705900 kB
Shmem:             29788 kB
Slab:             120596 kB
SReclaimable:      35972 kB
SUnreclaim:        84624 kB
KernelStack:       34288 kB
PageTables:        56424 kB
NFS_Unstable:          0 kB
Bounce:                0 kB
WritebackTmp:          0 kB
CommitLimit:     2172840 kB
Committed_AS:   92491096 kB
VmallocTotal:   251658176 kB
VmallocUsed:      138888 kB
VmallocChunk:   251442732 kB
Time pass: 137 sec

---2015-12-05 14:07:44
MemTotal:        2905316 kB
MemFree:           90748 kB
Buffers:           25344 kB
Cached:          1014460 kB
SwapCached:            0 kB
Active:          1284884 kB
Inactive:         706000 kB
Active(anon):     788040 kB
Inactive(anon):   205452 kB
Active(file):     496844 kB
Inactive(file):   500548 kB
Unevictable:       12456 kB
Mlocked:               0 kB
SwapTotal:        720184 kB
SwapFree:         720156 kB
Dirty:                12 kB
Writeback:             0 kB
AnonPages:        963496 kB
Mapped:           706152 kB
Shmem:             29956 kB
Slab:             120576 kB
SReclaimable:      35972 kB
SUnreclaim:        84604 kB
KernelStack:       34288 kB
PageTables:        56520 kB
NFS_Unstable:          0 kB
Bounce:                0 kB
WritebackTmp:          0 kB
CommitLimit:     2172840 kB
Committed_AS:   92518436 kB
VmallocTotal:   251658176 kB
VmallocUsed:      138888 kB
VmallocChunk:   251442732 kB
Time pass: 141 sec

---2015-12-05 14:07:44
MemTotal:        2905316 kB
MemFree:           89080 kB
Buffers:           25352 kB
Cached:          1014700 kB
SwapCached:            0 kB
Active:          1285608 kB
Inactive:         706240 kB
Active(anon):     788756 kB
Inactive(anon):   205684 kB
Active(file):     496852 kB
Inactive(file):   500556 kB
Unevictable:       12456 kB
Mlocked:               0 kB
SwapTotal:        720184 kB
SwapFree:         720156 kB
Dirty:                96 kB
Writeback:             0 kB
AnonPages:        964484 kB
Mapped:           706384 kB
Shmem:             30188 kB
Slab:             120620 kB
SReclaimable:      35972 kB
SUnreclaim:        84648 kB
KernelStack:       34320 kB
PageTables:        56564 kB
NFS_Unstable:          0 kB
Bounce:                0 kB
WritebackTmp:          0 kB
CommitLimit:     2172840 kB
Committed_AS:   92518992 kB
VmallocTotal:   251658176 kB
VmallocUsed:      138888 kB
VmallocChunk:   251442732 kB
Time pass: 145 sec

---2015-12-05 14:07:44
MemTotal:        2905316 kB
MemFree:           88488 kB
Buffers:           25360 kB
Cached:          1014736 kB
SwapCached:            0 kB
Active:          1285648 kB
Inactive:         706272 kB
Active(anon):     788788 kB
Inactive(anon):   205712 kB
Active(file):     496860 kB
Inactive(file):   500560 kB
Unevictable:       12456 kB
Mlocked:               0 kB
SwapTotal:        720184 kB
SwapFree:         720156 kB
Dirty:                32 kB
Writeback:             0 kB
AnonPages:        964372 kB
Mapped:           706412 kB
Shmem:             30216 kB
Slab:             120752 kB
SReclaimable:      35972 kB
SUnreclaim:        84780 kB
KernelStack:       34304 kB
PageTables:        56524 kB
NFS_Unstable:          0 kB
Bounce:                0 kB
WritebackTmp:          0 kB
CommitLimit:     2172840 kB
Committed_AS:   92519000 kB
VmallocTotal:   251658176 kB
VmallocUsed:      138888 kB
VmallocChunk:   251442732 kB
Time pass: 149 sec

---2015-12-05 14:07:44
MemTotal:        2905316 kB
MemFree:           81676 kB
Buffers:           25400 kB
Cached:          1014320 kB
SwapCached:            0 kB
Active:          1293608 kB
Inactive:         705696 kB
Active(anon):     796540 kB
Inactive(anon):   205216 kB
Active(file):     497068 kB
Inactive(file):   500480 kB
Unevictable:       12456 kB
Mlocked:               0 kB
SwapTotal:        720184 kB
SwapFree:         720156 kB
Dirty:               172 kB
Writeback:             0 kB
AnonPages:        972236 kB
Mapped:           707372 kB
Shmem:             29716 kB
Slab:             120772 kB
SReclaimable:      35972 kB
SUnreclaim:        84800 kB
KernelStack:       34144 kB
PageTables:        56384 kB
NFS_Unstable:          0 kB
Bounce:                0 kB
WritebackTmp:          0 kB
CommitLimit:     2172840 kB
Committed_AS:   92510464 kB
VmallocTotal:   251658176 kB
VmallocUsed:      138888 kB
VmallocChunk:   251442732 kB
Time pass: 152 sec

---2015-12-05 14:07:44
MemTotal:        2905316 kB
MemFree:           75488 kB
Buffers:           25432 kB
Cached:          1014696 kB
SwapCached:            0 kB
Active:          1298840 kB
Inactive:         706024 kB
Active(anon):     801696 kB
Inactive(anon):   205420 kB
Active(file):     497144 kB
Inactive(file):   500604 kB
Unevictable:       12456 kB
Mlocked:               0 kB
SwapTotal:        720184 kB
SwapFree:         720156 kB
Dirty:                20 kB
Writeback:             0 kB
AnonPages:        977288 kB
Mapped:           707860 kB
Shmem:             29924 kB
Slab:             120668 kB
SReclaimable:      36004 kB
SUnreclaim:        84664 kB
KernelStack:       34304 kB
PageTables:        56564 kB
NFS_Unstable:          0 kB
Bounce:                0 kB
WritebackTmp:          0 kB
CommitLimit:     2172840 kB
Committed_AS:   92537832 kB
VmallocTotal:   251658176 kB
VmallocUsed:      138888 kB
VmallocChunk:   251442732 kB
Time pass: 156 sec

---2015-12-05 14:07:44
MemTotal:        2905316 kB
MemFree:           74588 kB
Buffers:           25432 kB
Cached:          1014736 kB
SwapCached:            0 kB
Active:          1299548 kB
Inactive:         706044 kB
Active(anon):     802384 kB
Inactive(anon):   205444 kB
Active(file):     497164 kB
Inactive(file):   500600 kB
Unevictable:       12456 kB
Mlocked:               0 kB
SwapTotal:        720184 kB
SwapFree:         720156 kB
Dirty:                40 kB
Writeback:             0 kB
AnonPages:        978036 kB
Mapped:           707896 kB
Shmem:             29948 kB
Slab:             120808 kB
SReclaimable:      36004 kB
SUnreclaim:        84804 kB
KernelStack:       34288 kB
PageTables:        56560 kB
NFS_Unstable:          0 kB
Bounce:                0 kB
WritebackTmp:          0 kB
CommitLimit:     2172840 kB
Committed_AS:   92537844 kB
VmallocTotal:   251658176 kB
VmallocUsed:      138888 kB
VmallocChunk:   251442732 kB
Time pass: 160 sec

---2015-12-05 14:07:44
MemTotal:        2905316 kB
MemFree:           73904 kB
Buffers:           25448 kB
Cached:          1014820 kB
SwapCached:            0 kB
Active:          1300188 kB
Inactive:         706124 kB
Active(anon):     803004 kB
Inactive(anon):   205504 kB
Active(file):     497184 kB
Inactive(file):   500620 kB
Unevictable:       12456 kB
Mlocked:               0 kB
SwapTotal:        720184 kB
SwapFree:         720156 kB
Dirty:               116 kB
Writeback:             0 kB
AnonPages:        978452 kB
Mapped:           707992 kB
Shmem:             30008 kB
Slab:             120704 kB
SReclaimable:      36004 kB
SUnreclaim:        84700 kB
KernelStack:       34304 kB
PageTables:        56568 kB
NFS_Unstable:          0 kB
Bounce:                0 kB
WritebackTmp:          0 kB
CommitLimit:     2172840 kB
Committed_AS:   92537844 kB
VmallocTotal:   251658176 kB
VmallocUsed:      138888 kB
VmallocChunk:   251442732 kB
Time pass: 164 sec

---2015-12-05 14:07:44
MemTotal:        2905316 kB
MemFree:           74104 kB
Buffers:           25456 kB
Cached:          1014832 kB
SwapCached:            0 kB
Active:          1299608 kB
Inactive:         706140 kB
Active(anon):     802420 kB
Inactive(anon):   205524 kB
Active(file):     497188 kB
Inactive(file):   500616 kB
Unevictable:       12456 kB
Mlocked:               0 kB
SwapTotal:        720184 kB
SwapFree:         720156 kB
Dirty:                 8 kB
Writeback:             0 kB
AnonPages:        978056 kB
Mapped:           708020 kB
Shmem:             30028 kB
Slab:             120648 kB
SReclaimable:      36004 kB
SUnreclaim:        84644 kB
KernelStack:       34288 kB
PageTables:        56564 kB
NFS_Unstable:          0 kB
Bounce:                0 kB
WritebackTmp:          0 kB
CommitLimit:     2172840 kB
Committed_AS:   92537820 kB
VmallocTotal:   251658176 kB
VmallocUsed:      138888 kB
VmallocChunk:   251442732 kB
Time pass: 167 sec

---2015-12-05 14:07:44
MemTotal:        2905316 kB
MemFree:           80312 kB
Buffers:           25472 kB
Cached:          1014664 kB
SwapCached:            0 kB
Active:          1295088 kB
Inactive:         705928 kB
Active(anon):     797852 kB
Inactive(anon):   205276 kB
Active(file):     497236 kB
Inactive(file):   500652 kB
Unevictable:       12456 kB
Mlocked:               0 kB
SwapTotal:        720184 kB
SwapFree:         720156 kB
Dirty:               140 kB
Writeback:             0 kB
AnonPages:        973456 kB
Mapped:           708332 kB
Shmem:             29776 kB
Slab:             120652 kB
SReclaimable:      36004 kB
SUnreclaim:        84648 kB
KernelStack:       34064 kB
PageTables:        56936 kB
NFS_Unstable:          0 kB
Bounce:                0 kB
WritebackTmp:          0 kB
CommitLimit:     2172840 kB
Committed_AS:   93264036 kB
VmallocTotal:   251658176 kB
VmallocUsed:      139908 kB
VmallocChunk:   251442732 kB
Time pass: 171 sec

---2015-12-05 14:07:44
MemTotal:        2905316 kB
MemFree:           79488 kB
Buffers:           25480 kB
Cached:          1014676 kB
SwapCached:            0 kB
Active:          1295088 kB
Inactive:         705944 kB
Active(anon):     797836 kB
Inactive(anon):   205276 kB
Active(file):     497252 kB
Inactive(file):   500668 kB
Unevictable:       12456 kB
Mlocked:               0 kB
SwapTotal:        720184 kB
SwapFree:         720156 kB
Dirty:                48 kB
Writeback:             0 kB
AnonPages:        973468 kB
Mapped:           708336 kB
Shmem:             29776 kB
Slab:             120664 kB
SReclaimable:      36020 kB
SUnreclaim:        84644 kB
KernelStack:       34064 kB
PageTables:        56952 kB
NFS_Unstable:          0 kB
Bounce:                0 kB
WritebackTmp:          0 kB
CommitLimit:     2172840 kB
Committed_AS:   93264012 kB
VmallocTotal:   251658176 kB
VmallocUsed:      139876 kB
VmallocChunk:   251442732 kB
Time pass: 175 sec

---2015-12-05 14:07:44
MemTotal:        2905316 kB
MemFree:           79460 kB
Buffers:           25480 kB
Cached:          1014724 kB
SwapCached:            0 kB
Active:          1295772 kB
Inactive:         705980 kB
Active(anon):     798508 kB
Inactive(anon):   205276 kB
Active(file):     497264 kB
Inactive(file):   500704 kB
Unevictable:       12456 kB
Mlocked:               0 kB
SwapTotal:        720184 kB
SwapFree:         720156 kB
Dirty:                76 kB
Writeback:             0 kB
AnonPages:        974180 kB
Mapped:           708356 kB
Shmem:             29776 kB
Slab:             120688 kB
SReclaimable:      36036 kB
SUnreclaim:        84652 kB
KernelStack:       34064 kB
PageTables:        56952 kB
NFS_Unstable:          0 kB
Bounce:                0 kB
WritebackTmp:          0 kB
CommitLimit:     2172840 kB
Committed_AS:   93264024 kB
VmallocTotal:   251658176 kB
VmallocUsed:      139876 kB
VmallocChunk:   251442732 kB
Time pass: 179 sec

---2015-12-05 14:07:44
MemTotal:        2905316 kB
MemFree:           78520 kB
Buffers:           25488 kB
Cached:          1014732 kB
SwapCached:            0 kB
Active:          1296132 kB
Inactive:         705984 kB
Active(anon):     798860 kB
Inactive(anon):   205276 kB
Active(file):     497272 kB
Inactive(file):   500708 kB
Unevictable:       12456 kB
Mlocked:               0 kB
SwapTotal:        720184 kB
SwapFree:         720156 kB
Dirty:                 8 kB
Writeback:             0 kB
AnonPages:        974344 kB
Mapped:           708352 kB
Shmem:             29776 kB
Slab:             120668 kB
SReclaimable:      36036 kB
SUnreclaim:        84632 kB
KernelStack:       34064 kB
PageTables:        56960 kB
NFS_Unstable:          0 kB
Bounce:                0 kB
WritebackTmp:          0 kB
CommitLimit:     2172840 kB
Committed_AS:   93264008 kB
VmallocTotal:   251658176 kB
VmallocUsed:      139876 kB
VmallocChunk:   251442732 kB
Time pass: 183 sec

---2015-12-05 14:07:44
MemTotal:        2905316 kB
MemFree:           75380 kB
Buffers:           25496 kB
Cached:          1014744 kB
SwapCached:            0 kB
Active:          1299148 kB
Inactive:         706000 kB
Active(anon):     801872 kB
Inactive(anon):   205276 kB
Active(file):     497276 kB
Inactive(file):   500724 kB
Unevictable:       12456 kB
Mlocked:               0 kB
SwapTotal:        720184 kB
SwapFree:         720156 kB
Dirty:                44 kB
Writeback:             0 kB
AnonPages:        977584 kB
Mapped:           708420 kB
Shmem:             29776 kB
Slab:             120684 kB
SReclaimable:      36036 kB
SUnreclaim:        84648 kB
KernelStack:       34080 kB
PageTables:        56992 kB
NFS_Unstable:          0 kB
Bounce:                0 kB
WritebackTmp:          0 kB
CommitLimit:     2172840 kB
Committed_AS:   93265196 kB
VmallocTotal:   251658176 kB
VmallocUsed:      137460 kB
VmallocChunk:   251442732 kB
Time pass: 186 sec

---2015-12-05 14:07:44
MemTotal:        2905316 kB
MemFree:           72628 kB
Buffers:           25544 kB
Cached:          1008540 kB
SwapCached:            0 kB
Active:          1307464 kB
Inactive:         701340 kB
Active(anon):     811684 kB
Inactive(anon):   205460 kB
Active(file):     495780 kB
Inactive(file):   495880 kB
Unevictable:       12456 kB
Mlocked:               0 kB
SwapTotal:        720184 kB
SwapFree:         720156 kB
Dirty:               212 kB
Writeback:             0 kB
AnonPages:        987296 kB
Mapped:           708792 kB
Shmem:             29964 kB
Slab:             120852 kB
SReclaimable:      35988 kB
SUnreclaim:        84864 kB
KernelStack:       34400 kB
PageTables:        57148 kB
NFS_Unstable:          0 kB
Bounce:                0 kB
WritebackTmp:          0 kB
CommitLimit:     2172840 kB
Committed_AS:   93299364 kB
VmallocTotal:   251658176 kB
VmallocUsed:      139908 kB
VmallocChunk:   251442732 kB
Time pass: 190 sec

---2015-12-05 14:07:44
MemTotal:        2905316 kB
MemFree:           72296 kB
Buffers:           25544 kB
Cached:          1008572 kB
SwapCached:            0 kB
Active:          1308140 kB
Inactive:         701360 kB
Active(anon):     812344 kB
Inactive(anon):   205476 kB
Active(file):     495796 kB
Inactive(file):   495884 kB
Unevictable:       12456 kB
Mlocked:               0 kB
SwapTotal:        720184 kB
SwapFree:         720156 kB
Dirty:                16 kB
Writeback:             0 kB
AnonPages:        987968 kB
Mapped:           708832 kB
Shmem:             29980 kB
Slab:             120704 kB
SReclaimable:      35988 kB
SUnreclaim:        84716 kB
KernelStack:       34368 kB
PageTables:        57140 kB
NFS_Unstable:          0 kB
Bounce:                0 kB
WritebackTmp:          0 kB
CommitLimit:     2172840 kB
Committed_AS:   93299372 kB
VmallocTotal:   251658176 kB
VmallocUsed:      139908 kB
VmallocChunk:   251442732 kB
Time pass: 194 sec

---2015-12-05 14:07:44
MemTotal:        2905316 kB
MemFree:           71888 kB
Buffers:           25552 kB
Cached:          1008588 kB
SwapCached:            0 kB
Active:          1307888 kB
Inactive:         701380 kB
Active(anon):     812088 kB
Inactive(anon):   205492 kB
Active(file):     495800 kB
Inactive(file):   495888 kB
Unevictable:       12456 kB
Mlocked:               0 kB
SwapTotal:        720184 kB
SwapFree:         720156 kB
Dirty:                16 kB
Writeback:             0 kB
AnonPages:        987580 kB
Mapped:           708992 kB
Shmem:             29996 kB
Slab:             120724 kB
SReclaimable:      35988 kB
SUnreclaim:        84736 kB
KernelStack:       34400 kB
PageTables:        57148 kB
NFS_Unstable:          0 kB
Bounce:                0 kB
WritebackTmp:          0 kB
CommitLimit:     2172840 kB
Committed_AS:   93299376 kB
VmallocTotal:   251658176 kB
VmallocUsed:      139908 kB
VmallocChunk:   251442732 kB
Time pass: 198 sec

---2015-12-05 14:07:44
MemTotal:        2905316 kB
MemFree:           75592 kB
Buffers:           25560 kB
Cached:          1008264 kB
SwapCached:            0 kB
Active:          1307780 kB
Inactive:         701048 kB
Active(anon):     811964 kB
Inactive(anon):   204884 kB
Active(file):     495816 kB
Inactive(file):   496164 kB
Unevictable:       12456 kB
Mlocked:               0 kB
SwapTotal:        720184 kB
SwapFree:         720156 kB
Dirty:                68 kB
Writeback:             0 kB
AnonPages:        987556 kB
Mapped:           708440 kB
Shmem:             29388 kB
Slab:             118152 kB
SReclaimable:      35988 kB
SUnreclaim:        82164 kB
KernelStack:       34400 kB
PageTables:        56608 kB
NFS_Unstable:          0 kB
Bounce:                0 kB
WritebackTmp:          0 kB
CommitLimit:     2172840 kB
Committed_AS:   93019016 kB
VmallocTotal:   251658176 kB
VmallocUsed:      139908 kB
VmallocChunk:   251442732 kB
Time pass: 201 sec

---2015-12-05 14:07:44
MemTotal:        2905316 kB
MemFree:           77016 kB
Buffers:           25568 kB
Cached:          1008272 kB
SwapCached:            0 kB
Active:          1305940 kB
Inactive:         701060 kB
Active(anon):     810120 kB
Inactive(anon):   204884 kB
Active(file):     495820 kB
Inactive(file):   496176 kB
Unevictable:       12456 kB
Mlocked:               0 kB
SwapTotal:        720184 kB
SwapFree:         720156 kB
Dirty:                68 kB
Writeback:             0 kB
AnonPages:        985572 kB
Mapped:           708388 kB
Shmem:             29388 kB
Slab:             118140 kB
SReclaimable:      35988 kB
SUnreclaim:        82152 kB
KernelStack:       34384 kB
PageTables:        56584 kB
NFS_Unstable:          0 kB
Bounce:                0 kB
WritebackTmp:          0 kB
CommitLimit:     2172840 kB
Committed_AS:   93019084 kB
VmallocTotal:   251658176 kB
VmallocUsed:      139908 kB
VmallocChunk:   251442732 kB
Time pass: 205 sec

---2015-12-05 14:07:44
MemTotal:        2905316 kB
MemFree:           76424 kB
Buffers:           25576 kB
Cached:          1008276 kB
SwapCached:            0 kB
Active:          1306376 kB
Inactive:         701064 kB
Active(anon):     810552 kB
Inactive(anon):   204884 kB
Active(file):     495824 kB
Inactive(file):   496180 kB
Unevictable:       12456 kB
Mlocked:               0 kB
SwapTotal:        720184 kB
SwapFree:         720156 kB
Dirty:                28 kB
Writeback:             0 kB
AnonPages:        986336 kB
Mapped:           708456 kB
Shmem:             29388 kB
Slab:             118144 kB
SReclaimable:      35988 kB
SUnreclaim:        82156 kB
KernelStack:       34384 kB
PageTables:        56600 kB
NFS_Unstable:          0 kB
Bounce:                0 kB
WritebackTmp:          0 kB
CommitLimit:     2172840 kB
Committed_AS:   93019060 kB
VmallocTotal:   251658176 kB
VmallocUsed:      139908 kB
VmallocChunk:   251442732 kB
Time pass: 209 sec

---2015-12-05 14:07:44
MemTotal:        2905316 kB
MemFree:           76380 kB
Buffers:           25576 kB
Cached:          1008312 kB
SwapCached:            0 kB
Active:          1306956 kB
Inactive:         701092 kB
Active(anon):     811120 kB
Inactive(anon):   204884 kB
Active(file):     495836 kB
Inactive(file):   496208 kB
Unevictable:       12456 kB
Mlocked:               0 kB
SwapTotal:        720184 kB
SwapFree:         720156 kB
Dirty:                 4 kB
Writeback:             0 kB
AnonPages:        986764 kB
Mapped:           708476 kB
Shmem:             29388 kB
Slab:             118136 kB
SReclaimable:      35988 kB
SUnreclaim:        82148 kB
KernelStack:       34384 kB
PageTables:        56608 kB
NFS_Unstable:          0 kB
Bounce:                0 kB
WritebackTmp:          0 kB
CommitLimit:     2172840 kB
Committed_AS:   93019032 kB
VmallocTotal:   251658176 kB
VmallocUsed:      139908 kB
VmallocChunk:   251442732 kB
Time pass: 213 sec

---2015-12-05 14:07:44
MemTotal:        2905316 kB
MemFree:           69756 kB
Buffers:           25592 kB
Cached:          1008808 kB
SwapCached:            0 kB
Active:          1309428 kB
Inactive:         701424 kB
Active(anon):     813436 kB
Inactive(anon):   204884 kB
Active(file):     495992 kB
Inactive(file):   496540 kB
Unevictable:       12456 kB
Mlocked:               0 kB
SwapTotal:        720184 kB
SwapFree:         720156 kB
Dirty:                68 kB
Writeback:             0 kB
AnonPages:        988908 kB
Mapped:           708672 kB
Shmem:             29388 kB
Slab:             121924 kB
SReclaimable:      39476 kB
SUnreclaim:        82448 kB
KernelStack:       34432 kB
PageTables:        56676 kB
NFS_Unstable:          0 kB
Bounce:                0 kB
WritebackTmp:          0 kB
CommitLimit:     2172840 kB
Committed_AS:   93030600 kB
VmallocTotal:   251658176 kB
VmallocUsed:      140928 kB
VmallocChunk:   251442732 kB
Time pass: 216 sec

---2015-12-05 14:07:44
MemTotal:        2905316 kB
MemFree:           68768 kB
Buffers:           25612 kB
Cached:          1009128 kB
SwapCached:            0 kB
Active:          1309012 kB
Inactive:         701760 kB
Active(anon):     812992 kB
Inactive(anon):   204884 kB
Active(file):     496020 kB
Inactive(file):   496876 kB
Unevictable:       12456 kB
Mlocked:               0 kB
SwapTotal:        720184 kB
SwapFree:         720156 kB
Dirty:               132 kB
Writeback:             0 kB
AnonPages:        988584 kB
Mapped:           708776 kB
Shmem:             29388 kB
Slab:             122308 kB
SReclaimable:      39808 kB
SUnreclaim:        82500 kB
KernelStack:       34368 kB
PageTables:        56628 kB
NFS_Unstable:          0 kB
Bounce:                0 kB
WritebackTmp:          0 kB
CommitLimit:     2172840 kB
Committed_AS:   93024980 kB
VmallocTotal:   251658176 kB
VmallocUsed:      139908 kB
VmallocChunk:   251442732 kB
Time pass: 220 sec

---2015-12-05 14:07:44
MemTotal:        2905316 kB
MemFree:           67624 kB
Buffers:           25628 kB
Cached:          1009048 kB
SwapCached:            0 kB
Active:          1310252 kB
Inactive:         701664 kB
Active(anon):     814204 kB
Inactive(anon):   204768 kB
Active(file):     496048 kB
Inactive(file):   496896 kB
Unevictable:       12456 kB
Mlocked:               0 kB
SwapTotal:        720184 kB
SwapFree:         720156 kB
Dirty:               116 kB
Writeback:             0 kB
AnonPages:        989632 kB
Mapped:           708492 kB
Shmem:             29272 kB
Slab:             122212 kB
SReclaimable:      39808 kB
SUnreclaim:        82404 kB
KernelStack:       34336 kB
PageTables:        56492 kB
NFS_Unstable:          0 kB
Bounce:                0 kB
WritebackTmp:          0 kB
CommitLimit:     2172840 kB
Committed_AS:   93021632 kB
VmallocTotal:   251658176 kB
VmallocUsed:      139908 kB
VmallocChunk:   251442732 kB
Time pass: 224 sec

---2015-12-05 14:07:44
MemTotal:        2905316 kB
MemFree:           66192 kB
Buffers:           25652 kB
Cached:          1009160 kB
SwapCached:            0 kB
Active:          1311760 kB
Inactive:         701760 kB
Active(anon):     815672 kB
Inactive(anon):   204820 kB
Active(file):     496088 kB
Inactive(file):   496940 kB
Unevictable:       12456 kB
Mlocked:               0 kB
SwapTotal:        720184 kB
SwapFree:         720156 kB
Dirty:                 0 kB
Writeback:             0 kB
AnonPages:        991208 kB
Mapped:           708728 kB
Shmem:             29328 kB
Slab:             122180 kB
SReclaimable:      39824 kB
SUnreclaim:        82356 kB
KernelStack:       34320 kB
PageTables:        56596 kB
NFS_Unstable:          0 kB
Bounce:                0 kB
WritebackTmp:          0 kB
CommitLimit:     2172840 kB
Committed_AS:   93021692 kB
VmallocTotal:   251658176 kB
VmallocUsed:      139908 kB
VmallocChunk:   251442732 kB
Time pass: 227 sec

---2015-12-05 14:07:44
MemTotal:        2905316 kB
MemFree:           65144 kB
Buffers:           25676 kB
Cached:          1009272 kB
SwapCached:            0 kB
Active:          1313048 kB
Inactive:         701880 kB
Active(anon):     816948 kB
Inactive(anon):   204888 kB
Active(file):     496100 kB
Inactive(file):   496992 kB
Unevictable:       12456 kB
Mlocked:               0 kB
SwapTotal:        720184 kB
SwapFree:         720156 kB
Dirty:               140 kB
Writeback:             0 kB
AnonPages:        992572 kB
Mapped:           708800 kB
Shmem:             29400 kB
Slab:             122180 kB
SReclaimable:      39824 kB
SUnreclaim:        82356 kB
KernelStack:       34320 kB
PageTables:        56644 kB
NFS_Unstable:          0 kB
Bounce:                0 kB
WritebackTmp:          0 kB
CommitLimit:     2172840 kB
Committed_AS:   93048328 kB
VmallocTotal:   251658176 kB
VmallocUsed:      139908 kB
VmallocChunk:   251442732 kB
Time pass: 231 sec

---2015-12-05 14:07:44
MemTotal:        2905316 kB
MemFree:           64540 kB
Buffers:           25684 kB
Cached:          1009268 kB
SwapCached:            0 kB
Active:          1313360 kB
Inactive:         701888 kB
Active(anon):     817256 kB
Inactive(anon):   204900 kB
Active(file):     496104 kB
Inactive(file):   496988 kB
Unevictable:       12456 kB
Mlocked:               0 kB
SwapTotal:        720184 kB
SwapFree:         720156 kB
Dirty:                 4 kB
Writeback:             0 kB
AnonPages:        992912 kB
Mapped:           708808 kB
Shmem:             29404 kB
Slab:             122180 kB
SReclaimable:      39824 kB
SUnreclaim:        82356 kB
KernelStack:       34320 kB
PageTables:        56644 kB
NFS_Unstable:          0 kB
Bounce:                0 kB
WritebackTmp:          0 kB
CommitLimit:     2172840 kB
Committed_AS:   93048284 kB
VmallocTotal:   251658176 kB
VmallocUsed:      139908 kB
VmallocChunk:   251442732 kB
Time pass: 235 sec

---2015-12-05 14:07:44
MemTotal:        2905316 kB
MemFree:           64580 kB
Buffers:           25684 kB
Cached:          1009288 kB
SwapCached:            0 kB
Active:          1313632 kB
Inactive:         701896 kB
Active(anon):     817524 kB
Inactive(anon):   204900 kB
Active(file):     496108 kB
Inactive(file):   496996 kB
Unevictable:       12456 kB
Mlocked:               0 kB
SwapTotal:        720184 kB
SwapFree:         720156 kB
Dirty:                 4 kB
Writeback:             0 kB
AnonPages:        993168 kB
Mapped:           708820 kB
Shmem:             29412 kB
Slab:             122176 kB
SReclaimable:      39824 kB
SUnreclaim:        82352 kB
KernelStack:       34272 kB
PageTables:        56636 kB
NFS_Unstable:          0 kB
Bounce:                0 kB
WritebackTmp:          0 kB
CommitLimit:     2172840 kB
Committed_AS:   93048352 kB
VmallocTotal:   251658176 kB
VmallocUsed:      139908 kB
VmallocChunk:   251442732 kB
Time pass: 239 sec

---2015-12-05 14:07:44
MemTotal:        2905316 kB
MemFree:           63192 kB
Buffers:           25708 kB
Cached:          1009324 kB
SwapCached:            0 kB
Active:          1314860 kB
Inactive:         701964 kB
Active(anon):     818752 kB
Inactive(anon):   204916 kB
Active(file):     496108 kB
Inactive(file):   497048 kB
Unevictable:       12456 kB
Mlocked:               0 kB
SwapTotal:        720184 kB
SwapFree:         720156 kB
Dirty:                84 kB
Writeback:             0 kB
AnonPages:        994372 kB
Mapped:           708836 kB
Shmem:             29420 kB
Slab:             122176 kB
SReclaimable:      39824 kB
SUnreclaim:        82352 kB
KernelStack:       34304 kB
PageTables:        56672 kB
NFS_Unstable:          0 kB
Bounce:                0 kB
WritebackTmp:          0 kB
CommitLimit:     2172840 kB
Committed_AS:   93048324 kB
VmallocTotal:   251658176 kB
VmallocUsed:      139908 kB
VmallocChunk:   251442732 kB
Time pass: 243 sec

---2015-12-05 14:07:44
MemTotal:        2905316 kB
MemFree:           67880 kB
Buffers:           25716 kB
Cached:          1007600 kB
SwapCached:            0 kB
Active:          1314916 kB
Inactive:         700680 kB
Active(anon):     819240 kB
Inactive(anon):   204916 kB
Active(file):     495676 kB
Inactive(file):   495764 kB
Unevictable:       12456 kB
Mlocked:               0 kB
SwapTotal:        720184 kB
SwapFree:         720156 kB
Dirty:                84 kB
Writeback:             0 kB
AnonPages:        994560 kB
Mapped:           708844 kB
Shmem:             29420 kB
Slab:             118176 kB
SReclaimable:      36084 kB
SUnreclaim:        82092 kB
KernelStack:       34304 kB
PageTables:        56644 kB
NFS_Unstable:          0 kB
Bounce:                0 kB
WritebackTmp:          0 kB
CommitLimit:     2172840 kB
Committed_AS:   93048316 kB
VmallocTotal:   251658176 kB
VmallocUsed:      139908 kB
VmallocChunk:   251442732 kB
Time pass: 247 sec

---2015-12-05 14:07:44
MemTotal:        2905316 kB
MemFree:           67528 kB
Buffers:           25724 kB
Cached:          1007600 kB
SwapCached:            0 kB
Active:          1315628 kB
Inactive:         700688 kB
Active(anon):     819952 kB
Inactive(anon):   204916 kB
Active(file):     495676 kB
Inactive(file):   495772 kB
Unevictable:       12456 kB
Mlocked:               0 kB
SwapTotal:        720184 kB
SwapFree:         720156 kB
Dirty:                16 kB
Writeback:             0 kB
AnonPages:        995448 kB
Mapped:           708912 kB
Shmem:             29420 kB
Slab:             118176 kB
SReclaimable:      36084 kB
SUnreclaim:        82092 kB
KernelStack:       34304 kB
PageTables:        56668 kB
NFS_Unstable:          0 kB
Bounce:                0 kB
WritebackTmp:          0 kB
CommitLimit:     2172840 kB
Committed_AS:   93048328 kB
VmallocTotal:   251658176 kB
VmallocUsed:      139908 kB
VmallocChunk:   251442732 kB
Time pass: 250 sec

---2015-12-05 14:07:44
MemTotal:        2905316 kB
MemFree:           65560 kB
Buffers:           25740 kB
Cached:          1007672 kB
SwapCached:            0 kB
Active:          1317684 kB
Inactive:         700764 kB
Active(anon):     821996 kB
Inactive(anon):   204916 kB
Active(file):     495688 kB
Inactive(file):   495848 kB
Unevictable:       12456 kB
Mlocked:               0 kB
SwapTotal:        720184 kB
SwapFree:         720156 kB
Dirty:               136 kB
Writeback:             0 kB
AnonPages:        997592 kB
Mapped:           708864 kB
Shmem:             29420 kB
Slab:             118208 kB
SReclaimable:      36212 kB
SUnreclaim:        81996 kB
KernelStack:       34272 kB
PageTables:        56644 kB
NFS_Unstable:          0 kB
Bounce:                0 kB
WritebackTmp:          0 kB
CommitLimit:     2172840 kB
Committed_AS:   93048320 kB
VmallocTotal:   251658176 kB
VmallocUsed:      139908 kB
VmallocChunk:   251442732 kB
Time pass: 254 sec

---2015-12-05 14:07:44
MemTotal:        2905316 kB
MemFree:           65344 kB
Buffers:           25740 kB
Cached:          1007700 kB
SwapCached:            0 kB
Active:          1317652 kB
Inactive:         700784 kB
Active(anon):     821956 kB
Inactive(anon):   204940 kB
Active(file):     495696 kB
Inactive(file):   495844 kB
Unevictable:       12456 kB
Mlocked:               0 kB
SwapTotal:        720184 kB
SwapFree:         720156 kB
Dirty:               140 kB
Writeback:             0 kB
AnonPages:        997540 kB
Mapped:           708892 kB
Shmem:             29444 kB
Slab:             118208 kB
SReclaimable:      36212 kB
SUnreclaim:        81996 kB
KernelStack:       34240 kB
PageTables:        56640 kB
NFS_Unstable:          0 kB
Bounce:                0 kB
WritebackTmp:          0 kB
CommitLimit:     2172840 kB
Committed_AS:   93048328 kB
VmallocTotal:   251658176 kB
VmallocUsed:      139908 kB
VmallocChunk:   251442732 kB
Time pass: 258 sec

---2015-12-05 14:07:44
MemTotal:        2905316 kB
MemFree:           64992 kB
Buffers:           25748 kB
Cached:          1007764 kB
SwapCached:            0 kB
Active:          1318596 kB
Inactive:         700844 kB
Active(anon):     822888 kB
Inactive(anon):   205000 kB
Active(file):     495708 kB
Inactive(file):   495844 kB
Unevictable:       12456 kB
Mlocked:               0 kB
SwapTotal:        720184 kB
SwapFree:         720156 kB
Dirty:                76 kB
Writeback:             0 kB
AnonPages:        998412 kB
Mapped:           708952 kB
Shmem:             29504 kB
Slab:             118212 kB
SReclaimable:      36212 kB
SUnreclaim:        82000 kB
KernelStack:       34256 kB
PageTables:        56692 kB
NFS_Unstable:          0 kB
Bounce:                0 kB
WritebackTmp:          0 kB
CommitLimit:     2172840 kB
Committed_AS:   93075032 kB
VmallocTotal:   251658176 kB
VmallocUsed:      139908 kB
VmallocChunk:   251442732 kB
Time pass: 262 sec

---2015-12-05 14:07:44
MemTotal:        2905316 kB
MemFree:           63140 kB
Buffers:           25756 kB
Cached:          1007808 kB
SwapCached:            0 kB
Active:          1319956 kB
Inactive:         700888 kB
Active(anon):     824240 kB
Inactive(anon):   205004 kB
Active(file):     495716 kB
Inactive(file):   495884 kB
Unevictable:       12456 kB
Mlocked:               0 kB
SwapTotal:        720184 kB
SwapFree:         720156 kB
Dirty:                40 kB
Writeback:             0 kB
AnonPages:        999744 kB
Mapped:           708964 kB
Shmem:             29508 kB
Slab:             118212 kB
SReclaimable:      36212 kB
SUnreclaim:        82000 kB
KernelStack:       34272 kB
PageTables:        56696 kB
NFS_Unstable:          0 kB
Bounce:                0 kB
WritebackTmp:          0 kB
CommitLimit:     2172840 kB
Committed_AS:   93074952 kB
VmallocTotal:   251658176 kB
VmallocUsed:      139908 kB
VmallocChunk:   251442732 kB
Time pass: 265 sec

---2015-12-05 14:07:44
MemTotal:        2905316 kB
MemFree:           66440 kB
Buffers:           25772 kB
Cached:          1004572 kB
SwapCached:            0 kB
Active:          1317576 kB
Inactive:         700468 kB
Active(anon):     823480 kB
Inactive(anon):   206188 kB
Active(file):     494096 kB
Inactive(file):   494280 kB
Unevictable:       12456 kB
Mlocked:               0 kB
SwapTotal:        720184 kB
SwapFree:         720156 kB
Dirty:                 4 kB
Writeback:             0 kB
AnonPages:       1000104 kB
Mapped:           708952 kB
Shmem:             29512 kB
Slab:             118168 kB
SReclaimable:      36172 kB
SUnreclaim:        81996 kB
KernelStack:       34320 kB
PageTables:        56692 kB
NFS_Unstable:          0 kB
Bounce:                0 kB
WritebackTmp:          0 kB
CommitLimit:     2172840 kB
Committed_AS:   93074964 kB
VmallocTotal:   251658176 kB
VmallocUsed:      139908 kB
VmallocChunk:   251442732 kB
Time pass: 269 sec

---2015-12-05 14:07:44
MemTotal:        2905316 kB
MemFree:           71280 kB
Buffers:           25780 kB
Cached:          1004572 kB
SwapCached:            0 kB
Active:          1312740 kB
Inactive:         700476 kB
Active(anon):     818644 kB
Inactive(anon):   206188 kB
Active(file):     494096 kB
Inactive(file):   494288 kB
Unevictable:       12456 kB
Mlocked:               0 kB
SwapTotal:        720184 kB
SwapFree:         720156 kB
Dirty:                52 kB
Writeback:             0 kB
AnonPages:        995440 kB
Mapped:           708964 kB
Shmem:             29512 kB
Slab:             118168 kB
SReclaimable:      36172 kB
SUnreclaim:        81996 kB
KernelStack:       34256 kB
PageTables:        56692 kB
NFS_Unstable:          0 kB
Bounce:                0 kB
WritebackTmp:          0 kB
CommitLimit:     2172840 kB
Committed_AS:   93074968 kB
VmallocTotal:   251658176 kB
VmallocUsed:      139908 kB
VmallocChunk:   251442732 kB
Time pass: 273 sec

---2015-12-05 14:07:44
MemTotal:        2905316 kB
MemFree:           77652 kB
Buffers:           25780 kB
Cached:          1004576 kB
SwapCached:            0 kB
Active:          1307068 kB
Inactive:         700476 kB
Active(anon):     812968 kB
Inactive(anon):   206188 kB
Active(file):     494100 kB
Inactive(file):   494288 kB
Unevictable:       12456 kB
Mlocked:               0 kB
SwapTotal:        720184 kB
SwapFree:         720156 kB
Dirty:                12 kB
Writeback:             0 kB
AnonPages:        989580 kB
Mapped:           709012 kB
Shmem:             29512 kB
Slab:             118168 kB
SReclaimable:      36172 kB
SUnreclaim:        81996 kB
KernelStack:       34288 kB
PageTables:        56696 kB
NFS_Unstable:          0 kB
Bounce:                0 kB
WritebackTmp:          0 kB
CommitLimit:     2172840 kB
Committed_AS:   93074976 kB
VmallocTotal:   251658176 kB
VmallocUsed:      139908 kB
VmallocChunk:   251442732 kB
Time pass: 277 sec

---2015-12-05 14:07:44
MemTotal:        2905316 kB
MemFree:           76272 kB
Buffers:           25804 kB
Cached:          1004612 kB
SwapCached:            0 kB
Active:          1307844 kB
Inactive:         700532 kB
Active(anon):     813740 kB
Inactive(anon):   206192 kB
Active(file):     494104 kB
Inactive(file):   494340 kB
Unevictable:       12456 kB
Mlocked:               0 kB
SwapTotal:        720184 kB
SwapFree:         720156 kB
Dirty:                60 kB
Writeback:             0 kB
AnonPages:        990552 kB
Mapped:           709080 kB
Shmem:             29516 kB
Slab:             118168 kB
SReclaimable:      36172 kB
SUnreclaim:        81996 kB
KernelStack:       34288 kB
PageTables:        56724 kB
NFS_Unstable:          0 kB
Bounce:                0 kB
WritebackTmp:          0 kB
CommitLimit:     2172840 kB
Committed_AS:   93074952 kB
VmallocTotal:   251658176 kB
VmallocUsed:      139908 kB
VmallocChunk:   251442732 kB
Time pass: 280 sec

---2015-12-05 14:07:44
MemTotal:        2905316 kB
MemFree:           75508 kB
Buffers:           25812 kB
Cached:          1004616 kB
SwapCached:            0 kB
Active:          1308536 kB
Inactive:         700540 kB
Active(anon):     814428 kB
Inactive(anon):   206196 kB
Active(file):     494108 kB
Inactive(file):   494344 kB
Unevictable:       12456 kB
Mlocked:               0 kB
SwapTotal:        720184 kB
SwapFree:         720156 kB
Dirty:                 4 kB
Writeback:             0 kB
AnonPages:        991252 kB
Mapped:           709092 kB
Shmem:             29520 kB
Slab:             118168 kB
SReclaimable:      36172 kB
SUnreclaim:        81996 kB
KernelStack:       34288 kB
PageTables:        56724 kB
NFS_Unstable:          0 kB
Bounce:                0 kB
WritebackTmp:          0 kB
CommitLimit:     2172840 kB
Committed_AS:   93074964 kB
VmallocTotal:   251658176 kB
VmallocUsed:      139908 kB
VmallocChunk:   251442732 kB
Time pass: 284 sec

---2015-12-05 14:07:44
MemTotal:        2905316 kB
MemFree:           75068 kB
Buffers:           25812 kB
Cached:          1004648 kB
SwapCached:            0 kB
Active:          1308672 kB
Inactive:         700572 kB
Active(anon):     814564 kB
Inactive(anon):   206224 kB
Active(file):     494108 kB
Inactive(file):   494348 kB
Unevictable:       12456 kB
Mlocked:               0 kB
SwapTotal:        720184 kB
SwapFree:         720156 kB
Dirty:                 8 kB
Writeback:             0 kB
AnonPages:        991412 kB
Mapped:           709140 kB
Shmem:             29548 kB
Slab:             118168 kB
SReclaimable:      36172 kB
SUnreclaim:        81996 kB
KernelStack:       34256 kB
PageTables:        56716 kB
NFS_Unstable:          0 kB
Bounce:                0 kB
WritebackTmp:          0 kB
CommitLimit:     2172840 kB
Committed_AS:   93074988 kB
VmallocTotal:   251658176 kB
VmallocUsed:      139908 kB
VmallocChunk:   251442732 kB
Time pass: 288 sec

---2015-12-05 14:07:44
MemTotal:        2905316 kB
MemFree:           74584 kB
Buffers:           25836 kB
Cached:          1004740 kB
SwapCached:            0 kB
Active:          1309560 kB
Inactive:         700680 kB
Active(anon):     815444 kB
Inactive(anon):   206284 kB
Active(file):     494116 kB
Inactive(file):   494396 kB
Unevictable:       12456 kB
Mlocked:               0 kB
SwapTotal:        720184 kB
SwapFree:         720156 kB
Dirty:                92 kB
Writeback:             0 kB
AnonPages:        992036 kB
Mapped:           709200 kB
Shmem:             29608 kB
Slab:             118008 kB
SReclaimable:      36012 kB
SUnreclaim:        81996 kB
KernelStack:       34256 kB
PageTables:        56756 kB
NFS_Unstable:          0 kB
Bounce:                0 kB
WritebackTmp:          0 kB
CommitLimit:     2172840 kB
Committed_AS:   93101560 kB
VmallocTotal:   251658176 kB
VmallocUsed:      139908 kB
VmallocChunk:   251442732 kB
Time pass: 292 sec

---2015-12-05 14:07:44
MemTotal:        2905316 kB
MemFree:           75268 kB
Buffers:           25844 kB
Cached:          1004736 kB
SwapCached:            0 kB
Active:          1308932 kB
Inactive:         700680 kB
Active(anon):     814816 kB
Inactive(anon):   206284 kB
Active(file):     494116 kB
Inactive(file):   494396 kB
Unevictable:       12456 kB
Mlocked:               0 kB
SwapTotal:        720184 kB
SwapFree:         720156 kB
Dirty:                 4 kB
Writeback:             0 kB
AnonPages:        991584 kB
Mapped:           709140 kB
Shmem:             29608 kB
Slab:             118008 kB
SReclaimable:      36012 kB
SUnreclaim:        81996 kB
KernelStack:       34256 kB
PageTables:        56736 kB
NFS_Unstable:          0 kB
Bounce:                0 kB
WritebackTmp:          0 kB
CommitLimit:     2172840 kB
Committed_AS:   93101564 kB
VmallocTotal:   251658176 kB
VmallocUsed:      139908 kB
VmallocChunk:   251442732 kB
Time pass: 295 sec

---2015-12-05 14:07:44
MemTotal:        2905316 kB
MemFree:           74708 kB
Buffers:           25844 kB
Cached:          1004740 kB
SwapCached:            0 kB
Active:          1309328 kB
Inactive:         700688 kB
Active(anon):     815212 kB
Inactive(anon):   206284 kB
Active(file):     494116 kB
Inactive(file):   494404 kB
Unevictable:       12456 kB
Mlocked:               0 kB
SwapTotal:        720184 kB
SwapFree:         720156 kB
Dirty:                 4 kB
Writeback:             0 kB
AnonPages:        992024 kB
Mapped:           709208 kB
Shmem:             29608 kB
Slab:             118004 kB
SReclaimable:      36012 kB
SUnreclaim:        81992 kB
KernelStack:       34240 kB
PageTables:        56760 kB
NFS_Unstable:          0 kB
Bounce:                0 kB
WritebackTmp:          0 kB
CommitLimit:     2172840 kB
Committed_AS:   93101520 kB
VmallocTotal:   251658176 kB
VmallocUsed:      139908 kB
VmallocChunk:   251442732 kB
Time pass: 299 sec

---2015-12-05 14:07:44
MemTotal:        2905316 kB
MemFree:           74020 kB
Buffers:           25868 kB
Cached:          1004772 kB
SwapCached:            0 kB
Active:          1310016 kB
Inactive:         700736 kB
Active(anon):     815892 kB
Inactive(anon):   206284 kB
Active(file):     494124 kB
Inactive(file):   494452 kB
Unevictable:       12456 kB
Mlocked:               0 kB
SwapTotal:        720184 kB
SwapFree:         720156 kB
Dirty:                88 kB
Writeback:             0 kB
AnonPages:        992656 kB
Mapped:           709156 kB
Shmem:             29608 kB
Slab:             118004 kB
SReclaimable:      36012 kB
SUnreclaim:        81992 kB
KernelStack:       34256 kB
PageTables:        56732 kB
NFS_Unstable:          0 kB
Bounce:                0 kB
WritebackTmp:          0 kB
CommitLimit:     2172840 kB
Committed_AS:   93101520 kB
VmallocTotal:   251658176 kB
VmallocUsed:      139908 kB
VmallocChunk:   251442732 kB
Time pass: 303 sec

---2015-12-05 14:07:44
MemTotal:        2905316 kB
MemFree:           73944 kB
Buffers:           25868 kB
Cached:          1004776 kB
SwapCached:            0 kB
Active:          1309396 kB
Inactive:         700736 kB
Active(anon):     815268 kB
Inactive(anon):   206288 kB
Active(file):     494128 kB
Inactive(file):   494448 kB
Unevictable:       12456 kB
Mlocked:               0 kB
SwapTotal:        720184 kB
SwapFree:         720156 kB
Dirty:                56 kB
Writeback:             0 kB
AnonPages:        992028 kB
Mapped:           709160 kB
Shmem:             29612 kB
Slab:             118004 kB
SReclaimable:      36012 kB
SUnreclaim:        81992 kB
KernelStack:       34256 kB
PageTables:        56736 kB
NFS_Unstable:          0 kB
Bounce:                0 kB
WritebackTmp:          0 kB
CommitLimit:     2172840 kB
Committed_AS:   93101544 kB
VmallocTotal:   251658176 kB
VmallocUsed:      139908 kB
VmallocChunk:   251442732 kB
Time pass: 307 sec

---2015-12-05 14:07:44
MemTotal:        2905316 kB
MemFree:           74300 kB
Buffers:           25876 kB
Cached:          1004776 kB
SwapCached:            0 kB
Active:          1309696 kB
Inactive:         700744 kB
Active(anon):     815568 kB
Inactive(anon):   206288 kB
Active(file):     494128 kB
Inactive(file):   494456 kB
Unevictable:       12456 kB
Mlocked:               0 kB
SwapTotal:        720184 kB
SwapFree:         720156 kB
Dirty:                 4 kB
Writeback:             0 kB
AnonPages:        992224 kB
Mapped:           709164 kB
Shmem:             29612 kB
Slab:             118004 kB
SReclaimable:      36012 kB
SUnreclaim:        81992 kB
KernelStack:       34256 kB
PageTables:        56736 kB
NFS_Unstable:          0 kB
Bounce:                0 kB
WritebackTmp:          0 kB
CommitLimit:     2172840 kB
Committed_AS:   93101544 kB
VmallocTotal:   251658176 kB
VmallocUsed:      139908 kB
VmallocChunk:   251442732 kB
Time pass: 311 sec

---2015-12-05 14:07:44
MemTotal:        2905316 kB
MemFree:           74080 kB
Buffers:           25900 kB
Cached:          1004812 kB
SwapCached:            0 kB
Active:          1310128 kB
Inactive:         700792 kB
Active(anon):     815996 kB
Inactive(anon):   206288 kB
Active(file):     494132 kB
Inactive(file):   494504 kB
Unevictable:       12456 kB
Mlocked:               0 kB
SwapTotal:        720184 kB
SwapFree:         720156 kB
Dirty:                92 kB
Writeback:             0 kB
AnonPages:        992788 kB
Mapped:           709172 kB
Shmem:             29612 kB
Slab:             118004 kB
SReclaimable:      36012 kB
SUnreclaim:        81992 kB
KernelStack:       34240 kB
PageTables:        56744 kB
NFS_Unstable:          0 kB
Bounce:                0 kB
WritebackTmp:          0 kB
CommitLimit:     2172840 kB
Committed_AS:   93101516 kB
VmallocTotal:   251658176 kB
VmallocUsed:      139908 kB
VmallocChunk:   251442732 kB
Time pass: 314 sec

---2015-12-05 14:07:44
MemTotal:        2905316 kB
MemFree:           73980 kB
Buffers:           25900 kB
Cached:          1004816 kB
SwapCached:            0 kB
Active:          1310280 kB
Inactive:         700800 kB
Active(anon):     816144 kB
Inactive(anon):   206292 kB
Active(file):     494136 kB
Inactive(file):   494508 kB
Unevictable:       12456 kB
Mlocked:               0 kB
SwapTotal:        720184 kB
SwapFree:         720156 kB
Dirty:                92 kB
Writeback:             0 kB
AnonPages:        992908 kB
Mapped:           709180 kB
Shmem:             29616 kB
Slab:             118004 kB
SReclaimable:      36012 kB
SUnreclaim:        81992 kB
KernelStack:       34224 kB
PageTables:        56736 kB
NFS_Unstable:          0 kB
Bounce:                0 kB
WritebackTmp:          0 kB
CommitLimit:     2172840 kB
Committed_AS:   93101528 kB
VmallocTotal:   251658176 kB
VmallocUsed:      139908 kB
VmallocChunk:   251442732 kB
Time pass: 318 sec

---2015-12-05 14:07:44
MemTotal:        2905316 kB
MemFree:           73344 kB
Buffers:           25908 kB
Cached:          1004900 kB
SwapCached:            0 kB
Active:          1310916 kB
Inactive:         700884 kB
Active(anon):     816772 kB
Inactive(anon):   206352 kB
Active(file):     494144 kB
Inactive(file):   494532 kB
Unevictable:       12456 kB
Mlocked:               0 kB
SwapTotal:        720184 kB
SwapFree:         720156 kB
Dirty:                64 kB
Writeback:             0 kB
AnonPages:        993360 kB
Mapped:           709248 kB
Shmem:             29676 kB
Slab:             118004 kB
SReclaimable:      36012 kB
SUnreclaim:        81992 kB
KernelStack:       34064 kB
PageTables:        56784 kB
NFS_Unstable:          0 kB
Bounce:                0 kB
WritebackTmp:          0 kB
CommitLimit:     2172840 kB
Committed_AS:   93127960 kB
VmallocTotal:   251658176 kB
VmallocUsed:      139908 kB
VmallocChunk:   251442732 kB
Time pass: 322 sec

---2015-12-05 14:07:44
MemTotal:        2905316 kB
MemFree:           72548 kB
Buffers:           25916 kB
Cached:          1004920 kB
SwapCached:            0 kB
Active:          1311040 kB
Inactive:         700912 kB
Active(anon):     816896 kB
Inactive(anon):   206380 kB
Active(file):     494144 kB
Inactive(file):   494532 kB
Unevictable:       12456 kB
Mlocked:               0 kB
SwapTotal:        720184 kB
SwapFree:         720156 kB
Dirty:                 4 kB
Writeback:             0 kB
AnonPages:        993600 kB
Mapped:           709284 kB
Shmem:             29704 kB
Slab:             118004 kB
SReclaimable:      36012 kB
SUnreclaim:        81992 kB
KernelStack:       34128 kB
PageTables:        56788 kB
NFS_Unstable:          0 kB
Bounce:                0 kB
WritebackTmp:          0 kB
CommitLimit:     2172840 kB
Committed_AS:   93127968 kB
VmallocTotal:   251658176 kB
VmallocUsed:      139908 kB
VmallocChunk:   251442732 kB
Time pass: 326 sec

---2015-12-05 14:07:44
MemTotal:        2905316 kB
MemFree:           72388 kB
Buffers:           25940 kB
Cached:          1004988 kB
SwapCached:            0 kB
Active:          1311824 kB
Inactive:         700996 kB
Active(anon):     817672 kB
Inactive(anon):   206384 kB
Active(file):     494152 kB
Inactive(file):   494612 kB
Unevictable:       12456 kB
Mlocked:               0 kB
SwapTotal:        720184 kB
SwapFree:         720156 kB
Dirty:                 4 kB
Writeback:             0 kB
AnonPages:        994032 kB
Mapped:           709308 kB
Shmem:             29708 kB
Slab:             117892 kB
SReclaimable:      35900 kB
SUnreclaim:        81992 kB
KernelStack:       34128 kB
PageTables:        56788 kB
NFS_Unstable:          0 kB
Bounce:                0 kB
WritebackTmp:          0 kB
CommitLimit:     2172840 kB
Committed_AS:   93127932 kB
VmallocTotal:   251658176 kB
VmallocUsed:      139908 kB
VmallocChunk:   251442732 kB
Time pass: 329 sec

---2015-12-05 14:07:44
MemTotal:        2905316 kB
MemFree:           72064 kB
Buffers:           25948 kB
Cached:          1004992 kB
SwapCached:            0 kB
Active:          1311744 kB
Inactive:         701000 kB
Active(anon):     817588 kB
Inactive(anon):   206384 kB
Active(file):     494156 kB
Inactive(file):   494616 kB
Unevictable:       12456 kB
Mlocked:               0 kB
SwapTotal:        720184 kB
SwapFree:         720156 kB
Dirty:                 8 kB
Writeback:             0 kB
AnonPages:        994352 kB
Mapped:           709320 kB
Shmem:             29708 kB
Slab:             117892 kB
SReclaimable:      35900 kB
SUnreclaim:        81992 kB
KernelStack:       34128 kB
PageTables:        56784 kB
NFS_Unstable:          0 kB
Bounce:                0 kB
WritebackTmp:          0 kB
CommitLimit:     2172840 kB
Committed_AS:   93127920 kB
VmallocTotal:   251658176 kB
VmallocUsed:      139908 kB
VmallocChunk:   251442732 kB
Time pass: 333 sec

---2015-12-05 14:07:44
MemTotal:        2905316 kB
MemFree:           71876 kB
Buffers:           25948 kB
Cached:          1004996 kB
SwapCached:            0 kB
Active:          1312012 kB
Inactive:         701004 kB
Active(anon):     817852 kB
Inactive(anon):   206384 kB
Active(file):     494160 kB
Inactive(file):   494620 kB
Unevictable:       12456 kB
Mlocked:               0 kB
SwapTotal:        720184 kB
SwapFree:         720156 kB
Dirty:                20 kB
Writeback:             0 kB
AnonPages:        994636 kB
Mapped:           709348 kB
Shmem:             29708 kB
Slab:             117892 kB
SReclaimable:      35900 kB
SUnreclaim:        81992 kB
KernelStack:       34128 kB
PageTables:        56816 kB
NFS_Unstable:          0 kB
Bounce:                0 kB
WritebackTmp:          0 kB
CommitLimit:     2172840 kB
Committed_AS:   93127944 kB
VmallocTotal:   251658176 kB
VmallocUsed:      139908 kB
VmallocChunk:   251442732 kB
Time pass: 337 sec

---2015-12-05 14:07:44
MemTotal:        2905316 kB
MemFree:           71480 kB
Buffers:           25964 kB
Cached:          1005028 kB
SwapCached:            0 kB
Active:          1312480 kB
Inactive:         701044 kB
Active(anon):     818312 kB
Inactive(anon):   206384 kB
Active(file):     494168 kB
Inactive(file):   494660 kB
Unevictable:       12456 kB
Mlocked:               0 kB
SwapTotal:        720184 kB
SwapFree:         720156 kB
Dirty:                12 kB
Writeback:             0 kB
AnonPages:        995152 kB
Mapped:           709352 kB
Shmem:             29708 kB
Slab:             117892 kB
SReclaimable:      35900 kB
SUnreclaim:        81992 kB
KernelStack:       34128 kB
PageTables:        56788 kB
NFS_Unstable:          0 kB
Bounce:                0 kB
WritebackTmp:          0 kB
CommitLimit:     2172840 kB
Committed_AS:   93127908 kB
VmallocTotal:   251658176 kB
VmallocUsed:      139908 kB
VmallocChunk:   251442732 kB
Time pass: 341 sec

---2015-12-05 14:07:44
MemTotal:        2905316 kB
MemFree:           70984 kB
Buffers:           25972 kB
Cached:          1005028 kB
SwapCached:            0 kB
Active:          1312580 kB
Inactive:         701052 kB
Active(anon):     818412 kB
Inactive(anon):   206384 kB
Active(file):     494168 kB
Inactive(file):   494668 kB
Unevictable:       12456 kB
Mlocked:               0 kB
SwapTotal:        720184 kB
SwapFree:         720156 kB
Dirty:                60 kB
Writeback:             0 kB
AnonPages:        995128 kB
Mapped:           709420 kB
Shmem:             29708 kB
Slab:             117852 kB
SReclaimable:      35900 kB
SUnreclaim:        81952 kB
KernelStack:       34128 kB
PageTables:        56812 kB
NFS_Unstable:          0 kB
Bounce:                0 kB
WritebackTmp:          0 kB
CommitLimit:     2172840 kB
Committed_AS:   93127932 kB
VmallocTotal:   251658176 kB
VmallocUsed:      139908 kB
VmallocChunk:   251442732 kB
Time pass: 344 sec

---2015-12-05 14:07:44
MemTotal:        2905316 kB
MemFree:           71344 kB
Buffers:           25972 kB
Cached:          1005032 kB
SwapCached:            0 kB
Active:          1312308 kB
Inactive:         701052 kB
Active(anon):     818136 kB
Inactive(anon):   206384 kB
Active(file):     494172 kB
Inactive(file):   494668 kB
Unevictable:       12456 kB
Mlocked:               0 kB
SwapTotal:        720184 kB
SwapFree:         720156 kB
Dirty:                64 kB
Writeback:             0 kB
AnonPages:        995064 kB
Mapped:           709364 kB
Shmem:             29708 kB
Slab:             117844 kB
SReclaimable:      35900 kB
SUnreclaim:        81944 kB
KernelStack:       34112 kB
PageTables:        56784 kB
NFS_Unstable:          0 kB
Bounce:                0 kB
WritebackTmp:          0 kB
CommitLimit:     2172840 kB
Committed_AS:   93127928 kB
VmallocTotal:   251658176 kB
VmallocUsed:      139908 kB
VmallocChunk:   251442732 kB
Time pass: 348 sec

---2015-12-05 14:07:44
MemTotal:        2905316 kB
MemFree:           70184 kB
Buffers:           25996 kB
Cached:          1005124 kB
SwapCached:            0 kB
Active:          1313904 kB
Inactive:         701160 kB
Active(anon):     819728 kB
Inactive(anon):   206444 kB
Active(file):     494176 kB
Inactive(file):   494716 kB
Unevictable:       12456 kB
Mlocked:               0 kB
SwapTotal:        720184 kB
SwapFree:         720156 kB
Dirty:               100 kB
Writeback:             0 kB
AnonPages:        996248 kB
Mapped:           709436 kB
Shmem:             29772 kB
Slab:             117844 kB
SReclaimable:      35900 kB
SUnreclaim:        81944 kB
KernelStack:       34096 kB
PageTables:        56836 kB
NFS_Unstable:          0 kB
Bounce:                0 kB
WritebackTmp:          0 kB
CommitLimit:     2172840 kB
Committed_AS:   93154528 kB
VmallocTotal:   251658176 kB
VmallocUsed:      139908 kB
VmallocChunk:   251442732 kB
Time pass: 352 sec

---2015-12-05 14:07:44
MemTotal:        2905316 kB
MemFree:           69688 kB
Buffers:           26004 kB
Cached:          1005128 kB
SwapCached:            0 kB
Active:          1313908 kB
Inactive:         701160 kB
Active(anon):     819724 kB
Inactive(anon):   206448 kB
Active(file):     494184 kB
Inactive(file):   494712 kB
Unevictable:       12456 kB
Mlocked:               0 kB
SwapTotal:        720184 kB
SwapFree:         720156 kB
Dirty:                 4 kB
Writeback:             0 kB
AnonPages:        996396 kB
Mapped:           709440 kB
Shmem:             29776 kB
Slab:             117844 kB
SReclaimable:      35900 kB
SUnreclaim:        81944 kB
KernelStack:       34096 kB
PageTables:        56840 kB
NFS_Unstable:          0 kB
Bounce:                0 kB
WritebackTmp:          0 kB
CommitLimit:     2172840 kB
Committed_AS:   93154488 kB
VmallocTotal:   251658176 kB
VmallocUsed:      139908 kB
VmallocChunk:   251442732 kB
Time pass: 356 sec

---2015-12-05 14:07:44
MemTotal:        2905316 kB
MemFree:           69908 kB
Buffers:           26004 kB
Cached:          1005132 kB
SwapCached:            0 kB
Active:          1314040 kB
Inactive:         701172 kB
Active(anon):     819856 kB
Inactive(anon):   206452 kB
Active(file):     494184 kB
Inactive(file):   494720 kB
Unevictable:       12456 kB
Mlocked:               0 kB
SwapTotal:        720184 kB
SwapFree:         720156 kB
Dirty:                 4 kB
Writeback:             0 kB
AnonPages:        996492 kB
Mapped:           709440 kB
Shmem:             29776 kB
Slab:             117844 kB
SReclaimable:      35900 kB
SUnreclaim:        81944 kB
KernelStack:       34096 kB
PageTables:        56840 kB
NFS_Unstable:          0 kB
Bounce:                0 kB
WritebackTmp:          0 kB
CommitLimit:     2172840 kB
Committed_AS:   93154488 kB
VmallocTotal:   251658176 kB
VmallocUsed:      139908 kB
VmallocChunk:   251442732 kB
Time pass: 359 sec

---2015-12-05 14:07:44
MemTotal:        2905316 kB
MemFree:           69160 kB
Buffers:           26028 kB
Cached:          1005168 kB
SwapCached:            0 kB
Active:          1314796 kB
Inactive:         701228 kB
Active(anon):     820608 kB
Inactive(anon):   206452 kB
Active(file):     494188 kB
Inactive(file):   494776 kB
Unevictable:       12456 kB
Mlocked:               0 kB
SwapTotal:        720184 kB
SwapFree:         720156 kB
Dirty:               100 kB
Writeback:             0 kB
AnonPages:        997080 kB
Mapped:           709444 kB
Shmem:             29776 kB
Slab:             117844 kB
SReclaimable:      35900 kB
SUnreclaim:        81944 kB
KernelStack:       34096 kB
PageTables:        56836 kB
NFS_Unstable:          0 kB
Bounce:                0 kB
WritebackTmp:          0 kB
CommitLimit:     2172840 kB
Committed_AS:   93154488 kB
VmallocTotal:   251658176 kB
VmallocUsed:      139908 kB
VmallocChunk:   251442732 kB
Time pass: 363 sec

---2015-12-05 14:07:44
MemTotal:        2905316 kB
MemFree:           68580 kB
Buffers:           26036 kB
Cached:          1005160 kB
SwapCached:            0 kB
Active:          1315316 kB
Inactive:         701228 kB
Active(anon):     821128 kB
Inactive(anon):   206452 kB
Active(file):     494188 kB
Inactive(file):   494776 kB
Unevictable:       12456 kB
Mlocked:               0 kB
SwapTotal:        720184 kB
SwapFree:         720156 kB
Dirty:                24 kB
Writeback:             0 kB
AnonPages:        997780 kB
Mapped:           709456 kB
Shmem:             29776 kB
Slab:             117844 kB
SReclaimable:      35900 kB
SUnreclaim:        81944 kB
KernelStack:       34064 kB
PageTables:        56836 kB
NFS_Unstable:          0 kB
Bounce:                0 kB
WritebackTmp:          0 kB
CommitLimit:     2172840 kB
Committed_AS:   93154512 kB
VmallocTotal:   251658176 kB
VmallocUsed:      139908 kB
VmallocChunk:   251442732 kB
Time pass: 367 sec

---2015-12-05 14:07:44
MemTotal:        2905316 kB
MemFree:           67088 kB
Buffers:           26044 kB
Cached:          1005184 kB
SwapCached:            0 kB
Active:          1315788 kB
Inactive:         701252 kB
Active(anon):     821592 kB
Inactive(anon):   206452 kB
Active(file):     494196 kB
Inactive(file):   494800 kB
Unevictable:       12456 kB
Mlocked:               0 kB
SwapTotal:        720184 kB
SwapFree:         720156 kB
Dirty:                80 kB
Writeback:             0 kB
AnonPages:        998248 kB
Mapped:           709472 kB
Shmem:             29776 kB
Slab:             117844 kB
SReclaimable:      35900 kB
SUnreclaim:        81944 kB
KernelStack:       34144 kB
PageTables:        56836 kB
NFS_Unstable:          0 kB
Bounce:                0 kB
WritebackTmp:          0 kB
CommitLimit:     2172840 kB
Committed_AS:   93154528 kB
VmallocTotal:   251658176 kB
VmallocUsed:      139920 kB
VmallocChunk:   251442732 kB
Time pass: 371 sec

---2015-12-05 14:07:44
MemTotal:        2905316 kB
MemFree:           66856 kB
Buffers:           26044 kB
Cached:          1005188 kB
SwapCached:            0 kB
Active:          1315652 kB
Inactive:         701252 kB
Active(anon):     821452 kB
Inactive(anon):   206452 kB
Active(file):     494200 kB
Inactive(file):   494800 kB
Unevictable:       12456 kB
Mlocked:               0 kB
SwapTotal:        720184 kB
SwapFree:         720156 kB
Dirty:                 4 kB
Writeback:             0 kB
AnonPages:        998220 kB
Mapped:           709476 kB
Shmem:             29776 kB
Slab:             117844 kB
SReclaimable:      35900 kB
SUnreclaim:        81944 kB
KernelStack:       34144 kB
PageTables:        56836 kB
NFS_Unstable:          0 kB
Bounce:                0 kB
WritebackTmp:          0 kB
CommitLimit:     2172840 kB
Committed_AS:   93154556 kB
VmallocTotal:   251658176 kB
VmallocUsed:      139920 kB
VmallocChunk:   251442732 kB
Time pass: 374 sec

---2015-12-05 14:07:44
MemTotal:        2905316 kB
MemFree:           66236 kB
Buffers:           26068 kB
Cached:          1005204 kB
SwapCached:            0 kB
Active:          1316380 kB
Inactive:         701288 kB
Active(anon):     822176 kB
Inactive(anon):   206452 kB
Active(file):     494204 kB
Inactive(file):   494836 kB
Unevictable:       12456 kB
Mlocked:               0 kB
SwapTotal:        720184 kB
SwapFree:         720156 kB
Dirty:                80 kB
Writeback:             0 kB
AnonPages:        998972 kB
Mapped:           709484 kB
Shmem:             29776 kB
Slab:             117844 kB
SReclaimable:      35900 kB
SUnreclaim:        81944 kB
KernelStack:       34144 kB
PageTables:        56840 kB
NFS_Unstable:          0 kB
Bounce:                0 kB
WritebackTmp:          0 kB
CommitLimit:     2172840 kB
Committed_AS:   93154596 kB
VmallocTotal:   251658176 kB
VmallocUsed:      139920 kB
VmallocChunk:   251442732 kB
Time pass: 378 sec

---2015-12-05 14:07:44
MemTotal:        2905316 kB
MemFree:           65304 kB
Buffers:           26068 kB
Cached:          1005736 kB
SwapCached:            0 kB
Active:          1316740 kB
Inactive:         701780 kB
Active(anon):     822496 kB
Inactive(anon):   206512 kB
Active(file):     494244 kB
Inactive(file):   495268 kB
Unevictable:       12456 kB
Mlocked:               0 kB
SwapTotal:        720184 kB
SwapFree:         720156 kB
Dirty:                40 kB
Writeback:             0 kB
AnonPages:        999252 kB
Mapped:           709704 kB
Shmem:             29836 kB
Slab:             117844 kB
SReclaimable:      35900 kB
SUnreclaim:        81944 kB
KernelStack:       34176 kB
PageTables:        56888 kB
NFS_Unstable:          0 kB
Bounce:                0 kB
WritebackTmp:          0 kB
CommitLimit:     2172840 kB
Committed_AS:   93181292 kB
VmallocTotal:   251658176 kB
VmallocUsed:      139920 kB
VmallocChunk:   251442732 kB
Time pass: 382 sec

---2015-12-05 14:07:44
MemTotal:        2905316 kB
MemFree:           65328 kB
Buffers:           26076 kB
Cached:          1005736 kB
SwapCached:            0 kB
Active:          1316880 kB
Inactive:         701788 kB
Active(anon):     822636 kB
Inactive(anon):   206512 kB
Active(file):     494244 kB
Inactive(file):   495276 kB
Unevictable:       12456 kB
Mlocked:               0 kB
SwapTotal:        720184 kB
SwapFree:         720156 kB
Dirty:                 4 kB
Writeback:             0 kB
AnonPages:        999532 kB
Mapped:           709712 kB
Shmem:             29836 kB
Slab:             117844 kB
SReclaimable:      35900 kB
SUnreclaim:        81944 kB
KernelStack:       34208 kB
PageTables:        56892 kB
NFS_Unstable:          0 kB
Bounce:                0 kB
WritebackTmp:          0 kB
CommitLimit:     2172840 kB
Committed_AS:   93181332 kB
VmallocTotal:   251658176 kB
VmallocUsed:      139920 kB
VmallocChunk:   251442732 kB
Time pass: 386 sec

---2015-12-05 14:07:44
MemTotal:        2905316 kB
MemFree:           64864 kB
Buffers:           26084 kB
Cached:          1005736 kB
SwapCached:            0 kB
Active:          1316788 kB
Inactive:         701792 kB
