---2015-11-23 15:19:04
MemTotal:        1420824 kB
MemFree:          119336 kB
Buffers:           13588 kB
Cached:           666244 kB
SwapCached:            0 kB
Active:           627236 kB
Inactive:         507232 kB
Active(anon):     454688 kB
Inactive(anon):     1280 kB
Active(file):     172548 kB
Inactive(file):   505952 kB
Unevictable:           0 kB
Mlocked:               0 kB
HighTotal:       1001472 kB
HighFree:           5112 kB
LowTotal:         419352 kB
LowFree:          114224 kB
SwapTotal:        786428 kB
SwapFree:         786428 kB
Dirty:                12 kB
Writeback:             0 kB
AnonPages:        454620 kB
Mapped:           193124 kB
Shmem:              1360 kB
Slab:              41936 kB
SReclaimable:      14488 kB
SUnreclaim:        27448 kB
KernelStack:       10168 kB
PageTables:        16936 kB
NFS_Unstable:          0 kB
Bounce:                0 kB
WritebackTmp:          0 kB
CommitLimit:     1496840 kB
Committed_AS:   23922424 kB
VmallocTotal:     458752 kB
VmallocUsed:       89176 kB
VmallocChunk:     217116 kB
Time pass: 3 sec

---2015-11-23 15:19:04
MemTotal:        1420824 kB
MemFree:          118864 kB
Buffers:           13588 kB
Cached:           666244 kB
SwapCached:            0 kB
Active:           627240 kB
Inactive:         507220 kB
Active(anon):     454680 kB
Inactive(anon):     1280 kB
Active(file):     172560 kB
Inactive(file):   505940 kB
Unevictable:           0 kB
Mlocked:               0 kB
HighTotal:       1001472 kB
HighFree:           5536 kB
LowTotal:         419352 kB
LowFree:          113328 kB
SwapTotal:        786428 kB
SwapFree:         786428 kB
Dirty:                 0 kB
Writeback:             0 kB
AnonPages:        454644 kB
Mapped:           193068 kB
Shmem:              1360 kB
Slab:              42020 kB
SReclaimable:      14660 kB
SUnreclaim:        27360 kB
KernelStack:       10184 kB
PageTables:        16912 kB
NFS_Unstable:          0 kB
Bounce:                0 kB
WritebackTmp:          0 kB
CommitLimit:     1496840 kB
Committed_AS:   23922416 kB
VmallocTotal:     458752 kB
VmallocUsed:       89208 kB
VmallocChunk:     217116 kB
Time pass: 6 sec

---2015-11-23 15:19:04
MemTotal:        1420824 kB
MemFree:          119088 kB
Buffers:           13588 kB
Cached:           666244 kB
SwapCached:            0 kB
Active:           627836 kB
Inactive:         507144 kB
Active(anon):     455200 kB
Inactive(anon):     1280 kB
Active(file):     172636 kB
Inactive(file):   505864 kB
Unevictable:           0 kB
Mlocked:               0 kB
HighTotal:       1001472 kB
HighFree:           5188 kB
LowTotal:         419352 kB
LowFree:          113900 kB
SwapTotal:        786428 kB
SwapFree:         786428 kB
Dirty:                20 kB
Writeback:             0 kB
AnonPages:        455124 kB
Mapped:           193124 kB
Shmem:              1360 kB
Slab:              41712 kB
SReclaimable:      14616 kB
SUnreclaim:        27096 kB
KernelStack:       10160 kB
PageTables:        16932 kB
NFS_Unstable:          0 kB
Bounce:                0 kB
WritebackTmp:          0 kB
CommitLimit:     1496840 kB
Committed_AS:   23922400 kB
VmallocTotal:     458752 kB
VmallocUsed:       89176 kB
VmallocChunk:     217116 kB
Time pass: 10 sec

---2015-11-23 15:19:04
MemTotal:        1420824 kB
MemFree:          127612 kB
Buffers:           13604 kB
Cached:           666416 kB
SwapCached:            0 kB
Active:           619652 kB
Inactive:         507308 kB
Active(anon):     446992 kB
Inactive(anon):     1280 kB
Active(file):     172660 kB
Inactive(file):   506028 kB
Unevictable:           0 kB
Mlocked:               0 kB
HighTotal:       1001472 kB
HighFree:           9652 kB
LowTotal:         419352 kB
LowFree:          117960 kB
SwapTotal:        786428 kB
SwapFree:         786428 kB
Dirty:               276 kB
Writeback:             0 kB
AnonPages:        446904 kB
Mapped:           187808 kB
Shmem:              1360 kB
Slab:              41940 kB
SReclaimable:      14528 kB
SUnreclaim:        27412 kB
KernelStack:        9944 kB
PageTables:        16424 kB
NFS_Unstable:          0 kB
Bounce:                0 kB
WritebackTmp:          0 kB
CommitLimit:     1496840 kB
Committed_AS:   23057292 kB
VmallocTotal:     458752 kB
VmallocUsed:       87136 kB
VmallocChunk:     217116 kB
Time pass: 13 sec

---2015-11-23 15:19:04
MemTotal:        1420824 kB
MemFree:          130528 kB
Buffers:           13612 kB
Cached:           666416 kB
SwapCached:            0 kB
Active:           616784 kB
Inactive:         507308 kB
Active(anon):     444124 kB
Inactive(anon):     1280 kB
Active(file):     172660 kB
Inactive(file):   506028 kB
Unevictable:           0 kB
Mlocked:               0 kB
HighTotal:       1001472 kB
HighFree:          12132 kB
LowTotal:         419352 kB
LowFree:          118396 kB
SwapTotal:        786428 kB
SwapFree:         786428 kB
Dirty:                56 kB
Writeback:             0 kB
AnonPages:        444072 kB
Mapped:           187808 kB
Shmem:              1360 kB
Slab:              41904 kB
SReclaimable:      14524 kB
SUnreclaim:        27380 kB
KernelStack:        9944 kB
PageTables:        16424 kB
NFS_Unstable:          0 kB
Bounce:                0 kB
WritebackTmp:          0 kB
CommitLimit:     1496840 kB
Committed_AS:   23057292 kB
VmallocTotal:     458752 kB
VmallocUsed:       87136 kB
VmallocChunk:     217116 kB
Time pass: 17 sec

---2015-11-23 15:19:04
MemTotal:        1420824 kB
MemFree:           91132 kB
Buffers:           13620 kB
Cached:           695876 kB
SwapCached:            0 kB
Active:           624236 kB
Inactive:         536608 kB
Active(anon):     451508 kB
Inactive(anon):     1284 kB
Active(file):     172728 kB
Inactive(file):   535324 kB
Unevictable:           0 kB
Mlocked:               0 kB
HighTotal:       1001472 kB
HighFree:           5428 kB
LowTotal:         419352 kB
LowFree:           85704 kB
SwapTotal:        786428 kB
SwapFree:         786428 kB
Dirty:               732 kB
Writeback:             0 kB
AnonPages:        451500 kB
Mapped:           199872 kB
Shmem:              1364 kB
Slab:              41912 kB
SReclaimable:      14556 kB
SUnreclaim:        27356 kB
KernelStack:       10024 kB
PageTables:        16720 kB
NFS_Unstable:          0 kB
Bounce:                0 kB
WritebackTmp:          0 kB
CommitLimit:     1496840 kB
Committed_AS:   23532320 kB
VmallocTotal:     458752 kB
VmallocUsed:       88388 kB
VmallocChunk:     217116 kB
Time pass: 20 sec

---2015-11-23 15:19:04
MemTotal:        1420824 kB
MemFree:           53432 kB
Buffers:           13756 kB
Cached:           703672 kB
SwapCached:            0 kB
Active:           641888 kB
Inactive:         543568 kB
Active(anon):     468080 kB
Inactive(anon):     1412 kB
Active(file):     173808 kB
Inactive(file):   542156 kB
Unevictable:           0 kB
Mlocked:               0 kB
HighTotal:       1001472 kB
HighFree:           5236 kB
LowTotal:         419352 kB
LowFree:           48196 kB
SwapTotal:        786428 kB
SwapFree:         786428 kB
Dirty:              1176 kB
Writeback:             0 kB
AnonPages:        468072 kB
Mapped:           210132 kB
Shmem:              1492 kB
Slab:              42680 kB
SReclaimable:      14948 kB
SUnreclaim:        27732 kB
KernelStack:       10496 kB
PageTables:        17028 kB
NFS_Unstable:          0 kB
Bounce:                0 kB
WritebackTmp:          0 kB
CommitLimit:     1496840 kB
Committed_AS:   23551916 kB
VmallocTotal:     458752 kB
VmallocUsed:       88388 kB
VmallocChunk:     217116 kB
Time pass: 24 sec

---2015-11-23 15:19:04
MemTotal:        1420824 kB
MemFree:           43748 kB
Buffers:           12480 kB
Cached:           697228 kB
SwapCached:            0 kB
Active:           624592 kB
Inactive:         554484 kB
Active(anon):     450680 kB
Inactive(anon):    20476 kB
Active(file):     173912 kB
Inactive(file):   534008 kB
Unevictable:         292 kB
Mlocked:               0 kB
HighTotal:       1001472 kB
HighFree:           5132 kB
LowTotal:         419352 kB
LowFree:           38616 kB
SwapTotal:        786428 kB
SwapFree:         786428 kB
Dirty:                68 kB
Writeback:             0 kB
AnonPages:        469712 kB
Mapped:           211368 kB
Shmem:              1492 kB
Slab:              42504 kB
SReclaimable:      14868 kB
SUnreclaim:        27636 kB
KernelStack:       10488 kB
PageTables:        17060 kB
NFS_Unstable:          0 kB
Bounce:                0 kB
WritebackTmp:          0 kB
CommitLimit:     1496840 kB
Committed_AS:   23553620 kB
VmallocTotal:     458752 kB
VmallocUsed:       88448 kB
VmallocChunk:     217116 kB
Time pass: 27 sec

---2015-11-23 15:19:04
MemTotal:        1420824 kB
MemFree:           41864 kB
Buffers:           11860 kB
Cached:           694112 kB
SwapCached:            0 kB
Active:           616968 kB
Inactive:         558400 kB
Active(anon):     443052 kB
Inactive(anon):    28128 kB
Active(file):     173916 kB
Inactive(file):   530272 kB
Unevictable:         292 kB
Mlocked:               0 kB
HighTotal:       1001472 kB
HighFree:           6452 kB
LowTotal:         419352 kB
LowFree:           35412 kB
SwapTotal:        786428 kB
SwapFree:         786428 kB
Dirty:               196 kB
Writeback:             0 kB
AnonPages:        469660 kB
Mapped:           212124 kB
Shmem:              1492 kB
Slab:              42048 kB
SReclaimable:      14796 kB
SUnreclaim:        27252 kB
KernelStack:       10488 kB
PageTables:        17072 kB
NFS_Unstable:          0 kB
Bounce:                0 kB
WritebackTmp:          0 kB
CommitLimit:     1496840 kB
Committed_AS:   23553848 kB
VmallocTotal:     458752 kB
VmallocUsed:       88452 kB
VmallocChunk:     217116 kB
Time pass: 31 sec

---2015-11-23 15:19:04
MemTotal:        1420824 kB
MemFree:           42912 kB
Buffers:            9592 kB
Cached:           682864 kB
SwapCached:            0 kB
Active:           596660 kB
Inactive:         572488 kB
Active(anon):     422316 kB
Inactive(anon):    56160 kB
Active(file):     174344 kB
Inactive(file):   516328 kB
Unevictable:         292 kB
Mlocked:               0 kB
HighTotal:       1001472 kB
HighFree:           7268 kB
LowTotal:         419352 kB
LowFree:           35644 kB
SwapTotal:        786428 kB
SwapFree:         786428 kB
Dirty:                24 kB
Writeback:             0 kB
AnonPages:        476984 kB
Mapped:           213568 kB
Shmem:              1492 kB
Slab:              42236 kB
SReclaimable:      14788 kB
SUnreclaim:        27448 kB
KernelStack:       10544 kB
PageTables:        17112 kB
NFS_Unstable:          0 kB
Bounce:                0 kB
WritebackTmp:          0 kB
CommitLimit:     1496840 kB
Committed_AS:   23556948 kB
VmallocTotal:     458752 kB
VmallocUsed:       88452 kB
VmallocChunk:     217116 kB
Time pass: 34 sec

---2015-11-23 15:19:04
MemTotal:        1420824 kB
MemFree:           45776 kB
Buffers:            9600 kB
Cached:           682864 kB
SwapCached:            0 kB
Active:           593916 kB
Inactive:         572484 kB
Active(anon):     419568 kB
Inactive(anon):    56152 kB
Active(file):     174348 kB
Inactive(file):   516332 kB
Unevictable:         292 kB
Mlocked:               0 kB
HighTotal:       1001472 kB
HighFree:          10064 kB
LowTotal:         419352 kB
LowFree:           35712 kB
SwapTotal:        786428 kB
SwapFree:         786428 kB
Dirty:                84 kB
Writeback:             0 kB
AnonPages:        474220 kB
Mapped:           213680 kB
Shmem:              1492 kB
Slab:              42140 kB
SReclaimable:      14788 kB
SUnreclaim:        27352 kB
KernelStack:       10536 kB
PageTables:        17112 kB
NFS_Unstable:          0 kB
Bounce:                0 kB
WritebackTmp:          0 kB
CommitLimit:     1496840 kB
Committed_AS:   23556944 kB
VmallocTotal:     458752 kB
VmallocUsed:       88452 kB
VmallocChunk:     217116 kB
Time pass: 38 sec

---2015-11-23 15:19:04
MemTotal:        1420824 kB
MemFree:           40796 kB
Buffers:            8948 kB
Cached:           680568 kB
SwapCached:            0 kB
Active:           595388 kB
Inactive:         577344 kB
Active(anon):     420844 kB
Inactive(anon):    64220 kB
Active(file):     174544 kB
Inactive(file):   513124 kB
Unevictable:         292 kB
Mlocked:               0 kB
HighTotal:       1001472 kB
HighFree:           6804 kB
LowTotal:         419352 kB
LowFree:           33992 kB
SwapTotal:        786428 kB
SwapFree:         786428 kB
Dirty:               220 kB
Writeback:             0 kB
AnonPages:        483704 kB
Mapped:           215096 kB
Shmem:              1496 kB
Slab:              42384 kB
SReclaimable:      14808 kB
SUnreclaim:        27576 kB
KernelStack:       10600 kB
PageTables:        17144 kB
NFS_Unstable:          0 kB
Bounce:                0 kB
WritebackTmp:          0 kB
CommitLimit:     1496840 kB
Committed_AS:   23568172 kB
VmallocTotal:     458752 kB
VmallocUsed:       88516 kB
VmallocChunk:     217116 kB
Time pass: 41 sec

---2015-11-23 15:19:04
MemTotal:        1420824 kB
MemFree:           39808 kB
Buffers:            6640 kB
Cached:           662740 kB
SwapCached:            0 kB
Active:           553324 kB
Inactive:         605332 kB
Active(anon):     378600 kB
Inactive(anon):   112596 kB
Active(file):     174724 kB
Inactive(file):   492736 kB
Unevictable:         292 kB
Mlocked:               0 kB
HighTotal:       1001472 kB
HighFree:           5868 kB
LowTotal:         419352 kB
LowFree:           33940 kB
SwapTotal:        786428 kB
SwapFree:         786428 kB
Dirty:               748 kB
Writeback:             0 kB
AnonPages:        489664 kB
Mapped:           217996 kB
Shmem:              1496 kB
Slab:              42464 kB
SReclaimable:      14816 kB
SUnreclaim:        27648 kB
KernelStack:       10584 kB
PageTables:        17176 kB
NFS_Unstable:          0 kB
Bounce:                0 kB
WritebackTmp:          0 kB
CommitLimit:     1496840 kB
Committed_AS:   23573988 kB
VmallocTotal:     458752 kB
VmallocUsed:       88500 kB
VmallocChunk:     217116 kB
Time pass: 45 sec

---2015-11-23 15:19:04
MemTotal:        1420824 kB
MemFree:           41920 kB
Buffers:            6592 kB
Cached:           655012 kB
SwapCached:            0 kB
Active:           533732 kB
Inactive:         617836 kB
Active(anon):     356908 kB
Inactive(anon):   134844 kB
Active(file):     176824 kB
Inactive(file):   482992 kB
Unevictable:         292 kB
Mlocked:               0 kB
HighTotal:       1001472 kB
HighFree:           7428 kB
LowTotal:         419352 kB
LowFree:           34492 kB
SwapTotal:        786428 kB
SwapFree:         786428 kB
Dirty:               508 kB
Writeback:             0 kB
AnonPages:        490280 kB
Mapped:           219072 kB
Shmem:              1496 kB
Slab:              42352 kB
SReclaimable:      14804 kB
SUnreclaim:        27548 kB
KernelStack:       10560 kB
PageTables:        17200 kB
NFS_Unstable:          0 kB
Bounce:                0 kB
WritebackTmp:          0 kB
CommitLimit:     1496840 kB
Committed_AS:   23574276 kB
VmallocTotal:     458752 kB
VmallocUsed:       88460 kB
VmallocChunk:     217116 kB
Time pass: 48 sec

---2015-11-23 15:19:04
MemTotal:        1420824 kB
MemFree:           40648 kB
Buffers:            6552 kB
Cached:           650272 kB
SwapCached:            0 kB
Active:           522064 kB
Inactive:         627704 kB
Active(anon):     341468 kB
Inactive(anon):   153260 kB
Active(file):     180596 kB
Inactive(file):   474444 kB
Unevictable:         292 kB
Mlocked:               0 kB
HighTotal:       1001472 kB
HighFree:           6260 kB
LowTotal:         419352 kB
LowFree:           34388 kB
SwapTotal:        786428 kB
SwapFree:         786428 kB
Dirty:                40 kB
Writeback:             0 kB
AnonPages:        493480 kB
Mapped:           220260 kB
Shmem:              1496 kB
Slab:              42472 kB
SReclaimable:      14804 kB
SUnreclaim:        27668 kB
KernelStack:       10560 kB
PageTables:        17200 kB
NFS_Unstable:          0 kB
Bounce:                0 kB
WritebackTmp:          0 kB
CommitLimit:     1496840 kB
Committed_AS:   23577560 kB
VmallocTotal:     458752 kB
VmallocUsed:       88556 kB
VmallocChunk:     217116 kB
Time pass: 51 sec

---2015-11-23 15:19:04
MemTotal:        1420824 kB
MemFree:           42160 kB
Buffers:            6484 kB
Cached:           649048 kB
SwapCached:            0 kB
Active:           516080 kB
Inactive:         630460 kB
Active(anon):     334168 kB
Inactive(anon):   158628 kB
Active(file):     181912 kB
Inactive(file):   471832 kB
Unevictable:         292 kB
Mlocked:               0 kB
HighTotal:       1001472 kB
HighFree:           6780 kB
LowTotal:         419352 kB
LowFree:           35380 kB
SwapTotal:        786428 kB
SwapFree:         786428 kB
Dirty:               112 kB
Writeback:             0 kB
AnonPages:        491356 kB
Mapped:           221436 kB
Shmem:              1496 kB
Slab:              42412 kB
SReclaimable:      14820 kB
SUnreclaim:        27592 kB
KernelStack:       10552 kB
PageTables:        17208 kB
NFS_Unstable:          0 kB
Bounce:                0 kB
WritebackTmp:          0 kB
CommitLimit:     1496840 kB
Committed_AS:   23575180 kB
VmallocTotal:     458752 kB
VmallocUsed:       88504 kB
VmallocChunk:     217116 kB
Time pass: 55 sec

---2015-11-23 15:19:04
MemTotal:        1420824 kB
MemFree:           40448 kB
Buffers:            6488 kB
Cached:           637728 kB
SwapCached:            0 kB
Active:           490672 kB
Inactive:         649432 kB
Active(anon):     306408 kB
Inactive(anon):   191268 kB
Active(file):     184264 kB
Inactive(file):   458164 kB
Unevictable:         292 kB
Mlocked:               0 kB
HighTotal:       1001472 kB
HighFree:           7452 kB
LowTotal:         419352 kB
LowFree:           32996 kB
SwapTotal:        786428 kB
SwapFree:         786428 kB
Dirty:               588 kB
Writeback:             0 kB
AnonPages:        496236 kB
Mapped:           221684 kB
Shmem:              1496 kB
Slab:              42588 kB
SReclaimable:      14844 kB
SUnreclaim:        27744 kB
KernelStack:       10544 kB
PageTables:        17220 kB
NFS_Unstable:          0 kB
Bounce:                0 kB
WritebackTmp:          0 kB
CommitLimit:     1496840 kB
Committed_AS:   23575752 kB
VmallocTotal:     458752 kB
VmallocUsed:       88516 kB
VmallocChunk:     217116 kB
Time pass: 58 sec

---2015-11-23 15:19:04
MemTotal:        1420824 kB
MemFree:           40700 kB
Buffers:            6600 kB
Cached:           632008 kB
SwapCached:            0 kB
Active:           466064 kB
Inactive:         674220 kB
Active(anon):     274220 kB
Inactive(anon):   229244 kB
Active(file):     191844 kB
Inactive(file):   444976 kB
Unevictable:         292 kB
Mlocked:               0 kB
HighTotal:       1001472 kB
HighFree:           5368 kB
LowTotal:         419352 kB
LowFree:           35332 kB
SwapTotal:        786428 kB
SwapFree:         786428 kB
Dirty:               348 kB
Writeback:             0 kB
AnonPages:        502068 kB
Mapped:           224896 kB
Shmem:              1496 kB
Slab:              42500 kB
SReclaimable:      14852 kB
SUnreclaim:        27648 kB
KernelStack:       10608 kB
PageTables:        17236 kB
NFS_Unstable:          0 kB
Bounce:                0 kB
WritebackTmp:          0 kB
CommitLimit:     1496840 kB
Committed_AS:   23588252 kB
VmallocTotal:     458752 kB
VmallocUsed:       88516 kB
VmallocChunk:     217116 kB
Time pass: 62 sec

---2015-11-23 15:19:04
MemTotal:        1420824 kB
MemFree:           37764 kB
Buffers:            6620 kB
Cached:           607572 kB
SwapCached:            0 kB
Active:           451992 kB
Inactive:         671436 kB
Active(anon):     255756 kB
Inactive(anon):   255568 kB
Active(file):     196236 kB
Inactive(file):   415868 kB
Unevictable:         292 kB
Mlocked:               0 kB
HighTotal:       1001472 kB
HighFree:           6128 kB
LowTotal:         419352 kB
LowFree:           31636 kB
SwapTotal:        786428 kB
SwapFree:         786428 kB
Dirty:               380 kB
Writeback:             0 kB
AnonPages:        509804 kB
Mapped:           225728 kB
Shmem:              1600 kB
Slab:              42984 kB
SReclaimable:      14888 kB
SUnreclaim:        28096 kB
KernelStack:       10720 kB
PageTables:        17428 kB
NFS_Unstable:          0 kB
Bounce:                0 kB
WritebackTmp:          0 kB
CommitLimit:     1496840 kB
Committed_AS:   23607708 kB
VmallocTotal:     458752 kB
VmallocUsed:       91016 kB
VmallocChunk:     217116 kB
Time pass: 66 sec

---2015-11-23 15:19:04
MemTotal:        1420824 kB
MemFree:           38932 kB
Buffers:            6620 kB
Cached:           567920 kB
SwapCached:            0 kB
Active:           458308 kB
Inactive:         631344 kB
Active(anon):     258144 kB
Inactive(anon):   258820 kB
Active(file):     200164 kB
Inactive(file):   372524 kB
Unevictable:         292 kB
Mlocked:               0 kB
HighTotal:       1001472 kB
HighFree:           6836 kB
LowTotal:         419352 kB
LowFree:           32096 kB
SwapTotal:        786428 kB
SwapFree:         786428 kB
Dirty:                64 kB
Writeback:             0 kB
AnonPages:        515296 kB
Mapped:           224316 kB
Shmem:              1660 kB
Slab:              43368 kB
SReclaimable:      14956 kB
SUnreclaim:        28412 kB
KernelStack:       10768 kB
PageTables:        17512 kB
NFS_Unstable:          0 kB
Bounce:                0 kB
WritebackTmp:          0 kB
CommitLimit:     1496840 kB
Committed_AS:   23611688 kB
VmallocTotal:     458752 kB
VmallocUsed:       91016 kB
VmallocChunk:     217116 kB
Time pass: 69 sec

---2015-11-23 15:19:04
MemTotal:        1420824 kB
MemFree:           38504 kB
Buffers:            6636 kB
Cached:           568084 kB
SwapCached:            0 kB
Active:           458912 kB
Inactive:         631376 kB
Active(anon):     258704 kB
Inactive(anon):   258992 kB
Active(file):     200208 kB
Inactive(file):   372384 kB
Unevictable:         292 kB
Mlocked:               0 kB
HighTotal:       1001472 kB
HighFree:           6164 kB
LowTotal:         419352 kB
LowFree:           32340 kB
SwapTotal:        786428 kB
SwapFree:         786428 kB
Dirty:                40 kB
Writeback:             0 kB
AnonPages:        515836 kB
Mapped:           224484 kB
Shmem:              1836 kB
Slab:              43212 kB
SReclaimable:      14956 kB
SUnreclaim:        28256 kB
KernelStack:       10760 kB
PageTables:        17560 kB
NFS_Unstable:          0 kB
Bounce:                0 kB
WritebackTmp:          0 kB
CommitLimit:     1496840 kB
Committed_AS:   23611948 kB
VmallocTotal:     458752 kB
VmallocUsed:       90984 kB
VmallocChunk:     217116 kB
Time pass: 75 sec

---2015-11-23 15:19:04
MemTotal:        1420824 kB
MemFree:           39020 kB
Buffers:            6644 kB
Cached:           568076 kB
SwapCached:            0 kB
Active:           458996 kB
Inactive:         631376 kB
Active(anon):     258788 kB
Inactive(anon):   258992 kB
Active(file):     200208 kB
Inactive(file):   372384 kB
Unevictable:         292 kB
Mlocked:               0 kB
HighTotal:       1001472 kB
HighFree:           6508 kB
LowTotal:         419352 kB
LowFree:           32512 kB
SwapTotal:        786428 kB
SwapFree:         786428 kB
Dirty:                 0 kB
Writeback:             0 kB
AnonPages:        515980 kB
Mapped:           224600 kB
Shmem:              1836 kB
Slab:              43064 kB
SReclaimable:      14960 kB
SUnreclaim:        28104 kB
KernelStack:       10760 kB
PageTables:        17564 kB
NFS_Unstable:          0 kB
Bounce:                0 kB
WritebackTmp:          0 kB
CommitLimit:     1496840 kB
Committed_AS:   23611892 kB
VmallocTotal:     458752 kB
VmallocUsed:       90984 kB
VmallocChunk:     217116 kB
Time pass: 78 sec

---2015-11-23 15:19:04
MemTotal:        1420824 kB
MemFree:           36648 kB
Buffers:            6660 kB
Cached:           565464 kB
SwapCached:            0 kB
Active:           458688 kB
Inactive:         629316 kB
Active(anon):     258248 kB
Inactive(anon):   259812 kB
Active(file):     200440 kB
Inactive(file):   369504 kB
Unevictable:         292 kB
Mlocked:               0 kB
HighTotal:       1001472 kB
HighFree:           5268 kB
LowTotal:         419352 kB
LowFree:           31380 kB
SwapTotal:        786428 kB
SwapFree:         786428 kB
Dirty:                40 kB
Writeback:             0 kB
AnonPages:        516204 kB
Mapped:           224516 kB
Shmem:              1888 kB
Slab:              43424 kB
SReclaimable:      14960 kB
SUnreclaim:        28464 kB
KernelStack:       10744 kB
PageTables:        17444 kB
NFS_Unstable:          0 kB
Bounce:                0 kB
WritebackTmp:          0 kB
CommitLimit:     1496840 kB
Committed_AS:   23611952 kB
VmallocTotal:     458752 kB
VmallocUsed:       90984 kB
VmallocChunk:     217116 kB
Time pass: 82 sec

---2015-11-23 15:19:04
MemTotal:        1420824 kB
MemFree:           37228 kB
Buffers:            6676 kB
Cached:           559092 kB
SwapCached:            0 kB
Active:           459072 kB
Inactive:         624192 kB
Active(anon):     258328 kB
Inactive(anon):   261348 kB
Active(file):     200744 kB
Inactive(file):   362844 kB
Unevictable:         292 kB
Mlocked:               0 kB
HighTotal:       1001472 kB
HighFree:           6412 kB
LowTotal:         419352 kB
LowFree:           30816 kB
SwapTotal:        786428 kB
SwapFree:         786428 kB
Dirty:                48 kB
Writeback:             0 kB
AnonPages:        517792 kB
Mapped:           224644 kB
Shmem:              1888 kB
Slab:              43604 kB
SReclaimable:      14976 kB
SUnreclaim:        28628 kB
KernelStack:       10704 kB
PageTables:        17584 kB
NFS_Unstable:          0 kB
Bounce:                0 kB
WritebackTmp:          0 kB
CommitLimit:     1496840 kB
Committed_AS:   23614112 kB
VmallocTotal:     458752 kB
VmallocUsed:       91016 kB
VmallocChunk:     217116 kB
Time pass: 85 sec

---2015-11-23 15:19:04
MemTotal:        1420824 kB
MemFree:           38380 kB
Buffers:            6676 kB
Cached:           559092 kB
SwapCached:            0 kB
Active:           459228 kB
Inactive:         624192 kB
Active(anon):     258484 kB
Inactive(anon):   261348 kB
Active(file):     200744 kB
Inactive(file):   362844 kB
Unevictable:         292 kB
Mlocked:               0 kB
HighTotal:       1001472 kB
HighFree:           7328 kB
LowTotal:         419352 kB
LowFree:           31052 kB
SwapTotal:        786428 kB
SwapFree:         786428 kB
Dirty:                48 kB
Writeback:             0 kB
AnonPages:        517980 kB
Mapped:           224604 kB
Shmem:              1888 kB
Slab:              43404 kB
SReclaimable:      14976 kB
SUnreclaim:        28428 kB
KernelStack:       10704 kB
PageTables:        17556 kB
NFS_Unstable:          0 kB
Bounce:                0 kB
WritebackTmp:          0 kB
CommitLimit:     1496840 kB
Committed_AS:   23614016 kB
VmallocTotal:     458752 kB
VmallocUsed:       90984 kB
VmallocChunk:     217116 kB
Time pass: 89 sec

---2015-11-23 15:19:04
MemTotal:        1420824 kB
MemFree:           37036 kB
Buffers:            6700 kB
Cached:           559120 kB
SwapCached:            0 kB
Active:           459640 kB
Inactive:         624236 kB
Active(anon):     258896 kB
Inactive(anon):   261376 kB
Active(file):     200744 kB
Inactive(file):   362860 kB
Unevictable:         292 kB
Mlocked:               0 kB
HighTotal:       1001472 kB
HighFree:           6500 kB
LowTotal:         419352 kB
LowFree:           30536 kB
SwapTotal:        786428 kB
SwapFree:         786428 kB
Dirty:                36 kB
Writeback:             0 kB
AnonPages:        518312 kB
Mapped:           224684 kB
Shmem:              1916 kB
Slab:              43472 kB
SReclaimable:      14984 kB
SUnreclaim:        28488 kB
KernelStack:       10712 kB
PageTables:        17544 kB
NFS_Unstable:          0 kB
Bounce:                0 kB
WritebackTmp:          0 kB
CommitLimit:     1496840 kB
Committed_AS:   23614012 kB
VmallocTotal:     458752 kB
VmallocUsed:       91016 kB
VmallocChunk:     217116 kB
Time pass: 92 sec

---2015-11-23 15:19:04
MemTotal:        1420824 kB
MemFree:           45868 kB
Buffers:            6688 kB
Cached:           552096 kB
SwapCached:            0 kB
Active:           455448 kB
Inactive:         619348 kB
Active(anon):     254552 kB
Inactive(anon):   263248 kB
Active(file):     200896 kB
Inactive(file):   356100 kB
Unevictable:         292 kB
Mlocked:               0 kB
HighTotal:       1001472 kB
HighFree:           8032 kB
LowTotal:         419352 kB
LowFree:           37836 kB
SwapTotal:        786428 kB
SwapFree:         786428 kB
Dirty:                88 kB
Writeback:             0 kB
AnonPages:        516500 kB
Mapped:           226516 kB
Shmem:              1496 kB
Slab:              43604 kB
SReclaimable:      14992 kB
SUnreclaim:        28612 kB
KernelStack:       10504 kB
PageTables:        17420 kB
NFS_Unstable:          0 kB
Bounce:                0 kB
WritebackTmp:          0 kB
CommitLimit:     1496840 kB
Committed_AS:   24127668 kB
VmallocTotal:     458752 kB
VmallocUsed:       88600 kB
VmallocChunk:     217116 kB
Time pass: 95 sec

---2015-11-23 15:19:04
MemTotal:        1420824 kB
MemFree:          191880 kB
Buffers:            6720 kB
Cached:           551984 kB
SwapCached:            0 kB
Active:           391128 kB
Inactive:         609180 kB
Active(anon):     190132 kB
Inactive(anon):   253124 kB
Active(file):     200996 kB
Inactive(file):   356056 kB
Unevictable:         292 kB
Mlocked:               0 kB
HighTotal:       1001472 kB
HighFree:          78452 kB
LowTotal:         419352 kB
LowFree:          113428 kB
SwapTotal:        786428 kB
SwapFree:         786428 kB
Dirty:               144 kB
Writeback:             0 kB
AnonPages:        441876 kB
Mapped:           187912 kB
Shmem:              1360 kB
Slab:              43168 kB
SReclaimable:      14936 kB
SUnreclaim:        28232 kB
KernelStack:        9896 kB
PageTables:        16188 kB
NFS_Unstable:          0 kB
Bounce:                0 kB
WritebackTmp:          0 kB
CommitLimit:     1496840 kB
Committed_AS:   22628572 kB
VmallocTotal:     458752 kB
VmallocUsed:       86116 kB
VmallocChunk:     217116 kB
Time pass: 99 sec

---2015-11-23 15:19:04
MemTotal:        1420824 kB
MemFree:          194292 kB
Buffers:            6728 kB
Cached:           551984 kB
SwapCached:            0 kB
Active:           389012 kB
Inactive:         608932 kB
Active(anon):     188008 kB
Inactive(anon):   252876 kB
Active(file):     201004 kB
Inactive(file):   356056 kB
Unevictable:         292 kB
Mlocked:               0 kB
HighTotal:       1001472 kB
HighFree:          80456 kB
LowTotal:         419352 kB
LowFree:          113836 kB
SwapTotal:        786428 kB
SwapFree:         786428 kB
Dirty:                56 kB
Writeback:             0 kB
AnonPages:        439512 kB
Mapped:           187968 kB
Shmem:              1360 kB
Slab:              43132 kB
SReclaimable:      14936 kB
SUnreclaim:        28196 kB
KernelStack:        9888 kB
PageTables:        16192 kB
NFS_Unstable:          0 kB
Bounce:                0 kB
WritebackTmp:          0 kB
CommitLimit:     1496840 kB
Committed_AS:   22631656 kB
VmallocTotal:     458752 kB
VmallocUsed:       86116 kB
VmallocChunk:     217116 kB
Time pass: 105 sec

---2015-11-23 15:19:04
MemTotal:        1420824 kB
MemFree:          170156 kB
Buffers:            6940 kB
Cached:           552312 kB
SwapCached:            0 kB
Active:           403832 kB
Inactive:         609220 kB
Active(anon):     202456 kB
Inactive(anon):   253076 kB
Active(file):     201376 kB
Inactive(file):   356144 kB
Unevictable:         292 kB
Mlocked:               0 kB
HighTotal:       1001472 kB
HighFree:          57388 kB
LowTotal:         419352 kB
LowFree:          112768 kB
SwapTotal:        786428 kB
SwapFree:         786428 kB
Dirty:               800 kB
Writeback:             0 kB
AnonPages:        454016 kB
Mapped:           208032 kB
Shmem:              1500 kB
Slab:              43276 kB
SReclaimable:      14936 kB
SUnreclaim:        28340 kB
KernelStack:       10088 kB
PageTables:        16544 kB
NFS_Unstable:          0 kB
Bounce:                0 kB
WritebackTmp:          0 kB
CommitLimit:     1496840 kB
Committed_AS:   23119160 kB
VmallocTotal:     458752 kB
VmallocUsed:       87412 kB
VmallocChunk:     217116 kB
Time pass: 108 sec

---2015-11-23 15:19:04
MemTotal:        1420824 kB
MemFree:          154840 kB
Buffers:            6940 kB
Cached:           552532 kB
SwapCached:            0 kB
Active:           412852 kB
Inactive:         609140 kB
Active(anon):     211320 kB
Inactive(anon):   253012 kB
Active(file):     201532 kB
Inactive(file):   356128 kB
Unevictable:         292 kB
Mlocked:               0 kB
HighTotal:       1001472 kB
HighFree:          41956 kB
LowTotal:         419352 kB
LowFree:          112884 kB
SwapTotal:        786428 kB
SwapFree:         786428 kB
Dirty:              1024 kB
Writeback:             0 kB
AnonPages:        462896 kB
Mapped:           211740 kB
Shmem:              1496 kB
Slab:              43192 kB
SReclaimable:      14936 kB
SUnreclaim:        28256 kB
KernelStack:       10360 kB
PageTables:        16760 kB
NFS_Unstable:          0 kB
Bounce:                0 kB
WritebackTmp:          0 kB
CommitLimit:     1496840 kB
Committed_AS:   23129300 kB
VmallocTotal:     458752 kB
VmallocUsed:       87368 kB
VmallocChunk:     217116 kB
Time pass: 112 sec

---2015-11-23 15:19:04
MemTotal:        1420824 kB
MemFree:          128692 kB
Buffers:            6948 kB
Cached:           553440 kB
SwapCached:            0 kB
Active:           424160 kB
Inactive:         610028 kB
Active(anon):     222584 kB
Inactive(anon):   253012 kB
Active(file):     201576 kB
Inactive(file):   357016 kB
Unevictable:         292 kB
Mlocked:               0 kB
HighTotal:       1001472 kB
HighFree:          15884 kB
LowTotal:         419352 kB
LowFree:          112808 kB
SwapTotal:        786428 kB
SwapFree:         786428 kB
Dirty:               384 kB
Writeback:             0 kB
AnonPages:        474096 kB
Mapped:           216732 kB
Shmem:              1496 kB
Slab:              43184 kB
SReclaimable:      14936 kB
SUnreclaim:        28248 kB
KernelStack:       10408 kB
PageTables:        16836 kB
NFS_Unstable:          0 kB
Bounce:                0 kB
WritebackTmp:          0 kB
CommitLimit:     1496840 kB
Committed_AS:   23140076 kB
VmallocTotal:     458752 kB
VmallocUsed:       87408 kB
VmallocChunk:     217116 kB
Time pass: 115 sec

---2015-11-23 15:19:04
MemTotal:        1420824 kB
MemFree:          113652 kB
Buffers:            6972 kB
Cached:           553568 kB
SwapCached:            0 kB
Active:           427868 kB
Inactive:         609920 kB
Active(anon):     226024 kB
Inactive(anon):   253012 kB
Active(file):     201844 kB
Inactive(file):   356908 kB
Unevictable:         292 kB
Mlocked:               0 kB
HighTotal:       1001472 kB
HighFree:           5072 kB
LowTotal:         419352 kB
LowFree:          108580 kB
SwapTotal:        786428 kB
SwapFree:         786428 kB
Dirty:               204 kB
Writeback:             0 kB
AnonPages:        477588 kB
Mapped:           219036 kB
Shmem:              1496 kB
Slab:              43232 kB
SReclaimable:      14944 kB
SUnreclaim:        28288 kB
KernelStack:       10392 kB
PageTables:        16852 kB
NFS_Unstable:          0 kB
Bounce:                0 kB
WritebackTmp:          0 kB
CommitLimit:     1496840 kB
Committed_AS:   23143412 kB
VmallocTotal:     458752 kB
VmallocUsed:       87456 kB
VmallocChunk:     217116 kB
Time pass: 119 sec

---2015-11-23 15:19:04
MemTotal:        1420824 kB
MemFree:           95528 kB
Buffers:            6980 kB
Cached:           554104 kB
SwapCached:            0 kB
Active:           431400 kB
Inactive:         609552 kB
Active(anon):     228644 kB
Inactive(anon):   253012 kB
Active(file):     202756 kB
Inactive(file):   356540 kB
Unevictable:         292 kB
Mlocked:               0 kB
HighTotal:       1001472 kB
HighFree:           5060 kB
LowTotal:         419352 kB
LowFree:           90468 kB
SwapTotal:        786428 kB
SwapFree:         786428 kB
Dirty:               912 kB
Writeback:             0 kB
AnonPages:        480260 kB
Mapped:           222728 kB
Shmem:              1496 kB
Slab:              43208 kB
SReclaimable:      14944 kB
SUnreclaim:        28264 kB
KernelStack:       10408 kB
PageTables:        16908 kB
NFS_Unstable:          0 kB
Bounce:                0 kB
WritebackTmp:          0 kB
CommitLimit:     1496840 kB
Committed_AS:   23145944 kB
VmallocTotal:     458752 kB
VmallocUsed:       87448 kB
VmallocChunk:     217116 kB
Time pass: 122 sec

---2015-11-23 15:19:04
MemTotal:        1420824 kB
MemFree:           93960 kB
Buffers:            6992 kB
Cached:           554112 kB
SwapCached:            0 kB
Active:           431664 kB
Inactive:         609552 kB
Active(anon):     228896 kB
Inactive(anon):   253012 kB
Active(file):     202768 kB
Inactive(file):   356540 kB
Unevictable:         292 kB
Mlocked:               0 kB
HighTotal:       1001472 kB
HighFree:           5276 kB
LowTotal:         419352 kB
LowFree:           88684 kB
SwapTotal:        786428 kB
SwapFree:         786428 kB
Dirty:               160 kB
Writeback:             0 kB
AnonPages:        480412 kB
Mapped:           222900 kB
Shmem:              1496 kB
Slab:              43172 kB
SReclaimable:      14944 kB
SUnreclaim:        28228 kB
KernelStack:       10408 kB
PageTables:        16912 kB
NFS_Unstable:          0 kB
Bounce:                0 kB
WritebackTmp:          0 kB
CommitLimit:     1496840 kB
Committed_AS:   23146192 kB
VmallocTotal:     458752 kB
VmallocUsed:       87428 kB
VmallocChunk:     217116 kB
Time pass: 125 sec

---2015-11-23 15:19:04
MemTotal:        1420824 kB
MemFree:           81860 kB
Buffers:            6992 kB
Cached:           554128 kB
SwapCached:            0 kB
Active:           437000 kB
Inactive:         609548 kB
Active(anon):     234204 kB
Inactive(anon):   253012 kB
Active(file):     202796 kB
Inactive(file):   356536 kB
Unevictable:         292 kB
Mlocked:               0 kB
HighTotal:       1001472 kB
HighFree:           5148 kB
LowTotal:         419352 kB
LowFree:           76712 kB
SwapTotal:        786428 kB
SwapFree:         786428 kB
Dirty:               516 kB
Writeback:             0 kB
AnonPages:        485720 kB
Mapped:           223904 kB
Shmem:              1496 kB
Slab:              43140 kB
SReclaimable:      14952 kB
SUnreclaim:        28188 kB
KernelStack:       10408 kB
PageTables:        16932 kB
NFS_Unstable:          0 kB
Bounce:                0 kB
WritebackTmp:          0 kB
CommitLimit:     1496840 kB
Committed_AS:   23151120 kB
VmallocTotal:     458752 kB
VmallocUsed:       87440 kB
VmallocChunk:     217116 kB
Time pass: 129 sec

---2015-11-23 15:19:04
MemTotal:        1420824 kB
MemFree:           81876 kB
Buffers:            7000 kB
Cached:           554128 kB
SwapCached:            0 kB
Active:           437040 kB
Inactive:         609556 kB
Active(anon):     234244 kB
Inactive(anon):   253012 kB
Active(file):     202796 kB
Inactive(file):   356544 kB
Unevictable:         292 kB
Mlocked:               0 kB
HighTotal:       1001472 kB
HighFree:           5148 kB
LowTotal:         419352 kB
LowFree:           76728 kB
SwapTotal:        786428 kB
SwapFree:         786428 kB
Dirty:                60 kB
Writeback:             0 kB
AnonPages:        485800 kB
Mapped:           223924 kB
Shmem:              1496 kB
Slab:              43136 kB
SReclaimable:      14948 kB
SUnreclaim:        28188 kB
KernelStack:       10408 kB
PageTables:        16936 kB
NFS_Unstable:          0 kB
Bounce:                0 kB
WritebackTmp:          0 kB
CommitLimit:     1496840 kB
Committed_AS:   23151120 kB
VmallocTotal:     458752 kB
VmallocUsed:       87440 kB
VmallocChunk:     217116 kB
Time pass: 134 sec

---2015-11-23 15:19:04
MemTotal:        1420824 kB
MemFree:           81796 kB
Buffers:            7000 kB
Cached:           554128 kB
SwapCached:            0 kB
Active:           437084 kB
Inactive:         609556 kB
Active(anon):     234288 kB
Inactive(anon):   253012 kB
Active(file):     202796 kB
Inactive(file):   356544 kB
Unevictable:         292 kB
Mlocked:               0 kB
HighTotal:       1001472 kB
HighFree:           5132 kB
LowTotal:         419352 kB
LowFree:           76664 kB
SwapTotal:        786428 kB
SwapFree:         786428 kB
Dirty:                60 kB
Writeback:             0 kB
AnonPages:        485796 kB
Mapped:           223940 kB
Shmem:              1496 kB
Slab:              43200 kB
SReclaimable:      14948 kB
SUnreclaim:        28252 kB
KernelStack:       10408 kB
PageTables:        16936 kB
NFS_Unstable:          0 kB
Bounce:                0 kB
WritebackTmp:          0 kB
CommitLimit:     1496840 kB
Committed_AS:   23151120 kB
VmallocTotal:     458752 kB
VmallocUsed:       87440 kB
VmallocChunk:     217116 kB
Time pass: 137 sec

---2015-11-23 15:19:04
MemTotal:        1420824 kB
MemFree:           73640 kB
Buffers:            7156 kB
Cached:           554460 kB
SwapCached:            0 kB
Active:           444008 kB
Inactive:         609152 kB
Active(anon):     240320 kB
Inactive(anon):   253092 kB
Active(file):     203688 kB
Inactive(file):   356060 kB
Unevictable:         292 kB
Mlocked:               0 kB
HighTotal:       1001472 kB
HighFree:           4904 kB
LowTotal:         419352 kB
LowFree:           68736 kB
SwapTotal:        786428 kB
SwapFree:         786428 kB
Dirty:                48 kB
Writeback:             0 kB
AnonPages:        491816 kB
Mapped:           225908 kB
Shmem:              1576 kB
Slab:              43460 kB
SReclaimable:      14948 kB
SUnreclaim:        28512 kB
KernelStack:       10584 kB
PageTables:        17036 kB
NFS_Unstable:          0 kB
Bounce:                0 kB
WritebackTmp:          0 kB
CommitLimit:     1496840 kB
Committed_AS:   23177120 kB
VmallocTotal:     458752 kB
VmallocUsed:       89972 kB
VmallocChunk:     217116 kB
Time pass: 141 sec

---2015-11-23 15:19:04
MemTotal:        1420824 kB
MemFree:           54552 kB
Buffers:            7172 kB
Cached:           554584 kB
SwapCached:            0 kB
Active:           449332 kB
Inactive:         609184 kB
Active(anon):     245544 kB
Inactive(anon):   253192 kB
Active(file):     203788 kB
Inactive(file):   355992 kB
Unevictable:         292 kB
Mlocked:               0 kB
HighTotal:       1001472 kB
HighFree:           4964 kB
LowTotal:         419352 kB
LowFree:           49588 kB
SwapTotal:        786428 kB
SwapFree:         786428 kB
Dirty:                 0 kB
Writeback:             0 kB
AnonPages:        497068 kB
Mapped:           226560 kB
Shmem:              1684 kB
Slab:              43448 kB
SReclaimable:      14952 kB
SUnreclaim:        28496 kB
KernelStack:       10600 kB
PageTables:        17160 kB
NFS_Unstable:          0 kB
Bounce:                0 kB
WritebackTmp:          0 kB
CommitLimit:     1496840 kB
Committed_AS:   23181652 kB
VmallocTotal:     458752 kB
VmallocUsed:       89972 kB
VmallocChunk:     217116 kB
Time pass: 144 sec

---2015-11-23 15:19:04
MemTotal:        1420824 kB
MemFree:           54216 kB
Buffers:            7180 kB
Cached:           554684 kB
SwapCached:            0 kB
Active:           450000 kB
Inactive:         609280 kB
Active(anon):     246196 kB
Inactive(anon):   253292 kB
Active(file):     203804 kB
Inactive(file):   355988 kB
Unevictable:         292 kB
Mlocked:               0 kB
HighTotal:       1001472 kB
HighFree:           4964 kB
LowTotal:         419352 kB
LowFree:           49252 kB
SwapTotal:        786428 kB
SwapFree:         786428 kB
Dirty:                40 kB
Writeback:             8 kB
AnonPages:        497820 kB
Mapped:           226760 kB
Shmem:              1780 kB
Slab:              43480 kB
SReclaimable:      14956 kB
SUnreclaim:        28524 kB
KernelStack:       10600 kB
PageTables:        17188 kB
NFS_Unstable:          0 kB
Bounce:                0 kB
WritebackTmp:          0 kB
CommitLimit:     1496840 kB
Committed_AS:   23181900 kB
VmallocTotal:     458752 kB
VmallocUsed:       89940 kB
VmallocChunk:     217116 kB
Time pass: 148 sec

---2015-11-23 15:19:04
MemTotal:        1420824 kB
MemFree:           53956 kB
Buffers:            7180 kB
Cached:           554696 kB
SwapCached:            0 kB
Active:           450420 kB
Inactive:         609288 kB
Active(anon):     246612 kB
Inactive(anon):   253304 kB
Active(file):     203808 kB
Inactive(file):   355984 kB
Unevictable:         292 kB
Mlocked:               0 kB
HighTotal:       1001472 kB
HighFree:           4964 kB
LowTotal:         419352 kB
LowFree:           48992 kB
SwapTotal:        786428 kB
SwapFree:         786428 kB
Dirty:                44 kB
Writeback:             0 kB
AnonPages:        498176 kB
Mapped:           226820 kB
Shmem:              1792 kB
Slab:              43364 kB
SReclaimable:      14956 kB
SUnreclaim:        28408 kB
KernelStack:       10600 kB
PageTables:        17188 kB
NFS_Unstable:          0 kB
Bounce:                0 kB
WritebackTmp:          0 kB
CommitLimit:     1496840 kB
Committed_AS:   23182172 kB
VmallocTotal:     458752 kB
VmallocUsed:       89972 kB
VmallocChunk:     217116 kB
Time pass: 151 sec

---2015-11-23 15:19:04
MemTotal:        1420824 kB
MemFree:           53396 kB
Buffers:            7188 kB
Cached:           554992 kB
SwapCached:            0 kB
Active:           450628 kB
Inactive:         609588 kB
Active(anon):     246816 kB
Inactive(anon):   253468 kB
Active(file):     203812 kB
Inactive(file):   356120 kB
Unevictable:         292 kB
Mlocked:               0 kB
HighTotal:       1001472 kB
HighFree:           4964 kB
LowTotal:         419352 kB
LowFree:           48432 kB
SwapTotal:        786428 kB
SwapFree:         786428 kB
Dirty:                20 kB
Writeback:             0 kB
AnonPages:        498404 kB
Mapped:           227044 kB
Shmem:              1956 kB
Slab:              43496 kB
SReclaimable:      14956 kB
SUnreclaim:        28540 kB
KernelStack:       10600 kB
PageTables:        17192 kB
NFS_Unstable:          0 kB
Bounce:                0 kB
WritebackTmp:          0 kB
CommitLimit:     1496840 kB
Committed_AS:   23182276 kB
VmallocTotal:     458752 kB
VmallocUsed:       89940 kB
VmallocChunk:     217116 kB
Time pass: 155 sec

---2015-11-23 15:19:04
MemTotal:        1420824 kB
MemFree:           44740 kB
Buffers:            7220 kB
Cached:           554516 kB
SwapCached:            0 kB
Active:           454080 kB
Inactive:         608992 kB
Active(anon):     250112 kB
Inactive(anon):   253012 kB
Active(file):     203968 kB
Inactive(file):   355980 kB
Unevictable:         292 kB
Mlocked:               0 kB
HighTotal:       1001472 kB
HighFree:           1380 kB
LowTotal:         419352 kB
LowFree:           43360 kB
SwapTotal:        786428 kB
SwapFree:         786428 kB
Dirty:                 4 kB
Writeback:             0 kB
AnonPages:        501640 kB
Mapped:           227196 kB
Shmem:              1496 kB
Slab:              43408 kB
SReclaimable:      14960 kB
SUnreclaim:        28448 kB
KernelStack:       10520 kB
PageTables:        17024 kB
NFS_Unstable:          0 kB
Bounce:                0 kB
WritebackTmp:          0 kB
CommitLimit:     1496840 kB
Committed_AS:   23173960 kB
VmallocTotal:     458752 kB
VmallocUsed:       87524 kB
VmallocChunk:     217116 kB
Time pass: 158 sec

---2015-11-23 15:19:04
MemTotal:        1420824 kB
MemFree:           39584 kB
Buffers:            7252 kB
Cached:           554712 kB
SwapCached:            0 kB
Active:           458540 kB
Inactive:         609212 kB
Active(anon):     254568 kB
Inactive(anon):   253188 kB
Active(file):     203972 kB
Inactive(file):   356024 kB
Unevictable:         292 kB
Mlocked:               0 kB
HighTotal:       1001472 kB
HighFree:           1696 kB
LowTotal:         419352 kB
LowFree:           37888 kB
SwapTotal:        786428 kB
SwapFree:         786428 kB
Dirty:                64 kB
Writeback:             0 kB
AnonPages:        506148 kB
Mapped:           228452 kB
Shmem:              1676 kB
Slab:              43372 kB
SReclaimable:      14960 kB
SUnreclaim:        28412 kB
KernelStack:       10616 kB
PageTables:        17184 kB
NFS_Unstable:          0 kB
Bounce:                0 kB
WritebackTmp:          0 kB
CommitLimit:     1496840 kB
Committed_AS:   23188584 kB
VmallocTotal:     458752 kB
VmallocUsed:       89940 kB
VmallocChunk:     217116 kB
Time pass: 162 sec

---2015-11-23 15:19:04
MemTotal:        1420824 kB
MemFree:           36476 kB
Buffers:            7284 kB
Cached:           554776 kB
SwapCached:            0 kB
Active:           461272 kB
Inactive:         609308 kB
Active(anon):     257300 kB
Inactive(anon):   253252 kB
Active(file):     203972 kB
Inactive(file):   356056 kB
Unevictable:         292 kB
Mlocked:               0 kB
HighTotal:       1001472 kB
HighFree:           1704 kB
LowTotal:         419352 kB
LowFree:           34772 kB
SwapTotal:        786428 kB
SwapFree:         786428 kB
Dirty:                44 kB
Writeback:             0 kB
AnonPages:        508872 kB
Mapped:           228216 kB
Shmem:              1740 kB
Slab:              43492 kB
SReclaimable:      14968 kB
SUnreclaim:        28524 kB
KernelStack:       10592 kB
PageTables:        17316 kB
NFS_Unstable:          0 kB
Bounce:                0 kB
WritebackTmp:          0 kB
CommitLimit:     1496840 kB
Committed_AS:   23189832 kB
VmallocTotal:     458752 kB
VmallocUsed:       89972 kB
VmallocChunk:     217116 kB
Time pass: 166 sec

---2015-11-23 15:19:04
MemTotal:        1420824 kB
MemFree:           37260 kB
Buffers:            7284 kB
Cached:           555424 kB
SwapCached:            0 kB
Active:           460764 kB
Inactive:         609956 kB
Active(anon):     256792 kB
Inactive(anon):   253900 kB
Active(file):     203972 kB
Inactive(file):   356056 kB
Unevictable:         292 kB
Mlocked:               0 kB
HighTotal:       1001472 kB
HighFree:           1704 kB
LowTotal:         419352 kB
LowFree:           35556 kB
SwapTotal:        786428 kB
SwapFree:         786428 kB
Dirty:                 0 kB
Writeback:             0 kB
AnonPages:        508384 kB
Mapped:           227264 kB
Shmem:              2388 kB
Slab:              43540 kB
SReclaimable:      14968 kB
SUnreclaim:        28572 kB
KernelStack:       10576 kB
PageTables:        17312 kB
NFS_Unstable:          0 kB
Bounce:                0 kB
WritebackTmp:          0 kB
CommitLimit:     1496840 kB
Committed_AS:   23189048 kB
VmallocTotal:     458752 kB
VmallocUsed:       89940 kB
VmallocChunk:     217116 kB
Time pass: 169 sec

---2015-11-23 15:19:04
MemTotal:        1420824 kB
MemFree:           36824 kB
Buffers:            7308 kB
Cached:           555424 kB
SwapCached:            0 kB
Active:           461056 kB
Inactive:         609980 kB
Active(anon):     257084 kB
Inactive(anon):   253900 kB
Active(file):     203972 kB
Inactive(file):   356080 kB
Unevictable:         292 kB
Mlocked:               0 kB
HighTotal:       1001472 kB
HighFree:           1704 kB
LowTotal:         419352 kB
LowFree:           35120 kB
SwapTotal:        786428 kB
SwapFree:         786428 kB
Dirty:                40 kB
Writeback:             0 kB
AnonPages:        508628 kB
Mapped:           227264 kB
Shmem:              2388 kB
Slab:              43588 kB
SReclaimable:      14968 kB
SUnreclaim:        28620 kB
KernelStack:       10576 kB
PageTables:        17316 kB
NFS_Unstable:          0 kB
Bounce:                0 kB
WritebackTmp:          0 kB
CommitLimit:     1496840 kB
Committed_AS:   23189248 kB
VmallocTotal:     458752 kB
VmallocUsed:       89940 kB
VmallocChunk:     217116 kB
Time pass: 173 sec

---2015-11-23 15:19:04
MemTotal:        1420824 kB
MemFree:           37536 kB
Buffers:            7324 kB
Cached:           555424 kB
SwapCached:            0 kB
Active:           460268 kB
Inactive:         609984 kB
Active(anon):     256296 kB
Inactive(anon):   253888 kB
Active(file):     203972 kB
Inactive(file):   356096 kB
Unevictable:         292 kB
Mlocked:               0 kB
HighTotal:       1001472 kB
HighFree:           1704 kB
LowTotal:         419352 kB
LowFree:           35832 kB
SwapTotal:        786428 kB
SwapFree:         786428 kB
Dirty:                 0 kB
Writeback:             4 kB
AnonPages:        507824 kB
Mapped:           227268 kB
Shmem:              2388 kB
Slab:              43704 kB
SReclaimable:      14968 kB
SUnreclaim:        28736 kB
KernelStack:       10576 kB
PageTables:        17316 kB
NFS_Unstable:          0 kB
Bounce:                0 kB
WritebackTmp:          0 kB
CommitLimit:     1496840 kB
Committed_AS:   23189340 kB
VmallocTotal:     458752 kB
VmallocUsed:       89940 kB
VmallocChunk:     217116 kB
Time pass: 176 sec

---2015-11-23 15:19:04
MemTotal:        1420824 kB
MemFree:           40484 kB
Buffers:            7324 kB
Cached:           555424 kB
SwapCached:            0 kB
Active:           460356 kB
Inactive:         609984 kB
Active(anon):     256384 kB
Inactive(anon):   253888 kB
Active(file):     203972 kB
Inactive(file):   356096 kB
Unevictable:         292 kB
Mlocked:               0 kB
HighTotal:       1001472 kB
HighFree:           5096 kB
LowTotal:         419352 kB
LowFree:           35388 kB
SwapTotal:        786428 kB
SwapFree:         786428 kB
Dirty:                 0 kB
Writeback:             0 kB
AnonPages:        507868 kB
Mapped:           226504 kB
Shmem:              2388 kB
Slab:              43552 kB
SReclaimable:      14960 kB
SUnreclaim:        28592 kB
KernelStack:       10584 kB
PageTables:        17316 kB
NFS_Unstable:          0 kB
Bounce:                0 kB
WritebackTmp:          0 kB
CommitLimit:     1496840 kB
Committed_AS:   23189520 kB
VmallocTotal:     458752 kB
VmallocUsed:       89940 kB
VmallocChunk:     217116 kB
Time pass: 180 sec

---2015-11-23 15:19:04
MemTotal:        1420824 kB
MemFree:           42396 kB
Buffers:            7332 kB
Cached:           555424 kB
SwapCached:            0 kB
Active:           459328 kB
Inactive:         609924 kB
Active(anon):     255356 kB
Inactive(anon):   253820 kB
Active(file):     203972 kB
Inactive(file):   356104 kB
Unevictable:         292 kB
Mlocked:               0 kB
HighTotal:       1001472 kB
HighFree:           5840 kB
LowTotal:         419352 kB
LowFree:           36556 kB
SwapTotal:        786428 kB
SwapFree:         786428 kB
Dirty:                 0 kB
Writeback:             0 kB
AnonPages:        506908 kB
Mapped:           226476 kB
Shmem:              2388 kB
Slab:              43508 kB
SReclaimable:      14960 kB
SUnreclaim:        28548 kB
KernelStack:       10568 kB
PageTables:        17312 kB
NFS_Unstable:          0 kB
Bounce:                0 kB
WritebackTmp:          0 kB
CommitLimit:     1496840 kB
Committed_AS:   23189440 kB
VmallocTotal:     458752 kB
VmallocUsed:       89940 kB
VmallocChunk:     217116 kB
Time pass: 183 sec

---2015-11-23 15:19:04
MemTotal:        1420824 kB
MemFree:           42712 kB
Buffers:            7348 kB
Cached:           555424 kB
SwapCached:            0 kB
Active:           458780 kB
Inactive:         609940 kB
Active(anon):     254808 kB
Inactive(anon):   253820 kB
Active(file):     203972 kB
Inactive(file):   356120 kB
Unevictable:         292 kB
Mlocked:               0 kB
HighTotal:       1001472 kB
HighFree:           5188 kB
LowTotal:         419352 kB
LowFree:           37524 kB
SwapTotal:        786428 kB
SwapFree:         786428 kB
Dirty:                40 kB
Writeback:             0 kB
AnonPages:        506292 kB
Mapped:           226508 kB
Shmem:              2388 kB
Slab:              43548 kB
SReclaimable:      14960 kB
SUnreclaim:        28588 kB
KernelStack:       10560 kB
PageTables:        17312 kB
NFS_Unstable:          0 kB
Bounce:                0 kB
WritebackTmp:          0 kB
CommitLimit:     1496840 kB
Committed_AS:   23188108 kB
VmallocTotal:     458752 kB
VmallocUsed:       89972 kB
VmallocChunk:     217116 kB
Time pass: 187 sec

---2015-11-23 15:19:04
MemTotal:        1420824 kB
MemFree:           42140 kB
Buffers:            7356 kB
Cached:           555424 kB
SwapCached:            0 kB
Active:           458712 kB
Inactive:         609948 kB
Active(anon):     254740 kB
Inactive(anon):   253820 kB
Active(file):     203972 kB
Inactive(file):   356128 kB
Unevictable:         292 kB
Mlocked:               0 kB
HighTotal:       1001472 kB
HighFree:           5100 kB
LowTotal:         419352 kB
LowFree:           37040 kB
SwapTotal:        786428 kB
SwapFree:         786428 kB
Dirty:                28 kB
Writeback:             0 kB
AnonPages:        506176 kB
Mapped:           226352 kB
Shmem:              2388 kB
Slab:              43644 kB
SReclaimable:      14960 kB
SUnreclaim:        28684 kB
KernelStack:       10568 kB
PageTables:        17312 kB
NFS_Unstable:          0 kB
Bounce:                0 kB
WritebackTmp:          0 kB
CommitLimit:     1496840 kB
Committed_AS:   23188036 kB
VmallocTotal:     458752 kB
VmallocUsed:       89972 kB
VmallocChunk:     217116 kB
Time pass: 191 sec

---2015-11-23 15:19:04
MemTotal:        1420824 kB
MemFree:           41116 kB
Buffers:            7372 kB
Cached:           555424 kB
SwapCached:            0 kB
Active:           460080 kB
Inactive:         609964 kB
Active(anon):     256108 kB
Inactive(anon):   253820 kB
Active(file):     203972 kB
Inactive(file):   356144 kB
Unevictable:         292 kB
Mlocked:               0 kB
HighTotal:       1001472 kB
HighFree:           5120 kB
LowTotal:         419352 kB
LowFree:           35996 kB
SwapTotal:        786428 kB
SwapFree:         786428 kB
Dirty:                 0 kB
Writeback:             0 kB
AnonPages:        507644 kB
Mapped:           226452 kB
Shmem:              2388 kB
Slab:              43656 kB
SReclaimable:      14968 kB
SUnreclaim:        28688 kB
KernelStack:       10568 kB
PageTables:        17312 kB
NFS_Unstable:          0 kB
Bounce:                0 kB
WritebackTmp:          0 kB
CommitLimit:     1496840 kB
Committed_AS:   23189292 kB
VmallocTotal:     458752 kB
VmallocUsed:       89940 kB
VmallocChunk:     217116 kB
Time pass: 194 sec

---2015-11-23 15:19:04
MemTotal:        1420824 kB
MemFree:           42020 kB
Buffers:            7380 kB
Cached:           555424 kB
SwapCached:            0 kB
Active:           459940 kB
Inactive:         609972 kB
Active(anon):     255968 kB
Inactive(anon):   253820 kB
Active(file):     203972 kB
Inactive(file):   356152 kB
Unevictable:         292 kB
Mlocked:               0 kB
HighTotal:       1001472 kB
HighFree:           5120 kB
LowTotal:         419352 kB
LowFree:           36900 kB
SwapTotal:        786428 kB
SwapFree:         786428 kB
Dirty:                28 kB
Writeback:             0 kB
AnonPages:        507480 kB
Mapped:           226452 kB
Shmem:              2388 kB
Slab:              43548 kB
SReclaimable:      14968 kB
SUnreclaim:        28580 kB
KernelStack:       10568 kB
PageTables:        17328 kB
NFS_Unstable:          0 kB
Bounce:                0 kB
WritebackTmp:          0 kB
CommitLimit:     1496840 kB
Committed_AS:   23189172 kB
VmallocTotal:     458752 kB
VmallocUsed:       89940 kB
VmallocChunk:     217116 kB
Time pass: 198 sec

---2015-11-23 15:19:04
MemTotal:        1420824 kB
MemFree:           40296 kB
Buffers:            7396 kB
Cached:           555516 kB
SwapCached:            0 kB
Active:           461284 kB
Inactive:         610056 kB
Active(anon):     257312 kB
Inactive(anon):   253888 kB
Active(file):     203972 kB
Inactive(file):   356168 kB
Unevictable:         292 kB
Mlocked:               0 kB
HighTotal:       1001472 kB
HighFree:           5120 kB
LowTotal:         419352 kB
LowFree:           35176 kB
SwapTotal:        786428 kB
SwapFree:         786428 kB
Dirty:                40 kB
Writeback:             0 kB
AnonPages:        508804 kB
Mapped:           226544 kB
Shmem:              2480 kB
Slab:              43448 kB
SReclaimable:      14968 kB
SUnreclaim:        28480 kB
KernelStack:       10568 kB
PageTables:        17312 kB
NFS_Unstable:          0 kB
Bounce:                0 kB
WritebackTmp:          0 kB
CommitLimit:     1496840 kB
Committed_AS:   23190452 kB
VmallocTotal:     458752 kB
VmallocUsed:       89940 kB
VmallocChunk:     217116 kB
Time pass: 201 sec

---2015-11-23 15:19:04
MemTotal:        1420824 kB
MemFree:           40140 kB
Buffers:            7412 kB
Cached:           555532 kB
SwapCached:            0 kB
Active:           461124 kB
Inactive:         610112 kB
Active(anon):     257152 kB
Inactive(anon):   253928 kB
Active(file):     203972 kB
Inactive(file):   356184 kB
Unevictable:         292 kB
Mlocked:               0 kB
HighTotal:       1001472 kB
HighFree:           5120 kB
LowTotal:         419352 kB
LowFree:           35020 kB
SwapTotal:        786428 kB
SwapFree:         786428 kB
Dirty:                40 kB
Writeback:             0 kB
AnonPages:        508588 kB
Mapped:           226560 kB
Shmem:              2496 kB
Slab:              43600 kB
SReclaimable:      14968 kB
SUnreclaim:        28632 kB
KernelStack:       10568 kB
PageTables:        17304 kB
NFS_Unstable:          0 kB
Bounce:                0 kB
WritebackTmp:          0 kB
CommitLimit:     1496840 kB
Committed_AS:   23190188 kB
VmallocTotal:     458752 kB
VmallocUsed:       89940 kB
VmallocChunk:     217116 kB
Time pass: 205 sec

---2015-11-23 15:19:04
MemTotal:        1420824 kB
MemFree:           40180 kB
Buffers:            7412 kB
Cached:           555532 kB
SwapCached:            0 kB
Active:           461348 kB
Inactive:         610112 kB
Active(anon):     257376 kB
Inactive(anon):   253928 kB
Active(file):     203972 kB
Inactive(file):   356184 kB
Unevictable:         292 kB
Mlocked:               0 kB
HighTotal:       1001472 kB
HighFree:           5060 kB
LowTotal:         419352 kB
LowFree:           35120 kB
SwapTotal:        786428 kB
SwapFree:         786428 kB
Dirty:                40 kB
Writeback:             0 kB
AnonPages:        508860 kB
Mapped:           226608 kB
Shmem:              2496 kB
Slab:              43784 kB
SReclaimable:      14968 kB
SUnreclaim:        28816 kB
KernelStack:       10560 kB
PageTables:        17320 kB
NFS_Unstable:          0 kB
Bounce:                0 kB
WritebackTmp:          0 kB
CommitLimit:     1496840 kB
Committed_AS:   23190360 kB
VmallocTotal:     458752 kB
VmallocUsed:       89972 kB
VmallocChunk:     217116 kB
Time pass: 208 sec

---2015-11-23 15:19:04
MemTotal:        1420824 kB
MemFree:           40540 kB
Buffers:            7436 kB
Cached:           555516 kB
SwapCached:            0 kB
Active:           461464 kB
Inactive:         610120 kB
Active(anon):     257492 kB
Inactive(anon):   253928 kB
Active(file):     203972 kB
Inactive(file):   356192 kB
Unevictable:         292 kB
Mlocked:               0 kB
HighTotal:       1001472 kB
HighFree:           5060 kB
LowTotal:         419352 kB
LowFree:           35480 kB
SwapTotal:        786428 kB
SwapFree:         786428 kB
Dirty:                28 kB
Writeback:             0 kB
AnonPages:        508944 kB
Mapped:           226572 kB
Shmem:              2496 kB
Slab:              43508 kB
SReclaimable:      14968 kB
SUnreclaim:        28540 kB
KernelStack:       10552 kB
PageTables:        17296 kB
NFS_Unstable:          0 kB
Bounce:                0 kB
WritebackTmp:          0 kB
CommitLimit:     1496840 kB
Committed_AS:   23190320 kB
VmallocTotal:     458752 kB
VmallocUsed:       89972 kB
VmallocChunk:     217116 kB
Time pass: 212 sec

---2015-11-23 15:19:04
MemTotal:        1420824 kB
MemFree:           40372 kB
Buffers:            7436 kB
Cached:           555532 kB
SwapCached:            0 kB
Active:           460736 kB
Inactive:         610136 kB
Active(anon):     256764 kB
Inactive(anon):   253928 kB
Active(file):     203972 kB
Inactive(file):   356208 kB
Unevictable:         292 kB
Mlocked:               0 kB
HighTotal:       1001472 kB
HighFree:           5232 kB
LowTotal:         419352 kB
LowFree:           35140 kB
SwapTotal:        786428 kB
SwapFree:         786428 kB
Dirty:                 0 kB
Writeback:             0 kB
AnonPages:        508664 kB
Mapped:           226612 kB
Shmem:              2496 kB
Slab:              43596 kB
SReclaimable:      14968 kB
SUnreclaim:        28628 kB
KernelStack:       10568 kB
PageTables:        17316 kB
NFS_Unstable:          0 kB
Bounce:                0 kB
WritebackTmp:          0 kB
CommitLimit:     1496840 kB
Committed_AS:   23190368 kB
VmallocTotal:     458752 kB
VmallocUsed:       89972 kB
VmallocChunk:     217116 kB
Time pass: 215 sec

---2015-11-23 15:19:04
MemTotal:        1420824 kB
MemFree:           41204 kB
Buffers:            7444 kB
Cached:           555532 kB
SwapCached:            0 kB
Active:           460612 kB
Inactive:         610144 kB
Active(anon):     256640 kB
Inactive(anon):   253928 kB
Active(file):     203972 kB
Inactive(file):   356216 kB
Unevictable:         292 kB
Mlocked:               0 kB
HighTotal:       1001472 kB
HighFree:           5068 kB
LowTotal:         419352 kB
LowFree:           36136 kB
SwapTotal:        786428 kB
SwapFree:         786428 kB
Dirty:                28 kB
Writeback:             0 kB
AnonPages:        508068 kB
Mapped:           226564 kB
Shmem:              2496 kB
Slab:              43532 kB
SReclaimable:      14968 kB
SUnreclaim:        28564 kB
KernelStack:       10568 kB
PageTables:        17312 kB
NFS_Unstable:          0 kB
Bounce:                0 kB
WritebackTmp:          0 kB
CommitLimit:     1496840 kB
Committed_AS:   23189168 kB
VmallocTotal:     458752 kB
VmallocUsed:       89940 kB
VmallocChunk:     217116 kB
Time pass: 219 sec

---2015-11-23 15:19:04
MemTotal:        1420824 kB
MemFree:           41016 kB
Buffers:            7460 kB
Cached:           555532 kB
SwapCached:            0 kB
Active:           460808 kB
Inactive:         610160 kB
Active(anon):     256836 kB
Inactive(anon):   253928 kB
Active(file):     203972 kB
Inactive(file):   356232 kB
Unevictable:         292 kB
Mlocked:               0 kB
HighTotal:       1001472 kB
HighFree:           5068 kB
LowTotal:         419352 kB
LowFree:           35948 kB
SwapTotal:        786428 kB
SwapFree:         786428 kB
Dirty:                 0 kB
Writeback:             0 kB
AnonPages:        508252 kB
Mapped:           226564 kB
Shmem:              2496 kB
Slab:              43760 kB
SReclaimable:      14968 kB
SUnreclaim:        28792 kB
KernelStack:       10568 kB
PageTables:        17316 kB
NFS_Unstable:          0 kB
Bounce:                0 kB
WritebackTmp:          0 kB
CommitLimit:     1496840 kB
Committed_AS:   23189172 kB
VmallocTotal:     458752 kB
VmallocUsed:       89940 kB
VmallocChunk:     217116 kB
Time pass: 223 sec

---2015-11-23 15:19:04
MemTotal:        1420824 kB
MemFree:           39924 kB
Buffers:            7468 kB
Cached:           555532 kB
SwapCached:            0 kB
Active:           461428 kB
Inactive:         610160 kB
Active(anon):     257452 kB
Inactive(anon):   253924 kB
Active(file):     203976 kB
Inactive(file):   356236 kB
Unevictable:         292 kB
Mlocked:               0 kB
HighTotal:       1001472 kB
HighFree:           5068 kB
LowTotal:         419352 kB
LowFree:           34856 kB
SwapTotal:        786428 kB
SwapFree:         786428 kB
Dirty:                32 kB
Writeback:             0 kB
AnonPages:        508920 kB
Mapped:           226612 kB
Shmem:              2496 kB
Slab:              43616 kB
SReclaimable:      14968 kB
SUnreclaim:        28648 kB
KernelStack:       10568 kB
PageTables:        17316 kB
NFS_Unstable:          0 kB
Bounce:                0 kB
WritebackTmp:          0 kB
CommitLimit:     1496840 kB
Committed_AS:   23190388 kB
VmallocTotal:     458752 kB
VmallocUsed:       89972 kB
VmallocChunk:     217116 kB
Time pass: 226 sec

---2015-11-23 15:19:04
MemTotal:        1420824 kB
MemFree:           39768 kB
Buffers:            7492 kB
Cached:           555532 kB
SwapCached:            0 kB
Active:           462052 kB
Inactive:         610184 kB
Active(anon):     258076 kB
Inactive(anon):   253924 kB
Active(file):     203976 kB
Inactive(file):   356260 kB
Unevictable:         292 kB
Mlocked:               0 kB
HighTotal:       1001472 kB
HighFree:           5068 kB
LowTotal:         419352 kB
LowFree:           34700 kB
SwapTotal:        786428 kB
SwapFree:         786428 kB
Dirty:                 0 kB
Writeback:             0 kB
AnonPages:        509480 kB
Mapped:           226564 kB
Shmem:              2496 kB
Slab:              43576 kB
SReclaimable:      14968 kB
SUnreclaim:        28608 kB
KernelStack:       10576 kB
PageTables:        17320 kB
NFS_Unstable:          0 kB
Bounce:                0 kB
WritebackTmp:          0 kB
CommitLimit:     1496840 kB
Committed_AS:   23190560 kB
VmallocTotal:     458752 kB
VmallocUsed:       89940 kB
VmallocChunk:     217116 kB
Time pass: 229 sec

---2015-11-23 15:19:04
MemTotal:        1420824 kB
MemFree:           40084 kB
Buffers:            7508 kB
Cached:           555532 kB
SwapCached:            0 kB
Active:           462208 kB
Inactive:         610200 kB
Active(anon):     258232 kB
Inactive(anon):   253924 kB
Active(file):     203976 kB
Inactive(file):   356276 kB
Unevictable:         292 kB
Mlocked:               0 kB
HighTotal:       1001472 kB
HighFree:           5068 kB
LowTotal:         419352 kB
LowFree:           35016 kB
SwapTotal:        786428 kB
SwapFree:         786428 kB
Dirty:                60 kB
Writeback:             0 kB
AnonPages:        509712 kB
Mapped:           226564 kB
Shmem:              2496 kB
Slab:              43580 kB
SReclaimable:      14968 kB
SUnreclaim:        28612 kB
KernelStack:       10576 kB
PageTables:        17320 kB
NFS_Unstable:          0 kB
Bounce:                0 kB
WritebackTmp:          0 kB
CommitLimit:     1496840 kB
Committed_AS:   23190748 kB
VmallocTotal:     458752 kB
VmallocUsed:       89940 kB
VmallocChunk:     217116 kB
Time pass: 233 sec

---2015-11-23 15:19:04
MemTotal:        1420824 kB
MemFree:           39816 kB
Buffers:            7508 kB
Cached:           555532 kB
SwapCached:            0 kB
Active:           462172 kB
Inactive:         610200 kB
Active(anon):     258196 kB
Inactive(anon):   253924 kB
Active(file):     203976 kB
Inactive(file):   356276 kB
Unevictable:         292 kB
Mlocked:               0 kB
HighTotal:       1001472 kB
HighFree:           5068 kB
LowTotal:         419352 kB
LowFree:           34748 kB
SwapTotal:        786428 kB
SwapFree:         786428 kB
Dirty:                 0 kB
Writeback:             0 kB
AnonPages:        509680 kB
Mapped:           226564 kB
Shmem:              2496 kB
Slab:              43548 kB
SReclaimable:      14968 kB
SUnreclaim:        28580 kB
KernelStack:       10576 kB
PageTables:        17320 kB
NFS_Unstable:          0 kB
Bounce:                0 kB
WritebackTmp:          0 kB
CommitLimit:     1496840 kB
Committed_AS:   23190704 kB
VmallocTotal:     458752 kB
VmallocUsed:       89940 kB
VmallocChunk:     217116 kB
Time pass: 236 sec

---2015-11-23 15:19:04
MemTotal:        1420824 kB
MemFree:           39396 kB
Buffers:            7532 kB
Cached:           555532 kB
SwapCached:            0 kB
Active:           462140 kB
Inactive:         610224 kB
Active(anon):     258164 kB
Inactive(anon):   253924 kB
Active(file):     203976 kB
Inactive(file):   356300 kB
Unevictable:         292 kB
Mlocked:               0 kB
HighTotal:       1001472 kB
HighFree:           5116 kB
LowTotal:         419352 kB
LowFree:           34280 kB
SwapTotal:        786428 kB
SwapFree:         786428 kB
Dirty:                40 kB
Writeback:             0 kB
AnonPages:        509772 kB
Mapped:           226632 kB
Shmem:              2496 kB
Slab:              43652 kB
SReclaimable:      14968 kB
SUnreclaim:        28684 kB
KernelStack:       10584 kB
PageTables:        17300 kB
NFS_Unstable:          0 kB
Bounce:                0 kB
WritebackTmp:          0 kB
CommitLimit:     1496840 kB
Committed_AS:   23190704 kB
VmallocTotal:     458752 kB
VmallocUsed:       89972 kB
VmallocChunk:     217116 kB
Time pass: 240 sec

---2015-11-23 15:19:04
MemTotal:        1420824 kB
MemFree:           43332 kB
Buffers:            7524 kB
Cached:           552692 kB
SwapCached:            0 kB
Active:           458436 kB
Inactive:         610448 kB
Active(anon):     254460 kB
Inactive(anon):   256996 kB
Active(file):     203976 kB
Inactive(file):   353452 kB
Unevictable:         292 kB
Mlocked:               0 kB
HighTotal:       1001472 kB
HighFree:           6880 kB
LowTotal:         419352 kB
LowFree:           36452 kB
SwapTotal:        786428 kB
SwapFree:         786428 kB
Dirty:                 0 kB
Writeback:             0 kB
AnonPages:        509036 kB
Mapped:           226564 kB
Shmem:              2496 kB
Slab:              43576 kB
SReclaimable:      14968 kB
SUnreclaim:        28608 kB
KernelStack:       10576 kB
PageTables:        17324 kB
NFS_Unstable:          0 kB
Bounce:                0 kB
WritebackTmp:          0 kB
CommitLimit:     1496840 kB
Committed_AS:   23190708 kB
VmallocTotal:     458752 kB
VmallocUsed:       89940 kB
VmallocChunk:     217116 kB
Time pass: 243 sec

---2015-11-23 15:19:04
MemTotal:        1420824 kB
MemFree:           41892 kB
Buffers:            7532 kB
Cached:           552692 kB
SwapCached:            0 kB
Active:           458144 kB
Inactive:         610456 kB
Active(anon):     254168 kB
Inactive(anon):   256996 kB
Active(file):     203976 kB
Inactive(file):   353460 kB
Unevictable:         292 kB
Mlocked:               0 kB
HighTotal:       1001472 kB
HighFree:           5584 kB
LowTotal:         419352 kB
LowFree:           36308 kB
SwapTotal:        786428 kB
SwapFree:         786428 kB
Dirty:                32 kB
Writeback:             0 kB
AnonPages:        508620 kB
Mapped:           226612 kB
Shmem:              2496 kB
Slab:              43492 kB
SReclaimable:      14968 kB
SUnreclaim:        28524 kB
KernelStack:       10576 kB
PageTables:        17316 kB
NFS_Unstable:          0 kB
Bounce:                0 kB
WritebackTmp:          0 kB
CommitLimit:     1496840 kB
Committed_AS:   23189528 kB
VmallocTotal:     458752 kB
VmallocUsed:       89972 kB
VmallocChunk:     217116 kB
Time pass: 247 sec

---2015-11-23 15:19:04
MemTotal:        1420824 kB
MemFree:           41440 kB
Buffers:            7548 kB
Cached:           552692 kB
SwapCached:            0 kB
Active:           459376 kB
Inactive:         610472 kB
Active(anon):     255400 kB
Inactive(anon):   256996 kB
Active(file):     203976 kB
Inactive(file):   353476 kB
Unevictable:         292 kB
Mlocked:               0 kB
HighTotal:       1001472 kB
HighFree:           5200 kB
LowTotal:         419352 kB
LowFree:           36240 kB
SwapTotal:        786428 kB
SwapFree:         786428 kB
Dirty:                44 kB
Writeback:             0 kB
AnonPages:        509836 kB
Mapped:           226564 kB
Shmem:              2496 kB
Slab:              43708 kB
SReclaimable:      14968 kB
SUnreclaim:        28740 kB
KernelStack:       10576 kB
PageTables:        17316 kB
NFS_Unstable:          0 kB
Bounce:                0 kB
WritebackTmp:          0 kB
CommitLimit:     1496840 kB
Committed_AS:   23190816 kB
VmallocTotal:     458752 kB
VmallocUsed:       89940 kB
VmallocChunk:     217116 kB
Time pass: 250 sec

---2015-11-23 15:19:04
MemTotal:        1420824 kB
MemFree:           41192 kB
Buffers:            7556 kB
Cached:           552692 kB
SwapCached:            0 kB
Active:           459404 kB
Inactive:         610480 kB
Active(anon):     255428 kB
Inactive(anon):   256996 kB
Active(file):     203976 kB
Inactive(file):   353484 kB
Unevictable:         292 kB
Mlocked:               0 kB
HighTotal:       1001472 kB
HighFree:           5076 kB
LowTotal:         419352 kB
LowFree:           36116 kB
SwapTotal:        786428 kB
SwapFree:         786428 kB
Dirty:                28 kB
Writeback:             0 kB
AnonPages:        510008 kB
Mapped:           226564 kB
Shmem:              2496 kB
Slab:              43800 kB
SReclaimable:      14968 kB
SUnreclaim:        28832 kB
KernelStack:       10576 kB
PageTables:        17320 kB
NFS_Unstable:          0 kB
Bounce:                0 kB
WritebackTmp:          0 kB
CommitLimit:     1496840 kB
Committed_AS:   23190752 kB
VmallocTotal:     458752 kB
VmallocUsed:       89940 kB
VmallocChunk:     217116 kB
Time pass: 254 sec

---2015-11-23 15:19:04
MemTotal:        1420824 kB
MemFree:           41164 kB
Buffers:            7572 kB
Cached:           552692 kB
SwapCached:            0 kB
Active:           459496 kB
Inactive:         610496 kB
Active(anon):     255520 kB
Inactive(anon):   256996 kB
Active(file):     203976 kB
Inactive(file):   353500 kB
Unevictable:         292 kB
Mlocked:               0 kB
HighTotal:       1001472 kB
HighFree:           5092 kB
LowTotal:         419352 kB
LowFree:           36072 kB
SwapTotal:        786428 kB
SwapFree:         786428 kB
Dirty:                36 kB
Writeback:             0 kB
AnonPages:        510048 kB
Mapped:           226564 kB
Shmem:              2496 kB
Slab:              43664 kB
SReclaimable:      14968 kB
SUnreclaim:        28696 kB
KernelStack:       10576 kB
PageTables:        17320 kB
NFS_Unstable:          0 kB
Bounce:                0 kB
WritebackTmp:          0 kB
CommitLimit:     1496840 kB
Committed_AS:   23190788 kB
VmallocTotal:     458752 kB
VmallocUsed:       89940 kB
VmallocChunk:     217116 kB
Time pass: 257 sec

---2015-11-23 15:19:04
MemTotal:        1420824 kB
MemFree:           41244 kB
Buffers:            7588 kB
Cached:           552692 kB
SwapCached:            0 kB
Active:           459564 kB
Inactive:         610512 kB
Active(anon):     255588 kB
Inactive(anon):   256996 kB
Active(file):     203976 kB
Inactive(file):   353516 kB
Unevictable:         292 kB
Mlocked:               0 kB
HighTotal:       1001472 kB
HighFree:           5092 kB
LowTotal:         419352 kB
LowFree:           36152 kB
SwapTotal:        786428 kB
SwapFree:         786428 kB
Dirty:                40 kB
Writeback:             0 kB
AnonPages:        510192 kB
Mapped:           226564 kB
Shmem:              2496 kB
Slab:              43588 kB
SReclaimable:      14968 kB
SUnreclaim:        28620 kB
KernelStack:       10576 kB
PageTables:        17320 kB
NFS_Unstable:          0 kB
Bounce:                0 kB
WritebackTmp:          0 kB
CommitLimit:     1496840 kB
Committed_AS:   23190736 kB
VmallocTotal:     458752 kB
VmallocUsed:       89940 kB
VmallocChunk:     217116 kB
Time pass: 261 sec

---2015-11-23 15:19:04
MemTotal:        1420824 kB
MemFree:           40324 kB
Buffers:            7588 kB
Cached:           552692 kB
SwapCached:            0 kB
Active:           459768 kB
Inactive:         610512 kB
Active(anon):     255792 kB
Inactive(anon):   256996 kB
Active(file):     203976 kB
Inactive(file):   353516 kB
Unevictable:         292 kB
Mlocked:               0 kB
HighTotal:       1001472 kB
HighFree:           5092 kB
LowTotal:         419352 kB
LowFree:           35232 kB
SwapTotal:        786428 kB
SwapFree:         786428 kB
Dirty:                40 kB
Writeback:             0 kB
AnonPages:        510132 kB
Mapped:           226612 kB
Shmem:              2496 kB
Slab:              43472 kB
SReclaimable:      14968 kB
SUnreclaim:        28504 kB
KernelStack:       10584 kB
PageTables:        17320 kB
NFS_Unstable:          0 kB
Bounce:                0 kB
WritebackTmp:          0 kB
CommitLimit:     1496840 kB
Committed_AS:   23190896 kB
VmallocTotal:     458752 kB
VmallocUsed:       89972 kB
VmallocChunk:     217116 kB
Time pass: 264 sec

---2015-11-23 15:19:04
MemTotal:        1420824 kB
MemFree:           40420 kB
Buffers:            7612 kB
Cached:           552692 kB
SwapCached:            0 kB
Active:           459844 kB
Inactive:         610536 kB
Active(anon):     255868 kB
Inactive(anon):   256996 kB
Active(file):     203976 kB
Inactive(file):   353540 kB
Unevictable:         292 kB
Mlocked:               0 kB
HighTotal:       1001472 kB
HighFree:           5092 kB
LowTotal:         419352 kB
LowFree:           35328 kB
SwapTotal:        786428 kB
SwapFree:         786428 kB
Dirty:                40 kB
Writeback:             0 kB
AnonPages:        510492 kB
Mapped:           226612 kB
Shmem:              2496 kB
Slab:              43644 kB
SReclaimable:      14968 kB
SUnreclaim:        28676 kB
KernelStack:       10584 kB
PageTables:        17320 kB
NFS_Unstable:          0 kB
Bounce:                0 kB
WritebackTmp:          0 kB
CommitLimit:     1496840 kB
Committed_AS:   23190844 kB
VmallocTotal:     458752 kB
VmallocUsed:       89972 kB
VmallocChunk:     217116 kB
Time pass: 268 sec

---2015-11-23 15:19:04
MemTotal:        1420824 kB
MemFree:           41764 kB
Buffers:            7612 kB
Cached:           552692 kB
SwapCached:            0 kB
Active:           458964 kB
Inactive:         610536 kB
Active(anon):     254988 kB
Inactive(anon):   256996 kB
Active(file):     203976 kB
Inactive(file):   353540 kB
Unevictable:         292 kB
Mlocked:               0 kB
HighTotal:       1001472 kB
HighFree:           5992 kB
LowTotal:         419352 kB
LowFree:           35772 kB
SwapTotal:        786428 kB
SwapFree:         786428 kB
Dirty:                 0 kB
Writeback:             0 kB
AnonPages:        509616 kB
Mapped:           226564 kB
Shmem:              2496 kB
Slab:              43520 kB
SReclaimable:      14968 kB
SUnreclaim:        28552 kB
KernelStack:       10576 kB
PageTables:        17316 kB
NFS_Unstable:          0 kB
Bounce:                0 kB
WritebackTmp:          0 kB
CommitLimit:     1496840 kB
Committed_AS:   23190824 kB
VmallocTotal:     458752 kB
VmallocUsed:       89940 kB
VmallocChunk:     217116 kB
Time pass: 271 sec

---2015-11-23 15:19:04
MemTotal:        1420824 kB
MemFree:           42248 kB
Buffers:            7620 kB
Cached:           552692 kB
SwapCached:            0 kB
Active:           458008 kB
Inactive:         610540 kB
Active(anon):     254032 kB
Inactive(anon):   256992 kB
Active(file):     203976 kB
Inactive(file):   353548 kB
Unevictable:         292 kB
Mlocked:               0 kB
HighTotal:       1001472 kB
HighFree:           6104 kB
LowTotal:         419352 kB
LowFree:           36144 kB
SwapTotal:        786428 kB
SwapFree:         786428 kB
Dirty:                28 kB
Writeback:             0 kB
AnonPages:        508580 kB
Mapped:           226464 kB
Shmem:              2496 kB
Slab:              43608 kB
SReclaimable:      14968 kB
SUnreclaim:        28640 kB
KernelStack:       10576 kB
PageTables:        17320 kB
NFS_Unstable:          0 kB
Bounce:                0 kB
WritebackTmp:          0 kB
CommitLimit:     1496840 kB
Committed_AS:   23190848 kB
VmallocTotal:     458752 kB
VmallocUsed:       89972 kB
VmallocChunk:     217116 kB
Time pass: 275 sec

---2015-11-23 15:19:04
MemTotal:        1420824 kB
MemFree:           42636 kB
Buffers:            7636 kB
Cached:           552692 kB
SwapCached:            0 kB
Active:           458156 kB
Inactive:         610556 kB
Active(anon):     254180 kB
Inactive(anon):   256992 kB
Active(file):     203976 kB
Inactive(file):   353564 kB
Unevictable:         292 kB
Mlocked:               0 kB
HighTotal:       1001472 kB
HighFree:           6108 kB
LowTotal:         419352 kB
LowFree:           36528 kB
SwapTotal:        786428 kB
SwapFree:         786428 kB
Dirty:                 0 kB
Writeback:             0 kB
AnonPages:        508764 kB
Mapped:           226564 kB
Shmem:              2496 kB
Slab:              43448 kB
SReclaimable:      14960 kB
SUnreclaim:        28488 kB
KernelStack:       10576 kB
PageTables:        17320 kB
NFS_Unstable:          0 kB
Bounce:                0 kB
WritebackTmp:          0 kB
CommitLimit:     1496840 kB
Committed_AS:   23189748 kB
VmallocTotal:     458752 kB
VmallocUsed:       89940 kB
VmallocChunk:     217116 kB
Time pass: 279 sec

---2015-11-23 15:19:04
MemTotal:        1420824 kB
MemFree:           41624 kB
Buffers:            7644 kB
Cached:           552692 kB
SwapCached:            0 kB
Active:           459280 kB
Inactive:         610564 kB
Active(anon):     255304 kB
Inactive(anon):   256992 kB
Active(file):     203976 kB
Inactive(file):   353572 kB
Unevictable:         292 kB
Mlocked:               0 kB
HighTotal:       1001472 kB
HighFree:           5200 kB
LowTotal:         419352 kB
LowFree:           36424 kB
SwapTotal:        786428 kB
SwapFree:         786428 kB
Dirty:                28 kB
Writeback:             0 kB
AnonPages:        509836 kB
Mapped:           226564 kB
Shmem:              2496 kB
Slab:              43596 kB
SReclaimable:      14960 kB
SUnreclaim:        28636 kB
KernelStack:       10576 kB
PageTables:        17320 kB
NFS_Unstable:          0 kB
Bounce:                0 kB
WritebackTmp:          0 kB
CommitLimit:     1496840 kB
Committed_AS:   23190808 kB
VmallocTotal:     458752 kB
VmallocUsed:       89940 kB
VmallocChunk:     217116 kB
Time pass: 282 sec

---2015-11-23 15:19:04
MemTotal:        1420824 kB
MemFree:           42080 kB
Buffers:            7660 kB
Cached:           552692 kB
SwapCached:            0 kB
Active:           459464 kB
Inactive:         610580 kB
Active(anon):     255488 kB
Inactive(anon):   256992 kB
Active(file):     203976 kB
Inactive(file):   353588 kB
Unevictable:         292 kB
Mlocked:               0 kB
HighTotal:       1001472 kB
HighFree:           5072 kB
LowTotal:         419352 kB
LowFree:           37008 kB
SwapTotal:        786428 kB
SwapFree:         786428 kB
Dirty:                40 kB
Writeback:             0 kB
AnonPages:        510072 kB
Mapped:           226564 kB
Shmem:              2496 kB
Slab:              43596 kB
SReclaimable:      14960 kB
SUnreclaim:        28636 kB
KernelStack:       10576 kB
PageTables:        17320 kB
NFS_Unstable:          0 kB
Bounce:                0 kB
WritebackTmp:          0 kB
CommitLimit:     1496840 kB
Committed_AS:   23190868 kB
VmallocTotal:     458752 kB
VmallocUsed:       89940 kB
VmallocChunk:     217116 kB
Time pass: 286 sec

---2015-11-23 15:19:04
MemTotal:        1420824 kB
MemFree:           42204 kB
Buffers:            7676 kB
Cached:           552692 kB
SwapCached:            0 kB
Active:           459484 kB
Inactive:         610596 kB
Active(anon):     255508 kB
Inactive(anon):   256992 kB
Active(file):     203976 kB
Inactive(file):   353604 kB
Unevictable:         292 kB
Mlocked:               0 kB
HighTotal:       1001472 kB
HighFree:           5072 kB
LowTotal:         419352 kB
LowFree:           37132 kB
SwapTotal:        786428 kB
SwapFree:         786428 kB
Dirty:                44 kB
Writeback:             0 kB
AnonPages:        510060 kB
Mapped:           226564 kB
Shmem:              2496 kB
Slab:              43440 kB
SReclaimable:      14960 kB
SUnreclaim:        28480 kB
KernelStack:       10568 kB
PageTables:        17320 kB
NFS_Unstable:          0 kB
Bounce:                0 kB
WritebackTmp:          0 kB
CommitLimit:     1496840 kB
Committed_AS:   23190872 kB
VmallocTotal:     458752 kB
VmallocUsed:       89940 kB
VmallocChunk:     217116 kB
Time pass: 289 sec

---2015-11-23 15:19:04
MemTotal:        1420824 kB
MemFree:           42352 kB
Buffers:            7684 kB
Cached:           552684 kB
SwapCached:            0 kB
Active:           459612 kB
Inactive:         610596 kB
Active(anon):     255636 kB
Inactive(anon):   256992 kB
Active(file):     203976 kB
Inactive(file):   353604 kB
Unevictable:         292 kB
Mlocked:               0 kB
HighTotal:       1001472 kB
HighFree:           5072 kB
LowTotal:         419352 kB
LowFree:           37280 kB
SwapTotal:        786428 kB
SwapFree:         786428 kB
Dirty:                 0 kB
Writeback:             0 kB
AnonPages:        510148 kB
Mapped:           226564 kB
Shmem:              2496 kB
Slab:              43516 kB
SReclaimable:      14960 kB
SUnreclaim:        28556 kB
KernelStack:       10568 kB
PageTables:        17320 kB
NFS_Unstable:          0 kB
Bounce:                0 kB
WritebackTmp:          0 kB
CommitLimit:     1496840 kB
Committed_AS:   23190888 kB
VmallocTotal:     458752 kB
VmallocUsed:       89940 kB
VmallocChunk:     217116 kB
Time pass: 293 sec

---2015-11-23 15:19:04
MemTotal:        1420824 kB
MemFree:           41688 kB
Buffers:            7700 kB
Cached:           552692 kB
SwapCached:            0 kB
Active:           459912 kB
Inactive:         610620 kB
Active(anon):     255936 kB
Inactive(anon):   256992 kB
Active(file):     203976 kB
Inactive(file):   353628 kB
Unevictable:         292 kB
Mlocked:               0 kB
HighTotal:       1001472 kB
HighFree:           5072 kB
LowTotal:         419352 kB
LowFree:           36616 kB
SwapTotal:        786428 kB
SwapFree:         786428 kB
Dirty:                40 kB
Writeback:             0 kB
AnonPages:        510464 kB
Mapped:           226612 kB
Shmem:              2496 kB
Slab:              43704 kB
SReclaimable:      14960 kB
SUnreclaim:        28744 kB
KernelStack:       10568 kB
PageTables:        17320 kB
NFS_Unstable:          0 kB
Bounce:                0 kB
WritebackTmp:          0 kB
CommitLimit:     1496840 kB
Committed_AS:   23191164 kB
VmallocTotal:     458752 kB
VmallocUsed:       89972 kB
VmallocChunk:     217116 kB
Time pass: 296 sec

---2015-11-23 15:19:04
MemTotal:        1420824 kB
MemFree:           41424 kB
Buffers:            7700 kB
Cached:           552692 kB
SwapCached:            0 kB
Active:           459704 kB
Inactive:         610620 kB
Active(anon):     255728 kB
Inactive(anon):   256992 kB
Active(file):     203976 kB
Inactive(file):   353628 kB
Unevictable:         292 kB
Mlocked:               0 kB
HighTotal:       1001472 kB
HighFree:           5072 kB
LowTotal:         419352 kB
LowFree:           36352 kB
SwapTotal:        786428 kB
SwapFree:         786428 kB
Dirty:                 0 kB
Writeback:             0 kB
AnonPages:        510276 kB
Mapped:           226460 kB
Shmem:              2496 kB
Slab:              43620 kB
SReclaimable:      14960 kB
SUnreclaim:        28660 kB
KernelStack:       10560 kB
PageTables:        17308 kB
NFS_Unstable:          0 kB
Bounce:                0 kB
WritebackTmp:          0 kB
CommitLimit:     1496840 kB
Committed_AS:   23190960 kB
VmallocTotal:     458752 kB
VmallocUsed:       89972 kB
VmallocChunk:     217116 kB
Time pass: 300 sec

---2015-11-23 15:19:04
MemTotal:        1420824 kB
MemFree:           42012 kB
Buffers:            7708 kB
Cached:           552696 kB
SwapCached:            0 kB
Active:           458816 kB
Inactive:         610632 kB
Active(anon):     254840 kB
Inactive(anon):   256996 kB
Active(file):     203976 kB
Inactive(file):   353636 kB
Unevictable:         292 kB
Mlocked:               0 kB
HighTotal:       1001472 kB
HighFree:           5448 kB
LowTotal:         419352 kB
LowFree:           36564 kB
SwapTotal:        786428 kB
SwapFree:         786428 kB
Dirty:                28 kB
Writeback:             0 kB
AnonPages:        509440 kB
Mapped:           226616 kB
Shmem:              2500 kB
Slab:              43708 kB
SReclaimable:      14960 kB
SUnreclaim:        28748 kB
KernelStack:       10568 kB
PageTables:        17320 kB
NFS_Unstable:          0 kB
Bounce:                0 kB
WritebackTmp:          0 kB
CommitLimit:     1496840 kB
Committed_AS:   23189996 kB
VmallocTotal:     458752 kB
VmallocUsed:       89972 kB
VmallocChunk:     217116 kB
Time pass: 303 sec

---2015-11-23 15:19:04
MemTotal:        1420824 kB
MemFree:           41700 kB
Buffers:            7724 kB
Cached:           552696 kB
SwapCached:            0 kB
Active:           458752 kB
Inactive:         610648 kB
Active(anon):     254776 kB
Inactive(anon):   256996 kB
Active(file):     203976 kB
Inactive(file):   353652 kB
Unevictable:         292 kB
Mlocked:               0 kB
HighTotal:       1001472 kB
HighFree:           6272 kB
LowTotal:         419352 kB
LowFree:           35428 kB
SwapTotal:        786428 kB
SwapFree:         786428 kB
Dirty:                 0 kB
Writeback:             0 kB
AnonPages:        509312 kB
Mapped:           226536 kB
Shmem:              2500 kB
Slab:              43588 kB
SReclaimable:      14964 kB
SUnreclaim:        28624 kB
KernelStack:       10552 kB
PageTables:        17300 kB
NFS_Unstable:          0 kB
Bounce:                0 kB
WritebackTmp:          0 kB
CommitLimit:     1496840 kB
Committed_AS:   23189784 kB
VmallocTotal:     458752 kB
VmallocUsed:       89940 kB
VmallocChunk:     217116 kB
Time pass: 307 sec

---2015-11-23 15:19:04
MemTotal:        1420824 kB
MemFree:           40952 kB
Buffers:            7732 kB
Cached:           552696 kB
SwapCached:            0 kB
Active:           459992 kB
Inactive:         610648 kB
Active(anon):     256016 kB
Inactive(anon):   256996 kB
Active(file):     203976 kB
Inactive(file):   353652 kB
Unevictable:         292 kB
Mlocked:               0 kB
HighTotal:       1001472 kB
HighFree:           5344 kB
LowTotal:         419352 kB
LowFree:           35608 kB
SwapTotal:        786428 kB
SwapFree:         786428 kB
Dirty:                28 kB
Writeback:             0 kB
AnonPages:        510548 kB
Mapped:           226568 kB
Shmem:              2500 kB
Slab:              43532 kB
SReclaimable:      14964 kB
SUnreclaim:        28568 kB
KernelStack:       10568 kB
PageTables:        17320 kB
NFS_Unstable:          0 kB
Bounce:                0 kB
WritebackTmp:          0 kB
CommitLimit:     1496840 kB
Committed_AS:   23190988 kB
VmallocTotal:     458752 kB
VmallocUsed:       89940 kB
VmallocChunk:     217116 kB
Time pass: 310 sec

---2015-11-23 15:19:04
MemTotal:        1420824 kB
MemFree:           41316 kB
Buffers:            7748 kB
Cached:           552696 kB
SwapCached:            0 kB
Active:           460020 kB
Inactive:         610672 kB
Active(anon):     256044 kB
Inactive(anon):   256996 kB
Active(file):     203976 kB
Inactive(file):   353676 kB
Unevictable:         292 kB
Mlocked:               0 kB
HighTotal:       1001472 kB
HighFree:           5448 kB
LowTotal:         419352 kB
LowFree:           35868 kB
SwapTotal:        786428 kB
SwapFree:         786428 kB
Dirty:                40 kB
Writeback:             0 kB
AnonPages:        510528 kB
Mapped:           226568 kB
Shmem:              2500 kB
Slab:              43596 kB
SReclaimable:      14964 kB
SUnreclaim:        28632 kB
KernelStack:       10568 kB
PageTables:        17244 kB
NFS_Unstable:          0 kB
Bounce:                0 kB
WritebackTmp:          0 kB
CommitLimit:     1496840 kB
Committed_AS:   23190992 kB
VmallocTotal:     458752 kB
VmallocUsed:       89940 kB
VmallocChunk:     217116 kB
Time pass: 314 sec

---2015-11-23 15:19:04
MemTotal:        1420824 kB
MemFree:           40612 kB
Buffers:            7764 kB
Cached:           552696 kB
SwapCached:            0 kB
Active:           460376 kB
Inactive:         610688 kB
Active(anon):     256400 kB
Inactive(anon):   256996 kB
Active(file):     203976 kB
Inactive(file):   353692 kB
Unevictable:         292 kB
Mlocked:               0 kB
HighTotal:       1001472 kB
HighFree:           5092 kB
LowTotal:         419352 kB
LowFree:           35520 kB
SwapTotal:        786428 kB
SwapFree:         786428 kB
Dirty:                36 kB
Writeback:             0 kB
AnonPages:        510976 kB
Mapped:           226568 kB
Shmem:              2500 kB
Slab:              43460 kB
SReclaimable:      14960 kB
SUnreclaim:        28500 kB
KernelStack:       10568 kB
PageTables:        17320 kB
NFS_Unstable:          0 kB
Bounce:                0 kB
WritebackTmp:          0 kB
CommitLimit:     1496840 kB
Committed_AS:   23190940 kB
VmallocTotal:     458752 kB
VmallocUsed:       89940 kB
VmallocChunk:     217116 kB
Time pass: 317 sec

---2015-11-23 15:19:04
MemTotal:        1420824 kB
MemFree:           40768 kB
Buffers:            7764 kB
Cached:           552696 kB
SwapCached:            0 kB
Active:           460464 kB
Inactive:         610688 kB
Active(anon):     256488 kB
Inactive(anon):   256996 kB
Active(file):     203976 kB
Inactive(file):   353692 kB
Unevictable:         292 kB
Mlocked:               0 kB
HighTotal:       1001472 kB
HighFree:           5092 kB
LowTotal:         419352 kB
LowFree:           35676 kB
SwapTotal:        786428 kB
SwapFree:         786428 kB
Dirty:                36 kB
Writeback:             0 kB
AnonPages:        511040 kB
Mapped:           226568 kB
