---2015-12-05 14:07:44
MemTotal:        2873608 kB
MemFree:           98792 kB
Buffers:           22108 kB
Cached:          1287292 kB
SwapCached:            0 kB
Active:          1299080 kB
Inactive:         939816 kB
Active(anon):     744272 kB
Inactive(anon):   195480 kB
Active(file):     554808 kB
Inactive(file):   744336 kB
Unevictable:        8104 kB
Mlocked:               0 kB
SwapTotal:        715328 kB
SwapFree:         715328 kB
Dirty:              6436 kB
Writeback:            12 kB
AnonPages:        938060 kB
Mapped:           447512 kB
Shmem:              1784 kB
Slab:              96332 kB
SReclaimable:      31024 kB
SUnreclaim:        65308 kB
KernelStack:       36272 kB
PageTables:        48768 kB
NFS_Unstable:          0 kB
Bounce:                0 kB
WritebackTmp:          0 kB
CommitLimit:     2152132 kB
Committed_AS:   120176348 kB
VmallocTotal:   251658176 kB
VmallocUsed:      134100 kB
VmallocChunk:   251418156 kB
Time pass: 3 sec

---2015-12-05 14:07:44
MemTotal:        2873608 kB
MemFree:           97092 kB
Buffers:           22248 kB
Cached:          1283484 kB
SwapCached:            0 kB
Active:          1324252 kB
Inactive:         919800 kB
Active(anon):     752760 kB
Inactive(anon):   195392 kB
Active(file):     571492 kB
Inactive(file):   724408 kB
Unevictable:        8104 kB
Mlocked:               0 kB
SwapTotal:        715328 kB
SwapFree:         715328 kB
Dirty:                 0 kB
Writeback:             0 kB
AnonPages:        946944 kB
Mapped:           458204 kB
Shmem:              1728 kB
Slab:              96008 kB
SReclaimable:      30928 kB
SUnreclaim:        65080 kB
KernelStack:       36224 kB
PageTables:        48552 kB
NFS_Unstable:          0 kB
Bounce:                0 kB
WritebackTmp:          0 kB
CommitLimit:     2152132 kB
Committed_AS:   119596260 kB
VmallocTotal:   251658176 kB
VmallocUsed:      133940 kB
VmallocChunk:   251418156 kB
Time pass: 7 sec

---2015-12-05 14:07:44
MemTotal:        2873608 kB
MemFree:          105020 kB
Buffers:           22304 kB
Cached:          1284592 kB
SwapCached:            0 kB
Active:          1315772 kB
Inactive:         918860 kB
Active(anon):     742388 kB
Inactive(anon):   195376 kB
Active(file):     573384 kB
Inactive(file):   723484 kB
Unevictable:        8104 kB
Mlocked:               0 kB
SwapTotal:        715328 kB
SwapFree:         715328 kB
Dirty:              1032 kB
Writeback:             0 kB
AnonPages:        936056 kB
Mapped:           485844 kB
Shmem:              1712 kB
Slab:              95776 kB
SReclaimable:      30936 kB
SUnreclaim:        64840 kB
KernelStack:       36544 kB
PageTables:        48220 kB
NFS_Unstable:          0 kB
Bounce:                0 kB
WritebackTmp:          0 kB
CommitLimit:     2152132 kB
Committed_AS:   117323160 kB
VmallocTotal:   251658176 kB
VmallocUsed:      133056 kB
VmallocChunk:   251418156 kB
Time pass: 11 sec

---2015-12-05 14:07:44
MemTotal:        2873608 kB
MemFree:           84680 kB
Buffers:           23888 kB
Cached:          1277388 kB
SwapCached:            0 kB
Active:          1363428 kB
Inactive:         887920 kB
Active(anon):     764364 kB
Inactive(anon):   195516 kB
Active(file):     599064 kB
Inactive(file):   692404 kB
Unevictable:        8104 kB
Mlocked:               0 kB
SwapTotal:        715328 kB
SwapFree:         715328 kB
Dirty:              6388 kB
Writeback:             0 kB
AnonPages:        958172 kB
Mapped:           474724 kB
Shmem:              1852 kB
Slab:              96076 kB
SReclaimable:      30964 kB
SUnreclaim:        65112 kB
KernelStack:       37376 kB
PageTables:        48248 kB
NFS_Unstable:          0 kB
Bounce:                0 kB
WritebackTmp:          0 kB
CommitLimit:     2152132 kB
Committed_AS:   117996532 kB
VmallocTotal:   251658176 kB
VmallocUsed:      135256 kB
VmallocChunk:   251430980 kB
Time pass: 15 sec

---2015-12-05 14:07:44
MemTotal:        2873608 kB
MemFree:           72240 kB
Buffers:           24032 kB
Cached:          1277444 kB
SwapCached:            0 kB
Active:          1387044 kB
Inactive:         876736 kB
Active(anon):     776776 kB
Inactive(anon):   195388 kB
Active(file):     610268 kB
Inactive(file):   681348 kB
Unevictable:        8104 kB
Mlocked:               0 kB
SwapTotal:        715328 kB
SwapFree:         715328 kB
Dirty:               200 kB
Writeback:             0 kB
AnonPages:        970804 kB
Mapped:           489672 kB
Shmem:              1732 kB
Slab:              96104 kB
SReclaimable:      31012 kB
SUnreclaim:        65092 kB
KernelStack:       37184 kB
PageTables:        49104 kB
NFS_Unstable:          0 kB
Bounce:                0 kB
WritebackTmp:          0 kB
CommitLimit:     2152132 kB
Committed_AS:   119770504 kB
VmallocTotal:   251658176 kB
VmallocUsed:      135120 kB
VmallocChunk:   251430980 kB
Time pass: 18 sec

---2015-12-05 14:07:44
MemTotal:        2873608 kB
MemFree:           69792 kB
Buffers:           23352 kB
Cached:          1213268 kB
SwapCached:            0 kB
Active:          1387280 kB
Inactive:         806104 kB
Active(anon):     776616 kB
Inactive(anon):   195228 kB
Active(file):     610664 kB
Inactive(file):   610876 kB
Unevictable:       13428 kB
Mlocked:               0 kB
SwapTotal:        715328 kB
SwapFree:         714776 kB
Dirty:              1776 kB
Writeback:           216 kB
AnonPages:        970640 kB
Mapped:           463464 kB
Shmem:              1620 kB
Slab:              94372 kB
SReclaimable:      28916 kB
SUnreclaim:        65456 kB
KernelStack:       38128 kB
PageTables:        49612 kB
NFS_Unstable:          0 kB
Bounce:                0 kB
WritebackTmp:          0 kB
CommitLimit:     2152132 kB
Committed_AS:   119890296 kB
VmallocTotal:   251658176 kB
VmallocUsed:      134464 kB
VmallocChunk:   251430980 kB
Time pass: 22 sec

---2015-12-05 14:07:44
MemTotal:        2873608 kB
MemFree:           77932 kB
Buffers:           22760 kB
Cached:          1114268 kB
SwapCached:            0 kB
Active:          1345148 kB
Inactive:         766200 kB
Active(anon):     785056 kB
Inactive(anon):   204580 kB
Active(file):     560092 kB
Inactive(file):   561620 kB
Unevictable:       13568 kB
Mlocked:               0 kB
SwapTotal:        715328 kB
SwapFree:         714256 kB
Dirty:              8512 kB
Writeback:             8 kB
AnonPages:        988252 kB
Mapped:           527896 kB
Shmem:              1444 kB
Slab:              97324 kB
SReclaimable:      31408 kB
SUnreclaim:        65916 kB
KernelStack:       38560 kB
PageTables:        49760 kB
NFS_Unstable:          0 kB
Bounce:                0 kB
WritebackTmp:          0 kB
CommitLimit:     2152132 kB
Committed_AS:   119327328 kB
VmallocTotal:   251658176 kB
VmallocUsed:      135388 kB
VmallocChunk:   251430980 kB
Time pass: 26 sec

---2015-12-05 14:07:44
MemTotal:        2873608 kB
MemFree:           78864 kB
Buffers:           23252 kB
Cached:          1116672 kB
SwapCached:            0 kB
Active:          1347140 kB
Inactive:         768284 kB
Active(anon):     786140 kB
Inactive(anon):   204312 kB
Active(file):     561000 kB
Inactive(file):   563972 kB
Unevictable:       13568 kB
Mlocked:               0 kB
SwapTotal:        715328 kB
SwapFree:         714188 kB
Dirty:               372 kB
Writeback:            16 kB
AnonPages:        989304 kB
Mapped:           526772 kB
Shmem:              1316 kB
Slab:              97000 kB
SReclaimable:      31184 kB
SUnreclaim:        65816 kB
KernelStack:       38288 kB
PageTables:        49944 kB
NFS_Unstable:          0 kB
Bounce:                0 kB
WritebackTmp:          0 kB
CommitLimit:     2152132 kB
Committed_AS:   118772636 kB
VmallocTotal:   251658176 kB
VmallocUsed:      135252 kB
VmallocChunk:   251430980 kB
Time pass: 30 sec

---2015-12-05 14:07:44
MemTotal:        2873608 kB
MemFree:          128952 kB
Buffers:           24452 kB
Cached:          1117552 kB
SwapCached:            0 kB
Active:          1305504 kB
Inactive:         763836 kB
Active(anon):     737908 kB
Inactive(anon):   204116 kB
Active(file):     567596 kB
Inactive(file):   559720 kB
Unevictable:       13568 kB
Mlocked:               0 kB
SwapTotal:        715328 kB
SwapFree:         714188 kB
Dirty:               228 kB
Writeback:             0 kB
AnonPages:        940992 kB
Mapped:           511080 kB
Shmem:              1120 kB
Slab:              97272 kB
SReclaimable:      31388 kB
SUnreclaim:        65884 kB
KernelStack:       37088 kB
PageTables:        49644 kB
NFS_Unstable:          0 kB
Bounce:                0 kB
WritebackTmp:          0 kB
CommitLimit:     2152132 kB
Committed_AS:   121096136 kB
VmallocTotal:   251658176 kB
VmallocUsed:      137132 kB
VmallocChunk:   251430980 kB
Time pass: 34 sec

---2015-12-05 14:07:44
MemTotal:        2873608 kB
MemFree:           68532 kB
Buffers:           24424 kB
Cached:          1107792 kB
SwapCached:            0 kB
Active:          1365016 kB
Inactive:         759568 kB
Active(anon):     803392 kB
Inactive(anon):   203768 kB
Active(file):     561624 kB
Inactive(file):   555800 kB
Unevictable:       13568 kB
Mlocked:               0 kB
SwapTotal:        715328 kB
SwapFree:         713868 kB
Dirty:                48 kB
Writeback:             0 kB
AnonPages:       1005780 kB
Mapped:           548992 kB
Shmem:              1304 kB
Slab:              97640 kB
SReclaimable:      31604 kB
SUnreclaim:        66036 kB
KernelStack:       38240 kB
PageTables:        50240 kB
NFS_Unstable:          0 kB
Bounce:                0 kB
WritebackTmp:          0 kB
CommitLimit:     2152132 kB
Committed_AS:   120459952 kB
VmallocTotal:   251658176 kB
VmallocUsed:      135388 kB
VmallocChunk:   251430980 kB
Time pass: 37 sec

---2015-12-05 14:07:44
MemTotal:        2873608 kB
MemFree:           75716 kB
Buffers:           24332 kB
Cached:          1116464 kB
SwapCached:            0 kB
Active:          1346464 kB
Inactive:         771796 kB
Active(anon):     788760 kB
Inactive(anon):   203600 kB
Active(file):     557704 kB
Inactive(file):   568196 kB
Unevictable:       13568 kB
Mlocked:               0 kB
SwapTotal:        715328 kB
SwapFree:         713636 kB
Dirty:               316 kB
Writeback:             0 kB
AnonPages:        991112 kB
Mapped:           530088 kB
Shmem:              1252 kB
Slab:              97400 kB
SReclaimable:      30996 kB
SUnreclaim:        66404 kB
KernelStack:       37968 kB
PageTables:        51076 kB
NFS_Unstable:          0 kB
Bounce:                0 kB
WritebackTmp:          0 kB
CommitLimit:     2152132 kB
Committed_AS:   123450676 kB
VmallocTotal:   251658176 kB
VmallocUsed:      137428 kB
VmallocChunk:   251430980 kB
Time pass: 41 sec

---2015-12-05 14:07:44
MemTotal:        2873608 kB
MemFree:           82176 kB
Buffers:           16172 kB
Cached:          1010560 kB
SwapCached:            0 kB
Active:          1326364 kB
Inactive:         714816 kB
Active(anon):     820976 kB
Inactive(anon):   208332 kB
Active(file):     505388 kB
Inactive(file):   506484 kB
Unevictable:       13568 kB
Mlocked:               0 kB
SwapTotal:        715328 kB
SwapFree:         710240 kB
Dirty:               696 kB
Writeback:             0 kB
AnonPages:       1028144 kB
Mapped:           537012 kB
Shmem:              1124 kB
Slab:              98824 kB
SReclaimable:      31604 kB
SUnreclaim:        67220 kB
KernelStack:       39536 kB
PageTables:        52184 kB
NFS_Unstable:          0 kB
Bounce:                0 kB
WritebackTmp:          0 kB
CommitLimit:     2152132 kB
Committed_AS:   126351312 kB
VmallocTotal:   251658176 kB
VmallocUsed:      139544 kB
VmallocChunk:   251430980 kB
Time pass: 45 sec

---2015-12-05 14:07:44
MemTotal:        2873608 kB
MemFree:           77748 kB
Buffers:           16536 kB
Cached:          1014724 kB
SwapCached:            0 kB
Active:          1332932 kB
Inactive:         715768 kB
Active(anon):     823636 kB
Inactive(anon):   208428 kB
Active(file):     509296 kB
Inactive(file):   507340 kB
Unevictable:       13568 kB
Mlocked:               0 kB
SwapTotal:        715328 kB
SwapFree:         710240 kB
Dirty:               724 kB
Writeback:             0 kB
AnonPages:       1031036 kB
Mapped:           543232 kB
Shmem:              1204 kB
Slab:              98416 kB
SReclaimable:      31484 kB
SUnreclaim:        66932 kB
KernelStack:       38480 kB
PageTables:        51300 kB
NFS_Unstable:          0 kB
Bounce:                0 kB
WritebackTmp:          0 kB
CommitLimit:     2152132 kB
Committed_AS:   122778188 kB
VmallocTotal:   251658176 kB
VmallocUsed:      136484 kB
VmallocChunk:   251430980 kB
Time pass: 48 sec

---2015-12-05 14:07:44
MemTotal:        2873608 kB
MemFree:           66216 kB
Buffers:           15820 kB
Cached:          1008408 kB
SwapCached:            0 kB
Active:          1346016 kB
Inactive:         713916 kB
Active(anon):     840368 kB
Inactive(anon):   209884 kB
Active(file):     505648 kB
Inactive(file):   504032 kB
Unevictable:       13568 kB
Mlocked:               0 kB
SwapTotal:        715328 kB
SwapFree:         710052 kB
Dirty:               408 kB
Writeback:             0 kB
AnonPages:       1049888 kB
Mapped:           552232 kB
Shmem:              1124 kB
Slab:              98364 kB
SReclaimable:      31484 kB
SUnreclaim:        66880 kB
KernelStack:       38512 kB
PageTables:        51272 kB
NFS_Unstable:          0 kB
Bounce:                0 kB
WritebackTmp:          0 kB
CommitLimit:     2152132 kB
Committed_AS:   122793204 kB
VmallocTotal:   251658176 kB
VmallocUsed:      136468 kB
VmallocChunk:   251430980 kB
Time pass: 52 sec

---2015-12-05 14:07:44
MemTotal:        2873608 kB
MemFree:           69544 kB
Buffers:           15416 kB
Cached:           982484 kB
SwapCached:            0 kB
Active:          1316756 kB
Inactive:         700068 kB
Active(anon):     823964 kB
Inactive(anon):   209764 kB
Active(file):     492792 kB
Inactive(file):   490304 kB
Unevictable:       13568 kB
Mlocked:               0 kB
SwapTotal:        715328 kB
SwapFree:         709712 kB
Dirty:              1076 kB
Writeback:             0 kB
AnonPages:       1032664 kB
Mapped:           594400 kB
Shmem:              1124 kB
Slab:              98224 kB
SReclaimable:      31372 kB
SUnreclaim:        66852 kB
KernelStack:       38096 kB
PageTables:        50444 kB
NFS_Unstable:          0 kB
Bounce:                0 kB
WritebackTmp:          0 kB
CommitLimit:     2152132 kB
Committed_AS:   120328864 kB
VmallocTotal:   251658176 kB
VmallocUsed:      134832 kB
VmallocChunk:   251430980 kB
Time pass: 56 sec

---2015-12-05 14:07:44
MemTotal:        2873608 kB
MemFree:           63788 kB
Buffers:           16224 kB
Cached:           981324 kB
SwapCached:            0 kB
Active:          1322404 kB
Inactive:         699820 kB
Active(anon):     829732 kB
Inactive(anon):   209760 kB
Active(file):     492672 kB
Inactive(file):   490060 kB
Unevictable:       13568 kB
Mlocked:               0 kB
SwapTotal:        715328 kB
SwapFree:         709588 kB
Dirty:               128 kB
Writeback:            16 kB
AnonPages:       1038208 kB
Mapped:           604944 kB
Shmem:              1124 kB
Slab:              98536 kB
SReclaimable:      31500 kB
SUnreclaim:        67036 kB
KernelStack:       38352 kB
PageTables:        50972 kB
NFS_Unstable:          0 kB
Bounce:                0 kB
WritebackTmp:          0 kB
CommitLimit:     2152132 kB
Committed_AS:   121567588 kB
VmallocTotal:   251658176 kB
VmallocUsed:      135852 kB
VmallocChunk:   251430980 kB
Time pass: 60 sec

---2015-12-05 14:07:44
MemTotal:        2873608 kB
MemFree:           73768 kB
Buffers:           16156 kB
Cached:           936076 kB
SwapCached:            0 kB
Active:          1324420 kB
Inactive:         684948 kB
Active(anon):     855660 kB
Inactive(anon):   216168 kB
Active(file):     468760 kB
Inactive(file):   468780 kB
Unevictable:       13568 kB
Mlocked:               0 kB
SwapTotal:        715328 kB
SwapFree:         708212 kB
Dirty:               160 kB
Writeback:             0 kB
AnonPages:       1070960 kB
Mapped:           622216 kB
Shmem:              1124 kB
Slab:              98440 kB
SReclaimable:      31484 kB
SUnreclaim:        66956 kB
KernelStack:       39168 kB
PageTables:        51364 kB
NFS_Unstable:          0 kB
Bounce:                0 kB
WritebackTmp:          0 kB
CommitLimit:     2152132 kB
Committed_AS:   121576628 kB
VmallocTotal:   251658176 kB
VmallocUsed:      135964 kB
VmallocChunk:   251430980 kB
Time pass: 63 sec

---2015-12-05 14:07:44
MemTotal:        2873608 kB
MemFree:           97404 kB
Buffers:           16172 kB
Cached:           936076 kB
SwapCached:            0 kB
Active:          1300256 kB
Inactive:         684948 kB
Active(anon):     831488 kB
Inactive(anon):   216168 kB
Active(file):     468768 kB
Inactive(file):   468780 kB
Unevictable:       13568 kB
Mlocked:               0 kB
SwapTotal:        715328 kB
SwapFree:         708212 kB
Dirty:                40 kB
Writeback:            60 kB
AnonPages:       1046648 kB
Mapped:           622340 kB
Shmem:              1124 kB
Slab:              98440 kB
SReclaimable:      31484 kB
SUnreclaim:        66956 kB
KernelStack:       39200 kB
PageTables:        51424 kB
NFS_Unstable:          0 kB
Bounce:                0 kB
WritebackTmp:          0 kB
CommitLimit:     2152132 kB
Committed_AS:   121576700 kB
VmallocTotal:   251658176 kB
VmallocUsed:      135964 kB
VmallocChunk:   251430980 kB
Time pass: 67 sec

---2015-12-05 14:07:44
MemTotal:        2873608 kB
MemFree:           77356 kB
Buffers:           16068 kB
Cached:           930112 kB
SwapCached:            0 kB
Active:          1302408 kB
Inactive:         681308 kB
Active(anon):     836260 kB
Inactive(anon):   216160 kB
Active(file):     466148 kB
Inactive(file):   465148 kB
Unevictable:       13568 kB
Mlocked:               0 kB
SwapTotal:        715328 kB
SwapFree:         708160 kB
Dirty:               408 kB
Writeback:             0 kB
AnonPages:       1051584 kB
Mapped:           634332 kB
Shmem:              1124 kB
Slab:              98696 kB
SReclaimable:      31628 kB
SUnreclaim:        67068 kB
KernelStack:       39184 kB
PageTables:        51392 kB
NFS_Unstable:          0 kB
Bounce:                0 kB
WritebackTmp:          0 kB
CommitLimit:     2152132 kB
Committed_AS:   121576692 kB
VmallocTotal:   251658176 kB
VmallocUsed:      136112 kB
VmallocChunk:   251430980 kB
Time pass: 71 sec

---2015-12-05 14:07:44
MemTotal:        2873608 kB
MemFree:           73944 kB
Buffers:           16068 kB
Cached:           930196 kB
SwapCached:            0 kB
Active:          1304668 kB
Inactive:         681388 kB
Active(anon):     838388 kB
Inactive(anon):   216096 kB
Active(file):     466280 kB
Inactive(file):   465292 kB
Unevictable:       13568 kB
Mlocked:               0 kB
SwapTotal:        715328 kB
SwapFree:         708160 kB
Dirty:               536 kB
Writeback:             0 kB
AnonPages:       1053524 kB
Mapped:           636272 kB
Shmem:              1124 kB
Slab:              98608 kB
SReclaimable:      31628 kB
SUnreclaim:        66980 kB
KernelStack:       39152 kB
PageTables:        51384 kB
NFS_Unstable:          0 kB
Bounce:                0 kB
WritebackTmp:          0 kB
CommitLimit:     2152132 kB
Committed_AS:   121577152 kB
VmallocTotal:   251658176 kB
VmallocUsed:      136120 kB
VmallocChunk:   251430980 kB
Time pass: 74 sec

---2015-12-05 14:07:44
MemTotal:        2873608 kB
MemFree:           65820 kB
Buffers:           16032 kB
Cached:           917292 kB
SwapCached:            8 kB
Active:          1322276 kB
Inactive:         675016 kB
Active(anon):     863244 kB
Inactive(anon):   215760 kB
Active(file):     459032 kB
Inactive(file):   459256 kB
Unevictable:       13568 kB
Mlocked:               0 kB
SwapTotal:        715328 kB
SwapFree:         707896 kB
Dirty:               360 kB
Writeback:             0 kB
AnonPages:       1077920 kB
Mapped:           640852 kB
Shmem:              1124 kB
Slab:              98080 kB
SReclaimable:      31080 kB
SUnreclaim:        67000 kB
KernelStack:       39552 kB
PageTables:        51456 kB
NFS_Unstable:          0 kB
Bounce:                0 kB
WritebackTmp:          0 kB
CommitLimit:     2152132 kB
Committed_AS:   121626164 kB
VmallocTotal:   251658176 kB
VmallocUsed:      138552 kB
VmallocChunk:   251430980 kB
Time pass: 78 sec

---2015-12-05 14:07:44
MemTotal:        2873608 kB
MemFree:           65164 kB
Buffers:           16016 kB
Cached:           915276 kB
SwapCached:            8 kB
Active:          1322460 kB
Inactive:         674492 kB
Active(anon):     864328 kB
Inactive(anon):   216196 kB
Active(file):     458132 kB
Inactive(file):   458296 kB
Unevictable:       13568 kB
Mlocked:               0 kB
SwapTotal:        715328 kB
SwapFree:         707900 kB
Dirty:               176 kB
Writeback:             0 kB
AnonPages:       1079240 kB
Mapped:           640720 kB
Shmem:              1296 kB
Slab:              98464 kB
SReclaimable:      31360 kB
SUnreclaim:        67104 kB
KernelStack:       39760 kB
PageTables:        51740 kB
NFS_Unstable:          0 kB
Bounce:                0 kB
WritebackTmp:          0 kB
CommitLimit:     2152132 kB
Committed_AS:   121626248 kB
VmallocTotal:   251658176 kB
VmallocUsed:      138552 kB
VmallocChunk:   251430980 kB
Time pass: 82 sec

---2015-12-05 14:07:44
MemTotal:        2873608 kB
MemFree:           66044 kB
Buffers:           14144 kB
Cached:           905600 kB
SwapCached:            8 kB
Active:          1322536 kB
Inactive:         665320 kB
Active(anon):     866892 kB
Inactive(anon):   216244 kB
Active(file):     455644 kB
Inactive(file):   449076 kB
Unevictable:       13568 kB
Mlocked:               0 kB
SwapTotal:        715328 kB
SwapFree:         707272 kB
Dirty:                84 kB
Writeback:             0 kB
AnonPages:       1081936 kB
Mapped:           639284 kB
Shmem:              1456 kB
Slab:              98544 kB
SReclaimable:      31472 kB
SUnreclaim:        67072 kB
KernelStack:       39712 kB
PageTables:        51836 kB
NFS_Unstable:          0 kB
Bounce:                0 kB
WritebackTmp:          0 kB
CommitLimit:     2152132 kB
Committed_AS:   121630336 kB
VmallocTotal:   251658176 kB
VmallocUsed:      138552 kB
VmallocChunk:   251430980 kB
Time pass: 86 sec

---2015-12-05 14:07:44
MemTotal:        2873608 kB
MemFree:           63836 kB
Buffers:           14160 kB
Cached:           905612 kB
SwapCached:            8 kB
Active:          1324316 kB
Inactive:         665348 kB
Active(anon):     868672 kB
Inactive(anon):   216248 kB
Active(file):     455644 kB
Inactive(file):   449100 kB
Unevictable:       13568 kB
Mlocked:               0 kB
SwapTotal:        715328 kB
SwapFree:         707272 kB
Dirty:                64 kB
Writeback:             0 kB
AnonPages:       1083380 kB
Mapped:           639288 kB
Shmem:              1460 kB
Slab:              98548 kB
SReclaimable:      31472 kB
SUnreclaim:        67076 kB
KernelStack:       39728 kB
PageTables:        51840 kB
NFS_Unstable:          0 kB
Bounce:                0 kB
WritebackTmp:          0 kB
CommitLimit:     2152132 kB
Committed_AS:   121634424 kB
VmallocTotal:   251658176 kB
VmallocUsed:      138552 kB
VmallocChunk:   251430980 kB
Time pass: 89 sec

---2015-12-05 14:07:44
MemTotal:        2873608 kB
MemFree:           64100 kB
Buffers:           14180 kB
Cached:           905844 kB
SwapCached:            8 kB
Active:          1323992 kB
Inactive:         665596 kB
Active(anon):     868344 kB
Inactive(anon):   216480 kB
Active(file):     455648 kB
Inactive(file):   449116 kB
Unevictable:       13568 kB
Mlocked:               0 kB
SwapTotal:        715328 kB
SwapFree:         707272 kB
Dirty:                72 kB
Writeback:             0 kB
AnonPages:       1083376 kB
Mapped:           639644 kB
Shmem:              1692 kB
Slab:              98548 kB
SReclaimable:      31472 kB
SUnreclaim:        67076 kB
KernelStack:       39696 kB
PageTables:        51868 kB
NFS_Unstable:          0 kB
Bounce:                0 kB
WritebackTmp:          0 kB
CommitLimit:     2152132 kB
Committed_AS:   121634384 kB
VmallocTotal:   251658176 kB
VmallocUsed:      138552 kB
VmallocChunk:   251430980 kB
Time pass: 93 sec

---2015-12-05 14:07:44
MemTotal:        2873608 kB
MemFree:           70244 kB
Buffers:           14008 kB
Cached:           899592 kB
SwapCached:            8 kB
Active:          1317212 kB
Inactive:         666876 kB
Active(anon):     867704 kB
Inactive(anon):   217600 kB
Active(file):     449508 kB
Inactive(file):   449276 kB
Unevictable:       13568 kB
Mlocked:               0 kB
SwapTotal:        715328 kB
SwapFree:         706912 kB
Dirty:                 0 kB
Writeback:             0 kB
AnonPages:       1084012 kB
Mapped:           640252 kB
Shmem:              1004 kB
Slab:              98592 kB
SReclaimable:      31472 kB
SUnreclaim:        67120 kB
KernelStack:       39696 kB
PageTables:        52004 kB
NFS_Unstable:          0 kB
Bounce:                0 kB
WritebackTmp:          0 kB
CommitLimit:     2152132 kB
Committed_AS:   125095032 kB
VmallocTotal:   251658176 kB
VmallocUsed:      139572 kB
VmallocChunk:   251430980 kB
Time pass: 97 sec

---2015-12-05 14:07:44
MemTotal:        2873608 kB
MemFree:          342764 kB
Buffers:           13896 kB
Cached:           874220 kB
SwapCached:            8 kB
Active:          1215768 kB
Inactive:         632280 kB
Active(anon):     762328 kB
Inactive(anon):   211796 kB
Active(file):     453440 kB
Inactive(file):   420484 kB
Unevictable:       13568 kB
Mlocked:               0 kB
SwapTotal:        715328 kB
SwapFree:         702308 kB
Dirty:               612 kB
Writeback:             0 kB
AnonPages:        973884 kB
Mapped:           468892 kB
Shmem:               556 kB
Slab:              98364 kB
SReclaimable:      31356 kB
SUnreclaim:        67008 kB
KernelStack:       38256 kB
PageTables:        49248 kB
NFS_Unstable:          0 kB
Bounce:                0 kB
WritebackTmp:          0 kB
CommitLimit:     2152132 kB
Committed_AS:   118413124 kB
VmallocTotal:   251658176 kB
VmallocUsed:      135540 kB
VmallocChunk:   251430980 kB
Time pass: 100 sec

---2015-12-05 14:07:44
MemTotal:        2873608 kB
MemFree:          343088 kB
Buffers:           13904 kB
Cached:           874308 kB
SwapCached:            8 kB
Active:          1215768 kB
Inactive:         632364 kB
Active(anon):     762336 kB
Inactive(anon):   211752 kB
Active(file):     453432 kB
Inactive(file):   420612 kB
Unevictable:       13568 kB
Mlocked:               0 kB
SwapTotal:        715328 kB
SwapFree:         702308 kB
Dirty:               268 kB
Writeback:           116 kB
AnonPages:        973604 kB
Mapped:           469088 kB
Shmem:               556 kB
Slab:              98376 kB
SReclaimable:      31368 kB
SUnreclaim:        67008 kB
KernelStack:       37680 kB
PageTables:        49280 kB
NFS_Unstable:          0 kB
Bounce:                0 kB
WritebackTmp:          0 kB
CommitLimit:     2152132 kB
Committed_AS:   118413196 kB
VmallocTotal:   251658176 kB
VmallocUsed:      135540 kB
VmallocChunk:   251430980 kB
Time pass: 104 sec

---2015-12-05 14:07:44
MemTotal:        2873608 kB
MemFree:          322932 kB
Buffers:           14388 kB
Cached:           886340 kB
SwapCached:           20 kB
Active:          1259460 kB
Inactive:         638012 kB
Active(anon):     799116 kB
Inactive(anon):   212912 kB
Active(file):     460344 kB
Inactive(file):   425100 kB
Unevictable:       13568 kB
Mlocked:               0 kB
SwapTotal:        715328 kB
SwapFree:         702308 kB
Dirty:              1224 kB
Writeback:             0 kB
AnonPages:       1010424 kB
Mapped:           485068 kB
Shmem:              1704 kB
Slab:              98764 kB
SReclaimable:      31384 kB
SUnreclaim:        67380 kB
KernelStack:       38832 kB
PageTables:        50420 kB
NFS_Unstable:          0 kB
Bounce:                0 kB
WritebackTmp:          0 kB
CommitLimit:     2152132 kB
Committed_AS:   119724932 kB
VmallocTotal:   251658176 kB
VmallocUsed:      136180 kB
VmallocChunk:   251430980 kB
Time pass: 108 sec

---2015-12-05 14:07:44
MemTotal:        2873608 kB
MemFree:          258828 kB
Buffers:           14424 kB
Cached:           888116 kB
SwapCached:           20 kB
Active:          1267732 kB
Inactive:         637932 kB
Active(anon):     805328 kB
Inactive(anon):   211900 kB
Active(file):     462404 kB
Inactive(file):   426032 kB
Unevictable:       13568 kB
Mlocked:               0 kB
SwapTotal:        715328 kB
SwapFree:         702308 kB
Dirty:              2472 kB
Writeback:             0 kB
AnonPages:       1016900 kB
Mapped:           534252 kB
Shmem:               692 kB
Slab:              98572 kB
SReclaimable:      31400 kB
SUnreclaim:        67172 kB
KernelStack:       38912 kB
PageTables:        50436 kB
NFS_Unstable:          0 kB
Bounce:                0 kB
WritebackTmp:          0 kB
CommitLimit:     2152132 kB
Committed_AS:   120272580 kB
VmallocTotal:   251658176 kB
VmallocUsed:      136524 kB
VmallocChunk:   251430980 kB
Time pass: 111 sec

---2015-12-05 14:07:44
MemTotal:        2873608 kB
MemFree:          203828 kB
Buffers:           14432 kB
Cached:           889536 kB
SwapCached:           20 kB
Active:          1266660 kB
Inactive:         637816 kB
Active(anon):     802888 kB
Inactive(anon):   211900 kB
Active(file):     463772 kB
Inactive(file):   425916 kB
Unevictable:       13568 kB
Mlocked:               0 kB
SwapTotal:        715328 kB
SwapFree:         702308 kB
Dirty:              1000 kB
Writeback:             0 kB
AnonPages:       1014104 kB
Mapped:           583564 kB
Shmem:               692 kB
Slab:              98488 kB
SReclaimable:      31416 kB
SUnreclaim:        67072 kB
KernelStack:       38416 kB
PageTables:        50580 kB
NFS_Unstable:          0 kB
Bounce:                0 kB
WritebackTmp:          0 kB
CommitLimit:     2152132 kB
Committed_AS:   120280988 kB
VmallocTotal:   251658176 kB
VmallocUsed:      134524 kB
VmallocChunk:   251430980 kB
Time pass: 115 sec

---2015-12-05 14:07:44
MemTotal:        2873608 kB
MemFree:          187096 kB
Buffers:           14432 kB
Cached:           889676 kB
SwapCached:           20 kB
Active:          1268380 kB
Inactive:         637756 kB
Active(anon):     804388 kB
Inactive(anon):   211900 kB
Active(file):     463992 kB
Inactive(file):   425856 kB
Unevictable:       13568 kB
Mlocked:               0 kB
SwapTotal:        715328 kB
SwapFree:         702308 kB
Dirty:               148 kB
Writeback:             0 kB
AnonPages:       1015624 kB
Mapped:           593296 kB
Shmem:               692 kB
Slab:              98508 kB
SReclaimable:      31432 kB
SUnreclaim:        67076 kB
KernelStack:       38448 kB
PageTables:        50588 kB
NFS_Unstable:          0 kB
Bounce:                0 kB
WritebackTmp:          0 kB
CommitLimit:     2152132 kB
Committed_AS:   120281204 kB
VmallocTotal:   251658176 kB
VmallocUsed:      134632 kB
VmallocChunk:   251430980 kB
Time pass: 119 sec

---2015-12-05 14:07:44
MemTotal:        2873608 kB
MemFree:          187420 kB
Buffers:           14440 kB
Cached:           889676 kB
SwapCached:           20 kB
Active:          1268496 kB
Inactive:         637756 kB
Active(anon):     804504 kB
Inactive(anon):   211900 kB
Active(file):     463992 kB
Inactive(file):   425856 kB
Unevictable:       13568 kB
Mlocked:               0 kB
SwapTotal:        715328 kB
SwapFree:         702308 kB
Dirty:                48 kB
Writeback:             0 kB
AnonPages:       1015656 kB
Mapped:           593388 kB
Shmem:               692 kB
Slab:              98508 kB
SReclaimable:      31432 kB
SUnreclaim:        67076 kB
KernelStack:       38416 kB
PageTables:        50624 kB
NFS_Unstable:          0 kB
Bounce:                0 kB
WritebackTmp:          0 kB
CommitLimit:     2152132 kB
Committed_AS:   120281204 kB
VmallocTotal:   251658176 kB
VmallocUsed:      134632 kB
VmallocChunk:   251430980 kB
Time pass: 122 sec

---2015-12-05 14:07:44
MemTotal:        2873608 kB
MemFree:          157180 kB
Buffers:           14440 kB
Cached:           889696 kB
SwapCached:           20 kB
Active:          1274932 kB
Inactive:         637752 kB
Active(anon):     810912 kB
Inactive(anon):   211896 kB
Active(file):     464020 kB
Inactive(file):   425856 kB
Unevictable:       13568 kB
Mlocked:               0 kB
SwapTotal:        715328 kB
SwapFree:         702308 kB
Dirty:               580 kB
Writeback:             0 kB
AnonPages:       1022000 kB
Mapped:           607164 kB
Shmem:               692 kB
Slab:              98532 kB
SReclaimable:      31432 kB
SUnreclaim:        67100 kB
KernelStack:       38416 kB
PageTables:        50600 kB
NFS_Unstable:          0 kB
Bounce:                0 kB
WritebackTmp:          0 kB
CommitLimit:     2152132 kB
Committed_AS:   120281748 kB
VmallocTotal:   251658176 kB
VmallocUsed:      134792 kB
VmallocChunk:   251430980 kB
Time pass: 126 sec

---2015-12-05 14:07:44
MemTotal:        2873608 kB
MemFree:          157044 kB
Buffers:           14448 kB
Cached:           889700 kB
SwapCached:           20 kB
Active:          1274816 kB
Inactive:         637764 kB
Active(anon):     810796 kB
Inactive(anon):   211896 kB
Active(file):     464020 kB
Inactive(file):   425868 kB
Unevictable:       13568 kB
Mlocked:               0 kB
SwapTotal:        715328 kB
SwapFree:         702308 kB
Dirty:                 0 kB
Writeback:             0 kB
AnonPages:       1022072 kB
Mapped:           607188 kB
Shmem:               692 kB
Slab:              98672 kB
SReclaimable:      31432 kB
SUnreclaim:        67240 kB
KernelStack:       38416 kB
PageTables:        50600 kB
NFS_Unstable:          0 kB
Bounce:                0 kB
WritebackTmp:          0 kB
CommitLimit:     2152132 kB
Committed_AS:   120281820 kB
VmallocTotal:   251658176 kB
VmallocUsed:      134792 kB
VmallocChunk:   251430980 kB
Time pass: 130 sec

---2015-12-05 14:07:44
MemTotal:        2873608 kB
MemFree:          157484 kB
Buffers:           14448 kB
Cached:           889708 kB
SwapCached:           20 kB
Active:          1274712 kB
Inactive:         637772 kB
Active(anon):     810692 kB
Inactive(anon):   211896 kB
Active(file):     464020 kB
Inactive(file):   425876 kB
Unevictable:       13568 kB
Mlocked:               0 kB
SwapTotal:        715328 kB
SwapFree:         702308 kB
Dirty:                52 kB
Writeback:             0 kB
AnonPages:       1021968 kB
Mapped:           607196 kB
Shmem:               692 kB
Slab:              98572 kB
SReclaimable:      31432 kB
SUnreclaim:        67140 kB
KernelStack:       38416 kB
PageTables:        50600 kB
NFS_Unstable:          0 kB
Bounce:                0 kB
WritebackTmp:          0 kB
CommitLimit:     2152132 kB
Committed_AS:   120281804 kB
VmallocTotal:   251658176 kB
VmallocUsed:      134792 kB
VmallocChunk:   251430980 kB
Time pass: 134 sec

---2015-12-05 14:07:44
MemTotal:        2873608 kB
MemFree:          140880 kB
Buffers:           16020 kB
Cached:           889724 kB
SwapCached:           20 kB
Active:          1280276 kB
Inactive:         639336 kB
Active(anon):     816244 kB
Inactive(anon):   211896 kB
Active(file):     464032 kB
Inactive(file):   427440 kB
Unevictable:       13568 kB
Mlocked:               0 kB
SwapTotal:        715328 kB
SwapFree:         702308 kB
Dirty:               108 kB
Writeback:             0 kB
AnonPages:       1027568 kB
Mapped:           609176 kB
Shmem:               692 kB
Slab:              98576 kB
SReclaimable:      31432 kB
SUnreclaim:        67144 kB
KernelStack:       38448 kB
PageTables:        50604 kB
NFS_Unstable:          0 kB
Bounce:                0 kB
WritebackTmp:          0 kB
CommitLimit:     2152132 kB
Committed_AS:   120281940 kB
VmallocTotal:   251658176 kB
VmallocUsed:      134792 kB
VmallocChunk:   251430980 kB
Time pass: 137 sec

---2015-12-05 14:07:44
MemTotal:        2873608 kB
MemFree:          136128 kB
Buffers:           16052 kB
Cached:           890172 kB
SwapCached:           20 kB
Active:          1292472 kB
Inactive:         638836 kB
Active(anon):     827452 kB
Inactive(anon):   212036 kB
Active(file):     465020 kB
Inactive(file):   426800 kB
Unevictable:       13568 kB
Mlocked:               0 kB
SwapTotal:        715328 kB
SwapFree:         702308 kB
Dirty:                 0 kB
Writeback:             0 kB
AnonPages:       1038716 kB
Mapped:           610524 kB
Shmem:               836 kB
Slab:              98576 kB
SReclaimable:      31432 kB
SUnreclaim:        67144 kB
KernelStack:       38768 kB
PageTables:        50832 kB
NFS_Unstable:          0 kB
Bounce:                0 kB
WritebackTmp:          0 kB
CommitLimit:     2152132 kB
Committed_AS:   120321756 kB
VmallocTotal:   251658176 kB
VmallocUsed:      137224 kB
VmallocChunk:   251430980 kB
Time pass: 141 sec

---2015-12-05 14:07:44
MemTotal:        2873608 kB
MemFree:          134428 kB
Buffers:           16076 kB
Cached:           890312 kB
SwapCached:           20 kB
Active:          1293560 kB
Inactive:         638980 kB
Active(anon):     828532 kB
Inactive(anon):   212176 kB
Active(file):     465028 kB
Inactive(file):   426804 kB
Unevictable:       13568 kB
Mlocked:               0 kB
SwapTotal:        715328 kB
SwapFree:         702308 kB
Dirty:                64 kB
Writeback:             0 kB
AnonPages:       1039672 kB
Mapped:           610672 kB
Shmem:               976 kB
Slab:              98548 kB
SReclaimable:      31432 kB
SUnreclaim:        67116 kB
KernelStack:       38800 kB
PageTables:        50924 kB
NFS_Unstable:          0 kB
Bounce:                0 kB
WritebackTmp:          0 kB
CommitLimit:     2152132 kB
Committed_AS:   120321780 kB
VmallocTotal:   251658176 kB
VmallocUsed:      137224 kB
VmallocChunk:   251430980 kB
Time pass: 145 sec

---2015-12-05 14:07:44
MemTotal:        2873608 kB
MemFree:          137760 kB
Buffers:           16076 kB
Cached:           890324 kB
SwapCached:           20 kB
Active:          1291436 kB
Inactive:         638984 kB
Active(anon):     826388 kB
Inactive(anon):   212188 kB
Active(file):     465048 kB
Inactive(file):   426796 kB
Unevictable:       13568 kB
Mlocked:               0 kB
SwapTotal:        715328 kB
SwapFree:         702308 kB
Dirty:                64 kB
Writeback:             0 kB
AnonPages:       1037780 kB
Mapped:           610464 kB
Shmem:               988 kB
Slab:              98492 kB
SReclaimable:      31432 kB
SUnreclaim:        67060 kB
KernelStack:       38560 kB
PageTables:        50424 kB
NFS_Unstable:          0 kB
Bounce:                0 kB
WritebackTmp:          0 kB
CommitLimit:     2152132 kB
Committed_AS:   119085596 kB
VmallocTotal:   251658176 kB
VmallocUsed:      136204 kB
VmallocChunk:   251430980 kB
Time pass: 149 sec

---2015-12-05 14:07:44
MemTotal:        2873608 kB
MemFree:          137392 kB
Buffers:           16084 kB
Cached:           890492 kB
SwapCached:           20 kB
Active:          1291648 kB
Inactive:         639156 kB
Active(anon):     826600 kB
Inactive(anon):   212352 kB
Active(file):     465048 kB
Inactive(file):   426804 kB
Unevictable:       13568 kB
Mlocked:               0 kB
SwapTotal:        715328 kB
SwapFree:         702308 kB
Dirty:                40 kB
Writeback:             0 kB
AnonPages:       1037676 kB
Mapped:           610708 kB
Shmem:              1152 kB
Slab:              98496 kB
SReclaimable:      31432 kB
SUnreclaim:        67064 kB
KernelStack:       38560 kB
PageTables:        50436 kB
NFS_Unstable:          0 kB
Bounce:                0 kB
WritebackTmp:          0 kB
CommitLimit:     2152132 kB
Committed_AS:   119089700 kB
VmallocTotal:   251658176 kB
VmallocUsed:      136204 kB
VmallocChunk:   251430980 kB
Time pass: 153 sec

---2015-12-05 14:07:44
MemTotal:        2873608 kB
MemFree:          135300 kB
Buffers:           16116 kB
Cached:           890496 kB
SwapCached:           20 kB
Active:          1294220 kB
Inactive:         639012 kB
Active(anon):     828988 kB
Inactive(anon):   211892 kB
Active(file):     465232 kB
Inactive(file):   427120 kB
Unevictable:       13568 kB
Mlocked:               0 kB
SwapTotal:        715328 kB
SwapFree:         702308 kB
Dirty:                64 kB
Writeback:             0 kB
AnonPages:       1040176 kB
Mapped:           611432 kB
Shmem:               692 kB
Slab:              98436 kB
SReclaimable:      31384 kB
SUnreclaim:        67052 kB
KernelStack:       38272 kB
PageTables:        50216 kB
NFS_Unstable:          0 kB
Bounce:                0 kB
WritebackTmp:          0 kB
CommitLimit:     2152132 kB
Committed_AS:   119062244 kB
VmallocTotal:   251658176 kB
VmallocUsed:      136204 kB
VmallocChunk:   251430980 kB
Time pass: 156 sec

---2015-12-05 14:07:44
MemTotal:        2873608 kB
MemFree:          129280 kB
Buffers:           16148 kB
Cached:           890480 kB
SwapCached:           20 kB
Active:          1299324 kB
Inactive:         639016 kB
Active(anon):     834080 kB
Inactive(anon):   211892 kB
Active(file):     465244 kB
Inactive(file):   427124 kB
Unevictable:       13568 kB
Mlocked:               0 kB
SwapTotal:        715328 kB
SwapFree:         702308 kB
Dirty:                84 kB
Writeback:             0 kB
AnonPages:       1045432 kB
Mapped:           611760 kB
Shmem:               692 kB
Slab:              98444 kB
SReclaimable:      31384 kB
SUnreclaim:        67060 kB
KernelStack:       38320 kB
PageTables:        50224 kB
NFS_Unstable:          0 kB
Bounce:                0 kB
WritebackTmp:          0 kB
CommitLimit:     2152132 kB
Committed_AS:   119093864 kB
VmallocTotal:   251658176 kB
VmallocUsed:      136204 kB
VmallocChunk:   251430980 kB
Time pass: 160 sec

---2015-12-05 14:07:44
MemTotal:        2873608 kB
MemFree:          126480 kB
Buffers:           16164 kB
Cached:           890752 kB
SwapCached:           20 kB
Active:          1300916 kB
Inactive:         639248 kB
Active(anon):     835668 kB
Inactive(anon):   212092 kB
Active(file):     465248 kB
Inactive(file):   427156 kB
Unevictable:       13568 kB
Mlocked:               0 kB
SwapTotal:        715328 kB
SwapFree:         702308 kB
Dirty:                56 kB
Writeback:             0 kB
AnonPages:       1046956 kB
Mapped:           612192 kB
Shmem:               944 kB
Slab:              98460 kB
SReclaimable:      31384 kB
SUnreclaim:        67076 kB
KernelStack:       38560 kB
PageTables:        50428 kB
NFS_Unstable:          0 kB
Bounce:                0 kB
WritebackTmp:          0 kB
CommitLimit:     2152132 kB
Committed_AS:   119093924 kB
VmallocTotal:   251658176 kB
VmallocUsed:      136204 kB
VmallocChunk:   251430980 kB
Time pass: 164 sec

---2015-12-05 14:07:44
MemTotal:        2873608 kB
MemFree:          125952 kB
Buffers:           16172 kB
Cached:           890824 kB
SwapCached:           20 kB
Active:          1301240 kB
Inactive:         639368 kB
Active(anon):     835992 kB
Inactive(anon):   212196 kB
Active(file):     465248 kB
Inactive(file):   427172 kB
Unevictable:       13568 kB
Mlocked:               0 kB
SwapTotal:        715328 kB
SwapFree:         702308 kB
Dirty:                40 kB
Writeback:             0 kB
AnonPages:       1047192 kB
Mapped:           612364 kB
Shmem:              1008 kB
Slab:              98460 kB
SReclaimable:      31384 kB
SUnreclaim:        67076 kB
KernelStack:       38528 kB
PageTables:        50488 kB
NFS_Unstable:          0 kB
Bounce:                0 kB
WritebackTmp:          0 kB
CommitLimit:     2152132 kB
Committed_AS:   119093868 kB
VmallocTotal:   251658176 kB
VmallocUsed:      136204 kB
VmallocChunk:   251430980 kB
Time pass: 168 sec

---2015-12-05 14:07:44
MemTotal:        2873608 kB
MemFree:          128028 kB
Buffers:           16188 kB
Cached:           890908 kB
SwapCached:           20 kB
Active:          1299356 kB
Inactive:         639476 kB
Active(anon):     834108 kB
Inactive(anon):   212220 kB
Active(file):     465248 kB
Inactive(file):   427256 kB
Unevictable:       13568 kB
Mlocked:               0 kB
SwapTotal:        715328 kB
SwapFree:         702308 kB
Dirty:                68 kB
Writeback:             0 kB
AnonPages:       1045416 kB
Mapped:           612296 kB
Shmem:              1024 kB
Slab:              98448 kB
SReclaimable:      31384 kB
SUnreclaim:        67064 kB
KernelStack:       38560 kB
PageTables:        50420 kB
NFS_Unstable:          0 kB
Bounce:                0 kB
WritebackTmp:          0 kB
CommitLimit:     2152132 kB
Committed_AS:   119093900 kB
VmallocTotal:   251658176 kB
VmallocUsed:      136204 kB
VmallocChunk:   251430980 kB
Time pass: 172 sec

---2015-12-05 14:07:44
MemTotal:        2873608 kB
MemFree:          142084 kB
Buffers:           16188 kB
Cached:           890624 kB
SwapCached:           20 kB
Active:          1286580 kB
Inactive:         639180 kB
Active(anon):     821320 kB
Inactive(anon):   211888 kB
Active(file):     465260 kB
Inactive(file):   427292 kB
Unevictable:       13568 kB
Mlocked:               0 kB
SwapTotal:        715328 kB
SwapFree:         702308 kB
Dirty:                 0 kB
Writeback:             0 kB
AnonPages:       1032424 kB
Mapped:           611876 kB
Shmem:               692 kB
Slab:              98424 kB
SReclaimable:      31384 kB
SUnreclaim:        67040 kB
KernelStack:       38080 kB
PageTables:        50208 kB
NFS_Unstable:          0 kB
Bounce:                0 kB
WritebackTmp:          0 kB
CommitLimit:     2152132 kB
Committed_AS:   119066308 kB
VmallocTotal:   251658176 kB
VmallocUsed:      136204 kB
VmallocChunk:   251430980 kB
Time pass: 176 sec

---2015-12-05 14:07:44
MemTotal:        2873608 kB
MemFree:          142416 kB
Buffers:           16188 kB
Cached:           890624 kB
SwapCached:           20 kB
Active:          1286268 kB
Inactive:         639176 kB
Active(anon):     821004 kB
Inactive(anon):   211888 kB
Active(file):     465264 kB
Inactive(file):   427288 kB
Unevictable:       13568 kB
Mlocked:               0 kB
SwapTotal:        715328 kB
SwapFree:         702308 kB
Dirty:                 0 kB
Writeback:             0 kB
AnonPages:       1032356 kB
Mapped:           611820 kB
Shmem:               692 kB
Slab:              98424 kB
SReclaimable:      31384 kB
SUnreclaim:        67040 kB
KernelStack:       38112 kB
PageTables:        50144 kB
NFS_Unstable:          0 kB
Bounce:                0 kB
WritebackTmp:          0 kB
CommitLimit:     2152132 kB
Committed_AS:   119066200 kB
VmallocTotal:   251658176 kB
VmallocUsed:      136188 kB
VmallocChunk:   251430980 kB
Time pass: 179 sec

---2015-12-05 14:07:44
MemTotal:        2873608 kB
MemFree:          142012 kB
Buffers:           16196 kB
Cached:           890624 kB
SwapCached:           20 kB
Active:          1286316 kB
Inactive:         639176 kB
Active(anon):     821052 kB
Inactive(anon):   211888 kB
Active(file):     465264 kB
Inactive(file):   427288 kB
Unevictable:       13568 kB
Mlocked:               0 kB
SwapTotal:        715328 kB
SwapFree:         702308 kB
Dirty:                12 kB
Writeback:             0 kB
AnonPages:       1032312 kB
Mapped:           611696 kB
Shmem:               692 kB
Slab:              98424 kB
SReclaimable:      31384 kB
SUnreclaim:        67040 kB
KernelStack:       38112 kB
PageTables:        50204 kB
NFS_Unstable:          0 kB
Bounce:                0 kB
WritebackTmp:          0 kB
CommitLimit:     2152132 kB
Committed_AS:   119066232 kB
VmallocTotal:   251658176 kB
VmallocUsed:      136188 kB
VmallocChunk:   251430980 kB
Time pass: 183 sec

---2015-12-05 14:07:44
MemTotal:        2873608 kB
MemFree:          142260 kB
Buffers:           16196 kB
Cached:           890624 kB
SwapCached:           20 kB
Active:          1286464 kB
Inactive:         639184 kB
Active(anon):     821200 kB
Inactive(anon):   211888 kB
Active(file):     465264 kB
Inactive(file):   427296 kB
Unevictable:       13568 kB
Mlocked:               0 kB
SwapTotal:        715328 kB
SwapFree:         702308 kB
Dirty:                 0 kB
Writeback:             0 kB
AnonPages:       1032484 kB
Mapped:           611836 kB
Shmem:               692 kB
Slab:              98424 kB
SReclaimable:      31384 kB
SUnreclaim:        67040 kB
KernelStack:       38112 kB
PageTables:        50176 kB
NFS_Unstable:          0 kB
Bounce:                0 kB
WritebackTmp:          0 kB
CommitLimit:     2152132 kB
Committed_AS:   119066272 kB
VmallocTotal:   251658176 kB
VmallocUsed:      136188 kB
VmallocChunk:   251430980 kB
Time pass: 187 sec

---2015-12-05 14:07:44
MemTotal:        2873608 kB
MemFree:          134412 kB
Buffers:           16212 kB
Cached:           890792 kB
SwapCached:           20 kB
Active:          1293028 kB
Inactive:         639360 kB
Active(anon):     827760 kB
Inactive(anon):   212048 kB
Active(file):     465268 kB
Inactive(file):   427312 kB
Unevictable:       13568 kB
Mlocked:               0 kB
SwapTotal:        715328 kB
SwapFree:         702308 kB
Dirty:                56 kB
Writeback:             0 kB
AnonPages:       1038952 kB
Mapped:           612292 kB
Shmem:               856 kB
Slab:              98424 kB
SReclaimable:      31384 kB
SUnreclaim:        67040 kB
KernelStack:       38512 kB
PageTables:        50368 kB
NFS_Unstable:          0 kB
Bounce:                0 kB
WritebackTmp:          0 kB
CommitLimit:     2152132 kB
Committed_AS:   119097952 kB
VmallocTotal:   251658176 kB
VmallocUsed:      136204 kB
VmallocChunk:   251430980 kB
Time pass: 191 sec

---2015-12-05 14:07:44
MemTotal:        2873608 kB
MemFree:          134364 kB
Buffers:           16220 kB
Cached:           890816 kB
SwapCached:           20 kB
Active:          1293428 kB
Inactive:         639392 kB
Active(anon):     828160 kB
Inactive(anon):   212072 kB
Active(file):     465268 kB
Inactive(file):   427320 kB
Unevictable:       13568 kB
Mlocked:               0 kB
SwapTotal:        715328 kB
SwapFree:         702308 kB
Dirty:                40 kB
Writeback:             0 kB
AnonPages:       1039316 kB
Mapped:           612424 kB
Shmem:               880 kB
Slab:              98424 kB
SReclaimable:      31384 kB
SUnreclaim:        67040 kB
KernelStack:       38512 kB
PageTables:        50424 kB
NFS_Unstable:          0 kB
Bounce:                0 kB
WritebackTmp:          0 kB
CommitLimit:     2152132 kB
Committed_AS:   119097996 kB
VmallocTotal:   251658176 kB
VmallocUsed:      136204 kB
VmallocChunk:   251430980 kB
Time pass: 194 sec

---2015-12-05 14:07:44
MemTotal:        2873608 kB
MemFree:          133860 kB
Buffers:           16220 kB
Cached:           890848 kB
SwapCached:           20 kB
Active:          1293372 kB
Inactive:         639424 kB
Active(anon):     828104 kB
Inactive(anon):   212104 kB
Active(file):     465268 kB
Inactive(file):   427320 kB
Unevictable:       13568 kB
Mlocked:               0 kB
SwapTotal:        715328 kB
SwapFree:         702308 kB
Dirty:                40 kB
Writeback:             0 kB
AnonPages:       1039424 kB
Mapped:           612476 kB
Shmem:               912 kB
Slab:              98440 kB
SReclaimable:      31400 kB
SUnreclaim:        67040 kB
KernelStack:       38496 kB
PageTables:        50428 kB
NFS_Unstable:          0 kB
Bounce:                0 kB
WritebackTmp:          0 kB
CommitLimit:     2152132 kB
Committed_AS:   119097980 kB
VmallocTotal:   251658176 kB
VmallocUsed:      136204 kB
VmallocChunk:   251430980 kB
Time pass: 198 sec

---2015-12-05 14:07:44
MemTotal:        2873608 kB
MemFree:          133768 kB
Buffers:           16220 kB
Cached:           890848 kB
SwapCached:           20 kB
Active:          1293492 kB
Inactive:         639424 kB
Active(anon):     828224 kB
Inactive(anon):   212104 kB
Active(file):     465268 kB
Inactive(file):   427320 kB
Unevictable:       13568 kB
Mlocked:               0 kB
SwapTotal:        715328 kB
SwapFree:         702308 kB
Dirty:                 4 kB
Writeback:             0 kB
AnonPages:       1039264 kB
Mapped:           612488 kB
Shmem:               912 kB
Slab:              98460 kB
SReclaimable:      31416 kB
SUnreclaim:        67044 kB
KernelStack:       38480 kB
PageTables:        50368 kB
NFS_Unstable:          0 kB
Bounce:                0 kB
WritebackTmp:          0 kB
CommitLimit:     2152132 kB
Committed_AS:   119097972 kB
VmallocTotal:   251658176 kB
VmallocUsed:      136204 kB
VmallocChunk:   251430980 kB
Time pass: 202 sec

---2015-12-05 14:07:44
MemTotal:        2873608 kB
MemFree:          133964 kB
Buffers:           16244 kB
Cached:           890848 kB
SwapCached:           20 kB
Active:          1293364 kB
Inactive:         639448 kB
Active(anon):     828096 kB
Inactive(anon):   212104 kB
Active(file):     465268 kB
Inactive(file):   427344 kB
Unevictable:       13568 kB
Mlocked:               0 kB
SwapTotal:        715328 kB
SwapFree:         702308 kB
Dirty:                36 kB
Writeback:             0 kB
AnonPages:       1039172 kB
Mapped:           612500 kB
Shmem:               912 kB
Slab:              98460 kB
SReclaimable:      31416 kB
SUnreclaim:        67044 kB
KernelStack:       38480 kB
PageTables:        50368 kB
NFS_Unstable:          0 kB
Bounce:                0 kB
WritebackTmp:          0 kB
CommitLimit:     2152132 kB
Committed_AS:   119098004 kB
VmallocTotal:   251658176 kB
VmallocUsed:      136204 kB
VmallocChunk:   251430980 kB
Time pass: 206 sec

---2015-12-05 14:07:44
MemTotal:        2873608 kB
MemFree:          133960 kB
Buffers:           16252 kB
Cached:           890840 kB
SwapCached:           20 kB
Active:          1293256 kB
Inactive:         639456 kB
Active(anon):     827988 kB
Inactive(anon):   212104 kB
Active(file):     465268 kB
Inactive(file):   427352 kB
Unevictable:       13568 kB
Mlocked:               0 kB
SwapTotal:        715328 kB
SwapFree:         702308 kB
Dirty:                28 kB
Writeback:             0 kB
AnonPages:       1039272 kB
Mapped:           612288 kB
Shmem:               912 kB
Slab:              98516 kB
SReclaimable:      31416 kB
SUnreclaim:        67100 kB
KernelStack:       38512 kB
PageTables:        50396 kB
NFS_Unstable:          0 kB
Bounce:                0 kB
WritebackTmp:          0 kB
CommitLimit:     2152132 kB
Committed_AS:   119098004 kB
VmallocTotal:   251658176 kB
VmallocUsed:      136204 kB
VmallocChunk:   251430980 kB
Time pass: 209 sec

---2015-12-05 14:07:44
MemTotal:        2873608 kB
MemFree:          133920 kB
Buffers:           16252 kB
Cached:           890848 kB
SwapCached:           20 kB
Active:          1293364 kB
Inactive:         639456 kB
Active(anon):     828096 kB
Inactive(anon):   212104 kB
Active(file):     465268 kB
Inactive(file):   427352 kB
Unevictable:       13568 kB
Mlocked:               0 kB
SwapTotal:        715328 kB
SwapFree:         702308 kB
Dirty:                28 kB
Writeback:             0 kB
AnonPages:       1039276 kB
Mapped:           612512 kB
Shmem:               912 kB
Slab:              98456 kB
SReclaimable:      31416 kB
SUnreclaim:        67040 kB
KernelStack:       38496 kB
PageTables:        50372 kB
NFS_Unstable:          0 kB
Bounce:                0 kB
WritebackTmp:          0 kB
CommitLimit:     2152132 kB
Committed_AS:   119098076 kB
VmallocTotal:   251658176 kB
VmallocUsed:      136204 kB
VmallocChunk:   251430980 kB
Time pass: 213 sec

---2015-12-05 14:07:44
MemTotal:        2873608 kB
MemFree:          133956 kB
Buffers:           16252 kB
Cached:           890848 kB
SwapCached:           20 kB
Active:          1293380 kB
Inactive:         639456 kB
Active(anon):     828112 kB
Inactive(anon):   212104 kB
Active(file):     465268 kB
Inactive(file):   427352 kB
Unevictable:       13568 kB
Mlocked:               0 kB
SwapTotal:        715328 kB
SwapFree:         702308 kB
Dirty:                 0 kB
Writeback:             0 kB
AnonPages:       1039340 kB
Mapped:           612580 kB
Shmem:               912 kB
Slab:              98456 kB
SReclaimable:      31416 kB
SUnreclaim:        67040 kB
KernelStack:       38496 kB
PageTables:        50376 kB
NFS_Unstable:          0 kB
Bounce:                0 kB
WritebackTmp:          0 kB
CommitLimit:     2152132 kB
Committed_AS:   119098076 kB
VmallocTotal:   251658176 kB
VmallocUsed:      136204 kB
VmallocChunk:   251430980 kB
Time pass: 217 sec

---2015-12-05 14:07:44
MemTotal:        2873608 kB
MemFree:          130516 kB
Buffers:           16252 kB
Cached:           890960 kB
SwapCached:           20 kB
Active:          1296088 kB
Inactive:         639560 kB
Active(anon):     830812 kB
Inactive(anon):   212104 kB
Active(file):     465276 kB
Inactive(file):   427456 kB
Unevictable:       13568 kB
Mlocked:               0 kB
SwapTotal:        715328 kB
SwapFree:         702308 kB
Dirty:                 0 kB
Writeback:             0 kB
AnonPages:       1041856 kB
Mapped:           613800 kB
Shmem:               912 kB
Slab:              98472 kB
SReclaimable:      31432 kB
SUnreclaim:        67040 kB
KernelStack:       38720 kB
PageTables:        50852 kB
NFS_Unstable:          0 kB
Bounce:                0 kB
WritebackTmp:          0 kB
CommitLimit:     2152132 kB
Committed_AS:   120334160 kB
VmallocTotal:   251658176 kB
VmallocUsed:      137224 kB
VmallocChunk:   251430980 kB
Time pass: 220 sec

---2015-12-05 14:07:44
MemTotal:        2873608 kB
MemFree:          131112 kB
Buffers:           16292 kB
Cached:           890944 kB
SwapCached:           20 kB
Active:          1296036 kB
Inactive:         639580 kB
Active(anon):     830760 kB
Inactive(anon):   212104 kB
Active(file):     465276 kB
Inactive(file):   427476 kB
Unevictable:       13568 kB
Mlocked:               0 kB
SwapTotal:        715328 kB
SwapFree:         702308 kB
Dirty:                48 kB
Writeback:             0 kB
AnonPages:       1042044 kB
Mapped:           613376 kB
Shmem:               912 kB
Slab:              98488 kB
SReclaimable:      31432 kB
SUnreclaim:        67056 kB
KernelStack:       38768 kB
PageTables:        50876 kB
NFS_Unstable:          0 kB
Bounce:                0 kB
WritebackTmp:          0 kB
CommitLimit:     2152132 kB
Committed_AS:   120315156 kB
VmallocTotal:   251658176 kB
VmallocUsed:      137224 kB
VmallocChunk:   251430980 kB
Time pass: 224 sec

---2015-12-05 14:07:44
MemTotal:        2873608 kB
MemFree:          126040 kB
Buffers:           16316 kB
Cached:           891232 kB
SwapCached:           20 kB
Active:          1300016 kB
Inactive:         639884 kB
Active(anon):     834736 kB
Inactive(anon):   212364 kB
Active(file):     465280 kB
Inactive(file):   427520 kB
Unevictable:       13568 kB
Mlocked:               0 kB
SwapTotal:        715328 kB
SwapFree:         702308 kB
Dirty:                92 kB
Writeback:             0 kB
AnonPages:       1045904 kB
Mapped:           614104 kB
Shmem:              1180 kB
Slab:              98460 kB
SReclaimable:      31400 kB
SUnreclaim:        67060 kB
KernelStack:       38752 kB
PageTables:        50968 kB
NFS_Unstable:          0 kB
Bounce:                0 kB
WritebackTmp:          0 kB
CommitLimit:     2152132 kB
Committed_AS:   120342560 kB
VmallocTotal:   251658176 kB
VmallocUsed:      137224 kB
VmallocChunk:   251430980 kB
Time pass: 228 sec

---2015-12-05 14:07:44
MemTotal:        2873608 kB
MemFree:          123888 kB
Buffers:           16324 kB
Cached:           891592 kB
SwapCached:           20 kB
Active:          1301556 kB
Inactive:         640228 kB
Active(anon):     836276 kB
Inactive(anon):   212700 kB
Active(file):     465280 kB
Inactive(file):   427528 kB
Unevictable:       13568 kB
Mlocked:               0 kB
SwapTotal:        715328 kB
SwapFree:         702308 kB
Dirty:               112 kB
Writeback:             0 kB
AnonPages:       1047552 kB
Mapped:           614472 kB
Shmem:              1540 kB
Slab:              98500 kB
SReclaimable:      31400 kB
SUnreclaim:        67100 kB
KernelStack:       38768 kB
PageTables:        50976 kB
NFS_Unstable:          0 kB
Bounce:                0 kB
WritebackTmp:          0 kB
CommitLimit:     2152132 kB
Committed_AS:   120342656 kB
VmallocTotal:   251658176 kB
VmallocUsed:      137224 kB
VmallocChunk:   251430980 kB
Time pass: 232 sec

---2015-12-05 14:07:44
MemTotal:        2873608 kB
MemFree:          122936 kB
Buffers:           16324 kB
Cached:           891592 kB
SwapCached:           20 kB
Active:          1301952 kB
Inactive:         640256 kB
Active(anon):     836672 kB
Inactive(anon):   212728 kB
Active(file):     465280 kB
Inactive(file):   427528 kB
Unevictable:       13568 kB
Mlocked:               0 kB
SwapTotal:        715328 kB
SwapFree:         702308 kB
Dirty:                 4 kB
Writeback:             0 kB
AnonPages:       1047752 kB
Mapped:           614480 kB
Shmem:              1540 kB
Slab:              98456 kB
SReclaimable:      31400 kB
SUnreclaim:        67056 kB
KernelStack:       38768 kB
PageTables:        50976 kB
NFS_Unstable:          0 kB
Bounce:                0 kB
WritebackTmp:          0 kB
CommitLimit:     2152132 kB
Committed_AS:   120342608 kB
VmallocTotal:   251658176 kB
VmallocUsed:      137224 kB
VmallocChunk:   251430980 kB
Time pass: 235 sec

---2015-12-05 14:07:44
MemTotal:        2873608 kB
MemFree:          123564 kB
Buffers:           16332 kB
Cached:           891720 kB
SwapCached:           20 kB
Active:          1301104 kB
Inactive:         640376 kB
Active(anon):     835820 kB
Inactive(anon):   212840 kB
Active(file):     465284 kB
Inactive(file):   427536 kB
Unevictable:       13568 kB
Mlocked:               0 kB
SwapTotal:        715328 kB
SwapFree:         702308 kB
Dirty:                 4 kB
Writeback:             0 kB
AnonPages:       1047012 kB
Mapped:           614608 kB
Shmem:              1664 kB
Slab:              98456 kB
SReclaimable:      31400 kB
SUnreclaim:        67056 kB
KernelStack:       38736 kB
PageTables:        50972 kB
NFS_Unstable:          0 kB
Bounce:                0 kB
WritebackTmp:          0 kB
CommitLimit:     2152132 kB
Committed_AS:   120342576 kB
VmallocTotal:   251658176 kB
VmallocUsed:      137224 kB
VmallocChunk:   251430980 kB
Time pass: 239 sec

---2015-12-05 14:07:44
MemTotal:        2873608 kB
MemFree:          126972 kB
Buffers:           16364 kB
Cached:           890904 kB
SwapCached:           20 kB
Active:          1299272 kB
Inactive:         639592 kB
Active(anon):     833988 kB
Inactive(anon):   212020 kB
Active(file):     465284 kB
Inactive(file):   427572 kB
Unevictable:       13568 kB
Mlocked:               0 kB
SwapTotal:        715328 kB
SwapFree:         702308 kB
Dirty:                64 kB
Writeback:             0 kB
AnonPages:       1045276 kB
Mapped:           613740 kB
Shmem:               844 kB
Slab:              98448 kB
SReclaimable:      31400 kB
SUnreclaim:        67048 kB
KernelStack:       38768 kB
PageTables:        50880 kB
NFS_Unstable:          0 kB
Bounce:                0 kB
WritebackTmp:          0 kB
CommitLimit:     2152132 kB
Committed_AS:   120342632 kB
VmallocTotal:   251658176 kB
VmallocUsed:      137224 kB
VmallocChunk:   251430980 kB
Time pass: 243 sec

---2015-12-05 14:07:44
MemTotal:        2873608 kB
MemFree:          125280 kB
Buffers:           16396 kB
Cached:           890912 kB
SwapCached:           20 kB
Active:          1300324 kB
Inactive:         639616 kB
Active(anon):     835036 kB
Inactive(anon):   212016 kB
Active(file):     465288 kB
Inactive(file):   427600 kB
Unevictable:       13568 kB
Mlocked:               0 kB
SwapTotal:        715328 kB
SwapFree:         702308 kB
Dirty:                64 kB
Writeback:             0 kB
AnonPages:       1046160 kB
Mapped:           613796 kB
Shmem:               852 kB
Slab:              98448 kB
SReclaimable:      31400 kB
SUnreclaim:        67048 kB
KernelStack:       38768 kB
PageTables:        50892 kB
NFS_Unstable:          0 kB
Bounce:                0 kB
WritebackTmp:          0 kB
CommitLimit:     2152132 kB
Committed_AS:   120342720 kB
VmallocTotal:   251658176 kB
VmallocUsed:      137224 kB
VmallocChunk:   251430980 kB
Time pass: 246 sec

---2015-12-05 14:07:44
MemTotal:        2873608 kB
MemFree:          126576 kB
Buffers:           16396 kB
Cached:           890936 kB
SwapCached:           20 kB
Active:          1299800 kB
Inactive:         639640 kB
Active(anon):     834512 kB
Inactive(anon):   212040 kB
Active(file):     465288 kB
Inactive(file):   427600 kB
Unevictable:       13568 kB
Mlocked:               0 kB
SwapTotal:        715328 kB
SwapFree:         702308 kB
Dirty:                 0 kB
Writeback:             0 kB
AnonPages:       1045772 kB
Mapped:           613892 kB
Shmem:               876 kB
Slab:              98448 kB
SReclaimable:      31400 kB
SUnreclaim:        67048 kB
KernelStack:       38768 kB
PageTables:        50900 kB
NFS_Unstable:          0 kB
Bounce:                0 kB
WritebackTmp:          0 kB
CommitLimit:     2152132 kB
Committed_AS:   120342688 kB
VmallocTotal:   251658176 kB
VmallocUsed:      137224 kB
VmallocChunk:   251430980 kB
Time pass: 250 sec

---2015-12-05 14:07:44
MemTotal:        2873608 kB
MemFree:          125088 kB
Buffers:           16420 kB
Cached:           891020 kB
SwapCached:           20 kB
Active:          1301520 kB
Inactive:         639748 kB
Active(anon):     836232 kB
Inactive(anon):   212052 kB
Active(file):     465288 kB
Inactive(file):   427696 kB
Unevictable:       13568 kB
Mlocked:               0 kB
SwapTotal:        715328 kB
SwapFree:         702308 kB
Dirty:                44 kB
Writeback:             0 kB
AnonPages:       1047400 kB
Mapped:           613860 kB
Shmem:               888 kB
Slab:              98448 kB
SReclaimable:      31400 kB
SUnreclaim:        67048 kB
KernelStack:       38768 kB
PageTables:        50892 kB
NFS_Unstable:          0 kB
Bounce:                0 kB
WritebackTmp:          0 kB
CommitLimit:     2152132 kB
Committed_AS:   120342688 kB
VmallocTotal:   251658176 kB
VmallocUsed:      137224 kB
VmallocChunk:   251430980 kB
Time pass: 254 sec

---2015-12-05 14:07:44
MemTotal:        2873608 kB
MemFree:          123932 kB
Buffers:           16420 kB
Cached:           891020 kB
SwapCached:           20 kB
Active:          1302340 kB
Inactive:         639748 kB
Active(anon):     837052 kB
Inactive(anon):   212052 kB
Active(file):     465288 kB
Inactive(file):   427696 kB
Unevictable:       13568 kB
Mlocked:               0 kB
SwapTotal:        715328 kB
SwapFree:         702308 kB
Dirty:                 0 kB
Writeback:             0 kB
AnonPages:       1048144 kB
Mapped:           613952 kB
Shmem:               888 kB
Slab:              98480 kB
SReclaimable:      31400 kB
SUnreclaim:        67080 kB
KernelStack:       38768 kB
PageTables:        50924 kB
NFS_Unstable:          0 kB
Bounce:                0 kB
WritebackTmp:          0 kB
CommitLimit:     2152132 kB
Committed_AS:   120342688 kB
VmallocTotal:   251658176 kB
VmallocUsed:      137224 kB
VmallocChunk:   251430980 kB
Time pass: 258 sec

---2015-12-05 14:07:44
MemTotal:        2873608 kB
MemFree:          124088 kB
Buffers:           16428 kB
Cached:           891020 kB
SwapCached:           20 kB
Active:          1301680 kB
Inactive:         639756 kB
Active(anon):     836392 kB
Inactive(anon):   212052 kB
Active(file):     465288 kB
Inactive(file):   427704 kB
Unevictable:       13568 kB
Mlocked:               0 kB
SwapTotal:        715328 kB
SwapFree:         702308 kB
Dirty:                32 kB
Writeback:             0 kB
AnonPages:       1047416 kB
Mapped:           613868 kB
Shmem:               888 kB
Slab:              98480 kB
SReclaimable:      31400 kB
SUnreclaim:        67080 kB
KernelStack:       38736 kB
PageTables:        50896 kB
NFS_Unstable:          0 kB
Bounce:                0 kB
WritebackTmp:          0 kB
CommitLimit:     2152132 kB
Committed_AS:   120342696 kB
VmallocTotal:   251658176 kB
VmallocUsed:      137224 kB
VmallocChunk:   251430980 kB
Time pass: 262 sec

---2015-12-05 14:07:44
MemTotal:        2873608 kB
MemFree:          123664 kB
Buffers:           16460 kB
Cached:           891020 kB
SwapCached:           20 kB
Active:          1302476 kB
Inactive:         639788 kB
Active(anon):     837188 kB
Inactive(anon):   212052 kB
Active(file):     465288 kB
Inactive(file):   427736 kB
Unevictable:       13568 kB
Mlocked:               0 kB
SwapTotal:        715328 kB
SwapFree:         702308 kB
Dirty:                68 kB
Writeback:             0 kB
AnonPages:       1048512 kB
Mapped:           613876 kB
Shmem:               888 kB
Slab:              98484 kB
SReclaimable:      31400 kB
SUnreclaim:        67084 kB
KernelStack:       38736 kB
PageTables:        50892 kB
NFS_Unstable:          0 kB
Bounce:                0 kB
WritebackTmp:          0 kB
CommitLimit:     2152132 kB
Committed_AS:   120342720 kB
VmallocTotal:   251658176 kB
VmallocUsed:      137224 kB
VmallocChunk:   251430980 kB
Time pass: 265 sec

---2015-12-05 14:07:44
MemTotal:        2873608 kB
MemFree:          127188 kB
Buffers:           16460 kB
Cached:           891020 kB
SwapCached:           20 kB
Active:          1299888 kB
Inactive:         639788 kB
Active(anon):     834600 kB
Inactive(anon):   212052 kB
Active(file):     465288 kB
Inactive(file):   427736 kB
Unevictable:       13568 kB
Mlocked:               0 kB
SwapTotal:        715328 kB
SwapFree:         702308 kB
Dirty:                68 kB
Writeback:             0 kB
AnonPages:       1045868 kB
Mapped:           613400 kB
Shmem:               888 kB
Slab:              98472 kB
SReclaimable:      31400 kB
SUnreclaim:        67072 kB
KernelStack:       38480 kB
PageTables:        50392 kB
NFS_Unstable:          0 kB
Bounce:                0 kB
WritebackTmp:          0 kB
CommitLimit:     2152132 kB
Committed_AS:   119106516 kB
VmallocTotal:   251658176 kB
VmallocUsed:      136204 kB
VmallocChunk:   251430980 kB
Time pass: 269 sec

---2015-12-05 14:07:44
MemTotal:        2873608 kB
MemFree:          126448 kB
Buffers:           16468 kB
Cached:           891020 kB
SwapCached:           20 kB
Active:          1300440 kB
Inactive:         639796 kB
Active(anon):     835152 kB
Inactive(anon):   212052 kB
Active(file):     465288 kB
Inactive(file):   427744 kB
Unevictable:       13568 kB
Mlocked:               0 kB
SwapTotal:        715328 kB
SwapFree:         702308 kB
Dirty:                32 kB
Writeback:             0 kB
AnonPages:       1046300 kB
Mapped:           613404 kB
Shmem:               888 kB
Slab:              98472 kB
SReclaimable:      31400 kB
SUnreclaim:        67072 kB
KernelStack:       38496 kB
PageTables:        50396 kB
NFS_Unstable:          0 kB
Bounce:                0 kB
WritebackTmp:          0 kB
CommitLimit:     2152132 kB
Committed_AS:   119106532 kB
VmallocTotal:   251658176 kB
VmallocUsed:      136204 kB
VmallocChunk:   251430980 kB
Time pass: 273 sec

---2015-12-05 14:07:44
MemTotal:        2873608 kB
MemFree:          125236 kB
Buffers:           16476 kB
Cached:           891064 kB
SwapCached:           20 kB
Active:          1301900 kB
Inactive:         639848 kB
Active(anon):     836612 kB
Inactive(anon):   212076 kB
Active(file):     465288 kB
Inactive(file):   427772 kB
Unevictable:       13568 kB
Mlocked:               0 kB
SwapTotal:        715328 kB
SwapFree:         702308 kB
Dirty:                24 kB
Writeback:             0 kB
AnonPages:       1047504 kB
Mapped:           613508 kB
Shmem:               912 kB
Slab:              98472 kB
SReclaimable:      31400 kB
SUnreclaim:        67072 kB
KernelStack:       38496 kB
PageTables:        50396 kB
NFS_Unstable:          0 kB
Bounce:                0 kB
WritebackTmp:          0 kB
CommitLimit:     2152132 kB
Committed_AS:   119106580 kB
VmallocTotal:   251658176 kB
VmallocUsed:      136204 kB
VmallocChunk:   251430980 kB
Time pass: 277 sec

---2015-12-05 14:07:44
MemTotal:        2873608 kB
MemFree:          125128 kB
Buffers:           16492 kB
Cached:           891064 kB
SwapCached:           20 kB
Active:          1301300 kB
Inactive:         639864 kB
Active(anon):     836012 kB
Inactive(anon):   212076 kB
Active(file):     465288 kB
Inactive(file):   427788 kB
Unevictable:       13568 kB
Mlocked:               0 kB
SwapTotal:        715328 kB
SwapFree:         702308 kB
Dirty:               100 kB
Writeback:             0 kB
AnonPages:       1047316 kB
Mapped:           613600 kB
Shmem:               912 kB
Slab:              98472 kB
SReclaimable:      31400 kB
SUnreclaim:        67072 kB
KernelStack:       38496 kB
PageTables:        50452 kB
NFS_Unstable:          0 kB
Bounce:                0 kB
WritebackTmp:          0 kB
CommitLimit:     2152132 kB
Committed_AS:   119106548 kB
VmallocTotal:   251658176 kB
VmallocUsed:      136204 kB
VmallocChunk:   251430980 kB
Time pass: 280 sec

---2015-12-05 14:07:44
MemTotal:        2873608 kB
MemFree:          125164 kB
Buffers:           16500 kB
Cached:           891068 kB
SwapCached:           20 kB
Active:          1301524 kB
Inactive:         639876 kB
Active(anon):     836236 kB
Inactive(anon):   212080 kB
Active(file):     465288 kB
Inactive(file):   427796 kB
Unevictable:       13568 kB
Mlocked:               0 kB
SwapTotal:        715328 kB
SwapFree:         702308 kB
Dirty:                28 kB
Writeback:             0 kB
AnonPages:       1047280 kB
Mapped:           613524 kB
Shmem:               916 kB
Slab:              98472 kB
SReclaimable:      31400 kB
SUnreclaim:        67072 kB
KernelStack:       38496 kB
PageTables:        50400 kB
NFS_Unstable:          0 kB
Bounce:                0 kB
WritebackTmp:          0 kB
CommitLimit:     2152132 kB
Committed_AS:   119106556 kB
VmallocTotal:   251658176 kB
VmallocUsed:      136204 kB
VmallocChunk:   251430980 kB
Time pass: 284 sec

---2015-12-05 14:07:44
MemTotal:        2873608 kB
MemFree:          125128 kB
Buffers:           16500 kB
Cached:           891072 kB
SwapCached:           20 kB
Active:          1301344 kB
Inactive:         639880 kB
Active(anon):     836056 kB
Inactive(anon):   212084 kB
Active(file):     465288 kB
Inactive(file):   427796 kB
Unevictable:       13568 kB
Mlocked:               0 kB
SwapTotal:        715328 kB
SwapFree:         702308 kB
Dirty:                 0 kB
Writeback:             0 kB
AnonPages:       1047168 kB
Mapped:           613620 kB
Shmem:               920 kB
Slab:              98472 kB
SReclaimable:      31400 kB
SUnreclaim:        67072 kB
KernelStack:       38480 kB
PageTables:        50424 kB
NFS_Unstable:          0 kB
Bounce:                0 kB
WritebackTmp:          0 kB
CommitLimit:     2152132 kB
Committed_AS:   119106524 kB
VmallocTotal:   251658176 kB
VmallocUsed:      136204 kB
VmallocChunk:   251430980 kB
Time pass: 288 sec

---2015-12-05 14:07:44
MemTotal:        2873608 kB
MemFree:          125848 kB
Buffers:           16540 kB
Cached:           891072 kB
SwapCached:           20 kB
Active:          1301444 kB
Inactive:         639920 kB
Active(anon):     836156 kB
Inactive(anon):   212084 kB
Active(file):     465288 kB
Inactive(file):   427836 kB
Unevictable:       13568 kB
Mlocked:               0 kB
SwapTotal:        715328 kB
SwapFree:         702308 kB
Dirty:               164 kB
Writeback:             0 kB
AnonPages:       1047232 kB
Mapped:           613536 kB
Shmem:               920 kB
Slab:              98504 kB
SReclaimable:      31400 kB
SUnreclaim:        67104 kB
KernelStack:       38480 kB
PageTables:        50396 kB
NFS_Unstable:          0 kB
Bounce:                0 kB
WritebackTmp:          0 kB
CommitLimit:     2152132 kB
Committed_AS:   119106540 kB
VmallocTotal:   251658176 kB
VmallocUsed:      136204 kB
VmallocChunk:   251430980 kB
Time pass: 292 sec

---2015-12-05 14:07:44
MemTotal:        2873608 kB
MemFree:          128032 kB
Buffers:           16540 kB
Cached:           891072 kB
SwapCached:           20 kB
Active:          1298112 kB
Inactive:         639920 kB
Active(anon):     832824 kB
Inactive(anon):   212084 kB
Active(file):     465288 kB
Inactive(file):   427836 kB
Unevictable:       13568 kB
Mlocked:               0 kB
SwapTotal:        715328 kB
SwapFree:         702308 kB
Dirty:                 0 kB
Writeback:             0 kB
AnonPages:       1044036 kB
Mapped:           613548 kB
Shmem:               920 kB
Slab:              98484 kB
SReclaimable:      31400 kB
SUnreclaim:        67084 kB
KernelStack:       38480 kB
PageTables:        50392 kB
NFS_Unstable:          0 kB
Bounce:                0 kB
WritebackTmp:          0 kB
CommitLimit:     2152132 kB
Committed_AS:   119106516 kB
VmallocTotal:   251658176 kB
VmallocUsed:      136204 kB
VmallocChunk:   251430980 kB
Time pass: 295 sec

---2015-12-05 14:07:44
MemTotal:        2873608 kB
MemFree:          128748 kB
Buffers:           16548 kB
Cached:           891076 kB
SwapCached:           20 kB
Active:          1297584 kB
Inactive:         639932 kB
Active(anon):     832296 kB
Inactive(anon):   212088 kB
Active(file):     465288 kB
Inactive(file):   427844 kB
Unevictable:       13568 kB
Mlocked:               0 kB
SwapTotal:        715328 kB
SwapFree:         702308 kB
Dirty:                 4 kB
Writeback:             0 kB
AnonPages:       1043220 kB
Mapped:           613556 kB
Shmem:               924 kB
Slab:              98484 kB
SReclaimable:      31400 kB
SUnreclaim:        67084 kB
KernelStack:       38480 kB
PageTables:        50396 kB
NFS_Unstable:          0 kB
Bounce:                0 kB
WritebackTmp:          0 kB
CommitLimit:     2152132 kB
Committed_AS:   119106524 kB
VmallocTotal:   251658176 kB
VmallocUsed:      136204 kB
VmallocChunk:   251430980 kB
Time pass: 299 sec

---2015-12-05 14:07:44
MemTotal:        2873608 kB
MemFree:          128688 kB
Buffers:           16564 kB
Cached:           891080 kB
SwapCached:           20 kB
Active:          1297768 kB
Inactive:         639952 kB
Active(anon):     832480 kB
Inactive(anon):   212092 kB
Active(file):     465288 kB
Inactive(file):   427860 kB
Unevictable:       13568 kB
Mlocked:               0 kB
SwapTotal:        715328 kB
SwapFree:         702308 kB
Dirty:                 0 kB
Writeback:             0 kB
AnonPages:       1043500 kB
Mapped:           613564 kB
Shmem:               928 kB
Slab:              98484 kB
SReclaimable:      31400 kB
SUnreclaim:        67084 kB
KernelStack:       38480 kB
PageTables:        50396 kB
NFS_Unstable:          0 kB
Bounce:                0 kB
WritebackTmp:          0 kB
CommitLimit:     2152132 kB
Committed_AS:   119106500 kB
VmallocTotal:   251658176 kB
VmallocUsed:      136204 kB
VmallocChunk:   251430980 kB
Time pass: 303 sec

---2015-12-05 14:07:44
MemTotal:        2873608 kB
MemFree:          127180 kB
Buffers:           16572 kB
Cached:           891104 kB
SwapCached:           20 kB
Active:          1298256 kB
Inactive:         639980 kB
Active(anon):     832968 kB
Inactive(anon):   212120 kB
Active(file):     465288 kB
Inactive(file):   427860 kB
Unevictable:       13568 kB
Mlocked:               0 kB
SwapTotal:        715328 kB
SwapFree:         702308 kB
Dirty:                32 kB
Writeback:             0 kB
AnonPages:       1044384 kB
Mapped:           613652 kB
Shmem:               956 kB
Slab:              98504 kB
SReclaimable:      31400 kB
SUnreclaim:        67104 kB
KernelStack:       38480 kB
PageTables:        50424 kB
NFS_Unstable:          0 kB
Bounce:                0 kB
WritebackTmp:          0 kB
CommitLimit:     2152132 kB
Committed_AS:   119106508 kB
VmallocTotal:   251658176 kB
VmallocUsed:      136204 kB
VmallocChunk:   251430980 kB
Time pass: 307 sec

---2015-12-05 14:07:44
MemTotal:        2873608 kB
MemFree:          128080 kB
Buffers:           16572 kB
Cached:           891108 kB
SwapCached:           20 kB
Active:          1298068 kB
Inactive:         639988 kB
Active(anon):     832780 kB
Inactive(anon):   212120 kB
Active(file):     465288 kB
Inactive(file):   427868 kB
Unevictable:       13568 kB
Mlocked:               0 kB
SwapTotal:        715328 kB
SwapFree:         702308 kB
Dirty:                32 kB
Writeback:             0 kB
AnonPages:       1043980 kB
Mapped:           613612 kB
Shmem:               956 kB
Slab:              98488 kB
SReclaimable:      31400 kB
SUnreclaim:        67088 kB
KernelStack:       38480 kB
PageTables:        50392 kB
NFS_Unstable:          0 kB
Bounce:                0 kB
WritebackTmp:          0 kB
CommitLimit:     2152132 kB
Committed_AS:   119106532 kB
VmallocTotal:   251658176 kB
VmallocUsed:      136204 kB
VmallocChunk:   251430980 kB
Time pass: 311 sec

---2015-12-05 14:07:44
MemTotal:        2873608 kB
MemFree:          128544 kB
Buffers:           16588 kB
Cached:           891108 kB
SwapCached:           20 kB
Active:          1298288 kB
Inactive:         640004 kB
Active(anon):     833000 kB
Inactive(anon):   212120 kB
Active(file):     465288 kB
Inactive(file):   427884 kB
Unevictable:       13568 kB
Mlocked:               0 kB
SwapTotal:        715328 kB
SwapFree:         702308 kB
Dirty:                48 kB
Writeback:             0 kB
AnonPages:       1043996 kB
Mapped:           613768 kB
Shmem:               956 kB
Slab:              98496 kB
SReclaimable:      31400 kB
SUnreclaim:        67096 kB
KernelStack:       38400 kB
PageTables:        50432 kB
NFS_Unstable:          0 kB
Bounce:                0 kB
WritebackTmp:          0 kB
CommitLimit:     2152132 kB
Committed_AS:   119106508 kB
VmallocTotal:   251658176 kB
VmallocUsed:      136204 kB
VmallocChunk:   251430980 kB
Time pass: 314 sec

---2015-12-05 14:07:44
MemTotal:        2873608 kB
MemFree:          128248 kB
Buffers:           16588 kB
Cached:           891108 kB
SwapCached:           20 kB
Active:          1298468 kB
Inactive:         640004 kB
Active(anon):     833180 kB
Inactive(anon):   212120 kB
Active(file):     465288 kB
Inactive(file):   427884 kB
Unevictable:       13568 kB
Mlocked:               0 kB
SwapTotal:        715328 kB
SwapFree:         702308 kB
Dirty:                48 kB
Writeback:             0 kB
AnonPages:       1044164 kB
Mapped:           613760 kB
Shmem:               956 kB
Slab:              98484 kB
SReclaimable:      31400 kB
SUnreclaim:        67084 kB
KernelStack:       38432 kB
PageTables:        50448 kB
NFS_Unstable:          0 kB
Bounce:                0 kB
WritebackTmp:          0 kB
CommitLimit:     2152132 kB
Committed_AS:   119106444 kB
VmallocTotal:   251658176 kB
VmallocUsed:      136204 kB
VmallocChunk:   251430980 kB
Time pass: 318 sec

---2015-12-05 14:07:44
MemTotal:        2873608 kB
MemFree:          128164 kB
Buffers:           16596 kB
Cached:           891108 kB
SwapCached:           20 kB
Active:          1298512 kB
Inactive:         640012 kB
Active(anon):     833224 kB
Inactive(anon):   212120 kB
Active(file):     465288 kB
Inactive(file):   427892 kB
Unevictable:       13568 kB
Mlocked:               0 kB
SwapTotal:        715328 kB
SwapFree:         702308 kB
Dirty:                32 kB
Writeback:             0 kB
AnonPages:       1044336 kB
Mapped:           613764 kB
Shmem:               956 kB
Slab:              98484 kB
SReclaimable:      31400 kB
SUnreclaim:        67084 kB
KernelStack:       38432 kB
PageTables:        50452 kB
NFS_Unstable:          0 kB
Bounce:                0 kB
WritebackTmp:          0 kB
CommitLimit:     2152132 kB
Committed_AS:   119106428 kB
VmallocTotal:   251658176 kB
VmallocUsed:      136204 kB
VmallocChunk:   251430980 kB
Time pass: 322 sec

---2015-12-05 14:07:44
MemTotal:        2873608 kB
MemFree:          127672 kB
Buffers:           16628 kB
Cached:           891112 kB
SwapCached:           20 kB
Active:          1298136 kB
Inactive:         640040 kB
Active(anon):     832848 kB
Inactive(anon):   212124 kB
Active(file):     465288 kB
Inactive(file):   427916 kB
Unevictable:       13568 kB
Mlocked:               0 kB
SwapTotal:        715328 kB
SwapFree:         702308 kB
Dirty:                68 kB
Writeback:             0 kB
AnonPages:       1043912 kB
Mapped:           613652 kB
Shmem:               960 kB
Slab:              98480 kB
SReclaimable:      31400 kB
SUnreclaim:        67080 kB
KernelStack:       38432 kB
PageTables:        50392 kB
NFS_Unstable:          0 kB
Bounce:                0 kB
WritebackTmp:          0 kB
CommitLimit:     2152132 kB
Committed_AS:   119106436 kB
VmallocTotal:   251658176 kB
VmallocUsed:      136204 kB
VmallocChunk:   251430980 kB
Time pass: 325 sec

---2015-12-05 14:07:44
MemTotal:        2873608 kB
MemFree:          127868 kB
Buffers:           16628 kB
Cached:           891112 kB
SwapCached:           20 kB
Active:          1298300 kB
Inactive:         640048 kB
Active(anon):     833012 kB
Inactive(anon):   212124 kB
Active(file):     465288 kB
Inactive(file):   427924 kB
Unevictable:       13568 kB
Mlocked:               0 kB
SwapTotal:        715328 kB
SwapFree:         702308 kB
Dirty:                68 kB
Writeback:             0 kB
AnonPages:       1044508 kB
Mapped:           613704 kB
Shmem:               960 kB
Slab:              98472 kB
SReclaimable:      31400 kB
SUnreclaim:        67072 kB
KernelStack:       38432 kB
PageTables:        50420 kB
NFS_Unstable:          0 kB
Bounce:                0 kB
WritebackTmp:          0 kB
CommitLimit:     2152132 kB
Committed_AS:   119106508 kB
VmallocTotal:   251658176 kB
VmallocUsed:      136204 kB
VmallocChunk:   251430980 kB
Time pass: 329 sec

---2015-12-05 14:07:44
MemTotal:        2873608 kB
MemFree:          127644 kB
Buffers:           16636 kB
Cached:           891112 kB
SwapCached:           20 kB
Active:          1298284 kB
Inactive:         640056 kB
Active(anon):     832996 kB
Inactive(anon):   212124 kB
Active(file):     465288 kB
Inactive(file):   427932 kB
Unevictable:       13568 kB
Mlocked:               0 kB
SwapTotal:        715328 kB
SwapFree:         702308 kB
Dirty:                32 kB
Writeback:             0 kB
AnonPages:       1044248 kB
Mapped:           613628 kB
Shmem:               960 kB
Slab:              98472 kB
SReclaimable:      31400 kB
SUnreclaim:        67072 kB
KernelStack:       38448 kB
PageTables:        50396 kB
NFS_Unstable:          0 kB
Bounce:                0 kB
WritebackTmp:          0 kB
CommitLimit:     2152132 kB
Committed_AS:   119106516 kB
VmallocTotal:   251658176 kB
VmallocUsed:      136204 kB
VmallocChunk:   251430980 kB
Time pass: 333 sec

---2015-12-05 14:07:44
MemTotal:        2873608 kB
MemFree:          127324 kB
Buffers:           16636 kB
Cached:           891116 kB
SwapCached:           20 kB
Active:          1298192 kB
Inactive:         640060 kB
Active(anon):     832904 kB
Inactive(anon):   212128 kB
Active(file):     465288 kB
Inactive(file):   427932 kB
Unevictable:       13568 kB
Mlocked:               0 kB
SwapTotal:        715328 kB
SwapFree:         702308 kB
Dirty:                 0 kB
Writeback:             0 kB
AnonPages:       1044088 kB
Mapped:           613656 kB
Shmem:               964 kB
Slab:              98472 kB
SReclaimable:      31400 kB
SUnreclaim:        67072 kB
KernelStack:       38448 kB
PageTables:        50396 kB
NFS_Unstable:          0 kB
Bounce:                0 kB
WritebackTmp:          0 kB
CommitLimit:     2152132 kB
Committed_AS:   119106540 kB
VmallocTotal:   251658176 kB
VmallocUsed:      136204 kB
VmallocChunk:   251430980 kB
Time pass: 336 sec

---2015-12-05 14:07:44
MemTotal:        2873608 kB
MemFree:          127720 kB
Buffers:           16652 kB
Cached:           891116 kB
SwapCached:           20 kB
Active:          1298512 kB
Inactive:         640076 kB
Active(anon):     833224 kB
Inactive(anon):   212128 kB
Active(file):     465288 kB
Inactive(file):   427948 kB
Unevictable:       13568 kB
Mlocked:               0 kB
SwapTotal:        715328 kB
SwapFree:         702308 kB
Dirty:                48 kB
Writeback:             0 kB
AnonPages:       1044264 kB
Mapped:           613664 kB
Shmem:               964 kB
Slab:              98484 kB
SReclaimable:      31400 kB
SUnreclaim:        67084 kB
KernelStack:       38416 kB
PageTables:        50400 kB
NFS_Unstable:          0 kB
Bounce:                0 kB
WritebackTmp:          0 kB
CommitLimit:     2152132 kB
Committed_AS:   119106524 kB
VmallocTotal:   251658176 kB
VmallocUsed:      136204 kB
VmallocChunk:   251430980 kB
Time pass: 340 sec

---2015-12-05 14:07:44
MemTotal:        2873608 kB
MemFree:          126896 kB
Buffers:           16660 kB
Cached:           891248 kB
SwapCached:           20 kB
Active:          1299648 kB
Inactive:         640216 kB
Active(anon):     834360 kB
Inactive(anon):   212156 kB
Active(file):     465288 kB
Inactive(file):   428060 kB
Unevictable:       13568 kB
Mlocked:               0 kB
SwapTotal:        715328 kB
SwapFree:         702308 kB
Dirty:                28 kB
Writeback:             0 kB
AnonPages:       1045516 kB
Mapped:           613796 kB
Shmem:               992 kB
Slab:              98472 kB
SReclaimable:      31400 kB
SUnreclaim:        67072 kB
KernelStack:       38416 kB
PageTables:        50408 kB
NFS_Unstable:          0 kB
Bounce:                0 kB
WritebackTmp:          0 kB
CommitLimit:     2152132 kB
Committed_AS:   119106508 kB
VmallocTotal:   251658176 kB
VmallocUsed:      136204 kB
VmallocChunk:   251430980 kB
Time pass: 344 sec

---2015-12-05 14:07:44
MemTotal:        2873608 kB
MemFree:          127016 kB
Buffers:           16660 kB
Cached:           891252 kB
SwapCached:           20 kB
Active:          1300052 kB
Inactive:         640216 kB
Active(anon):     834764 kB
Inactive(anon):   212156 kB
Active(file):     465288 kB
Inactive(file):   428060 kB
Unevictable:       13568 kB
Mlocked:               0 kB
SwapTotal:        715328 kB
SwapFree:         702308 kB
Dirty:                 0 kB
Writeback:             4 kB
AnonPages:       1045756 kB
Mapped:           613888 kB
Shmem:               996 kB
Slab:              98484 kB
SReclaimable:      31400 kB
SUnreclaim:        67084 kB
KernelStack:       38416 kB
PageTables:        50440 kB
NFS_Unstable:          0 kB
Bounce:                0 kB
WritebackTmp:          0 kB
CommitLimit:     2152132 kB
Committed_AS:   119106444 kB
VmallocTotal:   251658176 kB
VmallocUsed:      136204 kB
VmallocChunk:   251430980 kB
Time pass: 348 sec

---2015-12-05 14:07:44
MemTotal:        2873608 kB
MemFree:          125176 kB
Buffers:           16684 kB
Cached:           891252 kB
SwapCached:           20 kB
Active:          1300972 kB
Inactive:         640244 kB
Active(anon):     835684 kB
Inactive(anon):   212160 kB
Active(file):     465288 kB
Inactive(file):   428084 kB
Unevictable:       13568 kB
Mlocked:               0 kB
SwapTotal:        715328 kB
SwapFree:         702308 kB
Dirty:               124 kB
Writeback:             0 kB
AnonPages:       1046696 kB
Mapped:           613892 kB
Shmem:               996 kB
Slab:              98484 kB
SReclaimable:      31400 kB
SUnreclaim:        67084 kB
KernelStack:       38416 kB
PageTables:        50440 kB
NFS_Unstable:          0 kB
Bounce:                0 kB
WritebackTmp:          0 kB
CommitLimit:     2152132 kB
Committed_AS:   119106484 kB
VmallocTotal:   251658176 kB
VmallocUsed:      136204 kB
VmallocChunk:   251430980 kB
Time pass: 352 sec

---2015-12-05 14:07:44
MemTotal:        2873608 kB
MemFree:          124296 kB
Buffers:           16692 kB
Cached:           891336 kB
SwapCached:           20 kB
Active:          1301544 kB
Inactive:         640336 kB
Active(anon):     836256 kB
Inactive(anon):   212160 kB
Active(file):     465288 kB
Inactive(file):   428176 kB
Unevictable:       13568 kB
Mlocked:               0 kB
SwapTotal:        715328 kB
SwapFree:         702308 kB
Dirty:                32 kB
Writeback:             0 kB
AnonPages:       1047464 kB
Mapped:           613832 kB
Shmem:               996 kB
Slab:              98516 kB
SReclaimable:      31400 kB
SUnreclaim:        67116 kB
KernelStack:       38416 kB
PageTables:        50404 kB
NFS_Unstable:          0 kB
Bounce:                0 kB
WritebackTmp:          0 kB
CommitLimit:     2152132 kB
Committed_AS:   119106468 kB
VmallocTotal:   251658176 kB
VmallocUsed:      136204 kB
VmallocChunk:   251430980 kB
Time pass: 355 sec

---2015-12-05 14:07:44
MemTotal:        2873608 kB
MemFree:          124752 kB
Buffers:           16692 kB
Cached:           891336 kB
SwapCached:           20 kB
Active:          1301108 kB
Inactive:         640336 kB
Active(anon):     835820 kB
Inactive(anon):   212160 kB
Active(file):     465288 kB
Inactive(file):   428176 kB
Unevictable:       13568 kB
Mlocked:               0 kB
SwapTotal:        715328 kB
SwapFree:         702308 kB
Dirty:                32 kB
Writeback:             0 kB
AnonPages:       1047084 kB
Mapped:           613752 kB
Shmem:               996 kB
Slab:              98472 kB
SReclaimable:      31400 kB
SUnreclaim:        67072 kB
KernelStack:       38416 kB
PageTables:        50372 kB
NFS_Unstable:          0 kB
Bounce:                0 kB
WritebackTmp:          0 kB
CommitLimit:     2152132 kB
Committed_AS:   119106444 kB
VmallocTotal:   251658176 kB
VmallocUsed:      136204 kB
VmallocChunk:   251430980 kB
Time pass: 359 sec

---2015-12-05 14:07:44
MemTotal:        2873608 kB
MemFree:          124340 kB
Buffers:           16708 kB
Cached:           891344 kB
SwapCached:           20 kB
Active:          1301412 kB
Inactive:         640360 kB
Active(anon):     836124 kB
Inactive(anon):   212160 kB
Active(file):     465288 kB
Inactive(file):   428200 kB
Unevictable:       13568 kB
Mlocked:               0 kB
SwapTotal:        715328 kB
SwapFree:         702308 kB
Dirty:                44 kB
Writeback:             0 kB
AnonPages:       1047496 kB
Mapped:           613892 kB
Shmem:               996 kB
Slab:              98472 kB
SReclaimable:      31400 kB
SUnreclaim:        67072 kB
KernelStack:       38416 kB
PageTables:        50436 kB
NFS_Unstable:          0 kB
Bounce:                0 kB
WritebackTmp:          0 kB
CommitLimit:     2152132 kB
Committed_AS:   119106460 kB
VmallocTotal:   251658176 kB
VmallocUsed:      136204 kB
VmallocChunk:   251430980 kB
Time pass: 363 sec

---2015-12-05 14:07:44
MemTotal:        2873608 kB
MemFree:          123972 kB
Buffers:           16716 kB
Cached:           891344 kB
SwapCached:           20 kB
Active:          1301420 kB
Inactive:         640360 kB
Active(anon):     836132 kB
Inactive(anon):   212160 kB
Active(file):     465288 kB
Inactive(file):   428200 kB
Unevictable:       13568 kB
Mlocked:               0 kB
SwapTotal:        715328 kB
SwapFree:         702308 kB
Dirty:                36 kB
Writeback:             0 kB
AnonPages:       1047336 kB
Mapped:           613848 kB
Shmem:               996 kB
Slab:              98472 kB
SReclaimable:      31400 kB
SUnreclaim:        67072 kB
KernelStack:       38416 kB
PageTables:        50404 kB
NFS_Unstable:          0 kB
Bounce:                0 kB
WritebackTmp:          0 kB
CommitLimit:     2152132 kB
Committed_AS:   119106452 kB
VmallocTotal:   251658176 kB
VmallocUsed:      136204 kB
VmallocChunk:   251430980 kB
Time pass: 367 sec

---2015-12-05 14:07:44
MemTotal:        2873608 kB
MemFree:          123972 kB
Buffers:           16716 kB
Cached:           891344 kB
SwapCached:           20 kB
Active:          1301660 kB
Inactive:         640368 kB
Active(anon):     836372 kB
Inactive(anon):   212160 kB
Active(file):     465288 kB
Inactive(file):   428208 kB
Unevictable:       13568 kB
Mlocked:               0 kB
SwapTotal:        715328 kB
SwapFree:         702308 kB
Dirty:                36 kB
Writeback:             0 kB
AnonPages:       1047396 kB
Mapped:           613896 kB
Shmem:               996 kB
Slab:              98472 kB
SReclaimable:      31400 kB
SUnreclaim:        67072 kB
KernelStack:       38416 kB
PageTables:        50432 kB
NFS_Unstable:          0 kB
Bounce:                0 kB
WritebackTmp:          0 kB
CommitLimit:     2152132 kB
Committed_AS:   119106468 kB
VmallocTotal:   251658176 kB
VmallocUsed:      136204 kB
VmallocChunk:   251430980 kB
Time pass: 370 sec

---2015-12-05 14:07:44
MemTotal:        2873608 kB
MemFree:          124300 kB
Buffers:           16732 kB
Cached:           891348 kB
SwapCached:           20 kB
Active:          1301896 kB
Inactive:         640388 kB
Active(anon):     836608 kB
Inactive(anon):   212164 kB
Active(file):     465288 kB
Inactive(file):   428224 kB
Unevictable:       13568 kB
Mlocked:               0 kB
SwapTotal:        715328 kB
SwapFree:         702308 kB
Dirty:                48 kB
Writeback:             0 kB
AnonPages:       1047768 kB
Mapped:           613992 kB
Shmem:              1000 kB
Slab:              98500 kB
SReclaimable:      31400 kB
SUnreclaim:        67100 kB
KernelStack:       38432 kB
PageTables:        50464 kB
NFS_Unstable:          0 kB
Bounce:                0 kB
WritebackTmp:          0 kB
CommitLimit:     2152132 kB
Committed_AS:   119106436 kB
VmallocTotal:   251658176 kB
VmallocUsed:      136204 kB
VmallocChunk:   251430980 kB
Time pass: 374 sec

---2015-12-05 14:07:44
MemTotal:        2873608 kB
MemFree:          123692 kB
Buffers:           16732 kB
Cached:           891348 kB
SwapCached:           20 kB
Active:          1301696 kB
Inactive:         640388 kB
Active(anon):     836408 kB
Inactive(anon):   212164 kB
Active(file):     465288 kB
Inactive(file):   428224 kB
Unevictable:       13568 kB
Mlocked:               0 kB
SwapTotal:        715328 kB
SwapFree:         702308 kB
Dirty:                48 kB
Writeback:             0 kB
AnonPages:       1047584 kB
Mapped:           613872 kB
Shmem:              1000 kB
Slab:              98472 kB
SReclaimable:      31400 kB
SUnreclaim:        67072 kB
KernelStack:       38416 kB
PageTables:        50400 kB
NFS_Unstable:          0 kB
Bounce:                0 kB
WritebackTmp:          0 kB
CommitLimit:     2152132 kB
Committed_AS:   119106460 kB
VmallocTotal:   251658176 kB
VmallocUsed:      136204 kB
VmallocChunk:   251430980 kB
Time pass: 378 sec

---2015-12-05 14:07:44
MemTotal:        2873608 kB
MemFree:          123836 kB
Buffers:           16740 kB
Cached:           891348 kB
SwapCached:           20 kB
Active:          1301996 kB
Inactive:         640396 kB
Active(anon):     836708 kB
Inactive(anon):   212164 kB
Active(file):     465288 kB
Inactive(file):   428232 kB
Unevictable:       13568 kB
Mlocked:               0 kB
SwapTotal:        715328 kB
SwapFree:         702308 kB
Dirty:                32 kB
Writeback:             0 kB
AnonPages:       1047936 kB
Mapped:           613960 kB
Shmem:              1000 kB
Slab:              98472 kB
SReclaimable:      31400 kB
SUnreclaim:        67072 kB
KernelStack:       38416 kB
PageTables:        50428 kB
NFS_Unstable:          0 kB
Bounce:                0 kB
WritebackTmp:          0 kB
CommitLimit:     2152132 kB
Committed_AS:   119106444 kB
VmallocTotal:   251658176 kB
VmallocUsed:      136204 kB
VmallocChunk:   251430980 kB
Time pass: 382 sec

---2015-12-05 14:07:44
MemTotal:        2873608 kB
MemFree:          124084 kB
Buffers:           16772 kB
Cached:           891348 kB
SwapCached:           20 kB
Active:          1302192 kB
Inactive:         640428 kB
Active(anon):     836904 kB
Inactive(anon):   212164 kB
Active(file):     465288 kB
Inactive(file):   428264 kB
Unevictable:       13568 kB
Mlocked:               0 kB
SwapTotal:        715328 kB
SwapFree:         702308 kB
Dirty:                72 kB
Writeback:             0 kB
AnonPages:       1048136 kB
Mapped:           613884 kB
Shmem:              1000 kB
Slab:              98472 kB
SReclaimable:      31400 kB
SUnreclaim:        67072 kB
KernelStack:       38416 kB
PageTables:        50404 kB
NFS_Unstable:          0 kB
Bounce:                0 kB
WritebackTmp:          0 kB
CommitLimit:     2152132 kB
Committed_AS:   119106408 kB
VmallocTotal:   251658176 kB
VmallocUsed:      136204 kB
VmallocChunk:   251430980 kB
Time pass: 386 sec

---2015-12-05 14:07:44
MemTotal:        2873608 kB
MemFree:          123496 kB
Buffers:           16772 kB
