---2015-12-11 14:29:19
MemTotal:        1386568 kB
MemFree:           27112 kB
Buffers:           12808 kB
Cached:           579200 kB
SwapCached:         4696 kB
Active:           570120 kB
Inactive:         568096 kB
Active(anon):     277088 kB
Inactive(anon):   274900 kB
Active(file):     293032 kB
Inactive(file):   293196 kB
Unevictable:        3132 kB
Mlocked:               0 kB
HighTotal:        849920 kB
HighFree:           8748 kB
LowTotal:         536648 kB
LowFree:           18364 kB
SwapTotal:        786428 kB
SwapFree:         723188 kB
Dirty:                 0 kB
Writeback:             0 kB
AnonPages:        547428 kB
Mapped:           321820 kB
Shmem:              2552 kB
Slab:              52668 kB
SReclaimable:      17276 kB
SUnreclaim:        35392 kB
KernelStack:       13520 kB
PageTables:        44348 kB
NFS_Unstable:          0 kB
Bounce:                0 kB
WritebackTmp:          0 kB
CommitLimit:     1479712 kB
Committed_AS:   100772860 kB
VmallocTotal:     319488 kB
VmallocUsed:       22312 kB
VmallocChunk:     177164 kB
Time pass: 3 sec

---2015-12-11 14:29:19
MemTotal:        1386568 kB
MemFree:           87624 kB
Buffers:           11344 kB
Cached:           513212 kB
SwapCached:         9240 kB
Active:           540196 kB
Inactive:         534564 kB
Active(anon):     285584 kB
Inactive(anon):   270276 kB
Active(file):     254612 kB
Inactive(file):   264288 kB
Unevictable:        3132 kB
Mlocked:               0 kB
HighTotal:        849920 kB
HighFree:          41120 kB
LowTotal:         536648 kB
LowFree:           46504 kB
SwapTotal:        786428 kB
SwapFree:         681756 kB
Dirty:                24 kB
Writeback:             0 kB
AnonPages:        546904 kB
Mapped:           294788 kB
Shmem:              2404 kB
Slab:              54664 kB
SReclaimable:      17320 kB
SUnreclaim:        37344 kB
KernelStack:       12120 kB
PageTables:        36300 kB
NFS_Unstable:          0 kB
Bounce:                0 kB
WritebackTmp:          0 kB
CommitLimit:     1479712 kB
Committed_AS:   81073408 kB
VmallocTotal:     319488 kB
VmallocUsed:       18200 kB
VmallocChunk:     177164 kB
Time pass: 7 sec

---2015-12-11 14:29:19
MemTotal:        1386568 kB
MemFree:          222112 kB
Buffers:           11376 kB
Cached:           514604 kB
SwapCached:         9280 kB
Active:           408936 kB
Inactive:         535764 kB
Active(anon):     154228 kB
Inactive(anon):   268000 kB
Active(file):     254708 kB
Inactive(file):   267764 kB
Unevictable:        3132 kB
Mlocked:               0 kB
HighTotal:        849920 kB
HighFree:         131456 kB
LowTotal:         536648 kB
LowFree:           90656 kB
SwapTotal:        786428 kB
SwapFree:         681756 kB
Dirty:                80 kB
Writeback:             0 kB
AnonPages:        415312 kB
Mapped:           296356 kB
Shmem:               376 kB
Slab:              53492 kB
SReclaimable:      17260 kB
SUnreclaim:        36232 kB
KernelStack:       11800 kB
PageTables:        36088 kB
NFS_Unstable:          0 kB
Bounce:                0 kB
WritebackTmp:          0 kB
CommitLimit:     1479712 kB
Committed_AS:   80803416 kB
VmallocTotal:     319488 kB
VmallocUsed:       17996 kB
VmallocChunk:     177164 kB
Time pass: 11 sec

---2015-12-11 14:29:19
MemTotal:        1386568 kB
MemFree:          222452 kB
Buffers:           11384 kB
Cached:           514840 kB
SwapCached:         9280 kB
Active:           407644 kB
Inactive:         536004 kB
Active(anon):     152936 kB
Inactive(anon):   267996 kB
Active(file):     254708 kB
Inactive(file):   268008 kB
Unevictable:        3132 kB
Mlocked:               0 kB
HighTotal:        849920 kB
HighFree:         131988 kB
LowTotal:         536648 kB
LowFree:           90464 kB
SwapTotal:        786428 kB
SwapFree:         681760 kB
Dirty:                40 kB
Writeback:             0 kB
AnonPages:        414104 kB
Mapped:           296364 kB
Shmem:               376 kB
Slab:              53388 kB
SReclaimable:      17260 kB
SUnreclaim:        36128 kB
KernelStack:       11816 kB
PageTables:        36096 kB
NFS_Unstable:          0 kB
Bounce:                0 kB
WritebackTmp:          0 kB
CommitLimit:     1479712 kB
Committed_AS:   80803240 kB
VmallocTotal:     319488 kB
VmallocUsed:       18064 kB
VmallocChunk:     177164 kB
Time pass: 15 sec

---2015-12-11 14:29:19
MemTotal:        1386568 kB
MemFree:          162048 kB
Buffers:           11580 kB
Cached:           559992 kB
SwapCached:         9632 kB
Active:           433628 kB
Inactive:         564292 kB
Active(anon):     161460 kB
Inactive(anon):   268540 kB
Active(file):     272168 kB
Inactive(file):   295752 kB
Unevictable:        3132 kB
Mlocked:               0 kB
HighTotal:        849920 kB
HighFree:          74312 kB
LowTotal:         536648 kB
LowFree:           87736 kB
SwapTotal:        786428 kB
SwapFree:         682052 kB
Dirty:               592 kB
Writeback:             0 kB
AnonPages:        423340 kB
Mapped:           312832 kB
Shmem:               376 kB
Slab:              53156 kB
SReclaimable:      17260 kB
SUnreclaim:        35896 kB
KernelStack:       11928 kB
PageTables:        36592 kB
NFS_Unstable:          0 kB
Bounce:                0 kB
WritebackTmp:          0 kB
CommitLimit:     1479712 kB
Committed_AS:   82091628 kB
VmallocTotal:     319488 kB
VmallocUsed:       18368 kB
VmallocChunk:     177164 kB
Time pass: 19 sec

---2015-12-11 14:29:19
MemTotal:        1386568 kB
MemFree:          106172 kB
Buffers:           12284 kB
Cached:           578564 kB
SwapCached:        10196 kB
Active:           455748 kB
Inactive:         576772 kB
Active(anon):     181500 kB
Inactive(anon):   264040 kB
Active(file):     274248 kB
Inactive(file):   312732 kB
Unevictable:        3132 kB
Mlocked:               0 kB
HighTotal:        849920 kB
HighFree:          27056 kB
LowTotal:         536648 kB
LowFree:           79116 kB
SwapTotal:        786428 kB
SwapFree:         687192 kB
Dirty:              1064 kB
Writeback:             0 kB
AnonPages:        438176 kB
Mapped:           330744 kB
Shmem:               508 kB
Slab:              53004 kB
SReclaimable:      17300 kB
SUnreclaim:        35704 kB
KernelStack:       12328 kB
PageTables:        36964 kB
NFS_Unstable:          0 kB
Bounce:                0 kB
WritebackTmp:          0 kB
CommitLimit:     1479712 kB
Committed_AS:   82108832 kB
VmallocTotal:     319488 kB
VmallocUsed:       18404 kB
VmallocChunk:     177164 kB
Time pass: 23 sec

---2015-12-11 14:29:19
MemTotal:        1386568 kB
MemFree:           78576 kB
Buffers:           12284 kB
Cached:           581620 kB
SwapCached:        10236 kB
Active:           456868 kB
Inactive:         578520 kB
Active(anon):     182316 kB
Inactive(anon):   262804 kB
Active(file):     274552 kB
Inactive(file):   315716 kB
Unevictable:        3132 kB
Mlocked:               0 kB
HighTotal:        849920 kB
HighFree:          21860 kB
LowTotal:         536648 kB
LowFree:           56716 kB
SwapTotal:        786428 kB
SwapFree:         687224 kB
Dirty:               204 kB
Writeback:             0 kB
AnonPages:        438016 kB
Mapped:           352220 kB
Shmem:               508 kB
Slab:              53368 kB
SReclaimable:      17344 kB
SUnreclaim:        36024 kB
KernelStack:       12464 kB
PageTables:        37080 kB
NFS_Unstable:          0 kB
Bounce:                0 kB
WritebackTmp:          0 kB
CommitLimit:     1479712 kB
Committed_AS:   82119968 kB
VmallocTotal:     319488 kB
VmallocUsed:       18436 kB
VmallocChunk:     177164 kB
Time pass: 27 sec

---2015-12-11 14:29:19
MemTotal:        1386568 kB
MemFree:           75504 kB
Buffers:           12292 kB
Cached:           581680 kB
SwapCached:        10236 kB
Active:           454028 kB
Inactive:         578308 kB
Active(anon):     179472 kB
Inactive(anon):   262532 kB
Active(file):     274556 kB
Inactive(file):   315776 kB
Unevictable:        3132 kB
Mlocked:               0 kB
HighTotal:        849920 kB
HighFree:          24024 kB
LowTotal:         536648 kB
LowFree:           51480 kB
SwapTotal:        786428 kB
SwapFree:         687228 kB
Dirty:               232 kB
Writeback:             0 kB
AnonPages:        435064 kB
Mapped:           358228 kB
Shmem:               508 kB
Slab:              53808 kB
SReclaimable:      17344 kB
SUnreclaim:        36464 kB
KernelStack:       12464 kB
PageTables:        37128 kB
NFS_Unstable:          0 kB
Bounce:                0 kB
WritebackTmp:          0 kB
CommitLimit:     1479712 kB
Committed_AS:   82120176 kB
VmallocTotal:     319488 kB
VmallocUsed:       18392 kB
VmallocChunk:     177164 kB
Time pass: 30 sec

---2015-12-11 14:29:19
MemTotal:        1386568 kB
MemFree:           72000 kB
Buffers:           12300 kB
Cached:           582292 kB
SwapCached:        10244 kB
Active:           457024 kB
Inactive:         578876 kB
Active(anon):     182468 kB
Inactive(anon):   262536 kB
Active(file):     274556 kB
Inactive(file):   316340 kB
Unevictable:        3132 kB
Mlocked:               0 kB
HighTotal:        849920 kB
HighFree:          20632 kB
LowTotal:         536648 kB
LowFree:           51368 kB
SwapTotal:        786428 kB
SwapFree:         687236 kB
Dirty:               320 kB
Writeback:             0 kB
AnonPages:        438068 kB
Mapped:           357848 kB
Shmem:               508 kB
Slab:              53100 kB
SReclaimable:      17344 kB
SUnreclaim:        35756 kB
KernelStack:       12488 kB
PageTables:        37156 kB
NFS_Unstable:          0 kB
Bounce:                0 kB
WritebackTmp:          0 kB
CommitLimit:     1479712 kB
Committed_AS:   82120408 kB
VmallocTotal:     319488 kB
VmallocUsed:       18460 kB
VmallocChunk:     177164 kB
Time pass: 34 sec

---2015-12-11 14:29:19
MemTotal:        1386568 kB
MemFree:           67900 kB
Buffers:           12300 kB
Cached:           583772 kB
SwapCached:        10256 kB
Active:           457908 kB
Inactive:         580440 kB
Active(anon):     183348 kB
Inactive(anon):   262568 kB
Active(file):     274560 kB
Inactive(file):   317872 kB
Unevictable:        3132 kB
Mlocked:               0 kB
HighTotal:        849920 kB
HighFree:          18944 kB
LowTotal:         536648 kB
LowFree:           48956 kB
SwapTotal:        786428 kB
SwapFree:         687240 kB
Dirty:                 4 kB
Writeback:            16 kB
AnonPages:        438948 kB
Mapped:           360144 kB
Shmem:               508 kB
Slab:              53768 kB
SReclaimable:      17344 kB
SUnreclaim:        36424 kB
KernelStack:       12440 kB
PageTables:        37164 kB
NFS_Unstable:          0 kB
Bounce:                0 kB
WritebackTmp:          0 kB
CommitLimit:     1479712 kB
Committed_AS:   82120768 kB
VmallocTotal:     319488 kB
VmallocUsed:       18392 kB
VmallocChunk:     177164 kB
Time pass: 38 sec

---2015-12-11 14:29:19
MemTotal:        1386568 kB
MemFree:           65524 kB
Buffers:           12308 kB
Cached:           583872 kB
SwapCached:        10256 kB
Active:           458108 kB
Inactive:         580584 kB
Active(anon):     183548 kB
Inactive(anon):   262568 kB
Active(file):     274560 kB
Inactive(file):   318016 kB
Unevictable:        3132 kB
Mlocked:               0 kB
HighTotal:        849920 kB
HighFree:          18488 kB
LowTotal:         536648 kB
LowFree:           47036 kB
SwapTotal:        786428 kB
SwapFree:         687240 kB
Dirty:                60 kB
Writeback:             0 kB
AnonPages:        439064 kB
Mapped:           360304 kB
Shmem:               508 kB
Slab:              53736 kB
SReclaimable:      17344 kB
SUnreclaim:        36392 kB
KernelStack:       12432 kB
PageTables:        37168 kB
NFS_Unstable:          0 kB
Bounce:                0 kB
WritebackTmp:          0 kB
CommitLimit:     1479712 kB
Committed_AS:   82121008 kB
VmallocTotal:     319488 kB
VmallocUsed:       18392 kB
VmallocChunk:     177164 kB
Time pass: 42 sec

---2015-12-11 14:29:19
MemTotal:        1386568 kB
MemFree:           57840 kB
Buffers:           12316 kB
Cached:           584312 kB
SwapCached:        10276 kB
Active:           471132 kB
Inactive:         580932 kB
Active(anon):     196532 kB
Inactive(anon):   262588 kB
Active(file):     274600 kB
Inactive(file):   318344 kB
Unevictable:        3132 kB
Mlocked:               0 kB
HighTotal:        849920 kB
HighFree:           8760 kB
LowTotal:         536648 kB
LowFree:           49080 kB
SwapTotal:        786428 kB
SwapFree:         687252 kB
Dirty:               116 kB
Writeback:             0 kB
AnonPages:        452372 kB
Mapped:           357532 kB
Shmem:               508 kB
Slab:              53808 kB
SReclaimable:      17348 kB
SUnreclaim:        36460 kB
KernelStack:       12576 kB
PageTables:        37160 kB
NFS_Unstable:          0 kB
Bounce:                0 kB
WritebackTmp:          0 kB
CommitLimit:     1479712 kB
Committed_AS:   82125576 kB
VmallocTotal:     319488 kB
VmallocUsed:       18488 kB
VmallocChunk:     177164 kB
Time pass: 46 sec

---2015-12-11 14:29:19
MemTotal:        1386568 kB
MemFree:           39268 kB
Buffers:           12320 kB
Cached:           585308 kB
SwapCached:        10276 kB
Active:           475976 kB
Inactive:         581780 kB
Active(anon):     201176 kB
Inactive(anon):   262592 kB
Active(file):     274800 kB
Inactive(file):   319188 kB
Unevictable:        3132 kB
Mlocked:               0 kB
HighTotal:        849920 kB
HighFree:           8760 kB
LowTotal:         536648 kB
LowFree:           30508 kB
SwapTotal:        786428 kB
SwapFree:         687252 kB
Dirty:               572 kB
Writeback:             0 kB
AnonPages:        456676 kB
Mapped:           370632 kB
Shmem:               508 kB
Slab:              53660 kB
SReclaimable:      17356 kB
SUnreclaim:        36304 kB
KernelStack:       12504 kB
PageTables:        37200 kB
NFS_Unstable:          0 kB
Bounce:                0 kB
WritebackTmp:          0 kB
CommitLimit:     1479712 kB
Committed_AS:   82134016 kB
VmallocTotal:     319488 kB
VmallocUsed:       18380 kB
VmallocChunk:     177164 kB
Time pass: 50 sec

---2015-12-11 14:29:19
MemTotal:        1386568 kB
MemFree:           38004 kB
Buffers:           12328 kB
Cached:           585608 kB
SwapCached:        10276 kB
Active:           476300 kB
Inactive:         582128 kB
Active(anon):     201500 kB
Inactive(anon):   262592 kB
Active(file):     274800 kB
Inactive(file):   319536 kB
Unevictable:        3132 kB
Mlocked:               0 kB
HighTotal:        849920 kB
HighFree:           8720 kB
LowTotal:         536648 kB
LowFree:           29284 kB
SwapTotal:        786428 kB
SwapFree:         687252 kB
Dirty:                 0 kB
Writeback:             0 kB
AnonPages:        457120 kB
Mapped:           372188 kB
Shmem:               508 kB
Slab:              53588 kB
SReclaimable:      17356 kB
SUnreclaim:        36232 kB
KernelStack:       12464 kB
PageTables:        37220 kB
NFS_Unstable:          0 kB
Bounce:                0 kB
WritebackTmp:          0 kB
CommitLimit:     1479712 kB
Committed_AS:   82134200 kB
VmallocTotal:     319488 kB
VmallocUsed:       18312 kB
VmallocChunk:     177164 kB
Time pass: 54 sec

---2015-12-11 14:29:19
MemTotal:        1386568 kB
MemFree:           38056 kB
Buffers:           12336 kB
Cached:           585644 kB
SwapCached:        10276 kB
Active:           476452 kB
Inactive:         582132 kB
Active(anon):     201652 kB
Inactive(anon):   262592 kB
Active(file):     274800 kB
Inactive(file):   319540 kB
Unevictable:        3132 kB
Mlocked:               0 kB
HighTotal:        849920 kB
HighFree:           8772 kB
LowTotal:         536648 kB
LowFree:           29284 kB
SwapTotal:        786428 kB
SwapFree:         687252 kB
Dirty:                56 kB
Writeback:             0 kB
AnonPages:        457248 kB
Mapped:           372140 kB
Shmem:               508 kB
Slab:              53428 kB
SReclaimable:      17356 kB
SUnreclaim:        36072 kB
KernelStack:       12464 kB
PageTables:        37220 kB
NFS_Unstable:          0 kB
Bounce:                0 kB
WritebackTmp:          0 kB
CommitLimit:     1479712 kB
Committed_AS:   82134280 kB
VmallocTotal:     319488 kB
VmallocUsed:       18312 kB
VmallocChunk:     177164 kB
Time pass: 58 sec

---2015-12-11 14:29:19
MemTotal:        1386568 kB
MemFree:           42332 kB
Buffers:           12344 kB
Cached:           572536 kB
SwapCached:        10304 kB
Active:           483176 kB
Inactive:         559888 kB
Active(anon):     206220 kB
Inactive(anon):   255612 kB
Active(file):     276956 kB
Inactive(file):   304276 kB
Unevictable:        3132 kB
Mlocked:               0 kB
HighTotal:        849920 kB
HighFree:          21644 kB
LowTotal:         536648 kB
LowFree:           20688 kB
SwapTotal:        786428 kB
SwapFree:         682528 kB
Dirty:               232 kB
Writeback:             0 kB
AnonPages:        454776 kB
Mapped:           377784 kB
Shmem:               508 kB
Slab:              53816 kB
SReclaimable:      17412 kB
SUnreclaim:        36404 kB
KernelStack:       12520 kB
PageTables:        37240 kB
NFS_Unstable:          0 kB
Bounce:                0 kB
WritebackTmp:          0 kB
CommitLimit:     1479712 kB
Committed_AS:   82134640 kB
VmallocTotal:     319488 kB
VmallocUsed:       18448 kB
VmallocChunk:     177164 kB
Time pass: 62 sec

---2015-12-11 14:29:19
MemTotal:        1386568 kB
MemFree:           43200 kB
Buffers:           12352 kB
Cached:           572564 kB
SwapCached:        10308 kB
Active:           483404 kB
Inactive:         559924 kB
Active(anon):     206436 kB
Inactive(anon):   255616 kB
Active(file):     276968 kB
Inactive(file):   304308 kB
Unevictable:        3132 kB
Mlocked:               0 kB
HighTotal:        849920 kB
HighFree:          21688 kB
LowTotal:         536648 kB
LowFree:           21512 kB
SwapTotal:        786428 kB
SwapFree:         682528 kB
Dirty:                80 kB
Writeback:             0 kB
AnonPages:        454956 kB
Mapped:           377784 kB
Shmem:               508 kB
Slab:              53852 kB
SReclaimable:      17412 kB
SUnreclaim:        36440 kB
KernelStack:       12480 kB
PageTables:        37220 kB
NFS_Unstable:          0 kB
Bounce:                0 kB
WritebackTmp:          0 kB
CommitLimit:     1479712 kB
Committed_AS:   82134728 kB
VmallocTotal:     319488 kB
VmallocUsed:       18380 kB
VmallocChunk:     177164 kB
Time pass: 66 sec

---2015-12-11 14:29:19
MemTotal:        1386568 kB
MemFree:          118320 kB
Buffers:           12364 kB
Cached:           565376 kB
SwapCached:        10320 kB
Active:           446232 kB
Inactive:         523924 kB
Active(anon):     166548 kB
Inactive(anon):   229500 kB
Active(file):     279684 kB
Inactive(file):   294424 kB
Unevictable:        3132 kB
Mlocked:               0 kB
HighTotal:        849920 kB
HighFree:          70516 kB
LowTotal:         536648 kB
LowFree:           47804 kB
SwapTotal:        786428 kB
SwapFree:         679544 kB
Dirty:                92 kB
Writeback:             0 kB
AnonPages:        388980 kB
Mapped:           328080 kB
Shmem:               500 kB
Slab:              52936 kB
SReclaimable:      17444 kB
SUnreclaim:        35492 kB
KernelStack:       10544 kB
PageTables:        28892 kB
NFS_Unstable:          0 kB
Bounce:                0 kB
WritebackTmp:          0 kB
CommitLimit:     1479712 kB
Committed_AS:   62251280 kB
VmallocTotal:     319488 kB
VmallocUsed:       17384 kB
VmallocChunk:     178188 kB
Time pass: 69 sec

---2015-12-11 14:29:19
MemTotal:        1386568 kB
MemFree:          103412 kB
Buffers:           12384 kB
Cached:           570988 kB
SwapCached:        10340 kB
Active:           454876 kB
Inactive:         529464 kB
Active(anon):     175188 kB
Inactive(anon):   229504 kB
Active(file):     279688 kB
Inactive(file):   299960 kB
Unevictable:        3132 kB
Mlocked:               0 kB
HighTotal:        849920 kB
HighFree:          56216 kB
LowTotal:         536648 kB
LowFree:           47196 kB
SwapTotal:        786428 kB
SwapFree:         679564 kB
Dirty:               248 kB
Writeback:             0 kB
AnonPages:        397820 kB
Mapped:           331672 kB
Shmem:               500 kB
Slab:              52824 kB
SReclaimable:      17428 kB
SUnreclaim:        35396 kB
KernelStack:       10656 kB
PageTables:        28916 kB
NFS_Unstable:          0 kB
Bounce:                0 kB
WritebackTmp:          0 kB
CommitLimit:     1479712 kB
Committed_AS:   62263872 kB
VmallocTotal:     319488 kB
VmallocUsed:       17520 kB
VmallocChunk:     178188 kB
Time pass: 74 sec

---2015-12-11 14:29:19
MemTotal:        1386568 kB
MemFree:           74656 kB
Buffers:           12444 kB
Cached:           574112 kB
SwapCached:        10572 kB
Active:           464520 kB
Inactive:         533092 kB
Active(anon):     184740 kB
Inactive(anon):   230108 kB
Active(file):     279780 kB
Inactive(file):   302984 kB
Unevictable:        3132 kB
Mlocked:               0 kB
HighTotal:        849920 kB
HighFree:          22532 kB
LowTotal:         536648 kB
LowFree:           52124 kB
SwapTotal:        786428 kB
SwapFree:         679788 kB
Dirty:               320 kB
Writeback:             0 kB
AnonPages:        407624 kB
Mapped:           330008 kB
Shmem:               660 kB
Slab:              53212 kB
SReclaimable:      17428 kB
SUnreclaim:        35784 kB
KernelStack:       10808 kB
PageTables:        29084 kB
NFS_Unstable:          0 kB
Bounce:                0 kB
WritebackTmp:          0 kB
CommitLimit:     1479712 kB
Committed_AS:   62282632 kB
VmallocTotal:     319488 kB
VmallocUsed:       17520 kB
VmallocChunk:     178188 kB
Time pass: 78 sec

---2015-12-11 14:29:19
MemTotal:        1386568 kB
MemFree:           36544 kB
Buffers:           12516 kB
Cached:           571588 kB
SwapCached:        10576 kB
Active:           467608 kB
Inactive:         533244 kB
Active(anon):     187708 kB
Inactive(anon):   232916 kB
Active(file):     279900 kB
Inactive(file):   300328 kB
Unevictable:        3132 kB
Mlocked:               0 kB
HighTotal:        849920 kB
HighFree:           9800 kB
LowTotal:         536648 kB
LowFree:           26744 kB
SwapTotal:        786428 kB
SwapFree:         679128 kB
Dirty:                56 kB
Writeback:             0 kB
AnonPages:        413484 kB
Mapped:           330140 kB
Shmem:               736 kB
Slab:              53332 kB
SReclaimable:      17444 kB
SUnreclaim:        35888 kB
KernelStack:       10824 kB
PageTables:        29240 kB
NFS_Unstable:          0 kB
Bounce:                0 kB
WritebackTmp:          0 kB
CommitLimit:     1479712 kB
Committed_AS:   62291024 kB
VmallocTotal:     319488 kB
VmallocUsed:       17520 kB
VmallocChunk:     178188 kB
Time pass: 83 sec

---2015-12-11 14:29:19
MemTotal:        1386568 kB
MemFree:           37236 kB
Buffers:           12532 kB
Cached:           569176 kB
SwapCached:        10576 kB
Active:           468416 kB
Inactive:         532116 kB
Active(anon):     188452 kB
Inactive(anon):   234368 kB
Active(file):     279964 kB
Inactive(file):   297748 kB
Unevictable:        3132 kB
Mlocked:               0 kB
HighTotal:        849920 kB
HighFree:          10072 kB
LowTotal:         536648 kB
LowFree:           27164 kB
SwapTotal:        786428 kB
SwapFree:         678484 kB
Dirty:                 4 kB
Writeback:             0 kB
AnonPages:        415292 kB
Mapped:           330368 kB
Shmem:               864 kB
Slab:              53084 kB
SReclaimable:      17444 kB
SUnreclaim:        35640 kB
KernelStack:       10816 kB
PageTables:        29280 kB
NFS_Unstable:          0 kB
Bounce:                0 kB
WritebackTmp:          0 kB
CommitLimit:     1479712 kB
Committed_AS:   62291140 kB
VmallocTotal:     319488 kB
VmallocUsed:       17520 kB
VmallocChunk:     178188 kB
Time pass: 87 sec

---2015-12-11 14:29:19
MemTotal:        1386568 kB
MemFree:           36788 kB
Buffers:           12572 kB
Cached:           569228 kB
SwapCached:        10576 kB
Active:           467948 kB
Inactive:         532152 kB
Active(anon):     187932 kB
Inactive(anon):   234416 kB
Active(file):     280016 kB
Inactive(file):   297736 kB
Unevictable:        3132 kB
Mlocked:               0 kB
HighTotal:        849920 kB
HighFree:           9972 kB
LowTotal:         536648 kB
LowFree:           26816 kB
SwapTotal:        786428 kB
SwapFree:         678488 kB
Dirty:                32 kB
Writeback:             0 kB
AnonPages:        414944 kB
Mapped:           330484 kB
Shmem:               916 kB
Slab:              53300 kB
SReclaimable:      17444 kB
SUnreclaim:        35856 kB
KernelStack:       10824 kB
PageTables:        29276 kB
NFS_Unstable:          0 kB
Bounce:                0 kB
WritebackTmp:          0 kB
CommitLimit:     1479712 kB
Committed_AS:   62295348 kB
VmallocTotal:     319488 kB
VmallocUsed:       17520 kB
VmallocChunk:     178188 kB
Time pass: 91 sec

---2015-12-11 14:29:19
MemTotal:        1386568 kB
MemFree:           35792 kB
Buffers:           12588 kB
Cached:           569780 kB
SwapCached:        10576 kB
Active:           467480 kB
Inactive:         532284 kB
Active(anon):     187024 kB
Inactive(anon):   234416 kB
Active(file):     280456 kB
Inactive(file):   297868 kB
Unevictable:        3132 kB
Mlocked:               0 kB
HighTotal:        849920 kB
HighFree:           9600 kB
LowTotal:         536648 kB
LowFree:           26192 kB
SwapTotal:        786428 kB
SwapFree:         678612 kB
Dirty:                 0 kB
Writeback:             0 kB
AnonPages:        413848 kB
Mapped:           330556 kB
Shmem:               916 kB
Slab:              53180 kB
SReclaimable:      17440 kB
SUnreclaim:        35740 kB
KernelStack:       10720 kB
PageTables:        29176 kB
NFS_Unstable:          0 kB
Bounce:                0 kB
WritebackTmp:          0 kB
CommitLimit:     1479712 kB
Committed_AS:   62289572 kB
VmallocTotal:     319488 kB
VmallocUsed:       17520 kB
VmallocChunk:     178188 kB
Time pass: 95 sec

---2015-12-11 14:29:19
MemTotal:        1386568 kB
MemFree:           38708 kB
Buffers:           12604 kB
Cached:           569784 kB
SwapCached:        10580 kB
Active:           464048 kB
Inactive:         532264 kB
Active(anon):     183592 kB
Inactive(anon):   234380 kB
Active(file):     280456 kB
Inactive(file):   297884 kB
Unevictable:        3132 kB
Mlocked:               0 kB
HighTotal:        849920 kB
HighFree:          14044 kB
LowTotal:         536648 kB
LowFree:           24664 kB
SwapTotal:        786428 kB
SwapFree:         678620 kB
Dirty:                40 kB
Writeback:             0 kB
AnonPages:        410496 kB
Mapped:           330504 kB
Shmem:               916 kB
Slab:              53160 kB
SReclaimable:      17452 kB
SUnreclaim:        35708 kB
KernelStack:       10720 kB
PageTables:        29280 kB
NFS_Unstable:          0 kB
Bounce:                0 kB
WritebackTmp:          0 kB
CommitLimit:     1479712 kB
Committed_AS:   62293568 kB
VmallocTotal:     319488 kB
VmallocUsed:       17452 kB
VmallocChunk:     178188 kB
Time pass: 99 sec

---2015-12-11 14:29:19
MemTotal:        1386568 kB
MemFree:           37744 kB
Buffers:           12612 kB
Cached:           570224 kB
SwapCached:        10580 kB
Active:           464092 kB
Inactive:         532688 kB
Active(anon):     183636 kB
Inactive(anon):   234384 kB
Active(file):     280456 kB
Inactive(file):   298304 kB
Unevictable:        3132 kB
Mlocked:               0 kB
HighTotal:        849920 kB
HighFree:          13752 kB
LowTotal:         536648 kB
LowFree:           23992 kB
SwapTotal:        786428 kB
SwapFree:         678676 kB
Dirty:                28 kB
Writeback:             0 kB
AnonPages:        410476 kB
Mapped:           330644 kB
Shmem:               944 kB
Slab:              53268 kB
SReclaimable:      17452 kB
SUnreclaim:        35816 kB
KernelStack:       10696 kB
PageTables:        29280 kB
NFS_Unstable:          0 kB
Bounce:                0 kB
WritebackTmp:          0 kB
CommitLimit:     1479712 kB
Committed_AS:   62293780 kB
VmallocTotal:     319488 kB
VmallocUsed:       17520 kB
VmallocChunk:     178188 kB
Time pass: 103 sec

---2015-12-11 14:29:19
MemTotal:        1386568 kB
MemFree:           37352 kB
Buffers:           12628 kB
Cached:           570224 kB
SwapCached:        10580 kB
Active:           464272 kB
Inactive:         532704 kB
Active(anon):     183816 kB
Inactive(anon):   234384 kB
Active(file):     280456 kB
Inactive(file):   298320 kB
Unevictable:        3132 kB
Mlocked:               0 kB
HighTotal:        849920 kB
HighFree:          13324 kB
LowTotal:         536648 kB
LowFree:           24028 kB
SwapTotal:        786428 kB
SwapFree:         678676 kB
Dirty:                 0 kB
Writeback:             8 kB
AnonPages:        410756 kB
Mapped:           330644 kB
Shmem:               944 kB
Slab:              53484 kB
SReclaimable:      17452 kB
SUnreclaim:        36032 kB
KernelStack:       10648 kB
PageTables:        29280 kB
NFS_Unstable:          0 kB
Bounce:                0 kB
WritebackTmp:          0 kB
CommitLimit:     1479712 kB
Committed_AS:   62293808 kB
VmallocTotal:     319488 kB
VmallocUsed:       17520 kB
VmallocChunk:     178188 kB
Time pass: 107 sec

---2015-12-11 14:29:19
MemTotal:        1386568 kB
MemFree:           41188 kB
Buffers:           12636 kB
Cached:           568236 kB
SwapCached:        10580 kB
Active:           463088 kB
Inactive:         530504 kB
Active(anon):     183024 kB
Inactive(anon):   233804 kB
Active(file):     280064 kB
Inactive(file):   296700 kB
Unevictable:        3132 kB
Mlocked:               0 kB
HighTotal:        849920 kB
HighFree:          16084 kB
LowTotal:         536648 kB
LowFree:           25104 kB
SwapTotal:        786428 kB
SwapFree:         678160 kB
Dirty:                28 kB
Writeback:             0 kB
AnonPages:        409252 kB
Mapped:           330532 kB
Shmem:               976 kB
Slab:              53192 kB
SReclaimable:      17452 kB
SUnreclaim:        35740 kB
KernelStack:       10696 kB
PageTables:        29280 kB
NFS_Unstable:          0 kB
Bounce:                0 kB
WritebackTmp:          0 kB
CommitLimit:     1479712 kB
Committed_AS:   62293944 kB
VmallocTotal:     319488 kB
VmallocUsed:       17452 kB
VmallocChunk:     178188 kB
Time pass: 111 sec

---2015-12-11 14:29:19
MemTotal:        1386568 kB
MemFree:           37788 kB
Buffers:           12644 kB
Cached:           569052 kB
SwapCached:        10588 kB
Active:           465324 kB
Inactive:         531268 kB
Active(anon):     185188 kB
Inactive(anon):   233816 kB
Active(file):     280136 kB
Inactive(file):   297452 kB
Unevictable:        3132 kB
Mlocked:               0 kB
HighTotal:        849920 kB
HighFree:          13440 kB
LowTotal:         536648 kB
LowFree:           24348 kB
SwapTotal:        786428 kB
SwapFree:         678164 kB
Dirty:                 0 kB
Writeback:             0 kB
AnonPages:        411344 kB
Mapped:           330856 kB
Shmem:               976 kB
Slab:              53160 kB
SReclaimable:      17452 kB
SUnreclaim:        35708 kB
KernelStack:       10776 kB
PageTables:        29736 kB
NFS_Unstable:          0 kB
Bounce:                0 kB
WritebackTmp:          0 kB
CommitLimit:     1479712 kB
Committed_AS:   63536380 kB
VmallocTotal:     319488 kB
VmallocUsed:       17520 kB
VmallocChunk:     178188 kB
Time pass: 115 sec

---2015-12-11 14:29:19
MemTotal:        1386568 kB
MemFree:           55604 kB
Buffers:           12652 kB
Cached:           565316 kB
SwapCached:        10600 kB
Active:           456424 kB
Inactive:         524936 kB
Active(anon):     176196 kB
Inactive(anon):   231308 kB
Active(file):     280228 kB
Inactive(file):   293628 kB
Unevictable:        3132 kB
Mlocked:               0 kB
HighTotal:        849920 kB
HighFree:          26308 kB
LowTotal:         536648 kB
LowFree:           29296 kB
SwapTotal:        786428 kB
SwapFree:         677140 kB
Dirty:                 8 kB
Writeback:             0 kB
AnonPages:        399956 kB
Mapped:           327164 kB
Shmem:               976 kB
Slab:              53308 kB
SReclaimable:      17440 kB
SUnreclaim:        35868 kB
KernelStack:       10648 kB
PageTables:        29184 kB
NFS_Unstable:          0 kB
Bounce:                0 kB
WritebackTmp:          0 kB
CommitLimit:     1479712 kB
Committed_AS:   62273168 kB
VmallocTotal:     319488 kB
VmallocUsed:       16432 kB
VmallocChunk:     179212 kB
Time pass: 119 sec

---2015-12-11 14:29:19
MemTotal:        1386568 kB
MemFree:           56252 kB
Buffers:           12652 kB
Cached:           565476 kB
SwapCached:        10600 kB
Active:           456584 kB
Inactive:         525068 kB
Active(anon):     176336 kB
Inactive(anon):   231436 kB
Active(file):     280248 kB
Inactive(file):   293632 kB
Unevictable:        3132 kB
Mlocked:               0 kB
HighTotal:        849920 kB
HighFree:          26172 kB
LowTotal:         536648 kB
LowFree:           30080 kB
SwapTotal:        786428 kB
SwapFree:         677140 kB
Dirty:                 8 kB
Writeback:             0 kB
AnonPages:        399996 kB
Mapped:           327348 kB
Shmem:              1116 kB
Slab:              53244 kB
SReclaimable:      17440 kB
SUnreclaim:        35804 kB
KernelStack:       10544 kB
PageTables:        29180 kB
NFS_Unstable:          0 kB
Bounce:                0 kB
WritebackTmp:          0 kB
CommitLimit:     1479712 kB
Committed_AS:   62273280 kB
VmallocTotal:     319488 kB
VmallocUsed:       16500 kB
VmallocChunk:     179212 kB
Time pass: 123 sec

---2015-12-11 14:29:19
MemTotal:        1386568 kB
MemFree:           55340 kB
Buffers:           12652 kB
Cached:           566644 kB
SwapCached:        10600 kB
Active:           456856 kB
Inactive:         526136 kB
Active(anon):     176608 kB
Inactive(anon):   232504 kB
Active(file):     280248 kB
Inactive(file):   293632 kB
Unevictable:        3132 kB
Mlocked:               0 kB
HighTotal:        849920 kB
HighFree:          25444 kB
LowTotal:         536648 kB
LowFree:           29896 kB
SwapTotal:        786428 kB
SwapFree:         677140 kB
Dirty:                 0 kB
Writeback:             0 kB
AnonPages:        400384 kB
Mapped:           328372 kB
Shmem:              2284 kB
Slab:              53180 kB
SReclaimable:      17440 kB
SUnreclaim:        35740 kB
KernelStack:       10568 kB
PageTables:        29180 kB
NFS_Unstable:          0 kB
Bounce:                0 kB
WritebackTmp:          0 kB
CommitLimit:     1479712 kB
Committed_AS:   62273480 kB
VmallocTotal:     319488 kB
VmallocUsed:       16500 kB
VmallocChunk:     179212 kB
Time pass: 127 sec

---2015-12-11 14:29:19
MemTotal:        1386568 kB
MemFree:           56164 kB
Buffers:           12652 kB
Cached:           566644 kB
SwapCached:        10572 kB
Active:           455912 kB
Inactive:         526196 kB
Active(anon):     175664 kB
Inactive(anon):   232564 kB
Active(file):     280248 kB
Inactive(file):   293632 kB
Unevictable:        3132 kB
Mlocked:               0 kB
HighTotal:        849920 kB
HighFree:          25940 kB
LowTotal:         536648 kB
LowFree:           30224 kB
SwapTotal:        786428 kB
SwapFree:         677268 kB
Dirty:                 0 kB
Writeback:             0 kB
AnonPages:        399308 kB
Mapped:           328520 kB
Shmem:              2284 kB
Slab:              53148 kB
SReclaimable:      17440 kB
SUnreclaim:        35708 kB
KernelStack:       10520 kB
PageTables:        29172 kB
NFS_Unstable:          0 kB
Bounce:                0 kB
WritebackTmp:          0 kB
CommitLimit:     1479712 kB
Committed_AS:   62273456 kB
VmallocTotal:     319488 kB
VmallocUsed:       16500 kB
VmallocChunk:     179212 kB
Time pass: 131 sec

---2015-12-11 14:29:19
MemTotal:        1386568 kB
MemFree:           56012 kB
Buffers:           12652 kB
Cached:           566644 kB
SwapCached:        10572 kB
Active:           456136 kB
Inactive:         526196 kB
Active(anon):     175888 kB
Inactive(anon):   232564 kB
Active(file):     280248 kB
Inactive(file):   293632 kB
Unevictable:        3132 kB
Mlocked:               0 kB
HighTotal:        849920 kB
HighFree:          25976 kB
LowTotal:         536648 kB
LowFree:           30036 kB
SwapTotal:        786428 kB
SwapFree:         677268 kB
Dirty:                 0 kB
Writeback:             0 kB
AnonPages:        399604 kB
Mapped:           328372 kB
Shmem:              2284 kB
Slab:              53116 kB
SReclaimable:      17440 kB
SUnreclaim:        35676 kB
KernelStack:       10544 kB
PageTables:        29172 kB
NFS_Unstable:          0 kB
Bounce:                0 kB
WritebackTmp:          0 kB
CommitLimit:     1479712 kB
Committed_AS:   62273620 kB
VmallocTotal:     319488 kB
VmallocUsed:       16500 kB
VmallocChunk:     179212 kB
Time pass: 134 sec

---2015-12-11 14:29:19
MemTotal:        1386568 kB
MemFree:           53132 kB
Buffers:           12660 kB
Cached:           569256 kB
SwapCached:        10632 kB
Active:           458516 kB
Inactive:         528764 kB
Active(anon):     178136 kB
Inactive(anon):   230860 kB
Active(file):     280380 kB
Inactive(file):   297904 kB
Unevictable:        3132 kB
Mlocked:               0 kB
HighTotal:        849920 kB
HighFree:          21792 kB
LowTotal:         536648 kB
LowFree:           31340 kB
SwapTotal:        786428 kB
SwapFree:         677292 kB
Dirty:                 4 kB
Writeback:             0 kB
AnonPages:        401944 kB
Mapped:           327444 kB
Shmem:               500 kB
Slab:              53244 kB
SReclaimable:      17440 kB
SUnreclaim:        35804 kB
KernelStack:       10400 kB
PageTables:        29308 kB
NFS_Unstable:          0 kB
Bounce:                0 kB
WritebackTmp:          0 kB
CommitLimit:     1479712 kB
Committed_AS:   64948712 kB
VmallocTotal:     319488 kB
VmallocUsed:       16296 kB
VmallocChunk:     179212 kB
Time pass: 138 sec

---2015-12-11 14:29:19
MemTotal:        1386568 kB
MemFree:          188348 kB
Buffers:           12696 kB
Cached:           570604 kB
SwapCached:        10708 kB
Active:           392436 kB
Inactive:         525552 kB
Active(anon):     107308 kB
Inactive(anon):   230876 kB
Active(file):     285128 kB
Inactive(file):   294676 kB
Unevictable:        3132 kB
Mlocked:               0 kB
HighTotal:        849920 kB
HighFree:          90076 kB
LowTotal:         536648 kB
LowFree:           98272 kB
SwapTotal:        786428 kB
SwapFree:         677444 kB
Dirty:                48 kB
Writeback:             0 kB
AnonPages:        331204 kB
Mapped:           245992 kB
Shmem:               368 kB
Slab:              53480 kB
SReclaimable:      17424 kB
SUnreclaim:        36056 kB
KernelStack:        9896 kB
PageTables:        29108 kB
NFS_Unstable:          0 kB
Bounce:                0 kB
WritebackTmp:          0 kB
CommitLimit:     1479712 kB
Committed_AS:   64612796 kB
VmallocTotal:     319488 kB
VmallocUsed:       16024 kB
VmallocChunk:     179212 kB
Time pass: 142 sec

---2015-12-11 14:29:19
MemTotal:        1386568 kB
MemFree:          189164 kB
Buffers:           12704 kB
Cached:           570612 kB
SwapCached:        10708 kB
Active:           392104 kB
Inactive:         525568 kB
Active(anon):     106964 kB
Inactive(anon):   230892 kB
Active(file):     285140 kB
Inactive(file):   294676 kB
Unevictable:        3132 kB
Mlocked:               0 kB
HighTotal:        849920 kB
HighFree:          90700 kB
LowTotal:         536648 kB
LowFree:           98464 kB
SwapTotal:        786428 kB
SwapFree:         677452 kB
Dirty:                32 kB
Writeback:             0 kB
AnonPages:        330848 kB
Mapped:           246064 kB
Shmem:               368 kB
Slab:              53380 kB
SReclaimable:      17420 kB
SUnreclaim:        35960 kB
KernelStack:        9904 kB
PageTables:        29176 kB
NFS_Unstable:          0 kB
Bounce:                0 kB
WritebackTmp:          0 kB
CommitLimit:     1479712 kB
Committed_AS:   64613252 kB
VmallocTotal:     319488 kB
VmallocUsed:       15956 kB
VmallocChunk:     179212 kB
Time pass: 146 sec

---2015-12-11 14:29:19
MemTotal:        1386568 kB
MemFree:          188896 kB
Buffers:           12712 kB
Cached:           570612 kB
SwapCached:        10708 kB
Active:           392172 kB
Inactive:         525576 kB
Active(anon):     107032 kB
Inactive(anon):   230892 kB
Active(file):     285140 kB
Inactive(file):   294684 kB
Unevictable:        3132 kB
Mlocked:               0 kB
HighTotal:        849920 kB
HighFree:          90484 kB
LowTotal:         536648 kB
LowFree:           98412 kB
SwapTotal:        786428 kB
SwapFree:         677452 kB
Dirty:                44 kB
Writeback:             0 kB
AnonPages:        330984 kB
Mapped:           246060 kB
Shmem:               368 kB
Slab:              53348 kB
SReclaimable:      17420 kB
SUnreclaim:        35928 kB
KernelStack:        9904 kB
PageTables:        29180 kB
NFS_Unstable:          0 kB
Bounce:                0 kB
WritebackTmp:          0 kB
CommitLimit:     1479712 kB
Committed_AS:   64613324 kB
VmallocTotal:     319488 kB
VmallocUsed:       16024 kB
VmallocChunk:     179212 kB
Time pass: 150 sec

---2015-12-11 14:29:19
MemTotal:        1386568 kB
MemFree:          188456 kB
Buffers:           12712 kB
Cached:           570612 kB
SwapCached:        10708 kB
Active:           392412 kB
Inactive:         525568 kB
Active(anon):     107264 kB
Inactive(anon):   230892 kB
Active(file):     285148 kB
Inactive(file):   294676 kB
Unevictable:        3132 kB
Mlocked:               0 kB
HighTotal:        849920 kB
HighFree:          90064 kB
LowTotal:         536648 kB
LowFree:           98392 kB
SwapTotal:        786428 kB
SwapFree:         677452 kB
Dirty:                 0 kB
Writeback:             0 kB
AnonPages:        331048 kB
Mapped:           246064 kB
Shmem:               368 kB
Slab:              53316 kB
SReclaimable:      17420 kB
SUnreclaim:        35896 kB
KernelStack:        9904 kB
PageTables:        29180 kB
NFS_Unstable:          0 kB
Bounce:                0 kB
WritebackTmp:          0 kB
CommitLimit:     1479712 kB
Committed_AS:   64613580 kB
VmallocTotal:     319488 kB
VmallocUsed:       16024 kB
VmallocChunk:     179212 kB
Time pass: 154 sec

---2015-12-11 14:29:19
MemTotal:        1386568 kB
MemFree:          189044 kB
Buffers:           12712 kB
Cached:           570612 kB
SwapCached:        10708 kB
Active:           392484 kB
Inactive:         525568 kB
Active(anon):     107336 kB
Inactive(anon):   230892 kB
Active(file):     285148 kB
Inactive(file):   294676 kB
Unevictable:        3132 kB
Mlocked:               0 kB
HighTotal:        849920 kB
HighFree:          90428 kB
LowTotal:         536648 kB
LowFree:           98616 kB
SwapTotal:        786428 kB
SwapFree:         677452 kB
Dirty:                 0 kB
Writeback:             0 kB
AnonPages:        331192 kB
Mapped:           246068 kB
Shmem:               368 kB
Slab:              53252 kB
SReclaimable:      17420 kB
SUnreclaim:        35832 kB
KernelStack:        9904 kB
PageTables:        29180 kB
NFS_Unstable:          0 kB
Bounce:                0 kB
WritebackTmp:          0 kB
CommitLimit:     1479712 kB
Committed_AS:   64613652 kB
VmallocTotal:     319488 kB
VmallocUsed:       15956 kB
VmallocChunk:     179212 kB
Time pass: 158 sec

---2015-12-11 14:29:19
MemTotal:        1386568 kB
MemFree:          180984 kB
Buffers:           12736 kB
Cached:           570588 kB
SwapCached:        10708 kB
Active:           399284 kB
Inactive:         525452 kB
Active(anon):     114024 kB
Inactive(anon):   230888 kB
Active(file):     285260 kB
Inactive(file):   294564 kB
Unevictable:        3132 kB
Mlocked:               0 kB
HighTotal:        849920 kB
HighFree:          83316 kB
LowTotal:         536648 kB
LowFree:           97668 kB
SwapTotal:        786428 kB
SwapFree:         677460 kB
Dirty:                 0 kB
Writeback:             0 kB
AnonPages:        337960 kB
Mapped:           260876 kB
Shmem:               368 kB
Slab:              53256 kB
SReclaimable:      17412 kB
SUnreclaim:        35844 kB
KernelStack:       10120 kB
PageTables:        29680 kB
NFS_Unstable:          0 kB
Bounce:                0 kB
WritebackTmp:          0 kB
CommitLimit:     1479712 kB
Committed_AS:   65900904 kB
VmallocTotal:     319488 kB
VmallocUsed:       16160 kB
VmallocChunk:     179212 kB
Time pass: 162 sec

---2015-12-11 14:29:19
MemTotal:        1386568 kB
MemFree:          151108 kB
Buffers:           12788 kB
Cached:           570844 kB
SwapCached:        10732 kB
Active:           417288 kB
Inactive:         524492 kB
Active(anon):     130856 kB
Inactive(anon):   230924 kB
Active(file):     286432 kB
Inactive(file):   293568 kB
Unevictable:        3132 kB
Mlocked:               0 kB
HighTotal:        849920 kB
HighFree:          59684 kB
LowTotal:         536648 kB
LowFree:           91424 kB
SwapTotal:        786428 kB
SwapFree:         677488 kB
Dirty:               912 kB
Writeback:             0 kB
AnonPages:        354680 kB
Mapped:           276328 kB
Shmem:               500 kB
Slab:              53560 kB
SReclaimable:      17396 kB
SUnreclaim:        36164 kB
KernelStack:       10424 kB
PageTables:        30024 kB
NFS_Unstable:          0 kB
Bounce:                0 kB
WritebackTmp:          0 kB
CommitLimit:     1479712 kB
Committed_AS:   65922324 kB
VmallocTotal:     319488 kB
VmallocUsed:       16216 kB
VmallocChunk:     179212 kB
Time pass: 166 sec

---2015-12-11 14:29:19
MemTotal:        1386568 kB
MemFree:          116252 kB
Buffers:           12804 kB
Cached:           571332 kB
SwapCached:        10536 kB
Active:           440728 kB
Inactive:         524504 kB
Active(anon):     154168 kB
Inactive(anon):   230560 kB
Active(file):     286560 kB
Inactive(file):   293944 kB
Unevictable:        3132 kB
Mlocked:               0 kB
HighTotal:        849920 kB
HighFree:          25124 kB
LowTotal:         536648 kB
LowFree:           91128 kB
SwapTotal:        786428 kB
SwapFree:         680552 kB
Dirty:               644 kB
Writeback:             0 kB
AnonPages:        377664 kB
Mapped:           286956 kB
Shmem:               500 kB
Slab:              53696 kB
SReclaimable:      17396 kB
SUnreclaim:        36300 kB
KernelStack:       10480 kB
PageTables:        30008 kB
NFS_Unstable:          0 kB
Bounce:                0 kB
WritebackTmp:          0 kB
CommitLimit:     1479712 kB
Committed_AS:   65937972 kB
VmallocTotal:     319488 kB
VmallocUsed:       16252 kB
VmallocChunk:     179212 kB
Time pass: 170 sec

---2015-12-11 14:29:19
MemTotal:        1386568 kB
MemFree:          107696 kB
Buffers:           12804 kB
Cached:           571332 kB
SwapCached:        10536 kB
Active:           435616 kB
Inactive:         524500 kB
Active(anon):     149052 kB
Inactive(anon):   230560 kB
Active(file):     286564 kB
Inactive(file):   293940 kB
Unevictable:        3132 kB
Mlocked:               0 kB
HighTotal:        849920 kB
HighFree:          27912 kB
LowTotal:         536648 kB
LowFree:           79784 kB
SwapTotal:        786428 kB
SwapFree:         680552 kB
Dirty:                56 kB
Writeback:             0 kB
AnonPages:        372488 kB
Mapped:           300308 kB
Shmem:               500 kB
Slab:              53696 kB
SReclaimable:      17396 kB
SUnreclaim:        36300 kB
KernelStack:       10496 kB
PageTables:        30052 kB
NFS_Unstable:          0 kB
Bounce:                0 kB
WritebackTmp:          0 kB
CommitLimit:     1479712 kB
Committed_AS:   65938372 kB
VmallocTotal:     319488 kB
VmallocUsed:       16300 kB
VmallocChunk:     179212 kB
Time pass: 173 sec

---2015-12-11 14:29:19
MemTotal:        1386568 kB
MemFree:           92504 kB
Buffers:           12852 kB
Cached:           571728 kB
SwapCached:        10536 kB
Active:           439760 kB
Inactive:         524184 kB
Active(anon):     152436 kB
Inactive(anon):   230560 kB
Active(file):     287324 kB
Inactive(file):   293624 kB
Unevictable:        3132 kB
Mlocked:               0 kB
HighTotal:        849920 kB
HighFree:          24584 kB
LowTotal:         536648 kB
LowFree:           67920 kB
SwapTotal:        786428 kB
SwapFree:         680552 kB
Dirty:               540 kB
Writeback:             0 kB
AnonPages:        375984 kB
Mapped:           312328 kB
Shmem:               500 kB
Slab:              53592 kB
SReclaimable:      17396 kB
SUnreclaim:        36196 kB
KernelStack:       10496 kB
PageTables:        30084 kB
NFS_Unstable:          0 kB
Bounce:                0 kB
WritebackTmp:          0 kB
CommitLimit:     1479712 kB
Committed_AS:   65942716 kB
VmallocTotal:     319488 kB
VmallocUsed:       16464 kB
VmallocChunk:     179212 kB
Time pass: 177 sec

---2015-12-11 14:29:19
MemTotal:        1386568 kB
MemFree:           81088 kB
Buffers:           12860 kB
Cached:           571992 kB
SwapCached:        10536 kB
Active:           443304 kB
Inactive:         524048 kB
Active(anon):     155576 kB
Inactive(anon):   230560 kB
Active(file):     287728 kB
Inactive(file):   293488 kB
Unevictable:        3132 kB
Mlocked:               0 kB
HighTotal:        849920 kB
HighFree:          21544 kB
LowTotal:         536648 kB
LowFree:           59544 kB
SwapTotal:        786428 kB
SwapFree:         680552 kB
Dirty:               944 kB
Writeback:             0 kB
AnonPages:        378992 kB
Mapped:           320288 kB
Shmem:               500 kB
Slab:              53592 kB
SReclaimable:      17396 kB
SUnreclaim:        36196 kB
KernelStack:       10504 kB
PageTables:        30116 kB
NFS_Unstable:          0 kB
Bounce:                0 kB
WritebackTmp:          0 kB
CommitLimit:     1479712 kB
Committed_AS:   65947396 kB
VmallocTotal:     319488 kB
VmallocUsed:       16260 kB
VmallocChunk:     179212 kB
Time pass: 181 sec

---2015-12-11 14:29:19
MemTotal:        1386568 kB
MemFree:           65768 kB
Buffers:           12860 kB
Cached:           572004 kB
SwapCached:        10536 kB
Active:           448164 kB
Inactive:         524044 kB
Active(anon):     160432 kB
Inactive(anon):   230544 kB
Active(file):     287732 kB
Inactive(file):   293500 kB
Unevictable:        3132 kB
Mlocked:               0 kB
HighTotal:        849920 kB
HighFree:          16152 kB
LowTotal:         536648 kB
LowFree:           49616 kB
SwapTotal:        786428 kB
SwapFree:         680552 kB
Dirty:               472 kB
Writeback:             0 kB
AnonPages:        383876 kB
Mapped:           326748 kB
Shmem:               500 kB
Slab:              53532 kB
SReclaimable:      17372 kB
SUnreclaim:        36160 kB
KernelStack:       10560 kB
PageTables:        30124 kB
NFS_Unstable:          0 kB
Bounce:                0 kB
WritebackTmp:          0 kB
CommitLimit:     1479712 kB
Committed_AS:   65947884 kB
VmallocTotal:     319488 kB
VmallocUsed:       16352 kB
VmallocChunk:     179212 kB
Time pass: 184 sec

---2015-12-11 14:29:19
MemTotal:        1386568 kB
MemFree:           65852 kB
Buffers:           12868 kB
Cached:           572004 kB
SwapCached:        10536 kB
Active:           448564 kB
Inactive:         524048 kB
Active(anon):     160828 kB
Inactive(anon):   230544 kB
Active(file):     287736 kB
Inactive(file):   293504 kB
Unevictable:        3132 kB
Mlocked:               0 kB
HighTotal:        849920 kB
HighFree:          16152 kB
LowTotal:         536648 kB
LowFree:           49700 kB
SwapTotal:        786428 kB
SwapFree:         680552 kB
Dirty:                80 kB
Writeback:             0 kB
AnonPages:        384264 kB
Mapped:           326744 kB
Shmem:               500 kB
Slab:              53500 kB
SReclaimable:      17372 kB
SUnreclaim:        36128 kB
KernelStack:       10464 kB
PageTables:        30144 kB
NFS_Unstable:          0 kB
Bounce:                0 kB
WritebackTmp:          0 kB
CommitLimit:     1479712 kB
Committed_AS:   65948076 kB
VmallocTotal:     319488 kB
VmallocUsed:       16284 kB
VmallocChunk:     179212 kB
Time pass: 188 sec

---2015-12-11 14:29:19
MemTotal:        1386568 kB
MemFree:           65748 kB
Buffers:           12868 kB
Cached:           572220 kB
SwapCached:        10532 kB
Active:           448400 kB
Inactive:         524096 kB
Active(anon):     160656 kB
Inactive(anon):   230384 kB
Active(file):     287744 kB
Inactive(file):   293712 kB
Unevictable:        3132 kB
Mlocked:               0 kB
HighTotal:        849920 kB
HighFree:          16220 kB
LowTotal:         536648 kB
LowFree:           49528 kB
SwapTotal:        786428 kB
SwapFree:         680568 kB
Dirty:                92 kB
Writeback:             0 kB
AnonPages:        383900 kB
Mapped:           326824 kB
Shmem:               500 kB
Slab:              53368 kB
SReclaimable:      17372 kB
SUnreclaim:        35996 kB
KernelStack:       10520 kB
PageTables:        30164 kB
NFS_Unstable:          0 kB
Bounce:                0 kB
WritebackTmp:          0 kB
CommitLimit:     1479712 kB
Committed_AS:   65953540 kB
VmallocTotal:     319488 kB
VmallocUsed:       16352 kB
VmallocChunk:     179212 kB
Time pass: 192 sec

---2015-12-11 14:29:19
MemTotal:        1386568 kB
MemFree:           65416 kB
Buffers:           12876 kB
Cached:           572224 kB
SwapCached:        10532 kB
Active:           448064 kB
Inactive:         524088 kB
Active(anon):     160316 kB
Inactive(anon):   230368 kB
Active(file):     287748 kB
Inactive(file):   293720 kB
Unevictable:        3132 kB
Mlocked:               0 kB
HighTotal:        849920 kB
HighFree:          16292 kB
LowTotal:         536648 kB
LowFree:           49124 kB
SwapTotal:        786428 kB
SwapFree:         680568 kB
Dirty:                40 kB
Writeback:             0 kB
AnonPages:        383616 kB
Mapped:           328892 kB
Shmem:               500 kB
Slab:              53460 kB
SReclaimable:      17372 kB
SUnreclaim:        36088 kB
KernelStack:       10616 kB
PageTables:        30176 kB
NFS_Unstable:          0 kB
Bounce:                0 kB
WritebackTmp:          0 kB
CommitLimit:     1479712 kB
Committed_AS:   65953124 kB
VmallocTotal:     319488 kB
VmallocUsed:       16420 kB
VmallocChunk:     179212 kB
Time pass: 196 sec

---2015-12-11 14:29:19
MemTotal:        1386568 kB
MemFree:           57716 kB
Buffers:           12904 kB
Cached:           572264 kB
SwapCached:        10516 kB
Active:           456500 kB
Inactive:         523192 kB
Active(anon):     167980 kB
Inactive(anon):   230536 kB
Active(file):     288520 kB
Inactive(file):   292656 kB
Unevictable:        3132 kB
Mlocked:               0 kB
HighTotal:        849920 kB
HighFree:          12732 kB
LowTotal:         536648 kB
LowFree:           44984 kB
SwapTotal:        786428 kB
SwapFree:         680656 kB
Dirty:                44 kB
Writeback:             0 kB
AnonPages:        391292 kB
Mapped:           330520 kB
Shmem:               664 kB
Slab:              53692 kB
SReclaimable:      17388 kB
SUnreclaim:        36304 kB
KernelStack:       10816 kB
PageTables:        30332 kB
NFS_Unstable:          0 kB
Bounce:                0 kB
WritebackTmp:          0 kB
CommitLimit:     1479712 kB
Committed_AS:   65970700 kB
VmallocTotal:     319488 kB
VmallocUsed:       16488 kB
VmallocChunk:     179212 kB
Time pass: 201 sec

---2015-12-11 14:29:19
MemTotal:        1386568 kB
MemFree:           56168 kB
Buffers:           12920 kB
Cached:           572320 kB
SwapCached:        10516 kB
Active:           459904 kB
Inactive:         523380 kB
Active(anon):     171352 kB
Inactive(anon):   230600 kB
Active(file):     288552 kB
Inactive(file):   292780 kB
Unevictable:        3132 kB
Mlocked:               0 kB
HighTotal:        849920 kB
HighFree:          11804 kB
LowTotal:         536648 kB
LowFree:           44364 kB
SwapTotal:        786428 kB
SwapFree:         680660 kB
Dirty:                 8 kB
Writeback:             0 kB
AnonPages:        394696 kB
Mapped:           328232 kB
Shmem:               776 kB
Slab:              53400 kB
SReclaimable:      17388 kB
SUnreclaim:        36012 kB
KernelStack:       10792 kB
PageTables:        30376 kB
NFS_Unstable:          0 kB
Bounce:                0 kB
WritebackTmp:          0 kB
CommitLimit:     1479712 kB
Committed_AS:   65979204 kB
VmallocTotal:     319488 kB
VmallocUsed:       16352 kB
VmallocChunk:     179212 kB
Time pass: 205 sec

---2015-12-11 14:29:19
MemTotal:        1386568 kB
MemFree:           55280 kB
Buffers:           12928 kB
Cached:           572332 kB
SwapCached:        10516 kB
Active:           460276 kB
Inactive:         523364 kB
Active(anon):     171724 kB
Inactive(anon):   230576 kB
Active(file):     288552 kB
Inactive(file):   292788 kB
Unevictable:        3132 kB
Mlocked:               0 kB
HighTotal:        849920 kB
HighFree:          11184 kB
LowTotal:         536648 kB
LowFree:           44096 kB
SwapTotal:        786428 kB
SwapFree:         680660 kB
Dirty:                32 kB
Writeback:             0 kB
AnonPages:        395012 kB
Mapped:           328300 kB
Shmem:               788 kB
Slab:              53364 kB
SReclaimable:      17388 kB
SUnreclaim:        35976 kB
KernelStack:       10728 kB
PageTables:        30396 kB
NFS_Unstable:          0 kB
Bounce:                0 kB
WritebackTmp:          0 kB
CommitLimit:     1479712 kB
Committed_AS:   65979356 kB
VmallocTotal:     319488 kB
VmallocUsed:       16420 kB
VmallocChunk:     179212 kB
Time pass: 209 sec

---2015-12-11 14:29:19
MemTotal:        1386568 kB
MemFree:           55200 kB
Buffers:           12928 kB
Cached:           572332 kB
SwapCached:        10516 kB
Active:           460652 kB
Inactive:         523272 kB
Active(anon):     172096 kB
Inactive(anon):   230488 kB
Active(file):     288556 kB
Inactive(file):   292784 kB
Unevictable:        3132 kB
Mlocked:               0 kB
HighTotal:        849920 kB
HighFree:          11148 kB
LowTotal:         536648 kB
LowFree:           44052 kB
SwapTotal:        786428 kB
SwapFree:         680716 kB
Dirty:                36 kB
Writeback:             0 kB
AnonPages:        395192 kB
Mapped:           328296 kB
Shmem:               788 kB
Slab:              53156 kB
SReclaimable:      17388 kB
SUnreclaim:        35768 kB
KernelStack:       10728 kB
PageTables:        30400 kB
NFS_Unstable:          0 kB
Bounce:                0 kB
WritebackTmp:          0 kB
CommitLimit:     1479712 kB
Committed_AS:   65979588 kB
VmallocTotal:     319488 kB
VmallocUsed:       16420 kB
VmallocChunk:     179212 kB
Time pass: 213 sec

---2015-12-11 14:29:19
MemTotal:        1386568 kB
MemFree:           54172 kB
Buffers:           12936 kB
Cached:           572640 kB
SwapCached:        10508 kB
Active:           460624 kB
Inactive:         523548 kB
Active(anon):     172068 kB
Inactive(anon):   230756 kB
Active(file):     288556 kB
Inactive(file):   292792 kB
Unevictable:        3132 kB
Mlocked:               0 kB
HighTotal:        849920 kB
HighFree:          10336 kB
LowTotal:         536648 kB
LowFree:           43836 kB
SwapTotal:        786428 kB
SwapFree:         680732 kB
Dirty:                12 kB
Writeback:             0 kB
AnonPages:        395260 kB
Mapped:           328600 kB
Shmem:              1096 kB
Slab:              53452 kB
SReclaimable:      17388 kB
SUnreclaim:        36064 kB
KernelStack:       10768 kB
PageTables:        30400 kB
NFS_Unstable:          0 kB
Bounce:                0 kB
WritebackTmp:          0 kB
CommitLimit:     1479712 kB
Committed_AS:   65979676 kB
VmallocTotal:     319488 kB
VmallocUsed:       16420 kB
VmallocChunk:     179212 kB
Time pass: 217 sec

---2015-12-11 14:29:19
MemTotal:        1386568 kB
MemFree:           53268 kB
Buffers:           12936 kB
Cached:           572816 kB
SwapCached:        10508 kB
Active:           461088 kB
Inactive:         523756 kB
Active(anon):     172528 kB
Inactive(anon):   230964 kB
Active(file):     288560 kB
Inactive(file):   292792 kB
Unevictable:        3132 kB
Mlocked:               0 kB
HighTotal:        849920 kB
HighFree:           9672 kB
LowTotal:         536648 kB
LowFree:           43596 kB
SwapTotal:        786428 kB
SwapFree:         680760 kB
Dirty:                 8 kB
Writeback:             0 kB
AnonPages:        395608 kB
Mapped:           328872 kB
Shmem:              1268 kB
Slab:              53444 kB
SReclaimable:      17388 kB
SUnreclaim:        36056 kB
KernelStack:       10776 kB
PageTables:        30400 kB
NFS_Unstable:          0 kB
Bounce:                0 kB
WritebackTmp:          0 kB
CommitLimit:     1479712 kB
Committed_AS:   65979764 kB
VmallocTotal:     319488 kB
VmallocUsed:       16420 kB
VmallocChunk:     179212 kB
Time pass: 221 sec

---2015-12-11 14:29:19
MemTotal:        1386568 kB
MemFree:           52288 kB
Buffers:           12936 kB
Cached:           572892 kB
SwapCached:        10508 kB
Active:           461232 kB
Inactive:         523816 kB
Active(anon):     172672 kB
Inactive(anon):   231024 kB
Active(file):     288560 kB
Inactive(file):   292792 kB
Unevictable:        3132 kB
Mlocked:               0 kB
HighTotal:        849920 kB
HighFree:           9184 kB
LowTotal:         536648 kB
LowFree:           43104 kB
SwapTotal:        786428 kB
SwapFree:         680824 kB
Dirty:                 8 kB
Writeback:             0 kB
AnonPages:        395764 kB
Mapped:           328900 kB
Shmem:              1344 kB
Slab:              53440 kB
SReclaimable:      17388 kB
SUnreclaim:        36052 kB
KernelStack:       10768 kB
PageTables:        30396 kB
NFS_Unstable:          0 kB
Bounce:                0 kB
WritebackTmp:          0 kB
CommitLimit:     1479712 kB
Committed_AS:   65979964 kB
VmallocTotal:     319488 kB
VmallocUsed:       16488 kB
VmallocChunk:     179212 kB
Time pass: 224 sec

---2015-12-11 14:29:19
MemTotal:        1386568 kB
MemFree:           46552 kB
Buffers:           12960 kB
Cached:           572296 kB
SwapCached:        10508 kB
Active:           467440 kB
Inactive:         523028 kB
Active(anon):     178708 kB
Inactive(anon):   230380 kB
Active(file):     288732 kB
Inactive(file):   292648 kB
Unevictable:        3132 kB
Mlocked:               0 kB
HighTotal:        849920 kB
HighFree:           8696 kB
LowTotal:         536648 kB
LowFree:           37856 kB
SwapTotal:        786428 kB
SwapFree:         680832 kB
Dirty:                52 kB
Writeback:             0 kB
AnonPages:        401824 kB
Mapped:           328916 kB
Shmem:               744 kB
Slab:              53816 kB
SReclaimable:      17388 kB
SUnreclaim:        36428 kB
KernelStack:       10840 kB
PageTables:        30384 kB
NFS_Unstable:          0 kB
Bounce:                0 kB
WritebackTmp:          0 kB
CommitLimit:     1479712 kB
Committed_AS:   65992504 kB
VmallocTotal:     319488 kB
VmallocUsed:       16488 kB
VmallocChunk:     179212 kB
Time pass: 228 sec

---2015-12-11 14:29:19
MemTotal:        1386568 kB
MemFree:           56952 kB
Buffers:           13016 kB
Cached:           565752 kB
SwapCached:        10504 kB
Active:           469792 kB
Inactive:         514304 kB
Active(anon):     181084 kB
Inactive(anon):   228128 kB
Active(file):     288708 kB
Inactive(file):   286176 kB
Unevictable:        3132 kB
Mlocked:               0 kB
HighTotal:        849920 kB
HighFree:          14796 kB
LowTotal:         536648 kB
LowFree:           42156 kB
SwapTotal:        786428 kB
SwapFree:         678828 kB
Dirty:                48 kB
Writeback:             0 kB
AnonPages:        401920 kB
Mapped:           327932 kB
Shmem:               752 kB
Slab:              53536 kB
SReclaimable:      17384 kB
SUnreclaim:        36152 kB
KernelStack:       10832 kB
PageTables:        30384 kB
NFS_Unstable:          0 kB
Bounce:                0 kB
WritebackTmp:          0 kB
CommitLimit:     1479712 kB
Committed_AS:   66001228 kB
VmallocTotal:     319488 kB
VmallocUsed:       16488 kB
VmallocChunk:     179212 kB
Time pass: 233 sec

---2015-12-11 14:29:19
MemTotal:        1386568 kB
MemFree:           53980 kB
Buffers:           13040 kB
Cached:           565936 kB
SwapCached:        10504 kB
Active:           471036 kB
Inactive:         514512 kB
Active(anon):     182328 kB
Inactive(anon):   228152 kB
Active(file):     288708 kB
Inactive(file):   286360 kB
Unevictable:        3132 kB
Mlocked:               0 kB
HighTotal:        849920 kB
HighFree:          12980 kB
LowTotal:         536648 kB
LowFree:           41000 kB
SwapTotal:        786428 kB
SwapFree:         678828 kB
Dirty:                 0 kB
Writeback:             0 kB
AnonPages:        403092 kB
Mapped:           327780 kB
Shmem:               776 kB
Slab:              53536 kB
SReclaimable:      17360 kB
SUnreclaim:        36176 kB
KernelStack:       10832 kB
PageTables:        30444 kB
NFS_Unstable:          0 kB
Bounce:                0 kB
WritebackTmp:          0 kB
CommitLimit:     1479712 kB
Committed_AS:   66001292 kB
VmallocTotal:     319488 kB
VmallocUsed:       16420 kB
VmallocChunk:     179212 kB
Time pass: 236 sec

---2015-12-11 14:29:19
MemTotal:        1386568 kB
MemFree:           53832 kB
Buffers:           13048 kB
Cached:           566008 kB
SwapCached:        10504 kB
Active:           471632 kB
Inactive:         514592 kB
Active(anon):     182924 kB
Inactive(anon):   228232 kB
Active(file):     288708 kB
Inactive(file):   286360 kB
Unevictable:        3132 kB
Mlocked:               0 kB
HighTotal:        849920 kB
HighFree:          12100 kB
LowTotal:         536648 kB
LowFree:           41732 kB
SwapTotal:        786428 kB
SwapFree:         678828 kB
Dirty:                 0 kB
Writeback:             0 kB
AnonPages:        403812 kB
Mapped:           327864 kB
Shmem:               856 kB
Slab:              53556 kB
SReclaimable:      17360 kB
SUnreclaim:        36196 kB
KernelStack:       10760 kB
PageTables:        30448 kB
NFS_Unstable:          0 kB
Bounce:                0 kB
WritebackTmp:          0 kB
CommitLimit:     1479712 kB
Committed_AS:   66005420 kB
VmallocTotal:     319488 kB
VmallocUsed:       16420 kB
VmallocChunk:     179212 kB
Time pass: 240 sec

---2015-12-11 14:29:19
MemTotal:        1386568 kB
MemFree:           52848 kB
Buffers:           13064 kB
Cached:           566032 kB
SwapCached:        10504 kB
Active:           472132 kB
Inactive:         514632 kB
Active(anon):     183424 kB
Inactive(anon):   228248 kB
Active(file):     288708 kB
Inactive(file):   286384 kB
Unevictable:        3132 kB
Mlocked:               0 kB
HighTotal:        849920 kB
HighFree:          10724 kB
LowTotal:         536648 kB
LowFree:           42124 kB
SwapTotal:        786428 kB
SwapFree:         678828 kB
Dirty:                36 kB
Writeback:             0 kB
AnonPages:        404232 kB
Mapped:           327880 kB
Shmem:               872 kB
Slab:              53460 kB
SReclaimable:      17360 kB
SUnreclaim:        36100 kB
KernelStack:       10776 kB
PageTables:        30448 kB
NFS_Unstable:          0 kB
Bounce:                0 kB
WritebackTmp:          0 kB
CommitLimit:     1479712 kB
Committed_AS:   66005544 kB
VmallocTotal:     319488 kB
VmallocUsed:       16420 kB
VmallocChunk:     179212 kB
Time pass: 244 sec

---2015-12-11 14:29:19
MemTotal:        1386568 kB
MemFree:           52388 kB
Buffers:           13072 kB
Cached:           566032 kB
SwapCached:        10548 kB
Active:           472280 kB
Inactive:         514684 kB
Active(anon):     183572 kB
Inactive(anon):   228292 kB
Active(file):     288708 kB
Inactive(file):   286392 kB
Unevictable:        3132 kB
Mlocked:               0 kB
HighTotal:        849920 kB
HighFree:          10292 kB
LowTotal:         536648 kB
LowFree:           42096 kB
SwapTotal:        786428 kB
SwapFree:         678832 kB
Dirty:                28 kB
Writeback:             0 kB
AnonPages:        404456 kB
Mapped:           327884 kB
Shmem:               872 kB
Slab:              53524 kB
SReclaimable:      17360 kB
SUnreclaim:        36164 kB
KernelStack:       10760 kB
PageTables:        30448 kB
NFS_Unstable:          0 kB
Bounce:                0 kB
WritebackTmp:          0 kB
CommitLimit:     1479712 kB
Committed_AS:   66005756 kB
VmallocTotal:     319488 kB
VmallocUsed:       16420 kB
VmallocChunk:     179212 kB
Time pass: 248 sec

---2015-12-11 14:29:19
MemTotal:        1386568 kB
MemFree:           52212 kB
Buffers:           13088 kB
Cached:           566364 kB
SwapCached:        10548 kB
Active:           472020 kB
Inactive:         515032 kB
Active(anon):     183312 kB
Inactive(anon):   228292 kB
Active(file):     288708 kB
Inactive(file):   286740 kB
Unevictable:        3132 kB
Mlocked:               0 kB
HighTotal:        849920 kB
HighFree:          10264 kB
LowTotal:         536648 kB
LowFree:           41948 kB
SwapTotal:        786428 kB
SwapFree:         678832 kB
Dirty:                 0 kB
Writeback:             0 kB
AnonPages:        404212 kB
Mapped:           327852 kB
Shmem:               872 kB
Slab:              53552 kB
SReclaimable:      17360 kB
SUnreclaim:        36192 kB
KernelStack:       10752 kB
PageTables:        30428 kB
NFS_Unstable:          0 kB
Bounce:                0 kB
WritebackTmp:          0 kB
CommitLimit:     1479712 kB
Committed_AS:   66003588 kB
VmallocTotal:     319488 kB
VmallocUsed:       16420 kB
VmallocChunk:     179212 kB
Time pass: 252 sec

---2015-12-11 14:29:19
MemTotal:        1386568 kB
MemFree:           54108 kB
Buffers:           13096 kB
Cached:           566364 kB
SwapCached:        10544 kB
Active:           469776 kB
Inactive:         515040 kB
Active(anon):     181068 kB
Inactive(anon):   228292 kB
Active(file):     288708 kB
Inactive(file):   286748 kB
Unevictable:        3132 kB
Mlocked:               0 kB
HighTotal:        849920 kB
HighFree:          12068 kB
LowTotal:         536648 kB
LowFree:           42040 kB
SwapTotal:        786428 kB
SwapFree:         679032 kB
Dirty:                28 kB
Writeback:             0 kB
AnonPages:        401996 kB
Mapped:           327972 kB
Shmem:               872 kB
Slab:              53560 kB
SReclaimable:      17360 kB
SUnreclaim:        36200 kB
KernelStack:       10808 kB
PageTables:        30432 kB
NFS_Unstable:          0 kB
Bounce:                0 kB
WritebackTmp:          0 kB
CommitLimit:     1479712 kB
Committed_AS:   65995320 kB
VmallocTotal:     319488 kB
VmallocUsed:       16488 kB
VmallocChunk:     179212 kB
Time pass: 256 sec

---2015-12-11 14:29:19
MemTotal:        1386568 kB
MemFree:           54064 kB
Buffers:           13112 kB
Cached:           566364 kB
SwapCached:        10544 kB
Active:           470236 kB
Inactive:         515056 kB
Active(anon):     181528 kB
Inactive(anon):   228292 kB
Active(file):     288708 kB
Inactive(file):   286764 kB
Unevictable:        3132 kB
Mlocked:               0 kB
HighTotal:        849920 kB
HighFree:          11612 kB
LowTotal:         536648 kB
LowFree:           42452 kB
SwapTotal:        786428 kB
SwapFree:         679032 kB
Dirty:                44 kB
Writeback:             0 kB
AnonPages:        402416 kB
Mapped:           327976 kB
Shmem:               872 kB
Slab:              53424 kB
SReclaimable:      17360 kB
SUnreclaim:        36064 kB
KernelStack:       10800 kB
PageTables:        30432 kB
NFS_Unstable:          0 kB
Bounce:                0 kB
WritebackTmp:          0 kB
CommitLimit:     1479712 kB
Committed_AS:   65995400 kB
VmallocTotal:     319488 kB
VmallocUsed:       16488 kB
VmallocChunk:     179212 kB
Time pass: 260 sec

---2015-12-11 14:29:19
MemTotal:        1386568 kB
MemFree:           54184 kB
Buffers:           13128 kB
Cached:           566364 kB
SwapCached:        10544 kB
Active:           470404 kB
Inactive:         515068 kB
Active(anon):     181696 kB
Inactive(anon):   228280 kB
Active(file):     288708 kB
Inactive(file):   286788 kB
Unevictable:        3132 kB
Mlocked:               0 kB
HighTotal:        849920 kB
HighFree:          11668 kB
LowTotal:         536648 kB
LowFree:           42516 kB
SwapTotal:        786428 kB
SwapFree:         679044 kB
Dirty:                40 kB
Writeback:             0 kB
AnonPages:        402552 kB
Mapped:           327928 kB
Shmem:               872 kB
Slab:              53568 kB
SReclaimable:      17376 kB
SUnreclaim:        36192 kB
KernelStack:       10816 kB
PageTables:        30432 kB
NFS_Unstable:          0 kB
Bounce:                0 kB
WritebackTmp:          0 kB
CommitLimit:     1479712 kB
Committed_AS:   65995616 kB
VmallocTotal:     319488 kB
VmallocUsed:       16420 kB
VmallocChunk:     179212 kB
Time pass: 263 sec

---2015-12-11 14:29:19
MemTotal:        1386568 kB
MemFree:           52724 kB
Buffers:           13128 kB
Cached:           566364 kB
SwapCached:        10544 kB
Active:           470468 kB
Inactive:         515060 kB
Active(anon):     181760 kB
Inactive(anon):   228280 kB
Active(file):     288708 kB
Inactive(file):   286780 kB
Unevictable:        3132 kB
Mlocked:               0 kB
HighTotal:        849920 kB
HighFree:          10596 kB
LowTotal:         536648 kB
LowFree:           42128 kB
SwapTotal:        786428 kB
SwapFree:         679044 kB
Dirty:                40 kB
Writeback:             0 kB
AnonPages:        402580 kB
Mapped:           327980 kB
Shmem:               872 kB
Slab:              53664 kB
SReclaimable:      17376 kB
SUnreclaim:        36288 kB
KernelStack:       10800 kB
PageTables:        30432 kB
NFS_Unstable:          0 kB
Bounce:                0 kB
WritebackTmp:          0 kB
CommitLimit:     1479712 kB
Committed_AS:   65995720 kB
VmallocTotal:     319488 kB
VmallocUsed:       16488 kB
VmallocChunk:     179212 kB
Time pass: 267 sec

---2015-12-11 14:29:19
MemTotal:        1386568 kB
MemFree:           53928 kB
Buffers:           13152 kB
Cached:           566364 kB
SwapCached:        10544 kB
Active:           471032 kB
Inactive:         515080 kB
Active(anon):     182324 kB
Inactive(anon):   228276 kB
Active(file):     288708 kB
Inactive(file):   286804 kB
Unevictable:        3132 kB
Mlocked:               0 kB
HighTotal:        849920 kB
HighFree:          11384 kB
LowTotal:         536648 kB
LowFree:           42544 kB
SwapTotal:        786428 kB
SwapFree:         679044 kB
Dirty:                36 kB
Writeback:             0 kB
AnonPages:        403108 kB
Mapped:           327932 kB
Shmem:               872 kB
Slab:              53536 kB
SReclaimable:      17376 kB
SUnreclaim:        36160 kB
KernelStack:       10768 kB
PageTables:        30432 kB
NFS_Unstable:          0 kB
Bounce:                0 kB
WritebackTmp:          0 kB
CommitLimit:     1479712 kB
Committed_AS:   65995792 kB
VmallocTotal:     319488 kB
VmallocUsed:       16420 kB
VmallocChunk:     179212 kB
Time pass: 271 sec

---2015-12-11 14:29:19
MemTotal:        1386568 kB
MemFree:           53364 kB
Buffers:           13152 kB
Cached:           566372 kB
SwapCached:        10536 kB
Active:           471156 kB
Inactive:         515060 kB
Active(anon):     182448 kB
Inactive(anon):   228256 kB
Active(file):     288708 kB
Inactive(file):   286804 kB
Unevictable:        3132 kB
Mlocked:               0 kB
HighTotal:        849920 kB
HighFree:          10892 kB
LowTotal:         536648 kB
LowFree:           42472 kB
SwapTotal:        786428 kB
SwapFree:         679052 kB
Dirty:                 0 kB
Writeback:             0 kB
AnonPages:        403420 kB
Mapped:           327940 kB
Shmem:               880 kB
Slab:              53632 kB
SReclaimable:      17376 kB
SUnreclaim:        36256 kB
KernelStack:       10808 kB
PageTables:        30432 kB
NFS_Unstable:          0 kB
Bounce:                0 kB
WritebackTmp:          0 kB
CommitLimit:     1479712 kB
Committed_AS:   65995992 kB
VmallocTotal:     319488 kB
VmallocUsed:       16420 kB
VmallocChunk:     179212 kB
Time pass: 275 sec

---2015-12-11 14:29:19
MemTotal:        1386568 kB
MemFree:           52844 kB
Buffers:           13176 kB
Cached:           566372 kB
SwapCached:        10536 kB
Active:           471600 kB
Inactive:         515084 kB
Active(anon):     182892 kB
Inactive(anon):   228256 kB
Active(file):     288708 kB
Inactive(file):   286828 kB
Unevictable:        3132 kB
Mlocked:               0 kB
HighTotal:        849920 kB
HighFree:          10488 kB
LowTotal:         536648 kB
LowFree:           42356 kB
SwapTotal:        786428 kB
SwapFree:         679052 kB
Dirty:                36 kB
Writeback:             0 kB
AnonPages:        403768 kB
Mapped:           327940 kB
Shmem:               880 kB
Slab:              53600 kB
SReclaimable:      17376 kB
SUnreclaim:        36224 kB
KernelStack:       10840 kB
PageTables:        30432 kB
NFS_Unstable:          0 kB
Bounce:                0 kB
WritebackTmp:          0 kB
CommitLimit:     1479712 kB
Committed_AS:   65996112 kB
VmallocTotal:     319488 kB
VmallocUsed:       16420 kB
VmallocChunk:     179212 kB
Time pass: 279 sec

---2015-12-11 14:29:19
MemTotal:        1386568 kB
MemFree:           52400 kB
Buffers:           13184 kB
Cached:           566372 kB
SwapCached:        10536 kB
Active:           471532 kB
Inactive:         515092 kB
Active(anon):     182824 kB
Inactive(anon):   228256 kB
Active(file):     288708 kB
Inactive(file):   286836 kB
Unevictable:        3132 kB
Mlocked:               0 kB
HighTotal:        849920 kB
HighFree:          10332 kB
LowTotal:         536648 kB
LowFree:           42068 kB
SwapTotal:        786428 kB
SwapFree:         679052 kB
Dirty:                48 kB
Writeback:             0 kB
AnonPages:        403568 kB
Mapped:           327992 kB
Shmem:               880 kB
Slab:              53660 kB
SReclaimable:      17376 kB
SUnreclaim:        36284 kB
KernelStack:       10816 kB
PageTables:        30444 kB
NFS_Unstable:          0 kB
Bounce:                0 kB
WritebackTmp:          0 kB
CommitLimit:     1479712 kB
Committed_AS:   65996776 kB
VmallocTotal:     319488 kB
VmallocUsed:       16488 kB
VmallocChunk:     179212 kB
Time pass: 283 sec

---2015-12-11 14:29:19
MemTotal:        1386568 kB
MemFree:           52800 kB
Buffers:           13200 kB
Cached:           566384 kB
SwapCached:        10536 kB
Active:           471856 kB
Inactive:         515124 kB
Active(anon):     183148 kB
Inactive(anon):   228272 kB
Active(file):     288708 kB
Inactive(file):   286852 kB
Unevictable:        3132 kB
Mlocked:               0 kB
HighTotal:        849920 kB
HighFree:          10512 kB
LowTotal:         536648 kB
LowFree:           42288 kB
SwapTotal:        786428 kB
SwapFree:         679056 kB
Dirty:                60 kB
Writeback:             0 kB
AnonPages:        404036 kB
Mapped:           327956 kB
Shmem:               892 kB
Slab:              53648 kB
SReclaimable:      17392 kB
SUnreclaim:        36256 kB
KernelStack:       10784 kB
PageTables:        30440 kB
NFS_Unstable:          0 kB
Bounce:                0 kB
WritebackTmp:          0 kB
CommitLimit:     1479712 kB
Committed_AS:   65996864 kB
VmallocTotal:     319488 kB
VmallocUsed:       16420 kB
VmallocChunk:     179212 kB
Time pass: 287 sec

---2015-12-11 14:29:19
MemTotal:        1386568 kB
MemFree:           52640 kB
Buffers:           13200 kB
Cached:           566384 kB
SwapCached:        10536 kB
Active:           471696 kB
Inactive:         515124 kB
Active(anon):     182988 kB
Inactive(anon):   228272 kB
Active(file):     288708 kB
Inactive(file):   286852 kB
Unevictable:        3132 kB
Mlocked:               0 kB
HighTotal:        849920 kB
HighFree:          10388 kB
LowTotal:         536648 kB
LowFree:           42252 kB
SwapTotal:        786428 kB
SwapFree:         679056 kB
Dirty:                 0 kB
Writeback:             0 kB
AnonPages:        403808 kB
Mapped:           327956 kB
Shmem:               892 kB
Slab:              53712 kB
SReclaimable:      17392 kB
SUnreclaim:        36320 kB
KernelStack:       10768 kB
PageTables:        30440 kB
NFS_Unstable:          0 kB
Bounce:                0 kB
WritebackTmp:          0 kB
CommitLimit:     1479712 kB
Committed_AS:   65996944 kB
VmallocTotal:     319488 kB
VmallocUsed:       16420 kB
VmallocChunk:     179212 kB
Time pass: 291 sec

---2015-12-11 14:29:19
MemTotal:        1386568 kB
MemFree:           52608 kB
Buffers:           13224 kB
Cached:           566388 kB
SwapCached:        10536 kB
Active:           471968 kB
Inactive:         515152 kB
Active(anon):     183260 kB
Inactive(anon):   228276 kB
Active(file):     288708 kB
Inactive(file):   286876 kB
Unevictable:        3132 kB
Mlocked:               0 kB
HighTotal:        849920 kB
HighFree:          10308 kB
LowTotal:         536648 kB
LowFree:           42300 kB
SwapTotal:        786428 kB
SwapFree:         679056 kB
Dirty:                40 kB
Writeback:             0 kB
AnonPages:        404056 kB
Mapped:           327968 kB
Shmem:               896 kB
Slab:              53552 kB
SReclaimable:      17392 kB
SUnreclaim:        36160 kB
KernelStack:       10768 kB
PageTables:        30440 kB
NFS_Unstable:          0 kB
Bounce:                0 kB
WritebackTmp:          0 kB
CommitLimit:     1479712 kB
Committed_AS:   65997176 kB
VmallocTotal:     319488 kB
VmallocUsed:       16420 kB
VmallocChunk:     179212 kB
Time pass: 295 sec

---2015-12-11 14:29:19
MemTotal:        1386568 kB
MemFree:           52364 kB
Buffers:           13240 kB
Cached:           566440 kB
SwapCached:        10536 kB
Active:           471968 kB
Inactive:         515220 kB
Active(anon):     183260 kB
Inactive(anon):   228328 kB
Active(file):     288708 kB
Inactive(file):   286892 kB
Unevictable:        3132 kB
Mlocked:               0 kB
HighTotal:        849920 kB
HighFree:          10136 kB
LowTotal:         536648 kB
LowFree:           42228 kB
SwapTotal:        786428 kB
SwapFree:         679056 kB
Dirty:                40 kB
Writeback:             0 kB
AnonPages:        404156 kB
Mapped:           328068 kB
Shmem:               948 kB
Slab:              53680 kB
SReclaimable:      17392 kB
SUnreclaim:        36288 kB
KernelStack:       10776 kB
PageTables:        30440 kB
NFS_Unstable:          0 kB
Bounce:                0 kB
WritebackTmp:          0 kB
CommitLimit:     1479712 kB
Committed_AS:   65997148 kB
VmallocTotal:     319488 kB
VmallocUsed:       16488 kB
VmallocChunk:     179212 kB
Time pass: 299 sec

---2015-12-11 14:29:19
MemTotal:        1386568 kB
MemFree:           52312 kB
Buffers:           13240 kB
Cached:           566460 kB
SwapCached:        10536 kB
Active:           472528 kB
Inactive:         515212 kB
Active(anon):     183820 kB
Inactive(anon):   228320 kB
Active(file):     288708 kB
Inactive(file):   286892 kB
Unevictable:        3132 kB
Mlocked:               0 kB
HighTotal:        849920 kB
HighFree:          10104 kB
LowTotal:         536648 kB
LowFree:           42208 kB
SwapTotal:        786428 kB
SwapFree:         679056 kB
Dirty:                40 kB
Writeback:             0 kB
AnonPages:        404536 kB
Mapped:           328040 kB
Shmem:               968 kB
Slab:              53648 kB
SReclaimable:      17392 kB
SUnreclaim:        36256 kB
KernelStack:       10816 kB
PageTables:        30440 kB
NFS_Unstable:          0 kB
Bounce:                0 kB
WritebackTmp:          0 kB
CommitLimit:     1479712 kB
Committed_AS:   65997504 kB
VmallocTotal:     319488 kB
VmallocUsed:       16420 kB
VmallocChunk:     179212 kB
Time pass: 303 sec

---2015-12-11 14:29:19
MemTotal:        1386568 kB
MemFree:           51212 kB
Buffers:           13264 kB
Cached:           566488 kB
SwapCached:        10536 kB
Active:           472960 kB
Inactive:         515276 kB
Active(anon):     184252 kB
Inactive(anon):   228360 kB
Active(file):     288708 kB
Inactive(file):   286916 kB
Unevictable:        3132 kB
Mlocked:               0 kB
HighTotal:        849920 kB
HighFree:           9580 kB
LowTotal:         536648 kB
LowFree:           41632 kB
SwapTotal:        786428 kB
SwapFree:         679056 kB
Dirty:                40 kB
Writeback:             0 kB
AnonPages:        405068 kB
Mapped:           328068 kB
Shmem:               996 kB
Slab:              53552 kB
SReclaimable:      17392 kB
SUnreclaim:        36160 kB
KernelStack:       10776 kB
PageTables:        30440 kB
NFS_Unstable:          0 kB
Bounce:                0 kB
WritebackTmp:          0 kB
CommitLimit:     1479712 kB
Committed_AS:   65997568 kB
VmallocTotal:     319488 kB
VmallocUsed:       16420 kB
VmallocChunk:     179212 kB
Time pass: 307 sec

---2015-12-11 14:29:19
MemTotal:        1386568 kB
MemFree:           52180 kB
Buffers:           13264 kB
Cached:           566488 kB
SwapCached:        10536 kB
Active:           472768 kB
Inactive:         515276 kB
Active(anon):     184060 kB
Inactive(anon):   228360 kB
Active(file):     288708 kB
Inactive(file):   286916 kB
Unevictable:        3132 kB
Mlocked:               0 kB
HighTotal:        849920 kB
HighFree:          10344 kB
LowTotal:         536648 kB
LowFree:           41836 kB
SwapTotal:        786428 kB
SwapFree:         679056 kB
Dirty:                 0 kB
Writeback:             0 kB
AnonPages:        404876 kB
Mapped:           328068 kB
Shmem:               996 kB
Slab:              53616 kB
SReclaimable:      17392 kB
SUnreclaim:        36224 kB
KernelStack:       10776 kB
PageTables:        30440 kB
NFS_Unstable:          0 kB
Bounce:                0 kB
WritebackTmp:          0 kB
CommitLimit:     1479712 kB
Committed_AS:   65997648 kB
VmallocTotal:     319488 kB
VmallocUsed:       16420 kB
VmallocChunk:     179212 kB
Time pass: 311 sec

---2015-12-11 14:29:19
MemTotal:        1386568 kB
MemFree:           51332 kB
Buffers:           13288 kB
Cached:           566488 kB
SwapCached:        10536 kB
Active:           473060 kB
Inactive:         515296 kB
Active(anon):     184352 kB
Inactive(anon):   228356 kB
Active(file):     288708 kB
Inactive(file):   286940 kB
Unevictable:        3132 kB
Mlocked:               0 kB
HighTotal:        849920 kB
HighFree:           9608 kB
LowTotal:         536648 kB
LowFree:           41724 kB
SwapTotal:        786428 kB
SwapFree:         679060 kB
Dirty:                36 kB
Writeback:             0 kB
AnonPages:        405064 kB
Mapped:           328076 kB
Shmem:               996 kB
Slab:              53456 kB
SReclaimable:      17392 kB
SUnreclaim:        36064 kB
KernelStack:       10776 kB
PageTables:        30440 kB
NFS_Unstable:          0 kB
Bounce:                0 kB
WritebackTmp:          0 kB
CommitLimit:     1479712 kB
Committed_AS:   65997904 kB
VmallocTotal:     319488 kB
VmallocUsed:       16420 kB
VmallocChunk:     179212 kB
Time pass: 315 sec

---2015-12-11 14:29:19
MemTotal:        1386568 kB
MemFree:           50972 kB
Buffers:           13296 kB
Cached:           566480 kB
SwapCached:        10536 kB
Active:           473244 kB
Inactive:         515296 kB
Active(anon):     184536 kB
Inactive(anon):   228356 kB
Active(file):     288708 kB
Inactive(file):   286940 kB
Unevictable:        3132 kB
Mlocked:               0 kB
HighTotal:        849920 kB
HighFree:           9516 kB
LowTotal:         536648 kB
LowFree:           41456 kB
SwapTotal:        786428 kB
SwapFree:         679060 kB
Dirty:                 0 kB
Writeback:             0 kB
AnonPages:        405424 kB
Mapped:           327976 kB
Shmem:               996 kB
Slab:              53616 kB
SReclaimable:      17392 kB
SUnreclaim:        36224 kB
KernelStack:       10816 kB
PageTables:        30440 kB
NFS_Unstable:          0 kB
Bounce:                0 kB
WritebackTmp:          0 kB
CommitLimit:     1479712 kB
Committed_AS:   65997976 kB
VmallocTotal:     319488 kB
VmallocUsed:       16488 kB
VmallocChunk:     179212 kB
Time pass: 319 sec

---2015-12-11 14:29:19
MemTotal:        1386568 kB
MemFree:           50880 kB
Buffers:           13312 kB
Cached:           566556 kB
SwapCached:        10536 kB
Active:           473028 kB
Inactive:         515388 kB
Active(anon):     184320 kB
Inactive(anon):   228356 kB
Active(file):     288708 kB
Inactive(file):   287032 kB
Unevictable:        3132 kB
Mlocked:               0 kB
HighTotal:        849920 kB
HighFree:           9676 kB
LowTotal:         536648 kB
LowFree:           41204 kB
SwapTotal:        786428 kB
SwapFree:         679060 kB
Dirty:                36 kB
Writeback:             0 kB
AnonPages:        405140 kB
Mapped:           328092 kB
Shmem:               996 kB
Slab:              53684 kB
SReclaimable:      17392 kB
SUnreclaim:        36292 kB
KernelStack:       10800 kB
PageTables:        30424 kB
NFS_Unstable:          0 kB
Bounce:                0 kB
WritebackTmp:          0 kB
CommitLimit:     1479712 kB
Committed_AS:   65995660 kB
VmallocTotal:     319488 kB
VmallocUsed:       16488 kB
VmallocChunk:     179212 kB
Time pass: 323 sec

---2015-12-11 14:29:19
MemTotal:        1386568 kB
MemFree:           50256 kB
Buffers:           13328 kB
Cached:           566540 kB
SwapCached:        10536 kB
Active:           473276 kB
Inactive:         515388 kB
Active(anon):     184568 kB
Inactive(anon):   228356 kB
Active(file):     288708 kB
Inactive(file):   287032 kB
Unevictable:        3132 kB
Mlocked:               0 kB
HighTotal:        849920 kB
HighFree:           9296 kB
LowTotal:         536648 kB
LowFree:           40960 kB
SwapTotal:        786428 kB
SwapFree:         679060 kB
Dirty:                 0 kB
Writeback:             0 kB
AnonPages:        405440 kB
Mapped:           328148 kB
Shmem:               996 kB
Slab:              53556 kB
SReclaimable:      17392 kB
SUnreclaim:        36164 kB
KernelStack:       10824 kB
PageTables:        30444 kB
NFS_Unstable:          0 kB
Bounce:                0 kB
WritebackTmp:          0 kB
CommitLimit:     1479712 kB
Committed_AS:   65995744 kB
VmallocTotal:     319488 kB
VmallocUsed:       16488 kB
VmallocChunk:     179212 kB
Time pass: 327 sec

---2015-12-11 14:29:19
MemTotal:        1386568 kB
MemFree:           53112 kB
Buffers:           13328 kB
Cached:           566992 kB
SwapCached:        10536 kB
Active:           471328 kB
Inactive:         515840 kB
Active(anon):     182620 kB
Inactive(anon):   228356 kB
Active(file):     288708 kB
Inactive(file):   287484 kB
Unevictable:        3132 kB
Mlocked:               0 kB
HighTotal:        849920 kB
HighFree:          11716 kB
LowTotal:         536648 kB
LowFree:           41396 kB
SwapTotal:        786428 kB
SwapFree:         679060 kB
Dirty:                40 kB
Writeback:             0 kB
AnonPages:        403492 kB
Mapped:           328108 kB
Shmem:               996 kB
Slab:              53656 kB
SReclaimable:      17396 kB
SUnreclaim:        36260 kB
KernelStack:       10808 kB
PageTables:        30424 kB
NFS_Unstable:          0 kB
Bounce:                0 kB
WritebackTmp:          0 kB
CommitLimit:     1479712 kB
Committed_AS:   65995808 kB
VmallocTotal:     319488 kB
VmallocUsed:       16420 kB
VmallocChunk:     179212 kB
Time pass: 331 sec

---2015-12-11 14:29:19
MemTotal:        1386568 kB
MemFree:           53448 kB
Buffers:           13352 kB
Cached:           566992 kB
SwapCached:        10536 kB
Active:           471220 kB
Inactive:         515864 kB
Active(anon):     182512 kB
Inactive(anon):   228356 kB
Active(file):     288708 kB
Inactive(file):   287508 kB
Unevictable:        3132 kB
Mlocked:               0 kB
HighTotal:        849920 kB
HighFree:          11512 kB
LowTotal:         536648 kB
LowFree:           41936 kB
SwapTotal:        786428 kB
SwapFree:         679060 kB
Dirty:                40 kB
Writeback:             0 kB
AnonPages:        403376 kB
Mapped:           328164 kB
Shmem:               996 kB
Slab:              53592 kB
SReclaimable:      17396 kB
SUnreclaim:        36196 kB
KernelStack:       10816 kB
PageTables:        30444 kB
NFS_Unstable:          0 kB
Bounce:                0 kB
WritebackTmp:          0 kB
CommitLimit:     1479712 kB
Committed_AS:   65996056 kB
VmallocTotal:     319488 kB
VmallocUsed:       16352 kB
VmallocChunk:     179212 kB
Time pass: 335 sec

---2015-12-11 14:29:19
MemTotal:        1386568 kB
MemFree:           52588 kB
Buffers:           13352 kB
Cached:           566992 kB
SwapCached:        10536 kB
Active:           471196 kB
Inactive:         515864 kB
Active(anon):     182488 kB
Inactive(anon):   228356 kB
Active(file):     288708 kB
Inactive(file):   287508 kB
Unevictable:        3132 kB
Mlocked:               0 kB
HighTotal:        849920 kB
HighFree:          10708 kB
LowTotal:         536648 kB
LowFree:           41880 kB
SwapTotal:        786428 kB
SwapFree:         679072 kB
Dirty:                 0 kB
Writeback:             0 kB
AnonPages:        403376 kB
Mapped:           328216 kB
Shmem:               996 kB
Slab:              53720 kB
SReclaimable:      17396 kB
SUnreclaim:        36324 kB
KernelStack:       10768 kB
PageTables:        30448 kB
NFS_Unstable:          0 kB
Bounce:                0 kB
WritebackTmp:          0 kB
CommitLimit:     1479712 kB
Committed_AS:   65996136 kB
VmallocTotal:     319488 kB
VmallocUsed:       16488 kB
VmallocChunk:     179212 kB
Time pass: 339 sec

---2015-12-11 14:29:19
MemTotal:        1386568 kB
MemFree:           52448 kB
Buffers:           13376 kB
Cached:           566992 kB
SwapCached:        10536 kB
Active:           471468 kB
Inactive:         515880 kB
Active(anon):     182760 kB
Inactive(anon):   228348 kB
Active(file):     288708 kB
Inactive(file):   287532 kB
Unevictable:        3132 kB
Mlocked:               0 kB
HighTotal:        849920 kB
HighFree:          10564 kB
LowTotal:         536648 kB
LowFree:           41884 kB
SwapTotal:        786428 kB
SwapFree:         679072 kB
Dirty:                40 kB
Writeback:             0 kB
AnonPages:        403536 kB
Mapped:           328168 kB
Shmem:               996 kB
Slab:              53624 kB
SReclaimable:      17396 kB
SUnreclaim:        36228 kB
KernelStack:       10760 kB
PageTables:        30440 kB
NFS_Unstable:          0 kB
Bounce:                0 kB
WritebackTmp:          0 kB
CommitLimit:     1479712 kB
Committed_AS:   65996344 kB
VmallocTotal:     319488 kB
VmallocUsed:       16420 kB
VmallocChunk:     179212 kB
Time pass: 343 sec

---2015-12-11 14:29:19
MemTotal:        1386568 kB
MemFree:           53256 kB
Buffers:           13376 kB
Cached:           566992 kB
SwapCached:        10536 kB
Active:           470976 kB
Inactive:         515868 kB
Active(anon):     182268 kB
Inactive(anon):   228336 kB
Active(file):     288708 kB
Inactive(file):   287532 kB
Unevictable:        3132 kB
Mlocked:               0 kB
HighTotal:        849920 kB
HighFree:          10952 kB
LowTotal:         536648 kB
LowFree:           42304 kB
SwapTotal:        786428 kB
SwapFree:         679072 kB
Dirty:                 0 kB
Writeback:             0 kB
AnonPages:        403164 kB
Mapped:           328168 kB
Shmem:               996 kB
Slab:              53624 kB
SReclaimable:      17396 kB
SUnreclaim:        36228 kB
KernelStack:       10760 kB
PageTables:        30440 kB
NFS_Unstable:          0 kB
Bounce:                0 kB
WritebackTmp:          0 kB
CommitLimit:     1479712 kB
Committed_AS:   65996440 kB
VmallocTotal:     319488 kB
VmallocUsed:       16420 kB
VmallocChunk:     179212 kB
Time pass: 347 sec

---2015-12-11 14:29:19
MemTotal:        1386568 kB
MemFree:           52948 kB
Buffers:           13400 kB
Cached:           566996 kB
SwapCached:        10536 kB
Active:           470880 kB
Inactive:         515892 kB
Active(anon):     182172 kB
Inactive(anon):   228336 kB
Active(file):     288708 kB
Inactive(file):   287556 kB
Unevictable:        3132 kB
Mlocked:               0 kB
HighTotal:        849920 kB
HighFree:          10972 kB
LowTotal:         536648 kB
LowFree:           41976 kB
SwapTotal:        786428 kB
SwapFree:         679076 kB
Dirty:                36 kB
Writeback:             0 kB
AnonPages:        403008 kB
Mapped:           328172 kB
Shmem:              1000 kB
Slab:              53688 kB
SReclaimable:      17396 kB
SUnreclaim:        36292 kB
KernelStack:       10800 kB
PageTables:        30440 kB
NFS_Unstable:          0 kB
Bounce:                0 kB
WritebackTmp:          0 kB
CommitLimit:     1479712 kB
Committed_AS:   65996528 kB
VmallocTotal:     319488 kB
VmallocUsed:       16420 kB
VmallocChunk:     179212 kB
Time pass: 351 sec

---2015-12-11 14:29:19
MemTotal:        1386568 kB
MemFree:           51936 kB
Buffers:           13400 kB
Cached:           567216 kB
SwapCached:        10536 kB
Active:           472040 kB
Inactive:         516048 kB
Active(anon):     183332 kB
Inactive(anon):   228492 kB
Active(file):     288708 kB
Inactive(file):   287556 kB
Unevictable:        3132 kB
Mlocked:               0 kB
HighTotal:        849920 kB
HighFree:           9676 kB
LowTotal:         536648 kB
LowFree:           42260 kB
SwapTotal:        786428 kB
SwapFree:         679076 kB
Dirty:                 0 kB
Writeback:             0 kB
AnonPages:        404084 kB
Mapped:           328292 kB
