---2015-12-11 14:29:19
MemTotal:        2582696 kB
MemFree:          120536 kB
Buffers:           14356 kB
Cached:          1194344 kB
SwapCached:            0 kB
Active:          1121360 kB
Inactive:         868816 kB
Active(anon):     624304 kB
Inactive(anon):   162308 kB
Active(file):     497056 kB
Inactive(file):   706508 kB
Unevictable:        2988 kB
Mlocked:               0 kB
SwapTotal:        524284 kB
SwapFree:         524284 kB
Dirty:               164 kB
Writeback:             0 kB
AnonPages:        784520 kB
Mapped:           436188 kB
Shmem:              2136 kB
Slab:             103316 kB
SReclaimable:      31788 kB
SUnreclaim:        71528 kB
KernelStack:       39120 kB
PageTables:        40276 kB
NFS_Unstable:          0 kB
Bounce:                0 kB
WritebackTmp:          0 kB
CommitLimit:     1815632 kB
Committed_AS:   115992956 kB
VmallocTotal:   251658176 kB
VmallocUsed:      120332 kB
VmallocChunk:   251437476 kB
Time pass: 3 sec

---2015-12-11 14:29:19
MemTotal:        2582696 kB
MemFree:          119764 kB
Buffers:           14356 kB
Cached:          1194360 kB
SwapCached:            0 kB
Active:          1122968 kB
Inactive:         868808 kB
Active(anon):     625888 kB
Inactive(anon):   162308 kB
Active(file):     497080 kB
Inactive(file):   706500 kB
Unevictable:        2988 kB
Mlocked:               0 kB
SwapTotal:        524284 kB
SwapFree:         524284 kB
Dirty:               164 kB
Writeback:             0 kB
AnonPages:        786084 kB
Mapped:           436288 kB
Shmem:              2136 kB
Slab:             103276 kB
SReclaimable:      31788 kB
SUnreclaim:        71488 kB
KernelStack:       39120 kB
PageTables:        40280 kB
NFS_Unstable:          0 kB
Bounce:                0 kB
WritebackTmp:          0 kB
CommitLimit:     1815632 kB
Committed_AS:   115992972 kB
VmallocTotal:   251658176 kB
VmallocUsed:      120332 kB
VmallocChunk:   251437476 kB
Time pass: 7 sec

---2015-12-11 14:29:19
MemTotal:        2582696 kB
MemFree:          119600 kB
Buffers:           14356 kB
Cached:          1194360 kB
SwapCached:            0 kB
Active:          1123176 kB
Inactive:         868784 kB
Active(anon):     626072 kB
Inactive(anon):   162308 kB
Active(file):     497104 kB
Inactive(file):   706476 kB
Unevictable:        2988 kB
Mlocked:               0 kB
SwapTotal:        524284 kB
SwapFree:         524284 kB
Dirty:               164 kB
Writeback:             0 kB
AnonPages:        786116 kB
Mapped:           436280 kB
Shmem:              2136 kB
Slab:             103296 kB
SReclaimable:      31788 kB
SUnreclaim:        71508 kB
KernelStack:       39120 kB
PageTables:        40304 kB
NFS_Unstable:          0 kB
Bounce:                0 kB
WritebackTmp:          0 kB
CommitLimit:     1815632 kB
Committed_AS:   115992956 kB
VmallocTotal:   251658176 kB
VmallocUsed:      120332 kB
VmallocChunk:   251437476 kB
Time pass: 11 sec

---2015-12-11 14:29:19
MemTotal:        2582696 kB
MemFree:          119424 kB
Buffers:           14356 kB
Cached:          1194360 kB
SwapCached:            0 kB
Active:          1123192 kB
Inactive:         868784 kB
Active(anon):     626088 kB
Inactive(anon):   162308 kB
Active(file):     497104 kB
Inactive(file):   706476 kB
Unevictable:        2988 kB
Mlocked:               0 kB
SwapTotal:        524284 kB
SwapFree:         524284 kB
Dirty:               164 kB
Writeback:             0 kB
AnonPages:        786232 kB
Mapped:           436280 kB
Shmem:              2136 kB
Slab:             103248 kB
SReclaimable:      31788 kB
SUnreclaim:        71460 kB
KernelStack:       39104 kB
PageTables:        40304 kB
NFS_Unstable:          0 kB
Bounce:                0 kB
WritebackTmp:          0 kB
CommitLimit:     1815632 kB
Committed_AS:   115992956 kB
VmallocTotal:   251658176 kB
VmallocUsed:      120332 kB
VmallocChunk:   251437476 kB
Time pass: 15 sec

---2015-12-11 14:29:19
MemTotal:        2582696 kB
MemFree:          116660 kB
Buffers:           14356 kB
Cached:          1194736 kB
SwapCached:            0 kB
Active:          1126248 kB
Inactive:         869172 kB
Active(anon):     629144 kB
Inactive(anon):   162308 kB
Active(file):     497104 kB
Inactive(file):   706864 kB
Unevictable:        2988 kB
Mlocked:               0 kB
SwapTotal:        524284 kB
SwapFree:         524284 kB
Dirty:               164 kB
Writeback:             0 kB
AnonPages:        789644 kB
Mapped:           436228 kB
Shmem:              2136 kB
Slab:             103424 kB
SReclaimable:      31788 kB
SUnreclaim:        71636 kB
KernelStack:       39120 kB
PageTables:        40316 kB
NFS_Unstable:          0 kB
Bounce:                0 kB
WritebackTmp:          0 kB
CommitLimit:     1815632 kB
Committed_AS:   118322504 kB
VmallocTotal:   251658176 kB
VmallocUsed:      120332 kB
VmallocChunk:   251437476 kB
Time pass: 19 sec

---2015-12-11 14:29:19
MemTotal:        2582696 kB
MemFree:          109268 kB
Buffers:           11128 kB
Cached:          1029004 kB
SwapCached:            0 kB
Active:          1192812 kB
Inactive:         686368 kB
Active(anon):     675532 kB
Inactive(anon):   170028 kB
Active(file):     517280 kB
Inactive(file):   516340 kB
Unevictable:        3916 kB
Mlocked:               0 kB
SwapTotal:        524284 kB
SwapFree:         524284 kB
Dirty:              1152 kB
Writeback:             0 kB
AnonPages:        843128 kB
Mapped:           459284 kB
Shmem:              2572 kB
Slab:             103940 kB
SReclaimable:      31868 kB
SUnreclaim:        72072 kB
KernelStack:       40288 kB
PageTables:        41392 kB
NFS_Unstable:          0 kB
Bounce:                0 kB
WritebackTmp:          0 kB
CommitLimit:     1815632 kB
Committed_AS:   117319568 kB
VmallocTotal:   251658176 kB
VmallocUsed:      121976 kB
VmallocChunk:   251437476 kB
Time pass: 22 sec

---2015-12-11 14:29:19
MemTotal:        2582696 kB
MemFree:          133804 kB
Buffers:            9376 kB
Cached:           986504 kB
SwapCached:            0 kB
Active:          1150948 kB
Inactive:         667408 kB
Active(anon):     655720 kB
Inactive(anon):   172188 kB
Active(file):     495228 kB
Inactive(file):   495220 kB
Unevictable:        3916 kB
Mlocked:               0 kB
SwapTotal:        524284 kB
SwapFree:         523760 kB
Dirty:               660 kB
Writeback:             0 kB
AnonPages:        826420 kB
Mapped:           489752 kB
Shmem:              1516 kB
Slab:             103816 kB
SReclaimable:      31996 kB
SUnreclaim:        71820 kB
KernelStack:       40288 kB
PageTables:        41520 kB
NFS_Unstable:          0 kB
Bounce:                0 kB
WritebackTmp:          0 kB
CommitLimit:     1815632 kB
Committed_AS:   117315728 kB
VmallocTotal:   251658176 kB
VmallocUsed:      122544 kB
VmallocChunk:   251437476 kB
Time pass: 26 sec

---2015-12-11 14:29:19
MemTotal:        2582696 kB
MemFree:          137436 kB
Buffers:            9376 kB
Cached:           987648 kB
SwapCached:            0 kB
Active:          1147736 kB
Inactive:         668244 kB
Active(anon):     652228 kB
Inactive(anon):   172188 kB
Active(file):     495508 kB
Inactive(file):   496056 kB
Unevictable:        3916 kB
Mlocked:               0 kB
SwapTotal:        524284 kB
SwapFree:         523760 kB
Dirty:               816 kB
Writeback:             0 kB
AnonPages:        823180 kB
Mapped:           489828 kB
Shmem:              1516 kB
Slab:             103980 kB
SReclaimable:      32100 kB
SUnreclaim:        71880 kB
KernelStack:       40336 kB
PageTables:        41564 kB
NFS_Unstable:          0 kB
Bounce:                0 kB
WritebackTmp:          0 kB
CommitLimit:     1815632 kB
Committed_AS:   117305560 kB
VmallocTotal:   251658176 kB
VmallocUsed:      122544 kB
VmallocChunk:   251437476 kB
Time pass: 30 sec

---2015-12-11 14:29:19
MemTotal:        2582696 kB
MemFree:          138188 kB
Buffers:            9376 kB
Cached:           987436 kB
SwapCached:            0 kB
Active:          1146380 kB
Inactive:         668248 kB
Active(anon):     651068 kB
Inactive(anon):   172164 kB
Active(file):     495312 kB
Inactive(file):   496084 kB
Unevictable:        3916 kB
Mlocked:               0 kB
SwapTotal:        524284 kB
SwapFree:         523760 kB
Dirty:               372 kB
Writeback:             0 kB
AnonPages:        821768 kB
Mapped:           489972 kB
Shmem:              1496 kB
Slab:             104132 kB
SReclaimable:      32100 kB
SUnreclaim:        72032 kB
KernelStack:       40288 kB
PageTables:        41508 kB
NFS_Unstable:          0 kB
Bounce:                0 kB
WritebackTmp:          0 kB
CommitLimit:     1815632 kB
Committed_AS:   117305520 kB
VmallocTotal:   251658176 kB
VmallocUsed:      122544 kB
VmallocChunk:   251437476 kB
Time pass: 34 sec

---2015-12-11 14:29:19
MemTotal:        2582696 kB
MemFree:          140508 kB
Buffers:            9376 kB
Cached:           988672 kB
SwapCached:            0 kB
Active:          1145036 kB
Inactive:         669440 kB
Active(anon):     649684 kB
Inactive(anon):   172160 kB
Active(file):     495352 kB
Inactive(file):   497280 kB
Unevictable:        3916 kB
Mlocked:               0 kB
SwapTotal:        524284 kB
SwapFree:         523760 kB
Dirty:              1140 kB
Writeback:             0 kB
AnonPages:        820392 kB
Mapped:           492980 kB
Shmem:              1496 kB
Slab:             103988 kB
SReclaimable:      32100 kB
SUnreclaim:        71888 kB
KernelStack:       40320 kB
PageTables:        41520 kB
NFS_Unstable:          0 kB
Bounce:                0 kB
WritebackTmp:          0 kB
CommitLimit:     1815632 kB
Committed_AS:   117305512 kB
VmallocTotal:   251658176 kB
VmallocUsed:      122544 kB
VmallocChunk:   251437476 kB
Time pass: 38 sec

---2015-12-11 14:29:19
MemTotal:        2582696 kB
MemFree:          113900 kB
Buffers:            7572 kB
Cached:           936580 kB
SwapCached:            0 kB
Active:          1129032 kB
Inactive:         641236 kB
Active(anon):     659872 kB
Inactive(anon):   171656 kB
Active(file):     469160 kB
Inactive(file):   469580 kB
Unevictable:        3916 kB
Mlocked:               0 kB
SwapTotal:        524284 kB
SwapFree:         523484 kB
Dirty:               400 kB
Writeback:             0 kB
AnonPages:        829936 kB
Mapped:           495192 kB
Shmem:              1496 kB
Slab:             103820 kB
SReclaimable:      31936 kB
SUnreclaim:        71884 kB
KernelStack:       40432 kB
PageTables:        41820 kB
NFS_Unstable:          0 kB
Bounce:                0 kB
WritebackTmp:          0 kB
CommitLimit:     1815632 kB
Committed_AS:   117306472 kB
VmallocTotal:   251658176 kB
VmallocUsed:      122652 kB
VmallocChunk:   251437476 kB
Time pass: 41 sec

---2015-12-11 14:29:19
MemTotal:        2582696 kB
MemFree:          112516 kB
Buffers:            7572 kB
Cached:           936720 kB
SwapCached:            0 kB
Active:          1130180 kB
Inactive:         641332 kB
Active(anon):     661000 kB
Inactive(anon):   171656 kB
Active(file):     469180 kB
Inactive(file):   469676 kB
Unevictable:        3916 kB
Mlocked:               0 kB
SwapTotal:        524284 kB
SwapFree:         523484 kB
Dirty:               548 kB
Writeback:             0 kB
AnonPages:        831128 kB
Mapped:           495292 kB
Shmem:              1496 kB
Slab:             103852 kB
SReclaimable:      31936 kB
SUnreclaim:        71916 kB
KernelStack:       40400 kB
PageTables:        41824 kB
NFS_Unstable:          0 kB
Bounce:                0 kB
WritebackTmp:          0 kB
CommitLimit:     1815632 kB
Committed_AS:   117306440 kB
VmallocTotal:   251658176 kB
VmallocUsed:      122652 kB
VmallocChunk:   251437476 kB
Time pass: 45 sec

---2015-12-11 14:29:19
MemTotal:        2582696 kB
MemFree:          110824 kB
Buffers:            5680 kB
Cached:           895488 kB
SwapCached:            0 kB
Active:          1132716 kB
Inactive:         619340 kB
Active(anon):     684792 kB
Inactive(anon):   171484 kB
Active(file):     447924 kB
Inactive(file):   447856 kB
Unevictable:        3916 kB
Mlocked:               0 kB
SwapTotal:        524284 kB
SwapFree:         523168 kB
Dirty:              1392 kB
Writeback:             4 kB
AnonPages:        854912 kB
Mapped:           529724 kB
Shmem:              1496 kB
Slab:             100556 kB
SReclaimable:      28716 kB
SUnreclaim:        71840 kB
KernelStack:       40608 kB
PageTables:        41684 kB
NFS_Unstable:          0 kB
Bounce:                0 kB
WritebackTmp:          0 kB
CommitLimit:     1815632 kB
Committed_AS:   117323044 kB
VmallocTotal:   251658176 kB
VmallocUsed:      122884 kB
VmallocChunk:   251437476 kB
Time pass: 49 sec

---2015-12-11 14:29:19
MemTotal:        2582696 kB
MemFree:          110640 kB
Buffers:            5680 kB
Cached:           890964 kB
SwapCached:            0 kB
Active:          1123268 kB
Inactive:         616904 kB
Active(anon):     677724 kB
Inactive(anon):   171324 kB
Active(file):     445544 kB
Inactive(file):   445580 kB
Unevictable:        3916 kB
Mlocked:               0 kB
SwapTotal:        524284 kB
SwapFree:         523056 kB
Dirty:              1212 kB
Writeback:             0 kB
AnonPages:        847520 kB
Mapped:           537852 kB
Shmem:              1496 kB
Slab:             103584 kB
SReclaimable:      31800 kB
SUnreclaim:        71784 kB
KernelStack:       40496 kB
PageTables:        41772 kB
NFS_Unstable:          0 kB
Bounce:                0 kB
WritebackTmp:          0 kB
CommitLimit:     1815632 kB
Committed_AS:   117323080 kB
VmallocTotal:   251658176 kB
VmallocUsed:      122956 kB
VmallocChunk:   251437476 kB
Time pass: 53 sec

---2015-12-11 14:29:19
MemTotal:        2582696 kB
MemFree:          113940 kB
Buffers:            5680 kB
Cached:           887488 kB
SwapCached:            0 kB
Active:          1121340 kB
Inactive:         615116 kB
Active(anon):     677484 kB
Inactive(anon):   171260 kB
Active(file):     443856 kB
Inactive(file):   443856 kB
Unevictable:        3916 kB
Mlocked:               0 kB
SwapTotal:        524284 kB
SwapFree:         523008 kB
Dirty:               608 kB
Writeback:             0 kB
AnonPages:        847284 kB
Mapped:           537476 kB
Shmem:              1496 kB
Slab:             103540 kB
SReclaimable:      31608 kB
SUnreclaim:        71932 kB
KernelStack:       40496 kB
PageTables:        41800 kB
NFS_Unstable:          0 kB
Bounce:                0 kB
WritebackTmp:          0 kB
CommitLimit:     1815632 kB
Committed_AS:   117323096 kB
VmallocTotal:   251658176 kB
VmallocUsed:      122956 kB
VmallocChunk:   251437476 kB
Time pass: 57 sec

---2015-12-11 14:29:19
MemTotal:        2582696 kB
MemFree:          115940 kB
Buffers:            5680 kB
Cached:           877860 kB
SwapCached:            0 kB
Active:          1118800 kB
Inactive:         610336 kB
Active(anon):     679860 kB
Inactive(anon):   171260 kB
Active(file):     438940 kB
Inactive(file):   439076 kB
Unevictable:        3916 kB
Mlocked:               0 kB
SwapTotal:        524284 kB
SwapFree:         522996 kB
Dirty:               860 kB
Writeback:             0 kB
AnonPages:        849408 kB
Mapped:           538620 kB
Shmem:              1496 kB
Slab:             103576 kB
SReclaimable:      31756 kB
SUnreclaim:        71820 kB
KernelStack:       40496 kB
PageTables:        41772 kB
NFS_Unstable:          0 kB
Bounce:                0 kB
WritebackTmp:          0 kB
CommitLimit:     1815632 kB
Committed_AS:   117323088 kB
VmallocTotal:   251658176 kB
VmallocUsed:      122980 kB
VmallocChunk:   251437476 kB
Time pass: 61 sec

---2015-12-11 14:29:19
MemTotal:        2582696 kB
MemFree:          116192 kB
Buffers:            5680 kB
Cached:           877500 kB
SwapCached:            0 kB
Active:          1118448 kB
Inactive:         610244 kB
Active(anon):     679676 kB
Inactive(anon):   171248 kB
Active(file):     438772 kB
Inactive(file):   438996 kB
Unevictable:        3916 kB
Mlocked:               0 kB
SwapTotal:        524284 kB
SwapFree:         522996 kB
Dirty:               636 kB
Writeback:             0 kB
AnonPages:        849432 kB
Mapped:           538624 kB
Shmem:              1496 kB
Slab:             103500 kB
SReclaimable:      31696 kB
SUnreclaim:        71804 kB
KernelStack:       40496 kB
PageTables:        41780 kB
NFS_Unstable:          0 kB
Bounce:                0 kB
WritebackTmp:          0 kB
CommitLimit:     1815632 kB
Committed_AS:   117323208 kB
VmallocTotal:   251658176 kB
VmallocUsed:      122980 kB
VmallocChunk:   251437476 kB
Time pass: 65 sec

---2015-12-11 14:29:19
MemTotal:        2582696 kB
MemFree:          114896 kB
Buffers:            5680 kB
Cached:           858628 kB
SwapCached:            0 kB
Active:          1112272 kB
Inactive:         602928 kB
Active(anon):     682948 kB
Inactive(anon):   173516 kB
Active(file):     429324 kB
Inactive(file):   429412 kB
Unevictable:        3916 kB
Mlocked:               0 kB
SwapTotal:        524284 kB
SwapFree:         522624 kB
Dirty:              1228 kB
Writeback:             0 kB
AnonPages:        855016 kB
Mapped:           546620 kB
Shmem:              1496 kB
Slab:             103820 kB
SReclaimable:      31904 kB
SUnreclaim:        71916 kB
KernelStack:       40512 kB
PageTables:        41708 kB
NFS_Unstable:          0 kB
Bounce:                0 kB
WritebackTmp:          0 kB
CommitLimit:     1815632 kB
Committed_AS:   117331644 kB
VmallocTotal:   251658176 kB
VmallocUsed:      138960 kB
VmallocChunk:   251390908 kB
Time pass: 69 sec

---2015-12-11 14:29:19
MemTotal:        2582696 kB
MemFree:          109504 kB
Buffers:            5308 kB
Cached:           861728 kB
SwapCached:            0 kB
Active:          1120548 kB
Inactive:         606116 kB
Active(anon):     691444 kB
Inactive(anon):   173616 kB
Active(file):     429104 kB
Inactive(file):   432500 kB
Unevictable:        3916 kB
Mlocked:               0 kB
SwapTotal:        524284 kB
SwapFree:         522620 kB
Dirty:              1508 kB
Writeback:             0 kB
AnonPages:        863668 kB
Mapped:           550272 kB
Shmem:              1496 kB
Slab:             101520 kB
SReclaimable:      29720 kB
SUnreclaim:        71800 kB
KernelStack:       40608 kB
PageTables:        41756 kB
NFS_Unstable:          0 kB
Bounce:                0 kB
WritebackTmp:          0 kB
CommitLimit:     1815632 kB
Committed_AS:   117336376 kB
VmallocTotal:   251658176 kB
VmallocUsed:      123144 kB
VmallocChunk:   251437476 kB
Time pass: 73 sec

---2015-12-11 14:29:19
MemTotal:        2582696 kB
MemFree:          110564 kB
Buffers:            5216 kB
Cached:           830004 kB
SwapCached:            8 kB
Active:          1117368 kB
Inactive:         590492 kB
Active(anon):     702492 kB
Inactive(anon):   175548 kB
Active(file):     414876 kB
Inactive(file):   414944 kB
Unevictable:        3916 kB
Mlocked:               0 kB
SwapTotal:        524284 kB
SwapFree:         522368 kB
Dirty:               848 kB
Writeback:             0 kB
AnonPages:        876472 kB
Mapped:           549924 kB
Shmem:              1632 kB
Slab:             103596 kB
SReclaimable:      31360 kB
SUnreclaim:        72236 kB
KernelStack:       40896 kB
PageTables:        41756 kB
NFS_Unstable:          0 kB
Bounce:                0 kB
WritebackTmp:          0 kB
CommitLimit:     1815632 kB
Committed_AS:   117376292 kB
VmallocTotal:   251658176 kB
VmallocUsed:      125672 kB
VmallocChunk:   251437476 kB
Time pass: 78 sec

---2015-12-11 14:29:19
MemTotal:        2582696 kB
MemFree:          110836 kB
Buffers:            5216 kB
Cached:           807304 kB
SwapCached:            8 kB
Active:          1107520 kB
Inactive:         579748 kB
Active(anon):     703980 kB
Inactive(anon):   176232 kB
Active(file):     403540 kB
Inactive(file):   403516 kB
Unevictable:        3916 kB
Mlocked:               0 kB
SwapTotal:        524284 kB
SwapFree:         522140 kB
Dirty:               780 kB
Writeback:             0 kB
AnonPages:        878376 kB
Mapped:           550144 kB
Shmem:              1680 kB
Slab:             101728 kB
SReclaimable:      29404 kB
SUnreclaim:        72324 kB
KernelStack:       40848 kB
PageTables:        42140 kB
NFS_Unstable:          0 kB
Bounce:                0 kB
WritebackTmp:          0 kB
CommitLimit:     1815632 kB
Committed_AS:   117376220 kB
VmallocTotal:   251658176 kB
VmallocUsed:      125672 kB
VmallocChunk:   251437476 kB
Time pass: 82 sec

---2015-12-11 14:29:19
MemTotal:        2582696 kB
MemFree:          113344 kB
Buffers:            5208 kB
Cached:           802500 kB
SwapCached:            8 kB
Active:          1104896 kB
Inactive:         577356 kB
Active(anon):     703904 kB
Inactive(anon):   176364 kB
Active(file):     400992 kB
Inactive(file):   400992 kB
Unevictable:        3916 kB
Mlocked:               0 kB
SwapTotal:        524284 kB
SwapFree:         522140 kB
Dirty:               780 kB
Writeback:             0 kB
AnonPages:        878320 kB
Mapped:           550336 kB
Shmem:              1836 kB
Slab:             104376 kB
SReclaimable:      32068 kB
SUnreclaim:        72308 kB
KernelStack:       40832 kB
PageTables:        42152 kB
NFS_Unstable:          0 kB
Bounce:                0 kB
WritebackTmp:          0 kB
CommitLimit:     1815632 kB
Committed_AS:   117380296 kB
VmallocTotal:   251658176 kB
VmallocUsed:      125672 kB
VmallocChunk:   251437476 kB
Time pass: 86 sec

---2015-12-11 14:29:19
MemTotal:        2582696 kB
MemFree:          112392 kB
Buffers:            5208 kB
Cached:           801504 kB
SwapCached:            8 kB
Active:          1106736 kB
Inactive:         577184 kB
Active(anon):     706340 kB
Inactive(anon):   176672 kB
Active(file):     400396 kB
Inactive(file):   400512 kB
Unevictable:        3916 kB
Mlocked:               0 kB
SwapTotal:        524284 kB
SwapFree:         522140 kB
Dirty:               780 kB
Writeback:             0 kB
AnonPages:        881136 kB
Mapped:           550388 kB
Shmem:              1888 kB
Slab:             104048 kB
SReclaimable:      31764 kB
SUnreclaim:        72284 kB
KernelStack:       40832 kB
PageTables:        42148 kB
NFS_Unstable:          0 kB
Bounce:                0 kB
WritebackTmp:          0 kB
CommitLimit:     1815632 kB
Committed_AS:   117384392 kB
VmallocTotal:   251658176 kB
VmallocUsed:      125672 kB
VmallocChunk:   251437476 kB
Time pass: 90 sec

---2015-12-11 14:29:19
MemTotal:        2582696 kB
MemFree:          114528 kB
Buffers:            5208 kB
Cached:           799364 kB
SwapCached:            8 kB
Active:          1105708 kB
Inactive:         575948 kB
Active(anon):     706332 kB
Inactive(anon):   176668 kB
Active(file):     399376 kB
Inactive(file):   399280 kB
Unevictable:        3916 kB
Mlocked:               0 kB
SwapTotal:        524284 kB
SwapFree:         522132 kB
Dirty:               780 kB
Writeback:             0 kB
AnonPages:        880992 kB
Mapped:           550404 kB
Shmem:              1888 kB
Slab:             103996 kB
SReclaimable:      31740 kB
SUnreclaim:        72256 kB
KernelStack:       40832 kB
PageTables:        42152 kB
NFS_Unstable:          0 kB
Bounce:                0 kB
WritebackTmp:          0 kB
CommitLimit:     1815632 kB
Committed_AS:   117384384 kB
VmallocTotal:   251658176 kB
VmallocUsed:      125672 kB
VmallocChunk:   251437476 kB
Time pass: 94 sec

---2015-12-11 14:29:19
MemTotal:        2582696 kB
MemFree:          118092 kB
Buffers:            5208 kB
Cached:           795004 kB
SwapCached:            8 kB
Active:          1103372 kB
Inactive:         574240 kB
Active(anon):     706384 kB
Inactive(anon):   176820 kB
Active(file):     396988 kB
Inactive(file):   397420 kB
Unevictable:        3916 kB
Mlocked:               0 kB
SwapTotal:        524284 kB
SwapFree:         522108 kB
Dirty:               780 kB
Writeback:             0 kB
AnonPages:        881388 kB
Mapped:           550404 kB
Shmem:              1888 kB
Slab:             104052 kB
SReclaimable:      31708 kB
SUnreclaim:        72344 kB
KernelStack:       40832 kB
PageTables:        42132 kB
NFS_Unstable:          0 kB
Bounce:                0 kB
WritebackTmp:          0 kB
CommitLimit:     1815632 kB
Committed_AS:   117388604 kB
VmallocTotal:   251658176 kB
VmallocUsed:      125672 kB
VmallocChunk:   251437476 kB
Time pass: 98 sec

---2015-12-11 14:29:19
MemTotal:        2582696 kB
MemFree:          124756 kB
Buffers:            5208 kB
Cached:           794688 kB
SwapCached:            8 kB
Active:          1098020 kB
Inactive:         573912 kB
Active(anon):     701020 kB
Inactive(anon):   176848 kB
Active(file):     397000 kB
Inactive(file):   397064 kB
Unevictable:        3916 kB
Mlocked:               0 kB
SwapTotal:        524284 kB
SwapFree:         522108 kB
Dirty:               780 kB
Writeback:             0 kB
AnonPages:        875780 kB
Mapped:           550244 kB
Shmem:              1916 kB
Slab:             104316 kB
SReclaimable:      32080 kB
SUnreclaim:        72236 kB
KernelStack:       40832 kB
PageTables:        42148 kB
NFS_Unstable:          0 kB
Bounce:                0 kB
WritebackTmp:          0 kB
CommitLimit:     1815632 kB
Committed_AS:   117388488 kB
VmallocTotal:   251658176 kB
VmallocUsed:      125672 kB
VmallocChunk:   251437476 kB
Time pass: 102 sec

---2015-12-11 14:29:19
MemTotal:        2582696 kB
MemFree:          123980 kB
Buffers:            5216 kB
Cached:           794612 kB
SwapCached:            8 kB
Active:          1098672 kB
Inactive:         573832 kB
Active(anon):     701660 kB
Inactive(anon):   176848 kB
Active(file):     397012 kB
Inactive(file):   396984 kB
Unevictable:        3916 kB
Mlocked:               0 kB
SwapTotal:        524284 kB
SwapFree:         522108 kB
Dirty:               792 kB
Writeback:             0 kB
AnonPages:        876668 kB
Mapped:           550256 kB
Shmem:              1916 kB
Slab:             104172 kB
SReclaimable:      31896 kB
SUnreclaim:        72276 kB
KernelStack:       40784 kB
PageTables:        42140 kB
NFS_Unstable:          0 kB
Bounce:                0 kB
WritebackTmp:          0 kB
CommitLimit:     1815632 kB
Committed_AS:   117388456 kB
VmallocTotal:   251658176 kB
VmallocUsed:      125672 kB
VmallocChunk:   251437476 kB
Time pass: 106 sec

---2015-12-11 14:29:19
MemTotal:        2582696 kB
MemFree:          124308 kB
Buffers:            5216 kB
Cached:           794652 kB
SwapCached:            8 kB
Active:          1098548 kB
Inactive:         573872 kB
Active(anon):     701536 kB
Inactive(anon):   176880 kB
Active(file):     397012 kB
Inactive(file):   396992 kB
Unevictable:        3916 kB
Mlocked:               0 kB
SwapTotal:        524284 kB
SwapFree:         522108 kB
Dirty:               812 kB
Writeback:             0 kB
AnonPages:        876624 kB
Mapped:           550288 kB
Shmem:              1948 kB
Slab:             104228 kB
SReclaimable:      31896 kB
SUnreclaim:        72332 kB
KernelStack:       40816 kB
PageTables:        42144 kB
NFS_Unstable:          0 kB
Bounce:                0 kB
WritebackTmp:          0 kB
CommitLimit:     1815632 kB
Committed_AS:   117388448 kB
VmallocTotal:   251658176 kB
VmallocUsed:      125672 kB
VmallocChunk:   251437476 kB
Time pass: 110 sec

---2015-12-11 14:29:19
MemTotal:        2582696 kB
MemFree:          123100 kB
Buffers:            6752 kB
Cached:           794500 kB
SwapCached:            8 kB
Active:          1097976 kB
Inactive:         575256 kB
Active(anon):     700964 kB
Inactive(anon):   176880 kB
Active(file):     397012 kB
Inactive(file):   398376 kB
Unevictable:        3916 kB
Mlocked:               0 kB
SwapTotal:        524284 kB
SwapFree:         522108 kB
Dirty:               792 kB
Writeback:             0 kB
AnonPages:        875904 kB
Mapped:           550288 kB
Shmem:              1948 kB
Slab:             104328 kB
SReclaimable:      31944 kB
SUnreclaim:        72384 kB
KernelStack:       40800 kB
PageTables:        42140 kB
NFS_Unstable:          0 kB
Bounce:                0 kB
WritebackTmp:          0 kB
CommitLimit:     1815632 kB
Committed_AS:   117388440 kB
VmallocTotal:   251658176 kB
VmallocUsed:      125672 kB
VmallocChunk:   251437476 kB
Time pass: 114 sec

---2015-12-11 14:29:19
MemTotal:        2582696 kB
MemFree:          123840 kB
Buffers:            6752 kB
Cached:           794228 kB
SwapCached:            8 kB
Active:          1097908 kB
Inactive:         574984 kB
Active(anon):     700896 kB
Inactive(anon):   176880 kB
Active(file):     397012 kB
Inactive(file):   398104 kB
Unevictable:        3916 kB
Mlocked:               0 kB
SwapTotal:        524284 kB
SwapFree:         522108 kB
Dirty:               784 kB
Writeback:             0 kB
AnonPages:        875708 kB
Mapped:           550288 kB
Shmem:              1948 kB
Slab:             104448 kB
SReclaimable:      32056 kB
SUnreclaim:        72392 kB
KernelStack:       40768 kB
PageTables:        42136 kB
NFS_Unstable:          0 kB
Bounce:                0 kB
WritebackTmp:          0 kB
CommitLimit:     1815632 kB
Committed_AS:   117388456 kB
VmallocTotal:   251658176 kB
VmallocUsed:      125672 kB
VmallocChunk:   251437476 kB
Time pass: 117 sec

---2015-12-11 14:29:19
MemTotal:        2582696 kB
MemFree:          123100 kB
Buffers:            6752 kB
Cached:           794568 kB
SwapCached:            8 kB
Active:          1098292 kB
Inactive:         575324 kB
Active(anon):     701280 kB
Inactive(anon):   177020 kB
Active(file):     397012 kB
Inactive(file):   398304 kB
Unevictable:        3916 kB
Mlocked:               0 kB
SwapTotal:        524284 kB
SwapFree:         522108 kB
Dirty:               792 kB
Writeback:             0 kB
AnonPages:        876268 kB
Mapped:           550440 kB
Shmem:              2088 kB
Slab:             104344 kB
SReclaimable:      31968 kB
SUnreclaim:        72376 kB
KernelStack:       40800 kB
PageTables:        42152 kB
NFS_Unstable:          0 kB
Bounce:                0 kB
WritebackTmp:          0 kB
CommitLimit:     1815632 kB
Committed_AS:   117388432 kB
VmallocTotal:   251658176 kB
VmallocUsed:      125672 kB
VmallocChunk:   251437476 kB
Time pass: 121 sec

---2015-12-11 14:29:19
MemTotal:        2582696 kB
MemFree:          121252 kB
Buffers:            6752 kB
Cached:           794176 kB
SwapCached:            8 kB
Active:          1099872 kB
Inactive:         574900 kB
Active(anon):     702828 kB
Inactive(anon):   177020 kB
Active(file):     397044 kB
Inactive(file):   397880 kB
Unevictable:        3916 kB
Mlocked:               0 kB
SwapTotal:        524284 kB
SwapFree:         522108 kB
Dirty:               792 kB
Writeback:             0 kB
AnonPages:        877760 kB
Mapped:           550516 kB
Shmem:              2088 kB
Slab:             104732 kB
SReclaimable:      32208 kB
SUnreclaim:        72524 kB
KernelStack:       40800 kB
PageTables:        42144 kB
NFS_Unstable:          0 kB
Bounce:                0 kB
WritebackTmp:          0 kB
CommitLimit:     1815632 kB
Committed_AS:   117388440 kB
VmallocTotal:   251658176 kB
VmallocUsed:      125672 kB
VmallocChunk:   251437476 kB
Time pass: 125 sec

---2015-12-11 14:29:19
MemTotal:        2582696 kB
MemFree:          120300 kB
Buffers:            6752 kB
Cached:           795088 kB
SwapCached:            8 kB
Active:          1101664 kB
Inactive:         575744 kB
Active(anon):     704552 kB
Inactive(anon):   176428 kB
Active(file):     397112 kB
Inactive(file):   399316 kB
Unevictable:        3916 kB
Mlocked:               0 kB
SwapTotal:        524284 kB
SwapFree:         522108 kB
Dirty:               796 kB
Writeback:             0 kB
AnonPages:        879888 kB
Mapped:           550992 kB
Shmem:              1496 kB
Slab:             104036 kB
SReclaimable:      31804 kB
SUnreclaim:        72232 kB
KernelStack:       40528 kB
PageTables:        42080 kB
NFS_Unstable:          0 kB
Bounce:                0 kB
WritebackTmp:          0 kB
CommitLimit:     1815632 kB
Committed_AS:   120859108 kB
VmallocTotal:   251658176 kB
VmallocUsed:      126584 kB
VmallocChunk:   251437476 kB
Time pass: 128 sec

---2015-12-11 14:29:19
MemTotal:        2582696 kB
MemFree:          407976 kB
Buffers:            6408 kB
Cached:           769448 kB
SwapCached:            8 kB
Active:          1008196 kB
Inactive:         562440 kB
Active(anon):     623908 kB
Inactive(anon):   176548 kB
Active(file):     384288 kB
Inactive(file):   385892 kB
Unevictable:        3920 kB
Mlocked:               0 kB
SwapTotal:        524284 kB
SwapFree:         522032 kB
Dirty:               552 kB
Writeback:             4 kB
AnonPages:        798596 kB
Mapped:           406348 kB
Shmem:              1756 kB
Slab:             103412 kB
SReclaimable:      31380 kB
SUnreclaim:        72032 kB
KernelStack:       39504 kB
PageTables:        39948 kB
NFS_Unstable:          0 kB
Bounce:                0 kB
WritebackTmp:          0 kB
CommitLimit:     1815632 kB
Committed_AS:   114205848 kB
VmallocTotal:   251658176 kB
VmallocUsed:      121704 kB
VmallocChunk:   251437476 kB
Time pass: 132 sec

---2015-12-11 14:29:19
MemTotal:        2582696 kB
MemFree:          408428 kB
Buffers:            6408 kB
Cached:           770672 kB
SwapCached:            8 kB
Active:          1006976 kB
Inactive:         563540 kB
Active(anon):     622584 kB
Inactive(anon):   176416 kB
Active(file):     384392 kB
Inactive(file):   387124 kB
Unevictable:        3920 kB
Mlocked:               0 kB
SwapTotal:        524284 kB
SwapFree:         522032 kB
Dirty:               180 kB
Writeback:             0 kB
AnonPages:        797500 kB
Mapped:           406208 kB
Shmem:              1624 kB
Slab:             103420 kB
SReclaimable:      31480 kB
SUnreclaim:        71940 kB
KernelStack:       38672 kB
PageTables:        39868 kB
NFS_Unstable:          0 kB
Bounce:                0 kB
WritebackTmp:          0 kB
CommitLimit:     1815632 kB
Committed_AS:   114205784 kB
VmallocTotal:   251658176 kB
VmallocUsed:      121704 kB
VmallocChunk:   251437476 kB
Time pass: 136 sec

---2015-12-11 14:29:19
MemTotal:        2582696 kB
MemFree:          413316 kB
Buffers:            6408 kB
Cached:           770672 kB
SwapCached:            8 kB
Active:          1001724 kB
Inactive:         563560 kB
Active(anon):     617332 kB
Inactive(anon):   176416 kB
Active(file):     384392 kB
Inactive(file):   387144 kB
Unevictable:        3920 kB
Mlocked:               0 kB
SwapTotal:        524284 kB
SwapFree:         522032 kB
Dirty:               180 kB
Writeback:             0 kB
AnonPages:        792176 kB
Mapped:           406428 kB
Shmem:              1624 kB
Slab:             103404 kB
SReclaimable:      31480 kB
SUnreclaim:        71924 kB
KernelStack:       38656 kB
PageTables:        39872 kB
NFS_Unstable:          0 kB
Bounce:                0 kB
WritebackTmp:          0 kB
CommitLimit:     1815632 kB
Committed_AS:   114205784 kB
VmallocTotal:   251658176 kB
VmallocUsed:      121704 kB
VmallocChunk:   251437476 kB
Time pass: 140 sec

---2015-12-11 14:29:19
MemTotal:        2582696 kB
MemFree:          413176 kB
Buffers:            6408 kB
Cached:           770672 kB
SwapCached:            8 kB
Active:          1002076 kB
Inactive:         563560 kB
Active(anon):     617684 kB
Inactive(anon):   176416 kB
Active(file):     384392 kB
Inactive(file):   387144 kB
Unevictable:        3920 kB
Mlocked:               0 kB
SwapTotal:        524284 kB
SwapFree:         522032 kB
Dirty:               140 kB
Writeback:             0 kB
AnonPages:        792404 kB
Mapped:           406428 kB
Shmem:              1624 kB
Slab:             103408 kB
SReclaimable:      31496 kB
SUnreclaim:        71912 kB
KernelStack:       38656 kB
PageTables:        39872 kB
NFS_Unstable:          0 kB
Bounce:                0 kB
WritebackTmp:          0 kB
CommitLimit:     1815632 kB
Committed_AS:   114205744 kB
VmallocTotal:   251658176 kB
VmallocUsed:      119288 kB
VmallocChunk:   251437476 kB
Time pass: 144 sec

---2015-12-11 14:29:19
MemTotal:        2582696 kB
MemFree:          413084 kB
Buffers:            6408 kB
Cached:           770672 kB
SwapCached:            8 kB
Active:          1002080 kB
Inactive:         563560 kB
Active(anon):     617688 kB
Inactive(anon):   176416 kB
Active(file):     384392 kB
Inactive(file):   387144 kB
Unevictable:        3920 kB
Mlocked:               0 kB
SwapTotal:        524284 kB
SwapFree:         522032 kB
Dirty:               140 kB
Writeback:             0 kB
AnonPages:        792540 kB
Mapped:           406428 kB
Shmem:              1624 kB
Slab:             103452 kB
SReclaimable:      31496 kB
SUnreclaim:        71956 kB
KernelStack:       38480 kB
PageTables:        39872 kB
NFS_Unstable:          0 kB
Bounce:                0 kB
WritebackTmp:          0 kB
CommitLimit:     1815632 kB
Committed_AS:   114205304 kB
VmallocTotal:   251658176 kB
VmallocUsed:      119288 kB
VmallocChunk:   251437476 kB
Time pass: 147 sec

---2015-12-11 14:29:19
MemTotal:        2582696 kB
MemFree:          412824 kB
Buffers:            6408 kB
Cached:           770672 kB
SwapCached:            8 kB
Active:          1002076 kB
Inactive:         563560 kB
Active(anon):     617684 kB
Inactive(anon):   176416 kB
Active(file):     384392 kB
Inactive(file):   387144 kB
Unevictable:        3920 kB
Mlocked:               0 kB
SwapTotal:        524284 kB
SwapFree:         522032 kB
Dirty:               140 kB
Writeback:             0 kB
AnonPages:        792556 kB
Mapped:           406432 kB
Shmem:              1624 kB
Slab:             103420 kB
SReclaimable:      31496 kB
SUnreclaim:        71924 kB
KernelStack:       38368 kB
PageTables:        39860 kB
NFS_Unstable:          0 kB
Bounce:                0 kB
WritebackTmp:          0 kB
CommitLimit:     1815632 kB
Committed_AS:   114205048 kB
VmallocTotal:   251658176 kB
VmallocUsed:      119288 kB
VmallocChunk:   251437476 kB
Time pass: 151 sec

---2015-12-11 14:29:19
MemTotal:        2582696 kB
MemFree:          412596 kB
Buffers:            6408 kB
Cached:           770672 kB
SwapCached:            8 kB
Active:          1002448 kB
Inactive:         563560 kB
Active(anon):     618056 kB
Inactive(anon):   176416 kB
Active(file):     384392 kB
Inactive(file):   387144 kB
Unevictable:        3920 kB
Mlocked:               0 kB
SwapTotal:        524284 kB
SwapFree:         522032 kB
Dirty:               140 kB
Writeback:             0 kB
AnonPages:        792648 kB
Mapped:           406432 kB
Shmem:              1624 kB
Slab:             103416 kB
SReclaimable:      31496 kB
SUnreclaim:        71920 kB
KernelStack:       38384 kB
PageTables:        39864 kB
NFS_Unstable:          0 kB
Bounce:                0 kB
WritebackTmp:          0 kB
CommitLimit:     1815632 kB
Committed_AS:   114205048 kB
VmallocTotal:   251658176 kB
VmallocUsed:      119288 kB
VmallocChunk:   251437476 kB
Time pass: 155 sec

---2015-12-11 14:29:19
MemTotal:        2582696 kB
MemFree:          411780 kB
Buffers:            6408 kB
Cached:           770672 kB
SwapCached:            8 kB
Active:          1002268 kB
Inactive:         563560 kB
Active(anon):     617876 kB
Inactive(anon):   176416 kB
Active(file):     384392 kB
Inactive(file):   387144 kB
Unevictable:        3920 kB
Mlocked:               0 kB
SwapTotal:        524284 kB
SwapFree:         522032 kB
Dirty:               140 kB
Writeback:             0 kB
AnonPages:        792776 kB
Mapped:           406212 kB
Shmem:              1624 kB
Slab:             103404 kB
SReclaimable:      31496 kB
SUnreclaim:        71908 kB
KernelStack:       38368 kB
PageTables:        39860 kB
NFS_Unstable:          0 kB
Bounce:                0 kB
WritebackTmp:          0 kB
CommitLimit:     1815632 kB
Committed_AS:   114205040 kB
VmallocTotal:   251658176 kB
VmallocUsed:      119288 kB
VmallocChunk:   251437476 kB
Time pass: 159 sec

---2015-12-11 14:29:19
MemTotal:        2582696 kB
MemFree:          410944 kB
Buffers:            6408 kB
Cached:           770672 kB
SwapCached:            8 kB
Active:          1003192 kB
Inactive:         563560 kB
Active(anon):     618800 kB
Inactive(anon):   176416 kB
Active(file):     384392 kB
Inactive(file):   387144 kB
Unevictable:        3920 kB
Mlocked:               0 kB
SwapTotal:        524284 kB
SwapFree:         522032 kB
Dirty:               140 kB
Writeback:             0 kB
AnonPages:        793584 kB
Mapped:           406380 kB
Shmem:              1624 kB
Slab:             103404 kB
SReclaimable:      31496 kB
SUnreclaim:        71908 kB
KernelStack:       38400 kB
PageTables:        39884 kB
NFS_Unstable:          0 kB
Bounce:                0 kB
WritebackTmp:          0 kB
CommitLimit:     1815632 kB
Committed_AS:   114213384 kB
VmallocTotal:   251658176 kB
VmallocUsed:      119288 kB
VmallocChunk:   251437476 kB
Time pass: 162 sec

---2015-12-11 14:29:19
MemTotal:        2582696 kB
MemFree:          226224 kB
Buffers:            6408 kB
Cached:           777436 kB
SwapCached:            8 kB
Active:          1049936 kB
Inactive:         563644 kB
Active(anon):     658860 kB
Inactive(anon):   176288 kB
Active(file):     391076 kB
Inactive(file):   387356 kB
Unevictable:        3920 kB
Mlocked:               0 kB
SwapTotal:        524284 kB
SwapFree:         522032 kB
Dirty:               836 kB
Writeback:             0 kB
AnonPages:        833960 kB
Mapped:           460352 kB
Shmem:              1496 kB
Slab:             103612 kB
SReclaimable:      31624 kB
SUnreclaim:        71988 kB
KernelStack:       39472 kB
PageTables:        40868 kB
NFS_Unstable:          0 kB
Bounce:                0 kB
WritebackTmp:          0 kB
CommitLimit:     1815632 kB
Committed_AS:   115519388 kB
VmallocTotal:   251658176 kB
VmallocUsed:      120996 kB
VmallocChunk:   251437476 kB
Time pass: 166 sec

---2015-12-11 14:29:19
MemTotal:        2582696 kB
MemFree:          193092 kB
Buffers:            6416 kB
Cached:           778476 kB
SwapCached:            8 kB
Active:          1038216 kB
Inactive:         563216 kB
Active(anon):     645744 kB
Inactive(anon):   176288 kB
Active(file):     392472 kB
Inactive(file):   386928 kB
Unevictable:        3920 kB
Mlocked:               0 kB
SwapTotal:        524284 kB
SwapFree:         522032 kB
Dirty:              1856 kB
Writeback:             0 kB
AnonPages:        820520 kB
Mapped:           511540 kB
Shmem:              1496 kB
Slab:             103732 kB
SReclaimable:      31688 kB
SUnreclaim:        72044 kB
KernelStack:       39520 kB
PageTables:        41036 kB
NFS_Unstable:          0 kB
Bounce:                0 kB
WritebackTmp:          0 kB
CommitLimit:     1815632 kB
Committed_AS:   115532060 kB
VmallocTotal:   251658176 kB
VmallocUsed:      121388 kB
VmallocChunk:   251437476 kB
Time pass: 170 sec

---2015-12-11 14:29:19
MemTotal:        2582696 kB
MemFree:          159596 kB
Buffers:            6416 kB
Cached:           780096 kB
SwapCached:            8 kB
Active:          1060532 kB
Inactive:         563192 kB
Active(anon):     666564 kB
Inactive(anon):   176284 kB
Active(file):     393968 kB
Inactive(file):   386908 kB
Unevictable:        3920 kB
Mlocked:               0 kB
SwapTotal:        524284 kB
SwapFree:         522028 kB
Dirty:              1856 kB
Writeback:             0 kB
AnonPages:        841236 kB
Mapped:           562836 kB
Shmem:              1496 kB
Slab:             103740 kB
SReclaimable:      31724 kB
SUnreclaim:        72016 kB
KernelStack:       39712 kB
PageTables:        41208 kB
NFS_Unstable:          0 kB
Bounce:                0 kB
WritebackTmp:          0 kB
CommitLimit:     1815632 kB
Committed_AS:   115551420 kB
VmallocTotal:   251658176 kB
VmallocUsed:      121788 kB
VmallocChunk:   251437476 kB
Time pass: 174 sec

---2015-12-11 14:29:19
MemTotal:        2582696 kB
MemFree:          160204 kB
Buffers:            6416 kB
Cached:           779816 kB
SwapCached:            8 kB
Active:          1058860 kB
Inactive:         563124 kB
Active(anon):     664884 kB
Inactive(anon):   176284 kB
Active(file):     393976 kB
Inactive(file):   386840 kB
Unevictable:        3920 kB
Mlocked:               0 kB
SwapTotal:        524284 kB
SwapFree:         522028 kB
Dirty:               516 kB
Writeback:             0 kB
AnonPages:        839600 kB
Mapped:           562768 kB
Shmem:              1496 kB
Slab:             103756 kB
SReclaimable:      31724 kB
SUnreclaim:        72032 kB
KernelStack:       39680 kB
PageTables:        41200 kB
NFS_Unstable:          0 kB
Bounce:                0 kB
WritebackTmp:          0 kB
CommitLimit:     1815632 kB
Committed_AS:   115549292 kB
VmallocTotal:   251658176 kB
VmallocUsed:      121788 kB
VmallocChunk:   251437476 kB
Time pass: 177 sec

---2015-12-11 14:29:19
MemTotal:        2582696 kB
MemFree:          151564 kB
Buffers:            6416 kB
Cached:           781968 kB
SwapCached:            8 kB
Active:          1060948 kB
Inactive:         564872 kB
Active(anon):     666660 kB
Inactive(anon):   176284 kB
Active(file):     394288 kB
Inactive(file):   388588 kB
Unevictable:        3920 kB
Mlocked:               0 kB
SwapTotal:        524284 kB
SwapFree:         522028 kB
Dirty:               760 kB
Writeback:             0 kB
AnonPages:        841384 kB
Mapped:           563428 kB
Shmem:              1496 kB
Slab:             103904 kB
SReclaimable:      31728 kB
SUnreclaim:        72176 kB
KernelStack:       39728 kB
PageTables:        41208 kB
NFS_Unstable:          0 kB
Bounce:                0 kB
WritebackTmp:          0 kB
CommitLimit:     1815632 kB
Committed_AS:   115549428 kB
VmallocTotal:   251658176 kB
VmallocUsed:      121812 kB
VmallocChunk:   251437476 kB
Time pass: 181 sec

---2015-12-11 14:29:19
MemTotal:        2582696 kB
MemFree:          150520 kB
Buffers:            6416 kB
Cached:           781968 kB
SwapCached:            8 kB
Active:          1061064 kB
Inactive:         564924 kB
Active(anon):     666736 kB
Inactive(anon):   176284 kB
Active(file):     394328 kB
Inactive(file):   388640 kB
Unevictable:        3920 kB
Mlocked:               0 kB
SwapTotal:        524284 kB
SwapFree:         522028 kB
Dirty:               760 kB
Writeback:             0 kB
AnonPages:        841480 kB
Mapped:           563428 kB
Shmem:              1496 kB
Slab:             103864 kB
SReclaimable:      31744 kB
SUnreclaim:        72120 kB
KernelStack:       39712 kB
PageTables:        41212 kB
NFS_Unstable:          0 kB
Bounce:                0 kB
WritebackTmp:          0 kB
CommitLimit:     1815632 kB
Committed_AS:   115549468 kB
VmallocTotal:   251658176 kB
VmallocUsed:      121812 kB
VmallocChunk:   251437476 kB
Time pass: 185 sec

---2015-12-11 14:29:19
MemTotal:        2582696 kB
MemFree:          118004 kB
Buffers:            6416 kB
Cached:           781556 kB
SwapCached:            8 kB
Active:          1065560 kB
Inactive:         565084 kB
Active(anon):     671824 kB
Inactive(anon):   176216 kB
Active(file):     393736 kB
Inactive(file):   388868 kB
Unevictable:        3920 kB
Mlocked:               0 kB
SwapTotal:        524284 kB
SwapFree:         521960 kB
Dirty:              1148 kB
Writeback:             0 kB
AnonPages:        846584 kB
Mapped:           570736 kB
Shmem:              1448 kB
Slab:             104168 kB
SReclaimable:      32108 kB
SUnreclaim:        72060 kB
KernelStack:       39696 kB
PageTables:        41256 kB
NFS_Unstable:          0 kB
Bounce:                0 kB
WritebackTmp:          0 kB
CommitLimit:     1815632 kB
Committed_AS:   115550148 kB
VmallocTotal:   251658176 kB
VmallocUsed:      122008 kB
VmallocChunk:   251437476 kB
Time pass: 188 sec

---2015-12-11 14:29:19
MemTotal:        2582696 kB
MemFree:          118732 kB
Buffers:            6416 kB
Cached:           781556 kB
SwapCached:            8 kB
Active:          1065532 kB
Inactive:         565076 kB
Active(anon):     671788 kB
Inactive(anon):   176216 kB
Active(file):     393744 kB
Inactive(file):   388860 kB
Unevictable:        3920 kB
Mlocked:               0 kB
SwapTotal:        524284 kB
SwapFree:         521960 kB
Dirty:               696 kB
Writeback:             0 kB
AnonPages:        846656 kB
Mapped:           570668 kB
Shmem:              1448 kB
Slab:             104308 kB
SReclaimable:      32152 kB
SUnreclaim:        72156 kB
KernelStack:       39712 kB
PageTables:        41256 kB
NFS_Unstable:          0 kB
Bounce:                0 kB
WritebackTmp:          0 kB
CommitLimit:     1815632 kB
Committed_AS:   115550172 kB
VmallocTotal:   251658176 kB
VmallocUsed:      122008 kB
VmallocChunk:   251437476 kB
Time pass: 192 sec

---2015-12-11 14:29:19
MemTotal:        2582696 kB
MemFree:          118732 kB
Buffers:            6416 kB
Cached:           781560 kB
SwapCached:            8 kB
Active:          1065468 kB
Inactive:         565080 kB
Active(anon):     671724 kB
Inactive(anon):   176216 kB
Active(file):     393744 kB
Inactive(file):   388864 kB
Unevictable:        3920 kB
Mlocked:               0 kB
SwapTotal:        524284 kB
SwapFree:         521960 kB
Dirty:               704 kB
Writeback:             0 kB
AnonPages:        846520 kB
Mapped:           570768 kB
Shmem:              1448 kB
Slab:             104308 kB
SReclaimable:      32152 kB
SUnreclaim:        72156 kB
KernelStack:       39728 kB
PageTables:        41284 kB
NFS_Unstable:          0 kB
Bounce:                0 kB
WritebackTmp:          0 kB
CommitLimit:     1815632 kB
Committed_AS:   115550188 kB
VmallocTotal:   251658176 kB
VmallocUsed:      122008 kB
VmallocChunk:   251437476 kB
Time pass: 196 sec

---2015-12-11 14:29:19
MemTotal:        2582696 kB
MemFree:          106824 kB
Buffers:            6416 kB
Cached:           776424 kB
SwapCached:            8 kB
Active:          1079824 kB
Inactive:         559028 kB
Active(anon):     685964 kB
Inactive(anon):   175532 kB
Active(file):     393860 kB
Inactive(file):   383496 kB
Unevictable:        3920 kB
Mlocked:               0 kB
SwapTotal:        524284 kB
SwapFree:         521252 kB
Dirty:               708 kB
Writeback:             0 kB
AnonPages:        859896 kB
Mapped:           573992 kB
Shmem:              1512 kB
Slab:             103348 kB
SReclaimable:      31300 kB
SUnreclaim:        72048 kB
KernelStack:       40112 kB
PageTables:        41420 kB
NFS_Unstable:          0 kB
Bounce:                0 kB
WritebackTmp:          0 kB
CommitLimit:     1815632 kB
Committed_AS:   115590008 kB
VmallocTotal:   251658176 kB
VmallocUsed:      124540 kB
VmallocChunk:   251437476 kB
Time pass: 200 sec

---2015-12-11 14:29:19
MemTotal:        2582696 kB
MemFree:          108036 kB
Buffers:            6456 kB
Cached:           773688 kB
SwapCached:            8 kB
Active:          1093996 kB
Inactive:         565260 kB
Active(anon):     707404 kB
Inactive(anon):   177724 kB
Active(file):     386592 kB
Inactive(file):   387536 kB
Unevictable:        3920 kB
Mlocked:               0 kB
SwapTotal:        524284 kB
SwapFree:         521068 kB
Dirty:               788 kB
Writeback:             0 kB
AnonPages:        883516 kB
Mapped:           576308 kB
Shmem:              1688 kB
Slab:             104040 kB
SReclaimable:      31460 kB
SUnreclaim:        72580 kB
KernelStack:       41088 kB
PageTables:        42732 kB
NFS_Unstable:          0 kB
Bounce:                0 kB
WritebackTmp:          0 kB
CommitLimit:     1815632 kB
Committed_AS:   120434252 kB
VmallocTotal:   251658176 kB
VmallocUsed:      127620 kB
VmallocChunk:   251437476 kB
Time pass: 204 sec

---2015-12-11 14:29:19
MemTotal:        2582696 kB
MemFree:          109524 kB
Buffers:            6456 kB
Cached:           773576 kB
SwapCached:            8 kB
Active:          1105160 kB
Inactive:         564968 kB
Active(anon):     716464 kB
Inactive(anon):   179424 kB
Active(file):     388696 kB
Inactive(file):   385544 kB
Unevictable:        3920 kB
Mlocked:               0 kB
SwapTotal:        524284 kB
SwapFree:         520896 kB
Dirty:               844 kB
Writeback:             0 kB
AnonPages:        893932 kB
Mapped:           584580 kB
Shmem:              1792 kB
Slab:             103788 kB
SReclaimable:      31336 kB
SUnreclaim:        72452 kB
KernelStack:       41024 kB
PageTables:        41924 kB
NFS_Unstable:          0 kB
Bounce:                0 kB
WritebackTmp:          0 kB
CommitLimit:     1815632 kB
Committed_AS:   116342604 kB
VmallocTotal:   251658176 kB
VmallocUsed:      125580 kB
VmallocChunk:   251437476 kB
Time pass: 208 sec

---2015-12-11 14:29:19
MemTotal:        2582696 kB
MemFree:          115588 kB
Buffers:            6456 kB
Cached:           772936 kB
SwapCached:            8 kB
Active:          1098656 kB
Inactive:         566040 kB
Active(anon):     711092 kB
Inactive(anon):   179832 kB
Active(file):     387564 kB
Inactive(file):   386208 kB
Unevictable:        3920 kB
Mlocked:               0 kB
SwapTotal:        524284 kB
SwapFree:         520716 kB
Dirty:               912 kB
Writeback:             0 kB
AnonPages:        889104 kB
Mapped:           584820 kB
Shmem:              1700 kB
Slab:             103848 kB
SReclaimable:      31348 kB
SUnreclaim:        72500 kB
KernelStack:       41232 kB
PageTables:        42020 kB
NFS_Unstable:          0 kB
Bounce:                0 kB
WritebackTmp:          0 kB
CommitLimit:     1815632 kB
Committed_AS:   116313724 kB
VmallocTotal:   251658176 kB
VmallocUsed:      125580 kB
VmallocChunk:   251437476 kB
Time pass: 211 sec

---2015-12-11 14:29:19
MemTotal:        2582696 kB
MemFree:          112256 kB
Buffers:            6456 kB
Cached:           773492 kB
SwapCached:            8 kB
Active:          1101312 kB
Inactive:         566448 kB
Active(anon):     713748 kB
Inactive(anon):   179828 kB
Active(file):     387564 kB
Inactive(file):   386620 kB
Unevictable:        3920 kB
Mlocked:               0 kB
SwapTotal:        524284 kB
SwapFree:         520716 kB
Dirty:               908 kB
Writeback:             0 kB
AnonPages:        891972 kB
Mapped:           585088 kB
Shmem:              1700 kB
Slab:             104012 kB
SReclaimable:      31348 kB
SUnreclaim:        72664 kB
KernelStack:       41248 kB
PageTables:        42032 kB
NFS_Unstable:          0 kB
Bounce:                0 kB
WritebackTmp:          0 kB
CommitLimit:     1815632 kB
Committed_AS:   116317812 kB
VmallocTotal:   251658176 kB
VmallocUsed:      125580 kB
VmallocChunk:   251437476 kB
Time pass: 215 sec

---2015-12-11 14:29:19
MemTotal:        2582696 kB
MemFree:          119380 kB
Buffers:            6456 kB
Cached:           774092 kB
SwapCached:            8 kB
Active:          1094884 kB
Inactive:         567164 kB
Active(anon):     707292 kB
Inactive(anon):   179828 kB
Active(file):     387592 kB
Inactive(file):   387336 kB
Unevictable:        3920 kB
Mlocked:               0 kB
SwapTotal:        524284 kB
SwapFree:         520716 kB
Dirty:               912 kB
Writeback:             0 kB
AnonPages:        885452 kB
Mapped:           578560 kB
Shmem:              1700 kB
Slab:             103844 kB
SReclaimable:      31352 kB
SUnreclaim:        72492 kB
KernelStack:       40368 kB
PageTables:        41544 kB
NFS_Unstable:          0 kB
Bounce:                0 kB
WritebackTmp:          0 kB
CommitLimit:     1815632 kB
Committed_AS:   115065828 kB
VmallocTotal:   251658176 kB
VmallocUsed:      124560 kB
VmallocChunk:   251437476 kB
Time pass: 219 sec

---2015-12-11 14:29:19
MemTotal:        2582696 kB
MemFree:          113792 kB
Buffers:            6456 kB
Cached:           766276 kB
SwapCached:            8 kB
Active:          1107100 kB
Inactive:         564684 kB
Active(anon):     723484 kB
Inactive(anon):   180980 kB
Active(file):     383616 kB
Inactive(file):   383704 kB
Unevictable:        3920 kB
Mlocked:               0 kB
SwapTotal:        524284 kB
SwapFree:         520244 kB
Dirty:               948 kB
Writeback:             0 kB
AnonPages:        902940 kB
Mapped:           585256 kB
Shmem:              1660 kB
Slab:             100900 kB
SReclaimable:      28164 kB
SUnreclaim:        72736 kB
KernelStack:       41360 kB
PageTables:        42080 kB
NFS_Unstable:          0 kB
Bounce:                0 kB
WritebackTmp:          0 kB
CommitLimit:     1815632 kB
Committed_AS:   116322080 kB
VmallocTotal:   251658176 kB
VmallocUsed:      125620 kB
VmallocChunk:   251437476 kB
Time pass: 223 sec

---2015-12-11 14:29:19
MemTotal:        2582696 kB
MemFree:          108372 kB
Buffers:            6456 kB
Cached:           766312 kB
SwapCached:            8 kB
Active:          1108328 kB
Inactive:         564620 kB
Active(anon):     724780 kB
Inactive(anon):   181000 kB
Active(file):     383548 kB
Inactive(file):   383620 kB
Unevictable:        3920 kB
Mlocked:               0 kB
SwapTotal:        524284 kB
SwapFree:         520244 kB
Dirty:               972 kB
Writeback:             0 kB
AnonPages:        904188 kB
Mapped:           585320 kB
Shmem:              1680 kB
Slab:             103952 kB
SReclaimable:      31296 kB
SUnreclaim:        72656 kB
KernelStack:       41360 kB
PageTables:        42072 kB
NFS_Unstable:          0 kB
Bounce:                0 kB
WritebackTmp:          0 kB
CommitLimit:     1815632 kB
Committed_AS:   116332380 kB
VmallocTotal:   251658176 kB
VmallocUsed:      125620 kB
VmallocChunk:   251437476 kB
Time pass: 226 sec

---2015-12-11 14:29:19
MemTotal:        2582696 kB
MemFree:          107300 kB
Buffers:            6464 kB
Cached:           766308 kB
SwapCached:            8 kB
Active:          1108716 kB
Inactive:         564620 kB
Active(anon):     725168 kB
Inactive(anon):   180996 kB
Active(file):     383548 kB
Inactive(file):   383624 kB
Unevictable:        3920 kB
Mlocked:               0 kB
SwapTotal:        524284 kB
SwapFree:         520244 kB
Dirty:               992 kB
Writeback:             0 kB
AnonPages:        904496 kB
Mapped:           585300 kB
Shmem:              1680 kB
Slab:             104000 kB
SReclaimable:      31296 kB
SUnreclaim:        72704 kB
KernelStack:       41344 kB
PageTables:        42104 kB
NFS_Unstable:          0 kB
Bounce:                0 kB
WritebackTmp:          0 kB
CommitLimit:     1815632 kB
Committed_AS:   116332332 kB
VmallocTotal:   251658176 kB
VmallocUsed:      125620 kB
VmallocChunk:   251437476 kB
Time pass: 230 sec

---2015-12-11 14:29:19
MemTotal:        2582696 kB
MemFree:          112248 kB
Buffers:            6464 kB
Cached:           763452 kB
SwapCached:            8 kB
Active:          1104264 kB
Inactive:         564640 kB
Active(anon):     721932 kB
Inactive(anon):   182480 kB
Active(file):     382332 kB
Inactive(file):   382160 kB
Unevictable:        3920 kB
Mlocked:               0 kB
SwapTotal:        524284 kB
SwapFree:         520128 kB
Dirty:               980 kB
Writeback:             0 kB
AnonPages:        902552 kB
Mapped:           585300 kB
Shmem:              1680 kB
Slab:             104096 kB
SReclaimable:      31296 kB
SUnreclaim:        72800 kB
KernelStack:       41344 kB
PageTables:        42108 kB
NFS_Unstable:          0 kB
Bounce:                0 kB
WritebackTmp:          0 kB
CommitLimit:     1815632 kB
Committed_AS:   116332348 kB
VmallocTotal:   251658176 kB
VmallocUsed:      125620 kB
VmallocChunk:   251437476 kB
Time pass: 235 sec

---2015-12-11 14:29:19
MemTotal:        2582696 kB
MemFree:          118540 kB
Buffers:            6464 kB
Cached:           763492 kB
SwapCached:            8 kB
Active:          1106876 kB
Inactive:         557888 kB
Active(anon):     718028 kB
Inactive(anon):   182388 kB
Active(file):     388848 kB
Inactive(file):   375500 kB
Unevictable:        3920 kB
Mlocked:               0 kB
SwapTotal:        524284 kB
SwapFree:         520128 kB
Dirty:               952 kB
Writeback:             0 kB
AnonPages:        898592 kB
Mapped:           578632 kB
Shmem:              1688 kB
Slab:             104104 kB
SReclaimable:      31360 kB
SUnreclaim:        72744 kB
KernelStack:       40640 kB
PageTables:        41636 kB
NFS_Unstable:          0 kB
Bounce:                0 kB
WritebackTmp:          0 kB
CommitLimit:     1815632 kB
Committed_AS:   115088804 kB
VmallocTotal:   251658176 kB
VmallocUsed:      124560 kB
VmallocChunk:   251437476 kB
Time pass: 238 sec

---2015-12-11 14:29:19
MemTotal:        2582696 kB
MemFree:          109576 kB
Buffers:            6456 kB
Cached:           762504 kB
SwapCached:            8 kB
Active:          1112980 kB
Inactive:         557828 kB
Active(anon):     725048 kB
Inactive(anon):   182412 kB
Active(file):     387932 kB
Inactive(file):   375416 kB
Unevictable:        3920 kB
Mlocked:               0 kB
SwapTotal:        524284 kB
SwapFree:         519964 kB
Dirty:               960 kB
Writeback:             4 kB
AnonPages:        906084 kB
Mapped:           585488 kB
Shmem:              1692 kB
Slab:             104128 kB
SReclaimable:      31328 kB
SUnreclaim:        72800 kB
KernelStack:       41504 kB
PageTables:        42376 kB
NFS_Unstable:          0 kB
Bounce:                0 kB
WritebackTmp:          0 kB
CommitLimit:     1815632 kB
Committed_AS:   116349484 kB
VmallocTotal:   251658176 kB
VmallocUsed:      125580 kB
VmallocChunk:   251437476 kB
Time pass: 242 sec

---2015-12-11 14:29:19
MemTotal:        2582696 kB
MemFree:          110216 kB
Buffers:            6456 kB
Cached:           762556 kB
SwapCached:            8 kB
Active:          1111844 kB
Inactive:         557872 kB
Active(anon):     723912 kB
Inactive(anon):   182416 kB
Active(file):     387932 kB
Inactive(file):   375456 kB
Unevictable:        3920 kB
Mlocked:               0 kB
SwapTotal:        524284 kB
SwapFree:         519964 kB
Dirty:               960 kB
Writeback:             0 kB
AnonPages:        904508 kB
Mapped:           585592 kB
Shmem:              1704 kB
Slab:             104244 kB
SReclaimable:      31376 kB
SUnreclaim:        72868 kB
KernelStack:       41440 kB
PageTables:        42180 kB
NFS_Unstable:          0 kB
Bounce:                0 kB
WritebackTmp:          0 kB
CommitLimit:     1815632 kB
Committed_AS:   116349468 kB
VmallocTotal:   251658176 kB
VmallocUsed:      125580 kB
VmallocChunk:   251437476 kB
Time pass: 246 sec

---2015-12-11 14:29:19
MemTotal:        2582696 kB
MemFree:          119240 kB
Buffers:            6456 kB
Cached:           762576 kB
SwapCached:            8 kB
Active:          1103720 kB
Inactive:         557888 kB
Active(anon):     715784 kB
Inactive(anon):   182416 kB
Active(file):     387936 kB
Inactive(file):   375472 kB
Unevictable:        3920 kB
Mlocked:               0 kB
SwapTotal:        524284 kB
SwapFree:         519964 kB
Dirty:               952 kB
Writeback:             0 kB
AnonPages:        896236 kB
Mapped:           585700 kB
Shmem:              1704 kB
Slab:             104284 kB
SReclaimable:      31376 kB
SUnreclaim:        72908 kB
KernelStack:       41440 kB
PageTables:        42212 kB
NFS_Unstable:          0 kB
Bounce:                0 kB
WritebackTmp:          0 kB
CommitLimit:     1815632 kB
Committed_AS:   116353596 kB
VmallocTotal:   251658176 kB
VmallocUsed:      125580 kB
VmallocChunk:   251437476 kB
Time pass: 249 sec

---2015-12-11 14:29:19
MemTotal:        2582696 kB
MemFree:          119428 kB
Buffers:            6456 kB
Cached:           762576 kB
SwapCached:            8 kB
Active:          1103588 kB
Inactive:         557888 kB
Active(anon):     715652 kB
Inactive(anon):   182416 kB
Active(file):     387936 kB
Inactive(file):   375472 kB
Unevictable:        3920 kB
Mlocked:               0 kB
SwapTotal:        524284 kB
SwapFree:         519964 kB
Dirty:               952 kB
Writeback:             0 kB
AnonPages:        896244 kB
Mapped:           585616 kB
Shmem:              1704 kB
Slab:             104352 kB
SReclaimable:      31376 kB
SUnreclaim:        72976 kB
KernelStack:       41456 kB
PageTables:        42180 kB
NFS_Unstable:          0 kB
Bounce:                0 kB
WritebackTmp:          0 kB
CommitLimit:     1815632 kB
Committed_AS:   116353580 kB
VmallocTotal:   251658176 kB
VmallocUsed:      125580 kB
VmallocChunk:   251437476 kB
Time pass: 253 sec

---2015-12-11 14:29:19
MemTotal:        2582696 kB
MemFree:          129364 kB
Buffers:            6456 kB
Cached:           762588 kB
SwapCached:            8 kB
Active:          1096072 kB
Inactive:         557844 kB
Active(anon):     708080 kB
Inactive(anon):   182428 kB
Active(file):     387992 kB
Inactive(file):   375416 kB
Unevictable:        3920 kB
Mlocked:               0 kB
SwapTotal:        524284 kB
SwapFree:         519964 kB
Dirty:               952 kB
Writeback:             0 kB
AnonPages:        889008 kB
Mapped:           578676 kB
Shmem:              1716 kB
Slab:             104348 kB
SReclaimable:      31376 kB
SUnreclaim:        72972 kB
KernelStack:       40816 kB
PageTables:        41684 kB
NFS_Unstable:          0 kB
Bounce:                0 kB
WritebackTmp:          0 kB
CommitLimit:     1815632 kB
Committed_AS:   115097544 kB
VmallocTotal:   251658176 kB
VmallocUsed:      124560 kB
VmallocChunk:   251437476 kB
Time pass: 257 sec

---2015-12-11 14:29:19
MemTotal:        2582696 kB
MemFree:          112416 kB
Buffers:            6456 kB
Cached:           762596 kB
SwapCached:            8 kB
Active:          1111216 kB
Inactive:         557860 kB
Active(anon):     723232 kB
Inactive(anon):   182428 kB
Active(file):     387984 kB
Inactive(file):   375432 kB
Unevictable:        3920 kB
Mlocked:               0 kB
SwapTotal:        524284 kB
SwapFree:         519964 kB
Dirty:               988 kB
Writeback:             0 kB
AnonPages:        904016 kB
Mapped:           585680 kB
Shmem:              1716 kB
Slab:             104372 kB
SReclaimable:      31376 kB
SUnreclaim:        72996 kB
KernelStack:       41680 kB
PageTables:        42300 kB
NFS_Unstable:          0 kB
Bounce:                0 kB
WritebackTmp:          0 kB
CommitLimit:     1815632 kB
Committed_AS:   116353548 kB
VmallocTotal:   251658176 kB
VmallocUsed:      125620 kB
VmallocChunk:   251437476 kB
Time pass: 261 sec

---2015-12-11 14:29:19
MemTotal:        2582696 kB
MemFree:          111276 kB
Buffers:            6456 kB
Cached:           762596 kB
SwapCached:            8 kB
Active:          1111592 kB
Inactive:         557852 kB
Active(anon):     723600 kB
Inactive(anon):   182436 kB
Active(file):     387992 kB
Inactive(file):   375416 kB
Unevictable:        3920 kB
Mlocked:               0 kB
SwapTotal:        524284 kB
SwapFree:         519964 kB
Dirty:               952 kB
Writeback:             0 kB
AnonPages:        904376 kB
Mapped:           585588 kB
Shmem:              1724 kB
Slab:             104444 kB
SReclaimable:      31412 kB
SUnreclaim:        73032 kB
KernelStack:       41456 kB
PageTables:        42192 kB
NFS_Unstable:          0 kB
Bounce:                0 kB
WritebackTmp:          0 kB
CommitLimit:     1815632 kB
Committed_AS:   116353452 kB
VmallocTotal:   251658176 kB
VmallocUsed:      125620 kB
VmallocChunk:   251437476 kB
Time pass: 265 sec

---2015-12-11 14:29:19
MemTotal:        2582696 kB
MemFree:          109756 kB
Buffers:            6456 kB
Cached:           762684 kB
SwapCached:            8 kB
Active:          1112828 kB
Inactive:         557940 kB
Active(anon):     724836 kB
Inactive(anon):   182488 kB
Active(file):     387992 kB
Inactive(file):   375452 kB
Unevictable:        3920 kB
Mlocked:               0 kB
SwapTotal:        524284 kB
SwapFree:         519964 kB
Dirty:               952 kB
Writeback:             0 kB
AnonPages:        905612 kB
Mapped:           585648 kB
Shmem:              1776 kB
Slab:             104476 kB
SReclaimable:      31408 kB
SUnreclaim:        73068 kB
KernelStack:       41424 kB
PageTables:        42196 kB
NFS_Unstable:          0 kB
Bounce:                0 kB
WritebackTmp:          0 kB
CommitLimit:     1815632 kB
Committed_AS:   116353364 kB
VmallocTotal:   251658176 kB
VmallocUsed:      125620 kB
VmallocChunk:   251437476 kB
Time pass: 269 sec

---2015-12-11 14:29:19
MemTotal:        2582696 kB
MemFree:          109332 kB
Buffers:            6456 kB
Cached:           762796 kB
SwapCached:            8 kB
Active:          1113520 kB
Inactive:         558052 kB
Active(anon):     725528 kB
Inactive(anon):   182488 kB
Active(file):     387992 kB
Inactive(file):   375564 kB
Unevictable:        3920 kB
Mlocked:               0 kB
SwapTotal:        524284 kB
SwapFree:         519964 kB
Dirty:               952 kB
Writeback:             0 kB
AnonPages:        906108 kB
Mapped:           585656 kB
Shmem:              1776 kB
Slab:             104592 kB
SReclaimable:      31408 kB
SUnreclaim:        73184 kB
KernelStack:       41376 kB
PageTables:        42192 kB
NFS_Unstable:          0 kB
Bounce:                0 kB
WritebackTmp:          0 kB
CommitLimit:     1815632 kB
Committed_AS:   116353268 kB
VmallocTotal:   251658176 kB
VmallocUsed:      125620 kB
VmallocChunk:   251437476 kB
Time pass: 273 sec

---2015-12-11 14:29:19
MemTotal:        2582696 kB
MemFree:          116004 kB
Buffers:            6456 kB
Cached:           763236 kB
SwapCached:            8 kB
Active:          1108364 kB
Inactive:         558416 kB
Active(anon):     720372 kB
Inactive(anon):   182540 kB
Active(file):     387992 kB
Inactive(file):   375876 kB
Unevictable:        3920 kB
Mlocked:               0 kB
SwapTotal:        524284 kB
SwapFree:         519964 kB
Dirty:               952 kB
Writeback:             0 kB
AnonPages:        901148 kB
Mapped:           579176 kB
Shmem:              1832 kB
Slab:             104488 kB
SReclaimable:      31408 kB
SUnreclaim:        73080 kB
KernelStack:       40816 kB
PageTables:        41792 kB
NFS_Unstable:          0 kB
Bounce:                0 kB
WritebackTmp:          0 kB
CommitLimit:     1815632 kB
Committed_AS:   115105508 kB
VmallocTotal:   251658176 kB
VmallocUsed:      124560 kB
VmallocChunk:   251437476 kB
Time pass: 277 sec

---2015-12-11 14:29:19
MemTotal:        2582696 kB
MemFree:          112068 kB
Buffers:            6456 kB
Cached:           759464 kB
SwapCached:            8 kB
Active:          1113940 kB
Inactive:         555820 kB
Active(anon):     727232 kB
Inactive(anon):   182328 kB
Active(file):     386708 kB
Inactive(file):   373492 kB
Unevictable:        3920 kB
Mlocked:               0 kB
SwapTotal:        524284 kB
SwapFree:         519600 kB
Dirty:               980 kB
Writeback:             0 kB
AnonPages:        907760 kB
Mapped:           585708 kB
Shmem:              1796 kB
Slab:             104136 kB
SReclaimable:      31028 kB
SUnreclaim:        73108 kB
KernelStack:       41424 kB
PageTables:        42204 kB
NFS_Unstable:          0 kB
Bounce:                0 kB
WritebackTmp:          0 kB
CommitLimit:     1815632 kB
Committed_AS:   116361724 kB
VmallocTotal:   251658176 kB
VmallocUsed:      125620 kB
VmallocChunk:   251437476 kB
Time pass: 281 sec

---2015-12-11 14:29:19
MemTotal:        2582696 kB
MemFree:          112768 kB
Buffers:            6456 kB
Cached:           759688 kB
SwapCached:            8 kB
Active:          1113800 kB
Inactive:         555964 kB
Active(anon):     727080 kB
Inactive(anon):   182328 kB
Active(file):     386720 kB
Inactive(file):   373636 kB
Unevictable:        3920 kB
Mlocked:               0 kB
SwapTotal:        524284 kB
SwapFree:         519600 kB
Dirty:              1148 kB
Writeback:             0 kB
AnonPages:        907848 kB
Mapped:           585804 kB
Shmem:              1796 kB
Slab:             104368 kB
SReclaimable:      31236 kB
SUnreclaim:        73132 kB
KernelStack:       41424 kB
PageTables:        42244 kB
NFS_Unstable:          0 kB
Bounce:                0 kB
WritebackTmp:          0 kB
CommitLimit:     1815632 kB
Committed_AS:   116351444 kB
VmallocTotal:   251658176 kB
VmallocUsed:      125620 kB
VmallocChunk:   251437476 kB
Time pass: 285 sec

---2015-12-11 14:29:19
MemTotal:        2582696 kB
MemFree:          112824 kB
Buffers:            6456 kB
Cached:           759820 kB
SwapCached:            8 kB
Active:          1112896 kB
Inactive:         556164 kB
Active(anon):     726172 kB
Inactive(anon):   182308 kB
Active(file):     386724 kB
Inactive(file):   373856 kB
Unevictable:        3920 kB
Mlocked:               0 kB
SwapTotal:        524284 kB
SwapFree:         519600 kB
Dirty:               976 kB
Writeback:             0 kB
AnonPages:        906856 kB
Mapped:           585860 kB
Shmem:              1776 kB
Slab:             104460 kB
SReclaimable:      31248 kB
SUnreclaim:        73212 kB
KernelStack:       41424 kB
PageTables:        42220 kB
NFS_Unstable:          0 kB
Bounce:                0 kB
WritebackTmp:          0 kB
CommitLimit:     1815632 kB
Committed_AS:   116351388 kB
VmallocTotal:   251658176 kB
VmallocUsed:      125620 kB
VmallocChunk:   251437476 kB
Time pass: 289 sec

---2015-12-11 14:29:19
MemTotal:        2582696 kB
MemFree:          120412 kB
Buffers:            6464 kB
Cached:           759812 kB
SwapCached:            8 kB
Active:          1104624 kB
Inactive:         556172 kB
Active(anon):     717908 kB
Inactive(anon):   182308 kB
Active(file):     386716 kB
Inactive(file):   373864 kB
Unevictable:        3920 kB
Mlocked:               0 kB
SwapTotal:        524284 kB
SwapFree:         519600 kB
Dirty:               988 kB
Writeback:             4 kB
AnonPages:        898952 kB
Mapped:           585860 kB
Shmem:              1776 kB
Slab:             104368 kB
SReclaimable:      31248 kB
SUnreclaim:        73120 kB
KernelStack:       41424 kB
PageTables:        42220 kB
NFS_Unstable:          0 kB
Bounce:                0 kB
WritebackTmp:          0 kB
CommitLimit:     1815632 kB
Committed_AS:   116351412 kB
VmallocTotal:   251658176 kB
VmallocUsed:      125620 kB
VmallocChunk:   251437476 kB
Time pass: 293 sec

---2015-12-11 14:29:19
MemTotal:        2582696 kB
MemFree:          127228 kB
Buffers:            6464 kB
Cached:           759828 kB
SwapCached:            8 kB
Active:          1101300 kB
Inactive:         554636 kB
Active(anon):     713032 kB
Inactive(anon):   182316 kB
Active(file):     388268 kB
Inactive(file):   372320 kB
Unevictable:        3920 kB
Mlocked:               0 kB
SwapTotal:        524284 kB
SwapFree:         519600 kB
Dirty:               968 kB
Writeback:             0 kB
AnonPages:        893760 kB
Mapped:           579184 kB
Shmem:              1784 kB
Slab:             104356 kB
SReclaimable:      31252 kB
SUnreclaim:        73104 kB
KernelStack:       40624 kB
PageTables:        41788 kB
NFS_Unstable:          0 kB
Bounce:                0 kB
WritebackTmp:          0 kB
CommitLimit:     1815632 kB
Committed_AS:   115103660 kB
VmallocTotal:   251658176 kB
VmallocUsed:      124560 kB
VmallocChunk:   251437476 kB
Time pass: 297 sec

---2015-12-11 14:29:19
MemTotal:        2582696 kB
MemFree:          110548 kB
Buffers:            6464 kB
Cached:           761180 kB
SwapCached:            8 kB
Active:          1114692 kB
Inactive:         555976 kB
Active(anon):     726424 kB
Inactive(anon):   182320 kB
Active(file):     388268 kB
Inactive(file):   373656 kB
Unevictable:        3920 kB
Mlocked:               0 kB
SwapTotal:        524284 kB
SwapFree:         519600 kB
Dirty:               968 kB
Writeback:             0 kB
AnonPages:        906944 kB
Mapped:           586180 kB
Shmem:              1800 kB
Slab:             104436 kB
SReclaimable:      31272 kB
SUnreclaim:        73164 kB
KernelStack:       41328 kB
PageTables:        42280 kB
NFS_Unstable:          0 kB
Bounce:                0 kB
WritebackTmp:          0 kB
CommitLimit:     1815632 kB
Committed_AS:   116367564 kB
VmallocTotal:   251658176 kB
VmallocUsed:      125580 kB
VmallocChunk:   251437476 kB
Time pass: 302 sec

---2015-12-11 14:29:19
MemTotal:        2582696 kB
MemFree:          125420 kB
Buffers:            6464 kB
Cached:           761180 kB
SwapCached:            8 kB
Active:          1100868 kB
Inactive:         555976 kB
Active(anon):     712600 kB
Inactive(anon):   182320 kB
Active(file):     388268 kB
Inactive(file):   373656 kB
Unevictable:        3920 kB
Mlocked:               0 kB
SwapTotal:        524284 kB
SwapFree:         519600 kB
Dirty:               972 kB
Writeback:             0 kB
AnonPages:        892972 kB
Mapped:           586136 kB
Shmem:              1800 kB
Slab:             104464 kB
SReclaimable:      31300 kB
SUnreclaim:        73164 kB
KernelStack:       41344 kB
PageTables:        42232 kB
NFS_Unstable:          0 kB
Bounce:                0 kB
WritebackTmp:          0 kB
CommitLimit:     1815632 kB
Committed_AS:   116371500 kB
VmallocTotal:   251658176 kB
VmallocUsed:      125580 kB
VmallocChunk:   251437476 kB
Time pass: 306 sec

---2015-12-11 14:29:19
MemTotal:        2582696 kB
MemFree:          125772 kB
Buffers:            6464 kB
Cached:           761180 kB
SwapCached:            8 kB
Active:          1100220 kB
Inactive:         555976 kB
Active(anon):     711952 kB
Inactive(anon):   182320 kB
Active(file):     388268 kB
Inactive(file):   373656 kB
Unevictable:        3920 kB
Mlocked:               0 kB
SwapTotal:        524284 kB
SwapFree:         519600 kB
Dirty:               980 kB
Writeback:             0 kB
AnonPages:        892480 kB
Mapped:           586136 kB
Shmem:              1800 kB
Slab:             104472 kB
SReclaimable:      31300 kB
SUnreclaim:        73172 kB
KernelStack:       41344 kB
PageTables:        42232 kB
NFS_Unstable:          0 kB
Bounce:                0 kB
WritebackTmp:          0 kB
CommitLimit:     1815632 kB
Committed_AS:   116371468 kB
VmallocTotal:   251658176 kB
VmallocUsed:      125580 kB
VmallocChunk:   251437476 kB
Time pass: 310 sec

---2015-12-11 14:29:19
MemTotal:        2582696 kB
MemFree:          135292 kB
Buffers:            6464 kB
Cached:           761180 kB
SwapCached:            8 kB
Active:          1092672 kB
Inactive:         555964 kB
Active(anon):     704392 kB
Inactive(anon):   182320 kB
Active(file):     388280 kB
Inactive(file):   373644 kB
Unevictable:        3920 kB
Mlocked:               0 kB
SwapTotal:        524284 kB
SwapFree:         519600 kB
Dirty:               976 kB
Writeback:             0 kB
AnonPages:        884788 kB
Mapped:           579432 kB
Shmem:              1800 kB
Slab:             104460 kB
SReclaimable:      31296 kB
SUnreclaim:        73164 kB
KernelStack:       40496 kB
PageTables:        41732 kB
NFS_Unstable:          0 kB
Bounce:                0 kB
WritebackTmp:          0 kB
CommitLimit:     1815632 kB
Committed_AS:   115115436 kB
VmallocTotal:   251658176 kB
VmallocUsed:      124560 kB
VmallocChunk:   251437476 kB
Time pass: 315 sec

---2015-12-11 14:29:19
MemTotal:        2582696 kB
MemFree:          119752 kB
Buffers:            6464 kB
Cached:           761192 kB
SwapCached:            8 kB
Active:          1105944 kB
Inactive:         555980 kB
Active(anon):     717672 kB
Inactive(anon):   182328 kB
Active(file):     388272 kB
Inactive(file):   373652 kB
Unevictable:        3920 kB
Mlocked:               0 kB
SwapTotal:        524284 kB
SwapFree:         519600 kB
Dirty:              1008 kB
Writeback:             0 kB
AnonPages:        898536 kB
Mapped:           586248 kB
Shmem:              1812 kB
Slab:             104412 kB
SReclaimable:      31296 kB
SUnreclaim:        73116 kB
KernelStack:       41632 kB
PageTables:        42276 kB
NFS_Unstable:          0 kB
Bounce:                0 kB
WritebackTmp:          0 kB
CommitLimit:     1815632 kB
Committed_AS:   116392940 kB
VmallocTotal:   251658176 kB
VmallocUsed:      125588 kB
VmallocChunk:   251437476 kB
Time pass: 319 sec

---2015-12-11 14:29:19
MemTotal:        2582696 kB
MemFree:          118200 kB
Buffers:            6464 kB
Cached:           761200 kB
SwapCached:          108 kB
Active:          1107556 kB
Inactive:         556084 kB
Active(anon):     719276 kB
Inactive(anon):   182440 kB
Active(file):     388280 kB
Inactive(file):   373644 kB
Unevictable:        3920 kB
Mlocked:               0 kB
SwapTotal:        524284 kB
SwapFree:         519616 kB
Dirty:               976 kB
Writeback:             0 kB
AnonPages:        899808 kB
Mapped:           586224 kB
Shmem:              1820 kB
Slab:             104380 kB
SReclaimable:      31224 kB
SUnreclaim:        73156 kB
KernelStack:       41472 kB
PageTables:        42320 kB
NFS_Unstable:          0 kB
Bounce:                0 kB
WritebackTmp:          0 kB
CommitLimit:     1815632 kB
Committed_AS:   116379900 kB
VmallocTotal:   251658176 kB
VmallocUsed:      125580 kB
VmallocChunk:   251437476 kB
Time pass: 322 sec

---2015-12-11 14:29:19
MemTotal:        2582696 kB
MemFree:          116524 kB
Buffers:            6464 kB
Cached:           761440 kB
SwapCached:          108 kB
Active:          1108168 kB
Inactive:         556252 kB
Active(anon):     719888 kB
Inactive(anon):   182608 kB
Active(file):     388280 kB
Inactive(file):   373644 kB
Unevictable:        3920 kB
Mlocked:               0 kB
SwapTotal:        524284 kB
SwapFree:         519616 kB
Dirty:               976 kB
Writeback:             0 kB
AnonPages:        900600 kB
Mapped:           586436 kB
Shmem:              2060 kB
Slab:             104376 kB
SReclaimable:      31228 kB
SUnreclaim:        73148 kB
KernelStack:       41376 kB
PageTables:        42260 kB
NFS_Unstable:          0 kB
Bounce:                0 kB
WritebackTmp:          0 kB
CommitLimit:     1815632 kB
Committed_AS:   116379868 kB
VmallocTotal:   251658176 kB
VmallocUsed:      125580 kB
VmallocChunk:   251437476 kB
Time pass: 326 sec

---2015-12-11 14:29:19
MemTotal:        2582696 kB
MemFree:          116492 kB
Buffers:            6464 kB
Cached:           761408 kB
SwapCached:          108 kB
Active:          1108372 kB
Inactive:         556292 kB
Active(anon):     720092 kB
Inactive(anon):   182648 kB
Active(file):     388280 kB
Inactive(file):   373644 kB
Unevictable:        3920 kB
Mlocked:               0 kB
SwapTotal:        524284 kB
SwapFree:         519616 kB
Dirty:               976 kB
Writeback:             0 kB
AnonPages:        900756 kB
Mapped:           586404 kB
Shmem:              2028 kB
Slab:             104376 kB
SReclaimable:      31228 kB
SUnreclaim:        73148 kB
KernelStack:       41344 kB
PageTables:        42260 kB
NFS_Unstable:          0 kB
Bounce:                0 kB
WritebackTmp:          0 kB
CommitLimit:     1815632 kB
Committed_AS:   116379820 kB
VmallocTotal:   251658176 kB
VmallocUsed:      125580 kB
VmallocChunk:   251437476 kB
Time pass: 329 sec

---2015-12-11 14:29:19
MemTotal:        2582696 kB
MemFree:          125824 kB
Buffers:            6464 kB
Cached:           761408 kB
SwapCached:          108 kB
Active:          1100940 kB
Inactive:         556280 kB
Active(anon):     712660 kB
Inactive(anon):   182636 kB
Active(file):     388280 kB
Inactive(file):   373644 kB
Unevictable:        3920 kB
Mlocked:               0 kB
SwapTotal:        524284 kB
SwapFree:         519616 kB
Dirty:               980 kB
Writeback:             0 kB
AnonPages:        893404 kB
Mapped:           579828 kB
Shmem:              2028 kB
Slab:             104452 kB
SReclaimable:      31232 kB
SUnreclaim:        73220 kB
KernelStack:       41360 kB
PageTables:        41820 kB
NFS_Unstable:          0 kB
Bounce:                0 kB
WritebackTmp:          0 kB
CommitLimit:     1815632 kB
Committed_AS:   115132820 kB
VmallocTotal:   251658176 kB
VmallocUsed:      125580 kB
VmallocChunk:   251437476 kB
Time pass: 333 sec

---2015-12-11 14:29:19
MemTotal:        2582696 kB
MemFree:          116600 kB
Buffers:            6464 kB
Cached:           761408 kB
SwapCached:          108 kB
Active:          1109824 kB
Inactive:         556280 kB
Active(anon):     721544 kB
Inactive(anon):   182636 kB
Active(file):     388280 kB
Inactive(file):   373644 kB
Unevictable:        3920 kB
Mlocked:               0 kB
SwapTotal:        524284 kB
SwapFree:         519616 kB
Dirty:               976 kB
Writeback:             0 kB
AnonPages:        902600 kB
Mapped:           584700 kB
Shmem:              2028 kB
Slab:             104364 kB
SReclaimable:      31232 kB
SUnreclaim:        73132 kB
KernelStack:       40496 kB
PageTables:        41980 kB
NFS_Unstable:          0 kB
Bounce:                0 kB
WritebackTmp:          0 kB
CommitLimit:     1815632 kB
Committed_AS:   116373924 kB
VmallocTotal:   251658176 kB
VmallocUsed:      125580 kB
VmallocChunk:   251437476 kB
Time pass: 337 sec

---2015-12-11 14:29:19
MemTotal:        2582696 kB
MemFree:          107440 kB
Buffers:            6464 kB
Cached:           761464 kB
SwapCached:          108 kB
Active:          1116880 kB
Inactive:         556344 kB
Active(anon):     728608 kB
Inactive(anon):   182644 kB
Active(file):     388272 kB
Inactive(file):   373700 kB
Unevictable:        3920 kB
Mlocked:               0 kB
SwapTotal:        524284 kB
SwapFree:         519616 kB
Dirty:              1000 kB
Writeback:             0 kB
AnonPages:        909368 kB
Mapped:           586364 kB
Shmem:              2036 kB
Slab:             104396 kB
SReclaimable:      31248 kB
SUnreclaim:        73148 kB
KernelStack:       41392 kB
PageTables:        42280 kB
NFS_Unstable:          0 kB
Bounce:                0 kB
WritebackTmp:          0 kB
CommitLimit:     1815632 kB
Committed_AS:   116379772 kB
VmallocTotal:   251658176 kB
VmallocUsed:      125620 kB
VmallocChunk:   251437476 kB
Time pass: 341 sec

---2015-12-11 14:29:19
MemTotal:        2582696 kB
MemFree:          109676 kB
Buffers:            6464 kB
Cached:           757504 kB
SwapCached:          108 kB
Active:          1118080 kB
Inactive:         554600 kB
Active(anon):     731528 kB
Inactive(anon):   183072 kB
Active(file):     386552 kB
Inactive(file):   371528 kB
Unevictable:        3920 kB
Mlocked:               0 kB
SwapTotal:        524284 kB
SwapFree:         519288 kB
Dirty:              1176 kB
Writeback:             0 kB
AnonPages:        912864 kB
Mapped:           586384 kB
Shmem:              2048 kB
Slab:             104532 kB
SReclaimable:      31248 kB
SUnreclaim:        73284 kB
KernelStack:       41392 kB
PageTables:        42288 kB
NFS_Unstable:          0 kB
Bounce:                0 kB
WritebackTmp:          0 kB
CommitLimit:     1815632 kB
Committed_AS:   116379788 kB
VmallocTotal:   251658176 kB
VmallocUsed:      125620 kB
VmallocChunk:   251437476 kB
Time pass: 345 sec

---2015-12-11 14:29:19
MemTotal:        2582696 kB
MemFree:          110192 kB
Buffers:            6464 kB
Cached:           757604 kB
SwapCached:          108 kB
Active:          1118232 kB
Inactive:         554684 kB
Active(anon):     731688 kB
Inactive(anon):   183092 kB
Active(file):     386544 kB
Inactive(file):   371592 kB
Unevictable:        3920 kB
Mlocked:               0 kB
SwapTotal:        524284 kB
SwapFree:         519288 kB
Dirty:              1024 kB
Writeback:             0 kB
AnonPages:        912856 kB
Mapped:           586504 kB
Shmem:              2012 kB
Slab:             104524 kB
SReclaimable:      31216 kB
SUnreclaim:        73308 kB
KernelStack:       41408 kB
PageTables:        42284 kB
NFS_Unstable:          0 kB
Bounce:                0 kB
WritebackTmp:          0 kB
CommitLimit:     1815632 kB
Committed_AS:   116379740 kB
VmallocTotal:   251658176 kB
VmallocUsed:      125620 kB
VmallocChunk:   251437476 kB
Time pass: 349 sec

---2015-12-11 14:29:19
MemTotal:        2582696 kB
MemFree:          117168 kB
Buffers:            6472 kB
Cached:           757596 kB
SwapCached:          108 kB
Active:          1113680 kB
Inactive:         554676 kB
Active(anon):     727136 kB
Inactive(anon):   183084 kB
Active(file):     386544 kB
Inactive(file):   371592 kB
Unevictable:        3920 kB
Mlocked:               0 kB
SwapTotal:        524284 kB
SwapFree:         519288 kB
Dirty:              1012 kB
Writeback:             0 kB
AnonPages:        908316 kB
Mapped:           579948 kB
Shmem:              2012 kB
Slab:             104540 kB
SReclaimable:      31216 kB
SUnreclaim:        73324 kB
KernelStack:       41072 kB
PageTables:        41820 kB
NFS_Unstable:          0 kB
Bounce:                0 kB
WritebackTmp:          0 kB
CommitLimit:     1815632 kB
Committed_AS:   115145004 kB
VmallocTotal:   251658176 kB
VmallocUsed:      124592 kB
VmallocChunk:   251437476 kB
Time pass: 353 sec

---2015-12-11 14:29:19
MemTotal:        2582696 kB
MemFree:          109412 kB
Buffers:            6472 kB
Cached:           752992 kB
SwapCached:          108 kB
Active:          1119032 kB
Inactive:         555048 kB
Active(anon):     736432 kB
Inactive(anon):   184192 kB
Active(file):     382600 kB
Inactive(file):   370856 kB
Unevictable:        3920 kB
Mlocked:               0 kB
SwapTotal:        524284 kB
SwapFree:         519008 kB
Dirty:              1024 kB
Writeback:             0 kB
AnonPages:        918656 kB
Mapped:           586400 kB
Shmem:              2020 kB
Slab:             104600 kB
SReclaimable:      31220 kB
SUnreclaim:        73380 kB
KernelStack:       41200 kB
PageTables:        42268 kB
NFS_Unstable:          0 kB
Bounce:                0 kB
WritebackTmp:          0 kB
CommitLimit:     1815632 kB
Committed_AS:   116405172 kB
VmallocTotal:   251658176 kB
VmallocUsed:      125588 kB
VmallocChunk:   251437476 kB
Time pass: 357 sec

---2015-12-11 14:29:19
MemTotal:        2582696 kB
MemFree:          122484 kB
Buffers:            6472 kB
Cached:           753052 kB
SwapCached:          108 kB
Active:          1106832 kB
Inactive:         555252 kB
Active(anon):     724324 kB
Inactive(anon):   184184 kB
Active(file):     382508 kB
Inactive(file):   371068 kB
Unevictable:        3920 kB
Mlocked:               0 kB
SwapTotal:        524284 kB
SwapFree:         519008 kB
Dirty:              1040 kB
Writeback:             0 kB
AnonPages:        906540 kB
Mapped:           586528 kB
Shmem:              2028 kB
Slab:             104800 kB
SReclaimable:      31320 kB
SUnreclaim:        73480 kB
KernelStack:       41344 kB
PageTables:        42304 kB
NFS_Unstable:          0 kB
Bounce:                0 kB
WritebackTmp:          0 kB
CommitLimit:     1815632 kB
Committed_AS:   116388020 kB
VmallocTotal:   251658176 kB
VmallocUsed:      125620 kB
VmallocChunk:   251437476 kB
Time pass: 361 sec

---2015-12-11 14:29:19
MemTotal:        2582696 kB
MemFree:          120772 kB
Buffers:            6472 kB
Cached:           753060 kB
SwapCached:          108 kB
Active:          1107532 kB
Inactive:         555252 kB
Active(anon):     725016 kB
Inactive(anon):   184184 kB
Active(file):     382516 kB
Inactive(file):   371068 kB
Unevictable:        3920 kB
Mlocked:               0 kB
SwapTotal:        524284 kB
SwapFree:         519008 kB
Dirty:              1012 kB
Writeback:             0 kB
AnonPages:        907236 kB
Mapped:           586528 kB
Shmem:              2028 kB
Slab:             104720 kB
SReclaimable:      31212 kB
SUnreclaim:        73508 kB
KernelStack:       41360 kB
PageTables:        42308 kB
NFS_Unstable:          0 kB
Bounce:                0 kB
WritebackTmp:          0 kB
CommitLimit:     1815632 kB
Committed_AS:   116387916 kB
VmallocTotal:   251658176 kB
VmallocUsed:      125620 kB
VmallocChunk:   251437476 kB
Time pass: 365 sec

---2015-12-11 14:29:19
MemTotal:        2582696 kB
MemFree:          122512 kB
Buffers:            6472 kB
Cached:           753060 kB
SwapCached:          108 kB
Active:          1104776 kB
Inactive:         555252 kB
Active(anon):     722260 kB
Inactive(anon):   184184 kB
Active(file):     382516 kB
Inactive(file):   371068 kB
Unevictable:        3920 kB
Mlocked:               0 kB
SwapTotal:        524284 kB
SwapFree:         519008 kB
Dirty:              1012 kB
Writeback:             0 kB
AnonPages:        904520 kB
Mapped:           586536 kB
Shmem:              2028 kB
Slab:             104752 kB
SReclaimable:      31212 kB
SUnreclaim:        73540 kB
KernelStack:       41344 kB
PageTables:        42308 kB
NFS_Unstable:          0 kB
Bounce:                0 kB
WritebackTmp:          0 kB
CommitLimit:     1815632 kB
Committed_AS:   116387940 kB
VmallocTotal:   251658176 kB
VmallocUsed:      125632 kB
VmallocChunk:   251437476 kB
Time pass: 369 sec

---2015-12-11 14:29:19
MemTotal:        2582696 kB
MemFree:          134588 kB
Buffers:            6472 kB
Cached:           753152 kB
SwapCached:          108 kB
Active:          1096256 kB
Inactive:         554032 kB
Active(anon):     712432 kB
Inactive(anon):   184188 kB
Active(file):     383824 kB
Inactive(file):   369844 kB
Unevictable:        3920 kB
Mlocked:               0 kB
SwapTotal:        524284 kB
SwapFree:         519008 kB
Dirty:              1012 kB
Writeback:             0 kB
AnonPages:        894452 kB
Mapped:           579904 kB
Shmem:              2036 kB
Slab:             104812 kB
SReclaimable:      31212 kB
SUnreclaim:        73600 kB
KernelStack:       40512 kB
PageTables:        41840 kB
NFS_Unstable:          0 kB
Bounce:                0 kB
WritebackTmp:          0 kB
CommitLimit:     1815632 kB
Committed_AS:   115140276 kB
VmallocTotal:   251658176 kB
VmallocUsed:      124572 kB
VmallocChunk:   251437476 kB
Time pass: 373 sec

---2015-12-11 14:29:19
MemTotal:        2582696 kB
MemFree:          117272 kB
Buffers:            6472 kB
Cached:           753156 kB
SwapCached:          108 kB
Active:          1111780 kB
Inactive:         554040 kB
Active(anon):     727960 kB
Inactive(anon):   184192 kB
Active(file):     383820 kB
Inactive(file):   369848 kB
Unevictable:        3920 kB
Mlocked:               0 kB
SwapTotal:        524284 kB
SwapFree:         519008 kB
Dirty:              1028 kB
Writeback:             0 kB
AnonPages:        910128 kB
Mapped:           586668 kB
Shmem:              2040 kB
Slab:             104716 kB
SReclaimable:      31208 kB
SUnreclaim:        73508 kB
KernelStack:       41472 kB
PageTables:        42484 kB
NFS_Unstable:          0 kB
Bounce:                0 kB
WritebackTmp:          0 kB
CommitLimit:     1815632 kB
Committed_AS:   116401060 kB
VmallocTotal:   251658176 kB
VmallocUsed:      125592 kB
VmallocChunk:   251433380 kB
Time pass: 377 sec

---2015-12-11 14:29:19
MemTotal:        2582696 kB
MemFree:          115444 kB
Buffers:            6472 kB
Cached:           753168 kB
SwapCached:          108 kB
Active:          1112000 kB
Inactive:         554052 kB
Active(anon):     728180 kB
Inactive(anon):   184204 kB
Active(file):     383820 kB
Inactive(file):   369848 kB
Unevictable:        3920 kB
Mlocked:               0 kB
SwapTotal:        524284 kB
SwapFree:         519008 kB
Dirty:              1024 kB
Writeback:             0 kB
AnonPages:        910188 kB
Mapped:           586656 kB
Shmem:              2052 kB
Slab:             104716 kB
SReclaimable:      31208 kB
SUnreclaim:        73508 kB
KernelStack:       41344 kB
PageTables:        42356 kB
NFS_Unstable:          0 kB
Bounce:                0 kB
WritebackTmp:          0 kB
CommitLimit:     1815632 kB
Committed_AS:   116400804 kB
VmallocTotal:   251658176 kB
VmallocUsed:      125592 kB
VmallocChunk:   251433380 kB
Time pass: 381 sec

---2015-12-11 14:29:19
MemTotal:        2582696 kB
MemFree:          115916 kB
Buffers:            6472 kB
Cached:           753168 kB
SwapCached:          108 kB
Active:          1113684 kB
Inactive:         552508 kB
Active(anon):     728320 kB
Inactive(anon):   184204 kB
Active(file):     385364 kB
Inactive(file):   368304 kB
Unevictable:        3920 kB
Mlocked:               0 kB
SwapTotal:        524284 kB
SwapFree:         519008 kB
Dirty:              1012 kB
Writeback:             0 kB
AnonPages:        910596 kB
Mapped:           586656 kB
Shmem:              2052 kB
Slab:             104772 kB
SReclaimable:      31208 kB
SUnreclaim:        73564 kB
KernelStack:       41344 kB
PageTables:        42356 kB
NFS_Unstable:          0 kB
Bounce:                0 kB
WritebackTmp:          0 kB
CommitLimit:     1815632 kB
Committed_AS:   116400780 kB
VmallocTotal:   251658176 kB
VmallocUsed:      125592 kB
VmallocChunk:   251433380 kB
Time pass: 385 sec

---2015-12-11 14:29:19
MemTotal:        2582696 kB
MemFree:          116264 kB
Buffers:            6472 kB
Cached:           753168 kB
SwapCached:          108 kB
Active:          1114288 kB
Inactive:         552508 kB
Active(anon):     728924 kB
Inactive(anon):   184204 kB
Active(file):     385364 kB
Inactive(file):   368304 kB
Unevictable:        3920 kB
Mlocked:               0 kB
SwapTotal:        524284 kB
SwapFree:         519008 kB
Dirty:              1012 kB
Writeback:             0 kB
AnonPages:        911336 kB
Mapped:           586520 kB
Shmem:              2052 kB
Slab:             104812 kB
SReclaimable:      31208 kB
SUnreclaim:        73604 kB
KernelStack:       41344 kB
