---2015-12-09 10:41:11
MemTotal:        2905316 kB
MemFree:           78640 kB
Buffers:           27004 kB
Cached:          1408144 kB
SwapCached:            0 kB
Active:          1310456 kB
Inactive:        1022020 kB
Active(anon):     801564 kB
Inactive(anon):   137612 kB
Active(file):     508892 kB
Inactive(file):   884408 kB
Unevictable:        7488 kB
Mlocked:               0 kB
SwapTotal:        720184 kB
SwapFree:         720184 kB
Dirty:                88 kB
Writeback:           220 kB
AnonPages:        905008 kB
Mapped:           548336 kB
Shmem:             34360 kB
Slab:             116764 kB
SReclaimable:      36288 kB
SUnreclaim:        80476 kB
KernelStack:       33936 kB
PageTables:        57648 kB
NFS_Unstable:          0 kB
Bounce:                0 kB
WritebackTmp:          0 kB
CommitLimit:     2172840 kB
Committed_AS:   96831164 kB
VmallocTotal:   251658176 kB
VmallocUsed:      139740 kB
VmallocChunk:   251434540 kB
Time pass: 3 sec

---2015-12-09 10:41:11
MemTotal:        2905316 kB
MemFree:           87912 kB
Buffers:           27028 kB
Cached:          1408256 kB
SwapCached:            0 kB
Active:          1302024 kB
Inactive:        1021720 kB
Active(anon):     792704 kB
Inactive(anon):   137624 kB
Active(file):     509320 kB
Inactive(file):   884096 kB
Unevictable:        7488 kB
Mlocked:               0 kB
SwapTotal:        720184 kB
SwapFree:         720184 kB
Dirty:               272 kB
Writeback:             0 kB
AnonPages:        895988 kB
Mapped:           544620 kB
Shmem:             34372 kB
Slab:             117548 kB
SReclaimable:      36288 kB
SUnreclaim:        81260 kB
KernelStack:       32512 kB
PageTables:        56416 kB
NFS_Unstable:          0 kB
Bounce:                0 kB
WritebackTmp:          0 kB
CommitLimit:     2172840 kB
Committed_AS:   93810792 kB
VmallocTotal:   251658176 kB
VmallocUsed:      137700 kB
VmallocChunk:   251434540 kB
Time pass: 7 sec

---2015-12-09 10:41:11
MemTotal:        2905316 kB
MemFree:           99572 kB
Buffers:           27036 kB
Cached:          1408700 kB
SwapCached:            0 kB
Active:          1289952 kB
Inactive:        1022140 kB
Active(anon):     780608 kB
Inactive(anon):   137616 kB
Active(file):     509344 kB
Inactive(file):   884524 kB
Unevictable:        7488 kB
Mlocked:               0 kB
SwapTotal:        720184 kB
SwapFree:         720184 kB
Dirty:               156 kB
Writeback:             0 kB
AnonPages:        884108 kB
Mapped:           544724 kB
Shmem:             34364 kB
Slab:             117500 kB
SReclaimable:      36284 kB
SUnreclaim:        81216 kB
KernelStack:       32416 kB
PageTables:        56592 kB
NFS_Unstable:          0 kB
Bounce:                0 kB
WritebackTmp:          0 kB
CommitLimit:     2172840 kB
Committed_AS:   93811744 kB
VmallocTotal:   251658176 kB
VmallocUsed:      137700 kB
VmallocChunk:   251434540 kB
Time pass: 11 sec

---2015-12-09 10:41:11
MemTotal:        2905316 kB
MemFree:           92712 kB
Buffers:           27044 kB
Cached:          1408724 kB
SwapCached:            0 kB
Active:          1297068 kB
Inactive:        1022148 kB
Active(anon):     787684 kB
Inactive(anon):   137616 kB
Active(file):     509384 kB
Inactive(file):   884532 kB
Unevictable:        7488 kB
Mlocked:               0 kB
SwapTotal:        720184 kB
SwapFree:         720184 kB
Dirty:                16 kB
Writeback:             0 kB
AnonPages:        890984 kB
Mapped:           544992 kB
Shmem:             34364 kB
Slab:             117600 kB
SReclaimable:      36284 kB
SUnreclaim:        81316 kB
KernelStack:       32576 kB
PageTables:        56624 kB
NFS_Unstable:          0 kB
Bounce:                0 kB
WritebackTmp:          0 kB
CommitLimit:     2172840 kB
Committed_AS:   93812312 kB
VmallocTotal:   251658176 kB
VmallocUsed:      137712 kB
VmallocChunk:   251434540 kB
Time pass: 14 sec

---2015-12-09 10:41:11
MemTotal:        2905316 kB
MemFree:           95844 kB
Buffers:           27044 kB
Cached:          1410088 kB
SwapCached:            0 kB
Active:          1295892 kB
Inactive:        1020192 kB
Active(anon):     783188 kB
Inactive(anon):   137616 kB
Active(file):     512704 kB
Inactive(file):   882576 kB
Unevictable:        7488 kB
Mlocked:               0 kB
SwapTotal:        720184 kB
SwapFree:         720184 kB
Dirty:                80 kB
Writeback:             0 kB
AnonPages:        886900 kB
Mapped:           541276 kB
Shmem:             34364 kB
Slab:             117540 kB
SReclaimable:      36284 kB
SUnreclaim:        81256 kB
KernelStack:       32448 kB
PageTables:        55900 kB
NFS_Unstable:          0 kB
Bounce:                0 kB
WritebackTmp:          0 kB
CommitLimit:     2172840 kB
Committed_AS:   92565976 kB
VmallocTotal:   251658176 kB
VmallocUsed:      136692 kB
VmallocChunk:   251434540 kB
Time pass: 18 sec

---2015-12-09 10:41:11
MemTotal:        2905316 kB
MemFree:           64128 kB
Buffers:           27144 kB
Cached:          1308880 kB
SwapCached:            0 kB
Active:          1339816 kB
Inactive:         919028 kB
Active(anon):     808548 kB
Inactive(anon):   156056 kB
Active(file):     531268 kB
Inactive(file):   762972 kB
Unevictable:        7488 kB
Mlocked:               0 kB
SwapTotal:        720184 kB
SwapFree:         720184 kB
Dirty:              1684 kB
Writeback:             0 kB
AnonPages:        930324 kB
Mapped:           589692 kB
Shmem:             34500 kB
Slab:             117616 kB
SReclaimable:      36336 kB
SUnreclaim:        81280 kB
KernelStack:       33584 kB
PageTables:        56964 kB
NFS_Unstable:          0 kB
Bounce:                0 kB
WritebackTmp:          0 kB
CommitLimit:     2172840 kB
Committed_AS:   93388492 kB
VmallocTotal:   251658176 kB
VmallocUsed:      138004 kB
VmallocChunk:   251427372 kB
Time pass: 21 sec

---2015-12-09 10:41:11
MemTotal:        2905316 kB
MemFree:           88400 kB
Buffers:           27420 kB
Cached:          1282488 kB
SwapCached:            0 kB
Active:          1305820 kB
Inactive:         899096 kB
Active(anon):     774412 kB
Inactive(anon):   162584 kB
Active(file):     531408 kB
Inactive(file):   736512 kB
Unevictable:        7488 kB
Mlocked:               0 kB
SwapTotal:        720184 kB
SwapFree:         720184 kB
Dirty:               684 kB
Writeback:             0 kB
AnonPages:        902516 kB
Mapped:           604216 kB
Shmem:             34500 kB
Slab:             117516 kB
SReclaimable:      36112 kB
SUnreclaim:        81404 kB
KernelStack:       33312 kB
PageTables:        56132 kB
NFS_Unstable:          0 kB
Bounce:                0 kB
WritebackTmp:          0 kB
CommitLimit:     2172840 kB
Committed_AS:   92134024 kB
VmallocTotal:   251658176 kB
VmallocUsed:      137276 kB
VmallocChunk:   251427372 kB
Time pass: 25 sec

---2015-12-09 10:41:11
MemTotal:        2905316 kB
MemFree:           88948 kB
Buffers:           27436 kB
Cached:          1282500 kB
SwapCached:            0 kB
Active:          1304308 kB
Inactive:         899104 kB
Active(anon):     772892 kB
Inactive(anon):   162584 kB
Active(file):     531416 kB
Inactive(file):   736520 kB
Unevictable:        7488 kB
Mlocked:               0 kB
SwapTotal:        720184 kB
SwapFree:         720184 kB
Dirty:               164 kB
Writeback:             0 kB
AnonPages:        900884 kB
Mapped:           604788 kB
Shmem:             34500 kB
Slab:             117556 kB
SReclaimable:      36128 kB
SUnreclaim:        81428 kB
KernelStack:       33312 kB
PageTables:        56160 kB
NFS_Unstable:          0 kB
Bounce:                0 kB
WritebackTmp:          0 kB
CommitLimit:     2172840 kB
Committed_AS:   92134132 kB
VmallocTotal:   251658176 kB
VmallocUsed:      137276 kB
VmallocChunk:   251427372 kB
Time pass: 29 sec

---2015-12-09 10:41:11
MemTotal:        2905316 kB
MemFree:           77956 kB
Buffers:           27444 kB
Cached:          1282560 kB
SwapCached:            0 kB
Active:          1305332 kB
Inactive:         899172 kB
Active(anon):     773908 kB
Inactive(anon):   162632 kB
Active(file):     531424 kB
Inactive(file):   736540 kB
Unevictable:        7488 kB
Mlocked:               0 kB
SwapTotal:        720184 kB
SwapFree:         720184 kB
Dirty:               192 kB
Writeback:             0 kB
AnonPages:        902020 kB
Mapped:           606236 kB
Shmem:             34548 kB
Slab:             117552 kB
SReclaimable:      36144 kB
SUnreclaim:        81408 kB
KernelStack:       33312 kB
PageTables:        56204 kB
NFS_Unstable:          0 kB
Bounce:                0 kB
WritebackTmp:          0 kB
CommitLimit:     2172840 kB
Committed_AS:   92154880 kB
VmallocTotal:   251658176 kB
VmallocUsed:      137368 kB
VmallocChunk:   251427372 kB
Time pass: 33 sec

---2015-12-09 10:41:11
MemTotal:        2905316 kB
MemFree:           76732 kB
Buffers:           27452 kB
Cached:          1283036 kB
SwapCached:            0 kB
Active:          1305768 kB
Inactive:         899620 kB
Active(anon):     774328 kB
Inactive(anon):   162632 kB
Active(file):     531440 kB
Inactive(file):   736988 kB
Unevictable:        7488 kB
Mlocked:               0 kB
SwapTotal:        720184 kB
SwapFree:         720184 kB
Dirty:                24 kB
Writeback:             0 kB
AnonPages:        902572 kB
Mapped:           607568 kB
Shmem:             34548 kB
Slab:             117600 kB
SReclaimable:      36144 kB
SUnreclaim:        81456 kB
KernelStack:       33296 kB
PageTables:        56200 kB
NFS_Unstable:          0 kB
Bounce:                0 kB
WritebackTmp:          0 kB
CommitLimit:     2172840 kB
Committed_AS:   92154824 kB
VmallocTotal:   251658176 kB
VmallocUsed:      137368 kB
VmallocChunk:   251427372 kB
Time pass: 37 sec

---2015-12-09 10:41:11
MemTotal:        2905316 kB
MemFree:           76356 kB
Buffers:           27452 kB
Cached:          1283048 kB
SwapCached:            0 kB
Active:          1305984 kB
Inactive:         899644 kB
Active(anon):     774532 kB
Inactive(anon):   162632 kB
Active(file):     531452 kB
Inactive(file):   737012 kB
Unevictable:        7488 kB
Mlocked:               0 kB
SwapTotal:        720184 kB
SwapFree:         720184 kB
Dirty:                12 kB
Writeback:             0 kB
AnonPages:        902612 kB
Mapped:           607800 kB
Shmem:             34548 kB
Slab:             117532 kB
SReclaimable:      36144 kB
SUnreclaim:        81388 kB
KernelStack:       33328 kB
PageTables:        56180 kB
NFS_Unstable:          0 kB
Bounce:                0 kB
WritebackTmp:          0 kB
CommitLimit:     2172840 kB
Committed_AS:   92154908 kB
VmallocTotal:   251658176 kB
VmallocUsed:      137368 kB
VmallocChunk:   251427372 kB
Time pass: 40 sec

---2015-12-09 10:41:11
MemTotal:        2905316 kB
MemFree:           66900 kB
Buffers:           28984 kB
Cached:          1275956 kB
SwapCached:            0 kB
Active:          1302652 kB
Inactive:         896304 kB
Active(anon):     771116 kB
Inactive(anon):   164936 kB
Active(file):     531536 kB
Inactive(file):   731368 kB
Unevictable:        7488 kB
Mlocked:               0 kB
SwapTotal:        720184 kB
SwapFree:         720184 kB
Dirty:                88 kB
Writeback:             0 kB
AnonPages:        901856 kB
Mapped:           616560 kB
Shmem:             34548 kB
Slab:             117280 kB
SReclaimable:      36048 kB
SUnreclaim:        81232 kB
KernelStack:       33168 kB
PageTables:        55676 kB
NFS_Unstable:          0 kB
Bounce:                0 kB
WritebackTmp:          0 kB
CommitLimit:     2172840 kB
Committed_AS:   91429832 kB
VmallocTotal:   251658176 kB
VmallocUsed:      136496 kB
VmallocChunk:   251427372 kB
Time pass: 44 sec

---2015-12-09 10:41:11
MemTotal:        2905316 kB
MemFree:           67132 kB
Buffers:           28992 kB
Cached:          1275980 kB
SwapCached:            0 kB
Active:          1302916 kB
Inactive:         896308 kB
Active(anon):     771356 kB
Inactive(anon):   164936 kB
Active(file):     531560 kB
Inactive(file):   731372 kB
Unevictable:        7488 kB
Mlocked:               0 kB
SwapTotal:        720184 kB
SwapFree:         720184 kB
Dirty:               192 kB
Writeback:             0 kB
AnonPages:        901876 kB
Mapped:           616572 kB
Shmem:             34548 kB
Slab:             117512 kB
SReclaimable:      36128 kB
SUnreclaim:        81384 kB
KernelStack:       33184 kB
PageTables:        55676 kB
NFS_Unstable:          0 kB
Bounce:                0 kB
WritebackTmp:          0 kB
CommitLimit:     2172840 kB
Committed_AS:   91429820 kB
VmallocTotal:   251658176 kB
VmallocUsed:      136496 kB
VmallocChunk:   251427372 kB
Time pass: 48 sec

---2015-12-09 10:41:11
MemTotal:        2905316 kB
MemFree:           66920 kB
Buffers:           29000 kB
Cached:          1275984 kB
SwapCached:            0 kB
Active:          1303292 kB
Inactive:         896312 kB
Active(anon):     771724 kB
Inactive(anon):   164936 kB
Active(file):     531568 kB
Inactive(file):   731376 kB
Unevictable:        7488 kB
Mlocked:               0 kB
SwapTotal:        720184 kB
SwapFree:         720184 kB
Dirty:                92 kB
Writeback:             0 kB
AnonPages:        902072 kB
Mapped:           616604 kB
Shmem:             34548 kB
Slab:             117356 kB
SReclaimable:      36128 kB
SUnreclaim:        81228 kB
KernelStack:       33168 kB
PageTables:        55676 kB
NFS_Unstable:          0 kB
Bounce:                0 kB
WritebackTmp:          0 kB
CommitLimit:     2172840 kB
Committed_AS:   91429844 kB
VmallocTotal:   251658176 kB
VmallocUsed:      136496 kB
VmallocChunk:   251427372 kB
Time pass: 52 sec

---2015-12-09 10:41:11
MemTotal:        2905316 kB
MemFree:           65500 kB
Buffers:           29000 kB
Cached:          1276036 kB
SwapCached:            0 kB
Active:          1304248 kB
Inactive:         896352 kB
Active(anon):     772672 kB
Inactive(anon):   164936 kB
Active(file):     531576 kB
Inactive(file):   731416 kB
Unevictable:        7488 kB
Mlocked:               0 kB
SwapTotal:        720184 kB
SwapFree:         720184 kB
Dirty:                56 kB
Writeback:             0 kB
AnonPages:        903084 kB
Mapped:           616616 kB
Shmem:             34548 kB
Slab:             117356 kB
SReclaimable:      36128 kB
SUnreclaim:        81228 kB
KernelStack:       33168 kB
PageTables:        55676 kB
NFS_Unstable:          0 kB
Bounce:                0 kB
WritebackTmp:          0 kB
CommitLimit:     2172840 kB
Committed_AS:   91429852 kB
VmallocTotal:   251658176 kB
VmallocUsed:      136496 kB
VmallocChunk:   251427372 kB
Time pass: 55 sec

---2015-12-09 10:41:11
MemTotal:        2905316 kB
MemFree:           65932 kB
Buffers:           29008 kB
Cached:          1276056 kB
SwapCached:            0 kB
Active:          1304416 kB
Inactive:         896364 kB
Active(anon):     772824 kB
Inactive(anon):   164936 kB
Active(file):     531592 kB
Inactive(file):   731428 kB
Unevictable:        7488 kB
Mlocked:               0 kB
SwapTotal:        720184 kB
SwapFree:         720184 kB
Dirty:                36 kB
Writeback:             0 kB
AnonPages:        903064 kB
Mapped:           616628 kB
Shmem:             34548 kB
Slab:             117512 kB
SReclaimable:      36128 kB
SUnreclaim:        81384 kB
KernelStack:       33024 kB
PageTables:        55676 kB
NFS_Unstable:          0 kB
Bounce:                0 kB
WritebackTmp:          0 kB
CommitLimit:     2172840 kB
Committed_AS:   91429688 kB
VmallocTotal:   251658176 kB
VmallocUsed:      136496 kB
VmallocChunk:   251427372 kB
Time pass: 59 sec

---2015-12-09 10:41:11
MemTotal:        2905316 kB
MemFree:           64732 kB
Buffers:           29016 kB
Cached:          1276116 kB
SwapCached:            0 kB
Active:          1304956 kB
Inactive:         896416 kB
Active(anon):     773356 kB
Inactive(anon):   164984 kB
Active(file):     531600 kB
Inactive(file):   731432 kB
Unevictable:        7488 kB
Mlocked:               0 kB
SwapTotal:        720184 kB
SwapFree:         720184 kB
Dirty:                52 kB
Writeback:             0 kB
AnonPages:        903836 kB
Mapped:           616748 kB
Shmem:             34596 kB
Slab:             117380 kB
SReclaimable:      36144 kB
SUnreclaim:        81236 kB
KernelStack:       33024 kB
PageTables:        55740 kB
NFS_Unstable:          0 kB
Bounce:                0 kB
WritebackTmp:          0 kB
CommitLimit:     2172840 kB
Committed_AS:   91449992 kB
VmallocTotal:   251658176 kB
VmallocUsed:      136496 kB
VmallocChunk:   251427372 kB
Time pass: 63 sec

---2015-12-09 10:41:11
MemTotal:        2905316 kB
MemFree:           63872 kB
Buffers:           29032 kB
Cached:          1276160 kB
SwapCached:            0 kB
Active:          1306020 kB
Inactive:         896460 kB
Active(anon):     774400 kB
Inactive(anon):   164984 kB
Active(file):     531620 kB
Inactive(file):   731476 kB
Unevictable:        7488 kB
Mlocked:               0 kB
SwapTotal:        720184 kB
SwapFree:         720184 kB
Dirty:                84 kB
Writeback:             0 kB
AnonPages:        904852 kB
Mapped:           616692 kB
Shmem:             34596 kB
Slab:             117384 kB
SReclaimable:      36144 kB
SUnreclaim:        81240 kB
KernelStack:       32912 kB
PageTables:        55716 kB
NFS_Unstable:          0 kB
Bounce:                0 kB
WritebackTmp:          0 kB
CommitLimit:     2172840 kB
Committed_AS:   91449908 kB
VmallocTotal:   251658176 kB
VmallocUsed:      136496 kB
VmallocChunk:   251427372 kB
Time pass: 67 sec

---2015-12-09 10:41:11
MemTotal:        2905316 kB
MemFree:           63500 kB
Buffers:           29032 kB
Cached:          1276188 kB
SwapCached:            0 kB
Active:          1306256 kB
Inactive:         896484 kB
Active(anon):     774624 kB
Inactive(anon):   164984 kB
Active(file):     531632 kB
Inactive(file):   731500 kB
Unevictable:        7488 kB
Mlocked:               0 kB
SwapTotal:        720184 kB
SwapFree:         720184 kB
Dirty:                44 kB
Writeback:             0 kB
AnonPages:        905192 kB
Mapped:           616768 kB
Shmem:             34596 kB
Slab:             117492 kB
SReclaimable:      36144 kB
SUnreclaim:        81348 kB
KernelStack:       33008 kB
PageTables:        55772 kB
NFS_Unstable:          0 kB
Bounce:                0 kB
WritebackTmp:          0 kB
CommitLimit:     2172840 kB
Committed_AS:   91449872 kB
VmallocTotal:   251658176 kB
VmallocUsed:      136496 kB
VmallocChunk:   251427372 kB
Time pass: 71 sec

---2015-12-09 10:41:11
MemTotal:        2905316 kB
MemFree:           63688 kB
Buffers:           29048 kB
Cached:          1276232 kB
SwapCached:            0 kB
Active:          1306752 kB
Inactive:         896532 kB
Active(anon):     775108 kB
Inactive(anon):   164984 kB
Active(file):     531644 kB
Inactive(file):   731548 kB
Unevictable:        7488 kB
Mlocked:               0 kB
SwapTotal:        720184 kB
SwapFree:         720184 kB
Dirty:                 8 kB
Writeback:             0 kB
AnonPages:        905460 kB
Mapped:           617112 kB
Shmem:             34596 kB
Slab:             117380 kB
SReclaimable:      36144 kB
SUnreclaim:        81236 kB
KernelStack:       32992 kB
PageTables:        55720 kB
NFS_Unstable:          0 kB
Bounce:                0 kB
WritebackTmp:          0 kB
CommitLimit:     2172840 kB
Committed_AS:   91449860 kB
VmallocTotal:   251658176 kB
VmallocUsed:      136496 kB
VmallocChunk:   251427372 kB
Time pass: 74 sec

---2015-12-09 10:41:11
MemTotal:        2905316 kB
MemFree:           68696 kB
Buffers:           29032 kB
Cached:          1270760 kB
SwapCached:            0 kB
Active:          1305532 kB
Inactive:         892304 kB
Active(anon):     773868 kB
Inactive(anon):   166264 kB
Active(file):     531664 kB
Inactive(file):   726040 kB
Unevictable:        7488 kB
Mlocked:               0 kB
SwapTotal:        720184 kB
SwapFree:         720184 kB
Dirty:                24 kB
Writeback:             0 kB
AnonPages:        905684 kB
Mapped:           617172 kB
Shmem:             34596 kB
Slab:             117448 kB
SReclaimable:      36160 kB
SUnreclaim:        81288 kB
KernelStack:       32976 kB
PageTables:        55744 kB
NFS_Unstable:          0 kB
Bounce:                0 kB
WritebackTmp:          0 kB
CommitLimit:     2172840 kB
Committed_AS:   91449904 kB
VmallocTotal:   251658176 kB
VmallocUsed:      136496 kB
VmallocChunk:   251427372 kB
Time pass: 78 sec

---2015-12-09 10:41:11
MemTotal:        2905316 kB
MemFree:           68332 kB
Buffers:           29040 kB
Cached:          1270764 kB
SwapCached:            0 kB
Active:          1305632 kB
Inactive:         892316 kB
Active(anon):     773964 kB
Inactive(anon):   166264 kB
Active(file):     531668 kB
Inactive(file):   726052 kB
Unevictable:        7488 kB
Mlocked:               0 kB
SwapTotal:        720184 kB
SwapFree:         720184 kB
Dirty:                36 kB
Writeback:             0 kB
AnonPages:        905788 kB
Mapped:           617184 kB
Shmem:             34596 kB
Slab:             117396 kB
SReclaimable:      36160 kB
SUnreclaim:        81236 kB
KernelStack:       32944 kB
PageTables:        55740 kB
NFS_Unstable:          0 kB
Bounce:                0 kB
WritebackTmp:          0 kB
CommitLimit:     2172840 kB
Committed_AS:   91449916 kB
VmallocTotal:   251658176 kB
VmallocUsed:      136496 kB
VmallocChunk:   251427372 kB
Time pass: 82 sec

---2015-12-09 10:41:11
MemTotal:        2905316 kB
MemFree:           68736 kB
Buffers:           29048 kB
Cached:          1270776 kB
SwapCached:            0 kB
Active:          1305920 kB
Inactive:         892328 kB
Active(anon):     774244 kB
Inactive(anon):   166264 kB
Active(file):     531676 kB
Inactive(file):   726064 kB
Unevictable:        7488 kB
Mlocked:               0 kB
SwapTotal:        720184 kB
SwapFree:         720184 kB
Dirty:                24 kB
Writeback:             0 kB
AnonPages:        905904 kB
Mapped:           617184 kB
Shmem:             34596 kB
Slab:             117408 kB
SReclaimable:      36160 kB
SUnreclaim:        81248 kB
KernelStack:       32912 kB
PageTables:        55736 kB
NFS_Unstable:          0 kB
Bounce:                0 kB
WritebackTmp:          0 kB
CommitLimit:     2172840 kB
Committed_AS:   91449864 kB
VmallocTotal:   251658176 kB
VmallocUsed:      136496 kB
VmallocChunk:   251427372 kB
Time pass: 86 sec

---2015-12-09 10:41:11
MemTotal:        2905316 kB
MemFree:           68540 kB
Buffers:           29056 kB
Cached:          1270788 kB
SwapCached:            0 kB
Active:          1306380 kB
Inactive:         892332 kB
Active(anon):     774692 kB
Inactive(anon):   166264 kB
Active(file):     531688 kB
Inactive(file):   726068 kB
Unevictable:        7488 kB
Mlocked:               0 kB
SwapTotal:        720184 kB
SwapFree:         720184 kB
Dirty:                36 kB
Writeback:             0 kB
AnonPages:        906352 kB
Mapped:           617188 kB
Shmem:             34596 kB
Slab:             117420 kB
SReclaimable:      36160 kB
SUnreclaim:        81260 kB
KernelStack:       32960 kB
PageTables:        55768 kB
NFS_Unstable:          0 kB
Bounce:                0 kB
WritebackTmp:          0 kB
CommitLimit:     2172840 kB
Committed_AS:   91450112 kB
VmallocTotal:   251658176 kB
VmallocUsed:      136496 kB
VmallocChunk:   251427372 kB
Time pass: 90 sec

---2015-12-09 10:41:11
MemTotal:        2905316 kB
MemFree:           67020 kB
Buffers:           29064 kB
Cached:          1270836 kB
SwapCached:            0 kB
Active:          1307140 kB
Inactive:         892384 kB
Active(anon):     775448 kB
Inactive(anon):   166312 kB
Active(file):     531692 kB
Inactive(file):   726072 kB
Unevictable:        7488 kB
Mlocked:               0 kB
SwapTotal:        720184 kB
SwapFree:         720184 kB
Dirty:                44 kB
Writeback:             0 kB
AnonPages:        907132 kB
Mapped:           617252 kB
Shmem:             34644 kB
Slab:             117448 kB
SReclaimable:      36160 kB
SUnreclaim:        81288 kB
KernelStack:       32960 kB
PageTables:        55784 kB
NFS_Unstable:          0 kB
Bounce:                0 kB
WritebackTmp:          0 kB
CommitLimit:     2172840 kB
Committed_AS:   91470640 kB
VmallocTotal:   251658176 kB
VmallocUsed:      136496 kB
VmallocChunk:   251427372 kB
Time pass: 93 sec

---2015-12-09 10:41:11
MemTotal:        2905316 kB
MemFree:           67160 kB
Buffers:           29064 kB
Cached:          1270848 kB
SwapCached:            0 kB
Active:          1307264 kB
Inactive:         892392 kB
Active(anon):     775564 kB
Inactive(anon):   166312 kB
Active(file):     531700 kB
Inactive(file):   726080 kB
Unevictable:        7488 kB
Mlocked:               0 kB
SwapTotal:        720184 kB
SwapFree:         720184 kB
Dirty:                36 kB
Writeback:             0 kB
AnonPages:        907280 kB
Mapped:           617260 kB
Shmem:             34644 kB
Slab:             117468 kB
SReclaimable:      36160 kB
SUnreclaim:        81308 kB
KernelStack:       32960 kB
PageTables:        55780 kB
NFS_Unstable:          0 kB
Bounce:                0 kB
WritebackTmp:          0 kB
CommitLimit:     2172840 kB
Committed_AS:   91470640 kB
VmallocTotal:   251658176 kB
VmallocUsed:      136496 kB
VmallocChunk:   251427372 kB
Time pass: 97 sec

---2015-12-09 10:41:11
MemTotal:        2905316 kB
MemFree:           64344 kB
Buffers:           29072 kB
Cached:          1270868 kB
SwapCached:            0 kB
Active:          1310164 kB
Inactive:         892416 kB
Active(anon):     778460 kB
Inactive(anon):   166312 kB
Active(file):     531704 kB
Inactive(file):   726104 kB
Unevictable:        7488 kB
Mlocked:               0 kB
SwapTotal:        720184 kB
SwapFree:         720184 kB
Dirty:                12 kB
Writeback:             0 kB
AnonPages:        910276 kB
Mapped:           617240 kB
Shmem:             34644 kB
Slab:             117560 kB
SReclaimable:      36160 kB
SUnreclaim:        81400 kB
KernelStack:       32976 kB
PageTables:        55844 kB
NFS_Unstable:          0 kB
Bounce:                0 kB
WritebackTmp:          0 kB
CommitLimit:     2172840 kB
Committed_AS:   91474316 kB
VmallocTotal:   251658176 kB
VmallocUsed:      136496 kB
VmallocChunk:   251427372 kB
Time pass: 101 sec

---2015-12-09 10:41:11
MemTotal:        2905316 kB
MemFree:          220528 kB
Buffers:           26168 kB
Cached:          1212572 kB
SwapCached:            0 kB
Active:          1272460 kB
Inactive:         833428 kB
Active(anon):     737344 kB
Inactive(anon):   172192 kB
Active(file):     535116 kB
Inactive(file):   661236 kB
Unevictable:        7488 kB
Mlocked:               0 kB
SwapTotal:        720184 kB
SwapFree:         720184 kB
Dirty:                56 kB
Writeback:             0 kB
AnonPages:        874804 kB
Mapped:           520324 kB
Shmem:             34896 kB
Slab:             116824 kB
SReclaimable:      35836 kB
SUnreclaim:        80988 kB
KernelStack:       31568 kB
PageTables:        53820 kB
NFS_Unstable:          0 kB
Bounce:                0 kB
WritebackTmp:          0 kB
CommitLimit:     2172840 kB
Committed_AS:   89922208 kB
VmallocTotal:   251658176 kB
VmallocUsed:      133592 kB
VmallocChunk:   251435564 kB
Time pass: 104 sec

---2015-12-09 10:41:11
MemTotal:        2905316 kB
MemFree:           93928 kB
Buffers:           26404 kB
Cached:          1214992 kB
SwapCached:            0 kB
Active:          1315500 kB
Inactive:         833460 kB
Active(anon):     777700 kB
Inactive(anon):   172324 kB
Active(file):     537800 kB
Inactive(file):   661136 kB
Unevictable:        7488 kB
Mlocked:               0 kB
SwapTotal:        720184 kB
SwapFree:         720184 kB
Dirty:               840 kB
Writeback:             0 kB
AnonPages:        914804 kB
Mapped:           596392 kB
Shmem:             35032 kB
Slab:             117588 kB
SReclaimable:      36160 kB
SUnreclaim:        81428 kB
KernelStack:       32688 kB
PageTables:        55080 kB
NFS_Unstable:          0 kB
Bounce:                0 kB
WritebackTmp:          0 kB
CommitLimit:     2172840 kB
Committed_AS:   90745980 kB
VmallocTotal:   251658176 kB
VmallocUsed:      135356 kB
VmallocChunk:   251435564 kB
Time pass: 109 sec

---2015-12-09 10:41:11
MemTotal:        2905316 kB
MemFree:           71640 kB
Buffers:           26412 kB
Cached:          1217188 kB
SwapCached:            0 kB
Active:          1308476 kB
Inactive:         835580 kB
Active(anon):     770652 kB
Inactive(anon):   172324 kB
Active(file):     537824 kB
Inactive(file):   663256 kB
Unevictable:        7488 kB
Mlocked:               0 kB
SwapTotal:        720184 kB
SwapFree:         720184 kB
Dirty:              1084 kB
Writeback:             0 kB
AnonPages:        908104 kB
Mapped:           611552 kB
Shmem:             35032 kB
Slab:             117532 kB
SReclaimable:      36224 kB
SUnreclaim:        81308 kB
KernelStack:       32768 kB
PageTables:        55116 kB
NFS_Unstable:          0 kB
Bounce:                0 kB
WritebackTmp:          0 kB
CommitLimit:     2172840 kB
Committed_AS:   90745644 kB
VmallocTotal:   251658176 kB
VmallocUsed:      135580 kB
VmallocChunk:   251435564 kB
Time pass: 113 sec

---2015-12-09 10:41:11
MemTotal:        2905316 kB
MemFree:           71176 kB
Buffers:           26420 kB
Cached:          1217272 kB
SwapCached:            0 kB
Active:          1308500 kB
Inactive:         835660 kB
Active(anon):     770672 kB
Inactive(anon):   172324 kB
Active(file):     537828 kB
Inactive(file):   663336 kB
Unevictable:        7488 kB
Mlocked:               0 kB
SwapTotal:        720184 kB
SwapFree:         720184 kB
Dirty:                88 kB
Writeback:             0 kB
AnonPages:        907824 kB
Mapped:           611640 kB
Shmem:             35032 kB
Slab:             117540 kB
SReclaimable:      36224 kB
SUnreclaim:        81316 kB
KernelStack:       32704 kB
PageTables:        55140 kB
NFS_Unstable:          0 kB
Bounce:                0 kB
WritebackTmp:          0 kB
CommitLimit:     2172840 kB
Committed_AS:   90745616 kB
VmallocTotal:   251658176 kB
VmallocUsed:      135580 kB
VmallocChunk:   251435564 kB
Time pass: 117 sec

---2015-12-09 10:41:11
MemTotal:        2905316 kB
MemFree:           70864 kB
Buffers:           26428 kB
Cached:          1217272 kB
SwapCached:            0 kB
Active:          1308464 kB
Inactive:         835660 kB
Active(anon):     770624 kB
Inactive(anon):   172324 kB
Active(file):     537840 kB
Inactive(file):   663336 kB
Unevictable:        7488 kB
Mlocked:               0 kB
SwapTotal:        720184 kB
SwapFree:         720184 kB
Dirty:                12 kB
Writeback:             0 kB
AnonPages:        908024 kB
Mapped:           611612 kB
Shmem:             35032 kB
Slab:             117640 kB
SReclaimable:      36224 kB
SUnreclaim:        81416 kB
KernelStack:       32672 kB
PageTables:        55092 kB
NFS_Unstable:          0 kB
Bounce:                0 kB
WritebackTmp:          0 kB
CommitLimit:     2172840 kB
Committed_AS:   90745604 kB
VmallocTotal:   251658176 kB
VmallocUsed:      135580 kB
VmallocChunk:   251435564 kB
Time pass: 121 sec

---2015-12-09 10:41:11
MemTotal:        2905316 kB
MemFree:           70492 kB
Buffers:           26428 kB
Cached:          1217344 kB
SwapCached:            0 kB
Active:          1309424 kB
Inactive:         835732 kB
Active(anon):     771580 kB
Inactive(anon):   172372 kB
Active(file):     537844 kB
Inactive(file):   663360 kB
Unevictable:        7488 kB
Mlocked:               0 kB
SwapTotal:        720184 kB
SwapFree:         720184 kB
Dirty:                 0 kB
Writeback:            28 kB
AnonPages:        908876 kB
Mapped:           611732 kB
Shmem:             35080 kB
Slab:             117636 kB
SReclaimable:      36224 kB
SUnreclaim:        81412 kB
KernelStack:       32720 kB
PageTables:        55156 kB
NFS_Unstable:          0 kB
Bounce:                0 kB
WritebackTmp:          0 kB
CommitLimit:     2172840 kB
Committed_AS:   90766068 kB
VmallocTotal:   251658176 kB
VmallocUsed:      135580 kB
VmallocChunk:   251435564 kB
Time pass: 124 sec

---2015-12-09 10:41:11
MemTotal:        2905316 kB
MemFree:           70172 kB
Buffers:           26436 kB
Cached:          1217352 kB
SwapCached:            0 kB
Active:          1309760 kB
Inactive:         835732 kB
Active(anon):     771904 kB
Inactive(anon):   172372 kB
Active(file):     537856 kB
Inactive(file):   663360 kB
Unevictable:        7488 kB
Mlocked:               0 kB
SwapTotal:        720184 kB
SwapFree:         720184 kB
Dirty:                40 kB
Writeback:             0 kB
AnonPages:        909100 kB
Mapped:           611800 kB
Shmem:             35080 kB
Slab:             117728 kB
SReclaimable:      36224 kB
SUnreclaim:        81504 kB
KernelStack:       32704 kB
PageTables:        55184 kB
NFS_Unstable:          0 kB
Bounce:                0 kB
WritebackTmp:          0 kB
CommitLimit:     2172840 kB
Committed_AS:   90766092 kB
VmallocTotal:   251658176 kB
VmallocUsed:      135580 kB
VmallocChunk:   251435564 kB
Time pass: 128 sec

---2015-12-09 10:41:11
MemTotal:        2905316 kB
MemFree:           69580 kB
Buffers:           26444 kB
Cached:          1217368 kB
SwapCached:            0 kB
Active:          1310112 kB
Inactive:         835744 kB
Active(anon):     772244 kB
Inactive(anon):   172372 kB
Active(file):     537868 kB
Inactive(file):   663372 kB
Unevictable:        7488 kB
Mlocked:               0 kB
SwapTotal:        720184 kB
SwapFree:         720184 kB
Dirty:                52 kB
Writeback:             0 kB
AnonPages:        909544 kB
Mapped:           611884 kB
Shmem:             35080 kB
Slab:             117596 kB
SReclaimable:      36224 kB
SUnreclaim:        81372 kB
KernelStack:       32704 kB
PageTables:        55184 kB
NFS_Unstable:          0 kB
Bounce:                0 kB
WritebackTmp:          0 kB
CommitLimit:     2172840 kB
Committed_AS:   90766024 kB
VmallocTotal:   251658176 kB
VmallocUsed:      135580 kB
VmallocChunk:   251435564 kB
Time pass: 132 sec

---2015-12-09 10:41:11
MemTotal:        2905316 kB
MemFree:           69804 kB
Buffers:           26444 kB
Cached:          1217376 kB
SwapCached:            0 kB
Active:          1310248 kB
Inactive:         835752 kB
Active(anon):     772376 kB
Inactive(anon):   172372 kB
Active(file):     537872 kB
Inactive(file):   663380 kB
Unevictable:        7488 kB
Mlocked:               0 kB
SwapTotal:        720184 kB
SwapFree:         720184 kB
Dirty:                 0 kB
Writeback:             0 kB
AnonPages:        909632 kB
Mapped:           611828 kB
Shmem:             35080 kB
Slab:             117552 kB
SReclaimable:      36224 kB
SUnreclaim:        81328 kB
KernelStack:       32672 kB
PageTables:        55164 kB
NFS_Unstable:          0 kB
Bounce:                0 kB
WritebackTmp:          0 kB
CommitLimit:     2172840 kB
Committed_AS:   90766108 kB
VmallocTotal:   251658176 kB
VmallocUsed:      135580 kB
VmallocChunk:   251435564 kB
Time pass: 136 sec

---2015-12-09 10:41:11
MemTotal:        2905316 kB
MemFree:           69772 kB
Buffers:           26452 kB
Cached:          1217380 kB
SwapCached:            0 kB
Active:          1310348 kB
Inactive:         835756 kB
Active(anon):     772468 kB
Inactive(anon):   172372 kB
Active(file):     537880 kB
Inactive(file):   663384 kB
Unevictable:        7488 kB
Mlocked:               0 kB
SwapTotal:        720184 kB
SwapFree:         720184 kB
Dirty:                36 kB
Writeback:             0 kB
AnonPages:        909900 kB
Mapped:           612284 kB
Shmem:             35080 kB
Slab:             117692 kB
SReclaimable:      36224 kB
SUnreclaim:        81468 kB
KernelStack:       32752 kB
PageTables:        55164 kB
NFS_Unstable:          0 kB
Bounce:                0 kB
WritebackTmp:          0 kB
CommitLimit:     2172840 kB
Committed_AS:   90766120 kB
VmallocTotal:   251658176 kB
VmallocUsed:      135580 kB
VmallocChunk:   251435564 kB
Time pass: 140 sec

---2015-12-09 10:41:11
MemTotal:        2905316 kB
MemFree:           68844 kB
Buffers:           26460 kB
Cached:          1217388 kB
SwapCached:            0 kB
Active:          1310624 kB
Inactive:         835760 kB
Active(anon):     772736 kB
Inactive(anon):   172372 kB
Active(file):     537888 kB
Inactive(file):   663388 kB
Unevictable:        7488 kB
Mlocked:               0 kB
SwapTotal:        720184 kB
SwapFree:         720184 kB
Dirty:                32 kB
Writeback:             0 kB
AnonPages:        910032 kB
Mapped:           612284 kB
Shmem:             35080 kB
Slab:             117560 kB
SReclaimable:      36224 kB
SUnreclaim:        81336 kB
KernelStack:       32736 kB
PageTables:        55164 kB
NFS_Unstable:          0 kB
Bounce:                0 kB
WritebackTmp:          0 kB
CommitLimit:     2172840 kB
Committed_AS:   90766108 kB
VmallocTotal:   251658176 kB
VmallocUsed:      135580 kB
VmallocChunk:   251435564 kB
Time pass: 144 sec

---2015-12-09 10:41:11
MemTotal:        2905316 kB
MemFree:           68696 kB
Buffers:           26468 kB
Cached:          1217400 kB
SwapCached:            0 kB
Active:          1310792 kB
Inactive:         835764 kB
Active(anon):     772892 kB
Inactive(anon):   172372 kB
Active(file):     537900 kB
Inactive(file):   663392 kB
Unevictable:        7488 kB
Mlocked:               0 kB
SwapTotal:        720184 kB
SwapFree:         720184 kB
Dirty:                 0 kB
Writeback:             0 kB
AnonPages:        910144 kB
Mapped:           612288 kB
Shmem:             35080 kB
Slab:             117560 kB
SReclaimable:      36224 kB
SUnreclaim:        81336 kB
KernelStack:       32720 kB
PageTables:        55164 kB
NFS_Unstable:          0 kB
Bounce:                0 kB
WritebackTmp:          0 kB
CommitLimit:     2172840 kB
Committed_AS:   90766092 kB
VmallocTotal:   251658176 kB
VmallocUsed:      135580 kB
VmallocChunk:   251435564 kB
Time pass: 148 sec

---2015-12-09 10:41:11
MemTotal:        2905316 kB
MemFree:           68156 kB
Buffers:           26468 kB
Cached:          1217404 kB
SwapCached:            0 kB
Active:          1311416 kB
Inactive:         835772 kB
Active(anon):     773512 kB
Inactive(anon):   172372 kB
Active(file):     537904 kB
Inactive(file):   663400 kB
Unevictable:        7488 kB
Mlocked:               0 kB
SwapTotal:        720184 kB
SwapFree:         720184 kB
Dirty:                36 kB
Writeback:             0 kB
AnonPages:        910868 kB
Mapped:           612300 kB
Shmem:             35080 kB
Slab:             117696 kB
SReclaimable:      36224 kB
SUnreclaim:        81472 kB
KernelStack:       32704 kB
PageTables:        55164 kB
NFS_Unstable:          0 kB
Bounce:                0 kB
WritebackTmp:          0 kB
CommitLimit:     2172840 kB
Committed_AS:   90786560 kB
VmallocTotal:   251658176 kB
VmallocUsed:      135580 kB
VmallocChunk:   251435564 kB
Time pass: 151 sec

---2015-12-09 10:41:11
MemTotal:        2905316 kB
MemFree:           67292 kB
Buffers:           26484 kB
Cached:          1217508 kB
SwapCached:            0 kB
Active:          1312684 kB
Inactive:         835828 kB
Active(anon):     774768 kB
Inactive(anon):   172420 kB
Active(file):     537916 kB
Inactive(file):   663408 kB
Unevictable:        7488 kB
Mlocked:               0 kB
SwapTotal:        720184 kB
SwapFree:         720184 kB
Dirty:               104 kB
Writeback:             0 kB
AnonPages:        911964 kB
Mapped:           612368 kB
Shmem:             35128 kB
Slab:             117612 kB
SReclaimable:      36224 kB
SUnreclaim:        81388 kB
KernelStack:       32704 kB
PageTables:        55200 kB
NFS_Unstable:          0 kB
Bounce:                0 kB
WritebackTmp:          0 kB
CommitLimit:     2172840 kB
Committed_AS:   90786572 kB
VmallocTotal:   251658176 kB
VmallocUsed:      135580 kB
VmallocChunk:   251435564 kB
Time pass: 155 sec

---2015-12-09 10:41:11
MemTotal:        2905316 kB
MemFree:           66276 kB
Buffers:           26484 kB
Cached:          1217524 kB
SwapCached:            0 kB
Active:          1312872 kB
Inactive:         835880 kB
Active(anon):     774944 kB
Inactive(anon):   172420 kB
Active(file):     537928 kB
Inactive(file):   663460 kB
Unevictable:        7488 kB
Mlocked:               0 kB
SwapTotal:        720184 kB
SwapFree:         720184 kB
Dirty:                16 kB
Writeback:             0 kB
AnonPages:        912204 kB
Mapped:           612396 kB
Shmem:             35128 kB
Slab:             117764 kB
SReclaimable:      36224 kB
SUnreclaim:        81540 kB
KernelStack:       32704 kB
PageTables:        55204 kB
NFS_Unstable:          0 kB
Bounce:                0 kB
WritebackTmp:          0 kB
CommitLimit:     2172840 kB
Committed_AS:   90786572 kB
VmallocTotal:   251658176 kB
VmallocUsed:      135580 kB
VmallocChunk:   251435564 kB
Time pass: 159 sec

---2015-12-09 10:41:11
MemTotal:        2905316 kB
MemFree:           66636 kB
Buffers:           26492 kB
Cached:          1217524 kB
SwapCached:            0 kB
Active:          1312856 kB
Inactive:         835880 kB
Active(anon):     774916 kB
Inactive(anon):   172420 kB
Active(file):     537940 kB
Inactive(file):   663460 kB
Unevictable:        7488 kB
Mlocked:               0 kB
SwapTotal:        720184 kB
SwapFree:         720184 kB
Dirty:                24 kB
Writeback:             0 kB
AnonPages:        912312 kB
Mapped:           612400 kB
Shmem:             35128 kB
Slab:             117632 kB
SReclaimable:      36240 kB
SUnreclaim:        81392 kB
KernelStack:       32704 kB
PageTables:        55200 kB
NFS_Unstable:          0 kB
Bounce:                0 kB
WritebackTmp:          0 kB
CommitLimit:     2172840 kB
Committed_AS:   90786572 kB
VmallocTotal:   251658176 kB
VmallocUsed:      135580 kB
VmallocChunk:   251435564 kB
Time pass: 162 sec

---2015-12-09 10:41:11
MemTotal:        2905316 kB
MemFree:           65948 kB
Buffers:           26500 kB
Cached:          1217560 kB
SwapCached:            0 kB
Active:          1313956 kB
Inactive:         835916 kB
Active(anon):     776016 kB
Inactive(anon):   172420 kB
Active(file):     537940 kB
Inactive(file):   663496 kB
Unevictable:        7488 kB
Mlocked:               0 kB
SwapTotal:        720184 kB
SwapFree:         720184 kB
Dirty:                68 kB
Writeback:             0 kB
AnonPages:        913352 kB
Mapped:           612408 kB
Shmem:             35128 kB
Slab:             117632 kB
SReclaimable:      36240 kB
SUnreclaim:        81392 kB
KernelStack:       32704 kB
PageTables:        55204 kB
NFS_Unstable:          0 kB
Bounce:                0 kB
WritebackTmp:          0 kB
CommitLimit:     2172840 kB
Committed_AS:   90786572 kB
VmallocTotal:   251658176 kB
VmallocUsed:      135580 kB
VmallocChunk:   251435564 kB
Time pass: 166 sec

---2015-12-09 10:41:11
MemTotal:        2905316 kB
MemFree:           65372 kB
Buffers:           26508 kB
Cached:          1217564 kB
SwapCached:            0 kB
Active:          1314116 kB
Inactive:         835928 kB
Active(anon):     776172 kB
Inactive(anon):   172420 kB
Active(file):     537944 kB
Inactive(file):   663508 kB
Unevictable:        7488 kB
Mlocked:               0 kB
SwapTotal:        720184 kB
SwapFree:         720184 kB
Dirty:                 4 kB
Writeback:             0 kB
AnonPages:        913284 kB
Mapped:           612412 kB
Shmem:             35128 kB
Slab:             117688 kB
SReclaimable:      36240 kB
SUnreclaim:        81448 kB
KernelStack:       32656 kB
PageTables:        55200 kB
NFS_Unstable:          0 kB
Bounce:                0 kB
WritebackTmp:          0 kB
CommitLimit:     2172840 kB
Committed_AS:   90786516 kB
VmallocTotal:   251658176 kB
VmallocUsed:      135580 kB
VmallocChunk:   251435564 kB
Time pass: 170 sec

---2015-12-09 10:41:11
MemTotal:        2905316 kB
MemFree:           65000 kB
Buffers:           26508 kB
Cached:          1217580 kB
SwapCached:            0 kB
Active:          1314044 kB
Inactive:         835932 kB
Active(anon):     776088 kB
Inactive(anon):   172420 kB
Active(file):     537956 kB
Inactive(file):   663512 kB
Unevictable:        7488 kB
Mlocked:               0 kB
SwapTotal:        720184 kB
SwapFree:         720184 kB
Dirty:                16 kB
Writeback:             0 kB
AnonPages:        913544 kB
Mapped:           612420 kB
Shmem:             35128 kB
Slab:             117640 kB
SReclaimable:      36240 kB
SUnreclaim:        81400 kB
KernelStack:       32672 kB
PageTables:        55200 kB
NFS_Unstable:          0 kB
Bounce:                0 kB
WritebackTmp:          0 kB
CommitLimit:     2172840 kB
Committed_AS:   90786492 kB
VmallocTotal:   251658176 kB
VmallocUsed:      135580 kB
VmallocChunk:   251435564 kB
Time pass: 174 sec

---2015-12-09 10:41:11
MemTotal:        2905316 kB
MemFree:           64936 kB
Buffers:           26516 kB
Cached:          1217584 kB
SwapCached:            0 kB
Active:          1314184 kB
Inactive:         835940 kB
Active(anon):     776224 kB
Inactive(anon):   172420 kB
Active(file):     537960 kB
Inactive(file):   663520 kB
Unevictable:        7488 kB
Mlocked:               0 kB
SwapTotal:        720184 kB
SwapFree:         720184 kB
Dirty:                 0 kB
Writeback:             0 kB
AnonPages:        913616 kB
Mapped:           612424 kB
Shmem:             35128 kB
Slab:             117788 kB
SReclaimable:      36240 kB
SUnreclaim:        81548 kB
KernelStack:       32672 kB
PageTables:        55200 kB
NFS_Unstable:          0 kB
Bounce:                0 kB
WritebackTmp:          0 kB
CommitLimit:     2172840 kB
Committed_AS:   90786492 kB
VmallocTotal:   251658176 kB
VmallocUsed:      135580 kB
VmallocChunk:   251435564 kB
Time pass: 178 sec

---2015-12-09 10:41:11
MemTotal:        2905316 kB
MemFree:           64476 kB
Buffers:           26524 kB
Cached:          1217580 kB
SwapCached:            0 kB
Active:          1315076 kB
Inactive:         835940 kB
Active(anon):     777108 kB
Inactive(anon):   172420 kB
Active(file):     537968 kB
Inactive(file):   663520 kB
Unevictable:        7488 kB
Mlocked:               0 kB
SwapTotal:        720184 kB
SwapFree:         720184 kB
Dirty:                12 kB
Writeback:             0 kB
AnonPages:        914456 kB
Mapped:           612428 kB
Shmem:             35128 kB
Slab:             117664 kB
SReclaimable:      36240 kB
SUnreclaim:        81424 kB
KernelStack:       32672 kB
PageTables:        55196 kB
NFS_Unstable:          0 kB
Bounce:                0 kB
WritebackTmp:          0 kB
CommitLimit:     2172840 kB
Committed_AS:   90807216 kB
VmallocTotal:   251658176 kB
VmallocUsed:      135580 kB
VmallocChunk:   251435564 kB
Time pass: 182 sec

---2015-12-09 10:41:11
MemTotal:        2905316 kB
MemFree:           64012 kB
Buffers:           26524 kB
Cached:          1217640 kB
SwapCached:            0 kB
Active:          1315188 kB
Inactive:         835996 kB
Active(anon):     777220 kB
Inactive(anon):   172468 kB
Active(file):     537968 kB
Inactive(file):   663528 kB
Unevictable:        7488 kB
Mlocked:               0 kB
SwapTotal:        720184 kB
SwapFree:         720184 kB
Dirty:                 8 kB
Writeback:             0 kB
AnonPages:        914528 kB
Mapped:           612484 kB
Shmem:             35176 kB
Slab:             117684 kB
SReclaimable:      36240 kB
SUnreclaim:        81444 kB
KernelStack:       32672 kB
PageTables:        55236 kB
NFS_Unstable:          0 kB
Bounce:                0 kB
WritebackTmp:          0 kB
CommitLimit:     2172840 kB
Committed_AS:   90807228 kB
VmallocTotal:   251658176 kB
VmallocUsed:      135580 kB
VmallocChunk:   251435564 kB
Time pass: 185 sec

---2015-12-09 10:41:11
MemTotal:        2905316 kB
MemFree:           64216 kB
Buffers:           26532 kB
Cached:          1217640 kB
SwapCached:            0 kB
Active:          1315188 kB
Inactive:         836004 kB
Active(anon):     777216 kB
Inactive(anon):   172468 kB
Active(file):     537972 kB
Inactive(file):   663536 kB
Unevictable:        7488 kB
Mlocked:               0 kB
SwapTotal:        720184 kB
SwapFree:         720184 kB
Dirty:                 0 kB
Writeback:             0 kB
AnonPages:        914604 kB
Mapped:           612488 kB
Shmem:             35176 kB
Slab:             117640 kB
SReclaimable:      36240 kB
SUnreclaim:        81400 kB
KernelStack:       32672 kB
PageTables:        55240 kB
NFS_Unstable:          0 kB
Bounce:                0 kB
WritebackTmp:          0 kB
CommitLimit:     2172840 kB
Committed_AS:   90807240 kB
VmallocTotal:   251658176 kB
VmallocUsed:      135580 kB
VmallocChunk:   251435564 kB
Time pass: 189 sec

---2015-12-09 10:41:11
MemTotal:        2905316 kB
MemFree:           62932 kB
Buffers:           26532 kB
Cached:          1217680 kB
SwapCached:            0 kB
Active:          1316368 kB
Inactive:         836008 kB
Active(anon):     778392 kB
Inactive(anon):   172468 kB
Active(file):     537976 kB
Inactive(file):   663540 kB
Unevictable:        7488 kB
Mlocked:               0 kB
SwapTotal:        720184 kB
SwapFree:         720184 kB
Dirty:                52 kB
Writeback:             0 kB
AnonPages:        915672 kB
Mapped:           612576 kB
Shmem:             35176 kB
Slab:             117704 kB
SReclaimable:      36240 kB
SUnreclaim:        81464 kB
KernelStack:       32624 kB
PageTables:        55240 kB
NFS_Unstable:          0 kB
Bounce:                0 kB
WritebackTmp:          0 kB
CommitLimit:     2172840 kB
Committed_AS:   90807156 kB
VmallocTotal:   251658176 kB
VmallocUsed:      135580 kB
VmallocChunk:   251435564 kB
Time pass: 193 sec

---2015-12-09 10:41:11
MemTotal:        2905316 kB
MemFree:           68404 kB
Buffers:           26540 kB
Cached:          1212740 kB
SwapCached:            0 kB
Active:          1315208 kB
Inactive:         832336 kB
Active(anon):     777192 kB
Inactive(anon):   173748 kB
Active(file):     538016 kB
Inactive(file):   658588 kB
Unevictable:        7488 kB
Mlocked:               0 kB
SwapTotal:        720184 kB
SwapFree:         720184 kB
Dirty:                16 kB
Writeback:             0 kB
AnonPages:        915932 kB
Mapped:           612616 kB
Shmem:             35176 kB
Slab:             117752 kB
SReclaimable:      36240 kB
SUnreclaim:        81512 kB
KernelStack:       32624 kB
PageTables:        55240 kB
NFS_Unstable:          0 kB
Bounce:                0 kB
WritebackTmp:          0 kB
CommitLimit:     2172840 kB
Committed_AS:   90807144 kB
VmallocTotal:   251658176 kB
VmallocUsed:      135580 kB
VmallocChunk:   251435564 kB
Time pass: 197 sec

---2015-12-09 10:41:11
MemTotal:        2905316 kB
MemFree:           68340 kB
Buffers:           26548 kB
Cached:          1212748 kB
SwapCached:            0 kB
Active:          1315452 kB
Inactive:         832336 kB
Active(anon):     777424 kB
Inactive(anon):   173748 kB
Active(file):     538028 kB
Inactive(file):   658588 kB
Unevictable:        7488 kB
Mlocked:               0 kB
SwapTotal:        720184 kB
SwapFree:         720184 kB
Dirty:                16 kB
Writeback:             0 kB
AnonPages:        916220 kB
Mapped:           612636 kB
Shmem:             35176 kB
Slab:             117720 kB
SReclaimable:      36240 kB
SUnreclaim:        81480 kB
KernelStack:       32624 kB
PageTables:        55240 kB
NFS_Unstable:          0 kB
Bounce:                0 kB
WritebackTmp:          0 kB
CommitLimit:     2172840 kB
Committed_AS:   90807144 kB
VmallocTotal:   251658176 kB
VmallocUsed:      135580 kB
VmallocChunk:   251435564 kB
Time pass: 201 sec

---2015-12-09 10:41:11
MemTotal:        2905316 kB
MemFree:           67168 kB
Buffers:           26556 kB
Cached:          1212796 kB
SwapCached:            0 kB
Active:          1316820 kB
Inactive:         832376 kB
Active(anon):     778772 kB
Inactive(anon):   173748 kB
Active(file):     538048 kB
Inactive(file):   658628 kB
Unevictable:        7488 kB
Mlocked:               0 kB
SwapTotal:        720184 kB
SwapFree:         720184 kB
Dirty:                80 kB
Writeback:             0 kB
AnonPages:        917576 kB
Mapped:           612640 kB
Shmem:             35176 kB
Slab:             117704 kB
SReclaimable:      36240 kB
SUnreclaim:        81464 kB
KernelStack:       32656 kB
PageTables:        55276 kB
NFS_Unstable:          0 kB
Bounce:                0 kB
WritebackTmp:          0 kB
CommitLimit:     2172840 kB
Committed_AS:   90807152 kB
VmallocTotal:   251658176 kB
VmallocUsed:      135580 kB
VmallocChunk:   251435564 kB
Time pass: 205 sec

---2015-12-09 10:41:11
MemTotal:        2905316 kB
MemFree:           67036 kB
Buffers:           26564 kB
Cached:          1212792 kB
SwapCached:            0 kB
Active:          1316876 kB
Inactive:         832384 kB
Active(anon):     778828 kB
Inactive(anon):   173748 kB
Active(file):     538048 kB
Inactive(file):   658636 kB
Unevictable:        7488 kB
Mlocked:               0 kB
SwapTotal:        720184 kB
SwapFree:         720184 kB
Dirty:                 8 kB
Writeback:             0 kB
AnonPages:        917420 kB
Mapped:           612644 kB
Shmem:             35176 kB
Slab:             117732 kB
SReclaimable:      36240 kB
SUnreclaim:        81492 kB
KernelStack:       32672 kB
PageTables:        55244 kB
NFS_Unstable:          0 kB
Bounce:                0 kB
WritebackTmp:          0 kB
CommitLimit:     2172840 kB
Committed_AS:   90807188 kB
VmallocTotal:   251658176 kB
VmallocUsed:      135580 kB
VmallocChunk:   251435564 kB
Time pass: 208 sec

---2015-12-09 10:41:11
MemTotal:        2905316 kB
MemFree:           65500 kB
Buffers:           26572 kB
Cached:          1212844 kB
SwapCached:            0 kB
Active:          1317640 kB
Inactive:         832448 kB
Active(anon):     779588 kB
Inactive(anon):   173796 kB
Active(file):     538052 kB
Inactive(file):   658652 kB
Unevictable:        7488 kB
Mlocked:               0 kB
SwapTotal:        720184 kB
SwapFree:         720184 kB
Dirty:                 8 kB
Writeback:             4 kB
AnonPages:        918140 kB
Mapped:           612708 kB
Shmem:             35224 kB
Slab:             117848 kB
SReclaimable:      36240 kB
SUnreclaim:        81608 kB
KernelStack:       32656 kB
PageTables:        55288 kB
NFS_Unstable:          0 kB
Bounce:                0 kB
WritebackTmp:          0 kB
CommitLimit:     2172840 kB
Committed_AS:   90827656 kB
VmallocTotal:   251658176 kB
VmallocUsed:      135592 kB
VmallocChunk:   251435564 kB
Time pass: 212 sec

---2015-12-09 10:41:11
MemTotal:        2905316 kB
MemFree:           69632 kB
Buffers:           26584 kB
Cached:          1207044 kB
SwapCached:            0 kB
Active:          1317756 kB
Inactive:         828672 kB
Active(anon):     779684 kB
Inactive(anon):   175844 kB
Active(file):     538072 kB
Inactive(file):   652828 kB
Unevictable:        7488 kB
Mlocked:               0 kB
SwapTotal:        720184 kB
SwapFree:         720184 kB
Dirty:                 0 kB
Writeback:             0 kB
AnonPages:        920272 kB
Mapped:           612800 kB
Shmem:             35224 kB
Slab:             118064 kB
SReclaimable:      36384 kB
SUnreclaim:        81680 kB
KernelStack:       32704 kB
PageTables:        55384 kB
NFS_Unstable:          0 kB
Bounce:                0 kB
WritebackTmp:          0 kB
CommitLimit:     2172840 kB
Committed_AS:   90839288 kB
VmallocTotal:   251658176 kB
VmallocUsed:      136612 kB
VmallocChunk:   251405356 kB
Time pass: 216 sec

---2015-12-09 10:41:11
MemTotal:        2905316 kB
MemFree:           66312 kB
Buffers:           26592 kB
Cached:          1207152 kB
SwapCached:            0 kB
Active:          1316936 kB
Inactive:         828772 kB
Active(anon):     778832 kB
Inactive(anon):   175844 kB
Active(file):     538104 kB
Inactive(file):   652928 kB
Unevictable:        7488 kB
Mlocked:               0 kB
SwapTotal:        720184 kB
SwapFree:         720184 kB
Dirty:               160 kB
Writeback:             0 kB
AnonPages:        919592 kB
Mapped:           612820 kB
Shmem:             35224 kB
Slab:             121664 kB
SReclaimable:      39740 kB
SUnreclaim:        81924 kB
KernelStack:       32688 kB
PageTables:        55336 kB
NFS_Unstable:          0 kB
Bounce:                0 kB
WritebackTmp:          0 kB
CommitLimit:     2172840 kB
Committed_AS:   90833644 kB
VmallocTotal:   251658176 kB
VmallocUsed:      135592 kB
VmallocChunk:   251435564 kB
Time pass: 220 sec

---2015-12-09 10:41:11
MemTotal:        2905316 kB
MemFree:           67244 kB
Buffers:           26600 kB
Cached:          1207160 kB
SwapCached:            0 kB
Active:          1315984 kB
Inactive:         828748 kB
Active(anon):     777848 kB
Inactive(anon):   175844 kB
Active(file):     538136 kB
Inactive(file):   652904 kB
Unevictable:        7488 kB
Mlocked:               0 kB
SwapTotal:        720184 kB
SwapFree:         720184 kB
Dirty:                56 kB
Writeback:             0 kB
AnonPages:        918572 kB
Mapped:           612828 kB
Shmem:             35224 kB
Slab:             121712 kB
SReclaimable:      39744 kB
SUnreclaim:        81968 kB
KernelStack:       32576 kB
PageTables:        55292 kB
NFS_Unstable:          0 kB
Bounce:                0 kB
WritebackTmp:          0 kB
CommitLimit:     2172840 kB
Committed_AS:   90827708 kB
VmallocTotal:   251658176 kB
VmallocUsed:      135592 kB
VmallocChunk:   251435564 kB
Time pass: 224 sec

---2015-12-09 10:41:11
MemTotal:        2905316 kB
MemFree:           67756 kB
Buffers:           26608 kB
Cached:          1207164 kB
SwapCached:            0 kB
Active:          1316240 kB
Inactive:         828768 kB
Active(anon):     778104 kB
Inactive(anon):   175844 kB
Active(file):     538136 kB
Inactive(file):   652924 kB
Unevictable:        7488 kB
Mlocked:               0 kB
SwapTotal:        720184 kB
SwapFree:         720184 kB
Dirty:                 8 kB
Writeback:             0 kB
AnonPages:        918836 kB
Mapped:           612832 kB
Shmem:             35224 kB
Slab:             121704 kB
SReclaimable:      39744 kB
SUnreclaim:        81960 kB
KernelStack:       32576 kB
PageTables:        55292 kB
NFS_Unstable:          0 kB
Bounce:                0 kB
WritebackTmp:          0 kB
CommitLimit:     2172840 kB
Committed_AS:   90827696 kB
VmallocTotal:   251658176 kB
VmallocUsed:      135592 kB
VmallocChunk:   251435564 kB
Time pass: 227 sec

---2015-12-09 10:41:11
MemTotal:        2905316 kB
MemFree:           67196 kB
Buffers:           26616 kB
Cached:          1207156 kB
SwapCached:            0 kB
Active:          1316468 kB
Inactive:         828764 kB
Active(anon):     778328 kB
Inactive(anon):   175844 kB
Active(file):     538140 kB
Inactive(file):   652920 kB
Unevictable:        7488 kB
Mlocked:               0 kB
SwapTotal:        720184 kB
SwapFree:         720184 kB
Dirty:                 8 kB
Writeback:             0 kB
AnonPages:        918948 kB
Mapped:           612836 kB
Shmem:             35224 kB
Slab:             121844 kB
SReclaimable:      39744 kB
SUnreclaim:        82100 kB
KernelStack:       32576 kB
PageTables:        55292 kB
NFS_Unstable:          0 kB
Bounce:                0 kB
WritebackTmp:          0 kB
CommitLimit:     2172840 kB
Committed_AS:   90827696 kB
VmallocTotal:   251658176 kB
VmallocUsed:      135592 kB
VmallocChunk:   251435564 kB
Time pass: 231 sec

---2015-12-09 10:41:11
MemTotal:        2905316 kB
MemFree:           67544 kB
Buffers:           26616 kB
Cached:          1207172 kB
SwapCached:            0 kB
Active:          1316644 kB
Inactive:         828776 kB
Active(anon):     778504 kB
Inactive(anon):   175844 kB
Active(file):     538140 kB
Inactive(file):   652932 kB
Unevictable:        7488 kB
Mlocked:               0 kB
SwapTotal:        720184 kB
SwapFree:         720184 kB
Dirty:                16 kB
Writeback:             0 kB
AnonPages:        919148 kB
Mapped:           612848 kB
Shmem:             35224 kB
Slab:             121648 kB
SReclaimable:      39744 kB
SUnreclaim:        81904 kB
KernelStack:       32576 kB
PageTables:        55292 kB
NFS_Unstable:          0 kB
Bounce:                0 kB
WritebackTmp:          0 kB
CommitLimit:     2172840 kB
Committed_AS:   90827708 kB
VmallocTotal:   251658176 kB
VmallocUsed:      135592 kB
VmallocChunk:   251435564 kB
Time pass: 235 sec

---2015-12-09 10:41:11
MemTotal:        2905316 kB
MemFree:           67332 kB
Buffers:           26624 kB
Cached:          1207176 kB
SwapCached:            0 kB
Active:          1316808 kB
Inactive:         828768 kB
Active(anon):     778652 kB
Inactive(anon):   175844 kB
Active(file):     538156 kB
Inactive(file):   652924 kB
Unevictable:        7488 kB
Mlocked:               0 kB
SwapTotal:        720184 kB
SwapFree:         720184 kB
Dirty:                32 kB
Writeback:             0 kB
AnonPages:        919224 kB
Mapped:           612856 kB
Shmem:             35224 kB
Slab:             121704 kB
SReclaimable:      39744 kB
SUnreclaim:        81960 kB
KernelStack:       32576 kB
PageTables:        55288 kB
NFS_Unstable:          0 kB
Bounce:                0 kB
WritebackTmp:          0 kB
CommitLimit:     2172840 kB
Committed_AS:   90827732 kB
VmallocTotal:   251658176 kB
VmallocUsed:      135592 kB
VmallocChunk:   251435564 kB
Time pass: 239 sec

---2015-12-09 10:41:11
MemTotal:        2905316 kB
MemFree:           69904 kB
Buffers:           26632 kB
Cached:          1206676 kB
SwapCached:            0 kB
Active:          1317280 kB
Inactive:         828272 kB
Active(anon):     779124 kB
Inactive(anon):   175316 kB
Active(file):     538156 kB
Inactive(file):   652956 kB
Unevictable:        7488 kB
Mlocked:               0 kB
SwapTotal:        720184 kB
SwapFree:         720184 kB
Dirty:                24 kB
Writeback:             0 kB
AnonPages:        919876 kB
Mapped:           612292 kB
Shmem:             34696 kB
Slab:             119596 kB
SReclaimable:      39744 kB
SUnreclaim:        79852 kB
KernelStack:       32624 kB
PageTables:        54832 kB
NFS_Unstable:          0 kB
Bounce:                0 kB
WritebackTmp:          0 kB
CommitLimit:     2172840 kB
Committed_AS:   90598368 kB
VmallocTotal:   251658176 kB
VmallocUsed:      135592 kB
VmallocChunk:   251435564 kB
Time pass: 243 sec

---2015-12-09 10:41:11
MemTotal:        2905316 kB
MemFree:           69596 kB
Buffers:           26632 kB
Cached:          1206724 kB
SwapCached:            0 kB
Active:          1317472 kB
Inactive:         828316 kB
Active(anon):     779308 kB
Inactive(anon):   175316 kB
Active(file):     538164 kB
Inactive(file):   653000 kB
Unevictable:        7488 kB
Mlocked:               0 kB
SwapTotal:        720184 kB
SwapFree:         720184 kB
Dirty:                80 kB
Writeback:             0 kB
AnonPages:        920048 kB
Mapped:           612356 kB
Shmem:             34696 kB
Slab:             119500 kB
SReclaimable:      39648 kB
SUnreclaim:        79852 kB
KernelStack:       32544 kB
PageTables:        54852 kB
NFS_Unstable:          0 kB
Bounce:                0 kB
WritebackTmp:          0 kB
CommitLimit:     2172840 kB
Committed_AS:   90598380 kB
VmallocTotal:   251658176 kB
VmallocUsed:      135592 kB
VmallocChunk:   251435564 kB
Time pass: 246 sec

---2015-12-09 10:41:11
MemTotal:        2905316 kB
MemFree:           71576 kB
Buffers:           26640 kB
Cached:          1206728 kB
SwapCached:            0 kB
Active:          1315656 kB
Inactive:         828324 kB
Active(anon):     777484 kB
Inactive(anon):   175316 kB
Active(file):     538172 kB
Inactive(file):   653008 kB
Unevictable:        7488 kB
Mlocked:               0 kB
SwapTotal:        720184 kB
SwapFree:         720184 kB
Dirty:                32 kB
Writeback:             0 kB
AnonPages:        918096 kB
Mapped:           612364 kB
Shmem:             34696 kB
Slab:             119468 kB
SReclaimable:      39648 kB
SUnreclaim:        79820 kB
KernelStack:       32544 kB
PageTables:        54856 kB
NFS_Unstable:          0 kB
Bounce:                0 kB
WritebackTmp:          0 kB
CommitLimit:     2172840 kB
Committed_AS:   90598368 kB
VmallocTotal:   251658176 kB
VmallocUsed:      135592 kB
VmallocChunk:   251435564 kB
Time pass: 250 sec

---2015-12-09 10:41:11
MemTotal:        2905316 kB
MemFree:           71164 kB
Buffers:           26648 kB
Cached:          1206736 kB
SwapCached:            0 kB
Active:          1315948 kB
Inactive:         828328 kB
Active(anon):     777768 kB
Inactive(anon):   175316 kB
Active(file):     538180 kB
Inactive(file):   653012 kB
Unevictable:        7488 kB
Mlocked:               0 kB
SwapTotal:        720184 kB
SwapFree:         720184 kB
Dirty:                48 kB
Writeback:             0 kB
AnonPages:        918388 kB
Mapped:           612452 kB
Shmem:             34696 kB
Slab:             119292 kB
SReclaimable:      39504 kB
SUnreclaim:        79788 kB
KernelStack:       32512 kB
PageTables:        54856 kB
NFS_Unstable:          0 kB
Bounce:                0 kB
WritebackTmp:          0 kB
CommitLimit:     2172840 kB
Committed_AS:   90598380 kB
VmallocTotal:   251658176 kB
VmallocUsed:      135592 kB
VmallocChunk:   251435564 kB
Time pass: 254 sec

---2015-12-09 10:41:11
MemTotal:        2905316 kB
MemFree:           71024 kB
Buffers:           26656 kB
Cached:          1206740 kB
SwapCached:            0 kB
Active:          1316000 kB
Inactive:         828336 kB
Active(anon):     777812 kB
Inactive(anon):   175316 kB
Active(file):     538188 kB
Inactive(file):   653020 kB
Unevictable:        7488 kB
Mlocked:               0 kB
SwapTotal:        720184 kB
SwapFree:         720184 kB
Dirty:                 8 kB
Writeback:             0 kB
AnonPages:        918408 kB
Mapped:           612460 kB
Shmem:             34696 kB
Slab:             119292 kB
SReclaimable:      39504 kB
SUnreclaim:        79788 kB
KernelStack:       32496 kB
PageTables:        54852 kB
NFS_Unstable:          0 kB
Bounce:                0 kB
WritebackTmp:          0 kB
CommitLimit:     2172840 kB
Committed_AS:   90598332 kB
VmallocTotal:   251658176 kB
VmallocUsed:      135592 kB
VmallocChunk:   251435564 kB
Time pass: 258 sec

---2015-12-09 10:41:11
MemTotal:        2905316 kB
MemFree:           71176 kB
Buffers:           26656 kB
Cached:          1206756 kB
SwapCached:            0 kB
Active:          1316132 kB
Inactive:         828340 kB
Active(anon):     777936 kB
Inactive(anon):   175316 kB
Active(file):     538196 kB
Inactive(file):   653024 kB
Unevictable:        7488 kB
Mlocked:               0 kB
SwapTotal:        720184 kB
SwapFree:         720184 kB
Dirty:                40 kB
Writeback:             0 kB
AnonPages:        918564 kB
Mapped:           612472 kB
Shmem:             34696 kB
Slab:             119228 kB
SReclaimable:      39504 kB
SUnreclaim:        79724 kB
KernelStack:       32416 kB
PageTables:        54856 kB
NFS_Unstable:          0 kB
Bounce:                0 kB
WritebackTmp:          0 kB
CommitLimit:     2172840 kB
Committed_AS:   90598236 kB
VmallocTotal:   251658176 kB
VmallocUsed:      135592 kB
VmallocChunk:   251435564 kB
Time pass: 262 sec

---2015-12-09 10:41:11
MemTotal:        2905316 kB
MemFree:           70996 kB
Buffers:           26664 kB
Cached:          1206772 kB
SwapCached:            0 kB
Active:          1316332 kB
Inactive:         828360 kB
Active(anon):     778132 kB
Inactive(anon):   175316 kB
Active(file):     538200 kB
Inactive(file):   653044 kB
Unevictable:        7488 kB
Mlocked:               0 kB
SwapTotal:        720184 kB
SwapFree:         720184 kB
Dirty:                36 kB
Writeback:             0 kB
AnonPages:        918872 kB
Mapped:           612488 kB
Shmem:             34696 kB
Slab:             119196 kB
SReclaimable:      39504 kB
SUnreclaim:        79692 kB
KernelStack:       32448 kB
PageTables:        54856 kB
NFS_Unstable:          0 kB
Bounce:                0 kB
WritebackTmp:          0 kB
CommitLimit:     2172840 kB
Committed_AS:   90598212 kB
VmallocTotal:   251658176 kB
VmallocUsed:      135592 kB
VmallocChunk:   251435564 kB
Time pass: 266 sec

---2015-12-09 10:41:11
MemTotal:        2905316 kB
MemFree:           70644 kB
Buffers:           26672 kB
Cached:          1206780 kB
SwapCached:            0 kB
Active:          1316612 kB
Inactive:         828364 kB
Active(anon):     778404 kB
Inactive(anon):   175316 kB
Active(file):     538208 kB
Inactive(file):   653048 kB
Unevictable:        7488 kB
Mlocked:               0 kB
SwapTotal:        720184 kB
SwapFree:         720184 kB
Dirty:                40 kB
Writeback:             0 kB
AnonPages:        919084 kB
Mapped:           612496 kB
Shmem:             34696 kB
Slab:             119196 kB
SReclaimable:      39504 kB
SUnreclaim:        79692 kB
KernelStack:       32448 kB
PageTables:        54856 kB
NFS_Unstable:          0 kB
Bounce:                0 kB
WritebackTmp:          0 kB
CommitLimit:     2172840 kB
Committed_AS:   90598164 kB
VmallocTotal:   251658176 kB
VmallocUsed:      135592 kB
VmallocChunk:   251435564 kB
Time pass: 269 sec

---2015-12-09 10:41:11
MemTotal:        2905316 kB
MemFree:           70364 kB
Buffers:           26680 kB
Cached:          1206844 kB
SwapCached:            0 kB
Active:          1316860 kB
Inactive:         828432 kB
Active(anon):     778636 kB
Inactive(anon):   175364 kB
Active(file):     538224 kB
Inactive(file):   653068 kB
Unevictable:        7488 kB
Mlocked:               0 kB
SwapTotal:        720184 kB
SwapFree:         720184 kB
Dirty:                 4 kB
Writeback:             0 kB
AnonPages:        919344 kB
Mapped:           612564 kB
Shmem:             34744 kB
Slab:             119196 kB
SReclaimable:      39504 kB
SUnreclaim:        79692 kB
KernelStack:       32448 kB
PageTables:        54896 kB
NFS_Unstable:          0 kB
Bounce:                0 kB
WritebackTmp:          0 kB
CommitLimit:     2172840 kB
Committed_AS:   90618752 kB
VmallocTotal:   251658176 kB
VmallocUsed:      135592 kB
VmallocChunk:   251435564 kB
Time pass: 273 sec

---2015-12-09 10:41:11
MemTotal:        2905316 kB
MemFree:           69972 kB
Buffers:           26688 kB
Cached:          1206852 kB
SwapCached:            0 kB
Active:          1317072 kB
Inactive:         828436 kB
Active(anon):     778840 kB
Inactive(anon):   175364 kB
Active(file):     538232 kB
Inactive(file):   653072 kB
Unevictable:        7488 kB
Mlocked:               0 kB
SwapTotal:        720184 kB
SwapFree:         720184 kB
Dirty:                24 kB
Writeback:             0 kB
AnonPages:        919600 kB
Mapped:           612580 kB
Shmem:             34744 kB
Slab:             119196 kB
SReclaimable:      39504 kB
SUnreclaim:        79692 kB
KernelStack:       32432 kB
PageTables:        54892 kB
NFS_Unstable:          0 kB
Bounce:                0 kB
WritebackTmp:          0 kB
CommitLimit:     2172840 kB
Committed_AS:   90618752 kB
VmallocTotal:   251658176 kB
VmallocUsed:      135592 kB
VmallocChunk:   251435564 kB
Time pass: 278 sec

---2015-12-09 10:41:11
MemTotal:        2905316 kB
MemFree:           69716 kB
Buffers:           26696 kB
Cached:          1206856 kB
SwapCached:            0 kB
Active:          1317300 kB
Inactive:         828444 kB
Active(anon):     779068 kB
Inactive(anon):   175364 kB
Active(file):     538232 kB
Inactive(file):   653080 kB
Unevictable:        7488 kB
Mlocked:               0 kB
SwapTotal:        720184 kB
SwapFree:         720184 kB
Dirty:                 4 kB
Writeback:             0 kB
AnonPages:        919832 kB
Mapped:           612596 kB
Shmem:             34744 kB
Slab:             119196 kB
SReclaimable:      39504 kB
SUnreclaim:        79692 kB
KernelStack:       32432 kB
PageTables:        54896 kB
NFS_Unstable:          0 kB
Bounce:                0 kB
WritebackTmp:          0 kB
CommitLimit:     2172840 kB
Committed_AS:   90618728 kB
VmallocTotal:   251658176 kB
VmallocUsed:      135592 kB
VmallocChunk:   251435564 kB
Time pass: 283 sec

---2015-12-09 10:41:11
MemTotal:        2905316 kB
MemFree:           68020 kB
Buffers:           26704 kB
Cached:          1206892 kB
SwapCached:            0 kB
Active:          1318476 kB
Inactive:         828480 kB
Active(anon):     780240 kB
Inactive(anon):   175364 kB
Active(file):     538236 kB
Inactive(file):   653116 kB
Unevictable:        7488 kB
Mlocked:               0 kB
SwapTotal:        720184 kB
SwapFree:         720184 kB
Dirty:                68 kB
Writeback:             0 kB
AnonPages:        920880 kB
Mapped:           612604 kB
Shmem:             34744 kB
Slab:             119196 kB
SReclaimable:      39504 kB
SUnreclaim:        79692 kB
KernelStack:       32464 kB
PageTables:        54900 kB
NFS_Unstable:          0 kB
Bounce:                0 kB
WritebackTmp:          0 kB
CommitLimit:     2172840 kB
Committed_AS:   90618728 kB
VmallocTotal:   251658176 kB
VmallocUsed:      135592 kB
VmallocChunk:   251435564 kB
Time pass: 287 sec

---2015-12-09 10:41:11
MemTotal:        2905316 kB
MemFree:           67664 kB
Buffers:           26704 kB
Cached:          1207092 kB
SwapCached:            0 kB
Active:          1319252 kB
Inactive:         828668 kB
Active(anon):     780996 kB
Inactive(anon):   175364 kB
Active(file):     538256 kB
Inactive(file):   653304 kB
Unevictable:        7488 kB
Mlocked:               0 kB
SwapTotal:        720184 kB
SwapFree:         720184 kB
Dirty:                84 kB
Writeback:             0 kB
AnonPages:        921600 kB
Mapped:           612656 kB
Shmem:             34744 kB
Slab:             119164 kB
SReclaimable:      39504 kB
SUnreclaim:        79660 kB
KernelStack:       32432 kB
PageTables:        54880 kB
NFS_Unstable:          0 kB
Bounce:                0 kB
WritebackTmp:          0 kB
CommitLimit:     2172840 kB
Committed_AS:   90618716 kB
VmallocTotal:   251658176 kB
VmallocUsed:      135592 kB
VmallocChunk:   251435564 kB
Time pass: 291 sec

---2015-12-09 10:41:11
MemTotal:        2905316 kB
MemFree:           77428 kB
Buffers:           26712 kB
Cached:          1207092 kB
SwapCached:            0 kB
Active:          1309448 kB
Inactive:         828668 kB
Active(anon):     771180 kB
Inactive(anon):   175364 kB
Active(file):     538268 kB
Inactive(file):   653304 kB
Unevictable:        7488 kB
Mlocked:               0 kB
SwapTotal:        720184 kB
SwapFree:         720184 kB
Dirty:                 8 kB
Writeback:             0 kB
AnonPages:        911920 kB
Mapped:           612664 kB
Shmem:             34744 kB
Slab:             119164 kB
SReclaimable:      39504 kB
SUnreclaim:        79660 kB
KernelStack:       32464 kB
PageTables:        54880 kB
NFS_Unstable:          0 kB
Bounce:                0 kB
WritebackTmp:          0 kB
CommitLimit:     2172840 kB
Committed_AS:   90618704 kB
VmallocTotal:   251658176 kB
VmallocUsed:      135592 kB
VmallocChunk:   251435564 kB
Time pass: 295 sec

---2015-12-09 10:41:11
MemTotal:        2905316 kB
MemFree:           77020 kB
Buffers:           26720 kB
Cached:          1207148 kB
SwapCached:            0 kB
Active:          1310460 kB
Inactive:         828700 kB
Active(anon):     772188 kB
Inactive(anon):   175364 kB
Active(file):     538272 kB
Inactive(file):   653336 kB
Unevictable:        7488 kB
Mlocked:               0 kB
SwapTotal:        720184 kB
SwapFree:         720184 kB
Dirty:                64 kB
Writeback:             0 kB
AnonPages:        912816 kB
Mapped:           612672 kB
Shmem:             34744 kB
Slab:             119164 kB
SReclaimable:      39504 kB
SUnreclaim:        79660 kB
KernelStack:       32464 kB
PageTables:        54876 kB
NFS_Unstable:          0 kB
Bounce:                0 kB
WritebackTmp:          0 kB
CommitLimit:     2172840 kB
Committed_AS:   90618740 kB
VmallocTotal:   251658176 kB
VmallocUsed:      135592 kB
VmallocChunk:   251435564 kB
Time pass: 299 sec

---2015-12-09 10:41:11
MemTotal:        2905316 kB
MemFree:           75968 kB
Buffers:           26728 kB
Cached:          1207216 kB
SwapCached:            0 kB
Active:          1311112 kB
Inactive:         828788 kB
Active(anon):     772828 kB
Inactive(anon):   175412 kB
Active(file):     538284 kB
Inactive(file):   653376 kB
Unevictable:        7488 kB
Mlocked:               0 kB
SwapTotal:        720184 kB
SwapFree:         720184 kB
Dirty:                92 kB
Writeback:             0 kB
AnonPages:        913472 kB
Mapped:           612732 kB
Shmem:             34792 kB
Slab:             119164 kB
SReclaimable:      39504 kB
SUnreclaim:        79660 kB
KernelStack:       32496 kB
PageTables:        54920 kB
NFS_Unstable:          0 kB
Bounce:                0 kB
WritebackTmp:          0 kB
CommitLimit:     2172840 kB
Committed_AS:   90639572 kB
VmallocTotal:   251658176 kB
VmallocUsed:      135592 kB
VmallocChunk:   251435564 kB
Time pass: 303 sec

---2015-12-09 10:41:11
MemTotal:        2905316 kB
MemFree:           75596 kB
Buffers:           26736 kB
Cached:          1207208 kB
SwapCached:            0 kB
Active:          1311320 kB
Inactive:         828788 kB
Active(anon):     773032 kB
Inactive(anon):   175412 kB
Active(file):     538288 kB
Inactive(file):   653376 kB
Unevictable:        7488 kB
Mlocked:               0 kB
SwapTotal:        720184 kB
SwapFree:         720184 kB
Dirty:                 8 kB
Writeback:             0 kB
AnonPages:        913680 kB
Mapped:           612736 kB
Shmem:             34792 kB
Slab:             119164 kB
SReclaimable:      39504 kB
SUnreclaim:        79660 kB
KernelStack:       32480 kB
PageTables:        54920 kB
NFS_Unstable:          0 kB
Bounce:                0 kB
WritebackTmp:          0 kB
CommitLimit:     2172840 kB
Committed_AS:   90639548 kB
VmallocTotal:   251658176 kB
VmallocUsed:      135592 kB
VmallocChunk:   251435564 kB
Time pass: 307 sec

---2015-12-09 10:41:11
MemTotal:        2905316 kB
MemFree:           75736 kB
Buffers:           26736 kB
Cached:          1207232 kB
SwapCached:            0 kB
Active:          1311604 kB
Inactive:         828800 kB
Active(anon):     773304 kB
Inactive(anon):   175412 kB
Active(file):     538300 kB
Inactive(file):   653388 kB
Unevictable:        7488 kB
Mlocked:               0 kB
SwapTotal:        720184 kB
SwapFree:         720184 kB
Dirty:                44 kB
Writeback:             0 kB
AnonPages:        913748 kB
Mapped:           612744 kB
Shmem:             34792 kB
Slab:             119164 kB
SReclaimable:      39504 kB
SUnreclaim:        79660 kB
KernelStack:       32448 kB
PageTables:        54920 kB
NFS_Unstable:          0 kB
Bounce:                0 kB
WritebackTmp:          0 kB
CommitLimit:     2172840 kB
Committed_AS:   90639456 kB
VmallocTotal:   251658176 kB
VmallocUsed:      135592 kB
VmallocChunk:   251435564 kB
Time pass: 311 sec

---2015-12-09 10:41:11
MemTotal:        2905316 kB
MemFree:           75352 kB
Buffers:           26744 kB
Cached:          1207236 kB
SwapCached:            0 kB
Active:          1311808 kB
Inactive:         828800 kB
Active(anon):     773504 kB
Inactive(anon):   175412 kB
Active(file):     538304 kB
Inactive(file):   653388 kB
Unevictable:        7488 kB
Mlocked:               0 kB
SwapTotal:        720184 kB
SwapFree:         720184 kB
Dirty:                 8 kB
Writeback:             0 kB
AnonPages:        914004 kB
Mapped:           612788 kB
Shmem:             34792 kB
Slab:             119164 kB
SReclaimable:      39504 kB
SUnreclaim:        79660 kB
KernelStack:       32448 kB
PageTables:        54916 kB
NFS_Unstable:          0 kB
Bounce:                0 kB
WritebackTmp:          0 kB
CommitLimit:     2172840 kB
Committed_AS:   90639476 kB
VmallocTotal:   251658176 kB
VmallocUsed:      135592 kB
VmallocChunk:   251435564 kB
Time pass: 315 sec

---2015-12-09 10:41:11
MemTotal:        2905316 kB
MemFree:           74580 kB
Buffers:           26752 kB
Cached:          1207284 kB
SwapCached:            0 kB
Active:          1312396 kB
Inactive:         828820 kB
Active(anon):     774076 kB
Inactive(anon):   175412 kB
Active(file):     538320 kB
Inactive(file):   653408 kB
Unevictable:        7488 kB
Mlocked:               0 kB
SwapTotal:        720184 kB
SwapFree:         720184 kB
Dirty:                40 kB
Writeback:             0 kB
AnonPages:        914820 kB
Mapped:           612800 kB
Shmem:             34792 kB
Slab:             119132 kB
SReclaimable:      39504 kB
SUnreclaim:        79628 kB
KernelStack:       32432 kB
PageTables:        54920 kB
NFS_Unstable:          0 kB
Bounce:                0 kB
WritebackTmp:          0 kB
CommitLimit:     2172840 kB
Committed_AS:   90639512 kB
VmallocTotal:   251658176 kB
VmallocUsed:      135592 kB
VmallocChunk:   251435564 kB
Time pass: 319 sec

---2015-12-09 10:41:11
MemTotal:        2905316 kB
MemFree:           73940 kB
Buffers:           26760 kB
Cached:          1207288 kB
SwapCached:            0 kB
Active:          1312772 kB
Inactive:         828848 kB
Active(anon):     774444 kB
Inactive(anon):   175412 kB
Active(file):     538328 kB
Inactive(file):   653436 kB
Unevictable:        7488 kB
Mlocked:               0 kB
SwapTotal:        720184 kB
SwapFree:         720184 kB
Dirty:                56 kB
Writeback:             0 kB
AnonPages:        915088 kB
Mapped:           612816 kB
Shmem:             34792 kB
Slab:             119132 kB
SReclaimable:      39504 kB
SUnreclaim:        79628 kB
KernelStack:       32368 kB
PageTables:        54920 kB
NFS_Unstable:          0 kB
Bounce:                0 kB
WritebackTmp:          0 kB
CommitLimit:     2172840 kB
Committed_AS:   90639412 kB
VmallocTotal:   251658176 kB
VmallocUsed:      135592 kB
VmallocChunk:   251435564 kB
Time pass: 323 sec

---2015-12-09 10:41:11
MemTotal:        2905316 kB
MemFree:           73992 kB
Buffers:           26760 kB
Cached:          1207300 kB
SwapCached:            0 kB
Active:          1313084 kB
Inactive:         828860 kB
Active(anon):     774752 kB
Inactive(anon):   175412 kB
Active(file):     538332 kB
Inactive(file):   653448 kB
Unevictable:        7488 kB
Mlocked:               0 kB
SwapTotal:        720184 kB
SwapFree:         720184 kB
Dirty:                20 kB
Writeback:             0 kB
AnonPages:        915220 kB
Mapped:           612820 kB
Shmem:             34792 kB
Slab:             119132 kB
SReclaimable:      39504 kB
SUnreclaim:        79628 kB
KernelStack:       32400 kB
PageTables:        54920 kB
NFS_Unstable:          0 kB
Bounce:                0 kB
WritebackTmp:          0 kB
CommitLimit:     2172840 kB
Committed_AS:   90639400 kB
VmallocTotal:   251658176 kB
VmallocUsed:      135592 kB
VmallocChunk:   251435564 kB
Time pass: 327 sec

---2015-12-09 10:41:11
MemTotal:        2905316 kB
MemFree:           73024 kB
Buffers:           26768 kB
Cached:          1207340 kB
SwapCached:            0 kB
Active:          1313656 kB
Inactive:         828896 kB
Active(anon):     775316 kB
Inactive(anon):   175412 kB
Active(file):     538340 kB
Inactive(file):   653484 kB
Unevictable:        7488 kB
Mlocked:               0 kB
SwapTotal:        720184 kB
SwapFree:         720184 kB
Dirty:                68 kB
Writeback:             0 kB
AnonPages:        916056 kB
Mapped:           612828 kB
Shmem:             34792 kB
Slab:             119132 kB
SReclaimable:      39504 kB
SUnreclaim:        79628 kB
KernelStack:       32432 kB
PageTables:        54920 kB
NFS_Unstable:          0 kB
Bounce:                0 kB
WritebackTmp:          0 kB
CommitLimit:     2172840 kB
Committed_AS:   90639364 kB
VmallocTotal:   251658176 kB
VmallocUsed:      135592 kB
VmallocChunk:   251435564 kB
Time pass: 330 sec

---2015-12-09 10:41:11
MemTotal:        2905316 kB
MemFree:           72900 kB
Buffers:           26776 kB
Cached:          1207388 kB
SwapCached:            0 kB
Active:          1314264 kB
Inactive:         828940 kB
Active(anon):     775916 kB
Inactive(anon):   175460 kB
Active(file):     538348 kB
Inactive(file):   653480 kB
Unevictable:        7488 kB
Mlocked:               0 kB
SwapTotal:        720184 kB
SwapFree:         720184 kB
Dirty:                36 kB
Writeback:             0 kB
AnonPages:        916556 kB
Mapped:           612892 kB
Shmem:             34840 kB
Slab:             119132 kB
SReclaimable:      39504 kB
SUnreclaim:        79628 kB
KernelStack:       32400 kB
PageTables:        54952 kB
NFS_Unstable:          0 kB
Bounce:                0 kB
WritebackTmp:          0 kB
CommitLimit:     2172840 kB
Committed_AS:   90659808 kB
VmallocTotal:   251658176 kB
VmallocUsed:      135592 kB
VmallocChunk:   251435564 kB
Time pass: 334 sec

---2015-12-09 10:41:11
MemTotal:        2905316 kB
MemFree:           70940 kB
Buffers:           27536 kB
Cached:          1207424 kB
SwapCached:            0 kB
Active:          1314984 kB
Inactive:         829732 kB
Active(anon):     776624 kB
Inactive(anon):   175460 kB
Active(file):     538360 kB
Inactive(file):   654272 kB
Unevictable:        7488 kB
Mlocked:               0 kB
SwapTotal:        720184 kB
SwapFree:         720184 kB
Dirty:               120 kB
Writeback:             0 kB
AnonPages:        917364 kB
Mapped:           612896 kB
Shmem:             34840 kB
Slab:             119128 kB
SReclaimable:      39504 kB
SUnreclaim:        79624 kB
KernelStack:       32384 kB
PageTables:        54956 kB
NFS_Unstable:          0 kB
Bounce:                0 kB
WritebackTmp:          0 kB
CommitLimit:     2172840 kB
Committed_AS:   90659912 kB
VmallocTotal:   251658176 kB
VmallocUsed:      135592 kB
VmallocChunk:   251435564 kB
Time pass: 338 sec

---2015-12-09 10:41:11
MemTotal:        2905316 kB
MemFree:           71060 kB
Buffers:           27544 kB
Cached:          1207436 kB
SwapCached:            0 kB
Active:          1315156 kB
Inactive:         829744 kB
Active(anon):     776788 kB
Inactive(anon):   175460 kB
Active(file):     538368 kB
Inactive(file):   654284 kB
Unevictable:        7488 kB
Mlocked:               0 kB
SwapTotal:        720184 kB
SwapFree:         720184 kB
Dirty:                68 kB
Writeback:             0 kB
AnonPages:        917516 kB
Mapped:           612904 kB
Shmem:             34840 kB
Slab:             119128 kB
SReclaimable:      39504 kB
SUnreclaim:        79624 kB
KernelStack:       32336 kB
PageTables:        54952 kB
NFS_Unstable:          0 kB
Bounce:                0 kB
WritebackTmp:          0 kB
CommitLimit:     2172840 kB
Committed_AS:   90659872 kB
VmallocTotal:   251658176 kB
VmallocUsed:      135592 kB
VmallocChunk:   251435564 kB
Time pass: 342 sec

---2015-12-09 10:41:11
MemTotal:        2905316 kB
MemFree:           70504 kB
Buffers:           27552 kB
Cached:          1207440 kB
SwapCached:            0 kB
Active:          1315448 kB
Inactive:         829748 kB
Active(anon):     777076 kB
Inactive(anon):   175460 kB
Active(file):     538372 kB
Inactive(file):   654288 kB
Unevictable:        7488 kB
Mlocked:               0 kB
SwapTotal:        720184 kB
SwapFree:         720184 kB
Dirty:                12 kB
Writeback:             0 kB
AnonPages:        917704 kB
Mapped:           612908 kB
Shmem:             34840 kB
Slab:             119128 kB
SReclaimable:      39504 kB
SUnreclaim:        79624 kB
KernelStack:       32368 kB
PageTables:        54956 kB
NFS_Unstable:          0 kB
Bounce:                0 kB
WritebackTmp:          0 kB
CommitLimit:     2172840 kB
Committed_AS:   90659836 kB
VmallocTotal:   251658176 kB
VmallocUsed:      135592 kB
VmallocChunk:   251435564 kB
Time pass: 345 sec

---2015-12-09 10:41:11
MemTotal:        2905316 kB
MemFree:           70472 kB
Buffers:           27552 kB
Cached:          1207448 kB
SwapCached:            0 kB
Active:          1315748 kB
Inactive:         829752 kB
Active(anon):     777368 kB
Inactive(anon):   175460 kB
Active(file):     538380 kB
Inactive(file):   654292 kB
Unevictable:        7488 kB
Mlocked:               0 kB
SwapTotal:        720184 kB
SwapFree:         720184 kB
Dirty:                36 kB
Writeback:             0 kB
AnonPages:        917804 kB
Mapped:           612908 kB
Shmem:             34840 kB
Slab:             119128 kB
SReclaimable:      39504 kB
SUnreclaim:        79624 kB
KernelStack:       32368 kB
PageTables:        54956 kB
NFS_Unstable:          0 kB
Bounce:                0 kB
WritebackTmp:          0 kB
CommitLimit:     2172840 kB
Committed_AS:   90659872 kB
VmallocTotal:   251658176 kB
VmallocUsed:      135592 kB
VmallocChunk:   251435564 kB
Time pass: 349 sec

---2015-12-09 10:41:11
MemTotal:        2905316 kB
MemFree:           69828 kB
Buffers:           27560 kB
Cached:          1207492 kB
SwapCached:            0 kB
Active:          1315808 kB
Inactive:         829780 kB
Active(anon):     777420 kB
Inactive(anon):   175460 kB
Active(file):     538388 kB
Inactive(file):   654320 kB
Unevictable:        7488 kB
Mlocked:               0 kB
SwapTotal:        720184 kB
SwapFree:         720184 kB
Dirty:                44 kB
Writeback:             0 kB
AnonPages:        918196 kB
Mapped:           612920 kB
Shmem:             34840 kB
Slab:             119132 kB
SReclaimable:      39504 kB
SUnreclaim:        79628 kB
KernelStack:       32368 kB
PageTables:        54956 kB
NFS_Unstable:          0 kB
Bounce:                0 kB
WritebackTmp:          0 kB
CommitLimit:     2172840 kB
Committed_AS:   90659832 kB
VmallocTotal:   251658176 kB
VmallocUsed:      135592 kB
VmallocChunk:   251435564 kB
Time pass: 353 sec

---2015-12-09 10:41:11
MemTotal:        2905316 kB
MemFree:           69344 kB
Buffers:           27568 kB
Cached:          1207820 kB
SwapCached:            0 kB
Active:          1316212 kB
Inactive:         830000 kB
Active(anon):     777820 kB
Inactive(anon):   175460 kB
Active(file):     538392 kB
Inactive(file):   654540 kB
Unevictable:        7488 kB
Mlocked:               0 kB
SwapTotal:        720184 kB
SwapFree:         720184 kB
Dirty:                20 kB
Writeback:             0 kB
AnonPages:        918436 kB
Mapped:           612964 kB
Shmem:             34840 kB
Slab:             119132 kB
SReclaimable:      39504 kB
SUnreclaim:        79628 kB
KernelStack:       32384 kB
PageTables:        54956 kB
NFS_Unstable:          0 kB
Bounce:                0 kB
WritebackTmp:          0 kB
CommitLimit:     2172840 kB
Committed_AS:   90659884 kB
VmallocTotal:   251658176 kB
VmallocUsed:      135592 kB
VmallocChunk:   251435564 kB
Time pass: 357 sec

---2015-12-09 10:41:11
MemTotal:        2905316 kB
MemFree:           68624 kB
Buffers:           27568 kB
Cached:          1207864 kB
SwapCached:            0 kB
Active:          1316352 kB
Inactive:         830164 kB
Active(anon):     777952 kB
Inactive(anon):   175460 kB
Active(file):     538400 kB
Inactive(file):   654704 kB
Unevictable:        7488 kB
Mlocked:               0 kB
SwapTotal:        720184 kB
SwapFree:         720184 kB
Dirty:                 4 kB
Writeback:             0 kB
AnonPages:        918752 kB
Mapped:           613044 kB
Shmem:             34840 kB
Slab:             119132 kB
SReclaimable:      39504 kB
SUnreclaim:        79628 kB
KernelStack:       32432 kB
PageTables:        54956 kB
NFS_Unstable:          0 kB
Bounce:                0 kB
WritebackTmp:          0 kB
CommitLimit:     2172840 kB
Committed_AS:   90659900 kB
VmallocTotal:   251658176 kB
VmallocUsed:      135592 kB
VmallocChunk:   251435564 kB
Time pass: 361 sec

---2015-12-09 10:41:11
MemTotal:        2905316 kB
MemFree:           68680 kB
Buffers:           27576 kB
Cached:          1207920 kB
SwapCached:            0 kB
Active:          1317024 kB
Inactive:         830220 kB
Active(anon):     778620 kB
Inactive(anon):   175508 kB
Active(file):     538404 kB
Inactive(file):   654712 kB
Unevictable:        7488 kB
Mlocked:               0 kB
SwapTotal:        720184 kB
SwapFree:         720184 kB
Dirty:                64 kB
Writeback:             0 kB
AnonPages:        919080 kB
Mapped:           613108 kB
Shmem:             34888 kB
Slab:             119128 kB
SReclaimable:      39504 kB
SUnreclaim:        79624 kB
KernelStack:       32320 kB
PageTables:        54996 kB
NFS_Unstable:          0 kB
Bounce:                0 kB
WritebackTmp:          0 kB
CommitLimit:     2172840 kB
Committed_AS:   90680316 kB
VmallocTotal:   251658176 kB
VmallocUsed:      135592 kB
VmallocChunk:   251435564 kB
Time pass: 365 sec

---2015-12-09 10:41:11
MemTotal:        2905316 kB
MemFree:           68296 kB
Buffers:           27584 kB
Cached:          1207924 kB
SwapCached:            0 kB
Active:          1317032 kB
Inactive:         830228 kB
Active(anon):     778624 kB
Inactive(anon):   175508 kB
Active(file):     538408 kB
Inactive(file):   654720 kB
Unevictable:        7488 kB
Mlocked:               0 kB
SwapTotal:        720184 kB
SwapFree:         720184 kB
Dirty:                44 kB
Writeback:             0 kB
AnonPages:        919200 kB
Mapped:           613112 kB
Shmem:             34888 kB
Slab:             119128 kB
SReclaimable:      39504 kB
SUnreclaim:        79624 kB
KernelStack:       32304 kB
PageTables:        54996 kB
NFS_Unstable:          0 kB
Bounce:                0 kB
WritebackTmp:          0 kB
CommitLimit:     2172840 kB
Committed_AS:   90680240 kB
VmallocTotal:   251658176 kB
VmallocUsed:      135592 kB
VmallocChunk:   251435564 kB
Time pass: 369 sec

---2015-12-09 10:41:11
MemTotal:        2905316 kB
MemFree:           68520 kB
Buffers:           27584 kB
Cached:          1207928 kB
SwapCached:            0 kB
Active:          1317224 kB
Inactive:         830236 kB
Active(anon):     778816 kB
Inactive(anon):   175508 kB
Active(file):     538408 kB
Inactive(file):   654728 kB
Unevictable:        7488 kB
Mlocked:               0 kB
SwapTotal:        720184 kB
SwapFree:         720184 kB
Dirty:                16 kB
Writeback:             0 kB
AnonPages:        919456 kB
Mapped:           613144 kB
Shmem:             34888 kB
Slab:             119128 kB
SReclaimable:      39504 kB
SUnreclaim:        79624 kB
KernelStack:       32304 kB
PageTables:        55004 kB
NFS_Unstable:          0 kB
Bounce:                0 kB
WritebackTmp:          0 kB
CommitLimit:     2172840 kB
Committed_AS:   90680240 kB
VmallocTotal:   251658176 kB
VmallocUsed:      135592 kB
VmallocChunk:   251435564 kB
Time pass: 372 sec

---2015-12-09 10:41:11
MemTotal:        2905316 kB
MemFree:           68084 kB
Buffers:           27592 kB
Cached:          1207940 kB
SwapCached:            0 kB
Active:          1317576 kB
Inactive:         830240 kB
Active(anon):     779160 kB
Inactive(anon):   175508 kB
Active(file):     538416 kB
Inactive(file):   654732 kB
Unevictable:        7488 kB
Mlocked:               0 kB
SwapTotal:        720184 kB
SwapFree:         720184 kB
Dirty:                16 kB
Writeback:             0 kB
AnonPages:        919664 kB
Mapped:           613148 kB
Shmem:             34888 kB
Slab:             119128 kB
SReclaimable:      39504 kB
SUnreclaim:        79624 kB
KernelStack:       32304 kB
PageTables:        55000 kB
NFS_Unstable:          0 kB
Bounce:                0 kB
WritebackTmp:          0 kB
CommitLimit:     2172840 kB
Committed_AS:   90680216 kB
VmallocTotal:   251658176 kB
VmallocUsed:      135592 kB
VmallocChunk:   251435564 kB
Time pass: 376 sec

---2015-12-09 10:41:11
MemTotal:        2905316 kB
MemFree:           68060 kB
Buffers:           27600 kB
Cached:          1207944 kB
SwapCached:            0 kB
Active:          1317608 kB
Inactive:         830252 kB
Active(anon):     779184 kB
Inactive(anon):   175508 kB
Active(file):     538424 kB
Inactive(file):   654744 kB
Unevictable:        7488 kB
Mlocked:               0 kB
SwapTotal:        720184 kB
SwapFree:         720184 kB
Dirty:                24 kB
Writeback:             8 kB
AnonPages:        919816 kB
Mapped:           613160 kB
Shmem:             34888 kB
Slab:             119128 kB
SReclaimable:      39504 kB
SUnreclaim:        79624 kB
KernelStack:       32304 kB
PageTables:        55000 kB
NFS_Unstable:          0 kB
Bounce:                0 kB
WritebackTmp:          0 kB
CommitLimit:     2172840 kB
Committed_AS:   90680240 kB
VmallocTotal:   251658176 kB
VmallocUsed:      135592 kB
VmallocChunk:   251435564 kB
Time pass: 380 sec

---2015-12-09 10:41:11
MemTotal:        2905316 kB
MemFree:           67780 kB
Buffers:           27608 kB
Cached:          1207940 kB
SwapCached:            0 kB
Active:          1317728 kB
Inactive:         830252 kB
Active(anon):     779304 kB
Inactive(anon):   175508 kB
Active(file):     538424 kB
Inactive(file):   654744 kB
Unevictable:        7488 kB
Mlocked:               0 kB
SwapTotal:        720184 kB
SwapFree:         720184 kB
Dirty:                 4 kB
Writeback:             0 kB
AnonPages:        919924 kB
Mapped:           613164 kB
Shmem:             34888 kB
Slab:             119128 kB
SReclaimable:      39504 kB
SUnreclaim:        79624 kB
KernelStack:       32304 kB
PageTables:        54996 kB
NFS_Unstable:          0 kB
Bounce:                0 kB
WritebackTmp:          0 kB
CommitLimit:     2172840 kB
Committed_AS:   90680240 kB
VmallocTotal:   251658176 kB
VmallocUsed:      135592 kB
VmallocChunk:   251435564 kB
Time pass: 384 sec

---2015-12-09 10:41:11
MemTotal:        2905316 kB
MemFree:           67892 kB
Buffers:           27608 kB
Cached:          1207948 kB
SwapCached:            0 kB
Active:          1317960 kB
Inactive:         830256 kB
Active(anon):     779528 kB
Inactive(anon):   175508 kB
Active(file):     538432 kB
Inactive(file):   654748 kB
Unevictable:        7488 kB
Mlocked:               0 kB
SwapTotal:        720184 kB
SwapFree:         720184 kB
Dirty:                36 kB
Writeback:             0 kB
AnonPages:        920132 kB
Mapped:           613172 kB
Shmem:             34888 kB
Slab:             119128 kB
SReclaimable:      39504 kB
SUnreclaim:        79624 kB
KernelStack:       32272 kB
PageTables:        55000 kB
NFS_Unstable:          0 kB
Bounce:                0 kB
WritebackTmp:          0 kB
CommitLimit:     2172840 kB
Committed_AS:   90680216 kB
VmallocTotal:   251658176 kB
VmallocUsed:      135592 kB
VmallocChunk:   251435564 kB
Time pass: 388 sec

---2015-12-09 10:41:11
MemTotal:        2905316 kB
MemFree:           67820 kB
Buffers:           27616 kB
Cached:          1207956 kB
SwapCached:            0 kB
Active:          1318232 kB
Inactive:         830268 kB
Active(anon):     779796 kB
Inactive(anon):   175508 kB
Active(file):     538436 kB
Inactive(file):   654760 kB
Unevictable:        7488 kB
Mlocked:               0 kB
SwapTotal:        720184 kB
SwapFree:         720184 kB
Dirty:                 4 kB
Writeback:             0 kB
AnonPages:        920276 kB
Mapped:           613168 kB
Shmem:             34888 kB
Slab:             119128 kB
SReclaimable:      39504 kB
SUnreclaim:        79624 kB
KernelStack:       32304 kB
PageTables:        55000 kB
NFS_Unstable:          0 kB
Bounce:                0 kB
WritebackTmp:          0 kB
CommitLimit:     2172840 kB
Committed_AS:   90680252 kB
VmallocTotal:   251658176 kB
VmallocUsed:      135592 kB
VmallocChunk:   251435564 kB
Time pass: 391 sec

---2015-12-09 10:41:11
MemTotal:        2905316 kB
MemFree:           66816 kB
Buffers:           27624 kB
Cached:          1208000 kB
SwapCached:            0 kB
Active:          1318556 kB
Inactive:         830320 kB
Active(anon):     780120 kB
Inactive(anon):   175556 kB
Active(file):     538436 kB
Inactive(file):   654764 kB
Unevictable:        7488 kB
Mlocked:               0 kB
SwapTotal:        720184 kB
SwapFree:         720184 kB
Dirty:                16 kB
Writeback:             0 kB
AnonPages:        920764 kB
Mapped:           613240 kB
Shmem:             34936 kB
Slab:             119128 kB
SReclaimable:      39504 kB
SUnreclaim:        79624 kB
KernelStack:       32304 kB
PageTables:        55040 kB
NFS_Unstable:          0 kB
Bounce:                0 kB
WritebackTmp:          0 kB
CommitLimit:     2172840 kB
Committed_AS:   90700708 kB
VmallocTotal:   251658176 kB
VmallocUsed:      135592 kB
VmallocChunk:   251435564 kB
Time pass: 395 sec

---2015-12-09 10:41:11
MemTotal:        2905316 kB
MemFree:           66732 kB
Buffers:           27624 kB
Cached:          1208008 kB
SwapCached:            0 kB
Active:          1318876 kB
Inactive:         830324 kB
