---2015-12-05 14:07:44
MemTotal:        2905316 kB
MemFree:          122972 kB
Buffers:           26340 kB
Cached:          1400320 kB
SwapCached:            0 kB
Active:          1254652 kB
Inactive:        1029032 kB
Active(anon):     738896 kB
Inactive(anon):   148076 kB
Active(file):     515756 kB
Inactive(file):   880956 kB
Unevictable:        7800 kB
Mlocked:               0 kB
SwapTotal:        720184 kB
SwapFree:         720184 kB
Dirty:                76 kB
Writeback:             0 kB
AnonPages:        864976 kB
Mapped:           493940 kB
Shmem:             22100 kB
Slab:             119608 kB
SReclaimable:      35916 kB
SUnreclaim:        83692 kB
KernelStack:       31056 kB
PageTables:        56208 kB
NFS_Unstable:          0 kB
Bounce:                0 kB
WritebackTmp:          0 kB
CommitLimit:     2172840 kB
Committed_AS:   94324832 kB
VmallocTotal:   251658176 kB
VmallocUsed:      136504 kB
VmallocChunk:   251420716 kB
Time pass: 3 sec

---2015-12-05 14:07:44
MemTotal:        2905316 kB
MemFree:          130072 kB
Buffers:           26348 kB
Cached:          1400740 kB
SwapCached:            0 kB
Active:          1248360 kB
Inactive:        1029444 kB
Active(anon):     732588 kB
Inactive(anon):   148076 kB
Active(file):     515772 kB
Inactive(file):   881368 kB
Unevictable:        7800 kB
Mlocked:               0 kB
SwapTotal:        720184 kB
SwapFree:         720184 kB
Dirty:                28 kB
Writeback:             0 kB
AnonPages:        858668 kB
Mapped:           494116 kB
Shmem:             22100 kB
Slab:             119480 kB
SReclaimable:      35916 kB
SUnreclaim:        83564 kB
KernelStack:       30832 kB
PageTables:        56236 kB
NFS_Unstable:          0 kB
Bounce:                0 kB
WritebackTmp:          0 kB
CommitLimit:     2172840 kB
Committed_AS:   94324820 kB
VmallocTotal:   251658176 kB
VmallocUsed:      136504 kB
VmallocChunk:   251420716 kB
Time pass: 7 sec

---2015-12-05 14:07:44
MemTotal:        2905316 kB
MemFree:          129424 kB
Buffers:           26348 kB
Cached:          1400816 kB
SwapCached:            0 kB
Active:          1248660 kB
Inactive:        1029548 kB
Active(anon):     732868 kB
Inactive(anon):   148076 kB
Active(file):     515792 kB
Inactive(file):   881472 kB
Unevictable:        7800 kB
Mlocked:               0 kB
SwapTotal:        720184 kB
SwapFree:         720184 kB
Dirty:                48 kB
Writeback:             0 kB
AnonPages:        859000 kB
Mapped:           494180 kB
Shmem:             22100 kB
Slab:             119568 kB
SReclaimable:      35916 kB
SUnreclaim:        83652 kB
KernelStack:       30784 kB
PageTables:        56216 kB
NFS_Unstable:          0 kB
Bounce:                0 kB
WritebackTmp:          0 kB
CommitLimit:     2172840 kB
Committed_AS:   94324792 kB
VmallocTotal:   251658176 kB
VmallocUsed:      136504 kB
VmallocChunk:   251420716 kB
Time pass: 11 sec

---2015-12-05 14:07:44
MemTotal:        2905316 kB
MemFree:          133080 kB
Buffers:           26364 kB
Cached:          1402144 kB
SwapCached:            0 kB
Active:          1245440 kB
Inactive:        1030696 kB
Active(anon):     729568 kB
Inactive(anon):   148076 kB
Active(file):     515872 kB
Inactive(file):   882620 kB
Unevictable:        7800 kB
Mlocked:               0 kB
SwapTotal:        720184 kB
SwapFree:         720184 kB
Dirty:                52 kB
Writeback:             0 kB
AnonPages:        855848 kB
Mapped:           493484 kB
Shmem:             22100 kB
Slab:             119320 kB
SReclaimable:      35916 kB
SUnreclaim:        83404 kB
KernelStack:       30640 kB
PageTables:        55072 kB
NFS_Unstable:          0 kB
Bounce:                0 kB
WritebackTmp:          0 kB
CommitLimit:     2172840 kB
Committed_AS:   92349432 kB
VmallocTotal:   251658176 kB
VmallocUsed:      134464 kB
VmallocChunk:   251420716 kB
Time pass: 15 sec

---2015-12-05 14:07:44
MemTotal:        2905316 kB
MemFree:          123236 kB
Buffers:           26372 kB
Cached:          1402780 kB
SwapCached:            0 kB
Active:          1253908 kB
Inactive:        1031432 kB
Active(anon):     738016 kB
Inactive(anon):   148136 kB
Active(file):     515892 kB
Inactive(file):   883296 kB
Unevictable:        7800 kB
Mlocked:               0 kB
SwapTotal:        720184 kB
SwapFree:         720184 kB
Dirty:                32 kB
Writeback:             0 kB
AnonPages:        864136 kB
Mapped:           494928 kB
Shmem:             22160 kB
Slab:             119336 kB
SReclaimable:      35916 kB
SUnreclaim:        83420 kB
KernelStack:       30528 kB
PageTables:        55940 kB
NFS_Unstable:          0 kB
Bounce:                0 kB
WritebackTmp:          0 kB
CommitLimit:     2172840 kB
Committed_AS:   97071104 kB
VmallocTotal:   251658176 kB
VmallocUsed:      136504 kB
VmallocChunk:   251420716 kB
Time pass: 18 sec

---2015-12-05 14:07:44
MemTotal:        2905316 kB
MemFree:           68468 kB
Buffers:           28128 kB
Cached:          1254884 kB
SwapCached:            0 kB
Active:          1309384 kB
Inactive:         903224 kB
Active(anon):     779992 kB
Inactive(anon):   180140 kB
Active(file):     529392 kB
Inactive(file):   723084 kB
Unevictable:        7800 kB
Mlocked:               0 kB
SwapTotal:        720184 kB
SwapFree:         720184 kB
Dirty:              1132 kB
Writeback:            80 kB
AnonPages:        937924 kB
Mapped:           597480 kB
Shmem:             22428 kB
Slab:             119756 kB
SReclaimable:      36344 kB
SUnreclaim:        83412 kB
KernelStack:       33856 kB
PageTables:        56504 kB
NFS_Unstable:          0 kB
Bounce:                0 kB
WritebackTmp:          0 kB
CommitLimit:     2172840 kB
Committed_AS:   93748448 kB
VmallocTotal:   251658176 kB
VmallocUsed:      137112 kB
VmallocChunk:   251420716 kB
Time pass: 22 sec

---2015-12-05 14:07:44
MemTotal:        2905316 kB
MemFree:          102644 kB
Buffers:           25280 kB
Cached:          1217168 kB
SwapCached:            0 kB
Active:          1273064 kB
Inactive:         867392 kB
Active(anon):     741952 kB
Inactive(anon):   186280 kB
Active(file):     531112 kB
Inactive(file):   681112 kB
Unevictable:        7800 kB
Mlocked:               0 kB
SwapTotal:        720184 kB
SwapFree:         720184 kB
Dirty:              1296 kB
Writeback:             0 kB
AnonPages:        905516 kB
Mapped:           625252 kB
Shmem:             22424 kB
Slab:             119668 kB
SReclaimable:      36200 kB
SUnreclaim:        83468 kB
KernelStack:       33904 kB
PageTables:        56760 kB
NFS_Unstable:          0 kB
Bounce:                0 kB
WritebackTmp:          0 kB
CommitLimit:     2172840 kB
Committed_AS:   93749412 kB
VmallocTotal:   251658176 kB
VmallocUsed:      137492 kB
VmallocChunk:   251420716 kB
Time pass: 26 sec

---2015-12-05 14:07:44
MemTotal:        2905316 kB
MemFree:          102340 kB
Buffers:           25296 kB
Cached:          1217284 kB
SwapCached:            0 kB
Active:          1273248 kB
Inactive:         867504 kB
Active(anon):     742132 kB
Inactive(anon):   186280 kB
Active(file):     531116 kB
Inactive(file):   681224 kB
Unevictable:        7800 kB
Mlocked:               0 kB
SwapTotal:        720184 kB
SwapFree:         720184 kB
Dirty:               164 kB
Writeback:             0 kB
AnonPages:        905992 kB
Mapped:           625276 kB
Shmem:             22424 kB
Slab:             119756 kB
SReclaimable:      36316 kB
SUnreclaim:        83440 kB
KernelStack:       33888 kB
PageTables:        56780 kB
NFS_Unstable:          0 kB
Bounce:                0 kB
WritebackTmp:          0 kB
CommitLimit:     2172840 kB
Committed_AS:   93749372 kB
VmallocTotal:   251658176 kB
VmallocUsed:      137492 kB
VmallocChunk:   251420716 kB
Time pass: 29 sec

---2015-12-05 14:07:44
MemTotal:        2905316 kB
MemFree:           99364 kB
Buffers:           25304 kB
Cached:          1218916 kB
SwapCached:            0 kB
Active:          1275264 kB
Inactive:         869132 kB
Active(anon):     744140 kB
Inactive(anon):   186260 kB
Active(file):     531124 kB
Inactive(file):   682872 kB
Unevictable:        7800 kB
Mlocked:               0 kB
SwapTotal:        720184 kB
SwapFree:         720184 kB
Dirty:                28 kB
Writeback:             0 kB
AnonPages:        908100 kB
Mapped:           625568 kB
Shmem:             22424 kB
Slab:             119736 kB
SReclaimable:      36316 kB
SUnreclaim:        83420 kB
KernelStack:       33920 kB
PageTables:        56788 kB
NFS_Unstable:          0 kB
Bounce:                0 kB
WritebackTmp:          0 kB
CommitLimit:     2172840 kB
Committed_AS:   93750832 kB
VmallocTotal:   251658176 kB
VmallocUsed:      137492 kB
VmallocChunk:   251420716 kB
Time pass: 33 sec

---2015-12-05 14:07:44
MemTotal:        2905316 kB
MemFree:           92060 kB
Buffers:           25344 kB
Cached:          1222860 kB
SwapCached:            0 kB
Active:          1278880 kB
Inactive:         873064 kB
Active(anon):     747736 kB
Inactive(anon):   186260 kB
Active(file):     531144 kB
Inactive(file):   686804 kB
Unevictable:        7800 kB
Mlocked:               0 kB
SwapTotal:        720184 kB
SwapFree:         720184 kB
Dirty:                 8 kB
Writeback:            16 kB
AnonPages:        911556 kB
Mapped:           626616 kB
Shmem:             22424 kB
Slab:             119924 kB
SReclaimable:      36316 kB
SUnreclaim:        83608 kB
KernelStack:       34128 kB
PageTables:        56808 kB
NFS_Unstable:          0 kB
Bounce:                0 kB
WritebackTmp:          0 kB
CommitLimit:     2172840 kB
Committed_AS:   93753764 kB
VmallocTotal:   251658176 kB
VmallocUsed:      137492 kB
VmallocChunk:   251420716 kB
Time pass: 37 sec

---2015-12-05 14:07:44
MemTotal:        2905316 kB
MemFree:           85064 kB
Buffers:           26888 kB
Cached:          1223700 kB
SwapCached:            0 kB
Active:          1282856 kB
Inactive:         875280 kB
Active(anon):     751704 kB
Inactive(anon):   186260 kB
Active(file):     531152 kB
Inactive(file):   689020 kB
Unevictable:        7800 kB
Mlocked:               0 kB
SwapTotal:        720184 kB
SwapFree:         720184 kB
Dirty:               200 kB
Writeback:             0 kB
AnonPages:        915476 kB
Mapped:           627112 kB
Shmem:             22424 kB
Slab:             119960 kB
SReclaimable:      36332 kB
SUnreclaim:        83628 kB
KernelStack:       34112 kB
PageTables:        56808 kB
NFS_Unstable:          0 kB
Bounce:                0 kB
WritebackTmp:          0 kB
CommitLimit:     2172840 kB
Committed_AS:   93754664 kB
VmallocTotal:   251658176 kB
VmallocUsed:      137504 kB
VmallocChunk:   251420716 kB
Time pass: 40 sec

---2015-12-05 14:07:44
MemTotal:        2905316 kB
MemFree:           64792 kB
Buffers:           26732 kB
Cached:          1205236 kB
SwapCached:            0 kB
Active:          1293888 kB
Inactive:         858436 kB
Active(anon):     760160 kB
Inactive(anon):   190360 kB
Active(file):     533728 kB
Inactive(file):   668076 kB
Unevictable:        7800 kB
Mlocked:               0 kB
SwapTotal:        720184 kB
SwapFree:         720184 kB
Dirty:               352 kB
Writeback:             0 kB
AnonPages:        928332 kB
Mapped:           638080 kB
Shmem:             22428 kB
Slab:             119736 kB
SReclaimable:      36252 kB
SUnreclaim:        83484 kB
KernelStack:       34144 kB
PageTables:        57168 kB
NFS_Unstable:          0 kB
Bounce:                0 kB
WritebackTmp:          0 kB
CommitLimit:     2172840 kB
Committed_AS:   93782632 kB
VmallocTotal:   251658176 kB
VmallocUsed:      137760 kB
VmallocChunk:   251420716 kB
Time pass: 44 sec

---2015-12-05 14:07:44
MemTotal:        2905316 kB
MemFree:           71528 kB
Buffers:           26624 kB
Cached:          1190244 kB
SwapCached:            0 kB
Active:          1301388 kB
Inactive:         840028 kB
Active(anon):     763580 kB
Inactive(anon):   191444 kB
Active(file):     537808 kB
Inactive(file):   648584 kB
Unevictable:        7800 kB
Mlocked:               0 kB
SwapTotal:        720184 kB
SwapFree:         720184 kB
Dirty:                 8 kB
Writeback:             0 kB
AnonPages:        932848 kB
Mapped:           643732 kB
Shmem:             22488 kB
Slab:             119580 kB
SReclaimable:      36076 kB
SUnreclaim:        83504 kB
KernelStack:       34160 kB
PageTables:        57232 kB
NFS_Unstable:          0 kB
Bounce:                0 kB
WritebackTmp:          0 kB
CommitLimit:     2172840 kB
Committed_AS:   93821116 kB
VmallocTotal:   251658176 kB
VmallocUsed:      137808 kB
VmallocChunk:   251420716 kB
Time pass: 48 sec

---2015-12-05 14:07:44
MemTotal:        2905316 kB
MemFree:           64176 kB
Buffers:           25556 kB
Cached:          1161976 kB
SwapCached:            0 kB
Active:          1325156 kB
Inactive:         810672 kB
Active(anon):     781716 kB
Inactive(anon):   197208 kB
Active(file):     543440 kB
Inactive(file):   613464 kB
Unevictable:        7800 kB
Mlocked:               0 kB
SwapTotal:        720184 kB
SwapFree:         720184 kB
Dirty:               992 kB
Writeback:             0 kB
AnonPages:        956532 kB
Mapped:           665328 kB
Shmem:             22492 kB
Slab:             120160 kB
SReclaimable:      36364 kB
SUnreclaim:        83796 kB
KernelStack:       34352 kB
PageTables:        57116 kB
NFS_Unstable:          0 kB
Bounce:                0 kB
WritebackTmp:          0 kB
CommitLimit:     2172840 kB
Committed_AS:   93842712 kB
VmallocTotal:   251658176 kB
VmallocUsed:      137912 kB
VmallocChunk:   251420716 kB
Time pass: 52 sec

---2015-12-05 14:07:44
MemTotal:        2905316 kB
MemFree:           79712 kB
Buffers:           25376 kB
Cached:          1133472 kB
SwapCached:            0 kB
Active:          1320096 kB
Inactive:         779812 kB
Active(anon):     773892 kB
Inactive(anon):   197460 kB
Active(file):     546204 kB
Inactive(file):   582352 kB
Unevictable:        7800 kB
Mlocked:               0 kB
SwapTotal:        720184 kB
SwapFree:         720184 kB
Dirty:               900 kB
Writeback:             0 kB
AnonPages:        948836 kB
Mapped:           689480 kB
Shmem:             22492 kB
Slab:             119920 kB
SReclaimable:      36172 kB
SUnreclaim:        83748 kB
KernelStack:       34368 kB
PageTables:        57260 kB
NFS_Unstable:          0 kB
Bounce:                0 kB
WritebackTmp:          0 kB
CommitLimit:     2172840 kB
Committed_AS:   93831448 kB
VmallocTotal:   251658176 kB
VmallocUsed:      138116 kB
VmallocChunk:   251420716 kB
Time pass: 55 sec

---2015-12-05 14:07:44
MemTotal:        2905316 kB
MemFree:           77084 kB
Buffers:           25392 kB
Cached:          1135664 kB
SwapCached:            0 kB
Active:          1321076 kB
Inactive:         782012 kB
Active(anon):     774868 kB
Inactive(anon):   197456 kB
Active(file):     546208 kB
Inactive(file):   584556 kB
Unevictable:        7800 kB
Mlocked:               0 kB
SwapTotal:        720184 kB
SwapFree:         720184 kB
Dirty:                12 kB
Writeback:             0 kB
AnonPages:        949716 kB
Mapped:           689804 kB
Shmem:             22492 kB
Slab:             119980 kB
SReclaimable:      36188 kB
SUnreclaim:        83792 kB
KernelStack:       34400 kB
PageTables:        57268 kB
NFS_Unstable:          0 kB
Bounce:                0 kB
WritebackTmp:          0 kB
CommitLimit:     2172840 kB
Committed_AS:   93831648 kB
VmallocTotal:   251658176 kB
VmallocUsed:      138116 kB
VmallocChunk:   251420716 kB
Time pass: 59 sec

---2015-12-05 14:07:44
MemTotal:        2905316 kB
MemFree:           72408 kB
Buffers:           25296 kB
Cached:          1122208 kB
SwapCached:            0 kB
Active:          1324248 kB
Inactive:         767460 kB
Active(anon):     777108 kB
Inactive(anon):   197456 kB
Active(file):     547140 kB
Inactive(file):   570004 kB
Unevictable:        7800 kB
Mlocked:               0 kB
SwapTotal:        720184 kB
SwapFree:         720184 kB
Dirty:               228 kB
Writeback:             0 kB
AnonPages:        952128 kB
Mapped:           699384 kB
Shmem:             22492 kB
Slab:             120068 kB
SReclaimable:      36284 kB
SUnreclaim:        83784 kB
KernelStack:       34416 kB
PageTables:        57308 kB
NFS_Unstable:          0 kB
Bounce:                0 kB
WritebackTmp:          0 kB
CommitLimit:     2172840 kB
Committed_AS:   93831776 kB
VmallocTotal:   251658176 kB
VmallocUsed:      138236 kB
VmallocChunk:   251420716 kB
Time pass: 63 sec

---2015-12-05 14:07:44
MemTotal:        2905316 kB
MemFree:           72456 kB
Buffers:           25304 kB
Cached:          1122412 kB
SwapCached:            0 kB
Active:          1324320 kB
Inactive:         767640 kB
Active(anon):     777084 kB
Inactive(anon):   197456 kB
Active(file):     547236 kB
Inactive(file):   570184 kB
Unevictable:        7800 kB
Mlocked:               0 kB
SwapTotal:        720184 kB
SwapFree:         720184 kB
Dirty:               244 kB
Writeback:             0 kB
AnonPages:        952128 kB
Mapped:           699420 kB
Shmem:             22492 kB
Slab:             119940 kB
SReclaimable:      36188 kB
SUnreclaim:        83752 kB
KernelStack:       34384 kB
PageTables:        57296 kB
NFS_Unstable:          0 kB
Bounce:                0 kB
WritebackTmp:          0 kB
CommitLimit:     2172840 kB
Committed_AS:   93831768 kB
VmallocTotal:   251658176 kB
VmallocUsed:      138236 kB
VmallocChunk:   251420716 kB
Time pass: 67 sec

---2015-12-05 14:07:44
MemTotal:        2905316 kB
MemFree:           67868 kB
Buffers:           26184 kB
Cached:          1101140 kB
SwapCached:            0 kB
Active:          1331140 kB
Inactive:         746072 kB
Active(anon):     782924 kB
Inactive(anon):   197968 kB
Active(file):     548216 kB
Inactive(file):   548104 kB
Unevictable:        8392 kB
Mlocked:               0 kB
SwapTotal:        720184 kB
SwapFree:         720184 kB
Dirty:               532 kB
Writeback:             0 kB
AnonPages:        958460 kB
Mapped:           706572 kB
Shmem:             22492 kB
Slab:             120076 kB
SReclaimable:      36188 kB
SUnreclaim:        83888 kB
KernelStack:       34400 kB
PageTables:        57236 kB
NFS_Unstable:          0 kB
Bounce:                0 kB
WritebackTmp:          0 kB
CommitLimit:     2172840 kB
Committed_AS:   93832336 kB
VmallocTotal:   251658176 kB
VmallocUsed:      138400 kB
VmallocChunk:   251420716 kB
Time pass: 70 sec

---2015-12-05 14:07:44
MemTotal:        2905316 kB
MemFree:           70160 kB
Buffers:           26068 kB
Cached:          1093364 kB
SwapCached:            0 kB
Active:          1334036 kB
Inactive:         739708 kB
Active(anon):     791720 kB
Inactive(anon):   197852 kB
Active(file):     542316 kB
Inactive(file):   541856 kB
Unevictable:       12516 kB
Mlocked:               0 kB
SwapTotal:        720184 kB
SwapFree:         720156 kB
Dirty:               316 kB
Writeback:             0 kB
AnonPages:        967580 kB
Mapped:           710316 kB
Shmem:             22480 kB
Slab:             117860 kB
SReclaimable:      33896 kB
SUnreclaim:        83964 kB
KernelStack:       34560 kB
PageTables:        57284 kB
NFS_Unstable:          0 kB
Bounce:                0 kB
WritebackTmp:          0 kB
CommitLimit:     2172840 kB
Committed_AS:   93843232 kB
VmallocTotal:   251658176 kB
VmallocUsed:      138400 kB
VmallocChunk:   251420716 kB
Time pass: 74 sec

---2015-12-05 14:07:44
MemTotal:        2905316 kB
MemFree:           65636 kB
Buffers:           26124 kB
Cached:          1086664 kB
SwapCached:            0 kB
Active:          1339040 kB
Inactive:         738136 kB
Active(anon):     800412 kB
Inactive(anon):   199208 kB
Active(file):     538628 kB
Inactive(file):   538928 kB
Unevictable:       12764 kB
Mlocked:               0 kB
SwapTotal:        720184 kB
SwapFree:         720156 kB
Dirty:                80 kB
Writeback:             0 kB
AnonPages:        977228 kB
Mapped:           710256 kB
Shmem:             22464 kB
Slab:             120028 kB
SReclaimable:      36224 kB
SUnreclaim:        83804 kB
KernelStack:       34560 kB
PageTables:        57320 kB
NFS_Unstable:          0 kB
Bounce:                0 kB
WritebackTmp:          0 kB
CommitLimit:     2172840 kB
Committed_AS:   93877528 kB
VmallocTotal:   251658176 kB
VmallocUsed:      138400 kB
VmallocChunk:   251420716 kB
Time pass: 78 sec

---2015-12-05 14:07:44
MemTotal:        2905316 kB
MemFree:           65288 kB
Buffers:           26124 kB
Cached:          1086736 kB
SwapCached:            0 kB
Active:          1338784 kB
Inactive:         738144 kB
Active(anon):     800096 kB
Inactive(anon):   199264 kB
Active(file):     538688 kB
Inactive(file):   538880 kB
Unevictable:       12764 kB
Mlocked:               0 kB
SwapTotal:        720184 kB
SwapFree:         720156 kB
Dirty:                20 kB
Writeback:             0 kB
AnonPages:        976840 kB
Mapped:           710320 kB
Shmem:             22524 kB
Slab:             120024 kB
SReclaimable:      36224 kB
SUnreclaim:        83800 kB
KernelStack:       34400 kB
PageTables:        57372 kB
NFS_Unstable:          0 kB
Bounce:                0 kB
WritebackTmp:          0 kB
CommitLimit:     2172840 kB
Committed_AS:   93877300 kB
VmallocTotal:   251658176 kB
VmallocUsed:      138400 kB
VmallocChunk:   251420716 kB
Time pass: 81 sec

---2015-12-05 14:07:44
MemTotal:        2905316 kB
MemFree:           74872 kB
Buffers:           26028 kB
Cached:          1079332 kB
SwapCached:            0 kB
Active:          1329356 kB
Inactive:         735872 kB
Active(anon):     794360 kB
Inactive(anon):   200800 kB
Active(file):     534996 kB
Inactive(file):   535072 kB
Unevictable:       12768 kB
Mlocked:               0 kB
SwapTotal:        720184 kB
SwapFree:         720156 kB
Dirty:               136 kB
Writeback:             0 kB
AnonPages:        972436 kB
Mapped:           710652 kB
Shmem:             22524 kB
Slab:             120064 kB
SReclaimable:      36224 kB
SUnreclaim:        83840 kB
KernelStack:       34256 kB
PageTables:        57428 kB
NFS_Unstable:          0 kB
Bounce:                0 kB
WritebackTmp:          0 kB
CommitLimit:     2172840 kB
Committed_AS:   93879460 kB
VmallocTotal:   251658176 kB
VmallocUsed:      138428 kB
VmallocChunk:   251420716 kB
Time pass: 85 sec

---2015-12-05 14:07:44
MemTotal:        2905316 kB
MemFree:           75224 kB
Buffers:           26036 kB
Cached:          1079340 kB
SwapCached:            0 kB
Active:          1329216 kB
Inactive:         735868 kB
Active(anon):     794204 kB
Inactive(anon):   200800 kB
Active(file):     535012 kB
Inactive(file):   535068 kB
Unevictable:       12768 kB
Mlocked:               0 kB
SwapTotal:        720184 kB
SwapFree:         720156 kB
Dirty:                28 kB
Writeback:             0 kB
AnonPages:        972520 kB
Mapped:           710704 kB
Shmem:             22524 kB
Slab:             119956 kB
SReclaimable:      36112 kB
SUnreclaim:        83844 kB
KernelStack:       34144 kB
PageTables:        57428 kB
NFS_Unstable:          0 kB
Bounce:                0 kB
WritebackTmp:          0 kB
CommitLimit:     2172840 kB
Committed_AS:   93879344 kB
VmallocTotal:   251658176 kB
VmallocUsed:      138428 kB
VmallocChunk:   251420716 kB
Time pass: 89 sec

---2015-12-05 14:07:44
MemTotal:        2905316 kB
MemFree:           75704 kB
Buffers:           26036 kB
Cached:          1079344 kB
SwapCached:            0 kB
Active:          1329368 kB
Inactive:         735872 kB
Active(anon):     794352 kB
Inactive(anon):   200800 kB
Active(file):     535016 kB
Inactive(file):   535072 kB
Unevictable:       12768 kB
Mlocked:               0 kB
SwapTotal:        720184 kB
SwapFree:         720156 kB
Dirty:                32 kB
Writeback:             0 kB
AnonPages:        972604 kB
Mapped:           710704 kB
Shmem:             22524 kB
Slab:             119960 kB
SReclaimable:      36112 kB
SUnreclaim:        83848 kB
KernelStack:       34176 kB
PageTables:        57424 kB
NFS_Unstable:          0 kB
Bounce:                0 kB
WritebackTmp:          0 kB
CommitLimit:     2172840 kB
Committed_AS:   93879332 kB
VmallocTotal:   251658176 kB
VmallocUsed:      138428 kB
VmallocChunk:   251420716 kB
Time pass: 93 sec

---2015-12-05 14:07:44
MemTotal:        2905316 kB
MemFree:           74728 kB
Buffers:           26044 kB
Cached:          1079384 kB
SwapCached:            0 kB
Active:          1330496 kB
Inactive:         735912 kB
Active(anon):     795472 kB
Inactive(anon):   200800 kB
Active(file):     535024 kB
Inactive(file):   535112 kB
Unevictable:       12768 kB
Mlocked:               0 kB
SwapTotal:        720184 kB
SwapFree:         720156 kB
Dirty:                60 kB
Writeback:             0 kB
AnonPages:        973772 kB
Mapped:           710708 kB
Shmem:             22524 kB
Slab:             120156 kB
SReclaimable:      36112 kB
SUnreclaim:        84044 kB
KernelStack:       34192 kB
PageTables:        57432 kB
NFS_Unstable:          0 kB
Bounce:                0 kB
WritebackTmp:          0 kB
CommitLimit:     2172840 kB
Committed_AS:   93879320 kB
VmallocTotal:   251658176 kB
VmallocUsed:      138428 kB
VmallocChunk:   251420716 kB
Time pass: 97 sec

---2015-12-05 14:07:44
MemTotal:        2905316 kB
MemFree:           77128 kB
Buffers:           26052 kB
Cached:          1080068 kB
SwapCached:            0 kB
Active:          1332560 kB
Inactive:         736540 kB
Active(anon):     797344 kB
Inactive(anon):   200800 kB
Active(file):     535216 kB
Inactive(file):   535740 kB
Unevictable:       12768 kB
Mlocked:               0 kB
SwapTotal:        720184 kB
SwapFree:         720156 kB
Dirty:                88 kB
Writeback:             0 kB
AnonPages:        975656 kB
Mapped:           709256 kB
Shmem:             22524 kB
Slab:             120344 kB
SReclaimable:      36112 kB
SUnreclaim:        84232 kB
KernelStack:       34128 kB
PageTables:        57468 kB
NFS_Unstable:          0 kB
Bounce:                0 kB
WritebackTmp:          0 kB
CommitLimit:     2172840 kB
Committed_AS:   93879540 kB
VmallocTotal:   251658176 kB
VmallocUsed:      138380 kB
VmallocChunk:   251420716 kB
Time pass: 100 sec

---2015-12-05 14:07:44
MemTotal:        2905316 kB
MemFree:          296204 kB
Buffers:           26020 kB
Cached:          1054008 kB
SwapCached:            0 kB
Active:          1249092 kB
Inactive:         723384 kB
Active(anon):     726952 kB
Inactive(anon):   201036 kB
Active(file):     522140 kB
Inactive(file):   522348 kB
Unevictable:       12768 kB
Mlocked:               0 kB
SwapTotal:        720184 kB
SwapFree:         720156 kB
Dirty:                 8 kB
Writeback:             0 kB
AnonPages:        905536 kB
Mapped:           536284 kB
Shmem:             22772 kB
Slab:             119600 kB
SReclaimable:      35968 kB
SUnreclaim:        83632 kB
KernelStack:       32832 kB
PageTables:        56072 kB
NFS_Unstable:          0 kB
Bounce:                0 kB
WritebackTmp:          0 kB
CommitLimit:     2172840 kB
Committed_AS:   96504768 kB
VmallocTotal:   251658176 kB
VmallocUsed:      137044 kB
VmallocChunk:   251420716 kB
Time pass: 104 sec

---2015-12-05 14:07:44
MemTotal:        2905316 kB
MemFree:          230400 kB
Buffers:           26464 kB
Cached:          1056384 kB
SwapCached:            0 kB
Active:          1274560 kB
Inactive:         722876 kB
Active(anon):     749092 kB
Inactive(anon):   201176 kB
Active(file):     525468 kB
Inactive(file):   521700 kB
Unevictable:       12768 kB
Mlocked:               0 kB
SwapTotal:        720184 kB
SwapFree:         720156 kB
Dirty:              2184 kB
Writeback:             0 kB
AnonPages:        927328 kB
Mapped:           612436 kB
Shmem:             22912 kB
Slab:             119716 kB
SReclaimable:      36032 kB
SUnreclaim:        83684 kB
KernelStack:       33952 kB
PageTables:        56388 kB
NFS_Unstable:          0 kB
Bounce:                0 kB
WritebackTmp:          0 kB
CommitLimit:     2172840 kB
Committed_AS:   93143232 kB
VmallocTotal:   251658176 kB
VmallocUsed:      136540 kB
VmallocChunk:   251420716 kB
Time pass: 107 sec

---2015-12-05 14:07:44
MemTotal:        2905316 kB
MemFree:          142860 kB
Buffers:           26472 kB
Cached:          1057884 kB
SwapCached:            0 kB
Active:          1293132 kB
Inactive:         722616 kB
Active(anon):     765904 kB
Inactive(anon):   201236 kB
Active(file):     527228 kB
Inactive(file):   521380 kB
Unevictable:       12768 kB
Mlocked:               0 kB
SwapTotal:        720184 kB
SwapFree:         720156 kB
Dirty:              2372 kB
Writeback:             0 kB
AnonPages:        944548 kB
Mapped:           661336 kB
Shmem:             22972 kB
Slab:             119944 kB
SReclaimable:      36068 kB
SUnreclaim:        83876 kB
KernelStack:       33920 kB
PageTables:        56636 kB
NFS_Unstable:          0 kB
Bounce:                0 kB
WritebackTmp:          0 kB
CommitLimit:     2172840 kB
Committed_AS:   93152772 kB
VmallocTotal:   251658176 kB
VmallocUsed:      137052 kB
VmallocChunk:   251420716 kB
Time pass: 111 sec

---2015-12-05 14:07:44
MemTotal:        2905316 kB
MemFree:          139752 kB
Buffers:           26472 kB
Cached:          1057888 kB
SwapCached:            0 kB
Active:          1293852 kB
Inactive:         722628 kB
Active(anon):     766624 kB
Inactive(anon):   201236 kB
Active(file):     527228 kB
Inactive(file):   521392 kB
Unevictable:       12768 kB
Mlocked:               0 kB
SwapTotal:        720184 kB
SwapFree:         720156 kB
Dirty:               296 kB
Writeback:             0 kB
AnonPages:        945284 kB
Mapped:           661332 kB
Shmem:             22972 kB
Slab:             119908 kB
SReclaimable:      36068 kB
SUnreclaim:        83840 kB
KernelStack:       33920 kB
PageTables:        56656 kB
NFS_Unstable:          0 kB
Bounce:                0 kB
WritebackTmp:          0 kB
CommitLimit:     2172840 kB
Committed_AS:   93152852 kB
VmallocTotal:   251658176 kB
VmallocUsed:      137052 kB
VmallocChunk:   251420716 kB
Time pass: 115 sec

---2015-12-05 14:07:44
MemTotal:        2905316 kB
MemFree:          122876 kB
Buffers:           26480 kB
Cached:          1058036 kB
SwapCached:            0 kB
Active:          1295608 kB
Inactive:         722532 kB
Active(anon):     768180 kB
Inactive(anon):   201236 kB
Active(file):     527428 kB
Inactive(file):   521296 kB
Unevictable:       12768 kB
Mlocked:               0 kB
SwapTotal:        720184 kB
SwapFree:         720156 kB
Dirty:               136 kB
Writeback:             0 kB
AnonPages:        946464 kB
Mapped:           671648 kB
Shmem:             22972 kB
Slab:             119840 kB
SReclaimable:      36068 kB
SUnreclaim:        83772 kB
KernelStack:       33920 kB
PageTables:        56704 kB
NFS_Unstable:          0 kB
Bounce:                0 kB
WritebackTmp:          0 kB
CommitLimit:     2172840 kB
Committed_AS:   93152880 kB
VmallocTotal:   251658176 kB
VmallocUsed:      137176 kB
VmallocChunk:   251420716 kB
Time pass: 119 sec

---2015-12-05 14:07:44
MemTotal:        2905316 kB
MemFree:           89168 kB
Buffers:           26488 kB
Cached:          1058084 kB
SwapCached:            0 kB
Active:          1302756 kB
Inactive:         722592 kB
Active(anon):     775284 kB
Inactive(anon):   201236 kB
Active(file):     527472 kB
Inactive(file):   521356 kB
Unevictable:       12768 kB
Mlocked:               0 kB
SwapTotal:        720184 kB
SwapFree:         720156 kB
Dirty:               448 kB
Writeback:             0 kB
AnonPages:        953516 kB
Mapped:           684220 kB
Shmem:             22976 kB
Slab:             119988 kB
SReclaimable:      36084 kB
SUnreclaim:        83904 kB
KernelStack:       33904 kB
PageTables:        56692 kB
NFS_Unstable:          0 kB
Bounce:                0 kB
WritebackTmp:          0 kB
CommitLimit:     2172840 kB
Committed_AS:   93153656 kB
VmallocTotal:   251658176 kB
VmallocUsed:      137364 kB
VmallocChunk:   251420716 kB
Time pass: 123 sec

---2015-12-05 14:07:44
MemTotal:        2905316 kB
MemFree:           89036 kB
Buffers:           26488 kB
Cached:          1058092 kB
SwapCached:            0 kB
Active:          1302316 kB
Inactive:         722580 kB
Active(anon):     774820 kB
Inactive(anon):   201236 kB
Active(file):     527496 kB
Inactive(file):   521344 kB
Unevictable:       12768 kB
Mlocked:               0 kB
SwapTotal:        720184 kB
SwapFree:         720156 kB
Dirty:               604 kB
Writeback:             0 kB
AnonPages:        953160 kB
Mapped:           685252 kB
Shmem:             22972 kB
Slab:             119880 kB
SReclaimable:      36084 kB
SUnreclaim:        83796 kB
KernelStack:       33920 kB
PageTables:        56668 kB
NFS_Unstable:          0 kB
Bounce:                0 kB
WritebackTmp:          0 kB
CommitLimit:     2172840 kB
Committed_AS:   93153780 kB
VmallocTotal:   251658176 kB
VmallocUsed:      137376 kB
VmallocChunk:   251420716 kB
Time pass: 126 sec

---2015-12-05 14:07:44
MemTotal:        2905316 kB
MemFree:           89264 kB
Buffers:           26496 kB
Cached:          1058092 kB
SwapCached:            0 kB
Active:          1301944 kB
Inactive:         722580 kB
Active(anon):     774448 kB
Inactive(anon):   201236 kB
Active(file):     527496 kB
Inactive(file):   521344 kB
Unevictable:       12768 kB
Mlocked:               0 kB
SwapTotal:        720184 kB
SwapFree:         720156 kB
Dirty:                 4 kB
Writeback:             0 kB
AnonPages:        952856 kB
Mapped:           685268 kB
Shmem:             22972 kB
Slab:             119992 kB
SReclaimable:      36084 kB
SUnreclaim:        83908 kB
KernelStack:       33920 kB
PageTables:        56668 kB
NFS_Unstable:          0 kB
Bounce:                0 kB
WritebackTmp:          0 kB
CommitLimit:     2172840 kB
Committed_AS:   93153820 kB
VmallocTotal:   251658176 kB
VmallocUsed:      137376 kB
VmallocChunk:   251420716 kB
Time pass: 130 sec

---2015-12-05 14:07:44
MemTotal:        2905316 kB
MemFree:           77680 kB
Buffers:           26516 kB
Cached:          1062304 kB
SwapCached:            0 kB
Active:          1308320 kB
Inactive:         726784 kB
Active(anon):     780796 kB
Inactive(anon):   201236 kB
Active(file):     527524 kB
Inactive(file):   525548 kB
Unevictable:       12768 kB
Mlocked:               0 kB
SwapTotal:        720184 kB
SwapFree:         720156 kB
Dirty:                92 kB
Writeback:             0 kB
AnonPages:        959076 kB
Mapped:           686936 kB
Shmem:             22972 kB
Slab:             119948 kB
SReclaimable:      36084 kB
SUnreclaim:        83864 kB
KernelStack:       33936 kB
PageTables:        56680 kB
NFS_Unstable:          0 kB
Bounce:                0 kB
WritebackTmp:          0 kB
CommitLimit:     2172840 kB
Committed_AS:   93161060 kB
VmallocTotal:   251658176 kB
VmallocUsed:      137376 kB
VmallocChunk:   251420716 kB
Time pass: 134 sec

---2015-12-05 14:07:44
MemTotal:        2905316 kB
MemFree:           66796 kB
Buffers:           26508 kB
Cached:          1058592 kB
SwapCached:            0 kB
Active:          1318836 kB
Inactive:         726028 kB
Active(anon):     794444 kB
Inactive(anon):   201268 kB
Active(file):     524392 kB
Inactive(file):   524760 kB
Unevictable:       12768 kB
Mlocked:               0 kB
SwapTotal:        720184 kB
SwapFree:         720156 kB
Dirty:               208 kB
Writeback:             0 kB
AnonPages:        972340 kB
Mapped:           688968 kB
Shmem:             23164 kB
Slab:             120120 kB
SReclaimable:      36068 kB
SUnreclaim:        84052 kB
KernelStack:       34384 kB
PageTables:        56948 kB
NFS_Unstable:          0 kB
Bounce:                0 kB
WritebackTmp:          0 kB
CommitLimit:     2172840 kB
Committed_AS:   93232140 kB
VmallocTotal:   251658176 kB
VmallocUsed:      139824 kB
VmallocChunk:   251420716 kB
Time pass: 138 sec

---2015-12-05 14:07:44
MemTotal:        2905316 kB
MemFree:           68776 kB
Buffers:           26476 kB
Cached:          1045852 kB
SwapCached:            0 kB
Active:          1312800 kB
Inactive:         719788 kB
Active(anon):     794940 kB
Inactive(anon):   201448 kB
Active(file):     517860 kB
Inactive(file):   518340 kB
Unevictable:       12768 kB
Mlocked:               0 kB
SwapTotal:        720184 kB
SwapFree:         720156 kB
Dirty:                16 kB
Writeback:             0 kB
AnonPages:        973104 kB
Mapped:           684268 kB
Shmem:             23360 kB
Slab:             120004 kB
SReclaimable:      35972 kB
SUnreclaim:        84032 kB
KernelStack:       34352 kB
PageTables:        57156 kB
NFS_Unstable:          0 kB
Bounce:                0 kB
WritebackTmp:          0 kB
CommitLimit:     2172840 kB
Committed_AS:   93232652 kB
VmallocTotal:   251658176 kB
VmallocUsed:      139824 kB
VmallocChunk:   251420716 kB
Time pass: 141 sec

---2015-12-05 14:07:44
MemTotal:        2905316 kB
MemFree:           67300 kB
Buffers:           26484 kB
Cached:          1045908 kB
SwapCached:            0 kB
Active:          1313396 kB
Inactive:         719840 kB
Active(anon):     795524 kB
Inactive(anon):   201496 kB
Active(file):     517872 kB
Inactive(file):   518344 kB
Unevictable:       12768 kB
Mlocked:               0 kB
SwapTotal:        720184 kB
SwapFree:         720156 kB
Dirty:                12 kB
Writeback:             0 kB
AnonPages:        973984 kB
Mapped:           684380 kB
Shmem:             23408 kB
Slab:             120000 kB
SReclaimable:      35968 kB
SUnreclaim:        84032 kB
KernelStack:       34384 kB
PageTables:        57192 kB
NFS_Unstable:          0 kB
Bounce:                0 kB
WritebackTmp:          0 kB
CommitLimit:     2172840 kB
Committed_AS:   93233488 kB
VmallocTotal:   251658176 kB
VmallocUsed:      139824 kB
VmallocChunk:   251420716 kB
Time pass: 145 sec

---2015-12-05 14:07:44
MemTotal:        2905316 kB
MemFree:           68784 kB
Buffers:           26492 kB
Cached:          1039376 kB
SwapCached:            0 kB
Active:          1316216 kB
Inactive:         716548 kB
Active(anon):     801504 kB
Inactive(anon):   201776 kB
Active(file):     514712 kB
Inactive(file):   514772 kB
Unevictable:       12768 kB
Mlocked:               0 kB
SwapTotal:        720184 kB
SwapFree:         720156 kB
Dirty:                40 kB
Writeback:             0 kB
AnonPages:        979836 kB
Mapped:           685048 kB
Shmem:             23688 kB
Slab:             120020 kB
SReclaimable:      35968 kB
SUnreclaim:        84052 kB
KernelStack:       34336 kB
PageTables:        57168 kB
NFS_Unstable:          0 kB
Bounce:                0 kB
WritebackTmp:          0 kB
CommitLimit:     2172840 kB
Committed_AS:   93248564 kB
VmallocTotal:   251658176 kB
VmallocUsed:      139824 kB
VmallocChunk:   251420716 kB
Time pass: 149 sec

---2015-12-05 14:07:44
MemTotal:        2905316 kB
MemFree:           65940 kB
Buffers:           26524 kB
Cached:          1038908 kB
SwapCached:            0 kB
Active:          1320364 kB
Inactive:         715760 kB
Active(anon):     805368 kB
Inactive(anon):   201124 kB
Active(file):     514996 kB
Inactive(file):   514636 kB
Unevictable:       12768 kB
Mlocked:               0 kB
SwapTotal:        720184 kB
SwapFree:         720156 kB
Dirty:               216 kB
Writeback:             0 kB
AnonPages:        984084 kB
Mapped:           685404 kB
Shmem:             23032 kB
Slab:             120020 kB
SReclaimable:      35968 kB
SUnreclaim:        84052 kB
KernelStack:       34128 kB
PageTables:        56916 kB
NFS_Unstable:          0 kB
Bounce:                0 kB
WritebackTmp:          0 kB
CommitLimit:     2172840 kB
Committed_AS:   93254848 kB
VmallocTotal:   251658176 kB
VmallocUsed:      139824 kB
VmallocChunk:   251420716 kB
Time pass: 153 sec

---2015-12-05 14:07:44
MemTotal:        2905316 kB
MemFree:           68508 kB
Buffers:           26548 kB
Cached:          1032496 kB
SwapCached:            0 kB
Active:          1319428 kB
Inactive:         714048 kB
Active(anon):     808076 kB
Inactive(anon):   202380 kB
Active(file):     511352 kB
Inactive(file):   511668 kB
Unevictable:       12768 kB
Mlocked:               0 kB
SwapTotal:        720184 kB
SwapFree:         720156 kB
Dirty:                84 kB
Writeback:             0 kB
AnonPages:        987216 kB
Mapped:           685832 kB
Shmem:             23256 kB
Slab:             120068 kB
SReclaimable:      36016 kB
SUnreclaim:        84052 kB
KernelStack:       34352 kB
PageTables:        57116 kB
NFS_Unstable:          0 kB
Bounce:                0 kB
WritebackTmp:          0 kB
CommitLimit:     2172840 kB
Committed_AS:   93254848 kB
VmallocTotal:   251658176 kB
VmallocUsed:      139824 kB
VmallocChunk:   251420716 kB
Time pass: 156 sec

---2015-12-05 14:07:44
MemTotal:        2905316 kB
MemFree:           68396 kB
Buffers:           26548 kB
Cached:          1032544 kB
SwapCached:            0 kB
Active:          1319584 kB
Inactive:         714092 kB
Active(anon):     808228 kB
Inactive(anon):   202424 kB
Active(file):     511356 kB
Inactive(file):   511668 kB
Unevictable:       12768 kB
Mlocked:               0 kB
SwapTotal:        720184 kB
SwapFree:         720156 kB
Dirty:                 4 kB
Writeback:             0 kB
AnonPages:        987528 kB
Mapped:           685884 kB
Shmem:             23300 kB
Slab:             120084 kB
SReclaimable:      36016 kB
SUnreclaim:        84068 kB
KernelStack:       34320 kB
PageTables:        57116 kB
NFS_Unstable:          0 kB
Bounce:                0 kB
WritebackTmp:          0 kB
CommitLimit:     2172840 kB
Committed_AS:   93254824 kB
VmallocTotal:   251658176 kB
VmallocUsed:      139824 kB
VmallocChunk:   251420716 kB
Time pass: 160 sec

---2015-12-05 14:07:44
MemTotal:        2905316 kB
MemFree:           67960 kB
Buffers:           26556 kB
Cached:          1032620 kB
SwapCached:            0 kB
Active:          1320740 kB
Inactive:         714172 kB
Active(anon):     809380 kB
Inactive(anon):   202476 kB
Active(file):     511360 kB
Inactive(file):   511696 kB
Unevictable:       12768 kB
Mlocked:               0 kB
SwapTotal:        720184 kB
SwapFree:         720156 kB
Dirty:                44 kB
Writeback:             0 kB
AnonPages:        988868 kB
Mapped:           685944 kB
Shmem:             23352 kB
Slab:             120100 kB
SReclaimable:      36016 kB
SUnreclaim:        84084 kB
KernelStack:       34352 kB
PageTables:        57120 kB
NFS_Unstable:          0 kB
Bounce:                0 kB
WritebackTmp:          0 kB
CommitLimit:     2172840 kB
Committed_AS:   93254800 kB
VmallocTotal:   251658176 kB
VmallocUsed:      139824 kB
VmallocChunk:   251420716 kB
Time pass: 164 sec

---2015-12-05 14:07:44
MemTotal:        2905316 kB
MemFree:           66788 kB
Buffers:           26564 kB
Cached:          1032716 kB
SwapCached:            0 kB
Active:          1321932 kB
Inactive:         714232 kB
Active(anon):     810564 kB
Inactive(anon):   202492 kB
Active(file):     511368 kB
Inactive(file):   511740 kB
Unevictable:       12768 kB
Mlocked:               0 kB
SwapTotal:        720184 kB
SwapFree:         720156 kB
Dirty:                76 kB
Writeback:             0 kB
AnonPages:        989832 kB
Mapped:           685980 kB
Shmem:             23368 kB
Slab:             120084 kB
SReclaimable:      36016 kB
SUnreclaim:        84068 kB
KernelStack:       34352 kB
PageTables:        57120 kB
NFS_Unstable:          0 kB
Bounce:                0 kB
WritebackTmp:          0 kB
CommitLimit:     2172840 kB
Committed_AS:   93281692 kB
VmallocTotal:   251658176 kB
VmallocUsed:      139824 kB
VmallocChunk:   251420716 kB
Time pass: 167 sec

---2015-12-05 14:07:44
MemTotal:        2905316 kB
MemFree:           76488 kB
Buffers:           26564 kB
Cached:          1032460 kB
SwapCached:            0 kB
Active:          1312748 kB
Inactive:         713984 kB
Active(anon):     801352 kB
Inactive(anon):   202220 kB
Active(file):     511396 kB
Inactive(file):   511764 kB
Unevictable:       12768 kB
Mlocked:               0 kB
SwapTotal:        720184 kB
SwapFree:         720156 kB
Dirty:                20 kB
Writeback:             0 kB
AnonPages:        980484 kB
Mapped:           685608 kB
Shmem:             23092 kB
Slab:             120080 kB
SReclaimable:      36016 kB
SUnreclaim:        84064 kB
KernelStack:       33968 kB
PageTables:        56960 kB
NFS_Unstable:          0 kB
Bounce:                0 kB
WritebackTmp:          0 kB
CommitLimit:     2172840 kB
Committed_AS:   93253076 kB
VmallocTotal:   251658176 kB
VmallocUsed:      139792 kB
VmallocChunk:   251420716 kB
Time pass: 171 sec

---2015-12-05 14:07:44
MemTotal:        2905316 kB
MemFree:           73272 kB
Buffers:           26572 kB
Cached:          1032472 kB
SwapCached:            0 kB
Active:          1315640 kB
Inactive:         713988 kB
Active(anon):     804228 kB
Inactive(anon):   202220 kB
Active(file):     511412 kB
Inactive(file):   511768 kB
Unevictable:       12768 kB
Mlocked:               0 kB
SwapTotal:        720184 kB
SwapFree:         720156 kB
Dirty:                 0 kB
Writeback:             0 kB
AnonPages:        983528 kB
Mapped:           686272 kB
Shmem:             23092 kB
Slab:             120288 kB
SReclaimable:      36016 kB
SUnreclaim:        84272 kB
KernelStack:       34096 kB
PageTables:        57464 kB
NFS_Unstable:          0 kB
Bounce:                0 kB
WritebackTmp:          0 kB
CommitLimit:     2172840 kB
Committed_AS:   93981256 kB
VmallocTotal:   251658176 kB
VmallocUsed:      140812 kB
VmallocChunk:   251420716 kB
Time pass: 175 sec

---2015-12-05 14:07:44
MemTotal:        2905316 kB
MemFree:           73004 kB
Buffers:           26580 kB
Cached:          1032476 kB
SwapCached:            0 kB
Active:          1316008 kB
Inactive:         713988 kB
Active(anon):     804588 kB
Inactive(anon):   202220 kB
Active(file):     511420 kB
Inactive(file):   511768 kB
Unevictable:       12768 kB
Mlocked:               0 kB
SwapTotal:        720184 kB
SwapFree:         720156 kB
Dirty:                48 kB
Writeback:             0 kB
AnonPages:        983596 kB
Mapped:           686364 kB
Shmem:             23092 kB
Slab:             120176 kB
SReclaimable:      36016 kB
SUnreclaim:        84160 kB
KernelStack:       34128 kB
PageTables:        57516 kB
NFS_Unstable:          0 kB
Bounce:                0 kB
WritebackTmp:          0 kB
CommitLimit:     2172840 kB
Committed_AS:   93981512 kB
VmallocTotal:   251658176 kB
VmallocUsed:      140812 kB
VmallocChunk:   251420716 kB
Time pass: 179 sec

---2015-12-05 14:07:44
MemTotal:        2905316 kB
MemFree:           72268 kB
Buffers:           26596 kB
Cached:          1032472 kB
SwapCached:            0 kB
Active:          1316232 kB
Inactive:         713996 kB
Active(anon):     804804 kB
Inactive(anon):   202220 kB
Active(file):     511428 kB
Inactive(file):   511776 kB
Unevictable:       12768 kB
Mlocked:               0 kB
SwapTotal:        720184 kB
SwapFree:         720156 kB
Dirty:                20 kB
Writeback:             0 kB
AnonPages:        983928 kB
Mapped:           686376 kB
Shmem:             23092 kB
Slab:             120160 kB
SReclaimable:      36016 kB
SUnreclaim:        84144 kB
KernelStack:       34128 kB
PageTables:        57488 kB
NFS_Unstable:          0 kB
Bounce:                0 kB
WritebackTmp:          0 kB
CommitLimit:     2172840 kB
Committed_AS:   93981500 kB
VmallocTotal:   251658176 kB
VmallocUsed:      140812 kB
VmallocChunk:   251420716 kB
Time pass: 183 sec

---2015-12-05 14:07:44
MemTotal:        2905316 kB
MemFree:           68592 kB
Buffers:           26480 kB
Cached:          1025576 kB
SwapCached:            0 kB
Active:          1321724 kB
Inactive:         711100 kB
Active(anon):     813616 kB
Inactive(anon):   202988 kB
Active(file):     508108 kB
Inactive(file):   508112 kB
Unevictable:       12768 kB
Mlocked:               0 kB
SwapTotal:        720184 kB
SwapFree:         720156 kB
Dirty:                16 kB
Writeback:             0 kB
AnonPages:        993984 kB
Mapped:           689236 kB
Shmem:             23092 kB
Slab:             120172 kB
SReclaimable:      36016 kB
SUnreclaim:        84156 kB
KernelStack:       34160 kB
PageTables:        57488 kB
NFS_Unstable:          0 kB
Bounce:                0 kB
WritebackTmp:          0 kB
CommitLimit:     2172840 kB
Committed_AS:   93981588 kB
VmallocTotal:   251658176 kB
VmallocUsed:      138428 kB
VmallocChunk:   251420716 kB
Time pass: 186 sec

---2015-12-05 14:07:44
MemTotal:        2905316 kB
MemFree:           67124 kB
Buffers:           26528 kB
Cached:          1025924 kB
SwapCached:            0 kB
Active:          1326116 kB
Inactive:         710404 kB
Active(anon):     816976 kB
Inactive(anon):   203164 kB
Active(file):     509140 kB
Inactive(file):   507240 kB
Unevictable:       12768 kB
Mlocked:               0 kB
SwapTotal:        720184 kB
SwapFree:         720156 kB
Dirty:                24 kB
Writeback:             0 kB
AnonPages:        996772 kB
Mapped:           686544 kB
Shmem:             23280 kB
Slab:             120144 kB
SReclaimable:      35952 kB
SUnreclaim:        84192 kB
KernelStack:       34512 kB
PageTables:        57652 kB
NFS_Unstable:          0 kB
Bounce:                0 kB
WritebackTmp:          0 kB
CommitLimit:     2172840 kB
Committed_AS:   94011312 kB
VmallocTotal:   251658176 kB
VmallocUsed:      140844 kB
VmallocChunk:   251420716 kB
Time pass: 190 sec

---2015-12-05 14:07:44
MemTotal:        2905316 kB
MemFree:           65260 kB
Buffers:           26528 kB
Cached:          1025968 kB
SwapCached:            0 kB
Active:          1328100 kB
Inactive:         710460 kB
Active(anon):     818940 kB
Inactive(anon):   203172 kB
Active(file):     509160 kB
Inactive(file):   507288 kB
Unevictable:       12768 kB
Mlocked:               0 kB
SwapTotal:        720184 kB
SwapFree:         720156 kB
Dirty:                56 kB
Writeback:             0 kB
AnonPages:        998920 kB
Mapped:           686576 kB
Shmem:             23280 kB
Slab:             120340 kB
SReclaimable:      35952 kB
SUnreclaim:        84388 kB
KernelStack:       34432 kB
PageTables:        57652 kB
NFS_Unstable:          0 kB
Bounce:                0 kB
WritebackTmp:          0 kB
CommitLimit:     2172840 kB
Committed_AS:   94011296 kB
VmallocTotal:   251658176 kB
VmallocUsed:      140844 kB
VmallocChunk:   251420716 kB
Time pass: 194 sec

---2015-12-05 14:07:44
MemTotal:        2905316 kB
MemFree:           68540 kB
Buffers:           26536 kB
Cached:          1025456 kB
SwapCached:            0 kB
Active:          1327288 kB
Inactive:         710164 kB
Active(anon):     818120 kB
Inactive(anon):   202788 kB
Active(file):     509168 kB
Inactive(file):   507376 kB
Unevictable:       12768 kB
Mlocked:               0 kB
SwapTotal:        720184 kB
SwapFree:         720156 kB
Dirty:                72 kB
Writeback:             0 kB
AnonPages:        998128 kB
Mapped:           686108 kB
Shmem:             22680 kB
Slab:             117804 kB
SReclaimable:      35952 kB
SUnreclaim:        81852 kB
KernelStack:       34496 kB
PageTables:        57268 kB
NFS_Unstable:          0 kB
Bounce:                0 kB
WritebackTmp:          0 kB
CommitLimit:     2172840 kB
Committed_AS:   93730652 kB
VmallocTotal:   251658176 kB
VmallocUsed:      140844 kB
VmallocChunk:   251420716 kB
Time pass: 198 sec

---2015-12-05 14:07:44
MemTotal:        2905316 kB
MemFree:           68640 kB
Buffers:           26544 kB
Cached:          1025516 kB
SwapCached:            0 kB
Active:          1327708 kB
Inactive:         710084 kB
Active(anon):     818536 kB
Inactive(anon):   202696 kB
Active(file):     509172 kB
Inactive(file):   507388 kB
Unevictable:       12768 kB
Mlocked:               0 kB
SwapTotal:        720184 kB
SwapFree:         720156 kB
Dirty:                40 kB
Writeback:             0 kB
AnonPages:        998112 kB
Mapped:           686180 kB
Shmem:             22732 kB
Slab:             117784 kB
SReclaimable:      35952 kB
SUnreclaim:        81832 kB
KernelStack:       34448 kB
PageTables:        57124 kB
NFS_Unstable:          0 kB
Bounce:                0 kB
WritebackTmp:          0 kB
CommitLimit:     2172840 kB
Committed_AS:   93730640 kB
VmallocTotal:   251658176 kB
VmallocUsed:      140844 kB
VmallocChunk:   251420716 kB
Time pass: 202 sec

---2015-12-05 14:07:44
MemTotal:        2905316 kB
MemFree:           70924 kB
Buffers:           26552 kB
Cached:          1025512 kB
SwapCached:            0 kB
Active:          1325308 kB
Inactive:         710080 kB
Active(anon):     816128 kB
Inactive(anon):   202696 kB
Active(file):     509180 kB
Inactive(file):   507384 kB
Unevictable:       12768 kB
Mlocked:               0 kB
SwapTotal:        720184 kB
SwapFree:         720156 kB
Dirty:                44 kB
Writeback:             0 kB
AnonPages:        996032 kB
Mapped:           686184 kB
Shmem:             22732 kB
Slab:             117756 kB
SReclaimable:      35952 kB
SUnreclaim:        81804 kB
KernelStack:       34448 kB
PageTables:        57128 kB
NFS_Unstable:          0 kB
Bounce:                0 kB
WritebackTmp:          0 kB
CommitLimit:     2172840 kB
Committed_AS:   93730664 kB
VmallocTotal:   251658176 kB
VmallocUsed:      140844 kB
VmallocChunk:   251420716 kB
Time pass: 205 sec

---2015-12-05 14:07:44
MemTotal:        2905316 kB
MemFree:           70076 kB
Buffers:           26560 kB
Cached:          1025536 kB
SwapCached:            0 kB
Active:          1326720 kB
Inactive:         710028 kB
Active(anon):     817528 kB
Inactive(anon):   202596 kB
Active(file):     509192 kB
Inactive(file):   507432 kB
Unevictable:       12768 kB
Mlocked:               0 kB
SwapTotal:        720184 kB
SwapFree:         720156 kB
Dirty:                88 kB
Writeback:             0 kB
AnonPages:        997120 kB
Mapped:           686184 kB
Shmem:             22704 kB
Slab:             117640 kB
SReclaimable:      35952 kB
SUnreclaim:        81688 kB
KernelStack:       34432 kB
PageTables:        57120 kB
NFS_Unstable:          0 kB
Bounce:                0 kB
WritebackTmp:          0 kB
CommitLimit:     2172840 kB
Committed_AS:   93730612 kB
VmallocTotal:   251658176 kB
VmallocUsed:      140844 kB
VmallocChunk:   251420716 kB
Time pass: 209 sec

---2015-12-05 14:07:44
MemTotal:        2905316 kB
MemFree:           69756 kB
Buffers:           26560 kB
Cached:          1025556 kB
SwapCached:            0 kB
Active:          1326800 kB
Inactive:         710028 kB
Active(anon):     817588 kB
Inactive(anon):   202596 kB
Active(file):     509212 kB
Inactive(file):   507432 kB
Unevictable:       12768 kB
Mlocked:               0 kB
SwapTotal:        720184 kB
SwapFree:         720156 kB
Dirty:                28 kB
Writeback:             0 kB
AnonPages:        997332 kB
Mapped:           686184 kB
Shmem:             22704 kB
Slab:             117584 kB
SReclaimable:      35904 kB
SUnreclaim:        81680 kB
KernelStack:       34384 kB
PageTables:        57120 kB
NFS_Unstable:          0 kB
Bounce:                0 kB
WritebackTmp:          0 kB
CommitLimit:     2172840 kB
Committed_AS:   93730624 kB
VmallocTotal:   251658176 kB
VmallocUsed:      140844 kB
VmallocChunk:   251420716 kB
Time pass: 213 sec

---2015-12-05 14:07:44
MemTotal:        2905316 kB
MemFree:           62696 kB
Buffers:           26576 kB
Cached:          1026540 kB
SwapCached:            0 kB
Active:          1329528 kB
Inactive:         710800 kB
Active(anon):     820160 kB
Inactive(anon):   202596 kB
Active(file):     509368 kB
Inactive(file):   508204 kB
Unevictable:       12768 kB
Mlocked:               0 kB
SwapTotal:        720184 kB
SwapFree:         720156 kB
Dirty:                60 kB
Writeback:             0 kB
AnonPages:       1000368 kB
Mapped:           686404 kB
Shmem:             22704 kB
Slab:             121228 kB
SReclaimable:      39240 kB
SUnreclaim:        81988 kB
KernelStack:       34432 kB
PageTables:        57220 kB
NFS_Unstable:          0 kB
Bounce:                0 kB
WritebackTmp:          0 kB
CommitLimit:     2172840 kB
Committed_AS:   93742472 kB
VmallocTotal:   251658176 kB
VmallocUsed:      140844 kB
VmallocChunk:   251420716 kB
Time pass: 217 sec

---2015-12-05 14:07:44
MemTotal:        2905316 kB
MemFree:           69320 kB
Buffers:           26584 kB
Cached:          1022352 kB
SwapCached:            0 kB
Active:          1322752 kB
Inactive:         711616 kB
Active(anon):     816236 kB
Inactive(anon):   204676 kB
Active(file):     506516 kB
Inactive(file):   506940 kB
Unevictable:       12768 kB
Mlocked:               0 kB
SwapTotal:        720184 kB
SwapFree:         720156 kB
Dirty:                 0 kB
Writeback:             0 kB
AnonPages:        998160 kB
Mapped:           686312 kB
Shmem:             22704 kB
Slab:             121744 kB
SReclaimable:      39672 kB
SUnreclaim:        82072 kB
KernelStack:       34400 kB
PageTables:        57144 kB
NFS_Unstable:          0 kB
Bounce:                0 kB
WritebackTmp:          0 kB
CommitLimit:     2172840 kB
Committed_AS:   93730612 kB
VmallocTotal:   251658176 kB
VmallocUsed:      140844 kB
VmallocChunk:   251420716 kB
Time pass: 220 sec

---2015-12-05 14:07:44
MemTotal:        2905316 kB
MemFree:           66972 kB
Buffers:           26624 kB
Cached:          1022460 kB
SwapCached:            0 kB
Active:          1325112 kB
Inactive:         711716 kB
Active(anon):     818544 kB
Inactive(anon):   204720 kB
Active(file):     506568 kB
Inactive(file):   506996 kB
Unevictable:       12768 kB
Mlocked:               0 kB
SwapTotal:        720184 kB
SwapFree:         720156 kB
Dirty:               188 kB
Writeback:             0 kB
AnonPages:       1000520 kB
Mapped:           686372 kB
Shmem:             22748 kB
Slab:             121628 kB
SReclaimable:      39676 kB
SUnreclaim:        81952 kB
KernelStack:       34496 kB
PageTables:        57188 kB
NFS_Unstable:          0 kB
Bounce:                0 kB
WritebackTmp:          0 kB
CommitLimit:     2172840 kB
Committed_AS:   93737996 kB
VmallocTotal:   251658176 kB
VmallocUsed:      140844 kB
VmallocChunk:   251420716 kB
Time pass: 224 sec

---2015-12-05 14:07:44
MemTotal:        2905316 kB
MemFree:           64996 kB
Buffers:           26640 kB
Cached:          1022788 kB
SwapCached:            0 kB
Active:          1326640 kB
Inactive:         712036 kB
Active(anon):     820040 kB
Inactive(anon):   204952 kB
Active(file):     506600 kB
Inactive(file):   507084 kB
Unevictable:       12768 kB
Mlocked:               0 kB
SwapTotal:        720184 kB
SwapFree:         720156 kB
Dirty:                16 kB
Writeback:             0 kB
AnonPages:       1002020 kB
Mapped:           686604 kB
Shmem:             22980 kB
Slab:             121624 kB
SReclaimable:      39676 kB
SUnreclaim:        81948 kB
KernelStack:       34432 kB
PageTables:        57212 kB
NFS_Unstable:          0 kB
Bounce:                0 kB
WritebackTmp:          0 kB
CommitLimit:     2172840 kB
Committed_AS:   93765828 kB
VmallocTotal:   251658176 kB
VmallocUsed:      140844 kB
VmallocChunk:   251420716 kB
Time pass: 228 sec

---2015-12-05 14:07:44
MemTotal:        2905316 kB
MemFree:           64444 kB
Buffers:           26648 kB
Cached:          1022896 kB
SwapCached:            0 kB
Active:          1326988 kB
Inactive:         712096 kB
Active(anon):     820380 kB
Inactive(anon):   205008 kB
Active(file):     506608 kB
Inactive(file):   507088 kB
Unevictable:       12768 kB
Mlocked:               0 kB
SwapTotal:        720184 kB
SwapFree:         720156 kB
Dirty:                76 kB
Writeback:             0 kB
AnonPages:       1002340 kB
Mapped:           686716 kB
Shmem:             23084 kB
Slab:             121624 kB
SReclaimable:      39676 kB
SUnreclaim:        81948 kB
KernelStack:       34464 kB
PageTables:        57212 kB
NFS_Unstable:          0 kB
Bounce:                0 kB
WritebackTmp:          0 kB
CommitLimit:     2172840 kB
Committed_AS:   93765816 kB
VmallocTotal:   251658176 kB
VmallocUsed:      140844 kB
VmallocChunk:   251420716 kB
Time pass: 232 sec

---2015-12-05 14:07:44
MemTotal:        2905316 kB
MemFree:           63992 kB
Buffers:           26656 kB
Cached:          1022900 kB
SwapCached:            0 kB
Active:          1327328 kB
Inactive:         712140 kB
Active(anon):     820704 kB
Inactive(anon):   205056 kB
Active(file):     506624 kB
Inactive(file):   507084 kB
Unevictable:       12768 kB
Mlocked:               0 kB
SwapTotal:        720184 kB
SwapFree:         720156 kB
Dirty:               104 kB
Writeback:             0 kB
AnonPages:       1002796 kB
Mapped:           686716 kB
Shmem:             23084 kB
Slab:             121636 kB
SReclaimable:      39676 kB
SUnreclaim:        81960 kB
KernelStack:       34432 kB
PageTables:        57216 kB
NFS_Unstable:          0 kB
Bounce:                0 kB
WritebackTmp:          0 kB
CommitLimit:     2172840 kB
Committed_AS:   93765844 kB
VmallocTotal:   251658176 kB
VmallocUsed:      140844 kB
VmallocChunk:   251420716 kB
Time pass: 236 sec

---2015-12-05 14:07:44
MemTotal:        2905316 kB
MemFree:           78056 kB
Buffers:           26636 kB
Cached:          1017524 kB
SwapCached:            0 kB
Active:          1315924 kB
Inactive:         709496 kB
Active(anon):     811516 kB
Inactive(anon):   205700 kB
Active(file):     504408 kB
Inactive(file):   503796 kB
Unevictable:       12768 kB
Mlocked:               0 kB
SwapTotal:        720184 kB
SwapFree:         720156 kB
Dirty:                20 kB
Writeback:             0 kB
AnonPages:        994132 kB
Mapped:           680808 kB
Shmem:             23188 kB
Slab:             121836 kB
SReclaimable:      39676 kB
SUnreclaim:        82160 kB
KernelStack:       34288 kB
PageTables:        57060 kB
NFS_Unstable:          0 kB
Bounce:                0 kB
WritebackTmp:          0 kB
CommitLimit:     2172840 kB
Committed_AS:   94285504 kB
VmallocTotal:   251658176 kB
VmallocUsed:      140844 kB
VmallocChunk:   251420716 kB
Time pass: 239 sec

---2015-12-05 14:07:44
MemTotal:        2905316 kB
MemFree:           77656 kB
Buffers:           26644 kB
Cached:          1017532 kB
SwapCached:            0 kB
Active:          1316600 kB
Inactive:         709508 kB
Active(anon):     812188 kB
Inactive(anon):   205704 kB
Active(file):     504412 kB
Inactive(file):   503804 kB
Unevictable:       12768 kB
Mlocked:               0 kB
SwapTotal:        720184 kB
SwapFree:         720156 kB
Dirty:                36 kB
Writeback:             0 kB
AnonPages:        994804 kB
Mapped:           680828 kB
Shmem:             23192 kB
Slab:             121824 kB
SReclaimable:      39676 kB
SUnreclaim:        82148 kB
KernelStack:       34224 kB
PageTables:        57076 kB
NFS_Unstable:          0 kB
Bounce:                0 kB
WritebackTmp:          0 kB
CommitLimit:     2172840 kB
Committed_AS:   94285904 kB
VmallocTotal:   251658176 kB
VmallocUsed:      140844 kB
VmallocChunk:   251420716 kB
Time pass: 243 sec

---2015-12-05 14:07:44
MemTotal:        2905316 kB
MemFree:           76916 kB
Buffers:           26668 kB
Cached:          1017572 kB
SwapCached:            0 kB
Active:          1317472 kB
Inactive:         709564 kB
Active(anon):     813052 kB
Inactive(anon):   205704 kB
Active(file):     504420 kB
Inactive(file):   503860 kB
Unevictable:       12768 kB
Mlocked:               0 kB
SwapTotal:        720184 kB
SwapFree:         720156 kB
Dirty:               116 kB
Writeback:             0 kB
AnonPages:        995548 kB
Mapped:           680836 kB
Shmem:             23192 kB
Slab:             121816 kB
SReclaimable:      39676 kB
SUnreclaim:        82140 kB
KernelStack:       34192 kB
PageTables:        57076 kB
NFS_Unstable:          0 kB
Bounce:                0 kB
WritebackTmp:          0 kB
CommitLimit:     2172840 kB
Committed_AS:   94285848 kB
VmallocTotal:   251658176 kB
VmallocUsed:      140844 kB
VmallocChunk:   251420716 kB
Time pass: 247 sec

---2015-12-05 14:07:44
MemTotal:        2905316 kB
MemFree:           76980 kB
Buffers:           26668 kB
Cached:          1017572 kB
SwapCached:            0 kB
Active:          1317148 kB
Inactive:         709564 kB
Active(anon):     812728 kB
Inactive(anon):   205704 kB
Active(file):     504420 kB
Inactive(file):   503860 kB
Unevictable:       12768 kB
Mlocked:               0 kB
SwapTotal:        720184 kB
SwapFree:         720156 kB
Dirty:               116 kB
Writeback:             0 kB
AnonPages:        995428 kB
Mapped:           680836 kB
Shmem:             23192 kB
Slab:             121816 kB
SReclaimable:      39676 kB
SUnreclaim:        82140 kB
KernelStack:       34224 kB
PageTables:        57084 kB
NFS_Unstable:          0 kB
Bounce:                0 kB
WritebackTmp:          0 kB
CommitLimit:     2172840 kB
Committed_AS:   94285860 kB
VmallocTotal:   251658176 kB
VmallocUsed:      140844 kB
VmallocChunk:   251420716 kB
Time pass: 251 sec

---2015-12-05 14:07:44
MemTotal:        2905316 kB
MemFree:           72640 kB
Buffers:           26708 kB
Cached:          1017056 kB
SwapCached:            0 kB
Active:          1322908 kB
Inactive:         709032 kB
Active(anon):     818452 kB
Inactive(anon):   205060 kB
Active(file):     504456 kB
Inactive(file):   503972 kB
Unevictable:       12768 kB
Mlocked:               0 kB
SwapTotal:        720184 kB
SwapFree:         720156 kB
Dirty:               180 kB
Writeback:             0 kB
AnonPages:       1001188 kB
Mapped:           680276 kB
Shmem:             22568 kB
Slab:             121660 kB
SReclaimable:      39660 kB
SUnreclaim:        82000 kB
KernelStack:       34064 kB
PageTables:        56928 kB
NFS_Unstable:          0 kB
Bounce:                0 kB
WritebackTmp:          0 kB
CommitLimit:     2172840 kB
Committed_AS:   94291244 kB
VmallocTotal:   251658176 kB
VmallocUsed:      140844 kB
VmallocChunk:   251420716 kB
Time pass: 254 sec

---2015-12-05 14:07:44
MemTotal:        2905316 kB
MemFree:           71528 kB
Buffers:           26708 kB
Cached:          1017256 kB
SwapCached:            0 kB
Active:          1323088 kB
Inactive:         709228 kB
Active(anon):     818608 kB
Inactive(anon):   205252 kB
Active(file):     504480 kB
Inactive(file):   503976 kB
Unevictable:       12768 kB
Mlocked:               0 kB
SwapTotal:        720184 kB
SwapFree:         720156 kB
Dirty:                 8 kB
Writeback:             0 kB
AnonPages:       1001180 kB
Mapped:           680408 kB
Shmem:             22740 kB
Slab:             121652 kB
SReclaimable:      39644 kB
SUnreclaim:        82008 kB
KernelStack:       34160 kB
PageTables:        57064 kB
NFS_Unstable:          0 kB
Bounce:                0 kB
WritebackTmp:          0 kB
CommitLimit:     2172840 kB
Committed_AS:   94317968 kB
VmallocTotal:   251658176 kB
VmallocUsed:      140844 kB
VmallocChunk:   251420716 kB
Time pass: 258 sec

---2015-12-05 14:07:44
MemTotal:        2905316 kB
MemFree:           70820 kB
Buffers:           26716 kB
Cached:          1017300 kB
SwapCached:            0 kB
Active:          1324464 kB
Inactive:         709260 kB
Active(anon):     819972 kB
Inactive(anon):   205280 kB
Active(file):     504492 kB
Inactive(file):   503980 kB
Unevictable:       12768 kB
Mlocked:               0 kB
SwapTotal:        720184 kB
SwapFree:         720156 kB
Dirty:                72 kB
Writeback:             0 kB
AnonPages:       1002480 kB
Mapped:           680448 kB
Shmem:             22776 kB
Slab:             121656 kB
SReclaimable:      39644 kB
SUnreclaim:        82012 kB
KernelStack:       34208 kB
PageTables:        57088 kB
NFS_Unstable:          0 kB
Bounce:                0 kB
WritebackTmp:          0 kB
CommitLimit:     2172840 kB
Committed_AS:   94317924 kB
VmallocTotal:   251658176 kB
VmallocUsed:      140844 kB
VmallocChunk:   251420716 kB
Time pass: 262 sec

---2015-12-05 14:07:44
MemTotal:        2905316 kB
MemFree:           73292 kB
Buffers:           26740 kB
Cached:          1017412 kB
SwapCached:            0 kB
Active:          1322276 kB
Inactive:         709376 kB
Active(anon):     817760 kB
Inactive(anon):   205288 kB
Active(file):     504516 kB
Inactive(file):   504088 kB
Unevictable:       12768 kB
Mlocked:               0 kB
SwapTotal:        720184 kB
SwapFree:         720156 kB
Dirty:               144 kB
Writeback:             0 kB
AnonPages:       1000352 kB
Mapped:           680412 kB
Shmem:             22780 kB
Slab:             121656 kB
SReclaimable:      39644 kB
SUnreclaim:        82012 kB
KernelStack:       34160 kB
PageTables:        57068 kB
NFS_Unstable:          0 kB
Bounce:                0 kB
WritebackTmp:          0 kB
CommitLimit:     2172840 kB
Committed_AS:   94317992 kB
VmallocTotal:   251658176 kB
VmallocUsed:      140844 kB
VmallocChunk:   251420716 kB
Time pass: 266 sec

---2015-12-05 14:07:44
MemTotal:        2905316 kB
MemFree:           78928 kB
Buffers:           26748 kB
Cached:          1017408 kB
SwapCached:            0 kB
Active:          1315920 kB
Inactive:         709376 kB
Active(anon):     811400 kB
Inactive(anon):   205288 kB
Active(file):     504520 kB
Inactive(file):   504088 kB
Unevictable:       12768 kB
Mlocked:               0 kB
SwapTotal:        720184 kB
SwapFree:         720156 kB
Dirty:                 8 kB
Writeback:             0 kB
AnonPages:        993920 kB
Mapped:           680480 kB
Shmem:             22780 kB
Slab:             121656 kB
SReclaimable:      39644 kB
SUnreclaim:        82012 kB
KernelStack:       34192 kB
PageTables:        57092 kB
NFS_Unstable:          0 kB
Bounce:                0 kB
WritebackTmp:          0 kB
CommitLimit:     2172840 kB
Committed_AS:   94318004 kB
VmallocTotal:   251658176 kB
VmallocUsed:      140844 kB
VmallocChunk:   251420716 kB
Time pass: 270 sec

---2015-12-05 14:07:44
MemTotal:        2905316 kB
MemFree:           78392 kB
Buffers:           26748 kB
Cached:          1017420 kB
SwapCached:            0 kB
Active:          1316760 kB
Inactive:         709384 kB
Active(anon):     812236 kB
Inactive(anon):   205288 kB
Active(file):     504524 kB
Inactive(file):   504096 kB
Unevictable:       12768 kB
Mlocked:               0 kB
SwapTotal:        720184 kB
SwapFree:         720156 kB
Dirty:                 4 kB
Writeback:             0 kB
AnonPages:        994864 kB
Mapped:           680496 kB
Shmem:             22780 kB
Slab:             121656 kB
SReclaimable:      39644 kB
SUnreclaim:        82012 kB
KernelStack:       34192 kB
PageTables:        57088 kB
NFS_Unstable:          0 kB
Bounce:                0 kB
WritebackTmp:          0 kB
CommitLimit:     2172840 kB
Committed_AS:   94318004 kB
VmallocTotal:   251658176 kB
VmallocUsed:      140844 kB
VmallocChunk:   251420716 kB
Time pass: 273 sec

---2015-12-05 14:07:44
MemTotal:        2905316 kB
MemFree:           77300 kB
Buffers:           26772 kB
Cached:          1017452 kB
SwapCached:            0 kB
Active:          1317540 kB
Inactive:         709436 kB
Active(anon):     813012 kB
Inactive(anon):   205288 kB
Active(file):     504528 kB
Inactive(file):   504148 kB
Unevictable:       12768 kB
Mlocked:               0 kB
SwapTotal:        720184 kB
SwapFree:         720156 kB
Dirty:               100 kB
Writeback:             0 kB
AnonPages:        995544 kB
Mapped:           680500 kB
Shmem:             22780 kB
Slab:             121652 kB
SReclaimable:      39644 kB
SUnreclaim:        82008 kB
KernelStack:       34192 kB
PageTables:        57092 kB
NFS_Unstable:          0 kB
Bounce:                0 kB
WritebackTmp:          0 kB
CommitLimit:     2172840 kB
Committed_AS:   94318040 kB
VmallocTotal:   251658176 kB
VmallocUsed:      140844 kB
VmallocChunk:   251420716 kB
Time pass: 277 sec

---2015-12-05 14:07:44
MemTotal:        2905316 kB
MemFree:           76284 kB
Buffers:           26772 kB
Cached:          1017456 kB
SwapCached:            0 kB
Active:          1318344 kB
Inactive:         709436 kB
Active(anon):     813812 kB
Inactive(anon):   205288 kB
Active(file):     504532 kB
Inactive(file):   504148 kB
Unevictable:       12768 kB
Mlocked:               0 kB
SwapTotal:        720184 kB
SwapFree:         720156 kB
Dirty:                20 kB
Writeback:             0 kB
AnonPages:        996472 kB
Mapped:           680508 kB
Shmem:             22780 kB
Slab:             121652 kB
SReclaimable:      39644 kB
SUnreclaim:        82008 kB
KernelStack:       34192 kB
PageTables:        57092 kB
NFS_Unstable:          0 kB
Bounce:                0 kB
WritebackTmp:          0 kB
CommitLimit:     2172840 kB
Committed_AS:   94318016 kB
VmallocTotal:   251658176 kB
VmallocUsed:      140856 kB
VmallocChunk:   251420716 kB
Time pass: 281 sec

---2015-12-05 14:07:44
MemTotal:        2905316 kB
MemFree:           75852 kB
Buffers:           26780 kB
Cached:          1017456 kB
SwapCached:            0 kB
Active:          1318816 kB
Inactive:         709440 kB
Active(anon):     814280 kB
Inactive(anon):   205288 kB
Active(file):     504536 kB
Inactive(file):   504152 kB
Unevictable:       12768 kB
Mlocked:               0 kB
SwapTotal:        720184 kB
SwapFree:         720156 kB
Dirty:                48 kB
Writeback:             0 kB
AnonPages:        996940 kB
Mapped:           680528 kB
Shmem:             22780 kB
Slab:             121652 kB
SReclaimable:      39644 kB
SUnreclaim:        82008 kB
KernelStack:       34160 kB
PageTables:        57092 kB
NFS_Unstable:          0 kB
Bounce:                0 kB
WritebackTmp:          0 kB
CommitLimit:     2172840 kB
Committed_AS:   94318016 kB
VmallocTotal:   251658176 kB
VmallocUsed:      140856 kB
VmallocChunk:   251420716 kB
Time pass: 285 sec

---2015-12-05 14:07:44
MemTotal:        2905316 kB
MemFree:           74008 kB
Buffers:           26804 kB
Cached:          1017508 kB
SwapCached:            0 kB
Active:          1320420 kB
Inactive:         709508 kB
Active(anon):     815884 kB
Inactive(anon):   205352 kB
Active(file):     504536 kB
Inactive(file):   504156 kB
Unevictable:       12768 kB
Mlocked:               0 kB
SwapTotal:        720184 kB
SwapFree:         720156 kB
Dirty:                20 kB
Writeback:             0 kB
AnonPages:        998768 kB
Mapped:           680660 kB
Shmem:             22844 kB
Slab:             121652 kB
SReclaimable:      39644 kB
SUnreclaim:        82008 kB
KernelStack:       34176 kB
PageTables:        57136 kB
NFS_Unstable:          0 kB
Bounce:                0 kB
WritebackTmp:          0 kB
CommitLimit:     2172840 kB
Committed_AS:   94344604 kB
VmallocTotal:   251658176 kB
VmallocUsed:      140856 kB
VmallocChunk:   251420716 kB
Time pass: 288 sec

---2015-12-05 14:07:44
MemTotal:        2905316 kB
MemFree:           72700 kB
Buffers:           26804 kB
Cached:          1017580 kB
SwapCached:            0 kB
Active:          1321020 kB
Inactive:         709572 kB
Active(anon):     816468 kB
Inactive(anon):   205376 kB
Active(file):     504552 kB
Inactive(file):   504196 kB
Unevictable:       12768 kB
Mlocked:               0 kB
SwapTotal:        720184 kB
SwapFree:         720156 kB
Dirty:               108 kB
Writeback:             0 kB
AnonPages:        998968 kB
Mapped:           680684 kB
Shmem:             22868 kB
Slab:             121652 kB
SReclaimable:      39644 kB
SUnreclaim:        82008 kB
KernelStack:       34176 kB
PageTables:        57156 kB
NFS_Unstable:          0 kB
Bounce:                0 kB
WritebackTmp:          0 kB
CommitLimit:     2172840 kB
Committed_AS:   94344652 kB
VmallocTotal:   251658176 kB
VmallocUsed:      140856 kB
VmallocChunk:   251420716 kB
Time pass: 292 sec

---2015-12-05 14:07:44
MemTotal:        2905316 kB
MemFree:           72684 kB
Buffers:           26812 kB
Cached:          1017584 kB
SwapCached:            0 kB
Active:          1320936 kB
Inactive:         709584 kB
Active(anon):     816384 kB
Inactive(anon):   205380 kB
Active(file):     504552 kB
Inactive(file):   504204 kB
Unevictable:       12768 kB
Mlocked:               0 kB
SwapTotal:        720184 kB
SwapFree:         720156 kB
Dirty:                56 kB
Writeback:             0 kB
AnonPages:        998880 kB
Mapped:           680720 kB
Shmem:             22872 kB
Slab:             121652 kB
SReclaimable:      39644 kB
SUnreclaim:        82008 kB
KernelStack:       34160 kB
PageTables:        57160 kB
NFS_Unstable:          0 kB
Bounce:                0 kB
WritebackTmp:          0 kB
CommitLimit:     2172840 kB
Committed_AS:   94344616 kB
VmallocTotal:   251658176 kB
VmallocUsed:      140856 kB
VmallocChunk:   251420716 kB
Time pass: 296 sec

---2015-12-05 14:07:44
MemTotal:        2905316 kB
MemFree:           72824 kB
Buffers:           26820 kB
Cached:          1017644 kB
SwapCached:            0 kB
Active:          1321372 kB
Inactive:         709648 kB
Active(anon):     816816 kB
Inactive(anon):   205384 kB
Active(file):     504556 kB
Inactive(file):   504264 kB
Unevictable:       12768 kB
Mlocked:               0 kB
SwapTotal:        720184 kB
SwapFree:         720156 kB
Dirty:                 8 kB
Writeback:             0 kB
AnonPages:        999332 kB
Mapped:           680740 kB
Shmem:             22876 kB
Slab:             121652 kB
SReclaimable:      39644 kB
SUnreclaim:        82008 kB
KernelStack:       34144 kB
PageTables:        57152 kB
NFS_Unstable:          0 kB
Bounce:                0 kB
WritebackTmp:          0 kB
CommitLimit:     2172840 kB
Committed_AS:   94344588 kB
VmallocTotal:   251658176 kB
VmallocUsed:      140856 kB
VmallocChunk:   251420716 kB
Time pass: 300 sec

---2015-12-05 14:07:44
MemTotal:        2905316 kB
MemFree:           71588 kB
Buffers:           26836 kB
Cached:          1017680 kB
SwapCached:            0 kB
Active:          1322364 kB
Inactive:         709692 kB
Active(anon):     817800 kB
Inactive(anon):   205384 kB
Active(file):     504564 kB
Inactive(file):   504308 kB
Unevictable:       12768 kB
Mlocked:               0 kB
SwapTotal:        720184 kB
SwapFree:         720156 kB
Dirty:                12 kB
Writeback:             0 kB
AnonPages:       1000188 kB
Mapped:           680744 kB
Shmem:             22876 kB
Slab:             121652 kB
SReclaimable:      39644 kB
SUnreclaim:        82008 kB
KernelStack:       34144 kB
PageTables:        57152 kB
NFS_Unstable:          0 kB
Bounce:                0 kB
WritebackTmp:          0 kB
CommitLimit:     2172840 kB
Committed_AS:   94344592 kB
VmallocTotal:   251658176 kB
VmallocUsed:      140856 kB
VmallocChunk:   251420716 kB
Time pass: 304 sec

---2015-12-05 14:07:44
MemTotal:        2905316 kB
MemFree:           71944 kB
Buffers:           26844 kB
Cached:          1017684 kB
SwapCached:            0 kB
Active:          1321860 kB
Inactive:         709700 kB
Active(anon):     817292 kB
Inactive(anon):   205384 kB
Active(file):     504568 kB
Inactive(file):   504316 kB
Unevictable:       12768 kB
Mlocked:               0 kB
SwapTotal:        720184 kB
SwapFree:         720156 kB
Dirty:                60 kB
Writeback:             0 kB
AnonPages:        999796 kB
Mapped:           680752 kB
Shmem:             22876 kB
Slab:             121652 kB
SReclaimable:      39644 kB
SUnreclaim:        82008 kB
KernelStack:       34144 kB
PageTables:        57156 kB
NFS_Unstable:          0 kB
Bounce:                0 kB
WritebackTmp:          0 kB
CommitLimit:     2172840 kB
Committed_AS:   94344560 kB
VmallocTotal:   251658176 kB
VmallocUsed:      140856 kB
VmallocChunk:   251420716 kB
Time pass: 307 sec

---2015-12-05 14:07:44
MemTotal:        2905316 kB
MemFree:           71792 kB
Buffers:           26844 kB
Cached:          1017692 kB
SwapCached:            0 kB
Active:          1322240 kB
Inactive:         709708 kB
Active(anon):     817672 kB
Inactive(anon):   205392 kB
Active(file):     504568 kB
Inactive(file):   504316 kB
Unevictable:       12768 kB
Mlocked:               0 kB
SwapTotal:        720184 kB
SwapFree:         720156 kB
Dirty:                48 kB
Writeback:             0 kB
AnonPages:       1000324 kB
Mapped:           680764 kB
Shmem:             22884 kB
Slab:             121644 kB
SReclaimable:      39644 kB
SUnreclaim:        82000 kB
KernelStack:       34144 kB
PageTables:        57156 kB
NFS_Unstable:          0 kB
Bounce:                0 kB
WritebackTmp:          0 kB
CommitLimit:     2172840 kB
Committed_AS:   94344596 kB
VmallocTotal:   251658176 kB
VmallocUsed:      140856 kB
VmallocChunk:   251420716 kB
Time pass: 311 sec

---2015-12-05 14:07:44
MemTotal:        2905316 kB
MemFree:           70264 kB
Buffers:           26868 kB
Cached:          1017732 kB
SwapCached:            0 kB
Active:          1323280 kB
Inactive:         709760 kB
Active(anon):     818700 kB
Inactive(anon):   205396 kB
Active(file):     504580 kB
Inactive(file):   504364 kB
Unevictable:       12768 kB
Mlocked:               0 kB
SwapTotal:        720184 kB
SwapFree:         720156 kB
Dirty:               100 kB
Writeback:             0 kB
AnonPages:       1001052 kB
Mapped:           680716 kB
Shmem:             22888 kB
Slab:             121640 kB
SReclaimable:      39644 kB
SUnreclaim:        81996 kB
KernelStack:       34096 kB
PageTables:        57132 kB
NFS_Unstable:          0 kB
Bounce:                0 kB
WritebackTmp:          0 kB
CommitLimit:     2172840 kB
Committed_AS:   94345228 kB
VmallocTotal:   251658176 kB
VmallocUsed:      140856 kB
VmallocChunk:   251420716 kB
Time pass: 315 sec

---2015-12-05 14:07:44
MemTotal:        2905316 kB
MemFree:           70412 kB
Buffers:           26876 kB
Cached:          1017768 kB
SwapCached:            0 kB
Active:          1323592 kB
Inactive:         709800 kB
Active(anon):     819008 kB
Inactive(anon):   205436 kB
Active(file):     504584 kB
Inactive(file):   504364 kB
Unevictable:       12768 kB
Mlocked:               0 kB
SwapTotal:        720184 kB
SwapFree:         720156 kB
Dirty:                 4 kB
Writeback:             8 kB
AnonPages:       1001572 kB
Mapped:           680760 kB
Shmem:             22928 kB
Slab:             121640 kB
SReclaimable:      39644 kB
SUnreclaim:        81996 kB
KernelStack:       34128 kB
PageTables:        57148 kB
NFS_Unstable:          0 kB
Bounce:                0 kB
WritebackTmp:          0 kB
CommitLimit:     2172840 kB
Committed_AS:   94372724 kB
VmallocTotal:   251658176 kB
VmallocUsed:      140856 kB
VmallocChunk:   251420716 kB
Time pass: 319 sec

---2015-12-05 14:07:44
MemTotal:        2905316 kB
MemFree:           69740 kB
Buffers:           26876 kB
Cached:          1017844 kB
SwapCached:            0 kB
Active:          1323960 kB
Inactive:         709868 kB
Active(anon):     819368 kB
Inactive(anon):   205484 kB
Active(file):     504592 kB
Inactive(file):   504384 kB
Unevictable:       12768 kB
Mlocked:               0 kB
SwapTotal:        720184 kB
SwapFree:         720156 kB
Dirty:                52 kB
Writeback:             0 kB
AnonPages:       1001788 kB
Mapped:           680820 kB
Shmem:             22976 kB
Slab:             121636 kB
SReclaimable:      39644 kB
SUnreclaim:        81992 kB
KernelStack:       34032 kB
PageTables:        57184 kB
NFS_Unstable:          0 kB
Bounce:                0 kB
WritebackTmp:          0 kB
CommitLimit:     2172840 kB
Committed_AS:   94372564 kB
VmallocTotal:   251658176 kB
VmallocUsed:      140856 kB
VmallocChunk:   251420716 kB
Time pass: 322 sec

---2015-12-05 14:07:44
MemTotal:        2905316 kB
MemFree:           69412 kB
Buffers:           26900 kB
Cached:          1017880 kB
SwapCached:            0 kB
Active:          1324588 kB
Inactive:         709920 kB
Active(anon):     819988 kB
Inactive(anon):   205484 kB
Active(file):     504600 kB
Inactive(file):   504436 kB
Unevictable:       12768 kB
Mlocked:               0 kB
SwapTotal:        720184 kB
SwapFree:         720156 kB
Dirty:               116 kB
Writeback:             0 kB
AnonPages:       1002572 kB
Mapped:           680844 kB
Shmem:             22976 kB
Slab:             121636 kB
SReclaimable:      39644 kB
SUnreclaim:        81992 kB
KernelStack:       34032 kB
PageTables:        57188 kB
NFS_Unstable:          0 kB
Bounce:                0 kB
WritebackTmp:          0 kB
CommitLimit:     2172840 kB
Committed_AS:   94372536 kB
VmallocTotal:   251658176 kB
VmallocUsed:      140856 kB
VmallocChunk:   251420716 kB
Time pass: 326 sec

---2015-12-05 14:07:44
MemTotal:        2905316 kB
MemFree:           68612 kB
Buffers:           26908 kB
Cached:          1017876 kB
SwapCached:            0 kB
Active:          1324744 kB
Inactive:         709916 kB
Active(anon):     820136 kB
Inactive(anon):   205484 kB
Active(file):     504608 kB
Inactive(file):   504432 kB
Unevictable:       12768 kB
Mlocked:               0 kB
SwapTotal:        720184 kB
SwapFree:         720156 kB
Dirty:                 4 kB
Writeback:             0 kB
AnonPages:       1002704 kB
Mapped:           680864 kB
Shmem:             22976 kB
Slab:             121636 kB
SReclaimable:      39644 kB
SUnreclaim:        81992 kB
KernelStack:       34000 kB
PageTables:        57184 kB
NFS_Unstable:          0 kB
Bounce:                0 kB
WritebackTmp:          0 kB
CommitLimit:     2172840 kB
Committed_AS:   94372560 kB
VmallocTotal:   251658176 kB
VmallocUsed:      140856 kB
VmallocChunk:   251420716 kB
Time pass: 330 sec

---2015-12-05 14:07:44
MemTotal:        2905316 kB
MemFree:           68892 kB
Buffers:           26908 kB
Cached:          1017904 kB
SwapCached:            0 kB
Active:          1325192 kB
Inactive:         709944 kB
Active(anon):     820584 kB
Inactive(anon):   205484 kB
Active(file):     504608 kB
Inactive(file):   504460 kB
Unevictable:       12768 kB
Mlocked:               0 kB
SwapTotal:        720184 kB
SwapFree:         720156 kB
Dirty:                 0 kB
Writeback:             0 kB
AnonPages:       1003048 kB
Mapped:           680872 kB
Shmem:             22976 kB
Slab:             121636 kB
SReclaimable:      39644 kB
SUnreclaim:        81992 kB
KernelStack:       34048 kB
PageTables:        57184 kB
NFS_Unstable:          0 kB
Bounce:                0 kB
WritebackTmp:          0 kB
CommitLimit:     2172840 kB
Committed_AS:   94372508 kB
VmallocTotal:   251658176 kB
VmallocUsed:      140856 kB
VmallocChunk:   251420716 kB
Time pass: 334 sec

---2015-12-05 14:07:44
MemTotal:        2905316 kB
MemFree:           68268 kB
Buffers:           26932 kB
Cached:          1017940 kB
SwapCached:            0 kB
Active:          1325332 kB
Inactive:         709996 kB
Active(anon):     820716 kB
Inactive(anon):   205488 kB
Active(file):     504616 kB
Inactive(file):   504508 kB
Unevictable:       12768 kB
Mlocked:               0 kB
SwapTotal:        720184 kB
SwapFree:         720156 kB
Dirty:                92 kB
Writeback:             0 kB
AnonPages:       1003176 kB
Mapped:           680880 kB
Shmem:             22980 kB
Slab:             121636 kB
SReclaimable:      39644 kB
SUnreclaim:        81992 kB
KernelStack:       34032 kB
PageTables:        57184 kB
NFS_Unstable:          0 kB
Bounce:                0 kB
WritebackTmp:          0 kB
CommitLimit:     2172840 kB
Committed_AS:   94372532 kB
VmallocTotal:   251658176 kB
VmallocUsed:      140856 kB
VmallocChunk:   251420716 kB
Time pass: 337 sec

---2015-12-05 14:07:44
MemTotal:        2905316 kB
MemFree:           68532 kB
Buffers:           26932 kB
Cached:          1017940 kB
SwapCached:            0 kB
Active:          1325292 kB
Inactive:         709992 kB
Active(anon):     820672 kB
Inactive(anon):   205488 kB
Active(file):     504620 kB
Inactive(file):   504504 kB
Unevictable:       12768 kB
Mlocked:               0 kB
SwapTotal:        720184 kB
SwapFree:         720156 kB
Dirty:                 4 kB
Writeback:             0 kB
AnonPages:       1003420 kB
Mapped:           680888 kB
Shmem:             22980 kB
Slab:             121636 kB
SReclaimable:      39644 kB
SUnreclaim:        81992 kB
KernelStack:       34048 kB
PageTables:        57184 kB
NFS_Unstable:          0 kB
Bounce:                0 kB
WritebackTmp:          0 kB
CommitLimit:     2172840 kB
Committed_AS:   94372580 kB
VmallocTotal:   251658176 kB
VmallocUsed:      140856 kB
VmallocChunk:   251420716 kB
Time pass: 341 sec

---2015-12-05 14:07:44
MemTotal:        2905316 kB
MemFree:           67368 kB
Buffers:           26940 kB
Cached:          1017944 kB
SwapCached:            0 kB
Active:          1325708 kB
Inactive:         710000 kB
Active(anon):     821084 kB
Inactive(anon):   205488 kB
Active(file):     504624 kB
Inactive(file):   504512 kB
Unevictable:       12768 kB
Mlocked:               0 kB
SwapTotal:        720184 kB
SwapFree:         720156 kB
Dirty:                 0 kB
Writeback:             0 kB
AnonPages:       1003648 kB
Mapped:           680892 kB
Shmem:             22980 kB
Slab:             121636 kB
SReclaimable:      39644 kB
SUnreclaim:        81992 kB
KernelStack:       34000 kB
PageTables:        57184 kB
NFS_Unstable:          0 kB
Bounce:                0 kB
WritebackTmp:          0 kB
CommitLimit:     2172840 kB
Committed_AS:   94372532 kB
VmallocTotal:   251658176 kB
VmallocUsed:      140856 kB
VmallocChunk:   251420716 kB
Time pass: 345 sec

---2015-12-05 14:07:44
MemTotal:        2905316 kB
MemFree:           66868 kB
Buffers:           26964 kB
Cached:          1017956 kB
SwapCached:            0 kB
Active:          1326644 kB
Inactive:         710036 kB
Active(anon):     822020 kB
Inactive(anon):   205516 kB
Active(file):     504624 kB
Inactive(file):   504520 kB
Unevictable:       12768 kB
Mlocked:               0 kB
SwapTotal:        720184 kB
SwapFree:         720156 kB
Dirty:                16 kB
Writeback:            24 kB
AnonPages:       1004788 kB
Mapped:           680924 kB
Shmem:             23008 kB
Slab:             121636 kB
SReclaimable:      39644 kB
SUnreclaim:        81992 kB
KernelStack:       34032 kB
PageTables:        57208 kB
NFS_Unstable:          0 kB
Bounce:                0 kB
WritebackTmp:          0 kB
CommitLimit:     2172840 kB
Committed_AS:   94399104 kB
VmallocTotal:   251658176 kB
VmallocUsed:      140856 kB
VmallocChunk:   251420716 kB
Time pass: 349 sec

---2015-12-05 14:07:44
MemTotal:        2905316 kB
MemFree:           66236 kB
Buffers:           26964 kB
Cached:          1018112 kB
SwapCached:            0 kB
Active:          1327120 kB
Inactive:         710164 kB
Active(anon):     822468 kB
Inactive(anon):   205552 kB
Active(file):     504652 kB
Inactive(file):   504612 kB
Unevictable:       12768 kB
Mlocked:               0 kB
SwapTotal:        720184 kB
SwapFree:         720156 kB
Dirty:                12 kB
Writeback:             0 kB
AnonPages:       1004872 kB
Mapped:           680984 kB
Shmem:             23044 kB
Slab:             121588 kB
SReclaimable:      39644 kB
SUnreclaim:        81944 kB
KernelStack:       34048 kB
PageTables:        57236 kB
NFS_Unstable:          0 kB
Bounce:                0 kB
WritebackTmp:          0 kB
CommitLimit:     2172840 kB
Committed_AS:   94399148 kB
VmallocTotal:   251658176 kB
VmallocUsed:      140856 kB
VmallocChunk:   251420716 kB
Time pass: 352 sec

---2015-12-05 14:07:44
MemTotal:        2905316 kB
MemFree:           65280 kB
Buffers:           26972 kB
Cached:          1018156 kB
SwapCached:            0 kB
Active:          1327740 kB
Inactive:         710204 kB
Active(anon):     823076 kB
Inactive(anon):   205580 kB
Active(file):     504664 kB
Inactive(file):   504624 kB
Unevictable:       12768 kB
Mlocked:               0 kB
SwapTotal:        720184 kB
SwapFree:         720156 kB
Dirty:                84 kB
Writeback:             0 kB
AnonPages:       1005676 kB
Mapped:           681044 kB
Shmem:             23072 kB
Slab:             121588 kB
SReclaimable:      39644 kB
SUnreclaim:        81944 kB
KernelStack:       34096 kB
PageTables:        57236 kB
NFS_Unstable:          0 kB
Bounce:                0 kB
WritebackTmp:          0 kB
CommitLimit:     2172840 kB
Committed_AS:   94399144 kB
VmallocTotal:   251658176 kB
VmallocUsed:      140856 kB
VmallocChunk:   251420716 kB
Time pass: 356 sec

---2015-12-05 14:07:44
MemTotal:        2905316 kB
MemFree:           65056 kB
Buffers:           26972 kB
Cached:          1018160 kB
SwapCached:            0 kB
Active:          1327992 kB
Inactive:         710204 kB
Active(anon):     823324 kB
Inactive(anon):   205584 kB
Active(file):     504668 kB
Inactive(file):   504620 kB
Unevictable:       12768 kB
Mlocked:               0 kB
SwapTotal:        720184 kB
SwapFree:         720156 kB
Dirty:                84 kB
Writeback:             0 kB
AnonPages:       1005944 kB
Mapped:           681116 kB
Shmem:             23076 kB
Slab:             121620 kB
SReclaimable:      39644 kB
SUnreclaim:        81976 kB
KernelStack:       34096 kB
PageTables:        57260 kB
NFS_Unstable:          0 kB
Bounce:                0 kB
WritebackTmp:          0 kB
CommitLimit:     2172840 kB
Committed_AS:   94399212 kB
VmallocTotal:   251658176 kB
VmallocUsed:      140856 kB
VmallocChunk:   251420716 kB
Time pass: 360 sec

---2015-12-05 14:07:44
MemTotal:        2905316 kB
MemFree:           64104 kB
Buffers:           26996 kB
Cached:          1018408 kB
SwapCached:            0 kB
Active:          1328576 kB
Inactive:         710468 kB
Active(anon):     823900 kB
Inactive(anon):   205584 kB
Active(file):     504676 kB
Inactive(file):   504884 kB
Unevictable:       12768 kB
Mlocked:               0 kB
SwapTotal:        720184 kB
SwapFree:         720156 kB
Dirty:               120 kB
Writeback:             0 kB
AnonPages:       1006512 kB
Mapped:           681140 kB
Shmem:             23076 kB
Slab:             121624 kB
SReclaimable:      39644 kB
SUnreclaim:        81980 kB
KernelStack:       34080 kB
PageTables:        57260 kB
NFS_Unstable:          0 kB
Bounce:                0 kB
WritebackTmp:          0 kB
CommitLimit:     2172840 kB
Committed_AS:   94399200 kB
VmallocTotal:   251658176 kB
VmallocUsed:      140856 kB
VmallocChunk:   251420716 kB
Time pass: 363 sec

---2015-12-05 14:07:44
MemTotal:        2905316 kB
MemFree:           64028 kB
Buffers:           27004 kB
Cached:          1018416 kB
SwapCached:            0 kB
Active:          1329100 kB
Inactive:         710484 kB
Active(anon):     824424 kB
Inactive(anon):   205584 kB
Active(file):     504676 kB
Inactive(file):   504900 kB
Unevictable:       12768 kB
Mlocked:               0 kB
SwapTotal:        720184 kB
SwapFree:         720156 kB
Dirty:                12 kB
Writeback:             0 kB
AnonPages:       1006888 kB
Mapped:           681160 kB
Shmem:             23076 kB
Slab:             121624 kB
SReclaimable:      39644 kB
SUnreclaim:        81980 kB
KernelStack:       34080 kB
PageTables:        57260 kB
NFS_Unstable:          0 kB
Bounce:                0 kB
WritebackTmp:          0 kB
CommitLimit:     2172840 kB
Committed_AS:   94399176 kB
VmallocTotal:   251658176 kB
VmallocUsed:      140856 kB
VmallocChunk:   251420716 kB
Time pass: 367 sec

---2015-12-05 14:07:44
MemTotal:        2905316 kB
MemFree:           63344 kB
Buffers:           27012 kB
Cached:          1018416 kB
SwapCached:            0 kB
Active:          1329144 kB
Inactive:         710488 kB
Active(anon):     824464 kB
Inactive(anon):   205584 kB
Active(file):     504680 kB
Inactive(file):   504904 kB
Unevictable:       12768 kB
Mlocked:               0 kB
SwapTotal:        720184 kB
SwapFree:         720156 kB
Dirty:                32 kB
Writeback:             0 kB
AnonPages:       1006972 kB
Mapped:           681168 kB
Shmem:             23076 kB
Slab:             121624 kB
SReclaimable:      39644 kB
SUnreclaim:        81980 kB
KernelStack:       34048 kB
PageTables:        57260 kB
NFS_Unstable:          0 kB
Bounce:                0 kB
WritebackTmp:          0 kB
CommitLimit:     2172840 kB
Committed_AS:   94399212 kB
VmallocTotal:   251658176 kB
VmallocUsed:      140856 kB
VmallocChunk:   251420716 kB
Time pass: 371 sec

---2015-12-05 14:07:44
MemTotal:        2905316 kB
MemFree:           63344 kB
Buffers:           27028 kB
Cached:          1018452 kB
SwapCached:            0 kB
Active:          1329700 kB
Inactive:         710536 kB
Active(anon):     825016 kB
Inactive(anon):   205584 kB
Active(file):     504684 kB
Inactive(file):   504952 kB
Unevictable:       12768 kB
Mlocked:               0 kB
SwapTotal:        720184 kB
SwapFree:         720156 kB
Dirty:               104 kB
Writeback:             0 kB
AnonPages:       1007636 kB
Mapped:           681172 kB
Shmem:             23076 kB
Slab:             121624 kB
SReclaimable:      39644 kB
SUnreclaim:        81980 kB
KernelStack:       34080 kB
PageTables:        57260 kB
NFS_Unstable:          0 kB
Bounce:                0 kB
WritebackTmp:          0 kB
CommitLimit:     2172840 kB
Committed_AS:   94399200 kB
VmallocTotal:   251658176 kB
VmallocUsed:      140856 kB
VmallocChunk:   251420716 kB
Time pass: 375 sec

---2015-12-05 14:07:44
MemTotal:        2905316 kB
MemFree:           71296 kB
Buffers:           26684 kB
Cached:          1011096 kB
SwapCached:            0 kB
Active:          1325668 kB
Inactive:         707408 kB
Active(anon):     824792 kB
Inactive(anon):   206352 kB
Active(file):     500876 kB
Inactive(file):   501056 kB
Unevictable:       12768 kB
Mlocked:               0 kB
SwapTotal:        720184 kB
SwapFree:         720156 kB
Dirty:                52 kB
Writeback:             0 kB
AnonPages:       1008308 kB
Mapped:           681160 kB
Shmem:             23076 kB
Slab:             121624 kB
SReclaimable:      39644 kB
SUnreclaim:        81980 kB
KernelStack:       34096 kB
PageTables:        57260 kB
NFS_Unstable:          0 kB
Bounce:                0 kB
WritebackTmp:          0 kB
CommitLimit:     2172840 kB
Committed_AS:   94425824 kB
VmallocTotal:   251658176 kB
VmallocUsed:      140856 kB
VmallocChunk:   251420716 kB
Time pass: 378 sec

---2015-12-05 14:07:44
MemTotal:        2905316 kB
MemFree:           69884 kB
Buffers:           26684 kB
Cached:          1011620 kB
SwapCached:            0 kB
Active:          1326176 kB
Inactive:         707908 kB
Active(anon):     825276 kB
Inactive(anon):   206412 kB
Active(file):     500900 kB
Inactive(file):   501496 kB
Unevictable:       12768 kB
Mlocked:               0 kB
SwapTotal:        720184 kB
SwapFree:         720156 kB
Dirty:                 4 kB
Writeback:             0 kB
AnonPages:       1008652 kB
Mapped:           681392 kB
Shmem:             23140 kB
Slab:             121624 kB
SReclaimable:      39644 kB
SUnreclaim:        81980 kB
KernelStack:       34144 kB
PageTables:        57316 kB
NFS_Unstable:          0 kB
Bounce:                0 kB
WritebackTmp:          0 kB
CommitLimit:     2172840 kB
Committed_AS:   94425876 kB
VmallocTotal:   251658176 kB
VmallocUsed:      140856 kB
VmallocChunk:   251420716 kB
Time pass: 382 sec

---2015-12-05 14:07:44
MemTotal:        2905316 kB
MemFree:           69348 kB
Buffers:           26708 kB
Cached:          1011668 kB
SwapCached:            0 kB
Active:          1326896 kB
Inactive:         707960 kB
Active(anon):     825988 kB
Inactive(anon):   206412 kB
Active(file):     500908 kB
Inactive(file):   501548 kB
Unevictable:       12768 kB
Mlocked:               0 kB
SwapTotal:        720184 kB
SwapFree:         720156 kB
Dirty:               160 kB
Writeback:             0 kB
AnonPages:       1009240 kB
Mapped:           681408 kB
Shmem:             23152 kB
Slab:             121624 kB
SReclaimable:      39644 kB
SUnreclaim:        81980 kB
KernelStack:       34144 kB
PageTables:        57316 kB
NFS_Unstable:          0 kB
Bounce:                0 kB
WritebackTmp:          0 kB
CommitLimit:     2172840 kB
Committed_AS:   94425960 kB
VmallocTotal:   251658176 kB
VmallocUsed:      140856 kB
VmallocChunk:   251420716 kB
Time pass: 386 sec

---2015-12-05 14:07:44
MemTotal:        2905316 kB
MemFree:           69016 kB
Buffers:           26708 kB
Cached:          1011668 kB
SwapCached:            0 kB
Active:          1326980 kB
Inactive:         707964 kB
