---2015-12-09 11:18:22
MemTotal:        2895588 kB
MemFree:          131884 kB
Buffers:           23524 kB
Cached:          1665764 kB
SwapCached:            0 kB
Active:           850708 kB
Inactive:        1395076 kB
Active(anon):     548308 kB
Inactive(anon):     9364 kB
Active(file):     302400 kB
Inactive(file):  1385712 kB
Unevictable:           0 kB
Mlocked:               0 kB
HighTotal:       2306432 kB
HighFree:          38148 kB
LowTotal:         589156 kB
LowFree:           93736 kB
SwapTotal:       1048572 kB
SwapFree:        1048572 kB
Dirty:                 0 kB
Writeback:             0 kB
AnonPages:        556624 kB
Mapped:           342692 kB
Shmem:              1196 kB
Slab:              54084 kB
SReclaimable:      19792 kB
SUnreclaim:        34292 kB
KernelStack:       12128 kB
PageTables:        37848 kB
NFS_Unstable:          0 kB
Bounce:                0 kB
WritebackTmp:          0 kB
CommitLimit:     2496364 kB
Committed_AS:   83567932 kB
VmallocTotal:     385024 kB
VmallocUsed:      152392 kB
VmallocChunk:      60484 kB
Time pass: 3 sec

---2015-12-09 11:18:22
MemTotal:        2895588 kB
MemFree:          131024 kB
Buffers:           23524 kB
Cached:          1665764 kB
SwapCached:            0 kB
Active:           850492 kB
Inactive:        1395076 kB
Active(anon):     548092 kB
Inactive(anon):     9364 kB
Active(file):     302400 kB
Inactive(file):  1385712 kB
Unevictable:           0 kB
Mlocked:               0 kB
HighTotal:       2306432 kB
HighFree:          38148 kB
LowTotal:         589156 kB
LowFree:           92876 kB
SwapTotal:       1048572 kB
SwapFree:        1048572 kB
Dirty:                 0 kB
Writeback:             0 kB
AnonPages:        556480 kB
Mapped:           342760 kB
Shmem:              1196 kB
Slab:              54092 kB
SReclaimable:      19792 kB
SUnreclaim:        34300 kB
KernelStack:       12128 kB
PageTables:        37868 kB
NFS_Unstable:          0 kB
Bounce:                0 kB
WritebackTmp:          0 kB
CommitLimit:     2496364 kB
Committed_AS:   83568176 kB
VmallocTotal:     385024 kB
VmallocUsed:      152392 kB
VmallocChunk:      60484 kB
Time pass: 7 sec

---2015-12-09 11:18:22
MemTotal:        2895588 kB
MemFree:          131368 kB
Buffers:           23524 kB
Cached:          1665764 kB
SwapCached:            0 kB
Active:           850668 kB
Inactive:        1395076 kB
Active(anon):     548268 kB
Inactive(anon):     9364 kB
Active(file):     302400 kB
Inactive(file):  1385712 kB
Unevictable:           0 kB
Mlocked:               0 kB
HighTotal:       2306432 kB
HighFree:          38148 kB
LowTotal:         589156 kB
LowFree:           93220 kB
SwapTotal:       1048572 kB
SwapFree:        1048572 kB
Dirty:                 0 kB
Writeback:             0 kB
AnonPages:        556568 kB
Mapped:           342708 kB
Shmem:              1196 kB
Slab:              54104 kB
SReclaimable:      19792 kB
SUnreclaim:        34312 kB
KernelStack:       12128 kB
PageTables:        37848 kB
NFS_Unstable:          0 kB
Bounce:                0 kB
WritebackTmp:          0 kB
CommitLimit:     2496364 kB
Committed_AS:   83568160 kB
VmallocTotal:     385024 kB
VmallocUsed:      152392 kB
VmallocChunk:      60484 kB
Time pass: 10 sec

---2015-12-09 11:18:22
MemTotal:        2895588 kB
MemFree:          131168 kB
Buffers:           23524 kB
Cached:          1665764 kB
SwapCached:            0 kB
Active:           850848 kB
Inactive:        1395076 kB
Active(anon):     548448 kB
Inactive(anon):     9364 kB
Active(file):     302400 kB
Inactive(file):  1385712 kB
Unevictable:           0 kB
Mlocked:               0 kB
HighTotal:       2306432 kB
HighFree:          38148 kB
LowTotal:         589156 kB
LowFree:           93020 kB
SwapTotal:       1048572 kB
SwapFree:        1048572 kB
Dirty:                 0 kB
Writeback:             0 kB
AnonPages:        556768 kB
Mapped:           342760 kB
Shmem:              1196 kB
Slab:              54104 kB
SReclaimable:      19792 kB
SUnreclaim:        34312 kB
KernelStack:       12128 kB
PageTables:        37868 kB
NFS_Unstable:          0 kB
Bounce:                0 kB
WritebackTmp:          0 kB
CommitLimit:     2496364 kB
Committed_AS:   83568388 kB
VmallocTotal:     385024 kB
VmallocUsed:      152392 kB
VmallocChunk:      60484 kB
Time pass: 14 sec

---2015-12-09 11:18:22
MemTotal:        2895588 kB
MemFree:          122652 kB
Buffers:           23540 kB
Cached:          1665768 kB
SwapCached:            0 kB
Active:           860096 kB
Inactive:        1395072 kB
Active(anon):     557688 kB
Inactive(anon):     9364 kB
Active(file):     302408 kB
Inactive(file):  1385708 kB
Unevictable:           0 kB
Mlocked:               0 kB
HighTotal:       2306432 kB
HighFree:          38148 kB
LowTotal:         589156 kB
LowFree:           84504 kB
SwapTotal:       1048572 kB
SwapFree:        1048572 kB
Dirty:                52 kB
Writeback:             0 kB
AnonPages:        566228 kB
Mapped:           342512 kB
Shmem:              1196 kB
Slab:              54072 kB
SReclaimable:      19792 kB
SUnreclaim:        34280 kB
KernelStack:       12152 kB
PageTables:        38628 kB
NFS_Unstable:          0 kB
Bounce:                0 kB
WritebackTmp:          0 kB
CommitLimit:     2496364 kB
Committed_AS:   87499540 kB
VmallocTotal:     385024 kB
VmallocUsed:      154384 kB
VmallocChunk:      60484 kB
Time pass: 17 sec

---2015-12-09 11:18:22
MemTotal:        2895588 kB
MemFree:           70652 kB
Buffers:           10700 kB
Cached:          1546784 kB
SwapCached:            0 kB
Active:           685264 kB
Inactive:        1465940 kB
Active(anon):     340812 kB
Inactive(anon):   257644 kB
Active(file):     344452 kB
Inactive(file):  1208296 kB
Unevictable:        2748 kB
Mlocked:               0 kB
HighTotal:       2306432 kB
HighFree:          38184 kB
LowTotal:         589156 kB
LowFree:           32468 kB
SwapTotal:       1048572 kB
SwapFree:        1048572 kB
Dirty:               184 kB
Writeback:             0 kB
AnonPages:        596772 kB
Mapped:           364804 kB
Shmem:              1328 kB
Slab:              54160 kB
SReclaimable:      19892 kB
SUnreclaim:        34268 kB
KernelStack:       12856 kB
PageTables:        39044 kB
NFS_Unstable:          0 kB
Bounce:                0 kB
WritebackTmp:          0 kB
CommitLimit:     2496364 kB
Committed_AS:   84907608 kB
VmallocTotal:     385024 kB
VmallocUsed:      153996 kB
VmallocChunk:      60484 kB
Time pass: 21 sec

---2015-12-09 11:18:22
MemTotal:        2895588 kB
MemFree:           93440 kB
Buffers:           10668 kB
Cached:          1517740 kB
SwapCached:            0 kB
Active:           643476 kB
Inactive:        1457056 kB
Active(anon):     295332 kB
Inactive(anon):   280880 kB
Active(file):     348144 kB
Inactive(file):  1176176 kB
Unevictable:        2748 kB
Mlocked:               0 kB
HighTotal:       2306432 kB
HighFree:          56676 kB
LowTotal:         589156 kB
LowFree:           36764 kB
SwapTotal:       1048572 kB
SwapFree:        1048572 kB
Dirty:               292 kB
Writeback:             0 kB
AnonPages:        574632 kB
Mapped:           357064 kB
Shmem:              1328 kB
Slab:              54164 kB
SReclaimable:      19892 kB
SUnreclaim:        34272 kB
KernelStack:       12816 kB
PageTables:        38848 kB
NFS_Unstable:          0 kB
Bounce:                0 kB
WritebackTmp:          0 kB
CommitLimit:     2496364 kB
Committed_AS:   84905688 kB
VmallocTotal:     385024 kB
VmallocUsed:      154148 kB
VmallocChunk:      60484 kB
Time pass: 24 sec

---2015-12-09 11:18:22
MemTotal:        2895588 kB
MemFree:           94844 kB
Buffers:           10684 kB
Cached:          1518068 kB
SwapCached:            0 kB
Active:           642220 kB
Inactive:        1457260 kB
Active(anon):     294076 kB
Inactive(anon):   280728 kB
Active(file):     348144 kB
Inactive(file):  1176532 kB
Unevictable:        2748 kB
Mlocked:               0 kB
HighTotal:       2306432 kB
HighFree:          57188 kB
LowTotal:         589156 kB
LowFree:           37656 kB
SwapTotal:       1048572 kB
SwapFree:        1048572 kB
Dirty:               116 kB
Writeback:             0 kB
AnonPages:        573904 kB
Mapped:           357088 kB
Shmem:              1328 kB
Slab:              54196 kB
SReclaimable:      19892 kB
SUnreclaim:        34304 kB
KernelStack:       12808 kB
PageTables:        38840 kB
NFS_Unstable:          0 kB
Bounce:                0 kB
WritebackTmp:          0 kB
CommitLimit:     2496364 kB
Committed_AS:   84905824 kB
VmallocTotal:     385024 kB
VmallocUsed:      154148 kB
VmallocChunk:      60484 kB
Time pass: 28 sec

---2015-12-09 11:18:22
MemTotal:        2895588 kB
MemFree:           94404 kB
Buffers:           10684 kB
Cached:          1518068 kB
SwapCached:            0 kB
Active:           642312 kB
Inactive:        1457256 kB
Active(anon):     294168 kB
Inactive(anon):   280728 kB
Active(file):     348144 kB
Inactive(file):  1176528 kB
Unevictable:        2748 kB
Mlocked:               0 kB
HighTotal:       2306432 kB
HighFree:          56888 kB
LowTotal:         589156 kB
LowFree:           37516 kB
SwapTotal:       1048572 kB
SwapFree:        1048572 kB
Dirty:                 4 kB
Writeback:             0 kB
AnonPages:        573700 kB
Mapped:           357152 kB
Shmem:              1328 kB
Slab:              54212 kB
SReclaimable:      19892 kB
SUnreclaim:        34320 kB
KernelStack:       12808 kB
PageTables:        38844 kB
NFS_Unstable:          0 kB
Bounce:                0 kB
WritebackTmp:          0 kB
CommitLimit:     2496364 kB
Committed_AS:   84905916 kB
VmallocTotal:     385024 kB
VmallocUsed:      154148 kB
VmallocChunk:      60484 kB
Time pass: 31 sec

---2015-12-09 11:18:22
MemTotal:        2895588 kB
MemFree:           64148 kB
Buffers:           10692 kB
Cached:          1519824 kB
SwapCached:            0 kB
Active:           648796 kB
Inactive:        1458832 kB
Active(anon):     300648 kB
Inactive(anon):   280728 kB
Active(file):     348148 kB
Inactive(file):  1178104 kB
Unevictable:        2748 kB
Mlocked:               0 kB
HighTotal:       2306432 kB
HighFree:          40488 kB
LowTotal:         589156 kB
LowFree:           23660 kB
SwapTotal:       1048572 kB
SwapFree:        1048572 kB
Dirty:                 4 kB
Writeback:             0 kB
AnonPages:        580712 kB
Mapped:           357376 kB
Shmem:              1328 kB
Slab:              54212 kB
SReclaimable:      19892 kB
SUnreclaim:        34320 kB
KernelStack:       12808 kB
PageTables:        38840 kB
NFS_Unstable:          0 kB
Bounce:                0 kB
WritebackTmp:          0 kB
CommitLimit:     2496364 kB
Committed_AS:   84907784 kB
VmallocTotal:     385024 kB
VmallocUsed:      154464 kB
VmallocChunk:      60484 kB
Time pass: 35 sec

---2015-12-09 11:18:22
MemTotal:        2895588 kB
MemFree:           73320 kB
Buffers:           10176 kB
Cached:          1451928 kB
SwapCached:            0 kB
Active:           651972 kB
Inactive:        1414740 kB
Active(anon):     301116 kB
Inactive(anon):   307732 kB
Active(file):     350856 kB
Inactive(file):  1107008 kB
Unevictable:        2748 kB
Mlocked:               0 kB
HighTotal:       2306432 kB
HighFree:          41276 kB
LowTotal:         589156 kB
LowFree:           32044 kB
SwapTotal:       1048572 kB
SwapFree:        1048572 kB
Dirty:               156 kB
Writeback:             0 kB
AnonPages:        607320 kB
Mapped:           358644 kB
Shmem:              1328 kB
Slab:              54208 kB
SReclaimable:      19892 kB
SUnreclaim:        34316 kB
KernelStack:       12864 kB
PageTables:        38888 kB
NFS_Unstable:          0 kB
Bounce:                0 kB
WritebackTmp:          0 kB
CommitLimit:     2496364 kB
Committed_AS:   84945864 kB
VmallocTotal:     385024 kB
VmallocUsed:      154748 kB
VmallocChunk:      60484 kB
Time pass: 38 sec

---2015-12-09 11:18:22
MemTotal:        2895588 kB
MemFree:           85128 kB
Buffers:           10176 kB
Cached:          1450800 kB
SwapCached:            0 kB
Active:           641072 kB
Inactive:        1413284 kB
Active(anon):     289856 kB
Inactive(anon):   307600 kB
Active(file):     351216 kB
Inactive(file):  1105684 kB
Unevictable:        2748 kB
Mlocked:               0 kB
HighTotal:       2306432 kB
HighFree:          50976 kB
LowTotal:         589156 kB
LowFree:           34152 kB
SwapTotal:       1048572 kB
SwapFree:        1048572 kB
Dirty:                44 kB
Writeback:             0 kB
AnonPages:        596164 kB
Mapped:           358716 kB
Shmem:              1328 kB
Slab:              54220 kB
SReclaimable:      19892 kB
SUnreclaim:        34328 kB
KernelStack:       12952 kB
PageTables:        39044 kB
NFS_Unstable:          0 kB
Bounce:                0 kB
WritebackTmp:          0 kB
CommitLimit:     2496364 kB
Committed_AS:   84924044 kB
VmallocTotal:     385024 kB
VmallocUsed:      154804 kB
VmallocChunk:      60484 kB
Time pass: 42 sec

---2015-12-09 11:18:22
MemTotal:        2895588 kB
MemFree:           73480 kB
Buffers:           10208 kB
Cached:          1432480 kB
SwapCached:            0 kB
Active:           660488 kB
Inactive:        1399056 kB
Active(anon):     308528 kB
Inactive(anon):   312416 kB
Active(file):     351960 kB
Inactive(file):  1086640 kB
Unevictable:        2748 kB
Mlocked:               0 kB
HighTotal:       2306432 kB
HighFree:          40188 kB
LowTotal:         589156 kB
LowFree:           33292 kB
SwapTotal:       1048572 kB
SwapFree:        1048572 kB
Dirty:               548 kB
Writeback:           132 kB
AnonPages:        619784 kB
Mapped:           362200 kB
Shmem:              1328 kB
Slab:              54332 kB
SReclaimable:      19932 kB
SUnreclaim:        34400 kB
KernelStack:       13016 kB
PageTables:        39056 kB
NFS_Unstable:          0 kB
Bounce:                0 kB
WritebackTmp:          0 kB
CommitLimit:     2496364 kB
Committed_AS:   84929912 kB
VmallocTotal:     385024 kB
VmallocUsed:      155032 kB
VmallocChunk:      60484 kB
Time pass: 45 sec

---2015-12-09 11:18:22
MemTotal:        2895588 kB
MemFree:           86908 kB
Buffers:           10560 kB
Cached:          1397576 kB
SwapCached:            0 kB
Active:           646044 kB
Inactive:        1364188 kB
Active(anon):     293004 kB
Inactive(anon):   313188 kB
Active(file):     353040 kB
Inactive(file):  1051000 kB
Unevictable:        2748 kB
Mlocked:               0 kB
HighTotal:       2306432 kB
HighFree:          52040 kB
LowTotal:         589156 kB
LowFree:           34868 kB
SwapTotal:       1048572 kB
SwapFree:        1048572 kB
Dirty:              1308 kB
Writeback:             0 kB
AnonPages:        605028 kB
Mapped:           362652 kB
Shmem:              1328 kB
Slab:              54344 kB
SReclaimable:      19956 kB
SUnreclaim:        34388 kB
KernelStack:       13024 kB
PageTables:        39016 kB
NFS_Unstable:          0 kB
Bounce:                0 kB
WritebackTmp:          0 kB
CommitLimit:     2496364 kB
Committed_AS:   84918700 kB
VmallocTotal:     385024 kB
VmallocUsed:      155612 kB
VmallocChunk:      60484 kB
Time pass: 49 sec

---2015-12-09 11:18:22
MemTotal:        2895588 kB
MemFree:           86952 kB
Buffers:           10568 kB
Cached:          1397992 kB
SwapCached:            0 kB
Active:           645980 kB
Inactive:        1364592 kB
Active(anon):     292940 kB
Inactive(anon):   313168 kB
Active(file):     353040 kB
Inactive(file):  1051424 kB
Unevictable:        2748 kB
Mlocked:               0 kB
HighTotal:       2306432 kB
HighFree:          51772 kB
LowTotal:         589156 kB
LowFree:           35180 kB
SwapTotal:       1048572 kB
SwapFree:        1048572 kB
Dirty:                68 kB
Writeback:             0 kB
AnonPages:        605256 kB
Mapped:           363024 kB
Shmem:              1328 kB
Slab:              54352 kB
SReclaimable:      19960 kB
SUnreclaim:        34392 kB
KernelStack:       13008 kB
PageTables:        39016 kB
NFS_Unstable:          0 kB
Bounce:                0 kB
WritebackTmp:          0 kB
CommitLimit:     2496364 kB
Committed_AS:   84914324 kB
VmallocTotal:     385024 kB
VmallocUsed:      155612 kB
VmallocChunk:      60484 kB
Time pass: 53 sec

---2015-12-09 11:18:22
MemTotal:        2895588 kB
MemFree:           81064 kB
Buffers:           10544 kB
Cached:          1391700 kB
SwapCached:            0 kB
Active:           648852 kB
Inactive:        1358152 kB
Active(anon):     295692 kB
Inactive(anon):   313168 kB
Active(file):     353160 kB
Inactive(file):  1044984 kB
Unevictable:        2748 kB
Mlocked:               0 kB
HighTotal:       2306432 kB
HighFree:          48744 kB
LowTotal:         589156 kB
LowFree:           32320 kB
SwapTotal:       1048572 kB
SwapFree:        1048572 kB
Dirty:               240 kB
Writeback:             0 kB
AnonPages:        607736 kB
Mapped:           363088 kB
Shmem:              1328 kB
Slab:              54348 kB
SReclaimable:      19960 kB
SUnreclaim:        34388 kB
KernelStack:       13024 kB
PageTables:        39016 kB
NFS_Unstable:          0 kB
Bounce:                0 kB
WritebackTmp:          0 kB
CommitLimit:     2496364 kB
Committed_AS:   84922796 kB
VmallocTotal:     385024 kB
VmallocUsed:      155628 kB
VmallocChunk:      60484 kB
Time pass: 56 sec

---2015-12-09 11:18:22
MemTotal:        2895588 kB
MemFree:           80824 kB
Buffers:           10544 kB
Cached:          1391724 kB
SwapCached:            0 kB
Active:           649256 kB
Inactive:        1358172 kB
Active(anon):     296092 kB
Inactive(anon):   313164 kB
Active(file):     353164 kB
Inactive(file):  1045008 kB
Unevictable:        2748 kB
Mlocked:               0 kB
HighTotal:       2306432 kB
HighFree:          48248 kB
LowTotal:         589156 kB
LowFree:           32576 kB
SwapTotal:       1048572 kB
SwapFree:        1048572 kB
Dirty:                 0 kB
Writeback:             0 kB
AnonPages:        608324 kB
Mapped:           363088 kB
Shmem:              1328 kB
Slab:              54348 kB
SReclaimable:      19960 kB
SUnreclaim:        34388 kB
KernelStack:       13024 kB
PageTables:        39016 kB
NFS_Unstable:          0 kB
Bounce:                0 kB
WritebackTmp:          0 kB
CommitLimit:     2496364 kB
Committed_AS:   84922884 kB
VmallocTotal:     385024 kB
VmallocUsed:      155628 kB
VmallocChunk:      60484 kB
Time pass: 60 sec

---2015-12-09 11:18:22
MemTotal:        2895588 kB
MemFree:           69620 kB
Buffers:           10472 kB
Cached:          1334544 kB
SwapCached:            0 kB
Active:           658100 kB
Inactive:        1298800 kB
Active(anon):     301416 kB
Inactive(anon):   314592 kB
Active(file):     356684 kB
Inactive(file):   984208 kB
Unevictable:        2748 kB
Mlocked:               0 kB
HighTotal:       2306432 kB
HighFree:          41672 kB
LowTotal:         589156 kB
LowFree:           27948 kB
SwapTotal:       1048572 kB
SwapFree:        1048572 kB
Dirty:               584 kB
Writeback:             0 kB
AnonPages:        615236 kB
Mapped:           362460 kB
Shmem:              1328 kB
Slab:              54392 kB
SReclaimable:      19992 kB
SUnreclaim:        34400 kB
KernelStack:       13024 kB
PageTables:        38996 kB
NFS_Unstable:          0 kB
Bounce:                0 kB
WritebackTmp:          0 kB
CommitLimit:     2496364 kB
Committed_AS:   84923888 kB
VmallocTotal:     385024 kB
VmallocUsed:      155752 kB
VmallocChunk:      60484 kB
Time pass: 64 sec

---2015-12-09 11:18:22
MemTotal:        2895588 kB
MemFree:           68744 kB
Buffers:           10480 kB
Cached:          1328972 kB
SwapCached:            0 kB
Active:           666876 kB
Inactive:        1293188 kB
Active(anon):     310132 kB
Inactive(anon):   314572 kB
Active(file):     356744 kB
Inactive(file):   978616 kB
Unevictable:        2748 kB
Mlocked:               0 kB
HighTotal:       2306432 kB
HighFree:          39404 kB
LowTotal:         589156 kB
LowFree:           29340 kB
SwapTotal:       1048572 kB
SwapFree:        1048572 kB
Dirty:               368 kB
Writeback:             0 kB
AnonPages:        623524 kB
Mapped:           365688 kB
Shmem:              1328 kB
Slab:              54392 kB
SReclaimable:      19992 kB
SUnreclaim:        34400 kB
KernelStack:       13072 kB
PageTables:        38976 kB
NFS_Unstable:          0 kB
Bounce:                0 kB
WritebackTmp:          0 kB
CommitLimit:     2496364 kB
Committed_AS:   84926412 kB
VmallocTotal:     385024 kB
VmallocUsed:      155720 kB
VmallocChunk:      60484 kB
Time pass: 67 sec

---2015-12-09 11:18:22
MemTotal:        2895588 kB
MemFree:           69308 kB
Buffers:           10528 kB
Cached:          1323464 kB
SwapCached:            0 kB
Active:           669980 kB
Inactive:        1288964 kB
Active(anon):     312936 kB
Inactive(anon):   316100 kB
Active(file):     357044 kB
Inactive(file):   972864 kB
Unevictable:        2748 kB
Mlocked:               0 kB
HighTotal:       2306432 kB
HighFree:          39368 kB
LowTotal:         589156 kB
LowFree:           29940 kB
SwapTotal:       1048572 kB
SwapFree:        1048572 kB
Dirty:                 8 kB
Writeback:             0 kB
AnonPages:        628008 kB
Mapped:           365740 kB
Shmem:              1328 kB
Slab:              54408 kB
SReclaimable:      20016 kB
SUnreclaim:        34392 kB
KernelStack:       13112 kB
PageTables:        39024 kB
NFS_Unstable:          0 kB
Bounce:                0 kB
WritebackTmp:          0 kB
CommitLimit:     2496364 kB
Committed_AS:   84934776 kB
VmallocTotal:     385024 kB
VmallocUsed:      155720 kB
VmallocChunk:      60484 kB
Time pass: 71 sec

---2015-12-09 11:18:22
MemTotal:        2895588 kB
MemFree:           70624 kB
Buffers:           10560 kB
Cached:          1318080 kB
SwapCached:            0 kB
Active:           671572 kB
Inactive:        1286164 kB
Active(anon):     314528 kB
Inactive(anon):   318644 kB
Active(file):     357044 kB
Inactive(file):   967520 kB
Unevictable:        2748 kB
Mlocked:               0 kB
HighTotal:       2306432 kB
HighFree:          39792 kB
LowTotal:         589156 kB
LowFree:           30832 kB
SwapTotal:       1048572 kB
SwapFree:        1048572 kB
Dirty:                72 kB
Writeback:             0 kB
AnonPages:        631956 kB
Mapped:           365992 kB
Shmem:              1328 kB
Slab:              54412 kB
SReclaimable:      20020 kB
SUnreclaim:        34392 kB
KernelStack:       13080 kB
PageTables:        39032 kB
NFS_Unstable:          0 kB
Bounce:                0 kB
WritebackTmp:          0 kB
CommitLimit:     2496364 kB
Committed_AS:   84938984 kB
VmallocTotal:     385024 kB
VmallocUsed:      155720 kB
VmallocChunk:      60484 kB
Time pass: 74 sec

---2015-12-09 11:18:22
MemTotal:        2895588 kB
MemFree:           71300 kB
Buffers:           10556 kB
Cached:          1312572 kB
SwapCached:            0 kB
Active:           674388 kB
Inactive:        1283244 kB
Active(anon):     317276 kB
Inactive(anon):   321468 kB
Active(file):     357112 kB
Inactive(file):   961776 kB
Unevictable:        2748 kB
Mlocked:               0 kB
HighTotal:       2306432 kB
HighFree:          39916 kB
LowTotal:         589156 kB
LowFree:           31384 kB
SwapTotal:       1048572 kB
SwapFree:        1048572 kB
Dirty:                64 kB
Writeback:             0 kB
AnonPages:        637724 kB
Mapped:           367104 kB
Shmem:              1492 kB
Slab:              54616 kB
SReclaimable:      20032 kB
SUnreclaim:        34584 kB
KernelStack:       13248 kB
PageTables:        39156 kB
NFS_Unstable:          0 kB
Bounce:                0 kB
WritebackTmp:          0 kB
CommitLimit:     2496364 kB
Committed_AS:   84950984 kB
VmallocTotal:     385024 kB
VmallocUsed:      157932 kB
VmallocChunk:      60484 kB
Time pass: 78 sec

---2015-12-09 11:18:22
MemTotal:        2895588 kB
MemFree:           74776 kB
Buffers:           10348 kB
Cached:          1286716 kB
SwapCached:            0 kB
Active:           674496 kB
Inactive:        1257832 kB
Active(anon):     316784 kB
Inactive(anon):   322764 kB
Active(file):     357712 kB
Inactive(file):   935068 kB
Unevictable:        2748 kB
Mlocked:               0 kB
HighTotal:       2306432 kB
HighFree:          41076 kB
LowTotal:         589156 kB
LowFree:           33700 kB
SwapTotal:       1048572 kB
SwapFree:        1048572 kB
Dirty:                 4 kB
Writeback:             0 kB
AnonPages:        638220 kB
Mapped:           367192 kB
Shmem:              1536 kB
Slab:              54380 kB
SReclaimable:      19800 kB
SUnreclaim:        34580 kB
KernelStack:       13232 kB
PageTables:        39288 kB
NFS_Unstable:          0 kB
Bounce:                0 kB
WritebackTmp:          0 kB
CommitLimit:     2496364 kB
Committed_AS:   84951220 kB
VmallocTotal:     385024 kB
VmallocUsed:      157932 kB
VmallocChunk:      60484 kB
Time pass: 82 sec

---2015-12-09 11:18:22
MemTotal:        2895588 kB
MemFree:           73980 kB
Buffers:           10356 kB
Cached:          1286868 kB
SwapCached:            0 kB
Active:           675588 kB
Inactive:        1257936 kB
Active(anon):     317876 kB
Inactive(anon):   322868 kB
Active(file):     357712 kB
Inactive(file):   935068 kB
Unevictable:        2748 kB
Mlocked:               0 kB
HighTotal:       2306432 kB
HighFree:          40456 kB
LowTotal:         589156 kB
LowFree:           33524 kB
SwapTotal:       1048572 kB
SwapFree:        1048572 kB
Dirty:                24 kB
Writeback:             0 kB
AnonPages:        639124 kB
Mapped:           367396 kB
Shmem:              1688 kB
Slab:              54476 kB
SReclaimable:      19800 kB
SUnreclaim:        34676 kB
KernelStack:       13232 kB
PageTables:        39312 kB
NFS_Unstable:          0 kB
Bounce:                0 kB
WritebackTmp:          0 kB
CommitLimit:     2496364 kB
Committed_AS:   84955504 kB
VmallocTotal:     385024 kB
VmallocUsed:      157932 kB
VmallocChunk:      60484 kB
Time pass: 85 sec

---2015-12-09 11:18:22
MemTotal:        2895588 kB
MemFree:           71988 kB
Buffers:           10372 kB
Cached:          1286880 kB
SwapCached:            0 kB
Active:           677576 kB
Inactive:        1258028 kB
Active(anon):     319864 kB
Inactive(anon):   322936 kB
Active(file):     357712 kB
Inactive(file):   935092 kB
Unevictable:        2748 kB
Mlocked:               0 kB
HighTotal:       2306432 kB
HighFree:          38152 kB
LowTotal:         589156 kB
LowFree:           33836 kB
SwapTotal:       1048572 kB
SwapFree:        1048572 kB
Dirty:                56 kB
Writeback:             0 kB
AnonPages:        641024 kB
Mapped:           367408 kB
Shmem:              1700 kB
Slab:              54476 kB
SReclaimable:      19800 kB
SUnreclaim:        34676 kB
KernelStack:       13232 kB
PageTables:        39312 kB
NFS_Unstable:          0 kB
Bounce:                0 kB
WritebackTmp:          0 kB
CommitLimit:     2496364 kB
Committed_AS:   84959664 kB
VmallocTotal:     385024 kB
VmallocUsed:      157932 kB
VmallocChunk:      60484 kB
Time pass: 89 sec

---2015-12-09 11:18:22
MemTotal:        2895588 kB
MemFree:           71824 kB
Buffers:           10380 kB
Cached:          1286928 kB
SwapCached:            0 kB
Active:           677536 kB
Inactive:        1258072 kB
Active(anon):     319824 kB
Inactive(anon):   322980 kB
Active(file):     357712 kB
Inactive(file):   935092 kB
Unevictable:        2748 kB
Mlocked:               0 kB
HighTotal:       2306432 kB
HighFree:          38276 kB
LowTotal:         589156 kB
LowFree:           33548 kB
SwapTotal:       1048572 kB
SwapFree:        1048572 kB
Dirty:                32 kB
Writeback:             0 kB
AnonPages:        641012 kB
Mapped:           367508 kB
Shmem:              1748 kB
Slab:              54464 kB
SReclaimable:      19800 kB
SUnreclaim:        34664 kB
KernelStack:       13232 kB
PageTables:        39336 kB
NFS_Unstable:          0 kB
Bounce:                0 kB
WritebackTmp:          0 kB
CommitLimit:     2496364 kB
Committed_AS:   84959884 kB
VmallocTotal:     385024 kB
VmallocUsed:      157932 kB
VmallocChunk:      60484 kB
Time pass: 92 sec

---2015-12-09 11:18:22
MemTotal:        2895588 kB
MemFree:           70724 kB
Buffers:           10396 kB
Cached:          1286928 kB
SwapCached:            0 kB
Active:           678880 kB
Inactive:        1258104 kB
Active(anon):     321184 kB
Inactive(anon):   322972 kB
Active(file):     357696 kB
Inactive(file):   935132 kB
Unevictable:        2748 kB
Mlocked:               0 kB
HighTotal:       2306432 kB
HighFree:          38524 kB
LowTotal:         589156 kB
LowFree:           32200 kB
SwapTotal:       1048572 kB
SwapFree:        1048572 kB
Dirty:                68 kB
Writeback:             0 kB
AnonPages:        642460 kB
Mapped:           367508 kB
Shmem:              1748 kB
Slab:              54464 kB
SReclaimable:      19800 kB
SUnreclaim:        34664 kB
KernelStack:       13224 kB
PageTables:        39336 kB
NFS_Unstable:          0 kB
Bounce:                0 kB
WritebackTmp:          0 kB
CommitLimit:     2496364 kB
Committed_AS:   84964104 kB
VmallocTotal:     385024 kB
VmallocUsed:      157932 kB
VmallocChunk:      60484 kB
Time pass: 96 sec

---2015-12-09 11:18:22
MemTotal:        2895588 kB
MemFree:           71336 kB
Buffers:           10412 kB
Cached:          1286928 kB
SwapCached:            0 kB
Active:           678804 kB
Inactive:        1258112 kB
Active(anon):     321108 kB
Inactive(anon):   322972 kB
Active(file):     357696 kB
Inactive(file):   935140 kB
Unevictable:        2748 kB
Mlocked:               0 kB
HighTotal:       2306432 kB
HighFree:          38772 kB
LowTotal:         589156 kB
LowFree:           32564 kB
SwapTotal:       1048572 kB
SwapFree:        1048572 kB
Dirty:                68 kB
Writeback:             0 kB
AnonPages:        642464 kB
Mapped:           367508 kB
Shmem:              1748 kB
Slab:              54464 kB
SReclaimable:      19800 kB
SUnreclaim:        34664 kB
KernelStack:       13224 kB
PageTables:        39340 kB
NFS_Unstable:          0 kB
Bounce:                0 kB
WritebackTmp:          0 kB
CommitLimit:     2496364 kB
Committed_AS:   84964184 kB
VmallocTotal:     385024 kB
VmallocUsed:      157932 kB
VmallocChunk:      60484 kB
Time pass: 100 sec

---2015-12-09 11:18:22
MemTotal:        2895588 kB
MemFree:           89308 kB
Buffers:           10412 kB
Cached:          1281940 kB
SwapCached:            0 kB
Active:           663140 kB
Inactive:        1255400 kB
Active(anon):     305336 kB
Inactive(anon):   324956 kB
Active(file):     357804 kB
Inactive(file):   930444 kB
Unevictable:        2748 kB
Mlocked:               0 kB
HighTotal:       2306432 kB
HighFree:          55252 kB
LowTotal:         589156 kB
LowFree:           34056 kB
SwapTotal:       1048572 kB
SwapFree:        1048572 kB
Dirty:                 0 kB
Writeback:             0 kB
AnonPages:        628284 kB
Mapped:           366928 kB
Shmem:              1460 kB
Slab:              54472 kB
SReclaimable:      19800 kB
SUnreclaim:        34672 kB
KernelStack:       13288 kB
PageTables:        39456 kB
NFS_Unstable:          0 kB
Bounce:                0 kB
WritebackTmp:          0 kB
CommitLimit:     2496364 kB
Committed_AS:   84952920 kB
VmallocTotal:     385024 kB
VmallocUsed:      155708 kB
VmallocChunk:      60484 kB
Time pass: 103 sec

---2015-12-09 11:18:22
MemTotal:        2895588 kB
MemFree:          394936 kB
Buffers:           10816 kB
Cached:          1272044 kB
SwapCached:            0 kB
Active:           611140 kB
Inactive:        1232580 kB
Active(anon):     250764 kB
Inactive(anon):   314528 kB
Active(file):     360376 kB
Inactive(file):   918052 kB
Unevictable:        2748 kB
Mlocked:               0 kB
HighTotal:       2306432 kB
HighFree:         304380 kB
LowTotal:         589156 kB
LowFree:           90556 kB
SwapTotal:       1048572 kB
SwapFree:        1048572 kB
Dirty:               716 kB
Writeback:             0 kB
AnonPages:        564136 kB
Mapped:           342872 kB
Shmem:              1196 kB
Slab:              54484 kB
SReclaimable:      19796 kB
SUnreclaim:        34688 kB
KernelStack:       12168 kB
PageTables:        37836 kB
NFS_Unstable:          0 kB
Bounce:                0 kB
WritebackTmp:          0 kB
CommitLimit:     2496364 kB
Committed_AS:   83624924 kB
VmallocTotal:     385024 kB
VmallocUsed:      152820 kB
VmallocChunk:      60484 kB
Time pass: 106 sec

---2015-12-09 11:18:22
MemTotal:        2895588 kB
MemFree:          237116 kB
Buffers:           10952 kB
Cached:          1273424 kB
SwapCached:            0 kB
Active:           629700 kB
Inactive:        1233708 kB
Active(anon):     268576 kB
Inactive(anon):   314536 kB
Active(file):     361124 kB
Inactive(file):   919172 kB
Unevictable:        2748 kB
Mlocked:               0 kB
HighTotal:       2306432 kB
HighFree:         146780 kB
LowTotal:         589156 kB
LowFree:           90336 kB
SwapTotal:       1048572 kB
SwapFree:        1048572 kB
Dirty:               732 kB
Writeback:             0 kB
AnonPages:        581600 kB
Mapped:           350636 kB
Shmem:              1332 kB
Slab:              54480 kB
SReclaimable:      19796 kB
SUnreclaim:        34684 kB
KernelStack:       12728 kB
PageTables:        38392 kB
NFS_Unstable:          0 kB
Bounce:                0 kB
WritebackTmp:          0 kB
CommitLimit:     2496364 kB
Committed_AS:   83676264 kB
VmallocTotal:     385024 kB
VmallocUsed:      153408 kB
VmallocChunk:      60484 kB
Time pass: 111 sec

---2015-12-09 11:18:22
MemTotal:        2895588 kB
MemFree:          223380 kB
Buffers:           10960 kB
Cached:          1273476 kB
SwapCached:            0 kB
Active:           638052 kB
Inactive:        1233460 kB
Active(anon):     276940 kB
Inactive(anon):   314216 kB
Active(file):     361112 kB
Inactive(file):   919244 kB
Unevictable:        2748 kB
Mlocked:               0 kB
HighTotal:       2306432 kB
HighFree:         132856 kB
LowTotal:         589156 kB
LowFree:           90524 kB
SwapTotal:       1048572 kB
SwapFree:        1048572 kB
Dirty:               344 kB
Writeback:             0 kB
AnonPages:        589944 kB
Mapped:           352232 kB
Shmem:              1332 kB
Slab:              54480 kB
SReclaimable:      19796 kB
SUnreclaim:        34684 kB
KernelStack:       12776 kB
PageTables:        38492 kB
NFS_Unstable:          0 kB
Bounce:                0 kB
WritebackTmp:          0 kB
CommitLimit:     2496364 kB
Committed_AS:   83674832 kB
VmallocTotal:     385024 kB
VmallocUsed:      153464 kB
VmallocChunk:      60484 kB
Time pass: 116 sec

---2015-12-09 11:18:22
MemTotal:        2895588 kB
MemFree:          143508 kB
Buffers:           10968 kB
Cached:          1274644 kB
SwapCached:            0 kB
Active:           648268 kB
Inactive:        1233276 kB
Active(anon):     285628 kB
Inactive(anon):   314216 kB
Active(file):     362640 kB
Inactive(file):   919060 kB
Unevictable:        2748 kB
Mlocked:               0 kB
HighTotal:       2306432 kB
HighFree:          52840 kB
LowTotal:         589156 kB
LowFree:           90668 kB
SwapTotal:       1048572 kB
SwapFree:        1048572 kB
Dirty:              1616 kB
Writeback:             0 kB
AnonPages:        598884 kB
Mapped:           353052 kB
Shmem:              1332 kB
Slab:              54508 kB
SReclaimable:      19796 kB
SUnreclaim:        34712 kB
KernelStack:       12816 kB
PageTables:        38624 kB
NFS_Unstable:          0 kB
Bounce:                0 kB
WritebackTmp:          0 kB
CommitLimit:     2496364 kB
Committed_AS:   83683340 kB
VmallocTotal:     385024 kB
VmallocUsed:      154604 kB
VmallocChunk:      60484 kB
Time pass: 119 sec

---2015-12-09 11:18:22
MemTotal:        2895588 kB
MemFree:          145444 kB
Buffers:           10972 kB
Cached:          1274824 kB
SwapCached:            0 kB
Active:           648180 kB
Inactive:        1230260 kB
Active(anon):     285416 kB
Inactive(anon):   311308 kB
Active(file):     362764 kB
Inactive(file):   918952 kB
Unevictable:        2748 kB
Mlocked:               0 kB
HighTotal:       2306432 kB
HighFree:          54700 kB
LowTotal:         589156 kB
LowFree:           90744 kB
SwapTotal:       1048572 kB
SwapFree:        1048572 kB
Dirty:               100 kB
Writeback:             0 kB
AnonPages:        596028 kB
Mapped:           353116 kB
Shmem:              1332 kB
Slab:              54536 kB
SReclaimable:      19796 kB
SUnreclaim:        34740 kB
KernelStack:       12808 kB
PageTables:        38436 kB
NFS_Unstable:          0 kB
Bounce:                0 kB
WritebackTmp:          0 kB
CommitLimit:     2496364 kB
Committed_AS:   83677804 kB
VmallocTotal:     385024 kB
VmallocUsed:      154580 kB
VmallocChunk:      60484 kB
Time pass: 123 sec

---2015-12-09 11:18:22
MemTotal:        2895588 kB
MemFree:          130164 kB
Buffers:           10980 kB
Cached:          1274840 kB
SwapCached:            0 kB
Active:           655588 kB
Inactive:        1230272 kB
Active(anon):     292824 kB
Inactive(anon):   311304 kB
Active(file):     362764 kB
Inactive(file):   918968 kB
Unevictable:        2748 kB
Mlocked:               0 kB
HighTotal:       2306432 kB
HighFree:          39376 kB
LowTotal:         589156 kB
LowFree:           90788 kB
SwapTotal:       1048572 kB
SwapFree:        1048572 kB
Dirty:               596 kB
Writeback:             0 kB
AnonPages:        602936 kB
Mapped:           353384 kB
Shmem:              1332 kB
Slab:              54520 kB
SReclaimable:      19796 kB
SUnreclaim:        34724 kB
KernelStack:       12816 kB
PageTables:        38400 kB
NFS_Unstable:          0 kB
Bounce:                0 kB
WritebackTmp:          0 kB
CommitLimit:     2496364 kB
Committed_AS:   83678436 kB
VmallocTotal:     385024 kB
VmallocUsed:      155896 kB
VmallocChunk:      60484 kB
Time pass: 126 sec

---2015-12-09 11:18:22
MemTotal:        2895588 kB
MemFree:          131892 kB
Buffers:           10988 kB
Cached:          1274840 kB
SwapCached:            0 kB
Active:           652124 kB
Inactive:        1230216 kB
Active(anon):     289360 kB
Inactive(anon):   311240 kB
Active(file):     362764 kB
Inactive(file):   918976 kB
Unevictable:        2748 kB
Mlocked:               0 kB
HighTotal:       2306432 kB
HighFree:          41128 kB
LowTotal:         589156 kB
LowFree:           90764 kB
SwapTotal:       1048572 kB
SwapFree:        1048572 kB
Dirty:               600 kB
Writeback:             0 kB
AnonPages:        599420 kB
Mapped:           353384 kB
Shmem:              1332 kB
Slab:              54524 kB
SReclaimable:      19796 kB
SUnreclaim:        34728 kB
KernelStack:       12816 kB
PageTables:        38380 kB
NFS_Unstable:          0 kB
Bounce:                0 kB
WritebackTmp:          0 kB
CommitLimit:     2496364 kB
Committed_AS:   83673244 kB
VmallocTotal:     385024 kB
VmallocUsed:      155896 kB
VmallocChunk:      60484 kB
Time pass: 130 sec

---2015-12-09 11:18:22
MemTotal:        2895588 kB
MemFree:          132008 kB
Buffers:           10988 kB
Cached:          1274840 kB
SwapCached:            0 kB
Active:           652024 kB
Inactive:        1230184 kB
Active(anon):     289256 kB
Inactive(anon):   311204 kB
Active(file):     362768 kB
Inactive(file):   918980 kB
Unevictable:        2748 kB
Mlocked:               0 kB
HighTotal:       2306432 kB
HighFree:          41324 kB
LowTotal:         589156 kB
LowFree:           90684 kB
SwapTotal:       1048572 kB
SwapFree:        1048572 kB
Dirty:                 0 kB
Writeback:             0 kB
AnonPages:        599460 kB
Mapped:           353436 kB
Shmem:              1332 kB
Slab:              54556 kB
SReclaimable:      19796 kB
SUnreclaim:        34760 kB
KernelStack:       12800 kB
PageTables:        38400 kB
NFS_Unstable:          0 kB
Bounce:                0 kB
WritebackTmp:          0 kB
CommitLimit:     2496364 kB
Committed_AS:   83673516 kB
VmallocTotal:     385024 kB
VmallocUsed:      155896 kB
VmallocChunk:      60484 kB
Time pass: 133 sec

---2015-12-09 11:18:22
MemTotal:        2895588 kB
MemFree:          121572 kB
Buffers:           11012 kB
Cached:          1275008 kB
SwapCached:            0 kB
Active:           662316 kB
Inactive:        1230324 kB
Active(anon):     299544 kB
Inactive(anon):   311320 kB
Active(file):     362772 kB
Inactive(file):   919004 kB
Unevictable:        2748 kB
Mlocked:               0 kB
HighTotal:       2306432 kB
HighFree:          37764 kB
LowTotal:         589156 kB
LowFree:           83808 kB
SwapTotal:       1048572 kB
SwapFree:        1048572 kB
Dirty:                80 kB
Writeback:             0 kB
AnonPages:        609748 kB
Mapped:           356520 kB
Shmem:              1496 kB
Slab:              54556 kB
SReclaimable:      19796 kB
SUnreclaim:        34760 kB
KernelStack:       13048 kB
PageTables:        38524 kB
NFS_Unstable:          0 kB
Bounce:                0 kB
WritebackTmp:          0 kB
CommitLimit:     2496364 kB
Committed_AS:   83690624 kB
VmallocTotal:     385024 kB
VmallocUsed:      158108 kB
VmallocChunk:      60484 kB
Time pass: 137 sec

---2015-12-09 11:18:22
MemTotal:        2895588 kB
MemFree:          113876 kB
Buffers:           11060 kB
Cached:          1275160 kB
SwapCached:            0 kB
Active:           669948 kB
Inactive:        1230540 kB
Active(anon):     307172 kB
Inactive(anon):   311508 kB
Active(file):     362776 kB
Inactive(file):   919032 kB
Unevictable:        2748 kB
Mlocked:               0 kB
HighTotal:       2306432 kB
HighFree:          40440 kB
LowTotal:         589156 kB
LowFree:           73436 kB
SwapTotal:       1048572 kB
SwapFree:        1048572 kB
Dirty:                 0 kB
Writeback:             0 kB
AnonPages:        617072 kB
Mapped:           357160 kB
Shmem:              1664 kB
Slab:              54588 kB
SReclaimable:      19796 kB
SUnreclaim:        34792 kB
KernelStack:       13056 kB
PageTables:        38564 kB
NFS_Unstable:          0 kB
Bounce:                0 kB
WritebackTmp:          0 kB
CommitLimit:     2496364 kB
Committed_AS:   83698880 kB
VmallocTotal:     385024 kB
VmallocUsed:      158108 kB
VmallocChunk:      60484 kB
Time pass: 141 sec

---2015-12-09 11:18:22
MemTotal:        2895588 kB
MemFree:          112492 kB
Buffers:           11076 kB
Cached:          1275192 kB
SwapCached:            0 kB
Active:           671328 kB
Inactive:        1230512 kB
Active(anon):     308552 kB
Inactive(anon):   311448 kB
Active(file):     362776 kB
Inactive(file):   919064 kB
Unevictable:        2748 kB
Mlocked:               0 kB
HighTotal:       2306432 kB
HighFree:          39396 kB
LowTotal:         589156 kB
LowFree:           73096 kB
SwapTotal:       1048572 kB
SwapFree:        1048572 kB
Dirty:                52 kB
Writeback:             0 kB
AnonPages:        618520 kB
Mapped:           357236 kB
Shmem:              1680 kB
Slab:              54588 kB
SReclaimable:      19796 kB
SUnreclaim:        34792 kB
KernelStack:       13064 kB
PageTables:        38588 kB
NFS_Unstable:          0 kB
Bounce:                0 kB
WritebackTmp:          0 kB
CommitLimit:     2496364 kB
Committed_AS:   83699076 kB
VmallocTotal:     385024 kB
VmallocUsed:      158108 kB
VmallocChunk:      60484 kB
Time pass: 144 sec

---2015-12-09 11:18:22
MemTotal:        2895588 kB
MemFree:          109940 kB
Buffers:           11092 kB
Cached:          1275472 kB
SwapCached:            0 kB
Active:           672740 kB
Inactive:        1230464 kB
Active(anon):     309964 kB
Inactive(anon):   311108 kB
Active(file):     362776 kB
Inactive(file):   919356 kB
Unevictable:        2748 kB
Mlocked:               0 kB
HighTotal:       2306432 kB
HighFree:          38352 kB
LowTotal:         589156 kB
LowFree:           71588 kB
SwapTotal:       1048572 kB
SwapFree:        1048572 kB
Dirty:                44 kB
Writeback:             0 kB
AnonPages:        619564 kB
Mapped:           356576 kB
Shmem:              1684 kB
Slab:              54584 kB
SReclaimable:      19796 kB
SUnreclaim:        34788 kB
KernelStack:       13048 kB
PageTables:        38604 kB
NFS_Unstable:          0 kB
Bounce:                0 kB
WritebackTmp:          0 kB
CommitLimit:     2496364 kB
Committed_AS:   83702732 kB
VmallocTotal:     385024 kB
VmallocUsed:      158108 kB
VmallocChunk:      60484 kB
Time pass: 148 sec

---2015-12-09 11:18:22
MemTotal:        2895588 kB
MemFree:          111324 kB
Buffers:           11108 kB
Cached:          1275472 kB
SwapCached:            0 kB
Active:           672404 kB
Inactive:        1229808 kB
Active(anon):     309616 kB
Inactive(anon):   310448 kB
Active(file):     362788 kB
Inactive(file):   919360 kB
Unevictable:        2748 kB
Mlocked:               0 kB
HighTotal:       2306432 kB
HighFree:          38124 kB
LowTotal:         589156 kB
LowFree:           73200 kB
SwapTotal:       1048572 kB
SwapFree:        1048572 kB
Dirty:                44 kB
Writeback:             0 kB
AnonPages:        618432 kB
Mapped:           356576 kB
Shmem:              1684 kB
Slab:              54592 kB
SReclaimable:      19796 kB
SUnreclaim:        34796 kB
KernelStack:       13048 kB
PageTables:        38604 kB
NFS_Unstable:          0 kB
Bounce:                0 kB
WritebackTmp:          0 kB
CommitLimit:     2496364 kB
Committed_AS:   83702768 kB
VmallocTotal:     385024 kB
VmallocUsed:      158108 kB
VmallocChunk:      60484 kB
Time pass: 152 sec

---2015-12-09 11:18:22
MemTotal:        2895588 kB
MemFree:          109628 kB
Buffers:           11108 kB
Cached:          1275472 kB
SwapCached:            0 kB
Active:           673740 kB
Inactive:        1229468 kB
Active(anon):     310952 kB
Inactive(anon):   310108 kB
Active(file):     362788 kB
Inactive(file):   919360 kB
Unevictable:        2748 kB
Mlocked:               0 kB
HighTotal:       2306432 kB
HighFree:          38260 kB
LowTotal:         589156 kB
LowFree:           71368 kB
SwapTotal:       1048572 kB
SwapFree:        1048572 kB
Dirty:                44 kB
Writeback:             0 kB
AnonPages:        619576 kB
Mapped:           356468 kB
Shmem:              1684 kB
Slab:              54720 kB
SReclaimable:      19868 kB
SUnreclaim:        34852 kB
KernelStack:       13056 kB
PageTables:        38588 kB
NFS_Unstable:          0 kB
Bounce:                0 kB
WritebackTmp:          0 kB
CommitLimit:     2496364 kB
Committed_AS:   83707240 kB
VmallocTotal:     385024 kB
VmallocUsed:      158108 kB
VmallocChunk:      60484 kB
Time pass: 156 sec

---2015-12-09 11:18:22
MemTotal:        2895588 kB
MemFree:          109156 kB
Buffers:           11132 kB
Cached:          1275464 kB
SwapCached:            0 kB
Active:           674088 kB
Inactive:        1229432 kB
Active(anon):     311300 kB
Inactive(anon):   310064 kB
Active(file):     362788 kB
Inactive(file):   919368 kB
Unevictable:        2748 kB
Mlocked:               0 kB
HighTotal:       2306432 kB
HighFree:          38012 kB
LowTotal:         589156 kB
LowFree:           71144 kB
SwapTotal:       1048572 kB
SwapFree:        1048572 kB
Dirty:                36 kB
Writeback:             0 kB
AnonPages:        619712 kB
Mapped:           356528 kB
Shmem:              1692 kB
Slab:              54668 kB
SReclaimable:      19868 kB
SUnreclaim:        34800 kB
KernelStack:       13048 kB
PageTables:        38588 kB
NFS_Unstable:          0 kB
Bounce:                0 kB
WritebackTmp:          0 kB
CommitLimit:     2496364 kB
Committed_AS:   83707296 kB
VmallocTotal:     385024 kB
VmallocUsed:      158108 kB
VmallocChunk:      60484 kB
Time pass: 159 sec

---2015-12-09 11:18:22
MemTotal:        2895588 kB
MemFree:          109544 kB
Buffers:           11148 kB
Cached:          1275468 kB
SwapCached:            0 kB
Active:           673988 kB
Inactive:        1229356 kB
Active(anon):     311200 kB
Inactive(anon):   309972 kB
Active(file):     362788 kB
Inactive(file):   919384 kB
Unevictable:        2748 kB
Mlocked:               0 kB
HighTotal:       2306432 kB
HighFree:          38796 kB
LowTotal:         589156 kB
LowFree:           70748 kB
SwapTotal:       1048572 kB
SwapFree:        1048572 kB
Dirty:                 0 kB
Writeback:             0 kB
AnonPages:        619460 kB
Mapped:           356532 kB
Shmem:              1696 kB
Slab:              54664 kB
SReclaimable:      19868 kB
SUnreclaim:        34796 kB
KernelStack:       13048 kB
PageTables:        38588 kB
NFS_Unstable:          0 kB
Bounce:                0 kB
WritebackTmp:          0 kB
CommitLimit:     2496364 kB
Committed_AS:   83707504 kB
VmallocTotal:     385024 kB
VmallocUsed:      158108 kB
VmallocChunk:      60484 kB
Time pass: 163 sec

---2015-12-09 11:18:22
MemTotal:        2895588 kB
MemFree:          109448 kB
Buffers:           11148 kB
Cached:          1275488 kB
SwapCached:            0 kB
Active:           674180 kB
Inactive:        1229352 kB
Active(anon):     311392 kB
Inactive(anon):   309952 kB
Active(file):     362788 kB
Inactive(file):   919400 kB
Unevictable:        2748 kB
Mlocked:               0 kB
HighTotal:       2306432 kB
HighFree:          38620 kB
LowTotal:         589156 kB
LowFree:           70828 kB
SwapTotal:       1048572 kB
SwapFree:        1048572 kB
Dirty:                 0 kB
Writeback:             0 kB
AnonPages:        620260 kB
Mapped:           356540 kB
Shmem:              1700 kB
Slab:              54664 kB
SReclaimable:      19868 kB
SUnreclaim:        34796 kB
KernelStack:       13056 kB
PageTables:        38588 kB
NFS_Unstable:          0 kB
Bounce:                0 kB
WritebackTmp:          0 kB
CommitLimit:     2496364 kB
Committed_AS:   83707664 kB
VmallocTotal:     385024 kB
VmallocUsed:      158108 kB
VmallocChunk:      60484 kB
Time pass: 167 sec

---2015-12-09 11:18:22
MemTotal:        2895588 kB
MemFree:          109272 kB
Buffers:           11156 kB
Cached:          1275636 kB
SwapCached:            0 kB
Active:           674372 kB
Inactive:        1229468 kB
Active(anon):     311584 kB
Inactive(anon):   310060 kB
Active(file):     362788 kB
Inactive(file):   919408 kB
Unevictable:        2748 kB
Mlocked:               0 kB
HighTotal:       2306432 kB
HighFree:          38456 kB
LowTotal:         589156 kB
LowFree:           70816 kB
SwapTotal:       1048572 kB
SwapFree:        1048572 kB
Dirty:                28 kB
Writeback:             0 kB
AnonPages:        619884 kB
Mapped:           356636 kB
Shmem:              1848 kB
Slab:              54664 kB
SReclaimable:      19868 kB
SUnreclaim:        34796 kB
KernelStack:       13032 kB
PageTables:        38568 kB
NFS_Unstable:          0 kB
Bounce:                0 kB
WritebackTmp:          0 kB
CommitLimit:     2496364 kB
Committed_AS:   83707720 kB
VmallocTotal:     385024 kB
VmallocUsed:      158108 kB
VmallocChunk:      60484 kB
Time pass: 170 sec

---2015-12-09 11:18:22
MemTotal:        2895588 kB
MemFree:          108472 kB
Buffers:           11172 kB
Cached:          1275672 kB
SwapCached:            0 kB
Active:           674660 kB
Inactive:        1229524 kB
Active(anon):     311872 kB
Inactive(anon):   310100 kB
Active(file):     362788 kB
Inactive(file):   919424 kB
Unevictable:        2748 kB
Mlocked:               0 kB
HighTotal:       2306432 kB
HighFree:          39252 kB
LowTotal:         589156 kB
LowFree:           69220 kB
SwapTotal:       1048572 kB
SwapFree:        1048572 kB
Dirty:                 0 kB
Writeback:             0 kB
AnonPages:        620072 kB
Mapped:           356672 kB
Shmem:              1884 kB
Slab:              54664 kB
SReclaimable:      19868 kB
SUnreclaim:        34796 kB
KernelStack:       13008 kB
PageTables:        38568 kB
NFS_Unstable:          0 kB
Bounce:                0 kB
WritebackTmp:          0 kB
CommitLimit:     2496364 kB
Committed_AS:   83707952 kB
VmallocTotal:     385024 kB
VmallocUsed:      158108 kB
VmallocChunk:      60484 kB
Time pass: 174 sec

---2015-12-09 11:18:22
MemTotal:        2895588 kB
MemFree:          108616 kB
Buffers:           11180 kB
Cached:          1276232 kB
SwapCached:            0 kB
Active:           674956 kB
Inactive:        1230032 kB
Active(anon):     312168 kB
Inactive(anon):   310564 kB
Active(file):     362788 kB
Inactive(file):   919468 kB
Unevictable:        2748 kB
Mlocked:               0 kB
HighTotal:       2306432 kB
HighFree:          38136 kB
LowTotal:         589156 kB
LowFree:           70480 kB
SwapTotal:       1048572 kB
SwapFree:        1048572 kB
Dirty:                32 kB
Writeback:             0 kB
AnonPages:        620676 kB
Mapped:           357248 kB
Shmem:              2400 kB
Slab:              54664 kB
SReclaimable:      19868 kB
SUnreclaim:        34796 kB
KernelStack:       13008 kB
PageTables:        38592 kB
NFS_Unstable:          0 kB
Bounce:                0 kB
WritebackTmp:          0 kB
CommitLimit:     2496364 kB
Committed_AS:   83712644 kB
VmallocTotal:     385024 kB
VmallocUsed:      158108 kB
VmallocChunk:      60484 kB
Time pass: 178 sec

---2015-12-09 11:18:22
MemTotal:        2895588 kB
MemFree:          107400 kB
Buffers:           11196 kB
Cached:          1276232 kB
SwapCached:            0 kB
Active:           675268 kB
Inactive:        1230048 kB
Active(anon):     312480 kB
Inactive(anon):   310564 kB
Active(file):     362788 kB
Inactive(file):   919484 kB
Unevictable:        2748 kB
Mlocked:               0 kB
HighTotal:       2306432 kB
HighFree:          38136 kB
LowTotal:         589156 kB
LowFree:           69264 kB
SwapTotal:       1048572 kB
SwapFree:        1048572 kB
Dirty:                40 kB
Writeback:             0 kB
AnonPages:        620852 kB
Mapped:           357304 kB
Shmem:              2400 kB
Slab:              54664 kB
SReclaimable:      19868 kB
SUnreclaim:        34796 kB
KernelStack:       13000 kB
PageTables:        38612 kB
NFS_Unstable:          0 kB
Bounce:                0 kB
WritebackTmp:          0 kB
CommitLimit:     2496364 kB
Committed_AS:   83712724 kB
VmallocTotal:     385024 kB
VmallocUsed:      158108 kB
VmallocChunk:      60484 kB
Time pass: 181 sec

---2015-12-09 11:18:22
MemTotal:        2895588 kB
MemFree:          108716 kB
Buffers:           11204 kB
Cached:          1276232 kB
SwapCached:            0 kB
Active:           675216 kB
Inactive:        1230024 kB
Active(anon):     312444 kB
Inactive(anon):   310508 kB
Active(file):     362772 kB
Inactive(file):   919516 kB
Unevictable:        2748 kB
Mlocked:               0 kB
HighTotal:       2306432 kB
HighFree:          38136 kB
LowTotal:         589156 kB
LowFree:           70580 kB
SwapTotal:       1048572 kB
SwapFree:        1048572 kB
Dirty:                56 kB
Writeback:             0 kB
AnonPages:        620752 kB
Mapped:           357200 kB
Shmem:              2400 kB
Slab:              54664 kB
SReclaimable:      19868 kB
SUnreclaim:        34796 kB
KernelStack:       13000 kB
PageTables:        38576 kB
NFS_Unstable:          0 kB
Bounce:                0 kB
WritebackTmp:          0 kB
CommitLimit:     2496364 kB
Committed_AS:   83713012 kB
VmallocTotal:     385024 kB
VmallocUsed:      158108 kB
VmallocChunk:      60484 kB
Time pass: 185 sec

---2015-12-09 11:18:22
MemTotal:        2895588 kB
MemFree:          107592 kB
Buffers:           11220 kB
Cached:          1276232 kB
SwapCached:            0 kB
Active:           675744 kB
Inactive:        1230036 kB
Active(anon):     312972 kB
Inactive(anon):   310504 kB
Active(file):     362772 kB
Inactive(file):   919532 kB
Unevictable:        2748 kB
Mlocked:               0 kB
HighTotal:       2306432 kB
HighFree:          38880 kB
LowTotal:         589156 kB
LowFree:           68712 kB
SwapTotal:       1048572 kB
SwapFree:        1048572 kB
Dirty:                44 kB
Writeback:             0 kB
AnonPages:        621376 kB
Mapped:           357208 kB
Shmem:              2400 kB
Slab:              54664 kB
SReclaimable:      19868 kB
SUnreclaim:        34796 kB
KernelStack:       13000 kB
PageTables:        38576 kB
NFS_Unstable:          0 kB
Bounce:                0 kB
WritebackTmp:          0 kB
CommitLimit:     2496364 kB
Committed_AS:   83713092 kB
VmallocTotal:     385024 kB
VmallocUsed:      158108 kB
VmallocChunk:      60484 kB
Time pass: 188 sec

---2015-12-09 11:18:22
MemTotal:        2895588 kB
MemFree:          107584 kB
Buffers:           11220 kB
Cached:          1276232 kB
SwapCached:            0 kB
Active:           676052 kB
Inactive:        1229896 kB
Active(anon):     313280 kB
Inactive(anon):   310364 kB
Active(file):     362772 kB
Inactive(file):   919532 kB
Unevictable:        2748 kB
Mlocked:               0 kB
HighTotal:       2306432 kB
HighFree:          38136 kB
LowTotal:         589156 kB
LowFree:           69448 kB
SwapTotal:       1048572 kB
SwapFree:        1048572 kB
Dirty:                 0 kB
Writeback:             0 kB
AnonPages:        621228 kB
Mapped:           357260 kB
Shmem:              2400 kB
Slab:              54664 kB
SReclaimable:      19868 kB
SUnreclaim:        34796 kB
KernelStack:       12968 kB
PageTables:        38592 kB
NFS_Unstable:          0 kB
Bounce:                0 kB
WritebackTmp:          0 kB
CommitLimit:     2496364 kB
Committed_AS:   83713164 kB
VmallocTotal:     385024 kB
VmallocUsed:      158108 kB
VmallocChunk:      60484 kB
Time pass: 192 sec

---2015-12-09 11:18:22
MemTotal:        2895588 kB
MemFree:          107908 kB
Buffers:           11244 kB
Cached:          1276268 kB
SwapCached:            0 kB
Active:           676076 kB
Inactive:        1229940 kB
Active(anon):     313304 kB
Inactive(anon):   310356 kB
Active(file):     362772 kB
Inactive(file):   919584 kB
Unevictable:        2748 kB
Mlocked:               0 kB
HighTotal:       2306432 kB
HighFree:          38136 kB
LowTotal:         589156 kB
LowFree:           69772 kB
SwapTotal:       1048572 kB
SwapFree:        1048572 kB
Dirty:                40 kB
Writeback:             0 kB
AnonPages:        621180 kB
Mapped:           357212 kB
Shmem:              2400 kB
Slab:              54668 kB
SReclaimable:      19868 kB
SUnreclaim:        34800 kB
KernelStack:       12976 kB
PageTables:        38572 kB
NFS_Unstable:          0 kB
Bounce:                0 kB
WritebackTmp:          0 kB
CommitLimit:     2496364 kB
Committed_AS:   83713372 kB
VmallocTotal:     385024 kB
VmallocUsed:      158108 kB
VmallocChunk:      60484 kB
Time pass: 195 sec

---2015-12-09 11:18:22
MemTotal:        2895588 kB
MemFree:          107508 kB
Buffers:           11260 kB
Cached:          1276268 kB
SwapCached:            0 kB
Active:           676180 kB
Inactive:        1229944 kB
Active(anon):     313408 kB
Inactive(anon):   310336 kB
Active(file):     362772 kB
Inactive(file):   919608 kB
Unevictable:        2748 kB
Mlocked:               0 kB
HighTotal:       2306432 kB
HighFree:          38384 kB
LowTotal:         589156 kB
LowFree:           69124 kB
SwapTotal:       1048572 kB
SwapFree:        1048572 kB
Dirty:                40 kB
Writeback:             0 kB
AnonPages:        621340 kB
Mapped:           357284 kB
Shmem:              2400 kB
Slab:              54668 kB
SReclaimable:      19868 kB
SUnreclaim:        34800 kB
KernelStack:       12976 kB
PageTables:        38592 kB
NFS_Unstable:          0 kB
Bounce:                0 kB
WritebackTmp:          0 kB
CommitLimit:     2496364 kB
Committed_AS:   83713436 kB
VmallocTotal:     385024 kB
VmallocUsed:      158108 kB
VmallocChunk:      60484 kB
Time pass: 199 sec

---2015-12-09 11:18:22
MemTotal:        2895588 kB
MemFree:          106924 kB
Buffers:           11260 kB
Cached:          1276340 kB
SwapCached:            0 kB
Active:           676380 kB
Inactive:        1230000 kB
Active(anon):     313608 kB
Inactive(anon):   310392 kB
Active(file):     362772 kB
Inactive(file):   919608 kB
Unevictable:        2748 kB
Mlocked:               0 kB
HighTotal:       2306432 kB
HighFree:          38260 kB
LowTotal:         589156 kB
LowFree:           68664 kB
SwapTotal:       1048572 kB
SwapFree:        1048572 kB
Dirty:                44 kB
Writeback:             0 kB
AnonPages:        621500 kB
Mapped:           357408 kB
Shmem:              2472 kB
Slab:              54668 kB
SReclaimable:      19868 kB
SUnreclaim:        34800 kB
KernelStack:       12968 kB
PageTables:        38612 kB
NFS_Unstable:          0 kB
Bounce:                0 kB
WritebackTmp:          0 kB
CommitLimit:     2496364 kB
Committed_AS:   83713692 kB
VmallocTotal:     385024 kB
VmallocUsed:      158108 kB
VmallocChunk:      60484 kB
Time pass: 203 sec

---2015-12-09 11:18:22
MemTotal:        2895588 kB
MemFree:          107248 kB
Buffers:           11268 kB
Cached:          1276344 kB
SwapCached:            0 kB
Active:           676360 kB
Inactive:        1229988 kB
Active(anon):     313588 kB
Inactive(anon):   310372 kB
Active(file):     362772 kB
Inactive(file):   919616 kB
Unevictable:        2748 kB
Mlocked:               0 kB
HighTotal:       2306432 kB
HighFree:          37764 kB
LowTotal:         589156 kB
LowFree:           69484 kB
SwapTotal:       1048572 kB
SwapFree:        1048572 kB
Dirty:                32 kB
Writeback:             0 kB
AnonPages:        621432 kB
Mapped:           357360 kB
Shmem:              2476 kB
Slab:              54668 kB
SReclaimable:      19868 kB
SUnreclaim:        34800 kB
KernelStack:       12968 kB
PageTables:        38592 kB
NFS_Unstable:          0 kB
Bounce:                0 kB
WritebackTmp:          0 kB
CommitLimit:     2496364 kB
Committed_AS:   83713804 kB
VmallocTotal:     385024 kB
VmallocUsed:      158108 kB
VmallocChunk:      60484 kB
Time pass: 206 sec

---2015-12-09 11:18:22
MemTotal:        2895588 kB
MemFree:          106552 kB
Buffers:           11284 kB
Cached:          1276392 kB
SwapCached:            0 kB
Active:           676876 kB
Inactive:        1230032 kB
Active(anon):     314104 kB
Inactive(anon):   310400 kB
Active(file):     362772 kB
Inactive(file):   919632 kB
Unevictable:        2748 kB
Mlocked:               0 kB
HighTotal:       2306432 kB
HighFree:          38384 kB
LowTotal:         589156 kB
LowFree:           68168 kB
SwapTotal:       1048572 kB
SwapFree:        1048572 kB
Dirty:                 0 kB
Writeback:             0 kB
AnonPages:        621948 kB
Mapped:           357408 kB
Shmem:              2524 kB
Slab:              54668 kB
SReclaimable:      19868 kB
SUnreclaim:        34800 kB
KernelStack:       12936 kB
PageTables:        38592 kB
NFS_Unstable:          0 kB
Bounce:                0 kB
WritebackTmp:          0 kB
CommitLimit:     2496364 kB
Committed_AS:   83713868 kB
VmallocTotal:     385024 kB
VmallocUsed:      158108 kB
VmallocChunk:      60484 kB
Time pass: 210 sec

---2015-12-09 11:18:22
MemTotal:        2895588 kB
MemFree:          105500 kB
Buffers:           11292 kB
Cached:          1276392 kB
SwapCached:            0 kB
Active:           677140 kB
Inactive:        1230000 kB
Active(anon):     314368 kB
Inactive(anon):   310360 kB
Active(file):     362772 kB
Inactive(file):   919640 kB
Unevictable:        2748 kB
Mlocked:               0 kB
HighTotal:       2306432 kB
HighFree:          38260 kB
LowTotal:         589156 kB
LowFree:           67240 kB
SwapTotal:       1048572 kB
SwapFree:        1048572 kB
Dirty:                28 kB
Writeback:             0 kB
AnonPages:        622280 kB
Mapped:           357460 kB
Shmem:              2524 kB
Slab:              54668 kB
SReclaimable:      19868 kB
SUnreclaim:        34800 kB
KernelStack:       12936 kB
PageTables:        38612 kB
NFS_Unstable:          0 kB
Bounce:                0 kB
WritebackTmp:          0 kB
CommitLimit:     2496364 kB
Committed_AS:   83714060 kB
VmallocTotal:     385024 kB
VmallocUsed:      158108 kB
VmallocChunk:      60484 kB
Time pass: 213 sec

---2015-12-09 11:18:22
MemTotal:        2895588 kB
MemFree:          105756 kB
Buffers:           11308 kB
Cached:          1276412 kB
SwapCached:            0 kB
Active:           676832 kB
Inactive:        1230016 kB
Active(anon):     314060 kB
Inactive(anon):   310360 kB
Active(file):     362772 kB
Inactive(file):   919656 kB
Unevictable:        2748 kB
Mlocked:               0 kB
HighTotal:       2306432 kB
HighFree:          38952 kB
LowTotal:         589156 kB
LowFree:           66804 kB
SwapTotal:       1048572 kB
SwapFree:        1048572 kB
Dirty:                44 kB
Writeback:             0 kB
AnonPages:        622068 kB
Mapped:           357428 kB
Shmem:              2544 kB
Slab:              54664 kB
SReclaimable:      19868 kB
SUnreclaim:        34796 kB
KernelStack:       12936 kB
PageTables:        38596 kB
NFS_Unstable:          0 kB
Bounce:                0 kB
WritebackTmp:          0 kB
CommitLimit:     2496364 kB
Committed_AS:   83714252 kB
VmallocTotal:     385024 kB
VmallocUsed:      158108 kB
VmallocChunk:      60484 kB
Time pass: 217 sec

---2015-12-09 11:18:22
MemTotal:        2895588 kB
MemFree:          105596 kB
Buffers:           11324 kB
Cached:          1276412 kB
SwapCached:            0 kB
Active:           677672 kB
Inactive:        1230044 kB
Active(anon):     314900 kB
Inactive(anon):   310380 kB
Active(file):     362772 kB
Inactive(file):   919664 kB
Unevictable:        2748 kB
Mlocked:               0 kB
HighTotal:       2306432 kB
HighFree:          38032 kB
LowTotal:         589156 kB
LowFree:           67564 kB
SwapTotal:       1048572 kB
SwapFree:        1048572 kB
Dirty:                40 kB
Writeback:             0 kB
AnonPages:        622952 kB
Mapped:           357480 kB
Shmem:              2544 kB
Slab:              54664 kB
SReclaimable:      19868 kB
SUnreclaim:        34796 kB
KernelStack:       12936 kB
PageTables:        38616 kB
NFS_Unstable:          0 kB
Bounce:                0 kB
WritebackTmp:          0 kB
CommitLimit:     2496364 kB
Committed_AS:   83714308 kB
VmallocTotal:     385024 kB
VmallocUsed:      158108 kB
VmallocChunk:      60484 kB
Time pass: 221 sec

---2015-12-09 11:18:22
MemTotal:        2895588 kB
MemFree:          105612 kB
Buffers:           11324 kB
Cached:          1276412 kB
SwapCached:            0 kB
Active:           678044 kB
Inactive:        1230052 kB
Active(anon):     315272 kB
Inactive(anon):   310380 kB
Active(file):     362772 kB
Inactive(file):   919672 kB
Unevictable:        2748 kB
Mlocked:               0 kB
HighTotal:       2306432 kB
HighFree:          38776 kB
LowTotal:         589156 kB
LowFree:           66836 kB
SwapTotal:       1048572 kB
SwapFree:        1048572 kB
Dirty:                 0 kB
Writeback:             0 kB
AnonPages:        623260 kB
Mapped:           357480 kB
Shmem:              2544 kB
Slab:              54664 kB
SReclaimable:      19868 kB
SUnreclaim:        34796 kB
KernelStack:       12936 kB
PageTables:        38616 kB
NFS_Unstable:          0 kB
Bounce:                0 kB
WritebackTmp:          0 kB
CommitLimit:     2496364 kB
Committed_AS:   83714380 kB
VmallocTotal:     385024 kB
VmallocUsed:      158108 kB
VmallocChunk:      60484 kB
Time pass: 224 sec

---2015-12-09 11:18:22
MemTotal:        2895588 kB
MemFree:          103896 kB
Buffers:           11356 kB
Cached:          1276812 kB
SwapCached:            0 kB
Active:           678388 kB
Inactive:        1230480 kB
Active(anon):     315616 kB
Inactive(anon):   310376 kB
Active(file):     362772 kB
Inactive(file):   920104 kB
Unevictable:        2748 kB
Mlocked:               0 kB
HighTotal:       2306432 kB
HighFree:          38260 kB
LowTotal:         589156 kB
LowFree:           65636 kB
SwapTotal:       1048572 kB
SwapFree:        1048572 kB
Dirty:                64 kB
Writeback:             0 kB
AnonPages:        623432 kB
Mapped:           357440 kB
Shmem:              2544 kB
Slab:              54664 kB
SReclaimable:      19868 kB
SUnreclaim:        34796 kB
KernelStack:       12944 kB
PageTables:        38596 kB
NFS_Unstable:          0 kB
Bounce:                0 kB
WritebackTmp:          0 kB
CommitLimit:     2496364 kB
Committed_AS:   83715084 kB
VmallocTotal:     385024 kB
VmallocUsed:      158108 kB
VmallocChunk:      60484 kB
Time pass: 228 sec

---2015-12-09 11:18:22
MemTotal:        2895588 kB
MemFree:          104064 kB
Buffers:           11356 kB
Cached:          1276812 kB
SwapCached:            0 kB
Active:           677876 kB
Inactive:        1230444 kB
Active(anon):     315104 kB
Inactive(anon):   310340 kB
Active(file):     362772 kB
Inactive(file):   920104 kB
Unevictable:        2748 kB
Mlocked:               0 kB
HighTotal:       2306432 kB
HighFree:          38332 kB
LowTotal:         589156 kB
LowFree:           65732 kB
SwapTotal:       1048572 kB
SwapFree:        1048572 kB
Dirty:                 0 kB
Writeback:             0 kB
AnonPages:        623168 kB
Mapped:           357388 kB
Shmem:              2544 kB
Slab:              54672 kB
SReclaimable:      19868 kB
SUnreclaim:        34804 kB
KernelStack:       12928 kB
PageTables:        38576 kB
NFS_Unstable:          0 kB
Bounce:                0 kB
WritebackTmp:          0 kB
CommitLimit:     2496364 kB
Committed_AS:   83715188 kB
VmallocTotal:     385024 kB
VmallocUsed:      158108 kB
VmallocChunk:      60484 kB
Time pass: 232 sec

---2015-12-09 11:18:22
MemTotal:        2895588 kB
MemFree:          104072 kB
Buffers:           11380 kB
Cached:          1276812 kB
SwapCached:            0 kB
Active:           678320 kB
Inactive:        1230460 kB
Active(anon):     315548 kB
Inactive(anon):   310332 kB
Active(file):     362772 kB
Inactive(file):   920128 kB
Unevictable:        2748 kB
Mlocked:               0 kB
HighTotal:       2306432 kB
HighFree:          38652 kB
LowTotal:         589156 kB
LowFree:           65420 kB
SwapTotal:       1048572 kB
SwapFree:        1048572 kB
Dirty:                60 kB
Writeback:             0 kB
AnonPages:        623948 kB
Mapped:           357440 kB
Shmem:              2544 kB
Slab:              54616 kB
SReclaimable:      19820 kB
SUnreclaim:        34796 kB
KernelStack:       12952 kB
PageTables:        38596 kB
NFS_Unstable:          0 kB
Bounce:                0 kB
WritebackTmp:          0 kB
CommitLimit:     2496364 kB
Committed_AS:   83715380 kB
VmallocTotal:     385024 kB
VmallocUsed:      158108 kB
VmallocChunk:      60484 kB
Time pass: 235 sec

---2015-12-09 11:18:22
MemTotal:        2895588 kB
MemFree:          104208 kB
Buffers:           11380 kB
Cached:          1276812 kB
SwapCached:            0 kB
Active:           679188 kB
Inactive:        1230460 kB
Active(anon):     316416 kB
Inactive(anon):   310332 kB
Active(file):     362772 kB
Inactive(file):   920128 kB
Unevictable:        2748 kB
Mlocked:               0 kB
HighTotal:       2306432 kB
HighFree:          39344 kB
LowTotal:         589156 kB
LowFree:           64864 kB
SwapTotal:       1048572 kB
SwapFree:        1048572 kB
Dirty:                 0 kB
Writeback:             0 kB
AnonPages:        624760 kB
Mapped:           357440 kB
Shmem:              2544 kB
Slab:              54616 kB
SReclaimable:      19820 kB
SUnreclaim:        34796 kB
KernelStack:       12952 kB
PageTables:        38596 kB
NFS_Unstable:          0 kB
Bounce:                0 kB
WritebackTmp:          0 kB
CommitLimit:     2496364 kB
Committed_AS:   83715548 kB
VmallocTotal:     385024 kB
VmallocUsed:      158108 kB
VmallocChunk:      60484 kB
Time pass: 239 sec

---2015-12-09 11:18:22
MemTotal:        2895588 kB
MemFree:          102976 kB
Buffers:           11388 kB
Cached:          1276812 kB
SwapCached:            0 kB
Active:           678984 kB
Inactive:        1230460 kB
Active(anon):     316212 kB
Inactive(anon):   310324 kB
Active(file):     362772 kB
Inactive(file):   920136 kB
Unevictable:        2748 kB
Mlocked:               0 kB
HighTotal:       2306432 kB
HighFree:          37908 kB
LowTotal:         589156 kB
LowFree:           65068 kB
SwapTotal:       1048572 kB
SwapFree:        1048572 kB
Dirty:                28 kB
Writeback:             0 kB
AnonPages:        624344 kB
Mapped:           357440 kB
Shmem:              2544 kB
Slab:              54616 kB
SReclaimable:      19820 kB
SUnreclaim:        34796 kB
KernelStack:       12944 kB
PageTables:        38596 kB
NFS_Unstable:          0 kB
Bounce:                0 kB
WritebackTmp:          0 kB
CommitLimit:     2496364 kB
Committed_AS:   83715836 kB
VmallocTotal:     385024 kB
VmallocUsed:      158108 kB
VmallocChunk:      60484 kB
Time pass: 243 sec

---2015-12-09 11:18:22
MemTotal:        2895588 kB
MemFree:          102704 kB
Buffers:           11404 kB
Cached:          1276812 kB
SwapCached:            0 kB
Active:           679176 kB
Inactive:        1230472 kB
Active(anon):     316404 kB
Inactive(anon):   310320 kB
Active(file):     362772 kB
Inactive(file):   920152 kB
Unevictable:        2748 kB
Mlocked:               0 kB
HighTotal:       2306432 kB
HighFree:          38136 kB
LowTotal:         589156 kB
LowFree:           64568 kB
SwapTotal:       1048572 kB
SwapFree:        1048572 kB
Dirty:                 4 kB
Writeback:             0 kB
AnonPages:        624296 kB
Mapped:           357440 kB
Shmem:              2544 kB
Slab:              54616 kB
SReclaimable:      19820 kB
SUnreclaim:        34796 kB
KernelStack:       12944 kB
PageTables:        38596 kB
NFS_Unstable:          0 kB
Bounce:                0 kB
WritebackTmp:          0 kB
CommitLimit:     2496364 kB
Committed_AS:   83715900 kB
VmallocTotal:     385024 kB
VmallocUsed:      158108 kB
VmallocChunk:      60484 kB
Time pass: 246 sec

---2015-12-09 11:18:22
MemTotal:        2895588 kB
MemFree:          101996 kB
Buffers:           11412 kB
Cached:          1276812 kB
SwapCached:            0 kB
Active:           679556 kB
Inactive:        1230480 kB
Active(anon):     316784 kB
Inactive(anon):   310320 kB
Active(file):     362772 kB
Inactive(file):   920160 kB
Unevictable:        2748 kB
Mlocked:               0 kB
HighTotal:       2306432 kB
HighFree:          38136 kB
LowTotal:         589156 kB
LowFree:           63860 kB
SwapTotal:       1048572 kB
SwapFree:        1048572 kB
Dirty:                36 kB
Writeback:             0 kB
AnonPages:        624528 kB
Mapped:           357492 kB
Shmem:              2544 kB
Slab:              54616 kB
SReclaimable:      19820 kB
SUnreclaim:        34796 kB
KernelStack:       12944 kB
PageTables:        38616 kB
NFS_Unstable:          0 kB
Bounce:                0 kB
WritebackTmp:          0 kB
CommitLimit:     2496364 kB
Committed_AS:   83715948 kB
VmallocTotal:     385024 kB
VmallocUsed:      158108 kB
VmallocChunk:      60484 kB
Time pass: 250 sec

---2015-12-09 11:18:22
MemTotal:        2895588 kB
MemFree:          102548 kB
Buffers:           11428 kB
Cached:          1276812 kB
SwapCached:            0 kB
Active:           680148 kB
Inactive:        1230488 kB
Active(anon):     317376 kB
Inactive(anon):   310320 kB
Active(file):     362772 kB
Inactive(file):   920168 kB
Unevictable:        2748 kB
Mlocked:               0 kB
HighTotal:       2306432 kB
HighFree:          39128 kB
LowTotal:         589156 kB
LowFree:           63420 kB
SwapTotal:       1048572 kB
SwapFree:        1048572 kB
Dirty:                40 kB
Writeback:             0 kB
AnonPages:        625012 kB
Mapped:           357492 kB
Shmem:              2544 kB
Slab:              54616 kB
SReclaimable:      19820 kB
SUnreclaim:        34796 kB
KernelStack:       12944 kB
PageTables:        38616 kB
NFS_Unstable:          0 kB
Bounce:                0 kB
WritebackTmp:          0 kB
CommitLimit:     2496364 kB
Committed_AS:   83716332 kB
VmallocTotal:     385024 kB
VmallocUsed:      158108 kB
VmallocChunk:      60484 kB
Time pass: 253 sec

---2015-12-09 11:18:22
MemTotal:        2895588 kB
MemFree:          102172 kB
Buffers:           11428 kB
Cached:          1276812 kB
SwapCached:            0 kB
Active:           680656 kB
Inactive:        1230496 kB
Active(anon):     317884 kB
Inactive(anon):   310320 kB
Active(file):     362772 kB
Inactive(file):   920176 kB
Unevictable:        2748 kB
Mlocked:               0 kB
HighTotal:       2306432 kB
HighFree:          38084 kB
LowTotal:         589156 kB
LowFree:           64088 kB
SwapTotal:       1048572 kB
SwapFree:        1048572 kB
Dirty:                40 kB
Writeback:             0 kB
AnonPages:        625732 kB
Mapped:           357544 kB
Shmem:              2544 kB
Slab:              54616 kB
SReclaimable:      19820 kB
SUnreclaim:        34796 kB
KernelStack:       12944 kB
PageTables:        38640 kB
NFS_Unstable:          0 kB
Bounce:                0 kB
WritebackTmp:          0 kB
CommitLimit:     2496364 kB
Committed_AS:   83716396 kB
VmallocTotal:     385024 kB
VmallocUsed:      158108 kB
VmallocChunk:      60484 kB
Time pass: 257 sec

---2015-12-09 11:18:22
MemTotal:        2895588 kB
MemFree:          101424 kB
Buffers:           11452 kB
Cached:          1276812 kB
SwapCached:            0 kB
Active:           680632 kB
Inactive:        1230508 kB
Active(anon):     317860 kB
Inactive(anon):   310308 kB
Active(file):     362772 kB
Inactive(file):   920200 kB
Unevictable:        2748 kB
Mlocked:               0 kB
HighTotal:       2306432 kB
HighFree:          38208 kB
LowTotal:         589156 kB
LowFree:           63216 kB
SwapTotal:       1048572 kB
SwapFree:        1048572 kB
Dirty:                40 kB
Writeback:             0 kB
AnonPages:        625684 kB
Mapped:           357492 kB
Shmem:              2544 kB
Slab:              54624 kB
SReclaimable:      19820 kB
SUnreclaim:        34804 kB
KernelStack:       12944 kB
PageTables:        38620 kB
NFS_Unstable:          0 kB
Bounce:                0 kB
WritebackTmp:          0 kB
CommitLimit:     2496364 kB
Committed_AS:   83716484 kB
VmallocTotal:     385024 kB
VmallocUsed:      158108 kB
VmallocChunk:      60484 kB
Time pass: 260 sec

---2015-12-09 11:18:22
MemTotal:        2895588 kB
MemFree:          102220 kB
Buffers:           11468 kB
Cached:          1276976 kB
SwapCached:            0 kB
Active:           680388 kB
Inactive:        1230684 kB
Active(anon):     317616 kB
Inactive(anon):   310304 kB
Active(file):     362772 kB
Inactive(file):   920380 kB
Unevictable:        2748 kB
Mlocked:               0 kB
HighTotal:       2306432 kB
HighFree:          37784 kB
LowTotal:         589156 kB
LowFree:           64436 kB
SwapTotal:       1048572 kB
SwapFree:        1048572 kB
Dirty:                40 kB
Writeback:             0 kB
AnonPages:        625084 kB
Mapped:           357444 kB
Shmem:              2544 kB
Slab:              54628 kB
SReclaimable:      19820 kB
SUnreclaim:        34808 kB
KernelStack:       12944 kB
PageTables:        38600 kB
NFS_Unstable:          0 kB
Bounce:                0 kB
WritebackTmp:          0 kB
CommitLimit:     2496364 kB
Committed_AS:   83711080 kB
VmallocTotal:     385024 kB
VmallocUsed:      158108 kB
VmallocChunk:      60484 kB
Time pass: 264 sec

---2015-12-09 11:18:22
MemTotal:        2895588 kB
MemFree:          106604 kB
Buffers:           11468 kB
Cached:          1276976 kB
SwapCached:            0 kB
Active:           675224 kB
Inactive:        1230684 kB
Active(anon):     312452 kB
Inactive(anon):   310304 kB
Active(file):     362772 kB
Inactive(file):   920380 kB
Unevictable:        2748 kB
Mlocked:               0 kB
HighTotal:       2306432 kB
HighFree:          38156 kB
LowTotal:         589156 kB
LowFree:           68448 kB
SwapTotal:       1048572 kB
SwapFree:        1048572 kB
Dirty:                40 kB
Writeback:             0 kB
AnonPages:        620228 kB
Mapped:           357444 kB
Shmem:              2544 kB
Slab:              54616 kB
SReclaimable:      19820 kB
SUnreclaim:        34796 kB
KernelStack:       12952 kB
PageTables:        38600 kB
NFS_Unstable:          0 kB
Bounce:                0 kB
WritebackTmp:          0 kB
CommitLimit:     2496364 kB
Committed_AS:   83711228 kB
VmallocTotal:     385024 kB
VmallocUsed:      158108 kB
VmallocChunk:      60484 kB
Time pass: 267 sec

---2015-12-09 11:18:22
MemTotal:        2895588 kB
MemFree:          106852 kB
Buffers:           11492 kB
Cached:          1276976 kB
SwapCached:            0 kB
Active:           676220 kB
Inactive:        1230700 kB
Active(anon):     313448 kB
Inactive(anon):   310304 kB
Active(file):     362772 kB
Inactive(file):   920396 kB
Unevictable:        2748 kB
Mlocked:               0 kB
HighTotal:       2306432 kB
HighFree:          38496 kB
LowTotal:         589156 kB
LowFree:           68356 kB
SwapTotal:       1048572 kB
SwapFree:        1048572 kB
Dirty:                40 kB
Writeback:             0 kB
AnonPages:        620860 kB
Mapped:           357496 kB
Shmem:              2544 kB
Slab:              54612 kB
SReclaimable:      19820 kB
SUnreclaim:        34792 kB
KernelStack:       12952 kB
PageTables:        38620 kB
NFS_Unstable:          0 kB
Bounce:                0 kB
WritebackTmp:          0 kB
CommitLimit:     2496364 kB
Committed_AS:   83711300 kB
VmallocTotal:     385024 kB
VmallocUsed:      158108 kB
VmallocChunk:      60484 kB
Time pass: 271 sec

---2015-12-09 11:18:22
MemTotal:        2895588 kB
MemFree:          106344 kB
Buffers:           11492 kB
Cached:          1276976 kB
SwapCached:            0 kB
Active:           675880 kB
Inactive:        1230708 kB
Active(anon):     313108 kB
Inactive(anon):   310304 kB
Active(file):     362772 kB
Inactive(file):   920404 kB
Unevictable:        2748 kB
Mlocked:               0 kB
HighTotal:       2306432 kB
HighFree:          38012 kB
LowTotal:         589156 kB
LowFree:           68332 kB
SwapTotal:       1048572 kB
SwapFree:        1048572 kB
Dirty:                 0 kB
Writeback:             0 kB
AnonPages:        620964 kB
Mapped:           357392 kB
Shmem:              2544 kB
Slab:              54608 kB
SReclaimable:      19820 kB
SUnreclaim:        34788 kB
KernelStack:       12944 kB
PageTables:        38580 kB
NFS_Unstable:          0 kB
Bounce:                0 kB
WritebackTmp:          0 kB
CommitLimit:     2496364 kB
Committed_AS:   83711460 kB
VmallocTotal:     385024 kB
VmallocUsed:      158108 kB
VmallocChunk:      60484 kB
Time pass: 274 sec

---2015-12-09 11:18:22
MemTotal:        2895588 kB
MemFree:          105652 kB
Buffers:           11500 kB
Cached:          1276976 kB
SwapCached:            0 kB
Active:           675932 kB
Inactive:        1230716 kB
Active(anon):     313160 kB
Inactive(anon):   310304 kB
Active(file):     362772 kB
Inactive(file):   920412 kB
Unevictable:        2748 kB
Mlocked:               0 kB
HighTotal:       2306432 kB
HighFree:          38012 kB
LowTotal:         589156 kB
LowFree:           67640 kB
SwapTotal:       1048572 kB
SwapFree:        1048572 kB
Dirty:                28 kB
Writeback:             0 kB
AnonPages:        620884 kB
Mapped:           357444 kB
Shmem:              2544 kB
Slab:              54608 kB
SReclaimable:      19820 kB
SUnreclaim:        34788 kB
KernelStack:       12944 kB
PageTables:        38600 kB
NFS_Unstable:          0 kB
Bounce:                0 kB
WritebackTmp:          0 kB
CommitLimit:     2496364 kB
Committed_AS:   83711596 kB
VmallocTotal:     385024 kB
VmallocUsed:      158108 kB
VmallocChunk:      60484 kB
Time pass: 278 sec

---2015-12-09 11:18:22
MemTotal:        2895588 kB
MemFree:          105168 kB
Buffers:           11516 kB
Cached:          1276976 kB
SwapCached:            0 kB
Active:           676244 kB
Inactive:        1230732 kB
Active(anon):     313472 kB
Inactive(anon):   310304 kB
Active(file):     362772 kB
Inactive(file):   920428 kB
Unevictable:        2748 kB
Mlocked:               0 kB
HighTotal:       2306432 kB
HighFree:          38012 kB
LowTotal:         589156 kB
LowFree:           67156 kB
SwapTotal:       1048572 kB
SwapFree:        1048572 kB
Dirty:                40 kB
Writeback:             0 kB
AnonPages:        621072 kB
Mapped:           357496 kB
Shmem:              2544 kB
Slab:              54608 kB
SReclaimable:      19820 kB
SUnreclaim:        34788 kB
KernelStack:       12944 kB
PageTables:        38620 kB
NFS_Unstable:          0 kB
Bounce:                0 kB
WritebackTmp:          0 kB
CommitLimit:     2496364 kB
Committed_AS:   83711708 kB
VmallocTotal:     385024 kB
VmallocUsed:      158108 kB
VmallocChunk:      60484 kB
Time pass: 281 sec

---2015-12-09 11:18:22
MemTotal:        2895588 kB
MemFree:          104616 kB
Buffers:           11524 kB
Cached:          1276976 kB
SwapCached:            0 kB
Active:           676272 kB
Inactive:        1230732 kB
Active(anon):     313500 kB
Inactive(anon):   310304 kB
Active(file):     362772 kB
Inactive(file):   920428 kB
Unevictable:        2748 kB
Mlocked:               0 kB
HighTotal:       2306432 kB
HighFree:          38012 kB
LowTotal:         589156 kB
LowFree:           66604 kB
SwapTotal:       1048572 kB
SwapFree:        1048572 kB
Dirty:                28 kB
Writeback:             0 kB
AnonPages:        621212 kB
Mapped:           357444 kB
Shmem:              2544 kB
Slab:              54604 kB
SReclaimable:      19820 kB
SUnreclaim:        34784 kB
KernelStack:       12944 kB
PageTables:        38600 kB
NFS_Unstable:          0 kB
Bounce:                0 kB
WritebackTmp:          0 kB
CommitLimit:     2496364 kB
Committed_AS:   83711936 kB
VmallocTotal:     385024 kB
VmallocUsed:      158108 kB
VmallocChunk:      60484 kB
Time pass: 285 sec

---2015-12-09 11:18:22
MemTotal:        2895588 kB
MemFree:          105932 kB
Buffers:           11540 kB
Cached:          1276976 kB
SwapCached:            0 kB
Active:           676444 kB
Inactive:        1230756 kB
Active(anon):     313672 kB
Inactive(anon):   310304 kB
Active(file):     362772 kB
Inactive(file):   920452 kB
Unevictable:        2748 kB
Mlocked:               0 kB
HighTotal:       2306432 kB
HighFree:          39252 kB
LowTotal:         589156 kB
LowFree:           66680 kB
SwapTotal:       1048572 kB
SwapFree:        1048572 kB
Dirty:                40 kB
Writeback:             0 kB
AnonPages:        621552 kB
Mapped:           357444 kB
Shmem:              2544 kB
Slab:              54604 kB
SReclaimable:      19820 kB
SUnreclaim:        34784 kB
KernelStack:       12936 kB
PageTables:        38600 kB
NFS_Unstable:          0 kB
Bounce:                0 kB
WritebackTmp:          0 kB
CommitLimit:     2496364 kB
Committed_AS:   83712052 kB
VmallocTotal:     385024 kB
VmallocUsed:      158108 kB
VmallocChunk:      60484 kB
Time pass: 289 sec

---2015-12-09 11:18:22
MemTotal:        2895588 kB
MemFree:          104076 kB
Buffers:           11556 kB
Cached:          1276976 kB
SwapCached:            0 kB
Active:           678516 kB
Inactive:        1230772 kB
Active(anon):     315744 kB
Inactive(anon):   310304 kB
Active(file):     362772 kB
Inactive(file):   920468 kB
Unevictable:        2748 kB
Mlocked:               0 kB
HighTotal:       2306432 kB
HighFree:          37960 kB
LowTotal:         589156 kB
LowFree:           66116 kB
SwapTotal:       1048572 kB
SwapFree:        1048572 kB
Dirty:                40 kB
Writeback:             0 kB
AnonPages:        623644 kB
Mapped:           357496 kB
Shmem:              2544 kB
Slab:              54604 kB
SReclaimable:      19820 kB
SUnreclaim:        34784 kB
KernelStack:       12936 kB
PageTables:        38632 kB
NFS_Unstable:          0 kB
Bounce:                0 kB
WritebackTmp:          0 kB
CommitLimit:     2496364 kB
Committed_AS:   83716212 kB
VmallocTotal:     385024 kB
VmallocUsed:      158108 kB
VmallocChunk:      60484 kB
Time pass: 292 sec

---2015-12-09 11:18:22
MemTotal:        2895588 kB
MemFree:          104484 kB
Buffers:           11556 kB
Cached:          1276976 kB
SwapCached:            0 kB
Active:           678756 kB
Inactive:        1230772 kB
Active(anon):     315984 kB
Inactive(anon):   310304 kB
Active(file):     362772 kB
Inactive(file):   920468 kB
Unevictable:        2748 kB
Mlocked:               0 kB
HighTotal:       2306432 kB
HighFree:          38012 kB
LowTotal:         589156 kB
LowFree:           66472 kB
SwapTotal:       1048572 kB
SwapFree:        1048572 kB
Dirty:                40 kB
Writeback:             0 kB
AnonPages:        623920 kB
Mapped:           357392 kB
Shmem:              2544 kB
Slab:              54616 kB
SReclaimable:      19820 kB
SUnreclaim:        34796 kB
KernelStack:       12936 kB
PageTables:        38592 kB
NFS_Unstable:          0 kB
Bounce:                0 kB
WritebackTmp:          0 kB
CommitLimit:     2496364 kB
Committed_AS:   83716508 kB
VmallocTotal:     385024 kB
VmallocUsed:      158108 kB
VmallocChunk:      60484 kB
Time pass: 296 sec

---2015-12-09 11:18:22
MemTotal:        2895588 kB
MemFree:          103924 kB
Buffers:           11580 kB
Cached:          1276976 kB
SwapCached:            0 kB
Active:           678652 kB
Inactive:        1230788 kB
Active(anon):     315880 kB
Inactive(anon):   310304 kB
Active(file):     362772 kB
Inactive(file):   920484 kB
Unevictable:        2748 kB
Mlocked:               0 kB
HighTotal:       2306432 kB
HighFree:          38012 kB
LowTotal:         589156 kB
LowFree:           65912 kB
SwapTotal:       1048572 kB
SwapFree:        1048572 kB
Dirty:                40 kB
Writeback:             0 kB
AnonPages:        623816 kB
Mapped:           357444 kB
Shmem:              2544 kB
Slab:              54628 kB
SReclaimable:      19820 kB
SUnreclaim:        34808 kB
KernelStack:       12944 kB
PageTables:        38612 kB
NFS_Unstable:          0 kB
Bounce:                0 kB
WritebackTmp:          0 kB
CommitLimit:     2496364 kB
Committed_AS:   83716596 kB
VmallocTotal:     385024 kB
VmallocUsed:      158108 kB
VmallocChunk:      60484 kB
Time pass: 299 sec

---2015-12-09 11:18:22
MemTotal:        2895588 kB
MemFree:          103672 kB
Buffers:           11596 kB
Cached:          1276960 kB
SwapCached:            0 kB
Active:           679396 kB
Inactive:        1230796 kB
Active(anon):     316624 kB
Inactive(anon):   310304 kB
Active(file):     362772 kB
Inactive(file):   920492 kB
Unevictable:        2748 kB
Mlocked:               0 kB
HighTotal:       2306432 kB
HighFree:          37888 kB
LowTotal:         589156 kB
LowFree:           65784 kB
SwapTotal:       1048572 kB
SwapFree:        1048572 kB
Dirty:                 0 kB
Writeback:             0 kB
AnonPages:        624516 kB
Mapped:           357496 kB
Shmem:              2544 kB
Slab:              54628 kB
SReclaimable:      19820 kB
SUnreclaim:        34808 kB
KernelStack:       12952 kB
PageTables:        38632 kB
NFS_Unstable:          0 kB
Bounce:                0 kB
WritebackTmp:          0 kB
CommitLimit:     2496364 kB
Committed_AS:   83716884 kB
VmallocTotal:     385024 kB
VmallocUsed:      158108 kB
VmallocChunk:      60484 kB
Time pass: 303 sec

---2015-12-09 11:18:22
MemTotal:        2895588 kB
MemFree:          104632 kB
Buffers:           11596 kB
Cached:          1276976 kB
SwapCached:            0 kB
Active:           679388 kB
Inactive:        1230812 kB
Active(anon):     316616 kB
Inactive(anon):   310304 kB
Active(file):     362772 kB
Inactive(file):   920508 kB
Unevictable:        2748 kB
Mlocked:               0 kB
HighTotal:       2306432 kB
HighFree:          37888 kB
LowTotal:         589156 kB
LowFree:           66744 kB
SwapTotal:       1048572 kB
SwapFree:        1048572 kB
Dirty:                40 kB
Writeback:             0 kB
AnonPages:        624136 kB
Mapped:           357444 kB
Shmem:              2544 kB
Slab:              54604 kB
SReclaimable:      19820 kB
SUnreclaim:        34784 kB
KernelStack:       12944 kB
PageTables:        38612 kB
NFS_Unstable:          0 kB
Bounce:                0 kB
WritebackTmp:          0 kB
CommitLimit:     2496364 kB
Committed_AS:   83716908 kB
VmallocTotal:     385024 kB
VmallocUsed:      158108 kB
VmallocChunk:      60484 kB
Time pass: 307 sec

---2015-12-09 11:18:22
MemTotal:        2895588 kB
MemFree:          103508 kB
Buffers:           11604 kB
Cached:          1276976 kB
SwapCached:            0 kB
Active:           678480 kB
Inactive:        1230812 kB
Active(anon):     315708 kB
Inactive(anon):   310304 kB
Active(file):     362772 kB
Inactive(file):   920508 kB
Unevictable:        2748 kB
Mlocked:               0 kB
HighTotal:       2306432 kB
HighFree:          37888 kB
LowTotal:         589156 kB
LowFree:           65620 kB
SwapTotal:       1048572 kB
SwapFree:        1048572 kB
Dirty:                28 kB
Writeback:             0 kB
AnonPages:        623556 kB
Mapped:           357496 kB
Shmem:              2544 kB
Slab:              54604 kB
SReclaimable:      19820 kB
SUnreclaim:        34784 kB
KernelStack:       12936 kB
PageTables:        38632 kB
NFS_Unstable:          0 kB
Bounce:                0 kB
WritebackTmp:          0 kB
CommitLimit:     2496364 kB
Committed_AS:   83717044 kB
VmallocTotal:     385024 kB
VmallocUsed:      158108 kB
VmallocChunk:      60484 kB
Time pass: 310 sec

---2015-12-09 11:18:22
MemTotal:        2895588 kB
MemFree:          101328 kB
Buffers:           11620 kB
Cached:          1277172 kB
SwapCached:            0 kB
Active:           680684 kB
Inactive:        1230968 kB
Active(anon):     317912 kB
Inactive(anon):   310304 kB
Active(file):     362772 kB
Inactive(file):   920664 kB
Unevictable:        2748 kB
Mlocked:               0 kB
HighTotal:       2306432 kB
HighFree:          37888 kB
LowTotal:         589156 kB
LowFree:           63440 kB
SwapTotal:       1048572 kB
SwapFree:        1048572 kB
Dirty:                40 kB
Writeback:             0 kB
AnonPages:        625164 kB
Mapped:           357496 kB
Shmem:              2544 kB
Slab:              54604 kB
SReclaimable:      19820 kB
SUnreclaim:        34784 kB
KernelStack:       12936 kB
PageTables:        38828 kB
NFS_Unstable:          0 kB
Bounce:                0 kB
WritebackTmp:          0 kB
CommitLimit:     2496364 kB
Committed_AS:   84961416 kB
VmallocTotal:     385024 kB
VmallocUsed:      158108 kB
VmallocChunk:      60484 kB
Time pass: 314 sec

---2015-12-09 11:18:22
MemTotal:        2895588 kB
MemFree:           98588 kB
Buffers:           11644 kB
Cached:          1277744 kB
SwapCached:            0 kB
Active:           682500 kB
Inactive:        1231620 kB
Active(anon):     319728 kB
Inactive(anon):   310368 kB
Active(file):     362772 kB
Inactive(file):   921252 kB
Unevictable:        2748 kB
Mlocked:               0 kB
HighTotal:       2306432 kB
HighFree:          37888 kB
LowTotal:         589156 kB
LowFree:           60700 kB
SwapTotal:       1048572 kB
SwapFree:        1048572 kB
Dirty:                84 kB
Writeback:             0 kB
AnonPages:        627456 kB
Mapped:           357856 kB
Shmem:              2684 kB
Slab:              54604 kB
SReclaimable:      19820 kB
SUnreclaim:        34784 kB
KernelStack:       13008 kB
PageTables:        39060 kB
NFS_Unstable:          0 kB
Bounce:                0 kB
WritebackTmp:          0 kB
CommitLimit:     2496364 kB
Committed_AS:   84962028 kB
VmallocTotal:     385024 kB
VmallocUsed:      159128 kB
VmallocChunk:      60484 kB
Time pass: 318 sec

---2015-12-09 11:18:22
MemTotal:        2895588 kB
MemFree:           98404 kB
Buffers:           11660 kB
Cached:          1277744 kB
SwapCached:            0 kB
Active:           682348 kB
Inactive:        1231692 kB
Active(anon):     319576 kB
Inactive(anon):   310424 kB
Active(file):     362772 kB
Inactive(file):   921268 kB
Unevictable:        2748 kB
Mlocked:               0 kB
HighTotal:       2306432 kB
HighFree:          37888 kB
LowTotal:         589156 kB
LowFree:           60516 kB
SwapTotal:       1048572 kB
SwapFree:        1048572 kB
Dirty:                 0 kB
Writeback:             0 kB
AnonPages:        627312 kB
Mapped:           357908 kB
Shmem:              2684 kB
Slab:              54624 kB
SReclaimable:      19820 kB
SUnreclaim:        34804 kB
KernelStack:       13008 kB
PageTables:        39104 kB
NFS_Unstable:          0 kB
Bounce:                0 kB
WritebackTmp:          0 kB
CommitLimit:     2496364 kB
Committed_AS:   84961964 kB
VmallocTotal:     385024 kB
VmallocUsed:      159128 kB
VmallocChunk:      60484 kB
Time pass: 321 sec

---2015-12-09 11:18:22
MemTotal:        2895588 kB
MemFree:           98024 kB
Buffers:           11684 kB
Cached:          1278544 kB
SwapCached:            0 kB
Active:           681608 kB
Inactive:        1232412 kB
Active(anon):     318828 kB
Inactive(anon):   311124 kB
Active(file):     362780 kB
Inactive(file):   921288 kB
Unevictable:        2748 kB
Mlocked:               0 kB
HighTotal:       2306432 kB
HighFree:          39748 kB
LowTotal:         589156 kB
LowFree:           58276 kB
SwapTotal:       1048572 kB
SwapFree:        1048572 kB
Dirty:                28 kB
Writeback:             0 kB
AnonPages:        626620 kB
Mapped:           358616 kB
