---2015-12-08 17:44:29
MemTotal:        1745540 kB
MemFree:           92304 kB
Buffers:           11968 kB
Cached:           599324 kB
SwapCached:        16364 kB
Active:           672284 kB
Inactive:         665484 kB
Active(anon):     374068 kB
Inactive(anon):   356328 kB
Active(file):     298216 kB
Inactive(file):   309156 kB
Unevictable:        3816 kB
Mlocked:               0 kB
HighTotal:       1217536 kB
HighFree:          47820 kB
LowTotal:         528004 kB
LowFree:           44484 kB
SwapTotal:       1310716 kB
SwapFree:         991984 kB
Dirty:                 0 kB
Writeback:             0 kB
AnonPages:        718640 kB
Mapped:           313368 kB
Shmem:               104 kB
Slab:              56152 kB
SReclaimable:      16132 kB
SUnreclaim:        40020 kB
KernelStack:       15368 kB
PageTables:        53416 kB
NFS_Unstable:          0 kB
Bounce:                0 kB
WritebackTmp:          0 kB
CommitLimit:     2183484 kB
Committed_AS:   125448672 kB
VmallocTotal:     311296 kB
VmallocUsed:       39256 kB
VmallocChunk:     151564 kB
Time pass: 3 sec

---2015-12-08 17:44:29
MemTotal:        1745540 kB
MemFree:           91892 kB
Buffers:           11968 kB
Cached:           599340 kB
SwapCached:        16364 kB
Active:           672408 kB
Inactive:         665472 kB
Active(anon):     374164 kB
Inactive(anon):   356328 kB
Active(file):     298244 kB
Inactive(file):   309144 kB
Unevictable:        3816 kB
Mlocked:               0 kB
HighTotal:       1217536 kB
HighFree:          47404 kB
LowTotal:         528004 kB
LowFree:           44488 kB
SwapTotal:       1310716 kB
SwapFree:         992000 kB
Dirty:                 0 kB
Writeback:             0 kB
AnonPages:        718728 kB
Mapped:           313372 kB
Shmem:               104 kB
Slab:              56152 kB
SReclaimable:      16132 kB
SUnreclaim:        40020 kB
KernelStack:       15368 kB
PageTables:        53416 kB
NFS_Unstable:          0 kB
Bounce:                0 kB
WritebackTmp:          0 kB
CommitLimit:     2183484 kB
Committed_AS:   125448792 kB
VmallocTotal:     311296 kB
VmallocUsed:       39256 kB
VmallocChunk:     151564 kB
Time pass: 7 sec

---2015-12-08 17:44:29
MemTotal:        1745540 kB
MemFree:           91872 kB
Buffers:           11968 kB
Cached:           599340 kB
SwapCached:        16364 kB
Active:           672440 kB
Inactive:         665488 kB
Active(anon):     374196 kB
Inactive(anon):   356344 kB
Active(file):     298244 kB
Inactive(file):   309144 kB
Unevictable:        3816 kB
Mlocked:               0 kB
HighTotal:       1217536 kB
HighFree:          47368 kB
LowTotal:         528004 kB
LowFree:           44504 kB
SwapTotal:       1310716 kB
SwapFree:         992000 kB
Dirty:                 0 kB
Writeback:             0 kB
AnonPages:        718808 kB
Mapped:           313372 kB
Shmem:               104 kB
Slab:              56152 kB
SReclaimable:      16132 kB
SUnreclaim:        40020 kB
KernelStack:       15368 kB
PageTables:        53416 kB
NFS_Unstable:          0 kB
Bounce:                0 kB
WritebackTmp:          0 kB
CommitLimit:     2183484 kB
Committed_AS:   125448872 kB
VmallocTotal:     311296 kB
VmallocUsed:       39256 kB
VmallocChunk:     151564 kB
Time pass: 10 sec

---2015-12-08 17:44:29
MemTotal:        1745540 kB
MemFree:           91884 kB
Buffers:           11968 kB
Cached:           599356 kB
SwapCached:        16364 kB
Active:           672576 kB
Inactive:         665488 kB
Active(anon):     374332 kB
Inactive(anon):   356344 kB
Active(file):     298244 kB
Inactive(file):   309144 kB
Unevictable:        3816 kB
Mlocked:               0 kB
HighTotal:       1217536 kB
HighFree:          47380 kB
LowTotal:         528004 kB
LowFree:           44504 kB
SwapTotal:       1310716 kB
SwapFree:         992000 kB
Dirty:                 0 kB
Writeback:             0 kB
AnonPages:        718884 kB
Mapped:           313376 kB
Shmem:               104 kB
Slab:              56152 kB
SReclaimable:      16132 kB
SUnreclaim:        40020 kB
KernelStack:       15368 kB
PageTables:        53420 kB
NFS_Unstable:          0 kB
Bounce:                0 kB
WritebackTmp:          0 kB
CommitLimit:     2183484 kB
Committed_AS:   125449072 kB
VmallocTotal:     311296 kB
VmallocUsed:       39256 kB
VmallocChunk:     151564 kB
Time pass: 14 sec

---2015-12-08 17:44:29
MemTotal:        1745540 kB
MemFree:           91296 kB
Buffers:           11968 kB
Cached:           599780 kB
SwapCached:        16364 kB
Active:           672668 kB
Inactive:         665920 kB
Active(anon):     374424 kB
Inactive(anon):   356336 kB
Active(file):     298244 kB
Inactive(file):   309584 kB
Unevictable:        3816 kB
Mlocked:               0 kB
HighTotal:       1217536 kB
HighFree:          46792 kB
LowTotal:         528004 kB
LowFree:           44504 kB
SwapTotal:       1310716 kB
SwapFree:         992004 kB
Dirty:                 0 kB
Writeback:             0 kB
AnonPages:        718996 kB
Mapped:           313428 kB
Shmem:               104 kB
Slab:              56152 kB
SReclaimable:      16132 kB
SUnreclaim:        40020 kB
KernelStack:       15368 kB
PageTables:        53416 kB
NFS_Unstable:          0 kB
Bounce:                0 kB
WritebackTmp:          0 kB
CommitLimit:     2183484 kB
Committed_AS:   125449152 kB
VmallocTotal:     311296 kB
VmallocUsed:       39256 kB
VmallocChunk:     151564 kB
Time pass: 18 sec

---2015-12-08 17:44:29
MemTotal:        1745540 kB
MemFree:           91156 kB
Buffers:           11968 kB
Cached:           599780 kB
SwapCached:        16364 kB
Active:           672700 kB
Inactive:         665924 kB
Active(anon):     374456 kB
Inactive(anon):   356340 kB
Active(file):     298244 kB
Inactive(file):   309584 kB
Unevictable:        3816 kB
Mlocked:               0 kB
HighTotal:       1217536 kB
HighFree:          46652 kB
LowTotal:         528004 kB
LowFree:           44504 kB
SwapTotal:       1310716 kB
SwapFree:         992004 kB
Dirty:                 0 kB
Writeback:             0 kB
AnonPages:        719064 kB
Mapped:           313428 kB
Shmem:               104 kB
Slab:              56152 kB
SReclaimable:      16132 kB
SUnreclaim:        40020 kB
KernelStack:       15368 kB
PageTables:        53416 kB
NFS_Unstable:          0 kB
Bounce:                0 kB
WritebackTmp:          0 kB
CommitLimit:     2183484 kB
Committed_AS:   125449232 kB
VmallocTotal:     311296 kB
VmallocUsed:       39256 kB
VmallocChunk:     151564 kB
Time pass: 21 sec

---2015-12-08 17:44:29
MemTotal:        1745540 kB
MemFree:           72768 kB
Buffers:           11084 kB
Cached:           588764 kB
SwapCached:        32696 kB
Active:           667260 kB
Inactive:         678780 kB
Active(anon):     370716 kB
Inactive(anon):   379536 kB
Active(file):     296544 kB
Inactive(file):   299244 kB
Unevictable:        3816 kB
Mlocked:               0 kB
HighTotal:       1217536 kB
HighFree:          33160 kB
LowTotal:         528004 kB
LowFree:           39608 kB
SwapTotal:       1310716 kB
SwapFree:         987032 kB
Dirty:               756 kB
Writeback:             0 kB
AnonPages:        738768 kB
Mapped:           321416 kB
Shmem:               104 kB
Slab:              56200 kB
SReclaimable:      16132 kB
SUnreclaim:        40068 kB
KernelStack:       15576 kB
PageTables:        53496 kB
NFS_Unstable:          0 kB
Bounce:                0 kB
WritebackTmp:          0 kB
CommitLimit:     2183484 kB
Committed_AS:   125239656 kB
VmallocTotal:     311296 kB
VmallocUsed:       37396 kB
VmallocChunk:     151564 kB
Time pass: 25 sec

---2015-12-08 17:44:29
MemTotal:        1745540 kB
MemFree:           57836 kB
Buffers:           10784 kB
Cached:           483820 kB
SwapCached:        34768 kB
Active:           613252 kB
Inactive:         621676 kB
Active(anon):     367940 kB
Inactive(anon):   376224 kB
Active(file):     245312 kB
Inactive(file):   245452 kB
Unevictable:        3816 kB
Mlocked:               0 kB
HighTotal:       1217536 kB
HighFree:          28572 kB
LowTotal:         528004 kB
LowFree:           29264 kB
SwapTotal:       1310716 kB
SwapFree:         946752 kB
Dirty:              1684 kB
Writeback:             0 kB
AnonPages:        731024 kB
Mapped:           356288 kB
Shmem:               236 kB
Slab:              56828 kB
SReclaimable:      16152 kB
SUnreclaim:        40676 kB
KernelStack:       15920 kB
PageTables:        53908 kB
NFS_Unstable:          0 kB
Bounce:                0 kB
WritebackTmp:          0 kB
CommitLimit:     2183484 kB
Committed_AS:   125545816 kB
VmallocTotal:     311296 kB
VmallocUsed:       36776 kB
VmallocChunk:     151564 kB
Time pass: 29 sec

---2015-12-08 17:44:29
MemTotal:        1745540 kB
MemFree:           65700 kB
Buffers:           10656 kB
Cached:           473760 kB
SwapCached:        36508 kB
Active:           599280 kB
Inactive:         617852 kB
Active(anon):     359448 kB
Inactive(anon):   377320 kB
Active(file):     239832 kB
Inactive(file):   240532 kB
Unevictable:        3816 kB
Mlocked:               0 kB
HighTotal:       1217536 kB
HighFree:          36124 kB
LowTotal:         528004 kB
LowFree:           29576 kB
SwapTotal:       1310716 kB
SwapFree:         985088 kB
Dirty:               848 kB
Writeback:             0 kB
AnonPages:        723568 kB
Mapped:           362952 kB
Shmem:               236 kB
Slab:              56912 kB
SReclaimable:      16120 kB
SUnreclaim:        40792 kB
KernelStack:       15808 kB
PageTables:        53964 kB
NFS_Unstable:          0 kB
Bounce:                0 kB
WritebackTmp:          0 kB
CommitLimit:     2183484 kB
Committed_AS:   125476776 kB
VmallocTotal:     311296 kB
VmallocUsed:       36860 kB
VmallocChunk:     151564 kB
Time pass: 33 sec

---2015-12-08 17:44:29
MemTotal:        1745540 kB
MemFree:           67544 kB
Buffers:           10664 kB
Cached:           473868 kB
SwapCached:        36508 kB
Active:           598568 kB
Inactive:         617868 kB
Active(anon):     358620 kB
Inactive(anon):   377336 kB
Active(file):     239948 kB
Inactive(file):   240532 kB
Unevictable:        3816 kB
Mlocked:               0 kB
HighTotal:       1217536 kB
HighFree:          37412 kB
LowTotal:         528004 kB
LowFree:           30132 kB
SwapTotal:       1310716 kB
SwapFree:         985116 kB
Dirty:               104 kB
Writeback:             0 kB
AnonPages:        722776 kB
Mapped:           362992 kB
Shmem:               236 kB
Slab:              56756 kB
SReclaimable:      16120 kB
SUnreclaim:        40636 kB
KernelStack:       15808 kB
PageTables:        53964 kB
NFS_Unstable:          0 kB
Bounce:                0 kB
WritebackTmp:          0 kB
CommitLimit:     2183484 kB
Committed_AS:   125477056 kB
VmallocTotal:     311296 kB
VmallocUsed:       36724 kB
VmallocChunk:     151564 kB
Time pass: 37 sec

---2015-12-08 17:44:29
MemTotal:        1745540 kB
MemFree:           66040 kB
Buffers:           10672 kB
Cached:           473876 kB
SwapCached:        36572 kB
Active:           598872 kB
Inactive:         617900 kB
Active(anon):     358908 kB
Inactive(anon):   377368 kB
Active(file):     239964 kB
Inactive(file):   240532 kB
Unevictable:        3816 kB
Mlocked:               0 kB
HighTotal:       1217536 kB
HighFree:          36368 kB
LowTotal:         528004 kB
LowFree:           29672 kB
SwapTotal:       1310716 kB
SwapFree:         985184 kB
Dirty:                28 kB
Writeback:             0 kB
AnonPages:        723348 kB
Mapped:           362944 kB
Shmem:               236 kB
Slab:              56756 kB
SReclaimable:      16120 kB
SUnreclaim:        40636 kB
KernelStack:       15808 kB
PageTables:        53968 kB
NFS_Unstable:          0 kB
Bounce:                0 kB
WritebackTmp:          0 kB
CommitLimit:     2183484 kB
Committed_AS:   125478248 kB
VmallocTotal:     311296 kB
VmallocUsed:       36928 kB
VmallocChunk:     151564 kB
Time pass: 40 sec

---2015-12-08 17:44:29
MemTotal:        1745540 kB
MemFree:           49648 kB
Buffers:            9816 kB
Cached:           460324 kB
SwapCached:        37544 kB
Active:           604588 kB
Inactive:         603568 kB
Active(anon):     370864 kB
Inactive(anon):   371204 kB
Active(file):     233724 kB
Inactive(file):   232364 kB
Unevictable:        3816 kB
Mlocked:               0 kB
HighTotal:       1217536 kB
HighFree:          23300 kB
LowTotal:         528004 kB
LowFree:           26348 kB
SwapTotal:       1310716 kB
SwapFree:         976288 kB
Dirty:                68 kB
Writeback:             0 kB
AnonPages:        728796 kB
Mapped:           367340 kB
Shmem:               236 kB
Slab:              56652 kB
SReclaimable:      16120 kB
SUnreclaim:        40532 kB
KernelStack:       15880 kB
PageTables:        54172 kB
NFS_Unstable:          0 kB
Bounce:                0 kB
WritebackTmp:          0 kB
CommitLimit:     2183484 kB
Committed_AS:   125491196 kB
VmallocTotal:     311296 kB
VmallocUsed:       36928 kB
VmallocChunk:     151564 kB
Time pass: 44 sec

---2015-12-08 17:44:29
MemTotal:        1745540 kB
MemFree:           52776 kB
Buffers:            9764 kB
Cached:           453700 kB
SwapCached:        38520 kB
Active:           597084 kB
Inactive:         601280 kB
Active(anon):     366948 kB
Inactive(anon):   372012 kB
Active(file):     230136 kB
Inactive(file):   229268 kB
Unevictable:        3816 kB
Mlocked:               0 kB
HighTotal:       1217536 kB
HighFree:          27404 kB
LowTotal:         528004 kB
LowFree:           25372 kB
SwapTotal:       1310716 kB
SwapFree:         972276 kB
Dirty:                60 kB
Writeback:             0 kB
AnonPages:        725408 kB
Mapped:           374544 kB
Shmem:               236 kB
Slab:              56612 kB
SReclaimable:      16088 kB
SUnreclaim:        40524 kB
KernelStack:       15864 kB
PageTables:        54204 kB
NFS_Unstable:          0 kB
Bounce:                0 kB
WritebackTmp:          0 kB
CommitLimit:     2183484 kB
Committed_AS:   125504048 kB
VmallocTotal:     311296 kB
VmallocUsed:       36968 kB
VmallocChunk:     151564 kB
Time pass: 48 sec

---2015-12-08 17:44:29
MemTotal:        1745540 kB
MemFree:           45332 kB
Buffers:            9768 kB
Cached:           454308 kB
SwapCached:        38528 kB
Active:           605956 kB
Inactive:         605756 kB
Active(anon):     375956 kB
Inactive(anon):   375940 kB
Active(file):     230000 kB
Inactive(file):   229816 kB
Unevictable:        3816 kB
Mlocked:               0 kB
HighTotal:       1217536 kB
HighFree:          21188 kB
LowTotal:         528004 kB
LowFree:           24144 kB
SwapTotal:       1310716 kB
SwapFree:         971540 kB
Dirty:               184 kB
Writeback:             0 kB
AnonPages:        738408 kB
Mapped:           374764 kB
Shmem:               240 kB
Slab:              56844 kB
SReclaimable:      16104 kB
SUnreclaim:        40740 kB
KernelStack:       15984 kB
PageTables:        54156 kB
NFS_Unstable:          0 kB
Bounce:                0 kB
WritebackTmp:          0 kB
CommitLimit:     2183484 kB
Committed_AS:   125507976 kB
VmallocTotal:     311296 kB
VmallocUsed:       37072 kB
VmallocChunk:     151564 kB
Time pass: 51 sec

---2015-12-08 17:44:29
MemTotal:        1745540 kB
MemFree:           72932 kB
Buffers:            8548 kB
Cached:           427520 kB
SwapCached:        38572 kB
Active:           571296 kB
Inactive:         563876 kB
Active(anon):     351960 kB
Inactive(anon):   351200 kB
Active(file):     219336 kB
Inactive(file):   212676 kB
Unevictable:        3816 kB
Mlocked:               0 kB
HighTotal:       1217536 kB
HighFree:          45860 kB
LowTotal:         528004 kB
LowFree:           27072 kB
SwapTotal:       1310716 kB
SwapFree:         915776 kB
Dirty:              1348 kB
Writeback:             0 kB
AnonPages:        688580 kB
Mapped:           405868 kB
Shmem:               240 kB
Slab:              57292 kB
SReclaimable:      16224 kB
SUnreclaim:        41068 kB
KernelStack:       15904 kB
PageTables:        54268 kB
NFS_Unstable:          0 kB
Bounce:                0 kB
WritebackTmp:          0 kB
CommitLimit:     2183484 kB
Committed_AS:   125523960 kB
VmallocTotal:     311296 kB
VmallocUsed:       37128 kB
VmallocChunk:     151564 kB
Time pass: 55 sec

---2015-12-08 17:44:29
MemTotal:        1745540 kB
MemFree:           71448 kB
Buffers:            8864 kB
Cached:           427596 kB
SwapCached:        38572 kB
Active:           571720 kB
Inactive:         564204 kB
Active(anon):     352380 kB
Inactive(anon):   351164 kB
Active(file):     219340 kB
Inactive(file):   213040 kB
Unevictable:        3816 kB
Mlocked:               0 kB
HighTotal:       1217536 kB
HighFree:          44936 kB
LowTotal:         528004 kB
LowFree:           26512 kB
SwapTotal:       1310716 kB
SwapFree:         915792 kB
Dirty:                80 kB
Writeback:             0 kB
AnonPages:        689064 kB
Mapped:           406364 kB
Shmem:               240 kB
Slab:              57356 kB
SReclaimable:      16224 kB
SUnreclaim:        41132 kB
KernelStack:       15904 kB
PageTables:        54272 kB
NFS_Unstable:          0 kB
Bounce:                0 kB
WritebackTmp:          0 kB
CommitLimit:     2183484 kB
Committed_AS:   125524032 kB
VmallocTotal:     311296 kB
VmallocUsed:       37196 kB
VmallocChunk:     151564 kB
Time pass: 58 sec

---2015-12-08 17:44:29
MemTotal:        1745540 kB
MemFree:           72228 kB
Buffers:            8172 kB
Cached:           418540 kB
SwapCached:        39136 kB
Active:           556140 kB
Inactive:         554564 kB
Active(anon):     343808 kB
Inactive(anon):   344224 kB
Active(file):     212332 kB
Inactive(file):   210340 kB
Unevictable:        3816 kB
Mlocked:               0 kB
HighTotal:       1217536 kB
HighFree:          47920 kB
LowTotal:         528004 kB
LowFree:           24308 kB
SwapTotal:       1310716 kB
SwapFree:         896520 kB
Dirty:               188 kB
Writeback:             0 kB
AnonPages:        672932 kB
Mapped:           416584 kB
Shmem:               240 kB
Slab:              57420 kB
SReclaimable:      16200 kB
SUnreclaim:        41220 kB
KernelStack:       15952 kB
PageTables:        54272 kB
NFS_Unstable:          0 kB
Bounce:                0 kB
WritebackTmp:          0 kB
CommitLimit:     2183484 kB
Committed_AS:   125526252 kB
VmallocTotal:     311296 kB
VmallocUsed:       37372 kB
VmallocChunk:     151564 kB
Time pass: 62 sec

---2015-12-08 17:44:29
MemTotal:        1745540 kB
MemFree:           76632 kB
Buffers:            8180 kB
Cached:           418076 kB
SwapCached:        39140 kB
Active:           555600 kB
Inactive:         553824 kB
Active(anon):     343772 kB
Inactive(anon):   343452 kB
Active(file):     211828 kB
Inactive(file):   210372 kB
Unevictable:        3816 kB
Mlocked:               0 kB
HighTotal:       1217536 kB
HighFree:          50140 kB
LowTotal:         528004 kB
LowFree:           26492 kB
SwapTotal:       1310716 kB
SwapFree:         895652 kB
Dirty:               324 kB
Writeback:             0 kB
AnonPages:        672132 kB
Mapped:           417068 kB
Shmem:               240 kB
Slab:              57480 kB
SReclaimable:      16200 kB
SUnreclaim:        41280 kB
KernelStack:       15904 kB
PageTables:        54308 kB
NFS_Unstable:          0 kB
Bounce:                0 kB
WritebackTmp:          0 kB
CommitLimit:     2183484 kB
Committed_AS:   125526528 kB
VmallocTotal:     311296 kB
VmallocUsed:       37168 kB
VmallocChunk:     151564 kB
Time pass: 65 sec

---2015-12-08 17:44:29
MemTotal:        1745540 kB
MemFree:           72708 kB
Buffers:            8192 kB
Cached:           419728 kB
SwapCached:        39140 kB
Active:           556936 kB
Inactive:         555080 kB
Active(anon):     344860 kB
Inactive(anon):   343460 kB
Active(file):     212076 kB
Inactive(file):   211620 kB
Unevictable:        3816 kB
Mlocked:               0 kB
HighTotal:       1217536 kB
HighFree:          46784 kB
LowTotal:         528004 kB
LowFree:           25924 kB
SwapTotal:       1310716 kB
SwapFree:         895664 kB
Dirty:               404 kB
Writeback:             0 kB
AnonPages:        673216 kB
Mapped:           417180 kB
Shmem:               240 kB
Slab:              57468 kB
SReclaimable:      16200 kB
SUnreclaim:        41268 kB
KernelStack:       15904 kB
PageTables:        54308 kB
NFS_Unstable:          0 kB
Bounce:                0 kB
WritebackTmp:          0 kB
CommitLimit:     2183484 kB
Committed_AS:   125526608 kB
VmallocTotal:     311296 kB
VmallocUsed:       37372 kB
VmallocChunk:     151564 kB
Time pass: 69 sec

---2015-12-08 17:44:29
MemTotal:        1745540 kB
MemFree:           73632 kB
Buffers:            6012 kB
Cached:           406124 kB
SwapCached:        39508 kB
Active:           544580 kB
Inactive:         542508 kB
Active(anon):     339732 kB
Inactive(anon):   339272 kB
Active(file):     204848 kB
Inactive(file):   203236 kB
Unevictable:        3816 kB
Mlocked:               0 kB
HighTotal:       1217536 kB
HighFree:          46708 kB
LowTotal:         528004 kB
LowFree:           26924 kB
SwapTotal:       1310716 kB
SwapFree:         879896 kB
Dirty:               576 kB
Writeback:             0 kB
AnonPages:        663636 kB
Mapped:           423704 kB
Shmem:               236 kB
Slab:              57744 kB
SReclaimable:      16196 kB
SUnreclaim:        41548 kB
KernelStack:       15920 kB
PageTables:        54368 kB
NFS_Unstable:          0 kB
Bounce:                0 kB
WritebackTmp:          0 kB
CommitLimit:     2183484 kB
Committed_AS:   125534296 kB
VmallocTotal:     311296 kB
VmallocUsed:       37388 kB
VmallocChunk:     151564 kB
Time pass: 72 sec

---2015-12-08 17:44:29
MemTotal:        1745540 kB
MemFree:           66808 kB
Buffers:            5992 kB
Cached:           407332 kB
SwapCached:        39688 kB
Active:           545956 kB
Inactive:         546040 kB
Active(anon):     341256 kB
Inactive(anon):   341416 kB
Active(file):     204700 kB
Inactive(file):   204624 kB
Unevictable:        3816 kB
Mlocked:               0 kB
HighTotal:       1217536 kB
HighFree:          40388 kB
LowTotal:         528004 kB
LowFree:           26420 kB
SwapTotal:       1310716 kB
SwapFree:         871608 kB
Dirty:                 0 kB
Writeback:             0 kB
AnonPages:        666508 kB
Mapped:           423412 kB
Shmem:               236 kB
Slab:              57940 kB
SReclaimable:      16236 kB
SUnreclaim:        41704 kB
KernelStack:       16072 kB
PageTables:        54412 kB
NFS_Unstable:          0 kB
Bounce:                0 kB
WritebackTmp:          0 kB
CommitLimit:     2183484 kB
Committed_AS:   125549920 kB
VmallocTotal:     311296 kB
VmallocUsed:       37388 kB
VmallocChunk:     151564 kB
Time pass: 76 sec

---2015-12-08 17:44:29
MemTotal:        1745540 kB
MemFree:           74172 kB
Buffers:            5856 kB
Cached:           372904 kB
SwapCached:        41236 kB
Active:           519844 kB
Inactive:         518688 kB
Active(anon):     332796 kB
Inactive(anon):   331188 kB
Active(file):     187048 kB
Inactive(file):   187500 kB
Unevictable:        3816 kB
Mlocked:               0 kB
HighTotal:       1217536 kB
HighFree:          49604 kB
LowTotal:         528004 kB
LowFree:           24568 kB
SwapTotal:       1310716 kB
SwapFree:         840576 kB
Dirty:                48 kB
Writeback:             0 kB
AnonPages:        646908 kB
Mapped:           402432 kB
Shmem:               396 kB
Slab:              58512 kB
SReclaimable:      16220 kB
SUnreclaim:        42292 kB
KernelStack:       16280 kB
PageTables:        54616 kB
NFS_Unstable:          0 kB
Bounce:                0 kB
WritebackTmp:          0 kB
CommitLimit:     2183484 kB
Committed_AS:   125595744 kB
VmallocTotal:     311296 kB
VmallocUsed:       37388 kB
VmallocChunk:     151564 kB
Time pass: 81 sec

---2015-12-08 17:44:29
MemTotal:        1745540 kB
MemFree:           76992 kB
Buffers:            5388 kB
Cached:           349728 kB
SwapCached:        42176 kB
Active:           501592 kB
Inactive:         498652 kB
Active(anon):     326044 kB
Inactive(anon):   323372 kB
Active(file):     175548 kB
Inactive(file):   175280 kB
Unevictable:        3816 kB
Mlocked:               0 kB
HighTotal:       1217536 kB
HighFree:          49424 kB
LowTotal:         528004 kB
LowFree:           27568 kB
SwapTotal:       1310716 kB
SwapFree:         819252 kB
Dirty:                60 kB
Writeback:             0 kB
AnonPages:        631356 kB
Mapped:           389428 kB
Shmem:               472 kB
Slab:              58896 kB
SReclaimable:      16220 kB
SUnreclaim:        42676 kB
KernelStack:       16256 kB
PageTables:        54784 kB
NFS_Unstable:          0 kB
Bounce:                0 kB
WritebackTmp:          0 kB
CommitLimit:     2183484 kB
Committed_AS:   125603224 kB
VmallocTotal:     311296 kB
VmallocUsed:       37456 kB
VmallocChunk:     151564 kB
Time pass: 85 sec

---2015-12-08 17:44:29
MemTotal:        1745540 kB
MemFree:           75820 kB
Buffers:            5388 kB
Cached:           349984 kB
SwapCached:        42176 kB
Active:           502724 kB
Inactive:         498944 kB
Active(anon):     327176 kB
Inactive(anon):   323536 kB
Active(file):     175548 kB
Inactive(file):   175408 kB
Unevictable:        3816 kB
Mlocked:               0 kB
HighTotal:       1217536 kB
HighFree:          48200 kB
LowTotal:         528004 kB
LowFree:           27620 kB
SwapTotal:       1310716 kB
SwapFree:         819256 kB
Dirty:                 0 kB
Writeback:             0 kB
AnonPages:        632528 kB
Mapped:           389556 kB
Shmem:               600 kB
Slab:              58976 kB
SReclaimable:      16220 kB
SUnreclaim:        42756 kB
KernelStack:       16248 kB
PageTables:        54788 kB
NFS_Unstable:          0 kB
Bounce:                0 kB
WritebackTmp:          0 kB
CommitLimit:     2183484 kB
Committed_AS:   125604312 kB
VmallocTotal:     311296 kB
VmallocUsed:       37456 kB
VmallocChunk:     151564 kB
Time pass: 89 sec

---2015-12-08 17:44:29
MemTotal:        1745540 kB
MemFree:           78672 kB
Buffers:            5428 kB
Cached:           348320 kB
SwapCached:        42292 kB
Active:           499088 kB
Inactive:         498780 kB
Active(anon):     324228 kB
Inactive(anon):   324360 kB
Active(file):     174860 kB
Inactive(file):   174420 kB
Unevictable:        3816 kB
Mlocked:               0 kB
HighTotal:       1217536 kB
HighFree:          50328 kB
LowTotal:         528004 kB
LowFree:           28344 kB
SwapTotal:       1310716 kB
SwapFree:         816796 kB
Dirty:                44 kB
Writeback:             0 kB
AnonPages:        629908 kB
Mapped:           389580 kB
Shmem:               652 kB
Slab:              58848 kB
SReclaimable:      16220 kB
SUnreclaim:        42628 kB
KernelStack:       16320 kB
PageTables:        54804 kB
NFS_Unstable:          0 kB
Bounce:                0 kB
WritebackTmp:          0 kB
CommitLimit:     2183484 kB
Committed_AS:   125604400 kB
VmallocTotal:     311296 kB
VmallocUsed:       37456 kB
VmallocChunk:     151564 kB
Time pass: 93 sec

---2015-12-08 17:44:29
MemTotal:        1745540 kB
MemFree:           77320 kB
Buffers:            5444 kB
Cached:           346896 kB
SwapCached:        42292 kB
Active:           497548 kB
Inactive:         497188 kB
Active(anon):     323588 kB
Inactive(anon):   323276 kB
Active(file):     173960 kB
Inactive(file):   173912 kB
Unevictable:        3816 kB
Mlocked:               0 kB
HighTotal:       1217536 kB
HighFree:          49936 kB
LowTotal:         528004 kB
LowFree:           27384 kB
SwapTotal:       1310716 kB
SwapFree:         814680 kB
Dirty:                32 kB
Writeback:             0 kB
AnonPages:        628612 kB
Mapped:           389268 kB
Shmem:               652 kB
Slab:              59280 kB
SReclaimable:      16228 kB
SUnreclaim:        43052 kB
KernelStack:       16256 kB
PageTables:        54672 kB
NFS_Unstable:          0 kB
Bounce:                0 kB
WritebackTmp:          0 kB
CommitLimit:     2183484 kB
Committed_AS:   125604568 kB
VmallocTotal:     311296 kB
VmallocUsed:       37456 kB
VmallocChunk:     151564 kB
Time pass: 97 sec

---2015-12-08 17:44:29
MemTotal:        1745540 kB
MemFree:           98608 kB
Buffers:            5472 kB
Cached:           348712 kB
SwapCached:        42952 kB
Active:           488968 kB
Inactive:         486504 kB
Active(anon):     304376 kB
Inactive(anon):   321036 kB
Active(file):     184592 kB
Inactive(file):   165468 kB
Unevictable:        3816 kB
Mlocked:               0 kB
HighTotal:       1217536 kB
HighFree:          68828 kB
LowTotal:         528004 kB
LowFree:           29780 kB
SwapTotal:       1310716 kB
SwapFree:         804512 kB
Dirty:                 0 kB
Writeback:             0 kB
AnonPages:        606348 kB
Mapped:           384244 kB
Shmem:               284 kB
Slab:              59692 kB
SReclaimable:      16228 kB
SUnreclaim:        43464 kB
KernelStack:       16376 kB
PageTables:        54512 kB
NFS_Unstable:          0 kB
Bounce:                0 kB
WritebackTmp:          0 kB
CommitLimit:     2183484 kB
Committed_AS:   125576772 kB
VmallocTotal:     311296 kB
VmallocUsed:       37456 kB
VmallocChunk:     151564 kB
Time pass: 100 sec

---2015-12-08 17:44:29
MemTotal:        1745540 kB
MemFree:          302072 kB
Buffers:            5620 kB
Cached:           397072 kB
SwapCached:        44048 kB
Active:           436960 kB
Inactive:         512532 kB
Active(anon):     248880 kB
Inactive(anon):   301836 kB
Active(file):     188080 kB
Inactive(file):   210696 kB
Unevictable:        3816 kB
Mlocked:               0 kB
HighTotal:       1217536 kB
HighFree:         217212 kB
LowTotal:         528004 kB
LowFree:           84860 kB
SwapTotal:       1310716 kB
SwapFree:         808428 kB
Dirty:                32 kB
Writeback:             0 kB
AnonPages:        532000 kB
Mapped:           226008 kB
Shmem:               100 kB
Slab:              59788 kB
SReclaimable:      16228 kB
SUnreclaim:        43560 kB
KernelStack:       15352 kB
PageTables:        53272 kB
NFS_Unstable:          0 kB
Bounce:                0 kB
WritebackTmp:          0 kB
CommitLimit:     2183484 kB
Committed_AS:   125914360 kB
VmallocTotal:     311296 kB
VmallocUsed:       33300 kB
VmallocChunk:     151564 kB
Time pass: 104 sec

---2015-12-08 17:44:29
MemTotal:        1745540 kB
MemFree:          292820 kB
Buffers:            5628 kB
Cached:           402824 kB
SwapCached:        44084 kB
Active:           441148 kB
Inactive:         517388 kB
Active(anon):     252044 kB
Inactive(anon):   301880 kB
Active(file):     189104 kB
Inactive(file):   215508 kB
Unevictable:        3816 kB
Mlocked:               0 kB
HighTotal:       1217536 kB
HighFree:         207956 kB
LowTotal:         528004 kB
LowFree:           84864 kB
SwapTotal:       1310716 kB
SwapFree:         808452 kB
Dirty:               352 kB
Writeback:             0 kB
AnonPages:        535160 kB
Mapped:           225516 kB
Shmem:               100 kB
Slab:              59788 kB
SReclaimable:      16228 kB
SUnreclaim:        43560 kB
KernelStack:       15376 kB
PageTables:        53300 kB
NFS_Unstable:          0 kB
Bounce:                0 kB
WritebackTmp:          0 kB
CommitLimit:     2183484 kB
Committed_AS:   125917016 kB
VmallocTotal:     311296 kB
VmallocUsed:       33300 kB
VmallocChunk:     151564 kB
Time pass: 107 sec

---2015-12-08 17:44:29
MemTotal:        1745540 kB
MemFree:          292872 kB
Buffers:            5636 kB
Cached:           402848 kB
SwapCached:        44612 kB
Active:           440404 kB
Inactive:         518032 kB
Active(anon):     251264 kB
Inactive(anon):   302604 kB
Active(file):     189140 kB
Inactive(file):   215428 kB
Unevictable:        3816 kB
Mlocked:               0 kB
HighTotal:       1217536 kB
HighFree:         207876 kB
LowTotal:         528004 kB
LowFree:           84996 kB
SwapTotal:       1310716 kB
SwapFree:         810232 kB
Dirty:                52 kB
Writeback:             0 kB
AnonPages:        535072 kB
Mapped:           225500 kB
Shmem:               100 kB
Slab:              59788 kB
SReclaimable:      16228 kB
SUnreclaim:        43560 kB
KernelStack:       15376 kB
PageTables:        53428 kB
NFS_Unstable:          0 kB
Bounce:                0 kB
WritebackTmp:          0 kB
CommitLimit:     2183484 kB
Committed_AS:   125918696 kB
VmallocTotal:     311296 kB
VmallocUsed:       33300 kB
VmallocChunk:     151564 kB
Time pass: 111 sec

---2015-12-08 17:44:29
MemTotal:        1745540 kB
MemFree:          291836 kB
Buffers:            5636 kB
Cached:           403320 kB
SwapCached:        44620 kB
Active:           440908 kB
Inactive:         518540 kB
Active(anon):     251752 kB
Inactive(anon):   302660 kB
Active(file):     189156 kB
Inactive(file):   215880 kB
Unevictable:        3816 kB
Mlocked:               0 kB
HighTotal:       1217536 kB
HighFree:         206604 kB
LowTotal:         528004 kB
LowFree:           85232 kB
SwapTotal:       1310716 kB
SwapFree:         810284 kB
Dirty:                44 kB
Writeback:             0 kB
AnonPages:        535604 kB
Mapped:           225552 kB
Shmem:               100 kB
Slab:              59788 kB
SReclaimable:      16228 kB
SUnreclaim:        43560 kB
KernelStack:       15376 kB
PageTables:        53428 kB
NFS_Unstable:          0 kB
Bounce:                0 kB
WritebackTmp:          0 kB
CommitLimit:     2183484 kB
Committed_AS:   125918896 kB
VmallocTotal:     311296 kB
VmallocUsed:       33300 kB
VmallocChunk:     151564 kB
Time pass: 115 sec

---2015-12-08 17:44:29
MemTotal:        1745540 kB
MemFree:          291504 kB
Buffers:            5636 kB
Cached:           403360 kB
SwapCached:        44616 kB
Active:           440992 kB
Inactive:         518608 kB
Active(anon):     251836 kB
Inactive(anon):   302684 kB
Active(file):     189156 kB
Inactive(file):   215924 kB
Unevictable:        3816 kB
Mlocked:               0 kB
HighTotal:       1217536 kB
HighFree:         206272 kB
LowTotal:         528004 kB
LowFree:           85232 kB
SwapTotal:       1310716 kB
SwapFree:         810300 kB
Dirty:                 0 kB
Writeback:             0 kB
AnonPages:        535724 kB
Mapped:           225564 kB
Shmem:               100 kB
Slab:              59788 kB
SReclaimable:      16228 kB
SUnreclaim:        43560 kB
KernelStack:       15376 kB
PageTables:        53428 kB
NFS_Unstable:          0 kB
Bounce:                0 kB
WritebackTmp:          0 kB
CommitLimit:     2183484 kB
Committed_AS:   125918968 kB
VmallocTotal:     311296 kB
VmallocUsed:       33300 kB
VmallocChunk:     151564 kB
Time pass: 118 sec

---2015-12-08 17:44:29
MemTotal:        1745540 kB
MemFree:          290996 kB
Buffers:            5636 kB
Cached:           403356 kB
SwapCached:        44668 kB
Active:           441396 kB
Inactive:         518860 kB
Active(anon):     252240 kB
Inactive(anon):   302936 kB
Active(file):     189156 kB
Inactive(file):   215924 kB
Unevictable:        3816 kB
Mlocked:               0 kB
HighTotal:       1217536 kB
HighFree:         205712 kB
LowTotal:         528004 kB
LowFree:           85284 kB
SwapTotal:       1310716 kB
SwapFree:         810556 kB
Dirty:                 0 kB
Writeback:             0 kB
AnonPages:        536384 kB
Mapped:           225588 kB
Shmem:               100 kB
Slab:              59756 kB
SReclaimable:      16228 kB
SUnreclaim:        43528 kB
KernelStack:       15392 kB
PageTables:        53428 kB
NFS_Unstable:          0 kB
Bounce:                0 kB
WritebackTmp:          0 kB
CommitLimit:     2183484 kB
Committed_AS:   125918976 kB
VmallocTotal:     311296 kB
VmallocUsed:       33300 kB
VmallocChunk:     151564 kB
Time pass: 122 sec

---2015-12-08 17:44:29
MemTotal:        1745540 kB
MemFree:          290828 kB
Buffers:            5636 kB
Cached:           403360 kB
SwapCached:        44668 kB
Active:           441508 kB
Inactive:         518932 kB
Active(anon):     252352 kB
Inactive(anon):   303008 kB
Active(file):     189156 kB
Inactive(file):   215924 kB
Unevictable:        3816 kB
Mlocked:               0 kB
HighTotal:       1217536 kB
HighFree:         205552 kB
LowTotal:         528004 kB
LowFree:           85276 kB
SwapTotal:       1310716 kB
SwapFree:         810620 kB
Dirty:                 0 kB
Writeback:             0 kB
AnonPages:        536580 kB
Mapped:           225588 kB
Shmem:               100 kB
Slab:              59752 kB
SReclaimable:      16228 kB
SUnreclaim:        43524 kB
KernelStack:       15360 kB
PageTables:        53424 kB
NFS_Unstable:          0 kB
Bounce:                0 kB
WritebackTmp:          0 kB
CommitLimit:     2183484 kB
Committed_AS:   125919136 kB
VmallocTotal:     311296 kB
VmallocUsed:       33300 kB
VmallocChunk:     151564 kB
Time pass: 125 sec

---2015-12-08 17:44:29
MemTotal:        1745540 kB
MemFree:          290320 kB
Buffers:            5636 kB
Cached:           403360 kB
SwapCached:        44696 kB
Active:           441716 kB
Inactive:         519092 kB
Active(anon):     252560 kB
Inactive(anon):   303168 kB
Active(file):     189156 kB
Inactive(file):   215924 kB
Unevictable:        3816 kB
Mlocked:               0 kB
HighTotal:       1217536 kB
HighFree:         205012 kB
LowTotal:         528004 kB
LowFree:           85308 kB
SwapTotal:       1310716 kB
SwapFree:         810948 kB
Dirty:                 0 kB
Writeback:             0 kB
AnonPages:        536904 kB
Mapped:           225588 kB
Shmem:               100 kB
Slab:              59752 kB
SReclaimable:      16228 kB
SUnreclaim:        43524 kB
KernelStack:       15328 kB
PageTables:        53424 kB
NFS_Unstable:          0 kB
Bounce:                0 kB
WritebackTmp:          0 kB
CommitLimit:     2183484 kB
Committed_AS:   125919056 kB
VmallocTotal:     311296 kB
VmallocUsed:       33300 kB
VmallocChunk:     151564 kB
Time pass: 129 sec

---2015-12-08 17:44:29
MemTotal:        1745540 kB
MemFree:          212916 kB
Buffers:            7040 kB
Cached:           417504 kB
SwapCached:        45132 kB
Active:           476600 kB
Inactive:         531356 kB
Active(anon):     283984 kB
Inactive(anon):   303476 kB
Active(file):     192616 kB
Inactive(file):   227880 kB
Unevictable:        3816 kB
Mlocked:               0 kB
HighTotal:       1217536 kB
HighFree:         141220 kB
LowTotal:         528004 kB
LowFree:           71696 kB
SwapTotal:       1310716 kB
SwapFree:         811900 kB
Dirty:               904 kB
Writeback:             0 kB
AnonPages:        568484 kB
Mapped:           259592 kB
Shmem:               232 kB
Slab:              59908 kB
SReclaimable:      16228 kB
SUnreclaim:        43680 kB
KernelStack:       15904 kB
PageTables:        53884 kB
NFS_Unstable:          0 kB
Bounce:                0 kB
WritebackTmp:          0 kB
CommitLimit:     2183484 kB
Committed_AS:   125742964 kB
VmallocTotal:     311296 kB
VmallocUsed:       33736 kB
VmallocChunk:     151564 kB
Time pass: 133 sec

---2015-12-08 17:44:29
MemTotal:        1745540 kB
MemFree:          132460 kB
Buffers:            7072 kB
Cached:           420180 kB
SwapCached:        45240 kB
Active:           495044 kB
Inactive:         528680 kB
Active(anon):     301224 kB
Inactive(anon):   299348 kB
Active(file):     193820 kB
Inactive(file):   229332 kB
Unevictable:        3816 kB
Mlocked:               0 kB
HighTotal:       1217536 kB
HighFree:          58756 kB
LowTotal:         528004 kB
LowFree:           73704 kB
SwapTotal:       1310716 kB
SwapFree:         813024 kB
Dirty:               516 kB
Writeback:             0 kB
AnonPages:        581524 kB
Mapped:           306812 kB
Shmem:               236 kB
Slab:              59752 kB
SReclaimable:      16228 kB
SUnreclaim:        43524 kB
KernelStack:       15976 kB
PageTables:        53960 kB
NFS_Unstable:          0 kB
Bounce:                0 kB
WritebackTmp:          0 kB
CommitLimit:     2183484 kB
Committed_AS:   126026704 kB
VmallocTotal:     311296 kB
VmallocUsed:       33948 kB
VmallocChunk:     151564 kB
Time pass: 136 sec

---2015-12-08 17:44:29
MemTotal:        1745540 kB
MemFree:           84316 kB
Buffers:            7080 kB
Cached:           421724 kB
SwapCached:        45240 kB
Active:           501856 kB
Inactive:         529280 kB
Active(anon):     307036 kB
Inactive(anon):   299352 kB
Active(file):     194820 kB
Inactive(file):   229928 kB
Unevictable:        3816 kB
Mlocked:               0 kB
HighTotal:       1217536 kB
HighFree:          44972 kB
LowTotal:         528004 kB
LowFree:           39344 kB
SwapTotal:       1310716 kB
SwapFree:         813032 kB
Dirty:              1492 kB
Writeback:             0 kB
AnonPages:        587272 kB
Mapped:           345788 kB
Shmem:               236 kB
Slab:              59744 kB
SReclaimable:      16212 kB
SUnreclaim:        43532 kB
KernelStack:       15840 kB
PageTables:        54068 kB
NFS_Unstable:          0 kB
Bounce:                0 kB
WritebackTmp:          0 kB
CommitLimit:     2183484 kB
Committed_AS:   126038276 kB
VmallocTotal:     311296 kB
VmallocUsed:       34056 kB
VmallocChunk:     151564 kB
Time pass: 140 sec

---2015-12-08 17:44:29
MemTotal:        1745540 kB
MemFree:           68660 kB
Buffers:            7080 kB
Cached:           421912 kB
SwapCached:        45240 kB
Active:           511612 kB
Inactive:         529096 kB
Active(anon):     316416 kB
Inactive(anon):   299288 kB
Active(file):     195196 kB
Inactive(file):   229808 kB
Unevictable:        3816 kB
Mlocked:               0 kB
HighTotal:       1217536 kB
HighFree:          34676 kB
LowTotal:         528004 kB
LowFree:           33984 kB
SwapTotal:       1310716 kB
SwapFree:         813036 kB
Dirty:               312 kB
Writeback:             0 kB
AnonPages:        596836 kB
Mapped:           348204 kB
Shmem:               236 kB
Slab:              59684 kB
SReclaimable:      16212 kB
SUnreclaim:        43472 kB
KernelStack:       15880 kB
PageTables:        54092 kB
NFS_Unstable:          0 kB
Bounce:                0 kB
WritebackTmp:          0 kB
CommitLimit:     2183484 kB
Committed_AS:   126040684 kB
VmallocTotal:     311296 kB
VmallocUsed:       34192 kB
VmallocChunk:     151564 kB
Time pass: 143 sec

---2015-12-08 17:44:29
MemTotal:        1745540 kB
MemFree:           86520 kB
Buffers:            7096 kB
Cached:           418132 kB
SwapCached:        45620 kB
Active:           492500 kB
Inactive:         534856 kB
Active(anon):     295836 kB
Inactive(anon):   310344 kB
Active(file):     196664 kB
Inactive(file):   224512 kB
Unevictable:        3816 kB
Mlocked:               0 kB
HighTotal:       1217536 kB
HighFree:          46708 kB
LowTotal:         528004 kB
LowFree:           39812 kB
SwapTotal:       1310716 kB
SwapFree:         810980 kB
Dirty:                 0 kB
Writeback:             0 kB
AnonPages:        586944 kB
Mapped:           354832 kB
Shmem:               236 kB
Slab:              59684 kB
SReclaimable:      16212 kB
SUnreclaim:        43472 kB
KernelStack:       15792 kB
PageTables:        54116 kB
NFS_Unstable:          0 kB
Bounce:                0 kB
WritebackTmp:          0 kB
CommitLimit:     2183484 kB
Committed_AS:   126040692 kB
VmallocTotal:     311296 kB
VmallocUsed:       34096 kB
VmallocChunk:     151564 kB
Time pass: 147 sec

---2015-12-08 17:44:29
MemTotal:        1745540 kB
MemFree:           74412 kB
Buffers:            7100 kB
Cached:           407456 kB
SwapCached:        45704 kB
Active:           496088 kB
Inactive:         520804 kB
Active(anon):     298456 kB
Inactive(anon):   307932 kB
Active(file):     197632 kB
Inactive(file):   212872 kB
Unevictable:        3816 kB
Mlocked:               0 kB
HighTotal:       1217536 kB
HighFree:          42328 kB
LowTotal:         528004 kB
LowFree:           32084 kB
SwapTotal:       1310716 kB
SwapFree:         807524 kB
Dirty:               568 kB
Writeback:             0 kB
AnonPages:        586988 kB
Mapped:           357516 kB
Shmem:               236 kB
Slab:              59844 kB
SReclaimable:      16212 kB
SUnreclaim:        43632 kB
KernelStack:       15784 kB
PageTables:        53644 kB
NFS_Unstable:          0 kB
Bounce:                0 kB
WritebackTmp:          0 kB
CommitLimit:     2183484 kB
Committed_AS:   124541100 kB
VmallocTotal:     311296 kB
VmallocUsed:       34180 kB
VmallocChunk:     151564 kB
Time pass: 150 sec

---2015-12-08 17:44:29
MemTotal:        1745540 kB
MemFree:           74584 kB
Buffers:            7108 kB
Cached:           407728 kB
SwapCached:        45708 kB
Active:           496776 kB
Inactive:         521088 kB
Active(anon):     299144 kB
Inactive(anon):   307936 kB
Active(file):     197632 kB
Inactive(file):   213152 kB
Unevictable:        3816 kB
Mlocked:               0 kB
HighTotal:       1217536 kB
HighFree:          42180 kB
LowTotal:         528004 kB
LowFree:           32404 kB
SwapTotal:       1310716 kB
SwapFree:         807528 kB
Dirty:                 4 kB
Writeback:             0 kB
AnonPages:        587720 kB
Mapped:           357504 kB
Shmem:               236 kB
Slab:              59900 kB
SReclaimable:      16212 kB
SUnreclaim:        43688 kB
KernelStack:       15696 kB
PageTables:        53644 kB
NFS_Unstable:          0 kB
Bounce:                0 kB
WritebackTmp:          0 kB
CommitLimit:     2183484 kB
Committed_AS:   124540780 kB
VmallocTotal:     311296 kB
VmallocUsed:       34112 kB
VmallocChunk:     151564 kB
Time pass: 154 sec

---2015-12-08 17:44:29
MemTotal:        1745540 kB
MemFree:           73304 kB
Buffers:            7108 kB
Cached:           409164 kB
SwapCached:        45760 kB
Active:           496724 kB
Inactive:         522592 kB
Active(anon):     299092 kB
Inactive(anon):   308032 kB
Active(file):     197632 kB
Inactive(file):   214560 kB
Unevictable:        3816 kB
Mlocked:               0 kB
HighTotal:       1217536 kB
HighFree:          40828 kB
LowTotal:         528004 kB
LowFree:           32476 kB
SwapTotal:       1310716 kB
SwapFree:         807624 kB
Dirty:                28 kB
Writeback:             0 kB
AnonPages:        587812 kB
Mapped:           357524 kB
Shmem:               236 kB
Slab:              59808 kB
SReclaimable:      16196 kB
SUnreclaim:        43612 kB
KernelStack:       15696 kB
PageTables:        53648 kB
NFS_Unstable:          0 kB
Bounce:                0 kB
WritebackTmp:          0 kB
CommitLimit:     2183484 kB
Committed_AS:   124540940 kB
VmallocTotal:     311296 kB
VmallocUsed:       34112 kB
VmallocChunk:     151564 kB
Time pass: 157 sec

---2015-12-08 17:44:29
MemTotal:        1745540 kB
MemFree:           64640 kB
Buffers:            7116 kB
Cached:           409676 kB
SwapCached:        45768 kB
Active:           503824 kB
Inactive:         523188 kB
Active(anon):     306188 kB
Inactive(anon):   308080 kB
Active(file):     197636 kB
Inactive(file):   215108 kB
Unevictable:        3816 kB
Mlocked:               0 kB
HighTotal:       1217536 kB
HighFree:          32716 kB
LowTotal:         528004 kB
LowFree:           31924 kB
SwapTotal:       1310716 kB
SwapFree:         807640 kB
Dirty:                28 kB
Writeback:             0 kB
AnonPages:        595040 kB
Mapped:           359624 kB
Shmem:               236 kB
Slab:              59808 kB
SReclaimable:      16196 kB
SUnreclaim:        43612 kB
KernelStack:       15824 kB
PageTables:        53696 kB
NFS_Unstable:          0 kB
Bounce:                0 kB
WritebackTmp:          0 kB
CommitLimit:     2183484 kB
Committed_AS:   124548268 kB
VmallocTotal:     311296 kB
VmallocUsed:       34248 kB
VmallocChunk:     151564 kB
Time pass: 161 sec

---2015-12-08 17:44:29
MemTotal:        1745540 kB
MemFree:           56376 kB
Buffers:            7236 kB
Cached:           407936 kB
SwapCached:        45764 kB
Active:           510188 kB
Inactive:         525024 kB
Active(anon):     311792 kB
Inactive(anon):   312732 kB
Active(file):     198396 kB
Inactive(file):   212292 kB
Unevictable:        3816 kB
Mlocked:               0 kB
HighTotal:       1217536 kB
HighFree:          24520 kB
LowTotal:         528004 kB
LowFree:           31856 kB
SwapTotal:       1310716 kB
SwapFree:         806276 kB
Dirty:                16 kB
Writeback:             4 kB
AnonPages:        605076 kB
Mapped:           358172 kB
Shmem:               436 kB
Slab:              59444 kB
SReclaimable:      16196 kB
SUnreclaim:        43248 kB
KernelStack:       16048 kB
PageTables:        54176 kB
NFS_Unstable:          0 kB
Bounce:                0 kB
WritebackTmp:          0 kB
CommitLimit:     2183484 kB
Committed_AS:   125834068 kB
VmallocTotal:     311296 kB
VmallocUsed:       34316 kB
VmallocChunk:     151564 kB
Time pass: 165 sec

---2015-12-08 17:44:29
MemTotal:        1745540 kB
MemFree:           63660 kB
Buffers:            8848 kB
Cached:           403044 kB
SwapCached:        46012 kB
Active:           513944 kB
Inactive:         517628 kB
Active(anon):     311132 kB
Inactive(anon):   312832 kB
Active(file):     202812 kB
Inactive(file):   204796 kB
Unevictable:        3816 kB
Mlocked:               0 kB
HighTotal:       1217536 kB
HighFree:          32064 kB
LowTotal:         528004 kB
LowFree:           31596 kB
SwapTotal:       1310716 kB
SwapFree:         799460 kB
Dirty:               116 kB
Writeback:             0 kB
AnonPages:        604212 kB
Mapped:           347808 kB
Shmem:               468 kB
Slab:              59460 kB
SReclaimable:      16220 kB
SUnreclaim:        43240 kB
KernelStack:       16016 kB
PageTables:        53916 kB
NFS_Unstable:          0 kB
Bounce:                0 kB
WritebackTmp:          0 kB
CommitLimit:     2183484 kB
Committed_AS:   124601000 kB
VmallocTotal:     311296 kB
VmallocUsed:       34248 kB
VmallocChunk:     151564 kB
Time pass: 169 sec

---2015-12-08 17:44:29
MemTotal:        1745540 kB
MemFree:           56388 kB
Buffers:            8856 kB
Cached:           402856 kB
SwapCached:        46348 kB
Active:           516288 kB
Inactive:         517588 kB
Active(anon):     313448 kB
Inactive(anon):   313140 kB
Active(file):     202840 kB
Inactive(file):   204448 kB
Unevictable:        3816 kB
Mlocked:               0 kB
HighTotal:       1217536 kB
HighFree:          26500 kB
LowTotal:         528004 kB
LowFree:           29888 kB
SwapTotal:       1310716 kB
SwapFree:         799428 kB
Dirty:                56 kB
Writeback:             0 kB
AnonPages:        606796 kB
Mapped:           346732 kB
Shmem:               488 kB
Slab:              59392 kB
SReclaimable:      16220 kB
SUnreclaim:        43172 kB
KernelStack:       16048 kB
PageTables:        53956 kB
NFS_Unstable:          0 kB
Bounce:                0 kB
WritebackTmp:          0 kB
CommitLimit:     2183484 kB
Committed_AS:   124605136 kB
VmallocTotal:     311296 kB
VmallocUsed:       34316 kB
VmallocChunk:     151564 kB
Time pass: 174 sec

---2015-12-08 17:44:29
MemTotal:        1745540 kB
MemFree:           56464 kB
Buffers:            8860 kB
Cached:           402220 kB
SwapCached:        46456 kB
Active:           516420 kB
Inactive:         518220 kB
Active(anon):     313716 kB
Inactive(anon):   314136 kB
Active(file):     202704 kB
Inactive(file):   204084 kB
Unevictable:        3816 kB
Mlocked:               0 kB
HighTotal:       1217536 kB
HighFree:          25616 kB
LowTotal:         528004 kB
LowFree:           30848 kB
SwapTotal:       1310716 kB
SwapFree:         798148 kB
Dirty:                36 kB
Writeback:             0 kB
AnonPages:        608044 kB
Mapped:           344436 kB
Shmem:               492 kB
Slab:              59380 kB
SReclaimable:      16220 kB
SUnreclaim:        43160 kB
KernelStack:       16000 kB
PageTables:        53972 kB
NFS_Unstable:          0 kB
Bounce:                0 kB
WritebackTmp:          0 kB
CommitLimit:     2183484 kB
Committed_AS:   124607328 kB
VmallocTotal:     311296 kB
VmallocUsed:       34248 kB
VmallocChunk:     151564 kB
Time pass: 178 sec

---2015-12-08 17:44:29
MemTotal:        1745540 kB
MemFree:           55272 kB
Buffers:            8868 kB
Cached:           402212 kB
SwapCached:        46468 kB
Active:           517844 kB
Inactive:         518164 kB
Active(anon):     315164 kB
Inactive(anon):   314088 kB
Active(file):     202680 kB
Inactive(file):   204076 kB
Unevictable:        3816 kB
Mlocked:               0 kB
HighTotal:       1217536 kB
HighFree:          24480 kB
LowTotal:         528004 kB
LowFree:           30792 kB
SwapTotal:       1310716 kB
SwapFree:         798176 kB
Dirty:                 0 kB
Writeback:             0 kB
AnonPages:        609404 kB
Mapped:           344468 kB
Shmem:               508 kB
Slab:              59380 kB
SReclaimable:      16220 kB
SUnreclaim:        43160 kB
KernelStack:       16032 kB
PageTables:        53976 kB
NFS_Unstable:          0 kB
Bounce:                0 kB
WritebackTmp:          0 kB
CommitLimit:     2183484 kB
Committed_AS:   124609392 kB
VmallocTotal:     311296 kB
VmallocUsed:       34248 kB
VmallocChunk:     151564 kB
Time pass: 182 sec

---2015-12-08 17:44:29
MemTotal:        1745540 kB
MemFree:           49044 kB
Buffers:            8768 kB
Cached:           398412 kB
SwapCached:        46672 kB
Active:           521944 kB
Inactive:         518568 kB
Active(anon):     319640 kB
Inactive(anon):   317836 kB
Active(file):     202304 kB
Inactive(file):   200732 kB
Unevictable:        3816 kB
Mlocked:               0 kB
HighTotal:       1217536 kB
HighFree:          18808 kB
LowTotal:         528004 kB
LowFree:           30236 kB
SwapTotal:       1310716 kB
SwapFree:         794872 kB
Dirty:               100 kB
Writeback:             0 kB
AnonPages:        617468 kB
Mapped:           343812 kB
Shmem:               516 kB
Slab:              59396 kB
SReclaimable:      16220 kB
SUnreclaim:        43176 kB
KernelStack:       16288 kB
PageTables:        54520 kB
NFS_Unstable:          0 kB
Bounce:                0 kB
WritebackTmp:          0 kB
CommitLimit:     2183484 kB
Committed_AS:   126147776 kB
VmallocTotal:     311296 kB
VmallocUsed:       34316 kB
VmallocChunk:     151564 kB
Time pass: 186 sec

---2015-12-08 17:44:29
MemTotal:        1745540 kB
MemFree:           56660 kB
Buffers:            8768 kB
Cached:           398776 kB
SwapCached:        46664 kB
Active:           521344 kB
Inactive:         512912 kB
Active(anon):     313288 kB
Inactive(anon):   317844 kB
Active(file):     208056 kB
Inactive(file):   195068 kB
Unevictable:        3816 kB
Mlocked:               0 kB
HighTotal:       1217536 kB
HighFree:          24960 kB
LowTotal:         528004 kB
LowFree:           31700 kB
SwapTotal:       1310716 kB
SwapFree:         794888 kB
Dirty:                 4 kB
Writeback:             0 kB
AnonPages:        611012 kB
Mapped:           338460 kB
Shmem:               600 kB
Slab:              59420 kB
SReclaimable:      16220 kB
SUnreclaim:        43200 kB
KernelStack:       16008 kB
PageTables:        53996 kB
NFS_Unstable:          0 kB
Bounce:                0 kB
WritebackTmp:          0 kB
CommitLimit:     2183484 kB
Committed_AS:   124616028 kB
VmallocTotal:     311296 kB
VmallocUsed:       34248 kB
VmallocChunk:     151564 kB
Time pass: 189 sec

---2015-12-08 17:44:29
MemTotal:        1745540 kB
MemFree:           53876 kB
Buffers:            8792 kB
Cached:           403444 kB
SwapCached:        47192 kB
Active:           518428 kB
Inactive:         518092 kB
Active(anon):     313792 kB
Inactive(anon):   314964 kB
Active(file):     204636 kB
Inactive(file):   203128 kB
Unevictable:        3816 kB
Mlocked:               0 kB
HighTotal:       1217536 kB
HighFree:          25508 kB
LowTotal:         528004 kB
LowFree:           28368 kB
SwapTotal:       1310716 kB
SwapFree:         791736 kB
Dirty:                44 kB
Writeback:             0 kB
AnonPages:        608444 kB
Mapped:           337972 kB
Shmem:               656 kB
Slab:              59452 kB
SReclaimable:      16220 kB
SUnreclaim:        43232 kB
KernelStack:       16040 kB
PageTables:        54000 kB
NFS_Unstable:          0 kB
Bounce:                0 kB
WritebackTmp:          0 kB
CommitLimit:     2183484 kB
Committed_AS:   124618188 kB
VmallocTotal:     311296 kB
VmallocUsed:       34316 kB
VmallocChunk:     151564 kB
Time pass: 193 sec

---2015-12-08 17:44:29
MemTotal:        1745540 kB
MemFree:           54436 kB
Buffers:            8808 kB
Cached:           403452 kB
SwapCached:        47212 kB
Active:           518976 kB
Inactive:         518160 kB
Active(anon):     314340 kB
Inactive(anon):   315016 kB
Active(file):     204636 kB
Inactive(file):   203144 kB
Unevictable:        3816 kB
Mlocked:               0 kB
HighTotal:       1217536 kB
HighFree:          25340 kB
LowTotal:         528004 kB
LowFree:           29096 kB
SwapTotal:       1310716 kB
SwapFree:         791788 kB
Dirty:                44 kB
Writeback:            16 kB
AnonPages:        609052 kB
Mapped:           338084 kB
Shmem:               664 kB
Slab:              59436 kB
SReclaimable:      16220 kB
SUnreclaim:        43216 kB
KernelStack:       16016 kB
PageTables:        53996 kB
NFS_Unstable:          0 kB
Bounce:                0 kB
WritebackTmp:          0 kB
CommitLimit:     2183484 kB
Committed_AS:   124618348 kB
VmallocTotal:     311296 kB
VmallocUsed:       34248 kB
VmallocChunk:     151564 kB
Time pass: 197 sec

---2015-12-08 17:44:29
MemTotal:        1745540 kB
MemFree:           52348 kB
Buffers:            8808 kB
Cached:           403440 kB
SwapCached:        47224 kB
Active:           519604 kB
Inactive:         518264 kB
Active(anon):     314968 kB
Inactive(anon):   315120 kB
Active(file):     204636 kB
Inactive(file):   203144 kB
Unevictable:        3816 kB
Mlocked:               0 kB
HighTotal:       1217536 kB
HighFree:          23892 kB
LowTotal:         528004 kB
LowFree:           28456 kB
SwapTotal:       1310716 kB
SwapFree:         791944 kB
Dirty:                 0 kB
Writeback:             0 kB
AnonPages:        609512 kB
Mapped:           337992 kB
Shmem:               668 kB
Slab:              59500 kB
SReclaimable:      16220 kB
SUnreclaim:        43280 kB
KernelStack:       16024 kB
PageTables:        54008 kB
NFS_Unstable:          0 kB
Bounce:                0 kB
WritebackTmp:          0 kB
CommitLimit:     2183484 kB
Committed_AS:   124621964 kB
VmallocTotal:     311296 kB
VmallocUsed:       34316 kB
VmallocChunk:     151564 kB
Time pass: 201 sec

---2015-12-08 17:44:29
MemTotal:        1745540 kB
MemFree:           50684 kB
Buffers:            8760 kB
Cached:           398808 kB
SwapCached:        47260 kB
Active:           518884 kB
Inactive:         520828 kB
Active(anon):     317260 kB
Inactive(anon):   319356 kB
Active(file):     201624 kB
Inactive(file):   201472 kB
Unevictable:        3816 kB
Mlocked:               0 kB
HighTotal:       1217536 kB
HighFree:          22064 kB
LowTotal:         528004 kB
LowFree:           28620 kB
SwapTotal:       1310716 kB
SwapFree:         789264 kB
Dirty:                56 kB
Writeback:             0 kB
AnonPages:        616124 kB
Mapped:           341112 kB
Shmem:               688 kB
Slab:              59476 kB
SReclaimable:      16220 kB
SUnreclaim:        43256 kB
KernelStack:       16264 kB
PageTables:        54564 kB
NFS_Unstable:          0 kB
Bounce:                0 kB
WritebackTmp:          0 kB
CommitLimit:     2183484 kB
Committed_AS:   126154888 kB
VmallocTotal:     311296 kB
VmallocUsed:       34248 kB
VmallocChunk:     151564 kB
Time pass: 208 sec

---2015-12-08 17:44:29
MemTotal:        1745540 kB
MemFree:           55688 kB
Buffers:            8784 kB
Cached:           399724 kB
SwapCached:        47260 kB
Active:           514164 kB
Inactive:         520568 kB
Active(anon):     311540 kB
Inactive(anon):   319212 kB
Active(file):     202624 kB
Inactive(file):   201356 kB
Unevictable:        3816 kB
Mlocked:               0 kB
HighTotal:       1217536 kB
HighFree:          26092 kB
LowTotal:         528004 kB
LowFree:           29596 kB
SwapTotal:       1310716 kB
SwapFree:         789324 kB
Dirty:                48 kB
Writeback:             0 kB
AnonPages:        610280 kB
Mapped:           335352 kB
Shmem:               716 kB
Slab:              59444 kB
SReclaimable:      16220 kB
SUnreclaim:        43224 kB
KernelStack:       16040 kB
PageTables:        54012 kB
NFS_Unstable:          0 kB
Bounce:                0 kB
WritebackTmp:          0 kB
CommitLimit:     2183484 kB
Committed_AS:   124622228 kB
VmallocTotal:     311296 kB
VmallocUsed:       34316 kB
VmallocChunk:     151564 kB
Time pass: 212 sec

---2015-12-08 17:44:29
MemTotal:        1745540 kB
MemFree:           57552 kB
Buffers:            8672 kB
Cached:           399728 kB
SwapCached:        47252 kB
Active:           513384 kB
Inactive:         520728 kB
Active(anon):     310992 kB
Inactive(anon):   319420 kB
Active(file):     202392 kB
Inactive(file):   201308 kB
Unevictable:        3816 kB
Mlocked:               0 kB
HighTotal:       1217536 kB
HighFree:          27320 kB
LowTotal:         528004 kB
LowFree:           30232 kB
SwapTotal:       1310716 kB
SwapFree:         789336 kB
Dirty:                 0 kB
Writeback:             0 kB
AnonPages:        609752 kB
Mapped:           335492 kB
Shmem:               880 kB
Slab:              59560 kB
SReclaimable:      16220 kB
SUnreclaim:        43340 kB
KernelStack:       16040 kB
PageTables:        54012 kB
NFS_Unstable:          0 kB
Bounce:                0 kB
WritebackTmp:          0 kB
CommitLimit:     2183484 kB
Committed_AS:   124622420 kB
VmallocTotal:     311296 kB
VmallocUsed:       34248 kB
VmallocChunk:     151564 kB
Time pass: 216 sec

---2015-12-08 17:44:29
MemTotal:        1745540 kB
MemFree:           54804 kB
Buffers:            8696 kB
Cached:           399776 kB
SwapCached:        47244 kB
Active:           514676 kB
Inactive:         520816 kB
Active(anon):     312284 kB
Inactive(anon):   319500 kB
Active(file):     202392 kB
Inactive(file):   201316 kB
Unevictable:        3816 kB
Mlocked:               0 kB
HighTotal:       1217536 kB
HighFree:          25240 kB
LowTotal:         528004 kB
LowFree:           29564 kB
SwapTotal:       1310716 kB
SwapFree:         789376 kB
Dirty:                32 kB
Writeback:             0 kB
AnonPages:        611220 kB
Mapped:           335472 kB
Shmem:               948 kB
Slab:              59584 kB
SReclaimable:      16220 kB
SUnreclaim:        43364 kB
KernelStack:       16040 kB
PageTables:        54012 kB
NFS_Unstable:          0 kB
Bounce:                0 kB
WritebackTmp:          0 kB
CommitLimit:     2183484 kB
Committed_AS:   124622444 kB
VmallocTotal:     311296 kB
VmallocUsed:       34316 kB
VmallocChunk:     151564 kB
Time pass: 221 sec

---2015-12-08 17:44:29
MemTotal:        1745540 kB
MemFree:           61068 kB
Buffers:            8340 kB
Cached:           397316 kB
SwapCached:        47528 kB
Active:           513616 kB
Inactive:         515316 kB
Active(anon):     313060 kB
Inactive(anon):   314980 kB
Active(file):     200556 kB
Inactive(file):   200336 kB
Unevictable:        3816 kB
Mlocked:               0 kB
HighTotal:       1217536 kB
HighFree:          30420 kB
LowTotal:         528004 kB
LowFree:           30648 kB
SwapTotal:       1310716 kB
SwapFree:         786668 kB
Dirty:                36 kB
Writeback:             0 kB
AnonPages:        606996 kB
Mapped:           332228 kB
Shmem:               948 kB
Slab:              59584 kB
SReclaimable:      16220 kB
SUnreclaim:        43364 kB
KernelStack:       16200 kB
PageTables:        53968 kB
NFS_Unstable:          0 kB
Bounce:                0 kB
WritebackTmp:          0 kB
CommitLimit:     2183484 kB
Committed_AS:   124620644 kB
VmallocTotal:     311296 kB
VmallocUsed:       34316 kB
VmallocChunk:     151564 kB
Time pass: 225 sec

---2015-12-08 17:44:29
MemTotal:        1745540 kB
MemFree:           65828 kB
Buffers:            8340 kB
Cached:           397332 kB
SwapCached:        47528 kB
Active:           509556 kB
Inactive:         515336 kB
Active(anon):     308968 kB
Inactive(anon):   315016 kB
Active(file):     200588 kB
Inactive(file):   200320 kB
Unevictable:        3816 kB
Mlocked:               0 kB
HighTotal:       1217536 kB
HighFree:          34820 kB
LowTotal:         528004 kB
LowFree:           31008 kB
SwapTotal:       1310716 kB
SwapFree:         786668 kB
Dirty:                24 kB
Writeback:             0 kB
AnonPages:        603100 kB
Mapped:           332380 kB
Shmem:               948 kB
Slab:              59576 kB
SReclaimable:      16240 kB
SUnreclaim:        43336 kB
KernelStack:       16040 kB
PageTables:        54024 kB
NFS_Unstable:          0 kB
Bounce:                0 kB
WritebackTmp:          0 kB
CommitLimit:     2183484 kB
Committed_AS:   124622732 kB
VmallocTotal:     311296 kB
VmallocUsed:       34248 kB
VmallocChunk:     151564 kB
Time pass: 229 sec

---2015-12-08 17:44:29
MemTotal:        1745540 kB
MemFree:           65816 kB
Buffers:            8364 kB
Cached:           397316 kB
SwapCached:        47524 kB
Active:           509376 kB
Inactive:         515348 kB
Active(anon):     308788 kB
Inactive(anon):   315020 kB
Active(file):     200588 kB
Inactive(file):   200328 kB
Unevictable:        3816 kB
Mlocked:               0 kB
HighTotal:       1217536 kB
HighFree:          34920 kB
LowTotal:         528004 kB
LowFree:           30896 kB
SwapTotal:       1310716 kB
SwapFree:         786716 kB
Dirty:                48 kB
Writeback:             0 kB
AnonPages:        603000 kB
Mapped:           332280 kB
Shmem:               948 kB
Slab:              59584 kB
SReclaimable:      16240 kB
SUnreclaim:        43344 kB
KernelStack:       16040 kB
PageTables:        54028 kB
NFS_Unstable:          0 kB
Bounce:                0 kB
WritebackTmp:          0 kB
CommitLimit:     2183484 kB
Committed_AS:   124622788 kB
VmallocTotal:     311296 kB
VmallocUsed:       34316 kB
VmallocChunk:     151564 kB
Time pass: 233 sec

---2015-12-08 17:44:29
MemTotal:        1745540 kB
MemFree:           63024 kB
Buffers:            8368 kB
Cached:           399320 kB
SwapCached:        47608 kB
Active:           510156 kB
Inactive:         517556 kB
Active(anon):     309568 kB
Inactive(anon):   315220 kB
Active(file):     200588 kB
Inactive(file):   202336 kB
Unevictable:        3816 kB
Mlocked:               0 kB
HighTotal:       1217536 kB
HighFree:          32120 kB
LowTotal:         528004 kB
LowFree:           30904 kB
SwapTotal:       1310716 kB
SwapFree:         786864 kB
Dirty:                 4 kB
Writeback:             0 kB
AnonPages:        603832 kB
Mapped:           332404 kB
Shmem:               948 kB
Slab:              59580 kB
SReclaimable:      16240 kB
SUnreclaim:        43340 kB
KernelStack:       16048 kB
PageTables:        54028 kB
NFS_Unstable:          0 kB
Bounce:                0 kB
WritebackTmp:          0 kB
CommitLimit:     2183484 kB
Committed_AS:   124623044 kB
VmallocTotal:     311296 kB
VmallocUsed:       34316 kB
VmallocChunk:     151564 kB
Time pass: 236 sec

---2015-12-08 17:44:29
MemTotal:        1745540 kB
MemFree:           61412 kB
Buffers:            8392 kB
Cached:           399316 kB
SwapCached:        47612 kB
Active:           511956 kB
Inactive:         517608 kB
Active(anon):     311368 kB
Inactive(anon):   315248 kB
Active(file):     200588 kB
Inactive(file):   202360 kB
Unevictable:        3816 kB
Mlocked:               0 kB
HighTotal:       1217536 kB
HighFree:          30344 kB
LowTotal:         528004 kB
LowFree:           31068 kB
SwapTotal:       1310716 kB
SwapFree:         786924 kB
Dirty:                48 kB
Writeback:            48 kB
AnonPages:        605692 kB
Mapped:           332404 kB
Shmem:               948 kB
Slab:              59548 kB
SReclaimable:      16240 kB
SUnreclaim:        43308 kB
KernelStack:       16096 kB
PageTables:        54028 kB
NFS_Unstable:          0 kB
Bounce:                0 kB
WritebackTmp:          0 kB
CommitLimit:     2183484 kB
Committed_AS:   124623148 kB
VmallocTotal:     311296 kB
VmallocUsed:       34248 kB
VmallocChunk:     151564 kB
Time pass: 241 sec

---2015-12-08 17:44:29
MemTotal:        1745540 kB
MemFree:           64824 kB
Buffers:            8256 kB
Cached:           395816 kB
SwapCached:        47616 kB
Active:           509500 kB
Inactive:         514924 kB
Active(anon):     309872 kB
Inactive(anon):   315248 kB
Active(file):     199628 kB
Inactive(file):   199676 kB
Unevictable:        3816 kB
Mlocked:               0 kB
HighTotal:       1217536 kB
HighFree:          33896 kB
LowTotal:         528004 kB
LowFree:           30928 kB
SwapTotal:       1310716 kB
SwapFree:         784832 kB
Dirty:                84 kB
Writeback:             0 kB
AnonPages:        604092 kB
Mapped:           332260 kB
Shmem:               948 kB
Slab:              59560 kB
SReclaimable:      16240 kB
SUnreclaim:        43320 kB
KernelStack:       16112 kB
PageTables:        54028 kB
NFS_Unstable:          0 kB
Bounce:                0 kB
WritebackTmp:          0 kB
CommitLimit:     2183484 kB
Committed_AS:   124623364 kB
VmallocTotal:     311296 kB
VmallocUsed:       34316 kB
VmallocChunk:     151564 kB
Time pass: 245 sec

---2015-12-08 17:44:29
MemTotal:        1745540 kB
MemFree:           65628 kB
Buffers:            8280 kB
Cached:           395796 kB
SwapCached:        47616 kB
Active:           509836 kB
Inactive:         514920 kB
Active(anon):     310208 kB
Inactive(anon):   315236 kB
Active(file):     199628 kB
Inactive(file):   199684 kB
Unevictable:        3816 kB
Mlocked:               0 kB
HighTotal:       1217536 kB
HighFree:          33908 kB
LowTotal:         528004 kB
LowFree:           31720 kB
SwapTotal:       1310716 kB
SwapFree:         784908 kB
Dirty:                72 kB
Writeback:             0 kB
AnonPages:        604680 kB
Mapped:           332260 kB
Shmem:               948 kB
Slab:              59624 kB
SReclaimable:      16240 kB
SUnreclaim:        43384 kB
KernelStack:       16056 kB
PageTables:        54028 kB
NFS_Unstable:          0 kB
Bounce:                0 kB
WritebackTmp:          0 kB
CommitLimit:     2183484 kB
Committed_AS:   124623420 kB
VmallocTotal:     311296 kB
VmallocUsed:       34316 kB
VmallocChunk:     151564 kB
Time pass: 249 sec

---2015-12-08 17:44:29
MemTotal:        1745540 kB
MemFree:           65528 kB
Buffers:            8688 kB
Cached:           395856 kB
SwapCached:        47616 kB
Active:           509748 kB
Inactive:         515440 kB
Active(anon):     310116 kB
Inactive(anon):   315292 kB
Active(file):     199632 kB
Inactive(file):   200148 kB
Unevictable:        3816 kB
Mlocked:               0 kB
HighTotal:       1217536 kB
HighFree:          33964 kB
LowTotal:         528004 kB
LowFree:           31564 kB
SwapTotal:       1310716 kB
SwapFree:         784940 kB
Dirty:                60 kB
Writeback:             0 kB
AnonPages:        604584 kB
Mapped:           332280 kB
Shmem:               948 kB
Slab:              59580 kB
SReclaimable:      16240 kB
SUnreclaim:        43340 kB
KernelStack:       16096 kB
PageTables:        54028 kB
NFS_Unstable:          0 kB
Bounce:                0 kB
WritebackTmp:          0 kB
CommitLimit:     2183484 kB
Committed_AS:   124623940 kB
VmallocTotal:     311296 kB
VmallocUsed:       34316 kB
VmallocChunk:     151564 kB
Time pass: 252 sec

---2015-12-08 17:44:29
MemTotal:        1745540 kB
MemFree:           64556 kB
Buffers:            8704 kB
Cached:           395856 kB
SwapCached:        47616 kB
Active:           510012 kB
Inactive:         515492 kB
Active(anon):     310380 kB
Inactive(anon):   315328 kB
Active(file):     199632 kB
Inactive(file):   200164 kB
Unevictable:        3816 kB
Mlocked:               0 kB
HighTotal:       1217536 kB
HighFree:          33200 kB
LowTotal:         528004 kB
LowFree:           31356 kB
SwapTotal:       1310716 kB
SwapFree:         784992 kB
Dirty:                68 kB
Writeback:             0 kB
AnonPages:        605076 kB
Mapped:           332280 kB
Shmem:               948 kB
Slab:              59676 kB
SReclaimable:      16240 kB
SUnreclaim:        43436 kB
KernelStack:       16088 kB
PageTables:        54032 kB
NFS_Unstable:          0 kB
Bounce:                0 kB
WritebackTmp:          0 kB
CommitLimit:     2183484 kB
Committed_AS:   124624020 kB
VmallocTotal:     311296 kB
VmallocUsed:       34316 kB
VmallocChunk:     151564 kB
Time pass: 256 sec

---2015-12-08 17:44:29
MemTotal:        1745540 kB
MemFree:           64040 kB
Buffers:            8728 kB
Cached:           395840 kB
SwapCached:        47624 kB
Active:           510408 kB
Inactive:         515512 kB
Active(anon):     310776 kB
Inactive(anon):   315340 kB
Active(file):     199632 kB
Inactive(file):   200172 kB
Unevictable:        3816 kB
Mlocked:               0 kB
HighTotal:       1217536 kB
HighFree:          32732 kB
LowTotal:         528004 kB
LowFree:           31308 kB
SwapTotal:       1310716 kB
SwapFree:         785048 kB
Dirty:                28 kB
Writeback:             0 kB
AnonPages:        605356 kB
Mapped:           332280 kB
Shmem:               948 kB
Slab:              59660 kB
SReclaimable:      16240 kB
SUnreclaim:        43420 kB
KernelStack:       16056 kB
PageTables:        54028 kB
NFS_Unstable:          0 kB
Bounce:                0 kB
WritebackTmp:          0 kB
CommitLimit:     2183484 kB
Committed_AS:   124624132 kB
VmallocTotal:     311296 kB
VmallocUsed:       34316 kB
VmallocChunk:     151564 kB
Time pass: 260 sec

---2015-12-08 17:44:29
MemTotal:        1745540 kB
MemFree:           62696 kB
Buffers:            8732 kB
Cached:           395856 kB
SwapCached:        47620 kB
Active:           512252 kB
Inactive:         515632 kB
Active(anon):     312620 kB
Inactive(anon):   315440 kB
Active(file):     199632 kB
Inactive(file):   200192 kB
Unevictable:        3816 kB
Mlocked:               0 kB
HighTotal:       1217536 kB
HighFree:          31188 kB
LowTotal:         528004 kB
LowFree:           31508 kB
SwapTotal:       1310716 kB
SwapFree:         785116 kB
Dirty:                76 kB
Writeback:             0 kB
AnonPages:        607172 kB
Mapped:           332280 kB
Shmem:               948 kB
Slab:              59592 kB
SReclaimable:      16240 kB
SUnreclaim:        43352 kB
KernelStack:       16056 kB
PageTables:        54028 kB
NFS_Unstable:          0 kB
Bounce:                0 kB
WritebackTmp:          0 kB
CommitLimit:     2183484 kB
Committed_AS:   124624260 kB
VmallocTotal:     311296 kB
VmallocUsed:       34316 kB
VmallocChunk:     151564 kB
Time pass: 264 sec

---2015-12-08 17:44:29
MemTotal:        1745540 kB
MemFree:           62372 kB
Buffers:            8740 kB
Cached:           395856 kB
SwapCached:        47612 kB
Active:           513064 kB
Inactive:         515652 kB
Active(anon):     313432 kB
Inactive(anon):   315452 kB
Active(file):     199632 kB
Inactive(file):   200200 kB
Unevictable:        3816 kB
Mlocked:               0 kB
HighTotal:       1217536 kB
HighFree:          30624 kB
LowTotal:         528004 kB
LowFree:           31748 kB
SwapTotal:       1310716 kB
SwapFree:         785132 kB
Dirty:                72 kB
Writeback:             0 kB
AnonPages:        607844 kB
Mapped:           332380 kB
Shmem:               948 kB
Slab:              59592 kB
SReclaimable:      16240 kB
SUnreclaim:        43352 kB
KernelStack:       16048 kB
PageTables:        54032 kB
NFS_Unstable:          0 kB
Bounce:                0 kB
WritebackTmp:          0 kB
CommitLimit:     2183484 kB
Committed_AS:   124624452 kB
VmallocTotal:     311296 kB
VmallocUsed:       34248 kB
VmallocChunk:     151564 kB
Time pass: 268 sec

---2015-12-08 17:44:29
MemTotal:        1745540 kB
MemFree:           56668 kB
Buffers:            8740 kB
Cached:           400528 kB
SwapCached:        47616 kB
Active:           513904 kB
Inactive:         520400 kB
Active(anon):     314272 kB
Inactive(anon):   315504 kB
Active(file):     199632 kB
Inactive(file):   204896 kB
Unevictable:        3816 kB
Mlocked:               0 kB
HighTotal:       1217536 kB
HighFree:          24848 kB
LowTotal:         528004 kB
LowFree:           31820 kB
SwapTotal:       1310716 kB
SwapFree:         785192 kB
Dirty:                 0 kB
Writeback:             0 kB
AnonPages:        608560 kB
Mapped:           332392 kB
Shmem:               948 kB
Slab:              59672 kB
SReclaimable:      16240 kB
SUnreclaim:        43432 kB
KernelStack:       16064 kB
PageTables:        54032 kB
NFS_Unstable:          0 kB
Bounce:                0 kB
WritebackTmp:          0 kB
CommitLimit:     2183484 kB
Committed_AS:   124624540 kB
VmallocTotal:     311296 kB
VmallocUsed:       34316 kB
VmallocChunk:     151564 kB
Time pass: 272 sec

---2015-12-08 17:44:29
MemTotal:        1745540 kB
MemFree:           55476 kB
Buffers:            8764 kB
Cached:           400532 kB
SwapCached:        47624 kB
Active:           514412 kB
Inactive:         520392 kB
Active(anon):     314752 kB
Inactive(anon):   315516 kB
Active(file):     199660 kB
Inactive(file):   204876 kB
Unevictable:        3816 kB
Mlocked:               0 kB
HighTotal:       1217536 kB
HighFree:          24084 kB
LowTotal:         528004 kB
LowFree:           31392 kB
SwapTotal:       1310716 kB
SwapFree:         785232 kB
Dirty:                32 kB
Writeback:             0 kB
AnonPages:        609164 kB
Mapped:           332364 kB
Shmem:               948 kB
Slab:              59588 kB
SReclaimable:      16240 kB
SUnreclaim:        43348 kB
KernelStack:       16072 kB
PageTables:        54036 kB
NFS_Unstable:          0 kB
Bounce:                0 kB
WritebackTmp:          0 kB
CommitLimit:     2183484 kB
Committed_AS:   124624748 kB
VmallocTotal:     311296 kB
VmallocUsed:       34316 kB
VmallocChunk:     151564 kB
Time pass: 276 sec

---2015-12-08 17:44:29
MemTotal:        1745540 kB
MemFree:           52776 kB
Buffers:            8764 kB
Cached:           400552 kB
SwapCached:        47624 kB
Active:           517300 kB
Inactive:         520448 kB
Active(anon):     317640 kB
Inactive(anon):   315556 kB
Active(file):     199660 kB
Inactive(file):   204892 kB
Unevictable:        3816 kB
Mlocked:               0 kB
HighTotal:       1217536 kB
HighFree:          21828 kB
LowTotal:         528004 kB
LowFree:           30948 kB
SwapTotal:       1310716 kB
SwapFree:         785236 kB
Dirty:                 0 kB
Writeback:             0 kB
AnonPages:        612420 kB
Mapped:           334388 kB
Shmem:               948 kB
Slab:              59552 kB
SReclaimable:      16240 kB
SUnreclaim:        43312 kB
KernelStack:       16112 kB
PageTables:        54340 kB
NFS_Unstable:          0 kB
Bounce:                0 kB
WritebackTmp:          0 kB
CommitLimit:     2183484 kB
Committed_AS:   126139604 kB
VmallocTotal:     311296 kB
VmallocUsed:       35336 kB
VmallocChunk:     151564 kB
Time pass: 280 sec

---2015-12-08 17:44:29
MemTotal:        1745540 kB
MemFree:           63164 kB
Buffers:            8696 kB
Cached:           392056 kB
SwapCached:        47688 kB
Active:           511416 kB
Inactive:         514988 kB
Active(anon):     313292 kB
Inactive(anon):   317124 kB
Active(file):     198124 kB
Inactive(file):   197864 kB
Unevictable:        3816 kB
Mlocked:               0 kB
HighTotal:       1217536 kB
HighFree:          33580 kB
LowTotal:         528004 kB
LowFree:           29584 kB
SwapTotal:       1310716 kB
SwapFree:         781432 kB
Dirty:               108 kB
Writeback:             0 kB
AnonPages:        609332 kB
Mapped:           326436 kB
Shmem:               948 kB
Slab:              59660 kB
SReclaimable:      16240 kB
SUnreclaim:        43420 kB
KernelStack:       16032 kB
PageTables:        54016 kB
NFS_Unstable:          0 kB
Bounce:                0 kB
WritebackTmp:          0 kB
CommitLimit:     2183484 kB
Committed_AS:   124624700 kB
VmallocTotal:     311296 kB
VmallocUsed:       34248 kB
VmallocChunk:     151564 kB
Time pass: 284 sec

---2015-12-08 17:44:29
MemTotal:        1745540 kB
MemFree:           63876 kB
Buffers:            8712 kB
Cached:           392056 kB
SwapCached:        47688 kB
Active:           511044 kB
Inactive:         515048 kB
Active(anon):     312920 kB
Inactive(anon):   317168 kB
Active(file):     198124 kB
Inactive(file):   197880 kB
Unevictable:        3816 kB
Mlocked:               0 kB
HighTotal:       1217536 kB
HighFree:          34296 kB
LowTotal:         528004 kB
LowFree:           29580 kB
SwapTotal:       1310716 kB
SwapFree:         781488 kB
Dirty:                 0 kB
Writeback:             0 kB
AnonPages:        609116 kB
Mapped:           326488 kB
Shmem:               948 kB
Slab:              59652 kB
SReclaimable:      16240 kB
SUnreclaim:        43412 kB
KernelStack:       16048 kB
PageTables:        54032 kB
NFS_Unstable:          0 kB
Bounce:                0 kB
WritebackTmp:          0 kB
CommitLimit:     2183484 kB
Committed_AS:   124624772 kB
VmallocTotal:     311296 kB
VmallocUsed:       34248 kB
VmallocChunk:     151564 kB
Time pass: 288 sec

---2015-12-08 17:44:29
MemTotal:        1745540 kB
MemFree:           63228 kB
Buffers:            8728 kB
Cached:           392056 kB
SwapCached:        47688 kB
Active:           511056 kB
Inactive:         515068 kB
Active(anon):     312932 kB
Inactive(anon):   317172 kB
Active(file):     198124 kB
Inactive(file):   197896 kB
Unevictable:        3816 kB
Mlocked:               0 kB
HighTotal:       1217536 kB
HighFree:          33688 kB
LowTotal:         528004 kB
LowFree:           29540 kB
SwapTotal:       1310716 kB
SwapFree:         781500 kB
Dirty:                56 kB
Writeback:             0 kB
AnonPages:        609000 kB
Mapped:           326388 kB
Shmem:               948 kB
Slab:              59632 kB
SReclaimable:      16240 kB
SUnreclaim:        43392 kB
KernelStack:       16048 kB
PageTables:        54032 kB
NFS_Unstable:          0 kB
Bounce:                0 kB
WritebackTmp:          0 kB
CommitLimit:     2183484 kB
Committed_AS:   124624980 kB
VmallocTotal:     311296 kB
VmallocUsed:       34316 kB
VmallocChunk:     151564 kB
Time pass: 291 sec

---2015-12-08 17:44:29
MemTotal:        1745540 kB
MemFree:           63172 kB
Buffers:            8736 kB
Cached:           392056 kB
SwapCached:        47688 kB
Active:           512052 kB
Inactive:         515068 kB
Active(anon):     313928 kB
Inactive(anon):   317164 kB
Active(file):     198124 kB
Inactive(file):   197904 kB
Unevictable:        3816 kB
Mlocked:               0 kB
HighTotal:       1217536 kB
HighFree:          33652 kB
LowTotal:         528004 kB
LowFree:           29520 kB
SwapTotal:       1310716 kB
SwapFree:         781504 kB
Dirty:                60 kB
Writeback:             0 kB
AnonPages:        610048 kB
Mapped:           326488 kB
Shmem:               948 kB
Slab:              59656 kB
SReclaimable:      16240 kB
SUnreclaim:        43416 kB
KernelStack:       16040 kB
PageTables:        54032 kB
NFS_Unstable:          0 kB
Bounce:                0 kB
WritebackTmp:          0 kB
CommitLimit:     2183484 kB
Committed_AS:   124625116 kB
VmallocTotal:     311296 kB
VmallocUsed:       34248 kB
VmallocChunk:     151564 kB
Time pass: 295 sec

---2015-12-08 17:44:29
MemTotal:        1745540 kB
MemFree:           63020 kB
Buffers:            8752 kB
Cached:           392056 kB
SwapCached:        47692 kB
Active:           512260 kB
Inactive:         515108 kB
Active(anon):     314136 kB
Inactive(anon):   317188 kB
Active(file):     198124 kB
Inactive(file):   197920 kB
Unevictable:        3816 kB
Mlocked:               0 kB
HighTotal:       1217536 kB
HighFree:          33076 kB
LowTotal:         528004 kB
LowFree:           29944 kB
SwapTotal:       1310716 kB
SwapFree:         781540 kB
Dirty:                40 kB
Writeback:             0 kB
AnonPages:        610116 kB
Mapped:           326388 kB
Shmem:               948 kB
Slab:              59656 kB
SReclaimable:      16240 kB
SUnreclaim:        43416 kB
KernelStack:       16032 kB
PageTables:        54032 kB
NFS_Unstable:          0 kB
Bounce:                0 kB
WritebackTmp:          0 kB
CommitLimit:     2183484 kB
Committed_AS:   124625156 kB
VmallocTotal:     311296 kB
VmallocUsed:       34316 kB
VmallocChunk:     151564 kB
Time pass: 298 sec

---2015-12-08 17:44:29
MemTotal:        1745540 kB
MemFree:           60828 kB
Buffers:            8760 kB
Cached:           392048 kB
SwapCached:        47692 kB
Active:           513788 kB
Inactive:         515156 kB
Active(anon):     315580 kB
Inactive(anon):   317320 kB
Active(file):     198208 kB
Inactive(file):   197836 kB
Unevictable:        3816 kB
Mlocked:               0 kB
HighTotal:       1217536 kB
HighFree:          31012 kB
LowTotal:         528004 kB
LowFree:           29816 kB
SwapTotal:       1310716 kB
SwapFree:         781672 kB
Dirty:               136 kB
Writeback:             0 kB
AnonPages:        611940 kB
Mapped:           326488 kB
Shmem:               948 kB
Slab:              59600 kB
SReclaimable:      16240 kB
SUnreclaim:        43360 kB
KernelStack:       16032 kB
PageTables:        54032 kB
NFS_Unstable:          0 kB
Bounce:                0 kB
WritebackTmp:          0 kB
CommitLimit:     2183484 kB
Committed_AS:   124620564 kB
VmallocTotal:     311296 kB
VmallocUsed:       34248 kB
VmallocChunk:     151564 kB
Time pass: 302 sec

---2015-12-08 17:44:29
MemTotal:        1745540 kB
MemFree:           61260 kB
Buffers:            8776 kB
Cached:           392056 kB
SwapCached:        47692 kB
Active:           513336 kB
Inactive:         515168 kB
Active(anon):     315128 kB
Inactive(anon):   317308 kB
Active(file):     198208 kB
Inactive(file):   197860 kB
Unevictable:        3816 kB
Mlocked:               0 kB
HighTotal:       1217536 kB
HighFree:          31584 kB
LowTotal:         528004 kB
LowFree:           29676 kB
SwapTotal:       1310716 kB
SwapFree:         781716 kB
Dirty:               124 kB
Writeback:             0 kB
AnonPages:        611276 kB
Mapped:           326488 kB
Shmem:               948 kB
Slab:              59644 kB
SReclaimable:      16240 kB
SUnreclaim:        43404 kB
KernelStack:       16080 kB
PageTables:        54032 kB
NFS_Unstable:          0 kB
Bounce:                0 kB
WritebackTmp:          0 kB
CommitLimit:     2183484 kB
Committed_AS:   124620684 kB
VmallocTotal:     311296 kB
VmallocUsed:       34248 kB
VmallocChunk:     151564 kB
Time pass: 306 sec

---2015-12-08 17:44:29
MemTotal:        1745540 kB
MemFree:           67292 kB
Buffers:            8776 kB
Cached:           392056 kB
SwapCached:        47692 kB
Active:           507948 kB
Inactive:         515176 kB
Active(anon):     309740 kB
Inactive(anon):   317316 kB
Active(file):     198208 kB
Inactive(file):   197860 kB
Unevictable:        3816 kB
Mlocked:               0 kB
HighTotal:       1217536 kB
HighFree:          37456 kB
LowTotal:         528004 kB
LowFree:           29836 kB
SwapTotal:       1310716 kB
SwapFree:         781724 kB
Dirty:                 0 kB
Writeback:             0 kB
AnonPages:        606008 kB
Mapped:           326488 kB
Shmem:               948 kB
Slab:              59652 kB
SReclaimable:      16240 kB
SUnreclaim:        43412 kB
KernelStack:       16032 kB
PageTables:        54032 kB
NFS_Unstable:          0 kB
Bounce:                0 kB
WritebackTmp:          0 kB
CommitLimit:     2183484 kB
Committed_AS:   124620764 kB
VmallocTotal:     311296 kB
VmallocUsed:       34248 kB
VmallocChunk:     151564 kB
Time pass: 309 sec

---2015-12-08 17:44:29
MemTotal:        1745540 kB
MemFree:           66644 kB
Buffers:            8800 kB
Cached:           392056 kB
SwapCached:        47692 kB
Active:           508268 kB
Inactive:         515168 kB
Active(anon):     310060 kB
Inactive(anon):   317276 kB
Active(file):     198208 kB
Inactive(file):   197892 kB
Unevictable:        3816 kB
Mlocked:               0 kB
HighTotal:       1217536 kB
HighFree:          36468 kB
LowTotal:         528004 kB
LowFree:           30176 kB
SwapTotal:       1310716 kB
SwapFree:         781880 kB
Dirty:                60 kB
Writeback:             0 kB
AnonPages:        606380 kB
Mapped:           326488 kB
Shmem:               948 kB
Slab:              59656 kB
SReclaimable:      16240 kB
SUnreclaim:        43416 kB
KernelStack:       16024 kB
PageTables:        54032 kB
NFS_Unstable:          0 kB
Bounce:                0 kB
WritebackTmp:          0 kB
CommitLimit:     2183484 kB
Committed_AS:   124620844 kB
VmallocTotal:     311296 kB
VmallocUsed:       34248 kB
VmallocChunk:     151564 kB
Time pass: 313 sec

---2015-12-08 17:44:29
MemTotal:        1745540 kB
MemFree:           66336 kB
Buffers:            8816 kB
Cached:           392040 kB
SwapCached:        47692 kB
Active:           508600 kB
Inactive:         515164 kB
Active(anon):     310392 kB
Inactive(anon):   317280 kB
Active(file):     198208 kB
Inactive(file):   197884 kB
Unevictable:        3816 kB
Mlocked:               0 kB
HighTotal:       1217536 kB
HighFree:          36308 kB
LowTotal:         528004 kB
LowFree:           30028 kB
SwapTotal:       1310716 kB
SwapFree:         781884 kB
Dirty:                 0 kB
Writeback:             0 kB
AnonPages:        606700 kB
Mapped:           326388 kB
Shmem:               948 kB
Slab:              59656 kB
SReclaimable:      16240 kB
SUnreclaim:        43416 kB
KernelStack:       16040 kB
PageTables:        54032 kB
NFS_Unstable:          0 kB
Bounce:                0 kB
WritebackTmp:          0 kB
CommitLimit:     2183484 kB
Committed_AS:   124620972 kB
VmallocTotal:     311296 kB
VmallocUsed:       34316 kB
VmallocChunk:     151564 kB
Time pass: 317 sec

---2015-12-08 17:44:29
MemTotal:        1745540 kB
MemFree:           62980 kB
Buffers:            8816 kB
Cached:           392056 kB
SwapCached:        47684 kB
Active:           511272 kB
Inactive:         515236 kB
Active(anon):     313064 kB
Inactive(anon):   317336 kB
Active(file):     198208 kB
Inactive(file):   197900 kB
Unevictable:        3816 kB
Mlocked:               0 kB
HighTotal:       1217536 kB
HighFree:          33124 kB
LowTotal:         528004 kB
LowFree:           29856 kB
SwapTotal:       1310716 kB
SwapFree:         781952 kB
Dirty:                80 kB
Writeback:             0 kB
AnonPages:        609440 kB
Mapped:           326388 kB
Shmem:               948 kB
Slab:              59640 kB
SReclaimable:      16240 kB
SUnreclaim:        43400 kB
KernelStack:       16048 kB
PageTables:        54032 kB
NFS_Unstable:          0 kB
Bounce:                0 kB
WritebackTmp:          0 kB
CommitLimit:     2183484 kB
Committed_AS:   124621204 kB
VmallocTotal:     311296 kB
VmallocUsed:       34316 kB
VmallocChunk:     151564 kB
Time pass: 321 sec

---2015-12-08 17:44:29
MemTotal:        1745540 kB
MemFree:           64300 kB
Buffers:            8840 kB
Cached:           392040 kB
SwapCached:        47680 kB
Active:           510240 kB
Inactive:         515228 kB
Active(anon):     312032 kB
Inactive(anon):   317320 kB
Active(file):     198208 kB
Inactive(file):   197908 kB
Unevictable:        3816 kB
Mlocked:               0 kB
HighTotal:       1217536 kB
HighFree:          34380 kB
LowTotal:         528004 kB
LowFree:           29920 kB
SwapTotal:       1310716 kB
SwapFree:         781988 kB
Dirty:                72 kB
Writeback:             0 kB
AnonPages:        608116 kB
Mapped:           326388 kB
Shmem:               948 kB
Slab:              59656 kB
SReclaimable:      16240 kB
SUnreclaim:        43416 kB
KernelStack:       16048 kB
PageTables:        54032 kB
NFS_Unstable:          0 kB
Bounce:                0 kB
WritebackTmp:          0 kB
CommitLimit:     2183484 kB
Committed_AS:   124621324 kB
VmallocTotal:     311296 kB
VmallocUsed:       34316 kB
VmallocChunk:     151564 kB
Time pass: 325 sec

---2015-12-08 17:44:29
MemTotal:        1745540 kB
MemFree:           64188 kB
Buffers:            8960 kB
Cached:           392968 kB
SwapCached:        47700 kB
Active:           510116 kB
Inactive:         515992 kB
Active(anon):     311908 kB
Inactive(anon):   317328 kB
Active(file):     198208 kB
Inactive(file):   198664 kB
Unevictable:        3816 kB
Mlocked:               0 kB
HighTotal:       1217536 kB
HighFree:          33936 kB
LowTotal:         528004 kB
LowFree:           30252 kB
SwapTotal:       1310716 kB
SwapFree:         782192 kB
Dirty:                 0 kB
Writeback:             0 kB
AnonPages:        608724 kB
Mapped:           326344 kB
Shmem:               948 kB
Slab:              59656 kB
SReclaimable:      16240 kB
SUnreclaim:        43416 kB
KernelStack:       16040 kB
PageTables:        54016 kB
NFS_Unstable:          0 kB
Bounce:                0 kB
WritebackTmp:          0 kB
CommitLimit:     2183484 kB
Committed_AS:   124621556 kB
VmallocTotal:     311296 kB
VmallocUsed:       34316 kB
VmallocChunk:     151564 kB
Time pass: 329 sec

---2015-12-08 17:44:29
MemTotal:        1745540 kB
MemFree:           61256 kB
Buffers:            8980 kB
Cached:           394152 kB
SwapCached:        47828 kB
Active:           511352 kB
Inactive:         517408 kB
Active(anon):     313044 kB
Inactive(anon):   317348 kB
Active(file):     198308 kB
Inactive(file):   200060 kB
Unevictable:        3816 kB
Mlocked:               0 kB
HighTotal:       1217536 kB
HighFree:          31480 kB
LowTotal:         528004 kB
LowFree:           29776 kB
SwapTotal:       1310716 kB
SwapFree:         782320 kB
Dirty:                60 kB
Writeback:             0 kB
AnonPages:        609384 kB
Mapped:           326588 kB
Shmem:               948 kB
Slab:              59652 kB
SReclaimable:      16240 kB
SUnreclaim:        43412 kB
KernelStack:       16104 kB
PageTables:        54052 kB
NFS_Unstable:          0 kB
Bounce:                0 kB
WritebackTmp:          0 kB
CommitLimit:     2183484 kB
Committed_AS:   124622140 kB
VmallocTotal:     311296 kB
VmallocUsed:       34316 kB
VmallocChunk:     151564 kB
Time pass: 334 sec

---2015-12-08 17:44:29
MemTotal:        1745540 kB
MemFree:           58024 kB
Buffers:            8996 kB
Cached:           394136 kB
SwapCached:        47828 kB
Active:           514524 kB
Inactive:         517408 kB
Active(anon):     316216 kB
Inactive(anon):   317348 kB
Active(file):     198308 kB
Inactive(file):   200060 kB
Unevictable:        3816 kB
Mlocked:               0 kB
HighTotal:       1217536 kB
HighFree:          28144 kB
LowTotal:         528004 kB
LowFree:           29880 kB
SwapTotal:       1310716 kB
SwapFree:         782332 kB
Dirty:                 0 kB
Writeback:             0 kB
AnonPages:        612648 kB
Mapped:           329468 kB
Shmem:               948 kB
Slab:              59652 kB
SReclaimable:      16240 kB
SUnreclaim:        43412 kB
KernelStack:       16056 kB
PageTables:        54536 kB
NFS_Unstable:          0 kB
Bounce:                0 kB
WritebackTmp:          0 kB
CommitLimit:     2183484 kB
Committed_AS:   126137168 kB
VmallocTotal:     311296 kB
VmallocUsed:       34248 kB
VmallocChunk:     151564 kB
Time pass: 338 sec

---2015-12-08 17:44:29
MemTotal:        1745540 kB
MemFree:           59764 kB
Buffers:            8996 kB
Cached:           394140 kB
SwapCached:        47868 kB
Active:           513272 kB
Inactive:         517328 kB
Active(anon):     314964 kB
Inactive(anon):   317252 kB
Active(file):     198308 kB
Inactive(file):   200076 kB
Unevictable:        3816 kB
Mlocked:               0 kB
HighTotal:       1217536 kB
HighFree:          29820 kB
LowTotal:         528004 kB
LowFree:           29944 kB
SwapTotal:       1310716 kB
SwapFree:         782368 kB
Dirty:                80 kB
Writeback:             0 kB
AnonPages:        611180 kB
Mapped:           326688 kB
Shmem:               948 kB
Slab:              59652 kB
SReclaimable:      16240 kB
SUnreclaim:        43412 kB
KernelStack:       16048 kB
PageTables:        54040 kB
NFS_Unstable:          0 kB
Bounce:                0 kB
WritebackTmp:          0 kB
CommitLimit:     2183484 kB
Committed_AS:   124622440 kB
VmallocTotal:     311296 kB
VmallocUsed:       34248 kB
VmallocChunk:     151564 kB
Time pass: 341 sec

---2015-12-08 17:44:29
MemTotal:        1745540 kB
MemFree:           59028 kB
Buffers:            9020 kB
Cached:           394152 kB
SwapCached:        47868 kB
Active:           513160 kB
Inactive:         517328 kB
Active(anon):     314852 kB
Inactive(anon):   317228 kB
Active(file):     198308 kB
Inactive(file):   200100 kB
Unevictable:        3816 kB
Mlocked:               0 kB
HighTotal:       1217536 kB
HighFree:          28080 kB
LowTotal:         528004 kB
LowFree:           30948 kB
SwapTotal:       1310716 kB
SwapFree:         782384 kB
Dirty:                80 kB
