---2015-12-15 11:39:31
MemTotal:        1386568 kB
MemFree:          255812 kB
Buffers:           10056 kB
Cached:           521232 kB
SwapCached:         5760 kB
Active:           405988 kB
Inactive:         517364 kB
Active(anon):     144380 kB
Inactive(anon):   252528 kB
Active(file):     261608 kB
Inactive(file):   264836 kB
Unevictable:        3132 kB
Mlocked:               0 kB
HighTotal:        849920 kB
HighFree:         145516 kB
LowTotal:         536648 kB
LowFree:          110296 kB
SwapTotal:        786428 kB
SwapFree:         693544 kB
Dirty:                68 kB
Writeback:             0 kB
AnonPages:        392316 kB
Mapped:           286028 kB
Shmem:              1712 kB
Slab:              53516 kB
SReclaimable:      17284 kB
SUnreclaim:        36232 kB
KernelStack:       11616 kB
PageTables:        32216 kB
NFS_Unstable:          0 kB
Bounce:                0 kB
WritebackTmp:          0 kB
CommitLimit:     1479712 kB
Committed_AS:   70851400 kB
VmallocTotal:     319488 kB
VmallocUsed:       19120 kB
VmallocChunk:     186380 kB
Time pass: 3 sec

---2015-12-15 11:39:31
MemTotal:        1386568 kB
MemFree:          257300 kB
Buffers:           10064 kB
Cached:           521260 kB
SwapCached:         5760 kB
Active:           406144 kB
Inactive:         517388 kB
Active(anon):     144532 kB
Inactive(anon):   252524 kB
Active(file):     261612 kB
Inactive(file):   264864 kB
Unevictable:        3132 kB
Mlocked:               0 kB
HighTotal:        849920 kB
HighFree:         146124 kB
LowTotal:         536648 kB
LowFree:          111176 kB
SwapTotal:        786428 kB
SwapFree:         693544 kB
Dirty:                28 kB
Writeback:             0 kB
AnonPages:        392348 kB
Mapped:           286008 kB
Shmem:              1712 kB
Slab:              53440 kB
SReclaimable:      17284 kB
SUnreclaim:        36156 kB
KernelStack:       11472 kB
PageTables:        32184 kB
NFS_Unstable:          0 kB
Bounce:                0 kB
WritebackTmp:          0 kB
CommitLimit:     1479712 kB
Committed_AS:   70851640 kB
VmallocTotal:     319488 kB
VmallocUsed:       19052 kB
VmallocChunk:     186380 kB
Time pass: 7 sec

---2015-12-15 11:39:31
MemTotal:        1386568 kB
MemFree:          256048 kB
Buffers:           10064 kB
Cached:           522500 kB
SwapCached:         5760 kB
Active:           406836 kB
Inactive:         518592 kB
Active(anon):     145224 kB
Inactive(anon):   252484 kB
Active(file):     261612 kB
Inactive(file):   266108 kB
Unevictable:        3132 kB
Mlocked:               0 kB
HighTotal:        849920 kB
HighFree:         144560 kB
LowTotal:         536648 kB
LowFree:          111488 kB
SwapTotal:        786428 kB
SwapFree:         693552 kB
Dirty:                44 kB
Writeback:             0 kB
AnonPages:        393052 kB
Mapped:           286048 kB
Shmem:              1712 kB
Slab:              53236 kB
SReclaimable:      17284 kB
SUnreclaim:        35952 kB
KernelStack:       11472 kB
PageTables:        32184 kB
NFS_Unstable:          0 kB
Bounce:                0 kB
WritebackTmp:          0 kB
CommitLimit:     1479712 kB
Committed_AS:   70851712 kB
VmallocTotal:     319488 kB
VmallocUsed:       18984 kB
VmallocChunk:     186380 kB
Time pass: 11 sec

---2015-12-15 11:39:31
MemTotal:        1386568 kB
MemFree:          257252 kB
Buffers:           10072 kB
Cached:           522492 kB
SwapCached:         5760 kB
Active:           405408 kB
Inactive:         518568 kB
Active(anon):     143796 kB
Inactive(anon):   252460 kB
Active(file):     261612 kB
Inactive(file):   266108 kB
Unevictable:        3132 kB
Mlocked:               0 kB
HighTotal:        849920 kB
HighFree:         145748 kB
LowTotal:         536648 kB
LowFree:          111504 kB
SwapTotal:        786428 kB
SwapFree:         693556 kB
Dirty:                 8 kB
Writeback:             0 kB
AnonPages:        391628 kB
Mapped:           286100 kB
Shmem:              1712 kB
Slab:              53192 kB
SReclaimable:      17276 kB
SUnreclaim:        35916 kB
KernelStack:       11464 kB
PageTables:        32180 kB
NFS_Unstable:          0 kB
Bounce:                0 kB
WritebackTmp:          0 kB
CommitLimit:     1479712 kB
Committed_AS:   70868820 kB
VmallocTotal:     319488 kB
VmallocUsed:       19120 kB
VmallocChunk:     186380 kB
Time pass: 15 sec

---2015-12-15 11:39:31
MemTotal:        1386568 kB
MemFree:          192352 kB
Buffers:           10280 kB
Cached:           567860 kB
SwapCached:         6176 kB
Active:           432952 kB
Inactive:         547792 kB
Active(anon):     154556 kB
Inactive(anon):   253048 kB
Active(file):     278396 kB
Inactive(file):   294744 kB
Unevictable:        3132 kB
Mlocked:               0 kB
HighTotal:        849920 kB
HighFree:          84488 kB
LowTotal:         536648 kB
LowFree:          107864 kB
SwapTotal:        786428 kB
SwapFree:         693868 kB
Dirty:               632 kB
Writeback:             0 kB
AnonPages:        403148 kB
Mapped:           302660 kB
Shmem:              1712 kB
Slab:              53060 kB
SReclaimable:      17276 kB
SUnreclaim:        35784 kB
KernelStack:       11792 kB
PageTables:        33156 kB
NFS_Unstable:          0 kB
Bounce:                0 kB
WritebackTmp:          0 kB
CommitLimit:     1479712 kB
Committed_AS:   73385716 kB
VmallocTotal:     319488 kB
VmallocUsed:       19356 kB
VmallocChunk:     186380 kB
Time pass: 19 sec

---2015-12-15 11:39:31
MemTotal:        1386568 kB
MemFree:          146280 kB
Buffers:           11092 kB
Cached:           584752 kB
SwapCached:         6052 kB
Active:           452048 kB
Inactive:         556744 kB
Active(anon):     171592 kB
Inactive(anon):   246296 kB
Active(file):     280456 kB
Inactive(file):   310448 kB
Unevictable:        3132 kB
Mlocked:               0 kB
HighTotal:        849920 kB
HighFree:          40696 kB
LowTotal:         536648 kB
LowFree:          105584 kB
SwapTotal:        786428 kB
SwapFree:         697996 kB
Dirty:                80 kB
Writeback:             0 kB
AnonPages:        413188 kB
Mapped:           317888 kB
Shmem:              1844 kB
Slab:              53588 kB
SReclaimable:      17328 kB
SUnreclaim:        36260 kB
KernelStack:       12128 kB
PageTables:        33484 kB
NFS_Unstable:          0 kB
Bounce:                0 kB
WritebackTmp:          0 kB
CommitLimit:     1479712 kB
Committed_AS:   73396860 kB
VmallocTotal:     319488 kB
VmallocUsed:       19312 kB
VmallocChunk:     186380 kB
Time pass: 22 sec

---2015-12-15 11:39:31
MemTotal:        1386568 kB
MemFree:          109028 kB
Buffers:           11100 kB
Cached:           585704 kB
SwapCached:         6060 kB
Active:           463212 kB
Inactive:         556396 kB
Active(anon):     182612 kB
Inactive(anon):   245164 kB
Active(file):     280600 kB
Inactive(file):   311232 kB
Unevictable:        3132 kB
Mlocked:               0 kB
HighTotal:        849920 kB
HighFree:          18992 kB
LowTotal:         536648 kB
LowFree:           90036 kB
SwapTotal:        786428 kB
SwapFree:         697996 kB
Dirty:               100 kB
Writeback:             0 kB
AnonPages:        423028 kB
Mapped:           335192 kB
Shmem:              1844 kB
Slab:              53668 kB
SReclaimable:      17328 kB
SUnreclaim:        36340 kB
KernelStack:       12072 kB
PageTables:        33588 kB
NFS_Unstable:          0 kB
Bounce:                0 kB
WritebackTmp:          0 kB
CommitLimit:     1479712 kB
Committed_AS:   73413396 kB
VmallocTotal:     319488 kB
VmallocUsed:       19356 kB
VmallocChunk:     186380 kB
Time pass: 26 sec

---2015-12-15 11:39:31
MemTotal:        1386568 kB
MemFree:          109088 kB
Buffers:           11108 kB
Cached:           585936 kB
SwapCached:         6060 kB
Active:           456744 kB
Inactive:         556228 kB
Active(anon):     175776 kB
Inactive(anon):   245132 kB
Active(file):     280968 kB
Inactive(file):   311096 kB
Unevictable:        3132 kB
Mlocked:               0 kB
HighTotal:        849920 kB
HighFree:          26080 kB
LowTotal:         536648 kB
LowFree:           83008 kB
SwapTotal:        786428 kB
SwapFree:         697996 kB
Dirty:               256 kB
Writeback:             0 kB
AnonPages:        416268 kB
Mapped:           345552 kB
Shmem:              1844 kB
Slab:              53688 kB
SReclaimable:      17336 kB
SUnreclaim:        36352 kB
KernelStack:       12056 kB
PageTables:        33624 kB
NFS_Unstable:          0 kB
Bounce:                0 kB
WritebackTmp:          0 kB
CommitLimit:     1479712 kB
Committed_AS:   73411900 kB
VmallocTotal:     319488 kB
VmallocUsed:       19380 kB
VmallocChunk:     186380 kB
Time pass: 30 sec

---2015-12-15 11:39:31
MemTotal:        1386568 kB
MemFree:          107164 kB
Buffers:           11116 kB
Cached:           586644 kB
SwapCached:         6152 kB
Active:           456036 kB
Inactive:         556836 kB
Active(anon):     175064 kB
Inactive(anon):   245124 kB
Active(file):     280972 kB
Inactive(file):   311712 kB
Unevictable:        3132 kB
Mlocked:               0 kB
HighTotal:        849920 kB
HighFree:          26124 kB
LowTotal:         536648 kB
LowFree:           81040 kB
SwapTotal:        786428 kB
SwapFree:         698004 kB
Dirty:               260 kB
Writeback:             0 kB
AnonPages:        415748 kB
Mapped:           346072 kB
Shmem:              1844 kB
Slab:              53752 kB
SReclaimable:      17336 kB
SUnreclaim:        36416 kB
KernelStack:       12160 kB
PageTables:        33628 kB
NFS_Unstable:          0 kB
Bounce:                0 kB
WritebackTmp:          0 kB
CommitLimit:     1479712 kB
Committed_AS:   73411980 kB
VmallocTotal:     319488 kB
VmallocUsed:       19516 kB
VmallocChunk:     186380 kB
Time pass: 34 sec

---2015-12-15 11:39:31
MemTotal:        1386568 kB
MemFree:          103344 kB
Buffers:           11116 kB
Cached:           588184 kB
SwapCached:         6160 kB
Active:           459120 kB
Inactive:         558588 kB
Active(anon):     178144 kB
Inactive(anon):   245240 kB
Active(file):     280976 kB
Inactive(file):   313348 kB
Unevictable:        3132 kB
Mlocked:               0 kB
HighTotal:        849920 kB
HighFree:          23016 kB
LowTotal:         536648 kB
LowFree:           80328 kB
SwapTotal:        786428 kB
SwapFree:         698028 kB
Dirty:                 4 kB
Writeback:             0 kB
AnonPages:        418644 kB
Mapped:           347832 kB
Shmem:              1844 kB
Slab:              53468 kB
SReclaimable:      17344 kB
SUnreclaim:        36124 kB
KernelStack:       12032 kB
PageTables:        33648 kB
NFS_Unstable:          0 kB
Bounce:                0 kB
WritebackTmp:          0 kB
CommitLimit:     1479712 kB
Committed_AS:   73412492 kB
VmallocTotal:     319488 kB
VmallocUsed:       19380 kB
VmallocChunk:     186380 kB
Time pass: 38 sec

---2015-12-15 11:39:31
MemTotal:        1386568 kB
MemFree:          101072 kB
Buffers:           11124 kB
Cached:           588216 kB
SwapCached:         6160 kB
Active:           459516 kB
Inactive:         558620 kB
Active(anon):     178536 kB
Inactive(anon):   245236 kB
Active(file):     280980 kB
Inactive(file):   313384 kB
Unevictable:        3132 kB
Mlocked:               0 kB
HighTotal:        849920 kB
HighFree:          22436 kB
LowTotal:         536648 kB
LowFree:           78636 kB
SwapTotal:        786428 kB
SwapFree:         698032 kB
Dirty:                24 kB
Writeback:             0 kB
AnonPages:        419076 kB
Mapped:           348044 kB
Shmem:              1844 kB
Slab:              53268 kB
SReclaimable:      17344 kB
SUnreclaim:        35924 kB
KernelStack:       12024 kB
PageTables:        33648 kB
NFS_Unstable:          0 kB
Bounce:                0 kB
WritebackTmp:          0 kB
CommitLimit:     1479712 kB
Committed_AS:   73412564 kB
VmallocTotal:     319488 kB
VmallocUsed:       19380 kB
VmallocChunk:     186380 kB
Time pass: 41 sec

---2015-12-15 11:39:31
MemTotal:        1386568 kB
MemFree:           94236 kB
Buffers:           11132 kB
Cached:           589172 kB
SwapCached:         6160 kB
Active:           467772 kB
Inactive:         559412 kB
Active(anon):     186684 kB
Inactive(anon):   245212 kB
Active(file):     281088 kB
Inactive(file):   314200 kB
Unevictable:        3132 kB
Mlocked:               0 kB
HighTotal:        849920 kB
HighFree:          13140 kB
LowTotal:         536648 kB
LowFree:           81096 kB
SwapTotal:        786428 kB
SwapFree:         698032 kB
Dirty:               204 kB
Writeback:             0 kB
AnonPages:        426932 kB
Mapped:           351688 kB
Shmem:              1844 kB
Slab:              52916 kB
SReclaimable:      17344 kB
SUnreclaim:        35572 kB
KernelStack:       12216 kB
PageTables:        33628 kB
NFS_Unstable:          0 kB
Bounce:                0 kB
WritebackTmp:          0 kB
CommitLimit:     1479712 kB
Committed_AS:   73421196 kB
VmallocTotal:     319488 kB
VmallocUsed:       19496 kB
VmallocChunk:     186380 kB
Time pass: 45 sec

---2015-12-15 11:39:31
MemTotal:        1386568 kB
MemFree:           85912 kB
Buffers:           11220 kB
Cached:           590052 kB
SwapCached:         6196 kB
Active:           471512 kB
Inactive:         559056 kB
Active(anon):     189944 kB
Inactive(anon):   244328 kB
Active(file):     281568 kB
Inactive(file):   314728 kB
Unevictable:        3132 kB
Mlocked:               0 kB
HighTotal:        849920 kB
HighFree:          14396 kB
LowTotal:         536648 kB
LowFree:           71516 kB
SwapTotal:        786428 kB
SwapFree:         698080 kB
Dirty:               760 kB
Writeback:             0 kB
AnonPages:        429500 kB
Mapped:           353636 kB
Shmem:              1844 kB
Slab:              53724 kB
SReclaimable:      17392 kB
SUnreclaim:        36332 kB
KernelStack:       11976 kB
PageTables:        33088 kB
NFS_Unstable:          0 kB
Bounce:                0 kB
WritebackTmp:          0 kB
CommitLimit:     1479712 kB
Committed_AS:   72161912 kB
VmallocTotal:     319488 kB
VmallocUsed:       18348 kB
VmallocChunk:     186380 kB
Time pass: 49 sec

---2015-12-15 11:39:31
MemTotal:        1386568 kB
MemFree:           71548 kB
Buffers:           11256 kB
Cached:           596532 kB
SwapCached:         6188 kB
Active:           477552 kB
Inactive:         565552 kB
Active(anon):     195976 kB
Inactive(anon):   244316 kB
Active(file):     281576 kB
Inactive(file):   321236 kB
Unevictable:        3132 kB
Mlocked:               0 kB
HighTotal:        849920 kB
HighFree:           9120 kB
LowTotal:         536648 kB
LowFree:           62428 kB
SwapTotal:        786428 kB
SwapFree:         698108 kB
Dirty:               148 kB
Writeback:             0 kB
AnonPages:        435604 kB
Mapped:           355748 kB
Shmem:              1844 kB
Slab:              53584 kB
SReclaimable:      17424 kB
SUnreclaim:        36160 kB
KernelStack:       11952 kB
PageTables:        33128 kB
NFS_Unstable:          0 kB
Bounce:                0 kB
WritebackTmp:          0 kB
CommitLimit:     1479712 kB
Committed_AS:   72186496 kB
VmallocTotal:     319488 kB
VmallocUsed:       18348 kB
VmallocChunk:     186380 kB
Time pass: 53 sec

---2015-12-15 11:39:31
MemTotal:        1386568 kB
MemFree:           68460 kB
Buffers:           11264 kB
Cached:           596880 kB
SwapCached:         6220 kB
Active:           478668 kB
Inactive:         565940 kB
Active(anon):     197092 kB
Inactive(anon):   244348 kB
Active(file):     281576 kB
Inactive(file):   321592 kB
Unevictable:        3132 kB
Mlocked:               0 kB
HighTotal:        849920 kB
HighFree:           8788 kB
LowTotal:         536648 kB
LowFree:           59672 kB
SwapTotal:        786428 kB
SwapFree:         698108 kB
Dirty:                52 kB
Writeback:             0 kB
AnonPages:        436568 kB
Mapped:           356212 kB
Shmem:              1844 kB
Slab:              53552 kB
SReclaimable:      17424 kB
SUnreclaim:        36128 kB
KernelStack:       12072 kB
PageTables:        33260 kB
NFS_Unstable:          0 kB
Bounce:                0 kB
WritebackTmp:          0 kB
CommitLimit:     1479712 kB
Committed_AS:   72195216 kB
VmallocTotal:     319488 kB
VmallocUsed:       18484 kB
VmallocChunk:     186380 kB
Time pass: 57 sec

---2015-12-15 11:39:31
MemTotal:        1386568 kB
MemFree:           65372 kB
Buffers:           11264 kB
Cached:           599324 kB
SwapCached:         6220 kB
Active:           474216 kB
Inactive:         568312 kB
Active(anon):     192600 kB
Inactive(anon):   244328 kB
Active(file):     281616 kB
Inactive(file):   323984 kB
Unevictable:        3132 kB
Mlocked:               0 kB
HighTotal:        849920 kB
HighFree:           8784 kB
LowTotal:         536648 kB
LowFree:           56588 kB
SwapTotal:        786428 kB
SwapFree:         698108 kB
Dirty:               304 kB
Writeback:             0 kB
AnonPages:        432336 kB
Mapped:           361592 kB
Shmem:              1844 kB
Slab:              53504 kB
SReclaimable:      17440 kB
SUnreclaim:        36064 kB
KernelStack:       11936 kB
PageTables:        33172 kB
NFS_Unstable:          0 kB
Bounce:                0 kB
WritebackTmp:          0 kB
CommitLimit:     1479712 kB
Committed_AS:   72185880 kB
VmallocTotal:     319488 kB
VmallocUsed:       18348 kB
VmallocChunk:     186380 kB
Time pass: 61 sec

---2015-12-15 11:39:31
MemTotal:        1386568 kB
MemFree:           64624 kB
Buffers:           11272 kB
Cached:           599328 kB
SwapCached:         6216 kB
Active:           474796 kB
Inactive:         568292 kB
Active(anon):     193168 kB
Inactive(anon):   244300 kB
Active(file):     281628 kB
Inactive(file):   323992 kB
Unevictable:        3132 kB
Mlocked:               0 kB
HighTotal:        849920 kB
HighFree:           8740 kB
LowTotal:         536648 kB
LowFree:           55884 kB
SwapTotal:        786428 kB
SwapFree:         698124 kB
Dirty:               100 kB
Writeback:             0 kB
AnonPages:        432584 kB
Mapped:           361772 kB
Shmem:              1844 kB
Slab:              53208 kB
SReclaimable:      17440 kB
SUnreclaim:        35768 kB
KernelStack:       11976 kB
PageTables:        33172 kB
NFS_Unstable:          0 kB
Bounce:                0 kB
WritebackTmp:          0 kB
CommitLimit:     1479712 kB
Committed_AS:   72185968 kB
VmallocTotal:     319488 kB
VmallocUsed:       18348 kB
VmallocChunk:     186380 kB
Time pass: 64 sec

---2015-12-15 11:39:31
MemTotal:        1386568 kB
MemFree:           49988 kB
Buffers:           11280 kB
Cached:           599876 kB
SwapCached:         6216 kB
Active:           480212 kB
Inactive:         568404 kB
Active(anon):     198140 kB
Inactive(anon):   244296 kB
Active(file):     282072 kB
Inactive(file):   324108 kB
Unevictable:        3132 kB
Mlocked:               0 kB
HighTotal:        849920 kB
HighFree:           8804 kB
LowTotal:         536648 kB
LowFree:           41184 kB
SwapTotal:        786428 kB
SwapFree:         698124 kB
Dirty:               600 kB
Writeback:             0 kB
AnonPages:        437624 kB
Mapped:           368232 kB
Shmem:              1844 kB
Slab:              53660 kB
SReclaimable:      17444 kB
SUnreclaim:        36216 kB
KernelStack:       11976 kB
PageTables:        33192 kB
NFS_Unstable:          0 kB
Bounce:                0 kB
WritebackTmp:          0 kB
CommitLimit:     1479712 kB
Committed_AS:   72186560 kB
VmallocTotal:     319488 kB
VmallocUsed:       18372 kB
VmallocChunk:     186380 kB
Time pass: 68 sec

---2015-12-15 11:39:31
MemTotal:        1386568 kB
MemFree:           49800 kB
Buffers:           11280 kB
Cached:           593096 kB
SwapCached:         6252 kB
Active:           493344 kB
Inactive:         554428 kB
Active(anon):     208988 kB
Inactive(anon):   239384 kB
Active(file):     284356 kB
Inactive(file):   315044 kB
Unevictable:        3132 kB
Mlocked:               0 kB
HighTotal:        849920 kB
HighFree:          14248 kB
LowTotal:         536648 kB
LowFree:           35552 kB
SwapTotal:        786428 kB
SwapFree:         694768 kB
Dirty:               236 kB
Writeback:            52 kB
AnonPages:        443648 kB
Mapped:           371492 kB
Shmem:              1844 kB
Slab:              53500 kB
SReclaimable:      17440 kB
SUnreclaim:        36060 kB
KernelStack:       12144 kB
PageTables:        33192 kB
NFS_Unstable:          0 kB
Bounce:                0 kB
WritebackTmp:          0 kB
CommitLimit:     1479712 kB
Committed_AS:   72186704 kB
VmallocTotal:     319488 kB
VmallocUsed:       18440 kB
VmallocChunk:     186380 kB
Time pass: 72 sec

---2015-12-15 11:39:31
MemTotal:        1386568 kB
MemFree:           31536 kB
Buffers:           11028 kB
Cached:           582384 kB
SwapCached:         6532 kB
Active:           499624 kB
Inactive:         545148 kB
Active(anon):     215680 kB
Inactive(anon):   240816 kB
Active(file):     283944 kB
Inactive(file):   304332 kB
Unevictable:        3132 kB
Mlocked:               0 kB
HighTotal:        849920 kB
HighFree:          11808 kB
LowTotal:         536648 kB
LowFree:           19728 kB
SwapTotal:        786428 kB
SwapFree:         690444 kB
Dirty:                16 kB
Writeback:             0 kB
AnonPages:        451532 kB
Mapped:           369204 kB
Shmem:              2004 kB
Slab:              54060 kB
SReclaimable:      17460 kB
SUnreclaim:        36600 kB
KernelStack:       12280 kB
PageTables:        33352 kB
NFS_Unstable:          0 kB
Bounce:                0 kB
WritebackTmp:          0 kB
CommitLimit:     1479712 kB
Committed_AS:   72205668 kB
VmallocTotal:     319488 kB
VmallocUsed:       18440 kB
VmallocChunk:     186380 kB
Time pass: 77 sec

---2015-12-15 11:39:31
MemTotal:        1386568 kB
MemFree:           81684 kB
Buffers:           10864 kB
Cached:           551024 kB
SwapCached:         6600 kB
Active:           476056 kB
Inactive:         492876 kB
Active(anon):     197700 kB
Inactive(anon):   214516 kB
Active(file):     278356 kB
Inactive(file):   278360 kB
Unevictable:        3132 kB
Mlocked:               0 kB
HighTotal:        849920 kB
HighFree:          45184 kB
LowTotal:         536648 kB
LowFree:           36500 kB
SwapTotal:        786428 kB
SwapFree:         682780 kB
Dirty:                24 kB
Writeback:             0 kB
AnonPages:        407156 kB
Mapped:           329656 kB
Shmem:              2044 kB
Slab:              53592 kB
SReclaimable:      17452 kB
SUnreclaim:        36140 kB
KernelStack:       10952 kB
PageTables:        28032 kB
NFS_Unstable:          0 kB
Bounce:                0 kB
WritebackTmp:          0 kB
CommitLimit:     1479712 kB
Committed_AS:   59782980 kB
VmallocTotal:     319488 kB
VmallocUsed:       18508 kB
VmallocChunk:     186380 kB
Time pass: 82 sec

---2015-12-15 11:39:31
MemTotal:        1386568 kB
MemFree:           84132 kB
Buffers:           10888 kB
Cached:           551392 kB
SwapCached:         6600 kB
Active:           475756 kB
Inactive:         493220 kB
Active(anon):     197396 kB
Inactive(anon):   214660 kB
Active(file):     278360 kB
Inactive(file):   278560 kB
Unevictable:        3132 kB
Mlocked:               0 kB
HighTotal:        849920 kB
HighFree:          44992 kB
LowTotal:         536648 kB
LowFree:           39140 kB
SwapTotal:        786428 kB
SwapFree:         682824 kB
Dirty:                64 kB
Writeback:             0 kB
AnonPages:        406928 kB
Mapped:           329876 kB
Shmem:              2200 kB
Slab:              53512 kB
SReclaimable:      17452 kB
SUnreclaim:        36060 kB
KernelStack:       10904 kB
PageTables:        28180 kB
NFS_Unstable:          0 kB
Bounce:                0 kB
WritebackTmp:          0 kB
CommitLimit:     1479712 kB
Committed_AS:   59768312 kB
VmallocTotal:     319488 kB
VmallocUsed:       18508 kB
VmallocChunk:     186380 kB
Time pass: 86 sec

---2015-12-15 11:39:31
MemTotal:        1386568 kB
MemFree:           82268 kB
Buffers:           10912 kB
Cached:           551528 kB
SwapCached:         6600 kB
Active:           475932 kB
Inactive:         493408 kB
Active(anon):     197556 kB
Inactive(anon):   214728 kB
Active(file):     278376 kB
Inactive(file):   278680 kB
Unevictable:        3132 kB
Mlocked:               0 kB
HighTotal:        849920 kB
HighFree:          43756 kB
LowTotal:         536648 kB
LowFree:           38512 kB
SwapTotal:        786428 kB
SwapFree:         682828 kB
Dirty:                80 kB
Writeback:             0 kB
AnonPages:        406920 kB
Mapped:           329904 kB
Shmem:              2252 kB
Slab:              53392 kB
SReclaimable:      17452 kB
SUnreclaim:        35940 kB
KernelStack:       10904 kB
PageTables:        28180 kB
NFS_Unstable:          0 kB
Bounce:                0 kB
WritebackTmp:          0 kB
CommitLimit:     1479712 kB
Committed_AS:   59768352 kB
VmallocTotal:     319488 kB
VmallocUsed:       18440 kB
VmallocChunk:     186380 kB
Time pass: 90 sec

---2015-12-15 11:39:31
MemTotal:        1386568 kB
MemFree:           83460 kB
Buffers:           10920 kB
Cached:           551520 kB
SwapCached:         6600 kB
Active:           474172 kB
Inactive:         493408 kB
Active(anon):     195796 kB
Inactive(anon):   214728 kB
Active(file):     278376 kB
Inactive(file):   278680 kB
Unevictable:        3132 kB
Mlocked:               0 kB
HighTotal:        849920 kB
HighFree:          44524 kB
LowTotal:         536648 kB
LowFree:           38936 kB
SwapTotal:        786428 kB
SwapFree:         682836 kB
Dirty:                44 kB
Writeback:             0 kB
AnonPages:        405216 kB
Mapped:           329904 kB
Shmem:              2252 kB
Slab:              53648 kB
SReclaimable:      17452 kB
SUnreclaim:        36196 kB
KernelStack:       10912 kB
PageTables:        28184 kB
NFS_Unstable:          0 kB
Bounce:                0 kB
WritebackTmp:          0 kB
CommitLimit:     1479712 kB
Committed_AS:   59768416 kB
VmallocTotal:     319488 kB
VmallocUsed:       18508 kB
VmallocChunk:     186380 kB
Time pass: 94 sec

---2015-12-15 11:39:31
MemTotal:        1386568 kB
MemFree:           82180 kB
Buffers:           10920 kB
Cached:           551744 kB
SwapCached:         6608 kB
Active:           475368 kB
Inactive:         493656 kB
Active(anon):     196992 kB
Inactive(anon):   214752 kB
Active(file):     278376 kB
Inactive(file):   278904 kB
Unevictable:        3132 kB
Mlocked:               0 kB
HighTotal:        849920 kB
HighFree:          43000 kB
LowTotal:         536648 kB
LowFree:           39180 kB
SwapTotal:        786428 kB
SwapFree:         682916 kB
Dirty:                60 kB
Writeback:             0 kB
AnonPages:        406452 kB
Mapped:           329936 kB
Shmem:              2252 kB
Slab:              53700 kB
SReclaimable:      17452 kB
SUnreclaim:        36248 kB
KernelStack:       10840 kB
PageTables:        28192 kB
NFS_Unstable:          0 kB
Bounce:                0 kB
WritebackTmp:          0 kB
CommitLimit:     1479712 kB
Committed_AS:   59776664 kB
VmallocTotal:     319488 kB
VmallocUsed:       18440 kB
VmallocChunk:     186380 kB
Time pass: 98 sec

---2015-12-15 11:39:31
MemTotal:        1386568 kB
MemFree:           80264 kB
Buffers:           10944 kB
Cached:           551776 kB
SwapCached:         6528 kB
Active:           477176 kB
Inactive:         493468 kB
Active(anon):     198796 kB
Inactive(anon):   214540 kB
Active(file):     278380 kB
Inactive(file):   278928 kB
Unevictable:        3132 kB
Mlocked:               0 kB
HighTotal:        849920 kB
HighFree:          40884 kB
LowTotal:         536648 kB
LowFree:           39380 kB
SwapTotal:        786428 kB
SwapFree:         683244 kB
Dirty:                72 kB
Writeback:             0 kB
AnonPages:        408148 kB
Mapped:           330012 kB
Shmem:              2280 kB
Slab:              53508 kB
SReclaimable:      17452 kB
SUnreclaim:        36056 kB
KernelStack:       10672 kB
PageTables:        28172 kB
NFS_Unstable:          0 kB
Bounce:                0 kB
WritebackTmp:          0 kB
CommitLimit:     1479712 kB
Committed_AS:   59776152 kB
VmallocTotal:     319488 kB
VmallocUsed:       18508 kB
VmallocChunk:     186380 kB
Time pass: 102 sec

---2015-12-15 11:39:31
MemTotal:        1386568 kB
MemFree:           80480 kB
Buffers:           10944 kB
Cached:           551844 kB
SwapCached:         6524 kB
Active:           477104 kB
Inactive:         493528 kB
Active(anon):     198724 kB
Inactive(anon):   214532 kB
Active(file):     278380 kB
Inactive(file):   278996 kB
Unevictable:        3132 kB
Mlocked:               0 kB
HighTotal:        849920 kB
HighFree:          41284 kB
LowTotal:         536648 kB
LowFree:           39196 kB
SwapTotal:        786428 kB
SwapFree:         683248 kB
Dirty:                 0 kB
Writeback:             0 kB
AnonPages:        408240 kB
Mapped:           330028 kB
Shmem:              2280 kB
Slab:              53536 kB
SReclaimable:      17452 kB
SUnreclaim:        36084 kB
KernelStack:       10616 kB
PageTables:        28164 kB
NFS_Unstable:          0 kB
Bounce:                0 kB
WritebackTmp:          0 kB
CommitLimit:     1479712 kB
Committed_AS:   59776280 kB
VmallocTotal:     319488 kB
VmallocUsed:       18508 kB
VmallocChunk:     186380 kB
Time pass: 106 sec

---2015-12-15 11:39:31
MemTotal:        1386568 kB
MemFree:           80212 kB
Buffers:           10968 kB
Cached:           551876 kB
SwapCached:         6528 kB
Active:           477916 kB
Inactive:         493580 kB
Active(anon):     199536 kB
Inactive(anon):   214560 kB
Active(file):     278380 kB
Inactive(file):   279020 kB
Unevictable:        3132 kB
Mlocked:               0 kB
HighTotal:        849920 kB
HighFree:          40836 kB
LowTotal:         536648 kB
LowFree:           39376 kB
SwapTotal:        786428 kB
SwapFree:         683256 kB
Dirty:                80 kB
Writeback:             0 kB
AnonPages:        408840 kB
Mapped:           330024 kB
Shmem:              2312 kB
Slab:              53772 kB
SReclaimable:      17468 kB
SUnreclaim:        36304 kB
KernelStack:       10608 kB
PageTables:        28172 kB
NFS_Unstable:          0 kB
Bounce:                0 kB
WritebackTmp:          0 kB
CommitLimit:     1479712 kB
Committed_AS:   59780488 kB
VmallocTotal:     319488 kB
VmallocUsed:       18440 kB
VmallocChunk:     186380 kB
Time pass: 109 sec

---2015-12-15 11:39:31
MemTotal:        1386568 kB
MemFree:           81532 kB
Buffers:           10976 kB
Cached:           551876 kB
SwapCached:         6528 kB
Active:           476480 kB
Inactive:         493592 kB
Active(anon):     198100 kB
Inactive(anon):   214564 kB
Active(file):     278380 kB
Inactive(file):   279028 kB
Unevictable:        3132 kB
Mlocked:               0 kB
HighTotal:        849920 kB
HighFree:          40428 kB
LowTotal:         536648 kB
LowFree:           41104 kB
SwapTotal:        786428 kB
SwapFree:         683256 kB
Dirty:                60 kB
Writeback:             0 kB
AnonPages:        407416 kB
Mapped:           330024 kB
Shmem:              2312 kB
Slab:              53708 kB
SReclaimable:      17468 kB
SUnreclaim:        36240 kB
KernelStack:       10640 kB
PageTables:        28168 kB
NFS_Unstable:          0 kB
Bounce:                0 kB
WritebackTmp:          0 kB
CommitLimit:     1479712 kB
Committed_AS:   59780544 kB
VmallocTotal:     319488 kB
VmallocUsed:       18440 kB
VmallocChunk:     186380 kB
Time pass: 113 sec

---2015-12-15 11:39:31
MemTotal:        1386568 kB
MemFree:           78784 kB
Buffers:           10984 kB
Cached:           552404 kB
SwapCached:         6564 kB
Active:           478132 kB
Inactive:         494088 kB
Active(anon):     199680 kB
Inactive(anon):   214592 kB
Active(file):     278452 kB
Inactive(file):   279496 kB
Unevictable:        3132 kB
Mlocked:               0 kB
HighTotal:        849920 kB
HighFree:          38192 kB
LowTotal:         536648 kB
LowFree:           40592 kB
SwapTotal:        786428 kB
SwapFree:         683276 kB
Dirty:                60 kB
Writeback:             0 kB
AnonPages:        409004 kB
Mapped:           330256 kB
Shmem:              2312 kB
Slab:              53612 kB
SReclaimable:      17468 kB
SUnreclaim:        36144 kB
KernelStack:       10640 kB
PageTables:        28584 kB
NFS_Unstable:          0 kB
Bounce:                0 kB
WritebackTmp:          0 kB
CommitLimit:     1479712 kB
Committed_AS:   61031416 kB
VmallocTotal:     319488 kB
VmallocUsed:       18440 kB
VmallocChunk:     186380 kB
Time pass: 117 sec

---2015-12-15 11:39:31
MemTotal:        1386568 kB
MemFree:           77924 kB
Buffers:           10992 kB
Cached:           552552 kB
SwapCached:         6560 kB
Active:           478828 kB
Inactive:         494220 kB
Active(anon):     200372 kB
Inactive(anon):   214716 kB
Active(file):     278456 kB
Inactive(file):   279504 kB
Unevictable:        3132 kB
Mlocked:               0 kB
HighTotal:        849920 kB
HighFree:          37076 kB
LowTotal:         536648 kB
LowFree:           40848 kB
SwapTotal:        786428 kB
SwapFree:         683328 kB
Dirty:                56 kB
Writeback:             0 kB
AnonPages:        409520 kB
Mapped:           330452 kB
Shmem:              2452 kB
Slab:              53548 kB
SReclaimable:      17468 kB
SUnreclaim:        36080 kB
KernelStack:       10632 kB
PageTables:        28628 kB
NFS_Unstable:          0 kB
Bounce:                0 kB
WritebackTmp:          0 kB
CommitLimit:     1479712 kB
Committed_AS:   61023176 kB
VmallocTotal:     319488 kB
VmallocUsed:       18440 kB
VmallocChunk:     186380 kB
Time pass: 121 sec

---2015-12-15 11:39:31
MemTotal:        1386568 kB
MemFree:           75428 kB
Buffers:           11000 kB
Cached:           553016 kB
SwapCached:         6556 kB
Active:           479952 kB
Inactive:         494664 kB
Active(anon):     201496 kB
Inactive(anon):   214688 kB
Active(file):     278456 kB
Inactive(file):   279976 kB
Unevictable:        3132 kB
Mlocked:               0 kB
HighTotal:        849920 kB
HighFree:          34880 kB
LowTotal:         536648 kB
LowFree:           40548 kB
SwapTotal:        786428 kB
SwapFree:         683332 kB
Dirty:                 0 kB
Writeback:             0 kB
AnonPages:        410692 kB
Mapped:           330392 kB
Shmem:              2452 kB
Slab:              53516 kB
SReclaimable:      17468 kB
SUnreclaim:        36048 kB
KernelStack:       10624 kB
PageTables:        28628 kB
NFS_Unstable:          0 kB
Bounce:                0 kB
WritebackTmp:          0 kB
CommitLimit:     1479712 kB
Committed_AS:   61022244 kB
VmallocTotal:     319488 kB
VmallocUsed:       18508 kB
VmallocChunk:     186380 kB
Time pass: 125 sec

---2015-12-15 11:39:31
MemTotal:        1386568 kB
MemFree:           78184 kB
Buffers:           11000 kB
Cached:           554192 kB
SwapCached:         6556 kB
Active:           477188 kB
Inactive:         495804 kB
Active(anon):     198732 kB
Inactive(anon):   215820 kB
Active(file):     278456 kB
Inactive(file):   279984 kB
Unevictable:        3132 kB
Mlocked:               0 kB
HighTotal:        849920 kB
HighFree:          37088 kB
LowTotal:         536648 kB
LowFree:           41096 kB
SwapTotal:        786428 kB
SwapFree:         683336 kB
Dirty:                52 kB
Writeback:             0 kB
AnonPages:        407892 kB
Mapped:           331668 kB
Shmem:              3620 kB
Slab:              53452 kB
SReclaimable:      17468 kB
SUnreclaim:        35984 kB
KernelStack:       10624 kB
PageTables:        28628 kB
NFS_Unstable:          0 kB
Bounce:                0 kB
WritebackTmp:          0 kB
CommitLimit:     1479712 kB
Committed_AS:   61022184 kB
VmallocTotal:     319488 kB
VmallocUsed:       18440 kB
VmallocChunk:     186380 kB
Time pass: 129 sec

---2015-12-15 11:39:31
MemTotal:        1386568 kB
MemFree:           79836 kB
Buffers:           11008 kB
Cached:           554192 kB
SwapCached:         6556 kB
Active:           475260 kB
Inactive:         495744 kB
Active(anon):     196804 kB
Inactive(anon):   215752 kB
Active(file):     278456 kB
Inactive(file):   279992 kB
Unevictable:        3132 kB
Mlocked:               0 kB
HighTotal:        849920 kB
HighFree:          38168 kB
LowTotal:         536648 kB
LowFree:           41668 kB
SwapTotal:        786428 kB
SwapFree:         683336 kB
Dirty:                44 kB
Writeback:             0 kB
AnonPages:        405944 kB
Mapped:           331728 kB
Shmem:              3620 kB
Slab:              53424 kB
SReclaimable:      17468 kB
SUnreclaim:        35956 kB
KernelStack:       10624 kB
PageTables:        28628 kB
NFS_Unstable:          0 kB
Bounce:                0 kB
WritebackTmp:          0 kB
CommitLimit:     1479712 kB
Committed_AS:   61022156 kB
VmallocTotal:     319488 kB
VmallocUsed:       18508 kB
VmallocChunk:     186380 kB
Time pass: 133 sec

---2015-12-15 11:39:31
MemTotal:        1386568 kB
MemFree:           93248 kB
Buffers:           11016 kB
Cached:           552832 kB
SwapCached:         6552 kB
Active:           464844 kB
Inactive:         494100 kB
Active(anon):     186388 kB
Inactive(anon):   213776 kB
Active(file):     278456 kB
Inactive(file):   280324 kB
Unevictable:        3132 kB
Mlocked:               0 kB
HighTotal:        849920 kB
HighFree:          47868 kB
LowTotal:         536648 kB
LowFree:           45380 kB
SwapTotal:        786428 kB
SwapFree:         683396 kB
Dirty:                28 kB
Writeback:             0 kB
AnonPages:        395168 kB
Mapped:           329812 kB
Shmem:              1836 kB
Slab:              54120 kB
SReclaimable:      17468 kB
SUnreclaim:        36652 kB
KernelStack:       10504 kB
PageTables:        28396 kB
NFS_Unstable:          0 kB
Bounce:                0 kB
WritebackTmp:          0 kB
CommitLimit:     1479712 kB
Committed_AS:   61012272 kB
VmallocTotal:     319488 kB
VmallocUsed:       18496 kB
VmallocChunk:     186380 kB
Time pass: 136 sec

---2015-12-15 11:39:31
MemTotal:        1386568 kB
MemFree:           91332 kB
Buffers:           11016 kB
Cached:           552868 kB
SwapCached:         6552 kB
Active:           465864 kB
Inactive:         494160 kB
Active(anon):     187400 kB
Inactive(anon):   213708 kB
Active(file):     278464 kB
Inactive(file):   280452 kB
Unevictable:        3132 kB
Mlocked:               0 kB
HighTotal:        849920 kB
HighFree:          44540 kB
LowTotal:         536648 kB
LowFree:           46792 kB
SwapTotal:        786428 kB
SwapFree:         683396 kB
Dirty:                56 kB
Writeback:             0 kB
AnonPages:        396332 kB
Mapped:           330400 kB
Shmem:              1836 kB
Slab:              54012 kB
SReclaimable:      17460 kB
SUnreclaim:        36552 kB
KernelStack:       10264 kB
PageTables:        28320 kB
NFS_Unstable:          0 kB
Bounce:                0 kB
WritebackTmp:          0 kB
CommitLimit:     1479712 kB
Committed_AS:   61012296 kB
VmallocTotal:     319488 kB
VmallocUsed:       18372 kB
VmallocChunk:     186380 kB
Time pass: 140 sec

---2015-12-15 11:39:31
MemTotal:        1386568 kB
MemFree:           87456 kB
Buffers:           11024 kB
Cached:           553400 kB
SwapCached:         6556 kB
Active:           468076 kB
Inactive:         493640 kB
Active(anon):     188628 kB
Inactive(anon):   213640 kB
Active(file):     279448 kB
Inactive(file):   280000 kB
Unevictable:        3132 kB
Mlocked:               0 kB
HighTotal:        849920 kB
HighFree:          41068 kB
LowTotal:         536648 kB
LowFree:           46388 kB
SwapTotal:        786428 kB
SwapFree:         683396 kB
Dirty:                60 kB
Writeback:             0 kB
AnonPages:        397408 kB
Mapped:           332280 kB
Shmem:              1836 kB
Slab:              53948 kB
SReclaimable:      17460 kB
SUnreclaim:        36488 kB
KernelStack:       10408 kB
PageTables:        28320 kB
NFS_Unstable:          0 kB
Bounce:                0 kB
WritebackTmp:          0 kB
CommitLimit:     1479712 kB
Committed_AS:   61012496 kB
VmallocTotal:     319488 kB
VmallocUsed:       18372 kB
VmallocChunk:     186380 kB
Time pass: 144 sec

---2015-12-15 11:39:31
MemTotal:        1386568 kB
MemFree:          205312 kB
Buffers:           11096 kB
Cached:           559140 kB
SwapCached:         7048 kB
Active:           416108 kB
Inactive:         493212 kB
Active(anon):     129984 kB
Inactive(anon):   213936 kB
Active(file):     286124 kB
Inactive(file):   279276 kB
Unevictable:        3132 kB
Mlocked:               0 kB
HighTotal:        849920 kB
HighFree:         101380 kB
LowTotal:         536648 kB
LowFree:          103932 kB
SwapTotal:        786428 kB
SwapFree:         683556 kB
Dirty:                20 kB
Writeback:             0 kB
AnonPages:        339136 kB
Mapped:           250368 kB
Shmem:              1704 kB
Slab:              53640 kB
SReclaimable:      17452 kB
SUnreclaim:        36188 kB
KernelStack:        9928 kB
PageTables:        28528 kB
NFS_Unstable:          0 kB
Bounce:                0 kB
WritebackTmp:          0 kB
CommitLimit:     1479712 kB
Committed_AS:   63357480 kB
VmallocTotal:     319488 kB
VmallocUsed:       18032 kB
VmallocChunk:     186380 kB
Time pass: 148 sec

---2015-12-15 11:39:31
MemTotal:        1386568 kB
MemFree:          204704 kB
Buffers:           11108 kB
Cached:           559280 kB
SwapCached:         7420 kB
Active:           416428 kB
Inactive:         493640 kB
Active(anon):     130288 kB
Inactive(anon):   214228 kB
Active(file):     286140 kB
Inactive(file):   279412 kB
Unevictable:        3132 kB
Mlocked:               0 kB
HighTotal:        849920 kB
HighFree:         100772 kB
LowTotal:         536648 kB
LowFree:          103932 kB
SwapTotal:        786428 kB
SwapFree:         683604 kB
Dirty:               208 kB
Writeback:             0 kB
AnonPages:        339816 kB
Mapped:           250436 kB
Shmem:              1704 kB
Slab:              53636 kB
SReclaimable:      17452 kB
SUnreclaim:        36184 kB
KernelStack:        9928 kB
PageTables:        28608 kB
NFS_Unstable:          0 kB
Bounce:                0 kB
WritebackTmp:          0 kB
CommitLimit:     1479712 kB
Committed_AS:   63358064 kB
VmallocTotal:     319488 kB
VmallocUsed:       18032 kB
VmallocChunk:     186380 kB
Time pass: 151 sec

---2015-12-15 11:39:31
MemTotal:        1386568 kB
MemFree:          204284 kB
Buffers:           11116 kB
Cached:           559276 kB
SwapCached:         7420 kB
Active:           416560 kB
Inactive:         493620 kB
Active(anon):     130400 kB
Inactive(anon):   214224 kB
Active(file):     286160 kB
Inactive(file):   279396 kB
Unevictable:        3132 kB
Mlocked:               0 kB
HighTotal:        849920 kB
HighFree:         100404 kB
LowTotal:         536648 kB
LowFree:          103880 kB
SwapTotal:        786428 kB
SwapFree:         683608 kB
Dirty:                52 kB
Writeback:             0 kB
AnonPages:        339728 kB
Mapped:           250488 kB
Shmem:              1704 kB
Slab:              53540 kB
SReclaimable:      17452 kB
SUnreclaim:        36088 kB
KernelStack:        9928 kB
PageTables:        28608 kB
NFS_Unstable:          0 kB
Bounce:                0 kB
WritebackTmp:          0 kB
CommitLimit:     1479712 kB
Committed_AS:   63358104 kB
VmallocTotal:     319488 kB
VmallocUsed:       18032 kB
VmallocChunk:     186380 kB
Time pass: 155 sec

---2015-12-15 11:39:31
MemTotal:        1386568 kB
MemFree:          204860 kB
Buffers:           11116 kB
Cached:           560168 kB
SwapCached:         7728 kB
Active:           416184 kB
Inactive:         494744 kB
Active(anon):     130016 kB
Inactive(anon):   214464 kB
Active(file):     286168 kB
Inactive(file):   280280 kB
Unevictable:        3132 kB
Mlocked:               0 kB
HighTotal:        849920 kB
HighFree:         100396 kB
LowTotal:         536648 kB
LowFree:          104464 kB
SwapTotal:        786428 kB
SwapFree:         684124 kB
Dirty:                80 kB
Writeback:             0 kB
AnonPages:        339712 kB
Mapped:           250368 kB
Shmem:              1704 kB
Slab:              53688 kB
SReclaimable:      17448 kB
SUnreclaim:        36240 kB
KernelStack:        9936 kB
PageTables:        28608 kB
NFS_Unstable:          0 kB
Bounce:                0 kB
WritebackTmp:          0 kB
CommitLimit:     1479712 kB
Committed_AS:   63357120 kB
VmallocTotal:     319488 kB
VmallocUsed:       17964 kB
VmallocChunk:     186380 kB
Time pass: 159 sec

---2015-12-15 11:39:31
MemTotal:        1386568 kB
MemFree:          214144 kB
Buffers:           11124 kB
Cached:           560172 kB
SwapCached:         7724 kB
Active:           409856 kB
Inactive:         491812 kB
Active(anon):     122148 kB
Inactive(anon):   213060 kB
Active(file):     287708 kB
Inactive(file):   278752 kB
Unevictable:        3132 kB
Mlocked:               0 kB
HighTotal:        849920 kB
HighFree:         108272 kB
LowTotal:         536648 kB
LowFree:          105872 kB
SwapTotal:        786428 kB
SwapFree:         684132 kB
Dirty:                48 kB
Writeback:             0 kB
AnonPages:        330440 kB
Mapped:           250368 kB
Shmem:              1704 kB
Slab:              53668 kB
SReclaimable:      17448 kB
SUnreclaim:        36220 kB
KernelStack:        9936 kB
PageTables:        28608 kB
NFS_Unstable:          0 kB
Bounce:                0 kB
WritebackTmp:          0 kB
CommitLimit:     1479712 kB
Committed_AS:   63357200 kB
VmallocTotal:     319488 kB
VmallocUsed:       17964 kB
VmallocChunk:     186380 kB
Time pass: 163 sec

---2015-12-15 11:39:31
MemTotal:        1386568 kB
MemFree:          209680 kB
Buffers:           11132 kB
Cached:           560172 kB
SwapCached:         7724 kB
Active:           413548 kB
Inactive:         491812 kB
Active(anon):     125840 kB
Inactive(anon):   213060 kB
Active(file):     287708 kB
Inactive(file):   278752 kB
Unevictable:        3132 kB
Mlocked:               0 kB
HighTotal:        849920 kB
HighFree:         104492 kB
LowTotal:         536648 kB
LowFree:          105188 kB
SwapTotal:        786428 kB
SwapFree:         684132 kB
Dirty:                36 kB
Writeback:             0 kB
AnonPages:        334212 kB
Mapped:           251252 kB
Shmem:              1704 kB
Slab:              53600 kB
SReclaimable:      17448 kB
SUnreclaim:        36152 kB
KernelStack:        9952 kB
PageTables:        28960 kB
NFS_Unstable:          0 kB
Bounce:                0 kB
WritebackTmp:          0 kB
CommitLimit:     1479712 kB
Committed_AS:   66042348 kB
VmallocTotal:     319488 kB
VmallocUsed:       18032 kB
VmallocChunk:     186380 kB
Time pass: 166 sec

---2015-12-15 11:39:31
MemTotal:        1386568 kB
MemFree:          180596 kB
Buffers:           11208 kB
Cached:           560344 kB
SwapCached:         7748 kB
Active:           434668 kB
Inactive:         490788 kB
Active(anon):     145736 kB
Inactive(anon):   213136 kB
Active(file):     288932 kB
Inactive(file):   277652 kB
Unevictable:        3132 kB
Mlocked:               0 kB
HighTotal:        849920 kB
HighFree:          80616 kB
LowTotal:         536648 kB
LowFree:           99980 kB
SwapTotal:        786428 kB
SwapFree:         684140 kB
Dirty:               944 kB
Writeback:             0 kB
AnonPages:        353980 kB
Mapped:           277972 kB
Shmem:              1836 kB
Slab:              53632 kB
SReclaimable:      17448 kB
SUnreclaim:        36184 kB
KernelStack:       10464 kB
PageTables:        29464 kB
NFS_Unstable:          0 kB
Bounce:                0 kB
WritebackTmp:          0 kB
CommitLimit:     1479712 kB
Committed_AS:   64665416 kB
VmallocTotal:     319488 kB
VmallocUsed:       18292 kB
VmallocChunk:     186380 kB
Time pass: 171 sec

---2015-12-15 11:39:31
MemTotal:        1386568 kB
MemFree:          157720 kB
Buffers:           11208 kB
Cached:           560460 kB
SwapCached:         7744 kB
Active:           448828 kB
Inactive:         490760 kB
Active(anon):     159816 kB
Inactive(anon):   213096 kB
Active(file):     289012 kB
Inactive(file):   277664 kB
Unevictable:        3132 kB
Mlocked:               0 kB
HighTotal:        849920 kB
HighFree:          58104 kB
LowTotal:         536648 kB
LowFree:           99616 kB
SwapTotal:        786428 kB
SwapFree:         684152 kB
Dirty:               264 kB
Writeback:             0 kB
AnonPages:        367976 kB
Mapped:           288180 kB
Shmem:              1836 kB
Slab:              53924 kB
SReclaimable:      17432 kB
SUnreclaim:        36492 kB
KernelStack:       10552 kB
PageTables:        29572 kB
NFS_Unstable:          0 kB
Bounce:                0 kB
WritebackTmp:          0 kB
CommitLimit:     1479712 kB
Committed_AS:   64681164 kB
VmallocTotal:     319488 kB
VmallocUsed:       18316 kB
VmallocChunk:     186380 kB
Time pass: 174 sec

---2015-12-15 11:39:31
MemTotal:        1386568 kB
MemFree:          139200 kB
Buffers:           11216 kB
Cached:           560748 kB
SwapCached:         7744 kB
Active:           452216 kB
Inactive:         490764 kB
Active(anon):     163160 kB
Inactive(anon):   212824 kB
Active(file):     289056 kB
Inactive(file):   277940 kB
Unevictable:        3132 kB
Mlocked:               0 kB
HighTotal:        849920 kB
HighFree:          39324 kB
LowTotal:         536648 kB
LowFree:           99876 kB
SwapTotal:        786428 kB
SwapFree:         684152 kB
Dirty:               140 kB
Writeback:             0 kB
AnonPages:        370944 kB
Mapped:           300880 kB
Shmem:              1836 kB
Slab:              53772 kB
SReclaimable:      17432 kB
SUnreclaim:        36340 kB
KernelStack:       10520 kB
PageTables:        29620 kB
NFS_Unstable:          0 kB
Bounce:                0 kB
WritebackTmp:          0 kB
CommitLimit:     1479712 kB
Committed_AS:   64689644 kB
VmallocTotal:     319488 kB
VmallocUsed:       18308 kB
VmallocChunk:     186380 kB
Time pass: 178 sec

---2015-12-15 11:39:31
MemTotal:        1386568 kB
MemFree:          124480 kB
Buffers:           11264 kB
Cached:           560872 kB
SwapCached:         7744 kB
Active:           456260 kB
Inactive:         490588 kB
Active(anon):     166956 kB
Inactive(anon):   212724 kB
Active(file):     289304 kB
Inactive(file):   277864 kB
Unevictable:        3132 kB
Mlocked:               0 kB
HighTotal:        849920 kB
HighFree:          26896 kB
LowTotal:         536648 kB
LowFree:           97584 kB
SwapTotal:        786428 kB
SwapFree:         684156 kB
Dirty:               196 kB
Writeback:             0 kB
AnonPages:        374852 kB
Mapped:           312084 kB
Shmem:              1836 kB
Slab:              53592 kB
SReclaimable:      17440 kB
SUnreclaim:        36152 kB
KernelStack:       10528 kB
PageTables:        29640 kB
NFS_Unstable:          0 kB
Bounce:                0 kB
WritebackTmp:          0 kB
CommitLimit:     1479712 kB
Committed_AS:   64689876 kB
VmallocTotal:     319488 kB
VmallocUsed:       18404 kB
VmallocChunk:     186380 kB
Time pass: 182 sec

---2015-12-15 11:39:31
MemTotal:        1386568 kB
MemFree:          104080 kB
Buffers:           11264 kB
Cached:           567508 kB
SwapCached:         7744 kB
Active:           472740 kB
Inactive:         484064 kB
Active(anon):     170280 kB
Inactive(anon):   212720 kB
Active(file):     302460 kB
Inactive(file):   271344 kB
Unevictable:        3132 kB
Mlocked:               0 kB
HighTotal:        849920 kB
HighFree:          17028 kB
LowTotal:         536648 kB
LowFree:           87052 kB
SwapTotal:        786428 kB
SwapFree:         684156 kB
Dirty:              6908 kB
Writeback:             0 kB
AnonPages:        378148 kB
Mapped:           321780 kB
Shmem:              1836 kB
Slab:              53712 kB
SReclaimable:      17564 kB
SUnreclaim:        36148 kB
KernelStack:       10624 kB
PageTables:        29712 kB
NFS_Unstable:          0 kB
Bounce:                0 kB
WritebackTmp:          0 kB
CommitLimit:     1479712 kB
Committed_AS:   64709684 kB
VmallocTotal:     319488 kB
VmallocUsed:       18336 kB
VmallocChunk:     186380 kB
Time pass: 185 sec

---2015-12-15 11:39:31
MemTotal:        1386568 kB
MemFree:           90496 kB
Buffers:           11276 kB
Cached:           567488 kB
SwapCached:         7744 kB
Active:           477076 kB
Inactive:         484048 kB
Active(anon):     174616 kB
Inactive(anon):   212712 kB
Active(file):     302460 kB
Inactive(file):   271336 kB
Unevictable:        3132 kB
Mlocked:               0 kB
HighTotal:        849920 kB
HighFree:          12688 kB
LowTotal:         536648 kB
LowFree:           77808 kB
SwapTotal:        786428 kB
SwapFree:         684164 kB
Dirty:               528 kB
Writeback:             0 kB
AnonPages:        382408 kB
Mapped:           328236 kB
Shmem:              1836 kB
Slab:              53492 kB
SReclaimable:      17548 kB
SUnreclaim:        35944 kB
KernelStack:       10592 kB
PageTables:        29712 kB
NFS_Unstable:          0 kB
Bounce:                0 kB
WritebackTmp:          0 kB
CommitLimit:     1479712 kB
Committed_AS:   64709904 kB
VmallocTotal:     319488 kB
VmallocUsed:       18360 kB
VmallocChunk:     186380 kB
Time pass: 189 sec

---2015-12-15 11:39:31
MemTotal:        1386568 kB
MemFree:           89276 kB
Buffers:           11284 kB
Cached:           567532 kB
SwapCached:         7744 kB
Active:           477880 kB
Inactive:         484096 kB
Active(anon):     175412 kB
Inactive(anon):   212716 kB
Active(file):     302468 kB
Inactive(file):   271380 kB
Unevictable:        3132 kB
Mlocked:               0 kB
HighTotal:        849920 kB
HighFree:          11752 kB
LowTotal:         536648 kB
LowFree:           77524 kB
SwapTotal:        786428 kB
SwapFree:         684172 kB
Dirty:                 8 kB
Writeback:             0 kB
AnonPages:        383184 kB
Mapped:           328376 kB
Shmem:              1836 kB
Slab:              54036 kB
SReclaimable:      17548 kB
SUnreclaim:        36488 kB
KernelStack:       10520 kB
PageTables:        29712 kB
NFS_Unstable:          0 kB
Bounce:                0 kB
WritebackTmp:          0 kB
CommitLimit:     1479712 kB
Committed_AS:   64710212 kB
VmallocTotal:     319488 kB
VmallocUsed:       18360 kB
VmallocChunk:     186380 kB
Time pass: 193 sec

---2015-12-15 11:39:31
MemTotal:        1386568 kB
MemFree:           88216 kB
Buffers:           11292 kB
Cached:           567524 kB
SwapCached:         7744 kB
Active:           477592 kB
Inactive:         484084 kB
Active(anon):     175124 kB
Inactive(anon):   212704 kB
Active(file):     302468 kB
Inactive(file):   271380 kB
Unevictable:        3132 kB
Mlocked:               0 kB
HighTotal:        849920 kB
HighFree:          11496 kB
LowTotal:         536648 kB
LowFree:           76720 kB
SwapTotal:        786428 kB
SwapFree:         684176 kB
Dirty:                 8 kB
Writeback:             0 kB
AnonPages:        382968 kB
Mapped:           328332 kB
Shmem:              1836 kB
Slab:              53908 kB
SReclaimable:      17548 kB
SUnreclaim:        36360 kB
KernelStack:       10520 kB
PageTables:        29880 kB
NFS_Unstable:          0 kB
Bounce:                0 kB
WritebackTmp:          0 kB
CommitLimit:     1479712 kB
Committed_AS:   64710460 kB
VmallocTotal:     319488 kB
VmallocUsed:       18496 kB
VmallocChunk:     186380 kB
Time pass: 197 sec

---2015-12-15 11:39:31
MemTotal:        1386568 kB
MemFree:           87980 kB
Buffers:           11292 kB
Cached:           567608 kB
SwapCached:         7744 kB
Active:           478788 kB
Inactive:         484136 kB
Active(anon):     176296 kB
Inactive(anon):   212696 kB
Active(file):     302492 kB
Inactive(file):   271440 kB
Unevictable:        3132 kB
Mlocked:               0 kB
HighTotal:        849920 kB
HighFree:          10600 kB
LowTotal:         536648 kB
LowFree:           77380 kB
SwapTotal:        786428 kB
SwapFree:         684176 kB
Dirty:                56 kB
Writeback:             0 kB
AnonPages:        384252 kB
Mapped:           329104 kB
Shmem:              1836 kB
Slab:              53756 kB
SReclaimable:      17548 kB
SUnreclaim:        36208 kB
KernelStack:       10560 kB
PageTables:        29740 kB
NFS_Unstable:          0 kB
Bounce:                0 kB
WritebackTmp:          0 kB
CommitLimit:     1479712 kB
Committed_AS:   64710564 kB
VmallocTotal:     319488 kB
VmallocUsed:       18428 kB
VmallocChunk:     186380 kB
Time pass: 201 sec

---2015-12-15 11:39:31
MemTotal:        1386568 kB
MemFree:           82580 kB
Buffers:           11316 kB
Cached:           567796 kB
SwapCached:         7744 kB
Active:           484016 kB
Inactive:         483324 kB
Active(anon):     180548 kB
Inactive(anon):   212820 kB
Active(file):     303468 kB
Inactive(file):   270504 kB
Unevictable:        3132 kB
Mlocked:               0 kB
HighTotal:        849920 kB
HighFree:          13528 kB
LowTotal:         536648 kB
LowFree:           69052 kB
SwapTotal:        786428 kB
SwapFree:         684220 kB
Dirty:                92 kB
Writeback:             0 kB
AnonPages:        388340 kB
Mapped:           332120 kB
Shmem:              2008 kB
Slab:              54000 kB
SReclaimable:      17548 kB
SUnreclaim:        36452 kB
KernelStack:       10776 kB
PageTables:        29884 kB
NFS_Unstable:          0 kB
Bounce:                0 kB
WritebackTmp:          0 kB
CommitLimit:     1479712 kB
Committed_AS:   64719412 kB
VmallocTotal:     319488 kB
VmallocUsed:       18496 kB
VmallocChunk:     186380 kB
Time pass: 205 sec

---2015-12-15 11:39:31
MemTotal:        1386568 kB
MemFree:           83332 kB
Buffers:           11324 kB
Cached:           567940 kB
SwapCached:         7744 kB
Active:           484556 kB
Inactive:         483304 kB
Active(anon):     181088 kB
Inactive(anon):   212684 kB
Active(file):     303468 kB
Inactive(file):   270620 kB
Unevictable:        3132 kB
Mlocked:               0 kB
HighTotal:        849920 kB
HighFree:          15100 kB
LowTotal:         536648 kB
LowFree:           68232 kB
SwapTotal:        786428 kB
SwapFree:         684220 kB
Dirty:                 4 kB
Writeback:             0 kB
AnonPages:        388700 kB
Mapped:           329972 kB
Shmem:              2044 kB
Slab:              53808 kB
SReclaimable:      17548 kB
SUnreclaim:        36260 kB
KernelStack:       10840 kB
PageTables:        29868 kB
NFS_Unstable:          0 kB
Bounce:                0 kB
WritebackTmp:          0 kB
CommitLimit:     1479712 kB
Committed_AS:   64718868 kB
VmallocTotal:     319488 kB
VmallocUsed:       18496 kB
VmallocChunk:     186380 kB
Time pass: 209 sec

---2015-12-15 11:39:31
MemTotal:        1386568 kB
MemFree:           83224 kB
Buffers:           11324 kB
Cached:           567992 kB
SwapCached:         7744 kB
Active:           485100 kB
Inactive:         483308 kB
Active(anon):     181628 kB
Inactive(anon):   212680 kB
Active(file):     303472 kB
Inactive(file):   270628 kB
Unevictable:        3132 kB
Mlocked:               0 kB
HighTotal:        849920 kB
HighFree:          14568 kB
LowTotal:         536648 kB
LowFree:           68656 kB
SwapTotal:        786428 kB
SwapFree:         684220 kB
Dirty:                 0 kB
Writeback:             0 kB
AnonPages:        389156 kB
Mapped:           329916 kB
Shmem:              2084 kB
Slab:              54056 kB
SReclaimable:      17548 kB
SUnreclaim:        36508 kB
KernelStack:       10832 kB
PageTables:        29900 kB
NFS_Unstable:          0 kB
Bounce:                0 kB
WritebackTmp:          0 kB
CommitLimit:     1479712 kB
Committed_AS:   64718848 kB
VmallocTotal:     319488 kB
VmallocUsed:       18496 kB
VmallocChunk:     186380 kB
Time pass: 213 sec

---2015-12-15 11:39:31
MemTotal:        1386568 kB
MemFree:           75664 kB
Buffers:           11332 kB
Cached:           568024 kB
SwapCached:         7744 kB
Active:           491892 kB
Inactive:         483340 kB
Active(anon):     188420 kB
Inactive(anon):   212672 kB
Active(file):     303472 kB
Inactive(file):   270668 kB
Unevictable:        3132 kB
Mlocked:               0 kB
HighTotal:        849920 kB
HighFree:           8796 kB
LowTotal:         536648 kB
LowFree:           66868 kB
SwapTotal:        786428 kB
SwapFree:         684224 kB
Dirty:                56 kB
Writeback:             0 kB
AnonPages:        396000 kB
Mapped:           330236 kB
Shmem:              2084 kB
Slab:              53952 kB
SReclaimable:      17548 kB
SUnreclaim:        36404 kB
KernelStack:       10848 kB
PageTables:        29912 kB
NFS_Unstable:          0 kB
Bounce:                0 kB
WritebackTmp:          0 kB
CommitLimit:     1479712 kB
Committed_AS:   64731476 kB
VmallocTotal:     319488 kB
VmallocUsed:       18496 kB
VmallocChunk:     186380 kB
Time pass: 217 sec

---2015-12-15 11:39:31
MemTotal:        1386568 kB
MemFree:           82296 kB
Buffers:           11340 kB
Cached:           567888 kB
SwapCached:         7744 kB
Active:           486188 kB
Inactive:         482984 kB
Active(anon):     182540 kB
Inactive(anon):   212404 kB
Active(file):     303648 kB
Inactive(file):   270580 kB
Unevictable:        3132 kB
Mlocked:               0 kB
HighTotal:        849920 kB
HighFree:          16220 kB
LowTotal:         536648 kB
LowFree:           66076 kB
SwapTotal:        786428 kB
SwapFree:         684244 kB
Dirty:               144 kB
Writeback:             0 kB
AnonPages:        390156 kB
Mapped:           330556 kB
Shmem:              1836 kB
Slab:              53908 kB
SReclaimable:      17548 kB
SUnreclaim:        36360 kB
KernelStack:       10576 kB
PageTables:        29804 kB
NFS_Unstable:          0 kB
Bounce:                0 kB
WritebackTmp:          0 kB
CommitLimit:     1479712 kB
Committed_AS:   64725644 kB
VmallocTotal:     319488 kB
VmallocUsed:       18496 kB
VmallocChunk:     186380 kB
Time pass: 221 sec

---2015-12-15 11:39:31
MemTotal:        1386568 kB
MemFree:           82832 kB
Buffers:           11356 kB
Cached:           567900 kB
SwapCached:         7744 kB
Active:           486696 kB
Inactive:         483040 kB
Active(anon):     183044 kB
Inactive(anon):   212404 kB
Active(file):     303652 kB
Inactive(file):   270636 kB
Unevictable:        3132 kB
Mlocked:               0 kB
HighTotal:        849920 kB
HighFree:          15884 kB
LowTotal:         536648 kB
LowFree:           66948 kB
SwapTotal:        786428 kB
SwapFree:         684244 kB
Dirty:                 4 kB
Writeback:             0 kB
AnonPages:        390604 kB
Mapped:           330700 kB
Shmem:              1836 kB
Slab:              53748 kB
SReclaimable:      17548 kB
SUnreclaim:        36200 kB
KernelStack:       10520 kB
PageTables:        29808 kB
NFS_Unstable:          0 kB
Bounce:                0 kB
WritebackTmp:          0 kB
CommitLimit:     1479712 kB
Committed_AS:   64725756 kB
VmallocTotal:     319488 kB
VmallocUsed:       18360 kB
VmallocChunk:     186380 kB
Time pass: 225 sec

---2015-12-15 11:39:31
MemTotal:        1386568 kB
MemFree:           81352 kB
Buffers:           11364 kB
Cached:           567900 kB
SwapCached:         7744 kB
Active:           487540 kB
Inactive:         483044 kB
Active(anon):     183884 kB
Inactive(anon):   212404 kB
Active(file):     303656 kB
Inactive(file):   270640 kB
Unevictable:        3132 kB
Mlocked:               0 kB
HighTotal:        849920 kB
HighFree:          14512 kB
LowTotal:         536648 kB
LowFree:           66840 kB
SwapTotal:        786428 kB
SwapFree:         684244 kB
Dirty:                84 kB
Writeback:             0 kB
AnonPages:        391348 kB
Mapped:           330648 kB
Shmem:              1836 kB
Slab:              53908 kB
SReclaimable:      17548 kB
SUnreclaim:        36360 kB
KernelStack:       10512 kB
PageTables:        29808 kB
NFS_Unstable:          0 kB
Bounce:                0 kB
WritebackTmp:          0 kB
CommitLimit:     1479712 kB
Committed_AS:   64725956 kB
VmallocTotal:     319488 kB
VmallocUsed:       18360 kB
VmallocChunk:     186380 kB
Time pass: 230 sec

---2015-12-15 11:39:31
MemTotal:        1386568 kB
MemFree:           67988 kB
Buffers:           11372 kB
Cached:           568080 kB
SwapCached:         7744 kB
Active:           498408 kB
Inactive:         483224 kB
Active(anon):     194744 kB
Inactive(anon):   212404 kB
Active(file):     303664 kB
Inactive(file):   270820 kB
Unevictable:        3132 kB
Mlocked:               0 kB
HighTotal:        849920 kB
HighFree:           8888 kB
LowTotal:         536648 kB
LowFree:           59100 kB
SwapTotal:        786428 kB
SwapFree:         684244 kB
Dirty:               216 kB
Writeback:             0 kB
AnonPages:        402356 kB
Mapped:           333560 kB
Shmem:              1836 kB
Slab:              53748 kB
SReclaimable:      17548 kB
SUnreclaim:        36200 kB
KernelStack:       10672 kB
PageTables:        29848 kB
NFS_Unstable:          0 kB
Bounce:                0 kB
WritebackTmp:          0 kB
CommitLimit:     1479712 kB
Committed_AS:   64729780 kB
VmallocTotal:     319488 kB
VmallocUsed:       18500 kB
VmallocChunk:     186380 kB
Time pass: 233 sec

---2015-12-15 11:39:31
MemTotal:        1386568 kB
MemFree:           60200 kB
Buffers:           11380 kB
Cached:           568392 kB
SwapCached:         7744 kB
Active:           504964 kB
Inactive:         483460 kB
Active(anon):     201292 kB
Inactive(anon):   212640 kB
Active(file):     303672 kB
Inactive(file):   270820 kB
Unevictable:        3132 kB
Mlocked:               0 kB
HighTotal:        849920 kB
HighFree:           9028 kB
LowTotal:         536648 kB
LowFree:           51172 kB
SwapTotal:        786428 kB
SwapFree:         684244 kB
Dirty:                56 kB
Writeback:             0 kB
AnonPages:        408940 kB
Mapped:           332364 kB
Shmem:              2140 kB
Slab:              53756 kB
SReclaimable:      17552 kB
SUnreclaim:        36204 kB
KernelStack:       10784 kB
PageTables:        29988 kB
NFS_Unstable:          0 kB
Bounce:                0 kB
WritebackTmp:          0 kB
CommitLimit:     1479712 kB
Committed_AS:   64748768 kB
VmallocTotal:     319488 kB
VmallocUsed:       18496 kB
VmallocChunk:     186380 kB
Time pass: 238 sec

---2015-12-15 11:39:31
MemTotal:        1386568 kB
MemFree:           57892 kB
Buffers:           11396 kB
Cached:           568500 kB
SwapCached:         7748 kB
Active:           505524 kB
Inactive:         483540 kB
Active(anon):     201852 kB
Inactive(anon):   212692 kB
Active(file):     303672 kB
Inactive(file):   270848 kB
Unevictable:        3132 kB
Mlocked:               0 kB
HighTotal:        849920 kB
HighFree:           8736 kB
LowTotal:         536648 kB
LowFree:           49156 kB
SwapTotal:        786428 kB
SwapFree:         684256 kB
Dirty:               100 kB
Writeback:             0 kB
AnonPages:        409428 kB
Mapped:           331524 kB
Shmem:              2244 kB
Slab:              53580 kB
SReclaimable:      17556 kB
SUnreclaim:        36024 kB
KernelStack:       10800 kB
PageTables:        30116 kB
NFS_Unstable:          0 kB
Bounce:                0 kB
WritebackTmp:          0 kB
CommitLimit:     1479712 kB
Committed_AS:   64749508 kB
VmallocTotal:     319488 kB
VmallocUsed:       18496 kB
VmallocChunk:     186380 kB
Time pass: 241 sec

---2015-12-15 11:39:31
MemTotal:        1386568 kB
MemFree:           58992 kB
Buffers:           11404 kB
Cached:           568520 kB
SwapCached:         7748 kB
Active:           504436 kB
Inactive:         483520 kB
Active(anon):     200760 kB
Inactive(anon):   212664 kB
Active(file):     303676 kB
Inactive(file):   270856 kB
Unevictable:        3132 kB
Mlocked:               0 kB
HighTotal:        849920 kB
HighFree:           9516 kB
LowTotal:         536648 kB
LowFree:           49476 kB
SwapTotal:        786428 kB
SwapFree:         684256 kB
Dirty:                64 kB
Writeback:             0 kB
AnonPages:        408268 kB
Mapped:           331620 kB
Shmem:              2260 kB
Slab:              53548 kB
SReclaimable:      17556 kB
SUnreclaim:        35992 kB
KernelStack:       10816 kB
PageTables:        30116 kB
NFS_Unstable:          0 kB
Bounce:                0 kB
WritebackTmp:          0 kB
CommitLimit:     1479712 kB
Committed_AS:   64762376 kB
VmallocTotal:     319488 kB
VmallocUsed:       18496 kB
VmallocChunk:     186380 kB
Time pass: 245 sec

---2015-12-15 11:39:31
MemTotal:        1386568 kB
MemFree:           53432 kB
Buffers:           11404 kB
Cached:           568548 kB
SwapCached:         7748 kB
Active:           509656 kB
Inactive:         483544 kB
Active(anon):     205976 kB
Inactive(anon):   212692 kB
Active(file):     303680 kB
Inactive(file):   270852 kB
Unevictable:        3132 kB
Mlocked:               0 kB
HighTotal:        849920 kB
HighFree:           8744 kB
LowTotal:         536648 kB
LowFree:           44688 kB
SwapTotal:        786428 kB
SwapFree:         684256 kB
Dirty:                84 kB
Writeback:             0 kB
AnonPages:        413544 kB
Mapped:           331500 kB
Shmem:              2288 kB
Slab:              53896 kB
SReclaimable:      17556 kB
SUnreclaim:        36340 kB
KernelStack:       10872 kB
PageTables:        30152 kB
NFS_Unstable:          0 kB
Bounce:                0 kB
WritebackTmp:          0 kB
CommitLimit:     1479712 kB
Committed_AS:   64762076 kB
VmallocTotal:     319488 kB
VmallocUsed:       18496 kB
VmallocChunk:     186380 kB
Time pass: 249 sec

---2015-12-15 11:39:31
MemTotal:        1386568 kB
MemFree:           50020 kB
Buffers:           11428 kB
Cached:           568360 kB
SwapCached:         7744 kB
Active:           511664 kB
Inactive:         483324 kB
Active(anon):     207980 kB
Inactive(anon):   212416 kB
Active(file):     303684 kB
Inactive(file):   270908 kB
Unevictable:        3132 kB
Mlocked:               0 kB
HighTotal:        849920 kB
HighFree:           9568 kB
LowTotal:         536648 kB
LowFree:           40452 kB
SwapTotal:        786428 kB
SwapFree:         684280 kB
Dirty:                76 kB
Writeback:             0 kB
AnonPages:        415196 kB
Mapped:           332016 kB
Shmem:              2064 kB
Slab:              54156 kB
SReclaimable:      17556 kB
SUnreclaim:        36600 kB
KernelStack:       10872 kB
PageTables:        30024 kB
NFS_Unstable:          0 kB
Bounce:                0 kB
WritebackTmp:          0 kB
CommitLimit:     1479712 kB
Committed_AS:   64765876 kB
VmallocTotal:     319488 kB
VmallocUsed:       18496 kB
VmallocChunk:     186380 kB
Time pass: 253 sec

---2015-12-15 11:39:31
MemTotal:        1386568 kB
MemFree:           50968 kB
Buffers:           11436 kB
Cached:           568604 kB
SwapCached:         7740 kB
Active:           511740 kB
Inactive:         483552 kB
Active(anon):     208056 kB
Inactive(anon):   212636 kB
Active(file):     303684 kB
Inactive(file):   270916 kB
Unevictable:        3132 kB
Mlocked:               0 kB
HighTotal:        849920 kB
HighFree:           8760 kB
LowTotal:         536648 kB
LowFree:           42208 kB
SwapTotal:        786428 kB
SwapFree:         684480 kB
Dirty:                48 kB
Writeback:             0 kB
AnonPages:        415216 kB
Mapped:           331272 kB
Shmem:              2308 kB
Slab:              54124 kB
SReclaimable:      17556 kB
SUnreclaim:        36568 kB
KernelStack:       10824 kB
PageTables:        30032 kB
NFS_Unstable:          0 kB
Bounce:                0 kB
WritebackTmp:          0 kB
CommitLimit:     1479712 kB
Committed_AS:   64761880 kB
VmallocTotal:     319488 kB
VmallocUsed:       18496 kB
VmallocChunk:     186380 kB
Time pass: 258 sec

---2015-12-15 11:39:31
MemTotal:        1386568 kB
MemFree:           49464 kB
Buffers:           11452 kB
Cached:           568604 kB
SwapCached:         7740 kB
Active:           513748 kB
Inactive:         483496 kB
Active(anon):     210064 kB
Inactive(anon):   212564 kB
Active(file):     303684 kB
Inactive(file):   270932 kB
Unevictable:        3132 kB
Mlocked:               0 kB
HighTotal:        849920 kB
HighFree:           8736 kB
LowTotal:         536648 kB
LowFree:           40728 kB
SwapTotal:        786428 kB
SwapFree:         684480 kB
Dirty:                68 kB
Writeback:             0 kB
AnonPages:        417480 kB
Mapped:           331296 kB
Shmem:              2308 kB
Slab:              54036 kB
SReclaimable:      17556 kB
SUnreclaim:        36480 kB
KernelStack:       10824 kB
PageTables:        30036 kB
NFS_Unstable:          0 kB
Bounce:                0 kB
WritebackTmp:          0 kB
CommitLimit:     1479712 kB
Committed_AS:   64761988 kB
VmallocTotal:     319488 kB
VmallocUsed:       18496 kB
VmallocChunk:     186380 kB
Time pass: 262 sec

---2015-12-15 11:39:31
MemTotal:        1386568 kB
MemFree:           48952 kB
Buffers:           11460 kB
Cached:           568608 kB
SwapCached:         7740 kB
Active:           514536 kB
Inactive:         483504 kB
Active(anon):     210848 kB
Inactive(anon):   212564 kB
Active(file):     303688 kB
Inactive(file):   270940 kB
Unevictable:        3132 kB
Mlocked:               0 kB
HighTotal:        849920 kB
HighFree:           8740 kB
LowTotal:         536648 kB
LowFree:           40212 kB
SwapTotal:        786428 kB
SwapFree:         684480 kB
Dirty:                68 kB
Writeback:             0 kB
AnonPages:        418076 kB
Mapped:           331148 kB
Shmem:              2308 kB
Slab:              54260 kB
SReclaimable:      17556 kB
SUnreclaim:        36704 kB
KernelStack:       10824 kB
PageTables:        30040 kB
NFS_Unstable:          0 kB
Bounce:                0 kB
WritebackTmp:          0 kB
CommitLimit:     1479712 kB
Committed_AS:   64762160 kB
VmallocTotal:     319488 kB
VmallocUsed:       18496 kB
VmallocChunk:     186380 kB
Time pass: 266 sec

---2015-12-15 11:39:31
MemTotal:        1386568 kB
MemFree:           48796 kB
Buffers:           11468 kB
Cached:           568600 kB
SwapCached:         7740 kB
Active:           514360 kB
Inactive:         483504 kB
Active(anon):     210672 kB
Inactive(anon):   212564 kB
Active(file):     303688 kB
Inactive(file):   270940 kB
Unevictable:        3132 kB
Mlocked:               0 kB
HighTotal:        849920 kB
HighFree:           8748 kB
LowTotal:         536648 kB
LowFree:           40048 kB
SwapTotal:        786428 kB
SwapFree:         684480 kB
Dirty:                 0 kB
Writeback:             0 kB
AnonPages:        417968 kB
Mapped:           331300 kB
Shmem:              2308 kB
Slab:              54004 kB
SReclaimable:      17556 kB
SUnreclaim:        36448 kB
KernelStack:       10824 kB
PageTables:        30036 kB
NFS_Unstable:          0 kB
Bounce:                0 kB
WritebackTmp:          0 kB
CommitLimit:     1479712 kB
Committed_AS:   64762328 kB
VmallocTotal:     319488 kB
VmallocUsed:       18496 kB
VmallocChunk:     186380 kB
Time pass: 270 sec

---2015-12-15 11:39:31
MemTotal:        1386568 kB
MemFree:           48276 kB
Buffers:           11484 kB
Cached:           568608 kB
SwapCached:         7740 kB
Active:           514592 kB
Inactive:         483532 kB
Active(anon):     210904 kB
Inactive(anon):   212568 kB
Active(file):     303688 kB
Inactive(file):   270964 kB
Unevictable:        3132 kB
Mlocked:               0 kB
HighTotal:        849920 kB
HighFree:           8720 kB
LowTotal:         536648 kB
LowFree:           39556 kB
SwapTotal:        786428 kB
SwapFree:         684484 kB
Dirty:                76 kB
Writeback:             0 kB
AnonPages:        418332 kB
Mapped:           331152 kB
Shmem:              2308 kB
Slab:              54200 kB
SReclaimable:      17556 kB
SUnreclaim:        36644 kB
KernelStack:       10808 kB
PageTables:        30032 kB
NFS_Unstable:          0 kB
Bounce:                0 kB
WritebackTmp:          0 kB
CommitLimit:     1479712 kB
Committed_AS:   64761656 kB
VmallocTotal:     319488 kB
VmallocUsed:       18496 kB
VmallocChunk:     186380 kB
Time pass: 274 sec

---2015-12-15 11:39:31
MemTotal:        1386568 kB
MemFree:           48164 kB
Buffers:           11492 kB
Cached:           568608 kB
SwapCached:         7736 kB
Active:           514328 kB
Inactive:         483524 kB
Active(anon):     210640 kB
Inactive(anon):   212552 kB
Active(file):     303688 kB
Inactive(file):   270972 kB
Unevictable:        3132 kB
Mlocked:               0 kB
HighTotal:        849920 kB
HighFree:           8724 kB
LowTotal:         536648 kB
LowFree:           39440 kB
SwapTotal:        786428 kB
SwapFree:         684488 kB
Dirty:                60 kB
Writeback:             0 kB
AnonPages:        417948 kB
Mapped:           331300 kB
Shmem:              2308 kB
Slab:              54272 kB
SReclaimable:      17564 kB
SUnreclaim:        36708 kB
KernelStack:       10824 kB
PageTables:        30032 kB
NFS_Unstable:          0 kB
Bounce:                0 kB
WritebackTmp:          0 kB
CommitLimit:     1479712 kB
Committed_AS:   64761896 kB
VmallocTotal:     319488 kB
VmallocUsed:       18496 kB
VmallocChunk:     186380 kB
Time pass: 278 sec

---2015-12-15 11:39:31
MemTotal:        1386568 kB
MemFree:           49020 kB
Buffers:           11500 kB
Cached:           568608 kB
SwapCached:         7736 kB
Active:           514208 kB
Inactive:         483528 kB
Active(anon):     210520 kB
Inactive(anon):   212548 kB
Active(file):     303688 kB
Inactive(file):   270980 kB
Unevictable:        3132 kB
Mlocked:               0 kB
HighTotal:        849920 kB
HighFree:           8800 kB
LowTotal:         536648 kB
LowFree:           40220 kB
SwapTotal:        786428 kB
SwapFree:         684488 kB
Dirty:                16 kB
Writeback:             0 kB
AnonPages:        417760 kB
Mapped:           331152 kB
Shmem:              2308 kB
Slab:              53984 kB
SReclaimable:      17564 kB
SUnreclaim:        36420 kB
KernelStack:       10824 kB
PageTables:        30036 kB
NFS_Unstable:          0 kB
Bounce:                0 kB
WritebackTmp:          0 kB
CommitLimit:     1479712 kB
Committed_AS:   64761968 kB
VmallocTotal:     319488 kB
VmallocUsed:       18496 kB
VmallocChunk:     186380 kB
Time pass: 282 sec

---2015-12-15 11:39:31
MemTotal:        1386568 kB
MemFree:           48112 kB
Buffers:           11516 kB
Cached:           568612 kB
SwapCached:         7736 kB
Active:           514664 kB
Inactive:         483544 kB
Active(anon):     210976 kB
Inactive(anon):   212544 kB
Active(file):     303688 kB
Inactive(file):   271000 kB
Unevictable:        3132 kB
Mlocked:               0 kB
HighTotal:        849920 kB
HighFree:           8776 kB
LowTotal:         536648 kB
LowFree:           39336 kB
SwapTotal:        786428 kB
SwapFree:         684488 kB
Dirty:                72 kB
Writeback:             0 kB
AnonPages:        418224 kB
Mapped:           331300 kB
Shmem:              2308 kB
Slab:              53952 kB
SReclaimable:      17564 kB
SUnreclaim:        36388 kB
KernelStack:       10832 kB
PageTables:        30036 kB
NFS_Unstable:          0 kB
Bounce:                0 kB
WritebackTmp:          0 kB
CommitLimit:     1479712 kB
Committed_AS:   64762056 kB
VmallocTotal:     319488 kB
VmallocUsed:       18496 kB
VmallocChunk:     186380 kB
Time pass: 286 sec

---2015-12-15 11:39:31
MemTotal:        1386568 kB
MemFree:           44412 kB
Buffers:           11524 kB
Cached:           568800 kB
SwapCached:         7736 kB
Active:           518532 kB
Inactive:         483780 kB
Active(anon):     214840 kB
Inactive(anon):   212736 kB
Active(file):     303692 kB
Inactive(file):   271044 kB
Unevictable:        3132 kB
Mlocked:               0 kB
HighTotal:        849920 kB
HighFree:           8708 kB
LowTotal:         536648 kB
LowFree:           35704 kB
SwapTotal:        786428 kB
SwapFree:         684488 kB
Dirty:               104 kB
Writeback:             0 kB
AnonPages:        422024 kB
Mapped:           331452 kB
Shmem:              2456 kB
Slab:              54460 kB
SReclaimable:      17568 kB
SUnreclaim:        36892 kB
KernelStack:       10888 kB
PageTables:        30032 kB
NFS_Unstable:          0 kB
Bounce:                0 kB
WritebackTmp:          0 kB
CommitLimit:     1479712 kB
Committed_AS:   64762736 kB
VmallocTotal:     319488 kB
VmallocUsed:       18496 kB
VmallocChunk:     186380 kB
Time pass: 290 sec

---2015-12-15 11:39:31
MemTotal:        1386568 kB
MemFree:           46000 kB
Buffers:           11532 kB
Cached:           568912 kB
SwapCached:         7736 kB
Active:           516300 kB
Inactive:         483848 kB
Active(anon):     212608 kB
Inactive(anon):   212804 kB
Active(file):     303692 kB
Inactive(file):   271044 kB
Unevictable:        3132 kB
Mlocked:               0 kB
HighTotal:        849920 kB
HighFree:           8724 kB
LowTotal:         536648 kB
LowFree:           37276 kB
SwapTotal:        786428 kB
SwapFree:         684488 kB
Dirty:                 0 kB
Writeback:             0 kB
AnonPages:        420124 kB
Mapped:           331424 kB
Shmem:              2576 kB
Slab:              54104 kB
SReclaimable:      17568 kB
SUnreclaim:        36536 kB
KernelStack:       10840 kB
PageTables:        30036 kB
NFS_Unstable:          0 kB
Bounce:                0 kB
WritebackTmp:          0 kB
CommitLimit:     1479712 kB
Committed_AS:   64762824 kB
VmallocTotal:     319488 kB
VmallocUsed:       18496 kB
VmallocChunk:     186380 kB
Time pass: 294 sec

---2015-12-15 11:39:31
MemTotal:        1386568 kB
MemFree:           45216 kB
Buffers:           11548 kB
Cached:           568948 kB
SwapCached:         7736 kB
Active:           516952 kB
Inactive:         483900 kB
Active(anon):     213260 kB
Inactive(anon):   212832 kB
Active(file):     303692 kB
Inactive(file):   271068 kB
Unevictable:        3132 kB
Mlocked:               0 kB
HighTotal:        849920 kB
HighFree:           8744 kB
LowTotal:         536648 kB
LowFree:           36472 kB
SwapTotal:        786428 kB
SwapFree:         684488 kB
Dirty:                96 kB
Writeback:             0 kB
AnonPages:        420696 kB
Mapped:           331604 kB
Shmem:              2604 kB
Slab:              54200 kB
SReclaimable:      17568 kB
SUnreclaim:        36632 kB
KernelStack:       10840 kB
PageTables:        30032 kB
NFS_Unstable:          0 kB
Bounce:                0 kB
WritebackTmp:          0 kB
CommitLimit:     1479712 kB
Committed_AS:   64762288 kB
VmallocTotal:     319488 kB
VmallocUsed:       18496 kB
VmallocChunk:     186380 kB
Time pass: 298 sec

---2015-12-15 11:39:31
MemTotal:        1386568 kB
MemFree:           44628 kB
Buffers:           11556 kB
Cached:           568948 kB
SwapCached:         7736 kB
Active:           518240 kB
Inactive:         483896 kB
Active(anon):     214548 kB
Inactive(anon):   212820 kB
Active(file):     303692 kB
Inactive(file):   271076 kB
Unevictable:        3132 kB
Mlocked:               0 kB
HighTotal:        849920 kB
HighFree:           8744 kB
LowTotal:         536648 kB
LowFree:           35884 kB
SwapTotal:        786428 kB
SwapFree:         684488 kB
Dirty:                52 kB
Writeback:             0 kB
AnonPages:        421792 kB
Mapped:           331608 kB
Shmem:              2604 kB
Slab:              54300 kB
SReclaimable:      17572 kB
SUnreclaim:        36728 kB
KernelStack:       10856 kB
PageTables:        30096 kB
NFS_Unstable:          0 kB
Bounce:                0 kB
WritebackTmp:          0 kB
CommitLimit:     1479712 kB
Committed_AS:   64762352 kB
VmallocTotal:     319488 kB
VmallocUsed:       18496 kB
VmallocChunk:     186380 kB
Time pass: 302 sec

---2015-12-15 11:39:31
MemTotal:        1386568 kB
MemFree:           45924 kB
Buffers:           11556 kB
Cached:           568948 kB
SwapCached:         7736 kB
Active:           516544 kB
Inactive:         483892 kB
Active(anon):     212852 kB
Inactive(anon):   212816 kB
Active(file):     303692 kB
Inactive(file):   271076 kB
Unevictable:        3132 kB
Mlocked:               0 kB
HighTotal:        849920 kB
HighFree:           8884 kB
LowTotal:         536648 kB
LowFree:           37040 kB
SwapTotal:        786428 kB
SwapFree:         684488 kB
Dirty:                60 kB
Writeback:             0 kB
AnonPages:        420100 kB
Mapped:           331612 kB
Shmem:              2604 kB
Slab:              54204 kB
SReclaimable:      17572 kB
SUnreclaim:        36632 kB
KernelStack:       10808 kB
PageTables:        30036 kB
NFS_Unstable:          0 kB
Bounce:                0 kB
WritebackTmp:          0 kB
CommitLimit:     1479712 kB
Committed_AS:   64762424 kB
VmallocTotal:     319488 kB
VmallocUsed:       18496 kB
VmallocChunk:     186380 kB
Time pass: 305 sec

---2015-12-15 11:39:31
MemTotal:        1386568 kB
MemFree:           45800 kB
Buffers:           11580 kB
Cached:           568952 kB
SwapCached:         7736 kB
Active:           517648 kB
Inactive:         483908 kB
Active(anon):     213952 kB
Inactive(anon):   212808 kB
Active(file):     303696 kB
Inactive(file):   271100 kB
Unevictable:        3132 kB
Mlocked:               0 kB
HighTotal:        849920 kB
HighFree:           8808 kB
LowTotal:         536648 kB
LowFree:           36992 kB
SwapTotal:        786428 kB
SwapFree:         684488 kB
Dirty:                72 kB
Writeback:             0 kB
AnonPages:        421216 kB
Mapped:           331568 kB
Shmem:              2604 kB
Slab:              53948 kB
SReclaimable:      17572 kB
SUnreclaim:        36376 kB
KernelStack:       10776 kB
PageTables:        30040 kB
NFS_Unstable:          0 kB
Bounce:                0 kB
WritebackTmp:          0 kB
CommitLimit:     1479712 kB
Committed_AS:   64762088 kB
VmallocTotal:     319488 kB
VmallocUsed:       18428 kB
VmallocChunk:     186380 kB
Time pass: 309 sec

---2015-12-15 11:39:31
MemTotal:        1386568 kB
MemFree:           44808 kB
Buffers:           11588 kB
Cached:           568952 kB
SwapCached:         7732 kB
Active:           517300 kB
Inactive:         483908 kB
Active(anon):     213600 kB
Inactive(anon):   212808 kB
Active(file):     303700 kB
Inactive(file):   271100 kB
Unevictable:        3132 kB
Mlocked:               0 kB
HighTotal:        849920 kB
HighFree:           8776 kB
LowTotal:         536648 kB
LowFree:           36032 kB
SwapTotal:        786428 kB
SwapFree:         684492 kB
Dirty:                72 kB
Writeback:             0 kB
AnonPages:        420720 kB
Mapped:           331692 kB
Shmem:              2604 kB
Slab:              54140 kB
SReclaimable:      17572 kB
SUnreclaim:        36568 kB
KernelStack:       10896 kB
PageTables:        30056 kB
NFS_Unstable:          0 kB
Bounce:                0 kB
WritebackTmp:          0 kB
CommitLimit:     1479712 kB
Committed_AS:   64762208 kB
VmallocTotal:     319488 kB
VmallocUsed:       18496 kB
VmallocChunk:     186380 kB
Time pass: 313 sec

---2015-12-15 11:39:31
MemTotal:        1386568 kB
MemFree:           45268 kB
Buffers:           11588 kB
Cached:           568952 kB
SwapCached:         7732 kB
Active:           517992 kB
Inactive:         483916 kB
Active(anon):     214296 kB
Inactive(anon):   212808 kB
Active(file):     303696 kB
Inactive(file):   271108 kB
Unevictable:        3132 kB
Mlocked:               0 kB
HighTotal:        849920 kB
HighFree:           8848 kB
LowTotal:         536648 kB
LowFree:           36420 kB
SwapTotal:        786428 kB
SwapFree:         684492 kB
Dirty:                 0 kB
Writeback:             0 kB
AnonPages:        421416 kB
Mapped:           331572 kB
Shmem:              2604 kB
Slab:              54300 kB
SReclaimable:      17572 kB
SUnreclaim:        36728 kB
KernelStack:       10808 kB
PageTables:        30048 kB
NFS_Unstable:          0 kB
Bounce:                0 kB
WritebackTmp:          0 kB
CommitLimit:     1479712 kB
Committed_AS:   64766520 kB
VmallocTotal:     319488 kB
VmallocUsed:       18428 kB
VmallocChunk:     186380 kB
Time pass: 317 sec

---2015-12-15 11:39:31
MemTotal:        1386568 kB
MemFree:           43316 kB
Buffers:           11612 kB
Cached:           569044 kB
SwapCached:         7732 kB
Active:           518724 kB
Inactive:         484028 kB
Active(anon):     215028 kB
Inactive(anon):   212804 kB
Active(file):     303696 kB
Inactive(file):   271224 kB
Unevictable:        3132 kB
Mlocked:               0 kB
HighTotal:        849920 kB
HighFree:           8736 kB
LowTotal:         536648 kB
LowFree:           34580 kB
SwapTotal:        786428 kB
SwapFree:         684492 kB
Dirty:                68 kB
Writeback:             0 kB
AnonPages:        422092 kB
Mapped:           331644 kB
Shmem:              2604 kB
Slab:              53908 kB
SReclaimable:      17572 kB
SUnreclaim:        36336 kB
KernelStack:       10816 kB
PageTables:        30048 kB
NFS_Unstable:          0 kB
Bounce:                0 kB
WritebackTmp:          0 kB
CommitLimit:     1479712 kB
Committed_AS:   64766312 kB
VmallocTotal:     319488 kB
VmallocUsed:       18496 kB
VmallocChunk:     186380 kB
Time pass: 322 sec

---2015-12-15 11:39:31
MemTotal:        1386568 kB
MemFree:           43312 kB
Buffers:           11620 kB
Cached:           569048 kB
SwapCached:         7732 kB
Active:           519200 kB
Inactive:         484032 kB
Active(anon):     215500 kB
Inactive(anon):   212804 kB
Active(file):     303700 kB
Inactive(file):   271228 kB
Unevictable:        3132 kB
Mlocked:               0 kB
HighTotal:        849920 kB
HighFree:           8760 kB
LowTotal:         536648 kB
LowFree:           34552 kB
SwapTotal:        786428 kB
SwapFree:         684492 kB
Dirty:                64 kB
Writeback:             0 kB
AnonPages:        422668 kB
Mapped:           331596 kB
Shmem:              2604 kB
Slab:              54392 kB
SReclaimable:      17572 kB
SUnreclaim:        36820 kB
KernelStack:       10888 kB
PageTables:        30048 kB
NFS_Unstable:          0 kB
Bounce:                0 kB
WritebackTmp:          0 kB
CommitLimit:     1479712 kB
Committed_AS:   64766056 kB
VmallocTotal:     319488 kB
VmallocUsed:       18428 kB
VmallocChunk:     186380 kB
Time pass: 326 sec

---2015-12-15 11:39:31
MemTotal:        1386568 kB
MemFree:           42804 kB
Buffers:           11620 kB
Cached:           569048 kB
SwapCached:         7732 kB
Active:           519184 kB
Inactive:         484040 kB
Active(anon):     215488 kB
Inactive(anon):   212804 kB
Active(file):     303696 kB
Inactive(file):   271236 kB
Unevictable:        3132 kB
Mlocked:               0 kB
HighTotal:        849920 kB
HighFree:           8908 kB
LowTotal:         536648 kB
LowFree:           33896 kB
SwapTotal:        786428 kB
SwapFree:         684492 kB
Dirty:                64 kB
Writeback:             0 kB
AnonPages:        422476 kB
Mapped:           331664 kB
Shmem:              2604 kB
Slab:              54420 kB
SReclaimable:      17572 kB
SUnreclaim:        36848 kB
KernelStack:       10816 kB
PageTables:        30044 kB
NFS_Unstable:          0 kB
Bounce:                0 kB
WritebackTmp:          0 kB
CommitLimit:     1479712 kB
Committed_AS:   64766288 kB
VmallocTotal:     319488 kB
VmallocUsed:       18496 kB
VmallocChunk:     186380 kB
Time pass: 330 sec

---2015-12-15 11:39:31
MemTotal:        1386568 kB
MemFree:           43204 kB
Buffers:           11644 kB
Cached:           569048 kB
SwapCached:         7732 kB
Active:           519440 kB
Inactive:         484056 kB
Active(anon):     215740 kB
Inactive(anon):   212800 kB
Active(file):     303700 kB
Inactive(file):   271256 kB
Unevictable:        3132 kB
Mlocked:               0 kB
HighTotal:        849920 kB
HighFree:           8720 kB
LowTotal:         536648 kB
LowFree:           34484 kB
SwapTotal:        786428 kB
SwapFree:         684492 kB
Dirty:                76 kB
Writeback:             0 kB
AnonPages:        423076 kB
Mapped:           331664 kB
Shmem:              2604 kB
Slab:              54260 kB
SReclaimable:      17572 kB
SUnreclaim:        36688 kB
KernelStack:       10816 kB
PageTables:        30048 kB
NFS_Unstable:          0 kB
Bounce:                0 kB
WritebackTmp:          0 kB
CommitLimit:     1479712 kB
Committed_AS:   64766392 kB
VmallocTotal:     319488 kB
VmallocUsed:       18496 kB
VmallocChunk:     186380 kB
Time pass: 334 sec

---2015-12-15 11:39:31
MemTotal:        1386568 kB
MemFree:           43080 kB
Buffers:           11652 kB
Cached:           569100 kB
SwapCached:         7732 kB
Active:           519048 kB
Inactive:         484116 kB
Active(anon):     215344 kB
Inactive(anon):   212856 kB
Active(file):     303704 kB
Inactive(file):   271260 kB
Unevictable:        3132 kB
Mlocked:               0 kB
HighTotal:        849920 kB
HighFree:           8708 kB
LowTotal:         536648 kB
LowFree:           34372 kB
SwapTotal:        786428 kB
SwapFree:         684496 kB
Dirty:                52 kB
Writeback:             0 kB
AnonPages:        422524 kB
Mapped:           331728 kB
Shmem:              2656 kB
Slab:              54324 kB
SReclaimable:      17572 kB
SUnreclaim:        36752 kB
KernelStack:       10904 kB
PageTables:        30032 kB
NFS_Unstable:          0 kB
Bounce:                0 kB
WritebackTmp:          0 kB
CommitLimit:     1479712 kB
Committed_AS:   64766616 kB
VmallocTotal:     319488 kB
VmallocUsed:       18496 kB
VmallocChunk:     186380 kB
Time pass: 338 sec

---2015-12-15 11:39:31
MemTotal:        1386568 kB
MemFree:           43576 kB
Buffers:           11652 kB
Cached:           569100 kB
SwapCached:         7732 kB
Active:           518716 kB
Inactive:         484120 kB
Active(anon):     215016 kB
Inactive(anon):   212856 kB
Active(file):     303700 kB
Inactive(file):   271264 kB
Unevictable:        3132 kB
Mlocked:               0 kB
HighTotal:        849920 kB
HighFree:           8812 kB
LowTotal:         536648 kB
LowFree:           34764 kB
SwapTotal:        786428 kB
SwapFree:         684496 kB
Dirty:                60 kB
Writeback:             0 kB
AnonPages:        422564 kB
Mapped:           331568 kB
Shmem:              2656 kB
Slab:              54140 kB
SReclaimable:      17580 kB
SUnreclaim:        36560 kB
KernelStack:       10816 kB
PageTables:        30048 kB
NFS_Unstable:          0 kB
Bounce:                0 kB
WritebackTmp:          0 kB
CommitLimit:     1479712 kB
Committed_AS:   64766696 kB
VmallocTotal:     319488 kB
VmallocUsed:       18496 kB
VmallocChunk:     186380 kB
Time pass: 342 sec

---2015-12-15 11:39:31
MemTotal:        1386568 kB
MemFree:           43216 kB
Buffers:           11676 kB
Cached:           569156 kB
SwapCached:         7732 kB
Active:           519484 kB
Inactive:         484200 kB
Active(anon):     215784 kB
Inactive(anon):   212908 kB
Active(file):     303700 kB
Inactive(file):   271292 kB
Unevictable:        3132 kB
Mlocked:               0 kB
HighTotal:        849920 kB
HighFree:           8668 kB
LowTotal:         536648 kB
LowFree:           34548 kB
SwapTotal:        786428 kB
SwapFree:         684496 kB
Dirty:                68 kB
Writeback:             0 kB
AnonPages:        423056 kB
Mapped:           331768 kB
Shmem:              2708 kB
Slab:              54140 kB
SReclaimable:      17580 kB
SUnreclaim:        36560 kB
KernelStack:       10832 kB
PageTables:        30044 kB
NFS_Unstable:          0 kB
Bounce:                0 kB
WritebackTmp:          0 kB
CommitLimit:     1479712 kB
Committed_AS:   64766064 kB
VmallocTotal:     319488 kB
VmallocUsed:       18496 kB
VmallocChunk:     186380 kB
Time pass: 346 sec

---2015-12-15 11:39:31
MemTotal:        1386568 kB
MemFree:           42016 kB
Buffers:           11700 kB
Cached:           569144 kB
SwapCached:         7728 kB
Active:           520252 kB
Inactive:         484200 kB
Active(anon):     216544 kB
Inactive(anon):   212908 kB
Active(file):     303708 kB
Inactive(file):   271292 kB
Unevictable:        3132 kB
Mlocked:               0 kB
HighTotal:        849920 kB
HighFree:           8736 kB
LowTotal:         536648 kB
LowFree:           33280 kB
SwapTotal:        786428 kB
SwapFree:         684504 kB
Dirty:                 4 kB
Writeback:             8 kB
AnonPages:        423776 kB
Mapped:           331768 kB
Shmem:              2708 kB
Slab:              54492 kB
SReclaimable:      17580 kB
SUnreclaim:        36912 kB
KernelStack:       10840 kB
PageTables:        30052 kB
NFS_Unstable:          0 kB
Bounce:                0 kB
WritebackTmp:          0 kB
CommitLimit:     1479712 kB
Committed_AS:   64766288 kB
VmallocTotal:     319488 kB
VmallocUsed:       18496 kB
VmallocChunk:     186380 kB
Time pass: 350 sec

---2015-12-15 11:39:31
MemTotal:        1386568 kB
MemFree:           41984 kB
Buffers:           11700 kB
Cached:           569156 kB
SwapCached:         7728 kB
Active:           520448 kB
Inactive:         484196 kB
Active(anon):     216740 kB
Inactive(anon):   212888 kB
Active(file):     303708 kB
Inactive(file):   271308 kB
Unevictable:        3132 kB
Mlocked:               0 kB
HighTotal:        849920 kB
HighFree:           8728 kB
LowTotal:         536648 kB
LowFree:           33256 kB
SwapTotal:        786428 kB
SwapFree:         684504 kB
Dirty:                84 kB
Writeback:             0 kB
AnonPages:        424036 kB
Mapped:           331768 kB
