---2015-11-20 13:53:35
MemTotal:        1420824 kB
MemFree:           72892 kB
Buffers:           14216 kB
Cached:           699800 kB
SwapCached:            0 kB
Active:           663124 kB
Inactive:         515560 kB
Active(anon):     464720 kB
Inactive(anon):      852 kB
Active(file):     198404 kB
Inactive(file):   514708 kB
Unevictable:           0 kB
Mlocked:               0 kB
HighTotal:       1001472 kB
HighFree:           6052 kB
LowTotal:         419352 kB
LowFree:           66840 kB
SwapTotal:        786428 kB
SwapFree:         786428 kB
Dirty:                 0 kB
Writeback:             0 kB
AnonPages:        464644 kB
Mapped:           199456 kB
Shmem:               932 kB
Slab:              42936 kB
SReclaimable:      15308 kB
SUnreclaim:        27628 kB
KernelStack:       10160 kB
PageTables:        17008 kB
NFS_Unstable:          0 kB
Bounce:                0 kB
WritebackTmp:          0 kB
CommitLimit:     1496840 kB
Committed_AS:   24575588 kB
VmallocTotal:     458752 kB
VmallocUsed:       91216 kB
VmallocChunk:     223260 kB
Time pass: 3 sec

---2015-11-20 13:53:35
MemTotal:        1420824 kB
MemFree:           72880 kB
Buffers:           14224 kB
Cached:           699792 kB
SwapCached:            0 kB
Active:           663160 kB
Inactive:         515560 kB
Active(anon):     464756 kB
Inactive(anon):      852 kB
Active(file):     198404 kB
Inactive(file):   514708 kB
Unevictable:           0 kB
Mlocked:               0 kB
HighTotal:       1001472 kB
HighFree:           6036 kB
LowTotal:         419352 kB
LowFree:           66844 kB
SwapTotal:        786428 kB
SwapFree:         786428 kB
Dirty:                 0 kB
Writeback:             0 kB
AnonPages:        464664 kB
Mapped:           199456 kB
Shmem:               932 kB
Slab:              42936 kB
SReclaimable:      15308 kB
SUnreclaim:        27628 kB
KernelStack:       10160 kB
PageTables:        17008 kB
NFS_Unstable:          0 kB
Bounce:                0 kB
WritebackTmp:          0 kB
CommitLimit:     1496840 kB
Committed_AS:   24575588 kB
VmallocTotal:     458752 kB
VmallocUsed:       91216 kB
VmallocChunk:     223260 kB
Time pass: 6 sec

---2015-11-20 13:53:35
MemTotal:        1420824 kB
MemFree:           71212 kB
Buffers:           14240 kB
Cached:           699960 kB
SwapCached:            0 kB
Active:           664904 kB
Inactive:         515648 kB
Active(anon):     466404 kB
Inactive(anon):      852 kB
Active(file):     198500 kB
Inactive(file):   514796 kB
Unevictable:           0 kB
Mlocked:               0 kB
HighTotal:       1001472 kB
HighFree:           5276 kB
LowTotal:         419352 kB
LowFree:           65936 kB
SwapTotal:        786428 kB
SwapFree:         786428 kB
Dirty:               252 kB
Writeback:             0 kB
AnonPages:        466340 kB
Mapped:           199484 kB
Shmem:               932 kB
Slab:              42912 kB
SReclaimable:      15308 kB
SUnreclaim:        27604 kB
KernelStack:       10168 kB
PageTables:        17008 kB
NFS_Unstable:          0 kB
Bounce:                0 kB
WritebackTmp:          0 kB
CommitLimit:     1496840 kB
Committed_AS:   24575476 kB
VmallocTotal:     458752 kB
VmallocUsed:       91216 kB
VmallocChunk:     223260 kB
Time pass: 10 sec

---2015-11-20 13:53:35
MemTotal:        1420824 kB
MemFree:           71180 kB
Buffers:           14248 kB
Cached:           699960 kB
SwapCached:            0 kB
Active:           664960 kB
Inactive:         515640 kB
Active(anon):     466452 kB
Inactive(anon):      852 kB
Active(file):     198508 kB
Inactive(file):   514788 kB
Unevictable:           0 kB
Mlocked:               0 kB
HighTotal:       1001472 kB
HighFree:           5276 kB
LowTotal:         419352 kB
LowFree:           65904 kB
SwapTotal:        786428 kB
SwapFree:         786428 kB
Dirty:                76 kB
Writeback:             0 kB
AnonPages:        466364 kB
Mapped:           199484 kB
Shmem:               932 kB
Slab:              42952 kB
SReclaimable:      15308 kB
SUnreclaim:        27644 kB
KernelStack:       10168 kB
PageTables:        17004 kB
NFS_Unstable:          0 kB
Bounce:                0 kB
WritebackTmp:          0 kB
CommitLimit:     1496840 kB
Committed_AS:   24575476 kB
VmallocTotal:     458752 kB
VmallocUsed:       91216 kB
VmallocChunk:     223260 kB
Time pass: 13 sec

---2015-11-20 13:53:35
MemTotal:        1420824 kB
MemFree:           76212 kB
Buffers:           14248 kB
Cached:           699960 kB
SwapCached:            0 kB
Active:           661208 kB
Inactive:         514804 kB
Active(anon):     461856 kB
Inactive(anon):      852 kB
Active(file):     199352 kB
Inactive(file):   513952 kB
Unevictable:           0 kB
Mlocked:               0 kB
HighTotal:       1001472 kB
HighFree:           8992 kB
LowTotal:         419352 kB
LowFree:           67220 kB
SwapTotal:        786428 kB
SwapFree:         786428 kB
Dirty:                 0 kB
Writeback:             0 kB
AnonPages:        461820 kB
Mapped:           197512 kB
Shmem:               932 kB
Slab:              42880 kB
SReclaimable:      15308 kB
SUnreclaim:        27572 kB
KernelStack:       10000 kB
PageTables:        16548 kB
NFS_Unstable:          0 kB
Bounce:                0 kB
WritebackTmp:          0 kB
CommitLimit:     1496840 kB
Committed_AS:   23716752 kB
VmallocTotal:     458752 kB
VmallocUsed:       89176 kB
VmallocChunk:     223260 kB
Time pass: 17 sec

---2015-11-20 13:53:35
MemTotal:        1420824 kB
MemFree:           39852 kB
Buffers:           11852 kB
Cached:           720828 kB
SwapCached:            0 kB
Active:           632000 kB
Inactive:         573740 kB
Active(anon):     432128 kB
Inactive(anon):    42224 kB
Active(file):     199872 kB
Inactive(file):   531516 kB
Unevictable:         200 kB
Mlocked:               0 kB
HighTotal:       1001472 kB
HighFree:           5660 kB
LowTotal:         419352 kB
LowFree:           34192 kB
SwapTotal:        786428 kB
SwapFree:         786428 kB
Dirty:               788 kB
Writeback:             0 kB
AnonPages:        473540 kB
Mapped:           213176 kB
Shmem:               928 kB
Slab:              42972 kB
SReclaimable:      15324 kB
SUnreclaim:        27648 kB
KernelStack:       10112 kB
PageTables:        16916 kB
NFS_Unstable:          0 kB
Bounce:                0 kB
WritebackTmp:          0 kB
CommitLimit:     1496840 kB
Committed_AS:   24200368 kB
VmallocTotal:     458752 kB
VmallocUsed:       90460 kB
VmallocChunk:     223260 kB
Time pass: 20 sec

---2015-11-20 13:53:35
MemTotal:        1420824 kB
MemFree:           40372 kB
Buffers:            7780 kB
Cached:           700444 kB
SwapCached:            0 kB
Active:           585500 kB
Inactive:         607988 kB
Active(anon):     384808 kB
Inactive(anon):   101964 kB
Active(file):     200692 kB
Inactive(file):   506024 kB
Unevictable:         292 kB
Mlocked:               0 kB
HighTotal:       1001472 kB
HighFree:           5064 kB
LowTotal:         419352 kB
LowFree:           35308 kB
SwapTotal:        786428 kB
SwapFree:         786428 kB
Dirty:               292 kB
Writeback:             0 kB
AnonPages:        485612 kB
Mapped:           220072 kB
Shmem:              1216 kB
Slab:              43384 kB
SReclaimable:      15492 kB
SUnreclaim:        27892 kB
KernelStack:       10576 kB
PageTables:        17180 kB
NFS_Unstable:          0 kB
Bounce:                0 kB
WritebackTmp:          0 kB
CommitLimit:     1496840 kB
Committed_AS:   24215172 kB
VmallocTotal:     458752 kB
VmallocUsed:       90460 kB
VmallocChunk:     223260 kB
Time pass: 24 sec

---2015-11-20 13:53:35
MemTotal:        1420824 kB
MemFree:           40992 kB
Buffers:            7536 kB
Cached:           683208 kB
SwapCached:            0 kB
Active:           544572 kB
Inactive:         632672 kB
Active(anon):     340420 kB
Inactive(anon):   147476 kB
Active(file):     204152 kB
Inactive(file):   485196 kB
Unevictable:         292 kB
Mlocked:               0 kB
HighTotal:       1001472 kB
HighFree:           6796 kB
LowTotal:         419352 kB
LowFree:           34196 kB
SwapTotal:        786428 kB
SwapFree:         786428 kB
Dirty:               404 kB
Writeback:             0 kB
AnonPages:        486920 kB
Mapped:           221200 kB
Shmem:              1064 kB
Slab:              43148 kB
SReclaimable:      15476 kB
SUnreclaim:        27672 kB
KernelStack:       10560 kB
PageTables:        17208 kB
NFS_Unstable:          0 kB
Bounce:                0 kB
WritebackTmp:          0 kB
CommitLimit:     1496840 kB
Committed_AS:   24213324 kB
VmallocTotal:     458752 kB
VmallocUsed:       90488 kB
VmallocChunk:     223260 kB
Time pass: 27 sec

---2015-11-20 13:53:35
MemTotal:        1420824 kB
MemFree:           45004 kB
Buffers:            7552 kB
Cached:           683344 kB
SwapCached:            0 kB
Active:           535664 kB
Inactive:         632640 kB
Active(anon):     331456 kB
Inactive(anon):   147308 kB
Active(file):     204208 kB
Inactive(file):   485332 kB
Unevictable:         292 kB
Mlocked:               0 kB
HighTotal:       1001472 kB
HighFree:           6356 kB
LowTotal:         419352 kB
LowFree:           38648 kB
SwapTotal:        786428 kB
SwapFree:         786428 kB
Dirty:               124 kB
Writeback:             0 kB
AnonPages:        477696 kB
Mapped:           218092 kB
Shmem:              1064 kB
Slab:              43072 kB
SReclaimable:      15448 kB
SUnreclaim:        27624 kB
KernelStack:       10400 kB
PageTables:        16928 kB
NFS_Unstable:          0 kB
Bounce:                0 kB
WritebackTmp:          0 kB
CommitLimit:     1496840 kB
Committed_AS:   23779168 kB
VmallocTotal:     458752 kB
VmallocUsed:       89472 kB
VmallocChunk:     223260 kB
Time pass: 31 sec

---2015-11-20 13:53:35
MemTotal:        1420824 kB
MemFree:           44308 kB
Buffers:            7484 kB
Cached:           672380 kB
SwapCached:            0 kB
Active:           515136 kB
Inactive:         650472 kB
Active(anon):     305616 kB
Inactive(anon):   181484 kB
Active(file):     209520 kB
Inactive(file):   468988 kB
Unevictable:         292 kB
Mlocked:               0 kB
HighTotal:       1001472 kB
HighFree:           7884 kB
LowTotal:         419352 kB
LowFree:           36424 kB
SwapTotal:        786428 kB
SwapFree:         786428 kB
Dirty:                 8 kB
Writeback:             0 kB
AnonPages:        486044 kB
Mapped:           219764 kB
Shmem:              1064 kB
Slab:              43104 kB
SReclaimable:      15448 kB
SUnreclaim:        27656 kB
KernelStack:       10456 kB
PageTables:        16972 kB
NFS_Unstable:          0 kB
Bounce:                0 kB
WritebackTmp:          0 kB
CommitLimit:     1496840 kB
Committed_AS:   23782124 kB
VmallocTotal:     458752 kB
VmallocUsed:       89472 kB
VmallocChunk:     223260 kB
Time pass: 34 sec

---2015-11-20 13:53:35
MemTotal:        1420824 kB
MemFree:           47340 kB
Buffers:            7492 kB
Cached:           672380 kB
SwapCached:            0 kB
Active:           511620 kB
Inactive:         650460 kB
Active(anon):     302096 kB
Inactive(anon):   181468 kB
Active(file):     209524 kB
Inactive(file):   468992 kB
Unevictable:         292 kB
Mlocked:               0 kB
HighTotal:       1001472 kB
HighFree:          10284 kB
LowTotal:         419352 kB
LowFree:           37056 kB
SwapTotal:        786428 kB
SwapFree:         786428 kB
Dirty:                92 kB
Writeback:             0 kB
AnonPages:        482520 kB
Mapped:           219796 kB
Shmem:              1064 kB
Slab:              43092 kB
SReclaimable:      15448 kB
SUnreclaim:        27644 kB
KernelStack:       10448 kB
PageTables:        16972 kB
NFS_Unstable:          0 kB
Bounce:                0 kB
WritebackTmp:          0 kB
CommitLimit:     1496840 kB
Committed_AS:   23782112 kB
VmallocTotal:     458752 kB
VmallocUsed:       89472 kB
VmallocChunk:     223260 kB
Time pass: 38 sec

---2015-11-20 13:53:35
MemTotal:        1420824 kB
MemFree:           40144 kB
Buffers:            7452 kB
Cached:           667584 kB
SwapCached:            0 kB
Active:           506648 kB
Inactive:         662660 kB
Active(anon):     295724 kB
Inactive(anon):   199904 kB
Active(file):     210924 kB
Inactive(file):   462756 kB
Unevictable:         292 kB
Mlocked:               0 kB
HighTotal:       1001472 kB
HighFree:           6088 kB
LowTotal:         419352 kB
LowFree:           34056 kB
SwapTotal:        786428 kB
SwapFree:         786428 kB
Dirty:               376 kB
Writeback:             0 kB
AnonPages:        494488 kB
Mapped:           223432 kB
Shmem:              1068 kB
Slab:              43212 kB
SReclaimable:      15464 kB
SUnreclaim:        27748 kB
KernelStack:       10504 kB
PageTables:        17012 kB
NFS_Unstable:          0 kB
Bounce:                0 kB
WritebackTmp:          0 kB
CommitLimit:     1496840 kB
Committed_AS:   23795944 kB
VmallocTotal:     458752 kB
VmallocUsed:       89472 kB
VmallocChunk:     223260 kB
Time pass: 41 sec

---2015-11-20 13:53:35
MemTotal:        1420824 kB
MemFree:           39468 kB
Buffers:            7424 kB
Cached:           648116 kB
SwapCached:            0 kB
Active:           468576 kB
Inactive:         684360 kB
Active(anon):     248340 kB
Inactive(anon):   250416 kB
Active(file):     220236 kB
Inactive(file):   433944 kB
Unevictable:         292 kB
Mlocked:               0 kB
HighTotal:       1001472 kB
HighFree:           8052 kB
LowTotal:         419352 kB
LowFree:           31416 kB
SwapTotal:        786428 kB
SwapFree:         786428 kB
Dirty:               688 kB
Writeback:             0 kB
AnonPages:        497748 kB
Mapped:           229740 kB
Shmem:              1068 kB
Slab:              43232 kB
SReclaimable:      15504 kB
SUnreclaim:        27728 kB
KernelStack:       10496 kB
PageTables:        17052 kB
NFS_Unstable:          0 kB
Bounce:                0 kB
WritebackTmp:          0 kB
CommitLimit:     1496840 kB
Committed_AS:   23798832 kB
VmallocTotal:     458752 kB
VmallocUsed:       89500 kB
VmallocChunk:     223260 kB
Time pass: 45 sec

---2015-11-20 13:53:35
MemTotal:        1420824 kB
MemFree:           40280 kB
Buffers:            7432 kB
Cached:           645956 kB
SwapCached:            0 kB
Active:           469808 kB
Inactive:         681188 kB
Active(anon):     248328 kB
Inactive(anon):   250640 kB
Active(file):     221480 kB
Inactive(file):   430548 kB
Unevictable:         292 kB
Mlocked:               0 kB
HighTotal:       1001472 kB
HighFree:           7716 kB
LowTotal:         419352 kB
LowFree:           32564 kB
SwapTotal:        786428 kB
SwapFree:         786428 kB
Dirty:                 0 kB
Writeback:             0 kB
AnonPages:        497908 kB
Mapped:           231592 kB
Shmem:              1068 kB
Slab:              43088 kB
SReclaimable:      15504 kB
SUnreclaim:        27584 kB
KernelStack:       10472 kB
PageTables:        17060 kB
NFS_Unstable:          0 kB
Bounce:                0 kB
WritebackTmp:          0 kB
CommitLimit:     1496840 kB
Committed_AS:   23798976 kB
VmallocTotal:     458752 kB
VmallocUsed:       89480 kB
VmallocChunk:     223260 kB
Time pass: 48 sec

---2015-11-20 13:53:35
MemTotal:        1420824 kB
MemFree:           42860 kB
Buffers:            7460 kB
Cached:           642708 kB
SwapCached:            0 kB
Active:           467288 kB
Inactive:         677384 kB
Active(anon):     245124 kB
Inactive(anon):   250612 kB
Active(file):     222164 kB
Inactive(file):   426772 kB
Unevictable:         292 kB
Mlocked:               0 kB
HighTotal:       1001472 kB
HighFree:           7636 kB
LowTotal:         419352 kB
LowFree:           35224 kB
SwapTotal:        786428 kB
SwapFree:         786428 kB
Dirty:               200 kB
Writeback:             0 kB
AnonPages:        494784 kB
Mapped:           228076 kB
Shmem:               940 kB
Slab:              43232 kB
SReclaimable:      15504 kB
SUnreclaim:        27728 kB
KernelStack:       10200 kB
PageTables:        16900 kB
NFS_Unstable:          0 kB
Bounce:                0 kB
WritebackTmp:          0 kB
CommitLimit:     1496840 kB
Committed_AS:   23788168 kB
VmallocTotal:     458752 kB
VmallocUsed:       89324 kB
VmallocChunk:     223260 kB
Time pass: 52 sec

---2015-11-20 13:53:35
MemTotal:        1420824 kB
MemFree:           42672 kB
Buffers:            7468 kB
Cached:           643024 kB
SwapCached:            0 kB
Active:           467476 kB
Inactive:         677704 kB
Active(anon):     245332 kB
Inactive(anon):   250588 kB
Active(file):     222144 kB
Inactive(file):   427116 kB
Unevictable:         292 kB
Mlocked:               0 kB
HighTotal:       1001472 kB
HighFree:           7416 kB
LowTotal:         419352 kB
LowFree:           35256 kB
SwapTotal:        786428 kB
SwapFree:         786428 kB
Dirty:                76 kB
Writeback:             0 kB
AnonPages:        494984 kB
Mapped:           228636 kB
Shmem:               940 kB
Slab:              43196 kB
SReclaimable:      15504 kB
SUnreclaim:        27692 kB
KernelStack:       10200 kB
PageTables:        16900 kB
NFS_Unstable:          0 kB
Bounce:                0 kB
WritebackTmp:          0 kB
CommitLimit:     1496840 kB
Committed_AS:   23788316 kB
VmallocTotal:     458752 kB
VmallocUsed:       89324 kB
VmallocChunk:     223260 kB
Time pass: 55 sec

---2015-11-20 13:53:35
MemTotal:        1420824 kB
MemFree:           42748 kB
Buffers:            7476 kB
Cached:           630972 kB
SwapCached:            0 kB
Active:           471652 kB
Inactive:         666532 kB
Active(anon):     247864 kB
Inactive(anon):   253112 kB
Active(file):     223788 kB
Inactive(file):   413420 kB
Unevictable:         292 kB
Mlocked:               0 kB
HighTotal:       1001472 kB
HighFree:           6628 kB
LowTotal:         419352 kB
LowFree:           36120 kB
SwapTotal:        786428 kB
SwapFree:         786428 kB
Dirty:               104 kB
Writeback:             0 kB
AnonPages:        500024 kB
Mapped:           229576 kB
Shmem:               940 kB
Slab:              43436 kB
SReclaimable:      15552 kB
SUnreclaim:        27884 kB
KernelStack:       10208 kB
PageTables:        16924 kB
NFS_Unstable:          0 kB
Bounce:                0 kB
WritebackTmp:          0 kB
CommitLimit:     1496840 kB
Committed_AS:   23793072 kB
VmallocTotal:     458752 kB
VmallocUsed:       89336 kB
VmallocChunk:     223260 kB
Time pass: 59 sec

---2015-11-20 13:53:35
MemTotal:        1420824 kB
MemFree:           41156 kB
Buffers:            7604 kB
Cached:           621924 kB
SwapCached:            0 kB
Active:           480236 kB
Inactive:         658480 kB
Active(anon):     253604 kB
Inactive(anon):   256816 kB
Active(file):     226632 kB
Inactive(file):   401664 kB
Unevictable:         292 kB
Mlocked:               0 kB
HighTotal:       1001472 kB
HighFree:           5912 kB
LowTotal:         419352 kB
LowFree:           35244 kB
SwapTotal:        786428 kB
SwapFree:         786428 kB
Dirty:               376 kB
Writeback:             0 kB
AnonPages:        509564 kB
Mapped:           232444 kB
Shmem:               940 kB
Slab:              43584 kB
SReclaimable:      15552 kB
SUnreclaim:        28032 kB
KernelStack:       10272 kB
PageTables:        16964 kB
NFS_Unstable:          0 kB
Bounce:                0 kB
WritebackTmp:          0 kB
CommitLimit:     1496840 kB
Committed_AS:   23809604 kB
VmallocTotal:     458752 kB
VmallocUsed:       89400 kB
VmallocChunk:     223260 kB
Time pass: 62 sec

---2015-11-20 13:53:35
MemTotal:        1420824 kB
MemFree:           38312 kB
Buffers:            7608 kB
Cached:           565144 kB
SwapCached:            0 kB
Active:           486796 kB
Inactive:         604916 kB
Active(anon):     259192 kB
Inactive(anon):   261184 kB
Active(file):     227604 kB
Inactive(file):   343732 kB
Unevictable:         292 kB
Mlocked:               0 kB
HighTotal:       1001472 kB
HighFree:           6736 kB
LowTotal:         419352 kB
LowFree:           31576 kB
SwapTotal:        786428 kB
SwapFree:         786428 kB
Dirty:                 0 kB
Writeback:             0 kB
AnonPages:        519220 kB
Mapped:           231664 kB
Shmem:              1124 kB
Slab:              43720 kB
SReclaimable:      15596 kB
SUnreclaim:        28124 kB
KernelStack:       10408 kB
PageTables:        17272 kB
NFS_Unstable:          0 kB
Bounce:                0 kB
WritebackTmp:          0 kB
CommitLimit:     1496840 kB
Committed_AS:   23828776 kB
VmallocTotal:     458752 kB
VmallocUsed:       91836 kB
VmallocChunk:     223260 kB
Time pass: 69 sec

---2015-11-20 13:53:35
MemTotal:        1420824 kB
MemFree:           39984 kB
Buffers:            7632 kB
Cached:           562524 kB
SwapCached:            0 kB
Active:           486388 kB
Inactive:         603232 kB
Active(anon):     258784 kB
Inactive(anon):   262136 kB
Active(file):     227604 kB
Inactive(file):   341096 kB
Unevictable:         292 kB
Mlocked:               0 kB
HighTotal:       1001472 kB
HighFree:           8348 kB
LowTotal:         419352 kB
LowFree:           31636 kB
SwapTotal:        786428 kB
SwapFree:         786428 kB
Dirty:                40 kB
Writeback:             0 kB
AnonPages:        519900 kB
Mapped:           231612 kB
Shmem:              1172 kB
Slab:              44028 kB
SReclaimable:      15596 kB
SUnreclaim:        28432 kB
KernelStack:       10416 kB
PageTables:        17292 kB
NFS_Unstable:          0 kB
Bounce:                0 kB
WritebackTmp:          0 kB
CommitLimit:     1496840 kB
Committed_AS:   23829224 kB
VmallocTotal:     458752 kB
VmallocUsed:       91868 kB
VmallocChunk:     223260 kB
Time pass: 72 sec

---2015-11-20 13:53:35
MemTotal:        1420824 kB
MemFree:           39844 kB
Buffers:            7632 kB
Cached:           562616 kB
SwapCached:            0 kB
Active:           486564 kB
Inactive:         603304 kB
Active(anon):     258960 kB
Inactive(anon):   262232 kB
Active(file):     227604 kB
Inactive(file):   341072 kB
Unevictable:         292 kB
Mlocked:               0 kB
HighTotal:       1001472 kB
HighFree:           8320 kB
LowTotal:         419352 kB
LowFree:           31524 kB
SwapTotal:        786428 kB
SwapFree:         786428 kB
Dirty:                40 kB
Writeback:             0 kB
AnonPages:        519864 kB
Mapped:           231872 kB
Shmem:              1280 kB
Slab:              43904 kB
SReclaimable:      15600 kB
SUnreclaim:        28304 kB
KernelStack:       10416 kB
PageTables:        17268 kB
NFS_Unstable:          0 kB
Bounce:                0 kB
WritebackTmp:          0 kB
CommitLimit:     1496840 kB
Committed_AS:   23829152 kB
VmallocTotal:     458752 kB
VmallocUsed:       91868 kB
VmallocChunk:     223260 kB
Time pass: 76 sec

---2015-11-20 13:53:35
MemTotal:        1420824 kB
MemFree:           39156 kB
Buffers:            7656 kB
Cached:           562656 kB
SwapCached:            0 kB
Active:           488196 kB
Inactive:         602996 kB
Active(anon):     260588 kB
Inactive(anon):   261916 kB
Active(file):     227608 kB
Inactive(file):   341080 kB
Unevictable:         292 kB
Mlocked:               0 kB
HighTotal:       1001472 kB
HighFree:           6832 kB
LowTotal:         419352 kB
LowFree:           32324 kB
SwapTotal:        786428 kB
SwapFree:         786428 kB
Dirty:                28 kB
Writeback:             0 kB
AnonPages:        521284 kB
Mapped:           231900 kB
Shmem:              1332 kB
Slab:              43760 kB
SReclaimable:      15604 kB
SUnreclaim:        28156 kB
KernelStack:       10408 kB
PageTables:        17248 kB
NFS_Unstable:          0 kB
Bounce:                0 kB
WritebackTmp:          0 kB
CommitLimit:     1496840 kB
Committed_AS:   23830484 kB
VmallocTotal:     458752 kB
VmallocUsed:       91868 kB
VmallocChunk:     223260 kB
Time pass: 80 sec

---2015-11-20 13:53:35
MemTotal:        1420824 kB
MemFree:           39744 kB
Buffers:            7656 kB
Cached:           562668 kB
SwapCached:            0 kB
Active:           487608 kB
Inactive:         602632 kB
Active(anon):     260004 kB
Inactive(anon):   261536 kB
Active(file):     227604 kB
Inactive(file):   341096 kB
Unevictable:         292 kB
Mlocked:               0 kB
HighTotal:       1001472 kB
HighFree:           7488 kB
LowTotal:         419352 kB
LowFree:           32256 kB
SwapTotal:        786428 kB
SwapFree:         786428 kB
Dirty:                 0 kB
Writeback:             0 kB
AnonPages:        520172 kB
Mapped:           231912 kB
Shmem:              1332 kB
Slab:              43956 kB
SReclaimable:      15608 kB
SUnreclaim:        28348 kB
KernelStack:       10392 kB
PageTables:        17240 kB
NFS_Unstable:          0 kB
Bounce:                0 kB
WritebackTmp:          0 kB
CommitLimit:     1496840 kB
Committed_AS:   23831208 kB
VmallocTotal:     458752 kB
VmallocUsed:       91868 kB
VmallocChunk:     223260 kB
Time pass: 84 sec

---2015-11-20 13:53:35
MemTotal:        1420824 kB
MemFree:           38820 kB
Buffers:            7612 kB
Cached:           556252 kB
SwapCached:            0 kB
Active:           487100 kB
Inactive:         596848 kB
Active(anon):     259496 kB
Inactive(anon):   262212 kB
Active(file):     227604 kB
Inactive(file):   334636 kB
Unevictable:         292 kB
Mlocked:               0 kB
HighTotal:       1001472 kB
HighFree:           7160 kB
LowTotal:         419352 kB
LowFree:           31660 kB
SwapTotal:        786428 kB
SwapFree:         786428 kB
Dirty:                48 kB
Writeback:             0 kB
AnonPages:        520456 kB
Mapped:           231868 kB
Shmem:              1332 kB
Slab:              44056 kB
SReclaimable:      15612 kB
SUnreclaim:        28444 kB
KernelStack:       10336 kB
PageTables:        17104 kB
NFS_Unstable:          0 kB
Bounce:                0 kB
WritebackTmp:          0 kB
CommitLimit:     1496840 kB
Committed_AS:   23831296 kB
VmallocTotal:     458752 kB
VmallocUsed:       91836 kB
VmallocChunk:     223260 kB
Time pass: 88 sec

---2015-11-20 13:53:35
MemTotal:        1420824 kB
MemFree:           37696 kB
Buffers:            7636 kB
Cached:           556264 kB
SwapCached:            0 kB
Active:           486932 kB
Inactive:         596880 kB
Active(anon):     259328 kB
Inactive(anon):   262236 kB
Active(file):     227604 kB
Inactive(file):   334644 kB
Unevictable:         292 kB
Mlocked:               0 kB
HighTotal:       1001472 kB
HighFree:           6640 kB
LowTotal:         419352 kB
LowFree:           31056 kB
SwapTotal:        786428 kB
SwapFree:         786428 kB
Dirty:                28 kB
Writeback:             0 kB
AnonPages:        520280 kB
Mapped:           231840 kB
Shmem:              1360 kB
Slab:              44036 kB
SReclaimable:      15612 kB
SUnreclaim:        28424 kB
KernelStack:       10352 kB
PageTables:        17240 kB
NFS_Unstable:          0 kB
Bounce:                0 kB
WritebackTmp:          0 kB
CommitLimit:     1496840 kB
Committed_AS:   23831232 kB
VmallocTotal:     458752 kB
VmallocUsed:       91836 kB
VmallocChunk:     223260 kB
Time pass: 91 sec

---2015-11-20 13:53:35
MemTotal:        1420824 kB
MemFree:           37712 kB
Buffers:            7536 kB
Cached:           555800 kB
SwapCached:            0 kB
Active:           487120 kB
Inactive:         596324 kB
Active(anon):     259516 kB
Inactive(anon):   262344 kB
Active(file):     227604 kB
Inactive(file):   333980 kB
Unevictable:         292 kB
Mlocked:               0 kB
HighTotal:       1001472 kB
HighFree:           6256 kB
LowTotal:         419352 kB
LowFree:           31456 kB
SwapTotal:        786428 kB
SwapFree:         786428 kB
Dirty:                 0 kB
Writeback:             0 kB
AnonPages:        520680 kB
Mapped:           231940 kB
Shmem:              1360 kB
Slab:              44112 kB
SReclaimable:      15612 kB
SUnreclaim:        28500 kB
KernelStack:       10344 kB
PageTables:        17312 kB
NFS_Unstable:          0 kB
Bounce:                0 kB
WritebackTmp:          0 kB
CommitLimit:     1496840 kB
Committed_AS:   23831740 kB
VmallocTotal:     458752 kB
VmallocUsed:       91836 kB
VmallocChunk:     223260 kB
Time pass: 96 sec

---2015-11-20 13:53:35
MemTotal:        1420824 kB
MemFree:          185236 kB
Buffers:            7596 kB
Cached:           550296 kB
SwapCached:            0 kB
Active:           411172 kB
Inactive:         592992 kB
Active(anon):     183388 kB
Inactive(anon):   263980 kB
Active(file):     227784 kB
Inactive(file):   329012 kB
Unevictable:         292 kB
Mlocked:               0 kB
HighTotal:       1001472 kB
HighFree:         102516 kB
LowTotal:         419352 kB
LowFree:           82720 kB
SwapTotal:        786428 kB
SwapFree:         786428 kB
Dirty:              1388 kB
Writeback:             0 kB
AnonPages:        446552 kB
Mapped:           186368 kB
Shmem:               804 kB
Slab:              43832 kB
SReclaimable:      15588 kB
SUnreclaim:        28244 kB
KernelStack:        9576 kB
PageTables:        15864 kB
NFS_Unstable:          0 kB
Bounce:                0 kB
WritebackTmp:          0 kB
CommitLimit:     1496840 kB
Committed_AS:   22841112 kB
VmallocTotal:     458752 kB
VmallocUsed:       86968 kB
VmallocChunk:     224284 kB
Time pass: 99 sec

---2015-11-20 13:53:35
MemTotal:        1420824 kB
MemFree:          185156 kB
Buffers:            7596 kB
Cached:           550296 kB
SwapCached:            0 kB
Active:           411264 kB
Inactive:         592988 kB
Active(anon):     183476 kB
Inactive(anon):   263980 kB
Active(file):     227788 kB
Inactive(file):   329008 kB
Unevictable:         292 kB
Mlocked:               0 kB
HighTotal:       1001472 kB
HighFree:         102420 kB
LowTotal:         419352 kB
LowFree:           82736 kB
SwapTotal:        786428 kB
SwapFree:         786428 kB
Dirty:                 0 kB
Writeback:             0 kB
AnonPages:        446648 kB
Mapped:           186340 kB
Shmem:               804 kB
Slab:              43788 kB
SReclaimable:      15588 kB
SUnreclaim:        28200 kB
KernelStack:        9576 kB
PageTables:        15848 kB
NFS_Unstable:          0 kB
Bounce:                0 kB
WritebackTmp:          0 kB
CommitLimit:     1496840 kB
Committed_AS:   22844164 kB
VmallocTotal:     458752 kB
VmallocUsed:       86968 kB
VmallocChunk:     224284 kB
Time pass: 103 sec

---2015-11-20 13:53:35
MemTotal:        1420824 kB
MemFree:          185180 kB
Buffers:            7604 kB
Cached:           550296 kB
SwapCached:            0 kB
Active:           411296 kB
Inactive:         592996 kB
Active(anon):     183508 kB
Inactive(anon):   263980 kB
Active(file):     227788 kB
Inactive(file):   329016 kB
Unevictable:         292 kB
Mlocked:               0 kB
HighTotal:       1001472 kB
HighFree:         102420 kB
LowTotal:         419352 kB
LowFree:           82760 kB
SwapTotal:        786428 kB
SwapFree:         786428 kB
Dirty:                32 kB
Writeback:             0 kB
AnonPages:        446680 kB
Mapped:           186384 kB
Shmem:               804 kB
Slab:              43784 kB
SReclaimable:      15588 kB
SUnreclaim:        28196 kB
KernelStack:        9568 kB
PageTables:        15864 kB
NFS_Unstable:          0 kB
Bounce:                0 kB
WritebackTmp:          0 kB
CommitLimit:     1496840 kB
Committed_AS:   22844140 kB
VmallocTotal:     458752 kB
VmallocUsed:       86968 kB
VmallocChunk:     224284 kB
Time pass: 106 sec

---2015-11-20 13:53:35
MemTotal:        1420824 kB
MemFree:          179712 kB
Buffers:            7604 kB
Cached:           550396 kB
SwapCached:            0 kB
Active:           415656 kB
Inactive:         593064 kB
Active(anon):     187868 kB
Inactive(anon):   263980 kB
Active(file):     227788 kB
Inactive(file):   329084 kB
Unevictable:         292 kB
Mlocked:               0 kB
HighTotal:       1001472 kB
HighFree:          98028 kB
LowTotal:         419352 kB
LowFree:           81684 kB
SwapTotal:        786428 kB
SwapFree:         786428 kB
Dirty:                 0 kB
Writeback:             0 kB
AnonPages:        451060 kB
Mapped:           198352 kB
Shmem:               804 kB
Slab:              43904 kB
SReclaimable:      15588 kB
SUnreclaim:        28316 kB
KernelStack:        9584 kB
PageTables:        16308 kB
NFS_Unstable:          0 kB
Bounce:                0 kB
WritebackTmp:          0 kB
CommitLimit:     1496840 kB
Committed_AS:   23316528 kB
VmallocTotal:     458752 kB
VmallocUsed:       88084 kB
VmallocChunk:     224284 kB
Time pass: 109 sec

---2015-11-20 13:53:35
MemTotal:        1420824 kB
MemFree:          148464 kB
Buffers:            7788 kB
Cached:           550708 kB
SwapCached:            0 kB
Active:           432884 kB
Inactive:         593076 kB
Active(anon):     204592 kB
Inactive(anon):   264112 kB
Active(file):     228292 kB
Inactive(file):   328964 kB
Unevictable:         292 kB
Mlocked:               0 kB
HighTotal:       1001472 kB
HighFree:          66532 kB
LowTotal:         419352 kB
LowFree:           81932 kB
SwapTotal:        786428 kB
SwapFree:         786428 kB
Dirty:              1004 kB
Writeback:             0 kB
AnonPages:        467896 kB
Mapped:           210888 kB
Shmem:               940 kB
Slab:              43872 kB
SReclaimable:      15588 kB
SUnreclaim:        28284 kB
KernelStack:       10088 kB
PageTables:        16448 kB
NFS_Unstable:          0 kB
Bounce:                0 kB
WritebackTmp:          0 kB
CommitLimit:     1496840 kB
Committed_AS:   23339976 kB
VmallocTotal:     458752 kB
VmallocUsed:       88220 kB
VmallocChunk:     224284 kB
Time pass: 113 sec

---2015-11-20 13:53:35
MemTotal:        1420824 kB
MemFree:          122904 kB
Buffers:            7812 kB
Cached:           551012 kB
SwapCached:            0 kB
Active:           445716 kB
Inactive:         593336 kB
Active(anon):     217364 kB
Inactive(anon):   264116 kB
Active(file):     228352 kB
Inactive(file):   329220 kB
Unevictable:         292 kB
Mlocked:               0 kB
HighTotal:       1001472 kB
HighFree:          41420 kB
LowTotal:         419352 kB
LowFree:           81484 kB
SwapTotal:        786428 kB
SwapFree:         786428 kB
Dirty:               372 kB
Writeback:             0 kB
AnonPages:        480516 kB
Mapped:           216280 kB
Shmem:               940 kB
Slab:              43880 kB
SReclaimable:      15588 kB
SUnreclaim:        28292 kB
KernelStack:       10104 kB
PageTables:        16520 kB
NFS_Unstable:          0 kB
Bounce:                0 kB
WritebackTmp:          0 kB
CommitLimit:     1496840 kB
Committed_AS:   23351992 kB
VmallocTotal:     458752 kB
VmallocUsed:       88280 kB
VmallocChunk:     224284 kB
Time pass: 116 sec

---2015-11-20 13:53:35
MemTotal:        1420824 kB
MemFree:          111136 kB
Buffers:            7896 kB
Cached:           551156 kB
SwapCached:            0 kB
Active:           448520 kB
Inactive:         593288 kB
Active(anon):     219872 kB
Inactive(anon):   264116 kB
Active(file):     228648 kB
Inactive(file):   329172 kB
Unevictable:         292 kB
Mlocked:               0 kB
HighTotal:       1001472 kB
HighFree:          29452 kB
LowTotal:         419352 kB
LowFree:           81684 kB
SwapTotal:        786428 kB
SwapFree:         786428 kB
Dirty:               192 kB
Writeback:             0 kB
AnonPages:        483136 kB
Mapped:           217388 kB
Shmem:               940 kB
Slab:              43776 kB
SReclaimable:      15588 kB
SUnreclaim:        28188 kB
KernelStack:       10104 kB
PageTables:        16548 kB
NFS_Unstable:          0 kB
Bounce:                0 kB
WritebackTmp:          0 kB
CommitLimit:     1496840 kB
Committed_AS:   23354528 kB
VmallocTotal:     458752 kB
VmallocUsed:       88276 kB
VmallocChunk:     224284 kB
Time pass: 120 sec

---2015-11-20 13:53:35
MemTotal:        1420824 kB
MemFree:           88700 kB
Buffers:            7904 kB
Cached:           553176 kB
SwapCached:            0 kB
Active:           456396 kB
Inactive:         591408 kB
Active(anon):     223840 kB
Inactive(anon):   264116 kB
Active(file):     232556 kB
Inactive(file):   327292 kB
Unevictable:         292 kB
Mlocked:               0 kB
HighTotal:       1001472 kB
HighFree:           7504 kB
LowTotal:         419352 kB
LowFree:           81196 kB
SwapTotal:        786428 kB
SwapFree:         786428 kB
Dirty:              2400 kB
Writeback:             0 kB
AnonPages:        486972 kB
Mapped:           222404 kB
Shmem:               940 kB
Slab:              43964 kB
SReclaimable:      15596 kB
SUnreclaim:        28368 kB
KernelStack:       10104 kB
PageTables:        16588 kB
NFS_Unstable:          0 kB
Bounce:                0 kB
WritebackTmp:          0 kB
CommitLimit:     1496840 kB
Committed_AS:   23358328 kB
VmallocTotal:     458752 kB
VmallocUsed:       88288 kB
VmallocChunk:     224284 kB
Time pass: 123 sec

---2015-11-20 13:53:35
MemTotal:        1420824 kB
MemFree:           81888 kB
Buffers:            7912 kB
Cached:           553168 kB
SwapCached:            0 kB
Active:           458420 kB
Inactive:         591368 kB
Active(anon):     225824 kB
Inactive(anon):   264116 kB
Active(file):     232596 kB
Inactive(file):   327252 kB
Unevictable:         292 kB
Mlocked:               0 kB
HighTotal:       1001472 kB
HighFree:           5436 kB
LowTotal:         419352 kB
LowFree:           76452 kB
SwapTotal:        786428 kB
SwapFree:         786428 kB
Dirty:               592 kB
Writeback:             0 kB
AnonPages:        489124 kB
Mapped:           222976 kB
Shmem:               940 kB
Slab:              43876 kB
SReclaimable:      15596 kB
SUnreclaim:        28280 kB
KernelStack:       10104 kB
PageTables:        16604 kB
NFS_Unstable:          0 kB
Bounce:                0 kB
WritebackTmp:          0 kB
CommitLimit:     1496840 kB
Committed_AS:   23360452 kB
VmallocTotal:     458752 kB
VmallocUsed:       88344 kB
VmallocChunk:     224284 kB
Time pass: 127 sec

---2015-11-20 13:53:35
MemTotal:        1420824 kB
MemFree:           71364 kB
Buffers:            7944 kB
Cached:           553228 kB
SwapCached:            0 kB
Active:           462436 kB
Inactive:         591432 kB
Active(anon):     229812 kB
Inactive(anon):   264116 kB
Active(file):     232624 kB
Inactive(file):   327316 kB
Unevictable:         292 kB
Mlocked:               0 kB
HighTotal:       1001472 kB
HighFree:           6168 kB
LowTotal:         419352 kB
LowFree:           65196 kB
SwapTotal:        786428 kB
SwapFree:         786428 kB
Dirty:               632 kB
Writeback:             0 kB
AnonPages:        493000 kB
Mapped:           224072 kB
Shmem:               940 kB
Slab:              43932 kB
SReclaimable:      15596 kB
SUnreclaim:        28336 kB
KernelStack:       10104 kB
PageTables:        16628 kB
NFS_Unstable:          0 kB
Bounce:                0 kB
WritebackTmp:          0 kB
CommitLimit:     1496840 kB
Committed_AS:   23363672 kB
VmallocTotal:     458752 kB
VmallocUsed:       88292 kB
VmallocChunk:     224284 kB
Time pass: 131 sec

---2015-11-20 13:53:35
MemTotal:        1420824 kB
MemFree:           71536 kB
Buffers:            7944 kB
Cached:           553228 kB
SwapCached:            0 kB
Active:           462516 kB
Inactive:         591432 kB
Active(anon):     229892 kB
Inactive(anon):   264116 kB
Active(file):     232624 kB
Inactive(file):   327316 kB
Unevictable:         292 kB
Mlocked:               0 kB
HighTotal:       1001472 kB
HighFree:           6276 kB
LowTotal:         419352 kB
LowFree:           65260 kB
SwapTotal:        786428 kB
SwapFree:         786428 kB
Dirty:                16 kB
Writeback:             0 kB
AnonPages:        493108 kB
Mapped:           224100 kB
Shmem:               940 kB
Slab:              43868 kB
SReclaimable:      15596 kB
SUnreclaim:        28272 kB
KernelStack:       10104 kB
PageTables:        16628 kB
NFS_Unstable:          0 kB
Bounce:                0 kB
WritebackTmp:          0 kB
CommitLimit:     1496840 kB
Committed_AS:   23363672 kB
VmallocTotal:     458752 kB
VmallocUsed:       88292 kB
VmallocChunk:     224284 kB
Time pass: 134 sec

---2015-11-20 13:53:35
MemTotal:        1420824 kB
MemFree:           70376 kB
Buffers:            7952 kB
Cached:           553228 kB
SwapCached:            0 kB
Active:           462556 kB
Inactive:         591440 kB
Active(anon):     229932 kB
Inactive(anon):   264116 kB
Active(file):     232624 kB
Inactive(file):   327324 kB
Unevictable:         292 kB
Mlocked:               0 kB
HighTotal:       1001472 kB
HighFree:           5784 kB
LowTotal:         419352 kB
LowFree:           64592 kB
SwapTotal:        786428 kB
SwapFree:         786428 kB
Dirty:                96 kB
Writeback:             0 kB
AnonPages:        493148 kB
Mapped:           223996 kB
Shmem:               940 kB
Slab:              43932 kB
SReclaimable:      15596 kB
SUnreclaim:        28336 kB
KernelStack:       10104 kB
PageTables:        16628 kB
NFS_Unstable:          0 kB
Bounce:                0 kB
WritebackTmp:          0 kB
CommitLimit:     1496840 kB
Committed_AS:   23363732 kB
VmallocTotal:     458752 kB
VmallocUsed:       88388 kB
VmallocChunk:     224284 kB
Time pass: 138 sec

---2015-11-20 13:53:35
MemTotal:        1420824 kB
MemFree:           59204 kB
Buffers:            8100 kB
Cached:           553400 kB
SwapCached:            0 kB
Active:           471340 kB
Inactive:         590692 kB
Active(anon):     237656 kB
Inactive(anon):   264260 kB
Active(file):     233684 kB
Inactive(file):   326432 kB
Unevictable:         292 kB
Mlocked:               0 kB
HighTotal:       1001472 kB
HighFree:           5060 kB
LowTotal:         419352 kB
LowFree:           54144 kB
SwapTotal:        786428 kB
SwapFree:         786428 kB
Dirty:                76 kB
Writeback:             0 kB
AnonPages:        500908 kB
Mapped:           226180 kB
Shmem:              1092 kB
Slab:              44032 kB
SReclaimable:      15604 kB
SUnreclaim:        28428 kB
KernelStack:       10296 kB
PageTables:        16800 kB
NFS_Unstable:          0 kB
Bounce:                0 kB
WritebackTmp:          0 kB
CommitLimit:     1496840 kB
Committed_AS:   23389220 kB
VmallocTotal:     458752 kB
VmallocUsed:       90824 kB
VmallocChunk:     224284 kB
Time pass: 142 sec

---2015-11-20 13:53:35
MemTotal:        1420824 kB
MemFree:           48980 kB
Buffers:            8100 kB
Cached:           553544 kB
SwapCached:            0 kB
Active:           472492 kB
Inactive:         590832 kB
Active(anon):     238804 kB
Inactive(anon):   264400 kB
Active(file):     233688 kB
Inactive(file):   326432 kB
Unevictable:         292 kB
Mlocked:               0 kB
HighTotal:       1001472 kB
HighFree:           5092 kB
LowTotal:         419352 kB
LowFree:           43888 kB
SwapTotal:        786428 kB
SwapFree:         786428 kB
Dirty:                 4 kB
Writeback:             0 kB
AnonPages:        502036 kB
Mapped:           226624 kB
Shmem:              1232 kB
Slab:              44128 kB
SReclaimable:      15604 kB
SUnreclaim:        28524 kB
KernelStack:       10296 kB
PageTables:        16860 kB
NFS_Unstable:          0 kB
Bounce:                0 kB
WritebackTmp:          0 kB
CommitLimit:     1496840 kB
Committed_AS:   23389416 kB
VmallocTotal:     458752 kB
VmallocUsed:       90824 kB
VmallocChunk:     224284 kB
Time pass: 145 sec

---2015-11-20 13:53:35
MemTotal:        1420824 kB
MemFree:           48676 kB
Buffers:            8108 kB
Cached:           553572 kB
SwapCached:            0 kB
Active:           472948 kB
Inactive:         590848 kB
Active(anon):     239260 kB
Inactive(anon):   264408 kB
Active(file):     233688 kB
Inactive(file):   326440 kB
Unevictable:         292 kB
Mlocked:               0 kB
HighTotal:       1001472 kB
HighFree:           5100 kB
LowTotal:         419352 kB
LowFree:           43576 kB
SwapTotal:        786428 kB
SwapFree:         786428 kB
Dirty:                40 kB
Writeback:             0 kB
AnonPages:        502488 kB
Mapped:           226800 kB
Shmem:              1260 kB
Slab:              44084 kB
SReclaimable:      15608 kB
SUnreclaim:        28476 kB
KernelStack:       10296 kB
PageTables:        16860 kB
NFS_Unstable:          0 kB
Bounce:                0 kB
WritebackTmp:          0 kB
CommitLimit:     1496840 kB
Committed_AS:   23389696 kB
VmallocTotal:     458752 kB
VmallocUsed:       90824 kB
VmallocChunk:     224284 kB
Time pass: 149 sec

---2015-11-20 13:53:35
MemTotal:        1420824 kB
MemFree:           48672 kB
Buffers:            8108 kB
Cached:           553688 kB
SwapCached:            0 kB
Active:           473108 kB
Inactive:         590984 kB
Active(anon):     239420 kB
Inactive(anon):   264540 kB
Active(file):     233688 kB
Inactive(file):   326444 kB
Unevictable:         292 kB
Mlocked:               0 kB
HighTotal:       1001472 kB
HighFree:           5100 kB
LowTotal:         419352 kB
LowFree:           43572 kB
SwapTotal:        786428 kB
SwapFree:         786428 kB
Dirty:                 8 kB
Writeback:             0 kB
AnonPages:        502588 kB
Mapped:           226868 kB
Shmem:              1372 kB
Slab:              44092 kB
SReclaimable:      15604 kB
SUnreclaim:        28488 kB
KernelStack:       10296 kB
PageTables:        16860 kB
NFS_Unstable:          0 kB
Bounce:                0 kB
WritebackTmp:          0 kB
CommitLimit:     1496840 kB
Committed_AS:   23389704 kB
VmallocTotal:     458752 kB
VmallocUsed:       90792 kB
VmallocChunk:     224284 kB
Time pass: 152 sec

---2015-11-20 13:53:35
MemTotal:        1420824 kB
MemFree:           46000 kB
Buffers:            8124 kB
Cached:           549848 kB
SwapCached:            0 kB
Active:           481916 kB
Inactive:         586792 kB
Active(anon):     247856 kB
Inactive(anon):   264112 kB
Active(file):     234060 kB
Inactive(file):   322680 kB
Unevictable:         292 kB
Mlocked:               0 kB
HighTotal:       1001472 kB
HighFree:           7060 kB
LowTotal:         419352 kB
LowFree:           38940 kB
SwapTotal:        786428 kB
SwapFree:         786428 kB
Dirty:                 0 kB
Writeback:             0 kB
AnonPages:        511164 kB
Mapped:           226508 kB
Shmem:               940 kB
Slab:              44004 kB
SReclaimable:      15596 kB
SUnreclaim:        28408 kB
KernelStack:       10200 kB
PageTables:        16756 kB
NFS_Unstable:          0 kB
Bounce:                0 kB
WritebackTmp:          0 kB
CommitLimit:     1496840 kB
Committed_AS:   23389784 kB
VmallocTotal:     458752 kB
VmallocUsed:       88376 kB
VmallocChunk:     224284 kB
Time pass: 156 sec

---2015-11-20 13:53:35
MemTotal:        1420824 kB
MemFree:           55820 kB
Buffers:            8124 kB
Cached:           549852 kB
SwapCached:            0 kB
Active:           476464 kB
Inactive:         586756 kB
Active(anon):     242400 kB
Inactive(anon):   264076 kB
Active(file):     234064 kB
Inactive(file):   322680 kB
Unevictable:         292 kB
Mlocked:               0 kB
HighTotal:       1001472 kB
HighFree:          13852 kB
LowTotal:         419352 kB
LowFree:           41968 kB
SwapTotal:        786428 kB
SwapFree:         786428 kB
Dirty:                 8 kB
Writeback:             0 kB
AnonPages:        505512 kB
Mapped:           225980 kB
Shmem:               940 kB
Slab:              44012 kB
SReclaimable:      15596 kB
SUnreclaim:        28416 kB
KernelStack:       10112 kB
PageTables:        16724 kB
NFS_Unstable:          0 kB
Bounce:                0 kB
WritebackTmp:          0 kB
CommitLimit:     1496840 kB
Committed_AS:   23377120 kB
VmallocTotal:     458752 kB
VmallocUsed:       88312 kB
VmallocChunk:     224284 kB
Time pass: 159 sec

---2015-11-20 13:53:35
MemTotal:        1420824 kB
MemFree:           52744 kB
Buffers:            8132 kB
Cached:           549852 kB
SwapCached:            0 kB
Active:           481528 kB
Inactive:         586724 kB
Active(anon):     247464 kB
Inactive(anon):   264036 kB
Active(file):     234064 kB
Inactive(file):   322688 kB
Unevictable:         292 kB
Mlocked:               0 kB
HighTotal:       1001472 kB
HighFree:          11992 kB
LowTotal:         419352 kB
LowFree:           40752 kB
SwapTotal:        786428 kB
SwapFree:         786428 kB
Dirty:                40 kB
Writeback:             0 kB
AnonPages:        510596 kB
Mapped:           224800 kB
Shmem:               940 kB
Slab:              44012 kB
SReclaimable:      15596 kB
SUnreclaim:        28416 kB
KernelStack:       10176 kB
PageTables:        16688 kB
NFS_Unstable:          0 kB
Bounce:                0 kB
WritebackTmp:          0 kB
CommitLimit:     1496840 kB
Committed_AS:   23390336 kB
VmallocTotal:     458752 kB
VmallocUsed:       90772 kB
VmallocChunk:     224284 kB
Time pass: 163 sec

---2015-11-20 13:53:35
MemTotal:        1420824 kB
MemFree:           46996 kB
Buffers:            8164 kB
Cached:           550072 kB
SwapCached:            0 kB
Active:           483948 kB
Inactive:         586960 kB
Active(anon):     249876 kB
Inactive(anon):   264240 kB
Active(file):     234072 kB
Inactive(file):   322720 kB
Unevictable:         292 kB
Mlocked:               0 kB
HighTotal:       1001472 kB
HighFree:           5728 kB
LowTotal:         419352 kB
LowFree:           41268 kB
SwapTotal:        786428 kB
SwapFree:         786428 kB
Dirty:                 0 kB
Writeback:             0 kB
AnonPages:        512908 kB
Mapped:           225468 kB
Shmem:              1152 kB
Slab:              44028 kB
SReclaimable:      15596 kB
SUnreclaim:        28432 kB
KernelStack:       10288 kB
PageTables:        16888 kB
NFS_Unstable:          0 kB
Bounce:                0 kB
WritebackTmp:          0 kB
CommitLimit:     1496840 kB
Committed_AS:   23400052 kB
VmallocTotal:     458752 kB
VmallocUsed:       90792 kB
VmallocChunk:     224284 kB
Time pass: 167 sec

---2015-11-20 13:53:35
MemTotal:        1420824 kB
MemFree:           40800 kB
Buffers:            8164 kB
Cached:           550088 kB
SwapCached:            0 kB
Active:           483940 kB
Inactive:         586964 kB
Active(anon):     249868 kB
Inactive(anon):   264244 kB
Active(file):     234072 kB
Inactive(file):   322720 kB
Unevictable:         292 kB
Mlocked:               0 kB
HighTotal:       1001472 kB
HighFree:           5412 kB
LowTotal:         419352 kB
LowFree:           35388 kB
SwapTotal:        786428 kB
SwapFree:         786428 kB
Dirty:                 4 kB
Writeback:             0 kB
AnonPages:        512948 kB
Mapped:           225508 kB
Shmem:              1168 kB
Slab:              44040 kB
SReclaimable:      15604 kB
SUnreclaim:        28436 kB
KernelStack:       10288 kB
PageTables:        17020 kB
NFS_Unstable:          0 kB
Bounce:                0 kB
WritebackTmp:          0 kB
CommitLimit:     1496840 kB
Committed_AS:   23400052 kB
VmallocTotal:     458752 kB
VmallocUsed:       90792 kB
VmallocChunk:     224284 kB
Time pass: 170 sec

---2015-11-20 13:53:35
MemTotal:        1420824 kB
MemFree:           39448 kB
Buffers:            8172 kB
Cached:           550148 kB
SwapCached:            0 kB
Active:           483992 kB
Inactive:         587004 kB
Active(anon):     249920 kB
Inactive(anon):   264276 kB
Active(file):     234072 kB
Inactive(file):   322728 kB
Unevictable:         292 kB
Mlocked:               0 kB
HighTotal:       1001472 kB
HighFree:           5088 kB
LowTotal:         419352 kB
LowFree:           34360 kB
SwapTotal:        786428 kB
SwapFree:         786428 kB
Dirty:                40 kB
Writeback:             0 kB
AnonPages:        513016 kB
Mapped:           225684 kB
Shmem:              1228 kB
Slab:              44276 kB
SReclaimable:      15600 kB
SUnreclaim:        28676 kB
KernelStack:       10272 kB
PageTables:        16868 kB
NFS_Unstable:          0 kB
Bounce:                0 kB
WritebackTmp:          0 kB
CommitLimit:     1496840 kB
Committed_AS:   23400012 kB
VmallocTotal:     458752 kB
VmallocUsed:       90824 kB
VmallocChunk:     224284 kB
Time pass: 173 sec

---2015-11-20 13:53:35
MemTotal:        1420824 kB
MemFree:           39904 kB
Buffers:            7992 kB
Cached:           545632 kB
SwapCached:            0 kB
Active:           488216 kB
Inactive:         582164 kB
Active(anon):     254064 kB
Inactive(anon):   264400 kB
Active(file):     234152 kB
Inactive(file):   317764 kB
Unevictable:         292 kB
Mlocked:               0 kB
HighTotal:       1001472 kB
HighFree:           5716 kB
LowTotal:         419352 kB
LowFree:           34188 kB
SwapTotal:        786428 kB
SwapFree:         786428 kB
Dirty:                12 kB
Writeback:             0 kB
AnonPages:        517188 kB
Mapped:           225732 kB
Shmem:              1384 kB
Slab:              44296 kB
SReclaimable:      15604 kB
SUnreclaim:        28692 kB
KernelStack:       10304 kB
PageTables:        17012 kB
NFS_Unstable:          0 kB
Bounce:                0 kB
WritebackTmp:          0 kB
CommitLimit:     1496840 kB
Committed_AS:   23411500 kB
VmallocTotal:     458752 kB
VmallocUsed:       90824 kB
VmallocChunk:     224284 kB
Time pass: 177 sec

---2015-11-20 13:53:35
MemTotal:        1420824 kB
MemFree:           43368 kB
Buffers:            8024 kB
Cached:           542084 kB
SwapCached:            0 kB
Active:           489000 kB
Inactive:         578080 kB
Active(anon):     254252 kB
Inactive(anon):   264140 kB
Active(file):     234748 kB
Inactive(file):   313940 kB
Unevictable:         292 kB
Mlocked:               0 kB
HighTotal:       1001472 kB
HighFree:           6284 kB
LowTotal:         419352 kB
LowFree:           37084 kB
SwapTotal:        786428 kB
SwapFree:         786428 kB
Dirty:                52 kB
Writeback:             0 kB
AnonPages:        517452 kB
Mapped:           225820 kB
Shmem:              1128 kB
Slab:              44240 kB
SReclaimable:      15604 kB
SUnreclaim:        28636 kB
KernelStack:       10288 kB
PageTables:        16896 kB
NFS_Unstable:          0 kB
Bounce:                0 kB
WritebackTmp:          0 kB
CommitLimit:     1496840 kB
Committed_AS:   23407124 kB
VmallocTotal:     458752 kB
VmallocUsed:       90824 kB
VmallocChunk:     224284 kB
Time pass: 181 sec

---2015-11-20 13:53:35
MemTotal:        1420824 kB
MemFree:           43944 kB
Buffers:            8040 kB
Cached:           542128 kB
SwapCached:            0 kB
Active:           489116 kB
Inactive:         578136 kB
Active(anon):     254368 kB
Inactive(anon):   264180 kB
Active(file):     234748 kB
Inactive(file):   313956 kB
Unevictable:         292 kB
Mlocked:               0 kB
HighTotal:       1001472 kB
HighFree:           6588 kB
LowTotal:         419352 kB
LowFree:           37356 kB
SwapTotal:        786428 kB
SwapFree:         786428 kB
Dirty:                44 kB
Writeback:             0 kB
AnonPages:        517372 kB
Mapped:           225816 kB
Shmem:              1172 kB
Slab:              44232 kB
SReclaimable:      15612 kB
SUnreclaim:        28620 kB
KernelStack:       10280 kB
PageTables:        16896 kB
NFS_Unstable:          0 kB
Bounce:                0 kB
WritebackTmp:          0 kB
CommitLimit:     1496840 kB
Committed_AS:   23406312 kB
VmallocTotal:     458752 kB
VmallocUsed:       90792 kB
VmallocChunk:     224284 kB
Time pass: 184 sec

---2015-11-20 13:53:35
MemTotal:        1420824 kB
MemFree:           44296 kB
Buffers:            8056 kB
Cached:           542260 kB
SwapCached:            0 kB
Active:           489888 kB
Inactive:         578132 kB
Active(anon):     255140 kB
Inactive(anon):   264160 kB
Active(file):     234748 kB
Inactive(file):   313972 kB
Unevictable:         292 kB
Mlocked:               0 kB
HighTotal:       1001472 kB
HighFree:           5112 kB
LowTotal:         419352 kB
LowFree:           39184 kB
SwapTotal:        786428 kB
SwapFree:         786428 kB
Dirty:                40 kB
Writeback:             0 kB
AnonPages:        518052 kB
Mapped:           224652 kB
Shmem:              1304 kB
Slab:              44112 kB
SReclaimable:      15756 kB
SUnreclaim:        28356 kB
KernelStack:       10288 kB
PageTables:        16912 kB
NFS_Unstable:          0 kB
Bounce:                0 kB
WritebackTmp:          0 kB
CommitLimit:     1496840 kB
Committed_AS:   23407224 kB
VmallocTotal:     458752 kB
VmallocUsed:       90792 kB
VmallocChunk:     224284 kB
Time pass: 188 sec

---2015-11-20 13:53:35
MemTotal:        1420824 kB
MemFree:           48072 kB
Buffers:            8064 kB
Cached:           542296 kB
SwapCached:            0 kB
Active:           488084 kB
Inactive:         575420 kB
Active(anon):     253336 kB
Inactive(anon):   261448 kB
Active(file):     234748 kB
Inactive(file):   313972 kB
Unevictable:         292 kB
Mlocked:               0 kB
HighTotal:       1001472 kB
HighFree:           7672 kB
LowTotal:         419352 kB
LowFree:           40400 kB
SwapTotal:        786428 kB
SwapFree:         786428 kB
Dirty:                 0 kB
Writeback:             0 kB
AnonPages:        513468 kB
Mapped:           224656 kB
Shmem:              1348 kB
Slab:              44288 kB
SReclaimable:      15656 kB
SUnreclaim:        28632 kB
KernelStack:       10272 kB
PageTables:        16880 kB
NFS_Unstable:          0 kB
Bounce:                0 kB
WritebackTmp:          0 kB
CommitLimit:     1496840 kB
Committed_AS:   23406892 kB
VmallocTotal:     458752 kB
VmallocUsed:       90792 kB
VmallocChunk:     224284 kB
Time pass: 192 sec

---2015-11-20 13:53:35
MemTotal:        1420824 kB
MemFree:           49140 kB
Buffers:            8080 kB
Cached:           542308 kB
SwapCached:            0 kB
Active:           487548 kB
Inactive:         575444 kB
Active(anon):     252800 kB
Inactive(anon):   261448 kB
Active(file):     234748 kB
Inactive(file):   313996 kB
Unevictable:         292 kB
Mlocked:               0 kB
HighTotal:       1001472 kB
HighFree:           8472 kB
LowTotal:         419352 kB
LowFree:           40668 kB
SwapTotal:        786428 kB
SwapFree:         786428 kB
Dirty:                40 kB
Writeback:             0 kB
AnonPages:        512916 kB
Mapped:           224704 kB
Shmem:              1352 kB
Slab:              44136 kB
SReclaimable:      15648 kB
SUnreclaim:        28488 kB
KernelStack:       10264 kB
PageTables:        16892 kB
NFS_Unstable:          0 kB
Bounce:                0 kB
WritebackTmp:          0 kB
CommitLimit:     1496840 kB
Committed_AS:   23406220 kB
VmallocTotal:     458752 kB
VmallocUsed:       90792 kB
VmallocChunk:     224284 kB
Time pass: 195 sec

---2015-11-20 13:53:35
MemTotal:        1420824 kB
MemFree:           48728 kB
Buffers:            8088 kB
Cached:           542300 kB
SwapCached:            0 kB
Active:           488308 kB
Inactive:         575448 kB
Active(anon):     253560 kB
Inactive(anon):   261452 kB
Active(file):     234748 kB
Inactive(file):   313996 kB
Unevictable:         292 kB
Mlocked:               0 kB
HighTotal:       1001472 kB
HighFree:           7932 kB
LowTotal:         419352 kB
LowFree:           40796 kB
SwapTotal:        786428 kB
SwapFree:         786428 kB
Dirty:                 0 kB
Writeback:             0 kB
AnonPages:        513684 kB
Mapped:           224704 kB
Shmem:              1352 kB
Slab:              44264 kB
SReclaimable:      15764 kB
SUnreclaim:        28500 kB
KernelStack:       10280 kB
PageTables:        16912 kB
NFS_Unstable:          0 kB
Bounce:                0 kB
WritebackTmp:          0 kB
CommitLimit:     1496840 kB
Committed_AS:   23407092 kB
VmallocTotal:     458752 kB
VmallocUsed:       90792 kB
VmallocChunk:     224284 kB
Time pass: 199 sec

---2015-11-20 13:53:35
MemTotal:        1420824 kB
MemFree:           48100 kB
Buffers:            8996 kB
Cached:           542308 kB
SwapCached:            0 kB
Active:           488408 kB
Inactive:         576364 kB
Active(anon):     253660 kB
Inactive(anon):   261452 kB
Active(file):     234748 kB
Inactive(file):   314912 kB
Unevictable:         292 kB
Mlocked:               0 kB
HighTotal:       1001472 kB
HighFree:           8100 kB
LowTotal:         419352 kB
LowFree:           40000 kB
SwapTotal:        786428 kB
SwapFree:         786428 kB
Dirty:                40 kB
Writeback:             0 kB
AnonPages:        513816 kB
Mapped:           224752 kB
Shmem:              1352 kB
Slab:              44348 kB
SReclaimable:      15680 kB
SUnreclaim:        28668 kB
KernelStack:       10272 kB
PageTables:        16900 kB
NFS_Unstable:          0 kB
Bounce:                0 kB
WritebackTmp:          0 kB
CommitLimit:     1496840 kB
Committed_AS:   23406792 kB
VmallocTotal:     458752 kB
VmallocUsed:       90824 kB
VmallocChunk:     224284 kB
Time pass: 202 sec

---2015-11-20 13:53:35
MemTotal:        1420824 kB
MemFree:           46284 kB
Buffers:            8996 kB
Cached:           542332 kB
SwapCached:            0 kB
Active:           489300 kB
Inactive:         576388 kB
Active(anon):     254552 kB
Inactive(anon):   261476 kB
Active(file):     234748 kB
Inactive(file):   314912 kB
Unevictable:         292 kB
Mlocked:               0 kB
HighTotal:       1001472 kB
HighFree:           6636 kB
LowTotal:         419352 kB
LowFree:           39648 kB
SwapTotal:        786428 kB
SwapFree:         786428 kB
Dirty:                 0 kB
Writeback:             0 kB
AnonPages:        514960 kB
Mapped:           224776 kB
Shmem:              1376 kB
Slab:              44408 kB
SReclaimable:      15652 kB
SUnreclaim:        28756 kB
KernelStack:       10280 kB
PageTables:        16900 kB
NFS_Unstable:          0 kB
Bounce:                0 kB
WritebackTmp:          0 kB
CommitLimit:     1496840 kB
Committed_AS:   23408004 kB
VmallocTotal:     458752 kB
VmallocUsed:       90824 kB
VmallocChunk:     224284 kB
Time pass: 206 sec

---2015-11-20 13:53:35
MemTotal:        1420824 kB
MemFree:           45888 kB
Buffers:            9020 kB
Cached:           542320 kB
SwapCached:            0 kB
Active:           490064 kB
Inactive:         576400 kB
Active(anon):     255316 kB
Inactive(anon):   261480 kB
Active(file):     234748 kB
Inactive(file):   314920 kB
Unevictable:         292 kB
Mlocked:               0 kB
HighTotal:       1001472 kB
HighFree:           6292 kB
LowTotal:         419352 kB
LowFree:           39596 kB
SwapTotal:        786428 kB
SwapFree:         786428 kB
Dirty:                28 kB
Writeback:             0 kB
AnonPages:        515592 kB
Mapped:           224780 kB
Shmem:              1380 kB
Slab:              44424 kB
SReclaimable:      15644 kB
SUnreclaim:        28780 kB
KernelStack:       10272 kB
PageTables:        16896 kB
NFS_Unstable:          0 kB
Bounce:                0 kB
WritebackTmp:          0 kB
CommitLimit:     1496840 kB
Committed_AS:   23408440 kB
VmallocTotal:     458752 kB
VmallocUsed:       90824 kB
VmallocChunk:     224284 kB
Time pass: 209 sec

---2015-11-20 13:53:35
MemTotal:        1420824 kB
MemFree:           46952 kB
Buffers:            9020 kB
Cached:           542352 kB
SwapCached:            0 kB
Active:           489428 kB
Inactive:         576432 kB
Active(anon):     254680 kB
Inactive(anon):   261496 kB
Active(file):     234748 kB
Inactive(file):   314936 kB
Unevictable:         292 kB
Mlocked:               0 kB
HighTotal:       1001472 kB
HighFree:           6820 kB
LowTotal:         419352 kB
LowFree:           40132 kB
SwapTotal:        786428 kB
SwapFree:         786428 kB
Dirty:                36 kB
Writeback:             0 kB
AnonPages:        514916 kB
Mapped:           224748 kB
Shmem:              1396 kB
Slab:              44160 kB
SReclaimable:      15636 kB
SUnreclaim:        28524 kB
KernelStack:       10272 kB
PageTables:        16900 kB
NFS_Unstable:          0 kB
Bounce:                0 kB
WritebackTmp:          0 kB
CommitLimit:     1496840 kB
Committed_AS:   23408416 kB
VmallocTotal:     458752 kB
VmallocUsed:       90792 kB
VmallocChunk:     224284 kB
Time pass: 213 sec

---2015-11-20 13:53:35
MemTotal:        1420824 kB
MemFree:           46672 kB
Buffers:            9036 kB
Cached:           542396 kB
SwapCached:            0 kB
Active:           489136 kB
Inactive:         576492 kB
Active(anon):     254388 kB
Inactive(anon):   261540 kB
Active(file):     234748 kB
Inactive(file):   314952 kB
Unevictable:         292 kB
Mlocked:               0 kB
HighTotal:       1001472 kB
HighFree:           6632 kB
LowTotal:         419352 kB
LowFree:           40040 kB
SwapTotal:        786428 kB
SwapFree:         786428 kB
Dirty:                40 kB
Writeback:             0 kB
AnonPages:        514500 kB
Mapped:           224792 kB
Shmem:              1440 kB
Slab:              44424 kB
SReclaimable:      15632 kB
SUnreclaim:        28792 kB
KernelStack:       10272 kB
PageTables:        16900 kB
NFS_Unstable:          0 kB
Bounce:                0 kB
WritebackTmp:          0 kB
CommitLimit:     1496840 kB
Committed_AS:   23407080 kB
VmallocTotal:     458752 kB
VmallocUsed:       90792 kB
VmallocChunk:     224284 kB
Time pass: 217 sec

---2015-11-20 13:53:35
MemTotal:        1420824 kB
MemFree:           46040 kB
Buffers:            9084 kB
Cached:           542420 kB
SwapCached:            0 kB
Active:           489348 kB
Inactive:         576564 kB
Active(anon):     254600 kB
Inactive(anon):   261564 kB
Active(file):     234748 kB
Inactive(file):   315000 kB
Unevictable:         292 kB
Mlocked:               0 kB
HighTotal:       1001472 kB
HighFree:           6328 kB
LowTotal:         419352 kB
LowFree:           39712 kB
SwapTotal:        786428 kB
SwapFree:         786428 kB
Dirty:                28 kB
Writeback:             0 kB
AnonPages:        514736 kB
Mapped:           224816 kB
Shmem:              1464 kB
Slab:              44336 kB
SReclaimable:      15632 kB
SUnreclaim:        28704 kB
KernelStack:       10272 kB
PageTables:        16900 kB
NFS_Unstable:          0 kB
Bounce:                0 kB
WritebackTmp:          0 kB
CommitLimit:     1496840 kB
Committed_AS:   23407244 kB
VmallocTotal:     458752 kB
VmallocUsed:       90792 kB
VmallocChunk:     224284 kB
Time pass: 220 sec

---2015-11-20 13:53:35
MemTotal:        1420824 kB
MemFree:           46636 kB
Buffers:            9100 kB
Cached:           542456 kB
SwapCached:            0 kB
Active:           489532 kB
Inactive:         576616 kB
Active(anon):     254784 kB
Inactive(anon):   261600 kB
Active(file):     234748 kB
Inactive(file):   315016 kB
Unevictable:         292 kB
Mlocked:               0 kB
HighTotal:       1001472 kB
HighFree:           5444 kB
LowTotal:         419352 kB
LowFree:           41192 kB
SwapTotal:        786428 kB
SwapFree:         786428 kB
Dirty:                36 kB
Writeback:             0 kB
AnonPages:        514920 kB
Mapped:           224852 kB
Shmem:              1500 kB
Slab:              44236 kB
SReclaimable:      15632 kB
SUnreclaim:        28604 kB
KernelStack:       10272 kB
PageTables:        16900 kB
NFS_Unstable:          0 kB
Bounce:                0 kB
WritebackTmp:          0 kB
CommitLimit:     1496840 kB
Committed_AS:   23407336 kB
VmallocTotal:     458752 kB
VmallocUsed:       90792 kB
VmallocChunk:     224284 kB
Time pass: 224 sec

---2015-11-20 13:53:35
MemTotal:        1420824 kB
MemFree:           45672 kB
Buffers:            9108 kB
Cached:           542452 kB
SwapCached:            0 kB
Active:           489904 kB
Inactive:         576620 kB
Active(anon):     255156 kB
Inactive(anon):   261604 kB
Active(file):     234748 kB
Inactive(file):   315016 kB
Unevictable:         292 kB
Mlocked:               0 kB
HighTotal:       1001472 kB
HighFree:           6388 kB
LowTotal:         419352 kB
LowFree:           39284 kB
SwapTotal:        786428 kB
SwapFree:         786428 kB
Dirty:                 0 kB
Writeback:             0 kB
AnonPages:        515300 kB
Mapped:           224856 kB
Shmem:              1504 kB
Slab:              44392 kB
SReclaimable:      15632 kB
SUnreclaim:        28760 kB
KernelStack:       10272 kB
PageTables:        16904 kB
NFS_Unstable:          0 kB
Bounce:                0 kB
WritebackTmp:          0 kB
CommitLimit:     1496840 kB
Committed_AS:   23407684 kB
VmallocTotal:     458752 kB
VmallocUsed:       90792 kB
VmallocChunk:     224284 kB
Time pass: 227 sec

---2015-11-20 13:53:35
MemTotal:        1420824 kB
MemFree:           45692 kB
Buffers:            9132 kB
Cached:           542460 kB
SwapCached:            0 kB
Active:           490204 kB
Inactive:         576652 kB
Active(anon):     255456 kB
Inactive(anon):   261604 kB
Active(file):     234748 kB
Inactive(file):   315048 kB
Unevictable:         292 kB
Mlocked:               0 kB
HighTotal:       1001472 kB
HighFree:           6520 kB
LowTotal:         419352 kB
LowFree:           39172 kB
SwapTotal:        786428 kB
SwapFree:         786428 kB
Dirty:                56 kB
Writeback:             0 kB
AnonPages:        515588 kB
Mapped:           224816 kB
Shmem:              1504 kB
Slab:              44308 kB
SReclaimable:      15632 kB
SUnreclaim:        28676 kB
KernelStack:       10280 kB
PageTables:        16888 kB
NFS_Unstable:          0 kB
Bounce:                0 kB
WritebackTmp:          0 kB
CommitLimit:     1496840 kB
Committed_AS:   23407644 kB
VmallocTotal:     458752 kB
VmallocUsed:       90792 kB
VmallocChunk:     224284 kB
Time pass: 231 sec

---2015-11-20 13:53:35
MemTotal:        1420824 kB
MemFree:           45172 kB
Buffers:            9148 kB
Cached:           542460 kB
SwapCached:            0 kB
Active:           490480 kB
Inactive:         576412 kB
Active(anon):     255732 kB
Inactive(anon):   261348 kB
Active(file):     234748 kB
Inactive(file):   315064 kB
Unevictable:         292 kB
Mlocked:               0 kB
HighTotal:       1001472 kB
HighFree:           6044 kB
LowTotal:         419352 kB
LowFree:           39128 kB
SwapTotal:        786428 kB
SwapFree:         786428 kB
Dirty:                56 kB
Writeback:             0 kB
AnonPages:        515548 kB
Mapped:           224856 kB
Shmem:              1504 kB
Slab:              44356 kB
SReclaimable:      15632 kB
SUnreclaim:        28724 kB
KernelStack:       10280 kB
PageTables:        16884 kB
NFS_Unstable:          0 kB
Bounce:                0 kB
WritebackTmp:          0 kB
CommitLimit:     1496840 kB
Committed_AS:   23407536 kB
VmallocTotal:     458752 kB
VmallocUsed:       90792 kB
VmallocChunk:     224284 kB
Time pass: 234 sec

---2015-11-20 13:53:35
MemTotal:        1420824 kB
MemFree:           45560 kB
Buffers:            9148 kB
Cached:           542460 kB
SwapCached:            0 kB
Active:           490444 kB
Inactive:         576412 kB
Active(anon):     255696 kB
Inactive(anon):   261348 kB
Active(file):     234748 kB
Inactive(file):   315064 kB
Unevictable:         292 kB
Mlocked:               0 kB
HighTotal:       1001472 kB
HighFree:           6252 kB
LowTotal:         419352 kB
LowFree:           39308 kB
SwapTotal:        786428 kB
SwapFree:         786428 kB
Dirty:                 0 kB
Writeback:             0 kB
AnonPages:        515456 kB
Mapped:           224908 kB
Shmem:              1504 kB
Slab:              44208 kB
SReclaimable:      15632 kB
SUnreclaim:        28576 kB
KernelStack:       10288 kB
PageTables:        16884 kB
NFS_Unstable:          0 kB
Bounce:                0 kB
WritebackTmp:          0 kB
CommitLimit:     1496840 kB
Committed_AS:   23407588 kB
VmallocTotal:     458752 kB
VmallocUsed:       90824 kB
VmallocChunk:     224284 kB
Time pass: 238 sec

---2015-11-20 13:53:35
MemTotal:        1420824 kB
MemFree:           45912 kB
Buffers:            9156 kB
Cached:           542460 kB
SwapCached:            0 kB
Active:           489296 kB
Inactive:         576420 kB
Active(anon):     254548 kB
Inactive(anon):   261348 kB
Active(file):     234748 kB
Inactive(file):   315072 kB
Unevictable:         292 kB
Mlocked:               0 kB
HighTotal:       1001472 kB
HighFree:           6520 kB
LowTotal:         419352 kB
LowFree:           39392 kB
SwapTotal:        786428 kB
SwapFree:         786428 kB
Dirty:                28 kB
Writeback:             0 kB
AnonPages:        514484 kB
Mapped:           224864 kB
Shmem:              1504 kB
Slab:              44288 kB
SReclaimable:      15632 kB
SUnreclaim:        28656 kB
KernelStack:       10280 kB
PageTables:        16880 kB
NFS_Unstable:          0 kB
Bounce:                0 kB
WritebackTmp:          0 kB
CommitLimit:     1496840 kB
Committed_AS:   23406304 kB
VmallocTotal:     458752 kB
VmallocUsed:       90792 kB
VmallocChunk:     224284 kB
Time pass: 241 sec

---2015-11-20 13:53:35
MemTotal:        1420824 kB
MemFree:           45088 kB
Buffers:            9172 kB
Cached:           542460 kB
SwapCached:            0 kB
Active:           490636 kB
Inactive:         576436 kB
Active(anon):     255888 kB
Inactive(anon):   261348 kB
Active(file):     234748 kB
Inactive(file):   315088 kB
Unevictable:         292 kB
Mlocked:               0 kB
HighTotal:       1001472 kB
HighFree:           5872 kB
LowTotal:         419352 kB
LowFree:           39216 kB
SwapTotal:        786428 kB
SwapFree:         786428 kB
Dirty:                 0 kB
Writeback:             0 kB
AnonPages:        515768 kB
Mapped:           224864 kB
Shmem:              1504 kB
Slab:              44320 kB
SReclaimable:      15632 kB
SUnreclaim:        28688 kB
KernelStack:       10280 kB
PageTables:        16884 kB
NFS_Unstable:          0 kB
Bounce:                0 kB
WritebackTmp:          0 kB
CommitLimit:     1496840 kB
Committed_AS:   23407584 kB
VmallocTotal:     458752 kB
VmallocUsed:       90792 kB
VmallocChunk:     224284 kB
Time pass: 245 sec

---2015-11-20 13:53:35
MemTotal:        1420824 kB
MemFree:           44672 kB
Buffers:            9180 kB
Cached:           542460 kB
SwapCached:            0 kB
Active:           490648 kB
Inactive:         576444 kB
Active(anon):     255900 kB
Inactive(anon):   261348 kB
Active(file):     234748 kB
Inactive(file):   315096 kB
Unevictable:         292 kB
Mlocked:               0 kB
HighTotal:       1001472 kB
HighFree:           5552 kB
LowTotal:         419352 kB
LowFree:           39120 kB
SwapTotal:        786428 kB
SwapFree:         786428 kB
Dirty:                28 kB
Writeback:             0 kB
AnonPages:        515680 kB
Mapped:           224868 kB
Shmem:              1504 kB
Slab:              44344 kB
SReclaimable:      15632 kB
SUnreclaim:        28712 kB
KernelStack:       10280 kB
PageTables:        16884 kB
NFS_Unstable:          0 kB
Bounce:                0 kB
WritebackTmp:          0 kB
CommitLimit:     1496840 kB
Committed_AS:   23407544 kB
VmallocTotal:     458752 kB
VmallocUsed:       90792 kB
VmallocChunk:     224284 kB
Time pass: 248 sec

---2015-11-20 13:53:35
MemTotal:        1420824 kB
MemFree:           44888 kB
Buffers:            9196 kB
Cached:           542460 kB
SwapCached:            0 kB
Active:           490708 kB
Inactive:         576460 kB
Active(anon):     255960 kB
Inactive(anon):   261348 kB
Active(file):     234748 kB
Inactive(file):   315112 kB
Unevictable:         292 kB
Mlocked:               0 kB
HighTotal:       1001472 kB
HighFree:           5272 kB
LowTotal:         419352 kB
LowFree:           39616 kB
SwapTotal:        786428 kB
SwapFree:         786428 kB
Dirty:                52 kB
Writeback:             0 kB
AnonPages:        515840 kB
Mapped:           224868 kB
Shmem:              1504 kB
Slab:              44316 kB
SReclaimable:      15632 kB
SUnreclaim:        28684 kB
KernelStack:       10280 kB
PageTables:        16884 kB
NFS_Unstable:          0 kB
Bounce:                0 kB
WritebackTmp:          0 kB
CommitLimit:     1496840 kB
Committed_AS:   23407468 kB
VmallocTotal:     458752 kB
VmallocUsed:       90792 kB
VmallocChunk:     224284 kB
Time pass: 252 sec

---2015-11-20 13:53:35
MemTotal:        1420824 kB
MemFree:           45536 kB
Buffers:            9204 kB
Cached:           542452 kB
SwapCached:            0 kB
Active:           490076 kB
Inactive:         576448 kB
Active(anon):     255328 kB
Inactive(anon):   261336 kB
Active(file):     234748 kB
Inactive(file):   315112 kB
Unevictable:         292 kB
Mlocked:               0 kB
HighTotal:       1001472 kB
HighFree:           6748 kB
LowTotal:         419352 kB
LowFree:           38788 kB
SwapTotal:        786428 kB
SwapFree:         786428 kB
Dirty:                 0 kB
Writeback:             0 kB
AnonPages:        515232 kB
Mapped:           224868 kB
Shmem:              1504 kB
Slab:              44396 kB
SReclaimable:      15632 kB
SUnreclaim:        28764 kB
KernelStack:       10280 kB
PageTables:        16884 kB
NFS_Unstable:          0 kB
Bounce:                0 kB
WritebackTmp:          0 kB
CommitLimit:     1496840 kB
Committed_AS:   23407456 kB
VmallocTotal:     458752 kB
VmallocUsed:       90792 kB
VmallocChunk:     224284 kB
Time pass: 255 sec

---2015-11-20 13:53:35
MemTotal:        1420824 kB
MemFree:           45000 kB
Buffers:            9220 kB
Cached:           542460 kB
SwapCached:            0 kB
Active:           490164 kB
Inactive:         576472 kB
Active(anon):     255416 kB
Inactive(anon):   261336 kB
Active(file):     234748 kB
Inactive(file):   315136 kB
Unevictable:         292 kB
Mlocked:               0 kB
HighTotal:       1001472 kB
HighFree:           5444 kB
LowTotal:         419352 kB
LowFree:           39556 kB
SwapTotal:        786428 kB
SwapFree:         786428 kB
Dirty:                36 kB
Writeback:             0 kB
AnonPages:        515152 kB
Mapped:           224916 kB
Shmem:              1504 kB
Slab:              44412 kB
SReclaimable:      15624 kB
SUnreclaim:        28788 kB
KernelStack:       10280 kB
PageTables:        16880 kB
NFS_Unstable:          0 kB
Bounce:                0 kB
WritebackTmp:          0 kB
CommitLimit:     1496840 kB
Committed_AS:   23407432 kB
VmallocTotal:     458752 kB
VmallocUsed:       90824 kB
VmallocChunk:     224284 kB
Time pass: 259 sec

---2015-11-20 13:53:35
MemTotal:        1420824 kB
MemFree:           44680 kB
Buffers:            9236 kB
Cached:           542444 kB
SwapCached:            0 kB
Active:           490348 kB
Inactive:         576472 kB
Active(anon):     255600 kB
Inactive(anon):   261336 kB
Active(file):     234748 kB
Inactive(file):   315136 kB
Unevictable:         292 kB
Mlocked:               0 kB
HighTotal:       1001472 kB
HighFree:           6080 kB
LowTotal:         419352 kB
LowFree:           38600 kB
SwapTotal:        786428 kB
SwapFree:         786428 kB
Dirty:                 0 kB
Writeback:             0 kB
AnonPages:        515360 kB
Mapped:           224896 kB
Shmem:              1504 kB
Slab:              44500 kB
SReclaimable:      15624 kB
SUnreclaim:        28876 kB
KernelStack:       10296 kB
PageTables:        16896 kB
NFS_Unstable:          0 kB
Bounce:                0 kB
WritebackTmp:          0 kB
CommitLimit:     1496840 kB
Committed_AS:   23407616 kB
VmallocTotal:     458752 kB
VmallocUsed:       90824 kB
VmallocChunk:     224284 kB
Time pass: 262 sec

---2015-11-20 13:53:35
MemTotal:        1420824 kB
MemFree:           44640 kB
Buffers:            9236 kB
Cached:           542472 kB
SwapCached:            0 kB
Active:           490552 kB
Inactive:         576500 kB
Active(anon):     255804 kB
Inactive(anon):   261348 kB
Active(file):     234748 kB
Inactive(file):   315152 kB
Unevictable:         292 kB
Mlocked:               0 kB
HighTotal:       1001472 kB
HighFree:           6228 kB
LowTotal:         419352 kB
LowFree:           38412 kB
SwapTotal:        786428 kB
SwapFree:         786428 kB
Dirty:                 0 kB
Writeback:             0 kB
AnonPages:        515604 kB
Mapped:           224928 kB
Shmem:              1516 kB
Slab:              44448 kB
SReclaimable:      15624 kB
SUnreclaim:        28824 kB
KernelStack:       10288 kB
PageTables:        16884 kB
NFS_Unstable:          0 kB
Bounce:                0 kB
WritebackTmp:          0 kB
CommitLimit:     1496840 kB
Committed_AS:   23407752 kB
VmallocTotal:     458752 kB
VmallocUsed:       90824 kB
VmallocChunk:     224284 kB
Time pass: 266 sec

---2015-11-20 13:53:35
MemTotal:        1420824 kB
MemFree:           45076 kB
Buffers:            9260 kB
Cached:           542456 kB
SwapCached:            0 kB
Active:           490960 kB
Inactive:         576508 kB
Active(anon):     256212 kB
Inactive(anon):   261348 kB
Active(file):     234748 kB
Inactive(file):   315160 kB
Unevictable:         292 kB
Mlocked:               0 kB
HighTotal:       1001472 kB
HighFree:           6036 kB
LowTotal:         419352 kB
LowFree:           39040 kB
SwapTotal:        786428 kB
SwapFree:         786428 kB
Dirty:                28 kB
Writeback:             0 kB
AnonPages:        516136 kB
Mapped:           224780 kB
Shmem:              1516 kB
Slab:              44436 kB
SReclaimable:      15624 kB
SUnreclaim:        28812 kB
KernelStack:       10272 kB
PageTables:        16884 kB
NFS_Unstable:          0 kB
Bounce:                0 kB
WritebackTmp:          0 kB
CommitLimit:     1496840 kB
Committed_AS:   23408712 kB
VmallocTotal:     458752 kB
VmallocUsed:       90824 kB
VmallocChunk:     224284 kB
Time pass: 269 sec

---2015-11-20 13:53:35
MemTotal:        1420824 kB
MemFree:           45632 kB
Buffers:            9260 kB
Cached:           542472 kB
SwapCached:            0 kB
Active:           490564 kB
Inactive:         576524 kB
Active(anon):     255816 kB
Inactive(anon):   261348 kB
Active(file):     234748 kB
Inactive(file):   315176 kB
Unevictable:         292 kB
Mlocked:               0 kB
HighTotal:       1001472 kB
HighFree:           6356 kB
LowTotal:         419352 kB
LowFree:           39276 kB
SwapTotal:        786428 kB
SwapFree:         786428 kB
Dirty:                40 kB
Writeback:             0 kB
AnonPages:        515616 kB
Mapped:           224880 kB
Shmem:              1516 kB
Slab:              44268 kB
SReclaimable:      15624 kB
SUnreclaim:        28644 kB
KernelStack:       10256 kB
PageTables:        16884 kB
NFS_Unstable:          0 kB
Bounce:                0 kB
WritebackTmp:          0 kB
CommitLimit:     1496840 kB
Committed_AS:   23407572 kB
VmallocTotal:     458752 kB
VmallocUsed:       90792 kB
VmallocChunk:     224284 kB
Time pass: 273 sec

---2015-11-20 13:53:35
MemTotal:        1420824 kB
MemFree:           45324 kB
Buffers:            9284 kB
Cached:           542456 kB
SwapCached:            0 kB
Active:           490840 kB
Inactive:         576532 kB
Active(anon):     256092 kB
Inactive(anon):   261348 kB
Active(file):     234748 kB
Inactive(file):   315184 kB
Unevictable:         292 kB
Mlocked:               0 kB
HighTotal:       1001472 kB
HighFree:           6348 kB
LowTotal:         419352 kB
LowFree:           38976 kB
SwapTotal:        786428 kB
SwapFree:         786428 kB
Dirty:                28 kB
Writeback:             0 kB
AnonPages:        515956 kB
Mapped:           224880 kB
Shmem:              1516 kB
Slab:              44300 kB
SReclaimable:      15624 kB
SUnreclaim:        28676 kB
KernelStack:       10256 kB
PageTables:        16884 kB
NFS_Unstable:          0 kB
Bounce:                0 kB
WritebackTmp:          0 kB
CommitLimit:     1496840 kB
Committed_AS:   23408864 kB
VmallocTotal:     458752 kB
VmallocUsed:       90792 kB
VmallocChunk:     224284 kB
Time pass: 277 sec

---2015-11-20 13:53:35
MemTotal:        1420824 kB
MemFree:           45128 kB
Buffers:            9284 kB
Cached:           542480 kB
SwapCached:            0 kB
Active:           491068 kB
Inactive:         576556 kB
Active(anon):     256320 kB
Inactive(anon):   261356 kB
Active(file):     234748 kB
Inactive(file):   315200 kB
Unevictable:         292 kB
Mlocked:               0 kB
HighTotal:       1001472 kB
HighFree:           6136 kB
LowTotal:         419352 kB
LowFree:           38992 kB
SwapTotal:        786428 kB
SwapFree:         786428 kB
Dirty:                 0 kB
Writeback:             0 kB
AnonPages:        516184 kB
Mapped:           224888 kB
Shmem:              1524 kB
Slab:              44284 kB
SReclaimable:      15624 kB
SUnreclaim:        28660 kB
KernelStack:       10256 kB
PageTables:        16884 kB
NFS_Unstable:          0 kB
Bounce:                0 kB
WritebackTmp:          0 kB
CommitLimit:     1496840 kB
Committed_AS:   23407912 kB
VmallocTotal:     458752 kB
VmallocUsed:       90792 kB
VmallocChunk:     224284 kB
Time pass: 281 sec

---2015-11-20 13:53:35
MemTotal:        1420824 kB
MemFree:           44176 kB
Buffers:            9300 kB
Cached:           542492 kB
SwapCached:            0 kB
Active:           491844 kB
Inactive:         576588 kB
Active(anon):     257100 kB
Inactive(anon):   261372 kB
Active(file):     234744 kB
Inactive(file):   315216 kB
Unevictable:         292 kB
Mlocked:               0 kB
HighTotal:       1001472 kB
HighFree:           5188 kB
LowTotal:         419352 kB
LowFree:           38988 kB
SwapTotal:        786428 kB
SwapFree:         786428 kB
Dirty:                40 kB
Writeback:             0 kB
AnonPages:        516968 kB
Mapped:           224928 kB
Shmem:              1540 kB
Slab:              44336 kB
SReclaimable:      15624 kB
SUnreclaim:        28712 kB
KernelStack:       10264 kB
PageTables:        16900 kB
NFS_Unstable:          0 kB
Bounce:                0 kB
WritebackTmp:          0 kB
CommitLimit:     1496840 kB
Committed_AS:   23407900 kB
VmallocTotal:     458752 kB
VmallocUsed:       90792 kB
VmallocChunk:     224284 kB
Time pass: 284 sec

---2015-11-20 13:53:35
MemTotal:        1420824 kB
MemFree:           43988 kB
Buffers:            9308 kB
Cached:           542492 kB
SwapCached:            0 kB
Active:           491940 kB
Inactive:         576596 kB
Active(anon):     257196 kB
Inactive(anon):   261372 kB
Active(file):     234744 kB
Inactive(file):   315224 kB
Unevictable:         292 kB
Mlocked:               0 kB
HighTotal:       1001472 kB
HighFree:           5328 kB
LowTotal:         419352 kB
LowFree:           38660 kB
SwapTotal:        786428 kB
SwapFree:         786428 kB
Dirty:                48 kB
Writeback:             0 kB
AnonPages:        517080 kB
Mapped:           224976 kB
Shmem:              1540 kB
Slab:              44340 kB
SReclaimable:      15624 kB
SUnreclaim:        28716 kB
KernelStack:       10264 kB
PageTables:        16900 kB
NFS_Unstable:          0 kB
Bounce:                0 kB
WritebackTmp:          0 kB
CommitLimit:     1496840 kB
Committed_AS:   23407920 kB
VmallocTotal:     458752 kB
VmallocUsed:       90824 kB
VmallocChunk:     224284 kB
Time pass: 288 sec

---2015-11-20 13:53:35
MemTotal:        1420824 kB
MemFree:           44240 kB
Buffers:            9324 kB
Cached:           542492 kB
SwapCached:            0 kB
Active:           491828 kB
Inactive:         576612 kB
Active(anon):     257084 kB
Inactive(anon):   261372 kB
Active(file):     234744 kB
Inactive(file):   315240 kB
Unevictable:         292 kB
Mlocked:               0 kB
HighTotal:       1001472 kB
HighFree:           5356 kB
LowTotal:         419352 kB
LowFree:           38884 kB
SwapTotal:        786428 kB
SwapFree:         786428 kB
Dirty:                60 kB
Writeback:             0 kB
AnonPages:        516980 kB
Mapped:           224928 kB
Shmem:              1540 kB
Slab:              44392 kB
SReclaimable:      15624 kB
SUnreclaim:        28768 kB
KernelStack:       10256 kB
PageTables:        16900 kB
NFS_Unstable:          0 kB
Bounce:                0 kB
WritebackTmp:          0 kB
CommitLimit:     1496840 kB
Committed_AS:   23407816 kB
VmallocTotal:     458752 kB
VmallocUsed:       90792 kB
VmallocChunk:     224284 kB
Time pass: 291 sec

---2015-11-20 13:53:35
MemTotal:        1420824 kB
MemFree:           44588 kB
Buffers:            9332 kB
Cached:           542484 kB
SwapCached:            0 kB
Active:           491688 kB
Inactive:         576612 kB
Active(anon):     256944 kB
Inactive(anon):   261372 kB
Active(file):     234744 kB
Inactive(file):   315240 kB
Unevictable:         292 kB
Mlocked:               0 kB
HighTotal:       1001472 kB
HighFree:           5596 kB
LowTotal:         419352 kB
LowFree:           38992 kB
SwapTotal:        786428 kB
SwapFree:         786428 kB
Dirty:                 0 kB
Writeback:             0 kB
AnonPages:        516840 kB
Mapped:           224928 kB
Shmem:              1540 kB
Slab:              44336 kB
SReclaimable:      15624 kB
SUnreclaim:        28712 kB
KernelStack:       10256 kB
PageTables:        16900 kB
NFS_Unstable:          0 kB
Bounce:                0 kB
WritebackTmp:          0 kB
CommitLimit:     1496840 kB
Committed_AS:   23407688 kB
VmallocTotal:     458752 kB
VmallocUsed:       90792 kB
VmallocChunk:     224284 kB
Time pass: 294 sec

---2015-11-20 13:53:35
MemTotal:        1420824 kB
MemFree:           43384 kB
Buffers:            9348 kB
Cached:           542496 kB
SwapCached:            0 kB
Active:           491656 kB
Inactive:         576620 kB
Active(anon):     256892 kB
Inactive(anon):   261372 kB
Active(file):     234764 kB
Inactive(file):   315248 kB
Unevictable:         292 kB
Mlocked:               0 kB
HighTotal:       1001472 kB
HighFree:           5352 kB
LowTotal:         419352 kB
LowFree:           38032 kB
SwapTotal:        786428 kB
SwapFree:         786428 kB
Dirty:                48 kB
Writeback:             0 kB
AnonPages:        516708 kB
Mapped:           224976 kB
Shmem:              1540 kB
Slab:              44436 kB
SReclaimable:      15624 kB
SUnreclaim:        28812 kB
KernelStack:       10272 kB
PageTables:        16896 kB
NFS_Unstable:          0 kB
Bounce:                0 kB
WritebackTmp:          0 kB
CommitLimit:     1496840 kB
Committed_AS:   23407556 kB
VmallocTotal:     458752 kB
VmallocUsed:       90824 kB
VmallocChunk:     224284 kB
Time pass: 298 sec

---2015-11-20 13:53:35
MemTotal:        1420824 kB
MemFree:           42584 kB
Buffers:            9348 kB
Cached:           542496 kB
SwapCached:            0 kB
Active:           492456 kB
Inactive:         576620 kB
Active(anon):     257692 kB
Inactive(anon):   261372 kB
Active(file):     234764 kB
Inactive(file):   315248 kB
Unevictable:         292 kB
Mlocked:               0 kB
HighTotal:       1001472 kB
HighFree:           5048 kB
LowTotal:         419352 kB
LowFree:           37536 kB
SwapTotal:        786428 kB
SwapFree:         786428 kB
Dirty:                 0 kB
Writeback:             0 kB
AnonPages:        517560 kB
Mapped:           224840 kB
Shmem:              1540 kB
Slab:              44316 kB
SReclaimable:      15624 kB
SUnreclaim:        28692 kB
KernelStack:       10232 kB
PageTables:        16888 kB
NFS_Unstable:          0 kB
Bounce:                0 kB
WritebackTmp:          0 kB
CommitLimit:     1496840 kB
Committed_AS:   23408260 kB
VmallocTotal:     458752 kB
VmallocUsed:       90824 kB
VmallocChunk:     224284 kB
Time pass: 301 sec

---2015-11-20 13:53:35
MemTotal:        1420824 kB
MemFree:           42184 kB
Buffers:            9372 kB
Cached:           542480 kB
SwapCached:            0 kB
Active:           492652 kB
Inactive:         576628 kB
Active(anon):     257888 kB
Inactive(anon):   261372 kB
Active(file):     234764 kB
Inactive(file):   315256 kB
Unevictable:         292 kB
Mlocked:               0 kB
HighTotal:       1001472 kB
HighFree:           5116 kB
LowTotal:         419352 kB
LowFree:           37068 kB
SwapTotal:        786428 kB
SwapFree:         786428 kB
Dirty:                28 kB
Writeback:             0 kB
AnonPages:        517920 kB
Mapped:           224976 kB
Shmem:              1540 kB
Slab:              44188 kB
SReclaimable:      15624 kB
SUnreclaim:        28564 kB
KernelStack:       10256 kB
PageTables:        16900 kB
NFS_Unstable:          0 kB
Bounce:                0 kB
WritebackTmp:          0 kB
CommitLimit:     1496840 kB
Committed_AS:   23409092 kB
VmallocTotal:     458752 kB
VmallocUsed:       90824 kB
VmallocChunk:     224284 kB
Time pass: 305 sec

---2015-11-20 13:53:35
MemTotal:        1420824 kB
MemFree:           42180 kB
Buffers:            9372 kB
Cached:           542496 kB
SwapCached:            0 kB
Active:           492508 kB
Inactive:         576644 kB
Active(anon):     257744 kB
Inactive(anon):   261372 kB
Active(file):     234764 kB
Inactive(file):   315272 kB
Unevictable:         292 kB
Mlocked:               0 kB
HighTotal:       1001472 kB
HighFree:           5432 kB
LowTotal:         419352 kB
LowFree:           36748 kB
SwapTotal:        786428 kB
SwapFree:         786428 kB
Dirty:                 0 kB
Writeback:             0 kB
AnonPages:        517524 kB
Mapped:           224976 kB
Shmem:              1540 kB
Slab:              44360 kB
SReclaimable:      15624 kB
SUnreclaim:        28736 kB
KernelStack:       10256 kB
PageTables:        16900 kB
NFS_Unstable:          0 kB
Bounce:                0 kB
WritebackTmp:          0 kB
CommitLimit:     1496840 kB
Committed_AS:   23409004 kB
VmallocTotal:     458752 kB
VmallocUsed:       90824 kB
VmallocChunk:     224284 kB
Time pass: 309 sec

---2015-11-20 13:53:35
MemTotal:        1420824 kB
MemFree:           42476 kB
Buffers:            9388 kB
Cached:           542496 kB
SwapCached:            0 kB
Active:           492256 kB
Inactive:         576660 kB
Active(anon):     257492 kB
Inactive(anon):   261372 kB
Active(file):     234764 kB
Inactive(file):   315288 kB
Unevictable:         292 kB
Mlocked:               0 kB
HighTotal:       1001472 kB
HighFree:           5736 kB
LowTotal:         419352 kB
LowFree:           36740 kB
SwapTotal:        786428 kB
SwapFree:         786428 kB
Dirty:                40 kB
Writeback:             0 kB
AnonPages:        517356 kB
Mapped:           224976 kB
Shmem:              1540 kB
Slab:              44324 kB
SReclaimable:      15624 kB
SUnreclaim:        28700 kB
KernelStack:       10256 kB
PageTables:        16900 kB
NFS_Unstable:          0 kB
Bounce:                0 kB
WritebackTmp:          0 kB
CommitLimit:     1496840 kB
Committed_AS:   23407836 kB
VmallocTotal:     458752 kB
VmallocUsed:       90824 kB
VmallocChunk:     224284 kB
Time pass: 313 sec

---2015-11-20 13:53:35
MemTotal:        1420824 kB
MemFree:           42996 kB
Buffers:            9396 kB
Cached:           542496 kB
SwapCached:            0 kB
Active:           492288 kB
Inactive:         576668 kB
Active(anon):     257524 kB
Inactive(anon):   261372 kB
Active(file):     234764 kB
Inactive(file):   315296 kB
Unevictable:         292 kB
Mlocked:               0 kB
HighTotal:       1001472 kB
HighFree:           6024 kB
LowTotal:         419352 kB
LowFree:           36972 kB
SwapTotal:        786428 kB
SwapFree:         786428 kB
Dirty:                28 kB
Writeback:             0 kB
AnonPages:        517392 kB
Mapped:           224928 kB
Shmem:              1540 kB
Slab:              44292 kB
SReclaimable:      15624 kB
SUnreclaim:        28668 kB
KernelStack:       10256 kB
PageTables:        16896 kB
NFS_Unstable:          0 kB
Bounce:                0 kB
WritebackTmp:          0 kB
CommitLimit:     1496840 kB
Committed_AS:   23407840 kB
VmallocTotal:     458752 kB
VmallocUsed:       90792 kB
VmallocChunk:     224284 kB
Time pass: 316 sec

---2015-11-20 13:53:35
MemTotal:        1420824 kB
MemFree:           43368 kB
Buffers:            9412 kB
Cached:           542520 kB
SwapCached:            0 kB
Active:           491772 kB
Inactive:         576696 kB
Active(anon):     257008 kB
Inactive(anon):   261384 kB
Active(file):     234764 kB
Inactive(file):   315312 kB
Unevictable:         292 kB
Mlocked:               0 kB
HighTotal:       1001472 kB
HighFree:           5676 kB
LowTotal:         419352 kB
LowFree:           37692 kB
SwapTotal:        786428 kB
SwapFree:         786428 kB
Dirty:                40 kB
Writeback:             0 kB
AnonPages:        516832 kB
Mapped:           224952 kB
Shmem:              1564 kB
Slab:              44252 kB
SReclaimable:      15624 kB
SUnreclaim:        28628 kB
KernelStack:       10256 kB
PageTables:        16900 kB
NFS_Unstable:          0 kB
Bounce:                0 kB
WritebackTmp:          0 kB
CommitLimit:     1496840 kB
Committed_AS:   23407748 kB
VmallocTotal:     458752 kB
VmallocUsed:       90792 kB
VmallocChunk:     224284 kB
Time pass: 320 sec

---2015-11-20 13:53:35
MemTotal:        1420824 kB
MemFree:           42960 kB
Buffers:            9420 kB
Cached:           542516 kB
SwapCached:            0 kB
Active:           492200 kB
Inactive:         576456 kB
Active(anon):     257436 kB
Inactive(anon):   261144 kB
Active(file):     234764 kB
Inactive(file):   315312 kB
Unevictable:         292 kB
Mlocked:               0 kB
HighTotal:       1001472 kB
HighFree:           6064 kB
LowTotal:         419352 kB
LowFree:           36896 kB
SwapTotal:        786428 kB
SwapFree:         786428 kB
Dirty:                32 kB
Writeback:             0 kB
AnonPages:        517032 kB
Mapped:           224996 kB
