---2015-12-05 14:07:44
MemTotal:        2905316 kB
MemFree:           85964 kB
Buffers:           26548 kB
Cached:          1368344 kB
SwapCached:            0 kB
Active:          1304932 kB
Inactive:        1010672 kB
Active(anon):     792328 kB
Inactive(anon):   172580 kB
Active(file):     512604 kB
Inactive(file):   838092 kB
Unevictable:        7488 kB
Mlocked:               0 kB
SwapTotal:        720184 kB
SwapFree:         720184 kB
Dirty:                20 kB
Writeback:             0 kB
AnonPages:        928380 kB
Mapped:           568184 kB
Shmem:             36708 kB
Slab:             117452 kB
SReclaimable:      36020 kB
SUnreclaim:        81432 kB
KernelStack:       33056 kB
PageTables:        58344 kB
NFS_Unstable:          0 kB
Bounce:                0 kB
WritebackTmp:          0 kB
CommitLimit:     2172840 kB
Committed_AS:   97914356 kB
VmallocTotal:   251658176 kB
VmallocUsed:      139852 kB
VmallocChunk:   251446316 kB
Time pass: 3 sec

---2015-12-05 14:07:44
MemTotal:        2905316 kB
MemFree:           80720 kB
Buffers:           26564 kB
Cached:          1368512 kB
SwapCached:            0 kB
Active:          1312532 kB
Inactive:        1006856 kB
Active(anon):     795936 kB
Inactive(anon):   172604 kB
Active(file):     516596 kB
Inactive(file):   834252 kB
Unevictable:        7488 kB
Mlocked:               0 kB
SwapTotal:        720184 kB
SwapFree:         720184 kB
Dirty:               272 kB
Writeback:             0 kB
AnonPages:        931792 kB
Mapped:           563428 kB
Shmem:             36736 kB
Slab:             120008 kB
SReclaimable:      36020 kB
SUnreclaim:        83988 kB
KernelStack:       32672 kB
PageTables:        56788 kB
NFS_Unstable:          0 kB
Bounce:                0 kB
WritebackTmp:          0 kB
CommitLimit:     2172840 kB
Committed_AS:   93852776 kB
VmallocTotal:   251658176 kB
VmallocUsed:      137812 kB
VmallocChunk:   251446316 kB
Time pass: 7 sec

---2015-12-05 14:07:44
MemTotal:        2905316 kB
MemFree:           97212 kB
Buffers:           26572 kB
Cached:          1368492 kB
SwapCached:            0 kB
Active:          1295896 kB
Inactive:        1006832 kB
Active(anon):     779292 kB
Inactive(anon):   172584 kB
Active(file):     516604 kB
Inactive(file):   834248 kB
Unevictable:        7488 kB
Mlocked:               0 kB
SwapTotal:        720184 kB
SwapFree:         720184 kB
Dirty:               124 kB
Writeback:             0 kB
AnonPages:        915360 kB
Mapped:           563456 kB
Shmem:             36712 kB
Slab:             119932 kB
SReclaimable:      36024 kB
SUnreclaim:        83908 kB
KernelStack:       32384 kB
PageTables:        57012 kB
NFS_Unstable:          0 kB
Bounce:                0 kB
WritebackTmp:          0 kB
CommitLimit:     2172840 kB
Committed_AS:   93849752 kB
VmallocTotal:   251658176 kB
VmallocUsed:      137812 kB
VmallocChunk:   251446316 kB
Time pass: 11 sec

---2015-12-05 14:07:44
MemTotal:        2905316 kB
MemFree:           96196 kB
Buffers:           26580 kB
Cached:          1368516 kB
SwapCached:            0 kB
Active:          1296992 kB
Inactive:        1006836 kB
Active(anon):     780356 kB
Inactive(anon):   172584 kB
Active(file):     516636 kB
Inactive(file):   834252 kB
Unevictable:        7488 kB
Mlocked:               0 kB
SwapTotal:        720184 kB
SwapFree:         720184 kB
Dirty:                44 kB
Writeback:             0 kB
AnonPages:        916348 kB
Mapped:           563460 kB
Shmem:             36712 kB
Slab:             120016 kB
SReclaimable:      36024 kB
SUnreclaim:        83992 kB
KernelStack:       32576 kB
PageTables:        57040 kB
NFS_Unstable:          0 kB
Bounce:                0 kB
WritebackTmp:          0 kB
CommitLimit:     2172840 kB
Committed_AS:   93849904 kB
VmallocTotal:   251658176 kB
VmallocUsed:      137812 kB
VmallocChunk:   251446316 kB
Time pass: 15 sec

---2015-12-05 14:07:44
MemTotal:        2905316 kB
MemFree:           96216 kB
Buffers:           26580 kB
Cached:          1369896 kB
SwapCached:            0 kB
Active:          1296848 kB
Inactive:        1008140 kB
Active(anon):     780128 kB
Inactive(anon):   172584 kB
Active(file):     516720 kB
Inactive(file):   835556 kB
Unevictable:        7488 kB
Mlocked:               0 kB
SwapTotal:        720184 kB
SwapFree:         720184 kB
Dirty:                60 kB
Writeback:             0 kB
AnonPages:        916044 kB
Mapped:           564260 kB
Shmem:             36712 kB
Slab:             120040 kB
SReclaimable:      36024 kB
SUnreclaim:        84016 kB
KernelStack:       32480 kB
PageTables:        56580 kB
NFS_Unstable:          0 kB
Bounce:                0 kB
WritebackTmp:          0 kB
CommitLimit:     2172840 kB
Committed_AS:   96044800 kB
VmallocTotal:   251658176 kB
VmallocUsed:      136792 kB
VmallocChunk:   251446316 kB
Time pass: 18 sec

---2015-12-05 14:07:44
MemTotal:        2905316 kB
MemFree:           65916 kB
Buffers:           28320 kB
Cached:          1262252 kB
SwapCached:            0 kB
Active:          1313656 kB
Inactive:         911960 kB
Active(anon):     783932 kB
Inactive(anon):   195504 kB
Active(file):     529724 kB
Inactive(file):   716456 kB
Unevictable:        7488 kB
Mlocked:               0 kB
SwapTotal:        720184 kB
SwapFree:         720184 kB
Dirty:              2448 kB
Writeback:             0 kB
AnonPages:        942864 kB
Mapped:           621156 kB
Shmem:             36848 kB
Slab:             117888 kB
SReclaimable:      33768 kB
SUnreclaim:        84120 kB
KernelStack:       33696 kB
PageTables:        56728 kB
NFS_Unstable:          0 kB
Bounce:                0 kB
WritebackTmp:          0 kB
CommitLimit:     2172840 kB
Committed_AS:   92176408 kB
VmallocTotal:   251658176 kB
VmallocUsed:      137280 kB
VmallocChunk:   251436076 kB
Time pass: 22 sec

---2015-12-05 14:07:44
MemTotal:        2905316 kB
MemFree:           99908 kB
Buffers:           27636 kB
Cached:          1229448 kB
SwapCached:            0 kB
Active:          1292128 kB
Inactive:         868520 kB
Active(anon):     761652 kB
Inactive(anon):   182416 kB
Active(file):     530476 kB
Inactive(file):   686104 kB
Unevictable:        7488 kB
Mlocked:               0 kB
SwapTotal:        720184 kB
SwapFree:         720184 kB
Dirty:               756 kB
Writeback:             0 kB
AnonPages:        911000 kB
Mapped:           623688 kB
Shmem:             33016 kB
Slab:             120020 kB
SReclaimable:      36152 kB
SUnreclaim:        83868 kB
KernelStack:       33360 kB
PageTables:        56448 kB
NFS_Unstable:          0 kB
Bounce:                0 kB
WritebackTmp:          0 kB
CommitLimit:     2172840 kB
Committed_AS:   92132648 kB
VmallocTotal:   251658176 kB
VmallocUsed:      137548 kB
VmallocChunk:   251436076 kB
Time pass: 26 sec

---2015-12-05 14:07:44
MemTotal:        2905316 kB
MemFree:           99736 kB
Buffers:           27652 kB
Cached:          1229432 kB
SwapCached:            0 kB
Active:          1292372 kB
Inactive:         868504 kB
Active(anon):     761888 kB
Inactive(anon):   182416 kB
Active(file):     530484 kB
Inactive(file):   686088 kB
Unevictable:        7488 kB
Mlocked:               0 kB
SwapTotal:        720184 kB
SwapFree:         720184 kB
Dirty:               160 kB
Writeback:             0 kB
AnonPages:        911240 kB
Mapped:           623704 kB
Shmem:             33016 kB
Slab:             120120 kB
SReclaimable:      36280 kB
SUnreclaim:        83840 kB
KernelStack:       33344 kB
PageTables:        56448 kB
NFS_Unstable:          0 kB
Bounce:                0 kB
WritebackTmp:          0 kB
CommitLimit:     2172840 kB
Committed_AS:   92132624 kB
VmallocTotal:   251658176 kB
VmallocUsed:      137548 kB
VmallocChunk:   251436076 kB
Time pass: 30 sec

---2015-12-05 14:07:44
MemTotal:        2905316 kB
MemFree:           98508 kB
Buffers:           27660 kB
Cached:          1229524 kB
SwapCached:            0 kB
Active:          1293456 kB
Inactive:         868608 kB
Active(anon):     762968 kB
Inactive(anon):   182476 kB
Active(file):     530488 kB
Inactive(file):   686132 kB
Unevictable:        7488 kB
Mlocked:               0 kB
SwapTotal:        720184 kB
SwapFree:         720184 kB
Dirty:                 4 kB
Writeback:             0 kB
AnonPages:        912324 kB
Mapped:           623820 kB
Shmem:             33076 kB
Slab:             120152 kB
SReclaimable:      36280 kB
SUnreclaim:        83872 kB
KernelStack:       33360 kB
PageTables:        56496 kB
NFS_Unstable:          0 kB
Bounce:                0 kB
WritebackTmp:          0 kB
CommitLimit:     2172840 kB
Committed_AS:   92159320 kB
VmallocTotal:   251658176 kB
VmallocUsed:      137548 kB
VmallocChunk:   251436076 kB
Time pass: 33 sec

---2015-12-05 14:07:44
MemTotal:        2905316 kB
MemFree:           97692 kB
Buffers:           27668 kB
Cached:          1230008 kB
SwapCached:            0 kB
Active:          1294028 kB
Inactive:         869080 kB
Active(anon):     763528 kB
Inactive(anon):   182476 kB
Active(file):     530500 kB
Inactive(file):   686604 kB
Unevictable:        7488 kB
Mlocked:               0 kB
SwapTotal:        720184 kB
SwapFree:         720184 kB
Dirty:                68 kB
Writeback:             0 kB
AnonPages:        912904 kB
Mapped:           624064 kB
Shmem:             33076 kB
Slab:             120280 kB
SReclaimable:      36280 kB
SUnreclaim:        84000 kB
KernelStack:       33376 kB
PageTables:        56480 kB
NFS_Unstable:          0 kB
Bounce:                0 kB
WritebackTmp:          0 kB
CommitLimit:     2172840 kB
Committed_AS:   92159580 kB
VmallocTotal:   251658176 kB
VmallocUsed:      137548 kB
VmallocChunk:   251436076 kB
Time pass: 37 sec

---2015-12-05 14:07:44
MemTotal:        2905316 kB
MemFree:           97048 kB
Buffers:           27668 kB
Cached:          1230004 kB
SwapCached:            0 kB
Active:          1294288 kB
Inactive:         869080 kB
Active(anon):     763784 kB
Inactive(anon):   182476 kB
Active(file):     530504 kB
Inactive(file):   686604 kB
Unevictable:        7488 kB
Mlocked:               0 kB
SwapTotal:        720184 kB
SwapFree:         720184 kB
Dirty:                32 kB
Writeback:             0 kB
AnonPages:        913012 kB
Mapped:           624124 kB
Shmem:             33076 kB
Slab:             120312 kB
SReclaimable:      36280 kB
SUnreclaim:        84032 kB
KernelStack:       33376 kB
PageTables:        56524 kB
NFS_Unstable:          0 kB
Bounce:                0 kB
WritebackTmp:          0 kB
CommitLimit:     2172840 kB
Committed_AS:   92159620 kB
VmallocTotal:   251658176 kB
VmallocUsed:      137548 kB
VmallocChunk:   251436076 kB
Time pass: 41 sec

---2015-12-05 14:07:44
MemTotal:        2905316 kB
MemFree:           64144 kB
Buffers:           26952 kB
Cached:          1202760 kB
SwapCached:            0 kB
Active:          1307764 kB
Inactive:         841488 kB
Active(anon):     774660 kB
Inactive(anon):   185552 kB
Active(file):     533104 kB
Inactive(file):   655936 kB
Unevictable:        7488 kB
Mlocked:               0 kB
SwapTotal:        720184 kB
SwapFree:         720184 kB
Dirty:               272 kB
Writeback:             0 kB
AnonPages:        927488 kB
Mapped:           635112 kB
Shmem:             33080 kB
Slab:             120544 kB
SReclaimable:      36496 kB
SUnreclaim:        84048 kB
KernelStack:       33232 kB
PageTables:        56248 kB
NFS_Unstable:          0 kB
Bounce:                0 kB
WritebackTmp:          0 kB
CommitLimit:     2172840 kB
Committed_AS:   91460932 kB
VmallocTotal:   251658176 kB
VmallocUsed:      136784 kB
VmallocChunk:   251436076 kB
Time pass: 44 sec

---2015-12-05 14:07:44
MemTotal:        2905316 kB
MemFree:           68552 kB
Buffers:           26944 kB
Cached:          1189360 kB
SwapCached:            0 kB
Active:          1310552 kB
Inactive:         829728 kB
Active(anon):     776052 kB
Inactive(anon):   188496 kB
Active(file):     534500 kB
Inactive(file):   641232 kB
Unevictable:        7488 kB
Mlocked:               0 kB
SwapTotal:        720184 kB
SwapFree:         720184 kB
Dirty:               392 kB
Writeback:             0 kB
AnonPages:        931300 kB
Mapped:           640588 kB
Shmem:             33080 kB
Slab:             120008 kB
SReclaimable:      36120 kB
SUnreclaim:        83888 kB
KernelStack:       33232 kB
PageTables:        56344 kB
NFS_Unstable:          0 kB
Bounce:                0 kB
WritebackTmp:          0 kB
CommitLimit:     2172840 kB
Committed_AS:   91472672 kB
VmallocTotal:   251658176 kB
VmallocUsed:      136832 kB
VmallocChunk:   251436076 kB
Time pass: 48 sec

---2015-12-05 14:07:44
MemTotal:        2905316 kB
MemFree:           66016 kB
Buffers:           26920 kB
Cached:          1183236 kB
SwapCached:            0 kB
Active:          1325720 kB
Inactive:         824704 kB
Active(anon):     789592 kB
Inactive(anon):   191692 kB
Active(file):     536128 kB
Inactive(file):   633012 kB
Unevictable:        7488 kB
Mlocked:               0 kB
SwapTotal:        720184 kB
SwapFree:         720184 kB
Dirty:               760 kB
Writeback:             0 kB
AnonPages:        948072 kB
Mapped:           644800 kB
Shmem:             33204 kB
Slab:             120308 kB
SReclaimable:      36296 kB
SUnreclaim:        84012 kB
KernelStack:       33392 kB
PageTables:        56248 kB
NFS_Unstable:          0 kB
Bounce:                0 kB
WritebackTmp:          0 kB
CommitLimit:     2172840 kB
Committed_AS:   91484300 kB
VmallocTotal:   251658176 kB
VmallocUsed:      136780 kB
VmallocChunk:   251436076 kB
Time pass: 51 sec

---2015-12-05 14:07:44
MemTotal:        2905316 kB
MemFree:           77088 kB
Buffers:           24840 kB
Cached:          1124152 kB
SwapCached:            0 kB
Active:          1327080 kB
Inactive:         760888 kB
Active(anon):     780380 kB
Inactive(anon):   199244 kB
Active(file):     546700 kB
Inactive(file):   561644 kB
Unevictable:        7488 kB
Mlocked:               0 kB
SwapTotal:        720184 kB
SwapFree:         720184 kB
Dirty:               692 kB
Writeback:             0 kB
AnonPages:        946644 kB
Mapped:           696848 kB
Shmem:             33084 kB
Slab:             120316 kB
SReclaimable:      36228 kB
SUnreclaim:        84088 kB
KernelStack:       33376 kB
PageTables:        56380 kB
NFS_Unstable:          0 kB
Bounce:                0 kB
WritebackTmp:          0 kB
CommitLimit:     2172840 kB
Committed_AS:   91477828 kB
VmallocTotal:   251658176 kB
VmallocUsed:      137244 kB
VmallocChunk:   251436076 kB
Time pass: 55 sec

---2015-12-05 14:07:44
MemTotal:        2905316 kB
MemFree:           77344 kB
Buffers:           24848 kB
Cached:          1125296 kB
SwapCached:            0 kB
Active:          1326044 kB
Inactive:         762064 kB
Active(anon):     779312 kB
Inactive(anon):   198872 kB
Active(file):     546732 kB
Inactive(file):   563192 kB
Unevictable:        7488 kB
Mlocked:               0 kB
SwapTotal:        720184 kB
SwapFree:         720184 kB
Dirty:                 0 kB
Writeback:             0 kB
AnonPages:        945604 kB
Mapped:           697328 kB
Shmem:             32728 kB
Slab:             120168 kB
SReclaimable:      36196 kB
SUnreclaim:        83972 kB
KernelStack:       33152 kB
PageTables:        56364 kB
NFS_Unstable:          0 kB
Bounce:                0 kB
WritebackTmp:          0 kB
CommitLimit:     2172840 kB
Committed_AS:   91475472 kB
VmallocTotal:   251658176 kB
VmallocUsed:      137256 kB
VmallocChunk:   251436076 kB
Time pass: 59 sec

---2015-12-05 14:07:44
MemTotal:        2905316 kB
MemFree:           73244 kB
Buffers:           24740 kB
Cached:          1110664 kB
SwapCached:            0 kB
Active:          1329840 kB
Inactive:         746140 kB
Active(anon):     782756 kB
Inactive(anon):   198932 kB
Active(file):     547084 kB
Inactive(file):   547208 kB
Unevictable:        8336 kB
Mlocked:               0 kB
SwapTotal:        720184 kB
SwapFree:         720184 kB
Dirty:               136 kB
Writeback:             0 kB
AnonPages:        948924 kB
Mapped:           707104 kB
Shmem:             32788 kB
Slab:             120320 kB
SReclaimable:      36308 kB
SUnreclaim:        84012 kB
KernelStack:       33200 kB
PageTables:        56460 kB
NFS_Unstable:          0 kB
Bounce:                0 kB
WritebackTmp:          0 kB
CommitLimit:     2172840 kB
Committed_AS:   91502628 kB
VmallocTotal:   251658176 kB
VmallocUsed:      137392 kB
VmallocChunk:   251436076 kB
Time pass: 63 sec

---2015-12-05 14:07:44
MemTotal:        2905316 kB
MemFree:           87544 kB
Buffers:           24740 kB
Cached:          1110912 kB
SwapCached:            0 kB
Active:          1314660 kB
Inactive:         746240 kB
Active(anon):     767560 kB
Inactive(anon):   198932 kB
Active(file):     547100 kB
Inactive(file):   547308 kB
Unevictable:        8436 kB
Mlocked:               0 kB
SwapTotal:        720184 kB
SwapFree:         720184 kB
Dirty:               200 kB
Writeback:             0 kB
AnonPages:        933580 kB
Mapped:           707292 kB
Shmem:             32788 kB
Slab:             120332 kB
SReclaimable:      36356 kB
SUnreclaim:        83976 kB
KernelStack:       33136 kB
PageTables:        56460 kB
NFS_Unstable:          0 kB
Bounce:                0 kB
WritebackTmp:          0 kB
CommitLimit:     2172840 kB
Committed_AS:   91502656 kB
VmallocTotal:   251658176 kB
VmallocUsed:      137392 kB
VmallocChunk:   251436076 kB
Time pass: 66 sec

---2015-12-05 14:07:44
MemTotal:        2905316 kB
MemFree:           73332 kB
Buffers:           24756 kB
Cached:          1111344 kB
SwapCached:            0 kB
Active:          1330196 kB
Inactive:         746408 kB
Active(anon):     782792 kB
Inactive(anon):   198932 kB
Active(file):     547404 kB
Inactive(file):   547476 kB
Unevictable:        8436 kB
Mlocked:               0 kB
SwapTotal:        720184 kB
SwapFree:         720184 kB
Dirty:               460 kB
Writeback:             0 kB
AnonPages:        949008 kB
Mapped:           707552 kB
Shmem:             32788 kB
Slab:             120504 kB
SReclaimable:      36372 kB
SUnreclaim:        84132 kB
KernelStack:       33136 kB
PageTables:        56460 kB
NFS_Unstable:          0 kB
Bounce:                0 kB
WritebackTmp:          0 kB
CommitLimit:     2172840 kB
Committed_AS:   91512368 kB
VmallocTotal:   251658176 kB
VmallocUsed:      137392 kB
VmallocChunk:   251436076 kB
Time pass: 70 sec

---2015-12-05 14:07:44
MemTotal:        2905316 kB
MemFree:           71176 kB
Buffers:           24736 kB
Cached:          1098420 kB
SwapCached:            0 kB
Active:          1313980 kB
Inactive:         737172 kB
Active(anon):     774836 kB
Inactive(anon):   198380 kB
Active(file):     539144 kB
Inactive(file):   538792 kB
Unevictable:       12452 kB
Mlocked:               0 kB
SwapTotal:        720184 kB
SwapFree:         720156 kB
Dirty:                 8 kB
Writeback:           220 kB
AnonPages:        940472 kB
Mapped:           720432 kB
Shmem:             32760 kB
Slab:             120568 kB
SReclaimable:      36388 kB
SUnreclaim:        84180 kB
KernelStack:       33152 kB
PageTables:        56448 kB
NFS_Unstable:          0 kB
Bounce:                0 kB
WritebackTmp:          0 kB
CommitLimit:     2172840 kB
Committed_AS:   91512764 kB
VmallocTotal:   251658176 kB
VmallocUsed:      137576 kB
VmallocChunk:   251436076 kB
Time pass: 74 sec

---2015-12-05 14:07:44
MemTotal:        2905316 kB
MemFree:           69980 kB
Buffers:           25388 kB
Cached:          1085040 kB
SwapCached:            0 kB
Active:          1326068 kB
Inactive:         731020 kB
Active(anon):     793464 kB
Inactive(anon):   198308 kB
Active(file):     532604 kB
Inactive(file):   532712 kB
Unevictable:       12456 kB
Mlocked:               0 kB
SwapTotal:        720184 kB
SwapFree:         720156 kB
Dirty:               488 kB
Writeback:             0 kB
AnonPages:        959028 kB
Mapped:           720008 kB
Shmem:             32760 kB
Slab:             119236 kB
SReclaimable:      34980 kB
SUnreclaim:        84256 kB
KernelStack:       33280 kB
PageTables:        56476 kB
NFS_Unstable:          0 kB
Bounce:                0 kB
WritebackTmp:          0 kB
CommitLimit:     2172840 kB
Committed_AS:   91526308 kB
VmallocTotal:   251658176 kB
VmallocUsed:      137576 kB
VmallocChunk:   251436076 kB
Time pass: 78 sec

---2015-12-05 14:07:44
MemTotal:        2905316 kB
MemFree:           66224 kB
Buffers:           25404 kB
Cached:          1079716 kB
SwapCached:            0 kB
Active:          1329460 kB
Inactive:         730024 kB
Active(anon):     800000 kB
Inactive(anon):   199716 kB
Active(file):     529460 kB
Inactive(file):   530308 kB
Unevictable:       12456 kB
Mlocked:               0 kB
SwapTotal:        720184 kB
SwapFree:         720156 kB
Dirty:                36 kB
Writeback:             0 kB
AnonPages:        966920 kB
Mapped:           719460 kB
Shmem:             32896 kB
Slab:             120716 kB
SReclaimable:      36388 kB
SUnreclaim:        84328 kB
KernelStack:       33536 kB
PageTables:        56720 kB
NFS_Unstable:          0 kB
Bounce:                0 kB
WritebackTmp:          0 kB
CommitLimit:     2172840 kB
Committed_AS:   91563824 kB
VmallocTotal:   251658176 kB
VmallocUsed:      140024 kB
VmallocChunk:   251436076 kB
Time pass: 81 sec

---2015-12-05 14:07:44
MemTotal:        2905316 kB
MemFree:           66536 kB
Buffers:           25288 kB
Cached:          1045220 kB
SwapCached:            0 kB
Active:          1313008 kB
Inactive:         712780 kB
Active(anon):     800436 kB
Inactive(anon):   200388 kB
Active(file):     512572 kB
Inactive(file):   512392 kB
Unevictable:       12456 kB
Mlocked:               0 kB
SwapTotal:        720184 kB
SwapFree:         720156 kB
Dirty:               100 kB
Writeback:             0 kB
AnonPages:        967588 kB
Mapped:           718680 kB
Shmem:             33092 kB
Slab:             120740 kB
SReclaimable:      36388 kB
SUnreclaim:        84352 kB
KernelStack:       33520 kB
PageTables:        56876 kB
NFS_Unstable:          0 kB
Bounce:                0 kB
WritebackTmp:          0 kB
CommitLimit:     2172840 kB
Committed_AS:   91564396 kB
VmallocTotal:   251658176 kB
VmallocUsed:      140024 kB
VmallocChunk:   251436076 kB
Time pass: 85 sec

---2015-12-05 14:07:44
MemTotal:        2905316 kB
MemFree:           65360 kB
Buffers:           25312 kB
Cached:          1045228 kB
SwapCached:            0 kB
Active:          1313668 kB
Inactive:         712892 kB
Active(anon):     801184 kB
Inactive(anon):   200388 kB
Active(file):     512484 kB
Inactive(file):   512504 kB
Unevictable:       12456 kB
Mlocked:               0 kB
SwapTotal:        720184 kB
SwapFree:         720156 kB
Dirty:               112 kB
Writeback:             0 kB
AnonPages:        968756 kB
Mapped:           718720 kB
Shmem:             33092 kB
Slab:             120604 kB
SReclaimable:      36260 kB
SUnreclaim:        84344 kB
KernelStack:       33536 kB
PageTables:        56904 kB
NFS_Unstable:          0 kB
Bounce:                0 kB
WritebackTmp:          0 kB
CommitLimit:     2172840 kB
Committed_AS:   91565216 kB
VmallocTotal:   251658176 kB
VmallocUsed:      140024 kB
VmallocChunk:   251436076 kB
Time pass: 89 sec

---2015-12-05 14:07:44
MemTotal:        2905316 kB
MemFree:           70440 kB
Buffers:           25248 kB
Cached:          1038176 kB
SwapCached:            0 kB
Active:          1310948 kB
Inactive:         710056 kB
Active(anon):     802228 kB
Inactive(anon):   201196 kB
Active(file):     508720 kB
Inactive(file):   508860 kB
Unevictable:       12456 kB
Mlocked:               0 kB
SwapTotal:        720184 kB
SwapFree:         720156 kB
Dirty:               156 kB
Writeback:             0 kB
AnonPages:        969944 kB
Mapped:           718168 kB
Shmem:             33388 kB
Slab:             120656 kB
SReclaimable:      36260 kB
SUnreclaim:        84396 kB
KernelStack:       33536 kB
PageTables:        56956 kB
NFS_Unstable:          0 kB
Bounce:                0 kB
WritebackTmp:          0 kB
CommitLimit:     2172840 kB
Committed_AS:   91594644 kB
VmallocTotal:   251658176 kB
VmallocUsed:      140024 kB
VmallocChunk:   251436076 kB
Time pass: 93 sec

---2015-12-05 14:07:44
MemTotal:        2905316 kB
MemFree:           69888 kB
Buffers:           25256 kB
Cached:          1038196 kB
SwapCached:            0 kB
Active:          1312380 kB
Inactive:         710060 kB
Active(anon):     803640 kB
Inactive(anon):   201196 kB
Active(file):     508740 kB
Inactive(file):   508864 kB
Unevictable:       12456 kB
Mlocked:               0 kB
SwapTotal:        720184 kB
SwapFree:         720156 kB
Dirty:                88 kB
Writeback:             0 kB
AnonPages:        971436 kB
Mapped:           718172 kB
Shmem:             33388 kB
Slab:             120812 kB
SReclaimable:      36260 kB
SUnreclaim:        84552 kB
KernelStack:       33536 kB
PageTables:        56956 kB
NFS_Unstable:          0 kB
Bounce:                0 kB
WritebackTmp:          0 kB
CommitLimit:     2172840 kB
Committed_AS:   91594620 kB
VmallocTotal:   251658176 kB
VmallocUsed:      140024 kB
VmallocChunk:   251436076 kB
Time pass: 96 sec

---2015-12-05 14:07:44
MemTotal:        2905316 kB
MemFree:           67668 kB
Buffers:           25272 kB
Cached:          1038240 kB
SwapCached:            0 kB
Active:          1314744 kB
Inactive:         710100 kB
Active(anon):     805980 kB
Inactive(anon):   201196 kB
Active(file):     508764 kB
Inactive(file):   508904 kB
Unevictable:       12456 kB
Mlocked:               0 kB
SwapTotal:        720184 kB
SwapFree:         720156 kB
Dirty:                20 kB
Writeback:             0 kB
AnonPages:        974132 kB
Mapped:           718332 kB
Shmem:             33388 kB
Slab:             120744 kB
SReclaimable:      36372 kB
SUnreclaim:        84372 kB
KernelStack:       33520 kB
PageTables:        56932 kB
NFS_Unstable:          0 kB
Bounce:                0 kB
WritebackTmp:          0 kB
CommitLimit:     2172840 kB
Committed_AS:   91598236 kB
VmallocTotal:   251658176 kB
VmallocUsed:      140024 kB
VmallocChunk:   251436076 kB
Time pass: 100 sec

---2015-12-05 14:07:44
MemTotal:        2905316 kB
MemFree:          360200 kB
Buffers:           25100 kB
Cached:          1026016 kB
SwapCached:            0 kB
Active:          1215844 kB
Inactive:         704824 kB
Active(anon):     713116 kB
Inactive(anon):   202028 kB
Active(file):     502728 kB
Inactive(file):   502796 kB
Unevictable:       12456 kB
Mlocked:               0 kB
SwapTotal:        720184 kB
SwapFree:         720156 kB
Dirty:               100 kB
Writeback:             8 kB
AnonPages:        882056 kB
Mapped:           525468 kB
Shmem:             32908 kB
Slab:             120388 kB
SReclaimable:      36132 kB
SUnreclaim:        84256 kB
KernelStack:       31840 kB
PageTables:        54204 kB
NFS_Unstable:          0 kB
Bounce:                0 kB
WritebackTmp:          0 kB
CommitLimit:     2172840 kB
Committed_AS:   89964768 kB
VmallocTotal:   251658176 kB
VmallocUsed:      136296 kB
VmallocChunk:   251448364 kB
Time pass: 103 sec

---2015-12-05 14:07:44
MemTotal:        2905316 kB
MemFree:          281936 kB
Buffers:           25164 kB
Cached:          1028972 kB
SwapCached:            0 kB
Active:          1261348 kB
Inactive:         704648 kB
Active(anon):     755464 kB
Inactive(anon):   202096 kB
Active(file):     505884 kB
Inactive(file):   502552 kB
Unevictable:       12456 kB
Mlocked:               0 kB
SwapTotal:        720184 kB
SwapFree:         720156 kB
Dirty:              2160 kB
Writeback:             0 kB
AnonPages:        924388 kB
Mapped:           571488 kB
Shmem:             33200 kB
Slab:             120268 kB
SReclaimable:      36084 kB
SUnreclaim:        84184 kB
KernelStack:       32720 kB
PageTables:        55288 kB
NFS_Unstable:          0 kB
Bounce:                0 kB
WritebackTmp:          0 kB
CommitLimit:     2172840 kB
Committed_AS:   90778384 kB
VmallocTotal:   251658176 kB
VmallocUsed:      137692 kB
VmallocChunk:   251448364 kB
Time pass: 107 sec

---2015-12-05 14:07:44
MemTotal:        2905316 kB
MemFree:          238116 kB
Buffers:           25164 kB
Cached:          1029948 kB
SwapCached:            0 kB
Active:          1263444 kB
Inactive:         705128 kB
Active(anon):     756976 kB
Inactive(anon):   202096 kB
Active(file):     506468 kB
Inactive(file):   503032 kB
Unevictable:       12456 kB
Mlocked:               0 kB
SwapTotal:        720184 kB
SwapFree:         720156 kB
Dirty:              1192 kB
Writeback:             0 kB
AnonPages:        926180 kB
Mapped:           611980 kB
Shmem:             33208 kB
Slab:             120452 kB
SReclaimable:      36116 kB
SUnreclaim:        84336 kB
KernelStack:       32864 kB
PageTables:        55620 kB
NFS_Unstable:          0 kB
Bounce:                0 kB
WritebackTmp:          0 kB
CommitLimit:     2172840 kB
Committed_AS:   90794616 kB
VmallocTotal:   251658176 kB
VmallocUsed:      138072 kB
VmallocChunk:   251448364 kB
Time pass: 111 sec

---2015-12-05 14:07:44
MemTotal:        2905316 kB
MemFree:          228080 kB
Buffers:           25172 kB
Cached:          1030160 kB
SwapCached:            0 kB
Active:          1255924 kB
Inactive:         705184 kB
Active(anon):     749344 kB
Inactive(anon):   202096 kB
Active(file):     506580 kB
Inactive(file):   503088 kB
Unevictable:       12456 kB
Mlocked:               0 kB
SwapTotal:        720184 kB
SwapFree:         720156 kB
Dirty:               200 kB
Writeback:             0 kB
AnonPages:        918208 kB
Mapped:           628540 kB
Shmem:             33208 kB
Slab:             120248 kB
SReclaimable:      36112 kB
SUnreclaim:        84136 kB
KernelStack:       32816 kB
PageTables:        55648 kB
NFS_Unstable:          0 kB
Bounce:                0 kB
WritebackTmp:          0 kB
CommitLimit:     2172840 kB
Committed_AS:   90794588 kB
VmallocTotal:   251658176 kB
VmallocUsed:      138216 kB
VmallocChunk:   251448364 kB
Time pass: 115 sec

---2015-12-05 14:07:44
MemTotal:        2905316 kB
MemFree:          228664 kB
Buffers:           25180 kB
Cached:          1030164 kB
SwapCached:            0 kB
Active:          1256220 kB
Inactive:         705188 kB
Active(anon):     749640 kB
Inactive(anon):   202096 kB
Active(file):     506580 kB
Inactive(file):   503092 kB
Unevictable:       12456 kB
Mlocked:               0 kB
SwapTotal:        720184 kB
SwapFree:         720156 kB
Dirty:               204 kB
Writeback:             0 kB
AnonPages:        918428 kB
Mapped:           628612 kB
Shmem:             33208 kB
Slab:             120204 kB
SReclaimable:      36112 kB
SUnreclaim:        84092 kB
KernelStack:       32816 kB
PageTables:        55648 kB
NFS_Unstable:          0 kB
Bounce:                0 kB
WritebackTmp:          0 kB
CommitLimit:     2172840 kB
Committed_AS:   90794572 kB
VmallocTotal:   251658176 kB
VmallocUsed:      135800 kB
VmallocChunk:   251448364 kB
Time pass: 118 sec

---2015-12-05 14:07:44
MemTotal:        2905316 kB
MemFree:          227312 kB
Buffers:           25188 kB
Cached:          1030240 kB
SwapCached:            0 kB
Active:          1257664 kB
Inactive:         705268 kB
Active(anon):     751072 kB
Inactive(anon):   202156 kB
Active(file):     506592 kB
Inactive(file):   503112 kB
Unevictable:       12456 kB
Mlocked:               0 kB
SwapTotal:        720184 kB
SwapFree:         720156 kB
Dirty:                48 kB
Writeback:             0 kB
AnonPages:        919840 kB
Mapped:           628756 kB
Shmem:             33268 kB
Slab:             120204 kB
SReclaimable:      36112 kB
SUnreclaim:        84092 kB
KernelStack:       32800 kB
PageTables:        55728 kB
NFS_Unstable:          0 kB
Bounce:                0 kB
WritebackTmp:          0 kB
CommitLimit:     2172840 kB
Committed_AS:   90821188 kB
VmallocTotal:   251658176 kB
VmallocUsed:      135800 kB
VmallocChunk:   251448364 kB
Time pass: 122 sec

---2015-12-05 14:07:44
MemTotal:        2905316 kB
MemFree:          225672 kB
Buffers:           25196 kB
Cached:          1030244 kB
SwapCached:            0 kB
Active:          1257804 kB
Inactive:         705276 kB
Active(anon):     751208 kB
Inactive(anon):   202156 kB
Active(file):     506596 kB
Inactive(file):   503120 kB
Unevictable:       12456 kB
Mlocked:               0 kB
SwapTotal:        720184 kB
SwapFree:         720156 kB
Dirty:                40 kB
Writeback:             0 kB
AnonPages:        920084 kB
Mapped:           628804 kB
Shmem:             33268 kB
Slab:             120208 kB
SReclaimable:      36112 kB
SUnreclaim:        84096 kB
KernelStack:       32816 kB
PageTables:        55740 kB
NFS_Unstable:          0 kB
Bounce:                0 kB
WritebackTmp:          0 kB
CommitLimit:     2172840 kB
Committed_AS:   90821176 kB
VmallocTotal:   251658176 kB
VmallocUsed:      135812 kB
VmallocChunk:   251448364 kB
Time pass: 126 sec

---2015-12-05 14:07:44
MemTotal:        2905316 kB
MemFree:          225548 kB
Buffers:           25200 kB
Cached:          1030252 kB
SwapCached:            0 kB
Active:          1257816 kB
Inactive:         705272 kB
Active(anon):     751204 kB
Inactive(anon):   202156 kB
Active(file):     506612 kB
Inactive(file):   503116 kB
Unevictable:       12456 kB
Mlocked:               0 kB
SwapTotal:        720184 kB
SwapFree:         720156 kB
Dirty:                48 kB
Writeback:             0 kB
AnonPages:        920048 kB
Mapped:           628748 kB
Shmem:             33268 kB
Slab:             120284 kB
SReclaimable:      36144 kB
SUnreclaim:        84140 kB
KernelStack:       32816 kB
PageTables:        55704 kB
NFS_Unstable:          0 kB
Bounce:                0 kB
WritebackTmp:          0 kB
CommitLimit:     2172840 kB
Committed_AS:   90821172 kB
VmallocTotal:   251658176 kB
VmallocUsed:      135812 kB
VmallocChunk:   251448364 kB
Time pass: 130 sec

---2015-12-05 14:07:44
MemTotal:        2905316 kB
MemFree:          225324 kB
Buffers:           25216 kB
Cached:          1030252 kB
SwapCached:            0 kB
Active:          1258108 kB
Inactive:         705280 kB
Active(anon):     751496 kB
Inactive(anon):   202156 kB
Active(file):     506612 kB
Inactive(file):   503124 kB
Unevictable:       12456 kB
Mlocked:               0 kB
SwapTotal:        720184 kB
SwapFree:         720156 kB
Dirty:                52 kB
Writeback:             0 kB
AnonPages:        920128 kB
Mapped:           628812 kB
Shmem:             33268 kB
Slab:             120308 kB
SReclaimable:      36144 kB
SUnreclaim:        84164 kB
KernelStack:       32800 kB
PageTables:        55728 kB
NFS_Unstable:          0 kB
Bounce:                0 kB
WritebackTmp:          0 kB
CommitLimit:     2172840 kB
Committed_AS:   90821112 kB
VmallocTotal:   251658176 kB
VmallocUsed:      135812 kB
VmallocChunk:   251448364 kB
Time pass: 134 sec

---2015-12-05 14:07:44
MemTotal:        2905316 kB
MemFree:          225120 kB
Buffers:           25224 kB
Cached:          1030256 kB
SwapCached:            0 kB
Active:          1258016 kB
Inactive:         705288 kB
Active(anon):     751396 kB
Inactive(anon):   202156 kB
Active(file):     506620 kB
Inactive(file):   503132 kB
Unevictable:       12456 kB
Mlocked:               0 kB
SwapTotal:        720184 kB
SwapFree:         720156 kB
Dirty:                28 kB
Writeback:             0 kB
AnonPages:        920260 kB
Mapped:           629220 kB
Shmem:             33268 kB
Slab:             120320 kB
SReclaimable:      36144 kB
SUnreclaim:        84176 kB
KernelStack:       32816 kB
PageTables:        55704 kB
NFS_Unstable:          0 kB
Bounce:                0 kB
WritebackTmp:          0 kB
CommitLimit:     2172840 kB
Committed_AS:   90821112 kB
VmallocTotal:   251658176 kB
VmallocUsed:      135812 kB
VmallocChunk:   251448364 kB
Time pass: 138 sec

---2015-12-05 14:07:44
MemTotal:        2905316 kB
MemFree:          224648 kB
Buffers:           25232 kB
Cached:          1030264 kB
SwapCached:            0 kB
Active:          1258300 kB
Inactive:         705292 kB
Active(anon):     751680 kB
Inactive(anon):   202156 kB
Active(file):     506620 kB
Inactive(file):   503136 kB
Unevictable:       12456 kB
Mlocked:               0 kB
SwapTotal:        720184 kB
SwapFree:         720156 kB
Dirty:                32 kB
Writeback:             0 kB
AnonPages:        920488 kB
Mapped:           629176 kB
Shmem:             33268 kB
Slab:             120280 kB
SReclaimable:      36144 kB
SUnreclaim:        84136 kB
KernelStack:       32784 kB
PageTables:        55704 kB
NFS_Unstable:          0 kB
Bounce:                0 kB
WritebackTmp:          0 kB
CommitLimit:     2172840 kB
Committed_AS:   90821100 kB
VmallocTotal:   251658176 kB
VmallocUsed:      135812 kB
VmallocChunk:   251448364 kB
Time pass: 142 sec

---2015-12-05 14:07:44
MemTotal:        2905316 kB
MemFree:          224504 kB
Buffers:           25240 kB
Cached:          1030264 kB
SwapCached:            0 kB
Active:          1258492 kB
Inactive:         705304 kB
Active(anon):     751868 kB
Inactive(anon):   202156 kB
Active(file):     506624 kB
Inactive(file):   503148 kB
Unevictable:       12456 kB
Mlocked:               0 kB
SwapTotal:        720184 kB
SwapFree:         720156 kB
Dirty:                 8 kB
Writeback:             0 kB
AnonPages:        920640 kB
Mapped:           629184 kB
Shmem:             33268 kB
Slab:             120364 kB
SReclaimable:      36144 kB
SUnreclaim:        84220 kB
KernelStack:       32816 kB
PageTables:        55700 kB
NFS_Unstable:          0 kB
Bounce:                0 kB
WritebackTmp:          0 kB
CommitLimit:     2172840 kB
Committed_AS:   90821156 kB
VmallocTotal:   251658176 kB
VmallocUsed:      135812 kB
VmallocChunk:   251448364 kB
Time pass: 145 sec

---2015-12-05 14:07:44
MemTotal:        2905316 kB
MemFree:          224304 kB
Buffers:           25240 kB
Cached:          1030280 kB
SwapCached:            0 kB
Active:          1258456 kB
Inactive:         705312 kB
Active(anon):     751820 kB
Inactive(anon):   202156 kB
Active(file):     506636 kB
Inactive(file):   503156 kB
Unevictable:       12456 kB
Mlocked:               0 kB
SwapTotal:        720184 kB
SwapFree:         720156 kB
Dirty:                40 kB
Writeback:             0 kB
AnonPages:        920888 kB
Mapped:           629192 kB
Shmem:             33268 kB
Slab:             120328 kB
SReclaimable:      36144 kB
SUnreclaim:        84184 kB
KernelStack:       32816 kB
PageTables:        55704 kB
NFS_Unstable:          0 kB
Bounce:                0 kB
WritebackTmp:          0 kB
CommitLimit:     2172840 kB
Committed_AS:   90821180 kB
VmallocTotal:   251658176 kB
VmallocUsed:      135812 kB
VmallocChunk:   251448364 kB
Time pass: 149 sec

---2015-12-05 14:07:44
MemTotal:        2905316 kB
MemFree:          227796 kB
Buffers:           25248 kB
Cached:          1030132 kB
SwapCached:            0 kB
Active:          1259144 kB
Inactive:         705160 kB
Active(anon):     752492 kB
Inactive(anon):   201732 kB
Active(file):     506652 kB
Inactive(file):   503428 kB
Unevictable:       12456 kB
Mlocked:               0 kB
SwapTotal:        720184 kB
SwapFree:         720156 kB
Dirty:                84 kB
Writeback:             0 kB
AnonPages:        921376 kB
Mapped:           628836 kB
Shmem:             32844 kB
Slab:             117476 kB
SReclaimable:      36144 kB
SUnreclaim:        81332 kB
KernelStack:       32816 kB
PageTables:        55348 kB
NFS_Unstable:          0 kB
Bounce:                0 kB
WritebackTmp:          0 kB
CommitLimit:     2172840 kB
Committed_AS:   90628900 kB
VmallocTotal:   251658176 kB
VmallocUsed:      135812 kB
VmallocChunk:   251448364 kB
Time pass: 153 sec

---2015-12-05 14:07:44
MemTotal:        2905316 kB
MemFree:          228932 kB
Buffers:           25256 kB
Cached:          1030144 kB
SwapCached:            0 kB
Active:          1257120 kB
Inactive:         705164 kB
Active(anon):     750468 kB
Inactive(anon):   201732 kB
Active(file):     506652 kB
Inactive(file):   503432 kB
Unevictable:       12456 kB
Mlocked:               0 kB
SwapTotal:        720184 kB
SwapFree:         720156 kB
Dirty:                44 kB
Writeback:             0 kB
AnonPages:        919528 kB
Mapped:           628848 kB
Shmem:             32844 kB
Slab:             117332 kB
SReclaimable:      36144 kB
SUnreclaim:        81188 kB
KernelStack:       32816 kB
PageTables:        55352 kB
NFS_Unstable:          0 kB
Bounce:                0 kB
WritebackTmp:          0 kB
CommitLimit:     2172840 kB
Committed_AS:   90628912 kB
VmallocTotal:   251658176 kB
VmallocUsed:      135812 kB
VmallocChunk:   251448364 kB
Time pass: 157 sec

---2015-12-05 14:07:44
MemTotal:        2905316 kB
MemFree:          228776 kB
Buffers:           25264 kB
Cached:          1030148 kB
SwapCached:            0 kB
Active:          1257492 kB
Inactive:         705168 kB
Active(anon):     750824 kB
Inactive(anon):   201732 kB
Active(file):     506668 kB
Inactive(file):   503436 kB
Unevictable:       12456 kB
Mlocked:               0 kB
SwapTotal:        720184 kB
SwapFree:         720156 kB
Dirty:                24 kB
Writeback:             0 kB
AnonPages:        919700 kB
Mapped:           628860 kB
Shmem:             32844 kB
Slab:             117328 kB
SReclaimable:      36144 kB
SUnreclaim:        81184 kB
KernelStack:       32784 kB
PageTables:        55344 kB
NFS_Unstable:          0 kB
Bounce:                0 kB
WritebackTmp:          0 kB
CommitLimit:     2172840 kB
Committed_AS:   90628936 kB
VmallocTotal:   251658176 kB
VmallocUsed:      135812 kB
VmallocChunk:   251448364 kB
Time pass: 161 sec

---2015-12-05 14:07:44
MemTotal:        2905316 kB
MemFree:          228756 kB
Buffers:           25264 kB
Cached:          1030188 kB
SwapCached:            0 kB
Active:          1258036 kB
Inactive:         705176 kB
Active(anon):     751356 kB
Inactive(anon):   201732 kB
Active(file):     506680 kB
Inactive(file):   503444 kB
Unevictable:       12456 kB
Mlocked:               0 kB
SwapTotal:        720184 kB
SwapFree:         720156 kB
Dirty:                72 kB
Writeback:             0 kB
AnonPages:        920352 kB
Mapped:           628872 kB
Shmem:             32844 kB
Slab:             117292 kB
SReclaimable:      36144 kB
SUnreclaim:        81148 kB
KernelStack:       32752 kB
PageTables:        55348 kB
NFS_Unstable:          0 kB
Bounce:                0 kB
WritebackTmp:          0 kB
CommitLimit:     2172840 kB
Committed_AS:   90628888 kB
VmallocTotal:   251658176 kB
VmallocUsed:      135812 kB
VmallocChunk:   251448364 kB
Time pass: 165 sec

---2015-12-05 14:07:44
MemTotal:        2905316 kB
MemFree:          228420 kB
Buffers:           25272 kB
Cached:          1030200 kB
SwapCached:            0 kB
Active:          1258260 kB
Inactive:         705216 kB
Active(anon):     751576 kB
Inactive(anon):   201732 kB
Active(file):     506684 kB
Inactive(file):   503484 kB
Unevictable:       12456 kB
Mlocked:               0 kB
SwapTotal:        720184 kB
SwapFree:         720156 kB
Dirty:                48 kB
Writeback:             0 kB
AnonPages:        920472 kB
Mapped:           628876 kB
Shmem:             32844 kB
Slab:             117292 kB
SReclaimable:      36144 kB
SUnreclaim:        81148 kB
KernelStack:       32800 kB
PageTables:        55352 kB
NFS_Unstable:          0 kB
Bounce:                0 kB
WritebackTmp:          0 kB
CommitLimit:     2172840 kB
Committed_AS:   90628872 kB
VmallocTotal:   251658176 kB
VmallocUsed:      135812 kB
VmallocChunk:   251448364 kB
Time pass: 169 sec

---2015-12-05 14:07:44
MemTotal:        2905316 kB
MemFree:          227936 kB
Buffers:           25280 kB
Cached:          1030192 kB
SwapCached:            0 kB
Active:          1258160 kB
Inactive:         705216 kB
Active(anon):     751472 kB
Inactive(anon):   201732 kB
Active(file):     506688 kB
Inactive(file):   503484 kB
Unevictable:       12456 kB
Mlocked:               0 kB
SwapTotal:        720184 kB
SwapFree:         720156 kB
Dirty:                 0 kB
Writeback:             0 kB
AnonPages:        920524 kB
Mapped:           628876 kB
Shmem:             32844 kB
Slab:             117292 kB
SReclaimable:      36144 kB
SUnreclaim:        81148 kB
KernelStack:       32800 kB
PageTables:        55352 kB
NFS_Unstable:          0 kB
Bounce:                0 kB
WritebackTmp:          0 kB
CommitLimit:     2172840 kB
Committed_AS:   90628872 kB
VmallocTotal:   251658176 kB
VmallocUsed:      135812 kB
VmallocChunk:   251448364 kB
Time pass: 173 sec

---2015-12-05 14:07:44
MemTotal:        2905316 kB
MemFree:          228004 kB
Buffers:           25280 kB
Cached:          1030208 kB
SwapCached:            0 kB
Active:          1258644 kB
Inactive:         705224 kB
Active(anon):     751948 kB
Inactive(anon):   201732 kB
Active(file):     506696 kB
Inactive(file):   503492 kB
Unevictable:       12456 kB
Mlocked:               0 kB
SwapTotal:        720184 kB
SwapFree:         720156 kB
Dirty:                36 kB
Writeback:             0 kB
AnonPages:        920824 kB
Mapped:           628888 kB
Shmem:             32844 kB
Slab:             117292 kB
SReclaimable:      36144 kB
SUnreclaim:        81148 kB
KernelStack:       32784 kB
PageTables:        55348 kB
NFS_Unstable:          0 kB
Bounce:                0 kB
WritebackTmp:          0 kB
CommitLimit:     2172840 kB
Committed_AS:   90628884 kB
VmallocTotal:   251658176 kB
VmallocUsed:      135812 kB
VmallocChunk:   251448364 kB
Time pass: 176 sec

---2015-12-05 14:07:44
MemTotal:        2905316 kB
MemFree:          227772 kB
Buffers:           25288 kB
Cached:          1030220 kB
SwapCached:            0 kB
Active:          1258820 kB
Inactive:         705232 kB
Active(anon):     752116 kB
Inactive(anon):   201732 kB
Active(file):     506704 kB
Inactive(file):   503500 kB
Unevictable:       12456 kB
Mlocked:               0 kB
SwapTotal:        720184 kB
SwapFree:         720156 kB
Dirty:                56 kB
Writeback:             0 kB
AnonPages:        921056 kB
Mapped:           628892 kB
Shmem:             32844 kB
Slab:             117292 kB
SReclaimable:      36144 kB
SUnreclaim:        81148 kB
KernelStack:       32784 kB
PageTables:        55332 kB
NFS_Unstable:          0 kB
Bounce:                0 kB
WritebackTmp:          0 kB
CommitLimit:     2172840 kB
Committed_AS:   90628884 kB
VmallocTotal:   251658176 kB
VmallocUsed:      135812 kB
VmallocChunk:   251448364 kB
Time pass: 180 sec

---2015-12-05 14:07:44
MemTotal:        2905316 kB
MemFree:          227224 kB
Buffers:           25296 kB
Cached:          1030288 kB
SwapCached:            0 kB
Active:          1259368 kB
Inactive:         705296 kB
Active(anon):     752652 kB
Inactive(anon):   201792 kB
Active(file):     506716 kB
Inactive(file):   503504 kB
Unevictable:       12456 kB
Mlocked:               0 kB
SwapTotal:        720184 kB
SwapFree:         720156 kB
Dirty:                20 kB
Writeback:             0 kB
AnonPages:        921428 kB
Mapped:           628960 kB
Shmem:             32904 kB
Slab:             117292 kB
SReclaimable:      36144 kB
SUnreclaim:        81148 kB
KernelStack:       32768 kB
PageTables:        55396 kB
NFS_Unstable:          0 kB
Bounce:                0 kB
WritebackTmp:          0 kB
CommitLimit:     2172840 kB
Committed_AS:   90655392 kB
VmallocTotal:   251658176 kB
VmallocUsed:      135812 kB
VmallocChunk:   251448364 kB
Time pass: 184 sec

---2015-12-05 14:07:44
MemTotal:        2905316 kB
MemFree:          227308 kB
Buffers:           25304 kB
Cached:          1030284 kB
SwapCached:            0 kB
Active:          1259280 kB
Inactive:         705296 kB
Active(anon):     752560 kB
Inactive(anon):   201792 kB
Active(file):     506720 kB
Inactive(file):   503504 kB
Unevictable:       12456 kB
Mlocked:               0 kB
SwapTotal:        720184 kB
SwapFree:         720156 kB
Dirty:                24 kB
Writeback:             0 kB
AnonPages:        921580 kB
Mapped:           629020 kB
Shmem:             32904 kB
Slab:             117292 kB
SReclaimable:      36144 kB
SUnreclaim:        81148 kB
KernelStack:       32800 kB
PageTables:        55400 kB
NFS_Unstable:          0 kB
Bounce:                0 kB
WritebackTmp:          0 kB
CommitLimit:     2172840 kB
Committed_AS:   90655496 kB
VmallocTotal:   251658176 kB
VmallocUsed:      135812 kB
VmallocChunk:   251448364 kB
Time pass: 188 sec

---2015-12-05 14:07:44
MemTotal:        2905316 kB
MemFree:          226396 kB
Buffers:           25304 kB
Cached:          1030328 kB
SwapCached:            0 kB
Active:          1260144 kB
Inactive:         705304 kB
Active(anon):     753416 kB
Inactive(anon):   201792 kB
Active(file):     506728 kB
Inactive(file):   503512 kB
Unevictable:       12456 kB
Mlocked:               0 kB
SwapTotal:        720184 kB
SwapFree:         720156 kB
Dirty:                44 kB
Writeback:             0 kB
AnonPages:        922488 kB
Mapped:           629032 kB
Shmem:             32904 kB
Slab:             117288 kB
SReclaimable:      36144 kB
SUnreclaim:        81144 kB
KernelStack:       32800 kB
PageTables:        55396 kB
NFS_Unstable:          0 kB
Bounce:                0 kB
WritebackTmp:          0 kB
CommitLimit:     2172840 kB
Committed_AS:   90655496 kB
VmallocTotal:   251658176 kB
VmallocUsed:      135812 kB
VmallocChunk:   251448364 kB
Time pass: 192 sec

---2015-12-05 14:07:44
MemTotal:        2905316 kB
MemFree:          225968 kB
Buffers:           25312 kB
Cached:          1030372 kB
SwapCached:            0 kB
Active:          1260556 kB
Inactive:         705344 kB
Active(anon):     753816 kB
Inactive(anon):   201792 kB
Active(file):     506740 kB
Inactive(file):   503552 kB
Unevictable:       12456 kB
Mlocked:               0 kB
SwapTotal:        720184 kB
SwapFree:         720156 kB
Dirty:                44 kB
Writeback:             0 kB
AnonPages:        922680 kB
Mapped:           629060 kB
Shmem:             32904 kB
Slab:             117288 kB
SReclaimable:      36144 kB
SUnreclaim:        81144 kB
KernelStack:       32800 kB
PageTables:        55400 kB
NFS_Unstable:          0 kB
Bounce:                0 kB
WritebackTmp:          0 kB
CommitLimit:     2172840 kB
Committed_AS:   90655496 kB
VmallocTotal:   251658176 kB
VmallocUsed:      135812 kB
VmallocChunk:   251448364 kB
Time pass: 196 sec

---2015-12-05 14:07:44
MemTotal:        2905316 kB
MemFree:          225888 kB
Buffers:           25320 kB
Cached:          1030384 kB
SwapCached:            0 kB
Active:          1260680 kB
Inactive:         705356 kB
Active(anon):     753932 kB
Inactive(anon):   201792 kB
Active(file):     506748 kB
Inactive(file):   503564 kB
Unevictable:       12456 kB
Mlocked:               0 kB
SwapTotal:        720184 kB
SwapFree:         720156 kB
Dirty:                44 kB
Writeback:             0 kB
AnonPages:        922832 kB
Mapped:           629064 kB
Shmem:             32904 kB
Slab:             117280 kB
SReclaimable:      36144 kB
SUnreclaim:        81136 kB
KernelStack:       32800 kB
PageTables:        55400 kB
NFS_Unstable:          0 kB
Bounce:                0 kB
WritebackTmp:          0 kB
CommitLimit:     2172840 kB
Committed_AS:   90655484 kB
VmallocTotal:   251658176 kB
VmallocUsed:      135812 kB
VmallocChunk:   251448364 kB
Time pass: 199 sec

---2015-12-05 14:07:44
MemTotal:        2905316 kB
MemFree:          224792 kB
Buffers:           25328 kB
Cached:          1030420 kB
SwapCached:            0 kB
Active:          1261660 kB
Inactive:         705412 kB
Active(anon):     754904 kB
Inactive(anon):   201792 kB
Active(file):     506756 kB
Inactive(file):   503620 kB
Unevictable:       12456 kB
Mlocked:               0 kB
SwapTotal:        720184 kB
SwapFree:         720156 kB
Dirty:                40 kB
Writeback:             0 kB
AnonPages:        923804 kB
Mapped:           629084 kB
Shmem:             32904 kB
Slab:             117280 kB
SReclaimable:      36144 kB
SUnreclaim:        81136 kB
KernelStack:       32784 kB
PageTables:        55400 kB
NFS_Unstable:          0 kB
Bounce:                0 kB
WritebackTmp:          0 kB
CommitLimit:     2172840 kB
Committed_AS:   90655520 kB
VmallocTotal:   251658176 kB
VmallocUsed:      135812 kB
VmallocChunk:   251448364 kB
Time pass: 203 sec

---2015-12-05 14:07:44
MemTotal:        2905316 kB
MemFree:          224240 kB
Buffers:           25328 kB
Cached:          1030424 kB
SwapCached:            0 kB
Active:          1261780 kB
Inactive:         705420 kB
Active(anon):     755016 kB
Inactive(anon):   201792 kB
Active(file):     506764 kB
Inactive(file):   503628 kB
Unevictable:       12456 kB
Mlocked:               0 kB
SwapTotal:        720184 kB
SwapFree:         720156 kB
Dirty:                48 kB
Writeback:             0 kB
AnonPages:        923960 kB
Mapped:           629088 kB
Shmem:             32904 kB
Slab:             117152 kB
SReclaimable:      36016 kB
SUnreclaim:        81136 kB
KernelStack:       32800 kB
PageTables:        55400 kB
NFS_Unstable:          0 kB
Bounce:                0 kB
WritebackTmp:          0 kB
CommitLimit:     2172840 kB
Committed_AS:   90655484 kB
VmallocTotal:   251658176 kB
VmallocUsed:      135812 kB
VmallocChunk:   251448364 kB
Time pass: 207 sec

---2015-12-05 14:07:44
MemTotal:        2905316 kB
MemFree:          224476 kB
Buffers:           25336 kB
Cached:          1030432 kB
SwapCached:            0 kB
Active:          1261972 kB
Inactive:         705420 kB
Active(anon):     755208 kB
Inactive(anon):   201792 kB
Active(file):     506764 kB
Inactive(file):   503628 kB
Unevictable:       12456 kB
Mlocked:               0 kB
SwapTotal:        720184 kB
SwapFree:         720156 kB
Dirty:                40 kB
Writeback:             0 kB
AnonPages:        924076 kB
Mapped:           629092 kB
Shmem:             32904 kB
Slab:             117152 kB
SReclaimable:      36016 kB
SUnreclaim:        81136 kB
KernelStack:       32800 kB
PageTables:        55396 kB
NFS_Unstable:          0 kB
Bounce:                0 kB
WritebackTmp:          0 kB
CommitLimit:     2172840 kB
Committed_AS:   90655472 kB
VmallocTotal:   251658176 kB
VmallocUsed:      135812 kB
VmallocChunk:   251448364 kB
Time pass: 211 sec

---2015-12-05 14:07:44
MemTotal:        2905316 kB
MemFree:          224000 kB
Buffers:           25344 kB
Cached:          1030496 kB
SwapCached:            0 kB
Active:          1262440 kB
Inactive:         705496 kB
Active(anon):     755664 kB
Inactive(anon):   201852 kB
Active(file):     506776 kB
Inactive(file):   503644 kB
Unevictable:       12456 kB
Mlocked:               0 kB
SwapTotal:        720184 kB
SwapFree:         720156 kB
Dirty:                40 kB
Writeback:             0 kB
AnonPages:        924496 kB
Mapped:           629164 kB
Shmem:             32964 kB
Slab:             117152 kB
SReclaimable:      36016 kB
SUnreclaim:        81136 kB
KernelStack:       32800 kB
PageTables:        55452 kB
NFS_Unstable:          0 kB
Bounce:                0 kB
WritebackTmp:          0 kB
CommitLimit:     2172840 kB
Committed_AS:   90682072 kB
VmallocTotal:   251658176 kB
VmallocUsed:      135812 kB
VmallocChunk:   251448364 kB
Time pass: 215 sec

---2015-12-05 14:07:44
MemTotal:        2905316 kB
MemFree:          217840 kB
Buffers:           25352 kB
Cached:          1030780 kB
SwapCached:            0 kB
Active:          1265280 kB
Inactive:         705540 kB
Active(anon):     758336 kB
Inactive(anon):   201852 kB
Active(file):     506944 kB
Inactive(file):   503688 kB
Unevictable:       12456 kB
Mlocked:               0 kB
SwapTotal:        720184 kB
SwapFree:         720156 kB
Dirty:                 0 kB
Writeback:             0 kB
AnonPages:        927292 kB
Mapped:           629248 kB
Shmem:             32964 kB
Slab:             120652 kB
SReclaimable:      39252 kB
SUnreclaim:        81400 kB
KernelStack:       32848 kB
PageTables:        55544 kB
NFS_Unstable:          0 kB
Bounce:                0 kB
WritebackTmp:          0 kB
CommitLimit:     2172840 kB
Committed_AS:   90694212 kB
VmallocTotal:   251658176 kB
VmallocUsed:      135812 kB
VmallocChunk:   251448364 kB
Time pass: 218 sec

---2015-12-05 14:07:44
MemTotal:        2905316 kB
MemFree:          218976 kB
Buffers:           25360 kB
Cached:          1030876 kB
SwapCached:            0 kB
Active:          1263192 kB
Inactive:         705700 kB
Active(anon):     756240 kB
Inactive(anon):   201852 kB
Active(file):     506952 kB
Inactive(file):   503848 kB
Unevictable:       12456 kB
Mlocked:               0 kB
SwapTotal:        720184 kB
SwapFree:         720156 kB
Dirty:               116 kB
Writeback:             0 kB
AnonPages:        924860 kB
Mapped:           629272 kB
Shmem:             32964 kB
Slab:             121188 kB
SReclaimable:      39740 kB
SUnreclaim:        81448 kB
KernelStack:       32672 kB
PageTables:        55476 kB
NFS_Unstable:          0 kB
Bounce:                0 kB
WritebackTmp:          0 kB
CommitLimit:     2172840 kB
Committed_AS:   90682132 kB
VmallocTotal:   251658176 kB
VmallocUsed:      135812 kB
VmallocChunk:   251448364 kB
Time pass: 222 sec

---2015-12-05 14:07:44
MemTotal:        2905316 kB
MemFree:          218584 kB
Buffers:           25376 kB
Cached:          1030880 kB
SwapCached:            0 kB
Active:          1263336 kB
Inactive:         705708 kB
Active(anon):     756380 kB
Inactive(anon):   201852 kB
Active(file):     506956 kB
Inactive(file):   503856 kB
Unevictable:       12456 kB
Mlocked:               0 kB
SwapTotal:        720184 kB
SwapFree:         720156 kB
Dirty:                56 kB
Writeback:             0 kB
AnonPages:        925288 kB
Mapped:           629336 kB
Shmem:             32964 kB
Slab:             121184 kB
SReclaimable:      39740 kB
SUnreclaim:        81444 kB
KernelStack:       32720 kB
PageTables:        55476 kB
NFS_Unstable:          0 kB
Bounce:                0 kB
WritebackTmp:          0 kB
CommitLimit:     2172840 kB
Committed_AS:   90682120 kB
VmallocTotal:   251658176 kB
VmallocUsed:      135812 kB
VmallocChunk:   251448364 kB
Time pass: 226 sec

---2015-12-05 14:07:44
MemTotal:        2905316 kB
MemFree:          218512 kB
Buffers:           25376 kB
Cached:          1030884 kB
SwapCached:            0 kB
Active:          1263540 kB
Inactive:         705708 kB
Active(anon):     756572 kB
Inactive(anon):   201852 kB
Active(file):     506968 kB
Inactive(file):   503856 kB
Unevictable:       12456 kB
Mlocked:               0 kB
SwapTotal:        720184 kB
SwapFree:         720156 kB
Dirty:                12 kB
Writeback:             0 kB
AnonPages:        925368 kB
Mapped:           629340 kB
Shmem:             32964 kB
Slab:             121184 kB
SReclaimable:      39740 kB
SUnreclaim:        81444 kB
KernelStack:       32704 kB
PageTables:        55480 kB
NFS_Unstable:          0 kB
Bounce:                0 kB
WritebackTmp:          0 kB
CommitLimit:     2172840 kB
Committed_AS:   90682108 kB
VmallocTotal:   251658176 kB
VmallocUsed:      135812 kB
VmallocChunk:   251448364 kB
Time pass: 230 sec

---2015-12-05 14:07:44
MemTotal:        2905316 kB
MemFree:          218772 kB
Buffers:           25384 kB
Cached:          1030888 kB
SwapCached:            0 kB
Active:          1263552 kB
Inactive:         705732 kB
Active(anon):     756580 kB
Inactive(anon):   201852 kB
Active(file):     506972 kB
Inactive(file):   503880 kB
Unevictable:       12456 kB
Mlocked:               0 kB
SwapTotal:        720184 kB
SwapFree:         720156 kB
Dirty:                56 kB
Writeback:             0 kB
AnonPages:        925472 kB
Mapped:           629288 kB
Shmem:             32964 kB
Slab:             121184 kB
SReclaimable:      39740 kB
SUnreclaim:        81444 kB
KernelStack:       32704 kB
PageTables:        55456 kB
NFS_Unstable:          0 kB
Bounce:                0 kB
WritebackTmp:          0 kB
CommitLimit:     2172840 kB
Committed_AS:   90682120 kB
VmallocTotal:   251658176 kB
VmallocUsed:      135812 kB
VmallocChunk:   251448364 kB
Time pass: 234 sec

---2015-12-05 14:07:44
MemTotal:        2905316 kB
MemFree:          217840 kB
Buffers:           25392 kB
Cached:          1030900 kB
SwapCached:            0 kB
Active:          1263964 kB
Inactive:         705744 kB
Active(anon):     756984 kB
Inactive(anon):   201852 kB
Active(file):     506980 kB
Inactive(file):   503892 kB
Unevictable:       12456 kB
Mlocked:               0 kB
SwapTotal:        720184 kB
SwapFree:         720156 kB
Dirty:                36 kB
Writeback:             0 kB
AnonPages:        925880 kB
Mapped:           629292 kB
Shmem:             32964 kB
Slab:             121184 kB
SReclaimable:      39740 kB
SUnreclaim:        81444 kB
KernelStack:       32704 kB
PageTables:        55456 kB
NFS_Unstable:          0 kB
Bounce:                0 kB
WritebackTmp:          0 kB
CommitLimit:     2172840 kB
Committed_AS:   90682096 kB
VmallocTotal:   251658176 kB
VmallocUsed:      135812 kB
VmallocChunk:   251448364 kB
Time pass: 238 sec

---2015-12-05 14:07:44
MemTotal:        2905316 kB
MemFree:          217848 kB
Buffers:           25400 kB
Cached:          1030892 kB
SwapCached:            0 kB
Active:          1264024 kB
Inactive:         705740 kB
Active(anon):     757040 kB
Inactive(anon):   201852 kB
Active(file):     506984 kB
Inactive(file):   503888 kB
Unevictable:       12456 kB
Mlocked:               0 kB
SwapTotal:        720184 kB
SwapFree:         720156 kB
Dirty:                 4 kB
Writeback:             0 kB
AnonPages:        925980 kB
Mapped:           629296 kB
Shmem:             32964 kB
Slab:             121184 kB
SReclaimable:      39740 kB
SUnreclaim:        81444 kB
KernelStack:       32704 kB
PageTables:        55456 kB
NFS_Unstable:          0 kB
Bounce:                0 kB
WritebackTmp:          0 kB
CommitLimit:     2172840 kB
Committed_AS:   90682072 kB
VmallocTotal:   251658176 kB
VmallocUsed:      135812 kB
VmallocChunk:   251448364 kB
Time pass: 242 sec

---2015-12-05 14:07:44
MemTotal:        2905316 kB
MemFree:          217452 kB
Buffers:           25408 kB
Cached:          1030976 kB
SwapCached:            0 kB
Active:          1264624 kB
Inactive:         705824 kB
Active(anon):     757632 kB
Inactive(anon):   201912 kB
Active(file):     506992 kB
Inactive(file):   503912 kB
Unevictable:       12456 kB
Mlocked:               0 kB
SwapTotal:        720184 kB
SwapFree:         720156 kB
Dirty:                24 kB
Writeback:             0 kB
AnonPages:        926512 kB
Mapped:           629448 kB
Shmem:             33024 kB
Slab:             121188 kB
SReclaimable:      39744 kB
SUnreclaim:        81444 kB
KernelStack:       32688 kB
PageTables:        55500 kB
NFS_Unstable:          0 kB
Bounce:                0 kB
WritebackTmp:          0 kB
CommitLimit:     2172840 kB
Committed_AS:   90708732 kB
VmallocTotal:   251658176 kB
VmallocUsed:      135812 kB
VmallocChunk:   251448364 kB
Time pass: 245 sec

---2015-12-05 14:07:44
MemTotal:        2905316 kB
MemFree:          217332 kB
Buffers:           25416 kB
Cached:          1030972 kB
SwapCached:            0 kB
Active:          1264708 kB
Inactive:         705824 kB
Active(anon):     757716 kB
Inactive(anon):   201912 kB
Active(file):     506992 kB
Inactive(file):   503912 kB
Unevictable:       12456 kB
Mlocked:               0 kB
SwapTotal:        720184 kB
SwapFree:         720156 kB
Dirty:                24 kB
Writeback:             0 kB
AnonPages:        926564 kB
Mapped:           629448 kB
Shmem:             33024 kB
Slab:             121188 kB
SReclaimable:      39744 kB
SUnreclaim:        81444 kB
KernelStack:       32672 kB
PageTables:        55504 kB
NFS_Unstable:          0 kB
Bounce:                0 kB
WritebackTmp:          0 kB
CommitLimit:     2172840 kB
Committed_AS:   90708732 kB
VmallocTotal:   251658176 kB
VmallocUsed:      135812 kB
VmallocChunk:   251448364 kB
Time pass: 249 sec

---2015-12-05 14:07:44
MemTotal:        2905316 kB
MemFree:          216076 kB
Buffers:           25416 kB
Cached:          1031024 kB
SwapCached:            0 kB
Active:          1265692 kB
Inactive:         705836 kB
Active(anon):     758692 kB
Inactive(anon):   201912 kB
Active(file):     507000 kB
Inactive(file):   503924 kB
Unevictable:       12456 kB
Mlocked:               0 kB
SwapTotal:        720184 kB
SwapFree:         720156 kB
Dirty:                80 kB
Writeback:             0 kB
AnonPages:        927768 kB
Mapped:           629480 kB
Shmem:             33024 kB
Slab:             121128 kB
SReclaimable:      39748 kB
SUnreclaim:        81380 kB
KernelStack:       32704 kB
PageTables:        55488 kB
NFS_Unstable:          0 kB
Bounce:                0 kB
WritebackTmp:          0 kB
CommitLimit:     2172840 kB
Committed_AS:   90708708 kB
VmallocTotal:   251658176 kB
VmallocUsed:      135812 kB
VmallocChunk:   251448364 kB
Time pass: 253 sec

---2015-12-05 14:07:44
MemTotal:        2905316 kB
MemFree:          216056 kB
Buffers:           25424 kB
Cached:          1031036 kB
SwapCached:            0 kB
Active:          1265936 kB
Inactive:         705872 kB
Active(anon):     758924 kB
Inactive(anon):   201912 kB
Active(file):     507012 kB
Inactive(file):   503960 kB
Unevictable:       12456 kB
Mlocked:               0 kB
SwapTotal:        720184 kB
SwapFree:         720156 kB
Dirty:                52 kB
Writeback:             0 kB
AnonPages:        927920 kB
Mapped:           629476 kB
Shmem:             33024 kB
Slab:             121128 kB
SReclaimable:      39748 kB
SUnreclaim:        81380 kB
KernelStack:       32624 kB
PageTables:        55504 kB
NFS_Unstable:          0 kB
Bounce:                0 kB
WritebackTmp:          0 kB
CommitLimit:     2172840 kB
Committed_AS:   90708696 kB
VmallocTotal:   251658176 kB
VmallocUsed:      135812 kB
VmallocChunk:   251448364 kB
Time pass: 257 sec

---2015-12-05 14:07:44
MemTotal:        2905316 kB
MemFree:          215692 kB
Buffers:           25432 kB
Cached:          1031036 kB
SwapCached:            0 kB
Active:          1266156 kB
Inactive:         705872 kB
Active(anon):     759136 kB
Inactive(anon):   201912 kB
Active(file):     507020 kB
Inactive(file):   503960 kB
Unevictable:       12456 kB
Mlocked:               0 kB
SwapTotal:        720184 kB
SwapFree:         720156 kB
Dirty:                32 kB
Writeback:             0 kB
AnonPages:        928044 kB
Mapped:           629488 kB
Shmem:             33024 kB
Slab:             121124 kB
SReclaimable:      39744 kB
SUnreclaim:        81380 kB
KernelStack:       32656 kB
PageTables:        55504 kB
NFS_Unstable:          0 kB
Bounce:                0 kB
WritebackTmp:          0 kB
CommitLimit:     2172840 kB
Committed_AS:   90708684 kB
VmallocTotal:   251658176 kB
VmallocUsed:      135812 kB
VmallocChunk:   251448364 kB
Time pass: 261 sec

---2015-12-05 14:07:44
MemTotal:        2905316 kB
MemFree:          214728 kB
Buffers:           25432 kB
Cached:          1031072 kB
SwapCached:            0 kB
Active:          1267052 kB
Inactive:         705880 kB
Active(anon):     760028 kB
Inactive(anon):   201912 kB
Active(file):     507024 kB
Inactive(file):   503968 kB
Unevictable:       12456 kB
Mlocked:               0 kB
SwapTotal:        720184 kB
SwapFree:         720156 kB
Dirty:                72 kB
Writeback:             0 kB
AnonPages:        929056 kB
Mapped:           629492 kB
Shmem:             33024 kB
Slab:             121124 kB
SReclaimable:      39744 kB
SUnreclaim:        81380 kB
KernelStack:       32656 kB
PageTables:        55504 kB
NFS_Unstable:          0 kB
Bounce:                0 kB
WritebackTmp:          0 kB
CommitLimit:     2172840 kB
Committed_AS:   90708720 kB
VmallocTotal:   251658176 kB
VmallocUsed:      135812 kB
VmallocChunk:   251448364 kB
Time pass: 265 sec

---2015-12-05 14:07:44
MemTotal:        2905316 kB
MemFree:          214784 kB
Buffers:           25440 kB
Cached:          1031080 kB
SwapCached:            0 kB
Active:          1267324 kB
Inactive:         705916 kB
Active(anon):     760300 kB
Inactive(anon):   201912 kB
Active(file):     507024 kB
Inactive(file):   504004 kB
Unevictable:       12456 kB
Mlocked:               0 kB
SwapTotal:        720184 kB
SwapFree:         720156 kB
Dirty:                36 kB
Writeback:             0 kB
AnonPages:        929192 kB
Mapped:           629496 kB
Shmem:             33024 kB
Slab:             121124 kB
SReclaimable:      39744 kB
SUnreclaim:        81380 kB
KernelStack:       32656 kB
PageTables:        55508 kB
NFS_Unstable:          0 kB
Bounce:                0 kB
WritebackTmp:          0 kB
CommitLimit:     2172840 kB
Committed_AS:   90708708 kB
VmallocTotal:   251658176 kB
VmallocUsed:      135812 kB
VmallocChunk:   251448364 kB
Time pass: 269 sec

---2015-12-05 14:07:44
MemTotal:        2905316 kB
MemFree:          213676 kB
Buffers:           25448 kB
Cached:          1031144 kB
SwapCached:            0 kB
Active:          1267884 kB
Inactive:         705992 kB
Active(anon):     760852 kB
Inactive(anon):   201972 kB
Active(file):     507032 kB
Inactive(file):   504020 kB
Unevictable:       12456 kB
Mlocked:               0 kB
SwapTotal:        720184 kB
SwapFree:         720156 kB
Dirty:                28 kB
Writeback:             0 kB
AnonPages:        929748 kB
Mapped:           629568 kB
Shmem:             33084 kB
Slab:             121128 kB
SReclaimable:      39744 kB
SUnreclaim:        81384 kB
KernelStack:       32656 kB
PageTables:        55560 kB
NFS_Unstable:          0 kB
Bounce:                0 kB
WritebackTmp:          0 kB
CommitLimit:     2172840 kB
Committed_AS:   90735344 kB
VmallocTotal:   251658176 kB
VmallocUsed:      135812 kB
VmallocChunk:   251448364 kB
Time pass: 272 sec

---2015-12-05 14:07:44
MemTotal:        2905316 kB
MemFree:          213732 kB
Buffers:           25456 kB
Cached:          1031148 kB
SwapCached:            0 kB
Active:          1267936 kB
Inactive:         705996 kB
Active(anon):     760904 kB
Inactive(anon):   201972 kB
Active(file):     507032 kB
Inactive(file):   504024 kB
Unevictable:       12456 kB
Mlocked:               0 kB
SwapTotal:        720184 kB
SwapFree:         720156 kB
Dirty:                32 kB
Writeback:             0 kB
AnonPages:        929932 kB
Mapped:           629576 kB
Shmem:             33084 kB
Slab:             121096 kB
SReclaimable:      39744 kB
SUnreclaim:        81352 kB
KernelStack:       32656 kB
PageTables:        55560 kB
NFS_Unstable:          0 kB
Bounce:                0 kB
WritebackTmp:          0 kB
CommitLimit:     2172840 kB
Committed_AS:   90735332 kB
VmallocTotal:   251658176 kB
VmallocUsed:      135812 kB
VmallocChunk:   251448364 kB
Time pass: 276 sec

---2015-12-05 14:07:44
MemTotal:        2905316 kB
MemFree:          213616 kB
Buffers:           25464 kB
Cached:          1031152 kB
SwapCached:            0 kB
Active:          1268160 kB
Inactive:         706008 kB
Active(anon):     761120 kB
Inactive(anon):   201972 kB
Active(file):     507040 kB
Inactive(file):   504036 kB
Unevictable:       12456 kB
Mlocked:               0 kB
SwapTotal:        720184 kB
SwapFree:         720156 kB
Dirty:                 4 kB
Writeback:             0 kB
AnonPages:        930204 kB
Mapped:           629592 kB
Shmem:             33084 kB
Slab:             121096 kB
SReclaimable:      39744 kB
SUnreclaim:        81352 kB
KernelStack:       32656 kB
PageTables:        55596 kB
NFS_Unstable:          0 kB
Bounce:                0 kB
WritebackTmp:          0 kB
CommitLimit:     2172840 kB
Committed_AS:   90735356 kB
VmallocTotal:   251658176 kB
VmallocUsed:      135812 kB
VmallocChunk:   251448364 kB
Time pass: 280 sec

---2015-12-05 14:07:44
MemTotal:        2905316 kB
MemFree:          213268 kB
Buffers:           25472 kB
Cached:          1031156 kB
SwapCached:            0 kB
Active:          1268336 kB
Inactive:         706020 kB
Active(anon):     761296 kB
Inactive(anon):   201972 kB
Active(file):     507040 kB
Inactive(file):   504048 kB
Unevictable:       12456 kB
Mlocked:               0 kB
SwapTotal:        720184 kB
SwapFree:         720156 kB
Dirty:                28 kB
Writeback:             0 kB
AnonPages:        930164 kB
Mapped:           629596 kB
Shmem:             33084 kB
Slab:             121096 kB
SReclaimable:      39744 kB
SUnreclaim:        81352 kB
KernelStack:       32656 kB
PageTables:        55556 kB
NFS_Unstable:          0 kB
Bounce:                0 kB
WritebackTmp:          0 kB
CommitLimit:     2172840 kB
Committed_AS:   90735356 kB
VmallocTotal:   251658176 kB
VmallocUsed:      135812 kB
VmallocChunk:   251448364 kB
Time pass: 284 sec

---2015-12-05 14:07:44
MemTotal:        2905316 kB
MemFree:          213088 kB
Buffers:           25480 kB
Cached:          1031160 kB
SwapCached:            0 kB
Active:          1268664 kB
Inactive:         706028 kB
Active(anon):     761620 kB
Inactive(anon):   201972 kB
Active(file):     507044 kB
Inactive(file):   504056 kB
Unevictable:       12456 kB
Mlocked:               0 kB
SwapTotal:        720184 kB
SwapFree:         720156 kB
Dirty:                32 kB
Writeback:             0 kB
AnonPages:        930432 kB
Mapped:           629620 kB
Shmem:             33084 kB
Slab:             121092 kB
SReclaimable:      39744 kB
SUnreclaim:        81348 kB
KernelStack:       32656 kB
PageTables:        55556 kB
NFS_Unstable:          0 kB
Bounce:                0 kB
WritebackTmp:          0 kB
CommitLimit:     2172840 kB
Committed_AS:   90735320 kB
VmallocTotal:   251658176 kB
VmallocUsed:      135812 kB
VmallocChunk:   251448364 kB
Time pass: 288 sec

---2015-12-05 14:07:44
MemTotal:        2905316 kB
MemFree:          213144 kB
Buffers:           25488 kB
Cached:          1031168 kB
SwapCached:            0 kB
Active:          1268820 kB
Inactive:         706028 kB
Active(anon):     761764 kB
Inactive(anon):   201972 kB
Active(file):     507056 kB
Inactive(file):   504056 kB
Unevictable:       12456 kB
Mlocked:               0 kB
SwapTotal:        720184 kB
SwapFree:         720156 kB
Dirty:                12 kB
Writeback:             0 kB
AnonPages:        930540 kB
Mapped:           629624 kB
Shmem:             33084 kB
Slab:             121092 kB
SReclaimable:      39744 kB
SUnreclaim:        81348 kB
KernelStack:       32656 kB
PageTables:        55560 kB
NFS_Unstable:          0 kB
Bounce:                0 kB
WritebackTmp:          0 kB
CommitLimit:     2172840 kB
Committed_AS:   90735392 kB
VmallocTotal:   251658176 kB
VmallocUsed:      135812 kB
VmallocChunk:   251448364 kB
Time pass: 292 sec

---2015-12-05 14:07:44
MemTotal:        2905316 kB
MemFree:          213072 kB
Buffers:           25488 kB
Cached:          1031172 kB
SwapCached:            0 kB
Active:          1268800 kB
Inactive:         706036 kB
Active(anon):     761744 kB
Inactive(anon):   201972 kB
Active(file):     507056 kB
Inactive(file):   504064 kB
Unevictable:       12456 kB
Mlocked:               0 kB
SwapTotal:        720184 kB
SwapFree:         720156 kB
Dirty:                 4 kB
Writeback:             0 kB
AnonPages:        930628 kB
Mapped:           629632 kB
Shmem:             33084 kB
Slab:             121092 kB
SReclaimable:      39744 kB
SUnreclaim:        81348 kB
KernelStack:       32672 kB
PageTables:        55560 kB
NFS_Unstable:          0 kB
Bounce:                0 kB
WritebackTmp:          0 kB
CommitLimit:     2172840 kB
Committed_AS:   90735392 kB
VmallocTotal:   251658176 kB
VmallocUsed:      135812 kB
VmallocChunk:   251448364 kB
Time pass: 296 sec

---2015-12-05 14:07:44
MemTotal:        2905316 kB
MemFree:          212788 kB
Buffers:           25496 kB
Cached:          1031196 kB
SwapCached:            0 kB
Active:          1268744 kB
Inactive:         706064 kB
Active(anon):     761684 kB
Inactive(anon):   201972 kB
Active(file):     507060 kB
Inactive(file):   504092 kB
Unevictable:       12456 kB
Mlocked:               0 kB
SwapTotal:        720184 kB
SwapFree:         720156 kB
Dirty:                24 kB
Writeback:             0 kB
AnonPages:        930676 kB
Mapped:           629644 kB
Shmem:             33084 kB
Slab:             121092 kB
SReclaimable:      39744 kB
SUnreclaim:        81348 kB
KernelStack:       32608 kB
PageTables:        55560 kB
NFS_Unstable:          0 kB
Bounce:                0 kB
WritebackTmp:          0 kB
CommitLimit:     2172840 kB
Committed_AS:   90735272 kB
VmallocTotal:   251658176 kB
VmallocUsed:      135812 kB
VmallocChunk:   251448364 kB
Time pass: 299 sec

---2015-12-05 14:07:44
MemTotal:        2905316 kB
MemFree:          212792 kB
Buffers:           25504 kB
Cached:          1031216 kB
SwapCached:            0 kB
Active:          1269432 kB
Inactive:         706064 kB
Active(anon):     762364 kB
Inactive(anon):   201972 kB
Active(file):     507068 kB
Inactive(file):   504092 kB
Unevictable:       12456 kB
Mlocked:               0 kB
SwapTotal:        720184 kB
SwapFree:         720156 kB
Dirty:                36 kB
Writeback:             0 kB
AnonPages:        931224 kB
Mapped:           629664 kB
Shmem:             33096 kB
Slab:             121092 kB
SReclaimable:      39744 kB
SUnreclaim:        81348 kB
KernelStack:       32608 kB
PageTables:        55564 kB
NFS_Unstable:          0 kB
Bounce:                0 kB
WritebackTmp:          0 kB
CommitLimit:     2172840 kB
Committed_AS:   90761908 kB
VmallocTotal:   251658176 kB
VmallocUsed:      135812 kB
VmallocChunk:   251448364 kB
Time pass: 303 sec

---2015-12-05 14:07:44
MemTotal:        2905316 kB
MemFree:          212096 kB
Buffers:           25504 kB
Cached:          1031272 kB
SwapCached:            0 kB
Active:          1269592 kB
Inactive:         706132 kB
Active(anon):     762516 kB
Inactive(anon):   202032 kB
Active(file):     507076 kB
Inactive(file):   504100 kB
Unevictable:       12456 kB
Mlocked:               0 kB
SwapTotal:        720184 kB
SwapFree:         720156 kB
Dirty:                12 kB
Writeback:             0 kB
AnonPages:        931408 kB
Mapped:           629756 kB
Shmem:             33144 kB
Slab:             121088 kB
SReclaimable:      39748 kB
SUnreclaim:        81340 kB
KernelStack:       32608 kB
PageTables:        55612 kB
NFS_Unstable:          0 kB
Bounce:                0 kB
WritebackTmp:          0 kB
CommitLimit:     2172840 kB
Committed_AS:   90761872 kB
VmallocTotal:   251658176 kB
VmallocUsed:      135812 kB
VmallocChunk:   251448364 kB
Time pass: 307 sec

---2015-12-05 14:07:44
MemTotal:        2905316 kB
MemFree:          212312 kB
Buffers:           25520 kB
Cached:          1031272 kB
SwapCached:            0 kB
Active:          1269540 kB
Inactive:         706148 kB
Active(anon):     762464 kB
Inactive(anon):   202032 kB
Active(file):     507076 kB
Inactive(file):   504116 kB
Unevictable:       12456 kB
Mlocked:               0 kB
SwapTotal:        720184 kB
SwapFree:         720156 kB
Dirty:                64 kB
Writeback:             0 kB
AnonPages:        931488 kB
Mapped:           629764 kB
Shmem:             33144 kB
Slab:             121088 kB
SReclaimable:      39748 kB
SUnreclaim:        81340 kB
KernelStack:       32592 kB
PageTables:        55608 kB
NFS_Unstable:          0 kB
Bounce:                0 kB
WritebackTmp:          0 kB
CommitLimit:     2172840 kB
Committed_AS:   90761820 kB
VmallocTotal:   251658176 kB
VmallocUsed:      135812 kB
VmallocChunk:   251448364 kB
Time pass: 311 sec

---2015-12-05 14:07:44
MemTotal:        2905316 kB
MemFree:          211968 kB
Buffers:           25528 kB
Cached:          1031276 kB
SwapCached:            0 kB
Active:          1269736 kB
Inactive:         706148 kB
Active(anon):     762660 kB
Inactive(anon):   202032 kB
Active(file):     507076 kB
Inactive(file):   504116 kB
Unevictable:       12456 kB
Mlocked:               0 kB
SwapTotal:        720184 kB
SwapFree:         720156 kB
Dirty:                72 kB
Writeback:             0 kB
AnonPages:        931584 kB
Mapped:           629768 kB
Shmem:             33144 kB
Slab:             121088 kB
SReclaimable:      39748 kB
SUnreclaim:        81340 kB
KernelStack:       32576 kB
PageTables:        55612 kB
NFS_Unstable:          0 kB
Bounce:                0 kB
WritebackTmp:          0 kB
CommitLimit:     2172840 kB
Committed_AS:   90761864 kB
VmallocTotal:   251658176 kB
VmallocUsed:      135812 kB
VmallocChunk:   251448364 kB
Time pass: 314 sec

---2015-12-05 14:07:44
MemTotal:        2905316 kB
MemFree:          211756 kB
Buffers:           25528 kB
Cached:          1031276 kB
SwapCached:            0 kB
Active:          1269792 kB
Inactive:         706156 kB
Active(anon):     762712 kB
Inactive(anon):   202032 kB
Active(file):     507080 kB
Inactive(file):   504124 kB
Unevictable:       12456 kB
Mlocked:               0 kB
SwapTotal:        720184 kB
SwapFree:         720156 kB
Dirty:                 8 kB
Writeback:             0 kB
AnonPages:        931760 kB
Mapped:           629772 kB
Shmem:             33144 kB
Slab:             121088 kB
SReclaimable:      39748 kB
SUnreclaim:        81340 kB
KernelStack:       32576 kB
PageTables:        55612 kB
NFS_Unstable:          0 kB
Bounce:                0 kB
WritebackTmp:          0 kB
CommitLimit:     2172840 kB
Committed_AS:   90761840 kB
VmallocTotal:   251658176 kB
VmallocUsed:      135812 kB
VmallocChunk:   251448364 kB
Time pass: 318 sec

---2015-12-05 14:07:44
MemTotal:        2905316 kB
MemFree:          211688 kB
Buffers:           25536 kB
Cached:          1031276 kB
SwapCached:            0 kB
Active:          1269984 kB
Inactive:         706160 kB
Active(anon):     762904 kB
Inactive(anon):   202032 kB
Active(file):     507080 kB
Inactive(file):   504128 kB
Unevictable:       12456 kB
Mlocked:               0 kB
SwapTotal:        720184 kB
SwapFree:         720156 kB
Dirty:                20 kB
Writeback:             0 kB
AnonPages:        931796 kB
Mapped:           629780 kB
Shmem:             33144 kB
Slab:             121088 kB
SReclaimable:      39748 kB
SUnreclaim:        81340 kB
KernelStack:       32544 kB
PageTables:        55612 kB
NFS_Unstable:          0 kB
Bounce:                0 kB
WritebackTmp:          0 kB
CommitLimit:     2172840 kB
Committed_AS:   90761852 kB
VmallocTotal:   251658176 kB
VmallocUsed:      135812 kB
VmallocChunk:   251448364 kB
Time pass: 322 sec

---2015-12-05 14:07:44
MemTotal:        2905316 kB
MemFree:          211676 kB
Buffers:           25544 kB
Cached:          1031280 kB
SwapCached:            0 kB
Active:          1270156 kB
Inactive:         706172 kB
Active(anon):     763076 kB
Inactive(anon):   202032 kB
Active(file):     507080 kB
Inactive(file):   504140 kB
Unevictable:       12456 kB
Mlocked:               0 kB
SwapTotal:        720184 kB
SwapFree:         720156 kB
Dirty:                12 kB
Writeback:             0 kB
AnonPages:        931932 kB
Mapped:           629784 kB
Shmem:             33144 kB
Slab:             121088 kB
SReclaimable:      39748 kB
SUnreclaim:        81340 kB
KernelStack:       32544 kB
PageTables:        55612 kB
NFS_Unstable:          0 kB
Bounce:                0 kB
WritebackTmp:          0 kB
CommitLimit:     2172840 kB
Committed_AS:   90761760 kB
VmallocTotal:   251658176 kB
VmallocUsed:      135812 kB
VmallocChunk:   251448364 kB
Time pass: 326 sec

---2015-12-05 14:07:44
MemTotal:        2905316 kB
MemFree:          211352 kB
Buffers:           25552 kB
Cached:          1031276 kB
SwapCached:            0 kB
Active:          1270344 kB
Inactive:         706172 kB
Active(anon):     763260 kB
Inactive(anon):   202032 kB
Active(file):     507084 kB
Inactive(file):   504140 kB
Unevictable:       12456 kB
Mlocked:               0 kB
SwapTotal:        720184 kB
SwapFree:         720156 kB
Dirty:                20 kB
Writeback:             0 kB
AnonPages:        932152 kB
Mapped:           629808 kB
Shmem:             33144 kB
Slab:             121088 kB
SReclaimable:      39748 kB
SUnreclaim:        81340 kB
KernelStack:       32560 kB
PageTables:        55612 kB
NFS_Unstable:          0 kB
Bounce:                0 kB
WritebackTmp:          0 kB
CommitLimit:     2172840 kB
Committed_AS:   90761772 kB
VmallocTotal:   251658176 kB
VmallocUsed:      135812 kB
VmallocChunk:   251448364 kB
Time pass: 330 sec

---2015-12-05 14:07:44
MemTotal:        2905316 kB
MemFree:          211536 kB
Buffers:           25552 kB
Cached:          1031288 kB
SwapCached:            0 kB
Active:          1270960 kB
Inactive:         706180 kB
Active(anon):     763868 kB
Inactive(anon):   202032 kB
Active(file):     507092 kB
Inactive(file):   504148 kB
Unevictable:       12456 kB
Mlocked:               0 kB
SwapTotal:        720184 kB
SwapFree:         720156 kB
Dirty:                36 kB
Writeback:             0 kB
AnonPages:        932824 kB
Mapped:           629824 kB
Shmem:             33144 kB
Slab:             121088 kB
SReclaimable:      39748 kB
SUnreclaim:        81340 kB
KernelStack:       32544 kB
PageTables:        55612 kB
NFS_Unstable:          0 kB
Bounce:                0 kB
WritebackTmp:          0 kB
CommitLimit:     2172840 kB
Committed_AS:   90788420 kB
VmallocTotal:   251658176 kB
VmallocUsed:      135812 kB
VmallocChunk:   251448364 kB
Time pass: 334 sec

---2015-12-05 14:07:44
MemTotal:        2905316 kB
MemFree:          210432 kB
Buffers:           25560 kB
Cached:          1031352 kB
SwapCached:            0 kB
Active:          1271164 kB
Inactive:         706252 kB
Active(anon):     764072 kB
Inactive(anon):   202092 kB
Active(file):     507092 kB
Inactive(file):   504160 kB
Unevictable:       12456 kB
Mlocked:               0 kB
SwapTotal:        720184 kB
SwapFree:         720156 kB
Dirty:                32 kB
Writeback:             0 kB
AnonPages:        932972 kB
Mapped:           629896 kB
Shmem:             33204 kB
Slab:             121088 kB
SReclaimable:      39748 kB
SUnreclaim:        81340 kB
KernelStack:       32544 kB
PageTables:        55664 kB
NFS_Unstable:          0 kB
Bounce:                0 kB
WritebackTmp:          0 kB
CommitLimit:     2172840 kB
Committed_AS:   90788408 kB
VmallocTotal:   251658176 kB
VmallocUsed:      135812 kB
VmallocChunk:   251448364 kB
Time pass: 338 sec

---2015-12-05 14:07:44
MemTotal:        2905316 kB
MemFree:          210576 kB
Buffers:           25568 kB
Cached:          1031356 kB
SwapCached:            0 kB
Active:          1271432 kB
Inactive:         706248 kB
Active(anon):     764328 kB
Inactive(anon):   202092 kB
Active(file):     507104 kB
Inactive(file):   504156 kB
Unevictable:       12456 kB
Mlocked:               0 kB
SwapTotal:        720184 kB
SwapFree:         720156 kB
Dirty:                28 kB
Writeback:             0 kB
AnonPages:        933072 kB
Mapped:           629900 kB
Shmem:             33204 kB
Slab:             121092 kB
SReclaimable:      39752 kB
SUnreclaim:        81340 kB
KernelStack:       32512 kB
PageTables:        55664 kB
NFS_Unstable:          0 kB
Bounce:                0 kB
WritebackTmp:          0 kB
CommitLimit:     2172840 kB
Committed_AS:   90788356 kB
VmallocTotal:   251658176 kB
VmallocUsed:      135812 kB
VmallocChunk:   251448364 kB
Time pass: 341 sec

---2015-12-05 14:07:44
MemTotal:        2905316 kB
MemFree:          210724 kB
Buffers:           25576 kB
Cached:          1031348 kB
SwapCached:            0 kB
Active:          1271288 kB
Inactive:         706252 kB
Active(anon):     764184 kB
Inactive(anon):   202092 kB
Active(file):     507104 kB
Inactive(file):   504160 kB
Unevictable:       12456 kB
Mlocked:               0 kB
SwapTotal:        720184 kB
SwapFree:         720156 kB
Dirty:                32 kB
Writeback:             0 kB
AnonPages:        933208 kB
Mapped:           629908 kB
Shmem:             33204 kB
Slab:             121092 kB
SReclaimable:      39752 kB
SUnreclaim:        81340 kB
KernelStack:       32544 kB
PageTables:        55660 kB
NFS_Unstable:          0 kB
Bounce:                0 kB
WritebackTmp:          0 kB
CommitLimit:     2172840 kB
Committed_AS:   90788356 kB
VmallocTotal:   251658176 kB
VmallocUsed:      135812 kB
VmallocChunk:   251448364 kB
Time pass: 345 sec

---2015-12-05 14:07:44
MemTotal:        2905316 kB
MemFree:          210168 kB
Buffers:           25576 kB
Cached:          1031360 kB
SwapCached:            0 kB
Active:          1271604 kB
Inactive:         706260 kB
Active(anon):     764496 kB
Inactive(anon):   202092 kB
Active(file):     507108 kB
Inactive(file):   504168 kB
Unevictable:       12456 kB
Mlocked:               0 kB
SwapTotal:        720184 kB
SwapFree:         720156 kB
Dirty:                 8 kB
Writeback:             0 kB
AnonPages:        933384 kB
Mapped:           629924 kB
Shmem:             33204 kB
Slab:             121092 kB
SReclaimable:      39752 kB
SUnreclaim:        81340 kB
KernelStack:       32480 kB
PageTables:        55644 kB
NFS_Unstable:          0 kB
Bounce:                0 kB
WritebackTmp:          0 kB
CommitLimit:     2172840 kB
Committed_AS:   90788380 kB
VmallocTotal:   251658176 kB
VmallocUsed:      135812 kB
VmallocChunk:   251448364 kB
Time pass: 349 sec

---2015-12-05 14:07:44
MemTotal:        2905316 kB
MemFree:          210000 kB
Buffers:           25584 kB
Cached:          1031360 kB
SwapCached:            0 kB
Active:          1271728 kB
Inactive:         706268 kB
Active(anon):     764620 kB
Inactive(anon):   202092 kB
Active(file):     507108 kB
Inactive(file):   504176 kB
Unevictable:       12456 kB
Mlocked:               0 kB
SwapTotal:        720184 kB
SwapFree:         720156 kB
Dirty:                16 kB
Writeback:             0 kB
AnonPages:        933472 kB
Mapped:           629916 kB
Shmem:             33204 kB
Slab:             121092 kB
SReclaimable:      39752 kB
SUnreclaim:        81340 kB
KernelStack:       32496 kB
PageTables:        55664 kB
NFS_Unstable:          0 kB
Bounce:                0 kB
WritebackTmp:          0 kB
CommitLimit:     2172840 kB
Committed_AS:   90788340 kB
VmallocTotal:   251658176 kB
VmallocUsed:      135812 kB
VmallocChunk:   251448364 kB
Time pass: 353 sec

---2015-12-05 14:07:44
MemTotal:        2905316 kB
MemFree:          209160 kB
Buffers:           25592 kB
Cached:          1031484 kB
SwapCached:            0 kB
Active:          1272428 kB
Inactive:         706332 kB
Active(anon):     765312 kB
Inactive(anon):   202092 kB
Active(file):     507116 kB
Inactive(file):   504240 kB
Unevictable:       12456 kB
Mlocked:               0 kB
SwapTotal:        720184 kB
SwapFree:         720156 kB
Dirty:                44 kB
Writeback:             0 kB
AnonPages:        934136 kB
Mapped:           629960 kB
Shmem:             33204 kB
Slab:             121092 kB
SReclaimable:      39752 kB
SUnreclaim:        81340 kB
KernelStack:       32576 kB
PageTables:        55664 kB
NFS_Unstable:          0 kB
Bounce:                0 kB
WritebackTmp:          0 kB
CommitLimit:     2172840 kB
Committed_AS:   90788412 kB
VmallocTotal:   251658176 kB
VmallocUsed:      135812 kB
VmallocChunk:   251448364 kB
Time pass: 357 sec

---2015-12-05 14:07:44
MemTotal:        2905316 kB
MemFree:          208764 kB
Buffers:           25600 kB
Cached:          1031744 kB
SwapCached:            0 kB
Active:          1272620 kB
Inactive:         706632 kB
Active(anon):     765484 kB
Inactive(anon):   202092 kB
Active(file):     507136 kB
Inactive(file):   504540 kB
Unevictable:       12456 kB
Mlocked:               0 kB
SwapTotal:        720184 kB
SwapFree:         720156 kB
Dirty:                48 kB
Writeback:             0 kB
AnonPages:        934364 kB
Mapped:           630036 kB
Shmem:             33204 kB
Slab:             121084 kB
SReclaimable:      39744 kB
SUnreclaim:        81340 kB
KernelStack:       32576 kB
PageTables:        55664 kB
NFS_Unstable:          0 kB
Bounce:                0 kB
WritebackTmp:          0 kB
CommitLimit:     2172840 kB
Committed_AS:   90788528 kB
VmallocTotal:   251658176 kB
VmallocUsed:      135812 kB
VmallocChunk:   251448364 kB
Time pass: 361 sec

---2015-12-05 14:07:44
MemTotal:        2905316 kB
MemFree:          208308 kB
Buffers:           25600 kB
Cached:          1031804 kB
SwapCached:            0 kB
Active:          1273188 kB
Inactive:         706700 kB
Active(anon):     766052 kB
Inactive(anon):   202152 kB
Active(file):     507136 kB
Inactive(file):   504548 kB
Unevictable:       12456 kB
Mlocked:               0 kB
SwapTotal:        720184 kB
SwapFree:         720156 kB
Dirty:                48 kB
Writeback:             0 kB
AnonPages:        934940 kB
Mapped:           630100 kB
Shmem:             33264 kB
Slab:             121084 kB
SReclaimable:      39744 kB
SUnreclaim:        81340 kB
KernelStack:       32560 kB
PageTables:        55716 kB
NFS_Unstable:          0 kB
Bounce:                0 kB
WritebackTmp:          0 kB
CommitLimit:     2172840 kB
Committed_AS:   90815088 kB
VmallocTotal:   251658176 kB
VmallocUsed:      135812 kB
VmallocChunk:   251448364 kB
Time pass: 365 sec

---2015-12-05 14:07:44
MemTotal:        2905316 kB
MemFree:          208080 kB
Buffers:           25616 kB
Cached:          1031820 kB
SwapCached:            0 kB
Active:          1273504 kB
Inactive:         706712 kB
Active(anon):     766360 kB
Inactive(anon):   202152 kB
Active(file):     507144 kB
Inactive(file):   504560 kB
Unevictable:       12456 kB
Mlocked:               0 kB
SwapTotal:        720184 kB
SwapFree:         720156 kB
Dirty:                60 kB
Writeback:             0 kB
AnonPages:        935236 kB
Mapped:           630180 kB
Shmem:             33264 kB
Slab:             121084 kB
SReclaimable:      39744 kB
SUnreclaim:        81340 kB
KernelStack:       32560 kB
PageTables:        55712 kB
NFS_Unstable:          0 kB
Bounce:                0 kB
WritebackTmp:          0 kB
CommitLimit:     2172840 kB
Committed_AS:   90815036 kB
VmallocTotal:   251658176 kB
VmallocUsed:      135812 kB
VmallocChunk:   251448364 kB
Time pass: 369 sec

---2015-12-05 14:07:44
MemTotal:        2905316 kB
MemFree:          207360 kB
Buffers:           25624 kB
Cached:          1031816 kB
SwapCached:            0 kB
Active:          1273700 kB
Inactive:         706724 kB
Active(anon):     766556 kB
Inactive(anon):   202152 kB
Active(file):     507144 kB
Inactive(file):   504572 kB
Unevictable:       12456 kB
Mlocked:               0 kB
SwapTotal:        720184 kB
SwapFree:         720156 kB
Dirty:                 4 kB
Writeback:             0 kB
AnonPages:        935480 kB
Mapped:           630196 kB
Shmem:             33264 kB
Slab:             120940 kB
SReclaimable:      39600 kB
SUnreclaim:        81340 kB
KernelStack:       32528 kB
PageTables:        55712 kB
NFS_Unstable:          0 kB
Bounce:                0 kB
WritebackTmp:          0 kB
CommitLimit:     2172840 kB
Committed_AS:   90815024 kB
VmallocTotal:   251658176 kB
VmallocUsed:      135812 kB
VmallocChunk:   251448364 kB
Time pass: 372 sec

---2015-12-05 14:07:44
MemTotal:        2905316 kB
MemFree:          207404 kB
Buffers:           25624 kB
Cached:          1031828 kB
SwapCached:            0 kB
Active:          1273904 kB
Inactive:         706728 kB
Active(anon):     766756 kB
Inactive(anon):   202152 kB
Active(file):     507148 kB
Inactive(file):   504576 kB
Unevictable:       12456 kB
Mlocked:               0 kB
SwapTotal:        720184 kB
SwapFree:         720156 kB
Dirty:                12 kB
Writeback:             0 kB
AnonPages:        935660 kB
Mapped:           630208 kB
Shmem:             33264 kB
Slab:             120940 kB
SReclaimable:      39600 kB
SUnreclaim:        81340 kB
KernelStack:       32528 kB
PageTables:        55708 kB
NFS_Unstable:          0 kB
Bounce:                0 kB
WritebackTmp:          0 kB
CommitLimit:     2172840 kB
Committed_AS:   90815036 kB
VmallocTotal:   251658176 kB
VmallocUsed:      135812 kB
VmallocChunk:   251448364 kB
Time pass: 376 sec

---2015-12-05 14:07:44
MemTotal:        2905316 kB
MemFree:          207548 kB
Buffers:           25632 kB
Cached:          1031836 kB
SwapCached:            0 kB
Active:          1273992 kB
Inactive:         706740 kB
Active(anon):     766836 kB
Inactive(anon):   202148 kB
Active(file):     507156 kB
Inactive(file):   504592 kB
Unevictable:       12456 kB
Mlocked:               0 kB
SwapTotal:        720184 kB
SwapFree:         720156 kB
Dirty:                 4 kB
Writeback:             0 kB
AnonPages:        935884 kB
Mapped:           630212 kB
Shmem:             33264 kB
Slab:             120940 kB
SReclaimable:      39600 kB
SUnreclaim:        81340 kB
KernelStack:       32480 kB
PageTables:        55712 kB
NFS_Unstable:          0 kB
Bounce:                0 kB
WritebackTmp:          0 kB
CommitLimit:     2172840 kB
Committed_AS:   90814988 kB
VmallocTotal:   251658176 kB
VmallocUsed:      135812 kB
VmallocChunk:   251448364 kB
Time pass: 380 sec

---2015-12-05 14:07:44
MemTotal:        2905316 kB
MemFree:          207276 kB
Buffers:           25640 kB
Cached:          1031836 kB
SwapCached:            0 kB
Active:          1274340 kB
Inactive:         706748 kB
Active(anon):     767184 kB
Inactive(anon):   202148 kB
Active(file):     507156 kB
Inactive(file):   504600 kB
Unevictable:       12456 kB
Mlocked:               0 kB
SwapTotal:        720184 kB
SwapFree:         720156 kB
Dirty:                24 kB
Writeback:             0 kB
AnonPages:        936056 kB
Mapped:           630220 kB
Shmem:             33264 kB
Slab:             120940 kB
SReclaimable:      39600 kB
SUnreclaim:        81340 kB
KernelStack:       32512 kB
PageTables:        55696 kB
NFS_Unstable:          0 kB
Bounce:                0 kB
WritebackTmp:          0 kB
CommitLimit:     2172840 kB
Committed_AS:   90814976 kB
VmallocTotal:   251658176 kB
VmallocUsed:      135812 kB
VmallocChunk:   251448364 kB
Time pass: 384 sec

---2015-12-05 14:07:44
MemTotal:        2905316 kB
MemFree:          206624 kB
Buffers:           25648 kB
Cached:          1031836 kB
SwapCached:            0 kB
Active:          1274320 kB
Inactive:         706752 kB
Active(anon):     767160 kB
Inactive(anon):   202148 kB
Active(file):     507160 kB
Inactive(file):   504604 kB
Unevictable:       12456 kB
Mlocked:               0 kB
SwapTotal:        720184 kB
SwapFree:         720156 kB
Dirty:                16 kB
Writeback:             0 kB
AnonPages:        936132 kB
Mapped:           630224 kB
Shmem:             33264 kB
Slab:             120940 kB
SReclaimable:      39600 kB
SUnreclaim:        81340 kB
KernelStack:       32512 kB
PageTables:        55716 kB
NFS_Unstable:          0 kB
Bounce:                0 kB
WritebackTmp:          0 kB
CommitLimit:     2172840 kB
Committed_AS:   90815060 kB
VmallocTotal:   251658176 kB
VmallocUsed:      135812 kB
VmallocChunk:   251448364 kB
Time pass: 388 sec

---2015-12-05 14:07:44
MemTotal:        2905316 kB
MemFree:          206236 kB
Buffers:           25648 kB
Cached:          1031844 kB
SwapCached:            0 kB
Active:          1274664 kB
Inactive:         706756 kB
Active(anon):     767500 kB
Inactive(anon):   202148 kB
Active(file):     507164 kB
Inactive(file):   504608 kB
Unevictable:       12456 kB
Mlocked:               0 kB
SwapTotal:        720184 kB
SwapFree:         720156 kB
Dirty:                 4 kB
Writeback:             0 kB
AnonPages:        936284 kB
Mapped:           630228 kB
Shmem:             33264 kB
Slab:             120940 kB
SReclaimable:      39600 kB
SUnreclaim:        81340 kB
KernelStack:       32528 kB
PageTables:        55716 kB
NFS_Unstable:          0 kB
Bounce:                0 kB
WritebackTmp:          0 kB
CommitLimit:     2172840 kB
Committed_AS:   90815340 kB
VmallocTotal:   251658176 kB
VmallocUsed:      135812 kB
VmallocChunk:   251448364 kB
Time pass: 392 sec

---2015-12-05 14:07:44
MemTotal:        2905316 kB
MemFree:          205524 kB
Buffers:           25656 kB
Cached:          1031908 kB
SwapCached:            0 kB
Active:          1275520 kB
Inactive:         706824 kB
