---2015-12-05 14:07:44
MemTotal:        2905316 kB
MemFree:           61848 kB
Buffers:           26140 kB
Cached:          1387924 kB
SwapCached:            0 kB
Active:          1318252 kB
Inactive:        1025584 kB
Active(anon):     800004 kB
Inactive(anon):   174732 kB
Active(file):     518248 kB
Inactive(file):   850852 kB
Unevictable:        7800 kB
Mlocked:               0 kB
SwapTotal:        720184 kB
SwapFree:         720184 kB
Dirty:               756 kB
Writeback:          5720 kB
AnonPages:        938528 kB
Mapped:           539512 kB
Shmem:             36676 kB
Slab:             115376 kB
SReclaimable:      36320 kB
SUnreclaim:        79056 kB
KernelStack:       31664 kB
PageTables:        56988 kB
NFS_Unstable:          0 kB
Bounce:                0 kB
WritebackTmp:          0 kB
CommitLimit:     2172840 kB
Committed_AS:   98680776 kB
VmallocTotal:   251658176 kB
VmallocUsed:      139704 kB
VmallocChunk:   251413548 kB
Time pass: 3 sec

---2015-12-05 14:07:44
MemTotal:        2905316 kB
MemFree:           71864 kB
Buffers:           28504 kB
Cached:          1346416 kB
SwapCached:            0 kB
Active:          1350460 kB
Inactive:         986220 kB
Active(anon):     821140 kB
Inactive(anon):   185596 kB
Active(file):     529320 kB
Inactive(file):   800624 kB
Unevictable:        7800 kB
Mlocked:               0 kB
SwapTotal:        720184 kB
SwapFree:         720184 kB
Dirty:               628 kB
Writeback:             0 kB
AnonPages:        970128 kB
Mapped:           568428 kB
Shmem:             36796 kB
Slab:             113604 kB
SReclaimable:      33932 kB
SUnreclaim:        79672 kB
KernelStack:       32304 kB
PageTables:        57820 kB
NFS_Unstable:          0 kB
Bounce:                0 kB
WritebackTmp:          0 kB
CommitLimit:     2172840 kB
Committed_AS:   97646992 kB
VmallocTotal:   251658176 kB
VmallocUsed:      140860 kB
VmallocChunk:   251410476 kB
Time pass: 7 sec

---2015-12-05 14:07:44
MemTotal:        2905316 kB
MemFree:           83916 kB
Buffers:           28396 kB
Cached:          1336504 kB
SwapCached:            0 kB
Active:          1342736 kB
Inactive:         978712 kB
Active(anon):     812728 kB
Inactive(anon):   188416 kB
Active(file):     530008 kB
Inactive(file):   790296 kB
Unevictable:        7800 kB
Mlocked:               0 kB
SwapTotal:        720184 kB
SwapFree:         720184 kB
Dirty:               812 kB
Writeback:             0 kB
AnonPages:        964160 kB
Mapped:           572740 kB
Shmem:             36792 kB
Slab:             116588 kB
SReclaimable:      36356 kB
SUnreclaim:        80232 kB
KernelStack:       33664 kB
PageTables:        58044 kB
NFS_Unstable:          0 kB
Bounce:                0 kB
WritebackTmp:          0 kB
CommitLimit:     2172840 kB
Committed_AS:   96921076 kB
VmallocTotal:   251658176 kB
VmallocUsed:      139840 kB
VmallocChunk:   251410476 kB
Time pass: 11 sec

---2015-12-05 14:07:44
MemTotal:        2905316 kB
MemFree:          111132 kB
Buffers:           28408 kB
Cached:          1337900 kB
SwapCached:            0 kB
Active:          1316164 kB
Inactive:         980044 kB
Active(anon):     786084 kB
Inactive(anon):   188416 kB
Active(file):     530080 kB
Inactive(file):   791628 kB
Unevictable:        7800 kB
Mlocked:               0 kB
SwapTotal:        720184 kB
SwapFree:         720184 kB
Dirty:               116 kB
Writeback:             0 kB
AnonPages:        937796 kB
Mapped:           567068 kB
Shmem:             36792 kB
Slab:             116704 kB
SReclaimable:      36356 kB
SUnreclaim:        80348 kB
KernelStack:       33184 kB
PageTables:        56404 kB
NFS_Unstable:          0 kB
Bounce:                0 kB
WritebackTmp:          0 kB
CommitLimit:     2172840 kB
Committed_AS:   93693792 kB
VmallocTotal:   251658176 kB
VmallocUsed:      136780 kB
VmallocChunk:   251410476 kB
Time pass: 15 sec

---2015-12-05 14:07:44
MemTotal:        2905316 kB
MemFree:           31824 kB
Buffers:           28460 kB
Cached:          1346332 kB
SwapCached:            0 kB
Active:          1326632 kB
Inactive:         988352 kB
Active(anon):     796540 kB
Inactive(anon):   188980 kB
Active(file):     530092 kB
Inactive(file):   799372 kB
Unevictable:        7800 kB
Mlocked:               0 kB
SwapTotal:        720184 kB
SwapFree:         720184 kB
Dirty:               124 kB
Writeback:             0 kB
AnonPages:        948480 kB
Mapped:           568748 kB
Shmem:             36852 kB
Slab:             117028 kB
SReclaimable:      36484 kB
SUnreclaim:        80544 kB
KernelStack:       33296 kB
PageTables:        57428 kB
NFS_Unstable:          0 kB
Bounce:                0 kB
WritebackTmp:          0 kB
CommitLimit:     2172840 kB
Committed_AS:   96855504 kB
VmallocTotal:   251658176 kB
VmallocUsed:      167796 kB
VmallocChunk:   251359652 kB
Time pass: 18 sec

---2015-12-05 14:07:44
MemTotal:        2905316 kB
MemFree:           77840 kB
Buffers:           26488 kB
Cached:          1234480 kB
SwapCached:            0 kB
Active:          1337708 kB
Inactive:         882448 kB
Active(anon):     800404 kB
Inactive(anon):   203588 kB
Active(file):     537304 kB
Inactive(file):   678860 kB
Unevictable:        7800 kB
Mlocked:               0 kB
SwapTotal:        720184 kB
SwapFree:         720184 kB
Dirty:              1644 kB
Writeback:             0 kB
AnonPages:        967540 kB
Mapped:           625512 kB
Shmem:             36988 kB
Slab:             117648 kB
SReclaimable:      36680 kB
SUnreclaim:        80968 kB
KernelStack:       34384 kB
PageTables:        57640 kB
NFS_Unstable:          0 kB
Bounce:                0 kB
WritebackTmp:          0 kB
CommitLimit:     2172840 kB
Committed_AS:   94539940 kB
VmallocTotal:   251658176 kB
VmallocUsed:      138252 kB
VmallocChunk:   251410476 kB
Time pass: 22 sec

---2015-12-05 14:07:44
MemTotal:        2905316 kB
MemFree:          104112 kB
Buffers:           26688 kB
Cached:          1199800 kB
SwapCached:            0 kB
Active:          1326140 kB
Inactive:         834412 kB
Active(anon):     785280 kB
Inactive(anon):   189880 kB
Active(file):     540860 kB
Inactive(file):   644532 kB
Unevictable:        7800 kB
Mlocked:               0 kB
SwapTotal:        720184 kB
SwapFree:         720184 kB
Dirty:               164 kB
Writeback:             0 kB
AnonPages:        941660 kB
Mapped:           638440 kB
Shmem:             33248 kB
Slab:             117480 kB
SReclaimable:      36444 kB
SUnreclaim:        81036 kB
KernelStack:       34384 kB
PageTables:        57560 kB
NFS_Unstable:          0 kB
Bounce:                0 kB
WritebackTmp:          0 kB
CommitLimit:     2172840 kB
Committed_AS:   94505276 kB
VmallocTotal:   251658176 kB
VmallocUsed:      138568 kB
VmallocChunk:   251410476 kB
Time pass: 25 sec

---2015-12-05 14:07:44
MemTotal:        2905316 kB
MemFree:          104220 kB
Buffers:           26704 kB
Cached:          1199724 kB
SwapCached:            0 kB
Active:          1326456 kB
Inactive:         834340 kB
Active(anon):     785584 kB
Inactive(anon):   189748 kB
Active(file):     540872 kB
Inactive(file):   644592 kB
Unevictable:        7800 kB
Mlocked:               0 kB
SwapTotal:        720184 kB
SwapFree:         720184 kB
Dirty:               136 kB
Writeback:             0 kB
AnonPages:        942120 kB
Mapped:           638428 kB
Shmem:             33156 kB
Slab:             117468 kB
SReclaimable:      36424 kB
SUnreclaim:        81044 kB
KernelStack:       34352 kB
PageTables:        57472 kB
NFS_Unstable:          0 kB
Bounce:                0 kB
WritebackTmp:          0 kB
CommitLimit:     2172840 kB
Committed_AS:   94505312 kB
VmallocTotal:   251658176 kB
VmallocUsed:      138568 kB
VmallocChunk:   251410476 kB
Time pass: 29 sec

---2015-12-05 14:07:44
MemTotal:        2905316 kB
MemFree:          104112 kB
Buffers:           26704 kB
Cached:          1199736 kB
SwapCached:            0 kB
Active:          1326708 kB
Inactive:         834320 kB
Active(anon):     785816 kB
Inactive(anon):   189728 kB
Active(file):     540892 kB
Inactive(file):   644592 kB
Unevictable:        7800 kB
Mlocked:               0 kB
SwapTotal:        720184 kB
SwapFree:         720184 kB
Dirty:               164 kB
Writeback:             0 kB
AnonPages:        942504 kB
Mapped:           638444 kB
Shmem:             33156 kB
Slab:             117468 kB
SReclaimable:      36424 kB
SUnreclaim:        81044 kB
KernelStack:       34352 kB
PageTables:        57476 kB
NFS_Unstable:          0 kB
Bounce:                0 kB
WritebackTmp:          0 kB
CommitLimit:     2172840 kB
Committed_AS:   94505288 kB
VmallocTotal:   251658176 kB
VmallocUsed:      138568 kB
VmallocChunk:   251410476 kB
Time pass: 33 sec

---2015-12-05 14:07:44
MemTotal:        2905316 kB
MemFree:          103384 kB
Buffers:           26712 kB
Cached:          1199748 kB
SwapCached:            0 kB
Active:          1327280 kB
Inactive:         834324 kB
Active(anon):     786376 kB
Inactive(anon):   189728 kB
Active(file):     540904 kB
Inactive(file):   644596 kB
Unevictable:        7800 kB
Mlocked:               0 kB
SwapTotal:        720184 kB
SwapFree:         720184 kB
Dirty:                20 kB
Writeback:             0 kB
AnonPages:        942940 kB
Mapped:           638516 kB
Shmem:             33156 kB
Slab:             117476 kB
SReclaimable:      36424 kB
SUnreclaim:        81052 kB
KernelStack:       34352 kB
PageTables:        57460 kB
NFS_Unstable:          0 kB
Bounce:                0 kB
WritebackTmp:          0 kB
CommitLimit:     2172840 kB
Committed_AS:   94507348 kB
VmallocTotal:   251658176 kB
VmallocUsed:      138568 kB
VmallocChunk:   251410476 kB
Time pass: 37 sec

---2015-12-05 14:07:44
MemTotal:        2905316 kB
MemFree:          102852 kB
Buffers:           26720 kB
Cached:          1199760 kB
SwapCached:            0 kB
Active:          1327540 kB
Inactive:         834336 kB
Active(anon):     786632 kB
Inactive(anon):   189728 kB
Active(file):     540908 kB
Inactive(file):   644608 kB
Unevictable:        7800 kB
Mlocked:               0 kB
SwapTotal:        720184 kB
SwapFree:         720184 kB
Dirty:                48 kB
Writeback:             0 kB
AnonPages:        943112 kB
Mapped:           638572 kB
Shmem:             33156 kB
Slab:             117600 kB
SReclaimable:      36424 kB
SUnreclaim:        81176 kB
KernelStack:       34384 kB
PageTables:        57500 kB
NFS_Unstable:          0 kB
Bounce:                0 kB
WritebackTmp:          0 kB
CommitLimit:     2172840 kB
Committed_AS:   94505528 kB
VmallocTotal:   251658176 kB
VmallocUsed:      138568 kB
VmallocChunk:   251410476 kB
Time pass: 40 sec

---2015-12-05 14:07:44
MemTotal:        2905316 kB
MemFree:           75052 kB
Buffers:           26132 kB
Cached:          1160968 kB
SwapCached:            0 kB
Active:          1337304 kB
Inactive:         794596 kB
Active(anon):     788532 kB
Inactive(anon):   197156 kB
Active(file):     548772 kB
Inactive(file):   597440 kB
Unevictable:        7800 kB
Mlocked:               0 kB
SwapTotal:        720184 kB
SwapFree:         720184 kB
Dirty:               336 kB
Writeback:             4 kB
AnonPages:        952720 kB
Mapped:           650372 kB
Shmem:             33160 kB
Slab:             115688 kB
SReclaimable:      34552 kB
SUnreclaim:        81136 kB
KernelStack:       34384 kB
PageTables:        57840 kB
NFS_Unstable:          0 kB
Bounce:                0 kB
WritebackTmp:          0 kB
CommitLimit:     2172840 kB
Committed_AS:   94523572 kB
VmallocTotal:   251658176 kB
VmallocUsed:      138824 kB
VmallocChunk:   251410476 kB
Time pass: 44 sec

---2015-12-05 14:07:44
MemTotal:        2905316 kB
MemFree:           67856 kB
Buffers:           25884 kB
Cached:          1146408 kB
SwapCached:            0 kB
Active:          1345180 kB
Inactive:         781380 kB
Active(anon):     795520 kB
Inactive(anon):   199772 kB
Active(file):     549660 kB
Inactive(file):   581608 kB
Unevictable:        7800 kB
Mlocked:               0 kB
SwapTotal:        720184 kB
SwapFree:         720184 kB
Dirty:               300 kB
Writeback:             0 kB
AnonPages:        962160 kB
Mapped:           654692 kB
Shmem:             33220 kB
Slab:             117992 kB
SReclaimable:      36728 kB
SUnreclaim:        81264 kB
KernelStack:       34400 kB
PageTables:        57988 kB
NFS_Unstable:          0 kB
Bounce:                0 kB
WritebackTmp:          0 kB
CommitLimit:     2172840 kB
Committed_AS:   94572592 kB
VmallocTotal:   251658176 kB
VmallocUsed:      138872 kB
VmallocChunk:   251410476 kB
Time pass: 48 sec

---2015-12-05 14:07:44
MemTotal:        2905316 kB
MemFree:           67180 kB
Buffers:           26224 kB
Cached:          1098688 kB
SwapCached:            0 kB
Active:          1357728 kB
Inactive:         744732 kB
Active(anon):     818324 kB
Inactive(anon):   205176 kB
Active(file):     539404 kB
Inactive(file):   539556 kB
Unevictable:       12764 kB
Mlocked:               0 kB
SwapTotal:        720184 kB
SwapFree:         720156 kB
Dirty:              1444 kB
Writeback:             0 kB
AnonPages:        990400 kB
Mapped:           683336 kB
Shmem:             33196 kB
Slab:             114980 kB
SReclaimable:      33720 kB
SUnreclaim:        81260 kB
KernelStack:       34400 kB
PageTables:        57416 kB
NFS_Unstable:          0 kB
Bounce:                0 kB
WritebackTmp:          0 kB
CommitLimit:     2172840 kB
Committed_AS:   93863880 kB
VmallocTotal:   251658176 kB
VmallocUsed:      138088 kB
VmallocChunk:   251410476 kB
Time pass: 52 sec

---2015-12-05 14:07:44
MemTotal:        2905316 kB
MemFree:           86940 kB
Buffers:           26168 kB
Cached:          1075156 kB
SwapCached:            0 kB
Active:          1332088 kB
Inactive:         732852 kB
Active(anon):     804516 kB
Inactive(anon):   205064 kB
Active(file):     527572 kB
Inactive(file):   527788 kB
Unevictable:       12768 kB
Mlocked:               0 kB
SwapTotal:        720184 kB
SwapFree:         720156 kB
Dirty:                 8 kB
Writeback:            64 kB
AnonPages:        976484 kB
Mapped:           695580 kB
Shmem:             33196 kB
Slab:             117484 kB
SReclaimable:      36232 kB
SUnreclaim:        81252 kB
KernelStack:       34416 kB
PageTables:        57468 kB
NFS_Unstable:          0 kB
Bounce:                0 kB
WritebackTmp:          0 kB
CommitLimit:     2172840 kB
Committed_AS:   93852532 kB
VmallocTotal:   251658176 kB
VmallocUsed:      138252 kB
VmallocChunk:   251410476 kB
Time pass: 55 sec

---2015-12-05 14:07:44
MemTotal:        2905316 kB
MemFree:           86020 kB
Buffers:           26168 kB
Cached:          1075632 kB
SwapCached:            0 kB
Active:          1332848 kB
Inactive:         733280 kB
Active(anon):     805232 kB
Inactive(anon):   205064 kB
Active(file):     527616 kB
Inactive(file):   528216 kB
Unevictable:       12768 kB
Mlocked:               0 kB
SwapTotal:        720184 kB
SwapFree:         720156 kB
Dirty:               136 kB
Writeback:             0 kB
AnonPages:        977220 kB
Mapped:           695732 kB
Shmem:             33196 kB
Slab:             117572 kB
SReclaimable:      36232 kB
SUnreclaim:        81340 kB
KernelStack:       34464 kB
PageTables:        57496 kB
NFS_Unstable:          0 kB
Bounce:                0 kB
WritebackTmp:          0 kB
CommitLimit:     2172840 kB
Committed_AS:   93852692 kB
VmallocTotal:   251658176 kB
VmallocUsed:      138252 kB
VmallocChunk:   251410476 kB
Time pass: 59 sec

---2015-12-05 14:07:44
MemTotal:        2905316 kB
MemFree:           72672 kB
Buffers:           26920 kB
Cached:          1069320 kB
SwapCached:            0 kB
Active:          1332768 kB
Inactive:         730024 kB
Active(anon):     807660 kB
Inactive(anon):   204888 kB
Active(file):     525108 kB
Inactive(file):   525136 kB
Unevictable:       12768 kB
Mlocked:               0 kB
SwapTotal:        720184 kB
SwapFree:         720156 kB
Dirty:               320 kB
Writeback:             0 kB
AnonPages:        979364 kB
Mapped:           705576 kB
Shmem:             33196 kB
Slab:             117688 kB
SReclaimable:      36392 kB
SUnreclaim:        81296 kB
KernelStack:       34432 kB
PageTables:        57508 kB
NFS_Unstable:          0 kB
Bounce:                0 kB
WritebackTmp:          0 kB
CommitLimit:     2172840 kB
Committed_AS:   93852708 kB
VmallocTotal:   251658176 kB
VmallocUsed:      138376 kB
VmallocChunk:   251410476 kB
Time pass: 63 sec

---2015-12-05 14:07:44
MemTotal:        2905316 kB
MemFree:           71664 kB
Buffers:           26928 kB
Cached:          1069360 kB
SwapCached:            0 kB
Active:          1333952 kB
Inactive:         730084 kB
Active(anon):     808828 kB
Inactive(anon):   204888 kB
Active(file):     525124 kB
Inactive(file):   525196 kB
Unevictable:       12768 kB
Mlocked:               0 kB
SwapTotal:        720184 kB
SwapFree:         720156 kB
Dirty:               128 kB
Writeback:             0 kB
AnonPages:        980440 kB
Mapped:           705640 kB
Shmem:             33196 kB
Slab:             117840 kB
SReclaimable:      36392 kB
SUnreclaim:        81448 kB
KernelStack:       34368 kB
PageTables:        57536 kB
NFS_Unstable:          0 kB
Bounce:                0 kB
WritebackTmp:          0 kB
CommitLimit:     2172840 kB
Committed_AS:   93852776 kB
VmallocTotal:   251658176 kB
VmallocUsed:      138376 kB
VmallocChunk:   251410476 kB
Time pass: 67 sec

---2015-12-05 14:07:44
MemTotal:        2905316 kB
MemFree:           74212 kB
Buffers:           27280 kB
Cached:          1039744 kB
SwapCached:            0 kB
Active:          1325664 kB
Inactive:         716544 kB
Active(anon):     815288 kB
Inactive(anon):   205860 kB
Active(file):     510376 kB
Inactive(file):   510684 kB
Unevictable:       12768 kB
Mlocked:               0 kB
SwapTotal:        720184 kB
SwapFree:         720156 kB
Dirty:                32 kB
Writeback:             0 kB
AnonPages:        988128 kB
Mapped:           717856 kB
Shmem:             33196 kB
Slab:             117496 kB
SReclaimable:      36168 kB
SUnreclaim:        81328 kB
KernelStack:       34304 kB
PageTables:        57404 kB
NFS_Unstable:          0 kB
Bounce:                0 kB
WritebackTmp:          0 kB
CommitLimit:     2172840 kB
Committed_AS:   93863056 kB
VmallocTotal:   251658176 kB
VmallocUsed:      138552 kB
VmallocChunk:   251410476 kB
Time pass: 70 sec

---2015-12-05 14:07:44
MemTotal:        2905316 kB
MemFree:           72012 kB
Buffers:           27288 kB
Cached:          1040124 kB
SwapCached:            0 kB
Active:          1325268 kB
Inactive:         716896 kB
Active(anon):     814884 kB
Inactive(anon):   205852 kB
Active(file):     510384 kB
Inactive(file):   511044 kB
Unevictable:       12768 kB
Mlocked:               0 kB
SwapTotal:        720184 kB
SwapFree:         720156 kB
Dirty:               120 kB
Writeback:             0 kB
AnonPages:        987568 kB
Mapped:           718756 kB
Shmem:             33196 kB
Slab:             117724 kB
SReclaimable:      36248 kB
SUnreclaim:        81476 kB
KernelStack:       34240 kB
PageTables:        57416 kB
NFS_Unstable:          0 kB
Bounce:                0 kB
WritebackTmp:          0 kB
CommitLimit:     2172840 kB
Committed_AS:   93863008 kB
VmallocTotal:   251658176 kB
VmallocUsed:      138552 kB
VmallocChunk:   251410476 kB
Time pass: 74 sec

---2015-12-05 14:07:44
MemTotal:        2905316 kB
MemFree:           70800 kB
Buffers:           27288 kB
Cached:          1040188 kB
SwapCached:            0 kB
Active:          1326680 kB
Inactive:         716968 kB
Active(anon):     816288 kB
Inactive(anon):   205908 kB
Active(file):     510392 kB
Inactive(file):   511060 kB
Unevictable:       12768 kB
Mlocked:               0 kB
SwapTotal:        720184 kB
SwapFree:         720156 kB
Dirty:                92 kB
Writeback:             0 kB
AnonPages:        989068 kB
Mapped:           719036 kB
Shmem:             33256 kB
Slab:             117744 kB
SReclaimable:      36264 kB
SUnreclaim:        81480 kB
KernelStack:       34240 kB
PageTables:        57492 kB
NFS_Unstable:          0 kB
Bounce:                0 kB
WritebackTmp:          0 kB
CommitLimit:     2172840 kB
Committed_AS:   93889708 kB
VmallocTotal:   251658176 kB
VmallocUsed:      138552 kB
VmallocChunk:   251410476 kB
Time pass: 78 sec

---2015-12-05 14:07:44
MemTotal:        2905316 kB
MemFree:           69960 kB
Buffers:           27296 kB
Cached:          1040240 kB
SwapCached:            0 kB
Active:          1327336 kB
Inactive:         717008 kB
Active(anon):     816924 kB
Inactive(anon):   205908 kB
Active(file):     510412 kB
Inactive(file):   511100 kB
Unevictable:       12768 kB
Mlocked:               0 kB
SwapTotal:        720184 kB
SwapFree:         720156 kB
Dirty:                68 kB
Writeback:             0 kB
AnonPages:        989416 kB
Mapped:           719040 kB
Shmem:             33256 kB
Slab:             117804 kB
SReclaimable:      36264 kB
SUnreclaim:        81540 kB
KernelStack:       34208 kB
PageTables:        57492 kB
NFS_Unstable:          0 kB
Bounce:                0 kB
WritebackTmp:          0 kB
CommitLimit:     2172840 kB
Committed_AS:   93889692 kB
VmallocTotal:   251658176 kB
VmallocUsed:      138552 kB
VmallocChunk:   251410476 kB
Time pass: 82 sec

---2015-12-05 14:07:44
MemTotal:        2905316 kB
MemFree:           64328 kB
Buffers:           27328 kB
Cached:          1033908 kB
SwapCached:            0 kB
Active:          1337040 kB
Inactive:         714740 kB
Active(anon):     829572 kB
Inactive(anon):   206996 kB
Active(file):     507468 kB
Inactive(file):   507744 kB
Unevictable:       12768 kB
Mlocked:               0 kB
SwapTotal:        720184 kB
SwapFree:         720156 kB
Dirty:               408 kB
Writeback:             0 kB
AnonPages:       1003444 kB
Mapped:           722904 kB
Shmem:             33256 kB
Slab:             117908 kB
SReclaimable:      36312 kB
SUnreclaim:        81596 kB
KernelStack:       34240 kB
PageTables:        57488 kB
NFS_Unstable:          0 kB
Bounce:                0 kB
WritebackTmp:          0 kB
CommitLimit:     2172840 kB
Committed_AS:   93898644 kB
VmallocTotal:   251658176 kB
VmallocUsed:      138564 kB
VmallocChunk:   251410476 kB
Time pass: 86 sec

---2015-12-05 14:07:44
MemTotal:        2905316 kB
MemFree:           64952 kB
Buffers:           27020 kB
Cached:          1021268 kB
SwapCached:            0 kB
Active:          1339136 kB
Inactive:         711140 kB
Active(anon):     838468 kB
Inactive(anon):   209532 kB
Active(file):     500668 kB
Inactive(file):   501608 kB
Unevictable:       12768 kB
Mlocked:               0 kB
SwapTotal:        720184 kB
SwapFree:         720156 kB
Dirty:                 0 kB
Writeback:             0 kB
AnonPages:       1015272 kB
Mapped:           723808 kB
Shmem:             33172 kB
Slab:             117880 kB
SReclaimable:      36232 kB
SUnreclaim:        81648 kB
KernelStack:       34576 kB
PageTables:        57744 kB
NFS_Unstable:          0 kB
Bounce:                0 kB
WritebackTmp:          0 kB
CommitLimit:     2172840 kB
Committed_AS:   93940428 kB
VmallocTotal:   251658176 kB
VmallocUsed:      141012 kB
VmallocChunk:   251410476 kB
Time pass: 89 sec

---2015-12-05 14:07:44
MemTotal:        2905316 kB
MemFree:           68324 kB
Buffers:           26924 kB
Cached:           983796 kB
SwapCached:            0 kB
Active:          1320080 kB
Inactive:         693588 kB
Active(anon):     838500 kB
Inactive(anon):   209884 kB
Active(file):     481580 kB
Inactive(file):   483704 kB
Unevictable:       12768 kB
Mlocked:               0 kB
SwapTotal:        720184 kB
SwapFree:         719640 kB
Dirty:               124 kB
Writeback:             0 kB
AnonPages:       1015864 kB
Mapped:           723436 kB
Shmem:             32668 kB
Slab:             117792 kB
SReclaimable:      36200 kB
SUnreclaim:        81592 kB
KernelStack:       34592 kB
PageTables:        57896 kB
NFS_Unstable:          0 kB
Bounce:                0 kB
WritebackTmp:          0 kB
CommitLimit:     2172840 kB
Committed_AS:   93940384 kB
VmallocTotal:   251658176 kB
VmallocUsed:      141012 kB
VmallocChunk:   251410476 kB
Time pass: 93 sec

---2015-12-05 14:07:44
MemTotal:        2905316 kB
MemFree:           82752 kB
Buffers:           26924 kB
Cached:           983872 kB
SwapCached:            0 kB
Active:          1305384 kB
Inactive:         693640 kB
Active(anon):     823780 kB
Inactive(anon):   209936 kB
Active(file):     481604 kB
Inactive(file):   483704 kB
Unevictable:       12768 kB
Mlocked:               0 kB
SwapTotal:        720184 kB
SwapFree:         719640 kB
Dirty:                16 kB
Writeback:             0 kB
AnonPages:       1001176 kB
Mapped:           723492 kB
Shmem:             32720 kB
Slab:             117840 kB
SReclaimable:      36216 kB
SUnreclaim:        81624 kB
KernelStack:       34624 kB
PageTables:        57884 kB
NFS_Unstable:          0 kB
Bounce:                0 kB
WritebackTmp:          0 kB
CommitLimit:     2172840 kB
Committed_AS:   93940916 kB
VmallocTotal:   251658176 kB
VmallocUsed:      141012 kB
VmallocChunk:   251410476 kB
Time pass: 97 sec

---2015-12-05 14:07:44
MemTotal:        2905316 kB
MemFree:           99984 kB
Buffers:           26948 kB
Cached:           986644 kB
SwapCached:            0 kB
Active:          1296292 kB
Inactive:         695896 kB
Active(anon):     814632 kB
Inactive(anon):   209856 kB
Active(file):     481660 kB
Inactive(file):   486040 kB
Unevictable:       12768 kB
Mlocked:               0 kB
SwapTotal:        720184 kB
SwapFree:         719640 kB
Dirty:                56 kB
Writeback:             0 kB
AnonPages:        991700 kB
Mapped:           721076 kB
Shmem:             32504 kB
Slab:             117880 kB
SReclaimable:      36216 kB
SUnreclaim:        81664 kB
KernelStack:       34640 kB
PageTables:        57996 kB
NFS_Unstable:          0 kB
Bounce:                0 kB
WritebackTmp:          0 kB
CommitLimit:     2172840 kB
Committed_AS:   93915536 kB
VmallocTotal:   251658176 kB
VmallocUsed:      140932 kB
VmallocChunk:   251410476 kB
Time pass: 100 sec

---2015-12-05 14:07:44
MemTotal:        2905316 kB
MemFree:          372880 kB
Buffers:           26996 kB
Cached:           988212 kB
SwapCached:            0 kB
Active:          1212212 kB
Inactive:         697132 kB
Active(anon):     729752 kB
Inactive(anon):   209844 kB
Active(file):     482460 kB
Inactive(file):   487288 kB
Unevictable:       12768 kB
Mlocked:               0 kB
SwapTotal:        720184 kB
SwapFree:         719640 kB
Dirty:               568 kB
Writeback:             0 kB
AnonPages:        907112 kB
Mapped:           513732 kB
Shmem:             32636 kB
Slab:             117672 kB
SReclaimable:      36232 kB
SUnreclaim:        81440 kB
KernelStack:       32272 kB
PageTables:        55188 kB
NFS_Unstable:          0 kB
Bounce:                0 kB
WritebackTmp:          0 kB
CommitLimit:     2172840 kB
Committed_AS:   92309752 kB
VmallocTotal:   251658176 kB
VmallocUsed:      137284 kB
VmallocChunk:   251410476 kB
Time pass: 104 sec

---2015-12-05 14:07:44
MemTotal:        2905316 kB
MemFree:          268984 kB
Buffers:           27136 kB
Cached:           990500 kB
SwapCached:            0 kB
Active:          1250288 kB
Inactive:         697520 kB
Active(anon):     765820 kB
Inactive(anon):   209984 kB
Active(file):     484468 kB
Inactive(file):   487536 kB
Unevictable:       12768 kB
Mlocked:               0 kB
SwapTotal:        720184 kB
SwapFree:         719640 kB
Dirty:              2060 kB
Writeback:             0 kB
AnonPages:        943020 kB
Mapped:           589620 kB
Shmem:             32796 kB
Slab:             117640 kB
SReclaimable:      36168 kB
SUnreclaim:        81472 kB
KernelStack:       33328 kB
PageTables:        56384 kB
NFS_Unstable:          0 kB
Bounce:                0 kB
WritebackTmp:          0 kB
CommitLimit:     2172840 kB
Committed_AS:   93157920 kB
VmallocTotal:   251658176 kB
VmallocUsed:      138984 kB
VmallocChunk:   251410476 kB
Time pass: 107 sec

---2015-12-05 14:07:44
MemTotal:        2905316 kB
MemFree:          195824 kB
Buffers:           27144 kB
Cached:           992260 kB
SwapCached:            0 kB
Active:          1267184 kB
Inactive:         697764 kB
Active(anon):     781136 kB
Inactive(anon):   210012 kB
Active(file):     486048 kB
Inactive(file):   487752 kB
Unevictable:       12768 kB
Mlocked:               0 kB
SwapTotal:        720184 kB
SwapFree:         719640 kB
Dirty:              1408 kB
Writeback:             0 kB
AnonPages:        958424 kB
Mapped:           628908 kB
Shmem:             32836 kB
Slab:             117728 kB
SReclaimable:      36168 kB
SUnreclaim:        81560 kB
KernelStack:       33408 kB
PageTables:        56632 kB
NFS_Unstable:          0 kB
Bounce:                0 kB
WritebackTmp:          0 kB
CommitLimit:     2172840 kB
Committed_AS:   93168376 kB
VmallocTotal:   251658176 kB
VmallocUsed:      139376 kB
VmallocChunk:   251410476 kB
Time pass: 111 sec

---2015-12-05 14:07:44
MemTotal:        2905316 kB
MemFree:          182060 kB
Buffers:           27144 kB
Cached:           992272 kB
SwapCached:            0 kB
Active:          1260296 kB
Inactive:         697768 kB
Active(anon):     774240 kB
Inactive(anon):   210012 kB
Active(file):     486056 kB
Inactive(file):   487756 kB
Unevictable:       12768 kB
Mlocked:               0 kB
SwapTotal:        720184 kB
SwapFree:         719640 kB
Dirty:                 4 kB
Writeback:             0 kB
AnonPages:        951624 kB
Mapped:           648312 kB
Shmem:             32836 kB
Slab:             117744 kB
SReclaimable:      36168 kB
SUnreclaim:        81576 kB
KernelStack:       33408 kB
PageTables:        56696 kB
NFS_Unstable:          0 kB
Bounce:                0 kB
WritebackTmp:          0 kB
CommitLimit:     2172840 kB
Committed_AS:   93168312 kB
VmallocTotal:   251658176 kB
VmallocUsed:      137140 kB
VmallocChunk:   251410476 kB
Time pass: 115 sec

---2015-12-05 14:07:44
MemTotal:        2905316 kB
MemFree:          153652 kB
Buffers:           27156 kB
Cached:           997084 kB
SwapCached:            0 kB
Active:          1268040 kB
Inactive:         702192 kB
Active(anon):     781772 kB
Inactive(anon):   210012 kB
Active(file):     486268 kB
Inactive(file):   492180 kB
Unevictable:       12768 kB
Mlocked:               0 kB
SwapTotal:        720184 kB
SwapFree:         719640 kB
Dirty:               252 kB
Writeback:             0 kB
AnonPages:        959348 kB
Mapped:           659480 kB
Shmem:             32836 kB
Slab:             117768 kB
SReclaimable:      36168 kB
SUnreclaim:        81600 kB
KernelStack:       33424 kB
PageTables:        56728 kB
NFS_Unstable:          0 kB
Bounce:                0 kB
WritebackTmp:          0 kB
CommitLimit:     2172840 kB
Committed_AS:   93176236 kB
VmallocTotal:   251658176 kB
VmallocUsed:      137264 kB
VmallocChunk:   251410476 kB
Time pass: 119 sec

---2015-12-05 14:07:44
MemTotal:        2905316 kB
MemFree:          123320 kB
Buffers:           27164 kB
Cached:           997136 kB
SwapCached:            0 kB
Active:          1275212 kB
Inactive:         702432 kB
Active(anon):     788940 kB
Inactive(anon):   210012 kB
Active(file):     486272 kB
Inactive(file):   492420 kB
Unevictable:       12768 kB
Mlocked:               0 kB
SwapTotal:        720184 kB
SwapFree:         719640 kB
Dirty:               544 kB
Writeback:             0 kB
AnonPages:        966388 kB
Mapped:           671676 kB
Shmem:             32836 kB
Slab:             117736 kB
SReclaimable:      36168 kB
SUnreclaim:        81568 kB
KernelStack:       33456 kB
PageTables:        56812 kB
NFS_Unstable:          0 kB
Bounce:                0 kB
WritebackTmp:          0 kB
CommitLimit:     2172840 kB
Committed_AS:   93179104 kB
VmallocTotal:   251658176 kB
VmallocUsed:      137436 kB
VmallocChunk:   251410476 kB
Time pass: 123 sec

---2015-12-05 14:07:44
MemTotal:        2905316 kB
MemFree:          122096 kB
Buffers:           27164 kB
Cached:           997212 kB
SwapCached:            0 kB
Active:          1275428 kB
Inactive:         702440 kB
Active(anon):     789088 kB
Inactive(anon):   210012 kB
Active(file):     486340 kB
Inactive(file):   492428 kB
Unevictable:       12768 kB
Mlocked:               0 kB
SwapTotal:        720184 kB
SwapFree:         719640 kB
Dirty:                16 kB
Writeback:             0 kB
AnonPages:        966292 kB
Mapped:           673164 kB
Shmem:             32836 kB
Slab:             117580 kB
SReclaimable:      36168 kB
SUnreclaim:        81412 kB
KernelStack:       33440 kB
PageTables:        56716 kB
NFS_Unstable:          0 kB
Bounce:                0 kB
WritebackTmp:          0 kB
CommitLimit:     2172840 kB
Committed_AS:   93179280 kB
VmallocTotal:   251658176 kB
VmallocUsed:      137448 kB
VmallocChunk:   251410476 kB
Time pass: 126 sec

---2015-12-05 14:07:44
MemTotal:        2905316 kB
MemFree:          121680 kB
Buffers:           27172 kB
Cached:           997216 kB
SwapCached:            0 kB
Active:          1275160 kB
Inactive:         702444 kB
Active(anon):     788812 kB
Inactive(anon):   210012 kB
Active(file):     486348 kB
Inactive(file):   492432 kB
Unevictable:       12768 kB
Mlocked:               0 kB
SwapTotal:        720184 kB
SwapFree:         719640 kB
Dirty:                84 kB
Writeback:             0 kB
AnonPages:        965948 kB
Mapped:           673204 kB
Shmem:             32836 kB
Slab:             117580 kB
SReclaimable:      36168 kB
SUnreclaim:        81412 kB
KernelStack:       33456 kB
PageTables:        56684 kB
NFS_Unstable:          0 kB
Bounce:                0 kB
WritebackTmp:          0 kB
CommitLimit:     2172840 kB
Committed_AS:   93179384 kB
VmallocTotal:   251658176 kB
VmallocUsed:      137448 kB
VmallocChunk:   251410476 kB
Time pass: 130 sec

---2015-12-05 14:07:44
MemTotal:        2905316 kB
MemFree:          119488 kB
Buffers:           27180 kB
Cached:           997228 kB
SwapCached:            0 kB
Active:          1275792 kB
Inactive:         702448 kB
Active(anon):     789436 kB
Inactive(anon):   210012 kB
Active(file):     486356 kB
Inactive(file):   492436 kB
Unevictable:       12768 kB
Mlocked:               0 kB
SwapTotal:        720184 kB
SwapFree:         719640 kB
Dirty:                56 kB
Writeback:             0 kB
AnonPages:        966496 kB
Mapped:           673644 kB
Shmem:             32836 kB
Slab:             117572 kB
SReclaimable:      36168 kB
SUnreclaim:        81404 kB
KernelStack:       33456 kB
PageTables:        56704 kB
NFS_Unstable:          0 kB
Bounce:                0 kB
WritebackTmp:          0 kB
CommitLimit:     2172840 kB
Committed_AS:   93179376 kB
VmallocTotal:   251658176 kB
VmallocUsed:      137448 kB
VmallocChunk:   251410476 kB
Time pass: 134 sec

---2015-12-05 14:07:44
MemTotal:        2905316 kB
MemFree:          108756 kB
Buffers:           27204 kB
Cached:           996784 kB
SwapCached:            0 kB
Active:          1286904 kB
Inactive:         701972 kB
Active(anon):     800492 kB
Inactive(anon):   209440 kB
Active(file):     486412 kB
Inactive(file):   492532 kB
Unevictable:       12768 kB
Mlocked:               0 kB
SwapTotal:        720184 kB
SwapFree:         719640 kB
Dirty:               172 kB
Writeback:             0 kB
AnonPages:        977748 kB
Mapped:           676576 kB
Shmem:             32276 kB
Slab:             116972 kB
SReclaimable:      36168 kB
SUnreclaim:        80804 kB
KernelStack:       33616 kB
PageTables:        56236 kB
NFS_Unstable:          0 kB
Bounce:                0 kB
WritebackTmp:          0 kB
CommitLimit:     2172840 kB
Committed_AS:   92932980 kB
VmallocTotal:   251658176 kB
VmallocUsed:      137448 kB
VmallocChunk:   251410476 kB
Time pass: 138 sec

---2015-12-05 14:07:44
MemTotal:        2905316 kB
MemFree:           99000 kB
Buffers:           27236 kB
Cached:           997024 kB
SwapCached:            0 kB
Active:          1297748 kB
Inactive:         701192 kB
Active(anon):     810288 kB
Inactive(anon):   209564 kB
Active(file):     487460 kB
Inactive(file):   491628 kB
Unevictable:       12768 kB
Mlocked:               0 kB
SwapTotal:        720184 kB
SwapFree:         719640 kB
Dirty:                 8 kB
Writeback:             0 kB
AnonPages:        987536 kB
Mapped:           677856 kB
Shmem:             32404 kB
Slab:             117028 kB
SReclaimable:      36168 kB
SUnreclaim:        80860 kB
KernelStack:       33856 kB
PageTables:        56484 kB
NFS_Unstable:          0 kB
Bounce:                0 kB
WritebackTmp:          0 kB
CommitLimit:     2172840 kB
Committed_AS:   92973404 kB
VmallocTotal:   251658176 kB
VmallocUsed:      139896 kB
VmallocChunk:   251410476 kB
Time pass: 141 sec

---2015-12-05 14:07:44
MemTotal:        2905316 kB
MemFree:          100404 kB
Buffers:           27244 kB
Cached:           997088 kB
SwapCached:            0 kB
Active:          1295984 kB
Inactive:         701232 kB
Active(anon):     808492 kB
Inactive(anon):   209592 kB
Active(file):     487492 kB
Inactive(file):   491640 kB
Unevictable:       12768 kB
Mlocked:               0 kB
SwapTotal:        720184 kB
SwapFree:         719640 kB
Dirty:               120 kB
Writeback:             0 kB
AnonPages:        985716 kB
Mapped:           677932 kB
Shmem:             32432 kB
Slab:             117028 kB
SReclaimable:      36168 kB
SUnreclaim:        80860 kB
KernelStack:       33856 kB
PageTables:        56508 kB
NFS_Unstable:          0 kB
Bounce:                0 kB
WritebackTmp:          0 kB
CommitLimit:     2172840 kB
Committed_AS:   92973368 kB
VmallocTotal:   251658176 kB
VmallocUsed:      139896 kB
VmallocChunk:   251410476 kB
Time pass: 145 sec

---2015-12-05 14:07:44
MemTotal:        2905316 kB
MemFree:           99344 kB
Buffers:           27252 kB
Cached:           997136 kB
SwapCached:            0 kB
Active:          1297376 kB
Inactive:         701256 kB
Active(anon):     809852 kB
Inactive(anon):   209596 kB
Active(file):     487524 kB
Inactive(file):   491660 kB
Unevictable:       12768 kB
Mlocked:               0 kB
SwapTotal:        720184 kB
SwapFree:         719640 kB
Dirty:               140 kB
Writeback:             0 kB
AnonPages:        986968 kB
Mapped:           677880 kB
Shmem:             32436 kB
Slab:             117028 kB
SReclaimable:      36168 kB
SUnreclaim:        80860 kB
KernelStack:       33856 kB
PageTables:        56488 kB
NFS_Unstable:          0 kB
Bounce:                0 kB
WritebackTmp:          0 kB
CommitLimit:     2172840 kB
Committed_AS:   92974196 kB
VmallocTotal:   251658176 kB
VmallocUsed:      139896 kB
VmallocChunk:   251410476 kB
Time pass: 149 sec

---2015-12-05 14:07:44
MemTotal:        2905316 kB
MemFree:           97336 kB
Buffers:           27268 kB
Cached:           997216 kB
SwapCached:            0 kB
Active:          1298844 kB
Inactive:         701320 kB
Active(anon):     811292 kB
Inactive(anon):   209612 kB
Active(file):     487552 kB
Inactive(file):   491708 kB
Unevictable:       12768 kB
Mlocked:               0 kB
SwapTotal:        720184 kB
SwapFree:         719640 kB
Dirty:                36 kB
Writeback:             0 kB
AnonPages:        988536 kB
Mapped:           677920 kB
Shmem:             32452 kB
Slab:             117028 kB
SReclaimable:      36168 kB
SUnreclaim:        80860 kB
KernelStack:       33856 kB
PageTables:        56496 kB
NFS_Unstable:          0 kB
Bounce:                0 kB
WritebackTmp:          0 kB
CommitLimit:     2172840 kB
Committed_AS:   92974952 kB
VmallocTotal:   251658176 kB
VmallocUsed:      139896 kB
VmallocChunk:   251410476 kB
Time pass: 153 sec

---2015-12-05 14:07:44
MemTotal:        2905316 kB
MemFree:           96372 kB
Buffers:           27276 kB
Cached:           997276 kB
SwapCached:            0 kB
Active:          1300484 kB
Inactive:         701352 kB
Active(anon):     812892 kB
Inactive(anon):   209612 kB
Active(file):     487592 kB
Inactive(file):   491740 kB
Unevictable:       12768 kB
Mlocked:               0 kB
SwapTotal:        720184 kB
SwapFree:         719640 kB
Dirty:                68 kB
Writeback:             0 kB
AnonPages:        990028 kB
Mapped:           677948 kB
Shmem:             32452 kB
Slab:             116880 kB
SReclaimable:      36168 kB
SUnreclaim:        80712 kB
KernelStack:       33856 kB
PageTables:        56496 kB
NFS_Unstable:          0 kB
Bounce:                0 kB
WritebackTmp:          0 kB
CommitLimit:     2172840 kB
Committed_AS:   92975684 kB
VmallocTotal:   251658176 kB
VmallocUsed:      139896 kB
VmallocChunk:   251410476 kB
Time pass: 157 sec

---2015-12-05 14:07:44
MemTotal:        2905316 kB
MemFree:           94740 kB
Buffers:           27284 kB
Cached:           997308 kB
SwapCached:            0 kB
Active:          1301804 kB
Inactive:         701364 kB
Active(anon):     814184 kB
Inactive(anon):   209612 kB
Active(file):     487620 kB
Inactive(file):   491752 kB
Unevictable:       12768 kB
Mlocked:               0 kB
SwapTotal:        720184 kB
SwapFree:         719640 kB
Dirty:                 8 kB
Writeback:             0 kB
AnonPages:        991464 kB
Mapped:           677968 kB
Shmem:             32452 kB
Slab:             116872 kB
SReclaimable:      36168 kB
SUnreclaim:        80704 kB
KernelStack:       33808 kB
PageTables:        56480 kB
NFS_Unstable:          0 kB
Bounce:                0 kB
WritebackTmp:          0 kB
CommitLimit:     2172840 kB
Committed_AS:   92977180 kB
VmallocTotal:   251658176 kB
VmallocUsed:      139896 kB
VmallocChunk:   251410476 kB
Time pass: 160 sec

---2015-12-05 14:07:44
MemTotal:        2905316 kB
MemFree:           93296 kB
Buffers:           27300 kB
Cached:           997368 kB
SwapCached:            0 kB
Active:          1303312 kB
Inactive:         701416 kB
Active(anon):     815672 kB
Inactive(anon):   209612 kB
Active(file):     487640 kB
Inactive(file):   491804 kB
Unevictable:       12768 kB
Mlocked:               0 kB
SwapTotal:        720184 kB
SwapFree:         719640 kB
Dirty:               136 kB
Writeback:             0 kB
AnonPages:        992780 kB
Mapped:           677968 kB
Shmem:             32452 kB
Slab:             116872 kB
SReclaimable:      36168 kB
SUnreclaim:        80704 kB
KernelStack:       33840 kB
PageTables:        56500 kB
NFS_Unstable:          0 kB
Bounce:                0 kB
WritebackTmp:          0 kB
CommitLimit:     2172840 kB
Committed_AS:   92977948 kB
VmallocTotal:   251658176 kB
VmallocUsed:      139896 kB
VmallocChunk:   251410476 kB
Time pass: 164 sec

---2015-12-05 14:07:44
MemTotal:        2905316 kB
MemFree:           91296 kB
Buffers:           27308 kB
Cached:           997484 kB
SwapCached:            0 kB
Active:          1304784 kB
Inactive:         701504 kB
Active(anon):     817116 kB
Inactive(anon):   209652 kB
Active(file):     487668 kB
Inactive(file):   491852 kB
Unevictable:       12768 kB
Mlocked:               0 kB
SwapTotal:        720184 kB
SwapFree:         719640 kB
Dirty:               124 kB
Writeback:             0 kB
AnonPages:        994232 kB
Mapped:           678032 kB
Shmem:             32504 kB
Slab:             116872 kB
SReclaimable:      36168 kB
SUnreclaim:        80704 kB
KernelStack:       33840 kB
PageTables:        56536 kB
NFS_Unstable:          0 kB
Bounce:                0 kB
WritebackTmp:          0 kB
CommitLimit:     2172840 kB
Committed_AS:   93005316 kB
VmallocTotal:   251658176 kB
VmallocUsed:      139896 kB
VmallocChunk:   251410476 kB
Time pass: 168 sec

---2015-12-05 14:07:44
MemTotal:        2905316 kB
MemFree:           91396 kB
Buffers:           27316 kB
Cached:           997516 kB
SwapCached:            0 kB
Active:          1304724 kB
Inactive:         701524 kB
Active(anon):     817032 kB
Inactive(anon):   209676 kB
Active(file):     487692 kB
Inactive(file):   491848 kB
Unevictable:       12768 kB
Mlocked:               0 kB
SwapTotal:        720184 kB
SwapFree:         719640 kB
Dirty:                24 kB
Writeback:             0 kB
AnonPages:        994164 kB
Mapped:           678052 kB
Shmem:             32516 kB
Slab:             116872 kB
SReclaimable:      36168 kB
SUnreclaim:        80704 kB
KernelStack:       33840 kB
PageTables:        56552 kB
NFS_Unstable:          0 kB
Bounce:                0 kB
WritebackTmp:          0 kB
CommitLimit:     2172840 kB
Committed_AS:   93006120 kB
VmallocTotal:   251658176 kB
VmallocUsed:      139896 kB
VmallocChunk:   251410476 kB
Time pass: 172 sec

---2015-12-05 14:07:44
MemTotal:        2905316 kB
MemFree:           90340 kB
Buffers:           27332 kB
Cached:           997576 kB
SwapCached:            0 kB
Active:          1305408 kB
Inactive:         701568 kB
Active(anon):     817680 kB
Inactive(anon):   209672 kB
Active(file):     487728 kB
Inactive(file):   491896 kB
Unevictable:       12768 kB
Mlocked:               0 kB
SwapTotal:        720184 kB
SwapFree:         719640 kB
Dirty:                16 kB
Writeback:             0 kB
AnonPages:        994920 kB
Mapped:           678056 kB
Shmem:             32516 kB
Slab:             116872 kB
SReclaimable:      36168 kB
SUnreclaim:        80704 kB
KernelStack:       33840 kB
PageTables:        56552 kB
NFS_Unstable:          0 kB
Bounce:                0 kB
WritebackTmp:          0 kB
CommitLimit:     2172840 kB
Committed_AS:   93006120 kB
VmallocTotal:   251658176 kB
VmallocUsed:      139896 kB
VmallocChunk:   251410476 kB
Time pass: 176 sec

---2015-12-05 14:07:44
MemTotal:        2905316 kB
MemFree:           90076 kB
Buffers:           27340 kB
Cached:           997580 kB
SwapCached:            0 kB
Active:          1305424 kB
Inactive:         701564 kB
Active(anon):     817680 kB
Inactive(anon):   209672 kB
Active(file):     487744 kB
Inactive(file):   491892 kB
Unevictable:       12768 kB
Mlocked:               0 kB
SwapTotal:        720184 kB
SwapFree:         719640 kB
Dirty:                84 kB
Writeback:             0 kB
AnonPages:        994792 kB
Mapped:           678064 kB
Shmem:             32516 kB
Slab:             116868 kB
SReclaimable:      36168 kB
SUnreclaim:        80700 kB
KernelStack:       33824 kB
PageTables:        56552 kB
NFS_Unstable:          0 kB
Bounce:                0 kB
WritebackTmp:          0 kB
CommitLimit:     2172840 kB
Committed_AS:   93006104 kB
VmallocTotal:   251658176 kB
VmallocUsed:      139896 kB
VmallocChunk:   251410476 kB
Time pass: 179 sec

---2015-12-05 14:07:44
MemTotal:        2905316 kB
MemFree:           87688 kB
Buffers:           27340 kB
Cached:           997616 kB
SwapCached:            0 kB
Active:          1308312 kB
Inactive:         701572 kB
Active(anon):     820544 kB
Inactive(anon):   209672 kB
Active(file):     487768 kB
Inactive(file):   491900 kB
Unevictable:       12768 kB
Mlocked:               0 kB
SwapTotal:        720184 kB
SwapFree:         719640 kB
Dirty:                92 kB
Writeback:             0 kB
AnonPages:        997696 kB
Mapped:           678716 kB
Shmem:             32516 kB
Slab:             116864 kB
SReclaimable:      36168 kB
SUnreclaim:        80696 kB
KernelStack:       33920 kB
PageTables:        57056 kB
NFS_Unstable:          0 kB
Bounce:                0 kB
WritebackTmp:          0 kB
CommitLimit:     2172840 kB
Committed_AS:   93734192 kB
VmallocTotal:   251658176 kB
VmallocUsed:      140916 kB
VmallocChunk:   251410476 kB
Time pass: 183 sec

---2015-12-05 14:07:44
MemTotal:        2905316 kB
MemFree:           86348 kB
Buffers:           27364 kB
Cached:           997692 kB
SwapCached:            0 kB
Active:          1309092 kB
Inactive:         701644 kB
Active(anon):     821292 kB
Inactive(anon):   209696 kB
Active(file):     487800 kB
Inactive(file):   491948 kB
Unevictable:       12768 kB
Mlocked:               0 kB
SwapTotal:        720184 kB
SwapFree:         719640 kB
Dirty:               120 kB
Writeback:             0 kB
AnonPages:        998552 kB
Mapped:           678752 kB
Shmem:             32540 kB
Slab:             116880 kB
SReclaimable:      36184 kB
SUnreclaim:        80696 kB
KernelStack:       33936 kB
PageTables:        57056 kB
NFS_Unstable:          0 kB
Bounce:                0 kB
WritebackTmp:          0 kB
CommitLimit:     2172840 kB
Committed_AS:   93734256 kB
VmallocTotal:   251658176 kB
VmallocUsed:      140916 kB
VmallocChunk:   251410476 kB
Time pass: 187 sec

---2015-12-05 14:07:44
MemTotal:        2905316 kB
MemFree:           85672 kB
Buffers:           27372 kB
Cached:           997712 kB
SwapCached:            0 kB
Active:          1309480 kB
Inactive:         701644 kB
Active(anon):     821656 kB
Inactive(anon):   209696 kB
Active(file):     487824 kB
Inactive(file):   491948 kB
Unevictable:       12768 kB
Mlocked:               0 kB
SwapTotal:        720184 kB
SwapFree:         719640 kB
Dirty:                 8 kB
Writeback:             0 kB
AnonPages:        998844 kB
Mapped:           678856 kB
Shmem:             32540 kB
Slab:             116880 kB
SReclaimable:      36184 kB
SUnreclaim:        80696 kB
KernelStack:       33936 kB
PageTables:        57100 kB
NFS_Unstable:          0 kB
Bounce:                0 kB
WritebackTmp:          0 kB
CommitLimit:     2172840 kB
Committed_AS:   93734524 kB
VmallocTotal:   251658176 kB
VmallocUsed:      140916 kB
VmallocChunk:   251410476 kB
Time pass: 191 sec

---2015-12-05 14:07:44
MemTotal:        2905316 kB
MemFree:           85604 kB
Buffers:           27372 kB
Cached:           997752 kB
SwapCached:            0 kB
Active:          1309496 kB
Inactive:         701656 kB
Active(anon):     821644 kB
Inactive(anon):   209700 kB
Active(file):     487852 kB
Inactive(file):   491956 kB
Unevictable:       12768 kB
Mlocked:               0 kB
SwapTotal:        720184 kB
SwapFree:         719640 kB
Dirty:                96 kB
Writeback:             0 kB
AnonPages:        998848 kB
Mapped:           678876 kB
Shmem:             32544 kB
Slab:             116880 kB
SReclaimable:      36184 kB
SUnreclaim:        80696 kB
KernelStack:       33856 kB
PageTables:        57100 kB
NFS_Unstable:          0 kB
Bounce:                0 kB
WritebackTmp:          0 kB
CommitLimit:     2172840 kB
Committed_AS:   93734460 kB
VmallocTotal:   251658176 kB
VmallocUsed:      140916 kB
VmallocChunk:   251410476 kB
Time pass: 195 sec

---2015-12-05 14:07:44
MemTotal:        2905316 kB
MemFree:           84968 kB
Buffers:           27396 kB
Cached:           997804 kB
SwapCached:            0 kB
Active:          1310296 kB
Inactive:         701704 kB
Active(anon):     822424 kB
Inactive(anon):   209740 kB
Active(file):     487872 kB
Inactive(file):   491964 kB
Unevictable:       12768 kB
Mlocked:               0 kB
SwapTotal:        720184 kB
SwapFree:         719640 kB
Dirty:                52 kB
Writeback:             0 kB
AnonPages:        999628 kB
Mapped:           678876 kB
Shmem:             32592 kB
Slab:             116880 kB
SReclaimable:      36184 kB
SUnreclaim:        80696 kB
KernelStack:       33920 kB
PageTables:        57116 kB
NFS_Unstable:          0 kB
Bounce:                0 kB
WritebackTmp:          0 kB
CommitLimit:     2172840 kB
Committed_AS:   93761100 kB
VmallocTotal:   251658176 kB
VmallocUsed:      140916 kB
VmallocChunk:   251410476 kB
Time pass: 198 sec

---2015-12-05 14:07:44
MemTotal:        2905316 kB
MemFree:           84364 kB
Buffers:           27396 kB
Cached:           997884 kB
SwapCached:            0 kB
Active:          1310664 kB
Inactive:         701764 kB
Active(anon):     822760 kB
Inactive(anon):   209760 kB
Active(file):     487904 kB
Inactive(file):   492004 kB
Unevictable:       12768 kB
Mlocked:               0 kB
SwapTotal:        720184 kB
SwapFree:         719640 kB
Dirty:                12 kB
Writeback:             0 kB
AnonPages:        999796 kB
Mapped:           678988 kB
Shmem:             32604 kB
Slab:             116880 kB
SReclaimable:      36184 kB
SUnreclaim:        80696 kB
KernelStack:       33888 kB
PageTables:        57168 kB
NFS_Unstable:          0 kB
Bounce:                0 kB
WritebackTmp:          0 kB
CommitLimit:     2172840 kB
Committed_AS:   93761088 kB
VmallocTotal:   251658176 kB
VmallocUsed:      140916 kB
VmallocChunk:   251410476 kB
Time pass: 202 sec

---2015-12-05 14:07:44
MemTotal:        2905316 kB
MemFree:           83952 kB
Buffers:           27404 kB
Cached:           997916 kB
SwapCached:            0 kB
Active:          1310648 kB
Inactive:         701776 kB
Active(anon):     822716 kB
Inactive(anon):   209760 kB
Active(file):     487932 kB
Inactive(file):   492016 kB
Unevictable:       12768 kB
Mlocked:               0 kB
SwapTotal:        720184 kB
SwapFree:         719640 kB
Dirty:                 8 kB
Writeback:             0 kB
AnonPages:        999980 kB
Mapped:           678912 kB
Shmem:             32604 kB
Slab:             116880 kB
SReclaimable:      36184 kB
SUnreclaim:        80696 kB
KernelStack:       33904 kB
PageTables:        57128 kB
NFS_Unstable:          0 kB
Bounce:                0 kB
WritebackTmp:          0 kB
CommitLimit:     2172840 kB
Committed_AS:   93761032 kB
VmallocTotal:   251658176 kB
VmallocUsed:      140916 kB
VmallocChunk:   251410476 kB
Time pass: 206 sec

---2015-12-05 14:07:44
MemTotal:        2905316 kB
MemFree:           83648 kB
Buffers:           27428 kB
Cached:           997928 kB
SwapCached:            0 kB
Active:          1311308 kB
Inactive:         701788 kB
Active(anon):     823352 kB
Inactive(anon):   209760 kB
Active(file):     487956 kB
Inactive(file):   492028 kB
Unevictable:       12768 kB
Mlocked:               0 kB
SwapTotal:        720184 kB
SwapFree:         719640 kB
Dirty:                60 kB
Writeback:             0 kB
AnonPages:       1000632 kB
Mapped:           678920 kB
Shmem:             32604 kB
Slab:             116880 kB
SReclaimable:      36184 kB
SUnreclaim:        80696 kB
KernelStack:       33920 kB
PageTables:        57124 kB
NFS_Unstable:          0 kB
Bounce:                0 kB
WritebackTmp:          0 kB
CommitLimit:     2172840 kB
Committed_AS:   93761112 kB
VmallocTotal:   251658176 kB
VmallocUsed:      140916 kB
VmallocChunk:   251410476 kB
Time pass: 210 sec

---2015-12-05 14:07:44
MemTotal:        2905316 kB
MemFree:           82780 kB
Buffers:           27428 kB
Cached:           998012 kB
SwapCached:            0 kB
Active:          1312068 kB
Inactive:         701820 kB
Active(anon):     824060 kB
Inactive(anon):   209760 kB
Active(file):     488008 kB
Inactive(file):   492060 kB
Unevictable:       12768 kB
Mlocked:               0 kB
SwapTotal:        720184 kB
SwapFree:         719640 kB
Dirty:                48 kB
Writeback:             0 kB
AnonPages:       1001420 kB
Mapped:           678940 kB
Shmem:             32604 kB
Slab:             116880 kB
SReclaimable:      36184 kB
SUnreclaim:        80696 kB
KernelStack:       33920 kB
PageTables:        57120 kB
NFS_Unstable:          0 kB
Bounce:                0 kB
WritebackTmp:          0 kB
CommitLimit:     2172840 kB
Committed_AS:   93761164 kB
VmallocTotal:   251658176 kB
VmallocUsed:      140916 kB
VmallocChunk:   251410476 kB
Time pass: 214 sec

---2015-12-05 14:07:44
MemTotal:        2905316 kB
MemFree:           75752 kB
Buffers:           27444 kB
Cached:           998460 kB
SwapCached:            0 kB
Active:          1314436 kB
Inactive:         702108 kB
Active(anon):     826252 kB
Inactive(anon):   209760 kB
Active(file):     488184 kB
Inactive(file):   492348 kB
Unevictable:       12768 kB
Mlocked:               0 kB
SwapTotal:        720184 kB
SwapFree:         719640 kB
Dirty:                92 kB
Writeback:             0 kB
AnonPages:       1003488 kB
Mapped:           679120 kB
Shmem:             32604 kB
Slab:             120592 kB
SReclaimable:      39616 kB
SUnreclaim:        80976 kB
KernelStack:       34000 kB
PageTables:        57232 kB
NFS_Unstable:          0 kB
Bounce:                0 kB
WritebackTmp:          0 kB
CommitLimit:     2172840 kB
Committed_AS:   93772728 kB
VmallocTotal:   251658176 kB
VmallocUsed:      141936 kB
VmallocChunk:   251410476 kB
Time pass: 217 sec

---2015-12-05 14:07:44
MemTotal:        2905316 kB
MemFree:           76152 kB
Buffers:           27452 kB
Cached:           998840 kB
SwapCached:            0 kB
Active:          1313460 kB
Inactive:         702432 kB
Active(anon):     825232 kB
Inactive(anon):   209760 kB
Active(file):     488228 kB
Inactive(file):   492672 kB
Unevictable:       12768 kB
Mlocked:               0 kB
SwapTotal:        720184 kB
SwapFree:         719640 kB
Dirty:                 4 kB
Writeback:             0 kB
AnonPages:       1002568 kB
Mapped:           679228 kB
Shmem:             32604 kB
Slab:             121044 kB
SReclaimable:      40040 kB
SUnreclaim:        81004 kB
KernelStack:       33968 kB
PageTables:        57204 kB
NFS_Unstable:          0 kB
Bounce:                0 kB
WritebackTmp:          0 kB
CommitLimit:     2172840 kB
Committed_AS:   93767596 kB
VmallocTotal:   251658176 kB
VmallocUsed:      140916 kB
VmallocChunk:   251410476 kB
Time pass: 221 sec

---2015-12-05 14:07:44
MemTotal:        2905316 kB
MemFree:           76704 kB
Buffers:           27476 kB
Cached:           998896 kB
SwapCached:            0 kB
Active:          1313244 kB
Inactive:         702488 kB
Active(anon):     824980 kB
Inactive(anon):   209760 kB
Active(file):     488264 kB
Inactive(file):   492728 kB
Unevictable:       12768 kB
Mlocked:               0 kB
SwapTotal:        720184 kB
SwapFree:         719640 kB
Dirty:               188 kB
Writeback:             0 kB
AnonPages:       1001980 kB
Mapped:           679228 kB
Shmem:             32604 kB
Slab:             121108 kB
SReclaimable:      40072 kB
SUnreclaim:        81036 kB
KernelStack:       33920 kB
PageTables:        57156 kB
NFS_Unstable:          0 kB
Bounce:                0 kB
WritebackTmp:          0 kB
CommitLimit:     2172840 kB
Committed_AS:   93761684 kB
VmallocTotal:   251658176 kB
VmallocUsed:      140916 kB
VmallocChunk:   251410476 kB
Time pass: 225 sec

---2015-12-05 14:07:44
MemTotal:        2905316 kB
MemFree:           75964 kB
Buffers:           27476 kB
Cached:           998980 kB
SwapCached:            0 kB
Active:          1314040 kB
Inactive:         702548 kB
Active(anon):     825744 kB
Inactive(anon):   209820 kB
Active(file):     488296 kB
Inactive(file):   492728 kB
Unevictable:       12768 kB
Mlocked:               0 kB
SwapTotal:        720184 kB
SwapFree:         719640 kB
Dirty:                20 kB
Writeback:             0 kB
AnonPages:       1002904 kB
Mapped:           679288 kB
Shmem:             32664 kB
Slab:             121084 kB
SReclaimable:      40072 kB
SUnreclaim:        81012 kB
KernelStack:       33872 kB
PageTables:        57216 kB
NFS_Unstable:          0 kB
Bounce:                0 kB
WritebackTmp:          0 kB
CommitLimit:     2172840 kB
Committed_AS:   93788320 kB
VmallocTotal:   251658176 kB
VmallocUsed:      140916 kB
VmallocChunk:   251410476 kB
Time pass: 228 sec

---2015-12-05 14:07:44
MemTotal:        2905316 kB
MemFree:           75672 kB
Buffers:           27484 kB
Cached:           999000 kB
SwapCached:            0 kB
Active:          1314216 kB
Inactive:         702552 kB
Active(anon):     825896 kB
Inactive(anon):   209820 kB
Active(file):     488320 kB
Inactive(file):   492732 kB
Unevictable:       12768 kB
Mlocked:               0 kB
SwapTotal:        720184 kB
SwapFree:         719640 kB
Dirty:                80 kB
Writeback:             0 kB
AnonPages:       1003044 kB
Mapped:           679296 kB
Shmem:             32664 kB
Slab:             121072 kB
SReclaimable:      40072 kB
SUnreclaim:        81000 kB
KernelStack:       33872 kB
PageTables:        57180 kB
NFS_Unstable:          0 kB
Bounce:                0 kB
WritebackTmp:          0 kB
CommitLimit:     2172840 kB
Committed_AS:   93788332 kB
VmallocTotal:   251658176 kB
VmallocUsed:      140916 kB
VmallocChunk:   251410476 kB
Time pass: 232 sec

---2015-12-05 14:07:44
MemTotal:        2905316 kB
MemFree:           74432 kB
Buffers:           27500 kB
Cached:           999052 kB
SwapCached:            0 kB
Active:          1315304 kB
Inactive:         702592 kB
Active(anon):     826956 kB
Inactive(anon):   209820 kB
Active(file):     488348 kB
Inactive(file):   492772 kB
Unevictable:       12768 kB
Mlocked:               0 kB
SwapTotal:        720184 kB
SwapFree:         719640 kB
Dirty:                12 kB
Writeback:             0 kB
AnonPages:       1004120 kB
Mapped:           679360 kB
Shmem:             32664 kB
Slab:             121080 kB
SReclaimable:      40076 kB
SUnreclaim:        81004 kB
KernelStack:       33856 kB
PageTables:        57204 kB
NFS_Unstable:          0 kB
Bounce:                0 kB
WritebackTmp:          0 kB
CommitLimit:     2172840 kB
Committed_AS:   93788344 kB
VmallocTotal:   251658176 kB
VmallocUsed:      140916 kB
VmallocChunk:   251410476 kB
Time pass: 236 sec

---2015-12-05 14:07:44
MemTotal:        2905316 kB
MemFree:           74248 kB
Buffers:           27508 kB
Cached:           999080 kB
SwapCached:            0 kB
Active:          1315632 kB
Inactive:         702608 kB
Active(anon):     827264 kB
Inactive(anon):   209820 kB
Active(file):     488368 kB
Inactive(file):   492788 kB
Unevictable:       12768 kB
Mlocked:               0 kB
SwapTotal:        720184 kB
SwapFree:         719640 kB
Dirty:               104 kB
Writeback:             0 kB
AnonPages:       1004284 kB
Mapped:           679372 kB
Shmem:             32664 kB
Slab:             121088 kB
SReclaimable:      40076 kB
SUnreclaim:        81012 kB
KernelStack:       33856 kB
PageTables:        57204 kB
NFS_Unstable:          0 kB
Bounce:                0 kB
WritebackTmp:          0 kB
CommitLimit:     2172840 kB
Committed_AS:   93788308 kB
VmallocTotal:   251658176 kB
VmallocUsed:      140916 kB
VmallocChunk:   251410476 kB
Time pass: 240 sec

---2015-12-05 14:07:44
MemTotal:        2905316 kB
MemFree:           73784 kB
Buffers:           27516 kB
Cached:           999108 kB
SwapCached:            0 kB
Active:          1315868 kB
Inactive:         702620 kB
Active(anon):     827476 kB
Inactive(anon):   209820 kB
Active(file):     488392 kB
Inactive(file):   492800 kB
Unevictable:       12768 kB
Mlocked:               0 kB
SwapTotal:        720184 kB
SwapFree:         719640 kB
Dirty:               104 kB
Writeback:             0 kB
AnonPages:       1004492 kB
Mapped:           679372 kB
Shmem:             32664 kB
Slab:             121092 kB
SReclaimable:      40084 kB
SUnreclaim:        81008 kB
KernelStack:       33856 kB
PageTables:        57200 kB
NFS_Unstable:          0 kB
Bounce:                0 kB
WritebackTmp:          0 kB
CommitLimit:     2172840 kB
Committed_AS:   93788320 kB
VmallocTotal:   251658176 kB
VmallocUsed:      140916 kB
VmallocChunk:   251410476 kB
Time pass: 244 sec

---2015-12-05 14:07:44
MemTotal:        2905316 kB
MemFree:           72748 kB
Buffers:           27532 kB
Cached:           999156 kB
SwapCached:            0 kB
Active:          1316652 kB
Inactive:         702664 kB
Active(anon):     828240 kB
Inactive(anon):   209820 kB
Active(file):     488412 kB
Inactive(file):   492844 kB
Unevictable:       12768 kB
Mlocked:               0 kB
SwapTotal:        720184 kB
SwapFree:         719640 kB
Dirty:               128 kB
Writeback:             0 kB
AnonPages:       1005344 kB
Mapped:           679372 kB
Shmem:             32664 kB
Slab:             121092 kB
SReclaimable:      40084 kB
SUnreclaim:        81008 kB
KernelStack:       33856 kB
PageTables:        57200 kB
NFS_Unstable:          0 kB
Bounce:                0 kB
WritebackTmp:          0 kB
CommitLimit:     2172840 kB
Committed_AS:   93788320 kB
VmallocTotal:   251658176 kB
VmallocUsed:      140916 kB
VmallocChunk:   251410476 kB
Time pass: 247 sec

---2015-12-05 14:07:44
MemTotal:        2905316 kB
MemFree:           72536 kB
Buffers:           27540 kB
Cached:           999180 kB
SwapCached:            0 kB
Active:          1317136 kB
Inactive:         702668 kB
Active(anon):     828696 kB
Inactive(anon):   209820 kB
Active(file):     488440 kB
Inactive(file):   492848 kB
Unevictable:       12768 kB
Mlocked:               0 kB
SwapTotal:        720184 kB
SwapFree:         719640 kB
Dirty:                 4 kB
Writeback:             0 kB
AnonPages:       1005788 kB
Mapped:           679348 kB
Shmem:             32664 kB
Slab:             121092 kB
SReclaimable:      40084 kB
SUnreclaim:        81008 kB
KernelStack:       33856 kB
PageTables:        57180 kB
NFS_Unstable:          0 kB
Bounce:                0 kB
WritebackTmp:          0 kB
CommitLimit:     2172840 kB
Committed_AS:   93788320 kB
VmallocTotal:   251658176 kB
VmallocUsed:      140916 kB
VmallocChunk:   251410476 kB
Time pass: 251 sec

---2015-12-05 14:07:44
MemTotal:        2905316 kB
MemFree:           72800 kB
Buffers:           27540 kB
Cached:           999204 kB
SwapCached:            0 kB
Active:          1317224 kB
Inactive:         702672 kB
Active(anon):     828764 kB
Inactive(anon):   209820 kB
Active(file):     488460 kB
Inactive(file):   492852 kB
Unevictable:       12768 kB
Mlocked:               0 kB
SwapTotal:        720184 kB
SwapFree:         719640 kB
Dirty:                72 kB
Writeback:             0 kB
AnonPages:       1005984 kB
Mapped:           679352 kB
Shmem:             32664 kB
Slab:             121096 kB
SReclaimable:      40088 kB
SUnreclaim:        81008 kB
KernelStack:       33824 kB
PageTables:        57180 kB
NFS_Unstable:          0 kB
Bounce:                0 kB
WritebackTmp:          0 kB
CommitLimit:     2172840 kB
Committed_AS:   93788296 kB
VmallocTotal:   251658176 kB
VmallocUsed:      140916 kB
VmallocChunk:   251410476 kB
Time pass: 255 sec

---2015-12-05 14:07:44
MemTotal:        2905316 kB
MemFree:           71316 kB
Buffers:           27564 kB
Cached:           999316 kB
SwapCached:            0 kB
Active:          1318524 kB
Inactive:         702780 kB
Active(anon):     830036 kB
Inactive(anon):   209880 kB
Active(file):     488488 kB
Inactive(file):   492900 kB
Unevictable:       12768 kB
Mlocked:               0 kB
SwapTotal:        720184 kB
SwapFree:         719640 kB
Dirty:               124 kB
Writeback:             0 kB
AnonPages:       1007292 kB
Mapped:           679416 kB
Shmem:             32724 kB
Slab:             121108 kB
SReclaimable:      40092 kB
SUnreclaim:        81016 kB
KernelStack:       33824 kB
PageTables:        57228 kB
NFS_Unstable:          0 kB
Bounce:                0 kB
WritebackTmp:          0 kB
CommitLimit:     2172840 kB
Committed_AS:   93814920 kB
VmallocTotal:   251658176 kB
VmallocUsed:      140916 kB
VmallocChunk:   251410476 kB
Time pass: 259 sec

---2015-12-05 14:07:44
MemTotal:        2905316 kB
MemFree:           69832 kB
Buffers:           27564 kB
Cached:           999376 kB
SwapCached:            0 kB
Active:          1319924 kB
Inactive:         702816 kB
Active(anon):     831412 kB
Inactive(anon):   209880 kB
Active(file):     488512 kB
Inactive(file):   492936 kB
Unevictable:       12768 kB
Mlocked:               0 kB
SwapTotal:        720184 kB
SwapFree:         719640 kB
Dirty:                60 kB
Writeback:             0 kB
AnonPages:       1008380 kB
Mapped:           679484 kB
Shmem:             32724 kB
Slab:             121080 kB
SReclaimable:      40096 kB
SUnreclaim:        80984 kB
KernelStack:       33792 kB
PageTables:        57236 kB
NFS_Unstable:          0 kB
Bounce:                0 kB
WritebackTmp:          0 kB
CommitLimit:     2172840 kB
Committed_AS:   93814836 kB
VmallocTotal:   251658176 kB
VmallocUsed:      140916 kB
VmallocChunk:   251410476 kB
Time pass: 262 sec

---2015-12-05 14:07:44
MemTotal:        2905316 kB
MemFree:           69268 kB
Buffers:           27572 kB
Cached:           999404 kB
SwapCached:            0 kB
Active:          1320368 kB
Inactive:         702820 kB
Active(anon):     831824 kB
Inactive(anon):   209880 kB
Active(file):     488544 kB
Inactive(file):   492940 kB
Unevictable:       12768 kB
Mlocked:               0 kB
SwapTotal:        720184 kB
SwapFree:         719640 kB
Dirty:                 4 kB
Writeback:             0 kB
AnonPages:       1009056 kB
Mapped:           679496 kB
Shmem:             32724 kB
Slab:             121080 kB
SReclaimable:      40096 kB
SUnreclaim:        80984 kB
KernelStack:       33840 kB
PageTables:        57252 kB
NFS_Unstable:          0 kB
Bounce:                0 kB
WritebackTmp:          0 kB
CommitLimit:     2172840 kB
Committed_AS:   93814944 kB
VmallocTotal:   251658176 kB
VmallocUsed:      140916 kB
VmallocChunk:   251410476 kB
Time pass: 266 sec

---2015-12-05 14:07:44
MemTotal:        2905316 kB
MemFree:           68096 kB
Buffers:           27596 kB
Cached:           999420 kB
SwapCached:            0 kB
Active:          1321408 kB
Inactive:         702828 kB
Active(anon):     832840 kB
Inactive(anon):   209880 kB
Active(file):     488568 kB
Inactive(file):   492948 kB
Unevictable:       12768 kB
Mlocked:               0 kB
SwapTotal:        720184 kB
SwapFree:         719640 kB
Dirty:                68 kB
Writeback:             0 kB
AnonPages:       1010048 kB
Mapped:           679504 kB
Shmem:             32724 kB
Slab:             121080 kB
SReclaimable:      40096 kB
SUnreclaim:        80984 kB
KernelStack:       33840 kB
PageTables:        57252 kB
NFS_Unstable:          0 kB
Bounce:                0 kB
WritebackTmp:          0 kB
CommitLimit:     2172840 kB
Committed_AS:   93814932 kB
VmallocTotal:   251658176 kB
VmallocUsed:      140916 kB
VmallocChunk:   251410476 kB
Time pass: 270 sec

---2015-12-05 14:07:44
MemTotal:        2905316 kB
MemFree:           66684 kB
Buffers:           27596 kB
Cached:           999528 kB
SwapCached:            0 kB
Active:          1322596 kB
Inactive:         702888 kB
Active(anon):     833976 kB
Inactive(anon):   209880 kB
Active(file):     488620 kB
Inactive(file):   493008 kB
Unevictable:       12768 kB
Mlocked:               0 kB
SwapTotal:        720184 kB
SwapFree:         719640 kB
Dirty:                76 kB
Writeback:             0 kB
AnonPages:       1011312 kB
Mapped:           679528 kB
Shmem:             32724 kB
Slab:             121068 kB
SReclaimable:      40084 kB
SUnreclaim:        80984 kB
KernelStack:       33760 kB
PageTables:        57252 kB
NFS_Unstable:          0 kB
Bounce:                0 kB
WritebackTmp:          0 kB
CommitLimit:     2172840 kB
Committed_AS:   93814876 kB
VmallocTotal:   251658176 kB
VmallocUsed:      140916 kB
VmallocChunk:   251410476 kB
Time pass: 274 sec

---2015-12-05 14:07:44
MemTotal:        2905316 kB
MemFree:           66536 kB
Buffers:           27604 kB
Cached:           999552 kB
SwapCached:            0 kB
Active:          1322900 kB
Inactive:         702896 kB
Active(anon):     834252 kB
Inactive(anon):   209880 kB
Active(file):     488648 kB
Inactive(file):   493016 kB
Unevictable:       12768 kB
Mlocked:               0 kB
SwapTotal:        720184 kB
SwapFree:         719640 kB
Dirty:                76 kB
Writeback:             0 kB
AnonPages:       1011616 kB
Mapped:           679540 kB
Shmem:             32724 kB
Slab:             121068 kB
SReclaimable:      40084 kB
SUnreclaim:        80984 kB
KernelStack:       33776 kB
PageTables:        57252 kB
NFS_Unstable:          0 kB
Bounce:                0 kB
WritebackTmp:          0 kB
CommitLimit:     2172840 kB
Committed_AS:   93814824 kB
VmallocTotal:   251658176 kB
VmallocUsed:      140916 kB
VmallocChunk:   251410476 kB
Time pass: 278 sec

---2015-12-05 14:07:44
MemTotal:        2905316 kB
MemFree:           71412 kB
Buffers:           27620 kB
Cached:           999580 kB
SwapCached:            0 kB
Active:          1318528 kB
Inactive:         702920 kB
Active(anon):     829860 kB
Inactive(anon):   209884 kB
Active(file):     488668 kB
Inactive(file):   493036 kB
Unevictable:       12768 kB
Mlocked:               0 kB
SwapTotal:        720184 kB
SwapFree:         719640 kB
Dirty:                 0 kB
Writeback:            44 kB
AnonPages:       1006740 kB
Mapped:           679512 kB
Shmem:             32728 kB
Slab:             121068 kB
SReclaimable:      40084 kB
SUnreclaim:        80984 kB
KernelStack:       33776 kB
PageTables:        57260 kB
NFS_Unstable:          0 kB
Bounce:                0 kB
WritebackTmp:          0 kB
CommitLimit:     2172840 kB
Committed_AS:   93814872 kB
VmallocTotal:   251658176 kB
VmallocUsed:      140916 kB
VmallocChunk:   251410476 kB
Time pass: 281 sec

---2015-12-05 14:07:44
MemTotal:        2905316 kB
MemFree:           76440 kB
Buffers:           27636 kB
Cached:           999632 kB
SwapCached:            0 kB
Active:          1312832 kB
Inactive:         702960 kB
Active(anon):     824136 kB
Inactive(anon):   209884 kB
Active(file):     488696 kB
Inactive(file):   493076 kB
Unevictable:       12768 kB
Mlocked:               0 kB
SwapTotal:        720184 kB
SwapFree:         719640 kB
Dirty:               132 kB
Writeback:             0 kB
AnonPages:       1001344 kB
Mapped:           679516 kB
Shmem:             32728 kB
Slab:             121072 kB
SReclaimable:      40088 kB
SUnreclaim:        80984 kB
KernelStack:       33760 kB
PageTables:        57224 kB
NFS_Unstable:          0 kB
Bounce:                0 kB
WritebackTmp:          0 kB
CommitLimit:     2172840 kB
Committed_AS:   93814872 kB
VmallocTotal:   251658176 kB
VmallocUsed:      140916 kB
VmallocChunk:   251410476 kB
Time pass: 285 sec

---2015-12-05 14:07:44
MemTotal:        2905316 kB
MemFree:           75704 kB
Buffers:           27644 kB
Cached:           999724 kB
SwapCached:            0 kB
Active:          1313336 kB
Inactive:         703032 kB
Active(anon):     824616 kB
Inactive(anon):   209944 kB
Active(file):     488720 kB
Inactive(file):   493088 kB
Unevictable:       12768 kB
Mlocked:               0 kB
SwapTotal:        720184 kB
SwapFree:         719640 kB
Dirty:                88 kB
Writeback:             0 kB
AnonPages:       1001972 kB
Mapped:           679584 kB
Shmem:             32788 kB
Slab:             121068 kB
SReclaimable:      40092 kB
SUnreclaim:        80976 kB
KernelStack:       33696 kB
PageTables:        57280 kB
NFS_Unstable:          0 kB
Bounce:                0 kB
WritebackTmp:          0 kB
CommitLimit:     2172840 kB
Committed_AS:   93841400 kB
VmallocTotal:   251658176 kB
VmallocUsed:      140916 kB
VmallocChunk:   251410476 kB
Time pass: 289 sec

---2015-12-05 14:07:44
MemTotal:        2905316 kB
MemFree:           75536 kB
Buffers:           27652 kB
Cached:           999748 kB
SwapCached:            0 kB
Active:          1313712 kB
Inactive:         703036 kB
Active(anon):     824960 kB
Inactive(anon):   209944 kB
Active(file):     488752 kB
Inactive(file):   493092 kB
Unevictable:       12768 kB
Mlocked:               0 kB
SwapTotal:        720184 kB
SwapFree:         719640 kB
Dirty:                36 kB
Writeback:             0 kB
AnonPages:       1002236 kB
Mapped:           679596 kB
Shmem:             32788 kB
Slab:             121064 kB
SReclaimable:      40088 kB
SUnreclaim:        80976 kB
KernelStack:       33696 kB
PageTables:        57280 kB
NFS_Unstable:          0 kB
Bounce:                0 kB
WritebackTmp:          0 kB
CommitLimit:     2172840 kB
Committed_AS:   93841484 kB
VmallocTotal:   251658176 kB
VmallocUsed:      140916 kB
VmallocChunk:   251410476 kB
Time pass: 293 sec

---2015-12-05 14:07:44
MemTotal:        2905316 kB
MemFree:           75268 kB
Buffers:           27668 kB
Cached:           999804 kB
SwapCached:            0 kB
Active:          1314384 kB
Inactive:         703068 kB
Active(anon):     825596 kB
Inactive(anon):   209944 kB
Active(file):     488788 kB
Inactive(file):   493124 kB
Unevictable:       12768 kB
Mlocked:               0 kB
SwapTotal:        720184 kB
SwapFree:         719640 kB
Dirty:                24 kB
Writeback:            80 kB
AnonPages:       1002888 kB
Mapped:           679600 kB
Shmem:             32788 kB
Slab:             121052 kB
SReclaimable:      40084 kB
SUnreclaim:        80968 kB
KernelStack:       33680 kB
PageTables:        57264 kB
NFS_Unstable:          0 kB
Bounce:                0 kB
WritebackTmp:          0 kB
CommitLimit:     2172840 kB
Committed_AS:   93841496 kB
VmallocTotal:   251658176 kB
VmallocUsed:      140916 kB
VmallocChunk:   251410476 kB
Time pass: 296 sec

---2015-12-05 14:07:44
MemTotal:        2905316 kB
MemFree:           74108 kB
Buffers:           27676 kB
Cached:           999820 kB
SwapCached:            0 kB
Active:          1314704 kB
Inactive:         703084 kB
Active(anon):     825904 kB
Inactive(anon):   209944 kB
Active(file):     488800 kB
Inactive(file):   493140 kB
Unevictable:       12768 kB
Mlocked:               0 kB
SwapTotal:        720184 kB
SwapFree:         719640 kB
Dirty:                88 kB
Writeback:             0 kB
AnonPages:       1003060 kB
Mapped:           679668 kB
Shmem:             32788 kB
Slab:             121048 kB
SReclaimable:      40084 kB
SUnreclaim:        80964 kB
KernelStack:       33696 kB
PageTables:        57304 kB
NFS_Unstable:          0 kB
Bounce:                0 kB
WritebackTmp:          0 kB
CommitLimit:     2172840 kB
Committed_AS:   93841408 kB
VmallocTotal:   251658176 kB
VmallocUsed:      140916 kB
VmallocChunk:   251410476 kB
Time pass: 300 sec

---2015-12-05 14:07:44
MemTotal:        2905316 kB
MemFree:           74348 kB
Buffers:           27684 kB
Cached:           999836 kB
SwapCached:            0 kB
Active:          1314628 kB
Inactive:         703084 kB
Active(anon):     825804 kB
Inactive(anon):   209944 kB
Active(file):     488824 kB
Inactive(file):   493140 kB
Unevictable:       12768 kB
Mlocked:               0 kB
SwapTotal:        720184 kB
SwapFree:         719640 kB
Dirty:                64 kB
Writeback:             0 kB
AnonPages:       1002924 kB
Mapped:           679672 kB
Shmem:             32788 kB
Slab:             121044 kB
SReclaimable:      40084 kB
SUnreclaim:        80960 kB
KernelStack:       33664 kB
PageTables:        57308 kB
NFS_Unstable:          0 kB
Bounce:                0 kB
WritebackTmp:          0 kB
CommitLimit:     2172840 kB
Committed_AS:   93841460 kB
VmallocTotal:   251658176 kB
VmallocUsed:      140916 kB
VmallocChunk:   251410476 kB
Time pass: 304 sec

---2015-12-05 14:07:44
MemTotal:        2905316 kB
MemFree:           73168 kB
Buffers:           27700 kB
Cached:           999920 kB
SwapCached:            0 kB
Active:          1315580 kB
Inactive:         703136 kB
Active(anon):     826708 kB
Inactive(anon):   209944 kB
Active(file):     488872 kB
Inactive(file):   493192 kB
Unevictable:       12768 kB
Mlocked:               0 kB
SwapTotal:        720184 kB
SwapFree:         719640 kB
Dirty:                36 kB
Writeback:             0 kB
AnonPages:       1003824 kB
Mapped:           679676 kB
Shmem:             32788 kB
Slab:             121044 kB
SReclaimable:      40084 kB
SUnreclaim:        80960 kB
KernelStack:       33728 kB
PageTables:        57308 kB
NFS_Unstable:          0 kB
Bounce:                0 kB
WritebackTmp:          0 kB
CommitLimit:     2172840 kB
Committed_AS:   93841476 kB
VmallocTotal:   251658176 kB
VmallocUsed:      140916 kB
VmallocChunk:   251410476 kB
Time pass: 308 sec

---2015-12-05 14:07:44
MemTotal:        2905316 kB
MemFree:           73484 kB
Buffers:           27708 kB
Cached:           999936 kB
SwapCached:            0 kB
Active:          1315804 kB
Inactive:         703144 kB
Active(anon):     826916 kB
Inactive(anon):   209944 kB
Active(file):     488888 kB
Inactive(file):   493200 kB
Unevictable:       12768 kB
Mlocked:               0 kB
SwapTotal:        720184 kB
SwapFree:         719640 kB
Dirty:                36 kB
Writeback:             0 kB
AnonPages:       1004056 kB
Mapped:           679652 kB
Shmem:             32788 kB
Slab:             121044 kB
SReclaimable:      40084 kB
SUnreclaim:        80960 kB
KernelStack:       33728 kB
PageTables:        57280 kB
NFS_Unstable:          0 kB
Bounce:                0 kB
WritebackTmp:          0 kB
CommitLimit:     2172840 kB
Committed_AS:   93841516 kB
VmallocTotal:   251658176 kB
VmallocUsed:      140916 kB
VmallocChunk:   251410476 kB
Time pass: 312 sec

---2015-12-05 14:07:44
MemTotal:        2905316 kB
MemFree:           73488 kB
Buffers:           27708 kB
Cached:          1000012 kB
SwapCached:            0 kB
Active:          1316064 kB
Inactive:         703204 kB
Active(anon):     827160 kB
Inactive(anon):   209944 kB
Active(file):     488904 kB
Inactive(file):   493260 kB
Unevictable:       12768 kB
Mlocked:               0 kB
SwapTotal:        720184 kB
SwapFree:         719640 kB
Dirty:                52 kB
Writeback:             0 kB
AnonPages:       1004104 kB
Mapped:           679664 kB
Shmem:             32788 kB
Slab:             121044 kB
SReclaimable:      40084 kB
SUnreclaim:        80960 kB
KernelStack:       33648 kB
PageTables:        57280 kB
NFS_Unstable:          0 kB
Bounce:                0 kB
WritebackTmp:          0 kB
CommitLimit:     2172840 kB
Committed_AS:   93841472 kB
VmallocTotal:   251658176 kB
VmallocUsed:      140916 kB
VmallocChunk:   251410476 kB
Time pass: 315 sec

---2015-12-05 14:07:44
MemTotal:        2905316 kB
MemFree:           71976 kB
Buffers:           27732 kB
Cached:          1000160 kB
SwapCached:            0 kB
Active:          1317988 kB
Inactive:         703348 kB
Active(anon):     829060 kB
Inactive(anon):   210004 kB
Active(file):     488928 kB
Inactive(file):   493344 kB
Unevictable:       12768 kB
Mlocked:               0 kB
SwapTotal:        720184 kB
SwapFree:         719640 kB
Dirty:               160 kB
Writeback:             0 kB
AnonPages:       1006128 kB
Mapped:           679736 kB
Shmem:             32848 kB
Slab:             121012 kB
SReclaimable:      40084 kB
SUnreclaim:        80928 kB
KernelStack:       33648 kB
PageTables:        57328 kB
NFS_Unstable:          0 kB
Bounce:                0 kB
WritebackTmp:          0 kB
CommitLimit:     2172840 kB
Committed_AS:   93868024 kB
VmallocTotal:   251658176 kB
VmallocUsed:      140916 kB
VmallocChunk:   251410476 kB
Time pass: 319 sec

---2015-12-05 14:07:44
MemTotal:        2905316 kB
MemFree:           70812 kB
Buffers:           27740 kB
Cached:          1000176 kB
SwapCached:            0 kB
Active:          1318092 kB
Inactive:         703348 kB
Active(anon):     829136 kB
Inactive(anon):   210004 kB
Active(file):     488956 kB
Inactive(file):   493344 kB
Unevictable:       12768 kB
Mlocked:               0 kB
SwapTotal:        720184 kB
SwapFree:         719640 kB
Dirty:                24 kB
Writeback:             0 kB
AnonPages:       1006348 kB
Mapped:           679752 kB
Shmem:             32848 kB
Slab:             121012 kB
SReclaimable:      40084 kB
SUnreclaim:        80928 kB
KernelStack:       33648 kB
PageTables:        57328 kB
NFS_Unstable:          0 kB
Bounce:                0 kB
WritebackTmp:          0 kB
CommitLimit:     2172840 kB
Committed_AS:   93868024 kB
VmallocTotal:   251658176 kB
VmallocUsed:      140916 kB
VmallocChunk:   251410476 kB
Time pass: 323 sec

---2015-12-05 14:07:44
MemTotal:        2905316 kB
MemFree:           71068 kB
Buffers:           27740 kB
Cached:          1000216 kB
SwapCached:            0 kB
Active:          1318372 kB
Inactive:         703356 kB
Active(anon):     829392 kB
Inactive(anon):   210004 kB
Active(file):     488980 kB
Inactive(file):   493352 kB
Unevictable:       12768 kB
Mlocked:               0 kB
SwapTotal:        720184 kB
SwapFree:         719640 kB
Dirty:                20 kB
Writeback:             0 kB
AnonPages:       1006548 kB
Mapped:           679764 kB
Shmem:             32848 kB
Slab:             121012 kB
SReclaimable:      40084 kB
SUnreclaim:        80928 kB
KernelStack:       33648 kB
PageTables:        57328 kB
NFS_Unstable:          0 kB
Bounce:                0 kB
WritebackTmp:          0 kB
CommitLimit:     2172840 kB
Committed_AS:   93868012 kB
VmallocTotal:   251658176 kB
VmallocUsed:      140916 kB
VmallocChunk:   251410476 kB
Time pass: 327 sec

---2015-12-05 14:07:44
MemTotal:        2905316 kB
MemFree:           68948 kB
Buffers:           27780 kB
Cached:          1000324 kB
SwapCached:            0 kB
Active:          1319980 kB
Inactive:         703456 kB
Active(anon):     830944 kB
Inactive(anon):   210004 kB
Active(file):     489036 kB
Inactive(file):   493452 kB
Unevictable:       12768 kB
Mlocked:               0 kB
SwapTotal:        720184 kB
SwapFree:         719640 kB
Dirty:               208 kB
Writeback:             0 kB
AnonPages:       1008156 kB
Mapped:           679776 kB
Shmem:             32848 kB
Slab:             121012 kB
SReclaimable:      40084 kB
SUnreclaim:        80928 kB
KernelStack:       33648 kB
PageTables:        57324 kB
NFS_Unstable:          0 kB
Bounce:                0 kB
WritebackTmp:          0 kB
CommitLimit:     2172840 kB
Committed_AS:   93868072 kB
VmallocTotal:   251658176 kB
VmallocUsed:      140916 kB
VmallocChunk:   251410476 kB
Time pass: 331 sec

---2015-12-05 14:07:44
MemTotal:        2905316 kB
MemFree:           68476 kB
Buffers:           27788 kB
Cached:          1000360 kB
SwapCached:            0 kB
Active:          1320352 kB
Inactive:         703472 kB
Active(anon):     831288 kB
Inactive(anon):   210004 kB
Active(file):     489064 kB
Inactive(file):   493468 kB
Unevictable:       12768 kB
Mlocked:               0 kB
SwapTotal:        720184 kB
SwapFree:         719640 kB
Dirty:                84 kB
Writeback:             0 kB
AnonPages:       1008500 kB
Mapped:           679800 kB
Shmem:             32848 kB
Slab:             121012 kB
SReclaimable:      40084 kB
SUnreclaim:        80928 kB
KernelStack:       33632 kB
PageTables:        57328 kB
NFS_Unstable:          0 kB
Bounce:                0 kB
WritebackTmp:          0 kB
CommitLimit:     2172840 kB
Committed_AS:   93868036 kB
VmallocTotal:   251658176 kB
VmallocUsed:      140916 kB
VmallocChunk:   251410476 kB
Time pass: 335 sec

---2015-12-05 14:07:44
MemTotal:        2905316 kB
MemFree:           68324 kB
Buffers:           27788 kB
Cached:          1000376 kB
SwapCached:            0 kB
Active:          1320688 kB
Inactive:         703468 kB
Active(anon):     831604 kB
Inactive(anon):   210004 kB
Active(file):     489084 kB
Inactive(file):   493464 kB
Unevictable:       12768 kB
Mlocked:               0 kB
SwapTotal:        720184 kB
SwapFree:         719640 kB
Dirty:                20 kB
Writeback:             0 kB
AnonPages:       1008660 kB
Mapped:           679812 kB
Shmem:             32848 kB
Slab:             121012 kB
SReclaimable:      40084 kB
SUnreclaim:        80928 kB
KernelStack:       33696 kB
PageTables:        57324 kB
NFS_Unstable:          0 kB
Bounce:                0 kB
WritebackTmp:          0 kB
CommitLimit:     2172840 kB
Committed_AS:   93867976 kB
VmallocTotal:   251658176 kB
VmallocUsed:      140916 kB
VmallocChunk:   251410476 kB
Time pass: 338 sec

---2015-12-05 14:07:44
MemTotal:        2905316 kB
MemFree:           67832 kB
Buffers:           27812 kB
Cached:          1000388 kB
SwapCached:            0 kB
Active:          1321428 kB
Inactive:         703484 kB
Active(anon):     832324 kB
Inactive(anon):   210004 kB
Active(file):     489104 kB
Inactive(file):   493480 kB
Unevictable:       12768 kB
Mlocked:               0 kB
SwapTotal:        720184 kB
SwapFree:         719640 kB
Dirty:                24 kB
Writeback:             0 kB
AnonPages:       1009276 kB
Mapped:           679876 kB
Shmem:             32848 kB
Slab:             121012 kB
SReclaimable:      40084 kB
SUnreclaim:        80928 kB
KernelStack:       33664 kB
PageTables:        57344 kB
NFS_Unstable:          0 kB
Bounce:                0 kB
WritebackTmp:          0 kB
CommitLimit:     2172840 kB
Committed_AS:   93868292 kB
VmallocTotal:   251658176 kB
VmallocUsed:      140916 kB
VmallocChunk:   251410476 kB
Time pass: 342 sec

---2015-12-05 14:07:44
MemTotal:        2905316 kB
MemFree:           67492 kB
Buffers:           27812 kB
Cached:          1000456 kB
SwapCached:            0 kB
Active:          1321960 kB
Inactive:         703524 kB
Active(anon):     832828 kB
Inactive(anon):   210004 kB
Active(file):     489132 kB
Inactive(file):   493520 kB
Unevictable:       12768 kB
Mlocked:               0 kB
SwapTotal:        720184 kB
SwapFree:         719640 kB
Dirty:               136 kB
Writeback:             0 kB
AnonPages:       1009832 kB
Mapped:           679884 kB
Shmem:             32848 kB
Slab:             121016 kB
SReclaimable:      40084 kB
SUnreclaim:        80932 kB
KernelStack:       33680 kB
PageTables:        57356 kB
NFS_Unstable:          0 kB
Bounce:                0 kB
WritebackTmp:          0 kB
CommitLimit:     2172840 kB
Committed_AS:   93868268 kB
VmallocTotal:   251658176 kB
VmallocUsed:      140916 kB
VmallocChunk:   251410476 kB
Time pass: 346 sec

---2015-12-05 14:07:44
MemTotal:        2905316 kB
MemFree:           66124 kB
Buffers:           27820 kB
Cached:          1000528 kB
SwapCached:            0 kB
Active:          1322212 kB
Inactive:         703580 kB
Active(anon):     833056 kB
Inactive(anon):   210052 kB
Active(file):     489156 kB
Inactive(file):   493528 kB
Unevictable:       12768 kB
Mlocked:               0 kB
SwapTotal:        720184 kB
SwapFree:         719640 kB
Dirty:                80 kB
Writeback:             0 kB
AnonPages:       1010420 kB
Mapped:           679880 kB
Shmem:             32896 kB
Slab:             121016 kB
SReclaimable:      40084 kB
SUnreclaim:        80932 kB
KernelStack:       33664 kB
PageTables:        57364 kB
NFS_Unstable:          0 kB
Bounce:                0 kB
WritebackTmp:          0 kB
CommitLimit:     2172840 kB
Committed_AS:   93894916 kB
VmallocTotal:   251658176 kB
VmallocUsed:      140916 kB
VmallocChunk:   251410476 kB
Time pass: 350 sec

---2015-12-05 14:07:44
MemTotal:        2905316 kB
MemFree:           66448 kB
Buffers:           27844 kB
Cached:          1000536 kB
SwapCached:            0 kB
Active:          1322840 kB
Inactive:         703588 kB
Active(anon):     833660 kB
Inactive(anon):   210052 kB
Active(file):     489180 kB
Inactive(file):   493536 kB
Unevictable:       12768 kB
Mlocked:               0 kB
SwapTotal:        720184 kB
SwapFree:         719640 kB
Dirty:                36 kB
Writeback:             0 kB
AnonPages:       1010604 kB
Mapped:           679884 kB
Shmem:             32896 kB
Slab:             121012 kB
SReclaimable:      40084 kB
SUnreclaim:        80928 kB
KernelStack:       33696 kB
PageTables:        57364 kB
NFS_Unstable:          0 kB
Bounce:                0 kB
WritebackTmp:          0 kB
CommitLimit:     2172840 kB
Committed_AS:   93894880 kB
VmallocTotal:   251658176 kB
VmallocUsed:      140916 kB
VmallocChunk:   251410476 kB
Time pass: 354 sec

---2015-12-05 14:07:44
MemTotal:        2905316 kB
MemFree:           65804 kB
Buffers:           27844 kB
Cached:          1000596 kB
SwapCached:            0 kB
Active:          1323020 kB
Inactive:         703628 kB
Active(anon):     833820 kB
Inactive(anon):   210052 kB
Active(file):     489200 kB
Inactive(file):   493576 kB
Unevictable:       12768 kB
Mlocked:               0 kB
SwapTotal:        720184 kB
SwapFree:         719640 kB
Dirty:                 8 kB
Writeback:             0 kB
AnonPages:       1011168 kB
Mapped:           679892 kB
Shmem:             32896 kB
Slab:             121012 kB
SReclaimable:      40084 kB
SUnreclaim:        80928 kB
KernelStack:       33680 kB
PageTables:        57372 kB
NFS_Unstable:          0 kB
Bounce:                0 kB
WritebackTmp:          0 kB
CommitLimit:     2172840 kB
Committed_AS:   93894904 kB
VmallocTotal:   251658176 kB
VmallocUsed:      140916 kB
VmallocChunk:   251410476 kB
Time pass: 357 sec

---2015-12-05 14:07:44
MemTotal:        2905316 kB
MemFree:           65752 kB
Buffers:           27852 kB
Cached:          1000628 kB
SwapCached:            0 kB
Active:          1323108 kB
Inactive:         703648 kB
Active(anon):     833888 kB
Inactive(anon):   210064 kB
Active(file):     489220 kB
Inactive(file):   493584 kB
Unevictable:       12768 kB
Mlocked:               0 kB
SwapTotal:        720184 kB
SwapFree:         719640 kB
Dirty:                80 kB
Writeback:             0 kB
AnonPages:       1011008 kB
Mapped:           679920 kB
Shmem:             32908 kB
Slab:             121012 kB
SReclaimable:      40084 kB
SUnreclaim:        80928 kB
KernelStack:       33664 kB
PageTables:        57408 kB
NFS_Unstable:          0 kB
Bounce:                0 kB
WritebackTmp:          0 kB
CommitLimit:     2172840 kB
Committed_AS:   93894892 kB
VmallocTotal:   251658176 kB
VmallocUsed:      140916 kB
VmallocChunk:   251410476 kB
Time pass: 361 sec

---2015-12-05 14:07:44
MemTotal:        2905316 kB
MemFree:           65280 kB
Buffers:           27860 kB
Cached:          1000656 kB
SwapCached:            0 kB
Active:          1323432 kB
Inactive:         703660 kB
Active(anon):     834188 kB
Inactive(anon):   210064 kB
Active(file):     489244 kB
Inactive(file):   493596 kB
Unevictable:       12768 kB
Mlocked:               0 kB
SwapTotal:        720184 kB
SwapFree:         719640 kB
Dirty:                76 kB
Writeback:             0 kB
AnonPages:       1011448 kB
Mapped:           679984 kB
Shmem:             32908 kB
Slab:             121020 kB
SReclaimable:      40084 kB
SUnreclaim:        80936 kB
KernelStack:       33648 kB
PageTables:        57400 kB
NFS_Unstable:          0 kB
Bounce:                0 kB
WritebackTmp:          0 kB
CommitLimit:     2172840 kB
Committed_AS:   93894824 kB
VmallocTotal:   251658176 kB
VmallocUsed:      140916 kB
VmallocChunk:   251410476 kB
Time pass: 365 sec

---2015-12-05 14:07:44
MemTotal:        2905316 kB
MemFree:           64316 kB
Buffers:           27876 kB
Cached:          1001192 kB
SwapCached:            0 kB
Active:          1324152 kB
Inactive:         704164 kB
Active(anon):     834860 kB
Inactive(anon):   210064 kB
Active(file):     489292 kB
Inactive(file):   494100 kB
Unevictable:       12768 kB
Mlocked:               0 kB
SwapTotal:        720184 kB
SwapFree:         719640 kB
Dirty:                44 kB
Writeback:             0 kB
AnonPages:       1012128 kB
Mapped:           680024 kB
Shmem:             32908 kB
Slab:             121020 kB
SReclaimable:      40084 kB
SUnreclaim:        80936 kB
KernelStack:       33616 kB
PageTables:        57380 kB
NFS_Unstable:          0 kB
Bounce:                0 kB
WritebackTmp:          0 kB
CommitLimit:     2172840 kB
Committed_AS:   93894860 kB
VmallocTotal:   251658176 kB
VmallocUsed:      140916 kB
VmallocChunk:   251410476 kB
Time pass: 369 sec

---2015-12-05 14:07:44
MemTotal:        2905316 kB
MemFree:           63972 kB
Buffers:           27884 kB
Cached:          1001212 kB
SwapCached:            0 kB
Active:          1324368 kB
Inactive:         704164 kB
Active(anon):     835052 kB
Inactive(anon):   210064 kB
Active(file):     489316 kB
Inactive(file):   494100 kB
Unevictable:       12768 kB
Mlocked:               0 kB
SwapTotal:        720184 kB
SwapFree:         719640 kB
Dirty:                76 kB
Writeback:             0 kB
AnonPages:       1012200 kB
Mapped:           680052 kB
Shmem:             32908 kB
Slab:             121016 kB
SReclaimable:      40084 kB
SUnreclaim:        80932 kB
KernelStack:       33616 kB
PageTables:        57380 kB
NFS_Unstable:          0 kB
Bounce:                0 kB
WritebackTmp:          0 kB
CommitLimit:     2172840 kB
Committed_AS:   93894820 kB
VmallocTotal:   251658176 kB
VmallocUsed:      140916 kB
VmallocChunk:   251410476 kB
Time pass: 373 sec

---2015-12-05 14:07:44
MemTotal:        2905316 kB
MemFree:           63980 kB
Buffers:           27892 kB
Cached:          1001232 kB
SwapCached:            0 kB
Active:          1324684 kB
Inactive:         704176 kB
Active(anon):     835348 kB
Inactive(anon):   210064 kB
Active(file):     489336 kB
Inactive(file):   494112 kB
Unevictable:       12768 kB
Mlocked:               0 kB
SwapTotal:        720184 kB
SwapFree:         719640 kB
Dirty:                12 kB
Writeback:             0 kB
AnonPages:       1012388 kB
Mapped:           680116 kB
Shmem:             32908 kB
Slab:             121016 kB
SReclaimable:      40084 kB
SUnreclaim:        80932 kB
KernelStack:       33616 kB
PageTables:        57404 kB
NFS_Unstable:          0 kB
Bounce:                0 kB
WritebackTmp:          0 kB
CommitLimit:     2172840 kB
Committed_AS:   93894832 kB
VmallocTotal:   251658176 kB
VmallocUsed:      140916 kB
VmallocChunk:   251410476 kB
Time pass: 377 sec

---2015-12-05 14:07:44
MemTotal:        2905316 kB
MemFree:           70988 kB
Buffers:           27908 kB
Cached:           993708 kB
SwapCached:            0 kB
Active:          1324212 kB
Inactive:         698136 kB
Active(anon):     836348 kB
Inactive(anon):   210112 kB
Active(file):     487864 kB
Inactive(file):   488024 kB
Unevictable:       12768 kB
Mlocked:               0 kB
SwapTotal:        720184 kB
SwapFree:         719640 kB
Dirty:               152 kB
Writeback:             0 kB
AnonPages:       1013516 kB
Mapped:           680100 kB
Shmem:             32956 kB
Slab:             121016 kB
SReclaimable:      40084 kB
SUnreclaim:        80932 kB
KernelStack:       33632 kB
PageTables:        57420 kB
NFS_Unstable:          0 kB
Bounce:                0 kB
WritebackTmp:          0 kB
CommitLimit:     2172840 kB
Committed_AS:   93921700 kB
VmallocTotal:   251658176 kB
VmallocUsed:      140916 kB
VmallocChunk:   251410476 kB
Time pass: 381 sec

---2015-12-05 14:07:44
MemTotal:        2905316 kB
MemFree:           70588 kB
Buffers:           27916 kB
Cached:           993744 kB
SwapCached:            0 kB
Active:          1324612 kB
Inactive:         698156 kB
Active(anon):     836720 kB
Inactive(anon):   210128 kB
Active(file):     487892 kB
Inactive(file):   488028 kB
Unevictable:       12768 kB
Mlocked:               0 kB
SwapTotal:        720184 kB
SwapFree:         719640 kB
Dirty:                92 kB
Writeback:             0 kB
AnonPages:       1013748 kB
Mapped:           680180 kB
Shmem:             32972 kB
Slab:             121016 kB
SReclaimable:      40084 kB
SUnreclaim:        80932 kB
KernelStack:       33632 kB
PageTables:        57456 kB
NFS_Unstable:          0 kB
Bounce:                0 kB
WritebackTmp:          0 kB
CommitLimit:     2172840 kB
Committed_AS:   93921688 kB
VmallocTotal:   251658176 kB
VmallocUsed:      140916 kB
VmallocChunk:   251410476 kB
Time pass: 385 sec

---2015-12-05 14:07:44
MemTotal:        2905316 kB
MemFree:           69588 kB
Buffers:           27924 kB
Cached:           993764 kB
SwapCached:            0 kB
Active:          1324680 kB
Inactive:         698164 kB
Active(anon):     836768 kB
Inactive(anon):   210128 kB
Active(file):     487912 kB
Inactive(file):   488036 kB
Unevictable:       12768 kB
Mlocked:               0 kB
SwapTotal:        720184 kB
SwapFree:         719640 kB
Dirty:                36 kB
Writeback:             0 kB
AnonPages:       1013780 kB
Mapped:           680192 kB
Shmem:             32972 kB
Slab:             121024 kB
SReclaimable:      40084 kB
SUnreclaim:        80940 kB
KernelStack:       33632 kB
PageTables:        57456 kB
NFS_Unstable:          0 kB
Bounce:                0 kB
WritebackTmp:          0 kB
CommitLimit:     2172840 kB
Committed_AS:   93921700 kB
VmallocTotal:   251658176 kB
VmallocUsed:      140928 kB
VmallocChunk:   251410476 kB
Time pass: 389 sec

---2015-12-05 14:07:44
MemTotal:        2905316 kB
MemFree:           69216 kB
Buffers:           27940 kB
Cached:           993820 kB
SwapCached:            0 kB
Active:          1325264 kB
Inactive:         698200 kB
