---2015-12-08 17:44:29
MemTotal:        1862952 kB
MemFree:          274084 kB
Buffers:            8512 kB
Cached:           699456 kB
SwapCached:         2912 kB
Active:           557588 kB
Inactive:         773984 kB
Active(anon):     320516 kB
Inactive(anon):   304928 kB
Active(file):     237072 kB
Inactive(file):   469056 kB
Unevictable:        1272 kB
Mlocked:               0 kB
HighTotal:       1436668 kB
HighFree:         139100 kB
LowTotal:         426284 kB
LowFree:          134984 kB
SwapTotal:       1048572 kB
SwapFree:        1024508 kB
Dirty:                12 kB
Writeback:             0 kB
AnonPages:        623272 kB
Mapped:           338832 kB
Shmem:               568 kB
Slab:              41388 kB
SReclaimable:      14048 kB
SUnreclaim:        27340 kB
KernelStack:       11504 kB
PageTables:        41728 kB
NFS_Unstable:          0 kB
Bounce:                0 kB
WritebackTmp:          0 kB
CommitLimit:     1980048 kB
Committed_AS:   85749744 kB
VmallocTotal:     458752 kB
VmallocUsed:      112776 kB
VmallocChunk:     154628 kB
Time pass: 5 sec

---2015-12-08 17:44:29
MemTotal:        1862952 kB
MemFree:          273836 kB
Buffers:            8512 kB
Cached:           699456 kB
SwapCached:         2912 kB
Active:           557808 kB
Inactive:         773940 kB
Active(anon):     320692 kB
Inactive(anon):   304928 kB
Active(file):     237116 kB
Inactive(file):   469012 kB
Unevictable:        1272 kB
Mlocked:               0 kB
HighTotal:       1436668 kB
HighFree:         138852 kB
LowTotal:         426284 kB
LowFree:          134984 kB
SwapTotal:       1048572 kB
SwapFree:        1024508 kB
Dirty:                16 kB
Writeback:             0 kB
AnonPages:        623476 kB
Mapped:           338832 kB
Shmem:               568 kB
Slab:              41388 kB
SReclaimable:      14048 kB
SUnreclaim:        27340 kB
KernelStack:       11504 kB
PageTables:        41728 kB
NFS_Unstable:          0 kB
Bounce:                0 kB
WritebackTmp:          0 kB
CommitLimit:     1980048 kB
Committed_AS:   85749944 kB
VmallocTotal:     458752 kB
VmallocUsed:      112776 kB
VmallocChunk:     154628 kB
Time pass: 9 sec

---2015-12-08 17:44:29
MemTotal:        1862952 kB
MemFree:          273720 kB
Buffers:            8512 kB
Cached:           699456 kB
SwapCached:         2912 kB
Active:           557972 kB
Inactive:         773936 kB
Active(anon):     320852 kB
Inactive(anon):   304928 kB
Active(file):     237120 kB
Inactive(file):   469008 kB
Unevictable:        1272 kB
Mlocked:               0 kB
HighTotal:       1436668 kB
HighFree:         138728 kB
LowTotal:         426284 kB
LowFree:          134992 kB
SwapTotal:       1048572 kB
SwapFree:        1024508 kB
Dirty:                 4 kB
Writeback:             0 kB
AnonPages:        623616 kB
Mapped:           338836 kB
Shmem:               568 kB
Slab:              41388 kB
SReclaimable:      14048 kB
SUnreclaim:        27340 kB
KernelStack:       11496 kB
PageTables:        41728 kB
NFS_Unstable:          0 kB
Bounce:                0 kB
WritebackTmp:          0 kB
CommitLimit:     1980048 kB
Committed_AS:   85750016 kB
VmallocTotal:     458752 kB
VmallocUsed:      112776 kB
VmallocChunk:     154628 kB
Time pass: 12 sec

---2015-12-08 17:44:29
MemTotal:        1862952 kB
MemFree:          273492 kB
Buffers:            8520 kB
Cached:           699456 kB
SwapCached:         2912 kB
Active:           558160 kB
Inactive:         773940 kB
Active(anon):     321040 kB
Inactive(anon):   304924 kB
Active(file):     237120 kB
Inactive(file):   469016 kB
Unevictable:        1272 kB
Mlocked:               0 kB
HighTotal:       1436668 kB
HighFree:         138512 kB
LowTotal:         426284 kB
LowFree:          134980 kB
SwapTotal:       1048572 kB
SwapFree:        1024508 kB
Dirty:                 4 kB
Writeback:             0 kB
AnonPages:        623808 kB
Mapped:           338836 kB
Shmem:               568 kB
Slab:              41440 kB
SReclaimable:      14048 kB
SUnreclaim:        27392 kB
KernelStack:       11504 kB
PageTables:        41732 kB
NFS_Unstable:          0 kB
Bounce:                0 kB
WritebackTmp:          0 kB
CommitLimit:     1980048 kB
Committed_AS:   85750184 kB
VmallocTotal:     458752 kB
VmallocUsed:      112776 kB
VmallocChunk:     154628 kB
Time pass: 16 sec

---2015-12-08 17:44:29
MemTotal:        1862952 kB
MemFree:          273368 kB
Buffers:            8528 kB
Cached:           699456 kB
SwapCached:         2912 kB
Active:           558276 kB
Inactive:         773948 kB
Active(anon):     321156 kB
Inactive(anon):   304924 kB
Active(file):     237120 kB
Inactive(file):   469024 kB
Unevictable:        1272 kB
Mlocked:               0 kB
HighTotal:       1436668 kB
HighFree:         138388 kB
LowTotal:         426284 kB
LowFree:          134980 kB
SwapTotal:       1048572 kB
SwapFree:        1024508 kB
Dirty:                 4 kB
Writeback:             0 kB
AnonPages:        623932 kB
Mapped:           338836 kB
Shmem:               568 kB
Slab:              41416 kB
SReclaimable:      14048 kB
SUnreclaim:        27368 kB
KernelStack:       11504 kB
PageTables:        41732 kB
NFS_Unstable:          0 kB
Bounce:                0 kB
WritebackTmp:          0 kB
CommitLimit:     1980048 kB
Committed_AS:   85750304 kB
VmallocTotal:     458752 kB
VmallocUsed:      112776 kB
VmallocChunk:     154628 kB
Time pass: 20 sec

---2015-12-08 17:44:29
MemTotal:        1862952 kB
MemFree:          273120 kB
Buffers:            8536 kB
Cached:           699460 kB
SwapCached:         2912 kB
Active:           558424 kB
Inactive:         773960 kB
Active(anon):     321304 kB
Inactive(anon):   304924 kB
Active(file):     237120 kB
Inactive(file):   469036 kB
Unevictable:        1272 kB
Mlocked:               0 kB
HighTotal:       1436668 kB
HighFree:         138140 kB
LowTotal:         426284 kB
LowFree:          134980 kB
SwapTotal:       1048572 kB
SwapFree:        1024508 kB
Dirty:                 4 kB
Writeback:             8 kB
AnonPages:        624040 kB
Mapped:           338836 kB
Shmem:               568 kB
Slab:              41416 kB
SReclaimable:      14048 kB
SUnreclaim:        27368 kB
KernelStack:       11504 kB
PageTables:        41732 kB
NFS_Unstable:          0 kB
Bounce:                0 kB
WritebackTmp:          0 kB
CommitLimit:     1980048 kB
Committed_AS:   85750384 kB
VmallocTotal:     458752 kB
VmallocUsed:      112776 kB
VmallocChunk:     154628 kB
Time pass: 23 sec

---2015-12-08 17:44:29
MemTotal:        1862952 kB
MemFree:          153124 kB
Buffers:            8732 kB
Cached:           751064 kB
SwapCached:         2952 kB
Active:           589400 kB
Inactive:         821076 kB
Active(anon):     347800 kB
Inactive(anon):   304864 kB
Active(file):     241600 kB
Inactive(file):   516212 kB
Unevictable:        1272 kB
Mlocked:               0 kB
HighTotal:       1436668 kB
HighFree:          21700 kB
LowTotal:         426284 kB
LowFree:          131424 kB
SwapTotal:       1048572 kB
SwapFree:        1024548 kB
Dirty:               876 kB
Writeback:             0 kB
AnonPages:        650444 kB
Mapped:           357112 kB
Shmem:               568 kB
Slab:              41468 kB
SReclaimable:      14068 kB
SUnreclaim:        27400 kB
KernelStack:       11832 kB
PageTables:        42492 kB
NFS_Unstable:          0 kB
Bounce:                0 kB
WritebackTmp:          0 kB
CommitLimit:     1980048 kB
Committed_AS:   87069936 kB
VmallocTotal:     458752 kB
VmallocUsed:      114116 kB
VmallocChunk:     154628 kB
Time pass: 27 sec

---2015-12-08 17:44:29
MemTotal:        1862952 kB
MemFree:           70324 kB
Buffers:            9176 kB
Cached:           755428 kB
SwapCached:         2984 kB
Active:           613684 kB
Inactive:         815376 kB
Active(anon):     370528 kB
Inactive(anon):   296116 kB
Active(file):     243156 kB
Inactive(file):   519260 kB
Unevictable:        1272 kB
Mlocked:               0 kB
HighTotal:       1436668 kB
HighFree:           6760 kB
LowTotal:         426284 kB
LowFree:           63564 kB
SwapTotal:       1048572 kB
SwapFree:        1024552 kB
Dirty:              1596 kB
Writeback:             0 kB
AnonPages:        664424 kB
Mapped:           390628 kB
Shmem:               700 kB
Slab:              41660 kB
SReclaimable:      14112 kB
SUnreclaim:        27548 kB
KernelStack:       12120 kB
PageTables:        42920 kB
NFS_Unstable:          0 kB
Bounce:                0 kB
WritebackTmp:          0 kB
CommitLimit:     1980048 kB
Committed_AS:   87113408 kB
VmallocTotal:     458752 kB
VmallocUsed:      114264 kB
VmallocChunk:     154628 kB
Time pass: 31 sec

---2015-12-08 17:44:29
MemTotal:        1862952 kB
MemFree:           41636 kB
Buffers:            9188 kB
Cached:           755828 kB
SwapCached:         2984 kB
Active:           611296 kB
Inactive:         815792 kB
Active(anon):     368100 kB
Inactive(anon):   295944 kB
Active(file):     243196 kB
Inactive(file):   519848 kB
Unevictable:        1272 kB
Mlocked:               0 kB
HighTotal:       1436668 kB
HighFree:           4052 kB
LowTotal:         426284 kB
LowFree:           37584 kB
SwapTotal:       1048572 kB
SwapFree:        1024552 kB
Dirty:               192 kB
Writeback:             0 kB
AnonPages:        661756 kB
Mapped:           413068 kB
Shmem:               700 kB
Slab:              41472 kB
SReclaimable:      14080 kB
SUnreclaim:        27392 kB
KernelStack:       12072 kB
PageTables:        43056 kB
NFS_Unstable:          0 kB
Bounce:                0 kB
WritebackTmp:          0 kB
CommitLimit:     1980048 kB
Committed_AS:   87120960 kB
VmallocTotal:     458752 kB
VmallocUsed:      114260 kB
VmallocChunk:     154628 kB
Time pass: 35 sec

---2015-12-08 17:44:29
MemTotal:        1862952 kB
MemFree:           43016 kB
Buffers:            9196 kB
Cached:           755848 kB
SwapCached:         2984 kB
Active:           609680 kB
Inactive:         815812 kB
Active(anon):     366484 kB
Inactive(anon):   295936 kB
Active(file):     243196 kB
Inactive(file):   519876 kB
Unevictable:        1272 kB
Mlocked:               0 kB
HighTotal:       1436668 kB
HighFree:           5416 kB
LowTotal:         426284 kB
LowFree:           37600 kB
SwapTotal:       1048572 kB
SwapFree:        1024552 kB
Dirty:                20 kB
Writeback:             0 kB
AnonPages:        660136 kB
Mapped:           413152 kB
Shmem:               700 kB
Slab:              41476 kB
SReclaimable:      14080 kB
SUnreclaim:        27396 kB
KernelStack:       12072 kB
PageTables:        43056 kB
NFS_Unstable:          0 kB
Bounce:                0 kB
WritebackTmp:          0 kB
CommitLimit:     1980048 kB
Committed_AS:   87121240 kB
VmallocTotal:     458752 kB
VmallocUsed:      114260 kB
VmallocChunk:     154628 kB
Time pass: 38 sec

---2015-12-08 17:44:29
MemTotal:        1862952 kB
MemFree:           41280 kB
Buffers:            9204 kB
Cached:           755972 kB
SwapCached:         2984 kB
Active:           611096 kB
Inactive:         815900 kB
Active(anon):     367900 kB
Inactive(anon):   295936 kB
Active(file):     243196 kB
Inactive(file):   519964 kB
Unevictable:        1272 kB
Mlocked:               0 kB
HighTotal:       1436668 kB
HighFree:           3804 kB
LowTotal:         426284 kB
LowFree:           37476 kB
SwapTotal:       1048572 kB
SwapFree:        1024552 kB
Dirty:                36 kB
Writeback:             0 kB
AnonPages:        661564 kB
Mapped:           413528 kB
Shmem:               700 kB
Slab:              41476 kB
SReclaimable:      14080 kB
SUnreclaim:        27396 kB
KernelStack:       12072 kB
PageTables:        43132 kB
NFS_Unstable:          0 kB
Bounce:                0 kB
WritebackTmp:          0 kB
CommitLimit:     1980048 kB
Committed_AS:   87121680 kB
VmallocTotal:     458752 kB
VmallocUsed:      114340 kB
VmallocChunk:     154628 kB
Time pass: 42 sec

---2015-12-08 17:44:29
MemTotal:        1862952 kB
MemFree:           29580 kB
Buffers:            9220 kB
Cached:           726824 kB
SwapCached:         3276 kB
Active:           623636 kB
Inactive:         776260 kB
Active(anon):     331968 kB
Inactive(anon):   334796 kB
Active(file):     291668 kB
Inactive(file):   441464 kB
Unevictable:        2140 kB
Mlocked:               0 kB
HighTotal:       1436668 kB
HighFree:           5180 kB
LowTotal:         426284 kB
LowFree:           24400 kB
SwapTotal:       1048572 kB
SwapFree:        1010776 kB
Dirty:                56 kB
Writeback:             0 kB
AnonPages:        664120 kB
Mapped:           409764 kB
Shmem:               696 kB
Slab:              41628 kB
SReclaimable:      14072 kB
SUnreclaim:        27556 kB
KernelStack:       12168 kB
PageTables:        43260 kB
NFS_Unstable:          0 kB
Bounce:                0 kB
WritebackTmp:          0 kB
CommitLimit:     1980048 kB
Committed_AS:   87139696 kB
VmallocTotal:     458752 kB
VmallocUsed:      114508 kB
VmallocChunk:     154628 kB
Time pass: 46 sec

---2015-12-08 17:44:29
MemTotal:        1862952 kB
MemFree:           39048 kB
Buffers:            9228 kB
Cached:           721528 kB
SwapCached:         3280 kB
Active:           624916 kB
Inactive:         771004 kB
Active(anon):     333088 kB
Inactive(anon):   334920 kB
Active(file):     291828 kB
Inactive(file):   436084 kB
Unevictable:        2140 kB
Mlocked:               0 kB
HighTotal:       1436668 kB
HighFree:           8344 kB
LowTotal:         426284 kB
LowFree:           30704 kB
SwapTotal:       1048572 kB
SwapFree:        1008280 kB
Dirty:                72 kB
Writeback:             0 kB
AnonPages:        665192 kB
Mapped:           412748 kB
Shmem:               696 kB
Slab:              41664 kB
SReclaimable:      14072 kB
SUnreclaim:        27592 kB
KernelStack:       12104 kB
PageTables:        43160 kB
NFS_Unstable:          0 kB
Bounce:                0 kB
WritebackTmp:          0 kB
CommitLimit:     1980048 kB
Committed_AS:   87148904 kB
VmallocTotal:     458752 kB
VmallocUsed:      114688 kB
VmallocChunk:     154628 kB
Time pass: 50 sec

---2015-12-08 17:44:29
MemTotal:        1862952 kB
MemFree:           35232 kB
Buffers:            9228 kB
Cached:           722472 kB
SwapCached:         3296 kB
Active:           639756 kB
Inactive:         771716 kB
Active(anon):     347776 kB
Inactive(anon):   334908 kB
Active(file):     291980 kB
Inactive(file):   436808 kB
Unevictable:        2140 kB
Mlocked:               0 kB
HighTotal:       1436668 kB
HighFree:           2732 kB
LowTotal:         426284 kB
LowFree:           32500 kB
SwapTotal:       1048572 kB
SwapFree:        1008280 kB
Dirty:               276 kB
Writeback:             0 kB
AnonPages:        680164 kB
Mapped:           408108 kB
Shmem:               700 kB
Slab:              41740 kB
SReclaimable:      14096 kB
SUnreclaim:        27644 kB
KernelStack:       12272 kB
PageTables:        43232 kB
NFS_Unstable:          0 kB
Bounce:                0 kB
WritebackTmp:          0 kB
CommitLimit:     1980048 kB
Committed_AS:   87153392 kB
VmallocTotal:     458752 kB
VmallocUsed:      114664 kB
VmallocChunk:     154628 kB
Time pass: 53 sec

---2015-12-08 17:44:29
MemTotal:        1862952 kB
MemFree:           37744 kB
Buffers:            9248 kB
Cached:           680276 kB
SwapCached:         3376 kB
Active:           631132 kB
Inactive:         728864 kB
Active(anon):     332112 kB
Inactive(anon):   341376 kB
Active(file):     299020 kB
Inactive(file):   387488 kB
Unevictable:        2140 kB
Mlocked:               0 kB
HighTotal:       1436668 kB
HighFree:          11816 kB
LowTotal:         426284 kB
LowFree:           25928 kB
SwapTotal:       1048572 kB
SwapFree:        1001096 kB
Dirty:              1380 kB
Writeback:             0 kB
AnonPages:        670792 kB
Mapped:           452560 kB
Shmem:               700 kB
Slab:              41860 kB
SReclaimable:      14108 kB
SUnreclaim:        27752 kB
KernelStack:       12216 kB
PageTables:        43400 kB
NFS_Unstable:          0 kB
Bounce:                0 kB
WritebackTmp:          0 kB
CommitLimit:     1980048 kB
Committed_AS:   87157592 kB
VmallocTotal:     458752 kB
VmallocUsed:      114728 kB
VmallocChunk:     154628 kB
Time pass: 57 sec

---2015-12-08 17:44:29
MemTotal:        1862952 kB
MemFree:           38444 kB
Buffers:            9260 kB
Cached:           680456 kB
SwapCached:         3380 kB
Active:           631432 kB
Inactive:         729096 kB
Active(anon):     332384 kB
Inactive(anon):   341272 kB
Active(file):     299048 kB
Inactive(file):   387824 kB
Unevictable:        2140 kB
Mlocked:               0 kB
HighTotal:       1436668 kB
HighFree:          11808 kB
LowTotal:         426284 kB
LowFree:           26636 kB
SwapTotal:       1048572 kB
SwapFree:        1001096 kB
Dirty:                76 kB
Writeback:             0 kB
AnonPages:        670988 kB
Mapped:           452636 kB
Shmem:               700 kB
Slab:              41840 kB
SReclaimable:      14092 kB
SUnreclaim:        27748 kB
KernelStack:       12152 kB
PageTables:        43360 kB
NFS_Unstable:          0 kB
Bounce:                0 kB
WritebackTmp:          0 kB
CommitLimit:     1980048 kB
Committed_AS:   87157672 kB
VmallocTotal:     458752 kB
VmallocUsed:      114648 kB
VmallocChunk:     154628 kB
Time pass: 60 sec

---2015-12-08 17:44:29
MemTotal:        1862952 kB
MemFree:           37520 kB
Buffers:            9260 kB
Cached:           662848 kB
SwapCached:         3384 kB
Active:           632872 kB
Inactive:         712612 kB
Active(anon):     333720 kB
Inactive(anon):   342496 kB
Active(file):     299152 kB
Inactive(file):   370116 kB
Unevictable:        2140 kB
Mlocked:               0 kB
HighTotal:       1436668 kB
HighFree:          11688 kB
LowTotal:         426284 kB
LowFree:           25832 kB
SwapTotal:       1048572 kB
SwapFree:        1000556 kB
Dirty:               320 kB
Writeback:             0 kB
AnonPages:        673560 kB
Mapped:           465124 kB
Shmem:               700 kB
Slab:              41776 kB
SReclaimable:      14084 kB
SUnreclaim:        27692 kB
KernelStack:       12152 kB
PageTables:        43396 kB
NFS_Unstable:          0 kB
Bounce:                0 kB
WritebackTmp:          0 kB
CommitLimit:     1980048 kB
Committed_AS:   87158976 kB
VmallocTotal:     458752 kB
VmallocUsed:      114688 kB
VmallocChunk:     154628 kB
Time pass: 64 sec

---2015-12-08 17:44:29
MemTotal:        1862952 kB
MemFree:           35468 kB
Buffers:            9268 kB
Cached:           662848 kB
SwapCached:         3384 kB
Active:           633028 kB
Inactive:         712612 kB
Active(anon):     333868 kB
Inactive(anon):   342496 kB
Active(file):     299160 kB
Inactive(file):   370116 kB
Unevictable:        2140 kB
Mlocked:               0 kB
HighTotal:       1436668 kB
HighFree:          10324 kB
LowTotal:         426284 kB
LowFree:           25144 kB
SwapTotal:       1048572 kB
SwapFree:        1000556 kB
Dirty:                36 kB
Writeback:             0 kB
AnonPages:        673752 kB
Mapped:           465276 kB
Shmem:               700 kB
Slab:              41892 kB
SReclaimable:      14140 kB
SUnreclaim:        27752 kB
KernelStack:       12240 kB
PageTables:        43396 kB
NFS_Unstable:          0 kB
Bounce:                0 kB
WritebackTmp:          0 kB
CommitLimit:     1980048 kB
Committed_AS:   87159216 kB
VmallocTotal:     458752 kB
VmallocUsed:      114928 kB
VmallocChunk:     154628 kB
Time pass: 68 sec

---2015-12-08 17:44:29
MemTotal:        1862952 kB
MemFree:           35804 kB
Buffers:            9268 kB
Cached:           635992 kB
SwapCached:         3392 kB
Active:           640776 kB
Inactive:         683808 kB
Active(anon):     338508 kB
Inactive(anon):   343656 kB
Active(file):     302268 kB
Inactive(file):   340152 kB
Unevictable:        2140 kB
Mlocked:               0 kB
HighTotal:       1436668 kB
HighFree:           5996 kB
LowTotal:         426284 kB
LowFree:           29808 kB
SwapTotal:       1048572 kB
SwapFree:         999152 kB
Dirty:                 4 kB
Writeback:             0 kB
AnonPages:        679488 kB
Mapped:           475044 kB
Shmem:               700 kB
Slab:              41972 kB
SReclaimable:      14100 kB
SUnreclaim:        27872 kB
KernelStack:       12152 kB
PageTables:        43492 kB
NFS_Unstable:          0 kB
Bounce:                0 kB
WritebackTmp:          0 kB
CommitLimit:     1980048 kB
Committed_AS:   87167936 kB
VmallocTotal:     458752 kB
VmallocUsed:      114852 kB
VmallocChunk:     154628 kB
Time pass: 71 sec

---2015-12-08 17:44:29
MemTotal:        1862952 kB
MemFree:           30464 kB
Buffers:            9292 kB
Cached:           633644 kB
SwapCached:         3408 kB
Active:           641788 kB
Inactive:         687956 kB
Active(anon):     340628 kB
Inactive(anon):   349044 kB
Active(file):     301160 kB
Inactive(file):   338912 kB
Unevictable:        2140 kB
Mlocked:               0 kB
HighTotal:       1436668 kB
HighFree:           4892 kB
LowTotal:         426284 kB
LowFree:           25572 kB
SwapTotal:       1048572 kB
SwapFree:         998784 kB
Dirty:               400 kB
Writeback:             0 kB
AnonPages:        686888 kB
Mapped:           479000 kB
Shmem:               700 kB
Slab:              41884 kB
SReclaimable:      14092 kB
SUnreclaim:        27792 kB
KernelStack:       12304 kB
PageTables:        43460 kB
NFS_Unstable:          0 kB
Bounce:                0 kB
WritebackTmp:          0 kB
CommitLimit:     1980048 kB
Committed_AS:   87177588 kB
VmallocTotal:     458752 kB
VmallocUsed:      114932 kB
VmallocChunk:     154628 kB
Time pass: 75 sec

---2015-12-08 17:44:29
MemTotal:        1862952 kB
MemFree:           43164 kB
Buffers:            9324 kB
Cached:           603372 kB
SwapCached:         4332 kB
Active:           656468 kB
Inactive:         651656 kB
Active(anon):     350188 kB
Inactive(anon):   348412 kB
Active(file):     306280 kB
Inactive(file):   303244 kB
Unevictable:        2324 kB
Mlocked:               0 kB
HighTotal:       1436668 kB
HighFree:          16996 kB
LowTotal:         426284 kB
LowFree:           26168 kB
SwapTotal:       1048572 kB
SwapFree:         994856 kB
Dirty:                 0 kB
Writeback:             0 kB
AnonPages:        695068 kB
Mapped:           479072 kB
Shmem:               848 kB
Slab:              42284 kB
SReclaimable:      14108 kB
SUnreclaim:        28176 kB
KernelStack:       12440 kB
PageTables:        43620 kB
NFS_Unstable:          0 kB
Bounce:                0 kB
WritebackTmp:          0 kB
CommitLimit:     1980048 kB
Committed_AS:   87197460 kB
VmallocTotal:     458752 kB
VmallocUsed:      118736 kB
VmallocChunk:     154628 kB
Time pass: 80 sec

---2015-12-08 17:44:29
MemTotal:        1862952 kB
MemFree:           30932 kB
Buffers:            9356 kB
Cached:           583356 kB
SwapCached:         4404 kB
Active:           647156 kB
Inactive:         643444 kB
Active(anon):     351128 kB
Inactive(anon):   350036 kB
Active(file):     296028 kB
Inactive(file):   293408 kB
Unevictable:        2368 kB
Mlocked:               0 kB
HighTotal:       1436668 kB
HighFree:           5840 kB
LowTotal:         426284 kB
LowFree:           25092 kB
SwapTotal:       1048572 kB
SwapFree:         992832 kB
Dirty:                 0 kB
Writeback:             0 kB
AnonPages:        697280 kB
Mapped:           477704 kB
Shmem:               880 kB
Slab:              42316 kB
SReclaimable:      14108 kB
SUnreclaim:        28208 kB
KernelStack:       12488 kB
PageTables:        43856 kB
NFS_Unstable:          0 kB
Bounce:                0 kB
WritebackTmp:          0 kB
CommitLimit:     1980048 kB
Committed_AS:   87202660 kB
VmallocTotal:     458752 kB
VmallocUsed:      122656 kB
VmallocChunk:     154628 kB
Time pass: 84 sec

---2015-12-08 17:44:29
MemTotal:        1862952 kB
MemFree:           29720 kB
Buffers:            9388 kB
Cached:           581384 kB
SwapCached:         4392 kB
Active:           646904 kB
Inactive:         644500 kB
Active(anon):     351856 kB
Inactive(anon):   352136 kB
Active(file):     295048 kB
Inactive(file):   292364 kB
Unevictable:        2368 kB
Mlocked:               0 kB
HighTotal:       1436668 kB
HighFree:           4960 kB
LowTotal:         426284 kB
LowFree:           24760 kB
SwapTotal:       1048572 kB
SwapFree:         992728 kB
Dirty:                44 kB
Writeback:             0 kB
AnonPages:        700188 kB
Mapped:           477636 kB
Shmem:               992 kB
Slab:              42400 kB
SReclaimable:      14108 kB
SUnreclaim:        28292 kB
KernelStack:       12432 kB
PageTables:        43860 kB
NFS_Unstable:          0 kB
Bounce:                0 kB
WritebackTmp:          0 kB
CommitLimit:     1980048 kB
Committed_AS:   87208956 kB
VmallocTotal:     458752 kB
VmallocUsed:      122576 kB
VmallocChunk:     154628 kB
Time pass: 89 sec

---2015-12-08 17:44:29
MemTotal:        1862952 kB
MemFree:           29112 kB
Buffers:            9388 kB
Cached:           581384 kB
SwapCached:         4392 kB
Active:           646616 kB
Inactive:         644504 kB
Active(anon):     351568 kB
Inactive(anon):   352140 kB
Active(file):     295048 kB
Inactive(file):   292364 kB
Unevictable:        2368 kB
Mlocked:               0 kB
HighTotal:       1436668 kB
HighFree:           4812 kB
LowTotal:         426284 kB
LowFree:           24300 kB
SwapTotal:       1048572 kB
SwapFree:         992732 kB
Dirty:                 8 kB
Writeback:             0 kB
AnonPages:        699792 kB
Mapped:           477668 kB
Shmem:               992 kB
Slab:              42432 kB
SReclaimable:      14108 kB
SUnreclaim:        28324 kB
KernelStack:       12472 kB
PageTables:        43864 kB
NFS_Unstable:          0 kB
Bounce:                0 kB
WritebackTmp:          0 kB
CommitLimit:     1980048 kB
Committed_AS:   87208948 kB
VmallocTotal:     458752 kB
VmallocUsed:      122656 kB
VmallocChunk:     154628 kB
Time pass: 93 sec

---2015-12-08 17:44:29
MemTotal:        1862952 kB
MemFree:           28192 kB
Buffers:            9412 kB
Cached:           577672 kB
SwapCached:         4404 kB
Active:           647140 kB
Inactive:         644532 kB
Active(anon):     354020 kB
Inactive(anon):   354148 kB
Active(file):     293120 kB
Inactive(file):   290384 kB
Unevictable:        2368 kB
Mlocked:               0 kB
HighTotal:       1436668 kB
HighFree:           4120 kB
LowTotal:         426284 kB
LowFree:           24072 kB
SwapTotal:       1048572 kB
SwapFree:         991596 kB
Dirty:                44 kB
Writeback:             0 kB
AnonPages:        704156 kB
Mapped:           478040 kB
Shmem:               992 kB
Slab:              42432 kB
SReclaimable:      14108 kB
SUnreclaim:        28324 kB
KernelStack:       12472 kB
PageTables:        44240 kB
NFS_Unstable:          0 kB
Bounce:                0 kB
WritebackTmp:          0 kB
CommitLimit:     1980048 kB
Committed_AS:   88647324 kB
VmallocTotal:     458752 kB
VmallocUsed:      122656 kB
VmallocChunk:     154628 kB
Time pass: 97 sec

---2015-12-08 17:44:29
MemTotal:        1862952 kB
MemFree:          365244 kB
Buffers:            9496 kB
Cached:           578172 kB
SwapCached:         5012 kB
Active:           554096 kB
Inactive:         639948 kB
Active(anon):     257280 kB
Inactive(anon):   352028 kB
Active(file):     296816 kB
Inactive(file):   287920 kB
Unevictable:        2368 kB
Mlocked:               0 kB
HighTotal:       1436668 kB
HighFree:         243404 kB
LowTotal:         426284 kB
LowFree:          121840 kB
SwapTotal:       1048572 kB
SwapFree:         991372 kB
Dirty:                64 kB
Writeback:             0 kB
AnonPages:        605268 kB
Mapped:           330928 kB
Shmem:               564 kB
Slab:              42272 kB
SReclaimable:      14116 kB
SUnreclaim:        28156 kB
KernelStack:       11504 kB
PageTables:        41420 kB
NFS_Unstable:          0 kB
Bounce:                0 kB
WritebackTmp:          0 kB
CommitLimit:     1980048 kB
Committed_AS:   84540724 kB
VmallocTotal:     458752 kB
VmallocUsed:      111940 kB
VmallocChunk:     154628 kB
Time pass: 101 sec

---2015-12-08 17:44:29
MemTotal:        1862952 kB
MemFree:          374256 kB
Buffers:            9504 kB
Cached:           578636 kB
SwapCached:         5052 kB
Active:           559088 kB
Inactive:         639496 kB
Active(anon):     262224 kB
Inactive(anon):   351148 kB
Active(file):     296864 kB
Inactive(file):   288348 kB
Unevictable:        2368 kB
Mlocked:               0 kB
HighTotal:       1436668 kB
HighFree:         252696 kB
LowTotal:         426284 kB
LowFree:          121560 kB
SwapTotal:       1048572 kB
SwapFree:         991372 kB
Dirty:                 0 kB
Writeback:             0 kB
AnonPages:        609028 kB
Mapped:           331676 kB
Shmem:               564 kB
Slab:              42216 kB
SReclaimable:      14116 kB
SUnreclaim:        28100 kB
KernelStack:       11568 kB
PageTables:        41440 kB
NFS_Unstable:          0 kB
Bounce:                0 kB
WritebackTmp:          0 kB
CommitLimit:     1980048 kB
Committed_AS:   84541604 kB
VmallocTotal:     458752 kB
VmallocUsed:      112100 kB
VmallocChunk:     154628 kB
Time pass: 105 sec

---2015-12-08 17:44:29
MemTotal:        1862952 kB
MemFree:          377492 kB
Buffers:            9504 kB
Cached:           578640 kB
SwapCached:         5052 kB
Active:           558032 kB
Inactive:         639392 kB
Active(anon):     261168 kB
Inactive(anon):   351044 kB
Active(file):     296864 kB
Inactive(file):   288348 kB
Unevictable:        2368 kB
Mlocked:               0 kB
HighTotal:       1436668 kB
HighFree:         255244 kB
LowTotal:         426284 kB
LowFree:          122248 kB
SwapTotal:       1048572 kB
SwapFree:         991372 kB
Dirty:                 4 kB
Writeback:             0 kB
AnonPages:        608172 kB
Mapped:           331736 kB
Shmem:               564 kB
Slab:              42180 kB
SReclaimable:      14116 kB
SUnreclaim:        28064 kB
KernelStack:       11488 kB
PageTables:        41460 kB
NFS_Unstable:          0 kB
Bounce:                0 kB
WritebackTmp:          0 kB
CommitLimit:     1980048 kB
Committed_AS:   84541940 kB
VmallocTotal:     458752 kB
VmallocUsed:      111860 kB
VmallocChunk:     154628 kB
Time pass: 109 sec

---2015-12-08 17:44:29
MemTotal:        1862952 kB
MemFree:          376708 kB
Buffers:            9512 kB
Cached:           578640 kB
SwapCached:         5052 kB
Active:           558180 kB
Inactive:         639400 kB
Active(anon):     261316 kB
Inactive(anon):   351044 kB
Active(file):     296864 kB
Inactive(file):   288356 kB
Unevictable:        2368 kB
Mlocked:               0 kB
HighTotal:       1436668 kB
HighFree:         254624 kB
LowTotal:         426284 kB
LowFree:          122084 kB
SwapTotal:       1048572 kB
SwapFree:         991380 kB
Dirty:                56 kB
Writeback:             0 kB
AnonPages:        608368 kB
Mapped:           331816 kB
Shmem:               564 kB
Slab:              42180 kB
SReclaimable:      14116 kB
SUnreclaim:        28064 kB
KernelStack:       11472 kB
PageTables:        41448 kB
NFS_Unstable:          0 kB
Bounce:                0 kB
WritebackTmp:          0 kB
CommitLimit:     1980048 kB
Committed_AS:   84541980 kB
VmallocTotal:     458752 kB
VmallocUsed:      111940 kB
VmallocChunk:     154628 kB
Time pass: 112 sec

---2015-12-08 17:44:29
MemTotal:        1862952 kB
MemFree:          377280 kB
Buffers:            9512 kB
Cached:           578640 kB
SwapCached:         5052 kB
Active:           558316 kB
Inactive:         639400 kB
Active(anon):     261452 kB
Inactive(anon):   351044 kB
Active(file):     296864 kB
Inactive(file):   288356 kB
Unevictable:        2368 kB
Mlocked:               0 kB
HighTotal:       1436668 kB
HighFree:         254928 kB
LowTotal:         426284 kB
LowFree:          122352 kB
SwapTotal:       1048572 kB
SwapFree:         991380 kB
Dirty:                 0 kB
Writeback:             0 kB
AnonPages:        608444 kB
Mapped:           331756 kB
Shmem:               564 kB
Slab:              42144 kB
SReclaimable:      14116 kB
SUnreclaim:        28028 kB
KernelStack:       11464 kB
PageTables:        41448 kB
NFS_Unstable:          0 kB
Bounce:                0 kB
WritebackTmp:          0 kB
CommitLimit:     1980048 kB
Committed_AS:   84542132 kB
VmallocTotal:     458752 kB
VmallocUsed:      111860 kB
VmallocChunk:     154628 kB
Time pass: 116 sec

---2015-12-08 17:44:29
MemTotal:        1862952 kB
MemFree:          377148 kB
Buffers:            9520 kB
Cached:           578640 kB
SwapCached:         5068 kB
Active:           558460 kB
Inactive:         639444 kB
Active(anon):     261596 kB
Inactive(anon):   351080 kB
Active(file):     296864 kB
Inactive(file):   288364 kB
Unevictable:        2368 kB
Mlocked:               0 kB
HighTotal:       1436668 kB
HighFree:         254804 kB
LowTotal:         426284 kB
LowFree:          122344 kB
SwapTotal:       1048572 kB
SwapFree:         991400 kB
Dirty:                 8 kB
Writeback:             0 kB
AnonPages:        608664 kB
Mapped:           331756 kB
Shmem:               564 kB
Slab:              42144 kB
SReclaimable:      14116 kB
SUnreclaim:        28028 kB
KernelStack:       11472 kB
PageTables:        41448 kB
NFS_Unstable:          0 kB
Bounce:                0 kB
WritebackTmp:          0 kB
CommitLimit:     1980048 kB
Committed_AS:   84542260 kB
VmallocTotal:     458752 kB
VmallocUsed:      111860 kB
VmallocChunk:     154628 kB
Time pass: 120 sec

---2015-12-08 17:44:29
MemTotal:        1862952 kB
MemFree:          376892 kB
Buffers:            9520 kB
Cached:           578644 kB
SwapCached:         5060 kB
Active:           558632 kB
Inactive:         639448 kB
Active(anon):     261768 kB
Inactive(anon):   351080 kB
Active(file):     296864 kB
Inactive(file):   288368 kB
Unevictable:        2368 kB
Mlocked:               0 kB
HighTotal:       1436668 kB
HighFree:         254556 kB
LowTotal:         426284 kB
LowFree:          122336 kB
SwapTotal:       1048572 kB
SwapFree:         991408 kB
Dirty:                 0 kB
Writeback:             8 kB
AnonPages:        608804 kB
Mapped:           331756 kB
Shmem:               564 kB
Slab:              42144 kB
SReclaimable:      14116 kB
SUnreclaim:        28028 kB
KernelStack:       11472 kB
PageTables:        41448 kB
NFS_Unstable:          0 kB
Bounce:                0 kB
WritebackTmp:          0 kB
CommitLimit:     1980048 kB
Committed_AS:   84542332 kB
VmallocTotal:     458752 kB
VmallocUsed:      111860 kB
VmallocChunk:     154628 kB
Time pass: 123 sec

---2015-12-08 17:44:29
MemTotal:        1862952 kB
MemFree:          376488 kB
Buffers:            9528 kB
Cached:           578644 kB
SwapCached:         5060 kB
Active:           559052 kB
Inactive:         639452 kB
Active(anon):     262188 kB
Inactive(anon):   351084 kB
Active(file):     296864 kB
Inactive(file):   288368 kB
Unevictable:        2368 kB
Mlocked:               0 kB
HighTotal:       1436668 kB
HighFree:         254184 kB
LowTotal:         426284 kB
LowFree:          122304 kB
SwapTotal:       1048572 kB
SwapFree:         991412 kB
Dirty:                12 kB
Writeback:             0 kB
AnonPages:        609240 kB
Mapped:           331820 kB
Shmem:               564 kB
Slab:              42144 kB
SReclaimable:      14116 kB
SUnreclaim:        28028 kB
KernelStack:       11472 kB
PageTables:        41448 kB
NFS_Unstable:          0 kB
Bounce:                0 kB
WritebackTmp:          0 kB
CommitLimit:     1980048 kB
Committed_AS:   84544192 kB
VmallocTotal:     458752 kB
VmallocUsed:      111860 kB
VmallocChunk:     154628 kB
Time pass: 127 sec

---2015-12-08 17:44:29
MemTotal:        1862952 kB
MemFree:          376528 kB
Buffers:            9528 kB
Cached:           578644 kB
SwapCached:         5060 kB
Active:           558944 kB
Inactive:         639456 kB
Active(anon):     262076 kB
Inactive(anon):   351084 kB
Active(file):     296868 kB
Inactive(file):   288372 kB
Unevictable:        2368 kB
Mlocked:               0 kB
HighTotal:       1436668 kB
HighFree:         254184 kB
LowTotal:         426284 kB
LowFree:          122344 kB
SwapTotal:       1048572 kB
SwapFree:         991412 kB
Dirty:                 0 kB
Writeback:             0 kB
AnonPages:        609132 kB
Mapped:           331756 kB
Shmem:               564 kB
Slab:              42144 kB
SReclaimable:      14116 kB
SUnreclaim:        28028 kB
KernelStack:       11472 kB
PageTables:        41448 kB
NFS_Unstable:          0 kB
Bounce:                0 kB
WritebackTmp:          0 kB
CommitLimit:     1980048 kB
Committed_AS:   84542620 kB
VmallocTotal:     458752 kB
VmallocUsed:      111860 kB
VmallocChunk:     154628 kB
Time pass: 130 sec

---2015-12-08 17:44:29
MemTotal:        1862952 kB
MemFree:          292964 kB
Buffers:            9568 kB
Cached:           581332 kB
SwapCached:         5280 kB
Active:           587932 kB
Inactive:         641300 kB
Active(anon):     290012 kB
Inactive(anon):   351384 kB
Active(file):     297920 kB
Inactive(file):   289916 kB
Unevictable:        2368 kB
Mlocked:               0 kB
HighTotal:       1436668 kB
HighFree:         184080 kB
LowTotal:         426284 kB
LowFree:          108884 kB
SwapTotal:       1048572 kB
SwapFree:         991484 kB
Dirty:               912 kB
Writeback:             0 kB
AnonPages:        637200 kB
Mapped:           352784 kB
Shmem:               696 kB
Slab:              42140 kB
SReclaimable:      14116 kB
SUnreclaim:        28024 kB
KernelStack:       12008 kB
PageTables:        42480 kB
NFS_Unstable:          0 kB
Bounce:                0 kB
WritebackTmp:          0 kB
CommitLimit:     1980048 kB
Committed_AS:   85866720 kB
VmallocTotal:     458752 kB
VmallocUsed:      113192 kB
VmallocChunk:     154628 kB
Time pass: 134 sec

---2015-12-08 17:44:29
MemTotal:        1862952 kB
MemFree:          218824 kB
Buffers:            9576 kB
Cached:           582940 kB
SwapCached:         5320 kB
Active:           613132 kB
Inactive:         641504 kB
Active(anon):     313640 kB
Inactive(anon):   351464 kB
Active(file):     299492 kB
Inactive(file):   290040 kB
Unevictable:        2368 kB
Mlocked:               0 kB
HighTotal:       1436668 kB
HighFree:         121588 kB
LowTotal:         426284 kB
LowFree:           97236 kB
SwapTotal:       1048572 kB
SwapFree:         991540 kB
Dirty:               748 kB
Writeback:             0 kB
AnonPages:        660936 kB
Mapped:           382952 kB
Shmem:               700 kB
Slab:              42192 kB
SReclaimable:      14124 kB
SUnreclaim:        28068 kB
KernelStack:       12104 kB
PageTables:        42628 kB
NFS_Unstable:          0 kB
Bounce:                0 kB
WritebackTmp:          0 kB
CommitLimit:     1980048 kB
Committed_AS:   85895592 kB
VmallocTotal:     458752 kB
VmallocUsed:      113476 kB
VmallocChunk:     154628 kB
Time pass: 138 sec

---2015-12-08 17:44:29
MemTotal:        1862952 kB
MemFree:          166360 kB
Buffers:            9584 kB
Cached:           584032 kB
SwapCached:         5344 kB
Active:           624404 kB
Inactive:         641380 kB
Active(anon):     323752 kB
Inactive(anon):   351484 kB
Active(file):     300652 kB
Inactive(file):   289896 kB
Unevictable:        2368 kB
Mlocked:               0 kB
HighTotal:       1436668 kB
HighFree:          63936 kB
LowTotal:         426284 kB
LowFree:          102424 kB
SwapTotal:       1048572 kB
SwapFree:         991628 kB
Dirty:              2112 kB
Writeback:             0 kB
AnonPages:        670848 kB
Mapped:           417272 kB
Shmem:               700 kB
Slab:              42124 kB
SReclaimable:      14120 kB
SUnreclaim:        28004 kB
KernelStack:       12088 kB
PageTables:        42780 kB
NFS_Unstable:          0 kB
Bounce:                0 kB
WritebackTmp:          0 kB
CommitLimit:     1980048 kB
Committed_AS:   85909312 kB
VmallocTotal:     458752 kB
VmallocUsed:      113512 kB
VmallocChunk:     154628 kB
Time pass: 141 sec

---2015-12-08 17:44:29
MemTotal:        1862952 kB
MemFree:          136740 kB
Buffers:            9584 kB
Cached:           584296 kB
SwapCached:         5344 kB
Active:           619528 kB
Inactive:         641232 kB
Active(anon):     318436 kB
Inactive(anon):   351508 kB
Active(file):     301092 kB
Inactive(file):   289724 kB
Unevictable:        2368 kB
Mlocked:               0 kB
HighTotal:       1436668 kB
HighFree:          34228 kB
LowTotal:         426284 kB
LowFree:          102512 kB
SwapTotal:       1048572 kB
SwapFree:         991632 kB
Dirty:              1056 kB
Writeback:             0 kB
AnonPages:        665528 kB
Mapped:           448132 kB
Shmem:               700 kB
Slab:              42188 kB
SReclaimable:      14120 kB
SUnreclaim:        28068 kB
KernelStack:       12056 kB
PageTables:        42840 kB
NFS_Unstable:          0 kB
Bounce:                0 kB
WritebackTmp:          0 kB
CommitLimit:     1980048 kB
Committed_AS:   85910408 kB
VmallocTotal:     458752 kB
VmallocUsed:      113648 kB
VmallocChunk:     154628 kB
Time pass: 145 sec

---2015-12-08 17:44:29
MemTotal:        1862952 kB
MemFree:          137872 kB
Buffers:            9596 kB
Cached:           584384 kB
SwapCached:         5344 kB
Active:           619676 kB
Inactive:         641076 kB
Active(anon):     318508 kB
Inactive(anon):   351332 kB
Active(file):     301168 kB
Inactive(file):   289744 kB
Unevictable:        2368 kB
Mlocked:               0 kB
HighTotal:       1436668 kB
HighFree:          34800 kB
LowTotal:         426284 kB
LowFree:          103072 kB
SwapTotal:       1048572 kB
SwapFree:         991652 kB
Dirty:                 4 kB
Writeback:             0 kB
AnonPages:        665464 kB
Mapped:           448076 kB
Shmem:               700 kB
Slab:              42200 kB
SReclaimable:      14128 kB
SUnreclaim:        28072 kB
KernelStack:       11968 kB
PageTables:        42872 kB
NFS_Unstable:          0 kB
Bounce:                0 kB
WritebackTmp:          0 kB
CommitLimit:     1980048 kB
Committed_AS:   85910408 kB
VmallocTotal:     458752 kB
VmallocUsed:      113568 kB
VmallocChunk:     154628 kB
Time pass: 148 sec

---2015-12-08 17:44:29
MemTotal:        1862952 kB
MemFree:          117296 kB
Buffers:            9604 kB
Cached:           584392 kB
SwapCached:         5380 kB
Active:           627848 kB
Inactive:         641124 kB
Active(anon):     326676 kB
Inactive(anon):   351368 kB
Active(file):     301172 kB
Inactive(file):   289756 kB
Unevictable:        2368 kB
Mlocked:               0 kB
HighTotal:       1436668 kB
HighFree:          12188 kB
LowTotal:         426284 kB
LowFree:          105108 kB
SwapTotal:       1048572 kB
SwapFree:         991656 kB
Dirty:               608 kB
Writeback:             0 kB
AnonPages:        673780 kB
Mapped:           457044 kB
Shmem:               700 kB
Slab:              42156 kB
SReclaimable:      14128 kB
SUnreclaim:        28028 kB
KernelStack:       12008 kB
PageTables:        42940 kB
NFS_Unstable:          0 kB
Bounce:                0 kB
WritebackTmp:          0 kB
CommitLimit:     1980048 kB
Committed_AS:   85919232 kB
VmallocTotal:     458752 kB
VmallocUsed:      113732 kB
VmallocChunk:     154628 kB
Time pass: 152 sec

---2015-12-08 17:44:29
MemTotal:        1862952 kB
MemFree:          117932 kB
Buffers:            9604 kB
Cached:           584452 kB
SwapCached:         5380 kB
Active:           628004 kB
Inactive:         641160 kB
Active(anon):     326832 kB
Inactive(anon):   351352 kB
Active(file):     301172 kB
Inactive(file):   289808 kB
Unevictable:        2368 kB
Mlocked:               0 kB
HighTotal:       1436668 kB
HighFree:          12480 kB
LowTotal:         426284 kB
LowFree:          105452 kB
SwapTotal:       1048572 kB
SwapFree:         991656 kB
Dirty:                68 kB
Writeback:             0 kB
AnonPages:        673824 kB
Mapped:           457004 kB
Shmem:               700 kB
Slab:              42168 kB
SReclaimable:      14112 kB
SUnreclaim:        28056 kB
KernelStack:       11960 kB
PageTables:        42940 kB
NFS_Unstable:          0 kB
Bounce:                0 kB
WritebackTmp:          0 kB
CommitLimit:     1980048 kB
Committed_AS:   85918720 kB
VmallocTotal:     458752 kB
VmallocUsed:      113652 kB
VmallocChunk:     154628 kB
Time pass: 155 sec

---2015-12-08 17:44:29
MemTotal:        1862952 kB
MemFree:          117932 kB
Buffers:            9612 kB
Cached:           584452 kB
SwapCached:         5380 kB
Active:           628008 kB
Inactive:         641176 kB
Active(anon):     326836 kB
Inactive(anon):   351352 kB
Active(file):     301172 kB
Inactive(file):   289824 kB
Unevictable:        2368 kB
Mlocked:               0 kB
HighTotal:       1436668 kB
HighFree:          12480 kB
LowTotal:         426284 kB
LowFree:          105452 kB
SwapTotal:       1048572 kB
SwapFree:         991656 kB
Dirty:                40 kB
Writeback:             0 kB
AnonPages:        673828 kB
Mapped:           457008 kB
Shmem:               700 kB
Slab:              42168 kB
SReclaimable:      14112 kB
SUnreclaim:        28056 kB
KernelStack:       11960 kB
PageTables:        42940 kB
NFS_Unstable:          0 kB
Bounce:                0 kB
WritebackTmp:          0 kB
CommitLimit:     1980048 kB
Committed_AS:   85918920 kB
VmallocTotal:     458752 kB
VmallocUsed:      113652 kB
VmallocChunk:     154628 kB
Time pass: 159 sec

---2015-12-08 17:44:29
MemTotal:        1862952 kB
MemFree:           90992 kB
Buffers:            9644 kB
Cached:           585300 kB
SwapCached:         5392 kB
Active:           643208 kB
Inactive:         641896 kB
Active(anon):     341936 kB
Inactive(anon):   351492 kB
Active(file):     301272 kB
Inactive(file):   290404 kB
Unevictable:        2368 kB
Mlocked:               0 kB
HighTotal:       1436668 kB
HighFree:          10448 kB
LowTotal:         426284 kB
LowFree:           80544 kB
SwapTotal:       1048572 kB
SwapFree:         991676 kB
Dirty:                12 kB
Writeback:             0 kB
AnonPages:        688928 kB
Mapped:           460160 kB
Shmem:               896 kB
Slab:              42208 kB
SReclaimable:      14112 kB
SUnreclaim:        28096 kB
KernelStack:       12344 kB
PageTables:        43588 kB
NFS_Unstable:          0 kB
Bounce:                0 kB
WritebackTmp:          0 kB
CommitLimit:     1980048 kB
Committed_AS:   87185048 kB
VmallocTotal:     458752 kB
VmallocUsed:      118716 kB
VmallocChunk:     154628 kB
Time pass: 163 sec

---2015-12-08 17:44:29
MemTotal:        1862952 kB
MemFree:           90272 kB
Buffers:            9652 kB
Cached:           585288 kB
SwapCached:         5396 kB
Active:           645220 kB
Inactive:         641952 kB
Active(anon):     343948 kB
Inactive(anon):   351536 kB
Active(file):     301272 kB
Inactive(file):   290416 kB
Unevictable:        2368 kB
Mlocked:               0 kB
HighTotal:       1436668 kB
HighFree:           9684 kB
LowTotal:         426284 kB
LowFree:           80588 kB
SwapTotal:       1048572 kB
SwapFree:         991720 kB
Dirty:                12 kB
Writeback:             0 kB
AnonPages:        690880 kB
Mapped:           458600 kB
Shmem:               884 kB
Slab:              42288 kB
SReclaimable:      14112 kB
SUnreclaim:        28176 kB
KernelStack:       12312 kB
PageTables:        43612 kB
NFS_Unstable:          0 kB
Bounce:                0 kB
WritebackTmp:          0 kB
CommitLimit:     1980048 kB
Committed_AS:   87187128 kB
VmallocTotal:     458752 kB
VmallocUsed:      118636 kB
VmallocChunk:     154628 kB
Time pass: 168 sec

---2015-12-08 17:44:29
MemTotal:        1862952 kB
MemFree:           85956 kB
Buffers:            9684 kB
Cached:           585296 kB
SwapCached:         5408 kB
Active:           650104 kB
Inactive:         641940 kB
Active(anon):     348832 kB
Inactive(anon):   351496 kB
Active(file):     301272 kB
Inactive(file):   290444 kB
Unevictable:        2368 kB
Mlocked:               0 kB
HighTotal:       1436668 kB
HighFree:           5656 kB
LowTotal:         426284 kB
LowFree:           80300 kB
SwapTotal:       1048572 kB
SwapFree:         991724 kB
Dirty:                56 kB
Writeback:             0 kB
AnonPages:        695832 kB
Mapped:           458260 kB
Shmem:               896 kB
Slab:              42308 kB
SReclaimable:      14128 kB
SUnreclaim:        28180 kB
KernelStack:       12336 kB
PageTables:        43620 kB
NFS_Unstable:          0 kB
Bounce:                0 kB
WritebackTmp:          0 kB
CommitLimit:     1980048 kB
Committed_AS:   87194368 kB
VmallocTotal:     458752 kB
VmallocUsed:      118716 kB
VmallocChunk:     154628 kB
Time pass: 172 sec

---2015-12-08 17:44:29
MemTotal:        1862952 kB
MemFree:           83524 kB
Buffers:            9700 kB
Cached:           585312 kB
SwapCached:         5404 kB
Active:           652828 kB
Inactive:         641984 kB
Active(anon):     351552 kB
Inactive(anon):   351512 kB
Active(file):     301276 kB
Inactive(file):   290472 kB
Unevictable:        2368 kB
Mlocked:               0 kB
HighTotal:       1436668 kB
HighFree:           3172 kB
LowTotal:         426284 kB
LowFree:           80352 kB
SwapTotal:       1048572 kB
SwapFree:         991728 kB
Dirty:                40 kB
Writeback:             0 kB
AnonPages:        698568 kB
Mapped:           458264 kB
Shmem:               896 kB
Slab:              42372 kB
SReclaimable:      14128 kB
SUnreclaim:        28244 kB
KernelStack:       12312 kB
PageTables:        43636 kB
NFS_Unstable:          0 kB
Bounce:                0 kB
WritebackTmp:          0 kB
CommitLimit:     1980048 kB
Committed_AS:   87198608 kB
VmallocTotal:     458752 kB
VmallocUsed:      118716 kB
VmallocChunk:     154628 kB
Time pass: 176 sec

---2015-12-08 17:44:29
MemTotal:        1862952 kB
MemFree:           81604 kB
Buffers:            9700 kB
Cached:           585312 kB
SwapCached:         5404 kB
Active:           654900 kB
Inactive:         641984 kB
Active(anon):     353624 kB
Inactive(anon):   351512 kB
Active(file):     301276 kB
Inactive(file):   290472 kB
Unevictable:        2368 kB
Mlocked:               0 kB
HighTotal:       1436668 kB
HighFree:           2768 kB
LowTotal:         426284 kB
LowFree:           78836 kB
SwapTotal:       1048572 kB
SwapFree:         991728 kB
Dirty:                44 kB
Writeback:             0 kB
AnonPages:        700592 kB
Mapped:           458288 kB
Shmem:               896 kB
Slab:              42476 kB
SReclaimable:      14128 kB
SUnreclaim:        28348 kB
KernelStack:       12304 kB
PageTables:        43640 kB
NFS_Unstable:          0 kB
Bounce:                0 kB
WritebackTmp:          0 kB
CommitLimit:     1980048 kB
Committed_AS:   87200784 kB
VmallocTotal:     458752 kB
VmallocUsed:      118636 kB
VmallocChunk:     154628 kB
Time pass: 180 sec

---2015-12-08 17:44:29
MemTotal:        1862952 kB
MemFree:           72476 kB
Buffers:            9724 kB
Cached:           585328 kB
SwapCached:         5404 kB
Active:           656620 kB
Inactive:         642024 kB
Active(anon):     355344 kB
Inactive(anon):   351512 kB
Active(file):     301276 kB
Inactive(file):   290512 kB
Unevictable:        2368 kB
Mlocked:               0 kB
HighTotal:       1436668 kB
HighFree:           1292 kB
LowTotal:         426284 kB
LowFree:           71184 kB
SwapTotal:       1048572 kB
SwapFree:         991728 kB
Dirty:                 4 kB
Writeback:             0 kB
AnonPages:        702336 kB
Mapped:           458292 kB
Shmem:               896 kB
Slab:              42448 kB
SReclaimable:      14128 kB
SUnreclaim:        28320 kB
KernelStack:       12328 kB
PageTables:        43708 kB
NFS_Unstable:          0 kB
Bounce:                0 kB
WritebackTmp:          0 kB
CommitLimit:     1980048 kB
Committed_AS:   87203928 kB
VmallocTotal:     458752 kB
VmallocUsed:      119436 kB
VmallocChunk:     154628 kB
Time pass: 184 sec

---2015-12-08 17:44:29
MemTotal:        1862952 kB
MemFree:           70360 kB
Buffers:            9740 kB
Cached:           585588 kB
SwapCached:         5400 kB
Active:           658428 kB
Inactive:         642088 kB
Active(anon):     357152 kB
Inactive(anon):   351352 kB
Active(file):     301276 kB
Inactive(file):   290736 kB
Unevictable:        2368 kB
Mlocked:               0 kB
HighTotal:       1436668 kB
HighFree:           1644 kB
LowTotal:         426284 kB
LowFree:           68716 kB
SwapTotal:       1048572 kB
SwapFree:         991740 kB
Dirty:                40 kB
Writeback:             0 kB
AnonPages:        703928 kB
Mapped:           458316 kB
Shmem:               928 kB
Slab:              42424 kB
SReclaimable:      14128 kB
SUnreclaim:        28296 kB
KernelStack:       12248 kB
PageTables:        43708 kB
NFS_Unstable:          0 kB
Bounce:                0 kB
WritebackTmp:          0 kB
CommitLimit:     1980048 kB
Committed_AS:   87206088 kB
VmallocTotal:     458752 kB
VmallocUsed:      119436 kB
VmallocChunk:     154628 kB
Time pass: 188 sec

---2015-12-08 17:44:29
MemTotal:        1862952 kB
MemFree:           66968 kB
Buffers:            9740 kB
Cached:           585656 kB
SwapCached:         5404 kB
Active:           661212 kB
Inactive:         642216 kB
Active(anon):     359936 kB
Inactive(anon):   351448 kB
Active(file):     301276 kB
Inactive(file):   290768 kB
Unevictable:        2368 kB
Mlocked:               0 kB
HighTotal:       1436668 kB
HighFree:           1644 kB
LowTotal:         426284 kB
LowFree:           65324 kB
SwapTotal:       1048572 kB
SwapFree:         991740 kB
Dirty:                44 kB
Writeback:             0 kB
AnonPages:        706772 kB
Mapped:           458464 kB
Shmem:               984 kB
Slab:              42536 kB
SReclaimable:      14128 kB
SUnreclaim:        28408 kB
KernelStack:       12296 kB
PageTables:        43724 kB
NFS_Unstable:          0 kB
Bounce:                0 kB
WritebackTmp:          0 kB
CommitLimit:     1980048 kB
Committed_AS:   87211752 kB
VmallocTotal:     458752 kB
VmallocUsed:      119516 kB
VmallocChunk:     154628 kB
Time pass: 191 sec

---2015-12-08 17:44:29
MemTotal:        1862952 kB
MemFree:           68748 kB
Buffers:            9776 kB
Cached:           585648 kB
SwapCached:         5404 kB
Active:           656556 kB
Inactive:         644440 kB
Active(anon):     357480 kB
Inactive(anon):   351448 kB
Active(file):     299076 kB
Inactive(file):   292992 kB
Unevictable:        2368 kB
Mlocked:               0 kB
HighTotal:       1436668 kB
HighFree:           4860 kB
LowTotal:         426284 kB
LowFree:           63888 kB
SwapTotal:       1048572 kB
SwapFree:         991740 kB
Dirty:                92 kB
Writeback:             0 kB
AnonPages:        704328 kB
Mapped:           458284 kB
Shmem:               988 kB
Slab:              42496 kB
SReclaimable:      14128 kB
SUnreclaim:        28368 kB
KernelStack:       12288 kB
PageTables:        43728 kB
NFS_Unstable:          0 kB
Bounce:                0 kB
WritebackTmp:          0 kB
CommitLimit:     1980048 kB
Committed_AS:   87213868 kB
VmallocTotal:     458752 kB
VmallocUsed:      119516 kB
VmallocChunk:     154628 kB
Time pass: 195 sec

---2015-12-08 17:44:29
MemTotal:        1862952 kB
MemFree:           66504 kB
Buffers:            9776 kB
Cached:           585720 kB
SwapCached:         5412 kB
Active:           659572 kB
Inactive:         644256 kB
Active(anon):     360252 kB
Inactive(anon):   351508 kB
Active(file):     299320 kB
Inactive(file):   292748 kB
Unevictable:        2368 kB
Mlocked:               0 kB
HighTotal:       1436668 kB
HighFree:           2556 kB
LowTotal:         426284 kB
LowFree:           63948 kB
SwapTotal:       1048572 kB
SwapFree:         991744 kB
Dirty:                 0 kB
Writeback:             0 kB
AnonPages:        707012 kB
Mapped:           458484 kB
Shmem:              1064 kB
Slab:              42592 kB
SReclaimable:      14128 kB
SUnreclaim:        28464 kB
KernelStack:       12328 kB
PageTables:        43728 kB
NFS_Unstable:          0 kB
Bounce:                0 kB
WritebackTmp:          0 kB
CommitLimit:     1980048 kB
Committed_AS:   87213952 kB
VmallocTotal:     458752 kB
VmallocUsed:      119436 kB
VmallocChunk:     154628 kB
Time pass: 199 sec

---2015-12-08 17:44:29
MemTotal:        1862952 kB
MemFree:           66572 kB
Buffers:            9800 kB
Cached:           585704 kB
SwapCached:         5416 kB
Active:           659580 kB
Inactive:         644268 kB
Active(anon):     360236 kB
Inactive(anon):   351520 kB
Active(file):     299344 kB
Inactive(file):   292748 kB
Unevictable:        2368 kB
Mlocked:               0 kB
HighTotal:       1436668 kB
HighFree:           2520 kB
LowTotal:         426284 kB
LowFree:           64052 kB
SwapTotal:       1048572 kB
SwapFree:         991748 kB
Dirty:                72 kB
Writeback:             0 kB
AnonPages:        706976 kB
Mapped:           458344 kB
Shmem:              1048 kB
Slab:              42752 kB
SReclaimable:      14128 kB
SUnreclaim:        28624 kB
KernelStack:       12288 kB
PageTables:        43732 kB
NFS_Unstable:          0 kB
Bounce:                0 kB
WritebackTmp:          0 kB
CommitLimit:     1980048 kB
Committed_AS:   87216152 kB
VmallocTotal:     458752 kB
VmallocUsed:      119516 kB
VmallocChunk:     154628 kB
Time pass: 202 sec

---2015-12-08 17:44:29
MemTotal:        1862952 kB
MemFree:           65672 kB
Buffers:            9800 kB
Cached:           585720 kB
SwapCached:         5416 kB
Active:           660560 kB
Inactive:         644280 kB
Active(anon):     361216 kB
Inactive(anon):   351532 kB
Active(file):     299344 kB
Inactive(file):   292748 kB
Unevictable:        2368 kB
Mlocked:               0 kB
HighTotal:       1436668 kB
HighFree:           2564 kB
LowTotal:         426284 kB
LowFree:           63108 kB
SwapTotal:       1048572 kB
SwapFree:         991748 kB
Dirty:                 0 kB
Writeback:             0 kB
AnonPages:        708224 kB
Mapped:           458540 kB
Shmem:              1060 kB
Slab:              42760 kB
SReclaimable:      14128 kB
SUnreclaim:        28632 kB
KernelStack:       12320 kB
PageTables:        43732 kB
NFS_Unstable:          0 kB
Bounce:                0 kB
WritebackTmp:          0 kB
CommitLimit:     1980048 kB
Committed_AS:   87216248 kB
VmallocTotal:     458752 kB
VmallocUsed:      119516 kB
VmallocChunk:     154628 kB
Time pass: 206 sec

---2015-12-08 17:44:29
MemTotal:        1862952 kB
MemFree:           65060 kB
Buffers:            9816 kB
Cached:           585720 kB
SwapCached:         5416 kB
Active:           661408 kB
Inactive:         644296 kB
Active(anon):     362064 kB
Inactive(anon):   351532 kB
Active(file):     299344 kB
Inactive(file):   292764 kB
Unevictable:        2368 kB
Mlocked:               0 kB
HighTotal:       1436668 kB
HighFree:           2468 kB
LowTotal:         426284 kB
LowFree:           62592 kB
SwapTotal:       1048572 kB
SwapFree:         991748 kB
Dirty:                48 kB
Writeback:             0 kB
AnonPages:        708904 kB
Mapped:           458428 kB
Shmem:              1060 kB
Slab:              42764 kB
SReclaimable:      14128 kB
SUnreclaim:        28636 kB
KernelStack:       12288 kB
PageTables:        43720 kB
NFS_Unstable:          0 kB
Bounce:                0 kB
WritebackTmp:          0 kB
CommitLimit:     1980048 kB
Committed_AS:   87216448 kB
VmallocTotal:     458752 kB
VmallocUsed:      119436 kB
VmallocChunk:     154628 kB
Time pass: 210 sec

---2015-12-08 17:44:29
MemTotal:        1862952 kB
MemFree:           65144 kB
Buffers:            9840 kB
Cached:           585704 kB
SwapCached:         5416 kB
Active:           660496 kB
Inactive:         644304 kB
Active(anon):     361152 kB
Inactive(anon):   351532 kB
Active(file):     299344 kB
Inactive(file):   292772 kB
Unevictable:        2368 kB
Mlocked:               0 kB
HighTotal:       1436668 kB
HighFree:           2468 kB
LowTotal:         426284 kB
LowFree:           62676 kB
SwapTotal:       1048572 kB
SwapFree:         991752 kB
Dirty:                36 kB
Writeback:             0 kB
AnonPages:        707884 kB
Mapped:           458540 kB
Shmem:              1060 kB
Slab:              42700 kB
SReclaimable:      14128 kB
SUnreclaim:        28572 kB
KernelStack:       12280 kB
PageTables:        43736 kB
NFS_Unstable:          0 kB
Bounce:                0 kB
WritebackTmp:          0 kB
CommitLimit:     1980048 kB
Committed_AS:   87216520 kB
VmallocTotal:     458752 kB
VmallocUsed:      119516 kB
VmallocChunk:     154628 kB
Time pass: 214 sec

---2015-12-08 17:44:29
MemTotal:        1862952 kB
MemFree:           65424 kB
Buffers:            9840 kB
Cached:           585796 kB
SwapCached:         5416 kB
Active:           660408 kB
Inactive:         644380 kB
Active(anon):     361064 kB
Inactive(anon):   351592 kB
Active(file):     299344 kB
Inactive(file):   292788 kB
Unevictable:        2368 kB
Mlocked:               0 kB
HighTotal:       1436668 kB
HighFree:           2484 kB
LowTotal:         426284 kB
LowFree:           62940 kB
SwapTotal:       1048572 kB
SwapFree:         991788 kB
Dirty:                44 kB
Writeback:             0 kB
AnonPages:        707860 kB
Mapped:           458616 kB
Shmem:              1136 kB
Slab:              42548 kB
SReclaimable:      14128 kB
SUnreclaim:        28420 kB
KernelStack:       12264 kB
PageTables:        43812 kB
NFS_Unstable:          0 kB
Bounce:                0 kB
WritebackTmp:          0 kB
CommitLimit:     1980048 kB
Committed_AS:   87216736 kB
VmallocTotal:     458752 kB
VmallocUsed:      119516 kB
VmallocChunk:     154628 kB
Time pass: 218 sec

---2015-12-08 17:44:29
MemTotal:        1862952 kB
MemFree:           61984 kB
Buffers:            9864 kB
Cached:           585868 kB
SwapCached:         5416 kB
Active:           663448 kB
Inactive:         644360 kB
Active(anon):     364100 kB
Inactive(anon):   351556 kB
Active(file):     299348 kB
Inactive(file):   292804 kB
Unevictable:        2368 kB
Mlocked:               0 kB
HighTotal:       1436668 kB
HighFree:           2484 kB
LowTotal:         426284 kB
LowFree:           59500 kB
SwapTotal:       1048572 kB
SwapFree:         991788 kB
Dirty:                48 kB
Writeback:             0 kB
AnonPages:        710712 kB
Mapped:           458696 kB
Shmem:              1204 kB
Slab:              42760 kB
SReclaimable:      14252 kB
SUnreclaim:        28508 kB
KernelStack:       12336 kB
PageTables:        43740 kB
NFS_Unstable:          0 kB
Bounce:                0 kB
WritebackTmp:          0 kB
CommitLimit:     1980048 kB
Committed_AS:   87221492 kB
VmallocTotal:     458752 kB
VmallocUsed:      119516 kB
VmallocChunk:     154628 kB
Time pass: 222 sec

---2015-12-08 17:44:29
MemTotal:        1862952 kB
MemFree:           64752 kB
Buffers:            9864 kB
Cached:           585868 kB
SwapCached:         5416 kB
Active:           661232 kB
Inactive:         644344 kB
Active(anon):     361880 kB
Inactive(anon):   351536 kB
Active(file):     299352 kB
Inactive(file):   292808 kB
Unevictable:        2368 kB
Mlocked:               0 kB
HighTotal:       1436668 kB
HighFree:           2516 kB
LowTotal:         426284 kB
LowFree:           62236 kB
SwapTotal:       1048572 kB
SwapFree:         991788 kB
Dirty:                 4 kB
Writeback:             0 kB
AnonPages:        708848 kB
Mapped:           458696 kB
Shmem:              1204 kB
Slab:              42652 kB
SReclaimable:      14148 kB
SUnreclaim:        28504 kB
KernelStack:       12304 kB
PageTables:        43740 kB
NFS_Unstable:          0 kB
Bounce:                0 kB
WritebackTmp:          0 kB
CommitLimit:     1980048 kB
Committed_AS:   87218968 kB
VmallocTotal:     458752 kB
VmallocUsed:      119516 kB
VmallocChunk:     154628 kB
Time pass: 226 sec

---2015-12-08 17:44:29
MemTotal:        1862952 kB
MemFree:           64716 kB
Buffers:            9888 kB
Cached:           585852 kB
SwapCached:         5416 kB
Active:           661380 kB
Inactive:         644332 kB
Active(anon):     362024 kB
Inactive(anon):   351520 kB
Active(file):     299356 kB
Inactive(file):   292812 kB
Unevictable:        2368 kB
Mlocked:               0 kB
HighTotal:       1436668 kB
HighFree:           2604 kB
LowTotal:         426284 kB
LowFree:           62112 kB
SwapTotal:       1048572 kB
SwapFree:         991808 kB
Dirty:                40 kB
Writeback:             0 kB
AnonPages:        708592 kB
Mapped:           458512 kB
Shmem:              1204 kB
Slab:              42772 kB
SReclaimable:      14220 kB
SUnreclaim:        28552 kB
KernelStack:       12264 kB
PageTables:        43740 kB
NFS_Unstable:          0 kB
Bounce:                0 kB
WritebackTmp:          0 kB
CommitLimit:     1980048 kB
Committed_AS:   87219200 kB
VmallocTotal:     458752 kB
VmallocUsed:      119516 kB
VmallocChunk:     154628 kB
Time pass: 230 sec

---2015-12-08 17:44:29
MemTotal:        1862952 kB
MemFree:           64528 kB
Buffers:            9888 kB
Cached:           585868 kB
SwapCached:         5416 kB
Active:           661048 kB
Inactive:         644348 kB
Active(anon):     361692 kB
Inactive(anon):   351520 kB
Active(file):     299356 kB
Inactive(file):   292828 kB
Unevictable:        2368 kB
Mlocked:               0 kB
HighTotal:       1436668 kB
HighFree:           2564 kB
LowTotal:         426284 kB
LowFree:           61964 kB
SwapTotal:       1048572 kB
SwapFree:         991808 kB
Dirty:                 4 kB
Writeback:             0 kB
AnonPages:        708428 kB
Mapped:           458696 kB
Shmem:              1204 kB
Slab:              42724 kB
SReclaimable:      14204 kB
SUnreclaim:        28520 kB
KernelStack:       12264 kB
PageTables:        43740 kB
NFS_Unstable:          0 kB
Bounce:                0 kB
WritebackTmp:          0 kB
CommitLimit:     1980048 kB
Committed_AS:   87219296 kB
VmallocTotal:     458752 kB
VmallocUsed:      119516 kB
VmallocChunk:     154628 kB
Time pass: 234 sec

---2015-12-08 17:44:29
MemTotal:        1862952 kB
MemFree:           65320 kB
Buffers:            9904 kB
Cached:           585868 kB
SwapCached:         5416 kB
Active:           661508 kB
Inactive:         644340 kB
Active(anon):     362152 kB
Inactive(anon):   351496 kB
Active(file):     299356 kB
Inactive(file):   292844 kB
Unevictable:        2368 kB
Mlocked:               0 kB
HighTotal:       1436668 kB
HighFree:           2544 kB
LowTotal:         426284 kB
LowFree:           62776 kB
SwapTotal:       1048572 kB
SwapFree:         991820 kB
Dirty:                40 kB
Writeback:             0 kB
AnonPages:        708808 kB
Mapped:           458636 kB
Shmem:              1204 kB
Slab:              42652 kB
SReclaimable:      14168 kB
SUnreclaim:        28484 kB
KernelStack:       12280 kB
PageTables:        43740 kB
NFS_Unstable:          0 kB
Bounce:                0 kB
WritebackTmp:          0 kB
CommitLimit:     1980048 kB
Committed_AS:   87219496 kB
VmallocTotal:     458752 kB
VmallocUsed:      119436 kB
VmallocChunk:     154628 kB
Time pass: 237 sec

---2015-12-08 17:44:29
MemTotal:        1862952 kB
MemFree:           63112 kB
Buffers:            9912 kB
Cached:           585868 kB
SwapCached:         5416 kB
Active:           663544 kB
Inactive:         644340 kB
Active(anon):     364188 kB
Inactive(anon):   351488 kB
Active(file):     299356 kB
Inactive(file):   292852 kB
Unevictable:        2368 kB
Mlocked:               0 kB
HighTotal:       1436668 kB
HighFree:           2540 kB
LowTotal:         426284 kB
LowFree:           60572 kB
SwapTotal:       1048572 kB
SwapFree:         991820 kB
Dirty:                32 kB
Writeback:             0 kB
AnonPages:        710844 kB
Mapped:           458512 kB
Shmem:              1204 kB
Slab:              42648 kB
SReclaimable:      14160 kB
SUnreclaim:        28488 kB
KernelStack:       12272 kB
PageTables:        43744 kB
NFS_Unstable:          0 kB
Bounce:                0 kB
WritebackTmp:          0 kB
CommitLimit:     1980048 kB
Committed_AS:   87219576 kB
VmallocTotal:     458752 kB
VmallocUsed:      119436 kB
VmallocChunk:     154628 kB
Time pass: 242 sec

---2015-12-08 17:44:29
MemTotal:        1862952 kB
MemFree:           62108 kB
Buffers:            9928 kB
Cached:           585872 kB
SwapCached:         5416 kB
Active:           664052 kB
Inactive:         644340 kB
Active(anon):     364696 kB
Inactive(anon):   351468 kB
Active(file):     299356 kB
Inactive(file):   292872 kB
Unevictable:        2368 kB
Mlocked:               0 kB
HighTotal:       1436668 kB
HighFree:           2500 kB
LowTotal:         426284 kB
LowFree:           59608 kB
SwapTotal:       1048572 kB
SwapFree:         991824 kB
Dirty:                 8 kB
Writeback:             0 kB
AnonPages:        711452 kB
Mapped:           458696 kB
Shmem:              1204 kB
Slab:              42684 kB
SReclaimable:      14160 kB
SUnreclaim:        28524 kB
KernelStack:       12312 kB
PageTables:        43744 kB
NFS_Unstable:          0 kB
Bounce:                0 kB
WritebackTmp:          0 kB
CommitLimit:     1980048 kB
Committed_AS:   87219656 kB
VmallocTotal:     458752 kB
VmallocUsed:      119516 kB
VmallocChunk:     154628 kB
Time pass: 246 sec

---2015-12-08 17:44:29
MemTotal:        1862952 kB
MemFree:           62148 kB
Buffers:            9952 kB
Cached:           585856 kB
SwapCached:         5416 kB
Active:           664144 kB
Inactive:         644344 kB
Active(anon):     364784 kB
Inactive(anon):   351468 kB
Active(file):     299360 kB
Inactive(file):   292876 kB
Unevictable:        2368 kB
Mlocked:               0 kB
HighTotal:       1436668 kB
HighFree:           2620 kB
LowTotal:         426284 kB
LowFree:           59528 kB
SwapTotal:       1048572 kB
SwapFree:         991828 kB
Dirty:                32 kB
Writeback:             0 kB
AnonPages:        711584 kB
Mapped:           458636 kB
Shmem:              1204 kB
Slab:              42744 kB
SReclaimable:      14144 kB
SUnreclaim:        28600 kB
KernelStack:       12304 kB
PageTables:        43744 kB
NFS_Unstable:          0 kB
Bounce:                0 kB
WritebackTmp:          0 kB
CommitLimit:     1980048 kB
Committed_AS:   87219824 kB
VmallocTotal:     458752 kB
VmallocUsed:      119436 kB
VmallocChunk:     154628 kB
Time pass: 250 sec

---2015-12-08 17:44:29
MemTotal:        1862952 kB
MemFree:           61532 kB
Buffers:            9960 kB
Cached:           585908 kB
SwapCached:         5416 kB
Active:           664512 kB
Inactive:         644408 kB
Active(anon):     365152 kB
Inactive(anon):   351472 kB
Active(file):     299360 kB
Inactive(file):   292936 kB
Unevictable:        2368 kB
Mlocked:               0 kB
HighTotal:       1436668 kB
HighFree:           2500 kB
LowTotal:         426284 kB
LowFree:           59032 kB
SwapTotal:       1048572 kB
SwapFree:         991828 kB
Dirty:                 4 kB
Writeback:             0 kB
AnonPages:        711608 kB
Mapped:           458516 kB
Shmem:              1204 kB
Slab:              42796 kB
SReclaimable:      14144 kB
SUnreclaim:        28652 kB
KernelStack:       12312 kB
PageTables:        43744 kB
NFS_Unstable:          0 kB
Bounce:                0 kB
WritebackTmp:          0 kB
CommitLimit:     1980048 kB
Committed_AS:   87220336 kB
VmallocTotal:     458752 kB
VmallocUsed:      119436 kB
VmallocChunk:     154628 kB
Time pass: 253 sec

---2015-12-08 17:44:29
MemTotal:        1862952 kB
MemFree:           60924 kB
Buffers:            9976 kB
Cached:           585908 kB
SwapCached:         5416 kB
Active:           664788 kB
Inactive:         644392 kB
Active(anon):     365428 kB
Inactive(anon):   351440 kB
Active(file):     299360 kB
Inactive(file):   292952 kB
Unevictable:        2368 kB
Mlocked:               0 kB
HighTotal:       1436668 kB
HighFree:           2504 kB
LowTotal:         426284 kB
LowFree:           58420 kB
SwapTotal:       1048572 kB
SwapFree:         991828 kB
Dirty:                60 kB
Writeback:             0 kB
AnonPages:        711996 kB
Mapped:           458516 kB
Shmem:              1204 kB
Slab:              42672 kB
SReclaimable:      14144 kB
SUnreclaim:        28528 kB
KernelStack:       12328 kB
PageTables:        43748 kB
NFS_Unstable:          0 kB
Bounce:                0 kB
WritebackTmp:          0 kB
CommitLimit:     1980048 kB
Committed_AS:   87220448 kB
VmallocTotal:     458752 kB
VmallocUsed:      119516 kB
VmallocChunk:     154628 kB
Time pass: 257 sec

---2015-12-08 17:44:29
MemTotal:        1862952 kB
MemFree:           61164 kB
Buffers:            9976 kB
Cached:           585908 kB
SwapCached:         5416 kB
Active:           664548 kB
Inactive:         644396 kB
Active(anon):     365188 kB
Inactive(anon):   351444 kB
Active(file):     299360 kB
Inactive(file):   292952 kB
Unevictable:        2368 kB
Mlocked:               0 kB
HighTotal:       1436668 kB
HighFree:           3496 kB
LowTotal:         426284 kB
LowFree:           57668 kB
SwapTotal:       1048572 kB
SwapFree:         991832 kB
Dirty:                 4 kB
Writeback:             0 kB
AnonPages:        711744 kB
Mapped:           458700 kB
Shmem:              1204 kB
Slab:              42672 kB
SReclaimable:      14144 kB
SUnreclaim:        28528 kB
KernelStack:       12336 kB
PageTables:        43748 kB
NFS_Unstable:          0 kB
Bounce:                0 kB
WritebackTmp:          0 kB
CommitLimit:     1980048 kB
Committed_AS:   87220624 kB
VmallocTotal:     458752 kB
VmallocUsed:      119516 kB
VmallocChunk:     154628 kB
Time pass: 261 sec

---2015-12-08 17:44:29
MemTotal:        1862952 kB
MemFree:           59328 kB
Buffers:           10000 kB
Cached:           585912 kB
SwapCached:         5416 kB
Active:           665728 kB
Inactive:         644424 kB
Active(anon):     366368 kB
Inactive(anon):   351444 kB
Active(file):     299360 kB
Inactive(file):   292980 kB
Unevictable:        2368 kB
Mlocked:               0 kB
HighTotal:       1436668 kB
HighFree:           2588 kB
LowTotal:         426284 kB
LowFree:           56740 kB
SwapTotal:       1048572 kB
SwapFree:         991832 kB
Dirty:                48 kB
Writeback:             0 kB
AnonPages:        712888 kB
Mapped:           458700 kB
Shmem:              1204 kB
Slab:              42700 kB
SReclaimable:      14136 kB
SUnreclaim:        28564 kB
KernelStack:       12328 kB
PageTables:        43748 kB
NFS_Unstable:          0 kB
Bounce:                0 kB
WritebackTmp:          0 kB
CommitLimit:     1980048 kB
Committed_AS:   87220696 kB
VmallocTotal:     458752 kB
VmallocUsed:      119516 kB
VmallocChunk:     154628 kB
Time pass: 264 sec

---2015-12-08 17:44:29
MemTotal:        1862952 kB
MemFree:           58204 kB
Buffers:           10008 kB
Cached:           585912 kB
SwapCached:         5416 kB
Active:           666640 kB
Inactive:         644428 kB
Active(anon):     367276 kB
Inactive(anon):   351444 kB
Active(file):     299364 kB
Inactive(file):   292984 kB
Unevictable:        2368 kB
Mlocked:               0 kB
HighTotal:       1436668 kB
HighFree:           3580 kB
LowTotal:         426284 kB
LowFree:           54624 kB
SwapTotal:       1048572 kB
SwapFree:         991832 kB
Dirty:                 4 kB
Writeback:             0 kB
AnonPages:        713780 kB
Mapped:           458516 kB
Shmem:              1204 kB
Slab:              42672 kB
SReclaimable:      14136 kB
SUnreclaim:        28536 kB
KernelStack:       12336 kB
PageTables:        43752 kB
NFS_Unstable:          0 kB
Bounce:                0 kB
WritebackTmp:          0 kB
CommitLimit:     1980048 kB
Committed_AS:   87222936 kB
VmallocTotal:     458752 kB
VmallocUsed:      119516 kB
VmallocChunk:     154628 kB
Time pass: 268 sec

---2015-12-08 17:44:29
MemTotal:        1862952 kB
MemFree:           57796 kB
Buffers:           10024 kB
Cached:           585912 kB
SwapCached:         5416 kB
Active:           667980 kB
Inactive:         644428 kB
Active(anon):     368616 kB
Inactive(anon):   351444 kB
Active(file):     299364 kB
Inactive(file):   292984 kB
Unevictable:        2368 kB
Mlocked:               0 kB
HighTotal:       1436668 kB
HighFree:           2460 kB
LowTotal:         426284 kB
LowFree:           55336 kB
SwapTotal:       1048572 kB
SwapFree:         991836 kB
Dirty:                44 kB
Writeback:             0 kB
AnonPages:        715120 kB
Mapped:           458640 kB
Shmem:              1204 kB
Slab:              42704 kB
SReclaimable:      14136 kB
SUnreclaim:        28568 kB
KernelStack:       12288 kB
PageTables:        43752 kB
NFS_Unstable:          0 kB
Bounce:                0 kB
WritebackTmp:          0 kB
CommitLimit:     1980048 kB
Committed_AS:   87223024 kB
VmallocTotal:     458752 kB
VmallocUsed:      119436 kB
VmallocChunk:     154628 kB
Time pass: 272 sec

---2015-12-08 17:44:29
MemTotal:        1862952 kB
MemFree:           57704 kB
Buffers:           10032 kB
Cached:           585904 kB
SwapCached:         5416 kB
Active:           667228 kB
Inactive:         644448 kB
Active(anon):     367864 kB
Inactive(anon):   351448 kB
Active(file):     299364 kB
Inactive(file):   293000 kB
Unevictable:        2368 kB
Mlocked:               0 kB
HighTotal:       1436668 kB
HighFree:           2832 kB
LowTotal:         426284 kB
LowFree:           54872 kB
SwapTotal:       1048572 kB
SwapFree:         991836 kB
Dirty:                 4 kB
Writeback:             0 kB
AnonPages:        714572 kB
Mapped:           458700 kB
Shmem:              1204 kB
Slab:              42692 kB
SReclaimable:      14136 kB
SUnreclaim:        28556 kB
KernelStack:       12336 kB
PageTables:        43752 kB
NFS_Unstable:          0 kB
Bounce:                0 kB
WritebackTmp:          0 kB
CommitLimit:     1980048 kB
Committed_AS:   87223104 kB
VmallocTotal:     458752 kB
VmallocUsed:      119516 kB
VmallocChunk:     154628 kB
Time pass: 275 sec

---2015-12-08 17:44:29
MemTotal:        1862952 kB
MemFree:           56852 kB
Buffers:           10048 kB
Cached:           585912 kB
SwapCached:         5416 kB
Active:           667864 kB
Inactive:         644472 kB
Active(anon):     368500 kB
Inactive(anon):   351448 kB
Active(file):     299364 kB
Inactive(file):   293024 kB
Unevictable:        2368 kB
Mlocked:               0 kB
HighTotal:       1436668 kB
HighFree:           3404 kB
LowTotal:         426284 kB
LowFree:           53448 kB
SwapTotal:       1048572 kB
SwapFree:         991836 kB
Dirty:                 0 kB
Writeback:             0 kB
AnonPages:        715044 kB
Mapped:           458516 kB
Shmem:              1204 kB
Slab:              42608 kB
SReclaimable:      14136 kB
SUnreclaim:        28472 kB
KernelStack:       12328 kB
PageTables:        43752 kB
NFS_Unstable:          0 kB
Bounce:                0 kB
WritebackTmp:          0 kB
CommitLimit:     1980048 kB
Committed_AS:   87223312 kB
VmallocTotal:     458752 kB
VmallocUsed:      119516 kB
VmallocChunk:     154628 kB
Time pass: 279 sec

---2015-12-08 17:44:29
MemTotal:        1862952 kB
MemFree:           55612 kB
Buffers:           10056 kB
Cached:           585904 kB
SwapCached:         5416 kB
Active:           669292 kB
Inactive:         644472 kB
Active(anon):     369928 kB
Inactive(anon):   351448 kB
Active(file):     299364 kB
Inactive(file):   293024 kB
Unevictable:        2368 kB
Mlocked:               0 kB
HighTotal:       1436668 kB
HighFree:           2884 kB
LowTotal:         426284 kB
LowFree:           52728 kB
SwapTotal:       1048572 kB
SwapFree:         991836 kB
Dirty:                 0 kB
Writeback:             0 kB
AnonPages:        716388 kB
Mapped:           458516 kB
Shmem:              1204 kB
Slab:              42612 kB
SReclaimable:      14136 kB
SUnreclaim:        28476 kB
KernelStack:       12336 kB
PageTables:        43752 kB
NFS_Unstable:          0 kB
Bounce:                0 kB
WritebackTmp:          0 kB
CommitLimit:     1980048 kB
Committed_AS:   87223392 kB
VmallocTotal:     458752 kB
VmallocUsed:      119516 kB
VmallocChunk:     154628 kB
Time pass: 283 sec

---2015-12-08 17:44:29
MemTotal:        1862952 kB
MemFree:           56492 kB
Buffers:           10072 kB
Cached:           585912 kB
SwapCached:         5416 kB
Active:           669712 kB
Inactive:         644496 kB
Active(anon):     370348 kB
Inactive(anon):   351448 kB
Active(file):     299364 kB
Inactive(file):   293048 kB
Unevictable:        2368 kB
Mlocked:               0 kB
HighTotal:       1436668 kB
HighFree:           2520 kB
LowTotal:         426284 kB
LowFree:           53972 kB
SwapTotal:       1048572 kB
SwapFree:         991836 kB
Dirty:                40 kB
Writeback:             0 kB
AnonPages:        716984 kB
Mapped:           458700 kB
Shmem:              1204 kB
Slab:              42612 kB
SReclaimable:      14136 kB
SUnreclaim:        28476 kB
KernelStack:       12296 kB
PageTables:        43752 kB
NFS_Unstable:          0 kB
Bounce:                0 kB
WritebackTmp:          0 kB
CommitLimit:     1980048 kB
Committed_AS:   87223472 kB
VmallocTotal:     458752 kB
VmallocUsed:      119516 kB
VmallocChunk:     154628 kB
Time pass: 286 sec

---2015-12-08 17:44:29
MemTotal:        1862952 kB
MemFree:           55808 kB
Buffers:           10088 kB
Cached:           585896 kB
SwapCached:         5420 kB
Active:           669992 kB
Inactive:         644500 kB
Active(anon):     370628 kB
Inactive(anon):   351448 kB
Active(file):     299364 kB
Inactive(file):   293052 kB
Unevictable:        2368 kB
Mlocked:               0 kB
HighTotal:       1436668 kB
HighFree:           2508 kB
LowTotal:         426284 kB
LowFree:           53300 kB
SwapTotal:       1048572 kB
SwapFree:         991836 kB
Dirty:                 8 kB
Writeback:             0 kB
AnonPages:        717308 kB
Mapped:           458648 kB
Shmem:              1204 kB
Slab:              42768 kB
SReclaimable:      14136 kB
SUnreclaim:        28632 kB
KernelStack:       12328 kB
PageTables:        43736 kB
NFS_Unstable:          0 kB
Bounce:                0 kB
WritebackTmp:          0 kB
CommitLimit:     1980048 kB
Committed_AS:   87223664 kB
VmallocTotal:     458752 kB
VmallocUsed:      119516 kB
VmallocChunk:     154628 kB
Time pass: 290 sec

---2015-12-08 17:44:29
MemTotal:        1862952 kB
MemFree:           54664 kB
Buffers:           10092 kB
Cached:           585916 kB
SwapCached:         5420 kB
Active:           671204 kB
Inactive:         644520 kB
Active(anon):     371836 kB
Inactive(anon):   351452 kB
Active(file):     299368 kB
Inactive(file):   293068 kB
Unevictable:        2368 kB
Mlocked:               0 kB
HighTotal:       1436668 kB
HighFree:           2544 kB
LowTotal:         426284 kB
LowFree:           52120 kB
SwapTotal:       1048572 kB
SwapFree:         991836 kB
Dirty:                 4 kB
Writeback:             0 kB
AnonPages:        718408 kB
Mapped:           458700 kB
Shmem:              1204 kB
Slab:              42568 kB
SReclaimable:      14136 kB
SUnreclaim:        28432 kB
KernelStack:       12328 kB
PageTables:        43752 kB
NFS_Unstable:          0 kB
Bounce:                0 kB
WritebackTmp:          0 kB
CommitLimit:     1980048 kB
Committed_AS:   87223752 kB
VmallocTotal:     458752 kB
VmallocUsed:      119552 kB
VmallocChunk:     154628 kB
Time pass: 294 sec

---2015-12-08 17:44:29
MemTotal:        1862952 kB
MemFree:           54668 kB
Buffers:           10100 kB
Cached:           585916 kB
SwapCached:         5420 kB
Active:           670996 kB
Inactive:         644468 kB
Active(anon):     371628 kB
Inactive(anon):   351396 kB
Active(file):     299368 kB
Inactive(file):   293072 kB
Unevictable:        2368 kB
Mlocked:               0 kB
HighTotal:       1436668 kB
HighFree:           2544 kB
LowTotal:         426284 kB
LowFree:           52124 kB
SwapTotal:       1048572 kB
SwapFree:         991836 kB
Dirty:                40 kB
Writeback:             0 kB
AnonPages:        718232 kB
Mapped:           458700 kB
Shmem:              1204 kB
Slab:              42624 kB
SReclaimable:      14136 kB
SUnreclaim:        28488 kB
KernelStack:       12288 kB
PageTables:        43752 kB
NFS_Unstable:          0 kB
Bounce:                0 kB
WritebackTmp:          0 kB
CommitLimit:     1980048 kB
Committed_AS:   87223944 kB
VmallocTotal:     458752 kB
VmallocUsed:      119516 kB
VmallocChunk:     154628 kB
Time pass: 298 sec

---2015-12-08 17:44:29
MemTotal:        1862952 kB
MemFree:           54664 kB
Buffers:           10116 kB
Cached:           585916 kB
SwapCached:         5420 kB
Active:           671388 kB
Inactive:         644476 kB
Active(anon):     372020 kB
Inactive(anon):   351384 kB
Active(file):     299368 kB
Inactive(file):   293092 kB
Unevictable:        2368 kB
Mlocked:               0 kB
HighTotal:       1436668 kB
HighFree:           2504 kB
LowTotal:         426284 kB
LowFree:           52160 kB
SwapTotal:       1048572 kB
SwapFree:         991860 kB
Dirty:                48 kB
Writeback:             0 kB
AnonPages:        718640 kB
Mapped:           458588 kB
Shmem:              1204 kB
Slab:              42600 kB
SReclaimable:      14136 kB
SUnreclaim:        28464 kB
KernelStack:       12288 kB
PageTables:        43736 kB
NFS_Unstable:          0 kB
Bounce:                0 kB
WritebackTmp:          0 kB
CommitLimit:     1980048 kB
Committed_AS:   87224032 kB
VmallocTotal:     458752 kB
VmallocUsed:      119516 kB
VmallocChunk:     154628 kB
Time pass: 302 sec

---2015-12-08 17:44:29
MemTotal:        1862952 kB
MemFree:           53236 kB
Buffers:           10140 kB
Cached:           585900 kB
SwapCached:         5420 kB
Active:           672368 kB
Inactive:         644480 kB
Active(anon):     373000 kB
Inactive(anon):   351384 kB
Active(file):     299368 kB
Inactive(file):   293096 kB
Unevictable:        2368 kB
Mlocked:               0 kB
HighTotal:       1436668 kB
HighFree:           2544 kB
LowTotal:         426284 kB
LowFree:           50692 kB
SwapTotal:       1048572 kB
SwapFree:         991860 kB
Dirty:                32 kB
Writeback:             0 kB
AnonPages:        719576 kB
Mapped:           458700 kB
Shmem:              1204 kB
Slab:              42600 kB
SReclaimable:      14136 kB
SUnreclaim:        28464 kB
KernelStack:       12288 kB
PageTables:        43752 kB
NFS_Unstable:          0 kB
Bounce:                0 kB
WritebackTmp:          0 kB
CommitLimit:     1980048 kB
Committed_AS:   87224128 kB
VmallocTotal:     458752 kB
VmallocUsed:      119516 kB
VmallocChunk:     154628 kB
Time pass: 306 sec

---2015-12-08 17:44:29
MemTotal:        1862952 kB
MemFree:           53196 kB
Buffers:           10140 kB
Cached:           585916 kB
SwapCached:         5420 kB
Active:           672160 kB
Inactive:         644500 kB
Active(anon):     372792 kB
Inactive(anon):   351384 kB
Active(file):     299368 kB
Inactive(file):   293116 kB
Unevictable:        2368 kB
Mlocked:               0 kB
HighTotal:       1436668 kB
HighFree:           2536 kB
LowTotal:         426284 kB
LowFree:           50660 kB
SwapTotal:       1048572 kB
SwapFree:         991860 kB
Dirty:                 4 kB
Writeback:             0 kB
AnonPages:        719200 kB
Mapped:           458700 kB
Shmem:              1204 kB
Slab:              42664 kB
SReclaimable:      14136 kB
SUnreclaim:        28528 kB
KernelStack:       12288 kB
PageTables:        43756 kB
NFS_Unstable:          0 kB
Bounce:                0 kB
WritebackTmp:          0 kB
CommitLimit:     1980048 kB
Committed_AS:   87224296 kB
VmallocTotal:     458752 kB
VmallocUsed:      119516 kB
VmallocChunk:     154628 kB
Time pass: 310 sec

---2015-12-08 17:44:29
MemTotal:        1862952 kB
MemFree:           50384 kB
Buffers:           10168 kB
Cached:           585872 kB
SwapCached:         5420 kB
Active:           674756 kB
Inactive:         644540 kB
Active(anon):     375656 kB
Inactive(anon):   351416 kB
Active(file):     299100 kB
Inactive(file):   293124 kB
Unevictable:        2612 kB
Mlocked:             172 kB
HighTotal:       1436668 kB
HighFree:           2540 kB
LowTotal:         426284 kB
LowFree:           47844 kB
SwapTotal:       1048572 kB
SwapFree:         991860 kB
Dirty:                64 kB
Writeback:             0 kB
AnonPages:        722348 kB
Mapped:           458484 kB
Shmem:              1172 kB
Slab:              42672 kB
SReclaimable:      14136 kB
SUnreclaim:        28536 kB
KernelStack:       12296 kB
PageTables:        43756 kB
NFS_Unstable:          0 kB
Bounce:                0 kB
WritebackTmp:          0 kB
CommitLimit:     1980048 kB
Committed_AS:   87224344 kB
VmallocTotal:     458752 kB
VmallocUsed:      119516 kB
VmallocChunk:     154628 kB
Time pass: 314 sec

---2015-12-08 17:44:29
MemTotal:        1862952 kB
MemFree:           52200 kB
Buffers:           10180 kB
Cached:           585904 kB
SwapCached:         5420 kB
Active:           673008 kB
Inactive:         644688 kB
Active(anon):     373804 kB
Inactive(anon):   351392 kB
Active(file):     299204 kB
Inactive(file):   293296 kB
Unevictable:        2368 kB
Mlocked:               0 kB
HighTotal:       1436668 kB
HighFree:           2540 kB
LowTotal:         426284 kB
LowFree:           49660 kB
SwapTotal:       1048572 kB
SwapFree:         991864 kB
Dirty:                92 kB
Writeback:             0 kB
AnonPages:        720532 kB
Mapped:           458700 kB
Shmem:              1204 kB
Slab:              42648 kB
SReclaimable:      14136 kB
SUnreclaim:        28512 kB
KernelStack:       12320 kB
PageTables:        43756 kB
NFS_Unstable:          0 kB
Bounce:                0 kB
WritebackTmp:          0 kB
CommitLimit:     1980048 kB
Committed_AS:   87224508 kB
VmallocTotal:     458752 kB
VmallocUsed:      119516 kB
VmallocChunk:     154628 kB
Time pass: 317 sec

---2015-12-08 17:44:29
MemTotal:        1862952 kB
MemFree:           51508 kB
Buffers:           10188 kB
Cached:           585904 kB
SwapCached:         5460 kB
Active:           673780 kB
Inactive:         644480 kB
Active(anon):     374436 kB
Inactive(anon):   351308 kB
Active(file):     299344 kB
Inactive(file):   293172 kB
Unevictable:        2368 kB
Mlocked:               0 kB
HighTotal:       1436668 kB
HighFree:           2584 kB
LowTotal:         426284 kB
LowFree:           48924 kB
SwapTotal:       1048572 kB
SwapFree:         991940 kB
Dirty:                52 kB
Writeback:             0 kB
AnonPages:        720920 kB
Mapped:           458700 kB
Shmem:              1204 kB
Slab:              42780 kB
SReclaimable:      14136 kB
SUnreclaim:        28644 kB
KernelStack:       12288 kB
PageTables:        43756 kB
NFS_Unstable:          0 kB
Bounce:                0 kB
WritebackTmp:          0 kB
CommitLimit:     1980048 kB
Committed_AS:   87224680 kB
VmallocTotal:     458752 kB
VmallocUsed:      119516 kB
VmallocChunk:     154628 kB
Time pass: 322 sec

---2015-12-08 17:44:29
MemTotal:        1862952 kB
MemFree:           52084 kB
Buffers:           10204 kB
Cached:           585904 kB
SwapCached:         5460 kB
Active:           673436 kB
Inactive:         644500 kB
Active(anon):     374088 kB
Inactive(anon):   351312 kB
Active(file):     299348 kB
Inactive(file):   293188 kB
Unevictable:        2368 kB
Mlocked:               0 kB
HighTotal:       1436668 kB
HighFree:           2976 kB
LowTotal:         426284 kB
LowFree:           49108 kB
SwapTotal:       1048572 kB
SwapFree:         991944 kB
Dirty:                 4 kB
Writeback:             0 kB
AnonPages:        720612 kB
Mapped:           458640 kB
Shmem:              1204 kB
Slab:              42724 kB
SReclaimable:      14136 kB
SUnreclaim:        28588 kB
KernelStack:       12288 kB
PageTables:        43756 kB
NFS_Unstable:          0 kB
Bounce:                0 kB
WritebackTmp:          0 kB
CommitLimit:     1980048 kB
Committed_AS:   87224752 kB
VmallocTotal:     458752 kB
VmallocUsed:      119436 kB
VmallocChunk:     154628 kB
Time pass: 325 sec

---2015-12-08 17:44:29
MemTotal:        1862952 kB
MemFree:           51328 kB
Buffers:           10228 kB
Cached:           585904 kB
SwapCached:         5460 kB
Active:           673792 kB
Inactive:         644516 kB
Active(anon):     374444 kB
Inactive(anon):   351304 kB
Active(file):     299348 kB
Inactive(file):   293212 kB
Unevictable:        2368 kB
Mlocked:               0 kB
HighTotal:       1436668 kB
HighFree:           2456 kB
LowTotal:         426284 kB
LowFree:           48872 kB
SwapTotal:       1048572 kB
SwapFree:         991944 kB
Dirty:                44 kB
Writeback:             0 kB
AnonPages:        720820 kB
Mapped:           458700 kB
Shmem:              1204 kB
Slab:              42720 kB
SReclaimable:      14136 kB
SUnreclaim:        28584 kB
KernelStack:       12344 kB
PageTables:        43760 kB
NFS_Unstable:          0 kB
Bounce:                0 kB
WritebackTmp:          0 kB
CommitLimit:     1980048 kB
Committed_AS:   87224992 kB
VmallocTotal:     458752 kB
VmallocUsed:      119516 kB
VmallocChunk:     154628 kB
Time pass: 329 sec

---2015-12-08 17:44:29
MemTotal:        1862952 kB
MemFree:           50420 kB
Buffers:           10252 kB
Cached:           586364 kB
SwapCached:         5460 kB
Active:           674056 kB
Inactive:         645008 kB
Active(anon):     374708 kB
Inactive(anon):   351324 kB
Active(file):     299348 kB
Inactive(file):   293684 kB
Unevictable:        2368 kB
Mlocked:               0 kB
HighTotal:       1436668 kB
HighFree:           2564 kB
LowTotal:         426284 kB
LowFree:           47856 kB
SwapTotal:       1048572 kB
SwapFree:         991996 kB
Dirty:                56 kB
Writeback:             0 kB
AnonPages:        721196 kB
Mapped:           458572 kB
Shmem:              1204 kB
Slab:              42816 kB
SReclaimable:      14136 kB
SUnreclaim:        28680 kB
KernelStack:       12296 kB
PageTables:        43764 kB
NFS_Unstable:          0 kB
Bounce:                0 kB
WritebackTmp:          0 kB
CommitLimit:     1980048 kB
Committed_AS:   87219672 kB
VmallocTotal:     458752 kB
VmallocUsed:      119516 kB
VmallocChunk:     154628 kB
Time pass: 335 sec

---2015-12-08 17:44:29
MemTotal:        1862952 kB
MemFree:           50548 kB
Buffers:           10252 kB
Cached:           586368 kB
SwapCached:         5460 kB
Active:           674592 kB
Inactive:         645024 kB
Active(anon):     375244 kB
Inactive(anon):   351324 kB
Active(file):     299348 kB
Inactive(file):   293700 kB
Unevictable:        2368 kB
Mlocked:               0 kB
HighTotal:       1436668 kB
HighFree:           2560 kB
LowTotal:         426284 kB
LowFree:           47988 kB
SwapTotal:       1048572 kB
SwapFree:         992000 kB
Dirty:                 8 kB
Writeback:             0 kB
AnonPages:        721668 kB
Mapped:           458704 kB
Shmem:              1204 kB
Slab:              42736 kB
SReclaimable:      14136 kB
SUnreclaim:        28600 kB
KernelStack:       12312 kB
PageTables:        43748 kB
NFS_Unstable:          0 kB
Bounce:                0 kB
WritebackTmp:          0 kB
CommitLimit:     1980048 kB
Committed_AS:   87219736 kB
VmallocTotal:     458752 kB
VmallocUsed:      119516 kB
VmallocChunk:     154628 kB
Time pass: 339 sec

---2015-12-08 17:44:29
MemTotal:        1862952 kB
MemFree:           54572 kB
Buffers:           10276 kB
Cached:           586368 kB
SwapCached:         5460 kB
Active:           669800 kB
Inactive:         644672 kB
Active(anon):     370448 kB
Inactive(anon):   350952 kB
Active(file):     299352 kB
Inactive(file):   293720 kB
Unevictable:        2368 kB
Mlocked:               0 kB
HighTotal:       1436668 kB
HighFree:           2556 kB
LowTotal:         426284 kB
LowFree:           52016 kB
SwapTotal:       1048572 kB
SwapFree:         992000 kB
Dirty:                 4 kB
Writeback:            24 kB
AnonPages:        716560 kB
Mapped:           458520 kB
Shmem:              1204 kB
Slab:              42888 kB
SReclaimable:      14208 kB
SUnreclaim:        28680 kB
KernelStack:       12320 kB
PageTables:        43764 kB
NFS_Unstable:          0 kB
Bounce:                0 kB
WritebackTmp:          0 kB
CommitLimit:     1980048 kB
Committed_AS:   87219864 kB
VmallocTotal:     458752 kB
VmallocUsed:      119516 kB
VmallocChunk:     154628 kB
Time pass: 343 sec

---2015-12-08 17:44:29
MemTotal:        1862952 kB
MemFree:           55496 kB
Buffers:           10292 kB
Cached:           586352 kB
SwapCached:         5460 kB
Active:           670652 kB
Inactive:         644672 kB
Active(anon):     371300 kB
Inactive(anon):   350952 kB
Active(file):     299352 kB
Inactive(file):   293720 kB
Unevictable:        2368 kB
Mlocked:               0 kB
HighTotal:       1436668 kB
HighFree:           2548 kB
LowTotal:         426284 kB
LowFree:           52948 kB
SwapTotal:       1048572 kB
SwapFree:         992000 kB
Dirty:                 4 kB
Writeback:             0 kB
AnonPages:        717552 kB
Mapped:           458756 kB
