---2015-12-11 14:29:19
MemTotal:        1959952 kB
MemFree:           90824 kB
Buffers:            5856 kB
Cached:          1214596 kB
SwapCached:          236 kB
Active:           846704 kB
Inactive:         786028 kB
Active(anon):     252460 kB
Inactive(anon):   160932 kB
Active(file):     594244 kB
Inactive(file):   625096 kB
Unevictable:         968 kB
Mlocked:               0 kB
HighTotal:       1372556 kB
HighFree:          28492 kB
LowTotal:         587396 kB
LowFree:           62332 kB
SwapTotal:        262140 kB
SwapFree:         250576 kB
Dirty:               272 kB
Writeback:             0 kB
AnonPages:        413244 kB
Mapped:           289288 kB
Shmem:               124 kB
Slab:              54724 kB
SReclaimable:      16912 kB
SUnreclaim:        37812 kB
KernelStack:       15112 kB
PageTables:        26464 kB
NFS_Unstable:          0 kB
Bounce:                0 kB
WritebackTmp:          0 kB
CommitLimit:     1242116 kB
Committed_AS:   55754500 kB
VmallocTotal:     409600 kB
VmallocUsed:       36920 kB
VmallocChunk:     100380 kB
Time pass: 3 sec

---2015-12-11 14:29:19
MemTotal:        1959952 kB
MemFree:           90260 kB
Buffers:            5856 kB
Cached:          1214596 kB
SwapCached:          236 kB
Active:           846892 kB
Inactive:         786040 kB
Active(anon):     252648 kB
Inactive(anon):   160924 kB
Active(file):     594244 kB
Inactive(file):   625116 kB
Unevictable:         968 kB
Mlocked:               0 kB
HighTotal:       1372556 kB
HighFree:          27900 kB
LowTotal:         587396 kB
LowFree:           62360 kB
SwapTotal:        262140 kB
SwapFree:         250584 kB
Dirty:               272 kB
Writeback:             0 kB
AnonPages:        413672 kB
Mapped:           289288 kB
Shmem:               124 kB
Slab:              54588 kB
SReclaimable:      16912 kB
SUnreclaim:        37676 kB
KernelStack:       15112 kB
PageTables:        26460 kB
NFS_Unstable:          0 kB
Bounce:                0 kB
WritebackTmp:          0 kB
CommitLimit:     1242116 kB
Committed_AS:   55754560 kB
VmallocTotal:     409600 kB
VmallocUsed:       36920 kB
VmallocChunk:     100380 kB
Time pass: 7 sec

---2015-12-11 14:29:19
MemTotal:        1959952 kB
MemFree:           89520 kB
Buffers:            5856 kB
Cached:          1214596 kB
SwapCached:          236 kB
Active:           847128 kB
Inactive:         786052 kB
Active(anon):     252884 kB
Inactive(anon):   160936 kB
Active(file):     594244 kB
Inactive(file):   625116 kB
Unevictable:         968 kB
Mlocked:               0 kB
HighTotal:       1372556 kB
HighFree:          27860 kB
LowTotal:         587396 kB
LowFree:           61660 kB
SwapTotal:        262140 kB
SwapFree:         250596 kB
Dirty:               272 kB
Writeback:             0 kB
AnonPages:        413944 kB
Mapped:           289288 kB
Shmem:               124 kB
Slab:              55280 kB
SReclaimable:      16920 kB
SUnreclaim:        38360 kB
KernelStack:       15112 kB
PageTables:        26460 kB
NFS_Unstable:          0 kB
Bounce:                0 kB
WritebackTmp:          0 kB
CommitLimit:     1242116 kB
Committed_AS:   55754520 kB
VmallocTotal:     409600 kB
VmallocUsed:       36920 kB
VmallocChunk:     100380 kB
Time pass: 10 sec

---2015-12-11 14:29:19
MemTotal:        1959952 kB
MemFree:           85560 kB
Buffers:            5856 kB
Cached:          1214772 kB
SwapCached:          236 kB
Active:           851324 kB
Inactive:         786128 kB
Active(anon):     256996 kB
Inactive(anon):   160948 kB
Active(file):     594328 kB
Inactive(file):   625180 kB
Unevictable:         968 kB
Mlocked:               0 kB
HighTotal:       1372556 kB
HighFree:          24096 kB
LowTotal:         587396 kB
LowFree:           61464 kB
SwapTotal:        262140 kB
SwapFree:         250608 kB
Dirty:               364 kB
Writeback:             0 kB
AnonPages:        417980 kB
Mapped:           289556 kB
Shmem:               128 kB
Slab:              55140 kB
SReclaimable:      16920 kB
SUnreclaim:        38220 kB
KernelStack:       15184 kB
PageTables:        26480 kB
NFS_Unstable:          0 kB
Bounce:                0 kB
WritebackTmp:          0 kB
CommitLimit:     1242116 kB
Committed_AS:   55756844 kB
VmallocTotal:     409600 kB
VmallocUsed:       36920 kB
VmallocChunk:     100380 kB
Time pass: 14 sec

---2015-12-11 14:29:19
MemTotal:        1959952 kB
MemFree:           85352 kB
Buffers:            5856 kB
Cached:          1214988 kB
SwapCached:          236 kB
Active:           851780 kB
Inactive:         786360 kB
Active(anon):     257424 kB
Inactive(anon):   160964 kB
Active(file):     594356 kB
Inactive(file):   625396 kB
Unevictable:         968 kB
Mlocked:               0 kB
HighTotal:       1372556 kB
HighFree:          23976 kB
LowTotal:         587396 kB
LowFree:           61376 kB
SwapTotal:        262140 kB
SwapFree:         250624 kB
Dirty:               312 kB
Writeback:             0 kB
AnonPages:        418260 kB
Mapped:           289480 kB
Shmem:               124 kB
Slab:              55048 kB
SReclaimable:      16920 kB
SUnreclaim:        38128 kB
KernelStack:       15176 kB
PageTables:        26476 kB
NFS_Unstable:          0 kB
Bounce:                0 kB
WritebackTmp:          0 kB
CommitLimit:     1242116 kB
Committed_AS:   55757032 kB
VmallocTotal:     409600 kB
VmallocUsed:       36920 kB
VmallocChunk:     100380 kB
Time pass: 18 sec

---2015-12-11 14:29:19
MemTotal:        1959952 kB
MemFree:           84564 kB
Buffers:            5856 kB
Cached:          1169216 kB
SwapCached:          376 kB
Active:           837020 kB
Inactive:         763408 kB
Active(anon):     259384 kB
Inactive(anon):   166880 kB
Active(file):     577636 kB
Inactive(file):   596528 kB
Unevictable:         968 kB
Mlocked:               0 kB
HighTotal:       1372556 kB
HighFree:          38756 kB
LowTotal:         587396 kB
LowFree:           45808 kB
SwapTotal:        262140 kB
SwapFree:         247928 kB
Dirty:               832 kB
Writeback:            12 kB
AnonPages:        425748 kB
Mapped:           305376 kB
Shmem:               128 kB
Slab:              54468 kB
SReclaimable:      16464 kB
SUnreclaim:        38004 kB
KernelStack:       15280 kB
PageTables:        27024 kB
NFS_Unstable:          0 kB
Bounce:                0 kB
WritebackTmp:          0 kB
CommitLimit:     1242116 kB
Committed_AS:   56753184 kB
VmallocTotal:     409600 kB
VmallocUsed:       38076 kB
VmallocChunk:     100380 kB
Time pass: 21 sec

---2015-12-11 14:29:19
MemTotal:        1959952 kB
MemFree:          105508 kB
Buffers:            2864 kB
Cached:          1078192 kB
SwapCached:          388 kB
Active:           809484 kB
Inactive:         711716 kB
Active(anon):     271448 kB
Inactive(anon):   171036 kB
Active(file):     538036 kB
Inactive(file):   540680 kB
Unevictable:        1744 kB
Mlocked:               0 kB
HighTotal:       1372556 kB
HighFree:          37640 kB
LowTotal:         587396 kB
LowFree:           67868 kB
SwapTotal:        262140 kB
SwapFree:         240216 kB
Dirty:               976 kB
Writeback:             0 kB
AnonPages:        442476 kB
Mapped:           334588 kB
Shmem:               256 kB
Slab:              55384 kB
SReclaimable:      16840 kB
SUnreclaim:        38544 kB
KernelStack:       16008 kB
PageTables:        27800 kB
NFS_Unstable:          0 kB
Bounce:                0 kB
WritebackTmp:          0 kB
CommitLimit:     1242116 kB
Committed_AS:   57721856 kB
VmallocTotal:     409600 kB
VmallocUsed:       38252 kB
VmallocChunk:     100380 kB
Time pass: 25 sec

---2015-12-11 14:29:19
MemTotal:        1959952 kB
MemFree:           77012 kB
Buffers:            2208 kB
Cached:          1061596 kB
SwapCached:          584 kB
Active:           798752 kB
Inactive:         701636 kB
Active(anon):     269088 kB
Inactive(anon):   169496 kB
Active(file):     529664 kB
Inactive(file):   532140 kB
Unevictable:        1744 kB
Mlocked:               0 kB
HighTotal:       1372556 kB
HighFree:          20436 kB
LowTotal:         587396 kB
LowFree:           56576 kB
SwapTotal:        262140 kB
SwapFree:         239228 kB
Dirty:               472 kB
Writeback:             0 kB
AnonPages:        438128 kB
Mapped:           357048 kB
Shmem:               256 kB
Slab:              55612 kB
SReclaimable:      16892 kB
SUnreclaim:        38720 kB
KernelStack:       16008 kB
PageTables:        27816 kB
NFS_Unstable:          0 kB
Bounce:                0 kB
WritebackTmp:          0 kB
CommitLimit:     1242116 kB
Committed_AS:   57724104 kB
VmallocTotal:     409600 kB
VmallocUsed:       38504 kB
VmallocChunk:     100380 kB
Time pass: 29 sec

---2015-12-11 14:29:19
MemTotal:        1959952 kB
MemFree:           76620 kB
Buffers:            2208 kB
Cached:          1061776 kB
SwapCached:          584 kB
Active:           796356 kB
Inactive:         701808 kB
Active(anon):     266692 kB
Inactive(anon):   169492 kB
Active(file):     529664 kB
Inactive(file):   532316 kB
Unevictable:        1744 kB
Mlocked:               0 kB
HighTotal:       1372556 kB
HighFree:          19456 kB
LowTotal:         587396 kB
LowFree:           57164 kB
SwapTotal:        262140 kB
SwapFree:         239228 kB
Dirty:               480 kB
Writeback:             0 kB
AnonPages:        436180 kB
Mapped:           359152 kB
Shmem:               256 kB
Slab:              55556 kB
SReclaimable:      16956 kB
SUnreclaim:        38600 kB
KernelStack:       16008 kB
PageTables:        27836 kB
NFS_Unstable:          0 kB
Bounce:                0 kB
WritebackTmp:          0 kB
CommitLimit:     1242116 kB
Committed_AS:   57722440 kB
VmallocTotal:     409600 kB
VmallocUsed:       38516 kB
VmallocChunk:     100380 kB
Time pass: 33 sec

---2015-12-11 14:29:19
MemTotal:        1959952 kB
MemFree:           95752 kB
Buffers:            2208 kB
Cached:          1048624 kB
SwapCached:          584 kB
Active:           790924 kB
Inactive:         695188 kB
Active(anon):     267904 kB
Inactive(anon):   169404 kB
Active(file):     523020 kB
Inactive(file):   525784 kB
Unevictable:        1744 kB
Mlocked:               0 kB
HighTotal:       1372556 kB
HighFree:          33472 kB
LowTotal:         587396 kB
LowFree:           62280 kB
SwapTotal:        262140 kB
SwapFree:         238856 kB
Dirty:               396 kB
Writeback:             0 kB
AnonPages:        437416 kB
Mapped:           356072 kB
Shmem:               256 kB
Slab:              55720 kB
SReclaimable:      16820 kB
SUnreclaim:        38900 kB
KernelStack:       16008 kB
PageTables:        27844 kB
NFS_Unstable:          0 kB
Bounce:                0 kB
WritebackTmp:          0 kB
CommitLimit:     1242116 kB
Committed_AS:   57730208 kB
VmallocTotal:     409600 kB
VmallocUsed:       38488 kB
VmallocChunk:     100380 kB
Time pass: 36 sec

---2015-12-11 14:29:19
MemTotal:        1959952 kB
MemFree:           95296 kB
Buffers:            2064 kB
Cached:          1031932 kB
SwapCached:          604 kB
Active:           786192 kB
Inactive:         691184 kB
Active(anon):     274416 kB
Inactive(anon):   171272 kB
Active(file):     511776 kB
Inactive(file):   519912 kB
Unevictable:        1744 kB
Mlocked:               0 kB
HighTotal:       1372556 kB
HighFree:          31920 kB
LowTotal:         587396 kB
LowFree:           63376 kB
SwapTotal:        262140 kB
SwapFree:         238204 kB
Dirty:               420 kB
Writeback:            12 kB
AnonPages:        445588 kB
Mapped:           362224 kB
Shmem:               252 kB
Slab:              55668 kB
SReclaimable:      16844 kB
SUnreclaim:        38824 kB
KernelStack:       16016 kB
PageTables:        27852 kB
NFS_Unstable:          0 kB
Bounce:                0 kB
WritebackTmp:          0 kB
CommitLimit:     1242116 kB
Committed_AS:   57729968 kB
VmallocTotal:     409600 kB
VmallocUsed:       38528 kB
VmallocChunk:     100380 kB
Time pass: 40 sec

---2015-12-11 14:29:19
MemTotal:        1959952 kB
MemFree:          106508 kB
Buffers:            2004 kB
Cached:           990428 kB
SwapCached:          604 kB
Active:           768032 kB
Inactive:         663728 kB
Active(anon):     269588 kB
Inactive(anon):   171768 kB
Active(file):     498444 kB
Inactive(file):   491960 kB
Unevictable:        1744 kB
Mlocked:               0 kB
HighTotal:       1372556 kB
HighFree:          44756 kB
LowTotal:         587396 kB
LowFree:           61752 kB
SwapTotal:        262140 kB
SwapFree:         237168 kB
Dirty:               424 kB
Writeback:             0 kB
AnonPages:        441084 kB
Mapped:           355408 kB
Shmem:               256 kB
Slab:              55572 kB
SReclaimable:      16856 kB
SUnreclaim:        38716 kB
KernelStack:       15896 kB
PageTables:        27436 kB
NFS_Unstable:          0 kB
Bounce:                0 kB
WritebackTmp:          0 kB
CommitLimit:     1242116 kB
Committed_AS:   56781336 kB
VmallocTotal:     409600 kB
VmallocUsed:       37660 kB
VmallocChunk:     100380 kB
Time pass: 44 sec

---2015-12-11 14:29:19
MemTotal:        1959952 kB
MemFree:          109652 kB
Buffers:            2004 kB
Cached:           990976 kB
SwapCached:          604 kB
Active:           767540 kB
Inactive:         664232 kB
Active(anon):     269076 kB
Inactive(anon):   171756 kB
Active(file):     498464 kB
Inactive(file):   492476 kB
Unevictable:        1744 kB
Mlocked:               0 kB
HighTotal:       1372556 kB
HighFree:          47956 kB
LowTotal:         587396 kB
LowFree:           61696 kB
SwapTotal:        262140 kB
SwapFree:         237176 kB
Dirty:               452 kB
Writeback:             0 kB
AnonPages:        440608 kB
Mapped:           355828 kB
Shmem:               256 kB
Slab:              55884 kB
SReclaimable:      16896 kB
SUnreclaim:        38988 kB
KernelStack:       15816 kB
PageTables:        27428 kB
NFS_Unstable:          0 kB
Bounce:                0 kB
WritebackTmp:          0 kB
CommitLimit:     1242116 kB
Committed_AS:   56781904 kB
VmallocTotal:     409600 kB
VmallocUsed:       37644 kB
VmallocChunk:     100380 kB
Time pass: 47 sec

---2015-12-11 14:29:19
MemTotal:        1959952 kB
MemFree:           72296 kB
Buffers:            2004 kB
Cached:           993468 kB
SwapCached:          608 kB
Active:           791852 kB
Inactive:         667168 kB
Active(anon):     293156 kB
Inactive(anon):   172664 kB
Active(file):     498696 kB
Inactive(file):   494504 kB
Unevictable:        1744 kB
Mlocked:               0 kB
HighTotal:       1372556 kB
HighFree:          17900 kB
LowTotal:         587396 kB
LowFree:           54396 kB
SwapTotal:        262140 kB
SwapFree:         237176 kB
Dirty:              1312 kB
Writeback:             0 kB
AnonPages:        466336 kB
Mapped:           365148 kB
Shmem:               256 kB
Slab:              55748 kB
SReclaimable:      16904 kB
SUnreclaim:        38844 kB
KernelStack:       15864 kB
PageTables:        27460 kB
NFS_Unstable:          0 kB
Bounce:                0 kB
WritebackTmp:          0 kB
CommitLimit:     1242116 kB
Committed_AS:   56808284 kB
VmallocTotal:     409600 kB
VmallocUsed:       37688 kB
VmallocChunk:     100380 kB
Time pass: 51 sec

---2015-12-11 14:29:19
MemTotal:        1959952 kB
MemFree:          112028 kB
Buffers:            1996 kB
Cached:           944372 kB
SwapCached:          596 kB
Active:           749164 kB
Inactive:         647548 kB
Active(anon):     278300 kB
Inactive(anon):   174196 kB
Active(file):     470864 kB
Inactive(file):   473352 kB
Unevictable:        1744 kB
Mlocked:               0 kB
HighTotal:       1372556 kB
HighFree:          37568 kB
LowTotal:         587396 kB
LowFree:           74460 kB
SwapTotal:        262140 kB
SwapFree:         234924 kB
Dirty:               664 kB
Writeback:             0 kB
AnonPages:        452760 kB
Mapped:           367468 kB
Shmem:               256 kB
Slab:              55436 kB
SReclaimable:      16992 kB
SUnreclaim:        38444 kB
KernelStack:       15912 kB
PageTables:        27544 kB
NFS_Unstable:          0 kB
Bounce:                0 kB
WritebackTmp:          0 kB
CommitLimit:     1242116 kB
Committed_AS:   56796708 kB
VmallocTotal:     409600 kB
VmallocUsed:       37788 kB
VmallocChunk:     100380 kB
Time pass: 55 sec

---2015-12-11 14:29:19
MemTotal:        1959952 kB
MemFree:          110548 kB
Buffers:            1996 kB
Cached:           944716 kB
SwapCached:          596 kB
Active:           749412 kB
Inactive:         647880 kB
Active(anon):     278548 kB
Inactive(anon):   174196 kB
Active(file):     470864 kB
Inactive(file):   473684 kB
Unevictable:        1744 kB
Mlocked:               0 kB
HighTotal:       1372556 kB
HighFree:          36732 kB
LowTotal:         587396 kB
LowFree:           73816 kB
SwapTotal:        262140 kB
SwapFree:         234924 kB
Dirty:               668 kB
Writeback:             0 kB
AnonPages:        452896 kB
Mapped:           368036 kB
Shmem:               256 kB
Slab:              55892 kB
SReclaimable:      16992 kB
SUnreclaim:        38900 kB
KernelStack:       15928 kB
PageTables:        27564 kB
NFS_Unstable:          0 kB
Bounce:                0 kB
WritebackTmp:          0 kB
CommitLimit:     1242116 kB
Committed_AS:   56797044 kB
VmallocTotal:     409600 kB
VmallocUsed:       37788 kB
VmallocChunk:     100380 kB
Time pass: 59 sec

---2015-12-11 14:29:19
MemTotal:        1959952 kB
MemFree:          103880 kB
Buffers:            1996 kB
Cached:           944940 kB
SwapCached:          596 kB
Active:           750896 kB
Inactive:         647972 kB
Active(anon):     279900 kB
Inactive(anon):   174032 kB
Active(file):     470996 kB
Inactive(file):   473940 kB
Unevictable:        1744 kB
Mlocked:               0 kB
HighTotal:       1372556 kB
HighFree:          32108 kB
LowTotal:         587396 kB
LowFree:           71772 kB
SwapTotal:        262140 kB
SwapFree:         234924 kB
Dirty:               688 kB
Writeback:             0 kB
AnonPages:        453928 kB
Mapped:           371428 kB
Shmem:               256 kB
Slab:              55708 kB
SReclaimable:      17000 kB
SUnreclaim:        38708 kB
KernelStack:       15896 kB
PageTables:        27536 kB
NFS_Unstable:          0 kB
Bounce:                0 kB
WritebackTmp:          0 kB
CommitLimit:     1242116 kB
Committed_AS:   56798004 kB
VmallocTotal:     409600 kB
VmallocUsed:       37788 kB
VmallocChunk:     100380 kB
Time pass: 62 sec

---2015-12-11 14:29:19
MemTotal:        1959952 kB
MemFree:          103128 kB
Buffers:            1996 kB
Cached:           944948 kB
SwapCached:          596 kB
Active:           751264 kB
Inactive:         647932 kB
Active(anon):     280244 kB
Inactive(anon):   174024 kB
Active(file):     471020 kB
Inactive(file):   473908 kB
Unevictable:        1744 kB
Mlocked:               0 kB
HighTotal:       1372556 kB
HighFree:          31612 kB
LowTotal:         587396 kB
LowFree:           71516 kB
SwapTotal:        262140 kB
SwapFree:         234924 kB
Dirty:               708 kB
Writeback:             0 kB
AnonPages:        454064 kB
Mapped:           371968 kB
Shmem:               256 kB
Slab:              55888 kB
SReclaimable:      17016 kB
SUnreclaim:        38872 kB
KernelStack:       15912 kB
PageTables:        27552 kB
NFS_Unstable:          0 kB
Bounce:                0 kB
WritebackTmp:          0 kB
CommitLimit:     1242116 kB
Committed_AS:   56798100 kB
VmallocTotal:     409600 kB
VmallocUsed:       37788 kB
VmallocChunk:     100380 kB
Time pass: 66 sec

---2015-12-11 14:29:19
MemTotal:        1959952 kB
MemFree:           85412 kB
Buffers:            1996 kB
Cached:           946332 kB
SwapCached:          588 kB
Active:           763184 kB
Inactive:         648812 kB
Active(anon):     291744 kB
Inactive(anon):   174020 kB
Active(file):     471440 kB
Inactive(file):   474792 kB
Unevictable:        1744 kB
Mlocked:               0 kB
HighTotal:       1372556 kB
HighFree:          22856 kB
LowTotal:         587396 kB
LowFree:           62556 kB
SwapTotal:        262140 kB
SwapFree:         234932 kB
Dirty:              1044 kB
Writeback:             0 kB
AnonPages:        465988 kB
Mapped:           377032 kB
Shmem:               256 kB
Slab:              56120 kB
SReclaimable:      17016 kB
SUnreclaim:        39104 kB
KernelStack:       15912 kB
PageTables:        27560 kB
NFS_Unstable:          0 kB
Bounce:                0 kB
WritebackTmp:          0 kB
CommitLimit:     1242116 kB
Committed_AS:   56809256 kB
VmallocTotal:     409600 kB
VmallocUsed:       37800 kB
VmallocChunk:     100380 kB
Time pass: 70 sec

---2015-12-11 14:29:19
MemTotal:        1959952 kB
MemFree:           98636 kB
Buffers:            1996 kB
Cached:           930840 kB
SwapCached:          588 kB
Active:           749432 kB
Inactive:         641880 kB
Active(anon):     285828 kB
Inactive(anon):   174672 kB
Active(file):     463604 kB
Inactive(file):   467208 kB
Unevictable:        1744 kB
Mlocked:               0 kB
HighTotal:       1372556 kB
HighFree:          32044 kB
LowTotal:         587396 kB
LowFree:           66592 kB
SwapTotal:        262140 kB
SwapFree:         233056 kB
Dirty:               916 kB
Writeback:             0 kB
AnonPages:        460464 kB
Mapped:           387084 kB
Shmem:               256 kB
Slab:              55748 kB
SReclaimable:      16884 kB
SUnreclaim:        38864 kB
KernelStack:       15904 kB
PageTables:        27608 kB
NFS_Unstable:          0 kB
Bounce:                0 kB
WritebackTmp:          0 kB
CommitLimit:     1242116 kB
Committed_AS:   56812376 kB
VmallocTotal:     409600 kB
VmallocUsed:       37864 kB
VmallocChunk:     100380 kB
Time pass: 75 sec

---2015-12-11 14:29:19
MemTotal:        1959952 kB
MemFree:          111536 kB
Buffers:             848 kB
Cached:           879716 kB
SwapCached:          928 kB
Active:           729812 kB
Inactive:         623264 kB
Active(anon):     296168 kB
Inactive(anon):   178468 kB
Active(file):     433644 kB
Inactive(file):   444796 kB
Unevictable:        1744 kB
Mlocked:               0 kB
HighTotal:       1372556 kB
HighFree:          43244 kB
LowTotal:         587396 kB
LowFree:           68292 kB
SwapTotal:        262140 kB
SwapFree:         231424 kB
Dirty:              1124 kB
Writeback:             0 kB
AnonPages:        474268 kB
Mapped:           387168 kB
Shmem:               380 kB
Slab:              54128 kB
SReclaimable:      15676 kB
SUnreclaim:        38452 kB
KernelStack:       16040 kB
PageTables:        27804 kB
NFS_Unstable:          0 kB
Bounce:                0 kB
WritebackTmp:          0 kB
CommitLimit:     1242116 kB
Committed_AS:   56838200 kB
VmallocTotal:     409600 kB
VmallocUsed:       40276 kB
VmallocChunk:     100380 kB
Time pass: 81 sec

---2015-12-11 14:29:19
MemTotal:        1959952 kB
MemFree:          108172 kB
Buffers:             848 kB
Cached:           879728 kB
SwapCached:          932 kB
Active:           731720 kB
Inactive:         623276 kB
Active(anon):     298068 kB
Inactive(anon):   178488 kB
Active(file):     433652 kB
Inactive(file):   444788 kB
Unevictable:        1744 kB
Mlocked:               0 kB
HighTotal:       1372556 kB
HighFree:          41400 kB
LowTotal:         587396 kB
LowFree:           66772 kB
SwapTotal:        262140 kB
SwapFree:         231432 kB
Dirty:               856 kB
Writeback:             0 kB
AnonPages:        476360 kB
Mapped:           387088 kB
Shmem:               392 kB
Slab:              55444 kB
SReclaimable:      16708 kB
SUnreclaim:        38736 kB
KernelStack:       16072 kB
PageTables:        27824 kB
NFS_Unstable:          0 kB
Bounce:                0 kB
WritebackTmp:          0 kB
CommitLimit:     1242116 kB
Committed_AS:   56839536 kB
VmallocTotal:     409600 kB
VmallocUsed:       40276 kB
VmallocChunk:     100380 kB
Time pass: 85 sec

---2015-12-11 14:29:19
MemTotal:        1959952 kB
MemFree:           93704 kB
Buffers:             848 kB
Cached:           879772 kB
SwapCached:          932 kB
Active:           734260 kB
Inactive:         623312 kB
Active(anon):     300608 kB
Inactive(anon):   178524 kB
Active(file):     433652 kB
Inactive(file):   444788 kB
Unevictable:        1744 kB
Mlocked:               0 kB
HighTotal:       1372556 kB
HighFree:          32596 kB
LowTotal:         587396 kB
LowFree:           61108 kB
SwapTotal:        262140 kB
SwapFree:         231432 kB
Dirty:               868 kB
Writeback:             0 kB
AnonPages:        478464 kB
Mapped:           387172 kB
Shmem:               436 kB
Slab:              55536 kB
SReclaimable:      16708 kB
SUnreclaim:        38828 kB
KernelStack:       16072 kB
PageTables:        27860 kB
NFS_Unstable:          0 kB
Bounce:                0 kB
WritebackTmp:          0 kB
CommitLimit:     1242116 kB
Committed_AS:   56841536 kB
VmallocTotal:     409600 kB
VmallocUsed:       40276 kB
VmallocChunk:     100380 kB
Time pass: 90 sec

---2015-12-11 14:29:19
MemTotal:        1959952 kB
MemFree:           93184 kB
Buffers:             848 kB
Cached:           879812 kB
SwapCached:          932 kB
Active:           735660 kB
Inactive:         623356 kB
Active(anon):     302008 kB
Inactive(anon):   178568 kB
Active(file):     433652 kB
Inactive(file):   444788 kB
Unevictable:        1744 kB
Mlocked:               0 kB
HighTotal:       1372556 kB
HighFree:          31852 kB
LowTotal:         587396 kB
LowFree:           61332 kB
SwapTotal:        262140 kB
SwapFree:         231432 kB
Dirty:               856 kB
Writeback:             0 kB
AnonPages:        480080 kB
Mapped:           387212 kB
Shmem:               476 kB
Slab:              55252 kB
SReclaimable:      16708 kB
SUnreclaim:        38544 kB
KernelStack:       16072 kB
PageTables:        27856 kB
NFS_Unstable:          0 kB
Bounce:                0 kB
WritebackTmp:          0 kB
CommitLimit:     1242116 kB
Committed_AS:   56842856 kB
VmallocTotal:     409600 kB
VmallocUsed:       40276 kB
VmallocChunk:     100380 kB
Time pass: 94 sec

---2015-12-11 14:29:19
MemTotal:        1959952 kB
MemFree:           91592 kB
Buffers:             848 kB
Cached:           879852 kB
SwapCached:          932 kB
Active:           736596 kB
Inactive:         623396 kB
Active(anon):     302944 kB
Inactive(anon):   178608 kB
Active(file):     433652 kB
Inactive(file):   444788 kB
Unevictable:        1744 kB
Mlocked:               0 kB
HighTotal:       1372556 kB
HighFree:          30240 kB
LowTotal:         587396 kB
LowFree:           61352 kB
SwapTotal:        262140 kB
SwapFree:         231432 kB
Dirty:               856 kB
Writeback:             0 kB
AnonPages:        480872 kB
Mapped:           387252 kB
Shmem:               516 kB
Slab:              55292 kB
SReclaimable:      16716 kB
SUnreclaim:        38576 kB
KernelStack:       16072 kB
PageTables:        27864 kB
NFS_Unstable:          0 kB
Bounce:                0 kB
WritebackTmp:          0 kB
CommitLimit:     1242116 kB
Committed_AS:   56843536 kB
VmallocTotal:     409600 kB
VmallocUsed:       40276 kB
VmallocChunk:     100380 kB
Time pass: 97 sec

---2015-12-11 14:29:19
MemTotal:        1959952 kB
MemFree:          105868 kB
Buffers:             848 kB
Cached:           845116 kB
SwapCached:          932 kB
Active:           716012 kB
Inactive:         609160 kB
Active(anon):     301168 kB
Inactive(anon):   180348 kB
Active(file):     414844 kB
Inactive(file):   428812 kB
Unevictable:        1744 kB
Mlocked:               0 kB
HighTotal:       1372556 kB
HighFree:          43508 kB
LowTotal:         587396 kB
LowFree:           62360 kB
SwapTotal:        262140 kB
SwapFree:         230360 kB
Dirty:               856 kB
Writeback:             0 kB
AnonPages:        480988 kB
Mapped:           387324 kB
Shmem:               564 kB
Slab:              55448 kB
SReclaimable:      16812 kB
SUnreclaim:        38636 kB
KernelStack:       16072 kB
PageTables:        27988 kB
NFS_Unstable:          0 kB
Bounce:                0 kB
WritebackTmp:          0 kB
CommitLimit:     1242116 kB
Committed_AS:   56845328 kB
VmallocTotal:     409600 kB
VmallocUsed:       40276 kB
VmallocChunk:     100380 kB
Time pass: 101 sec

---2015-12-11 14:29:19
MemTotal:        1959952 kB
MemFree:          104724 kB
Buffers:             848 kB
Cached:           845268 kB
SwapCached:          932 kB
Active:           716104 kB
Inactive:         609308 kB
Active(anon):     301256 kB
Inactive(anon):   180348 kB
Active(file):     414848 kB
Inactive(file):   428960 kB
Unevictable:        1744 kB
Mlocked:               0 kB
HighTotal:       1372556 kB
HighFree:          41712 kB
LowTotal:         587396 kB
LowFree:           63012 kB
SwapTotal:        262140 kB
SwapFree:         230360 kB
Dirty:               992 kB
Writeback:             0 kB
AnonPages:        481000 kB
Mapped:           387300 kB
Shmem:               564 kB
Slab:              55320 kB
SReclaimable:      16812 kB
SUnreclaim:        38508 kB
KernelStack:       16072 kB
PageTables:        27864 kB
NFS_Unstable:          0 kB
Bounce:                0 kB
WritebackTmp:          0 kB
CommitLimit:     1242116 kB
Committed_AS:   56845312 kB
VmallocTotal:     409600 kB
VmallocUsed:       40276 kB
VmallocChunk:     100380 kB
Time pass: 105 sec

---2015-12-11 14:29:19
MemTotal:        1959952 kB
MemFree:           93776 kB
Buffers:             848 kB
Cached:           845284 kB
SwapCached:          932 kB
Active:           716748 kB
Inactive:         609312 kB
Active(anon):     301888 kB
Inactive(anon):   180360 kB
Active(file):     414860 kB
Inactive(file):   428952 kB
Unevictable:        1744 kB
Mlocked:               0 kB
HighTotal:       1372556 kB
HighFree:          35100 kB
LowTotal:         587396 kB
LowFree:           58676 kB
SwapTotal:        262140 kB
SwapFree:         230360 kB
Dirty:               880 kB
Writeback:             0 kB
AnonPages:        481760 kB
Mapped:           387312 kB
Shmem:               576 kB
Slab:              55200 kB
SReclaimable:      16812 kB
SUnreclaim:        38388 kB
KernelStack:       16064 kB
PageTables:        28000 kB
NFS_Unstable:          0 kB
Bounce:                0 kB
WritebackTmp:          0 kB
CommitLimit:     1242116 kB
Committed_AS:   56845948 kB
VmallocTotal:     409600 kB
VmallocUsed:       40276 kB
VmallocChunk:     100380 kB
Time pass: 109 sec

---2015-12-11 14:29:19
MemTotal:        1959952 kB
MemFree:           93460 kB
Buffers:             848 kB
Cached:           845344 kB
SwapCached:          932 kB
Active:           716816 kB
Inactive:         609372 kB
Active(anon):     301956 kB
Inactive(anon):   180420 kB
Active(file):     414860 kB
Inactive(file):   428952 kB
Unevictable:        1744 kB
Mlocked:               0 kB
HighTotal:       1372556 kB
HighFree:          35072 kB
LowTotal:         587396 kB
LowFree:           58388 kB
SwapTotal:        262140 kB
SwapFree:         230360 kB
Dirty:               880 kB
Writeback:             0 kB
AnonPages:        481680 kB
Mapped:           387372 kB
Shmem:               636 kB
Slab:              55480 kB
SReclaimable:      16812 kB
SUnreclaim:        38668 kB
KernelStack:       16064 kB
PageTables:        27996 kB
NFS_Unstable:          0 kB
Bounce:                0 kB
WritebackTmp:          0 kB
CommitLimit:     1242116 kB
Committed_AS:   56845772 kB
VmallocTotal:     409600 kB
VmallocUsed:       40276 kB
VmallocChunk:     100380 kB
Time pass: 113 sec

---2015-12-11 14:29:19
MemTotal:        1959952 kB
MemFree:           93676 kB
Buffers:             848 kB
Cached:           845356 kB
SwapCached:          932 kB
Active:           715824 kB
Inactive:         609384 kB
Active(anon):     300964 kB
Inactive(anon):   180432 kB
Active(file):     414860 kB
Inactive(file):   428952 kB
Unevictable:        1744 kB
Mlocked:               0 kB
HighTotal:       1372556 kB
HighFree:          35404 kB
LowTotal:         587396 kB
LowFree:           58272 kB
SwapTotal:        262140 kB
SwapFree:         230360 kB
Dirty:               880 kB
Writeback:             0 kB
AnonPages:        480604 kB
Mapped:           387384 kB
Shmem:               648 kB
Slab:              55488 kB
SReclaimable:      16812 kB
SUnreclaim:        38676 kB
KernelStack:       16056 kB
PageTables:        27992 kB
NFS_Unstable:          0 kB
Bounce:                0 kB
WritebackTmp:          0 kB
CommitLimit:     1242116 kB
Committed_AS:   56844740 kB
VmallocTotal:     409600 kB
VmallocUsed:       40276 kB
VmallocChunk:     100380 kB
Time pass: 116 sec

---2015-12-11 14:29:19
MemTotal:        1959952 kB
MemFree:           93616 kB
Buffers:             848 kB
Cached:           845692 kB
SwapCached:          932 kB
Active:           716012 kB
Inactive:         609488 kB
Active(anon):     301152 kB
Inactive(anon):   180432 kB
Active(file):     414860 kB
Inactive(file):   429056 kB
Unevictable:        1744 kB
Mlocked:               0 kB
HighTotal:       1372556 kB
HighFree:          35560 kB
LowTotal:         587396 kB
LowFree:           58056 kB
SwapTotal:        262140 kB
SwapFree:         230360 kB
Dirty:               880 kB
Writeback:             0 kB
AnonPages:        481076 kB
Mapped:           387384 kB
Shmem:               648 kB
Slab:              55428 kB
SReclaimable:      16812 kB
SUnreclaim:        38616 kB
KernelStack:       16064 kB
PageTables:        27992 kB
NFS_Unstable:          0 kB
Bounce:                0 kB
WritebackTmp:          0 kB
CommitLimit:     1242116 kB
Committed_AS:   56853768 kB
VmallocTotal:     409600 kB
VmallocUsed:       40276 kB
VmallocChunk:     100380 kB
Time pass: 120 sec

---2015-12-11 14:29:19
MemTotal:        1959952 kB
MemFree:           86988 kB
Buffers:             848 kB
Cached:           848444 kB
SwapCached:          940 kB
Active:           718648 kB
Inactive:         612368 kB
Active(anon):     303660 kB
Inactive(anon):   180064 kB
Active(file):     414988 kB
Inactive(file):   432304 kB
Unevictable:        1744 kB
Mlocked:               0 kB
HighTotal:       1372556 kB
HighFree:          29540 kB
LowTotal:         587396 kB
LowFree:           57448 kB
SwapTotal:        262140 kB
SwapFree:         230380 kB
Dirty:               884 kB
Writeback:             0 kB
AnonPages:        483792 kB
Mapped:           387532 kB
Shmem:               256 kB
Slab:              55468 kB
SReclaimable:      16820 kB
SUnreclaim:        38648 kB
KernelStack:       16112 kB
PageTables:        28008 kB
NFS_Unstable:          0 kB
Bounce:                0 kB
WritebackTmp:          0 kB
CommitLimit:     1242116 kB
Committed_AS:   58690344 kB
VmallocTotal:     409600 kB
VmallocUsed:       41296 kB
VmallocChunk:     100380 kB
Time pass: 124 sec

---2015-12-11 14:29:19
MemTotal:        1959952 kB
MemFree:          343028 kB
Buffers:             848 kB
Cached:           849476 kB
SwapCached:          944 kB
Active:           626260 kB
Inactive:         612844 kB
Active(anon):     210716 kB
Inactive(anon):   179932 kB
Active(file):     415544 kB
Inactive(file):   432912 kB
Unevictable:        1744 kB
Mlocked:               0 kB
HighTotal:       1372556 kB
HighFree:         228352 kB
LowTotal:         587396 kB
LowFree:          114676 kB
SwapTotal:        262140 kB
SwapFree:         230388 kB
Dirty:               172 kB
Writeback:             0 kB
AnonPages:        390436 kB
Mapped:           257624 kB
Shmem:               124 kB
Slab:              55624 kB
SReclaimable:      16828 kB
SUnreclaim:        38796 kB
KernelStack:       14912 kB
PageTables:        25816 kB
NFS_Unstable:          0 kB
Bounce:                0 kB
WritebackTmp:          0 kB
CommitLimit:     1242116 kB
Committed_AS:   54810908 kB
VmallocTotal:     409600 kB
VmallocUsed:       37424 kB
VmallocChunk:     100380 kB
Time pass: 127 sec

---2015-12-11 14:29:19
MemTotal:        1959952 kB
MemFree:          343020 kB
Buffers:             848 kB
Cached:           849496 kB
SwapCached:          944 kB
Active:           625908 kB
Inactive:         612848 kB
Active(anon):     210360 kB
Inactive(anon):   179920 kB
Active(file):     415548 kB
Inactive(file):   432928 kB
Unevictable:        1744 kB
Mlocked:               0 kB
HighTotal:       1372556 kB
HighFree:         227760 kB
LowTotal:         587396 kB
LowFree:          115260 kB
SwapTotal:        262140 kB
SwapFree:         230388 kB
Dirty:                24 kB
Writeback:             0 kB
AnonPages:        390160 kB
Mapped:           257640 kB
Shmem:               124 kB
Slab:              55676 kB
SReclaimable:      16828 kB
SUnreclaim:        38848 kB
KernelStack:       14832 kB
PageTables:        25804 kB
NFS_Unstable:          0 kB
Bounce:                0 kB
WritebackTmp:          0 kB
CommitLimit:     1242116 kB
Committed_AS:   54811052 kB
VmallocTotal:     409600 kB
VmallocUsed:       37424 kB
VmallocChunk:     100380 kB
Time pass: 131 sec

---2015-12-11 14:29:19
MemTotal:        1959952 kB
MemFree:          343552 kB
Buffers:             848 kB
Cached:           850044 kB
SwapCached:          944 kB
Active:           625268 kB
Inactive:         613380 kB
Active(anon):     209716 kB
Inactive(anon):   179908 kB
Active(file):     415552 kB
Inactive(file):   433472 kB
Unevictable:        1744 kB
Mlocked:               0 kB
HighTotal:       1372556 kB
HighFree:         227836 kB
LowTotal:         587396 kB
LowFree:          115716 kB
SwapTotal:        262140 kB
SwapFree:         230388 kB
Dirty:                52 kB
Writeback:             0 kB
AnonPages:        389448 kB
Mapped:           257724 kB
Shmem:               124 kB
Slab:              55628 kB
SReclaimable:      16828 kB
SUnreclaim:        38800 kB
KernelStack:       14832 kB
PageTables:        25804 kB
NFS_Unstable:          0 kB
Bounce:                0 kB
WritebackTmp:          0 kB
CommitLimit:     1242116 kB
Committed_AS:   54811280 kB
VmallocTotal:     409600 kB
VmallocUsed:       37424 kB
VmallocChunk:     100380 kB
Time pass: 135 sec

---2015-12-11 14:29:19
MemTotal:        1959952 kB
MemFree:          348436 kB
Buffers:             848 kB
Cached:           850044 kB
SwapCached:          944 kB
Active:           625472 kB
Inactive:         613380 kB
Active(anon):     209920 kB
Inactive(anon):   179908 kB
Active(file):     415552 kB
Inactive(file):   433472 kB
Unevictable:        1744 kB
Mlocked:               0 kB
HighTotal:       1372556 kB
HighFree:         227668 kB
LowTotal:         587396 kB
LowFree:          120768 kB
SwapTotal:        262140 kB
SwapFree:         230388 kB
Dirty:                52 kB
Writeback:             0 kB
AnonPages:        389672 kB
Mapped:           257732 kB
Shmem:               124 kB
Slab:              55556 kB
SReclaimable:      16828 kB
SUnreclaim:        38728 kB
KernelStack:       14840 kB
PageTables:        25804 kB
NFS_Unstable:          0 kB
Bounce:                0 kB
WritebackTmp:          0 kB
CommitLimit:     1242116 kB
Committed_AS:   54811496 kB
VmallocTotal:     409600 kB
VmallocUsed:       35016 kB
VmallocChunk:     100380 kB
Time pass: 138 sec

---2015-12-11 14:29:19
MemTotal:        1959952 kB
MemFree:          348244 kB
Buffers:             848 kB
Cached:           850044 kB
SwapCached:          944 kB
Active:           625760 kB
Inactive:         613380 kB
Active(anon):     210208 kB
Inactive(anon):   179908 kB
Active(file):     415552 kB
Inactive(file):   433472 kB
Unevictable:        1744 kB
Mlocked:               0 kB
HighTotal:       1372556 kB
HighFree:         227412 kB
LowTotal:         587396 kB
LowFree:          120832 kB
SwapTotal:        262140 kB
SwapFree:         230388 kB
Dirty:                72 kB
Writeback:             0 kB
AnonPages:        389992 kB
Mapped:           257732 kB
Shmem:               124 kB
Slab:              55488 kB
SReclaimable:      16828 kB
SUnreclaim:        38660 kB
KernelStack:       14840 kB
PageTables:        25804 kB
NFS_Unstable:          0 kB
Bounce:                0 kB
WritebackTmp:          0 kB
CommitLimit:     1242116 kB
Committed_AS:   54811896 kB
VmallocTotal:     409600 kB
VmallocUsed:       35016 kB
VmallocChunk:     100380 kB
Time pass: 142 sec

---2015-12-11 14:29:19
MemTotal:        1959952 kB
MemFree:          348236 kB
Buffers:             848 kB
Cached:           850044 kB
SwapCached:          944 kB
Active:           625496 kB
Inactive:         613380 kB
Active(anon):     209944 kB
Inactive(anon):   179908 kB
Active(file):     415552 kB
Inactive(file):   433472 kB
Unevictable:        1744 kB
Mlocked:               0 kB
HighTotal:       1372556 kB
HighFree:         227564 kB
LowTotal:         587396 kB
LowFree:          120672 kB
SwapTotal:        262140 kB
SwapFree:         230388 kB
Dirty:                72 kB
Writeback:             0 kB
AnonPages:        389828 kB
Mapped:           257732 kB
Shmem:               124 kB
Slab:              55664 kB
SReclaimable:      16828 kB
SUnreclaim:        38836 kB
KernelStack:       14840 kB
PageTables:        25804 kB
NFS_Unstable:          0 kB
Bounce:                0 kB
WritebackTmp:          0 kB
CommitLimit:     1242116 kB
Committed_AS:   54811824 kB
VmallocTotal:     409600 kB
VmallocUsed:       35016 kB
VmallocChunk:     100380 kB
Time pass: 146 sec

---2015-12-11 14:29:19
MemTotal:        1959952 kB
MemFree:          348156 kB
Buffers:             848 kB
Cached:           850044 kB
SwapCached:          944 kB
Active:           625708 kB
Inactive:         613380 kB
Active(anon):     210156 kB
Inactive(anon):   179908 kB
Active(file):     415552 kB
Inactive(file):   433472 kB
Unevictable:        1744 kB
Mlocked:               0 kB
HighTotal:       1372556 kB
HighFree:         227484 kB
LowTotal:         587396 kB
LowFree:          120672 kB
SwapTotal:        262140 kB
SwapFree:         230388 kB
Dirty:                72 kB
Writeback:             0 kB
AnonPages:        389832 kB
Mapped:           257732 kB
Shmem:               124 kB
Slab:              55648 kB
SReclaimable:      16828 kB
SUnreclaim:        38820 kB
KernelStack:       14840 kB
PageTables:        25804 kB
NFS_Unstable:          0 kB
Bounce:                0 kB
WritebackTmp:          0 kB
CommitLimit:     1242116 kB
Committed_AS:   54811808 kB
VmallocTotal:     409600 kB
VmallocUsed:       35016 kB
VmallocChunk:     100380 kB
Time pass: 149 sec

---2015-12-11 14:29:19
MemTotal:        1959952 kB
MemFree:          347852 kB
Buffers:             848 kB
Cached:           850044 kB
SwapCached:          944 kB
Active:           625748 kB
Inactive:         613380 kB
Active(anon):     210196 kB
Inactive(anon):   179908 kB
Active(file):     415552 kB
Inactive(file):   433472 kB
Unevictable:        1744 kB
Mlocked:               0 kB
HighTotal:       1372556 kB
HighFree:         227368 kB
LowTotal:         587396 kB
LowFree:          120484 kB
SwapTotal:        262140 kB
SwapFree:         230388 kB
Dirty:                72 kB
Writeback:             0 kB
AnonPages:        389992 kB
Mapped:           257732 kB
Shmem:               124 kB
Slab:              55644 kB
SReclaimable:      16828 kB
SUnreclaim:        38816 kB
KernelStack:       14840 kB
PageTables:        25804 kB
NFS_Unstable:          0 kB
Bounce:                0 kB
WritebackTmp:          0 kB
CommitLimit:     1242116 kB
Committed_AS:   54812076 kB
VmallocTotal:     409600 kB
VmallocUsed:       35016 kB
VmallocChunk:     100380 kB
Time pass: 153 sec

---2015-12-11 14:29:19
MemTotal:        1959952 kB
MemFree:          347900 kB
Buffers:             848 kB
Cached:           850044 kB
SwapCached:          944 kB
Active:           625952 kB
Inactive:         613380 kB
Active(anon):     210400 kB
Inactive(anon):   179908 kB
Active(file):     415552 kB
Inactive(file):   433472 kB
Unevictable:        1744 kB
Mlocked:               0 kB
HighTotal:       1372556 kB
HighFree:         227220 kB
LowTotal:         587396 kB
LowFree:          120680 kB
SwapTotal:        262140 kB
SwapFree:         230388 kB
Dirty:                72 kB
Writeback:             0 kB
AnonPages:        390084 kB
Mapped:           257744 kB
Shmem:               124 kB
Slab:              55668 kB
SReclaimable:      16828 kB
SUnreclaim:        38840 kB
KernelStack:       14840 kB
PageTables:        25784 kB
NFS_Unstable:          0 kB
Bounce:                0 kB
WritebackTmp:          0 kB
CommitLimit:     1242116 kB
Committed_AS:   54812048 kB
VmallocTotal:     409600 kB
VmallocUsed:       35016 kB
VmallocChunk:     100380 kB
Time pass: 156 sec

---2015-12-11 14:29:19
MemTotal:        1959952 kB
MemFree:          347696 kB
Buffers:             848 kB
Cached:           850044 kB
SwapCached:          944 kB
Active:           626076 kB
Inactive:         613380 kB
Active(anon):     210524 kB
Inactive(anon):   179908 kB
Active(file):     415552 kB
Inactive(file):   433472 kB
Unevictable:        1744 kB
Mlocked:               0 kB
HighTotal:       1372556 kB
HighFree:         227056 kB
LowTotal:         587396 kB
LowFree:          120640 kB
SwapTotal:        262140 kB
SwapFree:         230388 kB
Dirty:                72 kB
Writeback:             0 kB
AnonPages:        390336 kB
Mapped:           257732 kB
Shmem:               124 kB
Slab:              55752 kB
SReclaimable:      16828 kB
SUnreclaim:        38924 kB
KernelStack:       14872 kB
PageTables:        25804 kB
NFS_Unstable:          0 kB
Bounce:                0 kB
WritebackTmp:          0 kB
CommitLimit:     1242116 kB
Committed_AS:   54812040 kB
VmallocTotal:     409600 kB
VmallocUsed:       35016 kB
VmallocChunk:     100380 kB
Time pass: 160 sec

---2015-12-11 14:29:19
MemTotal:        1959952 kB
MemFree:          342700 kB
Buffers:             848 kB
Cached:           850032 kB
SwapCached:          956 kB
Active:           630372 kB
Inactive:         613364 kB
Active(anon):     214808 kB
Inactive(anon):   179904 kB
Active(file):     415564 kB
Inactive(file):   433460 kB
Unevictable:        1744 kB
Mlocked:               0 kB
HighTotal:       1372556 kB
HighFree:         222792 kB
LowTotal:         587396 kB
LowFree:          119908 kB
SwapTotal:        262140 kB
SwapFree:         230388 kB
Dirty:                72 kB
Writeback:             0 kB
AnonPages:        394632 kB
Mapped:           258400 kB
Shmem:               124 kB
Slab:              55608 kB
SReclaimable:      16828 kB
SUnreclaim:        38780 kB
KernelStack:       14960 kB
PageTables:        26220 kB
NFS_Unstable:          0 kB
Bounce:                0 kB
WritebackTmp:          0 kB
CommitLimit:     1242116 kB
Committed_AS:   57596928 kB
VmallocTotal:     409600 kB
VmallocUsed:       35016 kB
VmallocChunk:     100380 kB
Time pass: 164 sec

---2015-12-11 14:29:19
MemTotal:        1959952 kB
MemFree:          271732 kB
Buffers:             848 kB
Cached:           850720 kB
SwapCached:         1004 kB
Active:           655728 kB
Inactive:         611060 kB
Active(anon):     237308 kB
Inactive(anon):   180076 kB
Active(file):     418420 kB
Inactive(file):   430984 kB
Unevictable:        1744 kB
Mlocked:               0 kB
HighTotal:       1372556 kB
HighFree:         164948 kB
LowTotal:         587396 kB
LowFree:          106784 kB
SwapTotal:        262140 kB
SwapFree:         230392 kB
Dirty:              1048 kB
Writeback:             0 kB
AnonPages:        417176 kB
Mapped:           286744 kB
Shmem:               256 kB
Slab:              56108 kB
SReclaimable:      16852 kB
SUnreclaim:        39256 kB
KernelStack:       15488 kB
PageTables:        26692 kB
NFS_Unstable:          0 kB
Bounce:                0 kB
WritebackTmp:          0 kB
CommitLimit:     1242116 kB
Committed_AS:   55830628 kB
VmallocTotal:     409600 kB
VmallocUsed:       35264 kB
VmallocChunk:     100380 kB
Time pass: 167 sec

---2015-12-11 14:29:19
MemTotal:        1959952 kB
MemFree:          219932 kB
Buffers:             848 kB
Cached:           851788 kB
SwapCached:          996 kB
Active:           666088 kB
Inactive:         609832 kB
Active(anon):     246080 kB
Inactive(anon):   179208 kB
Active(file):     420008 kB
Inactive(file):   430624 kB
Unevictable:        1744 kB
Mlocked:               0 kB
HighTotal:       1372556 kB
HighFree:         130140 kB
LowTotal:         587396 kB
LowFree:           89792 kB
SwapTotal:        262140 kB
SwapFree:         230672 kB
Dirty:              1116 kB
Writeback:             0 kB
AnonPages:        425340 kB
Mapped:           309116 kB
Shmem:               256 kB
Slab:              55976 kB
SReclaimable:      16868 kB
SUnreclaim:        39108 kB
KernelStack:       15544 kB
PageTables:        26848 kB
NFS_Unstable:          0 kB
Bounce:                0 kB
WritebackTmp:          0 kB
CommitLimit:     1242116 kB
Committed_AS:   55830800 kB
VmallocTotal:     409600 kB
VmallocUsed:       35476 kB
VmallocChunk:     100380 kB
Time pass: 171 sec

---2015-12-11 14:29:19
MemTotal:        1959952 kB
MemFree:          169936 kB
Buffers:             848 kB
Cached:           852840 kB
SwapCached:          996 kB
Active:           675012 kB
Inactive:         609732 kB
Active(anon):     253868 kB
Inactive(anon):   179200 kB
Active(file):     421144 kB
Inactive(file):   430532 kB
Unevictable:        1744 kB
Mlocked:               0 kB
HighTotal:       1372556 kB
HighFree:          80556 kB
LowTotal:         587396 kB
LowFree:           89380 kB
SwapTotal:        262140 kB
SwapFree:         230672 kB
Dirty:              1416 kB
Writeback:             0 kB
AnonPages:        432440 kB
Mapped:           338200 kB
Shmem:               256 kB
Slab:              55912 kB
SReclaimable:      16880 kB
SUnreclaim:        39032 kB
KernelStack:       15592 kB
PageTables:        26940 kB
NFS_Unstable:          0 kB
Bounce:                0 kB
WritebackTmp:          0 kB
CommitLimit:     1242116 kB
Committed_AS:   55837832 kB
VmallocTotal:     409600 kB
VmallocUsed:       35616 kB
VmallocChunk:     100380 kB
Time pass: 175 sec

---2015-12-11 14:29:19
MemTotal:        1959952 kB
MemFree:          155700 kB
Buffers:             848 kB
Cached:           853024 kB
SwapCached:          996 kB
Active:           676120 kB
Inactive:         609608 kB
Active(anon):     254656 kB
Inactive(anon):   179200 kB
Active(file):     421464 kB
Inactive(file):   430408 kB
Unevictable:        1744 kB
Mlocked:               0 kB
HighTotal:       1372556 kB
HighFree:          66500 kB
LowTotal:         587396 kB
LowFree:           89200 kB
SwapTotal:        262140 kB
SwapFree:         230672 kB
Dirty:               532 kB
Writeback:             0 kB
AnonPages:        433492 kB
Mapped:           351072 kB
Shmem:               256 kB
Slab:              55960 kB
SReclaimable:      16888 kB
SUnreclaim:        39072 kB
KernelStack:       15608 kB
PageTables:        26988 kB
NFS_Unstable:          0 kB
Bounce:                0 kB
WritebackTmp:          0 kB
CommitLimit:     1242116 kB
Committed_AS:   55838536 kB
VmallocTotal:     409600 kB
VmallocUsed:       35676 kB
VmallocChunk:     100380 kB
Time pass: 178 sec

---2015-12-11 14:29:19
MemTotal:        1959952 kB
MemFree:          154516 kB
Buffers:             848 kB
Cached:           853236 kB
SwapCached:          996 kB
Active:           672920 kB
Inactive:         609496 kB
Active(anon):     251144 kB
Inactive(anon):   179200 kB
Active(file):     421776 kB
Inactive(file):   430296 kB
Unevictable:        1744 kB
Mlocked:               0 kB
HighTotal:       1372556 kB
HighFree:          65628 kB
LowTotal:         587396 kB
LowFree:           88888 kB
SwapTotal:        262140 kB
SwapFree:         230672 kB
Dirty:               712 kB
Writeback:             0 kB
AnonPages:        430160 kB
Mapped:           353304 kB
Shmem:               256 kB
Slab:              55960 kB
SReclaimable:      16888 kB
SUnreclaim:        39072 kB
KernelStack:       15592 kB
PageTables:        27000 kB
NFS_Unstable:          0 kB
Bounce:                0 kB
WritebackTmp:          0 kB
CommitLimit:     1242116 kB
Committed_AS:   55839624 kB
VmallocTotal:     409600 kB
VmallocUsed:       35676 kB
VmallocChunk:     100380 kB
Time pass: 182 sec

---2015-12-11 14:29:19
MemTotal:        1959952 kB
MemFree:          150768 kB
Buffers:             848 kB
Cached:           853236 kB
SwapCached:          996 kB
Active:           678620 kB
Inactive:         609464 kB
Active(anon):     256800 kB
Inactive(anon):   179200 kB
Active(file):     421820 kB
Inactive(file):   430264 kB
Unevictable:        1744 kB
Mlocked:               0 kB
HighTotal:       1372556 kB
HighFree:          61908 kB
LowTotal:         587396 kB
LowFree:           88860 kB
SwapTotal:        262140 kB
SwapFree:         230672 kB
Dirty:               800 kB
Writeback:             0 kB
AnonPages:        435740 kB
Mapped:           353380 kB
Shmem:               256 kB
Slab:              56124 kB
SReclaimable:      16888 kB
SUnreclaim:        39236 kB
KernelStack:       15592 kB
PageTables:        27000 kB
NFS_Unstable:          0 kB
Bounce:                0 kB
WritebackTmp:          0 kB
CommitLimit:     1242116 kB
Committed_AS:   55846168 kB
VmallocTotal:     409600 kB
VmallocUsed:       35676 kB
VmallocChunk:     100380 kB
Time pass: 186 sec

---2015-12-11 14:29:19
MemTotal:        1959952 kB
MemFree:          131116 kB
Buffers:             848 kB
Cached:           853260 kB
SwapCached:          996 kB
Active:           680316 kB
Inactive:         609484 kB
Active(anon):     258496 kB
Inactive(anon):   179196 kB
Active(file):     421820 kB
Inactive(file):   430288 kB
Unevictable:        1744 kB
Mlocked:               0 kB
HighTotal:       1372556 kB
HighFree:          41756 kB
LowTotal:         587396 kB
LowFree:           89360 kB
SwapTotal:        262140 kB
SwapFree:         230672 kB
Dirty:               704 kB
Writeback:             0 kB
AnonPages:        437480 kB
Mapped:           367440 kB
Shmem:               256 kB
Slab:              55988 kB
SReclaimable:      16888 kB
SUnreclaim:        39100 kB
KernelStack:       15600 kB
PageTables:        27052 kB
NFS_Unstable:          0 kB
Bounce:                0 kB
WritebackTmp:          0 kB
CommitLimit:     1242116 kB
Committed_AS:   55846160 kB
VmallocTotal:     409600 kB
VmallocUsed:       35752 kB
VmallocChunk:     100380 kB
Time pass: 189 sec

---2015-12-11 14:29:19
MemTotal:        1959952 kB
MemFree:          130136 kB
Buffers:             848 kB
Cached:           853260 kB
SwapCached:          996 kB
Active:           680408 kB
Inactive:         609476 kB
Active(anon):     258580 kB
Inactive(anon):   179196 kB
Active(file):     421828 kB
Inactive(file):   430280 kB
Unevictable:        1744 kB
Mlocked:               0 kB
HighTotal:       1372556 kB
HighFree:          40900 kB
LowTotal:         587396 kB
LowFree:           89236 kB
SwapTotal:        262140 kB
SwapFree:         230672 kB
Dirty:               640 kB
Writeback:            60 kB
AnonPages:        437608 kB
Mapped:           367520 kB
Shmem:               256 kB
Slab:              55924 kB
SReclaimable:      16888 kB
SUnreclaim:        39036 kB
KernelStack:       15632 kB
PageTables:        27080 kB
NFS_Unstable:          0 kB
Bounce:                0 kB
WritebackTmp:          0 kB
CommitLimit:     1242116 kB
Committed_AS:   55846312 kB
VmallocTotal:     409600 kB
VmallocUsed:       35752 kB
VmallocChunk:     100380 kB
Time pass: 193 sec

---2015-12-11 14:29:19
MemTotal:        1959952 kB
MemFree:          129424 kB
Buffers:             848 kB
Cached:           853260 kB
SwapCached:          996 kB
Active:           680660 kB
Inactive:         609472 kB
Active(anon):     258828 kB
Inactive(anon):   179196 kB
Active(file):     421832 kB
Inactive(file):   430276 kB
Unevictable:        1744 kB
Mlocked:               0 kB
HighTotal:       1372556 kB
HighFree:          40560 kB
LowTotal:         587396 kB
LowFree:           88864 kB
SwapTotal:        262140 kB
SwapFree:         230672 kB
Dirty:               656 kB
Writeback:             0 kB
AnonPages:        437620 kB
Mapped:           367480 kB
Shmem:               256 kB
Slab:              56168 kB
SReclaimable:      16888 kB
SUnreclaim:        39280 kB
KernelStack:       15608 kB
PageTables:        27052 kB
NFS_Unstable:          0 kB
Bounce:                0 kB
WritebackTmp:          0 kB
CommitLimit:     1242116 kB
Committed_AS:   55846548 kB
VmallocTotal:     409600 kB
VmallocUsed:       35752 kB
VmallocChunk:     100380 kB
Time pass: 196 sec

---2015-12-11 14:29:19
MemTotal:        1959952 kB
MemFree:          121740 kB
Buffers:             848 kB
Cached:           853416 kB
SwapCached:          996 kB
Active:           690660 kB
Inactive:         608624 kB
Active(anon):     267836 kB
Inactive(anon):   179316 kB
Active(file):     422824 kB
Inactive(file):   429308 kB
Unevictable:        1744 kB
Mlocked:               0 kB
HighTotal:       1372556 kB
HighFree:          33704 kB
LowTotal:         587396 kB
LowFree:           88036 kB
SwapTotal:        262140 kB
SwapFree:         230672 kB
Dirty:               688 kB
Writeback:             0 kB
AnonPages:        446668 kB
Mapped:           370712 kB
Shmem:               384 kB
Slab:              55680 kB
SReclaimable:      16888 kB
SUnreclaim:        38792 kB
KernelStack:       15808 kB
PageTables:        27212 kB
NFS_Unstable:          0 kB
Bounce:                0 kB
WritebackTmp:          0 kB
CommitLimit:     1242116 kB
Committed_AS:   55872648 kB
VmallocTotal:     409600 kB
VmallocUsed:       38160 kB
VmallocChunk:     100380 kB
Time pass: 200 sec

---2015-12-11 14:29:19
MemTotal:        1959952 kB
MemFree:          116564 kB
Buffers:             848 kB
Cached:           853544 kB
SwapCached:          996 kB
Active:           695204 kB
Inactive:         608748 kB
Active(anon):     272376 kB
Inactive(anon):   179436 kB
Active(file):     422828 kB
Inactive(file):   429312 kB
Unevictable:        1744 kB
Mlocked:               0 kB
HighTotal:       1372556 kB
HighFree:          29800 kB
LowTotal:         587396 kB
LowFree:           86764 kB
SwapTotal:        262140 kB
SwapFree:         230672 kB
Dirty:               664 kB
Writeback:             0 kB
AnonPages:        451348 kB
Mapped:           368188 kB
Shmem:               508 kB
Slab:              55660 kB
SReclaimable:      16888 kB
SUnreclaim:        38772 kB
KernelStack:       15776 kB
PageTables:        27176 kB
NFS_Unstable:          0 kB
Bounce:                0 kB
WritebackTmp:          0 kB
CommitLimit:     1242116 kB
Committed_AS:   55877008 kB
VmallocTotal:     409600 kB
VmallocUsed:       38164 kB
VmallocChunk:     100380 kB
Time pass: 204 sec

---2015-12-11 14:29:19
MemTotal:        1959952 kB
MemFree:          116268 kB
Buffers:             848 kB
Cached:           853548 kB
SwapCached:          996 kB
Active:           696248 kB
Inactive:         608748 kB
Active(anon):     273416 kB
Inactive(anon):   179440 kB
Active(file):     422832 kB
Inactive(file):   429308 kB
Unevictable:        1744 kB
Mlocked:               0 kB
HighTotal:       1372556 kB
HighFree:          29536 kB
LowTotal:         587396 kB
LowFree:           86732 kB
SwapTotal:        262140 kB
SwapFree:         230672 kB
Dirty:               664 kB
Writeback:             0 kB
AnonPages:        452256 kB
Mapped:           368652 kB
Shmem:               512 kB
Slab:              55652 kB
SReclaimable:      16888 kB
SUnreclaim:        38764 kB
KernelStack:       15792 kB
PageTables:        27260 kB
NFS_Unstable:          0 kB
Bounce:                0 kB
WritebackTmp:          0 kB
CommitLimit:     1242116 kB
Committed_AS:   55877720 kB
VmallocTotal:     409600 kB
VmallocUsed:       38164 kB
VmallocChunk:     100380 kB
Time pass: 209 sec

---2015-12-11 14:29:19
MemTotal:        1959952 kB
MemFree:          115648 kB
Buffers:             848 kB
Cached:           853592 kB
SwapCached:          996 kB
Active:           696700 kB
Inactive:         608792 kB
Active(anon):     273868 kB
Inactive(anon):   179484 kB
Active(file):     422832 kB
Inactive(file):   429308 kB
Unevictable:        1744 kB
Mlocked:               0 kB
HighTotal:       1372556 kB
HighFree:          28916 kB
LowTotal:         587396 kB
LowFree:           86732 kB
SwapTotal:        262140 kB
SwapFree:         230672 kB
Dirty:               664 kB
Writeback:             0 kB
AnonPages:        452900 kB
Mapped:           368696 kB
Shmem:               556 kB
Slab:              55652 kB
SReclaimable:      16888 kB
SUnreclaim:        38764 kB
KernelStack:       15792 kB
PageTables:        27264 kB
NFS_Unstable:          0 kB
Bounce:                0 kB
WritebackTmp:          0 kB
CommitLimit:     1242116 kB
Committed_AS:   55878196 kB
VmallocTotal:     409600 kB
VmallocUsed:       38164 kB
VmallocChunk:     100380 kB
Time pass: 213 sec

---2015-12-11 14:29:19
MemTotal:        1959952 kB
MemFree:          113848 kB
Buffers:             848 kB
Cached:           853596 kB
SwapCached:          996 kB
Active:           697844 kB
Inactive:         608792 kB
Active(anon):     275008 kB
Inactive(anon):   179484 kB
Active(file):     422836 kB
Inactive(file):   429308 kB
Unevictable:        1744 kB
Mlocked:               0 kB
HighTotal:       1372556 kB
HighFree:          27676 kB
LowTotal:         587396 kB
LowFree:           86172 kB
SwapTotal:        262140 kB
SwapFree:         230672 kB
Dirty:               672 kB
Writeback:             0 kB
AnonPages:        453680 kB
Mapped:           368704 kB
Shmem:               556 kB
Slab:              55628 kB
SReclaimable:      16888 kB
SUnreclaim:        38740 kB
KernelStack:       15792 kB
PageTables:        27260 kB
NFS_Unstable:          0 kB
Bounce:                0 kB
WritebackTmp:          0 kB
CommitLimit:     1242116 kB
Committed_AS:   55878864 kB
VmallocTotal:     409600 kB
VmallocUsed:       38164 kB
VmallocChunk:     100380 kB
Time pass: 217 sec

---2015-12-11 14:29:19
MemTotal:        1959952 kB
MemFree:          113332 kB
Buffers:             848 kB
Cached:           853852 kB
SwapCached:          996 kB
Active:           697960 kB
Inactive:         609044 kB
Active(anon):     275120 kB
Inactive(anon):   179740 kB
Active(file):     422840 kB
Inactive(file):   429304 kB
Unevictable:        1744 kB
Mlocked:               0 kB
HighTotal:       1372556 kB
HighFree:          27428 kB
LowTotal:         587396 kB
LowFree:           85904 kB
SwapTotal:        262140 kB
SwapFree:         230672 kB
Dirty:               668 kB
Writeback:             0 kB
AnonPages:        453900 kB
Mapped:           368984 kB
Shmem:               812 kB
Slab:              55624 kB
SReclaimable:      16888 kB
SUnreclaim:        38736 kB
KernelStack:       15768 kB
PageTables:        27244 kB
NFS_Unstable:          0 kB
Bounce:                0 kB
WritebackTmp:          0 kB
CommitLimit:     1242116 kB
Committed_AS:   55878980 kB
VmallocTotal:     409600 kB
VmallocUsed:       38164 kB
VmallocChunk:     100380 kB
Time pass: 221 sec

---2015-12-11 14:29:19
MemTotal:        1959952 kB
MemFree:          111384 kB
Buffers:             848 kB
Cached:           854340 kB
SwapCached:          996 kB
Active:           698444 kB
Inactive:         609536 kB
Active(anon):     275604 kB
Inactive(anon):   180028 kB
Active(file):     422840 kB
Inactive(file):   429508 kB
Unevictable:        1744 kB
Mlocked:               0 kB
HighTotal:       1372556 kB
HighFree:          26312 kB
LowTotal:         587396 kB
LowFree:           85072 kB
SwapTotal:        262140 kB
SwapFree:         230676 kB
Dirty:               920 kB
Writeback:             0 kB
AnonPages:        454304 kB
Mapped:           369244 kB
Shmem:              1096 kB
Slab:              55688 kB
SReclaimable:      16888 kB
SUnreclaim:        38800 kB
KernelStack:       15776 kB
PageTables:        27284 kB
NFS_Unstable:          0 kB
Bounce:                0 kB
WritebackTmp:          0 kB
CommitLimit:     1242116 kB
Committed_AS:   55889532 kB
VmallocTotal:     409600 kB
VmallocUsed:       38164 kB
VmallocChunk:     100380 kB
Time pass: 225 sec

---2015-12-11 14:29:19
MemTotal:        1959952 kB
MemFree:          105104 kB
Buffers:             848 kB
Cached:           853744 kB
SwapCached:          996 kB
Active:           707100 kB
Inactive:         608912 kB
Active(anon):     284244 kB
Inactive(anon):   179416 kB
Active(file):     422856 kB
Inactive(file):   429496 kB
Unevictable:        1744 kB
Mlocked:               0 kB
HighTotal:       1372556 kB
HighFree:          25836 kB
LowTotal:         587396 kB
LowFree:           79268 kB
SwapTotal:        262140 kB
SwapFree:         230676 kB
Dirty:               724 kB
Writeback:             0 kB
AnonPages:        463020 kB
Mapped:           368424 kB
Shmem:               496 kB
Slab:              55376 kB
SReclaimable:      16792 kB
SUnreclaim:        38584 kB
KernelStack:       15784 kB
PageTables:        27244 kB
NFS_Unstable:          0 kB
Bounce:                0 kB
WritebackTmp:          0 kB
CommitLimit:     1242116 kB
Committed_AS:   55900812 kB
VmallocTotal:     409600 kB
VmallocUsed:       38160 kB
VmallocChunk:     100380 kB
Time pass: 229 sec

---2015-12-11 14:29:19
MemTotal:        1959952 kB
MemFree:           90100 kB
Buffers:             916 kB
Cached:           864464 kB
SwapCached:          996 kB
Active:           710988 kB
Inactive:         619580 kB
Active(anon):     288016 kB
Inactive(anon):   179432 kB
Active(file):     422972 kB
Inactive(file):   440148 kB
Unevictable:        1744 kB
Mlocked:               0 kB
HighTotal:       1372556 kB
HighFree:          26312 kB
LowTotal:         587396 kB
LowFree:           63788 kB
SwapTotal:        262140 kB
SwapFree:         230676 kB
Dirty:               756 kB
Writeback:             0 kB
AnonPages:        466920 kB
Mapped:           369772 kB
Shmem:               516 kB
Slab:              55500 kB
SReclaimable:      16792 kB
SUnreclaim:        38708 kB
KernelStack:       15776 kB
PageTables:        27300 kB
NFS_Unstable:          0 kB
Bounce:                0 kB
WritebackTmp:          0 kB
CommitLimit:     1242116 kB
Committed_AS:   55902068 kB
VmallocTotal:     409600 kB
VmallocUsed:       38160 kB
VmallocChunk:     100380 kB
Time pass: 233 sec

---2015-12-11 14:29:19
MemTotal:        1959952 kB
MemFree:           86924 kB
Buffers:             916 kB
Cached:           864476 kB
SwapCached:          996 kB
Active:           717892 kB
Inactive:         615196 kB
Active(anon):     290524 kB
Inactive(anon):   179444 kB
Active(file):     427368 kB
Inactive(file):   435752 kB
Unevictable:        1744 kB
Mlocked:               0 kB
HighTotal:       1372556 kB
HighFree:          24192 kB
LowTotal:         587396 kB
LowFree:           62732 kB
SwapTotal:        262140 kB
SwapFree:         230676 kB
Dirty:               764 kB
Writeback:             0 kB
AnonPages:        469324 kB
Mapped:           368476 kB
Shmem:               528 kB
Slab:              55340 kB
SReclaimable:      16792 kB
SUnreclaim:        38548 kB
KernelStack:       15968 kB
PageTables:        27412 kB
NFS_Unstable:          0 kB
Bounce:                0 kB
WritebackTmp:          0 kB
CommitLimit:     1242116 kB
Committed_AS:   55903456 kB
VmallocTotal:     409600 kB
VmallocUsed:       38164 kB
VmallocChunk:     100380 kB
Time pass: 238 sec

---2015-12-11 14:29:19
MemTotal:        1959952 kB
MemFree:           84848 kB
Buffers:             916 kB
Cached:           864544 kB
SwapCached:          996 kB
Active:           720872 kB
Inactive:         615144 kB
Active(anon):     293384 kB
Inactive(anon):   179512 kB
Active(file):     427488 kB
Inactive(file):   435632 kB
Unevictable:        1744 kB
Mlocked:               0 kB
HighTotal:       1372556 kB
HighFree:          24196 kB
LowTotal:         587396 kB
LowFree:           60652 kB
SwapTotal:        262140 kB
SwapFree:         230676 kB
Dirty:               756 kB
Writeback:             0 kB
AnonPages:        472476 kB
Mapped:           371040 kB
Shmem:               596 kB
Slab:              55464 kB
SReclaimable:      16792 kB
SUnreclaim:        38672 kB
KernelStack:       15792 kB
PageTables:        27620 kB
NFS_Unstable:          0 kB
Bounce:                0 kB
WritebackTmp:          0 kB
CommitLimit:     1242116 kB
Committed_AS:   56863492 kB
VmallocTotal:     409600 kB
VmallocUsed:       38164 kB
VmallocChunk:     100380 kB
Time pass: 242 sec

---2015-12-11 14:29:19
MemTotal:        1959952 kB
MemFree:           87716 kB
Buffers:             916 kB
Cached:           865300 kB
SwapCached:          996 kB
Active:           716812 kB
Inactive:         615896 kB
Active(anon):     289324 kB
Inactive(anon):   179536 kB
Active(file):     427488 kB
Inactive(file):   436360 kB
Unevictable:        1744 kB
Mlocked:               0 kB
HighTotal:       1372556 kB
HighFree:          27652 kB
LowTotal:         587396 kB
LowFree:           60064 kB
SwapTotal:        262140 kB
SwapFree:         230676 kB
Dirty:               756 kB
Writeback:             0 kB
AnonPages:        468268 kB
Mapped:           368824 kB
Shmem:               624 kB
Slab:              55312 kB
SReclaimable:      16792 kB
SUnreclaim:        38520 kB
KernelStack:       15776 kB
PageTables:        27316 kB
NFS_Unstable:          0 kB
Bounce:                0 kB
WritebackTmp:          0 kB
CommitLimit:     1242116 kB
Committed_AS:   55898852 kB
VmallocTotal:     409600 kB
VmallocUsed:       38164 kB
VmallocChunk:     100380 kB
Time pass: 246 sec

---2015-12-11 14:29:19
MemTotal:        1959952 kB
MemFree:           90876 kB
Buffers:             916 kB
Cached:           865300 kB
SwapCached:          996 kB
Active:           712896 kB
Inactive:         615896 kB
Active(anon):     285408 kB
Inactive(anon):   179536 kB
Active(file):     427488 kB
Inactive(file):   436360 kB
Unevictable:        1744 kB
Mlocked:               0 kB
HighTotal:       1372556 kB
HighFree:          30280 kB
LowTotal:         587396 kB
LowFree:           60596 kB
SwapTotal:        262140 kB
SwapFree:         230676 kB
Dirty:               756 kB
Writeback:             0 kB
AnonPages:        464108 kB
Mapped:           368800 kB
Shmem:               624 kB
Slab:              55440 kB
SReclaimable:      16792 kB
SUnreclaim:        38648 kB
KernelStack:       15784 kB
PageTables:        27336 kB
NFS_Unstable:          0 kB
Bounce:                0 kB
WritebackTmp:          0 kB
CommitLimit:     1242116 kB
Committed_AS:   55898884 kB
VmallocTotal:     409600 kB
VmallocUsed:       38164 kB
VmallocChunk:     100380 kB
Time pass: 250 sec

---2015-12-11 14:29:19
MemTotal:        1959952 kB
MemFree:           90264 kB
Buffers:             916 kB
Cached:           865340 kB
SwapCached:          996 kB
Active:           713624 kB
Inactive:         615896 kB
Active(anon):     286136 kB
Inactive(anon):   179536 kB
Active(file):     427488 kB
Inactive(file):   436360 kB
Unevictable:        1744 kB
Mlocked:               0 kB
HighTotal:       1372556 kB
HighFree:          29660 kB
LowTotal:         587396 kB
LowFree:           60604 kB
SwapTotal:        262140 kB
SwapFree:         230676 kB
Dirty:               796 kB
Writeback:             0 kB
AnonPages:        464904 kB
Mapped:           368804 kB
Shmem:               624 kB
Slab:              55412 kB
SReclaimable:      16792 kB
SUnreclaim:        38620 kB
KernelStack:       15808 kB
PageTables:        27336 kB
NFS_Unstable:          0 kB
Bounce:                0 kB
WritebackTmp:          0 kB
CommitLimit:     1242116 kB
Committed_AS:   55899028 kB
VmallocTotal:     409600 kB
VmallocUsed:       38164 kB
VmallocChunk:     100380 kB
Time pass: 253 sec

---2015-12-11 14:29:19
MemTotal:        1959952 kB
MemFree:           89120 kB
Buffers:             916 kB
Cached:           865300 kB
SwapCached:          996 kB
Active:           714380 kB
Inactive:         615884 kB
Active(anon):     286892 kB
Inactive(anon):   179524 kB
Active(file):     427488 kB
Inactive(file):   436360 kB
Unevictable:        1744 kB
Mlocked:               0 kB
HighTotal:       1372556 kB
HighFree:          27564 kB
LowTotal:         587396 kB
LowFree:           61556 kB
SwapTotal:        262140 kB
SwapFree:         230676 kB
Dirty:               768 kB
Writeback:             0 kB
AnonPages:        465764 kB
Mapped:           368876 kB
Shmem:               624 kB
Slab:              55440 kB
SReclaimable:      16792 kB
SUnreclaim:        38648 kB
KernelStack:       15800 kB
PageTables:        27340 kB
NFS_Unstable:          0 kB
Bounce:                0 kB
WritebackTmp:          0 kB
CommitLimit:     1242116 kB
Committed_AS:   55899192 kB
VmallocTotal:     409600 kB
VmallocUsed:       38164 kB
VmallocChunk:     100380 kB
Time pass: 257 sec

---2015-12-11 14:29:19
MemTotal:        1959952 kB
MemFree:           88500 kB
Buffers:             916 kB
Cached:           865300 kB
SwapCached:          996 kB
Active:           715376 kB
Inactive:         615884 kB
Active(anon):     287888 kB
Inactive(anon):   179524 kB
Active(file):     427488 kB
Inactive(file):   436360 kB
Unevictable:        1744 kB
Mlocked:               0 kB
HighTotal:       1372556 kB
HighFree:          25952 kB
LowTotal:         587396 kB
LowFree:           62548 kB
SwapTotal:        262140 kB
SwapFree:         230676 kB
Dirty:               776 kB
Writeback:             0 kB
AnonPages:        466792 kB
Mapped:           368820 kB
Shmem:               624 kB
Slab:              55376 kB
SReclaimable:      16792 kB
SUnreclaim:        38584 kB
KernelStack:       15784 kB
PageTables:        27340 kB
NFS_Unstable:          0 kB
Bounce:                0 kB
WritebackTmp:          0 kB
CommitLimit:     1242116 kB
Committed_AS:   55899184 kB
VmallocTotal:     409600 kB
VmallocUsed:       38164 kB
VmallocChunk:     100380 kB
Time pass: 262 sec

---2015-12-11 14:29:19
MemTotal:        1959952 kB
MemFree:           88100 kB
Buffers:             916 kB
Cached:           865300 kB
SwapCached:          996 kB
Active:           716496 kB
Inactive:         615884 kB
Active(anon):     289008 kB
Inactive(anon):   179524 kB
Active(file):     427488 kB
Inactive(file):   436360 kB
Unevictable:        1744 kB
Mlocked:               0 kB
HighTotal:       1372556 kB
HighFree:          26752 kB
LowTotal:         587396 kB
LowFree:           61348 kB
SwapTotal:        262140 kB
SwapFree:         230676 kB
Dirty:               772 kB
Writeback:             0 kB
AnonPages:        467848 kB
Mapped:           368872 kB
Shmem:               624 kB
Slab:              55504 kB
SReclaimable:      16792 kB
SUnreclaim:        38712 kB
KernelStack:       15976 kB
PageTables:        27420 kB
NFS_Unstable:          0 kB
Bounce:                0 kB
WritebackTmp:          0 kB
CommitLimit:     1242116 kB
Committed_AS:   55899256 kB
VmallocTotal:     409600 kB
VmallocUsed:       38164 kB
VmallocChunk:     100380 kB
Time pass: 266 sec

---2015-12-11 14:29:19
MemTotal:        1959952 kB
MemFree:           86436 kB
Buffers:             916 kB
Cached:           865300 kB
SwapCached:          996 kB
Active:           718648 kB
Inactive:         615880 kB
Active(anon):     291156 kB
Inactive(anon):   179524 kB
Active(file):     427492 kB
Inactive(file):   436356 kB
Unevictable:        1744 kB
Mlocked:               0 kB
HighTotal:       1372556 kB
HighFree:          25392 kB
LowTotal:         587396 kB
LowFree:           61044 kB
SwapTotal:        262140 kB
SwapFree:         230676 kB
Dirty:               752 kB
Writeback:             0 kB
AnonPages:        469944 kB
Mapped:           371556 kB
Shmem:               624 kB
Slab:              55420 kB
SReclaimable:      16768 kB
SUnreclaim:        38652 kB
KernelStack:       15792 kB
PageTables:        27632 kB
NFS_Unstable:          0 kB
Bounce:                0 kB
WritebackTmp:          0 kB
CommitLimit:     1242116 kB
Committed_AS:   56858704 kB
VmallocTotal:     409600 kB
VmallocUsed:       38164 kB
VmallocChunk:     100380 kB
Time pass: 270 sec

---2015-12-11 14:29:19
MemTotal:        1959952 kB
MemFree:           85940 kB
Buffers:             916 kB
Cached:           865308 kB
SwapCached:          996 kB
Active:           718124 kB
Inactive:         615888 kB
Active(anon):     290632 kB
Inactive(anon):   179532 kB
Active(file):     427492 kB
Inactive(file):   436356 kB
Unevictable:        1744 kB
Mlocked:               0 kB
HighTotal:       1372556 kB
HighFree:          24680 kB
LowTotal:         587396 kB
LowFree:           61260 kB
SwapTotal:        262140 kB
SwapFree:         230676 kB
Dirty:               752 kB
Writeback:             0 kB
AnonPages:        469564 kB
Mapped:           368852 kB
Shmem:               632 kB
Slab:              55492 kB
SReclaimable:      16768 kB
SUnreclaim:        38724 kB
KernelStack:       15792 kB
PageTables:        27324 kB
NFS_Unstable:          0 kB
Bounce:                0 kB
WritebackTmp:          0 kB
CommitLimit:     1242116 kB
Committed_AS:   55899456 kB
VmallocTotal:     409600 kB
VmallocUsed:       38164 kB
VmallocChunk:     100380 kB
Time pass: 274 sec

---2015-12-11 14:29:19
MemTotal:        1959952 kB
MemFree:           84380 kB
Buffers:             916 kB
Cached:           865308 kB
SwapCached:          996 kB
Active:           719636 kB
Inactive:         615888 kB
Active(anon):     292148 kB
Inactive(anon):   179528 kB
Active(file):     427488 kB
Inactive(file):   436360 kB
Unevictable:        1744 kB
Mlocked:               0 kB
HighTotal:       1372556 kB
HighFree:          24760 kB
LowTotal:         587396 kB
LowFree:           59620 kB
SwapTotal:        262140 kB
SwapFree:         230676 kB
Dirty:               772 kB
Writeback:             0 kB
AnonPages:        471052 kB
Mapped:           368828 kB
Shmem:               632 kB
Slab:              55420 kB
SReclaimable:      16768 kB
SUnreclaim:        38652 kB
KernelStack:       15792 kB
PageTables:        27336 kB
NFS_Unstable:          0 kB
Bounce:                0 kB
WritebackTmp:          0 kB
CommitLimit:     1242116 kB
Committed_AS:   55899684 kB
VmallocTotal:     409600 kB
VmallocUsed:       38164 kB
VmallocChunk:     100380 kB
Time pass: 278 sec

---2015-12-11 14:29:19
MemTotal:        1959952 kB
MemFree:           83780 kB
Buffers:             916 kB
Cached:           865324 kB
SwapCached:          996 kB
Active:           721012 kB
Inactive:         615896 kB
Active(anon):     293524 kB
Inactive(anon):   179520 kB
Active(file):     427488 kB
Inactive(file):   436376 kB
Unevictable:        1744 kB
Mlocked:               0 kB
HighTotal:       1372556 kB
HighFree:          25256 kB
LowTotal:         587396 kB
LowFree:           58524 kB
SwapTotal:        262140 kB
SwapFree:         230676 kB
Dirty:               784 kB
Writeback:             0 kB
AnonPages:        472420 kB
Mapped:           368864 kB
Shmem:               632 kB
Slab:              55480 kB
SReclaimable:      16768 kB
SUnreclaim:        38712 kB
KernelStack:       15816 kB
PageTables:        27352 kB
NFS_Unstable:          0 kB
Bounce:                0 kB
WritebackTmp:          0 kB
CommitLimit:     1242116 kB
Committed_AS:   55899812 kB
VmallocTotal:     409600 kB
VmallocUsed:       38164 kB
VmallocChunk:     100380 kB
Time pass: 282 sec

---2015-12-11 14:29:19
MemTotal:        1959952 kB
MemFree:           81856 kB
Buffers:             916 kB
Cached:           865912 kB
SwapCached:          996 kB
Active:           721632 kB
Inactive:         616468 kB
Active(anon):     294128 kB
Inactive(anon):   179532 kB
Active(file):     427504 kB
Inactive(file):   436936 kB
Unevictable:        1744 kB
Mlocked:               0 kB
HighTotal:       1372556 kB
HighFree:          25292 kB
LowTotal:         587396 kB
LowFree:           56564 kB
SwapTotal:        262140 kB
SwapFree:         230676 kB
Dirty:              1024 kB
Writeback:             0 kB
AnonPages:        472952 kB
Mapped:           368932 kB
Shmem:               644 kB
Slab:              55492 kB
SReclaimable:      16768 kB
SUnreclaim:        38724 kB
KernelStack:       15816 kB
PageTables:        27340 kB
NFS_Unstable:          0 kB
Bounce:                0 kB
WritebackTmp:          0 kB
CommitLimit:     1242116 kB
Committed_AS:   55899608 kB
VmallocTotal:     409600 kB
VmallocUsed:       38164 kB
VmallocChunk:     100380 kB
Time pass: 285 sec

---2015-12-11 14:29:19
MemTotal:        1959952 kB
MemFree:          122580 kB
Buffers:             916 kB
Cached:           856860 kB
SwapCached:          996 kB
Active:           717972 kB
Inactive:         611020 kB
Active(anon):     294564 kB
Inactive(anon):   179040 kB
Active(file):     423408 kB
Inactive(file):   431980 kB
Unevictable:        1744 kB
Mlocked:               0 kB
HighTotal:       1372556 kB
HighFree:          38492 kB
LowTotal:         587396 kB
LowFree:           84088 kB
SwapTotal:        262140 kB
SwapFree:         230148 kB
Dirty:               828 kB
Writeback:             0 kB
AnonPages:        472832 kB
Mapped:           368920 kB
Shmem:               644 kB
Slab:              55544 kB
SReclaimable:      16680 kB
SUnreclaim:        38864 kB
KernelStack:       15816 kB
PageTables:        27332 kB
NFS_Unstable:          0 kB
Bounce:                0 kB
WritebackTmp:          0 kB
CommitLimit:     1242116 kB
Committed_AS:   55899560 kB
VmallocTotal:     409600 kB
VmallocUsed:       38164 kB
VmallocChunk:     100380 kB
Time pass: 290 sec

---2015-12-11 14:29:19
MemTotal:        1959952 kB
MemFree:          126940 kB
Buffers:             916 kB
Cached:           856864 kB
SwapCached:          996 kB
Active:           713612 kB
Inactive:         611020 kB
Active(anon):     290204 kB
Inactive(anon):   179040 kB
Active(file):     423408 kB
Inactive(file):   431980 kB
Unevictable:        1744 kB
Mlocked:               0 kB
HighTotal:       1372556 kB
HighFree:          40208 kB
LowTotal:         587396 kB
LowFree:           86732 kB
SwapTotal:        262140 kB
SwapFree:         230148 kB
Dirty:               828 kB
Writeback:             0 kB
AnonPages:        468644 kB
Mapped:           368920 kB
Shmem:               648 kB
Slab:              55320 kB
SReclaimable:      16680 kB
SUnreclaim:        38640 kB
KernelStack:       16000 kB
PageTables:        27428 kB
NFS_Unstable:          0 kB
Bounce:                0 kB
WritebackTmp:          0 kB
CommitLimit:     1242116 kB
Committed_AS:   55899796 kB
VmallocTotal:     409600 kB
VmallocUsed:       38164 kB
VmallocChunk:     100380 kB
Time pass: 294 sec

---2015-12-11 14:29:19
MemTotal:        1959952 kB
MemFree:          122976 kB
Buffers:             916 kB
Cached:           856896 kB
SwapCached:          996 kB
Active:           717280 kB
Inactive:         611052 kB
Active(anon):     293872 kB
Inactive(anon):   179072 kB
Active(file):     423408 kB
Inactive(file):   431980 kB
Unevictable:        1744 kB
Mlocked:               0 kB
HighTotal:       1372556 kB
HighFree:          36488 kB
LowTotal:         587396 kB
LowFree:           86488 kB
SwapTotal:        262140 kB
SwapFree:         230148 kB
Dirty:               828 kB
Writeback:             0 kB
AnonPages:        472336 kB
Mapped:           372556 kB
Shmem:               680 kB
Slab:              55352 kB
SReclaimable:      16680 kB
SUnreclaim:        38672 kB
KernelStack:       15816 kB
PageTables:        27492 kB
NFS_Unstable:          0 kB
Bounce:                0 kB
WritebackTmp:          0 kB
CommitLimit:     1242116 kB
Committed_AS:   56861768 kB
VmallocTotal:     409600 kB
VmallocUsed:       38164 kB
VmallocChunk:     100380 kB
Time pass: 298 sec

---2015-12-11 14:29:19
MemTotal:        1959952 kB
MemFree:          125780 kB
Buffers:             916 kB
Cached:           856916 kB
SwapCached:          996 kB
Active:           714552 kB
Inactive:         611064 kB
Active(anon):     291144 kB
Inactive(anon):   179084 kB
Active(file):     423408 kB
Inactive(file):   431980 kB
Unevictable:        1744 kB
Mlocked:               0 kB
HighTotal:       1372556 kB
HighFree:          39204 kB
LowTotal:         587396 kB
LowFree:           86576 kB
SwapTotal:        262140 kB
SwapFree:         230148 kB
Dirty:               816 kB
Writeback:             0 kB
AnonPages:        469468 kB
Mapped:           368952 kB
Shmem:               700 kB
Slab:              55416 kB
SReclaimable:      16680 kB
SUnreclaim:        38736 kB
KernelStack:       15824 kB
PageTables:        27368 kB
NFS_Unstable:          0 kB
Bounce:                0 kB
WritebackTmp:          0 kB
CommitLimit:     1242116 kB
Committed_AS:   55899968 kB
VmallocTotal:     409600 kB
VmallocUsed:       38164 kB
VmallocChunk:     100380 kB
Time pass: 302 sec

---2015-12-11 14:29:19
MemTotal:        1959952 kB
MemFree:          124580 kB
Buffers:             916 kB
Cached:           856964 kB
SwapCached:          996 kB
Active:           715560 kB
Inactive:         611100 kB
Active(anon):     292148 kB
Inactive(anon):   179124 kB
Active(file):     423412 kB
Inactive(file):   431976 kB
Unevictable:        1744 kB
Mlocked:               0 kB
HighTotal:       1372556 kB
HighFree:          37736 kB
LowTotal:         587396 kB
LowFree:           86844 kB
SwapTotal:        262140 kB
SwapFree:         230148 kB
Dirty:               808 kB
Writeback:             0 kB
AnonPages:        470416 kB
Mapped:           369000 kB
Shmem:               748 kB
Slab:              55352 kB
SReclaimable:      16680 kB
SUnreclaim:        38672 kB
KernelStack:       15816 kB
PageTables:        27352 kB
NFS_Unstable:          0 kB
Bounce:                0 kB
WritebackTmp:          0 kB
CommitLimit:     1242116 kB
Committed_AS:   55900096 kB
VmallocTotal:     409600 kB
VmallocUsed:       38164 kB
VmallocChunk:     100380 kB
Time pass: 306 sec

---2015-12-11 14:29:19
MemTotal:        1959952 kB
MemFree:          123204 kB
Buffers:             916 kB
Cached:           856964 kB
SwapCached:          996 kB
Active:           716800 kB
Inactive:         611100 kB
Active(anon):     293388 kB
Inactive(anon):   179124 kB
Active(file):     423412 kB
Inactive(file):   431976 kB
Unevictable:        1744 kB
Mlocked:               0 kB
HighTotal:       1372556 kB
HighFree:          35476 kB
LowTotal:         587396 kB
LowFree:           87728 kB
SwapTotal:        262140 kB
SwapFree:         230152 kB
Dirty:               808 kB
Writeback:             0 kB
AnonPages:        471676 kB
Mapped:           369000 kB
Shmem:               748 kB
Slab:              55544 kB
SReclaimable:      16680 kB
SUnreclaim:        38864 kB
KernelStack:       15816 kB
PageTables:        27356 kB
NFS_Unstable:          0 kB
Bounce:                0 kB
WritebackTmp:          0 kB
CommitLimit:     1242116 kB
Committed_AS:   55900156 kB
VmallocTotal:     409600 kB
VmallocUsed:       38164 kB
VmallocChunk:     100380 kB
Time pass: 310 sec

---2015-12-11 14:29:19
MemTotal:        1959952 kB
MemFree:          123500 kB
Buffers:             916 kB
Cached:           856964 kB
SwapCached:          996 kB
Active:           716864 kB
Inactive:         611100 kB
Active(anon):     293452 kB
Inactive(anon):   179124 kB
Active(file):     423412 kB
Inactive(file):   431976 kB
Unevictable:        1744 kB
Mlocked:               0 kB
HighTotal:       1372556 kB
HighFree:          34496 kB
LowTotal:         587396 kB
LowFree:           89004 kB
SwapTotal:        262140 kB
SwapFree:         230152 kB
Dirty:               808 kB
Writeback:             0 kB
AnonPages:        471752 kB
Mapped:           369000 kB
Shmem:               748 kB
Slab:              55420 kB
SReclaimable:      16688 kB
SUnreclaim:        38732 kB
KernelStack:       15824 kB
PageTables:        27348 kB
NFS_Unstable:          0 kB
Bounce:                0 kB
WritebackTmp:          0 kB
CommitLimit:     1242116 kB
Committed_AS:   55897228 kB
VmallocTotal:     409600 kB
VmallocUsed:       38164 kB
VmallocChunk:     100380 kB
Time pass: 314 sec

---2015-12-11 14:29:19
MemTotal:        1959952 kB
MemFree:          124640 kB
Buffers:             916 kB
Cached:           856964 kB
SwapCached:          996 kB
Active:           715696 kB
Inactive:         611084 kB
Active(anon):     292284 kB
Inactive(anon):   179108 kB
Active(file):     423412 kB
Inactive(file):   431976 kB
Unevictable:        1744 kB
Mlocked:               0 kB
HighTotal:       1372556 kB
HighFree:          34120 kB
LowTotal:         587396 kB
LowFree:           90520 kB
SwapTotal:        262140 kB
SwapFree:         230152 kB
Dirty:               808 kB
Writeback:             0 kB
AnonPages:        470468 kB
Mapped:           369008 kB
Shmem:               748 kB
Slab:              55300 kB
SReclaimable:      16696 kB
SUnreclaim:        38604 kB
KernelStack:       15816 kB
PageTables:        27348 kB
NFS_Unstable:          0 kB
Bounce:                0 kB
WritebackTmp:          0 kB
CommitLimit:     1242116 kB
Committed_AS:   55897380 kB
VmallocTotal:     409600 kB
VmallocUsed:       38164 kB
VmallocChunk:     100380 kB
Time pass: 319 sec

---2015-12-11 14:29:19
MemTotal:        1959952 kB
MemFree:          123692 kB
Buffers:             916 kB
Cached:           856964 kB
SwapCached:          996 kB
Active:           716672 kB
Inactive:         611088 kB
Active(anon):     293264 kB
Inactive(anon):   179108 kB
Active(file):     423408 kB
Inactive(file):   431980 kB
Unevictable:        1744 kB
Mlocked:               0 kB
HighTotal:       1372556 kB
HighFree:          33020 kB
LowTotal:         587396 kB
LowFree:           90672 kB
SwapTotal:        262140 kB
SwapFree:         230152 kB
Dirty:               828 kB
Writeback:             0 kB
AnonPages:        471672 kB
Mapped:           369008 kB
Shmem:               748 kB
Slab:              55396 kB
SReclaimable:      16696 kB
SUnreclaim:        38700 kB
KernelStack:       15816 kB
PageTables:        27352 kB
NFS_Unstable:          0 kB
Bounce:                0 kB
WritebackTmp:          0 kB
CommitLimit:     1242116 kB
Committed_AS:   55897520 kB
VmallocTotal:     409600 kB
VmallocUsed:       38164 kB
VmallocChunk:     100380 kB
Time pass: 323 sec

---2015-12-11 14:29:19
MemTotal:        1959952 kB
MemFree:          122404 kB
Buffers:             916 kB
Cached:           856964 kB
SwapCached:          996 kB
Active:           717700 kB
Inactive:         611088 kB
Active(anon):     294292 kB
Inactive(anon):   179108 kB
Active(file):     423408 kB
Inactive(file):   431980 kB
Unevictable:        1744 kB
Mlocked:               0 kB
HighTotal:       1372556 kB
HighFree:          30380 kB
LowTotal:         587396 kB
LowFree:           92024 kB
SwapTotal:        262140 kB
SwapFree:         230152 kB
Dirty:               828 kB
Writeback:             0 kB
AnonPages:        472684 kB
Mapped:           369032 kB
Shmem:               748 kB
Slab:              55468 kB
SReclaimable:      16704 kB
SUnreclaim:        38764 kB
KernelStack:       15832 kB
PageTables:        27340 kB
NFS_Unstable:          0 kB
Bounce:                0 kB
WritebackTmp:          0 kB
CommitLimit:     1242116 kB
Committed_AS:   55897684 kB
VmallocTotal:     409600 kB
VmallocUsed:       38164 kB
VmallocChunk:     100380 kB
Time pass: 326 sec

---2015-12-11 14:29:19
MemTotal:        1959952 kB
MemFree:          122096 kB
Buffers:             916 kB
Cached:           856964 kB
SwapCached:          996 kB
Active:           718116 kB
Inactive:         611084 kB
Active(anon):     294704 kB
Inactive(anon):   179108 kB
Active(file):     423412 kB
Inactive(file):   431976 kB
Unevictable:        1744 kB
Mlocked:               0 kB
HighTotal:       1372556 kB
HighFree:          30132 kB
LowTotal:         587396 kB
LowFree:           91964 kB
SwapTotal:        262140 kB
SwapFree:         230152 kB
Dirty:               808 kB
Writeback:             0 kB
AnonPages:        472852 kB
Mapped:           369008 kB
Shmem:               748 kB
Slab:              55692 kB
SReclaimable:      16704 kB
SUnreclaim:        38988 kB
KernelStack:       15816 kB
PageTables:        27356 kB
NFS_Unstable:          0 kB
Bounce:                0 kB
WritebackTmp:          0 kB
CommitLimit:     1242116 kB
Committed_AS:   55897712 kB
VmallocTotal:     409600 kB
VmallocUsed:       38164 kB
VmallocChunk:     100380 kB
Time pass: 330 sec

---2015-12-11 14:29:19
MemTotal:        1959952 kB
MemFree:          121084 kB
Buffers:             916 kB
Cached:           856964 kB
SwapCached:          996 kB
Active:           719108 kB
Inactive:         611080 kB
Active(anon):     295696 kB
Inactive(anon):   179104 kB
Active(file):     423412 kB
Inactive(file):   431976 kB
Unevictable:        1744 kB
Mlocked:               0 kB
HighTotal:       1372556 kB
HighFree:          28652 kB
LowTotal:         587396 kB
LowFree:           92432 kB
SwapTotal:        262140 kB
SwapFree:         230152 kB
Dirty:               808 kB
Writeback:             0 kB
AnonPages:        474148 kB
Mapped:           369008 kB
Shmem:               748 kB
Slab:              55372 kB
SReclaimable:      16704 kB
SUnreclaim:        38668 kB
KernelStack:       15816 kB
PageTables:        27356 kB
NFS_Unstable:          0 kB
Bounce:                0 kB
WritebackTmp:          0 kB
CommitLimit:     1242116 kB
Committed_AS:   55897872 kB
VmallocTotal:     409600 kB
VmallocUsed:       38164 kB
VmallocChunk:     100380 kB
Time pass: 334 sec

---2015-12-11 14:29:19
MemTotal:        1959952 kB
MemFree:          119408 kB
Buffers:             916 kB
Cached:           856964 kB
SwapCached:          996 kB
Active:           720408 kB
Inactive:         611080 kB
Active(anon):     297000 kB
Inactive(anon):   179100 kB
Active(file):     423408 kB
Inactive(file):   431980 kB
Unevictable:        1744 kB
Mlocked:               0 kB
HighTotal:       1372556 kB
HighFree:          27268 kB
LowTotal:         587396 kB
LowFree:           92140 kB
SwapTotal:        262140 kB
SwapFree:         230152 kB
Dirty:               828 kB
Writeback:             0 kB
AnonPages:        475288 kB
Mapped:           369016 kB
Shmem:               748 kB
Slab:              55448 kB
SReclaimable:      16712 kB
SUnreclaim:        38736 kB
KernelStack:       15816 kB
PageTables:        27360 kB
NFS_Unstable:          0 kB
Bounce:                0 kB
WritebackTmp:          0 kB
CommitLimit:     1242116 kB
Committed_AS:   55898180 kB
VmallocTotal:     409600 kB
VmallocUsed:       38164 kB
VmallocChunk:     100380 kB
Time pass: 338 sec

---2015-12-11 14:29:19
MemTotal:        1959952 kB
MemFree:          118344 kB
Buffers:             916 kB
Cached:           856964 kB
SwapCached:          996 kB
Active:           721628 kB
Inactive:         611080 kB
Active(anon):     298220 kB
Inactive(anon):   179100 kB
Active(file):     423408 kB
Inactive(file):   431980 kB
Unevictable:        1744 kB
Mlocked:               0 kB
HighTotal:       1372556 kB
HighFree:          26784 kB
LowTotal:         587396 kB
LowFree:           91560 kB
SwapTotal:        262140 kB
SwapFree:         230152 kB
Dirty:               828 kB
Writeback:             0 kB
AnonPages:        476360 kB
Mapped:           369016 kB
Shmem:               748 kB
Slab:              55456 kB
SReclaimable:      16720 kB
SUnreclaim:        38736 kB
KernelStack:       15816 kB
PageTables:        27356 kB
NFS_Unstable:          0 kB
Bounce:                0 kB
WritebackTmp:          0 kB
CommitLimit:     1242116 kB
Committed_AS:   55898280 kB
VmallocTotal:     409600 kB
VmallocUsed:       38164 kB
VmallocChunk:     100380 kB
Time pass: 342 sec

---2015-12-11 14:29:19
MemTotal:        1959952 kB
MemFree:          117232 kB
Buffers:             916 kB
Cached:           857240 kB
SwapCached:          996 kB
Active:           722576 kB
Inactive:         611344 kB
Active(anon):     299156 kB
Inactive(anon):   179100 kB
Active(file):     423420 kB
Inactive(file):   432244 kB
Unevictable:        1744 kB
Mlocked:               0 kB
HighTotal:       1372556 kB
HighFree:          26044 kB
LowTotal:         587396 kB
LowFree:           91188 kB
SwapTotal:        262140 kB
SwapFree:         230152 kB
Dirty:              1084 kB
Writeback:             0 kB
AnonPages:        477420 kB
Mapped:           369016 kB
Shmem:               748 kB
Slab:              55488 kB
SReclaimable:      16720 kB
SUnreclaim:        38768 kB
KernelStack:       15808 kB
PageTables:        27360 kB
NFS_Unstable:          0 kB
Bounce:                0 kB
WritebackTmp:          0 kB
CommitLimit:     1242116 kB
Committed_AS:   55898236 kB
VmallocTotal:     409600 kB
VmallocUsed:       38164 kB
VmallocChunk:     100380 kB
Time pass: 346 sec

---2015-12-11 14:29:19
MemTotal:        1959952 kB
MemFree:          116604 kB
Buffers:             916 kB
Cached:           857240 kB
SwapCached:          996 kB
Active:           723432 kB
Inactive:         611344 kB
Active(anon):     300016 kB
Inactive(anon):   179096 kB
Active(file):     423416 kB
Inactive(file):   432248 kB
Unevictable:        1744 kB
Mlocked:               0 kB
HighTotal:       1372556 kB
HighFree:          26044 kB
LowTotal:         587396 kB
LowFree:           90560 kB
SwapTotal:        262140 kB
SwapFree:         230152 kB
Dirty:               832 kB
Writeback:             0 kB
AnonPages:        478016 kB
Mapped:           368940 kB
