---2015-10-26 12:50:36
MemTotal:        2746844 kB
MemFree:          419816 kB
Buffers:           88812 kB
Cached:           621884 kB
SwapCached:        27476 kB
Active:           686584 kB
Inactive:         672936 kB
Active(anon):     273448 kB
Inactive(anon):   388840 kB
Active(file):     413136 kB
Inactive(file):   284096 kB
Unevictable:       20976 kB
Mlocked:           13004 kB
SwapTotal:       1310716 kB
SwapFree:         981216 kB
Dirty:                 0 kB
Writeback:             0 kB
AnonPages:        663452 kB
Mapped:           256708 kB
Shmem:               996 kB
Slab:             124240 kB
SReclaimable:      33172 kB
SUnreclaim:        91068 kB
KernelStack:       29488 kB
PageTables:        46188 kB
NFS_Unstable:          0 kB
Bounce:                0 kB
WritebackTmp:          0 kB
CommitLimit:     2684136 kB
Committed_AS:   113394972 kB
VmallocTotal:   251658176 kB
VmallocUsed:      313256 kB
VmallocChunk:   247561408 kB
Time pass: 5 sec

---2015-10-26 12:50:36
MemTotal:        2746844 kB
MemFree:          420712 kB
Buffers:           88820 kB
Cached:           621872 kB
SwapCached:        27476 kB
Active:           687432 kB
Inactive:         672936 kB
Active(anon):     274296 kB
Inactive(anon):   388840 kB
Active(file):     413136 kB
Inactive(file):   284096 kB
Unevictable:       20976 kB
Mlocked:           13004 kB
SwapTotal:       1310716 kB
SwapFree:         981216 kB
Dirty:                 0 kB
Writeback:             0 kB
AnonPages:        664196 kB
Mapped:           256704 kB
Shmem:               992 kB
Slab:             124220 kB
SReclaimable:      33172 kB
SUnreclaim:        91048 kB
KernelStack:       29424 kB
PageTables:        46148 kB
NFS_Unstable:          0 kB
Bounce:                0 kB
WritebackTmp:          0 kB
CommitLimit:     2684136 kB
Committed_AS:   113394896 kB
VmallocTotal:   251658176 kB
VmallocUsed:      313256 kB
VmallocChunk:   247561408 kB
Time pass: 12 sec

---2015-10-26 12:50:36
MemTotal:        2746844 kB
MemFree:          420900 kB
Buffers:           88824 kB
Cached:           621880 kB
SwapCached:        27476 kB
Active:           687640 kB
Inactive:         672936 kB
Active(anon):     274496 kB
Inactive(anon):   388836 kB
Active(file):     413144 kB
Inactive(file):   284100 kB
Unevictable:       20976 kB
Mlocked:           13004 kB
SwapTotal:       1310716 kB
SwapFree:         981216 kB
Dirty:                44 kB
Writeback:             0 kB
AnonPages:        664468 kB
Mapped:           256788 kB
Shmem:               992 kB
Slab:             124220 kB
SReclaimable:      33172 kB
SUnreclaim:        91048 kB
KernelStack:       29312 kB
PageTables:        46176 kB
NFS_Unstable:          0 kB
Bounce:                0 kB
WritebackTmp:          0 kB
CommitLimit:     2684136 kB
Committed_AS:   113394880 kB
VmallocTotal:   251658176 kB
VmallocUsed:      313256 kB
VmallocChunk:   247561408 kB
Time pass: 16 sec

---2015-10-26 12:50:36
MemTotal:        2746844 kB
MemFree:          421564 kB
Buffers:           88824 kB
Cached:           621880 kB
SwapCached:        27476 kB
Active:           686828 kB
Inactive:         672928 kB
Active(anon):     273676 kB
Inactive(anon):   388836 kB
Active(file):     413152 kB
Inactive(file):   284092 kB
Unevictable:       20976 kB
Mlocked:           13004 kB
SwapTotal:       1310716 kB
SwapFree:         981216 kB
Dirty:                40 kB
Writeback:             0 kB
AnonPages:        663644 kB
Mapped:           256872 kB
Shmem:               992 kB
Slab:             124220 kB
SReclaimable:      33172 kB
SUnreclaim:        91048 kB
KernelStack:       29248 kB
PageTables:        46204 kB
NFS_Unstable:          0 kB
Bounce:                0 kB
WritebackTmp:          0 kB
CommitLimit:     2684136 kB
Committed_AS:   113394832 kB
VmallocTotal:   251658176 kB
VmallocUsed:      313256 kB
VmallocChunk:   247561408 kB
Time pass: 19 sec

---2015-10-26 12:50:36
MemTotal:        2746844 kB
MemFree:          431872 kB
Buffers:           88824 kB
Cached:           621880 kB
SwapCached:        27476 kB
Active:           676372 kB
Inactive:         672928 kB
Active(anon):     263220 kB
Inactive(anon):   388836 kB
Active(file):     413152 kB
Inactive(file):   284092 kB
Unevictable:       20976 kB
Mlocked:           13004 kB
SwapTotal:       1310716 kB
SwapFree:         981216 kB
Dirty:                40 kB
Writeback:             0 kB
AnonPages:        652992 kB
Mapped:           256872 kB
Shmem:               992 kB
Slab:             124220 kB
SReclaimable:      33172 kB
SUnreclaim:        91048 kB
KernelStack:       29216 kB
PageTables:        46204 kB
NFS_Unstable:          0 kB
Bounce:                0 kB
WritebackTmp:          0 kB
CommitLimit:     2684136 kB
Committed_AS:   113394832 kB
VmallocTotal:   251658176 kB
VmallocUsed:      313256 kB
VmallocChunk:   247561408 kB
Time pass: 23 sec

---2015-10-26 12:50:36
MemTotal:        2746844 kB
MemFree:          432196 kB
Buffers:           88824 kB
Cached:           621884 kB
SwapCached:        27476 kB
Active:           676780 kB
Inactive:         672928 kB
Active(anon):     263628 kB
Inactive(anon):   388836 kB
Active(file):     413152 kB
Inactive(file):   284092 kB
Unevictable:       20976 kB
Mlocked:           13004 kB
SwapTotal:       1310716 kB
SwapFree:         981216 kB
Dirty:                 0 kB
Writeback:             0 kB
AnonPages:        653280 kB
Mapped:           256960 kB
Shmem:               996 kB
Slab:             124220 kB
SReclaimable:      33172 kB
SUnreclaim:        91048 kB
KernelStack:       29248 kB
PageTables:        46276 kB
NFS_Unstable:          0 kB
Bounce:                0 kB
WritebackTmp:          0 kB
CommitLimit:     2684136 kB
Committed_AS:   113394832 kB
VmallocTotal:   251658176 kB
VmallocUsed:      313256 kB
VmallocChunk:   247561408 kB
Time pass: 29 sec

---2015-10-26 12:50:36
MemTotal:        2746844 kB
MemFree:          431640 kB
Buffers:           88824 kB
Cached:           621884 kB
SwapCached:        27476 kB
Active:           677136 kB
Inactive:         672928 kB
Active(anon):     263984 kB
Inactive(anon):   388836 kB
Active(file):     413152 kB
Inactive(file):   284092 kB
Unevictable:       20976 kB
Mlocked:           13004 kB
SwapTotal:       1310716 kB
SwapFree:         981216 kB
Dirty:                 0 kB
Writeback:             0 kB
AnonPages:        653560 kB
Mapped:           256960 kB
Shmem:               996 kB
Slab:             124220 kB
SReclaimable:      33172 kB
SUnreclaim:        91048 kB
KernelStack:       29248 kB
PageTables:        46240 kB
NFS_Unstable:          0 kB
Bounce:                0 kB
WritebackTmp:          0 kB
CommitLimit:     2684136 kB
Committed_AS:   113394832 kB
VmallocTotal:   251658176 kB
VmallocUsed:      313256 kB
VmallocChunk:   247561408 kB
Time pass: 35 sec

---2015-10-26 12:50:36
MemTotal:        2746844 kB
MemFree:          431628 kB
Buffers:           88824 kB
Cached:           621884 kB
SwapCached:        27476 kB
Active:           677136 kB
Inactive:         672928 kB
Active(anon):     263984 kB
Inactive(anon):   388836 kB
Active(file):     413152 kB
Inactive(file):   284092 kB
Unevictable:       20976 kB
Mlocked:           13004 kB
SwapTotal:       1310716 kB
SwapFree:         981216 kB
Dirty:                 0 kB
Writeback:             0 kB
AnonPages:        653656 kB
Mapped:           256960 kB
Shmem:               996 kB
Slab:             124220 kB
SReclaimable:      33172 kB
SUnreclaim:        91048 kB
KernelStack:       29216 kB
PageTables:        46240 kB
NFS_Unstable:          0 kB
Bounce:                0 kB
WritebackTmp:          0 kB
CommitLimit:     2684136 kB
Committed_AS:   113394824 kB
VmallocTotal:   251658176 kB
VmallocUsed:      313256 kB
VmallocChunk:   247561408 kB
Time pass: 40 sec

---2015-10-26 12:50:36
MemTotal:        2746844 kB
MemFree:          431056 kB
Buffers:           88824 kB
Cached:           621884 kB
SwapCached:        27476 kB
Active:           677204 kB
Inactive:         672928 kB
Active(anon):     264052 kB
Inactive(anon):   388836 kB
Active(file):     413152 kB
Inactive(file):   284092 kB
Unevictable:       20976 kB
Mlocked:           13004 kB
SwapTotal:       1310716 kB
SwapFree:         981216 kB
Dirty:                 0 kB
Writeback:             0 kB
AnonPages:        653824 kB
Mapped:           256960 kB
Shmem:               996 kB
Slab:             124220 kB
SReclaimable:      33172 kB
SUnreclaim:        91048 kB
KernelStack:       29200 kB
PageTables:        46244 kB
NFS_Unstable:          0 kB
Bounce:                0 kB
WritebackTmp:          0 kB
CommitLimit:     2684136 kB
Committed_AS:   113394824 kB
VmallocTotal:   251658176 kB
VmallocUsed:      313256 kB
VmallocChunk:   247561408 kB
Time pass: 45 sec

---2015-10-26 12:50:36
MemTotal:        2746844 kB
MemFree:          431320 kB
Buffers:           88824 kB
Cached:           621884 kB
SwapCached:        27476 kB
Active:           677516 kB
Inactive:         672928 kB
Active(anon):     264364 kB
Inactive(anon):   388836 kB
Active(file):     413152 kB
Inactive(file):   284092 kB
Unevictable:       20976 kB
Mlocked:           13004 kB
SwapTotal:       1310716 kB
SwapFree:         981216 kB
Dirty:                 0 kB
Writeback:             0 kB
AnonPages:        653996 kB
Mapped:           256960 kB
Shmem:               996 kB
Slab:             124216 kB
SReclaimable:      33172 kB
SUnreclaim:        91044 kB
KernelStack:       29248 kB
PageTables:        46244 kB
NFS_Unstable:          0 kB
Bounce:                0 kB
WritebackTmp:          0 kB
CommitLimit:     2684136 kB
Committed_AS:   113394824 kB
VmallocTotal:   251658176 kB
VmallocUsed:      313256 kB
VmallocChunk:   247561408 kB
Time pass: 50 sec

---2015-10-26 12:50:36
MemTotal:        2746844 kB
MemFree:          430604 kB
Buffers:           88824 kB
Cached:           621884 kB
SwapCached:        27476 kB
Active:           677756 kB
Inactive:         672928 kB
Active(anon):     264604 kB
Inactive(anon):   388836 kB
Active(file):     413152 kB
Inactive(file):   284092 kB
Unevictable:       20976 kB
Mlocked:           13004 kB
SwapTotal:       1310716 kB
SwapFree:         981216 kB
Dirty:                 0 kB
Writeback:             0 kB
AnonPages:        654256 kB
Mapped:           256960 kB
Shmem:               996 kB
Slab:             124212 kB
SReclaimable:      33172 kB
SUnreclaim:        91040 kB
KernelStack:       29248 kB
PageTables:        46244 kB
NFS_Unstable:          0 kB
Bounce:                0 kB
WritebackTmp:          0 kB
CommitLimit:     2684136 kB
Committed_AS:   113394832 kB
VmallocTotal:   251658176 kB
VmallocUsed:      313256 kB
VmallocChunk:   247561408 kB
Time pass: 54 sec

---2015-10-26 12:50:36
MemTotal:        2746844 kB
MemFree:          430752 kB
Buffers:           88824 kB
Cached:           621884 kB
SwapCached:        27476 kB
Active:           677588 kB
Inactive:         672928 kB
Active(anon):     264436 kB
Inactive(anon):   388836 kB
Active(file):     413152 kB
Inactive(file):   284092 kB
Unevictable:       20976 kB
Mlocked:           13004 kB
SwapTotal:       1310716 kB
SwapFree:         981216 kB
Dirty:                 0 kB
Writeback:             0 kB
AnonPages:        654020 kB
Mapped:           256960 kB
Shmem:               996 kB
Slab:             124212 kB
SReclaimable:      33172 kB
SUnreclaim:        91040 kB
KernelStack:       29248 kB
PageTables:        46244 kB
NFS_Unstable:          0 kB
Bounce:                0 kB
WritebackTmp:          0 kB
CommitLimit:     2684136 kB
Committed_AS:   113394824 kB
VmallocTotal:   251658176 kB
VmallocUsed:      313256 kB
VmallocChunk:   247561408 kB
Time pass: 59 sec

---2015-10-26 12:50:36
MemTotal:        2746844 kB
MemFree:          428696 kB
Buffers:           88824 kB
Cached:           621884 kB
SwapCached:        27476 kB
Active:           679240 kB
Inactive:         672928 kB
Active(anon):     266088 kB
Inactive(anon):   388836 kB
Active(file):     413152 kB
Inactive(file):   284092 kB
Unevictable:       20976 kB
Mlocked:           13004 kB
SwapTotal:       1310716 kB
SwapFree:         981216 kB
Dirty:                 0 kB
Writeback:             0 kB
AnonPages:        655848 kB
Mapped:           256792 kB
Shmem:               996 kB
Slab:             124204 kB
SReclaimable:      33172 kB
SUnreclaim:        91032 kB
KernelStack:       29248 kB
PageTables:        46180 kB
NFS_Unstable:          0 kB
Bounce:                0 kB
WritebackTmp:          0 kB
CommitLimit:     2684136 kB
Committed_AS:   113394864 kB
VmallocTotal:   251658176 kB
VmallocUsed:      313256 kB
VmallocChunk:   247561408 kB
Time pass: 64 sec

---2015-10-26 12:50:36
MemTotal:        2746844 kB
MemFree:          428260 kB
Buffers:           88824 kB
Cached:           621884 kB
SwapCached:        27476 kB
Active:           679628 kB
Inactive:         672928 kB
Active(anon):     266476 kB
Inactive(anon):   388836 kB
Active(file):     413152 kB
Inactive(file):   284092 kB
Unevictable:       20976 kB
Mlocked:           13004 kB
SwapTotal:       1310716 kB
SwapFree:         981216 kB
Dirty:                 0 kB
Writeback:             0 kB
AnonPages:        656284 kB
Mapped:           256876 kB
Shmem:               996 kB
Slab:             124200 kB
SReclaimable:      33172 kB
SUnreclaim:        91028 kB
KernelStack:       29216 kB
PageTables:        46212 kB
NFS_Unstable:          0 kB
Bounce:                0 kB
WritebackTmp:          0 kB
CommitLimit:     2684136 kB
Committed_AS:   113394824 kB
VmallocTotal:   251658176 kB
VmallocUsed:      313256 kB
VmallocChunk:   247561408 kB
Time pass: 69 sec

---2015-10-26 12:50:36
MemTotal:        2746844 kB
MemFree:          428364 kB
Buffers:           88824 kB
Cached:           621936 kB
SwapCached:        27476 kB
Active:           679872 kB
Inactive:         672956 kB
Active(anon):     266712 kB
Inactive(anon):   388832 kB
Active(file):     413160 kB
Inactive(file):   284124 kB
Unevictable:       20976 kB
Mlocked:           13004 kB
SwapTotal:       1310716 kB
SwapFree:         981216 kB
Dirty:                76 kB
Writeback:            20 kB
AnonPages:        656636 kB
Mapped:           256908 kB
Shmem:               996 kB
Slab:             124200 kB
SReclaimable:      33172 kB
SUnreclaim:        91028 kB
KernelStack:       29248 kB
PageTables:        46212 kB
NFS_Unstable:          0 kB
Bounce:                0 kB
WritebackTmp:          0 kB
CommitLimit:     2684136 kB
Committed_AS:   113394832 kB
VmallocTotal:   251658176 kB
VmallocUsed:      313256 kB
VmallocChunk:   247561408 kB
Time pass: 73 sec

---2015-10-26 12:50:36
MemTotal:        2746844 kB
MemFree:          428564 kB
Buffers:           88828 kB
Cached:           621880 kB
SwapCached:        27476 kB
Active:           680140 kB
Inactive:         672912 kB
Active(anon):     266976 kB
Inactive(anon):   388832 kB
Active(file):     413164 kB
Inactive(file):   284080 kB
Unevictable:       20976 kB
Mlocked:           13004 kB
SwapTotal:       1310716 kB
SwapFree:         981216 kB
Dirty:                 0 kB
Writeback:             0 kB
AnonPages:        656808 kB
Mapped:           256876 kB
Shmem:               996 kB
Slab:             124200 kB
SReclaimable:      33172 kB
SUnreclaim:        91028 kB
KernelStack:       29216 kB
PageTables:        46212 kB
NFS_Unstable:          0 kB
Bounce:                0 kB
WritebackTmp:          0 kB
CommitLimit:     2684136 kB
Committed_AS:   113394832 kB
VmallocTotal:   251658176 kB
VmallocUsed:      313256 kB
VmallocChunk:   247561408 kB
Time pass: 79 sec

---2015-10-26 12:50:36
MemTotal:        2746844 kB
MemFree:          428212 kB
Buffers:           88828 kB
Cached:           622176 kB
SwapCached:        27476 kB
Active:           680168 kB
Inactive:         673112 kB
Active(anon):     267004 kB
Inactive(anon):   388832 kB
Active(file):     413164 kB
Inactive(file):   284280 kB
Unevictable:       20976 kB
Mlocked:           13004 kB
SwapTotal:       1310716 kB
SwapFree:         981216 kB
Dirty:                40 kB
Writeback:             0 kB
AnonPages:        657300 kB
Mapped:           256804 kB
Shmem:               996 kB
Slab:             124188 kB
SReclaimable:      33172 kB
SUnreclaim:        91016 kB
KernelStack:       29200 kB
PageTables:        46260 kB
NFS_Unstable:          0 kB
Bounce:                0 kB
WritebackTmp:          0 kB
CommitLimit:     2684136 kB
Committed_AS:   113394996 kB
VmallocTotal:   251658176 kB
VmallocUsed:      313256 kB
VmallocChunk:   247561408 kB
Time pass: 83 sec

---2015-10-26 12:50:36
MemTotal:        2746844 kB
MemFree:          280316 kB
Buffers:           89108 kB
Cached:           629716 kB
SwapCached:        27572 kB
Active:           709920 kB
Inactive:         680880 kB
Active(anon):     296684 kB
Inactive(anon):   388628 kB
Active(file):     413236 kB
Inactive(file):   292252 kB
Unevictable:       20976 kB
Mlocked:           13004 kB
SwapTotal:       1310716 kB
SwapFree:         981256 kB
Dirty:              1040 kB
Writeback:             0 kB
AnonPages:        686768 kB
Mapped:           288168 kB
Shmem:               868 kB
Slab:             124096 kB
SReclaimable:      33172 kB
SUnreclaim:        90924 kB
KernelStack:       30512 kB
PageTables:        47128 kB
NFS_Unstable:          0 kB
Bounce:                0 kB
WritebackTmp:          0 kB
CommitLimit:     2684136 kB
Committed_AS:   114721732 kB
VmallocTotal:   251658176 kB
VmallocUsed:      315164 kB
VmallocChunk:   247561408 kB
Time pass: 87 sec

---2015-10-26 12:50:36
MemTotal:        2746844 kB
MemFree:          197884 kB
Buffers:           89340 kB
Cached:           630320 kB
SwapCached:        27572 kB
Active:           716096 kB
Inactive:         681132 kB
Active(anon):     302292 kB
Inactive(anon):   388616 kB
Active(file):     413804 kB
Inactive(file):   292516 kB
Unevictable:       20976 kB
Mlocked:           13004 kB
SwapTotal:       1310716 kB
SwapFree:         981256 kB
Dirty:              3116 kB
Writeback:             0 kB
AnonPages:        692244 kB
Mapped:           291364 kB
Shmem:               872 kB
Slab:             124060 kB
SReclaimable:      33172 kB
SUnreclaim:        90888 kB
KernelStack:       30784 kB
PageTables:        47416 kB
NFS_Unstable:          0 kB
Bounce:                0 kB
WritebackTmp:          0 kB
CommitLimit:     2684136 kB
Committed_AS:   114736140 kB
VmallocTotal:   251658176 kB
VmallocUsed:      316996 kB
VmallocChunk:   247561408 kB
Time pass: 93 sec

---2015-10-26 12:50:36
MemTotal:        2746844 kB
MemFree:          196792 kB
Buffers:           89344 kB
Cached:           630320 kB
SwapCached:        27572 kB
Active:           716140 kB
Inactive:         681212 kB
Active(anon):     302448 kB
Inactive(anon):   388580 kB
Active(file):     413692 kB
Inactive(file):   292632 kB
Unevictable:       20976 kB
Mlocked:           13004 kB
SwapTotal:       1310716 kB
SwapFree:         981256 kB
Dirty:               312 kB
Writeback:             0 kB
AnonPages:        692568 kB
Mapped:           291372 kB
Shmem:               872 kB
Slab:             124000 kB
SReclaimable:      33172 kB
SUnreclaim:        90828 kB
KernelStack:       30800 kB
PageTables:        47236 kB
NFS_Unstable:          0 kB
Bounce:                0 kB
WritebackTmp:          0 kB
CommitLimit:     2684136 kB
Committed_AS:   114736332 kB
VmallocTotal:   251658176 kB
VmallocUsed:      316996 kB
VmallocChunk:   247561408 kB
Time pass: 97 sec

---2015-10-26 12:50:36
MemTotal:        2746844 kB
MemFree:          196172 kB
Buffers:           89344 kB
Cached:           630320 kB
SwapCached:        27572 kB
Active:           716600 kB
Inactive:         681184 kB
Active(anon):     302904 kB
Inactive(anon):   388556 kB
Active(file):     413696 kB
Inactive(file):   292628 kB
Unevictable:       20976 kB
Mlocked:           13004 kB
SwapTotal:       1310716 kB
SwapFree:         981256 kB
Dirty:                 0 kB
Writeback:             0 kB
AnonPages:        692768 kB
Mapped:           291372 kB
Shmem:               872 kB
Slab:             124000 kB
SReclaimable:      33172 kB
SUnreclaim:        90828 kB
KernelStack:       30800 kB
PageTables:        47236 kB
NFS_Unstable:          0 kB
Bounce:                0 kB
WritebackTmp:          0 kB
CommitLimit:     2684136 kB
Committed_AS:   114736288 kB
VmallocTotal:   251658176 kB
VmallocUsed:      316996 kB
VmallocChunk:   247561408 kB
Time pass: 101 sec

---2015-10-26 12:50:36
MemTotal:        2746844 kB
MemFree:          196128 kB
Buffers:           89344 kB
Cached:           630320 kB
SwapCached:        27572 kB
Active:           716536 kB
Inactive:         681184 kB
Active(anon):     302840 kB
Inactive(anon):   388556 kB
Active(file):     413696 kB
Inactive(file):   292628 kB
Unevictable:       20976 kB
Mlocked:           13004 kB
SwapTotal:       1310716 kB
SwapFree:         981256 kB
Dirty:                 0 kB
Writeback:             0 kB
AnonPages:        692448 kB
Mapped:           291456 kB
Shmem:               872 kB
Slab:             124000 kB
SReclaimable:      33172 kB
SUnreclaim:        90828 kB
KernelStack:       30800 kB
PageTables:        47264 kB
NFS_Unstable:          0 kB
Bounce:                0 kB
WritebackTmp:          0 kB
CommitLimit:     2684136 kB
Committed_AS:   114736324 kB
VmallocTotal:   251658176 kB
VmallocUsed:      316996 kB
VmallocChunk:   247561408 kB
Time pass: 104 sec

---2015-10-26 12:50:36
MemTotal:        2746844 kB
MemFree:          177368 kB
Buffers:           89348 kB
Cached:           630520 kB
SwapCached:        27572 kB
Active:           719156 kB
Inactive:         681232 kB
Active(anon):     305160 kB
Inactive(anon):   388556 kB
Active(file):     413996 kB
Inactive(file):   292676 kB
Unevictable:       20976 kB
Mlocked:           13004 kB
SwapTotal:       1310716 kB
SwapFree:         981256 kB
Dirty:               416 kB
Writeback:             0 kB
AnonPages:        694988 kB
Mapped:           291492 kB
Shmem:               872 kB
Slab:             124000 kB
SReclaimable:      33172 kB
SUnreclaim:        90828 kB
KernelStack:       30816 kB
PageTables:        47220 kB
NFS_Unstable:          0 kB
Bounce:                0 kB
WritebackTmp:          0 kB
CommitLimit:     2684136 kB
Committed_AS:   114736468 kB
VmallocTotal:   251658176 kB
VmallocUsed:      317040 kB
VmallocChunk:   247561408 kB
Time pass: 108 sec

---2015-10-26 12:50:36
MemTotal:        2746844 kB
MemFree:          176228 kB
Buffers:           89348 kB
Cached:           630520 kB
SwapCached:        27572 kB
Active:           719300 kB
Inactive:         681264 kB
Active(anon):     305304 kB
Inactive(anon):   388556 kB
Active(file):     413996 kB
Inactive(file):   292708 kB
Unevictable:       20976 kB
Mlocked:           13004 kB
SwapTotal:       1310716 kB
SwapFree:         981256 kB
Dirty:                 0 kB
Writeback:             0 kB
AnonPages:        695424 kB
Mapped:           291584 kB
Shmem:               872 kB
Slab:             124000 kB
SReclaimable:      33172 kB
SUnreclaim:        90828 kB
KernelStack:       30800 kB
PageTables:        47232 kB
NFS_Unstable:          0 kB
Bounce:                0 kB
WritebackTmp:          0 kB
CommitLimit:     2684136 kB
Committed_AS:   114736444 kB
VmallocTotal:   251658176 kB
VmallocUsed:      317040 kB
VmallocChunk:   247561408 kB
Time pass: 112 sec

---2015-10-26 12:50:36
MemTotal:        2746844 kB
MemFree:          176592 kB
Buffers:           89348 kB
Cached:           630520 kB
SwapCached:        27572 kB
Active:           719256 kB
Inactive:         681408 kB
Active(anon):     305396 kB
Inactive(anon):   388556 kB
Active(file):     413860 kB
Inactive(file):   292852 kB
Unevictable:       20976 kB
Mlocked:           13004 kB
SwapTotal:       1310716 kB
SwapFree:         981256 kB
Dirty:                 0 kB
Writeback:             0 kB
AnonPages:        695300 kB
Mapped:           291584 kB
Shmem:               872 kB
Slab:             124000 kB
SReclaimable:      33172 kB
SUnreclaim:        90828 kB
KernelStack:       30800 kB
PageTables:        47236 kB
NFS_Unstable:          0 kB
Bounce:                0 kB
WritebackTmp:          0 kB
CommitLimit:     2684136 kB
Committed_AS:   114736444 kB
VmallocTotal:   251658176 kB
VmallocUsed:      317040 kB
VmallocChunk:   247561408 kB
Time pass: 115 sec

---2015-10-26 12:50:36
MemTotal:        2746844 kB
MemFree:          150704 kB
Buffers:           89348 kB
Cached:           630684 kB
SwapCached:        27572 kB
Active:           721824 kB
Inactive:         681336 kB
Active(anon):     307916 kB
Inactive(anon):   388556 kB
Active(file):     413908 kB
Inactive(file):   292780 kB
Unevictable:       20976 kB
Mlocked:           13004 kB
SwapTotal:       1310716 kB
SwapFree:         981256 kB
Dirty:               484 kB
Writeback:             0 kB
AnonPages:        697848 kB
Mapped:           292256 kB
Shmem:               872 kB
Slab:             124000 kB
SReclaimable:      33172 kB
SUnreclaim:        90828 kB
KernelStack:       30768 kB
PageTables:        47276 kB
NFS_Unstable:          0 kB
Bounce:                0 kB
WritebackTmp:          0 kB
CommitLimit:     2684136 kB
Committed_AS:   114744708 kB
VmallocTotal:   251658176 kB
VmallocUsed:      317100 kB
VmallocChunk:   247561408 kB
Time pass: 119 sec

---2015-10-26 12:50:36
MemTotal:        2746844 kB
MemFree:          149332 kB
Buffers:           89348 kB
Cached:           630684 kB
SwapCached:        27572 kB
Active:           722200 kB
Inactive:         681320 kB
Active(anon):     308276 kB
Inactive(anon):   388556 kB
Active(file):     413924 kB
Inactive(file):   292764 kB
Unevictable:       20976 kB
Mlocked:           13004 kB
SwapTotal:       1310716 kB
SwapFree:         981256 kB
Dirty:                48 kB
Writeback:             0 kB
AnonPages:        698152 kB
Mapped:           292744 kB
Shmem:               872 kB
Slab:             124000 kB
SReclaimable:      33172 kB
SUnreclaim:        90828 kB
KernelStack:       30768 kB
PageTables:        47280 kB
NFS_Unstable:          0 kB
Bounce:                0 kB
WritebackTmp:          0 kB
CommitLimit:     2684136 kB
Committed_AS:   114744860 kB
VmallocTotal:   251658176 kB
VmallocUsed:      317100 kB
VmallocChunk:   247561408 kB
Time pass: 123 sec

---2015-10-26 12:50:36
MemTotal:        2746844 kB
MemFree:          149280 kB
Buffers:           89348 kB
Cached:           630684 kB
SwapCached:        27572 kB
Active:           722412 kB
Inactive:         681316 kB
Active(anon):     308484 kB
Inactive(anon):   388556 kB
Active(file):     413928 kB
Inactive(file):   292760 kB
Unevictable:       20976 kB
Mlocked:           13004 kB
SwapTotal:       1310716 kB
SwapFree:         981256 kB
Dirty:                44 kB
Writeback:             0 kB
AnonPages:        698204 kB
Mapped:           292820 kB
Shmem:               872 kB
Slab:             124000 kB
SReclaimable:      33172 kB
SUnreclaim:        90828 kB
KernelStack:       30768 kB
PageTables:        47312 kB
NFS_Unstable:          0 kB
Bounce:                0 kB
WritebackTmp:          0 kB
CommitLimit:     2684136 kB
Committed_AS:   114744868 kB
VmallocTotal:   251658176 kB
VmallocUsed:      317100 kB
VmallocChunk:   247561408 kB
Time pass: 126 sec

---2015-10-26 12:50:36
MemTotal:        2746844 kB
MemFree:          148924 kB
Buffers:           89348 kB
Cached:           630684 kB
SwapCached:        27572 kB
Active:           722632 kB
Inactive:         681320 kB
Active(anon):     308704 kB
Inactive(anon):   388556 kB
Active(file):     413928 kB
Inactive(file):   292764 kB
Unevictable:       20976 kB
Mlocked:           13004 kB
SwapTotal:       1310716 kB
SwapFree:         981256 kB
Dirty:                44 kB
Writeback:             0 kB
AnonPages:        698376 kB
Mapped:           292732 kB
Shmem:               872 kB
Slab:             124000 kB
SReclaimable:      33172 kB
SUnreclaim:        90828 kB
KernelStack:       30768 kB
PageTables:        47284 kB
NFS_Unstable:          0 kB
Bounce:                0 kB
WritebackTmp:          0 kB
CommitLimit:     2684136 kB
Committed_AS:   114744868 kB
VmallocTotal:   251658176 kB
VmallocUsed:      317100 kB
VmallocChunk:   247561408 kB
Time pass: 130 sec

---2015-10-26 12:50:36
MemTotal:        2746844 kB
MemFree:          148288 kB
Buffers:           89356 kB
Cached:           630692 kB
SwapCached:        27572 kB
Active:           723136 kB
Inactive:         681316 kB
Active(anon):     309188 kB
Inactive(anon):   388552 kB
Active(file):     413948 kB
Inactive(file):   292764 kB
Unevictable:       20976 kB
Mlocked:           13004 kB
SwapTotal:       1310716 kB
SwapFree:         981256 kB
Dirty:                48 kB
Writeback:             0 kB
AnonPages:        699040 kB
Mapped:           292656 kB
Shmem:               872 kB
Slab:             124000 kB
SReclaimable:      33172 kB
SUnreclaim:        90828 kB
KernelStack:       30816 kB
PageTables:        47252 kB
NFS_Unstable:          0 kB
Bounce:                0 kB
WritebackTmp:          0 kB
CommitLimit:     2684136 kB
Committed_AS:   114745052 kB
VmallocTotal:   251658176 kB
VmallocUsed:      317100 kB
VmallocChunk:   247561408 kB
Time pass: 135 sec

---2015-10-26 12:50:36
MemTotal:        2746844 kB
MemFree:          148104 kB
Buffers:           89360 kB
Cached:           630692 kB
SwapCached:        27572 kB
Active:           723520 kB
Inactive:         681280 kB
Active(anon):     309568 kB
Inactive(anon):   388516 kB
Active(file):     413952 kB
Inactive(file):   292764 kB
Unevictable:       20976 kB
Mlocked:           13004 kB
SwapTotal:       1310716 kB
SwapFree:         981256 kB
Dirty:                36 kB
Writeback:             0 kB
AnonPages:        699212 kB
Mapped:           292740 kB
Shmem:               872 kB
Slab:             124000 kB
SReclaimable:      33172 kB
SUnreclaim:        90828 kB
KernelStack:       30816 kB
PageTables:        47316 kB
NFS_Unstable:          0 kB
Bounce:                0 kB
WritebackTmp:          0 kB
CommitLimit:     2684136 kB
Committed_AS:   114745012 kB
VmallocTotal:   251658176 kB
VmallocUsed:      317100 kB
VmallocChunk:   247561408 kB
Time pass: 139 sec

---2015-10-26 12:50:36
MemTotal:        2746844 kB
MemFree:          147720 kB
Buffers:           89360 kB
Cached:           630692 kB
SwapCached:        27572 kB
Active:           723308 kB
Inactive:         681280 kB
Active(anon):     309360 kB
Inactive(anon):   388516 kB
Active(file):     413948 kB
Inactive(file):   292764 kB
Unevictable:       20976 kB
Mlocked:           13004 kB
SwapTotal:       1310716 kB
SwapFree:         981256 kB
Dirty:                36 kB
Writeback:             0 kB
AnonPages:        698996 kB
Mapped:           292740 kB
Shmem:               872 kB
Slab:             124000 kB
SReclaimable:      33172 kB
SUnreclaim:        90828 kB
KernelStack:       30816 kB
PageTables:        47280 kB
NFS_Unstable:          0 kB
Bounce:                0 kB
WritebackTmp:          0 kB
CommitLimit:     2684136 kB
Committed_AS:   114745020 kB
VmallocTotal:   251658176 kB
VmallocUsed:      317100 kB
VmallocChunk:   247561408 kB
Time pass: 143 sec

---2015-10-26 12:50:36
MemTotal:        2746844 kB
MemFree:          109436 kB
Buffers:           89368 kB
Cached:           630980 kB
SwapCached:        27576 kB
Active:           750260 kB
Inactive:         681480 kB
Active(anon):     336308 kB
Inactive(anon):   388716 kB
Active(file):     413952 kB
Inactive(file):   292764 kB
Unevictable:       20976 kB
Mlocked:           13004 kB
SwapTotal:       1310716 kB
SwapFree:         981320 kB
Dirty:                 0 kB
Writeback:             0 kB
AnonPages:        726416 kB
Mapped:           294024 kB
Shmem:              1168 kB
Slab:             123996 kB
SReclaimable:      33172 kB
SUnreclaim:        90824 kB
KernelStack:       30976 kB
PageTables:        47604 kB
NFS_Unstable:          0 kB
Bounce:                0 kB
WritebackTmp:          0 kB
CommitLimit:     2684136 kB
Committed_AS:   127798760 kB
VmallocTotal:   251658176 kB
VmallocUsed:      317156 kB
VmallocChunk:   247561408 kB
Time pass: 147 sec

---2015-10-26 12:50:36
MemTotal:        2746844 kB
MemFree:          386424 kB
Buffers:           89376 kB
Cached:           630872 kB
SwapCached:        27576 kB
Active:           691232 kB
Inactive:         681156 kB
Active(anon):     277036 kB
Inactive(anon):   388572 kB
Active(file):     414196 kB
Inactive(file):   292584 kB
Unevictable:       20976 kB
Mlocked:           13004 kB
SwapTotal:       1310716 kB
SwapFree:         981320 kB
Dirty:                92 kB
Writeback:             0 kB
AnonPages:        667252 kB
Mapped:           260072 kB
Shmem:               996 kB
Slab:             123952 kB
SReclaimable:      33172 kB
SUnreclaim:        90780 kB
KernelStack:       29792 kB
PageTables:        46444 kB
NFS_Unstable:          0 kB
Bounce:                0 kB
WritebackTmp:          0 kB
CommitLimit:     2684136 kB
Committed_AS:   117176468 kB
VmallocTotal:   251658176 kB
VmallocUsed:      318360 kB
VmallocChunk:   247561408 kB
Time pass: 150 sec

---2015-10-26 12:50:36
MemTotal:        2746844 kB
MemFree:          393244 kB
Buffers:           89376 kB
Cached:           630876 kB
SwapCached:        27576 kB
Active:           691116 kB
Inactive:         681156 kB
Active(anon):     276916 kB
Inactive(anon):   388568 kB
Active(file):     414200 kB
Inactive(file):   292588 kB
Unevictable:       20976 kB
Mlocked:           13004 kB
SwapTotal:       1310716 kB
SwapFree:         981320 kB
Dirty:               176 kB
Writeback:             0 kB
AnonPages:        666848 kB
Mapped:           257976 kB
Shmem:               996 kB
Slab:             123948 kB
SReclaimable:      33172 kB
SUnreclaim:        90776 kB
KernelStack:       29520 kB
PageTables:        46060 kB
NFS_Unstable:          0 kB
Bounce:                0 kB
WritebackTmp:          0 kB
CommitLimit:     2684136 kB
Committed_AS:   118613856 kB
VmallocTotal:   251658176 kB
VmallocUsed:      317340 kB
VmallocChunk:   247561408 kB
Time pass: 154 sec

---2015-10-26 12:50:36
MemTotal:        2746844 kB
MemFree:          397580 kB
Buffers:           89380 kB
Cached:           630876 kB
SwapCached:        27576 kB
Active:           685284 kB
Inactive:         681152 kB
Active(anon):     271084 kB
Inactive(anon):   388560 kB
Active(file):     414200 kB
Inactive(file):   292592 kB
Unevictable:       20976 kB
Mlocked:           13004 kB
SwapTotal:       1310716 kB
SwapFree:         981320 kB
Dirty:                72 kB
Writeback:             0 kB
AnonPages:        661188 kB
Mapped:           257596 kB
Shmem:               996 kB
Slab:             123948 kB
SReclaimable:      33172 kB
SUnreclaim:        90776 kB
KernelStack:       29728 kB
PageTables:        46216 kB
NFS_Unstable:          0 kB
Bounce:                0 kB
WritebackTmp:          0 kB
CommitLimit:     2684136 kB
Committed_AS:   113399496 kB
VmallocTotal:   251658176 kB
VmallocUsed:      317340 kB
VmallocChunk:   247561408 kB
Time pass: 157 sec

---2015-10-26 12:50:36
MemTotal:        2746844 kB
MemFree:          398204 kB
Buffers:           89380 kB
Cached:           630876 kB
SwapCached:        27576 kB
Active:           683744 kB
Inactive:         681152 kB
Active(anon):     269544 kB
Inactive(anon):   388560 kB
Active(file):     414200 kB
Inactive(file):   292592 kB
Unevictable:       20976 kB
Mlocked:           13004 kB
SwapTotal:       1310716 kB
SwapFree:         981320 kB
Dirty:                72 kB
Writeback:             0 kB
AnonPages:        659420 kB
Mapped:           256940 kB
Shmem:               996 kB
Slab:             123948 kB
SReclaimable:      33172 kB
SUnreclaim:        90776 kB
KernelStack:       29584 kB
PageTables:        46364 kB
NFS_Unstable:          0 kB
Bounce:                0 kB
WritebackTmp:          0 kB
CommitLimit:     2684136 kB
Committed_AS:   113395268 kB
VmallocTotal:   251658176 kB
VmallocUsed:      317340 kB
VmallocChunk:   247561408 kB
Time pass: 161 sec

---2015-10-26 12:50:36
MemTotal:        2746844 kB
MemFree:          399344 kB
Buffers:           89384 kB
Cached:           630876 kB
SwapCached:        27576 kB
Active:           682372 kB
Inactive:         681156 kB
Active(anon):     268172 kB
Inactive(anon):   388560 kB
Active(file):     414200 kB
Inactive(file):   292596 kB
Unevictable:       20976 kB
Mlocked:           13004 kB
SwapTotal:       1310716 kB
SwapFree:         981320 kB
Dirty:                28 kB
Writeback:             0 kB
AnonPages:        658080 kB
Mapped:           257044 kB
Shmem:               996 kB
Slab:             123948 kB
SReclaimable:      33172 kB
SUnreclaim:        90776 kB
KernelStack:       29328 kB
PageTables:        46092 kB
NFS_Unstable:          0 kB
Bounce:                0 kB
WritebackTmp:          0 kB
CommitLimit:     2684136 kB
Committed_AS:   113395156 kB
VmallocTotal:   251658176 kB
VmallocUsed:      317340 kB
VmallocChunk:   247561408 kB
Time pass: 164 sec

---2015-10-26 12:50:36
MemTotal:        2746844 kB
MemFree:          399904 kB
Buffers:           89384 kB
Cached:           630876 kB
SwapCached:        27576 kB
Active:           682696 kB
Inactive:         681156 kB
Active(anon):     268496 kB
Inactive(anon):   388560 kB
Active(file):     414200 kB
Inactive(file):   292596 kB
Unevictable:       20976 kB
Mlocked:           13004 kB
SwapTotal:       1310716 kB
SwapFree:         981320 kB
Dirty:                 0 kB
Writeback:             0 kB
AnonPages:        657928 kB
Mapped:           257128 kB
Shmem:               996 kB
Slab:             123948 kB
SReclaimable:      33172 kB
SUnreclaim:        90776 kB
KernelStack:       29328 kB
PageTables:        46120 kB
NFS_Unstable:          0 kB
Bounce:                0 kB
WritebackTmp:          0 kB
CommitLimit:     2684136 kB
Committed_AS:   113395068 kB
VmallocTotal:   251658176 kB
VmallocUsed:      317340 kB
VmallocChunk:   247561408 kB
Time pass: 168 sec

---2015-10-26 12:50:36
MemTotal:        2746844 kB
MemFree:          399132 kB
Buffers:           89384 kB
Cached:           630876 kB
SwapCached:        27576 kB
Active:           683244 kB
Inactive:         681156 kB
Active(anon):     269044 kB
Inactive(anon):   388560 kB
Active(file):     414200 kB
Inactive(file):   292596 kB
Unevictable:       20976 kB
Mlocked:           13004 kB
SwapTotal:       1310716 kB
SwapFree:         981320 kB
Dirty:                 0 kB
Writeback:             0 kB
AnonPages:        658320 kB
Mapped:           257152 kB
Shmem:               996 kB
Slab:             123948 kB
SReclaimable:      33172 kB
SUnreclaim:        90776 kB
KernelStack:       29456 kB
PageTables:        46232 kB
NFS_Unstable:          0 kB
Bounce:                0 kB
WritebackTmp:          0 kB
CommitLimit:     2684136 kB
Committed_AS:   113394968 kB
VmallocTotal:   251658176 kB
VmallocUsed:      317340 kB
VmallocChunk:   247561408 kB
Time pass: 172 sec

---2015-10-26 12:50:36
MemTotal:        2746844 kB
MemFree:          398980 kB
Buffers:           89384 kB
Cached:           630876 kB
SwapCached:        27576 kB
Active:           683216 kB
Inactive:         681156 kB
Active(anon):     269016 kB
Inactive(anon):   388560 kB
Active(file):     414200 kB
Inactive(file):   292596 kB
Unevictable:       20976 kB
Mlocked:           13004 kB
SwapTotal:       1310716 kB
SwapFree:         981320 kB
Dirty:                 0 kB
Writeback:             0 kB
AnonPages:        658476 kB
Mapped:           257072 kB
Shmem:               996 kB
Slab:             123948 kB
SReclaimable:      33172 kB
SUnreclaim:        90776 kB
KernelStack:       29456 kB
PageTables:        46204 kB
NFS_Unstable:          0 kB
Bounce:                0 kB
WritebackTmp:          0 kB
CommitLimit:     2684136 kB
Committed_AS:   113394976 kB
VmallocTotal:   251658176 kB
VmallocUsed:      317340 kB
VmallocChunk:   247561408 kB
Time pass: 175 sec

---2015-10-26 12:50:36
MemTotal:        2746844 kB
MemFree:          398844 kB
Buffers:           89384 kB
Cached:           630876 kB
SwapCached:        27576 kB
Active:           683340 kB
Inactive:         681156 kB
Active(anon):     269140 kB
Inactive(anon):   388560 kB
Active(file):     414200 kB
Inactive(file):   292596 kB
Unevictable:       20976 kB
Mlocked:           13004 kB
SwapTotal:       1310716 kB
SwapFree:         981320 kB
Dirty:                 0 kB
Writeback:             0 kB
AnonPages:        658264 kB
Mapped:           257152 kB
Shmem:               996 kB
Slab:             123948 kB
SReclaimable:      33172 kB
SUnreclaim:        90776 kB
KernelStack:       29456 kB
PageTables:        46232 kB
NFS_Unstable:          0 kB
Bounce:                0 kB
WritebackTmp:          0 kB
CommitLimit:     2684136 kB
Committed_AS:   113395000 kB
VmallocTotal:   251658176 kB
VmallocUsed:      317340 kB
VmallocChunk:   247561408 kB
Time pass: 179 sec

---2015-10-26 12:50:36
MemTotal:        2746844 kB
MemFree:          394668 kB
Buffers:           89384 kB
Cached:           630876 kB
SwapCached:        27576 kB
Active:           687936 kB
Inactive:         681156 kB
Active(anon):     273736 kB
Inactive(anon):   388560 kB
Active(file):     414200 kB
Inactive(file):   292596 kB
Unevictable:       20976 kB
Mlocked:           13004 kB
SwapTotal:       1310716 kB
SwapFree:         981320 kB
Dirty:                 0 kB
Writeback:             0 kB
AnonPages:        663836 kB
Mapped:           257920 kB
Shmem:               996 kB
Slab:             123948 kB
SReclaimable:      33172 kB
SUnreclaim:        90776 kB
KernelStack:       29488 kB
PageTables:        46172 kB
NFS_Unstable:          0 kB
Bounce:                0 kB
WritebackTmp:          0 kB
CommitLimit:     2684136 kB
Committed_AS:   116004428 kB
VmallocTotal:   251658176 kB
VmallocUsed:      317340 kB
VmallocChunk:   247561408 kB
Time pass: 183 sec

---2015-10-26 12:50:36
MemTotal:        2746844 kB
MemFree:          265508 kB
Buffers:           89392 kB
Cached:           630760 kB
SwapCached:        27576 kB
Active:           721240 kB
Inactive:         680744 kB
Active(anon):     306952 kB
Inactive(anon):   388272 kB
Active(file):     414288 kB
Inactive(file):   292472 kB
Unevictable:       20976 kB
Mlocked:           13004 kB
SwapTotal:       1310716 kB
SwapFree:         981332 kB
Dirty:              1120 kB
Writeback:             0 kB
AnonPages:        696440 kB
Mapped:           288580 kB
Shmem:               868 kB
Slab:             123944 kB
SReclaimable:      33172 kB
SUnreclaim:        90772 kB
KernelStack:       30768 kB
PageTables:        47284 kB
NFS_Unstable:          0 kB
Bounce:                0 kB
WritebackTmp:          0 kB
CommitLimit:     2684136 kB
Committed_AS:   114721844 kB
VmallocTotal:   251658176 kB
VmallocUsed:      319292 kB
VmallocChunk:   247561408 kB
Time pass: 186 sec

---2015-10-26 12:50:36
MemTotal:        2746844 kB
MemFree:          216724 kB
Buffers:           89392 kB
Cached:           630884 kB
SwapCached:        27576 kB
Active:           720552 kB
Inactive:         680916 kB
Active(anon):     306252 kB
Inactive(anon):   388280 kB
Active(file):     414300 kB
Inactive(file):   292636 kB
Unevictable:       20976 kB
Mlocked:           13004 kB
SwapTotal:       1310716 kB
SwapFree:         981336 kB
Dirty:              2008 kB
Writeback:             0 kB
AnonPages:        695968 kB
Mapped:           293844 kB
Shmem:               872 kB
Slab:             123800 kB
SReclaimable:      33028 kB
SUnreclaim:        90772 kB
KernelStack:       30880 kB
PageTables:        47376 kB
NFS_Unstable:          0 kB
Bounce:                0 kB
WritebackTmp:          0 kB
CommitLimit:     2684136 kB
Committed_AS:   114732208 kB
VmallocTotal:   251658176 kB
VmallocUsed:      320516 kB
VmallocChunk:   247561408 kB
Time pass: 190 sec

---2015-10-26 12:50:36
MemTotal:        2746844 kB
MemFree:          214260 kB
Buffers:           89408 kB
Cached:           631020 kB
SwapCached:        27576 kB
Active:           710572 kB
Inactive:         681028 kB
Active(anon):     296260 kB
Inactive(anon):   388260 kB
Active(file):     414312 kB
Inactive(file):   292768 kB
Unevictable:       20976 kB
Mlocked:           13004 kB
SwapTotal:       1310716 kB
SwapFree:         981336 kB
Dirty:               156 kB
Writeback:             0 kB
AnonPages:        685736 kB
Mapped:           293860 kB
Shmem:               880 kB
Slab:             123800 kB
SReclaimable:      33028 kB
SUnreclaim:        90772 kB
KernelStack:       30912 kB
PageTables:        47264 kB
NFS_Unstable:          0 kB
Bounce:                0 kB
WritebackTmp:          0 kB
CommitLimit:     2684136 kB
Committed_AS:   114732468 kB
VmallocTotal:   251658176 kB
VmallocUsed:      320532 kB
VmallocChunk:   247561408 kB
Time pass: 194 sec

---2015-10-26 12:50:36
MemTotal:        2746844 kB
MemFree:          213348 kB
Buffers:           89408 kB
Cached:           631012 kB
SwapCached:        27576 kB
Active:           710876 kB
Inactive:         681016 kB
Active(anon):     296564 kB
Inactive(anon):   388248 kB
Active(file):     414312 kB
Inactive(file):   292768 kB
Unevictable:       20976 kB
Mlocked:           13004 kB
SwapTotal:       1310716 kB
SwapFree:         981336 kB
Dirty:               156 kB
Writeback:             0 kB
AnonPages:        685816 kB
Mapped:           293936 kB
Shmem:               872 kB
Slab:             123800 kB
SReclaimable:      33028 kB
SUnreclaim:        90772 kB
KernelStack:       30880 kB
PageTables:        47248 kB
NFS_Unstable:          0 kB
Bounce:                0 kB
WritebackTmp:          0 kB
CommitLimit:     2684136 kB
Committed_AS:   114732388 kB
VmallocTotal:   251658176 kB
VmallocUsed:      320532 kB
VmallocChunk:   247561408 kB
Time pass: 198 sec

---2015-10-26 12:50:36
MemTotal:        2746844 kB
MemFree:          210604 kB
Buffers:           89416 kB
Cached:           631140 kB
SwapCached:        27576 kB
Active:           711000 kB
Inactive:         680720 kB
Active(anon):     296684 kB
Inactive(anon):   387816 kB
Active(file):     414316 kB
Inactive(file):   292904 kB
Unevictable:       20976 kB
Mlocked:           13004 kB
SwapTotal:       1310716 kB
SwapFree:         981336 kB
Dirty:               348 kB
Writeback:             0 kB
AnonPages:        685720 kB
Mapped:           293912 kB
Shmem:               872 kB
Slab:             123800 kB
SReclaimable:      33028 kB
SUnreclaim:        90772 kB
KernelStack:       30880 kB
PageTables:        47216 kB
NFS_Unstable:          0 kB
Bounce:                0 kB
WritebackTmp:          0 kB
CommitLimit:     2684136 kB
Committed_AS:   114732460 kB
VmallocTotal:   251658176 kB
VmallocUsed:      321072 kB
VmallocChunk:   247561408 kB
Time pass: 202 sec

---2015-10-26 12:50:36
MemTotal:        2746844 kB
MemFree:          209580 kB
Buffers:           89420 kB
Cached:           631136 kB
SwapCached:        27576 kB
Active:           710720 kB
Inactive:         680720 kB
Active(anon):     296404 kB
Inactive(anon):   387816 kB
Active(file):     414316 kB
Inactive(file):   292904 kB
Unevictable:       20976 kB
Mlocked:           13004 kB
SwapTotal:       1310716 kB
SwapFree:         981336 kB
Dirty:                 0 kB
Writeback:             0 kB
AnonPages:        685324 kB
Mapped:           293992 kB
Shmem:               872 kB
Slab:             123800 kB
SReclaimable:      33028 kB
SUnreclaim:        90772 kB
KernelStack:       30912 kB
PageTables:        47280 kB
NFS_Unstable:          0 kB
Bounce:                0 kB
WritebackTmp:          0 kB
CommitLimit:     2684136 kB
Committed_AS:   114732548 kB
VmallocTotal:   251658176 kB
VmallocUsed:      321072 kB
VmallocChunk:   247561408 kB
Time pass: 205 sec

---2015-10-26 12:50:36
MemTotal:        2746844 kB
MemFree:          186552 kB
Buffers:           89420 kB
Cached:           631148 kB
SwapCached:        27576 kB
Active:           715444 kB
Inactive:         680692 kB
Active(anon):     301112 kB
Inactive(anon):   387816 kB
Active(file):     414332 kB
Inactive(file):   292876 kB
Unevictable:       20976 kB
Mlocked:           13004 kB
SwapTotal:       1310716 kB
SwapFree:         981336 kB
Dirty:               576 kB
Writeback:             0 kB
AnonPages:        690492 kB
Mapped:           293956 kB
Shmem:               872 kB
Slab:             123800 kB
SReclaimable:      33028 kB
SUnreclaim:        90772 kB
KernelStack:       30880 kB
PageTables:        47212 kB
NFS_Unstable:          0 kB
Bounce:                0 kB
WritebackTmp:          0 kB
CommitLimit:     2684136 kB
Committed_AS:   114736852 kB
VmallocTotal:   251658176 kB
VmallocUsed:      321120 kB
VmallocChunk:   247561408 kB
Time pass: 209 sec

---2015-10-26 12:50:36
MemTotal:        2746844 kB
MemFree:          175136 kB
Buffers:           89424 kB
Cached:           631348 kB
SwapCached:        27584 kB
Active:           726560 kB
Inactive:         680860 kB
Active(anon):     312208 kB
Inactive(anon):   387948 kB
Active(file):     414352 kB
Inactive(file):   292912 kB
Unevictable:       20976 kB
Mlocked:           13004 kB
SwapTotal:       1310716 kB
SwapFree:         981336 kB
Dirty:                80 kB
Writeback:             0 kB
AnonPages:        701452 kB
Mapped:           297084 kB
Shmem:              1040 kB
Slab:             123800 kB
SReclaimable:      33028 kB
SUnreclaim:        90772 kB
KernelStack:       31344 kB
PageTables:        47380 kB
NFS_Unstable:          0 kB
Bounce:                0 kB
WritebackTmp:          0 kB
CommitLimit:     2684136 kB
Committed_AS:   114753016 kB
VmallocTotal:   251658176 kB
VmallocUsed:      323200 kB
VmallocChunk:   247561408 kB
Time pass: 213 sec

---2015-10-26 12:50:36
MemTotal:        2746844 kB
MemFree:          160692 kB
Buffers:           89444 kB
Cached:           631400 kB
SwapCached:        27592 kB
Active:           739180 kB
Inactive:         680936 kB
Active(anon):     324820 kB
Inactive(anon):   388020 kB
Active(file):     414360 kB
Inactive(file):   292916 kB
Unevictable:       20976 kB
Mlocked:           13004 kB
SwapTotal:       1310716 kB
SwapFree:         981336 kB
Dirty:                44 kB
Writeback:             0 kB
AnonPages:        713856 kB
Mapped:           305120 kB
Shmem:              1100 kB
Slab:             123800 kB
SReclaimable:      33028 kB
SUnreclaim:        90772 kB
KernelStack:       32048 kB
PageTables:        48008 kB
NFS_Unstable:          0 kB
Bounce:                0 kB
WritebackTmp:          0 kB
CommitLimit:     2684136 kB
Committed_AS:   116019844 kB
VmallocTotal:   251658176 kB
VmallocUsed:      328316 kB
VmallocChunk:   247561408 kB
Time pass: 220 sec

---2015-10-26 12:50:36
MemTotal:        2746844 kB
MemFree:          138532 kB
Buffers:           89476 kB
Cached:           631312 kB
SwapCached:        27664 kB
Active:           754008 kB
Inactive:         680952 kB
Active(anon):     339648 kB
Inactive(anon):   388020 kB
Active(file):     414360 kB
Inactive(file):   292932 kB
Unevictable:       20976 kB
Mlocked:           13004 kB
SwapTotal:       1310716 kB
SwapFree:         981340 kB
Dirty:                32 kB
Writeback:             0 kB
AnonPages:        728748 kB
Mapped:           311652 kB
Shmem:              1100 kB
Slab:             123792 kB
SReclaimable:      33028 kB
SUnreclaim:        90764 kB
KernelStack:       32288 kB
PageTables:        52280 kB
NFS_Unstable:          0 kB
Bounce:                0 kB
WritebackTmp:          0 kB
CommitLimit:     2684136 kB
Committed_AS:   129817084 kB
VmallocTotal:   251658176 kB
VmallocUsed:      336476 kB
VmallocChunk:   247561408 kB
Time pass: 229 sec

---2015-10-26 12:50:36
MemTotal:        2746844 kB
MemFree:          112200 kB
Buffers:           89544 kB
Cached:           632216 kB
SwapCached:        27700 kB
Active:           773636 kB
Inactive:         681884 kB
Active(anon):     359212 kB
Inactive(anon):   388124 kB
Active(file):     414424 kB
Inactive(file):   293760 kB
Unevictable:       20976 kB
Mlocked:           13004 kB
SwapTotal:       1310716 kB
SwapFree:         981344 kB
Dirty:                76 kB
Writeback:             0 kB
AnonPages:        748804 kB
Mapped:           320116 kB
Shmem:              1112 kB
Slab:             124548 kB
SReclaimable:      33028 kB
SUnreclaim:        91520 kB
KernelStack:       34304 kB
PageTables:        57012 kB
NFS_Unstable:          0 kB
Bounce:                0 kB
WritebackTmp:          0 kB
CommitLimit:     2684136 kB
Committed_AS:   142923012 kB
VmallocTotal:   251658176 kB
VmallocUsed:      343616 kB
VmallocChunk:   247561408 kB
Time pass: 233 sec

---2015-10-26 12:50:36
MemTotal:        2746844 kB
MemFree:          116016 kB
Buffers:           89548 kB
Cached:           632200 kB
SwapCached:        27700 kB
Active:           768136 kB
Inactive:         681880 kB
Active(anon):     353724 kB
Inactive(anon):   388104 kB
Active(file):     414412 kB
Inactive(file):   293776 kB
Unevictable:       20976 kB
Mlocked:           13004 kB
SwapTotal:       1310716 kB
SwapFree:         981344 kB
Dirty:               156 kB
Writeback:             0 kB
AnonPages:        743440 kB
Mapped:           319692 kB
Shmem:              1096 kB
Slab:             124644 kB
SReclaimable:      33028 kB
SUnreclaim:        91616 kB
KernelStack:       34304 kB
PageTables:        56832 kB
NFS_Unstable:          0 kB
Bounce:                0 kB
WritebackTmp:          0 kB
CommitLimit:     2684136 kB
Committed_AS:   141128572 kB
VmallocTotal:   251658176 kB
VmallocUsed:      342596 kB
VmallocChunk:   247561408 kB
Time pass: 237 sec

---2015-10-26 12:50:36
MemTotal:        2746844 kB
MemFree:          117928 kB
Buffers:           89552 kB
Cached:           632192 kB
SwapCached:        27700 kB
Active:           766004 kB
Inactive:         681656 kB
Active(anon):     351596 kB
Inactive(anon):   387888 kB
Active(file):     414408 kB
Inactive(file):   293768 kB
Unevictable:       20976 kB
Mlocked:           13004 kB
SwapTotal:       1310716 kB
SwapFree:         981344 kB
Dirty:                76 kB
Writeback:             0 kB
AnonPages:        740636 kB
Mapped:           319644 kB
Shmem:              1100 kB
Slab:             124572 kB
SReclaimable:      33028 kB
SUnreclaim:        91544 kB
KernelStack:       34336 kB
PageTables:        56824 kB
NFS_Unstable:          0 kB
Bounce:                0 kB
WritebackTmp:          0 kB
CommitLimit:     2684136 kB
Committed_AS:   141132892 kB
VmallocTotal:   251658176 kB
VmallocUsed:      342596 kB
VmallocChunk:   247561408 kB
Time pass: 242 sec

---2015-10-26 12:50:36
MemTotal:        2746844 kB
MemFree:          125712 kB
Buffers:           89556 kB
Cached:           632196 kB
SwapCached:        27700 kB
Active:           759536 kB
Inactive:         681504 kB
Active(anon):     345128 kB
Inactive(anon):   387732 kB
Active(file):     414408 kB
Inactive(file):   293772 kB
Unevictable:       20976 kB
Mlocked:           13004 kB
SwapTotal:       1310716 kB
SwapFree:         981344 kB
Dirty:                12 kB
Writeback:             0 kB
AnonPages:        733556 kB
Mapped:           312732 kB
Shmem:              1104 kB
Slab:             124572 kB
SReclaimable:      33028 kB
SUnreclaim:        91544 kB
KernelStack:       33584 kB
PageTables:        56260 kB
NFS_Unstable:          0 kB
Bounce:                0 kB
WritebackTmp:          0 kB
CommitLimit:     2684136 kB
Committed_AS:   139870164 kB
VmallocTotal:   251658176 kB
VmallocUsed:      341576 kB
VmallocChunk:   247561408 kB
Time pass: 252 sec

---2015-10-26 12:50:36
MemTotal:        2746844 kB
MemFree:          113216 kB
Buffers:           89568 kB
Cached:           632196 kB
SwapCached:        27700 kB
Active:           771412 kB
Inactive:         681492 kB
Active(anon):     356996 kB
Inactive(anon):   387720 kB
Active(file):     414416 kB
Inactive(file):   293772 kB
Unevictable:       20976 kB
Mlocked:           13004 kB
SwapTotal:       1310716 kB
SwapFree:         981344 kB
Dirty:                44 kB
Writeback:             0 kB
AnonPages:        745680 kB
Mapped:           319600 kB
Shmem:              1104 kB
Slab:             124572 kB
SReclaimable:      33028 kB
SUnreclaim:        91544 kB
KernelStack:       34256 kB
PageTables:        56824 kB
NFS_Unstable:          0 kB
Bounce:                0 kB
WritebackTmp:          0 kB
CommitLimit:     2684136 kB
Committed_AS:   141132684 kB
VmallocTotal:   251658176 kB
VmallocUsed:      342596 kB
VmallocChunk:   247561408 kB
Time pass: 262 sec

---2015-10-26 12:50:36
MemTotal:        2746844 kB
MemFree:          122036 kB
Buffers:           89568 kB
Cached:           632196 kB
SwapCached:        27700 kB
Active:           763736 kB
Inactive:         681492 kB
Active(anon):     349316 kB
Inactive(anon):   387720 kB
Active(file):     414420 kB
Inactive(file):   293772 kB
Unevictable:       20976 kB
Mlocked:           13004 kB
SwapTotal:       1310716 kB
SwapFree:         981344 kB
Dirty:                32 kB
Writeback:             0 kB
AnonPages:        737852 kB
Mapped:           313024 kB
Shmem:              1104 kB
Slab:             124572 kB
SReclaimable:      33028 kB
SUnreclaim:        91544 kB
KernelStack:       34256 kB
PageTables:        56248 kB
NFS_Unstable:          0 kB
Bounce:                0 kB
WritebackTmp:          0 kB
CommitLimit:     2684136 kB
Committed_AS:   139864300 kB
VmallocTotal:   251658176 kB
VmallocUsed:      341576 kB
VmallocChunk:   247561408 kB
Time pass: 268 sec

---2015-10-26 12:50:36
MemTotal:        2746844 kB
MemFree:          115268 kB
Buffers:           89568 kB
Cached:           632188 kB
SwapCached:        27700 kB
Active:           770704 kB
Inactive:         681484 kB
Active(anon):     356284 kB
Inactive(anon):   387712 kB
Active(file):     414420 kB
Inactive(file):   293772 kB
Unevictable:       20976 kB
Mlocked:           13004 kB
SwapTotal:       1310716 kB
SwapFree:         981344 kB
Dirty:                 0 kB
Writeback:             0 kB
AnonPages:        745416 kB
Mapped:           319068 kB
Shmem:              1096 kB
Slab:             124568 kB
SReclaimable:      33028 kB
SUnreclaim:        91540 kB
KernelStack:       33584 kB
PageTables:        56544 kB
NFS_Unstable:          0 kB
Bounce:                0 kB
WritebackTmp:          0 kB
CommitLimit:     2684136 kB
Committed_AS:   141125680 kB
VmallocTotal:   251658176 kB
VmallocUsed:      342596 kB
VmallocChunk:   247561408 kB
Time pass: 272 sec

---2015-10-26 12:50:36
MemTotal:        2746844 kB
MemFree:          120380 kB
Buffers:           89572 kB
Cached:           632188 kB
SwapCached:        27700 kB
Active:           765024 kB
Inactive:         681484 kB
Active(anon):     350596 kB
Inactive(anon):   387712 kB
Active(file):     414428 kB
Inactive(file):   293772 kB
Unevictable:       20976 kB
Mlocked:           13004 kB
SwapTotal:       1310716 kB
SwapFree:         981344 kB
Dirty:                72 kB
Writeback:             0 kB
AnonPages:        739156 kB
Mapped:           320020 kB
Shmem:              1096 kB
Slab:             124568 kB
SReclaimable:      33028 kB
SUnreclaim:        91540 kB
KernelStack:       34240 kB
PageTables:        56832 kB
NFS_Unstable:          0 kB
Bounce:                0 kB
WritebackTmp:          0 kB
CommitLimit:     2684136 kB
Committed_AS:   141127024 kB
VmallocTotal:   251658176 kB
VmallocUsed:      342596 kB
VmallocChunk:   247561408 kB
Time pass: 276 sec

---2015-10-26 12:50:36
MemTotal:        2746844 kB
MemFree:          119572 kB
Buffers:           89572 kB
Cached:           632188 kB
SwapCached:        27700 kB
Active:           765960 kB
Inactive:         681472 kB
Active(anon):     351524 kB
Inactive(anon):   387712 kB
Active(file):     414436 kB
Inactive(file):   293760 kB
Unevictable:       20976 kB
Mlocked:           13004 kB
SwapTotal:       1310716 kB
SwapFree:         981344 kB
Dirty:                32 kB
Writeback:             0 kB
AnonPages:        739940 kB
Mapped:           320084 kB
Shmem:              1096 kB
Slab:             124568 kB
SReclaimable:      33028 kB
SUnreclaim:        91540 kB
KernelStack:       34240 kB
PageTables:        56868 kB
NFS_Unstable:          0 kB
Bounce:                0 kB
WritebackTmp:          0 kB
CommitLimit:     2684136 kB
Committed_AS:   141127040 kB
VmallocTotal:   251658176 kB
VmallocUsed:      342596 kB
VmallocChunk:   247561408 kB
Time pass: 280 sec

---2015-10-26 12:50:36
MemTotal:        2746844 kB
MemFree:          119052 kB
Buffers:           89572 kB
Cached:           632188 kB
SwapCached:        27700 kB
Active:           766364 kB
Inactive:         681464 kB
Active(anon):     351920 kB
Inactive(anon):   387712 kB
Active(file):     414444 kB
Inactive(file):   293752 kB
Unevictable:       20976 kB
Mlocked:           13004 kB
SwapTotal:       1310716 kB
SwapFree:         981344 kB
Dirty:                12 kB
Writeback:             0 kB
AnonPages:        740884 kB
Mapped:           320060 kB
Shmem:              1096 kB
Slab:             124564 kB
SReclaimable:      33028 kB
SUnreclaim:        91536 kB
KernelStack:       34304 kB
PageTables:        56764 kB
NFS_Unstable:          0 kB
Bounce:                0 kB
WritebackTmp:          0 kB
CommitLimit:     2684136 kB
Committed_AS:   141127280 kB
VmallocTotal:   251658176 kB
VmallocUsed:      338500 kB
VmallocChunk:   247561408 kB
Time pass: 286 sec

---2015-10-26 12:50:36
MemTotal:        2746844 kB
MemFree:          117084 kB
Buffers:           89576 kB
Cached:           632240 kB
SwapCached:        27704 kB
Active:           768720 kB
Inactive:         681512 kB
Active(anon):     354268 kB
Inactive(anon):   387708 kB
Active(file):     414452 kB
Inactive(file):   293804 kB
Unevictable:       20976 kB
Mlocked:           13004 kB
SwapTotal:       1310716 kB
SwapFree:         981344 kB
Dirty:               192 kB
Writeback:             0 kB
AnonPages:        743688 kB
Mapped:           318852 kB
Shmem:              1096 kB
Slab:             124564 kB
SReclaimable:      33028 kB
SUnreclaim:        91536 kB
KernelStack:       34128 kB
PageTables:        56728 kB
NFS_Unstable:          0 kB
Bounce:                0 kB
WritebackTmp:          0 kB
CommitLimit:     2684136 kB
Committed_AS:   141126608 kB
VmallocTotal:   251658176 kB
VmallocUsed:      334404 kB
VmallocChunk:   247561408 kB
Time pass: 292 sec

---2015-10-26 12:50:36
MemTotal:        2746844 kB
MemFree:          117232 kB
Buffers:           89580 kB
Cached:           632184 kB
SwapCached:        27704 kB
Active:           770752 kB
Inactive:         681464 kB
Active(anon):     356308 kB
Inactive(anon):   387708 kB
Active(file):     414444 kB
Inactive(file):   293756 kB
Unevictable:       20976 kB
Mlocked:           13004 kB
SwapTotal:       1310716 kB
SwapFree:         981344 kB
Dirty:                 0 kB
Writeback:             0 kB
AnonPages:        745248 kB
Mapped:           319780 kB
Shmem:              1096 kB
Slab:             124564 kB
SReclaimable:      33028 kB
SUnreclaim:        91536 kB
KernelStack:       34288 kB
PageTables:        56780 kB
NFS_Unstable:          0 kB
Bounce:                0 kB
WritebackTmp:          0 kB
CommitLimit:     2684136 kB
Committed_AS:   141127188 kB
VmallocTotal:   251658176 kB
VmallocUsed:      334404 kB
VmallocChunk:   247561408 kB
Time pass: 296 sec

---2015-10-26 12:50:36
MemTotal:        2746844 kB
MemFree:          117044 kB
Buffers:           89584 kB
Cached:           632188 kB
SwapCached:        27704 kB
Active:           771360 kB
Inactive:         681452 kB
Active(anon):     356896 kB
Inactive(anon):   387708 kB
Active(file):     414464 kB
Inactive(file):   293744 kB
Unevictable:       20976 kB
Mlocked:           13004 kB
SwapTotal:       1310716 kB
SwapFree:         981344 kB
Dirty:                92 kB
Writeback:             0 kB
AnonPages:        745472 kB
Mapped:           319936 kB
Shmem:              1096 kB
Slab:             124564 kB
SReclaimable:      33028 kB
SUnreclaim:        91536 kB
KernelStack:       34304 kB
PageTables:        56836 kB
NFS_Unstable:          0 kB
Bounce:                0 kB
WritebackTmp:          0 kB
CommitLimit:     2684136 kB
Committed_AS:   141127164 kB
VmallocTotal:   251658176 kB
VmallocUsed:      338500 kB
VmallocChunk:   247561408 kB
Time pass: 300 sec

---2015-10-26 12:50:36
MemTotal:        2746844 kB
MemFree:          114964 kB
Buffers:           89584 kB
Cached:           632188 kB
SwapCached:        27704 kB
Active:           772576 kB
Inactive:         681456 kB
Active(anon):     358112 kB
Inactive(anon):   387712 kB
Active(file):     414464 kB
Inactive(file):   293744 kB
Unevictable:       20976 kB
Mlocked:           13004 kB
SwapTotal:       1310716 kB
SwapFree:         981344 kB
Dirty:                56 kB
Writeback:             0 kB
AnonPages:        746992 kB
Mapped:           319908 kB
Shmem:              1096 kB
Slab:             124564 kB
SReclaimable:      33028 kB
SUnreclaim:        91536 kB
KernelStack:       34320 kB
PageTables:        56808 kB
NFS_Unstable:          0 kB
Bounce:                0 kB
WritebackTmp:          0 kB
CommitLimit:     2684136 kB
Committed_AS:   141127884 kB
VmallocTotal:   251658176 kB
VmallocUsed:      338500 kB
VmallocChunk:   247561408 kB
Time pass: 304 sec

---2015-10-26 12:50:36
MemTotal:        2746844 kB
MemFree:          123232 kB
Buffers:           89584 kB
Cached:           632212 kB
SwapCached:        27704 kB
Active:           765736 kB
Inactive:         681472 kB
Active(anon):     351260 kB
Inactive(anon):   387740 kB
Active(file):     414476 kB
Inactive(file):   293732 kB
Unevictable:       20976 kB
Mlocked:           13004 kB
SwapTotal:       1310716 kB
SwapFree:         981348 kB
Dirty:                68 kB
Writeback:             0 kB
AnonPages:        740044 kB
Mapped:           312872 kB
Shmem:              1120 kB
Slab:             124564 kB
SReclaimable:      33028 kB
SUnreclaim:        91536 kB
KernelStack:       33680 kB
PageTables:        56248 kB
NFS_Unstable:          0 kB
Bounce:                0 kB
WritebackTmp:          0 kB
CommitLimit:     2684136 kB
Committed_AS:   139864804 kB
VmallocTotal:   251658176 kB
VmallocUsed:      337480 kB
VmallocChunk:   247561408 kB
Time pass: 308 sec

---2015-10-26 12:50:36
MemTotal:        2746844 kB
MemFree:          116348 kB
Buffers:           89592 kB
Cached:           632220 kB
SwapCached:        27704 kB
Active:           770732 kB
Inactive:         681464 kB
Active(anon):     356240 kB
Inactive(anon):   387740 kB
Active(file):     414492 kB
Inactive(file):   293724 kB
Unevictable:       20976 kB
Mlocked:           13004 kB
SwapTotal:       1310716 kB
SwapFree:         981348 kB
Dirty:                96 kB
Writeback:             0 kB
AnonPages:        745416 kB
Mapped:           319832 kB
Shmem:              1128 kB
Slab:             124564 kB
SReclaimable:      33028 kB
SUnreclaim:        91536 kB
KernelStack:       34320 kB
PageTables:        56820 kB
NFS_Unstable:          0 kB
Bounce:                0 kB
WritebackTmp:          0 kB
CommitLimit:     2684136 kB
Committed_AS:   141126560 kB
VmallocTotal:   251658176 kB
VmallocUsed:      338500 kB
VmallocChunk:   247561408 kB
Time pass: 318 sec

---2015-10-26 12:50:36
MemTotal:        2746844 kB
MemFree:          115864 kB
Buffers:           89596 kB
Cached:           632220 kB
SwapCached:        27704 kB
Active:           772564 kB
Inactive:         680528 kB
Active(anon):     358068 kB
Inactive(anon):   386804 kB
Active(file):     414496 kB
Inactive(file):   293724 kB
Unevictable:       20976 kB
Mlocked:           13004 kB
SwapTotal:       1310716 kB
SwapFree:         981348 kB
Dirty:                44 kB
Writeback:             0 kB
AnonPages:        745964 kB
Mapped:           319960 kB
Shmem:              1128 kB
Slab:             124564 kB
SReclaimable:      33028 kB
SUnreclaim:        91536 kB
KernelStack:       34320 kB
PageTables:        56828 kB
NFS_Unstable:          0 kB
Bounce:                0 kB
WritebackTmp:          0 kB
CommitLimit:     2684136 kB
Committed_AS:   141126904 kB
VmallocTotal:   251658176 kB
VmallocUsed:      338500 kB
VmallocChunk:   247561408 kB
Time pass: 323 sec

---2015-10-26 12:50:36
MemTotal:        2746844 kB
MemFree:          124960 kB
Buffers:           89596 kB
Cached:           632224 kB
SwapCached:        27704 kB
Active:           764412 kB
Inactive:         680532 kB
Active(anon):     349916 kB
Inactive(anon):   386804 kB
Active(file):     414496 kB
Inactive(file):   293728 kB
Unevictable:       20976 kB
Mlocked:           13004 kB
SwapTotal:       1310716 kB
SwapFree:         981348 kB
Dirty:                20 kB
Writeback:             0 kB
AnonPages:        737780 kB
Mapped:           312896 kB
Shmem:              1128 kB
Slab:             124564 kB
SReclaimable:      33028 kB
SUnreclaim:        91536 kB
KernelStack:       33664 kB
PageTables:        56240 kB
NFS_Unstable:          0 kB
Bounce:                0 kB
WritebackTmp:          0 kB
CommitLimit:     2684136 kB
Committed_AS:   139863900 kB
VmallocTotal:   251658176 kB
VmallocUsed:      337480 kB
VmallocChunk:   247561408 kB
Time pass: 328 sec

---2015-10-26 12:50:36
MemTotal:        2746844 kB
MemFree:          114952 kB
Buffers:           89604 kB
Cached:           632228 kB
SwapCached:        27704 kB
Active:           774664 kB
Inactive:         680536 kB
Active(anon):     360160 kB
Inactive(anon):   386808 kB
Active(file):     414504 kB
Inactive(file):   293728 kB
Unevictable:       20976 kB
Mlocked:           13004 kB
SwapTotal:       1310716 kB
SwapFree:         981348 kB
Dirty:                72 kB
Writeback:             0 kB
AnonPages:        748076 kB
Mapped:           319944 kB
Shmem:              1132 kB
Slab:             124564 kB
SReclaimable:      33028 kB
SUnreclaim:        91536 kB
KernelStack:       34240 kB
PageTables:        56780 kB
NFS_Unstable:          0 kB
Bounce:                0 kB
WritebackTmp:          0 kB
CommitLimit:     2684136 kB
Committed_AS:   141126592 kB
VmallocTotal:   251658176 kB
VmallocUsed:      338500 kB
VmallocChunk:   247561408 kB
Time pass: 332 sec

---2015-10-26 12:50:36
MemTotal:        2746844 kB
MemFree:          114056 kB
Buffers:           89616 kB
Cached:           632228 kB
SwapCached:        27704 kB
Active:           774932 kB
Inactive:         680540 kB
Active(anon):     360420 kB
Inactive(anon):   386808 kB
Active(file):     414512 kB
Inactive(file):   293732 kB
Unevictable:       20976 kB
Mlocked:           13004 kB
SwapTotal:       1310716 kB
SwapFree:         981348 kB
Dirty:                 0 kB
Writeback:             0 kB
AnonPages:        748272 kB
Mapped:           320060 kB
Shmem:              1132 kB
Slab:             124564 kB
SReclaimable:      33028 kB
SUnreclaim:        91536 kB
KernelStack:       34288 kB
PageTables:        56828 kB
NFS_Unstable:          0 kB
Bounce:                0 kB
WritebackTmp:          0 kB
CommitLimit:     2684136 kB
Committed_AS:   141130728 kB
VmallocTotal:   251658176 kB
VmallocUsed:      338500 kB
VmallocChunk:   247561408 kB
Time pass: 336 sec

---2015-10-26 12:50:36
MemTotal:        2746844 kB
MemFree:          113396 kB
Buffers:           89624 kB
Cached:           632228 kB
SwapCached:        27704 kB
Active:           775324 kB
Inactive:         680540 kB
Active(anon):     360812 kB
Inactive(anon):   386808 kB
Active(file):     414512 kB
Inactive(file):   293732 kB
Unevictable:       20976 kB
Mlocked:           13004 kB
SwapTotal:       1310716 kB
SwapFree:         981348 kB
Dirty:                28 kB
Writeback:             0 kB
AnonPages:        748500 kB
Mapped:           320064 kB
Shmem:              1132 kB
Slab:             124564 kB
SReclaimable:      33028 kB
SUnreclaim:        91536 kB
KernelStack:       34304 kB
PageTables:        56828 kB
NFS_Unstable:          0 kB
Bounce:                0 kB
WritebackTmp:          0 kB
CommitLimit:     2684136 kB
Committed_AS:   141130752 kB
VmallocTotal:   251658176 kB
VmallocUsed:      338500 kB
VmallocChunk:   247561408 kB
Time pass: 340 sec

---2015-10-26 12:50:36
MemTotal:        2746844 kB
MemFree:          112112 kB
Buffers:           89624 kB
Cached:           632228 kB
SwapCached:        27704 kB
Active:           776292 kB
Inactive:         680560 kB
Active(anon):     361792 kB
Inactive(anon):   386808 kB
Active(file):     414500 kB
Inactive(file):   293752 kB
Unevictable:       20976 kB
Mlocked:           13004 kB
SwapTotal:       1310716 kB
SwapFree:         981348 kB
Dirty:                44 kB
Writeback:             0 kB
AnonPages:        749768 kB
Mapped:           320068 kB
Shmem:              1132 kB
Slab:             124564 kB
SReclaimable:      33028 kB
SUnreclaim:        91536 kB
KernelStack:       34336 kB
PageTables:        56860 kB
NFS_Unstable:          0 kB
Bounce:                0 kB
WritebackTmp:          0 kB
CommitLimit:     2684136 kB
Committed_AS:   141131096 kB
VmallocTotal:   251658176 kB
VmallocUsed:      338500 kB
VmallocChunk:   247561408 kB
Time pass: 344 sec

---2015-10-26 12:50:36
MemTotal:        2746844 kB
MemFree:          120512 kB
Buffers:           89624 kB
Cached:           632228 kB
SwapCached:        27704 kB
Active:           769112 kB
Inactive:         680544 kB
Active(anon):     354596 kB
Inactive(anon):   386808 kB
Active(file):     414516 kB
Inactive(file):   293736 kB
Unevictable:       20976 kB
Mlocked:           13004 kB
SwapTotal:       1310716 kB
SwapFree:         981348 kB
Dirty:                12 kB
Writeback:             0 kB
AnonPages:        742556 kB
Mapped:           312984 kB
Shmem:              1132 kB
Slab:             124564 kB
SReclaimable:      33028 kB
SUnreclaim:        91536 kB
KernelStack:       33632 kB
PageTables:        56276 kB
NFS_Unstable:          0 kB
Bounce:                0 kB
WritebackTmp:          0 kB
CommitLimit:     2684136 kB
Committed_AS:   139868072 kB
VmallocTotal:   251658176 kB
VmallocUsed:      337480 kB
VmallocChunk:   247561408 kB
Time pass: 348 sec

---2015-10-26 12:50:36
MemTotal:        2746844 kB
MemFree:          109324 kB
Buffers:           89636 kB
Cached:           632228 kB
SwapCached:        27704 kB
Active:           780484 kB
Inactive:         680540 kB
Active(anon):     365952 kB
Inactive(anon):   386808 kB
Active(file):     414532 kB
Inactive(file):   293732 kB
Unevictable:       20976 kB
Mlocked:           13004 kB
SwapTotal:       1310716 kB
SwapFree:         981348 kB
Dirty:               104 kB
Writeback:             0 kB
AnonPages:        753968 kB
Mapped:           319992 kB
Shmem:              1132 kB
Slab:             124564 kB
SReclaimable:      33028 kB
SUnreclaim:        91536 kB
KernelStack:       34304 kB
PageTables:        56828 kB
NFS_Unstable:          0 kB
Bounce:                0 kB
WritebackTmp:          0 kB
CommitLimit:     2684136 kB
Committed_AS:   141130772 kB
VmallocTotal:   251658176 kB
VmallocUsed:      338500 kB
VmallocChunk:   247561408 kB
Time pass: 352 sec

---2015-10-26 12:50:36
MemTotal:        2746844 kB
MemFree:          108632 kB
Buffers:           89636 kB
Cached:           632228 kB
SwapCached:        27704 kB
Active:           780372 kB
Inactive:         680540 kB
Active(anon):     365840 kB
Inactive(anon):   386808 kB
Active(file):     414532 kB
Inactive(file):   293732 kB
Unevictable:       20976 kB
Mlocked:           13004 kB
SwapTotal:       1310716 kB
SwapFree:         981348 kB
Dirty:                 0 kB
Writeback:             0 kB
AnonPages:        753988 kB
Mapped:           320024 kB
Shmem:              1132 kB
Slab:             124564 kB
SReclaimable:      33028 kB
SUnreclaim:        91536 kB
KernelStack:       34304 kB
PageTables:        56836 kB
NFS_Unstable:          0 kB
Bounce:                0 kB
WritebackTmp:          0 kB
CommitLimit:     2684136 kB
Committed_AS:   141130812 kB
VmallocTotal:   251658176 kB
VmallocUsed:      338500 kB
VmallocChunk:   247561408 kB
Time pass: 356 sec

---2015-10-26 12:50:36
MemTotal:        2746844 kB
MemFree:           99900 kB
Buffers:           89664 kB
Cached:           632232 kB
SwapCached:        27704 kB
Active:           791076 kB
Inactive:         679752 kB
Active(anon):     375732 kB
Inactive(anon):   386800 kB
Active(file):     415344 kB
Inactive(file):   292952 kB
Unevictable:       20976 kB
Mlocked:           13004 kB
SwapTotal:       1310716 kB
SwapFree:         981348 kB
Dirty:               184 kB
Writeback:             0 kB
AnonPages:        763968 kB
Mapped:           324512 kB
Shmem:              1132 kB
Slab:             124780 kB
SReclaimable:      33028 kB
SUnreclaim:        91752 kB
KernelStack:       34464 kB
PageTables:        56788 kB
NFS_Unstable:          0 kB
Bounce:                0 kB
WritebackTmp:          0 kB
CommitLimit:     2684136 kB
Committed_AS:   140580108 kB
VmallocTotal:   251658176 kB
VmallocUsed:      338500 kB
VmallocChunk:   247561408 kB
Time pass: 360 sec

---2015-10-26 12:50:36
MemTotal:        2746844 kB
MemFree:          104592 kB
Buffers:           89668 kB
Cached:           632228 kB
SwapCached:        27704 kB
Active:           783764 kB
Inactive:         679752 kB
Active(anon):     368420 kB
Inactive(anon):   386800 kB
Active(file):     415344 kB
Inactive(file):   292952 kB
Unevictable:       20976 kB
Mlocked:           13004 kB
SwapTotal:       1310716 kB
SwapFree:         981348 kB
Dirty:                 0 kB
Writeback:             0 kB
AnonPages:        756456 kB
Mapped:           324672 kB
Shmem:              1132 kB
Slab:             124780 kB
SReclaimable:      33028 kB
SUnreclaim:        91752 kB
KernelStack:       34464 kB
PageTables:        56856 kB
NFS_Unstable:          0 kB
Bounce:                0 kB
WritebackTmp:          0 kB
CommitLimit:     2684136 kB
Committed_AS:   140578988 kB
VmallocTotal:   251658176 kB
VmallocUsed:      338500 kB
VmallocChunk:   247561408 kB
Time pass: 364 sec

---2015-10-26 12:50:36
MemTotal:        2746844 kB
MemFree:          112948 kB
Buffers:           89668 kB
Cached:           632232 kB
SwapCached:        27704 kB
Active:           776176 kB
Inactive:         679752 kB
Active(anon):     360828 kB
Inactive(anon):   386800 kB
Active(file):     415348 kB
Inactive(file):   292952 kB
Unevictable:       20976 kB
Mlocked:           13004 kB
SwapTotal:       1310716 kB
SwapFree:         981348 kB
Dirty:                92 kB
Writeback:             0 kB
AnonPages:        748700 kB
Mapped:           317648 kB
Shmem:              1132 kB
Slab:             124780 kB
SReclaimable:      33028 kB
SUnreclaim:        91752 kB
KernelStack:       33792 kB
PageTables:        56268 kB
NFS_Unstable:          0 kB
Bounce:                0 kB
WritebackTmp:          0 kB
CommitLimit:     2684136 kB
Committed_AS:   139315932 kB
VmallocTotal:   251658176 kB
VmallocUsed:      337480 kB
VmallocChunk:   247561408 kB
Time pass: 368 sec

---2015-10-26 12:50:36
MemTotal:        2746844 kB
MemFree:           99856 kB
Buffers:           89668 kB
Cached:           632232 kB
SwapCached:        27704 kB
Active:           789880 kB
Inactive:         679732 kB
Active(anon):     374516 kB
Inactive(anon):   386796 kB
Active(file):     415364 kB
Inactive(file):   292936 kB
Unevictable:       20976 kB
Mlocked:           13004 kB
SwapTotal:       1310716 kB
SwapFree:         981348 kB
Dirty:               112 kB
Writeback:             0 kB
AnonPages:        762592 kB
Mapped:           324764 kB
Shmem:              1132 kB
Slab:             124780 kB
SReclaimable:      33028 kB
SUnreclaim:        91752 kB
KernelStack:       34464 kB
PageTables:        56864 kB
NFS_Unstable:          0 kB
Bounce:                0 kB
WritebackTmp:          0 kB
CommitLimit:     2684136 kB
Committed_AS:   140579400 kB
VmallocTotal:   251658176 kB
VmallocUsed:      338500 kB
VmallocChunk:   247561408 kB
Time pass: 374 sec

---2015-10-26 12:50:36
MemTotal:        2746844 kB
MemFree:          101896 kB
Buffers:           89672 kB
Cached:           632232 kB
SwapCached:        27704 kB
Active:           787312 kB
Inactive:         679732 kB
Active(anon):     371944 kB
Inactive(anon):   386796 kB
Active(file):     415368 kB
Inactive(file):   292936 kB
Unevictable:       20976 kB
Mlocked:           13004 kB
SwapTotal:       1310716 kB
SwapFree:         981348 kB
Dirty:                56 kB
Writeback:             0 kB
AnonPages:        759608 kB
Mapped:           325552 kB
Shmem:              1132 kB
Slab:             124780 kB
SReclaimable:      33028 kB
SUnreclaim:        91752 kB
KernelStack:       34752 kB
PageTables:        56896 kB
NFS_Unstable:          0 kB
Bounce:                0 kB
WritebackTmp:          0 kB
CommitLimit:     2684136 kB
Committed_AS:   140580000 kB
VmallocTotal:   251658176 kB
VmallocUsed:      338500 kB
VmallocChunk:   247561408 kB
Time pass: 381 sec

---2015-10-26 12:50:36
MemTotal:        2746844 kB
MemFree:          109680 kB
Buffers:           89672 kB
Cached:           632232 kB
SwapCached:        27704 kB
Active:           779916 kB
Inactive:         679728 kB
Active(anon):     364544 kB
Inactive(anon):   386796 kB
Active(file):     415372 kB
Inactive(file):   292932 kB
Unevictable:       20976 kB
Mlocked:           13004 kB
SwapTotal:       1310716 kB
SwapFree:         981348 kB
Dirty:                60 kB
Writeback:             0 kB
AnonPages:        752404 kB
Mapped:           318516 kB
Shmem:              1132 kB
Slab:             124784 kB
SReclaimable:      33028 kB
SUnreclaim:        91756 kB
KernelStack:       34080 kB
PageTables:        56300 kB
NFS_Unstable:          0 kB
Bounce:                0 kB
WritebackTmp:          0 kB
CommitLimit:     2684136 kB
Committed_AS:   139316960 kB
VmallocTotal:   251658176 kB
VmallocUsed:      337480 kB
VmallocChunk:   247561408 kB
Time pass: 386 sec

---2015-10-26 12:50:36
MemTotal:        2746844 kB
MemFree:           97988 kB
Buffers:           89672 kB
Cached:           632304 kB
SwapCached:        27704 kB
Active:           791332 kB
Inactive:         679784 kB
Active(anon):     375944 kB
Inactive(anon):   386864 kB
Active(file):     415388 kB
Inactive(file):   292920 kB
Unevictable:       20976 kB
Mlocked:           13004 kB
SwapTotal:       1310716 kB
SwapFree:         981348 kB
Dirty:                80 kB
Writeback:             0 kB
AnonPages:        763836 kB
Mapped:           325640 kB
Shmem:              1204 kB
Slab:             124784 kB
SReclaimable:      33028 kB
SUnreclaim:        91756 kB
KernelStack:       34608 kB
PageTables:        56860 kB
NFS_Unstable:          0 kB
Bounce:                0 kB
WritebackTmp:          0 kB
CommitLimit:     2684136 kB
Committed_AS:   140579604 kB
VmallocTotal:   251658176 kB
VmallocUsed:      338500 kB
VmallocChunk:   247561408 kB
Time pass: 393 sec

---2015-10-26 12:50:36
MemTotal:        2746844 kB
MemFree:           95896 kB
Buffers:           89672 kB
Cached:           632308 kB
SwapCached:        27704 kB
Active:           793036 kB
Inactive:         679788 kB
Active(anon):     377652 kB
Inactive(anon):   386868 kB
Active(file):     415384 kB
Inactive(file):   292920 kB
Unevictable:       20976 kB
Mlocked:           13004 kB
SwapTotal:       1310716 kB
SwapFree:         981348 kB
Dirty:                28 kB
Writeback:             0 kB
AnonPages:        765556 kB
Mapped:           325624 kB
Shmem:              1208 kB
Slab:             124784 kB
SReclaimable:      33028 kB
SUnreclaim:        91756 kB
KernelStack:       34624 kB
PageTables:        56896 kB
NFS_Unstable:          0 kB
Bounce:                0 kB
WritebackTmp:          0 kB
CommitLimit:     2684136 kB
Committed_AS:   140579836 kB
VmallocTotal:   251658176 kB
VmallocUsed:      338500 kB
VmallocChunk:   247561408 kB
Time pass: 399 sec

---2015-10-26 12:50:36
MemTotal:        2746844 kB
MemFree:          104104 kB
Buffers:           89672 kB
Cached:           632308 kB
SwapCached:        27704 kB
Active:           785888 kB
Inactive:         679784 kB
Active(anon):     370500 kB
Inactive(anon):   386868 kB
Active(file):     415388 kB
Inactive(file):   292916 kB
Unevictable:       20976 kB
Mlocked:           13004 kB
SwapTotal:       1310716 kB
SwapFree:         981348 kB
Dirty:                40 kB
Writeback:             0 kB
AnonPages:        758448 kB
Mapped:           318592 kB
Shmem:              1208 kB
Slab:             124784 kB
SReclaimable:      33028 kB
SUnreclaim:        91756 kB
KernelStack:       33904 kB
PageTables:        56308 kB
NFS_Unstable:          0 kB
Bounce:                0 kB
WritebackTmp:          0 kB
CommitLimit:     2684136 kB
Committed_AS:   139317076 kB
VmallocTotal:   251658176 kB
VmallocUsed:      337480 kB
VmallocChunk:   247561408 kB
Time pass: 405 sec

---2015-10-26 12:50:36
MemTotal:        2746844 kB
MemFree:           94180 kB
Buffers:           89672 kB
Cached:           632312 kB
SwapCached:        27704 kB
Active:           795436 kB
Inactive:         679776 kB
Active(anon):     380032 kB
Inactive(anon):   386872 kB
Active(file):     415404 kB
Inactive(file):   292904 kB
Unevictable:       20976 kB
Mlocked:           13004 kB
SwapTotal:       1310716 kB
SwapFree:         981348 kB
Dirty:                48 kB
Writeback:             0 kB
AnonPages:        768276 kB
Mapped:           325496 kB
Shmem:              1212 kB
Slab:             124784 kB
SReclaimable:      33028 kB
SUnreclaim:        91756 kB
KernelStack:       34512 kB
PageTables:        56884 kB
NFS_Unstable:          0 kB
Bounce:                0 kB
WritebackTmp:          0 kB
CommitLimit:     2684136 kB
Committed_AS:   140579220 kB
VmallocTotal:   251658176 kB
VmallocUsed:      338500 kB
VmallocChunk:   247561408 kB
Time pass: 409 sec

---2015-10-26 12:50:36
MemTotal:        2746844 kB
MemFree:          104420 kB
Buffers:           89676 kB
Cached:           632312 kB
SwapCached:        27704 kB
Active:           784256 kB
Inactive:         679788 kB
Active(anon):     368864 kB
Inactive(anon):   386872 kB
Active(file):     415392 kB
Inactive(file):   292916 kB
Unevictable:       20976 kB
Mlocked:           13004 kB
SwapTotal:       1310716 kB
SwapFree:         981348 kB
Dirty:                40 kB
Writeback:             0 kB
AnonPages:        756924 kB
Mapped:           325400 kB
Shmem:              1212 kB
Slab:             124784 kB
SReclaimable:      33028 kB
SUnreclaim:        91756 kB
KernelStack:       34544 kB
PageTables:        56896 kB
NFS_Unstable:          0 kB
Bounce:                0 kB
WritebackTmp:          0 kB
CommitLimit:     2684136 kB
Committed_AS:   140579332 kB
VmallocTotal:   251658176 kB
VmallocUsed:      338500 kB
VmallocChunk:   247561408 kB
Time pass: 413 sec

---2015-10-26 12:50:36
MemTotal:        2746844 kB
MemFree:          105228 kB
Buffers:           89676 kB
Cached:           632320 kB
SwapCached:        27704 kB
Active:           784156 kB
Inactive:         679788 kB
Active(anon):     368756 kB
Inactive(anon):   386880 kB
Active(file):     415400 kB
Inactive(file):   292908 kB
Unevictable:       20976 kB
Mlocked:           13004 kB
SwapTotal:       1310716 kB
SwapFree:         981348 kB
Dirty:                24 kB
Writeback:             0 kB
AnonPages:        756576 kB
Mapped:           325624 kB
Shmem:              1220 kB
Slab:             124784 kB
SReclaimable:      33028 kB
SUnreclaim:        91756 kB
KernelStack:       34528 kB
PageTables:        56932 kB
NFS_Unstable:          0 kB
Bounce:                0 kB
WritebackTmp:          0 kB
CommitLimit:     2684136 kB
Committed_AS:   140579372 kB
VmallocTotal:   251658176 kB
VmallocUsed:      338500 kB
VmallocChunk:   247561408 kB
Time pass: 417 sec

---2015-10-26 12:50:36
MemTotal:        2746844 kB
MemFree:          104236 kB
Buffers:           89680 kB
Cached:           632300 kB
SwapCached:        27704 kB
Active:           785212 kB
Inactive:         679760 kB
Active(anon):     369800 kB
Inactive(anon):   386876 kB
Active(file):     415412 kB
Inactive(file):   292884 kB
Unevictable:       20976 kB
Mlocked:           13004 kB
SwapTotal:       1310716 kB
SwapFree:         981348 kB
Dirty:                 0 kB
Writeback:             0 kB
AnonPages:        757776 kB
Mapped:           325652 kB
Shmem:              1228 kB
Slab:             124784 kB
SReclaimable:      33028 kB
SUnreclaim:        91756 kB
KernelStack:       34528 kB
PageTables:        56908 kB
NFS_Unstable:          0 kB
Bounce:                0 kB
WritebackTmp:          0 kB
CommitLimit:     2684136 kB
Committed_AS:   140579788 kB
VmallocTotal:   251658176 kB
VmallocUsed:      338500 kB
VmallocChunk:   247561408 kB
Time pass: 422 sec

---2015-10-26 12:50:36
MemTotal:        2746844 kB
MemFree:          110616 kB
Buffers:           89692 kB
Cached:           632328 kB
SwapCached:        27704 kB
Active:           778528 kB
Inactive:         679764 kB
Active(anon):     363084 kB
Inactive(anon):   386884 kB
Active(file):     415444 kB
Inactive(file):   292880 kB
Unevictable:       20976 kB
Mlocked:           13004 kB
SwapTotal:       1310716 kB
SwapFree:         981348 kB
Dirty:                16 kB
Writeback:             0 kB
AnonPages:        750840 kB
Mapped:           325708 kB
Shmem:              1228 kB
Slab:             124784 kB
SReclaimable:      33028 kB
SUnreclaim:        91756 kB
KernelStack:       34512 kB
PageTables:        56860 kB
NFS_Unstable:          0 kB
Bounce:                0 kB
WritebackTmp:          0 kB
CommitLimit:     2684136 kB
Committed_AS:   140579348 kB
VmallocTotal:   251658176 kB
VmallocUsed:      338500 kB
VmallocChunk:   247561408 kB
Time pass: 428 sec

---2015-10-26 12:50:36
MemTotal:        2746844 kB
MemFree:          110400 kB
Buffers:           89696 kB
Cached:           632328 kB
SwapCached:        27704 kB
Active:           777912 kB
Inactive:         679780 kB
Active(anon):     362480 kB
Inactive(anon):   386884 kB
Active(file):     415432 kB
Inactive(file):   292896 kB
Unevictable:       20976 kB
Mlocked:           13004 kB
SwapTotal:       1310716 kB
SwapFree:         981348 kB
Dirty:                68 kB
Writeback:             0 kB
AnonPages:        749936 kB
Mapped:           325716 kB
Shmem:              1228 kB
Slab:             124784 kB
SReclaimable:      33028 kB
SUnreclaim:        91756 kB
KernelStack:       34560 kB
PageTables:        56932 kB
NFS_Unstable:          0 kB
Bounce:                0 kB
WritebackTmp:          0 kB
CommitLimit:     2684136 kB
Committed_AS:   140579364 kB
VmallocTotal:   251658176 kB
VmallocUsed:      338500 kB
VmallocChunk:   247561408 kB
Time pass: 433 sec

---2015-10-26 12:50:36
MemTotal:        2746844 kB
MemFree:          110980 kB
Buffers:           89696 kB
Cached:           632328 kB
SwapCached:        27704 kB
Active:           777944 kB
Inactive:         679780 kB
Active(anon):     362512 kB
Inactive(anon):   386884 kB
Active(file):     415432 kB
Inactive(file):   292896 kB
Unevictable:       20976 kB
Mlocked:           13004 kB
SwapTotal:       1310716 kB
SwapFree:         981348 kB
Dirty:                68 kB
Writeback:             0 kB
AnonPages:        750240 kB
Mapped:           325724 kB
Shmem:              1228 kB
Slab:             124784 kB
SReclaimable:      33028 kB
SUnreclaim:        91756 kB
KernelStack:       34560 kB
PageTables:        56932 kB
NFS_Unstable:          0 kB
Bounce:                0 kB
WritebackTmp:          0 kB
CommitLimit:     2684136 kB
Committed_AS:   140579396 kB
VmallocTotal:   251658176 kB
VmallocUsed:      338500 kB
VmallocChunk:   247561408 kB
Time pass: 436 sec

---2015-10-26 12:50:36
MemTotal:        2746844 kB
MemFree:          109672 kB
Buffers:           89708 kB
Cached:           632328 kB
SwapCached:        27704 kB
Active:           778976 kB
Inactive:         679788 kB
Active(anon):     363540 kB
Inactive(anon):   386884 kB
Active(file):     415436 kB
Inactive(file):   292904 kB
Unevictable:       20976 kB
Mlocked:           13004 kB
SwapTotal:       1310716 kB
SwapFree:         981348 kB
Dirty:                52 kB
Writeback:             0 kB
AnonPages:        751224 kB
Mapped:           325784 kB
Shmem:              1228 kB
Slab:             124784 kB
SReclaimable:      33028 kB
SUnreclaim:        91756 kB
KernelStack:       34560 kB
PageTables:        56940 kB
NFS_Unstable:          0 kB
Bounce:                0 kB
WritebackTmp:          0 kB
CommitLimit:     2684136 kB
Committed_AS:   140579740 kB
VmallocTotal:   251658176 kB
VmallocUsed:      338500 kB
VmallocChunk:   247561408 kB
Time pass: 440 sec

---2015-10-26 12:50:36
MemTotal:        2746844 kB
MemFree:          118584 kB
Buffers:           89708 kB
Cached:           632328 kB
SwapCached:        27704 kB
Active:           771252 kB
Inactive:         679788 kB
Active(anon):     355816 kB
Inactive(anon):   386884 kB
Active(file):     415436 kB
Inactive(file):   292904 kB
Unevictable:       20976 kB
Mlocked:           13004 kB
SwapTotal:       1310716 kB
SwapFree:         981348 kB
Dirty:                56 kB
Writeback:             0 kB
AnonPages:        743656 kB
Mapped:           318744 kB
Shmem:              1228 kB
Slab:             124784 kB
SReclaimable:      33028 kB
SUnreclaim:        91756 kB
KernelStack:       33888 kB
PageTables:        56352 kB
NFS_Unstable:          0 kB
Bounce:                0 kB
WritebackTmp:          0 kB
CommitLimit:     2684136 kB
Committed_AS:   139316632 kB
VmallocTotal:   251658176 kB
VmallocUsed:      337480 kB
VmallocChunk:   247561408 kB
Time pass: 444 sec

---2015-10-26 12:50:36
MemTotal:        2746844 kB
MemFree:          106796 kB
Buffers:           89708 kB
Cached:           632328 kB
SwapCached:        27704 kB
Active:           782060 kB
Inactive:         679780 kB
Active(anon):     366612 kB
Inactive(anon):   386884 kB
Active(file):     415448 kB
Inactive(file):   292896 kB
Unevictable:       20976 kB
Mlocked:           13004 kB
SwapTotal:       1310716 kB
SwapFree:         981348 kB
Dirty:                20 kB
Writeback:             0 kB
AnonPages:        754696 kB
Mapped:           325760 kB
Shmem:              1228 kB
Slab:             124784 kB
SReclaimable:      33028 kB
SUnreclaim:        91756 kB
KernelStack:       34512 kB
PageTables:        56892 kB
NFS_Unstable:          0 kB
Bounce:                0 kB
WritebackTmp:          0 kB
CommitLimit:     2684136 kB
Committed_AS:   140579444 kB
VmallocTotal:   251658176 kB
VmallocUsed:      338500 kB
VmallocChunk:   247561408 kB
Time pass: 448 sec

---2015-10-26 12:50:36
MemTotal:        2746844 kB
MemFree:          105792 kB
Buffers:           89712 kB
Cached:           632328 kB
SwapCached:        27704 kB
Active:           782924 kB
Inactive:         679772 kB
Active(anon):     367468 kB
Inactive(anon):   386884 kB
Active(file):     415456 kB
Inactive(file):   292888 kB
Unevictable:       20976 kB
Mlocked:           13004 kB
SwapTotal:       1310716 kB
SwapFree:         981348 kB
Dirty:                52 kB
Writeback:             0 kB
AnonPages:        755292 kB
Mapped:           325888 kB
Shmem:              1228 kB
Slab:             124788 kB
SReclaimable:      33028 kB
SUnreclaim:        91760 kB
KernelStack:       34544 kB
PageTables:        56924 kB
NFS_Unstable:          0 kB
Bounce:                0 kB
WritebackTmp:          0 kB
CommitLimit:     2684136 kB
Committed_AS:   140579544 kB
VmallocTotal:   251658176 kB
VmallocUsed:      338500 kB
VmallocChunk:   247561408 kB
Time pass: 455 sec

---2015-10-26 12:50:36
MemTotal:        2746844 kB
MemFree:          114132 kB
Buffers:           89720 kB
Cached:           632328 kB
SwapCached:        27704 kB
Active:           775420 kB
Inactive:         679780 kB
Active(anon):     359964 kB
Inactive(anon):   386884 kB
Active(file):     415456 kB
Inactive(file):   292896 kB
Unevictable:       20976 kB
Mlocked:           13004 kB
SwapTotal:       1310716 kB
SwapFree:         981348 kB
Dirty:                12 kB
Writeback:             0 kB
AnonPages:        747964 kB
Mapped:           318668 kB
Shmem:              1228 kB
Slab:             124788 kB
SReclaimable:      33028 kB
SUnreclaim:        91760 kB
KernelStack:       33888 kB
PageTables:        56316 kB
NFS_Unstable:          0 kB
Bounce:                0 kB
WritebackTmp:          0 kB
CommitLimit:     2684136 kB
Committed_AS:   139316772 kB
VmallocTotal:   251658176 kB
VmallocUsed:      337480 kB
VmallocChunk:   247561408 kB
Time pass: 463 sec

---2015-10-26 12:50:36
MemTotal:        2746844 kB
MemFree:          107360 kB
Buffers:           89724 kB
Cached:           632340 kB
SwapCached:        27704 kB
Active:           781120 kB
Inactive:         679772 kB
Active(anon):     365644 kB
Inactive(anon):   386880 kB
Active(file):     415476 kB
Inactive(file):   292892 kB
Unevictable:       20976 kB
Mlocked:           13004 kB
SwapTotal:       1310716 kB
SwapFree:         981348 kB
Dirty:                 0 kB
Writeback:             0 kB
AnonPages:        753396 kB
Mapped:           325736 kB
Shmem:              1228 kB
Slab:             124788 kB
SReclaimable:      33028 kB
SUnreclaim:        91760 kB
KernelStack:       34512 kB
PageTables:        56860 kB
NFS_Unstable:          0 kB
Bounce:                0 kB
WritebackTmp:          0 kB
CommitLimit:     2684136 kB
Committed_AS:   140579268 kB
VmallocTotal:   251658176 kB
VmallocUsed:      338500 kB
VmallocChunk:   247561408 kB
Time pass: 468 sec

---2015-10-26 12:50:36
MemTotal:        2746844 kB
MemFree:          106764 kB
Buffers:           89732 kB
Cached:           632328 kB
SwapCached:        27704 kB
Active:           781520 kB
Inactive:         679780 kB
Active(anon):     366064 kB
Inactive(anon):   386880 kB
Active(file):     415456 kB
Inactive(file):   292900 kB
Unevictable:       20976 kB
Mlocked:           13004 kB
SwapTotal:       1310716 kB
SwapFree:         981348 kB
Dirty:                64 kB
Writeback:             0 kB
AnonPages:        753944 kB
Mapped:           325636 kB
Shmem:              1228 kB
Slab:             124792 kB
SReclaimable:      33028 kB
SUnreclaim:        91764 kB
KernelStack:       34576 kB
PageTables:        56904 kB
NFS_Unstable:          0 kB
Bounce:                0 kB
WritebackTmp:          0 kB
CommitLimit:     2684136 kB
Committed_AS:   140579340 kB
VmallocTotal:   251658176 kB
VmallocUsed:      338500 kB
VmallocChunk:   247561408 kB
Time pass: 472 sec

---2015-10-26 12:50:36
MemTotal:        2746844 kB
MemFree:          106672 kB
Buffers:           89732 kB
Cached:           632328 kB
SwapCached:        27704 kB
Active:           782160 kB
Inactive:         679788 kB
Active(anon):     366704 kB
Inactive(anon):   386880 kB
Active(file):     415456 kB
Inactive(file):   292908 kB
Unevictable:       20976 kB
Mlocked:           13004 kB
SwapTotal:       1310716 kB
SwapFree:         981348 kB
Dirty:                64 kB
Writeback:             0 kB
AnonPages:        754428 kB
Mapped:           325744 kB
Shmem:              1228 kB
Slab:             124792 kB
SReclaimable:      33028 kB
SUnreclaim:        91764 kB
KernelStack:       34576 kB
PageTables:        56936 kB
NFS_Unstable:          0 kB
Bounce:                0 kB
WritebackTmp:          0 kB
CommitLimit:     2684136 kB
Committed_AS:   140579628 kB
VmallocTotal:   251658176 kB
VmallocUsed:      338500 kB
VmallocChunk:   247561408 kB
Time pass: 476 sec

---2015-10-26 12:50:36
MemTotal:        2746844 kB
MemFree:          105640 kB
Buffers:           89740 kB
Cached:           632328 kB
SwapCached:        27704 kB
Active:           782100 kB
Inactive:         679792 kB
Active(anon):     366640 kB
Inactive(anon):   386880 kB
Active(file):     415460 kB
Inactive(file):   292912 kB
Unevictable:       20976 kB
Mlocked:           13004 kB
SwapTotal:       1310716 kB
SwapFree:         981348 kB
Dirty:                40 kB
Writeback:             0 kB
AnonPages:        754708 kB
Mapped:           325708 kB
Shmem:              1228 kB
Slab:             124792 kB
SReclaimable:      33028 kB
SUnreclaim:        91764 kB
KernelStack:       34576 kB
PageTables:        56904 kB
NFS_Unstable:          0 kB
Bounce:                0 kB
WritebackTmp:          0 kB
CommitLimit:     2684136 kB
Committed_AS:   140579808 kB
VmallocTotal:   251658176 kB
VmallocUsed:      338500 kB
VmallocChunk:   247561408 kB
Time pass: 480 sec

---2015-10-26 12:50:36
MemTotal:        2746844 kB
MemFree:          114620 kB
Buffers:           89744 kB
