---2015-10-26 00:17:40
MemTotal:        2582696 kB
MemFree:          216272 kB
Buffers:           15848 kB
Cached:           884224 kB
SwapCached:          820 kB
Active:          1033008 kB
Inactive:         658716 kB
Active(anon):     622920 kB
Inactive(anon):   173432 kB
Active(file):     410088 kB
Inactive(file):   485284 kB
Unevictable:        3920 kB
Mlocked:               0 kB
SwapTotal:        524284 kB
SwapFree:         476284 kB
Dirty:              1708 kB
Writeback:             0 kB
AnonPages:        795024 kB
Mapped:           195836 kB
Shmem:               752 kB
Slab:             107036 kB
SReclaimable:      34040 kB
SUnreclaim:        72996 kB
KernelStack:       34592 kB
PageTables:        34600 kB
NFS_Unstable:          0 kB
Bounce:                0 kB
WritebackTmp:          0 kB
CommitLimit:     1815632 kB
Committed_AS:   97537604 kB
VmallocTotal:   251658176 kB
VmallocUsed:      108136 kB
VmallocChunk:   251440036 kB
Time pass: 3 sec

---2015-10-26 00:17:40
MemTotal:        2582696 kB
MemFree:          216940 kB
Buffers:           15848 kB
Cached:           884224 kB
SwapCached:          820 kB
Active:          1033108 kB
Inactive:         658716 kB
Active(anon):     623020 kB
Inactive(anon):   173432 kB
Active(file):     410088 kB
Inactive(file):   485284 kB
Unevictable:        3920 kB
Mlocked:               0 kB
SwapTotal:        524284 kB
SwapFree:         476284 kB
Dirty:              1708 kB
Writeback:             0 kB
AnonPages:        795056 kB
Mapped:           195884 kB
Shmem:               752 kB
Slab:             107052 kB
SReclaimable:      34056 kB
SUnreclaim:        72996 kB
KernelStack:       34624 kB
PageTables:        34648 kB
NFS_Unstable:          0 kB
Bounce:                0 kB
WritebackTmp:          0 kB
CommitLimit:     1815632 kB
Committed_AS:   97537556 kB
VmallocTotal:   251658176 kB
VmallocUsed:      108136 kB
VmallocChunk:   251440036 kB
Time pass: 7 sec

---2015-10-26 00:17:40
MemTotal:        2582696 kB
MemFree:          217632 kB
Buffers:           15848 kB
Cached:           884232 kB
SwapCached:          820 kB
Active:          1033448 kB
Inactive:         658724 kB
Active(anon):     623360 kB
Inactive(anon):   173432 kB
Active(file):     410088 kB
Inactive(file):   485292 kB
Unevictable:        3920 kB
Mlocked:               0 kB
SwapTotal:        524284 kB
SwapFree:         476284 kB
Dirty:              1756 kB
Writeback:             0 kB
AnonPages:        795320 kB
Mapped:           195668 kB
Shmem:               752 kB
Slab:             107052 kB
SReclaimable:      34056 kB
SUnreclaim:        72996 kB
KernelStack:       34624 kB
PageTables:        34652 kB
NFS_Unstable:          0 kB
Bounce:                0 kB
WritebackTmp:          0 kB
CommitLimit:     1815632 kB
Committed_AS:   97537524 kB
VmallocTotal:   251658176 kB
VmallocUsed:      108136 kB
VmallocChunk:   251440036 kB
Time pass: 11 sec

---2015-10-26 00:17:40
MemTotal:        2582696 kB
MemFree:          217200 kB
Buffers:           15852 kB
Cached:           884232 kB
SwapCached:          820 kB
Active:          1034516 kB
Inactive:         658724 kB
Active(anon):     624428 kB
Inactive(anon):   173432 kB
Active(file):     410088 kB
Inactive(file):   485292 kB
Unevictable:        3920 kB
Mlocked:               0 kB
SwapTotal:        524284 kB
SwapFree:         476284 kB
Dirty:              1728 kB
Writeback:             0 kB
AnonPages:        796460 kB
Mapped:           195892 kB
Shmem:               752 kB
Slab:             107052 kB
SReclaimable:      34056 kB
SUnreclaim:        72996 kB
KernelStack:       34624 kB
PageTables:        34648 kB
NFS_Unstable:          0 kB
Bounce:                0 kB
WritebackTmp:          0 kB
CommitLimit:     1815632 kB
Committed_AS:   97537516 kB
VmallocTotal:   251658176 kB
VmallocUsed:      108136 kB
VmallocChunk:   251440036 kB
Time pass: 14 sec

---2015-10-26 00:17:40
MemTotal:        2582696 kB
MemFree:          216984 kB
Buffers:           15852 kB
Cached:           884232 kB
SwapCached:          820 kB
Active:          1034608 kB
Inactive:         658752 kB
Active(anon):     624516 kB
Inactive(anon):   173432 kB
Active(file):     410092 kB
Inactive(file):   485320 kB
Unevictable:        3920 kB
Mlocked:               0 kB
SwapTotal:        524284 kB
SwapFree:         476284 kB
Dirty:              1728 kB
Writeback:             0 kB
AnonPages:        796576 kB
Mapped:           195896 kB
Shmem:               752 kB
Slab:             107052 kB
SReclaimable:      34056 kB
SUnreclaim:        72996 kB
KernelStack:       34624 kB
PageTables:        34648 kB
NFS_Unstable:          0 kB
Bounce:                0 kB
WritebackTmp:          0 kB
CommitLimit:     1815632 kB
Committed_AS:   97537508 kB
VmallocTotal:   251658176 kB
VmallocUsed:      108136 kB
VmallocChunk:   251440036 kB
Time pass: 18 sec

---2015-10-26 00:17:40
MemTotal:        2582696 kB
MemFree:          218368 kB
Buffers:           15852 kB
Cached:           884232 kB
SwapCached:          820 kB
Active:          1034864 kB
Inactive:         658752 kB
Active(anon):     624772 kB
Inactive(anon):   173432 kB
Active(file):     410092 kB
Inactive(file):   485320 kB
Unevictable:        3920 kB
Mlocked:               0 kB
SwapTotal:        524284 kB
SwapFree:         476284 kB
Dirty:              1708 kB
Writeback:             0 kB
AnonPages:        796608 kB
Mapped:           195984 kB
Shmem:               752 kB
Slab:             107052 kB
SReclaimable:      34056 kB
SUnreclaim:        72996 kB
KernelStack:       34624 kB
PageTables:        34676 kB
NFS_Unstable:          0 kB
Bounce:                0 kB
WritebackTmp:          0 kB
CommitLimit:     1815632 kB
Committed_AS:   97537524 kB
VmallocTotal:   251658176 kB
VmallocUsed:      108136 kB
VmallocChunk:   251440036 kB
Time pass: 21 sec

---2015-10-26 00:17:40
MemTotal:        2582696 kB
MemFree:          219192 kB
Buffers:           15852 kB
Cached:           884232 kB
SwapCached:          820 kB
Active:          1034816 kB
Inactive:         658752 kB
Active(anon):     624724 kB
Inactive(anon):   173432 kB
Active(file):     410092 kB
Inactive(file):   485320 kB
Unevictable:        3920 kB
Mlocked:               0 kB
SwapTotal:        524284 kB
SwapFree:         476284 kB
Dirty:              1708 kB
Writeback:             0 kB
AnonPages:        796720 kB
Mapped:           195904 kB
Shmem:               752 kB
Slab:             107052 kB
SReclaimable:      34056 kB
SUnreclaim:        72996 kB
KernelStack:       34624 kB
PageTables:        34656 kB
NFS_Unstable:          0 kB
Bounce:                0 kB
WritebackTmp:          0 kB
CommitLimit:     1815632 kB
Committed_AS:   97537508 kB
VmallocTotal:   251658176 kB
VmallocUsed:      108136 kB
VmallocChunk:   251440036 kB
Time pass: 25 sec

---2015-10-26 00:17:40
MemTotal:        2582696 kB
MemFree:          220164 kB
Buffers:           15852 kB
Cached:           884232 kB
SwapCached:          820 kB
Active:          1034872 kB
Inactive:         658752 kB
Active(anon):     624780 kB
Inactive(anon):   173432 kB
Active(file):     410092 kB
Inactive(file):   485320 kB
Unevictable:        3920 kB
Mlocked:               0 kB
SwapTotal:        524284 kB
SwapFree:         476284 kB
Dirty:              1708 kB
Writeback:             0 kB
AnonPages:        796820 kB
Mapped:           195908 kB
Shmem:               752 kB
Slab:             107052 kB
SReclaimable:      34056 kB
SUnreclaim:        72996 kB
KernelStack:       34624 kB
PageTables:        34652 kB
NFS_Unstable:          0 kB
Bounce:                0 kB
WritebackTmp:          0 kB
CommitLimit:     1815632 kB
Committed_AS:   97537508 kB
VmallocTotal:   251658176 kB
VmallocUsed:      108136 kB
VmallocChunk:   251440036 kB
Time pass: 29 sec

---2015-10-26 00:17:40
MemTotal:        2582696 kB
MemFree:          217860 kB
Buffers:           15852 kB
Cached:           884232 kB
SwapCached:          820 kB
Active:          1036244 kB
Inactive:         658756 kB
Active(anon):     626156 kB
Inactive(anon):   173432 kB
Active(file):     410088 kB
Inactive(file):   485324 kB
Unevictable:        3920 kB
Mlocked:               0 kB
SwapTotal:        524284 kB
SwapFree:         476284 kB
Dirty:              1712 kB
Writeback:             0 kB
AnonPages:        798092 kB
Mapped:           195996 kB
Shmem:               752 kB
Slab:             107048 kB
SReclaimable:      34056 kB
SUnreclaim:        72992 kB
KernelStack:       34624 kB
PageTables:        34684 kB
NFS_Unstable:          0 kB
Bounce:                0 kB
WritebackTmp:          0 kB
CommitLimit:     1815632 kB
Committed_AS:   97537524 kB
VmallocTotal:   251658176 kB
VmallocUsed:      108136 kB
VmallocChunk:   251440036 kB
Time pass: 36 sec

---2015-10-26 00:17:40
MemTotal:        2582696 kB
MemFree:          218672 kB
Buffers:           15852 kB
Cached:           884232 kB
SwapCached:          820 kB
Active:          1036244 kB
Inactive:         658752 kB
Active(anon):     626152 kB
Inactive(anon):   173432 kB
Active(file):     410092 kB
Inactive(file):   485320 kB
Unevictable:        3920 kB
Mlocked:               0 kB
SwapTotal:        524284 kB
SwapFree:         476284 kB
Dirty:              1708 kB
Writeback:             0 kB
AnonPages:        798232 kB
Mapped:           195916 kB
Shmem:               752 kB
Slab:             107048 kB
SReclaimable:      34056 kB
SUnreclaim:        72992 kB
KernelStack:       34624 kB
PageTables:        34648 kB
NFS_Unstable:          0 kB
Bounce:                0 kB
WritebackTmp:          0 kB
CommitLimit:     1815632 kB
Committed_AS:   97537524 kB
VmallocTotal:   251658176 kB
VmallocUsed:      108136 kB
VmallocChunk:   251440036 kB
Time pass: 40 sec

---2015-10-26 00:17:40
MemTotal:        2582696 kB
MemFree:          219032 kB
Buffers:           15852 kB
Cached:           884232 kB
SwapCached:          820 kB
Active:          1036340 kB
Inactive:         658752 kB
Active(anon):     626248 kB
Inactive(anon):   173432 kB
Active(file):     410092 kB
Inactive(file):   485320 kB
Unevictable:        3920 kB
Mlocked:               0 kB
SwapTotal:        524284 kB
SwapFree:         476284 kB
Dirty:              1708 kB
Writeback:             0 kB
AnonPages:        798288 kB
Mapped:           195920 kB
Shmem:               752 kB
Slab:             107048 kB
SReclaimable:      34056 kB
SUnreclaim:        72992 kB
KernelStack:       34624 kB
PageTables:        34648 kB
NFS_Unstable:          0 kB
Bounce:                0 kB
WritebackTmp:          0 kB
CommitLimit:     1815632 kB
Committed_AS:   97537508 kB
VmallocTotal:   251658176 kB
VmallocUsed:      108136 kB
VmallocChunk:   251440036 kB
Time pass: 43 sec

---2015-10-26 00:17:40
MemTotal:        2582696 kB
MemFree:          219096 kB
Buffers:           15852 kB
Cached:           884232 kB
SwapCached:          820 kB
Active:          1036588 kB
Inactive:         658752 kB
Active(anon):     626496 kB
Inactive(anon):   173432 kB
Active(file):     410092 kB
Inactive(file):   485320 kB
Unevictable:        3920 kB
Mlocked:               0 kB
SwapTotal:        524284 kB
SwapFree:         476284 kB
Dirty:              1708 kB
Writeback:             0 kB
AnonPages:        798336 kB
Mapped:           196008 kB
Shmem:               752 kB
Slab:             107048 kB
SReclaimable:      34056 kB
SUnreclaim:        72992 kB
KernelStack:       34624 kB
PageTables:        34676 kB
NFS_Unstable:          0 kB
Bounce:                0 kB
WritebackTmp:          0 kB
CommitLimit:     1815632 kB
Committed_AS:   97537516 kB
VmallocTotal:   251658176 kB
VmallocUsed:      108136 kB
VmallocChunk:   251440036 kB
Time pass: 47 sec

---2015-10-26 00:17:40
MemTotal:        2582696 kB
MemFree:          219916 kB
Buffers:           15852 kB
Cached:           884236 kB
SwapCached:          820 kB
Active:          1036708 kB
Inactive:         658752 kB
Active(anon):     626616 kB
Inactive(anon):   173432 kB
Active(file):     410092 kB
Inactive(file):   485320 kB
Unevictable:        3920 kB
Mlocked:               0 kB
SwapTotal:        524284 kB
SwapFree:         476284 kB
Dirty:              1712 kB
Writeback:             0 kB
AnonPages:        798480 kB
Mapped:           195924 kB
Shmem:               752 kB
Slab:             107048 kB
SReclaimable:      34056 kB
SUnreclaim:        72992 kB
KernelStack:       34624 kB
PageTables:        34652 kB
NFS_Unstable:          0 kB
Bounce:                0 kB
WritebackTmp:          0 kB
CommitLimit:     1815632 kB
Committed_AS:   97537508 kB
VmallocTotal:   251658176 kB
VmallocUsed:      108136 kB
VmallocChunk:   251440036 kB
Time pass: 51 sec

---2015-10-26 00:17:40
MemTotal:        2582696 kB
MemFree:          219212 kB
Buffers:           15852 kB
Cached:           884240 kB
SwapCached:          820 kB
Active:          1037836 kB
Inactive:         658760 kB
Active(anon):     627744 kB
Inactive(anon):   173432 kB
Active(file):     410092 kB
Inactive(file):   485328 kB
Unevictable:        3920 kB
Mlocked:               0 kB
SwapTotal:        524284 kB
SwapFree:         476284 kB
Dirty:              1708 kB
Writeback:             0 kB
AnonPages:        799824 kB
Mapped:           195932 kB
Shmem:               752 kB
Slab:             107072 kB
SReclaimable:      34056 kB
SUnreclaim:        73016 kB
KernelStack:       34624 kB
PageTables:        34652 kB
NFS_Unstable:          0 kB
Bounce:                0 kB
WritebackTmp:          0 kB
CommitLimit:     1815632 kB
Committed_AS:   97537516 kB
VmallocTotal:   251658176 kB
VmallocUsed:      108136 kB
VmallocChunk:   251440036 kB
Time pass: 54 sec

---2015-10-26 00:17:40
MemTotal:        2582696 kB
MemFree:          218572 kB
Buffers:           15856 kB
Cached:           884240 kB
SwapCached:          820 kB
Active:          1038884 kB
Inactive:         658764 kB
Active(anon):     628796 kB
Inactive(anon):   173432 kB
Active(file):     410088 kB
Inactive(file):   485332 kB
Unevictable:        3920 kB
Mlocked:               0 kB
SwapTotal:        524284 kB
SwapFree:         476284 kB
Dirty:              1732 kB
Writeback:             0 kB
AnonPages:        800756 kB
Mapped:           196020 kB
Shmem:               752 kB
Slab:             107072 kB
SReclaimable:      34056 kB
SUnreclaim:        73016 kB
KernelStack:       34624 kB
PageTables:        34680 kB
NFS_Unstable:          0 kB
Bounce:                0 kB
WritebackTmp:          0 kB
CommitLimit:     1815632 kB
Committed_AS:   97537604 kB
VmallocTotal:   251658176 kB
VmallocUsed:      108136 kB
VmallocChunk:   251440036 kB
Time pass: 58 sec

---2015-10-26 00:17:40
MemTotal:        2582696 kB
MemFree:          219252 kB
Buffers:           15856 kB
Cached:           884240 kB
SwapCached:          820 kB
Active:          1039076 kB
Inactive:         658760 kB
Active(anon):     628980 kB
Inactive(anon):   173432 kB
Active(file):     410096 kB
Inactive(file):   485328 kB
Unevictable:        3920 kB
Mlocked:               0 kB
SwapTotal:        524284 kB
SwapFree:         476284 kB
Dirty:              1708 kB
Writeback:             0 kB
AnonPages:        800956 kB
Mapped:           196024 kB
Shmem:               752 kB
Slab:             107072 kB
SReclaimable:      34056 kB
SUnreclaim:        73016 kB
KernelStack:       34640 kB
PageTables:        34680 kB
NFS_Unstable:          0 kB
Bounce:                0 kB
WritebackTmp:          0 kB
CommitLimit:     1815632 kB
Committed_AS:   97537556 kB
VmallocTotal:   251658176 kB
VmallocUsed:      108136 kB
VmallocChunk:   251440036 kB
Time pass: 62 sec

---2015-10-26 00:17:40
MemTotal:        2582696 kB
MemFree:          219132 kB
Buffers:           15856 kB
Cached:           884240 kB
SwapCached:          820 kB
Active:          1039228 kB
Inactive:         658760 kB
Active(anon):     629132 kB
Inactive(anon):   173432 kB
Active(file):     410096 kB
Inactive(file):   485328 kB
Unevictable:        3920 kB
Mlocked:               0 kB
SwapTotal:        524284 kB
SwapFree:         476284 kB
Dirty:              1708 kB
Writeback:             0 kB
AnonPages:        801120 kB
Mapped:           196024 kB
Shmem:               752 kB
Slab:             107072 kB
SReclaimable:      34056 kB
SUnreclaim:        73016 kB
KernelStack:       34640 kB
PageTables:        34680 kB
NFS_Unstable:          0 kB
Bounce:                0 kB
WritebackTmp:          0 kB
CommitLimit:     1815632 kB
Committed_AS:   97537548 kB
VmallocTotal:   251658176 kB
VmallocUsed:      108136 kB
VmallocChunk:   251440036 kB
Time pass: 65 sec

---2015-10-26 00:17:40
MemTotal:        2582696 kB
MemFree:          219628 kB
Buffers:           15856 kB
Cached:           884240 kB
SwapCached:          820 kB
Active:          1039436 kB
Inactive:         658760 kB
Active(anon):     629340 kB
Inactive(anon):   173432 kB
Active(file):     410096 kB
Inactive(file):   485328 kB
Unevictable:        3920 kB
Mlocked:               0 kB
SwapTotal:        524284 kB
SwapFree:         476284 kB
Dirty:              1708 kB
Writeback:             0 kB
AnonPages:        801272 kB
Mapped:           195944 kB
Shmem:               752 kB
Slab:             107048 kB
SReclaimable:      34056 kB
SUnreclaim:        72992 kB
KernelStack:       34640 kB
PageTables:        34652 kB
NFS_Unstable:          0 kB
Bounce:                0 kB
WritebackTmp:          0 kB
CommitLimit:     1815632 kB
Committed_AS:   97537548 kB
VmallocTotal:   251658176 kB
VmallocUsed:      108136 kB
VmallocChunk:   251440036 kB
Time pass: 69 sec

---2015-10-26 00:17:40
MemTotal:        2582696 kB
MemFree:          219572 kB
Buffers:           15856 kB
Cached:           884244 kB
SwapCached:          820 kB
Active:          1039684 kB
Inactive:         658764 kB
Active(anon):     629588 kB
Inactive(anon):   173432 kB
Active(file):     410096 kB
Inactive(file):   485332 kB
Unevictable:        3920 kB
Mlocked:               0 kB
SwapTotal:        524284 kB
SwapFree:         476284 kB
Dirty:              1712 kB
Writeback:             0 kB
AnonPages:        801444 kB
Mapped:           196032 kB
Shmem:               752 kB
Slab:             107048 kB
SReclaimable:      34056 kB
SUnreclaim:        72992 kB
KernelStack:       34640 kB
PageTables:        34684 kB
NFS_Unstable:          0 kB
Bounce:                0 kB
WritebackTmp:          0 kB
CommitLimit:     1815632 kB
Committed_AS:   97537540 kB
VmallocTotal:   251658176 kB
VmallocUsed:      108136 kB
VmallocChunk:   251440036 kB
Time pass: 73 sec

---2015-10-26 00:17:40
MemTotal:        2582696 kB
MemFree:          218328 kB
Buffers:           15860 kB
Cached:           884244 kB
SwapCached:          820 kB
Active:          1041064 kB
Inactive:         658760 kB
Active(anon):     630964 kB
Inactive(anon):   173432 kB
Active(file):     410100 kB
Inactive(file):   485328 kB
Unevictable:        3920 kB
Mlocked:               0 kB
SwapTotal:        524284 kB
SwapFree:         476284 kB
Dirty:              1728 kB
Writeback:             0 kB
AnonPages:        802980 kB
Mapped:           195732 kB
Shmem:               752 kB
Slab:             107048 kB
SReclaimable:      34056 kB
SUnreclaim:        72992 kB
KernelStack:       34640 kB
PageTables:        34648 kB
NFS_Unstable:          0 kB
Bounce:                0 kB
WritebackTmp:          0 kB
CommitLimit:     1815632 kB
Committed_AS:   97537548 kB
VmallocTotal:   251658176 kB
VmallocUsed:      108136 kB
VmallocChunk:   251440036 kB
Time pass: 76 sec

---2015-10-26 00:17:40
MemTotal:        2582696 kB
MemFree:          218520 kB
Buffers:           15860 kB
Cached:           884244 kB
SwapCached:          820 kB
Active:          1041260 kB
Inactive:         658764 kB
Active(anon):     631160 kB
Inactive(anon):   173432 kB
Active(file):     410100 kB
Inactive(file):   485332 kB
Unevictable:        3920 kB
Mlocked:               0 kB
SwapTotal:        524284 kB
SwapFree:         476284 kB
Dirty:              1704 kB
Writeback:             0 kB
AnonPages:        803156 kB
Mapped:           195952 kB
Shmem:               752 kB
Slab:             107048 kB
SReclaimable:      34056 kB
SUnreclaim:        72992 kB
KernelStack:       34640 kB
PageTables:        34648 kB
NFS_Unstable:          0 kB
Bounce:                0 kB
WritebackTmp:          0 kB
CommitLimit:     1815632 kB
Committed_AS:   97537564 kB
VmallocTotal:   251658176 kB
VmallocUsed:      108136 kB
VmallocChunk:   251440036 kB
Time pass: 80 sec

---2015-10-26 00:17:40
MemTotal:        2582696 kB
MemFree:          218640 kB
Buffers:           15860 kB
Cached:           884244 kB
SwapCached:          820 kB
Active:          1041828 kB
Inactive:         658752 kB
Active(anon):     631716 kB
Inactive(anon):   173432 kB
Active(file):     410112 kB
Inactive(file):   485320 kB
Unevictable:        3920 kB
Mlocked:               0 kB
SwapTotal:        524284 kB
SwapFree:         476284 kB
Dirty:              2912 kB
Writeback:             0 kB
AnonPages:        803968 kB
Mapped:           196200 kB
Shmem:               752 kB
Slab:             107048 kB
SReclaimable:      34056 kB
SUnreclaim:        72992 kB
KernelStack:       34640 kB
PageTables:        34620 kB
NFS_Unstable:          0 kB
Bounce:                0 kB
WritebackTmp:          0 kB
CommitLimit:     1815632 kB
Committed_AS:   97549536 kB
VmallocTotal:   251658176 kB
VmallocUsed:      108136 kB
VmallocChunk:   251440036 kB
Time pass: 84 sec

---2015-10-26 00:17:40
MemTotal:        2582696 kB
MemFree:          218476 kB
Buffers:           15860 kB
Cached:           884264 kB
SwapCached:          820 kB
Active:          1042664 kB
Inactive:         658768 kB
Active(anon):     632548 kB
Inactive(anon):   173432 kB
Active(file):     410116 kB
Inactive(file):   485336 kB
Unevictable:        3920 kB
Mlocked:               0 kB
SwapTotal:        524284 kB
SwapFree:         476284 kB
Dirty:              1748 kB
Writeback:             0 kB
AnonPages:        804480 kB
Mapped:           195984 kB
Shmem:               752 kB
Slab:             107032 kB
SReclaimable:      34040 kB
SUnreclaim:        72992 kB
KernelStack:       34640 kB
PageTables:        34632 kB
NFS_Unstable:          0 kB
Bounce:                0 kB
WritebackTmp:          0 kB
CommitLimit:     1815632 kB
Committed_AS:   97537692 kB
VmallocTotal:   251658176 kB
VmallocUsed:      108136 kB
VmallocChunk:   251440036 kB
Time pass: 87 sec

---2015-10-26 00:17:40
MemTotal:        2582696 kB
MemFree:          110824 kB
Buffers:           15912 kB
Cached:           885452 kB
SwapCached:          836 kB
Active:          1082836 kB
Inactive:         659984 kB
Active(anon):     672656 kB
Inactive(anon):   173344 kB
Active(file):     410180 kB
Inactive(file):   486640 kB
Unevictable:        3920 kB
Mlocked:               0 kB
SwapTotal:        524284 kB
SwapFree:         476304 kB
Dirty:              2836 kB
Writeback:             0 kB
AnonPages:        845280 kB
Mapped:           227072 kB
Shmem:               624 kB
Slab:             107056 kB
SReclaimable:      34048 kB
SUnreclaim:        73008 kB
KernelStack:       35952 kB
PageTables:        35568 kB
NFS_Unstable:          0 kB
Bounce:                0 kB
WritebackTmp:          0 kB
CommitLimit:     1815632 kB
Committed_AS:   98867924 kB
VmallocTotal:   251658176 kB
VmallocUsed:      109720 kB
VmallocChunk:   251440036 kB
Time pass: 91 sec

---2015-10-26 00:17:40
MemTotal:        2582696 kB
MemFree:          124688 kB
Buffers:           15912 kB
Cached:           885392 kB
SwapCached:          836 kB
Active:          1061108 kB
Inactive:         659916 kB
Active(anon):     650920 kB
Inactive(anon):   173344 kB
Active(file):     410188 kB
Inactive(file):   486572 kB
Unevictable:        3920 kB
Mlocked:               0 kB
SwapTotal:        524284 kB
SwapFree:         476304 kB
Dirty:              1892 kB
Writeback:             0 kB
AnonPages:        823116 kB
Mapped:           234972 kB
Shmem:               624 kB
Slab:             107100 kB
SReclaimable:      34044 kB
SUnreclaim:        73056 kB
KernelStack:       35968 kB
PageTables:        35672 kB
NFS_Unstable:          0 kB
Bounce:                0 kB
WritebackTmp:          0 kB
CommitLimit:     1815632 kB
Committed_AS:   98867916 kB
VmallocTotal:   251658176 kB
VmallocUsed:      109868 kB
VmallocChunk:   251440036 kB
Time pass: 94 sec

---2015-10-26 00:17:40
MemTotal:        2582696 kB
MemFree:          109080 kB
Buffers:           15916 kB
Cached:           882796 kB
SwapCached:          836 kB
Active:          1055404 kB
Inactive:         657328 kB
Active(anon):     645276 kB
Inactive(anon):   173348 kB
Active(file):     410128 kB
Inactive(file):   483980 kB
Unevictable:        3920 kB
Mlocked:               0 kB
SwapTotal:        524284 kB
SwapFree:         476304 kB
Dirty:              5232 kB
Writeback:             0 kB
AnonPages:        817252 kB
Mapped:           261252 kB
Shmem:               628 kB
Slab:             107280 kB
SReclaimable:      34256 kB
SUnreclaim:        73024 kB
KernelStack:       36176 kB
PageTables:        35804 kB
NFS_Unstable:          0 kB
Bounce:                0 kB
WritebackTmp:          0 kB
CommitLimit:     1815632 kB
Committed_AS:   98871196 kB
VmallocTotal:   251658176 kB
VmallocUsed:      110316 kB
VmallocChunk:   251440036 kB
Time pass: 98 sec

---2015-10-26 00:17:40
MemTotal:        2582696 kB
MemFree:          114940 kB
Buffers:           15916 kB
Cached:           881968 kB
SwapCached:          836 kB
Active:          1047588 kB
Inactive:         656488 kB
Active(anon):     637392 kB
Inactive(anon):   173348 kB
Active(file):     410196 kB
Inactive(file):   483140 kB
Unevictable:        3920 kB
Mlocked:               0 kB
SwapTotal:        524284 kB
SwapFree:         476304 kB
Dirty:              4560 kB
Writeback:             0 kB
AnonPages:        809524 kB
Mapped:           261832 kB
Shmem:               628 kB
Slab:             107212 kB
SReclaimable:      34164 kB
SUnreclaim:        73048 kB
KernelStack:       36176 kB
PageTables:        35880 kB
NFS_Unstable:          0 kB
Bounce:                0 kB
WritebackTmp:          0 kB
CommitLimit:     1815632 kB
Committed_AS:   98871268 kB
VmallocTotal:   251658176 kB
VmallocUsed:      110412 kB
VmallocChunk:   251440036 kB
Time pass: 101 sec

---2015-10-26 00:17:40
MemTotal:        2582696 kB
MemFree:          114660 kB
Buffers:           15916 kB
Cached:           881968 kB
SwapCached:          836 kB
Active:          1047728 kB
Inactive:         656488 kB
Active(anon):     637532 kB
Inactive(anon):   173348 kB
Active(file):     410196 kB
Inactive(file):   483140 kB
Unevictable:        3920 kB
Mlocked:               0 kB
SwapTotal:        524284 kB
SwapFree:         476304 kB
Dirty:              2140 kB
Writeback:           220 kB
AnonPages:        809584 kB
Mapped:           261916 kB
Shmem:               628 kB
Slab:             107212 kB
SReclaimable:      34164 kB
SUnreclaim:        73048 kB
KernelStack:       36176 kB
PageTables:        35908 kB
NFS_Unstable:          0 kB
Bounce:                0 kB
WritebackTmp:          0 kB
CommitLimit:     1815632 kB
Committed_AS:   98871268 kB
VmallocTotal:   251658176 kB
VmallocUsed:      110412 kB
VmallocChunk:   251440036 kB
Time pass: 105 sec

---2015-10-26 00:17:40
MemTotal:        2582696 kB
MemFree:          114364 kB
Buffers:           15916 kB
Cached:           881972 kB
SwapCached:          836 kB
Active:          1047820 kB
Inactive:         656492 kB
Active(anon):     637624 kB
Inactive(anon):   173348 kB
Active(file):     410196 kB
Inactive(file):   483144 kB
Unevictable:        3920 kB
Mlocked:               0 kB
SwapTotal:        524284 kB
SwapFree:         476304 kB
Dirty:              2060 kB
Writeback:             0 kB
AnonPages:        809680 kB
Mapped:           261916 kB
Shmem:               628 kB
Slab:             107212 kB
SReclaimable:      34164 kB
SUnreclaim:        73048 kB
KernelStack:       36176 kB
PageTables:        35908 kB
NFS_Unstable:          0 kB
Bounce:                0 kB
WritebackTmp:          0 kB
CommitLimit:     1815632 kB
Committed_AS:   98871236 kB
VmallocTotal:   251658176 kB
VmallocUsed:      110412 kB
VmallocChunk:   251440036 kB
Time pass: 109 sec

---2015-10-26 00:17:40
MemTotal:        2582696 kB
MemFree:          108076 kB
Buffers:           15916 kB
Cached:           881832 kB
SwapCached:          836 kB
Active:          1048632 kB
Inactive:         656320 kB
Active(anon):     638404 kB
Inactive(anon):   173348 kB
Active(file):     410228 kB
Inactive(file):   482972 kB
Unevictable:        3920 kB
Mlocked:               0 kB
SwapTotal:        524284 kB
SwapFree:         476304 kB
Dirty:              2600 kB
Writeback:             0 kB
AnonPages:        810544 kB
Mapped:           262588 kB
Shmem:               628 kB
Slab:             107196 kB
SReclaimable:      34164 kB
SUnreclaim:        73032 kB
KernelStack:       36176 kB
PageTables:        35896 kB
NFS_Unstable:          0 kB
Bounce:                0 kB
WritebackTmp:          0 kB
CommitLimit:     1815632 kB
Committed_AS:   98871340 kB
VmallocTotal:   251658176 kB
VmallocUsed:      110484 kB
VmallocChunk:   251440036 kB
Time pass: 112 sec

---2015-10-26 00:17:40
MemTotal:        2582696 kB
MemFree:          107976 kB
Buffers:           15916 kB
Cached:           881848 kB
SwapCached:          836 kB
Active:          1048892 kB
Inactive:         656324 kB
Active(anon):     638660 kB
Inactive(anon):   173348 kB
Active(file):     410232 kB
Inactive(file):   482976 kB
Unevictable:        3920 kB
Mlocked:               0 kB
SwapTotal:        524284 kB
SwapFree:         476304 kB
Dirty:              2080 kB
Writeback:             0 kB
AnonPages:        810816 kB
Mapped:           262388 kB
Shmem:               628 kB
Slab:             107188 kB
SReclaimable:      34164 kB
SUnreclaim:        73024 kB
KernelStack:       36176 kB
PageTables:        35896 kB
NFS_Unstable:          0 kB
Bounce:                0 kB
WritebackTmp:          0 kB
CommitLimit:     1815632 kB
Committed_AS:   98871316 kB
VmallocTotal:   251658176 kB
VmallocUsed:      110484 kB
VmallocChunk:   251440036 kB
Time pass: 116 sec

---2015-10-26 00:17:40
MemTotal:        2582696 kB
MemFree:          106872 kB
Buffers:           15916 kB
Cached:           881848 kB
SwapCached:          836 kB
Active:          1048936 kB
Inactive:         656332 kB
Active(anon):     638704 kB
Inactive(anon):   173348 kB
Active(file):     410232 kB
Inactive(file):   482984 kB
Unevictable:        3920 kB
Mlocked:               0 kB
SwapTotal:        524284 kB
SwapFree:         476304 kB
Dirty:              2068 kB
Writeback:             8 kB
AnonPages:        810816 kB
Mapped:           262608 kB
Shmem:               628 kB
Slab:             107188 kB
SReclaimable:      34164 kB
SUnreclaim:        73024 kB
KernelStack:       36176 kB
PageTables:        35892 kB
NFS_Unstable:          0 kB
Bounce:                0 kB
WritebackTmp:          0 kB
CommitLimit:     1815632 kB
Committed_AS:   98871364 kB
VmallocTotal:   251658176 kB
VmallocUsed:      110484 kB
VmallocChunk:   251440036 kB
Time pass: 120 sec

---2015-10-26 00:17:40
MemTotal:        2582696 kB
MemFree:          117568 kB
Buffers:           15920 kB
Cached:           877316 kB
SwapCached:          836 kB
Active:          1054224 kB
Inactive:         651732 kB
Active(anon):     643932 kB
Inactive(anon):   173348 kB
Active(file):     410292 kB
Inactive(file):   478384 kB
Unevictable:        3920 kB
Mlocked:               0 kB
SwapTotal:        524284 kB
SwapFree:         476304 kB
Dirty:              2700 kB
Writeback:             0 kB
AnonPages:        815928 kB
Mapped:           263988 kB
Shmem:               628 kB
Slab:             107568 kB
SReclaimable:      34436 kB
SUnreclaim:        73132 kB
KernelStack:       36192 kB
PageTables:        35952 kB
NFS_Unstable:          0 kB
Bounce:                0 kB
WritebackTmp:          0 kB
CommitLimit:     1815632 kB
Committed_AS:   98879828 kB
VmallocTotal:   251658176 kB
VmallocUsed:      110656 kB
VmallocChunk:   251440036 kB
Time pass: 124 sec

---2015-10-26 00:17:40
MemTotal:        2582696 kB
MemFree:          117196 kB
Buffers:           15920 kB
Cached:           877332 kB
SwapCached:          836 kB
Active:          1054560 kB
Inactive:         651752 kB
Active(anon):     644260 kB
Inactive(anon):   173348 kB
Active(file):     410300 kB
Inactive(file):   478404 kB
Unevictable:        3920 kB
Mlocked:               0 kB
SwapTotal:        524284 kB
SwapFree:         476304 kB
Dirty:              2168 kB
Writeback:             0 kB
AnonPages:        816208 kB
Mapped:           264396 kB
Shmem:               628 kB
Slab:             107476 kB
SReclaimable:      34292 kB
SUnreclaim:        73184 kB
KernelStack:       36192 kB
PageTables:        35956 kB
NFS_Unstable:          0 kB
Bounce:                0 kB
WritebackTmp:          0 kB
CommitLimit:     1815632 kB
Committed_AS:   98879868 kB
VmallocTotal:   251658176 kB
VmallocUsed:      110656 kB
VmallocChunk:   251440036 kB
Time pass: 127 sec

---2015-10-26 00:17:40
MemTotal:        2582696 kB
MemFree:          116176 kB
Buffers:           15920 kB
Cached:           877336 kB
SwapCached:          836 kB
Active:          1054616 kB
Inactive:         651752 kB
Active(anon):     644316 kB
Inactive(anon):   173348 kB
Active(file):     410300 kB
Inactive(file):   478404 kB
Unevictable:        3920 kB
Mlocked:               0 kB
SwapTotal:        524284 kB
SwapFree:         476304 kB
Dirty:              2160 kB
Writeback:             0 kB
AnonPages:        816392 kB
Mapped:           264184 kB
Shmem:               628 kB
Slab:             107524 kB
SReclaimable:      34292 kB
SUnreclaim:        73232 kB
KernelStack:       36192 kB
PageTables:        35952 kB
NFS_Unstable:          0 kB
Bounce:                0 kB
WritebackTmp:          0 kB
CommitLimit:     1815632 kB
Committed_AS:   98879868 kB
VmallocTotal:   251658176 kB
VmallocUsed:      110656 kB
VmallocChunk:   251440036 kB
Time pass: 131 sec

---2015-10-26 00:17:40
MemTotal:        2582696 kB
MemFree:          108424 kB
Buffers:           15912 kB
Cached:           857084 kB
SwapCached:          836 kB
Active:          1066636 kB
Inactive:         631268 kB
Active(anon):     656116 kB
Inactive(anon):   173460 kB
Active(file):     410520 kB
Inactive(file):   457808 kB
Unevictable:        3920 kB
Mlocked:               0 kB
SwapTotal:        524284 kB
SwapFree:         476304 kB
Dirty:              2208 kB
Writeback:             0 kB
AnonPages:        828368 kB
Mapped:           268676 kB
Shmem:               748 kB
Slab:             107416 kB
SReclaimable:      34080 kB
SUnreclaim:        73336 kB
KernelStack:       36576 kB
PageTables:        36120 kB
NFS_Unstable:          0 kB
Bounce:                0 kB
WritebackTmp:          0 kB
CommitLimit:     1815632 kB
Committed_AS:   98907420 kB
VmallocTotal:   251658176 kB
VmallocUsed:      113188 kB
VmallocChunk:   251440036 kB
Time pass: 135 sec

---2015-10-26 00:17:40
MemTotal:        2582696 kB
MemFree:          110564 kB
Buffers:           15916 kB
Cached:           846888 kB
SwapCached:          836 kB
Active:          1067740 kB
Inactive:         621088 kB
Active(anon):     657232 kB
Inactive(anon):   173624 kB
Active(file):     410508 kB
Inactive(file):   447464 kB
Unevictable:        3920 kB
Mlocked:               0 kB
SwapTotal:        524284 kB
SwapFree:         476304 kB
Dirty:              2164 kB
Writeback:             0 kB
AnonPages:        829224 kB
Mapped:           268888 kB
Shmem:               908 kB
Slab:             107424 kB
SReclaimable:      34096 kB
SUnreclaim:        73328 kB
KernelStack:       36576 kB
PageTables:        36168 kB
NFS_Unstable:          0 kB
Bounce:                0 kB
WritebackTmp:          0 kB
CommitLimit:     1815632 kB
Committed_AS:   98911516 kB
VmallocTotal:   251658176 kB
VmallocUsed:      113188 kB
VmallocChunk:   251440036 kB
Time pass: 138 sec

---2015-10-26 00:17:40
MemTotal:        2582696 kB
MemFree:          110868 kB
Buffers:           15916 kB
Cached:           846892 kB
SwapCached:          836 kB
Active:          1068700 kB
Inactive:         621092 kB
Active(anon):     658188 kB
Inactive(anon):   173628 kB
Active(file):     410512 kB
Inactive(file):   447464 kB
Unevictable:        3920 kB
Mlocked:               0 kB
SwapTotal:        524284 kB
SwapFree:         476304 kB
Dirty:              2156 kB
Writeback:             0 kB
AnonPages:        830168 kB
Mapped:           268876 kB
Shmem:               912 kB
Slab:             107392 kB
SReclaimable:      34064 kB
SUnreclaim:        73328 kB
KernelStack:       36576 kB
PageTables:        36168 kB
NFS_Unstable:          0 kB
Bounce:                0 kB
WritebackTmp:          0 kB
CommitLimit:     1815632 kB
Committed_AS:   98919848 kB
VmallocTotal:   251658176 kB
VmallocUsed:      113188 kB
VmallocChunk:   251440036 kB
Time pass: 142 sec

---2015-10-26 00:17:40
MemTotal:        2582696 kB
MemFree:          341336 kB
Buffers:           15912 kB
Cached:           836924 kB
SwapCached:          840 kB
Active:          1025280 kB
Inactive:         610612 kB
Active(anon):     614328 kB
Inactive(anon):   173356 kB
Active(file):     410952 kB
Inactive(file):   437256 kB
Unevictable:        3920 kB
Mlocked:               0 kB
SwapTotal:        524284 kB
SwapFree:         476304 kB
Dirty:               152 kB
Writeback:             0 kB
AnonPages:        786364 kB
Mapped:           201244 kB
Shmem:               708 kB
Slab:             107112 kB
SReclaimable:      33912 kB
SUnreclaim:        73200 kB
KernelStack:       35136 kB
PageTables:        34780 kB
NFS_Unstable:          0 kB
Bounce:                0 kB
WritebackTmp:          0 kB
CommitLimit:     1815632 kB
Committed_AS:   97547556 kB
VmallocTotal:   251658176 kB
VmallocUsed:      110812 kB
VmallocChunk:   251440036 kB
Time pass: 145 sec

---2015-10-26 00:17:40
MemTotal:        2582696 kB
MemFree:          343044 kB
Buffers:           15912 kB
Cached:           837052 kB
SwapCached:          840 kB
Active:          1022496 kB
Inactive:         610760 kB
Active(anon):     611504 kB
Inactive(anon):   173208 kB
Active(file):     410992 kB
Inactive(file):   437552 kB
Unevictable:        3920 kB
Mlocked:               0 kB
SwapTotal:        524284 kB
SwapFree:         476304 kB
Dirty:               400 kB
Writeback:             0 kB
AnonPages:        783776 kB
Mapped:           201264 kB
Shmem:               488 kB
Slab:             107208 kB
SReclaimable:      34008 kB
SUnreclaim:        73200 kB
KernelStack:       35280 kB
PageTables:        34832 kB
NFS_Unstable:          0 kB
Bounce:                0 kB
WritebackTmp:          0 kB
CommitLimit:     1815632 kB
Committed_AS:   97564164 kB
VmallocTotal:   251658176 kB
VmallocUsed:      110816 kB
VmallocChunk:   251440036 kB
Time pass: 149 sec

---2015-10-26 00:17:40
MemTotal:        2582696 kB
MemFree:          338128 kB
Buffers:           15912 kB
Cached:           837032 kB
SwapCached:          840 kB
Active:          1026688 kB
Inactive:         610756 kB
Active(anon):     615700 kB
Inactive(anon):   173208 kB
Active(file):     410988 kB
Inactive(file):   437548 kB
Unevictable:        3920 kB
Mlocked:               0 kB
SwapTotal:        524284 kB
SwapFree:         476304 kB
Dirty:               240 kB
Writeback:             0 kB
AnonPages:        787728 kB
Mapped:           202760 kB
Shmem:               488 kB
Slab:             107268 kB
SReclaimable:      34072 kB
SUnreclaim:        73196 kB
KernelStack:       35040 kB
PageTables:        35212 kB
NFS_Unstable:          0 kB
Bounce:                0 kB
WritebackTmp:          0 kB
CommitLimit:     1815632 kB
Committed_AS:   104502808 kB
VmallocTotal:   251658176 kB
VmallocUsed:      112856 kB
VmallocChunk:   251440036 kB
Time pass: 152 sec

---2015-10-26 00:17:40
MemTotal:        2582696 kB
MemFree:          343212 kB
Buffers:           15912 kB
Cached:           837032 kB
SwapCached:          840 kB
Active:          1021132 kB
Inactive:         610744 kB
Active(anon):     610136 kB
Inactive(anon):   173204 kB
Active(file):     410996 kB
Inactive(file):   437540 kB
Unevictable:        3920 kB
Mlocked:               0 kB
SwapTotal:        524284 kB
SwapFree:         476304 kB
Dirty:               356 kB
Writeback:             0 kB
AnonPages:        781924 kB
Mapped:           201176 kB
Shmem:               488 kB
Slab:             107280 kB
SReclaimable:      34088 kB
SUnreclaim:        73192 kB
KernelStack:       35312 kB
PageTables:        35076 kB
NFS_Unstable:          0 kB
Bounce:                0 kB
WritebackTmp:          0 kB
CommitLimit:     1815632 kB
Committed_AS:   99937508 kB
VmallocTotal:   251658176 kB
VmallocUsed:      111836 kB
VmallocChunk:   251440036 kB
Time pass: 156 sec

---2015-10-26 00:17:40
MemTotal:        2582696 kB
MemFree:          347356 kB
Buffers:           15912 kB
Cached:           837032 kB
SwapCached:          840 kB
Active:          1017300 kB
Inactive:         610744 kB
Active(anon):     606304 kB
Inactive(anon):   173204 kB
Active(file):     410996 kB
Inactive(file):   437540 kB
Unevictable:        3920 kB
Mlocked:               0 kB
SwapTotal:        524284 kB
SwapFree:         476304 kB
Dirty:               136 kB
Writeback:             0 kB
AnonPages:        778308 kB
Mapped:           201224 kB
Shmem:               488 kB
Slab:             107272 kB
SReclaimable:      34088 kB
SUnreclaim:        73184 kB
KernelStack:       35088 kB
PageTables:        34636 kB
NFS_Unstable:          0 kB
Bounce:                0 kB
WritebackTmp:          0 kB
CommitLimit:     1815632 kB
Committed_AS:   97535704 kB
VmallocTotal:   251658176 kB
VmallocUsed:      108400 kB
VmallocChunk:   251440036 kB
Time pass: 160 sec

---2015-10-26 00:17:40
MemTotal:        2582696 kB
MemFree:          347072 kB
Buffers:           15912 kB
Cached:           837032 kB
SwapCached:          840 kB
Active:          1017312 kB
Inactive:         610744 kB
Active(anon):     606316 kB
Inactive(anon):   173204 kB
Active(file):     410996 kB
Inactive(file):   437540 kB
Unevictable:        3920 kB
Mlocked:               0 kB
SwapTotal:        524284 kB
SwapFree:         476304 kB
Dirty:               156 kB
Writeback:             0 kB
AnonPages:        778408 kB
Mapped:           201208 kB
Shmem:               488 kB
Slab:             107268 kB
SReclaimable:      34088 kB
SUnreclaim:        73180 kB
KernelStack:       35088 kB
PageTables:        34636 kB
NFS_Unstable:          0 kB
Bounce:                0 kB
WritebackTmp:          0 kB
CommitLimit:     1815632 kB
Committed_AS:   97535600 kB
VmallocTotal:   251658176 kB
VmallocUsed:      108400 kB
VmallocChunk:   251440036 kB
Time pass: 163 sec

---2015-10-26 00:17:40
MemTotal:        2582696 kB
MemFree:          346472 kB
Buffers:           15912 kB
Cached:           837040 kB
SwapCached:          840 kB
Active:          1017544 kB
Inactive:         610752 kB
Active(anon):     606548 kB
Inactive(anon):   173204 kB
Active(file):     410996 kB
Inactive(file):   437548 kB
Unevictable:        3920 kB
Mlocked:               0 kB
SwapTotal:        524284 kB
SwapFree:         476304 kB
Dirty:               180 kB
Writeback:             0 kB
AnonPages:        778472 kB
Mapped:           201212 kB
Shmem:               488 kB
Slab:             107268 kB
SReclaimable:      34088 kB
SUnreclaim:        73180 kB
KernelStack:       35088 kB
PageTables:        34636 kB
NFS_Unstable:          0 kB
Bounce:                0 kB
WritebackTmp:          0 kB
CommitLimit:     1815632 kB
Committed_AS:   97535600 kB
VmallocTotal:   251658176 kB
VmallocUsed:      108400 kB
VmallocChunk:   251440036 kB
Time pass: 167 sec

---2015-10-26 00:17:40
MemTotal:        2582696 kB
MemFree:          346056 kB
Buffers:           15916 kB
Cached:           837040 kB
SwapCached:          840 kB
Active:          1017464 kB
Inactive:         610752 kB
Active(anon):     606468 kB
Inactive(anon):   173204 kB
Active(file):     410996 kB
Inactive(file):   437548 kB
Unevictable:        3920 kB
Mlocked:               0 kB
SwapTotal:        524284 kB
SwapFree:         476304 kB
Dirty:               172 kB
Writeback:             0 kB
AnonPages:        778488 kB
Mapped:           201076 kB
Shmem:               488 kB
Slab:             107268 kB
SReclaimable:      34088 kB
SUnreclaim:        73180 kB
KernelStack:       35088 kB
PageTables:        34668 kB
NFS_Unstable:          0 kB
Bounce:                0 kB
WritebackTmp:          0 kB
CommitLimit:     1815632 kB
Committed_AS:   97535592 kB
VmallocTotal:   251658176 kB
VmallocUsed:      108400 kB
VmallocChunk:   251440036 kB
Time pass: 171 sec

---2015-10-26 00:17:40
MemTotal:        2582696 kB
MemFree:          345872 kB
Buffers:           15916 kB
Cached:           837044 kB
SwapCached:          840 kB
Active:          1017540 kB
Inactive:         610752 kB
Active(anon):     606540 kB
Inactive(anon):   173204 kB
Active(file):     411000 kB
Inactive(file):   437548 kB
Unevictable:        3920 kB
Mlocked:               0 kB
SwapTotal:        524284 kB
SwapFree:         476304 kB
Dirty:               196 kB
Writeback:             0 kB
AnonPages:        778628 kB
Mapped:           201224 kB
Shmem:               488 kB
Slab:             107268 kB
SReclaimable:      34088 kB
SUnreclaim:        73180 kB
KernelStack:       35088 kB
PageTables:        34644 kB
NFS_Unstable:          0 kB
Bounce:                0 kB
WritebackTmp:          0 kB
CommitLimit:     1815632 kB
Committed_AS:   97535600 kB
VmallocTotal:   251658176 kB
VmallocUsed:      108400 kB
VmallocChunk:   251440036 kB
Time pass: 174 sec

---2015-10-26 00:17:40
MemTotal:        2582696 kB
MemFree:          226896 kB
Buffers:           15916 kB
Cached:           837488 kB
SwapCached:          840 kB
Active:          1047700 kB
Inactive:         611104 kB
Active(anon):     636832 kB
Inactive(anon):   173208 kB
Active(file):     410868 kB
Inactive(file):   437896 kB
Unevictable:        3920 kB
Mlocked:               0 kB
SwapTotal:        524284 kB
SwapFree:         476304 kB
Dirty:               932 kB
Writeback:            20 kB
AnonPages:        809204 kB
Mapped:           224320 kB
Shmem:               492 kB
Slab:             107560 kB
SReclaimable:      34088 kB
SUnreclaim:        73472 kB
KernelStack:       36128 kB
PageTables:        35512 kB
NFS_Unstable:          0 kB
Bounce:                0 kB
WritebackTmp:          0 kB
CommitLimit:     1815632 kB
Committed_AS:   98850188 kB
VmallocTotal:   251658176 kB
VmallocUsed:      112940 kB
VmallocChunk:   251440036 kB
Time pass: 178 sec

---2015-10-26 00:17:40
MemTotal:        2582696 kB
MemFree:          200288 kB
Buffers:           15920 kB
Cached:           837304 kB
SwapCached:          840 kB
Active:          1032960 kB
Inactive:         611004 kB
Active(anon):     621944 kB
Inactive(anon):   173336 kB
Active(file):     411016 kB
Inactive(file):   437668 kB
Unevictable:        3920 kB
Mlocked:               0 kB
SwapTotal:        524284 kB
SwapFree:         476304 kB
Dirty:               480 kB
Writeback:             0 kB
AnonPages:        793996 kB
Mapped:           229028 kB
Shmem:               620 kB
Slab:             107380 kB
SReclaimable:      34152 kB
SUnreclaim:        73228 kB
KernelStack:       36160 kB
PageTables:        35760 kB
NFS_Unstable:          0 kB
Bounce:                0 kB
WritebackTmp:          0 kB
CommitLimit:     1815632 kB
Committed_AS:   98858316 kB
VmallocTotal:   251658176 kB
VmallocUsed:      109964 kB
VmallocChunk:   251440036 kB
Time pass: 181 sec

---2015-10-26 00:17:40
MemTotal:        2582696 kB
MemFree:          202736 kB
Buffers:           15920 kB
Cached:           837304 kB
SwapCached:          840 kB
Active:          1030096 kB
Inactive:         611004 kB
Active(anon):     619080 kB
Inactive(anon):   173336 kB
Active(file):     411016 kB
Inactive(file):   437668 kB
Unevictable:        3920 kB
Mlocked:               0 kB
SwapTotal:        524284 kB
SwapFree:         476304 kB
Dirty:               260 kB
Writeback:             0 kB
AnonPages:        791244 kB
Mapped:           229084 kB
Shmem:               620 kB
Slab:             107404 kB
SReclaimable:      34152 kB
SUnreclaim:        73252 kB
KernelStack:       36160 kB
PageTables:        35756 kB
NFS_Unstable:          0 kB
Bounce:                0 kB
WritebackTmp:          0 kB
CommitLimit:     1815632 kB
Committed_AS:   98860404 kB
VmallocTotal:   251658176 kB
VmallocUsed:      109964 kB
VmallocChunk:   251440036 kB
Time pass: 185 sec

---2015-10-26 00:17:40
MemTotal:        2582696 kB
MemFree:          128472 kB
Buffers:           15920 kB
Cached:           837492 kB
SwapCached:          840 kB
Active:          1043432 kB
Inactive:         611148 kB
Active(anon):     632372 kB
Inactive(anon):   173340 kB
Active(file):     411060 kB
Inactive(file):   437808 kB
Unevictable:        3920 kB
Mlocked:               0 kB
SwapTotal:        524284 kB
SwapFree:         476304 kB
Dirty:              2112 kB
Writeback:             0 kB
AnonPages:        804460 kB
Mapped:           262724 kB
Shmem:               624 kB
Slab:             107380 kB
SReclaimable:      34152 kB
SUnreclaim:        73228 kB
KernelStack:       36352 kB
PageTables:        35952 kB
NFS_Unstable:          0 kB
Bounce:                0 kB
WritebackTmp:          0 kB
CommitLimit:     1815632 kB
Committed_AS:   98861268 kB
VmallocTotal:   251658176 kB
VmallocUsed:      110452 kB
VmallocChunk:   251440036 kB
Time pass: 188 sec

---2015-10-26 00:17:40
MemTotal:        2582696 kB
MemFree:          128748 kB
Buffers:           15924 kB
Cached:           837504 kB
SwapCached:          840 kB
Active:          1043576 kB
Inactive:         611156 kB
Active(anon):     632512 kB
Inactive(anon):   173340 kB
Active(file):     411064 kB
Inactive(file):   437816 kB
Unevictable:        3920 kB
Mlocked:               0 kB
SwapTotal:        524284 kB
SwapFree:         476304 kB
Dirty:               384 kB
Writeback:             0 kB
AnonPages:        804632 kB
Mapped:           262736 kB
Shmem:               624 kB
Slab:             107380 kB
SReclaimable:      34152 kB
SUnreclaim:        73228 kB
KernelStack:       36336 kB
PageTables:        35912 kB
NFS_Unstable:          0 kB
Bounce:                0 kB
WritebackTmp:          0 kB
CommitLimit:     1815632 kB
Committed_AS:   98861316 kB
VmallocTotal:   251658176 kB
VmallocUsed:      110452 kB
VmallocChunk:   251440036 kB
Time pass: 192 sec

---2015-10-26 00:17:40
MemTotal:        2582696 kB
MemFree:          112340 kB
Buffers:           15924 kB
Cached:           837656 kB
SwapCached:          840 kB
Active:          1047116 kB
Inactive:         611292 kB
Active(anon):     636032 kB
Inactive(anon):   173340 kB
Active(file):     411084 kB
Inactive(file):   437952 kB
Unevictable:        3920 kB
Mlocked:               0 kB
SwapTotal:        524284 kB
SwapFree:         476304 kB
Dirty:               784 kB
Writeback:             0 kB
AnonPages:        807988 kB
Mapped:           269968 kB
Shmem:               624 kB
Slab:             107388 kB
SReclaimable:      34152 kB
SUnreclaim:        73236 kB
KernelStack:       36336 kB
PageTables:        35928 kB
NFS_Unstable:          0 kB
Bounce:                0 kB
WritebackTmp:          0 kB
CommitLimit:     1815632 kB
Committed_AS:   98861380 kB
VmallocTotal:   251658176 kB
VmallocUsed:      110516 kB
VmallocChunk:   251440036 kB
Time pass: 196 sec

---2015-10-26 00:17:40
MemTotal:        2582696 kB
MemFree:          116924 kB
Buffers:           15924 kB
Cached:           836792 kB
SwapCached:          840 kB
Active:          1051448 kB
Inactive:         610448 kB
Active(anon):     640344 kB
Inactive(anon):   173340 kB
Active(file):     411104 kB
Inactive(file):   437108 kB
Unevictable:        3920 kB
Mlocked:               0 kB
SwapTotal:        524284 kB
SwapFree:         476304 kB
Dirty:               976 kB
Writeback:             0 kB
AnonPages:        812408 kB
Mapped:           272224 kB
Shmem:               624 kB
Slab:             107312 kB
SReclaimable:      34104 kB
SUnreclaim:        73208 kB
KernelStack:       36336 kB
PageTables:        35948 kB
NFS_Unstable:          0 kB
Bounce:                0 kB
WritebackTmp:          0 kB
CommitLimit:     1815632 kB
Committed_AS:   98869876 kB
VmallocTotal:   251658176 kB
VmallocUsed:      110664 kB
VmallocChunk:   251440036 kB
Time pass: 200 sec

---2015-10-26 00:17:40
MemTotal:        2582696 kB
MemFree:          116000 kB
Buffers:           15924 kB
Cached:           836740 kB
SwapCached:          840 kB
Active:          1052112 kB
Inactive:         610348 kB
Active(anon):     641004 kB
Inactive(anon):   173340 kB
Active(file):     411108 kB
Inactive(file):   437008 kB
Unevictable:        3920 kB
Mlocked:               0 kB
SwapTotal:        524284 kB
SwapFree:         476304 kB
Dirty:              1000 kB
Writeback:             0 kB
AnonPages:        813120 kB
Mapped:           272656 kB
Shmem:               624 kB
Slab:             107400 kB
SReclaimable:      34184 kB
SUnreclaim:        73216 kB
KernelStack:       36368 kB
PageTables:        35996 kB
NFS_Unstable:          0 kB
Bounce:                0 kB
WritebackTmp:          0 kB
CommitLimit:     1815632 kB
Committed_AS:   98870044 kB
VmallocTotal:   251658176 kB
VmallocUsed:      110664 kB
VmallocChunk:   251440036 kB
Time pass: 203 sec

---2015-10-26 00:17:40
MemTotal:        2582696 kB
MemFree:          108200 kB
Buffers:           15924 kB
Cached:           834760 kB
SwapCached:          840 kB
Active:          1063576 kB
Inactive:         608256 kB
Active(anon):     652468 kB
Inactive(anon):   173484 kB
Active(file):     411108 kB
Inactive(file):   434772 kB
Unevictable:        3920 kB
Mlocked:               0 kB
SwapTotal:        524284 kB
SwapFree:         476304 kB
Dirty:               592 kB
Writeback:             0 kB
AnonPages:        824500 kB
Mapped:           275856 kB
Shmem:               804 kB
Slab:             107640 kB
SReclaimable:      34212 kB
SUnreclaim:        73428 kB
KernelStack:       36736 kB
PageTables:        36164 kB
NFS_Unstable:          0 kB
Bounce:                0 kB
WritebackTmp:          0 kB
CommitLimit:     1815632 kB
Committed_AS:   98901772 kB
VmallocTotal:   251658176 kB
VmallocUsed:      113196 kB
VmallocChunk:   251440036 kB
Time pass: 207 sec

---2015-10-26 00:17:40
MemTotal:        2582696 kB
MemFree:          129788 kB
Buffers:           15928 kB
Cached:           832436 kB
SwapCached:          840 kB
Active:          1064116 kB
Inactive:         606044 kB
Active(anon):     653008 kB
Inactive(anon):   173524 kB
Active(file):     411108 kB
Inactive(file):   432520 kB
Unevictable:        3920 kB
Mlocked:               0 kB
SwapTotal:        524284 kB
SwapFree:         476304 kB
Dirty:               616 kB
Writeback:             0 kB
AnonPages:        824840 kB
Mapped:           275276 kB
Shmem:               816 kB
Slab:             107472 kB
SReclaimable:      34100 kB
SUnreclaim:        73372 kB
KernelStack:       36608 kB
PageTables:        36160 kB
NFS_Unstable:          0 kB
Bounce:                0 kB
WritebackTmp:          0 kB
CommitLimit:     1815632 kB
Committed_AS:   98905724 kB
VmallocTotal:   251658176 kB
VmallocUsed:      113028 kB
VmallocChunk:   251440036 kB
Time pass: 210 sec

---2015-10-26 00:17:40
MemTotal:        2582696 kB
MemFree:          129020 kB
Buffers:           15928 kB
Cached:           832460 kB
SwapCached:          840 kB
Active:          1065964 kB
Inactive:         606068 kB
Active(anon):     654856 kB
Inactive(anon):   173532 kB
Active(file):     411108 kB
Inactive(file):   432536 kB
Unevictable:        3920 kB
Mlocked:               0 kB
SwapTotal:        524284 kB
SwapFree:         476304 kB
Dirty:               648 kB
Writeback:             0 kB
AnonPages:        826828 kB
Mapped:           275312 kB
Shmem:               824 kB
Slab:             107504 kB
SReclaimable:      34132 kB
SUnreclaim:        73372 kB
KernelStack:       36608 kB
PageTables:        36152 kB
NFS_Unstable:          0 kB
Bounce:                0 kB
WritebackTmp:          0 kB
CommitLimit:     1815632 kB
Committed_AS:   98905548 kB
VmallocTotal:   251658176 kB
VmallocUsed:      113028 kB
VmallocChunk:   251440036 kB
Time pass: 215 sec

---2015-10-26 00:17:40
MemTotal:        2582696 kB
MemFree:          126644 kB
Buffers:           15932 kB
Cached:           832500 kB
SwapCached:          840 kB
Active:          1067616 kB
Inactive:         606104 kB
Active(anon):     656500 kB
Inactive(anon):   173568 kB
Active(file):     411116 kB
Inactive(file):   432536 kB
Unevictable:        3920 kB
Mlocked:               0 kB
SwapTotal:        524284 kB
SwapFree:         476304 kB
Dirty:               648 kB
Writeback:             0 kB
AnonPages:        828636 kB
Mapped:           275756 kB
Shmem:               860 kB
Slab:             107500 kB
SReclaimable:      34132 kB
SUnreclaim:        73368 kB
KernelStack:       36640 kB
PageTables:        36160 kB
NFS_Unstable:          0 kB
Bounce:                0 kB
WritebackTmp:          0 kB
CommitLimit:     1815632 kB
Committed_AS:   98905756 kB
VmallocTotal:   251658176 kB
VmallocUsed:      113028 kB
VmallocChunk:   251440036 kB
Time pass: 218 sec

---2015-10-26 00:17:40
MemTotal:        2582696 kB
MemFree:          125708 kB
Buffers:           15932 kB
Cached:           832504 kB
SwapCached:          840 kB
Active:          1069296 kB
Inactive:         606104 kB
Active(anon):     658176 kB
Inactive(anon):   173572 kB
Active(file):     411120 kB
Inactive(file):   432532 kB
Unevictable:        3920 kB
Mlocked:               0 kB
SwapTotal:        524284 kB
SwapFree:         476304 kB
Dirty:               600 kB
Writeback:             0 kB
AnonPages:        830408 kB
Mapped:           275560 kB
Shmem:               864 kB
Slab:             107508 kB
SReclaimable:      34132 kB
SUnreclaim:        73376 kB
KernelStack:       36624 kB
PageTables:        35948 kB
NFS_Unstable:          0 kB
Bounce:                0 kB
WritebackTmp:          0 kB
CommitLimit:     1815632 kB
Committed_AS:   98905588 kB
VmallocTotal:   251658176 kB
VmallocUsed:      113028 kB
VmallocChunk:   251440036 kB
Time pass: 222 sec

---2015-10-26 00:17:40
MemTotal:        2582696 kB
MemFree:          124892 kB
Buffers:           15932 kB
Cached:           832504 kB
SwapCached:          840 kB
Active:          1070100 kB
Inactive:         606104 kB
Active(anon):     658980 kB
Inactive(anon):   173572 kB
Active(file):     411120 kB
Inactive(file):   432532 kB
Unevictable:        3920 kB
Mlocked:               0 kB
SwapTotal:        524284 kB
SwapFree:         476304 kB
Dirty:               600 kB
Writeback:             0 kB
AnonPages:        831060 kB
Mapped:           275736 kB
Shmem:               864 kB
Slab:             107508 kB
SReclaimable:      34132 kB
SUnreclaim:        73376 kB
KernelStack:       36704 kB
PageTables:        36172 kB
NFS_Unstable:          0 kB
Bounce:                0 kB
WritebackTmp:          0 kB
CommitLimit:     1815632 kB
Committed_AS:   98905740 kB
VmallocTotal:   251658176 kB
VmallocUsed:      113028 kB
VmallocChunk:   251440036 kB
Time pass: 225 sec

---2015-10-26 00:17:40
MemTotal:        2582696 kB
MemFree:          123108 kB
Buffers:           15932 kB
Cached:           832532 kB
SwapCached:          840 kB
Active:          1071688 kB
Inactive:         606128 kB
Active(anon):     660564 kB
Inactive(anon):   173600 kB
Active(file):     411124 kB
Inactive(file):   432528 kB
Unevictable:        3920 kB
Mlocked:               0 kB
SwapTotal:        524284 kB
SwapFree:         476304 kB
Dirty:               608 kB
Writeback:             0 kB
AnonPages:        832832 kB
Mapped:           275780 kB
Shmem:               892 kB
Slab:             107528 kB
SReclaimable:      34148 kB
SUnreclaim:        73380 kB
KernelStack:       36640 kB
PageTables:        36208 kB
NFS_Unstable:          0 kB
Bounce:                0 kB
WritebackTmp:          0 kB
CommitLimit:     1815632 kB
Committed_AS:   98905580 kB
VmallocTotal:   251658176 kB
VmallocUsed:      113028 kB
VmallocChunk:   251440036 kB
Time pass: 229 sec

---2015-10-26 00:17:40
MemTotal:        2582696 kB
MemFree:          123196 kB
Buffers:           15932 kB
Cached:           832540 kB
SwapCached:          840 kB
Active:          1072124 kB
Inactive:         606144 kB
Active(anon):     661008 kB
Inactive(anon):   173608 kB
Active(file):     411116 kB
Inactive(file):   432536 kB
Unevictable:        3920 kB
Mlocked:               0 kB
SwapTotal:        524284 kB
SwapFree:         476304 kB
Dirty:               620 kB
Writeback:             0 kB
AnonPages:        833148 kB
Mapped:           275868 kB
Shmem:               900 kB
Slab:             107584 kB
SReclaimable:      34148 kB
SUnreclaim:        73436 kB
KernelStack:       36208 kB
PageTables:        36152 kB
NFS_Unstable:          0 kB
Bounce:                0 kB
WritebackTmp:          0 kB
CommitLimit:     1815632 kB
Committed_AS:   98904756 kB
VmallocTotal:   251658176 kB
VmallocUsed:      113028 kB
VmallocChunk:   251440036 kB
Time pass: 233 sec

---2015-10-26 00:17:40
MemTotal:        2582696 kB
MemFree:          121008 kB
Buffers:           15932 kB
Cached:           832540 kB
SwapCached:          840 kB
Active:          1073768 kB
Inactive:         606144 kB
Active(anon):     662652 kB
Inactive(anon):   173608 kB
Active(file):     411116 kB
Inactive(file):   432536 kB
Unevictable:        3920 kB
Mlocked:               0 kB
SwapTotal:        524284 kB
SwapFree:         476304 kB
Dirty:               620 kB
Writeback:             0 kB
AnonPages:        834812 kB
Mapped:           275668 kB
Shmem:               900 kB
Slab:             107520 kB
SReclaimable:      34148 kB
SUnreclaim:        73372 kB
KernelStack:       36224 kB
PageTables:        36148 kB
NFS_Unstable:          0 kB
Bounce:                0 kB
WritebackTmp:          0 kB
CommitLimit:     1815632 kB
Committed_AS:   98904804 kB
VmallocTotal:   251658176 kB
VmallocUsed:      113028 kB
VmallocChunk:   251440036 kB
Time pass: 236 sec

---2015-10-26 00:17:40
MemTotal:        2582696 kB
MemFree:          119400 kB
Buffers:           15932 kB
Cached:           832540 kB
SwapCached:          840 kB
Active:          1075512 kB
Inactive:         606156 kB
Active(anon):     664408 kB
Inactive(anon):   173608 kB
Active(file):     411104 kB
Inactive(file):   432548 kB
Unevictable:        3920 kB
Mlocked:               0 kB
SwapTotal:        524284 kB
SwapFree:         476304 kB
Dirty:               652 kB
Writeback:             0 kB
AnonPages:        836596 kB
Mapped:           275788 kB
Shmem:               900 kB
Slab:             107520 kB
SReclaimable:      34148 kB
SUnreclaim:        73372 kB
KernelStack:       36192 kB
PageTables:        36152 kB
NFS_Unstable:          0 kB
Bounce:                0 kB
WritebackTmp:          0 kB
CommitLimit:     1815632 kB
Committed_AS:   98904740 kB
VmallocTotal:   251658176 kB
VmallocUsed:      113028 kB
VmallocChunk:   251440036 kB
Time pass: 240 sec

---2015-10-26 00:17:40
MemTotal:        2582696 kB
MemFree:          118656 kB
Buffers:           15932 kB
Cached:           832544 kB
SwapCached:          840 kB
Active:          1075800 kB
Inactive:         606140 kB
Active(anon):     664676 kB
Inactive(anon):   173612 kB
Active(file):     411124 kB
Inactive(file):   432528 kB
Unevictable:        3920 kB
Mlocked:               0 kB
SwapTotal:        524284 kB
SwapFree:         476304 kB
Dirty:               632 kB
Writeback:             0 kB
AnonPages:        836956 kB
Mapped:           275852 kB
Shmem:               904 kB
Slab:             107528 kB
SReclaimable:      34148 kB
SUnreclaim:        73380 kB
KernelStack:       36288 kB
PageTables:        36156 kB
NFS_Unstable:          0 kB
Bounce:                0 kB
WritebackTmp:          0 kB
CommitLimit:     1815632 kB
Committed_AS:   98904636 kB
VmallocTotal:   251658176 kB
VmallocUsed:      113040 kB
VmallocChunk:   251440036 kB
Time pass: 243 sec

---2015-10-26 00:17:40
MemTotal:        2582696 kB
MemFree:          116016 kB
Buffers:           15932 kB
Cached:           832536 kB
SwapCached:          840 kB
Active:          1077820 kB
Inactive:         606148 kB
Active(anon):     666712 kB
Inactive(anon):   173612 kB
Active(file):     411108 kB
Inactive(file):   432536 kB
Unevictable:        3920 kB
Mlocked:               0 kB
SwapTotal:        524284 kB
SwapFree:         476304 kB
Dirty:               624 kB
Writeback:             0 kB
AnonPages:        839020 kB
Mapped:           275808 kB
Shmem:               904 kB
Slab:             107544 kB
SReclaimable:      34164 kB
SUnreclaim:        73380 kB
KernelStack:       36160 kB
PageTables:        36160 kB
NFS_Unstable:          0 kB
Bounce:                0 kB
WritebackTmp:          0 kB
CommitLimit:     1815632 kB
Committed_AS:   98908916 kB
VmallocTotal:   251658176 kB
VmallocUsed:      113040 kB
VmallocChunk:   251440036 kB
Time pass: 247 sec

---2015-10-26 00:17:40
MemTotal:        2582696 kB
MemFree:          115504 kB
Buffers:           15932 kB
Cached:           832620 kB
SwapCached:          840 kB
Active:          1078568 kB
Inactive:         606224 kB
Active(anon):     667452 kB
Inactive(anon):   173688 kB
Active(file):     411116 kB
Inactive(file):   432536 kB
Unevictable:        3920 kB
Mlocked:               0 kB
SwapTotal:        524284 kB
SwapFree:         476304 kB
Dirty:               628 kB
Writeback:             0 kB
AnonPages:        839548 kB
Mapped:           275884 kB
Shmem:               980 kB
Slab:             107584 kB
SReclaimable:      34164 kB
SUnreclaim:        73420 kB
KernelStack:       36208 kB
PageTables:        36168 kB
NFS_Unstable:          0 kB
Bounce:                0 kB
WritebackTmp:          0 kB
CommitLimit:     1815632 kB
Committed_AS:   98908916 kB
VmallocTotal:   251658176 kB
VmallocUsed:      113040 kB
VmallocChunk:   251440036 kB
Time pass: 251 sec

---2015-10-26 00:17:40
MemTotal:        2582696 kB
MemFree:          113796 kB
Buffers:           15932 kB
Cached:           832628 kB
SwapCached:          840 kB
Active:          1080076 kB
Inactive:         606224 kB
Active(anon):     668952 kB
Inactive(anon):   173692 kB
Active(file):     411124 kB
Inactive(file):   432532 kB
Unevictable:        3920 kB
Mlocked:               0 kB
SwapTotal:        524284 kB
SwapFree:         476304 kB
Dirty:               636 kB
Writeback:             0 kB
AnonPages:        841228 kB
Mapped:           275992 kB
Shmem:               984 kB
Slab:             107584 kB
SReclaimable:      34164 kB
SUnreclaim:        73420 kB
KernelStack:       36192 kB
PageTables:        36168 kB
NFS_Unstable:          0 kB
Bounce:                0 kB
WritebackTmp:          0 kB
CommitLimit:     1815632 kB
Committed_AS:   98908732 kB
VmallocTotal:   251658176 kB
VmallocUsed:      113040 kB
VmallocChunk:   251440036 kB
Time pass: 254 sec

---2015-10-26 00:17:40
MemTotal:        2582696 kB
MemFree:          112912 kB
Buffers:           15936 kB
Cached:           832628 kB
SwapCached:          840 kB
Active:          1080384 kB
Inactive:         606236 kB
Active(anon):     669268 kB
Inactive(anon):   173692 kB
Active(file):     411116 kB
Inactive(file):   432544 kB
Unevictable:        3920 kB
Mlocked:               0 kB
SwapTotal:        524284 kB
SwapFree:         476304 kB
Dirty:               632 kB
Writeback:             0 kB
AnonPages:        841236 kB
Mapped:           276488 kB
Shmem:               984 kB
Slab:             107580 kB
SReclaimable:      34164 kB
SUnreclaim:        73416 kB
KernelStack:       36224 kB
PageTables:        35952 kB
NFS_Unstable:          0 kB
Bounce:                0 kB
WritebackTmp:          0 kB
CommitLimit:     1815632 kB
Committed_AS:   98903524 kB
VmallocTotal:   251658176 kB
VmallocUsed:      113040 kB
VmallocChunk:   251440036 kB
Time pass: 258 sec

---2015-10-26 00:17:40
MemTotal:        2582696 kB
MemFree:          113424 kB
Buffers:           15936 kB
Cached:           832628 kB
SwapCached:          840 kB
Active:          1080176 kB
Inactive:         606228 kB
Active(anon):     669052 kB
Inactive(anon):   173684 kB
Active(file):     411124 kB
Inactive(file):   432544 kB
Unevictable:        3920 kB
Mlocked:               0 kB
SwapTotal:        524284 kB
SwapFree:         476304 kB
Dirty:               624 kB
Writeback:             0 kB
AnonPages:        841200 kB
Mapped:           276460 kB
Shmem:               976 kB
Slab:             107572 kB
SReclaimable:      34164 kB
SUnreclaim:        73408 kB
KernelStack:       36192 kB
PageTables:        36176 kB
NFS_Unstable:          0 kB
Bounce:                0 kB
WritebackTmp:          0 kB
CommitLimit:     1815632 kB
Committed_AS:   98903428 kB
VmallocTotal:   251658176 kB
VmallocUsed:      113040 kB
VmallocChunk:   251440036 kB
Time pass: 261 sec

---2015-10-26 00:17:40
MemTotal:        2582696 kB
MemFree:          126080 kB
Buffers:           15940 kB
Cached:           832668 kB
SwapCached:          840 kB
Active:          1067420 kB
Inactive:         606268 kB
Active(anon):     656292 kB
Inactive(anon):   173716 kB
Active(file):     411128 kB
Inactive(file):   432552 kB
Unevictable:        3920 kB
Mlocked:               0 kB
SwapTotal:        524284 kB
SwapFree:         476304 kB
Dirty:               676 kB
Writeback:             0 kB
AnonPages:        828668 kB
Mapped:           276500 kB
Shmem:              1008 kB
Slab:             107544 kB
SReclaimable:      34180 kB
SUnreclaim:        73364 kB
KernelStack:       36160 kB
PageTables:        36172 kB
NFS_Unstable:          0 kB
Bounce:                0 kB
WritebackTmp:          0 kB
CommitLimit:     1815632 kB
Committed_AS:   98903380 kB
VmallocTotal:   251658176 kB
VmallocUsed:      113040 kB
VmallocChunk:   251440036 kB
Time pass: 265 sec

---2015-10-26 00:17:40
MemTotal:        2582696 kB
MemFree:          126336 kB
Buffers:           15940 kB
Cached:           832668 kB
SwapCached:          840 kB
Active:          1066504 kB
Inactive:         606272 kB
Active(anon):     655380 kB
Inactive(anon):   173716 kB
Active(file):     411124 kB
Inactive(file):   432556 kB
Unevictable:        3920 kB
Mlocked:               0 kB
SwapTotal:        524284 kB
SwapFree:         476304 kB
Dirty:               712 kB
Writeback:             0 kB
AnonPages:        827440 kB
Mapped:           276404 kB
Shmem:              1008 kB
Slab:             107576 kB
SReclaimable:      34180 kB
SUnreclaim:        73396 kB
KernelStack:       36192 kB
PageTables:        36172 kB
NFS_Unstable:          0 kB
Bounce:                0 kB
WritebackTmp:          0 kB
CommitLimit:     1815632 kB
Committed_AS:   98903460 kB
VmallocTotal:   251658176 kB
VmallocUsed:      113040 kB
VmallocChunk:   251440036 kB
Time pass: 269 sec

---2015-10-26 00:17:40
MemTotal:        2582696 kB
MemFree:          126032 kB
Buffers:           15944 kB
Cached:           832668 kB
SwapCached:          840 kB
Active:          1067160 kB
Inactive:         606272 kB
Active(anon):     656032 kB
Inactive(anon):   173716 kB
Active(file):     411128 kB
Inactive(file):   432556 kB
Unevictable:        3920 kB
Mlocked:               0 kB
SwapTotal:        524284 kB
SwapFree:         476304 kB
Dirty:               644 kB
Writeback:             0 kB
AnonPages:        827992 kB
Mapped:           276352 kB
Shmem:              1008 kB
Slab:             107584 kB
SReclaimable:      34228 kB
SUnreclaim:        73356 kB
KernelStack:       36160 kB
PageTables:        36168 kB
NFS_Unstable:          0 kB
Bounce:                0 kB
WritebackTmp:          0 kB
CommitLimit:     1815632 kB
Committed_AS:   98903304 kB
VmallocTotal:   251658176 kB
VmallocUsed:      113040 kB
VmallocChunk:   251440036 kB
Time pass: 272 sec

---2015-10-26 00:17:40
MemTotal:        2582696 kB
MemFree:          125300 kB
Buffers:           15944 kB
Cached:           832668 kB
SwapCached:          840 kB
Active:          1068104 kB
Inactive:         606268 kB
Active(anon):     656972 kB
Inactive(anon):   173716 kB
Active(file):     411132 kB
Inactive(file):   432552 kB
Unevictable:        3920 kB
Mlocked:               0 kB
SwapTotal:        524284 kB
SwapFree:         476304 kB
Dirty:               624 kB
Writeback:             0 kB
AnonPages:        829300 kB
Mapped:           276056 kB
Shmem:              1008 kB
Slab:             107584 kB
SReclaimable:      34228 kB
SUnreclaim:        73356 kB
KernelStack:       36192 kB
PageTables:        35956 kB
NFS_Unstable:          0 kB
Bounce:                0 kB
WritebackTmp:          0 kB
CommitLimit:     1815632 kB
Committed_AS:   98910824 kB
VmallocTotal:   251658176 kB
VmallocUsed:      114060 kB
VmallocChunk:   251436964 kB
Time pass: 276 sec

---2015-10-26 00:17:40
MemTotal:        2582696 kB
MemFree:          125084 kB
Buffers:           15944 kB
Cached:           832668 kB
SwapCached:          840 kB
Active:          1068124 kB
Inactive:         606272 kB
Active(anon):     656996 kB
Inactive(anon):   173716 kB
Active(file):     411128 kB
Inactive(file):   432556 kB
Unevictable:        3920 kB
Mlocked:               0 kB
SwapTotal:        524284 kB
SwapFree:         476304 kB
Dirty:               644 kB
Writeback:             0 kB
AnonPages:        829140 kB
Mapped:           276500 kB
Shmem:              1008 kB
Slab:             107624 kB
SReclaimable:      34244 kB
SUnreclaim:        73380 kB
KernelStack:       36192 kB
PageTables:        36172 kB
NFS_Unstable:          0 kB
Bounce:                0 kB
WritebackTmp:          0 kB
CommitLimit:     1815632 kB
Committed_AS:   98903412 kB
VmallocTotal:   251658176 kB
VmallocUsed:      113040 kB
VmallocChunk:   251440036 kB
Time pass: 279 sec

---2015-10-26 00:17:40
MemTotal:        2582696 kB
MemFree:          124108 kB
Buffers:           15944 kB
Cached:           832668 kB
SwapCached:          840 kB
Active:          1069172 kB
Inactive:         606272 kB
Active(anon):     658044 kB
Inactive(anon):   173716 kB
Active(file):     411128 kB
Inactive(file):   432556 kB
Unevictable:        3920 kB
Mlocked:               0 kB
SwapTotal:        524284 kB
SwapFree:         476304 kB
Dirty:               644 kB
Writeback:             0 kB
AnonPages:        830064 kB
Mapped:           276524 kB
Shmem:              1008 kB
Slab:             107600 kB
SReclaimable:      34244 kB
SUnreclaim:        73356 kB
KernelStack:       36208 kB
PageTables:        36156 kB
NFS_Unstable:          0 kB
Bounce:                0 kB
WritebackTmp:          0 kB
CommitLimit:     1815632 kB
Committed_AS:   98903500 kB
VmallocTotal:   251658176 kB
VmallocUsed:      113040 kB
VmallocChunk:   251440036 kB
Time pass: 283 sec

---2015-10-26 00:17:40
MemTotal:        2582696 kB
MemFree:          122584 kB
Buffers:           15944 kB
Cached:           832668 kB
SwapCached:          840 kB
Active:          1070392 kB
Inactive:         606272 kB
Active(anon):     659264 kB
Inactive(anon):   173716 kB
Active(file):     411128 kB
Inactive(file):   432556 kB
Unevictable:        3920 kB
Mlocked:               0 kB
SwapTotal:        524284 kB
SwapFree:         476304 kB
Dirty:               628 kB
Writeback:             0 kB
AnonPages:        831544 kB
Mapped:           276368 kB
Shmem:              1008 kB
Slab:             107600 kB
SReclaimable:      34244 kB
SUnreclaim:        73356 kB
KernelStack:       36160 kB
PageTables:        36168 kB
NFS_Unstable:          0 kB
Bounce:                0 kB
WritebackTmp:          0 kB
CommitLimit:     1815632 kB
Committed_AS:   98903460 kB
VmallocTotal:   251658176 kB
VmallocUsed:      113040 kB
VmallocChunk:   251440036 kB
Time pass: 287 sec

---2015-10-26 00:17:40
MemTotal:        2582696 kB
MemFree:          121764 kB
Buffers:           15944 kB
Cached:           832668 kB
SwapCached:          840 kB
Active:          1071664 kB
Inactive:         606272 kB
Active(anon):     660536 kB
Inactive(anon):   173716 kB
Active(file):     411128 kB
Inactive(file):   432556 kB
Unevictable:        3920 kB
Mlocked:               0 kB
SwapTotal:        524284 kB
SwapFree:         476304 kB
Dirty:               628 kB
Writeback:             0 kB
AnonPages:        832628 kB
Mapped:           276500 kB
Shmem:              1008 kB
Slab:             107624 kB
SReclaimable:      34260 kB
SUnreclaim:        73364 kB
KernelStack:       36192 kB
PageTables:        36172 kB
NFS_Unstable:          0 kB
Bounce:                0 kB
WritebackTmp:          0 kB
CommitLimit:     1815632 kB
Committed_AS:   98903524 kB
VmallocTotal:   251658176 kB
VmallocUsed:      113040 kB
VmallocChunk:   251440036 kB
Time pass: 290 sec

---2015-10-26 00:17:40
MemTotal:        2582696 kB
MemFree:          121272 kB
Buffers:           15944 kB
Cached:           832676 kB
SwapCached:          840 kB
Active:          1072548 kB
Inactive:         606280 kB
Active(anon):     661420 kB
Inactive(anon):   173716 kB
Active(file):     411128 kB
Inactive(file):   432564 kB
Unevictable:        3920 kB
Mlocked:               0 kB
SwapTotal:        524284 kB
SwapFree:         476304 kB
Dirty:               636 kB
Writeback:             0 kB
AnonPages:        833288 kB
Mapped:           276212 kB
Shmem:              1008 kB
Slab:             107616 kB
SReclaimable:      34260 kB
SUnreclaim:        73356 kB
KernelStack:       36192 kB
PageTables:        35952 kB
NFS_Unstable:          0 kB
Bounce:                0 kB
WritebackTmp:          0 kB
CommitLimit:     1815632 kB
Committed_AS:   98911616 kB
VmallocTotal:   251658176 kB
VmallocUsed:      114060 kB
VmallocChunk:   251422628 kB
Time pass: 294 sec

---2015-10-26 00:17:40
MemTotal:        2582696 kB
MemFree:          120152 kB
Buffers:           15948 kB
Cached:           832684 kB
SwapCached:          840 kB
Active:          1073324 kB
Inactive:         606288 kB
Active(anon):     662192 kB
Inactive(anon):   173716 kB
Active(file):     411132 kB
Inactive(file):   432572 kB
Unevictable:        3920 kB
Mlocked:               0 kB
SwapTotal:        524284 kB
SwapFree:         476304 kB
Dirty:               668 kB
Writeback:             0 kB
AnonPages:        834240 kB
Mapped:           276516 kB
Shmem:              1008 kB
Slab:             107640 kB
SReclaimable:      34260 kB
SUnreclaim:        73380 kB
KernelStack:       36208 kB
PageTables:        36172 kB
NFS_Unstable:          0 kB
Bounce:                0 kB
WritebackTmp:          0 kB
CommitLimit:     1815632 kB
Committed_AS:   98903444 kB
VmallocTotal:   251658176 kB
VmallocUsed:      113040 kB
VmallocChunk:   251440036 kB
Time pass: 297 sec

---2015-10-26 00:17:40
MemTotal:        2582696 kB
MemFree:          119292 kB
Buffers:           15948 kB
Cached:           832680 kB
SwapCached:          840 kB
Active:          1074200 kB
Inactive:         606276 kB
Active(anon):     663060 kB
Inactive(anon):   173716 kB
Active(file):     411140 kB
Inactive(file):   432560 kB
Unevictable:        3920 kB
Mlocked:               0 kB
SwapTotal:        524284 kB
SwapFree:         476304 kB
Dirty:               640 kB
Writeback:             0 kB
AnonPages:        835272 kB
Mapped:           276592 kB
Shmem:              1008 kB
Slab:             107512 kB
SReclaimable:      34148 kB
SUnreclaim:        73364 kB
KernelStack:       36240 kB
PageTables:        36188 kB
NFS_Unstable:          0 kB
Bounce:                0 kB
WritebackTmp:          0 kB
CommitLimit:     1815632 kB
Committed_AS:   98903380 kB
VmallocTotal:   251658176 kB
VmallocUsed:      113040 kB
VmallocChunk:   251440036 kB
Time pass: 301 sec

---2015-10-26 00:17:40
MemTotal:        2582696 kB
MemFree:          119820 kB
Buffers:           15952 kB
Cached:           832792 kB
SwapCached:          840 kB
Active:          1073500 kB
Inactive:         606396 kB
Active(anon):     662364 kB
Inactive(anon):   173756 kB
Active(file):     411136 kB
Inactive(file):   432640 kB
Unevictable:        3920 kB
Mlocked:               0 kB
SwapTotal:        524284 kB
SwapFree:         476304 kB
Dirty:               688 kB
Writeback:             0 kB
AnonPages:        834468 kB
Mapped:           276648 kB
Shmem:              1048 kB
Slab:             107528 kB
SReclaimable:      34148 kB
SUnreclaim:        73380 kB
KernelStack:       36208 kB
PageTables:        36172 kB
NFS_Unstable:          0 kB
Bounce:                0 kB
WritebackTmp:          0 kB
CommitLimit:     1815632 kB
Committed_AS:   98903012 kB
VmallocTotal:   251658176 kB
VmallocUsed:      113040 kB
VmallocChunk:   251440036 kB
Time pass: 305 sec

---2015-10-26 00:17:40
MemTotal:        2582696 kB
MemFree:          125532 kB
Buffers:           15952 kB
Cached:           832792 kB
SwapCached:          840 kB
Active:          1067860 kB
Inactive:         606396 kB
Active(anon):     656724 kB
Inactive(anon):   173756 kB
Active(file):     411136 kB
Inactive(file):   432640 kB
Unevictable:        3920 kB
Mlocked:               0 kB
SwapTotal:        524284 kB
SwapFree:         476304 kB
Dirty:               684 kB
Writeback:             0 kB
AnonPages:        828892 kB
Mapped:           276528 kB
Shmem:              1048 kB
Slab:             107512 kB
SReclaimable:      34148 kB
SUnreclaim:        73364 kB
KernelStack:       36208 kB
PageTables:        36172 kB
NFS_Unstable:          0 kB
Bounce:                0 kB
WritebackTmp:          0 kB
CommitLimit:     1815632 kB
Committed_AS:   98903004 kB
VmallocTotal:   251658176 kB
VmallocUsed:      113040 kB
VmallocChunk:   251440036 kB
Time pass: 308 sec

---2015-10-26 00:17:40
MemTotal:        2582696 kB
MemFree:          125424 kB
Buffers:           15952 kB
Cached:           832792 kB
SwapCached:          840 kB
Active:          1068080 kB
Inactive:         606392 kB
Active(anon):     656940 kB
Inactive(anon):   173756 kB
Active(file):     411140 kB
Inactive(file):   432636 kB
Unevictable:        3920 kB
Mlocked:               0 kB
SwapTotal:        524284 kB
SwapFree:         476304 kB
Dirty:               644 kB
Writeback:             0 kB
AnonPages:        829304 kB
Mapped:           276508 kB
Shmem:              1048 kB
Slab:             107504 kB
SReclaimable:      34148 kB
SUnreclaim:        73356 kB
KernelStack:       36208 kB
PageTables:        35952 kB
NFS_Unstable:          0 kB
Bounce:                0 kB
WritebackTmp:          0 kB
CommitLimit:     1815632 kB
Committed_AS:   98902912 kB
VmallocTotal:   251658176 kB
VmallocUsed:      113040 kB
VmallocChunk:   251440036 kB
Time pass: 312 sec

---2015-10-26 00:17:40
MemTotal:        2582696 kB
MemFree:          125236 kB
Buffers:           15952 kB
Cached:           832796 kB
SwapCached:          840 kB
Active:          1068336 kB
Inactive:         606396 kB
Active(anon):     657196 kB
Inactive(anon):   173756 kB
Active(file):     411140 kB
Inactive(file):   432640 kB
Unevictable:        3920 kB
Mlocked:               0 kB
SwapTotal:        524284 kB
SwapFree:         476304 kB
Dirty:               648 kB
Writeback:             0 kB
AnonPages:        829336 kB
Mapped:           276648 kB
Shmem:              1048 kB
Slab:             107504 kB
SReclaimable:      34148 kB
SUnreclaim:        73356 kB
KernelStack:       36208 kB
PageTables:        36176 kB
NFS_Unstable:          0 kB
Bounce:                0 kB
WritebackTmp:          0 kB
CommitLimit:     1815632 kB
Committed_AS:   98902852 kB
VmallocTotal:   251658176 kB
VmallocUsed:      113040 kB
VmallocChunk:   251440036 kB
Time pass: 315 sec

---2015-10-26 00:17:40
MemTotal:        2582696 kB
MemFree:          124796 kB
Buffers:           15956 kB
Cached:           832804 kB
SwapCached:          840 kB
Active:          1069012 kB
Inactive:         606400 kB
Active(anon):     657868 kB
Inactive(anon):   173756 kB
Active(file):     411144 kB
Inactive(file):   432644 kB
Unevictable:        3920 kB
Mlocked:               0 kB
SwapTotal:        524284 kB
SwapFree:         476304 kB
Dirty:               684 kB
Writeback:             0 kB
AnonPages:        829972 kB
Mapped:           276628 kB
Shmem:              1048 kB
Slab:             107536 kB
SReclaimable:      34148 kB
SUnreclaim:        73388 kB
KernelStack:       36176 kB
PageTables:        36156 kB
NFS_Unstable:          0 kB
Bounce:                0 kB
WritebackTmp:          0 kB
CommitLimit:     1815632 kB
Committed_AS:   98902764 kB
VmallocTotal:   251658176 kB
VmallocUsed:      113040 kB
VmallocChunk:   251440036 kB
Time pass: 319 sec

---2015-10-26 00:17:40
MemTotal:        2582696 kB
MemFree:          123544 kB
Buffers:           15956 kB
Cached:           832804 kB
SwapCached:          840 kB
Active:          1070116 kB
Inactive:         606408 kB
Active(anon):     658976 kB
Inactive(anon):   173756 kB
Active(file):     411140 kB
Inactive(file):   432652 kB
Unevictable:        3920 kB
Mlocked:               0 kB
SwapTotal:        524284 kB
SwapFree:         476304 kB
Dirty:               688 kB
Writeback:             0 kB
AnonPages:        831216 kB
Mapped:           276520 kB
Shmem:              1048 kB
Slab:             107504 kB
SReclaimable:      34148 kB
SUnreclaim:        73356 kB
KernelStack:       36192 kB
PageTables:        36168 kB
NFS_Unstable:          0 kB
Bounce:                0 kB
WritebackTmp:          0 kB
CommitLimit:     1815632 kB
Committed_AS:   98902932 kB
VmallocTotal:   251658176 kB
VmallocUsed:      113040 kB
VmallocChunk:   251440036 kB
Time pass: 323 sec

---2015-10-26 00:17:40
MemTotal:        2582696 kB
MemFree:          122952 kB
Buffers:           15956 kB
Cached:           832848 kB
SwapCached:          840 kB
Active:          1071308 kB
Inactive:         606448 kB
Active(anon):     660164 kB
Inactive(anon):   173756 kB
Active(file):     411144 kB
Inactive(file):   432692 kB
Unevictable:        3920 kB
Mlocked:               0 kB
SwapTotal:        524284 kB
SwapFree:         476304 kB
Dirty:               676 kB
Writeback:             0 kB
AnonPages:        832124 kB
Mapped:           276624 kB
Shmem:              1048 kB
Slab:             107512 kB
SReclaimable:      34148 kB
SUnreclaim:        73364 kB
KernelStack:       36272 kB
PageTables:        36172 kB
NFS_Unstable:          0 kB
Bounce:                0 kB
WritebackTmp:          0 kB
CommitLimit:     1815632 kB
Committed_AS:   98902868 kB
VmallocTotal:   251658176 kB
VmallocUsed:      113040 kB
VmallocChunk:   251440036 kB
Time pass: 327 sec

---2015-10-26 00:17:40
MemTotal:        2582696 kB
MemFree:          121348 kB
Buffers:           15956 kB
Cached:           832880 kB
SwapCached:          840 kB
Active:          1072176 kB
Inactive:         606476 kB
Active(anon):     661028 kB
Inactive(anon):   173788 kB
Active(file):     411148 kB
Inactive(file):   432688 kB
Unevictable:        3920 kB
Mlocked:               0 kB
SwapTotal:        524284 kB
SwapFree:         476304 kB
Dirty:               676 kB
Writeback:             0 kB
AnonPages:        833316 kB
Mapped:           276396 kB
Shmem:              1080 kB
Slab:             107600 kB
SReclaimable:      34148 kB
SUnreclaim:        73452 kB
KernelStack:       36256 kB
PageTables:        35992 kB
NFS_Unstable:          0 kB
Bounce:                0 kB
WritebackTmp:          0 kB
CommitLimit:     1815632 kB
Committed_AS:   98902988 kB
VmallocTotal:   251658176 kB
VmallocUsed:      113040 kB
VmallocChunk:   251440036 kB
Time pass: 330 sec

---2015-10-26 00:17:40
MemTotal:        2582696 kB
MemFree:          120928 kB
Buffers:           15956 kB
Cached:           832948 kB
SwapCached:          840 kB
Active:          1072460 kB
Inactive:         606544 kB
Active(anon):     661312 kB
Inactive(anon):   173856 kB
Active(file):     411148 kB
Inactive(file):   432688 kB
Unevictable:        3920 kB
Mlocked:               0 kB
SwapTotal:        524284 kB
SwapFree:         476304 kB
Dirty:               640 kB
Writeback:             0 kB
AnonPages:        833528 kB
Mapped:           276644 kB
Shmem:              1148 kB
Slab:             107528 kB
SReclaimable:      34148 kB
SUnreclaim:        73380 kB
KernelStack:       36256 kB
PageTables:        36168 kB
NFS_Unstable:          0 kB
Bounce:                0 kB
WritebackTmp:          0 kB
CommitLimit:     1815632 kB
Committed_AS:   98902908 kB
VmallocTotal:   251658176 kB
VmallocUsed:      113040 kB
VmallocChunk:   251440036 kB
Time pass: 334 sec

---2015-10-26 00:17:40
MemTotal:        2582696 kB
MemFree:          120064 kB
Buffers:           15956 kB
Cached:           832944 kB
SwapCached:          840 kB
Active:          1073368 kB
Inactive:         606540 kB
Active(anon):     662220 kB
Inactive(anon):   173856 kB
Active(file):     411148 kB
Inactive(file):   432684 kB
Unevictable:        3920 kB
Mlocked:               0 kB
SwapTotal:        524284 kB
SwapFree:         476304 kB
Dirty:               640 kB
Writeback:             0 kB
AnonPages:        834340 kB
Mapped:           276748 kB
Shmem:              1148 kB
Slab:             107528 kB
SReclaimable:      34148 kB
SUnreclaim:        73380 kB
KernelStack:       36272 kB
PageTables:        36176 kB
NFS_Unstable:          0 kB
Bounce:                0 kB
WritebackTmp:          0 kB
CommitLimit:     1815632 kB
Committed_AS:   98902964 kB
VmallocTotal:   251658176 kB
VmallocUsed:      113040 kB
VmallocChunk:   251440036 kB
Time pass: 337 sec

---2015-10-26 00:17:40
MemTotal:        2582696 kB
MemFree:          119092 kB
Buffers:           15956 kB
Cached:           832948 kB
SwapCached:          840 kB
Active:          1074460 kB
Inactive:         606544 kB
Active(anon):     663312 kB
Inactive(anon):   173856 kB
Active(file):     411148 kB
Inactive(file):   432688 kB
Unevictable:        3920 kB
Mlocked:               0 kB
SwapTotal:        524284 kB
SwapFree:         476304 kB
Dirty:               640 kB
Writeback:             0 kB
AnonPages:        835396 kB
Mapped:           276680 kB
Shmem:              1148 kB
Slab:             107528 kB
SReclaimable:      34148 kB
SUnreclaim:        73380 kB
KernelStack:       36256 kB
PageTables:        36164 kB
NFS_Unstable:          0 kB
Bounce:                0 kB
WritebackTmp:          0 kB
CommitLimit:     1815632 kB
Committed_AS:   98902804 kB
VmallocTotal:   251658176 kB
VmallocUsed:      113040 kB
VmallocChunk:   251440036 kB
Time pass: 341 sec

---2015-10-26 00:17:40
MemTotal:        2582696 kB
MemFree:          118248 kB
Buffers:           15956 kB
Cached:           832948 kB
SwapCached:          840 kB
Active:          1075236 kB
Inactive:         606548 kB
Active(anon):     664092 kB
Inactive(anon):   173856 kB
Active(file):     411144 kB
Inactive(file):   432692 kB
Unevictable:        3920 kB
Mlocked:               0 kB
SwapTotal:        524284 kB
SwapFree:         476304 kB
Dirty:               660 kB
Writeback:             0 kB
AnonPages:        836220 kB
Mapped:           276760 kB
Shmem:              1148 kB
Slab:             107532 kB
SReclaimable:      34148 kB
SUnreclaim:        73384 kB
KernelStack:       36240 kB
PageTables:        36168 kB
NFS_Unstable:          0 kB
Bounce:                0 kB
WritebackTmp:          0 kB
CommitLimit:     1815632 kB
Committed_AS:   98903044 kB
VmallocTotal:   251658176 kB
VmallocUsed:      113040 kB
VmallocChunk:   251440036 kB
Time pass: 345 sec

---2015-10-26 00:17:40
MemTotal:        2582696 kB
MemFree:          117580 kB
Buffers:           15960 kB
Cached:           832944 kB
SwapCached:          840 kB
Active:          1076252 kB
Inactive:         606536 kB
Active(anon):     665096 kB
Inactive(anon):   173856 kB
Active(file):     411156 kB
Inactive(file):   432680 kB
Unevictable:        3920 kB
Mlocked:               0 kB
SwapTotal:        524284 kB
SwapFree:         476304 kB
Dirty:               668 kB
Writeback:             0 kB
AnonPages:        837140 kB
Mapped:           276812 kB
Shmem:              1148 kB
Slab:             107516 kB
SReclaimable:      34148 kB
SUnreclaim:        73368 kB
KernelStack:       36304 kB
PageTables:        36180 kB
NFS_Unstable:          0 kB
Bounce:                0 kB
WritebackTmp:          0 kB
CommitLimit:     1815632 kB
Committed_AS:   98902928 kB
VmallocTotal:   251658176 kB
VmallocUsed:      113040 kB
VmallocChunk:   251440036 kB
Time pass: 348 sec

---2015-10-26 00:17:40
MemTotal:        2582696 kB
MemFree:          116368 kB
Buffers:           15960 kB
Cached:           832944 kB
SwapCached:          840 kB
Active:          1076992 kB
Inactive:         606536 kB
Active(anon):     665836 kB
Inactive(anon):   173856 kB
Active(file):     411156 kB
Inactive(file):   432680 kB
Unevictable:        3920 kB
Mlocked:               0 kB
SwapTotal:        524284 kB
SwapFree:         476304 kB
Dirty:               628 kB
Writeback:             0 kB
AnonPages:        838080 kB
Mapped:           276676 kB
Shmem:              1148 kB
Slab:             107524 kB
SReclaimable:      34148 kB
SUnreclaim:        73376 kB
KernelStack:       36272 kB
PageTables:        36172 kB
NFS_Unstable:          0 kB
Bounce:                0 kB
WritebackTmp:          0 kB
CommitLimit:     1815632 kB
Committed_AS:   98902852 kB
VmallocTotal:   251658176 kB
VmallocUsed:      113040 kB
VmallocChunk:   251440036 kB
Time pass: 352 sec

---2015-10-26 00:17:40
MemTotal:        2582696 kB
MemFree:          115564 kB
Buffers:           15960 kB
Cached:           832952 kB
SwapCached:          840 kB
Active:          1077420 kB
Inactive:         606544 kB
Active(anon):     666264 kB
Inactive(anon):   173856 kB
Active(file):     411156 kB
Inactive(file):   432688 kB
Unevictable:        3920 kB
Mlocked:               0 kB
SwapTotal:        524284 kB
SwapFree:         476304 kB
Dirty:               628 kB
Writeback:             0 kB
AnonPages:        838360 kB
Mapped:           276840 kB
Shmem:              1148 kB
Slab:             107536 kB
SReclaimable:      34100 kB
SUnreclaim:        73436 kB
KernelStack:       36272 kB
PageTables:        36172 kB
NFS_Unstable:          0 kB
Bounce:                0 kB
WritebackTmp:          0 kB
CommitLimit:     1815632 kB
Committed_AS:   98902820 kB
VmallocTotal:   251658176 kB
VmallocUsed:      113040 kB
VmallocChunk:   251440036 kB
Time pass: 355 sec

---2015-10-26 00:17:40
MemTotal:        2582696 kB
MemFree:          114932 kB
Buffers:           15960 kB
Cached:           832960 kB
SwapCached:          840 kB
Active:          1077788 kB
Inactive:         606564 kB
Active(anon):     666644 kB
Inactive(anon):   173856 kB
Active(file):     411144 kB
Inactive(file):   432708 kB
Unevictable:        3920 kB
Mlocked:               0 kB
SwapTotal:        524284 kB
SwapFree:         476304 kB
Dirty:               668 kB
Writeback:             0 kB
AnonPages:        838848 kB
Mapped:           276844 kB
Shmem:              1148 kB
Slab:             107440 kB
SReclaimable:      34084 kB
SUnreclaim:        73356 kB
KernelStack:       36160 kB
PageTables:        36152 kB
NFS_Unstable:          0 kB
Bounce:                0 kB
WritebackTmp:          0 kB
CommitLimit:     1815632 kB
Committed_AS:   98902724 kB
VmallocTotal:   251658176 kB
VmallocUsed:      113040 kB
VmallocChunk:   251440036 kB
Time pass: 359 sec

---2015-10-26 00:17:40
MemTotal:        2582696 kB
MemFree:          115844 kB
Buffers:           15964 kB
Cached:           832960 kB
SwapCached:          840 kB
Active:          1077580 kB
Inactive:         606556 kB
Active(anon):     666424 kB
Inactive(anon):   173856 kB
Active(file):     411156 kB
Inactive(file):   432700 kB
Unevictable:        3920 kB
Mlocked:               0 kB
SwapTotal:        524284 kB
SwapFree:         476304 kB
Dirty:               648 kB
Writeback:             0 kB
AnonPages:        838436 kB
Mapped:           276856 kB
Shmem:              1148 kB
Slab:             107480 kB
SReclaimable:      34084 kB
SUnreclaim:        73396 kB
KernelStack:       36160 kB
PageTables:        36156 kB
NFS_Unstable:          0 kB
Bounce:                0 kB
WritebackTmp:          0 kB
CommitLimit:     1815632 kB
Committed_AS:   98906740 kB
VmallocTotal:   251658176 kB
VmallocUsed:      113040 kB
VmallocChunk:   251440036 kB
Time pass: 363 sec

---2015-10-26 00:17:40
MemTotal:        2582696 kB
MemFree:          114228 kB
Buffers:           15964 kB
Cached:           832960 kB
SwapCached:          840 kB
Active:          1078844 kB
Inactive:         606556 kB
Active(anon):     667688 kB
Inactive(anon):   173856 kB
Active(file):     411156 kB
Inactive(file):   432700 kB
Unevictable:        3920 kB
Mlocked:               0 kB
SwapTotal:        524284 kB
SwapFree:         476304 kB
Dirty:               648 kB
Writeback:             0 kB
AnonPages:        839664 kB
Mapped:           276652 kB
Shmem:              1148 kB
Slab:             107440 kB
SReclaimable:      34084 kB
SUnreclaim:        73356 kB
KernelStack:       36352 kB
PageTables:        36176 kB
NFS_Unstable:          0 kB
Bounce:                0 kB
WritebackTmp:          0 kB
CommitLimit:     1815632 kB
Committed_AS:   98906812 kB
VmallocTotal:   251658176 kB
VmallocUsed:      113040 kB
VmallocChunk:   251440036 kB
Time pass: 367 sec

---2015-10-26 00:17:40
MemTotal:        2582696 kB
MemFree:          109260 kB
Buffers:           15964 kB
Cached:           832956 kB
SwapCached:          840 kB
Active:          1083876 kB
Inactive:         606556 kB
Active(anon):     672724 kB
Inactive(anon):   173856 kB
Active(file):     411152 kB
Inactive(file):   432700 kB
Unevictable:        3920 kB
Mlocked:               0 kB
SwapTotal:        524284 kB
SwapFree:         476304 kB
Dirty:               648 kB
Writeback:             0 kB
AnonPages:        845064 kB
Mapped:           281076 kB
Shmem:              1148 kB
Slab:             107440 kB
SReclaimable:      34084 kB
SUnreclaim:        73356 kB
KernelStack:       36528 kB
PageTables:        36580 kB
NFS_Unstable:          0 kB
Bounce:                0 kB
WritebackTmp:          0 kB
CommitLimit:     1815632 kB
Committed_AS:   100148888 kB
VmallocTotal:   251658176 kB
VmallocUsed:      114060 kB
VmallocChunk:   251440036 kB
Time pass: 370 sec

---2015-10-26 00:17:40
MemTotal:        2582696 kB
MemFree:          113852 kB
Buffers:           15964 kB
Cached:           832956 kB
SwapCached:          840 kB
Active:          1079844 kB
Inactive:         606560 kB
Active(anon):     668696 kB
Inactive(anon):   173856 kB
Active(file):     411148 kB
Inactive(file):   432704 kB
Unevictable:        3920 kB
Mlocked:               0 kB
SwapTotal:        524284 kB
SwapFree:         476304 kB
Dirty:               660 kB
Writeback:             0 kB
AnonPages:        840652 kB
Mapped:           276768 kB
Shmem:              1148 kB
Slab:             107440 kB
SReclaimable:      34084 kB
SUnreclaim:        73356 kB
KernelStack:       36208 kB
PageTables:        36176 kB
NFS_Unstable:          0 kB
Bounce:                0 kB
WritebackTmp:          0 kB
CommitLimit:     1815632 kB
Committed_AS:   98906856 kB
VmallocTotal:   251658176 kB
VmallocUsed:      113040 kB
VmallocChunk:   251440036 kB
Time pass: 374 sec

---2015-10-26 00:17:40
MemTotal:        2582696 kB
MemFree:          112456 kB
Buffers:           15964 kB
Cached:           832960 kB
SwapCached:          840 kB
Active:          1080552 kB
Inactive:         606560 kB
Active(anon):     669400 kB
Inactive(anon):   173856 kB
Active(file):     411152 kB
Inactive(file):   432704 kB
Unevictable:        3920 kB
Mlocked:               0 kB
SwapTotal:        524284 kB
SwapFree:         476304 kB
Dirty:               640 kB
Writeback:             0 kB
AnonPages:        841500 kB
Mapped:           276776 kB
Shmem:              1148 kB
Slab:             107440 kB
SReclaimable:      34084 kB
SUnreclaim:        73356 kB
KernelStack:       36208 kB
PageTables:        36184 kB
NFS_Unstable:          0 kB
Bounce:                0 kB
WritebackTmp:          0 kB
CommitLimit:     1815632 kB
Committed_AS:   98906900 kB
VmallocTotal:   251658176 kB
VmallocUsed:      113040 kB
VmallocChunk:   251440036 kB
Time pass: 377 sec

---2015-10-26 00:17:40
MemTotal:        2582696 kB
MemFree:          111148 kB
Buffers:           15968 kB
Cached:           832968 kB
SwapCached:          840 kB
Active:          1081636 kB
Inactive:         606564 kB
