---2015-12-09 13:43:55
MemTotal:        1350964 kB
MemFree:           37244 kB
Buffers:            9016 kB
Cached:           671104 kB
SwapCached:            0 kB
Active:           734136 kB
Inactive:         386164 kB
Active(anon):     447344 kB
Inactive(anon):     1144 kB
Active(file):     286792 kB
Inactive(file):   385020 kB
Unevictable:        7096 kB
Mlocked:               0 kB
HighTotal:        802816 kB
HighFree:           1628 kB
LowTotal:         548148 kB
LowFree:           35616 kB
SwapTotal:             0 kB
SwapFree:              0 kB
Dirty:              1516 kB
Writeback:           904 kB
AnonPages:        447348 kB
Mapped:           204184 kB
Shmem:              1188 kB
Slab:              34220 kB
SReclaimable:      13080 kB
SUnreclaim:        21140 kB
KernelStack:        8784 kB
PageTables:        18928 kB
NFS_Unstable:          0 kB
Bounce:                0 kB
WritebackTmp:          0 kB
CommitLimit:      675480 kB
Committed_AS:   46598764 kB
VmallocTotal:     253952 kB
VmallocUsed:       91152 kB
VmallocChunk:      58372 kB
Time pass: 3 sec

---2015-12-09 13:43:55
MemTotal:        1350964 kB
MemFree:           32604 kB
Buffers:            9020 kB
Cached:           667036 kB
SwapCached:            0 kB
Active:           750152 kB
Inactive:         374252 kB
Active(anon):     455688 kB
Inactive(anon):     1144 kB
Active(file):     294464 kB
Inactive(file):   373108 kB
Unevictable:        7264 kB
Mlocked:               0 kB
HighTotal:        802816 kB
HighFree:           1776 kB
LowTotal:         548148 kB
LowFree:           30828 kB
SwapTotal:             0 kB
SwapFree:              0 kB
Dirty:              8212 kB
Writeback:             0 kB
AnonPages:        455644 kB
Mapped:           211484 kB
Shmem:              1188 kB
Slab:              34236 kB
SReclaimable:      13188 kB
SUnreclaim:        21048 kB
KernelStack:        8792 kB
PageTables:        19068 kB
NFS_Unstable:          0 kB
Bounce:                0 kB
WritebackTmp:          0 kB
CommitLimit:      675480 kB
Committed_AS:   46710480 kB
VmallocTotal:     253952 kB
VmallocUsed:       91152 kB
VmallocChunk:      58372 kB
Time pass: 6 sec

---2015-12-09 13:43:55
MemTotal:        1350964 kB
MemFree:           32600 kB
Buffers:            9076 kB
Cached:           644576 kB
SwapCached:            0 kB
Active:           765312 kB
Inactive:         358748 kB
Active(anon):     477768 kB
Inactive(anon):     1144 kB
Active(file):     287544 kB
Inactive(file):   357604 kB
Unevictable:        7268 kB
Mlocked:               0 kB
HighTotal:        802816 kB
HighFree:           2492 kB
LowTotal:         548148 kB
LowFree:           30108 kB
SwapTotal:             0 kB
SwapFree:              0 kB
Dirty:               100 kB
Writeback:             0 kB
AnonPages:        478100 kB
Mapped:           204216 kB
Shmem:              1188 kB
Slab:              34288 kB
SReclaimable:      13200 kB
SUnreclaim:        21088 kB
KernelStack:        8776 kB
PageTables:        18932 kB
NFS_Unstable:          0 kB
Bounce:                0 kB
WritebackTmp:          0 kB
CommitLimit:      675480 kB
Committed_AS:   46598888 kB
VmallocTotal:     253952 kB
VmallocUsed:       91152 kB
VmallocChunk:      58372 kB
Time pass: 10 sec

---2015-12-09 13:43:55
MemTotal:        1350964 kB
MemFree:           69240 kB
Buffers:            9760 kB
Cached:           599204 kB
SwapCached:            0 kB
Active:           756860 kB
Inactive:         330888 kB
Active(anon):     486144 kB
Inactive(anon):     1140 kB
Active(file):     270716 kB
Inactive(file):   329748 kB
Unevictable:        7268 kB
Mlocked:               0 kB
HighTotal:        802816 kB
HighFree:          24592 kB
LowTotal:         548148 kB
LowFree:           44648 kB
SwapTotal:             0 kB
SwapFree:              0 kB
Dirty:               456 kB
Writeback:             0 kB
AnonPages:        486468 kB
Mapped:           207744 kB
Shmem:              1180 kB
Slab:              33960 kB
SReclaimable:      12968 kB
SUnreclaim:        20992 kB
KernelStack:        8928 kB
PageTables:        19200 kB
NFS_Unstable:          0 kB
Bounce:                0 kB
WritebackTmp:          0 kB
CommitLimit:      675480 kB
Committed_AS:   47600472 kB
VmallocTotal:     253952 kB
VmallocUsed:       91152 kB
VmallocChunk:      58372 kB
Time pass: 18 sec

---2015-12-09 13:43:55
MemTotal:        1350964 kB
MemFree:           50072 kB
Buffers:            9952 kB
Cached:           633196 kB
SwapCached:            0 kB
Active:           741472 kB
Inactive:         361924 kB
Active(anon):     468056 kB
Inactive(anon):     1440 kB
Active(file):     273416 kB
Inactive(file):   360484 kB
Unevictable:        7268 kB
Mlocked:               0 kB
HighTotal:        802816 kB
HighFree:           9956 kB
LowTotal:         548148 kB
LowFree:           40116 kB
SwapTotal:             0 kB
SwapFree:              0 kB
Dirty:              1084 kB
Writeback:             0 kB
AnonPages:        468192 kB
Mapped:           219700 kB
Shmem:              1484 kB
Slab:              34236 kB
SReclaimable:      13008 kB
SUnreclaim:        21228 kB
KernelStack:        9064 kB
PageTables:        19680 kB
NFS_Unstable:          0 kB
Bounce:                0 kB
WritebackTmp:          0 kB
CommitLimit:      675480 kB
Committed_AS:   48306924 kB
VmallocTotal:     253952 kB
VmallocUsed:       94188 kB
VmallocChunk:      58372 kB
Time pass: 22 sec

---2015-12-09 13:43:55
MemTotal:        1350964 kB
MemFree:           30864 kB
Buffers:           10268 kB
Cached:           600092 kB
SwapCached:            0 kB
Active:           758080 kB
Inactive:         326624 kB
Active(anon):     482628 kB
Inactive(anon):     1268 kB
Active(file):     275452 kB
Inactive(file):   325356 kB
Unevictable:        8152 kB
Mlocked:               0 kB
HighTotal:        802816 kB
HighFree:           2728 kB
LowTotal:         548148 kB
LowFree:           28136 kB
SwapTotal:             0 kB
SwapFree:              0 kB
Dirty:               544 kB
Writeback:             0 kB
AnonPages:        482776 kB
Mapped:           226196 kB
Shmem:              1312 kB
Slab:              34408 kB
SReclaimable:      13124 kB
SUnreclaim:        21284 kB
KernelStack:        9352 kB
PageTables:        19684 kB
NFS_Unstable:          0 kB
Bounce:                0 kB
WritebackTmp:          0 kB
CommitLimit:      675480 kB
Committed_AS:   47571156 kB
VmallocTotal:     253952 kB
VmallocUsed:       93384 kB
VmallocChunk:      58372 kB
Time pass: 25 sec

---2015-12-09 13:43:55
MemTotal:        1350964 kB
MemFree:           35888 kB
Buffers:           10312 kB
Cached:           579452 kB
SwapCached:            0 kB
Active:           765296 kB
Inactive:         303656 kB
Active(anon):     487388 kB
Inactive(anon):     1264 kB
Active(file):     277908 kB
Inactive(file):   302392 kB
Unevictable:        8152 kB
Mlocked:               0 kB
HighTotal:        802816 kB
HighFree:           5456 kB
LowTotal:         548148 kB
LowFree:           30432 kB
SwapTotal:             0 kB
SwapFree:              0 kB
Dirty:               152 kB
Writeback:             0 kB
AnonPages:        487164 kB
Mapped:           225344 kB
Shmem:              1304 kB
Slab:              34476 kB
SReclaimable:      13132 kB
SUnreclaim:        21344 kB
KernelStack:        9352 kB
PageTables:        19752 kB
NFS_Unstable:          0 kB
Bounce:                0 kB
WritebackTmp:          0 kB
CommitLimit:      675480 kB
Committed_AS:   47583244 kB
VmallocTotal:     253952 kB
VmallocUsed:       93384 kB
VmallocChunk:      58372 kB
Time pass: 29 sec

---2015-12-09 13:43:55
MemTotal:        1350964 kB
MemFree:           33504 kB
Buffers:           10312 kB
Cached:           572628 kB
SwapCached:            0 kB
Active:           762228 kB
Inactive:         301472 kB
Active(anon):     488960 kB
Inactive(anon):     1268 kB
Active(file):     273268 kB
Inactive(file):   300204 kB
Unevictable:        8152 kB
Mlocked:               0 kB
HighTotal:        802816 kB
HighFree:           3764 kB
LowTotal:         548148 kB
LowFree:           29740 kB
SwapTotal:             0 kB
SwapFree:              0 kB
Dirty:               312 kB
Writeback:             0 kB
AnonPages:        489128 kB
Mapped:           225704 kB
Shmem:              1312 kB
Slab:              34420 kB
SReclaimable:      13132 kB
SUnreclaim:        21288 kB
KernelStack:        9368 kB
PageTables:        19764 kB
NFS_Unstable:          0 kB
Bounce:                0 kB
WritebackTmp:          0 kB
CommitLimit:      675480 kB
Committed_AS:   47591120 kB
VmallocTotal:     253952 kB
VmallocUsed:       93384 kB
VmallocChunk:      58372 kB
Time pass: 32 sec

---2015-12-09 13:43:55
MemTotal:        1350964 kB
MemFree:           32328 kB
Buffers:           10328 kB
Cached:           549204 kB
SwapCached:            0 kB
Active:           759588 kB
Inactive:         289332 kB
Active(anon):     497536 kB
Inactive(anon):     1268 kB
Active(file):     262052 kB
Inactive(file):   288064 kB
Unevictable:        8152 kB
Mlocked:               0 kB
HighTotal:        802816 kB
HighFree:           2672 kB
LowTotal:         548148 kB
LowFree:           29656 kB
SwapTotal:             0 kB
SwapFree:              0 kB
Dirty:               164 kB
Writeback:             0 kB
AnonPages:        497600 kB
Mapped:           225640 kB
Shmem:              1312 kB
Slab:              34544 kB
SReclaimable:      13132 kB
SUnreclaim:        21412 kB
KernelStack:        9376 kB
PageTables:        19960 kB
NFS_Unstable:          0 kB
Bounce:                0 kB
WritebackTmp:          0 kB
CommitLimit:      675480 kB
Committed_AS:   47688508 kB
VmallocTotal:     253952 kB
VmallocUsed:       93836 kB
VmallocChunk:      58372 kB
Time pass: 36 sec

---2015-12-09 13:43:55
MemTotal:        1350964 kB
MemFree:           32096 kB
Buffers:            9856 kB
Cached:           528332 kB
SwapCached:            0 kB
Active:           761132 kB
Inactive:         275320 kB
Active(anon):     506612 kB
Inactive(anon):     1268 kB
Active(file):     254520 kB
Inactive(file):   274052 kB
Unevictable:        8296 kB
Mlocked:               0 kB
HighTotal:        802816 kB
HighFree:           2664 kB
LowTotal:         548148 kB
LowFree:           29432 kB
SwapTotal:             0 kB
SwapFree:              0 kB
Dirty:                64 kB
Writeback:             0 kB
AnonPages:        506612 kB
Mapped:           224512 kB
Shmem:              1312 kB
Slab:              34516 kB
SReclaimable:      13132 kB
SUnreclaim:        21384 kB
KernelStack:        9376 kB
PageTables:        20024 kB
NFS_Unstable:          0 kB
Bounce:                0 kB
WritebackTmp:          0 kB
CommitLimit:      675480 kB
Committed_AS:   47711812 kB
VmallocTotal:     253952 kB
VmallocUsed:       93836 kB
VmallocChunk:      58372 kB
Time pass: 40 sec

---2015-12-09 13:43:55
MemTotal:        1350964 kB
MemFree:           48460 kB
Buffers:            9856 kB
Cached:           523884 kB
SwapCached:            0 kB
Active:           761592 kB
Inactive:         272924 kB
Active(anon):     509116 kB
Inactive(anon):     1268 kB
Active(file):     252476 kB
Inactive(file):   271656 kB
Unevictable:        8296 kB
Mlocked:               0 kB
HighTotal:        802816 kB
HighFree:          13480 kB
LowTotal:         548148 kB
LowFree:           34980 kB
SwapTotal:             0 kB
SwapFree:              0 kB
Dirty:                68 kB
Writeback:             0 kB
AnonPages:        509160 kB
Mapped:           224600 kB
Shmem:              1312 kB
Slab:              34528 kB
SReclaimable:      13132 kB
SUnreclaim:        21396 kB
KernelStack:        9384 kB
PageTables:        19988 kB
NFS_Unstable:          0 kB
Bounce:                0 kB
WritebackTmp:          0 kB
CommitLimit:      675480 kB
Committed_AS:   47690952 kB
VmallocTotal:     253952 kB
VmallocUsed:       93836 kB
VmallocChunk:      58372 kB
Time pass: 43 sec

---2015-12-09 13:43:55
MemTotal:        1350964 kB
MemFree:           39992 kB
Buffers:            9856 kB
Cached:           525004 kB
SwapCached:            0 kB
Active:           773204 kB
Inactive:         273760 kB
Active(anon):     520500 kB
Inactive(anon):     1272 kB
Active(file):     252704 kB
Inactive(file):   272488 kB
Unevictable:        8296 kB
Mlocked:               0 kB
HighTotal:        802816 kB
HighFree:           1548 kB
LowTotal:         548148 kB
LowFree:           38444 kB
SwapTotal:             0 kB
SwapFree:              0 kB
Dirty:               388 kB
Writeback:             0 kB
AnonPages:        520456 kB
Mapped:           225460 kB
Shmem:              1316 kB
Slab:              34568 kB
SReclaimable:      13180 kB
SUnreclaim:        21388 kB
KernelStack:        9432 kB
PageTables:        20020 kB
NFS_Unstable:          0 kB
Bounce:                0 kB
WritebackTmp:          0 kB
CommitLimit:      675480 kB
Committed_AS:   47697336 kB
VmallocTotal:     253952 kB
VmallocUsed:       93836 kB
VmallocChunk:      58372 kB
Time pass: 47 sec

---2015-12-09 13:43:55
MemTotal:        1350964 kB
MemFree:           31416 kB
Buffers:            9820 kB
Cached:           518420 kB
SwapCached:            0 kB
Active:           773676 kB
Inactive:         269260 kB
Active(anon):     523036 kB
Inactive(anon):     1272 kB
Active(file):     250640 kB
Inactive(file):   267988 kB
Unevictable:        8296 kB
Mlocked:               0 kB
HighTotal:        802816 kB
HighFree:           1576 kB
LowTotal:         548148 kB
LowFree:           29840 kB
SwapTotal:             0 kB
SwapFree:              0 kB
Dirty:                 0 kB
Writeback:             0 kB
AnonPages:        522948 kB
Mapped:           224324 kB
Shmem:              1316 kB
Slab:              34640 kB
SReclaimable:      13188 kB
SUnreclaim:        21452 kB
KernelStack:        9424 kB
PageTables:        20048 kB
NFS_Unstable:          0 kB
Bounce:                0 kB
WritebackTmp:          0 kB
CommitLimit:      675480 kB
Committed_AS:   47709832 kB
VmallocTotal:     253952 kB
VmallocUsed:       93836 kB
VmallocChunk:      58372 kB
Time pass: 50 sec

---2015-12-09 13:43:55
MemTotal:        1350964 kB
MemFree:           31560 kB
Buffers:            9860 kB
Cached:           518544 kB
SwapCached:            0 kB
Active:           773276 kB
Inactive:         269392 kB
Active(anon):     522636 kB
Inactive(anon):     1272 kB
Active(file):     250640 kB
Inactive(file):   268120 kB
Unevictable:        8296 kB
Mlocked:               0 kB
HighTotal:        802816 kB
HighFree:           2168 kB
LowTotal:         548148 kB
LowFree:           29392 kB
SwapTotal:             0 kB
SwapFree:              0 kB
Dirty:                 4 kB
Writeback:             0 kB
AnonPages:        522692 kB
Mapped:           224328 kB
Shmem:              1316 kB
Slab:              34660 kB
SReclaimable:      13188 kB
SUnreclaim:        21472 kB
KernelStack:        9416 kB
PageTables:        20048 kB
NFS_Unstable:          0 kB
Bounce:                0 kB
WritebackTmp:          0 kB
CommitLimit:      675480 kB
Committed_AS:   47709956 kB
VmallocTotal:     253952 kB
VmallocUsed:       93836 kB
VmallocChunk:      58372 kB
Time pass: 54 sec

---2015-12-09 13:43:55
MemTotal:        1350964 kB
MemFree:           31148 kB
Buffers:            9756 kB
Cached:           512072 kB
SwapCached:            0 kB
Active:           773620 kB
Inactive:         264824 kB
Active(anon):     525008 kB
Inactive(anon):     1272 kB
Active(file):     248612 kB
Inactive(file):   263552 kB
Unevictable:        8304 kB
Mlocked:               0 kB
HighTotal:        802816 kB
HighFree:           2292 kB
LowTotal:         548148 kB
LowFree:           28856 kB
SwapTotal:             0 kB
SwapFree:              0 kB
Dirty:               288 kB
Writeback:             0 kB
AnonPages:        524904 kB
Mapped:           224792 kB
Shmem:              1316 kB
Slab:              34692 kB
SReclaimable:      13212 kB
SUnreclaim:        21480 kB
KernelStack:        9416 kB
PageTables:        20056 kB
NFS_Unstable:          0 kB
Bounce:                0 kB
WritebackTmp:          0 kB
CommitLimit:      675480 kB
Committed_AS:   47717500 kB
VmallocTotal:     253952 kB
VmallocUsed:       93836 kB
VmallocChunk:      58372 kB
Time pass: 58 sec

---2015-12-09 13:43:55
MemTotal:        1350964 kB
MemFree:           32464 kB
Buffers:            9740 kB
Cached:           509260 kB
SwapCached:            0 kB
Active:           773536 kB
Inactive:         262392 kB
Active(anon):     525292 kB
Inactive(anon):     1272 kB
Active(file):     248244 kB
Inactive(file):   261120 kB
Unevictable:        8304 kB
Mlocked:               0 kB
HighTotal:        802816 kB
HighFree:           3112 kB
LowTotal:         548148 kB
LowFree:           29352 kB
SwapTotal:             0 kB
SwapFree:              0 kB
Dirty:               208 kB
Writeback:             0 kB
AnonPages:        525152 kB
Mapped:           224804 kB
Shmem:              1316 kB
Slab:              34752 kB
SReclaimable:      13212 kB
SUnreclaim:        21540 kB
KernelStack:        9416 kB
PageTables:        20060 kB
NFS_Unstable:          0 kB
Bounce:                0 kB
WritebackTmp:          0 kB
CommitLimit:      675480 kB
Committed_AS:   47718160 kB
VmallocTotal:     253952 kB
VmallocUsed:       93836 kB
VmallocChunk:      58372 kB
Time pass: 61 sec

---2015-12-09 13:43:55
MemTotal:        1350964 kB
MemFree:           33748 kB
Buffers:            9340 kB
Cached:           497916 kB
SwapCached:            0 kB
Active:           774280 kB
Inactive:         253896 kB
Active(anon):     529240 kB
Inactive(anon):     1272 kB
Active(file):     245040 kB
Inactive(file):   252624 kB
Unevictable:        8304 kB
Mlocked:               0 kB
HighTotal:        802816 kB
HighFree:           4500 kB
LowTotal:         548148 kB
LowFree:           29248 kB
SwapTotal:             0 kB
SwapFree:              0 kB
Dirty:               512 kB
Writeback:             0 kB
AnonPages:        529252 kB
Mapped:           224488 kB
Shmem:              1316 kB
Slab:              34796 kB
SReclaimable:      13220 kB
SUnreclaim:        21576 kB
KernelStack:        9416 kB
PageTables:        20080 kB
NFS_Unstable:          0 kB
Bounce:                0 kB
WritebackTmp:          0 kB
CommitLimit:      675480 kB
Committed_AS:   47728128 kB
VmallocTotal:     253952 kB
VmallocUsed:       93836 kB
VmallocChunk:      58372 kB
Time pass: 65 sec

---2015-12-09 13:43:55
MemTotal:        1350964 kB
MemFree:           31360 kB
Buffers:            9540 kB
Cached:           494332 kB
SwapCached:            0 kB
Active:           778748 kB
Inactive:         251708 kB
Active(anon):     535176 kB
Inactive(anon):     1272 kB
Active(file):     243572 kB
Inactive(file):   250436 kB
Unevictable:        8304 kB
Mlocked:               0 kB
HighTotal:        802816 kB
HighFree:           2044 kB
LowTotal:         548148 kB
LowFree:           29316 kB
SwapTotal:             0 kB
SwapFree:              0 kB
Dirty:               216 kB
Writeback:             0 kB
AnonPages:        535504 kB
Mapped:           226072 kB
Shmem:              1316 kB
Slab:              34784 kB
SReclaimable:      13220 kB
SUnreclaim:        21564 kB
KernelStack:        9432 kB
PageTables:        20104 kB
NFS_Unstable:          0 kB
Bounce:                0 kB
WritebackTmp:          0 kB
CommitLimit:      675480 kB
Committed_AS:   47740544 kB
VmallocTotal:     253952 kB
VmallocUsed:       93836 kB
VmallocChunk:      58372 kB
Time pass: 69 sec

---2015-12-09 13:43:55
MemTotal:        1350964 kB
MemFree:           30764 kB
Buffers:            9456 kB
Cached:           487892 kB
SwapCached:            0 kB
Active:           783740 kB
Inactive:         247252 kB
Active(anon):     541992 kB
Inactive(anon):     1272 kB
Active(file):     241748 kB
Inactive(file):   245980 kB
Unevictable:        8304 kB
Mlocked:               0 kB
HighTotal:        802816 kB
HighFree:           1648 kB
LowTotal:         548148 kB
LowFree:           29116 kB
SwapTotal:             0 kB
SwapFree:              0 kB
Dirty:               360 kB
Writeback:             0 kB
AnonPages:        542292 kB
Mapped:           226056 kB
Shmem:              1316 kB
Slab:              34892 kB
SReclaimable:      13236 kB
SUnreclaim:        21656 kB
KernelStack:        9488 kB
PageTables:        20132 kB
NFS_Unstable:          0 kB
Bounce:                0 kB
WritebackTmp:          0 kB
CommitLimit:      675480 kB
Committed_AS:   47747124 kB
VmallocTotal:     253952 kB
VmallocUsed:       93836 kB
VmallocChunk:      58372 kB
Time pass: 73 sec

---2015-12-09 13:43:55
MemTotal:        1350964 kB
MemFree:           29408 kB
Buffers:            9480 kB
Cached:           479052 kB
SwapCached:            0 kB
Active:           788680 kB
Inactive:         240872 kB
Active(anon):     549380 kB
Inactive(anon):     1380 kB
Active(file):     239300 kB
Inactive(file):   239492 kB
Unevictable:        8304 kB
Mlocked:               0 kB
HighTotal:        802816 kB
HighFree:           2020 kB
LowTotal:         548148 kB
LowFree:           27388 kB
SwapTotal:             0 kB
SwapFree:              0 kB
Dirty:               120 kB
Writeback:             0 kB
AnonPages:        549268 kB
Mapped:           227220 kB
Shmem:              1436 kB
Slab:              34908 kB
SReclaimable:      13252 kB
SUnreclaim:        21656 kB
KernelStack:        9592 kB
PageTables:        20252 kB
NFS_Unstable:          0 kB
Bounce:                0 kB
WritebackTmp:          0 kB
CommitLimit:      675480 kB
Committed_AS:   47764012 kB
VmallocTotal:     253952 kB
VmallocUsed:       94496 kB
VmallocChunk:      58372 kB
Time pass: 78 sec

---2015-12-09 13:43:55
MemTotal:        1350964 kB
MemFree:           31152 kB
Buffers:            9272 kB
Cached:           472216 kB
SwapCached:            0 kB
Active:           787320 kB
Inactive:         237268 kB
Active(anon):     551456 kB
Inactive(anon):     1400 kB
Active(file):     235864 kB
Inactive(file):   235868 kB
Unevictable:        8304 kB
Mlocked:               0 kB
HighTotal:        802816 kB
HighFree:           2988 kB
LowTotal:         548148 kB
LowFree:           28164 kB
SwapTotal:             0 kB
SwapFree:              0 kB
Dirty:                 0 kB
Writeback:             0 kB
AnonPages:        551388 kB
Mapped:           226604 kB
Shmem:              1452 kB
Slab:              34976 kB
SReclaimable:      13260 kB
SUnreclaim:        21716 kB
KernelStack:        9624 kB
PageTables:        20300 kB
NFS_Unstable:          0 kB
Bounce:                0 kB
WritebackTmp:          0 kB
CommitLimit:      675480 kB
Committed_AS:   47767328 kB
VmallocTotal:     253952 kB
VmallocUsed:       94932 kB
VmallocChunk:      58372 kB
Time pass: 82 sec

---2015-12-09 13:43:55
MemTotal:        1350964 kB
MemFree:           31908 kB
Buffers:            9272 kB
Cached:           469244 kB
SwapCached:            0 kB
Active:           786260 kB
Inactive:         235812 kB
Active(anon):     551836 kB
Inactive(anon):     1532 kB
Active(file):     234424 kB
Inactive(file):   234280 kB
Unevictable:        8304 kB
Mlocked:               0 kB
HighTotal:        802816 kB
HighFree:           2676 kB
LowTotal:         548148 kB
LowFree:           29232 kB
SwapTotal:             0 kB
SwapFree:              0 kB
Dirty:                36 kB
Writeback:             0 kB
AnonPages:        551956 kB
Mapped:           226732 kB
Shmem:              1580 kB
Slab:              35052 kB
SReclaimable:      13260 kB
SUnreclaim:        21792 kB
KernelStack:        9632 kB
PageTables:        20428 kB
NFS_Unstable:          0 kB
Bounce:                0 kB
WritebackTmp:          0 kB
CommitLimit:      675480 kB
Committed_AS:   47773392 kB
VmallocTotal:     253952 kB
VmallocUsed:       95484 kB
VmallocChunk:      58372 kB
Time pass: 86 sec

---2015-12-09 13:43:55
MemTotal:        1350964 kB
MemFree:           31260 kB
Buffers:            9288 kB
Cached:           469236 kB
SwapCached:            0 kB
Active:           786312 kB
Inactive:         235936 kB
Active(anon):     552076 kB
Inactive(anon):     1532 kB
Active(file):     234236 kB
Inactive(file):   234404 kB
Unevictable:        8304 kB
Mlocked:               0 kB
HighTotal:        802816 kB
HighFree:           1984 kB
LowTotal:         548148 kB
LowFree:           29276 kB
SwapTotal:             0 kB
SwapFree:              0 kB
Dirty:                48 kB
Writeback:             0 kB
AnonPages:        551868 kB
Mapped:           226768 kB
Shmem:              1580 kB
Slab:              35012 kB
SReclaimable:      13248 kB
SUnreclaim:        21764 kB
KernelStack:        9632 kB
PageTables:        20436 kB
NFS_Unstable:          0 kB
Bounce:                0 kB
WritebackTmp:          0 kB
CommitLimit:      675480 kB
Committed_AS:   47773320 kB
VmallocTotal:     253952 kB
VmallocUsed:       95484 kB
VmallocChunk:      58372 kB
Time pass: 90 sec

---2015-12-09 13:43:55
MemTotal:        1350964 kB
MemFree:           31216 kB
Buffers:            9304 kB
Cached:           469236 kB
SwapCached:            0 kB
Active:           785256 kB
Inactive:         235952 kB
Active(anon):     551020 kB
Inactive(anon):     1532 kB
Active(file):     234236 kB
Inactive(file):   234420 kB
Unevictable:        8304 kB
Mlocked:               0 kB
HighTotal:        802816 kB
HighFree:           2064 kB
LowTotal:         548148 kB
LowFree:           29152 kB
SwapTotal:             0 kB
SwapFree:              0 kB
Dirty:                 0 kB
Writeback:             0 kB
AnonPages:        550968 kB
Mapped:           226768 kB
Shmem:              1580 kB
Slab:              34992 kB
SReclaimable:      13248 kB
SUnreclaim:        21744 kB
KernelStack:        9632 kB
PageTables:        20440 kB
NFS_Unstable:          0 kB
Bounce:                0 kB
WritebackTmp:          0 kB
CommitLimit:      675480 kB
Committed_AS:   47772056 kB
VmallocTotal:     253952 kB
VmallocUsed:       95484 kB
VmallocChunk:      58372 kB
Time pass: 94 sec

---2015-12-09 13:43:55
MemTotal:        1350964 kB
MemFree:           34600 kB
Buffers:            9344 kB
Cached:           463984 kB
SwapCached:            0 kB
Active:           784112 kB
Inactive:         233280 kB
Active(anon):     552416 kB
Inactive(anon):     1532 kB
Active(file):     231696 kB
Inactive(file):   231748 kB
Unevictable:        8304 kB
Mlocked:               0 kB
HighTotal:        802816 kB
HighFree:           3472 kB
LowTotal:         548148 kB
LowFree:           31128 kB
SwapTotal:             0 kB
SwapFree:              0 kB
Dirty:                28 kB
Writeback:             0 kB
AnonPages:        552752 kB
Mapped:           226528 kB
Shmem:              1580 kB
Slab:              35076 kB
SReclaimable:      13248 kB
SUnreclaim:        21828 kB
KernelStack:        9640 kB
PageTables:        20432 kB
NFS_Unstable:          0 kB
Bounce:                0 kB
WritebackTmp:          0 kB
CommitLimit:      675480 kB
Committed_AS:   47775260 kB
VmallocTotal:     253952 kB
VmallocUsed:       95484 kB
VmallocChunk:      58372 kB
Time pass: 98 sec

---2015-12-09 13:43:55
MemTotal:        1350964 kB
MemFree:           67356 kB
Buffers:            9324 kB
Cached:           458940 kB
SwapCached:            0 kB
Active:           778064 kB
Inactive:         223488 kB
Active(anon):     541960 kB
Inactive(anon):     1272 kB
Active(file):     236104 kB
Inactive(file):   222216 kB
Unevictable:        8304 kB
Mlocked:               0 kB
HighTotal:        802816 kB
HighFree:          10812 kB
LowTotal:         548148 kB
LowFree:           56544 kB
SwapTotal:             0 kB
SwapFree:              0 kB
Dirty:                 8 kB
Writeback:            12 kB
AnonPages:        541932 kB
Mapped:           219432 kB
Shmem:              1316 kB
Slab:              35140 kB
SReclaimable:      13248 kB
SUnreclaim:        21892 kB
KernelStack:        9472 kB
PageTables:        20256 kB
NFS_Unstable:          0 kB
Bounce:                0 kB
WritebackTmp:          0 kB
CommitLimit:      675480 kB
Committed_AS:   48483336 kB
VmallocTotal:     253952 kB
VmallocUsed:       96408 kB
VmallocChunk:      38916 kB
Time pass: 102 sec

---2015-12-09 13:43:55
MemTotal:        1350964 kB
MemFree:          223256 kB
Buffers:            9340 kB
Cached:           459288 kB
SwapCached:            0 kB
Active:           702516 kB
Inactive:         222340 kB
Active(anon):     464576 kB
Inactive(anon):     1140 kB
Active(file):     237940 kB
Inactive(file):   221200 kB
Unevictable:        8304 kB
Mlocked:               0 kB
HighTotal:        802816 kB
HighFree:          96424 kB
LowTotal:         548148 kB
LowFree:          126832 kB
SwapTotal:             0 kB
SwapFree:              0 kB
Dirty:               112 kB
Writeback:             0 kB
AnonPages:        464484 kB
Mapped:           189220 kB
Shmem:              1184 kB
Slab:              34844 kB
SReclaimable:      13248 kB
SUnreclaim:        21596 kB
KernelStack:        8624 kB
PageTables:        18784 kB
NFS_Unstable:          0 kB
Bounce:                0 kB
WritebackTmp:          0 kB
CommitLimit:      675480 kB
Committed_AS:   45862192 kB
VmallocTotal:     253952 kB
VmallocUsed:       91812 kB
VmallocChunk:      38916 kB
Time pass: 106 sec

---2015-12-09 13:43:55
MemTotal:        1350964 kB
MemFree:          216624 kB
Buffers:            9396 kB
Cached:           459604 kB
SwapCached:            0 kB
Active:           712640 kB
Inactive:         222312 kB
Active(anon):     474300 kB
Inactive(anon):     1140 kB
Active(file):     238340 kB
Inactive(file):   221172 kB
Unevictable:        8304 kB
Mlocked:               0 kB
HighTotal:        802816 kB
HighFree:          93496 kB
LowTotal:         548148 kB
LowFree:          123128 kB
SwapTotal:             0 kB
SwapFree:              0 kB
Dirty:               828 kB
Writeback:             0 kB
AnonPages:        474132 kB
Mapped:           203080 kB
Shmem:              1184 kB
Slab:              34824 kB
SReclaimable:      13248 kB
SUnreclaim:        21576 kB
KernelStack:        8840 kB
PageTables:        19296 kB
NFS_Unstable:          0 kB
Bounce:                0 kB
WritebackTmp:          0 kB
CommitLimit:      675480 kB
Committed_AS:   46762576 kB
VmallocTotal:     253952 kB
VmallocUsed:       93072 kB
VmallocChunk:      38916 kB
Time pass: 109 sec

---2015-12-09 13:43:55
MemTotal:        1350964 kB
MemFree:          160648 kB
Buffers:            9396 kB
Cached:           460100 kB
SwapCached:            0 kB
Active:           724020 kB
Inactive:         222320 kB
Active(anon):     485248 kB
Inactive(anon):     1268 kB
Active(file):     238772 kB
Inactive(file):   221052 kB
Unevictable:        8304 kB
Mlocked:               0 kB
HighTotal:        802816 kB
HighFree:          61772 kB
LowTotal:         548148 kB
LowFree:           98876 kB
SwapTotal:             0 kB
SwapFree:              0 kB
Dirty:               224 kB
Writeback:             0 kB
AnonPages:        485152 kB
Mapped:           210768 kB
Shmem:              1312 kB
Slab:              34800 kB
SReclaimable:      13248 kB
SUnreclaim:        21552 kB
KernelStack:        9040 kB
PageTables:        19504 kB
NFS_Unstable:          0 kB
Bounce:                0 kB
WritebackTmp:          0 kB
CommitLimit:      675480 kB
Committed_AS:   46831236 kB
VmallocTotal:     253952 kB
VmallocUsed:       93712 kB
VmallocChunk:      38916 kB
Time pass: 113 sec

---2015-12-09 13:43:55
MemTotal:        1350964 kB
MemFree:          134152 kB
Buffers:            9404 kB
Cached:           460500 kB
SwapCached:            0 kB
Active:           738764 kB
Inactive:         222732 kB
Active(anon):     499964 kB
Inactive(anon):     1272 kB
Active(file):     238800 kB
Inactive(file):   221460 kB
Unevictable:        8304 kB
Mlocked:               0 kB
HighTotal:        802816 kB
HighFree:          39116 kB
LowTotal:         548148 kB
LowFree:           95036 kB
SwapTotal:             0 kB
SwapFree:              0 kB
Dirty:               696 kB
Writeback:             0 kB
AnonPages:        499900 kB
Mapped:           212644 kB
Shmem:              1316 kB
Slab:              34808 kB
SReclaimable:      13248 kB
SUnreclaim:        21560 kB
KernelStack:        9112 kB
PageTables:        19592 kB
NFS_Unstable:          0 kB
Bounce:                0 kB
WritebackTmp:          0 kB
CommitLimit:      675480 kB
Committed_AS:   46862412 kB
VmallocTotal:     253952 kB
VmallocUsed:       93712 kB
VmallocChunk:      38916 kB
Time pass: 117 sec

---2015-12-09 13:43:55
MemTotal:        1350964 kB
MemFree:          119588 kB
Buffers:            9420 kB
Cached:           460632 kB
SwapCached:            0 kB
Active:           742180 kB
Inactive:         222608 kB
Active(anon):     503088 kB
Inactive(anon):     1272 kB
Active(file):     239092 kB
Inactive(file):   221336 kB
Unevictable:        8304 kB
Mlocked:               0 kB
HighTotal:        802816 kB
HighFree:          27404 kB
LowTotal:         548148 kB
LowFree:           92184 kB
SwapTotal:             0 kB
SwapFree:              0 kB
Dirty:               280 kB
Writeback:             0 kB
AnonPages:        503136 kB
Mapped:           212916 kB
Shmem:              1316 kB
Slab:              34852 kB
SReclaimable:      13256 kB
SUnreclaim:        21596 kB
KernelStack:        9080 kB
PageTables:        19604 kB
NFS_Unstable:          0 kB
Bounce:                0 kB
WritebackTmp:          0 kB
CommitLimit:      675480 kB
Committed_AS:   46875140 kB
VmallocTotal:     253952 kB
VmallocUsed:       93712 kB
VmallocChunk:      38916 kB
Time pass: 120 sec

---2015-12-09 13:43:55
MemTotal:        1350964 kB
MemFree:          110696 kB
Buffers:            9420 kB
Cached:           460816 kB
SwapCached:            0 kB
Active:           746028 kB
Inactive:         222628 kB
Active(anon):     506716 kB
Inactive(anon):     1272 kB
Active(file):     239312 kB
Inactive(file):   221356 kB
Unevictable:        8304 kB
Mlocked:               0 kB
HighTotal:        802816 kB
HighFree:          19796 kB
LowTotal:         548148 kB
LowFree:           90900 kB
SwapTotal:             0 kB
SwapFree:              0 kB
Dirty:               196 kB
Writeback:             0 kB
AnonPages:        506648 kB
Mapped:           213448 kB
Shmem:              1316 kB
Slab:              34860 kB
SReclaimable:      13256 kB
SUnreclaim:        21604 kB
KernelStack:        9128 kB
PageTables:        19636 kB
NFS_Unstable:          0 kB
Bounce:                0 kB
WritebackTmp:          0 kB
CommitLimit:      675480 kB
Committed_AS:   46884000 kB
VmallocTotal:     253952 kB
VmallocUsed:       93712 kB
VmallocChunk:      38916 kB
Time pass: 124 sec

---2015-12-09 13:43:55
MemTotal:        1350964 kB
MemFree:           91592 kB
Buffers:            9428 kB
Cached:           461028 kB
SwapCached:            0 kB
Active:           751376 kB
Inactive:         222400 kB
Active(anon):     511668 kB
Inactive(anon):     1272 kB
Active(file):     239708 kB
Inactive(file):   221128 kB
Unevictable:        8304 kB
Mlocked:               0 kB
HighTotal:        802816 kB
HighFree:           5244 kB
LowTotal:         548148 kB
LowFree:           86348 kB
SwapTotal:             0 kB
SwapFree:              0 kB
Dirty:              1016 kB
Writeback:             0 kB
AnonPages:        511572 kB
Mapped:           213640 kB
Shmem:              1316 kB
Slab:              34928 kB
SReclaimable:      13256 kB
SUnreclaim:        21672 kB
KernelStack:        9128 kB
PageTables:        19672 kB
NFS_Unstable:          0 kB
Bounce:                0 kB
WritebackTmp:          0 kB
CommitLimit:      675480 kB
Committed_AS:   46901504 kB
VmallocTotal:     253952 kB
VmallocUsed:       93712 kB
VmallocChunk:      38916 kB
Time pass: 127 sec

---2015-12-09 13:43:55
MemTotal:        1350964 kB
MemFree:           89356 kB
Buffers:            9436 kB
Cached:           461020 kB
SwapCached:            0 kB
Active:           751780 kB
Inactive:         222400 kB
Active(anon):     512072 kB
Inactive(anon):     1272 kB
Active(file):     239708 kB
Inactive(file):   221128 kB
Unevictable:        8304 kB
Mlocked:               0 kB
HighTotal:        802816 kB
HighFree:           2976 kB
LowTotal:         548148 kB
LowFree:           86380 kB
SwapTotal:             0 kB
SwapFree:              0 kB
Dirty:                 0 kB
Writeback:             0 kB
AnonPages:        512132 kB
Mapped:           213640 kB
Shmem:              1316 kB
Slab:              34888 kB
SReclaimable:      13256 kB
SUnreclaim:        21632 kB
KernelStack:        9128 kB
PageTables:        19684 kB
NFS_Unstable:          0 kB
Bounce:                0 kB
WritebackTmp:          0 kB
CommitLimit:      675480 kB
Committed_AS:   46904120 kB
VmallocTotal:     253952 kB
VmallocUsed:       93712 kB
VmallocChunk:      38916 kB
Time pass: 131 sec

---2015-12-09 13:43:55
MemTotal:        1350964 kB
MemFree:           89456 kB
Buffers:            9436 kB
Cached:           461028 kB
SwapCached:            0 kB
Active:           751836 kB
Inactive:         222408 kB
Active(anon):     512128 kB
Inactive(anon):     1272 kB
Active(file):     239708 kB
Inactive(file):   221136 kB
Unevictable:        8304 kB
Mlocked:               0 kB
HighTotal:        802816 kB
HighFree:           3200 kB
LowTotal:         548148 kB
LowFree:           86256 kB
SwapTotal:             0 kB
SwapFree:              0 kB
Dirty:                76 kB
Writeback:             0 kB
AnonPages:        512184 kB
Mapped:           213788 kB
Shmem:              1316 kB
Slab:              34956 kB
SReclaimable:      13256 kB
SUnreclaim:        21700 kB
KernelStack:        9128 kB
PageTables:        19684 kB
NFS_Unstable:          0 kB
Bounce:                0 kB
WritebackTmp:          0 kB
CommitLimit:      675480 kB
Committed_AS:   46904000 kB
VmallocTotal:     253952 kB
VmallocUsed:       93712 kB
VmallocChunk:      38916 kB
Time pass: 135 sec

---2015-12-09 13:43:55
MemTotal:        1350964 kB
MemFree:           78792 kB
Buffers:            9452 kB
Cached:           461464 kB
SwapCached:            0 kB
Active:           761548 kB
Inactive:         222744 kB
Active(anon):     521748 kB
Inactive(anon):     1388 kB
Active(file):     239800 kB
Inactive(file):   221356 kB
Unevictable:        8304 kB
Mlocked:               0 kB
HighTotal:        802816 kB
HighFree:           1488 kB
LowTotal:         548148 kB
LowFree:           77304 kB
SwapTotal:             0 kB
SwapFree:              0 kB
Dirty:                56 kB
Writeback:             0 kB
AnonPages:        521784 kB
Mapped:           216584 kB
Shmem:              1456 kB
Slab:              35064 kB
SReclaimable:      13264 kB
SUnreclaim:        21800 kB
KernelStack:        9304 kB
PageTables:        19812 kB
NFS_Unstable:          0 kB
Bounce:                0 kB
WritebackTmp:          0 kB
CommitLimit:      675480 kB
Committed_AS:   46929736 kB
VmallocTotal:     253952 kB
VmallocUsed:       93908 kB
VmallocChunk:      38916 kB
Time pass: 138 sec

---2015-12-09 13:43:55
MemTotal:        1350964 kB
MemFree:           72560 kB
Buffers:            9484 kB
Cached:           461468 kB
SwapCached:            0 kB
Active:           767212 kB
Inactive:         222800 kB
Active(anon):     527412 kB
Inactive(anon):     1412 kB
Active(file):     239800 kB
Inactive(file):   221388 kB
Unevictable:        8304 kB
Mlocked:               0 kB
HighTotal:        802816 kB
HighFree:           1488 kB
LowTotal:         548148 kB
LowFree:           71072 kB
SwapTotal:             0 kB
SwapFree:              0 kB
Dirty:                48 kB
Writeback:             0 kB
AnonPages:        527312 kB
Mapped:           216728 kB
Shmem:              1460 kB
Slab:              35060 kB
SReclaimable:      13264 kB
SUnreclaim:        21796 kB
KernelStack:        9344 kB
PageTables:        19844 kB
NFS_Unstable:          0 kB
Bounce:                0 kB
WritebackTmp:          0 kB
CommitLimit:      675480 kB
Committed_AS:   46930692 kB
VmallocTotal:     253952 kB
VmallocUsed:       94024 kB
VmallocChunk:      38916 kB
Time pass: 142 sec

---2015-12-09 13:43:55
MemTotal:        1350964 kB
MemFree:           64884 kB
Buffers:            9532 kB
Cached:           461568 kB
SwapCached:            0 kB
Active:           772580 kB
Inactive:         222948 kB
Active(anon):     532780 kB
Inactive(anon):     1524 kB
Active(file):     239800 kB
Inactive(file):   221424 kB
Unevictable:        8304 kB
Mlocked:               0 kB
HighTotal:        802816 kB
HighFree:           1488 kB
LowTotal:         548148 kB
LowFree:           63396 kB
SwapTotal:             0 kB
SwapFree:              0 kB
Dirty:                52 kB
Writeback:             0 kB
AnonPages:        532880 kB
Mapped:           217100 kB
Shmem:              1572 kB
Slab:              35052 kB
SReclaimable:      13264 kB
SUnreclaim:        21788 kB
KernelStack:        9352 kB
PageTables:        19916 kB
NFS_Unstable:          0 kB
Bounce:                0 kB
WritebackTmp:          0 kB
CommitLimit:      675480 kB
Committed_AS:   46943216 kB
VmallocTotal:     253952 kB
VmallocUsed:       94244 kB
VmallocChunk:      38916 kB
Time pass: 146 sec

---2015-12-09 13:43:55
MemTotal:        1350964 kB
MemFree:           65196 kB
Buffers:            9532 kB
Cached:           461584 kB
SwapCached:            0 kB
Active:           771964 kB
Inactive:         222964 kB
Active(anon):     532164 kB
Inactive(anon):     1524 kB
Active(file):     239800 kB
Inactive(file):   221440 kB
Unevictable:        8304 kB
Mlocked:               0 kB
HighTotal:        802816 kB
HighFree:           1488 kB
LowTotal:         548148 kB
LowFree:           63708 kB
SwapTotal:             0 kB
SwapFree:              0 kB
Dirty:                48 kB
Writeback:             0 kB
AnonPages:        532016 kB
Mapped:           217100 kB
Shmem:              1572 kB
Slab:              34992 kB
SReclaimable:      13264 kB
SUnreclaim:        21728 kB
KernelStack:        9360 kB
PageTables:        19920 kB
NFS_Unstable:          0 kB
Bounce:                0 kB
WritebackTmp:          0 kB
CommitLimit:      675480 kB
Committed_AS:   46942236 kB
VmallocTotal:     253952 kB
VmallocUsed:       94244 kB
VmallocChunk:      38916 kB
Time pass: 150 sec

---2015-12-09 13:43:55
MemTotal:        1350964 kB
MemFree:           65824 kB
Buffers:            9556 kB
Cached:           461588 kB
SwapCached:            0 kB
Active:           772096 kB
Inactive:         222976 kB
Active(anon):     532296 kB
Inactive(anon):     1528 kB
Active(file):     239800 kB
Inactive(file):   221448 kB
Unevictable:        8304 kB
Mlocked:               0 kB
HighTotal:        802816 kB
HighFree:           2480 kB
LowTotal:         548148 kB
LowFree:           63344 kB
SwapTotal:             0 kB
SwapFree:              0 kB
Dirty:                40 kB
Writeback:             0 kB
AnonPages:        532104 kB
Mapped:           217104 kB
Shmem:              1576 kB
Slab:              34976 kB
SReclaimable:      13264 kB
SUnreclaim:        21712 kB
KernelStack:        9360 kB
PageTables:        19920 kB
NFS_Unstable:          0 kB
Bounce:                0 kB
WritebackTmp:          0 kB
CommitLimit:      675480 kB
Committed_AS:   46942228 kB
VmallocTotal:     253952 kB
VmallocUsed:       94244 kB
VmallocChunk:      38916 kB
Time pass: 154 sec

---2015-12-09 13:43:55
MemTotal:        1350964 kB
MemFree:           65908 kB
Buffers:            9572 kB
Cached:           461588 kB
SwapCached:            0 kB
Active:           772316 kB
Inactive:         223000 kB
Active(anon):     532516 kB
Inactive(anon):     1528 kB
Active(file):     239800 kB
Inactive(file):   221472 kB
Unevictable:        8304 kB
Mlocked:               0 kB
HighTotal:        802816 kB
HighFree:           1688 kB
LowTotal:         548148 kB
LowFree:           64220 kB
SwapTotal:             0 kB
SwapFree:              0 kB
Dirty:                40 kB
Writeback:             0 kB
AnonPages:        532520 kB
Mapped:           217256 kB
Shmem:              1576 kB
Slab:              34988 kB
SReclaimable:      13264 kB
SUnreclaim:        21724 kB
KernelStack:        9352 kB
PageTables:        19920 kB
NFS_Unstable:          0 kB
Bounce:                0 kB
WritebackTmp:          0 kB
CommitLimit:      675480 kB
Committed_AS:   46942360 kB
VmallocTotal:     253952 kB
VmallocUsed:       94244 kB
VmallocChunk:      38916 kB
Time pass: 157 sec

---2015-12-09 13:43:55
MemTotal:        1350964 kB
MemFree:           65664 kB
Buffers:            9572 kB
Cached:           461592 kB
SwapCached:            0 kB
Active:           772876 kB
Inactive:         223012 kB
Active(anon):     533076 kB
Inactive(anon):     1532 kB
Active(file):     239800 kB
Inactive(file):   221480 kB
Unevictable:        8304 kB
Mlocked:               0 kB
HighTotal:        802816 kB
HighFree:           1488 kB
LowTotal:         548148 kB
LowFree:           64176 kB
SwapTotal:             0 kB
SwapFree:              0 kB
Dirty:                40 kB
Writeback:             0 kB
AnonPages:        533284 kB
Mapped:           217212 kB
Shmem:              1580 kB
Slab:              35036 kB
SReclaimable:      13264 kB
SUnreclaim:        21772 kB
KernelStack:        9352 kB
PageTables:        19904 kB
NFS_Unstable:          0 kB
Bounce:                0 kB
WritebackTmp:          0 kB
CommitLimit:      675480 kB
Committed_AS:   46943420 kB
VmallocTotal:     253952 kB
VmallocUsed:       94244 kB
VmallocChunk:      38916 kB
Time pass: 161 sec

---2015-12-09 13:43:55
MemTotal:        1350964 kB
MemFree:           64692 kB
Buffers:            9580 kB
Cached:           461592 kB
SwapCached:            0 kB
Active:           772876 kB
Inactive:         223012 kB
Active(anon):     533076 kB
Inactive(anon):     1532 kB
Active(file):     239800 kB
Inactive(file):   221480 kB
Unevictable:        8304 kB
Mlocked:               0 kB
HighTotal:        802816 kB
HighFree:           1488 kB
LowTotal:         548148 kB
LowFree:           63204 kB
SwapTotal:             0 kB
SwapFree:              0 kB
Dirty:                28 kB
Writeback:             0 kB
AnonPages:        532924 kB
Mapped:           217268 kB
Shmem:              1580 kB
Slab:              34988 kB
SReclaimable:      13264 kB
SUnreclaim:        21724 kB
KernelStack:        9368 kB
PageTables:        19920 kB
NFS_Unstable:          0 kB
Bounce:                0 kB
WritebackTmp:          0 kB
CommitLimit:      675480 kB
Committed_AS:   46943392 kB
VmallocTotal:     253952 kB
VmallocUsed:       94244 kB
VmallocChunk:      38916 kB
Time pass: 165 sec

---2015-12-09 13:43:55
MemTotal:        1350964 kB
MemFree:           64444 kB
Buffers:            9596 kB
Cached:           461592 kB
SwapCached:            0 kB
Active:           773032 kB
Inactive:         223036 kB
Active(anon):     533232 kB
Inactive(anon):     1532 kB
Active(file):     239800 kB
Inactive(file):   221504 kB
Unevictable:        8304 kB
Mlocked:               0 kB
HighTotal:        802816 kB
HighFree:           1488 kB
LowTotal:         548148 kB
LowFree:           62956 kB
SwapTotal:             0 kB
SwapFree:              0 kB
Dirty:                 0 kB
Writeback:             0 kB
AnonPages:        533248 kB
Mapped:           217148 kB
Shmem:              1580 kB
Slab:              35124 kB
SReclaimable:      13264 kB
SUnreclaim:        21860 kB
KernelStack:        9360 kB
PageTables:        19920 kB
NFS_Unstable:          0 kB
Bounce:                0 kB
WritebackTmp:          0 kB
CommitLimit:      675480 kB
Committed_AS:   46943292 kB
VmallocTotal:     253952 kB
VmallocUsed:       94244 kB
VmallocChunk:      38916 kB
Time pass: 169 sec

---2015-12-09 13:43:55
MemTotal:        1350964 kB
MemFree:           63488 kB
Buffers:            9636 kB
Cached:           461576 kB
SwapCached:            0 kB
Active:           774376 kB
Inactive:         223060 kB
Active(anon):     534576 kB
Inactive(anon):     1532 kB
Active(file):     239800 kB
Inactive(file):   221528 kB
Unevictable:        8304 kB
Mlocked:               0 kB
HighTotal:        802816 kB
HighFree:           1488 kB
LowTotal:         548148 kB
LowFree:           62000 kB
SwapTotal:             0 kB
SwapFree:              0 kB
Dirty:                40 kB
Writeback:             0 kB
AnonPages:        534632 kB
Mapped:           217296 kB
Shmem:              1580 kB
Slab:              35116 kB
SReclaimable:      13264 kB
SUnreclaim:        21852 kB
KernelStack:        9336 kB
PageTables:        19924 kB
NFS_Unstable:          0 kB
Bounce:                0 kB
WritebackTmp:          0 kB
CommitLimit:      675480 kB
Committed_AS:   46944440 kB
VmallocTotal:     253952 kB
VmallocUsed:       94244 kB
VmallocChunk:      38916 kB
Time pass: 173 sec

---2015-12-09 13:43:55
MemTotal:        1350964 kB
MemFree:           63184 kB
Buffers:            9636 kB
Cached:           461592 kB
SwapCached:            0 kB
Active:           774168 kB
Inactive:         223076 kB
Active(anon):     534368 kB
Inactive(anon):     1532 kB
Active(file):     239800 kB
Inactive(file):   221544 kB
Unevictable:        8304 kB
Mlocked:               0 kB
HighTotal:        802816 kB
HighFree:           1488 kB
LowTotal:         548148 kB
LowFree:           61696 kB
SwapTotal:             0 kB
SwapFree:              0 kB
Dirty:                40 kB
Writeback:             0 kB
AnonPages:        534756 kB
Mapped:           217296 kB
Shmem:              1580 kB
Slab:              35048 kB
SReclaimable:      13264 kB
SUnreclaim:        21784 kB
KernelStack:        9312 kB
PageTables:        19920 kB
NFS_Unstable:          0 kB
Bounce:                0 kB
WritebackTmp:          0 kB
CommitLimit:      675480 kB
Committed_AS:   46944416 kB
VmallocTotal:     253952 kB
VmallocUsed:       94244 kB
VmallocChunk:      38916 kB
Time pass: 177 sec

---2015-12-09 13:43:55
MemTotal:        1350964 kB
MemFree:           62380 kB
Buffers:            9660 kB
Cached:           461576 kB
SwapCached:            0 kB
Active:           774816 kB
Inactive:         223076 kB
Active(anon):     535016 kB
Inactive(anon):     1532 kB
Active(file):     239800 kB
Inactive(file):   221544 kB
Unevictable:        8304 kB
Mlocked:               0 kB
HighTotal:        802816 kB
HighFree:           1488 kB
LowTotal:         548148 kB
LowFree:           60892 kB
SwapTotal:             0 kB
SwapFree:              0 kB
Dirty:                28 kB
Writeback:             0 kB
AnonPages:        535080 kB
Mapped:           217296 kB
Shmem:              1580 kB
Slab:              35176 kB
SReclaimable:      13264 kB
SUnreclaim:        21912 kB
KernelStack:        9312 kB
PageTables:        19916 kB
NFS_Unstable:          0 kB
Bounce:                0 kB
WritebackTmp:          0 kB
CommitLimit:      675480 kB
Committed_AS:   46944532 kB
VmallocTotal:     253952 kB
VmallocUsed:       94244 kB
VmallocChunk:      38916 kB
Time pass: 181 sec

---2015-12-09 13:43:55
MemTotal:        1350964 kB
MemFree:           62604 kB
Buffers:            9660 kB
Cached:           461592 kB
SwapCached:            0 kB
Active:           774532 kB
Inactive:         223100 kB
Active(anon):     534732 kB
Inactive(anon):     1532 kB
Active(file):     239800 kB
Inactive(file):   221568 kB
Unevictable:        8304 kB
Mlocked:               0 kB
HighTotal:        802816 kB
HighFree:           1488 kB
LowTotal:         548148 kB
LowFree:           61116 kB
SwapTotal:             0 kB
SwapFree:              0 kB
Dirty:                 0 kB
Writeback:             0 kB
AnonPages:        534876 kB
Mapped:           217296 kB
Shmem:              1580 kB
Slab:              35204 kB
SReclaimable:      13264 kB
SUnreclaim:        21940 kB
KernelStack:        9312 kB
PageTables:        19916 kB
NFS_Unstable:          0 kB
Bounce:                0 kB
WritebackTmp:          0 kB
CommitLimit:      675480 kB
Committed_AS:   46944548 kB
VmallocTotal:     253952 kB
VmallocUsed:       94244 kB
VmallocChunk:      38916 kB
Time pass: 185 sec

---2015-12-09 13:43:55
MemTotal:        1350964 kB
MemFree:           63076 kB
Buffers:            9676 kB
Cached:           461592 kB
SwapCached:            0 kB
Active:           774424 kB
Inactive:         223116 kB
Active(anon):     534624 kB
Inactive(anon):     1532 kB
Active(file):     239800 kB
Inactive(file):   221584 kB
Unevictable:        8304 kB
Mlocked:               0 kB
HighTotal:        802816 kB
HighFree:           1488 kB
LowTotal:         548148 kB
LowFree:           61588 kB
SwapTotal:             0 kB
SwapFree:              0 kB
Dirty:                40 kB
Writeback:             0 kB
AnonPages:        534508 kB
Mapped:           217248 kB
Shmem:              1580 kB
Slab:              35028 kB
SReclaimable:      13264 kB
SUnreclaim:        21764 kB
KernelStack:        9304 kB
PageTables:        19904 kB
NFS_Unstable:          0 kB
Bounce:                0 kB
WritebackTmp:          0 kB
CommitLimit:      675480 kB
Committed_AS:   46944380 kB
VmallocTotal:     253952 kB
VmallocUsed:       94244 kB
VmallocChunk:      38916 kB
Time pass: 189 sec

---2015-12-09 13:43:55
MemTotal:        1350964 kB
MemFree:           63120 kB
Buffers:            9700 kB
Cached:           461576 kB
SwapCached:            0 kB
Active:           774344 kB
Inactive:         223112 kB
Active(anon):     534540 kB
Inactive(anon):     1532 kB
Active(file):     239804 kB
Inactive(file):   221580 kB
Unevictable:        8304 kB
Mlocked:               0 kB
HighTotal:        802816 kB
HighFree:           1488 kB
LowTotal:         548148 kB
LowFree:           61632 kB
SwapTotal:             0 kB
SwapFree:              0 kB
Dirty:                36 kB
Writeback:             0 kB
AnonPages:        534604 kB
Mapped:           217296 kB
Shmem:              1580 kB
Slab:              35168 kB
SReclaimable:      13264 kB
SUnreclaim:        21904 kB
KernelStack:        9312 kB
PageTables:        19920 kB
NFS_Unstable:          0 kB
Bounce:                0 kB
WritebackTmp:          0 kB
CommitLimit:      675480 kB
Committed_AS:   46944540 kB
VmallocTotal:     253952 kB
VmallocUsed:       94244 kB
VmallocChunk:      38916 kB
Time pass: 193 sec

---2015-12-09 13:43:55
MemTotal:        1350964 kB
MemFree:           63660 kB
Buffers:            9700 kB
Cached:           461592 kB
SwapCached:            0 kB
Active:           773660 kB
Inactive:         223136 kB
Active(anon):     533856 kB
Inactive(anon):     1532 kB
Active(file):     239804 kB
Inactive(file):   221604 kB
Unevictable:        8304 kB
Mlocked:               0 kB
HighTotal:        802816 kB
HighFree:           1488 kB
LowTotal:         548148 kB
LowFree:           62172 kB
SwapTotal:             0 kB
SwapFree:              0 kB
Dirty:                 0 kB
Writeback:             0 kB
AnonPages:        533868 kB
Mapped:           217296 kB
Shmem:              1580 kB
Slab:              35132 kB
SReclaimable:      13280 kB
SUnreclaim:        21852 kB
KernelStack:        9328 kB
PageTables:        19916 kB
NFS_Unstable:          0 kB
Bounce:                0 kB
WritebackTmp:          0 kB
CommitLimit:      675480 kB
Committed_AS:   46944756 kB
VmallocTotal:     253952 kB
VmallocUsed:       94244 kB
VmallocChunk:      38916 kB
Time pass: 197 sec

---2015-12-09 13:43:55
MemTotal:        1350964 kB
MemFree:           62652 kB
Buffers:            9724 kB
Cached:           461576 kB
SwapCached:            0 kB
Active:           774892 kB
Inactive:         223136 kB
Active(anon):     535088 kB
Inactive(anon):     1532 kB
Active(file):     239804 kB
Inactive(file):   221604 kB
Unevictable:        8304 kB
Mlocked:               0 kB
HighTotal:        802816 kB
HighFree:           1488 kB
LowTotal:         548148 kB
LowFree:           61164 kB
SwapTotal:             0 kB
SwapFree:              0 kB
Dirty:                28 kB
Writeback:             0 kB
AnonPages:        534976 kB
Mapped:           217316 kB
Shmem:              1580 kB
Slab:              35188 kB
SReclaimable:      13280 kB
SUnreclaim:        21908 kB
KernelStack:        9328 kB
PageTables:        19916 kB
NFS_Unstable:          0 kB
Bounce:                0 kB
WritebackTmp:          0 kB
CommitLimit:      675480 kB
Committed_AS:   46944740 kB
VmallocTotal:     253952 kB
VmallocUsed:       94244 kB
VmallocChunk:      38916 kB
Time pass: 201 sec

---2015-12-09 13:43:55
MemTotal:        1350964 kB
MemFree:           63420 kB
Buffers:            9724 kB
Cached:           461592 kB
SwapCached:            0 kB
Active:           774304 kB
Inactive:         223160 kB
Active(anon):     534500 kB
Inactive(anon):     1532 kB
Active(file):     239804 kB
Inactive(file):   221628 kB
Unevictable:        8304 kB
Mlocked:               0 kB
HighTotal:        802816 kB
HighFree:           1488 kB
LowTotal:         548148 kB
LowFree:           61932 kB
SwapTotal:             0 kB
SwapFree:              0 kB
Dirty:                 4 kB
Writeback:             0 kB
AnonPages:        534476 kB
Mapped:           217168 kB
Shmem:              1580 kB
Slab:              35084 kB
SReclaimable:      13280 kB
SUnreclaim:        21804 kB
KernelStack:        9328 kB
PageTables:        19916 kB
NFS_Unstable:          0 kB
Bounce:                0 kB
WritebackTmp:          0 kB
CommitLimit:      675480 kB
Committed_AS:   46944780 kB
VmallocTotal:     253952 kB
VmallocUsed:       94244 kB
VmallocChunk:      38916 kB
Time pass: 205 sec

---2015-12-09 13:43:55
MemTotal:        1350964 kB
MemFree:           63268 kB
Buffers:            9740 kB
Cached:           461592 kB
SwapCached:            0 kB
Active:           774508 kB
Inactive:         223176 kB
Active(anon):     534704 kB
Inactive(anon):     1532 kB
Active(file):     239804 kB
Inactive(file):   221644 kB
Unevictable:        8304 kB
Mlocked:               0 kB
HighTotal:        802816 kB
HighFree:           1488 kB
LowTotal:         548148 kB
LowFree:           61780 kB
SwapTotal:             0 kB
SwapFree:              0 kB
Dirty:                48 kB
Writeback:             0 kB
AnonPages:        534804 kB
Mapped:           217320 kB
Shmem:              1580 kB
Slab:              35108 kB
SReclaimable:      13280 kB
SUnreclaim:        21828 kB
KernelStack:        9312 kB
PageTables:        19916 kB
NFS_Unstable:          0 kB
Bounce:                0 kB
WritebackTmp:          0 kB
CommitLimit:      675480 kB
Committed_AS:   46944780 kB
VmallocTotal:     253952 kB
VmallocUsed:       94244 kB
VmallocChunk:      38916 kB
Time pass: 209 sec

---2015-12-09 13:43:55
MemTotal:        1350964 kB
MemFree:           62772 kB
Buffers:            9764 kB
Cached:           461580 kB
SwapCached:            0 kB
Active:           775108 kB
Inactive:         223184 kB
Active(anon):     535304 kB
Inactive(anon):     1532 kB
Active(file):     239804 kB
Inactive(file):   221652 kB
Unevictable:        8304 kB
Mlocked:               0 kB
HighTotal:        802816 kB
HighFree:           1488 kB
LowTotal:         548148 kB
LowFree:           61284 kB
SwapTotal:             0 kB
SwapFree:              0 kB
Dirty:                28 kB
Writeback:             0 kB
AnonPages:        535352 kB
Mapped:           217324 kB
Shmem:              1584 kB
Slab:              35028 kB
SReclaimable:      13280 kB
SUnreclaim:        21748 kB
KernelStack:        9304 kB
PageTables:        19916 kB
NFS_Unstable:          0 kB
Bounce:                0 kB
WritebackTmp:          0 kB
CommitLimit:      675480 kB
Committed_AS:   46944856 kB
VmallocTotal:     253952 kB
VmallocUsed:       94244 kB
VmallocChunk:      38916 kB
Time pass: 213 sec

---2015-12-09 13:43:55
MemTotal:        1350964 kB
MemFree:           61104 kB
Buffers:            9768 kB
Cached:           461896 kB
SwapCached:            0 kB
Active:           776224 kB
Inactive:         223400 kB
Active(anon):     536312 kB
Inactive(anon):     1536 kB
Active(file):     239912 kB
Inactive(file):   221864 kB
Unevictable:        8304 kB
Mlocked:               0 kB
HighTotal:        802816 kB
HighFree:           1488 kB
LowTotal:         548148 kB
LowFree:           59616 kB
SwapTotal:             0 kB
SwapFree:              0 kB
Dirty:                 0 kB
Writeback:             0 kB
AnonPages:        536332 kB
Mapped:           217540 kB
Shmem:              1584 kB
Slab:              35000 kB
SReclaimable:      13280 kB
SUnreclaim:        21720 kB
KernelStack:        9384 kB
PageTables:        20168 kB
NFS_Unstable:          0 kB
Bounce:                0 kB
WritebackTmp:          0 kB
CommitLimit:      675480 kB
Committed_AS:   47734100 kB
VmallocTotal:     253952 kB
VmallocUsed:       95264 kB
VmallocChunk:      38916 kB
Time pass: 217 sec

---2015-12-09 13:43:55
MemTotal:        1350964 kB
MemFree:           60084 kB
Buffers:            9800 kB
Cached:           461884 kB
SwapCached:            0 kB
Active:           776996 kB
Inactive:         223408 kB
Active(anon):     537072 kB
Inactive(anon):     1536 kB
Active(file):     239924 kB
Inactive(file):   221872 kB
Unevictable:        8304 kB
Mlocked:               0 kB
HighTotal:        802816 kB
HighFree:           1488 kB
LowTotal:         548148 kB
LowFree:           58596 kB
SwapTotal:             0 kB
SwapFree:              0 kB
Dirty:                 0 kB
Writeback:             8 kB
AnonPages:        537248 kB
Mapped:           217392 kB
Shmem:              1584 kB
Slab:              35128 kB
SReclaimable:      13280 kB
SUnreclaim:        21848 kB
KernelStack:        9384 kB
PageTables:        20160 kB
NFS_Unstable:          0 kB
Bounce:                0 kB
WritebackTmp:          0 kB
CommitLimit:      675480 kB
Committed_AS:   47734076 kB
VmallocTotal:     253952 kB
VmallocUsed:       95264 kB
VmallocChunk:      38916 kB
Time pass: 221 sec

---2015-12-09 13:43:55
MemTotal:        1350964 kB
MemFree:           60504 kB
Buffers:            9800 kB
Cached:           461900 kB
SwapCached:            0 kB
Active:           776880 kB
Inactive:         223424 kB
Active(anon):     536956 kB
Inactive(anon):     1536 kB
Active(file):     239924 kB
Inactive(file):   221888 kB
Unevictable:        8304 kB
Mlocked:               0 kB
HighTotal:        802816 kB
HighFree:           1984 kB
LowTotal:         548148 kB
LowFree:           58520 kB
SwapTotal:             0 kB
SwapFree:              0 kB
Dirty:                40 kB
Writeback:             0 kB
AnonPages:        537092 kB
Mapped:           217540 kB
Shmem:              1584 kB
Slab:              35152 kB
SReclaimable:      13280 kB
SUnreclaim:        21872 kB
KernelStack:        9400 kB
PageTables:        20168 kB
NFS_Unstable:          0 kB
Bounce:                0 kB
WritebackTmp:          0 kB
CommitLimit:      675480 kB
Committed_AS:   47734168 kB
VmallocTotal:     253952 kB
VmallocUsed:       95264 kB
VmallocChunk:      38916 kB
Time pass: 225 sec

---2015-12-09 13:43:55
MemTotal:        1350964 kB
MemFree:           59636 kB
Buffers:            9832 kB
Cached:           461892 kB
SwapCached:            0 kB
Active:           776972 kB
Inactive:         223424 kB
Active(anon):     537048 kB
Inactive(anon):     1536 kB
Active(file):     239924 kB
Inactive(file):   221888 kB
Unevictable:        8304 kB
Mlocked:               0 kB
HighTotal:        802816 kB
HighFree:           1488 kB
LowTotal:         548148 kB
LowFree:           58148 kB
SwapTotal:             0 kB
SwapFree:              0 kB
Dirty:                32 kB
Writeback:             0 kB
AnonPages:        536936 kB
Mapped:           217544 kB
Shmem:              1588 kB
Slab:              35020 kB
SReclaimable:      13280 kB
SUnreclaim:        21740 kB
KernelStack:        9376 kB
PageTables:        20160 kB
NFS_Unstable:          0 kB
Bounce:                0 kB
WritebackTmp:          0 kB
CommitLimit:      675480 kB
Committed_AS:   47734156 kB
VmallocTotal:     253952 kB
VmallocUsed:       95264 kB
VmallocChunk:      38916 kB
Time pass: 229 sec

---2015-12-09 13:43:55
MemTotal:        1350964 kB
MemFree:           59016 kB
Buffers:            9832 kB
Cached:           461904 kB
SwapCached:            0 kB
Active:           776700 kB
Inactive:         223460 kB
Active(anon):     536776 kB
Inactive(anon):     1540 kB
Active(file):     239924 kB
Inactive(file):   221920 kB
Unevictable:        8304 kB
Mlocked:               0 kB
HighTotal:        802816 kB
HighFree:           1488 kB
LowTotal:         548148 kB
LowFree:           57528 kB
SwapTotal:             0 kB
SwapFree:              0 kB
Dirty:                 0 kB
Writeback:             0 kB
AnonPages:        537024 kB
Mapped:           217396 kB
Shmem:              1588 kB
Slab:              35084 kB
SReclaimable:      13280 kB
SUnreclaim:        21804 kB
KernelStack:        9384 kB
PageTables:        20168 kB
NFS_Unstable:          0 kB
Bounce:                0 kB
WritebackTmp:          0 kB
CommitLimit:      675480 kB
Committed_AS:   47734048 kB
VmallocTotal:     253952 kB
VmallocUsed:       95264 kB
VmallocChunk:      38916 kB
Time pass: 233 sec

---2015-12-09 13:43:55
MemTotal:        1350964 kB
MemFree:           59368 kB
Buffers:            9856 kB
Cached:           462012 kB
SwapCached:            0 kB
Active:           776564 kB
Inactive:         223572 kB
Active(anon):     536640 kB
Inactive(anon):     1652 kB
Active(file):     239924 kB
Inactive(file):   221920 kB
Unevictable:        8304 kB
Mlocked:               0 kB
HighTotal:        802816 kB
HighFree:           1488 kB
LowTotal:         548148 kB
LowFree:           57880 kB
SwapTotal:             0 kB
SwapFree:              0 kB
Dirty:                40 kB
Writeback:             0 kB
AnonPages:        536796 kB
Mapped:           217684 kB
Shmem:              1712 kB
Slab:              35064 kB
SReclaimable:      13280 kB
SUnreclaim:        21784 kB
KernelStack:        9384 kB
PageTables:        20168 kB
NFS_Unstable:          0 kB
Bounce:                0 kB
WritebackTmp:          0 kB
CommitLimit:      675480 kB
Committed_AS:   47734568 kB
VmallocTotal:     253952 kB
VmallocUsed:       95264 kB
VmallocChunk:      38916 kB
Time pass: 237 sec

---2015-12-09 13:43:55
MemTotal:        1350964 kB
MemFree:           58964 kB
Buffers:            9856 kB
Cached:           462028 kB
SwapCached:            0 kB
Active:           776676 kB
Inactive:         223608 kB
Active(anon):     536752 kB
Inactive(anon):     1664 kB
Active(file):     239924 kB
Inactive(file):   221944 kB
Unevictable:        8304 kB
Mlocked:               0 kB
HighTotal:        802816 kB
HighFree:           1488 kB
LowTotal:         548148 kB
LowFree:           57476 kB
SwapTotal:             0 kB
SwapFree:              0 kB
Dirty:                 0 kB
Writeback:             0 kB
AnonPages:        536804 kB
Mapped:           217536 kB
Shmem:              1712 kB
Slab:              35120 kB
SReclaimable:      13280 kB
SUnreclaim:        21840 kB
KernelStack:        9392 kB
PageTables:        20164 kB
NFS_Unstable:          0 kB
Bounce:                0 kB
WritebackTmp:          0 kB
CommitLimit:      675480 kB
Committed_AS:   47733008 kB
VmallocTotal:     253952 kB
VmallocUsed:       95264 kB
VmallocChunk:      38916 kB
Time pass: 240 sec

---2015-12-09 13:43:55
MemTotal:        1350964 kB
MemFree:           58924 kB
Buffers:            9880 kB
Cached:           462028 kB
SwapCached:            0 kB
Active:           776844 kB
Inactive:         223608 kB
Active(anon):     536920 kB
Inactive(anon):     1664 kB
Active(file):     239924 kB
Inactive(file):   221944 kB
Unevictable:        8304 kB
Mlocked:               0 kB
HighTotal:        802816 kB
HighFree:           1488 kB
LowTotal:         548148 kB
LowFree:           57436 kB
SwapTotal:             0 kB
SwapFree:              0 kB
Dirty:                40 kB
Writeback:             0 kB
AnonPages:        536928 kB
Mapped:           217636 kB
Shmem:              1712 kB
Slab:              35128 kB
SReclaimable:      13280 kB
SUnreclaim:        21848 kB
KernelStack:        9384 kB
PageTables:        20152 kB
NFS_Unstable:          0 kB
Bounce:                0 kB
WritebackTmp:          0 kB
CommitLimit:      675480 kB
Committed_AS:   47734092 kB
VmallocTotal:     253952 kB
VmallocUsed:       95264 kB
VmallocChunk:      38916 kB
Time pass: 245 sec

---2015-12-09 13:43:55
MemTotal:        1350964 kB
MemFree:           57540 kB
Buffers:            9904 kB
Cached:           462028 kB
SwapCached:            0 kB
Active:           778736 kB
Inactive:         223640 kB
Active(anon):     538812 kB
Inactive(anon):     1664 kB
Active(file):     239924 kB
Inactive(file):   221976 kB
Unevictable:        8304 kB
Mlocked:               0 kB
HighTotal:        802816 kB
HighFree:           1488 kB
LowTotal:         548148 kB
LowFree:           56052 kB
SwapTotal:             0 kB
SwapFree:              0 kB
Dirty:                44 kB
Writeback:             4 kB
AnonPages:        538764 kB
Mapped:           217684 kB
Shmem:              1712 kB
Slab:              35244 kB
SReclaimable:      13280 kB
SUnreclaim:        21964 kB
KernelStack:        9384 kB
PageTables:        20168 kB
NFS_Unstable:          0 kB
Bounce:                0 kB
WritebackTmp:          0 kB
CommitLimit:      675480 kB
Committed_AS:   47734840 kB
VmallocTotal:     253952 kB
VmallocUsed:       95264 kB
VmallocChunk:      38916 kB
Time pass: 249 sec

---2015-12-09 13:43:55
MemTotal:        1350964 kB
MemFree:           59064 kB
Buffers:            9904 kB
Cached:           462040 kB
SwapCached:            0 kB
Active:           777304 kB
Inactive:         223668 kB
Active(anon):     537380 kB
Inactive(anon):     1664 kB
Active(file):     239924 kB
Inactive(file):   222004 kB
Unevictable:        8304 kB
Mlocked:               0 kB
HighTotal:        802816 kB
HighFree:           1488 kB
LowTotal:         548148 kB
LowFree:           57576 kB
SwapTotal:             0 kB
SwapFree:              0 kB
Dirty:                 0 kB
Writeback:             0 kB
AnonPages:        537440 kB
Mapped:           217644 kB
Shmem:              1712 kB
Slab:              35096 kB
SReclaimable:      13280 kB
SUnreclaim:        21816 kB
KernelStack:        9376 kB
PageTables:        20152 kB
NFS_Unstable:          0 kB
Bounce:                0 kB
WritebackTmp:          0 kB
CommitLimit:      675480 kB
Committed_AS:   47734340 kB
VmallocTotal:     253952 kB
VmallocUsed:       95264 kB
VmallocChunk:      38916 kB
Time pass: 253 sec

---2015-12-09 13:43:55
MemTotal:        1350964 kB
MemFree:           60268 kB
Buffers:            9928 kB
Cached:           462024 kB
SwapCached:            0 kB
Active:           777300 kB
Inactive:         223668 kB
Active(anon):     537376 kB
Inactive(anon):     1664 kB
Active(file):     239924 kB
Inactive(file):   222004 kB
Unevictable:        8304 kB
Mlocked:               0 kB
HighTotal:        802816 kB
HighFree:           1488 kB
LowTotal:         548148 kB
LowFree:           58780 kB
SwapTotal:             0 kB
SwapFree:              0 kB
Dirty:                36 kB
Writeback:             0 kB
AnonPages:        537388 kB
Mapped:           217692 kB
Shmem:              1712 kB
Slab:              35024 kB
SReclaimable:      13280 kB
SUnreclaim:        21744 kB
KernelStack:        9384 kB
PageTables:        20168 kB
NFS_Unstable:          0 kB
Bounce:                0 kB
WritebackTmp:          0 kB
CommitLimit:      675480 kB
Committed_AS:   47734360 kB
VmallocTotal:     253952 kB
VmallocUsed:       95264 kB
VmallocChunk:      38916 kB
Time pass: 257 sec

---2015-12-09 13:43:55
MemTotal:        1350964 kB
MemFree:           59388 kB
Buffers:            9928 kB
Cached:           462040 kB
SwapCached:            0 kB
Active:           777172 kB
Inactive:         223692 kB
Active(anon):     537248 kB
Inactive(anon):     1664 kB
Active(file):     239924 kB
Inactive(file):   222028 kB
Unevictable:        8304 kB
Mlocked:               0 kB
HighTotal:        802816 kB
HighFree:           1488 kB
LowTotal:         548148 kB
LowFree:           57900 kB
SwapTotal:             0 kB
SwapFree:              0 kB
Dirty:                40 kB
Writeback:             0 kB
AnonPages:        537456 kB
Mapped:           217692 kB
Shmem:              1712 kB
Slab:              35044 kB
SReclaimable:      13280 kB
SUnreclaim:        21764 kB
KernelStack:        9376 kB
PageTables:        20168 kB
NFS_Unstable:          0 kB
Bounce:                0 kB
WritebackTmp:          0 kB
CommitLimit:      675480 kB
Committed_AS:   47734400 kB
VmallocTotal:     253952 kB
VmallocUsed:       95264 kB
VmallocChunk:      38916 kB
Time pass: 261 sec

---2015-12-09 13:43:55
MemTotal:        1350964 kB
MemFree:           59164 kB
Buffers:            9952 kB
Cached:           462024 kB
SwapCached:            0 kB
Active:           777096 kB
Inactive:         223700 kB
Active(anon):     537172 kB
Inactive(anon):     1664 kB
Active(file):     239924 kB
Inactive(file):   222036 kB
Unevictable:        8304 kB
Mlocked:               0 kB
HighTotal:        802816 kB
HighFree:           2232 kB
LowTotal:         548148 kB
LowFree:           56932 kB
SwapTotal:             0 kB
SwapFree:              0 kB
Dirty:                 0 kB
Writeback:             0 kB
AnonPages:        537240 kB
Mapped:           217704 kB
Shmem:              1712 kB
Slab:              35148 kB
SReclaimable:      13280 kB
SUnreclaim:        21868 kB
KernelStack:        9376 kB
PageTables:        20168 kB
NFS_Unstable:          0 kB
Bounce:                0 kB
WritebackTmp:          0 kB
CommitLimit:      675480 kB
Committed_AS:   47734520 kB
VmallocTotal:     253952 kB
VmallocUsed:       95264 kB
VmallocChunk:      38916 kB
Time pass: 265 sec

---2015-12-09 13:43:55
MemTotal:        1350964 kB
MemFree:           58332 kB
Buffers:            9968 kB
Cached:           462040 kB
SwapCached:            0 kB
Active:           777480 kB
Inactive:         223732 kB
Active(anon):     537556 kB
Inactive(anon):     1664 kB
Active(file):     239924 kB
Inactive(file):   222068 kB
Unevictable:        8304 kB
Mlocked:               0 kB
HighTotal:        802816 kB
HighFree:           1488 kB
LowTotal:         548148 kB
LowFree:           56844 kB
SwapTotal:             0 kB
SwapFree:              0 kB
Dirty:                44 kB
Writeback:             0 kB
AnonPages:        537612 kB
Mapped:           217668 kB
Shmem:              1712 kB
Slab:              35264 kB
SReclaimable:      13280 kB
SUnreclaim:        21984 kB
KernelStack:        9368 kB
PageTables:        20156 kB
NFS_Unstable:          0 kB
Bounce:                0 kB
WritebackTmp:          0 kB
CommitLimit:      675480 kB
Committed_AS:   47734424 kB
VmallocTotal:     253952 kB
VmallocUsed:       95264 kB
VmallocChunk:      38916 kB
Time pass: 269 sec

---2015-12-09 13:43:55
MemTotal:        1350964 kB
MemFree:           58332 kB
Buffers:            9968 kB
Cached:           462044 kB
SwapCached:            0 kB
Active:           776932 kB
Inactive:         223732 kB
Active(anon):     537008 kB
Inactive(anon):     1664 kB
Active(file):     239924 kB
Inactive(file):   222068 kB
Unevictable:        8304 kB
Mlocked:               0 kB
HighTotal:        802816 kB
HighFree:           1488 kB
LowTotal:         548148 kB
LowFree:           56844 kB
SwapTotal:             0 kB
SwapFree:              0 kB
Dirty:                 8 kB
Writeback:             0 kB
AnonPages:        536988 kB
Mapped:           217716 kB
Shmem:              1712 kB
Slab:              35216 kB
SReclaimable:      13280 kB
SUnreclaim:        21936 kB
KernelStack:        9376 kB
PageTables:        20168 kB
NFS_Unstable:          0 kB
Bounce:                0 kB
WritebackTmp:          0 kB
CommitLimit:      675480 kB
Committed_AS:   47733660 kB
VmallocTotal:     253952 kB
VmallocUsed:       95264 kB
VmallocChunk:      38916 kB
Time pass: 273 sec

---2015-12-09 13:43:55
MemTotal:        1350964 kB
MemFree:           59164 kB
Buffers:            9976 kB
Cached:           462044 kB
SwapCached:            0 kB
Active:           776060 kB
Inactive:         223736 kB
Active(anon):     536136 kB
Inactive(anon):     1664 kB
Active(file):     239924 kB
Inactive(file):   222072 kB
Unevictable:        8304 kB
Mlocked:               0 kB
HighTotal:        802816 kB
HighFree:           1488 kB
LowTotal:         548148 kB
LowFree:           57676 kB
SwapTotal:             0 kB
SwapFree:              0 kB
Dirty:                36 kB
Writeback:             0 kB
AnonPages:        536288 kB
Mapped:           217716 kB
Shmem:              1712 kB
Slab:              35172 kB
SReclaimable:      13280 kB
SUnreclaim:        21892 kB
KernelStack:        9376 kB
PageTables:        20168 kB
NFS_Unstable:          0 kB
Bounce:                0 kB
WritebackTmp:          0 kB
CommitLimit:      675480 kB
Committed_AS:   47732772 kB
VmallocTotal:     253952 kB
VmallocUsed:       95264 kB
VmallocChunk:      38916 kB
Time pass: 276 sec

---2015-12-09 13:43:55
MemTotal:        1350964 kB
MemFree:           60632 kB
Buffers:            9984 kB
Cached:           462036 kB
SwapCached:            0 kB
Active:           774996 kB
Inactive:         223740 kB
Active(anon):     535068 kB
Inactive(anon):     1664 kB
Active(file):     239928 kB
Inactive(file):   222076 kB
Unevictable:        8304 kB
Mlocked:               0 kB
HighTotal:        802816 kB
HighFree:           1488 kB
LowTotal:         548148 kB
LowFree:           59144 kB
SwapTotal:             0 kB
SwapFree:              0 kB
Dirty:                36 kB
Writeback:             0 kB
AnonPages:        535064 kB
Mapped:           217596 kB
Shmem:              1712 kB
Slab:              35128 kB
SReclaimable:      13280 kB
SUnreclaim:        21848 kB
KernelStack:        9376 kB
PageTables:        20140 kB
NFS_Unstable:          0 kB
Bounce:                0 kB
WritebackTmp:          0 kB
CommitLimit:      675480 kB
Committed_AS:   47731632 kB
VmallocTotal:     253952 kB
VmallocUsed:       95264 kB
VmallocChunk:      38916 kB
Time pass: 280 sec

---2015-12-09 13:43:55
MemTotal:        1350964 kB
MemFree:           60260 kB
Buffers:           10000 kB
Cached:           462028 kB
SwapCached:            0 kB
Active:           776008 kB
Inactive:         223748 kB
Active(anon):     536080 kB
Inactive(anon):     1664 kB
Active(file):     239928 kB
Inactive(file):   222084 kB
Unevictable:        8304 kB
Mlocked:               0 kB
HighTotal:        802816 kB
HighFree:           1488 kB
LowTotal:         548148 kB
LowFree:           58772 kB
SwapTotal:             0 kB
SwapFree:              0 kB
Dirty:                16 kB
Writeback:             0 kB
AnonPages:        536128 kB
Mapped:           217668 kB
Shmem:              1712 kB
Slab:              35092 kB
SReclaimable:      13280 kB
SUnreclaim:        21812 kB
KernelStack:        9360 kB
PageTables:        20148 kB
NFS_Unstable:          0 kB
Bounce:                0 kB
WritebackTmp:          0 kB
CommitLimit:      675480 kB
Committed_AS:   47733440 kB
VmallocTotal:     253952 kB
VmallocUsed:       95264 kB
VmallocChunk:      38916 kB
Time pass: 285 sec

---2015-12-09 13:43:55
MemTotal:        1350964 kB
MemFree:           59768 kB
Buffers:           10024 kB
Cached:           462028 kB
SwapCached:            0 kB
Active:           776172 kB
Inactive:         223772 kB
Active(anon):     536244 kB
Inactive(anon):     1664 kB
Active(file):     239928 kB
Inactive(file):   222108 kB
Unevictable:        8304 kB
Mlocked:               0 kB
HighTotal:        802816 kB
HighFree:           1488 kB
LowTotal:         548148 kB
LowFree:           58280 kB
SwapTotal:             0 kB
SwapFree:              0 kB
Dirty:                48 kB
Writeback:             0 kB
AnonPages:        536336 kB
Mapped:           217716 kB
Shmem:              1712 kB
Slab:              35120 kB
SReclaimable:      13280 kB
SUnreclaim:        21840 kB
KernelStack:        9376 kB
PageTables:        20176 kB
NFS_Unstable:          0 kB
Bounce:                0 kB
WritebackTmp:          0 kB
CommitLimit:      675480 kB
Committed_AS:   47733780 kB
VmallocTotal:     253952 kB
VmallocUsed:       95264 kB
VmallocChunk:      38916 kB
Time pass: 289 sec

---2015-12-09 13:43:55
MemTotal:        1350964 kB
MemFree:           59816 kB
Buffers:           10024 kB
Cached:           462048 kB
SwapCached:            0 kB
Active:           775484 kB
Inactive:         223788 kB
Active(anon):     535556 kB
Inactive(anon):     1664 kB
Active(file):     239928 kB
Inactive(file):   222124 kB
Unevictable:        8304 kB
Mlocked:               0 kB
HighTotal:        802816 kB
HighFree:           1488 kB
LowTotal:         548148 kB
LowFree:           58328 kB
SwapTotal:             0 kB
SwapFree:              0 kB
Dirty:                 8 kB
Writeback:             0 kB
AnonPages:        535692 kB
Mapped:           217716 kB
Shmem:              1712 kB
Slab:              35120 kB
SReclaimable:      13280 kB
SUnreclaim:        21840 kB
KernelStack:        9360 kB
PageTables:        20172 kB
NFS_Unstable:          0 kB
Bounce:                0 kB
WritebackTmp:          0 kB
CommitLimit:      675480 kB
Committed_AS:   47733672 kB
VmallocTotal:     253952 kB
VmallocUsed:       95264 kB
VmallocChunk:      38916 kB
Time pass: 293 sec

---2015-12-09 13:43:55
MemTotal:        1350964 kB
MemFree:           60252 kB
Buffers:           10032 kB
Cached:           462060 kB
SwapCached:            0 kB
Active:           775648 kB
Inactive:         223792 kB
Active(anon):     535708 kB
Inactive(anon):     1664 kB
Active(file):     239940 kB
Inactive(file):   222128 kB
Unevictable:        8304 kB
Mlocked:               0 kB
HighTotal:        802816 kB
HighFree:           1488 kB
LowTotal:         548148 kB
LowFree:           58764 kB
SwapTotal:             0 kB
SwapFree:              0 kB
Dirty:                52 kB
Writeback:             0 kB
AnonPages:        535728 kB
Mapped:           217736 kB
Shmem:              1712 kB
Slab:              35040 kB
SReclaimable:      13280 kB
SUnreclaim:        21760 kB
KernelStack:        9344 kB
PageTables:        20176 kB
NFS_Unstable:          0 kB
Bounce:                0 kB
WritebackTmp:          0 kB
CommitLimit:      675480 kB
Committed_AS:   47733616 kB
VmallocTotal:     253952 kB
VmallocUsed:       95264 kB
VmallocChunk:      38916 kB
Time pass: 297 sec

---2015-12-09 13:43:55
MemTotal:        1350964 kB
MemFree:           66532 kB
Buffers:           10088 kB
Cached:           462076 kB
SwapCached:            0 kB
Active:           770572 kB
Inactive:         223428 kB
Active(anon):     530096 kB
Inactive(anon):     1664 kB
Active(file):     240476 kB
Inactive(file):   221764 kB
Unevictable:        8304 kB
Mlocked:               0 kB
HighTotal:        802816 kB
HighFree:           8488 kB
LowTotal:         548148 kB
LowFree:           58044 kB
SwapTotal:             0 kB
SwapFree:              0 kB
Dirty:                64 kB
Writeback:             0 kB
AnonPages:        530216 kB
Mapped:           209516 kB
Shmem:              1712 kB
Slab:              35100 kB
SReclaimable:      13280 kB
SUnreclaim:        21820 kB
KernelStack:        9440 kB
PageTables:        20124 kB
NFS_Unstable:          0 kB
Bounce:                0 kB
WritebackTmp:          0 kB
CommitLimit:      675480 kB
Committed_AS:   47711656 kB
VmallocTotal:     253952 kB
VmallocUsed:       95264 kB
VmallocChunk:      38916 kB
Time pass: 301 sec

---2015-12-09 13:43:55
MemTotal:        1350964 kB
MemFree:           65440 kB
Buffers:           10104 kB
Cached:           462164 kB
SwapCached:            0 kB
Active:           772160 kB
Inactive:         223400 kB
Active(anon):     531656 kB
Inactive(anon):     1664 kB
Active(file):     240504 kB
Inactive(file):   221736 kB
Unevictable:        8304 kB
Mlocked:               0 kB
HighTotal:        802816 kB
HighFree:           7564 kB
LowTotal:         548148 kB
LowFree:           57876 kB
SwapTotal:             0 kB
SwapFree:              0 kB
Dirty:                 0 kB
Writeback:             0 kB
AnonPages:        531824 kB
Mapped:           209488 kB
Shmem:              1712 kB
Slab:              35080 kB
SReclaimable:      13280 kB
SUnreclaim:        21800 kB
KernelStack:        9272 kB
PageTables:        20068 kB
NFS_Unstable:          0 kB
Bounce:                0 kB
WritebackTmp:          0 kB
CommitLimit:      675480 kB
Committed_AS:   47712228 kB
VmallocTotal:     253952 kB
VmallocUsed:       95264 kB
VmallocChunk:      38916 kB
Time pass: 305 sec

---2015-12-09 13:43:55
MemTotal:        1350964 kB
MemFree:           64688 kB
Buffers:           10104 kB
Cached:           462196 kB
SwapCached:            0 kB
Active:           772360 kB
Inactive:         223444 kB
Active(anon):     531856 kB
Inactive(anon):     1696 kB
Active(file):     240504 kB
Inactive(file):   221748 kB
Unevictable:        8304 kB
Mlocked:               0 kB
HighTotal:        802816 kB
HighFree:           5952 kB
LowTotal:         548148 kB
LowFree:           58736 kB
SwapTotal:             0 kB
SwapFree:              0 kB
Dirty:                 4 kB
Writeback:             0 kB
AnonPages:        531700 kB
Mapped:           209520 kB
Shmem:              1744 kB
Slab:              35044 kB
SReclaimable:      13280 kB
SUnreclaim:        21764 kB
KernelStack:        9272 kB
PageTables:        20068 kB
NFS_Unstable:          0 kB
Bounce:                0 kB
WritebackTmp:          0 kB
CommitLimit:      675480 kB
Committed_AS:   47712008 kB
VmallocTotal:     253952 kB
VmallocUsed:       95264 kB
VmallocChunk:      38916 kB
Time pass: 309 sec

---2015-12-09 13:43:55
MemTotal:        1350964 kB
MemFree:           63792 kB
Buffers:           10128 kB
Cached:           462204 kB
SwapCached:            0 kB
Active:           773320 kB
Inactive:         223468 kB
Active(anon):     532812 kB
Inactive(anon):     1716 kB
Active(file):     240508 kB
Inactive(file):   221752 kB
Unevictable:        8304 kB
Mlocked:               0 kB
HighTotal:        802816 kB
HighFree:           4464 kB
LowTotal:         548148 kB
LowFree:           59328 kB
SwapTotal:             0 kB
SwapFree:              0 kB
Dirty:                40 kB
Writeback:             4 kB
AnonPages:        532696 kB
Mapped:           209588 kB
Shmem:              1764 kB
Slab:              35136 kB
SReclaimable:      13280 kB
SUnreclaim:        21856 kB
KernelStack:        9272 kB
PageTables:        20084 kB
NFS_Unstable:          0 kB
Bounce:                0 kB
WritebackTmp:          0 kB
CommitLimit:      675480 kB
Committed_AS:   47712884 kB
VmallocTotal:     253952 kB
VmallocUsed:       95264 kB
VmallocChunk:      38916 kB
Time pass: 313 sec

---2015-12-09 13:43:55
MemTotal:        1350964 kB
MemFree:           63104 kB
Buffers:           10128 kB
Cached:           462220 kB
SwapCached:            0 kB
Active:           773220 kB
Inactive:         223488 kB
Active(anon):     532712 kB
Inactive(anon):     1716 kB
Active(file):     240508 kB
Inactive(file):   221772 kB
Unevictable:        8304 kB
Mlocked:               0 kB
HighTotal:        802816 kB
HighFree:           3472 kB
LowTotal:         548148 kB
LowFree:           59632 kB
SwapTotal:             0 kB
SwapFree:              0 kB
Dirty:                 4 kB
Writeback:             0 kB
AnonPages:        532736 kB
Mapped:           209588 kB
Shmem:              1764 kB
Slab:              35120 kB
SReclaimable:      13280 kB
SUnreclaim:        21840 kB
KernelStack:        9272 kB
PageTables:        20084 kB
NFS_Unstable:          0 kB
Bounce:                0 kB
WritebackTmp:          0 kB
CommitLimit:      675480 kB
Committed_AS:   47713608 kB
VmallocTotal:     253952 kB
VmallocUsed:       95264 kB
VmallocChunk:      38916 kB
Time pass: 317 sec

---2015-12-09 13:43:55
MemTotal:        1350964 kB
MemFree:           62840 kB
Buffers:           10144 kB
Cached:           462220 kB
SwapCached:            0 kB
Active:           773248 kB
Inactive:         223504 kB
Active(anon):     532740 kB
Inactive(anon):     1716 kB
Active(file):     240508 kB
Inactive(file):   221788 kB
Unevictable:        8304 kB
Mlocked:               0 kB
HighTotal:        802816 kB
HighFree:           2604 kB
LowTotal:         548148 kB
LowFree:           60236 kB
SwapTotal:             0 kB
SwapFree:              0 kB
Dirty:                52 kB
Writeback:             0 kB
AnonPages:        532696 kB
Mapped:           209440 kB
Shmem:              1764 kB
Slab:              35176 kB
SReclaimable:      13280 kB
SUnreclaim:        21896 kB
KernelStack:        9248 kB
PageTables:        20084 kB
NFS_Unstable:          0 kB
Bounce:                0 kB
WritebackTmp:          0 kB
CommitLimit:      675480 kB
Committed_AS:   47714184 kB
VmallocTotal:     253952 kB
VmallocUsed:       95264 kB
VmallocChunk:      38916 kB
Time pass: 321 sec

---2015-12-09 13:43:55
MemTotal:        1350964 kB
MemFree:           62272 kB
Buffers:           10168 kB
Cached:           462204 kB
SwapCached:            0 kB
Active:           774656 kB
Inactive:         223504 kB
Active(anon):     534148 kB
Inactive(anon):     1716 kB
Active(file):     240508 kB
Inactive(file):   221788 kB
Unevictable:        8304 kB
Mlocked:               0 kB
HighTotal:        802816 kB
HighFree:           1488 kB
LowTotal:         548148 kB
LowFree:           60784 kB
SwapTotal:             0 kB
SwapFree:              0 kB
Dirty:                44 kB
Writeback:             0 kB
AnonPages:        534436 kB
Mapped:           209588 kB
Shmem:              1764 kB
Slab:              35152 kB
SReclaimable:      13280 kB
SUnreclaim:        21872 kB
KernelStack:        9248 kB
PageTables:        20088 kB
NFS_Unstable:          0 kB
Bounce:                0 kB
WritebackTmp:          0 kB
CommitLimit:      675480 kB
Committed_AS:   47715044 kB
VmallocTotal:     253952 kB
VmallocUsed:       95264 kB
VmallocChunk:      38916 kB
Time pass: 325 sec

---2015-12-09 13:43:55
MemTotal:        1350964 kB
MemFree:           63636 kB
Buffers:           10168 kB
Cached:           462236 kB
SwapCached:            0 kB
Active:           772572 kB
Inactive:         223540 kB
Active(anon):     532060 kB
Inactive(anon):     1732 kB
Active(file):     240512 kB
Inactive(file):   221808 kB
Unevictable:        8304 kB
Mlocked:               0 kB
HighTotal:        802816 kB
HighFree:           1860 kB
LowTotal:         548148 kB
LowFree:           61776 kB
SwapTotal:             0 kB
SwapFree:              0 kB
Dirty:                40 kB
Writeback:             0 kB
AnonPages:        532116 kB
Mapped:           209604 kB
Shmem:              1780 kB
Slab:              35180 kB
SReclaimable:      13280 kB
SUnreclaim:        21900 kB
KernelStack:        9240 kB
PageTables:        20088 kB
NFS_Unstable:          0 kB
Bounce:                0 kB
WritebackTmp:          0 kB
CommitLimit:      675480 kB
Committed_AS:   47713876 kB
VmallocTotal:     253952 kB
VmallocUsed:       95264 kB
VmallocChunk:      38916 kB
Time pass: 329 sec

---2015-12-09 13:43:55
MemTotal:        1350964 kB
MemFree:           63812 kB
Buffers:           10192 kB
Cached:           462236 kB
SwapCached:            0 kB
Active:           773640 kB
Inactive:         223564 kB
Active(anon):     533128 kB
Inactive(anon):     1732 kB
Active(file):     240512 kB
Inactive(file):   221832 kB
Unevictable:        8304 kB
Mlocked:               0 kB
HighTotal:        802816 kB
HighFree:           1488 kB
LowTotal:         548148 kB
LowFree:           62324 kB
SwapTotal:             0 kB
SwapFree:              0 kB
Dirty:                44 kB
Writeback:             0 kB
AnonPages:        533080 kB
Mapped:           209556 kB
Shmem:              1780 kB
Slab:              35104 kB
SReclaimable:      13280 kB
SUnreclaim:        21824 kB
KernelStack:        9256 kB
PageTables:        20076 kB
NFS_Unstable:          0 kB
Bounce:                0 kB
WritebackTmp:          0 kB
CommitLimit:      675480 kB
Committed_AS:   47713828 kB
VmallocTotal:     253952 kB
VmallocUsed:       95264 kB
VmallocChunk:      38916 kB
Time pass: 333 sec

---2015-12-09 13:43:55
MemTotal:        1350964 kB
MemFree:           64160 kB
Buffers:           10192 kB
Cached:           462240 kB
SwapCached:            0 kB
Active:           773192 kB
Inactive:         223568 kB
Active(anon):     532680 kB
Inactive(anon):     1732 kB
Active(file):     240512 kB
Inactive(file):   221836 kB
Unevictable:        8304 kB
Mlocked:               0 kB
HighTotal:        802816 kB
HighFree:           1488 kB
LowTotal:         548148 kB
LowFree:           62672 kB
SwapTotal:             0 kB
SwapFree:              0 kB
Dirty:                48 kB
Writeback:             0 kB
AnonPages:        532764 kB
Mapped:           209456 kB
Shmem:              1780 kB
Slab:              35100 kB
SReclaimable:      13280 kB
SUnreclaim:        21820 kB
KernelStack:        9256 kB
PageTables:        20092 kB
NFS_Unstable:          0 kB
Bounce:                0 kB
WritebackTmp:          0 kB
CommitLimit:      675480 kB
Committed_AS:   47714088 kB
VmallocTotal:     253952 kB
VmallocUsed:       95264 kB
VmallocChunk:      38916 kB
Time pass: 337 sec

---2015-12-09 13:43:55
MemTotal:        1350964 kB
MemFree:           63392 kB
Buffers:           10220 kB
Cached:           462224 kB
SwapCached:            0 kB
Active:           772704 kB
Inactive:         223576 kB
Active(anon):     532188 kB
Inactive(anon):     1732 kB
Active(file):     240516 kB
Inactive(file):   221844 kB
Unevictable:        8304 kB
Mlocked:               0 kB
HighTotal:        802816 kB
HighFree:           2084 kB
LowTotal:         548148 kB
LowFree:           61308 kB
SwapTotal:             0 kB
SwapFree:              0 kB
Dirty:                44 kB
Writeback:             0 kB
AnonPages:        532372 kB
Mapped:           209604 kB
Shmem:              1780 kB
Slab:              35052 kB
SReclaimable:      13280 kB
SUnreclaim:        21772 kB
KernelStack:        9272 kB
PageTables:        20092 kB
NFS_Unstable:          0 kB
Bounce:                0 kB
WritebackTmp:          0 kB
CommitLimit:      675480 kB
Committed_AS:   47713612 kB
VmallocTotal:     253952 kB
VmallocUsed:       95264 kB
VmallocChunk:      38916 kB
Time pass: 341 sec

---2015-12-09 13:43:55
MemTotal:        1350964 kB
MemFree:           63052 kB
Buffers:           10236 kB
Cached:           462224 kB
SwapCached:            0 kB
Active:           773816 kB
Inactive:         223592 kB
Active(anon):     533300 kB
Inactive(anon):     1732 kB
Active(file):     240516 kB
Inactive(file):   221860 kB
Unevictable:        8304 kB
Mlocked:               0 kB
HighTotal:        802816 kB
HighFree:           1736 kB
LowTotal:         548148 kB
LowFree:           61316 kB
SwapTotal:             0 kB
SwapFree:              0 kB
Dirty:                 4 kB
Writeback:             0 kB
AnonPages:        533348 kB
Mapped:           209604 kB
Shmem:              1780 kB
Slab:              35052 kB
SReclaimable:      13280 kB
SUnreclaim:        21772 kB
KernelStack:        9272 kB
PageTables:        20092 kB
NFS_Unstable:          0 kB
Bounce:                0 kB
WritebackTmp:          0 kB
CommitLimit:      675480 kB
Committed_AS:   47713804 kB
VmallocTotal:     253952 kB
VmallocUsed:       95264 kB
VmallocChunk:      38916 kB
Time pass: 345 sec

---2015-12-09 13:43:55
MemTotal:        1350964 kB
MemFree:           62892 kB
Buffers:           10236 kB
Cached:           462240 kB
SwapCached:            0 kB
Active:           773536 kB
Inactive:         223608 kB
Active(anon):     533020 kB
Inactive(anon):     1732 kB
Active(file):     240516 kB
Inactive(file):   221876 kB
Unevictable:        8304 kB
Mlocked:               0 kB
HighTotal:        802816 kB
HighFree:           1488 kB
LowTotal:         548148 kB
LowFree:           61404 kB
SwapTotal:             0 kB
SwapFree:              0 kB
Dirty:                48 kB
Writeback:             0 kB
AnonPages:        533288 kB
Mapped:           209604 kB
Shmem:              1780 kB
Slab:              35056 kB
SReclaimable:      13280 kB
SUnreclaim:        21776 kB
KernelStack:        9256 kB
PageTables:        20092 kB
NFS_Unstable:          0 kB
Bounce:                0 kB
WritebackTmp:          0 kB
CommitLimit:      675480 kB
Committed_AS:   47713940 kB
VmallocTotal:     253952 kB
VmallocUsed:       95264 kB
VmallocChunk:      38916 kB
Time pass: 349 sec

---2015-12-09 13:43:55
MemTotal:        1350964 kB
MemFree:           62940 kB
Buffers:           10252 kB
Cached:           462232 kB
SwapCached:            0 kB
Active:           773120 kB
Inactive:         223608 kB
Active(anon):     532604 kB
Inactive(anon):     1732 kB
Active(file):     240516 kB
Inactive(file):   221876 kB
Unevictable:        8304 kB
Mlocked:               0 kB
HighTotal:        802816 kB
HighFree:           2828 kB
LowTotal:         548148 kB
LowFree:           60112 kB
SwapTotal:             0 kB
SwapFree:              0 kB
Dirty:                36 kB
Writeback:             0 kB
AnonPages:        532712 kB
Mapped:           209604 kB
