---2015-11-23 17:34:54
MemTotal:        2746844 kB
MemFree:          224060 kB
Buffers:           10524 kB
Cached:           869728 kB
SwapCached:           72 kB
Active:           809332 kB
Inactive:         879048 kB
Active(anon):     396644 kB
Inactive(anon):   431060 kB
Active(file):     412688 kB
Inactive(file):   447988 kB
Unevictable:       36096 kB
Mlocked:           28128 kB
SwapTotal:       1310716 kB
SwapFree:        1301708 kB
Dirty:                 0 kB
Writeback:             0 kB
AnonPages:        844036 kB
Mapped:           404768 kB
Shmem:               228 kB
Slab:             105364 kB
SReclaimable:      31484 kB
SUnreclaim:        73880 kB
KernelStack:       28448 kB
PageTables:        55632 kB
NFS_Unstable:          0 kB
Bounce:                0 kB
WritebackTmp:          0 kB
CommitLimit:     2684136 kB
Committed_AS:   144452480 kB
VmallocTotal:   251658176 kB
VmallocUsed:      307148 kB
VmallocChunk:   247561408 kB
Time pass: 3 sec

---2015-11-23 17:34:54
MemTotal:        2746844 kB
MemFree:          223508 kB
Buffers:           10524 kB
Cached:           869896 kB
SwapCached:           72 kB
Active:           809744 kB
Inactive:         879036 kB
Active(anon):     396936 kB
Inactive(anon):   431012 kB
Active(file):     412808 kB
Inactive(file):   448024 kB
Unevictable:       36096 kB
Mlocked:           28128 kB
SwapTotal:       1310716 kB
SwapFree:        1301708 kB
Dirty:                 0 kB
Writeback:             0 kB
AnonPages:        844508 kB
Mapped:           404868 kB
Shmem:               228 kB
Slab:             105240 kB
SReclaimable:      31484 kB
SUnreclaim:        73756 kB
KernelStack:       28096 kB
PageTables:        55576 kB
NFS_Unstable:          0 kB
Bounce:                0 kB
WritebackTmp:          0 kB
CommitLimit:     2684136 kB
Committed_AS:   144452472 kB
VmallocTotal:   251658176 kB
VmallocUsed:      307148 kB
VmallocChunk:   247561408 kB
Time pass: 7 sec

---2015-11-23 17:34:54
MemTotal:        2746844 kB
MemFree:          223260 kB
Buffers:           10524 kB
Cached:           869896 kB
SwapCached:           72 kB
Active:           810552 kB
Inactive:         879008 kB
Active(anon):     397732 kB
Inactive(anon):   430996 kB
Active(file):     412820 kB
Inactive(file):   448012 kB
Unevictable:       36096 kB
Mlocked:           28128 kB
SwapTotal:       1310716 kB
SwapFree:        1301708 kB
Dirty:                 0 kB
Writeback:             0 kB
AnonPages:        845000 kB
Mapped:           404868 kB
Shmem:               228 kB
Slab:             105288 kB
SReclaimable:      31484 kB
SUnreclaim:        73804 kB
KernelStack:       28096 kB
PageTables:        55576 kB
NFS_Unstable:          0 kB
Bounce:                0 kB
WritebackTmp:          0 kB
CommitLimit:     2684136 kB
Committed_AS:   144452520 kB
VmallocTotal:   251658176 kB
VmallocUsed:      307148 kB
VmallocChunk:   247561408 kB
Time pass: 10 sec

---2015-11-23 17:34:54
MemTotal:        2746844 kB
MemFree:          222692 kB
Buffers:           10524 kB
Cached:           869896 kB
SwapCached:           72 kB
Active:           810792 kB
Inactive:         879008 kB
Active(anon):     397972 kB
Inactive(anon):   430996 kB
Active(file):     412820 kB
Inactive(file):   448012 kB
Unevictable:       36096 kB
Mlocked:           28128 kB
SwapTotal:       1310716 kB
SwapFree:        1301708 kB
Dirty:                 0 kB
Writeback:             0 kB
AnonPages:        845304 kB
Mapped:           404952 kB
Shmem:               228 kB
Slab:             105304 kB
SReclaimable:      31484 kB
SUnreclaim:        73820 kB
KernelStack:       28096 kB
PageTables:        55608 kB
NFS_Unstable:          0 kB
Bounce:                0 kB
WritebackTmp:          0 kB
CommitLimit:     2684136 kB
Committed_AS:   144452464 kB
VmallocTotal:   251658176 kB
VmallocUsed:      307148 kB
VmallocChunk:   247561408 kB
Time pass: 14 sec

---2015-11-23 17:34:54
MemTotal:        2746844 kB
MemFree:          222812 kB
Buffers:           10524 kB
Cached:           869896 kB
SwapCached:           76 kB
Active:           811188 kB
Inactive:         879012 kB
Active(anon):     398368 kB
Inactive(anon):   431000 kB
Active(file):     412820 kB
Inactive(file):   448012 kB
Unevictable:       36096 kB
Mlocked:           28128 kB
SwapTotal:       1310716 kB
SwapFree:        1301708 kB
Dirty:                 0 kB
Writeback:             0 kB
AnonPages:        845504 kB
Mapped:           404952 kB
Shmem:               228 kB
Slab:             105256 kB
SReclaimable:      31484 kB
SUnreclaim:        73772 kB
KernelStack:       28064 kB
PageTables:        55612 kB
NFS_Unstable:          0 kB
Bounce:                0 kB
WritebackTmp:          0 kB
CommitLimit:     2684136 kB
Committed_AS:   144452464 kB
VmallocTotal:   251658176 kB
VmallocUsed:      307148 kB
VmallocChunk:   247561408 kB
Time pass: 17 sec

---2015-11-23 17:34:54
MemTotal:        2746844 kB
MemFree:          184636 kB
Buffers:           10984 kB
Cached:           871484 kB
SwapCached:           84 kB
Active:           829868 kB
Inactive:         879064 kB
Active(anon):     415168 kB
Inactive(anon):   431512 kB
Active(file):     414700 kB
Inactive(file):   447552 kB
Unevictable:       36096 kB
Mlocked:           28128 kB
SwapTotal:       1310716 kB
SwapFree:        1301708 kB
Dirty:               584 kB
Writeback:             0 kB
AnonPages:        862572 kB
Mapped:           423508 kB
Shmem:               740 kB
Slab:             105468 kB
SReclaimable:      31484 kB
SUnreclaim:        73984 kB
KernelStack:       28000 kB
PageTables:        56056 kB
NFS_Unstable:          0 kB
Bounce:                0 kB
WritebackTmp:          0 kB
CommitLimit:     2684136 kB
Committed_AS:   145748584 kB
VmallocTotal:   251658176 kB
VmallocUsed:      312588 kB
VmallocChunk:   247561408 kB
Time pass: 21 sec

---2015-11-23 17:34:54
MemTotal:        2746844 kB
MemFree:           76088 kB
Buffers:           10972 kB
Cached:           855624 kB
SwapCached:           84 kB
Active:           831560 kB
Inactive:         874292 kB
Active(anon):     419500 kB
Inactive(anon):   440216 kB
Active(file):     412060 kB
Inactive(file):   434076 kB
Unevictable:       36096 kB
Mlocked:           28128 kB
SwapTotal:       1310716 kB
SwapFree:        1299776 kB
Dirty:              1756 kB
Writeback:             0 kB
AnonPages:        874612 kB
Mapped:           436624 kB
Shmem:               876 kB
Slab:             105312 kB
SReclaimable:      31516 kB
SUnreclaim:        73796 kB
KernelStack:       29264 kB
PageTables:        56708 kB
NFS_Unstable:          0 kB
Bounce:                0 kB
WritebackTmp:          0 kB
CommitLimit:     2684136 kB
Committed_AS:   145788512 kB
VmallocTotal:   251658176 kB
VmallocUsed:      313540 kB
VmallocChunk:   247561408 kB
Time pass: 24 sec

---2015-11-23 17:34:54
MemTotal:        2746844 kB
MemFree:           95596 kB
Buffers:           10972 kB
Cached:           855232 kB
SwapCached:           84 kB
Active:           816252 kB
Inactive:         868784 kB
Active(anon):     404048 kB
Inactive(anon):   435020 kB
Active(file):     412204 kB
Inactive(file):   433764 kB
Unevictable:       36096 kB
Mlocked:           28128 kB
SwapTotal:       1310716 kB
SwapFree:        1299776 kB
Dirty:                56 kB
Writeback:             0 kB
AnonPages:        854896 kB
Mapped:           436680 kB
Shmem:               876 kB
Slab:             105336 kB
SReclaimable:      31516 kB
SUnreclaim:        73820 kB
KernelStack:       29264 kB
PageTables:        56528 kB
NFS_Unstable:          0 kB
Bounce:                0 kB
WritebackTmp:          0 kB
CommitLimit:     2684136 kB
Committed_AS:   145747180 kB
VmallocTotal:   251658176 kB
VmallocUsed:      313540 kB
VmallocChunk:   247561408 kB
Time pass: 28 sec

---2015-11-23 17:34:54
MemTotal:        2746844 kB
MemFree:           98492 kB
Buffers:           10988 kB
Cached:           855236 kB
SwapCached:           84 kB
Active:           813584 kB
Inactive:         868860 kB
Active(anon):     401436 kB
Inactive(anon):   435020 kB
Active(file):     412148 kB
Inactive(file):   433840 kB
Unevictable:       36096 kB
Mlocked:           28128 kB
SwapTotal:       1310716 kB
SwapFree:        1299776 kB
Dirty:               112 kB
Writeback:             0 kB
AnonPages:        852416 kB
Mapped:           436680 kB
Shmem:               876 kB
Slab:             105304 kB
SReclaimable:      31516 kB
SUnreclaim:        73788 kB
KernelStack:       29216 kB
PageTables:        56528 kB
NFS_Unstable:          0 kB
Bounce:                0 kB
WritebackTmp:          0 kB
CommitLimit:     2684136 kB
Committed_AS:   145747172 kB
VmallocTotal:   251658176 kB
VmallocUsed:      313540 kB
VmallocChunk:   247561408 kB
Time pass: 31 sec

---2015-11-23 17:34:54
MemTotal:        2746844 kB
MemFree:           67000 kB
Buffers:           10896 kB
Cached:           828068 kB
SwapCached:          100 kB
Active:           822900 kB
Inactive:         853476 kB
Active(anon):     423340 kB
Inactive(anon):   434308 kB
Active(file):     399560 kB
Inactive(file):   419168 kB
Unevictable:       36096 kB
Mlocked:           28128 kB
SwapTotal:       1310716 kB
SwapFree:        1294884 kB
Dirty:               168 kB
Writeback:             0 kB
AnonPages:        873592 kB
Mapped:           437012 kB
Shmem:               876 kB
Slab:             105420 kB
SReclaimable:      31616 kB
SUnreclaim:        73804 kB
KernelStack:       29568 kB
PageTables:        56780 kB
NFS_Unstable:          0 kB
Bounce:                0 kB
WritebackTmp:          0 kB
CommitLimit:     2684136 kB
Committed_AS:   145750268 kB
VmallocTotal:   251658176 kB
VmallocUsed:      314328 kB
VmallocChunk:   247561408 kB
Time pass: 38 sec

---2015-11-23 17:34:54
MemTotal:        2746844 kB
MemFree:           71708 kB
Buffers:           10492 kB
Cached:           786444 kB
SwapCached:          220 kB
Active:           808416 kB
Inactive:         839916 kB
Active(anon):     426904 kB
Inactive(anon):   443580 kB
Active(file):     381512 kB
Inactive(file):   396336 kB
Unevictable:       36096 kB
Mlocked:           28128 kB
SwapTotal:       1310716 kB
SwapFree:        1287864 kB
Dirty:               376 kB
Writeback:             0 kB
AnonPages:        886196 kB
Mapped:           435868 kB
Shmem:               880 kB
Slab:             105496 kB
SReclaimable:      31632 kB
SUnreclaim:        73864 kB
KernelStack:       29872 kB
PageTables:        56752 kB
NFS_Unstable:          0 kB
Bounce:                0 kB
WritebackTmp:          0 kB
CommitLimit:     2684136 kB
Committed_AS:   145765072 kB
VmallocTotal:   251658176 kB
VmallocUsed:      315072 kB
VmallocChunk:   247561408 kB
Time pass: 42 sec

---2015-11-23 17:34:54
MemTotal:        2746844 kB
MemFree:           71544 kB
Buffers:           10416 kB
Cached:           773028 kB
SwapCached:          252 kB
Active:           799480 kB
Inactive:         827776 kB
Active(anon):     423012 kB
Inactive(anon):   441048 kB
Active(file):     376468 kB
Inactive(file):   386728 kB
Unevictable:       36100 kB
Mlocked:           28128 kB
SwapTotal:       1310716 kB
SwapFree:        1284264 kB
Dirty:               112 kB
Writeback:             0 kB
AnonPages:        879744 kB
Mapped:           436088 kB
Shmem:               880 kB
Slab:             105628 kB
SReclaimable:      31552 kB
SUnreclaim:        74076 kB
KernelStack:       29760 kB
PageTables:        56752 kB
NFS_Unstable:          0 kB
Bounce:                0 kB
WritebackTmp:          0 kB
CommitLimit:     2684136 kB
Committed_AS:   145765052 kB
VmallocTotal:   251658176 kB
VmallocUsed:      315124 kB
VmallocChunk:   247561408 kB
Time pass: 45 sec

---2015-11-23 17:34:54
MemTotal:        2746844 kB
MemFree:           70308 kB
Buffers:           10452 kB
Cached:           773328 kB
SwapCached:          252 kB
Active:           800412 kB
Inactive:         827828 kB
Active(anon):     423904 kB
Inactive(anon):   440840 kB
Active(file):     376508 kB
Inactive(file):   386988 kB
Unevictable:       36100 kB
Mlocked:           28128 kB
SwapTotal:       1310716 kB
SwapFree:        1284264 kB
Dirty:               196 kB
Writeback:             0 kB
AnonPages:        879992 kB
Mapped:           436164 kB
Shmem:               880 kB
Slab:             105556 kB
SReclaimable:      31552 kB
SUnreclaim:        74004 kB
KernelStack:       29744 kB
PageTables:        56736 kB
NFS_Unstable:          0 kB
Bounce:                0 kB
WritebackTmp:          0 kB
CommitLimit:     2684136 kB
Committed_AS:   145765084 kB
VmallocTotal:   251658176 kB
VmallocUsed:      315124 kB
VmallocChunk:   247561408 kB
Time pass: 49 sec

---2015-11-23 17:34:54
MemTotal:        2746844 kB
MemFree:           65608 kB
Buffers:           10516 kB
Cached:           770764 kB
SwapCached:          272 kB
Active:           796448 kB
Inactive:         825180 kB
Active(anon):     420508 kB
Inactive(anon):   439716 kB
Active(file):     375940 kB
Inactive(file):   385464 kB
Unevictable:       36100 kB
Mlocked:           28128 kB
SwapTotal:       1310716 kB
SwapFree:        1283280 kB
Dirty:               160 kB
Writeback:             0 kB
AnonPages:        875396 kB
Mapped:           435456 kB
Shmem:               880 kB
Slab:             105620 kB
SReclaimable:      31552 kB
SUnreclaim:        74068 kB
KernelStack:       29744 kB
PageTables:        56736 kB
NFS_Unstable:          0 kB
Bounce:                0 kB
WritebackTmp:          0 kB
CommitLimit:     2684136 kB
Committed_AS:   145762532 kB
VmallocTotal:   251658176 kB
VmallocUsed:      315412 kB
VmallocChunk:   247561408 kB
Time pass: 52 sec

---2015-11-23 17:34:54
MemTotal:        2746844 kB
MemFree:           66852 kB
Buffers:           10524 kB
Cached:           770272 kB
SwapCached:          268 kB
Active:           796836 kB
Inactive:         823496 kB
Active(anon):     421068 kB
Inactive(anon):   438744 kB
Active(file):     375768 kB
Inactive(file):   384752 kB
Unevictable:       36100 kB
Mlocked:           28128 kB
SwapTotal:       1310716 kB
SwapFree:        1282760 kB
Dirty:               324 kB
Writeback:             0 kB
AnonPages:        875468 kB
Mapped:           436212 kB
Shmem:               880 kB
Slab:             105688 kB
SReclaimable:      31552 kB
SUnreclaim:        74136 kB
KernelStack:       29744 kB
PageTables:        56736 kB
NFS_Unstable:          0 kB
Bounce:                0 kB
WritebackTmp:          0 kB
CommitLimit:     2684136 kB
Committed_AS:   145762620 kB
VmallocTotal:   251658176 kB
VmallocUsed:      315412 kB
VmallocChunk:   247561408 kB
Time pass: 56 sec

---2015-11-23 17:34:54
MemTotal:        2746844 kB
MemFree:           67548 kB
Buffers:           10096 kB
Cached:           742456 kB
SwapCached:          492 kB
Active:           784428 kB
Inactive:         799200 kB
Active(anon):     420228 kB
Inactive(anon):   430628 kB
Active(file):     364200 kB
Inactive(file):   368572 kB
Unevictable:       36100 kB
Mlocked:           28128 kB
SwapTotal:       1310716 kB
SwapFree:        1272272 kB
Dirty:               600 kB
Writeback:             0 kB
AnonPages:        865828 kB
Mapped:           436468 kB
Shmem:               880 kB
Slab:             105828 kB
SReclaimable:      31572 kB
SUnreclaim:        74256 kB
KernelStack:       29760 kB
PageTables:        56784 kB
NFS_Unstable:          0 kB
Bounce:                0 kB
WritebackTmp:          0 kB
CommitLimit:     2684136 kB
Committed_AS:   145770544 kB
VmallocTotal:   251658176 kB
VmallocUsed:      320052 kB
VmallocChunk:   247561408 kB
Time pass: 59 sec

---2015-11-23 17:34:54
MemTotal:        2746844 kB
MemFree:           64968 kB
Buffers:           10136 kB
Cached:           741120 kB
SwapCached:          740 kB
Active:           789976 kB
Inactive:         795232 kB
Active(anon):     425648 kB
Inactive(anon):   429100 kB
Active(file):     364328 kB
Inactive(file):   366132 kB
Unevictable:       36100 kB
Mlocked:           28128 kB
SwapTotal:       1310716 kB
SwapFree:        1270988 kB
Dirty:               100 kB
Writeback:             0 kB
AnonPages:        870428 kB
Mapped:           437624 kB
Shmem:               880 kB
Slab:             105844 kB
SReclaimable:      31572 kB
SUnreclaim:        74272 kB
KernelStack:       29760 kB
PageTables:        56772 kB
NFS_Unstable:          0 kB
Bounce:                0 kB
WritebackTmp:          0 kB
CommitLimit:     2684136 kB
Committed_AS:   145774648 kB
VmallocTotal:   251658176 kB
VmallocUsed:      320052 kB
VmallocChunk:   247561408 kB
Time pass: 63 sec

---2015-11-23 17:34:54
MemTotal:        2746844 kB
MemFree:           64808 kB
Buffers:           10112 kB
Cached:           738952 kB
SwapCached:          752 kB
Active:           789688 kB
Inactive:         796696 kB
Active(anon):     426808 kB
Inactive(anon):   430756 kB
Active(file):     362880 kB
Inactive(file):   365940 kB
Unevictable:       36100 kB
Mlocked:           28128 kB
SwapTotal:       1310716 kB
SwapFree:        1269408 kB
Dirty:                60 kB
Writeback:             0 kB
AnonPages:        872804 kB
Mapped:           440196 kB
Shmem:               880 kB
Slab:             105880 kB
SReclaimable:      31572 kB
SUnreclaim:        74308 kB
KernelStack:       29888 kB
PageTables:        56796 kB
NFS_Unstable:          0 kB
Bounce:                0 kB
WritebackTmp:          0 kB
CommitLimit:     2684136 kB
Committed_AS:   145778836 kB
VmallocTotal:   251658176 kB
VmallocUsed:      320052 kB
VmallocChunk:   247561408 kB
Time pass: 67 sec

---2015-11-23 17:34:54
MemTotal:        2746844 kB
MemFree:           62336 kB
Buffers:           10144 kB
Cached:           731308 kB
SwapCached:          952 kB
Active:           790088 kB
Inactive:         796112 kB
Active(anon):     431288 kB
Inactive(anon):   433884 kB
Active(file):     358800 kB
Inactive(file):   362228 kB
Unevictable:       36100 kB
Mlocked:           28128 kB
SwapTotal:       1310716 kB
SwapFree:        1265496 kB
Dirty:                 0 kB
Writeback:             0 kB
AnonPages:        879836 kB
Mapped:           441412 kB
Shmem:              1060 kB
Slab:             106284 kB
SReclaimable:      31572 kB
SUnreclaim:        74712 kB
KernelStack:       30224 kB
PageTables:        56956 kB
NFS_Unstable:          0 kB
Bounce:                0 kB
WritebackTmp:          0 kB
CommitLimit:     2684136 kB
Committed_AS:   145798812 kB
VmallocTotal:   251658176 kB
VmallocUsed:      322168 kB
VmallocChunk:   247561408 kB
Time pass: 72 sec

---2015-11-23 17:34:54
MemTotal:        2746844 kB
MemFree:           63660 kB
Buffers:           10156 kB
Cached:           728456 kB
SwapCached:         1372 kB
Active:           789776 kB
Inactive:         795956 kB
Active(anon):     432028 kB
Inactive(anon):   435460 kB
Active(file):     357748 kB
Inactive(file):   360496 kB
Unevictable:       36100 kB
Mlocked:           28128 kB
SwapTotal:       1310716 kB
SwapFree:        1264548 kB
Dirty:                48 kB
Writeback:             0 kB
AnonPages:        882408 kB
Mapped:           440956 kB
Shmem:              1120 kB
Slab:             106220 kB
SReclaimable:      31572 kB
SUnreclaim:        74648 kB
KernelStack:       30176 kB
PageTables:        56964 kB
NFS_Unstable:          0 kB
Bounce:                0 kB
WritebackTmp:          0 kB
CommitLimit:     2684136 kB
Committed_AS:   145802884 kB
VmallocTotal:   251658176 kB
VmallocUsed:      322168 kB
VmallocChunk:   247561408 kB
Time pass: 76 sec

---2015-11-23 17:34:54
MemTotal:        2746844 kB
MemFree:           65556 kB
Buffers:           10180 kB
Cached:           726108 kB
SwapCached:         1372 kB
Active:           788484 kB
Inactive:         793928 kB
Active(anon):     431592 kB
Inactive(anon):   435024 kB
Active(file):     356892 kB
Inactive(file):   358904 kB
Unevictable:       36100 kB
Mlocked:           28128 kB
SwapTotal:       1310716 kB
SwapFree:        1263216 kB
Dirty:                44 kB
Writeback:             0 kB
AnonPages:        881416 kB
Mapped:           440920 kB
Shmem:              1124 kB
Slab:             106248 kB
SReclaimable:      31556 kB
SUnreclaim:        74692 kB
KernelStack:       30176 kB
PageTables:        56964 kB
NFS_Unstable:          0 kB
Bounce:                0 kB
WritebackTmp:          0 kB
CommitLimit:     2684136 kB
Committed_AS:   145802936 kB
VmallocTotal:   251658176 kB
VmallocUsed:      322168 kB
VmallocChunk:   247561408 kB
Time pass: 80 sec

---2015-11-23 17:34:54
MemTotal:        2746844 kB
MemFree:           63980 kB
Buffers:           10188 kB
Cached:           724412 kB
SwapCached:         1376 kB
Active:           786328 kB
Inactive:         794460 kB
Active(anon):     430432 kB
Inactive(anon):   436376 kB
Active(file):     355896 kB
Inactive(file):   358084 kB
Unevictable:       36100 kB
Mlocked:           28128 kB
SwapTotal:       1310716 kB
SwapFree:        1262460 kB
Dirty:                40 kB
Writeback:             0 kB
AnonPages:        881472 kB
Mapped:           440992 kB
Shmem:              1248 kB
Slab:             106256 kB
SReclaimable:      31556 kB
SUnreclaim:        74700 kB
KernelStack:       30160 kB
PageTables:        57072 kB
NFS_Unstable:          0 kB
Bounce:                0 kB
WritebackTmp:          0 kB
CommitLimit:     2684136 kB
Committed_AS:   145811136 kB
VmallocTotal:   251658176 kB
VmallocUsed:      318228 kB
VmallocChunk:   247561408 kB
Time pass: 85 sec

---2015-11-23 17:34:54
MemTotal:        2746844 kB
MemFree:           65556 kB
Buffers:           10204 kB
Cached:           722180 kB
SwapCached:         1384 kB
Active:           786400 kB
Inactive:         792888 kB
Active(anon):     431724 kB
Inactive(anon):   435796 kB
Active(file):     354676 kB
Inactive(file):   357092 kB
Unevictable:       36100 kB
Mlocked:           28128 kB
SwapTotal:       1310716 kB
SwapFree:        1261824 kB
Dirty:                52 kB
Writeback:             0 kB
AnonPages:        882240 kB
Mapped:           440988 kB
Shmem:              1252 kB
Slab:             106256 kB
SReclaimable:      31556 kB
SUnreclaim:        74700 kB
KernelStack:       30160 kB
PageTables:        56976 kB
NFS_Unstable:          0 kB
Bounce:                0 kB
WritebackTmp:          0 kB
CommitLimit:     2684136 kB
Committed_AS:   145815208 kB
VmallocTotal:   251658176 kB
VmallocUsed:      318072 kB
VmallocChunk:   247561408 kB
Time pass: 88 sec

---2015-11-23 17:34:54
MemTotal:        2746844 kB
MemFree:           70632 kB
Buffers:           10208 kB
Cached:           717216 kB
SwapCached:         1412 kB
Active:           785156 kB
Inactive:         782924 kB
Active(anon):     423824 kB
Inactive(anon):   436600 kB
Active(file):     361332 kB
Inactive(file):   346324 kB
Unevictable:       36100 kB
Mlocked:           28128 kB
SwapTotal:       1310716 kB
SwapFree:        1259852 kB
Dirty:               292 kB
Writeback:             0 kB
AnonPages:        874952 kB
Mapped:           441124 kB
Shmem:               880 kB
Slab:             106256 kB
SReclaimable:      31588 kB
SUnreclaim:        74668 kB
KernelStack:       29856 kB
PageTables:        57212 kB
NFS_Unstable:          0 kB
Bounce:                0 kB
WritebackTmp:          0 kB
CommitLimit:     2684136 kB
Committed_AS:   145804344 kB
VmallocTotal:   251658176 kB
VmallocUsed:      315964 kB
VmallocChunk:   247561408 kB
Time pass: 91 sec

---2015-11-23 17:34:54
MemTotal:        2746844 kB
MemFree:          381368 kB
Buffers:           10232 kB
Cached:           717896 kB
SwapCached:         1412 kB
Active:           744440 kB
Inactive:         749448 kB
Active(anon):     350116 kB
Inactive(anon):   436144 kB
Active(file):     394324 kB
Inactive(file):   313304 kB
Unevictable:       36100 kB
Mlocked:           28128 kB
SwapTotal:       1310716 kB
SwapFree:        1259852 kB
Dirty:               332 kB
Writeback:             0 kB
AnonPages:        801492 kB
Mapped:           400868 kB
Shmem:               744 kB
Slab:             106212 kB
SReclaimable:      31572 kB
SUnreclaim:        74640 kB
KernelStack:       28160 kB
PageTables:        55140 kB
NFS_Unstable:          0 kB
Bounce:                0 kB
WritebackTmp:          0 kB
CommitLimit:     2684136 kB
Committed_AS:   142621412 kB
VmallocTotal:   251658176 kB
VmallocUsed:      306888 kB
VmallocChunk:   247561408 kB
Time pass: 95 sec

---2015-11-23 17:34:54
MemTotal:        2746844 kB
MemFree:          402120 kB
Buffers:           10260 kB
Cached:           717928 kB
SwapCached:         1412 kB
Active:           726072 kB
Inactive:         746884 kB
Active(anon):     331700 kB
Inactive(anon):   433228 kB
Active(file):     394372 kB
Inactive(file):   313656 kB
Unevictable:       36100 kB
Mlocked:           28128 kB
SwapTotal:       1310716 kB
SwapFree:        1259852 kB
Dirty:               664 kB
Writeback:             0 kB
AnonPages:        779976 kB
Mapped:           400972 kB
Shmem:               744 kB
Slab:             106216 kB
SReclaimable:      31572 kB
SUnreclaim:        74644 kB
KernelStack:       27984 kB
PageTables:        55076 kB
NFS_Unstable:          0 kB
Bounce:                0 kB
WritebackTmp:          0 kB
CommitLimit:     2684136 kB
Committed_AS:   142621436 kB
VmallocTotal:   251658176 kB
VmallocUsed:      306872 kB
VmallocChunk:   247561408 kB
Time pass: 98 sec

---2015-11-23 17:34:54
MemTotal:        2746844 kB
MemFree:          412120 kB
Buffers:           10260 kB
Cached:           717928 kB
SwapCached:         1412 kB
Active:           726440 kB
Inactive:         746520 kB
Active(anon):     332068 kB
Inactive(anon):   432864 kB
Active(file):     394372 kB
Inactive(file):   313656 kB
Unevictable:       36100 kB
Mlocked:           28128 kB
SwapTotal:       1310716 kB
SwapFree:        1259852 kB
Dirty:                 0 kB
Writeback:             0 kB
AnonPages:        779888 kB
Mapped:           401056 kB
Shmem:               744 kB
Slab:             106080 kB
SReclaimable:      31572 kB
SUnreclaim:        74508 kB
KernelStack:       27968 kB
PageTables:        55104 kB
NFS_Unstable:          0 kB
Bounce:                0 kB
WritebackTmp:          0 kB
CommitLimit:     2684136 kB
Committed_AS:   142621532 kB
VmallocTotal:   251658176 kB
VmallocUsed:      306872 kB
VmallocChunk:   247561408 kB
Time pass: 102 sec

---2015-11-23 17:34:54
MemTotal:        2746844 kB
MemFree:          408760 kB
Buffers:           10268 kB
Cached:           717928 kB
SwapCached:         1412 kB
Active:           729508 kB
Inactive:         746520 kB
Active(anon):     335136 kB
Inactive(anon):   432856 kB
Active(file):     394372 kB
Inactive(file):   313664 kB
Unevictable:       36100 kB
Mlocked:           28128 kB
SwapTotal:       1310716 kB
SwapFree:        1259852 kB
Dirty:                64 kB
Writeback:             0 kB
AnonPages:        782928 kB
Mapped:           401328 kB
Shmem:               744 kB
Slab:             106084 kB
SReclaimable:      31572 kB
SUnreclaim:        74512 kB
KernelStack:       28000 kB
PageTables:        55232 kB
NFS_Unstable:          0 kB
Bounce:                0 kB
WritebackTmp:          0 kB
CommitLimit:     2684136 kB
Committed_AS:   145230872 kB
VmallocTotal:   251658176 kB
VmallocUsed:      306872 kB
VmallocChunk:   247561408 kB
Time pass: 105 sec

---2015-11-23 17:34:54
MemTotal:        2746844 kB
MemFree:          257752 kB
Buffers:           10300 kB
Cached:           720080 kB
SwapCached:         1868 kB
Active:           760540 kB
Inactive:         746492 kB
Active(anon):     363728 kB
Inactive(anon):   433164 kB
Active(file):     396812 kB
Inactive(file):   313328 kB
Unevictable:       36100 kB
Mlocked:           28128 kB
SwapTotal:       1310716 kB
SwapFree:        1259852 kB
Dirty:              1596 kB
Writeback:             0 kB
AnonPages:        811600 kB
Mapped:           433452 kB
Shmem:               880 kB
Slab:             106084 kB
SReclaimable:      31572 kB
SUnreclaim:        74512 kB
KernelStack:       29360 kB
PageTables:        56208 kB
NFS_Unstable:          0 kB
Bounce:                0 kB
WritebackTmp:          0 kB
CommitLimit:     2684136 kB
Committed_AS:   143955652 kB
VmallocTotal:   251658176 kB
VmallocUsed:      308872 kB
VmallocChunk:   247561408 kB
Time pass: 109 sec

---2015-11-23 17:34:54
MemTotal:        2746844 kB
MemFree:          180728 kB
Buffers:           10300 kB
Cached:           721700 kB
SwapCached:         1896 kB
Active:           779956 kB
Inactive:         746860 kB
Active(anon):     381928 kB
Inactive(anon):   433132 kB
Active(file):     398028 kB
Inactive(file):   313728 kB
Unevictable:       36100 kB
Mlocked:           28128 kB
SwapTotal:       1310716 kB
SwapFree:        1259852 kB
Dirty:               580 kB
Writeback:           184 kB
AnonPages:        829496 kB
Mapped:           437924 kB
Shmem:               880 kB
Slab:             106148 kB
SReclaimable:      31572 kB
SUnreclaim:        74576 kB
KernelStack:       29456 kB
PageTables:        56356 kB
NFS_Unstable:          0 kB
Bounce:                0 kB
WritebackTmp:          0 kB
CommitLimit:     2684136 kB
Committed_AS:   143964332 kB
VmallocTotal:   251658176 kB
VmallocUsed:      310172 kB
VmallocChunk:   247561408 kB
Time pass: 113 sec

---2015-11-23 17:34:54
MemTotal:        2746844 kB
MemFree:          181708 kB
Buffers:           10308 kB
Cached:           721732 kB
SwapCached:         1896 kB
Active:           779592 kB
Inactive:         746836 kB
Active(anon):     381544 kB
Inactive(anon):   433088 kB
Active(file):     398048 kB
Inactive(file):   313748 kB
Unevictable:       36100 kB
Mlocked:           28128 kB
SwapTotal:       1310716 kB
SwapFree:        1259852 kB
Dirty:               656 kB
Writeback:             0 kB
AnonPages:        829156 kB
Mapped:           437948 kB
Shmem:               880 kB
Slab:             106176 kB
SReclaimable:      31576 kB
SUnreclaim:        74600 kB
KernelStack:       29456 kB
PageTables:        56204 kB
NFS_Unstable:          0 kB
Bounce:                0 kB
WritebackTmp:          0 kB
CommitLimit:     2684136 kB
Committed_AS:   143964404 kB
VmallocTotal:   251658176 kB
VmallocUsed:      310172 kB
VmallocChunk:   247561408 kB
Time pass: 116 sec

---2015-11-23 17:34:54
MemTotal:        2746844 kB
MemFree:          168068 kB
Buffers:           10316 kB
Cached:           721944 kB
SwapCached:         1896 kB
Active:           782916 kB
Inactive:         746736 kB
Active(anon):     384580 kB
Inactive(anon):   433080 kB
Active(file):     398336 kB
Inactive(file):   313656 kB
Unevictable:       36100 kB
Mlocked:           28128 kB
SwapTotal:       1310716 kB
SwapFree:        1259852 kB
Dirty:               252 kB
Writeback:             0 kB
AnonPages:        831908 kB
Mapped:           437940 kB
Shmem:               880 kB
Slab:             106160 kB
SReclaimable:      31576 kB
SUnreclaim:        74584 kB
KernelStack:       29456 kB
PageTables:        56176 kB
NFS_Unstable:          0 kB
Bounce:                0 kB
WritebackTmp:          0 kB
CommitLimit:     2684136 kB
Committed_AS:   143964484 kB
VmallocTotal:   251658176 kB
VmallocUsed:      310196 kB
VmallocChunk:   247561408 kB
Time pass: 120 sec

---2015-11-23 17:34:54
MemTotal:        2746844 kB
MemFree:          167148 kB
Buffers:           10316 kB
Cached:           721952 kB
SwapCached:         1896 kB
Active:           783060 kB
Inactive:         746716 kB
Active(anon):     384680 kB
Inactive(anon):   433076 kB
Active(file):     398380 kB
Inactive(file):   313640 kB
Unevictable:       36100 kB
Mlocked:           28128 kB
SwapTotal:       1310716 kB
SwapFree:        1259852 kB
Dirty:                 0 kB
Writeback:             0 kB
AnonPages:        832152 kB
Mapped:           438036 kB
Shmem:               880 kB
Slab:             106128 kB
SReclaimable:      31576 kB
SUnreclaim:        74552 kB
KernelStack:       29456 kB
PageTables:        56204 kB
NFS_Unstable:          0 kB
Bounce:                0 kB
WritebackTmp:          0 kB
CommitLimit:     2684136 kB
Committed_AS:   143964540 kB
VmallocTotal:   251658176 kB
VmallocUsed:      310196 kB
VmallocChunk:   247561408 kB
Time pass: 123 sec

---2015-11-23 17:34:54
MemTotal:        2746844 kB
MemFree:          132600 kB
Buffers:           10316 kB
Cached:           722068 kB
SwapCached:         1896 kB
Active:           787620 kB
Inactive:         746552 kB
Active(anon):     389176 kB
Inactive(anon):   432856 kB
Active(file):     398444 kB
Inactive(file):   313696 kB
Unevictable:       36100 kB
Mlocked:           28128 kB
SwapTotal:       1310716 kB
SwapFree:        1259852 kB
Dirty:               528 kB
Writeback:             0 kB
AnonPages:        836352 kB
Mapped:           438036 kB
Shmem:               880 kB
Slab:             106180 kB
SReclaimable:      31608 kB
SUnreclaim:        74572 kB
KernelStack:       29456 kB
PageTables:        56188 kB
NFS_Unstable:          0 kB
Bounce:                0 kB
WritebackTmp:          0 kB
CommitLimit:     2684136 kB
Committed_AS:   143973024 kB
VmallocTotal:   251658176 kB
VmallocUsed:      311192 kB
VmallocChunk:   247561408 kB
Time pass: 127 sec

---2015-11-23 17:34:54
MemTotal:        2746844 kB
MemFree:          133084 kB
Buffers:           10324 kB
Cached:           722068 kB
SwapCached:         1896 kB
Active:           786356 kB
Inactive:         746532 kB
Active(anon):     387912 kB
Inactive(anon):   432836 kB
Active(file):     398444 kB
Inactive(file):   313696 kB
Unevictable:       36100 kB
Mlocked:           28128 kB
SwapTotal:       1310716 kB
SwapFree:        1259852 kB
Dirty:                52 kB
Writeback:             0 kB
AnonPages:        835484 kB
Mapped:           438036 kB
Shmem:               880 kB
Slab:             106180 kB
SReclaimable:      31608 kB
SUnreclaim:        74572 kB
KernelStack:       29456 kB
PageTables:        56184 kB
NFS_Unstable:          0 kB
Bounce:                0 kB
WritebackTmp:          0 kB
CommitLimit:     2684136 kB
Committed_AS:   143973048 kB
VmallocTotal:   251658176 kB
VmallocUsed:      311192 kB
VmallocChunk:   247561408 kB
Time pass: 131 sec

---2015-11-23 17:34:54
MemTotal:        2746844 kB
MemFree:          134880 kB
Buffers:           10324 kB
Cached:           722068 kB
SwapCached:         1896 kB
Active:           786572 kB
Inactive:         746540 kB
Active(anon):     388128 kB
Inactive(anon):   432836 kB
Active(file):     398444 kB
Inactive(file):   313704 kB
Unevictable:       36100 kB
Mlocked:           28128 kB
SwapTotal:       1310716 kB
SwapFree:        1259852 kB
Dirty:                52 kB
Writeback:             0 kB
AnonPages:        835352 kB
Mapped:           438120 kB
Shmem:               880 kB
Slab:             106212 kB
SReclaimable:      31608 kB
SUnreclaim:        74604 kB
KernelStack:       29456 kB
PageTables:        56212 kB
NFS_Unstable:          0 kB
Bounce:                0 kB
WritebackTmp:          0 kB
CommitLimit:     2684136 kB
Committed_AS:   143973124 kB
VmallocTotal:   251658176 kB
VmallocUsed:      311192 kB
VmallocChunk:   247561408 kB
Time pass: 134 sec

---2015-11-23 17:34:54
MemTotal:        2746844 kB
MemFree:          119860 kB
Buffers:           10364 kB
Cached:           722252 kB
SwapCached:         1896 kB
Active:           801608 kB
Inactive:         746684 kB
Active(anon):     403084 kB
Inactive(anon):   433028 kB
Active(file):     398524 kB
Inactive(file):   313656 kB
Unevictable:       36100 kB
Mlocked:           28128 kB
SwapTotal:       1310716 kB
SwapFree:        1259860 kB
Dirty:                80 kB
Writeback:             0 kB
AnonPages:        850660 kB
Mapped:           441112 kB
Shmem:              1072 kB
Slab:             106408 kB
SReclaimable:      31624 kB
SUnreclaim:        74784 kB
KernelStack:       29952 kB
PageTables:        56356 kB
NFS_Unstable:          0 kB
Bounce:                0 kB
WritebackTmp:          0 kB
CommitLimit:     2684136 kB
Committed_AS:   143997404 kB
VmallocTotal:   251658176 kB
VmallocUsed:      313380 kB
VmallocChunk:   247561408 kB
Time pass: 138 sec

---2015-11-23 17:34:54
MemTotal:        2746844 kB
MemFree:           79184 kB
Buffers:           10536 kB
Cached:           735584 kB
SwapCached:         1912 kB
Active:           822244 kB
Inactive:         760004 kB
Active(anon):     423604 kB
Inactive(anon):   433240 kB
Active(file):     398640 kB
Inactive(file):   326764 kB
Unevictable:       36100 kB
Mlocked:           28128 kB
SwapTotal:       1310716 kB
SwapFree:        1259860 kB
Dirty:               124 kB
Writeback:             0 kB
AnonPages:        870984 kB
Mapped:           448572 kB
Shmem:              1292 kB
Slab:             106424 kB
SReclaimable:      31640 kB
SUnreclaim:        74784 kB
KernelStack:       30544 kB
PageTables:        56964 kB
NFS_Unstable:          0 kB
Bounce:                0 kB
WritebackTmp:          0 kB
CommitLimit:     2684136 kB
Committed_AS:   145272840 kB
VmallocTotal:   251658176 kB
VmallocUsed:      314400 kB
VmallocChunk:   247561408 kB
Time pass: 142 sec

---2015-11-23 17:34:54
MemTotal:        2746844 kB
MemFree:           74756 kB
Buffers:           10552 kB
Cached:           735744 kB
SwapCached:         1912 kB
Active:           825864 kB
Inactive:         760236 kB
Active(anon):     427220 kB
Inactive(anon):   433328 kB
Active(file):     398644 kB
Inactive(file):   326908 kB
Unevictable:       36100 kB
Mlocked:           28128 kB
SwapTotal:       1310716 kB
SwapFree:        1259860 kB
Dirty:                 0 kB
Writeback:             0 kB
AnonPages:        874772 kB
Mapped:           449520 kB
Shmem:              1368 kB
Slab:             106588 kB
SReclaimable:      31640 kB
SUnreclaim:        74948 kB
KernelStack:       30624 kB
PageTables:        57008 kB
NFS_Unstable:          0 kB
Bounce:                0 kB
WritebackTmp:          0 kB
CommitLimit:     2684136 kB
Committed_AS:   145273412 kB
VmallocTotal:   251658176 kB
VmallocUsed:      314400 kB
VmallocChunk:   247561408 kB
Time pass: 146 sec

---2015-11-23 17:34:54
MemTotal:        2746844 kB
MemFree:           74084 kB
Buffers:           10568 kB
Cached:           735792 kB
SwapCached:         1912 kB
Active:           826656 kB
Inactive:         760272 kB
Active(anon):     428012 kB
Inactive(anon):   433340 kB
Active(file):     398644 kB
Inactive(file):   326932 kB
Unevictable:       36100 kB
Mlocked:           28128 kB
SwapTotal:       1310716 kB
SwapFree:        1259860 kB
Dirty:                64 kB
Writeback:             0 kB
AnonPages:        875144 kB
Mapped:           449680 kB
Shmem:              1412 kB
Slab:             106696 kB
SReclaimable:      31640 kB
SUnreclaim:        75056 kB
KernelStack:       30656 kB
PageTables:        57036 kB
NFS_Unstable:          0 kB
Bounce:                0 kB
WritebackTmp:          0 kB
CommitLimit:     2684136 kB
Committed_AS:   145273476 kB
VmallocTotal:   251658176 kB
VmallocUsed:      314400 kB
VmallocChunk:   247561408 kB
Time pass: 150 sec

---2015-11-23 17:34:54
MemTotal:        2746844 kB
MemFree:           75460 kB
Buffers:           10576 kB
Cached:           735888 kB
SwapCached:         1912 kB
Active:           827772 kB
Inactive:         760396 kB
Active(anon):     429128 kB
Inactive(anon):   433456 kB
Active(file):     398644 kB
Inactive(file):   326940 kB
Unevictable:       36100 kB
Mlocked:           28128 kB
SwapTotal:       1310716 kB
SwapFree:        1259860 kB
Dirty:                32 kB
Writeback:             0 kB
AnonPages:        876716 kB
Mapped:           449740 kB
Shmem:              1508 kB
Slab:             106580 kB
SReclaimable:      31640 kB
SUnreclaim:        74940 kB
KernelStack:       30688 kB
PageTables:        57052 kB
NFS_Unstable:          0 kB
Bounce:                0 kB
WritebackTmp:          0 kB
CommitLimit:     2684136 kB
Committed_AS:   145277676 kB
VmallocTotal:   251658176 kB
VmallocUsed:      314400 kB
VmallocChunk:   247561408 kB
Time pass: 153 sec

---2015-11-23 17:34:54
MemTotal:        2746844 kB
MemFree:           89068 kB
Buffers:           10616 kB
Cached:           736540 kB
SwapCached:         1912 kB
Active:           823340 kB
Inactive:         752068 kB
Active(anon):     418780 kB
Inactive(anon):   430368 kB
Active(file):     404560 kB
Inactive(file):   321700 kB
Unevictable:       36100 kB
Mlocked:           28128 kB
SwapTotal:       1310716 kB
SwapFree:        1259860 kB
Dirty:               156 kB
Writeback:             0 kB
AnonPages:        862992 kB
Mapped:           442812 kB
Shmem:              1532 kB
Slab:             106552 kB
SReclaimable:      31640 kB
SUnreclaim:        74912 kB
KernelStack:       29984 kB
PageTables:        56424 kB
NFS_Unstable:          0 kB
Bounce:                0 kB
WritebackTmp:          0 kB
CommitLimit:     2684136 kB
Committed_AS:   144009840 kB
VmallocTotal:   251658176 kB
VmallocUsed:      313380 kB
VmallocChunk:   247561408 kB
Time pass: 157 sec

---2015-11-23 17:34:54
MemTotal:        2746844 kB
MemFree:           76028 kB
Buffers:           10616 kB
Cached:           736488 kB
SwapCached:         1912 kB
Active:           835264 kB
Inactive:         752016 kB
Active(anon):     430704 kB
Inactive(anon):   430364 kB
Active(file):     404560 kB
Inactive(file):   321652 kB
Unevictable:       36100 kB
Mlocked:           28128 kB
SwapTotal:       1310716 kB
SwapFree:        1259860 kB
Dirty:                 0 kB
Writeback:             0 kB
AnonPages:        874632 kB
Mapped:           448992 kB
Shmem:              1528 kB
Slab:             106620 kB
SReclaimable:      31640 kB
SUnreclaim:        74980 kB
KernelStack:       30080 kB
PageTables:        56912 kB
NFS_Unstable:          0 kB
Bounce:                0 kB
WritebackTmp:          0 kB
CommitLimit:     2684136 kB
Committed_AS:   145276720 kB
VmallocTotal:   251658176 kB
VmallocUsed:      314400 kB
VmallocChunk:   247561408 kB
Time pass: 160 sec

---2015-11-23 17:34:54
MemTotal:        2746844 kB
MemFree:           76412 kB
Buffers:           10640 kB
Cached:           736488 kB
SwapCached:         1912 kB
Active:           833876 kB
Inactive:         751792 kB
Active(anon):     429184 kB
Inactive(anon):   430248 kB
Active(file):     404692 kB
Inactive(file):   321544 kB
Unevictable:       36100 kB
Mlocked:           28128 kB
SwapTotal:       1310716 kB
SwapFree:        1259860 kB
Dirty:               108 kB
Writeback:             0 kB
AnonPages:        873188 kB
Mapped:           449600 kB
Shmem:              1528 kB
Slab:             106652 kB
SReclaimable:      31640 kB
SUnreclaim:        75012 kB
KernelStack:       30624 kB
PageTables:        57020 kB
NFS_Unstable:          0 kB
Bounce:                0 kB
WritebackTmp:          0 kB
CommitLimit:     2684136 kB
Committed_AS:   145276752 kB
VmallocTotal:   251658176 kB
VmallocUsed:      314400 kB
VmallocChunk:   247561408 kB
Time pass: 164 sec

---2015-11-23 17:34:54
MemTotal:        2746844 kB
MemFree:           75440 kB
Buffers:           10640 kB
Cached:           736488 kB
SwapCached:         1912 kB
Active:           835324 kB
Inactive:         751788 kB
Active(anon):     430632 kB
Inactive(anon):   430244 kB
Active(file):     404692 kB
Inactive(file):   321544 kB
Unevictable:       36100 kB
Mlocked:           28128 kB
SwapTotal:       1310716 kB
SwapFree:        1259860 kB
Dirty:               108 kB
Writeback:             0 kB
AnonPages:        874816 kB
Mapped:           449776 kB
Shmem:              1528 kB
Slab:             106752 kB
SReclaimable:      31640 kB
SUnreclaim:        75112 kB
KernelStack:       30576 kB
PageTables:        57048 kB
NFS_Unstable:          0 kB
Bounce:                0 kB
WritebackTmp:          0 kB
CommitLimit:     2684136 kB
Committed_AS:   145276952 kB
VmallocTotal:   251658176 kB
VmallocUsed:      314400 kB
VmallocChunk:   247561408 kB
Time pass: 167 sec

---2015-11-23 17:34:54
MemTotal:        2746844 kB
MemFree:           73696 kB
Buffers:           10664 kB
Cached:           736472 kB
SwapCached:         1912 kB
Active:           836892 kB
Inactive:         751796 kB
Active(anon):     432200 kB
Inactive(anon):   430244 kB
Active(file):     404692 kB
Inactive(file):   321552 kB
Unevictable:       36100 kB
Mlocked:           28128 kB
SwapTotal:       1310716 kB
SwapFree:        1259860 kB
Dirty:                32 kB
Writeback:             0 kB
AnonPages:        876132 kB
Mapped:           449920 kB
Shmem:              1528 kB
Slab:             106864 kB
SReclaimable:      31640 kB
SUnreclaim:        75224 kB
KernelStack:       30576 kB
PageTables:        57076 kB
NFS_Unstable:          0 kB
Bounce:                0 kB
WritebackTmp:          0 kB
CommitLimit:     2684136 kB
Committed_AS:   145277116 kB
VmallocTotal:   251658176 kB
VmallocUsed:      314400 kB
VmallocChunk:   247561408 kB
Time pass: 171 sec

---2015-11-23 17:34:54
MemTotal:        2746844 kB
MemFree:           75020 kB
Buffers:           10664 kB
Cached:           736492 kB
SwapCached:         1912 kB
Active:           836052 kB
Inactive:         751816 kB
Active(anon):     431360 kB
Inactive(anon):   430244 kB
Active(file):     404692 kB
Inactive(file):   321572 kB
Unevictable:       36100 kB
Mlocked:           28128 kB
SwapTotal:       1310716 kB
SwapFree:        1259860 kB
Dirty:                 4 kB
Writeback:             0 kB
AnonPages:        875472 kB
Mapped:           449924 kB
Shmem:              1528 kB
Slab:             106776 kB
SReclaimable:      31640 kB
SUnreclaim:        75136 kB
KernelStack:       30576 kB
PageTables:        57076 kB
NFS_Unstable:          0 kB
Bounce:                0 kB
WritebackTmp:          0 kB
CommitLimit:     2684136 kB
Committed_AS:   145281348 kB
VmallocTotal:   251658176 kB
VmallocUsed:      314400 kB
VmallocChunk:   247561408 kB
Time pass: 174 sec

---2015-11-23 17:34:54
MemTotal:        2746844 kB
MemFree:           83224 kB
Buffers:           10672 kB
Cached:           736488 kB
SwapCached:         1912 kB
Active:           835472 kB
Inactive:         744660 kB
Active(anon):     423620 kB
Inactive(anon):   430244 kB
Active(file):     411852 kB
Inactive(file):   314416 kB
Unevictable:       36100 kB
Mlocked:           28128 kB
SwapTotal:       1310716 kB
SwapFree:        1259860 kB
Dirty:                60 kB
Writeback:             0 kB
AnonPages:        867908 kB
Mapped:           442880 kB
Shmem:              1528 kB
Slab:             106668 kB
SReclaimable:      31640 kB
SUnreclaim:        75028 kB
KernelStack:       29920 kB
PageTables:        56464 kB
NFS_Unstable:          0 kB
Bounce:                0 kB
WritebackTmp:          0 kB
CommitLimit:     2684136 kB
Committed_AS:   144013920 kB
VmallocTotal:   251658176 kB
VmallocUsed:      313380 kB
VmallocChunk:   247561408 kB
Time pass: 178 sec

---2015-11-23 17:34:54
MemTotal:        2746844 kB
MemFree:           71372 kB
Buffers:           10688 kB
Cached:           736488 kB
SwapCached:         1912 kB
Active:           847776 kB
Inactive:         744680 kB
Active(anon):     435928 kB
Inactive(anon):   430240 kB
Active(file):     411848 kB
Inactive(file):   314440 kB
Unevictable:       36100 kB
Mlocked:           28128 kB
SwapTotal:       1310716 kB
SwapFree:        1259860 kB
Dirty:                36 kB
Writeback:             0 kB
AnonPages:        880276 kB
Mapped:           449720 kB
Shmem:              1528 kB
Slab:             106784 kB
SReclaimable:      31640 kB
SUnreclaim:        75144 kB
KernelStack:       30592 kB
PageTables:        57032 kB
NFS_Unstable:          0 kB
Bounce:                0 kB
WritebackTmp:          0 kB
CommitLimit:     2684136 kB
Committed_AS:   145280800 kB
VmallocTotal:   251658176 kB
VmallocUsed:      314400 kB
VmallocChunk:   247561408 kB
Time pass: 181 sec

---2015-11-23 17:34:54
MemTotal:        2746844 kB
MemFree:           70320 kB
Buffers:           10704 kB
Cached:           736488 kB
SwapCached:         1912 kB
Active:           847880 kB
Inactive:         744668 kB
Active(anon):     436028 kB
Inactive(anon):   430220 kB
Active(file):     411852 kB
Inactive(file):   314448 kB
Unevictable:       36100 kB
Mlocked:           28128 kB
SwapTotal:       1310716 kB
SwapFree:        1259860 kB
Dirty:                76 kB
Writeback:             0 kB
AnonPages:        880196 kB
Mapped:           449688 kB
Shmem:              1528 kB
Slab:             106728 kB
SReclaimable:      31640 kB
SUnreclaim:        75088 kB
KernelStack:       30592 kB
PageTables:        57032 kB
NFS_Unstable:          0 kB
Bounce:                0 kB
WritebackTmp:          0 kB
CommitLimit:     2684136 kB
Committed_AS:   145280980 kB
VmallocTotal:   251658176 kB
VmallocUsed:      314400 kB
VmallocChunk:   247561408 kB
Time pass: 185 sec

---2015-11-23 17:34:54
MemTotal:        2746844 kB
MemFree:           69168 kB
Buffers:           10704 kB
Cached:           736488 kB
SwapCached:         1912 kB
Active:           848364 kB
Inactive:         744668 kB
Active(anon):     436512 kB
Inactive(anon):   430220 kB
Active(file):     411852 kB
Inactive(file):   314448 kB
Unevictable:       36100 kB
Mlocked:           28128 kB
SwapTotal:       1310716 kB
SwapFree:        1259860 kB
Dirty:                76 kB
Writeback:             0 kB
AnonPages:        880696 kB
Mapped:           449776 kB
Shmem:              1528 kB
Slab:             106728 kB
SReclaimable:      31640 kB
SUnreclaim:        75088 kB
KernelStack:       30592 kB
PageTables:        57064 kB
NFS_Unstable:          0 kB
Bounce:                0 kB
WritebackTmp:          0 kB
CommitLimit:     2684136 kB
Committed_AS:   145285084 kB
VmallocTotal:   251658176 kB
VmallocUsed:      314400 kB
VmallocChunk:   247561408 kB
Time pass: 188 sec

---2015-11-23 17:34:54
MemTotal:        2746844 kB
MemFree:           68912 kB
Buffers:           10728 kB
Cached:           737620 kB
SwapCached:         1912 kB
Active:           847052 kB
Inactive:         745816 kB
Active(anon):     435200 kB
Inactive(anon):   430212 kB
Active(file):     411852 kB
Inactive(file):   315604 kB
Unevictable:       36100 kB
Mlocked:           28128 kB
SwapTotal:       1310716 kB
SwapFree:        1259860 kB
Dirty:                36 kB
Writeback:             0 kB
AnonPages:        879192 kB
Mapped:           450024 kB
Shmem:              1520 kB
Slab:             106760 kB
SReclaimable:      31640 kB
SUnreclaim:        75120 kB
KernelStack:       30608 kB
PageTables:        57076 kB
NFS_Unstable:          0 kB
Bounce:                0 kB
WritebackTmp:          0 kB
CommitLimit:     2684136 kB
Committed_AS:   145279352 kB
VmallocTotal:   251658176 kB
VmallocUsed:      314400 kB
VmallocChunk:   247561408 kB
Time pass: 192 sec

---2015-11-23 17:34:54
MemTotal:        2746844 kB
MemFree:           86852 kB
Buffers:           10728 kB
Cached:           737628 kB
SwapCached:         1912 kB
Active:           829808 kB
Inactive:         745824 kB
Active(anon):     417956 kB
Inactive(anon):   430208 kB
Active(file):     411852 kB
Inactive(file):   315616 kB
Unevictable:       36100 kB
Mlocked:           28128 kB
SwapTotal:       1310716 kB
SwapFree:        1260096 kB
Dirty:                48 kB
Writeback:             0 kB
AnonPages:        861944 kB
Mapped:           443076 kB
Shmem:              1520 kB
Slab:             106684 kB
SReclaimable:      31640 kB
SUnreclaim:        75044 kB
KernelStack:       29888 kB
PageTables:        56452 kB
NFS_Unstable:          0 kB
Bounce:                0 kB
WritebackTmp:          0 kB
CommitLimit:     2684136 kB
Committed_AS:   144003444 kB
VmallocTotal:   251658176 kB
VmallocUsed:      313380 kB
VmallocChunk:   247561408 kB
Time pass: 195 sec

---2015-11-23 17:34:54
MemTotal:        2746844 kB
MemFree:           79196 kB
Buffers:           10736 kB
Cached:           737628 kB
SwapCached:         1912 kB
Active:           838260 kB
Inactive:         745824 kB
Active(anon):     426400 kB
Inactive(anon):   430204 kB
Active(file):     411860 kB
Inactive(file):   315620 kB
Unevictable:       36100 kB
Mlocked:           28128 kB
SwapTotal:       1310716 kB
SwapFree:        1260096 kB
Dirty:                68 kB
Writeback:             0 kB
AnonPages:        870712 kB
Mapped:           449092 kB
Shmem:              1520 kB
Slab:             106640 kB
SReclaimable:      31640 kB
SUnreclaim:        75000 kB
KernelStack:       30416 kB
PageTables:        56952 kB
NFS_Unstable:          0 kB
Bounce:                0 kB
WritebackTmp:          0 kB
CommitLimit:     2684136 kB
Committed_AS:   145269784 kB
VmallocTotal:   251658176 kB
VmallocUsed:      314400 kB
VmallocChunk:   247561408 kB
Time pass: 199 sec

---2015-11-23 17:34:54
MemTotal:        2746844 kB
MemFree:           82184 kB
Buffers:           10752 kB
Cached:           737628 kB
SwapCached:         1912 kB
Active:           840244 kB
Inactive:         745844 kB
Active(anon):     428396 kB
Inactive(anon):   430196 kB
Active(file):     411848 kB
Inactive(file):   315648 kB
Unevictable:       36100 kB
Mlocked:           28128 kB
SwapTotal:       1310716 kB
SwapFree:        1260096 kB
Dirty:                36 kB
Writeback:             0 kB
AnonPages:        872488 kB
Mapped:           449948 kB
Shmem:              1520 kB
Slab:             106732 kB
SReclaimable:      31640 kB
SUnreclaim:        75092 kB
KernelStack:       30480 kB
PageTables:        57056 kB
NFS_Unstable:          0 kB
Bounce:                0 kB
WritebackTmp:          0 kB
CommitLimit:     2684136 kB
Committed_AS:   145270452 kB
VmallocTotal:   251658176 kB
VmallocUsed:      314400 kB
VmallocChunk:   247561408 kB
Time pass: 202 sec

---2015-11-23 17:34:54
MemTotal:        2746844 kB
MemFree:           82272 kB
Buffers:           10760 kB
Cached:           737712 kB
SwapCached:         1912 kB
Active:           840556 kB
Inactive:         745844 kB
Active(anon):     428704 kB
Inactive(anon):   430136 kB
Active(file):     411852 kB
Inactive(file):   315708 kB
Unevictable:       36100 kB
Mlocked:           28128 kB
SwapTotal:       1310716 kB
SwapFree:        1260096 kB
Dirty:                52 kB
Writeback:             0 kB
AnonPages:        872736 kB
Mapped:           449896 kB
Shmem:              1520 kB
Slab:             106752 kB
SReclaimable:      31640 kB
SUnreclaim:        75112 kB
KernelStack:       30560 kB
PageTables:        57024 kB
NFS_Unstable:          0 kB
Bounce:                0 kB
WritebackTmp:          0 kB
CommitLimit:     2684136 kB
Committed_AS:   145270404 kB
VmallocTotal:   251658176 kB
VmallocUsed:      314400 kB
VmallocChunk:   247561408 kB
Time pass: 206 sec

---2015-11-23 17:34:54
MemTotal:        2746844 kB
MemFree:           81132 kB
Buffers:           10776 kB
Cached:           737712 kB
SwapCached:         1912 kB
Active:           841636 kB
Inactive:         745888 kB
Active(anon):     429784 kB
Inactive(anon):   430136 kB
Active(file):     411852 kB
Inactive(file):   315752 kB
Unevictable:       36100 kB
Mlocked:           28128 kB
SwapTotal:       1310716 kB
SwapFree:        1260096 kB
Dirty:                60 kB
Writeback:             0 kB
AnonPages:        873648 kB
Mapped:           449900 kB
Shmem:              1520 kB
Slab:             106824 kB
SReclaimable:      31640 kB
SUnreclaim:        75184 kB
KernelStack:       30560 kB
PageTables:        57028 kB
NFS_Unstable:          0 kB
Bounce:                0 kB
WritebackTmp:          0 kB
CommitLimit:     2684136 kB
Committed_AS:   145270628 kB
VmallocTotal:   251658176 kB
VmallocUsed:      314400 kB
VmallocChunk:   247561408 kB
Time pass: 209 sec

---2015-11-23 17:34:54
MemTotal:        2746844 kB
MemFree:           80712 kB
Buffers:           10792 kB
Cached:           737720 kB
SwapCached:         1912 kB
Active:           842312 kB
Inactive:         745892 kB
Active(anon):     430460 kB
Inactive(anon):   430140 kB
Active(file):     411852 kB
Inactive(file):   315752 kB
Unevictable:       36100 kB
Mlocked:           28128 kB
SwapTotal:       1310716 kB
SwapFree:        1260096 kB
Dirty:                40 kB
Writeback:             0 kB
AnonPages:        874704 kB
Mapped:           449968 kB
Shmem:              1528 kB
Slab:             106800 kB
SReclaimable:      31640 kB
SUnreclaim:        75160 kB
KernelStack:       30560 kB
PageTables:        57036 kB
NFS_Unstable:          0 kB
Bounce:                0 kB
WritebackTmp:          0 kB
CommitLimit:     2684136 kB
Committed_AS:   145270772 kB
VmallocTotal:   251658176 kB
VmallocUsed:      314400 kB
VmallocChunk:   247561408 kB
Time pass: 213 sec

---2015-11-23 17:34:54
MemTotal:        2746844 kB
MemFree:           89932 kB
Buffers:           10812 kB
Cached:           737724 kB
SwapCached:         1912 kB
Active:           835892 kB
Inactive:         745864 kB
Active(anon):     424032 kB
Inactive(anon):   430104 kB
Active(file):     411860 kB
Inactive(file):   315760 kB
Unevictable:       36100 kB
Mlocked:           28128 kB
SwapTotal:       1310716 kB
SwapFree:        1260096 kB
Dirty:                52 kB
Writeback:             0 kB
AnonPages:        868020 kB
Mapped:           443032 kB
Shmem:              1552 kB
Slab:             106840 kB
SReclaimable:      31640 kB
SUnreclaim:        75200 kB
KernelStack:       29856 kB
PageTables:        56440 kB
NFS_Unstable:          0 kB
Bounce:                0 kB
WritebackTmp:          0 kB
CommitLimit:     2684136 kB
Committed_AS:   144003368 kB
VmallocTotal:   251658176 kB
VmallocUsed:      313380 kB
VmallocChunk:   247561408 kB
Time pass: 216 sec

---2015-11-23 17:34:54
MemTotal:        2746844 kB
MemFree:           76844 kB
Buffers:           10836 kB
Cached:           737744 kB
SwapCached:         1912 kB
Active:           848100 kB
Inactive:         745784 kB
Active(anon):     436240 kB
Inactive(anon):   429980 kB
Active(file):     411860 kB
Inactive(file):   315804 kB
Unevictable:       36100 kB
Mlocked:           28128 kB
SwapTotal:       1310716 kB
SwapFree:        1260096 kB
Dirty:               152 kB
Writeback:             0 kB
AnonPages:        879988 kB
Mapped:           449924 kB
Shmem:              1552 kB
Slab:             106784 kB
SReclaimable:      31640 kB
SUnreclaim:        75144 kB
KernelStack:       30560 kB
PageTables:        57040 kB
NFS_Unstable:          0 kB
Bounce:                0 kB
WritebackTmp:          0 kB
CommitLimit:     2684136 kB
Committed_AS:   145270272 kB
VmallocTotal:   251658176 kB
VmallocUsed:      314400 kB
VmallocChunk:   247561408 kB
Time pass: 220 sec

---2015-11-23 17:34:54
MemTotal:        2746844 kB
MemFree:           76472 kB
Buffers:           10836 kB
Cached:           737756 kB
SwapCached:         1912 kB
Active:           848148 kB
Inactive:         745772 kB
Active(anon):     436288 kB
Inactive(anon):   429968 kB
Active(file):     411860 kB
Inactive(file):   315804 kB
Unevictable:       36100 kB
Mlocked:           28128 kB
SwapTotal:       1310716 kB
SwapFree:        1260096 kB
Dirty:                 0 kB
Writeback:             0 kB
AnonPages:        879792 kB
Mapped:           450020 kB
Shmem:              1564 kB
Slab:             106776 kB
SReclaimable:      31640 kB
SUnreclaim:        75136 kB
KernelStack:       30560 kB
PageTables:        57068 kB
NFS_Unstable:          0 kB
Bounce:                0 kB
WritebackTmp:          0 kB
CommitLimit:     2684136 kB
Committed_AS:   145270400 kB
VmallocTotal:   251658176 kB
VmallocUsed:      314400 kB
VmallocChunk:   247561408 kB
Time pass: 223 sec

---2015-11-23 17:34:54
MemTotal:        2746844 kB
MemFree:           74736 kB
Buffers:           10868 kB
Cached:           737756 kB
SwapCached:         1912 kB
Active:           849948 kB
Inactive:         745776 kB
Active(anon):     438088 kB
Inactive(anon):   429936 kB
Active(file):     411860 kB
Inactive(file):   315840 kB
Unevictable:       36100 kB
Mlocked:           28128 kB
SwapTotal:       1310716 kB
SwapFree:        1260096 kB
Dirty:                88 kB
Writeback:             0 kB
AnonPages:        882040 kB
Mapped:           449992 kB
Shmem:              1564 kB
Slab:             106760 kB
SReclaimable:      31640 kB
SUnreclaim:        75120 kB
KernelStack:       30576 kB
PageTables:        57048 kB
NFS_Unstable:          0 kB
Bounce:                0 kB
WritebackTmp:          0 kB
CommitLimit:     2684136 kB
Committed_AS:   145271064 kB
VmallocTotal:   251658176 kB
VmallocUsed:      314400 kB
VmallocChunk:   247561408 kB
Time pass: 230 sec

---2015-11-23 17:34:54
MemTotal:        2746844 kB
MemFree:           83292 kB
Buffers:           10876 kB
Cached:           737756 kB
SwapCached:         1912 kB
Active:           842392 kB
Inactive:         745776 kB
Active(anon):     430532 kB
Inactive(anon):   429932 kB
Active(file):     411860 kB
Inactive(file):   315844 kB
Unevictable:       36100 kB
Mlocked:           28128 kB
SwapTotal:       1310716 kB
SwapFree:        1260096 kB
Dirty:                36 kB
Writeback:             0 kB
AnonPages:        874396 kB
Mapped:           443048 kB
Shmem:              1564 kB
Slab:             106732 kB
SReclaimable:      31640 kB
SUnreclaim:        75092 kB
KernelStack:       29904 kB
PageTables:        56448 kB
NFS_Unstable:          0 kB
Bounce:                0 kB
WritebackTmp:          0 kB
CommitLimit:     2684136 kB
Committed_AS:   144003828 kB
VmallocTotal:   251658176 kB
VmallocUsed:      313380 kB
VmallocChunk:   247561408 kB
Time pass: 233 sec

---2015-11-23 17:34:54
MemTotal:        2746844 kB
MemFree:           76056 kB
Buffers:           10892 kB
Cached:           737904 kB
SwapCached:         1912 kB
Active:           850156 kB
Inactive:         745884 kB
Active(anon):     438296 kB
Inactive(anon):   429924 kB
Active(file):     411860 kB
Inactive(file):   315960 kB
Unevictable:       36100 kB
Mlocked:           28128 kB
SwapTotal:       1310716 kB
SwapFree:        1260096 kB
Dirty:                64 kB
Writeback:             0 kB
AnonPages:        882468 kB
Mapped:           448652 kB
Shmem:              1564 kB
Slab:             106684 kB
SReclaimable:      31640 kB
SUnreclaim:        75044 kB
KernelStack:       29888 kB
PageTables:        56764 kB
NFS_Unstable:          0 kB
Bounce:                0 kB
WritebackTmp:          0 kB
CommitLimit:     2684136 kB
Committed_AS:   145265420 kB
VmallocTotal:   251658176 kB
VmallocUsed:      314400 kB
VmallocChunk:   247561408 kB
Time pass: 237 sec

---2015-11-23 17:34:54
MemTotal:        2746844 kB
MemFree:           71740 kB
Buffers:           10900 kB
Cached:           737864 kB
SwapCached:         1912 kB
Active:           852632 kB
Inactive:         745888 kB
Active(anon):     440772 kB
Inactive(anon):   429912 kB
Active(file):     411860 kB
Inactive(file):   315976 kB
Unevictable:       36100 kB
Mlocked:           28128 kB
SwapTotal:       1310716 kB
SwapFree:        1260096 kB
Dirty:                36 kB
Writeback:             0 kB
AnonPages:        884720 kB
Mapped:           449976 kB
Shmem:              1564 kB
Slab:             106752 kB
SReclaimable:      31640 kB
SUnreclaim:        75112 kB
KernelStack:       30608 kB
PageTables:        57056 kB
NFS_Unstable:          0 kB
Bounce:                0 kB
WritebackTmp:          0 kB
CommitLimit:     2684136 kB
Committed_AS:   145269784 kB
VmallocTotal:   251658176 kB
VmallocUsed:      314400 kB
VmallocChunk:   247561408 kB
Time pass: 240 sec

---2015-11-23 17:34:54
MemTotal:        2746844 kB
MemFree:           73552 kB
Buffers:           10916 kB
Cached:           737872 kB
SwapCached:         1912 kB
Active:           849612 kB
Inactive:         745912 kB
Active(anon):     437752 kB
Inactive(anon):   429912 kB
Active(file):     411860 kB
Inactive(file):   316000 kB
Unevictable:       36100 kB
Mlocked:           28128 kB
SwapTotal:       1310716 kB
SwapFree:        1260096 kB
Dirty:                84 kB
Writeback:             0 kB
AnonPages:        881408 kB
Mapped:           450064 kB
Shmem:              1564 kB
Slab:             106768 kB
SReclaimable:      31640 kB
SUnreclaim:        75128 kB
KernelStack:       30608 kB
PageTables:        57084 kB
NFS_Unstable:          0 kB
Bounce:                0 kB
WritebackTmp:          0 kB
CommitLimit:     2684136 kB
Committed_AS:   145269908 kB
VmallocTotal:   251658176 kB
VmallocUsed:      314400 kB
VmallocChunk:   247561408 kB
Time pass: 244 sec

---2015-11-23 17:34:54
MemTotal:        2746844 kB
MemFree:           72704 kB
Buffers:           10932 kB
Cached:           737868 kB
SwapCached:         1912 kB
Active:           851668 kB
Inactive:         744944 kB
Active(anon):     439804 kB
Inactive(anon):   428936 kB
Active(file):     411864 kB
Inactive(file):   316008 kB
Unevictable:       36100 kB
Mlocked:           28128 kB
SwapTotal:       1310716 kB
SwapFree:        1260096 kB
Dirty:                 0 kB
Writeback:            68 kB
AnonPages:        882504 kB
Mapped:           450016 kB
Shmem:              1564 kB
Slab:             106784 kB
SReclaimable:      31640 kB
SUnreclaim:        75144 kB
KernelStack:       30608 kB
PageTables:        57060 kB
NFS_Unstable:          0 kB
Bounce:                0 kB
WritebackTmp:          0 kB
CommitLimit:     2684136 kB
Committed_AS:   145270252 kB
VmallocTotal:   251658176 kB
VmallocUsed:      314400 kB
VmallocChunk:   247561408 kB
Time pass: 247 sec

---2015-11-23 17:34:54
MemTotal:        2746844 kB
MemFree:           71360 kB
Buffers:           10932 kB
Cached:           737872 kB
SwapCached:         1912 kB
Active:           852196 kB
Inactive:         744888 kB
Active(anon):     440336 kB
Inactive(anon):   428872 kB
Active(file):     411860 kB
Inactive(file):   316016 kB
Unevictable:       36100 kB
Mlocked:           28128 kB
SwapTotal:       1310716 kB
SwapFree:        1260096 kB
Dirty:                 0 kB
Writeback:             0 kB
AnonPages:        883404 kB
Mapped:           450036 kB
Shmem:              1564 kB
Slab:             106868 kB
SReclaimable:      31640 kB
SUnreclaim:        75228 kB
KernelStack:       30608 kB
PageTables:        57064 kB
NFS_Unstable:          0 kB
Bounce:                0 kB
WritebackTmp:          0 kB
CommitLimit:     2684136 kB
Committed_AS:   145270316 kB
VmallocTotal:   251658176 kB
VmallocUsed:      314400 kB
VmallocChunk:   247561408 kB
Time pass: 251 sec

---2015-11-23 17:34:54
MemTotal:        2746844 kB
MemFree:           82424 kB
Buffers:           10940 kB
Cached:           738124 kB
SwapCached:         1912 kB
Active:           842040 kB
Inactive:         745144 kB
Active(anon):     430176 kB
Inactive(anon):   428872 kB
Active(file):     411864 kB
Inactive(file):   316272 kB
Unevictable:       36100 kB
Mlocked:           28128 kB
SwapTotal:       1310716 kB
SwapFree:        1260096 kB
Dirty:                44 kB
Writeback:             0 kB
AnonPages:        872780 kB
Mapped:           443184 kB
Shmem:              1564 kB
Slab:             106836 kB
SReclaimable:      31640 kB
SUnreclaim:        75196 kB
KernelStack:       29952 kB
PageTables:        56492 kB
NFS_Unstable:          0 kB
Bounce:                0 kB
WritebackTmp:          0 kB
CommitLimit:     2684136 kB
Committed_AS:   144002864 kB
VmallocTotal:   251658176 kB
VmallocUsed:      313380 kB
VmallocChunk:   247561408 kB
Time pass: 254 sec

---2015-11-23 17:34:54
MemTotal:        2746844 kB
MemFree:           77108 kB
Buffers:           10956 kB
Cached:           738124 kB
SwapCached:         1912 kB
Active:           847876 kB
Inactive:         745140 kB
Active(anon):     436000 kB
Inactive(anon):   428864 kB
Active(file):     411876 kB
Inactive(file):   316276 kB
Unevictable:       36100 kB
Mlocked:           28128 kB
SwapTotal:       1310716 kB
SwapFree:        1260096 kB
Dirty:                16 kB
Writeback:             0 kB
AnonPages:        878844 kB
Mapped:           449796 kB
Shmem:              1564 kB
Slab:             106816 kB
SReclaimable:      31640 kB
SUnreclaim:        75176 kB
KernelStack:       30592 kB
PageTables:        57028 kB
NFS_Unstable:          0 kB
Bounce:                0 kB
WritebackTmp:          0 kB
CommitLimit:     2684136 kB
Committed_AS:   145265752 kB
VmallocTotal:   251658176 kB
VmallocUsed:      314400 kB
VmallocChunk:   247561408 kB
Time pass: 258 sec

---2015-11-23 17:34:54
MemTotal:        2746844 kB
MemFree:           76508 kB
Buffers:           10964 kB
Cached:           738124 kB
SwapCached:         1912 kB
Active:           847828 kB
Inactive:         745148 kB
Active(anon):     435952 kB
Inactive(anon):   428864 kB
Active(file):     411876 kB
Inactive(file):   316284 kB
Unevictable:       36100 kB
Mlocked:           28128 kB
SwapTotal:       1310716 kB
SwapFree:        1260096 kB
Dirty:               100 kB
Writeback:             0 kB
AnonPages:        879100 kB
Mapped:           449888 kB
Shmem:              1564 kB
Slab:             106932 kB
SReclaimable:      31640 kB
SUnreclaim:        75292 kB
KernelStack:       30592 kB
PageTables:        57028 kB
NFS_Unstable:          0 kB
Bounce:                0 kB
WritebackTmp:          0 kB
CommitLimit:     2684136 kB
Committed_AS:   145265904 kB
VmallocTotal:   251658176 kB
VmallocUsed:      314400 kB
VmallocChunk:   247561408 kB
Time pass: 261 sec

---2015-11-23 17:34:54
MemTotal:        2746844 kB
MemFree:           76388 kB
Buffers:           10980 kB
Cached:           738124 kB
SwapCached:         1912 kB
Active:           848612 kB
Inactive:         745160 kB
Active(anon):     436748 kB
Inactive(anon):   428856 kB
Active(file):     411864 kB
Inactive(file):   316304 kB
Unevictable:       36100 kB
Mlocked:           28128 kB
SwapTotal:       1310716 kB
SwapFree:        1260096 kB
Dirty:                84 kB
Writeback:             0 kB
AnonPages:        879456 kB
Mapped:           450080 kB
Shmem:              1564 kB
Slab:             106996 kB
SReclaimable:      31640 kB
SUnreclaim:        75356 kB
KernelStack:       30624 kB
PageTables:        57080 kB
NFS_Unstable:          0 kB
Bounce:                0 kB
WritebackTmp:          0 kB
CommitLimit:     2684136 kB
Committed_AS:   145265912 kB
VmallocTotal:   251658176 kB
VmallocUsed:      314400 kB
VmallocChunk:   247561408 kB
Time pass: 265 sec

---2015-11-23 17:34:54
MemTotal:        2746844 kB
MemFree:           74408 kB
Buffers:           10996 kB
Cached:           738124 kB
SwapCached:         1912 kB
Active:           850384 kB
Inactive:         745184 kB
Active(anon):     438520 kB
Inactive(anon):   428856 kB
Active(file):     411864 kB
Inactive(file):   316328 kB
Unevictable:       36100 kB
Mlocked:           28128 kB
SwapTotal:       1310716 kB
SwapFree:        1260096 kB
Dirty:                 0 kB
Writeback:             0 kB
AnonPages:        881276 kB
Mapped:           450136 kB
Shmem:              1564 kB
Slab:             106932 kB
SReclaimable:      31640 kB
SUnreclaim:        75292 kB
KernelStack:       30656 kB
PageTables:        57120 kB
NFS_Unstable:          0 kB
Bounce:                0 kB
WritebackTmp:          0 kB
CommitLimit:     2684136 kB
Committed_AS:   145266136 kB
VmallocTotal:   251658176 kB
VmallocUsed:      314400 kB
VmallocChunk:   247561408 kB
Time pass: 268 sec

---2015-11-23 17:34:54
MemTotal:        2746844 kB
MemFree:           83388 kB
Buffers:           10996 kB
Cached:           738124 kB
SwapCached:         1912 kB
Active:           842836 kB
Inactive:         745164 kB
Active(anon):     430972 kB
Inactive(anon):   428840 kB
Active(file):     411864 kB
Inactive(file):   316324 kB
Unevictable:       36100 kB
Mlocked:           28128 kB
SwapTotal:       1310716 kB
SwapFree:        1260096 kB
Dirty:                12 kB
Writeback:             0 kB
AnonPages:        873648 kB
Mapped:           443100 kB
Shmem:              1564 kB
Slab:             106788 kB
SReclaimable:      31640 kB
SUnreclaim:        75148 kB
KernelStack:       30032 kB
PageTables:        56460 kB
NFS_Unstable:          0 kB
Bounce:                0 kB
WritebackTmp:          0 kB
CommitLimit:     2684136 kB
Committed_AS:   144002932 kB
VmallocTotal:   251658176 kB
VmallocUsed:      313380 kB
VmallocChunk:   247561408 kB
Time pass: 272 sec

---2015-11-23 17:34:54
MemTotal:        2746844 kB
MemFree:           77568 kB
Buffers:           11020 kB
Cached:           738124 kB
SwapCached:         1912 kB
Active:           847820 kB
Inactive:         745180 kB
Active(anon):     435956 kB
Inactive(anon):   428828 kB
Active(file):     411864 kB
Inactive(file):   316352 kB
Unevictable:       36100 kB
Mlocked:           28128 kB
SwapTotal:       1310716 kB
SwapFree:        1260096 kB
Dirty:                64 kB
Writeback:             8 kB
AnonPages:        878664 kB
Mapped:           448372 kB
Shmem:              1564 kB
Slab:             106788 kB
SReclaimable:      31640 kB
SUnreclaim:        75148 kB
KernelStack:       30144 kB
PageTables:        56960 kB
NFS_Unstable:          0 kB
Bounce:                0 kB
WritebackTmp:          0 kB
CommitLimit:     2684136 kB
Committed_AS:   145264088 kB
VmallocTotal:   251658176 kB
VmallocUsed:      314400 kB
VmallocChunk:   247561408 kB
Time pass: 275 sec

---2015-11-23 17:34:54
MemTotal:        2746844 kB
MemFree:           69296 kB
Buffers:           11040 kB
Cached:           738100 kB
SwapCached:         1912 kB
Active:           855384 kB
Inactive:         745184 kB
Active(anon):     443524 kB
Inactive(anon):   428824 kB
Active(file):     411860 kB
Inactive(file):   316360 kB
Unevictable:       36100 kB
Mlocked:           28128 kB
SwapTotal:       1310716 kB
SwapFree:        1260096 kB
Dirty:                 4 kB
Writeback:             0 kB
AnonPages:        886308 kB
Mapped:           449964 kB
Shmem:              1568 kB
Slab:             106900 kB
SReclaimable:      31640 kB
SUnreclaim:        75260 kB
KernelStack:       30608 kB
PageTables:        57064 kB
NFS_Unstable:          0 kB
Bounce:                0 kB
WritebackTmp:          0 kB
CommitLimit:     2684136 kB
Committed_AS:   145270164 kB
VmallocTotal:   251658176 kB
VmallocUsed:      314400 kB
VmallocChunk:   247561408 kB
Time pass: 279 sec

---2015-11-23 17:34:54
MemTotal:        2746844 kB
MemFree:           69608 kB
Buffers:           11048 kB
Cached:           738124 kB
SwapCached:         1912 kB
Active:           855000 kB
Inactive:         745196 kB
Active(anon):     443132 kB
Inactive(anon):   428824 kB
Active(file):     411868 kB
Inactive(file):   316372 kB
Unevictable:       36100 kB
Mlocked:           28128 kB
SwapTotal:       1310716 kB
SwapFree:        1260096 kB
Dirty:                44 kB
Writeback:             0 kB
AnonPages:        885800 kB
Mapped:           449992 kB
Shmem:              1564 kB
Slab:             106888 kB
SReclaimable:      31640 kB
SUnreclaim:        75248 kB
KernelStack:       30608 kB
PageTables:        57060 kB
NFS_Unstable:          0 kB
Bounce:                0 kB
WritebackTmp:          0 kB
CommitLimit:     2684136 kB
Committed_AS:   145270092 kB
VmallocTotal:   251658176 kB
VmallocUsed:      314400 kB
VmallocChunk:   247561408 kB
Time pass: 282 sec

---2015-11-23 17:34:54
MemTotal:        2746844 kB
MemFree:           68816 kB
Buffers:           11064 kB
Cached:           736304 kB
SwapCached:         1924 kB
Active:           852620 kB
Inactive:         747164 kB
Active(anon):     442224 kB
Inactive(anon):   430656 kB
Active(file):     410396 kB
Inactive(file):   316508 kB
Unevictable:       36100 kB
Mlocked:           28128 kB
SwapTotal:       1310716 kB
SwapFree:        1258620 kB
Dirty:                92 kB
Writeback:             0 kB
AnonPages:        886572 kB
Mapped:           450080 kB
Shmem:              1556 kB
Slab:             106896 kB
SReclaimable:      31640 kB
SUnreclaim:        75256 kB
KernelStack:       30608 kB
PageTables:        57092 kB
NFS_Unstable:          0 kB
Bounce:                0 kB
WritebackTmp:          0 kB
CommitLimit:     2684136 kB
Committed_AS:   145270076 kB
VmallocTotal:   251658176 kB
VmallocUsed:      314400 kB
VmallocChunk:   247561408 kB
Time pass: 286 sec

---2015-11-23 17:34:54
MemTotal:        2746844 kB
MemFree:           68456 kB
Buffers:           11080 kB
Cached:           736640 kB
SwapCached:         1924 kB
Active:           853028 kB
Inactive:         747604 kB
Active(anon):     443244 kB
Inactive(anon):   430620 kB
Active(file):     409784 kB
Inactive(file):   316984 kB
Unevictable:       36100 kB
Mlocked:           28128 kB
SwapTotal:       1310716 kB
SwapFree:        1258620 kB
Dirty:                 0 kB
Writeback:             0 kB
AnonPages:        887752 kB
Mapped:           450188 kB
Shmem:              1588 kB
Slab:             106828 kB
SReclaimable:      31640 kB
SUnreclaim:        75188 kB
KernelStack:       30592 kB
PageTables:        57096 kB
NFS_Unstable:          0 kB
Bounce:                0 kB
WritebackTmp:          0 kB
CommitLimit:     2684136 kB
Committed_AS:   145270372 kB
VmallocTotal:   251658176 kB
VmallocUsed:      314400 kB
VmallocChunk:   247561408 kB
Time pass: 289 sec

---2015-11-23 17:34:54
MemTotal:        2746844 kB
MemFree:           78408 kB
Buffers:           11088 kB
Cached:           736640 kB
SwapCached:         1924 kB
Active:           844808 kB
Inactive:         747528 kB
Active(anon):     434948 kB
Inactive(anon):   430616 kB
Active(file):     409860 kB
Inactive(file):   316912 kB
Unevictable:       36100 kB
Mlocked:           28128 kB
SwapTotal:       1310716 kB
SwapFree:        1258620 kB
Dirty:                52 kB
Writeback:             0 kB
AnonPages:        879476 kB
Mapped:           443144 kB
Shmem:              1588 kB
Slab:             106760 kB
SReclaimable:      31640 kB
SUnreclaim:        75120 kB
KernelStack:       29904 kB
PageTables:        56472 kB
NFS_Unstable:          0 kB
Bounce:                0 kB
WritebackTmp:          0 kB
CommitLimit:     2684136 kB
Committed_AS:   144003016 kB
VmallocTotal:   251658176 kB
VmallocUsed:      313380 kB
VmallocChunk:   247561408 kB
Time pass: 293 sec

---2015-11-23 17:34:54
MemTotal:        2746844 kB
MemFree:           66572 kB
Buffers:           11104 kB
Cached:           736664 kB
SwapCached:         1940 kB
Active:           856900 kB
Inactive:         747580 kB
Active(anon):     447036 kB
Inactive(anon):   430636 kB
Active(file):     409864 kB
Inactive(file):   316944 kB
Unevictable:       36100 kB
Mlocked:           28128 kB
SwapTotal:       1310716 kB
SwapFree:        1258620 kB
Dirty:               136 kB
Writeback:             0 kB
AnonPages:        891580 kB
Mapped:           449844 kB
Shmem:              1600 kB
Slab:             106744 kB
SReclaimable:      31640 kB
SUnreclaim:        75104 kB
KernelStack:       30592 kB
PageTables:        57048 kB
NFS_Unstable:          0 kB
Bounce:                0 kB
WritebackTmp:          0 kB
CommitLimit:     2684136 kB
Committed_AS:   145269724 kB
VmallocTotal:   251658176 kB
VmallocUsed:      314400 kB
VmallocChunk:   247561408 kB
Time pass: 296 sec

---2015-11-23 17:34:54
MemTotal:        2746844 kB
MemFree:           67540 kB
Buffers:           11096 kB
Cached:           735060 kB
SwapCached:         1944 kB
Active:           850356 kB
Inactive:         751692 kB
Active(anon):     442688 kB
Inactive(anon):   434544 kB
Active(file):     407668 kB
Inactive(file):   317148 kB
Unevictable:       36100 kB
Mlocked:           28128 kB
SwapTotal:       1310716 kB
SwapFree:        1257124 kB
Dirty:                 8 kB
Writeback:             0 kB
AnonPages:        891352 kB
Mapped:           450060 kB
Shmem:              1664 kB
Slab:             106820 kB
SReclaimable:      31640 kB
SUnreclaim:        75180 kB
KernelStack:       30592 kB
PageTables:        57064 kB
NFS_Unstable:          0 kB
Bounce:                0 kB
WritebackTmp:          0 kB
CommitLimit:     2684136 kB
Committed_AS:   145270056 kB
VmallocTotal:   251658176 kB
VmallocUsed:      314400 kB
VmallocChunk:   247561408 kB
Time pass: 300 sec

---2015-11-23 17:34:54
MemTotal:        2746844 kB
MemFree:           66756 kB
Buffers:           11120 kB
Cached:           735036 kB
SwapCached:         1944 kB
Active:           849760 kB
Inactive:         751700 kB
Active(anon):     442096 kB
Inactive(anon):   434548 kB
Active(file):     407664 kB
Inactive(file):   317152 kB
Unevictable:       36100 kB
Mlocked:           28128 kB
SwapTotal:       1310716 kB
SwapFree:        1257124 kB
Dirty:                60 kB
Writeback:             8 kB
AnonPages:        890348 kB
Mapped:           450100 kB
Shmem:              1664 kB
Slab:             106876 kB
SReclaimable:      31640 kB
SUnreclaim:        75236 kB
KernelStack:       30592 kB
PageTables:        57068 kB
NFS_Unstable:          0 kB
Bounce:                0 kB
WritebackTmp:          0 kB
CommitLimit:     2684136 kB
Committed_AS:   145270048 kB
VmallocTotal:   251658176 kB
VmallocUsed:      314400 kB
VmallocChunk:   247561408 kB
Time pass: 303 sec

---2015-11-23 17:34:54
MemTotal:        2746844 kB
MemFree:           67156 kB
Buffers:           11120 kB
Cached:           734808 kB
SwapCached:         1952 kB
Active:           851308 kB
Inactive:         751668 kB
Active(anon):     443812 kB
Inactive(anon):   434272 kB
Active(file):     407496 kB
Inactive(file):   317396 kB
Unevictable:       36100 kB
Mlocked:           28128 kB
SwapTotal:       1310716 kB
SwapFree:        1257124 kB
Dirty:                 0 kB
Writeback:             0 kB
AnonPages:        891088 kB
Mapped:           450168 kB
Shmem:              1672 kB
Slab:             106844 kB
SReclaimable:      31640 kB
SUnreclaim:        75204 kB
KernelStack:       30592 kB
PageTables:        57068 kB
NFS_Unstable:          0 kB
Bounce:                0 kB
WritebackTmp:          0 kB
CommitLimit:     2684136 kB
Committed_AS:   145270424 kB
VmallocTotal:   251658176 kB
VmallocUsed:      314400 kB
VmallocChunk:   247561408 kB
Time pass: 307 sec

---2015-11-23 17:34:54
MemTotal:        2746844 kB
MemFree:           75640 kB
Buffers:           11128 kB
Cached:           734808 kB
SwapCached:         1952 kB
Active:           843832 kB
Inactive:         751396 kB
Active(anon):     436060 kB
Inactive(anon):   434268 kB
Active(file):     407772 kB
Inactive(file):   317128 kB
Unevictable:       36100 kB
Mlocked:           28128 kB
SwapTotal:       1310716 kB
SwapFree:        1257124 kB
Dirty:                40 kB
Writeback:             0 kB
AnonPages:        884032 kB
Mapped:           443200 kB
Shmem:              1672 kB
Slab:             106880 kB
SReclaimable:      31640 kB
SUnreclaim:        75240 kB
KernelStack:       30096 kB
PageTables:        56484 kB
NFS_Unstable:          0 kB
Bounce:                0 kB
WritebackTmp:          0 kB
CommitLimit:     2684136 kB
Committed_AS:   144003036 kB
VmallocTotal:   251658176 kB
VmallocUsed:      313380 kB
VmallocChunk:   247561408 kB
Time pass: 310 sec

---2015-11-23 17:34:54
MemTotal:        2746844 kB
MemFree:           71012 kB
Buffers:           11144 kB
Cached:           734804 kB
SwapCached:         1956 kB
Active:           847972 kB
Inactive:         751396 kB
Active(anon):     440200 kB
Inactive(anon):   434260 kB
Active(file):     407772 kB
Inactive(file):   317136 kB
Unevictable:       36100 kB
Mlocked:           28128 kB
SwapTotal:       1310716 kB
SwapFree:        1257124 kB
Dirty:                68 kB
Writeback:             0 kB
AnonPages:        888240 kB
Mapped:           446792 kB
Shmem:              1672 kB
Slab:             106836 kB
SReclaimable:      31640 kB
SUnreclaim:        75196 kB
KernelStack:       29904 kB
PageTables:        56780 kB
NFS_Unstable:          0 kB
Bounce:                0 kB
WritebackTmp:          0 kB
CommitLimit:     2684136 kB
Committed_AS:   145255864 kB
VmallocTotal:   251658176 kB
VmallocUsed:      314400 kB
VmallocChunk:   247561408 kB
Time pass: 314 sec

---2015-11-23 17:34:54
MemTotal:        2746844 kB
MemFree:           67876 kB
Buffers:           11160 kB
Cached:           733216 kB
SwapCached:         1980 kB
Active:           842236 kB
Inactive:         759336 kB
Active(anon):     437804 kB
Inactive(anon):   440584 kB
Active(file):     404432 kB
Inactive(file):   318752 kB
Unevictable:       36100 kB
Mlocked:           28128 kB
SwapTotal:       1310716 kB
SwapFree:        1254576 kB
Dirty:               104 kB
Writeback:             0 kB
AnonPages:        892504 kB
Mapped:           449952 kB
Shmem:              1672 kB
Slab:             106932 kB
SReclaimable:      31640 kB
SUnreclaim:        75292 kB
KernelStack:       30592 kB
PageTables:        57060 kB
NFS_Unstable:          0 kB
Bounce:                0 kB
WritebackTmp:          0 kB
CommitLimit:     2684136 kB
Committed_AS:   145270140 kB
VmallocTotal:   251658176 kB
VmallocUsed:      314400 kB
VmallocChunk:   247561408 kB
Time pass: 317 sec

---2015-11-23 17:34:54
MemTotal:        2746844 kB
MemFree:           67968 kB
Buffers:           11168 kB
Cached:           733156 kB
SwapCached:         1980 kB
Active:           841464 kB
Inactive:         759392 kB
Active(anon):     437044 kB
Inactive(anon):   440536 kB
Active(file):     404420 kB
Inactive(file):   318856 kB
Unevictable:       36100 kB
Mlocked:           28128 kB
SwapTotal:       1310716 kB
SwapFree:        1254576 kB
Dirty:                 0 kB
Writeback:             0 kB
AnonPages:        890948 kB
Mapped:           450180 kB
Shmem:              1672 kB
Slab:             106988 kB
SReclaimable:      31640 kB
SUnreclaim:        75348 kB
KernelStack:       30624 kB
PageTables:        57080 kB
NFS_Unstable:          0 kB
Bounce:                0 kB
WritebackTmp:          0 kB
CommitLimit:     2684136 kB
Committed_AS:   145270228 kB
VmallocTotal:   251658176 kB
VmallocUsed:      314400 kB
VmallocChunk:   247561408 kB
Time pass: 321 sec

---2015-11-23 17:34:54
MemTotal:        2746844 kB
MemFree:           78172 kB
Buffers:           11184 kB
Cached:           733164 kB
SwapCached:         1980 kB
Active:           831388 kB
Inactive:         759264 kB
Active(anon):     426960 kB
Inactive(anon):   440380 kB
Active(file):     404428 kB
Inactive(file):   318884 kB
Unevictable:       36100 kB
Mlocked:           28128 kB
SwapTotal:       1310716 kB
SwapFree:        1254576 kB
Dirty:                64 kB
Writeback:             0 kB
AnonPages:        881128 kB
Mapped:           450184 kB
Shmem:              1672 kB
Slab:             106932 kB
SReclaimable:      31656 kB
SUnreclaim:        75276 kB
KernelStack:       30624 kB
PageTables:        57084 kB
NFS_Unstable:          0 kB
Bounce:                0 kB
WritebackTmp:          0 kB
CommitLimit:     2684136 kB
Committed_AS:   145270244 kB
VmallocTotal:   251658176 kB
VmallocUsed:      314400 kB
VmallocChunk:   247561408 kB
Time pass: 324 sec

---2015-11-23 17:34:54
MemTotal:        2746844 kB
MemFree:           76296 kB
Buffers:           11184 kB
Cached:           733164 kB
SwapCached:         1980 kB
Active:           833080 kB
Inactive:         759264 kB
Active(anon):     428652 kB
Inactive(anon):   440380 kB
Active(file):     404428 kB
Inactive(file):   318884 kB
Unevictable:       36100 kB
Mlocked:           28128 kB
SwapTotal:       1310716 kB
SwapFree:        1254576 kB
Dirty:                 0 kB
Writeback:             0 kB
AnonPages:        882836 kB
Mapped:           450240 kB
Shmem:              1672 kB
Slab:             106960 kB
SReclaimable:      31656 kB
SUnreclaim:        75304 kB
KernelStack:       30624 kB
PageTables:        57064 kB
NFS_Unstable:          0 kB
Bounce:                0 kB
WritebackTmp:          0 kB
CommitLimit:     2684136 kB
Committed_AS:   145279520 kB
VmallocTotal:   251658176 kB
VmallocUsed:      314400 kB
VmallocChunk:   247561408 kB
Time pass: 328 sec

---2015-11-23 17:34:54
MemTotal:        2746844 kB
MemFree:           84656 kB
Buffers:           11208 kB
Cached:           733156 kB
SwapCached:         1980 kB
Active:           826016 kB
Inactive:         758684 kB
Active(anon):     421000 kB
Inactive(anon):   440372 kB
Active(file):     405016 kB
Inactive(file):   318312 kB
Unevictable:       36100 kB
Mlocked:           28128 kB
SwapTotal:       1310716 kB
SwapFree:        1254576 kB
Dirty:                48 kB
Writeback:             8 kB
AnonPages:        874872 kB
Mapped:           443296 kB
Shmem:              1672 kB
Slab:             107072 kB
SReclaimable:      31656 kB
SUnreclaim:        75416 kB
KernelStack:       29936 kB
PageTables:        56536 kB
NFS_Unstable:          0 kB
Bounce:                0 kB
WritebackTmp:          0 kB
CommitLimit:     2684136 kB
Committed_AS:   144003224 kB
VmallocTotal:   251658176 kB
VmallocUsed:      313380 kB
VmallocChunk:   247561408 kB
Time pass: 331 sec

---2015-11-23 17:34:54
MemTotal:        2746844 kB
MemFree:           75120 kB
Buffers:           11208 kB
Cached:           733164 kB
SwapCached:         1988 kB
Active:           836460 kB
Inactive:         758672 kB
Active(anon):     431436 kB
Inactive(anon):   440356 kB
Active(file):     405024 kB
Inactive(file):   318316 kB
Unevictable:       36100 kB
Mlocked:           28128 kB
SwapTotal:       1310716 kB
SwapFree:        1254576 kB
Dirty:                20 kB
Writeback:             0 kB
AnonPages:        885404 kB
Mapped:           449788 kB
Shmem:              1672 kB
Slab:             106980 kB
SReclaimable:      31656 kB
SUnreclaim:        75324 kB
KernelStack:       30528 kB
PageTables:        57052 kB
NFS_Unstable:          0 kB
Bounce:                0 kB
WritebackTmp:          0 kB
CommitLimit:     2684136 kB
Committed_AS:   145269896 kB
VmallocTotal:   251658176 kB
VmallocUsed:      314400 kB
VmallocChunk:   247561408 kB
Time pass: 335 sec

---2015-11-23 17:34:54
MemTotal:        2746844 kB
MemFree:           74300 kB
Buffers:           11228 kB
Cached:           733164 kB
SwapCached:         1988 kB
Active:           837016 kB
Inactive:         758696 kB
Active(anon):     432000 kB
Inactive(anon):   440356 kB
Active(file):     405016 kB
Inactive(file):   318340 kB
Unevictable:       36100 kB
Mlocked:           28128 kB
SwapTotal:       1310716 kB
SwapFree:        1254576 kB
Dirty:               140 kB
Writeback:             0 kB
AnonPages:        886076 kB
Mapped:           450184 kB
Shmem:              1672 kB
Slab:             106996 kB
SReclaimable:      31656 kB
SUnreclaim:        75340 kB
KernelStack:       30512 kB
PageTables:        57080 kB
NFS_Unstable:          0 kB
Bounce:                0 kB
WritebackTmp:          0 kB
CommitLimit:     2684136 kB
Committed_AS:   145270052 kB
VmallocTotal:   251658176 kB
VmallocUsed:      314400 kB
VmallocChunk:   247561408 kB
Time pass: 338 sec

---2015-11-23 17:34:54
MemTotal:        2746844 kB
MemFree:           85112 kB
Buffers:           11244 kB
Cached:           733164 kB
SwapCached:         1988 kB
Active:           826048 kB
Inactive:         758712 kB
Active(anon):     421032 kB
Inactive(anon):   440356 kB
Active(file):     405016 kB
Inactive(file):   318356 kB
Unevictable:       36100 kB
Mlocked:           28128 kB
SwapTotal:       1310716 kB
SwapFree:        1254576 kB
Dirty:                84 kB
Writeback:             0 kB
AnonPages:        875112 kB
Mapped:           450188 kB
Shmem:              1672 kB
Slab:             106912 kB
SReclaimable:      31656 kB
SUnreclaim:        75256 kB
KernelStack:       30496 kB
PageTables:        57076 kB
NFS_Unstable:          0 kB
Bounce:                0 kB
WritebackTmp:          0 kB
CommitLimit:     2684136 kB
Committed_AS:   145269980 kB
VmallocTotal:   251658176 kB
VmallocUsed:      314400 kB
VmallocChunk:   247561408 kB
Time pass: 342 sec

---2015-11-23 17:34:54
MemTotal:        2746844 kB
MemFree:           83380 kB
Buffers:           11260 kB
Cached:           733196 kB
SwapCached:         1988 kB
Active:           827028 kB
Inactive:         758712 kB
Active(anon):     422012 kB
Inactive(anon):   440308 kB
Active(file):     405016 kB
Inactive(file):   318404 kB
Unevictable:       36100 kB
Mlocked:           28128 kB
SwapTotal:       1310716 kB
SwapFree:        1254576 kB
Dirty:                 0 kB
Writeback:             0 kB
AnonPages:        875968 kB
Mapped:           450332 kB
Shmem:              1672 kB
Slab:             106912 kB
SReclaimable:      31656 kB
SUnreclaim:        75256 kB
KernelStack:       30512 kB
PageTables:        57104 kB
NFS_Unstable:          0 kB
Bounce:                0 kB
WritebackTmp:          0 kB
CommitLimit:     2684136 kB
Committed_AS:   145270296 kB
VmallocTotal:   251658176 kB
VmallocUsed:      314400 kB
VmallocChunk:   247561408 kB
Time pass: 345 sec

---2015-11-23 17:34:54
MemTotal:        2746844 kB
MemFree:           92584 kB
Buffers:           11268 kB
Cached:           733196 kB
SwapCached:         1988 kB
Active:           819496 kB
Inactive:         758108 kB
Active(anon):     413884 kB
Inactive(anon):   440292 kB
Active(file):     405612 kB
Inactive(file):   317816 kB
Unevictable:       36100 kB
Mlocked:           28128 kB
SwapTotal:       1310716 kB
SwapFree:        1254576 kB
Dirty:                36 kB
Writeback:             0 kB
AnonPages:        867820 kB
Mapped:           443296 kB
Shmem:              1672 kB
Slab:             106928 kB
SReclaimable:      31656 kB
SUnreclaim:        75272 kB
KernelStack:       30400 kB
PageTables:        56488 kB
NFS_Unstable:          0 kB
Bounce:                0 kB
WritebackTmp:          0 kB
CommitLimit:     2684136 kB
Committed_AS:   144003008 kB
VmallocTotal:   251658176 kB
VmallocUsed:      313380 kB
VmallocChunk:   247561408 kB
Time pass: 349 sec

---2015-11-23 17:34:54
MemTotal:        2746844 kB
MemFree:           85896 kB
Buffers:           11284 kB
Cached:           733200 kB
SwapCached:         1988 kB
Active:           826192 kB
Inactive:         758128 kB
Active(anon):     420580 kB
Inactive(anon):   440292 kB
Active(file):     405612 kB
Inactive(file):   317836 kB
Unevictable:       36100 kB
Mlocked:           28128 kB
SwapTotal:       1310716 kB
SwapFree:        1254576 kB
Dirty:               364 kB
Writeback:             0 kB
AnonPages:        874432 kB
Mapped:           443380 kB
Shmem:              1672 kB
Slab:             106912 kB
SReclaimable:      31656 kB
SUnreclaim:        75256 kB
KernelStack:       29840 kB
PageTables:        56520 kB
NFS_Unstable:          0 kB
Bounce:                0 kB
WritebackTmp:          0 kB
CommitLimit:     2684136 kB
Committed_AS:   144006232 kB
VmallocTotal:   251658176 kB
VmallocUsed:      313380 kB
VmallocChunk:   247561408 kB
Time pass: 352 sec

---2015-11-23 17:34:54
MemTotal:        2746844 kB
MemFree:           73668 kB
Buffers:           11300 kB
Cached:           733880 kB
SwapCached:         1988 kB
Active:           837484 kB
Inactive:         758808 kB
Active(anon):     431868 kB
Inactive(anon):   440276 kB
Active(file):     405616 kB
Inactive(file):   318532 kB
Unevictable:       36100 kB
Mlocked:           28128 kB
SwapTotal:       1310716 kB
SwapFree:        1254576 kB
Dirty:               136 kB
Writeback:             0 kB
AnonPages:        886060 kB
Mapped:           450208 kB
Shmem:              1672 kB
Slab:             107000 kB
SReclaimable:      31656 kB
SUnreclaim:        75344 kB
KernelStack:       30512 kB
PageTables:        57088 kB
NFS_Unstable:          0 kB
Bounce:                0 kB
WritebackTmp:          0 kB
CommitLimit:     2684136 kB
Committed_AS:   145273400 kB
VmallocTotal:   251658176 kB
VmallocUsed:      314400 kB
VmallocChunk:   247561408 kB
Time pass: 356 sec

---2015-11-23 17:34:54
MemTotal:        2746844 kB
MemFree:           72380 kB
Buffers:           11300 kB
Cached:           733908 kB
SwapCached:         1988 kB
Active:           837740 kB
Inactive:         758828 kB
Active(anon):     432120 kB
Inactive(anon):   440304 kB
Active(file):     405620 kB
Inactive(file):   318524 kB
Unevictable:       36100 kB
Mlocked:           28128 kB
SwapTotal:       1310716 kB
SwapFree:        1254576 kB
Dirty:               136 kB
Writeback:             0 kB
AnonPages:        886188 kB
Mapped:           450332 kB
Shmem:              1700 kB
Slab:             107000 kB
SReclaimable:      31656 kB
SUnreclaim:        75344 kB
KernelStack:       30528 kB
PageTables:        57120 kB
NFS_Unstable:          0 kB
Bounce:                0 kB
WritebackTmp:          0 kB
CommitLimit:     2684136 kB
Committed_AS:   145273484 kB
VmallocTotal:   251658176 kB
VmallocUsed:      314400 kB
VmallocChunk:   247561408 kB
Time pass: 359 sec

---2015-11-23 17:34:54
MemTotal:        2746844 kB
MemFree:           72832 kB
Buffers:           11308 kB
Cached:           733908 kB
SwapCached:         1988 kB
Active:           836836 kB
Inactive:         758828 kB
Active(anon):     431216 kB
Inactive(anon):   440304 kB
Active(file):     405620 kB
Inactive(file):   318524 kB
Unevictable:       36100 kB
Mlocked:           28128 kB
SwapTotal:       1310716 kB
SwapFree:        1254576 kB
Dirty:                52 kB
Writeback:             0 kB
AnonPages:        885500 kB
Mapped:           450336 kB
Shmem:              1700 kB
Slab:             106980 kB
SReclaimable:      31656 kB
SUnreclaim:        75324 kB
KernelStack:       30528 kB
