---2015-12-17 17:07:46
MemTotal:        2746844 kB
MemFree:           93092 kB
Buffers:           11120 kB
Cached:           999748 kB
SwapCached:         3128 kB
Active:           926436 kB
Inactive:         912860 kB
Active(anon):     465048 kB
Inactive(anon):   383008 kB
Active(file):     461388 kB
Inactive(file):   529852 kB
Unevictable:       35812 kB
Mlocked:           27768 kB
SwapTotal:       1310716 kB
SwapFree:        1238628 kB
Dirty:                 0 kB
Writeback:             0 kB
AnonPages:        862460 kB
Mapped:           467688 kB
Shmem:               468 kB
Slab:             107900 kB
SReclaimable:      31220 kB
SUnreclaim:        76680 kB
KernelStack:       32464 kB
PageTables:        56912 kB
NFS_Unstable:          0 kB
Bounce:                0 kB
WritebackTmp:          0 kB
CommitLimit:     2684136 kB
Committed_AS:   139867096 kB
VmallocTotal:   251658176 kB
VmallocUsed:      285588 kB
VmallocChunk:   247561408 kB
Time pass: 3 sec

---2015-12-17 17:07:46
MemTotal:        2746844 kB
MemFree:           91012 kB
Buffers:           11120 kB
Cached:           999852 kB
SwapCached:         3128 kB
Active:           926812 kB
Inactive:         912960 kB
Active(anon):     465420 kB
Inactive(anon):   383008 kB
Active(file):     461392 kB
Inactive(file):   529952 kB
Unevictable:       35812 kB
Mlocked:           27768 kB
SwapTotal:       1310716 kB
SwapFree:        1238628 kB
Dirty:                 0 kB
Writeback:             0 kB
AnonPages:        862696 kB
Mapped:           467788 kB
Shmem:               468 kB
Slab:             107908 kB
SReclaimable:      31220 kB
SUnreclaim:        76688 kB
KernelStack:       32448 kB
PageTables:        56940 kB
NFS_Unstable:          0 kB
Bounce:                0 kB
WritebackTmp:          0 kB
CommitLimit:     2684136 kB
Committed_AS:   139867172 kB
VmallocTotal:   251658176 kB
VmallocUsed:      285588 kB
VmallocChunk:   247561408 kB
Time pass: 7 sec

---2015-12-17 17:07:46
MemTotal:        2746844 kB
MemFree:           90152 kB
Buffers:           11120 kB
Cached:          1000036 kB
SwapCached:         3128 kB
Active:           927204 kB
Inactive:         913128 kB
Active(anon):     465812 kB
Inactive(anon):   383008 kB
Active(file):     461392 kB
Inactive(file):   530120 kB
Unevictable:       35812 kB
Mlocked:           27768 kB
SwapTotal:       1310716 kB
SwapFree:        1238628 kB
Dirty:                 0 kB
Writeback:             0 kB
AnonPages:        862904 kB
Mapped:           467980 kB
Shmem:               468 kB
Slab:             107908 kB
SReclaimable:      31220 kB
SUnreclaim:        76688 kB
KernelStack:       32448 kB
PageTables:        56968 kB
NFS_Unstable:          0 kB
Bounce:                0 kB
WritebackTmp:          0 kB
CommitLimit:     2684136 kB
Committed_AS:   139867204 kB
VmallocTotal:   251658176 kB
VmallocUsed:      285588 kB
VmallocChunk:   247561408 kB
Time pass: 10 sec

---2015-12-17 17:07:46
MemTotal:        2746844 kB
MemFree:           90800 kB
Buffers:           11120 kB
Cached:          1000036 kB
SwapCached:         3128 kB
Active:           927400 kB
Inactive:         913128 kB
Active(anon):     466008 kB
Inactive(anon):   383008 kB
Active(file):     461392 kB
Inactive(file):   530120 kB
Unevictable:       35812 kB
Mlocked:           27768 kB
SwapTotal:       1310716 kB
SwapFree:        1238628 kB
Dirty:                 0 kB
Writeback:             0 kB
AnonPages:        862956 kB
Mapped:           468064 kB
Shmem:               468 kB
Slab:             107980 kB
SReclaimable:      31220 kB
SUnreclaim:        76760 kB
KernelStack:       32448 kB
PageTables:        56996 kB
NFS_Unstable:          0 kB
Bounce:                0 kB
WritebackTmp:          0 kB
CommitLimit:     2684136 kB
Committed_AS:   139867212 kB
VmallocTotal:   251658176 kB
VmallocUsed:      285588 kB
VmallocChunk:   247561408 kB
Time pass: 14 sec

---2015-12-17 17:07:46
MemTotal:        2746844 kB
MemFree:           90564 kB
Buffers:           11120 kB
Cached:          1000552 kB
SwapCached:         3128 kB
Active:           927532 kB
Inactive:         913696 kB
Active(anon):     466140 kB
Inactive(anon):   383008 kB
Active(file):     461392 kB
Inactive(file):   530688 kB
Unevictable:       35812 kB
Mlocked:           27768 kB
SwapTotal:       1310716 kB
SwapFree:        1238628 kB
Dirty:                 0 kB
Writeback:             0 kB
AnonPages:        863028 kB
Mapped:           468044 kB
Shmem:               468 kB
Slab:             108028 kB
SReclaimable:      31220 kB
SUnreclaim:        76808 kB
KernelStack:       32432 kB
PageTables:        56964 kB
NFS_Unstable:          0 kB
Bounce:                0 kB
WritebackTmp:          0 kB
CommitLimit:     2684136 kB
Committed_AS:   139867204 kB
VmallocTotal:   251658176 kB
VmallocUsed:      285588 kB
VmallocChunk:   247561408 kB
Time pass: 17 sec

---2015-12-17 17:07:46
MemTotal:        2746844 kB
MemFree:           89676 kB
Buffers:           11120 kB
Cached:          1000552 kB
SwapCached:         3128 kB
Active:           927720 kB
Inactive:         913696 kB
Active(anon):     466328 kB
Inactive(anon):   383008 kB
Active(file):     461392 kB
Inactive(file):   530688 kB
Unevictable:       35812 kB
Mlocked:           27768 kB
SwapTotal:       1310716 kB
SwapFree:        1238628 kB
Dirty:                 0 kB
Writeback:             0 kB
AnonPages:        863288 kB
Mapped:           468128 kB
Shmem:               468 kB
Slab:             107988 kB
SReclaimable:      31220 kB
SUnreclaim:        76768 kB
KernelStack:       32416 kB
PageTables:        56992 kB
NFS_Unstable:          0 kB
Bounce:                0 kB
WritebackTmp:          0 kB
CommitLimit:     2684136 kB
Committed_AS:   139867156 kB
VmallocTotal:   251658176 kB
VmallocUsed:      285588 kB
VmallocChunk:   247561408 kB
Time pass: 21 sec

---2015-12-17 17:07:46
MemTotal:        2746844 kB
MemFree:           62576 kB
Buffers:           10408 kB
Cached:          1002464 kB
SwapCached:         3312 kB
Active:           895452 kB
Inactive:         960852 kB
Active(anon):     432436 kB
Inactive(anon):   432684 kB
Active(file):     463016 kB
Inactive(file):   528168 kB
Unevictable:       35812 kB
Mlocked:           27768 kB
SwapTotal:       1310716 kB
SwapFree:        1237500 kB
Dirty:               752 kB
Writeback:             0 kB
AnonPages:        879400 kB
Mapped:           481448 kB
Shmem:              1224 kB
Slab:             108052 kB
SReclaimable:      31220 kB
SUnreclaim:        76832 kB
KernelStack:       32688 kB
PageTables:        57832 kB
NFS_Unstable:          0 kB
Bounce:                0 kB
WritebackTmp:          0 kB
CommitLimit:     2684136 kB
Committed_AS:   141159788 kB
VmallocTotal:   251658176 kB
VmallocUsed:      298892 kB
VmallocChunk:   247561408 kB
Time pass: 24 sec

---2015-12-17 17:07:46
MemTotal:        2746844 kB
MemFree:           68564 kB
Buffers:            8392 kB
Cached:           859940 kB
SwapCached:         3472 kB
Active:           838380 kB
Inactive:         852960 kB
Active(anon):     412036 kB
Inactive(anon):   431088 kB
Active(file):     426344 kB
Inactive(file):   421872 kB
Unevictable:       35812 kB
Mlocked:           27768 kB
SwapTotal:       1310716 kB
SwapFree:        1203216 kB
Dirty:              2144 kB
Writeback:             0 kB
AnonPages:        856848 kB
Mapped:           451416 kB
Shmem:              1000 kB
Slab:             109232 kB
SReclaimable:      31512 kB
SUnreclaim:        77720 kB
KernelStack:       32720 kB
PageTables:        57832 kB
NFS_Unstable:          0 kB
Bounce:                0 kB
WritebackTmp:          0 kB
CommitLimit:     2684136 kB
Committed_AS:   141749000 kB
VmallocTotal:   251658176 kB
VmallocUsed:      304500 kB
VmallocChunk:   247561408 kB
Time pass: 28 sec

---2015-12-17 17:07:46
MemTotal:        2746844 kB
MemFree:          120820 kB
Buffers:            8444 kB
Cached:           865160 kB
SwapCached:         3432 kB
Active:           791272 kB
Inactive:         848816 kB
Active(anon):     364444 kB
Inactive(anon):   421620 kB
Active(file):     426828 kB
Inactive(file):   427196 kB
Unevictable:       35812 kB
Mlocked:           27768 kB
SwapTotal:       1310716 kB
SwapFree:        1204444 kB
Dirty:               824 kB
Writeback:             0 kB
AnonPages:        800292 kB
Mapped:           423456 kB
Shmem:               472 kB
Slab:             109176 kB
SReclaimable:      31512 kB
SUnreclaim:        77664 kB
KernelStack:       31600 kB
PageTables:        56972 kB
NFS_Unstable:          0 kB
Bounce:                0 kB
WritebackTmp:          0 kB
CommitLimit:     2684136 kB
Committed_AS:   142260836 kB
VmallocTotal:   251658176 kB
VmallocUsed:      304500 kB
VmallocChunk:   247561408 kB
Time pass: 32 sec

---2015-12-17 17:07:46
MemTotal:        2746844 kB
MemFree:          115192 kB
Buffers:            8976 kB
Cached:           870228 kB
SwapCached:         3460 kB
Active:           790332 kB
Inactive:         853316 kB
Active(anon):     362740 kB
Inactive(anon):   421612 kB
Active(file):     427592 kB
Inactive(file):   431704 kB
Unevictable:       35812 kB
Mlocked:           27768 kB
SwapTotal:       1310716 kB
SwapFree:        1204444 kB
Dirty:               252 kB
Writeback:             0 kB
AnonPages:        798864 kB
Mapped:           420300 kB
Shmem:               528 kB
Slab:             109072 kB
SReclaimable:      31528 kB
SUnreclaim:        77544 kB
KernelStack:       31008 kB
PageTables:        57208 kB
NFS_Unstable:          0 kB
Bounce:                0 kB
WritebackTmp:          0 kB
CommitLimit:     2684136 kB
Committed_AS:   143529252 kB
VmallocTotal:   251658176 kB
VmallocUsed:      305520 kB
VmallocChunk:   247561408 kB
Time pass: 35 sec

---2015-12-17 17:07:46
MemTotal:        2746844 kB
MemFree:           86240 kB
Buffers:            9956 kB
Cached:           878092 kB
SwapCached:         3468 kB
Active:           814192 kB
Inactive:         857496 kB
Active(anon):     381684 kB
Inactive(anon):   421720 kB
Active(file):     432508 kB
Inactive(file):   435776 kB
Unevictable:       35812 kB
Mlocked:           27768 kB
SwapTotal:       1310716 kB
SwapFree:        1204448 kB
Dirty:                16 kB
Writeback:             0 kB
AnonPages:        817416 kB
Mapped:           438296 kB
Shmem:               656 kB
Slab:             109040 kB
SReclaimable:      31592 kB
SUnreclaim:        77448 kB
KernelStack:       32288 kB
PageTables:        57532 kB
NFS_Unstable:          0 kB
Bounce:                0 kB
WritebackTmp:          0 kB
CommitLimit:     2684136 kB
Committed_AS:   143509396 kB
VmallocTotal:   251658176 kB
VmallocUsed:      305676 kB
VmallocChunk:   247561408 kB
Time pass: 39 sec

---2015-12-17 17:07:46
MemTotal:        2746844 kB
MemFree:           70012 kB
Buffers:           10140 kB
Cached:           878920 kB
SwapCached:         3520 kB
Active:           829500 kB
Inactive:         854276 kB
Active(anon):     398720 kB
Inactive(anon):   417432 kB
Active(file):     430780 kB
Inactive(file):   436844 kB
Unevictable:       35812 kB
Mlocked:           27768 kB
SwapTotal:       1310716 kB
SwapFree:        1199604 kB
Dirty:              1760 kB
Writeback:             0 kB
AnonPages:        830672 kB
Mapped:           454248 kB
Shmem:               600 kB
Slab:             109096 kB
SReclaimable:      31576 kB
SUnreclaim:        77520 kB
KernelStack:       33760 kB
PageTables:        57312 kB
NFS_Unstable:          0 kB
Bounce:                0 kB
WritebackTmp:          0 kB
CommitLimit:     2684136 kB
Committed_AS:   140625796 kB
VmallocTotal:   251658176 kB
VmallocUsed:      306012 kB
VmallocChunk:   247561408 kB
Time pass: 42 sec

---2015-12-17 17:07:46
MemTotal:        2746844 kB
MemFree:           72900 kB
Buffers:            9392 kB
Cached:           838288 kB
SwapCached:         4368 kB
Active:           818376 kB
Inactive:         827520 kB
Active(anon):     404632 kB
Inactive(anon):   413448 kB
Active(file):     413744 kB
Inactive(file):   414072 kB
Unevictable:       35812 kB
Mlocked:           27768 kB
SwapTotal:       1310716 kB
SwapFree:        1194784 kB
Dirty:               180 kB
Writeback:             0 kB
AnonPages:        830784 kB
Mapped:           454600 kB
Shmem:               652 kB
Slab:             109268 kB
SReclaimable:      31512 kB
SUnreclaim:        77756 kB
KernelStack:       33856 kB
PageTables:        57760 kB
NFS_Unstable:          0 kB
Bounce:                0 kB
WritebackTmp:          0 kB
CommitLimit:     2684136 kB
Committed_AS:   140657992 kB
VmallocTotal:   251658176 kB
VmallocUsed:      305628 kB
VmallocChunk:   247561408 kB
Time pass: 46 sec

---2015-12-17 17:07:46
MemTotal:        2746844 kB
MemFree:           72232 kB
Buffers:            9444 kB
Cached:           839392 kB
SwapCached:         4380 kB
Active:           818836 kB
Inactive:         828256 kB
Active(anon):     404808 kB
Inactive(anon):   413336 kB
Active(file):     414028 kB
Inactive(file):   414920 kB
Unevictable:       35812 kB
Mlocked:           27768 kB
SwapTotal:       1310716 kB
SwapFree:        1194788 kB
Dirty:               100 kB
Writeback:            16 kB
AnonPages:        831268 kB
Mapped:           455012 kB
Shmem:               652 kB
Slab:             109288 kB
SReclaimable:      31512 kB
SUnreclaim:        77776 kB
KernelStack:       33808 kB
PageTables:        57812 kB
NFS_Unstable:          0 kB
Bounce:                0 kB
WritebackTmp:          0 kB
CommitLimit:     2684136 kB
Committed_AS:   140657908 kB
VmallocTotal:   251658176 kB
VmallocUsed:      305628 kB
VmallocChunk:   247561408 kB
Time pass: 49 sec

---2015-12-17 17:07:46
MemTotal:        2746844 kB
MemFree:           64532 kB
Buffers:            9532 kB
Cached:           825852 kB
SwapCached:         4384 kB
Active:           830212 kB
Inactive:         828748 kB
Active(anon):     422144 kB
Inactive(anon):   421688 kB
Active(file):     408068 kB
Inactive(file):   407060 kB
Unevictable:       35812 kB
Mlocked:           27768 kB
SwapTotal:       1310716 kB
SwapFree:        1194052 kB
Dirty:               224 kB
Writeback:             0 kB
AnonPages:        856552 kB
Mapped:           456240 kB
Shmem:               652 kB
Slab:             109348 kB
SReclaimable:      31512 kB
SUnreclaim:        77836 kB
KernelStack:       33872 kB
PageTables:        57728 kB
NFS_Unstable:          0 kB
Bounce:                0 kB
WritebackTmp:          0 kB
CommitLimit:     2684136 kB
Committed_AS:   140658668 kB
VmallocTotal:   251658176 kB
VmallocUsed:      305972 kB
VmallocChunk:   247561408 kB
Time pass: 53 sec

---2015-12-17 17:07:46
MemTotal:        2746844 kB
MemFree:           72416 kB
Buffers:            8452 kB
Cached:           793860 kB
SwapCached:         4388 kB
Active:           808940 kB
Inactive:         816212 kB
Active(anon):     417988 kB
Inactive(anon):   424696 kB
Active(file):     390952 kB
Inactive(file):   391516 kB
Unevictable:       35812 kB
Mlocked:           27768 kB
SwapTotal:       1310716 kB
SwapFree:        1192264 kB
Dirty:               908 kB
Writeback:             0 kB
AnonPages:        855512 kB
Mapped:           457532 kB
Shmem:               648 kB
Slab:             109460 kB
SReclaimable:      31576 kB
SUnreclaim:        77884 kB
KernelStack:       34016 kB
PageTables:        57840 kB
NFS_Unstable:          0 kB
Bounce:                0 kB
WritebackTmp:          0 kB
CommitLimit:     2684136 kB
Committed_AS:   140667004 kB
VmallocTotal:   251658176 kB
VmallocUsed:      306620 kB
VmallocChunk:   247561408 kB
Time pass: 56 sec

---2015-12-17 17:07:46
MemTotal:        2746844 kB
MemFree:           72412 kB
Buffers:            8460 kB
Cached:           794148 kB
SwapCached:         4388 kB
Active:           809000 kB
Inactive:         816536 kB
Active(anon):     418044 kB
Inactive(anon):   424688 kB
Active(file):     390956 kB
Inactive(file):   391848 kB
Unevictable:       35812 kB
Mlocked:           27768 kB
SwapTotal:       1310716 kB
SwapFree:        1192264 kB
Dirty:                 0 kB
Writeback:             0 kB
AnonPages:        855660 kB
Mapped:           457932 kB
Shmem:               648 kB
Slab:             109476 kB
SReclaimable:      31576 kB
SUnreclaim:        77900 kB
KernelStack:       34016 kB
PageTables:        57768 kB
NFS_Unstable:          0 kB
Bounce:                0 kB
WritebackTmp:          0 kB
CommitLimit:     2684136 kB
Committed_AS:   140666996 kB
VmallocTotal:   251658176 kB
VmallocUsed:      306620 kB
VmallocChunk:   247561408 kB
Time pass: 60 sec

---2015-12-17 17:07:46
MemTotal:        2746844 kB
MemFree:           71536 kB
Buffers:            8460 kB
Cached:           794156 kB
SwapCached:         4388 kB
Active:           809252 kB
Inactive:         816580 kB
Active(anon):     418292 kB
Inactive(anon):   424680 kB
Active(file):     390960 kB
Inactive(file):   391900 kB
Unevictable:       35812 kB
Mlocked:           27768 kB
SwapTotal:       1310716 kB
SwapFree:        1192264 kB
Dirty:                48 kB
Writeback:             0 kB
AnonPages:        855768 kB
Mapped:           458016 kB
Shmem:               648 kB
Slab:             109460 kB
SReclaimable:      31576 kB
SUnreclaim:        77884 kB
KernelStack:       34048 kB
PageTables:        57824 kB
NFS_Unstable:          0 kB
Bounce:                0 kB
WritebackTmp:          0 kB
CommitLimit:     2684136 kB
Committed_AS:   140667004 kB
VmallocTotal:   251658176 kB
VmallocUsed:      306620 kB
VmallocChunk:   247561408 kB
Time pass: 63 sec

---2015-12-17 17:07:46
MemTotal:        2746844 kB
MemFree:           68068 kB
Buffers:            8460 kB
Cached:           794336 kB
SwapCached:         4388 kB
Active:           810872 kB
Inactive:         816716 kB
Active(anon):     419904 kB
Inactive(anon):   424644 kB
Active(file):     390968 kB
Inactive(file):   392072 kB
Unevictable:       35812 kB
Mlocked:           27768 kB
SwapTotal:       1310716 kB
SwapFree:        1192264 kB
Dirty:                20 kB
Writeback:             0 kB
AnonPages:        857932 kB
Mapped:           457972 kB
Shmem:               648 kB
Slab:             109572 kB
SReclaimable:      31576 kB
SUnreclaim:        77996 kB
KernelStack:       34048 kB
PageTables:        57796 kB
NFS_Unstable:          0 kB
Bounce:                0 kB
WritebackTmp:          0 kB
CommitLimit:     2684136 kB
Committed_AS:   140676024 kB
VmallocTotal:   251658176 kB
VmallocUsed:      306620 kB
VmallocChunk:   247561408 kB
Time pass: 67 sec

---2015-12-17 17:07:46
MemTotal:        2746844 kB
MemFree:           68008 kB
Buffers:            8468 kB
Cached:           794336 kB
SwapCached:         4388 kB
Active:           810684 kB
Inactive:         816712 kB
Active(anon):     419712 kB
Inactive(anon):   424636 kB
Active(file):     390972 kB
Inactive(file):   392076 kB
Unevictable:       35812 kB
Mlocked:           27768 kB
SwapTotal:       1310716 kB
SwapFree:        1192264 kB
Dirty:                 8 kB
Writeback:             0 kB
AnonPages:        857484 kB
Mapped:           457980 kB
Shmem:               648 kB
Slab:             109620 kB
SReclaimable:      31576 kB
SUnreclaim:        78044 kB
KernelStack:       34016 kB
PageTables:        57756 kB
NFS_Unstable:          0 kB
Bounce:                0 kB
WritebackTmp:          0 kB
CommitLimit:     2684136 kB
Committed_AS:   140667084 kB
VmallocTotal:   251658176 kB
VmallocUsed:      306620 kB
VmallocChunk:   247561408 kB
Time pass: 71 sec

---2015-12-17 17:07:46
MemTotal:        2746844 kB
MemFree:           71504 kB
Buffers:            8312 kB
Cached:           744888 kB
SwapCached:         4396 kB
Active:           787736 kB
Inactive:         793052 kB
Active(anon):     421056 kB
Inactive(anon):   426288 kB
Active(file):     366680 kB
Inactive(file):   366764 kB
Unevictable:       35812 kB
Mlocked:           27768 kB
SwapTotal:       1310716 kB
SwapFree:        1185148 kB
Dirty:               556 kB
Writeback:             0 kB
AnonPages:        860372 kB
Mapped:           458304 kB
Shmem:               648 kB
Slab:             109588 kB
SReclaimable:      31528 kB
SUnreclaim:        78060 kB
KernelStack:       34016 kB
PageTables:        57808 kB
NFS_Unstable:          0 kB
Bounce:                0 kB
WritebackTmp:          0 kB
CommitLimit:     2684136 kB
Committed_AS:   140675692 kB
VmallocTotal:   251658176 kB
VmallocUsed:      310696 kB
VmallocChunk:   247561408 kB
Time pass: 74 sec

---2015-12-17 17:07:46
MemTotal:        2746844 kB
MemFree:           65500 kB
Buffers:            8388 kB
Cached:           743460 kB
SwapCached:         4404 kB
Active:           795100 kB
Inactive:         793560 kB
Active(anon):     429380 kB
Inactive(anon):   427188 kB
Active(file):     365720 kB
Inactive(file):   366372 kB
Unevictable:       35812 kB
Mlocked:           27768 kB
SwapTotal:       1310716 kB
SwapFree:        1184772 kB
Dirty:               356 kB
Writeback:             0 kB
AnonPages:        869828 kB
Mapped:           461644 kB
Shmem:               648 kB
Slab:             109652 kB
SReclaimable:      31576 kB
SUnreclaim:        78076 kB
KernelStack:       34176 kB
PageTables:        57804 kB
NFS_Unstable:          0 kB
Bounce:                0 kB
WritebackTmp:          0 kB
CommitLimit:     2684136 kB
Committed_AS:   140679964 kB
VmallocTotal:   251658176 kB
VmallocUsed:      310680 kB
VmallocChunk:   247561408 kB
Time pass: 78 sec

---2015-12-17 17:07:46
MemTotal:        2746844 kB
MemFree:           64348 kB
Buffers:            8160 kB
Cached:           721068 kB
SwapCached:         4584 kB
Active:           794404 kB
Inactive:         781344 kB
Active(anon):     434524 kB
Inactive(anon):   431916 kB
Active(file):     359880 kB
Inactive(file):   349428 kB
Unevictable:       35812 kB
Mlocked:           27768 kB
SwapTotal:       1310716 kB
SwapFree:        1179808 kB
Dirty:               132 kB
Writeback:             0 kB
AnonPages:        879188 kB
Mapped:           463148 kB
Shmem:               812 kB
Slab:             109828 kB
SReclaimable:      31536 kB
SUnreclaim:        78292 kB
KernelStack:       34528 kB
PageTables:        57976 kB
NFS_Unstable:          0 kB
Bounce:                0 kB
WritebackTmp:          0 kB
CommitLimit:     2684136 kB
Committed_AS:   140704212 kB
VmallocTotal:   251658176 kB
VmallocUsed:      312960 kB
VmallocChunk:   247561408 kB
Time pass: 81 sec

---2015-12-17 17:07:46
MemTotal:        2746844 kB
MemFree:           65644 kB
Buffers:            7788 kB
Cached:           718128 kB
SwapCached:         4584 kB
Active:           790352 kB
Inactive:         783092 kB
Active(anon):     433380 kB
Inactive(anon):   434116 kB
Active(file):     356972 kB
Inactive(file):   348976 kB
Unevictable:       35812 kB
Mlocked:           27768 kB
SwapTotal:       1310716 kB
SwapFree:        1178776 kB
Dirty:               140 kB
Writeback:             0 kB
AnonPages:        880268 kB
Mapped:           463208 kB
Shmem:               860 kB
Slab:             109888 kB
SReclaimable:      31536 kB
SUnreclaim:        78352 kB
KernelStack:       34528 kB
PageTables:        58096 kB
NFS_Unstable:          0 kB
Bounce:                0 kB
WritebackTmp:          0 kB
CommitLimit:     2684136 kB
Committed_AS:   140704276 kB
VmallocTotal:   251658176 kB
VmallocUsed:      317212 kB
VmallocChunk:   247561408 kB
Time pass: 85 sec

---2015-12-17 17:07:46
MemTotal:        2746844 kB
MemFree:           67516 kB
Buffers:            7804 kB
Cached:           716220 kB
SwapCached:         4584 kB
Active:           790372 kB
Inactive:         782188 kB
Active(anon):     434264 kB
Inactive(anon):   434712 kB
Active(file):     356108 kB
Inactive(file):   347476 kB
Unevictable:       35812 kB
Mlocked:           27768 kB
SwapTotal:       1310716 kB
SwapFree:        1177400 kB
Dirty:                56 kB
Writeback:             0 kB
AnonPages:        881440 kB
Mapped:           463500 kB
Shmem:              1020 kB
Slab:             109920 kB
SReclaimable:      31536 kB
SUnreclaim:        78384 kB
KernelStack:       34480 kB
PageTables:        58132 kB
NFS_Unstable:          0 kB
Bounce:                0 kB
WritebackTmp:          0 kB
CommitLimit:     2684136 kB
Committed_AS:   140708312 kB
VmallocTotal:   251658176 kB
VmallocUsed:      317212 kB
VmallocChunk:   247561408 kB
Time pass: 88 sec

---2015-12-17 17:07:46
MemTotal:        2746844 kB
MemFree:           68792 kB
Buffers:            7792 kB
Cached:           714684 kB
SwapCached:         4604 kB
Active:           790560 kB
Inactive:         779804 kB
Active(anon):     434748 kB
Inactive(anon):   433300 kB
Active(file):     355812 kB
Inactive(file):   346504 kB
Unevictable:       35812 kB
Mlocked:           27768 kB
SwapTotal:       1310716 kB
SwapFree:        1176712 kB
Dirty:                56 kB
Writeback:             0 kB
AnonPages:        880832 kB
Mapped:           463488 kB
Shmem:              1020 kB
Slab:             110044 kB
SReclaimable:      31536 kB
SUnreclaim:        78508 kB
KernelStack:       34464 kB
PageTables:        58136 kB
NFS_Unstable:          0 kB
Bounce:                0 kB
WritebackTmp:          0 kB
CommitLimit:     2684136 kB
Committed_AS:   140708272 kB
VmallocTotal:   251658176 kB
VmallocUsed:      317212 kB
VmallocChunk:   247561408 kB
Time pass: 91 sec

---2015-12-17 17:07:46
MemTotal:        2746844 kB
MemFree:           71968 kB
Buffers:            7768 kB
Cached:           713060 kB
SwapCached:         4604 kB
Active:           788504 kB
Inactive:         779264 kB
Active(anon):     433840 kB
Inactive(anon):   433308 kB
Active(file):     354664 kB
Inactive(file):   345956 kB
Unevictable:       35812 kB
Mlocked:           27768 kB
SwapTotal:       1310716 kB
SwapFree:        1175936 kB
Dirty:                44 kB
Writeback:             0 kB
AnonPages:        880172 kB
Mapped:           463480 kB
Shmem:              1068 kB
Slab:             109944 kB
SReclaimable:      31520 kB
SUnreclaim:        78424 kB
KernelStack:       34320 kB
PageTables:        58104 kB
NFS_Unstable:          0 kB
Bounce:                0 kB
WritebackTmp:          0 kB
CommitLimit:     2684136 kB
Committed_AS:   140708240 kB
VmallocTotal:   251658176 kB
VmallocUsed:      317212 kB
VmallocChunk:   247561408 kB
Time pass: 95 sec

---2015-12-17 17:07:46
MemTotal:        2746844 kB
MemFree:           68708 kB
Buffers:            7924 kB
Cached:           713704 kB
SwapCached:         5188 kB
Active:           790996 kB
Inactive:         780604 kB
Active(anon):     436284 kB
Inactive(anon):   434408 kB
Active(file):     354712 kB
Inactive(file):   346196 kB
Unevictable:       35812 kB
Mlocked:           27768 kB
SwapTotal:       1310716 kB
SwapFree:        1176020 kB
Dirty:               112 kB
Writeback:             0 kB
AnonPages:        882440 kB
Mapped:           464044 kB
Shmem:              1588 kB
Slab:             109920 kB
SReclaimable:      31520 kB
SUnreclaim:        78400 kB
KernelStack:       34240 kB
PageTables:        58116 kB
NFS_Unstable:          0 kB
Bounce:                0 kB
WritebackTmp:          0 kB
CommitLimit:     2684136 kB
Committed_AS:   140720948 kB
VmallocTotal:   251658176 kB
VmallocUsed:      317212 kB
VmallocChunk:   247561408 kB
Time pass: 98 sec

---2015-12-17 17:07:46
MemTotal:        2746844 kB
MemFree:           68624 kB
Buffers:            7940 kB
Cached:           713924 kB
SwapCached:         5204 kB
Active:           791048 kB
Inactive:         780740 kB
Active(anon):     436332 kB
Inactive(anon):   434284 kB
Active(file):     354716 kB
Inactive(file):   346456 kB
Unevictable:       35812 kB
Mlocked:           27768 kB
SwapTotal:       1310716 kB
SwapFree:        1176080 kB
Dirty:                72 kB
Writeback:             0 kB
AnonPages:        882796 kB
Mapped:           464004 kB
Shmem:              1584 kB
Slab:             109920 kB
SReclaimable:      31520 kB
SUnreclaim:        78400 kB
KernelStack:       34128 kB
PageTables:        58120 kB
NFS_Unstable:          0 kB
Bounce:                0 kB
WritebackTmp:          0 kB
CommitLimit:     2684136 kB
Committed_AS:   140721004 kB
VmallocTotal:   251658176 kB
VmallocUsed:      317212 kB
VmallocChunk:   247561408 kB
Time pass: 102 sec

---2015-12-17 17:07:46
MemTotal:        2746844 kB
MemFree:           77584 kB
Buffers:            7932 kB
Cached:           712984 kB
SwapCached:         5212 kB
Active:           778396 kB
Inactive:         781760 kB
Active(anon):     425720 kB
Inactive(anon):   434436 kB
Active(file):     352676 kB
Inactive(file):   347324 kB
Unevictable:       35812 kB
Mlocked:           27768 kB
SwapTotal:       1310716 kB
SwapFree:        1168868 kB
Dirty:                 4 kB
Writeback:             0 kB
AnonPages:        871076 kB
Mapped:           463664 kB
Shmem:              1164 kB
Slab:             110024 kB
SReclaimable:      31520 kB
SUnreclaim:        78504 kB
KernelStack:       33728 kB
PageTables:        58004 kB
NFS_Unstable:          0 kB
Bounce:                0 kB
WritebackTmp:          0 kB
CommitLimit:     2684136 kB
Committed_AS:   140709268 kB
VmallocTotal:   251658176 kB
VmallocUsed:      314984 kB
VmallocChunk:   247561408 kB
Time pass: 105 sec

---2015-12-17 17:07:46
MemTotal:        2746844 kB
MemFree:          415808 kB
Buffers:            8072 kB
Cached:           722408 kB
SwapCached:         5780 kB
Active:           672304 kB
Inactive:         779388 kB
Active(anon):     317268 kB
Inactive(anon):   424504 kB
Active(file):     355036 kB
Inactive(file):   354884 kB
Unevictable:       35812 kB
Mlocked:           27768 kB
SwapTotal:       1310716 kB
SwapFree:        1165940 kB
Dirty:               256 kB
Writeback:             0 kB
AnonPages:        754440 kB
Mapped:           389052 kB
Shmem:               872 kB
Slab:             109912 kB
SReclaimable:      31520 kB
SUnreclaim:        78392 kB
KernelStack:       31728 kB
PageTables:        55688 kB
NFS_Unstable:          0 kB
Bounce:                0 kB
WritebackTmp:          0 kB
CommitLimit:     2684136 kB
Committed_AS:   138620108 kB
VmallocTotal:   251658176 kB
VmallocUsed:      317980 kB
VmallocChunk:   247561408 kB
Time pass: 109 sec

---2015-12-17 17:07:46
MemTotal:        2746844 kB
MemFree:          415036 kB
Buffers:            8088 kB
Cached:           723580 kB
SwapCached:         5784 kB
Active:           672440 kB
Inactive:         780584 kB
Active(anon):     317044 kB
Inactive(anon):   424348 kB
Active(file):     355396 kB
Inactive(file):   356236 kB
Unevictable:       35812 kB
Mlocked:           27768 kB
SwapTotal:       1310716 kB
SwapFree:        1165940 kB
Dirty:               264 kB
Writeback:             0 kB
AnonPages:        754192 kB
Mapped:           389068 kB
Shmem:               904 kB
Slab:             109536 kB
SReclaimable:      31504 kB
SUnreclaim:        78032 kB
KernelStack:       29824 kB
PageTables:        55524 kB
NFS_Unstable:          0 kB
Bounce:                0 kB
WritebackTmp:          0 kB
CommitLimit:     2684136 kB
Committed_AS:   138620148 kB
VmallocTotal:   251658176 kB
VmallocUsed:      317980 kB
VmallocChunk:   247561408 kB
Time pass: 112 sec

---2015-12-17 17:07:46
MemTotal:        2746844 kB
MemFree:          441112 kB
Buffers:            8088 kB
Cached:           723808 kB
SwapCached:         5784 kB
Active:           652396 kB
Inactive:         773520 kB
Active(anon):     294668 kB
Inactive(anon):   419420 kB
Active(file):     357728 kB
Inactive(file):   354100 kB
Unevictable:       35812 kB
Mlocked:           27768 kB
SwapTotal:       1310716 kB
SwapFree:        1165940 kB
Dirty:                68 kB
Writeback:             0 kB
AnonPages:        726852 kB
Mapped:           389096 kB
Shmem:               904 kB
Slab:             109536 kB
SReclaimable:      31504 kB
SUnreclaim:        78032 kB
KernelStack:       29792 kB
PageTables:        55600 kB
NFS_Unstable:          0 kB
Bounce:                0 kB
WritebackTmp:          0 kB
CommitLimit:     2684136 kB
Committed_AS:   138621276 kB
VmallocTotal:   251658176 kB
VmallocUsed:      317980 kB
VmallocChunk:   247561408 kB
Time pass: 116 sec

---2015-12-17 17:07:46
MemTotal:        2746844 kB
MemFree:          442168 kB
Buffers:            8096 kB
Cached:           723940 kB
SwapCached:         5784 kB
Active:           653860 kB
Inactive:         772596 kB
Active(anon):     296128 kB
Inactive(anon):   418340 kB
Active(file):     357732 kB
Inactive(file):   354256 kB
Unevictable:       35812 kB
Mlocked:           27768 kB
SwapTotal:       1310716 kB
SwapFree:        1165940 kB
Dirty:                76 kB
Writeback:             0 kB
AnonPages:        726988 kB
Mapped:           389152 kB
Shmem:               904 kB
Slab:             109536 kB
SReclaimable:      31504 kB
SUnreclaim:        78032 kB
KernelStack:       29776 kB
PageTables:        55604 kB
NFS_Unstable:          0 kB
Bounce:                0 kB
WritebackTmp:          0 kB
CommitLimit:     2684136 kB
Committed_AS:   138621276 kB
VmallocTotal:   251658176 kB
VmallocUsed:      317980 kB
VmallocChunk:   247561408 kB
Time pass: 119 sec

---2015-12-17 17:07:46
MemTotal:        2746844 kB
MemFree:          441764 kB
Buffers:            8104 kB
Cached:           723988 kB
SwapCached:         5784 kB
Active:           654228 kB
Inactive:         772652 kB
Active(anon):     296496 kB
Inactive(anon):   418340 kB
Active(file):     357732 kB
Inactive(file):   354312 kB
Unevictable:       35812 kB
Mlocked:           27768 kB
SwapTotal:       1310716 kB
SwapFree:        1165940 kB
Dirty:                 0 kB
Writeback:             0 kB
AnonPages:        727144 kB
Mapped:           389240 kB
Shmem:               904 kB
Slab:             109536 kB
SReclaimable:      31504 kB
SUnreclaim:        78032 kB
KernelStack:       29776 kB
PageTables:        55636 kB
NFS_Unstable:          0 kB
Bounce:                0 kB
WritebackTmp:          0 kB
CommitLimit:     2684136 kB
Committed_AS:   138621268 kB
VmallocTotal:   251658176 kB
VmallocUsed:      317980 kB
VmallocChunk:   247561408 kB
Time pass: 123 sec

---2015-12-17 17:07:46
MemTotal:        2746844 kB
MemFree:          440856 kB
Buffers:            8104 kB
Cached:           723988 kB
SwapCached:         5784 kB
Active:           654156 kB
Inactive:         772652 kB
Active(anon):     296424 kB
Inactive(anon):   418304 kB
Active(file):     357732 kB
Inactive(file):   354348 kB
Unevictable:       35812 kB
Mlocked:           27768 kB
SwapTotal:       1310716 kB
SwapFree:        1165964 kB
Dirty:                12 kB
Writeback:             0 kB
AnonPages:        727452 kB
Mapped:           389156 kB
Shmem:               904 kB
Slab:             109536 kB
SReclaimable:      31504 kB
SUnreclaim:        78032 kB
KernelStack:       29712 kB
PageTables:        55600 kB
NFS_Unstable:          0 kB
Bounce:                0 kB
WritebackTmp:          0 kB
CommitLimit:     2684136 kB
Committed_AS:   138621100 kB
VmallocTotal:   251658176 kB
VmallocUsed:      317980 kB
VmallocChunk:   247561408 kB
Time pass: 126 sec

---2015-12-17 17:07:46
MemTotal:        2746844 kB
MemFree:          441336 kB
Buffers:            8104 kB
Cached:           723988 kB
SwapCached:         5784 kB
Active:           654444 kB
Inactive:         772652 kB
Active(anon):     296712 kB
Inactive(anon):   418304 kB
Active(file):     357732 kB
Inactive(file):   354348 kB
Unevictable:       35812 kB
Mlocked:           27768 kB
SwapTotal:       1310716 kB
SwapFree:        1165964 kB
Dirty:                 0 kB
Writeback:             0 kB
AnonPages:        727644 kB
Mapped:           389240 kB
Shmem:               904 kB
Slab:             109536 kB
SReclaimable:      31504 kB
SUnreclaim:        78032 kB
KernelStack:       29696 kB
PageTables:        55628 kB
NFS_Unstable:          0 kB
Bounce:                0 kB
WritebackTmp:          0 kB
CommitLimit:     2684136 kB
Committed_AS:   138621092 kB
VmallocTotal:   251658176 kB
VmallocUsed:      317980 kB
VmallocChunk:   247561408 kB
Time pass: 130 sec

---2015-12-17 17:07:46
MemTotal:        2746844 kB
MemFree:          440924 kB
Buffers:            8104 kB
Cached:           723988 kB
SwapCached:         5784 kB
Active:           654688 kB
Inactive:         772652 kB
Active(anon):     296956 kB
Inactive(anon):   418304 kB
Active(file):     357732 kB
Inactive(file):   354348 kB
Unevictable:       35812 kB
Mlocked:           27768 kB
SwapTotal:       1310716 kB
SwapFree:        1165964 kB
Dirty:                 0 kB
Writeback:             0 kB
AnonPages:        727732 kB
Mapped:           389324 kB
Shmem:               904 kB
Slab:             109536 kB
SReclaimable:      31504 kB
SUnreclaim:        78032 kB
KernelStack:       29696 kB
PageTables:        55656 kB
NFS_Unstable:          0 kB
Bounce:                0 kB
WritebackTmp:          0 kB
CommitLimit:     2684136 kB
Committed_AS:   138621100 kB
VmallocTotal:   251658176 kB
VmallocUsed:      317980 kB
VmallocChunk:   247561408 kB
Time pass: 133 sec

---2015-12-17 17:07:46
MemTotal:        2746844 kB
MemFree:          440968 kB
Buffers:            8104 kB
Cached:           723988 kB
SwapCached:         5784 kB
Active:           655104 kB
Inactive:         772652 kB
Active(anon):     297372 kB
Inactive(anon):   418304 kB
Active(file):     357732 kB
Inactive(file):   354348 kB
Unevictable:       35812 kB
Mlocked:           27768 kB
SwapTotal:       1310716 kB
SwapFree:        1165964 kB
Dirty:                 0 kB
Writeback:             0 kB
AnonPages:        727836 kB
Mapped:           389408 kB
Shmem:               904 kB
Slab:             109536 kB
SReclaimable:      31504 kB
SUnreclaim:        78032 kB
KernelStack:       29680 kB
PageTables:        55684 kB
NFS_Unstable:          0 kB
Bounce:                0 kB
WritebackTmp:          0 kB
CommitLimit:     2684136 kB
Committed_AS:   138621092 kB
VmallocTotal:   251658176 kB
VmallocUsed:      317980 kB
VmallocChunk:   247561408 kB
Time pass: 137 sec

---2015-12-17 17:07:46
MemTotal:        2746844 kB
MemFree:          441520 kB
Buffers:            8104 kB
Cached:           723988 kB
SwapCached:         5784 kB
Active:           654992 kB
Inactive:         772652 kB
Active(anon):     297260 kB
Inactive(anon):   418304 kB
Active(file):     357732 kB
Inactive(file):   354348 kB
Unevictable:       35812 kB
Mlocked:           27768 kB
SwapTotal:       1310716 kB
SwapFree:        1165964 kB
Dirty:                 0 kB
Writeback:             0 kB
AnonPages:        727960 kB
Mapped:           389240 kB
Shmem:               904 kB
Slab:             109520 kB
SReclaimable:      31504 kB
SUnreclaim:        78016 kB
KernelStack:       29664 kB
PageTables:        55628 kB
NFS_Unstable:          0 kB
Bounce:                0 kB
WritebackTmp:          0 kB
CommitLimit:     2684136 kB
Committed_AS:   138621100 kB
VmallocTotal:   251658176 kB
VmallocUsed:      317980 kB
VmallocChunk:   247561408 kB
Time pass: 141 sec

---2015-12-17 17:07:46
MemTotal:        2746844 kB
MemFree:          441488 kB
Buffers:            8104 kB
Cached:           723988 kB
SwapCached:         5784 kB
Active:           655044 kB
Inactive:         772652 kB
Active(anon):     297312 kB
Inactive(anon):   418304 kB
Active(file):     357732 kB
Inactive(file):   354348 kB
Unevictable:       35812 kB
Mlocked:           27768 kB
SwapTotal:       1310716 kB
SwapFree:        1165964 kB
Dirty:                 0 kB
Writeback:             0 kB
AnonPages:        728052 kB
Mapped:           389324 kB
Shmem:               904 kB
Slab:             109520 kB
SReclaimable:      31504 kB
SUnreclaim:        78016 kB
KernelStack:       29664 kB
PageTables:        55656 kB
NFS_Unstable:          0 kB
Bounce:                0 kB
WritebackTmp:          0 kB
CommitLimit:     2684136 kB
Committed_AS:   138621060 kB
VmallocTotal:   251658176 kB
VmallocUsed:      317980 kB
VmallocChunk:   247561408 kB
Time pass: 144 sec

---2015-12-17 17:07:46
MemTotal:        2746844 kB
MemFree:          444292 kB
Buffers:            8104 kB
Cached:           723988 kB
SwapCached:         5784 kB
Active:           655328 kB
Inactive:         772652 kB
Active(anon):     297596 kB
Inactive(anon):   418304 kB
Active(file):     357732 kB
Inactive(file):   354348 kB
Unevictable:       35812 kB
Mlocked:           27768 kB
SwapTotal:       1310716 kB
SwapFree:        1165964 kB
Dirty:                 0 kB
Writeback:             0 kB
AnonPages:        728328 kB
Mapped:           389240 kB
Shmem:               904 kB
Slab:             109504 kB
SReclaimable:      31504 kB
SUnreclaim:        78000 kB
KernelStack:       29664 kB
PageTables:        55628 kB
NFS_Unstable:          0 kB
Bounce:                0 kB
WritebackTmp:          0 kB
CommitLimit:     2684136 kB
Committed_AS:   138621100 kB
VmallocTotal:   251658176 kB
VmallocUsed:      317980 kB
VmallocChunk:   247561408 kB
Time pass: 148 sec

---2015-12-17 17:07:46
MemTotal:        2746844 kB
MemFree:          444260 kB
Buffers:            8104 kB
Cached:           723988 kB
SwapCached:         5784 kB
Active:           655172 kB
Inactive:         772636 kB
Active(anon):     297440 kB
Inactive(anon):   418288 kB
Active(file):     357732 kB
Inactive(file):   354348 kB
Unevictable:       35812 kB
Mlocked:           27768 kB
SwapTotal:       1310716 kB
SwapFree:        1165964 kB
Dirty:                 0 kB
Writeback:             0 kB
AnonPages:        728348 kB
Mapped:           389240 kB
Shmem:               904 kB
Slab:             109504 kB
SReclaimable:      31504 kB
SUnreclaim:        78000 kB
KernelStack:       29664 kB
PageTables:        55632 kB
NFS_Unstable:          0 kB
Bounce:                0 kB
WritebackTmp:          0 kB
CommitLimit:     2684136 kB
Committed_AS:   138621092 kB
VmallocTotal:   251658176 kB
VmallocUsed:      317980 kB
VmallocChunk:   247561408 kB
Time pass: 151 sec

---2015-12-17 17:07:46
MemTotal:        2746844 kB
MemFree:          444228 kB
Buffers:            8104 kB
Cached:           723988 kB
SwapCached:         5784 kB
Active:           655628 kB
Inactive:         772636 kB
Active(anon):     297896 kB
Inactive(anon):   418288 kB
Active(file):     357732 kB
Inactive(file):   354348 kB
Unevictable:       35812 kB
Mlocked:           27768 kB
SwapTotal:       1310716 kB
SwapFree:        1165964 kB
Dirty:                 0 kB
Writeback:             0 kB
AnonPages:        728484 kB
Mapped:           389336 kB
Shmem:               904 kB
Slab:             109504 kB
SReclaimable:      31504 kB
SUnreclaim:        78000 kB
KernelStack:       29664 kB
PageTables:        55640 kB
NFS_Unstable:          0 kB
Bounce:                0 kB
WritebackTmp:          0 kB
CommitLimit:     2684136 kB
Committed_AS:   138621108 kB
VmallocTotal:   251658176 kB
VmallocUsed:      317980 kB
VmallocChunk:   247561408 kB
Time pass: 155 sec

---2015-12-17 17:07:46
MemTotal:        2746844 kB
MemFree:          444756 kB
Buffers:            8104 kB
Cached:           723988 kB
SwapCached:         5784 kB
Active:           655792 kB
Inactive:         772636 kB
Active(anon):     298060 kB
Inactive(anon):   418288 kB
Active(file):     357732 kB
Inactive(file):   354348 kB
Unevictable:       35812 kB
Mlocked:           27768 kB
SwapTotal:       1310716 kB
SwapFree:        1165964 kB
Dirty:                 0 kB
Writeback:             0 kB
AnonPages:        728436 kB
Mapped:           389408 kB
Shmem:               904 kB
Slab:             109504 kB
SReclaimable:      31504 kB
SUnreclaim:        78000 kB
KernelStack:       29664 kB
PageTables:        55688 kB
NFS_Unstable:          0 kB
Bounce:                0 kB
WritebackTmp:          0 kB
CommitLimit:     2684136 kB
Committed_AS:   138621100 kB
VmallocTotal:   251658176 kB
VmallocUsed:      317980 kB
VmallocChunk:   247561408 kB
Time pass: 158 sec

---2015-12-17 17:07:46
MemTotal:        2746844 kB
MemFree:          444324 kB
Buffers:            8104 kB
Cached:           723988 kB
SwapCached:         5784 kB
Active:           655920 kB
Inactive:         772636 kB
Active(anon):     298188 kB
Inactive(anon):   418288 kB
Active(file):     357732 kB
Inactive(file):   354348 kB
Unevictable:       35812 kB
Mlocked:           27768 kB
SwapTotal:       1310716 kB
SwapFree:        1165964 kB
Dirty:                 0 kB
Writeback:             0 kB
AnonPages:        728712 kB
Mapped:           389324 kB
Shmem:               904 kB
Slab:             109504 kB
SReclaimable:      31504 kB
SUnreclaim:        78000 kB
KernelStack:       29632 kB
PageTables:        55664 kB
NFS_Unstable:          0 kB
Bounce:                0 kB
WritebackTmp:          0 kB
CommitLimit:     2684136 kB
Committed_AS:   138621052 kB
VmallocTotal:   251658176 kB
VmallocUsed:      317980 kB
VmallocChunk:   247561408 kB
Time pass: 162 sec

---2015-12-17 17:07:46
MemTotal:        2746844 kB
MemFree:          407200 kB
Buffers:            8180 kB
Cached:           729716 kB
SwapCached:         5820 kB
Active:           676352 kB
Inactive:         771748 kB
Active(anon):     312740 kB
Inactive(anon):   418184 kB
Active(file):     363612 kB
Inactive(file):   353564 kB
Unevictable:       35812 kB
Mlocked:           27768 kB
SwapTotal:       1310716 kB
SwapFree:        1166028 kB
Dirty:               584 kB
Writeback:             0 kB
AnonPages:        743604 kB
Mapped:           407600 kB
Shmem:               904 kB
Slab:             109504 kB
SReclaimable:      31504 kB
SUnreclaim:        78000 kB
KernelStack:       29664 kB
PageTables:        56292 kB
NFS_Unstable:          0 kB
Bounce:                0 kB
WritebackTmp:          0 kB
CommitLimit:     2684136 kB
Committed_AS:   139916876 kB
VmallocTotal:   251658176 kB
VmallocUsed:      319384 kB
VmallocChunk:   247561408 kB
Time pass: 165 sec

---2015-12-17 17:07:46
MemTotal:        2746844 kB
MemFree:          249256 kB
Buffers:            8340 kB
Cached:           736036 kB
SwapCached:         5844 kB
Active:           710000 kB
Inactive:         776940 kB
Active(anon):     344712 kB
Inactive(anon):   417996 kB
Active(file):     365288 kB
Inactive(file):   358944 kB
Unevictable:       35812 kB
Mlocked:           27768 kB
SwapTotal:       1310716 kB
SwapFree:        1166028 kB
Dirty:              1836 kB
Writeback:             0 kB
AnonPages:        775148 kB
Mapped:           426492 kB
Shmem:              1036 kB
Slab:             109428 kB
SReclaimable:      31524 kB
SUnreclaim:        77904 kB
KernelStack:       31264 kB
PageTables:        57432 kB
NFS_Unstable:          0 kB
Bounce:                0 kB
WritebackTmp:          0 kB
CommitLimit:     2684136 kB
Committed_AS:   141745792 kB
VmallocTotal:   251658176 kB
VmallocUsed:      325240 kB
VmallocChunk:   247561408 kB
Time pass: 169 sec

---2015-12-17 17:07:46
MemTotal:        2746844 kB
MemFree:          195420 kB
Buffers:            8408 kB
Cached:           737820 kB
SwapCached:         5844 kB
Active:           713252 kB
Inactive:         777268 kB
Active(anon):     346592 kB
Inactive(anon):   417892 kB
Active(file):     366660 kB
Inactive(file):   359376 kB
Unevictable:       35812 kB
Mlocked:           27768 kB
SwapTotal:       1310716 kB
SwapFree:        1166036 kB
Dirty:              1412 kB
Writeback:             0 kB
AnonPages:        776768 kB
Mapped:           428072 kB
Shmem:              1036 kB
Slab:             109476 kB
SReclaimable:      31552 kB
SUnreclaim:        77924 kB
KernelStack:       31424 kB
PageTables:        57300 kB
NFS_Unstable:          0 kB
Bounce:                0 kB
WritebackTmp:          0 kB
CommitLimit:     2684136 kB
Committed_AS:   141713240 kB
VmallocTotal:   251658176 kB
VmallocUsed:      326420 kB
VmallocChunk:   247561408 kB
Time pass: 173 sec

---2015-12-17 17:07:46
MemTotal:        2746844 kB
MemFree:          195720 kB
Buffers:            8416 kB
Cached:           737844 kB
SwapCached:         5844 kB
Active:           712692 kB
Inactive:         777296 kB
Active(anon):     346008 kB
Inactive(anon):   417868 kB
Active(file):     366684 kB
Inactive(file):   359428 kB
Unevictable:       35812 kB
Mlocked:           27768 kB
SwapTotal:       1310716 kB
SwapFree:        1166036 kB
Dirty:               100 kB
Writeback:             0 kB
AnonPages:        776072 kB
Mapped:           428172 kB
Shmem:              1036 kB
Slab:             109476 kB
SReclaimable:      31552 kB
SUnreclaim:        77924 kB
KernelStack:       31424 kB
PageTables:        57360 kB
NFS_Unstable:          0 kB
Bounce:                0 kB
WritebackTmp:          0 kB
CommitLimit:     2684136 kB
Committed_AS:   141713324 kB
VmallocTotal:   251658176 kB
VmallocUsed:      326420 kB
VmallocChunk:   247561408 kB
Time pass: 176 sec

---2015-12-17 17:07:46
MemTotal:        2746844 kB
MemFree:          191144 kB
Buffers:            8416 kB
Cached:           737984 kB
SwapCached:         5844 kB
Active:           714968 kB
Inactive:         777412 kB
Active(anon):     348268 kB
Inactive(anon):   417868 kB
Active(file):     366700 kB
Inactive(file):   359544 kB
Unevictable:       35812 kB
Mlocked:           27768 kB
SwapTotal:       1310716 kB
SwapFree:        1166036 kB
Dirty:               236 kB
Writeback:             0 kB
AnonPages:        779144 kB
Mapped:           428216 kB
Shmem:              1036 kB
Slab:             109412 kB
SReclaimable:      31552 kB
SUnreclaim:        77860 kB
KernelStack:       31424 kB
PageTables:        57336 kB
NFS_Unstable:          0 kB
Bounce:                0 kB
WritebackTmp:          0 kB
CommitLimit:     2684136 kB
Committed_AS:   141713412 kB
VmallocTotal:   251658176 kB
VmallocUsed:      326444 kB
VmallocChunk:   247561408 kB
Time pass: 180 sec

---2015-12-17 17:07:46
MemTotal:        2746844 kB
MemFree:          190280 kB
Buffers:            8416 kB
Cached:           738044 kB
SwapCached:         5844 kB
Active:           714876 kB
Inactive:         777476 kB
Active(anon):     348176 kB
Inactive(anon):   417860 kB
Active(file):     366700 kB
Inactive(file):   359616 kB
Unevictable:       35812 kB
Mlocked:           27768 kB
SwapTotal:       1310716 kB
SwapFree:        1166036 kB
Dirty:               124 kB
Writeback:             0 kB
AnonPages:        778968 kB
Mapped:           428436 kB
Shmem:              1036 kB
Slab:             109412 kB
SReclaimable:      31552 kB
SUnreclaim:        77860 kB
KernelStack:       31424 kB
PageTables:        57344 kB
NFS_Unstable:          0 kB
Bounce:                0 kB
WritebackTmp:          0 kB
CommitLimit:     2684136 kB
Committed_AS:   141713436 kB
VmallocTotal:   251658176 kB
VmallocUsed:      326444 kB
VmallocChunk:   247561408 kB
Time pass: 183 sec

---2015-12-17 17:07:46
MemTotal:        2746844 kB
MemFree:          148588 kB
Buffers:            8424 kB
Cached:           738072 kB
SwapCached:         5844 kB
Active:           720552 kB
Inactive:         777268 kB
Active(anon):     353820 kB
Inactive(anon):   417652 kB
Active(file):     366732 kB
Inactive(file):   359616 kB
Unevictable:       35812 kB
Mlocked:           27768 kB
SwapTotal:       1310716 kB
SwapFree:        1166052 kB
Dirty:               572 kB
Writeback:             0 kB
AnonPages:        784544 kB
Mapped:           428920 kB
Shmem:              1040 kB
Slab:             109412 kB
SReclaimable:      31552 kB
SUnreclaim:        77860 kB
KernelStack:       31328 kB
PageTables:        57376 kB
NFS_Unstable:          0 kB
Bounce:                0 kB
WritebackTmp:          0 kB
CommitLimit:     2684136 kB
Committed_AS:   141734316 kB
VmallocTotal:   251658176 kB
VmallocUsed:      322576 kB
VmallocChunk:   247561408 kB
Time pass: 187 sec

---2015-12-17 17:07:46
MemTotal:        2746844 kB
MemFree:          147960 kB
Buffers:            8432 kB
Cached:           738360 kB
SwapCached:         5844 kB
Active:           720372 kB
Inactive:         777536 kB
Active(anon):     353640 kB
Inactive(anon):   417624 kB
Active(file):     366732 kB
Inactive(file):   359912 kB
Unevictable:       35812 kB
Mlocked:           27768 kB
SwapTotal:       1310716 kB
SwapFree:        1166052 kB
Dirty:                 8 kB
Writeback:             0 kB
AnonPages:        783776 kB
Mapped:           428980 kB
Shmem:              1040 kB
Slab:             109408 kB
SReclaimable:      31552 kB
SUnreclaim:        77856 kB
KernelStack:       31344 kB
PageTables:        57356 kB
NFS_Unstable:          0 kB
Bounce:                0 kB
WritebackTmp:          0 kB
CommitLimit:     2684136 kB
Committed_AS:   141734388 kB
VmallocTotal:   251658176 kB
VmallocUsed:      322576 kB
VmallocChunk:   247561408 kB
Time pass: 190 sec

---2015-12-17 17:07:46
MemTotal:        2746844 kB
MemFree:          147256 kB
Buffers:            8432 kB
Cached:           738364 kB
SwapCached:         5844 kB
Active:           720140 kB
Inactive:         777544 kB
Active(anon):     353408 kB
Inactive(anon):   417624 kB
Active(file):     366732 kB
Inactive(file):   359920 kB
Unevictable:       35812 kB
Mlocked:           27768 kB
SwapTotal:       1310716 kB
SwapFree:        1166052 kB
Dirty:                 0 kB
Writeback:             0 kB
AnonPages:        783316 kB
Mapped:           429048 kB
Shmem:              1036 kB
Slab:             109408 kB
SReclaimable:      31552 kB
SUnreclaim:        77856 kB
KernelStack:       31344 kB
PageTables:        57388 kB
NFS_Unstable:          0 kB
Bounce:                0 kB
WritebackTmp:          0 kB
CommitLimit:     2684136 kB
Committed_AS:   141734380 kB
VmallocTotal:   251658176 kB
VmallocUsed:      322576 kB
VmallocChunk:   247561408 kB
Time pass: 194 sec

---2015-12-17 17:07:46
MemTotal:        2746844 kB
MemFree:          101240 kB
Buffers:            9068 kB
Cached:           742172 kB
SwapCached:         5876 kB
Active:           757988 kB
Inactive:         780748 kB
Active(anon):     390188 kB
Inactive(anon):   417688 kB
Active(file):     367800 kB
Inactive(file):   363060 kB
Unevictable:       35812 kB
Mlocked:           27768 kB
SwapTotal:       1310716 kB
SwapFree:        1166060 kB
Dirty:               168 kB
Writeback:             0 kB
AnonPages:        820508 kB
Mapped:           458424 kB
Shmem:              1164 kB
Slab:             109656 kB
SReclaimable:      31552 kB
SUnreclaim:        78104 kB
KernelStack:       33360 kB
PageTables:        58068 kB
NFS_Unstable:          0 kB
Bounce:                0 kB
WritebackTmp:          0 kB
CommitLimit:     2684136 kB
Committed_AS:   142443832 kB
VmallocTotal:   251658176 kB
VmallocUsed:      326000 kB
VmallocChunk:   247561408 kB
Time pass: 197 sec

---2015-12-17 17:07:46
MemTotal:        2746844 kB
MemFree:          109740 kB
Buffers:            9068 kB
Cached:           742320 kB
SwapCached:         5876 kB
Active:           748728 kB
Inactive:         780812 kB
Active(anon):     380836 kB
Inactive(anon):   417696 kB
Active(file):     367892 kB
Inactive(file):   363116 kB
Unevictable:       35812 kB
Mlocked:           27768 kB
SwapTotal:       1310716 kB
SwapFree:        1166060 kB
Dirty:                 8 kB
Writeback:             0 kB
AnonPages:        811052 kB
Mapped:           458956 kB
Shmem:              1252 kB
Slab:             109708 kB
SReclaimable:      31556 kB
SUnreclaim:        78152 kB
KernelStack:       33488 kB
PageTables:        57868 kB
NFS_Unstable:          0 kB
Bounce:                0 kB
WritebackTmp:          0 kB
CommitLimit:     2684136 kB
Committed_AS:   140648196 kB
VmallocTotal:   251658176 kB
VmallocUsed:      324976 kB
VmallocChunk:   247561408 kB
Time pass: 201 sec

---2015-12-17 17:07:46
MemTotal:        2746844 kB
MemFree:          106928 kB
Buffers:            9084 kB
Cached:           742324 kB
SwapCached:         5876 kB
Active:           751324 kB
Inactive:         780812 kB
Active(anon):     383404 kB
Inactive(anon):   417684 kB
Active(file):     367920 kB
Inactive(file):   363128 kB
Unevictable:       35812 kB
Mlocked:           27768 kB
SwapTotal:       1310716 kB
SwapFree:        1166060 kB
Dirty:                16 kB
Writeback:            32 kB
AnonPages:        813320 kB
Mapped:           459188 kB
Shmem:              1252 kB
Slab:             109672 kB
SReclaimable:      31560 kB
SUnreclaim:        78112 kB
KernelStack:       33536 kB
PageTables:        57960 kB
NFS_Unstable:          0 kB
Bounce:                0 kB
WritebackTmp:          0 kB
CommitLimit:     2684136 kB
Committed_AS:   140653664 kB
VmallocTotal:   251658176 kB
VmallocUsed:      324976 kB
VmallocChunk:   247561408 kB
Time pass: 204 sec

---2015-12-17 17:07:46
MemTotal:        2746844 kB
MemFree:          104852 kB
Buffers:            9092 kB
Cached:           742344 kB
SwapCached:         5876 kB
Active:           752412 kB
Inactive:         780840 kB
Active(anon):     384492 kB
Inactive(anon):   417712 kB
Active(file):     367920 kB
Inactive(file):   363128 kB
Unevictable:       35812 kB
Mlocked:           27768 kB
SwapTotal:       1310716 kB
SwapFree:        1166060 kB
Dirty:                68 kB
Writeback:             0 kB
AnonPages:        814128 kB
Mapped:           459300 kB
Shmem:              1280 kB
Slab:             109672 kB
SReclaimable:      31560 kB
SUnreclaim:        78112 kB
KernelStack:       33520 kB
PageTables:        57952 kB
NFS_Unstable:          0 kB
Bounce:                0 kB
WritebackTmp:          0 kB
CommitLimit:     2684136 kB
Committed_AS:   140653752 kB
VmallocTotal:   251658176 kB
VmallocUsed:      324976 kB
VmallocChunk:   247561408 kB
Time pass: 208 sec

---2015-12-17 17:07:46
MemTotal:        2746844 kB
MemFree:          101092 kB
Buffers:            9092 kB
Cached:           743528 kB
SwapCached:         5876 kB
Active:           755004 kB
Inactive:         781988 kB
Active(anon):     387080 kB
Inactive(anon):   417680 kB
Active(file):     367924 kB
Inactive(file):   364308 kB
Unevictable:       35812 kB
Mlocked:           27768 kB
SwapTotal:       1310716 kB
SwapFree:        1166060 kB
Dirty:                52 kB
Writeback:             0 kB
AnonPages:        817400 kB
Mapped:           459896 kB
Shmem:              1280 kB
Slab:             109680 kB
SReclaimable:      31560 kB
SUnreclaim:        78120 kB
KernelStack:       33632 kB
PageTables:        57936 kB
NFS_Unstable:          0 kB
Bounce:                0 kB
WritebackTmp:          0 kB
CommitLimit:     2684136 kB
Committed_AS:   140654448 kB
VmallocTotal:   251658176 kB
VmallocUsed:      324976 kB
VmallocChunk:   247561408 kB
Time pass: 211 sec

---2015-12-17 17:07:46
MemTotal:        2746844 kB
MemFree:           99748 kB
Buffers:            9100 kB
Cached:           743696 kB
SwapCached:         5876 kB
Active:           756176 kB
Inactive:         782160 kB
Active(anon):     388252 kB
Inactive(anon):   417756 kB
Active(file):     367924 kB
Inactive(file):   364404 kB
Unevictable:       35812 kB
Mlocked:           27768 kB
SwapTotal:       1310716 kB
SwapFree:        1166060 kB
Dirty:                 4 kB
Writeback:             0 kB
AnonPages:        818048 kB
Mapped:           460080 kB
Shmem:              1356 kB
Slab:             109716 kB
SReclaimable:      31560 kB
SUnreclaim:        78156 kB
KernelStack:       33712 kB
PageTables:        57972 kB
NFS_Unstable:          0 kB
Bounce:                0 kB
WritebackTmp:          0 kB
CommitLimit:     2684136 kB
Committed_AS:   140654616 kB
VmallocTotal:   251658176 kB
VmallocUsed:      320880 kB
VmallocChunk:   247561408 kB
Time pass: 215 sec

---2015-12-17 17:07:46
MemTotal:        2746844 kB
MemFree:           98848 kB
Buffers:            9116 kB
Cached:           743780 kB
SwapCached:         5876 kB
Active:           756536 kB
Inactive:         782260 kB
Active(anon):     388612 kB
Inactive(anon):   417832 kB
Active(file):     367924 kB
Inactive(file):   364428 kB
Unevictable:       35812 kB
Mlocked:           27768 kB
SwapTotal:       1310716 kB
SwapFree:        1166060 kB
Dirty:                68 kB
Writeback:             0 kB
AnonPages:        818096 kB
Mapped:           460156 kB
Shmem:              1432 kB
Slab:             109748 kB
SReclaimable:      31592 kB
SUnreclaim:        78156 kB
KernelStack:       33744 kB
PageTables:        58000 kB
NFS_Unstable:          0 kB
Bounce:                0 kB
WritebackTmp:          0 kB
CommitLimit:     2684136 kB
Committed_AS:   140654608 kB
VmallocTotal:   251658176 kB
VmallocUsed:      320880 kB
VmallocChunk:   247561408 kB
Time pass: 218 sec

---2015-12-17 17:07:46
MemTotal:        2746844 kB
MemFree:           98512 kB
Buffers:            9116 kB
Cached:           743780 kB
SwapCached:         5876 kB
Active:           756412 kB
Inactive:         782240 kB
Active(anon):     388488 kB
Inactive(anon):   417808 kB
Active(file):     367924 kB
Inactive(file):   364432 kB
Unevictable:       35812 kB
Mlocked:           27768 kB
SwapTotal:       1310716 kB
SwapFree:        1166060 kB
Dirty:                 4 kB
Writeback:             0 kB
AnonPages:        818252 kB
Mapped:           460240 kB
Shmem:              1432 kB
Slab:             109748 kB
SReclaimable:      31592 kB
SUnreclaim:        78156 kB
KernelStack:       33712 kB
PageTables:        58004 kB
NFS_Unstable:          0 kB
Bounce:                0 kB
WritebackTmp:          0 kB
CommitLimit:     2684136 kB
Committed_AS:   140654580 kB
VmallocTotal:   251658176 kB
VmallocUsed:      320880 kB
VmallocChunk:   247561408 kB
Time pass: 222 sec

---2015-12-17 17:07:46
MemTotal:        2746844 kB
MemFree:           98640 kB
Buffers:            9124 kB
Cached:           743848 kB
SwapCached:         5876 kB
Active:           756368 kB
Inactive:         782300 kB
Active(anon):     388444 kB
Inactive(anon):   417812 kB
Active(file):     367924 kB
Inactive(file):   364488 kB
Unevictable:       35812 kB
Mlocked:           27768 kB
SwapTotal:       1310716 kB
SwapFree:        1166060 kB
Dirty:                44 kB
Writeback:             0 kB
AnonPages:        818328 kB
Mapped:           460384 kB
Shmem:              1452 kB
Slab:             109780 kB
SReclaimable:      31592 kB
SUnreclaim:        78188 kB
KernelStack:       33712 kB
PageTables:        57996 kB
NFS_Unstable:          0 kB
Bounce:                0 kB
WritebackTmp:          0 kB
CommitLimit:     2684136 kB
Committed_AS:   140654680 kB
VmallocTotal:   251658176 kB
VmallocUsed:      320880 kB
VmallocChunk:   247561408 kB
Time pass: 226 sec

---2015-12-17 17:07:46
MemTotal:        2746844 kB
MemFree:          100776 kB
Buffers:            9140 kB
Cached:           744196 kB
SwapCached:         5876 kB
Active:           756720 kB
Inactive:         782660 kB
Active(anon):     388792 kB
Inactive(anon):   417812 kB
Active(file):     367928 kB
Inactive(file):   364848 kB
Unevictable:       35812 kB
Mlocked:           27768 kB
SwapTotal:       1310716 kB
SwapFree:        1166060 kB
Dirty:                60 kB
Writeback:             0 kB
AnonPages:        818688 kB
Mapped:           460576 kB
Shmem:              1452 kB
Slab:             109804 kB
SReclaimable:      31592 kB
SUnreclaim:        78212 kB
KernelStack:       33744 kB
PageTables:        58000 kB
NFS_Unstable:          0 kB
Bounce:                0 kB
WritebackTmp:          0 kB
CommitLimit:     2684136 kB
Committed_AS:   140654760 kB
VmallocTotal:   251658176 kB
VmallocUsed:      320880 kB
VmallocChunk:   247561408 kB
Time pass: 229 sec

---2015-12-17 17:07:46
MemTotal:        2746844 kB
MemFree:          100760 kB
Buffers:            9156 kB
Cached:           744196 kB
SwapCached:         5928 kB
Active:           756916 kB
Inactive:         782724 kB
Active(anon):     388988 kB
Inactive(anon):   417860 kB
Active(file):     367928 kB
Inactive(file):   364864 kB
Unevictable:       35812 kB
Mlocked:           27768 kB
SwapTotal:       1310716 kB
SwapFree:        1166068 kB
Dirty:                68 kB
Writeback:             0 kB
AnonPages:        818912 kB
Mapped:           460576 kB
Shmem:              1452 kB
Slab:             109816 kB
SReclaimable:      31592 kB
SUnreclaim:        78224 kB
KernelStack:       33744 kB
PageTables:        58000 kB
NFS_Unstable:          0 kB
Bounce:                0 kB
WritebackTmp:          0 kB
CommitLimit:     2684136 kB
Committed_AS:   140654856 kB
VmallocTotal:   251658176 kB
VmallocUsed:      320880 kB
VmallocChunk:   247561408 kB
Time pass: 233 sec

---2015-12-17 17:07:46
MemTotal:        2746844 kB
MemFree:           99656 kB
Buffers:            9164 kB
Cached:           744268 kB
SwapCached:         5928 kB
Active:           757500 kB
Inactive:         782804 kB
Active(anon):     389572 kB
Inactive(anon):   417940 kB
Active(file):     367928 kB
Inactive(file):   364864 kB
Unevictable:       35812 kB
Mlocked:           27768 kB
SwapTotal:       1310716 kB
SwapFree:        1166068 kB
Dirty:                40 kB
Writeback:             0 kB
AnonPages:        819264 kB
Mapped:           460656 kB
Shmem:              1532 kB
Slab:             109808 kB
SReclaimable:      31592 kB
SUnreclaim:        78216 kB
KernelStack:       33760 kB
PageTables:        58000 kB
NFS_Unstable:          0 kB
Bounce:                0 kB
WritebackTmp:          0 kB
CommitLimit:     2684136 kB
Committed_AS:   140654896 kB
VmallocTotal:   251658176 kB
VmallocUsed:      320880 kB
VmallocChunk:   247561408 kB
Time pass: 236 sec

---2015-12-17 17:07:46
MemTotal:        2746844 kB
MemFree:          100040 kB
Buffers:            9164 kB
Cached:           744276 kB
SwapCached:         5928 kB
Active:           757872 kB
Inactive:         782812 kB
Active(anon):     389944 kB
Inactive(anon):   417940 kB
Active(file):     367928 kB
Inactive(file):   364872 kB
Unevictable:       35812 kB
Mlocked:           27768 kB
SwapTotal:       1310716 kB
SwapFree:        1166068 kB
Dirty:                40 kB
Writeback:             0 kB
AnonPages:        819640 kB
Mapped:           460740 kB
Shmem:              1532 kB
Slab:             109776 kB
SReclaimable:      31592 kB
SUnreclaim:        78184 kB
KernelStack:       33760 kB
PageTables:        58032 kB
NFS_Unstable:          0 kB
Bounce:                0 kB
WritebackTmp:          0 kB
CommitLimit:     2684136 kB
Committed_AS:   140654928 kB
VmallocTotal:   251658176 kB
VmallocUsed:      320880 kB
VmallocChunk:   247561408 kB
Time pass: 240 sec

---2015-12-17 17:07:46
MemTotal:        2746844 kB
MemFree:          100380 kB
Buffers:            9164 kB
Cached:           744276 kB
SwapCached:         5928 kB
Active:           757808 kB
Inactive:         782808 kB
Active(anon):     389880 kB
Inactive(anon):   417936 kB
Active(file):     367928 kB
Inactive(file):   364872 kB
Unevictable:       35812 kB
Mlocked:           27768 kB
SwapTotal:       1310716 kB
SwapFree:        1166068 kB
Dirty:                 4 kB
Writeback:             0 kB
AnonPages:        819480 kB
Mapped:           460740 kB
Shmem:              1532 kB
Slab:             109776 kB
SReclaimable:      31592 kB
SUnreclaim:        78184 kB
KernelStack:       33728 kB
PageTables:        58032 kB
NFS_Unstable:          0 kB
Bounce:                0 kB
WritebackTmp:          0 kB
CommitLimit:     2684136 kB
Committed_AS:   140654920 kB
VmallocTotal:   251658176 kB
VmallocUsed:      320880 kB
VmallocChunk:   247561408 kB
Time pass: 243 sec

---2015-12-17 17:07:46
MemTotal:        2746844 kB
MemFree:           99864 kB
Buffers:            9188 kB
Cached:           744324 kB
SwapCached:         5928 kB
Active:           758728 kB
Inactive:         782880 kB
Active(anon):     390800 kB
Inactive(anon):   417984 kB
Active(file):     367928 kB
Inactive(file):   364896 kB
Unevictable:       35812 kB
Mlocked:           27768 kB
SwapTotal:       1310716 kB
SwapFree:        1166068 kB
Dirty:                64 kB
Writeback:             0 kB
AnonPages:        820608 kB
Mapped:           460744 kB
Shmem:              1580 kB
Slab:             109736 kB
SReclaimable:      31592 kB
SUnreclaim:        78144 kB
KernelStack:       33744 kB
PageTables:        58008 kB
NFS_Unstable:          0 kB
Bounce:                0 kB
WritebackTmp:          0 kB
CommitLimit:     2684136 kB
Committed_AS:   140654880 kB
VmallocTotal:   251658176 kB
VmallocUsed:      320880 kB
VmallocChunk:   247561408 kB
Time pass: 247 sec

---2015-12-17 17:07:46
MemTotal:        2746844 kB
MemFree:           98256 kB
Buffers:            9188 kB
Cached:           744328 kB
SwapCached:         5928 kB
Active:           759288 kB
Inactive:         782880 kB
Active(anon):     391356 kB
Inactive(anon):   417984 kB
Active(file):     367932 kB
Inactive(file):   364896 kB
Unevictable:       35812 kB
Mlocked:           27768 kB
SwapTotal:       1310716 kB
SwapFree:        1166068 kB
Dirty:                72 kB
Writeback:             0 kB
AnonPages:        820852 kB
Mapped:           460828 kB
Shmem:              1580 kB
Slab:             109736 kB
SReclaimable:      31592 kB
SUnreclaim:        78144 kB
KernelStack:       33728 kB
PageTables:        58036 kB
NFS_Unstable:          0 kB
Bounce:                0 kB
WritebackTmp:          0 kB
CommitLimit:     2684136 kB
Committed_AS:   140654856 kB
VmallocTotal:   251658176 kB
VmallocUsed:      320880 kB
VmallocChunk:   247561408 kB
Time pass: 250 sec

---2015-12-17 17:07:46
MemTotal:        2746844 kB
MemFree:           98352 kB
Buffers:            9196 kB
Cached:           744328 kB
SwapCached:         5928 kB
Active:           759224 kB
Inactive:         782888 kB
Active(anon):     391292 kB
Inactive(anon):   417984 kB
Active(file):     367932 kB
Inactive(file):   364904 kB
Unevictable:       35812 kB
Mlocked:           27768 kB
SwapTotal:       1310716 kB
SwapFree:        1166068 kB
Dirty:                52 kB
Writeback:             0 kB
AnonPages:        820992 kB
Mapped:           460744 kB
Shmem:              1580 kB
Slab:             109744 kB
SReclaimable:      31592 kB
SUnreclaim:        78152 kB
KernelStack:       33744 kB
PageTables:        58004 kB
NFS_Unstable:          0 kB
Bounce:                0 kB
WritebackTmp:          0 kB
CommitLimit:     2684136 kB
Committed_AS:   140654848 kB
VmallocTotal:   251658176 kB
VmallocUsed:      320880 kB
VmallocChunk:   247561408 kB
Time pass: 254 sec

---2015-12-17 17:07:46
MemTotal:        2746844 kB
MemFree:          102116 kB
Buffers:            9236 kB
Cached:           744328 kB
SwapCached:         5928 kB
Active:           758772 kB
Inactive:         782888 kB
Active(anon):     390840 kB
Inactive(anon):   417944 kB
Active(file):     367932 kB
Inactive(file):   364944 kB
Unevictable:       35812 kB
Mlocked:           27768 kB
SwapTotal:       1310716 kB
SwapFree:        1166068 kB
Dirty:                 0 kB
Writeback:             0 kB
AnonPages:        821052 kB
Mapped:           460660 kB
Shmem:              1580 kB
Slab:             109800 kB
SReclaimable:      31592 kB
SUnreclaim:        78208 kB
KernelStack:       33648 kB
PageTables:        57976 kB
NFS_Unstable:          0 kB
Bounce:                0 kB
WritebackTmp:          0 kB
CommitLimit:     2684136 kB
Committed_AS:   140654768 kB
VmallocTotal:   251658176 kB
VmallocUsed:      320880 kB
VmallocChunk:   247561408 kB
Time pass: 257 sec

---2015-12-17 17:07:46
MemTotal:        2746844 kB
MemFree:          102104 kB
Buffers:            9252 kB
Cached:           744328 kB
SwapCached:         5928 kB
Active:           759580 kB
Inactive:         782904 kB
Active(anon):     391648 kB
Inactive(anon):   417944 kB
Active(file):     367932 kB
Inactive(file):   364960 kB
Unevictable:       35812 kB
Mlocked:           27768 kB
SwapTotal:       1310716 kB
SwapFree:        1166068 kB
Dirty:                76 kB
Writeback:             0 kB
AnonPages:        821700 kB
Mapped:           460660 kB
Shmem:              1580 kB
Slab:             109736 kB
SReclaimable:      31592 kB
SUnreclaim:        78144 kB
KernelStack:       33632 kB
PageTables:        57976 kB
NFS_Unstable:          0 kB
Bounce:                0 kB
WritebackTmp:          0 kB
CommitLimit:     2684136 kB
Committed_AS:   140654744 kB
VmallocTotal:   251658176 kB
VmallocUsed:      320880 kB
VmallocChunk:   247561408 kB
Time pass: 261 sec

---2015-12-17 17:07:46
MemTotal:        2746844 kB
MemFree:          101440 kB
Buffers:            9260 kB
Cached:           744320 kB
SwapCached:         5928 kB
Active:           760220 kB
Inactive:         782900 kB
Active(anon):     392288 kB
Inactive(anon):   417944 kB
Active(file):     367932 kB
Inactive(file):   364956 kB
Unevictable:       35812 kB
Mlocked:           27768 kB
SwapTotal:       1310716 kB
SwapFree:        1166068 kB
Dirty:                48 kB
Writeback:             0 kB
AnonPages:        822212 kB
Mapped:           460744 kB
Shmem:              1580 kB
Slab:             109704 kB
SReclaimable:      31592 kB
SUnreclaim:        78112 kB
KernelStack:       33600 kB
PageTables:        58012 kB
NFS_Unstable:          0 kB
Bounce:                0 kB
WritebackTmp:          0 kB
CommitLimit:     2684136 kB
Committed_AS:   140654720 kB
VmallocTotal:   251658176 kB
VmallocUsed:      320880 kB
VmallocChunk:   247561408 kB
Time pass: 264 sec

---2015-12-17 17:07:46
MemTotal:        2746844 kB
MemFree:          101864 kB
Buffers:            9260 kB
Cached:           744328 kB
SwapCached:         5928 kB
Active:           760280 kB
Inactive:         782844 kB
Active(anon):     392348 kB
Inactive(anon):   417876 kB
Active(file):     367932 kB
Inactive(file):   364968 kB
Unevictable:       35812 kB
Mlocked:           27768 kB
SwapTotal:       1310716 kB
SwapFree:        1166068 kB
Dirty:                 0 kB
Writeback:             0 kB
AnonPages:        822032 kB
Mapped:           460744 kB
Shmem:              1580 kB
Slab:             109696 kB
SReclaimable:      31592 kB
SUnreclaim:        78104 kB
KernelStack:       33600 kB
PageTables:        58012 kB
NFS_Unstable:          0 kB
Bounce:                0 kB
WritebackTmp:          0 kB
CommitLimit:     2684136 kB
Committed_AS:   140654664 kB
VmallocTotal:   251658176 kB
VmallocUsed:      320880 kB
VmallocChunk:   247561408 kB
Time pass: 268 sec

---2015-12-17 17:07:46
MemTotal:        2746844 kB
MemFree:          101340 kB
Buffers:            9260 kB
Cached:           744336 kB
SwapCached:         5928 kB
Active:           760180 kB
Inactive:         782848 kB
Active(anon):     392244 kB
Inactive(anon):   417876 kB
Active(file):     367936 kB
Inactive(file):   364972 kB
Unevictable:       35812 kB
Mlocked:           27768 kB
SwapTotal:       1310716 kB
SwapFree:        1166300 kB
Dirty:                 0 kB
Writeback:             0 kB
AnonPages:        822164 kB
Mapped:           460656 kB
Shmem:              1580 kB
Slab:             109776 kB
SReclaimable:      31592 kB
SUnreclaim:        78184 kB
KernelStack:       33600 kB
PageTables:        57960 kB
NFS_Unstable:          0 kB
Bounce:                0 kB
WritebackTmp:          0 kB
CommitLimit:     2684136 kB
Committed_AS:   140646176 kB
VmallocTotal:   251658176 kB
VmallocUsed:      320880 kB
VmallocChunk:   247561408 kB
Time pass: 271 sec

---2015-12-17 17:07:46
MemTotal:        2746844 kB
MemFree:          100824 kB
Buffers:            9284 kB
Cached:           744336 kB
SwapCached:         5928 kB
Active:           761000 kB
Inactive:         782872 kB
Active(anon):     393064 kB
Inactive(anon):   417876 kB
Active(file):     367936 kB
Inactive(file):   364996 kB
Unevictable:       35812 kB
Mlocked:           27768 kB
SwapTotal:       1310716 kB
SwapFree:        1166300 kB
Dirty:                48 kB
Writeback:             0 kB
AnonPages:        822520 kB
Mapped:           460740 kB
Shmem:              1580 kB
Slab:             109696 kB
SReclaimable:      31592 kB
SUnreclaim:        78104 kB
KernelStack:       33584 kB
PageTables:        57988 kB
NFS_Unstable:          0 kB
Bounce:                0 kB
WritebackTmp:          0 kB
CommitLimit:     2684136 kB
Committed_AS:   140646124 kB
VmallocTotal:   251658176 kB
VmallocUsed:      320880 kB
VmallocChunk:   247561408 kB
Time pass: 275 sec

---2015-12-17 17:07:46
MemTotal:        2746844 kB
MemFree:          100148 kB
Buffers:            9284 kB
Cached:           744336 kB
SwapCached:         5928 kB
Active:           761408 kB
Inactive:         782868 kB
Active(anon):     393472 kB
Inactive(anon):   417876 kB
Active(file):     367936 kB
Inactive(file):   364992 kB
Unevictable:       35812 kB
Mlocked:           27768 kB
SwapTotal:       1310716 kB
SwapFree:        1166300 kB
Dirty:                 4 kB
Writeback:             0 kB
AnonPages:        822748 kB
Mapped:           460740 kB
Shmem:              1580 kB
Slab:             109696 kB
SReclaimable:      31592 kB
SUnreclaim:        78104 kB
KernelStack:       33584 kB
PageTables:        57988 kB
NFS_Unstable:          0 kB
Bounce:                0 kB
WritebackTmp:          0 kB
CommitLimit:     2684136 kB
Committed_AS:   140646136 kB
VmallocTotal:   251658176 kB
VmallocUsed:      320880 kB
VmallocChunk:   247561408 kB
Time pass: 278 sec

---2015-12-17 17:07:46
MemTotal:        2746844 kB
MemFree:           99808 kB
Buffers:            9292 kB
Cached:           744404 kB
SwapCached:         5928 kB
Active:           761164 kB
Inactive:         782932 kB
Active(anon):     393228 kB
Inactive(anon):   417876 kB
Active(file):     367936 kB
Inactive(file):   365056 kB
Unevictable:       35812 kB
Mlocked:           27768 kB
SwapTotal:       1310716 kB
SwapFree:        1166300 kB
Dirty:                48 kB
Writeback:             0 kB
AnonPages:        823144 kB
Mapped:           460656 kB
Shmem:              1580 kB
Slab:             109696 kB
SReclaimable:      31592 kB
SUnreclaim:        78104 kB
KernelStack:       33584 kB
PageTables:        57960 kB
NFS_Unstable:          0 kB
Bounce:                0 kB
WritebackTmp:          0 kB
CommitLimit:     2684136 kB
Committed_AS:   140646152 kB
VmallocTotal:   251658176 kB
VmallocUsed:      320880 kB
VmallocChunk:   247561408 kB
Time pass: 282 sec

---2015-12-17 17:07:46
MemTotal:        2746844 kB
MemFree:           99564 kB
Buffers:            9300 kB
Cached:           744396 kB
SwapCached:         5928 kB
Active:           761336 kB
Inactive:         782932 kB
Active(anon):     393400 kB
Inactive(anon):   417876 kB
Active(file):     367936 kB
Inactive(file):   365056 kB
Unevictable:       35812 kB
Mlocked:           27768 kB
SwapTotal:       1310716 kB
SwapFree:        1166300 kB
Dirty:                 4 kB
Writeback:             0 kB
AnonPages:        823164 kB
Mapped:           460760 kB
Shmem:              1580 kB
Slab:             109696 kB
SReclaimable:      31592 kB
SUnreclaim:        78104 kB
KernelStack:       33584 kB
PageTables:        57992 kB
NFS_Unstable:          0 kB
Bounce:                0 kB
WritebackTmp:          0 kB
CommitLimit:     2684136 kB
Committed_AS:   140646168 kB
VmallocTotal:   251658176 kB
VmallocUsed:      320880 kB
VmallocChunk:   247561408 kB
Time pass: 285 sec

---2015-12-17 17:07:46
MemTotal:        2746844 kB
MemFree:           98812 kB
Buffers:            9316 kB
Cached:           744452 kB
SwapCached:         5928 kB
Active:           762620 kB
Inactive:         783004 kB
Active(anon):     394684 kB
Inactive(anon):   417876 kB
Active(file):     367936 kB
Inactive(file):   365128 kB
Unevictable:       35812 kB
Mlocked:           27768 kB
SwapTotal:       1310716 kB
SwapFree:        1166300 kB
Dirty:                 0 kB
Writeback:             0 kB
AnonPages:        824096 kB
Mapped:           460852 kB
Shmem:              1580 kB
Slab:             109688 kB
SReclaimable:      31592 kB
SUnreclaim:        78096 kB
KernelStack:       33600 kB
PageTables:        58020 kB
NFS_Unstable:          0 kB
Bounce:                0 kB
WritebackTmp:          0 kB
CommitLimit:     2684136 kB
Committed_AS:   140646536 kB
VmallocTotal:   251658176 kB
VmallocUsed:      320880 kB
VmallocChunk:   247561408 kB
Time pass: 289 sec

---2015-12-17 17:07:46
MemTotal:        2746844 kB
MemFree:           97852 kB
Buffers:            9324 kB
Cached:           744452 kB
SwapCached:         5928 kB
Active:           762368 kB
Inactive:         783012 kB
Active(anon):     394432 kB
Inactive(anon):   417884 kB
Active(file):     367936 kB
Inactive(file):   365128 kB
Unevictable:       35812 kB
Mlocked:           27768 kB
SwapTotal:       1310716 kB
SwapFree:        1166312 kB
Dirty:                32 kB
Writeback:             0 kB
AnonPages:        824372 kB
Mapped:           460776 kB
Shmem:              1588 kB
Slab:             109688 kB
SReclaimable:      31592 kB
SUnreclaim:        78096 kB
KernelStack:       33600 kB
PageTables:        57988 kB
NFS_Unstable:          0 kB
Bounce:                0 kB
WritebackTmp:          0 kB
CommitLimit:     2684136 kB
Committed_AS:   140646584 kB
VmallocTotal:   251658176 kB
VmallocUsed:      320880 kB
VmallocChunk:   247561408 kB
Time pass: 292 sec

---2015-12-17 17:07:46
MemTotal:        2746844 kB
MemFree:           97960 kB
Buffers:            9324 kB
Cached:           744460 kB
SwapCached:         5928 kB
Active:           763024 kB
Inactive:         783036 kB
Active(anon):     395088 kB
Inactive(anon):   417884 kB
Active(file):     367936 kB
Inactive(file):   365152 kB
Unevictable:       35812 kB
Mlocked:           27768 kB
SwapTotal:       1310716 kB
SwapFree:        1166312 kB
Dirty:                36 kB
Writeback:             0 kB
AnonPages:        824664 kB
Mapped:           460776 kB
Shmem:              1588 kB
Slab:             109688 kB
SReclaimable:      31592 kB
SUnreclaim:        78096 kB
KernelStack:       33584 kB
PageTables:        57988 kB
NFS_Unstable:          0 kB
Bounce:                0 kB
WritebackTmp:          0 kB
CommitLimit:     2684136 kB
Committed_AS:   140646560 kB
VmallocTotal:   251658176 kB
VmallocUsed:      320880 kB
VmallocChunk:   247561408 kB
Time pass: 296 sec

---2015-12-17 17:07:46
MemTotal:        2746844 kB
MemFree:           97264 kB
Buffers:            9332 kB
Cached:           744452 kB
SwapCached:         5928 kB
Active:           763480 kB
Inactive:         783036 kB
Active(anon):     395544 kB
Inactive(anon):   417884 kB
Active(file):     367936 kB
Inactive(file):   365152 kB
Unevictable:       35812 kB
Mlocked:           27768 kB
SwapTotal:       1310716 kB
SwapFree:        1166312 kB
Dirty:                 0 kB
Writeback:             0 kB
AnonPages:        825096 kB
Mapped:           460776 kB
Shmem:              1588 kB
Slab:             109688 kB
SReclaimable:      31592 kB
SUnreclaim:        78096 kB
KernelStack:       33584 kB
PageTables:        57988 kB
NFS_Unstable:          0 kB
Bounce:                0 kB
WritebackTmp:          0 kB
CommitLimit:     2684136 kB
Committed_AS:   140646552 kB
VmallocTotal:   251658176 kB
VmallocUsed:      320880 kB
VmallocChunk:   247561408 kB
Time pass: 299 sec

---2015-12-17 17:07:46
MemTotal:        2746844 kB
MemFree:           96856 kB
Buffers:            9348 kB
Cached:           744460 kB
SwapCached:         5928 kB
Active:           764248 kB
Inactive:         783060 kB
Active(anon):     396312 kB
Inactive(anon):   417884 kB
Active(file):     367936 kB
Inactive(file):   365176 kB
Unevictable:       35812 kB
Mlocked:           27768 kB
SwapTotal:       1310716 kB
SwapFree:        1166312 kB
Dirty:                56 kB
Writeback:             0 kB
AnonPages:        825668 kB
Mapped:           460860 kB
Shmem:              1588 kB
Slab:             109688 kB
SReclaimable:      31592 kB
SUnreclaim:        78096 kB
KernelStack:       33584 kB
PageTables:        58020 kB
NFS_Unstable:          0 kB
Bounce:                0 kB
WritebackTmp:          0 kB
CommitLimit:     2684136 kB
Committed_AS:   140646552 kB
VmallocTotal:   251658176 kB
VmallocUsed:      320880 kB
VmallocChunk:   247561408 kB
Time pass: 303 sec

---2015-12-17 17:07:46
MemTotal:        2746844 kB
MemFree:           92860 kB
Buffers:            9348 kB
Cached:           744460 kB
SwapCached:         5928 kB
Active:           767424 kB
Inactive:         783060 kB
Active(anon):     399488 kB
Inactive(anon):   417884 kB
Active(file):     367936 kB
Inactive(file):   365176 kB
Unevictable:       35812 kB
Mlocked:           27768 kB
SwapTotal:       1310716 kB
SwapFree:        1166312 kB
Dirty:                 4 kB
Writeback:             0 kB
AnonPages:        829676 kB
Mapped:           461008 kB
Shmem:              1588 kB
Slab:             109696 kB
SReclaimable:      31592 kB
SUnreclaim:        78104 kB
KernelStack:       33632 kB
PageTables:        57960 kB
NFS_Unstable:          0 kB
Bounce:                0 kB
WritebackTmp:          0 kB
CommitLimit:     2684136 kB
Committed_AS:   140648848 kB
VmallocTotal:   251658176 kB
VmallocUsed:      320880 kB
VmallocChunk:   247561408 kB
Time pass: 306 sec

---2015-12-17 17:07:46
MemTotal:        2746844 kB
MemFree:           90860 kB
Buffers:            9356 kB
Cached:           744560 kB
SwapCached:         5928 kB
Active:           768348 kB
Inactive:         783120 kB
Active(anon):     400392 kB
Inactive(anon):   417856 kB
Active(file):     367956 kB
Inactive(file):   365264 kB
Unevictable:       35812 kB
Mlocked:           27768 kB
SwapTotal:       1310716 kB
SwapFree:        1166312 kB
Dirty:                48 kB
Writeback:             0 kB
AnonPages:        829612 kB
Mapped:           461428 kB
Shmem:              1588 kB
Slab:             109708 kB
SReclaimable:      31588 kB
SUnreclaim:        78120 kB
KernelStack:       33648 kB
PageTables:        58028 kB
NFS_Unstable:          0 kB
Bounce:                0 kB
WritebackTmp:          0 kB
CommitLimit:     2684136 kB
Committed_AS:   140648912 kB
VmallocTotal:   251658176 kB
VmallocUsed:      320880 kB
VmallocChunk:   247561408 kB
Time pass: 310 sec

---2015-12-17 17:07:46
MemTotal:        2746844 kB
MemFree:           91648 kB
Buffers:            9356 kB
Cached:           744560 kB
SwapCached:         5928 kB
Active:           767984 kB
Inactive:         783120 kB
Active(anon):     400028 kB
Inactive(anon):   417856 kB
Active(file):     367956 kB
Inactive(file):   365264 kB
Unevictable:       35812 kB
Mlocked:           27768 kB
SwapTotal:       1310716 kB
SwapFree:        1166312 kB
Dirty:                48 kB
Writeback:             0 kB
AnonPages:        829664 kB
Mapped:           461344 kB
Shmem:              1588 kB
Slab:             109700 kB
SReclaimable:      31588 kB
SUnreclaim:        78112 kB
KernelStack:       33648 kB
PageTables:        57968 kB
NFS_Unstable:          0 kB
Bounce:                0 kB
WritebackTmp:          0 kB
CommitLimit:     2684136 kB
Committed_AS:   140648904 kB
VmallocTotal:   251658176 kB
VmallocUsed:      320880 kB
VmallocChunk:   247561408 kB
Time pass: 313 sec

---2015-12-17 17:07:46
MemTotal:        2746844 kB
MemFree:           91360 kB
Buffers:            9420 kB
Cached:           744556 kB
SwapCached:         5928 kB
Active:           769036 kB
Inactive:         783180 kB
Active(anon):     401080 kB
Inactive(anon):   417856 kB
Active(file):     367956 kB
Inactive(file):   365324 kB
Unevictable:       35812 kB
Mlocked:           27768 kB
SwapTotal:       1310716 kB
SwapFree:        1166312 kB
Dirty:                88 kB
Writeback:             0 kB
AnonPages:        830824 kB
Mapped:           461620 kB
Shmem:              1588 kB
Slab:             109700 kB
SReclaimable:      31588 kB
SUnreclaim:        78112 kB
KernelStack:       33632 kB
PageTables:        57996 kB
NFS_Unstable:          0 kB
Bounce:                0 kB
WritebackTmp:          0 kB
CommitLimit:     2684136 kB
Committed_AS:   140648920 kB
VmallocTotal:   251658176 kB
VmallocUsed:      320880 kB
VmallocChunk:   247561408 kB
Time pass: 317 sec

---2015-12-17 17:07:46
MemTotal:        2746844 kB
MemFree:           90616 kB
Buffers:            9420 kB
Cached:           744556 kB
SwapCached:         5928 kB
Active:           769452 kB
Inactive:         783180 kB
Active(anon):     401496 kB
Inactive(anon):   417856 kB
Active(file):     367956 kB
Inactive(file):   365324 kB
Unevictable:       35812 kB
Mlocked:           27768 kB
SwapTotal:       1310716 kB
SwapFree:        1166312 kB
Dirty:                 0 kB
Writeback:             0 kB
AnonPages:        831100 kB
Mapped:           461620 kB
Shmem:              1588 kB
Slab:             109696 kB
SReclaimable:      31588 kB
SUnreclaim:        78108 kB
KernelStack:       33632 kB
PageTables:        57996 kB
NFS_Unstable:          0 kB
Bounce:                0 kB
WritebackTmp:          0 kB
CommitLimit:     2684136 kB
Committed_AS:   140648880 kB
VmallocTotal:   251658176 kB
VmallocUsed:      320880 kB
VmallocChunk:   247561408 kB
Time pass: 320 sec

---2015-12-17 17:07:46
MemTotal:        2746844 kB
MemFree:           90200 kB
Buffers:            9428 kB
Cached:           744556 kB
SwapCached:         5928 kB
Active:           770000 kB
Inactive:         783188 kB
Active(anon):     402044 kB
Inactive(anon):   417856 kB
Active(file):     367956 kB
Inactive(file):   365332 kB
Unevictable:       35812 kB
Mlocked:           27768 kB
SwapTotal:       1310716 kB
SwapFree:        1166312 kB
Dirty:                40 kB
Writeback:             0 kB
AnonPages:        831696 kB
Mapped:           461620 kB
Shmem:              1588 kB
Slab:             109696 kB
SReclaimable:      31588 kB
SUnreclaim:        78108 kB
KernelStack:       33632 kB
PageTables:        57996 kB
NFS_Unstable:          0 kB
Bounce:                0 kB
WritebackTmp:          0 kB
CommitLimit:     2684136 kB
Committed_AS:   140648896 kB
VmallocTotal:   251658176 kB
VmallocUsed:      320880 kB
VmallocChunk:   247561408 kB
Time pass: 324 sec

---2015-12-17 17:07:46
MemTotal:        2746844 kB
MemFree:           89468 kB
Buffers:            9436 kB
Cached:           744548 kB
SwapCached:         5928 kB
Active:           770160 kB
Inactive:         783184 kB
Active(anon):     402204 kB
Inactive(anon):   417856 kB
Active(file):     367956 kB
Inactive(file):   365328 kB
Unevictable:       35812 kB
Mlocked:           27768 kB
SwapTotal:       1310716 kB
SwapFree:        1166312 kB
Dirty:                24 kB
Writeback:             0 kB
AnonPages:        831724 kB
Mapped:           461620 kB
Shmem:              1588 kB
Slab:             109712 kB
SReclaimable:      31588 kB
SUnreclaim:        78124 kB
KernelStack:       33632 kB
PageTables:        57996 kB
NFS_Unstable:          0 kB
Bounce:                0 kB
WritebackTmp:          0 kB
CommitLimit:     2684136 kB
Committed_AS:   140648920 kB
VmallocTotal:   251658176 kB
VmallocUsed:      320880 kB
VmallocChunk:   247561408 kB
Time pass: 327 sec

---2015-12-17 17:07:46
MemTotal:        2746844 kB
MemFree:           89852 kB
Buffers:            9452 kB
Cached:           744556 kB
SwapCached:         5928 kB
Active:           770700 kB
Inactive:         783208 kB
Active(anon):     402744 kB
Inactive(anon):   417856 kB
Active(file):     367956 kB
Inactive(file):   365352 kB
Unevictable:       35812 kB
Mlocked:           27768 kB
SwapTotal:       1310716 kB
SwapFree:        1166312 kB
Dirty:                56 kB
Writeback:             0 kB
AnonPages:        832332 kB
Mapped:           461620 kB
Shmem:              1588 kB
Slab:             109712 kB
SReclaimable:      31588 kB
SUnreclaim:        78124 kB
KernelStack:       33616 kB
PageTables:        57996 kB
NFS_Unstable:          0 kB
Bounce:                0 kB
WritebackTmp:          0 kB
CommitLimit:     2684136 kB
Committed_AS:   140648896 kB
VmallocTotal:   251658176 kB
VmallocUsed:      320880 kB
VmallocChunk:   247561408 kB
Time pass: 331 sec

---2015-12-17 17:07:46
MemTotal:        2746844 kB
MemFree:           89228 kB
Buffers:            9452 kB
Cached:           744556 kB
SwapCached:         5928 kB
Active:           771032 kB
Inactive:         783208 kB
Active(anon):     403076 kB
Inactive(anon):   417856 kB
Active(file):     367956 kB
Inactive(file):   365352 kB
Unevictable:       35812 kB
Mlocked:           27768 kB
SwapTotal:       1310716 kB
SwapFree:        1166312 kB
Dirty:                 0 kB
Writeback:             0 kB
AnonPages:        832628 kB
Mapped:           461620 kB
Shmem:              1588 kB
Slab:             109736 kB
SReclaimable:      31588 kB
SUnreclaim:        78148 kB
KernelStack:       33600 kB
PageTables:        57996 kB
NFS_Unstable:          0 kB
Bounce:                0 kB
WritebackTmp:          0 kB
CommitLimit:     2684136 kB
Committed_AS:   140648856 kB
VmallocTotal:   251658176 kB
VmallocUsed:      320880 kB
VmallocChunk:   247561408 kB
Time pass: 334 sec

---2015-12-17 17:07:46
MemTotal:        2746844 kB
MemFree:           87812 kB
Buffers:            9460 kB
Cached:           744684 kB
SwapCached:         5928 kB
Active:           771388 kB
Inactive:         783348 kB
Active(anon):     403432 kB
Inactive(anon):   417856 kB
Active(file):     367956 kB
Inactive(file):   365492 kB
Unevictable:       35812 kB
Mlocked:           27768 kB
SwapTotal:       1310716 kB
SwapFree:        1166312 kB
Dirty:                40 kB
Writeback:             0 kB
AnonPages:        832988 kB
Mapped:           461552 kB
Shmem:              1588 kB
Slab:             109692 kB
SReclaimable:      31588 kB
SUnreclaim:        78104 kB
KernelStack:       33616 kB
PageTables:        57972 kB
NFS_Unstable:          0 kB
Bounce:                0 kB
WritebackTmp:          0 kB
CommitLimit:     2684136 kB
Committed_AS:   140648864 kB
VmallocTotal:   251658176 kB
VmallocUsed:      320880 kB
VmallocChunk:   247561408 kB
Time pass: 338 sec

---2015-12-17 17:07:46
MemTotal:        2746844 kB
MemFree:           88668 kB
Buffers:            9460 kB
Cached:           744704 kB
SwapCached:         5928 kB
Active:           771004 kB
Inactive:         783368 kB
Active(anon):     403048 kB
Inactive(anon):   417876 kB
Active(file):     367956 kB
Inactive(file):   365492 kB
Unevictable:       35812 kB
Mlocked:           27768 kB
SwapTotal:       1310716 kB
SwapFree:        1166312 kB
Dirty:                40 kB
Writeback:             0 kB
AnonPages:        832488 kB
Mapped:           461656 kB
Shmem:              1608 kB
Slab:             109688 kB
SReclaimable:      31588 kB
SUnreclaim:        78100 kB
KernelStack:       33616 kB
PageTables:        58000 kB
NFS_Unstable:          0 kB
Bounce:                0 kB
WritebackTmp:          0 kB
CommitLimit:     2684136 kB
Committed_AS:   140648864 kB
VmallocTotal:   251658176 kB
VmallocUsed:      320880 kB
VmallocChunk:   247561408 kB
Time pass: 341 sec

---2015-12-17 17:07:46
MemTotal:        2746844 kB
MemFree:           88192 kB
Buffers:            9476 kB
Cached:           744704 kB
SwapCached:         5928 kB
Active:           772064 kB
Inactive:         783380 kB
Active(anon):     404108 kB
Inactive(anon):   417876 kB
Active(file):     367956 kB
Inactive(file):   365504 kB
Unevictable:       35812 kB
Mlocked:           27768 kB
SwapTotal:       1310716 kB
SwapFree:        1166312 kB
Dirty:                60 kB
Writeback:             0 kB
AnonPages:        833792 kB
Mapped:           461656 kB
Shmem:              1608 kB
Slab:             109684 kB
SReclaimable:      31588 kB
SUnreclaim:        78096 kB
KernelStack:       33616 kB
PageTables:        58004 kB
NFS_Unstable:          0 kB
Bounce:                0 kB
WritebackTmp:          0 kB
CommitLimit:     2684136 kB
Committed_AS:   140648892 kB
VmallocTotal:   251658176 kB
VmallocUsed:      320880 kB
VmallocChunk:   247561408 kB
Time pass: 345 sec

---2015-12-17 17:07:46
MemTotal:        2746844 kB
MemFree:           88512 kB
Buffers:            9484 kB
Cached:           744696 kB
SwapCached:         5928 kB
Active:           772344 kB
Inactive:         783380 kB
Active(anon):     404388 kB
Inactive(anon):   417876 kB
Active(file):     367956 kB
Inactive(file):   365504 kB
Unevictable:       35812 kB
Mlocked:           27768 kB
SwapTotal:       1310716 kB
SwapFree:        1166312 kB
Dirty:                 0 kB
Writeback:             0 kB
AnonPages:        834112 kB
Mapped:           461572 kB
Shmem:              1608 kB
Slab:             109724 kB
SReclaimable:      31588 kB
SUnreclaim:        78136 kB
KernelStack:       33616 kB
PageTables:        57980 kB
NFS_Unstable:          0 kB
Bounce:                0 kB
WritebackTmp:          0 kB
CommitLimit:     2684136 kB
Committed_AS:   140648912 kB
VmallocTotal:   251658176 kB
VmallocUsed:      320880 kB
VmallocChunk:   247561408 kB
Time pass: 348 sec

---2015-12-17 17:07:46
MemTotal:        2746844 kB
MemFree:           88028 kB
Buffers:            9484 kB
Cached:           744704 kB
SwapCached:         5928 kB
Active:           772920 kB
Inactive:         783372 kB
Active(anon):     404964 kB
Inactive(anon):   417860 kB
Active(file):     367956 kB
Inactive(file):   365512 kB
Unevictable:       35812 kB
Mlocked:           27768 kB
SwapTotal:       1310716 kB
SwapFree:        1166312 kB
Dirty:                40 kB
Writeback:             0 kB
AnonPages:        834560 kB
Mapped:           461656 kB
Shmem:              1608 kB
Slab:             109720 kB
SReclaimable:      31588 kB
SUnreclaim:        78132 kB
KernelStack:       33616 kB
