---2015-12-16 17:19:16
MemTotal:        1862952 kB
MemFree:          359296 kB
Buffers:            8204 kB
Cached:           635984 kB
SwapCached:         3036 kB
Active:           550884 kB
Inactive:         711480 kB
Active(anon):     320952 kB
Inactive(anon):   299024 kB
Active(file):     229932 kB
Inactive(file):   412456 kB
Unevictable:        1296 kB
Mlocked:               0 kB
HighTotal:       1436668 kB
HighFree:         193864 kB
LowTotal:         426284 kB
LowFree:          165432 kB
SwapTotal:       1048572 kB
SwapFree:        1024808 kB
Dirty:                 0 kB
Writeback:             0 kB
AnonPages:        617820 kB
Mapped:           347836 kB
Shmem:               504 kB
Slab:              41292 kB
SReclaimable:      14364 kB
SUnreclaim:        26928 kB
KernelStack:       11128 kB
PageTables:        41620 kB
NFS_Unstable:          0 kB
Bounce:                0 kB
WritebackTmp:          0 kB
CommitLimit:     1980048 kB
Committed_AS:   85726912 kB
VmallocTotal:     458752 kB
VmallocUsed:      112712 kB
VmallocChunk:     154628 kB
Time pass: 3 sec

---2015-12-16 17:19:16
MemTotal:        1862952 kB
MemFree:          359288 kB
Buffers:            8204 kB
Cached:           635984 kB
SwapCached:         3036 kB
Active:           551004 kB
Inactive:         711436 kB
Active(anon):     321028 kB
Inactive(anon):   299024 kB
Active(file):     229976 kB
Inactive(file):   412412 kB
Unevictable:        1296 kB
Mlocked:               0 kB
HighTotal:       1436668 kB
HighFree:         193864 kB
LowTotal:         426284 kB
LowFree:          165424 kB
SwapTotal:       1048572 kB
SwapFree:        1024808 kB
Dirty:                 0 kB
Writeback:             0 kB
AnonPages:        617900 kB
Mapped:           347836 kB
Shmem:               504 kB
Slab:              41292 kB
SReclaimable:      14364 kB
SUnreclaim:        26928 kB
KernelStack:       11136 kB
PageTables:        41620 kB
NFS_Unstable:          0 kB
Bounce:                0 kB
WritebackTmp:          0 kB
CommitLimit:     1980048 kB
Committed_AS:   85727000 kB
VmallocTotal:     458752 kB
VmallocUsed:      112712 kB
VmallocChunk:     154628 kB
Time pass: 7 sec

---2015-12-16 17:19:16
MemTotal:        1862952 kB
MemFree:          359164 kB
Buffers:            8212 kB
Cached:           635984 kB
SwapCached:         3036 kB
Active:           551076 kB
Inactive:         711436 kB
Active(anon):     321092 kB
Inactive(anon):   299024 kB
Active(file):     229984 kB
Inactive(file):   412412 kB
Unevictable:        1296 kB
Mlocked:               0 kB
HighTotal:       1436668 kB
HighFree:         193740 kB
LowTotal:         426284 kB
LowFree:          165424 kB
SwapTotal:       1048572 kB
SwapFree:        1024808 kB
Dirty:                16 kB
Writeback:             0 kB
AnonPages:        617988 kB
Mapped:           347836 kB
Shmem:               504 kB
Slab:              41292 kB
SReclaimable:      14364 kB
SUnreclaim:        26928 kB
KernelStack:       11136 kB
PageTables:        41620 kB
NFS_Unstable:          0 kB
Bounce:                0 kB
WritebackTmp:          0 kB
CommitLimit:     1980048 kB
Committed_AS:   85727080 kB
VmallocTotal:     458752 kB
VmallocUsed:      112712 kB
VmallocChunk:     154628 kB
Time pass: 10 sec

---2015-12-16 17:19:16
MemTotal:        1862952 kB
MemFree:          358908 kB
Buffers:            8220 kB
Cached:           635984 kB
SwapCached:         3036 kB
Active:           551216 kB
Inactive:         711440 kB
Active(anon):     321232 kB
Inactive(anon):   299024 kB
Active(file):     229984 kB
Inactive(file):   412416 kB
Unevictable:        1296 kB
Mlocked:               0 kB
HighTotal:       1436668 kB
HighFree:         193616 kB
LowTotal:         426284 kB
LowFree:          165292 kB
SwapTotal:       1048572 kB
SwapFree:        1024808 kB
Dirty:                 4 kB
Writeback:             0 kB
AnonPages:        618120 kB
Mapped:           347836 kB
Shmem:               504 kB
Slab:              41292 kB
SReclaimable:      14364 kB
SUnreclaim:        26928 kB
KernelStack:       11136 kB
PageTables:        41620 kB
NFS_Unstable:          0 kB
Bounce:                0 kB
WritebackTmp:          0 kB
CommitLimit:     1980048 kB
Committed_AS:   85727272 kB
VmallocTotal:     458752 kB
VmallocUsed:      112712 kB
VmallocChunk:     154628 kB
Time pass: 14 sec

---2015-12-16 17:19:16
MemTotal:        1862952 kB
MemFree:          358792 kB
Buffers:            8220 kB
Cached:           635984 kB
SwapCached:         3024 kB
Active:           551300 kB
Inactive:         711432 kB
Active(anon):     321316 kB
Inactive(anon):   299012 kB
Active(file):     229984 kB
Inactive(file):   412420 kB
Unevictable:        1296 kB
Mlocked:               0 kB
HighTotal:       1436668 kB
HighFree:         193492 kB
LowTotal:         426284 kB
LowFree:          165300 kB
SwapTotal:       1048572 kB
SwapFree:        1024824 kB
Dirty:                 4 kB
Writeback:             0 kB
AnonPages:        618204 kB
Mapped:           347836 kB
Shmem:               504 kB
Slab:              41292 kB
SReclaimable:      14364 kB
SUnreclaim:        26928 kB
KernelStack:       11136 kB
PageTables:        41620 kB
NFS_Unstable:          0 kB
Bounce:                0 kB
WritebackTmp:          0 kB
CommitLimit:     1980048 kB
Committed_AS:   85727360 kB
VmallocTotal:     458752 kB
VmallocUsed:      112712 kB
VmallocChunk:     154628 kB
Time pass: 18 sec

---2015-12-16 17:19:16
MemTotal:        1862952 kB
MemFree:          358492 kB
Buffers:            8220 kB
Cached:           635984 kB
SwapCached:         3024 kB
Active:           551400 kB
Inactive:         711420 kB
Active(anon):     321416 kB
Inactive(anon):   299000 kB
Active(file):     229984 kB
Inactive(file):   412420 kB
Unevictable:        1296 kB
Mlocked:               0 kB
HighTotal:       1436668 kB
HighFree:         193368 kB
LowTotal:         426284 kB
LowFree:          165124 kB
SwapTotal:       1048572 kB
SwapFree:        1024824 kB
Dirty:                 4 kB
Writeback:             0 kB
AnonPages:        618284 kB
Mapped:           347836 kB
Shmem:               504 kB
Slab:              41292 kB
SReclaimable:      14364 kB
SUnreclaim:        26928 kB
KernelStack:       11160 kB
PageTables:        41600 kB
NFS_Unstable:          0 kB
Bounce:                0 kB
WritebackTmp:          0 kB
CommitLimit:     1980048 kB
Committed_AS:   85727440 kB
VmallocTotal:     458752 kB
VmallocUsed:      112712 kB
VmallocChunk:     154628 kB
Time pass: 21 sec

---2015-12-16 17:19:16
MemTotal:        1862952 kB
MemFree:          306436 kB
Buffers:            8228 kB
Cached:           667204 kB
SwapCached:         3056 kB
Active:           560440 kB
Inactive:         742380 kB
Active(anon):     330308 kB
Inactive(anon):   298916 kB
Active(file):     230132 kB
Inactive(file):   443464 kB
Unevictable:        1296 kB
Mlocked:               0 kB
HighTotal:       1436668 kB
HighFree:         141908 kB
LowTotal:         426284 kB
LowFree:          164528 kB
SwapTotal:       1048572 kB
SwapFree:        1024836 kB
Dirty:                 8 kB
Writeback:             0 kB
AnonPages:        627028 kB
Mapped:           360316 kB
Shmem:               504 kB
Slab:              41324 kB
SReclaimable:      14364 kB
SUnreclaim:        26960 kB
KernelStack:       11344 kB
PageTables:        42240 kB
NFS_Unstable:          0 kB
Bounce:                0 kB
WritebackTmp:          0 kB
CommitLimit:     1980048 kB
Committed_AS:   87019968 kB
VmallocTotal:     458752 kB
VmallocUsed:      113788 kB
VmallocChunk:     154628 kB
Time pass: 25 sec

---2015-12-16 17:19:16
MemTotal:        1862952 kB
MemFree:          164748 kB
Buffers:            8588 kB
Cached:           694616 kB
SwapCached:         3100 kB
Active:           604496 kB
Inactive:         759768 kB
Active(anon):     370704 kB
Inactive(anon):   292312 kB
Active(file):     233792 kB
Inactive(file):   467456 kB
Unevictable:        1296 kB
Mlocked:               0 kB
HighTotal:       1436668 kB
HighFree:          19188 kB
LowTotal:         426284 kB
LowFree:          145560 kB
SwapTotal:       1048572 kB
SwapFree:        1024848 kB
Dirty:              1080 kB
Writeback:             0 kB
AnonPages:        660716 kB
Mapped:           374188 kB
Shmem:               636 kB
Slab:              41436 kB
SReclaimable:      14388 kB
SUnreclaim:        27048 kB
KernelStack:       11728 kB
PageTables:        42772 kB
NFS_Unstable:          0 kB
Bounce:                0 kB
WritebackTmp:          0 kB
CommitLimit:     1980048 kB
Committed_AS:   87094348 kB
VmallocTotal:     458752 kB
VmallocUsed:      114176 kB
VmallocChunk:     154628 kB
Time pass: 30 sec

---2015-12-16 17:19:16
MemTotal:        1862952 kB
MemFree:          129688 kB
Buffers:            8608 kB
Cached:           694904 kB
SwapCached:         3100 kB
Active:           604068 kB
Inactive:         759936 kB
Active(anon):     370240 kB
Inactive(anon):   292212 kB
Active(file):     233828 kB
Inactive(file):   467724 kB
Unevictable:        1296 kB
Mlocked:               0 kB
HighTotal:       1436668 kB
HighFree:           9832 kB
LowTotal:         426284 kB
LowFree:          119856 kB
SwapTotal:       1048572 kB
SwapFree:        1024848 kB
Dirty:               104 kB
Writeback:             0 kB
AnonPages:        660192 kB
Mapped:           376536 kB
Shmem:               636 kB
Slab:              41448 kB
SReclaimable:      14372 kB
SUnreclaim:        27076 kB
KernelStack:       11696 kB
PageTables:        42856 kB
NFS_Unstable:          0 kB
Bounce:                0 kB
WritebackTmp:          0 kB
CommitLimit:     1980048 kB
Committed_AS:   87103332 kB
VmallocTotal:     458752 kB
VmallocUsed:      114196 kB
VmallocChunk:     154628 kB
Time pass: 34 sec

---2015-12-16 17:19:16
MemTotal:        1862952 kB
MemFree:          129688 kB
Buffers:            8608 kB
Cached:           694916 kB
SwapCached:         3100 kB
Active:           604004 kB
Inactive:         759968 kB
Active(anon):     370172 kB
Inactive(anon):   292212 kB
Active(file):     233832 kB
Inactive(file):   467756 kB
Unevictable:        1296 kB
Mlocked:               0 kB
HighTotal:       1436668 kB
HighFree:           9832 kB
LowTotal:         426284 kB
LowFree:          119856 kB
SwapTotal:       1048572 kB
SwapFree:        1024848 kB
Dirty:                 8 kB
Writeback:             0 kB
AnonPages:        660072 kB
Mapped:           376632 kB
Shmem:               636 kB
Slab:              41452 kB
SReclaimable:      14372 kB
SUnreclaim:        27080 kB
KernelStack:       11696 kB
PageTables:        42856 kB
NFS_Unstable:          0 kB
Bounce:                0 kB
WritebackTmp:          0 kB
CommitLimit:     1980048 kB
Committed_AS:   87103412 kB
VmallocTotal:     458752 kB
VmallocUsed:      114196 kB
VmallocChunk:     154628 kB
Time pass: 38 sec

---2015-12-16 17:19:16
MemTotal:        1862952 kB
MemFree:          129688 kB
Buffers:            8616 kB
Cached:           694916 kB
SwapCached:         3100 kB
Active:           604112 kB
Inactive:         759976 kB
Active(anon):     370280 kB
Inactive(anon):   292212 kB
Active(file):     233832 kB
Inactive(file):   467764 kB
Unevictable:        1296 kB
Mlocked:               0 kB
HighTotal:       1436668 kB
HighFree:           9832 kB
LowTotal:         426284 kB
LowFree:          119856 kB
SwapTotal:       1048572 kB
SwapFree:        1024848 kB
Dirty:                32 kB
Writeback:             0 kB
AnonPages:        660176 kB
Mapped:           376632 kB
Shmem:               636 kB
Slab:              41452 kB
SReclaimable:      14372 kB
SUnreclaim:        27080 kB
KernelStack:       11696 kB
PageTables:        42856 kB
NFS_Unstable:          0 kB
Bounce:                0 kB
WritebackTmp:          0 kB
CommitLimit:     1980048 kB
Committed_AS:   87103492 kB
VmallocTotal:     458752 kB
VmallocUsed:      114196 kB
VmallocChunk:     154628 kB
Time pass: 42 sec

---2015-12-16 17:19:16
MemTotal:        1862952 kB
MemFree:           69580 kB
Buffers:            8636 kB
Cached:           700292 kB
SwapCached:         3100 kB
Active:           618028 kB
Inactive:         764596 kB
Active(anon):     384060 kB
Inactive(anon):   291588 kB
Active(file):     233968 kB
Inactive(file):   473008 kB
Unevictable:        1296 kB
Mlocked:               0 kB
HighTotal:       1436668 kB
HighFree:           1948 kB
LowTotal:         426284 kB
LowFree:           67632 kB
SwapTotal:       1048572 kB
SwapFree:        1024856 kB
Dirty:                60 kB
Writeback:             0 kB
AnonPages:        673320 kB
Mapped:           384892 kB
Shmem:               636 kB
Slab:              41328 kB
SReclaimable:      14356 kB
SUnreclaim:        26972 kB
KernelStack:       11736 kB
PageTables:        43060 kB
NFS_Unstable:          0 kB
Bounce:                0 kB
WritebackTmp:          0 kB
CommitLimit:     1980048 kB
Committed_AS:   87114724 kB
VmallocTotal:     458752 kB
VmallocUsed:      114344 kB
VmallocChunk:     154628 kB
Time pass: 45 sec

---2015-12-16 17:19:16
MemTotal:        1862952 kB
MemFree:           56464 kB
Buffers:            8644 kB
Cached:           700548 kB
SwapCached:         3092 kB
Active:           624388 kB
Inactive:         764140 kB
Active(anon):     390412 kB
Inactive(anon):   290860 kB
Active(file):     233976 kB
Inactive(file):   473280 kB
Unevictable:        1296 kB
Mlocked:               0 kB
HighTotal:       1436668 kB
HighFree:           2332 kB
LowTotal:         426284 kB
LowFree:           54132 kB
SwapTotal:       1048572 kB
SwapFree:        1024864 kB
Dirty:                80 kB
Writeback:             0 kB
AnonPages:        678956 kB
Mapped:           391864 kB
Shmem:               636 kB
Slab:              41324 kB
SReclaimable:      14356 kB
SUnreclaim:        26968 kB
KernelStack:       11720 kB
PageTables:        43100 kB
NFS_Unstable:          0 kB
Bounce:                0 kB
WritebackTmp:          0 kB
CommitLimit:     1980048 kB
Committed_AS:   87127820 kB
VmallocTotal:     458752 kB
VmallocUsed:      114384 kB
VmallocChunk:     154628 kB
Time pass: 49 sec

---2015-12-16 17:19:16
MemTotal:        1862952 kB
MemFree:           65052 kB
Buffers:            8644 kB
Cached:           702228 kB
SwapCached:         3092 kB
Active:           639896 kB
Inactive:         753908 kB
Active(anon):     406100 kB
Inactive(anon):   282960 kB
Active(file):     233796 kB
Inactive(file):   470948 kB
Unevictable:       13256 kB
Mlocked:           12108 kB
HighTotal:       1436668 kB
HighFree:           2512 kB
LowTotal:         426284 kB
LowFree:           62540 kB
SwapTotal:       1048572 kB
SwapFree:        1024864 kB
Dirty:               412 kB
Writeback:             0 kB
AnonPages:        694668 kB
Mapped:           387572 kB
Shmem:               940 kB
Slab:              41352 kB
SReclaimable:      14380 kB
SUnreclaim:        26972 kB
KernelStack:       11936 kB
PageTables:        43048 kB
NFS_Unstable:          0 kB
Bounce:                0 kB
WritebackTmp:          0 kB
CommitLimit:     1980048 kB
Committed_AS:   87140480 kB
VmallocTotal:     458752 kB
VmallocUsed:      114560 kB
VmallocChunk:     154628 kB
Time pass: 53 sec

---2015-12-16 17:19:16
MemTotal:        1862952 kB
MemFree:           35736 kB
Buffers:            8696 kB
Cached:           696852 kB
SwapCached:         3376 kB
Active:           621724 kB
Inactive:         774828 kB
Active(anon):     342820 kB
Inactive(anon):   350060 kB
Active(file):     278904 kB
Inactive(file):   424768 kB
Unevictable:        1296 kB
Mlocked:               0 kB
HighTotal:       1436668 kB
HighFree:           4296 kB
LowTotal:         426284 kB
LowFree:           31440 kB
SwapTotal:       1048572 kB
SwapFree:        1016180 kB
Dirty:                 0 kB
Writeback:             0 kB
AnonPages:        690184 kB
Mapped:           403760 kB
Shmem:               636 kB
Slab:              41736 kB
SReclaimable:      14456 kB
SUnreclaim:        27280 kB
KernelStack:       11896 kB
PageTables:        43196 kB
NFS_Unstable:          0 kB
Bounce:                0 kB
WritebackTmp:          0 kB
CommitLimit:     1980048 kB
Committed_AS:   87154436 kB
VmallocTotal:     458752 kB
VmallocUsed:      114648 kB
VmallocChunk:     154628 kB
Time pass: 56 sec

---2015-12-16 17:19:16
MemTotal:        1862952 kB
MemFree:           41460 kB
Buffers:            8696 kB
Cached:           692192 kB
SwapCached:         3384 kB
Active:           616788 kB
Inactive:         764940 kB
Active(anon):     333176 kB
Inactive(anon):   349596 kB
Active(file):     283612 kB
Inactive(file):   415344 kB
Unevictable:        1296 kB
Mlocked:               0 kB
HighTotal:       1436668 kB
HighFree:           5036 kB
LowTotal:         426284 kB
LowFree:           36424 kB
SwapTotal:       1048572 kB
SwapFree:        1013516 kB
Dirty:                 4 kB
Writeback:             0 kB
AnonPages:        680224 kB
Mapped:           413764 kB
Shmem:               636 kB
Slab:              41720 kB
SReclaimable:      14456 kB
SUnreclaim:        27264 kB
KernelStack:       11768 kB
PageTables:        43232 kB
NFS_Unstable:          0 kB
Bounce:                0 kB
WritebackTmp:          0 kB
CommitLimit:     1980048 kB
Committed_AS:   87154508 kB
VmallocTotal:     458752 kB
VmallocUsed:      114544 kB
VmallocChunk:     154628 kB
Time pass: 60 sec

---2015-12-16 17:19:16
MemTotal:        1862952 kB
MemFree:           25152 kB
Buffers:            8704 kB
Cached:           686696 kB
SwapCached:         3388 kB
Active:           626936 kB
Inactive:         757028 kB
Active(anon):     343036 kB
Inactive(anon):   347532 kB
Active(file):     283900 kB
Inactive(file):   409496 kB
Unevictable:        1296 kB
Mlocked:               0 kB
HighTotal:       1436668 kB
HighFree:            792 kB
LowTotal:         426284 kB
LowFree:           24360 kB
SwapTotal:       1048572 kB
SwapFree:        1011068 kB
Dirty:               368 kB
Writeback:             0 kB
AnonPages:        688040 kB
Mapped:           421800 kB
Shmem:               636 kB
Slab:              41796 kB
SReclaimable:      14456 kB
SUnreclaim:        27340 kB
KernelStack:       11784 kB
PageTables:        43244 kB
NFS_Unstable:          0 kB
Bounce:                0 kB
WritebackTmp:          0 kB
CommitLimit:     1980048 kB
Committed_AS:   87154860 kB
VmallocTotal:     458752 kB
VmallocUsed:      114744 kB
VmallocChunk:     154628 kB
Time pass: 64 sec

---2015-12-16 17:19:16
MemTotal:        1862952 kB
MemFree:           38024 kB
Buffers:            8712 kB
Cached:           682888 kB
SwapCached:         3380 kB
Active:           618480 kB
Inactive:         752088 kB
Active(anon):     334268 kB
Inactive(anon):   346632 kB
Active(file):     284212 kB
Inactive(file):   405456 kB
Unevictable:        1296 kB
Mlocked:               0 kB
HighTotal:       1436668 kB
HighFree:           5328 kB
LowTotal:         426284 kB
LowFree:           32696 kB
SwapTotal:       1048572 kB
SwapFree:        1009440 kB
Dirty:               332 kB
Writeback:             0 kB
AnonPages:        678352 kB
Mapped:           424020 kB
Shmem:               636 kB
Slab:              41748 kB
SReclaimable:      14460 kB
SUnreclaim:        27288 kB
KernelStack:       11768 kB
PageTables:        43260 kB
NFS_Unstable:          0 kB
Bounce:                0 kB
WritebackTmp:          0 kB
CommitLimit:     1980048 kB
Committed_AS:   87154948 kB
VmallocTotal:     458752 kB
VmallocUsed:      114584 kB
VmallocChunk:     154628 kB
Time pass: 67 sec

---2015-12-16 17:19:16
MemTotal:        1862952 kB
MemFree:           37100 kB
Buffers:            8712 kB
Cached:           682888 kB
SwapCached:         3380 kB
Active:           618480 kB
Inactive:         752088 kB
Active(anon):     334268 kB
Inactive(anon):   346632 kB
Active(file):     284212 kB
Inactive(file):   405456 kB
Unevictable:        1296 kB
Mlocked:               0 kB
HighTotal:       1436668 kB
HighFree:           4708 kB
LowTotal:         426284 kB
LowFree:           32392 kB
SwapTotal:       1048572 kB
SwapFree:        1009440 kB
Dirty:                 0 kB
Writeback:             0 kB
AnonPages:        678260 kB
Mapped:           424036 kB
Shmem:               636 kB
Slab:              41748 kB
SReclaimable:      14460 kB
SUnreclaim:        27288 kB
KernelStack:       11840 kB
PageTables:        43240 kB
NFS_Unstable:          0 kB
Bounce:                0 kB
WritebackTmp:          0 kB
CommitLimit:     1980048 kB
Committed_AS:   87155028 kB
VmallocTotal:     458752 kB
VmallocUsed:      114744 kB
VmallocChunk:     154628 kB
Time pass: 71 sec

---2015-12-16 17:19:16
MemTotal:        1862952 kB
MemFree:           27432 kB
Buffers:            8720 kB
Cached:           666796 kB
SwapCached:         3400 kB
Active:           625424 kB
Inactive:         732836 kB
Active(anon):     338532 kB
Inactive(anon):   347180 kB
Active(file):     286892 kB
Inactive(file):   385656 kB
Unevictable:        2140 kB
Mlocked:               0 kB
HighTotal:       1436668 kB
HighFree:           1940 kB
LowTotal:         426284 kB
LowFree:           25492 kB
SwapTotal:       1048572 kB
SwapFree:        1005628 kB
Dirty:                 4 kB
Writeback:             0 kB
AnonPages:        683288 kB
Mapped:           432212 kB
Shmem:               636 kB
Slab:              42012 kB
SReclaimable:      14492 kB
SUnreclaim:        27520 kB
KernelStack:       11784 kB
PageTables:        43256 kB
NFS_Unstable:          0 kB
Bounce:                0 kB
WritebackTmp:          0 kB
CommitLimit:     1980048 kB
Committed_AS:   87155708 kB
VmallocTotal:     458752 kB
VmallocUsed:      114828 kB
VmallocChunk:     154628 kB
Time pass: 74 sec

---2015-12-16 17:19:16
MemTotal:        1862952 kB
MemFree:           28284 kB
Buffers:            8744 kB
Cached:           649456 kB
SwapCached:         3472 kB
Active:           631468 kB
Inactive:         716512 kB
Active(anon):     343732 kB
Inactive(anon):   349112 kB
Active(file):     287736 kB
Inactive(file):   367400 kB
Unevictable:        2140 kB
Mlocked:               0 kB
HighTotal:       1436668 kB
HighFree:           4320 kB
LowTotal:         426284 kB
LowFree:           23964 kB
SwapTotal:       1048572 kB
SwapFree:        1002368 kB
Dirty:               272 kB
Writeback:             0 kB
AnonPages:        690192 kB
Mapped:           435836 kB
Shmem:               636 kB
Slab:              42076 kB
SReclaimable:      14476 kB
SUnreclaim:        27600 kB
KernelStack:       11880 kB
PageTables:        43284 kB
NFS_Unstable:          0 kB
Bounce:                0 kB
WritebackTmp:          0 kB
CommitLimit:     1980048 kB
Committed_AS:   87169308 kB
VmallocTotal:     458752 kB
VmallocUsed:      114908 kB
VmallocChunk:     154628 kB
Time pass: 78 sec

---2015-12-16 17:19:16
MemTotal:        1862952 kB
MemFree:           44704 kB
Buffers:            8784 kB
Cached:           612888 kB
SwapCached:         3676 kB
Active:           644708 kB
Inactive:         676228 kB
Active(anon):     351824 kB
Inactive(anon):   350396 kB
Active(file):     292884 kB
Inactive(file):   325832 kB
Unevictable:        2140 kB
Mlocked:               0 kB
HighTotal:       1436668 kB
HighFree:          17256 kB
LowTotal:         426284 kB
LowFree:           27448 kB
SwapTotal:       1048572 kB
SwapFree:         999680 kB
Dirty:               380 kB
Writeback:             0 kB
AnonPages:        699292 kB
Mapped:           436592 kB
Shmem:               744 kB
Slab:              42512 kB
SReclaimable:      14504 kB
SUnreclaim:        28008 kB
KernelStack:       12104 kB
PageTables:        43504 kB
NFS_Unstable:          0 kB
Bounce:                0 kB
WritebackTmp:          0 kB
CommitLimit:     1980048 kB
Committed_AS:   87191096 kB
VmallocTotal:     458752 kB
VmallocUsed:      118712 kB
VmallocChunk:     154628 kB
Time pass: 82 sec

---2015-12-16 17:19:16
MemTotal:        1862952 kB
MemFree:           30472 kB
Buffers:            8808 kB
Cached:           595448 kB
SwapCached:         3732 kB
Active:           650060 kB
Inactive:         655760 kB
Active(anon):     352136 kB
Inactive(anon):   352476 kB
Active(file):     297924 kB
Inactive(file):   303284 kB
Unevictable:        2140 kB
Mlocked:               0 kB
HighTotal:       1436668 kB
HighFree:           5728 kB
LowTotal:         426284 kB
LowFree:           24744 kB
SwapTotal:       1048572 kB
SwapFree:         998296 kB
Dirty:                 0 kB
Writeback:             0 kB
AnonPages:        701644 kB
Mapped:           434060 kB
Shmem:               808 kB
Slab:              42416 kB
SReclaimable:      14512 kB
SUnreclaim:        27904 kB
KernelStack:       12072 kB
PageTables:        43656 kB
NFS_Unstable:          0 kB
Bounce:                0 kB
WritebackTmp:          0 kB
CommitLimit:     1980048 kB
Committed_AS:   87194360 kB
VmallocTotal:     458752 kB
VmallocUsed:      122552 kB
VmallocChunk:     154628 kB
Time pass: 85 sec

---2015-12-16 17:19:16
MemTotal:        1862952 kB
MemFree:           30584 kB
Buffers:            8816 kB
Cached:           595508 kB
SwapCached:         3728 kB
Active:           650852 kB
Inactive:         655780 kB
Active(anon):     352848 kB
Inactive(anon):   352528 kB
Active(file):     298004 kB
Inactive(file):   303252 kB
Unevictable:        2140 kB
Mlocked:               0 kB
HighTotal:       1436668 kB
HighFree:           5844 kB
LowTotal:         426284 kB
LowFree:           24740 kB
SwapTotal:       1048572 kB
SwapFree:         998316 kB
Dirty:                52 kB
Writeback:             8 kB
AnonPages:        702416 kB
Mapped:           434236 kB
Shmem:               928 kB
Slab:              42364 kB
SReclaimable:      14512 kB
SUnreclaim:        27852 kB
KernelStack:       12072 kB
PageTables:        43692 kB
NFS_Unstable:          0 kB
Bounce:                0 kB
WritebackTmp:          0 kB
CommitLimit:     1980048 kB
Committed_AS:   87196416 kB
VmallocTotal:     458752 kB
VmallocUsed:      122472 kB
VmallocChunk:     154628 kB
Time pass: 89 sec

---2015-12-16 17:19:16
MemTotal:        1862952 kB
MemFree:           28964 kB
Buffers:            8832 kB
Cached:           595508 kB
SwapCached:         3728 kB
Active:           651672 kB
Inactive:         655804 kB
Active(anon):     353668 kB
Inactive(anon):   352536 kB
Active(file):     298004 kB
Inactive(file):   303268 kB
Unevictable:        2140 kB
Mlocked:               0 kB
HighTotal:       1436668 kB
HighFree:           4460 kB
LowTotal:         426284 kB
LowFree:           24504 kB
SwapTotal:       1048572 kB
SwapFree:         998316 kB
Dirty:                44 kB
Writeback:             0 kB
AnonPages:        703284 kB
Mapped:           434404 kB
Shmem:               928 kB
Slab:              42460 kB
SReclaimable:      14512 kB
SUnreclaim:        27948 kB
KernelStack:       12088 kB
PageTables:        43708 kB
NFS_Unstable:          0 kB
Bounce:                0 kB
WritebackTmp:          0 kB
CommitLimit:     1980048 kB
Committed_AS:   87196512 kB
VmallocTotal:     458752 kB
VmallocUsed:      122552 kB
VmallocChunk:     154628 kB
Time pass: 93 sec

---2015-12-16 17:19:16
MemTotal:        1862952 kB
MemFree:           28920 kB
Buffers:            8832 kB
Cached:           595508 kB
SwapCached:         3728 kB
Active:           651384 kB
Inactive:         655808 kB
Active(anon):     353380 kB
Inactive(anon):   352540 kB
Active(file):     298004 kB
Inactive(file):   303268 kB
Unevictable:        2140 kB
Mlocked:               0 kB
HighTotal:       1436668 kB
HighFree:           4608 kB
LowTotal:         426284 kB
LowFree:           24312 kB
SwapTotal:       1048572 kB
SwapFree:         998324 kB
Dirty:                44 kB
Writeback:             0 kB
AnonPages:        702804 kB
Mapped:           434404 kB
Shmem:               928 kB
Slab:              42460 kB
SReclaimable:      14512 kB
SUnreclaim:        27948 kB
KernelStack:       12072 kB
PageTables:        43708 kB
NFS_Unstable:          0 kB
Bounce:                0 kB
WritebackTmp:          0 kB
CommitLimit:     1980048 kB
Committed_AS:   87196648 kB
VmallocTotal:     458752 kB
VmallocUsed:      122552 kB
VmallocChunk:     154628 kB
Time pass: 96 sec

---2015-12-16 17:19:16
MemTotal:        1862952 kB
MemFree:           27308 kB
Buffers:            8856 kB
Cached:           595524 kB
SwapCached:         3748 kB
Active:           653248 kB
Inactive:         655620 kB
Active(anon):     355244 kB
Inactive(anon):   352320 kB
Active(file):     298004 kB
Inactive(file):   303300 kB
Unevictable:        2140 kB
Mlocked:               0 kB
HighTotal:       1436668 kB
HighFree:           3140 kB
LowTotal:         426284 kB
LowFree:           24168 kB
SwapTotal:       1048572 kB
SwapFree:         998360 kB
Dirty:                32 kB
Writeback:             0 kB
AnonPages:        704288 kB
Mapped:           434220 kB
Shmem:               928 kB
Slab:              42556 kB
SReclaimable:      14584 kB
SUnreclaim:        27972 kB
KernelStack:       12048 kB
PageTables:        43708 kB
NFS_Unstable:          0 kB
Bounce:                0 kB
WritebackTmp:          0 kB
CommitLimit:     1980048 kB
Committed_AS:   87199736 kB
VmallocTotal:     458752 kB
VmallocUsed:      122552 kB
VmallocChunk:     154628 kB
Time pass: 100 sec

---2015-12-16 17:19:16
MemTotal:        1862952 kB
MemFree:          112220 kB
Buffers:            8856 kB
Cached:           591112 kB
SwapCached:         3764 kB
Active:           639568 kB
Inactive:         651368 kB
Active(anon):     338980 kB
Inactive(anon):   354780 kB
Active(file):     300588 kB
Inactive(file):   296588 kB
Unevictable:        2284 kB
Mlocked:               0 kB
HighTotal:       1436668 kB
HighFree:          64804 kB
LowTotal:         426284 kB
LowFree:           47416 kB
SwapTotal:       1048572 kB
SwapFree:         996604 kB
Dirty:                12 kB
Writeback:             0 kB
AnonPages:        691124 kB
Mapped:           434772 kB
Shmem:               508 kB
Slab:              42732 kB
SReclaimable:      14696 kB
SUnreclaim:        28036 kB
KernelStack:       11920 kB
PageTables:        43460 kB
NFS_Unstable:          0 kB
Bounce:                0 kB
WritebackTmp:          0 kB
CommitLimit:     1980048 kB
Committed_AS:   87196800 kB
VmallocTotal:     458752 kB
VmallocUsed:      114848 kB
VmallocChunk:     154628 kB
Time pass: 103 sec

---2015-12-16 17:19:16
MemTotal:        1862952 kB
MemFree:          375324 kB
Buffers:            8896 kB
Cached:           591612 kB
SwapCached:         3792 kB
Active:           548392 kB
Inactive:         651668 kB
Active(anon):     247588 kB
Inactive(anon):   354636 kB
Active(file):     300804 kB
Inactive(file):   297032 kB
Unevictable:        2284 kB
Mlocked:               0 kB
HighTotal:       1436668 kB
HighFree:         229936 kB
LowTotal:         426284 kB
LowFree:          145388 kB
SwapTotal:       1048572 kB
SwapFree:         996628 kB
Dirty:                 4 kB
Writeback:            28 kB
AnonPages:        599604 kB
Mapped:           340496 kB
Shmem:               372 kB
Slab:              42616 kB
SReclaimable:      14656 kB
SUnreclaim:        27960 kB
KernelStack:       11128 kB
PageTables:        41188 kB
NFS_Unstable:          0 kB
Bounce:                0 kB
WritebackTmp:          0 kB
CommitLimit:     1980048 kB
Committed_AS:   84531120 kB
VmallocTotal:     458752 kB
VmallocUsed:      111836 kB
VmallocChunk:     154628 kB
Time pass: 107 sec

---2015-12-16 17:19:16
MemTotal:        1862952 kB
MemFree:          390980 kB
Buffers:            8904 kB
Cached:           591788 kB
SwapCached:         3792 kB
Active:           548092 kB
Inactive:         650716 kB
Active(anon):     247268 kB
Inactive(anon):   353504 kB
Active(file):     300824 kB
Inactive(file):   297212 kB
Unevictable:        2284 kB
Mlocked:               0 kB
HighTotal:       1436668 kB
HighFree:         245724 kB
LowTotal:         426284 kB
LowFree:          145256 kB
SwapTotal:       1048572 kB
SwapFree:         996632 kB
Dirty:               240 kB
Writeback:             0 kB
AnonPages:        598196 kB
Mapped:           340492 kB
Shmem:               372 kB
Slab:              42572 kB
SReclaimable:      14648 kB
SUnreclaim:        27924 kB
KernelStack:       11096 kB
PageTables:        41168 kB
NFS_Unstable:          0 kB
Bounce:                0 kB
WritebackTmp:          0 kB
CommitLimit:     1980048 kB
Committed_AS:   84531200 kB
VmallocTotal:     458752 kB
VmallocUsed:      111756 kB
VmallocChunk:     154628 kB
Time pass: 111 sec

---2015-12-16 17:19:16
MemTotal:        1862952 kB
MemFree:          390784 kB
Buffers:            8916 kB
Cached:           592056 kB
SwapCached:         3800 kB
Active:           548312 kB
Inactive:         650996 kB
Active(anon):     247488 kB
Inactive(anon):   353508 kB
Active(file):     300824 kB
Inactive(file):   297488 kB
Unevictable:        2284 kB
Mlocked:               0 kB
HighTotal:       1436668 kB
HighFree:         245228 kB
LowTotal:         426284 kB
LowFree:          145556 kB
SwapTotal:       1048572 kB
SwapFree:         996632 kB
Dirty:                40 kB
Writeback:             0 kB
AnonPages:        598400 kB
Mapped:           340516 kB
Shmem:               372 kB
Slab:              42572 kB
SReclaimable:      14648 kB
SUnreclaim:        27924 kB
KernelStack:       11088 kB
PageTables:        41176 kB
NFS_Unstable:          0 kB
Bounce:                0 kB
WritebackTmp:          0 kB
CommitLimit:     1980048 kB
Committed_AS:   84531400 kB
VmallocTotal:     458752 kB
VmallocUsed:      111780 kB
VmallocChunk:     154628 kB
Time pass: 114 sec

---2015-12-16 17:19:16
MemTotal:        1862952 kB
MemFree:          390652 kB
Buffers:            8916 kB
Cached:           592056 kB
SwapCached:         3800 kB
Active:           548388 kB
Inactive:         650992 kB
Active(anon):     247564 kB
Inactive(anon):   353500 kB
Active(file):     300824 kB
Inactive(file):   297492 kB
Unevictable:        2284 kB
Mlocked:               0 kB
HighTotal:       1436668 kB
HighFree:         245096 kB
LowTotal:         426284 kB
LowFree:          145556 kB
SwapTotal:       1048572 kB
SwapFree:         996632 kB
Dirty:                 0 kB
Writeback:             0 kB
AnonPages:        598496 kB
Mapped:           340520 kB
Shmem:               372 kB
Slab:              42572 kB
SReclaimable:      14648 kB
SUnreclaim:        27924 kB
KernelStack:       11088 kB
PageTables:        41176 kB
NFS_Unstable:          0 kB
Bounce:                0 kB
WritebackTmp:          0 kB
CommitLimit:     1980048 kB
Committed_AS:   84531480 kB
VmallocTotal:     458752 kB
VmallocUsed:      111780 kB
VmallocChunk:     154628 kB
Time pass: 118 sec

---2015-12-16 17:19:16
MemTotal:        1862952 kB
MemFree:          389332 kB
Buffers:            8924 kB
Cached:           592052 kB
SwapCached:         3796 kB
Active:           548296 kB
Inactive:         650840 kB
Active(anon):     247472 kB
Inactive(anon):   353348 kB
Active(file):     300824 kB
Inactive(file):   297492 kB
Unevictable:        2284 kB
Mlocked:               0 kB
HighTotal:       1436668 kB
HighFree:         244228 kB
LowTotal:         426284 kB
LowFree:          145104 kB
SwapTotal:       1048572 kB
SwapFree:         996644 kB
Dirty:                 0 kB
Writeback:             0 kB
AnonPages:        598224 kB
Mapped:           340456 kB
Shmem:               372 kB
Slab:              42572 kB
SReclaimable:      14648 kB
SUnreclaim:        27924 kB
KernelStack:       11080 kB
PageTables:        41176 kB
NFS_Unstable:          0 kB
Bounce:                0 kB
WritebackTmp:          0 kB
CommitLimit:     1980048 kB
Committed_AS:   84531480 kB
VmallocTotal:     458752 kB
VmallocUsed:      112020 kB
VmallocChunk:     154628 kB
Time pass: 122 sec

---2015-12-16 17:19:16
MemTotal:        1862952 kB
MemFree:          390644 kB
Buffers:            8928 kB
Cached:           592120 kB
SwapCached:         3796 kB
Active:           548604 kB
Inactive:         650908 kB
Active(anon):     247780 kB
Inactive(anon):   353340 kB
Active(file):     300824 kB
Inactive(file):   297568 kB
Unevictable:        2284 kB
Mlocked:               0 kB
HighTotal:       1436668 kB
HighFree:         244856 kB
LowTotal:         426284 kB
LowFree:          145788 kB
SwapTotal:       1048572 kB
SwapFree:         996644 kB
Dirty:                 8 kB
Writeback:             0 kB
AnonPages:        598552 kB
Mapped:           340524 kB
Shmem:               372 kB
Slab:              42464 kB
SReclaimable:      14648 kB
SUnreclaim:        27816 kB
KernelStack:       11072 kB
PageTables:        41176 kB
NFS_Unstable:          0 kB
Bounce:                0 kB
WritebackTmp:          0 kB
CommitLimit:     1980048 kB
Committed_AS:   84531672 kB
VmallocTotal:     458752 kB
VmallocUsed:      111780 kB
VmallocChunk:     154628 kB
Time pass: 125 sec

---2015-12-16 17:19:16
MemTotal:        1862952 kB
MemFree:          390676 kB
Buffers:            8936 kB
Cached:           592120 kB
SwapCached:         3796 kB
Active:           548744 kB
Inactive:         650864 kB
Active(anon):     247916 kB
Inactive(anon):   353292 kB
Active(file):     300828 kB
Inactive(file):   297572 kB
Unevictable:        2284 kB
Mlocked:               0 kB
HighTotal:       1436668 kB
HighFree:         244856 kB
LowTotal:         426284 kB
LowFree:          145820 kB
SwapTotal:       1048572 kB
SwapFree:         996644 kB
Dirty:                12 kB
Writeback:             0 kB
AnonPages:        598588 kB
Mapped:           340536 kB
Shmem:               372 kB
Slab:              42464 kB
SReclaimable:      14648 kB
SUnreclaim:        27816 kB
KernelStack:       11048 kB
PageTables:        41156 kB
NFS_Unstable:          0 kB
Bounce:                0 kB
WritebackTmp:          0 kB
CommitLimit:     1980048 kB
Committed_AS:   84531640 kB
VmallocTotal:     458752 kB
VmallocUsed:      111780 kB
VmallocChunk:     154628 kB
Time pass: 129 sec

---2015-12-16 17:19:16
MemTotal:        1862952 kB
MemFree:          390544 kB
Buffers:            8936 kB
Cached:           592120 kB
SwapCached:         3796 kB
Active:           548848 kB
Inactive:         650864 kB
Active(anon):     248020 kB
Inactive(anon):   353292 kB
Active(file):     300828 kB
Inactive(file):   297572 kB
Unevictable:        2284 kB
Mlocked:               0 kB
HighTotal:       1436668 kB
HighFree:         244732 kB
LowTotal:         426284 kB
LowFree:          145812 kB
SwapTotal:       1048572 kB
SwapFree:         996644 kB
Dirty:                 4 kB
Writeback:             0 kB
AnonPages:        598700 kB
Mapped:           340524 kB
Shmem:               372 kB
Slab:              42464 kB
SReclaimable:      14648 kB
SUnreclaim:        27816 kB
KernelStack:       11048 kB
PageTables:        41176 kB
NFS_Unstable:          0 kB
Bounce:                0 kB
WritebackTmp:          0 kB
CommitLimit:     1980048 kB
Committed_AS:   84531792 kB
VmallocTotal:     458752 kB
VmallocUsed:      111780 kB
VmallocChunk:     154628 kB
Time pass: 133 sec

---2015-12-16 17:19:16
MemTotal:        1862952 kB
MemFree:          390428 kB
Buffers:            8936 kB
Cached:           592120 kB
SwapCached:         3796 kB
Active:           548888 kB
Inactive:         650860 kB
Active(anon):     248060 kB
Inactive(anon):   353288 kB
Active(file):     300828 kB
Inactive(file):   297572 kB
Unevictable:        2284 kB
Mlocked:               0 kB
HighTotal:       1436668 kB
HighFree:         244608 kB
LowTotal:         426284 kB
LowFree:          145820 kB
SwapTotal:       1048572 kB
SwapFree:         996644 kB
Dirty:                 4 kB
Writeback:             0 kB
AnonPages:        598784 kB
Mapped:           340524 kB
Shmem:               372 kB
Slab:              42464 kB
SReclaimable:      14648 kB
SUnreclaim:        27816 kB
KernelStack:       11048 kB
PageTables:        41176 kB
NFS_Unstable:          0 kB
Bounce:                0 kB
WritebackTmp:          0 kB
CommitLimit:     1980048 kB
Committed_AS:   84531920 kB
VmallocTotal:     458752 kB
VmallocUsed:      111780 kB
VmallocChunk:     154628 kB
Time pass: 136 sec

---2015-12-16 17:19:16
MemTotal:        1862952 kB
MemFree:          390412 kB
Buffers:            8944 kB
Cached:           592120 kB
SwapCached:         3796 kB
Active:           548956 kB
Inactive:         650868 kB
Active(anon):     248128 kB
Inactive(anon):   353288 kB
Active(file):     300828 kB
Inactive(file):   297580 kB
Unevictable:        2284 kB
Mlocked:               0 kB
HighTotal:       1436668 kB
HighFree:         244608 kB
LowTotal:         426284 kB
LowFree:          145804 kB
SwapTotal:       1048572 kB
SwapFree:         996648 kB
Dirty:                 0 kB
Writeback:             0 kB
AnonPages:        598820 kB
Mapped:           340524 kB
Shmem:               372 kB
Slab:              42464 kB
SReclaimable:      14648 kB
SUnreclaim:        27816 kB
KernelStack:       11048 kB
PageTables:        41176 kB
NFS_Unstable:          0 kB
Bounce:                0 kB
WritebackTmp:          0 kB
CommitLimit:     1980048 kB
Committed_AS:   84532000 kB
VmallocTotal:     458752 kB
VmallocUsed:      111780 kB
VmallocChunk:     154628 kB
Time pass: 140 sec

---2015-12-16 17:19:16
MemTotal:        1862952 kB
MemFree:          390536 kB
Buffers:            8952 kB
Cached:           592172 kB
SwapCached:         3796 kB
Active:           548728 kB
Inactive:         650928 kB
Active(anon):     247900 kB
Inactive(anon):   353288 kB
Active(file):     300828 kB
Inactive(file):   297640 kB
Unevictable:        2284 kB
Mlocked:               0 kB
HighTotal:       1436668 kB
HighFree:         244732 kB
LowTotal:         426284 kB
LowFree:          145804 kB
SwapTotal:       1048572 kB
SwapFree:         996648 kB
Dirty:                 8 kB
Writeback:             0 kB
AnonPages:        598612 kB
Mapped:           340532 kB
Shmem:               372 kB
Slab:              42460 kB
SReclaimable:      14648 kB
SUnreclaim:        27812 kB
KernelStack:       11048 kB
PageTables:        41176 kB
NFS_Unstable:          0 kB
Bounce:                0 kB
WritebackTmp:          0 kB
CommitLimit:     1980048 kB
Committed_AS:   84532200 kB
VmallocTotal:     458752 kB
VmallocUsed:      111780 kB
VmallocChunk:     154628 kB
Time pass: 144 sec

---2015-12-16 17:19:16
MemTotal:        1862952 kB
MemFree:          385548 kB
Buffers:            8976 kB
Cached:           592988 kB
SwapCached:         4232 kB
Active:           552176 kB
Inactive:         652120 kB
Active(anon):     251272 kB
Inactive(anon):   353724 kB
Active(file):     300904 kB
Inactive(file):   298396 kB
Unevictable:        2284 kB
Mlocked:               0 kB
HighTotal:       1436668 kB
HighFree:         240088 kB
LowTotal:         426284 kB
LowFree:          145460 kB
SwapTotal:       1048572 kB
SwapFree:         996648 kB
Dirty:                 0 kB
Writeback:             0 kB
AnonPages:        601992 kB
Mapped:           340828 kB
Shmem:               372 kB
Slab:              42456 kB
SReclaimable:      14648 kB
SUnreclaim:        27808 kB
KernelStack:       11128 kB
PageTables:        41680 kB
NFS_Unstable:          0 kB
Bounce:                0 kB
WritebackTmp:          0 kB
CommitLimit:     1980048 kB
Committed_AS:   85775488 kB
VmallocTotal:     458752 kB
VmallocUsed:      112800 kB
VmallocChunk:     154628 kB
Time pass: 147 sec

---2015-12-16 17:19:16
MemTotal:        1862952 kB
MemFree:          385960 kB
Buffers:            8976 kB
Cached:           592980 kB
SwapCached:         4240 kB
Active:           551808 kB
Inactive:         652016 kB
Active(anon):     250904 kB
Inactive(anon):   353612 kB
Active(file):     300904 kB
Inactive(file):   298404 kB
Unevictable:        2284 kB
Mlocked:               0 kB
HighTotal:       1436668 kB
HighFree:         240460 kB
LowTotal:         426284 kB
LowFree:          145500 kB
SwapTotal:       1048572 kB
SwapFree:         996680 kB
Dirty:                20 kB
Writeback:             0 kB
AnonPages:        601508 kB
Mapped:           340828 kB
Shmem:               372 kB
Slab:              42456 kB
SReclaimable:      14648 kB
SUnreclaim:        27808 kB
KernelStack:       11088 kB
PageTables:        41676 kB
NFS_Unstable:          0 kB
Bounce:                0 kB
WritebackTmp:          0 kB
CommitLimit:     1980048 kB
Committed_AS:   85775504 kB
VmallocTotal:     458752 kB
VmallocUsed:      112800 kB
VmallocChunk:     154628 kB
Time pass: 151 sec

---2015-12-16 17:19:16
MemTotal:        1862952 kB
MemFree:          307920 kB
Buffers:            9008 kB
Cached:           594368 kB
SwapCached:         4508 kB
Active:           579108 kB
Inactive:         651460 kB
Active(anon):     276176 kB
Inactive(anon):   353968 kB
Active(file):     302932 kB
Inactive(file):   297492 kB
Unevictable:        2284 kB
Mlocked:               0 kB
HighTotal:       1436668 kB
HighFree:         165012 kB
LowTotal:         426284 kB
LowFree:          142908 kB
SwapTotal:       1048572 kB
SwapFree:         996704 kB
Dirty:               780 kB
Writeback:             0 kB
AnonPages:        626836 kB
Mapped:           361696 kB
Shmem:               556 kB
Slab:              42420 kB
SReclaimable:      14644 kB
SUnreclaim:        27776 kB
KernelStack:       11656 kB
PageTables:        42704 kB
NFS_Unstable:          0 kB
Bounce:                0 kB
WritebackTmp:          0 kB
CommitLimit:     1980048 kB
Committed_AS:   87097132 kB
VmallocTotal:     458752 kB
VmallocUsed:      114196 kB
VmallocChunk:     154628 kB
Time pass: 155 sec

---2015-12-16 17:19:16
MemTotal:        1862952 kB
MemFree:          254348 kB
Buffers:            9016 kB
Cached:           595212 kB
SwapCached:         4512 kB
Active:           589052 kB
Inactive:         650372 kB
Active(anon):     285840 kB
Inactive(anon):   352152 kB
Active(file):     303212 kB
Inactive(file):   298220 kB
Unevictable:        2284 kB
Mlocked:               0 kB
HighTotal:       1436668 kB
HighFree:         120156 kB
LowTotal:         426284 kB
LowFree:          134192 kB
SwapTotal:       1048572 kB
SwapFree:         996724 kB
Dirty:               824 kB
Writeback:             0 kB
AnonPages:        634448 kB
Mapped:           366672 kB
Shmem:               508 kB
Slab:              42384 kB
SReclaimable:      14640 kB
SUnreclaim:        27744 kB
KernelStack:       11752 kB
PageTables:        42860 kB
NFS_Unstable:          0 kB
Bounce:                0 kB
WritebackTmp:          0 kB
CommitLimit:     1980048 kB
Committed_AS:   87133212 kB
VmallocTotal:     458752 kB
VmallocUsed:      114304 kB
VmallocChunk:     154628 kB
Time pass: 159 sec

---2015-12-16 17:19:16
MemTotal:        1862952 kB
MemFree:          209208 kB
Buffers:            9032 kB
Cached:           595756 kB
SwapCached:         4524 kB
Active:           610360 kB
Inactive:         650540 kB
Active(anon):     306856 kB
Inactive(anon):   352048 kB
Active(file):     303504 kB
Inactive(file):   298492 kB
Unevictable:        2284 kB
Mlocked:               0 kB
HighTotal:       1436668 kB
HighFree:          88020 kB
LowTotal:         426284 kB
LowFree:          121188 kB
SwapTotal:       1048572 kB
SwapFree:         996724 kB
Dirty:               324 kB
Writeback:             0 kB
AnonPages:        655552 kB
Mapped:           372912 kB
Shmem:               508 kB
Slab:              42420 kB
SReclaimable:      14612 kB
SUnreclaim:        27808 kB
KernelStack:       11728 kB
PageTables:        42940 kB
NFS_Unstable:          0 kB
Bounce:                0 kB
WritebackTmp:          0 kB
CommitLimit:     1980048 kB
Committed_AS:   87134140 kB
VmallocTotal:     458752 kB
VmallocUsed:      114364 kB
VmallocChunk:     154628 kB
Time pass: 162 sec

---2015-12-16 17:19:16
MemTotal:        1862952 kB
MemFree:          168004 kB
Buffers:            9040 kB
Cached:           602648 kB
SwapCached:         4524 kB
Active:           625500 kB
Inactive:         643752 kB
Active(anon):     308300 kB
Inactive(anon):   352056 kB
Active(file):     317200 kB
Inactive(file):   291696 kB
Unevictable:        2284 kB
Mlocked:               0 kB
HighTotal:       1436668 kB
HighFree:          70440 kB
LowTotal:         426284 kB
LowFree:           97564 kB
SwapTotal:       1048572 kB
SwapFree:         996732 kB
Dirty:              7268 kB
Writeback:             0 kB
AnonPages:        656912 kB
Mapped:           383696 kB
Shmem:               508 kB
Slab:              42512 kB
SReclaimable:      14700 kB
SUnreclaim:        27812 kB
KernelStack:       11648 kB
PageTables:        43068 kB
NFS_Unstable:          0 kB
Bounce:                0 kB
WritebackTmp:          0 kB
CommitLimit:     1980048 kB
Committed_AS:   87158908 kB
VmallocTotal:     458752 kB
VmallocUsed:      114444 kB
VmallocChunk:     154628 kB
Time pass: 166 sec

---2015-12-16 17:19:16
MemTotal:        1862952 kB
MemFree:          150932 kB
Buffers:            9040 kB
Cached:           602948 kB
SwapCached:         4524 kB
Active:           628360 kB
Inactive:         643552 kB
Active(anon):     310660 kB
Inactive(anon):   352056 kB
Active(file):     317700 kB
Inactive(file):   291496 kB
Unevictable:        2284 kB
Mlocked:               0 kB
HighTotal:       1436668 kB
HighFree:          53524 kB
LowTotal:         426284 kB
LowFree:           97408 kB
SwapTotal:       1048572 kB
SwapFree:         996732 kB
Dirty:               312 kB
Writeback:             0 kB
AnonPages:        659284 kB
Mapped:           395272 kB
Shmem:               508 kB
Slab:              42448 kB
SReclaimable:      14696 kB
SUnreclaim:        27752 kB
KernelStack:       11648 kB
PageTables:        43092 kB
NFS_Unstable:          0 kB
Bounce:                0 kB
WritebackTmp:          0 kB
CommitLimit:     1980048 kB
Committed_AS:   87159148 kB
VmallocTotal:     458752 kB
VmallocUsed:      114484 kB
VmallocChunk:     154628 kB
Time pass: 170 sec

---2015-12-16 17:19:16
MemTotal:        1862952 kB
MemFree:          148872 kB
Buffers:            9060 kB
Cached:           603000 kB
SwapCached:         4524 kB
Active:           627752 kB
Inactive:         645860 kB
Active(anon):     312336 kB
Inactive(anon):   352064 kB
Active(file):     315416 kB
Inactive(file):   293796 kB
Unevictable:        2344 kB
Mlocked:               4 kB
HighTotal:       1436668 kB
HighFree:          51644 kB
LowTotal:         426284 kB
LowFree:           97228 kB
SwapTotal:       1048572 kB
SwapFree:         996736 kB
Dirty:                96 kB
Writeback:             0 kB
AnonPages:        660992 kB
Mapped:           395264 kB
Shmem:               564 kB
Slab:              42492 kB
SReclaimable:      14688 kB
SUnreclaim:        27804 kB
KernelStack:       11696 kB
PageTables:        43028 kB
NFS_Unstable:          0 kB
Bounce:                0 kB
WritebackTmp:          0 kB
CommitLimit:     1980048 kB
Committed_AS:   87160444 kB
VmallocTotal:     458752 kB
VmallocUsed:      114564 kB
VmallocChunk:     154628 kB
Time pass: 173 sec

---2015-12-16 17:19:16
MemTotal:        1862952 kB
MemFree:          131340 kB
Buffers:            9060 kB
Cached:           602948 kB
SwapCached:         4524 kB
Active:           632720 kB
Inactive:         645604 kB
Active(anon):     317052 kB
Inactive(anon):   352056 kB
Active(file):     315668 kB
Inactive(file):   293548 kB
Unevictable:        2284 kB
Mlocked:               0 kB
HighTotal:       1436668 kB
HighFree:          30944 kB
LowTotal:         426284 kB
LowFree:          100396 kB
SwapTotal:       1048572 kB
SwapFree:         996740 kB
Dirty:               568 kB
Writeback:             0 kB
AnonPages:        665560 kB
Mapped:           400476 kB
Shmem:               508 kB
Slab:              42460 kB
SReclaimable:      14696 kB
SUnreclaim:        27764 kB
KernelStack:       11760 kB
PageTables:        43168 kB
NFS_Unstable:          0 kB
Bounce:                0 kB
WritebackTmp:          0 kB
CommitLimit:     1980048 kB
Committed_AS:   87161012 kB
VmallocTotal:     458752 kB
VmallocUsed:      114648 kB
VmallocChunk:     154628 kB
Time pass: 177 sec

---2015-12-16 17:19:16
MemTotal:        1862952 kB
MemFree:          132156 kB
Buffers:            9068 kB
Cached:           602948 kB
SwapCached:         4524 kB
Active:           633008 kB
Inactive:         645588 kB
Active(anon):     317316 kB
Inactive(anon):   352056 kB
Active(file):     315692 kB
Inactive(file):   293532 kB
Unevictable:        2284 kB
Mlocked:               0 kB
HighTotal:       1436668 kB
HighFree:          31376 kB
LowTotal:         426284 kB
LowFree:          100780 kB
SwapTotal:       1048572 kB
SwapFree:         996740 kB
Dirty:               612 kB
Writeback:             0 kB
AnonPages:        665960 kB
Mapped:           400616 kB
Shmem:               508 kB
Slab:              42432 kB
SReclaimable:      14696 kB
SUnreclaim:        27736 kB
KernelStack:       11664 kB
PageTables:        43152 kB
NFS_Unstable:          0 kB
Bounce:                0 kB
WritebackTmp:          0 kB
CommitLimit:     1980048 kB
Committed_AS:   87160348 kB
VmallocTotal:     458752 kB
VmallocUsed:      114568 kB
VmallocChunk:     154628 kB
Time pass: 180 sec

---2015-12-16 17:19:16
MemTotal:        1862952 kB
MemFree:          132372 kB
Buffers:            9068 kB
Cached:           602948 kB
SwapCached:         4524 kB
Active:           632824 kB
Inactive:         645588 kB
Active(anon):     317132 kB
Inactive(anon):   352056 kB
Active(file):     315692 kB
Inactive(file):   293532 kB
Unevictable:        2284 kB
Mlocked:               0 kB
HighTotal:       1436668 kB
HighFree:          31624 kB
LowTotal:         426284 kB
LowFree:          100748 kB
SwapTotal:       1048572 kB
SwapFree:         996740 kB
Dirty:                 4 kB
Writeback:             0 kB
AnonPages:        665764 kB
Mapped:           400620 kB
Shmem:               508 kB
Slab:              42460 kB
SReclaimable:      14696 kB
SUnreclaim:        27764 kB
KernelStack:       11664 kB
PageTables:        43152 kB
NFS_Unstable:          0 kB
Bounce:                0 kB
WritebackTmp:          0 kB
CommitLimit:     1980048 kB
Committed_AS:   87160548 kB
VmallocTotal:     458752 kB
VmallocUsed:      114568 kB
VmallocChunk:     154628 kB
Time pass: 184 sec

---2015-12-16 17:19:16
MemTotal:        1862952 kB
MemFree:          100012 kB
Buffers:            9092 kB
Cached:           602992 kB
SwapCached:         4556 kB
Active:           646856 kB
Inactive:         645680 kB
Active(anon):     331160 kB
Inactive(anon):   352084 kB
Active(file):     315696 kB
Inactive(file):   293596 kB
Unevictable:        2284 kB
Mlocked:               0 kB
HighTotal:       1436668 kB
HighFree:           7000 kB
LowTotal:         426284 kB
LowFree:           93012 kB
SwapTotal:       1048572 kB
SwapFree:         996744 kB
Dirty:                36 kB
Writeback:             0 kB
AnonPages:        679952 kB
Mapped:           403692 kB
Shmem:               508 kB
Slab:              42376 kB
SReclaimable:      14680 kB
SUnreclaim:        27696 kB
KernelStack:       11848 kB
PageTables:        43280 kB
NFS_Unstable:          0 kB
Bounce:                0 kB
WritebackTmp:          0 kB
CommitLimit:     1980048 kB
Committed_AS:   87181340 kB
VmallocTotal:     458752 kB
VmallocUsed:      118592 kB
VmallocChunk:     154628 kB
Time pass: 188 sec

---2015-12-16 17:19:16
MemTotal:        1862952 kB
MemFree:           93052 kB
Buffers:            9140 kB
Cached:           603208 kB
SwapCached:         4552 kB
Active:           660944 kB
Inactive:         645940 kB
Active(anon):     345244 kB
Inactive(anon):   352292 kB
Active(file):     315700 kB
Inactive(file):   293648 kB
Unevictable:        2284 kB
Mlocked:               0 kB
HighTotal:       1436668 kB
HighFree:           2500 kB
LowTotal:         426284 kB
LowFree:           90552 kB
SwapTotal:       1048572 kB
SwapFree:         996760 kB
Dirty:                76 kB
Writeback:             0 kB
AnonPages:        694016 kB
Mapped:           403632 kB
Shmem:               700 kB
Slab:              42476 kB
SReclaimable:      14680 kB
SUnreclaim:        27796 kB
KernelStack:       11992 kB
PageTables:        43240 kB
NFS_Unstable:          0 kB
Bounce:                0 kB
WritebackTmp:          0 kB
CommitLimit:     1980048 kB
Committed_AS:   87197812 kB
VmallocTotal:     458752 kB
VmallocUsed:      118612 kB
VmallocChunk:     154628 kB
Time pass: 191 sec

---2015-12-16 17:19:16
MemTotal:        1862952 kB
MemFree:           89832 kB
Buffers:            9156 kB
Cached:           603360 kB
SwapCached:         4552 kB
Active:           659168 kB
Inactive:         646128 kB
Active(anon):     343468 kB
Inactive(anon):   352444 kB
Active(file):     315700 kB
Inactive(file):   293684 kB
Unevictable:        2284 kB
Mlocked:               0 kB
HighTotal:       1436668 kB
HighFree:          11284 kB
LowTotal:         426284 kB
LowFree:           78548 kB
SwapTotal:       1048572 kB
SwapFree:         996764 kB
Dirty:                 4 kB
Writeback:             0 kB
AnonPages:        692156 kB
Mapped:           401692 kB
Shmem:               848 kB
Slab:              42572 kB
SReclaimable:      14672 kB
SUnreclaim:        27900 kB
KernelStack:       11960 kB
PageTables:        43420 kB
NFS_Unstable:          0 kB
Bounce:                0 kB
WritebackTmp:          0 kB
CommitLimit:     1980048 kB
Committed_AS:   87200052 kB
VmallocTotal:     458752 kB
VmallocUsed:      119332 kB
VmallocChunk:     154628 kB
Time pass: 195 sec

---2015-12-16 17:19:16
MemTotal:        1862952 kB
MemFree:           88776 kB
Buffers:            9180 kB
Cached:           603372 kB
SwapCached:         4552 kB
Active:           659200 kB
Inactive:         646160 kB
Active(anon):     343496 kB
Inactive(anon):   352472 kB
Active(file):     315704 kB
Inactive(file):   293688 kB
Unevictable:        2284 kB
Mlocked:               0 kB
HighTotal:       1436668 kB
HighFree:          10540 kB
LowTotal:         426284 kB
LowFree:           78236 kB
SwapTotal:       1048572 kB
SwapFree:         996768 kB
Dirty:                36 kB
Writeback:             0 kB
AnonPages:        692324 kB
Mapped:           401780 kB
Shmem:               876 kB
Slab:              42572 kB
SReclaimable:      14672 kB
SUnreclaim:        27900 kB
KernelStack:       11960 kB
PageTables:        43420 kB
NFS_Unstable:          0 kB
Bounce:                0 kB
WritebackTmp:          0 kB
CommitLimit:     1980048 kB
Committed_AS:   87200132 kB
VmallocTotal:     458752 kB
VmallocUsed:      119412 kB
VmallocChunk:     154628 kB
Time pass: 199 sec

---2015-12-16 17:19:16
MemTotal:        1862952 kB
MemFree:           89772 kB
Buffers:            9180 kB
Cached:           603388 kB
SwapCached:         4552 kB
Active:           658868 kB
Inactive:         646188 kB
Active(anon):     343164 kB
Inactive(anon):   352484 kB
Active(file):     315704 kB
Inactive(file):   293704 kB
Unevictable:        2284 kB
Mlocked:               0 kB
HighTotal:       1436668 kB
HighFree:          11204 kB
LowTotal:         426284 kB
LowFree:           78568 kB
SwapTotal:       1048572 kB
SwapFree:         996776 kB
Dirty:                 4 kB
Writeback:             0 kB
AnonPages:        692036 kB
Mapped:           401780 kB
Shmem:               876 kB
Slab:              42576 kB
SReclaimable:      14672 kB
SUnreclaim:        27904 kB
KernelStack:       11960 kB
PageTables:        43420 kB
NFS_Unstable:          0 kB
Bounce:                0 kB
WritebackTmp:          0 kB
CommitLimit:     1980048 kB
Committed_AS:   87200212 kB
VmallocTotal:     458752 kB
VmallocUsed:      119412 kB
VmallocChunk:     154628 kB
Time pass: 202 sec

---2015-12-16 17:19:16
MemTotal:        1862952 kB
MemFree:           90676 kB
Buffers:            9188 kB
Cached:           603388 kB
SwapCached:         4552 kB
Active:           659092 kB
Inactive:         646200 kB
Active(anon):     343388 kB
Inactive(anon):   352488 kB
Active(file):     315704 kB
Inactive(file):   293712 kB
Unevictable:        2284 kB
Mlocked:               0 kB
HighTotal:       1436668 kB
HighFree:          11644 kB
LowTotal:         426284 kB
LowFree:           79032 kB
SwapTotal:       1048572 kB
SwapFree:         996780 kB
Dirty:                32 kB
Writeback:             0 kB
AnonPages:        692176 kB
Mapped:           401668 kB
Shmem:               876 kB
Slab:              42568 kB
SReclaimable:      14672 kB
SUnreclaim:        27896 kB
KernelStack:       11952 kB
PageTables:        43396 kB
NFS_Unstable:          0 kB
Bounce:                0 kB
WritebackTmp:          0 kB
CommitLimit:     1980048 kB
Committed_AS:   87200412 kB
VmallocTotal:     458752 kB
VmallocUsed:      119332 kB
VmallocChunk:     154628 kB
Time pass: 206 sec

---2015-12-16 17:19:16
MemTotal:        1862952 kB
MemFree:           89556 kB
Buffers:            9204 kB
Cached:           603388 kB
SwapCached:         4552 kB
Active:           659564 kB
Inactive:         646216 kB
Active(anon):     343860 kB
Inactive(anon):   352488 kB
Active(file):     315704 kB
Inactive(file):   293728 kB
Unevictable:        2284 kB
Mlocked:               0 kB
HighTotal:       1436668 kB
HighFree:          10988 kB
LowTotal:         426284 kB
LowFree:           78568 kB
SwapTotal:       1048572 kB
SwapFree:         996780 kB
Dirty:                 0 kB
Writeback:             0 kB
AnonPages:        692676 kB
Mapped:           401596 kB
Shmem:               876 kB
Slab:              42568 kB
SReclaimable:      14672 kB
SUnreclaim:        27896 kB
KernelStack:       11960 kB
PageTables:        43344 kB
NFS_Unstable:          0 kB
Bounce:                0 kB
WritebackTmp:          0 kB
CommitLimit:     1980048 kB
Committed_AS:   87200484 kB
VmallocTotal:     458752 kB
VmallocUsed:      119332 kB
VmallocChunk:     154628 kB
Time pass: 209 sec

---2015-12-16 17:19:16
MemTotal:        1862952 kB
MemFree:           89948 kB
Buffers:            9212 kB
Cached:           603388 kB
SwapCached:         4552 kB
Active:           659868 kB
Inactive:         646228 kB
Active(anon):     344164 kB
Inactive(anon):   352492 kB
Active(file):     315704 kB
Inactive(file):   293736 kB
Unevictable:        2284 kB
Mlocked:               0 kB
HighTotal:       1436668 kB
HighFree:          11012 kB
LowTotal:         426284 kB
LowFree:           78936 kB
SwapTotal:       1048572 kB
SwapFree:         996784 kB
Dirty:                32 kB
Writeback:             0 kB
AnonPages:        692968 kB
Mapped:           401596 kB
Shmem:               876 kB
Slab:              42592 kB
SReclaimable:      14672 kB
SUnreclaim:        27920 kB
KernelStack:       11944 kB
PageTables:        43420 kB
NFS_Unstable:          0 kB
Bounce:                0 kB
WritebackTmp:          0 kB
CommitLimit:     1980048 kB
Committed_AS:   87200692 kB
VmallocTotal:     458752 kB
VmallocUsed:      119332 kB
VmallocChunk:     154628 kB
Time pass: 213 sec

---2015-12-16 17:19:16
MemTotal:        1862952 kB
MemFree:           88228 kB
Buffers:            9228 kB
Cached:           603388 kB
SwapCached:         4552 kB
Active:           660392 kB
Inactive:         646148 kB
Active(anon):     344688 kB
Inactive(anon):   352396 kB
Active(file):     315704 kB
Inactive(file):   293752 kB
Unevictable:        2284 kB
Mlocked:               0 kB
HighTotal:       1436668 kB
HighFree:           9596 kB
LowTotal:         426284 kB
LowFree:           78632 kB
SwapTotal:       1048572 kB
SwapFree:         996792 kB
Dirty:                40 kB
Writeback:             0 kB
AnonPages:        693396 kB
Mapped:           401780 kB
Shmem:               876 kB
Slab:              42612 kB
SReclaimable:      14672 kB
SUnreclaim:        27940 kB
KernelStack:       11952 kB
PageTables:        43420 kB
NFS_Unstable:          0 kB
Bounce:                0 kB
WritebackTmp:          0 kB
CommitLimit:     1980048 kB
Committed_AS:   87200684 kB
VmallocTotal:     458752 kB
VmallocUsed:      119412 kB
VmallocChunk:     154628 kB
Time pass: 217 sec

---2015-12-16 17:19:16
MemTotal:        1862952 kB
MemFree:           89688 kB
Buffers:            9244 kB
Cached:           603392 kB
SwapCached:         4552 kB
Active:           660436 kB
Inactive:         646172 kB
Active(anon):     344732 kB
Inactive(anon):   352400 kB
Active(file):     315704 kB
Inactive(file):   293772 kB
Unevictable:        2284 kB
Mlocked:               0 kB
HighTotal:       1436668 kB
HighFree:          10708 kB
LowTotal:         426284 kB
LowFree:           78980 kB
SwapTotal:       1048572 kB
SwapFree:         996800 kB
Dirty:                48 kB
Writeback:             0 kB
AnonPages:        693352 kB
Mapped:           401720 kB
Shmem:               876 kB
Slab:              42576 kB
SReclaimable:      14672 kB
SUnreclaim:        27904 kB
KernelStack:       11896 kB
PageTables:        43416 kB
NFS_Unstable:          0 kB
Bounce:                0 kB
WritebackTmp:          0 kB
CommitLimit:     1980048 kB
Committed_AS:   87200772 kB
VmallocTotal:     458752 kB
VmallocUsed:      119332 kB
VmallocChunk:     154628 kB
Time pass: 220 sec

---2015-12-16 17:19:16
MemTotal:        1862952 kB
MemFree:           88556 kB
Buffers:            9244 kB
Cached:           603392 kB
SwapCached:         4552 kB
Active:           660664 kB
Inactive:         646176 kB
Active(anon):     344956 kB
Inactive(anon):   352408 kB
Active(file):     315708 kB
Inactive(file):   293768 kB
Unevictable:        2284 kB
Mlocked:               0 kB
HighTotal:       1436668 kB
HighFree:           9736 kB
LowTotal:         426284 kB
LowFree:           78820 kB
SwapTotal:       1048572 kB
SwapFree:         996800 kB
Dirty:                 0 kB
Writeback:             0 kB
AnonPages:        693548 kB
Mapped:           401720 kB
Shmem:               876 kB
Slab:              42588 kB
SReclaimable:      14672 kB
SUnreclaim:        27916 kB
KernelStack:       11936 kB
PageTables:        43416 kB
NFS_Unstable:          0 kB
Bounce:                0 kB
WritebackTmp:          0 kB
CommitLimit:     1980048 kB
Committed_AS:   87200972 kB
VmallocTotal:     458752 kB
VmallocUsed:      119332 kB
VmallocChunk:     154628 kB
Time pass: 224 sec

---2015-12-16 17:19:16
MemTotal:        1862952 kB
MemFree:           87860 kB
Buffers:            9268 kB
Cached:           603392 kB
SwapCached:         4552 kB
Active:           661600 kB
Inactive:         646200 kB
Active(anon):     345892 kB
Inactive(anon):   352408 kB
Active(file):     315708 kB
Inactive(file):   293792 kB
Unevictable:        2284 kB
Mlocked:               0 kB
HighTotal:       1436668 kB
HighFree:           9320 kB
LowTotal:         426284 kB
LowFree:           78540 kB
SwapTotal:       1048572 kB
SwapFree:         996800 kB
Dirty:                44 kB
Writeback:             0 kB
AnonPages:        694456 kB
Mapped:           401720 kB
Shmem:               876 kB
Slab:              42524 kB
SReclaimable:      14672 kB
SUnreclaim:        27852 kB
KernelStack:       11984 kB
PageTables:        43416 kB
NFS_Unstable:          0 kB
Bounce:                0 kB
WritebackTmp:          0 kB
CommitLimit:     1980048 kB
Committed_AS:   87201044 kB
VmallocTotal:     458752 kB
VmallocUsed:      119332 kB
VmallocChunk:     154628 kB
Time pass: 227 sec

---2015-12-16 17:19:16
MemTotal:        1862952 kB
MemFree:           86936 kB
Buffers:            9268 kB
Cached:           603396 kB
SwapCached:         4552 kB
Active:           661632 kB
Inactive:         646152 kB
Active(anon):     345924 kB
Inactive(anon):   352360 kB
Active(file):     315708 kB
Inactive(file):   293792 kB
Unevictable:        2284 kB
Mlocked:               0 kB
HighTotal:       1436668 kB
HighFree:           8692 kB
LowTotal:         426284 kB
LowFree:           78244 kB
SwapTotal:       1048572 kB
SwapFree:         996804 kB
Dirty:                 0 kB
Writeback:             0 kB
AnonPages:        694332 kB
Mapped:           401784 kB
Shmem:               880 kB
Slab:              42612 kB
SReclaimable:      14672 kB
SUnreclaim:        27940 kB
KernelStack:       11952 kB
PageTables:        43416 kB
NFS_Unstable:          0 kB
Bounce:                0 kB
WritebackTmp:          0 kB
CommitLimit:     1980048 kB
Committed_AS:   87201132 kB
VmallocTotal:     458752 kB
VmallocUsed:      119412 kB
VmallocChunk:     154628 kB
Time pass: 231 sec

---2015-12-16 17:19:16
MemTotal:        1862952 kB
MemFree:           87960 kB
Buffers:            9292 kB
Cached:           603380 kB
SwapCached:         4552 kB
Active:           661244 kB
Inactive:         646152 kB
Active(anon):     345536 kB
Inactive(anon):   352356 kB
Active(file):     315708 kB
Inactive(file):   293796 kB
Unevictable:        2284 kB
Mlocked:               0 kB
HighTotal:       1436668 kB
HighFree:           9572 kB
LowTotal:         426284 kB
LowFree:           78388 kB
SwapTotal:       1048572 kB
SwapFree:         996804 kB
Dirty:                32 kB
Writeback:             0 kB
AnonPages:        694200 kB
Mapped:           401584 kB
Shmem:               880 kB
Slab:              42552 kB
SReclaimable:      14672 kB
SUnreclaim:        27880 kB
KernelStack:       11944 kB
PageTables:        43416 kB
NFS_Unstable:          0 kB
Bounce:                0 kB
WritebackTmp:          0 kB
CommitLimit:     1980048 kB
Committed_AS:   87201292 kB
VmallocTotal:     458752 kB
VmallocUsed:      119412 kB
VmallocChunk:     154628 kB
Time pass: 234 sec

---2015-12-16 17:19:16
MemTotal:        1862952 kB
MemFree:           87276 kB
Buffers:            9292 kB
Cached:           603396 kB
SwapCached:         4552 kB
Active:           661568 kB
Inactive:         646168 kB
Active(anon):     345860 kB
Inactive(anon):   352352 kB
Active(file):     315708 kB
Inactive(file):   293816 kB
Unevictable:        2284 kB
Mlocked:               0 kB
HighTotal:       1436668 kB
HighFree:           8880 kB
LowTotal:         426284 kB
LowFree:           78396 kB
SwapTotal:       1048572 kB
SwapFree:         996804 kB
Dirty:                 0 kB
Writeback:             0 kB
AnonPages:        694488 kB
Mapped:           401708 kB
Shmem:               880 kB
Slab:              42564 kB
SReclaimable:      14672 kB
SUnreclaim:        27892 kB
KernelStack:       11944 kB
PageTables:        43416 kB
NFS_Unstable:          0 kB
Bounce:                0 kB
WritebackTmp:          0 kB
CommitLimit:     1980048 kB
Committed_AS:   87201420 kB
VmallocTotal:     458752 kB
VmallocUsed:      119332 kB
VmallocChunk:     154628 kB
Time pass: 238 sec

---2015-12-16 17:19:16
MemTotal:        1862952 kB
MemFree:           88252 kB
Buffers:            9300 kB
Cached:           603396 kB
SwapCached:         4552 kB
Active:           661172 kB
Inactive:         646172 kB
Active(anon):     345464 kB
Inactive(anon):   352352 kB
Active(file):     315708 kB
Inactive(file):   293820 kB
Unevictable:        2284 kB
Mlocked:               0 kB
HighTotal:       1436668 kB
HighFree:           9728 kB
LowTotal:         426284 kB
LowFree:           78524 kB
SwapTotal:       1048572 kB
SwapFree:         996804 kB
Dirty:                36 kB
Writeback:             0 kB
AnonPages:        694112 kB
Mapped:           401728 kB
Shmem:               880 kB
Slab:              42596 kB
SReclaimable:      14672 kB
SUnreclaim:        27924 kB
KernelStack:       11904 kB
PageTables:        43416 kB
NFS_Unstable:          0 kB
Bounce:                0 kB
WritebackTmp:          0 kB
CommitLimit:     1980048 kB
Committed_AS:   87201492 kB
VmallocTotal:     458752 kB
VmallocUsed:      119332 kB
VmallocChunk:     154628 kB
Time pass: 242 sec

---2015-12-16 17:19:16
MemTotal:        1862952 kB
MemFree:           87412 kB
Buffers:            9316 kB
Cached:           603400 kB
SwapCached:         4548 kB
Active:           661892 kB
Inactive:         646188 kB
Active(anon):     346184 kB
Inactive(anon):   352344 kB
Active(file):     315708 kB
Inactive(file):   293844 kB
Unevictable:        2284 kB
Mlocked:               0 kB
HighTotal:       1436668 kB
HighFree:           8800 kB
LowTotal:         426284 kB
LowFree:           78612 kB
SwapTotal:       1048572 kB
SwapFree:         996808 kB
Dirty:                 0 kB
Writeback:             0 kB
AnonPages:        694692 kB
Mapped:           401728 kB
Shmem:               880 kB
Slab:              42648 kB
SReclaimable:      14672 kB
SUnreclaim:        27976 kB
KernelStack:       11904 kB
PageTables:        43416 kB
NFS_Unstable:          0 kB
Bounce:                0 kB
WritebackTmp:          0 kB
CommitLimit:     1980048 kB
Committed_AS:   87201692 kB
VmallocTotal:     458752 kB
VmallocUsed:      119332 kB
VmallocChunk:     154628 kB
Time pass: 245 sec

---2015-12-16 17:19:16
MemTotal:        1862952 kB
MemFree:           87572 kB
Buffers:            9332 kB
Cached:           603400 kB
SwapCached:         4548 kB
Active:           661684 kB
Inactive:         646196 kB
Active(anon):     345972 kB
Inactive(anon):   352340 kB
Active(file):     315712 kB
Inactive(file):   293856 kB
Unevictable:        2284 kB
Mlocked:               0 kB
HighTotal:       1436668 kB
HighFree:           8976 kB
LowTotal:         426284 kB
LowFree:           78596 kB
SwapTotal:       1048572 kB
SwapFree:         996808 kB
Dirty:                48 kB
Writeback:             0 kB
AnonPages:        694580 kB
Mapped:           401700 kB
Shmem:               880 kB
Slab:              42664 kB
SReclaimable:      14672 kB
SUnreclaim:        27992 kB
KernelStack:       11952 kB
PageTables:        43396 kB
NFS_Unstable:          0 kB
Bounce:                0 kB
WritebackTmp:          0 kB
CommitLimit:     1980048 kB
Committed_AS:   87201764 kB
VmallocTotal:     458752 kB
VmallocUsed:      119332 kB
VmallocChunk:     154628 kB
Time pass: 249 sec

---2015-12-16 17:19:16
MemTotal:        1862952 kB
MemFree:           87260 kB
Buffers:            9340 kB
Cached:           603400 kB
SwapCached:         4552 kB
Active:           662120 kB
Inactive:         646208 kB
Active(anon):     346408 kB
Inactive(anon):   352344 kB
Active(file):     315712 kB
Inactive(file):   293864 kB
Unevictable:        2284 kB
Mlocked:               0 kB
HighTotal:       1436668 kB
HighFree:           8576 kB
LowTotal:         426284 kB
LowFree:           78684 kB
SwapTotal:       1048572 kB
SwapFree:         996808 kB
Dirty:                36 kB
Writeback:             0 kB
AnonPages:        694932 kB
Mapped:           401636 kB
Shmem:               880 kB
Slab:              42748 kB
SReclaimable:      14672 kB
SUnreclaim:        28076 kB
KernelStack:       11984 kB
PageTables:        43384 kB
NFS_Unstable:          0 kB
Bounce:                0 kB
WritebackTmp:          0 kB
CommitLimit:     1980048 kB
Committed_AS:   87201884 kB
VmallocTotal:     458752 kB
VmallocUsed:      119332 kB
VmallocChunk:     154628 kB
Time pass: 252 sec

---2015-12-16 17:19:16
MemTotal:        1862952 kB
MemFree:           86616 kB
Buffers:            9356 kB
Cached:           603400 kB
SwapCached:         4552 kB
Active:           661944 kB
Inactive:         646228 kB
Active(anon):     346232 kB
Inactive(anon):   352348 kB
Active(file):     315712 kB
Inactive(file):   293880 kB
Unevictable:        2284 kB
Mlocked:               0 kB
HighTotal:       1436668 kB
HighFree:           8312 kB
LowTotal:         426284 kB
LowFree:           78304 kB
SwapTotal:       1048572 kB
SwapFree:         996812 kB
Dirty:                44 kB
Writeback:             0 kB
AnonPages:        694900 kB
Mapped:           401812 kB
Shmem:               880 kB
Slab:              42716 kB
SReclaimable:      14700 kB
SUnreclaim:        28016 kB
KernelStack:       11992 kB
PageTables:        43416 kB
NFS_Unstable:          0 kB
Bounce:                0 kB
WritebackTmp:          0 kB
CommitLimit:     1980048 kB
Committed_AS:   87202084 kB
VmallocTotal:     458752 kB
VmallocUsed:      119412 kB
VmallocChunk:     154628 kB
Time pass: 256 sec

---2015-12-16 17:19:16
MemTotal:        1862952 kB
MemFree:           86360 kB
Buffers:            9356 kB
Cached:           603400 kB
SwapCached:         4552 kB
Active:           662476 kB
Inactive:         646228 kB
Active(anon):     346764 kB
Inactive(anon):   352348 kB
Active(file):     315712 kB
Inactive(file):   293880 kB
Unevictable:        2284 kB
Mlocked:               0 kB
HighTotal:       1436668 kB
HighFree:           7788 kB
LowTotal:         426284 kB
LowFree:           78572 kB
SwapTotal:       1048572 kB
SwapFree:         996812 kB
Dirty:                 4 kB
Writeback:             0 kB
AnonPages:        695464 kB
Mapped:           401812 kB
Shmem:               880 kB
Slab:              42688 kB
SReclaimable:      14700 kB
SUnreclaim:        27988 kB
KernelStack:       11944 kB
PageTables:        43416 kB
NFS_Unstable:          0 kB
Bounce:                0 kB
WritebackTmp:          0 kB
CommitLimit:     1980048 kB
Committed_AS:   87202188 kB
VmallocTotal:     458752 kB
VmallocUsed:      119412 kB
VmallocChunk:     154628 kB
Time pass: 260 sec

---2015-12-16 17:19:16
MemTotal:        1862952 kB
MemFree:           86708 kB
Buffers:            9380 kB
Cached:           603408 kB
SwapCached:         4552 kB
Active:           662016 kB
Inactive:         646260 kB
Active(anon):     346304 kB
Inactive(anon):   352356 kB
Active(file):     315712 kB
Inactive(file):   293904 kB
Unevictable:        2284 kB
Mlocked:               0 kB
HighTotal:       1436668 kB
HighFree:           8280 kB
LowTotal:         426284 kB
LowFree:           78428 kB
SwapTotal:       1048572 kB
SwapFree:         996812 kB
Dirty:                40 kB
Writeback:             0 kB
AnonPages:        694900 kB
Mapped:           401636 kB
Shmem:               888 kB
Slab:              42668 kB
SReclaimable:      14700 kB
SUnreclaim:        27968 kB
KernelStack:       12000 kB
PageTables:        43420 kB
NFS_Unstable:          0 kB
Bounce:                0 kB
WritebackTmp:          0 kB
CommitLimit:     1980048 kB
Committed_AS:   87204412 kB
VmallocTotal:     458752 kB
VmallocUsed:      119412 kB
VmallocChunk:     154628 kB
Time pass: 263 sec

---2015-12-16 17:19:16
MemTotal:        1862952 kB
MemFree:           85460 kB
Buffers:            9380 kB
Cached:           603412 kB
SwapCached:         4552 kB
Active:           663028 kB
Inactive:         646260 kB
Active(anon):     347316 kB
Inactive(anon):   352356 kB
Active(file):     315712 kB
Inactive(file):   293904 kB
Unevictable:        2284 kB
Mlocked:               0 kB
HighTotal:       1436668 kB
HighFree:           7412 kB
LowTotal:         426284 kB
LowFree:           78048 kB
SwapTotal:       1048572 kB
SwapFree:         996812 kB
Dirty:                40 kB
Writeback:             0 kB
AnonPages:        695772 kB
Mapped:           401824 kB
Shmem:               892 kB
Slab:              42664 kB
SReclaimable:      14700 kB
SUnreclaim:        27964 kB
KernelStack:       12008 kB
PageTables:        43420 kB
NFS_Unstable:          0 kB
Bounce:                0 kB
WritebackTmp:          0 kB
CommitLimit:     1980048 kB
Committed_AS:   87204492 kB
VmallocTotal:     458752 kB
VmallocUsed:      119412 kB
VmallocChunk:     154628 kB
Time pass: 267 sec

---2015-12-16 17:19:16
MemTotal:        1862952 kB
MemFree:           85620 kB
Buffers:            9404 kB
Cached:           603408 kB
SwapCached:         4592 kB
Active:           662964 kB
Inactive:         646312 kB
Active(anon):     347252 kB
Inactive(anon):   352396 kB
Active(file):     315712 kB
Inactive(file):   293916 kB
Unevictable:        2284 kB
Mlocked:               0 kB
HighTotal:       1436668 kB
HighFree:           7384 kB
LowTotal:         426284 kB
LowFree:           78236 kB
SwapTotal:       1048572 kB
SwapFree:         996880 kB
Dirty:                40 kB
Writeback:             0 kB
AnonPages:        695820 kB
Mapped:           401832 kB
Shmem:               900 kB
Slab:              42708 kB
SReclaimable:      14700 kB
SUnreclaim:        28008 kB
KernelStack:       11968 kB
PageTables:        43420 kB
NFS_Unstable:          0 kB
Bounce:                0 kB
WritebackTmp:          0 kB
CommitLimit:     1980048 kB
Committed_AS:   87204596 kB
VmallocTotal:     458752 kB
VmallocUsed:      119412 kB
VmallocChunk:     154628 kB
Time pass: 270 sec

---2015-12-16 17:19:16
MemTotal:        1862952 kB
MemFree:           84712 kB
Buffers:            9412 kB
Cached:           603480 kB
SwapCached:         4592 kB
Active:           663816 kB
Inactive:         646304 kB
Active(anon):     348100 kB
Inactive(anon):   352364 kB
Active(file):     315716 kB
Inactive(file):   293940 kB
Unevictable:        2284 kB
Mlocked:               0 kB
HighTotal:       1436668 kB
HighFree:           6516 kB
LowTotal:         426284 kB
LowFree:           78196 kB
SwapTotal:       1048572 kB
SwapFree:         996904 kB
Dirty:                52 kB
Writeback:             0 kB
AnonPages:        696584 kB
Mapped:           401668 kB
Shmem:               916 kB
Slab:              42716 kB
SReclaimable:      14724 kB
SUnreclaim:        27992 kB
KernelStack:       12024 kB
PageTables:        43420 kB
NFS_Unstable:          0 kB
Bounce:                0 kB
WritebackTmp:          0 kB
CommitLimit:     1980048 kB
Committed_AS:   87205228 kB
VmallocTotal:     458752 kB
VmallocUsed:      119412 kB
VmallocChunk:     154628 kB
Time pass: 274 sec

---2015-12-16 17:19:16
MemTotal:        1862952 kB
MemFree:           84652 kB
Buffers:            9412 kB
Cached:           603476 kB
SwapCached:         4592 kB
Active:           663360 kB
Inactive:         646336 kB
Active(anon):     347644 kB
Inactive(anon):   352364 kB
Active(file):     315716 kB
Inactive(file):   293972 kB
Unevictable:        2284 kB
Mlocked:               0 kB
HighTotal:       1436668 kB
HighFree:           6516 kB
LowTotal:         426284 kB
LowFree:           78136 kB
SwapTotal:       1048572 kB
SwapFree:         996904 kB
Dirty:                48 kB
Writeback:             0 kB
AnonPages:        696124 kB
Mapped:           401852 kB
Shmem:               916 kB
Slab:              42804 kB
SReclaimable:      14724 kB
SUnreclaim:        28080 kB
KernelStack:       12024 kB
PageTables:        43420 kB
NFS_Unstable:          0 kB
Bounce:                0 kB
WritebackTmp:          0 kB
CommitLimit:     1980048 kB
Committed_AS:   87205308 kB
VmallocTotal:     458752 kB
VmallocUsed:      119412 kB
VmallocChunk:     154628 kB
Time pass: 278 sec

---2015-12-16 17:19:16
MemTotal:        1862952 kB
MemFree:           83624 kB
Buffers:            9428 kB
Cached:           603476 kB
SwapCached:         4592 kB
Active:           664480 kB
Inactive:         646352 kB
Active(anon):     348764 kB
Inactive(anon):   352364 kB
Active(file):     315716 kB
Inactive(file):   293988 kB
Unevictable:        2284 kB
Mlocked:               0 kB
HighTotal:       1436668 kB
HighFree:           5364 kB
LowTotal:         426284 kB
LowFree:           78260 kB
SwapTotal:       1048572 kB
SwapFree:         996904 kB
Dirty:                56 kB
Writeback:             0 kB
AnonPages:        697268 kB
Mapped:           401852 kB
Shmem:               916 kB
Slab:              42868 kB
SReclaimable:      14724 kB
SUnreclaim:        28144 kB
KernelStack:       12016 kB
PageTables:        43420 kB
NFS_Unstable:          0 kB
Bounce:                0 kB
WritebackTmp:          0 kB
CommitLimit:     1980048 kB
Committed_AS:   87205388 kB
VmallocTotal:     458752 kB
VmallocUsed:      119412 kB
VmallocChunk:     154628 kB
Time pass: 281 sec

---2015-12-16 17:19:16
MemTotal:        1862952 kB
MemFree:           84172 kB
Buffers:            9444 kB
Cached:           603476 kB
SwapCached:         4592 kB
Active:           663960 kB
Inactive:         646368 kB
Active(anon):     348244 kB
Inactive(anon):   352364 kB
Active(file):     315716 kB
Inactive(file):   294004 kB
Unevictable:        2284 kB
Mlocked:               0 kB
HighTotal:       1436668 kB
HighFree:           6160 kB
LowTotal:         426284 kB
LowFree:           78012 kB
SwapTotal:       1048572 kB
SwapFree:         996904 kB
Dirty:                 0 kB
Writeback:             0 kB
AnonPages:        696900 kB
Mapped:           401852 kB
Shmem:               916 kB
Slab:              42876 kB
SReclaimable:      14724 kB
SUnreclaim:        28152 kB
KernelStack:       12024 kB
PageTables:        43420 kB
NFS_Unstable:          0 kB
Bounce:                0 kB
WritebackTmp:          0 kB
CommitLimit:     1980048 kB
Committed_AS:   87205508 kB
VmallocTotal:     458752 kB
VmallocUsed:      119412 kB
VmallocChunk:     154628 kB
Time pass: 285 sec

---2015-12-16 17:19:16
MemTotal:        1862952 kB
MemFree:           83196 kB
Buffers:            9452 kB
Cached:           603468 kB
SwapCached:         4592 kB
Active:           665064 kB
Inactive:         646368 kB
Active(anon):     349348 kB
Inactive(anon):   352364 kB
Active(file):     315716 kB
Inactive(file):   294004 kB
Unevictable:        2284 kB
Mlocked:               0 kB
HighTotal:       1436668 kB
HighFree:           5012 kB
LowTotal:         426284 kB
LowFree:           78184 kB
SwapTotal:       1048572 kB
SwapFree:         996904 kB
Dirty:                 4 kB
Writeback:             0 kB
AnonPages:        697964 kB
Mapped:           401668 kB
Shmem:               916 kB
Slab:              42852 kB
SReclaimable:      14724 kB
SUnreclaim:        28128 kB
KernelStack:       12016 kB
PageTables:        43420 kB
NFS_Unstable:          0 kB
Bounce:                0 kB
WritebackTmp:          0 kB
CommitLimit:     1980048 kB
Committed_AS:   87205660 kB
VmallocTotal:     458752 kB
VmallocUsed:      119412 kB
VmallocChunk:     154628 kB
Time pass: 289 sec

---2015-12-16 17:19:16
MemTotal:        1862952 kB
MemFree:           81560 kB
Buffers:            9468 kB
Cached:           603472 kB
SwapCached:         4596 kB
Active:           666688 kB
Inactive:         646392 kB
Active(anon):     350972 kB
Inactive(anon):   352364 kB
Active(file):     315716 kB
Inactive(file):   294028 kB
Unevictable:        2284 kB
Mlocked:               0 kB
HighTotal:       1436668 kB
HighFree:           3524 kB
LowTotal:         426284 kB
LowFree:           78036 kB
SwapTotal:       1048572 kB
SwapFree:         996904 kB
Dirty:                40 kB
Writeback:             0 kB
AnonPages:        699492 kB
Mapped:           401852 kB
Shmem:               916 kB
Slab:              42848 kB
SReclaimable:      14724 kB
SUnreclaim:        28124 kB
KernelStack:       11976 kB
PageTables:        43496 kB
NFS_Unstable:          0 kB
Bounce:                0 kB
WritebackTmp:          0 kB
CommitLimit:     1980048 kB
Committed_AS:   87205836 kB
VmallocTotal:     458752 kB
VmallocUsed:      119412 kB
VmallocChunk:     154628 kB
Time pass: 292 sec

---2015-12-16 17:19:16
MemTotal:        1862952 kB
MemFree:           82508 kB
Buffers:            9480 kB
Cached:           603464 kB
SwapCached:         4596 kB
Active:           666112 kB
Inactive:         646688 kB
Active(anon):     350680 kB
Inactive(anon):   352376 kB
Active(file):     315432 kB
Inactive(file):   294312 kB
Unevictable:        2284 kB
Mlocked:               0 kB
HighTotal:       1436668 kB
HighFree:           4460 kB
LowTotal:         426284 kB
LowFree:           78048 kB
SwapTotal:       1048572 kB
SwapFree:         996908 kB
Dirty:                84 kB
Writeback:             0 kB
AnonPages:        699392 kB
Mapped:           401668 kB
Shmem:               916 kB
Slab:              42824 kB
SReclaimable:      14724 kB
SUnreclaim:        28100 kB
KernelStack:       12024 kB
PageTables:        43424 kB
NFS_Unstable:          0 kB
Bounce:                0 kB
WritebackTmp:          0 kB
CommitLimit:     1980048 kB
Committed_AS:   87208044 kB
VmallocTotal:     458752 kB
VmallocUsed:      119412 kB
VmallocChunk:     154628 kB
Time pass: 296 sec

---2015-12-16 17:19:16
MemTotal:        1862952 kB
MemFree:           82924 kB
Buffers:            9496 kB
Cached:           603464 kB
SwapCached:         4596 kB
Active:           665356 kB
Inactive:         646440 kB
Active(anon):     349680 kB
Inactive(anon):   352372 kB
Active(file):     315676 kB
Inactive(file):   294068 kB
Unevictable:        2284 kB
Mlocked:               0 kB
HighTotal:       1436668 kB
HighFree:           4720 kB
LowTotal:         426284 kB
LowFree:           78204 kB
SwapTotal:       1048572 kB
SwapFree:         996908 kB
Dirty:                76 kB
Writeback:             0 kB
AnonPages:        698256 kB
Mapped:           401668 kB
Shmem:               916 kB
Slab:              42844 kB
SReclaimable:      14724 kB
SUnreclaim:        28120 kB
KernelStack:       11976 kB
PageTables:        43348 kB
NFS_Unstable:          0 kB
Bounce:                0 kB
WritebackTmp:          0 kB
CommitLimit:     1980048 kB
Committed_AS:   87208116 kB
VmallocTotal:     458752 kB
VmallocUsed:      119332 kB
VmallocChunk:     154628 kB
Time pass: 299 sec

---2015-12-16 17:19:16
MemTotal:        1862952 kB
MemFree:           82628 kB
Buffers:            9496 kB
Cached:           603484 kB
SwapCached:         4596 kB
Active:           665748 kB
Inactive:         646452 kB
Active(anon):     350048 kB
Inactive(anon):   352392 kB
Active(file):     315700 kB
Inactive(file):   294060 kB
Unevictable:        2284 kB
Mlocked:               0 kB
HighTotal:       1436668 kB
HighFree:           4720 kB
LowTotal:         426284 kB
LowFree:           77908 kB
SwapTotal:       1048572 kB
SwapFree:         996908 kB
Dirty:                80 kB
Writeback:             0 kB
AnonPages:        698492 kB
Mapped:           401872 kB
Shmem:               936 kB
Slab:              42832 kB
SReclaimable:      14724 kB
SUnreclaim:        28108 kB
KernelStack:       12024 kB
PageTables:        43424 kB
NFS_Unstable:          0 kB
Bounce:                0 kB
WritebackTmp:          0 kB
CommitLimit:     1980048 kB
Committed_AS:   87208196 kB
VmallocTotal:     458752 kB
VmallocUsed:      119412 kB
VmallocChunk:     154628 kB
Time pass: 306 sec

---2015-12-16 17:19:16
MemTotal:        1862952 kB
MemFree:           82108 kB
Buffers:            9520 kB
Cached:           603492 kB
SwapCached:         4596 kB
Active:           666100 kB
Inactive:         646420 kB
Active(anon):     350400 kB
Inactive(anon):   352336 kB
Active(file):     315700 kB
Inactive(file):   294084 kB
Unevictable:        2284 kB
Mlocked:               0 kB
HighTotal:       1436668 kB
HighFree:           4168 kB
LowTotal:         426284 kB
LowFree:           77940 kB
SwapTotal:       1048572 kB
SwapFree:         996908 kB
Dirty:                 0 kB
Writeback:             0 kB
AnonPages:        699016 kB
Mapped:           401880 kB
Shmem:               944 kB
Slab:              42876 kB
SReclaimable:      14836 kB
SUnreclaim:        28040 kB
KernelStack:       11992 kB
PageTables:        43444 kB
NFS_Unstable:          0 kB
Bounce:                0 kB
WritebackTmp:          0 kB
CommitLimit:     1980048 kB
Committed_AS:   87208420 kB
VmallocTotal:     458752 kB
VmallocUsed:      119412 kB
VmallocChunk:     154628 kB
Time pass: 310 sec

---2015-12-16 17:19:16
MemTotal:        1862952 kB
MemFree:           82012 kB
Buffers:            9528 kB
Cached:           603532 kB
SwapCached:         4596 kB
Active:           666096 kB
Inactive:         646464 kB
Active(anon):     350396 kB
Inactive(anon):   352372 kB
Active(file):     315700 kB
Inactive(file):   294092 kB
Unevictable:        2284 kB
Mlocked:               0 kB
HighTotal:       1436668 kB
HighFree:           4232 kB
LowTotal:         426284 kB
LowFree:           77780 kB
SwapTotal:       1048572 kB
SwapFree:         996908 kB
Dirty:                40 kB
Writeback:             0 kB
AnonPages:        698760 kB
Mapped:           401916 kB
Shmem:               980 kB
Slab:              42944 kB
SReclaimable:      14772 kB
SUnreclaim:        28172 kB
KernelStack:       12008 kB
PageTables:        43424 kB
NFS_Unstable:          0 kB
Bounce:                0 kB
WritebackTmp:          0 kB
CommitLimit:     1980048 kB
Committed_AS:   87211272 kB
VmallocTotal:     458752 kB
VmallocUsed:      119412 kB
VmallocChunk:     154628 kB
Time pass: 314 sec

---2015-12-16 17:19:16
MemTotal:        1862952 kB
MemFree:           81588 kB
Buffers:            9544 kB
Cached:           603532 kB
SwapCached:         4596 kB
Active:           666504 kB
Inactive:         646480 kB
Active(anon):     350800 kB
Inactive(anon):   352372 kB
Active(file):     315704 kB
Inactive(file):   294108 kB
Unevictable:        2284 kB
Mlocked:               0 kB
HighTotal:       1436668 kB
HighFree:           3552 kB
LowTotal:         426284 kB
LowFree:           78036 kB
SwapTotal:       1048572 kB
SwapFree:         996908 kB
Dirty:                44 kB
Writeback:             0 kB
AnonPages:        699288 kB
Mapped:           401916 kB
Shmem:               980 kB
Slab:              42940 kB
SReclaimable:      14788 kB
SUnreclaim:        28152 kB
KernelStack:       12016 kB
PageTables:        43424 kB
NFS_Unstable:          0 kB
Bounce:                0 kB
WritebackTmp:          0 kB
CommitLimit:     1980048 kB
Committed_AS:   87208756 kB
VmallocTotal:     458752 kB
VmallocUsed:      119412 kB
VmallocChunk:     154628 kB
Time pass: 317 sec

---2015-12-16 17:19:16
MemTotal:        1862952 kB
MemFree:           82748 kB
Buffers:            9552 kB
Cached:           603532 kB
SwapCached:         4596 kB
Active:           665764 kB
Inactive:         646484 kB
Active(anon):     350056 kB
Inactive(anon):   352372 kB
Active(file):     315708 kB
Inactive(file):   294112 kB
Unevictable:        2284 kB
Mlocked:               0 kB
HighTotal:       1436668 kB
HighFree:           4492 kB
LowTotal:         426284 kB
LowFree:           78256 kB
SwapTotal:       1048572 kB
SwapFree:         996908 kB
Dirty:                32 kB
Writeback:             0 kB
AnonPages:        698636 kB
Mapped:           401820 kB
Shmem:               980 kB
Slab:              42988 kB
SReclaimable:      14780 kB
SUnreclaim:        28208 kB
KernelStack:       12016 kB
PageTables:        43400 kB
NFS_Unstable:          0 kB
Bounce:                0 kB
WritebackTmp:          0 kB
CommitLimit:     1980048 kB
Committed_AS:   87208844 kB
VmallocTotal:     458752 kB
VmallocUsed:      119332 kB
VmallocChunk:     154628 kB
Time pass: 321 sec

---2015-12-16 17:19:16
MemTotal:        1862952 kB
MemFree:           83220 kB
Buffers:            9568 kB
Cached:           603532 kB
SwapCached:         4596 kB
Active:           665848 kB
Inactive:         646496 kB
Active(anon):     350140 kB
Inactive(anon):   352368 kB
Active(file):     315708 kB
Inactive(file):   294128 kB
Unevictable:        2284 kB
Mlocked:               0 kB
HighTotal:       1436668 kB
HighFree:           5100 kB
LowTotal:         426284 kB
LowFree:           78120 kB
SwapTotal:       1048572 kB
SwapFree:         996912 kB
Dirty:                40 kB
Writeback:             0 kB
AnonPages:        698688 kB
Mapped:           401732 kB
Shmem:               980 kB
Slab:              42992 kB
SReclaimable:      14756 kB
SUnreclaim:        28236 kB
KernelStack:       11968 kB
PageTables:        43428 kB
NFS_Unstable:          0 kB
Bounce:                0 kB
WritebackTmp:          0 kB
CommitLimit:     1980048 kB
Committed_AS:   87209036 kB
VmallocTotal:     458752 kB
VmallocUsed:      119332 kB
VmallocChunk:     154628 kB
Time pass: 324 sec

---2015-12-16 17:19:16
MemTotal:        1862952 kB
MemFree:           81612 kB
Buffers:            9584 kB
Cached:           603532 kB
SwapCached:         4596 kB
Active:           666868 kB
Inactive:         646496 kB
Active(anon):     351160 kB
Inactive(anon):   352368 kB
Active(file):     315708 kB
Inactive(file):   294128 kB
Unevictable:        2284 kB
Mlocked:               0 kB
HighTotal:       1436668 kB
HighFree:           3724 kB
LowTotal:         426284 kB
LowFree:           77888 kB
SwapTotal:       1048572 kB
SwapFree:         996912 kB
Dirty:                40 kB
Writeback:             0 kB
AnonPages:        699848 kB
Mapped:           401732 kB
Shmem:               980 kB
Slab:              42964 kB
SReclaimable:      14748 kB
SUnreclaim:        28216 kB
KernelStack:       11976 kB
PageTables:        43352 kB
NFS_Unstable:          0 kB
Bounce:                0 kB
WritebackTmp:          0 kB
CommitLimit:     1980048 kB
Committed_AS:   87209116 kB
VmallocTotal:     458752 kB
VmallocUsed:      119332 kB
VmallocChunk:     154628 kB
Time pass: 328 sec

---2015-12-16 17:19:16
MemTotal:        1862952 kB
MemFree:           80976 kB
Buffers:            9584 kB
Cached:           603532 kB
SwapCached:         4596 kB
Active:           667304 kB
Inactive:         646512 kB
Active(anon):     351596 kB
Inactive(anon):   352368 kB
Active(file):     315708 kB
Inactive(file):   294144 kB
Unevictable:        2284 kB
Mlocked:               0 kB
HighTotal:       1436668 kB
HighFree:           3308 kB
LowTotal:         426284 kB
LowFree:           77668 kB
SwapTotal:       1048572 kB
SwapFree:         996912 kB
Dirty:                40 kB
Writeback:             0 kB
AnonPages:        700172 kB
Mapped:           401916 kB
