---2015-12-18 17:17:12
MemTotal:        2873608 kB
MemFree:           92920 kB
Buffers:           21964 kB
Cached:          1287452 kB
SwapCached:            0 kB
Active:          1279176 kB
Inactive:         960512 kB
Active(anon):     743800 kB
Inactive(anon):   196492 kB
Active(file):     535376 kB
Inactive(file):   764020 kB
Unevictable:        8104 kB
Mlocked:               0 kB
SwapTotal:        715328 kB
SwapFree:         715328 kB
Dirty:              6312 kB
Writeback:             0 kB
AnonPages:        938444 kB
Mapped:           479504 kB
Shmem:              1916 kB
Slab:              96284 kB
SReclaimable:      31412 kB
SUnreclaim:        64872 kB
KernelStack:       36352 kB
PageTables:        48456 kB
NFS_Unstable:          0 kB
Bounce:                0 kB
WritebackTmp:          0 kB
CommitLimit:     2152132 kB
Committed_AS:   121405408 kB
VmallocTotal:   251658176 kB
VmallocUsed:      135256 kB
VmallocChunk:   251426860 kB
Time pass: 3 sec

---2015-12-18 17:17:12
MemTotal:        2873608 kB
MemFree:          101184 kB
Buffers:           22136 kB
Cached:          1273704 kB
SwapCached:            0 kB
Active:          1314160 kB
Inactive:         923268 kB
Active(anon):     754648 kB
Inactive(anon):   196844 kB
Active(file):     559512 kB
Inactive(file):   726424 kB
Unevictable:        8104 kB
Mlocked:               0 kB
SwapTotal:        715328 kB
SwapFree:         715328 kB
Dirty:               212 kB
Writeback:             0 kB
AnonPages:        949688 kB
Mapped:           463792 kB
Shmem:              1800 kB
Slab:              96564 kB
SReclaimable:      31456 kB
SUnreclaim:        65108 kB
KernelStack:       36112 kB
PageTables:        47572 kB
NFS_Unstable:          0 kB
Bounce:                0 kB
WritebackTmp:          0 kB
CommitLimit:     2152132 kB
Committed_AS:   118327644 kB
VmallocTotal:   251658176 kB
VmallocUsed:      131900 kB
VmallocChunk:   251416620 kB
Time pass: 7 sec

---2015-12-18 17:17:12
MemTotal:        2873608 kB
MemFree:          106388 kB
Buffers:           22188 kB
Cached:          1273656 kB
SwapCached:            0 kB
Active:          1307952 kB
Inactive:         919032 kB
Active(anon):     744204 kB
Inactive(anon):   196760 kB
Active(file):     563748 kB
Inactive(file):   722272 kB
Unevictable:        8104 kB
Mlocked:               0 kB
SwapTotal:        715328 kB
SwapFree:         715328 kB
Dirty:              1092 kB
Writeback:             0 kB
AnonPages:        939488 kB
Mapped:           494812 kB
Shmem:              1720 kB
Slab:              96324 kB
SReclaimable:      31384 kB
SUnreclaim:        64940 kB
KernelStack:       36400 kB
PageTables:        47912 kB
NFS_Unstable:          0 kB
Bounce:                0 kB
WritebackTmp:          0 kB
CommitLimit:     2152132 kB
Committed_AS:   118390320 kB
VmallocTotal:   251658176 kB
VmallocUsed:      133216 kB
VmallocChunk:   251416620 kB
Time pass: 11 sec

---2015-12-18 17:17:12
MemTotal:        2873608 kB
MemFree:           82804 kB
Buffers:           23784 kB
Cached:          1277988 kB
SwapCached:            0 kB
Active:          1330720 kB
Inactive:         919144 kB
Active(anon):     761160 kB
Inactive(anon):   196696 kB
Active(file):     569560 kB
Inactive(file):   722448 kB
Unevictable:        8104 kB
Mlocked:               0 kB
SwapTotal:        715328 kB
SwapFree:         715328 kB
Dirty:               932 kB
Writeback:             0 kB
AnonPages:        956124 kB
Mapped:           505652 kB
Shmem:              1656 kB
Slab:              96160 kB
SReclaimable:      31388 kB
SUnreclaim:        64772 kB
KernelStack:       37088 kB
PageTables:        48764 kB
NFS_Unstable:          0 kB
Bounce:                0 kB
WritebackTmp:          0 kB
CommitLimit:     2152132 kB
Committed_AS:   118663712 kB
VmallocTotal:   251658176 kB
VmallocUsed:      135256 kB
VmallocChunk:   251416620 kB
Time pass: 15 sec

---2015-12-18 17:17:12
MemTotal:        2873608 kB
MemFree:           76684 kB
Buffers:           23832 kB
Cached:          1278648 kB
SwapCached:            0 kB
Active:          1367688 kB
Inactive:         890180 kB
Active(anon):     768672 kB
Inactive(anon):   196904 kB
Active(file):     599016 kB
Inactive(file):   693276 kB
Unevictable:        8104 kB
Mlocked:               0 kB
SwapTotal:        715328 kB
SwapFree:         715328 kB
Dirty:              6464 kB
Writeback:             0 kB
AnonPages:        963644 kB
Mapped:           498576 kB
Shmem:              1864 kB
Slab:              96240 kB
SReclaimable:      31268 kB
SUnreclaim:        64972 kB
KernelStack:       37248 kB
PageTables:        48024 kB
NFS_Unstable:          0 kB
Bounce:                0 kB
WritebackTmp:          0 kB
CommitLimit:     2152132 kB
Committed_AS:   117964636 kB
VmallocTotal:   251658176 kB
VmallocUsed:      134236 kB
VmallocChunk:   251433004 kB
Time pass: 19 sec

---2015-12-18 17:17:12
MemTotal:        2873608 kB
MemFree:           70088 kB
Buffers:           23224 kB
Cached:          1201452 kB
SwapCached:            0 kB
Active:          1412904 kB
Inactive:         806508 kB
Active(anon):     808228 kB
Inactive(anon):   201540 kB
Active(file):     604676 kB
Inactive(file):   604968 kB
Unevictable:       13568 kB
Mlocked:               0 kB
SwapTotal:        715328 kB
SwapFree:         714332 kB
Dirty:              2048 kB
Writeback:            12 kB
AnonPages:       1008588 kB
Mapped:           480536 kB
Shmem:              1308 kB
Slab:              96248 kB
SReclaimable:      30192 kB
SUnreclaim:        66056 kB
KernelStack:       38848 kB
PageTables:        50428 kB
NFS_Unstable:          0 kB
Bounce:                0 kB
WritebackTmp:          0 kB
CommitLimit:     2152132 kB
Committed_AS:   122882780 kB
VmallocTotal:   251658176 kB
VmallocUsed:      136692 kB
VmallocChunk:   251433004 kB
Time pass: 22 sec

---2015-12-18 17:17:12
MemTotal:        2873608 kB
MemFree:           82332 kB
Buffers:           22892 kB
Cached:          1125076 kB
SwapCached:            0 kB
Active:          1341392 kB
Inactive:         772724 kB
Active(anon):     774388 kB
Inactive(anon):   206844 kB
Active(file):     567004 kB
Inactive(file):   565880 kB
Unevictable:       13568 kB
Mlocked:               0 kB
SwapTotal:        715328 kB
SwapFree:         713764 kB
Dirty:              9092 kB
Writeback:             0 kB
AnonPages:        979992 kB
Mapped:           530448 kB
Shmem:              1516 kB
Slab:              97820 kB
SReclaimable:      31288 kB
SUnreclaim:        66532 kB
KernelStack:       38144 kB
PageTables:        49340 kB
NFS_Unstable:          0 kB
Bounce:                0 kB
WritebackTmp:          0 kB
CommitLimit:     2152132 kB
Committed_AS:   119853400 kB
VmallocTotal:   251658176 kB
VmallocUsed:      135444 kB
VmallocChunk:   251433004 kB
Time pass: 26 sec

---2015-12-18 17:17:12
MemTotal:        2873608 kB
MemFree:           91744 kB
Buffers:           23000 kB
Cached:          1103672 kB
SwapCached:            0 kB
Active:          1352276 kB
Inactive:         755048 kB
Active(anon):     788940 kB
Inactive(anon):   206460 kB
Active(file):     563336 kB
Inactive(file):   548588 kB
Unevictable:       13568 kB
Mlocked:               0 kB
SwapTotal:        715328 kB
SwapFree:         713680 kB
Dirty:               384 kB
Writeback:             0 kB
AnonPages:        994052 kB
Mapped:           523436 kB
Shmem:              1328 kB
Slab:              97812 kB
SReclaimable:      31312 kB
SUnreclaim:        66500 kB
KernelStack:       38112 kB
PageTables:        49152 kB
NFS_Unstable:          0 kB
Bounce:                0 kB
WritebackTmp:          0 kB
CommitLimit:     2152132 kB
Committed_AS:   119281316 kB
VmallocTotal:   251658176 kB
VmallocUsed:      135308 kB
VmallocChunk:   251433004 kB
Time pass: 30 sec

---2015-12-18 17:17:12
MemTotal:        2873608 kB
MemFree:           94108 kB
Buffers:           23880 kB
Cached:          1104920 kB
SwapCached:            0 kB
Active:          1350884 kB
Inactive:         752044 kB
Active(anon):     782720 kB
Inactive(anon):   206432 kB
Active(file):     568164 kB
Inactive(file):   545612 kB
Unevictable:       13568 kB
Mlocked:               0 kB
SwapTotal:        715328 kB
SwapFree:         713680 kB
Dirty:               904 kB
Writeback:             0 kB
AnonPages:        988124 kB
Mapped:           538924 kB
Shmem:              1316 kB
Slab:              97836 kB
SReclaimable:      31488 kB
SUnreclaim:        66348 kB
KernelStack:       37792 kB
PageTables:        50048 kB
NFS_Unstable:          0 kB
Bounce:                0 kB
WritebackTmp:          0 kB
CommitLimit:     2152132 kB
Committed_AS:   121669524 kB
VmallocTotal:   251658176 kB
VmallocUsed:      136464 kB
VmallocChunk:   251433004 kB
Time pass: 33 sec

---2015-12-18 17:17:12
MemTotal:        2873608 kB
MemFree:           71176 kB
Buffers:           23432 kB
Cached:          1119428 kB
SwapCached:            0 kB
Active:          1348124 kB
Inactive:         777092 kB
Active(anon):     791540 kB
Inactive(anon):   205548 kB
Active(file):     556584 kB
Inactive(file):   571544 kB
Unevictable:       13568 kB
Mlocked:               0 kB
SwapTotal:        715328 kB
SwapFree:         712980 kB
Dirty:               168 kB
Writeback:             0 kB
AnonPages:        995772 kB
Mapped:           561024 kB
Shmem:              1240 kB
Slab:              98348 kB
SReclaimable:      31840 kB
SUnreclaim:        66508 kB
KernelStack:       38608 kB
PageTables:        50388 kB
NFS_Unstable:          0 kB
Bounce:                0 kB
WritebackTmp:          0 kB
CommitLimit:     2152132 kB
Committed_AS:   120022708 kB
VmallocTotal:   251658176 kB
VmallocUsed:      136464 kB
VmallocChunk:   251412524 kB
Time pass: 37 sec

---2015-12-18 17:17:12
MemTotal:        2873608 kB
MemFree:           65732 kB
Buffers:           24232 kB
Cached:          1131284 kB
SwapCached:            0 kB
Active:          1358428 kB
Inactive:         772592 kB
Active(anon):     785488 kB
Inactive(anon):   205088 kB
Active(file):     572940 kB
Inactive(file):   567504 kB
Unevictable:       13568 kB
Mlocked:               0 kB
SwapTotal:        715328 kB
SwapFree:         712548 kB
Dirty:               424 kB
Writeback:             0 kB
AnonPages:        989612 kB
Mapped:           566196 kB
Shmem:              1252 kB
Slab:              98072 kB
SReclaimable:      31780 kB
SUnreclaim:        66292 kB
KernelStack:       38528 kB
PageTables:        50372 kB
NFS_Unstable:          0 kB
Bounce:                0 kB
WritebackTmp:          0 kB
CommitLimit:     2152132 kB
Committed_AS:   120574492 kB
VmallocTotal:   251658176 kB
VmallocUsed:      136464 kB
VmallocChunk:   251412524 kB
Time pass: 41 sec

---2015-12-18 17:17:12
MemTotal:        2873608 kB
MemFree:           67776 kB
Buffers:           18520 kB
Cached:          1110688 kB
SwapCached:            0 kB
Active:          1366508 kB
Inactive:         763052 kB
Active(anon):     810784 kB
Inactive(anon):   204396 kB
Active(file):     555724 kB
Inactive(file):   558656 kB
Unevictable:       13568 kB
Mlocked:               0 kB
SwapTotal:        715328 kB
SwapFree:         712064 kB
Dirty:               348 kB
Writeback:             0 kB
AnonPages:       1014076 kB
Mapped:           561324 kB
Shmem:              1132 kB
Slab:              99344 kB
SReclaimable:      31748 kB
SUnreclaim:        67596 kB
KernelStack:       39664 kB
PageTables:        51780 kB
NFS_Unstable:          0 kB
Bounce:                0 kB
WritebackTmp:          0 kB
CommitLimit:     2152132 kB
Committed_AS:   127551676 kB
VmallocTotal:   251658176 kB
VmallocUsed:      139388 kB
VmallocChunk:   251433004 kB
Time pass: 45 sec

---2015-12-18 17:17:12
MemTotal:        2873608 kB
MemFree:           94012 kB
Buffers:           18420 kB
Cached:          1102596 kB
SwapCached:            0 kB
Active:          1347968 kB
Inactive:         756784 kB
Active(anon):     792520 kB
Inactive(anon):   206260 kB
Active(file):     555448 kB
Inactive(file):   550524 kB
Unevictable:       13568 kB
Mlocked:               0 kB
SwapTotal:        715328 kB
SwapFree:         711916 kB
Dirty:              1044 kB
Writeback:          1096 kB
AnonPages:        997640 kB
Mapped:           553080 kB
Shmem:              1344 kB
Slab:              99320 kB
SReclaimable:      31668 kB
SUnreclaim:        67652 kB
KernelStack:       38720 kB
PageTables:        51176 kB
NFS_Unstable:          0 kB
Bounce:                0 kB
WritebackTmp:          0 kB
CommitLimit:     2152132 kB
Committed_AS:   123942300 kB
VmallocTotal:   251658176 kB
VmallocUsed:      137316 kB
VmallocChunk:   251433004 kB
Time pass: 49 sec

---2015-12-18 17:17:12
MemTotal:        2873608 kB
MemFree:           65036 kB
Buffers:           15432 kB
Cached:          1014928 kB
SwapCached:            0 kB
Active:          1351356 kB
Inactive:         719112 kB
Active(anon):     843680 kB
Inactive(anon):   211280 kB
Active(file):     507676 kB
Inactive(file):   507832 kB
Unevictable:       13568 kB
Mlocked:               0 kB
SwapTotal:        715328 kB
SwapFree:         710980 kB
Dirty:               492 kB
Writeback:             0 kB
AnonPages:       1053900 kB
Mapped:           574356 kB
Shmem:              1280 kB
Slab:              99268 kB
SReclaimable:      31636 kB
SUnreclaim:        67632 kB
KernelStack:       39488 kB
PageTables:        51608 kB
NFS_Unstable:          0 kB
Bounce:                0 kB
WritebackTmp:          0 kB
CommitLimit:     2152132 kB
Committed_AS:   123970160 kB
VmallocTotal:   251658176 kB
VmallocUsed:      137572 kB
VmallocChunk:   251433004 kB
Time pass: 53 sec

---2015-12-18 17:17:12
MemTotal:        2873608 kB
MemFree:          107000 kB
Buffers:           15432 kB
Cached:          1012224 kB
SwapCached:            0 kB
Active:          1311368 kB
Inactive:         718596 kB
Active(anon):     805580 kB
Inactive(anon):   211496 kB
Active(file):     505788 kB
Inactive(file):   507100 kB
Unevictable:       13568 kB
Mlocked:               0 kB
SwapTotal:        715328 kB
SwapFree:         710980 kB
Dirty:                68 kB
Writeback:             0 kB
AnonPages:       1015976 kB
Mapped:           565628 kB
Shmem:              1136 kB
Slab:              99272 kB
SReclaimable:      31748 kB
SUnreclaim:        67524 kB
KernelStack:       39216 kB
PageTables:        50632 kB
NFS_Unstable:          0 kB
Bounce:                0 kB
WritebackTmp:          0 kB
CommitLimit:     2152132 kB
Committed_AS:   120956808 kB
VmallocTotal:   251658176 kB
VmallocUsed:      136552 kB
VmallocChunk:   251433004 kB
Time pass: 57 sec

---2015-12-18 17:17:12
MemTotal:        2873608 kB
MemFree:           66888 kB
Buffers:           15456 kB
Cached:          1014212 kB
SwapCached:            0 kB
Active:          1330124 kB
Inactive:         719572 kB
Active(anon):     823916 kB
Inactive(anon):   210760 kB
Active(file):     506208 kB
Inactive(file):   508812 kB
Unevictable:       13568 kB
Mlocked:               0 kB
SwapTotal:        715328 kB
SwapFree:         710980 kB
Dirty:              1448 kB
Writeback:             0 kB
AnonPages:       1033668 kB
Mapped:           593292 kB
Shmem:              1136 kB
Slab:              99296 kB
SReclaimable:      31812 kB
SUnreclaim:        67484 kB
KernelStack:       39040 kB
PageTables:        50524 kB
NFS_Unstable:          0 kB
Bounce:                0 kB
WritebackTmp:          0 kB
CommitLimit:     2152132 kB
Committed_AS:   120951288 kB
VmallocTotal:   251658176 kB
VmallocUsed:      135668 kB
VmallocChunk:   251433004 kB
Time pass: 60 sec

---2015-12-18 17:17:12
MemTotal:        2873608 kB
MemFree:           75268 kB
Buffers:           15500 kB
Cached:          1001752 kB
SwapCached:            0 kB
Active:          1319044 kB
Inactive:         712616 kB
Active(anon):     818352 kB
Inactive(anon):   210760 kB
Active(file):     500692 kB
Inactive(file):   501856 kB
Unevictable:       13568 kB
Mlocked:               0 kB
SwapTotal:        715328 kB
SwapFree:         710980 kB
Dirty:               704 kB
Writeback:             0 kB
AnonPages:       1027940 kB
Mapped:           606112 kB
Shmem:              1136 kB
Slab:              99436 kB
SReclaimable:      31984 kB
SUnreclaim:        67452 kB
KernelStack:       39232 kB
PageTables:        50624 kB
NFS_Unstable:          0 kB
Bounce:                0 kB
WritebackTmp:          0 kB
CommitLimit:     2152132 kB
Committed_AS:   120960444 kB
VmallocTotal:   251658176 kB
VmallocUsed:      135764 kB
VmallocChunk:   251433004 kB
Time pass: 64 sec

---2015-12-18 17:17:12
MemTotal:        2873608 kB
MemFree:           68712 kB
Buffers:           15504 kB
Cached:           995284 kB
SwapCached:            0 kB
Active:          1329984 kB
Inactive:         709108 kB
Active(anon):     832032 kB
Inactive(anon):   210908 kB
Active(file):     497952 kB
Inactive(file):   498200 kB
Unevictable:       13568 kB
Mlocked:               0 kB
SwapTotal:        715328 kB
SwapFree:         710980 kB
Dirty:               100 kB
Writeback:             0 kB
AnonPages:       1042060 kB
Mapped:           606820 kB
Shmem:              1136 kB
Slab:              99512 kB
SReclaimable:      32000 kB
SUnreclaim:        67512 kB
KernelStack:       39664 kB
PageTables:        51260 kB
NFS_Unstable:          0 kB
Bounce:                0 kB
WritebackTmp:          0 kB
CommitLimit:     2152132 kB
Committed_AS:   122736956 kB
VmallocTotal:   251658176 kB
VmallocUsed:      137812 kB
VmallocChunk:   251433004 kB
Time pass: 68 sec

---2015-12-18 17:17:12
MemTotal:        2873608 kB
MemFree:           69420 kB
Buffers:           15172 kB
Cached:           981124 kB
SwapCached:            0 kB
Active:          1326652 kB
Inactive:         702004 kB
Active(anon):     835832 kB
Inactive(anon):   211324 kB
Active(file):     490820 kB
Inactive(file):   490680 kB
Unevictable:       13568 kB
Mlocked:               0 kB
SwapTotal:        715328 kB
SwapFree:         710840 kB
Dirty:                24 kB
Writeback:           228 kB
AnonPages:       1045912 kB
Mapped:           615232 kB
Shmem:              1120 kB
Slab:              99272 kB
SReclaimable:      31904 kB
SUnreclaim:        67368 kB
KernelStack:       39680 kB
PageTables:        51392 kB
NFS_Unstable:          0 kB
Bounce:                0 kB
WritebackTmp:          0 kB
CommitLimit:     2152132 kB
Committed_AS:   122741020 kB
VmallocTotal:   251658176 kB
VmallocUsed:      136868 kB
VmallocChunk:   251433004 kB
Time pass: 72 sec

---2015-12-18 17:17:12
MemTotal:        2873608 kB
MemFree:           70812 kB
Buffers:           15172 kB
Cached:           981024 kB
SwapCached:            0 kB
Active:          1325776 kB
Inactive:         701916 kB
Active(anon):     834876 kB
Inactive(anon):   211308 kB
Active(file):     490900 kB
Inactive(file):   490608 kB
Unevictable:       13568 kB
Mlocked:               0 kB
SwapTotal:        715328 kB
SwapFree:         710840 kB
Dirty:                32 kB
Writeback:             0 kB
AnonPages:       1045240 kB
Mapped:           615328 kB
Shmem:              1120 kB
Slab:              99232 kB
SReclaimable:      31856 kB
SUnreclaim:        67376 kB
KernelStack:       39648 kB
PageTables:        51376 kB
NFS_Unstable:          0 kB
Bounce:                0 kB
WritebackTmp:          0 kB
CommitLimit:     2152132 kB
Committed_AS:   122741004 kB
VmallocTotal:   251658176 kB
VmallocUsed:      136868 kB
VmallocChunk:   251433004 kB
Time pass: 75 sec

---2015-12-18 17:17:12
MemTotal:        2873608 kB
MemFree:           81040 kB
Buffers:           15356 kB
Cached:           974236 kB
SwapCached:            0 kB
Active:          1328192 kB
Inactive:         690448 kB
Active(anon):     832640 kB
Inactive(anon):   211100 kB
Active(file):     495552 kB
Inactive(file):   479348 kB
Unevictable:       13568 kB
Mlocked:               0 kB
SwapTotal:        715328 kB
SwapFree:         710676 kB
Dirty:               228 kB
Writeback:             0 kB
AnonPages:       1042604 kB
Mapped:           614652 kB
Shmem:              1120 kB
Slab:              99456 kB
SReclaimable:      32000 kB
SUnreclaim:        67456 kB
KernelStack:       39664 kB
PageTables:        51412 kB
NFS_Unstable:          0 kB
Bounce:                0 kB
WritebackTmp:          0 kB
CommitLimit:     2152132 kB
Committed_AS:   122740724 kB
VmallocTotal:   251658176 kB
VmallocUsed:      136868 kB
VmallocChunk:   251433004 kB
Time pass: 79 sec

---2015-12-18 17:17:12
MemTotal:        2873608 kB
MemFree:           78684 kB
Buffers:           15212 kB
Cached:           943564 kB
SwapCached:            0 kB
Active:          1314224 kB
Inactive:         680456 kB
Active(anon):     838148 kB
Inactive(anon):   212452 kB
Active(file):     476076 kB
Inactive(file):   468004 kB
Unevictable:       13568 kB
Mlocked:               0 kB
SwapTotal:        715328 kB
SwapFree:         709516 kB
Dirty:                16 kB
Writeback:             0 kB
AnonPages:       1049504 kB
Mapped:           636916 kB
Shmem:              1120 kB
Slab:              99576 kB
SReclaimable:      31952 kB
SUnreclaim:        67624 kB
KernelStack:       39600 kB
PageTables:        51528 kB
NFS_Unstable:          0 kB
Bounce:                0 kB
WritebackTmp:          0 kB
CommitLimit:     2152132 kB
Committed_AS:   122753916 kB
VmallocTotal:   251658176 kB
VmallocUsed:      137096 kB
VmallocChunk:   251433004 kB
Time pass: 83 sec

---2015-12-18 17:17:12
MemTotal:        2873608 kB
MemFree:           67180 kB
Buffers:           15208 kB
Cached:           932496 kB
SwapCached:           12 kB
Active:          1326172 kB
Inactive:         680296 kB
Active(anon):     858288 kB
Inactive(anon):   214572 kB
Active(file):     467884 kB
Inactive(file):   465724 kB
Unevictable:       13568 kB
Mlocked:               0 kB
SwapTotal:        715328 kB
SwapFree:         708760 kB
Dirty:                 0 kB
Writeback:            12 kB
AnonPages:       1072344 kB
Mapped:           639384 kB
Shmem:               680 kB
Slab:              99640 kB
SReclaimable:      32128 kB
SUnreclaim:        67512 kB
KernelStack:       39744 kB
PageTables:        51540 kB
NFS_Unstable:          0 kB
Bounce:                0 kB
WritebackTmp:          0 kB
CommitLimit:     2152132 kB
Committed_AS:   122789760 kB
VmallocTotal:   251658176 kB
VmallocUsed:      139528 kB
VmallocChunk:   251433004 kB
Time pass: 87 sec

---2015-12-18 17:17:12
MemTotal:        2873608 kB
MemFree:           69928 kB
Buffers:           13308 kB
Cached:           920036 kB
SwapCached:           12 kB
Active:          1317992 kB
Inactive:         674288 kB
Active(anon):     857744 kB
Inactive(anon):   215344 kB
Active(file):     460248 kB
Inactive(file):   458944 kB
Unevictable:       13568 kB
Mlocked:               0 kB
SwapTotal:        715328 kB
SwapFree:         708404 kB
Dirty:               116 kB
Writeback:             0 kB
AnonPages:       1072660 kB
Mapped:           636860 kB
Shmem:               584 kB
Slab:              99816 kB
SReclaimable:      32144 kB
SUnreclaim:        67672 kB
KernelStack:       39728 kB
PageTables:        51252 kB
NFS_Unstable:          0 kB
Bounce:                0 kB
WritebackTmp:          0 kB
CommitLimit:     2152132 kB
Committed_AS:   121557896 kB
VmallocTotal:   251658176 kB
VmallocUsed:      138516 kB
VmallocChunk:   251433004 kB
Time pass: 91 sec

---2015-12-18 17:17:12
MemTotal:        2873608 kB
MemFree:           67268 kB
Buffers:           13136 kB
Cached:           901248 kB
SwapCached:           12 kB
Active:          1311108 kB
Inactive:         661460 kB
Active(anon):     857936 kB
Inactive(anon):   214560 kB
Active(file):     453172 kB
Inactive(file):   446900 kB
Unevictable:       13568 kB
Mlocked:               0 kB
SwapTotal:        715328 kB
SwapFree:         706184 kB
Dirty:                12 kB
Writeback:             0 kB
AnonPages:       1071652 kB
Mapped:           635292 kB
Shmem:               744 kB
Slab:             100172 kB
SReclaimable:      32376 kB
SUnreclaim:        67796 kB
KernelStack:       39680 kB
PageTables:        51420 kB
NFS_Unstable:          0 kB
Bounce:                0 kB
WritebackTmp:          0 kB
CommitLimit:     2152132 kB
Committed_AS:   121557888 kB
VmallocTotal:   251658176 kB
VmallocUsed:      138516 kB
VmallocChunk:   251433004 kB
Time pass: 94 sec

---2015-12-18 17:17:12
MemTotal:        2873608 kB
MemFree:           70000 kB
Buffers:           13152 kB
Cached:           901252 kB
SwapCached:           12 kB
Active:          1309428 kB
Inactive:         661304 kB
Active(anon):     856080 kB
Inactive(anon):   214560 kB
Active(file):     453348 kB
Inactive(file):   446744 kB
Unevictable:       13568 kB
Mlocked:               0 kB
SwapTotal:        715328 kB
SwapFree:         706184 kB
Dirty:                 8 kB
Writeback:             0 kB
AnonPages:       1070008 kB
Mapped:           634208 kB
Shmem:               744 kB
Slab:             100236 kB
SReclaimable:      32472 kB
SUnreclaim:        67764 kB
KernelStack:       39440 kB
PageTables:        50964 kB
NFS_Unstable:          0 kB
Bounce:                0 kB
WritebackTmp:          0 kB
CommitLimit:     2152132 kB
Committed_AS:   120325660 kB
VmallocTotal:   251658176 kB
VmallocUsed:      137496 kB
VmallocChunk:   251433004 kB
Time pass: 98 sec

---2015-12-18 17:17:12
MemTotal:        2873608 kB
MemFree:           70160 kB
Buffers:           13152 kB
Cached:           901516 kB
SwapCached:           12 kB
Active:          1309524 kB
Inactive:         661412 kB
Active(anon):     856020 kB
Inactive(anon):   214796 kB
Active(file):     453504 kB
Inactive(file):   446616 kB
Unevictable:       13568 kB
Mlocked:               0 kB
SwapTotal:        715328 kB
SwapFree:         706184 kB
Dirty:                68 kB
Writeback:             0 kB
AnonPages:       1069884 kB
Mapped:           634468 kB
Shmem:               980 kB
Slab:             100240 kB
SReclaimable:      32488 kB
SUnreclaim:        67752 kB
KernelStack:       39408 kB
PageTables:        50928 kB
NFS_Unstable:          0 kB
Bounce:                0 kB
WritebackTmp:          0 kB
CommitLimit:     2152132 kB
Committed_AS:   120325620 kB
VmallocTotal:   251658176 kB
VmallocUsed:      137496 kB
VmallocChunk:   251433004 kB
Time pass: 102 sec

---2015-12-18 17:17:12
MemTotal:        2873608 kB
MemFree:           62344 kB
Buffers:           13176 kB
Cached:           904788 kB
SwapCached:           12 kB
Active:          1313600 kB
Inactive:         664828 kB
Active(anon):     859920 kB
Inactive(anon):   215152 kB
Active(file):     453680 kB
Inactive(file):   449676 kB
Unevictable:       13568 kB
Mlocked:               0 kB
SwapTotal:        715328 kB
SwapFree:         706048 kB
Dirty:                56 kB
Writeback:             0 kB
AnonPages:       1074208 kB
Mapped:           635360 kB
Shmem:               980 kB
Slab:             100160 kB
SReclaimable:      32408 kB
SUnreclaim:        67752 kB
KernelStack:       39408 kB
PageTables:        51072 kB
NFS_Unstable:          0 kB
Bounce:                0 kB
WritebackTmp:          0 kB
CommitLimit:     2152132 kB
Committed_AS:   123822876 kB
VmallocTotal:   251658176 kB
VmallocUsed:      138516 kB
VmallocChunk:   251433004 kB
Time pass: 105 sec

---2015-12-18 17:17:12
MemTotal:        2873608 kB
MemFree:           81504 kB
Buffers:           13160 kB
Cached:           898004 kB
SwapCached:           12 kB
Active:          1312844 kB
Inactive:         644176 kB
Active(anon):     845616 kB
Inactive(anon):   214240 kB
Active(file):     467228 kB
Inactive(file):   429936 kB
Unevictable:       13568 kB
Mlocked:               0 kB
SwapTotal:        715328 kB
SwapFree:         704996 kB
Dirty:               124 kB
Writeback:             0 kB
AnonPages:       1059672 kB
Mapped:           635404 kB
Shmem:               412 kB
Slab:             100316 kB
SReclaimable:      32408 kB
SUnreclaim:        67908 kB
KernelStack:       39184 kB
PageTables:        50904 kB
NFS_Unstable:          0 kB
Bounce:                0 kB
WritebackTmp:          0 kB
CommitLimit:     2152132 kB
Committed_AS:   123787040 kB
VmallocTotal:   251658176 kB
VmallocUsed:      138516 kB
VmallocChunk:   251433004 kB
Time pass: 109 sec

---2015-12-18 17:17:12
MemTotal:        2873608 kB
MemFree:          325184 kB
Buffers:           11848 kB
Cached:           887768 kB
SwapCached:           24 kB
Active:          1213936 kB
Inactive:         629464 kB
Active(anon):     746688 kB
Inactive(anon):   211072 kB
Active(file):     467248 kB
Inactive(file):   418392 kB
Unevictable:       13568 kB
Mlocked:               0 kB
SwapTotal:        715328 kB
SwapFree:         702568 kB
Dirty:                 4 kB
Writeback:             0 kB
AnonPages:        957792 kB
Mapped:           457088 kB
Shmem:               280 kB
Slab:              99676 kB
SReclaimable:      32112 kB
SUnreclaim:        67564 kB
KernelStack:       36912 kB
PageTables:        48540 kB
NFS_Unstable:          0 kB
Bounce:                0 kB
WritebackTmp:          0 kB
CommitLimit:     2152132 kB
Committed_AS:   118911388 kB
VmallocTotal:   251658176 kB
VmallocUsed:      135344 kB
VmallocChunk:   251433004 kB
Time pass: 113 sec

---2015-12-18 17:17:12
MemTotal:        2873608 kB
MemFree:          367080 kB
Buffers:           12580 kB
Cached:           896100 kB
SwapCached:           24 kB
Active:          1236984 kB
Inactive:         631976 kB
Active(anon):     763452 kB
Inactive(anon):   212272 kB
Active(file):     473532 kB
Inactive(file):   419704 kB
Unevictable:       13568 kB
Mlocked:               0 kB
SwapTotal:        715328 kB
SwapFree:         702568 kB
Dirty:              1004 kB
Writeback:             4 kB
AnonPages:        974256 kB
Mapped:           440528 kB
Shmem:              1604 kB
Slab:              99800 kB
SReclaimable:      32108 kB
SUnreclaim:        67692 kB
KernelStack:       37616 kB
PageTables:        49396 kB
NFS_Unstable:          0 kB
Bounce:                0 kB
WritebackTmp:          0 kB
CommitLimit:     2152132 kB
Committed_AS:   120205844 kB
VmallocTotal:   251658176 kB
VmallocUsed:      135732 kB
VmallocChunk:   251433004 kB
Time pass: 116 sec

---2015-12-18 17:17:12
MemTotal:        2873608 kB
MemFree:          243636 kB
Buffers:           12620 kB
Cached:           897340 kB
SwapCached:           24 kB
Active:          1266652 kB
Inactive:         632440 kB
Active(anon):     791916 kB
Inactive(anon):   211196 kB
Active(file):     474736 kB
Inactive(file):   421244 kB
Unevictable:       13568 kB
Mlocked:               0 kB
SwapTotal:        715328 kB
SwapFree:         702568 kB
Dirty:              2248 kB
Writeback:             0 kB
AnonPages:       1002796 kB
Mapped:           528040 kB
Shmem:               412 kB
Slab:              99756 kB
SReclaimable:      32108 kB
SUnreclaim:        67648 kB
KernelStack:       38352 kB
PageTables:        49936 kB
NFS_Unstable:          0 kB
Bounce:                0 kB
WritebackTmp:          0 kB
CommitLimit:     2152132 kB
Committed_AS:   120237700 kB
VmallocTotal:   251658176 kB
VmallocUsed:      136524 kB
VmallocChunk:   251433004 kB
Time pass: 120 sec

---2015-12-18 17:17:12
MemTotal:        2873608 kB
MemFree:          236676 kB
Buffers:           12628 kB
Cached:           897736 kB
SwapCached:           24 kB
Active:          1275128 kB
Inactive:         632800 kB
Active(anon):     800388 kB
Inactive(anon):   211192 kB
Active(file):     474740 kB
Inactive(file):   421608 kB
Unevictable:       13568 kB
Mlocked:               0 kB
SwapTotal:        715328 kB
SwapFree:         702568 kB
Dirty:                44 kB
Writeback:             0 kB
AnonPages:       1011388 kB
Mapped:           531252 kB
Shmem:               412 kB
Slab:              99756 kB
SReclaimable:      32124 kB
SUnreclaim:        67632 kB
KernelStack:       38352 kB
PageTables:        49904 kB
NFS_Unstable:          0 kB
Bounce:                0 kB
WritebackTmp:          0 kB
CommitLimit:     2152132 kB
Committed_AS:   120237244 kB
VmallocTotal:   251658176 kB
VmallocUsed:      134108 kB
VmallocChunk:   251433004 kB
Time pass: 124 sec

---2015-12-18 17:17:12
MemTotal:        2873608 kB
MemFree:          179320 kB
Buffers:           12628 kB
Cached:           899508 kB
SwapCached:           24 kB
Active:          1284140 kB
Inactive:         633416 kB
Active(anon):     808228 kB
Inactive(anon):   211192 kB
Active(file):     475912 kB
Inactive(file):   422224 kB
Unevictable:       13568 kB
Mlocked:               0 kB
SwapTotal:        715328 kB
SwapFree:         702568 kB
Dirty:              1328 kB
Writeback:             0 kB
AnonPages:       1018944 kB
Mapped:           571248 kB
Shmem:               412 kB
Slab:              99740 kB
SReclaimable:      32140 kB
SUnreclaim:        67600 kB
KernelStack:       38432 kB
PageTables:        50024 kB
NFS_Unstable:          0 kB
Bounce:                0 kB
WritebackTmp:          0 kB
CommitLimit:     2152132 kB
Committed_AS:   120249804 kB
VmallocTotal:   251658176 kB
VmallocUsed:      134440 kB
VmallocChunk:   251433004 kB
Time pass: 128 sec

---2015-12-18 17:17:12
MemTotal:        2873608 kB
MemFree:          163072 kB
Buffers:           12644 kB
Cached:           899576 kB
SwapCached:           24 kB
Active:          1287996 kB
Inactive:         633456 kB
Active(anon):     812020 kB
Inactive(anon):   211192 kB
Active(file):     475976 kB
Inactive(file):   422264 kB
Unevictable:       13568 kB
Mlocked:               0 kB
SwapTotal:        715328 kB
SwapFree:         702568 kB
Dirty:               836 kB
Writeback:             0 kB
AnonPages:       1022896 kB
Mapped:           580200 kB
Shmem:               412 kB
Slab:              99744 kB
SReclaimable:      32140 kB
SUnreclaim:        67604 kB
KernelStack:       38416 kB
PageTables:        50056 kB
NFS_Unstable:          0 kB
Bounce:                0 kB
WritebackTmp:          0 kB
CommitLimit:     2152132 kB
Committed_AS:   120249756 kB
VmallocTotal:   251658176 kB
VmallocUsed:      134524 kB
VmallocChunk:   251433004 kB
Time pass: 132 sec

---2015-12-18 17:17:12
MemTotal:        2873608 kB
MemFree:          157996 kB
Buffers:           12656 kB
Cached:           899564 kB
SwapCached:           24 kB
Active:          1294576 kB
Inactive:         633448 kB
Active(anon):     818592 kB
Inactive(anon):   211192 kB
Active(file):     475984 kB
Inactive(file):   422256 kB
Unevictable:       13568 kB
Mlocked:               0 kB
SwapTotal:        715328 kB
SwapFree:         702568 kB
Dirty:               220 kB
Writeback:             0 kB
AnonPages:       1029580 kB
Mapped:           580304 kB
Shmem:               412 kB
Slab:              99744 kB
SReclaimable:      32140 kB
SUnreclaim:        67604 kB
KernelStack:       38416 kB
PageTables:        50056 kB
NFS_Unstable:          0 kB
Bounce:                0 kB
WritebackTmp:          0 kB
CommitLimit:     2152132 kB
Committed_AS:   120249824 kB
VmallocTotal:   251658176 kB
VmallocUsed:      134524 kB
VmallocChunk:   251433004 kB
Time pass: 136 sec

---2015-12-18 17:17:12
MemTotal:        2873608 kB
MemFree:          119212 kB
Buffers:           14228 kB
Cached:           899604 kB
SwapCached:           36 kB
Active:          1299064 kB
Inactive:         634820 kB
Active(anon):     822828 kB
Inactive(anon):   211204 kB
Active(file):     476236 kB
Inactive(file):   423616 kB
Unevictable:       13568 kB
Mlocked:               0 kB
SwapTotal:        715328 kB
SwapFree:         702568 kB
Dirty:               760 kB
Writeback:             0 kB
AnonPages:       1033672 kB
Mapped:           609640 kB
Shmem:               412 kB
Slab:              99784 kB
SReclaimable:      32140 kB
SUnreclaim:        67644 kB
KernelStack:       38480 kB
PageTables:        50092 kB
NFS_Unstable:          0 kB
Bounce:                0 kB
WritebackTmp:          0 kB
CommitLimit:     2152132 kB
Committed_AS:   120258772 kB
VmallocTotal:   251658176 kB
VmallocUsed:      134752 kB
VmallocChunk:   251433004 kB
Time pass: 139 sec

---2015-12-18 17:17:12
MemTotal:        2873608 kB
MemFree:          119244 kB
Buffers:           14228 kB
Cached:           899604 kB
SwapCached:           36 kB
Active:          1298344 kB
Inactive:         634812 kB
Active(anon):     822100 kB
Inactive(anon):   211204 kB
Active(file):     476244 kB
Inactive(file):   423608 kB
Unevictable:       13568 kB
Mlocked:               0 kB
SwapTotal:        715328 kB
SwapFree:         702568 kB
Dirty:                 0 kB
Writeback:             0 kB
AnonPages:       1032940 kB
Mapped:           609688 kB
Shmem:               412 kB
Slab:              99784 kB
SReclaimable:      32140 kB
SUnreclaim:        67644 kB
KernelStack:       38480 kB
PageTables:        50116 kB
NFS_Unstable:          0 kB
Bounce:                0 kB
WritebackTmp:          0 kB
CommitLimit:     2152132 kB
Committed_AS:   120258932 kB
VmallocTotal:   251658176 kB
VmallocUsed:      134752 kB
VmallocChunk:   251433004 kB
Time pass: 143 sec

---2015-12-18 17:17:12
MemTotal:        2873608 kB
MemFree:          118912 kB
Buffers:           14236 kB
Cached:           899596 kB
SwapCached:           36 kB
Active:          1298672 kB
Inactive:         634812 kB
Active(anon):     822428 kB
Inactive(anon):   211204 kB
Active(file):     476244 kB
Inactive(file):   423608 kB
Unevictable:       13568 kB
Mlocked:               0 kB
SwapTotal:        715328 kB
SwapFree:         702568 kB
Dirty:                 0 kB
Writeback:             0 kB
AnonPages:       1033124 kB
Mapped:           609696 kB
Shmem:               412 kB
Slab:              99784 kB
SReclaimable:      32140 kB
SUnreclaim:        67644 kB
KernelStack:       38480 kB
PageTables:        50120 kB
NFS_Unstable:          0 kB
Bounce:                0 kB
WritebackTmp:          0 kB
CommitLimit:     2152132 kB
Committed_AS:   120258948 kB
VmallocTotal:   251658176 kB
VmallocUsed:      134752 kB
VmallocChunk:   251433004 kB
Time pass: 147 sec

---2015-12-18 17:17:12
MemTotal:        2873608 kB
MemFree:          104620 kB
Buffers:           14284 kB
Cached:           900244 kB
SwapCached:           36 kB
Active:          1307996 kB
Inactive:         634296 kB
Active(anon):     830684 kB
Inactive(anon):   211388 kB
Active(file):     477312 kB
Inactive(file):   422908 kB
Unevictable:       13568 kB
Mlocked:               0 kB
SwapTotal:        715328 kB
SwapFree:         702568 kB
Dirty:               108 kB
Writeback:             0 kB
AnonPages:       1041452 kB
Mapped:           612852 kB
Shmem:               596 kB
Slab:              99728 kB
SReclaimable:      32140 kB
SUnreclaim:        67588 kB
KernelStack:       38688 kB
PageTables:        49880 kB
NFS_Unstable:          0 kB
Bounce:                0 kB
WritebackTmp:          0 kB
CommitLimit:     2152132 kB
Committed_AS:   119054668 kB
VmallocTotal:   251658176 kB
VmallocUsed:      136164 kB
VmallocChunk:   251433004 kB
Time pass: 150 sec

---2015-12-18 17:17:12
MemTotal:        2873608 kB
MemFree:          107132 kB
Buffers:           14284 kB
Cached:           900228 kB
SwapCached:           36 kB
Active:          1308604 kB
Inactive:         634412 kB
Active(anon):     831284 kB
Inactive(anon):   211420 kB
Active(file):     477320 kB
Inactive(file):   422992 kB
Unevictable:       13568 kB
Mlocked:               0 kB
SwapTotal:        715328 kB
SwapFree:         702568 kB
Dirty:                 8 kB
Writeback:             0 kB
AnonPages:       1042104 kB
Mapped:           613052 kB
Shmem:               632 kB
Slab:              99756 kB
SReclaimable:      32140 kB
SUnreclaim:        67616 kB
KernelStack:       38672 kB
PageTables:        49972 kB
NFS_Unstable:          0 kB
Bounce:                0 kB
WritebackTmp:          0 kB
CommitLimit:     2152132 kB
Committed_AS:   119054528 kB
VmallocTotal:   251658176 kB
VmallocUsed:      136164 kB
VmallocChunk:   251433004 kB
Time pass: 154 sec

---2015-12-18 17:17:12
MemTotal:        2873608 kB
MemFree:          103904 kB
Buffers:           14292 kB
Cached:           900360 kB
SwapCached:           36 kB
Active:          1309724 kB
Inactive:         634552 kB
Active(anon):     832404 kB
Inactive(anon):   211552 kB
Active(file):     477320 kB
Inactive(file):   423000 kB
Unevictable:       13568 kB
Mlocked:               0 kB
SwapTotal:        715328 kB
SwapFree:         702568 kB
Dirty:                40 kB
Writeback:             0 kB
AnonPages:       1043200 kB
Mapped:           612780 kB
Shmem:               764 kB
Slab:              99768 kB
SReclaimable:      32140 kB
SUnreclaim:        67628 kB
KernelStack:       38672 kB
PageTables:        50044 kB
NFS_Unstable:          0 kB
Bounce:                0 kB
WritebackTmp:          0 kB
CommitLimit:     2152132 kB
Committed_AS:   119054616 kB
VmallocTotal:   251658176 kB
VmallocUsed:      136184 kB
VmallocChunk:   251433004 kB
Time pass: 158 sec

---2015-12-18 17:17:12
MemTotal:        2873608 kB
MemFree:          103748 kB
Buffers:           14300 kB
Cached:           900424 kB
SwapCached:           36 kB
Active:          1310956 kB
Inactive:         634624 kB
Active(anon):     833636 kB
Inactive(anon):   211624 kB
Active(file):     477320 kB
Inactive(file):   423000 kB
Unevictable:       13568 kB
Mlocked:               0 kB
SwapTotal:        715328 kB
SwapFree:         702568 kB
Dirty:                44 kB
Writeback:             0 kB
AnonPages:       1044296 kB
Mapped:           614044 kB
Shmem:               836 kB
Slab:              99768 kB
SReclaimable:      32140 kB
SUnreclaim:        67628 kB
KernelStack:       38672 kB
PageTables:        50076 kB
NFS_Unstable:          0 kB
Bounce:                0 kB
WritebackTmp:          0 kB
CommitLimit:     2152132 kB
Committed_AS:   119054696 kB
VmallocTotal:   251658176 kB
VmallocUsed:      136184 kB
VmallocChunk:   251433004 kB
Time pass: 162 sec

---2015-12-18 17:17:12
MemTotal:        2873608 kB
MemFree:           97016 kB
Buffers:           14332 kB
Cached:           900628 kB
SwapCached:           36 kB
Active:          1318240 kB
Inactive:         634672 kB
Active(anon):     840732 kB
Inactive(anon):   211352 kB
Active(file):     477508 kB
Inactive(file):   423320 kB
Unevictable:       13568 kB
Mlocked:               0 kB
SwapTotal:        715328 kB
SwapFree:         702568 kB
Dirty:                72 kB
Writeback:             0 kB
AnonPages:       1051688 kB
Mapped:           615344 kB
Shmem:               564 kB
Slab:              99752 kB
SReclaimable:      32156 kB
SUnreclaim:        67596 kB
KernelStack:       38592 kB
PageTables:        49904 kB
NFS_Unstable:          0 kB
Bounce:                0 kB
WritebackTmp:          0 kB
CommitLimit:     2152132 kB
Committed_AS:   119067104 kB
VmallocTotal:   251658176 kB
VmallocUsed:      136184 kB
VmallocChunk:   251433004 kB
Time pass: 165 sec

---2015-12-18 17:17:12
MemTotal:        2873608 kB
MemFree:           90228 kB
Buffers:           14364 kB
Cached:           900636 kB
SwapCached:           36 kB
Active:          1322620 kB
Inactive:         634700 kB
Active(anon):     845104 kB
Inactive(anon):   211352 kB
Active(file):     477516 kB
Inactive(file):   423348 kB
Unevictable:       13568 kB
Mlocked:               0 kB
SwapTotal:        715328 kB
SwapFree:         702568 kB
Dirty:                56 kB
Writeback:             0 kB
AnonPages:       1055812 kB
Mapped:           614340 kB
Shmem:               568 kB
Slab:              99748 kB
SReclaimable:      32156 kB
SUnreclaim:        67592 kB
KernelStack:       38720 kB
PageTables:        49912 kB
NFS_Unstable:          0 kB
Bounce:                0 kB
WritebackTmp:          0 kB
CommitLimit:     2152132 kB
Committed_AS:   119071388 kB
VmallocTotal:   251658176 kB
VmallocUsed:      136164 kB
VmallocChunk:   251433004 kB
Time pass: 169 sec

---2015-12-18 17:17:12
MemTotal:        2873608 kB
MemFree:           88356 kB
Buffers:           14404 kB
Cached:           900640 kB
SwapCached:           36 kB
Active:          1324028 kB
Inactive:         634740 kB
Active(anon):     846508 kB
Inactive(anon):   211356 kB
Active(file):     477520 kB
Inactive(file):   423384 kB
Unevictable:       13568 kB
Mlocked:               0 kB
SwapTotal:        715328 kB
SwapFree:         702568 kB
Dirty:                44 kB
Writeback:             0 kB
AnonPages:       1057312 kB
Mapped:           613160 kB
Shmem:               572 kB
Slab:              99768 kB
SReclaimable:      32172 kB
SUnreclaim:        67596 kB
KernelStack:       38736 kB
PageTables:        49904 kB
NFS_Unstable:          0 kB
Bounce:                0 kB
WritebackTmp:          0 kB
CommitLimit:     2152132 kB
Committed_AS:   119075696 kB
VmallocTotal:   251658176 kB
VmallocUsed:      136160 kB
VmallocChunk:   251433004 kB
Time pass: 173 sec

---2015-12-18 17:17:12
MemTotal:        2873608 kB
MemFree:           88540 kB
Buffers:           14404 kB
Cached:           900640 kB
SwapCached:           36 kB
Active:          1324416 kB
Inactive:         634740 kB
Active(anon):     846896 kB
Inactive(anon):   211356 kB
Active(file):     477520 kB
Inactive(file):   423384 kB
Unevictable:       13568 kB
Mlocked:               0 kB
SwapTotal:        715328 kB
SwapFree:         702568 kB
Dirty:                44 kB
Writeback:             0 kB
AnonPages:       1057776 kB
Mapped:           613196 kB
Shmem:               572 kB
Slab:              99764 kB
SReclaimable:      32172 kB
SUnreclaim:        67592 kB
KernelStack:       38736 kB
PageTables:        49908 kB
NFS_Unstable:          0 kB
Bounce:                0 kB
WritebackTmp:          0 kB
CommitLimit:     2152132 kB
Committed_AS:   119075616 kB
VmallocTotal:   251658176 kB
VmallocUsed:      136160 kB
VmallocChunk:   251433004 kB
Time pass: 177 sec

---2015-12-18 17:17:12
MemTotal:        2873608 kB
MemFree:           88796 kB
Buffers:           14404 kB
Cached:           900652 kB
SwapCached:           36 kB
Active:          1324492 kB
Inactive:         634752 kB
Active(anon):     846972 kB
Inactive(anon):   211368 kB
Active(file):     477520 kB
Inactive(file):   423384 kB
Unevictable:       13568 kB
Mlocked:               0 kB
SwapTotal:        715328 kB
SwapFree:         702568 kB
Dirty:                 4 kB
Writeback:             0 kB
AnonPages:       1057644 kB
Mapped:           613380 kB
Shmem:               584 kB
Slab:              99764 kB
SReclaimable:      32172 kB
SUnreclaim:        67592 kB
KernelStack:       38640 kB
PageTables:        49928 kB
NFS_Unstable:          0 kB
Bounce:                0 kB
WritebackTmp:          0 kB
CommitLimit:     2152132 kB
Committed_AS:   119075508 kB
VmallocTotal:   251658176 kB
VmallocUsed:      136160 kB
VmallocChunk:   251433004 kB
Time pass: 180 sec

---2015-12-18 17:17:12
MemTotal:        2873608 kB
MemFree:           88716 kB
Buffers:           14420 kB
Cached:           900660 kB
SwapCached:           36 kB
Active:          1324224 kB
Inactive:         634776 kB
Active(anon):     846704 kB
Inactive(anon):   211376 kB
Active(file):     477520 kB
Inactive(file):   423400 kB
Unevictable:       13568 kB
Mlocked:               0 kB
SwapTotal:        715328 kB
SwapFree:         702568 kB
Dirty:                 0 kB
Writeback:             0 kB
AnonPages:       1057332 kB
Mapped:           613368 kB
Shmem:               592 kB
Slab:              99780 kB
SReclaimable:      32172 kB
SUnreclaim:        67608 kB
KernelStack:       38640 kB
PageTables:        49904 kB
NFS_Unstable:          0 kB
Bounce:                0 kB
WritebackTmp:          0 kB
CommitLimit:     2152132 kB
Committed_AS:   119075468 kB
VmallocTotal:   251658176 kB
VmallocUsed:      136160 kB
VmallocChunk:   251433004 kB
Time pass: 184 sec

---2015-12-18 17:17:12
MemTotal:        2873608 kB
MemFree:           87820 kB
Buffers:           14428 kB
Cached:           900656 kB
SwapCached:           36 kB
Active:          1324972 kB
Inactive:         634776 kB
Active(anon):     847452 kB
Inactive(anon):   211376 kB
Active(file):     477520 kB
Inactive(file):   423400 kB
Unevictable:       13568 kB
Mlocked:               0 kB
SwapTotal:        715328 kB
SwapFree:         702568 kB
Dirty:                32 kB
Writeback:             0 kB
AnonPages:       1058212 kB
Mapped:           613460 kB
Shmem:               592 kB
Slab:              99808 kB
SReclaimable:      32172 kB
SUnreclaim:        67636 kB
KernelStack:       38640 kB
PageTables:        49932 kB
NFS_Unstable:          0 kB
Bounce:                0 kB
WritebackTmp:          0 kB
CommitLimit:     2152132 kB
Committed_AS:   119075516 kB
VmallocTotal:   251658176 kB
VmallocUsed:      136160 kB
VmallocChunk:   251433004 kB
Time pass: 188 sec

---2015-12-18 17:17:12
MemTotal:        2873608 kB
MemFree:           87672 kB
Buffers:           14428 kB
Cached:           900660 kB
SwapCached:           36 kB
Active:          1324964 kB
Inactive:         634784 kB
Active(anon):     847444 kB
Inactive(anon):   211376 kB
Active(file):     477520 kB
Inactive(file):   423408 kB
Unevictable:       13568 kB
Mlocked:               0 kB
SwapTotal:        715328 kB
SwapFree:         702568 kB
Dirty:                72 kB
Writeback:             0 kB
AnonPages:       1058060 kB
Mapped:           613388 kB
Shmem:               592 kB
Slab:              99768 kB
SReclaimable:      32172 kB
SUnreclaim:        67596 kB
KernelStack:       38640 kB
PageTables:        49904 kB
NFS_Unstable:          0 kB
Bounce:                0 kB
WritebackTmp:          0 kB
CommitLimit:     2152132 kB
Committed_AS:   119075516 kB
VmallocTotal:   251658176 kB
VmallocUsed:      136160 kB
VmallocChunk:   251433004 kB
Time pass: 191 sec

---2015-12-18 17:17:12
MemTotal:        2873608 kB
MemFree:           87680 kB
Buffers:           14452 kB
Cached:           900660 kB
SwapCached:           36 kB
Active:          1324640 kB
Inactive:         634808 kB
Active(anon):     847120 kB
Inactive(anon):   211376 kB
Active(file):     477520 kB
Inactive(file):   423432 kB
Unevictable:       13568 kB
Mlocked:               0 kB
SwapTotal:        715328 kB
SwapFree:         702568 kB
Dirty:                56 kB
Writeback:             0 kB
AnonPages:       1057932 kB
Mapped:           613396 kB
Shmem:               592 kB
Slab:              99772 kB
SReclaimable:      32172 kB
SUnreclaim:        67600 kB
KernelStack:       38640 kB
PageTables:        49916 kB
NFS_Unstable:          0 kB
Bounce:                0 kB
WritebackTmp:          0 kB
CommitLimit:     2152132 kB
Committed_AS:   119079572 kB
VmallocTotal:   251658176 kB
VmallocUsed:      136160 kB
VmallocChunk:   251433004 kB
Time pass: 195 sec

---2015-12-18 17:17:12
MemTotal:        2873608 kB
MemFree:           87928 kB
Buffers:           14460 kB
Cached:           900656 kB
SwapCached:           36 kB
Active:          1324984 kB
Inactive:         634808 kB
Active(anon):     847464 kB
Inactive(anon):   211376 kB
Active(file):     477520 kB
Inactive(file):   423432 kB
Unevictable:       13568 kB
Mlocked:               0 kB
SwapTotal:        715328 kB
SwapFree:         702568 kB
Dirty:                32 kB
Writeback:             0 kB
AnonPages:       1058124 kB
Mapped:           613488 kB
Shmem:               592 kB
Slab:              99772 kB
SReclaimable:      32172 kB
SUnreclaim:        67600 kB
KernelStack:       38640 kB
PageTables:        49948 kB
NFS_Unstable:          0 kB
Bounce:                0 kB
WritebackTmp:          0 kB
CommitLimit:     2152132 kB
Committed_AS:   119079556 kB
VmallocTotal:   251658176 kB
VmallocUsed:      136160 kB
VmallocChunk:   251433004 kB
Time pass: 199 sec

---2015-12-18 17:17:12
MemTotal:        2873608 kB
MemFree:           87440 kB
Buffers:           14484 kB
Cached:           900632 kB
SwapCached:           36 kB
Active:          1325564 kB
Inactive:         634808 kB
Active(anon):     848044 kB
Inactive(anon):   211344 kB
Active(file):     477520 kB
Inactive(file):   423464 kB
Unevictable:       13568 kB
Mlocked:               0 kB
SwapTotal:        715328 kB
SwapFree:         702568 kB
Dirty:                52 kB
Writeback:             0 kB
AnonPages:       1058572 kB
Mapped:           613468 kB
Shmem:               564 kB
Slab:              99772 kB
SReclaimable:      32172 kB
SUnreclaim:        67600 kB
KernelStack:       38624 kB
PageTables:        50020 kB
NFS_Unstable:          0 kB
Bounce:                0 kB
WritebackTmp:          0 kB
CommitLimit:     2152132 kB
Committed_AS:   119079660 kB
VmallocTotal:   251658176 kB
VmallocUsed:      136160 kB
VmallocChunk:   251433004 kB
Time pass: 203 sec

---2015-12-18 17:17:12
MemTotal:        2873608 kB
MemFree:           86840 kB
Buffers:           14500 kB
Cached:           900644 kB
SwapCached:           36 kB
Active:          1325928 kB
Inactive:         634836 kB
Active(anon):     848408 kB
Inactive(anon):   211356 kB
Active(file):     477520 kB
Inactive(file):   423480 kB
Unevictable:       13568 kB
Mlocked:               0 kB
SwapTotal:        715328 kB
SwapFree:         702568 kB
Dirty:                 0 kB
Writeback:             0 kB
AnonPages:       1059152 kB
Mapped:           613364 kB
Shmem:               576 kB
Slab:              99700 kB
SReclaimable:      32108 kB
SUnreclaim:        67592 kB
KernelStack:       38640 kB
PageTables:        49988 kB
NFS_Unstable:          0 kB
Bounce:                0 kB
WritebackTmp:          0 kB
CommitLimit:     2152132 kB
Committed_AS:   119079636 kB
VmallocTotal:   251658176 kB
VmallocUsed:      136160 kB
VmallocChunk:   251433004 kB
Time pass: 207 sec

---2015-12-18 17:17:12
MemTotal:        2873608 kB
MemFree:           85460 kB
Buffers:           14532 kB
Cached:           900680 kB
SwapCached:           36 kB
Active:          1326392 kB
Inactive:         634904 kB
Active(anon):     848872 kB
Inactive(anon):   211408 kB
Active(file):     477520 kB
Inactive(file):   423496 kB
Unevictable:       13568 kB
Mlocked:               0 kB
SwapTotal:        715328 kB
SwapFree:         702568 kB
Dirty:                64 kB
Writeback:             0 kB
AnonPages:       1059688 kB
Mapped:           613468 kB
Shmem:               628 kB
Slab:              99700 kB
SReclaimable:      32108 kB
SUnreclaim:        67592 kB
KernelStack:       38640 kB
PageTables:        49984 kB
NFS_Unstable:          0 kB
Bounce:                0 kB
WritebackTmp:          0 kB
CommitLimit:     2152132 kB
Committed_AS:   119079708 kB
VmallocTotal:   251658176 kB
VmallocUsed:      136160 kB
VmallocChunk:   251433004 kB
Time pass: 211 sec

---2015-12-18 17:17:12
MemTotal:        2873608 kB
MemFree:           85452 kB
Buffers:           14532 kB
Cached:           900700 kB
SwapCached:           36 kB
Active:          1326556 kB
Inactive:         634924 kB
Active(anon):     849036 kB
Inactive(anon):   211412 kB
Active(file):     477520 kB
Inactive(file):   423512 kB
Unevictable:       13568 kB
Mlocked:               0 kB
SwapTotal:        715328 kB
SwapFree:         702568 kB
Dirty:                 0 kB
Writeback:             0 kB
AnonPages:       1059904 kB
Mapped:           613476 kB
Shmem:               632 kB
Slab:              99700 kB
SReclaimable:      32108 kB
SUnreclaim:        67592 kB
KernelStack:       38640 kB
PageTables:        49992 kB
NFS_Unstable:          0 kB
Bounce:                0 kB
WritebackTmp:          0 kB
CommitLimit:     2152132 kB
Committed_AS:   119079748 kB
VmallocTotal:   251658176 kB
VmallocUsed:      136160 kB
VmallocChunk:   251433004 kB
Time pass: 215 sec

---2015-12-18 17:17:12
MemTotal:        2873608 kB
MemFree:           85484 kB
Buffers:           14536 kB
Cached:           900700 kB
SwapCached:           36 kB
Active:          1326556 kB
Inactive:         634924 kB
Active(anon):     849036 kB
Inactive(anon):   211412 kB
Active(file):     477520 kB
Inactive(file):   423512 kB
Unevictable:       13568 kB
Mlocked:               0 kB
SwapTotal:        715328 kB
SwapFree:         702568 kB
Dirty:                 0 kB
Writeback:             0 kB
AnonPages:       1059920 kB
Mapped:           613496 kB
Shmem:               632 kB
Slab:              99700 kB
SReclaimable:      32108 kB
SUnreclaim:        67592 kB
KernelStack:       38640 kB
PageTables:        49988 kB
NFS_Unstable:          0 kB
Bounce:                0 kB
WritebackTmp:          0 kB
CommitLimit:     2152132 kB
Committed_AS:   119079740 kB
VmallocTotal:   251658176 kB
VmallocUsed:      136160 kB
VmallocChunk:   251433004 kB
Time pass: 219 sec

---2015-12-18 17:17:12
MemTotal:        2873608 kB
MemFree:           85912 kB
Buffers:           14536 kB
Cached:           900700 kB
SwapCached:           36 kB
Active:          1326476 kB
Inactive:         634928 kB
Active(anon):     848956 kB
Inactive(anon):   211412 kB
Active(file):     477520 kB
Inactive(file):   423516 kB
Unevictable:       13568 kB
Mlocked:               0 kB
SwapTotal:        715328 kB
SwapFree:         702568 kB
Dirty:                 0 kB
Writeback:             0 kB
AnonPages:       1059764 kB
Mapped:           613504 kB
Shmem:               632 kB
Slab:              99700 kB
SReclaimable:      32108 kB
SUnreclaim:        67592 kB
KernelStack:       38640 kB
PageTables:        49992 kB
NFS_Unstable:          0 kB
Bounce:                0 kB
WritebackTmp:          0 kB
CommitLimit:     2152132 kB
Committed_AS:   119079748 kB
VmallocTotal:   251658176 kB
VmallocUsed:      136160 kB
VmallocChunk:   251433004 kB
Time pass: 223 sec

---2015-12-18 17:17:12
MemTotal:        2873608 kB
MemFree:           85112 kB
Buffers:           14536 kB
Cached:           900700 kB
SwapCached:           36 kB
Active:          1326768 kB
Inactive:         634928 kB
Active(anon):     849248 kB
Inactive(anon):   211412 kB
Active(file):     477520 kB
Inactive(file):   423516 kB
Unevictable:       13568 kB
Mlocked:               0 kB
SwapTotal:        715328 kB
SwapFree:         702568 kB
Dirty:                 0 kB
Writeback:             0 kB
AnonPages:       1060028 kB
Mapped:           613512 kB
Shmem:               632 kB
Slab:              99744 kB
SReclaimable:      32108 kB
SUnreclaim:        67636 kB
KernelStack:       38640 kB
PageTables:        49988 kB
NFS_Unstable:          0 kB
Bounce:                0 kB
WritebackTmp:          0 kB
CommitLimit:     2152132 kB
Committed_AS:   119079740 kB
VmallocTotal:   251658176 kB
VmallocUsed:      136160 kB
VmallocChunk:   251433004 kB
Time pass: 227 sec

---2015-12-18 17:17:12
MemTotal:        2873608 kB
MemFree:           87092 kB
Buffers:           14552 kB
Cached:           900724 kB
SwapCached:           36 kB
Active:          1325560 kB
Inactive:         634976 kB
Active(anon):     848048 kB
Inactive(anon):   211412 kB
Active(file):     477512 kB
Inactive(file):   423564 kB
Unevictable:       13568 kB
Mlocked:               0 kB
SwapTotal:        715328 kB
SwapFree:         702568 kB
Dirty:               108 kB
Writeback:             0 kB
AnonPages:       1058808 kB
Mapped:           613524 kB
Shmem:               632 kB
Slab:              99696 kB
SReclaimable:      32108 kB
SUnreclaim:        67588 kB
KernelStack:       38640 kB
PageTables:        49992 kB
NFS_Unstable:          0 kB
Bounce:                0 kB
WritebackTmp:          0 kB
CommitLimit:     2152132 kB
Committed_AS:   119079764 kB
VmallocTotal:   251658176 kB
VmallocUsed:      136160 kB
VmallocChunk:   251433004 kB
Time pass: 230 sec

---2015-12-18 17:17:12
MemTotal:        2873608 kB
MemFree:           90656 kB
Buffers:           14552 kB
Cached:           900724 kB
SwapCached:           36 kB
Active:          1321468 kB
Inactive:         634976 kB
Active(anon):     843956 kB
Inactive(anon):   211412 kB
Active(file):     477512 kB
Inactive(file):   423564 kB
Unevictable:       13568 kB
Mlocked:               0 kB
SwapTotal:        715328 kB
SwapFree:         702568 kB
Dirty:                 0 kB
Writeback:             0 kB
AnonPages:       1054796 kB
Mapped:           613532 kB
Shmem:               632 kB
Slab:              99696 kB
SReclaimable:      32108 kB
SUnreclaim:        67588 kB
KernelStack:       38640 kB
PageTables:        49992 kB
NFS_Unstable:          0 kB
Bounce:                0 kB
WritebackTmp:          0 kB
CommitLimit:     2152132 kB
Committed_AS:   119079756 kB
VmallocTotal:   251658176 kB
VmallocUsed:      136160 kB
VmallocChunk:   251433004 kB
Time pass: 234 sec

---2015-12-18 17:17:12
MemTotal:        2873608 kB
MemFree:           89272 kB
Buffers:           14600 kB
Cached:           900748 kB
SwapCached:           36 kB
Active:          1322924 kB
Inactive:         635032 kB
Active(anon):     845400 kB
Inactive(anon):   211420 kB
Active(file):     477524 kB
Inactive(file):   423612 kB
Unevictable:       13568 kB
Mlocked:               0 kB
SwapTotal:        715328 kB
SwapFree:         702568 kB
Dirty:                96 kB
Writeback:             0 kB
AnonPages:       1056304 kB
Mapped:           613956 kB
Shmem:               644 kB
Slab:              99740 kB
SReclaimable:      32124 kB
SUnreclaim:        67616 kB
KernelStack:       38624 kB
PageTables:        49912 kB
NFS_Unstable:          0 kB
Bounce:                0 kB
WritebackTmp:          0 kB
CommitLimit:     2152132 kB
Committed_AS:   119084008 kB
VmallocTotal:   251658176 kB
VmallocUsed:      136164 kB
VmallocChunk:   251433004 kB
Time pass: 238 sec

---2015-12-18 17:17:12
MemTotal:        2873608 kB
MemFree:           88776 kB
Buffers:           14608 kB
Cached:           900856 kB
SwapCached:           36 kB
Active:          1323696 kB
Inactive:         635148 kB
Active(anon):     846172 kB
Inactive(anon):   211536 kB
Active(file):     477524 kB
Inactive(file):   423612 kB
Unevictable:       13568 kB
Mlocked:               0 kB
SwapTotal:        715328 kB
SwapFree:         702568 kB
Dirty:                 4 kB
Writeback:             0 kB
AnonPages:       1056880 kB
Mapped:           614796 kB
Shmem:               760 kB
Slab:              99720 kB
SReclaimable:      32124 kB
SUnreclaim:        67596 kB
KernelStack:       38624 kB
PageTables:        49952 kB
NFS_Unstable:          0 kB
Bounce:                0 kB
WritebackTmp:          0 kB
CommitLimit:     2152132 kB
Committed_AS:   119084100 kB
VmallocTotal:   251658176 kB
VmallocUsed:      136164 kB
VmallocChunk:   251433004 kB
Time pass: 242 sec

---2015-12-18 17:17:12
MemTotal:        2873608 kB
MemFree:           82440 kB
Buffers:           14608 kB
Cached:           900936 kB
SwapCached:           36 kB
Active:          1324856 kB
Inactive:         635224 kB
Active(anon):     847328 kB
Inactive(anon):   211604 kB
Active(file):     477528 kB
Inactive(file):   423620 kB
Unevictable:       13568 kB
Mlocked:               0 kB
SwapTotal:        715328 kB
SwapFree:         702568 kB
Dirty:                48 kB
Writeback:             0 kB
AnonPages:       1058188 kB
Mapped:           615324 kB
Shmem:               828 kB
Slab:              99740 kB
SReclaimable:      32124 kB
SUnreclaim:        67616 kB
KernelStack:       38656 kB
PageTables:        50008 kB
NFS_Unstable:          0 kB
Bounce:                0 kB
WritebackTmp:          0 kB
CommitLimit:     2152132 kB
Committed_AS:   119084204 kB
VmallocTotal:   251658176 kB
VmallocUsed:      136184 kB
VmallocChunk:   251433004 kB
Time pass: 246 sec

---2015-12-18 17:17:12
MemTotal:        2873608 kB
MemFree:           83140 kB
Buffers:           14616 kB
Cached:           900964 kB
SwapCached:           36 kB
Active:          1324668 kB
Inactive:         635252 kB
Active(anon):     847140 kB
Inactive(anon):   211632 kB
Active(file):     477528 kB
Inactive(file):   423620 kB
Unevictable:       13568 kB
Mlocked:               0 kB
SwapTotal:        715328 kB
SwapFree:         702568 kB
Dirty:                68 kB
Writeback:             0 kB
AnonPages:       1057728 kB
Mapped:           615868 kB
Shmem:               856 kB
Slab:              99740 kB
SReclaimable:      32124 kB
SUnreclaim:        67616 kB
KernelStack:       38624 kB
PageTables:        50008 kB
NFS_Unstable:          0 kB
Bounce:                0 kB
WritebackTmp:          0 kB
CommitLimit:     2152132 kB
Committed_AS:   119084292 kB
VmallocTotal:   251658176 kB
VmallocUsed:      136184 kB
VmallocChunk:   251433004 kB
Time pass: 250 sec

---2015-12-18 17:17:12
MemTotal:        2873608 kB
MemFree:           80740 kB
Buffers:           14648 kB
Cached:           900680 kB
SwapCached:           36 kB
Active:          1329712 kB
Inactive:         635004 kB
Active(anon):     852180 kB
Inactive(anon):   211344 kB
Active(file):     477532 kB
Inactive(file):   423660 kB
Unevictable:       13568 kB
Mlocked:               0 kB
SwapTotal:        715328 kB
SwapFree:         702568 kB
Dirty:                 0 kB
Writeback:             0 kB
AnonPages:       1062884 kB
Mapped:           614436 kB
Shmem:               568 kB
Slab:              99676 kB
SReclaimable:      32124 kB
SUnreclaim:        67552 kB
KernelStack:       38640 kB
PageTables:        49912 kB
NFS_Unstable:          0 kB
Bounce:                0 kB
WritebackTmp:          0 kB
CommitLimit:     2152132 kB
Committed_AS:   119100768 kB
VmallocTotal:   251658176 kB
VmallocUsed:      136164 kB
VmallocChunk:   251433004 kB
Time pass: 254 sec

---2015-12-18 17:17:12
MemTotal:        2873608 kB
MemFree:           81448 kB
Buffers:           14656 kB
Cached:           900700 kB
SwapCached:           36 kB
Active:          1329520 kB
Inactive:         635028 kB
Active(anon):     851988 kB
Inactive(anon):   211348 kB
Active(file):     477532 kB
Inactive(file):   423680 kB
Unevictable:       13568 kB
Mlocked:               0 kB
SwapTotal:        715328 kB
SwapFree:         702568 kB
Dirty:                 4 kB
Writeback:             0 kB
AnonPages:       1062804 kB
Mapped:           613536 kB
Shmem:               572 kB
Slab:              99676 kB
SReclaimable:      32124 kB
SUnreclaim:        67552 kB
KernelStack:       38640 kB
PageTables:        49948 kB
NFS_Unstable:          0 kB
Bounce:                0 kB
WritebackTmp:          0 kB
CommitLimit:     2152132 kB
Committed_AS:   119100964 kB
VmallocTotal:   251658176 kB
VmallocUsed:      136160 kB
VmallocChunk:   251433004 kB
Time pass: 258 sec

---2015-12-18 17:17:12
MemTotal:        2873608 kB
MemFree:           79236 kB
Buffers:           14656 kB
Cached:           900720 kB
SwapCached:           36 kB
Active:          1330580 kB
Inactive:         635052 kB
Active(anon):     853048 kB
Inactive(anon):   211360 kB
Active(file):     477532 kB
Inactive(file):   423692 kB
Unevictable:       13568 kB
Mlocked:               0 kB
SwapTotal:        715328 kB
SwapFree:         702568 kB
Dirty:                48 kB
Writeback:             0 kB
AnonPages:       1063720 kB
Mapped:           613556 kB
Shmem:               584 kB
Slab:              99676 kB
SReclaimable:      32124 kB
SUnreclaim:        67552 kB
KernelStack:       38640 kB
PageTables:        50004 kB
NFS_Unstable:          0 kB
Bounce:                0 kB
WritebackTmp:          0 kB
CommitLimit:     2152132 kB
Committed_AS:   119100972 kB
VmallocTotal:   251658176 kB
VmallocUsed:      136160 kB
VmallocChunk:   251433004 kB
Time pass: 262 sec

---2015-12-18 17:17:12
MemTotal:        2873608 kB
MemFree:           78688 kB
Buffers:           14672 kB
Cached:           900724 kB
SwapCached:           36 kB
Active:          1331468 kB
Inactive:         635072 kB
Active(anon):     853936 kB
Inactive(anon):   211364 kB
Active(file):     477532 kB
Inactive(file):   423708 kB
Unevictable:       13568 kB
Mlocked:               0 kB
SwapTotal:        715328 kB
SwapFree:         702568 kB
Dirty:                52 kB
Writeback:             0 kB
AnonPages:       1064760 kB
Mapped:           613348 kB
Shmem:               588 kB
Slab:              99676 kB
SReclaimable:      32124 kB
SUnreclaim:        67552 kB
KernelStack:       38640 kB
PageTables:        50000 kB
NFS_Unstable:          0 kB
Bounce:                0 kB
WritebackTmp:          0 kB
CommitLimit:     2152132 kB
Committed_AS:   119101068 kB
VmallocTotal:   251658176 kB
VmallocUsed:      136160 kB
VmallocChunk:   251433004 kB
Time pass: 266 sec

---2015-12-18 17:17:12
MemTotal:        2873608 kB
MemFree:           78636 kB
Buffers:           14688 kB
Cached:           900724 kB
SwapCached:           36 kB
Active:          1331572 kB
Inactive:         635084 kB
Active(anon):     854036 kB
Inactive(anon):   211364 kB
Active(file):     477536 kB
Inactive(file):   423720 kB
Unevictable:       13568 kB
Mlocked:               0 kB
SwapTotal:        715328 kB
SwapFree:         702568 kB
Dirty:                 4 kB
Writeback:             0 kB
AnonPages:       1065212 kB
Mapped:           613572 kB
Shmem:               588 kB
Slab:              99676 kB
SReclaimable:      32124 kB
SUnreclaim:        67552 kB
KernelStack:       38640 kB
PageTables:        50000 kB
NFS_Unstable:          0 kB
Bounce:                0 kB
WritebackTmp:          0 kB
CommitLimit:     2152132 kB
Committed_AS:   119101028 kB
VmallocTotal:   251658176 kB
VmallocUsed:      136160 kB
VmallocChunk:   251433004 kB
Time pass: 270 sec

---2015-12-18 17:17:12
MemTotal:        2873608 kB
MemFree:           78240 kB
Buffers:           14696 kB
Cached:           900724 kB
SwapCached:           36 kB
Active:          1332068 kB
Inactive:         635092 kB
Active(anon):     854532 kB
Inactive(anon):   211364 kB
Active(file):     477536 kB
Inactive(file):   423728 kB
Unevictable:       13568 kB
Mlocked:               0 kB
SwapTotal:        715328 kB
SwapFree:         702568 kB
Dirty:                32 kB
Writeback:             0 kB
AnonPages:       1065152 kB
Mapped:           613572 kB
Shmem:               588 kB
Slab:              99684 kB
SReclaimable:      32124 kB
SUnreclaim:        67560 kB
KernelStack:       38608 kB
PageTables:        50000 kB
NFS_Unstable:          0 kB
Bounce:                0 kB
WritebackTmp:          0 kB
CommitLimit:     2152132 kB
Committed_AS:   119101108 kB
VmallocTotal:   251658176 kB
VmallocUsed:      136160 kB
VmallocChunk:   251433004 kB
Time pass: 274 sec

---2015-12-18 17:17:12
MemTotal:        2873608 kB
MemFree:           76972 kB
Buffers:           14720 kB
Cached:           900744 kB
SwapCached:           36 kB
Active:          1333700 kB
Inactive:         635136 kB
Active(anon):     856164 kB
Inactive(anon):   211364 kB
Active(file):     477536 kB
Inactive(file):   423772 kB
Unevictable:       13568 kB
Mlocked:               0 kB
SwapTotal:        715328 kB
SwapFree:         702568 kB
Dirty:               112 kB
Writeback:             0 kB
AnonPages:       1066772 kB
Mapped:           613668 kB
Shmem:               588 kB
Slab:              99676 kB
SReclaimable:      32124 kB
SUnreclaim:        67552 kB
KernelStack:       38624 kB
PageTables:        50028 kB
NFS_Unstable:          0 kB
Bounce:                0 kB
WritebackTmp:          0 kB
CommitLimit:     2152132 kB
Committed_AS:   119101148 kB
VmallocTotal:   251658176 kB
VmallocUsed:      136160 kB
VmallocChunk:   251433004 kB
Time pass: 277 sec

---2015-12-18 17:17:12
MemTotal:        2873608 kB
MemFree:           76056 kB
Buffers:           14720 kB
Cached:           900744 kB
SwapCached:           36 kB
Active:          1334348 kB
Inactive:         635136 kB
Active(anon):     856812 kB
Inactive(anon):   211364 kB
Active(file):     477536 kB
Inactive(file):   423772 kB
Unevictable:       13568 kB
Mlocked:               0 kB
SwapTotal:        715328 kB
SwapFree:         702568 kB
Dirty:                24 kB
Writeback:             0 kB
AnonPages:       1067564 kB
Mapped:           613676 kB
Shmem:               588 kB
Slab:              99676 kB
SReclaimable:      32124 kB
SUnreclaim:        67552 kB
KernelStack:       38608 kB
PageTables:        50028 kB
NFS_Unstable:          0 kB
Bounce:                0 kB
WritebackTmp:          0 kB
CommitLimit:     2152132 kB
Committed_AS:   119101132 kB
VmallocTotal:   251658176 kB
VmallocUsed:      136160 kB
VmallocChunk:   251433004 kB
Time pass: 281 sec

---2015-12-18 17:17:12
MemTotal:        2873608 kB
MemFree:           74908 kB
Buffers:           14728 kB
Cached:           900772 kB
SwapCached:           36 kB
Active:          1335248 kB
Inactive:         635172 kB
Active(anon):     857712 kB
Inactive(anon):   211392 kB
Active(file):     477536 kB
Inactive(file):   423780 kB
Unevictable:       13568 kB
Mlocked:               0 kB
SwapTotal:        715328 kB
SwapFree:         702568 kB
Dirty:                44 kB
Writeback:             0 kB
AnonPages:       1068480 kB
Mapped:           613624 kB
Shmem:               616 kB
Slab:              99676 kB
SReclaimable:      32124 kB
SUnreclaim:        67552 kB
KernelStack:       38608 kB
PageTables:        50000 kB
NFS_Unstable:          0 kB
Bounce:                0 kB
WritebackTmp:          0 kB
CommitLimit:     2152132 kB
Committed_AS:   119101140 kB
VmallocTotal:   251658176 kB
VmallocUsed:      136160 kB
VmallocChunk:   251433004 kB
Time pass: 285 sec

---2015-12-18 17:17:12
MemTotal:        2873608 kB
MemFree:           73652 kB
Buffers:           14768 kB
Cached:           900772 kB
SwapCached:           36 kB
Active:          1336576 kB
Inactive:         635204 kB
Active(anon):     859040 kB
Inactive(anon):   211392 kB
Active(file):     477536 kB
Inactive(file):   423812 kB
Unevictable:       13568 kB
Mlocked:               0 kB
SwapTotal:        715328 kB
SwapFree:         702568 kB
Dirty:                40 kB
Writeback:             0 kB
AnonPages:       1069872 kB
Mapped:           613644 kB
Shmem:               624 kB
Slab:              99708 kB
SReclaimable:      32124 kB
SUnreclaim:        67584 kB
KernelStack:       38624 kB
PageTables:        50048 kB
NFS_Unstable:          0 kB
Bounce:                0 kB
WritebackTmp:          0 kB
CommitLimit:     2152132 kB
Committed_AS:   119101228 kB
VmallocTotal:   251658176 kB
VmallocUsed:      136160 kB
VmallocChunk:   251433004 kB
Time pass: 289 sec

---2015-12-18 17:17:12
MemTotal:        2873608 kB
MemFree:           72836 kB
Buffers:           14768 kB
Cached:           900776 kB
SwapCached:           36 kB
Active:          1336872 kB
Inactive:         635212 kB
Active(anon):     859336 kB
Inactive(anon):   211392 kB
Active(file):     477536 kB
Inactive(file):   423820 kB
Unevictable:       13568 kB
Mlocked:               0 kB
SwapTotal:        715328 kB
SwapFree:         702568 kB
Dirty:                88 kB
Writeback:             0 kB
AnonPages:       1070172 kB
Mapped:           613716 kB
Shmem:               620 kB
Slab:              99708 kB
SReclaimable:      32124 kB
SUnreclaim:        67584 kB
KernelStack:       38624 kB
PageTables:        50036 kB
NFS_Unstable:          0 kB
Bounce:                0 kB
WritebackTmp:          0 kB
CommitLimit:     2152132 kB
Committed_AS:   119101196 kB
VmallocTotal:   251658176 kB
VmallocUsed:      136160 kB
VmallocChunk:   251433004 kB
Time pass: 293 sec

---2015-12-18 17:17:12
MemTotal:        2873608 kB
MemFree:           72900 kB
Buffers:           14768 kB
Cached:           900776 kB
SwapCached:           36 kB
Active:          1337200 kB
Inactive:         635216 kB
Active(anon):     859664 kB
Inactive(anon):   211396 kB
Active(file):     477536 kB
Inactive(file):   423820 kB
Unevictable:       13568 kB
Mlocked:               0 kB
SwapTotal:        715328 kB
SwapFree:         702568 kB
Dirty:                 0 kB
Writeback:             0 kB
AnonPages:       1070504 kB
Mapped:           613640 kB
Shmem:               620 kB
Slab:              99676 kB
SReclaimable:      32124 kB
SUnreclaim:        67552 kB
KernelStack:       38608 kB
PageTables:        50004 kB
NFS_Unstable:          0 kB
Bounce:                0 kB
WritebackTmp:          0 kB
CommitLimit:     2152132 kB
Committed_AS:   119101148 kB
VmallocTotal:   251658176 kB
VmallocUsed:      136160 kB
VmallocChunk:   251433004 kB
Time pass: 297 sec

---2015-12-18 17:17:12
MemTotal:        2873608 kB
MemFree:           72176 kB
Buffers:           14788 kB
Cached:           900780 kB
SwapCached:           36 kB
Active:          1337664 kB
Inactive:         635240 kB
Active(anon):     860128 kB
Inactive(anon):   211400 kB
Active(file):     477536 kB
Inactive(file):   423840 kB
Unevictable:       13568 kB
Mlocked:               0 kB
SwapTotal:        715328 kB
SwapFree:         702568 kB
Dirty:                44 kB
Writeback:             0 kB
AnonPages:       1070700 kB
Mapped:           613728 kB
Shmem:               624 kB
Slab:              99676 kB
SReclaimable:      32124 kB
SUnreclaim:        67552 kB
KernelStack:       38592 kB
PageTables:        50032 kB
NFS_Unstable:          0 kB
Bounce:                0 kB
WritebackTmp:          0 kB
CommitLimit:     2152132 kB
Committed_AS:   119101116 kB
VmallocTotal:   251658176 kB
VmallocUsed:      136160 kB
VmallocChunk:   251433004 kB
Time pass: 301 sec

---2015-12-18 17:17:12
MemTotal:        2873608 kB
MemFree:           72236 kB
Buffers:           14796 kB
Cached:           900772 kB
SwapCached:           36 kB
Active:          1337648 kB
Inactive:         635240 kB
Active(anon):     860112 kB
Inactive(anon):   211400 kB
Active(file):     477536 kB
Inactive(file):   423840 kB
Unevictable:       13568 kB
Mlocked:               0 kB
SwapTotal:        715328 kB
SwapFree:         702568 kB
Dirty:                32 kB
Writeback:             0 kB
AnonPages:       1070840 kB
Mapped:           613784 kB
Shmem:               624 kB
Slab:              99676 kB
SReclaimable:      32124 kB
SUnreclaim:        67552 kB
KernelStack:       38592 kB
PageTables:        50028 kB
NFS_Unstable:          0 kB
Bounce:                0 kB
WritebackTmp:          0 kB
CommitLimit:     2152132 kB
Committed_AS:   119101132 kB
VmallocTotal:   251658176 kB
VmallocUsed:      136160 kB
VmallocChunk:   251433004 kB
Time pass: 305 sec

---2015-12-18 17:17:12
MemTotal:        2873608 kB
MemFree:           71464 kB
Buffers:           14796 kB
Cached:           900780 kB
SwapCached:           36 kB
Active:          1338700 kB
Inactive:         635248 kB
Active(anon):     861164 kB
Inactive(anon):   211400 kB
Active(file):     477536 kB
Inactive(file):   423848 kB
Unevictable:       13568 kB
Mlocked:               0 kB
SwapTotal:        715328 kB
SwapFree:         702568 kB
Dirty:                72 kB
Writeback:             0 kB
AnonPages:       1071764 kB
Mapped:           613800 kB
Shmem:               624 kB
Slab:              99676 kB
SReclaimable:      32124 kB
SUnreclaim:        67552 kB
KernelStack:       38608 kB
PageTables:        50028 kB
NFS_Unstable:          0 kB
Bounce:                0 kB
WritebackTmp:          0 kB
CommitLimit:     2152132 kB
Committed_AS:   119101164 kB
VmallocTotal:   251658176 kB
VmallocUsed:      136160 kB
VmallocChunk:   251433004 kB
Time pass: 309 sec

---2015-12-18 17:17:12
MemTotal:        2873608 kB
MemFree:           70568 kB
Buffers:           14812 kB
Cached:           900788 kB
SwapCached:           36 kB
Active:          1339060 kB
Inactive:         635272 kB
Active(anon):     861524 kB
Inactive(anon):   211408 kB
Active(file):     477536 kB
Inactive(file):   423864 kB
Unevictable:       13568 kB
Mlocked:               0 kB
SwapTotal:        715328 kB
SwapFree:         702568 kB
Dirty:                60 kB
Writeback:             0 kB
AnonPages:       1072260 kB
Mapped:           613820 kB
Shmem:               632 kB
Slab:              99684 kB
SReclaimable:      32124 kB
SUnreclaim:        67560 kB
KernelStack:       38592 kB
PageTables:        50028 kB
NFS_Unstable:          0 kB
Bounce:                0 kB
WritebackTmp:          0 kB
CommitLimit:     2152132 kB
Committed_AS:   119101100 kB
VmallocTotal:   251658176 kB
VmallocUsed:      136160 kB
VmallocChunk:   251433004 kB
Time pass: 313 sec

---2015-12-18 17:17:12
MemTotal:        2873608 kB
MemFree:           70680 kB
Buffers:           14820 kB
Cached:           900820 kB
SwapCached:           36 kB
Active:          1339292 kB
Inactive:         635276 kB
Active(anon):     861756 kB
Inactive(anon):   211412 kB
Active(file):     477536 kB
Inactive(file):   423864 kB
Unevictable:       13568 kB
Mlocked:               0 kB
SwapTotal:        715328 kB
SwapFree:         702568 kB
Dirty:                32 kB
Writeback:             0 kB
AnonPages:       1072412 kB
Mapped:           613784 kB
Shmem:               664 kB
Slab:              99696 kB
SReclaimable:      32124 kB
SUnreclaim:        67572 kB
KernelStack:       38576 kB
PageTables:        50004 kB
NFS_Unstable:          0 kB
Bounce:                0 kB
WritebackTmp:          0 kB
CommitLimit:     2152132 kB
Committed_AS:   119101092 kB
VmallocTotal:   251658176 kB
VmallocUsed:      136160 kB
VmallocChunk:   251433004 kB
Time pass: 317 sec

---2015-12-18 17:17:12
MemTotal:        2873608 kB
MemFree:           71696 kB
Buffers:           14820 kB
Cached:           900820 kB
SwapCached:           36 kB
Active:          1338404 kB
Inactive:         635312 kB
Active(anon):     860868 kB
Inactive(anon):   211440 kB
Active(file):     477536 kB
Inactive(file):   423872 kB
Unevictable:       13568 kB
Mlocked:               0 kB
SwapTotal:        715328 kB
SwapFree:         702568 kB
Dirty:                32 kB
Writeback:             0 kB
AnonPages:       1071604 kB
Mapped:           613868 kB
Shmem:               664 kB
Slab:              99676 kB
SReclaimable:      32124 kB
SUnreclaim:        67552 kB
KernelStack:       38560 kB
PageTables:        50032 kB
NFS_Unstable:          0 kB
Bounce:                0 kB
WritebackTmp:          0 kB
CommitLimit:     2152132 kB
Committed_AS:   119101084 kB
VmallocTotal:   251658176 kB
VmallocUsed:      136160 kB
VmallocChunk:   251433004 kB
Time pass: 320 sec

---2015-12-18 17:17:12
MemTotal:        2873608 kB
MemFree:           70724 kB
Buffers:           14836 kB
Cached:           900820 kB
SwapCached:           36 kB
Active:          1338780 kB
Inactive:         635328 kB
Active(anon):     861244 kB
Inactive(anon):   211440 kB
Active(file):     477536 kB
Inactive(file):   423888 kB
Unevictable:       13568 kB
Mlocked:               0 kB
SwapTotal:        715328 kB
SwapFree:         702568 kB
Dirty:                44 kB
Writeback:             0 kB
AnonPages:       1071896 kB
Mapped:           613808 kB
Shmem:               664 kB
Slab:              99692 kB
SReclaimable:      32124 kB
SUnreclaim:        67568 kB
KernelStack:       38576 kB
PageTables:        50004 kB
NFS_Unstable:          0 kB
Bounce:                0 kB
WritebackTmp:          0 kB
CommitLimit:     2152132 kB
Committed_AS:   119101036 kB
VmallocTotal:   251658176 kB
VmallocUsed:      136160 kB
VmallocChunk:   251433004 kB
Time pass: 324 sec

---2015-12-18 17:17:12
MemTotal:        2873608 kB
MemFree:           70932 kB
Buffers:           14852 kB
Cached:           900820 kB
SwapCached:           36 kB
Active:          1338852 kB
Inactive:         635344 kB
Active(anon):     861316 kB
Inactive(anon):   211440 kB
Active(file):     477536 kB
Inactive(file):   423904 kB
Unevictable:       13568 kB
Mlocked:               0 kB
SwapTotal:        715328 kB
SwapFree:         702568 kB
Dirty:                 0 kB
Writeback:             0 kB
AnonPages:       1072076 kB
Mapped:           613812 kB
Shmem:               664 kB
Slab:              99688 kB
SReclaimable:      32124 kB
SUnreclaim:        67564 kB
KernelStack:       38544 kB
PageTables:        50008 kB
NFS_Unstable:          0 kB
Bounce:                0 kB
WritebackTmp:          0 kB
CommitLimit:     2152132 kB
Committed_AS:   119101124 kB
VmallocTotal:   251658176 kB
VmallocUsed:      136160 kB
VmallocChunk:   251433004 kB
Time pass: 328 sec

---2015-12-18 17:17:12
MemTotal:        2873608 kB
MemFree:           70468 kB
Buffers:           14852 kB
Cached:           900820 kB
SwapCached:           36 kB
Active:          1339280 kB
Inactive:         635344 kB
Active(anon):     861744 kB
Inactive(anon):   211440 kB
Active(file):     477536 kB
Inactive(file):   423904 kB
Unevictable:       13568 kB
Mlocked:               0 kB
SwapTotal:        715328 kB
SwapFree:         702568 kB
Dirty:                 0 kB
Writeback:             0 kB
AnonPages:       1072416 kB
Mapped:           613824 kB
Shmem:               664 kB
Slab:              99696 kB
SReclaimable:      32124 kB
SUnreclaim:        67572 kB
KernelStack:       38544 kB
PageTables:        50000 kB
NFS_Unstable:          0 kB
Bounce:                0 kB
WritebackTmp:          0 kB
CommitLimit:     2152132 kB
Committed_AS:   119101140 kB
VmallocTotal:   251658176 kB
VmallocUsed:      136160 kB
VmallocChunk:   251433004 kB
Time pass: 332 sec

---2015-12-18 17:17:12
MemTotal:        2873608 kB
MemFree:           70240 kB
Buffers:           14876 kB
Cached:           900840 kB
SwapCached:           36 kB
Active:          1339024 kB
Inactive:         635380 kB
Active(anon):     861488 kB
Inactive(anon):   211444 kB
Active(file):     477536 kB
Inactive(file):   423936 kB
Unevictable:       13568 kB
Mlocked:               0 kB
SwapTotal:        715328 kB
SwapFree:         702568 kB
Dirty:                64 kB
Writeback:             0 kB
AnonPages:       1072424 kB
Mapped:           613856 kB
Shmem:               668 kB
Slab:              99692 kB
SReclaimable:      32124 kB
SUnreclaim:        67568 kB
KernelStack:       38576 kB
PageTables:        50004 kB
NFS_Unstable:          0 kB
Bounce:                0 kB
WritebackTmp:          0 kB
CommitLimit:     2152132 kB
Committed_AS:   119101156 kB
VmallocTotal:   251658176 kB
VmallocUsed:      136160 kB
VmallocChunk:   251433004 kB
Time pass: 336 sec

---2015-12-18 17:17:12
MemTotal:        2873608 kB
MemFree:           70364 kB
Buffers:           14876 kB
Cached:           900840 kB
SwapCached:           36 kB
Active:          1339384 kB
Inactive:         635388 kB
Active(anon):     861848 kB
Inactive(anon):   211444 kB
Active(file):     477536 kB
Inactive(file):   423944 kB
Unevictable:       13568 kB
Mlocked:               0 kB
SwapTotal:        715328 kB
SwapFree:         702568 kB
Dirty:                 0 kB
Writeback:             0 kB
AnonPages:       1072688 kB
Mapped:           613860 kB
Shmem:               668 kB
Slab:              99728 kB
SReclaimable:      32124 kB
SUnreclaim:        67604 kB
KernelStack:       38576 kB
PageTables:        50004 kB
NFS_Unstable:          0 kB
Bounce:                0 kB
WritebackTmp:          0 kB
CommitLimit:     2152132 kB
Committed_AS:   119101148 kB
VmallocTotal:   251658176 kB
VmallocUsed:      136160 kB
VmallocChunk:   251433004 kB
Time pass: 340 sec

---2015-12-18 17:17:12
MemTotal:        2873608 kB
MemFree:           69768 kB
Buffers:           14884 kB
Cached:           900840 kB
SwapCached:           36 kB
Active:          1340000 kB
Inactive:         635392 kB
Active(anon):     862464 kB
Inactive(anon):   211440 kB
Active(file):     477536 kB
Inactive(file):   423952 kB
Unevictable:       13568 kB
Mlocked:               0 kB
SwapTotal:        715328 kB
SwapFree:         702568 kB
Dirty:                32 kB
Writeback:             0 kB
AnonPages:       1073352 kB
Mapped:           613948 kB
Shmem:               668 kB
Slab:              99728 kB
SReclaimable:      32124 kB
SUnreclaim:        67604 kB
KernelStack:       38576 kB
PageTables:        50032 kB
NFS_Unstable:          0 kB
Bounce:                0 kB
WritebackTmp:          0 kB
CommitLimit:     2152132 kB
Committed_AS:   119101140 kB
VmallocTotal:   251658176 kB
VmallocUsed:      136160 kB
VmallocChunk:   251433004 kB
Time pass: 344 sec

---2015-12-18 17:17:12
MemTotal:        2873608 kB
MemFree:           67936 kB
Buffers:           14900 kB
Cached:           900972 kB
SwapCached:           36 kB
Active:          1341352 kB
Inactive:         635524 kB
Active(anon):     863808 kB
Inactive(anon):   211440 kB
Active(file):     477544 kB
Inactive(file):   424084 kB
Unevictable:       13568 kB
Mlocked:               0 kB
SwapTotal:        715328 kB
SwapFree:         702568 kB
Dirty:                72 kB
Writeback:             0 kB
AnonPages:       1074492 kB
Mapped:           613884 kB
Shmem:               672 kB
Slab:              99728 kB
SReclaimable:      32124 kB
SUnreclaim:        67604 kB
KernelStack:       38544 kB
PageTables:        50076 kB
NFS_Unstable:          0 kB
Bounce:                0 kB
WritebackTmp:          0 kB
CommitLimit:     2152132 kB
Committed_AS:   119101092 kB
VmallocTotal:   251658176 kB
VmallocUsed:      136160 kB
VmallocChunk:   251433004 kB
Time pass: 348 sec

---2015-12-18 17:17:12
MemTotal:        2873608 kB
MemFree:           68000 kB
Buffers:           14900 kB
Cached:           900980 kB
SwapCached:           36 kB
Active:          1341164 kB
Inactive:         635536 kB
Active(anon):     863620 kB
Inactive(anon):   211440 kB
Active(file):     477544 kB
Inactive(file):   424096 kB
Unevictable:       13568 kB
Mlocked:               0 kB
SwapTotal:        715328 kB
SwapFree:         702568 kB
Dirty:                72 kB
Writeback:             0 kB
AnonPages:       1074376 kB
Mapped:           613948 kB
Shmem:               672 kB
Slab:              99728 kB
SReclaimable:      32124 kB
SUnreclaim:        67604 kB
KernelStack:       38544 kB
PageTables:        50016 kB
NFS_Unstable:          0 kB
Bounce:                0 kB
WritebackTmp:          0 kB
CommitLimit:     2152132 kB
Committed_AS:   119100980 kB
VmallocTotal:   251658176 kB
VmallocUsed:      136160 kB
VmallocChunk:   251433004 kB
Time pass: 351 sec

---2015-12-18 17:17:12
MemTotal:        2873608 kB
MemFree:           67812 kB
Buffers:           14908 kB
Cached:           901068 kB
SwapCached:           36 kB
Active:          1341584 kB
Inactive:         635632 kB
Active(anon):     864040 kB
Inactive(anon):   211468 kB
Active(file):     477544 kB
Inactive(file):   424164 kB
Unevictable:       13568 kB
Mlocked:               0 kB
SwapTotal:        715328 kB
SwapFree:         702568 kB
Dirty:                32 kB
Writeback:             0 kB
AnonPages:       1074796 kB
Mapped:           614076 kB
Shmem:               700 kB
Slab:              99680 kB
SReclaimable:      32124 kB
SUnreclaim:        67556 kB
KernelStack:       38528 kB
PageTables:        50048 kB
NFS_Unstable:          0 kB
Bounce:                0 kB
WritebackTmp:          0 kB
CommitLimit:     2152132 kB
Committed_AS:   119101036 kB
VmallocTotal:   251658176 kB
VmallocUsed:      136160 kB
VmallocChunk:   251433004 kB
Time pass: 355 sec

---2015-12-18 17:17:12
MemTotal:        2873608 kB
MemFree:           67460 kB
Buffers:           14924 kB
Cached:           901072 kB
SwapCached:           36 kB
Active:          1341984 kB
Inactive:         635648 kB
Active(anon):     864440 kB
Inactive(anon):   211472 kB
Active(file):     477544 kB
Inactive(file):   424176 kB
Unevictable:       13568 kB
Mlocked:               0 kB
SwapTotal:        715328 kB
SwapFree:         702568 kB
Dirty:                48 kB
Writeback:             0 kB
AnonPages:       1075016 kB
Mapped:           614092 kB
Shmem:               704 kB
Slab:              99680 kB
SReclaimable:      32124 kB
SUnreclaim:        67556 kB
KernelStack:       38496 kB
PageTables:        50044 kB
NFS_Unstable:          0 kB
Bounce:                0 kB
WritebackTmp:          0 kB
CommitLimit:     2152132 kB
Committed_AS:   119101044 kB
VmallocTotal:   251658176 kB
VmallocUsed:      136160 kB
VmallocChunk:   251433004 kB
Time pass: 359 sec

---2015-12-18 17:17:12
MemTotal:        2873608 kB
MemFree:           67636 kB
Buffers:           14924 kB
Cached:           901072 kB
SwapCached:           36 kB
Active:          1341980 kB
Inactive:         635652 kB
Active(anon):     864436 kB
Inactive(anon):   211472 kB
Active(file):     477544 kB
Inactive(file):   424180 kB
Unevictable:       13568 kB
Mlocked:               0 kB
SwapTotal:        715328 kB
SwapFree:         702568 kB
Dirty:                48 kB
Writeback:             0 kB
AnonPages:       1075136 kB
Mapped:           614144 kB
Shmem:               704 kB
Slab:              99680 kB
SReclaimable:      32124 kB
SUnreclaim:        67556 kB
KernelStack:       38496 kB
PageTables:        50036 kB
NFS_Unstable:          0 kB
Bounce:                0 kB
WritebackTmp:          0 kB
CommitLimit:     2152132 kB
Committed_AS:   119101036 kB
VmallocTotal:   251658176 kB
VmallocUsed:      136160 kB
VmallocChunk:   251433004 kB
Time pass: 363 sec

---2015-12-18 17:17:12
MemTotal:        2873608 kB
MemFree:           66552 kB
Buffers:           14932 kB
Cached:           901072 kB
SwapCached:           36 kB
Active:          1342428 kB
Inactive:         635660 kB
Active(anon):     864884 kB
Inactive(anon):   211472 kB
Active(file):     477544 kB
Inactive(file):   424188 kB
Unevictable:       13568 kB
Mlocked:               0 kB
SwapTotal:        715328 kB
SwapFree:         702568 kB
Dirty:                32 kB
Writeback:             0 kB
AnonPages:       1075276 kB
Mapped:           614124 kB
Shmem:               704 kB
Slab:              99676 kB
SReclaimable:      32124 kB
SUnreclaim:        67552 kB
KernelStack:       38528 kB
PageTables:        50044 kB
NFS_Unstable:          0 kB
Bounce:                0 kB
WritebackTmp:          0 kB
CommitLimit:     2152132 kB
Committed_AS:   119101028 kB
VmallocTotal:   251658176 kB
VmallocUsed:      136160 kB
VmallocChunk:   251433004 kB
Time pass: 367 sec

---2015-12-18 17:17:12
MemTotal:        2873608 kB
MemFree:           66580 kB
Buffers:           14948 kB
Cached:           901056 kB
SwapCached:           36 kB
Active:          1342632 kB
Inactive:         635660 kB
Active(anon):     865088 kB
Inactive(anon):   211472 kB
Active(file):     477544 kB
Inactive(file):   424188 kB
Unevictable:       13568 kB
Mlocked:               0 kB
SwapTotal:        715328 kB
SwapFree:         702568 kB
Dirty:                 0 kB
Writeback:             0 kB
AnonPages:       1075696 kB
Mapped:           614128 kB
Shmem:               704 kB
Slab:              99672 kB
SReclaimable:      32124 kB
SUnreclaim:        67548 kB
KernelStack:       38528 kB
PageTables:        50044 kB
NFS_Unstable:          0 kB
Bounce:                0 kB
WritebackTmp:          0 kB
CommitLimit:     2152132 kB
Committed_AS:   119101044 kB
VmallocTotal:   251658176 kB
VmallocUsed:      136160 kB
VmallocChunk:   251433004 kB
Time pass: 371 sec

---2015-12-18 17:17:12
MemTotal:        2873608 kB
MemFree:           66616 kB
Buffers:           14948 kB
Cached:           901072 kB
SwapCached:           36 kB
Active:          1342876 kB
Inactive:         635656 kB
Active(anon):     865332 kB
Inactive(anon):   211452 kB
Active(file):     477544 kB
Inactive(file):   424204 kB
Unevictable:       13568 kB
Mlocked:               0 kB
SwapTotal:        715328 kB
SwapFree:         702568 kB
Dirty:                44 kB
Writeback:             0 kB
AnonPages:       1075800 kB
Mapped:           614052 kB
Shmem:               704 kB
Slab:              99704 kB
SReclaimable:      32124 kB
SUnreclaim:        67580 kB
KernelStack:       38528 kB
PageTables:        50012 kB
NFS_Unstable:          0 kB
Bounce:                0 kB
WritebackTmp:          0 kB
CommitLimit:     2152132 kB
Committed_AS:   119101044 kB
VmallocTotal:   251658176 kB
VmallocUsed:      136160 kB
VmallocChunk:   251433004 kB
Time pass: 375 sec

---2015-12-18 17:17:12
MemTotal:        2873608 kB
MemFree:           68072 kB
Buffers:           14956 kB
Cached:           901072 kB
SwapCached:           36 kB
Active:          1341700 kB
Inactive:         635664 kB
Active(anon):     864156 kB
Inactive(anon):   211452 kB
Active(file):     477544 kB
Inactive(file):   424212 kB
Unevictable:       13568 kB
Mlocked:               0 kB
SwapTotal:        715328 kB
SwapFree:         702568 kB
Dirty:                80 kB
Writeback:             0 kB
AnonPages:       1074692 kB
Mapped:           614060 kB
Shmem:               704 kB
Slab:              99672 kB
SReclaimable:      32124 kB
SUnreclaim:        67548 kB
KernelStack:       38544 kB
PageTables:        50016 kB
NFS_Unstable:          0 kB
Bounce:                0 kB
WritebackTmp:          0 kB
CommitLimit:     2152132 kB
Committed_AS:   119101092 kB
VmallocTotal:   251658176 kB
VmallocUsed:      136160 kB
VmallocChunk:   251433004 kB
Time pass: 379 sec

---2015-12-18 17:17:12
MemTotal:        2873608 kB
MemFree:           71008 kB
Buffers:           14956 kB
Cached:           901124 kB
SwapCached:           36 kB
Active:          1337888 kB
Inactive:         635716 kB
Active(anon):     860344 kB
Inactive(anon):   211456 kB
Active(file):     477544 kB
Inactive(file):   424260 kB
Unevictable:       13568 kB
Mlocked:               0 kB
SwapTotal:        715328 kB
SwapFree:         702568 kB
Dirty:                 4 kB
Writeback:             0 kB
AnonPages:       1070992 kB
Mapped:           614124 kB
Shmem:               708 kB
Slab:              99672 kB
SReclaimable:      32124 kB
SUnreclaim:        67548 kB
KernelStack:       38544 kB
PageTables:        50020 kB
NFS_Unstable:          0 kB
Bounce:                0 kB
WritebackTmp:          0 kB
CommitLimit:     2152132 kB
Committed_AS:   119101076 kB
VmallocTotal:   251658176 kB
VmallocUsed:      136160 kB
VmallocChunk:   251433004 kB
Time pass: 383 sec

---2015-12-18 17:17:12
MemTotal:        2873608 kB
MemFree:           71056 kB
Buffers:           14980 kB
Cached:           901136 kB
SwapCached:           36 kB
Active:          1338388 kB
Inactive:         635744 kB
Active(anon):     860844 kB
Inactive(anon):   211460 kB
Active(file):     477544 kB
Inactive(file):   424284 kB
Unevictable:       13568 kB
Mlocked:               0 kB
SwapTotal:        715328 kB
SwapFree:         702568 kB
Dirty:                64 kB
Writeback:             0 kB
AnonPages:       1071664 kB
Mapped:           614180 kB
Shmem:               720 kB
Slab:              99696 kB
SReclaimable:      32124 kB
SUnreclaim:        67572 kB
KernelStack:       38544 kB
PageTables:        50052 kB
NFS_Unstable:          0 kB
Bounce:                0 kB
WritebackTmp:          0 kB
CommitLimit:     2152132 kB
Committed_AS:   119101072 kB
VmallocTotal:   251658176 kB
VmallocUsed:      136160 kB
VmallocChunk:   251433004 kB
Time pass: 387 sec

---2015-12-18 17:17:12
MemTotal:        2873608 kB
MemFree:           71036 kB
Buffers:           14996 kB
Cached:           901136 kB
SwapCached:           36 kB
Active:          1338316 kB
Inactive:         635760 kB
Active(anon):     860772 kB
Inactive(anon):   211460 kB
Active(file):     477544 kB
Inactive(file):   424300 kB
Unevictable:       13568 kB
Mlocked:               0 kB
SwapTotal:        715328 kB
SwapFree:         702568 kB
Dirty:                56 kB
Writeback:             0 kB
AnonPages:       1071400 kB
Mapped:           614188 kB
Shmem:               720 kB
Slab:              99656 kB
SReclaimable:      32108 kB
SUnreclaim:        67548 kB
KernelStack:       38544 kB
PageTables:        50048 kB
NFS_Unstable:          0 kB
Bounce:                0 kB
WritebackTmp:          0 kB
CommitLimit:     2152132 kB
Committed_AS:   119101100 kB
VmallocTotal:   251658176 kB
VmallocUsed:      136160 kB
VmallocChunk:   251433004 kB
Time pass: 391 sec

---2015-12-18 17:17:12
MemTotal:        2873608 kB
MemFree:           70980 kB
Buffers:           15004 kB
Cached:           901136 kB
SwapCached:           36 kB
Active:          1338152 kB
Inactive:         635768 kB
Active(anon):     860608 kB
Inactive(anon):   211460 kB
Active(file):     477544 kB
Inactive(file):   424308 kB
Unevictable:       13568 kB
Mlocked:               0 kB
SwapTotal:        715328 kB
SwapFree:         702568 kB
Dirty:                28 kB
Writeback:             0 kB
AnonPages:       1071372 kB
Mapped:           614156 kB
Shmem:               720 kB
Slab:              99656 kB
SReclaimable:      32108 kB
SUnreclaim:        67548 kB
KernelStack:       38544 kB
PageTables:        50020 kB
NFS_Unstable:          0 kB
Bounce:                0 kB
WritebackTmp:          0 kB
CommitLimit:     2152132 kB
Committed_AS:   119101156 kB
VmallocTotal:   251658176 kB
VmallocUsed:      136160 kB
VmallocChunk:   251433004 kB
Time pass: 394 sec

---2015-12-18 17:17:12
MemTotal:        2873608 kB
MemFree:           71132 kB
Buffers:           15020 kB
