---2015-12-10 12:23:27
MemTotal:        1862952 kB
MemFree:          282944 kB
Buffers:            8904 kB
Cached:           706660 kB
SwapCached:         2944 kB
Active:           553336 kB
Inactive:         784692 kB
Active(anon):     320880 kB
Inactive(anon):   303448 kB
Active(file):     232456 kB
Inactive(file):   481244 kB
Unevictable:        1296 kB
Mlocked:               0 kB
HighTotal:       1436668 kB
HighFree:         121632 kB
LowTotal:         426284 kB
LowFree:          161312 kB
SwapTotal:       1048572 kB
SwapFree:        1025044 kB
Dirty:                 0 kB
Writeback:             0 kB
AnonPages:        622148 kB
Mapped:           357216 kB
Shmem:               568 kB
Slab:              41128 kB
SReclaimable:      14004 kB
SUnreclaim:        27124 kB
KernelStack:       11424 kB
PageTables:        41668 kB
NFS_Unstable:          0 kB
Bounce:                0 kB
WritebackTmp:          0 kB
CommitLimit:     1980048 kB
Committed_AS:   85750680 kB
VmallocTotal:     458752 kB
VmallocUsed:      112712 kB
VmallocChunk:     155652 kB
Time pass: 3 sec

---2015-12-10 12:23:27
MemTotal:        1862952 kB
MemFree:          282712 kB
Buffers:            8904 kB
Cached:           706668 kB
SwapCached:         2944 kB
Active:           553552 kB
Inactive:         784660 kB
Active(anon):     321056 kB
Inactive(anon):   303448 kB
Active(file):     232496 kB
Inactive(file):   481212 kB
Unevictable:        1296 kB
Mlocked:               0 kB
HighTotal:       1436668 kB
HighFree:         121384 kB
LowTotal:         426284 kB
LowFree:          161328 kB
SwapTotal:       1048572 kB
SwapFree:        1025044 kB
Dirty:                 4 kB
Writeback:             0 kB
AnonPages:        622336 kB
Mapped:           357220 kB
Shmem:               568 kB
Slab:              41128 kB
SReclaimable:      14004 kB
SUnreclaim:        27124 kB
KernelStack:       11416 kB
PageTables:        41688 kB
NFS_Unstable:          0 kB
Bounce:                0 kB
WritebackTmp:          0 kB
CommitLimit:     1980048 kB
Committed_AS:   85750880 kB
VmallocTotal:     458752 kB
VmallocUsed:      112712 kB
VmallocChunk:     155652 kB
Time pass: 7 sec

---2015-12-10 12:23:27
MemTotal:        1862952 kB
MemFree:          282636 kB
Buffers:            8912 kB
Cached:           706672 kB
SwapCached:         2944 kB
Active:           553756 kB
Inactive:         784668 kB
Active(anon):     321256 kB
Inactive(anon):   303448 kB
Active(file):     232500 kB
Inactive(file):   481220 kB
Unevictable:        1296 kB
Mlocked:               0 kB
HighTotal:       1436668 kB
HighFree:         121240 kB
LowTotal:         426284 kB
LowFree:          161396 kB
SwapTotal:       1048572 kB
SwapFree:        1025044 kB
Dirty:                12 kB
Writeback:             0 kB
AnonPages:        622572 kB
Mapped:           357300 kB
Shmem:               568 kB
Slab:              41128 kB
SReclaimable:      14004 kB
SUnreclaim:        27124 kB
KernelStack:       11416 kB
PageTables:        41688 kB
NFS_Unstable:          0 kB
Bounce:                0 kB
WritebackTmp:          0 kB
CommitLimit:     1980048 kB
Committed_AS:   85750960 kB
VmallocTotal:     458752 kB
VmallocUsed:      112712 kB
VmallocChunk:     155652 kB
Time pass: 10 sec

---2015-12-10 12:23:27
MemTotal:        1862952 kB
MemFree:          282512 kB
Buffers:            8912 kB
Cached:           706672 kB
SwapCached:         2944 kB
Active:           553884 kB
Inactive:         784664 kB
Active(anon):     321380 kB
Inactive(anon):   303448 kB
Active(file):     232504 kB
Inactive(file):   481216 kB
Unevictable:        1296 kB
Mlocked:               0 kB
HighTotal:       1436668 kB
HighFree:         121116 kB
LowTotal:         426284 kB
LowFree:          161396 kB
SwapTotal:       1048572 kB
SwapFree:        1025044 kB
Dirty:                 4 kB
Writeback:             0 kB
AnonPages:        622700 kB
Mapped:           357312 kB
Shmem:               568 kB
Slab:              41128 kB
SReclaimable:      14004 kB
SUnreclaim:        27124 kB
KernelStack:       11400 kB
PageTables:        41672 kB
NFS_Unstable:          0 kB
Bounce:                0 kB
WritebackTmp:          0 kB
CommitLimit:     1980048 kB
Committed_AS:   85751120 kB
VmallocTotal:     458752 kB
VmallocUsed:      112712 kB
VmallocChunk:     155652 kB
Time pass: 14 sec

---2015-12-10 12:23:27
MemTotal:        1862952 kB
MemFree:          282248 kB
Buffers:            8920 kB
Cached:           706664 kB
SwapCached:         2944 kB
Active:           554052 kB
Inactive:         784664 kB
Active(anon):     321548 kB
Inactive(anon):   303448 kB
Active(file):     232504 kB
Inactive(file):   481216 kB
Unevictable:        1296 kB
Mlocked:               0 kB
HighTotal:       1436668 kB
HighFree:         120868 kB
LowTotal:         426284 kB
LowFree:          161380 kB
SwapTotal:       1048572 kB
SwapFree:        1025044 kB
Dirty:                 4 kB
Writeback:             0 kB
AnonPages:        622828 kB
Mapped:           357300 kB
Shmem:               568 kB
Slab:              41128 kB
SReclaimable:      14004 kB
SUnreclaim:        27124 kB
KernelStack:       11408 kB
PageTables:        41688 kB
NFS_Unstable:          0 kB
Bounce:                0 kB
WritebackTmp:          0 kB
CommitLimit:     1980048 kB
Committed_AS:   85751240 kB
VmallocTotal:     458752 kB
VmallocUsed:      112712 kB
VmallocChunk:     155652 kB
Time pass: 18 sec

---2015-12-10 12:23:27
MemTotal:        1862952 kB
MemFree:          282140 kB
Buffers:            8920 kB
Cached:           706672 kB
SwapCached:         2944 kB
Active:           554164 kB
Inactive:         784672 kB
Active(anon):     321660 kB
Inactive(anon):   303448 kB
Active(file):     232504 kB
Inactive(file):   481224 kB
Unevictable:        1296 kB
Mlocked:               0 kB
HighTotal:       1436668 kB
HighFree:         120744 kB
LowTotal:         426284 kB
LowFree:          161396 kB
SwapTotal:       1048572 kB
SwapFree:        1025044 kB
Dirty:                 4 kB
Writeback:             0 kB
AnonPages:        622988 kB
Mapped:           357300 kB
Shmem:               568 kB
Slab:              41128 kB
SReclaimable:      14004 kB
SUnreclaim:        27124 kB
KernelStack:       11416 kB
PageTables:        41688 kB
NFS_Unstable:          0 kB
Bounce:                0 kB
WritebackTmp:          0 kB
CommitLimit:     1980048 kB
Committed_AS:   85751320 kB
VmallocTotal:     458752 kB
VmallocUsed:      112712 kB
VmallocChunk:     155652 kB
Time pass: 22 sec

---2015-12-10 12:23:27
MemTotal:        1862952 kB
MemFree:          260972 kB
Buffers:            8932 kB
Cached:           707884 kB
SwapCached:         2964 kB
Active:           560532 kB
Inactive:         785592 kB
Active(anon):     328020 kB
Inactive(anon):   303448 kB
Active(file):     232512 kB
Inactive(file):   482144 kB
Unevictable:        1296 kB
Mlocked:               0 kB
HighTotal:       1436668 kB
HighFree:         101580 kB
LowTotal:         426284 kB
LowFree:          159392 kB
SwapTotal:       1048572 kB
SwapFree:        1025060 kB
Dirty:                 4 kB
Writeback:             0 kB
AnonPages:        629468 kB
Mapped:           357744 kB
Shmem:               568 kB
Slab:              41164 kB
SReclaimable:      14004 kB
SUnreclaim:        27160 kB
KernelStack:       11648 kB
PageTables:        42500 kB
NFS_Unstable:          0 kB
Bounce:                0 kB
WritebackTmp:          0 kB
CommitLimit:     1980048 kB
Committed_AS:   88240020 kB
VmallocTotal:     458752 kB
VmallocUsed:      115068 kB
VmallocChunk:     155652 kB
Time pass: 25 sec

---2015-12-10 12:23:27
MemTotal:        1862952 kB
MemFree:           90804 kB
Buffers:            9364 kB
Cached:           761856 kB
SwapCached:         3000 kB
Active:           609016 kB
Inactive:         834308 kB
Active(anon):     370540 kB
Inactive(anon):   303552 kB
Active(file):     238476 kB
Inactive(file):   530756 kB
Unevictable:        1296 kB
Mlocked:               0 kB
HighTotal:       1436668 kB
HighFree:           2588 kB
LowTotal:         426284 kB
LowFree:           88216 kB
SwapTotal:       1048572 kB
SwapFree:        1025068 kB
Dirty:              1156 kB
Writeback:             0 kB
AnonPages:        671788 kB
Mapped:           384220 kB
Shmem:               752 kB
Slab:              41288 kB
SReclaimable:      14040 kB
SUnreclaim:        27248 kB
KernelStack:       12032 kB
PageTables:        42924 kB
NFS_Unstable:          0 kB
Bounce:                0 kB
WritebackTmp:          0 kB
CommitLimit:     1980048 kB
Committed_AS:   87108672 kB
VmallocTotal:     458752 kB
VmallocUsed:      114156 kB
VmallocChunk:     155652 kB
Time pass: 29 sec

---2015-12-10 12:23:27
MemTotal:        1862952 kB
MemFree:           47780 kB
Buffers:            9364 kB
Cached:           762636 kB
SwapCached:         2932 kB
Active:           607272 kB
Inactive:         828068 kB
Active(anon):     368700 kB
Inactive(anon):   296636 kB
Active(file):     238572 kB
Inactive(file):   531432 kB
Unevictable:        1296 kB
Mlocked:               0 kB
HighTotal:       1436668 kB
HighFree:           7944 kB
LowTotal:         426284 kB
LowFree:           39836 kB
SwapTotal:       1048572 kB
SwapFree:        1025144 kB
Dirty:              1260 kB
Writeback:             0 kB
AnonPages:        663008 kB
Mapped:           426384 kB
Shmem:               700 kB
Slab:              41312 kB
SReclaimable:      14040 kB
SUnreclaim:        27272 kB
KernelStack:       12024 kB
PageTables:        42956 kB
NFS_Unstable:          0 kB
Bounce:                0 kB
WritebackTmp:          0 kB
CommitLimit:     1980048 kB
Committed_AS:   87122720 kB
VmallocTotal:     458752 kB
VmallocUsed:      114276 kB
VmallocChunk:     155652 kB
Time pass: 32 sec

---2015-12-10 12:23:27
MemTotal:        1862952 kB
MemFree:           50736 kB
Buffers:            9384 kB
Cached:           762660 kB
SwapCached:         2932 kB
Active:           605472 kB
Inactive:         828080 kB
Active(anon):     366888 kB
Inactive(anon):   296616 kB
Active(file):     238584 kB
Inactive(file):   531464 kB
Unevictable:        1296 kB
Mlocked:               0 kB
HighTotal:       1436668 kB
HighFree:           9956 kB
LowTotal:         426284 kB
LowFree:           40780 kB
SwapTotal:       1048572 kB
SwapFree:        1025144 kB
Dirty:               140 kB
Writeback:             0 kB
AnonPages:        661212 kB
Mapped:           426332 kB
Shmem:               700 kB
Slab:              41176 kB
SReclaimable:      14008 kB
SUnreclaim:        27168 kB
KernelStack:       11968 kB
PageTables:        42960 kB
NFS_Unstable:          0 kB
Bounce:                0 kB
WritebackTmp:          0 kB
CommitLimit:     1980048 kB
Committed_AS:   87122960 kB
VmallocTotal:     458752 kB
VmallocUsed:      114196 kB
VmallocChunk:     155652 kB
Time pass: 36 sec

---2015-12-10 12:23:27
MemTotal:        1862952 kB
MemFree:           50828 kB
Buffers:            9384 kB
Cached:           762660 kB
SwapCached:         2932 kB
Active:           605224 kB
Inactive:         828068 kB
Active(anon):     366636 kB
Inactive(anon):   296612 kB
Active(file):     238588 kB
Inactive(file):   531456 kB
Unevictable:        1296 kB
Mlocked:               0 kB
HighTotal:       1436668 kB
HighFree:           9948 kB
LowTotal:         426284 kB
LowFree:           40880 kB
SwapTotal:       1048572 kB
SwapFree:        1025144 kB
Dirty:                 4 kB
Writeback:             0 kB
AnonPages:        660972 kB
Mapped:           426388 kB
Shmem:               700 kB
Slab:              41184 kB
SReclaimable:      14008 kB
SUnreclaim:        27176 kB
KernelStack:       11984 kB
PageTables:        42976 kB
NFS_Unstable:          0 kB
Bounce:                0 kB
WritebackTmp:          0 kB
CommitLimit:     1980048 kB
Committed_AS:   87123040 kB
VmallocTotal:     458752 kB
VmallocUsed:      114196 kB
VmallocChunk:     155652 kB
Time pass: 40 sec

---2015-12-10 12:23:27
MemTotal:        1862952 kB
MemFree:           27272 kB
Buffers:            9396 kB
Cached:           753768 kB
SwapCached:         3248 kB
Active:           615548 kB
Inactive:         808324 kB
Active(anon):     331296 kB
Inactive(anon):   331660 kB
Active(file):     284252 kB
Inactive(file):   476664 kB
Unevictable:        1296 kB
Mlocked:               0 kB
HighTotal:       1436668 kB
HighFree:           2172 kB
LowTotal:         426284 kB
LowFree:           25100 kB
SwapTotal:       1048572 kB
SwapFree:        1011768 kB
Dirty:                 0 kB
Writeback:            28 kB
AnonPages:        660624 kB
Mapped:           418028 kB
Shmem:               696 kB
Slab:              41272 kB
SReclaimable:      14012 kB
SUnreclaim:        27260 kB
KernelStack:       12144 kB
PageTables:        43084 kB
NFS_Unstable:          0 kB
Bounce:                0 kB
WritebackTmp:          0 kB
CommitLimit:     1980048 kB
Committed_AS:   87133784 kB
VmallocTotal:     458752 kB
VmallocUsed:      114564 kB
VmallocChunk:     155652 kB
Time pass: 44 sec

---2015-12-10 12:23:27
MemTotal:        1862952 kB
MemFree:           31692 kB
Buffers:            9396 kB
Cached:           743232 kB
SwapCached:         3264 kB
Active:           619836 kB
Inactive:         794260 kB
Active(anon):     331732 kB
Inactive(anon):   331728 kB
Active(file):     288104 kB
Inactive(file):   462532 kB
Unevictable:        1296 kB
Mlocked:               0 kB
HighTotal:       1436668 kB
HighFree:           5960 kB
LowTotal:         426284 kB
LowFree:           25732 kB
SwapTotal:       1048572 kB
SwapFree:        1007212 kB
Dirty:                12 kB
Writeback:             0 kB
AnonPages:        660812 kB
Mapped:           423856 kB
Shmem:               696 kB
Slab:              41376 kB
SReclaimable:      14012 kB
SUnreclaim:        27364 kB
KernelStack:       12024 kB
PageTables:        43172 kB
NFS_Unstable:          0 kB
Bounce:                0 kB
WritebackTmp:          0 kB
CommitLimit:     1980048 kB
Committed_AS:   87141456 kB
VmallocTotal:     458752 kB
VmallocUsed:      114364 kB
VmallocChunk:     155652 kB
Time pass: 47 sec

---2015-12-10 12:23:27
MemTotal:        1862952 kB
MemFree:           42152 kB
Buffers:            9404 kB
Cached:           736988 kB
SwapCached:         3268 kB
Active:           626048 kB
Inactive:         788304 kB
Active(anon):     337848 kB
Inactive(anon):   332976 kB
Active(file):     288200 kB
Inactive(file):   455328 kB
Unevictable:        2140 kB
Mlocked:               0 kB
HighTotal:       1436668 kB
HighFree:          12240 kB
LowTotal:         426284 kB
LowFree:           29912 kB
SwapTotal:       1048572 kB
SwapFree:        1005832 kB
Dirty:               136 kB
Writeback:             0 kB
AnonPages:        668200 kB
Mapped:           427704 kB
Shmem:               700 kB
Slab:              41404 kB
SReclaimable:      14012 kB
SUnreclaim:        27392 kB
KernelStack:       12072 kB
PageTables:        43148 kB
NFS_Unstable:          0 kB
Bounce:                0 kB
WritebackTmp:          0 kB
CommitLimit:     1980048 kB
Committed_AS:   87151816 kB
VmallocTotal:     458752 kB
VmallocUsed:      114624 kB
VmallocChunk:     155652 kB
Time pass: 51 sec

---2015-12-10 12:23:27
MemTotal:        1862952 kB
MemFree:           29940 kB
Buffers:            9424 kB
Cached:           708296 kB
SwapCached:         4056 kB
Active:           637072 kB
Inactive:         766216 kB
Active(anon):     344228 kB
Inactive(anon):   344264 kB
Active(file):     292844 kB
Inactive(file):   421952 kB
Unevictable:        2140 kB
Mlocked:               0 kB
HighTotal:       1436668 kB
HighFree:           4700 kB
LowTotal:         426284 kB
LowFree:           25240 kB
SwapTotal:       1048572 kB
SwapFree:         999460 kB
Dirty:               984 kB
Writeback:             0 kB
AnonPages:        685164 kB
Mapped:           449580 kB
Shmem:               700 kB
Slab:              41644 kB
SReclaimable:      14052 kB
SUnreclaim:        27592 kB
KernelStack:       12184 kB
PageTables:        43244 kB
NFS_Unstable:          0 kB
Bounce:                0 kB
WritebackTmp:          0 kB
CommitLimit:     1980048 kB
Committed_AS:   87176936 kB
VmallocTotal:     458752 kB
VmallocUsed:      114648 kB
VmallocChunk:     155652 kB
Time pass: 54 sec

---2015-12-10 12:23:27
MemTotal:        1862952 kB
MemFree:           38456 kB
Buffers:            9428 kB
Cached:           696556 kB
SwapCached:         4132 kB
Active:           626736 kB
Inactive:         748976 kB
Active(anon):     332012 kB
Inactive(anon):   340532 kB
Active(file):     294724 kB
Inactive(file):   408444 kB
Unevictable:        2140 kB
Mlocked:               0 kB
HighTotal:       1436668 kB
HighFree:           8988 kB
LowTotal:         426284 kB
LowFree:           29468 kB
SwapTotal:       1048572 kB
SwapFree:         999108 kB
Dirty:               984 kB
Writeback:             0 kB
AnonPages:        669056 kB
Mapped:           468268 kB
Shmem:               700 kB
Slab:              41620 kB
SReclaimable:      14052 kB
SUnreclaim:        27568 kB
KernelStack:       12072 kB
PageTables:        43308 kB
NFS_Unstable:          0 kB
Bounce:                0 kB
WritebackTmp:          0 kB
CommitLimit:     1980048 kB
Committed_AS:   87163200 kB
VmallocTotal:     458752 kB
VmallocUsed:      114584 kB
VmallocChunk:     155652 kB
Time pass: 58 sec

---2015-12-10 12:23:27
MemTotal:        1862952 kB
MemFree:           37936 kB
Buffers:            9436 kB
Cached:           697056 kB
SwapCached:         4132 kB
Active:           627256 kB
Inactive:         749460 kB
Active(anon):     332532 kB
Inactive(anon):   340532 kB
Active(file):     294724 kB
Inactive(file):   408928 kB
Unevictable:        2140 kB
Mlocked:               0 kB
HighTotal:       1436668 kB
HighFree:           8360 kB
LowTotal:         426284 kB
LowFree:           29576 kB
SwapTotal:       1048572 kB
SwapFree:         999108 kB
Dirty:                80 kB
Writeback:             0 kB
AnonPages:        669604 kB
Mapped:           468640 kB
Shmem:               700 kB
Slab:              41552 kB
SReclaimable:      14052 kB
SUnreclaim:        27500 kB
KernelStack:       12072 kB
PageTables:        43308 kB
NFS_Unstable:          0 kB
Bounce:                0 kB
WritebackTmp:          0 kB
CommitLimit:     1980048 kB
Committed_AS:   87163280 kB
VmallocTotal:     458752 kB
VmallocUsed:      114584 kB
VmallocChunk:     155652 kB
Time pass: 62 sec

---2015-12-10 12:23:27
MemTotal:        1862952 kB
MemFree:           37836 kB
Buffers:            9444 kB
Cached:           678292 kB
SwapCached:         4136 kB
Active:           629660 kB
Inactive:         729900 kB
Active(anon):     333244 kB
Inactive(anon):   341420 kB
Active(file):     296416 kB
Inactive(file):   388480 kB
Unevictable:        2140 kB
Mlocked:               0 kB
HighTotal:       1436668 kB
HighFree:           8772 kB
LowTotal:         426284 kB
LowFree:           29064 kB
SwapTotal:       1048572 kB
SwapFree:         998560 kB
Dirty:                40 kB
Writeback:             0 kB
AnonPages:        671088 kB
Mapped:           480584 kB
Shmem:               700 kB
Slab:              41580 kB
SReclaimable:      14052 kB
SUnreclaim:        27528 kB
KernelStack:       12072 kB
PageTables:        43356 kB
NFS_Unstable:          0 kB
Bounce:                0 kB
WritebackTmp:          0 kB
CommitLimit:     1980048 kB
Committed_AS:   87171832 kB
VmallocTotal:     458752 kB
VmallocUsed:      114784 kB
VmallocChunk:     155652 kB
Time pass: 65 sec

---2015-12-10 12:23:27
MemTotal:        1862952 kB
MemFree:           29640 kB
Buffers:            9444 kB
Cached:           679780 kB
SwapCached:         4592 kB
Active:           636164 kB
Inactive:         731416 kB
Active(anon):     339340 kB
Inactive(anon):   341856 kB
Active(file):     296824 kB
Inactive(file):   389560 kB
Unevictable:        2140 kB
Mlocked:               0 kB
HighTotal:       1436668 kB
HighFree:           3788 kB
LowTotal:         426284 kB
LowFree:           25852 kB
SwapTotal:       1048572 kB
SwapFree:         998560 kB
Dirty:                44 kB
Writeback:             0 kB
AnonPages:        677332 kB
Mapped:           486412 kB
Shmem:               700 kB
Slab:              41596 kB
SReclaimable:      14052 kB
SUnreclaim:        27544 kB
KernelStack:       12120 kB
PageTables:        43428 kB
NFS_Unstable:          0 kB
Bounce:                0 kB
WritebackTmp:          0 kB
CommitLimit:     1980048 kB
Committed_AS:   87174376 kB
VmallocTotal:     458752 kB
VmallocUsed:      114704 kB
VmallocChunk:     155652 kB
Time pass: 69 sec

---2015-12-10 12:23:27
MemTotal:        1862952 kB
MemFree:           34992 kB
Buffers:            9452 kB
Cached:           647572 kB
SwapCached:         4628 kB
Active:           640548 kB
Inactive:         699200 kB
Active(anon):     339048 kB
Inactive(anon):   346516 kB
Active(file):     301500 kB
Inactive(file):   352684 kB
Unevictable:        2140 kB
Mlocked:               0 kB
HighTotal:       1436668 kB
HighFree:           4584 kB
LowTotal:         426284 kB
LowFree:           30408 kB
SwapTotal:       1048572 kB
SwapFree:         996904 kB
Dirty:               600 kB
Writeback:             0 kB
AnonPages:        681704 kB
Mapped:           500404 kB
Shmem:               700 kB
Slab:              41688 kB
SReclaimable:      14060 kB
SUnreclaim:        27628 kB
KernelStack:       12120 kB
PageTables:        43484 kB
NFS_Unstable:          0 kB
Bounce:                0 kB
WritebackTmp:          0 kB
CommitLimit:     1980048 kB
Committed_AS:   87174624 kB
VmallocTotal:     458752 kB
VmallocUsed:      114788 kB
VmallocChunk:     155652 kB
Time pass: 72 sec

---2015-12-10 12:23:27
MemTotal:        1862952 kB
MemFree:           29864 kB
Buffers:            9468 kB
Cached:           642732 kB
SwapCached:         4664 kB
Active:           649564 kB
Inactive:         695304 kB
Active(anon):     347768 kB
Inactive(anon):   347820 kB
Active(file):     301796 kB
Inactive(file):   347484 kB
Unevictable:        2140 kB
Mlocked:               0 kB
HighTotal:       1436668 kB
HighFree:           4668 kB
LowTotal:         426284 kB
LowFree:           25196 kB
SwapTotal:       1048572 kB
SwapFree:         995684 kB
Dirty:               272 kB
Writeback:             0 kB
AnonPages:        691516 kB
Mapped:           503612 kB
Shmem:               700 kB
Slab:              41760 kB
SReclaimable:      14060 kB
SUnreclaim:        27700 kB
KernelStack:       12200 kB
PageTables:        43524 kB
NFS_Unstable:          0 kB
Bounce:                0 kB
WritebackTmp:          0 kB
CommitLimit:     1980048 kB
Committed_AS:   87190496 kB
VmallocTotal:     458752 kB
VmallocUsed:      114868 kB
VmallocChunk:     155652 kB
Time pass: 76 sec

---2015-12-10 12:23:27
MemTotal:        1862952 kB
MemFree:           44008 kB
Buffers:            9500 kB
Cached:           610064 kB
SwapCached:         4848 kB
Active:           657096 kB
Inactive:         663816 kB
Active(anon):     353076 kB
Inactive(anon):   351316 kB
Active(file):     304020 kB
Inactive(file):   312500 kB
Unevictable:        2140 kB
Mlocked:               0 kB
HighTotal:       1436668 kB
HighFree:          18232 kB
LowTotal:         426284 kB
LowFree:           25776 kB
SwapTotal:       1048572 kB
SwapFree:         993128 kB
Dirty:               348 kB
Writeback:             0 kB
AnonPages:        700388 kB
Mapped:           503804 kB
Shmem:               820 kB
Slab:              42052 kB
SReclaimable:      14036 kB
SUnreclaim:        28016 kB
KernelStack:       12328 kB
PageTables:        43608 kB
NFS_Unstable:          0 kB
Bounce:                0 kB
WritebackTmp:          0 kB
CommitLimit:     1980048 kB
Committed_AS:   87210304 kB
VmallocTotal:     458752 kB
VmallocUsed:      118752 kB
VmallocChunk:     155652 kB
Time pass: 80 sec

---2015-12-10 12:23:27
MemTotal:        1862952 kB
MemFree:           33896 kB
Buffers:            9532 kB
Cached:           592032 kB
SwapCached:         4888 kB
Active:           652672 kB
Inactive:         640916 kB
Active(anon):     353472 kB
Inactive(anon):   345860 kB
Active(file):     299200 kB
Inactive(file):   295056 kB
Unevictable:       14364 kB
Mlocked:           12100 kB
HighTotal:       1436668 kB
HighFree:           9560 kB
LowTotal:         426284 kB
LowFree:           24336 kB
SwapTotal:       1048572 kB
SwapFree:         990608 kB
Dirty:                84 kB
Writeback:             0 kB
AnonPages:        703184 kB
Mapped:           502460 kB
Shmem:              1336 kB
Slab:              42144 kB
SReclaimable:      14068 kB
SUnreclaim:        28076 kB
KernelStack:       12440 kB
PageTables:        43768 kB
NFS_Unstable:          0 kB
Bounce:                0 kB
WritebackTmp:          0 kB
CommitLimit:     1980048 kB
Committed_AS:   87214888 kB
VmallocTotal:     458752 kB
VmallocUsed:      122592 kB
VmallocChunk:     155652 kB
Time pass: 84 sec

---2015-12-10 12:23:27
MemTotal:        1862952 kB
MemFree:           29492 kB
Buffers:            9548 kB
Cached:           591420 kB
SwapCached:         4888 kB
Active:           652460 kB
Inactive:         652468 kB
Active(anon):     353468 kB
Inactive(anon):   353768 kB
Active(file):     298992 kB
Inactive(file):   298700 kB
Unevictable:        2372 kB
Mlocked:               0 kB
HighTotal:       1436668 kB
HighFree:           6048 kB
LowTotal:         426284 kB
LowFree:           23444 kB
SwapTotal:       1048572 kB
SwapFree:         990612 kB
Dirty:                80 kB
Writeback:             0 kB
AnonPages:        703036 kB
Mapped:           502160 kB
Shmem:               904 kB
Slab:              42212 kB
SReclaimable:      14068 kB
SUnreclaim:        28144 kB
KernelStack:       12424 kB
PageTables:        43896 kB
NFS_Unstable:          0 kB
Bounce:                0 kB
WritebackTmp:          0 kB
CommitLimit:     1980048 kB
Committed_AS:   87214628 kB
VmallocTotal:     458752 kB
VmallocUsed:      122592 kB
VmallocChunk:     155652 kB
Time pass: 88 sec

---2015-12-10 12:23:27
MemTotal:        1862952 kB
MemFree:           28948 kB
Buffers:            9572 kB
Cached:           591544 kB
SwapCached:         4884 kB
Active:           653432 kB
Inactive:         652468 kB
Active(anon):     354296 kB
Inactive(anon):   353860 kB
Active(file):     299136 kB
Inactive(file):   298608 kB
Unevictable:        2372 kB
Mlocked:               0 kB
HighTotal:       1436668 kB
HighFree:           5608 kB
LowTotal:         426284 kB
LowFree:           23340 kB
SwapTotal:       1048572 kB
SwapFree:         990624 kB
Dirty:                72 kB
Writeback:             0 kB
AnonPages:        703824 kB
Mapped:           502248 kB
Shmem:               992 kB
Slab:              42280 kB
SReclaimable:      14084 kB
SUnreclaim:        28196 kB
KernelStack:       12368 kB
PageTables:        43896 kB
NFS_Unstable:          0 kB
Bounce:                0 kB
WritebackTmp:          0 kB
CommitLimit:     1980048 kB
Committed_AS:   87216720 kB
VmallocTotal:     458752 kB
VmallocUsed:      122512 kB
VmallocChunk:     155652 kB
Time pass: 91 sec

---2015-12-10 12:23:27
MemTotal:        1862952 kB
MemFree:           28892 kB
Buffers:            9572 kB
Cached:           591544 kB
SwapCached:         4888 kB
Active:           653952 kB
Inactive:         652476 kB
Active(anon):     354816 kB
Inactive(anon):   353860 kB
Active(file):     299136 kB
Inactive(file):   298616 kB
Unevictable:        2372 kB
Mlocked:               0 kB
HighTotal:       1436668 kB
HighFree:           5616 kB
LowTotal:         426284 kB
LowFree:           23276 kB
SwapTotal:       1048572 kB
SwapFree:         990624 kB
Dirty:                 0 kB
Writeback:             0 kB
AnonPages:        704256 kB
Mapped:           502248 kB
Shmem:               992 kB
Slab:              42352 kB
SReclaimable:      14076 kB
SUnreclaim:        28276 kB
KernelStack:       12384 kB
PageTables:        43896 kB
NFS_Unstable:          0 kB
Bounce:                0 kB
WritebackTmp:          0 kB
CommitLimit:     1980048 kB
Committed_AS:   87216832 kB
VmallocTotal:     458752 kB
VmallocUsed:      122512 kB
VmallocChunk:     155652 kB
Time pass: 95 sec

---2015-12-10 12:23:27
MemTotal:        1862952 kB
MemFree:           27076 kB
Buffers:            9596 kB
Cached:           591544 kB
SwapCached:         4888 kB
Active:           655344 kB
Inactive:         652496 kB
Active(anon):     356200 kB
Inactive(anon):   353868 kB
Active(file):     299144 kB
Inactive(file):   298628 kB
Unevictable:        2372 kB
Mlocked:               0 kB
HighTotal:       1436668 kB
HighFree:           4272 kB
LowTotal:         426284 kB
LowFree:           22804 kB
SwapTotal:       1048572 kB
SwapFree:         990628 kB
Dirty:                40 kB
Writeback:             0 kB
AnonPages:        705852 kB
Mapped:           502308 kB
Shmem:               992 kB
Slab:              42340 kB
SReclaimable:      14068 kB
SUnreclaim:        28272 kB
KernelStack:       12424 kB
PageTables:        43896 kB
NFS_Unstable:          0 kB
Bounce:                0 kB
WritebackTmp:          0 kB
CommitLimit:     1980048 kB
Committed_AS:   87220048 kB
VmallocTotal:     458752 kB
VmallocUsed:      122592 kB
VmallocChunk:     155652 kB
Time pass: 98 sec

---2015-12-10 12:23:27
MemTotal:        1862952 kB
MemFree:           26984 kB
Buffers:            9596 kB
Cached:           590856 kB
SwapCached:         5004 kB
Active:           653352 kB
Inactive:         653816 kB
Active(anon):     355268 kB
Inactive(anon):   355096 kB
Active(file):     298084 kB
Inactive(file):   298720 kB
Unevictable:        2372 kB
Mlocked:               0 kB
HighTotal:       1436668 kB
HighFree:           3748 kB
LowTotal:         426284 kB
LowFree:           23236 kB
SwapTotal:       1048572 kB
SwapFree:         988604 kB
Dirty:                44 kB
Writeback:             0 kB
AnonPages:        706272 kB
Mapped:           502432 kB
Shmem:               992 kB
Slab:              42356 kB
SReclaimable:      14092 kB
SUnreclaim:        28264 kB
KernelStack:       12392 kB
PageTables:        44240 kB
NFS_Unstable:          0 kB
Bounce:                0 kB
WritebackTmp:          0 kB
CommitLimit:     1980048 kB
Committed_AS:   88658240 kB
VmallocTotal:     458752 kB
VmallocUsed:      122592 kB
VmallocChunk:     155652 kB
Time pass: 102 sec

---2015-12-10 12:23:27
MemTotal:        1862952 kB
MemFree:          359548 kB
Buffers:            9692 kB
Cached:           590840 kB
SwapCached:         5348 kB
Active:           558560 kB
Inactive:         647788 kB
Active(anon):     256760 kB
Inactive(anon):   351992 kB
Active(file):     301800 kB
Inactive(file):   295796 kB
Unevictable:        2372 kB
Mlocked:               0 kB
HighTotal:       1436668 kB
HighFree:         223468 kB
LowTotal:         426284 kB
LowFree:          136080 kB
SwapTotal:       1048572 kB
SwapFree:         987548 kB
Dirty:                68 kB
Writeback:             0 kB
AnonPages:        604360 kB
Mapped:           355436 kB
Shmem:               564 kB
Slab:              42272 kB
SReclaimable:      14092 kB
SUnreclaim:        28180 kB
KernelStack:       11384 kB
PageTables:        41412 kB
NFS_Unstable:          0 kB
Bounce:                0 kB
WritebackTmp:          0 kB
CommitLimit:     1980048 kB
Committed_AS:   84548284 kB
VmallocTotal:     458752 kB
VmallocUsed:      111796 kB
VmallocChunk:     155652 kB
Time pass: 106 sec

---2015-12-10 12:23:27
MemTotal:        1862952 kB
MemFree:          379420 kB
Buffers:            9700 kB
Cached:           591324 kB
SwapCached:         5380 kB
Active:           561472 kB
Inactive:         647960 kB
Active(anon):     259620 kB
Inactive(anon):   351720 kB
Active(file):     301852 kB
Inactive(file):   296240 kB
Unevictable:        2372 kB
Mlocked:               0 kB
HighTotal:       1436668 kB
HighFree:         242808 kB
LowTotal:         426284 kB
LowFree:          136612 kB
SwapTotal:       1048572 kB
SwapFree:         987568 kB
Dirty:               256 kB
Writeback:             0 kB
AnonPages:        606876 kB
Mapped:           356152 kB
Shmem:               564 kB
Slab:              42260 kB
SReclaimable:      14092 kB
SUnreclaim:        28168 kB
KernelStack:       11392 kB
PageTables:        41432 kB
NFS_Unstable:          0 kB
Bounce:                0 kB
WritebackTmp:          0 kB
CommitLimit:     1980048 kB
Committed_AS:   84551140 kB
VmallocTotal:     458752 kB
VmallocUsed:      111796 kB
VmallocChunk:     155652 kB
Time pass: 110 sec

---2015-12-10 12:23:27
MemTotal:        1862952 kB
MemFree:          381564 kB
Buffers:            9708 kB
Cached:           591320 kB
SwapCached:         5380 kB
Active:           559332 kB
Inactive:         647952 kB
Active(anon):     257480 kB
Inactive(anon):   351712 kB
Active(file):     301852 kB
Inactive(file):   296240 kB
Unevictable:        2372 kB
Mlocked:               0 kB
HighTotal:       1436668 kB
HighFree:         244792 kB
LowTotal:         426284 kB
LowFree:          136772 kB
SwapTotal:       1048572 kB
SwapFree:         987568 kB
Dirty:                44 kB
Writeback:             0 kB
AnonPages:        604772 kB
Mapped:           356152 kB
Shmem:               564 kB
Slab:              42260 kB
SReclaimable:      14092 kB
SUnreclaim:        28168 kB
KernelStack:       11384 kB
PageTables:        41464 kB
NFS_Unstable:          0 kB
Bounce:                0 kB
WritebackTmp:          0 kB
CommitLimit:     1980048 kB
Committed_AS:   84551444 kB
VmallocTotal:     458752 kB
VmallocUsed:      111796 kB
VmallocChunk:     155652 kB
Time pass: 113 sec

---2015-12-10 12:23:27
MemTotal:        1862952 kB
MemFree:          381280 kB
Buffers:            9708 kB
Cached:           591328 kB
SwapCached:         5380 kB
Active:           559532 kB
Inactive:         647960 kB
Active(anon):     257680 kB
Inactive(anon):   351712 kB
Active(file):     301852 kB
Inactive(file):   296248 kB
Unevictable:        2372 kB
Mlocked:               0 kB
HighTotal:       1436668 kB
HighFree:         244668 kB
LowTotal:         426284 kB
LowFree:          136612 kB
SwapTotal:       1048572 kB
SwapFree:         987568 kB
Dirty:                40 kB
Writeback:             0 kB
AnonPages:        604980 kB
Mapped:           356152 kB
Shmem:               564 kB
Slab:              42260 kB
SReclaimable:      14092 kB
SUnreclaim:        28168 kB
KernelStack:       11384 kB
PageTables:        41464 kB
NFS_Unstable:          0 kB
Bounce:                0 kB
WritebackTmp:          0 kB
CommitLimit:     1980048 kB
Committed_AS:   84551644 kB
VmallocTotal:     458752 kB
VmallocUsed:      111796 kB
VmallocChunk:     155652 kB
Time pass: 117 sec

---2015-12-10 12:23:27
MemTotal:        1862952 kB
MemFree:          381192 kB
Buffers:            9708 kB
Cached:           591328 kB
SwapCached:         5380 kB
Active:           559724 kB
Inactive:         647956 kB
Active(anon):     257872 kB
Inactive(anon):   351708 kB
Active(file):     301852 kB
Inactive(file):   296248 kB
Unevictable:        2372 kB
Mlocked:               0 kB
HighTotal:       1436668 kB
HighFree:         244420 kB
LowTotal:         426284 kB
LowFree:          136772 kB
SwapTotal:       1048572 kB
SwapFree:         987568 kB
Dirty:                 4 kB
Writeback:             0 kB
AnonPages:        605156 kB
Mapped:           356152 kB
Shmem:               564 kB
Slab:              42260 kB
SReclaimable:      14092 kB
SUnreclaim:        28168 kB
KernelStack:       11384 kB
PageTables:        41468 kB
NFS_Unstable:          0 kB
Bounce:                0 kB
WritebackTmp:          0 kB
CommitLimit:     1980048 kB
Committed_AS:   84551724 kB
VmallocTotal:     458752 kB
VmallocUsed:      111796 kB
VmallocChunk:     155652 kB
Time pass: 121 sec

---2015-12-10 12:23:27
MemTotal:        1862952 kB
MemFree:          380944 kB
Buffers:            9716 kB
Cached:           591328 kB
SwapCached:         5380 kB
Active:           559916 kB
Inactive:         647964 kB
Active(anon):     258064 kB
Inactive(anon):   351708 kB
Active(file):     301852 kB
Inactive(file):   296256 kB
Unevictable:        2372 kB
Mlocked:               0 kB
HighTotal:       1436668 kB
HighFree:         244172 kB
LowTotal:         426284 kB
LowFree:          136772 kB
SwapTotal:       1048572 kB
SwapFree:         987572 kB
Dirty:                 8 kB
Writeback:             0 kB
AnonPages:        605360 kB
Mapped:           356152 kB
Shmem:               564 kB
Slab:              42260 kB
SReclaimable:      14092 kB
SUnreclaim:        28168 kB
KernelStack:       11384 kB
PageTables:        41464 kB
NFS_Unstable:          0 kB
Bounce:                0 kB
WritebackTmp:          0 kB
CommitLimit:     1980048 kB
Committed_AS:   84551884 kB
VmallocTotal:     458752 kB
VmallocUsed:      111796 kB
VmallocChunk:     155652 kB
Time pass: 124 sec

---2015-12-10 12:23:27
MemTotal:        1862952 kB
MemFree:          380680 kB
Buffers:            9716 kB
Cached:           591312 kB
SwapCached:         5400 kB
Active:           560148 kB
Inactive:         647964 kB
Active(anon):     258296 kB
Inactive(anon):   351708 kB
Active(file):     301852 kB
Inactive(file):   296256 kB
Unevictable:        2372 kB
Mlocked:               0 kB
HighTotal:       1436668 kB
HighFree:         243924 kB
LowTotal:         426284 kB
LowFree:          136756 kB
SwapTotal:       1048572 kB
SwapFree:         987592 kB
Dirty:                 8 kB
Writeback:             0 kB
AnonPages:        605648 kB
Mapped:           356152 kB
Shmem:               564 kB
Slab:              42260 kB
SReclaimable:      14092 kB
SUnreclaim:        28168 kB
KernelStack:       11384 kB
PageTables:        41464 kB
NFS_Unstable:          0 kB
Bounce:                0 kB
WritebackTmp:          0 kB
CommitLimit:     1980048 kB
Committed_AS:   84552004 kB
VmallocTotal:     458752 kB
VmallocUsed:      111796 kB
VmallocChunk:     155652 kB
Time pass: 128 sec

---2015-12-10 12:23:27
MemTotal:        1862952 kB
MemFree:          380696 kB
Buffers:            9724 kB
Cached:           591332 kB
SwapCached:         5400 kB
Active:           560204 kB
Inactive:         648016 kB
Active(anon):     258352 kB
Inactive(anon):   351748 kB
Active(file):     301852 kB
Inactive(file):   296268 kB
Unevictable:        2372 kB
Mlocked:               0 kB
HighTotal:       1436668 kB
HighFree:         243924 kB
LowTotal:         426284 kB
LowFree:          136772 kB
SwapTotal:       1048572 kB
SwapFree:         987592 kB
Dirty:                 8 kB
Writeback:             0 kB
AnonPages:        605724 kB
Mapped:           356156 kB
Shmem:               564 kB
Slab:              42256 kB
SReclaimable:      14092 kB
SUnreclaim:        28164 kB
KernelStack:       11384 kB
PageTables:        41464 kB
NFS_Unstable:          0 kB
Bounce:                0 kB
WritebackTmp:          0 kB
CommitLimit:     1980048 kB
Committed_AS:   84552084 kB
VmallocTotal:     458752 kB
VmallocUsed:      111796 kB
VmallocChunk:     155652 kB
Time pass: 132 sec

---2015-12-10 12:23:27
MemTotal:        1862952 kB
MemFree:          380548 kB
Buffers:            9724 kB
Cached:           591332 kB
SwapCached:         5400 kB
Active:           560392 kB
Inactive:         648012 kB
Active(anon):     258536 kB
Inactive(anon):   351748 kB
Active(file):     301856 kB
Inactive(file):   296264 kB
Unevictable:        2372 kB
Mlocked:               0 kB
HighTotal:       1436668 kB
HighFree:         243776 kB
LowTotal:         426284 kB
LowFree:          136772 kB
SwapTotal:       1048572 kB
SwapFree:         987592 kB
Dirty:                 4 kB
Writeback:             0 kB
AnonPages:        605900 kB
Mapped:           356156 kB
Shmem:               564 kB
Slab:              42256 kB
SReclaimable:      14092 kB
SUnreclaim:        28164 kB
KernelStack:       11384 kB
PageTables:        41464 kB
NFS_Unstable:          0 kB
Bounce:                0 kB
WritebackTmp:          0 kB
CommitLimit:     1980048 kB
Committed_AS:   84552284 kB
VmallocTotal:     458752 kB
VmallocUsed:      111796 kB
VmallocChunk:     155652 kB
Time pass: 135 sec

---2015-12-10 12:23:27
MemTotal:        1862952 kB
MemFree:          298168 kB
Buffers:            9756 kB
Cached:           594456 kB
SwapCached:         5620 kB
Active:           590296 kB
Inactive:         649592 kB
Active(anon):     287356 kB
Inactive(anon):   351404 kB
Active(file):     302940 kB
Inactive(file):   298188 kB
Unevictable:        2372 kB
Mlocked:               0 kB
HighTotal:       1436668 kB
HighFree:         176524 kB
LowTotal:         426284 kB
LowFree:          121644 kB
SwapTotal:       1048572 kB
SwapFree:         987648 kB
Dirty:               816 kB
Writeback:             0 kB
AnonPages:        634100 kB
Mapped:           376792 kB
Shmem:               748 kB
Slab:              42220 kB
SReclaimable:      14092 kB
SUnreclaim:        28128 kB
KernelStack:       11912 kB
PageTables:        42504 kB
NFS_Unstable:          0 kB
Bounce:                0 kB
WritebackTmp:          0 kB
CommitLimit:     1980048 kB
Committed_AS:   85877200 kB
VmallocTotal:     458752 kB
VmallocUsed:      113032 kB
VmallocChunk:     155652 kB
Time pass: 139 sec

---2015-12-10 12:23:27
MemTotal:        1862952 kB
MemFree:          239316 kB
Buffers:            9764 kB
Cached:           596060 kB
SwapCached:         5640 kB
Active:           610392 kB
Inactive:         650956 kB
Active(anon):     307220 kB
Inactive(anon):   351444 kB
Active(file):     303172 kB
Inactive(file):   299512 kB
Unevictable:        2372 kB
Mlocked:               0 kB
HighTotal:       1436668 kB
HighFree:         138352 kB
LowTotal:         426284 kB
LowFree:          100964 kB
SwapTotal:       1048572 kB
SwapFree:         987688 kB
Dirty:              1880 kB
Writeback:             0 kB
AnonPages:        653976 kB
Mapped:           388900 kB
Shmem:               700 kB
Slab:              42156 kB
SReclaimable:      14092 kB
SUnreclaim:        28064 kB
KernelStack:       12072 kB
PageTables:        42676 kB
NFS_Unstable:          0 kB
Bounce:                0 kB
WritebackTmp:          0 kB
CommitLimit:     1980048 kB
Committed_AS:   85911232 kB
VmallocTotal:     458752 kB
VmallocUsed:      113368 kB
VmallocChunk:     155652 kB
Time pass: 142 sec

---2015-12-10 12:23:27
MemTotal:        1862952 kB
MemFree:          197404 kB
Buffers:            9772 kB
Cached:           596540 kB
SwapCached:         5640 kB
Active:           617880 kB
Inactive:         651048 kB
Active(anon):     314168 kB
Inactive(anon):   351476 kB
Active(file):     303712 kB
Inactive(file):   299572 kB
Unevictable:        2372 kB
Mlocked:               0 kB
HighTotal:       1436668 kB
HighFree:          91456 kB
LowTotal:         426284 kB
LowFree:          105948 kB
SwapTotal:       1048572 kB
SwapFree:         987688 kB
Dirty:              1248 kB
Writeback:             0 kB
AnonPages:        660868 kB
Mapped:           417608 kB
Shmem:               700 kB
Slab:              42188 kB
SReclaimable:      14092 kB
SUnreclaim:        28096 kB
KernelStack:       12024 kB
PageTables:        42724 kB
NFS_Unstable:          0 kB
Bounce:                0 kB
WritebackTmp:          0 kB
CommitLimit:     1980048 kB
Committed_AS:   85915680 kB
VmallocTotal:     458752 kB
VmallocUsed:      113400 kB
VmallocChunk:     155652 kB
Time pass: 146 sec

---2015-12-10 12:23:27
MemTotal:        1862952 kB
MemFree:          148692 kB
Buffers:            9772 kB
Cached:           597356 kB
SwapCached:         5640 kB
Active:           630456 kB
Inactive:         650376 kB
Active(anon):     325284 kB
Inactive(anon):   351488 kB
Active(file):     305172 kB
Inactive(file):   298888 kB
Unevictable:        2372 kB
Mlocked:               0 kB
HighTotal:       1436668 kB
HighFree:          43008 kB
LowTotal:         426284 kB
LowFree:          105684 kB
SwapTotal:       1048572 kB
SwapFree:         987700 kB
Dirty:               812 kB
Writeback:             0 kB
AnonPages:        672116 kB
Mapped:           449844 kB
Shmem:               700 kB
Slab:              42172 kB
SReclaimable:      14084 kB
SUnreclaim:        28088 kB
KernelStack:       12008 kB
PageTables:        42836 kB
NFS_Unstable:          0 kB
Bounce:                0 kB
WritebackTmp:          0 kB
CommitLimit:     1980048 kB
Committed_AS:   85926152 kB
VmallocTotal:     458752 kB
VmallocUsed:      113704 kB
VmallocChunk:     155652 kB
Time pass: 150 sec

---2015-12-10 12:23:27
MemTotal:        1862952 kB
MemFree:          146204 kB
Buffers:            9784 kB
Cached:           597472 kB
SwapCached:         5640 kB
Active:           622788 kB
Inactive:         650396 kB
Active(anon):     317552 kB
Inactive(anon):   351448 kB
Active(file):     305236 kB
Inactive(file):   298948 kB
Unevictable:        2372 kB
Mlocked:               0 kB
HighTotal:       1436668 kB
HighFree:          40576 kB
LowTotal:         426284 kB
LowFree:          105628 kB
SwapTotal:       1048572 kB
SwapFree:         987700 kB
Dirty:                68 kB
Writeback:             0 kB
AnonPages:        664264 kB
Mapped:           459544 kB
Shmem:               700 kB
Slab:              42148 kB
SReclaimable:      14092 kB
SUnreclaim:        28056 kB
KernelStack:       12064 kB
PageTables:        42868 kB
NFS_Unstable:          0 kB
Bounce:                0 kB
WritebackTmp:          0 kB
CommitLimit:     1980048 kB
Committed_AS:   85926200 kB
VmallocTotal:     458752 kB
VmallocUsed:      113744 kB
VmallocChunk:     155652 kB
Time pass: 153 sec

---2015-12-10 12:23:27
MemTotal:        1862952 kB
MemFree:          120300 kB
Buffers:            9784 kB
Cached:           597484 kB
SwapCached:         5640 kB
Active:           629712 kB
Inactive:         650404 kB
Active(anon):     324468 kB
Inactive(anon):   351452 kB
Active(file):     305244 kB
Inactive(file):   298952 kB
Unevictable:        2372 kB
Mlocked:               0 kB
HighTotal:       1436668 kB
HighFree:          14344 kB
LowTotal:         426284 kB
LowFree:          105956 kB
SwapTotal:       1048572 kB
SwapFree:         987712 kB
Dirty:               592 kB
Writeback:             0 kB
AnonPages:        671176 kB
Mapped:           461084 kB
Shmem:               700 kB
Slab:              42128 kB
SReclaimable:      14100 kB
SUnreclaim:        28028 kB
KernelStack:       12000 kB
PageTables:        42928 kB
NFS_Unstable:          0 kB
Bounce:                0 kB
WritebackTmp:          0 kB
CommitLimit:     1980048 kB
Committed_AS:   85934872 kB
VmallocTotal:     458752 kB
VmallocUsed:      113668 kB
VmallocChunk:     155652 kB
Time pass: 157 sec

---2015-12-10 12:23:27
MemTotal:        1862952 kB
MemFree:          119064 kB
Buffers:            9792 kB
Cached:           597484 kB
SwapCached:         5644 kB
Active:           630392 kB
Inactive:         650420 kB
Active(anon):     325144 kB
Inactive(anon):   351464 kB
Active(file):     305248 kB
Inactive(file):   298956 kB
Unevictable:        2372 kB
Mlocked:               0 kB
HighTotal:       1436668 kB
HighFree:          13332 kB
LowTotal:         426284 kB
LowFree:          105732 kB
SwapTotal:       1048572 kB
SwapFree:         987720 kB
Dirty:                 0 kB
Writeback:             0 kB
AnonPages:        671888 kB
Mapped:           461320 kB
Shmem:               700 kB
Slab:              42104 kB
SReclaimable:      14100 kB
SUnreclaim:        28004 kB
KernelStack:       11936 kB
PageTables:        42924 kB
NFS_Unstable:          0 kB
Bounce:                0 kB
WritebackTmp:          0 kB
CommitLimit:     1980048 kB
Committed_AS:   85934440 kB
VmallocTotal:     458752 kB
VmallocUsed:      113748 kB
VmallocChunk:     155652 kB
Time pass: 160 sec

---2015-12-10 12:23:27
MemTotal:        1862952 kB
MemFree:          118796 kB
Buffers:            9800 kB
Cached:           597536 kB
SwapCached:         5644 kB
Active:           630248 kB
Inactive:         650480 kB
Active(anon):     325000 kB
Inactive(anon):   351464 kB
Active(file):     305248 kB
Inactive(file):   299016 kB
Unevictable:        2372 kB
Mlocked:               0 kB
HighTotal:       1436668 kB
HighFree:          13024 kB
LowTotal:         426284 kB
LowFree:          105772 kB
SwapTotal:       1048572 kB
SwapFree:         987720 kB
Dirty:                40 kB
Writeback:             0 kB
AnonPages:        671808 kB
Mapped:           461388 kB
Shmem:               700 kB
Slab:              42068 kB
SReclaimable:      14100 kB
SUnreclaim:        27968 kB
KernelStack:       11936 kB
PageTables:        42924 kB
NFS_Unstable:          0 kB
Bounce:                0 kB
WritebackTmp:          0 kB
CommitLimit:     1980048 kB
Committed_AS:   85934512 kB
VmallocTotal:     458752 kB
VmallocUsed:      113828 kB
VmallocChunk:     155652 kB
Time pass: 164 sec

---2015-12-10 12:23:27
MemTotal:        1862952 kB
MemFree:           87732 kB
Buffers:            9816 kB
Cached:           597636 kB
SwapCached:         5652 kB
Active:           644252 kB
Inactive:         650484 kB
Active(anon):     339000 kB
Inactive(anon):   351468 kB
Active(file):     305252 kB
Inactive(file):   299016 kB
Unevictable:        2372 kB
Mlocked:               0 kB
HighTotal:       1436668 kB
HighFree:           2564 kB
LowTotal:         426284 kB
LowFree:           85168 kB
SwapTotal:       1048572 kB
SwapFree:         987720 kB
Dirty:                48 kB
Writeback:             0 kB
AnonPages:        685668 kB
Mapped:           464364 kB
Shmem:               812 kB
Slab:              42068 kB
SReclaimable:      14100 kB
SUnreclaim:        27968 kB
KernelStack:       12160 kB
PageTables:        43072 kB
NFS_Unstable:          0 kB
Bounce:                0 kB
WritebackTmp:          0 kB
CommitLimit:     1980048 kB
Committed_AS:   85957076 kB
VmallocTotal:     458752 kB
VmallocUsed:      117632 kB
VmallocChunk:     155652 kB
Time pass: 168 sec

---2015-12-10 12:23:27
MemTotal:        1862952 kB
MemFree:           75788 kB
Buffers:            9864 kB
Cached:           598552 kB
SwapCached:         5664 kB
Active:           654972 kB
Inactive:         651360 kB
Active(anon):     349640 kB
Inactive(anon):   351716 kB
Active(file):     305332 kB
Inactive(file):   299644 kB
Unevictable:        2372 kB
Mlocked:               0 kB
HighTotal:       1436668 kB
HighFree:           2820 kB
LowTotal:         426284 kB
LowFree:           72968 kB
SwapTotal:       1048572 kB
SwapFree:         987764 kB
Dirty:                60 kB
Writeback:             0 kB
AnonPages:        696344 kB
Mapped:           464592 kB
Shmem:              1068 kB
Slab:              42236 kB
SReclaimable:      14116 kB
SUnreclaim:        28120 kB
KernelStack:       12352 kB
PageTables:        43624 kB
NFS_Unstable:          0 kB
Bounce:                0 kB
WritebackTmp:          0 kB
CommitLimit:     1980048 kB
Committed_AS:   87210824 kB
VmallocTotal:     458752 kB
VmallocUsed:      119452 kB
VmallocChunk:     155652 kB
Time pass: 172 sec

---2015-12-10 12:23:27
MemTotal:        1862952 kB
MemFree:           73152 kB
Buffers:            9896 kB
Cached:           598568 kB
SwapCached:         5664 kB
Active:           659652 kB
Inactive:         651388 kB
Active(anon):     354320 kB
Inactive(anon):   351700 kB
Active(file):     305332 kB
Inactive(file):   299688 kB
Unevictable:        2372 kB
Mlocked:               0 kB
HighTotal:       1436668 kB
HighFree:           3468 kB
LowTotal:         426284 kB
LowFree:           69684 kB
SwapTotal:       1048572 kB
SwapFree:         987776 kB
Dirty:                40 kB
Writeback:             0 kB
AnonPages:        700736 kB
Mapped:           462940 kB
Shmem:              1072 kB
Slab:              42344 kB
SReclaimable:      14116 kB
SUnreclaim:        28228 kB
KernelStack:       12328 kB
PageTables:        43724 kB
NFS_Unstable:          0 kB
Bounce:                0 kB
WritebackTmp:          0 kB
CommitLimit:     1980048 kB
Committed_AS:   87220352 kB
VmallocTotal:     458752 kB
VmallocUsed:      119452 kB
VmallocChunk:     155652 kB
Time pass: 175 sec

---2015-12-10 12:23:27
MemTotal:        1862952 kB
MemFree:           71536 kB
Buffers:            9912 kB
Cached:           598556 kB
SwapCached:         5664 kB
Active:           661332 kB
Inactive:         651392 kB
Active(anon):     356000 kB
Inactive(anon):   351700 kB
Active(file):     305332 kB
Inactive(file):   299692 kB
Unevictable:        2372 kB
Mlocked:               0 kB
HighTotal:       1436668 kB
HighFree:           2520 kB
LowTotal:         426284 kB
LowFree:           69016 kB
SwapTotal:       1048572 kB
SwapFree:         987776 kB
Dirty:                 0 kB
Writeback:             0 kB
AnonPages:        702500 kB
Mapped:           462940 kB
Shmem:              1072 kB
Slab:              42348 kB
SReclaimable:      14116 kB
SUnreclaim:        28232 kB
KernelStack:       12312 kB
PageTables:        43724 kB
NFS_Unstable:          0 kB
Bounce:                0 kB
WritebackTmp:          0 kB
CommitLimit:     1980048 kB
Committed_AS:   87220432 kB
VmallocTotal:     458752 kB
VmallocUsed:      119452 kB
VmallocChunk:     155652 kB
Time pass: 179 sec

---2015-12-10 12:23:27
MemTotal:        1862952 kB
MemFree:           71224 kB
Buffers:            9912 kB
Cached:           598572 kB
SwapCached:         5664 kB
Active:           661480 kB
Inactive:         651408 kB
Active(anon):     356148 kB
Inactive(anon):   351700 kB
Active(file):     305332 kB
Inactive(file):   299708 kB
Unevictable:        2372 kB
Mlocked:               0 kB
HighTotal:       1436668 kB
HighFree:           2524 kB
LowTotal:         426284 kB
LowFree:           68700 kB
SwapTotal:       1048572 kB
SwapFree:         987780 kB
Dirty:                48 kB
Writeback:             0 kB
AnonPages:        702736 kB
Mapped:           462756 kB
Shmem:              1072 kB
Slab:              42384 kB
SReclaimable:      14116 kB
SUnreclaim:        28268 kB
KernelStack:       12320 kB
PageTables:        43724 kB
NFS_Unstable:          0 kB
Bounce:                0 kB
WritebackTmp:          0 kB
CommitLimit:     1980048 kB
Committed_AS:   87222560 kB
VmallocTotal:     458752 kB
VmallocUsed:      119452 kB
VmallocChunk:     155652 kB
Time pass: 182 sec

---2015-12-10 12:23:27
MemTotal:        1862952 kB
MemFree:           70356 kB
Buffers:            9920 kB
Cached:           598572 kB
SwapCached:         5664 kB
Active:           661692 kB
Inactive:         651416 kB
Active(anon):     356356 kB
Inactive(anon):   351704 kB
Active(file):     305336 kB
Inactive(file):   299712 kB
Unevictable:        2372 kB
Mlocked:               0 kB
HighTotal:       1436668 kB
HighFree:           2528 kB
LowTotal:         426284 kB
LowFree:           67828 kB
SwapTotal:       1048572 kB
SwapFree:         987780 kB
Dirty:                32 kB
Writeback:             0 kB
AnonPages:        702952 kB
Mapped:           462948 kB
Shmem:              1072 kB
Slab:              42444 kB
SReclaimable:      14116 kB
SUnreclaim:        28328 kB
KernelStack:       12320 kB
PageTables:        43732 kB
NFS_Unstable:          0 kB
Bounce:                0 kB
WritebackTmp:          0 kB
CommitLimit:     1980048 kB
Committed_AS:   87222784 kB
VmallocTotal:     458752 kB
VmallocUsed:      119452 kB
VmallocChunk:     155652 kB
Time pass: 186 sec

---2015-12-10 12:23:27
MemTotal:        1862952 kB
MemFree:           71168 kB
Buffers:            9936 kB
Cached:           598572 kB
SwapCached:         5664 kB
Active:           661868 kB
Inactive:         651400 kB
Active(anon):     356528 kB
Inactive(anon):   351676 kB
Active(file):     305340 kB
Inactive(file):   299724 kB
Unevictable:        2372 kB
Mlocked:               0 kB
HighTotal:       1436668 kB
HighFree:           2776 kB
LowTotal:         426284 kB
LowFree:           68392 kB
SwapTotal:       1048572 kB
SwapFree:         987788 kB
Dirty:                 0 kB
Writeback:             0 kB
AnonPages:        703052 kB
Mapped:           462888 kB
Shmem:              1072 kB
Slab:              42420 kB
SReclaimable:      14180 kB
SUnreclaim:        28240 kB
KernelStack:       12272 kB
PageTables:        43732 kB
NFS_Unstable:          0 kB
Bounce:                0 kB
WritebackTmp:          0 kB
CommitLimit:     1980048 kB
Committed_AS:   87222880 kB
VmallocTotal:     458752 kB
VmallocUsed:      119372 kB
VmallocChunk:     155652 kB
Time pass: 190 sec

---2015-12-10 12:23:27
MemTotal:        1862952 kB
MemFree:           71208 kB
Buffers:            9944 kB
Cached:           598572 kB
SwapCached:         5664 kB
Active:           661900 kB
Inactive:         651400 kB
Active(anon):     356560 kB
Inactive(anon):   351676 kB
Active(file):     305340 kB
Inactive(file):   299724 kB
Unevictable:        2372 kB
Mlocked:               0 kB
HighTotal:       1436668 kB
HighFree:           3520 kB
LowTotal:         426284 kB
LowFree:           67688 kB
SwapTotal:       1048572 kB
SwapFree:         987788 kB
Dirty:                32 kB
Writeback:             0 kB
AnonPages:        703020 kB
Mapped:           462772 kB
Shmem:              1072 kB
Slab:              42416 kB
SReclaimable:      14180 kB
SUnreclaim:        28236 kB
KernelStack:       12296 kB
PageTables:        43780 kB
NFS_Unstable:          0 kB
Bounce:                0 kB
WritebackTmp:          0 kB
CommitLimit:     1980048 kB
Committed_AS:   87222952 kB
VmallocTotal:     458752 kB
VmallocUsed:      119372 kB
VmallocChunk:     155652 kB
Time pass: 194 sec

---2015-12-10 12:23:27
MemTotal:        1862952 kB
MemFree:           69800 kB
Buffers:            9960 kB
Cached:           598828 kB
SwapCached:         5672 kB
Active:           663524 kB
Inactive:         651568 kB
Active(anon):     358184 kB
Inactive(anon):   351564 kB
Active(file):     305340 kB
Inactive(file):   300004 kB
Unevictable:        2372 kB
Mlocked:               0 kB
HighTotal:       1436668 kB
HighFree:           3096 kB
LowTotal:         426284 kB
LowFree:           66704 kB
SwapTotal:       1048572 kB
SwapFree:         987824 kB
Dirty:                40 kB
Writeback:             0 kB
AnonPages:        704704 kB
Mapped:           462788 kB
Shmem:              1072 kB
Slab:              42460 kB
SReclaimable:      14188 kB
SUnreclaim:        28272 kB
KernelStack:       12280 kB
PageTables:        43736 kB
NFS_Unstable:          0 kB
Bounce:                0 kB
WritebackTmp:          0 kB
CommitLimit:     1980048 kB
Committed_AS:   87225744 kB
VmallocTotal:     458752 kB
VmallocUsed:      119372 kB
VmallocChunk:     155652 kB
Time pass: 197 sec

---2015-12-10 12:23:27
MemTotal:        1862952 kB
MemFree:           68460 kB
Buffers:            9976 kB
Cached:           598812 kB
SwapCached:         5672 kB
Active:           664016 kB
Inactive:         651560 kB
Active(anon):     358676 kB
Inactive(anon):   351564 kB
Active(file):     305340 kB
Inactive(file):   299996 kB
Unevictable:        2372 kB
Mlocked:               0 kB
HighTotal:       1436668 kB
HighFree:           3524 kB
LowTotal:         426284 kB
LowFree:           64936 kB
SwapTotal:       1048572 kB
SwapFree:         987824 kB
Dirty:                60 kB
Writeback:             0 kB
AnonPages:        705096 kB
Mapped:           462916 kB
Shmem:              1072 kB
Slab:              42488 kB
SReclaimable:      14188 kB
SUnreclaim:        28300 kB
KernelStack:       12280 kB
PageTables:        43740 kB
NFS_Unstable:          0 kB
Bounce:                0 kB
WritebackTmp:          0 kB
CommitLimit:     1980048 kB
Committed_AS:   87225752 kB
VmallocTotal:     458752 kB
VmallocUsed:      119372 kB
VmallocChunk:     155652 kB
Time pass: 201 sec

---2015-12-10 12:23:27
MemTotal:        1862952 kB
MemFree:           67328 kB
Buffers:            9988 kB
Cached:           598820 kB
SwapCached:         5672 kB
Active:           662640 kB
Inactive:         653856 kB
Active(anon):     359580 kB
Inactive(anon):   351588 kB
Active(file):     303060 kB
Inactive(file):   302268 kB
Unevictable:        2372 kB
Mlocked:               0 kB
HighTotal:       1436668 kB
HighFree:           2780 kB
LowTotal:         426284 kB
LowFree:           64548 kB
SwapTotal:       1048572 kB
SwapFree:         987828 kB
Dirty:                92 kB
Writeback:             0 kB
AnonPages:        705892 kB
Mapped:           462976 kB
Shmem:              1072 kB
Slab:              42388 kB
SReclaimable:      14188 kB
SUnreclaim:        28200 kB
KernelStack:       12248 kB
PageTables:        43740 kB
NFS_Unstable:          0 kB
Bounce:                0 kB
WritebackTmp:          0 kB
CommitLimit:     1980048 kB
Committed_AS:   87226048 kB
VmallocTotal:     458752 kB
VmallocUsed:      119452 kB
VmallocChunk:     155652 kB
Time pass: 205 sec

---2015-12-10 12:23:27
MemTotal:        1862952 kB
MemFree:           68076 kB
Buffers:           10004 kB
Cached:           598800 kB
SwapCached:         5672 kB
Active:           663064 kB
Inactive:         653624 kB
Active(anon):     359760 kB
Inactive(anon):   351568 kB
Active(file):     303304 kB
Inactive(file):   302056 kB
Unevictable:        2372 kB
Mlocked:               0 kB
HighTotal:       1436668 kB
HighFree:           2532 kB
LowTotal:         426284 kB
LowFree:           65544 kB
SwapTotal:       1048572 kB
SwapFree:         987828 kB
Dirty:                 8 kB
Writeback:             0 kB
AnonPages:        706244 kB
Mapped:           462792 kB
Shmem:              1072 kB
Slab:              42496 kB
SReclaimable:      14180 kB
SUnreclaim:        28316 kB
KernelStack:       12232 kB
PageTables:        43740 kB
NFS_Unstable:          0 kB
Bounce:                0 kB
WritebackTmp:          0 kB
CommitLimit:     1980048 kB
Committed_AS:   87226072 kB
VmallocTotal:     458752 kB
VmallocUsed:      119372 kB
VmallocChunk:     155652 kB
Time pass: 208 sec

---2015-12-10 12:23:27
MemTotal:        1862952 kB
MemFree:           67416 kB
Buffers:           10004 kB
Cached:           598804 kB
SwapCached:         5672 kB
Active:           663164 kB
Inactive:         653544 kB
Active(anon):     359836 kB
Inactive(anon):   351512 kB
Active(file):     303328 kB
Inactive(file):   302032 kB
Unevictable:        2372 kB
Mlocked:               0 kB
HighTotal:       1436668 kB
HighFree:           3152 kB
LowTotal:         426284 kB
LowFree:           64264 kB
SwapTotal:       1048572 kB
SwapFree:         987832 kB
Dirty:                 0 kB
Writeback:             0 kB
AnonPages:        706268 kB
Mapped:           462976 kB
Shmem:              1072 kB
Slab:              42436 kB
SReclaimable:      14180 kB
SUnreclaim:        28256 kB
KernelStack:       12280 kB
PageTables:        43740 kB
NFS_Unstable:          0 kB
Bounce:                0 kB
WritebackTmp:          0 kB
CommitLimit:     1980048 kB
Committed_AS:   87226136 kB
VmallocTotal:     458752 kB
VmallocUsed:      119452 kB
VmallocChunk:     155652 kB
Time pass: 212 sec

---2015-12-10 12:23:27
MemTotal:        1862952 kB
MemFree:           67228 kB
Buffers:           10028 kB
Cached:           598800 kB
SwapCached:         5672 kB
Active:           663448 kB
Inactive:         653544 kB
Active(anon):     360120 kB
Inactive(anon):   351488 kB
Active(file):     303328 kB
Inactive(file):   302056 kB
Unevictable:        2372 kB
Mlocked:               0 kB
HighTotal:       1436668 kB
HighFree:           3324 kB
LowTotal:         426284 kB
LowFree:           63904 kB
SwapTotal:       1048572 kB
SwapFree:         987844 kB
Dirty:                48 kB
Writeback:             0 kB
AnonPages:        706536 kB
Mapped:           462916 kB
Shmem:              1072 kB
Slab:              42444 kB
SReclaimable:      14196 kB
SUnreclaim:        28248 kB
KernelStack:       12240 kB
PageTables:        43740 kB
NFS_Unstable:          0 kB
Bounce:                0 kB
WritebackTmp:          0 kB
CommitLimit:     1980048 kB
Committed_AS:   87226344 kB
VmallocTotal:     458752 kB
VmallocUsed:      119372 kB
VmallocChunk:     155652 kB
Time pass: 215 sec

---2015-12-10 12:23:27
MemTotal:        1862952 kB
MemFree:           66784 kB
Buffers:           10028 kB
Cached:           598804 kB
SwapCached:         5672 kB
Active:           663860 kB
Inactive:         653548 kB
Active(anon):     360532 kB
Inactive(anon):   351492 kB
Active(file):     303328 kB
Inactive(file):   302056 kB
Unevictable:        2372 kB
Mlocked:               0 kB
HighTotal:       1436668 kB
HighFree:           2476 kB
LowTotal:         426284 kB
LowFree:           64308 kB
SwapTotal:       1048572 kB
SwapFree:         987844 kB
Dirty:                 0 kB
Writeback:            20 kB
AnonPages:        706916 kB
Mapped:           462980 kB
Shmem:              1076 kB
Slab:              42444 kB
SReclaimable:      14196 kB
SUnreclaim:        28248 kB
KernelStack:       12288 kB
PageTables:        43740 kB
NFS_Unstable:          0 kB
Bounce:                0 kB
WritebackTmp:          0 kB
CommitLimit:     1980048 kB
Committed_AS:   87226432 kB
VmallocTotal:     458752 kB
VmallocUsed:      119452 kB
VmallocChunk:     155652 kB
Time pass: 219 sec

---2015-12-10 12:23:27
MemTotal:        1862952 kB
MemFree:           66248 kB
Buffers:           10052 kB
Cached:           598812 kB
SwapCached:         5672 kB
Active:           664468 kB
Inactive:         653576 kB
Active(anon):     361140 kB
Inactive(anon):   351512 kB
Active(file):     303328 kB
Inactive(file):   302064 kB
Unevictable:        2372 kB
Mlocked:               0 kB
HighTotal:       1436668 kB
HighFree:           2460 kB
LowTotal:         426284 kB
LowFree:           63788 kB
SwapTotal:       1048572 kB
SwapFree:         987848 kB
Dirty:                36 kB
Writeback:             0 kB
AnonPages:        707408 kB
Mapped:           463008 kB
Shmem:              1100 kB
Slab:              42612 kB
SReclaimable:      14196 kB
SUnreclaim:        28416 kB
KernelStack:       12256 kB
PageTables:        43816 kB
NFS_Unstable:          0 kB
Bounce:                0 kB
WritebackTmp:          0 kB
CommitLimit:     1980048 kB
Committed_AS:   87226520 kB
VmallocTotal:     458752 kB
VmallocUsed:      119452 kB
VmallocChunk:     155652 kB
Time pass: 223 sec

---2015-12-10 12:23:27
MemTotal:        1862952 kB
MemFree:           68004 kB
Buffers:           10052 kB
Cached:           598832 kB
SwapCached:         5672 kB
Active:           662420 kB
Inactive:         653548 kB
Active(anon):     359092 kB
Inactive(anon):   351464 kB
Active(file):     303328 kB
Inactive(file):   302084 kB
Unevictable:        2372 kB
Mlocked:               0 kB
HighTotal:       1436668 kB
HighFree:           2712 kB
LowTotal:         426284 kB
LowFree:           65292 kB
SwapTotal:       1048572 kB
SwapFree:         987848 kB
Dirty:                 4 kB
Writeback:             0 kB
AnonPages:        705676 kB
Mapped:           463008 kB
Shmem:              1100 kB
Slab:              42592 kB
SReclaimable:      14188 kB
SUnreclaim:        28404 kB
KernelStack:       12280 kB
PageTables:        43740 kB
NFS_Unstable:          0 kB
Bounce:                0 kB
WritebackTmp:          0 kB
CommitLimit:     1980048 kB
Committed_AS:   87226672 kB
VmallocTotal:     458752 kB
VmallocUsed:      119452 kB
VmallocChunk:     155652 kB
Time pass: 227 sec

---2015-12-10 12:23:27
MemTotal:        1862952 kB
MemFree:           65312 kB
Buffers:           10076 kB
Cached:           598816 kB
SwapCached:         5672 kB
Active:           665160 kB
Inactive:         653472 kB
Active(anon):     361828 kB
Inactive(anon):   351384 kB
Active(file):     303332 kB
Inactive(file):   302088 kB
Unevictable:        2372 kB
Mlocked:               0 kB
HighTotal:       1436668 kB
HighFree:           2152 kB
LowTotal:         426284 kB
LowFree:           63160 kB
SwapTotal:       1048572 kB
SwapFree:         987848 kB
Dirty:                32 kB
Writeback:             0 kB
AnonPages:        708100 kB
Mapped:           463024 kB
Shmem:              1100 kB
Slab:              42472 kB
SReclaimable:      14180 kB
SUnreclaim:        28292 kB
KernelStack:       12200 kB
PageTables:        43744 kB
NFS_Unstable:          0 kB
Bounce:                0 kB
WritebackTmp:          0 kB
CommitLimit:     1980048 kB
Committed_AS:   87226800 kB
VmallocTotal:     458752 kB
VmallocUsed:      119452 kB
VmallocChunk:     155652 kB
Time pass: 230 sec

---2015-12-10 12:23:27
MemTotal:        1862952 kB
MemFree:           66788 kB
Buffers:           10076 kB
Cached:           598832 kB
SwapCached:         5668 kB
Active:           663572 kB
Inactive:         653444 kB
Active(anon):     360240 kB
Inactive(anon):   351340 kB
Active(file):     303332 kB
Inactive(file):   302104 kB
Unevictable:        2372 kB
Mlocked:               0 kB
HighTotal:       1436668 kB
HighFree:           2400 kB
LowTotal:         426284 kB
LowFree:           64388 kB
SwapTotal:       1048572 kB
SwapFree:         987876 kB
Dirty:                48 kB
Writeback:             0 kB
AnonPages:        706620 kB
Mapped:           462844 kB
Shmem:              1100 kB
Slab:              42436 kB
SReclaimable:      14180 kB
SUnreclaim:        28256 kB
KernelStack:       12240 kB
PageTables:        43744 kB
NFS_Unstable:          0 kB
Bounce:                0 kB
WritebackTmp:          0 kB
CommitLimit:     1980048 kB
Committed_AS:   87226872 kB
VmallocTotal:     458752 kB
VmallocUsed:      119452 kB
VmallocChunk:     155652 kB
Time pass: 234 sec

---2015-12-10 12:23:27
MemTotal:        1862952 kB
MemFree:           66300 kB
Buffers:           10092 kB
Cached:           598832 kB
SwapCached:         5668 kB
Active:           663916 kB
Inactive:         653456 kB
Active(anon):     360584 kB
Inactive(anon):   351336 kB
Active(file):     303332 kB
Inactive(file):   302120 kB
Unevictable:        2372 kB
Mlocked:               0 kB
HighTotal:       1436668 kB
HighFree:           2400 kB
LowTotal:         426284 kB
LowFree:           63900 kB
SwapTotal:       1048572 kB
SwapFree:         987876 kB
Dirty:                40 kB
Writeback:             0 kB
AnonPages:        706800 kB
Mapped:           462916 kB
Shmem:              1100 kB
Slab:              42496 kB
SReclaimable:      14180 kB
SUnreclaim:        28316 kB
KernelStack:       12264 kB
PageTables:        43724 kB
NFS_Unstable:          0 kB
Bounce:                0 kB
WritebackTmp:          0 kB
CommitLimit:     1980048 kB
Committed_AS:   87227064 kB
VmallocTotal:     458752 kB
VmallocUsed:      119372 kB
VmallocChunk:     155652 kB
Time pass: 238 sec

---2015-12-10 12:23:27
MemTotal:        1862952 kB
MemFree:           66692 kB
Buffers:           10100 kB
Cached:           598832 kB
SwapCached:         5668 kB
Active:           663764 kB
Inactive:         653456 kB
Active(anon):     360432 kB
Inactive(anon):   351336 kB
Active(file):     303332 kB
Inactive(file):   302120 kB
Unevictable:        2372 kB
Mlocked:               0 kB
HighTotal:       1436668 kB
HighFree:           2524 kB
LowTotal:         426284 kB
LowFree:           64168 kB
SwapTotal:       1048572 kB
SwapFree:         987876 kB
Dirty:                32 kB
Writeback:             0 kB
AnonPages:        706736 kB
Mapped:           462844 kB
Shmem:              1100 kB
Slab:              42496 kB
SReclaimable:      14180 kB
SUnreclaim:        28316 kB
KernelStack:       12240 kB
PageTables:        43740 kB
NFS_Unstable:          0 kB
Bounce:                0 kB
WritebackTmp:          0 kB
CommitLimit:     1980048 kB
Committed_AS:   87227116 kB
VmallocTotal:     458752 kB
VmallocUsed:      119372 kB
VmallocChunk:     155652 kB
Time pass: 242 sec

---2015-12-10 12:23:27
MemTotal:        1862952 kB
MemFree:           64508 kB
Buffers:           10116 kB
Cached:           598832 kB
SwapCached:         5668 kB
Active:           665296 kB
Inactive:         653480 kB
Active(anon):     361964 kB
Inactive(anon):   351336 kB
Active(file):     303332 kB
Inactive(file):   302144 kB
Unevictable:        2372 kB
Mlocked:               0 kB
HighTotal:       1436668 kB
HighFree:           2524 kB
LowTotal:         426284 kB
LowFree:           61984 kB
SwapTotal:       1048572 kB
SwapFree:         987884 kB
Dirty:                36 kB
Writeback:             0 kB
AnonPages:        708336 kB
Mapped:           462844 kB
Shmem:              1100 kB
Slab:              42624 kB
SReclaimable:      14180 kB
SUnreclaim:        28444 kB
KernelStack:       12288 kB
PageTables:        43740 kB
NFS_Unstable:          0 kB
Bounce:                0 kB
WritebackTmp:          0 kB
CommitLimit:     1980048 kB
Committed_AS:   87227232 kB
VmallocTotal:     458752 kB
VmallocUsed:      119452 kB
VmallocChunk:     155652 kB
Time pass: 246 sec

---2015-12-10 12:23:27
MemTotal:        1862952 kB
MemFree:           64360 kB
Buffers:           10124 kB
Cached:           598836 kB
SwapCached:         5668 kB
Active:           665364 kB
Inactive:         653496 kB
Active(anon):     362032 kB
Inactive(anon):   351344 kB
Active(file):     303332 kB
Inactive(file):   302152 kB
Unevictable:        2372 kB
Mlocked:               0 kB
HighTotal:       1436668 kB
HighFree:           2532 kB
LowTotal:         426284 kB
LowFree:           61828 kB
SwapTotal:       1048572 kB
SwapFree:         987892 kB
Dirty:                36 kB
Writeback:             0 kB
AnonPages:        708312 kB
Mapped:           462968 kB
Shmem:              1100 kB
Slab:              42624 kB
SReclaimable:      14180 kB
SUnreclaim:        28444 kB
KernelStack:       12240 kB
PageTables:        43740 kB
NFS_Unstable:          0 kB
Bounce:                0 kB
WritebackTmp:          0 kB
CommitLimit:     1980048 kB
Committed_AS:   87227432 kB
VmallocTotal:     458752 kB
VmallocUsed:      119372 kB
VmallocChunk:     155652 kB
Time pass: 249 sec

---2015-12-10 12:23:27
MemTotal:        1862952 kB
MemFree:           64580 kB
Buffers:           10140 kB
Cached:           598836 kB
SwapCached:         5668 kB
Active:           665816 kB
Inactive:         653520 kB
Active(anon):     362484 kB
Inactive(anon):   351348 kB
Active(file):     303332 kB
Inactive(file):   302172 kB
Unevictable:        2372 kB
Mlocked:               0 kB
HighTotal:       1436668 kB
HighFree:           2600 kB
LowTotal:         426284 kB
LowFree:           61980 kB
SwapTotal:       1048572 kB
SwapFree:         987896 kB
Dirty:                40 kB
Writeback:             0 kB
AnonPages:        708848 kB
Mapped:           462968 kB
Shmem:              1100 kB
Slab:              42688 kB
SReclaimable:      14180 kB
SUnreclaim:        28508 kB
KernelStack:       12240 kB
PageTables:        43816 kB
NFS_Unstable:          0 kB
Bounce:                0 kB
WritebackTmp:          0 kB
CommitLimit:     1980048 kB
Committed_AS:   87227512 kB
VmallocTotal:     458752 kB
VmallocUsed:      119372 kB
VmallocChunk:     155652 kB
Time pass: 253 sec

---2015-12-10 12:23:27
MemTotal:        1862952 kB
MemFree:           63132 kB
Buffers:           10156 kB
Cached:           598836 kB
SwapCached:         5668 kB
Active:           666368 kB
Inactive:         653536 kB
Active(anon):     363032 kB
Inactive(anon):   351352 kB
Active(file):     303336 kB
Inactive(file):   302184 kB
Unevictable:        2372 kB
Mlocked:               0 kB
HighTotal:       1436668 kB
HighFree:           2476 kB
LowTotal:         426284 kB
LowFree:           60656 kB
SwapTotal:       1048572 kB
SwapFree:         987896 kB
Dirty:                36 kB
Writeback:             0 kB
AnonPages:        709352 kB
Mapped:           462968 kB
Shmem:              1100 kB
Slab:              42696 kB
SReclaimable:      14180 kB
SUnreclaim:        28516 kB
KernelStack:       12240 kB
PageTables:        43748 kB
NFS_Unstable:          0 kB
Bounce:                0 kB
WritebackTmp:          0 kB
CommitLimit:     1980048 kB
Committed_AS:   87229752 kB
VmallocTotal:     458752 kB
VmallocUsed:      119372 kB
VmallocChunk:     155652 kB
Time pass: 256 sec

---2015-12-10 12:23:27
MemTotal:        1862952 kB
MemFree:           63924 kB
Buffers:           10164 kB
Cached:           598916 kB
SwapCached:         5668 kB
Active:           666144 kB
Inactive:         653620 kB
Active(anon):     362808 kB
Inactive(anon):   351392 kB
Active(file):     303336 kB
Inactive(file):   302228 kB
Unevictable:        2372 kB
Mlocked:               0 kB
HighTotal:       1436668 kB
HighFree:           2848 kB
LowTotal:         426284 kB
LowFree:           61076 kB
SwapTotal:       1048572 kB
SwapFree:         987896 kB
Dirty:                 0 kB
Writeback:             0 kB
AnonPages:        709192 kB
Mapped:           463016 kB
Shmem:              1144 kB
Slab:              42696 kB
SReclaimable:      14180 kB
SUnreclaim:        28516 kB
KernelStack:       12240 kB
PageTables:        43748 kB
NFS_Unstable:          0 kB
Bounce:                0 kB
WritebackTmp:          0 kB
CommitLimit:     1980048 kB
Committed_AS:   87230248 kB
VmallocTotal:     458752 kB
VmallocUsed:      119372 kB
VmallocChunk:     155652 kB
Time pass: 260 sec

---2015-12-10 12:23:27
MemTotal:        1862952 kB
MemFree:           63360 kB
Buffers:           10180 kB
Cached:           598916 kB
SwapCached:         5668 kB
Active:           666976 kB
Inactive:         653628 kB
Active(anon):     363640 kB
Inactive(anon):   351400 kB
Active(file):     303336 kB
Inactive(file):   302228 kB
Unevictable:        2372 kB
Mlocked:               0 kB
HighTotal:       1436668 kB
HighFree:           2972 kB
LowTotal:         426284 kB
LowFree:           60388 kB
SwapTotal:       1048572 kB
SwapFree:         987908 kB
Dirty:                52 kB
Writeback:             0 kB
AnonPages:        709800 kB
Mapped:           463016 kB
Shmem:              1144 kB
Slab:              42696 kB
SReclaimable:      14180 kB
SUnreclaim:        28516 kB
KernelStack:       12240 kB
PageTables:        43748 kB
NFS_Unstable:          0 kB
Bounce:                0 kB
WritebackTmp:          0 kB
CommitLimit:     1980048 kB
Committed_AS:   87230320 kB
VmallocTotal:     458752 kB
VmallocUsed:      119372 kB
VmallocChunk:     155652 kB
Time pass: 264 sec

---2015-12-10 12:23:27
MemTotal:        1862952 kB
MemFree:           62572 kB
Buffers:           10180 kB
Cached:           598916 kB
SwapCached:         5668 kB
Active:           667736 kB
Inactive:         653648 kB
Active(anon):     364400 kB
Inactive(anon):   351404 kB
Active(file):     303336 kB
Inactive(file):   302244 kB
Unevictable:        2372 kB
Mlocked:               0 kB
HighTotal:       1436668 kB
HighFree:           2572 kB
LowTotal:         426284 kB
LowFree:           60000 kB
SwapTotal:       1048572 kB
SwapFree:         987908 kB
Dirty:                52 kB
Writeback:             0 kB
AnonPages:        710636 kB
Mapped:           463016 kB
Shmem:              1144 kB
Slab:              42688 kB
SReclaimable:      14172 kB
SUnreclaim:        28516 kB
KernelStack:       12232 kB
PageTables:        43748 kB
NFS_Unstable:          0 kB
Bounce:                0 kB
WritebackTmp:          0 kB
CommitLimit:     1980048 kB
Committed_AS:   87230536 kB
VmallocTotal:     458752 kB
VmallocUsed:      119372 kB
VmallocChunk:     155652 kB
Time pass: 267 sec

---2015-12-10 12:23:27
MemTotal:        1862952 kB
MemFree:           61624 kB
Buffers:           10204 kB
Cached:           598900 kB
SwapCached:         5668 kB
Active:           668528 kB
Inactive:         653656 kB
Active(anon):     365192 kB
Inactive(anon):   351404 kB
Active(file):     303336 kB
Inactive(file):   302252 kB
Unevictable:        2372 kB
Mlocked:               0 kB
HighTotal:       1436668 kB
HighFree:           2944 kB
LowTotal:         426284 kB
LowFree:           58680 kB
SwapTotal:       1048572 kB
SwapFree:         987912 kB
Dirty:                 0 kB
Writeback:             0 kB
AnonPages:        711740 kB
Mapped:           462892 kB
Shmem:              1144 kB
Slab:              42696 kB
SReclaimable:      14172 kB
SUnreclaim:        28524 kB
KernelStack:       12272 kB
PageTables:        43748 kB
NFS_Unstable:          0 kB
Bounce:                0 kB
WritebackTmp:          0 kB
CommitLimit:     1980048 kB
Committed_AS:   87230608 kB
VmallocTotal:     458752 kB
VmallocUsed:      119452 kB
VmallocChunk:     155652 kB
Time pass: 271 sec

---2015-12-10 12:23:27
MemTotal:        1862952 kB
MemFree:           61212 kB
Buffers:           10204 kB
Cached:           598920 kB
SwapCached:         5668 kB
Active:           668984 kB
Inactive:         653676 kB
Active(anon):     365648 kB
Inactive(anon):   351408 kB
Active(file):     303336 kB
Inactive(file):   302268 kB
Unevictable:        2372 kB
Mlocked:               0 kB
HighTotal:       1436668 kB
HighFree:           2540 kB
LowTotal:         426284 kB
LowFree:           58672 kB
SwapTotal:       1048572 kB
SwapFree:         987912 kB
Dirty:                40 kB
Writeback:             0 kB
AnonPages:        711900 kB
Mapped:           462892 kB
Shmem:              1144 kB
Slab:              42628 kB
SReclaimable:      14172 kB
SUnreclaim:        28456 kB
KernelStack:       12256 kB
PageTables:        43748 kB
NFS_Unstable:          0 kB
Bounce:                0 kB
WritebackTmp:          0 kB
CommitLimit:     1980048 kB
Committed_AS:   87230656 kB
VmallocTotal:     458752 kB
VmallocUsed:      119372 kB
VmallocChunk:     155652 kB
Time pass: 275 sec

---2015-12-10 12:23:27
MemTotal:        1862952 kB
MemFree:           60332 kB
Buffers:           10212 kB
Cached:           598924 kB
SwapCached:         5668 kB
Active:           669312 kB
Inactive:         653688 kB
Active(anon):     365972 kB
Inactive(anon):   351408 kB
Active(file):     303340 kB
Inactive(file):   302280 kB
Unevictable:        2372 kB
Mlocked:               0 kB
HighTotal:       1436668 kB
HighFree:           2540 kB
LowTotal:         426284 kB
LowFree:           57792 kB
SwapTotal:       1048572 kB
SwapFree:         987912 kB
Dirty:                44 kB
Writeback:             0 kB
AnonPages:        712268 kB
Mapped:           463016 kB
Shmem:              1144 kB
Slab:              42724 kB
SReclaimable:      14172 kB
SUnreclaim:        28552 kB
KernelStack:       12304 kB
PageTables:        43748 kB
NFS_Unstable:          0 kB
Bounce:                0 kB
WritebackTmp:          0 kB
CommitLimit:     1980048 kB
Committed_AS:   87230904 kB
VmallocTotal:     458752 kB
VmallocUsed:      119372 kB
VmallocChunk:     155652 kB
Time pass: 278 sec

---2015-12-10 12:23:27
MemTotal:        1862952 kB
MemFree:           59764 kB
Buffers:           10228 kB
Cached:           598924 kB
SwapCached:         5668 kB
Active:           669256 kB
Inactive:         653692 kB
Active(anon):     365916 kB
Inactive(anon):   351396 kB
Active(file):     303340 kB
Inactive(file):   302296 kB
Unevictable:        2372 kB
Mlocked:               0 kB
HighTotal:       1436668 kB
HighFree:           2496 kB
LowTotal:         426284 kB
LowFree:           57268 kB
SwapTotal:       1048572 kB
SwapFree:         987916 kB
Dirty:                 0 kB
Writeback:             0 kB
AnonPages:        712228 kB
Mapped:           463076 kB
Shmem:              1144 kB
Slab:              42724 kB
SReclaimable:      14172 kB
SUnreclaim:        28552 kB
KernelStack:       12240 kB
PageTables:        43748 kB
NFS_Unstable:          0 kB
Bounce:                0 kB
WritebackTmp:          0 kB
CommitLimit:     1980048 kB
Committed_AS:   87230944 kB
VmallocTotal:     458752 kB
VmallocUsed:      119452 kB
VmallocChunk:     155652 kB
Time pass: 282 sec

---2015-12-10 12:23:27
MemTotal:        1862952 kB
MemFree:           60200 kB
Buffers:           10244 kB
Cached:           598924 kB
SwapCached:         5664 kB
Active:           669308 kB
Inactive:         653688 kB
Active(anon):     365968 kB
Inactive(anon):   351392 kB
Active(file):     303340 kB
Inactive(file):   302296 kB
Unevictable:        2372 kB
Mlocked:               0 kB
HighTotal:       1436668 kB
HighFree:           3440 kB
LowTotal:         426284 kB
LowFree:           56760 kB
SwapTotal:       1048572 kB
SwapFree:         987920 kB
Dirty:                44 kB
Writeback:             0 kB
AnonPages:        712232 kB
Mapped:           463016 kB
Shmem:              1144 kB
Slab:              42704 kB
SReclaimable:      14172 kB
SUnreclaim:        28532 kB
KernelStack:       12240 kB
PageTables:        43748 kB
NFS_Unstable:          0 kB
Bounce:                0 kB
WritebackTmp:          0 kB
CommitLimit:     1980048 kB
Committed_AS:   87231168 kB
VmallocTotal:     458752 kB
VmallocUsed:      119372 kB
VmallocChunk:     155652 kB
Time pass: 285 sec

---2015-12-10 12:23:27
MemTotal:        1862952 kB
MemFree:           60048 kB
Buffers:           10252 kB
Cached:           598924 kB
SwapCached:         5664 kB
Active:           669560 kB
Inactive:         653676 kB
Active(anon):     366220 kB
Inactive(anon):   351356 kB
Active(file):     303340 kB
Inactive(file):   302320 kB
Unevictable:        2372 kB
Mlocked:               0 kB
HighTotal:       1436668 kB
HighFree:           2568 kB
LowTotal:         426284 kB
LowFree:           57480 kB
SwapTotal:       1048572 kB
SwapFree:         987924 kB
Dirty:                32 kB
Writeback:             0 kB
AnonPages:        712400 kB
Mapped:           462964 kB
Shmem:              1144 kB
Slab:              42636 kB
SReclaimable:      14172 kB
SUnreclaim:        28464 kB
KernelStack:       12272 kB
PageTables:        43732 kB
NFS_Unstable:          0 kB
Bounce:                0 kB
WritebackTmp:          0 kB
CommitLimit:     1980048 kB
Committed_AS:   87231248 kB
VmallocTotal:     458752 kB
VmallocUsed:      119372 kB
VmallocChunk:     155652 kB
Time pass: 289 sec

---2015-12-10 12:23:27
MemTotal:        1862952 kB
MemFree:           59604 kB
Buffers:           10268 kB
Cached:           598924 kB
SwapCached:         5704 kB
Active:           670132 kB
Inactive:         653616 kB
Active(anon):     366792 kB
Inactive(anon):   351280 kB
Active(file):     303340 kB
Inactive(file):   302336 kB
Unevictable:        2372 kB
Mlocked:               0 kB
HighTotal:       1436668 kB
HighFree:           2568 kB
LowTotal:         426284 kB
LowFree:           57036 kB
SwapTotal:       1048572 kB
SwapFree:         987984 kB
Dirty:                36 kB
Writeback:             0 kB
AnonPages:        712896 kB
Mapped:           463016 kB
Shmem:              1144 kB
Slab:              42668 kB
SReclaimable:      14172 kB
SUnreclaim:        28496 kB
KernelStack:       12240 kB
PageTables:        43748 kB
NFS_Unstable:          0 kB
Bounce:                0 kB
WritebackTmp:          0 kB
CommitLimit:     1980048 kB
Committed_AS:   87231320 kB
VmallocTotal:     458752 kB
VmallocUsed:      119372 kB
VmallocChunk:     155652 kB
Time pass: 293 sec

---2015-12-10 12:23:27
MemTotal:        1862952 kB
MemFree:           58756 kB
Buffers:           10276 kB
Cached:           598916 kB
SwapCached:         5704 kB
Active:           671276 kB
Inactive:         653612 kB
Active(anon):     367936 kB
Inactive(anon):   351276 kB
Active(file):     303340 kB
Inactive(file):   302336 kB
Unevictable:        2372 kB
Mlocked:               0 kB
HighTotal:       1436668 kB
HighFree:           2568 kB
LowTotal:         426284 kB
LowFree:           56188 kB
SwapTotal:       1048572 kB
SwapFree:         987988 kB
Dirty:                 4 kB
Writeback:             0 kB
AnonPages:        714124 kB
Mapped:           462892 kB
Shmem:              1144 kB
Slab:              42656 kB
SReclaimable:      14172 kB
SUnreclaim:        28484 kB
KernelStack:       12240 kB
PageTables:        43748 kB
NFS_Unstable:          0 kB
Bounce:                0 kB
WritebackTmp:          0 kB
CommitLimit:     1980048 kB
Committed_AS:   87231432 kB
VmallocTotal:     458752 kB
VmallocUsed:      119372 kB
VmallocChunk:     155652 kB
Time pass: 296 sec

---2015-12-10 12:23:27
MemTotal:        1862952 kB
MemFree:           58056 kB
Buffers:           10292 kB
Cached:           598928 kB
SwapCached:         5704 kB
Active:           671708 kB
Inactive:         653640 kB
Active(anon):     368368 kB
Inactive(anon):   351276 kB
Active(file):     303340 kB
Inactive(file):   302364 kB
Unevictable:        2372 kB
Mlocked:               0 kB
HighTotal:       1436668 kB
HighFree:           2568 kB
LowTotal:         426284 kB
LowFree:           55488 kB
SwapTotal:       1048572 kB
SwapFree:         987988 kB
Dirty:                40 kB
Writeback:             0 kB
AnonPages:        714544 kB
Mapped:           462892 kB
Shmem:              1144 kB
Slab:              42724 kB
SReclaimable:      14172 kB
SUnreclaim:        28552 kB
KernelStack:       12272 kB
PageTables:        43752 kB
NFS_Unstable:          0 kB
Bounce:                0 kB
WritebackTmp:          0 kB
CommitLimit:     1980048 kB
Committed_AS:   87231584 kB
VmallocTotal:     458752 kB
VmallocUsed:      119452 kB
VmallocChunk:     155652 kB
Time pass: 300 sec

---2015-12-10 12:23:27
MemTotal:        1862952 kB
MemFree:           57512 kB
Buffers:           10296 kB
Cached:           599048 kB
SwapCached:         5704 kB
Active:           671952 kB
Inactive:         653644 kB
Active(anon):     368608 kB
Inactive(anon):   351280 kB
Active(file):     303344 kB
Inactive(file):   302364 kB
Unevictable:        2372 kB
Mlocked:               0 kB
HighTotal:       1436668 kB
HighFree:           2572 kB
LowTotal:         426284 kB
LowFree:           54940 kB
SwapTotal:       1048572 kB
SwapFree:         988000 kB
Dirty:                 4 kB
Writeback:             0 kB
AnonPages:        714792 kB
Mapped:           463196 kB
Shmem:              1264 kB
Slab:              42712 kB
SReclaimable:      14172 kB
SUnreclaim:        28540 kB
KernelStack:       12280 kB
PageTables:        43752 kB
NFS_Unstable:          0 kB
Bounce:                0 kB
WritebackTmp:          0 kB
CommitLimit:     1980048 kB
Committed_AS:   87231664 kB
VmallocTotal:     458752 kB
VmallocUsed:      119452 kB
VmallocChunk:     155652 kB
Time pass: 303 sec

---2015-12-10 12:23:27
MemTotal:        1862952 kB
MemFree:           58140 kB
Buffers:           10320 kB
Cached:           599040 kB
SwapCached:         5704 kB
Active:           671928 kB
Inactive:         653652 kB
Active(anon):     368584 kB
Inactive(anon):   351280 kB
Active(file):     303344 kB
Inactive(file):   302372 kB
Unevictable:        2372 kB
Mlocked:               0 kB
HighTotal:       1436668 kB
HighFree:           2624 kB
LowTotal:         426284 kB
LowFree:           55516 kB
SwapTotal:       1048572 kB
SwapFree:         988000 kB
Dirty:                44 kB
Writeback:             8 kB
AnonPages:        714660 kB
Mapped:           463144 kB
Shmem:              1264 kB
Slab:              42552 kB
SReclaimable:      14172 kB
SUnreclaim:        28380 kB
KernelStack:       12264 kB
PageTables:        43772 kB
NFS_Unstable:          0 kB
Bounce:                0 kB
WritebackTmp:          0 kB
CommitLimit:     1980048 kB
Committed_AS:   87231872 kB
VmallocTotal:     458752 kB
VmallocUsed:      119452 kB
VmallocChunk:     155652 kB
Time pass: 307 sec

---2015-12-10 12:23:27
MemTotal:        1862952 kB
MemFree:           55864 kB
Buffers:           10336 kB
Cached:           599032 kB
SwapCached:         5744 kB
Active:           673896 kB
Inactive:         653700 kB
Active(anon):     370552 kB
Inactive(anon):   351312 kB
Active(file):     303344 kB
Inactive(file):   302388 kB
Unevictable:        2372 kB
Mlocked:               0 kB
HighTotal:       1436668 kB
HighFree:           2496 kB
LowTotal:         426284 kB
LowFree:           53368 kB
SwapTotal:       1048572 kB
SwapFree:         988072 kB
Dirty:                 4 kB
Writeback:             0 kB
AnonPages:        716644 kB
Mapped:           463196 kB
Shmem:              1264 kB
Slab:              42596 kB
SReclaimable:      14156 kB
SUnreclaim:        28440 kB
KernelStack:       12256 kB
PageTables:        43756 kB
NFS_Unstable:          0 kB
Bounce:                0 kB
WritebackTmp:          0 kB
CommitLimit:     1980048 kB
Committed_AS:   87231984 kB
VmallocTotal:     458752 kB
VmallocUsed:      119452 kB
VmallocChunk:     155652 kB
Time pass: 311 sec

---2015-12-10 12:23:27
MemTotal:        1862952 kB
MemFree:           55616 kB
Buffers:           10336 kB
Cached:           599048 kB
SwapCached:         5744 kB
Active:           674248 kB
Inactive:         653720 kB
Active(anon):     370904 kB
Inactive(anon):   351316 kB
Active(file):     303344 kB
Inactive(file):   302404 kB
Unevictable:        2372 kB
Mlocked:               0 kB
HighTotal:       1436668 kB
HighFree:           2496 kB
LowTotal:         426284 kB
LowFree:           53120 kB
SwapTotal:       1048572 kB
SwapFree:         988072 kB
Dirty:                36 kB
Writeback:             0 kB
AnonPages:        716108 kB
Mapped:           463196 kB
Shmem:              1264 kB
Slab:              42564 kB
SReclaimable:      14140 kB
SUnreclaim:        28424 kB
KernelStack:       12256 kB
PageTables:        43756 kB
NFS_Unstable:          0 kB
Bounce:                0 kB
WritebackTmp:          0 kB
CommitLimit:     1980048 kB
Committed_AS:   87232056 kB
VmallocTotal:     458752 kB
VmallocUsed:      119452 kB
VmallocChunk:     155652 kB
Time pass: 315 sec

---2015-12-10 12:23:27
MemTotal:        1862952 kB
MemFree:           55156 kB
Buffers:           10344 kB
Cached:           599048 kB
SwapCached:         5744 kB
Active:           674104 kB
Inactive:         653732 kB
Active(anon):     370760 kB
Inactive(anon):   351320 kB
Active(file):     303344 kB
Inactive(file):   302412 kB
Unevictable:        2372 kB
Mlocked:               0 kB
HighTotal:       1436668 kB
HighFree:           2496 kB
LowTotal:         426284 kB
LowFree:           52660 kB
SwapTotal:       1048572 kB
SwapFree:         988076 kB
Dirty:                 4 kB
Writeback:             0 kB
AnonPages:        717136 kB
Mapped:           463196 kB
Shmem:              1264 kB
Slab:              42564 kB
SReclaimable:      14140 kB
SUnreclaim:        28424 kB
KernelStack:       12280 kB
PageTables:        43756 kB
NFS_Unstable:          0 kB
Bounce:                0 kB
WritebackTmp:          0 kB
CommitLimit:     1980048 kB
Committed_AS:   87232240 kB
VmallocTotal:     458752 kB
VmallocUsed:      119452 kB
VmallocChunk:     155652 kB
Time pass: 318 sec

---2015-12-10 12:23:27
MemTotal:        1862952 kB
MemFree:           56180 kB
Buffers:           10360 kB
Cached:           599048 kB
SwapCached:         5744 kB
Active:           673900 kB
Inactive:         653748 kB
Active(anon):     370556 kB
Inactive(anon):   351320 kB
Active(file):     303344 kB
Inactive(file):   302428 kB
Unevictable:        2372 kB
Mlocked:               0 kB
HighTotal:       1436668 kB
HighFree:           2848 kB
LowTotal:         426284 kB
LowFree:           53332 kB
SwapTotal:       1048572 kB
SwapFree:         988076 kB
Dirty:                36 kB
Writeback:             0 kB
AnonPages:        716660 kB
Mapped:           463136 kB
Shmem:              1264 kB
Slab:              42576 kB
SReclaimable:      14132 kB
SUnreclaim:        28444 kB
KernelStack:       12184 kB
PageTables:        43756 kB
NFS_Unstable:          0 kB
Bounce:                0 kB
WritebackTmp:          0 kB
CommitLimit:     1980048 kB
Committed_AS:   87232288 kB
VmallocTotal:     458752 kB
VmallocUsed:      119372 kB
VmallocChunk:     155652 kB
Time pass: 322 sec

---2015-12-10 12:23:27
MemTotal:        1862952 kB
MemFree:           54508 kB
Buffers:           10384 kB
Cached:           599036 kB
SwapCached:         5744 kB
Active:           674404 kB
Inactive:         654028 kB
Active(anon):     371336 kB
Inactive(anon):   351324 kB
Active(file):     303068 kB
Inactive(file):   302704 kB
Unevictable:        2372 kB
Mlocked:               0 kB
HighTotal:       1436668 kB
HighFree:           2880 kB
LowTotal:         426284 kB
LowFree:           51628 kB
SwapTotal:       1048572 kB
SwapFree:         988084 kB
Dirty:                84 kB
Writeback:             0 kB
AnonPages:        717280 kB
Mapped:           463136 kB
Shmem:              1264 kB
Slab:              42576 kB
SReclaimable:      14132 kB
SUnreclaim:        28444 kB
KernelStack:       12232 kB
PageTables:        43756 kB
NFS_Unstable:          0 kB
Bounce:                0 kB
WritebackTmp:          0 kB
CommitLimit:     1980048 kB
Committed_AS:   87232496 kB
VmallocTotal:     458752 kB
VmallocUsed:      119372 kB
VmallocChunk:     155652 kB
Time pass: 326 sec

---2015-12-10 12:23:27
MemTotal:        1862952 kB
MemFree:           55044 kB
Buffers:           10400 kB
Cached:           599036 kB
SwapCached:         5744 kB
Active:           674200 kB
Inactive:         653812 kB
Active(anon):     370892 kB
Inactive(anon):   351320 kB
Active(file):     303308 kB
Inactive(file):   302492 kB
Unevictable:        2372 kB
Mlocked:               0 kB
HighTotal:       1436668 kB
HighFree:           2628 kB
LowTotal:         426284 kB
LowFree:           52416 kB
SwapTotal:       1048572 kB
SwapFree:         988148 kB
Dirty:                 4 kB
Writeback:             0 kB
AnonPages:        717284 kB
Mapped:           463196 kB
