---2015-12-05 14:07:44
MemTotal:        2873608 kB
MemFree:           80460 kB
Buffers:           22448 kB
Cached:          1305620 kB
SwapCached:            0 kB
Active:          1280472 kB
Inactive:         968924 kB
Active(anon):     739220 kB
Inactive(anon):   192220 kB
Active(file):     541252 kB
Inactive(file):   776704 kB
Unevictable:        8104 kB
Mlocked:               0 kB
SwapTotal:        715328 kB
SwapFree:         715328 kB
Dirty:              6472 kB
Writeback:             0 kB
AnonPages:        929864 kB
Mapped:           485500 kB
Shmem:              1732 kB
Slab:              96856 kB
SReclaimable:      31756 kB
SUnreclaim:        65100 kB
KernelStack:       36848 kB
PageTables:        49364 kB
NFS_Unstable:          0 kB
Bounce:                0 kB
WritebackTmp:          0 kB
CommitLimit:     2152132 kB
Committed_AS:   125386548 kB
VmallocTotal:   251658176 kB
VmallocUsed:      137296 kB
VmallocChunk:   251417132 kB
Time pass: 3 sec

---2015-12-05 14:07:44
MemTotal:        2873608 kB
MemFree:           73652 kB
Buffers:           22700 kB
Cached:          1310360 kB
SwapCached:            0 kB
Active:          1304356 kB
Inactive:         957716 kB
Active(anon):     746660 kB
Inactive(anon):   192272 kB
Active(file):     557696 kB
Inactive(file):   765444 kB
Unevictable:        8104 kB
Mlocked:               0 kB
SwapTotal:        715328 kB
SwapFree:         715328 kB
Dirty:                40 kB
Writeback:             0 kB
AnonPages:        937180 kB
Mapped:           479124 kB
Shmem:              1796 kB
Slab:              96552 kB
SReclaimable:      31804 kB
SUnreclaim:        64748 kB
KernelStack:       36160 kB
PageTables:        47812 kB
NFS_Unstable:          0 kB
Bounce:                0 kB
WritebackTmp:          0 kB
CommitLimit:     2152132 kB
Committed_AS:   121800916 kB
VmallocTotal:   251658176 kB
VmallocUsed:      134100 kB
VmallocChunk:   251424300 kB
Time pass: 7 sec

---2015-12-05 14:07:44
MemTotal:        2873608 kB
MemFree:           86048 kB
Buffers:           22748 kB
Cached:          1310320 kB
SwapCached:            0 kB
Active:          1296804 kB
Inactive:         950964 kB
Active(anon):     732348 kB
Inactive(anon):   192180 kB
Active(file):     564456 kB
Inactive(file):   758784 kB
Unevictable:        8104 kB
Mlocked:               0 kB
SwapTotal:        715328 kB
SwapFree:         715328 kB
Dirty:              1060 kB
Writeback:             0 kB
AnonPages:        923300 kB
Mapped:           500072 kB
Shmem:              1724 kB
Slab:              96456 kB
SReclaimable:      31848 kB
SUnreclaim:        64608 kB
KernelStack:       36256 kB
PageTables:        48472 kB
NFS_Unstable:          0 kB
Bounce:                0 kB
WritebackTmp:          0 kB
CommitLimit:     2152132 kB
Committed_AS:   122505960 kB
VmallocTotal:   251658176 kB
VmallocUsed:      135256 kB
VmallocChunk:   251424300 kB
Time pass: 11 sec

---2015-12-05 14:07:44
MemTotal:        2873608 kB
MemFree:           71752 kB
Buffers:           24324 kB
Cached:          1305980 kB
SwapCached:            0 kB
Active:          1318860 kB
Inactive:         944340 kB
Active(anon):     750744 kB
Inactive(anon):   192308 kB
Active(file):     568116 kB
Inactive(file):   752032 kB
Unevictable:        8104 kB
Mlocked:               0 kB
SwapTotal:        715328 kB
SwapFree:         715328 kB
Dirty:              7196 kB
Writeback:             0 kB
AnonPages:        941128 kB
Mapped:           506912 kB
Shmem:              1852 kB
Slab:              96604 kB
SReclaimable:      31944 kB
SUnreclaim:        64660 kB
KernelStack:       37136 kB
PageTables:        47604 kB
NFS_Unstable:          0 kB
Bounce:                0 kB
WritebackTmp:          0 kB
CommitLimit:     2152132 kB
Committed_AS:   116809196 kB
VmallocTotal:   251658176 kB
VmallocUsed:      134236 kB
VmallocChunk:   251424300 kB
Time pass: 14 sec

---2015-12-05 14:07:44
MemTotal:        2873608 kB
MemFree:           99508 kB
Buffers:           24432 kB
Cached:          1305908 kB
SwapCached:            0 kB
Active:          1304292 kB
Inactive:         931468 kB
Active(anon):     723076 kB
Inactive(anon):   192240 kB
Active(file):     581216 kB
Inactive(file):   739228 kB
Unevictable:        8104 kB
Mlocked:               0 kB
SwapTotal:        715328 kB
SwapFree:         715328 kB
Dirty:                36 kB
Writeback:             0 kB
AnonPages:        913820 kB
Mapped:           489232 kB
Shmem:              1792 kB
Slab:              96660 kB
SReclaimable:      31820 kB
SUnreclaim:        64840 kB
KernelStack:       36928 kB
PageTables:        48308 kB
NFS_Unstable:          0 kB
Bounce:                0 kB
WritebackTmp:          0 kB
CommitLimit:     2152132 kB
Committed_AS:   119699328 kB
VmallocTotal:   251658176 kB
VmallocUsed:      136140 kB
VmallocChunk:   251424300 kB
Time pass: 18 sec

---2015-12-05 14:07:44
MemTotal:        2873608 kB
MemFree:           65716 kB
Buffers:           23804 kB
Cached:          1218920 kB
SwapCached:            0 kB
Active:          1426020 kB
Inactive:         814252 kB
Active(anon):     810492 kB
Inactive(anon):   202600 kB
Active(file):     615528 kB
Inactive(file):   611652 kB
Unevictable:       13284 kB
Mlocked:               0 kB
SwapTotal:        715328 kB
SwapFree:         714880 kB
Dirty:              3808 kB
Writeback:             0 kB
AnonPages:       1011968 kB
Mapped:           482804 kB
Shmem:              1492 kB
Slab:              96248 kB
SReclaimable:      30456 kB
SUnreclaim:        65792 kB
KernelStack:       38176 kB
PageTables:        50800 kB
NFS_Unstable:          0 kB
Bounce:                0 kB
WritebackTmp:          0 kB
CommitLimit:     2152132 kB
Committed_AS:   124076776 kB
VmallocTotal:   251658176 kB
VmallocUsed:      137696 kB
VmallocChunk:   251464236 kB
Time pass: 22 sec

---2015-12-05 14:07:44
MemTotal:        2873608 kB
MemFree:           71916 kB
Buffers:           23728 kB
Cached:          1177580 kB
SwapCached:            0 kB
Active:          1354868 kB
Inactive:         794988 kB
Active(anon):     762128 kB
Inactive(anon):   201612 kB
Active(file):     592740 kB
Inactive(file):   593376 kB
Unevictable:       13568 kB
Mlocked:               0 kB
SwapTotal:        715328 kB
SwapFree:         712904 kB
Dirty:              7564 kB
Writeback:             0 kB
AnonPages:        962616 kB
Mapped:           531364 kB
Shmem:              1440 kB
Slab:              97672 kB
SReclaimable:      31948 kB
SUnreclaim:        65724 kB
KernelStack:       38000 kB
PageTables:        50032 kB
NFS_Unstable:          0 kB
Bounce:                0 kB
WritebackTmp:          0 kB
CommitLimit:     2152132 kB
Committed_AS:   121018196 kB
VmallocTotal:   251658176 kB
VmallocUsed:      136408 kB
VmallocChunk:   251464236 kB
Time pass: 26 sec

---2015-12-05 14:07:44
MemTotal:        2873608 kB
MemFree:          101128 kB
Buffers:           25100 kB
Cached:          1169184 kB
SwapCached:            0 kB
Active:          1337296 kB
Inactive:         789748 kB
Active(anon):     746388 kB
Inactive(anon):   201256 kB
Active(file):     590908 kB
Inactive(file):   588492 kB
Unevictable:       13568 kB
Mlocked:               0 kB
SwapTotal:        715328 kB
SwapFree:         712720 kB
Dirty:               324 kB
Writeback:             0 kB
AnonPages:        946516 kB
Mapped:           498880 kB
Shmem:              1316 kB
Slab:              97668 kB
SReclaimable:      32024 kB
SUnreclaim:        65644 kB
KernelStack:       37536 kB
PageTables:        49132 kB
NFS_Unstable:          0 kB
Bounce:                0 kB
WritebackTmp:          0 kB
CommitLimit:     2152132 kB
Committed_AS:   120966364 kB
VmallocTotal:   251658176 kB
VmallocUsed:      136112 kB
VmallocChunk:   251466284 kB
Time pass: 30 sec

---2015-12-05 14:07:44
MemTotal:        2873608 kB
MemFree:           91868 kB
Buffers:           25204 kB
Cached:          1170520 kB
SwapCached:            0 kB
Active:          1346896 kB
Inactive:         786424 kB
Active(anon):     751224 kB
Inactive(anon):   201248 kB
Active(file):     595672 kB
Inactive(file):   585176 kB
Unevictable:       13568 kB
Mlocked:               0 kB
SwapTotal:        715328 kB
SwapFree:         712720 kB
Dirty:               916 kB
Writeback:             0 kB
AnonPages:        951320 kB
Mapped:           529068 kB
Shmem:              1308 kB
Slab:              97740 kB
SReclaimable:      31952 kB
SUnreclaim:        65788 kB
KernelStack:       37904 kB
PageTables:        49752 kB
NFS_Unstable:          0 kB
Bounce:                0 kB
WritebackTmp:          0 kB
CommitLimit:     2152132 kB
Committed_AS:   121583864 kB
VmallocTotal:   251658176 kB
VmallocUsed:      136248 kB
VmallocChunk:   251466284 kB
Time pass: 33 sec

---2015-12-05 14:07:44
MemTotal:        2873608 kB
MemFree:           83828 kB
Buffers:           25636 kB
Cached:          1155812 kB
SwapCached:            0 kB
Active:          1356984 kB
Inactive:         782592 kB
Active(anon):     772716 kB
Inactive(anon):   200380 kB
Active(file):     584268 kB
Inactive(file):   582212 kB
Unevictable:       13568 kB
Mlocked:               0 kB
SwapTotal:        715328 kB
SwapFree:         712008 kB
Dirty:                92 kB
Writeback:             0 kB
AnonPages:        971660 kB
Mapped:           520504 kB
Shmem:              1256 kB
Slab:              97900 kB
SReclaimable:      31924 kB
SUnreclaim:        65976 kB
KernelStack:       38016 kB
PageTables:        49396 kB
NFS_Unstable:          0 kB
Bounce:                0 kB
WritebackTmp:          0 kB
CommitLimit:     2152132 kB
Committed_AS:   119793916 kB
VmallocTotal:   251658176 kB
VmallocUsed:      135388 kB
VmallocChunk:   251466284 kB
Time pass: 37 sec

---2015-12-05 14:07:44
MemTotal:        2873608 kB
MemFree:           66624 kB
Buffers:           25228 kB
Cached:          1164184 kB
SwapCached:            0 kB
Active:          1366448 kB
Inactive:         786760 kB
Active(anon):     778708 kB
Inactive(anon):   200156 kB
Active(file):     587740 kB
Inactive(file):   586604 kB
Unevictable:       13568 kB
Mlocked:               0 kB
SwapTotal:        715328 kB
SwapFree:         711848 kB
Dirty:               396 kB
Writeback:             0 kB
AnonPages:        977820 kB
Mapped:           536560 kB
Shmem:              1252 kB
Slab:              98528 kB
SReclaimable:      32112 kB
SUnreclaim:        66416 kB
KernelStack:       38656 kB
PageTables:        51576 kB
NFS_Unstable:          0 kB
Bounce:                0 kB
WritebackTmp:          0 kB
CommitLimit:     2152132 kB
Committed_AS:   127499312 kB
VmallocTotal:   251658176 kB
VmallocUsed:      139468 kB
VmallocChunk:   251462188 kB
Time pass: 41 sec

---2015-12-05 14:07:44
MemTotal:        2873608 kB
MemFree:           70972 kB
Buffers:           16612 kB
Cached:          1027216 kB
SwapCached:            0 kB
Active:          1355180 kB
Inactive:         724580 kB
Active(anon):     840500 kB
Inactive(anon):   209916 kB
Active(file):     514680 kB
Inactive(file):   514664 kB
Unevictable:       13568 kB
Mlocked:               0 kB
SwapTotal:        715328 kB
SwapFree:         709616 kB
Dirty:               720 kB
Writeback:             0 kB
AnonPages:       1050480 kB
Mapped:           551972 kB
Shmem:               420 kB
Slab:              96480 kB
SReclaimable:      29592 kB
SUnreclaim:        66888 kB
KernelStack:       39024 kB
PageTables:        52256 kB
NFS_Unstable:          0 kB
Bounce:                0 kB
WritebackTmp:          0 kB
CommitLimit:     2152132 kB
Committed_AS:   127518496 kB
VmallocTotal:   251658176 kB
VmallocUsed:      139544 kB
VmallocChunk:   251418668 kB
Time pass: 45 sec

---2015-12-05 14:07:44
MemTotal:        2873608 kB
MemFree:           97244 kB
Buffers:           17616 kB
Cached:          1021456 kB
SwapCached:            0 kB
Active:          1328636 kB
Inactive:         723584 kB
Active(anon):     816220 kB
Inactive(anon):   211136 kB
Active(file):     512416 kB
Inactive(file):   512448 kB
Unevictable:       13568 kB
Mlocked:               0 kB
SwapTotal:        715328 kB
SwapFree:         709596 kB
Dirty:               220 kB
Writeback:             0 kB
AnonPages:       1027140 kB
Mapped:           564540 kB
Shmem:               420 kB
Slab:              99276 kB
SReclaimable:      32104 kB
SUnreclaim:        67172 kB
KernelStack:       39312 kB
PageTables:        51548 kB
NFS_Unstable:          0 kB
Bounce:                0 kB
WritebackTmp:          0 kB
CommitLimit:     2152132 kB
Committed_AS:   123969292 kB
VmallocTotal:   251658176 kB
VmallocUsed:      137504 kB
VmallocChunk:   251418668 kB
Time pass: 48 sec

---2015-12-05 14:07:44
MemTotal:        2873608 kB
MemFree:           70088 kB
Buffers:           16588 kB
Cached:          1004876 kB
SwapCached:            0 kB
Active:          1333932 kB
Inactive:         714328 kB
Active(anon):     830240 kB
Inactive(anon):   210584 kB
Active(file):     503692 kB
Inactive(file):   503744 kB
Unevictable:       13568 kB
Mlocked:               0 kB
SwapTotal:        715328 kB
SwapFree:         709232 kB
Dirty:               764 kB
Writeback:             0 kB
AnonPages:       1040340 kB
Mapped:           609200 kB
Shmem:               424 kB
Slab:              96348 kB
SReclaimable:      29256 kB
SUnreclaim:        67092 kB
KernelStack:       39440 kB
PageTables:        51640 kB
NFS_Unstable:          0 kB
Bounce:                0 kB
WritebackTmp:          0 kB
CommitLimit:     2152132 kB
Committed_AS:   123984404 kB
VmallocTotal:   251658176 kB
VmallocUsed:      137788 kB
VmallocChunk:   251418668 kB
Time pass: 52 sec

---2015-12-05 14:07:44
MemTotal:        2873608 kB
MemFree:           88928 kB
Buffers:           15544 kB
Cached:           993020 kB
SwapCached:            0 kB
Active:          1311828 kB
Inactive:         707884 kB
Active(anon):     815148 kB
Inactive(anon):   210012 kB
Active(file):     496680 kB
Inactive(file):   497872 kB
Unevictable:       13568 kB
Mlocked:               0 kB
SwapTotal:        715328 kB
SwapFree:         709000 kB
Dirty:               908 kB
Writeback:             0 kB
AnonPages:       1024632 kB
Mapped:           611948 kB
Shmem:               424 kB
Slab:              99196 kB
SReclaimable:      32168 kB
SUnreclaim:        67028 kB
KernelStack:       38864 kB
PageTables:        50516 kB
NFS_Unstable:          0 kB
Bounce:                0 kB
WritebackTmp:          0 kB
CommitLimit:     2152132 kB
Committed_AS:   120964828 kB
VmallocTotal:   251658176 kB
VmallocUsed:      135840 kB
VmallocChunk:   251418668 kB
Time pass: 56 sec

---2015-12-05 14:07:44
MemTotal:        2873608 kB
MemFree:           91944 kB
Buffers:           15588 kB
Cached:           993316 kB
SwapCached:            0 kB
Active:          1308984 kB
Inactive:         707412 kB
Active(anon):     811472 kB
Inactive(anon):   210012 kB
Active(file):     497512 kB
Inactive(file):   497400 kB
Unevictable:       13568 kB
Mlocked:               0 kB
SwapTotal:        715328 kB
SwapFree:         709000 kB
Dirty:                72 kB
Writeback:             0 kB
AnonPages:       1021024 kB
Mapped:           611716 kB
Shmem:               424 kB
Slab:              99176 kB
SReclaimable:      32168 kB
SUnreclaim:        67008 kB
KernelStack:       39136 kB
PageTables:        50608 kB
NFS_Unstable:          0 kB
Bounce:                0 kB
WritebackTmp:          0 kB
CommitLimit:     2152132 kB
Committed_AS:   120966060 kB
VmallocTotal:   251658176 kB
VmallocUsed:      135840 kB
VmallocChunk:   251418668 kB
Time pass: 60 sec

---2015-12-05 14:07:44
MemTotal:        2873608 kB
MemFree:           74408 kB
Buffers:           15588 kB
Cached:           993400 kB
SwapCached:            0 kB
Active:          1310988 kB
Inactive:         707472 kB
Active(anon):     813452 kB
Inactive(anon):   210012 kB
Active(file):     497536 kB
Inactive(file):   497460 kB
Unevictable:       13568 kB
Mlocked:               0 kB
SwapTotal:        715328 kB
SwapFree:         709000 kB
Dirty:               160 kB
Writeback:             0 kB
AnonPages:       1023180 kB
Mapped:           621304 kB
Shmem:               424 kB
Slab:              99184 kB
SReclaimable:      32184 kB
SUnreclaim:        67000 kB
KernelStack:       39104 kB
PageTables:        50608 kB
NFS_Unstable:          0 kB
Bounce:                0 kB
WritebackTmp:          0 kB
CommitLimit:     2152132 kB
Committed_AS:   120966164 kB
VmallocTotal:   251658176 kB
VmallocUsed:      135952 kB
VmallocChunk:   251418668 kB
Time pass: 64 sec

---2015-12-05 14:07:44
MemTotal:        2873608 kB
MemFree:           74664 kB
Buffers:           15596 kB
Cached:           993468 kB
SwapCached:            0 kB
Active:          1310764 kB
Inactive:         707532 kB
Active(anon):     813224 kB
Inactive(anon):   210012 kB
Active(file):     497540 kB
Inactive(file):   497520 kB
Unevictable:       13568 kB
Mlocked:               0 kB
SwapTotal:        715328 kB
SwapFree:         709000 kB
Dirty:               200 kB
Writeback:             0 kB
AnonPages:       1022832 kB
Mapped:           621172 kB
Shmem:               424 kB
Slab:              99188 kB
SReclaimable:      32184 kB
SUnreclaim:        67004 kB
KernelStack:       39088 kB
PageTables:        50632 kB
NFS_Unstable:          0 kB
Bounce:                0 kB
WritebackTmp:          0 kB
CommitLimit:     2152132 kB
Committed_AS:   120966140 kB
VmallocTotal:   251658176 kB
VmallocUsed:      135952 kB
VmallocChunk:   251418668 kB
Time pass: 68 sec

---2015-12-05 14:07:44
MemTotal:        2873608 kB
MemFree:           67124 kB
Buffers:           15152 kB
Cached:           949280 kB
SwapCached:            0 kB
Active:          1297284 kB
Inactive:         684412 kB
Active(anon):     821608 kB
Inactive(anon):   209600 kB
Active(file):     475676 kB
Inactive(file):   474812 kB
Unevictable:       13568 kB
Mlocked:               0 kB
SwapTotal:        715328 kB
SwapFree:         708724 kB
Dirty:               536 kB
Writeback:             0 kB
AnonPages:       1030912 kB
Mapped:           635720 kB
Shmem:               424 kB
Slab:              99528 kB
SReclaimable:      32488 kB
SUnreclaim:        67040 kB
KernelStack:       39072 kB
PageTables:        50668 kB
NFS_Unstable:          0 kB
Bounce:                0 kB
WritebackTmp:          0 kB
CommitLimit:     2152132 kB
Committed_AS:   120966820 kB
VmallocTotal:   251658176 kB
VmallocUsed:      136112 kB
VmallocChunk:   251418668 kB
Time pass: 72 sec

---2015-12-05 14:07:44
MemTotal:        2873608 kB
MemFree:           69220 kB
Buffers:           15052 kB
Cached:           938452 kB
SwapCached:            0 kB
Active:          1305260 kB
Inactive:         677420 kB
Active(anon):     834044 kB
Inactive(anon):   209340 kB
Active(file):     471216 kB
Inactive(file):   468080 kB
Unevictable:       13568 kB
Mlocked:               0 kB
SwapTotal:        715328 kB
SwapFree:         708560 kB
Dirty:               328 kB
Writeback:             8 kB
AnonPages:       1042612 kB
Mapped:           637072 kB
Shmem:               424 kB
Slab:              99444 kB
SReclaimable:      32440 kB
SUnreclaim:        67004 kB
KernelStack:       39200 kB
PageTables:        50700 kB
NFS_Unstable:          0 kB
Bounce:                0 kB
WritebackTmp:          0 kB
CommitLimit:     2152132 kB
Committed_AS:   120979196 kB
VmallocTotal:   251658176 kB
VmallocUsed:      136112 kB
VmallocChunk:   251418668 kB
Time pass: 76 sec

---2015-12-05 14:07:44
MemTotal:        2873608 kB
MemFree:           64496 kB
Buffers:           15092 kB
Cached:           932936 kB
SwapCached:           16 kB
Active:          1312700 kB
Inactive:         676128 kB
Active(anon):     844432 kB
Inactive(anon):   210496 kB
Active(file):     468268 kB
Inactive(file):   465632 kB
Unevictable:       13568 kB
Mlocked:               0 kB
SwapTotal:        715328 kB
SwapFree:         708356 kB
Dirty:               380 kB
Writeback:             0 kB
AnonPages:       1054260 kB
Mapped:           637912 kB
Shmem:               560 kB
Slab:              99360 kB
SReclaimable:      32328 kB
SUnreclaim:        67032 kB
KernelStack:       39440 kB
PageTables:        50952 kB
NFS_Unstable:          0 kB
Bounce:                0 kB
WritebackTmp:          0 kB
CommitLimit:     2152132 kB
Committed_AS:   121018880 kB
VmallocTotal:   251658176 kB
VmallocUsed:      138544 kB
VmallocChunk:   251418668 kB
Time pass: 79 sec

---2015-12-05 14:07:44
MemTotal:        2873608 kB
MemFree:           69384 kB
Buffers:           15084 kB
Cached:           925884 kB
SwapCached:           16 kB
Active:          1310628 kB
Inactive:         672668 kB
Active(anon):     845108 kB
Inactive(anon):   211484 kB
Active(file):     465520 kB
Inactive(file):   461184 kB
Unevictable:       13568 kB
Mlocked:               0 kB
SwapTotal:        715328 kB
SwapFree:         708108 kB
Dirty:                76 kB
Writeback:             0 kB
AnonPages:       1055776 kB
Mapped:           637960 kB
Shmem:               696 kB
Slab:              99328 kB
SReclaimable:      32248 kB
SUnreclaim:        67080 kB
KernelStack:       39344 kB
PageTables:        51088 kB
NFS_Unstable:          0 kB
Bounce:                0 kB
WritebackTmp:          0 kB
CommitLimit:     2152132 kB
Committed_AS:   121022988 kB
VmallocTotal:   251658176 kB
VmallocUsed:      138544 kB
VmallocChunk:   251418668 kB
Time pass: 83 sec

---2015-12-05 14:07:44
MemTotal:        2873608 kB
MemFree:           66180 kB
Buffers:           15100 kB
Cached:           926812 kB
SwapCached:           16 kB
Active:          1312252 kB
Inactive:         673624 kB
Active(anon):     846732 kB
Inactive(anon):   211556 kB
Active(file):     465520 kB
Inactive(file):   462068 kB
Unevictable:       13568 kB
Mlocked:               0 kB
SwapTotal:        715328 kB
SwapFree:         708108 kB
Dirty:                 4 kB
Writeback:             0 kB
AnonPages:       1057672 kB
Mapped:           638184 kB
Shmem:               756 kB
Slab:              99384 kB
SReclaimable:      32248 kB
SUnreclaim:        67136 kB
KernelStack:       39392 kB
PageTables:        51140 kB
NFS_Unstable:          0 kB
Bounce:                0 kB
WritebackTmp:          0 kB
CommitLimit:     2152132 kB
Committed_AS:   121023104 kB
VmallocTotal:   251658176 kB
VmallocUsed:      138544 kB
VmallocChunk:   251418668 kB
Time pass: 87 sec

---2015-12-05 14:07:44
MemTotal:        2873608 kB
MemFree:           69340 kB
Buffers:           15108 kB
Cached:           927036 kB
SwapCached:           16 kB
Active:          1309892 kB
Inactive:         673856 kB
Active(anon):     844372 kB
Inactive(anon):   211780 kB
Active(file):     465520 kB
Inactive(file):   462076 kB
Unevictable:       13568 kB
Mlocked:               0 kB
SwapTotal:        715328 kB
SwapFree:         708108 kB
Dirty:                32 kB
Writeback:             0 kB
AnonPages:       1055024 kB
Mapped:           636888 kB
Shmem:               980 kB
Slab:              99304 kB
SReclaimable:      32248 kB
SUnreclaim:        67056 kB
KernelStack:       39088 kB
PageTables:        50596 kB
NFS_Unstable:          0 kB
Bounce:                0 kB
WritebackTmp:          0 kB
CommitLimit:     2152132 kB
Committed_AS:   119786848 kB
VmallocTotal:   251658176 kB
VmallocUsed:      137524 kB
VmallocChunk:   251418668 kB
Time pass: 91 sec

---2015-12-05 14:07:44
MemTotal:        2873608 kB
MemFree:           66832 kB
Buffers:           15132 kB
Cached:           927048 kB
SwapCached:           16 kB
Active:          1311904 kB
Inactive:         673888 kB
Active(anon):     846380 kB
Inactive(anon):   211792 kB
Active(file):     465524 kB
Inactive(file):   462096 kB
Unevictable:       13568 kB
Mlocked:               0 kB
SwapTotal:        715328 kB
SwapFree:         708108 kB
Dirty:                64 kB
Writeback:             0 kB
AnonPages:       1057076 kB
Mapped:           636904 kB
Shmem:               992 kB
Slab:              99308 kB
SReclaimable:      32248 kB
SUnreclaim:        67060 kB
KernelStack:       39056 kB
PageTables:        50592 kB
NFS_Unstable:          0 kB
Bounce:                0 kB
WritebackTmp:          0 kB
CommitLimit:     2152132 kB
Committed_AS:   119786720 kB
VmallocTotal:   251658176 kB
VmallocUsed:      137524 kB
VmallocChunk:   251418668 kB
Time pass: 95 sec

---2015-12-05 14:07:44
MemTotal:        2873608 kB
MemFree:           86040 kB
Buffers:           15148 kB
Cached:           922852 kB
SwapCached:           16 kB
Active:          1302064 kB
Inactive:         668880 kB
Active(anon):     835040 kB
Inactive(anon):   211896 kB
Active(file):     467024 kB
Inactive(file):   456984 kB
Unevictable:       13568 kB
Mlocked:               0 kB
SwapTotal:        715328 kB
SwapFree:         707836 kB
Dirty:               172 kB
Writeback:             0 kB
AnonPages:       1046596 kB
Mapped:           636852 kB
Shmem:               424 kB
Slab:              99240 kB
SReclaimable:      32168 kB
SUnreclaim:        67072 kB
KernelStack:       38640 kB
PageTables:        50244 kB
NFS_Unstable:          0 kB
Bounce:                0 kB
WritebackTmp:          0 kB
CommitLimit:     2152132 kB
Committed_AS:   119763280 kB
VmallocTotal:   251658176 kB
VmallocUsed:      137512 kB
VmallocChunk:   251418668 kB
Time pass: 98 sec

---2015-12-05 14:07:44
MemTotal:        2873608 kB
MemFree:          296612 kB
Buffers:           15128 kB
Cached:           916976 kB
SwapCached:           16 kB
Active:          1206456 kB
Inactive:         665268 kB
Active(anon):     742248 kB
Inactive(anon):   211272 kB
Active(file):     464208 kB
Inactive(file):   453996 kB
Unevictable:       13568 kB
Mlocked:               0 kB
SwapTotal:        715328 kB
SwapFree:         707512 kB
Dirty:                 0 kB
Writeback:             0 kB
AnonPages:        953412 kB
Mapped:           473324 kB
Shmem:               288 kB
Slab:              99124 kB
SReclaimable:      32264 kB
SUnreclaim:        66860 kB
KernelStack:       37200 kB
PageTables:        48120 kB
NFS_Unstable:          0 kB
Bounce:                0 kB
WritebackTmp:          0 kB
CommitLimit:     2152132 kB
Committed_AS:   116569516 kB
VmallocTotal:   251658176 kB
VmallocUsed:      134532 kB
VmallocChunk:   251418668 kB
Time pass: 102 sec

---2015-12-05 14:07:44
MemTotal:        2873608 kB
MemFree:          365252 kB
Buffers:           15168 kB
Cached:           917160 kB
SwapCached:           16 kB
Active:          1219760 kB
Inactive:         663056 kB
Active(anon):     753096 kB
Inactive(anon):   211268 kB
Active(file):     466664 kB
Inactive(file):   451788 kB
Unevictable:       13568 kB
Mlocked:               0 kB
SwapTotal:        715328 kB
SwapFree:         707512 kB
Dirty:               372 kB
Writeback:             0 kB
AnonPages:        964288 kB
Mapped:           450448 kB
Shmem:               288 kB
Slab:              99108 kB
SReclaimable:      32264 kB
SUnreclaim:        66844 kB
KernelStack:       37456 kB
PageTables:        49292 kB
NFS_Unstable:          0 kB
Bounce:                0 kB
WritebackTmp:          0 kB
CommitLimit:     2152132 kB
Committed_AS:   119631928 kB
VmallocTotal:   251658176 kB
VmallocUsed:      135780 kB
VmallocChunk:   251418668 kB
Time pass: 106 sec

---2015-12-05 14:07:44
MemTotal:        2873608 kB
MemFree:          226424 kB
Buffers:           16300 kB
Cached:           922584 kB
SwapCached:           16 kB
Active:          1280964 kB
Inactive:         664252 kB
Active(anon):     808788 kB
Inactive(anon):   212464 kB
Active(file):     472176 kB
Inactive(file):   451788 kB
Unevictable:       13568 kB
Mlocked:               0 kB
SwapTotal:        715328 kB
SwapFree:         707512 kB
Dirty:              2088 kB
Writeback:             0 kB
AnonPages:       1019868 kB
Mapped:           530072 kB
Shmem:              1484 kB
Slab:              99172 kB
SReclaimable:      32312 kB
SUnreclaim:        66860 kB
KernelStack:       38656 kB
PageTables:        49940 kB
NFS_Unstable:          0 kB
Bounce:                0 kB
WritebackTmp:          0 kB
CommitLimit:     2152132 kB
Committed_AS:   119689476 kB
VmallocTotal:   251658176 kB
VmallocUsed:      136488 kB
VmallocChunk:   251418668 kB
Time pass: 109 sec

---2015-12-05 14:07:44
MemTotal:        2873608 kB
MemFree:          152048 kB
Buffers:           16304 kB
Cached:           922840 kB
SwapCached:           16 kB
Active:          1282412 kB
Inactive:         662712 kB
Active(anon):     808568 kB
Inactive(anon):   211404 kB
Active(file):     473844 kB
Inactive(file):   451308 kB
Unevictable:       13568 kB
Mlocked:               0 kB
SwapTotal:        715328 kB
SwapFree:         707512 kB
Dirty:               864 kB
Writeback:             0 kB
AnonPages:       1019552 kB
Mapped:           595468 kB
Shmem:               424 kB
Slab:              99148 kB
SReclaimable:      32328 kB
SUnreclaim:        66820 kB
KernelStack:       38624 kB
PageTables:        50108 kB
NFS_Unstable:          0 kB
Bounce:                0 kB
WritebackTmp:          0 kB
CommitLimit:     2152132 kB
Committed_AS:   119693156 kB
VmallocTotal:   251658176 kB
VmallocUsed:      134656 kB
VmallocChunk:   251418668 kB
Time pass: 113 sec

---2015-12-05 14:07:44
MemTotal:        2873608 kB
MemFree:          150164 kB
Buffers:           16320 kB
Cached:           922848 kB
SwapCached:           16 kB
Active:          1284444 kB
Inactive:         662716 kB
Active(anon):     810588 kB
Inactive(anon):   211404 kB
Active(file):     473856 kB
Inactive(file):   451312 kB
Unevictable:       13568 kB
Mlocked:               0 kB
SwapTotal:        715328 kB
SwapFree:         707512 kB
Dirty:              1032 kB
Writeback:             0 kB
AnonPages:       1021712 kB
Mapped:           595520 kB
Shmem:               424 kB
Slab:              99140 kB
SReclaimable:      32332 kB
SUnreclaim:        66808 kB
KernelStack:       38656 kB
PageTables:        50120 kB
NFS_Unstable:          0 kB
Bounce:                0 kB
WritebackTmp:          0 kB
CommitLimit:     2152132 kB
Committed_AS:   119693452 kB
VmallocTotal:   251658176 kB
VmallocUsed:      134656 kB
VmallocChunk:   251418668 kB
Time pass: 117 sec

---2015-12-05 14:07:44
MemTotal:        2873608 kB
MemFree:          133564 kB
Buffers:           16336 kB
Cached:           922972 kB
SwapCached:           16 kB
Active:          1286052 kB
Inactive:         662636 kB
Active(anon):     811972 kB
Inactive(anon):   211404 kB
Active(file):     474080 kB
Inactive(file):   451232 kB
Unevictable:       13568 kB
Mlocked:               0 kB
SwapTotal:        715328 kB
SwapFree:         707512 kB
Dirty:               164 kB
Writeback:             0 kB
AnonPages:       1023068 kB
Mapped:           605348 kB
Shmem:               424 kB
Slab:              99116 kB
SReclaimable:      32332 kB
SUnreclaim:        66784 kB
KernelStack:       38672 kB
PageTables:        50176 kB
NFS_Unstable:          0 kB
Bounce:                0 kB
WritebackTmp:          0 kB
CommitLimit:     2152132 kB
Committed_AS:   119693564 kB
VmallocTotal:   251658176 kB
VmallocUsed:      134764 kB
VmallocChunk:   251418668 kB
Time pass: 120 sec

---2015-12-05 14:07:44
MemTotal:        2873608 kB
MemFree:          103888 kB
Buffers:           16336 kB
Cached:           923004 kB
SwapCached:           16 kB
Active:          1292260 kB
Inactive:         662660 kB
Active(anon):     818168 kB
Inactive(anon):   211404 kB
Active(file):     474092 kB
Inactive(file):   451256 kB
Unevictable:       13568 kB
Mlocked:               0 kB
SwapTotal:        715328 kB
SwapFree:         707512 kB
Dirty:               632 kB
Writeback:             0 kB
AnonPages:       1029148 kB
Mapped:           618144 kB
Shmem:               424 kB
Slab:              99164 kB
SReclaimable:      32332 kB
SUnreclaim:        66832 kB
KernelStack:       38672 kB
PageTables:        50144 kB
NFS_Unstable:          0 kB
Bounce:                0 kB
WritebackTmp:          0 kB
CommitLimit:     2152132 kB
Committed_AS:   119697972 kB
VmallocTotal:   251658176 kB
VmallocUsed:      134924 kB
VmallocChunk:   251418668 kB
Time pass: 124 sec

---2015-12-05 14:07:44
MemTotal:        2873608 kB
MemFree:          105848 kB
Buffers:           16352 kB
Cached:           922996 kB
SwapCached:           16 kB
Active:          1290224 kB
Inactive:         662664 kB
Active(anon):     816132 kB
Inactive(anon):   211404 kB
Active(file):     474092 kB
Inactive(file):   451260 kB
Unevictable:       13568 kB
Mlocked:               0 kB
SwapTotal:        715328 kB
SwapFree:         707512 kB
Dirty:                36 kB
Writeback:             0 kB
AnonPages:       1027172 kB
Mapped:           618780 kB
Shmem:               424 kB
Slab:              99164 kB
SReclaimable:      32332 kB
SUnreclaim:        66832 kB
KernelStack:       38704 kB
PageTables:        50144 kB
NFS_Unstable:          0 kB
Bounce:                0 kB
WritebackTmp:          0 kB
CommitLimit:     2152132 kB
Committed_AS:   119698244 kB
VmallocTotal:   251658176 kB
VmallocUsed:      134924 kB
VmallocChunk:   251418668 kB
Time pass: 128 sec

---2015-12-05 14:07:44
MemTotal:        2873608 kB
MemFree:          106280 kB
Buffers:           16352 kB
Cached:           923004 kB
SwapCached:           16 kB
Active:          1290148 kB
Inactive:         662672 kB
Active(anon):     816056 kB
Inactive(anon):   211404 kB
Active(file):     474092 kB
Inactive(file):   451268 kB
Unevictable:       13568 kB
Mlocked:               0 kB
SwapTotal:        715328 kB
SwapFree:         707512 kB
Dirty:                48 kB
Writeback:             0 kB
AnonPages:       1027104 kB
Mapped:           618860 kB
Shmem:               424 kB
Slab:              99128 kB
SReclaimable:      32332 kB
SUnreclaim:        66796 kB
KernelStack:       38672 kB
PageTables:        50144 kB
NFS_Unstable:          0 kB
Bounce:                0 kB
WritebackTmp:          0 kB
CommitLimit:     2152132 kB
Committed_AS:   119698228 kB
VmallocTotal:   251658176 kB
VmallocUsed:      134924 kB
VmallocChunk:   251418668 kB
Time pass: 132 sec

---2015-12-05 14:07:44
MemTotal:        2873608 kB
MemFree:          103148 kB
Buffers:           17920 kB
Cached:           923000 kB
SwapCached:           16 kB
Active:          1290872 kB
Inactive:         664220 kB
Active(anon):     816760 kB
Inactive(anon):   211404 kB
Active(file):     474112 kB
Inactive(file):   452816 kB
Unevictable:       13568 kB
Mlocked:               0 kB
SwapTotal:        715328 kB
SwapFree:         707512 kB
Dirty:               112 kB
Writeback:             0 kB
AnonPages:       1027880 kB
Mapped:           618980 kB
Shmem:               424 kB
Slab:              99120 kB
SReclaimable:      32332 kB
SUnreclaim:        66788 kB
KernelStack:       38672 kB
PageTables:        50156 kB
NFS_Unstable:          0 kB
Bounce:                0 kB
WritebackTmp:          0 kB
CommitLimit:     2152132 kB
Committed_AS:   119698300 kB
VmallocTotal:   251658176 kB
VmallocUsed:      134924 kB
VmallocChunk:   251418668 kB
Time pass: 136 sec

---2015-12-05 14:07:44
MemTotal:        2873608 kB
MemFree:           94348 kB
Buffers:           17952 kB
Cached:           923212 kB
SwapCached:           16 kB
Active:          1299156 kB
Inactive:         663452 kB
Active(anon):     824048 kB
Inactive(anon):   211576 kB
Active(file):     475108 kB
Inactive(file):   451876 kB
Unevictable:       13568 kB
Mlocked:               0 kB
SwapTotal:        715328 kB
SwapFree:         707512 kB
Dirty:                76 kB
Writeback:             0 kB
AnonPages:       1035108 kB
Mapped:           622160 kB
Shmem:               612 kB
Slab:              99236 kB
SReclaimable:      32332 kB
SUnreclaim:        66904 kB
KernelStack:       39008 kB
PageTables:        50376 kB
NFS_Unstable:          0 kB
Bounce:                0 kB
WritebackTmp:          0 kB
CommitLimit:     2152132 kB
Committed_AS:   119729940 kB
VmallocTotal:   251658176 kB
VmallocUsed:      137356 kB
VmallocChunk:   251418668 kB
Time pass: 139 sec

---2015-12-05 14:07:44
MemTotal:        2873608 kB
MemFree:          115328 kB
Buffers:           17968 kB
Cached:           923352 kB
SwapCached:           16 kB
Active:          1284068 kB
Inactive:         660600 kB
Active(anon):     805948 kB
Inactive(anon):   211720 kB
Active(file):     478120 kB
Inactive(file):   448880 kB
Unevictable:       13568 kB
Mlocked:               0 kB
SwapTotal:        715328 kB
SwapFree:         707512 kB
Dirty:                 0 kB
Writeback:             0 kB
AnonPages:       1016996 kB
Mapped:           613248 kB
Shmem:               752 kB
Slab:              99284 kB
SReclaimable:      32332 kB
SUnreclaim:        66952 kB
KernelStack:       38912 kB
PageTables:        49804 kB
NFS_Unstable:          0 kB
Bounce:                0 kB
WritebackTmp:          0 kB
CommitLimit:     2152132 kB
Committed_AS:   118478404 kB
VmallocTotal:   251658176 kB
VmallocUsed:      136176 kB
VmallocChunk:   251418668 kB
Time pass: 143 sec

---2015-12-05 14:07:44
MemTotal:        2873608 kB
MemFree:          114900 kB
Buffers:           17968 kB
Cached:           923392 kB
SwapCached:           16 kB
Active:          1284604 kB
Inactive:         660640 kB
Active(anon):     806484 kB
Inactive(anon):   211760 kB
Active(file):     478120 kB
Inactive(file):   448880 kB
Unevictable:       13568 kB
Mlocked:               0 kB
SwapTotal:        715328 kB
SwapFree:         707512 kB
Dirty:                 4 kB
Writeback:             0 kB
AnonPages:       1017572 kB
Mapped:           613196 kB
Shmem:               792 kB
Slab:              99232 kB
SReclaimable:      32332 kB
SUnreclaim:        66900 kB
KernelStack:       38544 kB
PageTables:        49780 kB
NFS_Unstable:          0 kB
Bounce:                0 kB
WritebackTmp:          0 kB
CommitLimit:     2152132 kB
Committed_AS:   118482500 kB
VmallocTotal:   251658176 kB
VmallocUsed:      136176 kB
VmallocChunk:   251418668 kB
Time pass: 147 sec

---2015-12-05 14:07:44
MemTotal:        2873608 kB
MemFree:          114340 kB
Buffers:           17976 kB
Cached:           923672 kB
SwapCached:           16 kB
Active:          1285112 kB
Inactive:         660852 kB
Active(anon):     806988 kB
Inactive(anon):   211964 kB
Active(file):     478124 kB
Inactive(file):   448888 kB
Unevictable:       13568 kB
Mlocked:               0 kB
SwapTotal:        715328 kB
SwapFree:         707512 kB
Dirty:                48 kB
Writeback:             0 kB
AnonPages:       1017988 kB
Mapped:           613596 kB
Shmem:              1068 kB
Slab:              99232 kB
SReclaimable:      32332 kB
SUnreclaim:        66900 kB
KernelStack:       38544 kB
PageTables:        49808 kB
NFS_Unstable:          0 kB
Bounce:                0 kB
WritebackTmp:          0 kB
CommitLimit:     2152132 kB
Committed_AS:   118482524 kB
VmallocTotal:   251658176 kB
VmallocUsed:      136176 kB
VmallocChunk:   251418668 kB
Time pass: 151 sec

---2015-12-05 14:07:44
MemTotal:        2873608 kB
MemFree:          112524 kB
Buffers:           18000 kB
Cached:           923020 kB
SwapCached:           16 kB
Active:          1289184 kB
Inactive:         660112 kB
Active(anon):     810876 kB
Inactive(anon):   211392 kB
Active(file):     478308 kB
Inactive(file):   448720 kB
Unevictable:       13568 kB
Mlocked:               0 kB
SwapTotal:        715328 kB
SwapFree:         707512 kB
Dirty:                24 kB
Writeback:             0 kB
AnonPages:       1022156 kB
Mapped:           614432 kB
Shmem:               424 kB
Slab:              99288 kB
SReclaimable:      32332 kB
SUnreclaim:        66956 kB
KernelStack:       38080 kB
PageTables:        49528 kB
NFS_Unstable:          0 kB
Bounce:                0 kB
WritebackTmp:          0 kB
CommitLimit:     2152132 kB
Committed_AS:   118467544 kB
VmallocTotal:   251658176 kB
VmallocUsed:      136176 kB
VmallocChunk:   251418668 kB
Time pass: 155 sec

---2015-12-05 14:07:44
MemTotal:        2873608 kB
MemFree:          104604 kB
Buffers:           18024 kB
Cached:           923256 kB
SwapCached:           16 kB
Active:          1296144 kB
Inactive:         660344 kB
Active(anon):     817828 kB
Inactive(anon):   211596 kB
Active(file):     478316 kB
Inactive(file):   448748 kB
Unevictable:       13568 kB
Mlocked:               0 kB
SwapTotal:        715328 kB
SwapFree:         707512 kB
Dirty:                 0 kB
Writeback:             0 kB
AnonPages:       1028800 kB
Mapped:           614876 kB
Shmem:               648 kB
Slab:              99260 kB
SReclaimable:      32332 kB
SUnreclaim:        66928 kB
KernelStack:       38304 kB
PageTables:        49724 kB
NFS_Unstable:          0 kB
Bounce:                0 kB
WritebackTmp:          0 kB
CommitLimit:     2152132 kB
Committed_AS:   118499040 kB
VmallocTotal:   251658176 kB
VmallocUsed:      136176 kB
VmallocChunk:   251418668 kB
Time pass: 158 sec

---2015-12-05 14:07:44
MemTotal:        2873608 kB
MemFree:          103660 kB
Buffers:           18032 kB
Cached:           923276 kB
SwapCached:           16 kB
Active:          1296820 kB
Inactive:         660388 kB
Active(anon):     818504 kB
Inactive(anon):   211632 kB
Active(file):     478316 kB
Inactive(file):   448756 kB
Unevictable:       13568 kB
Mlocked:               0 kB
SwapTotal:        715328 kB
SwapFree:         707512 kB
Dirty:                44 kB
Writeback:             0 kB
AnonPages:       1029492 kB
Mapped:           614916 kB
Shmem:               668 kB
Slab:              99248 kB
SReclaimable:      32332 kB
SUnreclaim:        66916 kB
KernelStack:       38304 kB
PageTables:        49728 kB
NFS_Unstable:          0 kB
Bounce:                0 kB
WritebackTmp:          0 kB
CommitLimit:     2152132 kB
Committed_AS:   118499084 kB
VmallocTotal:   251658176 kB
VmallocUsed:      136176 kB
VmallocChunk:   251418668 kB
Time pass: 162 sec

---2015-12-05 14:07:44
MemTotal:        2873608 kB
MemFree:          102748 kB
Buffers:           18032 kB
Cached:           923324 kB
SwapCached:           16 kB
Active:          1296944 kB
Inactive:         660436 kB
Active(anon):     818628 kB
Inactive(anon):   211680 kB
Active(file):     478316 kB
Inactive(file):   448756 kB
Unevictable:       13568 kB
Mlocked:               0 kB
SwapTotal:        715328 kB
SwapFree:         707512 kB
Dirty:                 0 kB
Writeback:             0 kB
AnonPages:       1029644 kB
Mapped:           614972 kB
Shmem:               716 kB
Slab:              99244 kB
SReclaimable:      32332 kB
SUnreclaim:        66912 kB
KernelStack:       38320 kB
PageTables:        49728 kB
NFS_Unstable:          0 kB
Bounce:                0 kB
WritebackTmp:          0 kB
CommitLimit:     2152132 kB
Committed_AS:   118499068 kB
VmallocTotal:   251658176 kB
VmallocUsed:      136176 kB
VmallocChunk:   251418668 kB
Time pass: 166 sec

---2015-12-05 14:07:44
MemTotal:        2873608 kB
MemFree:          103892 kB
Buffers:           18040 kB
Cached:           923336 kB
SwapCached:           16 kB
Active:          1296512 kB
Inactive:         660456 kB
Active(anon):     818196 kB
Inactive(anon):   211684 kB
Active(file):     478316 kB
Inactive(file):   448772 kB
Unevictable:       13568 kB
Mlocked:               0 kB
SwapTotal:        715328 kB
SwapFree:         707512 kB
Dirty:                48 kB
Writeback:             0 kB
AnonPages:       1029320 kB
Mapped:           614988 kB
Shmem:               720 kB
Slab:              99244 kB
SReclaimable:      32332 kB
SUnreclaim:        66912 kB
KernelStack:       38240 kB
PageTables:        49720 kB
NFS_Unstable:          0 kB
Bounce:                0 kB
WritebackTmp:          0 kB
CommitLimit:     2152132 kB
Committed_AS:   118498876 kB
VmallocTotal:   251658176 kB
VmallocUsed:      136176 kB
VmallocChunk:   251418668 kB
Time pass: 170 sec

---2015-12-05 14:07:44
MemTotal:        2873608 kB
MemFree:          113448 kB
Buffers:           18056 kB
Cached:           923044 kB
SwapCached:           16 kB
Active:          1287768 kB
Inactive:         660176 kB
Active(anon):     809448 kB
Inactive(anon):   211392 kB
Active(file):     478320 kB
Inactive(file):   448784 kB
Unevictable:       13568 kB
Mlocked:               0 kB
SwapTotal:        715328 kB
SwapFree:         707512 kB
Dirty:                28 kB
Writeback:             0 kB
AnonPages:       1020500 kB
Mapped:           614592 kB
Shmem:               424 kB
Slab:              99192 kB
SReclaimable:      32284 kB
SUnreclaim:        66908 kB
KernelStack:       37840 kB
PageTables:        49536 kB
NFS_Unstable:          0 kB
Bounce:                0 kB
WritebackTmp:          0 kB
CommitLimit:     2152132 kB
Committed_AS:   118471352 kB
VmallocTotal:   251658176 kB
VmallocUsed:      136160 kB
VmallocChunk:   251418668 kB
Time pass: 174 sec

---2015-12-05 14:07:44
MemTotal:        2873608 kB
MemFree:          113288 kB
Buffers:           18056 kB
Cached:           923044 kB
SwapCached:           16 kB
Active:          1287788 kB
Inactive:         660176 kB
Active(anon):     809468 kB
Inactive(anon):   211392 kB
Active(file):     478320 kB
Inactive(file):   448784 kB
Unevictable:       13568 kB
Mlocked:               0 kB
SwapTotal:        715328 kB
SwapFree:         707512 kB
Dirty:                28 kB
Writeback:             0 kB
AnonPages:       1020616 kB
Mapped:           614512 kB
Shmem:               424 kB
Slab:              99192 kB
SReclaimable:      32284 kB
SUnreclaim:        66908 kB
KernelStack:       37840 kB
PageTables:        49508 kB
NFS_Unstable:          0 kB
Bounce:                0 kB
WritebackTmp:          0 kB
CommitLimit:     2152132 kB
Committed_AS:   118471320 kB
VmallocTotal:   251658176 kB
VmallocUsed:      136160 kB
VmallocChunk:   251418668 kB
Time pass: 177 sec

---2015-12-05 14:07:44
MemTotal:        2873608 kB
MemFree:          113092 kB
Buffers:           18056 kB
Cached:           923044 kB
SwapCached:           16 kB
Active:          1287816 kB
Inactive:         660176 kB
Active(anon):     809492 kB
Inactive(anon):   211392 kB
Active(file):     478324 kB
Inactive(file):   448784 kB
Unevictable:       13568 kB
Mlocked:               0 kB
SwapTotal:        715328 kB
SwapFree:         707512 kB
Dirty:                 0 kB
Writeback:             0 kB
AnonPages:       1020500 kB
Mapped:           614692 kB
Shmem:               424 kB
Slab:              99192 kB
SReclaimable:      32284 kB
SUnreclaim:        66908 kB
KernelStack:       37840 kB
PageTables:        49540 kB
NFS_Unstable:          0 kB
Bounce:                0 kB
WritebackTmp:          0 kB
CommitLimit:     2152132 kB
Committed_AS:   118471360 kB
VmallocTotal:   251658176 kB
VmallocUsed:      136160 kB
VmallocChunk:   251418668 kB
Time pass: 181 sec

---2015-12-05 14:07:44
MemTotal:        2873608 kB
MemFree:          113256 kB
Buffers:           18056 kB
Cached:           923044 kB
SwapCached:           16 kB
Active:          1288132 kB
Inactive:         660176 kB
Active(anon):     809808 kB
Inactive(anon):   211392 kB
Active(file):     478324 kB
Inactive(file):   448784 kB
Unevictable:       13568 kB
Mlocked:               0 kB
SwapTotal:        715328 kB
SwapFree:         707512 kB
Dirty:                 0 kB
Writeback:             0 kB
AnonPages:       1020684 kB
Mapped:           614700 kB
Shmem:               424 kB
Slab:              99192 kB
SReclaimable:      32284 kB
SUnreclaim:        66908 kB
KernelStack:       37856 kB
PageTables:        49540 kB
NFS_Unstable:          0 kB
Bounce:                0 kB
WritebackTmp:          0 kB
CommitLimit:     2152132 kB
Committed_AS:   118471344 kB
VmallocTotal:   251658176 kB
VmallocUsed:      136160 kB
VmallocChunk:   251418668 kB
Time pass: 185 sec

---2015-12-05 14:07:44
MemTotal:        2873608 kB
MemFree:          104256 kB
Buffers:           18072 kB
Cached:           923032 kB
SwapCached:           16 kB
Active:          1297204 kB
Inactive:         660176 kB
Active(anon):     818876 kB
Inactive(anon):   211392 kB
Active(file):     478328 kB
Inactive(file):   448784 kB
Unevictable:       13568 kB
Mlocked:               0 kB
SwapTotal:        715328 kB
SwapFree:         707512 kB
Dirty:                 8 kB
Writeback:             0 kB
AnonPages:       1030296 kB
Mapped:           614896 kB
Shmem:               424 kB
Slab:              99192 kB
SReclaimable:      32284 kB
SUnreclaim:        66908 kB
KernelStack:       37984 kB
PageTables:        49548 kB
NFS_Unstable:          0 kB
Bounce:                0 kB
WritebackTmp:          0 kB
CommitLimit:     2152132 kB
Committed_AS:   118503060 kB
VmallocTotal:   251658176 kB
VmallocUsed:      136176 kB
VmallocChunk:   251418668 kB
Time pass: 189 sec

---2015-12-05 14:07:44
MemTotal:        2873608 kB
MemFree:          102476 kB
Buffers:           18088 kB
Cached:           923264 kB
SwapCached:           16 kB
Active:          1298172 kB
Inactive:         660416 kB
Active(anon):     819840 kB
Inactive(anon):   211600 kB
Active(file):     478332 kB
Inactive(file):   448816 kB
Unevictable:       13568 kB
Mlocked:               0 kB
SwapTotal:        715328 kB
SwapFree:         707512 kB
Dirty:                60 kB
Writeback:             0 kB
AnonPages:       1030924 kB
Mapped:           615076 kB
Shmem:               636 kB
Slab:              99076 kB
SReclaimable:      32172 kB
SUnreclaim:        66904 kB
KernelStack:       38208 kB
PageTables:        49708 kB
NFS_Unstable:          0 kB
Bounce:                0 kB
WritebackTmp:          0 kB
CommitLimit:     2152132 kB
Committed_AS:   118503052 kB
VmallocTotal:   251658176 kB
VmallocUsed:      136176 kB
VmallocChunk:   251418668 kB
Time pass: 192 sec

---2015-12-05 14:07:44
MemTotal:        2873608 kB
MemFree:          101612 kB
Buffers:           18096 kB
Cached:           923304 kB
SwapCached:           16 kB
Active:          1298448 kB
Inactive:         660464 kB
Active(anon):     820116 kB
Inactive(anon):   211640 kB
Active(file):     478332 kB
Inactive(file):   448824 kB
Unevictable:       13568 kB
Mlocked:               0 kB
SwapTotal:        715328 kB
SwapFree:         707512 kB
Dirty:                44 kB
Writeback:             0 kB
AnonPages:       1031128 kB
Mapped:           615140 kB
Shmem:               676 kB
Slab:              99136 kB
SReclaimable:      32172 kB
SUnreclaim:        66964 kB
KernelStack:       38208 kB
PageTables:        49808 kB
NFS_Unstable:          0 kB
Bounce:                0 kB
WritebackTmp:          0 kB
CommitLimit:     2152132 kB
Committed_AS:   118503044 kB
VmallocTotal:   251658176 kB
VmallocUsed:      136176 kB
VmallocChunk:   251418668 kB
Time pass: 196 sec

---2015-12-05 14:07:44
MemTotal:        2873608 kB
MemFree:           99212 kB
Buffers:           18096 kB
Cached:           923388 kB
SwapCached:           16 kB
Active:          1299580 kB
Inactive:         660548 kB
Active(anon):     821248 kB
Inactive(anon):   211724 kB
Active(file):     478332 kB
Inactive(file):   448824 kB
Unevictable:       13568 kB
Mlocked:               0 kB
SwapTotal:        715328 kB
SwapFree:         707512 kB
Dirty:                 4 kB
Writeback:             0 kB
AnonPages:       1032460 kB
Mapped:           615424 kB
Shmem:               760 kB
Slab:              99132 kB
SReclaimable:      32172 kB
SUnreclaim:        66960 kB
KernelStack:       38208 kB
PageTables:        49848 kB
NFS_Unstable:          0 kB
Bounce:                0 kB
WritebackTmp:          0 kB
CommitLimit:     2152132 kB
Committed_AS:   118503044 kB
VmallocTotal:   251658176 kB
VmallocUsed:      136176 kB
VmallocChunk:   251418668 kB
Time pass: 200 sec

---2015-12-05 14:07:44
MemTotal:        2873608 kB
MemFree:           97776 kB
Buffers:           18152 kB
Cached:           923264 kB
SwapCached:           16 kB
Active:          1302156 kB
Inactive:         660552 kB
Active(anon):     823824 kB
Inactive(anon):   211684 kB
Active(file):     478332 kB
Inactive(file):   448868 kB
Unevictable:       13568 kB
Mlocked:               0 kB
SwapTotal:        715328 kB
SwapFree:         707512 kB
Dirty:                56 kB
Writeback:             0 kB
AnonPages:       1034980 kB
Mapped:           614788 kB
Shmem:               648 kB
Slab:              99096 kB
SReclaimable:      32188 kB
SUnreclaim:        66908 kB
KernelStack:       38240 kB
PageTables:        49852 kB
NFS_Unstable:          0 kB
Bounce:                0 kB
WritebackTmp:          0 kB
CommitLimit:     2152132 kB
Committed_AS:   118487984 kB
VmallocTotal:   251658176 kB
VmallocUsed:      136176 kB
VmallocChunk:   251418668 kB
Time pass: 204 sec

---2015-12-05 14:07:44
MemTotal:        2873608 kB
MemFree:           96420 kB
Buffers:           18152 kB
Cached:           923220 kB
SwapCached:           16 kB
Active:          1304228 kB
Inactive:         660416 kB
Active(anon):     825892 kB
Inactive(anon):   211536 kB
Active(file):     478336 kB
Inactive(file):   448880 kB
Unevictable:       13568 kB
Mlocked:               0 kB
SwapTotal:        715328 kB
SwapFree:         707512 kB
Dirty:                72 kB
Writeback:             0 kB
AnonPages:       1036748 kB
Mapped:           615180 kB
Shmem:               588 kB
Slab:              99096 kB
SReclaimable:      32188 kB
SUnreclaim:        66908 kB
KernelStack:       38240 kB
PageTables:        49708 kB
NFS_Unstable:          0 kB
Bounce:                0 kB
WritebackTmp:          0 kB
CommitLimit:     2152132 kB
Committed_AS:   118515516 kB
VmallocTotal:   251658176 kB
VmallocUsed:      136176 kB
VmallocChunk:   251418668 kB
Time pass: 208 sec

---2015-12-05 14:07:44
MemTotal:        2873608 kB
MemFree:           95468 kB
Buffers:           18160 kB
Cached:           923220 kB
SwapCached:           16 kB
Active:          1304372 kB
Inactive:         660436 kB
Active(anon):     826036 kB
Inactive(anon):   211548 kB
Active(file):     478336 kB
Inactive(file):   448888 kB
Unevictable:       13568 kB
Mlocked:               0 kB
SwapTotal:        715328 kB
SwapFree:         707512 kB
Dirty:                36 kB
Writeback:             0 kB
AnonPages:       1037208 kB
Mapped:           615316 kB
Shmem:               588 kB
Slab:              99096 kB
SReclaimable:      32188 kB
SUnreclaim:        66908 kB
KernelStack:       38240 kB
PageTables:        49768 kB
NFS_Unstable:          0 kB
Bounce:                0 kB
WritebackTmp:          0 kB
CommitLimit:     2152132 kB
Committed_AS:   118515528 kB
VmallocTotal:   251658176 kB
VmallocUsed:      136176 kB
VmallocChunk:   251418668 kB
Time pass: 211 sec

---2015-12-05 14:07:44
MemTotal:        2873608 kB
MemFree:           95352 kB
Buffers:           18160 kB
Cached:           923240 kB
SwapCached:           16 kB
Active:          1304232 kB
Inactive:         660456 kB
Active(anon):     825896 kB
Inactive(anon):   211568 kB
Active(file):     478336 kB
Inactive(file):   448888 kB
Unevictable:       13568 kB
Mlocked:               0 kB
SwapTotal:        715328 kB
SwapFree:         707512 kB
Dirty:                 0 kB
Writeback:            12 kB
AnonPages:       1036912 kB
Mapped:           615200 kB
Shmem:               608 kB
Slab:              99092 kB
SReclaimable:      32188 kB
SUnreclaim:        66904 kB
KernelStack:       38240 kB
PageTables:        49704 kB
NFS_Unstable:          0 kB
Bounce:                0 kB
WritebackTmp:          0 kB
CommitLimit:     2152132 kB
Committed_AS:   118515516 kB
VmallocTotal:   251658176 kB
VmallocUsed:      136176 kB
VmallocChunk:   251418668 kB
Time pass: 215 sec

---2015-12-05 14:07:44
MemTotal:        2873608 kB
MemFree:           95636 kB
Buffers:           18160 kB
Cached:           923240 kB
SwapCached:           16 kB
Active:          1304496 kB
Inactive:         660456 kB
Active(anon):     826160 kB
Inactive(anon):   211568 kB
Active(file):     478336 kB
Inactive(file):   448888 kB
Unevictable:       13568 kB
Mlocked:               0 kB
SwapTotal:        715328 kB
SwapFree:         707512 kB
Dirty:                 0 kB
Writeback:             0 kB
AnonPages:       1036996 kB
Mapped:           615300 kB
Shmem:               608 kB
Slab:              99092 kB
SReclaimable:      32188 kB
SUnreclaim:        66904 kB
KernelStack:       38240 kB
PageTables:        49732 kB
NFS_Unstable:          0 kB
Bounce:                0 kB
WritebackTmp:          0 kB
CommitLimit:     2152132 kB
Committed_AS:   118515508 kB
VmallocTotal:   251658176 kB
VmallocUsed:      136176 kB
VmallocChunk:   251418668 kB
Time pass: 219 sec

---2015-12-05 14:07:44
MemTotal:        2873608 kB
MemFree:           95356 kB
Buffers:           18176 kB
Cached:           923244 kB
SwapCached:           16 kB
Active:          1304896 kB
Inactive:         660480 kB
Active(anon):     826560 kB
Inactive(anon):   211576 kB
Active(file):     478336 kB
Inactive(file):   448904 kB
Unevictable:       13568 kB
Mlocked:               0 kB
SwapTotal:        715328 kB
SwapFree:         707512 kB
Dirty:                 4 kB
Writeback:             0 kB
AnonPages:       1037552 kB
Mapped:           615232 kB
Shmem:               612 kB
Slab:              99100 kB
SReclaimable:      32188 kB
SUnreclaim:        66912 kB
KernelStack:       38240 kB
PageTables:        49708 kB
NFS_Unstable:          0 kB
Bounce:                0 kB
WritebackTmp:          0 kB
CommitLimit:     2152132 kB
Committed_AS:   118515548 kB
VmallocTotal:   251658176 kB
VmallocUsed:      136176 kB
VmallocChunk:   251418668 kB
Time pass: 222 sec

---2015-12-05 14:07:44
MemTotal:        2873608 kB
MemFree:           94272 kB
Buffers:           18184 kB
Cached:           923244 kB
SwapCached:           16 kB
Active:          1305392 kB
Inactive:         660496 kB
Active(anon):     827060 kB
Inactive(anon):   211576 kB
Active(file):     478332 kB
Inactive(file):   448920 kB
Unevictable:       13568 kB
Mlocked:               0 kB
SwapTotal:        715328 kB
SwapFree:         707512 kB
Dirty:                44 kB
Writeback:             0 kB
AnonPages:       1037932 kB
Mapped:           615240 kB
Shmem:               612 kB
Slab:              99156 kB
SReclaimable:      32188 kB
SUnreclaim:        66968 kB
KernelStack:       38256 kB
PageTables:        49708 kB
NFS_Unstable:          0 kB
Bounce:                0 kB
WritebackTmp:          0 kB
CommitLimit:     2152132 kB
Committed_AS:   118515548 kB
VmallocTotal:   251658176 kB
VmallocUsed:      136176 kB
VmallocChunk:   251418668 kB
Time pass: 226 sec

---2015-12-05 14:07:44
MemTotal:        2873608 kB
MemFree:           93808 kB
Buffers:           18192 kB
Cached:           923244 kB
SwapCached:           16 kB
Active:          1306196 kB
Inactive:         660496 kB
Active(anon):     827860 kB
Inactive(anon):   211576 kB
Active(file):     478336 kB
Inactive(file):   448920 kB
Unevictable:       13568 kB
Mlocked:               0 kB
SwapTotal:        715328 kB
SwapFree:         707512 kB
Dirty:                84 kB
Writeback:             0 kB
AnonPages:       1039032 kB
Mapped:           615248 kB
Shmem:               612 kB
Slab:              99124 kB
SReclaimable:      32188 kB
SUnreclaim:        66936 kB
KernelStack:       38288 kB
PageTables:        49720 kB
NFS_Unstable:          0 kB
Bounce:                0 kB
WritebackTmp:          0 kB
CommitLimit:     2152132 kB
Committed_AS:   118515652 kB
VmallocTotal:   251658176 kB
VmallocUsed:      136176 kB
VmallocChunk:   251418668 kB
Time pass: 230 sec

---2015-12-05 14:07:44
MemTotal:        2873608 kB
MemFree:           93240 kB
Buffers:           18200 kB
Cached:           923240 kB
SwapCached:           16 kB
Active:          1306456 kB
Inactive:         660500 kB
Active(anon):     828120 kB
Inactive(anon):   211576 kB
Active(file):     478336 kB
Inactive(file):   448924 kB
Unevictable:       13568 kB
Mlocked:               0 kB
SwapTotal:        715328 kB
SwapFree:         707512 kB
Dirty:                12 kB
Writeback:             0 kB
AnonPages:       1039056 kB
Mapped:           615340 kB
Shmem:               612 kB
Slab:              99124 kB
SReclaimable:      32188 kB
SUnreclaim:        66936 kB
KernelStack:       38256 kB
PageTables:        49740 kB
NFS_Unstable:          0 kB
Bounce:                0 kB
WritebackTmp:          0 kB
CommitLimit:     2152132 kB
Committed_AS:   118515556 kB
VmallocTotal:   251658176 kB
VmallocUsed:      136176 kB
VmallocChunk:   251418668 kB
Time pass: 234 sec

---2015-12-05 14:07:44
MemTotal:        2873608 kB
MemFree:           92400 kB
Buffers:           18200 kB
Cached:           923252 kB
SwapCached:           16 kB
Active:          1307484 kB
Inactive:         660512 kB
Active(anon):     829148 kB
Inactive(anon):   211584 kB
Active(file):     478336 kB
Inactive(file):   448928 kB
Unevictable:       13568 kB
Mlocked:               0 kB
SwapTotal:        715328 kB
SwapFree:         707512 kB
Dirty:                12 kB
Writeback:             0 kB
AnonPages:       1040096 kB
Mapped:           615360 kB
Shmem:               620 kB
Slab:              99012 kB
SReclaimable:      32076 kB
SUnreclaim:        66936 kB
KernelStack:       38256 kB
PageTables:        49740 kB
NFS_Unstable:          0 kB
Bounce:                0 kB
WritebackTmp:          0 kB
CommitLimit:     2152132 kB
Committed_AS:   118515588 kB
VmallocTotal:   251658176 kB
VmallocUsed:      136176 kB
VmallocChunk:   251418668 kB
Time pass: 238 sec

---2015-12-05 14:07:44
MemTotal:        2873608 kB
MemFree:           95684 kB
Buffers:           18248 kB
Cached:           923332 kB
SwapCached:           16 kB
Active:          1303840 kB
Inactive:         660632 kB
Active(anon):     825496 kB
Inactive(anon):   211652 kB
Active(file):     478344 kB
Inactive(file):   448980 kB
Unevictable:       13568 kB
Mlocked:               0 kB
SwapTotal:        715328 kB
SwapFree:         707512 kB
Dirty:                64 kB
Writeback:             0 kB
AnonPages:       1036420 kB
Mapped:           615388 kB
Shmem:               688 kB
Slab:              98980 kB
SReclaimable:      32076 kB
SUnreclaim:        66904 kB
KernelStack:       38288 kB
PageTables:        49768 kB
NFS_Unstable:          0 kB
Bounce:                0 kB
WritebackTmp:          0 kB
CommitLimit:     2152132 kB
Committed_AS:   118515740 kB
VmallocTotal:   251658176 kB
VmallocUsed:      136176 kB
VmallocChunk:   251418668 kB
Time pass: 241 sec

---2015-12-05 14:07:44
MemTotal:        2873608 kB
MemFree:           95004 kB
Buffers:           18264 kB
Cached:           923540 kB
SwapCached:           16 kB
Active:          1304888 kB
Inactive:         660852 kB
Active(anon):     826540 kB
Inactive(anon):   211856 kB
Active(file):     478348 kB
Inactive(file):   448996 kB
Unevictable:       13568 kB
Mlocked:               0 kB
SwapTotal:        715328 kB
SwapFree:         707512 kB
Dirty:                 0 kB
Writeback:             0 kB
AnonPages:       1037412 kB
Mapped:           615596 kB
Shmem:               892 kB
Slab:              99020 kB
SReclaimable:      32076 kB
SUnreclaim:        66944 kB
KernelStack:       38256 kB
PageTables:        49764 kB
NFS_Unstable:          0 kB
Bounce:                0 kB
WritebackTmp:          0 kB
CommitLimit:     2152132 kB
Committed_AS:   118515668 kB
VmallocTotal:   251658176 kB
VmallocUsed:      136176 kB
VmallocChunk:   251418668 kB
Time pass: 245 sec

---2015-12-05 14:07:44
MemTotal:        2873608 kB
MemFree:           94160 kB
Buffers:           18280 kB
Cached:           923644 kB
SwapCached:           16 kB
Active:          1305068 kB
Inactive:         660924 kB
Active(anon):     826720 kB
Inactive(anon):   211912 kB
Active(file):     478348 kB
Inactive(file):   449012 kB
Unevictable:       13568 kB
Mlocked:               0 kB
SwapTotal:        715328 kB
SwapFree:         707512 kB
Dirty:                44 kB
Writeback:             0 kB
AnonPages:       1037624 kB
Mapped:           615712 kB
Shmem:               996 kB
Slab:              98984 kB
SReclaimable:      32076 kB
SUnreclaim:        66908 kB
KernelStack:       38272 kB
PageTables:        49764 kB
NFS_Unstable:          0 kB
Bounce:                0 kB
WritebackTmp:          0 kB
CommitLimit:     2152132 kB
Committed_AS:   118515644 kB
VmallocTotal:   251658176 kB
VmallocUsed:      136176 kB
VmallocChunk:   251418668 kB
Time pass: 249 sec

---2015-12-05 14:07:44
MemTotal:        2873608 kB
MemFree:           93396 kB
Buffers:           18280 kB
Cached:           923644 kB
SwapCached:           16 kB
Active:          1305488 kB
Inactive:         660972 kB
Active(anon):     827140 kB
Inactive(anon):   211960 kB
Active(file):     478348 kB
Inactive(file):   449012 kB
Unevictable:       13568 kB
Mlocked:               0 kB
SwapTotal:        715328 kB
SwapFree:         707512 kB
Dirty:                 0 kB
Writeback:             0 kB
AnonPages:       1038000 kB
Mapped:           615720 kB
Shmem:               996 kB
Slab:              98980 kB
SReclaimable:      32076 kB
SUnreclaim:        66904 kB
KernelStack:       38272 kB
PageTables:        49772 kB
NFS_Unstable:          0 kB
Bounce:                0 kB
WritebackTmp:          0 kB
CommitLimit:     2152132 kB
Committed_AS:   118515660 kB
VmallocTotal:   251658176 kB
VmallocUsed:      136176 kB
VmallocChunk:   251418668 kB
Time pass: 253 sec

---2015-12-05 14:07:44
MemTotal:        2873608 kB
MemFree:           93572 kB
Buffers:           18288 kB
Cached:           923696 kB
SwapCached:           16 kB
Active:          1305796 kB
Inactive:         661028 kB
Active(anon):     827444 kB
Inactive(anon):   212008 kB
Active(file):     478352 kB
Inactive(file):   449020 kB
Unevictable:       13568 kB
Mlocked:               0 kB
SwapTotal:        715328 kB
SwapFree:         707512 kB
Dirty:                12 kB
Writeback:             0 kB
AnonPages:       1038460 kB
Mapped:           615732 kB
Shmem:              1044 kB
Slab:              98900 kB
SReclaimable:      31996 kB
SUnreclaim:        66904 kB
KernelStack:       38272 kB
PageTables:        49736 kB
NFS_Unstable:          0 kB
Bounce:                0 kB
WritebackTmp:          0 kB
CommitLimit:     2152132 kB
Committed_AS:   118515668 kB
VmallocTotal:   251658176 kB
VmallocUsed:      136176 kB
VmallocChunk:   251418668 kB
Time pass: 256 sec

---2015-12-05 14:07:44
MemTotal:        2873608 kB
MemFree:           93328 kB
Buffers:           18296 kB
Cached:           923720 kB
SwapCached:           16 kB
Active:          1305856 kB
Inactive:         661056 kB
Active(anon):     827504 kB
Inactive(anon):   212012 kB
Active(file):     478352 kB
Inactive(file):   449044 kB
Unevictable:       13568 kB
Mlocked:               0 kB
SwapTotal:        715328 kB
SwapFree:         707512 kB
Dirty:                12 kB
Writeback:             0 kB
AnonPages:       1038572 kB
Mapped:           615832 kB
Shmem:              1048 kB
Slab:              98900 kB
SReclaimable:      31996 kB
SUnreclaim:        66904 kB
KernelStack:       38272 kB
PageTables:        49796 kB
NFS_Unstable:          0 kB
Bounce:                0 kB
WritebackTmp:          0 kB
CommitLimit:     2152132 kB
Committed_AS:   118515668 kB
VmallocTotal:   251658176 kB
VmallocUsed:      136176 kB
VmallocChunk:   251418668 kB
Time pass: 260 sec

---2015-12-05 14:07:44
MemTotal:        2873608 kB
MemFree:           92560 kB
Buffers:           18312 kB
Cached:           923728 kB
SwapCached:           16 kB
Active:          1305968 kB
Inactive:         661084 kB
Active(anon):     827616 kB
Inactive(anon):   212012 kB
Active(file):     478352 kB
Inactive(file):   449072 kB
Unevictable:       13568 kB
Mlocked:               0 kB
SwapTotal:        715328 kB
SwapFree:         707512 kB
Dirty:                44 kB
Writeback:             0 kB
AnonPages:       1038636 kB
Mapped:           615876 kB
Shmem:              1048 kB
Slab:              98900 kB
SReclaimable:      31996 kB
SUnreclaim:        66904 kB
KernelStack:       38272 kB
PageTables:        49792 kB
NFS_Unstable:          0 kB
Bounce:                0 kB
WritebackTmp:          0 kB
CommitLimit:     2152132 kB
Committed_AS:   118515688 kB
VmallocTotal:   251658176 kB
VmallocUsed:      136176 kB
VmallocChunk:   251418668 kB
Time pass: 264 sec

---2015-12-05 14:07:44
MemTotal:        2873608 kB
MemFree:           93164 kB
Buffers:           18320 kB
Cached:           923720 kB
SwapCached:           16 kB
Active:          1306200 kB
Inactive:         661084 kB
Active(anon):     827848 kB
Inactive(anon):   212012 kB
Active(file):     478352 kB
Inactive(file):   449072 kB
Unevictable:       13568 kB
Mlocked:               0 kB
SwapTotal:        715328 kB
SwapFree:         707512 kB
Dirty:                40 kB
Writeback:             0 kB
AnonPages:       1038732 kB
Mapped:           615760 kB
Shmem:              1048 kB
Slab:              99072 kB
SReclaimable:      31996 kB
SUnreclaim:        67076 kB
KernelStack:       38288 kB
PageTables:        49736 kB
NFS_Unstable:          0 kB
Bounce:                0 kB
WritebackTmp:          0 kB
CommitLimit:     2152132 kB
Committed_AS:   118515756 kB
VmallocTotal:   251658176 kB
VmallocUsed:      136176 kB
VmallocChunk:   251418668 kB
Time pass: 268 sec

---2015-12-05 14:07:44
MemTotal:        2873608 kB
MemFree:           89548 kB
Buffers:           18336 kB
Cached:           923156 kB
SwapCached:           16 kB
Active:          1309664 kB
Inactive:         660504 kB
Active(anon):     831308 kB
Inactive(anon):   211412 kB
Active(file):     478356 kB
Inactive(file):   449092 kB
Unevictable:       13568 kB
Mlocked:               0 kB
SwapTotal:        715328 kB
SwapFree:         707512 kB
Dirty:                56 kB
Writeback:             0 kB
AnonPages:       1042188 kB
Mapped:           615280 kB
Shmem:               476 kB
Slab:              98884 kB
SReclaimable:      31996 kB
SUnreclaim:        66888 kB
KernelStack:       38304 kB
PageTables:        49704 kB
NFS_Unstable:          0 kB
Bounce:                0 kB
WritebackTmp:          0 kB
CommitLimit:     2152132 kB
Committed_AS:   118519956 kB
VmallocTotal:   251658176 kB
VmallocUsed:      136176 kB
VmallocChunk:   251418668 kB
Time pass: 272 sec

---2015-12-05 14:07:44
MemTotal:        2873608 kB
MemFree:           88408 kB
Buffers:           18360 kB
Cached:           923276 kB
SwapCached:           16 kB
Active:          1311340 kB
Inactive:         660660 kB
Active(anon):     832980 kB
Inactive(anon):   211536 kB
Active(file):     478360 kB
Inactive(file):   449124 kB
Unevictable:       13568 kB
Mlocked:               0 kB
SwapTotal:        715328 kB
SwapFree:         707512 kB
Dirty:               100 kB
Writeback:             0 kB
AnonPages:       1043840 kB
Mapped:           615412 kB
Shmem:               584 kB
Slab:              98896 kB
SReclaimable:      31996 kB
SUnreclaim:        66900 kB
KernelStack:       38304 kB
PageTables:        49736 kB
NFS_Unstable:          0 kB
Bounce:                0 kB
WritebackTmp:          0 kB
CommitLimit:     2152132 kB
Committed_AS:   118519988 kB
VmallocTotal:   251658176 kB
VmallocUsed:      136176 kB
VmallocChunk:   251418668 kB
Time pass: 275 sec

---2015-12-05 14:07:44
MemTotal:        2873608 kB
MemFree:           86812 kB
Buffers:           18360 kB
Cached:           923280 kB
SwapCached:           16 kB
Active:          1311744 kB
Inactive:         660668 kB
Active(anon):     833384 kB
Inactive(anon):   211544 kB
Active(file):     478360 kB
Inactive(file):   449124 kB
Unevictable:       13568 kB
Mlocked:               0 kB
SwapTotal:        715328 kB
SwapFree:         707512 kB
Dirty:                24 kB
Writeback:             0 kB
AnonPages:       1044352 kB
Mapped:           615532 kB
Shmem:               588 kB
Slab:              98928 kB
SReclaimable:      31996 kB
SUnreclaim:        66932 kB
KernelStack:       38304 kB
PageTables:        49800 kB
NFS_Unstable:          0 kB
Bounce:                0 kB
WritebackTmp:          0 kB
CommitLimit:     2152132 kB
Committed_AS:   118519948 kB
VmallocTotal:   251658176 kB
VmallocUsed:      136176 kB
VmallocChunk:   251418668 kB
Time pass: 279 sec

---2015-12-05 14:07:44
MemTotal:        2873608 kB
MemFree:           86540 kB
Buffers:           18384 kB
Cached:           923272 kB
SwapCached:           16 kB
Active:          1311948 kB
Inactive:         660684 kB
Active(anon):     833588 kB
Inactive(anon):   211552 kB
Active(file):     478360 kB
Inactive(file):   449132 kB
Unevictable:       13568 kB
Mlocked:               0 kB
SwapTotal:        715328 kB
SwapFree:         707512 kB
Dirty:                52 kB
Writeback:             0 kB
AnonPages:       1044392 kB
Mapped:           615552 kB
Shmem:               596 kB
Slab:              98920 kB
SReclaimable:      31996 kB
SUnreclaim:        66924 kB
KernelStack:       38320 kB
PageTables:        49800 kB
NFS_Unstable:          0 kB
Bounce:                0 kB
WritebackTmp:          0 kB
CommitLimit:     2152132 kB
Committed_AS:   118519972 kB
VmallocTotal:   251658176 kB
VmallocUsed:      136176 kB
VmallocChunk:   251418668 kB
Time pass: 283 sec

---2015-12-05 14:07:44
MemTotal:        2873608 kB
MemFree:           86340 kB
Buffers:           18384 kB
Cached:           923292 kB
SwapCached:           16 kB
Active:          1313084 kB
Inactive:         660704 kB
Active(anon):     834724 kB
Inactive(anon):   211556 kB
Active(file):     478360 kB
Inactive(file):   449148 kB
Unevictable:       13568 kB
Mlocked:               0 kB
SwapTotal:        715328 kB
SwapFree:         707512 kB
Dirty:                 0 kB
Writeback:             0 kB
AnonPages:       1045660 kB
Mapped:           615516 kB
Shmem:               600 kB
Slab:              98908 kB
SReclaimable:      31996 kB
SUnreclaim:        66912 kB
KernelStack:       38288 kB
PageTables:        49760 kB
NFS_Unstable:          0 kB
Bounce:                0 kB
WritebackTmp:          0 kB
CommitLimit:     2152132 kB
Committed_AS:   118519964 kB
VmallocTotal:   251658176 kB
VmallocUsed:      136176 kB
VmallocChunk:   251418668 kB
Time pass: 287 sec

---2015-12-05 14:07:44
MemTotal:        2873608 kB
MemFree:           86476 kB
Buffers:           18408 kB
Cached:           923292 kB
SwapCached:           16 kB
Active:          1313260 kB
Inactive:         660728 kB
Active(anon):     834900 kB
Inactive(anon):   211556 kB
Active(file):     478360 kB
Inactive(file):   449172 kB
Unevictable:       13568 kB
Mlocked:               0 kB
SwapTotal:        715328 kB
SwapFree:         707512 kB
Dirty:               152 kB
Writeback:             0 kB
AnonPages:       1045712 kB
Mapped:           615440 kB
Shmem:               600 kB
Slab:              98884 kB
SReclaimable:      31996 kB
SUnreclaim:        66888 kB
KernelStack:       38288 kB
PageTables:        49732 kB
NFS_Unstable:          0 kB
Bounce:                0 kB
WritebackTmp:          0 kB
CommitLimit:     2152132 kB
Committed_AS:   118519932 kB
VmallocTotal:   251658176 kB
VmallocUsed:      136176 kB
VmallocChunk:   251418668 kB
Time pass: 290 sec

---2015-12-05 14:07:44
MemTotal:        2873608 kB
MemFree:           89268 kB
Buffers:           18432 kB
Cached:           923296 kB
SwapCached:           16 kB
Active:          1310532 kB
Inactive:         660756 kB
Active(anon):     832172 kB
Inactive(anon):   211560 kB
Active(file):     478360 kB
Inactive(file):   449196 kB
Unevictable:       13568 kB
Mlocked:               0 kB
SwapTotal:        715328 kB
SwapFree:         707512 kB
Dirty:                52 kB
Writeback:             0 kB
AnonPages:       1043168 kB
Mapped:           615448 kB
Shmem:               604 kB
Slab:              98884 kB
SReclaimable:      31996 kB
SUnreclaim:        66888 kB
KernelStack:       38288 kB
PageTables:        49728 kB
NFS_Unstable:          0 kB
Bounce:                0 kB
WritebackTmp:          0 kB
CommitLimit:     2152132 kB
Committed_AS:   118519932 kB
VmallocTotal:   251658176 kB
VmallocUsed:      136176 kB
VmallocChunk:   251418668 kB
Time pass: 294 sec

---2015-12-05 14:07:44
MemTotal:        2873608 kB
MemFree:           87756 kB
Buffers:           18432 kB
Cached:           923300 kB
SwapCached:           16 kB
Active:          1310964 kB
Inactive:         660756 kB
Active(anon):     832604 kB
Inactive(anon):   211560 kB
Active(file):     478360 kB
Inactive(file):   449196 kB
Unevictable:       13568 kB
Mlocked:               0 kB
SwapTotal:        715328 kB
SwapFree:         707512 kB
Dirty:                52 kB
Writeback:             0 kB
AnonPages:       1043700 kB
Mapped:           615456 kB
Shmem:               608 kB
Slab:              98884 kB
SReclaimable:      31996 kB
SUnreclaim:        66888 kB
KernelStack:       38288 kB
PageTables:        49732 kB
NFS_Unstable:          0 kB
Bounce:                0 kB
WritebackTmp:          0 kB
CommitLimit:     2152132 kB
Committed_AS:   118519956 kB
VmallocTotal:   251658176 kB
VmallocUsed:      136176 kB
VmallocChunk:   251418668 kB
Time pass: 298 sec

---2015-12-05 14:07:44
MemTotal:        2873608 kB
MemFree:           85556 kB
Buffers:           18440 kB
Cached:           923416 kB
SwapCached:           16 kB
Active:          1312700 kB
Inactive:         660872 kB
Active(anon):     834332 kB
Inactive(anon):   211564 kB
Active(file):     478368 kB
Inactive(file):   449308 kB
Unevictable:       13568 kB
Mlocked:               0 kB
SwapTotal:        715328 kB
SwapFree:         707512 kB
Dirty:                32 kB
Writeback:             0 kB
AnonPages:       1045264 kB
Mapped:           616804 kB
Shmem:               612 kB
Slab:              98884 kB
SReclaimable:      31996 kB
SUnreclaim:        66888 kB
KernelStack:       38496 kB
PageTables:        50240 kB
NFS_Unstable:          0 kB
Bounce:                0 kB
WritebackTmp:          0 kB
CommitLimit:     2152132 kB
Committed_AS:   119755912 kB
VmallocTotal:   251658176 kB
VmallocUsed:      137196 kB
VmallocChunk:   251418668 kB
Time pass: 302 sec

---2015-12-05 14:07:44
MemTotal:        2873608 kB
MemFree:           84716 kB
Buffers:           18448 kB
Cached:           923436 kB
SwapCached:           16 kB
Active:          1313004 kB
Inactive:         660896 kB
Active(anon):     834636 kB
Inactive(anon):   211588 kB
Active(file):     478368 kB
Inactive(file):   449308 kB
Unevictable:       13568 kB
Mlocked:               0 kB
SwapTotal:        715328 kB
SwapFree:         707512 kB
Dirty:                 4 kB
Writeback:             0 kB
AnonPages:       1045360 kB
Mapped:           616836 kB
Shmem:               636 kB
Slab:              98884 kB
SReclaimable:      31996 kB
SUnreclaim:        66888 kB
KernelStack:       38512 kB
PageTables:        50256 kB
NFS_Unstable:          0 kB
Bounce:                0 kB
WritebackTmp:          0 kB
CommitLimit:     2152132 kB
Committed_AS:   119756136 kB
VmallocTotal:   251658176 kB
VmallocUsed:      137196 kB
VmallocChunk:   251418668 kB
Time pass: 305 sec

---2015-12-05 14:07:44
MemTotal:        2873608 kB
MemFree:           85048 kB
Buffers:           18464 kB
Cached:           923440 kB
SwapCached:           16 kB
Active:          1312956 kB
Inactive:         660920 kB
Active(anon):     834588 kB
Inactive(anon):   211588 kB
Active(file):     478368 kB
Inactive(file):   449332 kB
Unevictable:       13568 kB
Mlocked:               0 kB
SwapTotal:        715328 kB
SwapFree:         707512 kB
Dirty:                48 kB
Writeback:             0 kB
AnonPages:       1045580 kB
Mapped:           616844 kB
Shmem:               636 kB
Slab:              98884 kB
SReclaimable:      31996 kB
SUnreclaim:        66888 kB
KernelStack:       38480 kB
PageTables:        50260 kB
NFS_Unstable:          0 kB
Bounce:                0 kB
WritebackTmp:          0 kB
CommitLimit:     2152132 kB
Committed_AS:   119756120 kB
VmallocTotal:   251658176 kB
VmallocUsed:      137196 kB
VmallocChunk:   251418668 kB
Time pass: 309 sec

---2015-12-05 14:07:44
MemTotal:        2873608 kB
MemFree:           84312 kB
Buffers:           18472 kB
Cached:           923444 kB
SwapCached:           16 kB
Active:          1313220 kB
Inactive:         660932 kB
Active(anon):     834852 kB
Inactive(anon):   211592 kB
Active(file):     478368 kB
Inactive(file):   449340 kB
Unevictable:       13568 kB
Mlocked:               0 kB
SwapTotal:        715328 kB
SwapFree:         707512 kB
Dirty:                32 kB
Writeback:             0 kB
AnonPages:       1045832 kB
Mapped:           616852 kB
Shmem:               640 kB
Slab:              98936 kB
SReclaimable:      31996 kB
SUnreclaim:        66940 kB
KernelStack:       38512 kB
PageTables:        50256 kB
NFS_Unstable:          0 kB
Bounce:                0 kB
WritebackTmp:          0 kB
CommitLimit:     2152132 kB
Committed_AS:   119756136 kB
VmallocTotal:   251658176 kB
VmallocUsed:      137196 kB
VmallocChunk:   251418668 kB
Time pass: 313 sec

---2015-12-05 14:07:44
MemTotal:        2873608 kB
MemFree:           84672 kB
Buffers:           18472 kB
Cached:           923448 kB
SwapCached:           16 kB
Active:          1313608 kB
Inactive:         660936 kB
Active(anon):     835240 kB
Inactive(anon):   211596 kB
Active(file):     478368 kB
Inactive(file):   449340 kB
Unevictable:       13568 kB
Mlocked:               0 kB
SwapTotal:        715328 kB
SwapFree:         707512 kB
Dirty:                32 kB
Writeback:             0 kB
AnonPages:       1046092 kB
Mapped:           616780 kB
Shmem:               644 kB
Slab:              98940 kB
SReclaimable:      31996 kB
SUnreclaim:        66944 kB
KernelStack:       38512 kB
PageTables:        50224 kB
NFS_Unstable:          0 kB
Bounce:                0 kB
WritebackTmp:          0 kB
CommitLimit:     2152132 kB
Committed_AS:   119756120 kB
VmallocTotal:   251658176 kB
VmallocUsed:      137196 kB
VmallocChunk:   251418668 kB
Time pass: 317 sec

---2015-12-05 14:07:44
MemTotal:        2873608 kB
MemFree:           84696 kB
Buffers:           18488 kB
Cached:           923448 kB
SwapCached:           16 kB
Active:          1313332 kB
Inactive:         660952 kB
Active(anon):     834964 kB
Inactive(anon):   211596 kB
Active(file):     478368 kB
Inactive(file):   449356 kB
Unevictable:       13568 kB
Mlocked:               0 kB
SwapTotal:        715328 kB
SwapFree:         707512 kB
Dirty:                44 kB
Writeback:             0 kB
AnonPages:       1045816 kB
Mapped:           616792 kB
Shmem:               644 kB
Slab:              98932 kB
SReclaimable:      31996 kB
SUnreclaim:        66936 kB
KernelStack:       38496 kB
PageTables:        50228 kB
NFS_Unstable:          0 kB
Bounce:                0 kB
WritebackTmp:          0 kB
CommitLimit:     2152132 kB
Committed_AS:   119756088 kB
VmallocTotal:   251658176 kB
VmallocUsed:      137196 kB
VmallocChunk:   251418668 kB
Time pass: 321 sec

---2015-12-05 14:07:44
MemTotal:        2873608 kB
MemFree:           84716 kB
Buffers:           18504 kB
Cached:           923448 kB
SwapCached:           16 kB
Active:          1313404 kB
Inactive:         660968 kB
Active(anon):     835036 kB
Inactive(anon):   211596 kB
Active(file):     478368 kB
Inactive(file):   449372 kB
Unevictable:       13568 kB
Mlocked:               0 kB
SwapTotal:        715328 kB
SwapFree:         707512 kB
Dirty:                 0 kB
Writeback:             0 kB
AnonPages:       1045992 kB
Mapped:           616660 kB
Shmem:               644 kB
Slab:              99088 kB
SReclaimable:      31996 kB
SUnreclaim:        67092 kB
KernelStack:       38496 kB
PageTables:        50256 kB
NFS_Unstable:          0 kB
Bounce:                0 kB
WritebackTmp:          0 kB
CommitLimit:     2152132 kB
Committed_AS:   119756104 kB
VmallocTotal:   251658176 kB
VmallocUsed:      137196 kB
VmallocChunk:   251418668 kB
Time pass: 324 sec

---2015-12-05 14:07:44
MemTotal:        2873608 kB
MemFree:           87480 kB
Buffers:           18512 kB
Cached:           923444 kB
SwapCached:           16 kB
Active:          1311320 kB
Inactive:         660972 kB
Active(anon):     832952 kB
Inactive(anon):   211600 kB
Active(file):     478368 kB
Inactive(file):   449372 kB
Unevictable:       13568 kB
Mlocked:               0 kB
SwapTotal:        715328 kB
SwapFree:         707512 kB
Dirty:                 0 kB
Writeback:             0 kB
AnonPages:       1043996 kB
Mapped:           616592 kB
Shmem:               648 kB
Slab:              98892 kB
SReclaimable:      31996 kB
SUnreclaim:        66896 kB
KernelStack:       38272 kB
PageTables:        49788 kB
NFS_Unstable:          0 kB
Bounce:                0 kB
WritebackTmp:          0 kB
CommitLimit:     2152132 kB
Committed_AS:   118519976 kB
VmallocTotal:   251658176 kB
VmallocUsed:      136176 kB
VmallocChunk:   251418668 kB
Time pass: 328 sec

---2015-12-05 14:07:44
MemTotal:        2873608 kB
MemFree:           87280 kB
Buffers:           18528 kB
Cached:           923456 kB
SwapCached:           16 kB
Active:          1311412 kB
Inactive:         660996 kB
Active(anon):     833044 kB
Inactive(anon):   211600 kB
Active(file):     478368 kB
Inactive(file):   449396 kB
Unevictable:       13568 kB
Mlocked:               0 kB
SwapTotal:        715328 kB
SwapFree:         707512 kB
Dirty:                64 kB
Writeback:             0 kB
AnonPages:       1043968 kB
Mapped:           616632 kB
Shmem:               652 kB
Slab:              98880 kB
SReclaimable:      31996 kB
SUnreclaim:        66884 kB
KernelStack:       38272 kB
PageTables:        49736 kB
NFS_Unstable:          0 kB
Bounce:                0 kB
WritebackTmp:          0 kB
CommitLimit:     2152132 kB
Committed_AS:   118519968 kB
VmallocTotal:   251658176 kB
VmallocUsed:      136176 kB
VmallocChunk:   251418668 kB
Time pass: 332 sec

---2015-12-05 14:07:44
MemTotal:        2873608 kB
MemFree:           87372 kB
Buffers:           18536 kB
Cached:           923476 kB
SwapCached:           16 kB
Active:          1311388 kB
Inactive:         661028 kB
Active(anon):     833020 kB
Inactive(anon):   211632 kB
Active(file):     478368 kB
Inactive(file):   449396 kB
Unevictable:       13568 kB
Mlocked:               0 kB
SwapTotal:        715328 kB
SwapFree:         707512 kB
Dirty:                 0 kB
Writeback:             0 kB
AnonPages:       1044000 kB
Mapped:           616760 kB
Shmem:               680 kB
Slab:              98936 kB
SReclaimable:      31996 kB
SUnreclaim:        66940 kB
KernelStack:       38272 kB
PageTables:        49768 kB
NFS_Unstable:          0 kB
Bounce:                0 kB
WritebackTmp:          0 kB
CommitLimit:     2152132 kB
Committed_AS:   118519968 kB
VmallocTotal:   251658176 kB
VmallocUsed:      136176 kB
VmallocChunk:   251418668 kB
Time pass: 336 sec

---2015-12-05 14:07:44
MemTotal:        2873608 kB
MemFree:           87720 kB
Buffers:           18536 kB
Cached:           923484 kB
SwapCached:           16 kB
Active:          1311556 kB
Inactive:         661036 kB
Active(anon):     833188 kB
Inactive(anon):   211632 kB
Active(file):     478368 kB
Inactive(file):   449404 kB
Unevictable:       13568 kB
Mlocked:               0 kB
SwapTotal:        715328 kB
SwapFree:         707512 kB
Dirty:                32 kB
Writeback:             0 kB
AnonPages:       1044008 kB
Mapped:           616684 kB
Shmem:               680 kB
Slab:              98876 kB
SReclaimable:      31996 kB
SUnreclaim:        66880 kB
KernelStack:       38272 kB
PageTables:        49736 kB
NFS_Unstable:          0 kB
Bounce:                0 kB
WritebackTmp:          0 kB
CommitLimit:     2152132 kB
Committed_AS:   118519976 kB
VmallocTotal:   251658176 kB
VmallocUsed:      136176 kB
VmallocChunk:   251418668 kB
Time pass: 339 sec

---2015-12-05 14:07:44
MemTotal:        2873608 kB
MemFree:           85664 kB
Buffers:           18552 kB
Cached:           923580 kB
SwapCached:           16 kB
Active:          1313468 kB
Inactive:         661124 kB
Active(anon):     835096 kB
Inactive(anon):   211632 kB
Active(file):     478372 kB
Inactive(file):   449492 kB
Unevictable:       13568 kB
Mlocked:               0 kB
SwapTotal:        715328 kB
SwapFree:         707512 kB
Dirty:                44 kB
Writeback:             0 kB
AnonPages:       1046100 kB
Mapped:           616716 kB
Shmem:               680 kB
Slab:              98900 kB
SReclaimable:      31996 kB
SUnreclaim:        66904 kB
KernelStack:       38272 kB
PageTables:        49744 kB
NFS_Unstable:          0 kB
Bounce:                0 kB
WritebackTmp:          0 kB
CommitLimit:     2152132 kB
Committed_AS:   118519880 kB
VmallocTotal:   251658176 kB
VmallocUsed:      136176 kB
VmallocChunk:   251418668 kB
Time pass: 343 sec

---2015-12-05 14:07:44
MemTotal:        2873608 kB
MemFree:           84276 kB
Buffers:           18552 kB
Cached:           923572 kB
SwapCached:           16 kB
Active:          1313792 kB
Inactive:         661144 kB
Active(anon):     835428 kB
Inactive(anon):   211632 kB
Active(file):     478364 kB
Inactive(file):   449512 kB
Unevictable:       13568 kB
Mlocked:               0 kB
SwapTotal:        715328 kB
SwapFree:         707512 kB
Dirty:                44 kB
Writeback:             0 kB
AnonPages:       1046248 kB
Mapped:           616760 kB
Shmem:               680 kB
Slab:              98880 kB
SReclaimable:      31996 kB
SUnreclaim:        66884 kB
KernelStack:       38240 kB
PageTables:        49748 kB
NFS_Unstable:          0 kB
Bounce:                0 kB
WritebackTmp:          0 kB
CommitLimit:     2152132 kB
Committed_AS:   118519896 kB
VmallocTotal:   251658176 kB
VmallocUsed:      136176 kB
VmallocChunk:   251418668 kB
Time pass: 347 sec

---2015-12-05 14:07:44
MemTotal:        2873608 kB
MemFree:           85032 kB
Buffers:           18560 kB
Cached:           923572 kB
SwapCached:           16 kB
Active:          1313920 kB
Inactive:         661152 kB
Active(anon):     835556 kB
Inactive(anon):   211632 kB
Active(file):     478364 kB
Inactive(file):   449520 kB
Unevictable:       13568 kB
Mlocked:               0 kB
SwapTotal:        715328 kB
SwapFree:         707512 kB
Dirty:                60 kB
Writeback:             0 kB
AnonPages:       1046484 kB
Mapped:           616852 kB
Shmem:               680 kB
Slab:              98876 kB
SReclaimable:      31996 kB
SUnreclaim:        66880 kB
KernelStack:       38240 kB
PageTables:        49776 kB
NFS_Unstable:          0 kB
Bounce:                0 kB
WritebackTmp:          0 kB
CommitLimit:     2152132 kB
Committed_AS:   118519888 kB
VmallocTotal:   251658176 kB
VmallocUsed:      136176 kB
VmallocChunk:   251418668 kB
Time pass: 350 sec

---2015-12-05 14:07:44
MemTotal:        2873608 kB
MemFree:           84352 kB
Buffers:           18576 kB
Cached:           923636 kB
SwapCached:           16 kB
Active:          1313632 kB
Inactive:         661232 kB
Active(anon):     835268 kB
Inactive(anon):   211636 kB
Active(file):     478364 kB
Inactive(file):   449596 kB
Unevictable:       13568 kB
Mlocked:               0 kB
SwapTotal:        715328 kB
SwapFree:         707512 kB
Dirty:                40 kB
Writeback:             0 kB
AnonPages:       1046144 kB
Mapped:           616788 kB
Shmem:               684 kB
Slab:              98896 kB
SReclaimable:      31996 kB
SUnreclaim:        66900 kB
KernelStack:       38224 kB
PageTables:        49740 kB
NFS_Unstable:          0 kB
Bounce:                0 kB
WritebackTmp:          0 kB
CommitLimit:     2152132 kB
Committed_AS:   118519856 kB
VmallocTotal:   251658176 kB
VmallocUsed:      136176 kB
VmallocChunk:   251418668 kB
Time pass: 354 sec

---2015-12-05 14:07:44
MemTotal:        2873608 kB
MemFree:           84992 kB
Buffers:           18576 kB
Cached:           923636 kB
SwapCached:           16 kB
Active:          1313608 kB
Inactive:         661232 kB
Active(anon):     835244 kB
Inactive(anon):   211636 kB
Active(file):     478364 kB
Inactive(file):   449596 kB
Unevictable:       13568 kB
Mlocked:               0 kB
SwapTotal:        715328 kB
SwapFree:         707512 kB
Dirty:                40 kB
Writeback:             0 kB
AnonPages:       1046244 kB
Mapped:           616788 kB
Shmem:               684 kB
Slab:              98876 kB
SReclaimable:      31996 kB
SUnreclaim:        66880 kB
KernelStack:       38224 kB
PageTables:        49744 kB
NFS_Unstable:          0 kB
Bounce:                0 kB
WritebackTmp:          0 kB
CommitLimit:     2152132 kB
Committed_AS:   118519864 kB
VmallocTotal:   251658176 kB
VmallocUsed:      136176 kB
VmallocChunk:   251418668 kB
Time pass: 358 sec

---2015-12-05 14:07:44
MemTotal:        2873608 kB
MemFree:           83544 kB
Buffers:           18584 kB
Cached:           923636 kB
SwapCached:           16 kB
Active:          1314784 kB
Inactive:         661240 kB
Active(anon):     836420 kB
Inactive(anon):   211636 kB
Active(file):     478364 kB
Inactive(file):   449604 kB
Unevictable:       13568 kB
Mlocked:               0 kB
SwapTotal:        715328 kB
SwapFree:         707512 kB
Dirty:                72 kB
Writeback:             0 kB
AnonPages:       1047540 kB
Mapped:           616848 kB
Shmem:               684 kB
Slab:              98876 kB
SReclaimable:      31996 kB
SUnreclaim:        66880 kB
KernelStack:       38224 kB
PageTables:        49740 kB
NFS_Unstable:          0 kB
Bounce:                0 kB
WritebackTmp:          0 kB
CommitLimit:     2152132 kB
Committed_AS:   118519904 kB
VmallocTotal:   251658176 kB
VmallocUsed:      136176 kB
VmallocChunk:   251418668 kB
Time pass: 362 sec

---2015-12-05 14:07:44
MemTotal:        2873608 kB
MemFree:           83188 kB
Buffers:           18608 kB
Cached:           923668 kB
SwapCached:           16 kB
Active:          1315712 kB
Inactive:         661296 kB
Active(anon):     837348 kB
Inactive(anon):   211640 kB
Active(file):     478364 kB
Inactive(file):   449656 kB
Unevictable:       13568 kB
Mlocked:               0 kB
SwapTotal:        715328 kB
SwapFree:         707512 kB
Dirty:                64 kB
Writeback:             0 kB
AnonPages:       1048040 kB
Mapped:           616952 kB
Shmem:               688 kB
Slab:              99036 kB
SReclaimable:      31996 kB
SUnreclaim:        67040 kB
KernelStack:       38240 kB
PageTables:        49768 kB
NFS_Unstable:          0 kB
Bounce:                0 kB
WritebackTmp:          0 kB
CommitLimit:     2152132 kB
Committed_AS:   118519896 kB
VmallocTotal:   251658176 kB
VmallocUsed:      136176 kB
VmallocChunk:   251418668 kB
Time pass: 366 sec

---2015-12-05 14:07:44
MemTotal:        2873608 kB
MemFree:           82628 kB
Buffers:           18608 kB
Cached:           923668 kB
SwapCached:           16 kB
Active:          1315588 kB
Inactive:         661296 kB
Active(anon):     837224 kB
Inactive(anon):   211640 kB
Active(file):     478364 kB
Inactive(file):   449656 kB
Unevictable:       13568 kB
Mlocked:               0 kB
SwapTotal:        715328 kB
SwapFree:         707512 kB
Dirty:                 0 kB
Writeback:             0 kB
AnonPages:       1048212 kB
Mapped:           616656 kB
Shmem:               688 kB
Slab:              99040 kB
SReclaimable:      31996 kB
SUnreclaim:        67044 kB
KernelStack:       38240 kB
PageTables:        49744 kB
NFS_Unstable:          0 kB
Bounce:                0 kB
WritebackTmp:          0 kB
CommitLimit:     2152132 kB
Committed_AS:   118519880 kB
VmallocTotal:   251658176 kB
VmallocUsed:      136176 kB
VmallocChunk:   251418668 kB
Time pass: 370 sec

---2015-12-05 14:07:44
MemTotal:        2873608 kB
MemFree:           82900 kB
Buffers:           18616 kB
Cached:           923696 kB
SwapCached:           16 kB
Active:          1315780 kB
Inactive:         661332 kB
Active(anon):     837416 kB
Inactive(anon):   211668 kB
Active(file):     478364 kB
Inactive(file):   449664 kB
Unevictable:       13568 kB
Mlocked:               0 kB
SwapTotal:        715328 kB
SwapFree:         707512 kB
Dirty:                32 kB
Writeback:             0 kB
AnonPages:       1048240 kB
Mapped:           616912 kB
Shmem:               716 kB
Slab:              98904 kB
SReclaimable:      31996 kB
SUnreclaim:        66908 kB
KernelStack:       38224 kB
PageTables:        49744 kB
NFS_Unstable:          0 kB
Bounce:                0 kB
WritebackTmp:          0 kB
CommitLimit:     2152132 kB
Committed_AS:   118519880 kB
VmallocTotal:   251658176 kB
VmallocUsed:      136176 kB
VmallocChunk:   251418668 kB
Time pass: 374 sec

---2015-12-05 14:07:44
MemTotal:        2873608 kB
MemFree:           82500 kB
Buffers:           18632 kB
Cached:           923700 kB
SwapCached:           16 kB
Active:          1315976 kB
Inactive:         661352 kB
Active(anon):     837612 kB
Inactive(anon):   211672 kB
Active(file):     478364 kB
Inactive(file):   449680 kB
Unevictable:       13568 kB
Mlocked:               0 kB
SwapTotal:        715328 kB
SwapFree:         707512 kB
Dirty:                44 kB
Writeback:             0 kB
AnonPages:       1048500 kB
Mapped:           616840 kB
Shmem:               720 kB
Slab:              98908 kB
SReclaimable:      31996 kB
SUnreclaim:        66912 kB
KernelStack:       38192 kB
PageTables:        49712 kB
NFS_Unstable:          0 kB
Bounce:                0 kB
WritebackTmp:          0 kB
CommitLimit:     2152132 kB
Committed_AS:   118519896 kB
VmallocTotal:   251658176 kB
VmallocUsed:      136176 kB
VmallocChunk:   251418668 kB
Time pass: 378 sec

---2015-12-05 14:07:44
MemTotal:        2873608 kB
MemFree:           82308 kB
Buffers:           18648 kB
Cached:           923684 kB
SwapCached:           16 kB
Active:          1316144 kB
Inactive:         661348 kB
Active(anon):     837780 kB
Inactive(anon):   211672 kB
Active(file):     478364 kB
Inactive(file):   449676 kB
Unevictable:       13568 kB
Mlocked:               0 kB
SwapTotal:        715328 kB
SwapFree:         707512 kB
Dirty:                44 kB
Writeback:             0 kB
AnonPages:       1048856 kB
Mapped:           616932 kB
Shmem:               720 kB
Slab:              98900 kB
SReclaimable:      31996 kB
SUnreclaim:        66904 kB
KernelStack:       38176 kB
PageTables:        49744 kB
NFS_Unstable:          0 kB
Bounce:                0 kB
WritebackTmp:          0 kB
CommitLimit:     2152132 kB
Committed_AS:   118519880 kB
VmallocTotal:   251658176 kB
VmallocUsed:      136176 kB
VmallocChunk:   251418668 kB
Time pass: 382 sec

---2015-12-05 14:07:44
MemTotal:        2873608 kB
MemFree:           81232 kB
Buffers:           18648 kB
Cached:           923700 kB
SwapCached:           16 kB
Active:          1316700 kB
Inactive:         661368 kB
Active(anon):     838336 kB
Inactive(anon):   211672 kB
Active(file):     478364 kB
Inactive(file):   449696 kB
Unevictable:       13568 kB
Mlocked:               0 kB
SwapTotal:        715328 kB
SwapFree:         707512 kB
Dirty:                 0 kB
Writeback:             0 kB
AnonPages:       1049336 kB
Mapped:           617020 kB
Shmem:               720 kB
Slab:              98904 kB
SReclaimable:      31996 kB
SUnreclaim:        66908 kB
KernelStack:       38224 kB
PageTables:        49776 kB
NFS_Unstable:          0 kB
Bounce:                0 kB
WritebackTmp:          0 kB
CommitLimit:     2152132 kB
Committed_AS:   118519968 kB
VmallocTotal:   251658176 kB
VmallocUsed:      136176 kB
VmallocChunk:   251418668 kB
Time pass: 386 sec

---2015-12-05 14:07:44
MemTotal:        2873608 kB
MemFree:           81868 kB
Buffers:           18672 kB
Cached:           923684 kB
SwapCached:           16 kB
Active:          1316556 kB
Inactive:         661376 kB
Active(anon):     838192 kB
Inactive(anon):   211672 kB
Active(file):     478364 kB
Inactive(file):   449704 kB
Unevictable:       13568 kB
Mlocked:               0 kB
SwapTotal:        715328 kB
SwapFree:         707512 kB
Dirty:                28 kB
Writeback:             0 kB
AnonPages:       1049404 kB
Mapped:           616944 kB
Shmem:               720 kB
Slab:              98876 kB
SReclaimable:      31996 kB
SUnreclaim:        66880 kB
KernelStack:       38224 kB
PageTables:        49744 kB
NFS_Unstable:          0 kB
Bounce:                0 kB
WritebackTmp:          0 kB
CommitLimit:     2152132 kB
Committed_AS:   118519968 kB
VmallocTotal:   251658176 kB
VmallocUsed:      136176 kB
VmallocChunk:   251418668 kB
Time pass: 390 sec

---2015-12-05 14:07:44
MemTotal:        2873608 kB
MemFree:           81452 kB
Buffers:           18672 kB
