---2015-12-05 14:07:44
MemTotal:        2873608 kB
MemFree:           92880 kB
Buffers:           22328 kB
Cached:          1293132 kB
SwapCached:            0 kB
Active:          1292576 kB
Inactive:         948716 kB
Active(anon):     741636 kB
Inactive(anon):   194512 kB
Active(file):     550940 kB
Inactive(file):   754204 kB
Unevictable:        8104 kB
Mlocked:               0 kB
SwapTotal:        715328 kB
SwapFree:         715328 kB
Dirty:              5008 kB
Writeback:           168 kB
AnonPages:        934852 kB
Mapped:           479924 kB
Shmem:              1924 kB
Slab:              96504 kB
SReclaimable:      31648 kB
SUnreclaim:        64856 kB
KernelStack:       37024 kB
PageTables:        49580 kB
NFS_Unstable:          0 kB
Bounce:                0 kB
WritebackTmp:          0 kB
CommitLimit:     2152132 kB
Committed_AS:   122649152 kB
VmallocTotal:   251658176 kB
VmallocUsed:      136256 kB
VmallocChunk:   251427372 kB
Time pass: 3 sec

---2015-12-05 14:07:44
MemTotal:        2873608 kB
MemFree:           96648 kB
Buffers:           22580 kB
Cached:          1293148 kB
SwapCached:            0 kB
Active:          1306920 kB
Inactive:         939232 kB
Active(anon):     745960 kB
Inactive(anon):   194304 kB
Active(file):     560960 kB
Inactive(file):   744928 kB
Unevictable:        8104 kB
Mlocked:               0 kB
SwapTotal:        715328 kB
SwapFree:         715328 kB
Dirty:              5448 kB
Writeback:             0 kB
AnonPages:        938328 kB
Mapped:           459980 kB
Shmem:              1736 kB
Slab:              96392 kB
SReclaimable:      31632 kB
SUnreclaim:        64760 kB
KernelStack:       35808 kB
PageTables:        47852 kB
NFS_Unstable:          0 kB
Bounce:                0 kB
WritebackTmp:          0 kB
CommitLimit:     2152132 kB
Committed_AS:   118344664 kB
VmallocTotal:   251658176 kB
VmallocUsed:      132900 kB
VmallocChunk:   251427372 kB
Time pass: 7 sec

---2015-12-05 14:07:44
MemTotal:        2873608 kB
MemFree:           78900 kB
Buffers:           22648 kB
Cached:          1293164 kB
SwapCached:            0 kB
Active:          1320460 kB
Inactive:         937416 kB
Active(anon):     757612 kB
Inactive(anon):   194284 kB
Active(file):     562848 kB
Inactive(file):   743132 kB
Unevictable:        8104 kB
Mlocked:               0 kB
SwapTotal:        715328 kB
SwapFree:         715328 kB
Dirty:               948 kB
Writeback:             0 kB
AnonPages:        950444 kB
Mapped:           499116 kB
Shmem:              1720 kB
Slab:              96168 kB
SReclaimable:      31504 kB
SUnreclaim:        64664 kB
KernelStack:       36720 kB
PageTables:        48188 kB
NFS_Unstable:          0 kB
Bounce:                0 kB
WritebackTmp:          0 kB
CommitLimit:     2152132 kB
Committed_AS:   117868616 kB
VmallocTotal:   251658176 kB
VmallocUsed:      133196 kB
VmallocChunk:   251417644 kB
Time pass: 11 sec

---2015-12-05 14:07:44
MemTotal:        2873608 kB
MemFree:           79864 kB
Buffers:           23776 kB
Cached:          1288304 kB
SwapCached:            0 kB
Active:          1331952 kB
Inactive:         924324 kB
Active(anon):     759736 kB
Inactive(anon):   194420 kB
Active(file):     572216 kB
Inactive(file):   729904 kB
Unevictable:        8104 kB
Mlocked:               0 kB
SwapTotal:        715328 kB
SwapFree:         715328 kB
Dirty:              6508 kB
Writeback:             0 kB
AnonPages:        952472 kB
Mapped:           495092 kB
Shmem:              1856 kB
Slab:              96380 kB
SReclaimable:      31572 kB
SUnreclaim:        64808 kB
KernelStack:       37056 kB
PageTables:        48988 kB
NFS_Unstable:          0 kB
Bounce:                0 kB
WritebackTmp:          0 kB
CommitLimit:     2152132 kB
Committed_AS:   119239392 kB
VmallocTotal:   251658176 kB
VmallocUsed:      135236 kB
VmallocChunk:   251417644 kB
Time pass: 14 sec

---2015-12-05 14:07:44
MemTotal:        2873608 kB
MemFree:           96228 kB
Buffers:           23784 kB
Cached:          1288544 kB
SwapCached:            0 kB
Active:          1356244 kB
Inactive:         884856 kB
Active(anon):     744340 kB
Inactive(anon):   194476 kB
Active(file):     611904 kB
Inactive(file):   690380 kB
Unevictable:        8104 kB
Mlocked:               0 kB
SwapTotal:        715328 kB
SwapFree:         715328 kB
Dirty:                52 kB
Writeback:          5604 kB
AnonPages:        936856 kB
Mapped:           462316 kB
Shmem:              1916 kB
Slab:              96776 kB
SReclaimable:      31588 kB
SUnreclaim:        65188 kB
KernelStack:       36752 kB
PageTables:        48564 kB
NFS_Unstable:          0 kB
Bounce:                0 kB
WritebackTmp:          0 kB
CommitLimit:     2152132 kB
Committed_AS:   118708520 kB
VmallocTotal:   251658176 kB
VmallocUsed:      135236 kB
VmallocChunk:   251422764 kB
Time pass: 18 sec

---2015-12-05 14:07:44
MemTotal:        2873608 kB
MemFree:           75344 kB
Buffers:           23880 kB
Cached:          1166908 kB
SwapCached:            0 kB
Active:          1401460 kB
Inactive:         792800 kB
Active(anon):     814852 kB
Inactive(anon):   205140 kB
Active(file):     586608 kB
Inactive(file):   587660 kB
Unevictable:       13568 kB
Mlocked:               0 kB
SwapTotal:        715328 kB
SwapFree:         715300 kB
Dirty:              1588 kB
Writeback:             0 kB
AnonPages:       1016136 kB
Mapped:           490300 kB
Shmem:              1856 kB
Slab:              95820 kB
SReclaimable:      29508 kB
SUnreclaim:        66312 kB
KernelStack:       39056 kB
PageTables:        51036 kB
NFS_Unstable:          0 kB
Bounce:                0 kB
WritebackTmp:          0 kB
CommitLimit:     2152132 kB
Committed_AS:   121774736 kB
VmallocTotal:   251658176 kB
VmallocUsed:      136840 kB
VmallocChunk:   251422764 kB
Time pass: 22 sec

---2015-12-05 14:07:44
MemTotal:        2873608 kB
MemFree:          113444 kB
Buffers:           24604 kB
Cached:          1136864 kB
SwapCached:            0 kB
Active:          1323204 kB
Inactive:         775588 kB
Active(anon):     747572 kB
Inactive(anon):   204656 kB
Active(file):     575632 kB
Inactive(file):   570932 kB
Unevictable:       13568 kB
Mlocked:               0 kB
SwapTotal:        715328 kB
SwapFree:         714708 kB
Dirty:               492 kB
Writeback:             0 kB
AnonPages:        950856 kB
Mapped:           508660 kB
Shmem:              1336 kB
Slab:              97664 kB
SReclaimable:      31648 kB
SUnreclaim:        66016 kB
KernelStack:       36944 kB
PageTables:        49372 kB
NFS_Unstable:          0 kB
Bounce:                0 kB
WritebackTmp:          0 kB
CommitLimit:     2152132 kB
Committed_AS:   119311104 kB
VmallocTotal:   251658176 kB
VmallocUsed:      135092 kB
VmallocChunk:   251427372 kB
Time pass: 26 sec

---2015-12-05 14:07:44
MemTotal:        2873608 kB
MemFree:           75344 kB
Buffers:           24864 kB
Cached:          1127692 kB
SwapCached:            0 kB
Active:          1360152 kB
Inactive:         771932 kB
Active(anon):     789820 kB
Inactive(anon):   204324 kB
Active(file):     570332 kB
Inactive(file):   567608 kB
Unevictable:       13568 kB
Mlocked:               0 kB
SwapTotal:        715328 kB
SwapFree:         714600 kB
Dirty:               872 kB
Writeback:             0 kB
AnonPages:        992648 kB
Mapped:           547240 kB
Shmem:              1324 kB
Slab:              97568 kB
SReclaimable:      31576 kB
SUnreclaim:        65992 kB
KernelStack:       38240 kB
PageTables:        49656 kB
NFS_Unstable:          0 kB
Bounce:                0 kB
WritebackTmp:          0 kB
CommitLimit:     2152132 kB
Committed_AS:   118703996 kB
VmallocTotal:   251658176 kB
VmallocUsed:      135388 kB
VmallocChunk:   251427372 kB
Time pass: 30 sec

---2015-12-05 14:07:44
MemTotal:        2873608 kB
MemFree:           88896 kB
Buffers:           24856 kB
Cached:          1136704 kB
SwapCached:            0 kB
Active:          1339268 kB
Inactive:         779948 kB
Active(anon):     768624 kB
Inactive(anon):   204104 kB
Active(file):     570644 kB
Inactive(file):   575844 kB
Unevictable:       13568 kB
Mlocked:               0 kB
SwapTotal:        715328 kB
SwapFree:         714492 kB
Dirty:                52 kB
Writeback:           220 kB
AnonPages:        971860 kB
Mapped:           523208 kB
Shmem:              1268 kB
Slab:              97876 kB
SReclaimable:      31672 kB
SUnreclaim:        66204 kB
KernelStack:       37744 kB
PageTables:        49936 kB
NFS_Unstable:          0 kB
Bounce:                0 kB
WritebackTmp:          0 kB
CommitLimit:     2152132 kB
Committed_AS:   121094380 kB
VmallocTotal:   251658176 kB
VmallocUsed:      136408 kB
VmallocChunk:   251427372 kB
Time pass: 33 sec

---2015-12-05 14:07:44
MemTotal:        2873608 kB
MemFree:           69460 kB
Buffers:           17904 kB
Cached:          1125728 kB
SwapCached:            0 kB
Active:          1372428 kB
Inactive:         768876 kB
Active(anon):     808676 kB
Inactive(anon):   204228 kB
Active(file):     563752 kB
Inactive(file):   564648 kB
Unevictable:       13568 kB
Mlocked:               0 kB
SwapTotal:        715328 kB
SwapFree:         714492 kB
Dirty:               272 kB
Writeback:             0 kB
AnonPages:       1011712 kB
Mapped:           558028 kB
Shmem:              1392 kB
Slab:              96328 kB
SReclaimable:      29152 kB
SUnreclaim:        67176 kB
KernelStack:       39792 kB
PageTables:        54020 kB
NFS_Unstable:          0 kB
Bounce:                0 kB
WritebackTmp:          0 kB
CommitLimit:     2152132 kB
Committed_AS:   132344672 kB
VmallocTotal:   251658176 kB
VmallocUsed:      142496 kB
VmallocChunk:   251427372 kB
Time pass: 37 sec

---2015-12-05 14:07:44
MemTotal:        2873608 kB
MemFree:           71364 kB
Buffers:           18528 kB
Cached:          1099260 kB
SwapCached:            0 kB
Active:          1384160 kB
Inactive:         760072 kB
Active(anon):     832480 kB
Inactive(anon):   208784 kB
Active(file):     551680 kB
Inactive(file):   551288 kB
Unevictable:       13568 kB
Mlocked:               0 kB
SwapTotal:        715328 kB
SwapFree:         714164 kB
Dirty:               416 kB
Writeback:             0 kB
AnonPages:       1040360 kB
Mapped:           550604 kB
Shmem:              1128 kB
Slab:              98752 kB
SReclaimable:      31384 kB
SUnreclaim:        67368 kB
KernelStack:       39088 kB
PageTables:        51544 kB
NFS_Unstable:          0 kB
Bounce:                0 kB
WritebackTmp:          0 kB
CommitLimit:     2152132 kB
Committed_AS:   123980800 kB
VmallocTotal:   251658176 kB
VmallocUsed:      137260 kB
VmallocChunk:   251427372 kB
Time pass: 41 sec

---2015-12-05 14:07:44
MemTotal:        2873608 kB
MemFree:           74152 kB
Buffers:           17436 kB
Cached:          1036132 kB
SwapCached:            0 kB
Active:          1357364 kB
Inactive:         728280 kB
Active(anon):     835632 kB
Inactive(anon):   211160 kB
Active(file):     521732 kB
Inactive(file):   517120 kB
Unevictable:       13568 kB
Mlocked:               0 kB
SwapTotal:        715328 kB
SwapFree:         714028 kB
Dirty:               264 kB
Writeback:             4 kB
AnonPages:       1045904 kB
Mapped:           560328 kB
Shmem:              1144 kB
Slab:              98956 kB
SReclaimable:      31704 kB
SUnreclaim:        67252 kB
KernelStack:       39104 kB
PageTables:        51636 kB
NFS_Unstable:          0 kB
Bounce:                0 kB
WritebackTmp:          0 kB
CommitLimit:     2152132 kB
Committed_AS:   123326160 kB
VmallocTotal:   251658176 kB
VmallocUsed:      136484 kB
VmallocChunk:   251427372 kB
Time pass: 45 sec

---2015-12-05 14:07:44
MemTotal:        2873608 kB
MemFree:           77588 kB
Buffers:           17436 kB
Cached:          1037320 kB
SwapCached:            0 kB
Active:          1353476 kB
Inactive:         729240 kB
Active(anon):     831552 kB
Inactive(anon):   211140 kB
Active(file):     521924 kB
Inactive(file):   518100 kB
Unevictable:       13568 kB
Mlocked:               0 kB
SwapTotal:        715328 kB
SwapFree:         714028 kB
Dirty:               168 kB
Writeback:             0 kB
AnonPages:       1041764 kB
Mapped:           554796 kB
Shmem:              1144 kB
Slab:              99180 kB
SReclaimable:      31792 kB
SUnreclaim:        67388 kB
KernelStack:       39104 kB
PageTables:        51084 kB
NFS_Unstable:          0 kB
Bounce:                0 kB
WritebackTmp:          0 kB
CommitLimit:     2152132 kB
Committed_AS:   122100952 kB
VmallocTotal:   251658176 kB
VmallocUsed:      135464 kB
VmallocChunk:   251427372 kB
Time pass: 48 sec

---2015-12-05 14:07:44
MemTotal:        2873608 kB
MemFree:           68956 kB
Buffers:           15576 kB
Cached:          1009496 kB
SwapCached:            0 kB
Active:          1369200 kB
Inactive:         696600 kB
Active(anon):     841784 kB
Inactive(anon):   213744 kB
Active(file):     527416 kB
Inactive(file):   482856 kB
Unevictable:       13568 kB
Mlocked:               0 kB
SwapTotal:        715328 kB
SwapFree:         713808 kB
Dirty:              1400 kB
Writeback:             0 kB
AnonPages:       1054260 kB
Mapped:           595896 kB
Shmem:              1148 kB
Slab:              98792 kB
SReclaimable:      31652 kB
SUnreclaim:        67140 kB
KernelStack:       38576 kB
PageTables:        50580 kB
NFS_Unstable:          0 kB
Bounce:                0 kB
WritebackTmp:          0 kB
CommitLimit:     2152132 kB
Committed_AS:   120328204 kB
VmallocTotal:   251658176 kB
VmallocUsed:      134680 kB
VmallocChunk:   251427372 kB
Time pass: 52 sec

---2015-12-05 14:07:44
MemTotal:        2873608 kB
MemFree:           64888 kB
Buffers:           15768 kB
Cached:           999180 kB
SwapCached:            0 kB
Active:          1357832 kB
Inactive:         701528 kB
Active(anon):     846404 kB
Inactive(anon):   212744 kB
Active(file):     511428 kB
Inactive(file):   488784 kB
Unevictable:       13568 kB
Mlocked:               0 kB
SwapTotal:        715328 kB
SwapFree:         713184 kB
Dirty:               672 kB
Writeback:             0 kB
AnonPages:       1058064 kB
Mapped:           613184 kB
Shmem:              1148 kB
Slab:              98764 kB
SReclaimable:      31660 kB
SUnreclaim:        67104 kB
KernelStack:       39376 kB
PageTables:        51916 kB
NFS_Unstable:          0 kB
Bounce:                0 kB
WritebackTmp:          0 kB
CommitLimit:     2152132 kB
Committed_AS:   123347676 kB
VmallocTotal:   251658176 kB
VmallocUsed:      136812 kB
VmallocChunk:   251427372 kB
Time pass: 56 sec

---2015-12-05 14:07:44
MemTotal:        2873608 kB
MemFree:           71744 kB
Buffers:           15792 kB
Cached:           999792 kB
SwapCached:            0 kB
Active:          1351404 kB
Inactive:         702112 kB
Active(anon):     839976 kB
Inactive(anon):   212744 kB
Active(file):     511428 kB
Inactive(file):   489368 kB
Unevictable:       13568 kB
Mlocked:               0 kB
SwapTotal:        715328 kB
SwapFree:         713184 kB
Dirty:               140 kB
Writeback:             0 kB
AnonPages:       1051496 kB
Mapped:           606336 kB
Shmem:              1148 kB
Slab:              98680 kB
SReclaimable:      31676 kB
SUnreclaim:        67004 kB
KernelStack:       38992 kB
PageTables:        51304 kB
NFS_Unstable:          0 kB
Bounce:                0 kB
WritebackTmp:          0 kB
CommitLimit:     2152132 kB
Committed_AS:   121564336 kB
VmallocTotal:   251658176 kB
VmallocUsed:      135792 kB
VmallocChunk:   251427372 kB
Time pass: 59 sec

---2015-12-05 14:07:44
MemTotal:        2873608 kB
MemFree:           73460 kB
Buffers:           15764 kB
Cached:           985156 kB
SwapCached:            0 kB
Active:          1340404 kB
Inactive:         699924 kB
Active(anon):     841568 kB
Inactive(anon):   212556 kB
Active(file):     498836 kB
Inactive(file):   487368 kB
Unevictable:       13568 kB
Mlocked:               0 kB
SwapTotal:        715328 kB
SwapFree:         712556 kB
Dirty:               168 kB
Writeback:             0 kB
AnonPages:       1053132 kB
Mapped:           614876 kB
Shmem:              1148 kB
Slab:              98408 kB
SReclaimable:      31292 kB
SUnreclaim:        67116 kB
KernelStack:       38960 kB
PageTables:        51336 kB
NFS_Unstable:          0 kB
Bounce:                0 kB
WritebackTmp:          0 kB
CommitLimit:     2152132 kB
Committed_AS:   121564368 kB
VmallocTotal:   251658176 kB
VmallocUsed:      135904 kB
VmallocChunk:   251427372 kB
Time pass: 63 sec

---2015-12-05 14:07:44
MemTotal:        2873608 kB
MemFree:           74068 kB
Buffers:           15780 kB
Cached:           985156 kB
SwapCached:            0 kB
Active:          1340404 kB
Inactive:         699932 kB
Active(anon):     841568 kB
Inactive(anon):   212556 kB
Active(file):     498836 kB
Inactive(file):   487376 kB
Unevictable:       13568 kB
Mlocked:               0 kB
SwapTotal:        715328 kB
SwapFree:         712556 kB
Dirty:                24 kB
Writeback:             0 kB
AnonPages:       1053168 kB
Mapped:           614800 kB
Shmem:              1148 kB
Slab:              98396 kB
SReclaimable:      31420 kB
SUnreclaim:        66976 kB
KernelStack:       38944 kB
PageTables:        51300 kB
NFS_Unstable:          0 kB
Bounce:                0 kB
WritebackTmp:          0 kB
CommitLimit:     2152132 kB
Committed_AS:   121564384 kB
VmallocTotal:   251658176 kB
VmallocUsed:      135904 kB
VmallocChunk:   251427372 kB
Time pass: 67 sec

---2015-12-05 14:07:44
MemTotal:        2873608 kB
MemFree:           65580 kB
Buffers:           15284 kB
Cached:           940644 kB
SwapCached:            0 kB
Active:          1323336 kB
Inactive:         680264 kB
Active(anon):     848176 kB
Inactive(anon):   214176 kB
Active(file):     475160 kB
Inactive(file):   466088 kB
Unevictable:       13568 kB
Mlocked:               0 kB
SwapTotal:        715328 kB
SwapFree:         710776 kB
Dirty:               504 kB
Writeback:             0 kB
AnonPages:       1061052 kB
Mapped:           626608 kB
Shmem:              1148 kB
Slab:              98544 kB
SReclaimable:      31260 kB
SUnreclaim:        67284 kB
KernelStack:       39232 kB
PageTables:        51312 kB
NFS_Unstable:          0 kB
Bounce:                0 kB
WritebackTmp:          0 kB
CommitLimit:     2152132 kB
Committed_AS:   121574040 kB
VmallocTotal:   251658176 kB
VmallocUsed:      136064 kB
VmallocChunk:   251427372 kB
Time pass: 71 sec

---2015-12-05 14:07:44
MemTotal:        2873608 kB
MemFree:           67640 kB
Buffers:           15300 kB
Cached:           940672 kB
SwapCached:            0 kB
Active:          1323192 kB
Inactive:         680324 kB
Active(anon):     848088 kB
Inactive(anon):   214172 kB
Active(file):     475104 kB
Inactive(file):   466152 kB
Unevictable:       13568 kB
Mlocked:               0 kB
SwapTotal:        715328 kB
SwapFree:         710776 kB
Dirty:               108 kB
Writeback:             0 kB
AnonPages:       1061172 kB
Mapped:           626888 kB
Shmem:              1148 kB
Slab:              98576 kB
SReclaimable:      31436 kB
SUnreclaim:        67140 kB
KernelStack:       39184 kB
PageTables:        51416 kB
NFS_Unstable:          0 kB
Bounce:                0 kB
WritebackTmp:          0 kB
CommitLimit:     2152132 kB
Committed_AS:   121574120 kB
VmallocTotal:   251658176 kB
VmallocUsed:      136064 kB
VmallocChunk:   251427372 kB
Time pass: 75 sec

---2015-12-05 14:07:44
MemTotal:        2873608 kB
MemFree:           64024 kB
Buffers:           15256 kB
Cached:           925952 kB
SwapCached:            4 kB
Active:          1332024 kB
Inactive:         678060 kB
Active(anon):     867324 kB
Inactive(anon):   216400 kB
Active(file):     464700 kB
Inactive(file):   461660 kB
Unevictable:       13568 kB
Mlocked:               0 kB
SwapTotal:        715328 kB
SwapFree:         709924 kB
Dirty:               388 kB
Writeback:             0 kB
AnonPages:       1082684 kB
Mapped:           630136 kB
Shmem:              1272 kB
Slab:              98524 kB
SReclaimable:      31404 kB
SUnreclaim:        67120 kB
KernelStack:       39584 kB
PageTables:        51680 kB
NFS_Unstable:          0 kB
Bounce:                0 kB
WritebackTmp:          0 kB
CommitLimit:     2152132 kB
Committed_AS:   121618220 kB
VmallocTotal:   251658176 kB
VmallocUsed:      138496 kB
VmallocChunk:   251427372 kB
Time pass: 78 sec

---2015-12-05 14:07:44
MemTotal:        2873608 kB
MemFree:           64540 kB
Buffers:           15264 kB
Cached:           920752 kB
SwapCached:            4 kB
Active:          1331388 kB
Inactive:         677052 kB
Active(anon):     870160 kB
Inactive(anon):   216764 kB
Active(file):     461228 kB
Inactive(file):   460288 kB
Unevictable:       13568 kB
Mlocked:               0 kB
SwapTotal:        715328 kB
SwapFree:         709544 kB
Dirty:                92 kB
Writeback:             0 kB
AnonPages:       1086048 kB
Mapped:           628592 kB
Shmem:               932 kB
Slab:              98856 kB
SReclaimable:      31564 kB
SUnreclaim:        67292 kB
KernelStack:       39568 kB
PageTables:        51684 kB
NFS_Unstable:          0 kB
Bounce:                0 kB
WritebackTmp:          0 kB
CommitLimit:     2152132 kB
Committed_AS:   121622428 kB
VmallocTotal:   251658176 kB
VmallocUsed:      138496 kB
VmallocChunk:   251427372 kB
Time pass: 82 sec

---2015-12-05 14:07:44
MemTotal:        2873608 kB
MemFree:           68200 kB
Buffers:           15220 kB
Cached:           914788 kB
SwapCached:            4 kB
Active:          1328444 kB
Inactive:         675652 kB
Active(anon):     870584 kB
Inactive(anon):   217844 kB
Active(file):     457860 kB
Inactive(file):   457808 kB
Unevictable:       13568 kB
Mlocked:               0 kB
SwapTotal:        715328 kB
SwapFree:         709144 kB
Dirty:                 4 kB
Writeback:             0 kB
AnonPages:       1087536 kB
Mapped:           628792 kB
Shmem:               772 kB
Slab:              98768 kB
SReclaimable:      31580 kB
SUnreclaim:        67188 kB
KernelStack:       39520 kB
PageTables:        51832 kB
NFS_Unstable:          0 kB
Bounce:                0 kB
WritebackTmp:          0 kB
CommitLimit:     2152132 kB
Committed_AS:   121622372 kB
VmallocTotal:   251658176 kB
VmallocUsed:      138496 kB
VmallocChunk:   251427372 kB
Time pass: 86 sec

---2015-12-05 14:07:44
MemTotal:        2873608 kB
MemFree:           66496 kB
Buffers:           15244 kB
Cached:           914792 kB
SwapCached:            4 kB
Active:          1329300 kB
Inactive:         675680 kB
Active(anon):     871440 kB
Inactive(anon):   217848 kB
Active(file):     457860 kB
Inactive(file):   457832 kB
Unevictable:       13568 kB
Mlocked:               0 kB
SwapTotal:        715328 kB
SwapFree:         709144 kB
Dirty:                40 kB
Writeback:             0 kB
AnonPages:       1088688 kB
Mapped:           628800 kB
Shmem:               776 kB
Slab:              98760 kB
SReclaimable:      31580 kB
SUnreclaim:        67180 kB
KernelStack:       39504 kB
PageTables:        51836 kB
NFS_Unstable:          0 kB
Bounce:                0 kB
WritebackTmp:          0 kB
CommitLimit:     2152132 kB
Committed_AS:   121622260 kB
VmallocTotal:   251658176 kB
VmallocUsed:      138496 kB
VmallocChunk:   251427372 kB
Time pass: 90 sec

---2015-12-05 14:07:44
MemTotal:        2873608 kB
MemFree:           66184 kB
Buffers:           15244 kB
Cached:           915024 kB
SwapCached:            4 kB
Active:          1329072 kB
Inactive:         675912 kB
Active(anon):     871212 kB
Inactive(anon):   218080 kB
Active(file):     457860 kB
Inactive(file):   457832 kB
Unevictable:       13568 kB
Mlocked:               0 kB
SwapTotal:        715328 kB
SwapFree:         709144 kB
Dirty:                40 kB
Writeback:             0 kB
AnonPages:       1088364 kB
Mapped:           629068 kB
Shmem:              1008 kB
Slab:              98924 kB
SReclaimable:      31580 kB
SUnreclaim:        67344 kB
KernelStack:       39488 kB
PageTables:        51816 kB
NFS_Unstable:          0 kB
Bounce:                0 kB
WritebackTmp:          0 kB
CommitLimit:     2152132 kB
Committed_AS:   121626388 kB
VmallocTotal:   251658176 kB
VmallocUsed:      138496 kB
VmallocChunk:   251427372 kB
Time pass: 93 sec

---2015-12-05 14:07:44
MemTotal:        2873608 kB
MemFree:           84008 kB
Buffers:           13356 kB
Cached:           912512 kB
SwapCached:            4 kB
Active:          1322020 kB
Inactive:         666172 kB
Active(anon):     858192 kB
Inactive(anon):   218444 kB
Active(file):     463828 kB
Inactive(file):   447728 kB
Unevictable:       13568 kB
Mlocked:               0 kB
SwapTotal:        715328 kB
SwapFree:         709144 kB
Dirty:                32 kB
Writeback:             0 kB
AnonPages:       1075864 kB
Mapped:           628388 kB
Shmem:               788 kB
Slab:              98772 kB
SReclaimable:      31580 kB
SUnreclaim:        67192 kB
KernelStack:       39520 kB
PageTables:        51436 kB
NFS_Unstable:          0 kB
Bounce:                0 kB
WritebackTmp:          0 kB
CommitLimit:     2152132 kB
Committed_AS:   121598964 kB
VmallocTotal:   251658176 kB
VmallocUsed:      138496 kB
VmallocChunk:   251427372 kB
Time pass: 97 sec

---2015-12-05 14:07:44
MemTotal:        2873608 kB
MemFree:          348712 kB
Buffers:           13408 kB
Cached:           913056 kB
SwapCached:            4 kB
Active:          1180460 kB
Inactive:         660820 kB
Active(anon):     710980 kB
Inactive(anon):   217712 kB
Active(file):     469480 kB
Inactive(file):   443108 kB
Unevictable:       13568 kB
Mlocked:               0 kB
SwapTotal:        715328 kB
SwapFree:         709144 kB
Dirty:               404 kB
Writeback:             0 kB
AnonPages:        928540 kB
Mapped:           456852 kB
Shmem:               304 kB
Slab:              98292 kB
SReclaimable:      31340 kB
SUnreclaim:        66952 kB
KernelStack:       36912 kB
PageTables:        48352 kB
NFS_Unstable:          0 kB
Bounce:                0 kB
WritebackTmp:          0 kB
CommitLimit:     2152132 kB
Committed_AS:   117091508 kB
VmallocTotal:   251658176 kB
VmallocUsed:      134324 kB
VmallocChunk:   251427372 kB
Time pass: 100 sec

---2015-12-05 14:07:44
MemTotal:        2873608 kB
MemFree:          348004 kB
Buffers:           13416 kB
Cached:           913304 kB
SwapCached:            4 kB
Active:          1181072 kB
Inactive:         660852 kB
Active(anon):     711584 kB
Inactive(anon):   217712 kB
Active(file):     469488 kB
Inactive(file):   443140 kB
Unevictable:       13568 kB
Mlocked:               0 kB
SwapTotal:        715328 kB
SwapFree:         709144 kB
Dirty:               704 kB
Writeback:             0 kB
AnonPages:        929184 kB
Mapped:           457372 kB
Shmem:               304 kB
Slab:              98312 kB
SReclaimable:      31340 kB
SUnreclaim:        66972 kB
KernelStack:       36880 kB
PageTables:        48404 kB
NFS_Unstable:          0 kB
Bounce:                0 kB
WritebackTmp:          0 kB
CommitLimit:     2152132 kB
Committed_AS:   117095508 kB
VmallocTotal:   251658176 kB
VmallocUsed:      134324 kB
VmallocChunk:   251427372 kB
Time pass: 104 sec

---2015-12-05 14:07:44
MemTotal:        2873608 kB
MemFree:          303348 kB
Buffers:           13592 kB
Cached:           917980 kB
SwapCached:            4 kB
Active:          1241984 kB
Inactive:         661012 kB
Active(anon):     767616 kB
Inactive(anon):   218872 kB
Active(file):     474368 kB
Inactive(file):   442140 kB
Unevictable:       13568 kB
Mlocked:               0 kB
SwapTotal:        715328 kB
SwapFree:         709144 kB
Dirty:              1432 kB
Writeback:             0 kB
AnonPages:        985336 kB
Mapped:           493848 kB
Shmem:              1496 kB
Slab:              98428 kB
SReclaimable:      31356 kB
SUnreclaim:        67072 kB
KernelStack:       38016 kB
PageTables:        49568 kB
NFS_Unstable:          0 kB
Bounce:                0 kB
WritebackTmp:          0 kB
CommitLimit:     2152132 kB
Committed_AS:   118419888 kB
VmallocTotal:   251658176 kB
VmallocUsed:      135184 kB
VmallocChunk:   251427372 kB
Time pass: 108 sec

---2015-12-05 14:07:44
MemTotal:        2873608 kB
MemFree:          223784 kB
Buffers:           13628 kB
Cached:           918536 kB
SwapCached:            4 kB
Active:          1248940 kB
Inactive:         659928 kB
Active(anon):     772892 kB
Inactive(anon):   217820 kB
Active(file):     476048 kB
Inactive(file):   442108 kB
Unevictable:       13568 kB
Mlocked:               0 kB
SwapTotal:        715328 kB
SwapFree:         709144 kB
Dirty:              1708 kB
Writeback:             0 kB
AnonPages:        990364 kB
Mapped:           560480 kB
Shmem:               440 kB
Slab:              98432 kB
SReclaimable:      31372 kB
SUnreclaim:        67060 kB
KernelStack:       38080 kB
PageTables:        49768 kB
NFS_Unstable:          0 kB
Bounce:                0 kB
WritebackTmp:          0 kB
CommitLimit:     2152132 kB
Committed_AS:   118424280 kB
VmallocTotal:   251658176 kB
VmallocUsed:      135748 kB
VmallocChunk:   251427372 kB
Time pass: 111 sec

---2015-12-05 14:07:44
MemTotal:        2873608 kB
MemFree:          210520 kB
Buffers:           13640 kB
Cached:           919500 kB
SwapCached:            4 kB
Active:          1250032 kB
Inactive:         660888 kB
Active(anon):     773968 kB
Inactive(anon):   217820 kB
Active(file):     476064 kB
Inactive(file):   443068 kB
Unevictable:       13568 kB
Mlocked:               0 kB
SwapTotal:        715328 kB
SwapFree:         709144 kB
Dirty:               172 kB
Writeback:             0 kB
AnonPages:        991388 kB
Mapped:           571960 kB
Shmem:               440 kB
Slab:              98304 kB
SReclaimable:      31372 kB
SUnreclaim:        66932 kB
KernelStack:       38256 kB
PageTables:        50336 kB
NFS_Unstable:          0 kB
Bounce:                0 kB
WritebackTmp:          0 kB
CommitLimit:     2152132 kB
Committed_AS:   120215016 kB
VmallocTotal:   251658176 kB
VmallocUsed:      134448 kB
VmallocChunk:   251427372 kB
Time pass: 115 sec

---2015-12-05 14:07:44
MemTotal:        2873608 kB
MemFree:          192476 kB
Buffers:           13640 kB
Cached:           919636 kB
SwapCached:            4 kB
Active:          1252468 kB
Inactive:         660784 kB
Active(anon):     776216 kB
Inactive(anon):   217820 kB
Active(file):     476252 kB
Inactive(file):   442964 kB
Unevictable:       13568 kB
Mlocked:               0 kB
SwapTotal:        715328 kB
SwapFree:         709144 kB
Dirty:               320 kB
Writeback:             0 kB
AnonPages:        993480 kB
Mapped:           581924 kB
Shmem:               440 kB
Slab:              98268 kB
SReclaimable:      31388 kB
SUnreclaim:        66880 kB
KernelStack:       38288 kB
PageTables:        50432 kB
NFS_Unstable:          0 kB
Bounce:                0 kB
WritebackTmp:          0 kB
CommitLimit:     2152132 kB
Committed_AS:   120215144 kB
VmallocTotal:   251658176 kB
VmallocUsed:      134556 kB
VmallocChunk:   251427372 kB
Time pass: 119 sec

---2015-12-05 14:07:44
MemTotal:        2873608 kB
MemFree:          161028 kB
Buffers:           13656 kB
Cached:           919652 kB
SwapCached:            4 kB
Active:          1269604 kB
Inactive:         660844 kB
Active(anon):     793336 kB
Inactive(anon):   217820 kB
Active(file):     476268 kB
Inactive(file):   443024 kB
Unevictable:       13568 kB
Mlocked:               0 kB
SwapTotal:        715328 kB
SwapFree:         709144 kB
Dirty:               596 kB
Writeback:             0 kB
AnonPages:       1010700 kB
Mapped:           586292 kB
Shmem:               440 kB
Slab:              98416 kB
SReclaimable:      31388 kB
SUnreclaim:        67028 kB
KernelStack:       38304 kB
PageTables:        50440 kB
NFS_Unstable:          0 kB
Bounce:                0 kB
WritebackTmp:          0 kB
CommitLimit:     2152132 kB
Committed_AS:   120215568 kB
VmallocTotal:   251658176 kB
VmallocUsed:      134636 kB
VmallocChunk:   251427372 kB
Time pass: 123 sec

---2015-12-05 14:07:44
MemTotal:        2873608 kB
MemFree:          158396 kB
Buffers:           13664 kB
Cached:           919660 kB
SwapCached:            4 kB
Active:          1260004 kB
Inactive:         660856 kB
Active(anon):     783728 kB
Inactive(anon):   217820 kB
Active(file):     476276 kB
Inactive(file):   443036 kB
Unevictable:       13568 kB
Mlocked:               0 kB
SwapTotal:        715328 kB
SwapFree:         709144 kB
Dirty:                 0 kB
Writeback:             0 kB
AnonPages:       1001116 kB
Mapped:           596088 kB
Shmem:               440 kB
Slab:              98364 kB
SReclaimable:      31388 kB
SUnreclaim:        66976 kB
KernelStack:       38320 kB
PageTables:        50420 kB
NFS_Unstable:          0 kB
Bounce:                0 kB
WritebackTmp:          0 kB
CommitLimit:     2152132 kB
Committed_AS:   120215920 kB
VmallocTotal:   251658176 kB
VmallocUsed:      134728 kB
VmallocChunk:   251427372 kB
Time pass: 126 sec

---2015-12-05 14:07:44
MemTotal:        2873608 kB
MemFree:          151472 kB
Buffers:           15240 kB
Cached:           919656 kB
SwapCached:            4 kB
Active:          1265828 kB
Inactive:         662296 kB
Active(anon):     789424 kB
Inactive(anon):   217820 kB
Active(file):     476404 kB
Inactive(file):   444476 kB
Unevictable:       13568 kB
Mlocked:               0 kB
SwapTotal:        715328 kB
SwapFree:         709144 kB
Dirty:               220 kB
Writeback:             0 kB
AnonPages:       1006820 kB
Mapped:           602804 kB
Shmem:               440 kB
Slab:              98324 kB
SReclaimable:      31388 kB
SUnreclaim:        66936 kB
KernelStack:       38448 kB
PageTables:        50560 kB
NFS_Unstable:          0 kB
Bounce:                0 kB
WritebackTmp:          0 kB
CommitLimit:     2152132 kB
Committed_AS:   120762884 kB
VmallocTotal:   251658176 kB
VmallocUsed:      134728 kB
VmallocChunk:   251427372 kB
Time pass: 130 sec

---2015-12-05 14:07:44
MemTotal:        2873608 kB
MemFree:          150948 kB
Buffers:           15256 kB
Cached:           919656 kB
SwapCached:            4 kB
Active:          1265420 kB
Inactive:         662312 kB
Active(anon):     789008 kB
Inactive(anon):   217820 kB
Active(file):     476412 kB
Inactive(file):   444492 kB
Unevictable:       13568 kB
Mlocked:               0 kB
SwapTotal:        715328 kB
SwapFree:         709144 kB
Dirty:                40 kB
Writeback:             0 kB
AnonPages:       1006204 kB
Mapped:           602860 kB
Shmem:               440 kB
Slab:              98284 kB
SReclaimable:      31388 kB
SUnreclaim:        66896 kB
KernelStack:       38448 kB
PageTables:        50588 kB
NFS_Unstable:          0 kB
Bounce:                0 kB
WritebackTmp:          0 kB
CommitLimit:     2152132 kB
Committed_AS:   120762964 kB
VmallocTotal:   251658176 kB
VmallocUsed:      134728 kB
VmallocChunk:   251427372 kB
Time pass: 134 sec

---2015-12-05 14:07:44
MemTotal:        2873608 kB
MemFree:          143812 kB
Buffers:           15280 kB
Cached:           919856 kB
SwapCached:            4 kB
Active:          1270252 kB
Inactive:         661532 kB
Active(anon):     792840 kB
Inactive(anon):   218000 kB
Active(file):     477412 kB
Inactive(file):   443532 kB
Unevictable:       13568 kB
Mlocked:               0 kB
SwapTotal:        715328 kB
SwapFree:         709144 kB
Dirty:                76 kB
Writeback:             0 kB
AnonPages:       1010040 kB
Mapped:           605512 kB
Shmem:               624 kB
Slab:              98348 kB
SReclaimable:      31388 kB
SUnreclaim:        66960 kB
KernelStack:       38656 kB
PageTables:        50392 kB
NFS_Unstable:          0 kB
Bounce:                0 kB
WritebackTmp:          0 kB
CommitLimit:     2152132 kB
Committed_AS:   119012012 kB
VmallocTotal:   251658176 kB
VmallocUsed:      136140 kB
VmallocChunk:   251427372 kB
Time pass: 138 sec

---2015-12-05 14:07:44
MemTotal:        2873608 kB
MemFree:          140580 kB
Buffers:           15304 kB
Cached:           919980 kB
SwapCached:            4 kB
Active:          1274992 kB
Inactive:         661588 kB
Active(anon):     797488 kB
Inactive(anon):   218120 kB
Active(file):     477504 kB
Inactive(file):   443468 kB
Unevictable:       13568 kB
Mlocked:               0 kB
SwapTotal:        715328 kB
SwapFree:         709144 kB
Dirty:                92 kB
Writeback:             0 kB
AnonPages:       1014988 kB
Mapped:           605840 kB
Shmem:               744 kB
Slab:              98232 kB
SReclaimable:      31388 kB
SUnreclaim:        66844 kB
KernelStack:       38640 kB
PageTables:        50344 kB
NFS_Unstable:          0 kB
Bounce:                0 kB
WritebackTmp:          0 kB
CommitLimit:     2152132 kB
Committed_AS:   119020300 kB
VmallocTotal:   251658176 kB
VmallocUsed:      136140 kB
VmallocChunk:   251427372 kB
Time pass: 141 sec

---2015-12-05 14:07:44
MemTotal:        2873608 kB
MemFree:          139960 kB
Buffers:           15304 kB
Cached:           920008 kB
SwapCached:            4 kB
Active:          1275388 kB
Inactive:         661612 kB
Active(anon):     797880 kB
Inactive(anon):   218136 kB
Active(file):     477508 kB
Inactive(file):   443476 kB
Unevictable:       13568 kB
Mlocked:               0 kB
SwapTotal:        715328 kB
SwapFree:         709144 kB
Dirty:                 8 kB
Writeback:             0 kB
AnonPages:       1015336 kB
Mapped:           605868 kB
Shmem:               760 kB
Slab:              98280 kB
SReclaimable:      31388 kB
SUnreclaim:        66892 kB
KernelStack:       38640 kB
PageTables:        50296 kB
NFS_Unstable:          0 kB
Bounce:                0 kB
WritebackTmp:          0 kB
CommitLimit:     2152132 kB
Committed_AS:   119020256 kB
VmallocTotal:   251658176 kB
VmallocUsed:      136140 kB
VmallocChunk:   251427372 kB
Time pass: 145 sec

---2015-12-05 14:07:44
MemTotal:        2873608 kB
MemFree:          140320 kB
Buffers:           15312 kB
Cached:           920012 kB
SwapCached:            4 kB
Active:          1275944 kB
Inactive:         661624 kB
Active(anon):     798436 kB
Inactive(anon):   218140 kB
Active(file):     477508 kB
Inactive(file):   443484 kB
Unevictable:       13568 kB
Mlocked:               0 kB
SwapTotal:        715328 kB
SwapFree:         709144 kB
Dirty:                48 kB
Writeback:             0 kB
AnonPages:       1015736 kB
Mapped:           605872 kB
Shmem:               764 kB
Slab:              98228 kB
SReclaimable:      31388 kB
SUnreclaim:        66840 kB
KernelStack:       38688 kB
PageTables:        50360 kB
NFS_Unstable:          0 kB
Bounce:                0 kB
WritebackTmp:          0 kB
CommitLimit:     2152132 kB
Committed_AS:   119020304 kB
VmallocTotal:   251658176 kB
VmallocUsed:      136140 kB
VmallocChunk:   251427372 kB
Time pass: 149 sec

---2015-12-05 14:07:44
MemTotal:        2873608 kB
MemFree:          132928 kB
Buffers:           15328 kB
Cached:           919688 kB
SwapCached:            4 kB
Active:          1284100 kB
Inactive:         661128 kB
Active(anon):     806404 kB
Inactive(anon):   217816 kB
Active(file):     477696 kB
Inactive(file):   443312 kB
Unevictable:       13568 kB
Mlocked:               0 kB
SwapTotal:        715328 kB
SwapFree:         709144 kB
Dirty:                 8 kB
Writeback:             0 kB
AnonPages:       1024456 kB
Mapped:           606988 kB
Shmem:               440 kB
Slab:              98228 kB
SReclaimable:      31388 kB
SUnreclaim:        66840 kB
KernelStack:       38448 kB
PageTables:        50188 kB
NFS_Unstable:          0 kB
Bounce:                0 kB
WritebackTmp:          0 kB
CommitLimit:     2152132 kB
Committed_AS:   119032628 kB
VmallocTotal:   251658176 kB
VmallocUsed:      136140 kB
VmallocChunk:   251427372 kB
Time pass: 153 sec

---2015-12-05 14:07:44
MemTotal:        2873608 kB
MemFree:          130704 kB
Buffers:           15360 kB
Cached:           919672 kB
SwapCached:            4 kB
Active:          1286204 kB
Inactive:         661140 kB
Active(anon):     808504 kB
Inactive(anon):   217816 kB
Active(file):     477700 kB
Inactive(file):   443324 kB
Unevictable:       13568 kB
Mlocked:               0 kB
SwapTotal:        715328 kB
SwapFree:         709144 kB
Dirty:                72 kB
Writeback:             0 kB
AnonPages:       1025856 kB
Mapped:           607036 kB
Shmem:               440 kB
Slab:              98228 kB
SReclaimable:      31388 kB
SUnreclaim:        66840 kB
KernelStack:       38448 kB
PageTables:        50176 kB
NFS_Unstable:          0 kB
Bounce:                0 kB
WritebackTmp:          0 kB
CommitLimit:     2152132 kB
Committed_AS:   119032748 kB
VmallocTotal:   251658176 kB
VmallocUsed:      136140 kB
VmallocChunk:   251427372 kB
Time pass: 157 sec

---2015-12-05 14:07:44
MemTotal:        2873608 kB
MemFree:          126752 kB
Buffers:           15360 kB
Cached:           919920 kB
SwapCached:            4 kB
Active:          1288808 kB
Inactive:         661380 kB
Active(anon):     811108 kB
Inactive(anon):   218036 kB
Active(file):     477700 kB
Inactive(file):   443344 kB
Unevictable:       13568 kB
Mlocked:               0 kB
SwapTotal:        715328 kB
SwapFree:         709144 kB
Dirty:                 4 kB
Writeback:             0 kB
AnonPages:       1028312 kB
Mapped:           607580 kB
Shmem:               668 kB
Slab:              98228 kB
SReclaimable:      31388 kB
SUnreclaim:        66840 kB
KernelStack:       38656 kB
PageTables:        50432 kB
NFS_Unstable:          0 kB
Bounce:                0 kB
WritebackTmp:          0 kB
CommitLimit:     2152132 kB
Committed_AS:   119032760 kB
VmallocTotal:   251658176 kB
VmallocUsed:      136140 kB
VmallocChunk:   251427372 kB
Time pass: 161 sec

---2015-12-05 14:07:44
MemTotal:        2873608 kB
MemFree:          125348 kB
Buffers:           15368 kB
Cached:           919976 kB
SwapCached:            4 kB
Active:          1290136 kB
Inactive:         661444 kB
Active(anon):     812432 kB
Inactive(anon):   218096 kB
Active(file):     477704 kB
Inactive(file):   443348 kB
Unevictable:       13568 kB
Mlocked:               0 kB
SwapTotal:        715328 kB
SwapFree:         709144 kB
Dirty:               104 kB
Writeback:             0 kB
AnonPages:       1029700 kB
Mapped:           607512 kB
Shmem:               724 kB
Slab:              98252 kB
SReclaimable:      31404 kB
SUnreclaim:        66848 kB
KernelStack:       38656 kB
PageTables:        50368 kB
NFS_Unstable:          0 kB
Bounce:                0 kB
WritebackTmp:          0 kB
CommitLimit:     2152132 kB
Committed_AS:   119032736 kB
VmallocTotal:   251658176 kB
VmallocUsed:      136140 kB
VmallocChunk:   251427372 kB
Time pass: 165 sec

---2015-12-05 14:07:44
MemTotal:        2873608 kB
MemFree:          124916 kB
Buffers:           15376 kB
Cached:           920004 kB
SwapCached:            4 kB
Active:          1290308 kB
Inactive:         661480 kB
Active(anon):     812604 kB
Inactive(anon):   218112 kB
Active(file):     477704 kB
Inactive(file):   443368 kB
Unevictable:       13568 kB
Mlocked:               0 kB
SwapTotal:        715328 kB
SwapFree:         709144 kB
Dirty:                20 kB
Writeback:             0 kB
AnonPages:       1029848 kB
Mapped:           607556 kB
Shmem:               740 kB
Slab:              98252 kB
SReclaimable:      31404 kB
SUnreclaim:        66848 kB
KernelStack:       38560 kB
PageTables:        50384 kB
NFS_Unstable:          0 kB
Bounce:                0 kB
WritebackTmp:          0 kB
CommitLimit:     2152132 kB
Committed_AS:   119032568 kB
VmallocTotal:   251658176 kB
VmallocUsed:      136140 kB
VmallocChunk:   251427372 kB
Time pass: 168 sec

---2015-12-05 14:07:44
MemTotal:        2873608 kB
MemFree:          135736 kB
Buffers:           15376 kB
Cached:           919796 kB
SwapCached:            4 kB
Active:          1281040 kB
Inactive:         661344 kB
Active(anon):     803336 kB
Inactive(anon):   217976 kB
Active(file):     477704 kB
Inactive(file):   443368 kB
Unevictable:       13568 kB
Mlocked:               0 kB
SwapTotal:        715328 kB
SwapFree:         709144 kB
Dirty:                20 kB
Writeback:             0 kB
AnonPages:       1020500 kB
Mapped:           607140 kB
Shmem:               532 kB
Slab:              98268 kB
SReclaimable:      31404 kB
SUnreclaim:        66864 kB
KernelStack:       38480 kB
PageTables:        50372 kB
NFS_Unstable:          0 kB
Bounce:                0 kB
WritebackTmp:          0 kB
CommitLimit:     2152132 kB
Committed_AS:   119005044 kB
VmallocTotal:   251658176 kB
VmallocUsed:      136140 kB
VmallocChunk:   251427372 kB
Time pass: 172 sec

---2015-12-05 14:07:44
MemTotal:        2873608 kB
MemFree:          136272 kB
Buffers:           15384 kB
Cached:           919704 kB
SwapCached:            4 kB
Active:          1280716 kB
Inactive:         661176 kB
Active(anon):     803008 kB
Inactive(anon):   217812 kB
Active(file):     477708 kB
Inactive(file):   443364 kB
Unevictable:       13568 kB
Mlocked:               0 kB
SwapTotal:        715328 kB
SwapFree:         709144 kB
Dirty:                12 kB
Writeback:             0 kB
AnonPages:       1020416 kB
Mapped:           607160 kB
Shmem:               440 kB
Slab:              98244 kB
SReclaimable:      31404 kB
SUnreclaim:        66840 kB
KernelStack:       38144 kB
PageTables:        50172 kB
NFS_Unstable:          0 kB
Bounce:                0 kB
WritebackTmp:          0 kB
CommitLimit:     2152132 kB
Committed_AS:   119004876 kB
VmallocTotal:   251658176 kB
VmallocUsed:      136124 kB
VmallocChunk:   251427372 kB
Time pass: 176 sec

---2015-12-05 14:07:44
MemTotal:        2873608 kB
MemFree:          135712 kB
Buffers:           15384 kB
Cached:           919704 kB
SwapCached:            4 kB
Active:          1280800 kB
Inactive:         661184 kB
Active(anon):     803092 kB
Inactive(anon):   217812 kB
Active(file):     477708 kB
Inactive(file):   443372 kB
Unevictable:       13568 kB
Mlocked:               0 kB
SwapTotal:        715328 kB
SwapFree:         709144 kB
Dirty:                 0 kB
Writeback:             0 kB
AnonPages:       1020568 kB
Mapped:           607120 kB
Shmem:               440 kB
Slab:              98240 kB
SReclaimable:      31404 kB
SUnreclaim:        66836 kB
KernelStack:       38144 kB
PageTables:        50140 kB
NFS_Unstable:          0 kB
Bounce:                0 kB
WritebackTmp:          0 kB
CommitLimit:     2152132 kB
Committed_AS:   119004868 kB
VmallocTotal:   251658176 kB
VmallocUsed:      136124 kB
VmallocChunk:   251427372 kB
Time pass: 180 sec

---2015-12-05 14:07:44
MemTotal:        2873608 kB
MemFree:          136204 kB
Buffers:           15384 kB
Cached:           919704 kB
SwapCached:            4 kB
Active:          1280936 kB
Inactive:         661184 kB
Active(anon):     803228 kB
Inactive(anon):   217812 kB
Active(file):     477708 kB
Inactive(file):   443372 kB
Unevictable:       13568 kB
Mlocked:               0 kB
SwapTotal:        715328 kB
SwapFree:         709144 kB
Dirty:                 0 kB
Writeback:             0 kB
AnonPages:       1020696 kB
Mapped:           607120 kB
Shmem:               440 kB
Slab:              98240 kB
SReclaimable:      31404 kB
SUnreclaim:        66836 kB
KernelStack:       38144 kB
PageTables:        50128 kB
NFS_Unstable:          0 kB
Bounce:                0 kB
WritebackTmp:          0 kB
CommitLimit:     2152132 kB
Committed_AS:   119004868 kB
VmallocTotal:   251658176 kB
VmallocUsed:      136124 kB
VmallocChunk:   251427372 kB
Time pass: 183 sec

---2015-12-05 14:07:44
MemTotal:        2873608 kB
MemFree:          125020 kB
Buffers:           15400 kB
Cached:           919700 kB
SwapCached:            4 kB
Active:          1288928 kB
Inactive:         661188 kB
Active(anon):     811212 kB
Inactive(anon):   217812 kB
Active(file):     477716 kB
Inactive(file):   443376 kB
Unevictable:       13568 kB
Mlocked:               0 kB
SwapTotal:        715328 kB
SwapFree:         709144 kB
Dirty:                16 kB
Writeback:            16 kB
AnonPages:       1028764 kB
Mapped:           610288 kB
Shmem:               440 kB
Slab:              98268 kB
SReclaimable:      31404 kB
SUnreclaim:        66864 kB
KernelStack:       38240 kB
PageTables:        50144 kB
NFS_Unstable:          0 kB
Bounce:                0 kB
WritebackTmp:          0 kB
CommitLimit:     2152132 kB
Committed_AS:   119009100 kB
VmallocTotal:   251658176 kB
VmallocUsed:      133740 kB
VmallocChunk:   251427372 kB
Time pass: 187 sec

---2015-12-05 14:07:44
MemTotal:        2873608 kB
MemFree:          125576 kB
Buffers:           15416 kB
Cached:           920060 kB
SwapCached:            4 kB
Active:          1290676 kB
Inactive:         661564 kB
Active(anon):     812964 kB
Inactive(anon):   218156 kB
Active(file):     477712 kB
Inactive(file):   443408 kB
Unevictable:       13568 kB
Mlocked:               0 kB
SwapTotal:        715328 kB
SwapFree:         709144 kB
Dirty:                56 kB
Writeback:             0 kB
AnonPages:       1030240 kB
Mapped:           607720 kB
Shmem:               788 kB
Slab:              98260 kB
SReclaimable:      31404 kB
SUnreclaim:        66856 kB
KernelStack:       38528 kB
PageTables:        50352 kB
NFS_Unstable:          0 kB
Bounce:                0 kB
WritebackTmp:          0 kB
CommitLimit:     2152132 kB
Committed_AS:   119036624 kB
VmallocTotal:   251658176 kB
VmallocUsed:      136140 kB
VmallocChunk:   251427372 kB
Time pass: 191 sec

---2015-12-05 14:07:44
MemTotal:        2873608 kB
MemFree:          123452 kB
Buffers:           15432 kB
Cached:           920152 kB
SwapCached:            4 kB
Active:          1291332 kB
Inactive:         661668 kB
Active(anon):     813616 kB
Inactive(anon):   218248 kB
Active(file):     477716 kB
Inactive(file):   443420 kB
Unevictable:       13568 kB
Mlocked:               0 kB
SwapTotal:        715328 kB
SwapFree:         709144 kB
Dirty:                72 kB
Writeback:             0 kB
AnonPages:       1030884 kB
Mapped:           607880 kB
Shmem:               880 kB
Slab:              98264 kB
SReclaimable:      31404 kB
SUnreclaim:        66860 kB
KernelStack:       38528 kB
PageTables:        50456 kB
NFS_Unstable:          0 kB
Bounce:                0 kB
WritebackTmp:          0 kB
CommitLimit:     2152132 kB
Committed_AS:   119036660 kB
VmallocTotal:   251658176 kB
VmallocUsed:      136140 kB
VmallocChunk:   251427372 kB
Time pass: 195 sec

---2015-12-05 14:07:44
MemTotal:        2873608 kB
MemFree:          122392 kB
Buffers:           15440 kB
Cached:           920192 kB
SwapCached:            4 kB
Active:          1291644 kB
Inactive:         661716 kB
Active(anon):     813928 kB
Inactive(anon):   218288 kB
Active(file):     477716 kB
Inactive(file):   443428 kB
Unevictable:       13568 kB
Mlocked:               0 kB
SwapTotal:        715328 kB
SwapFree:         709144 kB
Dirty:                40 kB
Writeback:             0 kB
AnonPages:       1031272 kB
Mapped:           608008 kB
Shmem:               920 kB
Slab:              98264 kB
SReclaimable:      31404 kB
SUnreclaim:        66860 kB
KernelStack:       38528 kB
PageTables:        50516 kB
NFS_Unstable:          0 kB
Bounce:                0 kB
WritebackTmp:          0 kB
CommitLimit:     2152132 kB
Committed_AS:   119036712 kB
VmallocTotal:   251658176 kB
VmallocUsed:      136140 kB
VmallocChunk:   251427372 kB
Time pass: 198 sec

---2015-12-05 14:07:44
MemTotal:        2873608 kB
MemFree:          117032 kB
Buffers:           15464 kB
Cached:           920416 kB
SwapCached:            4 kB
Active:          1297980 kB
Inactive:         661964 kB
Active(anon):     820264 kB
Inactive(anon):   218520 kB
Active(file):     477716 kB
Inactive(file):   443444 kB
Unevictable:       13568 kB
Mlocked:               0 kB
SwapTotal:        715328 kB
SwapFree:         709144 kB
Dirty:                 0 kB
Writeback:             0 kB
AnonPages:       1037736 kB
Mapped:           608380 kB
Shmem:              1152 kB
Slab:              98328 kB
SReclaimable:      31404 kB
SUnreclaim:        66924 kB
KernelStack:       38592 kB
PageTables:        50496 kB
NFS_Unstable:          0 kB
Bounce:                0 kB
WritebackTmp:          0 kB
CommitLimit:     2152132 kB
Committed_AS:   119044920 kB
VmallocTotal:   251658176 kB
VmallocUsed:      136140 kB
VmallocChunk:   251427372 kB
Time pass: 202 sec

---2015-12-05 14:07:44
MemTotal:        2873608 kB
MemFree:          117340 kB
Buffers:           15472 kB
Cached:           919868 kB
SwapCached:            4 kB
Active:          1297696 kB
Inactive:         661420 kB
Active(anon):     819976 kB
Inactive(anon):   217960 kB
Active(file):     477720 kB
Inactive(file):   443460 kB
Unevictable:       13568 kB
Mlocked:               0 kB
SwapTotal:        715328 kB
SwapFree:         709144 kB
Dirty:                52 kB
Writeback:             0 kB
AnonPages:       1037572 kB
Mapped:           607740 kB
Shmem:               592 kB
Slab:              98268 kB
SReclaimable:      31420 kB
SUnreclaim:        66848 kB
KernelStack:       38560 kB
PageTables:        50332 kB
NFS_Unstable:          0 kB
Bounce:                0 kB
WritebackTmp:          0 kB
CommitLimit:     2152132 kB
Committed_AS:   119053180 kB
VmallocTotal:   251658176 kB
VmallocUsed:      136140 kB
VmallocChunk:   251427372 kB
Time pass: 206 sec

---2015-12-05 14:07:44
MemTotal:        2873608 kB
MemFree:          117320 kB
Buffers:           15496 kB
Cached:           919864 kB
SwapCached:            4 kB
Active:          1297652 kB
Inactive:         661440 kB
Active(anon):     819932 kB
Inactive(anon):   217972 kB
Active(file):     477720 kB
Inactive(file):   443468 kB
Unevictable:       13568 kB
Mlocked:               0 kB
SwapTotal:        715328 kB
SwapFree:         709144 kB
Dirty:                40 kB
Writeback:             0 kB
AnonPages:       1037176 kB
Mapped:           607804 kB
Shmem:               604 kB
Slab:              98300 kB
SReclaimable:      31420 kB
SUnreclaim:        66880 kB
KernelStack:       38560 kB
PageTables:        50328 kB
NFS_Unstable:          0 kB
Bounce:                0 kB
WritebackTmp:          0 kB
CommitLimit:     2152132 kB
Committed_AS:   119053192 kB
VmallocTotal:   251658176 kB
VmallocUsed:      136140 kB
VmallocChunk:   251427372 kB
Time pass: 210 sec

---2015-12-05 14:07:44
MemTotal:        2873608 kB
MemFree:          117820 kB
Buffers:           15496 kB
Cached:           919900 kB
SwapCached:            4 kB
Active:          1297172 kB
Inactive:         661476 kB
Active(anon):     819452 kB
Inactive(anon):   217992 kB
Active(file):     477720 kB
Inactive(file):   443484 kB
Unevictable:       13568 kB
Mlocked:               0 kB
SwapTotal:        715328 kB
SwapFree:         709144 kB
Dirty:                52 kB
Writeback:             0 kB
AnonPages:       1036808 kB
Mapped:           607820 kB
Shmem:               624 kB
Slab:              98264 kB
SReclaimable:      31420 kB
SUnreclaim:        66844 kB
KernelStack:       38560 kB
PageTables:        50332 kB
NFS_Unstable:          0 kB
Bounce:                0 kB
WritebackTmp:          0 kB
CommitLimit:     2152132 kB
Committed_AS:   119053176 kB
VmallocTotal:   251658176 kB
VmallocUsed:      136140 kB
VmallocChunk:   251427372 kB
Time pass: 214 sec

---2015-12-05 14:07:44
MemTotal:        2873608 kB
MemFree:          117844 kB
Buffers:           15504 kB
Cached:           919900 kB
SwapCached:            4 kB
Active:          1297760 kB
Inactive:         661484 kB
Active(anon):     820040 kB
Inactive(anon):   217992 kB
Active(file):     477720 kB
Inactive(file):   443492 kB
Unevictable:       13568 kB
Mlocked:               0 kB
SwapTotal:        715328 kB
SwapFree:         709144 kB
Dirty:                32 kB
Writeback:             0 kB
AnonPages:       1037372 kB
Mapped:           607928 kB
Shmem:               624 kB
Slab:              98280 kB
SReclaimable:      31420 kB
SUnreclaim:        66860 kB
KernelStack:       38544 kB
PageTables:        50364 kB
NFS_Unstable:          0 kB
Bounce:                0 kB
WritebackTmp:          0 kB
CommitLimit:     2152132 kB
Committed_AS:   119053148 kB
VmallocTotal:   251658176 kB
VmallocUsed:      136140 kB
VmallocChunk:   251427372 kB
Time pass: 217 sec

---2015-12-05 14:07:44
MemTotal:        2873608 kB
MemFree:          120220 kB
Buffers:           15512 kB
Cached:           919904 kB
SwapCached:            4 kB
Active:          1294776 kB
Inactive:         661496 kB
Active(anon):     817056 kB
Inactive(anon):   217996 kB
Active(file):     477720 kB
Inactive(file):   443500 kB
Unevictable:       13568 kB
Mlocked:               0 kB
SwapTotal:        715328 kB
SwapFree:         709144 kB
Dirty:                 0 kB
Writeback:             0 kB
AnonPages:       1034580 kB
Mapped:           607876 kB
Shmem:               628 kB
Slab:              98280 kB
SReclaimable:      31436 kB
SUnreclaim:        66844 kB
KernelStack:       38544 kB
PageTables:        50320 kB
NFS_Unstable:          0 kB
Bounce:                0 kB
WritebackTmp:          0 kB
CommitLimit:     2152132 kB
Committed_AS:   119053216 kB
VmallocTotal:   251658176 kB
VmallocUsed:      136140 kB
VmallocChunk:   251427372 kB
Time pass: 221 sec

---2015-12-05 14:07:44
MemTotal:        2873608 kB
MemFree:          125072 kB
Buffers:           15528 kB
Cached:           919896 kB
SwapCached:            4 kB
Active:          1289888 kB
Inactive:         661496 kB
Active(anon):     812168 kB
Inactive(anon):   217996 kB
Active(file):     477720 kB
Inactive(file):   443500 kB
Unevictable:       13568 kB
Mlocked:               0 kB
SwapTotal:        715328 kB
SwapFree:         709144 kB
Dirty:                52 kB
Writeback:             0 kB
AnonPages:       1029552 kB
Mapped:           607864 kB
Shmem:               628 kB
Slab:              98280 kB
SReclaimable:      31436 kB
SUnreclaim:        66844 kB
KernelStack:       38544 kB
PageTables:        50332 kB
NFS_Unstable:          0 kB
Bounce:                0 kB
WritebackTmp:          0 kB
CommitLimit:     2152132 kB
Committed_AS:   119053224 kB
VmallocTotal:   251658176 kB
VmallocUsed:      136140 kB
VmallocChunk:   251427372 kB
Time pass: 225 sec

---2015-12-05 14:07:44
MemTotal:        2873608 kB
MemFree:          124888 kB
Buffers:           15528 kB
Cached:           919904 kB
SwapCached:            4 kB
Active:          1290224 kB
Inactive:         661512 kB
Active(anon):     812504 kB
Inactive(anon):   217996 kB
Active(file):     477720 kB
Inactive(file):   443516 kB
Unevictable:       13568 kB
Mlocked:               0 kB
SwapTotal:        715328 kB
SwapFree:         709144 kB
Dirty:                 0 kB
Writeback:             0 kB
AnonPages:       1029736 kB
Mapped:           607872 kB
Shmem:               628 kB
Slab:              98280 kB
SReclaimable:      31436 kB
SUnreclaim:        66844 kB
KernelStack:       38560 kB
PageTables:        50340 kB
NFS_Unstable:          0 kB
Bounce:                0 kB
WritebackTmp:          0 kB
CommitLimit:     2152132 kB
Committed_AS:   119053200 kB
VmallocTotal:   251658176 kB
VmallocUsed:      136140 kB
VmallocChunk:   251427372 kB
Time pass: 229 sec

---2015-12-05 14:07:44
MemTotal:        2873608 kB
MemFree:          124392 kB
Buffers:           15536 kB
Cached:           919904 kB
SwapCached:            4 kB
Active:          1290188 kB
Inactive:         661520 kB
Active(anon):     812468 kB
Inactive(anon):   217996 kB
Active(file):     477720 kB
Inactive(file):   443524 kB
Unevictable:       13568 kB
Mlocked:               0 kB
SwapTotal:        715328 kB
SwapFree:         709144 kB
Dirty:                28 kB
Writeback:             0 kB
AnonPages:       1029836 kB
Mapped:           607876 kB
Shmem:               628 kB
Slab:              98280 kB
SReclaimable:      31436 kB
SUnreclaim:        66844 kB
KernelStack:       38560 kB
PageTables:        50336 kB
NFS_Unstable:          0 kB
Bounce:                0 kB
WritebackTmp:          0 kB
CommitLimit:     2152132 kB
Committed_AS:   119053200 kB
VmallocTotal:   251658176 kB
VmallocUsed:      136140 kB
VmallocChunk:   251427372 kB
Time pass: 233 sec

---2015-12-05 14:07:44
MemTotal:        2873608 kB
MemFree:          124848 kB
Buffers:           15536 kB
Cached:           919912 kB
SwapCached:            4 kB
Active:          1291016 kB
Inactive:         661528 kB
Active(anon):     813296 kB
Inactive(anon):   218004 kB
Active(file):     477720 kB
Inactive(file):   443524 kB
Unevictable:       13568 kB
Mlocked:               0 kB
SwapTotal:        715328 kB
SwapFree:         709144 kB
Dirty:                 0 kB
Writeback:             0 kB
AnonPages:       1030576 kB
Mapped:           607892 kB
Shmem:               636 kB
Slab:              98280 kB
SReclaimable:      31436 kB
SUnreclaim:        66844 kB
KernelStack:       38560 kB
PageTables:        50336 kB
NFS_Unstable:          0 kB
Bounce:                0 kB
WritebackTmp:          0 kB
CommitLimit:     2152132 kB
Committed_AS:   119053200 kB
VmallocTotal:   251658176 kB
VmallocUsed:      136140 kB
VmallocChunk:   251427372 kB
Time pass: 236 sec

---2015-12-05 14:07:44
MemTotal:        2873608 kB
MemFree:          127812 kB
Buffers:           15568 kB
Cached:           919920 kB
SwapCached:            4 kB
Active:          1287452 kB
Inactive:         661552 kB
Active(anon):     809716 kB
Inactive(anon):   217992 kB
Active(file):     477736 kB
Inactive(file):   443560 kB
Unevictable:       13568 kB
Mlocked:               0 kB
SwapTotal:        715328 kB
SwapFree:         709144 kB
Dirty:                68 kB
Writeback:             0 kB
AnonPages:       1026924 kB
Mapped:           607900 kB
Shmem:               624 kB
Slab:              98280 kB
SReclaimable:      31436 kB
SUnreclaim:        66844 kB
KernelStack:       38608 kB
PageTables:        50412 kB
NFS_Unstable:          0 kB
Bounce:                0 kB
WritebackTmp:          0 kB
CommitLimit:     2152132 kB
Committed_AS:   119057436 kB
VmallocTotal:   251658176 kB
VmallocUsed:      136140 kB
VmallocChunk:   251427372 kB
Time pass: 240 sec

---2015-12-05 14:07:44
MemTotal:        2873608 kB
MemFree:          126168 kB
Buffers:           15584 kB
Cached:           919964 kB
SwapCached:            4 kB
Active:          1288184 kB
Inactive:         661612 kB
Active(anon):     810456 kB
Inactive(anon):   218036 kB
Active(file):     477728 kB
Inactive(file):   443576 kB
Unevictable:       13568 kB
Mlocked:               0 kB
SwapTotal:        715328 kB
SwapFree:         709144 kB
Dirty:                68 kB
Writeback:             0 kB
AnonPages:       1027896 kB
Mapped:           608084 kB
Shmem:               676 kB
Slab:              98348 kB
SReclaimable:      31468 kB
SUnreclaim:        66880 kB
KernelStack:       38592 kB
PageTables:        50476 kB
NFS_Unstable:          0 kB
Bounce:                0 kB
WritebackTmp:          0 kB
CommitLimit:     2152132 kB
Committed_AS:   119057384 kB
VmallocTotal:   251658176 kB
VmallocUsed:      136140 kB
VmallocChunk:   251427372 kB
Time pass: 244 sec

---2015-12-05 14:07:44
MemTotal:        2873608 kB
MemFree:          125564 kB
Buffers:           15592 kB
Cached:           919988 kB
SwapCached:            4 kB
Active:          1288644 kB
Inactive:         661652 kB
Active(anon):     810916 kB
Inactive(anon):   218064 kB
Active(file):     477728 kB
Inactive(file):   443588 kB
Unevictable:       13568 kB
Mlocked:               0 kB
SwapTotal:        715328 kB
SwapFree:         709144 kB
Dirty:                48 kB
Writeback:             0 kB
AnonPages:       1028168 kB
Mapped:           607984 kB
Shmem:               696 kB
Slab:              98312 kB
SReclaimable:      31468 kB
SUnreclaim:        66844 kB
KernelStack:       38576 kB
PageTables:        50420 kB
NFS_Unstable:          0 kB
Bounce:                0 kB
WritebackTmp:          0 kB
CommitLimit:     2152132 kB
Committed_AS:   119057392 kB
VmallocTotal:   251658176 kB
VmallocUsed:      136140 kB
VmallocChunk:   251427372 kB
Time pass: 248 sec

---2015-12-05 14:07:44
MemTotal:        2873608 kB
MemFree:          125604 kB
Buffers:           15592 kB
Cached:           920008 kB
SwapCached:            4 kB
Active:          1288864 kB
Inactive:         661652 kB
Active(anon):     811132 kB
Inactive(anon):   218068 kB
Active(file):     477732 kB
Inactive(file):   443584 kB
Unevictable:       13568 kB
Mlocked:               0 kB
SwapTotal:        715328 kB
SwapFree:         709144 kB
Dirty:                 4 kB
Writeback:            32 kB
AnonPages:       1028404 kB
Mapped:           608012 kB
Shmem:               716 kB
Slab:              98320 kB
SReclaimable:      31468 kB
SUnreclaim:        66852 kB
KernelStack:       38576 kB
PageTables:        50420 kB
NFS_Unstable:          0 kB
Bounce:                0 kB
WritebackTmp:          0 kB
CommitLimit:     2152132 kB
Committed_AS:   119057392 kB
VmallocTotal:   251658176 kB
VmallocUsed:      136140 kB
VmallocChunk:   251427372 kB
Time pass: 252 sec

---2015-12-05 14:07:44
MemTotal:        2873608 kB
MemFree:          125484 kB
Buffers:           15608 kB
Cached:           920008 kB
SwapCached:            4 kB
Active:          1288840 kB
Inactive:         661684 kB
Active(anon):     811108 kB
Inactive(anon):   218084 kB
Active(file):     477732 kB
Inactive(file):   443600 kB
Unevictable:       13568 kB
Mlocked:               0 kB
SwapTotal:        715328 kB
SwapFree:         709144 kB
Dirty:                52 kB
Writeback:             0 kB
AnonPages:       1028644 kB
Mapped:           608024 kB
Shmem:               716 kB
Slab:              98312 kB
SReclaimable:      31468 kB
SUnreclaim:        66844 kB
KernelStack:       38576 kB
PageTables:        50420 kB
NFS_Unstable:          0 kB
Bounce:                0 kB
WritebackTmp:          0 kB
CommitLimit:     2152132 kB
Committed_AS:   119057400 kB
VmallocTotal:   251658176 kB
VmallocUsed:      136140 kB
VmallocChunk:   251427372 kB
Time pass: 255 sec

---2015-12-05 14:07:44
MemTotal:        2873608 kB
MemFree:          124908 kB
Buffers:           15616 kB
Cached:           920008 kB
SwapCached:            4 kB
Active:          1289452 kB
Inactive:         661692 kB
Active(anon):     811720 kB
Inactive(anon):   218084 kB
Active(file):     477732 kB
Inactive(file):   443608 kB
Unevictable:       13568 kB
Mlocked:               0 kB
SwapTotal:        715328 kB
SwapFree:         709144 kB
Dirty:                36 kB
Writeback:             0 kB
AnonPages:       1028968 kB
Mapped:           608028 kB
Shmem:               716 kB
Slab:              98312 kB
SReclaimable:      31468 kB
SUnreclaim:        66844 kB
KernelStack:       38544 kB
PageTables:        50412 kB
NFS_Unstable:          0 kB
Bounce:                0 kB
WritebackTmp:          0 kB
CommitLimit:     2152132 kB
Committed_AS:   119057464 kB
VmallocTotal:   251658176 kB
VmallocUsed:      136140 kB
VmallocChunk:   251427372 kB
Time pass: 259 sec

---2015-12-05 14:07:44
MemTotal:        2873608 kB
MemFree:          124984 kB
Buffers:           15616 kB
Cached:           920292 kB
SwapCached:            4 kB
Active:          1289484 kB
Inactive:         661976 kB
Active(anon):     811752 kB
Inactive(anon):   218364 kB
Active(file):     477732 kB
Inactive(file):   443612 kB
Unevictable:       13568 kB
Mlocked:               0 kB
SwapTotal:        715328 kB
SwapFree:         709144 kB
Dirty:                 4 kB
Writeback:             0 kB
AnonPages:       1029076 kB
Mapped:           608412 kB
Shmem:               996 kB
Slab:              98312 kB
SReclaimable:      31468 kB
SUnreclaim:        66844 kB
KernelStack:       38592 kB
PageTables:        50484 kB
NFS_Unstable:          0 kB
Bounce:                0 kB
WritebackTmp:          0 kB
CommitLimit:     2152132 kB
Committed_AS:   119057488 kB
VmallocTotal:   251658176 kB
VmallocUsed:      136140 kB
VmallocChunk:   251427372 kB
Time pass: 263 sec

---2015-12-05 14:07:44
MemTotal:        2873608 kB
MemFree:          124220 kB
Buffers:           15616 kB
Cached:           920556 kB
SwapCached:            4 kB
Active:          1289688 kB
Inactive:         662236 kB
Active(anon):     811952 kB
Inactive(anon):   218628 kB
Active(file):     477736 kB
Inactive(file):   443608 kB
Unevictable:       13568 kB
Mlocked:               0 kB
SwapTotal:        715328 kB
SwapFree:         709144 kB
Dirty:                 4 kB
Writeback:             0 kB
AnonPages:       1029408 kB
Mapped:           608596 kB
Shmem:              1260 kB
Slab:              98312 kB
SReclaimable:      31468 kB
SUnreclaim:        66844 kB
KernelStack:       38560 kB
PageTables:        50424 kB
NFS_Unstable:          0 kB
Bounce:                0 kB
WritebackTmp:          0 kB
CommitLimit:     2152132 kB
Committed_AS:   119057488 kB
VmallocTotal:   251658176 kB
VmallocUsed:      136140 kB
VmallocChunk:   251427372 kB
Time pass: 267 sec

---2015-12-05 14:07:44
MemTotal:        2873608 kB
MemFree:          124164 kB
Buffers:           15656 kB
Cached:           919892 kB
SwapCached:            4 kB
Active:          1291508 kB
Inactive:         661616 kB
Active(anon):     813772 kB
Inactive(anon):   217968 kB
Active(file):     477736 kB
Inactive(file):   443648 kB
Unevictable:       13568 kB
Mlocked:               0 kB
SwapTotal:        715328 kB
SwapFree:         709144 kB
Dirty:                56 kB
Writeback:             0 kB
AnonPages:       1031024 kB
Mapped:           607944 kB
Shmem:               596 kB
Slab:              98376 kB
SReclaimable:      31468 kB
SUnreclaim:        66908 kB
KernelStack:       38576 kB
PageTables:        50376 kB
NFS_Unstable:          0 kB
Bounce:                0 kB
WritebackTmp:          0 kB
CommitLimit:     2152132 kB
Committed_AS:   119061672 kB
VmallocTotal:   251658176 kB
VmallocUsed:      136140 kB
VmallocChunk:   251427372 kB
Time pass: 271 sec

---2015-12-05 14:07:44
MemTotal:        2873608 kB
MemFree:          123744 kB
Buffers:           15664 kB
Cached:           919888 kB
SwapCached:            4 kB
Active:          1291092 kB
Inactive:         661616 kB
Active(anon):     813356 kB
Inactive(anon):   217968 kB
Active(file):     477736 kB
Inactive(file):   443648 kB
Unevictable:       13568 kB
Mlocked:               0 kB
SwapTotal:        715328 kB
SwapFree:         709144 kB
Dirty:                 0 kB
Writeback:             0 kB
AnonPages:       1030708 kB
Mapped:           608036 kB
Shmem:               600 kB
Slab:              98392 kB
SReclaimable:      31468 kB
SUnreclaim:        66924 kB
KernelStack:       38576 kB
PageTables:        50408 kB
NFS_Unstable:          0 kB
Bounce:                0 kB
WritebackTmp:          0 kB
CommitLimit:     2152132 kB
Committed_AS:   119061664 kB
VmallocTotal:   251658176 kB
VmallocUsed:      136140 kB
VmallocChunk:   251427372 kB
Time pass: 274 sec

---2015-12-05 14:07:44
MemTotal:        2873608 kB
MemFree:          122300 kB
Buffers:           15688 kB
Cached:           919892 kB
SwapCached:            4 kB
Active:          1292748 kB
Inactive:         661644 kB
Active(anon):     815012 kB
Inactive(anon):   217972 kB
Active(file):     477736 kB
Inactive(file):   443672 kB
Unevictable:       13568 kB
Mlocked:               0 kB
SwapTotal:        715328 kB
SwapFree:         709144 kB
Dirty:                52 kB
Writeback:             0 kB
AnonPages:       1032644 kB
Mapped:           607952 kB
Shmem:               604 kB
Slab:              98416 kB
SReclaimable:      31468 kB
SUnreclaim:        66948 kB
KernelStack:       38576 kB
PageTables:        50384 kB
NFS_Unstable:          0 kB
Bounce:                0 kB
WritebackTmp:          0 kB
CommitLimit:     2152132 kB
Committed_AS:   119061760 kB
VmallocTotal:   251658176 kB
VmallocUsed:      136140 kB
VmallocChunk:   251427372 kB
Time pass: 278 sec

---2015-12-05 14:07:44
MemTotal:        2873608 kB
MemFree:          121836 kB
Buffers:           15704 kB
Cached:           919912 kB
SwapCached:            4 kB
Active:          1292836 kB
Inactive:         661680 kB
Active(anon):     815100 kB
Inactive(anon):   217984 kB
Active(file):     477736 kB
Inactive(file):   443696 kB
Unevictable:       13568 kB
Mlocked:               0 kB
SwapTotal:        715328 kB
SwapFree:         709144 kB
Dirty:                 0 kB
Writeback:             0 kB
AnonPages:       1032452 kB
Mapped:           608056 kB
Shmem:               616 kB
Slab:              98416 kB
SReclaimable:      31468 kB
SUnreclaim:        66948 kB
KernelStack:       38592 kB
PageTables:        50448 kB
NFS_Unstable:          0 kB
Bounce:                0 kB
WritebackTmp:          0 kB
CommitLimit:     2152132 kB
Committed_AS:   119061640 kB
VmallocTotal:   251658176 kB
VmallocUsed:      136140 kB
VmallocChunk:   251427372 kB
Time pass: 282 sec

---2015-12-05 14:07:44
MemTotal:        2873608 kB
MemFree:          119464 kB
Buffers:           15712 kB
Cached:           919932 kB
SwapCached:            4 kB
Active:          1295380 kB
Inactive:         661704 kB
Active(anon):     817640 kB
Inactive(anon):   217984 kB
Active(file):     477740 kB
Inactive(file):   443720 kB
Unevictable:       13568 kB
Mlocked:               0 kB
SwapTotal:        715328 kB
SwapFree:         709144 kB
Dirty:                88 kB
Writeback:             0 kB
AnonPages:       1035068 kB
Mapped:           607980 kB
Shmem:               616 kB
Slab:              98424 kB
SReclaimable:      31468 kB
SUnreclaim:        66956 kB
KernelStack:       38576 kB
PageTables:        50380 kB
NFS_Unstable:          0 kB
Bounce:                0 kB
WritebackTmp:          0 kB
CommitLimit:     2152132 kB
Committed_AS:   119061776 kB
VmallocTotal:   251658176 kB
VmallocUsed:      136140 kB
VmallocChunk:   251427372 kB
Time pass: 286 sec

---2015-12-05 14:07:44
MemTotal:        2873608 kB
MemFree:          118504 kB
Buffers:           15736 kB
Cached:           919932 kB
SwapCached:            4 kB
Active:          1295568 kB
Inactive:         661728 kB
Active(anon):     817828 kB
Inactive(anon):   217984 kB
Active(file):     477740 kB
Inactive(file):   443744 kB
Unevictable:       13568 kB
Mlocked:               0 kB
SwapTotal:        715328 kB
SwapFree:         709144 kB
Dirty:                68 kB
Writeback:             0 kB
AnonPages:       1035136 kB
Mapped:           608004 kB
Shmem:               616 kB
Slab:              98392 kB
SReclaimable:      31468 kB
SUnreclaim:        66924 kB
KernelStack:       38560 kB
PageTables:        50408 kB
NFS_Unstable:          0 kB
Bounce:                0 kB
WritebackTmp:          0 kB
CommitLimit:     2152132 kB
Committed_AS:   119061632 kB
VmallocTotal:   251658176 kB
VmallocUsed:      136140 kB
VmallocChunk:   251427372 kB
Time pass: 290 sec

---2015-12-05 14:07:44
MemTotal:        2873608 kB
MemFree:          120128 kB
Buffers:           15736 kB
Cached:           919932 kB
SwapCached:            4 kB
Active:          1294668 kB
Inactive:         661728 kB
Active(anon):     816928 kB
Inactive(anon):   217984 kB
Active(file):     477740 kB
Inactive(file):   443744 kB
Unevictable:       13568 kB
Mlocked:               0 kB
SwapTotal:        715328 kB
SwapFree:         709144 kB
Dirty:                68 kB
Writeback:             0 kB
AnonPages:       1034196 kB
Mapped:           608076 kB
Shmem:               616 kB
Slab:              98396 kB
SReclaimable:      31468 kB
SUnreclaim:        66928 kB
KernelStack:       38560 kB
PageTables:        50412 kB
NFS_Unstable:          0 kB
Bounce:                0 kB
WritebackTmp:          0 kB
CommitLimit:     2152132 kB
Committed_AS:   119061640 kB
VmallocTotal:   251658176 kB
VmallocUsed:      136140 kB
VmallocChunk:   251427372 kB
Time pass: 293 sec

---2015-12-05 14:07:44
MemTotal:        2873608 kB
MemFree:          119660 kB
Buffers:           15744 kB
Cached:           919932 kB
SwapCached:            4 kB
Active:          1295424 kB
Inactive:         661736 kB
Active(anon):     817684 kB
Inactive(anon):   217984 kB
Active(file):     477740 kB
Inactive(file):   443752 kB
Unevictable:       13568 kB
Mlocked:               0 kB
SwapTotal:        715328 kB
SwapFree:         709144 kB
Dirty:                32 kB
Writeback:             0 kB
AnonPages:       1034916 kB
Mapped:           608000 kB
Shmem:               616 kB
Slab:              98404 kB
SReclaimable:      31468 kB
SUnreclaim:        66936 kB
KernelStack:       38560 kB
PageTables:        50380 kB
NFS_Unstable:          0 kB
Bounce:                0 kB
WritebackTmp:          0 kB
CommitLimit:     2152132 kB
Committed_AS:   119061632 kB
VmallocTotal:   251658176 kB
VmallocUsed:      136140 kB
VmallocChunk:   251427372 kB
Time pass: 297 sec

---2015-12-05 14:07:44
MemTotal:        2873608 kB
MemFree:          119472 kB
Buffers:           15760 kB
Cached:           919916 kB
SwapCached:            4 kB
Active:          1295784 kB
Inactive:         661736 kB
Active(anon):     818044 kB
Inactive(anon):   217984 kB
Active(file):     477740 kB
Inactive(file):   443752 kB
Unevictable:       13568 kB
Mlocked:               0 kB
SwapTotal:        715328 kB
SwapFree:         709144 kB
Dirty:                 0 kB
Writeback:             0 kB
AnonPages:       1035620 kB
Mapped:           608008 kB
Shmem:               616 kB
Slab:              98396 kB
SReclaimable:      31468 kB
SUnreclaim:        66928 kB
KernelStack:       38560 kB
PageTables:        50380 kB
NFS_Unstable:          0 kB
Bounce:                0 kB
WritebackTmp:          0 kB
CommitLimit:     2152132 kB
Committed_AS:   119061640 kB
VmallocTotal:   251658176 kB
VmallocUsed:      136140 kB
VmallocChunk:   251427372 kB
Time pass: 301 sec

---2015-12-05 14:07:44
MemTotal:        2873608 kB
MemFree:          117988 kB
Buffers:           15760 kB
Cached:           919960 kB
SwapCached:            4 kB
Active:          1296636 kB
Inactive:         661780 kB
Active(anon):     818896 kB
Inactive(anon):   218012 kB
Active(file):     477740 kB
Inactive(file):   443768 kB
Unevictable:       13568 kB
Mlocked:               0 kB
SwapTotal:        715328 kB
SwapFree:         709144 kB
Dirty:                40 kB
Writeback:             0 kB
AnonPages:       1036384 kB
Mapped:           608044 kB
Shmem:               644 kB
Slab:              98408 kB
SReclaimable:      31468 kB
SUnreclaim:        66940 kB
KernelStack:       38560 kB
PageTables:        50380 kB
NFS_Unstable:          0 kB
Bounce:                0 kB
WritebackTmp:          0 kB
CommitLimit:     2152132 kB
Committed_AS:   119061640 kB
VmallocTotal:   251658176 kB
VmallocUsed:      136140 kB
VmallocChunk:   251427372 kB
Time pass: 305 sec

---2015-12-05 14:07:44
MemTotal:        2873608 kB
MemFree:          117768 kB
Buffers:           15768 kB
Cached:           919960 kB
SwapCached:            4 kB
Active:          1296848 kB
Inactive:         661788 kB
Active(anon):     819108 kB
Inactive(anon):   218012 kB
Active(file):     477740 kB
Inactive(file):   443776 kB
Unevictable:       13568 kB
Mlocked:               0 kB
SwapTotal:        715328 kB
SwapFree:         709144 kB
Dirty:                28 kB
Writeback:             0 kB
AnonPages:       1036868 kB
Mapped:           608136 kB
Shmem:               644 kB
Slab:              98404 kB
SReclaimable:      31468 kB
SUnreclaim:        66936 kB
KernelStack:       38560 kB
PageTables:        50412 kB
NFS_Unstable:          0 kB
Bounce:                0 kB
WritebackTmp:          0 kB
CommitLimit:     2152132 kB
Committed_AS:   119061640 kB
VmallocTotal:   251658176 kB
VmallocUsed:      136140 kB
VmallocChunk:   251427372 kB
Time pass: 309 sec

---2015-12-05 14:07:44
MemTotal:        2873608 kB
MemFree:          116656 kB
Buffers:           15800 kB
Cached:           919948 kB
SwapCached:            4 kB
Active:          1297520 kB
Inactive:         661808 kB
Active(anon):     819780 kB
Inactive(anon):   218016 kB
Active(file):     477740 kB
Inactive(file):   443792 kB
Unevictable:       13568 kB
Mlocked:               0 kB
SwapTotal:        715328 kB
SwapFree:         709144 kB
Dirty:                40 kB
Writeback:             0 kB
AnonPages:       1037432 kB
Mapped:           608152 kB
Shmem:               648 kB
Slab:              98404 kB
SReclaimable:      31468 kB
SUnreclaim:        66936 kB
KernelStack:       38592 kB
PageTables:        50416 kB
NFS_Unstable:          0 kB
Bounce:                0 kB
WritebackTmp:          0 kB
CommitLimit:     2152132 kB
Committed_AS:   119061704 kB
VmallocTotal:   251658176 kB
VmallocUsed:      136140 kB
VmallocChunk:   251427372 kB
Time pass: 312 sec

---2015-12-05 14:07:44
MemTotal:        2873608 kB
MemFree:          116896 kB
Buffers:           15800 kB
Cached:           919968 kB
SwapCached:            4 kB
Active:          1297548 kB
Inactive:         661828 kB
Active(anon):     819808 kB
Inactive(anon):   218020 kB
Active(file):     477740 kB
Inactive(file):   443808 kB
Unevictable:       13568 kB
Mlocked:               0 kB
SwapTotal:        715328 kB
SwapFree:         709144 kB
Dirty:                60 kB
Writeback:             0 kB
AnonPages:       1037200 kB
Mapped:           608076 kB
Shmem:               652 kB
Slab:              98420 kB
SReclaimable:      31468 kB
SUnreclaim:        66952 kB
KernelStack:       38512 kB
PageTables:        50376 kB
NFS_Unstable:          0 kB
Bounce:                0 kB
WritebackTmp:          0 kB
CommitLimit:     2152132 kB
Committed_AS:   119061720 kB
VmallocTotal:   251658176 kB
VmallocUsed:      136140 kB
VmallocChunk:   251427372 kB
Time pass: 316 sec

---2015-12-05 14:07:44
MemTotal:        2873608 kB
MemFree:          116352 kB
Buffers:           15808 kB
Cached:           919968 kB
SwapCached:            4 kB
Active:          1298200 kB
Inactive:         661836 kB
Active(anon):     820460 kB
Inactive(anon):   218020 kB
Active(file):     477740 kB
Inactive(file):   443816 kB
Unevictable:       13568 kB
Mlocked:               0 kB
SwapTotal:        715328 kB
SwapFree:         709144 kB
Dirty:                32 kB
Writeback:             0 kB
AnonPages:       1037764 kB
Mapped:           608164 kB
Shmem:               652 kB
Slab:              98408 kB
SReclaimable:      31468 kB
SUnreclaim:        66940 kB
KernelStack:       38544 kB
PageTables:        50404 kB
NFS_Unstable:          0 kB
Bounce:                0 kB
WritebackTmp:          0 kB
CommitLimit:     2152132 kB
Committed_AS:   119061696 kB
VmallocTotal:   251658176 kB
VmallocUsed:      136140 kB
VmallocChunk:   251427372 kB
Time pass: 320 sec

---2015-12-05 14:07:44
MemTotal:        2873608 kB
MemFree:          116092 kB
Buffers:           15808 kB
Cached:           919968 kB
SwapCached:            4 kB
Active:          1298128 kB
Inactive:         661836 kB
Active(anon):     820388 kB
Inactive(anon):   218020 kB
Active(file):     477740 kB
Inactive(file):   443816 kB
Unevictable:       13568 kB
Mlocked:               0 kB
SwapTotal:        715328 kB
SwapFree:         709144 kB
Dirty:                 0 kB
Writeback:             0 kB
AnonPages:       1037620 kB
Mapped:           608156 kB
Shmem:               652 kB
Slab:              98392 kB
SReclaimable:      31468 kB
SUnreclaim:        66924 kB
KernelStack:       38560 kB
PageTables:        50380 kB
NFS_Unstable:          0 kB
Bounce:                0 kB
WritebackTmp:          0 kB
CommitLimit:     2152132 kB
Committed_AS:   119061688 kB
VmallocTotal:   251658176 kB
VmallocUsed:      136140 kB
VmallocChunk:   251427372 kB
Time pass: 324 sec

---2015-12-05 14:07:44
MemTotal:        2873608 kB
MemFree:          115400 kB
Buffers:           15824 kB
Cached:           919976 kB
SwapCached:            4 kB
Active:          1298672 kB
Inactive:         661860 kB
Active(anon):     820932 kB
Inactive(anon):   218028 kB
Active(file):     477740 kB
Inactive(file):   443832 kB
Unevictable:       13568 kB
Mlocked:               0 kB
SwapTotal:        715328 kB
SwapFree:         709144 kB
Dirty:                44 kB
Writeback:             0 kB
AnonPages:       1038204 kB
Mapped:           608172 kB
Shmem:               660 kB
Slab:              98392 kB
SReclaimable:      31468 kB
SUnreclaim:        66924 kB
KernelStack:       38560 kB
PageTables:        50376 kB
NFS_Unstable:          0 kB
Bounce:                0 kB
WritebackTmp:          0 kB
CommitLimit:     2152132 kB
Committed_AS:   119061712 kB
VmallocTotal:   251658176 kB
VmallocUsed:      136140 kB
VmallocChunk:   251427372 kB
Time pass: 328 sec

---2015-12-05 14:07:44
MemTotal:        2873608 kB
MemFree:          115476 kB
Buffers:           15832 kB
Cached:           919980 kB
SwapCached:            4 kB
Active:          1298496 kB
Inactive:         661872 kB
Active(anon):     820756 kB
Inactive(anon):   218032 kB
Active(file):     477740 kB
Inactive(file):   443840 kB
Unevictable:       13568 kB
Mlocked:               0 kB
SwapTotal:        715328 kB
SwapFree:         709144 kB
Dirty:                32 kB
Writeback:             0 kB
AnonPages:       1037968 kB
Mapped:           608268 kB
Shmem:               664 kB
Slab:              98392 kB
SReclaimable:      31468 kB
SUnreclaim:        66924 kB
KernelStack:       38560 kB
PageTables:        50408 kB
NFS_Unstable:          0 kB
Bounce:                0 kB
WritebackTmp:          0 kB
CommitLimit:     2152132 kB
Committed_AS:   119061712 kB
VmallocTotal:   251658176 kB
VmallocUsed:      136140 kB
VmallocChunk:   251427372 kB
Time pass: 332 sec

---2015-12-05 14:07:44
MemTotal:        2873608 kB
MemFree:          115992 kB
Buffers:           15832 kB
Cached:           920008 kB
SwapCached:            4 kB
Active:          1298664 kB
Inactive:         661900 kB
Active(anon):     820924 kB
Inactive(anon):   218060 kB
Active(file):     477740 kB
Inactive(file):   443840 kB
Unevictable:       13568 kB
Mlocked:               0 kB
SwapTotal:        715328 kB
SwapFree:         709144 kB
Dirty:                32 kB
Writeback:             0 kB
AnonPages:       1038292 kB
Mapped:           608304 kB
Shmem:               692 kB
Slab:              98392 kB
SReclaimable:      31468 kB
SUnreclaim:        66924 kB
KernelStack:       38544 kB
PageTables:        50412 kB
NFS_Unstable:          0 kB
Bounce:                0 kB
WritebackTmp:          0 kB
CommitLimit:     2152132 kB
Committed_AS:   119061688 kB
VmallocTotal:   251658176 kB
VmallocUsed:      136140 kB
VmallocChunk:   251427372 kB
Time pass: 335 sec

---2015-12-05 14:07:44
MemTotal:        2873608 kB
MemFree:          112976 kB
Buffers:           15848 kB
Cached:           920120 kB
SwapCached:            4 kB
Active:          1300932 kB
Inactive:         662032 kB
Active(anon):     823196 kB
Inactive(anon):   218060 kB
Active(file):     477736 kB
Inactive(file):   443972 kB
Unevictable:       13568 kB
Mlocked:               0 kB
SwapTotal:        715328 kB
SwapFree:         709144 kB
Dirty:                40 kB
Writeback:             0 kB
AnonPages:       1040616 kB
Mapped:           608388 kB
Shmem:               692 kB
Slab:              98392 kB
SReclaimable:      31468 kB
SUnreclaim:        66924 kB
KernelStack:       38496 kB
PageTables:        50392 kB
NFS_Unstable:          0 kB
Bounce:                0 kB
WritebackTmp:          0 kB
CommitLimit:     2152132 kB
Committed_AS:   119061608 kB
VmallocTotal:   251658176 kB
VmallocUsed:      136140 kB
VmallocChunk:   251427372 kB
Time pass: 339 sec

---2015-12-05 14:07:44
MemTotal:        2873608 kB
MemFree:          113644 kB
Buffers:           15856 kB
Cached:           920112 kB
SwapCached:            4 kB
Active:          1300968 kB
Inactive:         662032 kB
Active(anon):     823232 kB
Inactive(anon):   218060 kB
Active(file):     477736 kB
Inactive(file):   443972 kB
Unevictable:       13568 kB
Mlocked:               0 kB
SwapTotal:        715328 kB
SwapFree:         709144 kB
Dirty:                 0 kB
Writeback:             0 kB
AnonPages:       1040608 kB
Mapped:           608388 kB
Shmem:               692 kB
Slab:              98388 kB
SReclaimable:      31468 kB
SUnreclaim:        66920 kB
KernelStack:       38528 kB
PageTables:        50416 kB
NFS_Unstable:          0 kB
Bounce:                0 kB
WritebackTmp:          0 kB
CommitLimit:     2152132 kB
Committed_AS:   119065720 kB
VmallocTotal:   251658176 kB
VmallocUsed:      136140 kB
VmallocChunk:   251427372 kB
Time pass: 343 sec

---2015-12-05 14:07:44
MemTotal:        2873608 kB
MemFree:          113548 kB
Buffers:           15856 kB
Cached:           920180 kB
SwapCached:            4 kB
Active:          1300884 kB
Inactive:         662100 kB
Active(anon):     823148 kB
Inactive(anon):   218060 kB
Active(file):     477736 kB
Inactive(file):   444040 kB
Unevictable:       13568 kB
Mlocked:               0 kB
SwapTotal:        715328 kB
SwapFree:         709144 kB
Dirty:                60 kB
Writeback:             0 kB
AnonPages:       1040508 kB
Mapped:           608400 kB
Shmem:               692 kB
Slab:              98392 kB
SReclaimable:      31468 kB
SUnreclaim:        66924 kB
KernelStack:       38528 kB
PageTables:        50416 kB
NFS_Unstable:          0 kB
Bounce:                0 kB
WritebackTmp:          0 kB
CommitLimit:     2152132 kB
Committed_AS:   119065736 kB
VmallocTotal:   251658176 kB
VmallocUsed:      136140 kB
VmallocChunk:   251427372 kB
Time pass: 347 sec

---2015-12-05 14:07:44
MemTotal:        2873608 kB
MemFree:          113188 kB
Buffers:           15872 kB
Cached:           920184 kB
SwapCached:            4 kB
Active:          1301396 kB
Inactive:         662120 kB
Active(anon):     823660 kB
Inactive(anon):   218064 kB
Active(file):     477736 kB
Inactive(file):   444056 kB
Unevictable:       13568 kB
Mlocked:               0 kB
SwapTotal:        715328 kB
SwapFree:         709144 kB
Dirty:                44 kB
Writeback:             0 kB
AnonPages:       1040944 kB
Mapped:           608324 kB
Shmem:               696 kB
Slab:              98400 kB
SReclaimable:      31468 kB
SUnreclaim:        66932 kB
KernelStack:       38528 kB
PageTables:        50384 kB
NFS_Unstable:          0 kB
Bounce:                0 kB
WritebackTmp:          0 kB
CommitLimit:     2152132 kB
Committed_AS:   119065728 kB
VmallocTotal:   251658176 kB
VmallocUsed:      136140 kB
VmallocChunk:   251427372 kB
Time pass: 351 sec

---2015-12-05 14:07:44
MemTotal:        2873608 kB
MemFree:          112496 kB
Buffers:           15880 kB
Cached:           920184 kB
SwapCached:            4 kB
Active:          1301784 kB
Inactive:         662120 kB
Active(anon):     824048 kB
Inactive(anon):   218064 kB
Active(file):     477736 kB
Inactive(file):   444056 kB
Unevictable:       13568 kB
Mlocked:               0 kB
SwapTotal:        715328 kB
SwapFree:         709144 kB
Dirty:                44 kB
Writeback:             0 kB
AnonPages:       1041308 kB
Mapped:           608420 kB
Shmem:               696 kB
Slab:              98388 kB
SReclaimable:      31468 kB
SUnreclaim:        66920 kB
KernelStack:       38528 kB
PageTables:        50420 kB
NFS_Unstable:          0 kB
Bounce:                0 kB
WritebackTmp:          0 kB
CommitLimit:     2152132 kB
Committed_AS:   119065776 kB
VmallocTotal:   251658176 kB
VmallocUsed:      136140 kB
VmallocChunk:   251427372 kB
Time pass: 355 sec

---2015-12-05 14:07:44
MemTotal:        2873608 kB
MemFree:          112424 kB
Buffers:           15880 kB
Cached:           920184 kB
SwapCached:            4 kB
Active:          1302044 kB
Inactive:         662124 kB
Active(anon):     824308 kB
Inactive(anon):   218060 kB
Active(file):     477736 kB
Inactive(file):   444064 kB
Unevictable:       13568 kB
Mlocked:               0 kB
SwapTotal:        715328 kB
SwapFree:         709144 kB
Dirty:                44 kB
Writeback:             0 kB
AnonPages:       1041572 kB
Mapped:           608424 kB
Shmem:               696 kB
Slab:              98388 kB
SReclaimable:      31468 kB
SUnreclaim:        66920 kB
KernelStack:       38528 kB
PageTables:        50416 kB
NFS_Unstable:          0 kB
Bounce:                0 kB
WritebackTmp:          0 kB
CommitLimit:     2152132 kB
Committed_AS:   119065736 kB
VmallocTotal:   251658176 kB
VmallocUsed:      136140 kB
VmallocChunk:   251427372 kB
Time pass: 358 sec

---2015-12-05 14:07:44
MemTotal:        2873608 kB
MemFree:          111028 kB
Buffers:           15896 kB
Cached:           920188 kB
SwapCached:            4 kB
Active:          1302500 kB
Inactive:         662144 kB
Active(anon):     824764 kB
Inactive(anon):   218064 kB
Active(file):     477736 kB
Inactive(file):   444080 kB
Unevictable:       13568 kB
Mlocked:               0 kB
SwapTotal:        715328 kB
SwapFree:         709144 kB
Dirty:                44 kB
Writeback:             0 kB
AnonPages:       1042000 kB
Mapped:           608436 kB
Shmem:               700 kB
Slab:              98404 kB
SReclaimable:      31468 kB
SUnreclaim:        66936 kB
KernelStack:       38528 kB
PageTables:        50416 kB
NFS_Unstable:          0 kB
Bounce:                0 kB
WritebackTmp:          0 kB
CommitLimit:     2152132 kB
Committed_AS:   119065744 kB
VmallocTotal:   251658176 kB
VmallocUsed:      136140 kB
VmallocChunk:   251427372 kB
Time pass: 362 sec

---2015-12-05 14:07:44
MemTotal:        2873608 kB
MemFree:          111724 kB
Buffers:           15896 kB
Cached:           920192 kB
SwapCached:            4 kB
Active:          1302368 kB
Inactive:         662148 kB
Active(anon):     824632 kB
Inactive(anon):   218064 kB
Active(file):     477736 kB
Inactive(file):   444084 kB
Unevictable:       13568 kB
Mlocked:               0 kB
SwapTotal:        715328 kB
SwapFree:         709144 kB
Dirty:                52 kB
Writeback:             0 kB
AnonPages:       1041984 kB
Mapped:           608448 kB
Shmem:               700 kB
Slab:              98388 kB
SReclaimable:      31468 kB
SUnreclaim:        66920 kB
KernelStack:       38528 kB
PageTables:        50424 kB
NFS_Unstable:          0 kB
Bounce:                0 kB
WritebackTmp:          0 kB
CommitLimit:     2152132 kB
Committed_AS:   119065716 kB
VmallocTotal:   251658176 kB
VmallocUsed:      136140 kB
VmallocChunk:   251427372 kB
Time pass: 366 sec

---2015-12-05 14:07:44
MemTotal:        2873608 kB
MemFree:          112264 kB
Buffers:           15904 kB
Cached:           920192 kB
SwapCached:            4 kB
Active:          1302612 kB
Inactive:         662156 kB
Active(anon):     824876 kB
Inactive(anon):   218064 kB
Active(file):     477736 kB
Inactive(file):   444092 kB
Unevictable:       13568 kB
Mlocked:               0 kB
SwapTotal:        715328 kB
SwapFree:         709144 kB
Dirty:                40 kB
Writeback:             0 kB
AnonPages:       1042100 kB
Mapped:           608460 kB
Shmem:               700 kB
Slab:              98388 kB
SReclaimable:      31468 kB
SUnreclaim:        66920 kB
KernelStack:       38528 kB
PageTables:        50420 kB
NFS_Unstable:          0 kB
Bounce:                0 kB
WritebackTmp:          0 kB
CommitLimit:     2152132 kB
Committed_AS:   119065744 kB
VmallocTotal:   251658176 kB
VmallocUsed:      136140 kB
VmallocChunk:   251427372 kB
Time pass: 370 sec

---2015-12-05 14:07:44
MemTotal:        2873608 kB
MemFree:          110496 kB
Buffers:           15936 kB
Cached:           920220 kB
SwapCached:            4 kB
Active:          1303000 kB
Inactive:         662216 kB
Active(anon):     825264 kB
Inactive(anon):   218092 kB
Active(file):     477736 kB
Inactive(file):   444124 kB
Unevictable:       13568 kB
Mlocked:               0 kB
SwapTotal:        715328 kB
SwapFree:         709144 kB
Dirty:                64 kB
Writeback:             0 kB
AnonPages:       1042664 kB
Mapped:           608412 kB
Shmem:               728 kB
Slab:              98428 kB
SReclaimable:      31468 kB
SUnreclaim:        66960 kB
KernelStack:       38528 kB
PageTables:        50396 kB
NFS_Unstable:          0 kB
Bounce:                0 kB
WritebackTmp:          0 kB
CommitLimit:     2152132 kB
Committed_AS:   119065768 kB
VmallocTotal:   251658176 kB
VmallocUsed:      136140 kB
VmallocChunk:   251427372 kB
Time pass: 374 sec

---2015-12-05 14:07:44
MemTotal:        2873608 kB
MemFree:          110540 kB
Buffers:           15936 kB
Cached:           920224 kB
SwapCached:            4 kB
Active:          1303288 kB
Inactive:         662220 kB
Active(anon):     825552 kB
Inactive(anon):   218096 kB
Active(file):     477736 kB
Inactive(file):   444124 kB
Unevictable:       13568 kB
Mlocked:               0 kB
SwapTotal:        715328 kB
SwapFree:         709144 kB
Dirty:                 0 kB
Writeback:             0 kB
AnonPages:       1042976 kB
Mapped:           608508 kB
Shmem:               732 kB
Slab:              98392 kB
SReclaimable:      31468 kB
SUnreclaim:        66924 kB
KernelStack:       38528 kB
PageTables:        50428 kB
NFS_Unstable:          0 kB
Bounce:                0 kB
WritebackTmp:          0 kB
CommitLimit:     2152132 kB
Committed_AS:   119065800 kB
VmallocTotal:   251658176 kB
VmallocUsed:      136140 kB
VmallocChunk:   251427372 kB
Time pass: 377 sec

---2015-12-05 14:07:44
MemTotal:        2873608 kB
MemFree:          110648 kB
Buffers:           15944 kB
Cached:           920224 kB
SwapCached:            4 kB
Active:          1303500 kB
Inactive:         662228 kB
Active(anon):     825764 kB
Inactive(anon):   218096 kB
Active(file):     477736 kB
Inactive(file):   444132 kB
Unevictable:       13568 kB
Mlocked:               0 kB
SwapTotal:        715328 kB
SwapFree:         709144 kB
Dirty:                32 kB
Writeback:             0 kB
AnonPages:       1043144 kB
Mapped:           608576 kB
Shmem:               732 kB
Slab:              98392 kB
SReclaimable:      31468 kB
SUnreclaim:        66924 kB
KernelStack:       38480 kB
PageTables:        50424 kB
NFS_Unstable:          0 kB
Bounce:                0 kB
WritebackTmp:          0 kB
CommitLimit:     2152132 kB
Committed_AS:   119065824 kB
VmallocTotal:   251658176 kB
VmallocUsed:      136140 kB
VmallocChunk:   251427372 kB
Time pass: 381 sec

---2015-12-05 14:07:44
MemTotal:        2873608 kB
MemFree:          109388 kB
Buffers:           15960 kB
Cached:           920208 kB
SwapCached:            4 kB
Active:          1304148 kB
Inactive:         662228 kB
Active(anon):     826412 kB
Inactive(anon):   218096 kB
Active(file):     477736 kB
Inactive(file):   444132 kB
Unevictable:       13568 kB
Mlocked:               0 kB
SwapTotal:        715328 kB
SwapFree:         709144 kB
Dirty:                 0 kB
Writeback:             0 kB
AnonPages:       1043676 kB
Mapped:           608496 kB
Shmem:               732 kB
Slab:              98416 kB
SReclaimable:      31468 kB
SUnreclaim:        66948 kB
KernelStack:       38512 kB
PageTables:        50396 kB
NFS_Unstable:          0 kB
Bounce:                0 kB
WritebackTmp:          0 kB
CommitLimit:     2152132 kB
Committed_AS:   119065824 kB
VmallocTotal:   251658176 kB
VmallocUsed:      136140 kB
VmallocChunk:   251427372 kB
Time pass: 385 sec

---2015-12-05 14:07:44
MemTotal:        2873608 kB
MemFree:          109552 kB
Buffers:           15960 kB
Cached:           920224 kB
SwapCached:            4 kB
Active:          1304164 kB
Inactive:         662244 kB
Active(anon):     826428 kB
Inactive(anon):   218096 kB
Active(file):     477736 kB
Inactive(file):   444148 kB
Unevictable:       13568 kB
Mlocked:               0 kB
SwapTotal:        715328 kB
SwapFree:         709144 kB
Dirty:                40 kB
Writeback:             0 kB
AnonPages:       1044152 kB
Mapped:           608548 kB
Shmem:               732 kB
Slab:              98388 kB
SReclaimable:      31468 kB
SUnreclaim:        66920 kB
KernelStack:       38528 kB
PageTables:        50420 kB
NFS_Unstable:          0 kB
Bounce:                0 kB
WritebackTmp:          0 kB
CommitLimit:     2152132 kB
Committed_AS:   119065816 kB
VmallocTotal:   251658176 kB
VmallocUsed:      136140 kB
VmallocChunk:   251427372 kB
Time pass: 389 sec

---2015-12-05 14:07:44
MemTotal:        2873608 kB
MemFree:          109624 kB
Buffers:           15968 kB
