---2015-12-11 14:29:19
MemTotal:        2895588 kB
MemFree:          130192 kB
Buffers:           18164 kB
Cached:          1665040 kB
SwapCached:            0 kB
Active:           839476 kB
Inactive:        1412084 kB
Active(anon):     511888 kB
Inactive(anon):    60412 kB
Active(file):     327588 kB
Inactive(file):  1351672 kB
Unevictable:        2748 kB
Mlocked:               0 kB
HighTotal:       2306432 kB
HighFree:          37976 kB
LowTotal:         589156 kB
LowFree:           92216 kB
SwapTotal:       1048572 kB
SwapFree:        1048572 kB
Dirty:                 0 kB
Writeback:             0 kB
AnonPages:        571112 kB
Mapped:           354908 kB
Shmem:              1196 kB
Slab:              54616 kB
SReclaimable:      19764 kB
SUnreclaim:        34852 kB
KernelStack:       12320 kB
PageTables:        38376 kB
NFS_Unstable:          0 kB
Bounce:                0 kB
WritebackTmp:          0 kB
CommitLimit:     2496364 kB
Committed_AS:   83592800 kB
VmallocTotal:     385024 kB
VmallocUsed:      152536 kB
VmallocChunk:      67652 kB
Time pass: 3 sec

---2015-12-11 14:29:19
MemTotal:        2895588 kB
MemFree:          129548 kB
Buffers:           18164 kB
Cached:          1665040 kB
SwapCached:            0 kB
Active:           839536 kB
Inactive:        1412084 kB
Active(anon):     511948 kB
Inactive(anon):    60412 kB
Active(file):     327588 kB
Inactive(file):  1351672 kB
Unevictable:        2748 kB
Mlocked:               0 kB
HighTotal:       2306432 kB
HighFree:          37976 kB
LowTotal:         589156 kB
LowFree:           91572 kB
SwapTotal:       1048572 kB
SwapFree:        1048572 kB
Dirty:                 0 kB
Writeback:             0 kB
AnonPages:        571248 kB
Mapped:           354968 kB
Shmem:              1196 kB
Slab:              54616 kB
SReclaimable:      19764 kB
SUnreclaim:        34852 kB
KernelStack:       12320 kB
PageTables:        38396 kB
NFS_Unstable:          0 kB
Bounce:                0 kB
WritebackTmp:          0 kB
CommitLimit:     2496364 kB
Committed_AS:   83592872 kB
VmallocTotal:     385024 kB
VmallocUsed:      152536 kB
VmallocChunk:      67652 kB
Time pass: 7 sec

---2015-12-11 14:29:19
MemTotal:        2895588 kB
MemFree:          128864 kB
Buffers:           18164 kB
Cached:          1665040 kB
SwapCached:            0 kB
Active:           839648 kB
Inactive:        1412084 kB
Active(anon):     512060 kB
Inactive(anon):    60412 kB
Active(file):     327588 kB
Inactive(file):  1351672 kB
Unevictable:        2748 kB
Mlocked:               0 kB
HighTotal:       2306432 kB
HighFree:          37976 kB
LowTotal:         589156 kB
LowFree:           90888 kB
SwapTotal:       1048572 kB
SwapFree:        1048572 kB
Dirty:                 0 kB
Writeback:             0 kB
AnonPages:        571416 kB
Mapped:           355020 kB
Shmem:              1196 kB
Slab:              54616 kB
SReclaimable:      19764 kB
SUnreclaim:        34852 kB
KernelStack:       12320 kB
PageTables:        38416 kB
NFS_Unstable:          0 kB
Bounce:                0 kB
WritebackTmp:          0 kB
CommitLimit:     2496364 kB
Committed_AS:   83593120 kB
VmallocTotal:     385024 kB
VmallocUsed:      152536 kB
VmallocChunk:      67652 kB
Time pass: 10 sec

---2015-12-11 14:29:19
MemTotal:        2895588 kB
MemFree:          128912 kB
Buffers:           18164 kB
Cached:          1665040 kB
SwapCached:            0 kB
Active:           839560 kB
Inactive:        1412024 kB
Active(anon):     511964 kB
Inactive(anon):    60360 kB
Active(file):     327596 kB
Inactive(file):  1351664 kB
Unevictable:        2748 kB
Mlocked:               0 kB
HighTotal:       2306432 kB
HighFree:          37976 kB
LowTotal:         589156 kB
LowFree:           90936 kB
SwapTotal:       1048572 kB
SwapFree:        1048572 kB
Dirty:                 0 kB
Writeback:             0 kB
AnonPages:        571324 kB
Mapped:           354968 kB
Shmem:              1196 kB
Slab:              54616 kB
SReclaimable:      19764 kB
SUnreclaim:        34852 kB
KernelStack:       12320 kB
PageTables:        38396 kB
NFS_Unstable:          0 kB
Bounce:                0 kB
WritebackTmp:          0 kB
CommitLimit:     2496364 kB
Committed_AS:   83593168 kB
VmallocTotal:     385024 kB
VmallocUsed:      152536 kB
VmallocChunk:      67652 kB
Time pass: 14 sec

---2015-12-11 14:29:19
MemTotal:        2895588 kB
MemFree:          128912 kB
Buffers:           18164 kB
Cached:          1665040 kB
SwapCached:            0 kB
Active:           839528 kB
Inactive:        1412024 kB
Active(anon):     511932 kB
Inactive(anon):    60360 kB
Active(file):     327596 kB
Inactive(file):  1351664 kB
Unevictable:        2748 kB
Mlocked:               0 kB
HighTotal:       2306432 kB
HighFree:          37976 kB
LowTotal:         589156 kB
LowFree:           90936 kB
SwapTotal:       1048572 kB
SwapFree:        1048572 kB
Dirty:                 0 kB
Writeback:             0 kB
AnonPages:        571492 kB
Mapped:           355020 kB
Shmem:              1196 kB
Slab:              54616 kB
SReclaimable:      19764 kB
SUnreclaim:        34852 kB
KernelStack:       12320 kB
PageTables:        38416 kB
NFS_Unstable:          0 kB
Bounce:                0 kB
WritebackTmp:          0 kB
CommitLimit:     2496364 kB
Committed_AS:   83593364 kB
VmallocTotal:     385024 kB
VmallocUsed:      152536 kB
VmallocChunk:      67652 kB
Time pass: 17 sec

---2015-12-11 14:29:19
MemTotal:        2895588 kB
MemFree:          127356 kB
Buffers:           18164 kB
Cached:          1665040 kB
SwapCached:            0 kB
Active:           841640 kB
Inactive:        1412024 kB
Active(anon):     514044 kB
Inactive(anon):    60360 kB
Active(file):     327596 kB
Inactive(file):  1351664 kB
Unevictable:        2748 kB
Mlocked:               0 kB
HighTotal:       2306432 kB
HighFree:          37976 kB
LowTotal:         589156 kB
LowFree:           89380 kB
SwapTotal:       1048572 kB
SwapFree:        1048572 kB
Dirty:                 0 kB
Writeback:             0 kB
AnonPages:        573536 kB
Mapped:           355296 kB
Shmem:              1196 kB
Slab:              54616 kB
SReclaimable:      19764 kB
SUnreclaim:        34852 kB
KernelStack:       12336 kB
PageTables:        38456 kB
NFS_Unstable:          0 kB
Bounce:                0 kB
WritebackTmp:          0 kB
CommitLimit:     2496364 kB
Committed_AS:   83604412 kB
VmallocTotal:     385024 kB
VmallocUsed:      152536 kB
VmallocChunk:      67652 kB
Time pass: 21 sec

---2015-12-11 14:29:19
MemTotal:        2895588 kB
MemFree:           75708 kB
Buffers:           12056 kB
Cached:          1496688 kB
SwapCached:            0 kB
Active:           659560 kB
Inactive:        1450268 kB
Active(anon):     298780 kB
Inactive(anon):   306720 kB
Active(file):     360780 kB
Inactive(file):  1143548 kB
Unevictable:        2748 kB
Mlocked:               0 kB
HighTotal:       2306432 kB
HighFree:          44816 kB
LowTotal:         589156 kB
LowFree:           30892 kB
SwapTotal:       1048572 kB
SwapFree:        1048572 kB
Dirty:              1776 kB
Writeback:             0 kB
AnonPages:        604856 kB
Mapped:           378808 kB
Shmem:              1328 kB
Slab:              54796 kB
SReclaimable:      19888 kB
SUnreclaim:        34908 kB
KernelStack:       12976 kB
PageTables:        39596 kB
NFS_Unstable:          0 kB
Bounce:                0 kB
WritebackTmp:          0 kB
CommitLimit:     2496364 kB
Committed_AS:   84933112 kB
VmallocTotal:     385024 kB
VmallocUsed:      154224 kB
VmallocChunk:      67652 kB
Time pass: 25 sec

---2015-12-11 14:29:19
MemTotal:        2895588 kB
MemFree:           86172 kB
Buffers:           11596 kB
Cached:          1471688 kB
SwapCached:            0 kB
Active:           649912 kB
Inactive:        1419836 kB
Active(anon):     287052 kB
Inactive(anon):   303488 kB
Active(file):     362860 kB
Inactive(file):  1116348 kB
Unevictable:        2748 kB
Mlocked:               0 kB
HighTotal:       2306432 kB
HighFree:          52892 kB
LowTotal:         589156 kB
LowFree:           33280 kB
SwapTotal:       1048572 kB
SwapFree:        1048572 kB
Dirty:                 0 kB
Writeback:             0 kB
AnonPages:        589724 kB
Mapped:           379440 kB
Shmem:              1328 kB
Slab:              54788 kB
SReclaimable:      19892 kB
SUnreclaim:        34896 kB
KernelStack:       12992 kB
PageTables:        39468 kB
NFS_Unstable:          0 kB
Bounce:                0 kB
WritebackTmp:          0 kB
CommitLimit:     2496364 kB
Committed_AS:   84930536 kB
VmallocTotal:     385024 kB
VmallocUsed:      154376 kB
VmallocChunk:      67652 kB
Time pass: 29 sec

---2015-12-11 14:29:19
MemTotal:        2895588 kB
MemFree:           87872 kB
Buffers:           11612 kB
Cached:          1471740 kB
SwapCached:            0 kB
Active:           648624 kB
Inactive:        1419816 kB
Active(anon):     285764 kB
Inactive(anon):   303408 kB
Active(file):     362860 kB
Inactive(file):  1116408 kB
Unevictable:        2748 kB
Mlocked:               0 kB
HighTotal:       2306432 kB
HighFree:          53832 kB
LowTotal:         589156 kB
LowFree:           34040 kB
SwapTotal:       1048572 kB
SwapFree:        1048572 kB
Dirty:                 0 kB
Writeback:             0 kB
AnonPages:        588328 kB
Mapped:           379616 kB
Shmem:              1328 kB
Slab:              54776 kB
SReclaimable:      19892 kB
SUnreclaim:        34884 kB
KernelStack:       13008 kB
PageTables:        39504 kB
NFS_Unstable:          0 kB
Bounce:                0 kB
WritebackTmp:          0 kB
CommitLimit:     2496364 kB
Committed_AS:   84930640 kB
VmallocTotal:     385024 kB
VmallocUsed:      154376 kB
VmallocChunk:      67652 kB
Time pass: 32 sec

---2015-12-11 14:29:19
MemTotal:        2895588 kB
MemFree:           86704 kB
Buffers:           11612 kB
Cached:          1471840 kB
SwapCached:            0 kB
Active:           648808 kB
Inactive:        1419920 kB
Active(anon):     285948 kB
Inactive(anon):   303408 kB
Active(file):     362860 kB
Inactive(file):  1116512 kB
Unevictable:        2748 kB
Mlocked:               0 kB
HighTotal:       2306432 kB
HighFree:          53016 kB
LowTotal:         589156 kB
LowFree:           33688 kB
SwapTotal:       1048572 kB
SwapFree:        1048572 kB
Dirty:                 4 kB
Writeback:             0 kB
AnonPages:        588600 kB
Mapped:           379544 kB
Shmem:              1328 kB
Slab:              54796 kB
SReclaimable:      19908 kB
SUnreclaim:        34888 kB
KernelStack:       12984 kB
PageTables:        39488 kB
NFS_Unstable:          0 kB
Bounce:                0 kB
WritebackTmp:          0 kB
CommitLimit:     2496364 kB
Committed_AS:   84930808 kB
VmallocTotal:     385024 kB
VmallocUsed:      154376 kB
VmallocChunk:      67652 kB
Time pass: 36 sec

---2015-12-11 14:29:19
MemTotal:        2895588 kB
MemFree:           88036 kB
Buffers:           11620 kB
Cached:          1471848 kB
SwapCached:            0 kB
Active:           649784 kB
Inactive:        1419460 kB
Active(anon):     286468 kB
Inactive(anon):   303376 kB
Active(file):     363316 kB
Inactive(file):  1116084 kB
Unevictable:        2748 kB
Mlocked:               0 kB
HighTotal:       2306432 kB
HighFree:          54060 kB
LowTotal:         589156 kB
LowFree:           33976 kB
SwapTotal:       1048572 kB
SwapFree:        1048572 kB
Dirty:               812 kB
Writeback:             0 kB
AnonPages:        588940 kB
Mapped:           379552 kB
Shmem:              1328 kB
Slab:              54828 kB
SReclaimable:      19908 kB
SUnreclaim:        34920 kB
KernelStack:       13000 kB
PageTables:        39472 kB
NFS_Unstable:          0 kB
Bounce:                0 kB
WritebackTmp:          0 kB
CommitLimit:     2496364 kB
Committed_AS:   84931028 kB
VmallocTotal:     385024 kB
VmallocUsed:      154380 kB
VmallocChunk:      67652 kB
Time pass: 40 sec

---2015-12-11 14:29:19
MemTotal:        2895588 kB
MemFree:           73140 kB
Buffers:           11356 kB
Cached:          1415424 kB
SwapCached:            0 kB
Active:           674024 kB
Inactive:        1368716 kB
Active(anon):     309312 kB
Inactive(anon):   310948 kB
Active(file):     364712 kB
Inactive(file):  1057768 kB
Unevictable:        2748 kB
Mlocked:               0 kB
HighTotal:       2306432 kB
HighFree:          41556 kB
LowTotal:         589156 kB
LowFree:           31584 kB
SwapTotal:       1048572 kB
SwapFree:        1048572 kB
Dirty:                20 kB
Writeback:             0 kB
AnonPages:        618796 kB
Mapped:           380740 kB
Shmem:              1328 kB
Slab:              54836 kB
SReclaimable:      19912 kB
SUnreclaim:        34924 kB
KernelStack:       13080 kB
PageTables:        39548 kB
NFS_Unstable:          0 kB
Bounce:                0 kB
WritebackTmp:          0 kB
CommitLimit:     2496364 kB
Committed_AS:   84963680 kB
VmallocTotal:     385024 kB
VmallocUsed:      154952 kB
VmallocChunk:      67652 kB
Time pass: 43 sec

---2015-12-11 14:29:19
MemTotal:        2895588 kB
MemFree:           77784 kB
Buffers:           11364 kB
Cached:          1415104 kB
SwapCached:            0 kB
Active:           669388 kB
Inactive:        1368048 kB
Active(anon):     304300 kB
Inactive(anon):   310752 kB
Active(file):     365088 kB
Inactive(file):  1057296 kB
Unevictable:        2748 kB
Mlocked:               0 kB
HighTotal:       2306432 kB
HighFree:          44656 kB
LowTotal:         589156 kB
LowFree:           33128 kB
SwapTotal:       1048572 kB
SwapFree:        1048572 kB
Dirty:                52 kB
Writeback:             0 kB
AnonPages:        613804 kB
Mapped:           381088 kB
Shmem:              1328 kB
Slab:              54872 kB
SReclaimable:      19932 kB
SUnreclaim:        34940 kB
KernelStack:       13168 kB
PageTables:        39652 kB
NFS_Unstable:          0 kB
Bounce:                0 kB
WritebackTmp:          0 kB
CommitLimit:     2496364 kB
Committed_AS:   84952124 kB
VmallocTotal:     385024 kB
VmallocUsed:      154940 kB
VmallocChunk:      67652 kB
Time pass: 47 sec

---2015-12-11 14:29:19
MemTotal:        2895588 kB
MemFree:           74956 kB
Buffers:           11188 kB
Cached:          1376488 kB
SwapCached:            0 kB
Active:           678428 kB
Inactive:        1337688 kB
Active(anon):     312600 kB
Inactive(anon):   320352 kB
Active(file):     365828 kB
Inactive(file):  1017336 kB
Unevictable:        2748 kB
Mlocked:               0 kB
HighTotal:       2306432 kB
HighFree:          41384 kB
LowTotal:         589156 kB
LowFree:           33572 kB
SwapTotal:       1048572 kB
SwapFree:        1048572 kB
Dirty:              1084 kB
Writeback:             0 kB
AnonPages:        631700 kB
Mapped:           384632 kB
Shmem:              1328 kB
Slab:              54916 kB
SReclaimable:      19964 kB
SUnreclaim:        34952 kB
KernelStack:       13256 kB
PageTables:        39672 kB
NFS_Unstable:          0 kB
Bounce:                0 kB
WritebackTmp:          0 kB
CommitLimit:     2496364 kB
Committed_AS:   84961096 kB
VmallocTotal:     385024 kB
VmallocUsed:      155676 kB
VmallocChunk:      67652 kB
Time pass: 50 sec

---2015-12-11 14:29:19
MemTotal:        2895588 kB
MemFree:           93288 kB
Buffers:           11180 kB
Cached:          1362640 kB
SwapCached:            0 kB
Active:           663692 kB
Inactive:        1323628 kB
Active(anon):     297132 kB
Inactive(anon):   320456 kB
Active(file):     366560 kB
Inactive(file):  1003172 kB
Unevictable:        2748 kB
Mlocked:               0 kB
HighTotal:       2306432 kB
HighFree:          56992 kB
LowTotal:         589156 kB
LowFree:           36296 kB
SwapTotal:       1048572 kB
SwapFree:        1048572 kB
Dirty:               516 kB
Writeback:             0 kB
AnonPages:        616880 kB
Mapped:           384904 kB
Shmem:              1328 kB
Slab:              54988 kB
SReclaimable:      19988 kB
SUnreclaim:        35000 kB
KernelStack:       13216 kB
PageTables:        39596 kB
NFS_Unstable:          0 kB
Bounce:                0 kB
WritebackTmp:          0 kB
CommitLimit:     2496364 kB
Committed_AS:   84938004 kB
VmallocTotal:     385024 kB
VmallocUsed:      155692 kB
VmallocChunk:      67652 kB
Time pass: 54 sec

---2015-12-11 14:29:19
MemTotal:        2895588 kB
MemFree:           92876 kB
Buffers:           11188 kB
Cached:          1362996 kB
SwapCached:            0 kB
Active:           664368 kB
Inactive:        1323972 kB
Active(anon):     297808 kB
Inactive(anon):   320456 kB
Active(file):     366560 kB
Inactive(file):  1003516 kB
Unevictable:        2748 kB
Mlocked:               0 kB
HighTotal:       2306432 kB
HighFree:          56744 kB
LowTotal:         589156 kB
LowFree:           36132 kB
SwapTotal:       1048572 kB
SwapFree:        1048572 kB
Dirty:                64 kB
Writeback:             0 kB
AnonPages:        617000 kB
Mapped:           385344 kB
Shmem:              1328 kB
Slab:              54976 kB
SReclaimable:      19988 kB
SUnreclaim:        34988 kB
KernelStack:       13216 kB
PageTables:        39616 kB
NFS_Unstable:          0 kB
Bounce:                0 kB
WritebackTmp:          0 kB
CommitLimit:     2496364 kB
Committed_AS:   84938332 kB
VmallocTotal:     385024 kB
VmallocUsed:      155692 kB
VmallocChunk:      67652 kB
Time pass: 57 sec

---2015-12-11 14:29:19
MemTotal:        2895588 kB
MemFree:           91964 kB
Buffers:           11196 kB
Cached:          1362996 kB
SwapCached:            0 kB
Active:           664480 kB
Inactive:        1323960 kB
Active(anon):     297920 kB
Inactive(anon):   320440 kB
Active(file):     366560 kB
Inactive(file):  1003520 kB
Unevictable:        2748 kB
Mlocked:               0 kB
HighTotal:       2306432 kB
HighFree:          55948 kB
LowTotal:         589156 kB
LowFree:           36016 kB
SwapTotal:       1048572 kB
SwapFree:        1048572 kB
Dirty:                72 kB
Writeback:             0 kB
AnonPages:        617472 kB
Mapped:           385344 kB
Shmem:              1328 kB
Slab:              54984 kB
SReclaimable:      19988 kB
SUnreclaim:        34996 kB
KernelStack:       13216 kB
PageTables:        39616 kB
NFS_Unstable:          0 kB
Bounce:                0 kB
WritebackTmp:          0 kB
CommitLimit:     2496364 kB
Committed_AS:   84938484 kB
VmallocTotal:     385024 kB
VmallocUsed:      155692 kB
VmallocChunk:      67652 kB
Time pass: 61 sec

---2015-12-11 14:29:19
MemTotal:        2895588 kB
MemFree:           81336 kB
Buffers:           11196 kB
Cached:          1363364 kB
SwapCached:            0 kB
Active:           666988 kB
Inactive:        1324328 kB
Active(anon):     300420 kB
Inactive(anon):   320428 kB
Active(file):     366568 kB
Inactive(file):  1003900 kB
Unevictable:        2748 kB
Mlocked:               0 kB
HighTotal:       2306432 kB
HighFree:          45460 kB
LowTotal:         589156 kB
LowFree:           35876 kB
SwapTotal:       1048572 kB
SwapFree:        1048572 kB
Dirty:               372 kB
Writeback:             0 kB
AnonPages:        619932 kB
Mapped:           385340 kB
Shmem:              1328 kB
Slab:              54980 kB
SReclaimable:      19992 kB
SUnreclaim:        34988 kB
KernelStack:       13216 kB
PageTables:        39592 kB
NFS_Unstable:          0 kB
Bounce:                0 kB
WritebackTmp:          0 kB
CommitLimit:     2496364 kB
Committed_AS:   84938636 kB
VmallocTotal:     385024 kB
VmallocUsed:      155692 kB
VmallocChunk:      67652 kB
Time pass: 64 sec

---2015-12-11 14:29:19
MemTotal:        2895588 kB
MemFree:           80352 kB
Buffers:           11204 kB
Cached:          1363368 kB
SwapCached:            0 kB
Active:           666928 kB
Inactive:        1324332 kB
Active(anon):     300360 kB
Inactive(anon):   320428 kB
Active(file):     366568 kB
Inactive(file):  1003904 kB
Unevictable:        2748 kB
Mlocked:               0 kB
HighTotal:       2306432 kB
HighFree:          44540 kB
LowTotal:         589156 kB
LowFree:           35812 kB
SwapTotal:       1048572 kB
SwapFree:        1048572 kB
Dirty:                36 kB
Writeback:             0 kB
AnonPages:        620076 kB
Mapped:           385392 kB
Shmem:              1328 kB
Slab:              54976 kB
SReclaimable:      19992 kB
SUnreclaim:        34984 kB
KernelStack:       13216 kB
PageTables:        39616 kB
NFS_Unstable:          0 kB
Bounce:                0 kB
WritebackTmp:          0 kB
CommitLimit:     2496364 kB
Committed_AS:   84938948 kB
VmallocTotal:     385024 kB
VmallocUsed:      155692 kB
VmallocChunk:      67652 kB
Time pass: 68 sec

---2015-12-11 14:29:19
MemTotal:        2895588 kB
MemFree:           80552 kB
Buffers:           11160 kB
Cached:          1330204 kB
SwapCached:            0 kB
Active:           675192 kB
Inactive:        1290536 kB
Active(anon):     308140 kB
Inactive(anon):   320884 kB
Active(file):     367052 kB
Inactive(file):   969652 kB
Unevictable:        2748 kB
Mlocked:               0 kB
HighTotal:       2306432 kB
HighFree:          42128 kB
LowTotal:         589156 kB
LowFree:           38424 kB
SwapTotal:       1048572 kB
SwapFree:        1048572 kB
Dirty:               596 kB
Writeback:             0 kB
AnonPages:        627832 kB
Mapped:           385348 kB
Shmem:              1328 kB
Slab:              54980 kB
SReclaimable:      20000 kB
SUnreclaim:        34980 kB
KernelStack:       13224 kB
PageTables:        39544 kB
NFS_Unstable:          0 kB
Bounce:                0 kB
WritebackTmp:          0 kB
CommitLimit:     2496364 kB
Committed_AS:   84947780 kB
VmallocTotal:     385024 kB
VmallocUsed:      155660 kB
VmallocChunk:      67652 kB
Time pass: 71 sec

---2015-12-11 14:29:19
MemTotal:        2895588 kB
MemFree:           69924 kB
Buffers:           11160 kB
Cached:          1333972 kB
SwapCached:            0 kB
Active:           682188 kB
Inactive:        1294588 kB
Active(anon):     314984 kB
Inactive(anon):   320840 kB
Active(file):     367204 kB
Inactive(file):   973748 kB
Unevictable:        2748 kB
Mlocked:               0 kB
HighTotal:       2306432 kB
HighFree:          38092 kB
LowTotal:         589156 kB
LowFree:           31832 kB
SwapTotal:       1048572 kB
SwapFree:        1048572 kB
Dirty:               712 kB
Writeback:             0 kB
AnonPages:        634824 kB
Mapped:           388444 kB
Shmem:              1328 kB
Slab:              55004 kB
SReclaimable:      20028 kB
SUnreclaim:        34976 kB
KernelStack:       13248 kB
PageTables:        39616 kB
NFS_Unstable:          0 kB
Bounce:                0 kB
WritebackTmp:          0 kB
CommitLimit:     2496364 kB
Committed_AS:   84954020 kB
VmallocTotal:     385024 kB
VmallocUsed:      155648 kB
VmallocChunk:      67652 kB
Time pass: 75 sec

---2015-12-11 14:29:19
MemTotal:        2895588 kB
MemFree:           70356 kB
Buffers:           11208 kB
Cached:          1321308 kB
SwapCached:            0 kB
Active:           691280 kB
Inactive:        1283972 kB
Active(anon):     323496 kB
Inactive(anon):   323780 kB
Active(file):     367784 kB
Inactive(file):   960192 kB
Unevictable:        2748 kB
Mlocked:               0 kB
HighTotal:       2306432 kB
HighFree:          39072 kB
LowTotal:         589156 kB
LowFree:           31284 kB
SwapTotal:       1048572 kB
SwapFree:        1048572 kB
Dirty:               364 kB
Writeback:             0 kB
AnonPages:        646012 kB
Mapped:           390112 kB
Shmem:              1336 kB
Slab:              54912 kB
SReclaimable:      19816 kB
SUnreclaim:        35096 kB
KernelStack:       13392 kB
PageTables:        39712 kB
NFS_Unstable:          0 kB
Bounce:                0 kB
WritebackTmp:          0 kB
CommitLimit:     2496364 kB
Committed_AS:   84973860 kB
VmallocTotal:     385024 kB
VmallocUsed:      157860 kB
VmallocChunk:      67652 kB
Time pass: 79 sec

---2015-12-11 14:29:19
MemTotal:        2895588 kB
MemFree:           74340 kB
Buffers:           11164 kB
Cached:          1261288 kB
SwapCached:            0 kB
Active:           695168 kB
Inactive:        1223836 kB
Active(anon):     324780 kB
Inactive(anon):   326220 kB
Active(file):     370388 kB
Inactive(file):   897616 kB
Unevictable:        2748 kB
Mlocked:               0 kB
HighTotal:       2306432 kB
HighFree:          41356 kB
LowTotal:         589156 kB
LowFree:           32984 kB
SwapTotal:       1048572 kB
SwapFree:        1048572 kB
Dirty:                 0 kB
Writeback:             0 kB
AnonPages:        649280 kB
Mapped:           390768 kB
Shmem:              2040 kB
Slab:              55056 kB
SReclaimable:      19832 kB
SUnreclaim:        35224 kB
KernelStack:       13432 kB
PageTables:        39808 kB
NFS_Unstable:          0 kB
Bounce:                0 kB
WritebackTmp:          0 kB
CommitLimit:     2496364 kB
Committed_AS:   84982780 kB
VmallocTotal:     385024 kB
VmallocUsed:      157860 kB
VmallocChunk:      67652 kB
Time pass: 82 sec

---2015-12-11 14:29:19
MemTotal:        2895588 kB
MemFree:           73948 kB
Buffers:           11172 kB
Cached:          1261348 kB
SwapCached:            0 kB
Active:           696520 kB
Inactive:        1223224 kB
Active(anon):     325856 kB
Inactive(anon):   326336 kB
Active(file):     370664 kB
Inactive(file):   896888 kB
Unevictable:        2748 kB
Mlocked:               0 kB
HighTotal:       2306432 kB
HighFree:          40936 kB
LowTotal:         589156 kB
LowFree:           33012 kB
SwapTotal:       1048572 kB
SwapFree:        1048572 kB
Dirty:                56 kB
Writeback:             0 kB
AnonPages:        650380 kB
Mapped:           391028 kB
Shmem:              2204 kB
Slab:              55088 kB
SReclaimable:      19832 kB
SUnreclaim:        35256 kB
KernelStack:       13408 kB
PageTables:        39960 kB
NFS_Unstable:          0 kB
Bounce:                0 kB
WritebackTmp:          0 kB
CommitLimit:     2496364 kB
Committed_AS:   84982868 kB
VmallocTotal:     385024 kB
VmallocUsed:      157848 kB
VmallocChunk:      67652 kB
Time pass: 86 sec

---2015-12-11 14:29:19
MemTotal:        2895588 kB
MemFree:           71628 kB
Buffers:           11188 kB
Cached:          1261360 kB
SwapCached:            0 kB
Active:           698176 kB
Inactive:        1223256 kB
Active(anon):     327512 kB
Inactive(anon):   326344 kB
Active(file):     370664 kB
Inactive(file):   896912 kB
Unevictable:        2748 kB
Mlocked:               0 kB
HighTotal:       2306432 kB
HighFree:          38704 kB
LowTotal:         589156 kB
LowFree:           32924 kB
SwapTotal:       1048572 kB
SwapFree:        1048572 kB
Dirty:                68 kB
Writeback:             0 kB
AnonPages:        652168 kB
Mapped:           391040 kB
Shmem:              2216 kB
Slab:              55144 kB
SReclaimable:      19848 kB
SUnreclaim:        35296 kB
KernelStack:       13408 kB
PageTables:        39964 kB
NFS_Unstable:          0 kB
Bounce:                0 kB
WritebackTmp:          0 kB
CommitLimit:     2496364 kB
Committed_AS:   84987260 kB
VmallocTotal:     385024 kB
VmallocUsed:      157848 kB
VmallocChunk:      67652 kB
Time pass: 90 sec

---2015-12-11 14:29:19
MemTotal:        2895588 kB
MemFree:           71596 kB
Buffers:           11188 kB
Cached:          1261408 kB
SwapCached:            0 kB
Active:           698284 kB
Inactive:        1223240 kB
Active(anon):     327620 kB
Inactive(anon):   326328 kB
Active(file):     370664 kB
Inactive(file):   896912 kB
Unevictable:        2748 kB
Mlocked:               0 kB
HighTotal:       2306432 kB
HighFree:          38580 kB
LowTotal:         589156 kB
LowFree:           33016 kB
SwapTotal:       1048572 kB
SwapFree:        1048572 kB
Dirty:                 0 kB
Writeback:             0 kB
AnonPages:        652004 kB
Mapped:           391144 kB
Shmem:              2264 kB
Slab:              55144 kB
SReclaimable:      19848 kB
SUnreclaim:        35296 kB
KernelStack:       13408 kB
PageTables:        39988 kB
NFS_Unstable:          0 kB
Bounce:                0 kB
WritebackTmp:          0 kB
CommitLimit:     2496364 kB
Committed_AS:   84987428 kB
VmallocTotal:     385024 kB
VmallocUsed:      157848 kB
VmallocChunk:      67652 kB
Time pass: 93 sec

---2015-12-11 14:29:19
MemTotal:        2895588 kB
MemFree:           70812 kB
Buffers:           11212 kB
Cached:          1261536 kB
SwapCached:            0 kB
Active:           699376 kB
Inactive:        1223364 kB
Active(anon):     328708 kB
Inactive(anon):   326296 kB
Active(file):     370668 kB
Inactive(file):   897068 kB
Unevictable:        2748 kB
Mlocked:               0 kB
HighTotal:       2306432 kB
HighFree:          39148 kB
LowTotal:         589156 kB
LowFree:           31664 kB
SwapTotal:       1048572 kB
SwapFree:        1048572 kB
Dirty:                40 kB
Writeback:             0 kB
AnonPages:        652992 kB
Mapped:           391092 kB
Shmem:              2264 kB
Slab:              55144 kB
SReclaimable:      19848 kB
SUnreclaim:        35296 kB
KernelStack:       13304 kB
PageTables:        39968 kB
NFS_Unstable:          0 kB
Bounce:                0 kB
WritebackTmp:          0 kB
CommitLimit:     2496364 kB
Committed_AS:   84995748 kB
VmallocTotal:     385024 kB
VmallocUsed:      157848 kB
VmallocChunk:      67652 kB
Time pass: 97 sec

---2015-12-11 14:29:19
MemTotal:        2895588 kB
MemFree:           71156 kB
Buffers:           11212 kB
Cached:          1261568 kB
SwapCached:            0 kB
Active:           698316 kB
Inactive:        1223380 kB
Active(anon):     327664 kB
Inactive(anon):   326296 kB
Active(file):     370652 kB
Inactive(file):   897084 kB
Unevictable:        2748 kB
Mlocked:               0 kB
HighTotal:       2306432 kB
HighFree:          39436 kB
LowTotal:         589156 kB
LowFree:           31720 kB
SwapTotal:       1048572 kB
SwapFree:        1048572 kB
Dirty:                56 kB
Writeback:             0 kB
AnonPages:        652280 kB
Mapped:           391148 kB
Shmem:              2264 kB
Slab:              55144 kB
SReclaimable:      19848 kB
SUnreclaim:        35296 kB
KernelStack:       13296 kB
PageTables:        39988 kB
NFS_Unstable:          0 kB
Bounce:                0 kB
WritebackTmp:          0 kB
CommitLimit:     2496364 kB
Committed_AS:   84995652 kB
VmallocTotal:     385024 kB
VmallocUsed:      157848 kB
VmallocChunk:      67652 kB
Time pass: 101 sec

---2015-12-11 14:29:19
MemTotal:        2895588 kB
MemFree:           70260 kB
Buffers:           11220 kB
Cached:          1261572 kB
SwapCached:            0 kB
Active:           699432 kB
Inactive:        1223424 kB
Active(anon):     328780 kB
Inactive(anon):   326300 kB
Active(file):     370652 kB
Inactive(file):   897124 kB
Unevictable:        2748 kB
Mlocked:               0 kB
HighTotal:       2306432 kB
HighFree:          38580 kB
LowTotal:         589156 kB
LowFree:           31680 kB
SwapTotal:       1048572 kB
SwapFree:        1048572 kB
Dirty:                40 kB
Writeback:             0 kB
AnonPages:        652952 kB
Mapped:           391048 kB
Shmem:              2268 kB
Slab:              55160 kB
SReclaimable:      19848 kB
SUnreclaim:        35312 kB
KernelStack:       13288 kB
PageTables:        39952 kB
NFS_Unstable:          0 kB
Bounce:                0 kB
WritebackTmp:          0 kB
CommitLimit:     2496364 kB
Committed_AS:   84995772 kB
VmallocTotal:     385024 kB
VmallocUsed:      157848 kB
VmallocChunk:      67652 kB
Time pass: 104 sec

---2015-12-11 14:29:19
MemTotal:        2895588 kB
MemFree:           69812 kB
Buffers:           11236 kB
Cached:          1261608 kB
SwapCached:            0 kB
Active:           700220 kB
Inactive:        1223468 kB
Active(anon):     329568 kB
Inactive(anon):   326328 kB
Active(file):     370652 kB
Inactive(file):   897140 kB
Unevictable:        2748 kB
Mlocked:               0 kB
HighTotal:       2306432 kB
HighFree:          38208 kB
LowTotal:         589156 kB
LowFree:           31604 kB
SwapTotal:       1048572 kB
SwapFree:        1048572 kB
Dirty:                52 kB
Writeback:             0 kB
AnonPages:        653472 kB
Mapped:           391136 kB
Shmem:              2304 kB
Slab:              55160 kB
SReclaimable:      19848 kB
SUnreclaim:        35312 kB
KernelStack:       13288 kB
PageTables:        39972 kB
NFS_Unstable:          0 kB
Bounce:                0 kB
WritebackTmp:          0 kB
CommitLimit:     2496364 kB
Committed_AS:   84995932 kB
VmallocTotal:     385024 kB
VmallocUsed:      157848 kB
VmallocChunk:      67652 kB
Time pass: 108 sec

---2015-12-11 14:29:19
MemTotal:        2895588 kB
MemFree:           74704 kB
Buffers:           11172 kB
Cached:          1257060 kB
SwapCached:            0 kB
Active:           697824 kB
Inactive:        1220716 kB
Active(anon):     327148 kB
Inactive(anon):   328276 kB
Active(file):     370676 kB
Inactive(file):   892440 kB
Unevictable:        2748 kB
Mlocked:               0 kB
HighTotal:       2306432 kB
HighFree:          42372 kB
LowTotal:         589156 kB
LowFree:           32332 kB
SwapTotal:       1048572 kB
SwapFree:        1048572 kB
Dirty:                28 kB
Writeback:             0 kB
AnonPages:        653604 kB
Mapped:           391200 kB
Shmem:              2368 kB
Slab:              55168 kB
SReclaimable:      19848 kB
SUnreclaim:        35320 kB
KernelStack:       13256 kB
PageTables:        39960 kB
NFS_Unstable:          0 kB
Bounce:                0 kB
WritebackTmp:          0 kB
CommitLimit:     2496364 kB
Committed_AS:   84996068 kB
VmallocTotal:     385024 kB
VmallocUsed:      157848 kB
VmallocChunk:      67652 kB
Time pass: 111 sec

---2015-12-11 14:29:19
MemTotal:        2895588 kB
MemFree:           75164 kB
Buffers:           11172 kB
Cached:          1257060 kB
SwapCached:            0 kB
Active:           695700 kB
Inactive:        1220720 kB
Active(anon):     325024 kB
Inactive(anon):   328280 kB
Active(file):     370676 kB
Inactive(file):   892440 kB
Unevictable:        2748 kB
Mlocked:               0 kB
HighTotal:       2306432 kB
HighFree:          42692 kB
LowTotal:         589156 kB
LowFree:           32472 kB
SwapTotal:       1048572 kB
SwapFree:        1048572 kB
Dirty:                 0 kB
Writeback:             0 kB
AnonPages:        651796 kB
Mapped:           391200 kB
Shmem:              2368 kB
Slab:              55168 kB
SReclaimable:      19848 kB
SUnreclaim:        35320 kB
KernelStack:       13240 kB
PageTables:        39960 kB
NFS_Unstable:          0 kB
Bounce:                0 kB
WritebackTmp:          0 kB
CommitLimit:     2496364 kB
Committed_AS:   84996116 kB
VmallocTotal:     385024 kB
VmallocUsed:      157848 kB
VmallocChunk:      67652 kB
Time pass: 115 sec

---2015-12-11 14:29:19
MemTotal:        2895588 kB
MemFree:           74556 kB
Buffers:           11172 kB
Cached:          1258896 kB
SwapCached:            0 kB
Active:           697032 kB
Inactive:        1222528 kB
Active(anon):     326356 kB
Inactive(anon):   327712 kB
Active(file):     370676 kB
Inactive(file):   894816 kB
Unevictable:        2748 kB
Mlocked:               0 kB
HighTotal:       2306432 kB
HighFree:          41308 kB
LowTotal:         589156 kB
LowFree:           33248 kB
SwapTotal:       1048572 kB
SwapFree:        1048572 kB
Dirty:                 4 kB
Writeback:             0 kB
AnonPages:        652648 kB
Mapped:           390828 kB
Shmem:              1844 kB
Slab:              55196 kB
SReclaimable:      19848 kB
SUnreclaim:        35348 kB
KernelStack:       13048 kB
PageTables:        39868 kB
NFS_Unstable:          0 kB
Bounce:                0 kB
WritebackTmp:          0 kB
CommitLimit:     2496364 kB
Committed_AS:   87670180 kB
VmallocTotal:     385024 kB
VmallocUsed:      156744 kB
VmallocChunk:      67652 kB
Time pass: 118 sec

---2015-12-11 14:29:19
MemTotal:        2895588 kB
MemFree:          401372 kB
Buffers:           11196 kB
Cached:          1250436 kB
SwapCached:            0 kB
Active:           608288 kB
Inactive:        1213360 kB
Active(anon):     237084 kB
Inactive(anon):   327392 kB
Active(file):     371204 kB
Inactive(file):   885968 kB
Unevictable:        2748 kB
Mlocked:               0 kB
HighTotal:       2306432 kB
HighFree:         326952 kB
LowTotal:         589156 kB
LowFree:           74420 kB
SwapTotal:       1048572 kB
SwapFree:        1048572 kB
Dirty:               404 kB
Writeback:             0 kB
AnonPages:        563156 kB
Mapped:           353304 kB
Shmem:              1712 kB
Slab:              55120 kB
SReclaimable:      19848 kB
SUnreclaim:        35272 kB
KernelStack:       12192 kB
PageTables:        37932 kB
NFS_Unstable:          0 kB
Bounce:                0 kB
WritebackTmp:          0 kB
CommitLimit:     2496364 kB
Committed_AS:   82342608 kB
VmallocTotal:     385024 kB
VmallocUsed:      151760 kB
VmallocChunk:      68676 kB
Time pass: 122 sec

---2015-12-11 14:29:19
MemTotal:        2895588 kB
MemFree:          402424 kB
Buffers:           11204 kB
Cached:          1250384 kB
SwapCached:            0 kB
Active:           607584 kB
Inactive:        1213300 kB
Active(anon):     236380 kB
Inactive(anon):   327376 kB
Active(file):     371204 kB
Inactive(file):   885924 kB
Unevictable:        2748 kB
Mlocked:               0 kB
HighTotal:       2306432 kB
HighFree:         327748 kB
LowTotal:         589156 kB
LowFree:           74676 kB
SwapTotal:       1048572 kB
SwapFree:        1048572 kB
Dirty:               420 kB
Writeback:             0 kB
AnonPages:        562304 kB
Mapped:           353304 kB
Shmem:              1712 kB
Slab:              55112 kB
SReclaimable:      19848 kB
SUnreclaim:        35264 kB
KernelStack:       12192 kB
PageTables:        37924 kB
NFS_Unstable:          0 kB
Bounce:                0 kB
WritebackTmp:          0 kB
CommitLimit:     2496364 kB
Committed_AS:   82340768 kB
VmallocTotal:     385024 kB
VmallocUsed:      151760 kB
VmallocChunk:      68676 kB
Time pass: 126 sec

---2015-12-11 14:29:19
MemTotal:        2895588 kB
MemFree:          403128 kB
Buffers:           11212 kB
Cached:          1250428 kB
SwapCached:            0 kB
Active:           605940 kB
Inactive:        1213320 kB
Active(anon):     234736 kB
Inactive(anon):   327344 kB
Active(file):     371204 kB
Inactive(file):   885976 kB
Unevictable:        2748 kB
Mlocked:               0 kB
HighTotal:       2306432 kB
HighFree:         328688 kB
LowTotal:         589156 kB
LowFree:           74440 kB
SwapTotal:       1048572 kB
SwapFree:        1048572 kB
Dirty:                 0 kB
Writeback:             0 kB
AnonPages:        560796 kB
Mapped:           353356 kB
Shmem:              1712 kB
Slab:              55112 kB
SReclaimable:      19848 kB
SUnreclaim:        35264 kB
KernelStack:       12184 kB
PageTables:        37944 kB
NFS_Unstable:          0 kB
Bounce:                0 kB
WritebackTmp:          0 kB
CommitLimit:     2496364 kB
Committed_AS:   82341048 kB
VmallocTotal:     385024 kB
VmallocUsed:      151760 kB
VmallocChunk:      68676 kB
Time pass: 129 sec

---2015-12-11 14:29:19
MemTotal:        2895588 kB
MemFree:          403600 kB
Buffers:           11212 kB
Cached:          1250436 kB
SwapCached:            0 kB
Active:           605988 kB
Inactive:        1213328 kB
Active(anon):     234784 kB
Inactive(anon):   327344 kB
Active(file):     371204 kB
Inactive(file):   885984 kB
Unevictable:        2748 kB
Mlocked:               0 kB
HighTotal:       2306432 kB
HighFree:         329112 kB
LowTotal:         589156 kB
LowFree:           74488 kB
SwapTotal:       1048572 kB
SwapFree:        1048572 kB
Dirty:                68 kB
Writeback:             0 kB
AnonPages:        560444 kB
Mapped:           353304 kB
Shmem:              1712 kB
Slab:              55112 kB
SReclaimable:      19848 kB
SUnreclaim:        35264 kB
KernelStack:       12184 kB
PageTables:        37924 kB
NFS_Unstable:          0 kB
Bounce:                0 kB
WritebackTmp:          0 kB
CommitLimit:     2496364 kB
Committed_AS:   82341176 kB
VmallocTotal:     385024 kB
VmallocUsed:      151760 kB
VmallocChunk:      68676 kB
Time pass: 133 sec

---2015-12-11 14:29:19
MemTotal:        2895588 kB
MemFree:          403316 kB
Buffers:           11212 kB
Cached:          1250436 kB
SwapCached:            0 kB
Active:           605916 kB
Inactive:        1213324 kB
Active(anon):     234712 kB
Inactive(anon):   327340 kB
Active(file):     371204 kB
Inactive(file):   885984 kB
Unevictable:        2748 kB
Mlocked:               0 kB
HighTotal:       2306432 kB
HighFree:         328812 kB
LowTotal:         589156 kB
LowFree:           74504 kB
SwapTotal:       1048572 kB
SwapFree:        1048572 kB
Dirty:                 0 kB
Writeback:             0 kB
AnonPages:        560704 kB
Mapped:           353356 kB
Shmem:              1712 kB
Slab:              55100 kB
SReclaimable:      19848 kB
SUnreclaim:        35252 kB
KernelStack:       12184 kB
PageTables:        37944 kB
NFS_Unstable:          0 kB
Bounce:                0 kB
WritebackTmp:          0 kB
CommitLimit:     2496364 kB
Committed_AS:   82341136 kB
VmallocTotal:     385024 kB
VmallocUsed:      151760 kB
VmallocChunk:      68676 kB
Time pass: 136 sec

---2015-12-11 14:29:19
MemTotal:        2895588 kB
MemFree:          403192 kB
Buffers:           11212 kB
Cached:          1250436 kB
SwapCached:            0 kB
Active:           606124 kB
Inactive:        1213320 kB
Active(anon):     234920 kB
Inactive(anon):   327336 kB
Active(file):     371204 kB
Inactive(file):   885984 kB
Unevictable:        2748 kB
Mlocked:               0 kB
HighTotal:       2306432 kB
HighFree:         328688 kB
LowTotal:         589156 kB
LowFree:           74504 kB
SwapTotal:       1048572 kB
SwapFree:        1048572 kB
Dirty:                 0 kB
Writeback:             0 kB
AnonPages:        561128 kB
Mapped:           353356 kB
Shmem:              1712 kB
Slab:              55100 kB
SReclaimable:      19848 kB
SUnreclaim:        35252 kB
KernelStack:       12184 kB
PageTables:        37944 kB
NFS_Unstable:          0 kB
Bounce:                0 kB
WritebackTmp:          0 kB
CommitLimit:     2496364 kB
Committed_AS:   82341296 kB
VmallocTotal:     385024 kB
VmallocUsed:      151760 kB
VmallocChunk:      68676 kB
Time pass: 140 sec

---2015-12-11 14:29:19
MemTotal:        2895588 kB
MemFree:          402676 kB
Buffers:           11212 kB
Cached:          1250436 kB
SwapCached:            0 kB
Active:           606228 kB
Inactive:        1213312 kB
Active(anon):     235024 kB
Inactive(anon):   327328 kB
Active(file):     371204 kB
Inactive(file):   885984 kB
Unevictable:        2748 kB
Mlocked:               0 kB
HighTotal:       2306432 kB
HighFree:         328016 kB
LowTotal:         589156 kB
LowFree:           74660 kB
SwapTotal:       1048572 kB
SwapFree:        1048572 kB
Dirty:                 0 kB
Writeback:             0 kB
AnonPages:        561088 kB
Mapped:           353408 kB
Shmem:              1712 kB
Slab:              55096 kB
SReclaimable:      19848 kB
SUnreclaim:        35248 kB
KernelStack:       12184 kB
PageTables:        37964 kB
NFS_Unstable:          0 kB
Bounce:                0 kB
WritebackTmp:          0 kB
CommitLimit:     2496364 kB
Committed_AS:   82341488 kB
VmallocTotal:     385024 kB
VmallocUsed:      151760 kB
VmallocChunk:      68676 kB
Time pass: 143 sec

---2015-12-11 14:29:19
MemTotal:        2895588 kB
MemFree:          402736 kB
Buffers:           11212 kB
Cached:          1250436 kB
SwapCached:            0 kB
Active:           606272 kB
Inactive:        1213304 kB
Active(anon):     235068 kB
Inactive(anon):   327320 kB
Active(file):     371204 kB
Inactive(file):   885984 kB
Unevictable:        2748 kB
Mlocked:               0 kB
HighTotal:       2306432 kB
HighFree:         328264 kB
LowTotal:         589156 kB
LowFree:           74472 kB
SwapTotal:       1048572 kB
SwapFree:        1048572 kB
Dirty:                 0 kB
Writeback:             0 kB
AnonPages:        561232 kB
Mapped:           353408 kB
Shmem:              1712 kB
Slab:              55096 kB
SReclaimable:      19848 kB
SUnreclaim:        35248 kB
KernelStack:       12184 kB
PageTables:        37964 kB
NFS_Unstable:          0 kB
Bounce:                0 kB
WritebackTmp:          0 kB
CommitLimit:     2496364 kB
Committed_AS:   82341608 kB
VmallocTotal:     385024 kB
VmallocUsed:      151760 kB
VmallocChunk:      68676 kB
Time pass: 147 sec

---2015-12-11 14:29:19
MemTotal:        2895588 kB
MemFree:          402520 kB
Buffers:           11212 kB
Cached:          1250436 kB
SwapCached:            0 kB
Active:           606644 kB
Inactive:        1213304 kB
Active(anon):     235440 kB
Inactive(anon):   327320 kB
Active(file):     371204 kB
Inactive(file):   885984 kB
Unevictable:        2748 kB
Mlocked:               0 kB
HighTotal:       2306432 kB
HighFree:         328016 kB
LowTotal:         589156 kB
LowFree:           74504 kB
SwapTotal:       1048572 kB
SwapFree:        1048572 kB
Dirty:                 0 kB
Writeback:             0 kB
AnonPages:        561624 kB
Mapped:           353408 kB
Shmem:              1712 kB
Slab:              55096 kB
SReclaimable:      19848 kB
SUnreclaim:        35248 kB
KernelStack:       12184 kB
PageTables:        37964 kB
NFS_Unstable:          0 kB
Bounce:                0 kB
WritebackTmp:          0 kB
CommitLimit:     2496364 kB
Committed_AS:   82341808 kB
VmallocTotal:     385024 kB
VmallocUsed:      151760 kB
VmallocChunk:      68676 kB
Time pass: 151 sec

---2015-12-11 14:29:19
MemTotal:        2895588 kB
MemFree:          402304 kB
Buffers:           11212 kB
Cached:          1250436 kB
SwapCached:            0 kB
Active:           606756 kB
Inactive:        1213304 kB
Active(anon):     235552 kB
Inactive(anon):   327320 kB
Active(file):     371204 kB
Inactive(file):   885984 kB
Unevictable:        2748 kB
Mlocked:               0 kB
HighTotal:       2306432 kB
HighFree:         327768 kB
LowTotal:         589156 kB
LowFree:           74536 kB
SwapTotal:       1048572 kB
SwapFree:        1048572 kB
Dirty:                 0 kB
Writeback:             0 kB
AnonPages:        561724 kB
Mapped:           353408 kB
Shmem:              1712 kB
Slab:              55096 kB
SReclaimable:      19848 kB
SUnreclaim:        35248 kB
KernelStack:       12184 kB
PageTables:        37964 kB
NFS_Unstable:          0 kB
Bounce:                0 kB
WritebackTmp:          0 kB
CommitLimit:     2496364 kB
Committed_AS:   82341896 kB
VmallocTotal:     385024 kB
VmallocUsed:      151760 kB
VmallocChunk:      68676 kB
Time pass: 154 sec

---2015-12-11 14:29:19
MemTotal:        2895588 kB
MemFree:          402428 kB
Buffers:           11212 kB
Cached:          1250436 kB
SwapCached:            0 kB
Active:           606952 kB
Inactive:        1213304 kB
Active(anon):     235748 kB
Inactive(anon):   327320 kB
Active(file):     371204 kB
Inactive(file):   885984 kB
Unevictable:        2748 kB
Mlocked:               0 kB
HighTotal:       2306432 kB
HighFree:         327892 kB
LowTotal:         589156 kB
LowFree:           74536 kB
SwapTotal:       1048572 kB
SwapFree:        1048572 kB
Dirty:                 0 kB
Writeback:             0 kB
AnonPages:        561892 kB
Mapped:           353408 kB
Shmem:              1712 kB
Slab:              55096 kB
SReclaimable:      19848 kB
SUnreclaim:        35248 kB
KernelStack:       12184 kB
PageTables:        37964 kB
NFS_Unstable:          0 kB
Bounce:                0 kB
WritebackTmp:          0 kB
CommitLimit:     2496364 kB
Committed_AS:   82342168 kB
VmallocTotal:     385024 kB
VmallocUsed:      151760 kB
VmallocChunk:      68676 kB
Time pass: 158 sec

---2015-12-11 14:29:19
MemTotal:        2895588 kB
MemFree:          401620 kB
Buffers:           11212 kB
Cached:          1250436 kB
SwapCached:            0 kB
Active:           606904 kB
Inactive:        1213304 kB
Active(anon):     235700 kB
Inactive(anon):   327320 kB
Active(file):     371204 kB
Inactive(file):   885984 kB
Unevictable:        2748 kB
Mlocked:               0 kB
HighTotal:       2306432 kB
HighFree:         327024 kB
LowTotal:         589156 kB
LowFree:           74596 kB
SwapTotal:       1048572 kB
SwapFree:        1048572 kB
Dirty:                 0 kB
Writeback:             0 kB
AnonPages:        562084 kB
Mapped:           353408 kB
Shmem:              1712 kB
Slab:              55096 kB
SReclaimable:      19848 kB
SUnreclaim:        35248 kB
KernelStack:       12184 kB
PageTables:        37964 kB
NFS_Unstable:          0 kB
Bounce:                0 kB
WritebackTmp:          0 kB
CommitLimit:     2496364 kB
Committed_AS:   82342312 kB
VmallocTotal:     385024 kB
VmallocUsed:      151760 kB
VmallocChunk:      68676 kB
Time pass: 161 sec

---2015-12-11 14:29:19
MemTotal:        2895588 kB
MemFree:          398076 kB
Buffers:           11212 kB
Cached:          1250728 kB
SwapCached:            0 kB
Active:           610812 kB
Inactive:        1213500 kB
Active(anon):     239608 kB
Inactive(anon):   327320 kB
Active(file):     371204 kB
Inactive(file):   886180 kB
Unevictable:        2748 kB
Mlocked:               0 kB
HighTotal:       2306432 kB
HighFree:         323924 kB
LowTotal:         589156 kB
LowFree:           74152 kB
SwapTotal:       1048572 kB
SwapFree:        1048572 kB
Dirty:                 0 kB
Writeback:             0 kB
AnonPages:        565492 kB
Mapped:           353648 kB
Shmem:              1712 kB
Slab:              55096 kB
SReclaimable:      19848 kB
SUnreclaim:        35248 kB
KernelStack:       12184 kB
PageTables:        38140 kB
NFS_Unstable:          0 kB
Bounce:                0 kB
WritebackTmp:          0 kB
CommitLimit:     2496364 kB
Committed_AS:   85028012 kB
VmallocTotal:     385024 kB
VmallocUsed:      152780 kB
VmallocChunk:      68676 kB
Time pass: 165 sec

---2015-12-11 14:29:19
MemTotal:        2895588 kB
MemFree:          229524 kB
Buffers:           11640 kB
Cached:          1252008 kB
SwapCached:            0 kB
Active:           640080 kB
Inactive:        1213544 kB
Active(anon):     267396 kB
Inactive(anon):   327208 kB
Active(file):     372684 kB
Inactive(file):   886336 kB
Unevictable:        2748 kB
Mlocked:               0 kB
HighTotal:       2306432 kB
HighFree:         156112 kB
LowTotal:         589156 kB
LowFree:           73412 kB
SwapTotal:       1048572 kB
SwapFree:        1048572 kB
Dirty:              1616 kB
Writeback:             0 kB
AnonPages:        592668 kB
Mapped:           377132 kB
Shmem:              1844 kB
Slab:              55080 kB
SReclaimable:      19856 kB
SUnreclaim:        35224 kB
KernelStack:       12888 kB
PageTables:        39092 kB
NFS_Unstable:          0 kB
Bounce:                0 kB
WritebackTmp:          0 kB
CommitLimit:     2496364 kB
Committed_AS:   83678048 kB
VmallocTotal:     385024 kB
VmallocUsed:      153484 kB
VmallocChunk:      68676 kB
Time pass: 168 sec

---2015-12-11 14:29:19
MemTotal:        2895588 kB
MemFree:          144860 kB
Buffers:           11640 kB
Cached:          1253396 kB
SwapCached:            0 kB
Active:           657292 kB
Inactive:        1213000 kB
Active(anon):     282828 kB
Inactive(anon):   327036 kB
Active(file):     374464 kB
Inactive(file):   885964 kB
Unevictable:        2748 kB
Mlocked:               0 kB
HighTotal:       2306432 kB
HighFree:          71436 kB
LowTotal:         589156 kB
LowFree:           73424 kB
SwapTotal:       1048572 kB
SwapFree:        1048572 kB
Dirty:              2084 kB
Writeback:             0 kB
AnonPages:        608160 kB
Mapped:           381516 kB
Shmem:              1844 kB
Slab:              55128 kB
SReclaimable:      19864 kB
SUnreclaim:        35264 kB
KernelStack:       12984 kB
PageTables:        39284 kB
NFS_Unstable:          0 kB
Bounce:                0 kB
WritebackTmp:          0 kB
CommitLimit:     2496364 kB
Committed_AS:   83690936 kB
VmallocTotal:     385024 kB
VmallocUsed:      154944 kB
VmallocChunk:      68676 kB
Time pass: 172 sec

---2015-12-11 14:29:19
MemTotal:        2895588 kB
MemFree:          144200 kB
Buffers:           11648 kB
Cached:          1253432 kB
SwapCached:            0 kB
Active:           656216 kB
Inactive:        1212992 kB
Active(anon):     281712 kB
Inactive(anon):   327024 kB
Active(file):     374504 kB
Inactive(file):   885968 kB
Unevictable:        2748 kB
Mlocked:               0 kB
HighTotal:       2306432 kB
HighFree:          70620 kB
LowTotal:         589156 kB
LowFree:           73580 kB
SwapTotal:       1048572 kB
SwapFree:        1048572 kB
Dirty:               344 kB
Writeback:             0 kB
AnonPages:        607012 kB
Mapped:           381696 kB
Shmem:              1844 kB
Slab:              55064 kB
SReclaimable:      19864 kB
SUnreclaim:        35200 kB
KernelStack:       12952 kB
PageTables:        39024 kB
NFS_Unstable:          0 kB
Bounce:                0 kB
WritebackTmp:          0 kB
CommitLimit:     2496364 kB
Committed_AS:   83691144 kB
VmallocTotal:     385024 kB
VmallocUsed:      154912 kB
VmallocChunk:      68676 kB
Time pass: 176 sec

---2015-12-11 14:29:19
MemTotal:        2895588 kB
MemFree:          144000 kB
Buffers:           11656 kB
Cached:          1253436 kB
SwapCached:            0 kB
Active:           656568 kB
Inactive:        1212992 kB
Active(anon):     282064 kB
Inactive(anon):   327020 kB
Active(file):     374504 kB
Inactive(file):   885972 kB
Unevictable:        2748 kB
Mlocked:               0 kB
HighTotal:       2306432 kB
HighFree:          70124 kB
LowTotal:         589156 kB
LowFree:           73876 kB
SwapTotal:       1048572 kB
SwapFree:        1048572 kB
Dirty:               184 kB
Writeback:             0 kB
AnonPages:        607708 kB
Mapped:           381872 kB
Shmem:              1844 kB
Slab:              55108 kB
SReclaimable:      19864 kB
SUnreclaim:        35244 kB
KernelStack:       12984 kB
PageTables:        39076 kB
NFS_Unstable:          0 kB
Bounce:                0 kB
WritebackTmp:          0 kB
CommitLimit:     2496364 kB
Committed_AS:   83691348 kB
VmallocTotal:     385024 kB
VmallocUsed:      154912 kB
VmallocChunk:      68676 kB
Time pass: 179 sec

---2015-12-11 14:29:19
MemTotal:        2895588 kB
MemFree:          141996 kB
Buffers:           11656 kB
Cached:          1253792 kB
SwapCached:            0 kB
Active:           659212 kB
Inactive:        1212808 kB
Active(anon):     284168 kB
Inactive(anon):   327020 kB
Active(file):     375044 kB
Inactive(file):   885788 kB
Unevictable:        2748 kB
Mlocked:               0 kB
HighTotal:       2306432 kB
HighFree:          68356 kB
LowTotal:         589156 kB
LowFree:           73640 kB
SwapTotal:       1048572 kB
SwapFree:        1048572 kB
Dirty:               376 kB
Writeback:             0 kB
AnonPages:        609888 kB
Mapped:           381868 kB
Shmem:              1844 kB
Slab:              55124 kB
SReclaimable:      19864 kB
SUnreclaim:        35260 kB
KernelStack:       12984 kB
PageTables:        39056 kB
NFS_Unstable:          0 kB
Bounce:                0 kB
WritebackTmp:          0 kB
CommitLimit:     2496364 kB
Committed_AS:   83691580 kB
VmallocTotal:     385024 kB
VmallocUsed:      154912 kB
VmallocChunk:      68676 kB
Time pass: 183 sec

---2015-12-11 14:29:19
MemTotal:        2895588 kB
MemFree:          141124 kB
Buffers:           11664 kB
Cached:          1253792 kB
SwapCached:            0 kB
Active:           659452 kB
Inactive:        1212764 kB
Active(anon):     284340 kB
Inactive(anon):   327016 kB
Active(file):     375112 kB
Inactive(file):   885748 kB
Unevictable:        2748 kB
Mlocked:               0 kB
HighTotal:       2306432 kB
HighFree:          67468 kB
LowTotal:         589156 kB
LowFree:           73656 kB
SwapTotal:       1048572 kB
SwapFree:        1048572 kB
Dirty:                40 kB
Writeback:             0 kB
AnonPages:        609784 kB
Mapped:           381920 kB
Shmem:              1844 kB
Slab:              55124 kB
SReclaimable:      19864 kB
SUnreclaim:        35260 kB
KernelStack:       12984 kB
PageTables:        39076 kB
NFS_Unstable:          0 kB
Bounce:                0 kB
WritebackTmp:          0 kB
CommitLimit:     2496364 kB
Committed_AS:   83691684 kB
VmallocTotal:     385024 kB
VmallocUsed:      154912 kB
VmallocChunk:      68676 kB
Time pass: 186 sec

---2015-12-11 14:29:19
MemTotal:        2895588 kB
MemFree:          118428 kB
Buffers:           11672 kB
Cached:          1253808 kB
SwapCached:            0 kB
Active:           666336 kB
Inactive:        1212684 kB
Active(anon):     291180 kB
Inactive(anon):   326960 kB
Active(file):     375156 kB
Inactive(file):   885724 kB
Unevictable:        2748 kB
Mlocked:               0 kB
HighTotal:       2306432 kB
HighFree:          45024 kB
LowTotal:         589156 kB
LowFree:           73404 kB
SwapTotal:       1048572 kB
SwapFree:        1048572 kB
Dirty:               592 kB
Writeback:             0 kB
AnonPages:        616672 kB
Mapped:           381932 kB
Shmem:              1844 kB
Slab:              55108 kB
SReclaimable:      19872 kB
SUnreclaim:        35236 kB
KernelStack:       13032 kB
PageTables:        39048 kB
NFS_Unstable:          0 kB
Bounce:                0 kB
WritebackTmp:          0 kB
CommitLimit:     2496364 kB
Committed_AS:   83691684 kB
VmallocTotal:     385024 kB
VmallocUsed:      155140 kB
VmallocChunk:      68676 kB
Time pass: 190 sec

---2015-12-11 14:29:19
MemTotal:        2895588 kB
MemFree:          117872 kB
Buffers:           11672 kB
Cached:          1253808 kB
SwapCached:            0 kB
Active:           666256 kB
Inactive:        1212684 kB
Active(anon):     291100 kB
Inactive(anon):   326952 kB
Active(file):     375156 kB
Inactive(file):   885732 kB
Unevictable:        2748 kB
Mlocked:               0 kB
HighTotal:       2306432 kB
HighFree:          44352 kB
LowTotal:         589156 kB
LowFree:           73520 kB
SwapTotal:       1048572 kB
SwapFree:        1048572 kB
Dirty:                 0 kB
Writeback:             0 kB
AnonPages:        616416 kB
Mapped:           381932 kB
Shmem:              1844 kB
Slab:              55108 kB
SReclaimable:      19872 kB
SUnreclaim:        35236 kB
KernelStack:       13032 kB
PageTables:        39044 kB
NFS_Unstable:          0 kB
Bounce:                0 kB
WritebackTmp:          0 kB
CommitLimit:     2496364 kB
Committed_AS:   83691836 kB
VmallocTotal:     385024 kB
VmallocUsed:      155140 kB
VmallocChunk:      68676 kB
Time pass: 193 sec

---2015-12-11 14:29:19
MemTotal:        2895588 kB
MemFree:          118044 kB
Buffers:           11680 kB
Cached:          1253808 kB
SwapCached:            0 kB
Active:           665796 kB
Inactive:        1212692 kB
Active(anon):     290640 kB
Inactive(anon):   326952 kB
Active(file):     375156 kB
Inactive(file):   885740 kB
Unevictable:        2748 kB
Mlocked:               0 kB
HighTotal:       2306432 kB
HighFree:          44580 kB
LowTotal:         589156 kB
LowFree:           73464 kB
SwapTotal:       1048572 kB
SwapFree:        1048572 kB
Dirty:                44 kB
Writeback:             0 kB
AnonPages:        616256 kB
Mapped:           381948 kB
Shmem:              1844 kB
Slab:              55120 kB
SReclaimable:      19872 kB
SUnreclaim:        35248 kB
KernelStack:       13040 kB
PageTables:        39012 kB
NFS_Unstable:          0 kB
Bounce:                0 kB
WritebackTmp:          0 kB
CommitLimit:     2496364 kB
Committed_AS:   83691972 kB
VmallocTotal:     385024 kB
VmallocUsed:      155140 kB
VmallocChunk:      68676 kB
Time pass: 197 sec

---2015-12-11 14:29:19
MemTotal:        2895588 kB
MemFree:          109140 kB
Buffers:           11704 kB
Cached:          1254464 kB
SwapCached:            0 kB
Active:           674756 kB
Inactive:        1213244 kB
Active(anon):     299592 kB
Inactive(anon):   327008 kB
Active(file):     375164 kB
Inactive(file):   886236 kB
Unevictable:        2748 kB
Mlocked:               0 kB
HighTotal:       2306432 kB
HighFree:          38008 kB
LowTotal:         589156 kB
LowFree:           71132 kB
SwapTotal:       1048572 kB
SwapFree:        1048572 kB
Dirty:                96 kB
Writeback:             0 kB
AnonPages:        624720 kB
Mapped:           385280 kB
Shmem:              2000 kB
Slab:              55116 kB
SReclaimable:      19872 kB
SUnreclaim:        35244 kB
KernelStack:       13280 kB
PageTables:        39212 kB
NFS_Unstable:          0 kB
Bounce:                0 kB
WritebackTmp:          0 kB
CommitLimit:     2496364 kB
Committed_AS:   83711240 kB
VmallocTotal:     385024 kB
VmallocUsed:      157352 kB
VmallocChunk:      68676 kB
Time pass: 200 sec

---2015-12-11 14:29:19
MemTotal:        2895588 kB
MemFree:          103204 kB
Buffers:           11752 kB
Cached:          1254576 kB
SwapCached:            0 kB
Active:           680720 kB
Inactive:        1213408 kB
Active(anon):     305548 kB
Inactive(anon):   327108 kB
Active(file):     375172 kB
Inactive(file):   886300 kB
Unevictable:        2748 kB
Mlocked:               0 kB
HighTotal:       2306432 kB
HighFree:          42464 kB
LowTotal:         589156 kB
LowFree:           60740 kB
SwapTotal:       1048572 kB
SwapFree:        1048572 kB
Dirty:                52 kB
Writeback:             0 kB
AnonPages:        630840 kB
Mapped:           385400 kB
Shmem:              2108 kB
Slab:              55112 kB
SReclaimable:      19868 kB
SUnreclaim:        35244 kB
KernelStack:       13264 kB
PageTables:        39224 kB
NFS_Unstable:          0 kB
Bounce:                0 kB
WritebackTmp:          0 kB
CommitLimit:     2496364 kB
Committed_AS:   83715524 kB
VmallocTotal:     385024 kB
VmallocUsed:      157352 kB
VmallocChunk:      68676 kB
Time pass: 204 sec

---2015-12-11 14:29:19
MemTotal:        2895588 kB
MemFree:          101868 kB
Buffers:           11752 kB
Cached:          1254604 kB
SwapCached:            0 kB
Active:           681440 kB
Inactive:        1213432 kB
Active(anon):     306268 kB
Inactive(anon):   327132 kB
Active(file):     375172 kB
Inactive(file):   886300 kB
Unevictable:        2748 kB
Mlocked:               0 kB
HighTotal:       2306432 kB
HighFree:          41232 kB
LowTotal:         589156 kB
LowFree:           60636 kB
SwapTotal:       1048572 kB
SwapFree:        1048572 kB
Dirty:                 0 kB
Writeback:             0 kB
AnonPages:        631484 kB
Mapped:           385428 kB
Shmem:              2136 kB
Slab:              55104 kB
SReclaimable:      19856 kB
SUnreclaim:        35248 kB
KernelStack:       13264 kB
PageTables:        39256 kB
NFS_Unstable:          0 kB
Bounce:                0 kB
WritebackTmp:          0 kB
CommitLimit:     2496364 kB
Committed_AS:   83715852 kB
VmallocTotal:     385024 kB
VmallocUsed:      157372 kB
VmallocChunk:      68676 kB
Time pass: 208 sec

---2015-12-11 14:29:19
MemTotal:        2895588 kB
MemFree:          101112 kB
Buffers:           11760 kB
Cached:          1254620 kB
SwapCached:            0 kB
Active:           682088 kB
Inactive:        1213456 kB
Active(anon):     306916 kB
Inactive(anon):   327144 kB
Active(file):     375172 kB
Inactive(file):   886312 kB
Unevictable:        2748 kB
Mlocked:               0 kB
HighTotal:       2306432 kB
HighFree:          40560 kB
LowTotal:         589156 kB
LowFree:           60552 kB
SwapTotal:       1048572 kB
SwapFree:        1048572 kB
Dirty:                 0 kB
Writeback:             0 kB
AnonPages:        632064 kB
Mapped:           385440 kB
Shmem:              2148 kB
Slab:              55100 kB
SReclaimable:      19856 kB
SUnreclaim:        35244 kB
KernelStack:       13264 kB
PageTables:        39256 kB
NFS_Unstable:          0 kB
Bounce:                0 kB
WritebackTmp:          0 kB
CommitLimit:     2496364 kB
Committed_AS:   83716032 kB
VmallocTotal:     385024 kB
VmallocUsed:      157372 kB
VmallocChunk:      68676 kB
Time pass: 211 sec

---2015-12-11 14:29:19
MemTotal:        2895588 kB
MemFree:          100564 kB
Buffers:           11768 kB
Cached:          1254648 kB
SwapCached:            0 kB
Active:           682748 kB
Inactive:        1213468 kB
Active(anon):     307576 kB
Inactive(anon):   327148 kB
Active(file):     375172 kB
Inactive(file):   886320 kB
Unevictable:        2748 kB
Mlocked:               0 kB
HighTotal:       2306432 kB
HighFree:          40012 kB
LowTotal:         589156 kB
LowFree:           60552 kB
SwapTotal:       1048572 kB
SwapFree:        1048572 kB
Dirty:                20 kB
Writeback:             0 kB
AnonPages:        632360 kB
Mapped:           385520 kB
Shmem:              2176 kB
Slab:              55100 kB
SReclaimable:      19856 kB
SUnreclaim:        35244 kB
KernelStack:       13264 kB
PageTables:        39276 kB
NFS_Unstable:          0 kB
Bounce:                0 kB
WritebackTmp:          0 kB
CommitLimit:     2496364 kB
Committed_AS:   83716104 kB
VmallocTotal:     385024 kB
VmallocUsed:      157372 kB
VmallocChunk:      68676 kB
Time pass: 215 sec

---2015-12-11 14:29:19
MemTotal:        2895588 kB
MemFree:           99224 kB
Buffers:           11776 kB
Cached:          1254652 kB
SwapCached:            0 kB
Active:           683624 kB
Inactive:        1213364 kB
Active(anon):     308444 kB
Inactive(anon):   327048 kB
Active(file):     375180 kB
Inactive(file):   886316 kB
Unevictable:        2748 kB
Mlocked:               0 kB
HighTotal:       2306432 kB
HighFree:          38720 kB
LowTotal:         589156 kB
LowFree:           60504 kB
SwapTotal:       1048572 kB
SwapFree:        1048572 kB
Dirty:                20 kB
Writeback:             0 kB
AnonPages:        633364 kB
Mapped:           385572 kB
Shmem:              2176 kB
Slab:              55100 kB
SReclaimable:      19856 kB
SUnreclaim:        35244 kB
KernelStack:       13264 kB
PageTables:        39312 kB
NFS_Unstable:          0 kB
Bounce:                0 kB
WritebackTmp:          0 kB
CommitLimit:     2496364 kB
Committed_AS:   83716364 kB
VmallocTotal:     385024 kB
VmallocUsed:      157372 kB
VmallocChunk:      68676 kB
Time pass: 218 sec

---2015-12-11 14:29:19
MemTotal:        2895588 kB
MemFree:           97156 kB
Buffers:           11800 kB
Cached:          1255456 kB
SwapCached:            0 kB
Active:           685680 kB
Inactive:        1214104 kB
Active(anon):     310500 kB
Inactive(anon):   327332 kB
Active(file):     375180 kB
Inactive(file):   886772 kB
Unevictable:        2748 kB
Mlocked:               0 kB
HighTotal:       2306432 kB
HighFree:          38080 kB
LowTotal:         589156 kB
LowFree:           59076 kB
SwapTotal:       1048572 kB
SwapFree:        1048572 kB
Dirty:                 0 kB
Writeback:             0 kB
AnonPages:        635532 kB
Mapped:           385836 kB
Shmem:              2460 kB
Slab:              55100 kB
SReclaimable:      19856 kB
SUnreclaim:        35244 kB
KernelStack:       13368 kB
PageTables:        39732 kB
NFS_Unstable:          0 kB
Bounce:                0 kB
WritebackTmp:          0 kB
CommitLimit:     2496364 kB
Committed_AS:   84961064 kB
VmallocTotal:     385024 kB
VmallocUsed:      158392 kB
VmallocChunk:      68676 kB
Time pass: 222 sec

---2015-12-11 14:29:19
MemTotal:        2895588 kB
MemFree:           96224 kB
Buffers:           11800 kB
Cached:          1255720 kB
SwapCached:            0 kB
Active:           684976 kB
Inactive:        1214368 kB
Active(anon):     309796 kB
Inactive(anon):   327596 kB
Active(file):     375180 kB
Inactive(file):   886772 kB
Unevictable:        2748 kB
Mlocked:               0 kB
HighTotal:       2306432 kB
HighFree:          38008 kB
LowTotal:         589156 kB
LowFree:           58216 kB
SwapTotal:       1048572 kB
SwapFree:        1048572 kB
Dirty:                 4 kB
Writeback:             0 kB
AnonPages:        634884 kB
Mapped:           386100 kB
Shmem:              2724 kB
Slab:              55100 kB
SReclaimable:      19856 kB
SUnreclaim:        35244 kB
KernelStack:       13368 kB
PageTables:        39732 kB
NFS_Unstable:          0 kB
Bounce:                0 kB
WritebackTmp:          0 kB
CommitLimit:     2496364 kB
Committed_AS:   84961000 kB
VmallocTotal:     385024 kB
VmallocUsed:      158392 kB
VmallocChunk:      68676 kB
Time pass: 225 sec

---2015-12-11 14:29:19
MemTotal:        2895588 kB
MemFree:           91632 kB
Buffers:           11808 kB
Cached:          1255692 kB
SwapCached:            0 kB
Active:           691384 kB
Inactive:        1214444 kB
Active(anon):     316204 kB
Inactive(anon):   327620 kB
Active(file):     375180 kB
Inactive(file):   886824 kB
Unevictable:        2748 kB
Mlocked:               0 kB
HighTotal:       2306432 kB
HighFree:          37884 kB
LowTotal:         589156 kB
LowFree:           53748 kB
SwapTotal:       1048572 kB
SwapFree:        1048572 kB
Dirty:                64 kB
Writeback:             0 kB
AnonPages:        641172 kB
Mapped:           386504 kB
Shmem:              2748 kB
Slab:              55104 kB
SReclaimable:      19856 kB
SUnreclaim:        35248 kB
KernelStack:       13360 kB
PageTables:        39828 kB
NFS_Unstable:          0 kB
Bounce:                0 kB
WritebackTmp:          0 kB
CommitLimit:     2496364 kB
Committed_AS:   84973544 kB
VmallocTotal:     385024 kB
VmallocUsed:      158392 kB
VmallocChunk:      68676 kB
Time pass: 229 sec

---2015-12-11 14:29:19
MemTotal:        2895588 kB
MemFree:           82792 kB
Buffers:           11840 kB
Cached:          1255056 kB
SwapCached:            0 kB
Active:           693192 kB
Inactive:        1213624 kB
Active(anon):     317868 kB
Inactive(anon):   326908 kB
Active(file):     375324 kB
Inactive(file):   886716 kB
Unevictable:        2748 kB
Mlocked:               0 kB
HighTotal:       2306432 kB
HighFree:          38132 kB
LowTotal:         589156 kB
LowFree:           44660 kB
SwapTotal:       1048572 kB
SwapFree:        1048572 kB
Dirty:                 0 kB
Writeback:             0 kB
AnonPages:        642976 kB
Mapped:           385828 kB
Shmem:              2108 kB
Slab:              55132 kB
SReclaimable:      19856 kB
SUnreclaim:        35276 kB
KernelStack:       13360 kB
PageTables:        39812 kB
NFS_Unstable:          0 kB
Bounce:                0 kB
WritebackTmp:          0 kB
CommitLimit:     2496364 kB
Committed_AS:   84986080 kB
VmallocTotal:     385024 kB
VmallocUsed:      158440 kB
VmallocChunk:      68676 kB
Time pass: 233 sec

---2015-12-11 14:29:19
MemTotal:        2895588 kB
MemFree:           80912 kB
Buffers:           11872 kB
Cached:          1255076 kB
SwapCached:            0 kB
Active:           694928 kB
Inactive:        1213632 kB
Active(anon):     319604 kB
Inactive(anon):   326884 kB
Active(file):     375324 kB
Inactive(file):   886748 kB
Unevictable:        2748 kB
Mlocked:               0 kB
HighTotal:       2306432 kB
HighFree:          38132 kB
LowTotal:         589156 kB
LowFree:           42780 kB
SwapTotal:       1048572 kB
SwapFree:        1048572 kB
Dirty:                 0 kB
Writeback:             0 kB
AnonPages:        644564 kB
Mapped:           385848 kB
Shmem:              2128 kB
Slab:              55120 kB
SReclaimable:      19856 kB
SUnreclaim:        35264 kB
KernelStack:       13344 kB
PageTables:        39788 kB
NFS_Unstable:          0 kB
Bounce:                0 kB
WritebackTmp:          0 kB
CommitLimit:     2496364 kB
Committed_AS:   84986248 kB
VmallocTotal:     385024 kB
VmallocUsed:      158440 kB
VmallocChunk:      68676 kB
Time pass: 236 sec

---2015-12-11 14:29:19
MemTotal:        2895588 kB
MemFree:           79880 kB
Buffers:           11888 kB
Cached:          1255088 kB
SwapCached:            0 kB
Active:           695892 kB
Inactive:        1213648 kB
Active(anon):     320568 kB
Inactive(anon):   326884 kB
Active(file):     375324 kB
Inactive(file):   886764 kB
Unevictable:        2748 kB
Mlocked:               0 kB
HighTotal:       2306432 kB
HighFree:          38132 kB
LowTotal:         589156 kB
LowFree:           41748 kB
SwapTotal:       1048572 kB
SwapFree:        1048572 kB
Dirty:                44 kB
Writeback:             0 kB
AnonPages:        645620 kB
Mapped:           385860 kB
Shmem:              2140 kB
Slab:              55124 kB
SReclaimable:      19856 kB
SUnreclaim:        35268 kB
KernelStack:       13344 kB
PageTables:        39788 kB
NFS_Unstable:          0 kB
Bounce:                0 kB
WritebackTmp:          0 kB
CommitLimit:     2496364 kB
Committed_AS:   84986564 kB
VmallocTotal:     385024 kB
VmallocUsed:      158440 kB
VmallocChunk:      68676 kB
Time pass: 240 sec

---2015-12-11 14:29:19
MemTotal:        2895588 kB
MemFree:           77864 kB
Buffers:           11896 kB
Cached:          1255188 kB
SwapCached:            0 kB
Active:           698148 kB
Inactive:        1213748 kB
Active(anon):     322840 kB
Inactive(anon):   326984 kB
Active(file):     375308 kB
Inactive(file):   886764 kB
Unevictable:        2748 kB
Mlocked:               0 kB
HighTotal:       2306432 kB
HighFree:          38504 kB
LowTotal:         589156 kB
LowFree:           39360 kB
SwapTotal:       1048572 kB
SwapFree:        1048572 kB
Dirty:                48 kB
Writeback:             0 kB
AnonPages:        647904 kB
Mapped:           385960 kB
Shmem:              2240 kB
Slab:              55120 kB
SReclaimable:      19856 kB
SUnreclaim:        35264 kB
KernelStack:       13344 kB
PageTables:        39816 kB
NFS_Unstable:          0 kB
Bounce:                0 kB
WritebackTmp:          0 kB
CommitLimit:     2496364 kB
Committed_AS:   84986764 kB
VmallocTotal:     385024 kB
VmallocUsed:      158440 kB
VmallocChunk:      68676 kB
Time pass: 243 sec

---2015-12-11 14:29:19
MemTotal:        2895588 kB
MemFree:           76120 kB
Buffers:           11912 kB
Cached:          1255196 kB
SwapCached:            0 kB
Active:           698804 kB
Inactive:        1213808 kB
Active(anon):     323496 kB
Inactive(anon):   327004 kB
Active(file):     375308 kB
Inactive(file):   886804 kB
Unevictable:        2748 kB
Mlocked:               0 kB
HighTotal:       2306432 kB
HighFree:          37760 kB
LowTotal:         589156 kB
LowFree:           38360 kB
SwapTotal:       1048572 kB
SwapFree:        1048572 kB
Dirty:                 0 kB
Writeback:             0 kB
AnonPages:        648432 kB
Mapped:           386020 kB
Shmem:              2248 kB
Slab:              55132 kB
SReclaimable:      19856 kB
SUnreclaim:        35276 kB
KernelStack:       13344 kB
PageTables:        39836 kB
NFS_Unstable:          0 kB
Bounce:                0 kB
WritebackTmp:          0 kB
CommitLimit:     2496364 kB
Committed_AS:   84986916 kB
VmallocTotal:     385024 kB
VmallocUsed:      158440 kB
VmallocChunk:      68676 kB
Time pass: 247 sec

---2015-12-11 14:29:19
MemTotal:        2895588 kB
MemFree:           75080 kB
Buffers:           11928 kB
Cached:          1255196 kB
SwapCached:            0 kB
Active:           699520 kB
Inactive:        1213800 kB
Active(anon):     324212 kB
Inactive(anon):   326988 kB
Active(file):     375308 kB
Inactive(file):   886812 kB
Unevictable:        2748 kB
Mlocked:               0 kB
HighTotal:       2306432 kB
HighFree:          37760 kB
LowTotal:         589156 kB
LowFree:           37320 kB
SwapTotal:       1048572 kB
SwapFree:        1048572 kB
Dirty:                44 kB
Writeback:             0 kB
AnonPages:        648936 kB
Mapped:           386020 kB
Shmem:              2248 kB
Slab:              55156 kB
SReclaimable:      19856 kB
SUnreclaim:        35300 kB
KernelStack:       13344 kB
PageTables:        39836 kB
NFS_Unstable:          0 kB
Bounce:                0 kB
WritebackTmp:          0 kB
CommitLimit:     2496364 kB
Committed_AS:   84987100 kB
VmallocTotal:     385024 kB
VmallocUsed:      158440 kB
VmallocChunk:      68676 kB
Time pass: 251 sec

---2015-12-11 14:29:19
MemTotal:        2895588 kB
MemFree:           75608 kB
Buffers:           11928 kB
Cached:          1255196 kB
SwapCached:            0 kB
Active:           699524 kB
Inactive:        1213600 kB
Active(anon):     324212 kB
Inactive(anon):   326784 kB
Active(file):     375312 kB
Inactive(file):   886816 kB
Unevictable:        2748 kB
Mlocked:               0 kB
HighTotal:       2306432 kB
HighFree:          37884 kB
LowTotal:         589156 kB
LowFree:           37724 kB
SwapTotal:       1048572 kB
SwapFree:        1048572 kB
Dirty:                 4 kB
Writeback:             0 kB
AnonPages:        648848 kB
Mapped:           386016 kB
Shmem:              2248 kB
Slab:              55152 kB
SReclaimable:      19856 kB
SUnreclaim:        35296 kB
KernelStack:       13344 kB
PageTables:        39820 kB
NFS_Unstable:          0 kB
Bounce:                0 kB
WritebackTmp:          0 kB
CommitLimit:     2496364 kB
Committed_AS:   84978728 kB
VmallocTotal:     385024 kB
VmallocUsed:      158440 kB
VmallocChunk:      68676 kB
Time pass: 254 sec

---2015-12-11 14:29:19
MemTotal:        2895588 kB
MemFree:           74904 kB
Buffers:           11952 kB
Cached:          1255180 kB
SwapCached:            0 kB
Active:           699980 kB
Inactive:        1213608 kB
Active(anon):     324668 kB
Inactive(anon):   326784 kB
Active(file):     375312 kB
Inactive(file):   886824 kB
Unevictable:        2748 kB
Mlocked:               0 kB
HighTotal:       2306432 kB
HighFree:          38008 kB
LowTotal:         589156 kB
LowFree:           36896 kB
SwapTotal:       1048572 kB
SwapFree:        1048572 kB
Dirty:                32 kB
Writeback:             0 kB
AnonPages:        649008 kB
Mapped:           386016 kB
Shmem:              2248 kB
Slab:              55132 kB
SReclaimable:      19856 kB
SUnreclaim:        35276 kB
KernelStack:       13344 kB
PageTables:        39820 kB
NFS_Unstable:          0 kB
Bounce:                0 kB
WritebackTmp:          0 kB
CommitLimit:     2496364 kB
Committed_AS:   84978948 kB
VmallocTotal:     385024 kB
VmallocUsed:      158440 kB
VmallocChunk:      68676 kB
Time pass: 258 sec

---2015-12-11 14:29:19
MemTotal:        2895588 kB
MemFree:           74948 kB
Buffers:           11952 kB
Cached:          1255196 kB
SwapCached:            0 kB
Active:           700272 kB
Inactive:        1213624 kB
Active(anon):     324960 kB
Inactive(anon):   326784 kB
Active(file):     375312 kB
Inactive(file):   886840 kB
Unevictable:        2748 kB
Mlocked:               0 kB
HighTotal:       2306432 kB
HighFree:          38008 kB
LowTotal:         589156 kB
LowFree:           36940 kB
SwapTotal:       1048572 kB
SwapFree:        1048572 kB
Dirty:                44 kB
Writeback:             0 kB
AnonPages:        649436 kB
Mapped:           386080 kB
Shmem:              2248 kB
Slab:              55128 kB
SReclaimable:      19856 kB
SUnreclaim:        35272 kB
KernelStack:       13336 kB
PageTables:        39844 kB
NFS_Unstable:          0 kB
Bounce:                0 kB
WritebackTmp:          0 kB
CommitLimit:     2496364 kB
Committed_AS:   84979072 kB
VmallocTotal:     385024 kB
VmallocUsed:      158440 kB
VmallocChunk:      68676 kB
Time pass: 261 sec

---2015-12-11 14:29:19
MemTotal:        2895588 kB
MemFree:           74156 kB
Buffers:           11960 kB
Cached:          1255196 kB
SwapCached:            0 kB
Active:           700308 kB
Inactive:        1213632 kB
Active(anon):     324996 kB
Inactive(anon):   326784 kB
Active(file):     375312 kB
Inactive(file):   886848 kB
Unevictable:        2748 kB
Mlocked:               0 kB
HighTotal:       2306432 kB
HighFree:          38008 kB
LowTotal:         589156 kB
LowFree:           36148 kB
SwapTotal:       1048572 kB
SwapFree:        1048572 kB
Dirty:                32 kB
Writeback:             0 kB
AnonPages:        649472 kB
Mapped:           386080 kB
Shmem:              2248 kB
Slab:              55140 kB
SReclaimable:      19856 kB
SUnreclaim:        35284 kB
KernelStack:       13336 kB
PageTables:        39844 kB
NFS_Unstable:          0 kB
Bounce:                0 kB
WritebackTmp:          0 kB
CommitLimit:     2496364 kB
Committed_AS:   84979184 kB
VmallocTotal:     385024 kB
VmallocUsed:      158440 kB
VmallocChunk:      68676 kB
Time pass: 265 sec

---2015-12-11 14:29:19
MemTotal:        2895588 kB
MemFree:           74148 kB
Buffers:           11976 kB
Cached:          1255196 kB
SwapCached:            0 kB
Active:           700672 kB
Inactive:        1213648 kB
Active(anon):     325360 kB
Inactive(anon):   326784 kB
Active(file):     375312 kB
Inactive(file):   886864 kB
Unevictable:        2748 kB
Mlocked:               0 kB
HighTotal:       2306432 kB
HighFree:          38008 kB
LowTotal:         589156 kB
LowFree:           36140 kB
SwapTotal:       1048572 kB
SwapFree:        1048572 kB
Dirty:                44 kB
Writeback:             0 kB
AnonPages:        650004 kB
Mapped:           386080 kB
Shmem:              2248 kB
Slab:              55136 kB
SReclaimable:      19856 kB
SUnreclaim:        35280 kB
KernelStack:       13336 kB
PageTables:        39844 kB
NFS_Unstable:          0 kB
Bounce:                0 kB
WritebackTmp:          0 kB
CommitLimit:     2496364 kB
Committed_AS:   84979328 kB
VmallocTotal:     385024 kB
VmallocUsed:      158440 kB
VmallocChunk:      68676 kB
Time pass: 268 sec

---2015-12-11 14:29:19
MemTotal:        2895588 kB
MemFree:           74008 kB
Buffers:           11984 kB
Cached:          1255196 kB
SwapCached:            0 kB
Active:           700708 kB
Inactive:        1213644 kB
Active(anon):     325396 kB
Inactive(anon):   326780 kB
Active(file):     375312 kB
Inactive(file):   886864 kB
Unevictable:        2748 kB
Mlocked:               0 kB
HighTotal:       2306432 kB
HighFree:          38008 kB
LowTotal:         589156 kB
LowFree:           36000 kB
SwapTotal:       1048572 kB
SwapFree:        1048572 kB
Dirty:                28 kB
Writeback:             0 kB
AnonPages:        650044 kB
Mapped:           386028 kB
Shmem:              2248 kB
Slab:              55124 kB
SReclaimable:      19856 kB
SUnreclaim:        35268 kB
KernelStack:       13336 kB
PageTables:        39824 kB
NFS_Unstable:          0 kB
Bounce:                0 kB
WritebackTmp:          0 kB
CommitLimit:     2496364 kB
Committed_AS:   84979520 kB
VmallocTotal:     385024 kB
VmallocUsed:      158440 kB
VmallocChunk:      68676 kB
Time pass: 272 sec

---2015-12-11 14:29:19
MemTotal:        2895588 kB
MemFree:           72884 kB
Buffers:           12000 kB
Cached:          1255208 kB
SwapCached:            0 kB
Active:           701540 kB
Inactive:        1213632 kB
Active(anon):     326228 kB
Inactive(anon):   326752 kB
Active(file):     375312 kB
Inactive(file):   886880 kB
Unevictable:        2748 kB
Mlocked:               0 kB
HighTotal:       2306432 kB
HighFree:          38132 kB
LowTotal:         589156 kB
LowFree:           34752 kB
SwapTotal:       1048572 kB
SwapFree:        1048572 kB
Dirty:                40 kB
Writeback:             0 kB
AnonPages:        650792 kB
Mapped:           386040 kB
Shmem:              2260 kB
Slab:              55124 kB
SReclaimable:      19856 kB
SUnreclaim:        35268 kB
KernelStack:       13336 kB
PageTables:        39824 kB
NFS_Unstable:          0 kB
Bounce:                0 kB
WritebackTmp:          0 kB
CommitLimit:     2496364 kB
Committed_AS:   84979608 kB
VmallocTotal:     385024 kB
VmallocUsed:      158440 kB
VmallocChunk:      68676 kB
Time pass: 275 sec

---2015-12-11 14:29:19
MemTotal:        2895588 kB
MemFree:           72728 kB
Buffers:           12016 kB
Cached:          1255272 kB
SwapCached:            0 kB
Active:           701700 kB
Inactive:        1213716 kB
Active(anon):     326388 kB
Inactive(anon):   326812 kB
Active(file):     375312 kB
Inactive(file):   886904 kB
Unevictable:        2748 kB
Mlocked:               0 kB
HighTotal:       2306432 kB
HighFree:          38132 kB
LowTotal:         589156 kB
LowFree:           34596 kB
SwapTotal:       1048572 kB
SwapFree:        1048572 kB
Dirty:                44 kB
Writeback:             0 kB
AnonPages:        651064 kB
Mapped:           386104 kB
Shmem:              2324 kB
Slab:              55124 kB
SReclaimable:      19856 kB
SUnreclaim:        35268 kB
KernelStack:       13336 kB
PageTables:        39824 kB
NFS_Unstable:          0 kB
Bounce:                0 kB
WritebackTmp:          0 kB
CommitLimit:     2496364 kB
Committed_AS:   84979848 kB
VmallocTotal:     385024 kB
VmallocUsed:      158440 kB
VmallocChunk:      68676 kB
Time pass: 279 sec

---2015-12-11 14:29:19
MemTotal:        2895588 kB
MemFree:           72356 kB
Buffers:           12016 kB
Cached:          1255320 kB
SwapCached:            0 kB
Active:           701700 kB
Inactive:        1213692 kB
Active(anon):     326388 kB
Inactive(anon):   326788 kB
Active(file):     375312 kB
Inactive(file):   886904 kB
Unevictable:        2748 kB
Mlocked:               0 kB
HighTotal:       2306432 kB
HighFree:          38256 kB
LowTotal:         589156 kB
LowFree:           34100 kB
SwapTotal:       1048572 kB
SwapFree:        1048572 kB
Dirty:                44 kB
Writeback:             0 kB
AnonPages:        651072 kB
Mapped:           386152 kB
Shmem:              2372 kB
Slab:              55124 kB
SReclaimable:      19856 kB
SUnreclaim:        35268 kB
KernelStack:       13336 kB
PageTables:        39824 kB
NFS_Unstable:          0 kB
Bounce:                0 kB
WritebackTmp:          0 kB
CommitLimit:     2496364 kB
Committed_AS:   84979976 kB
VmallocTotal:     385024 kB
VmallocUsed:      158440 kB
VmallocChunk:      68676 kB
Time pass: 282 sec

---2015-12-11 14:29:19
MemTotal:        2895588 kB
MemFree:           72088 kB
Buffers:           12048 kB
Cached:          1255432 kB
SwapCached:            0 kB
Active:           702596 kB
Inactive:        1213860 kB
Active(anon):     327284 kB
Inactive(anon):   326820 kB
Active(file):     375312 kB
Inactive(file):   887040 kB
Unevictable:        2748 kB
Mlocked:               0 kB
HighTotal:       2306432 kB
HighFree:          38204 kB
LowTotal:         589156 kB
LowFree:           33884 kB
SwapTotal:       1048572 kB
SwapFree:        1048572 kB
Dirty:                76 kB
Writeback:             0 kB
AnonPages:        651928 kB
Mapped:           386220 kB
Shmem:              2384 kB
Slab:              55128 kB
SReclaimable:      19856 kB
SUnreclaim:        35272 kB
KernelStack:       13344 kB
PageTables:        39844 kB
NFS_Unstable:          0 kB
Bounce:                0 kB
WritebackTmp:          0 kB
CommitLimit:     2496364 kB
Committed_AS:   84980496 kB
VmallocTotal:     385024 kB
VmallocUsed:      158440 kB
VmallocChunk:      68676 kB
Time pass: 286 sec

---2015-12-11 14:29:19
MemTotal:        2895588 kB
MemFree:           71380 kB
Buffers:           12048 kB
Cached:          1255432 kB
SwapCached:            0 kB
Active:           703160 kB
Inactive:        1213848 kB
Active(anon):     327848 kB
Inactive(anon):   326812 kB
Active(file):     375312 kB
Inactive(file):   887036 kB
Unevictable:        2748 kB
Mlocked:               0 kB
HighTotal:       2306432 kB
HighFree:          37884 kB
LowTotal:         589156 kB
LowFree:           33496 kB
SwapTotal:       1048572 kB
SwapFree:        1048572 kB
Dirty:                 0 kB
Writeback:             0 kB
AnonPages:        651892 kB
Mapped:           386168 kB
Shmem:              2384 kB
Slab:              55140 kB
SReclaimable:      19856 kB
SUnreclaim:        35284 kB
KernelStack:       13352 kB
PageTables:        39824 kB
NFS_Unstable:          0 kB
Bounce:                0 kB
WritebackTmp:          0 kB
CommitLimit:     2496364 kB
Committed_AS:   84980688 kB
VmallocTotal:     385024 kB
VmallocUsed:      158440 kB
VmallocChunk:      68676 kB
Time pass: 290 sec

---2015-12-11 14:29:19
MemTotal:        2895588 kB
MemFree:           71820 kB
Buffers:           12056 kB
Cached:          1255432 kB
SwapCached:            0 kB
Active:           703408 kB
Inactive:        1213820 kB
Active(anon):     328096 kB
Inactive(anon):   326776 kB
Active(file):     375312 kB
Inactive(file):   887044 kB
Unevictable:        2748 kB
Mlocked:               0 kB
HighTotal:       2306432 kB
HighFree:          38132 kB
LowTotal:         589156 kB
LowFree:           33688 kB
SwapTotal:       1048572 kB
SwapFree:        1048572 kB
Dirty:                32 kB
Writeback:             0 kB
AnonPages:        652384 kB
Mapped:           386168 kB
Shmem:              2384 kB
Slab:              55160 kB
SReclaimable:      19856 kB
SUnreclaim:        35304 kB
KernelStack:       13352 kB
PageTables:        39824 kB
NFS_Unstable:          0 kB
Bounce:                0 kB
WritebackTmp:          0 kB
CommitLimit:     2496364 kB
Committed_AS:   84980836 kB
VmallocTotal:     385024 kB
VmallocUsed:      158440 kB
VmallocChunk:      68676 kB
Time pass: 293 sec

---2015-12-11 14:29:19
MemTotal:        2895588 kB
MemFree:           71128 kB
Buffers:           12072 kB
Cached:          1255476 kB
SwapCached:            0 kB
Active:           703320 kB
Inactive:        1213880 kB
Active(anon):     328008 kB
Inactive(anon):   326820 kB
Active(file):     375312 kB
Inactive(file):   887060 kB
Unevictable:        2748 kB
Mlocked:               0 kB
HighTotal:       2306432 kB
HighFree:          38008 kB
LowTotal:         589156 kB
LowFree:           33120 kB
SwapTotal:       1048572 kB
SwapFree:        1048572 kB
Dirty:                 0 kB
Writeback:             4 kB
AnonPages:        652392 kB
Mapped:           386264 kB
Shmem:              2428 kB
Slab:              55136 kB
SReclaimable:      19856 kB
SUnreclaim:        35280 kB
KernelStack:       13344 kB
PageTables:        39848 kB
NFS_Unstable:          0 kB
Bounce:                0 kB
WritebackTmp:          0 kB
CommitLimit:     2496364 kB
Committed_AS:   84985024 kB
VmallocTotal:     385024 kB
VmallocUsed:      158440 kB
VmallocChunk:      68676 kB
Time pass: 297 sec

---2015-12-11 14:29:19
MemTotal:        2895588 kB
MemFree:           71476 kB
Buffers:           12080 kB
Cached:          1255480 kB
SwapCached:            0 kB
Active:           703744 kB
Inactive:        1213884 kB
Active(anon):     328432 kB
Inactive(anon):   326816 kB
Active(file):     375312 kB
Inactive(file):   887068 kB
Unevictable:        2748 kB
Mlocked:               0 kB
HighTotal:       2306432 kB
HighFree:          37884 kB
LowTotal:         589156 kB
LowFree:           33592 kB
SwapTotal:       1048572 kB
SwapFree:        1048572 kB
Dirty:                28 kB
Writeback:             0 kB
AnonPages:        652592 kB
Mapped:           386216 kB
Shmem:              2432 kB
Slab:              55124 kB
SReclaimable:      19856 kB
SUnreclaim:        35268 kB
KernelStack:       13344 kB
PageTables:        39828 kB
NFS_Unstable:          0 kB
Bounce:                0 kB
WritebackTmp:          0 kB
CommitLimit:     2496364 kB
Committed_AS:   84985296 kB
VmallocTotal:     385024 kB
VmallocUsed:      158440 kB
VmallocChunk:      68676 kB
Time pass: 300 sec

---2015-12-11 14:29:19
MemTotal:        2895588 kB
MemFree:           71312 kB
Buffers:           12096 kB
Cached:          1255480 kB
SwapCached:            0 kB
Active:           704048 kB
Inactive:        1213904 kB
Active(anon):     328736 kB
Inactive(anon):   326820 kB
Active(file):     375312 kB
Inactive(file):   887084 kB
Unevictable:        2748 kB
Mlocked:               0 kB
HighTotal:       2306432 kB
HighFree:          38008 kB
LowTotal:         589156 kB
LowFree:           33304 kB
SwapTotal:       1048572 kB
SwapFree:        1048572 kB
Dirty:                40 kB
Writeback:             0 kB
AnonPages:        653108 kB
Mapped:           386216 kB
Shmem:              2432 kB
Slab:              55124 kB
SReclaimable:      19856 kB
SUnreclaim:        35268 kB
KernelStack:       13344 kB
PageTables:        39828 kB
NFS_Unstable:          0 kB
Bounce:                0 kB
WritebackTmp:          0 kB
CommitLimit:     2496364 kB
Committed_AS:   84985376 kB
VmallocTotal:     385024 kB
VmallocUsed:      158440 kB
VmallocChunk:      68676 kB
Time pass: 304 sec

---2015-12-11 14:29:19
MemTotal:        2895588 kB
MemFree:           70620 kB
Buffers:           12112 kB
Cached:          1255520 kB
SwapCached:            0 kB
Active:           704196 kB
Inactive:        1213960 kB
Active(anon):     328884 kB
Inactive(anon):   326860 kB
Active(file):     375312 kB
Inactive(file):   887100 kB
Unevictable:        2748 kB
Mlocked:               0 kB
HighTotal:       2306432 kB
HighFree:          38256 kB
LowTotal:         589156 kB
LowFree:           32364 kB
SwapTotal:       1048572 kB
SwapFree:        1048572 kB
Dirty:                40 kB
Writeback:             0 kB
AnonPages:        653368 kB
Mapped:           386256 kB
Shmem:              2472 kB
Slab:              55124 kB
SReclaimable:      19856 kB
SUnreclaim:        35268 kB
KernelStack:       13344 kB
PageTables:        39832 kB
NFS_Unstable:          0 kB
Bounce:                0 kB
WritebackTmp:          0 kB
CommitLimit:     2496364 kB
Committed_AS:   84985608 kB
VmallocTotal:     385024 kB
VmallocUsed:      158440 kB
VmallocChunk:      68676 kB
Time pass: 308 sec

---2015-12-11 14:29:19
MemTotal:        2895588 kB
MemFree:           74660 kB
Buffers:           12120 kB
Cached:          1251704 kB
SwapCached:            0 kB
Active:           702464 kB
Inactive:        1212436 kB
Active(anon):     327152 kB
Inactive(anon):   329152 kB
Active(file):     375312 kB
Inactive(file):   883284 kB
Unevictable:        2748 kB
Mlocked:               0 kB
HighTotal:       2306432 kB
HighFree:          40488 kB
LowTotal:         589156 kB
LowFree:           34172 kB
SwapTotal:       1048572 kB
SwapFree:        1048572 kB
Dirty:                32 kB
Writeback:             0 kB
AnonPages:        654148 kB
Mapped:           386308 kB
Shmem:              2472 kB
Slab:              55124 kB
SReclaimable:      19856 kB
SUnreclaim:        35268 kB
KernelStack:       13344 kB
PageTables:        39852 kB
NFS_Unstable:          0 kB
Bounce:                0 kB
WritebackTmp:          0 kB
CommitLimit:     2496364 kB
Committed_AS:   84985728 kB
VmallocTotal:     385024 kB
VmallocUsed:      158440 kB
VmallocChunk:      68676 kB
Time pass: 311 sec

---2015-12-11 14:29:19
MemTotal:        2895588 kB
MemFree:           73776 kB
Buffers:           12136 kB
Cached:          1251704 kB
SwapCached:            0 kB
Active:           702752 kB
Inactive:        1212460 kB
Active(anon):     327440 kB
Inactive(anon):   329152 kB
Active(file):     375312 kB
Inactive(file):   883308 kB
Unevictable:        2748 kB
Mlocked:               0 kB
HighTotal:       2306432 kB
HighFree:          38204 kB
LowTotal:         589156 kB
LowFree:           35572 kB
SwapTotal:       1048572 kB
SwapFree:        1048572 kB
Dirty:                44 kB
Writeback:             0 kB
AnonPages:        654548 kB
Mapped:           386256 kB
Shmem:              2472 kB
Slab:              55124 kB
SReclaimable:      19856 kB
SUnreclaim:        35268 kB
KernelStack:       13344 kB
PageTables:        39828 kB
NFS_Unstable:          0 kB
Bounce:                0 kB
WritebackTmp:          0 kB
CommitLimit:     2496364 kB
Committed_AS:   84985808 kB
VmallocTotal:     385024 kB
VmallocUsed:      158440 kB
VmallocChunk:      68676 kB
Time pass: 315 sec

---2015-12-11 14:29:19
MemTotal:        2895588 kB
MemFree:           73264 kB
Buffers:           12144 kB
Cached:          1251696 kB
SwapCached:            0 kB
Active:           703180 kB
Inactive:        1212460 kB
Active(anon):     327868 kB
Inactive(anon):   329152 kB
Active(file):     375312 kB
Inactive(file):   883308 kB
Unevictable:        2748 kB
Mlocked:               0 kB
HighTotal:       2306432 kB
HighFree:          38204 kB
LowTotal:         589156 kB
LowFree:           35060 kB
SwapTotal:       1048572 kB
SwapFree:        1048572 kB
Dirty:                 0 kB
Writeback:             0 kB
AnonPages:        654976 kB
Mapped:           386308 kB
Shmem:              2472 kB
Slab:              55124 kB
SReclaimable:      19856 kB
SUnreclaim:        35268 kB
KernelStack:       13344 kB
PageTables:        39848 kB
NFS_Unstable:          0 kB
Bounce:                0 kB
WritebackTmp:          0 kB
CommitLimit:     2496364 kB
Committed_AS:   84986008 kB
VmallocTotal:     385024 kB
VmallocUsed:      158440 kB
VmallocChunk:      68676 kB
Time pass: 319 sec

---2015-12-11 14:29:19
MemTotal:        2895588 kB
MemFree:           72564 kB
Buffers:           12160 kB
Cached:          1251704 kB
SwapCached:            0 kB
Active:           703540 kB
Inactive:        1212472 kB
Active(anon):     328228 kB
Inactive(anon):   329140 kB
Active(file):     375312 kB
Inactive(file):   883332 kB
Unevictable:        2748 kB
Mlocked:               0 kB
HighTotal:       2306432 kB
HighFree:          38204 kB
LowTotal:         589156 kB
LowFree:           34360 kB
SwapTotal:       1048572 kB
SwapFree:        1048572 kB
Dirty:                44 kB
Writeback:             0 kB
AnonPages:        655252 kB
Mapped:           386256 kB
