---2015-12-17 17:07:46
MemTotal:        1862952 kB
MemFree:          284540 kB
Buffers:            9424 kB
Cached:           704220 kB
SwapCached:         2576 kB
Active:           554552 kB
Inactive:         782404 kB
Active(anon):     319872 kB
Inactive(anon):   305304 kB
Active(file):     234680 kB
Inactive(file):   477100 kB
Unevictable:        1296 kB
Mlocked:               0 kB
HighTotal:       1436668 kB
HighFree:         124644 kB
LowTotal:         426284 kB
LowFree:          159896 kB
SwapTotal:       1048572 kB
SwapFree:        1025600 kB
Dirty:                 4 kB
Writeback:             0 kB
AnonPages:        623012 kB
Mapped:           337684 kB
Shmem:               568 kB
Slab:              40820 kB
SReclaimable:      13720 kB
SUnreclaim:        27100 kB
KernelStack:       11384 kB
PageTables:        41608 kB
NFS_Unstable:          0 kB
Bounce:                0 kB
WritebackTmp:          0 kB
CommitLimit:     1980048 kB
Committed_AS:   85766936 kB
VmallocTotal:     458752 kB
VmallocUsed:      112712 kB
VmallocChunk:     156676 kB
Time pass: 3 sec

---2015-12-17 17:07:46
MemTotal:        1862952 kB
MemFree:          284416 kB
Buffers:            9432 kB
Cached:           704220 kB
SwapCached:         2576 kB
Active:           554756 kB
Inactive:         782340 kB
Active(anon):     320008 kB
Inactive(anon):   305304 kB
Active(file):     234748 kB
Inactive(file):   477036 kB
Unevictable:        1296 kB
Mlocked:               0 kB
HighTotal:       1436668 kB
HighFree:         124520 kB
LowTotal:         426284 kB
LowFree:          159896 kB
SwapTotal:       1048572 kB
SwapFree:        1025600 kB
Dirty:                 4 kB
Writeback:             0 kB
AnonPages:        623156 kB
Mapped:           337684 kB
Shmem:               568 kB
Slab:              40820 kB
SReclaimable:      13720 kB
SUnreclaim:        27100 kB
KernelStack:       11384 kB
PageTables:        41612 kB
NFS_Unstable:          0 kB
Bounce:                0 kB
WritebackTmp:          0 kB
CommitLimit:     1980048 kB
Committed_AS:   85767016 kB
VmallocTotal:     458752 kB
VmallocUsed:      112712 kB
VmallocChunk:     156676 kB
Time pass: 7 sec

---2015-12-17 17:07:46
MemTotal:        1862952 kB
MemFree:          284016 kB
Buffers:            9432 kB
Cached:           704224 kB
SwapCached:         2576 kB
Active:           554996 kB
Inactive:         782324 kB
Active(anon):     320224 kB
Inactive(anon):   305304 kB
Active(file):     234772 kB
Inactive(file):   477020 kB
Unevictable:        1296 kB
Mlocked:               0 kB
HighTotal:       1436668 kB
HighFree:         124272 kB
LowTotal:         426284 kB
LowFree:          159744 kB
SwapTotal:       1048572 kB
SwapFree:        1025600 kB
Dirty:                 8 kB
Writeback:             0 kB
AnonPages:        623396 kB
Mapped:           337684 kB
Shmem:               568 kB
Slab:              40820 kB
SReclaimable:      13720 kB
SUnreclaim:        27100 kB
KernelStack:       11376 kB
PageTables:        41608 kB
NFS_Unstable:          0 kB
Bounce:                0 kB
WritebackTmp:          0 kB
CommitLimit:     1980048 kB
Committed_AS:   85767176 kB
VmallocTotal:     458752 kB
VmallocUsed:      112712 kB
VmallocChunk:     156676 kB
Time pass: 10 sec

---2015-12-17 17:07:46
MemTotal:        1862952 kB
MemFree:          283724 kB
Buffers:            9432 kB
Cached:           704224 kB
SwapCached:         2576 kB
Active:           555496 kB
Inactive:         782320 kB
Active(anon):     320724 kB
Inactive(anon):   305300 kB
Active(file):     234772 kB
Inactive(file):   477020 kB
Unevictable:        1296 kB
Mlocked:               0 kB
HighTotal:       1436668 kB
HighFree:         123900 kB
LowTotal:         426284 kB
LowFree:          159824 kB
SwapTotal:       1048572 kB
SwapFree:        1025600 kB
Dirty:                 8 kB
Writeback:             0 kB
AnonPages:        623848 kB
Mapped:           337684 kB
Shmem:               568 kB
Slab:              40820 kB
SReclaimable:      13720 kB
SUnreclaim:        27100 kB
KernelStack:       11384 kB
PageTables:        41652 kB
NFS_Unstable:          0 kB
Bounce:                0 kB
WritebackTmp:          0 kB
CommitLimit:     1980048 kB
Committed_AS:   85770288 kB
VmallocTotal:     458752 kB
VmallocUsed:      112712 kB
VmallocChunk:     156676 kB
Time pass: 14 sec

---2015-12-17 17:07:46
MemTotal:        1862952 kB
MemFree:          283792 kB
Buffers:            9440 kB
Cached:           704224 kB
SwapCached:         2576 kB
Active:           555280 kB
Inactive:         782328 kB
Active(anon):     320508 kB
Inactive(anon):   305300 kB
Active(file):     234772 kB
Inactive(file):   477028 kB
Unevictable:        1296 kB
Mlocked:               0 kB
HighTotal:       1436668 kB
HighFree:         123988 kB
LowTotal:         426284 kB
LowFree:          159804 kB
SwapTotal:       1048572 kB
SwapFree:        1025600 kB
Dirty:                12 kB
Writeback:             0 kB
AnonPages:        623672 kB
Mapped:           337684 kB
Shmem:               568 kB
Slab:              40832 kB
SReclaimable:      13736 kB
SUnreclaim:        27096 kB
KernelStack:       11384 kB
PageTables:        41608 kB
NFS_Unstable:          0 kB
Bounce:                0 kB
WritebackTmp:          0 kB
CommitLimit:     1980048 kB
Committed_AS:   85767376 kB
VmallocTotal:     458752 kB
VmallocUsed:      112712 kB
VmallocChunk:     156676 kB
Time pass: 18 sec

---2015-12-17 17:07:46
MemTotal:        1862952 kB
MemFree:          283684 kB
Buffers:            9440 kB
Cached:           704224 kB
SwapCached:         2576 kB
Active:           555456 kB
Inactive:         782328 kB
Active(anon):     320684 kB
Inactive(anon):   305300 kB
Active(file):     234772 kB
Inactive(file):   477028 kB
Unevictable:        1296 kB
Mlocked:               0 kB
HighTotal:       1436668 kB
HighFree:         123864 kB
LowTotal:         426284 kB
LowFree:          159820 kB
SwapTotal:       1048572 kB
SwapFree:        1025600 kB
Dirty:                 4 kB
Writeback:             0 kB
AnonPages:        623804 kB
Mapped:           337684 kB
Shmem:               568 kB
Slab:              40824 kB
SReclaimable:      13728 kB
SUnreclaim:        27096 kB
KernelStack:       11384 kB
PageTables:        41608 kB
NFS_Unstable:          0 kB
Bounce:                0 kB
WritebackTmp:          0 kB
CommitLimit:     1980048 kB
Committed_AS:   85767576 kB
VmallocTotal:     458752 kB
VmallocUsed:      112712 kB
VmallocChunk:     156676 kB
Time pass: 21 sec

---2015-12-17 17:07:46
MemTotal:        1862952 kB
MemFree:          231440 kB
Buffers:            9464 kB
Cached:           737828 kB
SwapCached:         2604 kB
Active:           564316 kB
Inactive:         814452 kB
Active(anon):     328260 kB
Inactive(anon):   305268 kB
Active(file):     236056 kB
Inactive(file):   509184 kB
Unevictable:        1296 kB
Mlocked:               0 kB
HighTotal:       1436668 kB
HighFree:          72676 kB
LowTotal:         426284 kB
LowFree:          158764 kB
SwapTotal:       1048572 kB
SwapFree:        1025616 kB
Dirty:                 4 kB
Writeback:             0 kB
AnonPages:        631360 kB
Mapped:           350604 kB
Shmem:               564 kB
Slab:              40832 kB
SReclaimable:      13728 kB
SUnreclaim:        27104 kB
KernelStack:       11608 kB
PageTables:        42180 kB
NFS_Unstable:          0 kB
Bounce:                0 kB
WritebackTmp:          0 kB
CommitLimit:     1980048 kB
Committed_AS:   87059588 kB
VmallocTotal:     458752 kB
VmallocUsed:      113788 kB
VmallocChunk:     156676 kB
Time pass: 25 sec

---2015-12-17 17:07:46
MemTotal:        1862952 kB
MemFree:           79172 kB
Buffers:            9812 kB
Cached:           763360 kB
SwapCached:         2640 kB
Active:           607040 kB
Inactive:         827528 kB
Active(anon):     366208 kB
Inactive(anon):   297184 kB
Active(file):     240832 kB
Inactive(file):   530344 kB
Unevictable:        1296 kB
Mlocked:               0 kB
HighTotal:       1436668 kB
HighFree:           6324 kB
LowTotal:         426284 kB
LowFree:           72848 kB
SwapTotal:       1048572 kB
SwapFree:        1025640 kB
Dirty:               220 kB
Writeback:             0 kB
AnonPages:        660940 kB
Mapped:           377632 kB
Shmem:               700 kB
Slab:              41044 kB
SReclaimable:      13824 kB
SUnreclaim:        27220 kB
KernelStack:       11960 kB
PageTables:        42808 kB
NFS_Unstable:          0 kB
Bounce:                0 kB
WritebackTmp:          0 kB
CommitLimit:     1980048 kB
Committed_AS:   87127752 kB
VmallocTotal:     458752 kB
VmallocUsed:      114228 kB
VmallocChunk:     156676 kB
Time pass: 29 sec

---2015-12-17 17:07:46
MemTotal:        1862952 kB
MemFree:           40060 kB
Buffers:            9808 kB
Cached:           758960 kB
SwapCached:         2800 kB
Active:           602268 kB
Inactive:         823136 kB
Active(anon):     325004 kB
Inactive(anon):   333624 kB
Active(file):     277264 kB
Inactive(file):   489512 kB
Unevictable:        1296 kB
Mlocked:               0 kB
HighTotal:       1436668 kB
HighFree:           5940 kB
LowTotal:         426284 kB
LowFree:           34120 kB
SwapTotal:       1048572 kB
SwapFree:        1019504 kB
Dirty:                 0 kB
Writeback:             0 kB
AnonPages:        656140 kB
Mapped:           410568 kB
Shmem:               696 kB
Slab:              40980 kB
SReclaimable:      13840 kB
SUnreclaim:        27140 kB
KernelStack:       11936 kB
PageTables:        42948 kB
NFS_Unstable:          0 kB
Bounce:                0 kB
WritebackTmp:          0 kB
CommitLimit:     1980048 kB
Committed_AS:   87137424 kB
VmallocTotal:     458752 kB
VmallocUsed:      114236 kB
VmallocChunk:     156676 kB
Time pass: 34 sec

---2015-12-17 17:07:46
MemTotal:        1862952 kB
MemFree:           39920 kB
Buffers:            9816 kB
Cached:           758976 kB
SwapCached:         2800 kB
Active:           602444 kB
Inactive:         823076 kB
Active(anon):     325180 kB
Inactive(anon):   333544 kB
Active(file):     277264 kB
Inactive(file):   489532 kB
Unevictable:        1296 kB
Mlocked:               0 kB
HighTotal:       1436668 kB
HighFree:           5716 kB
LowTotal:         426284 kB
LowFree:           34204 kB
SwapTotal:       1048572 kB
SwapFree:        1019504 kB
Dirty:                68 kB
Writeback:             0 kB
AnonPages:        656256 kB
Mapped:           410648 kB
Shmem:               696 kB
Slab:              40976 kB
SReclaimable:      13824 kB
SUnreclaim:        27152 kB
KernelStack:       11936 kB
PageTables:        42948 kB
NFS_Unstable:          0 kB
Bounce:                0 kB
WritebackTmp:          0 kB
CommitLimit:     1980048 kB
Committed_AS:   87137584 kB
VmallocTotal:     458752 kB
VmallocUsed:      114236 kB
VmallocChunk:     156676 kB
Time pass: 38 sec

---2015-12-17 17:07:46
MemTotal:        1862952 kB
MemFree:           44892 kB
Buffers:            9824 kB
Cached:           754320 kB
SwapCached:         2860 kB
Active:           603032 kB
Inactive:         815544 kB
Active(anon):     321292 kB
Inactive(anon):   335136 kB
Active(file):     281740 kB
Inactive(file):   480408 kB
Unevictable:        1296 kB
Mlocked:               0 kB
HighTotal:       1436668 kB
HighFree:           8564 kB
LowTotal:         426284 kB
LowFree:           36328 kB
SwapTotal:       1048572 kB
SwapFree:        1016932 kB
Dirty:               796 kB
Writeback:             0 kB
AnonPages:        653936 kB
Mapped:           406272 kB
Shmem:               696 kB
Slab:              41028 kB
SReclaimable:      13816 kB
SUnreclaim:        27212 kB
KernelStack:       11984 kB
PageTables:        42960 kB
NFS_Unstable:          0 kB
Bounce:                0 kB
WritebackTmp:          0 kB
CommitLimit:     1980048 kB
Committed_AS:   87137752 kB
VmallocTotal:     458752 kB
VmallocUsed:      114316 kB
VmallocChunk:     156676 kB
Time pass: 41 sec

---2015-12-17 17:07:46
MemTotal:        1862952 kB
MemFree:           30648 kB
Buffers:            9844 kB
Cached:           734276 kB
SwapCached:         3044 kB
Active:           618020 kB
Inactive:         782928 kB
Active(anon):     327208 kB
Inactive(anon):   332524 kB
Active(file):     290812 kB
Inactive(file):   450404 kB
Unevictable:        2136 kB
Mlocked:               0 kB
HighTotal:       1436668 kB
HighFree:           5692 kB
LowTotal:         426284 kB
LowFree:           24956 kB
SwapTotal:       1048572 kB
SwapFree:        1006780 kB
Dirty:                 0 kB
Writeback:             0 kB
AnonPages:        657108 kB
Mapped:           409948 kB
Shmem:               696 kB
Slab:              41120 kB
SReclaimable:      13816 kB
SUnreclaim:        27304 kB
KernelStack:       11976 kB
PageTables:        43148 kB
NFS_Unstable:          0 kB
Bounce:                0 kB
WritebackTmp:          0 kB
CommitLimit:     1980048 kB
Committed_AS:   87148984 kB
VmallocTotal:     458752 kB
VmallocUsed:      114384 kB
VmallocChunk:     156676 kB
Time pass: 45 sec

---2015-12-17 17:07:46
MemTotal:        1862952 kB
MemFree:           28260 kB
Buffers:            9844 kB
Cached:           722428 kB
SwapCached:         3080 kB
Active:           620604 kB
Inactive:         771752 kB
Active(anon):     329296 kB
Inactive(anon):   333820 kB
Active(file):     291308 kB
Inactive(file):   437932 kB
Unevictable:        2136 kB
Mlocked:               0 kB
HighTotal:       1436668 kB
HighFree:           4360 kB
LowTotal:         426284 kB
LowFree:           23900 kB
SwapTotal:       1048572 kB
SwapFree:        1003016 kB
Dirty:                12 kB
Writeback:             0 kB
AnonPages:        660376 kB
Mapped:           417016 kB
Shmem:               696 kB
Slab:              41136 kB
SReclaimable:      13816 kB
SUnreclaim:        27320 kB
KernelStack:       11984 kB
PageTables:        43172 kB
NFS_Unstable:          0 kB
Bounce:                0 kB
WritebackTmp:          0 kB
CommitLimit:     1980048 kB
Committed_AS:   87162088 kB
VmallocTotal:     458752 kB
VmallocUsed:      114664 kB
VmallocChunk:     156676 kB
Time pass: 49 sec

---2015-12-17 17:07:46
MemTotal:        1862952 kB
MemFree:           52272 kB
Buffers:            9852 kB
Cached:           722732 kB
SwapCached:         3084 kB
Active:           637196 kB
Inactive:         771176 kB
Active(anon):     345744 kB
Inactive(anon):   332848 kB
Active(file):     291452 kB
Inactive(file):   438328 kB
Unevictable:        2136 kB
Mlocked:               0 kB
HighTotal:       1436668 kB
HighFree:           6676 kB
LowTotal:         426284 kB
LowFree:           45596 kB
SwapTotal:       1048572 kB
SwapFree:        1002996 kB
Dirty:               204 kB
Writeback:             0 kB
AnonPages:        675844 kB
Mapped:           404360 kB
Shmem:               696 kB
Slab:              41248 kB
SReclaimable:      13848 kB
SUnreclaim:        27400 kB
KernelStack:       12088 kB
PageTables:        43136 kB
NFS_Unstable:          0 kB
Bounce:                0 kB
WritebackTmp:          0 kB
CommitLimit:     1980048 kB
Committed_AS:   87171216 kB
VmallocTotal:     458752 kB
VmallocUsed:      114460 kB
VmallocChunk:     156676 kB
Time pass: 52 sec

---2015-12-17 17:07:46
MemTotal:        1862952 kB
MemFree:           38280 kB
Buffers:            9872 kB
Cached:           697720 kB
SwapCached:         3380 kB
Active:           631188 kB
Inactive:         746344 kB
Active(anon):     335008 kB
Inactive(anon):   337796 kB
Active(file):     296180 kB
Inactive(file):   408548 kB
Unevictable:        2136 kB
Mlocked:               0 kB
HighTotal:       1436668 kB
HighFree:           9252 kB
LowTotal:         426284 kB
LowFree:           29028 kB
SwapTotal:       1048572 kB
SwapFree:        1000388 kB
Dirty:              1392 kB
Writeback:             0 kB
AnonPages:        669732 kB
Mapped:           438168 kB
Shmem:               696 kB
Slab:              41452 kB
SReclaimable:      13908 kB
SUnreclaim:        27544 kB
KernelStack:       12104 kB
PageTables:        43200 kB
NFS_Unstable:          0 kB
Bounce:                0 kB
WritebackTmp:          0 kB
CommitLimit:     1980048 kB
Committed_AS:   87163184 kB
VmallocTotal:     458752 kB
VmallocUsed:      114672 kB
VmallocChunk:     156676 kB
Time pass: 56 sec

---2015-12-17 17:07:46
MemTotal:        1862952 kB
MemFree:           37976 kB
Buffers:            9876 kB
Cached:           687920 kB
SwapCached:         3396 kB
Active:           628992 kB
Inactive:         727344 kB
Active(anon):     332592 kB
Inactive(anon):   331440 kB
Active(file):     296400 kB
Inactive(file):   395904 kB
Unevictable:       12948 kB
Mlocked:           10792 kB
HighTotal:       1436668 kB
HighFree:           9704 kB
LowTotal:         426284 kB
LowFree:           28272 kB
SwapTotal:       1048572 kB
SwapFree:         999956 kB
Dirty:                32 kB
Writeback:             0 kB
AnonPages:        669096 kB
Mapped:           448704 kB
Shmem:               752 kB
Slab:              41428 kB
SReclaimable:      13892 kB
SUnreclaim:        27536 kB
KernelStack:       12064 kB
PageTables:        43256 kB
NFS_Unstable:          0 kB
Bounce:                0 kB
WritebackTmp:          0 kB
CommitLimit:     1980048 kB
Committed_AS:   87171600 kB
VmallocTotal:     458752 kB
VmallocUsed:      114648 kB
VmallocChunk:     156676 kB
Time pass: 59 sec

---2015-12-17 17:07:46
MemTotal:        1862952 kB
MemFree:           36196 kB
Buffers:            9900 kB
Cached:           688128 kB
SwapCached:         3396 kB
Active:           629612 kB
Inactive:         738200 kB
Active(anon):     333044 kB
Inactive(anon):   339576 kB
Active(file):     296568 kB
Inactive(file):   398624 kB
Unevictable:        2136 kB
Mlocked:               0 kB
HighTotal:       1436668 kB
HighFree:           7928 kB
LowTotal:         426284 kB
LowFree:           28268 kB
SwapTotal:       1048572 kB
SwapFree:         999956 kB
Dirty:               132 kB
Writeback:             0 kB
AnonPages:        669592 kB
Mapped:           449208 kB
Shmem:               696 kB
Slab:              41400 kB
SReclaimable:      13868 kB
SUnreclaim:        27532 kB
KernelStack:       12024 kB
PageTables:        43256 kB
NFS_Unstable:          0 kB
Bounce:                0 kB
WritebackTmp:          0 kB
CommitLimit:     1980048 kB
Committed_AS:   87171808 kB
VmallocTotal:     458752 kB
VmallocUsed:      114648 kB
VmallocChunk:     156676 kB
Time pass: 63 sec

---2015-12-17 17:07:46
MemTotal:        1862952 kB
MemFree:           36784 kB
Buffers:            9908 kB
Cached:           688144 kB
SwapCached:         3388 kB
Active:           629304 kB
Inactive:         738104 kB
Active(anon):     332632 kB
Inactive(anon):   339564 kB
Active(file):     296672 kB
Inactive(file):   398540 kB
Unevictable:        2136 kB
Mlocked:               0 kB
HighTotal:       1436668 kB
HighFree:           8352 kB
LowTotal:         426284 kB
LowFree:           28432 kB
SwapTotal:       1048572 kB
SwapFree:         999964 kB
Dirty:                64 kB
Writeback:             0 kB
AnonPages:        669200 kB
Mapped:           449444 kB
Shmem:               696 kB
Slab:              41424 kB
SReclaimable:      13876 kB
SUnreclaim:        27548 kB
KernelStack:       12024 kB
PageTables:        43260 kB
NFS_Unstable:          0 kB
Bounce:                0 kB
WritebackTmp:          0 kB
CommitLimit:     1980048 kB
Committed_AS:   87172008 kB
VmallocTotal:     458752 kB
VmallocUsed:      114568 kB
VmallocChunk:     156676 kB
Time pass: 66 sec

---2015-12-17 17:07:46
MemTotal:        1862952 kB
MemFree:           34992 kB
Buffers:            9908 kB
Cached:           688144 kB
SwapCached:         3388 kB
Active:           629336 kB
Inactive:         738108 kB
Active(anon):     332660 kB
Inactive(anon):   339564 kB
Active(file):     296676 kB
Inactive(file):   398544 kB
Unevictable:        2136 kB
Mlocked:               0 kB
HighTotal:       1436668 kB
HighFree:           7112 kB
LowTotal:         426284 kB
LowFree:           27880 kB
SwapTotal:       1048572 kB
SwapFree:         999964 kB
Dirty:                68 kB
Writeback:             0 kB
AnonPages:        669224 kB
Mapped:           449516 kB
Shmem:               696 kB
Slab:              41420 kB
SReclaimable:      13876 kB
SUnreclaim:        27544 kB
KernelStack:       12024 kB
PageTables:        43260 kB
NFS_Unstable:          0 kB
Bounce:                0 kB
WritebackTmp:          0 kB
CommitLimit:     1980048 kB
Committed_AS:   87172080 kB
VmallocTotal:     458752 kB
VmallocUsed:      114728 kB
VmallocChunk:     156676 kB
Time pass: 70 sec

---2015-12-17 17:07:46
MemTotal:        1862952 kB
MemFree:           29780 kB
Buffers:            9908 kB
Cached:           662328 kB
SwapCached:         3888 kB
Active:           636368 kB
Inactive:         713468 kB
Active(anon):     336852 kB
Inactive(anon):   343580 kB
Active(file):     299516 kB
Inactive(file):   369888 kB
Unevictable:        2136 kB
Mlocked:               0 kB
HighTotal:       1436668 kB
HighFree:           4596 kB
LowTotal:         426284 kB
LowFree:           25184 kB
SwapTotal:       1048572 kB
SwapFree:         998208 kB
Dirty:               544 kB
Writeback:             0 kB
AnonPages:        676792 kB
Mapped:           463196 kB
Shmem:               696 kB
Slab:              41516 kB
SReclaimable:      13896 kB
SUnreclaim:        27620 kB
KernelStack:       12064 kB
PageTables:        43328 kB
NFS_Unstable:          0 kB
Bounce:                0 kB
WritebackTmp:          0 kB
CommitLimit:     1980048 kB
Committed_AS:   87187680 kB
VmallocTotal:     458752 kB
VmallocUsed:      114852 kB
VmallocChunk:     156676 kB
Time pass: 74 sec

---2015-12-17 17:07:46
MemTotal:        1862952 kB
MemFree:           28696 kB
Buffers:            9948 kB
Cached:           651096 kB
SwapCached:         4008 kB
Active:           647032 kB
Inactive:         704340 kB
Active(anon):     346484 kB
Inactive(anon):   346696 kB
Active(file):     300548 kB
Inactive(file):   357644 kB
Unevictable:        2136 kB
Mlocked:               0 kB
HighTotal:       1436668 kB
HighFree:           3640 kB
LowTotal:         426284 kB
LowFree:           25056 kB
SwapTotal:       1048572 kB
SwapFree:         997468 kB
Dirty:               348 kB
Writeback:             0 kB
AnonPages:        689496 kB
Mapped:           466944 kB
Shmem:               696 kB
Slab:              41552 kB
SReclaimable:      13892 kB
SUnreclaim:        27660 kB
KernelStack:       12120 kB
PageTables:        43360 kB
NFS_Unstable:          0 kB
Bounce:                0 kB
WritebackTmp:          0 kB
CommitLimit:     1980048 kB
Committed_AS:   87202072 kB
VmallocTotal:     458752 kB
VmallocUsed:      114772 kB
VmallocChunk:     156676 kB
Time pass: 77 sec

---2015-12-17 17:07:46
MemTotal:        1862952 kB
MemFree:           32252 kB
Buffers:            9980 kB
Cached:           620876 kB
SwapCached:         4216 kB
Active:           661912 kB
Inactive:         668952 kB
Active(anon):     354532 kB
Inactive(anon):   348456 kB
Active(file):     307380 kB
Inactive(file):   320496 kB
Unevictable:        2136 kB
Mlocked:               0 kB
HighTotal:       1436668 kB
HighFree:           2524 kB
LowTotal:         426284 kB
LowFree:           29728 kB
SwapTotal:       1048572 kB
SwapFree:         993508 kB
Dirty:               136 kB
Writeback:             0 kB
AnonPages:        699368 kB
Mapped:           466100 kB
Shmem:               844 kB
Slab:              41836 kB
SReclaimable:      13884 kB
SUnreclaim:        27952 kB
KernelStack:       12320 kB
PageTables:        43544 kB
NFS_Unstable:          0 kB
Bounce:                0 kB
WritebackTmp:          0 kB
CommitLimit:     1980048 kB
Committed_AS:   87225060 kB
VmallocTotal:     458752 kB
VmallocUsed:      118736 kB
VmallocChunk:     156676 kB
Time pass: 81 sec

---2015-12-17 17:07:46
MemTotal:        1862952 kB
MemFree:           30356 kB
Buffers:            9996 kB
Cached:           591252 kB
SwapCached:         4224 kB
Active:           650408 kB
Inactive:         650084 kB
Active(anon):     351400 kB
Inactive(anon):   351088 kB
Active(file):     299008 kB
Inactive(file):   298996 kB
Unevictable:        2368 kB
Mlocked:               0 kB
HighTotal:       1436668 kB
HighFree:           6392 kB
LowTotal:         426284 kB
LowFree:           23964 kB
SwapTotal:       1048572 kB
SwapFree:         991736 kB
Dirty:                 0 kB
Writeback:             0 kB
AnonPages:        698652 kB
Mapped:           465768 kB
Shmem:               876 kB
Slab:              41916 kB
SReclaimable:      13908 kB
SUnreclaim:        28008 kB
KernelStack:       12352 kB
PageTables:        43748 kB
NFS_Unstable:          0 kB
Bounce:                0 kB
WritebackTmp:          0 kB
CommitLimit:     1980048 kB
Committed_AS:   87225228 kB
VmallocTotal:     458752 kB
VmallocUsed:      122496 kB
VmallocChunk:     156676 kB
Time pass: 85 sec

---2015-12-17 17:07:46
MemTotal:        1862952 kB
MemFree:           28496 kB
Buffers:           10004 kB
Cached:           588936 kB
SwapCached:         4228 kB
Active:           650556 kB
Inactive:         650608 kB
Active(anon):     352780 kB
Inactive(anon):   352808 kB
Active(file):     297776 kB
Inactive(file):   297800 kB
Unevictable:        2368 kB
Mlocked:               0 kB
HighTotal:       1436668 kB
HighFree:           4600 kB
LowTotal:         426284 kB
LowFree:           23896 kB
SwapTotal:       1048572 kB
SwapFree:         991520 kB
Dirty:                48 kB
Writeback:             0 kB
AnonPages:        701860 kB
Mapped:           466064 kB
Shmem:               988 kB
Slab:              41944 kB
SReclaimable:      13916 kB
SUnreclaim:        28028 kB
KernelStack:       12328 kB
PageTables:        43868 kB
NFS_Unstable:          0 kB
Bounce:                0 kB
WritebackTmp:          0 kB
CommitLimit:     1980048 kB
Committed_AS:   87230396 kB
VmallocTotal:     458752 kB
VmallocUsed:      122576 kB
VmallocChunk:     156676 kB
Time pass: 88 sec

---2015-12-17 17:07:46
MemTotal:        1862952 kB
MemFree:           27848 kB
Buffers:           10020 kB
Cached:           588936 kB
SwapCached:         4224 kB
Active:           651936 kB
Inactive:         650608 kB
Active(anon):     354156 kB
Inactive(anon):   352804 kB
Active(file):     297780 kB
Inactive(file):   297804 kB
Unevictable:        2368 kB
Mlocked:               0 kB
HighTotal:       1436668 kB
HighFree:           4024 kB
LowTotal:         426284 kB
LowFree:           23824 kB
SwapTotal:       1048572 kB
SwapFree:         991528 kB
Dirty:                64 kB
Writeback:             0 kB
AnonPages:        703028 kB
Mapped:           465944 kB
Shmem:               988 kB
Slab:              41908 kB
SReclaimable:      13908 kB
SUnreclaim:        28000 kB
KernelStack:       12312 kB
PageTables:        43756 kB
NFS_Unstable:          0 kB
Bounce:                0 kB
WritebackTmp:          0 kB
CommitLimit:     1980048 kB
Committed_AS:   87230556 kB
VmallocTotal:     458752 kB
VmallocUsed:      122496 kB
VmallocChunk:     156676 kB
Time pass: 92 sec

---2015-12-17 17:07:46
MemTotal:        1862952 kB
MemFree:           27556 kB
Buffers:           10028 kB
Cached:           588328 kB
SwapCached:         4260 kB
Active:           651708 kB
Inactive:         650836 kB
Active(anon):     354244 kB
Inactive(anon):   353304 kB
Active(file):     297464 kB
Inactive(file):   297532 kB
Unevictable:        2368 kB
Mlocked:               0 kB
HighTotal:       1436668 kB
HighFree:           3984 kB
LowTotal:         426284 kB
LowFree:           23572 kB
SwapTotal:       1048572 kB
SwapFree:         991468 kB
Dirty:                36 kB
Writeback:             0 kB
AnonPages:        703568 kB
Mapped:           466128 kB
Shmem:               988 kB
Slab:              41888 kB
SReclaimable:      13908 kB
SUnreclaim:        27980 kB
KernelStack:       12312 kB
PageTables:        43756 kB
NFS_Unstable:          0 kB
Bounce:                0 kB
WritebackTmp:          0 kB
CommitLimit:     1980048 kB
Committed_AS:   87230708 kB
VmallocTotal:     458752 kB
VmallocUsed:      122576 kB
VmallocChunk:     156676 kB
Time pass: 96 sec

---2015-12-17 17:07:46
MemTotal:        1862952 kB
MemFree:           70400 kB
Buffers:           10044 kB
Cached:           581392 kB
SwapCached:         4280 kB
Active:           646468 kB
Inactive:         650276 kB
Active(anon):     352384 kB
Inactive(anon):   356112 kB
Active(file):     294084 kB
Inactive(file):   294164 kB
Unevictable:        2368 kB
Mlocked:               0 kB
HighTotal:       1436668 kB
HighFree:          42100 kB
LowTotal:         426284 kB
LowFree:           28300 kB
SwapTotal:       1048572 kB
SwapFree:         989356 kB
Dirty:                44 kB
Writeback:             0 kB
AnonPages:        704692 kB
Mapped:           466036 kB
Shmem:               804 kB
Slab:              41964 kB
SReclaimable:      13916 kB
SUnreclaim:        28048 kB
KernelStack:       12448 kB
PageTables:        43924 kB
NFS_Unstable:          0 kB
Bounce:                0 kB
WritebackTmp:          0 kB
CommitLimit:     1980048 kB
Committed_AS:   88667932 kB
VmallocTotal:     458752 kB
VmallocUsed:      115972 kB
VmallocChunk:     156676 kB
Time pass: 99 sec

---2015-12-17 17:07:46
MemTotal:        1862952 kB
MemFree:          117724 kB
Buffers:           10052 kB
Cached:           581448 kB
SwapCached:         4320 kB
Active:           633264 kB
Inactive:         649568 kB
Active(anon):     338560 kB
Inactive(anon):   355876 kB
Active(file):     294704 kB
Inactive(file):   293692 kB
Unevictable:        2368 kB
Mlocked:               0 kB
HighTotal:       1436668 kB
HighFree:          72028 kB
LowTotal:         426284 kB
LowFree:           45696 kB
SwapTotal:       1048572 kB
SwapFree:         989372 kB
Dirty:                52 kB
Writeback:             0 kB
AnonPages:        690636 kB
Mapped:           465388 kB
Shmem:               696 kB
Slab:              41828 kB
SReclaimable:      13916 kB
SUnreclaim:        27912 kB
KernelStack:       12168 kB
PageTables:        43740 kB
NFS_Unstable:          0 kB
Bounce:                0 kB
WritebackTmp:          0 kB
CommitLimit:     1980048 kB
Committed_AS:   88667168 kB
VmallocTotal:     458752 kB
VmallocUsed:      115932 kB
VmallocChunk:     156676 kB
Time pass: 103 sec

---2015-12-17 17:07:46
MemTotal:        1862952 kB
MemFree:          389580 kB
Buffers:           10124 kB
Cached:           584008 kB
SwapCached:         4832 kB
Active:           550972 kB
Inactive:         647720 kB
Active(anon):     254368 kB
Inactive(anon):   353124 kB
Active(file):     296604 kB
Inactive(file):   294596 kB
Unevictable:        2368 kB
Mlocked:               0 kB
HighTotal:       1436668 kB
HighFree:         259712 kB
LowTotal:         426284 kB
LowFree:          129868 kB
SwapTotal:       1048572 kB
SwapFree:         989392 kB
Dirty:               100 kB
Writeback:             0 kB
AnonPages:        603440 kB
Mapped:           323744 kB
Shmem:               564 kB
Slab:              41764 kB
SReclaimable:      13924 kB
SUnreclaim:        27840 kB
KernelStack:       11376 kB
PageTables:        41216 kB
NFS_Unstable:          0 kB
Bounce:                0 kB
WritebackTmp:          0 kB
CommitLimit:     1980048 kB
Committed_AS:   84551300 kB
VmallocTotal:     458752 kB
VmallocUsed:      111836 kB
VmallocChunk:     156676 kB
Time pass: 106 sec

---2015-12-17 17:07:46
MemTotal:        1862952 kB
MemFree:          390564 kB
Buffers:           10132 kB
Cached:           584008 kB
SwapCached:         4832 kB
Active:           551260 kB
Inactive:         646720 kB
Active(anon):     254648 kB
Inactive(anon):   352124 kB
Active(file):     296612 kB
Inactive(file):   294596 kB
Unevictable:        2368 kB
Mlocked:               0 kB
HighTotal:       1436668 kB
HighFree:         260552 kB
LowTotal:         426284 kB
LowFree:          130012 kB
SwapTotal:       1048572 kB
SwapFree:         989392 kB
Dirty:                 0 kB
Writeback:             0 kB
AnonPages:        602656 kB
Mapped:           323756 kB
Shmem:               564 kB
Slab:              41760 kB
SReclaimable:      13924 kB
SUnreclaim:        27836 kB
KernelStack:       11368 kB
PageTables:        41240 kB
NFS_Unstable:          0 kB
Bounce:                0 kB
WritebackTmp:          0 kB
CommitLimit:     1980048 kB
Committed_AS:   84551668 kB
VmallocTotal:     458752 kB
VmallocUsed:      111756 kB
VmallocChunk:     156676 kB
Time pass: 110 sec

---2015-12-17 17:07:46
MemTotal:        1862952 kB
MemFree:          390564 kB
Buffers:           10140 kB
Cached:           584008 kB
SwapCached:         4832 kB
Active:           550712 kB
Inactive:         646720 kB
Active(anon):     254096 kB
Inactive(anon):   352120 kB
Active(file):     296616 kB
Inactive(file):   294600 kB
Unevictable:        2368 kB
Mlocked:               0 kB
HighTotal:       1436668 kB
HighFree:         260676 kB
LowTotal:         426284 kB
LowFree:          129888 kB
SwapTotal:       1048572 kB
SwapFree:         989392 kB
Dirty:                44 kB
Writeback:             0 kB
AnonPages:        602080 kB
Mapped:           323816 kB
Shmem:               564 kB
Slab:              41760 kB
SReclaimable:      13924 kB
SUnreclaim:        27836 kB
KernelStack:       11328 kB
PageTables:        41260 kB
NFS_Unstable:          0 kB
Bounce:                0 kB
WritebackTmp:          0 kB
CommitLimit:     1980048 kB
Committed_AS:   84551828 kB
VmallocTotal:     458752 kB
VmallocUsed:      111836 kB
VmallocChunk:     156676 kB
Time pass: 114 sec

---2015-12-17 17:07:46
MemTotal:        1862952 kB
MemFree:          390872 kB
Buffers:           10140 kB
Cached:           584232 kB
SwapCached:         4832 kB
Active:           550820 kB
Inactive:         646944 kB
Active(anon):     254204 kB
Inactive(anon):   352120 kB
Active(file):     296616 kB
Inactive(file):   294824 kB
Unevictable:        2368 kB
Mlocked:               0 kB
HighTotal:       1436668 kB
HighFree:         260696 kB
LowTotal:         426284 kB
LowFree:          130176 kB
SwapTotal:       1048572 kB
SwapFree:         989392 kB
Dirty:                48 kB
Writeback:             0 kB
AnonPages:        602240 kB
Mapped:           323776 kB
Shmem:               564 kB
Slab:              41760 kB
SReclaimable:      13924 kB
SUnreclaim:        27836 kB
KernelStack:       11328 kB
PageTables:        41260 kB
NFS_Unstable:          0 kB
Bounce:                0 kB
WritebackTmp:          0 kB
CommitLimit:     1980048 kB
Committed_AS:   84551900 kB
VmallocTotal:     458752 kB
VmallocUsed:      111756 kB
VmallocChunk:     156676 kB
Time pass: 117 sec

---2015-12-17 17:07:46
MemTotal:        1862952 kB
MemFree:          390360 kB
Buffers:           10148 kB
Cached:           584364 kB
SwapCached:         4832 kB
Active:           551104 kB
Inactive:         647108 kB
Active(anon):     254488 kB
Inactive(anon):   352156 kB
Active(file):     296616 kB
Inactive(file):   294952 kB
Unevictable:        2368 kB
Mlocked:               0 kB
HighTotal:       1436668 kB
HighFree:         260200 kB
LowTotal:         426284 kB
LowFree:          130160 kB
SwapTotal:       1048572 kB
SwapFree:         989428 kB
Dirty:                 8 kB
Writeback:             0 kB
AnonPages:        602528 kB
Mapped:           323804 kB
Shmem:               564 kB
Slab:              41760 kB
SReclaimable:      13924 kB
SUnreclaim:        27836 kB
KernelStack:       11336 kB
PageTables:        41260 kB
NFS_Unstable:          0 kB
Bounce:                0 kB
WritebackTmp:          0 kB
CommitLimit:     1980048 kB
Committed_AS:   84552060 kB
VmallocTotal:     458752 kB
VmallocUsed:      111780 kB
VmallocChunk:     156676 kB
Time pass: 121 sec

---2015-12-17 17:07:46
MemTotal:        1862952 kB
MemFree:          390244 kB
Buffers:           10156 kB
Cached:           584364 kB
SwapCached:         4832 kB
Active:           551252 kB
Inactive:         647128 kB
Active(anon):     254636 kB
Inactive(anon):   352160 kB
Active(file):     296616 kB
Inactive(file):   294968 kB
Unevictable:        2368 kB
Mlocked:               0 kB
HighTotal:       1436668 kB
HighFree:         260076 kB
LowTotal:         426284 kB
LowFree:          130168 kB
SwapTotal:       1048572 kB
SwapFree:         989432 kB
Dirty:                 4 kB
Writeback:             0 kB
AnonPages:        602708 kB
Mapped:           323808 kB
Shmem:               564 kB
Slab:              41760 kB
SReclaimable:      13924 kB
SUnreclaim:        27836 kB
KernelStack:       11336 kB
PageTables:        41260 kB
NFS_Unstable:          0 kB
Bounce:                0 kB
WritebackTmp:          0 kB
CommitLimit:     1980048 kB
Committed_AS:   84552188 kB
VmallocTotal:     458752 kB
VmallocUsed:      111780 kB
VmallocChunk:     156676 kB
Time pass: 125 sec

---2015-12-17 17:07:46
MemTotal:        1862952 kB
MemFree:          389512 kB
Buffers:           10156 kB
Cached:           584364 kB
SwapCached:         4832 kB
Active:           552188 kB
Inactive:         646776 kB
Active(anon):     255568 kB
Inactive(anon):   351808 kB
Active(file):     296620 kB
Inactive(file):   294968 kB
Unevictable:        2368 kB
Mlocked:               0 kB
HighTotal:       1436668 kB
HighFree:         259456 kB
LowTotal:         426284 kB
LowFree:          130056 kB
SwapTotal:       1048572 kB
SwapFree:         989536 kB
Dirty:                 4 kB
Writeback:             0 kB
AnonPages:        603292 kB
Mapped:           323872 kB
Shmem:               564 kB
Slab:              41848 kB
SReclaimable:      14012 kB
SUnreclaim:        27836 kB
KernelStack:       11344 kB
PageTables:        41276 kB
NFS_Unstable:          0 kB
Bounce:                0 kB
WritebackTmp:          0 kB
CommitLimit:     1980048 kB
Committed_AS:   84554880 kB
VmallocTotal:     458752 kB
VmallocUsed:      111780 kB
VmallocChunk:     156676 kB
Time pass: 128 sec

---2015-12-17 17:07:46
MemTotal:        1862952 kB
MemFree:          389176 kB
Buffers:           10160 kB
Cached:           584428 kB
SwapCached:         4832 kB
Active:           552164 kB
Inactive:         646444 kB
Active(anon):     255544 kB
Inactive(anon):   351408 kB
Active(file):     296620 kB
Inactive(file):   295036 kB
Unevictable:        2368 kB
Mlocked:               0 kB
HighTotal:       1436668 kB
HighFree:         259072 kB
LowTotal:         426284 kB
LowFree:          130104 kB
SwapTotal:       1048572 kB
SwapFree:         989540 kB
Dirty:                 8 kB
Writeback:             0 kB
AnonPages:        602868 kB
Mapped:           323872 kB
Shmem:               564 kB
Slab:              41792 kB
SReclaimable:      13956 kB
SUnreclaim:        27836 kB
KernelStack:       11344 kB
PageTables:        41276 kB
NFS_Unstable:          0 kB
Bounce:                0 kB
WritebackTmp:          0 kB
CommitLimit:     1980048 kB
Committed_AS:   84552332 kB
VmallocTotal:     458752 kB
VmallocUsed:      111860 kB
VmallocChunk:     156676 kB
Time pass: 132 sec

---2015-12-17 17:07:46
MemTotal:        1862952 kB
MemFree:          389900 kB
Buffers:           10168 kB
Cached:           584428 kB
SwapCached:         4832 kB
Active:           552392 kB
Inactive:         646428 kB
Active(anon):     255768 kB
Inactive(anon):   351392 kB
Active(file):     296624 kB
Inactive(file):   295036 kB
Unevictable:        2368 kB
Mlocked:               0 kB
HighTotal:       1436668 kB
HighFree:         259492 kB
LowTotal:         426284 kB
LowFree:          130408 kB
SwapTotal:       1048572 kB
SwapFree:         989540 kB
Dirty:                12 kB
Writeback:             0 kB
AnonPages:        603072 kB
Mapped:           323812 kB
Shmem:               564 kB
Slab:              41752 kB
SReclaimable:      13916 kB
SUnreclaim:        27836 kB
KernelStack:       11296 kB
PageTables:        41260 kB
NFS_Unstable:          0 kB
Bounce:                0 kB
WritebackTmp:          0 kB
CommitLimit:     1980048 kB
Committed_AS:   84552428 kB
VmallocTotal:     458752 kB
VmallocUsed:      111780 kB
VmallocChunk:     156676 kB
Time pass: 136 sec

---2015-12-17 17:07:46
MemTotal:        1862952 kB
MemFree:          389660 kB
Buffers:           10168 kB
Cached:           584492 kB
SwapCached:         4832 kB
Active:           552604 kB
Inactive:         646468 kB
Active(anon):     255980 kB
Inactive(anon):   351384 kB
Active(file):     296624 kB
Inactive(file):   295084 kB
Unevictable:        2368 kB
Mlocked:               0 kB
HighTotal:       1436668 kB
HighFree:         259244 kB
LowTotal:         426284 kB
LowFree:          130416 kB
SwapTotal:       1048572 kB
SwapFree:         989548 kB
Dirty:                 4 kB
Writeback:             0 kB
AnonPages:        603276 kB
Mapped:           323812 kB
Shmem:               564 kB
Slab:              41752 kB
SReclaimable:      13916 kB
SUnreclaim:        27836 kB
KernelStack:       11288 kB
PageTables:        41260 kB
NFS_Unstable:          0 kB
Bounce:                0 kB
WritebackTmp:          0 kB
CommitLimit:     1980048 kB
Committed_AS:   84552508 kB
VmallocTotal:     458752 kB
VmallocUsed:      111780 kB
VmallocChunk:     156676 kB
Time pass: 139 sec

---2015-12-17 17:07:46
MemTotal:        1862952 kB
MemFree:          389412 kB
Buffers:           10168 kB
Cached:           584480 kB
SwapCached:         4832 kB
Active:           552860 kB
Inactive:         646476 kB
Active(anon):     256236 kB
Inactive(anon):   351384 kB
Active(file):     296624 kB
Inactive(file):   295092 kB
Unevictable:        2368 kB
Mlocked:               0 kB
HighTotal:       1436668 kB
HighFree:         258996 kB
LowTotal:         426284 kB
LowFree:          130416 kB
SwapTotal:       1048572 kB
SwapFree:         989548 kB
Dirty:                 4 kB
Writeback:             0 kB
AnonPages:        603472 kB
Mapped:           323900 kB
Shmem:               564 kB
Slab:              41752 kB
SReclaimable:      13916 kB
SUnreclaim:        27836 kB
KernelStack:       11288 kB
PageTables:        41260 kB
NFS_Unstable:          0 kB
Bounce:                0 kB
WritebackTmp:          0 kB
CommitLimit:     1980048 kB
Committed_AS:   84552708 kB
VmallocTotal:     458752 kB
VmallocUsed:      111780 kB
VmallocChunk:     156676 kB
Time pass: 143 sec

---2015-12-17 17:07:46
MemTotal:        1862952 kB
MemFree:          385496 kB
Buffers:           10192 kB
Cached:           585296 kB
SwapCached:         4832 kB
Active:           555700 kB
Inactive:         647216 kB
Active(anon):     258976 kB
Inactive(anon):   351384 kB
Active(file):     296724 kB
Inactive(file):   295832 kB
Unevictable:        2368 kB
Mlocked:               0 kB
HighTotal:       1436668 kB
HighFree:         255476 kB
LowTotal:         426284 kB
LowFree:          130020 kB
SwapTotal:       1048572 kB
SwapFree:         989548 kB
Dirty:                 4 kB
Writeback:             0 kB
AnonPages:        606264 kB
Mapped:           324204 kB
Shmem:               564 kB
Slab:              41752 kB
SReclaimable:      13916 kB
SUnreclaim:        27836 kB
KernelStack:       11392 kB
PageTables:        41780 kB
NFS_Unstable:          0 kB
Bounce:                0 kB
WritebackTmp:          0 kB
CommitLimit:     1980048 kB
Committed_AS:   85798052 kB
VmallocTotal:     458752 kB
VmallocUsed:      112800 kB
VmallocChunk:     156676 kB
Time pass: 147 sec

---2015-12-17 17:07:46
MemTotal:        1862952 kB
MemFree:          385436 kB
Buffers:           10192 kB
Cached:           585308 kB
SwapCached:         4832 kB
Active:           555796 kB
Inactive:         647084 kB
Active(anon):     259072 kB
Inactive(anon):   351240 kB
Active(file):     296724 kB
Inactive(file):   295844 kB
Unevictable:        2368 kB
Mlocked:               0 kB
HighTotal:       1436668 kB
HighFree:         255352 kB
LowTotal:         426284 kB
LowFree:          130084 kB
SwapTotal:       1048572 kB
SwapFree:         989552 kB
Dirty:                 4 kB
Writeback:             0 kB
AnonPages:        606224 kB
Mapped:           324208 kB
Shmem:               564 kB
Slab:              41752 kB
SReclaimable:      13916 kB
SUnreclaim:        27836 kB
KernelStack:       11320 kB
PageTables:        41772 kB
NFS_Unstable:          0 kB
Bounce:                0 kB
WritebackTmp:          0 kB
CommitLimit:     1980048 kB
Committed_AS:   85797924 kB
VmallocTotal:     458752 kB
VmallocUsed:      112800 kB
VmallocChunk:     156676 kB
Time pass: 150 sec

---2015-12-17 17:07:46
MemTotal:        1862952 kB
MemFree:          385288 kB
Buffers:           10200 kB
Cached:           585308 kB
SwapCached:         4840 kB
Active:           555892 kB
Inactive:         647096 kB
Active(anon):     259168 kB
Inactive(anon):   351248 kB
Active(file):     296724 kB
Inactive(file):   295848 kB
Unevictable:        2368 kB
Mlocked:               0 kB
HighTotal:       1436668 kB
HighFree:         255228 kB
LowTotal:         426284 kB
LowFree:          130060 kB
SwapTotal:       1048572 kB
SwapFree:         989556 kB
Dirty:                12 kB
Writeback:             0 kB
AnonPages:        606348 kB
Mapped:           324208 kB
Shmem:               564 kB
Slab:              41752 kB
SReclaimable:      13916 kB
SUnreclaim:        27836 kB
KernelStack:       11328 kB
PageTables:        41792 kB
NFS_Unstable:          0 kB
Bounce:                0 kB
WritebackTmp:          0 kB
CommitLimit:     1980048 kB
Committed_AS:   85798260 kB
VmallocTotal:     458752 kB
VmallocUsed:      112800 kB
VmallocChunk:     156676 kB
Time pass: 154 sec

---2015-12-17 17:07:46
MemTotal:        1862952 kB
MemFree:          385180 kB
Buffers:           10200 kB
Cached:           585312 kB
SwapCached:         4840 kB
Active:           556076 kB
Inactive:         647104 kB
Active(anon):     259352 kB
Inactive(anon):   351248 kB
Active(file):     296724 kB
Inactive(file):   295856 kB
Unevictable:        2368 kB
Mlocked:               0 kB
HighTotal:       1436668 kB
HighFree:         255104 kB
LowTotal:         426284 kB
LowFree:          130076 kB
SwapTotal:       1048572 kB
SwapFree:         989556 kB
Dirty:                 0 kB
Writeback:             0 kB
AnonPages:        606464 kB
Mapped:           324212 kB
Shmem:               564 kB
Slab:              41752 kB
SReclaimable:      13916 kB
SUnreclaim:        27836 kB
KernelStack:       11328 kB
PageTables:        41792 kB
NFS_Unstable:          0 kB
Bounce:                0 kB
WritebackTmp:          0 kB
CommitLimit:     1980048 kB
Committed_AS:   85798340 kB
VmallocTotal:     458752 kB
VmallocUsed:      112800 kB
VmallocChunk:     156676 kB
Time pass: 158 sec

---2015-12-17 17:07:46
MemTotal:        1862952 kB
MemFree:          384932 kB
Buffers:           10208 kB
Cached:           585312 kB
SwapCached:         4840 kB
Active:           556260 kB
Inactive:         647104 kB
Active(anon):     259532 kB
Inactive(anon):   351244 kB
Active(file):     296728 kB
Inactive(file):   295860 kB
Unevictable:        2368 kB
Mlocked:               0 kB
HighTotal:       1436668 kB
HighFree:         254856 kB
LowTotal:         426284 kB
LowFree:          130076 kB
SwapTotal:       1048572 kB
SwapFree:         989556 kB
Dirty:                12 kB
Writeback:             0 kB
AnonPages:        606688 kB
Mapped:           324212 kB
Shmem:               564 kB
Slab:              41752 kB
SReclaimable:      13916 kB
SUnreclaim:        27836 kB
KernelStack:       11320 kB
PageTables:        41792 kB
NFS_Unstable:          0 kB
Bounce:                0 kB
WritebackTmp:          0 kB
CommitLimit:     1980048 kB
Committed_AS:   85798492 kB
VmallocTotal:     458752 kB
VmallocUsed:      112800 kB
VmallocChunk:     156676 kB
Time pass: 161 sec

---2015-12-17 17:07:46
MemTotal:        1862952 kB
MemFree:          384660 kB
Buffers:           10216 kB
Cached:           585312 kB
SwapCached:         4840 kB
Active:           556776 kB
Inactive:         647108 kB
Active(anon):     260048 kB
Inactive(anon):   351244 kB
Active(file):     296728 kB
Inactive(file):   295864 kB
Unevictable:        2368 kB
Mlocked:               0 kB
HighTotal:       1436668 kB
HighFree:         254608 kB
LowTotal:         426284 kB
LowFree:          130052 kB
SwapTotal:       1048572 kB
SwapFree:         989564 kB
Dirty:                 4 kB
Writeback:             0 kB
AnonPages:        607184 kB
Mapped:           324212 kB
Shmem:               564 kB
Slab:              41752 kB
SReclaimable:      13916 kB
SUnreclaim:        27836 kB
KernelStack:       11320 kB
PageTables:        41792 kB
NFS_Unstable:          0 kB
Bounce:                0 kB
WritebackTmp:          0 kB
CommitLimit:     1980048 kB
Committed_AS:   85799616 kB
VmallocTotal:     458752 kB
VmallocUsed:      112800 kB
VmallocChunk:     156676 kB
Time pass: 165 sec

---2015-12-17 17:07:46
MemTotal:        1862952 kB
MemFree:          290840 kB
Buffers:           10248 kB
Cached:           588444 kB
SwapCached:         5020 kB
Active:           596456 kB
Inactive:         649060 kB
Active(anon):     298576 kB
Inactive(anon):   351312 kB
Active(file):     297880 kB
Inactive(file):   297748 kB
Unevictable:        2368 kB
Mlocked:               0 kB
HighTotal:       1436668 kB
HighFree:         161196 kB
LowTotal:         426284 kB
LowFree:          129644 kB
SwapTotal:       1048572 kB
SwapFree:         989608 kB
Dirty:               840 kB
Writeback:             0 kB
AnonPages:        645528 kB
Mapped:           346928 kB
Shmem:               696 kB
Slab:              41720 kB
SReclaimable:      13916 kB
SUnreclaim:        27804 kB
KernelStack:       11872 kB
PageTables:        42840 kB
NFS_Unstable:          0 kB
Bounce:                0 kB
WritebackTmp:          0 kB
CommitLimit:     1980048 kB
Committed_AS:   87140272 kB
VmallocTotal:     458752 kB
VmallocUsed:      114036 kB
VmallocChunk:     156676 kB
Time pass: 169 sec

---2015-12-17 17:07:46
MemTotal:        1862952 kB
MemFree:          237728 kB
Buffers:           10248 kB
Cached:           589536 kB
SwapCached:         5020 kB
Active:           603504 kB
Inactive:         649292 kB
Active(anon):     304840 kB
Inactive(anon):   351320 kB
Active(file):     298664 kB
Inactive(file):   297972 kB
Unevictable:        2368 kB
Mlocked:               0 kB
HighTotal:       1436668 kB
HighFree:         132184 kB
LowTotal:         426284 kB
LowFree:          105544 kB
SwapTotal:       1048572 kB
SwapFree:         989648 kB
Dirty:               948 kB
Writeback:             0 kB
AnonPages:        651936 kB
Mapped:           361752 kB
Shmem:               696 kB
Slab:              41696 kB
SReclaimable:      13924 kB
SUnreclaim:        27772 kB
KernelStack:       11920 kB
PageTables:        43028 kB
NFS_Unstable:          0 kB
Bounce:                0 kB
WritebackTmp:          0 kB
CommitLimit:     1980048 kB
Committed_AS:   87152976 kB
VmallocTotal:     458752 kB
VmallocUsed:      114404 kB
VmallocChunk:     156676 kB
Time pass: 173 sec

---2015-12-17 17:07:46
MemTotal:        1862952 kB
MemFree:          172736 kB
Buffers:           10256 kB
Cached:           590452 kB
SwapCached:         5020 kB
Active:           619640 kB
Inactive:         649116 kB
Active(anon):     319784 kB
Inactive(anon):   351320 kB
Active(file):     299856 kB
Inactive(file):   297796 kB
Unevictable:        2368 kB
Mlocked:               0 kB
HighTotal:       1436668 kB
HighFree:          80840 kB
LowTotal:         426284 kB
LowFree:           91896 kB
SwapTotal:       1048572 kB
SwapFree:         989648 kB
Dirty:               972 kB
Writeback:             0 kB
AnonPages:        666776 kB
Mapped:           392180 kB
Shmem:               696 kB
Slab:              41780 kB
SReclaimable:      13928 kB
SUnreclaim:        27852 kB
KernelStack:       11920 kB
PageTables:        43184 kB
NFS_Unstable:          0 kB
Bounce:                0 kB
WritebackTmp:          0 kB
CommitLimit:     1980048 kB
Committed_AS:   87167232 kB
VmallocTotal:     458752 kB
VmallocUsed:      114556 kB
VmallocChunk:     156676 kB
Time pass: 176 sec

---2015-12-17 17:07:46
MemTotal:        1862952 kB
MemFree:          156752 kB
Buffers:           10264 kB
Cached:           590548 kB
SwapCached:         5020 kB
Active:           617964 kB
Inactive:         642232 kB
Active(anon):     320124 kB
Inactive(anon):   343164 kB
Active(file):     297840 kB
Inactive(file):   299068 kB
Unevictable:       11524 kB
Mlocked:            9176 kB
HighTotal:       1436668 kB
HighFree:          64552 kB
LowTotal:         426284 kB
LowFree:           92200 kB
SwapTotal:       1048572 kB
SwapFree:         989648 kB
Dirty:                 8 kB
Writeback:             0 kB
AnonPages:        667156 kB
Mapped:           405560 kB
Shmem:               696 kB
Slab:              41848 kB
SReclaimable:      13928 kB
SUnreclaim:        27920 kB
KernelStack:       11960 kB
PageTables:        43184 kB
NFS_Unstable:          0 kB
Bounce:                0 kB
WritebackTmp:          0 kB
CommitLimit:     1980048 kB
Committed_AS:   87175696 kB
VmallocTotal:     458752 kB
VmallocUsed:      114628 kB
VmallocChunk:     156676 kB
Time pass: 180 sec

---2015-12-17 17:07:46
MemTotal:        1862952 kB
MemFree:          147492 kB
Buffers:           10276 kB
Cached:           590652 kB
SwapCached:         5020 kB
Active:           617608 kB
Inactive:         651148 kB
Active(anon):     319580 kB
Inactive(anon):   351312 kB
Active(file):     298028 kB
Inactive(file):   299836 kB
Unevictable:        2368 kB
Mlocked:               0 kB
HighTotal:       1436668 kB
HighFree:          54940 kB
LowTotal:         426284 kB
LowFree:           92552 kB
SwapTotal:       1048572 kB
SwapFree:         989656 kB
Dirty:               252 kB
Writeback:             0 kB
AnonPages:        666520 kB
Mapped:           416044 kB
Shmem:               696 kB
Slab:              41800 kB
SReclaimable:      13936 kB
SUnreclaim:        27864 kB
KernelStack:       11880 kB
PageTables:        43208 kB
NFS_Unstable:          0 kB
Bounce:                0 kB
WritebackTmp:          0 kB
CommitLimit:     1980048 kB
Committed_AS:   87175904 kB
VmallocTotal:     458752 kB
VmallocUsed:      114508 kB
VmallocChunk:     156676 kB
Time pass: 183 sec

---2015-12-17 17:07:46
MemTotal:        1862952 kB
MemFree:          139512 kB
Buffers:           10284 kB
Cached:           590660 kB
SwapCached:         5020 kB
Active:           629780 kB
Inactive:         651120 kB
Active(anon):     331700 kB
Inactive(anon):   351320 kB
Active(file):     298080 kB
Inactive(file):   299800 kB
Unevictable:        2368 kB
Mlocked:               0 kB
HighTotal:       1436668 kB
HighFree:          31052 kB
LowTotal:         426284 kB
LowFree:          108460 kB
SwapTotal:       1048572 kB
SwapFree:         989660 kB
Dirty:               536 kB
Writeback:             0 kB
AnonPages:        678572 kB
Mapped:           424616 kB
Shmem:               696 kB
Slab:              41808 kB
SReclaimable:      13936 kB
SUnreclaim:        27872 kB
KernelStack:       11944 kB
PageTables:        43212 kB
NFS_Unstable:          0 kB
Bounce:                0 kB
WritebackTmp:          0 kB
CommitLimit:     1980048 kB
Committed_AS:   87192632 kB
VmallocTotal:     458752 kB
VmallocUsed:      114832 kB
VmallocChunk:     156676 kB
Time pass: 187 sec

---2015-12-17 17:07:46
MemTotal:        1862952 kB
MemFree:          120216 kB
Buffers:           10284 kB
Cached:           590668 kB
SwapCached:         5020 kB
Active:           623416 kB
Inactive:         651084 kB
Active(anon):     325324 kB
Inactive(anon):   351288 kB
Active(file):     298092 kB
Inactive(file):   299796 kB
Unevictable:        2368 kB
Mlocked:               0 kB
HighTotal:       1436668 kB
HighFree:          27900 kB
LowTotal:         426284 kB
LowFree:           92316 kB
SwapTotal:       1048572 kB
SwapFree:         989668 kB
Dirty:                 4 kB
Writeback:             0 kB
AnonPages:        672168 kB
Mapped:           427188 kB
Shmem:               696 kB
Slab:              41836 kB
SReclaimable:      13936 kB
SUnreclaim:        27900 kB
KernelStack:       11848 kB
PageTables:        43284 kB
NFS_Unstable:          0 kB
Bounce:                0 kB
WritebackTmp:          0 kB
CommitLimit:     1980048 kB
Committed_AS:   87192408 kB
VmallocTotal:     458752 kB
VmallocUsed:      114632 kB
VmallocChunk:     156676 kB
Time pass: 190 sec

---2015-12-17 17:07:46
MemTotal:        1862952 kB
MemFree:          118820 kB
Buffers:           10292 kB
Cached:           590668 kB
SwapCached:         5020 kB
Active:           623308 kB
Inactive:         651096 kB
Active(anon):     325216 kB
Inactive(anon):   351292 kB
Active(file):     298092 kB
Inactive(file):   299804 kB
Unevictable:        2368 kB
Mlocked:               0 kB
HighTotal:       1436668 kB
HighFree:          27032 kB
LowTotal:         426284 kB
LowFree:           91788 kB
SwapTotal:       1048572 kB
SwapFree:         989672 kB
Dirty:                52 kB
Writeback:             0 kB
AnonPages:        672152 kB
Mapped:           427308 kB
Shmem:               696 kB
Slab:              41836 kB
SReclaimable:      13936 kB
SUnreclaim:        27900 kB
KernelStack:       11848 kB
PageTables:        43284 kB
NFS_Unstable:          0 kB
Bounce:                0 kB
WritebackTmp:          0 kB
CommitLimit:     1980048 kB
Committed_AS:   87192616 kB
VmallocTotal:     458752 kB
VmallocUsed:      114872 kB
VmallocChunk:     156676 kB
Time pass: 194 sec

---2015-12-17 17:07:46
MemTotal:        1862952 kB
MemFree:          117060 kB
Buffers:           10292 kB
Cached:           591020 kB
SwapCached:         5032 kB
Active:           625208 kB
Inactive:         651460 kB
Active(anon):     327112 kB
Inactive(anon):   351304 kB
Active(file):     298096 kB
Inactive(file):   300156 kB
Unevictable:        2368 kB
Mlocked:               0 kB
HighTotal:       1436668 kB
HighFree:          25196 kB
LowTotal:         426284 kB
LowFree:           91864 kB
SwapTotal:       1048572 kB
SwapFree:         989676 kB
Dirty:                 8 kB
Writeback:             0 kB
AnonPages:        674136 kB
Mapped:           427736 kB
Shmem:               696 kB
Slab:              41796 kB
SReclaimable:      13920 kB
SUnreclaim:        27876 kB
KernelStack:       11952 kB
PageTables:        43284 kB
NFS_Unstable:          0 kB
Bounce:                0 kB
WritebackTmp:          0 kB
CommitLimit:     1980048 kB
Committed_AS:   87193488 kB
VmallocTotal:     458752 kB
VmallocUsed:      114792 kB
VmallocChunk:     156676 kB
Time pass: 198 sec

---2015-12-17 17:07:46
MemTotal:        1862952 kB
MemFree:          103940 kB
Buffers:           10324 kB
Cached:           591240 kB
SwapCached:         5040 kB
Active:           629816 kB
Inactive:         651708 kB
Active(anon):     331716 kB
Inactive(anon):   351392 kB
Active(file):     298100 kB
Inactive(file):   300316 kB
Unevictable:        2368 kB
Mlocked:               0 kB
HighTotal:       1436668 kB
HighFree:          14040 kB
LowTotal:         426284 kB
LowFree:           89900 kB
SwapTotal:       1048572 kB
SwapFree:         989680 kB
Dirty:                84 kB
Writeback:             0 kB
AnonPages:        678700 kB
Mapped:           428944 kB
Shmem:               772 kB
Slab:              41904 kB
SReclaimable:      13936 kB
SUnreclaim:        27968 kB
KernelStack:       12048 kB
PageTables:        43404 kB
NFS_Unstable:          0 kB
Bounce:                0 kB
WritebackTmp:          0 kB
CommitLimit:     1980048 kB
Committed_AS:   87198800 kB
VmallocTotal:     458752 kB
VmallocUsed:      117252 kB
VmallocChunk:     156676 kB
Time pass: 201 sec

---2015-12-17 17:07:46
MemTotal:        1862952 kB
MemFree:          103792 kB
Buffers:           10332 kB
Cached:           591264 kB
SwapCached:         5040 kB
Active:           631728 kB
Inactive:         651752 kB
Active(anon):     333624 kB
Inactive(anon):   351428 kB
Active(file):     298104 kB
Inactive(file):   300324 kB
Unevictable:        2368 kB
Mlocked:               0 kB
HighTotal:       1436668 kB
HighFree:          11064 kB
LowTotal:         426284 kB
LowFree:           92728 kB
SwapTotal:       1048572 kB
SwapFree:         989692 kB
Dirty:                 4 kB
Writeback:             0 kB
AnonPages:        680604 kB
Mapped:           427152 kB
Shmem:               800 kB
Slab:              41916 kB
SReclaimable:      13936 kB
SUnreclaim:        27980 kB
KernelStack:       12008 kB
PageTables:        43416 kB
NFS_Unstable:          0 kB
Bounce:                0 kB
WritebackTmp:          0 kB
CommitLimit:     1980048 kB
Committed_AS:   87199168 kB
VmallocTotal:     458752 kB
VmallocUsed:      117332 kB
VmallocChunk:     156676 kB
Time pass: 205 sec

---2015-12-17 17:07:46
MemTotal:        1862952 kB
MemFree:          103808 kB
Buffers:           10332 kB
Cached:           591272 kB
SwapCached:         5040 kB
Active:           632624 kB
Inactive:         651764 kB
Active(anon):     334520 kB
Inactive(anon):   351432 kB
Active(file):     298104 kB
Inactive(file):   300332 kB
Unevictable:        2368 kB
Mlocked:               0 kB
HighTotal:       1436668 kB
HighFree:          10852 kB
LowTotal:         426284 kB
LowFree:           92956 kB
SwapTotal:       1048572 kB
SwapFree:         989692 kB
Dirty:                48 kB
Writeback:             0 kB
AnonPages:        681532 kB
Mapped:           426844 kB
Shmem:               800 kB
Slab:              41916 kB
SReclaimable:      13936 kB
SUnreclaim:        27980 kB
KernelStack:       11968 kB
PageTables:        43416 kB
NFS_Unstable:          0 kB
Bounce:                0 kB
WritebackTmp:          0 kB
CommitLimit:     1980048 kB
Committed_AS:   87199256 kB
VmallocTotal:     458752 kB
VmallocUsed:      117332 kB
VmallocChunk:     156676 kB
Time pass: 209 sec

---2015-12-17 17:07:46
MemTotal:        1862952 kB
MemFree:          102784 kB
Buffers:           10332 kB
Cached:           591272 kB
SwapCached:         5044 kB
Active:           633344 kB
Inactive:         651756 kB
Active(anon):     335240 kB
Inactive(anon):   351424 kB
Active(file):     298104 kB
Inactive(file):   300332 kB
Unevictable:        2368 kB
Mlocked:               0 kB
HighTotal:       1436668 kB
HighFree:           9956 kB
LowTotal:         426284 kB
LowFree:           92828 kB
SwapTotal:       1048572 kB
SwapFree:         989692 kB
Dirty:                 4 kB
Writeback:             0 kB
AnonPages:        682208 kB
Mapped:           426852 kB
Shmem:               800 kB
Slab:              41976 kB
SReclaimable:      13936 kB
SUnreclaim:        28040 kB
KernelStack:       11968 kB
PageTables:        43416 kB
NFS_Unstable:          0 kB
Bounce:                0 kB
WritebackTmp:          0 kB
CommitLimit:     1980048 kB
Committed_AS:   87199448 kB
VmallocTotal:     458752 kB
VmallocUsed:      117332 kB
VmallocChunk:     156676 kB
Time pass: 213 sec

---2015-12-17 17:07:46
MemTotal:        1862952 kB
MemFree:           96524 kB
Buffers:           10356 kB
Cached:           591280 kB
SwapCached:         5044 kB
Active:           634116 kB
Inactive:         651796 kB
Active(anon):     336012 kB
Inactive(anon):   351440 kB
Active(file):     298104 kB
Inactive(file):   300356 kB
Unevictable:        2368 kB
Mlocked:               0 kB
HighTotal:       1436668 kB
HighFree:           6400 kB
LowTotal:         426284 kB
LowFree:           90124 kB
SwapTotal:       1048572 kB
SwapFree:         989700 kB
Dirty:                56 kB
Writeback:             0 kB
AnonPages:        682988 kB
Mapped:           426868 kB
Shmem:               808 kB
Slab:              41972 kB
SReclaimable:      13936 kB
SUnreclaim:        28036 kB
KernelStack:       11968 kB
PageTables:        43448 kB
NFS_Unstable:          0 kB
Bounce:                0 kB
WritebackTmp:          0 kB
CommitLimit:     1980048 kB
Committed_AS:   87199528 kB
VmallocTotal:     458752 kB
VmallocUsed:      117972 kB
VmallocChunk:     156676 kB
Time pass: 216 sec

---2015-12-17 17:07:46
MemTotal:        1862952 kB
MemFree:           95808 kB
Buffers:           10356 kB
Cached:           591280 kB
SwapCached:         5044 kB
Active:           634516 kB
Inactive:         651796 kB
Active(anon):     336412 kB
Inactive(anon):   351440 kB
Active(file):     298104 kB
Inactive(file):   300356 kB
Unevictable:        2368 kB
Mlocked:               0 kB
HighTotal:       1436668 kB
HighFree:           5936 kB
LowTotal:         426284 kB
LowFree:           89872 kB
SwapTotal:       1048572 kB
SwapFree:         989700 kB
Dirty:                 4 kB
Writeback:             0 kB
AnonPages:        683372 kB
Mapped:           426684 kB
Shmem:               808 kB
Slab:              41976 kB
SReclaimable:      13936 kB
SUnreclaim:        28040 kB
KernelStack:       12080 kB
PageTables:        43448 kB
NFS_Unstable:          0 kB
Bounce:                0 kB
WritebackTmp:          0 kB
CommitLimit:     1980048 kB
Committed_AS:   87199608 kB
VmallocTotal:     458752 kB
VmallocUsed:      117892 kB
VmallocChunk:     156676 kB
Time pass: 220 sec

---2015-12-17 17:07:46
MemTotal:        1862952 kB
MemFree:           95696 kB
Buffers:           10364 kB
Cached:           591280 kB
SwapCached:         5044 kB
Active:           634748 kB
Inactive:         651800 kB
Active(anon):     336640 kB
Inactive(anon):   351440 kB
Active(file):     298108 kB
Inactive(file):   300360 kB
Unevictable:        2368 kB
Mlocked:               0 kB
HighTotal:       1436668 kB
HighFree:           5760 kB
LowTotal:         426284 kB
LowFree:           89936 kB
SwapTotal:       1048572 kB
SwapFree:         989700 kB
Dirty:                44 kB
Writeback:             0 kB
AnonPages:        683388 kB
Mapped:           426688 kB
Shmem:               808 kB
Slab:              41972 kB
SReclaimable:      13936 kB
SUnreclaim:        28036 kB
KernelStack:       12008 kB
PageTables:        43448 kB
NFS_Unstable:          0 kB
Bounce:                0 kB
WritebackTmp:          0 kB
CommitLimit:     1980048 kB
Committed_AS:   87199840 kB
VmallocTotal:     458752 kB
VmallocUsed:      117972 kB
VmallocChunk:     156676 kB
Time pass: 224 sec

---2015-12-17 17:07:46
MemTotal:        1862952 kB
MemFree:           94772 kB
Buffers:           10388 kB
Cached:           591284 kB
SwapCached:         5044 kB
Active:           635068 kB
Inactive:         651808 kB
Active(anon):     336960 kB
Inactive(anon):   351444 kB
Active(file):     298108 kB
Inactive(file):   300364 kB
Unevictable:        2368 kB
Mlocked:               0 kB
HighTotal:       1436668 kB
HighFree:           4988 kB
LowTotal:         426284 kB
LowFree:           89784 kB
SwapTotal:       1048572 kB
SwapFree:         989704 kB
Dirty:                48 kB
Writeback:             0 kB
AnonPages:        683796 kB
Mapped:           426692 kB
Shmem:               808 kB
Slab:              42020 kB
SReclaimable:      13944 kB
SUnreclaim:        28076 kB
KernelStack:       12008 kB
PageTables:        43448 kB
NFS_Unstable:          0 kB
Bounce:                0 kB
WritebackTmp:          0 kB
CommitLimit:     1980048 kB
Committed_AS:   87199880 kB
VmallocTotal:     458752 kB
VmallocUsed:      117972 kB
VmallocChunk:     156676 kB
Time pass: 227 sec

---2015-12-17 17:07:46
MemTotal:        1862952 kB
MemFree:           95428 kB
Buffers:           10388 kB
Cached:           591316 kB
SwapCached:         5048 kB
Active:           635128 kB
Inactive:         651828 kB
Active(anon):     337016 kB
Inactive(anon):   351444 kB
Active(file):     298112 kB
Inactive(file):   300384 kB
Unevictable:        2368 kB
Mlocked:               0 kB
HighTotal:       1436668 kB
HighFree:           5268 kB
LowTotal:         426284 kB
LowFree:           90160 kB
SwapTotal:       1048572 kB
SwapFree:         989712 kB
Dirty:                52 kB
Writeback:             0 kB
AnonPages:        684012 kB
Mapped:           426848 kB
Shmem:               840 kB
Slab:              42028 kB
SReclaimable:      13944 kB
SUnreclaim:        28084 kB
KernelStack:       11960 kB
PageTables:        43448 kB
NFS_Unstable:          0 kB
Bounce:                0 kB
WritebackTmp:          0 kB
CommitLimit:     1980048 kB
Committed_AS:   87199968 kB
VmallocTotal:     458752 kB
VmallocUsed:      117892 kB
VmallocChunk:     156676 kB
Time pass: 231 sec

---2015-12-17 17:07:46
MemTotal:        1862952 kB
MemFree:           95452 kB
Buffers:           10396 kB
Cached:           591316 kB
SwapCached:         5048 kB
Active:           635168 kB
Inactive:         651876 kB
Active(anon):     337056 kB
Inactive(anon):   351484 kB
Active(file):     298112 kB
Inactive(file):   300392 kB
Unevictable:        2368 kB
Mlocked:               0 kB
HighTotal:       1436668 kB
HighFree:           5244 kB
LowTotal:         426284 kB
LowFree:           90208 kB
SwapTotal:       1048572 kB
SwapFree:         989712 kB
Dirty:                48 kB
Writeback:             0 kB
AnonPages:        684084 kB
Mapped:           426856 kB
Shmem:               840 kB
Slab:              41996 kB
SReclaimable:      13944 kB
SUnreclaim:        28052 kB
KernelStack:       12080 kB
PageTables:        43456 kB
NFS_Unstable:          0 kB
Bounce:                0 kB
WritebackTmp:          0 kB
CommitLimit:     1980048 kB
Committed_AS:   87200040 kB
VmallocTotal:     458752 kB
VmallocUsed:      117812 kB
VmallocChunk:     156676 kB
Time pass: 235 sec

---2015-12-17 17:07:46
MemTotal:        1862952 kB
MemFree:           95132 kB
Buffers:           10396 kB
Cached:           591316 kB
SwapCached:         5048 kB
Active:           634720 kB
Inactive:         651876 kB
Active(anon):     336608 kB
Inactive(anon):   351484 kB
Active(file):     298112 kB
Inactive(file):   300392 kB
Unevictable:        2368 kB
Mlocked:               0 kB
HighTotal:       1436668 kB
HighFree:           5084 kB
LowTotal:         426284 kB
LowFree:           90048 kB
SwapTotal:       1048572 kB
SwapFree:         989712 kB
Dirty:                 0 kB
Writeback:             0 kB
AnonPages:        683552 kB
Mapped:           426728 kB
Shmem:               840 kB
Slab:              41996 kB
SReclaimable:      13944 kB
SUnreclaim:        28052 kB
KernelStack:       11944 kB
PageTables:        43448 kB
NFS_Unstable:          0 kB
Bounce:                0 kB
WritebackTmp:          0 kB
CommitLimit:     1980048 kB
Committed_AS:   87200120 kB
VmallocTotal:     458752 kB
VmallocUsed:      117972 kB
VmallocChunk:     156676 kB
Time pass: 238 sec

---2015-12-17 17:07:46
MemTotal:        1862952 kB
MemFree:           94668 kB
Buffers:           10412 kB
Cached:           591316 kB
SwapCached:         5048 kB
Active:           635756 kB
Inactive:         651880 kB
Active(anon):     337644 kB
Inactive(anon):   351472 kB
Active(file):     298112 kB
Inactive(file):   300408 kB
Unevictable:        2368 kB
Mlocked:               0 kB
HighTotal:       1436668 kB
HighFree:           4592 kB
LowTotal:         426284 kB
LowFree:           90076 kB
SwapTotal:       1048572 kB
SwapFree:         989712 kB
Dirty:                56 kB
Writeback:             0 kB
AnonPages:        684504 kB
Mapped:           426916 kB
Shmem:               840 kB
Slab:              42024 kB
SReclaimable:      13960 kB
SUnreclaim:        28064 kB
KernelStack:       11944 kB
PageTables:        43448 kB
NFS_Unstable:          0 kB
Bounce:                0 kB
WritebackTmp:          0 kB
CommitLimit:     1980048 kB
Committed_AS:   87200328 kB
VmallocTotal:     458752 kB
VmallocUsed:      117972 kB
VmallocChunk:     156676 kB
Time pass: 242 sec

---2015-12-17 17:07:46
MemTotal:        1862952 kB
MemFree:           94084 kB
Buffers:           10420 kB
Cached:           591336 kB
SwapCached:         5048 kB
Active:           635880 kB
Inactive:         651908 kB
Active(anon):     337768 kB
Inactive(anon):   351492 kB
Active(file):     298112 kB
Inactive(file):   300416 kB
Unevictable:        2368 kB
Mlocked:               0 kB
HighTotal:       1436668 kB
HighFree:           4204 kB
LowTotal:         426284 kB
LowFree:           89880 kB
SwapTotal:       1048572 kB
SwapFree:         989712 kB
Dirty:                36 kB
Writeback:             0 kB
AnonPages:        684560 kB
Mapped:           426752 kB
Shmem:               860 kB
Slab:              42032 kB
SReclaimable:      13960 kB
SUnreclaim:        28072 kB
KernelStack:       11944 kB
PageTables:        43448 kB
NFS_Unstable:          0 kB
Bounce:                0 kB
WritebackTmp:          0 kB
CommitLimit:     1980048 kB
Committed_AS:   87200408 kB
VmallocTotal:     458752 kB
VmallocUsed:      117972 kB
VmallocChunk:     156676 kB
Time pass: 246 sec

---2015-12-17 17:07:46
MemTotal:        1862952 kB
MemFree:           94440 kB
Buffers:           10428 kB
Cached:           591340 kB
SwapCached:         5048 kB
Active:           635860 kB
Inactive:         651928 kB
Active(anon):     337748 kB
Inactive(anon):   351500 kB
Active(file):     298112 kB
Inactive(file):   300428 kB
Unevictable:        2368 kB
Mlocked:               0 kB
HighTotal:       1436668 kB
HighFree:           4380 kB
LowTotal:         426284 kB
LowFree:           90060 kB
SwapTotal:       1048572 kB
SwapFree:         989720 kB
Dirty:                28 kB
Writeback:             0 kB
AnonPages:        684796 kB
Mapped:           426756 kB
Shmem:               860 kB
Slab:              42032 kB
SReclaimable:      13960 kB
SUnreclaim:        28072 kB
KernelStack:       11952 kB
PageTables:        43448 kB
NFS_Unstable:          0 kB
Bounce:                0 kB
WritebackTmp:          0 kB
CommitLimit:     1980048 kB
Committed_AS:   87200480 kB
VmallocTotal:     458752 kB
VmallocUsed:      117972 kB
VmallocChunk:     156676 kB
Time pass: 250 sec

---2015-12-17 17:07:46
MemTotal:        1862952 kB
MemFree:           93732 kB
Buffers:           10428 kB
Cached:           591340 kB
SwapCached:         5048 kB
Active:           636336 kB
Inactive:         651928 kB
Active(anon):     338224 kB
Inactive(anon):   351500 kB
Active(file):     298112 kB
Inactive(file):   300428 kB
Unevictable:        2368 kB
Mlocked:               0 kB
HighTotal:       1436668 kB
HighFree:           3812 kB
LowTotal:         426284 kB
LowFree:           89920 kB
SwapTotal:       1048572 kB
SwapFree:         989724 kB
Dirty:                32 kB
Writeback:             0 kB
AnonPages:        685264 kB
Mapped:           426980 kB
Shmem:               860 kB
Slab:              42008 kB
SReclaimable:      13960 kB
SUnreclaim:        28048 kB
KernelStack:       12064 kB
PageTables:        43448 kB
NFS_Unstable:          0 kB
Bounce:                0 kB
WritebackTmp:          0 kB
CommitLimit:     1980048 kB
Committed_AS:   87200688 kB
VmallocTotal:     458752 kB
VmallocUsed:      117972 kB
VmallocChunk:     156676 kB
Time pass: 253 sec

---2015-12-17 17:07:46
MemTotal:        1862952 kB
MemFree:           93512 kB
Buffers:           10452 kB
Cached:           591340 kB
SwapCached:         5048 kB
Active:           636492 kB
Inactive:         651956 kB
Active(anon):     338376 kB
Inactive(anon):   351508 kB
Active(file):     298116 kB
Inactive(file):   300448 kB
Unevictable:        2368 kB
Mlocked:               0 kB
HighTotal:       1436668 kB
HighFree:           3748 kB
LowTotal:         426284 kB
LowFree:           89764 kB
SwapTotal:       1048572 kB
SwapFree:         989728 kB
Dirty:                48 kB
Writeback:             0 kB
AnonPages:        685344 kB
Mapped:           426980 kB
Shmem:               860 kB
Slab:              41992 kB
SReclaimable:      13960 kB
SUnreclaim:        28032 kB
KernelStack:       11952 kB
PageTables:        43448 kB
NFS_Unstable:          0 kB
Bounce:                0 kB
WritebackTmp:          0 kB
CommitLimit:     1980048 kB
Committed_AS:   87200768 kB
VmallocTotal:     458752 kB
VmallocUsed:      117972 kB
VmallocChunk:     156676 kB
Time pass: 257 sec

---2015-12-17 17:07:46
MemTotal:        1862952 kB
MemFree:           93748 kB
Buffers:           10460 kB
Cached:           591332 kB
SwapCached:         5044 kB
Active:           636516 kB
Inactive:         651956 kB
Active(anon):     338400 kB
Inactive(anon):   351508 kB
Active(file):     298116 kB
Inactive(file):   300448 kB
Unevictable:        2368 kB
Mlocked:               0 kB
HighTotal:       1436668 kB
HighFree:           3696 kB
LowTotal:         426284 kB
LowFree:           90052 kB
SwapTotal:       1048572 kB
SwapFree:         989732 kB
Dirty:                 4 kB
Writeback:             0 kB
AnonPages:        685296 kB
Mapped:           426924 kB
Shmem:               860 kB
Slab:              41992 kB
SReclaimable:      13960 kB
SUnreclaim:        28032 kB
KernelStack:       12032 kB
PageTables:        43448 kB
NFS_Unstable:          0 kB
Bounce:                0 kB
WritebackTmp:          0 kB
CommitLimit:     1980048 kB
Committed_AS:   87200840 kB
VmallocTotal:     458752 kB
VmallocUsed:      117892 kB
VmallocChunk:     156676 kB
Time pass: 261 sec

---2015-12-17 17:07:46
MemTotal:        1862952 kB
MemFree:           93892 kB
Buffers:           10460 kB
Cached:           591340 kB
SwapCached:         5044 kB
Active:           636904 kB
Inactive:         651964 kB
Active(anon):     338788 kB
Inactive(anon):   351508 kB
Active(file):     298116 kB
Inactive(file):   300456 kB
Unevictable:        2368 kB
Mlocked:               0 kB
HighTotal:       1436668 kB
HighFree:           3596 kB
LowTotal:         426284 kB
LowFree:           90296 kB
SwapTotal:       1048572 kB
SwapFree:         989736 kB
Dirty:                 4 kB
Writeback:            28 kB
AnonPages:        685792 kB
Mapped:           427024 kB
Shmem:               860 kB
Slab:              42092 kB
SReclaimable:      13960 kB
SUnreclaim:        28132 kB
KernelStack:       11992 kB
PageTables:        43448 kB
NFS_Unstable:          0 kB
Bounce:                0 kB
WritebackTmp:          0 kB
CommitLimit:     1980048 kB
Committed_AS:   87201056 kB
VmallocTotal:     458752 kB
VmallocUsed:      117972 kB
VmallocChunk:     156676 kB
Time pass: 264 sec

---2015-12-17 17:07:46
MemTotal:        1862952 kB
MemFree:           93368 kB
Buffers:           10484 kB
Cached:           591340 kB
SwapCached:         5044 kB
Active:           636760 kB
Inactive:         651992 kB
Active(anon):     338644 kB
Inactive(anon):   351512 kB
Active(file):     298116 kB
Inactive(file):   300480 kB
Unevictable:        2368 kB
Mlocked:               0 kB
HighTotal:       1436668 kB
HighFree:           3448 kB
LowTotal:         426284 kB
LowFree:           89920 kB
SwapTotal:       1048572 kB
SwapFree:         989744 kB
Dirty:                56 kB
Writeback:             0 kB
AnonPages:        685696 kB
Mapped:           427088 kB
Shmem:               860 kB
Slab:              42000 kB
SReclaimable:      13960 kB
SUnreclaim:        28040 kB
KernelStack:       11992 kB
PageTables:        43448 kB
NFS_Unstable:          0 kB
Bounce:                0 kB
WritebackTmp:          0 kB
CommitLimit:     1980048 kB
Committed_AS:   87201128 kB
VmallocTotal:     458752 kB
VmallocUsed:      117972 kB
VmallocChunk:     156676 kB
Time pass: 268 sec

---2015-12-17 17:07:46
MemTotal:        1862952 kB
MemFree:           93328 kB
Buffers:           10484 kB
Cached:           591340 kB
SwapCached:         5044 kB
Active:           637212 kB
Inactive:         651996 kB
Active(anon):     339096 kB
Inactive(anon):   351516 kB
Active(file):     298116 kB
Inactive(file):   300480 kB
Unevictable:        2368 kB
Mlocked:               0 kB
HighTotal:       1436668 kB
HighFree:           3216 kB
LowTotal:         426284 kB
LowFree:           90112 kB
SwapTotal:       1048572 kB
SwapFree:         989748 kB
Dirty:                 4 kB
Writeback:             0 kB
AnonPages:        686032 kB
Mapped:           427028 kB
Shmem:               860 kB
Slab:              42000 kB
SReclaimable:      13960 kB
SUnreclaim:        28040 kB
KernelStack:       11992 kB
PageTables:        43448 kB
NFS_Unstable:          0 kB
Bounce:                0 kB
WritebackTmp:          0 kB
CommitLimit:     1980048 kB
Committed_AS:   87201336 kB
VmallocTotal:     458752 kB
VmallocUsed:      117892 kB
VmallocChunk:     156676 kB
Time pass: 272 sec

---2015-12-17 17:07:46
MemTotal:        1862952 kB
MemFree:           92060 kB
Buffers:           10492 kB
Cached:           591344 kB
SwapCached:         5044 kB
Active:           637456 kB
Inactive:         652004 kB
Active(anon):     339340 kB
Inactive(anon):   351512 kB
Active(file):     298116 kB
Inactive(file):   300492 kB
Unevictable:        2368 kB
Mlocked:               0 kB
HighTotal:       1436668 kB
HighFree:           3156 kB
LowTotal:         426284 kB
LowFree:           88904 kB
SwapTotal:       1048572 kB
SwapFree:         989748 kB
Dirty:                 0 kB
Writeback:             0 kB
AnonPages:        686264 kB
Mapped:           427028 kB
Shmem:               860 kB
Slab:              42004 kB
SReclaimable:      13960 kB
SUnreclaim:        28044 kB
KernelStack:       12040 kB
PageTables:        43448 kB
NFS_Unstable:          0 kB
Bounce:                0 kB
WritebackTmp:          0 kB
CommitLimit:     1980048 kB
Committed_AS:   87201416 kB
VmallocTotal:     458752 kB
VmallocUsed:      117892 kB
VmallocChunk:     156676 kB
Time pass: 275 sec

---2015-12-17 17:07:46
MemTotal:        1862952 kB
MemFree:           92596 kB
Buffers:           10508 kB
Cached:           591328 kB
SwapCached:         5044 kB
Active:           637452 kB
Inactive:         652004 kB
Active(anon):     339336 kB
Inactive(anon):   351512 kB
Active(file):     298116 kB
Inactive(file):   300492 kB
Unevictable:        2368 kB
Mlocked:               0 kB
HighTotal:       1436668 kB
HighFree:           3624 kB
LowTotal:         426284 kB
LowFree:           88972 kB
SwapTotal:       1048572 kB
SwapFree:         989748 kB
Dirty:                 0 kB
Writeback:             0 kB
AnonPages:        686236 kB
Mapped:           427028 kB
Shmem:               860 kB
Slab:              42068 kB
SReclaimable:      13960 kB
SUnreclaim:        28108 kB
KernelStack:       11960 kB
PageTables:        43452 kB
NFS_Unstable:          0 kB
Bounce:                0 kB
WritebackTmp:          0 kB
CommitLimit:     1980048 kB
Committed_AS:   87201488 kB
VmallocTotal:     458752 kB
VmallocUsed:      117892 kB
VmallocChunk:     156676 kB
Time pass: 279 sec

---2015-12-17 17:07:46
MemTotal:        1862952 kB
MemFree:           91900 kB
Buffers:           10508 kB
Cached:           591344 kB
SwapCached:         5044 kB
Active:           637976 kB
Inactive:         652000 kB
Active(anon):     339856 kB
Inactive(anon):   351496 kB
Active(file):     298120 kB
Inactive(file):   300504 kB
Unevictable:        2368 kB
Mlocked:               0 kB
HighTotal:       1436668 kB
HighFree:           2992 kB
LowTotal:         426284 kB
LowFree:           88908 kB
SwapTotal:       1048572 kB
SwapFree:         989748 kB
Dirty:                60 kB
Writeback:             0 kB
AnonPages:        686736 kB
Mapped:           426916 kB
Shmem:               860 kB
Slab:              42104 kB
SReclaimable:      13960 kB
SUnreclaim:        28144 kB
KernelStack:       11960 kB
PageTables:        43452 kB
NFS_Unstable:          0 kB
Bounce:                0 kB
WritebackTmp:          0 kB
CommitLimit:     1980048 kB
Committed_AS:   87201688 kB
VmallocTotal:     458752 kB
VmallocUsed:      117972 kB
VmallocChunk:     156676 kB
Time pass: 283 sec

---2015-12-17 17:07:46
MemTotal:        1862952 kB
MemFree:           91732 kB
Buffers:           10524 kB
Cached:           591348 kB
SwapCached:         5084 kB
Active:           638136 kB
Inactive:         651920 kB
Active(anon):     340020 kB
Inactive(anon):   351400 kB
Active(file):     298116 kB
Inactive(file):   300520 kB
Unevictable:        2368 kB
Mlocked:               0 kB
HighTotal:       1436668 kB
HighFree:           2800 kB
LowTotal:         426284 kB
LowFree:           88932 kB
SwapTotal:       1048572 kB
SwapFree:         989816 kB
Dirty:                48 kB
Writeback:             0 kB
AnonPages:        687048 kB
Mapped:           427100 kB
Shmem:               860 kB
Slab:              42076 kB
SReclaimable:      13960 kB
SUnreclaim:        28116 kB
KernelStack:       11960 kB
PageTables:        43452 kB
NFS_Unstable:          0 kB
Bounce:                0 kB
WritebackTmp:          0 kB
CommitLimit:     1980048 kB
Committed_AS:   87201808 kB
VmallocTotal:     458752 kB
VmallocUsed:      117972 kB
VmallocChunk:     156676 kB
Time pass: 286 sec

---2015-12-17 17:07:46
MemTotal:        1862952 kB
MemFree:           91780 kB
Buffers:           10524 kB
Cached:           591380 kB
SwapCached:         5084 kB
Active:           638524 kB
Inactive:         651956 kB
Active(anon):     340404 kB
Inactive(anon):   351400 kB
Active(file):     298120 kB
Inactive(file):   300556 kB
Unevictable:        2368 kB
Mlocked:               0 kB
HighTotal:       1436668 kB
HighFree:           3784 kB
LowTotal:         426284 kB
LowFree:           87996 kB
SwapTotal:       1048572 kB
SwapFree:         989816 kB
Dirty:                 4 kB
Writeback:             0 kB
AnonPages:        687192 kB
Mapped:           426920 kB
Shmem:               860 kB
Slab:              42056 kB
SReclaimable:      13960 kB
SUnreclaim:        28096 kB
KernelStack:       12008 kB
PageTables:        43452 kB
NFS_Unstable:          0 kB
Bounce:                0 kB
WritebackTmp:          0 kB
CommitLimit:     1980048 kB
Committed_AS:   87202288 kB
VmallocTotal:     458752 kB
VmallocUsed:      117812 kB
VmallocChunk:     156676 kB
Time pass: 290 sec

---2015-12-17 17:07:46
MemTotal:        1862952 kB
MemFree:           90804 kB
Buffers:           10532 kB
Cached:           591380 kB
SwapCached:         5084 kB
Active:           638724 kB
Inactive:         651964 kB
Active(anon):     340604 kB
Inactive(anon):   351400 kB
Active(file):     298120 kB
Inactive(file):   300564 kB
Unevictable:        2368 kB
Mlocked:               0 kB
HighTotal:       1436668 kB
HighFree:           2724 kB
LowTotal:         426284 kB
LowFree:           88080 kB
SwapTotal:       1048572 kB
SwapFree:         989816 kB
Dirty:                32 kB
Writeback:             0 kB
AnonPages:        687388 kB
Mapped:           426920 kB
Shmem:               860 kB
Slab:              42056 kB
SReclaimable:      13960 kB
SUnreclaim:        28096 kB
KernelStack:       12080 kB
PageTables:        43452 kB
NFS_Unstable:          0 kB
Bounce:                0 kB
WritebackTmp:          0 kB
CommitLimit:     1980048 kB
Committed_AS:   87202496 kB
VmallocTotal:     458752 kB
VmallocUsed:      117892 kB
VmallocChunk:     156676 kB
Time pass: 294 sec

---2015-12-17 17:07:46
MemTotal:        1862952 kB
MemFree:           91592 kB
Buffers:           10548 kB
Cached:           591380 kB
SwapCached:         5084 kB
Active:           639128 kB
Inactive:         651980 kB
Active(anon):     341008 kB
Inactive(anon):   351400 kB
Active(file):     298120 kB
Inactive(file):   300580 kB
Unevictable:        2368 kB
Mlocked:               0 kB
HighTotal:       1436668 kB
HighFree:           3420 kB
LowTotal:         426284 kB
LowFree:           88172 kB
SwapTotal:       1048572 kB
SwapFree:         989816 kB
Dirty:                64 kB
Writeback:             0 kB
AnonPages:        687880 kB
Mapped:           426920 kB
Shmem:               860 kB
Slab:              42056 kB
SReclaimable:      13960 kB
SUnreclaim:        28096 kB
KernelStack:       11968 kB
PageTables:        43452 kB
NFS_Unstable:          0 kB
Bounce:                0 kB
WritebackTmp:          0 kB
CommitLimit:     1980048 kB
Committed_AS:   87202584 kB
VmallocTotal:     458752 kB
VmallocUsed:      117812 kB
VmallocChunk:     156676 kB
Time pass: 298 sec

---2015-12-17 17:07:46
MemTotal:        1862952 kB
MemFree:           89528 kB
Buffers:           10568 kB
Cached:           591368 kB
SwapCached:         5084 kB
Active:           639496 kB
Inactive:         652272 kB
Active(anon):     341656 kB
Inactive(anon):   351404 kB
Active(file):     297840 kB
Inactive(file):   300868 kB
Unevictable:        2368 kB
Mlocked:               0 kB
HighTotal:       1436668 kB
HighFree:           2616 kB
LowTotal:         426284 kB
LowFree:           86912 kB
SwapTotal:       1048572 kB
SwapFree:         989824 kB
Dirty:                92 kB
Writeback:             0 kB
AnonPages:        688532 kB
Mapped:           427048 kB
Shmem:               860 kB
Slab:              42052 kB
SReclaimable:      13960 kB
SUnreclaim:        28092 kB
KernelStack:       12056 kB
PageTables:        43452 kB
NFS_Unstable:          0 kB
Bounce:                0 kB
WritebackTmp:          0 kB
CommitLimit:     1980048 kB
Committed_AS:   87202688 kB
VmallocTotal:     458752 kB
VmallocUsed:      117892 kB
VmallocChunk:     156676 kB
Time pass: 301 sec

---2015-12-17 17:07:46
MemTotal:        1862952 kB
MemFree:           90172 kB
Buffers:           10568 kB
Cached:           591368 kB
SwapCached:         5084 kB
Active:           640196 kB
Inactive:         651980 kB
Active(anon):     342116 kB
Inactive(anon):   351352 kB
Active(file):     298080 kB
Inactive(file):   300628 kB
Unevictable:        2368 kB
Mlocked:               0 kB
HighTotal:       1436668 kB
HighFree:           2732 kB
LowTotal:         426284 kB
LowFree:           87440 kB
SwapTotal:       1048572 kB
SwapFree:         989824 kB
Dirty:                 0 kB
Writeback:             0 kB
AnonPages:        688880 kB
Mapped:           427048 kB
Shmem:               860 kB
Slab:              42048 kB
SReclaimable:      13960 kB
SUnreclaim:        28088 kB
KernelStack:       12008 kB
PageTables:        43452 kB
NFS_Unstable:          0 kB
Bounce:                0 kB
WritebackTmp:          0 kB
CommitLimit:     1980048 kB
Committed_AS:   87202904 kB
VmallocTotal:     458752 kB
VmallocUsed:      117812 kB
VmallocChunk:     156676 kB
Time pass: 305 sec

---2015-12-17 17:07:46
MemTotal:        1862952 kB
MemFree:           88648 kB
Buffers:           10592 kB
Cached:           591372 kB
SwapCached:         5084 kB
Active:           640712 kB
Inactive:         651976 kB
Active(anon):     342608 kB
Inactive(anon):   351344 kB
Active(file):     298104 kB
Inactive(file):   300632 kB
Unevictable:        2368 kB
Mlocked:               0 kB
HighTotal:       1436668 kB
HighFree:           2464 kB
LowTotal:         426284 kB
LowFree:           86184 kB
SwapTotal:       1048572 kB
SwapFree:         989824 kB
Dirty:                80 kB
Writeback:             0 kB
AnonPages:        689324 kB
Mapped:           426924 kB
Shmem:               860 kB
Slab:              42012 kB
SReclaimable:      13960 kB
SUnreclaim:        28052 kB
KernelStack:       11968 kB
PageTables:        43452 kB
NFS_Unstable:          0 kB
Bounce:                0 kB
WritebackTmp:          0 kB
CommitLimit:     1980048 kB
Committed_AS:   87202976 kB
VmallocTotal:     458752 kB
VmallocUsed:      117972 kB
VmallocChunk:     156676 kB
Time pass: 309 sec

---2015-12-17 17:07:46
MemTotal:        1862952 kB
MemFree:           89472 kB
Buffers:           10600 kB
Cached:           591364 kB
SwapCached:         5084 kB
Active:           641040 kB
Inactive:         651968 kB
Active(anon):     342936 kB
Inactive(anon):   351336 kB
Active(file):     298104 kB
Inactive(file):   300632 kB
Unevictable:        2368 kB
Mlocked:               0 kB
HighTotal:       1436668 kB
HighFree:           2660 kB
LowTotal:         426284 kB
LowFree:           86812 kB
SwapTotal:       1048572 kB
SwapFree:         989824 kB
Dirty:                 4 kB
Writeback:             0 kB
AnonPages:        689636 kB
Mapped:           427056 kB
Shmem:               860 kB
Slab:              42012 kB
SReclaimable:      13960 kB
SUnreclaim:        28052 kB
KernelStack:       12072 kB
PageTables:        43436 kB
NFS_Unstable:          0 kB
Bounce:                0 kB
WritebackTmp:          0 kB
CommitLimit:     1980048 kB
Committed_AS:   87203176 kB
VmallocTotal:     458752 kB
VmallocUsed:      117972 kB
VmallocChunk:     156676 kB
Time pass: 312 sec

---2015-12-17 17:07:46
MemTotal:        1862952 kB
MemFree:           88640 kB
Buffers:           10600 kB
Cached:           591372 kB
SwapCached:         5084 kB
Active:           641240 kB
Inactive:         651980 kB
Active(anon):     343136 kB
Inactive(anon):   351340 kB
Active(file):     298104 kB
Inactive(file):   300640 kB
Unevictable:        2368 kB
Mlocked:               0 kB
HighTotal:       1436668 kB
HighFree:           2512 kB
LowTotal:         426284 kB
LowFree:           86128 kB
SwapTotal:       1048572 kB
SwapFree:         989828 kB
Dirty:                56 kB
Writeback:             0 kB
AnonPages:        690016 kB
Mapped:           427108 kB
Shmem:               860 kB
Slab:              42016 kB
SReclaimable:      13960 kB
SUnreclaim:        28056 kB
KernelStack:       11968 kB
PageTables:        43452 kB
NFS_Unstable:          0 kB
Bounce:                0 kB
WritebackTmp:          0 kB
CommitLimit:     1980048 kB
Committed_AS:   87203220 kB
VmallocTotal:     458752 kB
VmallocUsed:      117972 kB
VmallocChunk:     156676 kB
Time pass: 316 sec

---2015-12-17 17:07:46
MemTotal:        1862952 kB
MemFree:           88628 kB
Buffers:           10608 kB
Cached:           591376 kB
SwapCached:         5084 kB
Active:           641660 kB
Inactive:         651992 kB
Active(anon):     343556 kB
Inactive(anon):   351340 kB
Active(file):     298104 kB
Inactive(file):   300652 kB
Unevictable:        2368 kB
Mlocked:               0 kB
HighTotal:       1436668 kB
HighFree:           2460 kB
LowTotal:         426284 kB
LowFree:           86168 kB
SwapTotal:       1048572 kB
SwapFree:         989828 kB
Dirty:                20 kB
Writeback:             0 kB
AnonPages:        690440 kB
Mapped:           426928 kB
Shmem:               860 kB
Slab:              42024 kB
SReclaimable:      13960 kB
SUnreclaim:        28064 kB
KernelStack:       11992 kB
PageTables:        43456 kB
NFS_Unstable:          0 kB
Bounce:                0 kB
WritebackTmp:          0 kB
CommitLimit:     1980048 kB
Committed_AS:   87203336 kB
VmallocTotal:     458752 kB
VmallocUsed:      117972 kB
VmallocChunk:     156676 kB
Time pass: 320 sec

---2015-12-17 17:07:46
MemTotal:        1862952 kB
MemFree:           87668 kB
Buffers:           10624 kB
Cached:           591376 kB
SwapCached:         5084 kB
Active:           642412 kB
Inactive:         652004 kB
Active(anon):     344304 kB
Inactive(anon):   351340 kB
Active(file):     298108 kB
Inactive(file):   300664 kB
Unevictable:        2368 kB
Mlocked:               0 kB
HighTotal:       1436668 kB
HighFree:           2496 kB
LowTotal:         426284 kB
LowFree:           85172 kB
SwapTotal:       1048572 kB
SwapFree:         989828 kB
Dirty:                56 kB
Writeback:             0 kB
AnonPages:        691196 kB
Mapped:           427008 kB
Shmem:               860 kB
Slab:              42036 kB
SReclaimable:      13960 kB
SUnreclaim:        28076 kB
KernelStack:       12048 kB
PageTables:        43456 kB
NFS_Unstable:          0 kB
Bounce:                0 kB
WritebackTmp:          0 kB
CommitLimit:     1980048 kB
Committed_AS:   87203528 kB
VmallocTotal:     458752 kB
VmallocUsed:      117892 kB
VmallocChunk:     156676 kB
Time pass: 323 sec

---2015-12-17 17:07:46
MemTotal:        1862952 kB
MemFree:           88288 kB
Buffers:           10624 kB
Cached:           591376 kB
SwapCached:         5084 kB
Active:           642096 kB
Inactive:         652000 kB
Active(anon):     343984 kB
Inactive(anon):   351340 kB
Active(file):     298112 kB
Inactive(file):   300660 kB
Unevictable:        2368 kB
Mlocked:               0 kB
HighTotal:       1436668 kB
HighFree:           2552 kB
LowTotal:         426284 kB
LowFree:           85736 kB
SwapTotal:       1048572 kB
SwapFree:         989828 kB
Dirty:                 0 kB
Writeback:             0 kB
AnonPages:        690780 kB
Mapped:           427008 kB
Shmem:               860 kB
Slab:              42052 kB
SReclaimable:      13960 kB
SUnreclaim:        28092 kB
KernelStack:       11968 kB
PageTables:        43456 kB
NFS_Unstable:          0 kB
Bounce:                0 kB
WritebackTmp:          0 kB
CommitLimit:     1980048 kB
Committed_AS:   87203616 kB
VmallocTotal:     458752 kB
VmallocUsed:      117892 kB
VmallocChunk:     156676 kB
Time pass: 327 sec

---2015-12-17 17:07:46
MemTotal:        1862952 kB
MemFree:           86880 kB
Buffers:           10632 kB
Cached:           591376 kB
SwapCached:         5084 kB
Active:           642680 kB
Inactive:         652012 kB
Active(anon):     344568 kB
Inactive(anon):   351344 kB
Active(file):     298112 kB
Inactive(file):   300668 kB
Unevictable:        2368 kB
Mlocked:               0 kB
HighTotal:       1436668 kB
HighFree:           2472 kB
LowTotal:         426284 kB
LowFree:           84408 kB
SwapTotal:       1048572 kB
SwapFree:         989832 kB
Dirty:                48 kB
Writeback:             0 kB
AnonPages:        691204 kB
Mapped:           427192 kB
