---2015-10-26 12:50:36
MemTotal:        1350964 kB
MemFree:           87472 kB
Buffers:           65016 kB
Cached:           384700 kB
SwapCached:            0 kB
Active:           806864 kB
Inactive:         149692 kB
Active(anon):     515200 kB
Inactive(anon):     4100 kB
Active(file):     291664 kB
Inactive(file):   145592 kB
Unevictable:        8304 kB
Mlocked:               0 kB
HighTotal:        802816 kB
HighFree:           1524 kB
LowTotal:         548148 kB
LowFree:           85948 kB
SwapTotal:             0 kB
SwapFree:              0 kB
Dirty:                40 kB
Writeback:             0 kB
AnonPages:        515168 kB
Mapped:           135588 kB
Shmem:              4156 kB
Slab:              36848 kB
SReclaimable:      13672 kB
SUnreclaim:        23176 kB
KernelStack:        8072 kB
PageTables:        15880 kB
NFS_Unstable:          0 kB
Bounce:                0 kB
WritebackTmp:          0 kB
CommitLimit:      675480 kB
Committed_AS:   34878724 kB
VmallocTotal:     253952 kB
VmallocUsed:       82724 kB
VmallocChunk:      52228 kB
Time pass: 3 sec

---2015-10-26 12:50:36
MemTotal:        1350964 kB
MemFree:           87716 kB
Buffers:           65024 kB
Cached:           384692 kB
SwapCached:            0 kB
Active:           806380 kB
Inactive:         149696 kB
Active(anon):     514720 kB
Inactive(anon):     4100 kB
Active(file):     291660 kB
Inactive(file):   145596 kB
Unevictable:        8304 kB
Mlocked:               0 kB
HighTotal:        802816 kB
HighFree:           1524 kB
LowTotal:         548148 kB
LowFree:           86192 kB
SwapTotal:             0 kB
SwapFree:              0 kB
Dirty:                40 kB
Writeback:             0 kB
AnonPages:        514728 kB
Mapped:           135508 kB
Shmem:              4156 kB
Slab:              36816 kB
SReclaimable:      13672 kB
SUnreclaim:        23144 kB
KernelStack:        8080 kB
PageTables:        15888 kB
NFS_Unstable:          0 kB
Bounce:                0 kB
WritebackTmp:          0 kB
CommitLimit:      675480 kB
Committed_AS:   34877532 kB
VmallocTotal:     253952 kB
VmallocUsed:       82724 kB
VmallocChunk:      52228 kB
Time pass: 8 sec

---2015-10-26 12:50:36
MemTotal:        1350964 kB
MemFree:           87044 kB
Buffers:           65024 kB
Cached:           384700 kB
SwapCached:            0 kB
Active:           806616 kB
Inactive:         149696 kB
Active(anon):     514948 kB
Inactive(anon):     4100 kB
Active(file):     291668 kB
Inactive(file):   145596 kB
Unevictable:        8304 kB
Mlocked:               0 kB
HighTotal:        802816 kB
HighFree:           1600 kB
LowTotal:         548148 kB
LowFree:           85444 kB
SwapTotal:             0 kB
SwapFree:              0 kB
Dirty:                40 kB
Writeback:             0 kB
AnonPages:        514936 kB
Mapped:           135644 kB
Shmem:              4156 kB
Slab:              36816 kB
SReclaimable:      13672 kB
SUnreclaim:        23144 kB
KernelStack:        8088 kB
PageTables:        15900 kB
NFS_Unstable:          0 kB
Bounce:                0 kB
WritebackTmp:          0 kB
CommitLimit:      675480 kB
Committed_AS:   34877552 kB
VmallocTotal:     253952 kB
VmallocUsed:       82724 kB
VmallocChunk:      52228 kB
Time pass: 12 sec

---2015-10-26 12:50:36
MemTotal:        1350964 kB
MemFree:           87992 kB
Buffers:           65028 kB
Cached:           384700 kB
SwapCached:            0 kB
Active:           806732 kB
Inactive:         149688 kB
Active(anon):     515052 kB
Inactive(anon):     4100 kB
Active(file):     291680 kB
Inactive(file):   145588 kB
Unevictable:        8304 kB
Mlocked:               0 kB
HighTotal:        802816 kB
HighFree:           1524 kB
LowTotal:         548148 kB
LowFree:           86468 kB
SwapTotal:             0 kB
SwapFree:              0 kB
Dirty:                40 kB
Writeback:             0 kB
AnonPages:        515016 kB
Mapped:           135584 kB
Shmem:              4156 kB
Slab:              36816 kB
SReclaimable:      13672 kB
SUnreclaim:        23144 kB
KernelStack:        8080 kB
PageTables:        15880 kB
NFS_Unstable:          0 kB
Bounce:                0 kB
WritebackTmp:          0 kB
CommitLimit:      675480 kB
Committed_AS:   34877548 kB
VmallocTotal:     253952 kB
VmallocUsed:       82724 kB
VmallocChunk:      52228 kB
Time pass: 15 sec

---2015-10-26 12:50:36
MemTotal:        1350964 kB
MemFree:           87616 kB
Buffers:           65028 kB
Cached:           384704 kB
SwapCached:            0 kB
Active:           806828 kB
Inactive:         149688 kB
Active(anon):     515148 kB
Inactive(anon):     4100 kB
Active(file):     291680 kB
Inactive(file):   145588 kB
Unevictable:        8304 kB
Mlocked:               0 kB
HighTotal:        802816 kB
HighFree:           1524 kB
LowTotal:         548148 kB
LowFree:           86092 kB
SwapTotal:             0 kB
SwapFree:              0 kB
Dirty:                48 kB
Writeback:             0 kB
AnonPages:        515016 kB
Mapped:           135648 kB
Shmem:              4160 kB
Slab:              36816 kB
SReclaimable:      13672 kB
SUnreclaim:        23144 kB
KernelStack:        8096 kB
PageTables:        15908 kB
NFS_Unstable:          0 kB
Bounce:                0 kB
WritebackTmp:          0 kB
CommitLimit:      675480 kB
Committed_AS:   34877548 kB
VmallocTotal:     253952 kB
VmallocUsed:       82724 kB
VmallocChunk:      52228 kB
Time pass: 19 sec

---2015-10-26 12:50:36
MemTotal:        1350964 kB
MemFree:           87176 kB
Buffers:           65040 kB
Cached:           384704 kB
SwapCached:            0 kB
Active:           806876 kB
Inactive:         149692 kB
Active(anon):     515184 kB
Inactive(anon):     4104 kB
Active(file):     291692 kB
Inactive(file):   145588 kB
Unevictable:        8304 kB
Mlocked:               0 kB
HighTotal:        802816 kB
HighFree:           1524 kB
LowTotal:         548148 kB
LowFree:           85652 kB
SwapTotal:             0 kB
SwapFree:              0 kB
Dirty:                68 kB
Writeback:             0 kB
AnonPages:        515052 kB
Mapped:           135644 kB
Shmem:              4160 kB
Slab:              36816 kB
SReclaimable:      13672 kB
SUnreclaim:        23144 kB
KernelStack:        8096 kB
PageTables:        15904 kB
NFS_Unstable:          0 kB
Bounce:                0 kB
WritebackTmp:          0 kB
CommitLimit:      675480 kB
Committed_AS:   34877468 kB
VmallocTotal:     253952 kB
VmallocUsed:       82724 kB
VmallocChunk:      52228 kB
Time pass: 23 sec

---2015-10-26 12:50:36
MemTotal:        1350964 kB
MemFree:           86812 kB
Buffers:           65040 kB
Cached:           384704 kB
SwapCached:            0 kB
Active:           808132 kB
Inactive:         149692 kB
Active(anon):     516440 kB
Inactive(anon):     4104 kB
Active(file):     291692 kB
Inactive(file):   145588 kB
Unevictable:        8304 kB
Mlocked:               0 kB
HighTotal:        802816 kB
HighFree:           1524 kB
LowTotal:         548148 kB
LowFree:           85288 kB
SwapTotal:             0 kB
SwapFree:              0 kB
Dirty:                 0 kB
Writeback:             0 kB
AnonPages:        516364 kB
Mapped:           135600 kB
Shmem:              4160 kB
Slab:              36880 kB
SReclaimable:      13672 kB
SUnreclaim:        23208 kB
KernelStack:        8080 kB
PageTables:        15888 kB
NFS_Unstable:          0 kB
Bounce:                0 kB
WritebackTmp:          0 kB
CommitLimit:      675480 kB
Committed_AS:   34878952 kB
VmallocTotal:     253952 kB
VmallocUsed:       82724 kB
VmallocChunk:      52228 kB
Time pass: 26 sec

---2015-10-26 12:50:36
MemTotal:        1350964 kB
MemFree:           87604 kB
Buffers:           65052 kB
Cached:           384704 kB
SwapCached:            0 kB
Active:           806812 kB
Inactive:         149696 kB
Active(anon):     515112 kB
Inactive(anon):     4104 kB
Active(file):     291700 kB
Inactive(file):   145592 kB
Unevictable:        8304 kB
Mlocked:               0 kB
HighTotal:        802816 kB
HighFree:           1524 kB
LowTotal:         548148 kB
LowFree:           86080 kB
SwapTotal:             0 kB
SwapFree:              0 kB
Dirty:                44 kB
Writeback:             0 kB
AnonPages:        515016 kB
Mapped:           135604 kB
Shmem:              4160 kB
Slab:              36816 kB
SReclaimable:      13672 kB
SUnreclaim:        23144 kB
KernelStack:        8072 kB
PageTables:        15884 kB
NFS_Unstable:          0 kB
Bounce:                0 kB
WritebackTmp:          0 kB
CommitLimit:      675480 kB
Committed_AS:   34878672 kB
VmallocTotal:     253952 kB
VmallocUsed:       82724 kB
VmallocChunk:      52228 kB
Time pass: 31 sec

---2015-10-26 12:50:36
MemTotal:        1350964 kB
MemFree:           87556 kB
Buffers:           65056 kB
Cached:           384704 kB
SwapCached:            0 kB
Active:           806768 kB
Inactive:         149684 kB
Active(anon):     515052 kB
Inactive(anon):     4104 kB
Active(file):     291716 kB
Inactive(file):   145580 kB
Unevictable:        8304 kB
Mlocked:               0 kB
HighTotal:        802816 kB
HighFree:           1524 kB
LowTotal:         548148 kB
LowFree:           86032 kB
SwapTotal:             0 kB
SwapFree:              0 kB
Dirty:               184 kB
Writeback:             0 kB
AnonPages:        515012 kB
Mapped:           135644 kB
Shmem:              4160 kB
Slab:              36848 kB
SReclaimable:      13672 kB
SUnreclaim:        23176 kB
KernelStack:        8096 kB
PageTables:        15904 kB
NFS_Unstable:          0 kB
Bounce:                0 kB
WritebackTmp:          0 kB
CommitLimit:      675480 kB
Committed_AS:   34878840 kB
VmallocTotal:     253952 kB
VmallocUsed:       82724 kB
VmallocChunk:      52228 kB
Time pass: 38 sec

---2015-10-26 12:50:36
MemTotal:        1350964 kB
MemFree:           87824 kB
Buffers:           65056 kB
Cached:           384704 kB
SwapCached:            0 kB
Active:           806416 kB
Inactive:         149684 kB
Active(anon):     514700 kB
Inactive(anon):     4104 kB
Active(file):     291716 kB
Inactive(file):   145580 kB
Unevictable:        8304 kB
Mlocked:               0 kB
HighTotal:        802816 kB
HighFree:           1524 kB
LowTotal:         548148 kB
LowFree:           86300 kB
SwapTotal:             0 kB
SwapFree:              0 kB
Dirty:                 0 kB
Writeback:             0 kB
AnonPages:        514712 kB
Mapped:           135584 kB
Shmem:              4160 kB
Slab:              36848 kB
SReclaimable:      13672 kB
SUnreclaim:        23176 kB
KernelStack:        8072 kB
PageTables:        15884 kB
NFS_Unstable:          0 kB
Bounce:                0 kB
WritebackTmp:          0 kB
CommitLimit:      675480 kB
Committed_AS:   34877444 kB
VmallocTotal:     253952 kB
VmallocUsed:       82724 kB
VmallocChunk:      52228 kB
Time pass: 43 sec

---2015-10-26 12:50:36
MemTotal:        1350964 kB
MemFree:           87332 kB
Buffers:           65056 kB
Cached:           384704 kB
SwapCached:            0 kB
Active:           807332 kB
Inactive:         149676 kB
Active(anon):     515608 kB
Inactive(anon):     4104 kB
Active(file):     291724 kB
Inactive(file):   145572 kB
Unevictable:        8304 kB
Mlocked:               0 kB
HighTotal:        802816 kB
HighFree:           1524 kB
LowTotal:         548148 kB
LowFree:           85808 kB
SwapTotal:             0 kB
SwapFree:              0 kB
Dirty:                 0 kB
Writeback:             0 kB
AnonPages:        515616 kB
Mapped:           135596 kB
Shmem:              4160 kB
Slab:              36864 kB
SReclaimable:      13672 kB
SUnreclaim:        23192 kB
KernelStack:        8072 kB
PageTables:        15884 kB
NFS_Unstable:          0 kB
Bounce:                0 kB
WritebackTmp:          0 kB
CommitLimit:      675480 kB
Committed_AS:   34878612 kB
VmallocTotal:     253952 kB
VmallocUsed:       82724 kB
VmallocChunk:      52228 kB
Time pass: 49 sec

---2015-10-26 12:50:36
MemTotal:        1350964 kB
MemFree:           87376 kB
Buffers:           65056 kB
Cached:           384704 kB
SwapCached:            0 kB
Active:           807200 kB
Inactive:         149672 kB
Active(anon):     515472 kB
Inactive(anon):     4104 kB
Active(file):     291728 kB
Inactive(file):   145568 kB
Unevictable:        8304 kB
Mlocked:               0 kB
HighTotal:        802816 kB
HighFree:           1896 kB
LowTotal:         548148 kB
LowFree:           85480 kB
SwapTotal:             0 kB
SwapFree:              0 kB
Dirty:                40 kB
Writeback:             0 kB
AnonPages:        515584 kB
Mapped:           135600 kB
Shmem:              4160 kB
Slab:              36896 kB
SReclaimable:      13672 kB
SUnreclaim:        23224 kB
KernelStack:        8088 kB
PageTables:        15884 kB
NFS_Unstable:          0 kB
Bounce:                0 kB
WritebackTmp:          0 kB
CommitLimit:      675480 kB
Committed_AS:   34878648 kB
VmallocTotal:     253952 kB
VmallocUsed:       82724 kB
VmallocChunk:      52228 kB
Time pass: 52 sec

---2015-10-26 12:50:36
MemTotal:        1350964 kB
MemFree:           87732 kB
Buffers:           65060 kB
Cached:           384704 kB
SwapCached:            0 kB
Active:           806620 kB
Inactive:         149668 kB
Active(anon):     514884 kB
Inactive(anon):     4104 kB
Active(file):     291736 kB
Inactive(file):   145564 kB
Unevictable:        8304 kB
Mlocked:               0 kB
HighTotal:        802816 kB
HighFree:           1524 kB
LowTotal:         548148 kB
LowFree:           86208 kB
SwapTotal:             0 kB
SwapFree:              0 kB
Dirty:                 0 kB
Writeback:             0 kB
AnonPages:        514832 kB
Mapped:           135596 kB
Shmem:              4160 kB
Slab:              36928 kB
SReclaimable:      13672 kB
SUnreclaim:        23256 kB
KernelStack:        8080 kB
PageTables:        15880 kB
NFS_Unstable:          0 kB
Bounce:                0 kB
WritebackTmp:          0 kB
CommitLimit:      675480 kB
Committed_AS:   34877512 kB
VmallocTotal:     253952 kB
VmallocUsed:       82724 kB
VmallocChunk:      52228 kB
Time pass: 56 sec

---2015-10-26 12:50:36
MemTotal:        1350964 kB
MemFree:           87676 kB
Buffers:           65064 kB
Cached:           384700 kB
SwapCached:            0 kB
Active:           806772 kB
Inactive:         149668 kB
Active(anon):     515036 kB
Inactive(anon):     4104 kB
Active(file):     291736 kB
Inactive(file):   145564 kB
Unevictable:        8304 kB
Mlocked:               0 kB
HighTotal:        802816 kB
HighFree:           1524 kB
LowTotal:         548148 kB
LowFree:           86152 kB
SwapTotal:             0 kB
SwapFree:              0 kB
Dirty:                 0 kB
Writeback:             0 kB
AnonPages:        515032 kB
Mapped:           135644 kB
Shmem:              4160 kB
Slab:              36896 kB
SReclaimable:      13672 kB
SUnreclaim:        23224 kB
KernelStack:        8080 kB
PageTables:        15904 kB
NFS_Unstable:          0 kB
Bounce:                0 kB
WritebackTmp:          0 kB
CommitLimit:      675480 kB
Committed_AS:   34877568 kB
VmallocTotal:     253952 kB
VmallocUsed:       82724 kB
VmallocChunk:      52228 kB
Time pass: 60 sec

---2015-10-26 12:50:36
MemTotal:        1350964 kB
MemFree:           87672 kB
Buffers:           65064 kB
Cached:           384708 kB
SwapCached:            0 kB
Active:           806932 kB
Inactive:         149664 kB
Active(anon):     515184 kB
Inactive(anon):     4104 kB
Active(file):     291748 kB
Inactive(file):   145560 kB
Unevictable:        8304 kB
Mlocked:               0 kB
HighTotal:        802816 kB
HighFree:           1524 kB
LowTotal:         548148 kB
LowFree:           86148 kB
SwapTotal:             0 kB
SwapFree:              0 kB
Dirty:                48 kB
Writeback:             0 kB
AnonPages:        515036 kB
Mapped:           135652 kB
Shmem:              4160 kB
Slab:              36896 kB
SReclaimable:      13672 kB
SUnreclaim:        23224 kB
KernelStack:        8088 kB
PageTables:        15900 kB
NFS_Unstable:          0 kB
Bounce:                0 kB
WritebackTmp:          0 kB
CommitLimit:      675480 kB
Committed_AS:   34877552 kB
VmallocTotal:     253952 kB
VmallocUsed:       82724 kB
VmallocChunk:      52228 kB
Time pass: 64 sec

---2015-10-26 12:50:36
MemTotal:        1350964 kB
MemFree:           88144 kB
Buffers:           65064 kB
Cached:           384708 kB
SwapCached:            0 kB
Active:           806864 kB
Inactive:         149660 kB
Active(anon):     515112 kB
Inactive(anon):     4104 kB
Active(file):     291752 kB
Inactive(file):   145556 kB
Unevictable:        8304 kB
Mlocked:               0 kB
HighTotal:        802816 kB
HighFree:           1524 kB
LowTotal:         548148 kB
LowFree:           86620 kB
SwapTotal:             0 kB
SwapFree:              0 kB
Dirty:                 0 kB
Writeback:             0 kB
AnonPages:        515008 kB
Mapped:           135664 kB
Shmem:              4160 kB
Slab:              36896 kB
SReclaimable:      13672 kB
SUnreclaim:        23224 kB
KernelStack:        8080 kB
PageTables:        15904 kB
NFS_Unstable:          0 kB
Bounce:                0 kB
WritebackTmp:          0 kB
CommitLimit:      675480 kB
Committed_AS:   34877336 kB
VmallocTotal:     253952 kB
VmallocUsed:       82724 kB
VmallocChunk:      52228 kB
Time pass: 68 sec

---2015-10-26 12:50:36
MemTotal:        1350964 kB
MemFree:           87092 kB
Buffers:           65072 kB
Cached:           384708 kB
SwapCached:            0 kB
Active:           807972 kB
Inactive:         149664 kB
Active(anon):     516216 kB
Inactive(anon):     4104 kB
Active(file):     291756 kB
Inactive(file):   145560 kB
Unevictable:        8304 kB
Mlocked:               0 kB
HighTotal:        802816 kB
HighFree:           1524 kB
LowTotal:         548148 kB
LowFree:           85568 kB
SwapTotal:             0 kB
SwapFree:              0 kB
Dirty:                48 kB
Writeback:             0 kB
AnonPages:        516280 kB
Mapped:           135616 kB
Shmem:              4160 kB
Slab:              36832 kB
SReclaimable:      13672 kB
SUnreclaim:        23160 kB
KernelStack:        8072 kB
PageTables:        15884 kB
NFS_Unstable:          0 kB
Bounce:                0 kB
WritebackTmp:          0 kB
CommitLimit:      675480 kB
Committed_AS:   34878460 kB
VmallocTotal:     253952 kB
VmallocUsed:       82724 kB
VmallocChunk:      52228 kB
Time pass: 72 sec

---2015-10-26 12:50:36
MemTotal:        1350964 kB
MemFree:           87596 kB
Buffers:           65072 kB
Cached:           384708 kB
SwapCached:            0 kB
Active:           807088 kB
Inactive:         149664 kB
Active(anon):     515332 kB
Inactive(anon):     4104 kB
Active(file):     291756 kB
Inactive(file):   145560 kB
Unevictable:        8304 kB
Mlocked:               0 kB
HighTotal:        802816 kB
HighFree:           1524 kB
LowTotal:         548148 kB
LowFree:           86072 kB
SwapTotal:             0 kB
SwapFree:              0 kB
Dirty:                28 kB
Writeback:             0 kB
AnonPages:        515336 kB
Mapped:           135644 kB
Shmem:              4160 kB
Slab:              36832 kB
SReclaimable:      13672 kB
SUnreclaim:        23160 kB
KernelStack:        8088 kB
PageTables:        15888 kB
NFS_Unstable:          0 kB
Bounce:                0 kB
WritebackTmp:          0 kB
CommitLimit:      675480 kB
Committed_AS:   34878552 kB
VmallocTotal:     253952 kB
VmallocUsed:       82724 kB
VmallocChunk:      52228 kB
Time pass: 77 sec

---2015-10-26 12:50:36
MemTotal:        1350964 kB
MemFree:          253028 kB
Buffers:           65084 kB
Cached:           384196 kB
SwapCached:            0 kB
Active:           741440 kB
Inactive:         149152 kB
Active(anon):     449668 kB
Inactive(anon):     3596 kB
Active(file):     291772 kB
Inactive(file):   145556 kB
Unevictable:        8304 kB
Mlocked:               0 kB
HighTotal:        802816 kB
HighFree:          93444 kB
LowTotal:         548148 kB
LowFree:          159584 kB
SwapTotal:             0 kB
SwapFree:              0 kB
Dirty:               100 kB
Writeback:             0 kB
AnonPages:        449644 kB
Mapped:           105020 kB
Shmem:              3648 kB
Slab:              36824 kB
SReclaimable:      13672 kB
SUnreclaim:        23152 kB
KernelStack:        7296 kB
PageTables:        14888 kB
NFS_Unstable:          0 kB
Bounce:                0 kB
WritebackTmp:          0 kB
CommitLimit:      675480 kB
Committed_AS:   34796288 kB
VmallocTotal:     253952 kB
VmallocUsed:       79296 kB
VmallocChunk:      52228 kB
Time pass: 85 sec

---2015-10-26 12:50:36
MemTotal:        1350964 kB
MemFree:          229304 kB
Buffers:           65096 kB
Cached:           384196 kB
SwapCached:            0 kB
Active:           754572 kB
Inactive:         149232 kB
Active(anon):     462868 kB
Inactive(anon):     3596 kB
Active(file):     291704 kB
Inactive(file):   145636 kB
Unevictable:        8304 kB
Mlocked:               0 kB
HighTotal:        802816 kB
HighFree:          69600 kB
LowTotal:         548148 kB
LowFree:          159704 kB
SwapTotal:             0 kB
SwapFree:              0 kB
Dirty:               824 kB
Writeback:             0 kB
AnonPages:        462836 kB
Mapped:           124800 kB
Shmem:              3648 kB
Slab:              36824 kB
SReclaimable:      13672 kB
SUnreclaim:        23152 kB
KernelStack:        7392 kB
PageTables:        15252 kB
NFS_Unstable:          0 kB
Bounce:                0 kB
WritebackTmp:          0 kB
CommitLimit:      675480 kB
Committed_AS:   34725576 kB
VmallocTotal:     253952 kB
VmallocUsed:       80276 kB
VmallocChunk:      52228 kB
Time pass: 89 sec

---2015-10-26 12:50:36
MemTotal:        1350964 kB
MemFree:          200536 kB
Buffers:           65100 kB
Cached:           384340 kB
SwapCached:            0 kB
Active:           756380 kB
Inactive:         149292 kB
Active(anon):     464588 kB
Inactive(anon):     3728 kB
Active(file):     291792 kB
Inactive(file):   145564 kB
Unevictable:        8304 kB
Mlocked:               0 kB
HighTotal:        802816 kB
HighFree:          51972 kB
LowTotal:         548148 kB
LowFree:          148564 kB
SwapTotal:             0 kB
SwapFree:              0 kB
Dirty:               424 kB
Writeback:             0 kB
AnonPages:        464452 kB
Mapped:           127412 kB
Shmem:              3780 kB
Slab:              36840 kB
SReclaimable:      13672 kB
SUnreclaim:        23168 kB
KernelStack:        7632 kB
PageTables:        15432 kB
NFS_Unstable:          0 kB
Bounce:                0 kB
WritebackTmp:          0 kB
CommitLimit:      675480 kB
Committed_AS:   34756212 kB
VmallocTotal:     253952 kB
VmallocUsed:       80176 kB
VmallocChunk:      52228 kB
Time pass: 93 sec

---2015-10-26 12:50:36
MemTotal:        1350964 kB
MemFree:          198380 kB
Buffers:           65104 kB
Cached:           384336 kB
SwapCached:            0 kB
Active:           756540 kB
Inactive:         149292 kB
Active(anon):     464748 kB
Inactive(anon):     3728 kB
Active(file):     291792 kB
Inactive(file):   145564 kB
Unevictable:        8304 kB
Mlocked:               0 kB
HighTotal:        802816 kB
HighFree:          52116 kB
LowTotal:         548148 kB
LowFree:          146264 kB
SwapTotal:             0 kB
SwapFree:              0 kB
Dirty:                 0 kB
Writeback:             0 kB
AnonPages:        464456 kB
Mapped:           127424 kB
Shmem:              3780 kB
Slab:              36844 kB
SReclaimable:      13672 kB
SUnreclaim:        23172 kB
KernelStack:        7624 kB
PageTables:        15436 kB
NFS_Unstable:          0 kB
Bounce:                0 kB
WritebackTmp:          0 kB
CommitLimit:      675480 kB
Committed_AS:   34759320 kB
VmallocTotal:     253952 kB
VmallocUsed:       80176 kB
VmallocChunk:      52228 kB
Time pass: 97 sec

---2015-10-26 12:50:36
MemTotal:        1350964 kB
MemFree:          172348 kB
Buffers:           65112 kB
Cached:           384528 kB
SwapCached:            0 kB
Active:           772936 kB
Inactive:         149464 kB
Active(anon):     481116 kB
Inactive(anon):     3732 kB
Active(file):     291820 kB
Inactive(file):   145732 kB
Unevictable:        8304 kB
Mlocked:               0 kB
HighTotal:        802816 kB
HighFree:          32748 kB
LowTotal:         548148 kB
LowFree:          139600 kB
SwapTotal:             0 kB
SwapFree:              0 kB
Dirty:               496 kB
Writeback:             0 kB
AnonPages:        480988 kB
Mapped:           131928 kB
Shmem:              3784 kB
Slab:              36844 kB
SReclaimable:      13672 kB
SUnreclaim:        23172 kB
KernelStack:        7688 kB
PageTables:        15500 kB
NFS_Unstable:          0 kB
Bounce:                0 kB
WritebackTmp:          0 kB
CommitLimit:      675480 kB
Committed_AS:   34788460 kB
VmallocTotal:     253952 kB
VmallocUsed:       80176 kB
VmallocChunk:      52228 kB
Time pass: 101 sec

---2015-10-26 12:50:36
MemTotal:        1350964 kB
MemFree:          146652 kB
Buffers:           65112 kB
Cached:           384540 kB
SwapCached:            0 kB
Active:           773764 kB
Inactive:         149376 kB
Active(anon):     481844 kB
Inactive(anon):     3732 kB
Active(file):     291920 kB
Inactive(file):   145644 kB
Unevictable:        8304 kB
Mlocked:               0 kB
HighTotal:        802816 kB
HighFree:          18512 kB
LowTotal:         548148 kB
LowFree:          128140 kB
SwapTotal:             0 kB
SwapFree:              0 kB
Dirty:              3796 kB
Writeback:             0 kB
AnonPages:        481872 kB
Mapped:           131932 kB
Shmem:              3784 kB
Slab:              36844 kB
SReclaimable:      13672 kB
SUnreclaim:        23172 kB
KernelStack:        7688 kB
PageTables:        15556 kB
NFS_Unstable:          0 kB
Bounce:                0 kB
WritebackTmp:          0 kB
CommitLimit:      675480 kB
Committed_AS:   34809504 kB
VmallocTotal:     253952 kB
VmallocUsed:       80176 kB
VmallocChunk:      52228 kB
Time pass: 106 sec

---2015-10-26 12:50:36
MemTotal:        1350964 kB
MemFree:          142280 kB
Buffers:           65112 kB
Cached:           384844 kB
SwapCached:            0 kB
Active:           774456 kB
Inactive:         149544 kB
Active(anon):     482400 kB
Inactive(anon):     3732 kB
Active(file):     292056 kB
Inactive(file):   145812 kB
Unevictable:        8304 kB
Mlocked:               0 kB
HighTotal:        802816 kB
HighFree:          14668 kB
LowTotal:         548148 kB
LowFree:          127612 kB
SwapTotal:             0 kB
SwapFree:              0 kB
Dirty:               660 kB
Writeback:             0 kB
AnonPages:        482352 kB
Mapped:           131932 kB
Shmem:              3784 kB
Slab:              36876 kB
SReclaimable:      13672 kB
SUnreclaim:        23204 kB
KernelStack:        7672 kB
PageTables:        15532 kB
NFS_Unstable:          0 kB
Bounce:                0 kB
WritebackTmp:          0 kB
CommitLimit:      675480 kB
Committed_AS:   34812956 kB
VmallocTotal:     253952 kB
VmallocUsed:       80176 kB
VmallocChunk:      52228 kB
Time pass: 109 sec

---2015-10-26 12:50:36
MemTotal:        1350964 kB
MemFree:          141868 kB
Buffers:           65116 kB
Cached:           384844 kB
SwapCached:            0 kB
Active:           774468 kB
Inactive:         149544 kB
Active(anon):     482412 kB
Inactive(anon):     3732 kB
Active(file):     292056 kB
Inactive(file):   145812 kB
Unevictable:        8304 kB
Mlocked:               0 kB
HighTotal:        802816 kB
HighFree:          14420 kB
LowTotal:         548148 kB
LowFree:          127448 kB
SwapTotal:             0 kB
SwapFree:              0 kB
Dirty:               128 kB
Writeback:             0 kB
AnonPages:        482484 kB
Mapped:           132000 kB
Shmem:              3784 kB
Slab:              36876 kB
SReclaimable:      13672 kB
SUnreclaim:        23204 kB
KernelStack:        7688 kB
PageTables:        15564 kB
NFS_Unstable:          0 kB
Bounce:                0 kB
WritebackTmp:          0 kB
CommitLimit:      675480 kB
Committed_AS:   34812864 kB
VmallocTotal:     253952 kB
VmallocUsed:       80176 kB
VmallocChunk:      52228 kB
Time pass: 113 sec

---2015-10-26 12:50:36
MemTotal:        1350964 kB
MemFree:          141892 kB
Buffers:           65116 kB
Cached:           384844 kB
SwapCached:            0 kB
Active:           774564 kB
Inactive:         149548 kB
Active(anon):     482508 kB
Inactive(anon):     3732 kB
Active(file):     292056 kB
Inactive(file):   145816 kB
Unevictable:        8304 kB
Mlocked:               0 kB
HighTotal:        802816 kB
HighFree:          14296 kB
LowTotal:         548148 kB
LowFree:          127596 kB
SwapTotal:             0 kB
SwapFree:              0 kB
Dirty:                 0 kB
Writeback:             0 kB
AnonPages:        482400 kB
Mapped:           131852 kB
Shmem:              3784 kB
Slab:              36876 kB
SReclaimable:      13672 kB
SUnreclaim:        23204 kB
KernelStack:        7688 kB
PageTables:        15564 kB
NFS_Unstable:          0 kB
Bounce:                0 kB
WritebackTmp:          0 kB
CommitLimit:      675480 kB
Committed_AS:   34812944 kB
VmallocTotal:     253952 kB
VmallocUsed:       80176 kB
VmallocChunk:      52228 kB
Time pass: 117 sec

---2015-10-26 12:50:36
MemTotal:        1350964 kB
MemFree:          130360 kB
Buffers:           65120 kB
Cached:           384852 kB
SwapCached:            0 kB
Active:           778636 kB
Inactive:         149544 kB
Active(anon):     486564 kB
Inactive(anon):     3732 kB
Active(file):     292072 kB
Inactive(file):   145812 kB
Unevictable:        8304 kB
Mlocked:               0 kB
HighTotal:        802816 kB
HighFree:           4064 kB
LowTotal:         548148 kB
LowFree:          126296 kB
SwapTotal:             0 kB
SwapFree:              0 kB
Dirty:               536 kB
Writeback:             0 kB
AnonPages:        486348 kB
Mapped:           132060 kB
Shmem:              3784 kB
Slab:              36876 kB
SReclaimable:      13672 kB
SUnreclaim:        23204 kB
KernelStack:        7696 kB
PageTables:        15576 kB
NFS_Unstable:          0 kB
Bounce:                0 kB
WritebackTmp:          0 kB
CommitLimit:      675480 kB
Committed_AS:   34823528 kB
VmallocTotal:     253952 kB
VmallocUsed:       80176 kB
VmallocChunk:      52228 kB
Time pass: 120 sec

---2015-10-26 12:50:36
MemTotal:        1350964 kB
MemFree:          130392 kB
Buffers:           65124 kB
Cached:           384852 kB
SwapCached:            0 kB
Active:           778640 kB
Inactive:         149540 kB
Active(anon):     486564 kB
Inactive(anon):     3732 kB
Active(file):     292076 kB
Inactive(file):   145808 kB
Unevictable:        8304 kB
Mlocked:               0 kB
HighTotal:        802816 kB
HighFree:           4128 kB
LowTotal:         548148 kB
LowFree:          126264 kB
SwapTotal:             0 kB
SwapFree:              0 kB
Dirty:                40 kB
Writeback:             0 kB
AnonPages:        486624 kB
Mapped:           132060 kB
Shmem:              3784 kB
Slab:              36876 kB
SReclaimable:      13672 kB
SUnreclaim:        23204 kB
KernelStack:        7696 kB
PageTables:        15588 kB
NFS_Unstable:          0 kB
Bounce:                0 kB
WritebackTmp:          0 kB
CommitLimit:      675480 kB
Committed_AS:   34823464 kB
VmallocTotal:     253952 kB
VmallocUsed:       80176 kB
VmallocChunk:      52228 kB
Time pass: 124 sec

---2015-10-26 12:50:36
MemTotal:        1350964 kB
MemFree:          130020 kB
Buffers:           65124 kB
Cached:           384852 kB
SwapCached:            0 kB
Active:           778820 kB
Inactive:         149544 kB
Active(anon):     486744 kB
Inactive(anon):     3732 kB
Active(file):     292076 kB
Inactive(file):   145812 kB
Unevictable:        8304 kB
Mlocked:               0 kB
HighTotal:        802816 kB
HighFree:           3880 kB
LowTotal:         548148 kB
LowFree:          126140 kB
SwapTotal:             0 kB
SwapFree:              0 kB
Dirty:                40 kB
Writeback:             0 kB
AnonPages:        486836 kB
Mapped:           132504 kB
Shmem:              3784 kB
Slab:              36876 kB
SReclaimable:      13672 kB
SUnreclaim:        23204 kB
KernelStack:        7696 kB
PageTables:        15588 kB
NFS_Unstable:          0 kB
Bounce:                0 kB
WritebackTmp:          0 kB
CommitLimit:      675480 kB
Committed_AS:   34823516 kB
VmallocTotal:     253952 kB
VmallocUsed:       80176 kB
VmallocChunk:      52228 kB
Time pass: 128 sec

---2015-10-26 12:50:36
MemTotal:        1350964 kB
MemFree:          124132 kB
Buffers:           65132 kB
Cached:           384848 kB
SwapCached:            0 kB
Active:           785784 kB
Inactive:         149544 kB
Active(anon):     493704 kB
Inactive(anon):     3732 kB
Active(file):     292080 kB
Inactive(file):   145812 kB
Unevictable:        8304 kB
Mlocked:               0 kB
HighTotal:        802816 kB
HighFree:           1524 kB
LowTotal:         548148 kB
LowFree:          122608 kB
SwapTotal:             0 kB
SwapFree:              0 kB
Dirty:                12 kB
Writeback:             0 kB
AnonPages:        493752 kB
Mapped:           135336 kB
Shmem:              3784 kB
Slab:              36844 kB
SReclaimable:      13672 kB
SUnreclaim:        23172 kB
KernelStack:        7768 kB
PageTables:        15632 kB
NFS_Unstable:          0 kB
Bounce:                0 kB
WritebackTmp:          0 kB
CommitLimit:      675480 kB
Committed_AS:   34836736 kB
VmallocTotal:     253952 kB
VmallocUsed:       80176 kB
VmallocChunk:      52228 kB
Time pass: 132 sec

---2015-10-26 12:50:36
MemTotal:        1350964 kB
MemFree:          105364 kB
Buffers:           65160 kB
Cached:           385280 kB
SwapCached:            0 kB
Active:           798360 kB
Inactive:         149984 kB
Active(anon):     506272 kB
Inactive(anon):     4148 kB
Active(file):     292088 kB
Inactive(file):   145836 kB
Unevictable:        8304 kB
Mlocked:               0 kB
HighTotal:        802816 kB
HighFree:           1524 kB
LowTotal:         548148 kB
LowFree:          103840 kB
SwapTotal:             0 kB
SwapFree:              0 kB
Dirty:                 0 kB
Writeback:             0 kB
AnonPages:        506292 kB
Mapped:           136548 kB
Shmem:              4204 kB
Slab:              36908 kB
SReclaimable:      13672 kB
SUnreclaim:        23236 kB
KernelStack:        7904 kB
PageTables:        15908 kB
NFS_Unstable:          0 kB
Bounce:                0 kB
WritebackTmp:          0 kB
CommitLimit:      675480 kB
Committed_AS:   34861636 kB
VmallocTotal:     253952 kB
VmallocUsed:       80708 kB
VmallocChunk:      52228 kB
Time pass: 140 sec

---2015-10-26 12:50:36
MemTotal:        1350964 kB
MemFree:           57236 kB
Buffers:           65164 kB
Cached:           384864 kB
SwapCached:            0 kB
Active:           822540 kB
Inactive:         149560 kB
Active(anon):     530428 kB
Inactive(anon):     3732 kB
Active(file):     292112 kB
Inactive(file):   145828 kB
Unevictable:        8304 kB
Mlocked:               0 kB
HighTotal:        802816 kB
HighFree:           1524 kB
LowTotal:         548148 kB
LowFree:           55712 kB
SwapTotal:             0 kB
SwapFree:              0 kB
Dirty:               100 kB
Writeback:             0 kB
AnonPages:        530508 kB
Mapped:           136352 kB
Shmem:              3784 kB
Slab:              36876 kB
SReclaimable:      13672 kB
SUnreclaim:        23204 kB
KernelStack:        8000 kB
PageTables:        16536 kB
NFS_Unstable:          0 kB
Bounce:                0 kB
WritebackTmp:          0 kB
CommitLimit:      675480 kB
Committed_AS:   38891724 kB
VmallocTotal:     253952 kB
VmallocUsed:       84992 kB
VmallocChunk:      52228 kB
Time pass: 144 sec

---2015-10-26 12:50:36
MemTotal:        1350964 kB
MemFree:          134664 kB
Buffers:           65164 kB
Cached:           384864 kB
SwapCached:            0 kB
Active:           797792 kB
Inactive:         149560 kB
Active(anon):     505680 kB
Inactive(anon):     3732 kB
Active(file):     292112 kB
Inactive(file):   145828 kB
Unevictable:        8304 kB
Mlocked:               0 kB
HighTotal:        802816 kB
HighFree:          44256 kB
LowTotal:         548148 kB
LowFree:           90408 kB
SwapTotal:             0 kB
SwapFree:              0 kB
Dirty:                48 kB
Writeback:             0 kB
AnonPages:        505760 kB
Mapped:           136084 kB
Shmem:              3784 kB
Slab:              36836 kB
SReclaimable:      13672 kB
SUnreclaim:        23164 kB
KernelStack:        7880 kB
PageTables:        15752 kB
NFS_Unstable:          0 kB
Bounce:                0 kB
WritebackTmp:          0 kB
CommitLimit:      675480 kB
Committed_AS:   34802428 kB
VmallocTotal:     253952 kB
VmallocUsed:       80496 kB
VmallocChunk:      52228 kB
Time pass: 148 sec

---2015-10-26 12:50:36
MemTotal:        1350964 kB
MemFree:          265100 kB
Buffers:           65164 kB
Cached:           384728 kB
SwapCached:            0 kB
Active:           735980 kB
Inactive:         149420 kB
Active(anon):     443864 kB
Inactive(anon):     3596 kB
Active(file):     292116 kB
Inactive(file):   145824 kB
Unevictable:        8304 kB
Mlocked:               0 kB
HighTotal:        802816 kB
HighFree:         122028 kB
LowTotal:         548148 kB
LowFree:          143072 kB
SwapTotal:             0 kB
SwapFree:              0 kB
Dirty:                20 kB
Writeback:             0 kB
AnonPages:        443876 kB
Mapped:           104572 kB
Shmem:              3648 kB
Slab:              36792 kB
SReclaimable:      13672 kB
SUnreclaim:        23120 kB
KernelStack:        7216 kB
PageTables:        14696 kB
NFS_Unstable:          0 kB
Bounce:                0 kB
WritebackTmp:          0 kB
CommitLimit:      675480 kB
Committed_AS:   33789460 kB
VmallocTotal:     253952 kB
VmallocUsed:       78276 kB
VmallocChunk:      52228 kB
Time pass: 151 sec

---2015-10-26 12:50:36
MemTotal:        1350964 kB
MemFree:          262260 kB
Buffers:           65164 kB
Cached:           384728 kB
SwapCached:            0 kB
Active:           738488 kB
Inactive:         149420 kB
Active(anon):     446372 kB
Inactive(anon):     3596 kB
Active(file):     292116 kB
Inactive(file):   145824 kB
Unevictable:        8304 kB
Mlocked:               0 kB
HighTotal:        802816 kB
HighFree:         119284 kB
LowTotal:         548148 kB
LowFree:          142976 kB
SwapTotal:             0 kB
SwapFree:              0 kB
Dirty:                 0 kB
Writeback:             0 kB
AnonPages:        446496 kB
Mapped:           104548 kB
Shmem:              3648 kB
Slab:              36792 kB
SReclaimable:      13672 kB
SUnreclaim:        23120 kB
KernelStack:        7312 kB
PageTables:        14896 kB
NFS_Unstable:          0 kB
Bounce:                0 kB
WritebackTmp:          0 kB
CommitLimit:      675480 kB
Committed_AS:   34788104 kB
VmallocTotal:     253952 kB
VmallocUsed:       78276 kB
VmallocChunk:      52228 kB
Time pass: 155 sec

---2015-10-26 12:50:36
MemTotal:        1350964 kB
MemFree:          264192 kB
Buffers:           65164 kB
Cached:           384844 kB
SwapCached:            0 kB
Active:           736048 kB
Inactive:         149536 kB
Active(anon):     443932 kB
Inactive(anon):     3596 kB
Active(file):     292116 kB
Inactive(file):   145940 kB
Unevictable:        8304 kB
Mlocked:               0 kB
HighTotal:        802816 kB
HighFree:         120144 kB
LowTotal:         548148 kB
LowFree:          144048 kB
SwapTotal:             0 kB
SwapFree:              0 kB
Dirty:                 0 kB
Writeback:             0 kB
AnonPages:        443936 kB
Mapped:           104724 kB
Shmem:              3648 kB
Slab:              36792 kB
SReclaimable:      13672 kB
SUnreclaim:        23120 kB
KernelStack:        7208 kB
PageTables:        14696 kB
NFS_Unstable:          0 kB
Bounce:                0 kB
WritebackTmp:          0 kB
CommitLimit:      675480 kB
Committed_AS:   33787764 kB
VmallocTotal:     253952 kB
VmallocUsed:       78276 kB
VmallocChunk:      52228 kB
Time pass: 158 sec

---2015-10-26 12:50:36
MemTotal:        1350964 kB
MemFree:          266764 kB
Buffers:           65168 kB
Cached:           384844 kB
SwapCached:            0 kB
Active:           733416 kB
Inactive:         149536 kB
Active(anon):     441300 kB
Inactive(anon):     3596 kB
Active(file):     292116 kB
Inactive(file):   145940 kB
Unevictable:        8304 kB
Mlocked:               0 kB
HighTotal:        802816 kB
HighFree:         121268 kB
LowTotal:         548148 kB
LowFree:          145496 kB
SwapTotal:             0 kB
SwapFree:              0 kB
Dirty:                12 kB
Writeback:             0 kB
AnonPages:        441420 kB
Mapped:           104724 kB
Shmem:              3648 kB
Slab:              36792 kB
SReclaimable:      13672 kB
SUnreclaim:        23120 kB
KernelStack:        7208 kB
PageTables:        14692 kB
NFS_Unstable:          0 kB
Bounce:                0 kB
WritebackTmp:          0 kB
CommitLimit:      675480 kB
Committed_AS:   33787920 kB
VmallocTotal:     253952 kB
VmallocUsed:       78276 kB
VmallocChunk:      52228 kB
Time pass: 162 sec

---2015-10-26 12:50:36
MemTotal:        1350964 kB
MemFree:          266572 kB
Buffers:           65168 kB
Cached:           384844 kB
SwapCached:            0 kB
Active:           733408 kB
Inactive:         149536 kB
Active(anon):     441288 kB
Inactive(anon):     3596 kB
Active(file):     292120 kB
Inactive(file):   145940 kB
Unevictable:        8304 kB
Mlocked:               0 kB
HighTotal:        802816 kB
HighFree:         121260 kB
LowTotal:         548148 kB
LowFree:          145312 kB
SwapTotal:             0 kB
SwapFree:              0 kB
Dirty:                 0 kB
Writeback:             0 kB
AnonPages:        441348 kB
Mapped:           104724 kB
Shmem:              3648 kB
Slab:              36792 kB
SReclaimable:      13672 kB
SUnreclaim:        23120 kB
KernelStack:        7208 kB
PageTables:        14692 kB
NFS_Unstable:          0 kB
Bounce:                0 kB
WritebackTmp:          0 kB
CommitLimit:      675480 kB
Committed_AS:   33787900 kB
VmallocTotal:     253952 kB
VmallocUsed:       78276 kB
VmallocChunk:      52228 kB
Time pass: 165 sec

---2015-10-26 12:50:36
MemTotal:        1350964 kB
MemFree:          266892 kB
Buffers:           65168 kB
Cached:           384844 kB
SwapCached:            0 kB
Active:           733412 kB
Inactive:         149536 kB
Active(anon):     441292 kB
Inactive(anon):     3596 kB
Active(file):     292120 kB
Inactive(file):   145940 kB
Unevictable:        8304 kB
Mlocked:               0 kB
HighTotal:        802816 kB
HighFree:         121556 kB
LowTotal:         548148 kB
LowFree:          145336 kB
SwapTotal:             0 kB
SwapFree:              0 kB
Dirty:                 0 kB
Writeback:             0 kB
AnonPages:        441380 kB
Mapped:           104724 kB
Shmem:              3648 kB
Slab:              36792 kB
SReclaimable:      13672 kB
SUnreclaim:        23120 kB
KernelStack:        7208 kB
PageTables:        14692 kB
NFS_Unstable:          0 kB
Bounce:                0 kB
WritebackTmp:          0 kB
CommitLimit:      675480 kB
Committed_AS:   33787932 kB
VmallocTotal:     253952 kB
VmallocUsed:       78276 kB
VmallocChunk:      52228 kB
Time pass: 169 sec

---2015-10-26 12:50:36
MemTotal:        1350964 kB
MemFree:          266892 kB
Buffers:           65168 kB
Cached:           384844 kB
SwapCached:            0 kB
Active:           733484 kB
Inactive:         149536 kB
Active(anon):     441364 kB
Inactive(anon):     3596 kB
Active(file):     292120 kB
Inactive(file):   145940 kB
Unevictable:        8304 kB
Mlocked:               0 kB
HighTotal:        802816 kB
HighFree:         121556 kB
LowTotal:         548148 kB
LowFree:          145336 kB
SwapTotal:             0 kB
SwapFree:              0 kB
Dirty:                 0 kB
Writeback:             0 kB
AnonPages:        441432 kB
Mapped:           104724 kB
Shmem:              3648 kB
Slab:              36792 kB
SReclaimable:      13672 kB
SUnreclaim:        23120 kB
KernelStack:        7208 kB
PageTables:        14692 kB
NFS_Unstable:          0 kB
Bounce:                0 kB
WritebackTmp:          0 kB
CommitLimit:      675480 kB
Committed_AS:   33787848 kB
VmallocTotal:     253952 kB
VmallocUsed:       78276 kB
VmallocChunk:      52228 kB
Time pass: 173 sec

---2015-10-26 12:50:36
MemTotal:        1350964 kB
MemFree:          266768 kB
Buffers:           65168 kB
Cached:           384844 kB
SwapCached:            0 kB
Active:           733492 kB
Inactive:         149536 kB
Active(anon):     441372 kB
Inactive(anon):     3596 kB
Active(file):     292120 kB
Inactive(file):   145940 kB
Unevictable:        8304 kB
Mlocked:               0 kB
HighTotal:        802816 kB
HighFree:         121432 kB
LowTotal:         548148 kB
LowFree:          145336 kB
SwapTotal:             0 kB
SwapFree:              0 kB
Dirty:                 0 kB
Writeback:             0 kB
AnonPages:        441312 kB
Mapped:           104576 kB
Shmem:              3648 kB
Slab:              36792 kB
SReclaimable:      13672 kB
SUnreclaim:        23120 kB
KernelStack:        7208 kB
PageTables:        14688 kB
NFS_Unstable:          0 kB
Bounce:                0 kB
WritebackTmp:          0 kB
CommitLimit:      675480 kB
Committed_AS:   33787900 kB
VmallocTotal:     253952 kB
VmallocUsed:       78276 kB
VmallocChunk:      52228 kB
Time pass: 177 sec

---2015-10-26 12:50:36
MemTotal:        1350964 kB
MemFree:          266688 kB
Buffers:           65168 kB
Cached:           384844 kB
SwapCached:            0 kB
Active:           733560 kB
Inactive:         149536 kB
Active(anon):     441440 kB
Inactive(anon):     3596 kB
Active(file):     292120 kB
Inactive(file):   145940 kB
Unevictable:        8304 kB
Mlocked:               0 kB
HighTotal:        802816 kB
HighFree:         121432 kB
LowTotal:         548148 kB
LowFree:          145256 kB
SwapTotal:             0 kB
SwapFree:              0 kB
Dirty:                 0 kB
Writeback:             0 kB
AnonPages:        441380 kB
Mapped:           104580 kB
Shmem:              3648 kB
Slab:              36792 kB
SReclaimable:      13672 kB
SUnreclaim:        23120 kB
KernelStack:        7208 kB
PageTables:        14720 kB
NFS_Unstable:          0 kB
Bounce:                0 kB
WritebackTmp:          0 kB
CommitLimit:      675480 kB
Committed_AS:   33787892 kB
VmallocTotal:     253952 kB
VmallocUsed:       78276 kB
VmallocChunk:      52228 kB
Time pass: 180 sec

---2015-10-26 12:50:36
MemTotal:        1350964 kB
MemFree:          266868 kB
Buffers:           65168 kB
Cached:           384844 kB
SwapCached:            0 kB
Active:           733604 kB
Inactive:         149536 kB
Active(anon):     441484 kB
Inactive(anon):     3596 kB
Active(file):     292120 kB
Inactive(file):   145940 kB
Unevictable:        8304 kB
Mlocked:               0 kB
HighTotal:        802816 kB
HighFree:         121432 kB
LowTotal:         548148 kB
LowFree:          145436 kB
SwapTotal:             0 kB
SwapFree:              0 kB
Dirty:                 0 kB
Writeback:             0 kB
AnonPages:        441392 kB
Mapped:           104576 kB
Shmem:              3648 kB
Slab:              36792 kB
SReclaimable:      13672 kB
SUnreclaim:        23120 kB
KernelStack:        7208 kB
PageTables:        14692 kB
NFS_Unstable:          0 kB
Bounce:                0 kB
WritebackTmp:          0 kB
CommitLimit:      675480 kB
Committed_AS:   33787908 kB
VmallocTotal:     253952 kB
VmallocUsed:       78276 kB
VmallocChunk:      52228 kB
Time pass: 184 sec

---2015-10-26 12:50:36
MemTotal:        1350964 kB
MemFree:          276604 kB
Buffers:           65172 kB
Cached:           384848 kB
SwapCached:            0 kB
Active:           741588 kB
Inactive:         149812 kB
Active(anon):     449736 kB
Inactive(anon):     3596 kB
Active(file):     291852 kB
Inactive(file):   146216 kB
Unevictable:        8304 kB
Mlocked:               0 kB
HighTotal:        802816 kB
HighFree:         113000 kB
LowTotal:         548148 kB
LowFree:          163604 kB
SwapTotal:             0 kB
SwapFree:              0 kB
Dirty:               784 kB
Writeback:             0 kB
AnonPages:        449664 kB
Mapped:           118624 kB
Shmem:              3648 kB
Slab:              36792 kB
SReclaimable:      13672 kB
SUnreclaim:        23120 kB
KernelStack:        7392 kB
PageTables:        15184 kB
NFS_Unstable:          0 kB
Bounce:                0 kB
WritebackTmp:          0 kB
CommitLimit:      675480 kB
Committed_AS:   34664204 kB
VmallocTotal:     253952 kB
VmallocUsed:       79420 kB
VmallocChunk:      52228 kB
Time pass: 187 sec

---2015-10-26 12:50:36
MemTotal:        1350964 kB
MemFree:          219936 kB
Buffers:           65180 kB
Cached:           384976 kB
SwapCached:            0 kB
Active:           752516 kB
Inactive:         149660 kB
Active(anon):     460376 kB
Inactive(anon):     3724 kB
Active(file):     292140 kB
Inactive(file):   145936 kB
Unevictable:        8304 kB
Mlocked:               0 kB
HighTotal:        802816 kB
HighFree:          63252 kB
LowTotal:         548148 kB
LowFree:          156684 kB
SwapTotal:             0 kB
SwapFree:              0 kB
Dirty:               896 kB
Writeback:             0 kB
AnonPages:        460208 kB
Mapped:           126256 kB
Shmem:              3776 kB
Slab:              36792 kB
SReclaimable:      13672 kB
SUnreclaim:        23120 kB
KernelStack:        7600 kB
PageTables:        15412 kB
NFS_Unstable:          0 kB
Bounce:                0 kB
WritebackTmp:          0 kB
CommitLimit:      675480 kB
Committed_AS:   34739868 kB
VmallocTotal:     253952 kB
VmallocUsed:       80176 kB
VmallocChunk:      52228 kB
Time pass: 191 sec

---2015-10-26 12:50:36
MemTotal:        1350964 kB
MemFree:          204584 kB
Buffers:           65184 kB
Cached:           384984 kB
SwapCached:            0 kB
Active:           755172 kB
Inactive:         149660 kB
Active(anon):     463024 kB
Inactive(anon):     3724 kB
Active(file):     292148 kB
Inactive(file):   145936 kB
Unevictable:        8304 kB
Mlocked:               0 kB
HighTotal:        802816 kB
HighFree:          56556 kB
LowTotal:         548148 kB
LowFree:          148028 kB
SwapTotal:             0 kB
SwapFree:              0 kB
Dirty:               416 kB
Writeback:             0 kB
AnonPages:        463036 kB
Mapped:           127580 kB
Shmem:              3776 kB
Slab:              36792 kB
SReclaimable:      13672 kB
SUnreclaim:        23120 kB
KernelStack:        7616 kB
PageTables:        15440 kB
NFS_Unstable:          0 kB
Bounce:                0 kB
WritebackTmp:          0 kB
CommitLimit:      675480 kB
Committed_AS:   34751260 kB
VmallocTotal:     253952 kB
VmallocUsed:       80176 kB
VmallocChunk:      52228 kB
Time pass: 195 sec

---2015-10-26 12:50:36
MemTotal:        1350964 kB
MemFree:          203480 kB
Buffers:           65184 kB
Cached:           384984 kB
SwapCached:            0 kB
Active:           754416 kB
Inactive:         149664 kB
Active(anon):     462268 kB
Inactive(anon):     3724 kB
Active(file):     292148 kB
Inactive(file):   145940 kB
Unevictable:        8304 kB
Mlocked:               0 kB
HighTotal:        802816 kB
HighFree:          56656 kB
LowTotal:         548148 kB
LowFree:          146824 kB
SwapTotal:             0 kB
SwapFree:              0 kB
Dirty:                 0 kB
Writeback:             0 kB
AnonPages:        462396 kB
Mapped:           127472 kB
Shmem:              3776 kB
Slab:              36792 kB
SReclaimable:      13672 kB
SUnreclaim:        23120 kB
KernelStack:        7608 kB
PageTables:        15444 kB
NFS_Unstable:          0 kB
Bounce:                0 kB
WritebackTmp:          0 kB
CommitLimit:      675480 kB
Committed_AS:   34753624 kB
VmallocTotal:     253952 kB
VmallocUsed:       80176 kB
VmallocChunk:      52228 kB
Time pass: 198 sec

---2015-10-26 12:50:36
MemTotal:        1350964 kB
MemFree:          179616 kB
Buffers:           65184 kB
Cached:           385184 kB
SwapCached:            0 kB
Active:           767832 kB
Inactive:         149920 kB
Active(anon):     475740 kB
Inactive(anon):     3728 kB
Active(file):     292092 kB
Inactive(file):   146192 kB
Unevictable:        8304 kB
Mlocked:               0 kB
HighTotal:        802816 kB
HighFree:          39944 kB
LowTotal:         548148 kB
LowFree:          139672 kB
SwapTotal:             0 kB
SwapFree:              0 kB
Dirty:               572 kB
Writeback:             0 kB
AnonPages:        475780 kB
Mapped:           131640 kB
Shmem:              3780 kB
Slab:              36792 kB
SReclaimable:      13672 kB
SUnreclaim:        23120 kB
KernelStack:        7664 kB
PageTables:        15496 kB
NFS_Unstable:          0 kB
Bounce:                0 kB
WritebackTmp:          0 kB
CommitLimit:      675480 kB
Committed_AS:   34778192 kB
VmallocTotal:     253952 kB
VmallocUsed:       80176 kB
VmallocChunk:      52228 kB
Time pass: 202 sec

---2015-10-26 12:50:36
MemTotal:        1350964 kB
MemFree:          153932 kB
Buffers:           65184 kB
Cached:           385312 kB
SwapCached:            0 kB
Active:           771188 kB
Inactive:         150180 kB
Active(anon):     479228 kB
Inactive(anon):     3728 kB
Active(file):     291960 kB
Inactive(file):   146452 kB
Unevictable:        8304 kB
Mlocked:               0 kB
HighTotal:        802816 kB
HighFree:          25332 kB
LowTotal:         548148 kB
LowFree:          128600 kB
SwapTotal:             0 kB
SwapFree:              0 kB
Dirty:              2480 kB
Writeback:             0 kB
AnonPages:        479176 kB
Mapped:           131852 kB
Shmem:              3780 kB
Slab:              36792 kB
SReclaimable:      13672 kB
SUnreclaim:        23120 kB
KernelStack:        7656 kB
PageTables:        15532 kB
NFS_Unstable:          0 kB
Bounce:                0 kB
WritebackTmp:          0 kB
CommitLimit:      675480 kB
Committed_AS:   34801300 kB
VmallocTotal:     253952 kB
VmallocUsed:       80176 kB
VmallocChunk:      52228 kB
Time pass: 205 sec

---2015-10-26 12:50:36
MemTotal:        1350964 kB
MemFree:          152472 kB
Buffers:           65184 kB
Cached:           385312 kB
SwapCached:            0 kB
Active:           771140 kB
Inactive:         150180 kB
Active(anon):     479180 kB
Inactive(anon):     3728 kB
Active(file):     291960 kB
Inactive(file):   146452 kB
Unevictable:        8304 kB
Mlocked:               0 kB
HighTotal:        802816 kB
HighFree:          24588 kB
LowTotal:         548148 kB
LowFree:          127884 kB
SwapTotal:             0 kB
SwapFree:              0 kB
Dirty:               148 kB
Writeback:             0 kB
AnonPages:        479180 kB
Mapped:           131752 kB
Shmem:              3780 kB
Slab:              36680 kB
SReclaimable:      13672 kB
SUnreclaim:        23008 kB
KernelStack:        7672 kB
PageTables:        15552 kB
NFS_Unstable:          0 kB
Bounce:                0 kB
WritebackTmp:          0 kB
CommitLimit:      675480 kB
Committed_AS:   34802684 kB
VmallocTotal:     253952 kB
VmallocUsed:       80176 kB
VmallocChunk:      52228 kB
Time pass: 209 sec

---2015-10-26 12:50:36
MemTotal:        1350964 kB
MemFree:          142868 kB
Buffers:           65184 kB
Cached:           385316 kB
SwapCached:            0 kB
Active:           775076 kB
Inactive:         150184 kB
Active(anon):     483116 kB
Inactive(anon):     3728 kB
Active(file):     291960 kB
Inactive(file):   146456 kB
Unevictable:        8304 kB
Mlocked:               0 kB
HighTotal:        802816 kB
HighFree:          15660 kB
LowTotal:         548148 kB
LowFree:          127208 kB
SwapTotal:             0 kB
SwapFree:              0 kB
Dirty:               608 kB
Writeback:             0 kB
AnonPages:        483172 kB
Mapped:           131944 kB
Shmem:              3780 kB
Slab:              36680 kB
SReclaimable:      13672 kB
SUnreclaim:        23008 kB
KernelStack:        7672 kB
PageTables:        15572 kB
NFS_Unstable:          0 kB
Bounce:                0 kB
WritebackTmp:          0 kB
CommitLimit:      675480 kB
Committed_AS:   34812340 kB
VmallocTotal:     253952 kB
VmallocUsed:       80176 kB
VmallocChunk:      52228 kB
Time pass: 213 sec

---2015-10-26 12:50:36
MemTotal:        1350964 kB
MemFree:          134404 kB
Buffers:           65188 kB
Cached:           385448 kB
SwapCached:            0 kB
Active:           781908 kB
Inactive:         150312 kB
Active(anon):     489944 kB
Inactive(anon):     3852 kB
Active(file):     291964 kB
Inactive(file):   146460 kB
Unevictable:        8304 kB
Mlocked:               0 kB
HighTotal:        802816 kB
HighFree:           7724 kB
LowTotal:         548148 kB
LowFree:          126680 kB
SwapTotal:             0 kB
SwapFree:              0 kB
Dirty:                40 kB
Writeback:             0 kB
AnonPages:        489832 kB
Mapped:           134860 kB
Shmem:              3908 kB
Slab:              36712 kB
SReclaimable:      13672 kB
SUnreclaim:        23040 kB
KernelStack:        7848 kB
PageTables:        15688 kB
NFS_Unstable:          0 kB
Bounce:                0 kB
WritebackTmp:          0 kB
CommitLimit:      675480 kB
Committed_AS:   34835280 kB
VmallocTotal:     253952 kB
VmallocUsed:       80372 kB
VmallocChunk:      52228 kB
Time pass: 218 sec

---2015-10-26 12:50:36
MemTotal:        1350964 kB
MemFree:          130976 kB
Buffers:           65192 kB
Cached:           385452 kB
SwapCached:            0 kB
Active:           784772 kB
Inactive:         150308 kB
Active(anon):     492796 kB
Inactive(anon):     3852 kB
Active(file):     291976 kB
Inactive(file):   146456 kB
Unevictable:        8304 kB
Mlocked:               0 kB
HighTotal:        802816 kB
HighFree:           5244 kB
LowTotal:         548148 kB
LowFree:          125732 kB
SwapTotal:             0 kB
SwapFree:              0 kB
Dirty:                48 kB
Writeback:             0 kB
AnonPages:        492740 kB
Mapped:           134880 kB
Shmem:              3908 kB
Slab:              36712 kB
SReclaimable:      13672 kB
SUnreclaim:        23040 kB
KernelStack:        7904 kB
PageTables:        15680 kB
NFS_Unstable:          0 kB
Bounce:                0 kB
WritebackTmp:          0 kB
CommitLimit:      675480 kB
Committed_AS:   34831948 kB
VmallocTotal:     253952 kB
VmallocUsed:       80708 kB
VmallocChunk:      52228 kB
Time pass: 225 sec

---2015-10-26 12:50:36
MemTotal:        1350964 kB
MemFree:          125680 kB
Buffers:           65196 kB
Cached:           385448 kB
SwapCached:            0 kB
Active:           788140 kB
Inactive:         150304 kB
Active(anon):     496160 kB
Inactive(anon):     3848 kB
Active(file):     291980 kB
Inactive(file):   146456 kB
Unevictable:        8304 kB
Mlocked:               0 kB
HighTotal:        802816 kB
HighFree:           1524 kB
LowTotal:         548148 kB
LowFree:          124156 kB
SwapTotal:             0 kB
SwapFree:              0 kB
Dirty:                 0 kB
Writeback:             0 kB
AnonPages:        496252 kB
Mapped:           135348 kB
Shmem:              3904 kB
Slab:              36680 kB
SReclaimable:      13672 kB
SUnreclaim:        23008 kB
KernelStack:        7952 kB
PageTables:        15744 kB
NFS_Unstable:          0 kB
Bounce:                0 kB
WritebackTmp:          0 kB
CommitLimit:      675480 kB
Committed_AS:   34842492 kB
VmallocTotal:     253952 kB
VmallocUsed:       81044 kB
VmallocChunk:      52228 kB
Time pass: 231 sec

---2015-10-26 12:50:36
MemTotal:        1350964 kB
MemFree:          125596 kB
Buffers:           65196 kB
Cached:           385448 kB
SwapCached:            0 kB
Active:           788292 kB
Inactive:         150304 kB
Active(anon):     496312 kB
Inactive(anon):     3848 kB
Active(file):     291980 kB
Inactive(file):   146456 kB
Unevictable:        8304 kB
Mlocked:               0 kB
HighTotal:        802816 kB
HighFree:           1524 kB
LowTotal:         548148 kB
LowFree:          124072 kB
SwapTotal:             0 kB
SwapFree:              0 kB
Dirty:                 4 kB
Writeback:             0 kB
AnonPages:        496264 kB
Mapped:           135304 kB
Shmem:              3904 kB
Slab:              36712 kB
SReclaimable:      13672 kB
SUnreclaim:        23040 kB
KernelStack:        7928 kB
PageTables:        15720 kB
NFS_Unstable:          0 kB
Bounce:                0 kB
WritebackTmp:          0 kB
CommitLimit:      675480 kB
Committed_AS:   34842744 kB
VmallocTotal:     253952 kB
VmallocUsed:       81044 kB
VmallocChunk:      52228 kB
Time pass: 235 sec

---2015-10-26 12:50:36
MemTotal:        1350964 kB
MemFree:          124944 kB
Buffers:           65200 kB
Cached:           385448 kB
SwapCached:            0 kB
Active:           788660 kB
Inactive:         150304 kB
Active(anon):     496676 kB
Inactive(anon):     3848 kB
Active(file):     291984 kB
Inactive(file):   146456 kB
Unevictable:        8304 kB
Mlocked:               0 kB
HighTotal:        802816 kB
HighFree:           1524 kB
LowTotal:         548148 kB
LowFree:          123420 kB
SwapTotal:             0 kB
SwapFree:              0 kB
Dirty:                 0 kB
Writeback:             0 kB
AnonPages:        496624 kB
Mapped:           135304 kB
Shmem:              3904 kB
Slab:              36744 kB
SReclaimable:      13672 kB
SUnreclaim:        23072 kB
KernelStack:        7928 kB
PageTables:        15720 kB
NFS_Unstable:          0 kB
Bounce:                0 kB
WritebackTmp:          0 kB
CommitLimit:      675480 kB
Committed_AS:   34843048 kB
VmallocTotal:     253952 kB
VmallocUsed:       81044 kB
VmallocChunk:      52228 kB
Time pass: 239 sec

---2015-10-26 12:50:36
MemTotal:        1350964 kB
MemFree:          123640 kB
Buffers:           65204 kB
Cached:           385452 kB
SwapCached:            0 kB
Active:           790280 kB
Inactive:         150304 kB
Active(anon):     498296 kB
Inactive(anon):     3848 kB
Active(file):     291984 kB
Inactive(file):   146456 kB
Unevictable:        8304 kB
Mlocked:               0 kB
HighTotal:        802816 kB
HighFree:           1524 kB
LowTotal:         548148 kB
LowFree:          122116 kB
SwapTotal:             0 kB
SwapFree:              0 kB
Dirty:                28 kB
Writeback:             0 kB
AnonPages:        498296 kB
Mapped:           135356 kB
Shmem:              3908 kB
Slab:              36776 kB
SReclaimable:      13672 kB
SUnreclaim:        23104 kB
KernelStack:        7944 kB
PageTables:        15748 kB
NFS_Unstable:          0 kB
Bounce:                0 kB
WritebackTmp:          0 kB
CommitLimit:      675480 kB
Committed_AS:   34845016 kB
VmallocTotal:     253952 kB
VmallocUsed:       81044 kB
VmallocChunk:      52228 kB
Time pass: 244 sec

---2015-10-26 12:50:36
MemTotal:        1350964 kB
MemFree:          123588 kB
Buffers:           65204 kB
Cached:           385452 kB
SwapCached:            0 kB
Active:           790720 kB
Inactive:         150308 kB
Active(anon):     498732 kB
Inactive(anon):     3852 kB
Active(file):     291988 kB
Inactive(file):   146456 kB
Unevictable:        8304 kB
Mlocked:               0 kB
HighTotal:        802816 kB
HighFree:           1524 kB
LowTotal:         548148 kB
LowFree:          122064 kB
SwapTotal:             0 kB
SwapFree:              0 kB
Dirty:                28 kB
Writeback:             0 kB
AnonPages:        498652 kB
Mapped:           135308 kB
Shmem:              3908 kB
Slab:              36744 kB
SReclaimable:      13672 kB
SUnreclaim:        23072 kB
KernelStack:        7920 kB
PageTables:        15728 kB
NFS_Unstable:          0 kB
Bounce:                0 kB
WritebackTmp:          0 kB
CommitLimit:      675480 kB
Committed_AS:   34845784 kB
VmallocTotal:     253952 kB
VmallocUsed:       81044 kB
VmallocChunk:      52228 kB
Time pass: 250 sec

---2015-10-26 12:50:36
MemTotal:        1350964 kB
MemFree:          122932 kB
Buffers:           65208 kB
Cached:           385456 kB
SwapCached:            0 kB
Active:           791600 kB
Inactive:         150312 kB
Active(anon):     499612 kB
Inactive(anon):     3856 kB
Active(file):     291988 kB
Inactive(file):   146456 kB
Unevictable:        8304 kB
Mlocked:               0 kB
HighTotal:        802816 kB
HighFree:           1524 kB
LowTotal:         548148 kB
LowFree:          121408 kB
SwapTotal:             0 kB
SwapFree:              0 kB
Dirty:                32 kB
Writeback:             0 kB
AnonPages:        499644 kB
Mapped:           135352 kB
Shmem:              3912 kB
Slab:              36776 kB
SReclaimable:      13672 kB
SUnreclaim:        23104 kB
KernelStack:        7920 kB
PageTables:        15724 kB
NFS_Unstable:          0 kB
Bounce:                0 kB
WritebackTmp:          0 kB
CommitLimit:      675480 kB
Committed_AS:   34846100 kB
VmallocTotal:     253952 kB
VmallocUsed:       81044 kB
VmallocChunk:      52228 kB
Time pass: 262 sec

---2015-10-26 12:50:36
MemTotal:        1350964 kB
MemFree:          122096 kB
Buffers:           65216 kB
Cached:           385456 kB
SwapCached:            0 kB
Active:           791448 kB
Inactive:         150312 kB
Active(anon):     499448 kB
Inactive(anon):     3856 kB
Active(file):     292000 kB
Inactive(file):   146456 kB
Unevictable:        8304 kB
Mlocked:               0 kB
HighTotal:        802816 kB
HighFree:           1748 kB
LowTotal:         548148 kB
LowFree:          120348 kB
SwapTotal:             0 kB
SwapFree:              0 kB
Dirty:                 0 kB
Writeback:             0 kB
AnonPages:        499576 kB
Mapped:           135400 kB
Shmem:              3912 kB
Slab:              36776 kB
SReclaimable:      13672 kB
SUnreclaim:        23104 kB
KernelStack:        7944 kB
PageTables:        15748 kB
NFS_Unstable:          0 kB
Bounce:                0 kB
WritebackTmp:          0 kB
CommitLimit:      675480 kB
Committed_AS:   34841304 kB
VmallocTotal:     253952 kB
VmallocUsed:       81160 kB
VmallocChunk:      52228 kB
Time pass: 273 sec

---2015-10-26 12:50:36
MemTotal:        1350964 kB
MemFree:          118828 kB
Buffers:           65220 kB
Cached:           385488 kB
SwapCached:            0 kB
Active:           793408 kB
Inactive:         150344 kB
Active(anon):     501404 kB
Inactive(anon):     3888 kB
Active(file):     292004 kB
Inactive(file):   146456 kB
Unevictable:        8304 kB
Mlocked:               0 kB
HighTotal:        802816 kB
HighFree:           1648 kB
LowTotal:         548148 kB
LowFree:          117180 kB
SwapTotal:             0 kB
SwapFree:              0 kB
Dirty:                36 kB
Writeback:             0 kB
AnonPages:        501476 kB
Mapped:           135432 kB
Shmem:              3944 kB
Slab:              36708 kB
SReclaimable:      13672 kB
SUnreclaim:        23036 kB
KernelStack:        7960 kB
PageTables:        15804 kB
NFS_Unstable:          0 kB
Bounce:                0 kB
WritebackTmp:          0 kB
CommitLimit:      675480 kB
Committed_AS:   34850564 kB
VmallocTotal:     253952 kB
VmallocUsed:       81380 kB
VmallocChunk:      52228 kB
Time pass: 278 sec

---2015-10-26 12:50:36
MemTotal:        1350964 kB
MemFree:          119400 kB
Buffers:           65224 kB
Cached:           385440 kB
SwapCached:            0 kB
Active:           792864 kB
Inactive:         150300 kB
Active(anon):     500860 kB
Inactive(anon):     3840 kB
Active(file):     292004 kB
Inactive(file):   146460 kB
Unevictable:        8304 kB
Mlocked:               0 kB
HighTotal:        802816 kB
HighFree:           2516 kB
LowTotal:         548148 kB
LowFree:          116884 kB
SwapTotal:             0 kB
SwapFree:              0 kB
Dirty:                28 kB
Writeback:             0 kB
AnonPages:        500876 kB
Mapped:           135336 kB
Shmem:              3896 kB
Slab:              36644 kB
SReclaimable:      13672 kB
SUnreclaim:        22972 kB
KernelStack:        7992 kB
PageTables:        15728 kB
NFS_Unstable:          0 kB
Bounce:                0 kB
WritebackTmp:          0 kB
CommitLimit:      675480 kB
Committed_AS:   34851800 kB
VmallocTotal:     253952 kB
VmallocUsed:       81716 kB
VmallocChunk:      52228 kB
Time pass: 283 sec

---2015-10-26 12:50:36
MemTotal:        1350964 kB
MemFree:          118456 kB
Buffers:           65224 kB
Cached:           385440 kB
SwapCached:            0 kB
Active:           793392 kB
Inactive:         150300 kB
Active(anon):     501388 kB
Inactive(anon):     3840 kB
Active(file):     292004 kB
Inactive(file):   146460 kB
Unevictable:        8304 kB
Mlocked:               0 kB
HighTotal:        802816 kB
HighFree:           1648 kB
LowTotal:         548148 kB
LowFree:          116808 kB
SwapTotal:             0 kB
SwapFree:              0 kB
Dirty:                 0 kB
Writeback:             0 kB
AnonPages:        501388 kB
Mapped:           135384 kB
Shmem:              3896 kB
Slab:              36644 kB
SReclaimable:      13672 kB
SUnreclaim:        22972 kB
KernelStack:        8000 kB
PageTables:        15748 kB
NFS_Unstable:          0 kB
Bounce:                0 kB
WritebackTmp:          0 kB
CommitLimit:      675480 kB
Committed_AS:   34851856 kB
VmallocTotal:     253952 kB
VmallocUsed:       81716 kB
VmallocChunk:      52228 kB
Time pass: 288 sec

---2015-10-26 12:50:36
MemTotal:        1350964 kB
MemFree:          117968 kB
Buffers:           65224 kB
Cached:           385444 kB
SwapCached:            0 kB
Active:           794360 kB
Inactive:         150304 kB
Active(anon):     502356 kB
Inactive(anon):     3844 kB
Active(file):     292004 kB
Inactive(file):   146460 kB
Unevictable:        8304 kB
Mlocked:               0 kB
HighTotal:        802816 kB
HighFree:           1524 kB
LowTotal:         548148 kB
LowFree:          116444 kB
SwapTotal:             0 kB
SwapFree:              0 kB
Dirty:                 0 kB
Writeback:             0 kB
AnonPages:        502360 kB
Mapped:           135388 kB
Shmem:              3900 kB
Slab:              36644 kB
SReclaimable:      13672 kB
SUnreclaim:        22972 kB
KernelStack:        7992 kB
PageTables:        15748 kB
NFS_Unstable:          0 kB
Bounce:                0 kB
WritebackTmp:          0 kB
CommitLimit:      675480 kB
Committed_AS:   34852832 kB
VmallocTotal:     253952 kB
VmallocUsed:       81716 kB
VmallocChunk:      52228 kB
Time pass: 293 sec

---2015-10-26 12:50:36
MemTotal:        1350964 kB
MemFree:          117176 kB
Buffers:           65224 kB
Cached:           385468 kB
SwapCached:            0 kB
Active:           794996 kB
Inactive:         150328 kB
Active(anon):     502992 kB
Inactive(anon):     3868 kB
Active(file):     292004 kB
Inactive(file):   146460 kB
Unevictable:        8304 kB
Mlocked:               0 kB
HighTotal:        802816 kB
HighFree:           1524 kB
LowTotal:         548148 kB
LowFree:          115652 kB
SwapTotal:             0 kB
SwapFree:              0 kB
Dirty:                 0 kB
Writeback:             0 kB
AnonPages:        502988 kB
Mapped:           135412 kB
Shmem:              3924 kB
Slab:              36644 kB
SReclaimable:      13672 kB
SUnreclaim:        22972 kB
KernelStack:        7992 kB
PageTables:        15748 kB
NFS_Unstable:          0 kB
Bounce:                0 kB
WritebackTmp:          0 kB
CommitLimit:      675480 kB
Committed_AS:   34853396 kB
VmallocTotal:     253952 kB
VmallocUsed:       81716 kB
VmallocChunk:      52228 kB
Time pass: 296 sec

---2015-10-26 12:50:36
MemTotal:        1350964 kB
MemFree:          116572 kB
Buffers:           65224 kB
Cached:           385472 kB
SwapCached:            0 kB
Active:           795532 kB
Inactive:         150328 kB
Active(anon):     503528 kB
Inactive(anon):     3868 kB
Active(file):     292004 kB
Inactive(file):   146460 kB
Unevictable:        8304 kB
Mlocked:               0 kB
HighTotal:        802816 kB
HighFree:           1524 kB
LowTotal:         548148 kB
LowFree:          115048 kB
SwapTotal:             0 kB
SwapFree:              0 kB
Dirty:                 0 kB
Writeback:             0 kB
AnonPages:        503536 kB
Mapped:           135420 kB
Shmem:              3928 kB
Slab:              36676 kB
SReclaimable:      13672 kB
SUnreclaim:        23004 kB
KernelStack:        7992 kB
PageTables:        15752 kB
NFS_Unstable:          0 kB
Bounce:                0 kB
WritebackTmp:          0 kB
CommitLimit:      675480 kB
Committed_AS:   34853868 kB
VmallocTotal:     253952 kB
VmallocUsed:       81716 kB
VmallocChunk:      52228 kB
Time pass: 300 sec

---2015-10-26 12:50:36
MemTotal:        1350964 kB
MemFree:          116748 kB
Buffers:           65224 kB
Cached:           385472 kB
SwapCached:            0 kB
Active:           795768 kB
Inactive:         150332 kB
Active(anon):     503764 kB
Inactive(anon):     3872 kB
Active(file):     292004 kB
Inactive(file):   146460 kB
Unevictable:        8304 kB
Mlocked:               0 kB
HighTotal:        802816 kB
HighFree:           2144 kB
LowTotal:         548148 kB
LowFree:          114604 kB
SwapTotal:             0 kB
SwapFree:              0 kB
Dirty:                 0 kB
Writeback:             0 kB
AnonPages:        503760 kB
Mapped:           135412 kB
Shmem:              3928 kB
Slab:              36708 kB
SReclaimable:      13672 kB
SUnreclaim:        23036 kB
KernelStack:        8000 kB
PageTables:        15748 kB
NFS_Unstable:          0 kB
Bounce:                0 kB
WritebackTmp:          0 kB
CommitLimit:      675480 kB
Committed_AS:   34854000 kB
VmallocTotal:     253952 kB
VmallocUsed:       81716 kB
VmallocChunk:      52228 kB
Time pass: 304 sec

---2015-10-26 12:50:36
MemTotal:        1350964 kB
MemFree:          117104 kB
Buffers:           65224 kB
Cached:           385476 kB
SwapCached:            0 kB
Active:           795856 kB
Inactive:         150336 kB
Active(anon):     503852 kB
Inactive(anon):     3872 kB
Active(file):     292004 kB
Inactive(file):   146464 kB
Unevictable:        8304 kB
Mlocked:               0 kB
HighTotal:        802816 kB
HighFree:           2468 kB
LowTotal:         548148 kB
LowFree:          114636 kB
SwapTotal:             0 kB
SwapFree:              0 kB
Dirty:                40 kB
Writeback:             0 kB
AnonPages:        503724 kB
Mapped:           135272 kB
Shmem:              3928 kB
Slab:              36708 kB
SReclaimable:      13672 kB
SUnreclaim:        23036 kB
KernelStack:        8000 kB
PageTables:        15756 kB
NFS_Unstable:          0 kB
Bounce:                0 kB
WritebackTmp:          0 kB
CommitLimit:      675480 kB
Committed_AS:   34854080 kB
VmallocTotal:     253952 kB
VmallocUsed:       81716 kB
VmallocChunk:      52228 kB
Time pass: 308 sec

---2015-10-26 12:50:36
MemTotal:        1350964 kB
MemFree:          115692 kB
Buffers:           65224 kB
Cached:           385472 kB
SwapCached:            0 kB
Active:           796832 kB
Inactive:         150324 kB
Active(anon):     504820 kB
Inactive(anon):     3872 kB
Active(file):     292012 kB
Inactive(file):   146452 kB
Unevictable:        8304 kB
Mlocked:               0 kB
HighTotal:        802816 kB
HighFree:           1524 kB
LowTotal:         548148 kB
LowFree:          114168 kB
SwapTotal:             0 kB
SwapFree:              0 kB
Dirty:                36 kB
Writeback:             0 kB
AnonPages:        504712 kB
Mapped:           135268 kB
Shmem:              3928 kB
Slab:              36772 kB
SReclaimable:      13672 kB
SUnreclaim:        23100 kB
KernelStack:        8000 kB
PageTables:        15756 kB
NFS_Unstable:          0 kB
Bounce:                0 kB
WritebackTmp:          0 kB
CommitLimit:      675480 kB
Committed_AS:   34848924 kB
VmallocTotal:     253952 kB
VmallocUsed:       81832 kB
VmallocChunk:      52228 kB
Time pass: 313 sec

---2015-10-26 12:50:36
MemTotal:        1350964 kB
MemFree:          111476 kB
Buffers:           65228 kB
Cached:           385496 kB
SwapCached:            0 kB
Active:           799224 kB
Inactive:         150348 kB
Active(anon):     507208 kB
Inactive(anon):     3896 kB
Active(file):     292016 kB
Inactive(file):   146452 kB
Unevictable:        8304 kB
Mlocked:               0 kB
HighTotal:        802816 kB
HighFree:           1524 kB
LowTotal:         548148 kB
LowFree:          109952 kB
SwapTotal:             0 kB
SwapFree:              0 kB
Dirty:                 0 kB
Writeback:             0 kB
AnonPages:        507172 kB
Mapped:           135388 kB
Shmem:              3952 kB
Slab:              36772 kB
SReclaimable:      13672 kB
SUnreclaim:        23100 kB
KernelStack:        8024 kB
PageTables:        15828 kB
NFS_Unstable:          0 kB
Bounce:                0 kB
WritebackTmp:          0 kB
CommitLimit:      675480 kB
Committed_AS:   34859120 kB
VmallocTotal:     253952 kB
VmallocUsed:       82052 kB
VmallocChunk:      52228 kB
Time pass: 320 sec

---2015-10-26 12:50:36
MemTotal:        1350964 kB
MemFree:          111368 kB
Buffers:           65228 kB
Cached:           385496 kB
SwapCached:            0 kB
Active:           798476 kB
Inactive:         150348 kB
Active(anon):     506460 kB
Inactive(anon):     3896 kB
Active(file):     292016 kB
Inactive(file):   146452 kB
Unevictable:        8304 kB
Mlocked:               0 kB
HighTotal:        802816 kB
HighFree:           1524 kB
LowTotal:         548148 kB
LowFree:          109844 kB
SwapTotal:             0 kB
SwapFree:              0 kB
Dirty:                 0 kB
Writeback:             0 kB
AnonPages:        506504 kB
Mapped:           135440 kB
Shmem:              3952 kB
Slab:              36708 kB
SReclaimable:      13672 kB
SUnreclaim:        23036 kB
KernelStack:        8032 kB
PageTables:        15848 kB
NFS_Unstable:          0 kB
Bounce:                0 kB
WritebackTmp:          0 kB
CommitLimit:      675480 kB
Committed_AS:   34858032 kB
VmallocTotal:     253952 kB
VmallocUsed:       82052 kB
VmallocChunk:      52228 kB
Time pass: 326 sec

---2015-10-26 12:50:36
MemTotal:        1350964 kB
MemFree:          112676 kB
Buffers:           65228 kB
Cached:           385496 kB
SwapCached:            0 kB
Active:           798348 kB
Inactive:         150348 kB
Active(anon):     506332 kB
Inactive(anon):     3896 kB
Active(file):     292016 kB
Inactive(file):   146452 kB
Unevictable:        8304 kB
Mlocked:               0 kB
HighTotal:        802816 kB
HighFree:           1772 kB
LowTotal:         548148 kB
LowFree:          110904 kB
SwapTotal:             0 kB
SwapFree:              0 kB
Dirty:                 4 kB
Writeback:             0 kB
AnonPages:        506292 kB
Mapped:           135292 kB
Shmem:              3952 kB
Slab:              36740 kB
SReclaimable:      13672 kB
SUnreclaim:        23068 kB
KernelStack:        8040 kB
PageTables:        15852 kB
NFS_Unstable:          0 kB
Bounce:                0 kB
WritebackTmp:          0 kB
CommitLimit:      675480 kB
Committed_AS:   34857896 kB
VmallocTotal:     253952 kB
VmallocUsed:       82052 kB
VmallocChunk:      52228 kB
Time pass: 331 sec

---2015-10-26 12:50:36
MemTotal:        1350964 kB
MemFree:          111680 kB
Buffers:           65232 kB
Cached:           385504 kB
SwapCached:            0 kB
Active:           799016 kB
Inactive:         150356 kB
Active(anon):     506996 kB
Inactive(anon):     3904 kB
Active(file):     292020 kB
Inactive(file):   146452 kB
Unevictable:        8304 kB
Mlocked:               0 kB
HighTotal:        802816 kB
HighFree:           1524 kB
LowTotal:         548148 kB
LowFree:          110156 kB
SwapTotal:             0 kB
SwapFree:              0 kB
Dirty:                 4 kB
Writeback:             0 kB
AnonPages:        507208 kB
Mapped:           135400 kB
Shmem:              3960 kB
Slab:              36676 kB
SReclaimable:      13672 kB
SUnreclaim:        23004 kB
KernelStack:        8040 kB
PageTables:        15832 kB
NFS_Unstable:          0 kB
Bounce:                0 kB
WritebackTmp:          0 kB
CommitLimit:      675480 kB
Committed_AS:   34859248 kB
VmallocTotal:     253952 kB
VmallocUsed:       82052 kB
VmallocChunk:      52228 kB
Time pass: 334 sec

---2015-10-26 12:50:36
MemTotal:        1350964 kB
MemFree:          111664 kB
Buffers:           65232 kB
Cached:           385504 kB
SwapCached:            0 kB
Active:           798644 kB
Inactive:         150356 kB
Active(anon):     506624 kB
Inactive(anon):     3904 kB
Active(file):     292020 kB
Inactive(file):   146452 kB
Unevictable:        8304 kB
Mlocked:               0 kB
HighTotal:        802816 kB
HighFree:           1524 kB
LowTotal:         548148 kB
LowFree:          110140 kB
SwapTotal:             0 kB
SwapFree:              0 kB
Dirty:                 4 kB
Writeback:             0 kB
AnonPages:        506656 kB
Mapped:           135404 kB
Shmem:              3960 kB
Slab:              36708 kB
SReclaimable:      13672 kB
SUnreclaim:        23036 kB
KernelStack:        8024 kB
PageTables:        15832 kB
NFS_Unstable:          0 kB
Bounce:                0 kB
WritebackTmp:          0 kB
CommitLimit:      675480 kB
Committed_AS:   34858772 kB
VmallocTotal:     253952 kB
VmallocUsed:       82052 kB
VmallocChunk:      52228 kB
Time pass: 339 sec

---2015-10-26 12:50:36
MemTotal:        1350964 kB
MemFree:          110988 kB
Buffers:           65232 kB
Cached:           385504 kB
SwapCached:            0 kB
Active:           798944 kB
Inactive:         150356 kB
Active(anon):     506924 kB
Inactive(anon):     3904 kB
Active(file):     292020 kB
Inactive(file):   146452 kB
Unevictable:        8304 kB
Mlocked:               0 kB
HighTotal:        802816 kB
HighFree:           1524 kB
LowTotal:         548148 kB
LowFree:          109464 kB
SwapTotal:             0 kB
SwapFree:              0 kB
Dirty:                 0 kB
Writeback:             0 kB
AnonPages:        506920 kB
Mapped:           135448 kB
Shmem:              3960 kB
Slab:              36708 kB
SReclaimable:      13672 kB
SUnreclaim:        23036 kB
KernelStack:        8040 kB
PageTables:        15848 kB
NFS_Unstable:          0 kB
Bounce:                0 kB
WritebackTmp:          0 kB
CommitLimit:      675480 kB
Committed_AS:   34859120 kB
VmallocTotal:     253952 kB
VmallocUsed:       82052 kB
VmallocChunk:      52228 kB
Time pass: 343 sec

---2015-10-26 12:50:36
MemTotal:        1350964 kB
MemFree:          111504 kB
Buffers:           65232 kB
Cached:           385516 kB
SwapCached:            0 kB
Active:           799124 kB
Inactive:         150368 kB
Active(anon):     507104 kB
Inactive(anon):     3916 kB
Active(file):     292020 kB
Inactive(file):   146452 kB
Unevictable:        8304 kB
Mlocked:               0 kB
HighTotal:        802816 kB
HighFree:           2204 kB
LowTotal:         548148 kB
LowFree:          109300 kB
SwapTotal:             0 kB
SwapFree:              0 kB
Dirty:                 0 kB
Writeback:             0 kB
AnonPages:        506988 kB
Mapped:           135460 kB
Shmem:              3972 kB
Slab:              36708 kB
SReclaimable:      13672 kB
SUnreclaim:        23036 kB
KernelStack:        8040 kB
PageTables:        15852 kB
NFS_Unstable:          0 kB
Bounce:                0 kB
WritebackTmp:          0 kB
CommitLimit:      675480 kB
Committed_AS:   34858360 kB
VmallocTotal:     253952 kB
VmallocUsed:       82052 kB
VmallocChunk:      52228 kB
Time pass: 347 sec

---2015-10-26 12:50:36
MemTotal:        1350964 kB
MemFree:          111104 kB
Buffers:           65232 kB
Cached:           385516 kB
SwapCached:            0 kB
Active:           799852 kB
Inactive:         150368 kB
Active(anon):     507832 kB
Inactive(anon):     3916 kB
Active(file):     292020 kB
Inactive(file):   146452 kB
Unevictable:        8304 kB
Mlocked:               0 kB
HighTotal:        802816 kB
HighFree:           2020 kB
LowTotal:         548148 kB
LowFree:          109084 kB
SwapTotal:             0 kB
SwapFree:              0 kB
Dirty:                 0 kB
Writeback:             0 kB
AnonPages:        508108 kB
Mapped:           135460 kB
Shmem:              3972 kB
Slab:              36740 kB
SReclaimable:      13672 kB
SUnreclaim:        23068 kB
KernelStack:        8040 kB
PageTables:        15852 kB
NFS_Unstable:          0 kB
Bounce:                0 kB
WritebackTmp:          0 kB
CommitLimit:      675480 kB
Committed_AS:   34859396 kB
VmallocTotal:     253952 kB
VmallocUsed:       82052 kB
VmallocChunk:      52228 kB
Time pass: 351 sec

---2015-10-26 12:50:36
MemTotal:        1350964 kB
MemFree:          110720 kB
Buffers:           65232 kB
Cached:           385532 kB
SwapCached:            0 kB
Active:           799480 kB
Inactive:         150384 kB
Active(anon):     507460 kB
Inactive(anon):     3932 kB
Active(file):     292020 kB
Inactive(file):   146452 kB
Unevictable:        8304 kB
Mlocked:               0 kB
HighTotal:        802816 kB
HighFree:           1524 kB
LowTotal:         548148 kB
LowFree:          109196 kB
SwapTotal:             0 kB
SwapFree:              0 kB
Dirty:                 0 kB
Writeback:             0 kB
AnonPages:        507100 kB
Mapped:           135480 kB
Shmem:              3988 kB
Slab:              36804 kB
SReclaimable:      13672 kB
SUnreclaim:        23132 kB
KernelStack:        8040 kB
PageTables:        15852 kB
NFS_Unstable:          0 kB
Bounce:                0 kB
WritebackTmp:          0 kB
CommitLimit:      675480 kB
Committed_AS:   34858284 kB
VmallocTotal:     253952 kB
VmallocUsed:       82052 kB
VmallocChunk:      52228 kB
Time pass: 355 sec

---2015-10-26 12:50:36
MemTotal:        1350964 kB
MemFree:          109956 kB
Buffers:           65232 kB
Cached:           385532 kB
SwapCached:            0 kB
Active:           800308 kB
Inactive:         150384 kB
Active(anon):     508288 kB
Inactive(anon):     3932 kB
Active(file):     292020 kB
Inactive(file):   146452 kB
Unevictable:        8304 kB
Mlocked:               0 kB
HighTotal:        802816 kB
HighFree:           1524 kB
LowTotal:         548148 kB
LowFree:          108432 kB
SwapTotal:             0 kB
SwapFree:              0 kB
Dirty:                 0 kB
Writeback:             0 kB
AnonPages:        508368 kB
Mapped:           135476 kB
Shmem:              3988 kB
Slab:              36772 kB
SReclaimable:      13672 kB
SUnreclaim:        23100 kB
KernelStack:        8040 kB
PageTables:        15852 kB
NFS_Unstable:          0 kB
Bounce:                0 kB
WritebackTmp:          0 kB
CommitLimit:      675480 kB
Committed_AS:   34859588 kB
VmallocTotal:     253952 kB
VmallocUsed:       82052 kB
VmallocChunk:      52228 kB
Time pass: 359 sec

---2015-10-26 12:50:36
MemTotal:        1350964 kB
MemFree:          110120 kB
Buffers:           65232 kB
Cached:           385532 kB
SwapCached:            0 kB
Active:           800056 kB
Inactive:         150384 kB
Active(anon):     508036 kB
Inactive(anon):     3932 kB
Active(file):     292020 kB
Inactive(file):   146452 kB
Unevictable:        8304 kB
Mlocked:               0 kB
HighTotal:        802816 kB
HighFree:           1524 kB
LowTotal:         548148 kB
LowFree:          108596 kB
SwapTotal:             0 kB
SwapFree:              0 kB
Dirty:                 0 kB
Writeback:             0 kB
AnonPages:        508108 kB
Mapped:           135328 kB
Shmem:              3988 kB
Slab:              36708 kB
SReclaimable:      13672 kB
SUnreclaim:        23036 kB
KernelStack:        8040 kB
PageTables:        15852 kB
NFS_Unstable:          0 kB
Bounce:                0 kB
WritebackTmp:          0 kB
CommitLimit:      675480 kB
Committed_AS:   34859520 kB
VmallocTotal:     253952 kB
VmallocUsed:       82052 kB
VmallocChunk:      52228 kB
Time pass: 363 sec

---2015-10-26 12:50:36
MemTotal:        1350964 kB
MemFree:          111268 kB
Buffers:           65232 kB
Cached:           385532 kB
SwapCached:            0 kB
Active:           799508 kB
Inactive:         150384 kB
Active(anon):     507488 kB
Inactive(anon):     3932 kB
Active(file):     292020 kB
Inactive(file):   146452 kB
Unevictable:        8304 kB
Mlocked:               0 kB
HighTotal:        802816 kB
HighFree:           1772 kB
LowTotal:         548148 kB
LowFree:          109496 kB
SwapTotal:             0 kB
SwapFree:              0 kB
Dirty:                28 kB
Writeback:             0 kB
AnonPages:        507420 kB
Mapped:           135476 kB
Shmem:              3988 kB
Slab:              36708 kB
SReclaimable:      13672 kB
SUnreclaim:        23036 kB
KernelStack:        8040 kB
PageTables:        15852 kB
NFS_Unstable:          0 kB
Bounce:                0 kB
WritebackTmp:          0 kB
CommitLimit:      675480 kB
Committed_AS:   34858392 kB
VmallocTotal:     253952 kB
VmallocUsed:       82052 kB
VmallocChunk:      52228 kB
Time pass: 367 sec

---2015-10-26 12:50:36
MemTotal:        1350964 kB
MemFree:          110260 kB
Buffers:           65232 kB
Cached:           385540 kB
SwapCached:            0 kB
Active:           800084 kB
Inactive:         150388 kB
Active(anon):     508060 kB
Inactive(anon):     3940 kB
Active(file):     292024 kB
Inactive(file):   146448 kB
Unevictable:        8304 kB
Mlocked:               0 kB
HighTotal:        802816 kB
HighFree:           1524 kB
LowTotal:         548148 kB
LowFree:          108736 kB
SwapTotal:             0 kB
SwapFree:              0 kB
Dirty:                28 kB
Writeback:             0 kB
AnonPages:        508164 kB
Mapped:           135484 kB
Shmem:              3996 kB
Slab:              36644 kB
SReclaimable:      13672 kB
SUnreclaim:        22972 kB
KernelStack:        8032 kB
PageTables:        15848 kB
NFS_Unstable:          0 kB
Bounce:                0 kB
WritebackTmp:          0 kB
CommitLimit:      675480 kB
Committed_AS:   34859516 kB
VmallocTotal:     253952 kB
VmallocUsed:       82052 kB
VmallocChunk:      52228 kB
Time pass: 371 sec

---2015-10-26 12:50:36
MemTotal:        1350964 kB
MemFree:          109804 kB
Buffers:           65232 kB
Cached:           385548 kB
SwapCached:            0 kB
Active:           799928 kB
Inactive:         150388 kB
Active(anon):     507900 kB
Inactive(anon):     3944 kB
Active(file):     292028 kB
Inactive(file):   146444 kB
Unevictable:        8304 kB
Mlocked:               0 kB
HighTotal:        802816 kB
HighFree:           1524 kB
LowTotal:         548148 kB
LowFree:          108280 kB
SwapTotal:             0 kB
SwapFree:              0 kB
Dirty:                28 kB
Writeback:             0 kB
AnonPages:        507932 kB
Mapped:           135444 kB
Shmem:              4004 kB
Slab:              36708 kB
SReclaimable:      13672 kB
SUnreclaim:        23036 kB
KernelStack:        8024 kB
PageTables:        15828 kB
NFS_Unstable:          0 kB
Bounce:                0 kB
WritebackTmp:          0 kB
CommitLimit:      675480 kB
Committed_AS:   34859576 kB
VmallocTotal:     253952 kB
VmallocUsed:       82052 kB
VmallocChunk:      52228 kB
Time pass: 377 sec

---2015-10-26 12:50:36
MemTotal:        1350964 kB
MemFree:          109828 kB
Buffers:           65232 kB
Cached:           385548 kB
SwapCached:            0 kB
Active:           799808 kB
Inactive:         150392 kB
Active(anon):     507780 kB
Inactive(anon):     3948 kB
Active(file):     292028 kB
Inactive(file):   146444 kB
Unevictable:        8304 kB
Mlocked:               0 kB
HighTotal:        802816 kB
HighFree:           2124 kB
LowTotal:         548148 kB
LowFree:          107704 kB
SwapTotal:             0 kB
SwapFree:              0 kB
Dirty:                 0 kB
Writeback:             0 kB
AnonPages:        507916 kB
Mapped:           135492 kB
Shmem:              4004 kB
Slab:              36708 kB
SReclaimable:      13672 kB
SUnreclaim:        23036 kB
KernelStack:        8048 kB
PageTables:        15848 kB
NFS_Unstable:          0 kB
Bounce:                0 kB
WritebackTmp:          0 kB
CommitLimit:      675480 kB
Committed_AS:   34858504 kB
VmallocTotal:     253952 kB
VmallocUsed:       82052 kB
VmallocChunk:      52228 kB
Time pass: 384 sec

---2015-10-26 12:50:36
MemTotal:        1350964 kB
MemFree:          110004 kB
Buffers:           65232 kB
Cached:           385548 kB
SwapCached:            0 kB
Active:           800248 kB
Inactive:         150392 kB
Active(anon):     508220 kB
Inactive(anon):     3948 kB
Active(file):     292028 kB
Inactive(file):   146444 kB
Unevictable:        8304 kB
Mlocked:               0 kB
HighTotal:        802816 kB
HighFree:           2516 kB
LowTotal:         548148 kB
LowFree:          107488 kB
SwapTotal:             0 kB
SwapFree:              0 kB
Dirty:                 0 kB
Writeback:             0 kB
AnonPages:        508316 kB
Mapped:           135444 kB
Shmem:              4004 kB
Slab:              36740 kB
SReclaimable:      13672 kB
SUnreclaim:        23068 kB
KernelStack:        8040 kB
PageTables:        15828 kB
NFS_Unstable:          0 kB
Bounce:                0 kB
WritebackTmp:          0 kB
CommitLimit:      675480 kB
Committed_AS:   34859672 kB
VmallocTotal:     253952 kB
VmallocUsed:       82052 kB
VmallocChunk:      52228 kB
Time pass: 389 sec

---2015-10-26 12:50:36
MemTotal:        1350964 kB
MemFree:          109856 kB
Buffers:           65232 kB
Cached:           385668 kB
SwapCached:            0 kB
Active:           800148 kB
Inactive:         150512 kB
Active(anon):     508120 kB
Inactive(anon):     4068 kB
Active(file):     292028 kB
Inactive(file):   146444 kB
Unevictable:        8304 kB
Mlocked:               0 kB
HighTotal:        802816 kB
HighFree:           1524 kB
LowTotal:         548148 kB
LowFree:          108332 kB
SwapTotal:             0 kB
SwapFree:              0 kB
Dirty:                 0 kB
Writeback:             0 kB
AnonPages:        508068 kB
Mapped:           135564 kB
Shmem:              4124 kB
Slab:              36708 kB
SReclaimable:      13672 kB
SUnreclaim:        23036 kB
KernelStack:        8024 kB
PageTables:        15828 kB
NFS_Unstable:          0 kB
Bounce:                0 kB
WritebackTmp:          0 kB
CommitLimit:      675480 kB
Committed_AS:   34858484 kB
VmallocTotal:     253952 kB
VmallocUsed:       82052 kB
VmallocChunk:      52228 kB
Time pass: 397 sec

---2015-10-26 12:50:36
MemTotal:        1350964 kB
MemFree:          110380 kB
Buffers:           65232 kB
Cached:           385668 kB
SwapCached:            0 kB
Active:           800444 kB
Inactive:         150512 kB
Active(anon):     508416 kB
Inactive(anon):     4068 kB
Active(file):     292028 kB
Inactive(file):   146444 kB
Unevictable:        8304 kB
Mlocked:               0 kB
HighTotal:        802816 kB
HighFree:           1748 kB
LowTotal:         548148 kB
LowFree:          108632 kB
SwapTotal:             0 kB
SwapFree:              0 kB
Dirty:                 0 kB
Writeback:             0 kB
AnonPages:        508412 kB
Mapped:           135612 kB
Shmem:              4124 kB
Slab:              36804 kB
SReclaimable:      13672 kB
SUnreclaim:        23132 kB
KernelStack:        8048 kB
PageTables:        15852 kB
NFS_Unstable:          0 kB
Bounce:                0 kB
WritebackTmp:          0 kB
CommitLimit:      675480 kB
Committed_AS:   34858632 kB
VmallocTotal:     253952 kB
VmallocUsed:       82052 kB
VmallocChunk:      52228 kB
Time pass: 403 sec

---2015-10-26 12:50:36
MemTotal:        1350964 kB
MemFree:          109412 kB
Buffers:           65232 kB
Cached:           385668 kB
SwapCached:            0 kB
Active:           800560 kB
Inactive:         150512 kB
Active(anon):     508532 kB
Inactive(anon):     4068 kB
Active(file):     292028 kB
Inactive(file):   146444 kB
Unevictable:        8304 kB
Mlocked:               0 kB
HighTotal:        802816 kB
HighFree:           1524 kB
LowTotal:         548148 kB
LowFree:          107888 kB
SwapTotal:             0 kB
SwapFree:              0 kB
Dirty:                 0 kB
Writeback:             0 kB
AnonPages:        508368 kB
Mapped:           135612 kB
Shmem:              4124 kB
Slab:              36740 kB
SReclaimable:      13672 kB
SUnreclaim:        23068 kB
KernelStack:        8048 kB
PageTables:        15844 kB
NFS_Unstable:          0 kB
Bounce:                0 kB
WritebackTmp:          0 kB
CommitLimit:      675480 kB
Committed_AS:   34858516 kB
VmallocTotal:     253952 kB
VmallocUsed:       82052 kB
VmallocChunk:      52228 kB
Time pass: 408 sec

---2015-10-26 12:50:36
MemTotal:        1350964 kB
MemFree:          109340 kB
Buffers:           65232 kB
Cached:           385700 kB
SwapCached:            0 kB
Active:           800512 kB
Inactive:         150544 kB
Active(anon):     508484 kB
Inactive(anon):     4100 kB
Active(file):     292028 kB
Inactive(file):   146444 kB
Unevictable:        8304 kB
Mlocked:               0 kB
HighTotal:        802816 kB
HighFree:           1524 kB
LowTotal:         548148 kB
LowFree:          107816 kB
SwapTotal:             0 kB
SwapFree:              0 kB
Dirty:                 0 kB
Writeback:             0 kB
AnonPages:        508548 kB
Mapped:           135644 kB
Shmem:              4156 kB
Slab:              36772 kB
SReclaimable:      13672 kB
SUnreclaim:        23100 kB
KernelStack:        8048 kB
PageTables:        15848 kB
NFS_Unstable:          0 kB
Bounce:                0 kB
WritebackTmp:          0 kB
CommitLimit:      675480 kB
Committed_AS:   34858384 kB
VmallocTotal:     253952 kB
VmallocUsed:       82052 kB
VmallocChunk:      52228 kB
Time pass: 412 sec

---2015-10-26 12:50:36
MemTotal:        1350964 kB
MemFree:          109064 kB
Buffers:           65232 kB
Cached:           385700 kB
SwapCached:            0 kB
Active:           801064 kB
Inactive:         150544 kB
Active(anon):     509036 kB
Inactive(anon):     4100 kB
Active(file):     292028 kB
Inactive(file):   146444 kB
Unevictable:        8304 kB
Mlocked:               0 kB
HighTotal:        802816 kB
HighFree:           1524 kB
LowTotal:         548148 kB
LowFree:          107540 kB
SwapTotal:             0 kB
SwapFree:              0 kB
Dirty:                 0 kB
Writeback:             0 kB
AnonPages:        509036 kB
Mapped:           135600 kB
Shmem:              4156 kB
Slab:              36772 kB
SReclaimable:      13672 kB
SUnreclaim:        23100 kB
KernelStack:        8048 kB
PageTables:        15828 kB
NFS_Unstable:          0 kB
Bounce:                0 kB
WritebackTmp:          0 kB
CommitLimit:      675480 kB
Committed_AS:   34859580 kB
VmallocTotal:     253952 kB
VmallocUsed:       82052 kB
VmallocChunk:      52228 kB
Time pass: 415 sec

---2015-10-26 12:50:36
MemTotal:        1350964 kB
MemFree:          109340 kB
Buffers:           65232 kB
Cached:           385712 kB
SwapCached:            0 kB
Active:           800692 kB
Inactive:         150556 kB
Active(anon):     508664 kB
Inactive(anon):     4112 kB
Active(file):     292028 kB
Inactive(file):   146444 kB
Unevictable:        8304 kB
Mlocked:               0 kB
HighTotal:        802816 kB
HighFree:           2448 kB
LowTotal:         548148 kB
LowFree:          106892 kB
SwapTotal:             0 kB
SwapFree:              0 kB
Dirty:                 0 kB
Writeback:             0 kB
AnonPages:        508572 kB
Mapped:           135608 kB
Shmem:              4168 kB
Slab:              36676 kB
SReclaimable:      13672 kB
SUnreclaim:        23004 kB
KernelStack:        8048 kB
PageTables:        15828 kB
NFS_Unstable:          0 kB
Bounce:                0 kB
WritebackTmp:          0 kB
CommitLimit:      675480 kB
Committed_AS:   34858688 kB
VmallocTotal:     253952 kB
VmallocUsed:       82052 kB
VmallocChunk:      52228 kB
Time pass: 419 sec

---2015-10-26 12:50:36
MemTotal:        1350964 kB
MemFree:          109084 kB
Buffers:           65232 kB
Cached:           385712 kB
SwapCached:            0 kB
Active:           801324 kB
Inactive:         150556 kB
Active(anon):     509296 kB
Inactive(anon):     4112 kB
Active(file):     292028 kB
Inactive(file):   146444 kB
Unevictable:        8304 kB
Mlocked:               0 kB
HighTotal:        802816 kB
HighFree:           2144 kB
LowTotal:         548148 kB
LowFree:          106940 kB
SwapTotal:             0 kB
SwapFree:              0 kB
Dirty:                 0 kB
Writeback:             0 kB
AnonPages:        509352 kB
Mapped:           135612 kB
Shmem:              4168 kB
Slab:              36676 kB
SReclaimable:      13672 kB
