---2015-12-09 11:18:22
MemTotal:        1745540 kB
MemFree:           43784 kB
Buffers:           10112 kB
Cached:           620332 kB
SwapCached:        17404 kB
Active:           693064 kB
Inactive:         698744 kB
Active(anon):     381700 kB
Inactive(anon):   383580 kB
Active(file):     311364 kB
Inactive(file):   315164 kB
Unevictable:        3816 kB
Mlocked:               0 kB
HighTotal:       1217536 kB
HighFree:          19088 kB
LowTotal:         528004 kB
LowFree:           24696 kB
SwapTotal:       1310716 kB
SwapFree:        1021872 kB
Dirty:                 0 kB
Writeback:             0 kB
AnonPages:        753472 kB
Mapped:           314764 kB
Shmem:               100 kB
Slab:              55748 kB
SReclaimable:      16032 kB
SUnreclaim:        39716 kB
KernelStack:       15384 kB
PageTables:        54596 kB
NFS_Unstable:          0 kB
Bounce:                0 kB
WritebackTmp:          0 kB
CommitLimit:     2183484 kB
Committed_AS:   130404116 kB
VmallocTotal:     311296 kB
VmallocUsed:       35164 kB
VmallocChunk:     154636 kB
Time pass: 3 sec

---2015-12-09 11:18:22
MemTotal:        1745540 kB
MemFree:           50716 kB
Buffers:           10112 kB
Cached:           620348 kB
SwapCached:        17404 kB
Active:           686744 kB
Inactive:         698372 kB
Active(anon):     375044 kB
Inactive(anon):   383528 kB
Active(file):     311700 kB
Inactive(file):   314844 kB
Unevictable:        3816 kB
Mlocked:               0 kB
HighTotal:       1217536 kB
HighFree:          23936 kB
LowTotal:         528004 kB
LowFree:           26780 kB
SwapTotal:       1310716 kB
SwapFree:        1021880 kB
Dirty:                 0 kB
Writeback:             0 kB
AnonPages:        746876 kB
Mapped:           313300 kB
Shmem:               100 kB
Slab:              55816 kB
SReclaimable:      16032 kB
SUnreclaim:        39784 kB
KernelStack:       15272 kB
PageTables:        53972 kB
NFS_Unstable:          0 kB
Bounce:                0 kB
WritebackTmp:          0 kB
CommitLimit:     2183484 kB
Committed_AS:   128904064 kB
VmallocTotal:     311296 kB
VmallocUsed:       35232 kB
VmallocChunk:     154636 kB
Time pass: 7 sec

---2015-12-09 11:18:22
MemTotal:        1745540 kB
MemFree:           51160 kB
Buffers:           10112 kB
Cached:           620348 kB
SwapCached:        17404 kB
Active:           686892 kB
Inactive:         698336 kB
Active(anon):     375152 kB
Inactive(anon):   383532 kB
Active(file):     311740 kB
Inactive(file):   314804 kB
Unevictable:        3816 kB
Mlocked:               0 kB
HighTotal:       1217536 kB
HighFree:          24152 kB
LowTotal:         528004 kB
LowFree:           27008 kB
SwapTotal:       1310716 kB
SwapFree:        1021880 kB
Dirty:                 0 kB
Writeback:             0 kB
AnonPages:        746900 kB
Mapped:           313336 kB
Shmem:               100 kB
Slab:              55720 kB
SReclaimable:      16024 kB
SUnreclaim:        39696 kB
KernelStack:       15248 kB
PageTables:        54040 kB
NFS_Unstable:          0 kB
Bounce:                0 kB
WritebackTmp:          0 kB
CommitLimit:     2183484 kB
Committed_AS:   128904112 kB
VmallocTotal:     311296 kB
VmallocUsed:       35164 kB
VmallocChunk:     154636 kB
Time pass: 11 sec

---2015-12-09 11:18:22
MemTotal:        1745540 kB
MemFree:           50028 kB
Buffers:           10112 kB
Cached:           620348 kB
SwapCached:        17404 kB
Active:           687052 kB
Inactive:         698168 kB
Active(anon):     375312 kB
Inactive(anon):   383364 kB
Active(file):     311740 kB
Inactive(file):   314804 kB
Unevictable:        3816 kB
Mlocked:               0 kB
HighTotal:       1217536 kB
HighFree:          23416 kB
LowTotal:         528004 kB
LowFree:           26612 kB
SwapTotal:       1310716 kB
SwapFree:        1021884 kB
Dirty:                 0 kB
Writeback:             0 kB
AnonPages:        746828 kB
Mapped:           313396 kB
Shmem:               100 kB
Slab:              55844 kB
SReclaimable:      16144 kB
SUnreclaim:        39700 kB
KernelStack:       15264 kB
PageTables:        54056 kB
NFS_Unstable:          0 kB
Bounce:                0 kB
WritebackTmp:          0 kB
CommitLimit:     2183484 kB
Committed_AS:   128904152 kB
VmallocTotal:     311296 kB
VmallocUsed:       35232 kB
VmallocChunk:     154636 kB
Time pass: 14 sec

---2015-12-09 11:18:22
MemTotal:        1745540 kB
MemFree:           51032 kB
Buffers:           10112 kB
Cached:           620348 kB
SwapCached:        17404 kB
Active:           687080 kB
Inactive:         698168 kB
Active(anon):     375340 kB
Inactive(anon):   383364 kB
Active(file):     311740 kB
Inactive(file):   314804 kB
Unevictable:        3816 kB
Mlocked:               0 kB
HighTotal:       1217536 kB
HighFree:          24140 kB
LowTotal:         528004 kB
LowFree:           26892 kB
SwapTotal:       1310716 kB
SwapFree:        1021892 kB
Dirty:                 0 kB
Writeback:             0 kB
AnonPages:        746916 kB
Mapped:           313336 kB
Shmem:               100 kB
Slab:              55896 kB
SReclaimable:      16128 kB
SUnreclaim:        39768 kB
KernelStack:       15184 kB
PageTables:        54036 kB
NFS_Unstable:          0 kB
Bounce:                0 kB
WritebackTmp:          0 kB
CommitLimit:     2183484 kB
Committed_AS:   128904112 kB
VmallocTotal:     311296 kB
VmallocUsed:       35164 kB
VmallocChunk:     154636 kB
Time pass: 18 sec

---2015-12-09 11:18:22
MemTotal:        1745540 kB
MemFree:           56328 kB
Buffers:            8964 kB
Cached:           607788 kB
SwapCached:        33320 kB
Active:           682252 kB
Inactive:         687708 kB
Active(anon):     376112 kB
Inactive(anon):   381532 kB
Active(file):     306140 kB
Inactive(file):   306176 kB
Unevictable:        3816 kB
Mlocked:               0 kB
HighTotal:       1217536 kB
HighFree:          25432 kB
LowTotal:         528004 kB
LowFree:           30896 kB
SwapTotal:       1310716 kB
SwapFree:        1007060 kB
Dirty:               668 kB
Writeback:             0 kB
AnonPages:        745748 kB
Mapped:           319028 kB
Shmem:               100 kB
Slab:              56004 kB
SReclaimable:      16120 kB
SUnreclaim:        39884 kB
KernelStack:       15296 kB
PageTables:        53088 kB
NFS_Unstable:          0 kB
Bounce:                0 kB
WritebackTmp:          0 kB
CommitLimit:     2183484 kB
Committed_AS:   125692832 kB
VmallocTotal:     311296 kB
VmallocUsed:       33304 kB
VmallocChunk:     154636 kB
Time pass: 21 sec

---2015-12-09 11:18:22
MemTotal:        1745540 kB
MemFree:           48364 kB
Buffers:            8772 kB
Cached:           499628 kB
SwapCached:        34836 kB
Active:           626124 kB
Inactive:         632844 kB
Active(anon):     374096 kB
Inactive(anon):   380588 kB
Active(file):     252028 kB
Inactive(file):   252256 kB
Unevictable:        3816 kB
Mlocked:               0 kB
HighTotal:       1217536 kB
HighFree:          23704 kB
LowTotal:         528004 kB
LowFree:           24660 kB
SwapTotal:       1310716 kB
SwapFree:         971360 kB
Dirty:              1144 kB
Writeback:             0 kB
AnonPages:        741700 kB
Mapped:           358972 kB
Shmem:               232 kB
Slab:              56488 kB
SReclaimable:      16144 kB
SUnreclaim:        40344 kB
KernelStack:       15656 kB
PageTables:        53672 kB
NFS_Unstable:          0 kB
Bounce:                0 kB
WritebackTmp:          0 kB
CommitLimit:     2183484 kB
Committed_AS:   125746328 kB
VmallocTotal:     311296 kB
VmallocUsed:       33664 kB
VmallocChunk:     154636 kB
Time pass: 25 sec

---2015-12-09 11:18:22
MemTotal:        1745540 kB
MemFree:           62668 kB
Buffers:            6772 kB
Cached:           478904 kB
SwapCached:        33624 kB
Active:           604696 kB
Inactive:         614020 kB
Active(anon):     363964 kB
Inactive(anon):   373124 kB
Active(file):     240732 kB
Inactive(file):   240896 kB
Unevictable:        3816 kB
Mlocked:               0 kB
HighTotal:       1217536 kB
HighFree:          31352 kB
LowTotal:         528004 kB
LowFree:           31316 kB
SwapTotal:       1310716 kB
SwapFree:         973252 kB
Dirty:                88 kB
Writeback:             0 kB
AnonPages:        724116 kB
Mapped:           371548 kB
Shmem:               232 kB
Slab:              56456 kB
SReclaimable:      16112 kB
SUnreclaim:        40344 kB
KernelStack:       15576 kB
PageTables:        53748 kB
NFS_Unstable:          0 kB
Bounce:                0 kB
WritebackTmp:          0 kB
CommitLimit:     2183484 kB
Committed_AS:   125727744 kB
VmallocTotal:     311296 kB
VmallocUsed:       33652 kB
VmallocChunk:     154636 kB
Time pass: 28 sec

---2015-12-09 11:18:22
MemTotal:        1745540 kB
MemFree:           62500 kB
Buffers:            6788 kB
Cached:           479308 kB
SwapCached:        33628 kB
Active:           604496 kB
Inactive:         614452 kB
Active(anon):     363752 kB
Inactive(anon):   373156 kB
Active(file):     240744 kB
Inactive(file):   241296 kB
Unevictable:        3816 kB
Mlocked:               0 kB
HighTotal:       1217536 kB
HighFree:          31056 kB
LowTotal:         528004 kB
LowFree:           31444 kB
SwapTotal:       1310716 kB
SwapFree:         973292 kB
Dirty:               100 kB
Writeback:             0 kB
AnonPages:        723948 kB
Mapped:           371636 kB
Shmem:               232 kB
Slab:              56448 kB
SReclaimable:      16104 kB
SUnreclaim:        40344 kB
KernelStack:       15576 kB
PageTables:        53752 kB
NFS_Unstable:          0 kB
Bounce:                0 kB
WritebackTmp:          0 kB
CommitLimit:     2183484 kB
Committed_AS:   125727904 kB
VmallocTotal:     311296 kB
VmallocUsed:       33652 kB
VmallocChunk:     154636 kB
Time pass: 32 sec

---2015-12-09 11:18:22
MemTotal:        1745540 kB
MemFree:           62424 kB
Buffers:            6788 kB
Cached:           479308 kB
SwapCached:        33632 kB
Active:           604756 kB
Inactive:         614464 kB
Active(anon):     364012 kB
Inactive(anon):   373164 kB
Active(file):     240744 kB
Inactive(file):   241300 kB
Unevictable:        3816 kB
Mlocked:               0 kB
HighTotal:       1217536 kB
HighFree:          30980 kB
LowTotal:         528004 kB
LowFree:           31444 kB
SwapTotal:       1310716 kB
SwapFree:         973300 kB
Dirty:                 0 kB
Writeback:             0 kB
AnonPages:        724212 kB
Mapped:           371652 kB
Shmem:               232 kB
Slab:              56448 kB
SReclaimable:      16104 kB
SUnreclaim:        40344 kB
KernelStack:       15576 kB
PageTables:        53752 kB
NFS_Unstable:          0 kB
Bounce:                0 kB
WritebackTmp:          0 kB
CommitLimit:     2183484 kB
Committed_AS:   125728104 kB
VmallocTotal:     311296 kB
VmallocUsed:       33652 kB
VmallocChunk:     154636 kB
Time pass: 36 sec

---2015-12-09 11:18:22
MemTotal:        1745540 kB
MemFree:           49200 kB
Buffers:            6984 kB
Cached:           465536 kB
SwapCached:        34724 kB
Active:           606176 kB
Inactive:         607260 kB
Active(anon):     372136 kB
Inactive(anon):   372828 kB
Active(file):     234040 kB
Inactive(file):   234432 kB
Unevictable:        3816 kB
Mlocked:               0 kB
HighTotal:       1217536 kB
HighFree:          22772 kB
LowTotal:         528004 kB
LowFree:           26428 kB
SwapTotal:       1310716 kB
SwapFree:         963344 kB
Dirty:               128 kB
Writeback:             0 kB
AnonPages:        731880 kB
Mapped:           378396 kB
Shmem:               232 kB
Slab:              56472 kB
SReclaimable:      16112 kB
SUnreclaim:        40360 kB
KernelStack:       15696 kB
PageTables:        53924 kB
NFS_Unstable:          0 kB
Bounce:                0 kB
WritebackTmp:          0 kB
CommitLimit:     2183484 kB
Committed_AS:   125745916 kB
VmallocTotal:     311296 kB
VmallocUsed:       33856 kB
VmallocChunk:     154636 kB
Time pass: 39 sec

---2015-12-09 11:18:22
MemTotal:        1745540 kB
MemFree:           45356 kB
Buffers:            5352 kB
Cached:           459160 kB
SwapCached:        35592 kB
Active:           603716 kB
Inactive:         604756 kB
Active(anon):     373464 kB
Inactive(anon):   374484 kB
Active(file):     230252 kB
Inactive(file):   230272 kB
Unevictable:        3816 kB
Mlocked:               0 kB
HighTotal:       1217536 kB
HighFree:          20896 kB
LowTotal:         528004 kB
LowFree:           24460 kB
SwapTotal:       1310716 kB
SwapFree:         959308 kB
Dirty:                12 kB
Writeback:             0 kB
AnonPages:        734788 kB
Mapped:           384744 kB
Shmem:               232 kB
Slab:              56500 kB
SReclaimable:      16112 kB
SUnreclaim:        40388 kB
KernelStack:       15680 kB
PageTables:        53944 kB
NFS_Unstable:          0 kB
Bounce:                0 kB
WritebackTmp:          0 kB
CommitLimit:     2183484 kB
Committed_AS:   125771880 kB
VmallocTotal:     311296 kB
VmallocUsed:       34032 kB
VmallocChunk:     154636 kB
Time pass: 43 sec

---2015-12-09 11:18:22
MemTotal:        1745540 kB
MemFree:           44364 kB
Buffers:            5388 kB
Cached:           454816 kB
SwapCached:        35648 kB
Active:           609004 kB
Inactive:         609340 kB
Active(anon):     380916 kB
Inactive(anon):   381360 kB
Active(file):     228088 kB
Inactive(file):   227980 kB
Unevictable:        3816 kB
Mlocked:               0 kB
HighTotal:       1217536 kB
HighFree:          20204 kB
LowTotal:         528004 kB
LowFree:           24160 kB
SwapTotal:       1310716 kB
SwapFree:         957248 kB
Dirty:               484 kB
Writeback:             0 kB
AnonPages:        748796 kB
Mapped:           377988 kB
Shmem:               236 kB
Slab:              56752 kB
SReclaimable:      16120 kB
SUnreclaim:        40632 kB
KernelStack:       15928 kB
PageTables:        53948 kB
NFS_Unstable:          0 kB
Bounce:                0 kB
WritebackTmp:          0 kB
CommitLimit:     2183484 kB
Committed_AS:   125787152 kB
VmallocTotal:     311296 kB
VmallocUsed:       34052 kB
VmallocChunk:     154636 kB
Time pass: 47 sec

---2015-12-09 11:18:22
MemTotal:        1745540 kB
MemFree:           66104 kB
Buffers:            5400 kB
Cached:           414428 kB
SwapCached:        35484 kB
Active:           574624 kB
Inactive:         573828 kB
Active(anon):     362852 kB
Inactive(anon):   369824 kB
Active(file):     211772 kB
Inactive(file):   204004 kB
Unevictable:        3816 kB
Mlocked:               0 kB
HighTotal:       1217536 kB
HighFree:          37344 kB
LowTotal:         528004 kB
LowFree:           28760 kB
SwapTotal:       1310716 kB
SwapFree:         930548 kB
Dirty:              1420 kB
Writeback:             0 kB
AnonPages:        718792 kB
Mapped:           401700 kB
Shmem:               236 kB
Slab:              57012 kB
SReclaimable:      16104 kB
SUnreclaim:        40908 kB
KernelStack:       15728 kB
PageTables:        54044 kB
NFS_Unstable:          0 kB
Bounce:                0 kB
WritebackTmp:          0 kB
CommitLimit:     2183484 kB
Committed_AS:   125788080 kB
VmallocTotal:     311296 kB
VmallocUsed:       34056 kB
VmallocChunk:     154636 kB
Time pass: 50 sec

---2015-12-09 11:18:22
MemTotal:        1745540 kB
MemFree:           62432 kB
Buffers:            5408 kB
Cached:           416760 kB
SwapCached:        35500 kB
Active:           575168 kB
Inactive:         576136 kB
Active(anon):     363344 kB
Inactive(anon):   369844 kB
Active(file):     211824 kB
Inactive(file):   206292 kB
Unevictable:        3816 kB
Mlocked:               0 kB
HighTotal:       1217536 kB
HighFree:          34040 kB
LowTotal:         528004 kB
LowFree:           28392 kB
SwapTotal:       1310716 kB
SwapFree:         930580 kB
Dirty:                68 kB
Writeback:             0 kB
AnonPages:        719324 kB
Mapped:           402264 kB
Shmem:               236 kB
Slab:              57012 kB
SReclaimable:      16104 kB
SUnreclaim:        40908 kB
KernelStack:       15712 kB
PageTables:        54052 kB
NFS_Unstable:          0 kB
Bounce:                0 kB
WritebackTmp:          0 kB
CommitLimit:     2183484 kB
Committed_AS:   125789648 kB
VmallocTotal:     311296 kB
VmallocUsed:       34192 kB
VmallocChunk:     154636 kB
Time pass: 54 sec

---2015-12-09 11:18:22
MemTotal:        1745540 kB
MemFree:           48464 kB
Buffers:            5408 kB
Cached:           416764 kB
SwapCached:        35524 kB
Active:           581452 kB
Inactive:         576712 kB
Active(anon):     370136 kB
Inactive(anon):   370156 kB
Active(file):     211316 kB
Inactive(file):   206556 kB
Unevictable:        3816 kB
Mlocked:               0 kB
HighTotal:       1217536 kB
HighFree:          22900 kB
LowTotal:         528004 kB
LowFree:           25564 kB
SwapTotal:       1310716 kB
SwapFree:         927632 kB
Dirty:               220 kB
Writeback:             0 kB
AnonPages:        726332 kB
Mapped:           405168 kB
Shmem:               236 kB
Slab:              56996 kB
SReclaimable:      16096 kB
SUnreclaim:        40900 kB
KernelStack:       15824 kB
PageTables:        54052 kB
NFS_Unstable:          0 kB
Bounce:                0 kB
WritebackTmp:          0 kB
CommitLimit:     2183484 kB
Committed_AS:   125798128 kB
VmallocTotal:     311296 kB
VmallocUsed:       34260 kB
VmallocChunk:     154636 kB
Time pass: 57 sec

---2015-12-09 11:18:22
MemTotal:        1745540 kB
MemFree:           64856 kB
Buffers:            5416 kB
Cached:           410048 kB
SwapCached:        35724 kB
Active:           567924 kB
Inactive:         562232 kB
Active(anon):     359664 kB
Inactive(anon):   359080 kB
Active(file):     208260 kB
Inactive(file):   203152 kB
Unevictable:        3816 kB
Mlocked:               0 kB
HighTotal:       1217536 kB
HighFree:          38804 kB
LowTotal:         528004 kB
LowFree:           26052 kB
SwapTotal:       1310716 kB
SwapFree:         913232 kB
Dirty:               236 kB
Writeback:             0 kB
AnonPages:        704672 kB
Mapped:           414384 kB
Shmem:               236 kB
Slab:              57088 kB
SReclaimable:      16072 kB
SUnreclaim:        41016 kB
KernelStack:       15712 kB
PageTables:        54100 kB
NFS_Unstable:          0 kB
Bounce:                0 kB
WritebackTmp:          0 kB
CommitLimit:     2183484 kB
Committed_AS:   125798208 kB
VmallocTotal:     311296 kB
VmallocUsed:       34232 kB
VmallocChunk:     154636 kB
Time pass: 61 sec

---2015-12-09 11:18:22
MemTotal:        1745540 kB
MemFree:           63992 kB
Buffers:            5424 kB
Cached:           410040 kB
SwapCached:        35724 kB
Active:           568084 kB
Inactive:         562236 kB
Active(anon):     359824 kB
Inactive(anon):   359084 kB
Active(file):     208260 kB
Inactive(file):   203152 kB
Unevictable:        3816 kB
Mlocked:               0 kB
HighTotal:       1217536 kB
HighFree:          38484 kB
LowTotal:         528004 kB
LowFree:           25508 kB
SwapTotal:       1310716 kB
SwapFree:         913236 kB
Dirty:                 0 kB
Writeback:             0 kB
AnonPages:        704832 kB
Mapped:           414344 kB
Shmem:               236 kB
Slab:              57076 kB
SReclaimable:      16072 kB
SUnreclaim:        41004 kB
KernelStack:       15760 kB
PageTables:        54100 kB
NFS_Unstable:          0 kB
Bounce:                0 kB
WritebackTmp:          0 kB
CommitLimit:     2183484 kB
Committed_AS:   125798400 kB
VmallocTotal:     311296 kB
VmallocUsed:       34164 kB
VmallocChunk:     154636 kB
Time pass: 64 sec

---2015-12-09 11:18:22
MemTotal:        1745540 kB
MemFree:           68796 kB
Buffers:            5420 kB
Cached:           397308 kB
SwapCached:        36520 kB
Active:           554252 kB
Inactive:         547516 kB
Active(anon):     351568 kB
Inactive(anon):   351524 kB
Active(file):     202684 kB
Inactive(file):   195992 kB
Unevictable:        3816 kB
Mlocked:               0 kB
HighTotal:       1217536 kB
HighFree:          42440 kB
LowTotal:         528004 kB
LowFree:           26356 kB
SwapTotal:       1310716 kB
SwapFree:         888464 kB
Dirty:               556 kB
Writeback:             0 kB
AnonPages:        688192 kB
Mapped:           423352 kB
Shmem:               236 kB
Slab:              57340 kB
SReclaimable:      16080 kB
SUnreclaim:        41260 kB
KernelStack:       15712 kB
PageTables:        54160 kB
NFS_Unstable:          0 kB
Bounce:                0 kB
WritebackTmp:          0 kB
CommitLimit:     2183484 kB
Committed_AS:   125797476 kB
VmallocTotal:     311296 kB
VmallocUsed:       34316 kB
VmallocChunk:     154636 kB
Time pass: 68 sec

---2015-12-09 11:18:22
MemTotal:        1745540 kB
MemFree:           60804 kB
Buffers:            5280 kB
Cached:           399764 kB
SwapCached:        36620 kB
Active:           558648 kB
Inactive:         550324 kB
Active(anon):     355924 kB
Inactive(anon):   352056 kB
Active(file):     202724 kB
Inactive(file):   198268 kB
Unevictable:        3816 kB
Mlocked:               0 kB
HighTotal:       1217536 kB
HighFree:          32936 kB
LowTotal:         528004 kB
LowFree:           27868 kB
SwapTotal:       1310716 kB
SwapFree:         878744 kB
Dirty:               344 kB
Writeback:             0 kB
AnonPages:        693056 kB
Mapped:           423216 kB
Shmem:               236 kB
Slab:              57500 kB
SReclaimable:      16080 kB
SUnreclaim:        41420 kB
KernelStack:       15872 kB
PageTables:        54224 kB
NFS_Unstable:          0 kB
Bounce:                0 kB
WritebackTmp:          0 kB
CommitLimit:     2183484 kB
Committed_AS:   125824392 kB
VmallocTotal:     311296 kB
VmallocUsed:       34316 kB
VmallocChunk:     154636 kB
Time pass: 72 sec

---2015-12-09 11:18:22
MemTotal:        1745540 kB
MemFree:           46320 kB
Buffers:            5260 kB
Cached:           378048 kB
SwapCached:        38232 kB
Active:           544640 kB
Inactive:         535928 kB
Active(anon):     353508 kB
Inactive(anon):   347960 kB
Active(file):     191132 kB
Inactive(file):   187968 kB
Unevictable:        3816 kB
Mlocked:               0 kB
HighTotal:       1217536 kB
HighFree:          29824 kB
LowTotal:         528004 kB
LowFree:           16496 kB
SwapTotal:       1310716 kB
SwapFree:         858300 kB
Dirty:                60 kB
Writeback:             0 kB
AnonPages:        685204 kB
Mapped:           406592 kB
Shmem:               392 kB
Slab:              57816 kB
SReclaimable:      16080 kB
SUnreclaim:        41736 kB
KernelStack:       16000 kB
PageTables:        54452 kB
NFS_Unstable:          0 kB
Bounce:                0 kB
WritebackTmp:          0 kB
CommitLimit:     2183484 kB
Committed_AS:   125867828 kB
VmallocTotal:     311296 kB
VmallocUsed:       34316 kB
VmallocChunk:     154636 kB
Time pass: 76 sec

---2015-12-09 11:18:22
MemTotal:        1745540 kB
MemFree:           65652 kB
Buffers:            5224 kB
Cached:           346224 kB
SwapCached:        38884 kB
Active:           510696 kB
Inactive:         506620 kB
Active(anon):     335948 kB
Inactive(anon):   334160 kB
Active(file):     174748 kB
Inactive(file):   172460 kB
Unevictable:        3816 kB
Mlocked:               0 kB
HighTotal:       1217536 kB
HighFree:          42256 kB
LowTotal:         528004 kB
LowFree:           23396 kB
SwapTotal:       1310716 kB
SwapFree:         823980 kB
Dirty:                 0 kB
Writeback:             0 kB
AnonPages:        653188 kB
Mapped:           386304 kB
Shmem:               488 kB
Slab:              58340 kB
SReclaimable:      16080 kB
SUnreclaim:        42260 kB
KernelStack:       16080 kB
PageTables:        54600 kB
NFS_Unstable:          0 kB
Bounce:                0 kB
WritebackTmp:          0 kB
CommitLimit:     2183484 kB
Committed_AS:   125870004 kB
VmallocTotal:     311296 kB
VmallocUsed:       34384 kB
VmallocChunk:     154636 kB
Time pass: 80 sec

---2015-12-09 11:18:22
MemTotal:        1745540 kB
MemFree:           62008 kB
Buffers:            5248 kB
Cached:           346512 kB
SwapCached:        38888 kB
Active:           513460 kB
Inactive:         506768 kB
Active(anon):     338704 kB
Inactive(anon):   334176 kB
Active(file):     174756 kB
Inactive(file):   172592 kB
Unevictable:        3816 kB
Mlocked:               0 kB
HighTotal:       1217536 kB
HighFree:          38700 kB
LowTotal:         528004 kB
LowFree:           23308 kB
SwapTotal:       1310716 kB
SwapFree:         824008 kB
Dirty:                40 kB
Writeback:             0 kB
AnonPages:        655872 kB
Mapped:           386596 kB
Shmem:               596 kB
Slab:              58280 kB
SReclaimable:      16080 kB
SUnreclaim:        42200 kB
KernelStack:       16064 kB
PageTables:        54600 kB
NFS_Unstable:          0 kB
Bounce:                0 kB
WritebackTmp:          0 kB
CommitLimit:     2183484 kB
Committed_AS:   125872164 kB
VmallocTotal:     311296 kB
VmallocUsed:       34384 kB
VmallocChunk:     154636 kB
Time pass: 84 sec

---2015-12-09 11:18:22
MemTotal:        1745540 kB
MemFree:           62160 kB
Buffers:            5248 kB
Cached:           346564 kB
SwapCached:        38888 kB
Active:           513820 kB
Inactive:         506840 kB
Active(anon):     339072 kB
Inactive(anon):   334240 kB
Active(file):     174748 kB
Inactive(file):   172600 kB
Unevictable:        3816 kB
Mlocked:               0 kB
HighTotal:       1217536 kB
HighFree:          38544 kB
LowTotal:         528004 kB
LowFree:           23616 kB
SwapTotal:       1310716 kB
SwapFree:         824016 kB
Dirty:                 0 kB
Writeback:             0 kB
AnonPages:        655920 kB
Mapped:           386500 kB
Shmem:               648 kB
Slab:              58272 kB
SReclaimable:      16096 kB
SUnreclaim:        42176 kB
KernelStack:       16064 kB
PageTables:        54600 kB
NFS_Unstable:          0 kB
Bounce:                0 kB
WritebackTmp:          0 kB
CommitLimit:     2183484 kB
Committed_AS:   125872284 kB
VmallocTotal:     311296 kB
VmallocUsed:       34384 kB
VmallocChunk:     154636 kB
Time pass: 87 sec

---2015-12-09 11:18:22
MemTotal:        1745540 kB
MemFree:           66148 kB
Buffers:            5256 kB
Cached:           344568 kB
SwapCached:        38904 kB
Active:           508584 kB
Inactive:         507444 kB
Active(anon):     334784 kB
Inactive(anon):   335884 kB
Active(file):     173800 kB
Inactive(file):   171560 kB
Unevictable:        3816 kB
Mlocked:               0 kB
HighTotal:       1217536 kB
HighFree:          41468 kB
LowTotal:         528004 kB
LowFree:           24680 kB
SwapTotal:       1310716 kB
SwapFree:         821612 kB
Dirty:                32 kB
Writeback:             0 kB
AnonPages:        653364 kB
Mapped:           385148 kB
Shmem:               648 kB
Slab:              58236 kB
SReclaimable:      16088 kB
SUnreclaim:        42148 kB
KernelStack:       16016 kB
PageTables:        54604 kB
NFS_Unstable:          0 kB
Bounce:                0 kB
WritebackTmp:          0 kB
CommitLimit:     2183484 kB
Committed_AS:   125872364 kB
VmallocTotal:     311296 kB
VmallocUsed:       34316 kB
VmallocChunk:     154636 kB
Time pass: 91 sec

---2015-12-09 11:18:22
MemTotal:        1745540 kB
MemFree:           60876 kB
Buffers:            5292 kB
Cached:           350476 kB
SwapCached:        39272 kB
Active:           506676 kB
Inactive:         511444 kB
Active(anon):     333536 kB
Inactive(anon):   333512 kB
Active(file):     173140 kB
Inactive(file):   177932 kB
Unevictable:        3816 kB
Mlocked:               0 kB
HighTotal:       1217536 kB
HighFree:          35516 kB
LowTotal:         528004 kB
LowFree:           25360 kB
SwapTotal:       1310716 kB
SwapFree:         814144 kB
Dirty:                 0 kB
Writeback:             0 kB
AnonPages:        649532 kB
Mapped:           385872 kB
Shmem:               648 kB
Slab:              58504 kB
SReclaimable:      16092 kB
SUnreclaim:        42412 kB
KernelStack:       16040 kB
PageTables:        54776 kB
NFS_Unstable:          0 kB
Bounce:                0 kB
WritebackTmp:          0 kB
CommitLimit:     2183484 kB
Committed_AS:   127306160 kB
VmallocTotal:     311296 kB
VmallocUsed:       34384 kB
VmallocChunk:     154636 kB
Time pass: 94 sec

---2015-12-09 11:18:22
MemTotal:        1745540 kB
MemFree:          286776 kB
Buffers:            5284 kB
Cached:           387548 kB
SwapCached:        40628 kB
Active:           438800 kB
Inactive:         514936 kB
Active(anon):     258292 kB
Inactive(anon):   306692 kB
Active(file):     180508 kB
Inactive(file):   208244 kB
Unevictable:        3816 kB
Mlocked:               0 kB
HighTotal:       1217536 kB
HighFree:         198628 kB
LowTotal:         528004 kB
LowFree:           88148 kB
SwapTotal:       1310716 kB
SwapFree:         803336 kB
Dirty:                52 kB
Writeback:            28 kB
AnonPages:        546940 kB
Mapped:           214084 kB
Shmem:                52 kB
Slab:              59920 kB
SReclaimable:      16092 kB
SUnreclaim:        43828 kB
KernelStack:       15368 kB
PageTables:        53052 kB
NFS_Unstable:          0 kB
Bounce:                0 kB
WritebackTmp:          0 kB
CommitLimit:     2183484 kB
Committed_AS:   126179972 kB
VmallocTotal:     311296 kB
VmallocUsed:       31384 kB
VmallocChunk:     154636 kB
Time pass: 98 sec

---2015-12-09 11:18:22
MemTotal:        1745540 kB
MemFree:          276988 kB
Buffers:            5292 kB
Cached:           394900 kB
SwapCached:        40820 kB
Active:           443068 kB
Inactive:         522412 kB
Active(anon):     262196 kB
Inactive(anon):   307012 kB
Active(file):     180872 kB
Inactive(file):   215400 kB
Unevictable:        3816 kB
Mlocked:               0 kB
HighTotal:       1217536 kB
HighFree:         187296 kB
LowTotal:         528004 kB
LowFree:           89692 kB
SwapTotal:       1310716 kB
SwapFree:         804980 kB
Dirty:               336 kB
Writeback:             0 kB
AnonPages:        551564 kB
Mapped:           214968 kB
Shmem:                96 kB
Slab:              59940 kB
SReclaimable:      16092 kB
SUnreclaim:        43848 kB
KernelStack:       15144 kB
PageTables:        53024 kB
NFS_Unstable:          0 kB
Bounce:                0 kB
WritebackTmp:          0 kB
CommitLimit:     2183484 kB
Committed_AS:   126177964 kB
VmallocTotal:     311296 kB
VmallocUsed:       31248 kB
VmallocChunk:     154636 kB
Time pass: 102 sec

---2015-12-09 11:18:22
MemTotal:        1745540 kB
MemFree:          277916 kB
Buffers:            5292 kB
Cached:           395408 kB
SwapCached:        41288 kB
Active:           441464 kB
Inactive:         522848 kB
Active(anon):     260428 kB
Inactive(anon):   307096 kB
Active(file):     181036 kB
Inactive(file):   215752 kB
Unevictable:        3816 kB
Mlocked:               0 kB
HighTotal:       1217536 kB
HighFree:         188248 kB
LowTotal:         528004 kB
LowFree:           89668 kB
SwapTotal:       1310716 kB
SwapFree:         806180 kB
Dirty:                 0 kB
Writeback:             0 kB
AnonPages:        549708 kB
Mapped:           213360 kB
Shmem:                96 kB
Slab:              59840 kB
SReclaimable:      16092 kB
SUnreclaim:        43748 kB
KernelStack:       15144 kB
PageTables:        53140 kB
NFS_Unstable:          0 kB
Bounce:                0 kB
WritebackTmp:          0 kB
CommitLimit:     2183484 kB
Committed_AS:   126179724 kB
VmallocTotal:     311296 kB
VmallocUsed:       31248 kB
VmallocChunk:     154636 kB
Time pass: 105 sec

---2015-12-09 11:18:22
MemTotal:        1745540 kB
MemFree:          272644 kB
Buffers:            5300 kB
Cached:           395532 kB
SwapCached:        41288 kB
Active:           445864 kB
Inactive:         522932 kB
Active(anon):     264828 kB
Inactive(anon):   307096 kB
Active(file):     181036 kB
Inactive(file):   215836 kB
Unevictable:        3816 kB
Mlocked:               0 kB
HighTotal:       1217536 kB
HighFree:         183460 kB
LowTotal:         528004 kB
LowFree:           89184 kB
SwapTotal:       1310716 kB
SwapFree:         806192 kB
Dirty:                36 kB
Writeback:             0 kB
AnonPages:        554228 kB
Mapped:           215896 kB
Shmem:                96 kB
Slab:              59840 kB
SReclaimable:      16092 kB
SUnreclaim:        43748 kB
KernelStack:       15144 kB
PageTables:        53492 kB
NFS_Unstable:          0 kB
Bounce:                0 kB
WritebackTmp:          0 kB
CommitLimit:     2183484 kB
Committed_AS:   127618832 kB
VmallocTotal:     311296 kB
VmallocUsed:       31316 kB
VmallocChunk:     154636 kB
Time pass: 109 sec

---2015-12-09 11:18:22
MemTotal:        1745540 kB
MemFree:          170856 kB
Buffers:            5748 kB
Cached:           413108 kB
SwapCached:        41760 kB
Active:           487920 kB
Inactive:         529892 kB
Active(anon):     301832 kB
Inactive(anon):   301240 kB
Active(file):     186088 kB
Inactive(file):   228652 kB
Unevictable:        3816 kB
Mlocked:               0 kB
HighTotal:       1217536 kB
HighFree:         100112 kB
LowTotal:         528004 kB
LowFree:           70744 kB
SwapTotal:       1310716 kB
SwapFree:         809620 kB
Dirty:               964 kB
Writeback:             0 kB
AnonPages:        585068 kB
Mapped:           270152 kB
Shmem:               228 kB
Slab:              59948 kB
SReclaimable:      16084 kB
SUnreclaim:        43864 kB
KernelStack:       15624 kB
PageTables:        53652 kB
NFS_Unstable:          0 kB
Bounce:                0 kB
WritebackTmp:          0 kB
CommitLimit:     2183484 kB
Committed_AS:   126016980 kB
VmallocTotal:     311296 kB
VmallocUsed:       31804 kB
VmallocChunk:     154636 kB
Time pass: 113 sec

---2015-12-09 11:18:22
MemTotal:        1745540 kB
MemFree:          104092 kB
Buffers:            5788 kB
Cached:           417728 kB
SwapCached:        41988 kB
Active:           503652 kB
Inactive:         534156 kB
Active(anon):     316584 kB
Inactive(anon):   301884 kB
Active(file):     187068 kB
Inactive(file):   232272 kB
Unevictable:        3816 kB
Mlocked:               0 kB
HighTotal:       1217536 kB
HighFree:          36084 kB
LowTotal:         528004 kB
LowFree:           68008 kB
SwapTotal:       1310716 kB
SwapFree:         810608 kB
Dirty:               776 kB
Writeback:             0 kB
AnonPages:        600560 kB
Mapped:           312520 kB
Shmem:               232 kB
Slab:              59984 kB
SReclaimable:      16092 kB
SUnreclaim:        43892 kB
KernelStack:       15728 kB
PageTables:        53828 kB
NFS_Unstable:          0 kB
Bounce:                0 kB
WritebackTmp:          0 kB
CommitLimit:     2183484 kB
Committed_AS:   126033316 kB
VmallocTotal:     311296 kB
VmallocUsed:       32028 kB
VmallocChunk:     154636 kB
Time pass: 116 sec

---2015-12-09 11:18:22
MemTotal:        1745540 kB
MemFree:           84476 kB
Buffers:            5796 kB
Cached:           417696 kB
SwapCached:        41988 kB
Active:           502928 kB
Inactive:         534140 kB
Active(anon):     315740 kB
Inactive(anon):   301884 kB
Active(file):     187188 kB
Inactive(file):   232256 kB
Unevictable:        3816 kB
Mlocked:               0 kB
HighTotal:       1217536 kB
HighFree:          37848 kB
LowTotal:         528004 kB
LowFree:           46628 kB
SwapTotal:       1310716 kB
SwapFree:         810616 kB
Dirty:              1028 kB
Writeback:             0 kB
AnonPages:        599532 kB
Mapped:           333868 kB
Shmem:               232 kB
Slab:              59996 kB
SReclaimable:      16072 kB
SUnreclaim:        43924 kB
KernelStack:       15632 kB
PageTables:        53896 kB
NFS_Unstable:          0 kB
Bounce:                0 kB
WritebackTmp:          0 kB
CommitLimit:     2183484 kB
Committed_AS:   126041588 kB
VmallocTotal:     311296 kB
VmallocUsed:       31936 kB
VmallocChunk:     154636 kB
Time pass: 120 sec

---2015-12-09 11:18:22
MemTotal:        1745540 kB
MemFree:           66308 kB
Buffers:            5796 kB
Cached:           417892 kB
SwapCached:        41988 kB
Active:           505552 kB
Inactive:         534048 kB
Active(anon):     318072 kB
Inactive(anon):   301888 kB
Active(file):     187480 kB
Inactive(file):   232160 kB
Unevictable:        3816 kB
Mlocked:               0 kB
HighTotal:       1217536 kB
HighFree:          35576 kB
LowTotal:         528004 kB
LowFree:           30732 kB
SwapTotal:       1310716 kB
SwapFree:         810628 kB
Dirty:               196 kB
Writeback:             0 kB
AnonPages:        601868 kB
Mapped:           345996 kB
Shmem:               232 kB
Slab:              59948 kB
SReclaimable:      16072 kB
SUnreclaim:        43876 kB
KernelStack:       15632 kB
PageTables:        53932 kB
NFS_Unstable:          0 kB
Bounce:                0 kB
WritebackTmp:          0 kB
CommitLimit:     2183484 kB
Committed_AS:   126041908 kB
VmallocTotal:     311296 kB
VmallocUsed:       31976 kB
VmallocChunk:     154636 kB
Time pass: 124 sec

---2015-12-09 11:18:22
MemTotal:        1745540 kB
MemFree:           57800 kB
Buffers:            5804 kB
Cached:           406380 kB
SwapCached:        42204 kB
Active:           493180 kB
Inactive:         537256 kB
Active(anon):     305468 kB
Inactive(anon):   316940 kB
Active(file):     187712 kB
Inactive(file):   220316 kB
Unevictable:        3816 kB
Mlocked:               0 kB
HighTotal:       1217536 kB
HighFree:          31672 kB
LowTotal:         528004 kB
LowFree:           26128 kB
SwapTotal:       1310716 kB
SwapFree:         807168 kB
Dirty:               556 kB
Writeback:             0 kB
AnonPages:        604100 kB
Mapped:           352084 kB
Shmem:               236 kB
Slab:              60100 kB
SReclaimable:      16072 kB
SUnreclaim:        44028 kB
KernelStack:       15736 kB
PageTables:        53892 kB
NFS_Unstable:          0 kB
Bounce:                0 kB
WritebackTmp:          0 kB
CommitLimit:     2183484 kB
Committed_AS:   126050260 kB
VmallocTotal:     311296 kB
VmallocUsed:       32264 kB
VmallocChunk:     154636 kB
Time pass: 127 sec

---2015-12-09 11:18:22
MemTotal:        1745540 kB
MemFree:           61240 kB
Buffers:            5804 kB
Cached:           403204 kB
SwapCached:        42252 kB
Active:           496500 kB
Inactive:         532860 kB
Active(anon):     308736 kB
Inactive(anon):   315664 kB
Active(file):     187764 kB
Inactive(file):   217196 kB
Unevictable:        3816 kB
Mlocked:               0 kB
HighTotal:       1217536 kB
HighFree:          32916 kB
LowTotal:         528004 kB
LowFree:           28324 kB
SwapTotal:       1310716 kB
SwapFree:         806056 kB
Dirty:               576 kB
Writeback:             0 kB
AnonPages:        606136 kB
Mapped:           351220 kB
Shmem:               232 kB
Slab:              59920 kB
SReclaimable:      16072 kB
SUnreclaim:        43848 kB
KernelStack:       15632 kB
PageTables:        53988 kB
NFS_Unstable:          0 kB
Bounce:                0 kB
WritebackTmp:          0 kB
CommitLimit:     2183484 kB
Committed_AS:   126050228 kB
VmallocTotal:     311296 kB
VmallocUsed:       32060 kB
VmallocChunk:     154636 kB
Time pass: 131 sec

---2015-12-09 11:18:22
MemTotal:        1745540 kB
MemFree:           60248 kB
Buffers:            5812 kB
Cached:           403204 kB
SwapCached:        42252 kB
Active:           496380 kB
Inactive:         532864 kB
Active(anon):     308616 kB
Inactive(anon):   315664 kB
Active(file):     187764 kB
Inactive(file):   217200 kB
Unevictable:        3816 kB
Mlocked:               0 kB
HighTotal:       1217536 kB
HighFree:          32500 kB
LowTotal:         528004 kB
LowFree:           27748 kB
SwapTotal:       1310716 kB
SwapFree:         806068 kB
Dirty:                48 kB
Writeback:             0 kB
AnonPages:        606148 kB
Mapped:           351344 kB
Shmem:               232 kB
Slab:              59896 kB
SReclaimable:      16056 kB
SUnreclaim:        43840 kB
KernelStack:       15632 kB
PageTables:        53988 kB
NFS_Unstable:          0 kB
Bounce:                0 kB
WritebackTmp:          0 kB
CommitLimit:     2183484 kB
Committed_AS:   126050436 kB
VmallocTotal:     311296 kB
VmallocUsed:       32264 kB
VmallocChunk:     154636 kB
Time pass: 135 sec

---2015-12-09 11:18:22
MemTotal:        1745540 kB
MemFree:           57848 kB
Buffers:            5812 kB
Cached:           403640 kB
SwapCached:        42252 kB
Active:           498272 kB
Inactive:         533284 kB
Active(anon):     310508 kB
Inactive(anon):   315700 kB
Active(file):     187764 kB
Inactive(file):   217584 kB
Unevictable:        3816 kB
Mlocked:               0 kB
HighTotal:       1217536 kB
HighFree:          29972 kB
LowTotal:         528004 kB
LowFree:           27876 kB
SwapTotal:       1310716 kB
SwapFree:         806124 kB
Dirty:                 0 kB
Writeback:             0 kB
AnonPages:        608064 kB
Mapped:           352092 kB
Shmem:               232 kB
Slab:              59896 kB
SReclaimable:      16056 kB
SUnreclaim:        43840 kB
KernelStack:       15632 kB
PageTables:        53988 kB
NFS_Unstable:          0 kB
Bounce:                0 kB
WritebackTmp:          0 kB
CommitLimit:     2183484 kB
Committed_AS:   126051940 kB
VmallocTotal:     311296 kB
VmallocUsed:       32196 kB
VmallocChunk:     154636 kB
Time pass: 138 sec

---2015-12-09 11:18:22
MemTotal:        1745540 kB
MemFree:           47064 kB
Buffers:            5844 kB
Cached:           401636 kB
SwapCached:        42236 kB
Active:           507532 kB
Inactive:         533652 kB
Active(anon):     318380 kB
Inactive(anon):   319588 kB
Active(file):     189152 kB
Inactive(file):   214064 kB
Unevictable:        3816 kB
Mlocked:               0 kB
HighTotal:       1217536 kB
HighFree:          21972 kB
LowTotal:         528004 kB
LowFree:           25092 kB
SwapTotal:       1310716 kB
SwapFree:         805112 kB
Dirty:                60 kB
Writeback:             0 kB
AnonPages:        619712 kB
Mapped:           351992 kB
Shmem:               416 kB
Slab:              59460 kB
SReclaimable:      16088 kB
SUnreclaim:        43372 kB
KernelStack:       15992 kB
PageTables:        54220 kB
NFS_Unstable:          0 kB
Bounce:                0 kB
WritebackTmp:          0 kB
CommitLimit:     2183484 kB
Committed_AS:   126101424 kB
VmallocTotal:     311296 kB
VmallocUsed:       32264 kB
VmallocChunk:     154636 kB
Time pass: 142 sec

---2015-12-09 11:18:22
MemTotal:        1745540 kB
MemFree:           48540 kB
Buffers:            5812 kB
Cached:           400188 kB
SwapCached:        42308 kB
Active:           506600 kB
Inactive:         533752 kB
Active(anon):     317272 kB
Inactive(anon):   321540 kB
Active(file):     189328 kB
Inactive(file):   212212 kB
Unevictable:        3816 kB
Mlocked:               0 kB
HighTotal:       1217536 kB
HighFree:          24540 kB
LowTotal:         528004 kB
LowFree:           24000 kB
SwapTotal:       1310716 kB
SwapFree:         804520 kB
Dirty:                 4 kB
Writeback:             0 kB
AnonPages:        620148 kB
Mapped:           350208 kB
Shmem:               644 kB
Slab:              59280 kB
SReclaimable:      16088 kB
SUnreclaim:        43192 kB
KernelStack:       15920 kB
PageTables:        54312 kB
NFS_Unstable:          0 kB
Bounce:                0 kB
WritebackTmp:          0 kB
CommitLimit:     2183484 kB
Committed_AS:   126102664 kB
VmallocTotal:     311296 kB
VmallocUsed:       32264 kB
VmallocChunk:     154636 kB
Time pass: 146 sec

---2015-12-09 11:18:22
MemTotal:        1745540 kB
MemFree:           49224 kB
Buffers:            5776 kB
Cached:           399684 kB
SwapCached:        42304 kB
Active:           507068 kB
Inactive:         532908 kB
Active(anon):     317676 kB
Inactive(anon):   321344 kB
Active(file):     189392 kB
Inactive(file):   211564 kB
Unevictable:        3816 kB
Mlocked:               0 kB
HighTotal:       1217536 kB
HighFree:          25100 kB
LowTotal:         528004 kB
LowFree:           24124 kB
SwapTotal:       1310716 kB
SwapFree:         804428 kB
Dirty:                 0 kB
Writeback:             0 kB
AnonPages:        620188 kB
Mapped:           349512 kB
Shmem:               688 kB
Slab:              59256 kB
SReclaimable:      16088 kB
SUnreclaim:        43168 kB
KernelStack:       15960 kB
PageTables:        54312 kB
NFS_Unstable:          0 kB
Bounce:                0 kB
WritebackTmp:          0 kB
CommitLimit:     2183484 kB
Committed_AS:   126102688 kB
VmallocTotal:     311296 kB
VmallocUsed:       32264 kB
VmallocChunk:     154636 kB
Time pass: 149 sec

---2015-12-09 11:18:22
MemTotal:        1745540 kB
MemFree:           43508 kB
Buffers:            5768 kB
Cached:           397700 kB
SwapCached:        42376 kB
Active:           513488 kB
Inactive:         532884 kB
Active(anon):     324204 kB
Inactive(anon):   323220 kB
Active(file):     189284 kB
Inactive(file):   209664 kB
Unevictable:        3816 kB
Mlocked:               0 kB
HighTotal:       1217536 kB
HighFree:          19536 kB
LowTotal:         528004 kB
LowFree:           23972 kB
SwapTotal:       1310716 kB
SwapFree:         804020 kB
Dirty:                 8 kB
Writeback:             0 kB
AnonPages:        628212 kB
Mapped:           347604 kB
Shmem:               764 kB
Slab:              59248 kB
SReclaimable:      16088 kB
SUnreclaim:        43160 kB
KernelStack:       15936 kB
PageTables:        54336 kB
NFS_Unstable:          0 kB
Bounce:                0 kB
WritebackTmp:          0 kB
CommitLimit:     2183484 kB
Committed_AS:   126122280 kB
VmallocTotal:     311296 kB
VmallocUsed:       32264 kB
VmallocChunk:     154636 kB
Time pass: 153 sec

---2015-12-09 11:18:22
MemTotal:        1745540 kB
MemFree:           42108 kB
Buffers:            5816 kB
Cached:           391512 kB
SwapCached:        42236 kB
Active:           514092 kB
Inactive:         529036 kB
Active(anon):     324716 kB
Inactive(anon):   325380 kB
Active(file):     189376 kB
Inactive(file):   203656 kB
Unevictable:        3816 kB
Mlocked:               0 kB
HighTotal:       1217536 kB
HighFree:          21056 kB
LowTotal:         528004 kB
LowFree:           21052 kB
SwapTotal:       1310716 kB
SwapFree:         802408 kB
Dirty:                48 kB
Writeback:             0 kB
AnonPages:        631372 kB
Mapped:           344936 kB
Shmem:               480 kB
Slab:              59564 kB
SReclaimable:      16088 kB
SUnreclaim:        43476 kB
KernelStack:       16000 kB
PageTables:        54360 kB
NFS_Unstable:          0 kB
Bounce:                0 kB
WritebackTmp:          0 kB
CommitLimit:     2183484 kB
Committed_AS:   126132684 kB
VmallocTotal:     311296 kB
VmallocUsed:       32264 kB
VmallocChunk:     154636 kB
Time pass: 157 sec

---2015-12-09 11:18:22
MemTotal:        1745540 kB
MemFree:           53184 kB
Buffers:            7540 kB
Cached:           383180 kB
SwapCached:        42424 kB
Active:           515124 kB
Inactive:         519972 kB
Active(anon):     322308 kB
Inactive(anon):   326392 kB
Active(file):     192816 kB
Inactive(file):   193580 kB
Unevictable:        3816 kB
Mlocked:               0 kB
HighTotal:       1217536 kB
HighFree:          27120 kB
LowTotal:         528004 kB
LowFree:           26064 kB
SwapTotal:       1310716 kB
SwapFree:         795408 kB
Dirty:                88 kB
Writeback:             0 kB
AnonPages:        629756 kB
Mapped:           336532 kB
Shmem:               508 kB
Slab:              59464 kB
SReclaimable:      16088 kB
SUnreclaim:        43376 kB
KernelStack:       16040 kB
PageTables:        54388 kB
NFS_Unstable:          0 kB
Bounce:                0 kB
WritebackTmp:          0 kB
CommitLimit:     2183484 kB
Committed_AS:   126137644 kB
VmallocTotal:     311296 kB
VmallocUsed:       32196 kB
VmallocChunk:     154636 kB
Time pass: 160 sec

---2015-12-09 11:18:22
MemTotal:        1745540 kB
MemFree:           54764 kB
Buffers:            7556 kB
Cached:           383184 kB
SwapCached:        42416 kB
Active:           515680 kB
Inactive:         519988 kB
Active(anon):     322864 kB
Inactive(anon):   326392 kB
Active(file):     192816 kB
Inactive(file):   193596 kB
Unevictable:        3816 kB
Mlocked:               0 kB
HighTotal:       1217536 kB
HighFree:          27388 kB
LowTotal:         528004 kB
LowFree:           27376 kB
SwapTotal:       1310716 kB
SwapFree:         795436 kB
Dirty:                80 kB
Writeback:             0 kB
AnonPages:        630476 kB
Mapped:           334548 kB
Shmem:               512 kB
Slab:              59464 kB
SReclaimable:      16088 kB
SUnreclaim:        43376 kB
KernelStack:       16024 kB
PageTables:        54376 kB
NFS_Unstable:          0 kB
Bounce:                0 kB
WritebackTmp:          0 kB
CommitLimit:     2183484 kB
Committed_AS:   126137248 kB
VmallocTotal:     311296 kB
VmallocUsed:       32196 kB
VmallocChunk:     154636 kB
Time pass: 164 sec

---2015-12-09 11:18:22
MemTotal:        1745540 kB
MemFree:           53000 kB
Buffers:            7564 kB
Cached:           383224 kB
SwapCached:        42680 kB
Active:           516772 kB
Inactive:         520660 kB
Active(anon):     323956 kB
Inactive(anon):   327064 kB
Active(file):     192816 kB
Inactive(file):   193596 kB
Unevictable:        3816 kB
Mlocked:               0 kB
HighTotal:       1217536 kB
HighFree:          25864 kB
LowTotal:         528004 kB
LowFree:           27136 kB
SwapTotal:       1310716 kB
SwapFree:         796024 kB
Dirty:                 0 kB
Writeback:             0 kB
AnonPages:        632180 kB
Mapped:           334596 kB
Shmem:               556 kB
Slab:              59560 kB
SReclaimable:      16088 kB
SUnreclaim:        43472 kB
KernelStack:       15952 kB
PageTables:        54380 kB
NFS_Unstable:          0 kB
Bounce:                0 kB
WritebackTmp:          0 kB
CommitLimit:     2183484 kB
Committed_AS:   126139312 kB
VmallocTotal:     311296 kB
VmallocUsed:       32196 kB
VmallocChunk:     154636 kB
Time pass: 168 sec

---2015-12-09 11:18:22
MemTotal:        1745540 kB
MemFree:           52024 kB
Buffers:            7580 kB
Cached:           383628 kB
SwapCached:        42684 kB
Active:           518020 kB
Inactive:         521136 kB
Active(anon):     325204 kB
Inactive(anon):   327120 kB
Active(file):     192816 kB
Inactive(file):   194016 kB
Unevictable:        3816 kB
Mlocked:               0 kB
HighTotal:       1217536 kB
HighFree:          24624 kB
LowTotal:         528004 kB
LowFree:           27400 kB
SwapTotal:       1310716 kB
SwapFree:         796072 kB
Dirty:                36 kB
Writeback:             0 kB
AnonPages:        633372 kB
Mapped:           334632 kB
Shmem:               560 kB
Slab:              59464 kB
SReclaimable:      16088 kB
SUnreclaim:        43376 kB
KernelStack:       15896 kB
PageTables:        54384 kB
NFS_Unstable:          0 kB
Bounce:                0 kB
WritebackTmp:          0 kB
CommitLimit:     2183484 kB
Committed_AS:   126141488 kB
VmallocTotal:     311296 kB
VmallocUsed:       32196 kB
VmallocChunk:     154636 kB
Time pass: 171 sec

---2015-12-09 11:18:22
MemTotal:        1745540 kB
MemFree:           51028 kB
Buffers:            7588 kB
Cached:           383752 kB
SwapCached:        42672 kB
Active:           518500 kB
Inactive:         521284 kB
Active(anon):     325684 kB
Inactive(anon):   327140 kB
Active(file):     192816 kB
Inactive(file):   194144 kB
Unevictable:        3816 kB
Mlocked:               0 kB
HighTotal:       1217536 kB
HighFree:          23700 kB
LowTotal:         528004 kB
LowFree:           27328 kB
SwapTotal:       1310716 kB
SwapFree:         796100 kB
Dirty:                 0 kB
Writeback:             0 kB
AnonPages:        633900 kB
Mapped:           334780 kB
Shmem:               560 kB
Slab:              59400 kB
SReclaimable:      16088 kB
SUnreclaim:        43312 kB
KernelStack:       15928 kB
PageTables:        54384 kB
NFS_Unstable:          0 kB
Bounce:                0 kB
WritebackTmp:          0 kB
CommitLimit:     2183484 kB
Committed_AS:   126141616 kB
VmallocTotal:     311296 kB
VmallocUsed:       32196 kB
VmallocChunk:     154636 kB
Time pass: 175 sec

---2015-12-09 11:18:22
MemTotal:        1745540 kB
MemFree:           53640 kB
Buffers:            7604 kB
Cached:           379532 kB
SwapCached:        42740 kB
Active:           522184 kB
Inactive:         514668 kB
Active(anon):     323380 kB
Inactive(anon):   330724 kB
Active(file):     198804 kB
Inactive(file):   183944 kB
Unevictable:        3816 kB
Mlocked:               0 kB
HighTotal:       1217536 kB
HighFree:          26296 kB
LowTotal:         528004 kB
LowFree:           27344 kB
SwapTotal:       1310716 kB
SwapFree:         794328 kB
Dirty:               116 kB
Writeback:             0 kB
AnonPages:        634996 kB
Mapped:           330636 kB
Shmem:               572 kB
Slab:              59504 kB
SReclaimable:      16088 kB
SUnreclaim:        43416 kB
KernelStack:       15896 kB
PageTables:        54384 kB
NFS_Unstable:          0 kB
Bounce:                0 kB
WritebackTmp:          0 kB
CommitLimit:     2183484 kB
Committed_AS:   126141704 kB
VmallocTotal:     311296 kB
VmallocUsed:       32196 kB
VmallocChunk:     154636 kB
Time pass: 178 sec

---2015-12-09 11:18:22
MemTotal:        1745540 kB
MemFree:           53948 kB
Buffers:            7604 kB
Cached:           379536 kB
SwapCached:        42748 kB
Active:           522444 kB
Inactive:         514776 kB
Active(anon):     323640 kB
Inactive(anon):   330832 kB
Active(file):     198804 kB
Inactive(file):   183944 kB
Unevictable:        3816 kB
Mlocked:               0 kB
HighTotal:       1217536 kB
HighFree:          26156 kB
LowTotal:         528004 kB
LowFree:           27792 kB
SwapTotal:       1310716 kB
SwapFree:         794460 kB
Dirty:                 0 kB
Writeback:             0 kB
AnonPages:        635496 kB
Mapped:           330512 kB
Shmem:               572 kB
Slab:              59504 kB
SReclaimable:      16088 kB
SUnreclaim:        43416 kB
KernelStack:       15888 kB
PageTables:        54384 kB
NFS_Unstable:          0 kB
Bounce:                0 kB
WritebackTmp:          0 kB
CommitLimit:     2183484 kB
Committed_AS:   126141736 kB
VmallocTotal:     311296 kB
VmallocUsed:       32196 kB
VmallocChunk:     154636 kB
Time pass: 182 sec

---2015-12-09 11:18:22
MemTotal:        1745540 kB
MemFree:           51836 kB
Buffers:            7652 kB
Cached:           380088 kB
SwapCached:        42736 kB
Active:           522884 kB
Inactive:         515436 kB
Active(anon):     324056 kB
Inactive(anon):   330912 kB
Active(file):     198828 kB
Inactive(file):   184524 kB
Unevictable:        3816 kB
Mlocked:               0 kB
HighTotal:       1217536 kB
HighFree:          23820 kB
LowTotal:         528004 kB
LowFree:           28016 kB
SwapTotal:       1310716 kB
SwapFree:         794556 kB
Dirty:                48 kB
Writeback:             0 kB
AnonPages:        635936 kB
Mapped:           330744 kB
Shmem:               572 kB
Slab:              59480 kB
SReclaimable:      16096 kB
SUnreclaim:        43384 kB
KernelStack:       15904 kB
PageTables:        54388 kB
NFS_Unstable:          0 kB
Bounce:                0 kB
WritebackTmp:          0 kB
CommitLimit:     2183484 kB
Committed_AS:   126141952 kB
VmallocTotal:     311296 kB
VmallocUsed:       32264 kB
VmallocChunk:     154636 kB
Time pass: 186 sec

---2015-12-09 11:18:22
MemTotal:        1745540 kB
MemFree:           50852 kB
Buffers:            7652 kB
Cached:           380280 kB
SwapCached:        42800 kB
Active:           523608 kB
Inactive:         515784 kB
Active(anon):     324780 kB
Inactive(anon):   331212 kB
Active(file):     198828 kB
Inactive(file):   184572 kB
Unevictable:        3816 kB
Mlocked:               0 kB
HighTotal:       1217536 kB
HighFree:          22804 kB
LowTotal:         528004 kB
LowFree:           28048 kB
SwapTotal:       1310716 kB
SwapFree:         794880 kB
Dirty:                 0 kB
Writeback:             0 kB
AnonPages:        636780 kB
Mapped:           330712 kB
Shmem:               716 kB
Slab:              59508 kB
SReclaimable:      16096 kB
SUnreclaim:        43412 kB
KernelStack:       15920 kB
PageTables:        54388 kB
NFS_Unstable:          0 kB
Bounce:                0 kB
WritebackTmp:          0 kB
CommitLimit:     2183484 kB
Committed_AS:   126141952 kB
VmallocTotal:     311296 kB
VmallocUsed:       32264 kB
VmallocChunk:     154636 kB
Time pass: 189 sec

---2015-12-09 11:18:22
MemTotal:        1745540 kB
MemFree:           51068 kB
Buffers:            7676 kB
Cached:           380288 kB
SwapCached:        42792 kB
Active:           523808 kB
Inactive:         515836 kB
Active(anon):     324968 kB
Inactive(anon):   331240 kB
Active(file):     198840 kB
Inactive(file):   184596 kB
Unevictable:        3816 kB
Mlocked:               0 kB
HighTotal:       1217536 kB
HighFree:          22784 kB
LowTotal:         528004 kB
LowFree:           28284 kB
SwapTotal:       1310716 kB
SwapFree:         794916 kB
Dirty:                40 kB
Writeback:            16 kB
AnonPages:        636956 kB
Mapped:           330712 kB
Shmem:               716 kB
Slab:              59444 kB
SReclaimable:      16096 kB
SUnreclaim:        43348 kB
KernelStack:       15920 kB
PageTables:        54388 kB
NFS_Unstable:          0 kB
Bounce:                0 kB
WritebackTmp:          0 kB
CommitLimit:     2183484 kB
Committed_AS:   126142000 kB
VmallocTotal:     311296 kB
VmallocUsed:       32264 kB
VmallocChunk:     154636 kB
Time pass: 193 sec

---2015-12-09 11:18:22
MemTotal:        1745540 kB
MemFree:           53132 kB
Buffers:            7676 kB
Cached:           377620 kB
SwapCached:        42852 kB
Active:           522272 kB
Inactive:         515628 kB
Active(anon):     325532 kB
Inactive(anon):   331608 kB
Active(file):     196740 kB
Inactive(file):   184020 kB
Unevictable:        3816 kB
Mlocked:               0 kB
HighTotal:       1217536 kB
HighFree:          25076 kB
LowTotal:         528004 kB
LowFree:           28056 kB
SwapTotal:       1310716 kB
SwapFree:         793160 kB
Dirty:                36 kB
Writeback:             0 kB
AnonPages:        638008 kB
Mapped:           328512 kB
Shmem:               716 kB
Slab:              59460 kB
SReclaimable:      16096 kB
SUnreclaim:        43364 kB
KernelStack:       16016 kB
PageTables:        54344 kB
NFS_Unstable:          0 kB
Bounce:                0 kB
WritebackTmp:          0 kB
CommitLimit:     2183484 kB
Committed_AS:   126142328 kB
VmallocTotal:     311296 kB
VmallocUsed:       32264 kB
VmallocChunk:     154636 kB
Time pass: 197 sec

---2015-12-09 11:18:22
MemTotal:        1745540 kB
MemFree:           52404 kB
Buffers:            7684 kB
Cached:           377616 kB
SwapCached:        42792 kB
Active:           522772 kB
Inactive:         515684 kB
Active(anon):     326016 kB
Inactive(anon):   331672 kB
Active(file):     196756 kB
Inactive(file):   184012 kB
Unevictable:        3816 kB
Mlocked:               0 kB
HighTotal:       1217536 kB
HighFree:          24404 kB
LowTotal:         528004 kB
LowFree:           28000 kB
SwapTotal:       1310716 kB
SwapFree:         793648 kB
Dirty:                 8 kB
Writeback:             0 kB
AnonPages:        638404 kB
Mapped:           328564 kB
Shmem:               716 kB
Slab:              59612 kB
SReclaimable:      16096 kB
SUnreclaim:        43516 kB
KernelStack:       15848 kB
PageTables:        54388 kB
NFS_Unstable:          0 kB
Bounce:                0 kB
WritebackTmp:          0 kB
CommitLimit:     2183484 kB
Committed_AS:   126142168 kB
VmallocTotal:     311296 kB
VmallocUsed:       32196 kB
VmallocChunk:     154636 kB
Time pass: 200 sec

---2015-12-09 11:18:22
MemTotal:        1745540 kB
MemFree:           52804 kB
Buffers:            7700 kB
Cached:           377616 kB
SwapCached:        42792 kB
Active:           522188 kB
Inactive:         515720 kB
Active(anon):     325432 kB
Inactive(anon):   331692 kB
Active(file):     196756 kB
Inactive(file):   184028 kB
Unevictable:        3816 kB
Mlocked:               0 kB
HighTotal:       1217536 kB
HighFree:          24324 kB
LowTotal:         528004 kB
LowFree:           28480 kB
SwapTotal:       1310716 kB
SwapFree:         793668 kB
Dirty:                64 kB
Writeback:             0 kB
AnonPages:        637912 kB
Mapped:           328444 kB
Shmem:               716 kB
Slab:              59608 kB
SReclaimable:      16096 kB
SUnreclaim:        43512 kB
KernelStack:       15848 kB
PageTables:        54388 kB
NFS_Unstable:          0 kB
Bounce:                0 kB
WritebackTmp:          0 kB
CommitLimit:     2183484 kB
Committed_AS:   126142312 kB
VmallocTotal:     311296 kB
VmallocUsed:       32196 kB
VmallocChunk:     154636 kB
Time pass: 204 sec

---2015-12-09 11:18:22
MemTotal:        1745540 kB
MemFree:           52244 kB
Buffers:            7724 kB
Cached:           378652 kB
SwapCached:        42816 kB
Active:           525672 kB
Inactive:         512960 kB
Active(anon):     328820 kB
Inactive(anon):   327968 kB
Active(file):     196852 kB
Inactive(file):   184992 kB
Unevictable:        3816 kB
Mlocked:               0 kB
HighTotal:       1217536 kB
HighFree:          22712 kB
LowTotal:         528004 kB
LowFree:           29532 kB
SwapTotal:       1310716 kB
SwapFree:         793696 kB
Dirty:                40 kB
Writeback:             0 kB
AnonPages:        637616 kB
Mapped:           328716 kB
Shmem:               716 kB
Slab:              59576 kB
SReclaimable:      16096 kB
SUnreclaim:        43480 kB
KernelStack:       15840 kB
PageTables:        54284 kB
NFS_Unstable:          0 kB
Bounce:                0 kB
WritebackTmp:          0 kB
CommitLimit:     2183484 kB
Committed_AS:   126400828 kB
VmallocTotal:     311296 kB
VmallocUsed:       32196 kB
VmallocChunk:     154636 kB
Time pass: 207 sec

---2015-12-09 11:18:22
MemTotal:        1745540 kB
MemFree:           49640 kB
Buffers:            7740 kB
Cached:           382536 kB
SwapCached:        42808 kB
Active:           523696 kB
Inactive:         516848 kB
Active(anon):     326844 kB
Inactive(anon):   327996 kB
Active(file):     196852 kB
Inactive(file):   188852 kB
Unevictable:        3816 kB
Mlocked:               0 kB
HighTotal:       1217536 kB
HighFree:          20252 kB
LowTotal:         528004 kB
LowFree:           29388 kB
SwapTotal:       1310716 kB
SwapFree:         793736 kB
Dirty:                 0 kB
Writeback:             0 kB
AnonPages:        635680 kB
Mapped:           328784 kB
Shmem:               716 kB
Slab:              59644 kB
SReclaimable:      16096 kB
SUnreclaim:        43548 kB
KernelStack:       15840 kB
PageTables:        54292 kB
NFS_Unstable:          0 kB
Bounce:                0 kB
WritebackTmp:          0 kB
CommitLimit:     2183484 kB
Committed_AS:   126398700 kB
VmallocTotal:     311296 kB
VmallocUsed:       32196 kB
VmallocChunk:     154636 kB
Time pass: 211 sec

---2015-12-09 11:18:22
MemTotal:        1745540 kB
MemFree:           47420 kB
Buffers:            7688 kB
Cached:           378924 kB
SwapCached:        43072 kB
Active:           522396 kB
Inactive:         518236 kB
Active(anon):     329176 kB
Inactive(anon):   329300 kB
Active(file):     193220 kB
Inactive(file):   188936 kB
Unevictable:        3816 kB
Mlocked:               0 kB
HighTotal:       1217536 kB
HighFree:          22292 kB
LowTotal:         528004 kB
LowFree:           25128 kB
SwapTotal:       1310716 kB
SwapFree:         790244 kB
Dirty:                 0 kB
Writeback:             0 kB
AnonPages:        639408 kB
Mapped:           330316 kB
Shmem:               716 kB
Slab:              59580 kB
SReclaimable:      16096 kB
SUnreclaim:        43484 kB
KernelStack:       15840 kB
PageTables:        54692 kB
NFS_Unstable:          0 kB
Bounce:                0 kB
WritebackTmp:          0 kB
CommitLimit:     2183484 kB
Committed_AS:   127930424 kB
VmallocTotal:     311296 kB
VmallocUsed:       33284 kB
VmallocChunk:     154636 kB
Time pass: 215 sec

---2015-12-09 11:18:22
MemTotal:        1745540 kB
MemFree:           58208 kB
Buffers:            7704 kB
Cached:           378892 kB
SwapCached:        43052 kB
Active:           515020 kB
Inactive:         517084 kB
Active(anon):     320848 kB
Inactive(anon):   329192 kB
Active(file):     194172 kB
Inactive(file):   187892 kB
Unevictable:        3816 kB
Mlocked:               0 kB
HighTotal:       1217536 kB
HighFree:          27732 kB
LowTotal:         528004 kB
LowFree:           30476 kB
SwapTotal:       1310716 kB
SwapFree:         790388 kB
Dirty:               120 kB
Writeback:             0 kB
AnonPages:        630456 kB
Mapped:           324920 kB
Shmem:               716 kB
Slab:              59584 kB
SReclaimable:      16096 kB
SUnreclaim:        43488 kB
KernelStack:       15808 kB
PageTables:        54276 kB
NFS_Unstable:          0 kB
Bounce:                0 kB
WritebackTmp:          0 kB
CommitLimit:     2183484 kB
Committed_AS:   126398940 kB
VmallocTotal:     311296 kB
VmallocUsed:       32196 kB
VmallocChunk:     154636 kB
Time pass: 218 sec

---2015-12-09 11:18:22
MemTotal:        1745540 kB
MemFree:           59236 kB
Buffers:            7704 kB
Cached:           379872 kB
SwapCached:        42988 kB
Active:           514260 kB
Inactive:         517740 kB
Active(anon):     320036 kB
Inactive(anon):   328988 kB
Active(file):     194224 kB
Inactive(file):   188752 kB
Unevictable:        3816 kB
Mlocked:               0 kB
HighTotal:       1217536 kB
HighFree:          27336 kB
LowTotal:         528004 kB
LowFree:           31900 kB
SwapTotal:       1310716 kB
SwapFree:         793820 kB
Dirty:                 0 kB
Writeback:             0 kB
AnonPages:        629672 kB
Mapped:           324944 kB
Shmem:               784 kB
Slab:              59512 kB
SReclaimable:      16096 kB
SUnreclaim:        43416 kB
KernelStack:       15688 kB
PageTables:        53724 kB
NFS_Unstable:          0 kB
Bounce:                0 kB
WritebackTmp:          0 kB
CommitLimit:     2183484 kB
Committed_AS:   124890572 kB
VmallocTotal:     311296 kB
VmallocUsed:       31176 kB
VmallocChunk:     154636 kB
Time pass: 222 sec

---2015-12-09 11:18:22
MemTotal:        1745540 kB
MemFree:           59124 kB
Buffers:            7728 kB
Cached:           379876 kB
SwapCached:        42988 kB
Active:           514792 kB
Inactive:         517776 kB
Active(anon):     320568 kB
Inactive(anon):   328992 kB
Active(file):     194224 kB
Inactive(file):   188784 kB
Unevictable:        3816 kB
Mlocked:               0 kB
HighTotal:       1217536 kB
HighFree:          27284 kB
LowTotal:         528004 kB
LowFree:           31840 kB
SwapTotal:       1310716 kB
SwapFree:         793856 kB
Dirty:                60 kB
Writeback:             0 kB
AnonPages:        630288 kB
Mapped:           324880 kB
Shmem:               788 kB
Slab:              59544 kB
SReclaimable:      16096 kB
SUnreclaim:        43448 kB
KernelStack:       15696 kB
PageTables:        53740 kB
NFS_Unstable:          0 kB
Bounce:                0 kB
WritebackTmp:          0 kB
CommitLimit:     2183484 kB
Committed_AS:   124890644 kB
VmallocTotal:     311296 kB
VmallocUsed:       31176 kB
VmallocChunk:     154636 kB
Time pass: 226 sec

---2015-12-09 11:18:22
MemTotal:        1745540 kB
MemFree:           58680 kB
Buffers:            7728 kB
Cached:           379956 kB
SwapCached:        42988 kB
Active:           515112 kB
Inactive:         517852 kB
Active(anon):     320888 kB
Inactive(anon):   329076 kB
Active(file):     194224 kB
Inactive(file):   188776 kB
Unevictable:        3816 kB
Mlocked:               0 kB
HighTotal:       1217536 kB
HighFree:          26828 kB
LowTotal:         528004 kB
LowFree:           31852 kB
SwapTotal:       1310716 kB
SwapFree:         793856 kB
Dirty:                 0 kB
Writeback:             0 kB
AnonPages:        630572 kB
Mapped:           325084 kB
Shmem:               868 kB
Slab:              59544 kB
SReclaimable:      16096 kB
SUnreclaim:        43448 kB
KernelStack:       15736 kB
PageTables:        53740 kB
NFS_Unstable:          0 kB
Bounce:                0 kB
WritebackTmp:          0 kB
CommitLimit:     2183484 kB
Committed_AS:   124890828 kB
VmallocTotal:     311296 kB
VmallocUsed:       31176 kB
VmallocChunk:     154636 kB
Time pass: 229 sec

---2015-12-09 11:18:22
MemTotal:        1745540 kB
MemFree:           57596 kB
Buffers:            8152 kB
Cached:           379992 kB
SwapCached:        42980 kB
Active:           515684 kB
Inactive:         518280 kB
Active(anon):     321460 kB
Inactive(anon):   329052 kB
Active(file):     194224 kB
Inactive(file):   189228 kB
Unevictable:        3816 kB
Mlocked:               0 kB
HighTotal:       1217536 kB
HighFree:          26268 kB
LowTotal:         528004 kB
LowFree:           31328 kB
SwapTotal:       1310716 kB
SwapFree:         793872 kB
Dirty:                48 kB
Writeback:             0 kB
AnonPages:        631184 kB
Mapped:           325148 kB
Shmem:               868 kB
Slab:              59548 kB
SReclaimable:      16096 kB
SUnreclaim:        43452 kB
KernelStack:       15712 kB
PageTables:        53740 kB
NFS_Unstable:          0 kB
Bounce:                0 kB
WritebackTmp:          0 kB
CommitLimit:     2183484 kB
Committed_AS:   124891356 kB
VmallocTotal:     311296 kB
VmallocUsed:       31244 kB
VmallocChunk:     154636 kB
Time pass: 233 sec

---2015-12-09 11:18:22
MemTotal:        1745540 kB
MemFree:           56324 kB
Buffers:            8152 kB
Cached:           380000 kB
SwapCached:        42992 kB
Active:           516840 kB
Inactive:         518272 kB
Active(anon):     322500 kB
Inactive(anon):   329144 kB
Active(file):     194340 kB
Inactive(file):   189128 kB
Unevictable:        3816 kB
Mlocked:               0 kB
HighTotal:       1217536 kB
HighFree:          25008 kB
LowTotal:         528004 kB
LowFree:           31316 kB
SwapTotal:       1310716 kB
SwapFree:         793964 kB
Dirty:                36 kB
Writeback:             0 kB
AnonPages:        632208 kB
Mapped:           324964 kB
Shmem:               868 kB
Slab:              59516 kB
SReclaimable:      16096 kB
SUnreclaim:        43420 kB
KernelStack:       15712 kB
PageTables:        53740 kB
NFS_Unstable:          0 kB
Bounce:                0 kB
WritebackTmp:          0 kB
CommitLimit:     2183484 kB
Committed_AS:   124891740 kB
VmallocTotal:     311296 kB
VmallocUsed:       31176 kB
VmallocChunk:     154636 kB
Time pass: 237 sec

---2015-12-09 11:18:22
MemTotal:        1745540 kB
MemFree:           56124 kB
Buffers:            8160 kB
Cached:           380244 kB
SwapCached:        42988 kB
Active:           516464 kB
Inactive:         518532 kB
Active(anon):     322124 kB
Inactive(anon):   329152 kB
Active(file):     194340 kB
Inactive(file):   189380 kB
Unevictable:        3816 kB
Mlocked:               0 kB
HighTotal:       1217536 kB
HighFree:          24768 kB
LowTotal:         528004 kB
LowFree:           31356 kB
SwapTotal:       1310716 kB
SwapFree:         793976 kB
Dirty:                72 kB
Writeback:             0 kB
AnonPages:        631836 kB
Mapped:           325176 kB
Shmem:               868 kB
Slab:              59552 kB
SReclaimable:      16096 kB
SUnreclaim:        43456 kB
KernelStack:       15752 kB
PageTables:        53740 kB
NFS_Unstable:          0 kB
Bounce:                0 kB
WritebackTmp:          0 kB
CommitLimit:     2183484 kB
Committed_AS:   124891660 kB
VmallocTotal:     311296 kB
VmallocUsed:       31244 kB
VmallocChunk:     154636 kB
Time pass: 240 sec

---2015-12-09 11:18:22
MemTotal:        1745540 kB
MemFree:           54404 kB
Buffers:            8176 kB
Cached:           381196 kB
SwapCached:        43016 kB
Active:           517252 kB
Inactive:         519584 kB
Active(anon):     322912 kB
Inactive(anon):   329240 kB
Active(file):     194340 kB
Inactive(file):   190344 kB
Unevictable:        3816 kB
Mlocked:               0 kB
HighTotal:       1217536 kB
HighFree:          23164 kB
LowTotal:         528004 kB
LowFree:           31240 kB
SwapTotal:       1310716 kB
SwapFree:         794048 kB
Dirty:                88 kB
Writeback:             0 kB
AnonPages:        632680 kB
Mapped:           325124 kB
Shmem:               868 kB
Slab:              59552 kB
SReclaimable:      16096 kB
SUnreclaim:        43456 kB
KernelStack:       15712 kB
PageTables:        53740 kB
NFS_Unstable:          0 kB
Bounce:                0 kB
WritebackTmp:          0 kB
CommitLimit:     2183484 kB
Committed_AS:   124891732 kB
VmallocTotal:     311296 kB
VmallocUsed:       31176 kB
VmallocChunk:     154636 kB
Time pass: 244 sec

---2015-12-09 11:18:22
MemTotal:        1745540 kB
MemFree:           53740 kB
Buffers:            8184 kB
Cached:           381192 kB
SwapCached:        43164 kB
Active:           517800 kB
Inactive:         519872 kB
Active(anon):     323460 kB
Inactive(anon):   329520 kB
Active(file):     194340 kB
Inactive(file):   190352 kB
Unevictable:        3816 kB
Mlocked:               0 kB
HighTotal:       1217536 kB
HighFree:          22500 kB
LowTotal:         528004 kB
LowFree:           31240 kB
SwapTotal:       1310716 kB
SwapFree:         794168 kB
Dirty:                32 kB
Writeback:             0 kB
AnonPages:        633500 kB
Mapped:           325124 kB
Shmem:               868 kB
Slab:              59520 kB
SReclaimable:      16096 kB
SUnreclaim:        43424 kB
KernelStack:       15712 kB
PageTables:        53740 kB
NFS_Unstable:          0 kB
Bounce:                0 kB
WritebackTmp:          0 kB
CommitLimit:     2183484 kB
Committed_AS:   124891948 kB
VmallocTotal:     311296 kB
VmallocUsed:       31176 kB
VmallocChunk:     154636 kB
Time pass: 247 sec

---2015-12-09 11:18:22
MemTotal:        1745540 kB
MemFree:           49596 kB
Buffers:            8200 kB
Cached:           384560 kB
SwapCached:        43292 kB
Active:           518456 kB
Inactive:         523504 kB
Active(anon):     324116 kB
Inactive(anon):   329764 kB
Active(file):     194340 kB
Inactive(file):   193740 kB
Unevictable:        3816 kB
Mlocked:               0 kB
HighTotal:       1217536 kB
HighFree:          19204 kB
LowTotal:         528004 kB
LowFree:           30392 kB
SwapTotal:       1310716 kB
SwapFree:         794300 kB
Dirty:                44 kB
Writeback:             0 kB
AnonPages:        634456 kB
Mapped:           325144 kB
Shmem:               868 kB
Slab:              59520 kB
SReclaimable:      16096 kB
SUnreclaim:        43424 kB
KernelStack:       15688 kB
PageTables:        53728 kB
NFS_Unstable:          0 kB
Bounce:                0 kB
WritebackTmp:          0 kB
CommitLimit:     2183484 kB
Committed_AS:   124891980 kB
VmallocTotal:     311296 kB
VmallocUsed:       31176 kB
VmallocChunk:     154636 kB
Time pass: 251 sec

---2015-12-09 11:18:22
MemTotal:        1745540 kB
MemFree:           53568 kB
Buffers:            8200 kB
Cached:           381784 kB
SwapCached:        43344 kB
Active:           514404 kB
Inactive:         522476 kB
Active(anon):     322764 kB
Inactive(anon):   328924 kB
Active(file):     191640 kB
Inactive(file):   193552 kB
Unevictable:        3816 kB
Mlocked:               0 kB
HighTotal:       1217536 kB
HighFree:          23500 kB
LowTotal:         528004 kB
LowFree:           30068 kB
SwapTotal:       1310716 kB
SwapFree:         791176 kB
Dirty:                36 kB
Writeback:             0 kB
AnonPages:        632176 kB
Mapped:           322980 kB
Shmem:               868 kB
Slab:              59684 kB
SReclaimable:      16096 kB
SUnreclaim:        43588 kB
KernelStack:       15712 kB
PageTables:        53696 kB
NFS_Unstable:          0 kB
Bounce:                0 kB
WritebackTmp:          0 kB
CommitLimit:     2183484 kB
Committed_AS:   124892216 kB
VmallocTotal:     311296 kB
VmallocUsed:       31176 kB
VmallocChunk:     154636 kB
Time pass: 255 sec

---2015-12-09 11:18:22
MemTotal:        1745540 kB
MemFree:           51852 kB
Buffers:            8216 kB
Cached:           381776 kB
SwapCached:        43340 kB
Active:           515644 kB
Inactive:         522596 kB
Active(anon):     323992 kB
Inactive(anon):   328940 kB
Active(file):     191652 kB
Inactive(file):   193656 kB
Unevictable:        3816 kB
Mlocked:               0 kB
HighTotal:       1217536 kB
HighFree:          22412 kB
LowTotal:         528004 kB
LowFree:           29440 kB
SwapTotal:       1310716 kB
SwapFree:         791196 kB
Dirty:                 0 kB
Writeback:             0 kB
AnonPages:        633584 kB
Mapped:           322968 kB
Shmem:               868 kB
Slab:              59684 kB
SReclaimable:      16096 kB
SUnreclaim:        43588 kB
KernelStack:       15752 kB
PageTables:        53748 kB
NFS_Unstable:          0 kB
Bounce:                0 kB
WritebackTmp:          0 kB
CommitLimit:     2183484 kB
Committed_AS:   124892252 kB
VmallocTotal:     311296 kB
VmallocUsed:       31244 kB
VmallocChunk:     154636 kB
Time pass: 258 sec

---2015-12-09 11:18:22
MemTotal:        1745540 kB
MemFree:           52092 kB
Buffers:            8224 kB
Cached:           381768 kB
SwapCached:        43340 kB
Active:           515452 kB
Inactive:         522592 kB
Active(anon):     323800 kB
Inactive(anon):   328936 kB
Active(file):     191652 kB
Inactive(file):   193656 kB
Unevictable:        3816 kB
Mlocked:               0 kB
HighTotal:       1217536 kB
HighFree:          22076 kB
LowTotal:         528004 kB
LowFree:           30016 kB
SwapTotal:       1310716 kB
SwapFree:         791200 kB
Dirty:                 0 kB
Writeback:             0 kB
AnonPages:        633236 kB
Mapped:           322916 kB
Shmem:               868 kB
Slab:              59716 kB
SReclaimable:      16096 kB
SUnreclaim:        43620 kB
KernelStack:       15688 kB
PageTables:        53728 kB
NFS_Unstable:          0 kB
Bounce:                0 kB
WritebackTmp:          0 kB
CommitLimit:     2183484 kB
Committed_AS:   124892332 kB
VmallocTotal:     311296 kB
VmallocUsed:       31244 kB
VmallocChunk:     154636 kB
Time pass: 262 sec

---2015-12-09 11:18:22
MemTotal:        1745540 kB
MemFree:           51428 kB
Buffers:            8240 kB
Cached:           381760 kB
SwapCached:        43344 kB
Active:           516384 kB
Inactive:         522604 kB
Active(anon):     324732 kB
Inactive(anon):   328940 kB
Active(file):     191652 kB
Inactive(file):   193664 kB
Unevictable:        3816 kB
Mlocked:               0 kB
HighTotal:       1217536 kB
HighFree:          21736 kB
LowTotal:         528004 kB
LowFree:           29692 kB
SwapTotal:       1310716 kB
SwapFree:         791212 kB
Dirty:                48 kB
Writeback:             0 kB
AnonPages:        634096 kB
Mapped:           322784 kB
Shmem:               868 kB
Slab:              59680 kB
SReclaimable:      16096 kB
SUnreclaim:        43584 kB
KernelStack:       15704 kB
PageTables:        53752 kB
NFS_Unstable:          0 kB
Bounce:                0 kB
WritebackTmp:          0 kB
CommitLimit:     2183484 kB
Committed_AS:   124892540 kB
VmallocTotal:     311296 kB
VmallocUsed:       31176 kB
VmallocChunk:     154636 kB
Time pass: 266 sec

---2015-12-09 11:18:22
MemTotal:        1745540 kB
MemFree:           51180 kB
Buffers:            8240 kB
Cached:           381776 kB
SwapCached:        43352 kB
Active:           517068 kB
Inactive:         522672 kB
Active(anon):     325416 kB
Inactive(anon):   328992 kB
Active(file):     191652 kB
Inactive(file):   193680 kB
Unevictable:        3816 kB
Mlocked:               0 kB
HighTotal:       1217536 kB
HighFree:          21284 kB
LowTotal:         528004 kB
LowFree:           29896 kB
SwapTotal:       1310716 kB
SwapFree:         791252 kB
Dirty:                 0 kB
Writeback:             0 kB
AnonPages:        634904 kB
Mapped:           322968 kB
Shmem:               868 kB
Slab:              59488 kB
SReclaimable:      16096 kB
SUnreclaim:        43392 kB
KernelStack:       15736 kB
PageTables:        53752 kB
NFS_Unstable:          0 kB
Bounce:                0 kB
WritebackTmp:          0 kB
CommitLimit:     2183484 kB
Committed_AS:   124892548 kB
VmallocTotal:     311296 kB
VmallocUsed:       31244 kB
VmallocChunk:     154636 kB
Time pass: 269 sec

---2015-12-09 11:18:22
MemTotal:        1745540 kB
MemFree:           50068 kB
Buffers:            8140 kB
Cached:           375932 kB
SwapCached:        43688 kB
Active:           518004 kB
Inactive:         520696 kB
Active(anon):     328468 kB
Inactive(anon):   330852 kB
Active(file):     189536 kB
Inactive(file):   189844 kB
Unevictable:        3816 kB
Mlocked:               0 kB
HighTotal:       1217536 kB
HighFree:          23800 kB
LowTotal:         528004 kB
LowFree:           26268 kB
SwapTotal:       1310716 kB
SwapFree:         787240 kB
Dirty:               108 kB
Writeback:            12 kB
AnonPages:        639080 kB
Mapped:           324508 kB
Shmem:               868 kB
Slab:              59612 kB
SReclaimable:      16096 kB
SUnreclaim:        43516 kB
KernelStack:       15912 kB
PageTables:        54300 kB
NFS_Unstable:          0 kB
Bounce:                0 kB
WritebackTmp:          0 kB
CommitLimit:     2183484 kB
Committed_AS:   126421784 kB
VmallocTotal:     311296 kB
VmallocUsed:       31244 kB
VmallocChunk:     154636 kB
Time pass: 273 sec

---2015-12-09 11:18:22
MemTotal:        1745540 kB
MemFree:           57876 kB
Buffers:            8140 kB
Cached:           376304 kB
SwapCached:        43688 kB
Active:           511512 kB
Inactive:         520880 kB
Active(anon):     321936 kB
Inactive(anon):   330696 kB
Active(file):     189576 kB
Inactive(file):   190184 kB
Unevictable:        3816 kB
Mlocked:               0 kB
HighTotal:       1217536 kB
HighFree:          26744 kB
LowTotal:         528004 kB
LowFree:           31132 kB
SwapTotal:       1310716 kB
SwapFree:         787256 kB
Dirty:                24 kB
Writeback:             0 kB
AnonPages:        632692 kB
Mapped:           318812 kB
Shmem:               868 kB
Slab:              59604 kB
SReclaimable:      16096 kB
SUnreclaim:        43508 kB
KernelStack:       15688 kB
PageTables:        53756 kB
NFS_Unstable:          0 kB
Bounce:                0 kB
WritebackTmp:          0 kB
CommitLimit:     2183484 kB
Committed_AS:   124887904 kB
VmallocTotal:     311296 kB
VmallocUsed:       31176 kB
VmallocChunk:     154636 kB
Time pass: 277 sec

---2015-12-09 11:18:22
MemTotal:        1745540 kB
MemFree:           64588 kB
Buffers:            8148 kB
Cached:           376304 kB
SwapCached:        43692 kB
Active:           504740 kB
Inactive:         520908 kB
Active(anon):     315164 kB
Inactive(anon):   330716 kB
Active(file):     189576 kB
Inactive(file):   190192 kB
Unevictable:        3816 kB
Mlocked:               0 kB
HighTotal:       1217536 kB
HighFree:          32548 kB
LowTotal:         528004 kB
LowFree:           32040 kB
SwapTotal:       1310716 kB
SwapFree:         787268 kB
Dirty:                48 kB
Writeback:             0 kB
AnonPages:        625976 kB
Mapped:           318816 kB
Shmem:               868 kB
Slab:              59596 kB
SReclaimable:      16096 kB
SUnreclaim:        43500 kB
KernelStack:       15688 kB
PageTables:        53756 kB
NFS_Unstable:          0 kB
Bounce:                0 kB
WritebackTmp:          0 kB
CommitLimit:     2183484 kB
Committed_AS:   124888052 kB
VmallocTotal:     311296 kB
VmallocUsed:       31176 kB
VmallocChunk:     154636 kB
Time pass: 280 sec

---2015-12-09 11:18:22
MemTotal:        1745540 kB
MemFree:           65028 kB
Buffers:            8164 kB
Cached:           376408 kB
SwapCached:        43692 kB
Active:           504448 kB
Inactive:         521028 kB
Active(anon):     314872 kB
Inactive(anon):   330716 kB
Active(file):     189576 kB
Inactive(file):   190312 kB
Unevictable:        3816 kB
Mlocked:               0 kB
HighTotal:       1217536 kB
HighFree:          32268 kB
LowTotal:         528004 kB
LowFree:           32760 kB
SwapTotal:       1310716 kB
SwapFree:         787268 kB
Dirty:                60 kB
Writeback:             0 kB
AnonPages:        625580 kB
Mapped:           318880 kB
Shmem:               868 kB
Slab:              59596 kB
SReclaimable:      16096 kB
SUnreclaim:        43500 kB
KernelStack:       15736 kB
PageTables:        53756 kB
NFS_Unstable:          0 kB
Bounce:                0 kB
WritebackTmp:          0 kB
CommitLimit:     2183484 kB
Committed_AS:   124888132 kB
VmallocTotal:     311296 kB
VmallocUsed:       31244 kB
VmallocChunk:     154636 kB
Time pass: 284 sec

---2015-12-09 11:18:22
MemTotal:        1745540 kB
MemFree:           64148 kB
Buffers:            8164 kB
Cached:           376420 kB
SwapCached:        43688 kB
Active:           505448 kB
Inactive:         521036 kB
Active(anon):     315872 kB
Inactive(anon):   330724 kB
Active(file):     189576 kB
Inactive(file):   190312 kB
Unevictable:        3816 kB
Mlocked:               0 kB
HighTotal:       1217536 kB
HighFree:          30276 kB
LowTotal:         528004 kB
LowFree:           33872 kB
SwapTotal:       1310716 kB
SwapFree:         787276 kB
Dirty:                 0 kB
Writeback:             0 kB
AnonPages:        626804 kB
Mapped:           318832 kB
Shmem:               880 kB
Slab:              59560 kB
SReclaimable:      16096 kB
SUnreclaim:        43464 kB
KernelStack:       15688 kB
PageTables:        53756 kB
NFS_Unstable:          0 kB
Bounce:                0 kB
WritebackTmp:          0 kB
CommitLimit:     2183484 kB
Committed_AS:   124888324 kB
VmallocTotal:     311296 kB
VmallocUsed:       31176 kB
VmallocChunk:     154636 kB
Time pass: 287 sec

---2015-12-09 11:18:22
MemTotal:        1745540 kB
MemFree:           60132 kB
Buffers:            8188 kB
Cached:           376420 kB
SwapCached:        43688 kB
Active:           508956 kB
Inactive:         521084 kB
Active(anon):     319380 kB
Inactive(anon):   330748 kB
Active(file):     189576 kB
Inactive(file):   190336 kB
Unevictable:        3816 kB
Mlocked:               0 kB
HighTotal:       1217536 kB
HighFree:          26772 kB
LowTotal:         528004 kB
LowFree:           33360 kB
SwapTotal:       1310716 kB
SwapFree:         787300 kB
Dirty:                40 kB
Writeback:             0 kB
AnonPages:        630496 kB
Mapped:           321472 kB
Shmem:               880 kB
Slab:              59640 kB
SReclaimable:      16116 kB
SUnreclaim:        43524 kB
KernelStack:       15760 kB
PageTables:        54264 kB
NFS_Unstable:          0 kB
Bounce:                0 kB
WritebackTmp:          0 kB
CommitLimit:     2183484 kB
Committed_AS:   126403228 kB
VmallocTotal:     311296 kB
VmallocUsed:       31244 kB
VmallocChunk:     154636 kB
Time pass: 291 sec

---2015-12-09 11:18:22
MemTotal:        1745540 kB
MemFree:           62860 kB
Buffers:            8196 kB
Cached:           376412 kB
SwapCached:        43688 kB
Active:           506728 kB
Inactive:         521040 kB
Active(anon):     317084 kB
Inactive(anon):   330772 kB
Active(file):     189644 kB
Inactive(file):   190268 kB
Unevictable:        3816 kB
Mlocked:               0 kB
HighTotal:       1217536 kB
HighFree:          29000 kB
LowTotal:         528004 kB
LowFree:           33860 kB
SwapTotal:       1310716 kB
SwapFree:         787340 kB
Dirty:               136 kB
Writeback:             0 kB
AnonPages:        628000 kB
Mapped:           318832 kB
Shmem:               880 kB
Slab:              59736 kB
SReclaimable:      16116 kB
SUnreclaim:        43620 kB
KernelStack:       15688 kB
PageTables:        53760 kB
NFS_Unstable:          0 kB
Bounce:                0 kB
WritebackTmp:          0 kB
CommitLimit:     2183484 kB
Committed_AS:   124888620 kB
VmallocTotal:     311296 kB
VmallocUsed:       31176 kB
VmallocChunk:     154636 kB
Time pass: 295 sec

---2015-12-09 11:18:22
MemTotal:        1745540 kB
MemFree:           62980 kB
Buffers:            8212 kB
Cached:           376420 kB
SwapCached:        43688 kB
Active:           507176 kB
Inactive:         521076 kB
Active(anon):     317532 kB
Inactive(anon):   330784 kB
Active(file):     189644 kB
Inactive(file):   190292 kB
Unevictable:        3816 kB
Mlocked:               0 kB
HighTotal:       1217536 kB
HighFree:          28984 kB
LowTotal:         528004 kB
LowFree:           33996 kB
SwapTotal:       1310716 kB
SwapFree:         787344 kB
Dirty:                20 kB
Writeback:             0 kB
AnonPages:        628440 kB
Mapped:           318708 kB
Shmem:               880 kB
Slab:              59736 kB
SReclaimable:      16116 kB
SUnreclaim:        43620 kB
KernelStack:       15688 kB
PageTables:        53760 kB
NFS_Unstable:          0 kB
Bounce:                0 kB
WritebackTmp:          0 kB
CommitLimit:     2183484 kB
Committed_AS:   124888628 kB
VmallocTotal:     311296 kB
VmallocUsed:       31176 kB
VmallocChunk:     154636 kB
Time pass: 298 sec

---2015-12-09 11:18:22
MemTotal:        1745540 kB
MemFree:           62288 kB
Buffers:            8220 kB
Cached:           376420 kB
SwapCached:        43692 kB
Active:           507544 kB
Inactive:         521088 kB
Active(anon):     317900 kB
Inactive(anon):   330796 kB
Active(file):     189644 kB
Inactive(file):   190292 kB
Unevictable:        3816 kB
Mlocked:               0 kB
HighTotal:       1217536 kB
HighFree:          28028 kB
LowTotal:         528004 kB
LowFree:           34260 kB
SwapTotal:       1310716 kB
SwapFree:         787352 kB
Dirty:                48 kB
Writeback:             0 kB
AnonPages:        628864 kB
Mapped:           318832 kB
Shmem:               880 kB
Slab:              59640 kB
SReclaimable:      16116 kB
SUnreclaim:        43524 kB
KernelStack:       15688 kB
PageTables:        53760 kB
NFS_Unstable:          0 kB
Bounce:                0 kB
WritebackTmp:          0 kB
CommitLimit:     2183484 kB
Committed_AS:   124888772 kB
VmallocTotal:     311296 kB
VmallocUsed:       31176 kB
VmallocChunk:     154636 kB
Time pass: 302 sec

---2015-12-09 11:18:22
MemTotal:        1745540 kB
MemFree:           56748 kB
Buffers:            8236 kB
Cached:           380840 kB
SwapCached:        43768 kB
Active:           508196 kB
Inactive:         525776 kB
Active(anon):     318548 kB
Inactive(anon):   331040 kB
Active(file):     189648 kB
Inactive(file):   194736 kB
Unevictable:        3816 kB
Mlocked:               0 kB
HighTotal:       1217536 kB
HighFree:          22556 kB
LowTotal:         528004 kB
LowFree:           34192 kB
SwapTotal:       1310716 kB
SwapFree:         787536 kB
Dirty:                80 kB
Writeback:             0 kB
AnonPages:        629796 kB
Mapped:           318856 kB
Shmem:               880 kB
Slab:              59640 kB
SReclaimable:      16116 kB
SUnreclaim:        43524 kB
KernelStack:       15768 kB
PageTables:        53764 kB
NFS_Unstable:          0 kB
Bounce:                0 kB
WritebackTmp:          0 kB
CommitLimit:     2183484 kB
Committed_AS:   124889012 kB
VmallocTotal:     311296 kB
VmallocUsed:       31176 kB
VmallocChunk:     154636 kB
Time pass: 306 sec

---2015-12-09 11:18:22
MemTotal:        1745540 kB
MemFree:           54784 kB
Buffers:            8252 kB
Cached:           380852 kB
SwapCached:        43768 kB
Active:           510692 kB
Inactive:         525800 kB
Active(anon):     321036 kB
Inactive(anon):   331056 kB
Active(file):     189656 kB
Inactive(file):   194744 kB
Unevictable:        3816 kB
Mlocked:               0 kB
HighTotal:       1217536 kB
HighFree:          20580 kB
LowTotal:         528004 kB
LowFree:           34204 kB
SwapTotal:       1310716 kB
SwapFree:         787544 kB
Dirty:                52 kB
Writeback:             0 kB
AnonPages:        632008 kB
Mapped:           319040 kB
Shmem:               880 kB
Slab:              59640 kB
SReclaimable:      16116 kB
SUnreclaim:        43524 kB
KernelStack:       15760 kB
PageTables:        53768 kB
NFS_Unstable:          0 kB
Bounce:                0 kB
WritebackTmp:          0 kB
CommitLimit:     2183484 kB
Committed_AS:   124892172 kB
VmallocTotal:     311296 kB
VmallocUsed:       31244 kB
VmallocChunk:     154636 kB
Time pass: 309 sec

---2015-12-09 11:18:22
MemTotal:        1745540 kB
MemFree:           53076 kB
Buffers:            8252 kB
Cached:           380844 kB
SwapCached:        43776 kB
Active:           512412 kB
Inactive:         525844 kB
Active(anon):     322764 kB
Inactive(anon):   331092 kB
Active(file):     189648 kB
Inactive(file):   194752 kB
Unevictable:        3816 kB
Mlocked:               0 kB
HighTotal:       1217536 kB
HighFree:          20488 kB
LowTotal:         528004 kB
LowFree:           32588 kB
SwapTotal:       1310716 kB
SwapFree:         787576 kB
Dirty:                88 kB
Writeback:             0 kB
AnonPages:        633892 kB
Mapped:           319040 kB
Shmem:               880 kB
Slab:              59548 kB
SReclaimable:      16116 kB
SUnreclaim:        43432 kB
KernelStack:       15752 kB
PageTables:        53768 kB
NFS_Unstable:          0 kB
Bounce:                0 kB
WritebackTmp:          0 kB
CommitLimit:     2183484 kB
Committed_AS:   124892220 kB
VmallocTotal:     311296 kB
VmallocUsed:       31244 kB
VmallocChunk:     154636 kB
Time pass: 313 sec

---2015-12-09 11:18:22
MemTotal:        1745540 kB
MemFree:           49360 kB
Buffers:            8260 kB
Cached:           385728 kB
SwapCached:        43776 kB
Active:           511208 kB
Inactive:         530724 kB
Active(anon):     321560 kB
Inactive(anon):   331080 kB
Active(file):     189648 kB
Inactive(file):   199644 kB
Unevictable:        3816 kB
Mlocked:               0 kB
HighTotal:       1217536 kB
HighFree:          19932 kB
LowTotal:         528004 kB
LowFree:           29428 kB
SwapTotal:       1310716 kB
SwapFree:         787588 kB
Dirty:                68 kB
Writeback:             0 kB
AnonPages:        632716 kB
Mapped:           319212 kB
Shmem:               880 kB
Slab:              59548 kB
SReclaimable:      16116 kB
SUnreclaim:        43432 kB
KernelStack:       15736 kB
PageTables:        53768 kB
NFS_Unstable:          0 kB
Bounce:                0 kB
WritebackTmp:          0 kB
CommitLimit:     2183484 kB
Committed_AS:   124892540 kB
VmallocTotal:     311296 kB
VmallocUsed:       31176 kB
VmallocChunk:     154636 kB
Time pass: 317 sec

---2015-12-09 11:18:22
MemTotal:        1745540 kB
MemFree:           48800 kB
Buffers:            8276 kB
Cached:           385728 kB
SwapCached:        43772 kB
Active:           512336 kB
Inactive:         530732 kB
Active(anon):     322688 kB
Inactive(anon):   331072 kB
Active(file):     189648 kB
Inactive(file):   199660 kB
Unevictable:        3816 kB
Mlocked:               0 kB
HighTotal:       1217536 kB
HighFree:          19164 kB
LowTotal:         528004 kB
LowFree:           29636 kB
SwapTotal:       1310716 kB
SwapFree:         787592 kB
Dirty:                 0 kB
Writeback:             0 kB
AnonPages:        633876 kB
Mapped:           319212 kB
Shmem:               880 kB
Slab:              59548 kB
SReclaimable:      16116 kB
SUnreclaim:        43432 kB
KernelStack:       15736 kB
PageTables:        53772 kB
NFS_Unstable:          0 kB
Bounce:                0 kB
WritebackTmp:          0 kB
CommitLimit:     2183484 kB
Committed_AS:   124892580 kB
VmallocTotal:     311296 kB
VmallocUsed:       31176 kB
VmallocChunk:     154636 kB
Time pass: 320 sec

---2015-12-09 11:18:22
MemTotal:        1745540 kB
MemFree:           47976 kB
Buffers:            8284 kB
Cached:           385728 kB
SwapCached:        43764 kB
Active:           511468 kB
Inactive:         530724 kB
Active(anon):     321820 kB
Inactive(anon):   331056 kB
Active(file):     189648 kB
Inactive(file):   199668 kB
Unevictable:        3816 kB
Mlocked:               0 kB
HighTotal:       1217536 kB
HighFree:          19072 kB
LowTotal:         528004 kB
LowFree:           28904 kB
SwapTotal:       1310716 kB
SwapFree:         787640 kB
Dirty:                28 kB
Writeback:             0 kB
AnonPages:        633076 kB
Mapped:           319344 kB
Shmem:               880 kB
Slab:              59772 kB
SReclaimable:      16116 kB
SUnreclaim:        43656 kB
KernelStack:       15720 kB
PageTables:        53756 kB
NFS_Unstable:          0 kB
Bounce:                0 kB
WritebackTmp:          0 kB
CommitLimit:     2183484 kB
Committed_AS:   124892732 kB
VmallocTotal:     311296 kB
VmallocUsed:       31244 kB
VmallocChunk:     154636 kB
Time pass: 324 sec

---2015-12-09 11:18:22
MemTotal:        1745540 kB
MemFree:           47960 kB
Buffers:            8300 kB
Cached:           385728 kB
SwapCached:        43780 kB
Active:           512572 kB
Inactive:         530772 kB
Active(anon):     322924 kB
Inactive(anon):   331088 kB
Active(file):     189648 kB
Inactive(file):   199684 kB
Unevictable:        3816 kB
Mlocked:               0 kB
HighTotal:       1217536 kB
HighFree:          18580 kB
LowTotal:         528004 kB
LowFree:           29380 kB
SwapTotal:       1310716 kB
SwapFree:         787660 kB
Dirty:                44 kB
