---2015-12-08 15:44:45
MemTotal:        2905316 kB
MemFree:           89332 kB
Buffers:           27416 kB
Cached:          1409256 kB
SwapCached:            0 kB
Active:          1282384 kB
Inactive:        1034696 kB
Active(anon):     760236 kB
Inactive(anon):   151864 kB
Active(file):     522148 kB
Inactive(file):   882832 kB
Unevictable:        7484 kB
Mlocked:               0 kB
SwapTotal:        720184 kB
SwapFree:         720184 kB
Dirty:                12 kB
Writeback:             0 kB
AnonPages:        887856 kB
Mapped:           523744 kB
Shmem:             24208 kB
Slab:             113964 kB
SReclaimable:      36468 kB
SUnreclaim:        77496 kB
KernelStack:       32368 kB
PageTables:        57388 kB
NFS_Unstable:          0 kB
Bounce:                0 kB
WritebackTmp:          0 kB
CommitLimit:     2172840 kB
Committed_AS:   96075684 kB
VmallocTotal:   251658176 kB
VmallocUsed:      137656 kB
VmallocChunk:   251405356 kB
Time pass: 3 sec

---2015-12-08 15:44:45
MemTotal:        2905316 kB
MemFree:           97296 kB
Buffers:           27424 kB
Cached:          1409768 kB
SwapCached:            0 kB
Active:          1274016 kB
Inactive:        1035168 kB
Active(anon):     751840 kB
Inactive(anon):   151864 kB
Active(file):     522176 kB
Inactive(file):   883304 kB
Unevictable:        7484 kB
Mlocked:               0 kB
SwapTotal:        720184 kB
SwapFree:         720184 kB
Dirty:               140 kB
Writeback:             0 kB
AnonPages:        879344 kB
Mapped:           523912 kB
Shmem:             24208 kB
Slab:             114840 kB
SReclaimable:      36484 kB
SUnreclaim:        78356 kB
KernelStack:       32192 kB
PageTables:        57452 kB
NFS_Unstable:          0 kB
Bounce:                0 kB
WritebackTmp:          0 kB
CommitLimit:     2172840 kB
Committed_AS:   96076504 kB
VmallocTotal:   251658176 kB
VmallocUsed:      137656 kB
VmallocChunk:   251405356 kB
Time pass: 7 sec

---2015-12-08 15:44:45
MemTotal:        2905316 kB
MemFree:           96640 kB
Buffers:           27432 kB
Cached:          1409776 kB
SwapCached:            0 kB
Active:          1274184 kB
Inactive:        1035196 kB
Active(anon):     752004 kB
Inactive(anon):   151864 kB
Active(file):     522180 kB
Inactive(file):   883332 kB
Unevictable:        7484 kB
Mlocked:               0 kB
SwapTotal:        720184 kB
SwapFree:         720184 kB
Dirty:                76 kB
Writeback:             0 kB
AnonPages:        879556 kB
Mapped:           523976 kB
Shmem:             24208 kB
Slab:             115348 kB
SReclaimable:      36484 kB
SUnreclaim:        78864 kB
KernelStack:       32224 kB
PageTables:        57476 kB
NFS_Unstable:          0 kB
Bounce:                0 kB
WritebackTmp:          0 kB
CommitLimit:     2172840 kB
Committed_AS:   96076312 kB
VmallocTotal:   251658176 kB
VmallocUsed:      137656 kB
VmallocChunk:   251405356 kB
Time pass: 11 sec

---2015-12-08 15:44:45
MemTotal:        2905316 kB
MemFree:           98300 kB
Buffers:           27440 kB
Cached:          1410876 kB
SwapCached:            0 kB
Active:          1272188 kB
Inactive:        1036228 kB
Active(anon):     750000 kB
Inactive(anon):   151864 kB
Active(file):     522188 kB
Inactive(file):   884364 kB
Unevictable:        7484 kB
Mlocked:               0 kB
SwapTotal:        720184 kB
SwapFree:         720184 kB
Dirty:                24 kB
Writeback:             0 kB
AnonPages:        877820 kB
Mapped:           523380 kB
Shmem:             24208 kB
Slab:             115540 kB
SReclaimable:      36484 kB
SUnreclaim:        79056 kB
KernelStack:       32224 kB
PageTables:        57060 kB
NFS_Unstable:          0 kB
Bounce:                0 kB
WritebackTmp:          0 kB
CommitLimit:     2172840 kB
Committed_AS:   95347812 kB
VmallocTotal:   251658176 kB
VmallocUsed:      137656 kB
VmallocChunk:   251405356 kB
Time pass: 14 sec

---2015-12-08 15:44:45
MemTotal:        2905316 kB
MemFree:           92164 kB
Buffers:           27440 kB
Cached:          1411168 kB
SwapCached:            0 kB
Active:          1278112 kB
Inactive:        1036572 kB
Active(anon):     755904 kB
Inactive(anon):   151864 kB
Active(file):     522208 kB
Inactive(file):   884708 kB
Unevictable:        7484 kB
Mlocked:               0 kB
SwapTotal:        720184 kB
SwapFree:         720184 kB
Dirty:                 4 kB
Writeback:             0 kB
AnonPages:        883752 kB
Mapped:           524308 kB
Shmem:             24208 kB
Slab:             115292 kB
SReclaimable:      36500 kB
SUnreclaim:        78792 kB
KernelStack:       32128 kB
PageTables:        57264 kB
NFS_Unstable:          0 kB
Bounce:                0 kB
WritebackTmp:          0 kB
CommitLimit:     2172840 kB
Committed_AS:   98793452 kB
VmallocTotal:   251658176 kB
VmallocUsed:      137656 kB
VmallocChunk:   251405356 kB
Time pass: 18 sec

---2015-12-08 15:44:45
MemTotal:        2905316 kB
MemFree:           55916 kB
Buffers:           28572 kB
Cached:          1285200 kB
SwapCached:            0 kB
Active:          1304160 kB
Inactive:         922224 kB
Active(anon):     767488 kB
Inactive(anon):   176940 kB
Active(file):     536672 kB
Inactive(file):   745284 kB
Unevictable:        7484 kB
Mlocked:               0 kB
SwapTotal:        720184 kB
SwapFree:         720184 kB
Dirty:              1664 kB
Writeback:             0 kB
AnonPages:        920360 kB
Mapped:           589764 kB
Shmem:             24344 kB
Slab:             115644 kB
SReclaimable:      36672 kB
SUnreclaim:        78972 kB
KernelStack:       33456 kB
PageTables:        58100 kB
NFS_Unstable:          0 kB
Bounce:                0 kB
WritebackTmp:          0 kB
CommitLimit:     2172840 kB
Committed_AS:   96173836 kB
VmallocTotal:   251658176 kB
VmallocUsed:      139208 kB
VmallocChunk:   251405356 kB
Time pass: 22 sec

---2015-12-08 15:44:45
MemTotal:        2905316 kB
MemFree:           76560 kB
Buffers:           26424 kB
Cached:          1252580 kB
SwapCached:            0 kB
Active:          1280400 kB
Inactive:         893108 kB
Active(anon):     742736 kB
Inactive(anon):   181680 kB
Active(file):     537664 kB
Inactive(file):   711428 kB
Unevictable:        7484 kB
Mlocked:               0 kB
SwapTotal:        720184 kB
SwapFree:         720184 kB
Dirty:                68 kB
Writeback:             0 kB
AnonPages:        902096 kB
Mapped:           603216 kB
Shmem:             22428 kB
Slab:             115756 kB
SReclaimable:      36608 kB
SUnreclaim:        79148 kB
KernelStack:       33392 kB
PageTables:        58056 kB
NFS_Unstable:          0 kB
Bounce:                0 kB
WritebackTmp:          0 kB
CommitLimit:     2172840 kB
Committed_AS:   96165188 kB
VmallocTotal:   251658176 kB
VmallocUsed:      139528 kB
VmallocChunk:   251405356 kB
Time pass: 26 sec

---2015-12-08 15:44:45
MemTotal:        2905316 kB
MemFree:           82232 kB
Buffers:           26440 kB
Cached:          1252592 kB
SwapCached:            0 kB
Active:          1275112 kB
Inactive:         893124 kB
Active(anon):     737436 kB
Inactive(anon):   181680 kB
Active(file):     537676 kB
Inactive(file):   711444 kB
Unevictable:        7484 kB
Mlocked:               0 kB
SwapTotal:        720184 kB
SwapFree:         720184 kB
Dirty:               144 kB
Writeback:             0 kB
AnonPages:        896848 kB
Mapped:           600704 kB
Shmem:             22428 kB
Slab:             115500 kB
SReclaimable:      36544 kB
SUnreclaim:        78956 kB
KernelStack:       33232 kB
PageTables:        57516 kB
NFS_Unstable:          0 kB
Bounce:                0 kB
WritebackTmp:          0 kB
CommitLimit:     2172840 kB
Committed_AS:   95438556 kB
VmallocTotal:   251658176 kB
VmallocUsed:      138508 kB
VmallocChunk:   251405356 kB
Time pass: 29 sec

---2015-12-08 15:44:45
MemTotal:        2905316 kB
MemFree:           81568 kB
Buffers:           26448 kB
Cached:          1252732 kB
SwapCached:            0 kB
Active:          1276380 kB
Inactive:         893204 kB
Active(anon):     738692 kB
Inactive(anon):   181740 kB
Active(file):     537688 kB
Inactive(file):   711464 kB
Unevictable:        7484 kB
Mlocked:               0 kB
SwapTotal:        720184 kB
SwapFree:         720184 kB
Dirty:                 4 kB
Writeback:             0 kB
AnonPages:        898084 kB
Mapped:           601132 kB
Shmem:             22488 kB
Slab:             115500 kB
SReclaimable:      36544 kB
SUnreclaim:        78956 kB
KernelStack:       33152 kB
PageTables:        57576 kB
NFS_Unstable:          0 kB
Bounce:                0 kB
WritebackTmp:          0 kB
CommitLimit:     2172840 kB
Committed_AS:   95465192 kB
VmallocTotal:   251658176 kB
VmallocUsed:      138508 kB
VmallocChunk:   251405356 kB
Time pass: 33 sec

---2015-12-08 15:44:45
MemTotal:        2905316 kB
MemFree:           81196 kB
Buffers:           26456 kB
Cached:          1252748 kB
SwapCached:            0 kB
Active:          1276872 kB
Inactive:         893256 kB
Active(anon):     739176 kB
Inactive(anon):   181740 kB
Active(file):     537696 kB
Inactive(file):   711516 kB
Unevictable:        7484 kB
Mlocked:               0 kB
SwapTotal:        720184 kB
SwapFree:         720184 kB
Dirty:                92 kB
Writeback:             0 kB
AnonPages:        898384 kB
Mapped:           601200 kB
Shmem:             22488 kB
Slab:             115460 kB
SReclaimable:      36544 kB
SUnreclaim:        78916 kB
KernelStack:       33136 kB
PageTables:        57580 kB
NFS_Unstable:          0 kB
Bounce:                0 kB
WritebackTmp:          0 kB
CommitLimit:     2172840 kB
Committed_AS:   95465056 kB
VmallocTotal:   251658176 kB
VmallocUsed:      138508 kB
VmallocChunk:   251405356 kB
Time pass: 37 sec

---2015-12-08 15:44:45
MemTotal:        2905316 kB
MemFree:           79852 kB
Buffers:           28000 kB
Cached:          1252744 kB
SwapCached:            0 kB
Active:          1276920 kB
Inactive:         894736 kB
Active(anon):     739212 kB
Inactive(anon):   181740 kB
Active(file):     537708 kB
Inactive(file):   712996 kB
Unevictable:        7484 kB
Mlocked:               0 kB
SwapTotal:        720184 kB
SwapFree:         720184 kB
Dirty:                 8 kB
Writeback:             0 kB
AnonPages:        898468 kB
Mapped:           601208 kB
Shmem:             22488 kB
Slab:             115504 kB
SReclaimable:      36544 kB
SUnreclaim:        78960 kB
KernelStack:       33104 kB
PageTables:        57576 kB
NFS_Unstable:          0 kB
Bounce:                0 kB
WritebackTmp:          0 kB
CommitLimit:     2172840 kB
Committed_AS:   95465020 kB
VmallocTotal:   251658176 kB
VmallocUsed:      138508 kB
VmallocChunk:   251405356 kB
Time pass: 40 sec

---2015-12-08 15:44:45
MemTotal:        2905316 kB
MemFree:           68032 kB
Buffers:           27120 kB
Cached:          1216972 kB
SwapCached:            0 kB
Active:          1288600 kB
Inactive:         861924 kB
Active(anon):     748792 kB
Inactive(anon):   187632 kB
Active(file):     539808 kB
Inactive(file):   674292 kB
Unevictable:        7484 kB
Mlocked:               0 kB
SwapTotal:        720184 kB
SwapFree:         720184 kB
Dirty:               284 kB
Writeback:             0 kB
AnonPages:        913956 kB
Mapped:           612712 kB
Shmem:             22492 kB
Slab:             115664 kB
SReclaimable:      36576 kB
SUnreclaim:        79088 kB
KernelStack:       33152 kB
PageTables:        57944 kB
NFS_Unstable:          0 kB
Bounce:                0 kB
WritebackTmp:          0 kB
CommitLimit:     2172840 kB
Committed_AS:   95494352 kB
VmallocTotal:   251658176 kB
VmallocUsed:      138764 kB
VmallocChunk:   251405356 kB
Time pass: 44 sec

---2015-12-08 15:44:45
MemTotal:        2905316 kB
MemFree:           76372 kB
Buffers:           27040 kB
Cached:          1196668 kB
SwapCached:            0 kB
Active:          1294204 kB
Inactive:         838440 kB
Active(anon):     750260 kB
Inactive(anon):   188656 kB
Active(file):     543944 kB
Inactive(file):   649784 kB
Unevictable:        7484 kB
Mlocked:               0 kB
SwapTotal:        720184 kB
SwapFree:         720184 kB
Dirty:               356 kB
Writeback:             0 kB
AnonPages:        916500 kB
Mapped:           618156 kB
Shmem:             22492 kB
Slab:             115660 kB
SReclaimable:      36576 kB
SUnreclaim:        79084 kB
KernelStack:       33136 kB
PageTables:        57996 kB
NFS_Unstable:          0 kB
Bounce:                0 kB
WritebackTmp:          0 kB
CommitLimit:     2172840 kB
Committed_AS:   95506040 kB
VmallocTotal:   251658176 kB
VmallocUsed:      138812 kB
VmallocChunk:   251405356 kB
Time pass: 48 sec

---2015-12-08 15:44:45
MemTotal:        2905316 kB
MemFree:           68616 kB
Buffers:           26128 kB
Cached:          1161924 kB
SwapCached:            0 kB
Active:          1325108 kB
Inactive:         800192 kB
Active(anon):     773696 kB
Inactive(anon):   193660 kB
Active(file):     551412 kB
Inactive(file):   606532 kB
Unevictable:        7484 kB
Mlocked:               0 kB
SwapTotal:        720184 kB
SwapFree:         720184 kB
Dirty:              1864 kB
Writeback:             0 kB
AnonPages:        944820 kB
Mapped:           643860 kB
Shmem:             22632 kB
Slab:             115816 kB
SReclaimable:      36420 kB
SUnreclaim:        79396 kB
KernelStack:       33328 kB
PageTables:        57948 kB
NFS_Unstable:          0 kB
Bounce:                0 kB
WritebackTmp:          0 kB
CommitLimit:     2172840 kB
Committed_AS:   95524696 kB
VmallocTotal:   251658176 kB
VmallocUsed:      138948 kB
VmallocChunk:   251405356 kB
Time pass: 51 sec

---2015-12-08 15:44:45
MemTotal:        2905316 kB
MemFree:           71340 kB
Buffers:           26008 kB
Cached:          1153320 kB
SwapCached:            0 kB
Active:          1311232 kB
Inactive:         791340 kB
Active(anon):     759448 kB
Inactive(anon):   193912 kB
Active(file):     551784 kB
Inactive(file):   597428 kB
Unevictable:        7484 kB
Mlocked:               0 kB
SwapTotal:        720184 kB
SwapFree:         720184 kB
Dirty:               604 kB
Writeback:             0 kB
AnonPages:        930836 kB
Mapped:           664304 kB
Shmem:             22632 kB
Slab:             115804 kB
SReclaimable:      36444 kB
SUnreclaim:        79360 kB
KernelStack:       33328 kB
PageTables:        58020 kB
NFS_Unstable:          0 kB
Bounce:                0 kB
WritebackTmp:          0 kB
CommitLimit:     2172840 kB
Committed_AS:   95513396 kB
VmallocTotal:   251658176 kB
VmallocUsed:      139124 kB
VmallocChunk:   251405356 kB
Time pass: 55 sec

---2015-12-08 15:44:45
MemTotal:        2905316 kB
MemFree:           70564 kB
Buffers:           26016 kB
Cached:          1153324 kB
SwapCached:            0 kB
Active:          1312840 kB
Inactive:         791344 kB
Active(anon):     761056 kB
Inactive(anon):   193904 kB
Active(file):     551784 kB
Inactive(file):   597440 kB
Unevictable:        7484 kB
Mlocked:               0 kB
SwapTotal:        720184 kB
SwapFree:         720184 kB
Dirty:                60 kB
Writeback:             0 kB
AnonPages:        932224 kB
Mapped:           664364 kB
Shmem:             22632 kB
Slab:             115660 kB
SReclaimable:      36460 kB
SUnreclaim:        79200 kB
KernelStack:       33376 kB
PageTables:        58040 kB
NFS_Unstable:          0 kB
Bounce:                0 kB
WritebackTmp:          0 kB
CommitLimit:     2172840 kB
Committed_AS:   95509280 kB
VmallocTotal:   251658176 kB
VmallocUsed:      139124 kB
VmallocChunk:   251405356 kB
Time pass: 59 sec

---2015-12-08 15:44:45
MemTotal:        2905316 kB
MemFree:           73148 kB
Buffers:           25884 kB
Cached:          1135600 kB
SwapCached:            0 kB
Active:          1315316 kB
Inactive:         771928 kB
Active(anon):     762112 kB
Inactive(anon):   193556 kB
Active(file):     553204 kB
Inactive(file):   578372 kB
Unevictable:        7484 kB
Mlocked:               0 kB
SwapTotal:        720184 kB
SwapFree:         720184 kB
Dirty:               224 kB
Writeback:             0 kB
AnonPages:        933428 kB
Mapped:           673408 kB
Shmem:             22284 kB
Slab:             115172 kB
SReclaimable:      36540 kB
SUnreclaim:        78632 kB
KernelStack:       33136 kB
PageTables:        57260 kB
NFS_Unstable:          0 kB
Bounce:                0 kB
WritebackTmp:          0 kB
CommitLimit:     2172840 kB
Committed_AS:   94166468 kB
VmallocTotal:   251658176 kB
VmallocUsed:      138228 kB
VmallocChunk:   251405356 kB
Time pass: 62 sec

---2015-12-08 15:44:45
MemTotal:        2905316 kB
MemFree:           75708 kB
Buffers:           25892 kB
Cached:          1135480 kB
SwapCached:            0 kB
Active:          1312808 kB
Inactive:         771860 kB
Active(anon):     759516 kB
Inactive(anon):   193556 kB
Active(file):     553292 kB
Inactive(file):   578304 kB
Unevictable:        7484 kB
Mlocked:               0 kB
SwapTotal:        720184 kB
SwapFree:         720184 kB
Dirty:               140 kB
Writeback:             0 kB
AnonPages:        930812 kB
Mapped:           673340 kB
Shmem:             22284 kB
Slab:             115180 kB
SReclaimable:      36540 kB
SUnreclaim:        78640 kB
KernelStack:       33104 kB
PageTables:        57256 kB
NFS_Unstable:          0 kB
Bounce:                0 kB
WritebackTmp:          0 kB
CommitLimit:     2172840 kB
Committed_AS:   94166444 kB
VmallocTotal:   251658176 kB
VmallocUsed:      138228 kB
VmallocChunk:   251405356 kB
Time pass: 66 sec

---2015-12-08 15:44:45
MemTotal:        2905316 kB
MemFree:           70032 kB
Buffers:           25908 kB
Cached:          1135844 kB
SwapCached:            0 kB
Active:          1319328 kB
Inactive:         771944 kB
Active(anon):     765676 kB
Inactive(anon):   193556 kB
Active(file):     553652 kB
Inactive(file):   578388 kB
Unevictable:        7484 kB
Mlocked:               0 kB
SwapTotal:        720184 kB
SwapFree:         720184 kB
Dirty:               308 kB
Writeback:             0 kB
AnonPages:        937124 kB
Mapped:           673584 kB
Shmem:             22284 kB
Slab:             115208 kB
SReclaimable:      36540 kB
SUnreclaim:        78668 kB
KernelStack:       33136 kB
PageTables:        57260 kB
NFS_Unstable:          0 kB
Bounce:                0 kB
WritebackTmp:          0 kB
CommitLimit:     2172840 kB
Committed_AS:   94168240 kB
VmallocTotal:   251658176 kB
VmallocUsed:      138228 kB
VmallocChunk:   251405356 kB
Time pass: 70 sec

---2015-12-08 15:44:45
MemTotal:        2905316 kB
MemFree:           78672 kB
Buffers:           25756 kB
Cached:          1107932 kB
SwapCached:            0 kB
Active:          1315132 kB
Inactive:         742620 kB
Active(anon):     765204 kB
Inactive(anon):   193188 kB
Active(file):     549928 kB
Inactive(file):   549432 kB
Unevictable:       12420 kB
Mlocked:               0 kB
SwapTotal:        720184 kB
SwapFree:         720156 kB
Dirty:                48 kB
Writeback:             0 kB
AnonPages:        936540 kB
Mapped:           682692 kB
Shmem:             21904 kB
Slab:             115216 kB
SReclaimable:      36492 kB
SUnreclaim:        78724 kB
KernelStack:       33120 kB
PageTables:        57168 kB
NFS_Unstable:          0 kB
Bounce:                0 kB
WritebackTmp:          0 kB
CommitLimit:     2172840 kB
Committed_AS:   94177844 kB
VmallocTotal:   251658176 kB
VmallocUsed:      138404 kB
VmallocChunk:   251405356 kB
Time pass: 73 sec

---2015-12-08 15:44:45
MemTotal:        2905316 kB
MemFree:           72696 kB
Buffers:           25796 kB
Cached:          1105720 kB
SwapCached:            0 kB
Active:          1320192 kB
Inactive:         743476 kB
Active(anon):     772420 kB
Inactive(anon):   194140 kB
Active(file):     547772 kB
Inactive(file):   549336 kB
Unevictable:       12448 kB
Mlocked:               0 kB
SwapTotal:        720184 kB
SwapFree:         720156 kB
Dirty:               516 kB
Writeback:             0 kB
AnonPages:        945080 kB
Mapped:           686440 kB
Shmem:             21972 kB
Slab:             115372 kB
SReclaimable:      36480 kB
SUnreclaim:        78892 kB
KernelStack:       33456 kB
PageTables:        57292 kB
NFS_Unstable:          0 kB
Bounce:                0 kB
WritebackTmp:          0 kB
CommitLimit:     2172840 kB
Committed_AS:   94227540 kB
VmallocTotal:   251658176 kB
VmallocUsed:      140852 kB
VmallocChunk:   251405356 kB
Time pass: 77 sec

---2015-12-08 15:44:45
MemTotal:        2905316 kB
MemFree:           69516 kB
Buffers:           25796 kB
Cached:          1106296 kB
SwapCached:            0 kB
Active:          1321940 kB
Inactive:         743952 kB
Active(anon):     774096 kB
Inactive(anon):   194232 kB
Active(file):     547844 kB
Inactive(file):   549720 kB
Unevictable:       12448 kB
Mlocked:               0 kB
SwapTotal:        720184 kB
SwapFree:         720156 kB
Dirty:                28 kB
Writeback:             0 kB
AnonPages:        946372 kB
Mapped:           687020 kB
Shmem:             22080 kB
Slab:             115320 kB
SReclaimable:      36544 kB
SUnreclaim:        78776 kB
KernelStack:       33488 kB
PageTables:        57440 kB
NFS_Unstable:          0 kB
Bounce:                0 kB
WritebackTmp:          0 kB
CommitLimit:     2172840 kB
Committed_AS:   94229488 kB
VmallocTotal:   251658176 kB
VmallocUsed:      140852 kB
VmallocChunk:   251405356 kB
Time pass: 81 sec

---2015-12-08 15:44:45
MemTotal:        2905316 kB
MemFree:           69252 kB
Buffers:           25576 kB
Cached:          1070344 kB
SwapCached:            0 kB
Active:          1307764 kB
Inactive:         724980 kB
Active(anon):     777368 kB
Inactive(anon):   194316 kB
Active(file):     530396 kB
Inactive(file):   530664 kB
Unevictable:       12448 kB
Mlocked:               0 kB
SwapTotal:        720184 kB
SwapFree:         720156 kB
Dirty:               184 kB
Writeback:             0 kB
AnonPages:        949280 kB
Mapped:           686172 kB
Shmem:             22236 kB
Slab:             115196 kB
SReclaimable:      36384 kB
SUnreclaim:        78812 kB
KernelStack:       33456 kB
PageTables:        57640 kB
NFS_Unstable:          0 kB
Bounce:                0 kB
WritebackTmp:          0 kB
CommitLimit:     2172840 kB
Committed_AS:   94232044 kB
VmallocTotal:   251658176 kB
VmallocUsed:      140852 kB
VmallocChunk:   251405356 kB
Time pass: 85 sec

---2015-12-08 15:44:45
MemTotal:        2905316 kB
MemFree:           68796 kB
Buffers:           25576 kB
Cached:          1070272 kB
SwapCached:            0 kB
Active:          1308648 kB
Inactive:         724952 kB
Active(anon):     778264 kB
Inactive(anon):   194180 kB
Active(file):     530384 kB
Inactive(file):   530772 kB
Unevictable:       12452 kB
Mlocked:               0 kB
SwapTotal:        720184 kB
SwapFree:         720156 kB
Dirty:               200 kB
Writeback:             0 kB
AnonPages:        949916 kB
Mapped:           686156 kB
Shmem:             22240 kB
Slab:             115048 kB
SReclaimable:      36240 kB
SUnreclaim:        78808 kB
KernelStack:       33488 kB
PageTables:        57632 kB
NFS_Unstable:          0 kB
Bounce:                0 kB
WritebackTmp:          0 kB
CommitLimit:     2172840 kB
Committed_AS:   94233056 kB
VmallocTotal:   251658176 kB
VmallocUsed:      140852 kB
VmallocChunk:   251405356 kB
Time pass: 89 sec

---2015-12-08 15:44:45
MemTotal:        2905316 kB
MemFree:           67508 kB
Buffers:           25608 kB
Cached:          1070620 kB
SwapCached:            0 kB
Active:          1309188 kB
Inactive:         725272 kB
Active(anon):     778768 kB
Inactive(anon):   194472 kB
Active(file):     530420 kB
Inactive(file):   530800 kB
Unevictable:       12452 kB
Mlocked:               0 kB
SwapTotal:        720184 kB
SwapFree:         720156 kB
Dirty:               148 kB
Writeback:             0 kB
AnonPages:        950604 kB
Mapped:           686456 kB
Shmem:             22532 kB
Slab:             115064 kB
SReclaimable:      36256 kB
SUnreclaim:        78808 kB
KernelStack:       33488 kB
PageTables:        57680 kB
NFS_Unstable:          0 kB
Bounce:                0 kB
WritebackTmp:          0 kB
CommitLimit:     2172840 kB
Committed_AS:   94259656 kB
VmallocTotal:   251658176 kB
VmallocUsed:      140852 kB
VmallocChunk:   251405356 kB
Time pass: 92 sec

---2015-12-08 15:44:45
MemTotal:        2905316 kB
MemFree:           67148 kB
Buffers:           25608 kB
Cached:          1070648 kB
SwapCached:            0 kB
Active:          1309324 kB
Inactive:         725292 kB
Active(anon):     778876 kB
Inactive(anon):   194472 kB
Active(file):     530448 kB
Inactive(file):   530820 kB
Unevictable:       12452 kB
Mlocked:               0 kB
SwapTotal:        720184 kB
SwapFree:         720156 kB
Dirty:                36 kB
Writeback:             0 kB
AnonPages:        950808 kB
Mapped:           686400 kB
Shmem:             22532 kB
Slab:             115048 kB
SReclaimable:      36256 kB
SUnreclaim:        78792 kB
KernelStack:       33472 kB
PageTables:        57652 kB
NFS_Unstable:          0 kB
Bounce:                0 kB
WritebackTmp:          0 kB
CommitLimit:     2172840 kB
Committed_AS:   94259704 kB
VmallocTotal:   251658176 kB
VmallocUsed:      140852 kB
VmallocChunk:   251405356 kB
Time pass: 96 sec

---2015-12-08 15:44:45
MemTotal:        2905316 kB
MemFree:           65252 kB
Buffers:           25632 kB
Cached:          1070740 kB
SwapCached:            0 kB
Active:          1311920 kB
Inactive:         725364 kB
Active(anon):     781440 kB
Inactive(anon):   194472 kB
Active(file):     530480 kB
Inactive(file):   530892 kB
Unevictable:       12452 kB
Mlocked:               0 kB
SwapTotal:        720184 kB
SwapFree:         720156 kB
Dirty:                80 kB
Writeback:             8 kB
AnonPages:        953708 kB
Mapped:           686656 kB
Shmem:             22544 kB
Slab:             115060 kB
SReclaimable:      36256 kB
SUnreclaim:        78804 kB
KernelStack:       33504 kB
PageTables:        57668 kB
NFS_Unstable:          0 kB
Bounce:                0 kB
WritebackTmp:          0 kB
CommitLimit:     2172840 kB
Committed_AS:   94263248 kB
VmallocTotal:   251658176 kB
VmallocUsed:      140852 kB
VmallocChunk:   251405356 kB
Time pass: 100 sec

---2015-12-08 15:44:45
MemTotal:        2905316 kB
MemFree:          353644 kB
Buffers:           25556 kB
Cached:          1064888 kB
SwapCached:            0 kB
Active:          1215804 kB
Inactive:         722556 kB
Active(anon):     687312 kB
Inactive(anon):   195584 kB
Active(file):     528492 kB
Inactive(file):   526972 kB
Unevictable:       12452 kB
Mlocked:               0 kB
SwapTotal:        720184 kB
SwapFree:         720156 kB
Dirty:               348 kB
Writeback:             0 kB
AnonPages:        860488 kB
Mapped:           501892 kB
Shmem:             22288 kB
Slab:             115140 kB
SReclaimable:      36268 kB
SUnreclaim:        78872 kB
KernelStack:       32832 kB
PageTables:        55040 kB
NFS_Unstable:          0 kB
Bounce:                0 kB
WritebackTmp:          0 kB
CommitLimit:     2172840 kB
Committed_AS:   92631056 kB
VmallocTotal:   251658176 kB
VmallocUsed:      137216 kB
VmallocChunk:   251405356 kB
Time pass: 103 sec

---2015-12-08 15:44:45
MemTotal:        2905316 kB
MemFree:          279044 kB
Buffers:           25604 kB
Cached:          1066296 kB
SwapCached:            0 kB
Active:          1253776 kB
Inactive:         721788 kB
Active(anon):     723036 kB
Inactive(anon):   195432 kB
Active(file):     530740 kB
Inactive(file):   526356 kB
Unevictable:       12452 kB
Mlocked:               0 kB
SwapTotal:        720184 kB
SwapFree:         720156 kB
Dirty:              1516 kB
Writeback:             0 kB
AnonPages:        896264 kB
Mapped:           545420 kB
Shmem:             22348 kB
Slab:             115000 kB
SReclaimable:      36320 kB
SUnreclaim:        78680 kB
KernelStack:       32848 kB
PageTables:        56044 kB
NFS_Unstable:          0 kB
Bounce:                0 kB
WritebackTmp:          0 kB
CommitLimit:     2172840 kB
Committed_AS:   93444208 kB
VmallocTotal:   251658176 kB
VmallocUsed:      138592 kB
VmallocChunk:   251405356 kB
Time pass: 107 sec

---2015-12-08 15:44:45
MemTotal:        2905316 kB
MemFree:          236032 kB
Buffers:           26276 kB
Cached:          1067364 kB
SwapCached:            0 kB
Active:          1257640 kB
Inactive:         723308 kB
Active(anon):     726756 kB
Inactive(anon):   195432 kB
Active(file):     530884 kB
Inactive(file):   527876 kB
Unevictable:       12452 kB
Mlocked:               0 kB
SwapTotal:        720184 kB
SwapFree:         720156 kB
Dirty:              1072 kB
Writeback:             0 kB
AnonPages:        899960 kB
Mapped:           584756 kB
Shmem:             22352 kB
Slab:             115012 kB
SReclaimable:      36320 kB
SUnreclaim:        78692 kB
KernelStack:       32880 kB
PageTables:        56324 kB
NFS_Unstable:          0 kB
Bounce:                0 kB
WritebackTmp:          0 kB
CommitLimit:     2172840 kB
Committed_AS:   93466964 kB
VmallocTotal:   251658176 kB
VmallocUsed:      138920 kB
VmallocChunk:   251405356 kB
Time pass: 111 sec

---2015-12-08 15:44:45
MemTotal:        2905316 kB
MemFree:          157008 kB
Buffers:           26284 kB
Cached:          1068468 kB
SwapCached:            0 kB
Active:          1264984 kB
Inactive:         723184 kB
Active(anon):     732792 kB
Inactive(anon):   195428 kB
Active(file):     532192 kB
Inactive(file):   527756 kB
Unevictable:       12452 kB
Mlocked:               0 kB
SwapTotal:        720184 kB
SwapFree:         720156 kB
Dirty:               684 kB
Writeback:            16 kB
AnonPages:        906504 kB
Mapped:           636100 kB
Shmem:             22352 kB
Slab:             115008 kB
SReclaimable:      36320 kB
SUnreclaim:        78688 kB
KernelStack:       32864 kB
PageTables:        56436 kB
NFS_Unstable:          0 kB
Bounce:                0 kB
WritebackTmp:          0 kB
CommitLimit:     2172840 kB
Committed_AS:   93471080 kB
VmallocTotal:   251658176 kB
VmallocUsed:      139456 kB
VmallocChunk:   251405356 kB
Time pass: 114 sec

---2015-12-08 15:44:45
MemTotal:        2905316 kB
MemFree:          137688 kB
Buffers:           26288 kB
Cached:          1068524 kB
SwapCached:            0 kB
Active:          1267528 kB
Inactive:         723140 kB
Active(anon):     735180 kB
Inactive(anon):   195428 kB
Active(file):     532348 kB
Inactive(file):   527712 kB
Unevictable:       12452 kB
Mlocked:               0 kB
SwapTotal:        720184 kB
SwapFree:         720156 kB
Dirty:               176 kB
Writeback:             0 kB
AnonPages:        908348 kB
Mapped:           646924 kB
Shmem:             22352 kB
Slab:             115024 kB
SReclaimable:      36336 kB
SUnreclaim:        78688 kB
KernelStack:       32880 kB
PageTables:        56488 kB
NFS_Unstable:          0 kB
Bounce:                0 kB
WritebackTmp:          0 kB
CommitLimit:     2172840 kB
Committed_AS:   93472288 kB
VmallocTotal:   251658176 kB
VmallocUsed:      137164 kB
VmallocChunk:   251405356 kB
Time pass: 118 sec

---2015-12-08 15:44:45
MemTotal:        2905316 kB
MemFree:          137532 kB
Buffers:           26296 kB
Cached:          1068592 kB
SwapCached:            0 kB
Active:          1268056 kB
Inactive:         723184 kB
Active(anon):     735692 kB
Inactive(anon):   195488 kB
Active(file):     532364 kB
Inactive(file):   527696 kB
Unevictable:       12452 kB
Mlocked:               0 kB
SwapTotal:        720184 kB
SwapFree:         720156 kB
Dirty:               116 kB
Writeback:             0 kB
AnonPages:        908780 kB
Mapped:           647028 kB
Shmem:             22412 kB
Slab:             114992 kB
SReclaimable:      36336 kB
SUnreclaim:        78656 kB
KernelStack:       32864 kB
PageTables:        56528 kB
NFS_Unstable:          0 kB
Bounce:                0 kB
WritebackTmp:          0 kB
CommitLimit:     2172840 kB
Committed_AS:   93498888 kB
VmallocTotal:   251658176 kB
VmallocUsed:      137164 kB
VmallocChunk:   251405356 kB
Time pass: 122 sec

---2015-12-08 15:44:45
MemTotal:        2905316 kB
MemFree:          107764 kB
Buffers:           26304 kB
Cached:          1068760 kB
SwapCached:            0 kB
Active:          1274004 kB
Inactive:         723192 kB
Active(anon):     741520 kB
Inactive(anon):   195488 kB
Active(file):     532484 kB
Inactive(file):   527704 kB
Unevictable:       12452 kB
Mlocked:               0 kB
SwapTotal:        720184 kB
SwapFree:         720156 kB
Dirty:               636 kB
Writeback:             0 kB
AnonPages:        914696 kB
Mapped:           660424 kB
Shmem:             22412 kB
Slab:             115012 kB
SReclaimable:      36336 kB
SUnreclaim:        78676 kB
KernelStack:       32848 kB
PageTables:        56524 kB
NFS_Unstable:          0 kB
Bounce:                0 kB
WritebackTmp:          0 kB
CommitLimit:     2172840 kB
Committed_AS:   93502400 kB
VmallocTotal:   251658176 kB
VmallocUsed:      137348 kB
VmallocChunk:   251405356 kB
Time pass: 126 sec

---2015-12-08 15:44:45
MemTotal:        2905316 kB
MemFree:          107308 kB
Buffers:           26312 kB
Cached:          1068768 kB
SwapCached:            0 kB
Active:          1274080 kB
Inactive:         723196 kB
Active(anon):     741584 kB
Inactive(anon):   195488 kB
Active(file):     532496 kB
Inactive(file):   527708 kB
Unevictable:       12452 kB
Mlocked:               0 kB
SwapTotal:        720184 kB
SwapFree:         720156 kB
Dirty:                88 kB
Writeback:             0 kB
AnonPages:        914812 kB
Mapped:           660376 kB
Shmem:             22412 kB
Slab:             115052 kB
SReclaimable:      36336 kB
SUnreclaim:        78716 kB
KernelStack:       32880 kB
PageTables:        56504 kB
NFS_Unstable:          0 kB
Bounce:                0 kB
WritebackTmp:          0 kB
CommitLimit:     2172840 kB
Committed_AS:   93502452 kB
VmallocTotal:   251658176 kB
VmallocUsed:      137348 kB
VmallocChunk:   251405356 kB
Time pass: 130 sec

---2015-12-08 15:44:45
MemTotal:        2905316 kB
MemFree:          107124 kB
Buffers:           26312 kB
Cached:          1068776 kB
SwapCached:            0 kB
Active:          1273784 kB
Inactive:         723208 kB
Active(anon):     741284 kB
Inactive(anon):   195488 kB
Active(file):     532500 kB
Inactive(file):   527720 kB
Unevictable:       12452 kB
Mlocked:               0 kB
SwapTotal:        720184 kB
SwapFree:         720156 kB
Dirty:                92 kB
Writeback:             0 kB
AnonPages:        914400 kB
Mapped:           660444 kB
Shmem:             22412 kB
Slab:             115048 kB
SReclaimable:      36336 kB
SUnreclaim:        78712 kB
KernelStack:       32864 kB
PageTables:        56528 kB
NFS_Unstable:          0 kB
Bounce:                0 kB
WritebackTmp:          0 kB
CommitLimit:     2172840 kB
Committed_AS:   93502452 kB
VmallocTotal:   251658176 kB
VmallocUsed:      137348 kB
VmallocChunk:   251405356 kB
Time pass: 134 sec

---2015-12-08 15:44:45
MemTotal:        2905316 kB
MemFree:           91960 kB
Buffers:           26336 kB
Cached:          1068792 kB
SwapCached:            0 kB
Active:          1280832 kB
Inactive:         723216 kB
Active(anon):     748296 kB
Inactive(anon):   195488 kB
Active(file):     532536 kB
Inactive(file):   527728 kB
Unevictable:       12452 kB
Mlocked:               0 kB
SwapTotal:        720184 kB
SwapFree:         720156 kB
Dirty:                72 kB
Writeback:             0 kB
AnonPages:        921736 kB
Mapped:           663560 kB
Shmem:             22412 kB
Slab:             115056 kB
SReclaimable:      36336 kB
SUnreclaim:        78720 kB
KernelStack:       33024 kB
PageTables:        56572 kB
NFS_Unstable:          0 kB
Bounce:                0 kB
WritebackTmp:          0 kB
CommitLimit:     2172840 kB
Committed_AS:   93509604 kB
VmallocTotal:   251658176 kB
VmallocUsed:      137372 kB
VmallocChunk:   251405356 kB
Time pass: 137 sec

---2015-12-08 15:44:45
MemTotal:        2905316 kB
MemFree:           91308 kB
Buffers:           26352 kB
Cached:          1069116 kB
SwapCached:            0 kB
Active:          1287804 kB
Inactive:         722512 kB
Active(anon):     754228 kB
Inactive(anon):   195688 kB
Active(file):     533576 kB
Inactive(file):   526824 kB
Unevictable:       12452 kB
Mlocked:               0 kB
SwapTotal:        720184 kB
SwapFree:         720156 kB
Dirty:               132 kB
Writeback:             0 kB
AnonPages:        927428 kB
Mapped:           664604 kB
Shmem:             22616 kB
Slab:             115144 kB
SReclaimable:      36352 kB
SUnreclaim:        78792 kB
KernelStack:       33232 kB
PageTables:        56780 kB
NFS_Unstable:          0 kB
Bounce:                0 kB
WritebackTmp:          0 kB
CommitLimit:     2172840 kB
Committed_AS:   93538396 kB
VmallocTotal:   251658176 kB
VmallocUsed:      139796 kB
VmallocChunk:   251405356 kB
Time pass: 141 sec

---2015-12-08 15:44:45
MemTotal:        2905316 kB
MemFree:           87868 kB
Buffers:           26360 kB
Cached:          1069268 kB
SwapCached:            0 kB
Active:          1288292 kB
Inactive:         722656 kB
Active(anon):     754712 kB
Inactive(anon):   195824 kB
Active(file):     533580 kB
Inactive(file):   526832 kB
Unevictable:       12452 kB
Mlocked:               0 kB
SwapTotal:        720184 kB
SwapFree:         720156 kB
Dirty:                56 kB
Writeback:             0 kB
AnonPages:        927928 kB
Mapped:           664760 kB
Shmem:             22764 kB
Slab:             115136 kB
SReclaimable:      36352 kB
SUnreclaim:        78784 kB
KernelStack:       33200 kB
PageTables:        56932 kB
NFS_Unstable:          0 kB
Bounce:                0 kB
WritebackTmp:          0 kB
CommitLimit:     2172840 kB
Committed_AS:   93538884 kB
VmallocTotal:   251658176 kB
VmallocUsed:      139796 kB
VmallocChunk:   251405356 kB
Time pass: 145 sec

---2015-12-08 15:44:45
MemTotal:        2905316 kB
MemFree:           87172 kB
Buffers:           26360 kB
Cached:          1069344 kB
SwapCached:            0 kB
Active:          1289480 kB
Inactive:         722740 kB
Active(anon):     755896 kB
Inactive(anon):   195908 kB
Active(file):     533584 kB
Inactive(file):   526832 kB
Unevictable:       12452 kB
Mlocked:               0 kB
SwapTotal:        720184 kB
SwapFree:         720156 kB
Dirty:                64 kB
Writeback:             0 kB
AnonPages:        928972 kB
Mapped:           664836 kB
Shmem:             22836 kB
Slab:             115140 kB
SReclaimable:      36352 kB
SUnreclaim:        78788 kB
KernelStack:       33200 kB
PageTables:        56932 kB
NFS_Unstable:          0 kB
Bounce:                0 kB
WritebackTmp:          0 kB
CommitLimit:     2172840 kB
Committed_AS:   93539920 kB
VmallocTotal:   251658176 kB
VmallocUsed:      139796 kB
VmallocChunk:   251405356 kB
Time pass: 149 sec

---2015-12-08 15:44:45
MemTotal:        2905316 kB
MemFree:           82080 kB
Buffers:           26376 kB
Cached:          1069648 kB
SwapCached:            0 kB
Active:          1295152 kB
Inactive:         723052 kB
Active(anon):     761560 kB
Inactive(anon):   196200 kB
Active(file):     533592 kB
Inactive(file):   526852 kB
Unevictable:       12452 kB
Mlocked:               0 kB
SwapTotal:        720184 kB
SwapFree:         720156 kB
Dirty:                48 kB
Writeback:             0 kB
AnonPages:        934816 kB
Mapped:           665848 kB
Shmem:             23128 kB
Slab:             115144 kB
SReclaimable:      36352 kB
SUnreclaim:        78792 kB
KernelStack:       33280 kB
PageTables:        57020 kB
NFS_Unstable:          0 kB
Bounce:                0 kB
WritebackTmp:          0 kB
CommitLimit:     2172840 kB
Committed_AS:   93582472 kB
VmallocTotal:   251658176 kB
VmallocUsed:      139796 kB
VmallocChunk:   251405356 kB
Time pass: 152 sec

---2015-12-08 15:44:45
MemTotal:        2905316 kB
MemFree:           79332 kB
Buffers:           26400 kB
Cached:          1069272 kB
SwapCached:            0 kB
Active:          1298536 kB
Inactive:         722476 kB
Active(anon):     764720 kB
Inactive(anon):   195700 kB
Active(file):     533816 kB
Inactive(file):   526776 kB
Unevictable:       12452 kB
Mlocked:               0 kB
SwapTotal:        720184 kB
SwapFree:         720156 kB
Dirty:               136 kB
Writeback:             0 kB
AnonPages:        937944 kB
Mapped:           666180 kB
Shmem:             22628 kB
Slab:             115320 kB
SReclaimable:      36368 kB
SUnreclaim:        78952 kB
KernelStack:       33216 kB
PageTables:        56856 kB
NFS_Unstable:          0 kB
Bounce:                0 kB
WritebackTmp:          0 kB
CommitLimit:     2172840 kB
Committed_AS:   93582928 kB
VmallocTotal:   251658176 kB
VmallocUsed:      139796 kB
VmallocChunk:   251405356 kB
Time pass: 156 sec

---2015-12-08 15:44:45
MemTotal:        2905316 kB
MemFree:           75352 kB
Buffers:           26432 kB
Cached:          1069436 kB
SwapCached:            0 kB
Active:          1301984 kB
Inactive:         722608 kB
Active(anon):     768108 kB
Inactive(anon):   195748 kB
Active(file):     533876 kB
Inactive(file):   526860 kB
Unevictable:       12452 kB
Mlocked:               0 kB
SwapTotal:        720184 kB
SwapFree:         720156 kB
Dirty:                 8 kB
Writeback:             0 kB
AnonPages:        941152 kB
Mapped:           666348 kB
Shmem:             22680 kB
Slab:             115188 kB
SReclaimable:      36368 kB
SUnreclaim:        78820 kB
KernelStack:       33200 kB
PageTables:        56920 kB
NFS_Unstable:          0 kB
Bounce:                0 kB
WritebackTmp:          0 kB
CommitLimit:     2172840 kB
Committed_AS:   93583188 kB
VmallocTotal:   251658176 kB
VmallocUsed:      139796 kB
VmallocChunk:   251405356 kB
Time pass: 160 sec

---2015-12-08 15:44:45
MemTotal:        2905316 kB
MemFree:           74008 kB
Buffers:           26440 kB
Cached:          1069468 kB
SwapCached:            0 kB
Active:          1302568 kB
Inactive:         722636 kB
Active(anon):     768676 kB
Inactive(anon):   195776 kB
Active(file):     533892 kB
Inactive(file):   526860 kB
Unevictable:       12452 kB
Mlocked:               0 kB
SwapTotal:        720184 kB
SwapFree:         720156 kB
Dirty:                24 kB
Writeback:             0 kB
AnonPages:        941864 kB
Mapped:           666368 kB
Shmem:             22704 kB
Slab:             115188 kB
SReclaimable:      36368 kB
SUnreclaim:        78820 kB
KernelStack:       33200 kB
PageTables:        56916 kB
NFS_Unstable:          0 kB
Bounce:                0 kB
WritebackTmp:          0 kB
CommitLimit:     2172840 kB
Committed_AS:   93583088 kB
VmallocTotal:   251658176 kB
VmallocUsed:      139796 kB
VmallocChunk:   251405356 kB
Time pass: 164 sec

---2015-12-08 15:44:45
MemTotal:        2905316 kB
MemFree:           73220 kB
Buffers:           26440 kB
Cached:          1069568 kB
SwapCached:            0 kB
Active:          1303512 kB
Inactive:         722712 kB
Active(anon):     769612 kB
Inactive(anon):   195820 kB
Active(file):     533900 kB
Inactive(file):   526892 kB
Unevictable:       12452 kB
Mlocked:               0 kB
SwapTotal:        720184 kB
SwapFree:         720156 kB
Dirty:               120 kB
Writeback:             0 kB
AnonPages:        942700 kB
Mapped:           666508 kB
Shmem:             22764 kB
Slab:             115184 kB
SReclaimable:      36368 kB
SUnreclaim:        78816 kB
KernelStack:       33232 kB
PageTables:        56944 kB
NFS_Unstable:          0 kB
Bounce:                0 kB
WritebackTmp:          0 kB
CommitLimit:     2172840 kB
Committed_AS:   93583120 kB
VmallocTotal:   251658176 kB
VmallocUsed:      139796 kB
VmallocChunk:   251405356 kB
Time pass: 168 sec

---2015-12-08 15:44:45
MemTotal:        2905316 kB
MemFree:           70332 kB
Buffers:           26448 kB
Cached:          1069604 kB
SwapCached:            0 kB
Active:          1305856 kB
Inactive:         722756 kB
Active(anon):     771940 kB
Inactive(anon):   195856 kB
Active(file):     533916 kB
Inactive(file):   526900 kB
Unevictable:       12452 kB
Mlocked:               0 kB
SwapTotal:        720184 kB
SwapFree:         720156 kB
Dirty:                28 kB
Writeback:             0 kB
AnonPages:        945096 kB
Mapped:           667132 kB
Shmem:             22784 kB
Slab:             115212 kB
SReclaimable:      36368 kB
SUnreclaim:        78844 kB
KernelStack:       33312 kB
PageTables:        57420 kB
NFS_Unstable:          0 kB
Bounce:                0 kB
WritebackTmp:          0 kB
CommitLimit:     2172840 kB
Committed_AS:   94311228 kB
VmallocTotal:   251658176 kB
VmallocUsed:      140816 kB
VmallocChunk:   251405356 kB
Time pass: 171 sec

---2015-12-08 15:44:45
MemTotal:        2905316 kB
MemFree:           80376 kB
Buffers:           26456 kB
Cached:          1069312 kB
SwapCached:            0 kB
Active:          1296604 kB
Inactive:         722452 kB
Active(anon):     762676 kB
Inactive(anon):   195548 kB
Active(file):     533928 kB
Inactive(file):   526904 kB
Unevictable:       12452 kB
Mlocked:               0 kB
SwapTotal:        720184 kB
SwapFree:         720156 kB
Dirty:                36 kB
Writeback:             0 kB
AnonPages:        935804 kB
Mapped:           666732 kB
Shmem:             22472 kB
Slab:             115184 kB
SReclaimable:      36368 kB
SUnreclaim:        78816 kB
KernelStack:       32944 kB
PageTables:        57256 kB
NFS_Unstable:          0 kB
Bounce:                0 kB
WritebackTmp:          0 kB
CommitLimit:     2172840 kB
Committed_AS:   94282872 kB
VmallocTotal:   251658176 kB
VmallocUsed:      140816 kB
VmallocChunk:   251405356 kB
Time pass: 175 sec

---2015-12-08 15:44:45
MemTotal:        2905316 kB
MemFree:           81072 kB
Buffers:           26456 kB
Cached:          1069316 kB
SwapCached:            0 kB
Active:          1296736 kB
Inactive:         722452 kB
Active(anon):     762796 kB
Inactive(anon):   195548 kB
Active(file):     533940 kB
Inactive(file):   526904 kB
Unevictable:       12452 kB
Mlocked:               0 kB
SwapTotal:        720184 kB
SwapFree:         720156 kB
Dirty:                44 kB
Writeback:             0 kB
AnonPages:        935864 kB
Mapped:           666736 kB
Shmem:             22472 kB
Slab:             115204 kB
SReclaimable:      36368 kB
SUnreclaim:        78836 kB
KernelStack:       32912 kB
PageTables:        57256 kB
NFS_Unstable:          0 kB
Bounce:                0 kB
WritebackTmp:          0 kB
CommitLimit:     2172840 kB
Committed_AS:   94282860 kB
VmallocTotal:   251658176 kB
VmallocUsed:      140784 kB
VmallocChunk:   251405356 kB
Time pass: 179 sec

---2015-12-08 15:44:45
MemTotal:        2905316 kB
MemFree:           80584 kB
Buffers:           26464 kB
Cached:          1069376 kB
SwapCached:            0 kB
Active:          1297060 kB
Inactive:         722520 kB
Active(anon):     763116 kB
Inactive(anon):   195608 kB
Active(file):     533944 kB
Inactive(file):   526912 kB
Unevictable:       12452 kB
Mlocked:               0 kB
SwapTotal:        720184 kB
SwapFree:         720156 kB
Dirty:                36 kB
Writeback:             0 kB
AnonPages:        936324 kB
Mapped:           666800 kB
Shmem:             22532 kB
Slab:             115168 kB
SReclaimable:      36368 kB
SUnreclaim:        78800 kB
KernelStack:       32912 kB
PageTables:        57304 kB
NFS_Unstable:          0 kB
Bounce:                0 kB
WritebackTmp:          0 kB
CommitLimit:     2172840 kB
Committed_AS:   94309484 kB
VmallocTotal:   251658176 kB
VmallocUsed:      140784 kB
VmallocChunk:   251405356 kB
Time pass: 183 sec

---2015-12-08 15:44:45
MemTotal:        2905316 kB
MemFree:           79968 kB
Buffers:           26472 kB
Cached:          1069384 kB
SwapCached:            0 kB
Active:          1297860 kB
Inactive:         722524 kB
Active(anon):     763912 kB
Inactive(anon):   195608 kB
Active(file):     533948 kB
Inactive(file):   526916 kB
Unevictable:       12452 kB
Mlocked:               0 kB
SwapTotal:        720184 kB
SwapFree:         720156 kB
Dirty:                20 kB
Writeback:             0 kB
AnonPages:        936920 kB
Mapped:           666808 kB
Shmem:             22532 kB
Slab:             115168 kB
SReclaimable:      36368 kB
SUnreclaim:        78800 kB
KernelStack:       32992 kB
PageTables:        57308 kB
NFS_Unstable:          0 kB
Bounce:                0 kB
WritebackTmp:          0 kB
CommitLimit:     2172840 kB
Committed_AS:   94309572 kB
VmallocTotal:   251658176 kB
VmallocUsed:      140784 kB
VmallocChunk:   251405356 kB
Time pass: 187 sec

---2015-12-08 15:44:45
MemTotal:        2905316 kB
MemFree:           66200 kB
Buffers:           26520 kB
Cached:          1069640 kB
SwapCached:            0 kB
Active:          1310344 kB
Inactive:         722768 kB
Active(anon):     776344 kB
Inactive(anon):   195752 kB
Active(file):     534000 kB
Inactive(file):   527016 kB
Unevictable:       12452 kB
Mlocked:               0 kB
SwapTotal:        720184 kB
SwapFree:         720156 kB
Dirty:                28 kB
Writeback:             0 kB
AnonPages:        949276 kB
Mapped:           667152 kB
Shmem:             22692 kB
Slab:             115172 kB
SReclaimable:      36368 kB
SUnreclaim:        78804 kB
KernelStack:       33408 kB
PageTables:        57456 kB
NFS_Unstable:          0 kB
Bounce:                0 kB
WritebackTmp:          0 kB
CommitLimit:     2172840 kB
Committed_AS:   94342752 kB
VmallocTotal:   251658176 kB
VmallocUsed:      140816 kB
VmallocChunk:   251405356 kB
Time pass: 190 sec

---2015-12-08 15:44:45
MemTotal:        2905316 kB
MemFree:           73604 kB
Buffers:           26512 kB
Cached:          1062620 kB
SwapCached:            0 kB
Active:          1304680 kB
Inactive:         722472 kB
Active(anon):     777712 kB
Inactive(anon):   195480 kB
Active(file):     526968 kB
Inactive(file):   526992 kB
Unevictable:       12452 kB
Mlocked:               0 kB
SwapTotal:        720184 kB
SwapFree:         720156 kB
Dirty:               132 kB
Writeback:             0 kB
AnonPages:        950768 kB
Mapped:           666460 kB
Shmem:             22720 kB
Slab:             115104 kB
SReclaimable:      36288 kB
SUnreclaim:        78816 kB
KernelStack:       33376 kB
PageTables:        57456 kB
NFS_Unstable:          0 kB
Bounce:                0 kB
WritebackTmp:          0 kB
CommitLimit:     2172840 kB
Committed_AS:   94342628 kB
VmallocTotal:   251658176 kB
VmallocUsed:      140816 kB
VmallocChunk:   251405356 kB
Time pass: 194 sec

---2015-12-08 15:44:45
MemTotal:        2905316 kB
MemFree:           71936 kB
Buffers:           26528 kB
Cached:          1062712 kB
SwapCached:            0 kB
Active:          1305808 kB
Inactive:         722552 kB
Active(anon):     778812 kB
Inactive(anon):   195512 kB
Active(file):     526996 kB
Inactive(file):   527040 kB
Unevictable:       12452 kB
Mlocked:               0 kB
SwapTotal:        720184 kB
SwapFree:         720156 kB
Dirty:               104 kB
Writeback:             0 kB
AnonPages:        951620 kB
Mapped:           666700 kB
Shmem:             22752 kB
Slab:             115104 kB
SReclaimable:      36288 kB
SUnreclaim:        78816 kB
KernelStack:       33424 kB
PageTables:        57484 kB
NFS_Unstable:          0 kB
Bounce:                0 kB
WritebackTmp:          0 kB
CommitLimit:     2172840 kB
Committed_AS:   94342644 kB
VmallocTotal:   251658176 kB
VmallocUsed:      140816 kB
VmallocChunk:   251405356 kB
Time pass: 198 sec

---2015-12-08 15:44:45
MemTotal:        2905316 kB
MemFree:           72060 kB
Buffers:           26528 kB
Cached:          1062720 kB
SwapCached:            0 kB
Active:          1305412 kB
Inactive:         722552 kB
Active(anon):     778408 kB
Inactive(anon):   195512 kB
Active(file):     527004 kB
Inactive(file):   527040 kB
Unevictable:       12452 kB
Mlocked:               0 kB
SwapTotal:        720184 kB
SwapFree:         720156 kB
Dirty:                20 kB
Writeback:             0 kB
AnonPages:        951204 kB
Mapped:           666784 kB
Shmem:             22752 kB
Slab:             115132 kB
SReclaimable:      36288 kB
SUnreclaim:        78844 kB
KernelStack:       33376 kB
PageTables:        57480 kB
NFS_Unstable:          0 kB
Bounce:                0 kB
WritebackTmp:          0 kB
CommitLimit:     2172840 kB
Committed_AS:   94342632 kB
VmallocTotal:   251658176 kB
VmallocUsed:      140816 kB
VmallocChunk:   251405356 kB
Time pass: 202 sec

---2015-12-08 15:44:45
MemTotal:        2905316 kB
MemFree:           71080 kB
Buffers:           26536 kB
Cached:          1062764 kB
SwapCached:            0 kB
Active:          1306452 kB
Inactive:         722596 kB
Active(anon):     779440 kB
Inactive(anon):   195512 kB
Active(file):     527012 kB
Inactive(file):   527084 kB
Unevictable:       12452 kB
Mlocked:               0 kB
SwapTotal:        720184 kB
SwapFree:         720156 kB
Dirty:                 8 kB
Writeback:             0 kB
AnonPages:        952296 kB
Mapped:           666796 kB
Shmem:             22752 kB
Slab:             115256 kB
SReclaimable:      36288 kB
SUnreclaim:        78968 kB
KernelStack:       33376 kB
PageTables:        57480 kB
NFS_Unstable:          0 kB
Bounce:                0 kB
WritebackTmp:          0 kB
CommitLimit:     2172840 kB
Committed_AS:   94342580 kB
VmallocTotal:   251658176 kB
VmallocUsed:      140816 kB
VmallocChunk:   251405356 kB
Time pass: 205 sec

---2015-12-08 15:44:45
MemTotal:        2905316 kB
MemFree:           71008 kB
Buffers:           26544 kB
Cached:          1062772 kB
SwapCached:            0 kB
Active:          1306480 kB
Inactive:         722608 kB
Active(anon):     779464 kB
Inactive(anon):   195512 kB
Active(file):     527016 kB
Inactive(file):   527096 kB
Unevictable:       12452 kB
Mlocked:               0 kB
SwapTotal:        720184 kB
SwapFree:         720156 kB
Dirty:                44 kB
Writeback:             0 kB
AnonPages:        952352 kB
Mapped:           666744 kB
Shmem:             22752 kB
Slab:             115116 kB
SReclaimable:      36288 kB
SUnreclaim:        78828 kB
KernelStack:       33376 kB
PageTables:        57452 kB
NFS_Unstable:          0 kB
Bounce:                0 kB
WritebackTmp:          0 kB
CommitLimit:     2172840 kB
Committed_AS:   94342656 kB
VmallocTotal:   251658176 kB
VmallocUsed:      140816 kB
VmallocChunk:   251405356 kB
Time pass: 209 sec

---2015-12-08 15:44:45
MemTotal:        2905316 kB
MemFree:           70560 kB
Buffers:           26552 kB
Cached:          1062832 kB
SwapCached:            0 kB
Active:          1307448 kB
Inactive:         722660 kB
Active(anon):     780424 kB
Inactive(anon):   195572 kB
Active(file):     527024 kB
Inactive(file):   527088 kB
Unevictable:       12452 kB
Mlocked:               0 kB
SwapTotal:        720184 kB
SwapFree:         720156 kB
Dirty:                44 kB
Writeback:             0 kB
AnonPages:        952988 kB
Mapped:           666820 kB
Shmem:             22812 kB
Slab:             115124 kB
SReclaimable:      36288 kB
SUnreclaim:        78836 kB
KernelStack:       33360 kB
PageTables:        57496 kB
NFS_Unstable:          0 kB
Bounce:                0 kB
WritebackTmp:          0 kB
CommitLimit:     2172840 kB
Committed_AS:   94369268 kB
VmallocTotal:   251658176 kB
VmallocUsed:      140816 kB
VmallocChunk:   251405356 kB
Time pass: 213 sec

---2015-12-08 15:44:45
MemTotal:        2905316 kB
MemFree:           64428 kB
Buffers:           26560 kB
Cached:          1063120 kB
SwapCached:            0 kB
Active:          1309364 kB
Inactive:         722756 kB
Active(anon):     782184 kB
Inactive(anon):   195572 kB
Active(file):     527180 kB
Inactive(file):   527184 kB
Unevictable:       12452 kB
Mlocked:               0 kB
SwapTotal:        720184 kB
SwapFree:         720156 kB
Dirty:                20 kB
Writeback:             0 kB
AnonPages:        954964 kB
Mapped:           666908 kB
Shmem:             22812 kB
Slab:             118828 kB
SReclaimable:      39576 kB
SUnreclaim:        79252 kB
KernelStack:       33392 kB
PageTables:        57592 kB
NFS_Unstable:          0 kB
Bounce:                0 kB
WritebackTmp:          0 kB
CommitLimit:     2172840 kB
Committed_AS:   94380848 kB
VmallocTotal:   251658176 kB
VmallocUsed:      141836 kB
VmallocChunk:   251405356 kB
Time pass: 217 sec

---2015-12-08 15:44:45
MemTotal:        2905316 kB
MemFree:           66152 kB
Buffers:           26572 kB
Cached:          1063220 kB
SwapCached:            0 kB
Active:          1307596 kB
Inactive:         722900 kB
Active(anon):     780396 kB
Inactive(anon):   195572 kB
Active(file):     527200 kB
Inactive(file):   527328 kB
Unevictable:       12452 kB
Mlocked:               0 kB
SwapTotal:        720184 kB
SwapFree:         720156 kB
Dirty:                 0 kB
Writeback:             0 kB
AnonPages:        953204 kB
Mapped:           666928 kB
Shmem:             22812 kB
Slab:             119296 kB
SReclaimable:      39992 kB
SUnreclaim:        79304 kB
KernelStack:       33392 kB
PageTables:        57544 kB
NFS_Unstable:          0 kB
Bounce:                0 kB
WritebackTmp:          0 kB
CommitLimit:     2172840 kB
Committed_AS:   94369280 kB
VmallocTotal:   251658176 kB
VmallocUsed:      140816 kB
VmallocChunk:   251405356 kB
Time pass: 220 sec

---2015-12-08 15:44:45
MemTotal:        2905316 kB
MemFree:           68400 kB
Buffers:           26588 kB
Cached:          1063052 kB
SwapCached:            0 kB
Active:          1305632 kB
Inactive:         722804 kB
Active(anon):     778416 kB
Inactive(anon):   195432 kB
Active(file):     527216 kB
Inactive(file):   527372 kB
Unevictable:       12452 kB
Mlocked:               0 kB
SwapTotal:        720184 kB
SwapFree:         720156 kB
Dirty:               120 kB
Writeback:             0 kB
AnonPages:        951188 kB
Mapped:           666500 kB
Shmem:             22600 kB
Slab:             119136 kB
SReclaimable:      39996 kB
SUnreclaim:        79140 kB
KernelStack:       33376 kB
PageTables:        57516 kB
NFS_Unstable:          0 kB
Bounce:                0 kB
WritebackTmp:          0 kB
CommitLimit:     2172840 kB
Committed_AS:   94347408 kB
VmallocTotal:   251658176 kB
VmallocUsed:      140816 kB
VmallocChunk:   251405356 kB
Time pass: 224 sec

---2015-12-08 15:44:45
MemTotal:        2905316 kB
MemFree:           69628 kB
Buffers:           26632 kB
Cached:          1059612 kB
SwapCached:            0 kB
Active:          1309364 kB
Inactive:         721636 kB
Active(anon):     783940 kB
Inactive(anon):   196088 kB
Active(file):     525424 kB
Inactive(file):   525548 kB
Unevictable:       12452 kB
Mlocked:               0 kB
SwapTotal:        720184 kB
SwapFree:         720156 kB
Dirty:                36 kB
Writeback:             0 kB
AnonPages:        957172 kB
Mapped:           665692 kB
Shmem:             22820 kB
Slab:             115340 kB
SReclaimable:      36452 kB
SUnreclaim:        78888 kB
KernelStack:       33360 kB
PageTables:        57572 kB
NFS_Unstable:          0 kB
Bounce:                0 kB
WritebackTmp:          0 kB
CommitLimit:     2172840 kB
Committed_AS:   94375984 kB
VmallocTotal:   251658176 kB
VmallocUsed:      140816 kB
VmallocChunk:   251405356 kB
Time pass: 228 sec

---2015-12-08 15:44:45
MemTotal:        2905316 kB
MemFree:           69008 kB
Buffers:           26648 kB
Cached:          1059636 kB
SwapCached:            0 kB
Active:          1309732 kB
Inactive:         721668 kB
Active(anon):     784300 kB
Inactive(anon):   196116 kB
Active(file):     525432 kB
Inactive(file):   525552 kB
Unevictable:       12452 kB
Mlocked:               0 kB
SwapTotal:        720184 kB
SwapFree:         720156 kB
Dirty:                44 kB
Writeback:             0 kB
AnonPages:        957524 kB
Mapped:           665724 kB
Shmem:             22848 kB
Slab:             115416 kB
SReclaimable:      36532 kB
SUnreclaim:        78884 kB
KernelStack:       33408 kB
PageTables:        57572 kB
NFS_Unstable:          0 kB
Bounce:                0 kB
WritebackTmp:          0 kB
CommitLimit:     2172840 kB
Committed_AS:   94376056 kB
VmallocTotal:   251658176 kB
VmallocUsed:      140816 kB
VmallocChunk:   251405356 kB
Time pass: 232 sec

---2015-12-08 15:44:45
MemTotal:        2905316 kB
MemFree:           68464 kB
Buffers:           26648 kB
Cached:          1059656 kB
SwapCached:            0 kB
Active:          1310132 kB
Inactive:         721680 kB
Active(anon):     784692 kB
Inactive(anon):   196120 kB
Active(file):     525440 kB
Inactive(file):   525560 kB
Unevictable:       12452 kB
Mlocked:               0 kB
SwapTotal:        720184 kB
SwapFree:         720156 kB
Dirty:                80 kB
Writeback:             0 kB
AnonPages:        957924 kB
Mapped:           665816 kB
Shmem:             22852 kB
Slab:             115420 kB
SReclaimable:      36532 kB
SUnreclaim:        78888 kB
KernelStack:       33408 kB
PageTables:        57616 kB
NFS_Unstable:          0 kB
Bounce:                0 kB
WritebackTmp:          0 kB
CommitLimit:     2172840 kB
Committed_AS:   94376056 kB
VmallocTotal:   251658176 kB
VmallocUsed:      140816 kB
VmallocChunk:   251405356 kB
Time pass: 235 sec

---2015-12-08 15:44:45
MemTotal:        2905316 kB
MemFree:           68144 kB
Buffers:           26656 kB
Cached:          1059676 kB
SwapCached:            0 kB
Active:          1310624 kB
Inactive:         721708 kB
Active(anon):     785184 kB
Inactive(anon):   196140 kB
Active(file):     525440 kB
Inactive(file):   525568 kB
Unevictable:       12452 kB
Mlocked:               0 kB
SwapTotal:        720184 kB
SwapFree:         720156 kB
Dirty:                24 kB
Writeback:             0 kB
AnonPages:        958340 kB
Mapped:           665820 kB
Shmem:             22872 kB
Slab:             115424 kB
SReclaimable:      36532 kB
SUnreclaim:        78892 kB
KernelStack:       33408 kB
PageTables:        57596 kB
NFS_Unstable:          0 kB
Bounce:                0 kB
WritebackTmp:          0 kB
CommitLimit:     2172840 kB
Committed_AS:   94376044 kB
VmallocTotal:   251658176 kB
VmallocUsed:      140816 kB
VmallocChunk:   251405356 kB
Time pass: 239 sec

---2015-12-08 15:44:45
MemTotal:        2905316 kB
MemFree:           67372 kB
Buffers:           26664 kB
Cached:          1059744 kB
SwapCached:            0 kB
Active:          1311804 kB
Inactive:         721776 kB
Active(anon):     786356 kB
Inactive(anon):   196200 kB
Active(file):     525448 kB
Inactive(file):   525576 kB
Unevictable:       12452 kB
Mlocked:               0 kB
SwapTotal:        720184 kB
SwapFree:         720156 kB
Dirty:                32 kB
Writeback:             0 kB
AnonPages:        959500 kB
Mapped:           665836 kB
Shmem:             22932 kB
Slab:             115412 kB
SReclaimable:      36532 kB
SUnreclaim:        78880 kB
KernelStack:       33408 kB
PageTables:        57624 kB
NFS_Unstable:          0 kB
Bounce:                0 kB
WritebackTmp:          0 kB
CommitLimit:     2172840 kB
Committed_AS:   94402668 kB
VmallocTotal:   251658176 kB
VmallocUsed:      140816 kB
VmallocChunk:   251405356 kB
Time pass: 243 sec

---2015-12-08 15:44:45
MemTotal:        2905316 kB
MemFree:           66344 kB
Buffers:           26664 kB
Cached:          1060028 kB
SwapCached:            0 kB
Active:          1311516 kB
Inactive:         722056 kB
Active(anon):     786064 kB
Inactive(anon):   196480 kB
Active(file):     525452 kB
Inactive(file):   525576 kB
Unevictable:       12452 kB
Mlocked:               0 kB
SwapTotal:        720184 kB
SwapFree:         720156 kB
Dirty:                 4 kB
Writeback:             0 kB
AnonPages:        959512 kB
Mapped:           666132 kB
Shmem:             23212 kB
Slab:             115420 kB
SReclaimable:      36532 kB
SUnreclaim:        78888 kB
KernelStack:       33360 kB
PageTables:        57644 kB
NFS_Unstable:          0 kB
Bounce:                0 kB
WritebackTmp:          0 kB
CommitLimit:     2172840 kB
Committed_AS:   94402504 kB
VmallocTotal:   251658176 kB
VmallocUsed:      140816 kB
VmallocChunk:   251405356 kB
Time pass: 247 sec

---2015-12-08 15:44:45
MemTotal:        2905316 kB
MemFree:           66268 kB
Buffers:           26672 kB
Cached:          1060300 kB
SwapCached:            0 kB
Active:          1311640 kB
Inactive:         722332 kB
Active(anon):     786184 kB
Inactive(anon):   196744 kB
Active(file):     525456 kB
Inactive(file):   525588 kB
Unevictable:       12452 kB
Mlocked:               0 kB
SwapTotal:        720184 kB
SwapFree:         720156 kB
Dirty:                36 kB
Writeback:             0 kB
AnonPages:        959324 kB
Mapped:           666452 kB
Shmem:             23476 kB
Slab:             115408 kB
SReclaimable:      36532 kB
SUnreclaim:        78876 kB
KernelStack:       33360 kB
PageTables:        57656 kB
NFS_Unstable:          0 kB
Bounce:                0 kB
WritebackTmp:          0 kB
CommitLimit:     2172840 kB
Committed_AS:   94402584 kB
VmallocTotal:   251658176 kB
VmallocUsed:      140816 kB
VmallocChunk:   251405356 kB
Time pass: 251 sec

---2015-12-08 15:44:45
MemTotal:        2905316 kB
MemFree:           67424 kB
Buffers:           26696 kB
Cached:          1052936 kB
SwapCached:            0 kB
Active:          1315208 kB
Inactive:         719772 kB
Active(anon):     793420 kB
Inactive(anon):   197196 kB
Active(file):     521788 kB
Inactive(file):   522576 kB
Unevictable:       12452 kB
Mlocked:               0 kB
SwapTotal:        720184 kB
SwapFree:         720156 kB
Dirty:               164 kB
Writeback:             0 kB
AnonPages:        967452 kB
Mapped:           664620 kB
Shmem:             22816 kB
Slab:             115220 kB
SReclaimable:      36356 kB
SUnreclaim:        78864 kB
KernelStack:       33360 kB
PageTables:        57632 kB
NFS_Unstable:          0 kB
Bounce:                0 kB
WritebackTmp:          0 kB
CommitLimit:     2172840 kB
Committed_AS:   94385188 kB
VmallocTotal:   251658176 kB
VmallocUsed:      140816 kB
VmallocChunk:   251405356 kB
Time pass: 254 sec

---2015-12-08 15:44:45
MemTotal:        2905316 kB
MemFree:           73944 kB
Buffers:           26720 kB
Cached:          1053104 kB
SwapCached:            0 kB
Active:          1308176 kB
Inactive:         719816 kB
Active(anon):     786332 kB
Inactive(anon):   197096 kB
Active(file):     521844 kB
Inactive(file):   522720 kB
Unevictable:       12452 kB
Mlocked:               0 kB
SwapTotal:        720184 kB
SwapFree:         720156 kB
Dirty:                 4 kB
Writeback:             0 kB
AnonPages:        960596 kB
Mapped:           664876 kB
Shmem:             22808 kB
Slab:             115224 kB
SReclaimable:      36356 kB
SUnreclaim:        78868 kB
KernelStack:       33296 kB
PageTables:        57588 kB
NFS_Unstable:          0 kB
Bounce:                0 kB
WritebackTmp:          0 kB
CommitLimit:     2172840 kB
Committed_AS:   94411584 kB
VmallocTotal:   251658176 kB
VmallocUsed:      140816 kB
VmallocChunk:   251405356 kB
Time pass: 258 sec

---2015-12-08 15:44:45
MemTotal:        2905316 kB
MemFree:           72440 kB
Buffers:           26736 kB
Cached:          1053212 kB
SwapCached:            0 kB
Active:          1309916 kB
Inactive:         719652 kB
Active(anon):     787808 kB
Inactive(anon):   197104 kB
Active(file):     522108 kB
Inactive(file):   522548 kB
Unevictable:       12452 kB
Mlocked:               0 kB
SwapTotal:        720184 kB
SwapFree:         720156 kB
Dirty:               148 kB
Writeback:             0 kB
AnonPages:        962304 kB
Mapped:           666008 kB
Shmem:             22816 kB
Slab:             115232 kB
SReclaimable:      36356 kB
SUnreclaim:        78876 kB
KernelStack:       33424 kB
PageTables:        57652 kB
NFS_Unstable:          0 kB
Bounce:                0 kB
WritebackTmp:          0 kB
CommitLimit:     2172840 kB
Committed_AS:   94935840 kB
VmallocTotal:   251658176 kB
VmallocUsed:      140816 kB
VmallocChunk:   251405356 kB
Time pass: 262 sec

---2015-12-08 15:44:45
MemTotal:        2905316 kB
MemFree:           76548 kB
Buffers:           26736 kB
Cached:          1053356 kB
SwapCached:            0 kB
Active:          1305556 kB
Inactive:         719800 kB
Active(anon):     783428 kB
Inactive(anon):   197112 kB
Active(file):     522128 kB
Inactive(file):   522688 kB
Unevictable:       12452 kB
Mlocked:               0 kB
SwapTotal:        720184 kB
SwapFree:         720156 kB
Dirty:               148 kB
Writeback:             0 kB
AnonPages:        957780 kB
Mapped:           665964 kB
Shmem:             22824 kB
Slab:             115248 kB
SReclaimable:      36356 kB
SUnreclaim:        78892 kB
KernelStack:       33232 kB
PageTables:        57560 kB
NFS_Unstable:          0 kB
Bounce:                0 kB
WritebackTmp:          0 kB
CommitLimit:     2172840 kB
Committed_AS:   94935928 kB
VmallocTotal:   251658176 kB
VmallocUsed:      140816 kB
VmallocChunk:   251405356 kB
Time pass: 266 sec

---2015-12-08 15:44:45
MemTotal:        2905316 kB
MemFree:           75552 kB
Buffers:           26760 kB
Cached:          1053344 kB
SwapCached:            0 kB
Active:          1306536 kB
Inactive:         719812 kB
Active(anon):     784408 kB
Inactive(anon):   197116 kB
Active(file):     522128 kB
Inactive(file):   522696 kB
Unevictable:       12452 kB
Mlocked:               0 kB
SwapTotal:        720184 kB
SwapFree:         720156 kB
Dirty:                 4 kB
Writeback:             0 kB
AnonPages:        958432 kB
Mapped:           666032 kB
Shmem:             22828 kB
Slab:             115216 kB
SReclaimable:      36356 kB
SUnreclaim:        78860 kB
KernelStack:       33264 kB
PageTables:        57628 kB
NFS_Unstable:          0 kB
Bounce:                0 kB
WritebackTmp:          0 kB
CommitLimit:     2172840 kB
Committed_AS:   94936336 kB
VmallocTotal:   251658176 kB
VmallocUsed:      140816 kB
VmallocChunk:   251405356 kB
Time pass: 270 sec

---2015-12-08 15:44:45
MemTotal:        2905316 kB
MemFree:           73764 kB
Buffers:           26760 kB
Cached:          1053452 kB
SwapCached:            0 kB
Active:          1308288 kB
Inactive:         719908 kB
Active(anon):     786144 kB
Inactive(anon):   197180 kB
Active(file):     522144 kB
Inactive(file):   522728 kB
Unevictable:       12452 kB
Mlocked:               0 kB
SwapTotal:        720184 kB
SwapFree:         720156 kB
Dirty:                 4 kB
Writeback:             0 kB
AnonPages:        960700 kB
Mapped:           666044 kB
Shmem:             22888 kB
Slab:             115272 kB
SReclaimable:      36356 kB
SUnreclaim:        78916 kB
KernelStack:       33264 kB
PageTables:        57660 kB
NFS_Unstable:          0 kB
Bounce:                0 kB
WritebackTmp:          0 kB
CommitLimit:     2172840 kB
Committed_AS:   94963192 kB
VmallocTotal:   251658176 kB
VmallocUsed:      140816 kB
VmallocChunk:   251405356 kB
Time pass: 273 sec

---2015-12-08 15:44:45
MemTotal:        2905316 kB
MemFree:           73480 kB
Buffers:           26768 kB
Cached:          1053464 kB
SwapCached:            0 kB
Active:          1308592 kB
Inactive:         719920 kB
Active(anon):     786440 kB
Inactive(anon):   197180 kB
Active(file):     522152 kB
Inactive(file):   522740 kB
Unevictable:       12452 kB
Mlocked:               0 kB
SwapTotal:        720184 kB
SwapFree:         720156 kB
Dirty:                76 kB
Writeback:             0 kB
AnonPages:        960828 kB
Mapped:           666056 kB
Shmem:             22888 kB
Slab:             115236 kB
SReclaimable:      36356 kB
SUnreclaim:        78880 kB
KernelStack:       33264 kB
PageTables:        57656 kB
NFS_Unstable:          0 kB
Bounce:                0 kB
WritebackTmp:          0 kB
CommitLimit:     2172840 kB
Committed_AS:   94963180 kB
VmallocTotal:   251658176 kB
VmallocUsed:      140816 kB
VmallocChunk:   251405356 kB
Time pass: 277 sec

---2015-12-08 15:44:45
MemTotal:        2905316 kB
MemFree:           73000 kB
Buffers:           26776 kB
Cached:          1053496 kB
SwapCached:            0 kB
Active:          1309276 kB
Inactive:         719948 kB
Active(anon):     787116 kB
Inactive(anon):   197180 kB
Active(file):     522160 kB
Inactive(file):   522768 kB
Unevictable:       12452 kB
Mlocked:               0 kB
SwapTotal:        720184 kB
SwapFree:         720156 kB
Dirty:                52 kB
Writeback:             0 kB
AnonPages:        961440 kB
Mapped:           666076 kB
Shmem:             22888 kB
Slab:             115224 kB
SReclaimable:      36340 kB
SUnreclaim:        78884 kB
KernelStack:       33248 kB
PageTables:        57636 kB
NFS_Unstable:          0 kB
Bounce:                0 kB
WritebackTmp:          0 kB
CommitLimit:     2172840 kB
Committed_AS:   94963192 kB
VmallocTotal:   251658176 kB
VmallocUsed:      140816 kB
VmallocChunk:   251405356 kB
Time pass: 281 sec

---2015-12-08 15:44:45
MemTotal:        2905316 kB
MemFree:           71920 kB
Buffers:           26792 kB
Cached:          1053532 kB
SwapCached:            0 kB
Active:          1310416 kB
Inactive:         719984 kB
Active(anon):     788236 kB
Inactive(anon):   197180 kB
Active(file):     522180 kB
Inactive(file):   522804 kB
Unevictable:       12452 kB
Mlocked:               0 kB
SwapTotal:        720184 kB
SwapFree:         720156 kB
Dirty:                16 kB
Writeback:             0 kB
AnonPages:        962360 kB
Mapped:           666080 kB
Shmem:             22888 kB
Slab:             115220 kB
SReclaimable:      36340 kB
SUnreclaim:        78880 kB
KernelStack:       33280 kB
PageTables:        57656 kB
NFS_Unstable:          0 kB
Bounce:                0 kB
WritebackTmp:          0 kB
CommitLimit:     2172840 kB
Committed_AS:   94963316 kB
VmallocTotal:   251658176 kB
VmallocUsed:      140816 kB
VmallocChunk:   251405356 kB
Time pass: 285 sec

---2015-12-08 15:44:45
MemTotal:        2905316 kB
MemFree:           70552 kB
Buffers:           26800 kB
Cached:          1053564 kB
SwapCached:            0 kB
Active:          1311016 kB
Inactive:         720020 kB
Active(anon):     788832 kB
Inactive(anon):   197208 kB
Active(file):     522184 kB
Inactive(file):   522812 kB
Unevictable:       12452 kB
Mlocked:               0 kB
SwapTotal:        720184 kB
SwapFree:         720156 kB
Dirty:                56 kB
Writeback:             0 kB
AnonPages:        963084 kB
Mapped:           666108 kB
Shmem:             22916 kB
Slab:             115220 kB
SReclaimable:      36340 kB
SUnreclaim:        78880 kB
KernelStack:       33312 kB
PageTables:        57656 kB
NFS_Unstable:          0 kB
Bounce:                0 kB
WritebackTmp:          0 kB
CommitLimit:     2172840 kB
Committed_AS:   94963288 kB
VmallocTotal:   251658176 kB
VmallocUsed:      140816 kB
VmallocChunk:   251405356 kB
Time pass: 288 sec

---2015-12-08 15:44:45
MemTotal:        2905316 kB
MemFree:           69884 kB
Buffers:           26800 kB
Cached:          1053576 kB
SwapCached:            0 kB
Active:          1311704 kB
Inactive:         720024 kB
Active(anon):     789512 kB
Inactive(anon):   197208 kB
Active(file):     522192 kB
Inactive(file):   522816 kB
Unevictable:       12452 kB
Mlocked:               0 kB
SwapTotal:        720184 kB
SwapFree:         720156 kB
Dirty:                72 kB
Writeback:             0 kB
AnonPages:        963780 kB
Mapped:           666120 kB
Shmem:             22916 kB
Slab:             115240 kB
SReclaimable:      36336 kB
SUnreclaim:        78904 kB
KernelStack:       33280 kB
PageTables:        57652 kB
NFS_Unstable:          0 kB
Bounce:                0 kB
WritebackTmp:          0 kB
CommitLimit:     2172840 kB
Committed_AS:   94963288 kB
VmallocTotal:   251658176 kB
VmallocUsed:      140816 kB
VmallocChunk:   251405356 kB
Time pass: 292 sec

---2015-12-08 15:44:45
MemTotal:        2905316 kB
MemFree:           69608 kB
Buffers:           26824 kB
Cached:          1053616 kB
SwapCached:            0 kB
Active:          1311992 kB
Inactive:         720080 kB
Active(anon):     789792 kB
Inactive(anon):   197212 kB
Active(file):     522200 kB
Inactive(file):   522868 kB
Unevictable:       12452 kB
Mlocked:               0 kB
SwapTotal:        720184 kB
SwapFree:         720156 kB
Dirty:               124 kB
Writeback:             0 kB
AnonPages:        964272 kB
Mapped:           666132 kB
Shmem:             22920 kB
Slab:             115220 kB
SReclaimable:      36336 kB
SUnreclaim:        78884 kB
KernelStack:       33248 kB
PageTables:        57648 kB
NFS_Unstable:          0 kB
Bounce:                0 kB
WritebackTmp:          0 kB
CommitLimit:     2172840 kB
Committed_AS:   94963244 kB
VmallocTotal:   251658176 kB
VmallocUsed:      140816 kB
VmallocChunk:   251405356 kB
Time pass: 296 sec

---2015-12-08 15:44:45
MemTotal:        2905316 kB
MemFree:           68980 kB
Buffers:           26832 kB
Cached:          1053616 kB
SwapCached:            0 kB
Active:          1312456 kB
Inactive:         720084 kB
Active(anon):     790252 kB
Inactive(anon):   197212 kB
Active(file):     522204 kB
Inactive(file):   522872 kB
Unevictable:       12452 kB
Mlocked:               0 kB
SwapTotal:        720184 kB
SwapFree:         720156 kB
Dirty:                60 kB
Writeback:             0 kB
AnonPages:        964524 kB
Mapped:           666136 kB
Shmem:             22920 kB
Slab:             115220 kB
SReclaimable:      36336 kB
SUnreclaim:        78884 kB
KernelStack:       33264 kB
PageTables:        57656 kB
NFS_Unstable:          0 kB
Bounce:                0 kB
WritebackTmp:          0 kB
CommitLimit:     2172840 kB
Committed_AS:   94963288 kB
VmallocTotal:   251658176 kB
VmallocUsed:      140816 kB
VmallocChunk:   251405356 kB
Time pass: 300 sec

---2015-12-08 15:44:45
MemTotal:        2905316 kB
MemFree:           67936 kB
Buffers:           26832 kB
Cached:          1053680 kB
SwapCached:            0 kB
Active:          1313728 kB
Inactive:         720148 kB
Active(anon):     791524 kB
Inactive(anon):   197276 kB
Active(file):     522204 kB
Inactive(file):   522872 kB
Unevictable:       12452 kB
Mlocked:               0 kB
SwapTotal:        720184 kB
SwapFree:         720156 kB
Dirty:                64 kB
Writeback:             0 kB
AnonPages:        965740 kB
Mapped:           666208 kB
Shmem:             22984 kB
Slab:             115376 kB
SReclaimable:      36336 kB
SUnreclaim:        79040 kB
KernelStack:       33248 kB
PageTables:        57708 kB
NFS_Unstable:          0 kB
Bounce:                0 kB
WritebackTmp:          0 kB
CommitLimit:     2172840 kB
Committed_AS:   94989844 kB
VmallocTotal:   251658176 kB
VmallocUsed:      140816 kB
VmallocChunk:   251405356 kB
Time pass: 303 sec

---2015-12-08 15:44:45
MemTotal:        2905316 kB
MemFree:           67188 kB
Buffers:           26856 kB
Cached:          1053716 kB
SwapCached:            0 kB
Active:          1314388 kB
Inactive:         720192 kB
Active(anon):     792168 kB
Inactive(anon):   197276 kB
Active(file):     522220 kB
Inactive(file):   522916 kB
Unevictable:       12452 kB
Mlocked:               0 kB
SwapTotal:        720184 kB
SwapFree:         720156 kB
Dirty:               100 kB
Writeback:             0 kB
AnonPages:        966408 kB
Mapped:           666220 kB
Shmem:             22984 kB
Slab:             115228 kB
SReclaimable:      36336 kB
SUnreclaim:        78892 kB
KernelStack:       33248 kB
PageTables:        57704 kB
NFS_Unstable:          0 kB
Bounce:                0 kB
WritebackTmp:          0 kB
CommitLimit:     2172840 kB
Committed_AS:   94989844 kB
VmallocTotal:   251658176 kB
VmallocUsed:      140816 kB
VmallocChunk:   251405356 kB
Time pass: 307 sec

---2015-12-08 15:44:45
MemTotal:        2905316 kB
MemFree:           66580 kB
Buffers:           26856 kB
Cached:          1053724 kB
SwapCached:            0 kB
Active:          1314800 kB
Inactive:         720192 kB
Active(anon):     792572 kB
Inactive(anon):   197280 kB
Active(file):     522228 kB
Inactive(file):   522912 kB
Unevictable:       12452 kB
Mlocked:               0 kB
SwapTotal:        720184 kB
SwapFree:         720156 kB
Dirty:                 8 kB
Writeback:             0 kB
AnonPages:        966856 kB
Mapped:           666232 kB
Shmem:             22988 kB
Slab:             115224 kB
SReclaimable:      36336 kB
SUnreclaim:        78888 kB
KernelStack:       33216 kB
PageTables:        57700 kB
NFS_Unstable:          0 kB
Bounce:                0 kB
WritebackTmp:          0 kB
CommitLimit:     2172840 kB
Committed_AS:   94989832 kB
VmallocTotal:   251658176 kB
VmallocUsed:      140816 kB
VmallocChunk:   251405356 kB
Time pass: 311 sec

---2015-12-08 15:44:45
MemTotal:        2905316 kB
MemFree:           66836 kB
Buffers:           26864 kB
Cached:          1053728 kB
SwapCached:            0 kB
Active:          1314824 kB
Inactive:         720204 kB
Active(anon):     792596 kB
Inactive(anon):   197284 kB
Active(file):     522228 kB
Inactive(file):   522920 kB
Unevictable:       12452 kB
Mlocked:               0 kB
SwapTotal:        720184 kB
SwapFree:         720156 kB
Dirty:                 4 kB
Writeback:             0 kB
AnonPages:        966812 kB
Mapped:           666240 kB
Shmem:             22992 kB
Slab:             115208 kB
SReclaimable:      36336 kB
SUnreclaim:        78872 kB
KernelStack:       33232 kB
PageTables:        57704 kB
NFS_Unstable:          0 kB
Bounce:                0 kB
WritebackTmp:          0 kB
CommitLimit:     2172840 kB
Committed_AS:   94989804 kB
VmallocTotal:   251658176 kB
VmallocUsed:      140816 kB
VmallocChunk:   251405356 kB
Time pass: 315 sec

---2015-12-08 15:44:45
MemTotal:        2905316 kB
MemFree:           66044 kB
Buffers:           26880 kB
Cached:          1053772 kB
SwapCached:            0 kB
Active:          1315820 kB
Inactive:         720244 kB
Active(anon):     793584 kB
Inactive(anon):   197288 kB
Active(file):     522236 kB
Inactive(file):   522956 kB
Unevictable:       12452 kB
Mlocked:               0 kB
SwapTotal:        720184 kB
SwapFree:         720156 kB
Dirty:                 0 kB
Writeback:            68 kB
AnonPages:        967984 kB
Mapped:           666260 kB
Shmem:             22996 kB
Slab:             115208 kB
SReclaimable:      36336 kB
SUnreclaim:        78872 kB
KernelStack:       33248 kB
PageTables:        57700 kB
NFS_Unstable:          0 kB
Bounce:                0 kB
WritebackTmp:          0 kB
CommitLimit:     2172840 kB
Committed_AS:   94989812 kB
VmallocTotal:   251658176 kB
VmallocUsed:      140816 kB
VmallocChunk:   251405356 kB
Time pass: 318 sec

---2015-12-08 15:44:45
MemTotal:        2905316 kB
MemFree:           64936 kB
Buffers:           26880 kB
Cached:          1053852 kB
SwapCached:            0 kB
Active:          1316556 kB
Inactive:         720308 kB
Active(anon):     794292 kB
Inactive(anon):   197316 kB
Active(file):     522264 kB
Inactive(file):   522992 kB
Unevictable:       12452 kB
Mlocked:               0 kB
SwapTotal:        720184 kB
SwapFree:         720156 kB
Dirty:                60 kB
Writeback:             0 kB
AnonPages:        968668 kB
Mapped:           666344 kB
Shmem:             23024 kB
Slab:             115228 kB
SReclaimable:      36336 kB
SUnreclaim:        78892 kB
KernelStack:       33200 kB
PageTables:        57700 kB
NFS_Unstable:          0 kB
Bounce:                0 kB
WritebackTmp:          0 kB
CommitLimit:     2172840 kB
Committed_AS:   94989772 kB
VmallocTotal:   251658176 kB
VmallocUsed:      140816 kB
VmallocChunk:   251405356 kB
Time pass: 322 sec

---2015-12-08 15:44:45
MemTotal:        2905316 kB
MemFree:           64716 kB
Buffers:           26896 kB
Cached:          1053864 kB
SwapCached:            0 kB
Active:          1316864 kB
Inactive:         720324 kB
Active(anon):     794592 kB
Inactive(anon):   197312 kB
Active(file):     522272 kB
Inactive(file):   523012 kB
Unevictable:       12452 kB
Mlocked:               0 kB
SwapTotal:        720184 kB
SwapFree:         720156 kB
Dirty:                36 kB
Writeback:             0 kB
AnonPages:        969036 kB
Mapped:           666356 kB
Shmem:             23024 kB
Slab:             115352 kB
SReclaimable:      36336 kB
SUnreclaim:        79016 kB
KernelStack:       33168 kB
PageTables:        57704 kB
NFS_Unstable:          0 kB
Bounce:                0 kB
WritebackTmp:          0 kB
CommitLimit:     2172840 kB
Committed_AS:   94989784 kB
VmallocTotal:   251658176 kB
VmallocUsed:      140816 kB
VmallocChunk:   251405356 kB
Time pass: 326 sec

---2015-12-08 15:44:45
MemTotal:        2905316 kB
MemFree:           63904 kB
Buffers:           26920 kB
Cached:          1053860 kB
SwapCached:            0 kB
Active:          1317536 kB
Inactive:         720340 kB
Active(anon):     795260 kB
Inactive(anon):   197312 kB
Active(file):     522276 kB
Inactive(file):   523028 kB
Unevictable:       12452 kB
Mlocked:               0 kB
SwapTotal:        720184 kB
SwapFree:         720156 kB
Dirty:               104 kB
Writeback:             0 kB
AnonPages:        969536 kB
Mapped:           666300 kB
Shmem:             23024 kB
Slab:             115176 kB
SReclaimable:      36304 kB
SUnreclaim:        78872 kB
KernelStack:       33168 kB
PageTables:        57708 kB
NFS_Unstable:          0 kB
Bounce:                0 kB
WritebackTmp:          0 kB
CommitLimit:     2172840 kB
Committed_AS:   94989748 kB
VmallocTotal:   251658176 kB
VmallocUsed:      140816 kB
VmallocChunk:   251405356 kB
Time pass: 330 sec

---2015-12-08 15:44:45
MemTotal:        2905316 kB
MemFree:           67740 kB
Buffers:           26920 kB
Cached:          1050272 kB
SwapCached:            0 kB
Active:          1316316 kB
Inactive:         719796 kB
Active(anon):     795596 kB
Inactive(anon):   198996 kB
Active(file):     520720 kB
Inactive(file):   520800 kB
Unevictable:       12452 kB
Mlocked:               0 kB
SwapTotal:        720184 kB
SwapFree:         720156 kB
Dirty:                 0 kB
Writeback:           220 kB
AnonPages:        971660 kB
Mapped:           663356 kB
Shmem:             23084 kB
Slab:             115172 kB
SReclaimable:      36304 kB
SUnreclaim:        78868 kB
KernelStack:       33200 kB
PageTables:        57752 kB
NFS_Unstable:          0 kB
Bounce:                0 kB
WritebackTmp:          0 kB
CommitLimit:     2172840 kB
Committed_AS:   95016628 kB
VmallocTotal:   251658176 kB
VmallocUsed:      140816 kB
VmallocChunk:   251405356 kB
Time pass: 334 sec

---2015-12-08 15:44:45
MemTotal:        2905316 kB
MemFree:           67324 kB
Buffers:           26928 kB
Cached:          1050220 kB
SwapCached:            0 kB
Active:          1316516 kB
Inactive:         719936 kB
Active(anon):     795844 kB
Inactive(anon):   199000 kB
Active(file):     520672 kB
Inactive(file):   520936 kB
Unevictable:       12452 kB
Mlocked:               0 kB
SwapTotal:        720184 kB
SwapFree:         720156 kB
Dirty:                48 kB
Writeback:             0 kB
AnonPages:        972064 kB
Mapped:           663412 kB
Shmem:             23088 kB
Slab:             115112 kB
SReclaimable:      36240 kB
SUnreclaim:        78872 kB
KernelStack:       33200 kB
PageTables:        57752 kB
NFS_Unstable:          0 kB
Bounce:                0 kB
WritebackTmp:          0 kB
CommitLimit:     2172840 kB
Committed_AS:   95016628 kB
VmallocTotal:   251658176 kB
VmallocUsed:      140816 kB
VmallocChunk:   251405356 kB
Time pass: 337 sec

---2015-12-08 15:44:45
MemTotal:        2905316 kB
MemFree:           67120 kB
Buffers:           26928 kB
Cached:          1050332 kB
SwapCached:            0 kB
Active:          1316944 kB
Inactive:         720036 kB
Active(anon):     796260 kB
Inactive(anon):   199000 kB
Active(file):     520684 kB
Inactive(file):   521036 kB
Unevictable:       12452 kB
Mlocked:               0 kB
SwapTotal:        720184 kB
SwapFree:         720156 kB
Dirty:                16 kB
Writeback:             0 kB
AnonPages:        972168 kB
Mapped:           663464 kB
Shmem:             23088 kB
Slab:             115044 kB
SReclaimable:      36128 kB
SUnreclaim:        78916 kB
KernelStack:       33216 kB
PageTables:        57756 kB
NFS_Unstable:          0 kB
Bounce:                0 kB
WritebackTmp:          0 kB
CommitLimit:     2172840 kB
Committed_AS:   95016652 kB
VmallocTotal:   251658176 kB
VmallocUsed:      140816 kB
VmallocChunk:   251405356 kB
Time pass: 341 sec

---2015-12-08 15:44:45
MemTotal:        2905316 kB
MemFree:           66668 kB
Buffers:           26944 kB
Cached:          1050364 kB
SwapCached:            0 kB
Active:          1317764 kB
Inactive:         720072 kB
Active(anon):     797068 kB
Inactive(anon):   199000 kB
Active(file):     520696 kB
Inactive(file):   521072 kB
Unevictable:       12452 kB
Mlocked:               0 kB
SwapTotal:        720184 kB
SwapFree:         720156 kB
Dirty:                 4 kB
Writeback:             0 kB
AnonPages:        972796 kB
Mapped:           663500 kB
Shmem:             23088 kB
Slab:             114880 kB
SReclaimable:      36016 kB
SUnreclaim:        78864 kB
KernelStack:       33120 kB
PageTables:        57772 kB
NFS_Unstable:          0 kB
Bounce:                0 kB
WritebackTmp:          0 kB
CommitLimit:     2172840 kB
Committed_AS:   95016568 kB
VmallocTotal:   251658176 kB
VmallocUsed:      140816 kB
VmallocChunk:   251405356 kB
Time pass: 345 sec

---2015-12-08 15:44:45
MemTotal:        2905316 kB
MemFree:           66384 kB
Buffers:           26952 kB
Cached:          1050368 kB
SwapCached:            0 kB
Active:          1318196 kB
Inactive:         720084 kB
Active(anon):     797500 kB
Inactive(anon):   199004 kB
Active(file):     520696 kB
Inactive(file):   521080 kB
Unevictable:       12452 kB
Mlocked:               0 kB
SwapTotal:        720184 kB
SwapFree:         720156 kB
Dirty:                64 kB
Writeback:             0 kB
AnonPages:        973140 kB
Mapped:           663540 kB
Shmem:             23092 kB
Slab:             114876 kB
SReclaimable:      36016 kB
SUnreclaim:        78860 kB
KernelStack:       33168 kB
PageTables:        57784 kB
NFS_Unstable:          0 kB
Bounce:                0 kB
WritebackTmp:          0 kB
CommitLimit:     2172840 kB
Committed_AS:   95016568 kB
VmallocTotal:   251658176 kB
VmallocUsed:      140816 kB
VmallocChunk:   251405356 kB
Time pass: 349 sec

---2015-12-08 15:44:45
MemTotal:        2905316 kB
MemFree:           65572 kB
Buffers:           26960 kB
Cached:          1050364 kB
SwapCached:            0 kB
Active:          1318136 kB
Inactive:         720084 kB
Active(anon):     797436 kB
Inactive(anon):   199004 kB
Active(file):     520700 kB
Inactive(file):   521080 kB
Unevictable:       12452 kB
Mlocked:               0 kB
SwapTotal:        720184 kB
SwapFree:         720156 kB
Dirty:                72 kB
Writeback:             0 kB
AnonPages:        973348 kB
Mapped:           663548 kB
Shmem:             23092 kB
Slab:             114880 kB
SReclaimable:      36016 kB
SUnreclaim:        78864 kB
KernelStack:       33152 kB
PageTables:        57780 kB
NFS_Unstable:          0 kB
Bounce:                0 kB
WritebackTmp:          0 kB
CommitLimit:     2172840 kB
Committed_AS:   95016548 kB
VmallocTotal:   251658176 kB
VmallocUsed:      140816 kB
VmallocChunk:   251405356 kB
Time pass: 352 sec

---2015-12-08 15:44:45
MemTotal:        2905316 kB
MemFree:           64904 kB
Buffers:           26976 kB
Cached:          1050432 kB
SwapCached:            0 kB
Active:          1318816 kB
Inactive:         720160 kB
Active(anon):     798108 kB
Inactive(anon):   199032 kB
Active(file):     520708 kB
Inactive(file):   521128 kB
Unevictable:       12452 kB
Mlocked:               0 kB
SwapTotal:        720184 kB
SwapFree:         720156 kB
Dirty:               100 kB
Writeback:             0 kB
AnonPages:        974016 kB
Mapped:           663580 kB
Shmem:             23120 kB
Slab:             114880 kB
SReclaimable:      36016 kB
SUnreclaim:        78864 kB
KernelStack:       33136 kB
PageTables:        57780 kB
NFS_Unstable:          0 kB
Bounce:                0 kB
WritebackTmp:          0 kB
CommitLimit:     2172840 kB
Committed_AS:   95016528 kB
VmallocTotal:   251658176 kB
VmallocUsed:      140816 kB
VmallocChunk:   251405356 kB
Time pass: 356 sec

---2015-12-08 15:44:45
MemTotal:        2905316 kB
MemFree:           64820 kB
Buffers:           26984 kB
Cached:          1050436 kB
SwapCached:            0 kB
Active:          1318936 kB
Inactive:         720172 kB
Active(anon):     798228 kB
Inactive(anon):   199036 kB
Active(file):     520708 kB
Inactive(file):   521136 kB
Unevictable:       12452 kB
Mlocked:               0 kB
SwapTotal:        720184 kB
SwapFree:         720156 kB
Dirty:                52 kB
Writeback:             0 kB
AnonPages:        974132 kB
Mapped:           663528 kB
Shmem:             23124 kB
Slab:             114920 kB
SReclaimable:      36016 kB
SUnreclaim:        78904 kB
KernelStack:       33104 kB
PageTables:        57760 kB
NFS_Unstable:          0 kB
Bounce:                0 kB
WritebackTmp:          0 kB
CommitLimit:     2172840 kB
Committed_AS:   95016540 kB
VmallocTotal:   251658176 kB
VmallocUsed:      140816 kB
VmallocChunk:   251405356 kB
Time pass: 360 sec

---2015-12-08 15:44:45
MemTotal:        2905316 kB
MemFree:           63628 kB
Buffers:           26984 kB
Cached:          1050500 kB
SwapCached:            0 kB
Active:          1320084 kB
Inactive:         720236 kB
Active(anon):     799376 kB
Inactive(anon):   199096 kB
Active(file):     520708 kB
Inactive(file):   521140 kB
Unevictable:       12452 kB
Mlocked:               0 kB
SwapTotal:        720184 kB
SwapFree:         720156 kB
Dirty:                60 kB
Writeback:             0 kB
AnonPages:        975136 kB
Mapped:           663652 kB
Shmem:             23184 kB
Slab:             114900 kB
SReclaimable:      36016 kB
SUnreclaim:        78884 kB
KernelStack:       33136 kB
PageTables:        57832 kB
NFS_Unstable:          0 kB
Bounce:                0 kB
WritebackTmp:          0 kB
CommitLimit:     2172840 kB
Committed_AS:   95043152 kB
VmallocTotal:   251658176 kB
VmallocUsed:      140816 kB
VmallocChunk:   251405356 kB
Time pass: 364 sec

---2015-12-08 15:44:45
MemTotal:        2905316 kB
MemFree:           70688 kB
Buffers:           26960 kB
Cached:          1044280 kB
SwapCached:            0 kB
Active:          1317172 kB
Inactive:         717760 kB
Active(anon):     799376 kB
Inactive(anon):   199924 kB
Active(file):     517796 kB
Inactive(file):   517836 kB
Unevictable:       12452 kB
Mlocked:               0 kB
SwapTotal:        720184 kB
SwapFree:         720128 kB
Dirty:               116 kB
Writeback:             0 kB
AnonPages:        976076 kB
Mapped:           661524 kB
Shmem:             23156 kB
Slab:             114840 kB
SReclaimable:      35968 kB
SUnreclaim:        78872 kB
KernelStack:       33136 kB
PageTables:        57836 kB
NFS_Unstable:          0 kB
Bounce:                0 kB
WritebackTmp:          0 kB
CommitLimit:     2172840 kB
Committed_AS:   95043188 kB
VmallocTotal:   251658176 kB
VmallocUsed:      140816 kB
VmallocChunk:   251405356 kB
Time pass: 367 sec

---2015-12-08 15:44:45
MemTotal:        2905316 kB
MemFree:           70148 kB
Buffers:           26968 kB
Cached:          1044280 kB
SwapCached:            0 kB
Active:          1317340 kB
Inactive:         717756 kB
Active(anon):     799540 kB
Inactive(anon):   199924 kB
Active(file):     517800 kB
Inactive(file):   517832 kB
Unevictable:       12452 kB
Mlocked:               0 kB
SwapTotal:        720184 kB
SwapFree:         720128 kB
Dirty:                 4 kB
Writeback:             0 kB
AnonPages:        976176 kB
Mapped:           661536 kB
Shmem:             23156 kB
Slab:             114852 kB
SReclaimable:      35968 kB
SUnreclaim:        78884 kB
KernelStack:       33136 kB
PageTables:        57836 kB
NFS_Unstable:          0 kB
Bounce:                0 kB
WritebackTmp:          0 kB
CommitLimit:     2172840 kB
Committed_AS:   95043152 kB
VmallocTotal:   251658176 kB
VmallocUsed:      140816 kB
VmallocChunk:   251405356 kB
Time pass: 371 sec

---2015-12-08 15:44:45
MemTotal:        2905316 kB
MemFree:           70132 kB
Buffers:           26968 kB
Cached:          1044284 kB
SwapCached:            0 kB
Active:          1317416 kB
Inactive:         717764 kB
Active(anon):     799612 kB
Inactive(anon):   199924 kB
Active(file):     517804 kB
Inactive(file):   517840 kB
Unevictable:       12452 kB
Mlocked:               0 kB
SwapTotal:        720184 kB
SwapFree:         720128 kB
Dirty:                 4 kB
Writeback:             0 kB
AnonPages:        976400 kB
Mapped:           661540 kB
Shmem:             23156 kB
Slab:             114840 kB
SReclaimable:      35968 kB
SUnreclaim:        78872 kB
KernelStack:       33120 kB
PageTables:        57816 kB
NFS_Unstable:          0 kB
Bounce:                0 kB
WritebackTmp:          0 kB
CommitLimit:     2172840 kB
Committed_AS:   95043104 kB
VmallocTotal:   251658176 kB
VmallocUsed:      140816 kB
VmallocChunk:   251405356 kB
Time pass: 375 sec

---2015-12-08 15:44:45
MemTotal:        2905316 kB
MemFree:           69676 kB
Buffers:           26984 kB
Cached:          1044316 kB
SwapCached:            0 kB
Active:          1318084 kB
Inactive:         717800 kB
Active(anon):     800276 kB
Inactive(anon):   199924 kB
Active(file):     517808 kB
Inactive(file):   517876 kB
Unevictable:       12452 kB
Mlocked:               0 kB
SwapTotal:        720184 kB
SwapFree:         720128 kB
Dirty:               108 kB
Writeback:             0 kB
AnonPages:        977048 kB
Mapped:           661544 kB
Shmem:             23156 kB
Slab:             114868 kB
SReclaimable:      35968 kB
SUnreclaim:        78900 kB
KernelStack:       33168 kB
PageTables:        57836 kB
NFS_Unstable:          0 kB
Bounce:                0 kB
WritebackTmp:          0 kB
CommitLimit:     2172840 kB
Committed_AS:   95043152 kB
VmallocTotal:   251658176 kB
VmallocUsed:      140816 kB
VmallocChunk:   251405356 kB
Time pass: 379 sec

---2015-12-08 15:44:45
MemTotal:        2905316 kB
MemFree:           68432 kB
Buffers:           26984 kB
Cached:          1044324 kB
SwapCached:            0 kB
Active:          1318756 kB
Inactive:         717800 kB
Active(anon):     800932 kB
Inactive(anon):   199924 kB
Active(file):     517824 kB
Inactive(file):   517876 kB
Unevictable:       12452 kB
Mlocked:               0 kB
SwapTotal:        720184 kB
SwapFree:         720128 kB
Dirty:                88 kB
Writeback:             0 kB
AnonPages:        977716 kB
Mapped:           661580 kB
Shmem:             23156 kB
Slab:             114836 kB
SReclaimable:      35968 kB
SUnreclaim:        78868 kB
KernelStack:       33136 kB
PageTables:        57836 kB
NFS_Unstable:          0 kB
Bounce:                0 kB
WritebackTmp:          0 kB
CommitLimit:     2172840 kB
Committed_AS:   95043124 kB
VmallocTotal:   251658176 kB
VmallocUsed:      140828 kB
VmallocChunk:   251405356 kB
Time pass: 382 sec

---2015-12-08 15:44:45
MemTotal:        2905316 kB
MemFree:           67052 kB
Buffers:           26992 kB
Cached:          1044496 kB
SwapCached:            0 kB
Active:          1319596 kB
Inactive:         717960 kB
Active(anon):     801764 kB
Inactive(anon):   199928 kB
Active(file):     517832 kB
Inactive(file):   518032 kB
Unevictable:       12452 kB
Mlocked:               0 kB
SwapTotal:        720184 kB
SwapFree:         720128 kB
Dirty:                 8 kB
Writeback:             0 kB
AnonPages:        978548 kB
Mapped:           661680 kB
Shmem:             23160 kB
Slab:             114836 kB
SReclaimable:      35968 kB
SUnreclaim:        78868 kB
KernelStack:       33136 kB
PageTables:        57836 kB
NFS_Unstable:          0 kB
Bounce:                0 kB
WritebackTmp:          0 kB
CommitLimit:     2172840 kB
Committed_AS:   95043124 kB
VmallocTotal:   251658176 kB
VmallocUsed:      140828 kB
VmallocChunk:   251405356 kB
Time pass: 386 sec

---2015-12-08 15:44:45
MemTotal:        2905316 kB
MemFree:           66912 kB
Buffers:           27008 kB
Cached:          1044504 kB
SwapCached:            0 kB
Active:          1319768 kB
Inactive:         717992 kB
