---2015-12-03 10:32:03
MemTotal:        1860984 kB
MemFree:          217220 kB
Buffers:           11108 kB
Cached:           801404 kB
SwapCached:        10144 kB
Active:           660360 kB
Inactive:         677660 kB
Active(anon):     480632 kB
Inactive(anon):    47612 kB
Active(file):     179728 kB
Inactive(file):   630048 kB
Unevictable:           0 kB
Mlocked:               0 kB
HighTotal:       1436668 kB
HighFree:          11600 kB
LowTotal:         424316 kB
LowFree:          205620 kB
SwapTotal:        716796 kB
SwapFree:         628204 kB
Dirty:                 0 kB
Writeback:             0 kB
AnonPages:        523732 kB
Mapped:           205016 kB
Shmem:              2756 kB
Slab:              43880 kB
SReclaimable:      14168 kB
SUnreclaim:        29712 kB
KernelStack:       10880 kB
PageTables:        23256 kB
NFS_Unstable:          0 kB
Bounce:                0 kB
WritebackTmp:          0 kB
CommitLimit:     1647288 kB
Committed_AS:   55391904 kB
VmallocTotal:     458752 kB
VmallocUsed:      112060 kB
VmallocChunk:     173060 kB
Time pass: 3 sec

---2015-12-03 10:32:03
MemTotal:        1860984 kB
MemFree:          219524 kB
Buffers:           11124 kB
Cached:           801456 kB
SwapCached:        10144 kB
Active:           655460 kB
Inactive:         678636 kB
Active(anon):     475708 kB
Inactive(anon):    48540 kB
Active(file):     179752 kB
Inactive(file):   630096 kB
Unevictable:           0 kB
Mlocked:               0 kB
HighTotal:       1436668 kB
HighFree:          13640 kB
LowTotal:         424316 kB
LowFree:          205884 kB
SwapTotal:        716796 kB
SwapFree:         624136 kB
Dirty:               120 kB
Writeback:            48 kB
AnonPages:        519736 kB
Mapped:           204956 kB
Shmem:              2756 kB
Slab:              43892 kB
SReclaimable:      14176 kB
SUnreclaim:        29716 kB
KernelStack:       10864 kB
PageTables:        23268 kB
NFS_Unstable:          0 kB
Bounce:                0 kB
WritebackTmp:          0 kB
CommitLimit:     1647288 kB
Committed_AS:   55391932 kB
VmallocTotal:     458752 kB
VmallocUsed:      112060 kB
VmallocChunk:     173060 kB
Time pass: 7 sec

---2015-12-03 10:32:03
MemTotal:        1860984 kB
MemFree:          219436 kB
Buffers:           11124 kB
Cached:           801460 kB
SwapCached:        10144 kB
Active:           655488 kB
Inactive:         678640 kB
Active(anon):     475736 kB
Inactive(anon):    48544 kB
Active(file):     179752 kB
Inactive(file):   630096 kB
Unevictable:           0 kB
Mlocked:               0 kB
HighTotal:       1436668 kB
HighFree:          13640 kB
LowTotal:         424316 kB
LowFree:          205796 kB
SwapTotal:        716796 kB
SwapFree:         624136 kB
Dirty:               120 kB
Writeback:             0 kB
AnonPages:        519776 kB
Mapped:           205020 kB
Shmem:              2756 kB
Slab:              43884 kB
SReclaimable:      14168 kB
SUnreclaim:        29716 kB
KernelStack:       10888 kB
PageTables:        23256 kB
NFS_Unstable:          0 kB
Bounce:                0 kB
WritebackTmp:          0 kB
CommitLimit:     1647288 kB
Committed_AS:   55391932 kB
VmallocTotal:     458752 kB
VmallocUsed:      112060 kB
VmallocChunk:     173060 kB
Time pass: 10 sec

---2015-12-03 10:32:03
MemTotal:        1860984 kB
MemFree:          223052 kB
Buffers:           11132 kB
Cached:           801460 kB
SwapCached:        10148 kB
Active:           650496 kB
Inactive:         679504 kB
Active(anon):     470744 kB
Inactive(anon):    49400 kB
Active(file):     179752 kB
Inactive(file):   630104 kB
Unevictable:           0 kB
Mlocked:               0 kB
HighTotal:       1436668 kB
HighFree:          16740 kB
LowTotal:         424316 kB
LowFree:          206312 kB
SwapTotal:        716796 kB
SwapFree:         620016 kB
Dirty:                16 kB
Writeback:             0 kB
AnonPages:        515668 kB
Mapped:           205020 kB
Shmem:              2756 kB
Slab:              43884 kB
SReclaimable:      14168 kB
SUnreclaim:        29716 kB
KernelStack:       10888 kB
PageTables:        23256 kB
NFS_Unstable:          0 kB
Bounce:                0 kB
WritebackTmp:          0 kB
CommitLimit:     1647288 kB
Committed_AS:   55391932 kB
VmallocTotal:     458752 kB
VmallocUsed:      112060 kB
VmallocChunk:     173060 kB
Time pass: 14 sec

---2015-12-03 10:32:03
MemTotal:        1860984 kB
MemFree:          227072 kB
Buffers:           11132 kB
Cached:           801460 kB
SwapCached:        10148 kB
Active:           645424 kB
Inactive:         680444 kB
Active(anon):     465672 kB
Inactive(anon):    50340 kB
Active(file):     179752 kB
Inactive(file):   630104 kB
Unevictable:           0 kB
Mlocked:               0 kB
HighTotal:       1436668 kB
HighFree:          20460 kB
LowTotal:         424316 kB
LowFree:          206612 kB
SwapTotal:        716796 kB
SwapFree:         615836 kB
Dirty:                 0 kB
Writeback:            16 kB
AnonPages:        511496 kB
Mapped:           205020 kB
Shmem:              2756 kB
Slab:              43980 kB
SReclaimable:      14264 kB
SUnreclaim:        29716 kB
KernelStack:       10888 kB
PageTables:        23256 kB
NFS_Unstable:          0 kB
Bounce:                0 kB
WritebackTmp:          0 kB
CommitLimit:     1647288 kB
Committed_AS:   55391932 kB
VmallocTotal:     458752 kB
VmallocUsed:      112060 kB
VmallocChunk:     173060 kB
Time pass: 17 sec

---2015-12-03 10:32:03
MemTotal:        1860984 kB
MemFree:          227072 kB
Buffers:           11132 kB
Cached:           801460 kB
SwapCached:        10144 kB
Active:           645400 kB
Inactive:         680440 kB
Active(anon):     465648 kB
Inactive(anon):    50336 kB
Active(file):     179752 kB
Inactive(file):   630104 kB
Unevictable:           0 kB
Mlocked:               0 kB
HighTotal:       1436668 kB
HighFree:          20460 kB
LowTotal:         424316 kB
LowFree:          206612 kB
SwapTotal:        716796 kB
SwapFree:         615840 kB
Dirty:                 0 kB
Writeback:             0 kB
AnonPages:        511508 kB
Mapped:           204980 kB
Shmem:              2756 kB
Slab:              43972 kB
SReclaimable:      14256 kB
SUnreclaim:        29716 kB
KernelStack:       10888 kB
PageTables:        23248 kB
NFS_Unstable:          0 kB
Bounce:                0 kB
WritebackTmp:          0 kB
CommitLimit:     1647288 kB
Committed_AS:   55391932 kB
VmallocTotal:     458752 kB
VmallocUsed:      112060 kB
VmallocChunk:     173060 kB
Time pass: 21 sec

---2015-12-03 10:32:03
MemTotal:        1860984 kB
MemFree:          142284 kB
Buffers:           11324 kB
Cached:           837212 kB
SwapCached:        12372 kB
Active:           663140 kB
Inactive:         719084 kB
Active(anon):     482812 kB
Inactive(anon):    54192 kB
Active(file):     180328 kB
Inactive(file):   664892 kB
Unevictable:           0 kB
Mlocked:               0 kB
HighTotal:       1436668 kB
HighFree:           2788 kB
LowTotal:         424316 kB
LowFree:          139496 kB
SwapTotal:        716796 kB
SwapFree:         612324 kB
Dirty:              1024 kB
Writeback:             0 kB
AnonPages:        532060 kB
Mapped:           225832 kB
Shmem:              2892 kB
Slab:              44328 kB
SReclaimable:      14428 kB
SUnreclaim:        29900 kB
KernelStack:       11368 kB
PageTables:        23916 kB
NFS_Unstable:          0 kB
Bounce:                0 kB
WritebackTmp:          0 kB
CommitLimit:     1647288 kB
Committed_AS:   56249672 kB
VmallocTotal:     458752 kB
VmallocUsed:      113200 kB
VmallocChunk:     173060 kB
Time pass: 24 sec

---2015-12-03 10:32:03
MemTotal:        1860984 kB
MemFree:           80012 kB
Buffers:           11396 kB
Cached:           839364 kB
SwapCached:        14692 kB
Active:           676936 kB
Inactive:         725212 kB
Active(anon):     496164 kB
Inactive(anon):    58180 kB
Active(file):     180772 kB
Inactive(file):   667032 kB
Unevictable:           0 kB
Mlocked:               0 kB
HighTotal:       1436668 kB
HighFree:           2508 kB
LowTotal:         424316 kB
LowFree:           77504 kB
SwapTotal:        716796 kB
SwapFree:         613880 kB
Dirty:               796 kB
Writeback:             0 kB
AnonPages:        549260 kB
Mapped:           230868 kB
Shmem:              2892 kB
Slab:              44560 kB
SReclaimable:      14520 kB
SUnreclaim:        30040 kB
KernelStack:       11480 kB
PageTables:        24040 kB
NFS_Unstable:          0 kB
Bounce:                0 kB
WritebackTmp:          0 kB
CommitLimit:     1647288 kB
Committed_AS:   56259220 kB
VmallocTotal:     458752 kB
VmallocUsed:      113404 kB
VmallocChunk:     173060 kB
Time pass: 28 sec

---2015-12-03 10:32:03
MemTotal:        1860984 kB
MemFree:           55704 kB
Buffers:           11404 kB
Cached:           839384 kB
SwapCached:        14688 kB
Active:           669380 kB
Inactive:         725396 kB
Active(anon):     488596 kB
Inactive(anon):    58268 kB
Active(file):     180784 kB
Inactive(file):   667128 kB
Unevictable:           0 kB
Mlocked:               0 kB
HighTotal:       1436668 kB
HighFree:           2848 kB
LowTotal:         424316 kB
LowFree:           52856 kB
SwapTotal:        716796 kB
SwapFree:         613884 kB
Dirty:               984 kB
Writeback:             0 kB
AnonPages:        541552 kB
Mapped:           232932 kB
Shmem:              2888 kB
Slab:              44544 kB
SReclaimable:      14520 kB
SUnreclaim:        30024 kB
KernelStack:       11368 kB
PageTables:        24100 kB
NFS_Unstable:          0 kB
Bounce:                0 kB
WritebackTmp:          0 kB
CommitLimit:     1647288 kB
Committed_AS:   56252020 kB
VmallocTotal:     458752 kB
VmallocUsed:      113568 kB
VmallocChunk:     173060 kB
Time pass: 32 sec

---2015-12-03 10:32:03
MemTotal:        1860984 kB
MemFree:           55464 kB
Buffers:           11412 kB
Cached:           839380 kB
SwapCached:        14684 kB
Active:           669416 kB
Inactive:         725428 kB
Active(anon):     488632 kB
Inactive(anon):    58288 kB
Active(file):     180784 kB
Inactive(file):   667140 kB
Unevictable:           0 kB
Mlocked:               0 kB
HighTotal:       1436668 kB
HighFree:           2600 kB
LowTotal:         424316 kB
LowFree:           52864 kB
SwapTotal:        716796 kB
SwapFree:         613908 kB
Dirty:                52 kB
Writeback:             0 kB
AnonPages:        541632 kB
Mapped:           233000 kB
Shmem:              2888 kB
Slab:              44548 kB
SReclaimable:      14520 kB
SUnreclaim:        30028 kB
KernelStack:       11376 kB
PageTables:        24104 kB
NFS_Unstable:          0 kB
Bounce:                0 kB
WritebackTmp:          0 kB
CommitLimit:     1647288 kB
Committed_AS:   56252044 kB
VmallocTotal:     458752 kB
VmallocUsed:      113568 kB
VmallocChunk:     173060 kB
Time pass: 35 sec

---2015-12-03 10:32:03
MemTotal:        1860984 kB
MemFree:           55464 kB
Buffers:           11420 kB
Cached:           839380 kB
SwapCached:        14688 kB
Active:           669468 kB
Inactive:         725436 kB
Active(anon):     488684 kB
Inactive(anon):    58292 kB
Active(file):     180784 kB
Inactive(file):   667144 kB
Unevictable:           0 kB
Mlocked:               0 kB
HighTotal:       1436668 kB
HighFree:           2600 kB
LowTotal:         424316 kB
LowFree:           52864 kB
SwapTotal:        716796 kB
SwapFree:         613908 kB
Dirty:                44 kB
Writeback:             0 kB
AnonPages:        541668 kB
Mapped:           233000 kB
Shmem:              2888 kB
Slab:              44544 kB
SReclaimable:      14520 kB
SUnreclaim:        30024 kB
KernelStack:       11376 kB
PageTables:        24104 kB
NFS_Unstable:          0 kB
Bounce:                0 kB
WritebackTmp:          0 kB
CommitLimit:     1647288 kB
Committed_AS:   56252044 kB
VmallocTotal:     458752 kB
VmallocUsed:      113568 kB
VmallocChunk:     173060 kB
Time pass: 39 sec

---2015-12-03 10:32:03
MemTotal:        1860984 kB
MemFree:           33240 kB
Buffers:           10632 kB
Cached:           832144 kB
SwapCached:        15624 kB
Active:           656172 kB
Inactive:         739412 kB
Active(anon):     469980 kB
Inactive(anon):    86576 kB
Active(file):     186192 kB
Inactive(file):   652836 kB
Unevictable:         860 kB
Mlocked:               0 kB
HighTotal:       1436668 kB
HighFree:           5548 kB
LowTotal:         424316 kB
LowFree:           27692 kB
SwapTotal:        716796 kB
SwapFree:         610448 kB
Dirty:                12 kB
Writeback:             0 kB
AnonPages:        550316 kB
Mapped:           234880 kB
Shmem:              2888 kB
Slab:              44592 kB
SReclaimable:      14560 kB
SUnreclaim:        30032 kB
KernelStack:       11416 kB
PageTables:        24272 kB
NFS_Unstable:          0 kB
Bounce:                0 kB
WritebackTmp:          0 kB
CommitLimit:     1647288 kB
Committed_AS:   56258172 kB
VmallocTotal:     458752 kB
VmallocUsed:      113608 kB
VmallocChunk:     173060 kB
Time pass: 42 sec

---2015-12-03 10:32:03
MemTotal:        1860984 kB
MemFree:           31448 kB
Buffers:           10640 kB
Cached:           832544 kB
SwapCached:        15632 kB
Active:           651272 kB
Inactive:         740760 kB
Active(anon):     465072 kB
Inactive(anon):    87524 kB
Active(file):     186200 kB
Inactive(file):   653236 kB
Unevictable:         860 kB
Mlocked:               0 kB
HighTotal:       1436668 kB
HighFree:           5660 kB
LowTotal:         424316 kB
LowFree:           25788 kB
SwapTotal:        716796 kB
SwapFree:         606336 kB
Dirty:                 0 kB
Writeback:             0 kB
AnonPages:        546340 kB
Mapped:           235056 kB
Shmem:              2888 kB
Slab:              44604 kB
SReclaimable:      14568 kB
SUnreclaim:        30036 kB
KernelStack:       11384 kB
PageTables:        24272 kB
NFS_Unstable:          0 kB
Bounce:                0 kB
WritebackTmp:          0 kB
CommitLimit:     1647288 kB
Committed_AS:   56258168 kB
VmallocTotal:     458752 kB
VmallocUsed:      113608 kB
VmallocChunk:     173060 kB
Time pass: 46 sec

---2015-12-03 10:32:03
MemTotal:        1860984 kB
MemFree:           38052 kB
Buffers:           10648 kB
Cached:           833428 kB
SwapCached:        15640 kB
Active:           662272 kB
Inactive:         741468 kB
Active(anon):     475992 kB
Inactive(anon):    87536 kB
Active(file):     186280 kB
Inactive(file):   653932 kB
Unevictable:         860 kB
Mlocked:               0 kB
HighTotal:       1436668 kB
HighFree:           4512 kB
LowTotal:         424316 kB
LowFree:           33540 kB
SwapTotal:        716796 kB
SwapFree:         606336 kB
Dirty:               316 kB
Writeback:             0 kB
AnonPages:        557408 kB
Mapped:           236756 kB
Shmem:              2892 kB
Slab:              44664 kB
SReclaimable:      14552 kB
SUnreclaim:        30112 kB
KernelStack:       11536 kB
PageTables:        24244 kB
NFS_Unstable:          0 kB
Bounce:                0 kB
WritebackTmp:          0 kB
CommitLimit:     1647288 kB
Committed_AS:   56270652 kB
VmallocTotal:     458752 kB
VmallocUsed:      113584 kB
VmallocChunk:     173060 kB
Time pass: 50 sec

---2015-12-03 10:32:03
MemTotal:        1860984 kB
MemFree:           35640 kB
Buffers:            8076 kB
Cached:           800100 kB
SwapCached:        15652 kB
Active:           592588 kB
Inactive:         777628 kB
Active(anon):     394572 kB
Inactive(anon):   171260 kB
Active(file):     198016 kB
Inactive(file):   606368 kB
Unevictable:         860 kB
Mlocked:               0 kB
HighTotal:       1436668 kB
HighFree:          10648 kB
LowTotal:         424316 kB
LowFree:           24992 kB
SwapTotal:        716796 kB
SwapFree:         602244 kB
Dirty:                 0 kB
Writeback:             0 kB
AnonPages:        559548 kB
Mapped:           254796 kB
Shmem:              2892 kB
Slab:              44884 kB
SReclaimable:      14568 kB
SUnreclaim:        30316 kB
KernelStack:       11536 kB
PageTables:        24352 kB
NFS_Unstable:          0 kB
Bounce:                0 kB
WritebackTmp:          0 kB
CommitLimit:     1647288 kB
Committed_AS:   56277564 kB
VmallocTotal:     458752 kB
VmallocUsed:      113820 kB
VmallocChunk:     173060 kB
Time pass: 53 sec

---2015-12-03 10:32:03
MemTotal:        1860984 kB
MemFree:           38664 kB
Buffers:            7388 kB
Cached:           789172 kB
SwapCached:        15652 kB
Active:           591280 kB
Inactive:         765468 kB
Active(anon):     392392 kB
Inactive(anon):   171552 kB
Active(file):     198888 kB
Inactive(file):   593916 kB
Unevictable:         860 kB
Mlocked:               0 kB
HighTotal:       1436668 kB
HighFree:          13000 kB
LowTotal:         424316 kB
LowFree:           25664 kB
SwapTotal:        716796 kB
SwapFree:         602244 kB
Dirty:                64 kB
Writeback:             0 kB
AnonPages:        557736 kB
Mapped:           262128 kB
Shmem:              2892 kB
Slab:              44808 kB
SReclaimable:      14568 kB
SUnreclaim:        30240 kB
KernelStack:       11448 kB
PageTables:        24380 kB
NFS_Unstable:          0 kB
Bounce:                0 kB
WritebackTmp:          0 kB
CommitLimit:     1647288 kB
Committed_AS:   56275780 kB
VmallocTotal:     458752 kB
VmallocUsed:      113808 kB
VmallocChunk:     173060 kB
Time pass: 57 sec

---2015-12-03 10:32:03
MemTotal:        1860984 kB
MemFree:           36212 kB
Buffers:            6436 kB
Cached:           779620 kB
SwapCached:        15652 kB
Active:           593212 kB
Inactive:         749228 kB
Active(anon):     389936 kB
Inactive(anon):   170276 kB
Active(file):     203276 kB
Inactive(file):   578952 kB
Unevictable:         860 kB
Mlocked:               0 kB
HighTotal:       1436668 kB
HighFree:          11312 kB
LowTotal:         424316 kB
LowFree:           24900 kB
SwapTotal:        716796 kB
SwapFree:         598152 kB
Dirty:               292 kB
Writeback:             0 kB
AnonPages:        553960 kB
Mapped:           271220 kB
Shmem:              2892 kB
Slab:              44864 kB
SReclaimable:      14576 kB
SUnreclaim:        30288 kB
KernelStack:       11448 kB
PageTables:        24408 kB
NFS_Unstable:          0 kB
Bounce:                0 kB
WritebackTmp:          0 kB
CommitLimit:     1647288 kB
Committed_AS:   56276116 kB
VmallocTotal:     458752 kB
VmallocUsed:      113848 kB
VmallocChunk:     173060 kB
Time pass: 60 sec

---2015-12-03 10:32:03
MemTotal:        1860984 kB
MemFree:           37700 kB
Buffers:            6444 kB
Cached:           779500 kB
SwapCached:        15652 kB
Active:           593232 kB
Inactive:         749168 kB
Active(anon):     389932 kB
Inactive(anon):   170276 kB
Active(file):     203300 kB
Inactive(file):   578892 kB
Unevictable:         860 kB
Mlocked:               0 kB
HighTotal:       1436668 kB
HighFree:          11976 kB
LowTotal:         424316 kB
LowFree:           25724 kB
SwapTotal:        716796 kB
SwapFree:         598156 kB
Dirty:               332 kB
Writeback:             0 kB
AnonPages:        553980 kB
Mapped:           271268 kB
Shmem:              2892 kB
Slab:              44820 kB
SReclaimable:      14576 kB
SUnreclaim:        30244 kB
KernelStack:       11448 kB
PageTables:        24416 kB
NFS_Unstable:          0 kB
Bounce:                0 kB
WritebackTmp:          0 kB
CommitLimit:     1647288 kB
Committed_AS:   56276108 kB
VmallocTotal:     458752 kB
VmallocUsed:      113848 kB
VmallocChunk:     173060 kB
Time pass: 64 sec

---2015-12-03 10:32:03
MemTotal:        1860984 kB
MemFree:           39800 kB
Buffers:            6448 kB
Cached:           779504 kB
SwapCached:        15652 kB
Active:           592984 kB
Inactive:         745852 kB
Active(anon):     389684 kB
Inactive(anon):   166952 kB
Active(file):     203300 kB
Inactive(file):   578900 kB
Unevictable:         860 kB
Mlocked:               0 kB
HighTotal:       1436668 kB
HighFree:          13736 kB
LowTotal:         424316 kB
LowFree:           26064 kB
SwapTotal:        716796 kB
SwapFree:         594000 kB
Dirty:                32 kB
Writeback:             0 kB
AnonPages:        550376 kB
Mapped:           271636 kB
Shmem:              2892 kB
Slab:              44816 kB
SReclaimable:      14576 kB
SUnreclaim:        30240 kB
KernelStack:       11448 kB
PageTables:        24416 kB
NFS_Unstable:          0 kB
Bounce:                0 kB
WritebackTmp:          0 kB
CommitLimit:     1647288 kB
Committed_AS:   56276844 kB
VmallocTotal:     458752 kB
VmallocUsed:      113848 kB
VmallocChunk:     173060 kB
Time pass: 67 sec

---2015-12-03 10:32:03
MemTotal:        1860984 kB
MemFree:           41364 kB
Buffers:            5536 kB
Cached:           770748 kB
SwapCached:        15656 kB
Active:           596296 kB
Inactive:         738208 kB
Active(anon):     389564 kB
Inactive(anon):   172416 kB
Active(file):     206732 kB
Inactive(file):   565792 kB
Unevictable:         860 kB
Mlocked:               0 kB
HighTotal:       1436668 kB
HighFree:           8396 kB
LowTotal:         424316 kB
LowFree:           32968 kB
SwapTotal:        716796 kB
SwapFree:         594092 kB
Dirty:               224 kB
Writeback:             0 kB
AnonPages:        555728 kB
Mapped:           272312 kB
Shmem:              2892 kB
Slab:              45112 kB
SReclaimable:      14636 kB
SUnreclaim:        30476 kB
KernelStack:       11488 kB
PageTables:        24428 kB
NFS_Unstable:          0 kB
Bounce:                0 kB
WritebackTmp:          0 kB
CommitLimit:     1647288 kB
Committed_AS:   56281180 kB
VmallocTotal:     458752 kB
VmallocUsed:      113932 kB
VmallocChunk:     173060 kB
Time pass: 71 sec

---2015-12-03 10:32:03
MemTotal:        1860984 kB
MemFree:           31408 kB
Buffers:            5164 kB
Cached:           771452 kB
SwapCached:        15660 kB
Active:           606760 kB
Inactive:         738072 kB
Active(anon):     399032 kB
Inactive(anon):   172932 kB
Active(file):     207728 kB
Inactive(file):   565140 kB
Unevictable:         860 kB
Mlocked:               0 kB
HighTotal:       1436668 kB
HighFree:           4636 kB
LowTotal:         424316 kB
LowFree:           26772 kB
SwapTotal:        716796 kB
SwapFree:         594092 kB
Dirty:               296 kB
Writeback:             0 kB
AnonPages:        565760 kB
Mapped:           275612 kB
Shmem:              2892 kB
Slab:              45096 kB
SReclaimable:      14644 kB
SUnreclaim:        30452 kB
KernelStack:       11552 kB
PageTables:        24448 kB
NFS_Unstable:          0 kB
Bounce:                0 kB
WritebackTmp:          0 kB
CommitLimit:     1647288 kB
Committed_AS:   56297664 kB
VmallocTotal:     458752 kB
VmallocUsed:      113932 kB
VmallocChunk:     173060 kB
Time pass: 75 sec

---2015-12-03 10:32:03
MemTotal:        1860984 kB
MemFree:           34804 kB
Buffers:            5044 kB
Cached:           744452 kB
SwapCached:        15728 kB
Active:           613048 kB
Inactive:         711560 kB
Active(anon):     405080 kB
Inactive(anon):   173908 kB
Active(file):     207968 kB
Inactive(file):   537652 kB
Unevictable:         860 kB
Mlocked:               0 kB
HighTotal:       1436668 kB
HighFree:          10564 kB
LowTotal:         424316 kB
LowFree:           24240 kB
SwapTotal:        716796 kB
SwapFree:         594112 kB
Dirty:                44 kB
Writeback:             0 kB
AnonPages:        572664 kB
Mapped:           274756 kB
Shmem:              3016 kB
Slab:              45336 kB
SReclaimable:      14692 kB
SUnreclaim:        30644 kB
KernelStack:       11744 kB
PageTables:        24612 kB
NFS_Unstable:          0 kB
Bounce:                0 kB
WritebackTmp:          0 kB
CommitLimit:     1647288 kB
Committed_AS:   56318280 kB
VmallocTotal:     458752 kB
VmallocUsed:      118332 kB
VmallocChunk:     173060 kB
Time pass: 79 sec

---2015-12-03 10:32:03
MemTotal:        1860984 kB
MemFree:           28676 kB
Buffers:            4876 kB
Cached:           719220 kB
SwapCached:        15728 kB
Active:           612656 kB
Inactive:         685552 kB
Active(anon):     404612 kB
Inactive(anon):   173432 kB
Active(file):     208044 kB
Inactive(file):   512120 kB
Unevictable:         860 kB
Mlocked:               0 kB
HighTotal:       1436668 kB
HighFree:           2640 kB
LowTotal:         424316 kB
LowFree:           26036 kB
SwapTotal:        716796 kB
SwapFree:         589996 kB
Dirty:                 0 kB
Writeback:             0 kB
AnonPages:        571624 kB
Mapped:           274812 kB
Shmem:              3072 kB
Slab:              45476 kB
SReclaimable:      14748 kB
SUnreclaim:        30728 kB
KernelStack:       11744 kB
PageTables:        24816 kB
NFS_Unstable:          0 kB
Bounce:                0 kB
WritebackTmp:          0 kB
CommitLimit:     1647288 kB
Committed_AS:   56321024 kB
VmallocTotal:     458752 kB
VmallocUsed:      122172 kB
VmallocChunk:     173060 kB
Time pass: 83 sec

---2015-12-03 10:32:03
MemTotal:        1860984 kB
MemFree:           31076 kB
Buffers:            4876 kB
Cached:           716368 kB
SwapCached:        15728 kB
Active:           612368 kB
Inactive:         683596 kB
Active(anon):     404324 kB
Inactive(anon):   174416 kB
Active(file):     208044 kB
Inactive(file):   509180 kB
Unevictable:         860 kB
Mlocked:               0 kB
HighTotal:       1436668 kB
HighFree:           4992 kB
LowTotal:         424316 kB
LowFree:           26084 kB
SwapTotal:        716796 kB
SwapFree:         589996 kB
Dirty:                36 kB
Writeback:             0 kB
AnonPages:        572240 kB
Mapped:           274900 kB
Shmem:              3160 kB
Slab:              45560 kB
SReclaimable:      14748 kB
SUnreclaim:        30812 kB
KernelStack:       11704 kB
PageTables:        24808 kB
NFS_Unstable:          0 kB
Bounce:                0 kB
WritebackTmp:          0 kB
CommitLimit:     1647288 kB
Committed_AS:   56320800 kB
VmallocTotal:     458752 kB
VmallocUsed:      122172 kB
VmallocChunk:     173060 kB
Time pass: 87 sec

---2015-12-03 10:32:03
MemTotal:        1860984 kB
MemFree:           34332 kB
Buffers:            4900 kB
Cached:           716356 kB
SwapCached:        15728 kB
Active:           609532 kB
Inactive:         681940 kB
Active(anon):     401488 kB
Inactive(anon):   172744 kB
Active(file):     208044 kB
Inactive(file):   509196 kB
Unevictable:         860 kB
Mlocked:               0 kB
HighTotal:       1436668 kB
HighFree:           7616 kB
LowTotal:         424316 kB
LowFree:           26716 kB
SwapTotal:        716796 kB
SwapFree:         585856 kB
Dirty:                36 kB
Writeback:             0 kB
AnonPages:        567752 kB
Mapped:           274892 kB
Shmem:              3160 kB
Slab:              45584 kB
SReclaimable:      14756 kB
SUnreclaim:        30828 kB
KernelStack:       11728 kB
PageTables:        24792 kB
NFS_Unstable:          0 kB
Bounce:                0 kB
WritebackTmp:          0 kB
CommitLimit:     1647288 kB
Committed_AS:   56320852 kB
VmallocTotal:     458752 kB
VmallocUsed:      122172 kB
VmallocChunk:     173060 kB
Time pass: 91 sec

---2015-12-03 10:32:03
MemTotal:        1860984 kB
MemFree:           30464 kB
Buffers:            4900 kB
Cached:           718108 kB
SwapCached:        15728 kB
Active:           611460 kB
Inactive:         683636 kB
Active(anon):     403416 kB
Inactive(anon):   172748 kB
Active(file):     208044 kB
Inactive(file):   510888 kB
Unevictable:         860 kB
Mlocked:               0 kB
HighTotal:       1436668 kB
HighFree:           4100 kB
LowTotal:         424316 kB
LowFree:           26364 kB
SwapTotal:        716796 kB
SwapFree:         585860 kB
Dirty:                 0 kB
Writeback:             0 kB
AnonPages:        569852 kB
Mapped:           274932 kB
Shmem:              3160 kB
Slab:              45548 kB
SReclaimable:      14748 kB
SUnreclaim:        30800 kB
KernelStack:       11704 kB
PageTables:        24920 kB
NFS_Unstable:          0 kB
Bounce:                0 kB
WritebackTmp:          0 kB
CommitLimit:     1647288 kB
Committed_AS:   57315608 kB
VmallocTotal:     458752 kB
VmallocUsed:      122172 kB
VmallocChunk:     173060 kB
Time pass: 95 sec

---2015-12-03 10:32:03
MemTotal:        1860984 kB
MemFree:          325472 kB
Buffers:            4956 kB
Cached:           713876 kB
SwapCached:        15732 kB
Active:           540296 kB
Inactive:         676492 kB
Active(anon):     330488 kB
Inactive(anon):   171084 kB
Active(file):     209808 kB
Inactive(file):   505408 kB
Unevictable:         860 kB
Mlocked:               0 kB
HighTotal:       1436668 kB
HighFree:         146204 kB
LowTotal:         424316 kB
LowFree:          179268 kB
SwapTotal:        716796 kB
SwapFree:         582020 kB
Dirty:                68 kB
Writeback:             0 kB
AnonPages:        495380 kB
Mapped:           203152 kB
Shmem:              2756 kB
Slab:              45240 kB
SReclaimable:      14708 kB
SUnreclaim:        30532 kB
KernelStack:       10904 kB
PageTables:        23108 kB
NFS_Unstable:          0 kB
Bounce:                0 kB
WritebackTmp:          0 kB
CommitLimit:     1647288 kB
Committed_AS:   54603108 kB
VmallocTotal:     458752 kB
VmallocUsed:      111660 kB
VmallocChunk:     173060 kB
Time pass: 99 sec

---2015-12-03 10:32:03
MemTotal:        1860984 kB
MemFree:          328396 kB
Buffers:            4956 kB
Cached:           713856 kB
SwapCached:        15432 kB
Active:           542764 kB
Inactive:         669892 kB
Active(anon):     332956 kB
Inactive(anon):   164484 kB
Active(file):     209808 kB
Inactive(file):   505408 kB
Unevictable:         860 kB
Mlocked:               0 kB
HighTotal:       1436668 kB
HighFree:         147636 kB
LowTotal:         424316 kB
LowFree:          180760 kB
SwapTotal:        716796 kB
SwapFree:         578216 kB
Dirty:                 0 kB
Writeback:             0 kB
AnonPages:        491552 kB
Mapped:           203196 kB
Shmem:              2756 kB
Slab:              45208 kB
SReclaimable:      14704 kB
SUnreclaim:        30504 kB
KernelStack:       10856 kB
PageTables:        23092 kB
NFS_Unstable:          0 kB
Bounce:                0 kB
WritebackTmp:          0 kB
CommitLimit:     1647288 kB
Committed_AS:   54603092 kB
VmallocTotal:     458752 kB
VmallocUsed:      111660 kB
VmallocChunk:     173060 kB
Time pass: 103 sec

---2015-12-03 10:32:03
MemTotal:        1860984 kB
MemFree:          328788 kB
Buffers:            4964 kB
Cached:           713876 kB
SwapCached:        15432 kB
Active:           542792 kB
Inactive:         669900 kB
Active(anon):     332984 kB
Inactive(anon):   164484 kB
Active(file):     209808 kB
Inactive(file):   505416 kB
Unevictable:         860 kB
Mlocked:               0 kB
HighTotal:       1436668 kB
HighFree:         148144 kB
LowTotal:         424316 kB
LowFree:          180644 kB
SwapTotal:        716796 kB
SwapFree:         578216 kB
Dirty:                20 kB
Writeback:             0 kB
AnonPages:        491584 kB
Mapped:           203196 kB
Shmem:              2756 kB
Slab:              45200 kB
SReclaimable:      14704 kB
SUnreclaim:        30496 kB
KernelStack:       10856 kB
PageTables:        23092 kB
NFS_Unstable:          0 kB
Bounce:                0 kB
WritebackTmp:          0 kB
CommitLimit:     1647288 kB
Committed_AS:   54603100 kB
VmallocTotal:     458752 kB
VmallocUsed:      111660 kB
VmallocChunk:     173060 kB
Time pass: 106 sec

---2015-12-03 10:32:03
MemTotal:        1860984 kB
MemFree:          328912 kB
Buffers:            4964 kB
Cached:           713876 kB
SwapCached:        15432 kB
Active:           542776 kB
Inactive:         669900 kB
Active(anon):     332968 kB
Inactive(anon):   164484 kB
Active(file):     209808 kB
Inactive(file):   505416 kB
Unevictable:         860 kB
Mlocked:               0 kB
HighTotal:       1436668 kB
HighFree:         148144 kB
LowTotal:         424316 kB
LowFree:          180768 kB
SwapTotal:        716796 kB
SwapFree:         578216 kB
Dirty:                 0 kB
Writeback:             0 kB
AnonPages:        491552 kB
Mapped:           203156 kB
Shmem:              2756 kB
Slab:              45196 kB
SReclaimable:      14704 kB
SUnreclaim:        30492 kB
KernelStack:       10840 kB
PageTables:        23076 kB
NFS_Unstable:          0 kB
Bounce:                0 kB
WritebackTmp:          0 kB
CommitLimit:     1647288 kB
Committed_AS:   54603068 kB
VmallocTotal:     458752 kB
VmallocUsed:      111660 kB
VmallocChunk:     173060 kB
Time pass: 110 sec

---2015-12-03 10:32:03
MemTotal:        1860984 kB
MemFree:          328888 kB
Buffers:            4964 kB
Cached:           713876 kB
SwapCached:        15432 kB
Active:           542788 kB
Inactive:         669900 kB
Active(anon):     332980 kB
Inactive(anon):   164484 kB
Active(file):     209808 kB
Inactive(file):   505416 kB
Unevictable:         860 kB
Mlocked:               0 kB
HighTotal:       1436668 kB
HighFree:         148144 kB
LowTotal:         424316 kB
LowFree:          180744 kB
SwapTotal:        716796 kB
SwapFree:         578216 kB
Dirty:                 0 kB
Writeback:             0 kB
AnonPages:        491636 kB
Mapped:           203196 kB
Shmem:              2756 kB
Slab:              45196 kB
SReclaimable:      14704 kB
SUnreclaim:        30492 kB
KernelStack:       10840 kB
PageTables:        23092 kB
NFS_Unstable:          0 kB
Bounce:                0 kB
WritebackTmp:          0 kB
CommitLimit:     1647288 kB
Committed_AS:   54604000 kB
VmallocTotal:     458752 kB
VmallocUsed:      111660 kB
VmallocChunk:     173060 kB
Time pass: 114 sec

---2015-12-03 10:32:03
MemTotal:        1860984 kB
MemFree:          332276 kB
Buffers:            4964 kB
Cached:           713876 kB
SwapCached:        15148 kB
Active:           545192 kB
Inactive:         663292 kB
Active(anon):     335384 kB
Inactive(anon):   157876 kB
Active(file):     209808 kB
Inactive(file):   505416 kB
Unevictable:         860 kB
Mlocked:               0 kB
HighTotal:       1436668 kB
HighFree:         150128 kB
LowTotal:         424316 kB
LowFree:          182148 kB
SwapTotal:        716796 kB
SwapFree:         574340 kB
Dirty:                 0 kB
Writeback:             0 kB
AnonPages:        487696 kB
Mapped:           203196 kB
Shmem:              2756 kB
Slab:              45196 kB
SReclaimable:      14704 kB
SUnreclaim:        30492 kB
KernelStack:       10840 kB
PageTables:        23088 kB
NFS_Unstable:          0 kB
Bounce:                0 kB
WritebackTmp:          0 kB
CommitLimit:     1647288 kB
Committed_AS:   54603068 kB
VmallocTotal:     458752 kB
VmallocUsed:      111660 kB
VmallocChunk:     173060 kB
Time pass: 117 sec

---2015-12-03 10:32:03
MemTotal:        1860984 kB
MemFree:          328460 kB
Buffers:            4964 kB
Cached:           713876 kB
SwapCached:        15176 kB
Active:           548532 kB
Inactive:         663320 kB
Active(anon):     338724 kB
Inactive(anon):   157904 kB
Active(file):     209808 kB
Inactive(file):   505416 kB
Unevictable:         860 kB
Mlocked:               0 kB
HighTotal:       1436668 kB
HighFree:         146780 kB
LowTotal:         424316 kB
LowFree:          181680 kB
SwapTotal:        716796 kB
SwapFree:         574340 kB
Dirty:                 0 kB
Writeback:             0 kB
AnonPages:        491072 kB
Mapped:           203320 kB
Shmem:              2756 kB
Slab:              45192 kB
SReclaimable:      14704 kB
SUnreclaim:        30488 kB
KernelStack:       10848 kB
PageTables:        23284 kB
NFS_Unstable:          0 kB
Bounce:                0 kB
WritebackTmp:          0 kB
CommitLimit:     1647288 kB
Committed_AS:   55601008 kB
VmallocTotal:     458752 kB
VmallocUsed:      111660 kB
VmallocChunk:     173060 kB
Time pass: 121 sec

---2015-12-03 10:32:03
MemTotal:        1860984 kB
MemFree:          257300 kB
Buffers:            5424 kB
Cached:           714360 kB
SwapCached:        15752 kB
Active:           566940 kB
Inactive:         664368 kB
Active(anon):     356636 kB
Inactive(anon):   158636 kB
Active(file):     210304 kB
Inactive(file):   505732 kB
Unevictable:         860 kB
Mlocked:               0 kB
HighTotal:       1436668 kB
HighFree:          98844 kB
LowTotal:         424316 kB
LowFree:          158456 kB
SwapTotal:        716796 kB
SwapFree:         574376 kB
Dirty:               960 kB
Writeback:             0 kB
AnonPages:        509108 kB
Mapped:           226460 kB
Shmem:              2888 kB
Slab:              45288 kB
SReclaimable:      14696 kB
SUnreclaim:        30592 kB
KernelStack:       11376 kB
PageTables:        23752 kB
NFS_Unstable:          0 kB
Bounce:                0 kB
WritebackTmp:          0 kB
CommitLimit:     1647288 kB
Committed_AS:   55460264 kB
VmallocTotal:     458752 kB
VmallocUsed:      112888 kB
VmallocChunk:     173060 kB
Time pass: 124 sec

---2015-12-03 10:32:03
MemTotal:        1860984 kB
MemFree:          208352 kB
Buffers:            5472 kB
Cached:           715496 kB
SwapCached:        15756 kB
Active:           581296 kB
Inactive:         663980 kB
Active(anon):     369360 kB
Inactive(anon):   158664 kB
Active(file):     211936 kB
Inactive(file):   505316 kB
Unevictable:         860 kB
Mlocked:               0 kB
HighTotal:       1436668 kB
HighFree:          57164 kB
LowTotal:         424316 kB
LowFree:          151188 kB
SwapTotal:        716796 kB
SwapFree:         574384 kB
Dirty:              1288 kB
Writeback:             0 kB
AnonPages:        521840 kB
Mapped:           232000 kB
Shmem:              2892 kB
Slab:              45160 kB
SReclaimable:      14688 kB
SUnreclaim:        30472 kB
KernelStack:       11440 kB
PageTables:        23932 kB
NFS_Unstable:          0 kB
Bounce:                0 kB
WritebackTmp:          0 kB
CommitLimit:     1647288 kB
Committed_AS:   55476352 kB
VmallocTotal:     458752 kB
VmallocUsed:      113032 kB
VmallocChunk:     173060 kB
Time pass: 128 sec

---2015-12-03 10:32:03
MemTotal:        1860984 kB
MemFree:          170292 kB
Buffers:            5472 kB
Cached:           717376 kB
SwapCached:        15648 kB
Active:           588260 kB
Inactive:         660340 kB
Active(anon):     372564 kB
Inactive(anon):   156864 kB
Active(file):     215696 kB
Inactive(file):   503476 kB
Unevictable:         860 kB
Mlocked:               0 kB
HighTotal:       1436668 kB
HighFree:          38844 kB
LowTotal:         424316 kB
LowFree:          131448 kB
SwapTotal:        716796 kB
SwapFree:         570372 kB
Dirty:              1588 kB
Writeback:             4 kB
AnonPages:        523356 kB
Mapped:           236288 kB
Shmem:              2892 kB
Slab:              45244 kB
SReclaimable:      14752 kB
SUnreclaim:        30492 kB
KernelStack:       11392 kB
PageTables:        23992 kB
NFS_Unstable:          0 kB
Bounce:                0 kB
WritebackTmp:          0 kB
CommitLimit:     1647288 kB
Committed_AS:   55486796 kB
VmallocTotal:     458752 kB
VmallocUsed:      113208 kB
VmallocChunk:     173060 kB
Time pass: 131 sec

---2015-12-03 10:32:03
MemTotal:        1860984 kB
MemFree:          134464 kB
Buffers:            5480 kB
Cached:           717660 kB
SwapCached:        15648 kB
Active:           590060 kB
Inactive:         660052 kB
Active(anon):     373924 kB
Inactive(anon):   156816 kB
Active(file):     216136 kB
Inactive(file):   503236 kB
Unevictable:         860 kB
Mlocked:               0 kB
HighTotal:       1436668 kB
HighFree:          34932 kB
LowTotal:         424316 kB
LowFree:           99532 kB
SwapTotal:        716796 kB
SwapFree:         570372 kB
Dirty:              2020 kB
Writeback:             0 kB
AnonPages:        524564 kB
Mapped:           240592 kB
Shmem:              2892 kB
Slab:              45120 kB
SReclaimable:      14692 kB
SUnreclaim:        30428 kB
KernelStack:       11440 kB
PageTables:        24080 kB
NFS_Unstable:          0 kB
Bounce:                0 kB
WritebackTmp:          0 kB
CommitLimit:     1647288 kB
Committed_AS:   55480888 kB
VmallocTotal:     458752 kB
VmallocUsed:      113344 kB
VmallocChunk:     173060 kB
Time pass: 134 sec

---2015-12-03 10:32:03
MemTotal:        1860984 kB
MemFree:          135832 kB
Buffers:            5480 kB
Cached:           717660 kB
SwapCached:        15652 kB
Active:           590008 kB
Inactive:         660052 kB
Active(anon):     373848 kB
Inactive(anon):   156824 kB
Active(file):     216160 kB
Inactive(file):   503228 kB
Unevictable:         860 kB
Mlocked:               0 kB
HighTotal:       1436668 kB
HighFree:          35796 kB
LowTotal:         424316 kB
LowFree:          100036 kB
SwapTotal:        716796 kB
SwapFree:         570376 kB
Dirty:               268 kB
Writeback:             0 kB
AnonPages:        524528 kB
Mapped:           240680 kB
Shmem:              2892 kB
Slab:              45084 kB
SReclaimable:      14688 kB
SUnreclaim:        30396 kB
KernelStack:       11360 kB
PageTables:        24096 kB
NFS_Unstable:          0 kB
Bounce:                0 kB
WritebackTmp:          0 kB
CommitLimit:     1647288 kB
Committed_AS:   55480776 kB
VmallocTotal:     458752 kB
VmallocUsed:      113344 kB
VmallocChunk:     173060 kB
Time pass: 138 sec

---2015-12-03 10:32:03
MemTotal:        1860984 kB
MemFree:          117880 kB
Buffers:            5488 kB
Cached:           717676 kB
SwapCached:        15656 kB
Active:           595144 kB
Inactive:         660092 kB
Active(anon):     378976 kB
Inactive(anon):   156848 kB
Active(file):     216168 kB
Inactive(file):   503244 kB
Unevictable:         860 kB
Mlocked:               0 kB
HighTotal:       1436668 kB
HighFree:          29816 kB
LowTotal:         424316 kB
LowFree:           88064 kB
SwapTotal:        716796 kB
SwapFree:         570396 kB
Dirty:               572 kB
Writeback:             0 kB
AnonPages:        529668 kB
Mapped:           242804 kB
Shmem:              2892 kB
Slab:              45064 kB
SReclaimable:      14688 kB
SUnreclaim:        30376 kB
KernelStack:       11392 kB
PageTables:        24120 kB
NFS_Unstable:          0 kB
Bounce:                0 kB
WritebackTmp:          0 kB
CommitLimit:     1647288 kB
Committed_AS:   55485344 kB
VmallocTotal:     458752 kB
VmallocUsed:      113428 kB
VmallocChunk:     173060 kB
Time pass: 141 sec

---2015-12-03 10:32:03
MemTotal:        1860984 kB
MemFree:          118068 kB
Buffers:            5488 kB
Cached:           717676 kB
SwapCached:        15656 kB
Active:           595540 kB
Inactive:         660092 kB
Active(anon):     379372 kB
Inactive(anon):   156848 kB
Active(file):     216168 kB
Inactive(file):   503244 kB
Unevictable:         860 kB
Mlocked:               0 kB
HighTotal:       1436668 kB
HighFree:          29980 kB
LowTotal:         424316 kB
LowFree:           88088 kB
SwapTotal:        716796 kB
SwapFree:         570396 kB
Dirty:               572 kB
Writeback:             0 kB
AnonPages:        530080 kB
Mapped:           242852 kB
Shmem:              2892 kB
Slab:              45068 kB
SReclaimable:      14688 kB
SUnreclaim:        30380 kB
KernelStack:       11360 kB
PageTables:        24120 kB
NFS_Unstable:          0 kB
Bounce:                0 kB
WritebackTmp:          0 kB
CommitLimit:     1647288 kB
Committed_AS:   55485656 kB
VmallocTotal:     458752 kB
VmallocUsed:      113428 kB
VmallocChunk:     173060 kB
Time pass: 145 sec

---2015-12-03 10:32:03
MemTotal:        1860984 kB
MemFree:          120948 kB
Buffers:            5496 kB
Cached:           717700 kB
SwapCached:        15632 kB
Active:           593200 kB
Inactive:         658340 kB
Active(anon):     377032 kB
Inactive(anon):   155088 kB
Active(file):     216168 kB
Inactive(file):   503252 kB
Unevictable:         860 kB
Mlocked:               0 kB
HighTotal:       1436668 kB
HighFree:          32336 kB
LowTotal:         424316 kB
LowFree:           88612 kB
SwapTotal:        716796 kB
SwapFree:         566320 kB
Dirty:                 0 kB
Writeback:             0 kB
AnonPages:        526004 kB
Mapped:           242852 kB
Shmem:              2892 kB
Slab:              45164 kB
SReclaimable:      14688 kB
SUnreclaim:        30476 kB
KernelStack:       11360 kB
PageTables:        24120 kB
NFS_Unstable:          0 kB
Bounce:                0 kB
WritebackTmp:          0 kB
CommitLimit:     1647288 kB
Committed_AS:   55485656 kB
VmallocTotal:     458752 kB
VmallocUsed:      113428 kB
VmallocChunk:     173060 kB
Time pass: 148 sec

---2015-12-03 10:32:03
MemTotal:        1860984 kB
MemFree:          100376 kB
Buffers:            5520 kB
Cached:           717660 kB
SwapCached:        15632 kB
Active:           602512 kB
Inactive:         658344 kB
Active(anon):     386340 kB
Inactive(anon):   155088 kB
Active(file):     216172 kB
Inactive(file):   503256 kB
Unevictable:         860 kB
Mlocked:               0 kB
HighTotal:       1436668 kB
HighFree:          28492 kB
LowTotal:         424316 kB
LowFree:           71884 kB
SwapTotal:        716796 kB
SwapFree:         566324 kB
Dirty:                32 kB
Writeback:             0 kB
AnonPages:        535400 kB
Mapped:           244392 kB
Shmem:              2892 kB
Slab:              45140 kB
SReclaimable:      14676 kB
SUnreclaim:        30464 kB
KernelStack:       11520 kB
PageTables:        24332 kB
NFS_Unstable:          0 kB
Bounce:                0 kB
WritebackTmp:          0 kB
CommitLimit:     1647288 kB
Committed_AS:   55516716 kB
VmallocTotal:     458752 kB
VmallocUsed:      117232 kB
VmallocChunk:     173060 kB
Time pass: 152 sec

---2015-12-03 10:32:03
MemTotal:        1860984 kB
MemFree:           86336 kB
Buffers:            5552 kB
Cached:           717964 kB
SwapCached:        14912 kB
Active:           608388 kB
Inactive:         656820 kB
Active(anon):     392088 kB
Inactive(anon):   153640 kB
Active(file):     216300 kB
Inactive(file):   503180 kB
Unevictable:         860 kB
Mlocked:               0 kB
HighTotal:       1436668 kB
HighFree:          19504 kB
LowTotal:         424316 kB
LowFree:           66832 kB
SwapTotal:        716796 kB
SwapFree:         562908 kB
Dirty:                 4 kB
Writeback:             0 kB
AnonPages:        540292 kB
Mapped:           244916 kB
Shmem:              3176 kB
Slab:              45220 kB
SReclaimable:      14724 kB
SUnreclaim:        30496 kB
KernelStack:       11680 kB
PageTables:        24316 kB
NFS_Unstable:          0 kB
Bounce:                0 kB
WritebackTmp:          0 kB
CommitLimit:     1647288 kB
Committed_AS:   55523608 kB
VmallocTotal:     458752 kB
VmallocUsed:      118032 kB
VmallocChunk:     173060 kB
Time pass: 156 sec

---2015-12-03 10:32:03
MemTotal:        1860984 kB
MemFree:           86172 kB
Buffers:            5584 kB
Cached:           718040 kB
SwapCached:        14908 kB
Active:           610908 kB
Inactive:         656992 kB
Active(anon):     394608 kB
Inactive(anon):   153780 kB
Active(file):     216300 kB
Inactive(file):   503212 kB
Unevictable:         860 kB
Mlocked:               0 kB
HighTotal:       1436668 kB
HighFree:          18036 kB
LowTotal:         424316 kB
LowFree:           68136 kB
SwapTotal:        716796 kB
SwapFree:         562948 kB
Dirty:                44 kB
Writeback:             0 kB
AnonPages:        542800 kB
Mapped:           243360 kB
Shmem:              3244 kB
Slab:              45448 kB
SReclaimable:      14756 kB
SUnreclaim:        30692 kB
KernelStack:       11656 kB
PageTables:        24380 kB
NFS_Unstable:          0 kB
Bounce:                0 kB
WritebackTmp:          0 kB
CommitLimit:     1647288 kB
Committed_AS:   55525812 kB
VmallocTotal:     458752 kB
VmallocUsed:      118032 kB
VmallocChunk:     173060 kB
Time pass: 159 sec

---2015-12-03 10:32:03
MemTotal:        1860984 kB
MemFree:           88160 kB
Buffers:            5600 kB
Cached:           718032 kB
SwapCached:        14832 kB
Active:           608272 kB
Inactive:         656000 kB
Active(anon):     391972 kB
Inactive(anon):   152772 kB
Active(file):     216300 kB
Inactive(file):   503228 kB
Unevictable:         860 kB
Mlocked:               0 kB
HighTotal:       1436668 kB
HighFree:          19320 kB
LowTotal:         424316 kB
LowFree:           68840 kB
SwapTotal:        716796 kB
SwapFree:         558888 kB
Dirty:                36 kB
Writeback:             0 kB
AnonPages:        539116 kB
Mapped:           243360 kB
Shmem:              3244 kB
Slab:              45464 kB
SReclaimable:      14756 kB
SUnreclaim:        30708 kB
KernelStack:       11640 kB
PageTables:        24380 kB
NFS_Unstable:          0 kB
Bounce:                0 kB
WritebackTmp:          0 kB
CommitLimit:     1647288 kB
Committed_AS:   55526092 kB
VmallocTotal:     458752 kB
VmallocUsed:      118032 kB
VmallocChunk:     173060 kB
Time pass: 163 sec

---2015-12-03 10:32:03
MemTotal:        1860984 kB
MemFree:           88276 kB
Buffers:            5600 kB
Cached:           718032 kB
SwapCached:        14836 kB
Active:           609424 kB
Inactive:         656008 kB
Active(anon):     393124 kB
Inactive(anon):   152780 kB
Active(file):     216300 kB
Inactive(file):   503228 kB
Unevictable:         860 kB
Mlocked:               0 kB
HighTotal:       1436668 kB
HighFree:          18928 kB
LowTotal:         424316 kB
LowFree:           69348 kB
SwapTotal:        716796 kB
SwapFree:         558908 kB
Dirty:                 0 kB
Writeback:             0 kB
AnonPages:        540404 kB
Mapped:           243360 kB
Shmem:              3244 kB
Slab:              45476 kB
SReclaimable:      14756 kB
SUnreclaim:        30720 kB
KernelStack:       11616 kB
PageTables:        24380 kB
NFS_Unstable:          0 kB
Bounce:                0 kB
WritebackTmp:          0 kB
CommitLimit:     1647288 kB
Committed_AS:   55527280 kB
VmallocTotal:     458752 kB
VmallocUsed:      118032 kB
VmallocChunk:     173060 kB
Time pass: 167 sec

---2015-12-03 10:32:03
MemTotal:        1860984 kB
MemFree:           89060 kB
Buffers:            5608 kB
Cached:           718032 kB
SwapCached:        14836 kB
Active:           607684 kB
Inactive:         655896 kB
Active(anon):     391384 kB
Inactive(anon):   152660 kB
Active(file):     216300 kB
Inactive(file):   503236 kB
Unevictable:         860 kB
Mlocked:               0 kB
HighTotal:       1436668 kB
HighFree:          20096 kB
LowTotal:         424316 kB
LowFree:           68964 kB
SwapTotal:        716796 kB
SwapFree:         557776 kB
Dirty:                28 kB
Writeback:             0 kB
AnonPages:        538608 kB
Mapped:           243360 kB
Shmem:              3244 kB
Slab:              45404 kB
SReclaimable:      14756 kB
SUnreclaim:        30648 kB
KernelStack:       11608 kB
PageTables:        24380 kB
NFS_Unstable:          0 kB
Bounce:                0 kB
WritebackTmp:          0 kB
CommitLimit:     1647288 kB
Committed_AS:   55527272 kB
VmallocTotal:     458752 kB
VmallocUsed:      118032 kB
VmallocChunk:     173060 kB
Time pass: 170 sec

---2015-12-03 10:32:03
MemTotal:        1860984 kB
MemFree:           90596 kB
Buffers:            5624 kB
Cached:           718032 kB
SwapCached:        14832 kB
Active:           604916 kB
Inactive:         655648 kB
Active(anon):     388616 kB
Inactive(anon):   152396 kB
Active(file):     216300 kB
Inactive(file):   503252 kB
Unevictable:         860 kB
Mlocked:               0 kB
HighTotal:       1436668 kB
HighFree:          21360 kB
LowTotal:         424316 kB
LowFree:           69236 kB
SwapTotal:        716796 kB
SwapFree:         554808 kB
Dirty:                 4 kB
Writeback:             0 kB
AnonPages:        535396 kB
Mapped:           243336 kB
Shmem:              3244 kB
Slab:              45508 kB
SReclaimable:      14848 kB
SUnreclaim:        30660 kB
KernelStack:       11648 kB
PageTables:        24368 kB
NFS_Unstable:          0 kB
Bounce:                0 kB
WritebackTmp:          0 kB
CommitLimit:     1647288 kB
Committed_AS:   55526180 kB
VmallocTotal:     458752 kB
VmallocUsed:      118032 kB
VmallocChunk:     173060 kB
Time pass: 175 sec

---2015-12-03 10:32:03
MemTotal:        1860984 kB
MemFree:           92484 kB
Buffers:            5648 kB
Cached:           718032 kB
SwapCached:        14828 kB
Active:           601108 kB
Inactive:         655472 kB
Active(anon):     384808 kB
Inactive(anon):   152196 kB
Active(file):     216300 kB
Inactive(file):   503276 kB
Unevictable:         860 kB
Mlocked:               0 kB
HighTotal:       1436668 kB
HighFree:          23220 kB
LowTotal:         424316 kB
LowFree:           69264 kB
SwapTotal:        716796 kB
SwapFree:         550632 kB
Dirty:                 0 kB
Writeback:             0 kB
AnonPages:        531408 kB
Mapped:           243384 kB
Shmem:              3244 kB
Slab:              45608 kB
SReclaimable:      14928 kB
SUnreclaim:        30680 kB
KernelStack:       11688 kB
PageTables:        24392 kB
NFS_Unstable:          0 kB
Bounce:                0 kB
WritebackTmp:          0 kB
CommitLimit:     1647288 kB
Committed_AS:   55526292 kB
VmallocTotal:     458752 kB
VmallocUsed:      118032 kB
VmallocChunk:     173060 kB
Time pass: 179 sec

---2015-12-03 10:32:03
MemTotal:        1860984 kB
MemFree:           94488 kB
Buffers:            5648 kB
Cached:           718032 kB
SwapCached:        14828 kB
Active:           601808 kB
Inactive:         655440 kB
Active(anon):     385508 kB
Inactive(anon):   152164 kB
Active(file):     216300 kB
Inactive(file):   503276 kB
Unevictable:         860 kB
Mlocked:               0 kB
HighTotal:       1436668 kB
HighFree:          23684 kB
LowTotal:         424316 kB
LowFree:           70804 kB
SwapTotal:        716796 kB
SwapFree:         550636 kB
Dirty:                 0 kB
Writeback:             0 kB
AnonPages:        531988 kB
Mapped:           243396 kB
Shmem:              3244 kB
Slab:              45488 kB
SReclaimable:      14872 kB
SUnreclaim:        30616 kB
KernelStack:       11672 kB
PageTables:        24384 kB
NFS_Unstable:          0 kB
Bounce:                0 kB
WritebackTmp:          0 kB
CommitLimit:     1647288 kB
Committed_AS:   55527360 kB
VmallocTotal:     458752 kB
VmallocUsed:      118032 kB
VmallocChunk:     173060 kB
Time pass: 183 sec

---2015-12-03 10:32:03
MemTotal:        1860984 kB
MemFree:           95640 kB
Buffers:            5672 kB
Cached:           718016 kB
SwapCached:        14832 kB
Active:           597452 kB
Inactive:         655076 kB
Active(anon):     381152 kB
Inactive(anon):   151792 kB
Active(file):     216300 kB
Inactive(file):   503284 kB
Unevictable:         860 kB
Mlocked:               0 kB
HighTotal:       1436668 kB
HighFree:          24944 kB
LowTotal:         424316 kB
LowFree:           70696 kB
SwapTotal:        716796 kB
SwapFree:         546484 kB
Dirty:                32 kB
Writeback:             0 kB
AnonPages:        527180 kB
Mapped:           243400 kB
Shmem:              3244 kB
Slab:              45544 kB
SReclaimable:      14856 kB
SUnreclaim:        30688 kB
KernelStack:       11624 kB
PageTables:        24396 kB
NFS_Unstable:          0 kB
Bounce:                0 kB
WritebackTmp:          0 kB
CommitLimit:     1647288 kB
Committed_AS:   55526300 kB
VmallocTotal:     458752 kB
VmallocUsed:      118032 kB
VmallocChunk:     173060 kB
Time pass: 187 sec

---2015-12-03 10:32:03
MemTotal:        1860984 kB
MemFree:           96004 kB
Buffers:            5672 kB
Cached:           718036 kB
SwapCached:        14848 kB
Active:           597504 kB
Inactive:         655116 kB
Active(anon):     381204 kB
Inactive(anon):   151816 kB
Active(file):     216300 kB
Inactive(file):   503300 kB
Unevictable:         860 kB
Mlocked:               0 kB
HighTotal:       1436668 kB
HighFree:          25300 kB
LowTotal:         424316 kB
LowFree:           70704 kB
SwapTotal:        716796 kB
SwapFree:         546512 kB
Dirty:                 0 kB
Writeback:             0 kB
AnonPages:        527532 kB
Mapped:           243404 kB
Shmem:              3248 kB
Slab:              45388 kB
SReclaimable:      14780 kB
SUnreclaim:        30608 kB
KernelStack:       11624 kB
PageTables:        24380 kB
NFS_Unstable:          0 kB
Bounce:                0 kB
WritebackTmp:          0 kB
CommitLimit:     1647288 kB
Committed_AS:   55526304 kB
VmallocTotal:     458752 kB
VmallocUsed:      118032 kB
VmallocChunk:     173060 kB
Time pass: 191 sec

---2015-12-03 10:32:03
MemTotal:        1860984 kB
MemFree:           96272 kB
Buffers:            5680 kB
Cached:           718032 kB
SwapCached:        14844 kB
Active:           597552 kB
Inactive:         655140 kB
Active(anon):     381252 kB
Inactive(anon):   151832 kB
Active(file):     216300 kB
Inactive(file):   503308 kB
Unevictable:         860 kB
Mlocked:               0 kB
HighTotal:       1436668 kB
HighFree:          25384 kB
LowTotal:         424316 kB
LowFree:           70888 kB
SwapTotal:        716796 kB
SwapFree:         546544 kB
Dirty:                28 kB
Writeback:             0 kB
AnonPages:        527528 kB
Mapped:           243404 kB
Shmem:              3248 kB
Slab:              45464 kB
SReclaimable:      14772 kB
SUnreclaim:        30692 kB
KernelStack:       11560 kB
PageTables:        24380 kB
NFS_Unstable:          0 kB
Bounce:                0 kB
WritebackTmp:          0 kB
CommitLimit:     1647288 kB
Committed_AS:   55527376 kB
VmallocTotal:     458752 kB
VmallocUsed:      118056 kB
VmallocChunk:     173060 kB
Time pass: 194 sec

---2015-12-03 10:32:03
MemTotal:        1860984 kB
MemFree:           96800 kB
Buffers:            5696 kB
Cached:           718124 kB
SwapCached:        14844 kB
Active:           597708 kB
Inactive:         655172 kB
Active(anon):     381408 kB
Inactive(anon):   151756 kB
Active(file):     216300 kB
Inactive(file):   503416 kB
Unevictable:         860 kB
Mlocked:               0 kB
HighTotal:       1436668 kB
HighFree:          25396 kB
LowTotal:         424316 kB
LowFree:           71404 kB
SwapTotal:        716796 kB
SwapFree:         546468 kB
Dirty:                32 kB
Writeback:             0 kB
AnonPages:        527680 kB
Mapped:           243416 kB
Shmem:              3248 kB
Slab:              45384 kB
SReclaimable:      14764 kB
SUnreclaim:        30620 kB
KernelStack:       11552 kB
PageTables:        24384 kB
NFS_Unstable:          0 kB
Bounce:                0 kB
WritebackTmp:          0 kB
CommitLimit:     1647288 kB
Committed_AS:   55526288 kB
VmallocTotal:     458752 kB
VmallocUsed:      118056 kB
VmallocChunk:     173060 kB
Time pass: 198 sec

---2015-12-03 10:32:03
MemTotal:        1860984 kB
MemFree:           99276 kB
Buffers:            5712 kB
Cached:           718128 kB
SwapCached:        14852 kB
Active:           593772 kB
Inactive:         655024 kB
Active(anon):     377472 kB
Inactive(anon):   151592 kB
Active(file):     216300 kB
Inactive(file):   503432 kB
Unevictable:         860 kB
Mlocked:               0 kB
HighTotal:       1436668 kB
HighFree:          27500 kB
LowTotal:         424316 kB
LowFree:           71776 kB
SwapTotal:        716796 kB
SwapFree:         542624 kB
Dirty:                36 kB
Writeback:             0 kB
AnonPages:        523288 kB
Mapped:           243416 kB
Shmem:              3248 kB
Slab:              45404 kB
SReclaimable:      14776 kB
SUnreclaim:        30628 kB
KernelStack:       11552 kB
PageTables:        24380 kB
NFS_Unstable:          0 kB
Bounce:                0 kB
WritebackTmp:          0 kB
CommitLimit:     1647288 kB
Committed_AS:   55526088 kB
VmallocTotal:     458752 kB
VmallocUsed:      118056 kB
VmallocChunk:     173060 kB
Time pass: 201 sec

---2015-12-03 10:32:03
MemTotal:        1860984 kB
MemFree:           98508 kB
Buffers:            5720 kB
Cached:           718128 kB
SwapCached:        14852 kB
Active:           593828 kB
Inactive:         655124 kB
Active(anon):     377528 kB
Inactive(anon):   151692 kB
Active(file):     216300 kB
Inactive(file):   503432 kB
Unevictable:         860 kB
Mlocked:               0 kB
HighTotal:       1436668 kB
HighFree:          27048 kB
LowTotal:         424316 kB
LowFree:           71460 kB
SwapTotal:        716796 kB
SwapFree:         542672 kB
Dirty:                28 kB
Writeback:             0 kB
AnonPages:        523564 kB
Mapped:           243416 kB
Shmem:              3248 kB
Slab:              45524 kB
SReclaimable:      14776 kB
SUnreclaim:        30748 kB
KernelStack:       11600 kB
PageTables:        24380 kB
NFS_Unstable:          0 kB
Bounce:                0 kB
WritebackTmp:          0 kB
CommitLimit:     1647288 kB
Committed_AS:   55526112 kB
VmallocTotal:     458752 kB
VmallocUsed:      118056 kB
VmallocChunk:     173060 kB
Time pass: 205 sec

---2015-12-03 10:32:03
MemTotal:        1860984 kB
MemFree:           99796 kB
Buffers:            5736 kB
Cached:           718128 kB
SwapCached:        14848 kB
Active:           590024 kB
Inactive:         654972 kB
Active(anon):     373724 kB
Inactive(anon):   151516 kB
Active(file):     216300 kB
Inactive(file):   503456 kB
Unevictable:         860 kB
Mlocked:               0 kB
HighTotal:       1436668 kB
HighFree:          27708 kB
LowTotal:         424316 kB
LowFree:           72088 kB
SwapTotal:        716796 kB
SwapFree:         538604 kB
Dirty:                36 kB
Writeback:             0 kB
AnonPages:        519392 kB
Mapped:           243416 kB
Shmem:              3248 kB
Slab:              45368 kB
SReclaimable:      14768 kB
SUnreclaim:        30600 kB
KernelStack:       11600 kB
PageTables:        24384 kB
NFS_Unstable:          0 kB
Bounce:                0 kB
WritebackTmp:          0 kB
CommitLimit:     1647288 kB
Committed_AS:   55526088 kB
VmallocTotal:     458752 kB
VmallocUsed:      118056 kB
VmallocChunk:     173060 kB
Time pass: 208 sec

---2015-12-03 10:32:03
MemTotal:        1860984 kB
MemFree:           99988 kB
Buffers:            5736 kB
Cached:           718128 kB
SwapCached:        14852 kB
Active:           590052 kB
Inactive:         655024 kB
Active(anon):     373752 kB
Inactive(anon):   151568 kB
Active(file):     216300 kB
Inactive(file):   503456 kB
Unevictable:         860 kB
Mlocked:               0 kB
HighTotal:       1436668 kB
HighFree:          27692 kB
LowTotal:         424316 kB
LowFree:           72296 kB
SwapTotal:        716796 kB
SwapFree:         538692 kB
Dirty:                 0 kB
Writeback:             0 kB
AnonPages:        519692 kB
Mapped:           243416 kB
Shmem:              3248 kB
Slab:              45412 kB
SReclaimable:      14752 kB
SUnreclaim:        30660 kB
KernelStack:       11600 kB
PageTables:        24376 kB
NFS_Unstable:          0 kB
Bounce:                0 kB
WritebackTmp:          0 kB
CommitLimit:     1647288 kB
Committed_AS:   55526184 kB
VmallocTotal:     458752 kB
VmallocUsed:      118056 kB
VmallocChunk:     173060 kB
Time pass: 212 sec

---2015-12-03 10:32:03
MemTotal:        1860984 kB
MemFree:           98952 kB
Buffers:            5760 kB
Cached:           718128 kB
SwapCached:        14848 kB
Active:           590340 kB
Inactive:         655124 kB
Active(anon):     374040 kB
Inactive(anon):   151644 kB
Active(file):     216300 kB
Inactive(file):   503480 kB
Unevictable:         860 kB
Mlocked:               0 kB
HighTotal:       1436668 kB
HighFree:          27072 kB
LowTotal:         424316 kB
LowFree:           71880 kB
SwapTotal:        716796 kB
SwapFree:         538740 kB
Dirty:                36 kB
Writeback:             0 kB
AnonPages:        520020 kB
Mapped:           243416 kB
Shmem:              3248 kB
Slab:              45508 kB
SReclaimable:      14752 kB
SUnreclaim:        30756 kB
KernelStack:       11608 kB
PageTables:        24376 kB
NFS_Unstable:          0 kB
Bounce:                0 kB
WritebackTmp:          0 kB
CommitLimit:     1647288 kB
Committed_AS:   55526404 kB
VmallocTotal:     458752 kB
VmallocUsed:      118056 kB
VmallocChunk:     173060 kB
Time pass: 215 sec

---2015-12-03 10:32:03
MemTotal:        1860984 kB
MemFree:          102364 kB
Buffers:            5760 kB
Cached:           718128 kB
SwapCached:        14848 kB
Active:           586568 kB
Inactive:         654864 kB
Active(anon):     370268 kB
Inactive(anon):   151384 kB
Active(file):     216300 kB
Inactive(file):   503480 kB
Unevictable:         860 kB
Mlocked:               0 kB
HighTotal:       1436668 kB
HighFree:          29860 kB
LowTotal:         424316 kB
LowFree:           72504 kB
SwapTotal:        716796 kB
SwapFree:         534616 kB
Dirty:                 0 kB
Writeback:             0 kB
AnonPages:        515984 kB
Mapped:           243376 kB
Shmem:              3248 kB
Slab:              45460 kB
SReclaimable:      14816 kB
SUnreclaim:        30644 kB
KernelStack:       11592 kB
PageTables:        24360 kB
NFS_Unstable:          0 kB
Bounce:                0 kB
WritebackTmp:          0 kB
CommitLimit:     1647288 kB
Committed_AS:   55526464 kB
VmallocTotal:     458752 kB
VmallocUsed:      118056 kB
VmallocChunk:     173060 kB
Time pass: 219 sec

---2015-12-03 10:32:03
MemTotal:        1860984 kB
MemFree:          105964 kB
Buffers:            5784 kB
Cached:           718124 kB
SwapCached:        14848 kB
Active:           583796 kB
Inactive:         654632 kB
Active(anon):     367496 kB
Inactive(anon):   151144 kB
Active(file):     216300 kB
Inactive(file):   503488 kB
Unevictable:         860 kB
Mlocked:               0 kB
HighTotal:       1436668 kB
HighFree:          32760 kB
LowTotal:         424316 kB
LowFree:           73204 kB
SwapTotal:        716796 kB
SwapFree:         530460 kB
Dirty:                28 kB
Writeback:             0 kB
AnonPages:        512936 kB
Mapped:           243420 kB
Shmem:              3252 kB
Slab:              45472 kB
SReclaimable:      14848 kB
SUnreclaim:        30624 kB
KernelStack:       11560 kB
PageTables:        24376 kB
NFS_Unstable:          0 kB
Bounce:                0 kB
WritebackTmp:          0 kB
CommitLimit:     1647288 kB
Committed_AS:   55527588 kB
VmallocTotal:     458752 kB
VmallocUsed:      118056 kB
VmallocChunk:     173060 kB
Time pass: 223 sec

---2015-12-03 10:32:03
MemTotal:        1860984 kB
MemFree:          103184 kB
Buffers:            5808 kB
Cached:           718160 kB
SwapCached:        14864 kB
Active:           584540 kB
Inactive:         654724 kB
Active(anon):     368232 kB
Inactive(anon):   151172 kB
Active(file):     216308 kB
Inactive(file):   503552 kB
Unevictable:         860 kB
Mlocked:               0 kB
HighTotal:       1436668 kB
HighFree:          30840 kB
LowTotal:         424316 kB
LowFree:           72344 kB
SwapTotal:        716796 kB
SwapFree:         530464 kB
Dirty:                44 kB
Writeback:             0 kB
AnonPages:        513716 kB
Mapped:           243588 kB
Shmem:              3252 kB
Slab:              45596 kB
SReclaimable:      14848 kB
SUnreclaim:        30748 kB
KernelStack:       11696 kB
PageTables:        24640 kB
NFS_Unstable:          0 kB
Bounce:                0 kB
WritebackTmp:          0 kB
CommitLimit:     1647288 kB
Committed_AS:   56315060 kB
VmallocTotal:     458752 kB
VmallocUsed:      119076 kB
VmallocChunk:     173060 kB
Time pass: 227 sec

---2015-12-03 10:32:03
MemTotal:        1860984 kB
MemFree:          103528 kB
Buffers:            5808 kB
Cached:           718160 kB
SwapCached:        14860 kB
Active:           584664 kB
Inactive:         654728 kB
Active(anon):     368356 kB
Inactive(anon):   151180 kB
Active(file):     216308 kB
Inactive(file):   503548 kB
Unevictable:         860 kB
Mlocked:               0 kB
HighTotal:       1436668 kB
HighFree:          31048 kB
LowTotal:         424316 kB
LowFree:           72480 kB
SwapTotal:        716796 kB
SwapFree:         530476 kB
Dirty:                 0 kB
Writeback:             0 kB
AnonPages:        513872 kB
Mapped:           243628 kB
Shmem:              3252 kB
Slab:              45612 kB
SReclaimable:      14848 kB
SUnreclaim:        30764 kB
KernelStack:       11664 kB
PageTables:        24656 kB
NFS_Unstable:          0 kB
Bounce:                0 kB
WritebackTmp:          0 kB
CommitLimit:     1647288 kB
Committed_AS:   56314948 kB
VmallocTotal:     458752 kB
VmallocUsed:      119076 kB
VmallocChunk:     173060 kB
Time pass: 231 sec

---2015-12-03 10:32:03
MemTotal:        1860984 kB
MemFree:          106888 kB
Buffers:            5832 kB
Cached:           718144 kB
SwapCached:        14860 kB
Active:           582040 kB
Inactive:         653968 kB
Active(anon):     365732 kB
Inactive(anon):   150412 kB
Active(file):     216308 kB
Inactive(file):   503556 kB
Unevictable:         860 kB
Mlocked:               0 kB
HighTotal:       1436668 kB
HighFree:          33520 kB
LowTotal:         424316 kB
LowFree:           73368 kB
SwapTotal:        716796 kB
SwapFree:         526304 kB
Dirty:                28 kB
Writeback:             8 kB
AnonPages:        510540 kB
Mapped:           243628 kB
Shmem:              3252 kB
Slab:              45496 kB
SReclaimable:      14768 kB
SUnreclaim:        30728 kB
KernelStack:       11728 kB
PageTables:        24668 kB
NFS_Unstable:          0 kB
Bounce:                0 kB
WritebackTmp:          0 kB
CommitLimit:     1647288 kB
Committed_AS:   56316108 kB
VmallocTotal:     458752 kB
VmallocUsed:      119076 kB
VmallocChunk:     173060 kB
Time pass: 235 sec

---2015-12-03 10:32:03
MemTotal:        1860984 kB
MemFree:          108492 kB
Buffers:            5832 kB
Cached:           718160 kB
SwapCached:        14868 kB
Active:           578828 kB
Inactive:         652596 kB
Active(anon):     362520 kB
Inactive(anon):   149024 kB
Active(file):     216308 kB
Inactive(file):   503572 kB
Unevictable:         860 kB
Mlocked:               0 kB
HighTotal:       1436668 kB
HighFree:          35380 kB
LowTotal:         424316 kB
LowFree:           73112 kB
SwapTotal:        716796 kB
SwapFree:         522168 kB
Dirty:                 0 kB
Writeback:             0 kB
AnonPages:        505788 kB
Mapped:           243628 kB
Shmem:              3252 kB
Slab:              45556 kB
SReclaimable:      14768 kB
SUnreclaim:        30788 kB
KernelStack:       11680 kB
PageTables:        24656 kB
NFS_Unstable:          0 kB
Bounce:                0 kB
WritebackTmp:          0 kB
CommitLimit:     1647288 kB
Committed_AS:   56315144 kB
VmallocTotal:     458752 kB
VmallocUsed:      119076 kB
VmallocChunk:     173060 kB
Time pass: 239 sec

---2015-12-03 10:32:03
MemTotal:        1860984 kB
MemFree:          110256 kB
Buffers:            5840 kB
Cached:           718160 kB
SwapCached:        14868 kB
Active:           578092 kB
Inactive:         652632 kB
Active(anon):     361784 kB
Inactive(anon):   149052 kB
Active(file):     216308 kB
Inactive(file):   503580 kB
Unevictable:         860 kB
Mlocked:               0 kB
HighTotal:       1436668 kB
HighFree:          36592 kB
LowTotal:         424316 kB
LowFree:           73664 kB
SwapTotal:        716796 kB
SwapFree:         522188 kB
Dirty:                28 kB
Writeback:             0 kB
AnonPages:        505032 kB
Mapped:           243708 kB
Shmem:              3252 kB
Slab:              45572 kB
SReclaimable:      14776 kB
SUnreclaim:        30796 kB
KernelStack:       11688 kB
PageTables:        24656 kB
NFS_Unstable:          0 kB
Bounce:                0 kB
WritebackTmp:          0 kB
CommitLimit:     1647288 kB
Committed_AS:   56315228 kB
VmallocTotal:     458752 kB
VmallocUsed:      119076 kB
VmallocChunk:     173060 kB
Time pass: 242 sec

---2015-12-03 10:32:03
MemTotal:        1860984 kB
MemFree:          109548 kB
Buffers:            5856 kB
Cached:           718156 kB
SwapCached:        14876 kB
Active:           576584 kB
Inactive:         651148 kB
Active(anon):     360276 kB
Inactive(anon):   147552 kB
Active(file):     216308 kB
Inactive(file):   503596 kB
Unevictable:         860 kB
Mlocked:               0 kB
HighTotal:       1436668 kB
HighFree:          36044 kB
LowTotal:         424316 kB
LowFree:           73504 kB
SwapTotal:        716796 kB
SwapFree:         518824 kB
Dirty:                 0 kB
Writeback:             0 kB
AnonPages:        502436 kB
Mapped:           243712 kB
Shmem:              3252 kB
Slab:              45576 kB
SReclaimable:      14776 kB
SUnreclaim:        30800 kB
KernelStack:       11680 kB
PageTables:        24656 kB
NFS_Unstable:          0 kB
Bounce:                0 kB
WritebackTmp:          0 kB
CommitLimit:     1647288 kB
Committed_AS:   56315328 kB
VmallocTotal:     458752 kB
VmallocUsed:      119076 kB
VmallocChunk:     173060 kB
Time pass: 246 sec

---2015-12-03 10:32:03
MemTotal:        1860984 kB
MemFree:          110872 kB
Buffers:            5880 kB
Cached:           718132 kB
SwapCached:        14884 kB
Active:           576184 kB
Inactive:         651036 kB
Active(anon):     359876 kB
Inactive(anon):   147432 kB
Active(file):     216308 kB
Inactive(file):   503604 kB
Unevictable:         860 kB
Mlocked:               0 kB
HighTotal:       1436668 kB
HighFree:          36936 kB
LowTotal:         424316 kB
LowFree:           73936 kB
SwapTotal:        716796 kB
SwapFree:         518036 kB
Dirty:                28 kB
Writeback:             0 kB
AnonPages:        501624 kB
Mapped:           243712 kB
Shmem:              3252 kB
Slab:              45584 kB
SReclaimable:      14776 kB
SUnreclaim:        30808 kB
KernelStack:       11688 kB
PageTables:        24656 kB
NFS_Unstable:          0 kB
Bounce:                0 kB
WritebackTmp:          0 kB
CommitLimit:     1647288 kB
Committed_AS:   56315188 kB
VmallocTotal:     458752 kB
VmallocUsed:      119076 kB
VmallocChunk:     173060 kB
Time pass: 251 sec

---2015-12-03 10:32:03
MemTotal:        1860984 kB
MemFree:          111960 kB
Buffers:            5880 kB
Cached:           718160 kB
SwapCached:        14880 kB
Active:           573744 kB
Inactive:         649724 kB
Active(anon):     357436 kB
Inactive(anon):   146104 kB
Active(file):     216308 kB
Inactive(file):   503620 kB
Unevictable:         860 kB
Mlocked:               0 kB
HighTotal:       1436668 kB
HighFree:          37732 kB
LowTotal:         424316 kB
LowFree:           74228 kB
SwapTotal:        716796 kB
SwapFree:         513840 kB
Dirty:                 0 kB
Writeback:             0 kB
AnonPages:        497864 kB
Mapped:           243712 kB
Shmem:              3252 kB
Slab:              45640 kB
SReclaimable:      14776 kB
SUnreclaim:        30864 kB
KernelStack:       11680 kB
PageTables:        24664 kB
NFS_Unstable:          0 kB
Bounce:                0 kB
WritebackTmp:          0 kB
CommitLimit:     1647288 kB
Committed_AS:   56315076 kB
VmallocTotal:     458752 kB
VmallocUsed:      119076 kB
VmallocChunk:     173060 kB
Time pass: 255 sec

---2015-12-03 10:32:03
MemTotal:        1860984 kB
MemFree:          111380 kB
Buffers:            5904 kB
Cached:           718144 kB
SwapCached:        14880 kB
Active:           574228 kB
Inactive:         649732 kB
Active(anon):     357920 kB
Inactive(anon):   146104 kB
Active(file):     216308 kB
Inactive(file):   503628 kB
Unevictable:         860 kB
Mlocked:               0 kB
HighTotal:       1436668 kB
HighFree:          36964 kB
LowTotal:         424316 kB
LowFree:           74416 kB
SwapTotal:        716796 kB
SwapFree:         513840 kB
Dirty:                28 kB
Writeback:             0 kB
AnonPages:        498348 kB
Mapped:           243712 kB
Shmem:              3252 kB
Slab:              45632 kB
SReclaimable:      14776 kB
SUnreclaim:        30856 kB
KernelStack:       11632 kB
PageTables:        24660 kB
NFS_Unstable:          0 kB
Bounce:                0 kB
WritebackTmp:          0 kB
CommitLimit:     1647288 kB
Committed_AS:   56315220 kB
VmallocTotal:     458752 kB
VmallocUsed:      119076 kB
VmallocChunk:     173060 kB
Time pass: 259 sec

---2015-12-03 10:32:03
MemTotal:        1860984 kB
MemFree:          111660 kB
Buffers:            5904 kB
Cached:           718156 kB
SwapCached:        14880 kB
Active:           574916 kB
Inactive:         649624 kB
Active(anon):     358608 kB
Inactive(anon):   145980 kB
Active(file):     216308 kB
Inactive(file):   503644 kB
Unevictable:         860 kB
Mlocked:               0 kB
HighTotal:       1436668 kB
HighFree:          36824 kB
LowTotal:         424316 kB
LowFree:           74836 kB
SwapTotal:        716796 kB
SwapFree:         513844 kB
Dirty:                 4 kB
Writeback:             0 kB
AnonPages:        499032 kB
Mapped:           243712 kB
Shmem:              3252 kB
Slab:              45660 kB
SReclaimable:      14784 kB
SUnreclaim:        30876 kB
KernelStack:       11672 kB
PageTables:        24656 kB
NFS_Unstable:          0 kB
Bounce:                0 kB
WritebackTmp:          0 kB
CommitLimit:     1647288 kB
Committed_AS:   56316416 kB
VmallocTotal:     458752 kB
VmallocUsed:      119076 kB
VmallocChunk:     173060 kB
Time pass: 262 sec

---2015-12-03 10:32:03
MemTotal:        1860984 kB
MemFree:          114416 kB
Buffers:            5912 kB
Cached:           718160 kB
SwapCached:        14876 kB
Active:           571460 kB
Inactive:         648692 kB
Active(anon):     355152 kB
Inactive(anon):   145040 kB
Active(file):     216308 kB
Inactive(file):   503652 kB
Unevictable:         860 kB
Mlocked:               0 kB
HighTotal:       1436668 kB
HighFree:          39096 kB
LowTotal:         424316 kB
LowFree:           75320 kB
SwapTotal:        716796 kB
SwapFree:         509752 kB
Dirty:                32 kB
Writeback:             0 kB
AnonPages:        494432 kB
Mapped:           243712 kB
Shmem:              3252 kB
Slab:              45696 kB
SReclaimable:      14776 kB
SUnreclaim:        30920 kB
KernelStack:       11696 kB
PageTables:        24656 kB
NFS_Unstable:          0 kB
Bounce:                0 kB
WritebackTmp:          0 kB
CommitLimit:     1647288 kB
Committed_AS:   56315260 kB
VmallocTotal:     458752 kB
VmallocUsed:      119076 kB
VmallocChunk:     173060 kB
Time pass: 266 sec

---2015-12-03 10:32:03
MemTotal:        1860984 kB
MemFree:          116484 kB
Buffers:            5928 kB
Cached:           718164 kB
SwapCached:        14620 kB
Active:           569912 kB
Inactive:         646332 kB
Active(anon):     353604 kB
Inactive(anon):   142664 kB
Active(file):     216308 kB
Inactive(file):   503668 kB
Unevictable:         860 kB
Mlocked:               0 kB
HighTotal:       1436668 kB
HighFree:          39648 kB
LowTotal:         424316 kB
LowFree:           76836 kB
SwapTotal:        716796 kB
SwapFree:         505800 kB
Dirty:                36 kB
Writeback:             0 kB
AnonPages:        490568 kB
Mapped:           243712 kB
Shmem:              3252 kB
Slab:              45620 kB
SReclaimable:      14844 kB
SUnreclaim:        30776 kB
KernelStack:       11656 kB
PageTables:        24656 kB
NFS_Unstable:          0 kB
Bounce:                0 kB
WritebackTmp:          0 kB
CommitLimit:     1647288 kB
Committed_AS:   56315204 kB
VmallocTotal:     458752 kB
VmallocUsed:      119076 kB
VmallocChunk:     173060 kB
Time pass: 270 sec

---2015-12-03 10:32:03
MemTotal:        1860984 kB
MemFree:          115632 kB
Buffers:            5944 kB
Cached:           718184 kB
SwapCached:        14608 kB
Active:           570004 kB
Inactive:         646352 kB
Active(anon):     353696 kB
Inactive(anon):   142668 kB
Active(file):     216308 kB
Inactive(file):   503684 kB
Unevictable:         860 kB
Mlocked:               0 kB
HighTotal:       1436668 kB
HighFree:          39152 kB
LowTotal:         424316 kB
LowFree:           76480 kB
SwapTotal:        716796 kB
SwapFree:         505820 kB
Dirty:                36 kB
Writeback:             0 kB
AnonPages:        490708 kB
Mapped:           243712 kB
Shmem:              3276 kB
Slab:              45644 kB
SReclaimable:      14844 kB
SUnreclaim:        30800 kB
KernelStack:       11680 kB
PageTables:        24656 kB
NFS_Unstable:          0 kB
Bounce:                0 kB
WritebackTmp:          0 kB
CommitLimit:     1647288 kB
Committed_AS:   56315116 kB
VmallocTotal:     458752 kB
VmallocUsed:      119076 kB
VmallocChunk:     173060 kB
Time pass: 273 sec

---2015-12-03 10:32:03
MemTotal:        1860984 kB
MemFree:          116032 kB
Buffers:            5952 kB
Cached:           718188 kB
SwapCached:        14608 kB
Active:           570260 kB
Inactive:         646360 kB
Active(anon):     353952 kB
Inactive(anon):   142676 kB
Active(file):     216308 kB
Inactive(file):   503684 kB
Unevictable:         860 kB
Mlocked:               0 kB
HighTotal:       1436668 kB
HighFree:          39096 kB
LowTotal:         424316 kB
LowFree:           76936 kB
SwapTotal:        716796 kB
SwapFree:         505832 kB
Dirty:                28 kB
Writeback:             0 kB
AnonPages:        490796 kB
Mapped:           243712 kB
Shmem:              3276 kB
Slab:              45616 kB
SReclaimable:      14840 kB
SUnreclaim:        30776 kB
KernelStack:       11656 kB
PageTables:        24656 kB
NFS_Unstable:          0 kB
Bounce:                0 kB
WritebackTmp:          0 kB
CommitLimit:     1647288 kB
Committed_AS:   56315168 kB
VmallocTotal:     458752 kB
VmallocUsed:      119076 kB
VmallocChunk:     173060 kB
Time pass: 277 sec

---2015-12-03 10:32:03
MemTotal:        1860984 kB
MemFree:          115124 kB
Buffers:            5968 kB
Cached:           718184 kB
SwapCached:        14600 kB
Active:           570540 kB
Inactive:         646392 kB
Active(anon):     354232 kB
Inactive(anon):   142684 kB
Active(file):     216308 kB
Inactive(file):   503708 kB
Unevictable:         860 kB
Mlocked:               0 kB
HighTotal:       1436668 kB
HighFree:          38668 kB
LowTotal:         424316 kB
LowFree:           76456 kB
SwapTotal:        716796 kB
SwapFree:         505844 kB
Dirty:                32 kB
Writeback:             0 kB
AnonPages:        491212 kB
Mapped:           243712 kB
Shmem:              3276 kB
Slab:              45712 kB
SReclaimable:      14832 kB
SUnreclaim:        30880 kB
KernelStack:       11680 kB
PageTables:        24656 kB
NFS_Unstable:          0 kB
Bounce:                0 kB
WritebackTmp:          0 kB
CommitLimit:     1647288 kB
Committed_AS:   56315252 kB
VmallocTotal:     458752 kB
VmallocUsed:      119076 kB
VmallocChunk:     173060 kB
Time pass: 280 sec

---2015-12-03 10:32:03
MemTotal:        1860984 kB
MemFree:          116240 kB
Buffers:            5968 kB
Cached:           718188 kB
SwapCached:        14592 kB
Active:           568116 kB
Inactive:         644980 kB
Active(anon):     351808 kB
Inactive(anon):   141272 kB
Active(file):     216308 kB
Inactive(file):   503708 kB
Unevictable:         860 kB
Mlocked:               0 kB
HighTotal:       1436668 kB
HighFree:          39660 kB
LowTotal:         424316 kB
LowFree:           76580 kB
SwapTotal:        716796 kB
SwapFree:         501724 kB
Dirty:                 0 kB
Writeback:             0 kB
AnonPages:        487212 kB
Mapped:           243712 kB
Shmem:              3276 kB
Slab:              45740 kB
SReclaimable:      14912 kB
SUnreclaim:        30828 kB
KernelStack:       11712 kB
PageTables:        24656 kB
NFS_Unstable:          0 kB
Bounce:                0 kB
WritebackTmp:          0 kB
CommitLimit:     1647288 kB
Committed_AS:   56315400 kB
VmallocTotal:     458752 kB
VmallocUsed:      119076 kB
VmallocChunk:     173060 kB
Time pass: 284 sec

---2015-12-03 10:32:03
MemTotal:        1860984 kB
MemFree:          117972 kB
Buffers:            5992 kB
Cached:           718184 kB
SwapCached:        14592 kB
Active:           568612 kB
Inactive:         644956 kB
Active(anon):     352304 kB
Inactive(anon):   141224 kB
Active(file):     216308 kB
Inactive(file):   503732 kB
Unevictable:         860 kB
Mlocked:               0 kB
HighTotal:       1436668 kB
HighFree:          40580 kB
LowTotal:         424316 kB
LowFree:           77392 kB
SwapTotal:        716796 kB
SwapFree:         501732 kB
Dirty:                36 kB
Writeback:             0 kB
AnonPages:        487860 kB
Mapped:           243712 kB
Shmem:              3276 kB
Slab:              45688 kB
SReclaimable:      14824 kB
SUnreclaim:        30864 kB
KernelStack:       11664 kB
PageTables:        24656 kB
NFS_Unstable:          0 kB
Bounce:                0 kB
WritebackTmp:          0 kB
CommitLimit:     1647288 kB
Committed_AS:   56315428 kB
VmallocTotal:     458752 kB
VmallocUsed:      119076 kB
VmallocChunk:     173060 kB
Time pass: 287 sec

---2015-12-03 10:32:03
MemTotal:        1860984 kB
MemFree:          117204 kB
Buffers:            6008 kB
Cached:           718172 kB
SwapCached:        14588 kB
Active:           568676 kB
Inactive:         644956 kB
Active(anon):     352368 kB
Inactive(anon):   141224 kB
Active(file):     216308 kB
Inactive(file):   503732 kB
Unevictable:         860 kB
Mlocked:               0 kB
HighTotal:       1436668 kB
HighFree:          39960 kB
LowTotal:         424316 kB
LowFree:           77244 kB
SwapTotal:        716796 kB
SwapFree:         501740 kB
Dirty:                 0 kB
Writeback:             0 kB
AnonPages:        488112 kB
Mapped:           243712 kB
Shmem:              3276 kB
Slab:              45680 kB
SReclaimable:      14824 kB
SUnreclaim:        30856 kB
KernelStack:       11672 kB
PageTables:        24656 kB
NFS_Unstable:          0 kB
Bounce:                0 kB
WritebackTmp:          0 kB
CommitLimit:     1647288 kB
Committed_AS:   56315432 kB
VmallocTotal:     458752 kB
VmallocUsed:      119076 kB
VmallocChunk:     173060 kB
Time pass: 291 sec

---2015-12-03 10:32:03
MemTotal:        1860984 kB
MemFree:          118596 kB
Buffers:            6008 kB
Cached:           718188 kB
SwapCached:        14572 kB
Active:           566476 kB
Inactive:         643900 kB
Active(anon):     350168 kB
Inactive(anon):   140152 kB
Active(file):     216308 kB
Inactive(file):   503748 kB
Unevictable:         860 kB
Mlocked:               0 kB
HighTotal:       1436668 kB
HighFree:          40928 kB
LowTotal:         424316 kB
LowFree:           77668 kB
SwapTotal:        716796 kB
SwapFree:         498668 kB
Dirty:                36 kB
Writeback:             0 kB
AnonPages:        484644 kB
Mapped:           243712 kB
Shmem:              3276 kB
Slab:              45680 kB
SReclaimable:      14824 kB
SUnreclaim:        30856 kB
KernelStack:       11632 kB
PageTables:        24660 kB
NFS_Unstable:          0 kB
Bounce:                0 kB
WritebackTmp:          0 kB
CommitLimit:     1647288 kB
Committed_AS:   56315488 kB
VmallocTotal:     458752 kB
VmallocUsed:      119076 kB
VmallocChunk:     173060 kB
Time pass: 294 sec

---2015-12-03 10:32:03
MemTotal:        1860984 kB
MemFree:          118064 kB
Buffers:            6032 kB
Cached:           718160 kB
SwapCached:        14576 kB
Active:           566528 kB
Inactive:         643564 kB
Active(anon):     350220 kB
Inactive(anon):   139808 kB
Active(file):     216308 kB
Inactive(file):   503756 kB
Unevictable:         860 kB
Mlocked:               0 kB
HighTotal:       1436668 kB
HighFree:          40392 kB
LowTotal:         424316 kB
LowFree:           77672 kB
SwapTotal:        716796 kB
SwapFree:         497620 kB
Dirty:                28 kB
Writeback:             0 kB
AnonPages:        484312 kB
Mapped:           243712 kB
Shmem:              3276 kB
Slab:              45592 kB
SReclaimable:      14776 kB
SUnreclaim:        30816 kB
KernelStack:       11664 kB
PageTables:        24660 kB
NFS_Unstable:          0 kB
Bounce:                0 kB
WritebackTmp:          0 kB
CommitLimit:     1647288 kB
Committed_AS:   56317428 kB
VmallocTotal:     458752 kB
VmallocUsed:      119076 kB
VmallocChunk:     173060 kB
Time pass: 299 sec

---2015-12-03 10:32:03
MemTotal:        1860984 kB
MemFree:          120244 kB
Buffers:            6032 kB
Cached:           718184 kB
SwapCached:        14576 kB
Active:           563452 kB
Inactive:         642208 kB
Active(anon):     347144 kB
Inactive(anon):   138436 kB
Active(file):     216308 kB
Inactive(file):   503772 kB
Unevictable:         860 kB
Mlocked:               0 kB
HighTotal:       1436668 kB
HighFree:          42024 kB
LowTotal:         424316 kB
LowFree:           78220 kB
SwapTotal:        716796 kB
SwapFree:         493480 kB
Dirty:                 0 kB
Writeback:             0 kB
AnonPages:        480136 kB
Mapped:           243712 kB
Shmem:              3276 kB
Slab:              45636 kB
SReclaimable:      14776 kB
SUnreclaim:        30860 kB
KernelStack:       11664 kB
PageTables:        24660 kB
NFS_Unstable:          0 kB
Bounce:                0 kB
WritebackTmp:          0 kB
CommitLimit:     1647288 kB
Committed_AS:   56315412 kB
VmallocTotal:     458752 kB
VmallocUsed:      119076 kB
VmallocChunk:     173060 kB
Time pass: 303 sec

---2015-12-03 10:32:03
MemTotal:        1860984 kB
MemFree:          125316 kB
Buffers:            6056 kB
Cached:           718168 kB
SwapCached:        15252 kB
Active:           560068 kB
Inactive:         641268 kB
Active(anon):     343760 kB
Inactive(anon):   137488 kB
Active(file):     216308 kB
Inactive(file):   503780 kB
Unevictable:         860 kB
Mlocked:               0 kB
HighTotal:       1436668 kB
HighFree:          46552 kB
LowTotal:         424316 kB
LowFree:           78764 kB
SwapTotal:        716796 kB
SwapFree:         493824 kB
Dirty:                28 kB
Writeback:             0 kB
AnonPages:        475440 kB
Mapped:           243712 kB
Shmem:              3276 kB
Slab:              45584 kB
SReclaimable:      14776 kB
SUnreclaim:        30808 kB
KernelStack:       11672 kB
PageTables:        24660 kB
NFS_Unstable:          0 kB
Bounce:                0 kB
WritebackTmp:          0 kB
CommitLimit:     1647288 kB
Committed_AS:   56315672 kB
VmallocTotal:     458752 kB
VmallocUsed:      119076 kB
VmallocChunk:     173060 kB
Time pass: 307 sec

---2015-12-03 10:32:03
MemTotal:        1860984 kB
MemFree:          125624 kB
Buffers:            6056 kB
Cached:           718184 kB
SwapCached:        15540 kB
Active:           559196 kB
Inactive:         641612 kB
Active(anon):     342888 kB
Inactive(anon):   137816 kB
Active(file):     216308 kB
Inactive(file):   503796 kB
Unevictable:         860 kB
Mlocked:               0 kB
HighTotal:       1436668 kB
HighFree:          46780 kB
LowTotal:         424316 kB
LowFree:           78844 kB
SwapTotal:        716796 kB
SwapFree:         493864 kB
Dirty:                 0 kB
Writeback:             0 kB
AnonPages:        475072 kB
Mapped:           243712 kB
Shmem:              3276 kB
Slab:              45644 kB
SReclaimable:      14776 kB
SUnreclaim:        30868 kB
KernelStack:       11672 kB
PageTables:        24660 kB
NFS_Unstable:          0 kB
Bounce:                0 kB
WritebackTmp:          0 kB
CommitLimit:     1647288 kB
Committed_AS:   56315408 kB
VmallocTotal:     458752 kB
VmallocUsed:      119076 kB
VmallocChunk:     173060 kB
Time pass: 311 sec

---2015-12-03 10:32:03
MemTotal:        1860984 kB
MemFree:          126120 kB
Buffers:            6088 kB
Cached:           718184 kB
SwapCached:        16348 kB
Active:           557952 kB
Inactive:         641032 kB
Active(anon):     341636 kB
Inactive(anon):   137212 kB
Active(file):     216316 kB
Inactive(file):   503820 kB
Unevictable:         860 kB
Mlocked:               0 kB
HighTotal:       1436668 kB
HighFree:          46736 kB
LowTotal:         424316 kB
LowFree:           79384 kB
SwapTotal:        716796 kB
SwapFree:         490060 kB
Dirty:                96 kB
Writeback:             0 kB
AnonPages:        473224 kB
Mapped:           243632 kB
Shmem:              3276 kB
Slab:              45580 kB
SReclaimable:      14788 kB
SUnreclaim:        30792 kB
KernelStack:       11688 kB
PageTables:        24660 kB
NFS_Unstable:          0 kB
Bounce:                0 kB
WritebackTmp:          0 kB
CommitLimit:     1647288 kB
Committed_AS:   56315432 kB
VmallocTotal:     458752 kB
VmallocUsed:      119076 kB
VmallocChunk:     173060 kB
Time pass: 315 sec

---2015-12-03 10:32:03
MemTotal:        1860984 kB
MemFree:          128000 kB
Buffers:            6112 kB
Cached:           718160 kB
SwapCached:        16348 kB
Active:           556216 kB
Inactive:         638948 kB
Active(anon):     339900 kB
Inactive(anon):   135128 kB
Active(file):     216316 kB
Inactive(file):   503820 kB
Unevictable:         860 kB
Mlocked:               0 kB
HighTotal:       1436668 kB
HighFree:          48804 kB
LowTotal:         424316 kB
LowFree:           79196 kB
SwapTotal:        716796 kB
SwapFree:         485916 kB
Dirty:                 0 kB
Writeback:             0 kB
AnonPages:        469244 kB
Mapped:           243632 kB
Shmem:              3276 kB
Slab:              45564 kB
SReclaimable:      14796 kB
SUnreclaim:        30768 kB
KernelStack:       11640 kB
PageTables:        24672 kB
NFS_Unstable:          0 kB
Bounce:                0 kB
WritebackTmp:          0 kB
CommitLimit:     1647288 kB
Committed_AS:   56315392 kB
VmallocTotal:     458752 kB
VmallocUsed:      119076 kB
VmallocChunk:     173060 kB
Time pass: 319 sec

---2015-12-03 10:32:03
MemTotal:        1860984 kB
MemFree:          128908 kB
Buffers:            6112 kB
Cached:           718184 kB
SwapCached:        16348 kB
Active:           556156 kB
Inactive:         638976 kB
Active(anon):     339840 kB
Inactive(anon):   135132 kB
Active(file):     216316 kB
Inactive(file):   503844 kB
Unevictable:         860 kB
Mlocked:               0 kB
HighTotal:       1436668 kB
HighFree:          49188 kB
LowTotal:         424316 kB
LowFree:           79720 kB
SwapTotal:        716796 kB
SwapFree:         485920 kB
Dirty:                64 kB
Writeback:             0 kB
AnonPages:        469272 kB
Mapped:           243632 kB
Shmem:              3276 kB
Slab:              45532 kB
SReclaimable:      14796 kB
SUnreclaim:        30736 kB
KernelStack:       11680 kB
PageTables:        24660 kB
NFS_Unstable:          0 kB
Bounce:                0 kB
WritebackTmp:          0 kB
CommitLimit:     1647288 kB
Committed_AS:   56315468 kB
VmallocTotal:     458752 kB
VmallocUsed:      119076 kB
VmallocChunk:     173060 kB
Time pass: 323 sec

---2015-12-03 10:32:03
MemTotal:        1860984 kB
MemFree:          130904 kB
Buffers:            6136 kB
Cached:           718168 kB
SwapCached:        16340 kB
Active:           553228 kB
Inactive:         637712 kB
Active(anon):     336912 kB
Inactive(anon):   133860 kB
Active(file):     216316 kB
Inactive(file):   503852 kB
Unevictable:         860 kB
Mlocked:               0 kB
HighTotal:       1436668 kB
HighFree:          50532 kB
LowTotal:         424316 kB
LowFree:           80372 kB
SwapTotal:        716796 kB
SwapFree:         481836 kB
Dirty:                28 kB
Writeback:             0 kB
AnonPages:        465164 kB
Mapped:           243632 kB
Shmem:              3276 kB
Slab:              45564 kB
SReclaimable:      14788 kB
SUnreclaim:        30776 kB
KernelStack:       11632 kB
PageTables:        24660 kB
NFS_Unstable:          0 kB
Bounce:                0 kB
WritebackTmp:          0 kB
CommitLimit:     1647288 kB
Committed_AS:   56315376 kB
VmallocTotal:     458752 kB
VmallocUsed:      119076 kB
VmallocChunk:     173060 kB
Time pass: 327 sec

---2015-12-03 10:32:03
MemTotal:        1860984 kB
MemFree:          132060 kB
Buffers:            6136 kB
Cached:           718184 kB
SwapCached:        16340 kB
Active:           553332 kB
Inactive:         637676 kB
Active(anon):     337016 kB
Inactive(anon):   133808 kB
Active(file):     216316 kB
Inactive(file):   503868 kB
Unevictable:         860 kB
Mlocked:               0 kB
HighTotal:       1436668 kB
HighFree:          51000 kB
LowTotal:         424316 kB
LowFree:           81060 kB
SwapTotal:        716796 kB
SwapFree:         481848 kB
Dirty:                 0 kB
Writeback:             0 kB
AnonPages:        465136 kB
Mapped:           243628 kB
Shmem:              3276 kB
Slab:              45548 kB
SReclaimable:      14780 kB
SUnreclaim:        30768 kB
KernelStack:       11632 kB
PageTables:        24660 kB
NFS_Unstable:          0 kB
Bounce:                0 kB
WritebackTmp:          0 kB
CommitLimit:     1647288 kB
Committed_AS:   56315372 kB
VmallocTotal:     458752 kB
VmallocUsed:      119076 kB
VmallocChunk:     173060 kB
Time pass: 331 sec

---2015-12-03 10:32:03
MemTotal:        1860984 kB
MemFree:          133564 kB
Buffers:            6160 kB
Cached:           718184 kB
SwapCached:        15772 kB
Active:           550356 kB
Inactive:         636912 kB
Active(anon):     334040 kB
Inactive(anon):   133036 kB
Active(file):     216316 kB
Inactive(file):   503876 kB
Unevictable:         860 kB
Mlocked:               0 kB
HighTotal:       1436668 kB
HighFree:          52484 kB
LowTotal:         424316 kB
LowFree:           81080 kB
SwapTotal:        716796 kB
SwapFree:         478288 kB
Dirty:                28 kB
Writeback:             0 kB
AnonPages:        461960 kB
Mapped:           243628 kB
