---2015-11-20 13:53:35
MemTotal:        2746844 kB
MemFree:          101088 kB
Buffers:           13220 kB
Cached:          1019628 kB
SwapCached:            0 kB
Active:           859676 kB
Inactive:        1025572 kB
Active(anon):     419736 kB
Inactive(anon):   450528 kB
Active(file):     439940 kB
Inactive(file):   575044 kB
Unevictable:       34036 kB
Mlocked:           28124 kB
SwapTotal:       1310716 kB
SwapFree:        1310716 kB
Dirty:                 0 kB
Writeback:             0 kB
AnonPages:        886316 kB
Mapped:           421752 kB
Shmem:               508 kB
Slab:             105112 kB
SReclaimable:      30876 kB
SUnreclaim:        74236 kB
KernelStack:       28544 kB
PageTables:        56960 kB
NFS_Unstable:          0 kB
Bounce:                0 kB
WritebackTmp:          0 kB
CommitLimit:     2684136 kB
Committed_AS:   148065188 kB
VmallocTotal:   251658176 kB
VmallocUsed:      285732 kB
VmallocChunk:   247561408 kB
Time pass: 3 sec

---2015-11-20 13:53:35
MemTotal:        2746844 kB
MemFree:          100940 kB
Buffers:           13220 kB
Cached:          1019628 kB
SwapCached:            0 kB
Active:           859928 kB
Inactive:        1025556 kB
Active(anon):     419972 kB
Inactive(anon):   450528 kB
Active(file):     439956 kB
Inactive(file):   575028 kB
Unevictable:       34036 kB
Mlocked:           28124 kB
SwapTotal:       1310716 kB
SwapFree:        1310716 kB
Dirty:                 0 kB
Writeback:             0 kB
AnonPages:        886544 kB
Mapped:           421780 kB
Shmem:               508 kB
Slab:             105100 kB
SReclaimable:      30876 kB
SUnreclaim:        74224 kB
KernelStack:       28544 kB
PageTables:        56964 kB
NFS_Unstable:          0 kB
Bounce:                0 kB
WritebackTmp:          0 kB
CommitLimit:     2684136 kB
Committed_AS:   148065212 kB
VmallocTotal:   251658176 kB
VmallocUsed:      285732 kB
VmallocChunk:   247561408 kB
Time pass: 7 sec

---2015-11-20 13:53:35
MemTotal:        2746844 kB
MemFree:          100412 kB
Buffers:           13240 kB
Cached:          1019628 kB
SwapCached:            0 kB
Active:           860876 kB
Inactive:        1025564 kB
Active(anon):     420916 kB
Inactive(anon):   450524 kB
Active(file):     439960 kB
Inactive(file):   575040 kB
Unevictable:       34036 kB
Mlocked:           28124 kB
SwapTotal:       1310716 kB
SwapFree:        1310716 kB
Dirty:                40 kB
Writeback:             0 kB
AnonPages:        887668 kB
Mapped:           421860 kB
Shmem:               508 kB
Slab:             105004 kB
SReclaimable:      30876 kB
SUnreclaim:        74128 kB
KernelStack:       28528 kB
PageTables:        56996 kB
NFS_Unstable:          0 kB
Bounce:                0 kB
WritebackTmp:          0 kB
CommitLimit:     2684136 kB
Committed_AS:   148065180 kB
VmallocTotal:   251658176 kB
VmallocUsed:      285732 kB
VmallocChunk:   247561408 kB
Time pass: 10 sec

---2015-11-20 13:53:35
MemTotal:        2746844 kB
MemFree:           99476 kB
Buffers:           13240 kB
Cached:          1019628 kB
SwapCached:            0 kB
Active:           861464 kB
Inactive:        1025572 kB
Active(anon):     421508 kB
Inactive(anon):   450524 kB
Active(file):     439956 kB
Inactive(file):   575048 kB
Unevictable:       34036 kB
Mlocked:           28124 kB
SwapTotal:       1310716 kB
SwapFree:        1310716 kB
Dirty:                 0 kB
Writeback:             0 kB
AnonPages:        887856 kB
Mapped:           421944 kB
Shmem:               508 kB
Slab:             105060 kB
SReclaimable:      30876 kB
SUnreclaim:        74184 kB
KernelStack:       28528 kB
PageTables:        57024 kB
NFS_Unstable:          0 kB
Bounce:                0 kB
WritebackTmp:          0 kB
CommitLimit:     2684136 kB
Committed_AS:   148065172 kB
VmallocTotal:   251658176 kB
VmallocUsed:      285732 kB
VmallocChunk:   247561408 kB
Time pass: 14 sec

---2015-11-20 13:53:35
MemTotal:        2746844 kB
MemFree:          104316 kB
Buffers:           13248 kB
Cached:          1019628 kB
SwapCached:            0 kB
Active:           857820 kB
Inactive:        1025384 kB
Active(anon):     417668 kB
Inactive(anon):   450524 kB
Active(file):     440152 kB
Inactive(file):   574860 kB
Unevictable:       34036 kB
Mlocked:           28124 kB
SwapTotal:       1310716 kB
SwapFree:        1310716 kB
Dirty:                36 kB
Writeback:             0 kB
AnonPages:        884220 kB
Mapped:           421072 kB
Shmem:               508 kB
Slab:             105060 kB
SReclaimable:      30876 kB
SUnreclaim:        74184 kB
KernelStack:       28400 kB
PageTables:        55996 kB
NFS_Unstable:          0 kB
Bounce:                0 kB
WritebackTmp:          0 kB
CommitLimit:     2684136 kB
Committed_AS:   144477404 kB
VmallocTotal:   251658176 kB
VmallocUsed:      283692 kB
VmallocChunk:   247561408 kB
Time pass: 17 sec

---2015-11-20 13:53:35
MemTotal:        2746844 kB
MemFree:           65660 kB
Buffers:           13240 kB
Cached:          1019980 kB
SwapCached:            0 kB
Active:           864124 kB
Inactive:        1023976 kB
Active(anon):     422768 kB
Inactive(anon):   450524 kB
Active(file):     441356 kB
Inactive(file):   573452 kB
Unevictable:       34036 kB
Mlocked:           28124 kB
SwapTotal:       1310716 kB
SwapFree:        1310716 kB
Dirty:                 0 kB
Writeback:             0 kB
AnonPages:        889140 kB
Mapped:           427244 kB
Shmem:               508 kB
Slab:             104904 kB
SReclaimable:      30876 kB
SUnreclaim:        74028 kB
KernelStack:       28224 kB
PageTables:        56496 kB
NFS_Unstable:          0 kB
Bounce:                0 kB
WritebackTmp:          0 kB
CommitLimit:     2684136 kB
Committed_AS:   145761336 kB
VmallocTotal:   251658176 kB
VmallocUsed:      292564 kB
VmallocChunk:   247561408 kB
Time pass: 21 sec

---2015-11-20 13:53:35
MemTotal:        2746844 kB
MemFree:           67116 kB
Buffers:           10512 kB
Cached:           840652 kB
SwapCached:           32 kB
Active:           855444 kB
Inactive:         885316 kB
Active(anon):     448996 kB
Inactive(anon):   460384 kB
Active(file):     406448 kB
Inactive(file):   424932 kB
Unevictable:       36092 kB
Mlocked:           28124 kB
SwapTotal:       1310716 kB
SwapFree:        1296936 kB
Dirty:              1868 kB
Writeback:             0 kB
AnonPages:        925680 kB
Mapped:           454040 kB
Shmem:               424 kB
Slab:             105120 kB
SReclaimable:      30972 kB
SUnreclaim:        74148 kB
KernelStack:       30528 kB
PageTables:        57860 kB
NFS_Unstable:          0 kB
Bounce:                0 kB
WritebackTmp:          0 kB
CommitLimit:     2684136 kB
Committed_AS:   147613712 kB
VmallocTotal:   251658176 kB
VmallocUsed:      303320 kB
VmallocChunk:   247561408 kB
Time pass: 24 sec

---2015-11-20 13:53:35
MemTotal:        2746844 kB
MemFree:          100512 kB
Buffers:           10512 kB
Cached:           839104 kB
SwapCached:           40 kB
Active:           828604 kB
Inactive:         867452 kB
Active(anon):     423032 kB
Inactive(anon):   443220 kB
Active(file):     405572 kB
Inactive(file):   424232 kB
Unevictable:       36092 kB
Mlocked:           28124 kB
SwapTotal:       1310716 kB
SwapFree:        1295604 kB
Dirty:               100 kB
Writeback:             0 kB
AnonPages:        882756 kB
Mapped:           454460 kB
Shmem:               424 kB
Slab:             105160 kB
SReclaimable:      30972 kB
SUnreclaim:        74188 kB
KernelStack:       30528 kB
PageTables:        57804 kB
NFS_Unstable:          0 kB
Bounce:                0 kB
WritebackTmp:          0 kB
CommitLimit:     2684136 kB
Committed_AS:   147584440 kB
VmallocTotal:   251658176 kB
VmallocUsed:      303344 kB
VmallocChunk:   247561408 kB
Time pass: 28 sec

---2015-11-20 13:53:35
MemTotal:        2746844 kB
MemFree:          105404 kB
Buffers:           10528 kB
Cached:           839260 kB
SwapCached:           40 kB
Active:           823488 kB
Inactive:         867588 kB
Active(anon):     417872 kB
Inactive(anon):   443208 kB
Active(file):     405616 kB
Inactive(file):   424380 kB
Unevictable:       36092 kB
Mlocked:           28124 kB
SwapTotal:       1310716 kB
SwapFree:        1295604 kB
Dirty:               116 kB
Writeback:             0 kB
AnonPages:        877452 kB
Mapped:           452892 kB
Shmem:               424 kB
Slab:             105128 kB
SReclaimable:      30972 kB
SUnreclaim:        74156 kB
KernelStack:       30368 kB
PageTables:        57168 kB
NFS_Unstable:          0 kB
Bounce:                0 kB
WritebackTmp:          0 kB
CommitLimit:     2684136 kB
Committed_AS:   145790516 kB
VmallocTotal:   251658176 kB
VmallocUsed:      302324 kB
VmallocChunk:   247561408 kB
Time pass: 32 sec

---2015-11-20 13:53:35
MemTotal:        2746844 kB
MemFree:           66560 kB
Buffers:           10436 kB
Cached:           820488 kB
SwapCached:           92 kB
Active:           836796 kB
Inactive:         857532 kB
Active(anon):     439352 kB
Inactive(anon):   443980 kB
Active(file):     397444 kB
Inactive(file):   413552 kB
Unevictable:       36092 kB
Mlocked:           28124 kB
SwapTotal:       1310716 kB
SwapFree:        1293252 kB
Dirty:               148 kB
Writeback:             0 kB
AnonPages:        898600 kB
Mapped:           458276 kB
Shmem:               424 kB
Slab:             105248 kB
SReclaimable:      30988 kB
SUnreclaim:        74260 kB
KernelStack:       30672 kB
PageTables:        57260 kB
NFS_Unstable:          0 kB
Bounce:                0 kB
WritebackTmp:          0 kB
CommitLimit:     2684136 kB
Committed_AS:   145240944 kB
VmallocTotal:   251658176 kB
VmallocUsed:      303100 kB
VmallocChunk:   247561408 kB
Time pass: 35 sec

---2015-11-20 13:53:35
MemTotal:        2746844 kB
MemFree:           67588 kB
Buffers:           10244 kB
Cached:           812188 kB
SwapCached:          128 kB
Active:           836732 kB
Inactive:         855388 kB
Active(anon):     442328 kB
Inactive(anon):   447152 kB
Active(file):     394404 kB
Inactive(file):   408236 kB
Unevictable:       36092 kB
Mlocked:           28124 kB
SwapTotal:       1310716 kB
SwapFree:        1292124 kB
Dirty:               168 kB
Writeback:             0 kB
AnonPages:        906060 kB
Mapped:           457104 kB
Shmem:               424 kB
Slab:             105244 kB
SReclaimable:      31020 kB
SUnreclaim:        74224 kB
KernelStack:       30576 kB
PageTables:        57384 kB
NFS_Unstable:          0 kB
Bounce:                0 kB
WritebackTmp:          0 kB
CommitLimit:     2684136 kB
Committed_AS:   145241048 kB
VmallocTotal:   251658176 kB
VmallocUsed:      303084 kB
VmallocChunk:   247561408 kB
Time pass: 39 sec

---2015-11-20 13:53:35
MemTotal:        2746844 kB
MemFree:           73336 kB
Buffers:            9344 kB
Cached:           766464 kB
SwapCached:          368 kB
Active:           817916 kB
Inactive:         829420 kB
Active(anon):     440824 kB
Inactive(anon):   450320 kB
Active(file):     377092 kB
Inactive(file):   379100 kB
Unevictable:       36096 kB
Mlocked:           28124 kB
SwapTotal:       1310716 kB
SwapFree:        1275852 kB
Dirty:              1160 kB
Writeback:             0 kB
AnonPages:        907832 kB
Mapped:           456588 kB
Shmem:               428 kB
Slab:             105808 kB
SReclaimable:      31164 kB
SUnreclaim:        74644 kB
KernelStack:       30800 kB
PageTables:        57444 kB
NFS_Unstable:          0 kB
Bounce:                0 kB
WritebackTmp:          0 kB
CommitLimit:     2684136 kB
Committed_AS:   145255996 kB
VmallocTotal:   251658176 kB
VmallocUsed:      307996 kB
VmallocChunk:   247561408 kB
Time pass: 42 sec

---2015-11-20 13:53:35
MemTotal:        2746844 kB
MemFree:           87184 kB
Buffers:            9352 kB
Cached:           766640 kB
SwapCached:          368 kB
Active:           805824 kB
Inactive:         827268 kB
Active(anon):     428836 kB
Inactive(anon):   448072 kB
Active(file):     376988 kB
Inactive(file):   379196 kB
Unevictable:       36096 kB
Mlocked:           28124 kB
SwapTotal:       1310716 kB
SwapFree:        1275852 kB
Dirty:               108 kB
Writeback:             0 kB
AnonPages:        893036 kB
Mapped:           456864 kB
Shmem:               428 kB
Slab:             105652 kB
SReclaimable:      31180 kB
SUnreclaim:        74472 kB
KernelStack:       30800 kB
PageTables:        57372 kB
NFS_Unstable:          0 kB
Bounce:                0 kB
WritebackTmp:          0 kB
CommitLimit:     2684136 kB
Committed_AS:   145256132 kB
VmallocTotal:   251658176 kB
VmallocUsed:      307976 kB
VmallocChunk:   247561408 kB
Time pass: 47 sec

---2015-11-20 13:53:35
MemTotal:        2746844 kB
MemFree:           87092 kB
Buffers:            9360 kB
Cached:           766644 kB
SwapCached:          368 kB
Active:           806476 kB
Inactive:         827268 kB
Active(anon):     429488 kB
Inactive(anon):   448072 kB
Active(file):     376988 kB
Inactive(file):   379196 kB
Unevictable:       36096 kB
Mlocked:           28124 kB
SwapTotal:       1310716 kB
SwapFree:        1275852 kB
Dirty:               120 kB
Writeback:             0 kB
AnonPages:        893316 kB
Mapped:           456956 kB
Shmem:               428 kB
Slab:             105724 kB
SReclaimable:      31180 kB
SUnreclaim:        74544 kB
KernelStack:       30800 kB
PageTables:        57408 kB
NFS_Unstable:          0 kB
Bounce:                0 kB
WritebackTmp:          0 kB
CommitLimit:     2684136 kB
Committed_AS:   145256132 kB
VmallocTotal:   251658176 kB
VmallocUsed:      307976 kB
VmallocChunk:   247561408 kB
Time pass: 50 sec

---2015-11-20 13:53:35
MemTotal:        2746844 kB
MemFree:           72404 kB
Buffers:            9448 kB
Cached:           767428 kB
SwapCached:          368 kB
Active:           809992 kB
Inactive:         828056 kB
Active(anon):     432980 kB
Inactive(anon):   448068 kB
Active(file):     377012 kB
Inactive(file):   379988 kB
Unevictable:       36096 kB
Mlocked:           28124 kB
SwapTotal:       1310716 kB
SwapFree:        1275852 kB
Dirty:               424 kB
Writeback:             0 kB
AnonPages:        897052 kB
Mapped:           457420 kB
Shmem:               428 kB
Slab:             105684 kB
SReclaimable:      31180 kB
SUnreclaim:        74504 kB
KernelStack:       30864 kB
PageTables:        57396 kB
NFS_Unstable:          0 kB
Bounce:                0 kB
WritebackTmp:          0 kB
CommitLimit:     2684136 kB
Committed_AS:   145256408 kB
VmallocTotal:   251658176 kB
VmallocUsed:      308000 kB
VmallocChunk:   247561408 kB
Time pass: 54 sec

---2015-11-20 13:53:35
MemTotal:        2746844 kB
MemFree:           66840 kB
Buffers:            9404 kB
Cached:           729716 kB
SwapCached:          844 kB
Active:           793944 kB
Inactive:         801056 kB
Active(anon):     433536 kB
Inactive(anon):   441360 kB
Active(file):     360408 kB
Inactive(file):   359696 kB
Unevictable:       36096 kB
Mlocked:           28124 kB
SwapTotal:       1310716 kB
SwapFree:        1262700 kB
Dirty:               404 kB
Writeback:             0 kB
AnonPages:        891308 kB
Mapped:           457376 kB
Shmem:               428 kB
Slab:             105728 kB
SReclaimable:      31180 kB
SUnreclaim:        74548 kB
KernelStack:       30848 kB
PageTables:        57520 kB
NFS_Unstable:          0 kB
Bounce:                0 kB
WritebackTmp:          0 kB
CommitLimit:     2684136 kB
Committed_AS:   145256752 kB
VmallocTotal:   251658176 kB
VmallocUsed:      309144 kB
VmallocChunk:   247561408 kB
Time pass: 57 sec

---2015-11-20 13:53:35
MemTotal:        2746844 kB
MemFree:           65008 kB
Buffers:            9404 kB
Cached:           729496 kB
SwapCached:          848 kB
Active:           796380 kB
Inactive:         800304 kB
Active(anon):     436596 kB
Inactive(anon):   440864 kB
Active(file):     359784 kB
Inactive(file):   359440 kB
Unevictable:       36096 kB
Mlocked:           28124 kB
SwapTotal:       1310716 kB
SwapFree:        1262500 kB
Dirty:               608 kB
Writeback:             0 kB
AnonPages:        893188 kB
Mapped:           457416 kB
Shmem:               316 kB
Slab:             105872 kB
SReclaimable:      31164 kB
SUnreclaim:        74708 kB
KernelStack:       30912 kB
PageTables:        57432 kB
NFS_Unstable:          0 kB
Bounce:                0 kB
WritebackTmp:          0 kB
CommitLimit:     2684136 kB
Committed_AS:   145260944 kB
VmallocTotal:   251658176 kB
VmallocUsed:      313204 kB
VmallocChunk:   247561408 kB
Time pass: 61 sec

---2015-11-20 13:53:35
MemTotal:        2746844 kB
MemFree:           64512 kB
Buffers:            9340 kB
Cached:           711176 kB
SwapCached:          988 kB
Active:           793436 kB
Inactive:         795280 kB
Active(anon):     443656 kB
Inactive(anon):   444828 kB
Active(file):     349780 kB
Inactive(file):   350452 kB
Unevictable:       36096 kB
Mlocked:           28124 kB
SwapTotal:       1310716 kB
SwapFree:        1256572 kB
Dirty:               344 kB
Writeback:             0 kB
AnonPages:        904116 kB
Mapped:           460940 kB
Shmem:               460 kB
Slab:             106212 kB
SReclaimable:      31164 kB
SUnreclaim:        75048 kB
KernelStack:       31344 kB
PageTables:        57528 kB
NFS_Unstable:          0 kB
Bounce:                0 kB
WritebackTmp:          0 kB
CommitLimit:     2684136 kB
Committed_AS:   145289272 kB
VmallocTotal:   251658176 kB
VmallocUsed:      315320 kB
VmallocChunk:   247561408 kB
Time pass: 66 sec

---2015-11-20 13:53:35
MemTotal:        2746844 kB
MemFree:           65620 kB
Buffers:            9272 kB
Cached:           699756 kB
SwapCached:          996 kB
Active:           790076 kB
Inactive:         791564 kB
Active(anon):     445296 kB
Inactive(anon):   447208 kB
Active(file):     344780 kB
Inactive(file):   344356 kB
Unevictable:       36096 kB
Mlocked:           28124 kB
SwapTotal:       1310716 kB
SwapFree:        1254088 kB
Dirty:                84 kB
Writeback:             0 kB
AnonPages:        907948 kB
Mapped:           461132 kB
Shmem:               528 kB
Slab:             106304 kB
SReclaimable:      31164 kB
SUnreclaim:        75140 kB
KernelStack:       31376 kB
PageTables:        57716 kB
NFS_Unstable:          0 kB
Bounce:                0 kB
WritebackTmp:          0 kB
CommitLimit:     2684136 kB
Committed_AS:   145293452 kB
VmallocTotal:   251658176 kB
VmallocUsed:      319572 kB
VmallocChunk:   247561408 kB
Time pass: 71 sec

---2015-11-20 13:53:35
MemTotal:        2746844 kB
MemFree:           65924 kB
Buffers:            9264 kB
Cached:           698884 kB
SwapCached:          996 kB
Active:           789064 kB
Inactive:         791844 kB
Active(anon):     444920 kB
Inactive(anon):   447892 kB
Active(file):     344144 kB
Inactive(file):   343952 kB
Unevictable:       36096 kB
Mlocked:           28124 kB
SwapTotal:       1310716 kB
SwapFree:        1253648 kB
Dirty:                 0 kB
Writeback:             0 kB
AnonPages:        908032 kB
Mapped:           461292 kB
Shmem:               688 kB
Slab:             106384 kB
SReclaimable:      31164 kB
SUnreclaim:        75220 kB
KernelStack:       31344 kB
PageTables:        57720 kB
NFS_Unstable:          0 kB
Bounce:                0 kB
WritebackTmp:          0 kB
CommitLimit:     2684136 kB
Committed_AS:   145293460 kB
VmallocTotal:   251658176 kB
VmallocUsed:      319572 kB
VmallocChunk:   247561408 kB
Time pass: 75 sec

---2015-11-20 13:53:35
MemTotal:        2746844 kB
MemFree:           68420 kB
Buffers:            9264 kB
Cached:           697400 kB
SwapCached:          996 kB
Active:           785720 kB
Inactive:         792932 kB
Active(anon):     442788 kB
Inactive(anon):   449340 kB
Active(file):     342932 kB
Inactive(file):   343592 kB
Unevictable:       36096 kB
Mlocked:           28124 kB
SwapTotal:       1310716 kB
SwapFree:        1252392 kB
Dirty:                36 kB
Writeback:             0 kB
AnonPages:        907160 kB
Mapped:           461424 kB
Shmem:               736 kB
Slab:             106388 kB
SReclaimable:      31164 kB
SUnreclaim:        75224 kB
KernelStack:       31328 kB
PageTables:        57752 kB
NFS_Unstable:          0 kB
Bounce:                0 kB
WritebackTmp:          0 kB
CommitLimit:     2684136 kB
Committed_AS:   145297532 kB
VmallocTotal:   251658176 kB
VmallocUsed:      319572 kB
VmallocChunk:   247561408 kB
Time pass: 80 sec

---2015-11-20 13:53:35
MemTotal:        2746844 kB
MemFree:           68004 kB
Buffers:            9280 kB
Cached:           696904 kB
SwapCached:          996 kB
Active:           786060 kB
Inactive:         792620 kB
Active(anon):     443672 kB
Inactive(anon):   448924 kB
Active(file):     342388 kB
Inactive(file):   343696 kB
Unevictable:       36096 kB
Mlocked:           28124 kB
SwapTotal:       1310716 kB
SwapFree:        1252392 kB
Dirty:                 4 kB
Writeback:             0 kB
AnonPages:        907968 kB
Mapped:           461380 kB
Shmem:               736 kB
Slab:             106392 kB
SReclaimable:      31164 kB
SUnreclaim:        75228 kB
KernelStack:       31344 kB
PageTables:        57724 kB
NFS_Unstable:          0 kB
Bounce:                0 kB
WritebackTmp:          0 kB
CommitLimit:     2684136 kB
Committed_AS:   145297508 kB
VmallocTotal:   251658176 kB
VmallocUsed:      319572 kB
VmallocChunk:   247561408 kB
Time pass: 83 sec

---2015-11-20 13:53:35
MemTotal:        2746844 kB
MemFree:           70576 kB
Buffers:            9296 kB
Cached:           696904 kB
SwapCached:          996 kB
Active:           786304 kB
Inactive:         792636 kB
Active(anon):     443916 kB
Inactive(anon):   448924 kB
Active(file):     342388 kB
Inactive(file):   343712 kB
Unevictable:       36096 kB
Mlocked:           28124 kB
SwapTotal:       1310716 kB
SwapFree:        1252392 kB
Dirty:                44 kB
Writeback:             0 kB
AnonPages:        907568 kB
Mapped:           461464 kB
Shmem:               736 kB
Slab:             106376 kB
SReclaimable:      31164 kB
SUnreclaim:        75212 kB
KernelStack:       31312 kB
PageTables:        57756 kB
NFS_Unstable:          0 kB
Bounce:                0 kB
WritebackTmp:          0 kB
CommitLimit:     2684136 kB
Committed_AS:   145301564 kB
VmallocTotal:   251658176 kB
VmallocUsed:      319572 kB
VmallocChunk:   247561408 kB
Time pass: 87 sec

---2015-11-20 13:53:35
MemTotal:        2746844 kB
MemFree:           69380 kB
Buffers:            9304 kB
Cached:           696908 kB
SwapCached:         1000 kB
Active:           787616 kB
Inactive:         792640 kB
Active(anon):     445228 kB
Inactive(anon):   448928 kB
Active(file):     342388 kB
Inactive(file):   343712 kB
Unevictable:       36096 kB
Mlocked:           28124 kB
SwapTotal:       1310716 kB
SwapFree:        1252392 kB
Dirty:                32 kB
Writeback:             0 kB
AnonPages:        909060 kB
Mapped:           461468 kB
Shmem:               740 kB
Slab:             106360 kB
SReclaimable:      31164 kB
SUnreclaim:        75196 kB
KernelStack:       31344 kB
PageTables:        57800 kB
NFS_Unstable:          0 kB
Bounce:                0 kB
WritebackTmp:          0 kB
CommitLimit:     2684136 kB
Committed_AS:   145301572 kB
VmallocTotal:   251658176 kB
VmallocUsed:      319572 kB
VmallocChunk:   247561408 kB
Time pass: 90 sec

---2015-11-20 13:53:35
MemTotal:        2746844 kB
MemFree:           76632 kB
Buffers:            9312 kB
Cached:           697240 kB
SwapCached:         1008 kB
Active:           791564 kB
Inactive:         779376 kB
Active(anon):     434176 kB
Inactive(anon):   450140 kB
Active(file):     357388 kB
Inactive(file):   329236 kB
Unevictable:       36096 kB
Mlocked:           28124 kB
SwapTotal:       1310716 kB
SwapFree:        1251812 kB
Dirty:              1204 kB
Writeback:             0 kB
AnonPages:        899756 kB
Mapped:           461068 kB
Shmem:               304 kB
Slab:             106404 kB
SReclaimable:      31164 kB
SUnreclaim:        75240 kB
KernelStack:       31168 kB
PageTables:        57448 kB
NFS_Unstable:          0 kB
Bounce:                0 kB
WritebackTmp:          0 kB
CommitLimit:     2684136 kB
Committed_AS:   145289928 kB
VmallocTotal:   251658176 kB
VmallocUsed:      321880 kB
VmallocChunk:   247561408 kB
Time pass: 94 sec

---2015-11-20 13:53:35
MemTotal:        2746844 kB
MemFree:          379388 kB
Buffers:            9364 kB
Cached:           699636 kB
SwapCached:         1184 kB
Active:           720096 kB
Inactive:         775484 kB
Active(anon):     358828 kB
Inactive(anon):   447432 kB
Active(file):     361268 kB
Inactive(file):   328052 kB
Unevictable:       36096 kB
Mlocked:           28124 kB
SwapTotal:       1310716 kB
SwapFree:        1250008 kB
Dirty:               116 kB
Writeback:             0 kB
AnonPages:        821160 kB
Mapped:           418880 kB
Shmem:               308 kB
Slab:             106172 kB
SReclaimable:      31132 kB
SUnreclaim:        75040 kB
KernelStack:       29968 kB
PageTables:        55772 kB
NFS_Unstable:          0 kB
Bounce:                0 kB
WritebackTmp:          0 kB
CommitLimit:     2684136 kB
Committed_AS:   142110916 kB
VmallocTotal:   251658176 kB
VmallocUsed:      311812 kB
VmallocChunk:   247561408 kB
Time pass: 97 sec

---2015-11-20 13:53:35
MemTotal:        2746844 kB
MemFree:          386800 kB
Buffers:            9372 kB
Cached:           700116 kB
SwapCached:         1196 kB
Active:           712712 kB
Inactive:         776044 kB
Active(anon):     351428 kB
Inactive(anon):   447412 kB
Active(file):     361284 kB
Inactive(file):   328632 kB
Unevictable:       36096 kB
Mlocked:           28124 kB
SwapTotal:       1310716 kB
SwapFree:        1250008 kB
Dirty:                 0 kB
Writeback:             0 kB
AnonPages:        813936 kB
Mapped:           418880 kB
Shmem:               308 kB
Slab:             106172 kB
SReclaimable:      31132 kB
SUnreclaim:        75040 kB
KernelStack:       29760 kB
PageTables:        55824 kB
NFS_Unstable:          0 kB
Bounce:                0 kB
WritebackTmp:          0 kB
CommitLimit:     2684136 kB
Committed_AS:   142111300 kB
VmallocTotal:   251658176 kB
VmallocUsed:      311812 kB
VmallocChunk:   247561408 kB
Time pass: 101 sec

---2015-11-20 13:53:35
MemTotal:        2746844 kB
MemFree:          386872 kB
Buffers:            9372 kB
Cached:           700660 kB
SwapCached:         1200 kB
Active:           711868 kB
Inactive:         776168 kB
Active(anon):     350436 kB
Inactive(anon):   447224 kB
Active(file):     361432 kB
Inactive(file):   328944 kB
Unevictable:       36096 kB
Mlocked:           28124 kB
SwapTotal:       1310716 kB
SwapFree:        1250008 kB
Dirty:               104 kB
Writeback:             0 kB
AnonPages:        812608 kB
Mapped:           418820 kB
Shmem:               180 kB
Slab:             106144 kB
SReclaimable:      31132 kB
SUnreclaim:        75012 kB
KernelStack:       29184 kB
PageTables:        55756 kB
NFS_Unstable:          0 kB
Bounce:                0 kB
WritebackTmp:          0 kB
CommitLimit:     2684136 kB
Committed_AS:   142111260 kB
VmallocTotal:   251658176 kB
VmallocUsed:      311812 kB
VmallocChunk:   247561408 kB
Time pass: 104 sec

---2015-11-20 13:53:35
MemTotal:        2746844 kB
MemFree:          384420 kB
Buffers:            9380 kB
Cached:           700720 kB
SwapCached:         1208 kB
Active:           713760 kB
Inactive:         776248 kB
Active(anon):     352248 kB
Inactive(anon):   447208 kB
Active(file):     361512 kB
Inactive(file):   329040 kB
Unevictable:       36096 kB
Mlocked:           28124 kB
SwapTotal:       1310716 kB
SwapFree:        1250008 kB
Dirty:                88 kB
Writeback:             0 kB
AnonPages:        814612 kB
Mapped:           418908 kB
Shmem:               180 kB
Slab:             106144 kB
SReclaimable:      31132 kB
SUnreclaim:        75012 kB
KernelStack:       29408 kB
PageTables:        56284 kB
NFS_Unstable:          0 kB
Bounce:                0 kB
WritebackTmp:          0 kB
CommitLimit:     2684136 kB
Committed_AS:   143905020 kB
VmallocTotal:   251658176 kB
VmallocUsed:      312832 kB
VmallocChunk:   247561408 kB
Time pass: 108 sec

---2015-11-20 13:53:35
MemTotal:        2746844 kB
MemFree:          306680 kB
Buffers:            9864 kB
Cached:           702128 kB
SwapCached:         1668 kB
Active:           748432 kB
Inactive:         771452 kB
Active(anon):     380628 kB
Inactive(anon):   447232 kB
Active(file):     367804 kB
Inactive(file):   324220 kB
Unevictable:       36096 kB
Mlocked:           28124 kB
SwapTotal:       1310716 kB
SwapFree:        1250008 kB
Dirty:               884 kB
Writeback:             0 kB
AnonPages:        842856 kB
Mapped:           449352 kB
Shmem:               316 kB
Slab:             106172 kB
SReclaimable:      31148 kB
SUnreclaim:        75024 kB
KernelStack:       30608 kB
PageTables:        57224 kB
NFS_Unstable:          0 kB
Bounce:                0 kB
WritebackTmp:          0 kB
CommitLimit:     2684136 kB
Committed_AS:   145220748 kB
VmallocTotal:   251658176 kB
VmallocUsed:      314424 kB
VmallocChunk:   247561408 kB
Time pass: 111 sec

---2015-11-20 13:53:35
MemTotal:        2746844 kB
MemFree:          197092 kB
Buffers:            9872 kB
Cached:           702884 kB
SwapCached:         1724 kB
Active:           764200 kB
Inactive:         760408 kB
Active(anon):     394856 kB
Inactive(anon):   436752 kB
Active(file):     369344 kB
Inactive(file):   323656 kB
Unevictable:       36096 kB
Mlocked:           28124 kB
SwapTotal:       1310716 kB
SwapFree:        1250008 kB
Dirty:              1776 kB
Writeback:             0 kB
AnonPages:        846488 kB
Mapped:           452088 kB
Shmem:               316 kB
Slab:             106244 kB
SReclaimable:      31148 kB
SUnreclaim:        75096 kB
KernelStack:       30736 kB
PageTables:        57420 kB
NFS_Unstable:          0 kB
Bounce:                0 kB
WritebackTmp:          0 kB
CommitLimit:     2684136 kB
Committed_AS:   145240160 kB
VmallocTotal:   251658176 kB
VmallocUsed:      314952 kB
VmallocChunk:   247561408 kB
Time pass: 115 sec

---2015-11-20 13:53:35
MemTotal:        2746844 kB
MemFree:          155844 kB
Buffers:            9872 kB
Cached:           705208 kB
SwapCached:         1724 kB
Active:           761120 kB
Inactive:         752896 kB
Active(anon):     387896 kB
Inactive(anon):   430736 kB
Active(file):     373224 kB
Inactive(file):   322160 kB
Unevictable:       36096 kB
Mlocked:           28124 kB
SwapTotal:       1310716 kB
SwapFree:        1250008 kB
Dirty:              2544 kB
Writeback:             0 kB
AnonPages:        833392 kB
Mapped:           453512 kB
Shmem:               316 kB
Slab:             106236 kB
SReclaimable:      31168 kB
SUnreclaim:        75068 kB
KernelStack:       30848 kB
PageTables:        57556 kB
NFS_Unstable:          0 kB
Bounce:                0 kB
WritebackTmp:          0 kB
CommitLimit:     2684136 kB
Committed_AS:   145215460 kB
VmallocTotal:   251658176 kB
VmallocUsed:      316420 kB
VmallocChunk:   247561408 kB
Time pass: 118 sec

---2015-11-20 13:53:35
MemTotal:        2746844 kB
MemFree:          154540 kB
Buffers:            9880 kB
Cached:           705208 kB
SwapCached:         1724 kB
Active:           760708 kB
Inactive:         752836 kB
Active(anon):     387484 kB
Inactive(anon):   430676 kB
Active(file):     373224 kB
Inactive(file):   322160 kB
Unevictable:       36096 kB
Mlocked:           28124 kB
SwapTotal:       1310716 kB
SwapFree:        1250008 kB
Dirty:               136 kB
Writeback:             0 kB
AnonPages:        832856 kB
Mapped:           453512 kB
Shmem:               316 kB
Slab:             106428 kB
SReclaimable:      31152 kB
SUnreclaim:        75276 kB
KernelStack:       30848 kB
PageTables:        57348 kB
NFS_Unstable:          0 kB
Bounce:                0 kB
WritebackTmp:          0 kB
CommitLimit:     2684136 kB
Committed_AS:   145215588 kB
VmallocTotal:   251658176 kB
VmallocUsed:      316420 kB
VmallocChunk:   247561408 kB
Time pass: 122 sec

---2015-11-20 13:53:35
MemTotal:        2746844 kB
MemFree:          146696 kB
Buffers:            9888 kB
Cached:           705544 kB
SwapCached:         1724 kB
Active:           763960 kB
Inactive:         752664 kB
Active(anon):     390208 kB
Inactive(anon):   430664 kB
Active(file):     373752 kB
Inactive(file):   322000 kB
Unevictable:       36096 kB
Mlocked:           28124 kB
SwapTotal:       1310716 kB
SwapFree:        1250008 kB
Dirty:                60 kB
Writeback:             0 kB
AnonPages:        835372 kB
Mapped:           453632 kB
Shmem:               316 kB
Slab:             106264 kB
SReclaimable:      31152 kB
SUnreclaim:        75112 kB
KernelStack:       30848 kB
PageTables:        57328 kB
NFS_Unstable:          0 kB
Bounce:                0 kB
WritebackTmp:          0 kB
CommitLimit:     2684136 kB
Committed_AS:   145215608 kB
VmallocTotal:   251658176 kB
VmallocUsed:      316444 kB
VmallocChunk:   247561408 kB
Time pass: 125 sec

---2015-11-20 13:53:35
MemTotal:        2746844 kB
MemFree:          107772 kB
Buffers:            9908 kB
Cached:           705548 kB
SwapCached:         1724 kB
Active:           771136 kB
Inactive:         752564 kB
Active(anon):     397296 kB
Inactive(anon):   430640 kB
Active(file):     373840 kB
Inactive(file):   321924 kB
Unevictable:       36096 kB
Mlocked:           28124 kB
SwapTotal:       1310716 kB
SwapFree:        1250008 kB
Dirty:               408 kB
Writeback:             0 kB
AnonPages:        843088 kB
Mapped:           453940 kB
Shmem:               316 kB
Slab:             106304 kB
SReclaimable:      31184 kB
SUnreclaim:        75120 kB
KernelStack:       30864 kB
PageTables:        57352 kB
NFS_Unstable:          0 kB
Bounce:                0 kB
WritebackTmp:          0 kB
CommitLimit:     2684136 kB
Committed_AS:   145216164 kB
VmallocTotal:   251658176 kB
VmallocUsed:      317528 kB
VmallocChunk:   247561408 kB
Time pass: 129 sec

---2015-11-20 13:53:35
MemTotal:        2746844 kB
MemFree:          109572 kB
Buffers:            9908 kB
Cached:           705560 kB
SwapCached:         1724 kB
Active:           769116 kB
Inactive:         752484 kB
Active(anon):     395268 kB
Inactive(anon):   430544 kB
Active(file):     373848 kB
Inactive(file):   321940 kB
Unevictable:       36096 kB
Mlocked:           28124 kB
SwapTotal:       1310716 kB
SwapFree:        1250008 kB
Dirty:               524 kB
Writeback:             0 kB
AnonPages:        840504 kB
Mapped:           454076 kB
Shmem:               316 kB
Slab:             106376 kB
SReclaimable:      31200 kB
SUnreclaim:        75176 kB
KernelStack:       30928 kB
PageTables:        57336 kB
NFS_Unstable:          0 kB
Bounce:                0 kB
WritebackTmp:          0 kB
CommitLimit:     2684136 kB
Committed_AS:   145216172 kB
VmallocTotal:   251658176 kB
VmallocUsed:      321572 kB
VmallocChunk:   247561408 kB
Time pass: 132 sec

---2015-11-20 13:53:35
MemTotal:        2746844 kB
MemFree:          110988 kB
Buffers:            9916 kB
Cached:           705560 kB
SwapCached:         1724 kB
Active:           769372 kB
Inactive:         752492 kB
Active(anon):     395524 kB
Inactive(anon):   430544 kB
Active(file):     373848 kB
Inactive(file):   321948 kB
Unevictable:       36096 kB
Mlocked:           28124 kB
SwapTotal:       1310716 kB
SwapFree:        1250008 kB
Dirty:                68 kB
Writeback:             0 kB
AnonPages:        840792 kB
Mapped:           454160 kB
Shmem:               316 kB
Slab:             106320 kB
SReclaimable:      31200 kB
SUnreclaim:        75120 kB
KernelStack:       30928 kB
PageTables:        57356 kB
NFS_Unstable:          0 kB
Bounce:                0 kB
WritebackTmp:          0 kB
CommitLimit:     2684136 kB
Committed_AS:   145216196 kB
VmallocTotal:   251658176 kB
VmallocUsed:      321572 kB
VmallocChunk:   247561408 kB
Time pass: 136 sec

---2015-11-20 13:53:35
MemTotal:        2746844 kB
MemFree:          109820 kB
Buffers:            9916 kB
Cached:           705560 kB
SwapCached:         1724 kB
Active:           769732 kB
Inactive:         752476 kB
Active(anon):     395884 kB
Inactive(anon):   430528 kB
Active(file):     373848 kB
Inactive(file):   321948 kB
Unevictable:       36096 kB
Mlocked:           28124 kB
SwapTotal:       1310716 kB
SwapFree:        1250008 kB
Dirty:                68 kB
Writeback:             0 kB
AnonPages:        840988 kB
Mapped:           454184 kB
Shmem:               316 kB
Slab:             106280 kB
SReclaimable:      31200 kB
SUnreclaim:        75080 kB
KernelStack:       30864 kB
PageTables:        57360 kB
NFS_Unstable:          0 kB
Bounce:                0 kB
WritebackTmp:          0 kB
CommitLimit:     2684136 kB
Committed_AS:   145216292 kB
VmallocTotal:   251658176 kB
VmallocUsed:      321572 kB
VmallocChunk:   247561408 kB
Time pass: 139 sec

---2015-11-20 13:53:35
MemTotal:        2746844 kB
MemFree:           95300 kB
Buffers:            9948 kB
Cached:           705564 kB
SwapCached:         1736 kB
Active:           784744 kB
Inactive:         752300 kB
Active(anon):     410680 kB
Inactive(anon):   430532 kB
Active(file):     374064 kB
Inactive(file):   321768 kB
Unevictable:       36096 kB
Mlocked:           28124 kB
SwapTotal:       1310716 kB
SwapFree:        1250008 kB
Dirty:                16 kB
Writeback:             0 kB
AnonPages:        856660 kB
Mapped:           457124 kB
Shmem:               316 kB
Slab:             106352 kB
SReclaimable:      31200 kB
SUnreclaim:        75152 kB
KernelStack:       30944 kB
PageTables:        57412 kB
NFS_Unstable:          0 kB
Bounce:                0 kB
WritebackTmp:          0 kB
CommitLimit:     2684136 kB
Committed_AS:   145244648 kB
VmallocTotal:   251658176 kB
VmallocUsed:      325136 kB
VmallocChunk:   247561408 kB
Time pass: 143 sec

---2015-11-20 13:53:35
MemTotal:        2746844 kB
MemFree:           75736 kB
Buffers:           10012 kB
Cached:           712372 kB
SwapCached:         1740 kB
Active:           796148 kB
Inactive:         759012 kB
Active(anon):     422080 kB
Inactive(anon):   430820 kB
Active(file):     374068 kB
Inactive(file):   328192 kB
Unevictable:       36096 kB
Mlocked:           28124 kB
SwapTotal:       1310716 kB
SwapFree:        1250008 kB
Dirty:                 0 kB
Writeback:             0 kB
AnonPages:        867432 kB
Mapped:           460408 kB
Shmem:               624 kB
Slab:             106408 kB
SReclaimable:      31200 kB
SUnreclaim:        75208 kB
KernelStack:       31488 kB
PageTables:        57888 kB
NFS_Unstable:          0 kB
Bounce:                0 kB
WritebackTmp:          0 kB
CommitLimit:     2684136 kB
Committed_AS:   146503704 kB
VmallocTotal:   251658176 kB
VmallocUsed:      326156 kB
VmallocChunk:   247561408 kB
Time pass: 146 sec

---2015-11-20 13:53:35
MemTotal:        2746844 kB
MemFree:           67000 kB
Buffers:           10060 kB
Cached:           712392 kB
SwapCached:         1768 kB
Active:           799280 kB
Inactive:         763176 kB
Active(anon):     429892 kB
Inactive(anon):   430220 kB
Active(file):     369388 kB
Inactive(file):   332956 kB
Unevictable:       36096 kB
Mlocked:           28124 kB
SwapTotal:       1310716 kB
SwapFree:        1244356 kB
Dirty:               100 kB
Writeback:             0 kB
AnonPages:        874600 kB
Mapped:           465656 kB
Shmem:               740 kB
Slab:             106604 kB
SReclaimable:      31208 kB
SUnreclaim:        75396 kB
KernelStack:       32096 kB
PageTables:        58168 kB
NFS_Unstable:          0 kB
Bounce:                0 kB
WritebackTmp:          0 kB
CommitLimit:     2684136 kB
Committed_AS:   146516580 kB
VmallocTotal:   251658176 kB
VmallocUsed:      326156 kB
VmallocChunk:   247561408 kB
Time pass: 150 sec

---2015-11-20 13:53:35
MemTotal:        2746844 kB
MemFree:           65572 kB
Buffers:           10084 kB
Cached:           712452 kB
SwapCached:         1768 kB
Active:           799876 kB
Inactive:         763260 kB
Active(anon):     430484 kB
Inactive(anon):   430280 kB
Active(file):     369392 kB
Inactive(file):   332980 kB
Unevictable:       36096 kB
Mlocked:           28124 kB
SwapTotal:       1310716 kB
SwapFree:        1244356 kB
Dirty:                88 kB
Writeback:             0 kB
AnonPages:        875320 kB
Mapped:           465732 kB
Shmem:               800 kB
Slab:             106660 kB
SReclaimable:      31208 kB
SUnreclaim:        75452 kB
KernelStack:       32096 kB
PageTables:        58172 kB
NFS_Unstable:          0 kB
Bounce:                0 kB
WritebackTmp:          0 kB
CommitLimit:     2684136 kB
Committed_AS:   146516696 kB
VmallocTotal:   251658176 kB
VmallocUsed:      326156 kB
VmallocChunk:   247561408 kB
Time pass: 153 sec

---2015-11-20 13:53:35
MemTotal:        2746844 kB
MemFree:           66300 kB
Buffers:           10084 kB
Cached:           712488 kB
SwapCached:         1768 kB
Active:           800180 kB
Inactive:         763296 kB
Active(anon):     430788 kB
Inactive(anon):   430316 kB
Active(file):     369392 kB
Inactive(file):   332980 kB
Unevictable:       36096 kB
Mlocked:           28124 kB
SwapTotal:       1310716 kB
SwapFree:        1244356 kB
Dirty:                 0 kB
Writeback:             0 kB
AnonPages:        875764 kB
Mapped:           465776 kB
Shmem:               836 kB
Slab:             106688 kB
SReclaimable:      31208 kB
SUnreclaim:        75480 kB
KernelStack:       32096 kB
PageTables:        58176 kB
NFS_Unstable:          0 kB
Bounce:                0 kB
WritebackTmp:          0 kB
CommitLimit:     2684136 kB
Committed_AS:   146516720 kB
VmallocTotal:   251658176 kB
VmallocUsed:      326156 kB
VmallocChunk:   247561408 kB
Time pass: 157 sec

---2015-11-20 13:53:35
MemTotal:        2746844 kB
MemFree:           66116 kB
Buffers:           10092 kB
Cached:           712496 kB
SwapCached:         1768 kB
Active:           800436 kB
Inactive:         763312 kB
Active(anon):     431044 kB
Inactive(anon):   430324 kB
Active(file):     369392 kB
Inactive(file):   332988 kB
Unevictable:       36096 kB
Mlocked:           28124 kB
SwapTotal:       1310716 kB
SwapFree:        1244356 kB
Dirty:                40 kB
Writeback:             0 kB
AnonPages:        875576 kB
Mapped:           465912 kB
Shmem:               844 kB
Slab:             106700 kB
SReclaimable:      31208 kB
SUnreclaim:        75492 kB
KernelStack:       32096 kB
PageTables:        58204 kB
NFS_Unstable:          0 kB
Bounce:                0 kB
WritebackTmp:          0 kB
CommitLimit:     2684136 kB
Committed_AS:   146516724 kB
VmallocTotal:   251658176 kB
VmallocUsed:      326156 kB
VmallocChunk:   247561408 kB
Time pass: 161 sec

---2015-11-20 13:53:35
MemTotal:        2746844 kB
MemFree:           81876 kB
Buffers:           10112 kB
Cached:           712656 kB
SwapCached:         1768 kB
Active:           798388 kB
Inactive:         756428 kB
Active(anon):     421936 kB
Inactive(anon):   430320 kB
Active(file):     376452 kB
Inactive(file):   326108 kB
Unevictable:       36096 kB
Mlocked:           28124 kB
SwapTotal:       1310716 kB
SwapFree:        1244356 kB
Dirty:                16 kB
Writeback:             0 kB
AnonPages:        866516 kB
Mapped:           458924 kB
Shmem:               844 kB
Slab:             106656 kB
SReclaimable:      31208 kB
SUnreclaim:        75448 kB
KernelStack:       31392 kB
PageTables:        57640 kB
NFS_Unstable:          0 kB
Bounce:                0 kB
WritebackTmp:          0 kB
CommitLimit:     2684136 kB
Committed_AS:   145253084 kB
VmallocTotal:   251658176 kB
VmallocUsed:      325136 kB
VmallocChunk:   247561408 kB
Time pass: 164 sec

---2015-11-20 13:53:35
MemTotal:        2746844 kB
MemFree:           66660 kB
Buffers:           10136 kB
Cached:           712656 kB
SwapCached:         1792 kB
Active:           812316 kB
Inactive:         756364 kB
Active(anon):     435736 kB
Inactive(anon):   430356 kB
Active(file):     376580 kB
Inactive(file):   326008 kB
Unevictable:       36096 kB
Mlocked:           28124 kB
SwapTotal:       1310716 kB
SwapFree:        1244376 kB
Dirty:                 0 kB
Writeback:             0 kB
AnonPages:        880628 kB
Mapped:           465456 kB
Shmem:               844 kB
Slab:             106636 kB
SReclaimable:      31208 kB
SUnreclaim:        75428 kB
KernelStack:       32064 kB
PageTables:        58172 kB
NFS_Unstable:          0 kB
Bounce:                0 kB
WritebackTmp:          0 kB
CommitLimit:     2684136 kB
Committed_AS:   146515732 kB
VmallocTotal:   251658176 kB
VmallocUsed:      326156 kB
VmallocChunk:   247561408 kB
Time pass: 170 sec

---2015-11-20 13:53:35
MemTotal:        2746844 kB
MemFree:           67056 kB
Buffers:           10160 kB
Cached:           712088 kB
SwapCached:         1792 kB
Active:           808112 kB
Inactive:         759884 kB
Active(anon):     432364 kB
Inactive(anon):   433964 kB
Active(file):     375748 kB
Inactive(file):   325920 kB
Unevictable:       36096 kB
Mlocked:           28124 kB
SwapTotal:       1310716 kB
SwapFree:        1243016 kB
Dirty:                68 kB
Writeback:             0 kB
AnonPages:        879540 kB
Mapped:           466340 kB
Shmem:              1436 kB
Slab:             106684 kB
SReclaimable:      31208 kB
SUnreclaim:        75476 kB
KernelStack:       31920 kB
PageTables:        58188 kB
NFS_Unstable:          0 kB
Bounce:                0 kB
WritebackTmp:          0 kB
CommitLimit:     2684136 kB
Committed_AS:   146516380 kB
VmallocTotal:   251658176 kB
VmallocUsed:      326156 kB
VmallocChunk:   247561408 kB
Time pass: 173 sec

---2015-11-20 13:53:35
MemTotal:        2746844 kB
MemFree:           67012 kB
Buffers:           10160 kB
Cached:           712120 kB
SwapCached:         1800 kB
Active:           809352 kB
Inactive:         759352 kB
Active(anon):     433576 kB
Inactive(anon):   433648 kB
Active(file):     375776 kB
Inactive(file):   325704 kB
Unevictable:       36096 kB
Mlocked:           28124 kB
SwapTotal:       1310716 kB
SwapFree:        1243016 kB
Dirty:                68 kB
Writeback:             0 kB
AnonPages:        880656 kB
Mapped:           466476 kB
Shmem:              1436 kB
Slab:             106728 kB
SReclaimable:      31208 kB
SUnreclaim:        75520 kB
KernelStack:       31872 kB
PageTables:        58220 kB
NFS_Unstable:          0 kB
Bounce:                0 kB
WritebackTmp:          0 kB
CommitLimit:     2684136 kB
Committed_AS:   146516740 kB
VmallocTotal:   251658176 kB
VmallocUsed:      326156 kB
VmallocChunk:   247561408 kB
Time pass: 177 sec

---2015-11-20 13:53:35
MemTotal:        2746844 kB
MemFree:           67644 kB
Buffers:           10176 kB
Cached:           712156 kB
SwapCached:         1800 kB
Active:           809336 kB
Inactive:         759344 kB
Active(anon):     433560 kB
Inactive(anon):   433588 kB
Active(file):     375776 kB
Inactive(file):   325756 kB
Unevictable:       36096 kB
Mlocked:           28124 kB
SwapTotal:       1310716 kB
SwapFree:        1243016 kB
Dirty:                 0 kB
Writeback:             0 kB
AnonPages:        880708 kB
Mapped:           466480 kB
Shmem:              1436 kB
Slab:             106756 kB
SReclaimable:      31208 kB
SUnreclaim:        75548 kB
KernelStack:       31872 kB
PageTables:        58228 kB
NFS_Unstable:          0 kB
Bounce:                0 kB
WritebackTmp:          0 kB
CommitLimit:     2684136 kB
Committed_AS:   146516748 kB
VmallocTotal:   251658176 kB
VmallocUsed:      326156 kB
VmallocChunk:   247561408 kB
Time pass: 180 sec

---2015-11-20 13:53:35
MemTotal:        2746844 kB
MemFree:           75332 kB
Buffers:           10184 kB
Cached:           712160 kB
SwapCached:         1800 kB
Active:           809052 kB
Inactive:         752228 kB
Active(anon):     426160 kB
Inactive(anon):   433588 kB
Active(file):     382892 kB
Inactive(file):   318640 kB
Unevictable:       36096 kB
Mlocked:           28124 kB
SwapTotal:       1310716 kB
SwapFree:        1243016 kB
Dirty:                48 kB
Writeback:            12 kB
AnonPages:        873688 kB
Mapped:           459380 kB
Shmem:              1440 kB
Slab:             106736 kB
SReclaimable:      31208 kB
SUnreclaim:        75528 kB
KernelStack:       31136 kB
PageTables:        57580 kB
NFS_Unstable:          0 kB
Bounce:                0 kB
WritebackTmp:          0 kB
CommitLimit:     2684136 kB
Committed_AS:   145257660 kB
VmallocTotal:   251658176 kB
VmallocUsed:      325136 kB
VmallocChunk:   247561408 kB
Time pass: 184 sec

---2015-11-20 13:53:35
MemTotal:        2746844 kB
MemFree:           68344 kB
Buffers:           10200 kB
Cached:           710532 kB
SwapCached:         1804 kB
Active:           815816 kB
Inactive:         754004 kB
Active(anon):     434936 kB
Inactive(anon):   434972 kB
Active(file):     380880 kB
Inactive(file):   319032 kB
Unevictable:       36096 kB
Mlocked:           28124 kB
SwapTotal:       1310716 kB
SwapFree:        1241128 kB
Dirty:                96 kB
Writeback:             0 kB
AnonPages:        883884 kB
Mapped:           465996 kB
Shmem:              1464 kB
Slab:             106824 kB
SReclaimable:      31224 kB
SUnreclaim:        75600 kB
KernelStack:       31792 kB
PageTables:        58176 kB
NFS_Unstable:          0 kB
Bounce:                0 kB
WritebackTmp:          0 kB
CommitLimit:     2684136 kB
Committed_AS:   146524596 kB
VmallocTotal:   251658176 kB
VmallocUsed:      326156 kB
VmallocChunk:   247561408 kB
Time pass: 188 sec

---2015-11-20 13:53:35
MemTotal:        2746844 kB
MemFree:           66632 kB
Buffers:           10208 kB
Cached:           710528 kB
SwapCached:         1804 kB
Active:           816320 kB
Inactive:         754012 kB
Active(anon):     435448 kB
Inactive(anon):   434976 kB
Active(file):     380872 kB
Inactive(file):   319036 kB
Unevictable:       36096 kB
Mlocked:           28124 kB
SwapTotal:       1310716 kB
SwapFree:        1241128 kB
Dirty:                 8 kB
Writeback:             0 kB
AnonPages:        883956 kB
Mapped:           466304 kB
Shmem:              1468 kB
Slab:             106852 kB
SReclaimable:      31224 kB
SUnreclaim:        75628 kB
KernelStack:       31840 kB
PageTables:        58216 kB
NFS_Unstable:          0 kB
Bounce:                0 kB
WritebackTmp:          0 kB
CommitLimit:     2684136 kB
Committed_AS:   146524640 kB
VmallocTotal:   251658176 kB
VmallocUsed:      326156 kB
VmallocChunk:   247561408 kB
Time pass: 191 sec

---2015-11-20 13:53:35
MemTotal:        2746844 kB
MemFree:           66144 kB
Buffers:           10224 kB
Cached:           710532 kB
SwapCached:         1804 kB
Active:           817720 kB
Inactive:         754032 kB
Active(anon):     436852 kB
Inactive(anon):   434976 kB
Active(file):     380868 kB
Inactive(file):   319056 kB
Unevictable:       36096 kB
Mlocked:           28124 kB
SwapTotal:       1310716 kB
SwapFree:        1241128 kB
Dirty:                68 kB
Writeback:             0 kB
AnonPages:        885312 kB
Mapped:           466456 kB
Shmem:              1468 kB
Slab:             106840 kB
SReclaimable:      31224 kB
SUnreclaim:        75616 kB
KernelStack:       31840 kB
PageTables:        58244 kB
NFS_Unstable:          0 kB
Bounce:                0 kB
WritebackTmp:          0 kB
CommitLimit:     2684136 kB
Committed_AS:   146524640 kB
VmallocTotal:   251658176 kB
VmallocUsed:      326156 kB
VmallocChunk:   247561408 kB
Time pass: 195 sec

---2015-11-20 13:53:35
MemTotal:        2746844 kB
MemFree:           68368 kB
Buffers:           10240 kB
Cached:           710204 kB
SwapCached:         1804 kB
Active:           812248 kB
Inactive:         756232 kB
Active(anon):     432796 kB
Inactive(anon):   435868 kB
Active(file):     379452 kB
Inactive(file):   320364 kB
Unevictable:       36096 kB
Mlocked:           28124 kB
SwapTotal:       1310716 kB
SwapFree:        1239212 kB
Dirty:                36 kB
Writeback:             0 kB
AnonPages:        882212 kB
Mapped:           466708 kB
Shmem:              1460 kB
Slab:             106852 kB
SReclaimable:      31224 kB
SUnreclaim:        75628 kB
KernelStack:       31856 kB
PageTables:        58248 kB
NFS_Unstable:          0 kB
Bounce:                0 kB
WritebackTmp:          0 kB
CommitLimit:     2684136 kB
Committed_AS:   146522880 kB
VmallocTotal:   251658176 kB
VmallocUsed:      326156 kB
VmallocChunk:   247561408 kB
Time pass: 198 sec

---2015-11-20 13:53:35
MemTotal:        2746844 kB
MemFree:           86976 kB
Buffers:           10288 kB
Cached:           710080 kB
SwapCached:         1804 kB
Active:           794764 kB
Inactive:         755816 kB
Active(anon):     415612 kB
Inactive(anon):   435428 kB
Active(file):     379152 kB
Inactive(file):   320388 kB
Unevictable:       36096 kB
Mlocked:           28124 kB
SwapTotal:       1310716 kB
SwapFree:        1239212 kB
Dirty:               108 kB
Writeback:             0 kB
AnonPages:        864840 kB
Mapped:           459720 kB
Shmem:              1464 kB
Slab:             106844 kB
SReclaimable:      31224 kB
SUnreclaim:        75620 kB
KernelStack:       31104 kB
PageTables:        57632 kB
NFS_Unstable:          0 kB
Bounce:                0 kB
WritebackTmp:          0 kB
CommitLimit:     2684136 kB
Committed_AS:   145259372 kB
VmallocTotal:   251658176 kB
VmallocUsed:      325136 kB
VmallocChunk:   247561408 kB
Time pass: 202 sec

---2015-11-20 13:53:35
MemTotal:        2746844 kB
MemFree:           72464 kB
Buffers:           10304 kB
Cached:           711112 kB
SwapCached:         1804 kB
Active:           808280 kB
Inactive:         756816 kB
Active(anon):     429128 kB
Inactive(anon):   435372 kB
Active(file):     379152 kB
Inactive(file):   321444 kB
Unevictable:       36096 kB
Mlocked:           28124 kB
SwapTotal:       1310716 kB
SwapFree:        1239212 kB
Dirty:               300 kB
Writeback:             0 kB
AnonPages:        878532 kB
Mapped:           465732 kB
Shmem:              1460 kB
Slab:             106816 kB
SReclaimable:      31224 kB
SUnreclaim:        75592 kB
KernelStack:       31328 kB
PageTables:        58104 kB
NFS_Unstable:          0 kB
Bounce:                0 kB
WritebackTmp:          0 kB
CommitLimit:     2684136 kB
Committed_AS:   146521312 kB
VmallocTotal:   251658176 kB
VmallocUsed:      326156 kB
VmallocChunk:   247561408 kB
Time pass: 205 sec

---2015-11-20 13:53:35
MemTotal:        2746844 kB
MemFree:           71940 kB
Buffers:           10304 kB
Cached:           710976 kB
SwapCached:         1804 kB
Active:           808872 kB
Inactive:         756656 kB
Active(anon):     429704 kB
Inactive(anon):   435372 kB
Active(file):     379168 kB
Inactive(file):   321284 kB
Unevictable:       36096 kB
Mlocked:           28124 kB
SwapTotal:       1310716 kB
SwapFree:        1239212 kB
Dirty:                 0 kB
Writeback:             0 kB
AnonPages:        878804 kB
Mapped:           466652 kB
Shmem:              1460 kB
Slab:             106752 kB
SReclaimable:      31224 kB
SUnreclaim:        75528 kB
KernelStack:       31792 kB
PageTables:        58236 kB
NFS_Unstable:          0 kB
Bounce:                0 kB
WritebackTmp:          0 kB
CommitLimit:     2684136 kB
Committed_AS:   146521552 kB
VmallocTotal:   251658176 kB
VmallocUsed:      326156 kB
VmallocChunk:   247561408 kB
Time pass: 209 sec

---2015-11-20 13:53:35
MemTotal:        2746844 kB
MemFree:           79964 kB
Buffers:           10312 kB
Cached:           710976 kB
SwapCached:         1804 kB
Active:           800508 kB
Inactive:         756668 kB
Active(anon):     421340 kB
Inactive(anon):   435372 kB
Active(file):     379168 kB
Inactive(file):   321296 kB
Unevictable:       36096 kB
Mlocked:           28124 kB
SwapTotal:       1310716 kB
SwapFree:        1239212 kB
Dirty:                68 kB
Writeback:             0 kB
AnonPages:        870176 kB
Mapped:           466772 kB
Shmem:              1460 kB
Slab:             106752 kB
SReclaimable:      31224 kB
SUnreclaim:        75528 kB
KernelStack:       31792 kB
PageTables:        58264 kB
NFS_Unstable:          0 kB
Bounce:                0 kB
WritebackTmp:          0 kB
CommitLimit:     2684136 kB
Committed_AS:   146519188 kB
VmallocTotal:   251658176 kB
VmallocUsed:      326156 kB
VmallocChunk:   247561408 kB
Time pass: 212 sec

---2015-11-20 13:53:35
MemTotal:        2746844 kB
MemFree:           83356 kB
Buffers:           10328 kB
Cached:           710992 kB
SwapCached:         1812 kB
Active:           801436 kB
Inactive:         756664 kB
Active(anon):     422268 kB
Inactive(anon):   435352 kB
Active(file):     379168 kB
Inactive(file):   321312 kB
Unevictable:       36096 kB
Mlocked:           28124 kB
SwapTotal:       1310716 kB
SwapFree:        1239212 kB
Dirty:                72 kB
Writeback:             0 kB
AnonPages:        871128 kB
Mapped:           466908 kB
Shmem:              1460 kB
Slab:             106732 kB
SReclaimable:      31224 kB
SUnreclaim:        75508 kB
KernelStack:       31792 kB
PageTables:        58292 kB
NFS_Unstable:          0 kB
Bounce:                0 kB
WritebackTmp:          0 kB
CommitLimit:     2684136 kB
Committed_AS:   146519600 kB
VmallocTotal:   251658176 kB
VmallocUsed:      326156 kB
VmallocChunk:   247561408 kB
Time pass: 216 sec

---2015-11-20 13:53:35
MemTotal:        2746844 kB
MemFree:           81732 kB
Buffers:           10336 kB
Cached:           711104 kB
SwapCached:         1812 kB
Active:           801648 kB
Inactive:         756780 kB
Active(anon):     422476 kB
Inactive(anon):   435352 kB
Active(file):     379172 kB
Inactive(file):   321428 kB
Unevictable:       36096 kB
Mlocked:           28124 kB
SwapTotal:       1310716 kB
SwapFree:        1239212 kB
Dirty:                32 kB
Writeback:             0 kB
AnonPages:        871516 kB
Mapped:           466828 kB
Shmem:              1460 kB
Slab:             106776 kB
SReclaimable:      31224 kB
SUnreclaim:        75552 kB
KernelStack:       31792 kB
PageTables:        58264 kB
NFS_Unstable:          0 kB
Bounce:                0 kB
WritebackTmp:          0 kB
CommitLimit:     2684136 kB
Committed_AS:   146519712 kB
VmallocTotal:   251658176 kB
VmallocUsed:      326156 kB
VmallocChunk:   247561408 kB
Time pass: 219 sec

---2015-11-20 13:53:35
MemTotal:        2746844 kB
MemFree:           90568 kB
Buffers:           10352 kB
Cached:           711112 kB
SwapCached:         1812 kB
Active:           793748 kB
Inactive:         756480 kB
Active(anon):     414316 kB
Inactive(anon):   435288 kB
Active(file):     379432 kB
Inactive(file):   321192 kB
Unevictable:       36096 kB
Mlocked:           28124 kB
SwapTotal:       1310716 kB
SwapFree:        1239212 kB
Dirty:                64 kB
Writeback:             0 kB
AnonPages:        863556 kB
Mapped:           459972 kB
Shmem:              1460 kB
Slab:             106724 kB
SReclaimable:      31224 kB
SUnreclaim:        75500 kB
KernelStack:       31088 kB
PageTables:        57704 kB
NFS_Unstable:          0 kB
Bounce:                0 kB
WritebackTmp:          0 kB
CommitLimit:     2684136 kB
Committed_AS:   145256396 kB
VmallocTotal:   251658176 kB
VmallocUsed:      325136 kB
VmallocChunk:   247561408 kB
Time pass: 222 sec

---2015-11-20 13:53:35
MemTotal:        2746844 kB
MemFree:           78764 kB
Buffers:           10352 kB
Cached:           711112 kB
SwapCached:         1812 kB
Active:           805636 kB
Inactive:         756480 kB
Active(anon):     426196 kB
Inactive(anon):   435280 kB
Active(file):     379440 kB
Inactive(file):   321200 kB
Unevictable:       36096 kB
Mlocked:           28124 kB
SwapTotal:       1310716 kB
SwapFree:        1239212 kB
Dirty:                16 kB
Writeback:             0 kB
AnonPages:        875364 kB
Mapped:           466652 kB
Shmem:              1460 kB
Slab:             106732 kB
SReclaimable:      31228 kB
SUnreclaim:        75504 kB
KernelStack:       31696 kB
PageTables:        58208 kB
NFS_Unstable:          0 kB
Bounce:                0 kB
WritebackTmp:          0 kB
CommitLimit:     2684136 kB
Committed_AS:   146519268 kB
VmallocTotal:   251658176 kB
VmallocUsed:      326156 kB
VmallocChunk:   247561408 kB
Time pass: 226 sec

---2015-11-20 13:53:35
MemTotal:        2746844 kB
MemFree:           77512 kB
Buffers:           10376 kB
Cached:           711360 kB
SwapCached:         1812 kB
Active:           806644 kB
Inactive:         756756 kB
Active(anon):     427208 kB
Inactive(anon):   435280 kB
Active(file):     379436 kB
Inactive(file):   321476 kB
Unevictable:       36096 kB
Mlocked:           28124 kB
SwapTotal:       1310716 kB
SwapFree:        1239212 kB
Dirty:                56 kB
Writeback:             0 kB
AnonPages:        875944 kB
Mapped:           466692 kB
Shmem:              1460 kB
Slab:             106728 kB
SReclaimable:      31228 kB
SUnreclaim:        75500 kB
KernelStack:       31728 kB
PageTables:        58236 kB
NFS_Unstable:          0 kB
Bounce:                0 kB
WritebackTmp:          0 kB
CommitLimit:     2684136 kB
Committed_AS:   146519232 kB
VmallocTotal:   251658176 kB
VmallocUsed:      326156 kB
VmallocChunk:   247561408 kB
Time pass: 230 sec

---2015-11-20 13:53:35
MemTotal:        2746844 kB
MemFree:           75864 kB
Buffers:           10384 kB
Cached:           711432 kB
SwapCached:         1812 kB
Active:           807780 kB
Inactive:         756700 kB
Active(anon):     428344 kB
Inactive(anon):   435184 kB
Active(file):     379436 kB
Inactive(file):   321516 kB
Unevictable:       36096 kB
Mlocked:           28124 kB
SwapTotal:       1310716 kB
SwapFree:        1239212 kB
Dirty:                76 kB
Writeback:             0 kB
AnonPages:        876976 kB
Mapped:           466828 kB
Shmem:              1504 kB
Slab:             106728 kB
SReclaimable:      31228 kB
SUnreclaim:        75500 kB
KernelStack:       31776 kB
PageTables:        58264 kB
NFS_Unstable:          0 kB
Bounce:                0 kB
WritebackTmp:          0 kB
CommitLimit:     2684136 kB
Committed_AS:   146523780 kB
VmallocTotal:   251658176 kB
VmallocUsed:      326156 kB
VmallocChunk:   247561408 kB
Time pass: 233 sec

---2015-11-20 13:53:35
MemTotal:        2746844 kB
MemFree:           74868 kB
Buffers:           10400 kB
Cached:           711432 kB
SwapCached:         1812 kB
Active:           808980 kB
Inactive:         756596 kB
Active(anon):     429544 kB
Inactive(anon):   435064 kB
Active(file):     379436 kB
Inactive(file):   321532 kB
Unevictable:       36096 kB
Mlocked:           28124 kB
SwapTotal:       1310716 kB
SwapFree:        1239212 kB
Dirty:                 0 kB
Writeback:             0 kB
AnonPages:        877964 kB
Mapped:           466884 kB
Shmem:              1504 kB
Slab:             106744 kB
SReclaimable:      31228 kB
SUnreclaim:        75516 kB
KernelStack:       31792 kB
PageTables:        58268 kB
NFS_Unstable:          0 kB
Bounce:                0 kB
WritebackTmp:          0 kB
CommitLimit:     2684136 kB
Committed_AS:   146524136 kB
VmallocTotal:   251658176 kB
VmallocUsed:      326156 kB
VmallocChunk:   247561408 kB
Time pass: 237 sec

---2015-11-20 13:53:35
MemTotal:        2746844 kB
MemFree:           83748 kB
Buffers:           10408 kB
Cached:           711436 kB
SwapCached:         1812 kB
Active:           801560 kB
Inactive:         756536 kB
Active(anon):     422124 kB
Inactive(anon):   435004 kB
Active(file):     379436 kB
Inactive(file):   321532 kB
Unevictable:       36096 kB
Mlocked:           28124 kB
SwapTotal:       1310716 kB
SwapFree:        1239212 kB
Dirty:                44 kB
Writeback:             0 kB
AnonPages:        870608 kB
Mapped:           459868 kB
Shmem:              1508 kB
Slab:             106704 kB
SReclaimable:      31228 kB
SUnreclaim:        75476 kB
KernelStack:       31136 kB
PageTables:        57656 kB
NFS_Unstable:          0 kB
Bounce:                0 kB
WritebackTmp:          0 kB
CommitLimit:     2684136 kB
Committed_AS:   145260924 kB
VmallocTotal:   251658176 kB
VmallocUsed:      325136 kB
VmallocChunk:   247561408 kB
Time pass: 241 sec

---2015-11-20 13:53:35
MemTotal:        2746844 kB
MemFree:           73984 kB
Buffers:           10424 kB
Cached:           711676 kB
SwapCached:         1812 kB
Active:           811404 kB
Inactive:         756600 kB
Active(anon):     431960 kB
Inactive(anon):   434828 kB
Active(file):     379444 kB
Inactive(file):   321772 kB
Unevictable:       36096 kB
Mlocked:           28124 kB
SwapTotal:       1310716 kB
SwapFree:        1239212 kB
Dirty:                80 kB
Writeback:             0 kB
AnonPages:        880296 kB
Mapped:           466180 kB
Shmem:              1516 kB
Slab:             106792 kB
SReclaimable:      31228 kB
SUnreclaim:        75564 kB
KernelStack:       31616 kB
PageTables:        58188 kB
NFS_Unstable:          0 kB
Bounce:                0 kB
WritebackTmp:          0 kB
CommitLimit:     2684136 kB
Committed_AS:   146522780 kB
VmallocTotal:   251658176 kB
VmallocUsed:      326156 kB
VmallocChunk:   247561408 kB
Time pass: 244 sec

---2015-11-20 13:53:35
MemTotal:        2746844 kB
MemFree:           72508 kB
Buffers:           10432 kB
Cached:           711756 kB
SwapCached:         1812 kB
Active:           811576 kB
Inactive:         756648 kB
Active(anon):     432128 kB
Inactive(anon):   434812 kB
Active(file):     379448 kB
Inactive(file):   321836 kB
Unevictable:       36096 kB
Mlocked:           28124 kB
SwapTotal:       1310716 kB
SwapFree:        1239212 kB
Dirty:               100 kB
Writeback:             0 kB
AnonPages:        880480 kB
Mapped:           466784 kB
Shmem:              1532 kB
Slab:             106816 kB
SReclaimable:      31228 kB
SUnreclaim:        75588 kB
KernelStack:       31744 kB
PageTables:        58244 kB
NFS_Unstable:          0 kB
Bounce:                0 kB
WritebackTmp:          0 kB
CommitLimit:     2684136 kB
Committed_AS:   146522864 kB
VmallocTotal:   251658176 kB
VmallocUsed:      326156 kB
VmallocChunk:   247561408 kB
Time pass: 248 sec

---2015-11-20 13:53:35
MemTotal:        2746844 kB
MemFree:           75936 kB
Buffers:           10448 kB
Cached:           711756 kB
SwapCached:         1812 kB
Active:           808132 kB
Inactive:         756656 kB
Active(anon):     428696 kB
Inactive(anon):   434792 kB
Active(file):     379436 kB
Inactive(file):   321864 kB
Unevictable:       36096 kB
Mlocked:           28124 kB
SwapTotal:       1310716 kB
SwapFree:        1239212 kB
Dirty:                 4 kB
Writeback:             0 kB
AnonPages:        877008 kB
Mapped:           466896 kB
Shmem:              1532 kB
Slab:             106748 kB
SReclaimable:      31228 kB
SUnreclaim:        75520 kB
KernelStack:       31824 kB
PageTables:        58276 kB
NFS_Unstable:          0 kB
Bounce:                0 kB
WritebackTmp:          0 kB
CommitLimit:     2684136 kB
Committed_AS:   146522848 kB
VmallocTotal:   251658176 kB
VmallocUsed:      326156 kB
VmallocChunk:   247561408 kB
Time pass: 251 sec

---2015-11-20 13:53:35
MemTotal:        2746844 kB
MemFree:           74804 kB
Buffers:           10464 kB
Cached:           711756 kB
SwapCached:         1812 kB
Active:           810360 kB
Inactive:         755648 kB
Active(anon):     430924 kB
Inactive(anon):   433768 kB
Active(file):     379436 kB
Inactive(file):   321880 kB
Unevictable:       36096 kB
Mlocked:           28124 kB
SwapTotal:       1310716 kB
SwapFree:        1239212 kB
Dirty:                56 kB
Writeback:             0 kB
AnonPages:        878080 kB
Mapped:           466952 kB
Shmem:              1532 kB
Slab:             106748 kB
SReclaimable:      31228 kB
SUnreclaim:        75520 kB
KernelStack:       31824 kB
PageTables:        58276 kB
NFS_Unstable:          0 kB
Bounce:                0 kB
WritebackTmp:          0 kB
CommitLimit:     2684136 kB
Committed_AS:   146523280 kB
VmallocTotal:   251658176 kB
VmallocUsed:      326156 kB
VmallocChunk:   247561408 kB
Time pass: 255 sec

---2015-11-20 13:53:35
MemTotal:        2746844 kB
MemFree:           83228 kB
Buffers:           10472 kB
Cached:           711756 kB
SwapCached:         1812 kB
Active:           802324 kB
Inactive:         755652 kB
Active(anon):     422888 kB
Inactive(anon):   433768 kB
Active(file):     379436 kB
Inactive(file):   321884 kB
Unevictable:       36096 kB
Mlocked:           28124 kB
SwapTotal:       1310716 kB
SwapFree:        1239212 kB
Dirty:                68 kB
Writeback:             0 kB
AnonPages:        869584 kB
Mapped:           460016 kB
Shmem:              1532 kB
Slab:             106748 kB
SReclaimable:      31228 kB
SUnreclaim:        75520 kB
KernelStack:       31152 kB
PageTables:        57684 kB
NFS_Unstable:          0 kB
Bounce:                0 kB
WritebackTmp:          0 kB
CommitLimit:     2684136 kB
Committed_AS:   145260112 kB
VmallocTotal:   251658176 kB
VmallocUsed:      325136 kB
VmallocChunk:   247561408 kB
Time pass: 259 sec

---2015-11-20 13:53:35
MemTotal:        2746844 kB
MemFree:           74012 kB
Buffers:           10516 kB
Cached:           711760 kB
SwapCached:         1812 kB
Active:           812704 kB
Inactive:         755668 kB
Active(anon):     433268 kB
Inactive(anon):   433724 kB
Active(file):     379436 kB
Inactive(file):   321944 kB
Unevictable:       36096 kB
Mlocked:           28124 kB
SwapTotal:       1310716 kB
SwapFree:        1239212 kB
Dirty:                92 kB
Writeback:             0 kB
AnonPages:        880836 kB
Mapped:           466188 kB
Shmem:              1532 kB
Slab:             106736 kB
SReclaimable:      31228 kB
SUnreclaim:        75508 kB
KernelStack:       31264 kB
PageTables:        58148 kB
NFS_Unstable:          0 kB
Bounce:                0 kB
WritebackTmp:          0 kB
CommitLimit:     2684136 kB
Committed_AS:   146522332 kB
VmallocTotal:   251658176 kB
VmallocUsed:      326156 kB
VmallocChunk:   247561408 kB
Time pass: 263 sec

---2015-11-20 13:53:35
MemTotal:        2746844 kB
MemFree:           71584 kB
Buffers:           10524 kB
Cached:           711760 kB
SwapCached:         1812 kB
Active:           814720 kB
Inactive:         755648 kB
Active(anon):     435284 kB
Inactive(anon):   433704 kB
Active(file):     379436 kB
Inactive(file):   321944 kB
Unevictable:       36096 kB
Mlocked:           28124 kB
SwapTotal:       1310716 kB
SwapFree:        1239212 kB
Dirty:               112 kB
Writeback:             0 kB
AnonPages:        882596 kB
Mapped:           466788 kB
Shmem:              1532 kB
Slab:             106752 kB
SReclaimable:      31228 kB
SUnreclaim:        75524 kB
KernelStack:       31792 kB
PageTables:        58280 kB
NFS_Unstable:          0 kB
Bounce:                0 kB
WritebackTmp:          0 kB
CommitLimit:     2684136 kB
Committed_AS:   146522884 kB
VmallocTotal:   251658176 kB
VmallocUsed:      326156 kB
VmallocChunk:   247561408 kB
Time pass: 267 sec

---2015-11-20 13:53:35
MemTotal:        2746844 kB
MemFree:           72140 kB
Buffers:           10540 kB
Cached:           711760 kB
SwapCached:         1812 kB
Active:           815012 kB
Inactive:         755648 kB
Active(anon):     435576 kB
Inactive(anon):   433680 kB
Active(file):     379436 kB
Inactive(file):   321968 kB
Unevictable:       36096 kB
Mlocked:           28124 kB
SwapTotal:       1310716 kB
SwapFree:        1239212 kB
Dirty:                 0 kB
Writeback:             0 kB
AnonPages:        882828 kB
Mapped:           466896 kB
Shmem:              1532 kB
Slab:             106784 kB
SReclaimable:      31228 kB
SUnreclaim:        75556 kB
KernelStack:       31808 kB
PageTables:        58284 kB
NFS_Unstable:          0 kB
Bounce:                0 kB
WritebackTmp:          0 kB
CommitLimit:     2684136 kB
Committed_AS:   146522892 kB
VmallocTotal:   251658176 kB
VmallocUsed:      326156 kB
VmallocChunk:   247561408 kB
Time pass: 271 sec

---2015-11-20 13:53:35
MemTotal:        2746844 kB
MemFree:           70632 kB
Buffers:           10556 kB
Cached:           711760 kB
SwapCached:         1812 kB
Active:           816484 kB
Inactive:         755656 kB
Active(anon):     437048 kB
Inactive(anon):   433680 kB
Active(file):     379436 kB
Inactive(file):   321976 kB
Unevictable:       36096 kB
Mlocked:           28124 kB
SwapTotal:       1310716 kB
SwapFree:        1239212 kB
Dirty:                56 kB
Writeback:             0 kB
AnonPages:        884376 kB
Mapped:           466952 kB
Shmem:              1532 kB
Slab:             106788 kB
SReclaimable:      31228 kB
SUnreclaim:        75560 kB
KernelStack:       31808 kB
PageTables:        58284 kB
NFS_Unstable:          0 kB
Bounce:                0 kB
WritebackTmp:          0 kB
CommitLimit:     2684136 kB
Committed_AS:   146523188 kB
VmallocTotal:   251658176 kB
VmallocUsed:      326156 kB
VmallocChunk:   247561408 kB
Time pass: 274 sec

---2015-11-20 13:53:35
MemTotal:        2746844 kB
MemFree:           79432 kB
Buffers:           10556 kB
Cached:           711760 kB
SwapCached:         1812 kB
Active:           808696 kB
Inactive:         755660 kB
Active(anon):     429260 kB
Inactive(anon):   433680 kB
Active(file):     379436 kB
Inactive(file):   321980 kB
Unevictable:       36096 kB
Mlocked:           28124 kB
SwapTotal:       1310716 kB
SwapFree:        1239212 kB
Dirty:                60 kB
Writeback:             0 kB
AnonPages:        876556 kB
Mapped:           460176 kB
Shmem:              1532 kB
Slab:             106764 kB
SReclaimable:      31228 kB
SUnreclaim:        75536 kB
KernelStack:       31824 kB
PageTables:        57696 kB
NFS_Unstable:          0 kB
Bounce:                0 kB
WritebackTmp:          0 kB
CommitLimit:     2684136 kB
Committed_AS:   145260064 kB
VmallocTotal:   251658176 kB
VmallocUsed:      325136 kB
VmallocChunk:   247561408 kB
Time pass: 278 sec

---2015-11-20 13:53:35
MemTotal:        2746844 kB
MemFree:           78508 kB
Buffers:           10580 kB
Cached:           712136 kB
SwapCached:         1812 kB
Active:           807828 kB
Inactive:         756056 kB
Active(anon):     428392 kB
Inactive(anon):   433688 kB
Active(file):     379436 kB
Inactive(file):   322368 kB
Unevictable:       36096 kB
Mlocked:           28124 kB
SwapTotal:       1310716 kB
SwapFree:        1239212 kB
Dirty:                64 kB
Writeback:             0 kB
AnonPages:        875336 kB
Mapped:           459956 kB
Shmem:              1540 kB
Slab:             106756 kB
SReclaimable:      31228 kB
SUnreclaim:        75528 kB
KernelStack:       31120 kB
PageTables:        57676 kB
NFS_Unstable:          0 kB
Bounce:                0 kB
WritebackTmp:          0 kB
CommitLimit:     2684136 kB
Committed_AS:   145259920 kB
VmallocTotal:   251658176 kB
VmallocUsed:      325136 kB
VmallocChunk:   247561408 kB
Time pass: 281 sec

---2015-11-20 13:53:35
MemTotal:        2746844 kB
MemFree:           72016 kB
Buffers:           10580 kB
Cached:           712136 kB
SwapCached:         1812 kB
Active:           813484 kB
Inactive:         756060 kB
Active(anon):     434052 kB
Inactive(anon):   433680 kB
Active(file):     379432 kB
Inactive(file):   322380 kB
Unevictable:       36096 kB
Mlocked:           28124 kB
SwapTotal:       1310716 kB
SwapFree:        1239212 kB
Dirty:                 0 kB
Writeback:             0 kB
AnonPages:        881232 kB
Mapped:           466712 kB
Shmem:              1540 kB
Slab:             106800 kB
SReclaimable:      31228 kB
SUnreclaim:        75572 kB
KernelStack:       31792 kB
PageTables:        58256 kB
NFS_Unstable:          0 kB
Bounce:                0 kB
WritebackTmp:          0 kB
CommitLimit:     2684136 kB
Committed_AS:   146522724 kB
VmallocTotal:   251658176 kB
VmallocUsed:      326156 kB
VmallocChunk:   247561408 kB
Time pass: 285 sec

---2015-11-20 13:53:35
MemTotal:        2746844 kB
MemFree:           72252 kB
Buffers:           10588 kB
Cached:           712136 kB
SwapCached:         1812 kB
Active:           813956 kB
Inactive:         756064 kB
Active(anon):     434520 kB
Inactive(anon):   433680 kB
Active(file):     379436 kB
Inactive(file):   322384 kB
Unevictable:       36096 kB
Mlocked:           28124 kB
SwapTotal:       1310716 kB
SwapFree:        1239212 kB
Dirty:                80 kB
Writeback:             0 kB
AnonPages:        881784 kB
Mapped:           466836 kB
Shmem:              1540 kB
Slab:             106768 kB
SReclaimable:      31228 kB
SUnreclaim:        75540 kB
KernelStack:       31808 kB
PageTables:        58264 kB
NFS_Unstable:          0 kB
Bounce:                0 kB
WritebackTmp:          0 kB
CommitLimit:     2684136 kB
Committed_AS:   146522808 kB
VmallocTotal:   251658176 kB
VmallocUsed:      326156 kB
VmallocChunk:   247561408 kB
Time pass: 288 sec

---2015-11-20 13:53:35
MemTotal:        2746844 kB
MemFree:           72152 kB
Buffers:           10604 kB
Cached:           712156 kB
SwapCached:         1812 kB
Active:           814280 kB
Inactive:         756096 kB
Active(anon):     434844 kB
Inactive(anon):   433696 kB
Active(file):     379436 kB
Inactive(file):   322400 kB
Unevictable:       36096 kB
Mlocked:           28124 kB
SwapTotal:       1310716 kB
SwapFree:        1239212 kB
Dirty:                 0 kB
Writeback:             0 kB
AnonPages:        881920 kB
Mapped:           466856 kB
Shmem:              1560 kB
Slab:             106768 kB
SReclaimable:      31228 kB
SUnreclaim:        75540 kB
KernelStack:       31792 kB
PageTables:        58268 kB
NFS_Unstable:          0 kB
Bounce:                0 kB
WritebackTmp:          0 kB
CommitLimit:     2684136 kB
Committed_AS:   146522816 kB
VmallocTotal:   251658176 kB
VmallocUsed:      326156 kB
VmallocChunk:   247561408 kB
Time pass: 292 sec

---2015-11-20 13:53:35
MemTotal:        2746844 kB
MemFree:           70828 kB
Buffers:           10612 kB
Cached:           712156 kB
SwapCached:         1812 kB
Active:           815672 kB
Inactive:         756096 kB
Active(anon):     436236 kB
Inactive(anon):   433696 kB
Active(file):     379436 kB
Inactive(file):   322400 kB
Unevictable:       36096 kB
Mlocked:           28124 kB
SwapTotal:       1310716 kB
SwapFree:        1239212 kB
Dirty:                32 kB
Writeback:             0 kB
AnonPages:        883564 kB
Mapped:           467008 kB
Shmem:              1560 kB
Slab:             106812 kB
SReclaimable:      31228 kB
SUnreclaim:        75584 kB
KernelStack:       31792 kB
PageTables:        58328 kB
NFS_Unstable:          0 kB
Bounce:                0 kB
WritebackTmp:          0 kB
CommitLimit:     2684136 kB
Committed_AS:   146523312 kB
VmallocTotal:   251658176 kB
VmallocUsed:      326156 kB
VmallocChunk:   247561408 kB
Time pass: 295 sec

---2015-11-20 13:53:35
MemTotal:        2746844 kB
MemFree:           79572 kB
Buffers:           10628 kB
Cached:           712156 kB
SwapCached:         1812 kB
Active:           808284 kB
Inactive:         756040 kB
Active(anon):     428848 kB
Inactive(anon):   433616 kB
Active(file):     379436 kB
Inactive(file):   322424 kB
Unevictable:       36096 kB
Mlocked:           28124 kB
SwapTotal:       1310716 kB
SwapFree:        1239212 kB
Dirty:                64 kB
Writeback:             0 kB
AnonPages:        875940 kB
Mapped:           459976 kB
Shmem:              1560 kB
Slab:             106764 kB
SReclaimable:      31228 kB
SUnreclaim:        75536 kB
KernelStack:       31120 kB
PageTables:        57684 kB
NFS_Unstable:          0 kB
Bounce:                0 kB
WritebackTmp:          0 kB
CommitLimit:     2684136 kB
Committed_AS:   145260060 kB
VmallocTotal:   251658176 kB
VmallocUsed:      325136 kB
VmallocChunk:   247561408 kB
Time pass: 299 sec

---2015-11-20 13:53:35
MemTotal:        2746844 kB
MemFree:           67544 kB
Buffers:           10644 kB
Cached:           712156 kB
SwapCached:         1812 kB
Active:           820380 kB
Inactive:         756064 kB
Active(anon):     440948 kB
Inactive(anon):   433616 kB
Active(file):     379432 kB
Inactive(file):   322448 kB
Unevictable:       36096 kB
Mlocked:           28124 kB
SwapTotal:       1310716 kB
SwapFree:        1239212 kB
Dirty:               108 kB
Writeback:             0 kB
AnonPages:        888288 kB
Mapped:           466592 kB
Shmem:              1560 kB
Slab:             106796 kB
SReclaimable:      31228 kB
SUnreclaim:        75568 kB
KernelStack:       31760 kB
PageTables:        58268 kB
NFS_Unstable:          0 kB
Bounce:                0 kB
WritebackTmp:          0 kB
CommitLimit:     2684136 kB
Committed_AS:   146522768 kB
VmallocTotal:   251658176 kB
VmallocUsed:      326156 kB
VmallocChunk:   247561408 kB
Time pass: 302 sec

---2015-11-20 13:53:35
MemTotal:        2746844 kB
MemFree:           65680 kB
Buffers:           10644 kB
Cached:           712156 kB
SwapCached:         1812 kB
Active:           821272 kB
Inactive:         756064 kB
Active(anon):     441840 kB
Inactive(anon):   433616 kB
Active(file):     379432 kB
Inactive(file):   322448 kB
Unevictable:       36096 kB
Mlocked:           28124 kB
SwapTotal:       1310716 kB
SwapFree:        1239212 kB
Dirty:               108 kB
Writeback:             0 kB
AnonPages:        888900 kB
Mapped:           466800 kB
Shmem:              1560 kB
Slab:             106796 kB
SReclaimable:      31228 kB
SUnreclaim:        75568 kB
KernelStack:       31792 kB
PageTables:        58296 kB
NFS_Unstable:          0 kB
Bounce:                0 kB
WritebackTmp:          0 kB
CommitLimit:     2684136 kB
Committed_AS:   146522860 kB
VmallocTotal:   251658176 kB
VmallocUsed:      326156 kB
VmallocChunk:   247561408 kB
Time pass: 306 sec

---2015-11-20 13:53:35
MemTotal:        2746844 kB
MemFree:           67960 kB
Buffers:           10644 kB
Cached:           710652 kB
SwapCached:         1812 kB
Active:           813680 kB
Inactive:         761000 kB
Active(anon):     435700 kB
Inactive(anon):   438448 kB
Active(file):     377980 kB
Inactive(file):   322552 kB
Unevictable:       36096 kB
Mlocked:           28124 kB
SwapTotal:       1310716 kB
SwapFree:        1237780 kB
Dirty:                68 kB
Writeback:             0 kB
AnonPages:        887660 kB
Mapped:           466876 kB
Shmem:              1580 kB
Slab:             106804 kB
SReclaimable:      31228 kB
SUnreclaim:        75576 kB
KernelStack:       31776 kB
PageTables:        58268 kB
NFS_Unstable:          0 kB
Bounce:                0 kB
WritebackTmp:          0 kB
CommitLimit:     2684136 kB
Committed_AS:   146522912 kB
VmallocTotal:   251658176 kB
VmallocUsed:      326156 kB
VmallocChunk:   247561408 kB
Time pass: 309 sec

---2015-11-20 13:53:35
MemTotal:        2746844 kB
MemFree:           66784 kB
Buffers:           10644 kB
Cached:           710652 kB
SwapCached:         1812 kB
Active:           814712 kB
Inactive:         761000 kB
Active(anon):     436732 kB
Inactive(anon):   438448 kB
Active(file):     377980 kB
Inactive(file):   322552 kB
Unevictable:       36096 kB
Mlocked:           28124 kB
SwapTotal:       1310716 kB
SwapFree:        1237780 kB
Dirty:                 0 kB
Writeback:             0 kB
AnonPages:        888268 kB
Mapped:           466932 kB
Shmem:              1580 kB
Slab:             106804 kB
SReclaimable:      31228 kB
SUnreclaim:        75576 kB
KernelStack:       31776 kB
PageTables:        58268 kB
NFS_Unstable:          0 kB
Bounce:                0 kB
WritebackTmp:          0 kB
CommitLimit:     2684136 kB
Committed_AS:   146523344 kB
VmallocTotal:   251658176 kB
VmallocUsed:      326156 kB
VmallocChunk:   247561408 kB
Time pass: 313 sec

---2015-11-20 13:53:35
MemTotal:        2746844 kB
MemFree:           75968 kB
Buffers:           10652 kB
Cached:           710668 kB
SwapCached:         1812 kB
Active:           806704 kB
Inactive:         760916 kB
Active(anon):     428620 kB
Inactive(anon):   438464 kB
Active(file):     378084 kB
Inactive(file):   322452 kB
Unevictable:       36096 kB
Mlocked:           28124 kB
SwapTotal:       1310716 kB
SwapFree:        1237780 kB
Dirty:                44 kB
Writeback:             0 kB
AnonPages:        880464 kB
Mapped:           460012 kB
Shmem:              1596 kB
Slab:             106800 kB
SReclaimable:      31228 kB
SUnreclaim:        75572 kB
KernelStack:       31088 kB
PageTables:        57680 kB
NFS_Unstable:          0 kB
Bounce:                0 kB
WritebackTmp:          0 kB
CommitLimit:     2684136 kB
Committed_AS:   145260216 kB
VmallocTotal:   251658176 kB
VmallocUsed:      325136 kB
VmallocChunk:   247561408 kB
Time pass: 316 sec

---2015-11-20 13:53:35
MemTotal:        2746844 kB
MemFree:           74388 kB
Buffers:           10668 kB
Cached:           710812 kB
SwapCached:         1812 kB
Active:           808424 kB
Inactive:         761032 kB
Active(anon):     430516 kB
Inactive(anon):   438428 kB
Active(file):     377908 kB
Inactive(file):   322604 kB
Unevictable:       36096 kB
Mlocked:           28124 kB
SwapTotal:       1310716 kB
SwapFree:        1237780 kB
Dirty:                64 kB
Writeback:             0 kB
AnonPages:        882544 kB
Mapped:           460020 kB
Shmem:              1604 kB
Slab:             106808 kB
SReclaimable:      31228 kB
SUnreclaim:        75580 kB
KernelStack:       31072 kB
PageTables:        57980 kB
NFS_Unstable:          0 kB
Bounce:                0 kB
WritebackTmp:          0 kB
CommitLimit:     2684136 kB
Committed_AS:   146501080 kB
VmallocTotal:   251658176 kB
VmallocUsed:      326156 kB
VmallocChunk:   247561408 kB
Time pass: 320 sec

---2015-11-20 13:53:35
MemTotal:        2746844 kB
MemFree:           66404 kB
Buffers:           10504 kB
Cached:           709776 kB
SwapCached:         1812 kB
Active:           815944 kB
Inactive:         760944 kB
Active(anon):     439256 kB
Inactive(anon):   438176 kB
Active(file):     376688 kB
Inactive(file):   322768 kB
Unevictable:       36096 kB
Mlocked:           28124 kB
SwapTotal:       1310716 kB
SwapFree:        1235876 kB
Dirty:               156 kB
Writeback:             0 kB
AnonPages:        891432 kB
Mapped:           466736 kB
Shmem:              1608 kB
Slab:             106900 kB
SReclaimable:      31228 kB
SUnreclaim:        75672 kB
KernelStack:       31776 kB
PageTables:        58280 kB
NFS_Unstable:          0 kB
Bounce:                0 kB
WritebackTmp:          0 kB
CommitLimit:     2684136 kB
Committed_AS:   146522824 kB
VmallocTotal:   251658176 kB
VmallocUsed:      326156 kB
VmallocChunk:   247561408 kB
Time pass: 324 sec

---2015-11-20 13:53:35
MemTotal:        2746844 kB
MemFree:           69184 kB
Buffers:           10376 kB
Cached:           708808 kB
SwapCached:         1812 kB
Active:           813576 kB
Inactive:         761824 kB
Active(anon):     437932 kB
Inactive(anon):   439248 kB
Active(file):     375644 kB
Inactive(file):   322576 kB
Unevictable:       36096 kB
Mlocked:           28124 kB
SwapTotal:       1310716 kB
SwapFree:        1234888 kB
Dirty:                68 kB
Writeback:             0 kB
AnonPages:        890756 kB
Mapped:           466888 kB
Shmem:              1596 kB
Slab:             106868 kB
SReclaimable:      31228 kB
SUnreclaim:        75640 kB
KernelStack:       31776 kB
PageTables:        58276 kB
NFS_Unstable:          0 kB
Bounce:                0 kB
WritebackTmp:          0 kB
CommitLimit:     2684136 kB
Committed_AS:   146522888 kB
VmallocTotal:   251658176 kB
VmallocUsed:      326156 kB
VmallocChunk:   247561408 kB
Time pass: 327 sec

---2015-11-20 13:53:35
MemTotal:        2746844 kB
MemFree:           68688 kB
Buffers:           10392 kB
Cached:           708808 kB
SwapCached:         1812 kB
Active:           813872 kB
Inactive:         761836 kB
Active(anon):     438228 kB
Inactive(anon):   439244 kB
Active(file):     375644 kB
Inactive(file):   322592 kB
Unevictable:       36096 kB
Mlocked:           28124 kB
SwapTotal:       1310716 kB
SwapFree:        1234888 kB
Dirty:                 0 kB
Writeback:             0 kB
AnonPages:        890960 kB
Mapped:           466892 kB
Shmem:              1596 kB
Slab:             106872 kB
SReclaimable:      31228 kB
SUnreclaim:        75644 kB
KernelStack:       31776 kB
PageTables:        58276 kB
NFS_Unstable:          0 kB
Bounce:                0 kB
WritebackTmp:          0 kB
CommitLimit:     2684136 kB
Committed_AS:   146522904 kB
VmallocTotal:   251658176 kB
VmallocUsed:      326156 kB
VmallocChunk:   247561408 kB
Time pass: 331 sec

---2015-11-20 13:53:35
MemTotal:        2746844 kB
MemFree:           66652 kB
Buffers:           10392 kB
Cached:           708624 kB
SwapCached:         1812 kB
Active:           814856 kB
Inactive:         761996 kB
Active(anon):     439284 kB
Inactive(anon):   439512 kB
Active(file):     375572 kB
Inactive(file):   322484 kB
Unevictable:       36096 kB
Mlocked:           28124 kB
SwapTotal:       1310716 kB
SwapFree:        1234888 kB
Dirty:                 0 kB
Writeback:             0 kB
AnonPages:        892020 kB
Mapped:           467024 kB
Shmem:              1596 kB
Slab:             106876 kB
SReclaimable:      31228 kB
SUnreclaim:        75648 kB
KernelStack:       31792 kB
PageTables:        58304 kB
NFS_Unstable:          0 kB
Bounce:                0 kB
WritebackTmp:          0 kB
CommitLimit:     2684136 kB
Committed_AS:   146523352 kB
VmallocTotal:   251658176 kB
VmallocUsed:      326156 kB
VmallocChunk:   247561408 kB
Time pass: 334 sec

---2015-11-20 13:53:35
MemTotal:        2746844 kB
MemFree:           75452 kB
Buffers:           10416 kB
Cached:           708624 kB
SwapCached:         1812 kB
Active:           807748 kB
Inactive:         761792 kB
Active(anon):     431952 kB
Inactive(anon):   439508 kB
Active(file):     375796 kB
Inactive(file):   322284 kB
Unevictable:       36096 kB
Mlocked:           28124 kB
SwapTotal:       1310716 kB
SwapFree:        1234888 kB
Dirty:                68 kB
Writeback:             0 kB
AnonPages:        884932 kB
Mapped:           460096 kB
Shmem:              1596 kB
Slab:             106864 kB
SReclaimable:      31228 kB
SUnreclaim:        75636 kB
KernelStack:       31120 kB
PageTables:        57720 kB
NFS_Unstable:          0 kB
Bounce:                0 kB
WritebackTmp:          0 kB
CommitLimit:     2684136 kB
Committed_AS:   145260148 kB
VmallocTotal:   251658176 kB
VmallocUsed:      325136 kB
VmallocChunk:   247561408 kB
Time pass: 338 sec

---2015-11-20 13:53:35
MemTotal:        2746844 kB
MemFree:           65344 kB
Buffers:           10416 kB
Cached:           708624 kB
SwapCached:         1812 kB
Active:           818496 kB
Inactive:         761776 kB
Active(anon):     442692 kB
Inactive(anon):   439496 kB
Active(file):     375804 kB
Inactive(file):   322280 kB
Unevictable:       36096 kB
Mlocked:           28124 kB
SwapTotal:       1310716 kB
SwapFree:        1234888 kB
Dirty:                16 kB
Writeback:             0 kB
AnonPages:        895524 kB
Mapped:           466380 kB
Shmem:              1596 kB
Slab:             106856 kB
SReclaimable:      31228 kB
SUnreclaim:        75628 kB
KernelStack:       31776 kB
PageTables:        58252 kB
NFS_Unstable:          0 kB
Bounce:                0 kB
WritebackTmp:          0 kB
CommitLimit:     2684136 kB
Committed_AS:   146522864 kB
VmallocTotal:   251658176 kB
VmallocUsed:      326156 kB
VmallocChunk:   247561408 kB
Time pass: 341 sec

---2015-11-20 13:53:35
MemTotal:        2746844 kB
MemFree:           67648 kB
Buffers:           10384 kB
Cached:           707856 kB
SwapCached:         1812 kB
Active:           814924 kB
Inactive:         763172 kB
Active(anon):     439940 kB
Inactive(anon):   440888 kB
Active(file):     374984 kB
Inactive(file):   322284 kB
Unevictable:       36096 kB
Mlocked:           28124 kB
SwapTotal:       1310716 kB
SwapFree:        1233560 kB
Dirty:               100 kB
Writeback:             0 kB
AnonPages:        893956 kB
Mapped:           466816 kB
Shmem:              1596 kB
Slab:             106904 kB
SReclaimable:      31228 kB
SUnreclaim:        75676 kB
KernelStack:       31760 kB
PageTables:        58264 kB
NFS_Unstable:          0 kB
Bounce:                0 kB
WritebackTmp:          0 kB
CommitLimit:     2684136 kB
Committed_AS:   146522848 kB
VmallocTotal:   251658176 kB
VmallocUsed:      326156 kB
VmallocChunk:   247561408 kB
Time pass: 345 sec

---2015-11-20 13:53:35
MemTotal:        2746844 kB
MemFree:           77884 kB
Buffers:           10400 kB
Cached:           707548 kB
SwapCached:         1812 kB
Active:           803636 kB
Inactive:         762840 kB
Active(anon):     428980 kB
Inactive(anon):   440508 kB
Active(file):     374656 kB
Inactive(file):   322332 kB
Unevictable:       36096 kB
Mlocked:           28124 kB
SwapTotal:       1310716 kB
SwapFree:        1233796 kB
Dirty:                 0 kB
Writeback:             0 kB
AnonPages:        882728 kB
Mapped:           466892 kB
Shmem:              1596 kB
Slab:             106920 kB
SReclaimable:      31228 kB
SUnreclaim:        75692 kB
KernelStack:       31776 kB
PageTables:        58272 kB
NFS_Unstable:          0 kB
Bounce:                0 kB
WritebackTmp:          0 kB
CommitLimit:     2684136 kB
Committed_AS:   146514296 kB
VmallocTotal:   251658176 kB
VmallocUsed:      326156 kB
VmallocChunk:   247561408 kB
Time pass: 348 sec

---2015-11-20 13:53:35
MemTotal:        2746844 kB
MemFree:           77568 kB
Buffers:           10408 kB
Cached:           707584 kB
SwapCached:         1812 kB
Active:           804084 kB
Inactive:         762880 kB
Active(anon):     429428 kB
Inactive(anon):   440540 kB
Active(file):     374656 kB
Inactive(file):   322340 kB
Unevictable:       36096 kB
Mlocked:           28124 kB
SwapTotal:       1310716 kB
SwapFree:        1233796 kB
Dirty:                52 kB
Writeback:             0 kB
AnonPages:        883376 kB
Mapped:           466984 kB
Shmem:              1632 kB
Slab:             106904 kB
SReclaimable:      31228 kB
SUnreclaim:        75676 kB
KernelStack:       31776 kB
PageTables:        58272 kB
NFS_Unstable:          0 kB
Bounce:                0 kB
WritebackTmp:          0 kB
CommitLimit:     2684136 kB
Committed_AS:   146514648 kB
VmallocTotal:   251658176 kB
VmallocUsed:      326156 kB
VmallocChunk:   247561408 kB
Time pass: 352 sec

---2015-11-20 13:53:35
MemTotal:        2746844 kB
MemFree:           87260 kB
Buffers:           10424 kB
Cached:           707584 kB
SwapCached:         1812 kB
Active:           795532 kB
Inactive:         762888 kB
Active(anon):     420876 kB
Inactive(anon):   440540 kB
Active(file):     374656 kB
Inactive(file):   322348 kB
Unevictable:       36096 kB
Mlocked:           28124 kB
SwapTotal:       1310716 kB
SwapFree:        1233796 kB
Dirty:                60 kB
Writeback:             0 kB
AnonPages:        874700 kB
Mapped:           460204 kB
Shmem:              1632 kB
Slab:             106908 kB
SReclaimable:      31228 kB
SUnreclaim:        75680 kB
KernelStack:       31664 kB
PageTables:        57688 kB
NFS_Unstable:          0 kB
Bounce:                0 kB
WritebackTmp:          0 kB
CommitLimit:     2684136 kB
Committed_AS:   145251504 kB
VmallocTotal:   251658176 kB
VmallocUsed:      325136 kB
VmallocChunk:   247561408 kB
Time pass: 355 sec

---2015-11-20 13:53:35
MemTotal:        2746844 kB
MemFree:           87744 kB
Buffers:           10440 kB
Cached:           707592 kB
SwapCached:         1812 kB
Active:           795352 kB
Inactive:         762812 kB
Active(anon):     420596 kB
Inactive(anon):   440540 kB
Active(file):     374756 kB
Inactive(file):   322272 kB
Unevictable:       36096 kB
Mlocked:           28124 kB
SwapTotal:       1310716 kB
SwapFree:        1233796 kB
Dirty:                72 kB
Writeback:             0 kB
AnonPages:        874628 kB
Mapped:           462424 kB
Shmem:              1640 kB
Slab:             106904 kB
SReclaimable:      31228 kB
SUnreclaim:        75676 kB
KernelStack:       31072 kB
PageTables:        57976 kB
NFS_Unstable:          0 kB
Bounce:                0 kB
WritebackTmp:          0 kB
CommitLimit:     2684136 kB
Committed_AS:   146502132 kB
VmallocTotal:   251658176 kB
VmallocUsed:      326156 kB
VmallocChunk:   247561408 kB
Time pass: 359 sec

---2015-11-20 13:53:35
MemTotal:        2746844 kB
MemFree:           84464 kB
Buffers:           10448 kB
Cached:           708396 kB
SwapCached:         1816 kB
Active:           796504 kB
Inactive:         763272 kB
Active(anon):     421748 kB
Inactive(anon):   440196 kB
Active(file):     374756 kB
Inactive(file):   323076 kB
Unevictable:       36096 kB
Mlocked:           28124 kB
SwapTotal:       1310716 kB
SwapFree:        1233796 kB
Dirty:               116 kB
Writeback:             0 kB
AnonPages:        875348 kB
Mapped:           467012 kB
Shmem:              1640 kB
Slab:             106948 kB
SReclaimable:      31228 kB
SUnreclaim:        75720 kB
KernelStack:       31776 kB
