---2015-12-09 10:41:11
MemTotal:        2905316 kB
MemFree:           88776 kB
Buffers:           25772 kB
Cached:          1382352 kB
SwapCached:            0 kB
Active:          1308356 kB
Inactive:        1014312 kB
Active(anon):     792436 kB
Inactive(anon):   164588 kB
Active(file):     515920 kB
Inactive(file):   849724 kB
Unevictable:        7800 kB
Mlocked:               0 kB
SwapTotal:        720184 kB
SwapFree:         720184 kB
Dirty:               200 kB
Writeback:             0 kB
AnonPages:        922244 kB
Mapped:           511664 kB
Shmem:             34664 kB
Slab:             117180 kB
SReclaimable:      36036 kB
SUnreclaim:        81144 kB
KernelStack:       31136 kB
PageTables:        56940 kB
NFS_Unstable:          0 kB
Bounce:                0 kB
WritebackTmp:          0 kB
CommitLimit:     2172840 kB
Committed_AS:   95629468 kB
VmallocTotal:   251658176 kB
VmallocUsed:      138604 kB
VmallocChunk:   251423276 kB
Time pass: 3 sec

---2015-12-09 10:41:11
MemTotal:        2905316 kB
MemFree:           95608 kB
Buffers:           25772 kB
Cached:          1382840 kB
SwapCached:            0 kB
Active:          1301312 kB
Inactive:        1014788 kB
Active(anon):     785364 kB
Inactive(anon):   164588 kB
Active(file):     515948 kB
Inactive(file):   850200 kB
Unevictable:        7800 kB
Mlocked:               0 kB
SwapTotal:        720184 kB
SwapFree:         720184 kB
Dirty:                 0 kB
Writeback:             0 kB
AnonPages:        915300 kB
Mapped:           511008 kB
Shmem:             34664 kB
Slab:             117120 kB
SReclaimable:      36004 kB
SUnreclaim:        81116 kB
KernelStack:       31056 kB
PageTables:        56652 kB
NFS_Unstable:          0 kB
Bounce:                0 kB
WritebackTmp:          0 kB
CommitLimit:     2172840 kB
Committed_AS:   94379236 kB
VmallocTotal:   251658176 kB
VmallocUsed:      137584 kB
VmallocChunk:   251423276 kB
Time pass: 7 sec

---2015-12-09 10:41:11
MemTotal:        2905316 kB
MemFree:          103832 kB
Buffers:           25780 kB
Cached:          1382852 kB
SwapCached:            0 kB
Active:          1293924 kB
Inactive:        1014784 kB
Active(anon):     777956 kB
Inactive(anon):   164588 kB
Active(file):     515968 kB
Inactive(file):   850196 kB
Unevictable:        7800 kB
Mlocked:               0 kB
SwapTotal:        720184 kB
SwapFree:         720184 kB
Dirty:               100 kB
Writeback:             0 kB
AnonPages:        907712 kB
Mapped:           510328 kB
Shmem:             34664 kB
Slab:             117072 kB
SReclaimable:      36004 kB
SUnreclaim:        81068 kB
KernelStack:       30880 kB
PageTables:        56128 kB
NFS_Unstable:          0 kB
Bounce:                0 kB
WritebackTmp:          0 kB
CommitLimit:     2172840 kB
Committed_AS:   93650848 kB
VmallocTotal:   251658176 kB
VmallocUsed:      136564 kB
VmallocChunk:   251423276 kB
Time pass: 11 sec

---2015-12-09 10:41:11
MemTotal:        2905316 kB
MemFree:          103976 kB
Buffers:           25788 kB
Cached:          1384280 kB
SwapCached:            0 kB
Active:          1293860 kB
Inactive:        1016200 kB
Active(anon):     777876 kB
Inactive(anon):   164588 kB
Active(file):     515984 kB
Inactive(file):   851612 kB
Unevictable:        7800 kB
Mlocked:               0 kB
SwapTotal:        720184 kB
SwapFree:         720184 kB
Dirty:               100 kB
Writeback:             0 kB
AnonPages:        907868 kB
Mapped:           510128 kB
Shmem:             34664 kB
Slab:             117000 kB
SReclaimable:      36004 kB
SUnreclaim:        80996 kB
KernelStack:       30688 kB
PageTables:        55576 kB
NFS_Unstable:          0 kB
Bounce:                0 kB
WritebackTmp:          0 kB
CommitLimit:     2172840 kB
Committed_AS:   92401520 kB
VmallocTotal:   251658176 kB
VmallocUsed:      135544 kB
VmallocChunk:   251423276 kB
Time pass: 15 sec

---2015-12-09 10:41:11
MemTotal:        2905316 kB
MemFree:           72432 kB
Buffers:           25808 kB
Cached:          1365688 kB
SwapCached:            0 kB
Active:          1303224 kB
Inactive:         996568 kB
Active(anon):     784700 kB
Inactive(anon):   166428 kB
Active(file):     518524 kB
Inactive(file):   830140 kB
Unevictable:        7800 kB
Mlocked:               0 kB
SwapTotal:        720184 kB
SwapFree:         720184 kB
Dirty:                80 kB
Writeback:             0 kB
AnonPages:        916776 kB
Mapped:           511060 kB
Shmem:             34712 kB
Slab:             117276 kB
SReclaimable:      36004 kB
SUnreclaim:        81272 kB
KernelStack:       30720 kB
PageTables:        56532 kB
NFS_Unstable:          0 kB
Bounce:                0 kB
WritebackTmp:          0 kB
CommitLimit:     2172840 kB
Committed_AS:   96593800 kB
VmallocTotal:   251658176 kB
VmallocUsed:      137460 kB
VmallocChunk:   251413036 kB
Time pass: 18 sec

---2015-12-09 10:41:11
MemTotal:        2905316 kB
MemFree:           69580 kB
Buffers:           24744 kB
Cached:          1186748 kB
SwapCached:            0 kB
Active:          1362052 kB
Inactive:         835828 kB
Active(anon):     828964 kB
Inactive(anon):   200224 kB
Active(file):     533088 kB
Inactive(file):   635604 kB
Unevictable:        7800 kB
Mlocked:               0 kB
SwapTotal:        720184 kB
SwapFree:         720184 kB
Dirty:               548 kB
Writeback:           220 kB
AnonPages:        994632 kB
Mapped:           626824 kB
Shmem:             34976 kB
Slab:             115268 kB
SReclaimable:      33416 kB
SUnreclaim:        81852 kB
KernelStack:       34096 kB
PageTables:        57176 kB
NFS_Unstable:          0 kB
Bounce:                0 kB
WritebackTmp:          0 kB
CommitLimit:     2172840 kB
Committed_AS:   93796040 kB
VmallocTotal:   251658176 kB
VmallocUsed:      137260 kB
VmallocChunk:   251413036 kB
Time pass: 22 sec

---2015-12-09 10:41:11
MemTotal:        2905316 kB
MemFree:          121972 kB
Buffers:           24672 kB
Cached:          1160268 kB
SwapCached:            0 kB
Active:          1307128 kB
Inactive:         808912 kB
Active(anon):     770848 kB
Inactive(anon):   201112 kB
Active(file):     536280 kB
Inactive(file):   607800 kB
Unevictable:        7800 kB
Mlocked:               0 kB
SwapTotal:        720184 kB
SwapFree:         720184 kB
Dirty:               608 kB
Writeback:             0 kB
AnonPages:        938688 kB
Mapped:           632216 kB
Shmem:             33060 kB
Slab:             117988 kB
SReclaimable:      36216 kB
SUnreclaim:        81772 kB
KernelStack:       34048 kB
PageTables:        57000 kB
NFS_Unstable:          0 kB
Bounce:                0 kB
WritebackTmp:          0 kB
CommitLimit:     2172840 kB
Committed_AS:   93748452 kB
VmallocTotal:   251658176 kB
VmallocUsed:      137528 kB
VmallocChunk:   251413036 kB
Time pass: 26 sec

---2015-12-09 10:41:11
MemTotal:        2905316 kB
MemFree:          125960 kB
Buffers:           24688 kB
Cached:          1160272 kB
SwapCached:            0 kB
Active:          1304260 kB
Inactive:         808564 kB
Active(anon):     767620 kB
Inactive(anon):   201108 kB
Active(file):     536640 kB
Inactive(file):   607456 kB
Unevictable:        7800 kB
Mlocked:               0 kB
SwapTotal:        720184 kB
SwapFree:         720184 kB
Dirty:               180 kB
Writeback:             0 kB
AnonPages:        935832 kB
Mapped:           631404 kB
Shmem:             33060 kB
Slab:             117920 kB
SReclaimable:      36200 kB
SUnreclaim:        81720 kB
KernelStack:       33872 kB
PageTables:        56488 kB
NFS_Unstable:          0 kB
Bounce:                0 kB
WritebackTmp:          0 kB
CommitLimit:     2172840 kB
Committed_AS:   93022476 kB
VmallocTotal:   251658176 kB
VmallocUsed:      136508 kB
VmallocChunk:   251413036 kB
Time pass: 29 sec

---2015-12-09 10:41:11
MemTotal:        2905316 kB
MemFree:          123196 kB
Buffers:           24696 kB
Cached:          1161692 kB
SwapCached:            0 kB
Active:          1305796 kB
Inactive:         809944 kB
Active(anon):     769140 kB
Inactive(anon):   200752 kB
Active(file):     536656 kB
Inactive(file):   609192 kB
Unevictable:        7800 kB
Mlocked:               0 kB
SwapTotal:        720184 kB
SwapFree:         720184 kB
Dirty:                24 kB
Writeback:             0 kB
AnonPages:        937376 kB
Mapped:           631356 kB
Shmem:             32704 kB
Slab:             118056 kB
SReclaimable:      36200 kB
SUnreclaim:        81856 kB
KernelStack:       33952 kB
PageTables:        56472 kB
NFS_Unstable:          0 kB
Bounce:                0 kB
WritebackTmp:          0 kB
CommitLimit:     2172840 kB
Committed_AS:   93021332 kB
VmallocTotal:   251658176 kB
VmallocUsed:      136508 kB
VmallocChunk:   251413036 kB
Time pass: 33 sec

---2015-12-09 10:41:11
MemTotal:        2905316 kB
MemFree:          130716 kB
Buffers:           24736 kB
Cached:          1165648 kB
SwapCached:            0 kB
Active:          1293800 kB
Inactive:         813912 kB
Active(anon):     757104 kB
Inactive(anon):   200752 kB
Active(file):     536696 kB
Inactive(file):   613160 kB
Unevictable:        7800 kB
Mlocked:               0 kB
SwapTotal:        720184 kB
SwapFree:         720184 kB
Dirty:               144 kB
Writeback:             0 kB
AnonPages:        925356 kB
Mapped:           632556 kB
Shmem:             32704 kB
Slab:             118076 kB
SReclaimable:      36200 kB
SUnreclaim:        81876 kB
KernelStack:       34176 kB
PageTables:        56520 kB
NFS_Unstable:          0 kB
Bounce:                0 kB
WritebackTmp:          0 kB
CommitLimit:     2172840 kB
Committed_AS:   93024184 kB
VmallocTotal:   251658176 kB
VmallocUsed:      136508 kB
VmallocChunk:   251413036 kB
Time pass: 36 sec

---2015-12-09 10:41:11
MemTotal:        2905316 kB
MemFree:          130324 kB
Buffers:           25316 kB
Cached:          1165676 kB
SwapCached:            0 kB
Active:          1294088 kB
Inactive:         814488 kB
Active(anon):     757384 kB
Inactive(anon):   200752 kB
Active(file):     536704 kB
Inactive(file):   613736 kB
Unevictable:        7800 kB
Mlocked:               0 kB
SwapTotal:        720184 kB
SwapFree:         720184 kB
Dirty:               608 kB
Writeback:             0 kB
AnonPages:        925484 kB
Mapped:           632496 kB
Shmem:             32704 kB
Slab:             117952 kB
SReclaimable:      36216 kB
SUnreclaim:        81736 kB
KernelStack:       34160 kB
PageTables:        56504 kB
NFS_Unstable:          0 kB
Bounce:                0 kB
WritebackTmp:          0 kB
CommitLimit:     2172840 kB
Committed_AS:   93024248 kB
VmallocTotal:   251658176 kB
VmallocUsed:      136508 kB
VmallocChunk:   251413036 kB
Time pass: 40 sec

---2015-12-09 10:41:11
MemTotal:        2905316 kB
MemFree:           71360 kB
Buffers:           26284 kB
Cached:          1177720 kB
SwapCached:            0 kB
Active:          1304292 kB
Inactive:         827264 kB
Active(anon):     767400 kB
Inactive(anon):   200756 kB
Active(file):     536892 kB
Inactive(file):   626508 kB
Unevictable:        7800 kB
Mlocked:               0 kB
SwapTotal:        720184 kB
SwapFree:         720184 kB
Dirty:               324 kB
Writeback:             0 kB
AnonPages:        935484 kB
Mapped:           643784 kB
Shmem:             32708 kB
Slab:             117936 kB
SReclaimable:      36232 kB
SUnreclaim:        81704 kB
KernelStack:       34192 kB
PageTables:        56840 kB
NFS_Unstable:          0 kB
Bounce:                0 kB
WritebackTmp:          0 kB
CommitLimit:     2172840 kB
Committed_AS:   93043108 kB
VmallocTotal:   251658176 kB
VmallocUsed:      136764 kB
VmallocChunk:   251413036 kB
Time pass: 44 sec

---2015-12-09 10:41:11
MemTotal:        2905316 kB
MemFree:           68804 kB
Buffers:           26164 kB
Cached:          1161116 kB
SwapCached:            0 kB
Active:          1315248 kB
Inactive:         809280 kB
Active(anon):     777000 kB
Inactive(anon):   200804 kB
Active(file):     538248 kB
Inactive(file):   608476 kB
Unevictable:        7800 kB
Mlocked:               0 kB
SwapTotal:        720184 kB
SwapFree:         720184 kB
Dirty:                 0 kB
Writeback:             0 kB
AnonPages:        945180 kB
Mapped:           649544 kB
Shmem:             32756 kB
Slab:             117816 kB
SReclaimable:      36104 kB
SUnreclaim:        81712 kB
KernelStack:       34192 kB
PageTables:        56980 kB
NFS_Unstable:          0 kB
Bounce:                0 kB
WritebackTmp:          0 kB
CommitLimit:     2172840 kB
Committed_AS:   93086244 kB
VmallocTotal:   251658176 kB
VmallocUsed:      136812 kB
VmallocChunk:   251413036 kB
Time pass: 47 sec

---2015-12-09 10:41:11
MemTotal:        2905316 kB
MemFree:           75384 kB
Buffers:           24280 kB
Cached:          1140000 kB
SwapCached:            0 kB
Active:          1341704 kB
Inactive:         778652 kB
Active(anon):     795928 kB
Inactive(anon):   200804 kB
Active(file):     545776 kB
Inactive(file):   577848 kB
Unevictable:        7800 kB
Mlocked:               0 kB
SwapTotal:        720184 kB
SwapFree:         720184 kB
Dirty:              1056 kB
Writeback:             0 kB
AnonPages:        964212 kB
Mapped:           668856 kB
Shmem:             32760 kB
Slab:             115256 kB
SReclaimable:      33420 kB
SUnreclaim:        81836 kB
KernelStack:       34384 kB
PageTables:        56940 kB
NFS_Unstable:          0 kB
Bounce:                0 kB
WritebackTmp:          0 kB
CommitLimit:     2172840 kB
Committed_AS:   93099196 kB
VmallocTotal:   251658176 kB
VmallocUsed:      136884 kB
VmallocChunk:   251413036 kB
Time pass: 51 sec

---2015-12-09 10:41:11
MemTotal:        2905316 kB
MemFree:           76044 kB
Buffers:           24548 kB
Cached:          1097092 kB
SwapCached:            0 kB
Active:          1330760 kB
Inactive:         740268 kB
Active(anon):     792712 kB
Inactive(anon):   202176 kB
Active(file):     538048 kB
Inactive(file):   538092 kB
Unevictable:       12764 kB
Mlocked:               0 kB
SwapTotal:        720184 kB
SwapFree:         720156 kB
Dirty:               940 kB
Writeback:             0 kB
AnonPages:        962320 kB
Mapped:           707020 kB
Shmem:             32732 kB
Slab:             118136 kB
SReclaimable:      36132 kB
SUnreclaim:        82004 kB
KernelStack:       34432 kB
PageTables:        57052 kB
NFS_Unstable:          0 kB
Bounce:                0 kB
WritebackTmp:          0 kB
CommitLimit:     2172840 kB
Committed_AS:   93097016 kB
VmallocTotal:   251658176 kB
VmallocUsed:      137220 kB
VmallocChunk:   251413036 kB
Time pass: 55 sec

---2015-12-09 10:41:11
MemTotal:        2905316 kB
MemFree:           73896 kB
Buffers:           24564 kB
Cached:          1099360 kB
SwapCached:            0 kB
Active:          1331852 kB
Inactive:         742396 kB
Active(anon):     793668 kB
Inactive(anon):   202176 kB
Active(file):     538184 kB
Inactive(file):   540220 kB
Unevictable:       12764 kB
Mlocked:               0 kB
SwapTotal:        720184 kB
SwapFree:         720156 kB
Dirty:                16 kB
Writeback:             0 kB
AnonPages:        963356 kB
Mapped:           707268 kB
Shmem:             32732 kB
Slab:             118100 kB
SReclaimable:      36276 kB
SUnreclaim:        81824 kB
KernelStack:       34464 kB
PageTables:        57056 kB
NFS_Unstable:          0 kB
Bounce:                0 kB
WritebackTmp:          0 kB
CommitLimit:     2172840 kB
Committed_AS:   93097128 kB
VmallocTotal:   251658176 kB
VmallocUsed:      137220 kB
VmallocChunk:   251413036 kB
Time pass: 58 sec

---2015-12-09 10:41:11
MemTotal:        2905316 kB
MemFree:           72564 kB
Buffers:           24564 kB
Cached:          1086200 kB
SwapCached:            0 kB
Active:          1328000 kB
Inactive:         734720 kB
Active(anon):     795388 kB
Inactive(anon):   202068 kB
Active(file):     532612 kB
Inactive(file):   532652 kB
Unevictable:       12768 kB
Mlocked:               0 kB
SwapTotal:        720184 kB
SwapFree:         720156 kB
Dirty:               112 kB
Writeback:             0 kB
AnonPages:        964904 kB
Mapped:           711276 kB
Shmem:             32732 kB
Slab:             118064 kB
SReclaimable:      36212 kB
SUnreclaim:        81852 kB
KernelStack:       34448 kB
PageTables:        57092 kB
NFS_Unstable:          0 kB
Bounce:                0 kB
WritebackTmp:          0 kB
CommitLimit:     2172840 kB
Committed_AS:   93098056 kB
VmallocTotal:   251658176 kB
VmallocUsed:      137328 kB
VmallocChunk:   251413036 kB
Time pass: 62 sec

---2015-12-09 10:41:11
MemTotal:        2905316 kB
MemFree:           73036 kB
Buffers:           24572 kB
Cached:          1086204 kB
SwapCached:            0 kB
Active:          1328136 kB
Inactive:         734716 kB
Active(anon):     795520 kB
Inactive(anon):   202068 kB
Active(file):     532616 kB
Inactive(file):   532648 kB
Unevictable:       12768 kB
Mlocked:               0 kB
SwapTotal:        720184 kB
SwapFree:         720156 kB
Dirty:               148 kB
Writeback:             0 kB
AnonPages:        965096 kB
Mapped:           711276 kB
Shmem:             32732 kB
Slab:             118104 kB
SReclaimable:      36084 kB
SUnreclaim:        82020 kB
KernelStack:       34384 kB
PageTables:        57092 kB
NFS_Unstable:          0 kB
Bounce:                0 kB
WritebackTmp:          0 kB
CommitLimit:     2172840 kB
Committed_AS:   93098072 kB
VmallocTotal:   251658176 kB
VmallocUsed:      137328 kB
VmallocChunk:   251413036 kB
Time pass: 66 sec

---2015-12-09 10:41:11
MemTotal:        2905316 kB
MemFree:           69752 kB
Buffers:           25172 kB
Cached:          1072944 kB
SwapCached:            0 kB
Active:          1332528 kB
Inactive:         728748 kB
Active(anon):     806228 kB
Inactive(anon):   202524 kB
Active(file):     526300 kB
Inactive(file):   526224 kB
Unevictable:       12768 kB
Mlocked:               0 kB
SwapTotal:        720184 kB
SwapFree:         720156 kB
Dirty:               276 kB
Writeback:             0 kB
AnonPages:        976064 kB
Mapped:           715964 kB
Shmem:             32732 kB
Slab:             118056 kB
SReclaimable:      36084 kB
SUnreclaim:        81972 kB
KernelStack:       34416 kB
PageTables:        57092 kB
NFS_Unstable:          0 kB
Bounce:                0 kB
WritebackTmp:          0 kB
CommitLimit:     2172840 kB
Committed_AS:   93109096 kB
VmallocTotal:   251658176 kB
VmallocUsed:      137360 kB
VmallocChunk:   251413036 kB
Time pass: 70 sec

---2015-12-09 10:41:11
MemTotal:        2905316 kB
MemFree:           72756 kB
Buffers:           25164 kB
Cached:          1061280 kB
SwapCached:            0 kB
Active:          1322188 kB
Inactive:         723568 kB
Active(anon):     802300 kB
Inactive(anon):   202520 kB
Active(file):     519888 kB
Inactive(file):   521048 kB
Unevictable:       12768 kB
Mlocked:               0 kB
SwapTotal:        720184 kB
SwapFree:         720156 kB
Dirty:               116 kB
Writeback:             0 kB
AnonPages:        972080 kB
Mapped:           723484 kB
Shmem:             32732 kB
Slab:             118052 kB
SReclaimable:      36100 kB
SUnreclaim:        81952 kB
KernelStack:       34432 kB
PageTables:        57020 kB
NFS_Unstable:          0 kB
Bounce:                0 kB
WritebackTmp:          0 kB
CommitLimit:     2172840 kB
Committed_AS:   93109924 kB
VmallocTotal:   251658176 kB
VmallocUsed:      137504 kB
VmallocChunk:   251413036 kB
Time pass: 73 sec

---2015-12-09 10:41:11
MemTotal:        2905316 kB
MemFree:           66272 kB
Buffers:           25188 kB
Cached:          1053324 kB
SwapCached:            0 kB
Active:          1334108 kB
Inactive:         720728 kB
Active(anon):     817636 kB
Inactive(anon):   204228 kB
Active(file):     516472 kB
Inactive(file):   516500 kB
Unevictable:       12768 kB
Mlocked:               0 kB
SwapTotal:        720184 kB
SwapFree:         720156 kB
Dirty:               252 kB
Writeback:             0 kB
AnonPages:        989180 kB
Mapped:           726660 kB
Shmem:             32780 kB
Slab:             117272 kB
SReclaimable:      34980 kB
SUnreclaim:        82292 kB
KernelStack:       34624 kB
PageTables:        57096 kB
NFS_Unstable:          0 kB
Bounce:                0 kB
WritebackTmp:          0 kB
CommitLimit:     2172840 kB
Committed_AS:   93143748 kB
VmallocTotal:   251658176 kB
VmallocUsed:      137504 kB
VmallocChunk:   251413036 kB
Time pass: 77 sec

---2015-12-09 10:41:11
MemTotal:        2905316 kB
MemFree:           69088 kB
Buffers:           25180 kB
Cached:          1048660 kB
SwapCached:            0 kB
Active:          1333636 kB
Inactive:         719092 kB
Active(anon):     819512 kB
Inactive(anon):   204924 kB
Active(file):     514124 kB
Inactive(file):   514168 kB
Unevictable:       12768 kB
Mlocked:               0 kB
SwapTotal:        720184 kB
SwapFree:         720156 kB
Dirty:               416 kB
Writeback:             0 kB
AnonPages:        991620 kB
Mapped:           724588 kB
Shmem:             32780 kB
Slab:             118256 kB
SReclaimable:      36020 kB
SUnreclaim:        82236 kB
KernelStack:       34480 kB
PageTables:        57092 kB
NFS_Unstable:          0 kB
Bounce:                0 kB
WritebackTmp:          0 kB
CommitLimit:     2172840 kB
Committed_AS:   93147404 kB
VmallocTotal:   251658176 kB
VmallocUsed:      137504 kB
VmallocChunk:   251413036 kB
Time pass: 81 sec

---2015-12-09 10:41:11
MemTotal:        2905316 kB
MemFree:           69444 kB
Buffers:           25188 kB
Cached:          1048664 kB
SwapCached:            0 kB
Active:          1333512 kB
Inactive:         719096 kB
Active(anon):     819384 kB
Inactive(anon):   204924 kB
Active(file):     514128 kB
Inactive(file):   514172 kB
Unevictable:       12768 kB
Mlocked:               0 kB
SwapTotal:        720184 kB
SwapFree:         720156 kB
Dirty:                76 kB
Writeback:             0 kB
AnonPages:        991648 kB
Mapped:           724620 kB
Shmem:             32780 kB
Slab:             118292 kB
SReclaimable:      36052 kB
SUnreclaim:        82240 kB
KernelStack:       34400 kB
PageTables:        57096 kB
NFS_Unstable:          0 kB
Bounce:                0 kB
WritebackTmp:          0 kB
CommitLimit:     2172840 kB
Committed_AS:   93147244 kB
VmallocTotal:   251658176 kB
VmallocUsed:      137504 kB
VmallocChunk:   251413036 kB
Time pass: 85 sec

---2015-12-09 10:41:11
MemTotal:        2905316 kB
MemFree:           67672 kB
Buffers:           25164 kB
Cached:          1044260 kB
SwapCached:            0 kB
Active:          1336504 kB
Inactive:         718280 kB
Active(anon):     824804 kB
Inactive(anon):   206204 kB
Active(file):     511700 kB
Inactive(file):   512076 kB
Unevictable:       12768 kB
Mlocked:               0 kB
SwapTotal:        720184 kB
SwapFree:         720156 kB
Dirty:                52 kB
Writeback:             0 kB
AnonPages:        998484 kB
Mapped:           725740 kB
Shmem:             32812 kB
Slab:             118292 kB
SReclaimable:      36052 kB
SUnreclaim:        82240 kB
KernelStack:       34544 kB
PageTables:        57420 kB
NFS_Unstable:          0 kB
Bounce:                0 kB
WritebackTmp:          0 kB
CommitLimit:     2172840 kB
Committed_AS:   93182240 kB
VmallocTotal:   251658176 kB
VmallocUsed:      139952 kB
VmallocChunk:   251413036 kB
Time pass: 89 sec

---2015-12-09 10:41:11
MemTotal:        2905316 kB
MemFree:           74180 kB
Buffers:           24908 kB
Cached:          1007184 kB
SwapCached:            0 kB
Active:          1317808 kB
Inactive:         699576 kB
Active(anon):     824796 kB
Inactive(anon):   206520 kB
Active(file):     493012 kB
Inactive(file):   493056 kB
Unevictable:       12768 kB
Mlocked:               0 kB
SwapTotal:        720184 kB
SwapFree:         720156 kB
Dirty:                 4 kB
Writeback:           136 kB
AnonPages:        998420 kB
Mapped:           719336 kB
Shmem:             33036 kB
Slab:             118112 kB
SReclaimable:      35764 kB
SUnreclaim:        82348 kB
KernelStack:       34608 kB
PageTables:        57456 kB
NFS_Unstable:          0 kB
Bounce:                0 kB
WritebackTmp:          0 kB
CommitLimit:     2172840 kB
Committed_AS:   93183028 kB
VmallocTotal:   251658176 kB
VmallocUsed:      139952 kB
VmallocChunk:   251413036 kB
Time pass: 92 sec

---2015-12-09 10:41:11
MemTotal:        2905316 kB
MemFree:           71364 kB
Buffers:           24924 kB
Cached:          1007184 kB
SwapCached:            0 kB
Active:          1319172 kB
Inactive:         699936 kB
Active(anon):     826284 kB
Inactive(anon):   206596 kB
Active(file):     492888 kB
Inactive(file):   493340 kB
Unevictable:       12768 kB
Mlocked:               0 kB
SwapTotal:        720184 kB
SwapFree:         720156 kB
Dirty:               140 kB
Writeback:             0 kB
AnonPages:        999924 kB
Mapped:           719380 kB
Shmem:             33112 kB
Slab:             118608 kB
SReclaimable:      36212 kB
SUnreclaim:        82396 kB
KernelStack:       34624 kB
PageTables:        57508 kB
NFS_Unstable:          0 kB
Bounce:                0 kB
WritebackTmp:          0 kB
CommitLimit:     2172840 kB
Committed_AS:   93183556 kB
VmallocTotal:   251658176 kB
VmallocUsed:      139964 kB
VmallocChunk:   251413036 kB
Time pass: 96 sec

---2015-12-09 10:41:11
MemTotal:        2905316 kB
MemFree:           65280 kB
Buffers:           24932 kB
Cached:          1007264 kB
SwapCached:            0 kB
Active:          1324816 kB
Inactive:         699956 kB
Active(anon):     831908 kB
Inactive(anon):   206600 kB
Active(file):     492908 kB
Inactive(file):   493356 kB
Unevictable:       12768 kB
Mlocked:               0 kB
SwapTotal:        720184 kB
SwapFree:         720156 kB
Dirty:                16 kB
Writeback:             0 kB
AnonPages:       1005380 kB
Mapped:           719784 kB
Shmem:             33116 kB
Slab:             118716 kB
SReclaimable:      36324 kB
SUnreclaim:        82392 kB
KernelStack:       34608 kB
PageTables:        57716 kB
NFS_Unstable:          0 kB
Bounce:                0 kB
WritebackTmp:          0 kB
CommitLimit:     2172840 kB
Committed_AS:   96631436 kB
VmallocTotal:   251658176 kB
VmallocUsed:      139964 kB
VmallocChunk:   251413036 kB
Time pass: 100 sec

---2015-12-09 10:41:11
MemTotal:        2905316 kB
MemFree:          353708 kB
Buffers:           24936 kB
Cached:          1004496 kB
SwapCached:            0 kB
Active:          1226084 kB
Inactive:         701052 kB
Active(anon):     735540 kB
Inactive(anon):   207968 kB
Active(file):     490544 kB
Inactive(file):   493084 kB
Unevictable:       12768 kB
Mlocked:               0 kB
SwapTotal:        720184 kB
SwapFree:         720156 kB
Dirty:               364 kB
Writeback:             4 kB
AnonPages:        910744 kB
Mapped:           532408 kB
Shmem:             33032 kB
Slab:             118388 kB
SReclaimable:      36160 kB
SUnreclaim:        82228 kB
KernelStack:       33136 kB
PageTables:        54836 kB
NFS_Unstable:          0 kB
Bounce:                0 kB
WritebackTmp:          0 kB
CommitLimit:     2172840 kB
Committed_AS:   91560604 kB
VmallocTotal:   251658176 kB
VmallocUsed:      136264 kB
VmallocChunk:   251426860 kB
Time pass: 104 sec

---2015-12-09 10:41:11
MemTotal:        2905316 kB
MemFree:          259064 kB
Buffers:           25000 kB
Cached:          1006508 kB
SwapCached:            0 kB
Active:          1259364 kB
Inactive:         701096 kB
Active(anon):     766800 kB
Inactive(anon):   208152 kB
Active(file):     492564 kB
Inactive(file):   492944 kB
Unevictable:       12768 kB
Mlocked:               0 kB
SwapTotal:        720184 kB
SwapFree:         720156 kB
Dirty:                 0 kB
Writeback:             0 kB
AnonPages:        942100 kB
Mapped:           605964 kB
Shmem:             33216 kB
Slab:             118268 kB
SReclaimable:      36144 kB
SUnreclaim:        82124 kB
KernelStack:       33968 kB
PageTables:        56040 kB
NFS_Unstable:          0 kB
Bounce:                0 kB
WritebackTmp:          0 kB
CommitLimit:     2172840 kB
Committed_AS:   92393212 kB
VmallocTotal:   251658176 kB
VmallocUsed:      137940 kB
VmallocChunk:   251426860 kB
Time pass: 107 sec

---2015-12-09 10:41:11
MemTotal:        2905316 kB
MemFree:          177004 kB
Buffers:           25960 kB
Cached:          1009476 kB
SwapCached:            0 kB
Active:          1282240 kB
Inactive:         703348 kB
Active(anon):     788068 kB
Inactive(anon):   208136 kB
Active(file):     494172 kB
Inactive(file):   495212 kB
Unevictable:       12768 kB
Mlocked:               0 kB
SwapTotal:        720184 kB
SwapFree:         720156 kB
Dirty:              1792 kB
Writeback:             0 kB
AnonPages:        963140 kB
Mapped:           645164 kB
Shmem:             33216 kB
Slab:             118508 kB
SReclaimable:      36032 kB
SUnreclaim:        82476 kB
KernelStack:       34032 kB
PageTables:        56276 kB
NFS_Unstable:          0 kB
Bounce:                0 kB
WritebackTmp:          0 kB
CommitLimit:     2172840 kB
Committed_AS:   92410828 kB
VmallocTotal:   251658176 kB
VmallocUsed:      138344 kB
VmallocChunk:   251426860 kB
Time pass: 111 sec

---2015-12-09 10:41:11
MemTotal:        2905316 kB
MemFree:          162888 kB
Buffers:           25968 kB
Cached:          1009388 kB
SwapCached:            0 kB
Active:          1274660 kB
Inactive:         703312 kB
Active(anon):     780472 kB
Inactive(anon):   208128 kB
Active(file):     494188 kB
Inactive(file):   495184 kB
Unevictable:       12768 kB
Mlocked:               0 kB
SwapTotal:        720184 kB
SwapFree:         720156 kB
Dirty:               976 kB
Writeback:             0 kB
AnonPages:        955520 kB
Mapped:           665592 kB
Shmem:             33216 kB
Slab:             118232 kB
SReclaimable:      36032 kB
SUnreclaim:        82200 kB
KernelStack:       34048 kB
PageTables:        56328 kB
NFS_Unstable:          0 kB
Bounce:                0 kB
WritebackTmp:          0 kB
CommitLimit:     2172840 kB
Committed_AS:   92411112 kB
VmallocTotal:   251658176 kB
VmallocUsed:      138524 kB
VmallocChunk:   251426860 kB
Time pass: 115 sec

---2015-12-09 10:41:11
MemTotal:        2905316 kB
MemFree:          147316 kB
Buffers:           25968 kB
Cached:          1009484 kB
SwapCached:            0 kB
Active:          1276856 kB
Inactive:         703272 kB
Active(anon):     782580 kB
Inactive(anon):   208128 kB
Active(file):     494276 kB
Inactive(file):   495144 kB
Unevictable:       12768 kB
Mlocked:               0 kB
SwapTotal:        720184 kB
SwapFree:         720156 kB
Dirty:                96 kB
Writeback:             0 kB
AnonPages:        957572 kB
Mapped:           674852 kB
Shmem:             33216 kB
Slab:             118312 kB
SReclaimable:      36048 kB
SUnreclaim:        82264 kB
KernelStack:       34048 kB
PageTables:        56352 kB
NFS_Unstable:          0 kB
Bounce:                0 kB
WritebackTmp:          0 kB
CommitLimit:     2172840 kB
Committed_AS:   92411932 kB
VmallocTotal:   251658176 kB
VmallocUsed:      136204 kB
VmallocChunk:   251426860 kB
Time pass: 119 sec

---2015-12-09 10:41:11
MemTotal:        2905316 kB
MemFree:          129448 kB
Buffers:           25976 kB
Cached:          1009472 kB
SwapCached:            0 kB
Active:          1288720 kB
Inactive:         703308 kB
Active(anon):     794440 kB
Inactive(anon):   208128 kB
Active(file):     494280 kB
Inactive(file):   495180 kB
Unevictable:       12768 kB
Mlocked:               0 kB
SwapTotal:        720184 kB
SwapFree:         720156 kB
Dirty:               392 kB
Writeback:             0 kB
AnonPages:        969580 kB
Mapped:           680268 kB
Shmem:             33216 kB
Slab:             118276 kB
SReclaimable:      35920 kB
SUnreclaim:        82356 kB
KernelStack:       34032 kB
PageTables:        56352 kB
NFS_Unstable:          0 kB
Bounce:                0 kB
WritebackTmp:          0 kB
CommitLimit:     2172840 kB
Committed_AS:   92422800 kB
VmallocTotal:   251658176 kB
VmallocUsed:      136372 kB
VmallocChunk:   251426860 kB
Time pass: 122 sec

---2015-12-09 10:41:11
MemTotal:        2905316 kB
MemFree:          118208 kB
Buffers:           25984 kB
Cached:          1009536 kB
SwapCached:            0 kB
Active:          1283140 kB
Inactive:         703348 kB
Active(anon):     788824 kB
Inactive(anon):   208128 kB
Active(file):     494316 kB
Inactive(file):   495220 kB
Unevictable:       12768 kB
Mlocked:               0 kB
SwapTotal:        720184 kB
SwapFree:         720156 kB
Dirty:               620 kB
Writeback:             0 kB
AnonPages:        963936 kB
Mapped:           687384 kB
Shmem:             33216 kB
Slab:             118276 kB
SReclaimable:      35920 kB
SUnreclaim:        82356 kB
KernelStack:       34000 kB
PageTables:        56304 kB
NFS_Unstable:          0 kB
Bounce:                0 kB
WritebackTmp:          0 kB
CommitLimit:     2172840 kB
Committed_AS:   92423688 kB
VmallocTotal:   251658176 kB
VmallocUsed:      136372 kB
VmallocChunk:   251426860 kB
Time pass: 126 sec

---2015-12-09 10:41:11
MemTotal:        2905316 kB
MemFree:          117952 kB
Buffers:           25992 kB
Cached:          1009540 kB
SwapCached:            0 kB
Active:          1283008 kB
Inactive:         703352 kB
Active(anon):     788692 kB
Inactive(anon):   208128 kB
Active(file):     494316 kB
Inactive(file):   495224 kB
Unevictable:       12768 kB
Mlocked:               0 kB
SwapTotal:        720184 kB
SwapFree:         720156 kB
Dirty:                52 kB
Writeback:             0 kB
AnonPages:        963680 kB
Mapped:           687396 kB
Shmem:             33216 kB
Slab:             118240 kB
SReclaimable:      35920 kB
SUnreclaim:        82320 kB
KernelStack:       34000 kB
PageTables:        56304 kB
NFS_Unstable:          0 kB
Bounce:                0 kB
WritebackTmp:          0 kB
CommitLimit:     2172840 kB
Committed_AS:   92423700 kB
VmallocTotal:   251658176 kB
VmallocUsed:      136372 kB
VmallocChunk:   251426860 kB
Time pass: 130 sec

---2015-12-09 10:41:11
MemTotal:        2905316 kB
MemFree:          106716 kB
Buffers:           25996 kB
Cached:          1013716 kB
SwapCached:            0 kB
Active:          1289416 kB
Inactive:         707448 kB
Active(anon):     795084 kB
Inactive(anon):   208128 kB
Active(file):     494332 kB
Inactive(file):   499320 kB
Unevictable:       12768 kB
Mlocked:               0 kB
SwapTotal:        720184 kB
SwapFree:         720156 kB
Dirty:                60 kB
Writeback:             0 kB
AnonPages:        969924 kB
Mapped:           689312 kB
Shmem:             33216 kB
Slab:             118268 kB
SReclaimable:      35920 kB
SUnreclaim:        82348 kB
KernelStack:       34080 kB
PageTables:        56348 kB
NFS_Unstable:          0 kB
Bounce:                0 kB
WritebackTmp:          0 kB
CommitLimit:     2172840 kB
Committed_AS:   92430876 kB
VmallocTotal:   251658176 kB
VmallocUsed:      136372 kB
VmallocChunk:   251426860 kB
Time pass: 134 sec

---2015-12-09 10:41:11
MemTotal:        2905316 kB
MemFree:           93448 kB
Buffers:           26020 kB
Cached:          1013780 kB
SwapCached:            0 kB
Active:          1301432 kB
Inactive:         706684 kB
Active(anon):     806176 kB
Inactive(anon):   208172 kB
Active(file):     495256 kB
Inactive(file):   498512 kB
Unevictable:       12768 kB
Mlocked:               0 kB
SwapTotal:        720184 kB
SwapFree:         720156 kB
Dirty:                56 kB
Writeback:             0 kB
AnonPages:        981360 kB
Mapped:           693172 kB
Shmem:             33264 kB
Slab:             118304 kB
SReclaimable:      35920 kB
SUnreclaim:        82384 kB
KernelStack:       34256 kB
PageTables:        56444 kB
NFS_Unstable:          0 kB
Bounce:                0 kB
WritebackTmp:          0 kB
CommitLimit:     2172840 kB
Committed_AS:   92484872 kB
VmallocTotal:   251658176 kB
VmallocUsed:      138820 kB
VmallocChunk:   251426860 kB
Time pass: 138 sec

---2015-12-09 10:41:11
MemTotal:        2905316 kB
MemFree:           91348 kB
Buffers:           26020 kB
Cached:          1014000 kB
SwapCached:            0 kB
Active:          1303100 kB
Inactive:         706772 kB
Active(anon):     807716 kB
Inactive(anon):   208308 kB
Active(file):     495384 kB
Inactive(file):   498464 kB
Unevictable:       12768 kB
Mlocked:               0 kB
SwapTotal:        720184 kB
SwapFree:         720156 kB
Dirty:                12 kB
Writeback:             0 kB
AnonPages:        982544 kB
Mapped:           693476 kB
Shmem:             33404 kB
Slab:             118324 kB
SReclaimable:      35920 kB
SUnreclaim:        82404 kB
KernelStack:       34448 kB
PageTables:        56652 kB
NFS_Unstable:          0 kB
Bounce:                0 kB
WritebackTmp:          0 kB
CommitLimit:     2172840 kB
Committed_AS:   92484856 kB
VmallocTotal:   251658176 kB
VmallocUsed:      138820 kB
VmallocChunk:   251426860 kB
Time pass: 141 sec

---2015-12-09 10:41:11
MemTotal:        2905316 kB
MemFree:           88216 kB
Buffers:           26028 kB
Cached:          1014092 kB
SwapCached:            0 kB
Active:          1304060 kB
Inactive:         706864 kB
Active(anon):     808668 kB
Inactive(anon):   208388 kB
Active(file):     495392 kB
Inactive(file):   498476 kB
Unevictable:       12768 kB
Mlocked:               0 kB
SwapTotal:        720184 kB
SwapFree:         720156 kB
Dirty:                60 kB
Writeback:             0 kB
AnonPages:        983616 kB
Mapped:           693620 kB
Shmem:             33484 kB
Slab:             118480 kB
SReclaimable:      35920 kB
SUnreclaim:        82560 kB
KernelStack:       34480 kB
PageTables:        56840 kB
NFS_Unstable:          0 kB
Bounce:                0 kB
WritebackTmp:          0 kB
CommitLimit:     2172840 kB
Committed_AS:   92485632 kB
VmallocTotal:   251658176 kB
VmallocUsed:      138820 kB
VmallocChunk:   251426860 kB
Time pass: 145 sec

---2015-12-09 10:41:11
MemTotal:        2905316 kB
MemFree:           87040 kB
Buffers:           26036 kB
Cached:          1014128 kB
SwapCached:            0 kB
Active:          1304460 kB
Inactive:         706900 kB
Active(anon):     809060 kB
Inactive(anon):   208416 kB
Active(file):     495400 kB
Inactive(file):   498484 kB
Unevictable:       12768 kB
Mlocked:               0 kB
SwapTotal:        720184 kB
SwapFree:         720156 kB
Dirty:                 0 kB
Writeback:            28 kB
AnonPages:        984112 kB
Mapped:           693596 kB
Shmem:             33512 kB
Slab:             118336 kB
SReclaimable:      35920 kB
SUnreclaim:        82416 kB
KernelStack:       34480 kB
PageTables:        56812 kB
NFS_Unstable:          0 kB
Bounce:                0 kB
WritebackTmp:          0 kB
CommitLimit:     2172840 kB
Committed_AS:   92486408 kB
VmallocTotal:   251658176 kB
VmallocUsed:      138820 kB
VmallocChunk:   251426860 kB
Time pass: 149 sec

---2015-12-09 10:41:11
MemTotal:        2905316 kB
MemFree:           81236 kB
Buffers:           26068 kB
Cached:          1014284 kB
SwapCached:            0 kB
Active:          1312072 kB
Inactive:         706904 kB
Active(anon):     816504 kB
Inactive(anon):   208500 kB
Active(file):     495568 kB
Inactive(file):   498404 kB
Unevictable:       12768 kB
Mlocked:               0 kB
SwapTotal:        720184 kB
SwapFree:         720156 kB
Dirty:               160 kB
Writeback:             0 kB
AnonPages:        991188 kB
Mapped:           694312 kB
Shmem:             33596 kB
Slab:             118332 kB
SReclaimable:      35920 kB
SUnreclaim:        82412 kB
KernelStack:       34528 kB
PageTables:        56844 kB
NFS_Unstable:          0 kB
Bounce:                0 kB
WritebackTmp:          0 kB
CommitLimit:     2172840 kB
Committed_AS:   92479820 kB
VmallocTotal:   251658176 kB
VmallocUsed:      138820 kB
VmallocChunk:   251426860 kB
Time pass: 153 sec

---2015-12-09 10:41:11
MemTotal:        2905316 kB
MemFree:           81280 kB
Buffers:           26076 kB
Cached:          1014016 kB
SwapCached:            0 kB
Active:          1313108 kB
Inactive:         706596 kB
Active(anon):     817484 kB
Inactive(anon):   208172 kB
Active(file):     495624 kB
Inactive(file):   498424 kB
Unevictable:       12768 kB
Mlocked:               0 kB
SwapTotal:        720184 kB
SwapFree:         720156 kB
Dirty:                92 kB
Writeback:             0 kB
AnonPages:        992408 kB
Mapped:           694072 kB
Shmem:             33264 kB
Slab:             118292 kB
SReclaimable:      35920 kB
SUnreclaim:        82372 kB
KernelStack:       34272 kB
PageTables:        56592 kB
NFS_Unstable:          0 kB
Bounce:                0 kB
WritebackTmp:          0 kB
CommitLimit:     2172840 kB
Committed_AS:   92477612 kB
VmallocTotal:   251658176 kB
VmallocUsed:      138788 kB
VmallocChunk:   251426860 kB
Time pass: 156 sec

---2015-12-09 10:41:11
MemTotal:        2905316 kB
MemFree:           81040 kB
Buffers:           26084 kB
Cached:          1014024 kB
SwapCached:            0 kB
Active:          1313104 kB
Inactive:         706604 kB
Active(anon):     817472 kB
Inactive(anon):   208172 kB
Active(file):     495632 kB
Inactive(file):   498432 kB
Unevictable:       12768 kB
Mlocked:               0 kB
SwapTotal:        720184 kB
SwapFree:         720156 kB
Dirty:                 4 kB
Writeback:             0 kB
AnonPages:        992472 kB
Mapped:           694020 kB
Shmem:             33264 kB
Slab:             118388 kB
SReclaimable:      35936 kB
SUnreclaim:        82452 kB
KernelStack:       34272 kB
PageTables:        56564 kB
NFS_Unstable:          0 kB
Bounce:                0 kB
WritebackTmp:          0 kB
CommitLimit:     2172840 kB
Committed_AS:   92477612 kB
VmallocTotal:   251658176 kB
VmallocUsed:      138788 kB
VmallocChunk:   251426860 kB
Time pass: 160 sec

---2015-12-09 10:41:11
MemTotal:        2905316 kB
MemFree:           83132 kB
Buffers:           26092 kB
Cached:          1014048 kB
SwapCached:            0 kB
Active:          1307416 kB
Inactive:         706628 kB
Active(anon):     811764 kB
Inactive(anon):   208172 kB
Active(file):     495652 kB
Inactive(file):   498456 kB
Unevictable:       12768 kB
Mlocked:               0 kB
SwapTotal:        720184 kB
SwapFree:         720156 kB
Dirty:                56 kB
Writeback:             0 kB
AnonPages:        986816 kB
Mapped:           694320 kB
Shmem:             33264 kB
Slab:             118356 kB
SReclaimable:      35936 kB
SUnreclaim:        82420 kB
KernelStack:       34080 kB
PageTables:        56564 kB
NFS_Unstable:          0 kB
Bounce:                0 kB
WritebackTmp:          0 kB
CommitLimit:     2172840 kB
Committed_AS:   92477540 kB
VmallocTotal:   251658176 kB
VmallocUsed:      138816 kB
VmallocChunk:   251426860 kB
Time pass: 164 sec

---2015-12-09 10:41:11
MemTotal:        2905316 kB
MemFree:           85644 kB
Buffers:           26100 kB
Cached:          1013608 kB
SwapCached:            0 kB
Active:          1307636 kB
Inactive:         706192 kB
Active(anon):     811980 kB
Inactive(anon):   207664 kB
Active(file):     495656 kB
Inactive(file):   498528 kB
Unevictable:       12768 kB
Mlocked:               0 kB
SwapTotal:        720184 kB
SwapFree:         720156 kB
Dirty:                28 kB
Writeback:             0 kB
AnonPages:        986856 kB
Mapped:           693848 kB
Shmem:             32756 kB
Slab:             116904 kB
SReclaimable:      35936 kB
SUnreclaim:        80968 kB
KernelStack:       34064 kB
PageTables:        56124 kB
NFS_Unstable:          0 kB
Bounce:                0 kB
WritebackTmp:          0 kB
CommitLimit:     2172840 kB
Committed_AS:   92250396 kB
VmallocTotal:   251658176 kB
VmallocUsed:      138816 kB
VmallocChunk:   251426860 kB
Time pass: 168 sec

---2015-12-09 10:41:11
MemTotal:        2905316 kB
MemFree:           88812 kB
Buffers:           26100 kB
Cached:          1013628 kB
SwapCached:            0 kB
Active:          1304836 kB
Inactive:         706200 kB
Active(anon):     809168 kB
Inactive(anon):   207664 kB
Active(file):     495668 kB
Inactive(file):   498536 kB
Unevictable:       12768 kB
Mlocked:               0 kB
SwapTotal:        720184 kB
SwapFree:         720156 kB
Dirty:                20 kB
Writeback:             0 kB
AnonPages:        984068 kB
Mapped:           694028 kB
Shmem:             32756 kB
Slab:             116916 kB
SReclaimable:      35936 kB
SUnreclaim:        80980 kB
KernelStack:       34064 kB
PageTables:        56148 kB
NFS_Unstable:          0 kB
Bounce:                0 kB
WritebackTmp:          0 kB
CommitLimit:     2172840 kB
Committed_AS:   92250356 kB
VmallocTotal:   251658176 kB
VmallocUsed:      136400 kB
VmallocChunk:   251426860 kB
Time pass: 171 sec

---2015-12-09 10:41:11
MemTotal:        2905316 kB
MemFree:           88668 kB
Buffers:           26108 kB
Cached:          1013628 kB
SwapCached:            0 kB
Active:          1304956 kB
Inactive:         706204 kB
Active(anon):     809284 kB
Inactive(anon):   207664 kB
Active(file):     495672 kB
Inactive(file):   498540 kB
Unevictable:       12768 kB
Mlocked:               0 kB
SwapTotal:        720184 kB
SwapFree:         720156 kB
Dirty:                 8 kB
Writeback:             0 kB
AnonPages:        984156 kB
Mapped:           694032 kB
Shmem:             32756 kB
Slab:             116912 kB
SReclaimable:      35936 kB
SUnreclaim:        80976 kB
KernelStack:       34048 kB
PageTables:        56152 kB
NFS_Unstable:          0 kB
Bounce:                0 kB
WritebackTmp:          0 kB
CommitLimit:     2172840 kB
Committed_AS:   92250356 kB
VmallocTotal:   251658176 kB
VmallocUsed:      136400 kB
VmallocChunk:   251426860 kB
Time pass: 175 sec

---2015-12-09 10:41:11
MemTotal:        2905316 kB
MemFree:           84592 kB
Buffers:           26116 kB
Cached:          1013672 kB
SwapCached:            0 kB
Active:          1308756 kB
Inactive:         706240 kB
Active(anon):     813068 kB
Inactive(anon):   207664 kB
Active(file):     495688 kB
Inactive(file):   498576 kB
Unevictable:       12768 kB
Mlocked:               0 kB
SwapTotal:        720184 kB
SwapFree:         720156 kB
Dirty:                92 kB
Writeback:             0 kB
AnonPages:        988136 kB
Mapped:           694636 kB
Shmem:             32756 kB
Slab:             116912 kB
SReclaimable:      35936 kB
SUnreclaim:        80976 kB
KernelStack:       34192 kB
PageTables:        56636 kB
NFS_Unstable:          0 kB
Bounce:                0 kB
WritebackTmp:          0 kB
CommitLimit:     2172840 kB
Committed_AS:   92978652 kB
VmallocTotal:   251658176 kB
VmallocUsed:      137420 kB
VmallocChunk:   251426860 kB
Time pass: 179 sec

---2015-12-09 10:41:11
MemTotal:        2905316 kB
MemFree:           84100 kB
Buffers:           26116 kB
Cached:          1013680 kB
SwapCached:            0 kB
Active:          1309124 kB
Inactive:         706244 kB
Active(anon):     813432 kB
Inactive(anon):   207664 kB
Active(file):     495692 kB
Inactive(file):   498580 kB
Unevictable:       12768 kB
Mlocked:               0 kB
SwapTotal:        720184 kB
SwapFree:         720156 kB
Dirty:                12 kB
Writeback:             0 kB
AnonPages:        988240 kB
Mapped:           694636 kB
Shmem:             32756 kB
Slab:             116912 kB
SReclaimable:      35936 kB
SUnreclaim:        80976 kB
KernelStack:       34208 kB
PageTables:        56652 kB
NFS_Unstable:          0 kB
Bounce:                0 kB
WritebackTmp:          0 kB
CommitLimit:     2172840 kB
Committed_AS:   92978896 kB
VmallocTotal:   251658176 kB
VmallocUsed:      137420 kB
VmallocChunk:   251426860 kB
Time pass: 183 sec

---2015-12-09 10:41:11
MemTotal:        2905316 kB
MemFree:           83828 kB
Buffers:           26124 kB
Cached:          1013684 kB
SwapCached:            0 kB
Active:          1309040 kB
Inactive:         706248 kB
Active(anon):     813340 kB
Inactive(anon):   207664 kB
Active(file):     495700 kB
Inactive(file):   498584 kB
Unevictable:       12768 kB
Mlocked:               0 kB
SwapTotal:        720184 kB
SwapFree:         720156 kB
Dirty:                40 kB
Writeback:             0 kB
AnonPages:        988436 kB
Mapped:           694648 kB
Shmem:             32756 kB
Slab:             116912 kB
SReclaimable:      35936 kB
SUnreclaim:        80976 kB
KernelStack:       34208 kB
PageTables:        56652 kB
NFS_Unstable:          0 kB
Bounce:                0 kB
WritebackTmp:          0 kB
CommitLimit:     2172840 kB
Committed_AS:   92978868 kB
VmallocTotal:   251658176 kB
VmallocUsed:      137420 kB
VmallocChunk:   251426860 kB
Time pass: 186 sec

---2015-12-09 10:41:11
MemTotal:        2905316 kB
MemFree:           66080 kB
Buffers:           26172 kB
Cached:          1013968 kB
SwapCached:            0 kB
Active:          1326856 kB
Inactive:         706492 kB
Active(anon):     831104 kB
Inactive(anon):   207780 kB
Active(file):     495752 kB
Inactive(file):   498712 kB
Unevictable:       12768 kB
Mlocked:               0 kB
SwapTotal:        720184 kB
SwapFree:         720156 kB
Dirty:               200 kB
Writeback:             0 kB
AnonPages:       1006164 kB
Mapped:           695716 kB
Shmem:             32876 kB
Slab:             116916 kB
SReclaimable:      35952 kB
SUnreclaim:        80964 kB
KernelStack:       34608 kB
PageTables:        56812 kB
NFS_Unstable:          0 kB
Bounce:                0 kB
WritebackTmp:          0 kB
CommitLimit:     2172840 kB
Committed_AS:   93010756 kB
VmallocTotal:   251658176 kB
VmallocUsed:      139868 kB
VmallocChunk:   251426860 kB
Time pass: 190 sec

---2015-12-09 10:41:11
MemTotal:        2905316 kB
MemFree:           65808 kB
Buffers:           26172 kB
Cached:          1012212 kB
SwapCached:            0 kB
Active:          1326432 kB
Inactive:         705536 kB
Active(anon):     830680 kB
Inactive(anon):   208616 kB
Active(file):     495752 kB
Inactive(file):   496920 kB
Unevictable:       12768 kB
Mlocked:               0 kB
SwapTotal:        720184 kB
SwapFree:         720156 kB
Dirty:               212 kB
Writeback:             0 kB
AnonPages:       1006444 kB
Mapped:           695792 kB
Shmem:             32944 kB
Slab:             116836 kB
SReclaimable:      35920 kB
SUnreclaim:        80916 kB
KernelStack:       34560 kB
PageTables:        56812 kB
NFS_Unstable:          0 kB
Bounce:                0 kB
WritebackTmp:          0 kB
CommitLimit:     2172840 kB
Committed_AS:   93010632 kB
VmallocTotal:   251658176 kB
VmallocUsed:      139868 kB
VmallocChunk:   251426860 kB
Time pass: 194 sec

---2015-12-09 10:41:11
MemTotal:        2905316 kB
MemFree:           64740 kB
Buffers:           26180 kB
Cached:          1012300 kB
SwapCached:            0 kB
Active:          1327280 kB
Inactive:         705604 kB
Active(anon):     831516 kB
Inactive(anon):   208680 kB
Active(file):     495764 kB
Inactive(file):   496924 kB
Unevictable:       12768 kB
Mlocked:               0 kB
SwapTotal:        720184 kB
SwapFree:         720156 kB
Dirty:                68 kB
Writeback:             0 kB
AnonPages:       1007060 kB
Mapped:           695964 kB
Shmem:             33024 kB
Slab:             116964 kB
SReclaimable:      36048 kB
SUnreclaim:        80916 kB
KernelStack:       34560 kB
PageTables:        56872 kB
NFS_Unstable:          0 kB
Bounce:                0 kB
WritebackTmp:          0 kB
CommitLimit:     2172840 kB
Committed_AS:   93031096 kB
VmallocTotal:   251658176 kB
VmallocUsed:      139868 kB
VmallocChunk:   251426860 kB
Time pass: 197 sec

---2015-12-09 10:41:11
MemTotal:        2905316 kB
MemFree:           64876 kB
Buffers:           26188 kB
Cached:          1012340 kB
SwapCached:            0 kB
Active:          1327828 kB
Inactive:         705660 kB
Active(anon):     832056 kB
Inactive(anon):   208696 kB
Active(file):     495772 kB
Inactive(file):   496964 kB
Unevictable:       12768 kB
Mlocked:               0 kB
SwapTotal:        720184 kB
SwapFree:         720156 kB
Dirty:                68 kB
Writeback:             0 kB
AnonPages:       1007760 kB
Mapped:           695984 kB
Shmem:             33024 kB
Slab:             116964 kB
SReclaimable:      36048 kB
SUnreclaim:        80916 kB
KernelStack:       34544 kB
PageTables:        56872 kB
NFS_Unstable:          0 kB
Bounce:                0 kB
WritebackTmp:          0 kB
CommitLimit:     2172840 kB
Committed_AS:   93031084 kB
VmallocTotal:   251658176 kB
VmallocUsed:      139868 kB
VmallocChunk:   251426860 kB
Time pass: 201 sec

---2015-12-09 10:41:11
MemTotal:        2905316 kB
MemFree:           64440 kB
Buffers:           26188 kB
Cached:          1012344 kB
SwapCached:            0 kB
Active:          1327652 kB
Inactive:         705656 kB
Active(anon):     831872 kB
Inactive(anon):   208696 kB
Active(file):     495780 kB
Inactive(file):   496960 kB
Unevictable:       12768 kB
Mlocked:               0 kB
SwapTotal:        720184 kB
SwapFree:         720156 kB
Dirty:                76 kB
Writeback:             0 kB
AnonPages:       1007708 kB
Mapped:           695988 kB
Shmem:             33024 kB
Slab:             116948 kB
SReclaimable:      36048 kB
SUnreclaim:        80900 kB
KernelStack:       34544 kB
PageTables:        56904 kB
NFS_Unstable:          0 kB
Bounce:                0 kB
WritebackTmp:          0 kB
CommitLimit:     2172840 kB
Committed_AS:   93031044 kB
VmallocTotal:   251658176 kB
VmallocUsed:      139868 kB
VmallocChunk:   251426860 kB
Time pass: 205 sec

---2015-12-09 10:41:11
MemTotal:        2905316 kB
MemFree:           64524 kB
Buffers:           26196 kB
Cached:          1012344 kB
SwapCached:            0 kB
Active:          1327792 kB
Inactive:         705664 kB
Active(anon):     832012 kB
Inactive(anon):   208696 kB
Active(file):     495780 kB
Inactive(file):   496968 kB
Unevictable:       12768 kB
Mlocked:               0 kB
SwapTotal:        720184 kB
SwapFree:         720156 kB
Dirty:                32 kB
Writeback:             0 kB
AnonPages:       1007676 kB
Mapped:           695992 kB
Shmem:             33024 kB
Slab:             116948 kB
SReclaimable:      36048 kB
SUnreclaim:        80900 kB
KernelStack:       34528 kB
PageTables:        56872 kB
NFS_Unstable:          0 kB
Bounce:                0 kB
WritebackTmp:          0 kB
CommitLimit:     2172840 kB
Committed_AS:   93031056 kB
VmallocTotal:   251658176 kB
VmallocUsed:      139868 kB
VmallocChunk:   251426860 kB
Time pass: 209 sec

---2015-12-09 10:41:11
MemTotal:        2905316 kB
MemFree:           64344 kB
Buffers:           26204 kB
Cached:          1012352 kB
SwapCached:            0 kB
Active:          1327908 kB
Inactive:         705676 kB
Active(anon):     832124 kB
Inactive(anon):   208696 kB
Active(file):     495784 kB
Inactive(file):   496980 kB
Unevictable:       12768 kB
Mlocked:               0 kB
SwapTotal:        720184 kB
SwapFree:         720156 kB
Dirty:                16 kB
Writeback:             0 kB
AnonPages:       1007836 kB
Mapped:           696016 kB
Shmem:             33024 kB
Slab:             116936 kB
SReclaimable:      36048 kB
SUnreclaim:        80888 kB
KernelStack:       34528 kB
PageTables:        56872 kB
NFS_Unstable:          0 kB
Bounce:                0 kB
WritebackTmp:          0 kB
CommitLimit:     2172840 kB
Committed_AS:   93031020 kB
VmallocTotal:   251658176 kB
VmallocUsed:      139868 kB
VmallocChunk:   251426860 kB
Time pass: 212 sec

---2015-12-09 10:41:11
MemTotal:        2905316 kB
MemFree:           68312 kB
Buffers:           26216 kB
Cached:          1005564 kB
SwapCached:            0 kB
Active:          1327168 kB
Inactive:         701832 kB
Active(anon):     834340 kB
Inactive(anon):   208696 kB
Active(file):     492828 kB
Inactive(file):   493136 kB
Unevictable:       12768 kB
Mlocked:               0 kB
SwapTotal:        720184 kB
SwapFree:         720156 kB
Dirty:                44 kB
Writeback:             0 kB
AnonPages:       1010036 kB
Mapped:           696196 kB
Shmem:             33024 kB
Slab:             118408 kB
SReclaimable:      37316 kB
SUnreclaim:        81092 kB
KernelStack:       34560 kB
PageTables:        56952 kB
NFS_Unstable:          0 kB
Bounce:                0 kB
WritebackTmp:          0 kB
CommitLimit:     2172840 kB
Committed_AS:   93042624 kB
VmallocTotal:   251658176 kB
VmallocUsed:      140888 kB
VmallocChunk:   251426860 kB
Time pass: 216 sec

---2015-12-09 10:41:11
MemTotal:        2905316 kB
MemFree:           65816 kB
Buffers:           26224 kB
Cached:          1005860 kB
SwapCached:            0 kB
Active:          1326432 kB
Inactive:         702092 kB
Active(anon):     833588 kB
Inactive(anon):   208696 kB
Active(file):     492844 kB
Inactive(file):   493396 kB
Unevictable:       12768 kB
Mlocked:               0 kB
SwapTotal:        720184 kB
SwapFree:         720156 kB
Dirty:               132 kB
Writeback:             0 kB
AnonPages:       1009084 kB
Mapped:           696312 kB
Shmem:             33024 kB
Slab:             121316 kB
SReclaimable:      39912 kB
SUnreclaim:        81404 kB
KernelStack:       34528 kB
PageTables:        56956 kB
NFS_Unstable:          0 kB
Bounce:                0 kB
WritebackTmp:          0 kB
CommitLimit:     2172840 kB
Committed_AS:   93036992 kB
VmallocTotal:   251658176 kB
VmallocUsed:      139868 kB
VmallocChunk:   251426860 kB
Time pass: 220 sec

---2015-12-09 10:41:11
MemTotal:        2905316 kB
MemFree:           67236 kB
Buffers:           26224 kB
Cached:          1005884 kB
SwapCached:            0 kB
Active:          1325132 kB
Inactive:         702136 kB
Active(anon):     832256 kB
Inactive(anon):   208696 kB
Active(file):     492876 kB
Inactive(file):   493440 kB
Unevictable:       12768 kB
Mlocked:               0 kB
SwapTotal:        720184 kB
SwapFree:         720156 kB
Dirty:                48 kB
Writeback:             0 kB
AnonPages:       1008012 kB
Mapped:           696308 kB
Shmem:             33024 kB
Slab:             121196 kB
SReclaimable:      39916 kB
SUnreclaim:        81280 kB
KernelStack:       34496 kB
PageTables:        56856 kB
NFS_Unstable:          0 kB
Bounce:                0 kB
WritebackTmp:          0 kB
CommitLimit:     2172840 kB
Committed_AS:   93031080 kB
VmallocTotal:   251658176 kB
VmallocUsed:      139868 kB
VmallocChunk:   251426860 kB
Time pass: 224 sec

---2015-12-09 10:41:11
MemTotal:        2905316 kB
MemFree:           65896 kB
Buffers:           26272 kB
Cached:          1006064 kB
SwapCached:            0 kB
Active:          1326796 kB
Inactive:         702328 kB
Active(anon):     833884 kB
Inactive(anon):   208768 kB
Active(file):     492912 kB
Inactive(file):   493560 kB
Unevictable:       12768 kB
Mlocked:               0 kB
SwapTotal:        720184 kB
SwapFree:         720156 kB
Dirty:               216 kB
Writeback:             0 kB
AnonPages:       1009636 kB
Mapped:           696408 kB
Shmem:             33096 kB
Slab:             121172 kB
SReclaimable:      39932 kB
SUnreclaim:        81240 kB
KernelStack:       34480 kB
PageTables:        56964 kB
NFS_Unstable:          0 kB
Bounce:                0 kB
WritebackTmp:          0 kB
CommitLimit:     2172840 kB
Committed_AS:   93058556 kB
VmallocTotal:   251658176 kB
VmallocUsed:      139868 kB
VmallocChunk:   251426860 kB
Time pass: 228 sec

---2015-12-09 10:41:11
MemTotal:        2905316 kB
MemFree:           64920 kB
Buffers:           26272 kB
Cached:          1006084 kB
SwapCached:            0 kB
Active:          1327492 kB
Inactive:         702344 kB
Active(anon):     834576 kB
Inactive(anon):   208780 kB
Active(file):     492916 kB
Inactive(file):   493564 kB
Unevictable:       12768 kB
Mlocked:               0 kB
SwapTotal:        720184 kB
SwapFree:         720156 kB
Dirty:                16 kB
Writeback:             0 kB
AnonPages:       1010072 kB
Mapped:           696428 kB
Shmem:             33108 kB
Slab:             121180 kB
SReclaimable:      39940 kB
SUnreclaim:        81240 kB
KernelStack:       34496 kB
PageTables:        56964 kB
NFS_Unstable:          0 kB
Bounce:                0 kB
WritebackTmp:          0 kB
CommitLimit:     2172840 kB
Committed_AS:   93058492 kB
VmallocTotal:   251658176 kB
VmallocUsed:      139868 kB
VmallocChunk:   251426860 kB
Time pass: 231 sec

---2015-12-09 10:41:11
MemTotal:        2905316 kB
MemFree:           65604 kB
Buffers:           26280 kB
Cached:          1006124 kB
SwapCached:            0 kB
Active:          1327472 kB
Inactive:         702376 kB
Active(anon):     834548 kB
Inactive(anon):   208812 kB
Active(file):     492924 kB
Inactive(file):   493564 kB
Unevictable:       12768 kB
Mlocked:               0 kB
SwapTotal:        720184 kB
SwapFree:         720156 kB
Dirty:                 4 kB
Writeback:            56 kB
AnonPages:       1010308 kB
Mapped:           696404 kB
Shmem:             33144 kB
Slab:             121196 kB
SReclaimable:      39956 kB
SUnreclaim:        81240 kB
KernelStack:       34400 kB
PageTables:        56936 kB
NFS_Unstable:          0 kB
Bounce:                0 kB
WritebackTmp:          0 kB
CommitLimit:     2172840 kB
Committed_AS:   93058532 kB
VmallocTotal:   251658176 kB
VmallocUsed:      139868 kB
VmallocChunk:   251426860 kB
Time pass: 235 sec

---2015-12-09 10:41:11
MemTotal:        2905316 kB
MemFree:           64004 kB
Buffers:           26288 kB
Cached:          1006408 kB
SwapCached:            0 kB
Active:          1328440 kB
Inactive:         702600 kB
Active(anon):     835512 kB
Inactive(anon):   209020 kB
Active(file):     492928 kB
Inactive(file):   493580 kB
Unevictable:       12768 kB
Mlocked:               0 kB
SwapTotal:        720184 kB
SwapFree:         720156 kB
Dirty:                32 kB
Writeback:             0 kB
AnonPages:       1011124 kB
Mapped:           696744 kB
Shmem:             33420 kB
Slab:             121200 kB
SReclaimable:      39960 kB
SUnreclaim:        81240 kB
KernelStack:       34448 kB
PageTables:        56964 kB
NFS_Unstable:          0 kB
Bounce:                0 kB
WritebackTmp:          0 kB
CommitLimit:     2172840 kB
Committed_AS:   93058776 kB
VmallocTotal:   251658176 kB
VmallocUsed:      139868 kB
VmallocChunk:   251426860 kB
Time pass: 239 sec

---2015-12-09 10:41:11
MemTotal:        2905316 kB
MemFree:           76124 kB
Buffers:           26284 kB
Cached:           998084 kB
SwapCached:            0 kB
Active:          1326268 kB
Inactive:         699136 kB
Active(anon):     836736 kB
Inactive(anon):   209920 kB
Active(file):     489532 kB
Inactive(file):   489216 kB
Unevictable:       12768 kB
Mlocked:               0 kB
SwapTotal:        720184 kB
SwapFree:         720156 kB
Dirty:               144 kB
Writeback:             0 kB
AnonPages:       1013788 kB
Mapped:           695972 kB
Shmem:             32852 kB
Slab:             117508 kB
SReclaimable:      36460 kB
SUnreclaim:        81048 kB
KernelStack:       34160 kB
PageTables:        56800 kB
NFS_Unstable:          0 kB
Bounce:                0 kB
WritebackTmp:          0 kB
CommitLimit:     2172840 kB
Committed_AS:   93043052 kB
VmallocTotal:   251658176 kB
VmallocUsed:      139868 kB
VmallocChunk:   251426860 kB
Time pass: 242 sec

---2015-12-09 10:41:11
MemTotal:        2905316 kB
MemFree:           71344 kB
Buffers:           26300 kB
Cached:           998200 kB
SwapCached:            0 kB
Active:          1330312 kB
Inactive:         699216 kB
Active(anon):     840728 kB
Inactive(anon):   209920 kB
Active(file):     489584 kB
Inactive(file):   489296 kB
Unevictable:       12768 kB
Mlocked:               0 kB
SwapTotal:        720184 kB
SwapFree:         720156 kB
Dirty:               132 kB
Writeback:             0 kB
AnonPages:       1018032 kB
Mapped:           695976 kB
Shmem:             32852 kB
Slab:             117420 kB
SReclaimable:      36372 kB
SUnreclaim:        81048 kB
KernelStack:       34160 kB
PageTables:        56800 kB
NFS_Unstable:          0 kB
Bounce:                0 kB
WritebackTmp:          0 kB
CommitLimit:     2172840 kB
Committed_AS:   93043652 kB
VmallocTotal:   251658176 kB
VmallocUsed:      139868 kB
VmallocChunk:   251426860 kB
Time pass: 246 sec

---2015-12-09 10:41:11
MemTotal:        2905316 kB
MemFree:           67832 kB
Buffers:           26308 kB
Cached:           998484 kB
SwapCached:            0 kB
Active:          1332904 kB
Inactive:         699472 kB
Active(anon):     843288 kB
Inactive(anon):   210140 kB
Active(file):     489616 kB
Inactive(file):   489332 kB
Unevictable:       12768 kB
Mlocked:               0 kB
SwapTotal:        720184 kB
SwapFree:         720156 kB
Dirty:                 4 kB
Writeback:             0 kB
AnonPages:       1020364 kB
Mapped:           696392 kB
Shmem:             33076 kB
Slab:             117388 kB
SReclaimable:      36372 kB
SUnreclaim:        81016 kB
KernelStack:       34368 kB
PageTables:        57004 kB
NFS_Unstable:          0 kB
Bounce:                0 kB
WritebackTmp:          0 kB
CommitLimit:     2172840 kB
Committed_AS:   93071796 kB
VmallocTotal:   251658176 kB
VmallocUsed:      139868 kB
VmallocChunk:   251426860 kB
Time pass: 250 sec

---2015-12-09 10:41:11
MemTotal:        2905316 kB
MemFree:           67092 kB
Buffers:           26308 kB
Cached:           998548 kB
SwapCached:            0 kB
Active:          1333492 kB
Inactive:         699504 kB
Active(anon):     843864 kB
Inactive(anon):   210160 kB
Active(file):     489628 kB
Inactive(file):   489344 kB
Unevictable:       12768 kB
Mlocked:               0 kB
SwapTotal:        720184 kB
SwapFree:         720156 kB
Dirty:                80 kB
Writeback:             0 kB
AnonPages:       1021048 kB
Mapped:           696432 kB
Shmem:             33116 kB
Slab:             117388 kB
SReclaimable:      36372 kB
SUnreclaim:        81016 kB
KernelStack:       34304 kB
PageTables:        56980 kB
NFS_Unstable:          0 kB
Bounce:                0 kB
WritebackTmp:          0 kB
CommitLimit:     2172840 kB
Committed_AS:   93071760 kB
VmallocTotal:   251658176 kB
VmallocUsed:      139868 kB
VmallocChunk:   251426860 kB
Time pass: 254 sec

---2015-12-09 10:41:11
MemTotal:        2905316 kB
MemFree:           66268 kB
Buffers:           26316 kB
Cached:           998596 kB
SwapCached:            0 kB
Active:          1334140 kB
Inactive:         699576 kB
Active(anon):     844508 kB
Inactive(anon):   210228 kB
Active(file):     489632 kB
Inactive(file):   489348 kB
Unevictable:       12768 kB
Mlocked:               0 kB
SwapTotal:        720184 kB
SwapFree:         720156 kB
Dirty:                40 kB
Writeback:             0 kB
AnonPages:       1021528 kB
Mapped:           696572 kB
Shmem:             33164 kB
Slab:             117388 kB
SReclaimable:      36372 kB
SUnreclaim:        81016 kB
KernelStack:       34288 kB
PageTables:        57060 kB
NFS_Unstable:          0 kB
Bounce:                0 kB
WritebackTmp:          0 kB
CommitLimit:     2172840 kB
Committed_AS:   93092200 kB
VmallocTotal:   251658176 kB
VmallocUsed:      139868 kB
VmallocChunk:   251426860 kB
Time pass: 258 sec

---2015-12-09 10:41:11
MemTotal:        2905316 kB
MemFree:           77004 kB
Buffers:           26324 kB
Cached:           998424 kB
SwapCached:            0 kB
Active:          1324380 kB
Inactive:         699456 kB
Active(anon):     834720 kB
Inactive(anon):   210080 kB
Active(file):     489660 kB
Inactive(file):   489376 kB
Unevictable:       12768 kB
Mlocked:               0 kB
SwapTotal:        720184 kB
SwapFree:         720156 kB
Dirty:                76 kB
Writeback:             0 kB
AnonPages:       1011608 kB
Mapped:           696064 kB
Shmem:             32944 kB
Slab:             117388 kB
SReclaimable:      36372 kB
SUnreclaim:        81016 kB
KernelStack:       34304 kB
PageTables:        57012 kB
NFS_Unstable:          0 kB
Bounce:                0 kB
WritebackTmp:          0 kB
CommitLimit:     2172840 kB
Committed_AS:   93063756 kB
VmallocTotal:   251658176 kB
VmallocUsed:      139868 kB
VmallocChunk:   251426860 kB
Time pass: 262 sec

---2015-12-09 10:41:11
MemTotal:        2905316 kB
MemFree:           77848 kB
Buffers:           26324 kB
Cached:           998400 kB
SwapCached:            0 kB
Active:          1324128 kB
Inactive:         699348 kB
Active(anon):     834456 kB
Inactive(anon):   209968 kB
Active(file):     489672 kB
Inactive(file):   489380 kB
Unevictable:       12768 kB
Mlocked:               0 kB
SwapTotal:        720184 kB
SwapFree:         720156 kB
Dirty:                12 kB
Writeback:             0 kB
AnonPages:       1011684 kB
Mapped:           696084 kB
Shmem:             32900 kB
Slab:             117384 kB
SReclaimable:      36368 kB
SUnreclaim:        81016 kB
KernelStack:       33968 kB
PageTables:        56828 kB
NFS_Unstable:          0 kB
Bounce:                0 kB
WritebackTmp:          0 kB
CommitLimit:     2172840 kB
Committed_AS:   93063624 kB
VmallocTotal:   251658176 kB
VmallocUsed:      139836 kB
VmallocChunk:   251426860 kB
Time pass: 265 sec

---2015-12-09 10:41:11
MemTotal:        2905316 kB
MemFree:           77580 kB
Buffers:           26332 kB
Cached:           998400 kB
SwapCached:            0 kB
Active:          1324408 kB
Inactive:         699352 kB
Active(anon):     834732 kB
Inactive(anon):   209968 kB
Active(file):     489676 kB
Inactive(file):   489384 kB
Unevictable:       12768 kB
Mlocked:               0 kB
SwapTotal:        720184 kB
SwapFree:         720156 kB
Dirty:                40 kB
Writeback:             0 kB
AnonPages:       1011784 kB
Mapped:           696092 kB
Shmem:             32900 kB
Slab:             117384 kB
SReclaimable:      36368 kB
SUnreclaim:        81016 kB
KernelStack:       33968 kB
PageTables:        56832 kB
NFS_Unstable:          0 kB
Bounce:                0 kB
WritebackTmp:          0 kB
CommitLimit:     2172840 kB
Committed_AS:   93063612 kB
VmallocTotal:   251658176 kB
VmallocUsed:      139836 kB
VmallocChunk:   251426860 kB
Time pass: 269 sec

---2015-12-09 10:41:11
MemTotal:        2905316 kB
MemFree:           77288 kB
Buffers:           26340 kB
Cached:           998408 kB
SwapCached:            0 kB
Active:          1324612 kB
Inactive:         699368 kB
Active(anon):     834932 kB
Inactive(anon):   209968 kB
Active(file):     489680 kB
Inactive(file):   489400 kB
Unevictable:       12768 kB
Mlocked:               0 kB
SwapTotal:        720184 kB
SwapFree:         720156 kB
Dirty:                44 kB
Writeback:             0 kB
AnonPages:       1011968 kB
Mapped:           696108 kB
Shmem:             32900 kB
Slab:             117384 kB
SReclaimable:      36368 kB
SUnreclaim:        81016 kB
KernelStack:       33968 kB
PageTables:        56816 kB
NFS_Unstable:          0 kB
Bounce:                0 kB
WritebackTmp:          0 kB
CommitLimit:     2172840 kB
Committed_AS:   93063612 kB
VmallocTotal:   251658176 kB
VmallocUsed:      139836 kB
VmallocChunk:   251426860 kB
Time pass: 273 sec

---2015-12-09 10:41:11
MemTotal:        2905316 kB
MemFree:           77240 kB
Buffers:           26348 kB
Cached:           998400 kB
SwapCached:            0 kB
Active:          1325100 kB
Inactive:         699368 kB
Active(anon):     835420 kB
Inactive(anon):   209968 kB
Active(file):     489680 kB
Inactive(file):   489400 kB
Unevictable:       12768 kB
Mlocked:               0 kB
SwapTotal:        720184 kB
SwapFree:         720156 kB
Dirty:                 4 kB
Writeback:             0 kB
AnonPages:       1012264 kB
Mapped:           696204 kB
Shmem:             32900 kB
Slab:             117380 kB
SReclaimable:      36368 kB
SUnreclaim:        81012 kB
KernelStack:       33968 kB
PageTables:        56856 kB
NFS_Unstable:          0 kB
Bounce:                0 kB
WritebackTmp:          0 kB
CommitLimit:     2172840 kB
Committed_AS:   93063648 kB
VmallocTotal:   251658176 kB
VmallocUsed:      137420 kB
VmallocChunk:   251426860 kB
Time pass: 277 sec

---2015-12-09 10:41:11
MemTotal:        2905316 kB
MemFree:           77084 kB
Buffers:           26348 kB
Cached:           998412 kB
SwapCached:            0 kB
Active:          1324768 kB
Inactive:         699376 kB
Active(anon):     835084 kB
Inactive(anon):   209968 kB
Active(file):     489684 kB
Inactive(file):   489408 kB
Unevictable:       12768 kB
Mlocked:               0 kB
SwapTotal:        720184 kB
SwapFree:         720156 kB
Dirty:                 4 kB
Writeback:             0 kB
AnonPages:       1012312 kB
Mapped:           696152 kB
Shmem:             32900 kB
Slab:             117380 kB
SReclaimable:      36368 kB
SUnreclaim:        81012 kB
KernelStack:       33968 kB
PageTables:        56832 kB
NFS_Unstable:          0 kB
Bounce:                0 kB
WritebackTmp:          0 kB
CommitLimit:     2172840 kB
Committed_AS:   93063648 kB
VmallocTotal:   251658176 kB
VmallocUsed:      137420 kB
VmallocChunk:   251426860 kB
Time pass: 281 sec

---2015-12-09 10:41:11
MemTotal:        2905316 kB
MemFree:           76592 kB
Buffers:           26356 kB
Cached:           998460 kB
SwapCached:            0 kB
Active:          1326244 kB
Inactive:         699388 kB
Active(anon):     836548 kB
Inactive(anon):   209968 kB
Active(file):     489696 kB
Inactive(file):   489420 kB
Unevictable:       12768 kB
Mlocked:               0 kB
SwapTotal:        720184 kB
SwapFree:         720156 kB
Dirty:                72 kB
Writeback:             0 kB
AnonPages:       1013692 kB
Mapped:           696232 kB
Shmem:             32900 kB
Slab:             117332 kB
SReclaimable:      36368 kB
SUnreclaim:        80964 kB
KernelStack:       33968 kB
PageTables:        56860 kB
NFS_Unstable:          0 kB
Bounce:                0 kB
WritebackTmp:          0 kB
CommitLimit:     2172840 kB
Committed_AS:   93063600 kB
VmallocTotal:   251658176 kB
VmallocUsed:      137420 kB
VmallocChunk:   251426860 kB
Time pass: 284 sec

---2015-12-09 10:41:11
MemTotal:        2905316 kB
MemFree:           75596 kB
Buffers:           26364 kB
Cached:           998508 kB
SwapCached:            0 kB
Active:          1326560 kB
Inactive:         699460 kB
Active(anon):     836856 kB
Inactive(anon):   210016 kB
Active(file):     489704 kB
Inactive(file):   489444 kB
Unevictable:       12768 kB
Mlocked:               0 kB
SwapTotal:        720184 kB
SwapFree:         720156 kB
Dirty:                48 kB
Writeback:             0 kB
AnonPages:       1014016 kB
Mapped:           696220 kB
Shmem:             32948 kB
Slab:             117188 kB
SReclaimable:      36224 kB
SUnreclaim:        80964 kB
KernelStack:       33920 kB
PageTables:        56876 kB
NFS_Unstable:          0 kB
Bounce:                0 kB
WritebackTmp:          0 kB
CommitLimit:     2172840 kB
Committed_AS:   93084104 kB
VmallocTotal:   251658176 kB
VmallocUsed:      137420 kB
VmallocChunk:   251426860 kB
Time pass: 288 sec

---2015-12-09 10:41:11
MemTotal:        2905316 kB
MemFree:           75392 kB
Buffers:           26372 kB
Cached:           998508 kB
SwapCached:            0 kB
Active:          1326896 kB
Inactive:         699464 kB
Active(anon):     837188 kB
Inactive(anon):   210016 kB
Active(file):     489708 kB
Inactive(file):   489448 kB
Unevictable:       12768 kB
Mlocked:               0 kB
SwapTotal:        720184 kB
SwapFree:         720156 kB
Dirty:                20 kB
Writeback:             0 kB
AnonPages:       1014164 kB
Mapped:           696232 kB
Shmem:             32948 kB
Slab:             117188 kB
SReclaimable:      36224 kB
SUnreclaim:        80964 kB
KernelStack:       33888 kB
PageTables:        56876 kB
NFS_Unstable:          0 kB
Bounce:                0 kB
WritebackTmp:          0 kB
CommitLimit:     2172840 kB
Committed_AS:   93084092 kB
VmallocTotal:   251658176 kB
VmallocUsed:      137420 kB
VmallocChunk:   251426860 kB
Time pass: 292 sec

---2015-12-09 10:41:11
MemTotal:        2905316 kB
MemFree:           74464 kB
Buffers:           26372 kB
Cached:           998564 kB
SwapCached:            0 kB
Active:          1328092 kB
Inactive:         699512 kB
Active(anon):     838376 kB
Inactive(anon):   210016 kB
Active(file):     489716 kB
Inactive(file):   489496 kB
Unevictable:       12768 kB
Mlocked:               0 kB
SwapTotal:        720184 kB
SwapFree:         720156 kB
Dirty:                32 kB
Writeback:             0 kB
AnonPages:       1015608 kB
Mapped:           696248 kB
Shmem:             32948 kB
Slab:             117188 kB
SReclaimable:      36224 kB
SUnreclaim:        80964 kB
KernelStack:       33920 kB
PageTables:        56876 kB
NFS_Unstable:          0 kB
Bounce:                0 kB
WritebackTmp:          0 kB
CommitLimit:     2172840 kB
Committed_AS:   93084080 kB
VmallocTotal:   251658176 kB
VmallocUsed:      137420 kB
VmallocChunk:   251426860 kB
Time pass: 296 sec

---2015-12-09 10:41:11
MemTotal:        2905316 kB
MemFree:           74000 kB
Buffers:           26380 kB
Cached:           998568 kB
SwapCached:            0 kB
Active:          1328336 kB
Inactive:         699524 kB
Active(anon):     838612 kB
Inactive(anon):   210016 kB
Active(file):     489724 kB
Inactive(file):   489508 kB
Unevictable:       12768 kB
Mlocked:               0 kB
SwapTotal:        720184 kB
SwapFree:         720156 kB
Dirty:                64 kB
Writeback:             0 kB
AnonPages:       1015856 kB
Mapped:           696252 kB
Shmem:             32948 kB
Slab:             117188 kB
SReclaimable:      36224 kB
SUnreclaim:        80964 kB
KernelStack:       33888 kB
PageTables:        56872 kB
NFS_Unstable:          0 kB
Bounce:                0 kB
WritebackTmp:          0 kB
CommitLimit:     2172840 kB
Committed_AS:   93084056 kB
VmallocTotal:   251658176 kB
VmallocUsed:      137420 kB
VmallocChunk:   251426860 kB
Time pass: 300 sec

---2015-12-09 10:41:11
MemTotal:        2905316 kB
MemFree:           73748 kB
Buffers:           26388 kB
Cached:           998568 kB
SwapCached:            0 kB
Active:          1328664 kB
Inactive:         699520 kB
Active(anon):     838932 kB
Inactive(anon):   210016 kB
Active(file):     489732 kB
Inactive(file):   489504 kB
Unevictable:       12768 kB
Mlocked:               0 kB
SwapTotal:        720184 kB
SwapFree:         720156 kB
Dirty:                12 kB
Writeback:             0 kB
AnonPages:       1015828 kB
Mapped:           696268 kB
Shmem:             32948 kB
Slab:             117188 kB
SReclaimable:      36224 kB
SUnreclaim:        80964 kB
KernelStack:       33904 kB
PageTables:        56872 kB
NFS_Unstable:          0 kB
Bounce:                0 kB
WritebackTmp:          0 kB
CommitLimit:     2172840 kB
Committed_AS:   93084060 kB
VmallocTotal:   251658176 kB
VmallocUsed:      137420 kB
VmallocChunk:   251426860 kB
Time pass: 304 sec

---2015-12-09 10:41:11
MemTotal:        2905316 kB
MemFree:           74064 kB
Buffers:           26388 kB
Cached:           998584 kB
SwapCached:            0 kB
Active:          1328700 kB
Inactive:         699532 kB
Active(anon):     838960 kB
Inactive(anon):   210016 kB
Active(file):     489740 kB
Inactive(file):   489516 kB
Unevictable:       12768 kB
Mlocked:               0 kB
SwapTotal:        720184 kB
SwapFree:         720156 kB
Dirty:                44 kB
Writeback:             0 kB
AnonPages:       1016008 kB
Mapped:           696276 kB
Shmem:             32948 kB
Slab:             117188 kB
SReclaimable:      36224 kB
SUnreclaim:        80964 kB
KernelStack:       33888 kB
PageTables:        56868 kB
NFS_Unstable:          0 kB
Bounce:                0 kB
WritebackTmp:          0 kB
CommitLimit:     2172840 kB
Committed_AS:   93084036 kB
VmallocTotal:   251658176 kB
VmallocUsed:      137420 kB
VmallocChunk:   251426860 kB
Time pass: 308 sec

---2015-12-09 10:41:11
MemTotal:        2905316 kB
MemFree:           77416 kB
Buffers:           26396 kB
Cached:           998648 kB
SwapCached:            0 kB
Active:          1324520 kB
Inactive:         699592 kB
Active(anon):     834768 kB
Inactive(anon):   210016 kB
Active(file):     489752 kB
Inactive(file):   489576 kB
Unevictable:       12768 kB
Mlocked:               0 kB
SwapTotal:        720184 kB
SwapFree:         720156 kB
Dirty:                 8 kB
Writeback:             0 kB
AnonPages:       1011816 kB
Mapped:           696368 kB
Shmem:             32948 kB
Slab:             117188 kB
SReclaimable:      36224 kB
SUnreclaim:        80964 kB
KernelStack:       33856 kB
PageTables:        56892 kB
NFS_Unstable:          0 kB
Bounce:                0 kB
WritebackTmp:          0 kB
CommitLimit:     2172840 kB
Committed_AS:   93084020 kB
VmallocTotal:   251658176 kB
VmallocUsed:      137420 kB
VmallocChunk:   251426860 kB
Time pass: 311 sec

---2015-12-09 10:41:11
MemTotal:        2905316 kB
MemFree:           82852 kB
Buffers:           26404 kB
Cached:           998660 kB
SwapCached:            0 kB
Active:          1318984 kB
Inactive:         699600 kB
Active(anon):     829220 kB
Inactive(anon):   210016 kB
Active(file):     489764 kB
Inactive(file):   489584 kB
Unevictable:       12768 kB
Mlocked:               0 kB
SwapTotal:        720184 kB
SwapFree:         720156 kB
Dirty:                 4 kB
Writeback:             0 kB
AnonPages:       1006128 kB
Mapped:           696376 kB
Shmem:             32948 kB
Slab:             117188 kB
SReclaimable:      36224 kB
SUnreclaim:        80964 kB
KernelStack:       33888 kB
PageTables:        56892 kB
NFS_Unstable:          0 kB
Bounce:                0 kB
WritebackTmp:          0 kB
CommitLimit:     2172840 kB
Committed_AS:   93084004 kB
VmallocTotal:   251658176 kB
VmallocUsed:      137420 kB
VmallocChunk:   251426860 kB
Time pass: 315 sec

---2015-12-09 10:41:11
MemTotal:        2905316 kB
MemFree:           82588 kB
Buffers:           26404 kB
Cached:           998712 kB
SwapCached:            0 kB
Active:          1319260 kB
Inactive:         699648 kB
Active(anon):     829492 kB
Inactive(anon):   210064 kB
Active(file):     489768 kB
Inactive(file):   489584 kB
Unevictable:       12768 kB
Mlocked:               0 kB
SwapTotal:        720184 kB
SwapFree:         720156 kB
Dirty:                44 kB
Writeback:             0 kB
AnonPages:       1006432 kB
Mapped:           696368 kB
Shmem:             32996 kB
Slab:             117188 kB
SReclaimable:      36224 kB
SUnreclaim:        80964 kB
KernelStack:       33824 kB
PageTables:        56904 kB
NFS_Unstable:          0 kB
Bounce:                0 kB
WritebackTmp:          0 kB
CommitLimit:     2172840 kB
Committed_AS:   93104416 kB
VmallocTotal:   251658176 kB
VmallocUsed:      137420 kB
VmallocChunk:   251426860 kB
Time pass: 319 sec

---2015-12-09 10:41:11
MemTotal:        2905316 kB
MemFree:           82480 kB
Buffers:           26420 kB
Cached:           998736 kB
SwapCached:            0 kB
Active:          1319420 kB
Inactive:         699660 kB
Active(anon):     829648 kB
Inactive(anon):   210064 kB
Active(file):     489772 kB
Inactive(file):   489596 kB
Unevictable:       12768 kB
Mlocked:               0 kB
SwapTotal:        720184 kB
SwapFree:         720156 kB
Dirty:                48 kB
Writeback:             0 kB
AnonPages:       1006572 kB
Mapped:           696440 kB
Shmem:             32996 kB
Slab:             117188 kB
SReclaimable:      36224 kB
SUnreclaim:        80964 kB
KernelStack:       33760 kB
PageTables:        56932 kB
NFS_Unstable:          0 kB
Bounce:                0 kB
WritebackTmp:          0 kB
CommitLimit:     2172840 kB
Committed_AS:   93104356 kB
VmallocTotal:   251658176 kB
VmallocUsed:      137420 kB
VmallocChunk:   251426860 kB
Time pass: 323 sec

---2015-12-09 10:41:11
MemTotal:        2905316 kB
MemFree:           82112 kB
Buffers:           26420 kB
Cached:           998760 kB
SwapCached:            0 kB
Active:          1319660 kB
Inactive:         699684 kB
Active(anon):     829868 kB
Inactive(anon):   210064 kB
Active(file):     489792 kB
Inactive(file):   489620 kB
Unevictable:       12768 kB
Mlocked:               0 kB
SwapTotal:        720184 kB
SwapFree:         720156 kB
Dirty:                16 kB
Writeback:             0 kB
AnonPages:       1006824 kB
Mapped:           696464 kB
Shmem:             32996 kB
Slab:             117188 kB
SReclaimable:      36224 kB
SUnreclaim:        80964 kB
KernelStack:       33760 kB
PageTables:        56932 kB
NFS_Unstable:          0 kB
Bounce:                0 kB
WritebackTmp:          0 kB
CommitLimit:     2172840 kB
Committed_AS:   93104304 kB
VmallocTotal:   251658176 kB
VmallocUsed:      137420 kB
VmallocChunk:   251426860 kB
Time pass: 327 sec

---2015-12-09 10:41:11
MemTotal:        2905316 kB
MemFree:           81884 kB
Buffers:           26428 kB
Cached:           998768 kB
SwapCached:            0 kB
Active:          1319768 kB
Inactive:         699688 kB
Active(anon):     829968 kB
Inactive(anon):   210064 kB
Active(file):     489800 kB
Inactive(file):   489624 kB
Unevictable:       12768 kB
Mlocked:               0 kB
SwapTotal:        720184 kB
SwapFree:         720156 kB
Dirty:                28 kB
Writeback:             0 kB
AnonPages:       1007052 kB
Mapped:           696472 kB
Shmem:             32996 kB
Slab:             117188 kB
SReclaimable:      36224 kB
SUnreclaim:        80964 kB
KernelStack:       33760 kB
PageTables:        56928 kB
NFS_Unstable:          0 kB
Bounce:                0 kB
WritebackTmp:          0 kB
CommitLimit:     2172840 kB
Committed_AS:   93104176 kB
VmallocTotal:   251658176 kB
VmallocUsed:      137420 kB
VmallocChunk:   251426860 kB
Time pass: 330 sec

---2015-12-09 10:41:11
MemTotal:        2905316 kB
MemFree:           81672 kB
Buffers:           26436 kB
Cached:           998780 kB
SwapCached:            0 kB
Active:          1320080 kB
Inactive:         699700 kB
Active(anon):     830272 kB
Inactive(anon):   210064 kB
Active(file):     489808 kB
Inactive(file):   489636 kB
Unevictable:       12768 kB
Mlocked:               0 kB
SwapTotal:        720184 kB
SwapFree:         720156 kB
Dirty:                52 kB
Writeback:             0 kB
AnonPages:       1007336 kB
Mapped:           696516 kB
Shmem:             32996 kB
Slab:             117188 kB
SReclaimable:      36224 kB
SUnreclaim:        80964 kB
KernelStack:       33760 kB
PageTables:        56932 kB
NFS_Unstable:          0 kB
Bounce:                0 kB
WritebackTmp:          0 kB
CommitLimit:     2172840 kB
Committed_AS:   93104232 kB
VmallocTotal:   251658176 kB
VmallocUsed:      137420 kB
VmallocChunk:   251426860 kB
Time pass: 334 sec

---2015-12-09 10:41:11
MemTotal:        2905316 kB
MemFree:           81664 kB
Buffers:           26436 kB
Cached:           998788 kB
SwapCached:            0 kB
Active:          1320304 kB
Inactive:         699708 kB
Active(anon):     830492 kB
Inactive(anon):   210064 kB
Active(file):     489812 kB
Inactive(file):   489644 kB
Unevictable:       12768 kB
Mlocked:               0 kB
SwapTotal:        720184 kB
SwapFree:         720156 kB
Dirty:                16 kB
Writeback:             0 kB
AnonPages:       1007596 kB
Mapped:           696528 kB
Shmem:             32996 kB
Slab:             117188 kB
SReclaimable:      36224 kB
SUnreclaim:        80964 kB
KernelStack:       33760 kB
PageTables:        56948 kB
NFS_Unstable:          0 kB
Bounce:                0 kB
WritebackTmp:          0 kB
CommitLimit:     2172840 kB
Committed_AS:   93104304 kB
VmallocTotal:   251658176 kB
VmallocUsed:      137420 kB
VmallocChunk:   251426860 kB
Time pass: 338 sec

---2015-12-09 10:41:11
MemTotal:        2905316 kB
MemFree:           81116 kB
Buffers:           26444 kB
Cached:           998792 kB
SwapCached:            0 kB
Active:          1320464 kB
Inactive:         699716 kB
Active(anon):     830644 kB
Inactive(anon):   210064 kB
Active(file):     489820 kB
Inactive(file):   489652 kB
Unevictable:       12768 kB
Mlocked:               0 kB
SwapTotal:        720184 kB
SwapFree:         720156 kB
Dirty:                32 kB
Writeback:             0 kB
AnonPages:       1007552 kB
Mapped:           696528 kB
Shmem:             32996 kB
Slab:             117188 kB
SReclaimable:      36224 kB
SUnreclaim:        80964 kB
KernelStack:       33744 kB
PageTables:        56932 kB
NFS_Unstable:          0 kB
Bounce:                0 kB
WritebackTmp:          0 kB
CommitLimit:     2172840 kB
Committed_AS:   93104264 kB
VmallocTotal:   251658176 kB
VmallocUsed:      137420 kB
VmallocChunk:   251426860 kB
Time pass: 342 sec

---2015-12-09 10:41:11
MemTotal:        2905316 kB
MemFree:           81448 kB
Buffers:           26452 kB
Cached:           998800 kB
SwapCached:            0 kB
Active:          1320580 kB
Inactive:         699728 kB
Active(anon):     830756 kB
Inactive(anon):   210064 kB
Active(file):     489824 kB
Inactive(file):   489664 kB
Unevictable:       12768 kB
Mlocked:               0 kB
SwapTotal:        720184 kB
SwapFree:         720156 kB
Dirty:                12 kB
Writeback:             0 kB
AnonPages:       1007692 kB
Mapped:           696540 kB
Shmem:             32996 kB
Slab:             117188 kB
SReclaimable:      36224 kB
SUnreclaim:        80964 kB
KernelStack:       33728 kB
PageTables:        56932 kB
NFS_Unstable:          0 kB
Bounce:                0 kB
WritebackTmp:          0 kB
CommitLimit:     2172840 kB
Committed_AS:   93104288 kB
VmallocTotal:   251658176 kB
VmallocUsed:      137420 kB
VmallocChunk:   251426860 kB
Time pass: 346 sec

---2015-12-09 10:41:11
MemTotal:        2905316 kB
MemFree:           80460 kB
Buffers:           26460 kB
Cached:           998856 kB
SwapCached:            0 kB
Active:          1320888 kB
Inactive:         699772 kB
Active(anon):     831056 kB
Inactive(anon):   210112 kB
Active(file):     489832 kB
Inactive(file):   489660 kB
Unevictable:       12768 kB
Mlocked:               0 kB
SwapTotal:        720184 kB
SwapFree:         720156 kB
Dirty:                40 kB
Writeback:             0 kB
AnonPages:       1008112 kB
Mapped:           696600 kB
Shmem:             33044 kB
Slab:             117188 kB
SReclaimable:      36224 kB
SUnreclaim:        80964 kB
KernelStack:       33728 kB
PageTables:        56972 kB
NFS_Unstable:          0 kB
Bounce:                0 kB
WritebackTmp:          0 kB
CommitLimit:     2172840 kB
Committed_AS:   93124740 kB
VmallocTotal:   251658176 kB
VmallocUsed:      137420 kB
VmallocChunk:   251426860 kB
Time pass: 349 sec

---2015-12-09 10:41:11
MemTotal:        2905316 kB
MemFree:           80544 kB
Buffers:           26460 kB
Cached:           998864 kB
SwapCached:            0 kB
Active:          1321200 kB
Inactive:         699780 kB
Active(anon):     831360 kB
Inactive(anon):   210112 kB
Active(file):     489840 kB
Inactive(file):   489668 kB
Unevictable:       12768 kB
Mlocked:               0 kB
SwapTotal:        720184 kB
SwapFree:         720156 kB
Dirty:                36 kB
Writeback:             0 kB
AnonPages:       1008436 kB
Mapped:           696604 kB
Shmem:             33044 kB
Slab:             117188 kB
SReclaimable:      36224 kB
SUnreclaim:        80964 kB
KernelStack:       33760 kB
PageTables:        56972 kB
NFS_Unstable:          0 kB
Bounce:                0 kB
WritebackTmp:          0 kB
CommitLimit:     2172840 kB
Committed_AS:   93124760 kB
VmallocTotal:   251658176 kB
VmallocUsed:      137420 kB
VmallocChunk:   251426860 kB
Time pass: 353 sec

---2015-12-09 10:41:11
MemTotal:        2905316 kB
MemFree:           80604 kB
Buffers:           26468 kB
Cached:           998868 kB
SwapCached:            0 kB
Active:          1321636 kB
Inactive:         699784 kB
Active(anon):     831784 kB
Inactive(anon):   210112 kB
Active(file):     489852 kB
Inactive(file):   489672 kB
Unevictable:       12768 kB
Mlocked:               0 kB
SwapTotal:        720184 kB
SwapFree:         720156 kB
Dirty:                40 kB
Writeback:             0 kB
AnonPages:       1008816 kB
Mapped:           696612 kB
Shmem:             33044 kB
Slab:             117184 kB
SReclaimable:      36224 kB
SUnreclaim:        80960 kB
KernelStack:       33712 kB
PageTables:        56968 kB
NFS_Unstable:          0 kB
Bounce:                0 kB
WritebackTmp:          0 kB
CommitLimit:     2172840 kB
Committed_AS:   93124784 kB
VmallocTotal:   251658176 kB
VmallocUsed:      137420 kB
VmallocChunk:   251426860 kB
Time pass: 357 sec

---2015-12-09 10:41:11
MemTotal:        2905316 kB
MemFree:           79136 kB
Buffers:           26476 kB
Cached:           998872 kB
SwapCached:            0 kB
Active:          1321648 kB
Inactive:         699784 kB
Active(anon):     831788 kB
Inactive(anon):   210112 kB
Active(file):     489860 kB
Inactive(file):   489672 kB
Unevictable:       12768 kB
Mlocked:               0 kB
SwapTotal:        720184 kB
SwapFree:         720156 kB
Dirty:                 0 kB
Writeback:             0 kB
AnonPages:       1008880 kB
Mapped:           696616 kB
Shmem:             33044 kB
Slab:             117184 kB
SReclaimable:      36224 kB
SUnreclaim:        80960 kB
KernelStack:       33776 kB
PageTables:        56968 kB
NFS_Unstable:          0 kB
Bounce:                0 kB
WritebackTmp:          0 kB
CommitLimit:     2172840 kB
Committed_AS:   93124780 kB
VmallocTotal:   251658176 kB
VmallocUsed:      137432 kB
VmallocChunk:   251426860 kB
Time pass: 361 sec

---2015-12-09 10:41:11
MemTotal:        2905316 kB
MemFree:           78832 kB
Buffers:           26484 kB
Cached:           998888 kB
SwapCached:            0 kB
Active:          1321868 kB
Inactive:         699804 kB
Active(anon):     832000 kB
Inactive(anon):   210112 kB
Active(file):     489868 kB
Inactive(file):   489692 kB
Unevictable:       12768 kB
Mlocked:               0 kB
SwapTotal:        720184 kB
SwapFree:         720156 kB
Dirty:                72 kB
Writeback:             0 kB
AnonPages:       1009040 kB
Mapped:           696632 kB
Shmem:             33044 kB
Slab:             117184 kB
SReclaimable:      36224 kB
SUnreclaim:        80960 kB
KernelStack:       33744 kB
PageTables:        56968 kB
NFS_Unstable:          0 kB
Bounce:                0 kB
WritebackTmp:          0 kB
CommitLimit:     2172840 kB
Committed_AS:   93124768 kB
VmallocTotal:   251658176 kB
VmallocUsed:      137432 kB
VmallocChunk:   251426860 kB
Time pass: 365 sec

---2015-12-09 10:41:11
MemTotal:        2905316 kB
MemFree:           78728 kB
Buffers:           26484 kB
Cached:           998900 kB
SwapCached:            0 kB
Active:          1322040 kB
Inactive:         699808 kB
Active(anon):     832168 kB
Inactive(anon):   210112 kB
Active(file):     489872 kB
Inactive(file):   489696 kB
Unevictable:       12768 kB
Mlocked:               0 kB
SwapTotal:        720184 kB
SwapFree:         720156 kB
Dirty:                 8 kB
Writeback:             0 kB
AnonPages:       1009112 kB
Mapped:           696636 kB
Shmem:             33044 kB
Slab:             117184 kB
SReclaimable:      36224 kB
SUnreclaim:        80960 kB
KernelStack:       33744 kB
PageTables:        56968 kB
NFS_Unstable:          0 kB
Bounce:                0 kB
WritebackTmp:          0 kB
CommitLimit:     2172840 kB
Committed_AS:   93124768 kB
VmallocTotal:   251658176 kB
VmallocUsed:      137432 kB
VmallocChunk:   251426860 kB
Time pass: 369 sec

---2015-12-09 10:41:11
MemTotal:        2905316 kB
MemFree:           78716 kB
Buffers:           26492 kB
Cached:           998900 kB
SwapCached:            0 kB
Active:          1322128 kB
Inactive:         699816 kB
Active(anon):     832252 kB
Inactive(anon):   210112 kB
Active(file):     489876 kB
Inactive(file):   489704 kB
Unevictable:       12768 kB
Mlocked:               0 kB
SwapTotal:        720184 kB
SwapFree:         720156 kB
Dirty:                 8 kB
Writeback:             0 kB
AnonPages:       1009180 kB
Mapped:           696640 kB
Shmem:             33044 kB
Slab:             117184 kB
SReclaimable:      36224 kB
SUnreclaim:        80960 kB
KernelStack:       33696 kB
PageTables:        56972 kB
NFS_Unstable:          0 kB
Bounce:                0 kB
WritebackTmp:          0 kB
CommitLimit:     2172840 kB
Committed_AS:   93124780 kB
VmallocTotal:   251658176 kB
VmallocUsed:      137432 kB
VmallocChunk:   251426860 kB
Time pass: 372 sec

---2015-12-09 10:41:11
MemTotal:        2905316 kB
MemFree:           78380 kB
Buffers:           26500 kB
Cached:           998904 kB
SwapCached:            0 kB
Active:          1322220 kB
Inactive:         699824 kB
Active(anon):     832340 kB
Inactive(anon):   210112 kB
Active(file):     489880 kB
Inactive(file):   489712 kB
Unevictable:       12768 kB
Mlocked:               0 kB
SwapTotal:        720184 kB
SwapFree:         720156 kB
Dirty:                 4 kB
Writeback:             0 kB
AnonPages:       1009240 kB
Mapped:           696644 kB
Shmem:             33044 kB
Slab:             117184 kB
SReclaimable:      36224 kB
SUnreclaim:        80960 kB
KernelStack:       33744 kB
PageTables:        56968 kB
NFS_Unstable:          0 kB
Bounce:                0 kB
WritebackTmp:          0 kB
CommitLimit:     2172840 kB
Committed_AS:   93124732 kB
VmallocTotal:   251658176 kB
VmallocUsed:      137432 kB
VmallocChunk:   251426860 kB
Time pass: 376 sec

---2015-12-09 10:41:11
MemTotal:        2905316 kB
MemFree:           78232 kB
Buffers:           26508 kB
Cached:           999068 kB
SwapCached:            0 kB
Active:          1322748 kB
Inactive:         699932 kB
Active(anon):     832860 kB
Inactive(anon):   210160 kB
Active(file):     489888 kB
Inactive(file):   489772 kB
Unevictable:       12768 kB
Mlocked:               0 kB
SwapTotal:        720184 kB
SwapFree:         720156 kB
Dirty:                52 kB
Writeback:             0 kB
AnonPages:       1009988 kB
Mapped:           696748 kB
Shmem:             33092 kB
Slab:             117184 kB
SReclaimable:      36224 kB
SUnreclaim:        80960 kB
KernelStack:       33776 kB
PageTables:        57040 kB
NFS_Unstable:          0 kB
Bounce:                0 kB
WritebackTmp:          0 kB
CommitLimit:     2172840 kB
Committed_AS:   93145260 kB
VmallocTotal:   251658176 kB
VmallocUsed:      137432 kB
VmallocChunk:   251426860 kB
Time pass: 380 sec

---2015-12-09 10:41:11
MemTotal:        2905316 kB
MemFree:           77332 kB
Buffers:           26508 kB
Cached:           999420 kB
SwapCached:            0 kB
Active:          1322988 kB
Inactive:         700304 kB
Active(anon):     833080 kB
Inactive(anon):   210160 kB
Active(file):     489908 kB
Inactive(file):   490144 kB
Unevictable:       12768 kB
Mlocked:               0 kB
SwapTotal:        720184 kB
SwapFree:         720156 kB
Dirty:                12 kB
Writeback:             0 kB
AnonPages:       1010148 kB
Mapped:           696864 kB
Shmem:             33092 kB
Slab:             117184 kB
SReclaimable:      36224 kB
SUnreclaim:        80960 kB
KernelStack:       33808 kB
PageTables:        57016 kB
NFS_Unstable:          0 kB
Bounce:                0 kB
WritebackTmp:          0 kB
CommitLimit:     2172840 kB
Committed_AS:   93145328 kB
VmallocTotal:   251658176 kB
VmallocUsed:      137432 kB
VmallocChunk:   251426860 kB
Time pass: 384 sec

---2015-12-09 10:41:11
MemTotal:        2905316 kB
MemFree:           77608 kB
Buffers:           26516 kB
Cached:           999432 kB
SwapCached:            0 kB
Active:          1323272 kB
Inactive:         700304 kB
Active(anon):     833332 kB
Inactive(anon):   210160 kB
Active(file):     489940 kB
Inactive(file):   490144 kB
Unevictable:       12768 kB
Mlocked:               0 kB
SwapTotal:        720184 kB
SwapFree:         720156 kB
Dirty:                16 kB
Writeback:             0 kB
AnonPages:       1010304 kB
Mapped:           696876 kB
Shmem:             33092 kB
Slab:             117184 kB
SReclaimable:      36224 kB
SUnreclaim:        80960 kB
KernelStack:       33808 kB
PageTables:        57012 kB
NFS_Unstable:          0 kB
Bounce:                0 kB
WritebackTmp:          0 kB
CommitLimit:     2172840 kB
Committed_AS:   93145304 kB
VmallocTotal:   251658176 kB
VmallocUsed:      137432 kB
VmallocChunk:   251426860 kB
Time pass: 388 sec

---2015-12-09 10:41:11
MemTotal:        2905316 kB
MemFree:           76768 kB
Buffers:           26524 kB
Cached:           999448 kB
SwapCached:            0 kB
Active:          1323588 kB
Inactive:         700320 kB
