---2015-12-05 01:40:17
MemTotal:        1420824 kB
MemFree:          136012 kB
Buffers:           13588 kB
Cached:           670272 kB
SwapCached:            0 kB
Active:           610052 kB
Inactive:         510232 kB
Active(anon):     436476 kB
Inactive(anon):      736 kB
Active(file):     173576 kB
Inactive(file):   509496 kB
Unevictable:           0 kB
Mlocked:               0 kB
HighTotal:       1001472 kB
HighFree:           5144 kB
LowTotal:         419352 kB
LowFree:          130868 kB
SwapTotal:        786428 kB
SwapFree:         786428 kB
Dirty:                92 kB
Writeback:             0 kB
AnonPages:        436416 kB
Mapped:           181480 kB
Shmem:               816 kB
Slab:              41824 kB
SReclaimable:      14756 kB
SUnreclaim:        27068 kB
KernelStack:        9816 kB
PageTables:        15804 kB
NFS_Unstable:          0 kB
Bounce:                0 kB
WritebackTmp:          0 kB
CommitLimit:     1496840 kB
Committed_AS:   22830000 kB
VmallocTotal:     458752 kB
VmallocUsed:       86968 kB
VmallocChunk:     214044 kB
Time pass: 3 sec

---2015-12-05 01:40:17
MemTotal:        1420824 kB
MemFree:          131696 kB
Buffers:           13668 kB
Cached:           670272 kB
SwapCached:            0 kB
Active:           613056 kB
Inactive:         509940 kB
Active(anon):     439136 kB
Inactive(anon):      736 kB
Active(file):     173920 kB
Inactive(file):   509204 kB
Unevictable:           0 kB
Mlocked:               0 kB
HighTotal:       1001472 kB
HighFree:           5104 kB
LowTotal:         419352 kB
LowFree:          126592 kB
SwapTotal:        786428 kB
SwapFree:         786428 kB
Dirty:                 0 kB
Writeback:             0 kB
AnonPages:        439288 kB
Mapped:           196868 kB
Shmem:               816 kB
Slab:              41924 kB
SReclaimable:      14764 kB
SUnreclaim:        27160 kB
KernelStack:       10024 kB
PageTables:        16344 kB
NFS_Unstable:          0 kB
Bounce:                0 kB
WritebackTmp:          0 kB
CommitLimit:     1496840 kB
Committed_AS:   23680724 kB
VmallocTotal:     458752 kB
VmallocUsed:       88052 kB
VmallocChunk:     214044 kB
Time pass: 6 sec

---2015-12-05 01:40:17
MemTotal:        1420824 kB
MemFree:          141908 kB
Buffers:           13668 kB
Cached:           670272 kB
SwapCached:            0 kB
Active:           604424 kB
Inactive:         509860 kB
Active(anon):     430396 kB
Inactive(anon):      736 kB
Active(file):     174028 kB
Inactive(file):   509124 kB
Unevictable:           0 kB
Mlocked:               0 kB
HighTotal:       1001472 kB
HighFree:           8032 kB
LowTotal:         419352 kB
LowFree:          133876 kB
SwapTotal:        786428 kB
SwapFree:         786428 kB
Dirty:                96 kB
Writeback:             0 kB
AnonPages:        430324 kB
Mapped:           196848 kB
Shmem:               816 kB
Slab:              41692 kB
SReclaimable:      14776 kB
SUnreclaim:        26916 kB
KernelStack:        9800 kB
PageTables:        15952 kB
NFS_Unstable:          0 kB
Bounce:                0 kB
WritebackTmp:          0 kB
CommitLimit:     1496840 kB
Committed_AS:   22840104 kB
VmallocTotal:     458752 kB
VmallocUsed:       86968 kB
VmallocChunk:     214044 kB
Time pass: 10 sec

---2015-12-05 01:40:17
MemTotal:        1420824 kB
MemFree:          141864 kB
Buffers:           13676 kB
Cached:           670272 kB
SwapCached:            0 kB
Active:           604428 kB
Inactive:         509868 kB
Active(anon):     430400 kB
Inactive(anon):      736 kB
Active(file):     174028 kB
Inactive(file):   509132 kB
Unevictable:           0 kB
Mlocked:               0 kB
HighTotal:       1001472 kB
HighFree:           7944 kB
LowTotal:         419352 kB
LowFree:          133920 kB
SwapTotal:        786428 kB
SwapFree:         786428 kB
Dirty:                60 kB
Writeback:             0 kB
AnonPages:        430316 kB
Mapped:           196868 kB
Shmem:               816 kB
Slab:              41820 kB
SReclaimable:      14776 kB
SUnreclaim:        27044 kB
KernelStack:        9768 kB
PageTables:        15944 kB
NFS_Unstable:          0 kB
Bounce:                0 kB
WritebackTmp:          0 kB
CommitLimit:     1496840 kB
Committed_AS:   22840008 kB
VmallocTotal:     458752 kB
VmallocUsed:       86968 kB
VmallocChunk:     214044 kB
Time pass: 13 sec

---2015-12-05 01:40:17
MemTotal:        1420824 kB
MemFree:          141816 kB
Buffers:           13676 kB
Cached:           670272 kB
SwapCached:            0 kB
Active:           604464 kB
Inactive:         509868 kB
Active(anon):     430436 kB
Inactive(anon):      736 kB
Active(file):     174028 kB
Inactive(file):   509132 kB
Unevictable:           0 kB
Mlocked:               0 kB
HighTotal:       1001472 kB
HighFree:           7864 kB
LowTotal:         419352 kB
LowFree:          133952 kB
SwapTotal:        786428 kB
SwapFree:         786428 kB
Dirty:                 0 kB
Writeback:             0 kB
AnonPages:        430380 kB
Mapped:           196880 kB
Shmem:               816 kB
Slab:              41796 kB
SReclaimable:      14776 kB
SUnreclaim:        27020 kB
KernelStack:        9768 kB
PageTables:        15944 kB
NFS_Unstable:          0 kB
Bounce:                0 kB
WritebackTmp:          0 kB
CommitLimit:     1496840 kB
Committed_AS:   22839936 kB
VmallocTotal:     458752 kB
VmallocUsed:       86968 kB
VmallocChunk:     214044 kB
Time pass: 17 sec

---2015-12-05 01:40:17
MemTotal:        1420824 kB
MemFree:           82556 kB
Buffers:           13732 kB
Cached:           707136 kB
SwapCached:            0 kB
Active:           618308 kB
Inactive:         546068 kB
Active(anon):     443804 kB
Inactive(anon):      840 kB
Active(file):     174504 kB
Inactive(file):   545228 kB
Unevictable:           0 kB
Mlocked:               0 kB
HighTotal:       1001472 kB
HighFree:           5068 kB
LowTotal:         419352 kB
LowFree:           77488 kB
SwapTotal:        786428 kB
SwapFree:         786428 kB
Dirty:              1136 kB
Writeback:             0 kB
AnonPages:        443812 kB
Mapped:           203876 kB
Shmem:               968 kB
Slab:              41916 kB
SReclaimable:      14872 kB
SUnreclaim:        27044 kB
KernelStack:        9944 kB
PageTables:        16240 kB
NFS_Unstable:          0 kB
Bounce:                0 kB
WritebackTmp:          0 kB
CommitLimit:     1496840 kB
Committed_AS:   23326324 kB
VmallocTotal:     458752 kB
VmallocUsed:       88264 kB
VmallocChunk:     214044 kB
Time pass: 20 sec

---2015-12-05 01:40:17
MemTotal:        1420824 kB
MemFree:           58264 kB
Buffers:           13920 kB
Cached:           708028 kB
SwapCached:            0 kB
Active:           633564 kB
Inactive:         546644 kB
Active(anon):     458312 kB
Inactive(anon):      864 kB
Active(file):     175252 kB
Inactive(file):   545780 kB
Unevictable:           0 kB
Mlocked:               0 kB
HighTotal:       1001472 kB
HighFree:           5120 kB
LowTotal:         419352 kB
LowFree:           53144 kB
SwapTotal:        786428 kB
SwapFree:         786428 kB
Dirty:                72 kB
Writeback:             0 kB
AnonPages:        458272 kB
Mapped:           206852 kB
Shmem:               944 kB
Slab:              42332 kB
SReclaimable:      15020 kB
SUnreclaim:        27312 kB
KernelStack:       10312 kB
PageTables:        16396 kB
NFS_Unstable:          0 kB
Bounce:                0 kB
WritebackTmp:          0 kB
CommitLimit:     1496840 kB
Committed_AS:   23336196 kB
VmallocTotal:     458752 kB
VmallocUsed:       88284 kB
VmallocChunk:     214044 kB
Time pass: 24 sec

---2015-12-05 01:40:17
MemTotal:        1420824 kB
MemFree:           41468 kB
Buffers:           13920 kB
Cached:           708216 kB
SwapCached:            0 kB
Active:           631552 kB
Inactive:         546748 kB
Active(anon):     456216 kB
Inactive(anon):      864 kB
Active(file):     175336 kB
Inactive(file):   545884 kB
Unevictable:           0 kB
Mlocked:               0 kB
HighTotal:       1001472 kB
HighFree:           5120 kB
LowTotal:         419352 kB
LowFree:           36348 kB
SwapTotal:        786428 kB
SwapFree:         786428 kB
Dirty:               128 kB
Writeback:             0 kB
AnonPages:        456252 kB
Mapped:           208500 kB
Shmem:               944 kB
Slab:              42280 kB
SReclaimable:      15012 kB
SUnreclaim:        27268 kB
KernelStack:       10312 kB
PageTables:        16436 kB
NFS_Unstable:          0 kB
Bounce:                0 kB
WritebackTmp:          0 kB
CommitLimit:     1496840 kB
Committed_AS:   23332196 kB
VmallocTotal:     458752 kB
VmallocUsed:       88304 kB
VmallocChunk:     214044 kB
Time pass: 27 sec

---2015-12-05 01:40:17
MemTotal:        1420824 kB
MemFree:           42536 kB
Buffers:           13936 kB
Cached:           708216 kB
SwapCached:            0 kB
Active:           629304 kB
Inactive:         546756 kB
Active(anon):     453960 kB
Inactive(anon):      864 kB
Active(file):     175344 kB
Inactive(file):   545892 kB
Unevictable:           0 kB
Mlocked:               0 kB
HighTotal:       1001472 kB
HighFree:           5692 kB
LowTotal:         419352 kB
LowFree:           36844 kB
SwapTotal:        786428 kB
SwapFree:         786428 kB
Dirty:               176 kB
Writeback:             0 kB
AnonPages:        453896 kB
Mapped:           208888 kB
Shmem:               944 kB
Slab:              42012 kB
SReclaimable:      15012 kB
SUnreclaim:        27000 kB
KernelStack:       10296 kB
PageTables:        16440 kB
NFS_Unstable:          0 kB
Bounce:                0 kB
WritebackTmp:          0 kB
CommitLimit:     1496840 kB
Committed_AS:   23330300 kB
VmallocTotal:     458752 kB
VmallocUsed:       88284 kB
VmallocChunk:     214044 kB
Time pass: 30 sec

---2015-12-05 01:40:17
MemTotal:        1420824 kB
MemFree:           43672 kB
Buffers:           13944 kB
Cached:           708208 kB
SwapCached:            0 kB
Active:           627564 kB
Inactive:         546744 kB
Active(anon):     452208 kB
Inactive(anon):      864 kB
Active(file):     175356 kB
Inactive(file):   545880 kB
Unevictable:           0 kB
Mlocked:               0 kB
HighTotal:       1001472 kB
HighFree:           5516 kB
LowTotal:         419352 kB
LowFree:           38156 kB
SwapTotal:        786428 kB
SwapFree:         786428 kB
Dirty:                40 kB
Writeback:             0 kB
AnonPages:        452124 kB
Mapped:           208896 kB
Shmem:               944 kB
Slab:              42180 kB
SReclaimable:      15012 kB
SUnreclaim:        27168 kB
KernelStack:       10304 kB
PageTables:        16440 kB
NFS_Unstable:          0 kB
Bounce:                0 kB
WritebackTmp:          0 kB
CommitLimit:     1496840 kB
Committed_AS:   23330308 kB
VmallocTotal:     458752 kB
VmallocUsed:       88284 kB
VmallocChunk:     214044 kB
Time pass: 34 sec

---2015-12-05 01:40:17
MemTotal:        1420824 kB
MemFree:           43804 kB
Buffers:           11848 kB
Cached:           697228 kB
SwapCached:            0 kB
Active:           602072 kB
Inactive:         566876 kB
Active(anon):     426192 kB
Inactive(anon):    34916 kB
Active(file):     175880 kB
Inactive(file):   531960 kB
Unevictable:         292 kB
Mlocked:               0 kB
HighTotal:       1001472 kB
HighFree:           7128 kB
LowTotal:         419352 kB
LowFree:           36676 kB
SwapTotal:        786428 kB
SwapFree:         786428 kB
Dirty:                68 kB
Writeback:             0 kB
AnonPages:        460188 kB
Mapped:           210448 kB
Shmem:               944 kB
Slab:              42160 kB
SReclaimable:      15012 kB
SUnreclaim:        27148 kB
KernelStack:       10344 kB
PageTables:        16472 kB
NFS_Unstable:          0 kB
Bounce:                0 kB
WritebackTmp:          0 kB
CommitLimit:     1496840 kB
Committed_AS:   23333476 kB
VmallocTotal:     458752 kB
VmallocUsed:       88284 kB
VmallocChunk:     214044 kB
Time pass: 37 sec

---2015-12-05 01:40:17
MemTotal:        1420824 kB
MemFree:           52396 kB
Buffers:           11856 kB
Cached:           697212 kB
SwapCached:            0 kB
Active:           593972 kB
Inactive:         566808 kB
Active(anon):     418080 kB
Inactive(anon):    34860 kB
Active(file):     175892 kB
Inactive(file):   531948 kB
Unevictable:         292 kB
Mlocked:               0 kB
HighTotal:       1001472 kB
HighFree:           8320 kB
LowTotal:         419352 kB
LowFree:           44076 kB
SwapTotal:        786428 kB
SwapFree:         786428 kB
Dirty:                60 kB
Writeback:             0 kB
AnonPages:        452060 kB
Mapped:           205956 kB
Shmem:               936 kB
Slab:              42180 kB
SReclaimable:      15012 kB
SUnreclaim:        27168 kB
KernelStack:       10048 kB
PageTables:        15936 kB
NFS_Unstable:          0 kB
Bounce:                0 kB
WritebackTmp:          0 kB
CommitLimit:     1496840 kB
Committed_AS:   22471700 kB
VmallocTotal:     458752 kB
VmallocUsed:       86276 kB
VmallocChunk:     214044 kB
Time pass: 41 sec

---2015-12-05 01:40:17
MemTotal:        1420824 kB
MemFree:           55524 kB
Buffers:           11856 kB
Cached:           697236 kB
SwapCached:            0 kB
Active:           590932 kB
Inactive:         566828 kB
Active(anon):     415036 kB
Inactive(anon):    34864 kB
Active(file):     175896 kB
Inactive(file):   531964 kB
Unevictable:         292 kB
Mlocked:               0 kB
HighTotal:       1001472 kB
HighFree:          11064 kB
LowTotal:         419352 kB
LowFree:           44460 kB
SwapTotal:        786428 kB
SwapFree:         786428 kB
Dirty:                 4 kB
Writeback:             0 kB
AnonPages:        448952 kB
Mapped:           206736 kB
Shmem:               940 kB
Slab:              42208 kB
SReclaimable:      15012 kB
SUnreclaim:        27196 kB
KernelStack:       10048 kB
PageTables:        15940 kB
NFS_Unstable:          0 kB
Bounce:                0 kB
WritebackTmp:          0 kB
CommitLimit:     1496840 kB
Committed_AS:   22474288 kB
VmallocTotal:     458752 kB
VmallocUsed:       86276 kB
VmallocChunk:     214044 kB
Time pass: 44 sec

---2015-12-05 01:40:17
MemTotal:        1420824 kB
MemFree:           41284 kB
Buffers:           10352 kB
Cached:           692468 kB
SwapCached:            0 kB
Active:           586252 kB
Inactive:         578676 kB
Active(anon):     410036 kB
Inactive(anon):    53296 kB
Active(file):     176216 kB
Inactive(file):   525380 kB
Unevictable:         292 kB
Mlocked:               0 kB
HighTotal:       1001472 kB
HighFree:           7020 kB
LowTotal:         419352 kB
LowFree:           34264 kB
SwapTotal:        786428 kB
SwapFree:         786428 kB
Dirty:               704 kB
Writeback:             0 kB
AnonPages:        462404 kB
Mapped:           211760 kB
Shmem:               940 kB
Slab:              42396 kB
SReclaimable:      15044 kB
SUnreclaim:        27352 kB
KernelStack:       10096 kB
PageTables:        15992 kB
NFS_Unstable:          0 kB
Bounce:                0 kB
WritebackTmp:          0 kB
CommitLimit:     1496840 kB
Committed_AS:   22487464 kB
VmallocTotal:     458752 kB
VmallocUsed:       86260 kB
VmallocChunk:     214044 kB
Time pass: 48 sec

---2015-12-05 01:40:17
MemTotal:        1420824 kB
MemFree:           43844 kB
Buffers:            7384 kB
Cached:           679280 kB
SwapCached:            0 kB
Active:           551100 kB
Inactive:         599256 kB
Active(anon):     374828 kB
Inactive(anon):    90160 kB
Active(file):     176272 kB
Inactive(file):   509096 kB
Unevictable:         292 kB
Mlocked:               0 kB
HighTotal:       1001472 kB
HighFree:           7800 kB
LowTotal:         419352 kB
LowFree:           36044 kB
SwapTotal:        786428 kB
SwapFree:         786428 kB
Dirty:               700 kB
Writeback:             0 kB
AnonPages:        464044 kB
Mapped:           213532 kB
Shmem:               940 kB
Slab:              42472 kB
SReclaimable:      15032 kB
SUnreclaim:        27440 kB
KernelStack:       10096 kB
PageTables:        16020 kB
NFS_Unstable:          0 kB
Bounce:                0 kB
WritebackTmp:          0 kB
CommitLimit:     1496840 kB
Committed_AS:   22488900 kB
VmallocTotal:     458752 kB
VmallocUsed:       86252 kB
VmallocChunk:     214044 kB
Time pass: 51 sec

---2015-12-05 01:40:17
MemTotal:        1420824 kB
MemFree:           42176 kB
Buffers:            7392 kB
Cached:           679452 kB
SwapCached:            0 kB
Active:           551460 kB
Inactive:         599488 kB
Active(anon):     375188 kB
Inactive(anon):    90148 kB
Active(file):     176272 kB
Inactive(file):   509340 kB
Unevictable:         292 kB
Mlocked:               0 kB
HighTotal:       1001472 kB
HighFree:           6400 kB
LowTotal:         419352 kB
LowFree:           35776 kB
SwapTotal:        786428 kB
SwapFree:         786428 kB
Dirty:                60 kB
Writeback:             0 kB
AnonPages:        464360 kB
Mapped:           214072 kB
Shmem:               940 kB
Slab:              42356 kB
SReclaimable:      15028 kB
SUnreclaim:        27328 kB
KernelStack:       10072 kB
PageTables:        16020 kB
NFS_Unstable:          0 kB
Bounce:                0 kB
WritebackTmp:          0 kB
CommitLimit:     1496840 kB
Committed_AS:   22489256 kB
VmallocTotal:     458752 kB
VmallocUsed:       86348 kB
VmallocChunk:     214044 kB
Time pass: 55 sec

---2015-12-05 01:40:17
MemTotal:        1420824 kB
MemFree:           40796 kB
Buffers:            7188 kB
Cached:           676708 kB
SwapCached:            0 kB
Active:           545272 kB
Inactive:         603436 kB
Active(anon):     368984 kB
Inactive(anon):    97060 kB
Active(file):     176288 kB
Inactive(file):   506376 kB
Unevictable:         292 kB
Mlocked:               0 kB
HighTotal:       1001472 kB
HighFree:           4992 kB
LowTotal:         419352 kB
LowFree:           35804 kB
SwapTotal:        786428 kB
SwapFree:         786428 kB
Dirty:               308 kB
Writeback:             0 kB
AnonPages:        465072 kB
Mapped:           215488 kB
Shmem:               940 kB
Slab:              42400 kB
SReclaimable:      15016 kB
SUnreclaim:        27384 kB
KernelStack:       10072 kB
PageTables:        16032 kB
NFS_Unstable:          0 kB
Bounce:                0 kB
WritebackTmp:          0 kB
CommitLimit:     1496840 kB
Committed_AS:   22489788 kB
VmallocTotal:     458752 kB
VmallocUsed:       86264 kB
VmallocChunk:     214044 kB
Time pass: 58 sec

---2015-12-05 01:40:17
MemTotal:        1420824 kB
MemFree:           48712 kB
Buffers:            7228 kB
Cached:           676728 kB
SwapCached:            0 kB
Active:           537596 kB
Inactive:         603480 kB
Active(anon):     361304 kB
Inactive(anon):    97060 kB
Active(file):     176292 kB
Inactive(file):   506420 kB
Unevictable:         292 kB
Mlocked:               0 kB
HighTotal:       1001472 kB
HighFree:           7368 kB
LowTotal:         419352 kB
LowFree:           41344 kB
SwapTotal:        786428 kB
SwapFree:         786428 kB
Dirty:               124 kB
Writeback:             0 kB
AnonPages:        457472 kB
Mapped:           209348 kB
Shmem:               940 kB
Slab:              42356 kB
SReclaimable:      15016 kB
SUnreclaim:        27340 kB
KernelStack:        9960 kB
PageTables:        15928 kB
NFS_Unstable:          0 kB
Bounce:                0 kB
WritebackTmp:          0 kB
CommitLimit:     1496840 kB
Committed_AS:   22469760 kB
VmallocTotal:     458752 kB
VmallocUsed:       86264 kB
VmallocChunk:     214044 kB
Time pass: 61 sec

---2015-12-05 01:40:17
MemTotal:        1420824 kB
MemFree:           41240 kB
Buffers:            7244 kB
Cached:           670292 kB
SwapCached:            0 kB
Active:           525440 kB
Inactive:         614556 kB
Active(anon):     348592 kB
Inactive(anon):   115108 kB
Active(file):     176848 kB
Inactive(file):   499448 kB
Unevictable:         292 kB
Mlocked:               0 kB
HighTotal:       1001472 kB
HighFree:           6064 kB
LowTotal:         419352 kB
LowFree:           35176 kB
SwapTotal:        786428 kB
SwapFree:         786428 kB
Dirty:               584 kB
Writeback:             0 kB
AnonPages:        462824 kB
Mapped:           210312 kB
Shmem:               940 kB
Slab:              42396 kB
SReclaimable:      15100 kB
SUnreclaim:        27296 kB
KernelStack:        9960 kB
PageTables:        15944 kB
NFS_Unstable:          0 kB
Bounce:                0 kB
WritebackTmp:          0 kB
CommitLimit:     1496840 kB
Committed_AS:   22477736 kB
VmallocTotal:     458752 kB
VmallocUsed:       86308 kB
VmallocChunk:     214044 kB
Time pass: 65 sec

---2015-12-05 01:40:17
MemTotal:        1420824 kB
MemFree:           41612 kB
Buffers:            7192 kB
Cached:           664308 kB
SwapCached:            0 kB
Active:           500312 kB
Inactive:         639104 kB
Active(anon):     318804 kB
Inactive(anon):   150396 kB
Active(file):     181508 kB
Inactive(file):   488708 kB
Unevictable:         292 kB
Mlocked:               0 kB
HighTotal:       1001472 kB
HighFree:           7196 kB
LowTotal:         419352 kB
LowFree:           34416 kB
SwapTotal:        786428 kB
SwapFree:         786428 kB
Dirty:               148 kB
Writeback:             0 kB
AnonPages:        468360 kB
Mapped:           212884 kB
Shmem:               940 kB
Slab:              42588 kB
SReclaimable:      15092 kB
SUnreclaim:        27496 kB
KernelStack:       10024 kB
PageTables:        15964 kB
NFS_Unstable:          0 kB
Bounce:                0 kB
WritebackTmp:          0 kB
CommitLimit:     1496840 kB
Committed_AS:   22489812 kB
VmallocTotal:     458752 kB
VmallocUsed:       86340 kB
VmallocChunk:     214044 kB
Time pass: 69 sec

---2015-12-05 01:40:17
MemTotal:        1420824 kB
MemFree:           39460 kB
Buffers:            7216 kB
Cached:           665032 kB
SwapCached:            0 kB
Active:           503684 kB
Inactive:         639820 kB
Active(anon):     322144 kB
Inactive(anon):   150396 kB
Active(file):     181540 kB
Inactive(file):   489424 kB
Unevictable:         292 kB
Mlocked:               0 kB
HighTotal:       1001472 kB
HighFree:           5032 kB
LowTotal:         419352 kB
LowFree:           34428 kB
SwapTotal:        786428 kB
SwapFree:         786428 kB
Dirty:                88 kB
Writeback:             0 kB
AnonPages:        471764 kB
Mapped:           212880 kB
Shmem:               940 kB
Slab:              42492 kB
SReclaimable:      15100 kB
SUnreclaim:        27392 kB
KernelStack:       10016 kB
PageTables:        15972 kB
NFS_Unstable:          0 kB
Bounce:                0 kB
WritebackTmp:          0 kB
CommitLimit:     1496840 kB
Committed_AS:   22492564 kB
VmallocTotal:     458752 kB
VmallocUsed:       86308 kB
VmallocChunk:     214044 kB
Time pass: 75 sec

---2015-12-05 01:40:17
MemTotal:        1420824 kB
MemFree:           38520 kB
Buffers:            7208 kB
Cached:           633804 kB
SwapCached:            0 kB
Active:           434888 kB
Inactive:         681696 kB
Active(anon):     240496 kB
Inactive(anon):   236516 kB
Active(file):     194392 kB
Inactive(file):   445180 kB
Unevictable:         292 kB
Mlocked:               0 kB
HighTotal:       1001472 kB
HighFree:           6784 kB
LowTotal:         419352 kB
LowFree:           31736 kB
SwapTotal:        786428 kB
SwapFree:         786428 kB
Dirty:                44 kB
Writeback:             0 kB
AnonPages:        475996 kB
Mapped:           212404 kB
Shmem:              1096 kB
Slab:              42944 kB
SReclaimable:      15160 kB
SUnreclaim:        27784 kB
KernelStack:       10160 kB
PageTables:        16176 kB
NFS_Unstable:          0 kB
Bounce:                0 kB
WritebackTmp:          0 kB
CommitLimit:     1496840 kB
Committed_AS:   22508036 kB
VmallocTotal:     458752 kB
VmallocUsed:       88776 kB
VmallocChunk:     214044 kB
Time pass: 79 sec

---2015-12-05 01:40:17
MemTotal:        1420824 kB
MemFree:           38876 kB
Buffers:            7208 kB
Cached:           631256 kB
SwapCached:            0 kB
Active:           434240 kB
Inactive:         681788 kB
Active(anon):     239504 kB
Inactive(anon):   239516 kB
Active(file):     194736 kB
Inactive(file):   442272 kB
Unevictable:         292 kB
Mlocked:               0 kB
HighTotal:       1001472 kB
HighFree:           6684 kB
LowTotal:         419352 kB
LowFree:           32192 kB
SwapTotal:        786428 kB
SwapFree:         786428 kB
Dirty:                 4 kB
Writeback:             0 kB
AnonPages:        477916 kB
Mapped:           212508 kB
Shmem:              1164 kB
Slab:              43068 kB
SReclaimable:      15164 kB
SUnreclaim:        27904 kB
KernelStack:       10128 kB
PageTables:        16160 kB
NFS_Unstable:          0 kB
Bounce:                0 kB
WritebackTmp:          0 kB
CommitLimit:     1496840 kB
Committed_AS:   22510200 kB
VmallocTotal:     458752 kB
VmallocUsed:       88776 kB
VmallocChunk:     214044 kB
Time pass: 84 sec

---2015-12-05 01:40:17
MemTotal:        1420824 kB
MemFree:           39304 kB
Buffers:            7232 kB
Cached:           628416 kB
SwapCached:            0 kB
Active:           436716 kB
Inactive:         679044 kB
Active(anon):     241032 kB
Inactive(anon):   240572 kB
Active(file):     195684 kB
Inactive(file):   438472 kB
Unevictable:         292 kB
Mlocked:               0 kB
HighTotal:       1001472 kB
HighFree:           6272 kB
LowTotal:         419352 kB
LowFree:           33032 kB
SwapTotal:        786428 kB
SwapFree:         786428 kB
Dirty:                 0 kB
Writeback:             0 kB
AnonPages:        480552 kB
Mapped:           212544 kB
Shmem:              1200 kB
Slab:              42972 kB
SReclaimable:      15188 kB
SUnreclaim:        27784 kB
KernelStack:       10112 kB
PageTables:        16156 kB
NFS_Unstable:          0 kB
Bounce:                0 kB
WritebackTmp:          0 kB
CommitLimit:     1496840 kB
Committed_AS:   22511612 kB
VmallocTotal:     458752 kB
VmallocUsed:       88776 kB
VmallocChunk:     214044 kB
Time pass: 90 sec

---2015-12-05 01:40:17
MemTotal:        1420824 kB
MemFree:           37276 kB
Buffers:            7256 kB
Cached:           623648 kB
SwapCached:            0 kB
Active:           439356 kB
Inactive:         673304 kB
Active(anon):     241780 kB
Inactive(anon):   241468 kB
Active(file):     197576 kB
Inactive(file):   431836 kB
Unevictable:         292 kB
Mlocked:               0 kB
HighTotal:       1001472 kB
HighFree:           5872 kB
LowTotal:         419352 kB
LowFree:           31404 kB
SwapTotal:        786428 kB
SwapFree:         786428 kB
Dirty:                40 kB
Writeback:             0 kB
AnonPages:        482144 kB
Mapped:           212600 kB
Shmem:              1200 kB
Slab:              43128 kB
SReclaimable:      15208 kB
SUnreclaim:        27920 kB
KernelStack:       10112 kB
PageTables:        16120 kB
NFS_Unstable:          0 kB
Bounce:                0 kB
WritebackTmp:          0 kB
CommitLimit:     1496840 kB
Committed_AS:   22512360 kB
VmallocTotal:     458752 kB
VmallocUsed:       88808 kB
VmallocChunk:     214044 kB
Time pass: 94 sec

---2015-12-05 01:40:17
MemTotal:        1420824 kB
MemFree:           37980 kB
Buffers:            7256 kB
Cached:           620556 kB
SwapCached:            0 kB
Active:           440584 kB
Inactive:         671332 kB
Active(anon):     242984 kB
Inactive(anon):   242620 kB
Active(file):     197600 kB
Inactive(file):   428712 kB
Unevictable:         292 kB
Mlocked:               0 kB
HighTotal:       1001472 kB
HighFree:           6380 kB
LowTotal:         419352 kB
LowFree:           31600 kB
SwapTotal:        786428 kB
SwapFree:         786428 kB
Dirty:                36 kB
Writeback:             0 kB
AnonPages:        484612 kB
Mapped:           212644 kB
Shmem:              1208 kB
Slab:              43092 kB
SReclaimable:      15220 kB
SUnreclaim:        27872 kB
KernelStack:       10112 kB
PageTables:        16160 kB
NFS_Unstable:          0 kB
Bounce:                0 kB
WritebackTmp:          0 kB
CommitLimit:     1496840 kB
Committed_AS:   22514548 kB
VmallocTotal:     458752 kB
VmallocUsed:       88808 kB
VmallocChunk:     214044 kB
Time pass: 101 sec

---2015-12-05 01:40:17
MemTotal:        1420824 kB
MemFree:          183868 kB
Buffers:            7288 kB
Cached:           612428 kB
SwapCached:            0 kB
Active:           372496 kB
Inactive:         664176 kB
Active(anon):     174236 kB
Inactive(anon):   243848 kB
Active(file):     198260 kB
Inactive(file):   420328 kB
Unevictable:         292 kB
Mlocked:               0 kB
HighTotal:       1001472 kB
HighFree:          58736 kB
LowTotal:         419352 kB
LowFree:          125132 kB
SwapTotal:        786428 kB
SwapFree:         786428 kB
Dirty:               160 kB
Writeback:             8 kB
AnonPages:        417208 kB
Mapped:           173308 kB
Shmem:               816 kB
Slab:              42968 kB
SReclaimable:      15180 kB
SUnreclaim:        27788 kB
KernelStack:        9336 kB
PageTables:        14988 kB
NFS_Unstable:          0 kB
Bounce:                0 kB
WritebackTmp:          0 kB
CommitLimit:     1496840 kB
Committed_AS:   21523448 kB
VmallocTotal:     458752 kB
VmallocUsed:       83908 kB
VmallocChunk:     214044 kB
Time pass: 105 sec

---2015-12-05 01:40:17
MemTotal:        1420824 kB
MemFree:          182812 kB
Buffers:            7288 kB
Cached:           612432 kB
SwapCached:            0 kB
Active:           373488 kB
Inactive:         664152 kB
Active(anon):     175224 kB
Inactive(anon):   243792 kB
Active(file):     198264 kB
Inactive(file):   420360 kB
Unevictable:         292 kB
Mlocked:               0 kB
HighTotal:       1001472 kB
HighFree:          57624 kB
LowTotal:         419352 kB
LowFree:          125188 kB
SwapTotal:        786428 kB
SwapFree:         786428 kB
Dirty:                 0 kB
Writeback:             0 kB
AnonPages:        418380 kB
Mapped:           173252 kB
Shmem:               804 kB
Slab:              42864 kB
SReclaimable:      15180 kB
SUnreclaim:        27684 kB
KernelStack:        9344 kB
PageTables:        15016 kB
NFS_Unstable:          0 kB
Bounce:                0 kB
WritebackTmp:          0 kB
CommitLimit:     1496840 kB
Committed_AS:   21533792 kB
VmallocTotal:     458752 kB
VmallocUsed:       83940 kB
VmallocChunk:     214044 kB
Time pass: 109 sec

---2015-12-05 01:40:17
MemTotal:        1420824 kB
MemFree:          147728 kB
Buffers:            7452 kB
Cached:           612824 kB
SwapCached:            0 kB
Active:           393436 kB
Inactive:         664196 kB
Active(anon):     194660 kB
Inactive(anon):   243924 kB
Active(file):     198776 kB
Inactive(file):   420272 kB
Unevictable:         292 kB
Mlocked:               0 kB
HighTotal:       1001472 kB
HighFree:          23504 kB
LowTotal:         419352 kB
LowFree:          124224 kB
SwapTotal:        786428 kB
SwapFree:         786428 kB
Dirty:               168 kB
Writeback:             0 kB
AnonPages:        437676 kB
Mapped:           196928 kB
Shmem:               936 kB
Slab:              43008 kB
SReclaimable:      15168 kB
SUnreclaim:        27840 kB
KernelStack:        9784 kB
PageTables:        15540 kB
NFS_Unstable:          0 kB
Bounce:                0 kB
WritebackTmp:          0 kB
CommitLimit:     1496840 kB
Committed_AS:   22026500 kB
VmallocTotal:     458752 kB
VmallocUsed:       85192 kB
VmallocChunk:     214044 kB
Time pass: 112 sec

---2015-12-05 01:40:17
MemTotal:        1420824 kB
MemFree:          123572 kB
Buffers:            7492 kB
Cached:           613168 kB
SwapCached:            0 kB
Active:           406200 kB
Inactive:         664508 kB
Active(anon):     207356 kB
Inactive(anon):   243924 kB
Active(file):     198844 kB
Inactive(file):   420584 kB
Unevictable:         292 kB
Mlocked:               0 kB
HighTotal:       1001472 kB
HighFree:           6868 kB
LowTotal:         419352 kB
LowFree:          116704 kB
SwapTotal:        786428 kB
SwapFree:         786428 kB
Dirty:               672 kB
Writeback:             0 kB
AnonPages:        450324 kB
Mapped:           201040 kB
Shmem:               940 kB
Slab:              42924 kB
SReclaimable:      15168 kB
SUnreclaim:        27756 kB
KernelStack:        9880 kB
PageTables:        15628 kB
NFS_Unstable:          0 kB
Bounce:                0 kB
WritebackTmp:          0 kB
CommitLimit:     1496840 kB
Committed_AS:   22042572 kB
VmallocTotal:     458752 kB
VmallocUsed:       85188 kB
VmallocChunk:     214044 kB
Time pass: 116 sec

---2015-12-05 01:40:17
MemTotal:        1420824 kB
MemFree:          112696 kB
Buffers:            7492 kB
Cached:           613252 kB
SwapCached:            0 kB
Active:           409728 kB
Inactive:         664552 kB
Active(anon):     210844 kB
Inactive(anon):   243928 kB
Active(file):     198884 kB
Inactive(file):   420624 kB
Unevictable:         292 kB
Mlocked:               0 kB
HighTotal:       1001472 kB
HighFree:           5272 kB
LowTotal:         419352 kB
LowFree:          107424 kB
SwapTotal:        786428 kB
SwapFree:         786428 kB
Dirty:               132 kB
Writeback:             0 kB
AnonPages:        453944 kB
Mapped:           202036 kB
Shmem:               944 kB
Slab:              42892 kB
SReclaimable:      15168 kB
SUnreclaim:        27724 kB
KernelStack:        9888 kB
PageTables:        15648 kB
NFS_Unstable:          0 kB
Bounce:                0 kB
WritebackTmp:          0 kB
CommitLimit:     1496840 kB
Committed_AS:   22045624 kB
VmallocTotal:     458752 kB
VmallocUsed:       85200 kB
VmallocChunk:     214044 kB
Time pass: 119 sec

---2015-12-05 01:40:17
MemTotal:        1420824 kB
MemFree:           88084 kB
Buffers:            7544 kB
Cached:           614200 kB
SwapCached:            0 kB
Active:           417172 kB
Inactive:         663904 kB
Active(anon):     216636 kB
Inactive(anon):   243928 kB
Active(file):     200536 kB
Inactive(file):   419976 kB
Unevictable:         292 kB
Mlocked:               0 kB
HighTotal:       1001472 kB
HighFree:           5032 kB
LowTotal:         419352 kB
LowFree:           83052 kB
SwapTotal:        786428 kB
SwapFree:         786428 kB
Dirty:              1064 kB
Writeback:             0 kB
AnonPages:        459760 kB
Mapped:           206408 kB
Shmem:               944 kB
Slab:              42800 kB
SReclaimable:      15168 kB
SUnreclaim:        27632 kB
KernelStack:        9888 kB
PageTables:        15696 kB
NFS_Unstable:          0 kB
Bounce:                0 kB
WritebackTmp:          0 kB
CommitLimit:     1496840 kB
Committed_AS:   22051476 kB
VmallocTotal:     458752 kB
VmallocUsed:       85280 kB
VmallocChunk:     214044 kB
Time pass: 122 sec

---2015-12-05 01:40:17
MemTotal:        1420824 kB
MemFree:           82280 kB
Buffers:            7544 kB
Cached:           614228 kB
SwapCached:            0 kB
Active:           416208 kB
Inactive:         663792 kB
Active(anon):     215536 kB
Inactive(anon):   243928 kB
Active(file):     200672 kB
Inactive(file):   419864 kB
Unevictable:         292 kB
Mlocked:               0 kB
HighTotal:       1001472 kB
HighFree:           5832 kB
LowTotal:         419352 kB
LowFree:           76448 kB
SwapTotal:        786428 kB
SwapFree:         786428 kB
Dirty:              1104 kB
Writeback:             0 kB
AnonPages:        458520 kB
Mapped:           207692 kB
Shmem:               944 kB
Slab:              42856 kB
SReclaimable:      15168 kB
SUnreclaim:        27688 kB
KernelStack:        9888 kB
PageTables:        15720 kB
NFS_Unstable:          0 kB
Bounce:                0 kB
WritebackTmp:          0 kB
CommitLimit:     1496840 kB
Committed_AS:   22050140 kB
VmallocTotal:     458752 kB
VmallocUsed:       85220 kB
VmallocChunk:     214044 kB
Time pass: 126 sec

---2015-12-05 01:40:17
MemTotal:        1420824 kB
MemFree:           69892 kB
Buffers:            7556 kB
Cached:           614284 kB
SwapCached:            0 kB
Active:           421588 kB
Inactive:         663836 kB
Active(anon):     220892 kB
Inactive(anon):   243928 kB
Active(file):     200696 kB
Inactive(file):   419908 kB
Unevictable:         292 kB
Mlocked:               0 kB
HighTotal:       1001472 kB
HighFree:           5432 kB
LowTotal:         419352 kB
LowFree:           64460 kB
SwapTotal:        786428 kB
SwapFree:         786428 kB
Dirty:               512 kB
Writeback:             0 kB
AnonPages:        463908 kB
Mapped:           209376 kB
Shmem:               944 kB
Slab:              42780 kB
SReclaimable:      15168 kB
SUnreclaim:        27612 kB
KernelStack:        9872 kB
PageTables:        15716 kB
NFS_Unstable:          0 kB
Bounce:                0 kB
WritebackTmp:          0 kB
CommitLimit:     1496840 kB
Committed_AS:   22055116 kB
VmallocTotal:     458752 kB
VmallocUsed:       85264 kB
VmallocChunk:     214044 kB
Time pass: 129 sec

---2015-12-05 01:40:17
MemTotal:        1420824 kB
MemFree:           70156 kB
Buffers:            7564 kB
Cached:           614284 kB
SwapCached:            0 kB
Active:           421652 kB
Inactive:         663844 kB
Active(anon):     220956 kB
Inactive(anon):   243928 kB
Active(file):     200696 kB
Inactive(file):   419916 kB
Unevictable:         292 kB
Mlocked:               0 kB
HighTotal:       1001472 kB
HighFree:           5780 kB
LowTotal:         419352 kB
LowFree:           64376 kB
SwapTotal:        786428 kB
SwapFree:         786428 kB
Dirty:                84 kB
Writeback:             0 kB
AnonPages:        463940 kB
Mapped:           209420 kB
Shmem:               944 kB
Slab:              42748 kB
SReclaimable:      15168 kB
SUnreclaim:        27580 kB
KernelStack:        9888 kB
PageTables:        15732 kB
NFS_Unstable:          0 kB
Bounce:                0 kB
WritebackTmp:          0 kB
CommitLimit:     1496840 kB
Committed_AS:   22055116 kB
VmallocTotal:     458752 kB
VmallocUsed:       85232 kB
VmallocChunk:     214044 kB
Time pass: 133 sec

---2015-12-05 01:40:17
MemTotal:        1420824 kB
MemFree:           69796 kB
Buffers:            7564 kB
Cached:           614284 kB
SwapCached:            0 kB
Active:           421672 kB
Inactive:         663844 kB
Active(anon):     220976 kB
Inactive(anon):   243928 kB
Active(file):     200696 kB
Inactive(file):   419916 kB
Unevictable:         292 kB
Mlocked:               0 kB
HighTotal:       1001472 kB
HighFree:           5532 kB
LowTotal:         419352 kB
LowFree:           64264 kB
SwapTotal:        786428 kB
SwapFree:         786428 kB
Dirty:                84 kB
Writeback:             0 kB
AnonPages:        463960 kB
Mapped:           209436 kB
Shmem:               944 kB
Slab:              42872 kB
SReclaimable:      15168 kB
SUnreclaim:        27704 kB
KernelStack:        9888 kB
PageTables:        15728 kB
NFS_Unstable:          0 kB
Bounce:                0 kB
WritebackTmp:          0 kB
CommitLimit:     1496840 kB
Committed_AS:   22055116 kB
VmallocTotal:     458752 kB
VmallocUsed:       85232 kB
VmallocChunk:     214044 kB
Time pass: 136 sec

---2015-12-05 01:40:17
MemTotal:        1420824 kB
MemFree:           57544 kB
Buffers:            7660 kB
Cached:           614720 kB
SwapCached:            0 kB
Active:           430132 kB
Inactive:         663276 kB
Active(anon):     228452 kB
Inactive(anon):   244084 kB
Active(file):     201680 kB
Inactive(file):   419192 kB
Unevictable:         292 kB
Mlocked:               0 kB
HighTotal:       1001472 kB
HighFree:           5060 kB
LowTotal:         419352 kB
LowFree:           52484 kB
SwapTotal:        786428 kB
SwapFree:         786428 kB
Dirty:                 8 kB
Writeback:             0 kB
AnonPages:        471512 kB
Mapped:           211812 kB
Shmem:              1104 kB
Slab:              43132 kB
SReclaimable:      15168 kB
SUnreclaim:        27964 kB
KernelStack:       10112 kB
PageTables:        15928 kB
NFS_Unstable:          0 kB
Bounce:                0 kB
WritebackTmp:          0 kB
CommitLimit:     1496840 kB
Committed_AS:   22080664 kB
VmallocTotal:     458752 kB
VmallocUsed:       87764 kB
VmallocChunk:     214044 kB
Time pass: 140 sec

---2015-12-05 01:40:17
MemTotal:        1420824 kB
MemFree:           44764 kB
Buffers:            7676 kB
Cached:           614804 kB
SwapCached:            0 kB
Active:           434040 kB
Inactive:         663484 kB
Active(anon):     232356 kB
Inactive(anon):   244180 kB
Active(file):     201684 kB
Inactive(file):   419304 kB
Unevictable:         292 kB
Mlocked:               0 kB
HighTotal:       1001472 kB
HighFree:           5096 kB
LowTotal:         419352 kB
LowFree:           39668 kB
SwapTotal:        786428 kB
SwapFree:         786428 kB
Dirty:                44 kB
Writeback:             0 kB
AnonPages:        475388 kB
Mapped:           210468 kB
Shmem:              1200 kB
Slab:              43300 kB
SReclaimable:      15176 kB
SUnreclaim:        28124 kB
KernelStack:       10096 kB
PageTables:        15964 kB
NFS_Unstable:          0 kB
Bounce:                0 kB
WritebackTmp:          0 kB
CommitLimit:     1496840 kB
Committed_AS:   22084096 kB
VmallocTotal:     458752 kB
VmallocUsed:       87764 kB
VmallocChunk:     214044 kB
Time pass: 145 sec

---2015-12-05 01:40:17
MemTotal:        1420824 kB
MemFree:           43880 kB
Buffers:            7700 kB
Cached:           614920 kB
SwapCached:            0 kB
Active:           435752 kB
Inactive:         663624 kB
Active(anon):     234068 kB
Inactive(anon):   244296 kB
Active(file):     201684 kB
Inactive(file):   419328 kB
Unevictable:         292 kB
Mlocked:               0 kB
HighTotal:       1001472 kB
HighFree:           5024 kB
LowTotal:         419352 kB
LowFree:           38856 kB
SwapTotal:        786428 kB
SwapFree:         786428 kB
Dirty:                 0 kB
Writeback:             0 kB
AnonPages:        477160 kB
Mapped:           210500 kB
Shmem:              1316 kB
Slab:              43116 kB
SReclaimable:      15176 kB
SUnreclaim:        27940 kB
KernelStack:       10096 kB
PageTables:        15968 kB
NFS_Unstable:          0 kB
Bounce:                0 kB
WritebackTmp:          0 kB
CommitLimit:     1496840 kB
Committed_AS:   22085368 kB
VmallocTotal:     458752 kB
VmallocUsed:       87732 kB
VmallocChunk:     214044 kB
Time pass: 150 sec

---2015-12-05 01:40:17
MemTotal:        1420824 kB
MemFree:           42856 kB
Buffers:            7724 kB
Cached:           614904 kB
SwapCached:            0 kB
Active:           437468 kB
Inactive:         663632 kB
Active(anon):     235784 kB
Inactive(anon):   244296 kB
Active(file):     201684 kB
Inactive(file):   419336 kB
Unevictable:         292 kB
Mlocked:               0 kB
HighTotal:       1001472 kB
HighFree:           5144 kB
LowTotal:         419352 kB
LowFree:           37712 kB
SwapTotal:        786428 kB
SwapFree:         786428 kB
Dirty:                 0 kB
Writeback:             0 kB
AnonPages:        478808 kB
Mapped:           210460 kB
Shmem:              1316 kB
Slab:              43172 kB
SReclaimable:      15176 kB
SUnreclaim:        27996 kB
KernelStack:       10096 kB
PageTables:        15952 kB
NFS_Unstable:          0 kB
Bounce:                0 kB
WritebackTmp:          0 kB
CommitLimit:     1496840 kB
Committed_AS:   22086588 kB
VmallocTotal:     458752 kB
VmallocUsed:       87732 kB
VmallocChunk:     214044 kB
Time pass: 154 sec

---2015-12-05 01:40:17
MemTotal:        1420824 kB
MemFree:           41300 kB
Buffers:            7724 kB
Cached:           614936 kB
SwapCached:            0 kB
Active:           438916 kB
Inactive:         663664 kB
Active(anon):     237232 kB
Inactive(anon):   244312 kB
Active(file):     201684 kB
Inactive(file):   419352 kB
Unevictable:         292 kB
Mlocked:               0 kB
HighTotal:       1001472 kB
HighFree:           5144 kB
LowTotal:         419352 kB
LowFree:           36156 kB
SwapTotal:        786428 kB
SwapFree:         786428 kB
Dirty:                36 kB
Writeback:             0 kB
AnonPages:        480272 kB
Mapped:           210480 kB
Shmem:              1332 kB
Slab:              43144 kB
SReclaimable:      15176 kB
SUnreclaim:        27968 kB
KernelStack:       10080 kB
PageTables:        15960 kB
NFS_Unstable:          0 kB
Bounce:                0 kB
WritebackTmp:          0 kB
CommitLimit:     1496840 kB
Committed_AS:   22088316 kB
VmallocTotal:     458752 kB
VmallocUsed:       87732 kB
VmallocChunk:     214044 kB
Time pass: 159 sec

---2015-12-05 01:40:17
MemTotal:        1420824 kB
MemFree:           41476 kB
Buffers:            7748 kB
Cached:           611880 kB
SwapCached:            0 kB
Active:           437564 kB
Inactive:         663960 kB
Active(anon):     235880 kB
Inactive(anon):   247640 kB
Active(file):     201684 kB
Inactive(file):   416320 kB
Unevictable:         292 kB
Mlocked:               0 kB
HighTotal:       1001472 kB
HighFree:           6236 kB
LowTotal:         419352 kB
LowFree:           35240 kB
SwapTotal:        786428 kB
SwapFree:         786428 kB
Dirty:                36 kB
Writeback:             0 kB
AnonPages:        482128 kB
Mapped:           210520 kB
Shmem:              1332 kB
Slab:              43148 kB
SReclaimable:      15180 kB
SUnreclaim:        27968 kB
KernelStack:       10096 kB
PageTables:        15976 kB
NFS_Unstable:          0 kB
Bounce:                0 kB
WritebackTmp:          0 kB
CommitLimit:     1496840 kB
Committed_AS:   22090264 kB
VmallocTotal:     458752 kB
VmallocUsed:       87732 kB
VmallocChunk:     214044 kB
Time pass: 163 sec

---2015-12-05 01:40:17
MemTotal:        1420824 kB
MemFree:           41256 kB
Buffers:            7792 kB
Cached:           609044 kB
SwapCached:            0 kB
Active:           439940 kB
Inactive:         661528 kB
Active(anon):     237592 kB
Inactive(anon):   248664 kB
Active(file):     202348 kB
Inactive(file):   412864 kB
Unevictable:         292 kB
Mlocked:               0 kB
HighTotal:       1001472 kB
HighFree:           6740 kB
LowTotal:         419352 kB
LowFree:           34516 kB
SwapTotal:        786428 kB
SwapFree:         786428 kB
Dirty:                80 kB
Writeback:             0 kB
AnonPages:        484828 kB
Mapped:           210520 kB
Shmem:              1332 kB
Slab:              43140 kB
SReclaimable:      15176 kB
SUnreclaim:        27964 kB
KernelStack:       10096 kB
PageTables:        15984 kB
NFS_Unstable:          0 kB
Bounce:                0 kB
WritebackTmp:          0 kB
CommitLimit:     1496840 kB
Committed_AS:   22092008 kB
VmallocTotal:     458752 kB
VmallocUsed:       87732 kB
VmallocChunk:     214044 kB
Time pass: 169 sec

---2015-12-05 01:40:17
MemTotal:        1420824 kB
MemFree:           42620 kB
Buffers:            7816 kB
Cached:           609044 kB
SwapCached:            0 kB
Active:           438304 kB
Inactive:         661544 kB
Active(anon):     235956 kB
Inactive(anon):   248656 kB
Active(file):     202348 kB
Inactive(file):   412888 kB
Unevictable:         292 kB
Mlocked:               0 kB
HighTotal:       1001472 kB
HighFree:           5664 kB
LowTotal:         419352 kB
LowFree:           36956 kB
SwapTotal:        786428 kB
SwapFree:         786428 kB
Dirty:                44 kB
Writeback:             0 kB
AnonPages:        483288 kB
Mapped:           210480 kB
Shmem:              1332 kB
Slab:              43236 kB
SReclaimable:      15180 kB
SUnreclaim:        28056 kB
KernelStack:       10064 kB
PageTables:        15964 kB
NFS_Unstable:          0 kB
Bounce:                0 kB
WritebackTmp:          0 kB
CommitLimit:     1496840 kB
Committed_AS:   22092588 kB
VmallocTotal:     458752 kB
VmallocUsed:       87732 kB
VmallocChunk:     214044 kB
Time pass: 174 sec

---2015-12-05 01:40:17
MemTotal:        1420824 kB
MemFree:           43072 kB
Buffers:            7816 kB
Cached:           609056 kB
SwapCached:            0 kB
Active:           437796 kB
Inactive:         661556 kB
Active(anon):     235448 kB
Inactive(anon):   248668 kB
Active(file):     202348 kB
Inactive(file):   412888 kB
Unevictable:         292 kB
Mlocked:               0 kB
HighTotal:       1001472 kB
HighFree:           5080 kB
LowTotal:         419352 kB
LowFree:           37992 kB
SwapTotal:        786428 kB
SwapFree:         786428 kB
Dirty:                44 kB
Writeback:             0 kB
AnonPages:        482812 kB
Mapped:           210532 kB
Shmem:              1344 kB
Slab:              43256 kB
SReclaimable:      15176 kB
SUnreclaim:        28080 kB
KernelStack:       10064 kB
PageTables:        15980 kB
NFS_Unstable:          0 kB
Bounce:                0 kB
WritebackTmp:          0 kB
CommitLimit:     1496840 kB
Committed_AS:   22091892 kB
VmallocTotal:     458752 kB
VmallocUsed:       87732 kB
VmallocChunk:     214044 kB
Time pass: 178 sec

---2015-12-05 01:40:17
MemTotal:        1420824 kB
MemFree:           45472 kB
Buffers:            7840 kB
Cached:           609056 kB
SwapCached:            0 kB
Active:           438072 kB
Inactive:         661580 kB
Active(anon):     235724 kB
Inactive(anon):   248668 kB
Active(file):     202348 kB
Inactive(file):   412912 kB
Unevictable:         292 kB
Mlocked:               0 kB
HighTotal:       1001472 kB
HighFree:           8072 kB
LowTotal:         419352 kB
LowFree:           37400 kB
SwapTotal:        786428 kB
SwapFree:         786428 kB
Dirty:                36 kB
Writeback:             0 kB
AnonPages:        483132 kB
Mapped:           209900 kB
Shmem:              1344 kB
Slab:              43376 kB
SReclaimable:      15192 kB
SUnreclaim:        28184 kB
KernelStack:       10072 kB
PageTables:        15984 kB
NFS_Unstable:          0 kB
Bounce:                0 kB
WritebackTmp:          0 kB
CommitLimit:     1496840 kB
Committed_AS:   22092708 kB
VmallocTotal:     458752 kB
VmallocUsed:       87764 kB
VmallocChunk:     214044 kB
Time pass: 182 sec

---2015-12-05 01:40:17
MemTotal:        1420824 kB
MemFree:           45608 kB
Buffers:            7864 kB
Cached:           609056 kB
SwapCached:            0 kB
Active:           438796 kB
Inactive:         661524 kB
Active(anon):     236448 kB
Inactive(anon):   248588 kB
Active(file):     202348 kB
Inactive(file):   412936 kB
Unevictable:         292 kB
Mlocked:               0 kB
HighTotal:       1001472 kB
HighFree:           7228 kB
LowTotal:         419352 kB
LowFree:           38380 kB
SwapTotal:        786428 kB
SwapFree:         786428 kB
Dirty:                36 kB
Writeback:            32 kB
AnonPages:        483780 kB
Mapped:           209764 kB
Shmem:              1344 kB
Slab:              43296 kB
SReclaimable:      15192 kB
SUnreclaim:        28104 kB
KernelStack:       10024 kB
PageTables:        15960 kB
NFS_Unstable:          0 kB
Bounce:                0 kB
WritebackTmp:          0 kB
CommitLimit:     1496840 kB
Committed_AS:   22093240 kB
VmallocTotal:     458752 kB
VmallocUsed:       87732 kB
VmallocChunk:     214044 kB
Time pass: 187 sec

---2015-12-05 01:40:17
MemTotal:        1420824 kB
MemFree:           45764 kB
Buffers:            7888 kB
Cached:           609040 kB
SwapCached:            0 kB
Active:           437984 kB
Inactive:         661524 kB
Active(anon):     235636 kB
Inactive(anon):   248588 kB
Active(file):     202348 kB
Inactive(file):   412936 kB
Unevictable:         292 kB
Mlocked:               0 kB
HighTotal:       1001472 kB
HighFree:           5652 kB
LowTotal:         419352 kB
LowFree:           40112 kB
SwapTotal:        786428 kB
SwapFree:         786428 kB
Dirty:                28 kB
Writeback:             0 kB
AnonPages:        483100 kB
Mapped:           209812 kB
Shmem:              1344 kB
Slab:              43312 kB
SReclaimable:      15192 kB
SUnreclaim:        28120 kB
KernelStack:       10024 kB
PageTables:        15964 kB
NFS_Unstable:          0 kB
Bounce:                0 kB
WritebackTmp:          0 kB
CommitLimit:     1496840 kB
Committed_AS:   22091628 kB
VmallocTotal:     458752 kB
VmallocUsed:       87764 kB
VmallocChunk:     214044 kB
Time pass: 192 sec

---2015-12-05 01:40:17
MemTotal:        1420824 kB
MemFree:           45756 kB
Buffers:            7888 kB
Cached:           609056 kB
SwapCached:            0 kB
Active:           438972 kB
Inactive:         661548 kB
Active(anon):     236624 kB
Inactive(anon):   248588 kB
Active(file):     202348 kB
Inactive(file):   412960 kB
Unevictable:         292 kB
Mlocked:               0 kB
HighTotal:       1001472 kB
HighFree:           5056 kB
LowTotal:         419352 kB
LowFree:           40700 kB
SwapTotal:        786428 kB
SwapFree:         786428 kB
Dirty:                36 kB
Writeback:             0 kB
AnonPages:        483916 kB
Mapped:           209804 kB
Shmem:              1344 kB
Slab:              43348 kB
SReclaimable:      15192 kB
SUnreclaim:        28156 kB
KernelStack:       10040 kB
PageTables:        15980 kB
NFS_Unstable:          0 kB
Bounce:                0 kB
WritebackTmp:          0 kB
CommitLimit:     1496840 kB
Committed_AS:   22092720 kB
VmallocTotal:     458752 kB
VmallocUsed:       87732 kB
VmallocChunk:     214044 kB
Time pass: 196 sec

---2015-12-05 01:40:17
MemTotal:        1420824 kB
MemFree:           46568 kB
Buffers:            7912 kB
Cached:           609056 kB
SwapCached:            0 kB
Active:           438644 kB
Inactive:         661568 kB
Active(anon):     236292 kB
Inactive(anon):   248588 kB
Active(file):     202352 kB
Inactive(file):   412980 kB
Unevictable:         292 kB
Mlocked:               0 kB
HighTotal:       1001472 kB
HighFree:           6204 kB
LowTotal:         419352 kB
LowFree:           40364 kB
SwapTotal:        786428 kB
SwapFree:         786428 kB
Dirty:                40 kB
Writeback:             0 kB
AnonPages:        483600 kB
Mapped:           209816 kB
Shmem:              1344 kB
Slab:              43372 kB
SReclaimable:      15192 kB
SUnreclaim:        28180 kB
KernelStack:       10040 kB
PageTables:        15980 kB
NFS_Unstable:          0 kB
Bounce:                0 kB
WritebackTmp:          0 kB
CommitLimit:     1496840 kB
Committed_AS:   22093060 kB
VmallocTotal:     458752 kB
VmallocUsed:       87732 kB
VmallocChunk:     214044 kB
Time pass: 201 sec

---2015-12-05 01:40:17
MemTotal:        1420824 kB
MemFree:           47220 kB
Buffers:            7920 kB
Cached:           609056 kB
SwapCached:            0 kB
Active:           437332 kB
Inactive:         661568 kB
Active(anon):     234980 kB
Inactive(anon):   248588 kB
Active(file):     202352 kB
Inactive(file):   412980 kB
Unevictable:         292 kB
Mlocked:               0 kB
HighTotal:       1001472 kB
HighFree:           6752 kB
LowTotal:         419352 kB
LowFree:           40468 kB
SwapTotal:        786428 kB
SwapFree:         786428 kB
Dirty:                36 kB
Writeback:             0 kB
AnonPages:        482368 kB
Mapped:           209780 kB
Shmem:              1344 kB
Slab:              43276 kB
SReclaimable:      15200 kB
SUnreclaim:        28076 kB
KernelStack:       10016 kB
PageTables:        15964 kB
NFS_Unstable:          0 kB
Bounce:                0 kB
WritebackTmp:          0 kB
CommitLimit:     1496840 kB
Committed_AS:   22091752 kB
VmallocTotal:     458752 kB
VmallocUsed:       87732 kB
VmallocChunk:     214044 kB
Time pass: 205 sec

---2015-12-05 01:40:17
MemTotal:        1420824 kB
MemFree:           46596 kB
Buffers:            7936 kB
Cached:           609056 kB
SwapCached:            0 kB
Active:           438512 kB
Inactive:         661592 kB
Active(anon):     236160 kB
Inactive(anon):   248588 kB
Active(file):     202352 kB
Inactive(file):   413004 kB
Unevictable:         292 kB
Mlocked:               0 kB
HighTotal:       1001472 kB
HighFree:           6032 kB
LowTotal:         419352 kB
LowFree:           40564 kB
SwapTotal:        786428 kB
SwapFree:         786428 kB
Dirty:                 0 kB
Writeback:             0 kB
AnonPages:        483376 kB
Mapped:           209780 kB
Shmem:              1344 kB
Slab:              43272 kB
SReclaimable:      15204 kB
SUnreclaim:        28068 kB
KernelStack:       10016 kB
PageTables:        15968 kB
NFS_Unstable:          0 kB
Bounce:                0 kB
WritebackTmp:          0 kB
CommitLimit:     1496840 kB
Committed_AS:   22092888 kB
VmallocTotal:     458752 kB
VmallocUsed:       87732 kB
VmallocChunk:     214044 kB
Time pass: 209 sec

---2015-12-05 01:40:17
MemTotal:        1420824 kB
MemFree:           45664 kB
Buffers:            7944 kB
Cached:           609048 kB
SwapCached:            0 kB
Active:           438904 kB
Inactive:         661592 kB
Active(anon):     236552 kB
Inactive(anon):   248588 kB
Active(file):     202352 kB
Inactive(file):   413004 kB
Unevictable:         292 kB
Mlocked:               0 kB
HighTotal:       1001472 kB
HighFree:           5140 kB
LowTotal:         419352 kB
LowFree:           40524 kB
SwapTotal:        786428 kB
SwapFree:         786428 kB
Dirty:                 0 kB
Writeback:             0 kB
AnonPages:        483772 kB
Mapped:           209820 kB
Shmem:              1344 kB
Slab:              43420 kB
SReclaimable:      15204 kB
SUnreclaim:        28216 kB
KernelStack:       10032 kB
PageTables:        15984 kB
NFS_Unstable:          0 kB
Bounce:                0 kB
WritebackTmp:          0 kB
CommitLimit:     1496840 kB
Committed_AS:   22093264 kB
VmallocTotal:     458752 kB
VmallocUsed:       87732 kB
VmallocChunk:     214044 kB
Time pass: 212 sec

---2015-12-05 01:40:17
MemTotal:        1420824 kB
MemFree:           45844 kB
Buffers:            7960 kB
Cached:           609056 kB
SwapCached:            0 kB
Active:           439624 kB
Inactive:         661616 kB
Active(anon):     237272 kB
Inactive(anon):   248588 kB
Active(file):     202352 kB
Inactive(file):   413028 kB
Unevictable:         292 kB
Mlocked:               0 kB
HighTotal:       1001472 kB
HighFree:           5060 kB
LowTotal:         419352 kB
LowFree:           40784 kB
SwapTotal:        786428 kB
SwapFree:         786428 kB
Dirty:                36 kB
Writeback:             0 kB
AnonPages:        484572 kB
Mapped:           209820 kB
Shmem:              1344 kB
Slab:              43328 kB
SReclaimable:      15204 kB
SUnreclaim:        28124 kB
KernelStack:       10016 kB
PageTables:        15964 kB
NFS_Unstable:          0 kB
Bounce:                0 kB
WritebackTmp:          0 kB
CommitLimit:     1496840 kB
Committed_AS:   22093636 kB
VmallocTotal:     458752 kB
VmallocUsed:       87764 kB
VmallocChunk:     214044 kB
Time pass: 216 sec

---2015-12-05 01:40:17
MemTotal:        1420824 kB
MemFree:           43976 kB
Buffers:            7984 kB
Cached:           609068 kB
SwapCached:            0 kB
Active:           440248 kB
Inactive:         661652 kB
Active(anon):     237896 kB
Inactive(anon):   248600 kB
Active(file):     202352 kB
Inactive(file):   413052 kB
Unevictable:         292 kB
Mlocked:               0 kB
HighTotal:       1001472 kB
HighFree:           5116 kB
LowTotal:         419352 kB
LowFree:           38860 kB
SwapTotal:        786428 kB
SwapFree:         786428 kB
Dirty:                36 kB
Writeback:             0 kB
AnonPages:        485112 kB
Mapped:           209784 kB
Shmem:              1356 kB
Slab:              43332 kB
SReclaimable:      15204 kB
SUnreclaim:        28128 kB
KernelStack:       10016 kB
PageTables:        15964 kB
NFS_Unstable:          0 kB
Bounce:                0 kB
WritebackTmp:          0 kB
CommitLimit:     1496840 kB
Committed_AS:   22093716 kB
VmallocTotal:     458752 kB
VmallocUsed:       87732 kB
VmallocChunk:     214044 kB
Time pass: 220 sec

---2015-12-05 01:40:17
MemTotal:        1420824 kB
MemFree:           44596 kB
Buffers:            7992 kB
Cached:           609068 kB
SwapCached:            0 kB
Active:           440224 kB
Inactive:         661660 kB
Active(anon):     237872 kB
Inactive(anon):   248608 kB
Active(file):     202352 kB
Inactive(file):   413052 kB
Unevictable:         292 kB
Mlocked:               0 kB
HighTotal:       1001472 kB
HighFree:           5804 kB
LowTotal:         419352 kB
LowFree:           38792 kB
SwapTotal:        786428 kB
SwapFree:         786428 kB
Dirty:                 0 kB
Writeback:             0 kB
AnonPages:        485176 kB
Mapped:           209840 kB
Shmem:              1364 kB
Slab:              43352 kB
SReclaimable:      15204 kB
SUnreclaim:        28148 kB
KernelStack:       10016 kB
PageTables:        15964 kB
NFS_Unstable:          0 kB
Bounce:                0 kB
WritebackTmp:          0 kB
CommitLimit:     1496840 kB
Committed_AS:   22093812 kB
VmallocTotal:     458752 kB
VmallocUsed:       87764 kB
VmallocChunk:     214044 kB
Time pass: 224 sec

---2015-12-05 01:40:17
MemTotal:        1420824 kB
MemFree:           44008 kB
Buffers:            8008 kB
Cached:           609076 kB
SwapCached:            0 kB
Active:           440568 kB
Inactive:         661684 kB
Active(anon):     238216 kB
Inactive(anon):   248608 kB
Active(file):     202352 kB
Inactive(file):   413076 kB
Unevictable:         292 kB
Mlocked:               0 kB
HighTotal:       1001472 kB
HighFree:           5204 kB
LowTotal:         419352 kB
LowFree:           38804 kB
SwapTotal:        786428 kB
SwapFree:         786428 kB
Dirty:                36 kB
Writeback:             0 kB
AnonPages:        485460 kB
Mapped:           209792 kB
Shmem:              1364 kB
Slab:              43308 kB
SReclaimable:      15204 kB
SUnreclaim:        28104 kB
KernelStack:       10016 kB
PageTables:        15964 kB
NFS_Unstable:          0 kB
Bounce:                0 kB
WritebackTmp:          0 kB
CommitLimit:     1496840 kB
Committed_AS:   22093816 kB
VmallocTotal:     458752 kB
VmallocUsed:       87732 kB
VmallocChunk:     214044 kB
Time pass: 229 sec

---2015-12-05 01:40:17
MemTotal:        1420824 kB
MemFree:           45952 kB
Buffers:            8016 kB
Cached:           609076 kB
SwapCached:            0 kB
Active:           439524 kB
Inactive:         661692 kB
Active(anon):     237172 kB
Inactive(anon):   248608 kB
Active(file):     202352 kB
Inactive(file):   413084 kB
Unevictable:         292 kB
Mlocked:               0 kB
HighTotal:       1001472 kB
HighFree:           5644 kB
LowTotal:         419352 kB
LowFree:           40308 kB
SwapTotal:        786428 kB
SwapFree:         786428 kB
Dirty:                52 kB
Writeback:             0 kB
AnonPages:        484588 kB
Mapped:           209792 kB
Shmem:              1364 kB
Slab:              43324 kB
SReclaimable:      15204 kB
SUnreclaim:        28120 kB
KernelStack:       10024 kB
PageTables:        15956 kB
NFS_Unstable:          0 kB
Bounce:                0 kB
WritebackTmp:          0 kB
CommitLimit:     1496840 kB
Committed_AS:   22093824 kB
VmallocTotal:     458752 kB
VmallocUsed:       87732 kB
VmallocChunk:     214044 kB
Time pass: 232 sec

---2015-12-05 01:40:17
MemTotal:        1420824 kB
MemFree:           45576 kB
Buffers:            8032 kB
Cached:           609076 kB
SwapCached:            0 kB
Active:           438852 kB
Inactive:         661708 kB
Active(anon):     236500 kB
Inactive(anon):   248608 kB
Active(file):     202352 kB
Inactive(file):   413100 kB
Unevictable:         292 kB
Mlocked:               0 kB
HighTotal:       1001472 kB
HighFree:           5604 kB
LowTotal:         419352 kB
LowFree:           39972 kB
SwapTotal:        786428 kB
SwapFree:         786428 kB
Dirty:                 0 kB
Writeback:             0 kB
AnonPages:        483716 kB
Mapped:           209832 kB
Shmem:              1364 kB
Slab:              43248 kB
SReclaimable:      15204 kB
SUnreclaim:        28044 kB
KernelStack:       10040 kB
PageTables:        15980 kB
NFS_Unstable:          0 kB
Bounce:                0 kB
WritebackTmp:          0 kB
CommitLimit:     1496840 kB
Committed_AS:   22092732 kB
VmallocTotal:     458752 kB
VmallocUsed:       87732 kB
VmallocChunk:     214044 kB
Time pass: 237 sec

---2015-12-05 01:40:17
MemTotal:        1420824 kB
MemFree:           45044 kB
Buffers:            8056 kB
Cached:           609076 kB
SwapCached:            0 kB
Active:           438928 kB
Inactive:         661732 kB
Active(anon):     236576 kB
Inactive(anon):   248608 kB
Active(file):     202352 kB
Inactive(file):   413124 kB
Unevictable:         292 kB
Mlocked:               0 kB
HighTotal:       1001472 kB
HighFree:           5316 kB
LowTotal:         419352 kB
LowFree:           39728 kB
SwapTotal:        786428 kB
SwapFree:         786428 kB
Dirty:                36 kB
Writeback:             0 kB
AnonPages:        483888 kB
Mapped:           209880 kB
Shmem:              1364 kB
Slab:              43416 kB
SReclaimable:      15204 kB
SUnreclaim:        28212 kB
KernelStack:       10040 kB
PageTables:        15984 kB
NFS_Unstable:          0 kB
Bounce:                0 kB
WritebackTmp:          0 kB
CommitLimit:     1496840 kB
Committed_AS:   22092628 kB
VmallocTotal:     458752 kB
VmallocUsed:       87764 kB
VmallocChunk:     214044 kB
Time pass: 240 sec

---2015-12-05 01:40:17
MemTotal:        1420824 kB
MemFree:           44864 kB
Buffers:            8056 kB
Cached:           609076 kB
SwapCached:            0 kB
Active:           439140 kB
Inactive:         661732 kB
Active(anon):     236788 kB
Inactive(anon):   248608 kB
Active(file):     202352 kB
Inactive(file):   413124 kB
Unevictable:         292 kB
Mlocked:               0 kB
HighTotal:       1001472 kB
HighFree:           5280 kB
LowTotal:         419352 kB
LowFree:           39584 kB
SwapTotal:        786428 kB
SwapFree:         786428 kB
Dirty:                36 kB
Writeback:             0 kB
AnonPages:        483972 kB
Mapped:           209828 kB
Shmem:              1364 kB
Slab:              43328 kB
SReclaimable:      15204 kB
SUnreclaim:        28124 kB
KernelStack:       10032 kB
PageTables:        15984 kB
NFS_Unstable:          0 kB
Bounce:                0 kB
WritebackTmp:          0 kB
CommitLimit:     1496840 kB
Committed_AS:   22092784 kB
VmallocTotal:     458752 kB
VmallocUsed:       87732 kB
VmallocChunk:     214044 kB
Time pass: 243 sec

---2015-12-05 01:40:17
MemTotal:        1420824 kB
MemFree:           45416 kB
Buffers:            8080 kB
Cached:           609076 kB
SwapCached:            0 kB
Active:           439352 kB
Inactive:         661756 kB
Active(anon):     237000 kB
Inactive(anon):   248608 kB
Active(file):     202352 kB
Inactive(file):   413148 kB
Unevictable:         292 kB
Mlocked:               0 kB
HighTotal:       1001472 kB
HighFree:           5436 kB
LowTotal:         419352 kB
LowFree:           39980 kB
SwapTotal:        786428 kB
SwapFree:         786428 kB
Dirty:                32 kB
Writeback:             0 kB
AnonPages:        484216 kB
Mapped:           209820 kB
Shmem:              1364 kB
Slab:              43372 kB
SReclaimable:      15204 kB
SUnreclaim:        28168 kB
KernelStack:       10032 kB
PageTables:        15984 kB
NFS_Unstable:          0 kB
Bounce:                0 kB
WritebackTmp:          0 kB
CommitLimit:     1496840 kB
Committed_AS:   22092632 kB
VmallocTotal:     458752 kB
VmallocUsed:       87732 kB
VmallocChunk:     214044 kB
Time pass: 247 sec

---2015-12-05 01:40:17
MemTotal:        1420824 kB
MemFree:           43936 kB
Buffers:            8096 kB
Cached:           609076 kB
SwapCached:            0 kB
Active:           439988 kB
Inactive:         661772 kB
Active(anon):     237636 kB
Inactive(anon):   248608 kB
Active(file):     202352 kB
Inactive(file):   413164 kB
Unevictable:         292 kB
Mlocked:               0 kB
HighTotal:       1001472 kB
HighFree:           5104 kB
LowTotal:         419352 kB
LowFree:           38832 kB
SwapTotal:        786428 kB
SwapFree:         786428 kB
Dirty:                36 kB
Writeback:             0 kB
AnonPages:        484780 kB
Mapped:           209816 kB
Shmem:              1364 kB
Slab:              43320 kB
SReclaimable:      15200 kB
SUnreclaim:        28120 kB
KernelStack:       10032 kB
PageTables:        15984 kB
NFS_Unstable:          0 kB
Bounce:                0 kB
WritebackTmp:          0 kB
CommitLimit:     1496840 kB
Committed_AS:   22092796 kB
VmallocTotal:     458752 kB
VmallocUsed:       87732 kB
VmallocChunk:     214044 kB
Time pass: 251 sec

---2015-12-05 01:40:17
MemTotal:        1420824 kB
MemFree:           44580 kB
Buffers:            8096 kB
Cached:           609076 kB
SwapCached:            0 kB
Active:           439840 kB
Inactive:         661772 kB
Active(anon):     237488 kB
Inactive(anon):   248608 kB
Active(file):     202352 kB
Inactive(file):   413164 kB
Unevictable:         292 kB
Mlocked:               0 kB
HighTotal:       1001472 kB
HighFree:           6080 kB
LowTotal:         419352 kB
LowFree:           38500 kB
SwapTotal:        786428 kB
SwapFree:         786428 kB
Dirty:                 0 kB
Writeback:             0 kB
AnonPages:        484776 kB
Mapped:           209864 kB
Shmem:              1364 kB
Slab:              43340 kB
SReclaimable:      15200 kB
SUnreclaim:        28140 kB
KernelStack:       10048 kB
PageTables:        15984 kB
NFS_Unstable:          0 kB
Bounce:                0 kB
WritebackTmp:          0 kB
CommitLimit:     1496840 kB
Committed_AS:   22092764 kB
VmallocTotal:     458752 kB
VmallocUsed:       87764 kB
VmallocChunk:     214044 kB
Time pass: 254 sec

---2015-12-05 01:40:17
MemTotal:        1420824 kB
MemFree:           44628 kB
Buffers:            8104 kB
Cached:           609076 kB
SwapCached:            0 kB
Active:           440100 kB
Inactive:         661780 kB
Active(anon):     237748 kB
Inactive(anon):   248608 kB
Active(file):     202352 kB
Inactive(file):   413172 kB
Unevictable:         292 kB
Mlocked:               0 kB
HighTotal:       1001472 kB
HighFree:           6128 kB
LowTotal:         419352 kB
LowFree:           38500 kB
SwapTotal:        786428 kB
SwapFree:         786428 kB
Dirty:                 0 kB
Writeback:             0 kB
AnonPages:        485208 kB
Mapped:           209816 kB
Shmem:              1364 kB
Slab:              43328 kB
SReclaimable:      15200 kB
SUnreclaim:        28128 kB
KernelStack:       10048 kB
PageTables:        15984 kB
NFS_Unstable:          0 kB
Bounce:                0 kB
WritebackTmp:          0 kB
CommitLimit:     1496840 kB
Committed_AS:   22093904 kB
VmallocTotal:     458752 kB
VmallocUsed:       87732 kB
VmallocChunk:     214044 kB
Time pass: 258 sec

---2015-12-05 01:40:17
MemTotal:        1420824 kB
MemFree:           44228 kB
Buffers:            8120 kB
Cached:           609076 kB
SwapCached:            0 kB
Active:           440336 kB
Inactive:         661796 kB
Active(anon):     237984 kB
Inactive(anon):   248608 kB
Active(file):     202352 kB
Inactive(file):   413188 kB
Unevictable:         292 kB
Mlocked:               0 kB
HighTotal:       1001472 kB
HighFree:           5572 kB
LowTotal:         419352 kB
LowFree:           38656 kB
SwapTotal:        786428 kB
SwapFree:         786428 kB
Dirty:                36 kB
Writeback:             0 kB
AnonPages:        485244 kB
Mapped:           209820 kB
Shmem:              1364 kB
Slab:              43296 kB
SReclaimable:      15200 kB
SUnreclaim:        28096 kB
KernelStack:       10032 kB
PageTables:        15984 kB
NFS_Unstable:          0 kB
Bounce:                0 kB
WritebackTmp:          0 kB
CommitLimit:     1496840 kB
Committed_AS:   22092900 kB
VmallocTotal:     458752 kB
VmallocUsed:       87732 kB
VmallocChunk:     214044 kB
Time pass: 261 sec

---2015-12-05 01:40:17
MemTotal:        1420824 kB
MemFree:           44696 kB
Buffers:            8128 kB
Cached:           609080 kB
SwapCached:            0 kB
Active:           439216 kB
Inactive:         661800 kB
Active(anon):     236864 kB
Inactive(anon):   248612 kB
Active(file):     202352 kB
Inactive(file):   413188 kB
Unevictable:         292 kB
Mlocked:               0 kB
HighTotal:       1001472 kB
HighFree:           6004 kB
LowTotal:         419352 kB
LowFree:           38692 kB
SwapTotal:        786428 kB
SwapFree:         786428 kB
Dirty:                32 kB
Writeback:             0 kB
AnonPages:        484108 kB
Mapped:           209724 kB
Shmem:              1368 kB
Slab:              43288 kB
SReclaimable:      15200 kB
SUnreclaim:        28088 kB
KernelStack:       10032 kB
PageTables:        15984 kB
NFS_Unstable:          0 kB
Bounce:                0 kB
WritebackTmp:          0 kB
CommitLimit:     1496840 kB
Committed_AS:   22092920 kB
VmallocTotal:     458752 kB
VmallocUsed:       87764 kB
VmallocChunk:     214044 kB
Time pass: 265 sec

---2015-12-05 01:40:17
MemTotal:        1420824 kB
MemFree:           44896 kB
Buffers:            8144 kB
Cached:           609092 kB
SwapCached:            0 kB
Active:           439396 kB
Inactive:         661836 kB
Active(anon):     237044 kB
Inactive(anon):   248624 kB
Active(file):     202352 kB
Inactive(file):   413212 kB
Unevictable:         292 kB
Mlocked:               0 kB
HighTotal:       1001472 kB
HighFree:           5984 kB
LowTotal:         419352 kB
LowFree:           38912 kB
SwapTotal:        786428 kB
SwapFree:         786428 kB
Dirty:                40 kB
Writeback:             0 kB
AnonPages:        484240 kB
Mapped:           209884 kB
Shmem:              1380 kB
Slab:              43408 kB
SReclaimable:      15200 kB
SUnreclaim:        28208 kB
KernelStack:       10032 kB
PageTables:        15984 kB
NFS_Unstable:          0 kB
Bounce:                0 kB
WritebackTmp:          0 kB
CommitLimit:     1496840 kB
Committed_AS:   22092860 kB
VmallocTotal:     458752 kB
VmallocUsed:       87764 kB
VmallocChunk:     214044 kB
Time pass: 269 sec

---2015-12-05 01:40:17
MemTotal:        1420824 kB
MemFree:           44844 kB
Buffers:            8152 kB
Cached:           609084 kB
SwapCached:            0 kB
Active:           439328 kB
Inactive:         661836 kB
Active(anon):     236976 kB
Inactive(anon):   248624 kB
Active(file):     202352 kB
Inactive(file):   413212 kB
Unevictable:         292 kB
Mlocked:               0 kB
HighTotal:       1001472 kB
HighFree:           5980 kB
LowTotal:         419352 kB
LowFree:           38864 kB
SwapTotal:        786428 kB
SwapFree:         786428 kB
Dirty:                 0 kB
Writeback:             0 kB
AnonPages:        484224 kB
Mapped:           209836 kB
Shmem:              1380 kB
Slab:              43296 kB
SReclaimable:      15200 kB
SUnreclaim:        28096 kB
KernelStack:       10032 kB
PageTables:        15984 kB
NFS_Unstable:          0 kB
Bounce:                0 kB
WritebackTmp:          0 kB
CommitLimit:     1496840 kB
Committed_AS:   22092880 kB
VmallocTotal:     458752 kB
VmallocUsed:       87732 kB
VmallocChunk:     214044 kB
Time pass: 272 sec

---2015-12-05 01:40:17
MemTotal:        1420824 kB
MemFree:           45172 kB
Buffers:            8168 kB
Cached:           609092 kB
SwapCached:            0 kB
Active:           439776 kB
Inactive:         661840 kB
Active(anon):     237404 kB
Inactive(anon):   248624 kB
Active(file):     202372 kB
Inactive(file):   413216 kB
Unevictable:         292 kB
Mlocked:               0 kB
HighTotal:       1001472 kB
HighFree:           6140 kB
LowTotal:         419352 kB
LowFree:           39032 kB
SwapTotal:        786428 kB
SwapFree:         786428 kB
Dirty:                44 kB
Writeback:             0 kB
AnonPages:        484688 kB
Mapped:           209836 kB
Shmem:              1380 kB
Slab:              43244 kB
SReclaimable:      15200 kB
SUnreclaim:        28044 kB
KernelStack:       10032 kB
PageTables:        15984 kB
NFS_Unstable:          0 kB
Bounce:                0 kB
WritebackTmp:          0 kB
CommitLimit:     1496840 kB
Committed_AS:   22092836 kB
VmallocTotal:     458752 kB
VmallocUsed:       87732 kB
VmallocChunk:     214044 kB
Time pass: 275 sec

---2015-12-05 01:40:17
MemTotal:        1420824 kB
MemFree:           44684 kB
Buffers:            8168 kB
Cached:           609092 kB
SwapCached:            0 kB
Active:           439788 kB
Inactive:         661840 kB
Active(anon):     237416 kB
Inactive(anon):   248624 kB
Active(file):     202372 kB
Inactive(file):   413216 kB
Unevictable:         292 kB
Mlocked:               0 kB
HighTotal:       1001472 kB
HighFree:           5132 kB
LowTotal:         419352 kB
LowFree:           39552 kB
SwapTotal:        786428 kB
SwapFree:         786428 kB
Dirty:                 0 kB
Writeback:             0 kB
AnonPages:        484648 kB
Mapped:           209836 kB
Shmem:              1380 kB
Slab:              43184 kB
SReclaimable:      15200 kB
SUnreclaim:        27984 kB
KernelStack:       10032 kB
PageTables:        15984 kB
NFS_Unstable:          0 kB
Bounce:                0 kB
WritebackTmp:          0 kB
CommitLimit:     1496840 kB
Committed_AS:   22092908 kB
VmallocTotal:     458752 kB
VmallocUsed:       87732 kB
VmallocChunk:     214044 kB
Time pass: 279 sec

---2015-12-05 01:40:17
MemTotal:        1420824 kB
MemFree:           44372 kB
Buffers:            8192 kB
Cached:           609092 kB
SwapCached:            0 kB
Active:           440180 kB
Inactive:         661864 kB
Active(anon):     237808 kB
Inactive(anon):   248624 kB
Active(file):     202372 kB
Inactive(file):   413240 kB
Unevictable:         292 kB
Mlocked:               0 kB
HighTotal:       1001472 kB
HighFree:           5032 kB
LowTotal:         419352 kB
LowFree:           39340 kB
SwapTotal:        786428 kB
SwapFree:         786428 kB
Dirty:                36 kB
Writeback:             0 kB
AnonPages:        485084 kB
Mapped:           209836 kB
Shmem:              1380 kB
Slab:              43256 kB
SReclaimable:      15200 kB
SUnreclaim:        28056 kB
KernelStack:       10032 kB
PageTables:        15984 kB
NFS_Unstable:          0 kB
Bounce:                0 kB
WritebackTmp:          0 kB
CommitLimit:     1496840 kB
Committed_AS:   22092888 kB
VmallocTotal:     458752 kB
VmallocUsed:       87732 kB
VmallocChunk:     214044 kB
Time pass: 282 sec

---2015-12-05 01:40:17
MemTotal:        1420824 kB
MemFree:           43832 kB
Buffers:            8192 kB
Cached:           609092 kB
SwapCached:            0 kB
Active:           440660 kB
Inactive:         661864 kB
Active(anon):     238288 kB
Inactive(anon):   248624 kB
Active(file):     202372 kB
Inactive(file):   413240 kB
Unevictable:         292 kB
Mlocked:               0 kB
HighTotal:       1001472 kB
HighFree:           5132 kB
LowTotal:         419352 kB
LowFree:           38700 kB
SwapTotal:        786428 kB
SwapFree:         786428 kB
Dirty:                 0 kB
Writeback:             0 kB
AnonPages:        485628 kB
Mapped:           209836 kB
Shmem:              1380 kB
Slab:              43472 kB
SReclaimable:      15200 kB
SUnreclaim:        28272 kB
KernelStack:       10040 kB
PageTables:        15984 kB
NFS_Unstable:          0 kB
Bounce:                0 kB
WritebackTmp:          0 kB
CommitLimit:     1496840 kB
Committed_AS:   22093984 kB
VmallocTotal:     458752 kB
VmallocUsed:       87732 kB
VmallocChunk:     214044 kB
Time pass: 286 sec

---2015-12-05 01:40:17
MemTotal:        1420824 kB
MemFree:           43400 kB
Buffers:            8208 kB
Cached:           609084 kB
SwapCached:            0 kB
Active:           441524 kB
Inactive:         661872 kB
Active(anon):     239152 kB
Inactive(anon):   248624 kB
Active(file):     202372 kB
Inactive(file):   413248 kB
Unevictable:         292 kB
Mlocked:               0 kB
HighTotal:       1001472 kB
HighFree:           5028 kB
LowTotal:         419352 kB
LowFree:           38372 kB
SwapTotal:        786428 kB
SwapFree:         786428 kB
Dirty:                28 kB
Writeback:             0 kB
AnonPages:        486416 kB
Mapped:           209884 kB
Shmem:              1380 kB
Slab:              43312 kB
SReclaimable:      15200 kB
SUnreclaim:        28112 kB
KernelStack:       10048 kB
PageTables:        15984 kB
NFS_Unstable:          0 kB
Bounce:                0 kB
WritebackTmp:          0 kB
CommitLimit:     1496840 kB
Committed_AS:   22094104 kB
VmallocTotal:     458752 kB
VmallocUsed:       87764 kB
VmallocChunk:     214044 kB
Time pass: 289 sec

---2015-12-05 01:40:17
MemTotal:        1420824 kB
MemFree:           44448 kB
Buffers:            8216 kB
Cached:           609092 kB
SwapCached:            0 kB
Active:           440424 kB
Inactive:         661888 kB
Active(anon):     238052 kB
Inactive(anon):   248624 kB
Active(file):     202372 kB
Inactive(file):   413264 kB
Unevictable:         292 kB
Mlocked:               0 kB
HighTotal:       1001472 kB
HighFree:           6420 kB
LowTotal:         419352 kB
LowFree:           38028 kB
SwapTotal:        786428 kB
SwapFree:         786428 kB
Dirty:                 0 kB
Writeback:             0 kB
AnonPages:        485340 kB
Mapped:           209836 kB
Shmem:              1380 kB
Slab:              43356 kB
SReclaimable:      15200 kB
SUnreclaim:        28156 kB
KernelStack:       10024 kB
PageTables:        15968 kB
NFS_Unstable:          0 kB
Bounce:                0 kB
WritebackTmp:          0 kB
CommitLimit:     1496840 kB
Committed_AS:   22092816 kB
VmallocTotal:     458752 kB
VmallocUsed:       87732 kB
VmallocChunk:     214044 kB
Time pass: 293 sec

---2015-12-05 01:40:17
MemTotal:        1420824 kB
MemFree:           45112 kB
Buffers:            8224 kB
Cached:           609092 kB
SwapCached:            0 kB
Active:           439252 kB
Inactive:         661896 kB
Active(anon):     236880 kB
Inactive(anon):   248624 kB
Active(file):     202372 kB
Inactive(file):   413272 kB
Unevictable:         292 kB
Mlocked:               0 kB
HighTotal:       1001472 kB
HighFree:           6840 kB
LowTotal:         419352 kB
LowFree:           38272 kB
SwapTotal:        786428 kB
SwapFree:         786428 kB
Dirty:                28 kB
Writeback:             0 kB
AnonPages:        484164 kB
Mapped:           209836 kB
Shmem:              1380 kB
Slab:              43384 kB
SReclaimable:      15200 kB
SUnreclaim:        28184 kB
KernelStack:       10024 kB
PageTables:        15980 kB
NFS_Unstable:          0 kB
Bounce:                0 kB
WritebackTmp:          0 kB
CommitLimit:     1496840 kB
Committed_AS:   22092696 kB
VmallocTotal:     458752 kB
VmallocUsed:       87732 kB
VmallocChunk:     214044 kB
Time pass: 296 sec

---2015-12-05 01:40:17
MemTotal:        1420824 kB
MemFree:           45180 kB
Buffers:            8240 kB
Cached:           609092 kB
SwapCached:            0 kB
Active:           439216 kB
Inactive:         661912 kB
Active(anon):     236844 kB
Inactive(anon):   248624 kB
Active(file):     202372 kB
Inactive(file):   413288 kB
Unevictable:         292 kB
Mlocked:               0 kB
HighTotal:       1001472 kB
HighFree:           6852 kB
LowTotal:         419352 kB
LowFree:           38328 kB
SwapTotal:        786428 kB
SwapFree:         786428 kB
Dirty:                40 kB
Writeback:             0 kB
AnonPages:        484160 kB
Mapped:           209836 kB
Shmem:              1380 kB
Slab:              43360 kB
SReclaimable:      15196 kB
SUnreclaim:        28164 kB
KernelStack:       10024 kB
PageTables:        15976 kB
NFS_Unstable:          0 kB
Bounce:                0 kB
WritebackTmp:          0 kB
CommitLimit:     1496840 kB
Committed_AS:   22092704 kB
VmallocTotal:     458752 kB
VmallocUsed:       87732 kB
VmallocChunk:     214044 kB
Time pass: 300 sec

---2015-12-05 01:40:17
MemTotal:        1420824 kB
MemFree:           44864 kB
Buffers:            8248 kB
Cached:           609084 kB
SwapCached:            0 kB
Active:           439328 kB
Inactive:         661912 kB
Active(anon):     236956 kB
Inactive(anon):   248624 kB
Active(file):     202372 kB
Inactive(file):   413288 kB
Unevictable:         292 kB
Mlocked:               0 kB
HighTotal:       1001472 kB
HighFree:           6504 kB
LowTotal:         419352 kB
LowFree:           38360 kB
SwapTotal:        786428 kB
SwapFree:         786428 kB
Dirty:                 0 kB
Writeback:             0 kB
AnonPages:        484172 kB
Mapped:           209796 kB
Shmem:              1380 kB
Slab:              43356 kB
SReclaimable:      15196 kB
SUnreclaim:        28160 kB
KernelStack:       10024 kB
PageTables:        15948 kB
NFS_Unstable:          0 kB
Bounce:                0 kB
WritebackTmp:          0 kB
CommitLimit:     1496840 kB
Committed_AS:   22092728 kB
VmallocTotal:     458752 kB
VmallocUsed:       87732 kB
VmallocChunk:     214044 kB
Time pass: 303 sec

---2015-12-05 01:40:17
MemTotal:        1420824 kB
MemFree:           44924 kB
Buffers:            8264 kB
Cached:           609092 kB
SwapCached:            0 kB
Active:           439600 kB
Inactive:         661936 kB
Active(anon):     237228 kB
Inactive(anon):   248624 kB
Active(file):     202372 kB
Inactive(file):   413312 kB
Unevictable:         292 kB
Mlocked:               0 kB
HighTotal:       1001472 kB
HighFree:           6240 kB
LowTotal:         419352 kB
LowFree:           38684 kB
SwapTotal:        786428 kB
SwapFree:         786428 kB
Dirty:                36 kB
Writeback:             0 kB
AnonPages:        484288 kB
Mapped:           209736 kB
Shmem:              1380 kB
Slab:              43528 kB
SReclaimable:      15196 kB
SUnreclaim:        28332 kB
KernelStack:       10032 kB
PageTables:        15980 kB
NFS_Unstable:          0 kB
Bounce:                0 kB
WritebackTmp:          0 kB
CommitLimit:     1496840 kB
Committed_AS:   22092752 kB
VmallocTotal:     458752 kB
VmallocUsed:       87764 kB
VmallocChunk:     214044 kB
Time pass: 307 sec

---2015-12-05 01:40:17
MemTotal:        1420824 kB
MemFree:           44224 kB
Buffers:            8264 kB
Cached:           609092 kB
SwapCached:            0 kB
Active:           439620 kB
Inactive:         661936 kB
Active(anon):     237248 kB
Inactive(anon):   248624 kB
Active(file):     202372 kB
Inactive(file):   413312 kB
Unevictable:         292 kB
Mlocked:               0 kB
HighTotal:       1001472 kB
HighFree:           5716 kB
LowTotal:         419352 kB
LowFree:           38508 kB
SwapTotal:        786428 kB
SwapFree:         786428 kB
Dirty:                 0 kB
Writeback:             0 kB
AnonPages:        484468 kB
Mapped:           209836 kB
Shmem:              1380 kB
Slab:              43528 kB
SReclaimable:      15196 kB
SUnreclaim:        28332 kB
KernelStack:       10016 kB
PageTables:        15972 kB
NFS_Unstable:          0 kB
Bounce:                0 kB
WritebackTmp:          0 kB
CommitLimit:     1496840 kB
Committed_AS:   22092796 kB
VmallocTotal:     458752 kB
VmallocUsed:       87732 kB
VmallocChunk:     214044 kB
Time pass: 310 sec

---2015-12-05 01:40:17
MemTotal:        1420824 kB
MemFree:           43480 kB
Buffers:            8288 kB
Cached:           609076 kB
SwapCached:            0 kB
Active:           440436 kB
Inactive:         661944 kB
Active(anon):     238064 kB
Inactive(anon):   248624 kB
Active(file):     202372 kB
Inactive(file):   413320 kB
Unevictable:         292 kB
Mlocked:               0 kB
HighTotal:       1001472 kB
HighFree:           5076 kB
LowTotal:         419352 kB
LowFree:           38404 kB
SwapTotal:        786428 kB
SwapFree:         786428 kB
Dirty:                28 kB
Writeback:             0 kB
AnonPages:        485436 kB
Mapped:           209736 kB
Shmem:              1380 kB
Slab:              43552 kB
SReclaimable:      15196 kB
SUnreclaim:        28356 kB
KernelStack:       10000 kB
PageTables:        15972 kB
NFS_Unstable:          0 kB
Bounce:                0 kB
WritebackTmp:          0 kB
CommitLimit:     1496840 kB
Committed_AS:   22093872 kB
VmallocTotal:     458752 kB
VmallocUsed:       87764 kB
VmallocChunk:     214044 kB
Time pass: 314 sec

---2015-12-05 01:40:17
MemTotal:        1420824 kB
MemFree:           45280 kB
Buffers:            8288 kB
Cached:           609092 kB
SwapCached:            0 kB
Active:           439852 kB
Inactive:         661960 kB
Active(anon):     237480 kB
Inactive(anon):   248624 kB
Active(file):     202372 kB
Inactive(file):   413336 kB
Unevictable:         292 kB
Mlocked:               0 kB
HighTotal:       1001472 kB
HighFree:           5144 kB
LowTotal:         419352 kB
LowFree:           40136 kB
SwapTotal:        786428 kB
SwapFree:         786428 kB
Dirty:                 0 kB
Writeback:             0 kB
AnonPages:        484780 kB
Mapped:           209836 kB
Shmem:              1380 kB
Slab:              43360 kB
SReclaimable:      15196 kB
SUnreclaim:        28164 kB
KernelStack:       10000 kB
PageTables:        15972 kB
NFS_Unstable:          0 kB
Bounce:                0 kB
WritebackTmp:          0 kB
CommitLimit:     1496840 kB
Committed_AS:   22092620 kB
VmallocTotal:     458752 kB
VmallocUsed:       87732 kB
VmallocChunk:     214044 kB
Time pass: 317 sec

---2015-12-05 01:40:17
MemTotal:        1420824 kB
MemFree:           44472 kB
Buffers:            8304 kB
Cached:           609108 kB
SwapCached:            0 kB
Active:           440392 kB
Inactive:         661992 kB
Active(anon):     238020 kB
Inactive(anon):   248640 kB
Active(file):     202372 kB
Inactive(file):   413352 kB
Unevictable:         292 kB
Mlocked:               0 kB
HighTotal:       1001472 kB
HighFree:           5160 kB
LowTotal:         419352 kB
LowFree:           39312 kB
SwapTotal:        786428 kB
SwapFree:         786428 kB
Dirty:                40 kB
Writeback:             0 kB
AnonPages:        485260 kB
Mapped:           209852 kB
Shmem:              1396 kB
Slab:              43280 kB
SReclaimable:      15196 kB
SUnreclaim:        28084 kB
KernelStack:       10000 kB
PageTables:        15972 kB
NFS_Unstable:          0 kB
Bounce:                0 kB
WritebackTmp:          0 kB
CommitLimit:     1496840 kB
Committed_AS:   22092724 kB
VmallocTotal:     458752 kB
VmallocUsed:       87732 kB
VmallocChunk:     214044 kB
Time pass: 321 sec

---2015-12-05 01:40:17
MemTotal:        1420824 kB
MemFree:           44352 kB
Buffers:            8312 kB
Cached:           609108 kB
SwapCached:            0 kB
Active:           440512 kB
Inactive:         662000 kB
Active(anon):     238140 kB
Inactive(anon):   248640 kB
Active(file):     202372 kB
Inactive(file):   413360 kB
Unevictable:         292 kB
Mlocked:               0 kB
HighTotal:       1001472 kB
HighFree:           5076 kB
LowTotal:         419352 kB
LowFree:           39276 kB
SwapTotal:        786428 kB
SwapFree:         786428 kB
Dirty:                32 kB
Writeback:             0 kB
AnonPages:        485392 kB
Mapped:           209852 kB
Shmem:              1396 kB
Slab:              43364 kB
SReclaimable:      15196 kB
SUnreclaim:        28168 kB
KernelStack:       10008 kB
PageTables:        15972 kB
NFS_Unstable:          0 kB
Bounce:                0 kB
WritebackTmp:          0 kB
CommitLimit:     1496840 kB
Committed_AS:   22092744 kB
VmallocTotal:     458752 kB
VmallocUsed:       87732 kB
VmallocChunk:     214044 kB
Time pass: 324 sec

---2015-12-05 01:40:17
MemTotal:        1420824 kB
MemFree:           44896 kB
Buffers:            8328 kB
Cached:           609116 kB
SwapCached:            0 kB
Active:           439684 kB
Inactive:         662024 kB
Active(anon):     237312 kB
Inactive(anon):   248648 kB
Active(file):     202372 kB
Inactive(file):   413376 kB
Unevictable:         292 kB
Mlocked:               0 kB
HighTotal:       1001472 kB
HighFree:           6356 kB
LowTotal:         419352 kB
LowFree:           38540 kB
SwapTotal:        786428 kB
SwapFree:         786428 kB
Dirty:                40 kB
Writeback:             0 kB
AnonPages:        484512 kB
Mapped:           209908 kB
Shmem:              1404 kB
Slab:              43308 kB
SReclaimable:      15196 kB
SUnreclaim:        28112 kB
KernelStack:       10008 kB
PageTables:        15976 kB
NFS_Unstable:          0 kB
Bounce:                0 kB
WritebackTmp:          0 kB
CommitLimit:     1496840 kB
Committed_AS:   22092832 kB
VmallocTotal:     458752 kB
VmallocUsed:       87764 kB
VmallocChunk:     214044 kB
Time pass: 328 sec

---2015-12-05 01:40:17
MemTotal:        1420824 kB
MemFree:           44440 kB
Buffers:            8336 kB
Cached:           609108 kB
SwapCached:            0 kB
Active:           439664 kB
Inactive:         662024 kB
Active(anon):     237292 kB
Inactive(anon):   248648 kB
Active(file):     202372 kB
Inactive(file):   413376 kB
Unevictable:         292 kB
Mlocked:               0 kB
HighTotal:       1001472 kB
HighFree:           6256 kB
LowTotal:         419352 kB
LowFree:           38184 kB
SwapTotal:        786428 kB
SwapFree:         786428 kB
Dirty:                 0 kB
Writeback:             0 kB
AnonPages:        484556 kB
Mapped:           209860 kB
Shmem:              1404 kB
Slab:              43440 kB
SReclaimable:      15196 kB
SUnreclaim:        28244 kB
KernelStack:       10016 kB
PageTables:        15976 kB
NFS_Unstable:          0 kB
Bounce:                0 kB
WritebackTmp:          0 kB
CommitLimit:     1496840 kB
Committed_AS:   22092812 kB
VmallocTotal:     458752 kB
VmallocUsed:       87732 kB
VmallocChunk:     214044 kB
Time pass: 331 sec

---2015-12-05 01:40:17
MemTotal:        1420824 kB
MemFree:           44512 kB
Buffers:            8352 kB
Cached:           609116 kB
SwapCached:            0 kB
Active:           439824 kB
Inactive:         662048 kB
Active(anon):     237452 kB
Inactive(anon):   248648 kB
Active(file):     202372 kB
Inactive(file):   413400 kB
Unevictable:         292 kB
Mlocked:               0 kB
HighTotal:       1001472 kB
HighFree:           6236 kB
LowTotal:         419352 kB
LowFree:           38276 kB
SwapTotal:        786428 kB
SwapFree:         786428 kB
Dirty:                36 kB
Writeback:             0 kB
AnonPages:        484768 kB
Mapped:           209860 kB
Shmem:              1404 kB
Slab:              43396 kB
SReclaimable:      15196 kB
SUnreclaim:        28200 kB
KernelStack:       10016 kB
PageTables:        15976 kB
NFS_Unstable:          0 kB
Bounce:                0 kB
WritebackTmp:          0 kB
CommitLimit:     1496840 kB
Committed_AS:   22092872 kB
VmallocTotal:     458752 kB
VmallocUsed:       87732 kB
VmallocChunk:     214044 kB
Time pass: 335 sec

---2015-12-05 01:40:17
MemTotal:        1420824 kB
MemFree:           44124 kB
Buffers:            8352 kB
Cached:           609116 kB
SwapCached:            0 kB
Active:           440012 kB
Inactive:         662048 kB
Active(anon):     237640 kB
Inactive(anon):   248648 kB
Active(file):     202372 kB
Inactive(file):   413400 kB
Unevictable:         292 kB
Mlocked:               0 kB
HighTotal:       1001472 kB
HighFree:           5960 kB
LowTotal:         419352 kB
LowFree:           38164 kB
SwapTotal:        786428 kB
SwapFree:         786428 kB
Dirty:                 0 kB
Writeback:             0 kB
AnonPages:        484868 kB
Mapped:           209872 kB
Shmem:              1404 kB
Slab:              43436 kB
SReclaimable:      15204 kB
SUnreclaim:        28232 kB
KernelStack:       10032 kB
PageTables:        15964 kB
NFS_Unstable:          0 kB
Bounce:                0 kB
WritebackTmp:          0 kB
CommitLimit:     1496840 kB
Committed_AS:   22092964 kB
VmallocTotal:     458752 kB
VmallocUsed:       87732 kB
VmallocChunk:     214044 kB
Time pass: 338 sec

---2015-12-05 01:40:17
MemTotal:        1420824 kB
MemFree:           43408 kB
Buffers:            8376 kB
Cached:           609100 kB
SwapCached:            0 kB
Active:           440668 kB
Inactive:         662056 kB
Active(anon):     238296 kB
Inactive(anon):   248648 kB
Active(file):     202372 kB
Inactive(file):   413408 kB
Unevictable:         292 kB
Mlocked:               0 kB
HighTotal:       1001472 kB
HighFree:           5456 kB
LowTotal:         419352 kB
LowFree:           37952 kB
SwapTotal:        786428 kB
SwapFree:         786428 kB
Dirty:                28 kB
Writeback:             0 kB
AnonPages:        485832 kB
Mapped:           209908 kB
Shmem:              1404 kB
Slab:              43476 kB
SReclaimable:      15204 kB
SUnreclaim:        28272 kB
KernelStack:       10024 kB
PageTables:        15976 kB
NFS_Unstable:          0 kB
Bounce:                0 kB
WritebackTmp:          0 kB
CommitLimit:     1496840 kB
Committed_AS:   22094044 kB
VmallocTotal:     458752 kB
VmallocUsed:       87764 kB
VmallocChunk:     214044 kB
Time pass: 342 sec

---2015-12-05 01:40:17
MemTotal:        1420824 kB
MemFree:           44216 kB
Buffers:            8376 kB
Cached:           609116 kB
SwapCached:            0 kB
Active:           440360 kB
Inactive:         662072 kB
Active(anon):     237988 kB
Inactive(anon):   248648 kB
Active(file):     202372 kB
Inactive(file):   413424 kB
Unevictable:         292 kB
Mlocked:               0 kB
HighTotal:       1001472 kB
HighFree:           5868 kB
LowTotal:         419352 kB
LowFree:           38348 kB
SwapTotal:        786428 kB
SwapFree:         786428 kB
Dirty:                 0 kB
Writeback:             0 kB
AnonPages:        485272 kB
Mapped:           209820 kB
