---2015-12-05 14:07:44
MemTotal:        2905316 kB
MemFree:           71936 kB
Buffers:           28896 kB
Cached:          1365624 kB
SwapCached:            0 kB
Active:          1315912 kB
Inactive:        1011580 kB
Active(anon):     798216 kB
Inactive(anon):   179248 kB
Active(file):     517696 kB
Inactive(file):   832332 kB
Unevictable:        7800 kB
Mlocked:               0 kB
SwapTotal:        720184 kB
SwapFree:         720184 kB
Dirty:               340 kB
Writeback:             0 kB
AnonPages:        940860 kB
Mapped:           562948 kB
Shmem:             36684 kB
Slab:             119880 kB
SReclaimable:      36060 kB
SUnreclaim:        83820 kB
KernelStack:       32640 kB
PageTables:        57056 kB
NFS_Unstable:          0 kB
Bounce:                0 kB
WritebackTmp:          0 kB
CommitLimit:     2172840 kB
Committed_AS:   95101076 kB
VmallocTotal:   251658176 kB
VmallocUsed:      137812 kB
VmallocChunk:   251438124 kB
Time pass: 3 sec

---2015-12-05 14:07:44
MemTotal:        2905316 kB
MemFree:           87092 kB
Buffers:           28904 kB
Cached:          1365640 kB
SwapCached:            0 kB
Active:          1301696 kB
Inactive:        1011596 kB
Active(anon):     783984 kB
Inactive(anon):   179240 kB
Active(file):     517712 kB
Inactive(file):   832356 kB
Unevictable:        7800 kB
Mlocked:               0 kB
SwapTotal:        720184 kB
SwapFree:         720184 kB
Dirty:                32 kB
Writeback:             0 kB
AnonPages:        926568 kB
Mapped:           562780 kB
Shmem:             36676 kB
Slab:             119824 kB
SReclaimable:      36092 kB
SUnreclaim:        83732 kB
KernelStack:       32496 kB
PageTables:        56684 kB
NFS_Unstable:          0 kB
Bounce:                0 kB
WritebackTmp:          0 kB
CommitLimit:     2172840 kB
Committed_AS:   93849024 kB
VmallocTotal:   251658176 kB
VmallocUsed:      136792 kB
VmallocChunk:   251438124 kB
Time pass: 8 sec

---2015-12-05 14:07:44
MemTotal:        2905316 kB
MemFree:           95156 kB
Buffers:           28912 kB
Cached:          1365648 kB
SwapCached:            0 kB
Active:          1294016 kB
Inactive:        1011584 kB
Active(anon):     776280 kB
Inactive(anon):   179240 kB
Active(file):     517736 kB
Inactive(file):   832344 kB
Unevictable:        7800 kB
Mlocked:               0 kB
SwapTotal:        720184 kB
SwapFree:         720184 kB
Dirty:                56 kB
Writeback:             0 kB
AnonPages:        918860 kB
Mapped:           562856 kB
Shmem:             36676 kB
Slab:             119720 kB
SReclaimable:      36092 kB
SUnreclaim:        83628 kB
KernelStack:       32544 kB
PageTables:        56748 kB
NFS_Unstable:          0 kB
Bounce:                0 kB
WritebackTmp:          0 kB
CommitLimit:     2172840 kB
Committed_AS:   93849228 kB
VmallocTotal:   251658176 kB
VmallocUsed:      136792 kB
VmallocChunk:   251438124 kB
Time pass: 12 sec

---2015-12-05 14:07:44
MemTotal:        2905316 kB
MemFree:           99828 kB
Buffers:           29264 kB
Cached:          1367556 kB
SwapCached:            0 kB
Active:          1291696 kB
Inactive:        1010356 kB
Active(anon):     770472 kB
Inactive(anon):   179236 kB
Active(file):     521224 kB
Inactive(file):   831120 kB
Unevictable:        7800 kB
Mlocked:               0 kB
SwapTotal:        720184 kB
SwapFree:         720184 kB
Dirty:               216 kB
Writeback:             0 kB
AnonPages:        913148 kB
Mapped:           559016 kB
Shmem:             36676 kB
Slab:             119816 kB
SReclaimable:      36092 kB
SUnreclaim:        83724 kB
KernelStack:       32512 kB
PageTables:        56004 kB
NFS_Unstable:          0 kB
Bounce:                0 kB
WritebackTmp:          0 kB
CommitLimit:     2172840 kB
Committed_AS:   92599592 kB
VmallocTotal:   251658176 kB
VmallocUsed:      135772 kB
VmallocChunk:   251438124 kB
Time pass: 15 sec

---2015-12-05 14:07:44
MemTotal:        2905316 kB
MemFree:          100696 kB
Buffers:           29172 kB
Cached:          1329440 kB
SwapCached:            0 kB
Active:          1300608 kB
Inactive:         969068 kB
Active(anon):     771968 kB
Inactive(anon):   184108 kB
Active(file):     528640 kB
Inactive(file):   784960 kB
Unevictable:        7800 kB
Mlocked:               0 kB
SwapTotal:        720184 kB
SwapFree:         720184 kB
Dirty:                16 kB
Writeback:             0 kB
AnonPages:        919756 kB
Mapped:           569600 kB
Shmem:             36676 kB
Slab:             119980 kB
SReclaimable:      36276 kB
SUnreclaim:        83704 kB
KernelStack:       32496 kB
PageTables:        56324 kB
NFS_Unstable:          0 kB
Bounce:                0 kB
WritebackTmp:          0 kB
CommitLimit:     2172840 kB
Committed_AS:   93371268 kB
VmallocTotal:   251658176 kB
VmallocUsed:      137676 kB
VmallocChunk:   251424812 kB
Time pass: 19 sec

---2015-12-05 14:07:44
MemTotal:        2905316 kB
MemFree:           69192 kB
Buffers:           29832 kB
Cached:          1242148 kB
SwapCached:            0 kB
Active:          1313372 kB
Inactive:         892380 kB
Active(anon):     779820 kB
Inactive(anon):   198568 kB
Active(file):     533552 kB
Inactive(file):   693812 kB
Unevictable:        7800 kB
Mlocked:               0 kB
SwapTotal:        720184 kB
SwapFree:         720184 kB
Dirty:               148 kB
Writeback:             0 kB
AnonPages:        941376 kB
Mapped:           622224 kB
Shmem:             36812 kB
Slab:             119764 kB
SReclaimable:      35956 kB
SUnreclaim:        83808 kB
KernelStack:       33568 kB
PageTables:        56364 kB
NFS_Unstable:          0 kB
Bounce:                0 kB
WritebackTmp:          0 kB
CommitLimit:     2172840 kB
Committed_AS:   92166468 kB
VmallocTotal:   251658176 kB
VmallocUsed:      137292 kB
VmallocChunk:   251424812 kB
Time pass: 23 sec

---2015-12-05 14:07:44
MemTotal:        2905316 kB
MemFree:          104272 kB
Buffers:           26892 kB
Cached:          1213656 kB
SwapCached:            0 kB
Active:          1296932 kB
Inactive:         849300 kB
Active(anon):     762244 kB
Inactive(anon):   184220 kB
Active(file):     534688 kB
Inactive(file):   665080 kB
Unevictable:        7800 kB
Mlocked:               0 kB
SwapTotal:        720184 kB
SwapFree:         720184 kB
Dirty:               212 kB
Writeback:             0 kB
AnonPages:        913644 kB
Mapped:           621956 kB
Shmem:             32980 kB
Slab:             119940 kB
SReclaimable:      36132 kB
SUnreclaim:        83808 kB
KernelStack:       33408 kB
PageTables:        56156 kB
NFS_Unstable:          0 kB
Bounce:                0 kB
WritebackTmp:          0 kB
CommitLimit:     2172840 kB
Committed_AS:   92130960 kB
VmallocTotal:   251658176 kB
VmallocUsed:      137540 kB
VmallocChunk:   251424812 kB
Time pass: 26 sec

---2015-12-05 14:07:44
MemTotal:        2905316 kB
MemFree:          104104 kB
Buffers:           26908 kB
Cached:          1213672 kB
SwapCached:            0 kB
Active:          1297248 kB
Inactive:         849316 kB
Active(anon):     762556 kB
Inactive(anon):   184220 kB
Active(file):     534692 kB
Inactive(file):   665096 kB
Unevictable:        7800 kB
Mlocked:               0 kB
SwapTotal:        720184 kB
SwapFree:         720184 kB
Dirty:               152 kB
Writeback:             0 kB
AnonPages:        914104 kB
Mapped:           621964 kB
Shmem:             32980 kB
Slab:             120124 kB
SReclaimable:      36164 kB
SUnreclaim:        83960 kB
KernelStack:       33440 kB
PageTables:        56156 kB
NFS_Unstable:          0 kB
Bounce:                0 kB
WritebackTmp:          0 kB
CommitLimit:     2172840 kB
Committed_AS:   92157812 kB
VmallocTotal:   251658176 kB
VmallocUsed:      137540 kB
VmallocChunk:   251424812 kB
Time pass: 30 sec

---2015-12-05 14:07:44
MemTotal:        2905316 kB
MemFree:          103576 kB
Buffers:           26916 kB
Cached:          1214276 kB
SwapCached:            0 kB
Active:          1297740 kB
Inactive:         849844 kB
Active(anon):     763028 kB
Inactive(anon):   184260 kB
Active(file):     534712 kB
Inactive(file):   665584 kB
Unevictable:        7800 kB
Mlocked:               0 kB
SwapTotal:        720184 kB
SwapFree:         720184 kB
Dirty:                88 kB
Writeback:             0 kB
AnonPages:        914444 kB
Mapped:           622612 kB
Shmem:             33040 kB
Slab:             120280 kB
SReclaimable:      36164 kB
SUnreclaim:        84116 kB
KernelStack:       33344 kB
PageTables:        56236 kB
NFS_Unstable:          0 kB
Bounce:                0 kB
WritebackTmp:          0 kB
CommitLimit:     2172840 kB
Committed_AS:   92158288 kB
VmallocTotal:   251658176 kB
VmallocUsed:      137540 kB
VmallocChunk:   251424812 kB
Time pass: 34 sec

---2015-12-05 14:07:44
MemTotal:        2905316 kB
MemFree:          102936 kB
Buffers:           26924 kB
Cached:          1214284 kB
SwapCached:            0 kB
Active:          1298260 kB
Inactive:         849908 kB
Active(anon):     763544 kB
Inactive(anon):   184260 kB
Active(file):     534716 kB
Inactive(file):   665648 kB
Unevictable:        7800 kB
Mlocked:               0 kB
SwapTotal:        720184 kB
SwapFree:         720184 kB
Dirty:                48 kB
Writeback:             0 kB
AnonPages:        914768 kB
Mapped:           622620 kB
Shmem:             33040 kB
Slab:             120072 kB
SReclaimable:      36164 kB
SUnreclaim:        83908 kB
KernelStack:       33376 kB
PageTables:        56216 kB
NFS_Unstable:          0 kB
Bounce:                0 kB
WritebackTmp:          0 kB
CommitLimit:     2172840 kB
Committed_AS:   92158264 kB
VmallocTotal:   251658176 kB
VmallocUsed:      137540 kB
VmallocChunk:   251424812 kB
Time pass: 38 sec

---2015-12-05 14:07:44
MemTotal:        2905316 kB
MemFree:          103748 kB
Buffers:           26932 kB
Cached:          1214284 kB
SwapCached:            0 kB
Active:          1297560 kB
Inactive:         849676 kB
Active(anon):     762608 kB
Inactive(anon):   184260 kB
Active(file):     534952 kB
Inactive(file):   665416 kB
Unevictable:        7800 kB
Mlocked:               0 kB
SwapTotal:        720184 kB
SwapFree:         720184 kB
Dirty:                80 kB
Writeback:             0 kB
AnonPages:        914064 kB
Mapped:           622248 kB
Shmem:             33040 kB
Slab:             120136 kB
SReclaimable:      36164 kB
SUnreclaim:        83972 kB
KernelStack:       33200 kB
PageTables:        55600 kB
NFS_Unstable:          0 kB
Bounce:                0 kB
WritebackTmp:          0 kB
CommitLimit:     2172840 kB
Committed_AS:   90909704 kB
VmallocTotal:   251658176 kB
VmallocUsed:      136520 kB
VmallocChunk:   251424812 kB
Time pass: 41 sec

---2015-12-05 14:07:44
MemTotal:        2905316 kB
MemFree:           68236 kB
Buffers:           26928 kB
Cached:          1189236 kB
SwapCached:            0 kB
Active:          1311508 kB
Inactive:         826076 kB
Active(anon):     773384 kB
Inactive(anon):   188772 kB
Active(file):     538124 kB
Inactive(file):   637304 kB
Unevictable:        7800 kB
Mlocked:               0 kB
SwapTotal:        720184 kB
SwapFree:         720184 kB
Dirty:               336 kB
Writeback:             0 kB
AnonPages:        929272 kB
Mapped:           633400 kB
Shmem:             32688 kB
Slab:             119900 kB
SReclaimable:      36080 kB
SUnreclaim:        83820 kB
KernelStack:       33232 kB
PageTables:        55868 kB
NFS_Unstable:          0 kB
Bounce:                0 kB
WritebackTmp:          0 kB
CommitLimit:     2172840 kB
Committed_AS:   90936716 kB
VmallocTotal:   251658176 kB
VmallocUsed:      136776 kB
VmallocChunk:   251424812 kB
Time pass: 45 sec

---2015-12-05 14:07:44
MemTotal:        2905316 kB
MemFree:           91848 kB
Buffers:           26864 kB
Cached:          1173296 kB
SwapCached:            0 kB
Active:          1300636 kB
Inactive:         809176 kB
Active(anon):     759576 kB
Inactive(anon):   190564 kB
Active(file):     541060 kB
Inactive(file):   618612 kB
Unevictable:        7800 kB
Mlocked:               0 kB
SwapTotal:        720184 kB
SwapFree:         720184 kB
Dirty:                68 kB
Writeback:             0 kB
AnonPages:        917620 kB
Mapped:           638996 kB
Shmem:             32688 kB
Slab:             120044 kB
SReclaimable:      36192 kB
SUnreclaim:        83852 kB
KernelStack:       33232 kB
PageTables:        55968 kB
NFS_Unstable:          0 kB
Bounce:                0 kB
WritebackTmp:          0 kB
CommitLimit:     2172840 kB
Committed_AS:   90948312 kB
VmallocTotal:   251658176 kB
VmallocUsed:      136824 kB
VmallocChunk:   251424812 kB
Time pass: 49 sec

---2015-12-05 14:07:44
MemTotal:        2905316 kB
MemFree:           64972 kB
Buffers:           26408 kB
Cached:          1141660 kB
SwapCached:            0 kB
Active:          1339140 kB
Inactive:         771352 kB
Active(anon):     788868 kB
Inactive(anon):   194144 kB
Active(file):     550272 kB
Inactive(file):   577208 kB
Unevictable:        7800 kB
Mlocked:               0 kB
SwapTotal:        720184 kB
SwapFree:         720184 kB
Dirty:               512 kB
Writeback:             0 kB
AnonPages:        950296 kB
Mapped:           677348 kB
Shmem:             32692 kB
Slab:             119956 kB
SReclaimable:      35920 kB
SUnreclaim:        84036 kB
KernelStack:       33424 kB
PageTables:        55988 kB
NFS_Unstable:          0 kB
Bounce:                0 kB
WritebackTmp:          0 kB
CommitLimit:     2172840 kB
Committed_AS:   90967132 kB
VmallocTotal:   251658176 kB
VmallocUsed:      137064 kB
VmallocChunk:   251424812 kB
Time pass: 53 sec

---2015-12-05 14:07:44
MemTotal:        2905316 kB
MemFree:           88636 kB
Buffers:           26228 kB
Cached:          1125356 kB
SwapCached:            0 kB
Active:          1323452 kB
Inactive:         755692 kB
Active(anon):     772124 kB
Inactive(anon):   195928 kB
Active(file):     551328 kB
Inactive(file):   559764 kB
Unevictable:        7800 kB
Mlocked:               0 kB
SwapTotal:        720184 kB
SwapFree:         720184 kB
Dirty:               640 kB
Writeback:             0 kB
AnonPages:        935364 kB
Mapped:           685528 kB
Shmem:             32692 kB
Slab:             119968 kB
SReclaimable:      36016 kB
SUnreclaim:        83952 kB
KernelStack:       33344 kB
PageTables:        56016 kB
NFS_Unstable:          0 kB
Bounce:                0 kB
WritebackTmp:          0 kB
CommitLimit:     2172840 kB
Committed_AS:   90955696 kB
VmallocTotal:   251658176 kB
VmallocUsed:      137136 kB
VmallocChunk:   251424812 kB
Time pass: 57 sec

---2015-12-05 14:07:44
MemTotal:        2905316 kB
MemFree:           87156 kB
Buffers:           26228 kB
Cached:          1125416 kB
SwapCached:            0 kB
Active:          1325032 kB
Inactive:         755732 kB
Active(anon):     773696 kB
Inactive(anon):   195928 kB
Active(file):     551336 kB
Inactive(file):   559804 kB
Unevictable:        7800 kB
Mlocked:               0 kB
SwapTotal:        720184 kB
SwapFree:         720184 kB
Dirty:               196 kB
Writeback:             0 kB
AnonPages:        936920 kB
Mapped:           685548 kB
Shmem:             32692 kB
Slab:             119992 kB
SReclaimable:      36016 kB
SUnreclaim:        83976 kB
KernelStack:       33296 kB
PageTables:        56016 kB
NFS_Unstable:          0 kB
Bounce:                0 kB
WritebackTmp:          0 kB
CommitLimit:     2172840 kB
Committed_AS:   90982424 kB
VmallocTotal:   251658176 kB
VmallocUsed:      137136 kB
VmallocChunk:   251424812 kB
Time pass: 61 sec

---2015-12-05 14:07:44
MemTotal:        2905316 kB
MemFree:           69800 kB
Buffers:           26236 kB
Cached:          1122932 kB
SwapCached:            0 kB
Active:          1326892 kB
Inactive:         753200 kB
Active(anon):     775512 kB
Inactive(anon):   195988 kB
Active(file):     551380 kB
Inactive(file):   557212 kB
Unevictable:        7800 kB
Mlocked:               0 kB
SwapTotal:        720184 kB
SwapFree:         720184 kB
Dirty:               200 kB
Writeback:             0 kB
AnonPages:        938960 kB
Mapped:           696804 kB
Shmem:             32752 kB
Slab:             119960 kB
SReclaimable:      35904 kB
SUnreclaim:        84056 kB
KernelStack:       33168 kB
PageTables:        56108 kB
NFS_Unstable:          0 kB
Bounce:                0 kB
WritebackTmp:          0 kB
CommitLimit:     2172840 kB
Committed_AS:   90983624 kB
VmallocTotal:   251658176 kB
VmallocUsed:      137256 kB
VmallocChunk:   251424812 kB
Time pass: 65 sec

---2015-12-05 14:07:44
MemTotal:        2905316 kB
MemFree:           68056 kB
Buffers:           27776 kB
Cached:          1122948 kB
SwapCached:            0 kB
Active:          1327196 kB
Inactive:         754712 kB
Active(anon):     775808 kB
Inactive(anon):   195988 kB
Active(file):     551388 kB
Inactive(file):   558724 kB
Unevictable:        7800 kB
Mlocked:               0 kB
SwapTotal:        720184 kB
SwapFree:         720184 kB
Dirty:                76 kB
Writeback:             0 kB
AnonPages:        939076 kB
Mapped:           696888 kB
Shmem:             32752 kB
Slab:             120184 kB
SReclaimable:      36000 kB
SUnreclaim:        84184 kB
KernelStack:       33168 kB
PageTables:        56112 kB
NFS_Unstable:          0 kB
Bounce:                0 kB
WritebackTmp:          0 kB
CommitLimit:     2172840 kB
Committed_AS:   90983636 kB
VmallocTotal:   251658176 kB
VmallocUsed:      137256 kB
VmallocChunk:   251424812 kB
Time pass: 69 sec

---2015-12-05 14:07:44
MemTotal:        2905316 kB
MemFree:           67744 kB
Buffers:           27424 kB
Cached:          1096524 kB
SwapCached:            0 kB
Active:          1320228 kB
Inactive:         736892 kB
Active(anon):     781192 kB
Inactive(anon):   197472 kB
Active(file):     539036 kB
Inactive(file):   539420 kB
Unevictable:       12768 kB
Mlocked:               0 kB
SwapTotal:        720184 kB
SwapFree:         720156 kB
Dirty:                20 kB
Writeback:            12 kB
AnonPages:        946060 kB
Mapped:           709312 kB
Shmem:             32724 kB
Slab:             120320 kB
SReclaimable:      36112 kB
SUnreclaim:        84208 kB
KernelStack:       33184 kB
PageTables:        56028 kB
NFS_Unstable:          0 kB
Bounce:                0 kB
WritebackTmp:          0 kB
CommitLimit:     2172840 kB
Committed_AS:   90986904 kB
VmallocTotal:   251658176 kB
VmallocUsed:      137444 kB
VmallocChunk:   251424812 kB
Time pass: 72 sec

---2015-12-05 14:07:44
MemTotal:        2905316 kB
MemFree:           66064 kB
Buffers:           27456 kB
Cached:          1089504 kB
SwapCached:            0 kB
Active:          1327048 kB
Inactive:         733644 kB
Active(anon):     791504 kB
Inactive(anon):   197828 kB
Active(file):     535544 kB
Inactive(file):   535816 kB
Unevictable:       12768 kB
Mlocked:               0 kB
SwapTotal:        720184 kB
SwapFree:         720156 kB
Dirty:               412 kB
Writeback:             0 kB
AnonPages:        956708 kB
Mapped:           709072 kB
Shmem:             32724 kB
Slab:             120240 kB
SReclaimable:      36160 kB
SUnreclaim:        84080 kB
KernelStack:       33216 kB
PageTables:        56040 kB
NFS_Unstable:          0 kB
Bounce:                0 kB
WritebackTmp:          0 kB
CommitLimit:     2172840 kB
Committed_AS:   91000820 kB
VmallocTotal:   251658176 kB
VmallocUsed:      137444 kB
VmallocChunk:   251424812 kB
Time pass: 76 sec

---2015-12-05 14:07:44
MemTotal:        2905316 kB
MemFree:           66864 kB
Buffers:           27440 kB
Cached:          1076984 kB
SwapCached:            0 kB
Active:          1331764 kB
Inactive:         729440 kB
Active(anon):     802328 kB
Inactive(anon):   199972 kB
Active(file):     529436 kB
Inactive(file):   529468 kB
Unevictable:       12768 kB
Mlocked:               0 kB
SwapTotal:        720184 kB
SwapFree:         720156 kB
Dirty:               208 kB
Writeback:             0 kB
AnonPages:        969628 kB
Mapped:           708652 kB
Shmem:             32856 kB
Slab:             120660 kB
SReclaimable:      36304 kB
SUnreclaim:        84356 kB
KernelStack:       33520 kB
PageTables:        56292 kB
NFS_Unstable:          0 kB
Bounce:                0 kB
WritebackTmp:          0 kB
CommitLimit:     2172840 kB
Committed_AS:   91043800 kB
VmallocTotal:   251658176 kB
VmallocUsed:      139892 kB
VmallocChunk:   251424812 kB
Time pass: 80 sec

---2015-12-05 14:07:44
MemTotal:        2905316 kB
MemFree:           76424 kB
Buffers:           27324 kB
Cached:          1043072 kB
SwapCached:            0 kB
Active:          1315552 kB
Inactive:         713036 kB
Active(anon):     803384 kB
Inactive(anon):   200716 kB
Active(file):     512168 kB
Inactive(file):   512320 kB
Unevictable:       12768 kB
Mlocked:               0 kB
SwapTotal:        720184 kB
SwapFree:         720156 kB
Dirty:               136 kB
Writeback:             0 kB
AnonPages:        971064 kB
Mapped:           706376 kB
Shmem:             33056 kB
Slab:             120468 kB
SReclaimable:      36160 kB
SUnreclaim:        84308 kB
KernelStack:       33520 kB
PageTables:        56476 kB
NFS_Unstable:          0 kB
Bounce:                0 kB
WritebackTmp:          0 kB
CommitLimit:     2172840 kB
Committed_AS:   91044476 kB
VmallocTotal:   251658176 kB
VmallocUsed:      139892 kB
VmallocChunk:   251424812 kB
Time pass: 84 sec

---2015-12-05 14:07:44
MemTotal:        2905316 kB
MemFree:           76052 kB
Buffers:           27324 kB
Cached:          1043096 kB
SwapCached:            0 kB
Active:          1315176 kB
Inactive:         713048 kB
Active(anon):     802980 kB
Inactive(anon):   200716 kB
Active(file):     512196 kB
Inactive(file):   512332 kB
Unevictable:       12768 kB
Mlocked:               0 kB
SwapTotal:        720184 kB
SwapFree:         720156 kB
Dirty:                 0 kB
Writeback:             0 kB
AnonPages:        970688 kB
Mapped:           706376 kB
Shmem:             33056 kB
Slab:             120524 kB
SReclaimable:      36224 kB
SUnreclaim:        84300 kB
KernelStack:       33552 kB
PageTables:        56476 kB
NFS_Unstable:          0 kB
Bounce:                0 kB
WritebackTmp:          0 kB
CommitLimit:     2172840 kB
Committed_AS:   91045208 kB
VmallocTotal:   251658176 kB
VmallocUsed:      139892 kB
VmallocChunk:   251424812 kB
Time pass: 88 sec

---2015-12-05 14:07:44
MemTotal:        2905316 kB
MemFree:           72016 kB
Buffers:           27340 kB
Cached:          1043496 kB
SwapCached:            0 kB
Active:          1318520 kB
Inactive:         713484 kB
Active(anon):     806288 kB
Inactive(anon):   201000 kB
Active(file):     512232 kB
Inactive(file):   512484 kB
Unevictable:       12768 kB
Mlocked:               0 kB
SwapTotal:        720184 kB
SwapFree:         720156 kB
Dirty:               172 kB
Writeback:             0 kB
AnonPages:        974268 kB
Mapped:           706588 kB
Shmem:             33352 kB
Slab:             120580 kB
SReclaimable:      36144 kB
SUnreclaim:        84436 kB
KernelStack:       33552 kB
PageTables:        56532 kB
NFS_Unstable:          0 kB
Bounce:                0 kB
WritebackTmp:          0 kB
CommitLimit:     2172840 kB
Committed_AS:   91074416 kB
VmallocTotal:   251658176 kB
VmallocUsed:      139892 kB
VmallocChunk:   251424812 kB
Time pass: 92 sec

---2015-12-05 14:07:44
MemTotal:        2905316 kB
MemFree:           71216 kB
Buffers:           27348 kB
Cached:          1043524 kB
SwapCached:            0 kB
Active:          1318848 kB
Inactive:         713500 kB
Active(anon):     806588 kB
Inactive(anon):   201008 kB
Active(file):     512260 kB
Inactive(file):   512492 kB
Unevictable:       12768 kB
Mlocked:               0 kB
SwapTotal:        720184 kB
SwapFree:         720156 kB
Dirty:                80 kB
Writeback:             0 kB
AnonPages:        974136 kB
Mapped:           706604 kB
Shmem:             33352 kB
Slab:             120500 kB
SReclaimable:      36160 kB
SUnreclaim:        84340 kB
KernelStack:       33552 kB
PageTables:        56532 kB
NFS_Unstable:          0 kB
Bounce:                0 kB
WritebackTmp:          0 kB
CommitLimit:     2172840 kB
Committed_AS:   91074428 kB
VmallocTotal:   251658176 kB
VmallocUsed:      139892 kB
VmallocChunk:   251424812 kB
Time pass: 96 sec

---2015-12-05 14:07:44
MemTotal:        2905316 kB
MemFree:           70464 kB
Buffers:           27372 kB
Cached:          1043588 kB
SwapCached:            0 kB
Active:          1319820 kB
Inactive:         713544 kB
Active(anon):     807528 kB
Inactive(anon):   201008 kB
Active(file):     512292 kB
Inactive(file):   512536 kB
Unevictable:       12768 kB
Mlocked:               0 kB
SwapTotal:        720184 kB
SwapFree:         720156 kB
Dirty:                24 kB
Writeback:             0 kB
AnonPages:        975360 kB
Mapped:           706628 kB
Shmem:             33364 kB
Slab:             120604 kB
SReclaimable:      36160 kB
SUnreclaim:        84444 kB
KernelStack:       33536 kB
PageTables:        56536 kB
NFS_Unstable:          0 kB
Bounce:                0 kB
WritebackTmp:          0 kB
CommitLimit:     2172840 kB
Committed_AS:   91074400 kB
VmallocTotal:   251658176 kB
VmallocUsed:      139892 kB
VmallocChunk:   251424812 kB
Time pass: 100 sec

---2015-12-05 14:07:44
MemTotal:        2905316 kB
MemFree:          357648 kB
Buffers:           27332 kB
Cached:          1037360 kB
SwapCached:            0 kB
Active:          1224900 kB
Inactive:         710372 kB
Active(anon):     715564 kB
Inactive(anon):   200832 kB
Active(file):     509336 kB
Inactive(file):   509540 kB
Unevictable:       12768 kB
Mlocked:               0 kB
SwapTotal:        720184 kB
SwapFree:         720156 kB
Dirty:               464 kB
Writeback:             0 kB
AnonPages:        883356 kB
Mapped:           513412 kB
Shmem:             32968 kB
Slab:             119944 kB
SReclaimable:      35936 kB
SUnreclaim:        84008 kB
KernelStack:       32208 kB
PageTables:        53732 kB
NFS_Unstable:          0 kB
Bounce:                0 kB
WritebackTmp:          0 kB
CommitLimit:     2172840 kB
Committed_AS:   89443564 kB
VmallocTotal:   251658176 kB
VmallocUsed:      136168 kB
VmallocChunk:   251428908 kB
Time pass: 104 sec

---2015-12-05 14:07:44
MemTotal:        2905316 kB
MemFree:          269812 kB
Buffers:           27420 kB
Cached:          1039252 kB
SwapCached:            0 kB
Active:          1268260 kB
Inactive:         710176 kB
Active(anon):     756820 kB
Inactive(anon):   200816 kB
Active(file):     511440 kB
Inactive(file):   509360 kB
Unevictable:       12768 kB
Mlocked:               0 kB
SwapTotal:        720184 kB
SwapFree:         720156 kB
Dirty:                64 kB
Writeback:             4 kB
AnonPages:        924820 kB
Mapped:           569804 kB
Shmem:             33168 kB
Slab:             120076 kB
SReclaimable:      35936 kB
SUnreclaim:        84140 kB
KernelStack:       32928 kB
PageTables:        55080 kB
NFS_Unstable:          0 kB
Bounce:                0 kB
WritebackTmp:          0 kB
CommitLimit:     2172840 kB
Committed_AS:   90264216 kB
VmallocTotal:   251658176 kB
VmallocUsed:      137696 kB
VmallocChunk:   251428908 kB
Time pass: 108 sec

---2015-12-05 14:07:44
MemTotal:        2905316 kB
MemFree:          200724 kB
Buffers:           27420 kB
Cached:          1040580 kB
SwapCached:            0 kB
Active:          1276924 kB
Inactive:         711128 kB
Active(anon):     765188 kB
Inactive(anon):   200812 kB
Active(file):     511736 kB
Inactive(file):   510316 kB
Unevictable:       12768 kB
Mlocked:               0 kB
SwapTotal:        720184 kB
SwapFree:         720156 kB
Dirty:              1496 kB
Writeback:             0 kB
AnonPages:        933216 kB
Mapped:           612256 kB
Shmem:             33172 kB
Slab:             119988 kB
SReclaimable:      35968 kB
SUnreclaim:        84020 kB
KernelStack:       32960 kB
PageTables:        55220 kB
NFS_Unstable:          0 kB
Bounce:                0 kB
WritebackTmp:          0 kB
CommitLimit:     2172840 kB
Committed_AS:   90276520 kB
VmallocTotal:   251658176 kB
VmallocUsed:      138140 kB
VmallocChunk:   251428908 kB
Time pass: 112 sec

---2015-12-05 14:07:44
MemTotal:        2905316 kB
MemFree:          169364 kB
Buffers:           27428 kB
Cached:          1041140 kB
SwapCached:            0 kB
Active:          1271680 kB
Inactive:         710772 kB
Active(anon):     759012 kB
Inactive(anon):   200812 kB
Active(file):     512668 kB
Inactive(file):   509960 kB
Unevictable:       12768 kB
Mlocked:               0 kB
SwapTotal:        720184 kB
SwapFree:         720156 kB
Dirty:               812 kB
Writeback:             0 kB
AnonPages:        926656 kB
Mapped:           646636 kB
Shmem:             33172 kB
Slab:             120128 kB
SReclaimable:      35968 kB
SUnreclaim:        84160 kB
KernelStack:       32928 kB
PageTables:        55308 kB
NFS_Unstable:          0 kB
Bounce:                0 kB
WritebackTmp:          0 kB
CommitLimit:     2172840 kB
Committed_AS:   90277344 kB
VmallocTotal:   251658176 kB
VmallocUsed:      136024 kB
VmallocChunk:   251428908 kB
Time pass: 116 sec

---2015-12-05 14:07:44
MemTotal:        2905316 kB
MemFree:          150692 kB
Buffers:           27436 kB
Cached:          1041296 kB
SwapCached:            0 kB
Active:          1273920 kB
Inactive:         710668 kB
Active(anon):     761040 kB
Inactive(anon):   200812 kB
Active(file):     512880 kB
Inactive(file):   509856 kB
Unevictable:       12768 kB
Mlocked:               0 kB
SwapTotal:        720184 kB
SwapFree:         720156 kB
Dirty:               164 kB
Writeback:             0 kB
AnonPages:        928796 kB
Mapped:           656560 kB
Shmem:             33172 kB
Slab:             120080 kB
SReclaimable:      35968 kB
SUnreclaim:        84112 kB
KernelStack:       32928 kB
PageTables:        55340 kB
NFS_Unstable:          0 kB
Bounce:                0 kB
WritebackTmp:          0 kB
CommitLimit:     2172840 kB
Committed_AS:   90278488 kB
VmallocTotal:   251658176 kB
VmallocUsed:      136160 kB
VmallocChunk:   251428908 kB
Time pass: 120 sec

---2015-12-05 14:07:44
MemTotal:        2905316 kB
MemFree:          119244 kB
Buffers:           27444 kB
Cached:          1041400 kB
SwapCached:            0 kB
Active:          1281084 kB
Inactive:         710772 kB
Active(anon):     768140 kB
Inactive(anon):   200872 kB
Active(file):     512944 kB
Inactive(file):   509900 kB
Unevictable:       12768 kB
Mlocked:               0 kB
SwapTotal:        720184 kB
SwapFree:         720156 kB
Dirty:               588 kB
Writeback:             0 kB
AnonPages:        935768 kB
Mapped:           668964 kB
Shmem:             33232 kB
Slab:             120192 kB
SReclaimable:      35968 kB
SUnreclaim:        84224 kB
KernelStack:       32976 kB
PageTables:        55408 kB
NFS_Unstable:          0 kB
Bounce:                0 kB
WritebackTmp:          0 kB
CommitLimit:     2172840 kB
Committed_AS:   90316860 kB
VmallocTotal:   251658176 kB
VmallocUsed:      136340 kB
VmallocChunk:   251428908 kB
Time pass: 124 sec

---2015-12-05 14:07:44
MemTotal:        2905316 kB
MemFree:          119028 kB
Buffers:           27452 kB
Cached:          1041412 kB
SwapCached:            0 kB
Active:          1281668 kB
Inactive:         710776 kB
Active(anon):     768716 kB
Inactive(anon):   200872 kB
Active(file):     512952 kB
Inactive(file):   509904 kB
Unevictable:       12768 kB
Mlocked:               0 kB
SwapTotal:        720184 kB
SwapFree:         720156 kB
Dirty:                 0 kB
Writeback:           220 kB
AnonPages:        936300 kB
Mapped:           669680 kB
Shmem:             33232 kB
Slab:             120136 kB
SReclaimable:      35968 kB
SUnreclaim:        84168 kB
KernelStack:       32944 kB
PageTables:        55372 kB
NFS_Unstable:          0 kB
Bounce:                0 kB
WritebackTmp:          0 kB
CommitLimit:     2172840 kB
Committed_AS:   90316992 kB
VmallocTotal:   251658176 kB
VmallocUsed:      136352 kB
VmallocChunk:   251428908 kB
Time pass: 128 sec

---2015-12-05 14:07:44
MemTotal:        2905316 kB
MemFree:          118728 kB
Buffers:           27460 kB
Cached:          1041408 kB
SwapCached:            0 kB
Active:          1281556 kB
Inactive:         710784 kB
Active(anon):     768604 kB
Inactive(anon):   200872 kB
Active(file):     512952 kB
Inactive(file):   509912 kB
Unevictable:       12768 kB
Mlocked:               0 kB
SwapTotal:        720184 kB
SwapFree:         720156 kB
Dirty:                16 kB
Writeback:             0 kB
AnonPages:        936428 kB
Mapped:           669784 kB
Shmem:             33232 kB
Slab:             120164 kB
SReclaimable:      35968 kB
SUnreclaim:        84196 kB
KernelStack:       32944 kB
PageTables:        55400 kB
NFS_Unstable:          0 kB
Bounce:                0 kB
WritebackTmp:          0 kB
CommitLimit:     2172840 kB
Committed_AS:   90316928 kB
VmallocTotal:   251658176 kB
VmallocUsed:      136352 kB
VmallocChunk:   251428908 kB
Time pass: 132 sec

---2015-12-05 14:07:44
MemTotal:        2905316 kB
MemFree:          116820 kB
Buffers:           27460 kB
Cached:          1041440 kB
SwapCached:            0 kB
Active:          1281840 kB
Inactive:         710804 kB
Active(anon):     768880 kB
Inactive(anon):   200872 kB
Active(file):     512960 kB
Inactive(file):   509932 kB
Unevictable:       12768 kB
Mlocked:               0 kB
SwapTotal:        720184 kB
SwapFree:         720156 kB
Dirty:                84 kB
Writeback:             0 kB
AnonPages:        936616 kB
Mapped:           670532 kB
Shmem:             33232 kB
Slab:             120060 kB
SReclaimable:      35968 kB
SUnreclaim:        84092 kB
KernelStack:       32944 kB
PageTables:        55380 kB
NFS_Unstable:          0 kB
Bounce:                0 kB
WritebackTmp:          0 kB
CommitLimit:     2172840 kB
Committed_AS:   90316900 kB
VmallocTotal:   251658176 kB
VmallocUsed:      136352 kB
VmallocChunk:   251428908 kB
Time pass: 136 sec

---2015-12-05 14:07:44
MemTotal:        2905316 kB
MemFree:          108280 kB
Buffers:           27468 kB
Cached:          1041648 kB
SwapCached:            0 kB
Active:          1290020 kB
Inactive:         710004 kB
Active(anon):     776040 kB
Inactive(anon):   201028 kB
Active(file):     513980 kB
Inactive(file):   508976 kB
Unevictable:       12768 kB
Mlocked:               0 kB
SwapTotal:        720184 kB
SwapFree:         720156 kB
Dirty:                48 kB
Writeback:             0 kB
AnonPages:        943760 kB
Mapped:           674140 kB
Shmem:             33392 kB
Slab:             120060 kB
SReclaimable:      35968 kB
SUnreclaim:        84092 kB
KernelStack:       33312 kB
PageTables:        55616 kB
NFS_Unstable:          0 kB
Bounce:                0 kB
WritebackTmp:          0 kB
CommitLimit:     2172840 kB
Committed_AS:   90347476 kB
VmallocTotal:   251658176 kB
VmallocUsed:      138800 kB
VmallocChunk:   251428908 kB
Time pass: 140 sec

---2015-12-05 14:07:44
MemTotal:        2905316 kB
MemFree:           97172 kB
Buffers:           27508 kB
Cached:          1041568 kB
SwapCached:            0 kB
Active:          1298860 kB
Inactive:         709824 kB
Active(anon):     784668 kB
Inactive(anon):   200936 kB
Active(file):     514192 kB
Inactive(file):   508888 kB
Unevictable:       12768 kB
Mlocked:               0 kB
SwapTotal:        720184 kB
SwapFree:         720156 kB
Dirty:               148 kB
Writeback:             0 kB
AnonPages:        952392 kB
Mapped:           674696 kB
Shmem:             33228 kB
Slab:             120088 kB
SReclaimable:      36000 kB
SUnreclaim:        84088 kB
KernelStack:       33328 kB
PageTables:        55608 kB
NFS_Unstable:          0 kB
Bounce:                0 kB
WritebackTmp:          0 kB
CommitLimit:     2172840 kB
Committed_AS:   90338864 kB
VmallocTotal:   251658176 kB
VmallocUsed:      138800 kB
VmallocChunk:   251428908 kB
Time pass: 143 sec

---2015-12-05 14:07:44
MemTotal:        2905316 kB
MemFree:           96892 kB
Buffers:           27508 kB
Cached:          1041584 kB
SwapCached:            0 kB
Active:          1298728 kB
Inactive:         709756 kB
Active(anon):     784524 kB
Inactive(anon):   200872 kB
Active(file):     514204 kB
Inactive(file):   508884 kB
Unevictable:       12768 kB
Mlocked:               0 kB
SwapTotal:        720184 kB
SwapFree:         720156 kB
Dirty:               160 kB
Writeback:             0 kB
AnonPages:        952312 kB
Mapped:           674624 kB
Shmem:             33232 kB
Slab:             120084 kB
SReclaimable:      36000 kB
SUnreclaim:        84084 kB
KernelStack:       33120 kB
PageTables:        55520 kB
NFS_Unstable:          0 kB
Bounce:                0 kB
WritebackTmp:          0 kB
CommitLimit:     2172840 kB
Committed_AS:   90338668 kB
VmallocTotal:   251658176 kB
VmallocUsed:      138768 kB
VmallocChunk:   251428908 kB
Time pass: 147 sec

---2015-12-05 14:07:44
MemTotal:        2905316 kB
MemFree:          100204 kB
Buffers:           27516 kB
Cached:          1041288 kB
SwapCached:            0 kB
Active:          1299504 kB
Inactive:         709540 kB
Active(anon):     785296 kB
Inactive(anon):   200572 kB
Active(file):     514208 kB
Inactive(file):   508968 kB
Unevictable:       12768 kB
Mlocked:               0 kB
SwapTotal:        720184 kB
SwapFree:         720156 kB
Dirty:                84 kB
Writeback:             0 kB
AnonPages:        953004 kB
Mapped:           674344 kB
Shmem:             32860 kB
Slab:             116860 kB
SReclaimable:      36000 kB
SUnreclaim:        80860 kB
KernelStack:       33120 kB
PageTables:        55208 kB
NFS_Unstable:          0 kB
Bounce:                0 kB
WritebackTmp:          0 kB
CommitLimit:     2172840 kB
Committed_AS:   90146436 kB
VmallocTotal:   251658176 kB
VmallocUsed:      138768 kB
VmallocChunk:   251428908 kB
Time pass: 151 sec

---2015-12-05 14:07:44
MemTotal:        2905316 kB
MemFree:          102840 kB
Buffers:           27524 kB
Cached:          1041292 kB
SwapCached:            0 kB
Active:          1294748 kB
Inactive:         709436 kB
Active(anon):     780512 kB
Inactive(anon):   200448 kB
Active(file):     514236 kB
Inactive(file):   508988 kB
Unevictable:       12768 kB
Mlocked:               0 kB
SwapTotal:        720184 kB
SwapFree:         720156 kB
Dirty:                64 kB
Writeback:             0 kB
AnonPages:        948124 kB
Mapped:           674532 kB
Shmem:             32808 kB
Slab:             116768 kB
SReclaimable:      36000 kB
SUnreclaim:        80768 kB
KernelStack:       32928 kB
PageTables:        55160 kB
NFS_Unstable:          0 kB
Bounce:                0 kB
WritebackTmp:          0 kB
CommitLimit:     2172840 kB
Committed_AS:   90146316 kB
VmallocTotal:   251658176 kB
VmallocUsed:      138796 kB
VmallocChunk:   251428908 kB
Time pass: 155 sec

---2015-12-05 14:07:44
MemTotal:        2905316 kB
MemFree:          104776 kB
Buffers:           27532 kB
Cached:          1041304 kB
SwapCached:            0 kB
Active:          1292660 kB
Inactive:         709464 kB
Active(anon):     778416 kB
Inactive(anon):   200448 kB
Active(file):     514244 kB
Inactive(file):   509016 kB
Unevictable:       12768 kB
Mlocked:               0 kB
SwapTotal:        720184 kB
SwapFree:         720156 kB
Dirty:                 4 kB
Writeback:             0 kB
AnonPages:        946152 kB
Mapped:           674496 kB
Shmem:             32808 kB
Slab:             116764 kB
SReclaimable:      36000 kB
SUnreclaim:        80764 kB
KernelStack:       32928 kB
PageTables:        55140 kB
NFS_Unstable:          0 kB
Bounce:                0 kB
WritebackTmp:          0 kB
CommitLimit:     2172840 kB
Committed_AS:   90146244 kB
VmallocTotal:   251658176 kB
VmallocUsed:      136380 kB
VmallocChunk:   251428908 kB
Time pass: 159 sec

---2015-12-05 14:07:44
MemTotal:        2905316 kB
MemFree:          104920 kB
Buffers:           27540 kB
Cached:          1041304 kB
SwapCached:            0 kB
Active:          1292856 kB
Inactive:         709464 kB
Active(anon):     778608 kB
Inactive(anon):   200448 kB
Active(file):     514248 kB
Inactive(file):   509016 kB
Unevictable:       12768 kB
Mlocked:               0 kB
SwapTotal:        720184 kB
SwapFree:         720156 kB
Dirty:                40 kB
Writeback:             0 kB
AnonPages:        946432 kB
Mapped:           674572 kB
Shmem:             32808 kB
Slab:             116764 kB
SReclaimable:      36000 kB
SUnreclaim:        80764 kB
KernelStack:       32928 kB
PageTables:        55160 kB
NFS_Unstable:          0 kB
Bounce:                0 kB
WritebackTmp:          0 kB
CommitLimit:     2172840 kB
Committed_AS:   90146244 kB
VmallocTotal:   251658176 kB
VmallocUsed:      136380 kB
VmallocChunk:   251428908 kB
Time pass: 163 sec

---2015-12-05 14:07:44
MemTotal:        2905316 kB
MemFree:          104144 kB
Buffers:           27540 kB
Cached:          1041348 kB
SwapCached:            0 kB
Active:          1293700 kB
Inactive:         709472 kB
Active(anon):     779448 kB
Inactive(anon):   200448 kB
Active(file):     514252 kB
Inactive(file):   509024 kB
Unevictable:       12768 kB
Mlocked:               0 kB
SwapTotal:        720184 kB
SwapFree:         720156 kB
Dirty:                88 kB
Writeback:             0 kB
AnonPages:        947244 kB
Mapped:           674636 kB
Shmem:             32808 kB
Slab:             116764 kB
SReclaimable:      36000 kB
SUnreclaim:        80764 kB
KernelStack:       32928 kB
PageTables:        55184 kB
NFS_Unstable:          0 kB
Bounce:                0 kB
WritebackTmp:          0 kB
CommitLimit:     2172840 kB
Committed_AS:   90146244 kB
VmallocTotal:   251658176 kB
VmallocUsed:      136380 kB
VmallocChunk:   251428908 kB
Time pass: 167 sec

---2015-12-05 14:07:44
MemTotal:        2905316 kB
MemFree:          104012 kB
Buffers:           27548 kB
Cached:          1041352 kB
SwapCached:            0 kB
Active:          1293820 kB
Inactive:         709512 kB
Active(anon):     779564 kB
Inactive(anon):   200448 kB
Active(file):     514256 kB
Inactive(file):   509064 kB
Unevictable:       12768 kB
Mlocked:               0 kB
SwapTotal:        720184 kB
SwapFree:         720156 kB
Dirty:                12 kB
Writeback:             0 kB
AnonPages:        947240 kB
Mapped:           674684 kB
Shmem:             32808 kB
Slab:             116764 kB
SReclaimable:      36000 kB
SUnreclaim:        80764 kB
KernelStack:       32928 kB
PageTables:        55164 kB
NFS_Unstable:          0 kB
Bounce:                0 kB
WritebackTmp:          0 kB
CommitLimit:     2172840 kB
Committed_AS:   90146244 kB
VmallocTotal:   251658176 kB
VmallocUsed:      136380 kB
VmallocChunk:   251428908 kB
Time pass: 171 sec

---2015-12-05 14:07:44
MemTotal:        2905316 kB
MemFree:          103872 kB
Buffers:           27556 kB
Cached:          1041360 kB
SwapCached:            0 kB
Active:          1294324 kB
Inactive:         709508 kB
Active(anon):     780048 kB
Inactive(anon):   200448 kB
Active(file):     514276 kB
Inactive(file):   509060 kB
Unevictable:       12768 kB
Mlocked:               0 kB
SwapTotal:        720184 kB
SwapFree:         720156 kB
Dirty:                52 kB
Writeback:             0 kB
AnonPages:        947572 kB
Mapped:           674688 kB
Shmem:             32808 kB
Slab:             116764 kB
SReclaimable:      36000 kB
SUnreclaim:        80764 kB
KernelStack:       32928 kB
PageTables:        55168 kB
NFS_Unstable:          0 kB
Bounce:                0 kB
WritebackTmp:          0 kB
CommitLimit:     2172840 kB
Committed_AS:   90146276 kB
VmallocTotal:   251658176 kB
VmallocUsed:      136380 kB
VmallocChunk:   251428908 kB
Time pass: 175 sec

---2015-12-05 14:07:44
MemTotal:        2905316 kB
MemFree:          103640 kB
Buffers:           27564 kB
Cached:          1041364 kB
SwapCached:            0 kB
Active:          1294400 kB
Inactive:         709516 kB
Active(anon):     780120 kB
Inactive(anon):   200448 kB
Active(file):     514280 kB
Inactive(file):   509068 kB
Unevictable:       12768 kB
Mlocked:               0 kB
SwapTotal:        720184 kB
SwapFree:         720156 kB
Dirty:                28 kB
Writeback:             0 kB
AnonPages:        947804 kB
Mapped:           674704 kB
Shmem:             32808 kB
Slab:             116764 kB
SReclaimable:      36000 kB
SUnreclaim:        80764 kB
KernelStack:       32896 kB
PageTables:        55168 kB
NFS_Unstable:          0 kB
Bounce:                0 kB
WritebackTmp:          0 kB
CommitLimit:     2172840 kB
Committed_AS:   90146244 kB
VmallocTotal:   251658176 kB
VmallocUsed:      136380 kB
VmallocChunk:   251428908 kB
Time pass: 179 sec

---2015-12-05 14:07:44
MemTotal:        2905316 kB
MemFree:          103420 kB
Buffers:           27572 kB
Cached:          1041436 kB
SwapCached:            0 kB
Active:          1294592 kB
Inactive:         709592 kB
Active(anon):     780304 kB
Inactive(anon):   200508 kB
Active(file):     514288 kB
Inactive(file):   509084 kB
Unevictable:       12768 kB
Mlocked:               0 kB
SwapTotal:        720184 kB
SwapFree:         720156 kB
Dirty:                12 kB
Writeback:             0 kB
AnonPages:        947960 kB
Mapped:           674768 kB
Shmem:             32868 kB
Slab:             116764 kB
SReclaimable:      36000 kB
SUnreclaim:        80764 kB
KernelStack:       32896 kB
PageTables:        55216 kB
NFS_Unstable:          0 kB
Bounce:                0 kB
WritebackTmp:          0 kB
CommitLimit:     2172840 kB
Committed_AS:   90172868 kB
VmallocTotal:   251658176 kB
VmallocUsed:      136380 kB
VmallocChunk:   251428908 kB
Time pass: 183 sec

---2015-12-05 14:07:44
MemTotal:        2905316 kB
MemFree:          102348 kB
Buffers:           27580 kB
Cached:          1041452 kB
SwapCached:            0 kB
Active:          1295336 kB
Inactive:         709604 kB
Active(anon):     781040 kB
Inactive(anon):   200508 kB
Active(file):     514296 kB
Inactive(file):   509096 kB
Unevictable:       12768 kB
Mlocked:               0 kB
SwapTotal:        720184 kB
SwapFree:         720156 kB
Dirty:                48 kB
Writeback:             0 kB
AnonPages:        948644 kB
Mapped:           674780 kB
Shmem:             32868 kB
Slab:             116764 kB
SReclaimable:      36000 kB
SUnreclaim:        80764 kB
KernelStack:       32976 kB
PageTables:        55244 kB
NFS_Unstable:          0 kB
Bounce:                0 kB
WritebackTmp:          0 kB
CommitLimit:     2172840 kB
Committed_AS:   90172820 kB
VmallocTotal:   251658176 kB
VmallocUsed:      136380 kB
VmallocChunk:   251428908 kB
Time pass: 187 sec

---2015-12-05 14:07:44
MemTotal:        2905316 kB
MemFree:           82884 kB
Buffers:           27628 kB
Cached:          1041688 kB
SwapCached:            0 kB
Active:          1314028 kB
Inactive:         709824 kB
Active(anon):     799668 kB
Inactive(anon):   200620 kB
Active(file):     514360 kB
Inactive(file):   509204 kB
Unevictable:       12768 kB
Mlocked:               0 kB
SwapTotal:        720184 kB
SwapFree:         720156 kB
Dirty:               240 kB
Writeback:             0 kB
AnonPages:        967412 kB
Mapped:           675856 kB
Shmem:             32984 kB
Slab:             116764 kB
SReclaimable:      36000 kB
SUnreclaim:        80764 kB
KernelStack:       33232 kB
PageTables:        55348 kB
NFS_Unstable:          0 kB
Bounce:                0 kB
WritebackTmp:          0 kB
CommitLimit:     2172840 kB
Committed_AS:   90205916 kB
VmallocTotal:   251658176 kB
VmallocUsed:      138828 kB
VmallocChunk:   251428908 kB
Time pass: 191 sec

---2015-12-05 14:07:44
MemTotal:        2905316 kB
MemFree:           81412 kB
Buffers:           27628 kB
Cached:          1041812 kB
SwapCached:            0 kB
Active:          1315348 kB
Inactive:         709920 kB
Active(anon):     800964 kB
Inactive(anon):   200688 kB
Active(file):     514384 kB
Inactive(file):   509232 kB
Unevictable:       12768 kB
Mlocked:               0 kB
SwapTotal:        720184 kB
SwapFree:         720156 kB
Dirty:                72 kB
Writeback:             0 kB
AnonPages:        968700 kB
Mapped:           676012 kB
Shmem:             33052 kB
Slab:             116732 kB
SReclaimable:      36000 kB
SUnreclaim:        80732 kB
KernelStack:       33232 kB
PageTables:        55368 kB
NFS_Unstable:          0 kB
Bounce:                0 kB
WritebackTmp:          0 kB
CommitLimit:     2172840 kB
Committed_AS:   90205868 kB
VmallocTotal:   251658176 kB
VmallocUsed:      138828 kB
VmallocChunk:   251428908 kB
Time pass: 195 sec

---2015-12-05 14:07:44
MemTotal:        2905316 kB
MemFree:           80264 kB
Buffers:           27636 kB
Cached:          1041848 kB
SwapCached:            0 kB
Active:          1315904 kB
Inactive:         709956 kB
Active(anon):     801508 kB
Inactive(anon):   200720 kB
Active(file):     514396 kB
Inactive(file):   509236 kB
Unevictable:       12768 kB
Mlocked:               0 kB
SwapTotal:        720184 kB
SwapFree:         720156 kB
Dirty:                76 kB
Writeback:             0 kB
AnonPages:        969156 kB
Mapped:           676060 kB
Shmem:             33084 kB
Slab:             116732 kB
SReclaimable:      36000 kB
SUnreclaim:        80732 kB
KernelStack:       33264 kB
PageTables:        55372 kB
NFS_Unstable:          0 kB
Bounce:                0 kB
WritebackTmp:          0 kB
CommitLimit:     2172840 kB
Committed_AS:   90205892 kB
VmallocTotal:   251658176 kB
VmallocUsed:      138828 kB
VmallocChunk:   251428908 kB
Time pass: 199 sec

---2015-12-05 14:07:44
MemTotal:        2905316 kB
MemFree:           80500 kB
Buffers:           27644 kB
Cached:          1041868 kB
SwapCached:            0 kB
Active:          1315800 kB
Inactive:         709964 kB
Active(anon):     801384 kB
Inactive(anon):   200720 kB
Active(file):     514416 kB
Inactive(file):   509244 kB
Unevictable:       12768 kB
Mlocked:               0 kB
SwapTotal:        720184 kB
SwapFree:         720156 kB
Dirty:                 4 kB
Writeback:             0 kB
AnonPages:        969140 kB
Mapped:           676060 kB
Shmem:             33084 kB
Slab:             116788 kB
SReclaimable:      36000 kB
SUnreclaim:        80788 kB
KernelStack:       33296 kB
PageTables:        55372 kB
NFS_Unstable:          0 kB
Bounce:                0 kB
WritebackTmp:          0 kB
CommitLimit:     2172840 kB
Committed_AS:   90205980 kB
VmallocTotal:   251658176 kB
VmallocUsed:      138828 kB
VmallocChunk:   251428908 kB
Time pass: 203 sec

---2015-12-05 14:07:44
MemTotal:        2905316 kB
MemFree:           79280 kB
Buffers:           27660 kB
Cached:          1041928 kB
SwapCached:            0 kB
Active:          1316856 kB
Inactive:         710012 kB
Active(anon):     802416 kB
Inactive(anon):   200716 kB
Active(file):     514440 kB
Inactive(file):   509296 kB
Unevictable:       12768 kB
Mlocked:               0 kB
SwapTotal:        720184 kB
SwapFree:         720156 kB
Dirty:               120 kB
Writeback:             0 kB
AnonPages:        970028 kB
Mapped:           676076 kB
Shmem:             33084 kB
Slab:             116788 kB
SReclaimable:      36000 kB
SUnreclaim:        80788 kB
KernelStack:       33280 kB
PageTables:        55376 kB
NFS_Unstable:          0 kB
Bounce:                0 kB
WritebackTmp:          0 kB
CommitLimit:     2172840 kB
Committed_AS:   90205844 kB
VmallocTotal:   251658176 kB
VmallocUsed:      138828 kB
VmallocChunk:   251428908 kB
Time pass: 207 sec

---2015-12-05 14:07:44
MemTotal:        2905316 kB
MemFree:           79352 kB
Buffers:           27668 kB
Cached:          1041972 kB
SwapCached:            0 kB
Active:          1317192 kB
Inactive:         710064 kB
Active(anon):     802752 kB
Inactive(anon):   200756 kB
Active(file):     514440 kB
Inactive(file):   509308 kB
Unevictable:       12768 kB
Mlocked:               0 kB
SwapTotal:        720184 kB
SwapFree:         720156 kB
Dirty:                76 kB
Writeback:             0 kB
AnonPages:        970476 kB
Mapped:           676068 kB
Shmem:             33124 kB
Slab:             116792 kB
SReclaimable:      36000 kB
SUnreclaim:        80792 kB
KernelStack:       33248 kB
PageTables:        55380 kB
NFS_Unstable:          0 kB
Bounce:                0 kB
WritebackTmp:          0 kB
CommitLimit:     2172840 kB
Committed_AS:   90232576 kB
VmallocTotal:   251658176 kB
VmallocUsed:      138828 kB
VmallocChunk:   251428908 kB
Time pass: 211 sec

---2015-12-05 14:07:44
MemTotal:        2905316 kB
MemFree:           73052 kB
Buffers:           27676 kB
Cached:          1042288 kB
SwapCached:            0 kB
Active:          1319684 kB
Inactive:         710216 kB
Active(anon):     805072 kB
Inactive(anon):   200780 kB
Active(file):     514612 kB
Inactive(file):   509436 kB
Unevictable:       12768 kB
Mlocked:               0 kB
SwapTotal:        720184 kB
SwapFree:         720156 kB
Dirty:                40 kB
Writeback:             0 kB
AnonPages:        972844 kB
Mapped:           676248 kB
Shmem:             33148 kB
Slab:             120336 kB
SReclaimable:      39288 kB
SUnreclaim:        81048 kB
KernelStack:       33360 kB
PageTables:        55532 kB
NFS_Unstable:          0 kB
Bounce:                0 kB
WritebackTmp:          0 kB
CommitLimit:     2172840 kB
Committed_AS:   90244132 kB
VmallocTotal:   251658176 kB
VmallocUsed:      139848 kB
VmallocChunk:   251428908 kB
Time pass: 215 sec

---2015-12-05 14:07:44
MemTotal:        2905316 kB
MemFree:           71740 kB
Buffers:           27684 kB
Cached:          1042372 kB
SwapCached:            0 kB
Active:          1318956 kB
Inactive:         710300 kB
Active(anon):     804336 kB
Inactive(anon):   200780 kB
Active(file):     514620 kB
Inactive(file):   509520 kB
Unevictable:       12768 kB
Mlocked:               0 kB
SwapTotal:        720184 kB
SwapFree:         720156 kB
Dirty:                 0 kB
Writeback:             0 kB
AnonPages:        971948 kB
Mapped:           676252 kB
Shmem:             33148 kB
Slab:             120772 kB
SReclaimable:      39688 kB
SUnreclaim:        81084 kB
KernelStack:       33296 kB
PageTables:        55504 kB
NFS_Unstable:          0 kB
Bounce:                0 kB
WritebackTmp:          0 kB
CommitLimit:     2172840 kB
Committed_AS:   90238512 kB
VmallocTotal:   251658176 kB
VmallocUsed:      138828 kB
VmallocChunk:   251428908 kB
Time pass: 219 sec

---2015-12-05 14:07:44
MemTotal:        2905316 kB
MemFree:           73556 kB
Buffers:           27692 kB
Cached:          1042392 kB
SwapCached:            0 kB
Active:          1317712 kB
Inactive:         710312 kB
Active(anon):     803076 kB
Inactive(anon):   200780 kB
Active(file):     514636 kB
Inactive(file):   509532 kB
Unevictable:       12768 kB
Mlocked:               0 kB
SwapTotal:        720184 kB
SwapFree:         720156 kB
Dirty:                60 kB
Writeback:             0 kB
AnonPages:        970852 kB
Mapped:           676264 kB
Shmem:             33148 kB
Slab:             120824 kB
SReclaimable:      39732 kB
SUnreclaim:        81092 kB
KernelStack:       33216 kB
PageTables:        55428 kB
NFS_Unstable:          0 kB
Bounce:                0 kB
WritebackTmp:          0 kB
CommitLimit:     2172840 kB
Committed_AS:   90232576 kB
VmallocTotal:   251658176 kB
VmallocUsed:      138828 kB
VmallocChunk:   251428908 kB
Time pass: 223 sec

---2015-12-05 14:07:44
MemTotal:        2905316 kB
MemFree:           70920 kB
Buffers:           27732 kB
Cached:          1042640 kB
SwapCached:            0 kB
Active:          1319140 kB
Inactive:         710368 kB
Active(anon):     804492 kB
Inactive(anon):   200788 kB
Active(file):     514648 kB
Inactive(file):   509580 kB
Unevictable:       12768 kB
Mlocked:               0 kB
SwapTotal:        720184 kB
SwapFree:         720156 kB
Dirty:               132 kB
Writeback:             0 kB
AnonPages:        972480 kB
Mapped:           676284 kB
Shmem:             33156 kB
Slab:             120840 kB
SReclaimable:      39748 kB
SUnreclaim:        81092 kB
KernelStack:       33248 kB
PageTables:        55452 kB
NFS_Unstable:          0 kB
Bounce:                0 kB
WritebackTmp:          0 kB
CommitLimit:     2172840 kB
Committed_AS:   90245364 kB
VmallocTotal:   251658176 kB
VmallocUsed:      138828 kB
VmallocChunk:   251428908 kB
Time pass: 227 sec

---2015-12-05 14:07:44
MemTotal:        2905316 kB
MemFree:           68288 kB
Buffers:           27748 kB
Cached:          1042704 kB
SwapCached:            0 kB
Active:          1321496 kB
Inactive:         710632 kB
Active(anon):     806812 kB
Inactive(anon):   200964 kB
Active(file):     514684 kB
Inactive(file):   509668 kB
Unevictable:       12768 kB
Mlocked:               0 kB
SwapTotal:        720184 kB
SwapFree:         720156 kB
Dirty:                 8 kB
Writeback:             0 kB
AnonPages:        974468 kB
Mapped:           676480 kB
Shmem:             33332 kB
Slab:             120824 kB
SReclaimable:      39740 kB
SUnreclaim:        81084 kB
KernelStack:       33216 kB
PageTables:        55536 kB
NFS_Unstable:          0 kB
Bounce:                0 kB
WritebackTmp:          0 kB
CommitLimit:     2172840 kB
Committed_AS:   90245472 kB
VmallocTotal:   251658176 kB
VmallocUsed:      138828 kB
VmallocChunk:   251428908 kB
Time pass: 231 sec

---2015-12-05 14:07:44
MemTotal:        2905316 kB
MemFree:           67516 kB
Buffers:           27756 kB
Cached:          1043012 kB
SwapCached:            0 kB
Active:          1322292 kB
Inactive:         710928 kB
Active(anon):     807600 kB
Inactive(anon):   201252 kB
Active(file):     514692 kB
Inactive(file):   509676 kB
Unevictable:       12768 kB
Mlocked:               0 kB
SwapTotal:        720184 kB
SwapFree:         720156 kB
Dirty:                64 kB
Writeback:             0 kB
AnonPages:        974944 kB
Mapped:           676844 kB
Shmem:             33632 kB
Slab:             120824 kB
SReclaimable:      39740 kB
SUnreclaim:        81084 kB
KernelStack:       33216 kB
PageTables:        55560 kB
NFS_Unstable:          0 kB
Bounce:                0 kB
WritebackTmp:          0 kB
CommitLimit:     2172840 kB
Committed_AS:   90245436 kB
VmallocTotal:   251658176 kB
VmallocUsed:      138828 kB
VmallocChunk:   251428908 kB
Time pass: 235 sec

---2015-12-05 14:07:44
MemTotal:        2905316 kB
MemFree:           66064 kB
Buffers:           27764 kB
Cached:          1043260 kB
SwapCached:            0 kB
Active:          1323628 kB
Inactive:         711192 kB
Active(anon):     808932 kB
Inactive(anon):   201508 kB
Active(file):     514696 kB
Inactive(file):   509684 kB
Unevictable:       12768 kB
Mlocked:               0 kB
SwapTotal:        720184 kB
SwapFree:         720156 kB
Dirty:                 4 kB
Writeback:             0 kB
AnonPages:        976620 kB
Mapped:           677096 kB
Shmem:             33876 kB
Slab:             120824 kB
SReclaimable:      39740 kB
SUnreclaim:        81084 kB
KernelStack:       33216 kB
PageTables:        55556 kB
NFS_Unstable:          0 kB
Bounce:                0 kB
WritebackTmp:          0 kB
CommitLimit:     2172840 kB
Committed_AS:   90245472 kB
VmallocTotal:   251658176 kB
VmallocUsed:      138828 kB
VmallocChunk:   251428908 kB
Time pass: 239 sec

---2015-12-05 14:07:44
MemTotal:        2905316 kB
MemFree:           67004 kB
Buffers:           27772 kB
Cached:          1043304 kB
SwapCached:            0 kB
Active:          1321644 kB
Inactive:         711240 kB
Active(anon):     806944 kB
Inactive(anon):   201544 kB
Active(file):     514700 kB
Inactive(file):   509696 kB
Unevictable:       12768 kB
Mlocked:               0 kB
SwapTotal:        720184 kB
SwapFree:         720156 kB
Dirty:                44 kB
Writeback:             0 kB
AnonPages:        974536 kB
Mapped:           677152 kB
Shmem:             33912 kB
Slab:             120828 kB
SReclaimable:      39744 kB
SUnreclaim:        81084 kB
KernelStack:       33200 kB
PageTables:        55568 kB
NFS_Unstable:          0 kB
Bounce:                0 kB
WritebackTmp:          0 kB
CommitLimit:     2172840 kB
Committed_AS:   90272072 kB
VmallocTotal:   251658176 kB
VmallocUsed:      138828 kB
VmallocChunk:   251428908 kB
Time pass: 242 sec

---2015-12-05 14:07:44
MemTotal:        2905316 kB
MemFree:           72332 kB
Buffers:           27796 kB
Cached:          1035700 kB
SwapCached:            0 kB
Active:          1315204 kB
Inactive:         710024 kB
Active(anon):     806516 kB
Inactive(anon):   201100 kB
Active(file):     508688 kB
Inactive(file):   508924 kB
Unevictable:       12768 kB
Mlocked:               0 kB
SwapTotal:        720184 kB
SwapFree:         720136 kB
Dirty:               204 kB
Writeback:             0 kB
AnonPages:        974548 kB
Mapped:           676408 kB
Shmem:             33116 kB
Slab:             120852 kB
SReclaimable:      39732 kB
SUnreclaim:        81120 kB
KernelStack:       33200 kB
PageTables:        55568 kB
NFS_Unstable:          0 kB
Bounce:                0 kB
WritebackTmp:          0 kB
CommitLimit:     2172840 kB
Committed_AS:   90272244 kB
VmallocTotal:   251658176 kB
VmallocUsed:      138828 kB
VmallocChunk:   251428908 kB
Time pass: 246 sec

---2015-12-05 14:07:44
MemTotal:        2905316 kB
MemFree:           70564 kB
Buffers:           27796 kB
Cached:          1035800 kB
SwapCached:            0 kB
Active:          1315852 kB
Inactive:         710116 kB
Active(anon):     807156 kB
Inactive(anon):   201180 kB
Active(file):     508696 kB
Inactive(file):   508936 kB
Unevictable:       12768 kB
Mlocked:               0 kB
SwapTotal:        720184 kB
SwapFree:         720136 kB
Dirty:                 4 kB
Writeback:             0 kB
AnonPages:        974948 kB
Mapped:           676564 kB
Shmem:             33196 kB
Slab:             120852 kB
SReclaimable:      39732 kB
SUnreclaim:        81120 kB
KernelStack:       33200 kB
PageTables:        55568 kB
NFS_Unstable:          0 kB
Bounce:                0 kB
WritebackTmp:          0 kB
CommitLimit:     2172840 kB
Committed_AS:   90272212 kB
VmallocTotal:   251658176 kB
VmallocUsed:      138828 kB
VmallocChunk:   251428908 kB
Time pass: 250 sec

---2015-12-05 14:07:44
MemTotal:        2905316 kB
MemFree:           69588 kB
Buffers:           27804 kB
Cached:          1035856 kB
SwapCached:            0 kB
Active:          1317148 kB
Inactive:         710168 kB
Active(anon):     808440 kB
Inactive(anon):   201200 kB
Active(file):     508708 kB
Inactive(file):   508968 kB
Unevictable:       12768 kB
Mlocked:               0 kB
SwapTotal:        720184 kB
SwapFree:         720136 kB
Dirty:               116 kB
Writeback:             0 kB
AnonPages:        976512 kB
Mapped:           676592 kB
Shmem:             33216 kB
Slab:             120868 kB
SReclaimable:      39748 kB
SUnreclaim:        81120 kB
KernelStack:       33200 kB
PageTables:        55564 kB
NFS_Unstable:          0 kB
Bounce:                0 kB
WritebackTmp:          0 kB
CommitLimit:     2172840 kB
Committed_AS:   90272240 kB
VmallocTotal:   251658176 kB
VmallocUsed:      138828 kB
VmallocChunk:   251428908 kB
Time pass: 254 sec

---2015-12-05 14:07:44
MemTotal:        2905316 kB
MemFree:           69128 kB
Buffers:           27812 kB
Cached:          1035932 kB
SwapCached:            0 kB
Active:          1317560 kB
Inactive:         710232 kB
Active(anon):     808832 kB
Inactive(anon):   201256 kB
Active(file):     508728 kB
Inactive(file):   508976 kB
Unevictable:       12768 kB
Mlocked:               0 kB
SwapTotal:        720184 kB
SwapFree:         720136 kB
Dirty:                80 kB
Writeback:             0 kB
AnonPages:        976964 kB
Mapped:           676692 kB
Shmem:             33272 kB
Slab:             120852 kB
SReclaimable:      39732 kB
SUnreclaim:        81120 kB
KernelStack:       33168 kB
PageTables:        55568 kB
NFS_Unstable:          0 kB
Bounce:                0 kB
WritebackTmp:          0 kB
CommitLimit:     2172840 kB
Committed_AS:   90272264 kB
VmallocTotal:   251658176 kB
VmallocUsed:      138828 kB
VmallocChunk:   251428908 kB
Time pass: 258 sec

---2015-12-05 14:07:44
MemTotal:        2905316 kB
MemFree:           79640 kB
Buffers:           27812 kB
Cached:          1035644 kB
SwapCached:            0 kB
Active:          1308076 kB
Inactive:         709936 kB
Active(anon):     799336 kB
Inactive(anon):   200956 kB
Active(file):     508740 kB
Inactive(file):   508980 kB
Unevictable:       12768 kB
Mlocked:               0 kB
SwapTotal:        720184 kB
SwapFree:         720136 kB
Dirty:                32 kB
Writeback:             0 kB
AnonPages:        967296 kB
Mapped:           676240 kB
Shmem:             32968 kB
Slab:             120692 kB
SReclaimable:      39700 kB
SUnreclaim:        80992 kB
KernelStack:       32736 kB
PageTables:        55372 kB
NFS_Unstable:          0 kB
Bounce:                0 kB
WritebackTmp:          0 kB
CommitLimit:     2172840 kB
Committed_AS:   90243572 kB
VmallocTotal:   251658176 kB
VmallocUsed:      138828 kB
VmallocChunk:   251428908 kB
Time pass: 262 sec

---2015-12-05 14:07:44
MemTotal:        2905316 kB
MemFree:           80088 kB
Buffers:           27820 kB
Cached:          1035656 kB
SwapCached:            0 kB
Active:          1308284 kB
Inactive:         709944 kB
Active(anon):     799536 kB
Inactive(anon):   200956 kB
Active(file):     508748 kB
Inactive(file):   508988 kB
Unevictable:       12768 kB
Mlocked:               0 kB
SwapTotal:        720184 kB
SwapFree:         720136 kB
Dirty:                 4 kB
Writeback:             0 kB
AnonPages:        967616 kB
Mapped:           676256 kB
Shmem:             32968 kB
Slab:             120628 kB
SReclaimable:      39700 kB
SUnreclaim:        80928 kB
KernelStack:       32704 kB
PageTables:        55372 kB
NFS_Unstable:          0 kB
Bounce:                0 kB
WritebackTmp:          0 kB
CommitLimit:     2172840 kB
Committed_AS:   90243532 kB
VmallocTotal:   251658176 kB
VmallocUsed:      138796 kB
VmallocChunk:   251428908 kB
Time pass: 265 sec

---2015-12-05 14:07:44
MemTotal:        2905316 kB
MemFree:           79840 kB
Buffers:           27828 kB
Cached:          1035668 kB
SwapCached:            0 kB
Active:          1308800 kB
Inactive:         709944 kB
Active(anon):     800036 kB
Inactive(anon):   200956 kB
Active(file):     508764 kB
Inactive(file):   508988 kB
Unevictable:       12768 kB
Mlocked:               0 kB
SwapTotal:        720184 kB
SwapFree:         720136 kB
Dirty:                36 kB
Writeback:             0 kB
AnonPages:        967928 kB
Mapped:           676268 kB
Shmem:             32968 kB
Slab:             120560 kB
SReclaimable:      39700 kB
SUnreclaim:        80860 kB
KernelStack:       32720 kB
PageTables:        55372 kB
NFS_Unstable:          0 kB
Bounce:                0 kB
WritebackTmp:          0 kB
CommitLimit:     2172840 kB
Committed_AS:   90243532 kB
VmallocTotal:   251658176 kB
VmallocUsed:      138796 kB
VmallocChunk:   251428908 kB
Time pass: 269 sec

---2015-12-05 14:07:44
MemTotal:        2905316 kB
MemFree:           79484 kB
Buffers:           27836 kB
Cached:          1035736 kB
SwapCached:            0 kB
Active:          1309052 kB
Inactive:         710024 kB
Active(anon):     800284 kB
Inactive(anon):   201016 kB
Active(file):     508768 kB
Inactive(file):   509008 kB
Unevictable:       12768 kB
Mlocked:               0 kB
SwapTotal:        720184 kB
SwapFree:         720136 kB
Dirty:                48 kB
Writeback:             0 kB
AnonPages:        968452 kB
Mapped:           676344 kB
Shmem:             33028 kB
Slab:             120560 kB
SReclaimable:      39700 kB
SUnreclaim:        80860 kB
KernelStack:       32736 kB
PageTables:        55420 kB
NFS_Unstable:          0 kB
Bounce:                0 kB
WritebackTmp:          0 kB
CommitLimit:     2172840 kB
Committed_AS:   90270156 kB
VmallocTotal:   251658176 kB
VmallocUsed:      138796 kB
VmallocChunk:   251428908 kB
Time pass: 273 sec

---2015-12-05 14:07:44
MemTotal:        2905316 kB
MemFree:           79168 kB
Buffers:           27844 kB
Cached:          1035744 kB
SwapCached:            0 kB
Active:          1309596 kB
Inactive:         710028 kB
Active(anon):     800824 kB
Inactive(anon):   201016 kB
Active(file):     508772 kB
Inactive(file):   509012 kB
Unevictable:       12768 kB
Mlocked:               0 kB
SwapTotal:        720184 kB
SwapFree:         720136 kB
Dirty:                32 kB
Writeback:             0 kB
AnonPages:        968728 kB
Mapped:           676356 kB
Shmem:             33028 kB
Slab:             120496 kB
SReclaimable:      39700 kB
SUnreclaim:        80796 kB
KernelStack:       32736 kB
PageTables:        55420 kB
NFS_Unstable:          0 kB
Bounce:                0 kB
WritebackTmp:          0 kB
CommitLimit:     2172840 kB
Committed_AS:   90270156 kB
VmallocTotal:   251658176 kB
VmallocUsed:      136380 kB
VmallocChunk:   251428908 kB
Time pass: 278 sec

---2015-12-05 14:07:44
MemTotal:        2905316 kB
MemFree:           78376 kB
Buffers:           27852 kB
Cached:          1035744 kB
SwapCached:            0 kB
Active:          1309812 kB
Inactive:         710028 kB
Active(anon):     801032 kB
Inactive(anon):   201016 kB
Active(file):     508780 kB
Inactive(file):   509012 kB
Unevictable:       12768 kB
Mlocked:               0 kB
SwapTotal:        720184 kB
SwapFree:         720136 kB
Dirty:                28 kB
Writeback:             0 kB
AnonPages:        968976 kB
Mapped:           676428 kB
Shmem:             33028 kB
Slab:             120496 kB
SReclaimable:      39700 kB
SUnreclaim:        80796 kB
KernelStack:       32736 kB
PageTables:        55444 kB
NFS_Unstable:          0 kB
Bounce:                0 kB
WritebackTmp:          0 kB
CommitLimit:     2172840 kB
Committed_AS:   90270168 kB
VmallocTotal:   251658176 kB
VmallocUsed:      136380 kB
VmallocChunk:   251428908 kB
Time pass: 281 sec

---2015-12-05 14:07:44
MemTotal:        2905316 kB
MemFree:           77316 kB
Buffers:           27852 kB
Cached:          1035816 kB
SwapCached:            0 kB
Active:          1310988 kB
Inactive:         710104 kB
Active(anon):     802204 kB
Inactive(anon):   201016 kB
Active(file):     508784 kB
Inactive(file):   509088 kB
Unevictable:       12768 kB
Mlocked:               0 kB
SwapTotal:        720184 kB
SwapFree:         720136 kB
Dirty:                 4 kB
Writeback:            52 kB
AnonPages:        970216 kB
Mapped:           676444 kB
Shmem:             33028 kB
Slab:             120496 kB
SReclaimable:      39700 kB
SUnreclaim:        80796 kB
KernelStack:       32720 kB
PageTables:        55444 kB
NFS_Unstable:          0 kB
Bounce:                0 kB
WritebackTmp:          0 kB
CommitLimit:     2172840 kB
Committed_AS:   90270168 kB
VmallocTotal:   251658176 kB
VmallocUsed:      136380 kB
VmallocChunk:   251428908 kB
Time pass: 285 sec

---2015-12-05 14:07:44
MemTotal:        2905316 kB
MemFree:           76768 kB
Buffers:           27876 kB
Cached:          1035852 kB
SwapCached:            0 kB
Active:          1312136 kB
Inactive:         710140 kB
Active(anon):     803332 kB
Inactive(anon):   201016 kB
Active(file):     508804 kB
Inactive(file):   509124 kB
Unevictable:       12768 kB
Mlocked:               0 kB
SwapTotal:        720184 kB
SwapFree:         720136 kB
Dirty:                92 kB
Writeback:             0 kB
AnonPages:        971424 kB
Mapped:           676392 kB
Shmem:             33028 kB
Slab:             120468 kB
SReclaimable:      39700 kB
SUnreclaim:        80768 kB
KernelStack:       32768 kB
PageTables:        55424 kB
NFS_Unstable:          0 kB
Bounce:                0 kB
WritebackTmp:          0 kB
CommitLimit:     2172840 kB
Committed_AS:   90270204 kB
VmallocTotal:   251658176 kB
VmallocUsed:      136380 kB
VmallocChunk:   251428908 kB
Time pass: 289 sec

---2015-12-05 14:07:44
MemTotal:        2905316 kB
MemFree:           76456 kB
Buffers:           27884 kB
Cached:          1035884 kB
SwapCached:            0 kB
Active:          1312156 kB
Inactive:         710136 kB
Active(anon):     803344 kB
Inactive(anon):   201016 kB
Active(file):     508812 kB
Inactive(file):   509120 kB
Unevictable:       12768 kB
Mlocked:               0 kB
SwapTotal:        720184 kB
SwapFree:         720136 kB
Dirty:                36 kB
Writeback:             0 kB
AnonPages:        971460 kB
Mapped:           676392 kB
Shmem:             33028 kB
Slab:             120464 kB
SReclaimable:      39700 kB
SUnreclaim:        80764 kB
KernelStack:       32736 kB
PageTables:        55428 kB
NFS_Unstable:          0 kB
Bounce:                0 kB
WritebackTmp:          0 kB
CommitLimit:     2172840 kB
Committed_AS:   90270156 kB
VmallocTotal:   251658176 kB
VmallocUsed:      136380 kB
VmallocChunk:   251428908 kB
Time pass: 293 sec

---2015-12-05 14:07:44
MemTotal:        2905316 kB
MemFree:           75480 kB
Buffers:           27900 kB
Cached:          1035916 kB
SwapCached:            0 kB
Active:          1312680 kB
Inactive:         710168 kB
Active(anon):     803848 kB
Inactive(anon):   201016 kB
Active(file):     508832 kB
Inactive(file):   509152 kB
Unevictable:       12768 kB
Mlocked:               0 kB
SwapTotal:        720184 kB
SwapFree:         720136 kB
Dirty:                56 kB
Writeback:             0 kB
AnonPages:        972060 kB
Mapped:           676400 kB
Shmem:             33028 kB
Slab:             120464 kB
SReclaimable:      39700 kB
SUnreclaim:        80764 kB
KernelStack:       32752 kB
PageTables:        55428 kB
NFS_Unstable:          0 kB
Bounce:                0 kB
WritebackTmp:          0 kB
CommitLimit:     2172840 kB
Committed_AS:   90270168 kB
VmallocTotal:   251658176 kB
VmallocUsed:      136380 kB
VmallocChunk:   251428908 kB
Time pass: 297 sec

---2015-12-05 14:07:44
MemTotal:        2905316 kB
MemFree:           74264 kB
Buffers:           27900 kB
Cached:          1036012 kB
SwapCached:            0 kB
Active:          1314528 kB
Inactive:         710280 kB
Active(anon):     805676 kB
Inactive(anon):   201076 kB
Active(file):     508852 kB
Inactive(file):   509204 kB
Unevictable:       12768 kB
Mlocked:               0 kB
SwapTotal:        720184 kB
SwapFree:         720136 kB
Dirty:                 0 kB
Writeback:             0 kB
AnonPages:        973612 kB
Mapped:           676468 kB
Shmem:             33088 kB
Slab:             120464 kB
SReclaimable:      39700 kB
SUnreclaim:        80764 kB
KernelStack:       32752 kB
PageTables:        55480 kB
NFS_Unstable:          0 kB
Bounce:                0 kB
WritebackTmp:          0 kB
CommitLimit:     2172840 kB
Committed_AS:   90296804 kB
VmallocTotal:   251658176 kB
VmallocUsed:      136380 kB
VmallocChunk:   251428908 kB
Time pass: 301 sec

---2015-12-05 14:07:44
MemTotal:        2905316 kB
MemFree:           73332 kB
Buffers:           27908 kB
Cached:          1036040 kB
SwapCached:            0 kB
Active:          1314744 kB
Inactive:         710292 kB
Active(anon):     805880 kB
Inactive(anon):   201076 kB
Active(file):     508864 kB
Inactive(file):   509216 kB
Unevictable:       12768 kB
Mlocked:               0 kB
SwapTotal:        720184 kB
SwapFree:         720136 kB
Dirty:                68 kB
Writeback:             0 kB
AnonPages:        973988 kB
Mapped:           676492 kB
Shmem:             33088 kB
Slab:             120464 kB
SReclaimable:      39700 kB
SUnreclaim:        80764 kB
KernelStack:       32752 kB
PageTables:        55484 kB
NFS_Unstable:          0 kB
Bounce:                0 kB
WritebackTmp:          0 kB
CommitLimit:     2172840 kB
Committed_AS:   90296876 kB
VmallocTotal:   251658176 kB
VmallocUsed:      136380 kB
VmallocChunk:   251428908 kB
Time pass: 305 sec

---2015-12-05 14:07:44
MemTotal:        2905316 kB
MemFree:           72848 kB
Buffers:           27916 kB
Cached:          1036044 kB
SwapCached:            0 kB
Active:          1315032 kB
Inactive:         710308 kB
Active(anon):     806164 kB
Inactive(anon):   201076 kB
Active(file):     508868 kB
Inactive(file):   509232 kB
Unevictable:       12768 kB
Mlocked:               0 kB
SwapTotal:        720184 kB
SwapFree:         720136 kB
Dirty:                24 kB
Writeback:             0 kB
AnonPages:        974292 kB
Mapped:           676552 kB
Shmem:             33088 kB
Slab:             120464 kB
SReclaimable:      39700 kB
SUnreclaim:        80764 kB
KernelStack:       32768 kB
PageTables:        55480 kB
NFS_Unstable:          0 kB
Bounce:                0 kB
WritebackTmp:          0 kB
CommitLimit:     2172840 kB
Committed_AS:   90296864 kB
VmallocTotal:   251658176 kB
VmallocUsed:      136380 kB
VmallocChunk:   251428908 kB
Time pass: 309 sec

---2015-12-05 14:07:44
MemTotal:        2905316 kB
MemFree:           72744 kB
Buffers:           27924 kB
Cached:          1036048 kB
SwapCached:            0 kB
Active:          1315304 kB
Inactive:         710316 kB
Active(anon):     806432 kB
Inactive(anon):   201076 kB
Active(file):     508872 kB
Inactive(file):   509240 kB
Unevictable:       12768 kB
Mlocked:               0 kB
SwapTotal:        720184 kB
SwapFree:         720136 kB
Dirty:                32 kB
Writeback:             0 kB
AnonPages:        974400 kB
Mapped:           676568 kB
Shmem:             33088 kB
Slab:             120464 kB
SReclaimable:      39700 kB
SUnreclaim:        80764 kB
KernelStack:       32736 kB
PageTables:        55476 kB
NFS_Unstable:          0 kB
Bounce:                0 kB
WritebackTmp:          0 kB
CommitLimit:     2172840 kB
Committed_AS:   90296828 kB
VmallocTotal:   251658176 kB
VmallocUsed:      136380 kB
VmallocChunk:   251428908 kB
Time pass: 313 sec

---2015-12-05 14:07:44
MemTotal:        2905316 kB
MemFree:           72500 kB
Buffers:           27924 kB
Cached:          1036048 kB
SwapCached:            0 kB
Active:          1315584 kB
Inactive:         710320 kB
Active(anon):     806712 kB
Inactive(anon):   201076 kB
Active(file):     508872 kB
Inactive(file):   509244 kB
Unevictable:       12768 kB
Mlocked:               0 kB
SwapTotal:        720184 kB
SwapFree:         720136 kB
Dirty:                36 kB
Writeback:             0 kB
AnonPages:        974564 kB
Mapped:           676564 kB
Shmem:             33088 kB
Slab:             120464 kB
SReclaimable:      39700 kB
SUnreclaim:        80764 kB
KernelStack:       32768 kB
PageTables:        55488 kB
NFS_Unstable:          0 kB
Bounce:                0 kB
WritebackTmp:          0 kB
CommitLimit:     2172840 kB
Committed_AS:   90296848 kB
VmallocTotal:   251658176 kB
VmallocUsed:      136380 kB
VmallocChunk:   251428908 kB
Time pass: 317 sec

---2015-12-05 14:07:44
MemTotal:        2905316 kB
MemFree:           71544 kB
Buffers:           27932 kB
Cached:          1036092 kB
SwapCached:            0 kB
Active:          1316744 kB
Inactive:         710356 kB
Active(anon):     807856 kB
Inactive(anon):   201076 kB
Active(file):     508888 kB
Inactive(file):   509280 kB
Unevictable:       12768 kB
Mlocked:               0 kB
SwapTotal:        720184 kB
SwapFree:         720136 kB
Dirty:                60 kB
Writeback:             0 kB
AnonPages:        975780 kB
Mapped:           676632 kB
Shmem:             33088 kB
Slab:             120400 kB
SReclaimable:      39700 kB
SUnreclaim:        80700 kB
KernelStack:       32720 kB
PageTables:        55528 kB
NFS_Unstable:          0 kB
Bounce:                0 kB
WritebackTmp:          0 kB
CommitLimit:     2172840 kB
Committed_AS:   90296756 kB
VmallocTotal:   251658176 kB
VmallocUsed:      136380 kB
VmallocChunk:   251428908 kB
Time pass: 321 sec

---2015-12-05 14:07:44
MemTotal:        2905316 kB
MemFree:           71072 kB
Buffers:           27940 kB
Cached:          1036096 kB
SwapCached:            0 kB
Active:          1316928 kB
Inactive:         710356 kB
Active(anon):     808032 kB
Inactive(anon):   201076 kB
Active(file):     508896 kB
Inactive(file):   509280 kB
Unevictable:       12768 kB
Mlocked:               0 kB
SwapTotal:        720184 kB
SwapFree:         720136 kB
Dirty:                40 kB
Writeback:             0 kB
AnonPages:        976072 kB
Mapped:           676660 kB
Shmem:             33088 kB
Slab:             120400 kB
SReclaimable:      39700 kB
SUnreclaim:        80700 kB
KernelStack:       32688 kB
PageTables:        55488 kB
NFS_Unstable:          0 kB
Bounce:                0 kB
WritebackTmp:          0 kB
CommitLimit:     2172840 kB
Committed_AS:   90296720 kB
VmallocTotal:   251658176 kB
VmallocUsed:      136380 kB
VmallocChunk:   251428908 kB
Time pass: 325 sec

---2015-12-05 14:07:44
MemTotal:        2905316 kB
MemFree:           69964 kB
Buffers:           27948 kB
Cached:          1036132 kB
SwapCached:            0 kB
Active:          1318320 kB
Inactive:         710376 kB
Active(anon):     809424 kB
Inactive(anon):   201076 kB
Active(file):     508896 kB
Inactive(file):   509300 kB
Unevictable:       12768 kB
Mlocked:               0 kB
SwapTotal:        720184 kB
SwapFree:         720136 kB
Dirty:                56 kB
Writeback:             0 kB
AnonPages:        977336 kB
Mapped:           676664 kB
Shmem:             33088 kB
Slab:             120400 kB
SReclaimable:      39700 kB
SUnreclaim:        80700 kB
KernelStack:       32688 kB
PageTables:        55500 kB
NFS_Unstable:          0 kB
Bounce:                0 kB
WritebackTmp:          0 kB
CommitLimit:     2172840 kB
Committed_AS:   90296740 kB
VmallocTotal:   251658176 kB
VmallocUsed:      136380 kB
VmallocChunk:   251428908 kB
Time pass: 329 sec

---2015-12-05 14:07:44
MemTotal:        2905316 kB
MemFree:           69536 kB
Buffers:           27964 kB
Cached:          1036216 kB
SwapCached:            0 kB
Active:          1318888 kB
Inactive:         710476 kB
Active(anon):     809968 kB
Inactive(anon):   201136 kB
Active(file):     508920 kB
Inactive(file):   509340 kB
Unevictable:       12768 kB
Mlocked:               0 kB
SwapTotal:        720184 kB
SwapFree:         720136 kB
Dirty:                 8 kB
Writeback:             0 kB
AnonPages:        978076 kB
Mapped:           676688 kB
Shmem:             33148 kB
Slab:             120408 kB
SReclaimable:      39700 kB
SUnreclaim:        80708 kB
KernelStack:       32688 kB
PageTables:        55532 kB
NFS_Unstable:          0 kB
Bounce:                0 kB
WritebackTmp:          0 kB
CommitLimit:     2172840 kB
Committed_AS:   90323364 kB
VmallocTotal:   251658176 kB
VmallocUsed:      136380 kB
VmallocChunk:   251428908 kB
Time pass: 333 sec

---2015-12-05 14:07:44
MemTotal:        2905316 kB
MemFree:           68620 kB
Buffers:           27972 kB
Cached:          1036224 kB
SwapCached:            0 kB
Active:          1319228 kB
Inactive:         710480 kB
Active(anon):     810304 kB
Inactive(anon):   201136 kB
Active(file):     508924 kB
Inactive(file):   509344 kB
Unevictable:       12768 kB
Mlocked:               0 kB
SwapTotal:        720184 kB
SwapFree:         720136 kB
Dirty:                36 kB
Writeback:             0 kB
AnonPages:        978296 kB
Mapped:           676692 kB
Shmem:             33148 kB
Slab:             120408 kB
SReclaimable:      39700 kB
SUnreclaim:        80708 kB
KernelStack:       32736 kB
PageTables:        55544 kB
NFS_Unstable:          0 kB
Bounce:                0 kB
WritebackTmp:          0 kB
CommitLimit:     2172840 kB
Committed_AS:   90323376 kB
VmallocTotal:   251658176 kB
VmallocUsed:      136380 kB
VmallocChunk:   251428908 kB
Time pass: 337 sec

---2015-12-05 14:07:44
MemTotal:        2905316 kB
MemFree:           68916 kB
Buffers:           27972 kB
Cached:          1036228 kB
SwapCached:            0 kB
Active:          1319140 kB
Inactive:         710488 kB
Active(anon):     810208 kB
Inactive(anon):   201136 kB
Active(file):     508932 kB
Inactive(file):   509352 kB
Unevictable:       12768 kB
Mlocked:               0 kB
SwapTotal:        720184 kB
SwapFree:         720136 kB
Dirty:                24 kB
Writeback:             0 kB
AnonPages:        978336 kB
Mapped:           676696 kB
Shmem:             33148 kB
Slab:             120408 kB
SReclaimable:      39700 kB
SUnreclaim:        80708 kB
KernelStack:       32688 kB
PageTables:        55532 kB
NFS_Unstable:          0 kB
Bounce:                0 kB
WritebackTmp:          0 kB
CommitLimit:     2172840 kB
Committed_AS:   90323376 kB
VmallocTotal:   251658176 kB
VmallocUsed:      136380 kB
VmallocChunk:   251428908 kB
Time pass: 341 sec

---2015-12-05 14:07:44
MemTotal:        2905316 kB
MemFree:           68768 kB
Buffers:           27988 kB
Cached:          1036236 kB
SwapCached:            0 kB
Active:          1319572 kB
Inactive:         710504 kB
Active(anon):     810640 kB
Inactive(anon):   201136 kB
Active(file):     508932 kB
Inactive(file):   509368 kB
Unevictable:       12768 kB
Mlocked:               0 kB
SwapTotal:        720184 kB
SwapFree:         720136 kB
Dirty:                44 kB
Writeback:             0 kB
AnonPages:        978564 kB
Mapped:           676716 kB
Shmem:             33148 kB
Slab:             120408 kB
SReclaimable:      39700 kB
SUnreclaim:        80708 kB
KernelStack:       32688 kB
PageTables:        55536 kB
NFS_Unstable:          0 kB
Bounce:                0 kB
WritebackTmp:          0 kB
CommitLimit:     2172840 kB
Committed_AS:   90323632 kB
VmallocTotal:   251658176 kB
VmallocUsed:      136380 kB
VmallocChunk:   251428908 kB
Time pass: 345 sec

---2015-12-05 14:07:44
MemTotal:        2905316 kB
MemFree:           67892 kB
Buffers:           27996 kB
Cached:          1036236 kB
SwapCached:            0 kB
Active:          1319724 kB
Inactive:         710512 kB
Active(anon):     810788 kB
Inactive(anon):   201136 kB
Active(file):     508936 kB
Inactive(file):   509376 kB
Unevictable:       12768 kB
Mlocked:               0 kB
SwapTotal:        720184 kB
SwapFree:         720136 kB
Dirty:                24 kB
Writeback:             0 kB
AnonPages:        978792 kB
Mapped:           676720 kB
Shmem:             33148 kB
Slab:             120408 kB
SReclaimable:      39700 kB
SUnreclaim:        80708 kB
KernelStack:       32688 kB
PageTables:        55528 kB
NFS_Unstable:          0 kB
Bounce:                0 kB
WritebackTmp:          0 kB
CommitLimit:     2172840 kB
Committed_AS:   90323632 kB
VmallocTotal:   251658176 kB
VmallocUsed:      136380 kB
VmallocChunk:   251428908 kB
Time pass: 349 sec

---2015-12-05 14:07:44
MemTotal:        2905316 kB
MemFree:           68156 kB
Buffers:           27996 kB
Cached:          1036240 kB
SwapCached:            0 kB
Active:          1320008 kB
Inactive:         710516 kB
Active(anon):     811068 kB
Inactive(anon):   201136 kB
Active(file):     508940 kB
Inactive(file):   509380 kB
Unevictable:       12768 kB
Mlocked:               0 kB
SwapTotal:        720184 kB
SwapFree:         720136 kB
Dirty:                 8 kB
Writeback:             0 kB
AnonPages:        979060 kB
Mapped:           676732 kB
Shmem:             33148 kB
Slab:             120408 kB
SReclaimable:      39700 kB
SUnreclaim:        80708 kB
KernelStack:       32672 kB
PageTables:        55532 kB
NFS_Unstable:          0 kB
Bounce:                0 kB
WritebackTmp:          0 kB
CommitLimit:     2172840 kB
Committed_AS:   90323580 kB
VmallocTotal:   251658176 kB
VmallocUsed:      136380 kB
VmallocChunk:   251428908 kB
Time pass: 353 sec

---2015-12-05 14:07:44
MemTotal:        2905316 kB
MemFree:           67480 kB
Buffers:           28004 kB
Cached:          1036604 kB
SwapCached:            0 kB
Active:          1320328 kB
Inactive:         710808 kB
Active(anon):     811364 kB
Inactive(anon):   201136 kB
Active(file):     508964 kB
Inactive(file):   509672 kB
Unevictable:       12768 kB
Mlocked:               0 kB
SwapTotal:        720184 kB
SwapFree:         720136 kB
Dirty:                40 kB
Writeback:             0 kB
AnonPages:        979384 kB
Mapped:           676840 kB
Shmem:             33148 kB
Slab:             120412 kB
SReclaimable:      39700 kB
SUnreclaim:        80712 kB
KernelStack:       32672 kB
PageTables:        55532 kB
NFS_Unstable:          0 kB
Bounce:                0 kB
WritebackTmp:          0 kB
CommitLimit:     2172840 kB
Committed_AS:   90323608 kB
VmallocTotal:   251658176 kB
VmallocUsed:      136380 kB
VmallocChunk:   251428908 kB
Time pass: 357 sec

---2015-12-05 14:07:44
MemTotal:        2905316 kB
MemFree:           66776 kB
Buffers:           28012 kB
Cached:          1036668 kB
SwapCached:            0 kB
Active:          1320920 kB
Inactive:         710924 kB
Active(anon):     811952 kB
Inactive(anon):   201196 kB
Active(file):     508968 kB
Inactive(file):   509728 kB
Unevictable:       12768 kB
Mlocked:               0 kB
SwapTotal:        720184 kB
SwapFree:         720136 kB
Dirty:                48 kB
Writeback:             0 kB
AnonPages:        979876 kB
Mapped:           676908 kB
Shmem:             33208 kB
Slab:             120412 kB
SReclaimable:      39700 kB
SUnreclaim:        80712 kB
KernelStack:       32656 kB
PageTables:        55584 kB
NFS_Unstable:          0 kB
Bounce:                0 kB
WritebackTmp:          0 kB
CommitLimit:     2172840 kB
Committed_AS:   90350244 kB
VmallocTotal:   251658176 kB
VmallocUsed:      136380 kB
VmallocChunk:   251428908 kB
Time pass: 361 sec

---2015-12-05 14:07:44
MemTotal:        2905316 kB
MemFree:           70968 kB
Buffers:           28024 kB
Cached:          1036676 kB
SwapCached:            0 kB
Active:          1316640 kB
Inactive:         710944 kB
Active(anon):     807664 kB
Inactive(anon):   201196 kB
Active(file):     508976 kB
Inactive(file):   509748 kB
Unevictable:       12768 kB
Mlocked:               0 kB
SwapTotal:        720184 kB
SwapFree:         720136 kB
Dirty:                64 kB
Writeback:             0 kB
AnonPages:        975776 kB
Mapped:           676916 kB
Shmem:             33208 kB
Slab:             120380 kB
SReclaimable:      39700 kB
SUnreclaim:        80680 kB
KernelStack:       32656 kB
PageTables:        55580 kB
NFS_Unstable:          0 kB
Bounce:                0 kB
WritebackTmp:          0 kB
CommitLimit:     2172840 kB
Committed_AS:   90350176 kB
VmallocTotal:   251658176 kB
VmallocUsed:      136380 kB
VmallocChunk:   251428908 kB
Time pass: 366 sec

---2015-12-05 14:07:44
MemTotal:        2905316 kB
MemFree:           76484 kB
Buffers:           28040 kB
Cached:          1036672 kB
SwapCached:            0 kB
Active:          1311216 kB
Inactive:         710944 kB
Active(anon):     802236 kB
Inactive(anon):   201196 kB
Active(file):     508980 kB
Inactive(file):   509748 kB
Unevictable:       12768 kB
Mlocked:               0 kB
SwapTotal:        720184 kB
SwapFree:         720136 kB
Dirty:                32 kB
Writeback:             0 kB
AnonPages:        970344 kB
Mapped:           676956 kB
Shmem:             33208 kB
Slab:             120380 kB
SReclaimable:      39700 kB
SUnreclaim:        80680 kB
KernelStack:       32672 kB
PageTables:        55580 kB
NFS_Unstable:          0 kB
Bounce:                0 kB
WritebackTmp:          0 kB
CommitLimit:     2172840 kB
Committed_AS:   90350164 kB
VmallocTotal:   251658176 kB
VmallocUsed:      136380 kB
VmallocChunk:   251428908 kB
Time pass: 370 sec

---2015-12-05 14:07:44
MemTotal:        2905316 kB
MemFree:           76072 kB
Buffers:           28040 kB
Cached:          1036688 kB
SwapCached:            0 kB
Active:          1311328 kB
Inactive:         710960 kB
Active(anon):     802340 kB
Inactive(anon):   201196 kB
Active(file):     508988 kB
Inactive(file):   509764 kB
Unevictable:       12768 kB
Mlocked:               0 kB
SwapTotal:        720184 kB
SwapFree:         720136 kB
Dirty:                 8 kB
Writeback:             0 kB
AnonPages:        970420 kB
Mapped:           676980 kB
Shmem:             33208 kB
Slab:             120380 kB
SReclaimable:      39700 kB
SUnreclaim:        80680 kB
KernelStack:       32656 kB
PageTables:        55576 kB
NFS_Unstable:          0 kB
Bounce:                0 kB
WritebackTmp:          0 kB
CommitLimit:     2172840 kB
Committed_AS:   90350164 kB
VmallocTotal:   251658176 kB
VmallocUsed:      136380 kB
VmallocChunk:   251428908 kB
Time pass: 373 sec

---2015-12-05 14:07:44
MemTotal:        2905316 kB
MemFree:           75984 kB
Buffers:           28048 kB
Cached:          1036696 kB
SwapCached:            0 kB
Active:          1311532 kB
Inactive:         710972 kB
Active(anon):     802540 kB
Inactive(anon):   201196 kB
Active(file):     508992 kB
Inactive(file):   509776 kB
Unevictable:       12768 kB
Mlocked:               0 kB
SwapTotal:        720184 kB
SwapFree:         720136 kB
Dirty:                44 kB
Writeback:             0 kB
AnonPages:        970628 kB
Mapped:           676976 kB
Shmem:             33208 kB
Slab:             120380 kB
SReclaimable:      39700 kB
SUnreclaim:        80680 kB
KernelStack:       32624 kB
PageTables:        55580 kB
NFS_Unstable:          0 kB
Bounce:                0 kB
WritebackTmp:          0 kB
CommitLimit:     2172840 kB
Committed_AS:   90350180 kB
VmallocTotal:   251658176 kB
VmallocUsed:      136380 kB
VmallocChunk:   251428908 kB
Time pass: 377 sec

---2015-12-05 14:07:44
MemTotal:        2905316 kB
MemFree:           75616 kB
Buffers:           28056 kB
Cached:          1036688 kB
SwapCached:            0 kB
Active:          1311700 kB
Inactive:         710968 kB
Active(anon):     802704 kB
Inactive(anon):   201196 kB
Active(file):     508996 kB
Inactive(file):   509772 kB
Unevictable:       12768 kB
Mlocked:               0 kB
SwapTotal:        720184 kB
SwapFree:         720136 kB
Dirty:                 4 kB
Writeback:             0 kB
AnonPages:        970684 kB
Mapped:           676980 kB
Shmem:             33208 kB
Slab:             120380 kB
SReclaimable:      39700 kB
SUnreclaim:        80680 kB
KernelStack:       32624 kB
PageTables:        55580 kB
NFS_Unstable:          0 kB
Bounce:                0 kB
WritebackTmp:          0 kB
CommitLimit:     2172840 kB
Committed_AS:   90350192 kB
VmallocTotal:   251658176 kB
VmallocUsed:      136380 kB
VmallocChunk:   251428908 kB
Time pass: 381 sec

---2015-12-05 14:07:44
MemTotal:        2905316 kB
MemFree:           75892 kB
Buffers:           28056 kB
Cached:          1036696 kB
SwapCached:            0 kB
Active:          1311696 kB
Inactive:         710976 kB
Active(anon):     802700 kB
Inactive(anon):   201196 kB
Active(file):     508996 kB
Inactive(file):   509780 kB
Unevictable:       12768 kB
Mlocked:               0 kB
SwapTotal:        720184 kB
SwapFree:         720136 kB
Dirty:                 4 kB
Writeback:             0 kB
AnonPages:        970792 kB
Mapped:           676984 kB
Shmem:             33208 kB
Slab:             120380 kB
SReclaimable:      39700 kB
SUnreclaim:        80680 kB
KernelStack:       32608 kB
PageTables:        55580 kB
NFS_Unstable:          0 kB
Bounce:                0 kB
WritebackTmp:          0 kB
CommitLimit:     2172840 kB
Committed_AS:   90350180 kB
VmallocTotal:   251658176 kB
VmallocUsed:      136380 kB
VmallocChunk:   251428908 kB
Time pass: 385 sec

---2015-12-05 14:07:44
MemTotal:        2905316 kB
MemFree:           75528 kB
Buffers:           28064 kB
Cached:          1036704 kB
SwapCached:            0 kB
Active:          1311868 kB
Inactive:         710984 kB
Active(anon):     802864 kB
Inactive(anon):   201196 kB
Active(file):     509004 kB
Inactive(file):   509788 kB
Unevictable:       12768 kB
Mlocked:               0 kB
SwapTotal:        720184 kB
SwapFree:         720136 kB
Dirty:                 4 kB
Writeback:             0 kB
AnonPages:        970992 kB
Mapped:           677004 kB
Shmem:             33208 kB
Slab:             120380 kB
SReclaimable:      39700 kB
SUnreclaim:        80680 kB
KernelStack:       32624 kB
PageTables:        55576 kB
NFS_Unstable:          0 kB
Bounce:                0 kB
WritebackTmp:          0 kB
CommitLimit:     2172840 kB
Committed_AS:   90350156 kB
VmallocTotal:   251658176 kB
VmallocUsed:      136380 kB
VmallocChunk:   251428908 kB
Time pass: 389 sec

---2015-12-05 14:07:44
MemTotal:        2905316 kB
MemFree:           74396 kB
Buffers:           28072 kB
Cached:          1036776 kB
SwapCached:            0 kB
Active:          1312932 kB
Inactive:         711060 kB
Active(anon):     803924 kB
Inactive(anon):   201256 kB
Active(file):     509008 kB
Inactive(file):   509804 kB
Unevictable:       12768 kB
Mlocked:               0 kB
SwapTotal:        720184 kB
SwapFree:         720136 kB
Dirty:                56 kB
Writeback:             0 kB
AnonPages:        971936 kB
Mapped:           677076 kB
Shmem:             33268 kB
Slab:             120380 kB
SReclaimable:      39700 kB
SUnreclaim:        80680 kB
KernelStack:       32608 kB
PageTables:        55624 kB
NFS_Unstable:          0 kB
Bounce:                0 kB
WritebackTmp:          0 kB
CommitLimit:     2172840 kB
Committed_AS:   90376780 kB
VmallocTotal:   251658176 kB
VmallocUsed:      136380 kB
VmallocChunk:   251428908 kB
Time pass: 393 sec

---2015-12-05 14:07:44
MemTotal:        2905316 kB
MemFree:           74292 kB
Buffers:           28072 kB
Cached:          1036780 kB
SwapCached:            0 kB
Active:          1313064 kB
Inactive:         711056 kB
Active(anon):     804048 kB
Inactive(anon):   201256 kB
Active(file):     509016 kB
Inactive(file):   509800 kB
Unevictable:       12768 kB
Mlocked:               0 kB
SwapTotal:        720184 kB
SwapFree:         720136 kB
Dirty:                12 kB
Writeback:             0 kB
AnonPages:        971992 kB
Mapped:           677076 kB
Shmem:             33268 kB
Slab:             120380 kB
SReclaimable:      39700 kB
SUnreclaim:        80680 kB
KernelStack:       32640 kB
PageTables:        55632 kB
NFS_Unstable:          0 kB
Bounce:                0 kB
WritebackTmp:          0 kB
CommitLimit:     2172840 kB
Committed_AS:   90376768 kB
VmallocTotal:   251658176 kB
VmallocUsed:      136380 kB
VmallocChunk:   251428908 kB
Time pass: 397 sec

---2015-12-05 14:07:44
MemTotal:        2905316 kB
MemFree:           74236 kB
Buffers:           28080 kB
Cached:          1036780 kB
SwapCached:            0 kB
Active:          1313288 kB
Inactive:         711064 kB
Active(anon):     804272 kB
Inactive(anon):   201256 kB
Active(file):     509016 kB
Inactive(file):   509808 kB
Unevictable:       12768 kB
Mlocked:               0 kB
SwapTotal:        720184 kB
SwapFree:         720136 kB
Dirty:                24 kB
Writeback:             0 kB
AnonPages:        972112 kB
Mapped:           677080 kB
Shmem:             33268 kB
Slab:             120380 kB
SReclaimable:      39700 kB
SUnreclaim:        80680 kB
KernelStack:       32640 kB
PageTables:        55628 kB
NFS_Unstable:          0 kB
Bounce:                0 kB
WritebackTmp:          0 kB
CommitLimit:     2172840 kB
Committed_AS:   90376768 kB
VmallocTotal:   251658176 kB
VmallocUsed:      136380 kB
VmallocChunk:   251428908 kB
Time pass: 401 sec

---2015-12-05 14:07:44
MemTotal:        2905316 kB
MemFree:           74056 kB
Buffers:           28088 kB
Cached:          1036788 kB
SwapCached:            0 kB
Active:          1313268 kB
Inactive:         711072 kB
Active(anon):     804244 kB
Inactive(anon):   201256 kB
Active(file):     509024 kB
Inactive(file):   509816 kB
Unevictable:       12768 kB
Mlocked:               0 kB
SwapTotal:        720184 kB
SwapFree:         720136 kB
Dirty:                32 kB
Writeback:             0 kB
AnonPages:        972196 kB
Mapped:           677084 kB
Shmem:             33268 kB
Slab:             120380 kB
SReclaimable:      39700 kB
SUnreclaim:        80680 kB
KernelStack:       32640 kB
PageTables:        55628 kB
NFS_Unstable:          0 kB
Bounce:                0 kB
WritebackTmp:          0 kB
CommitLimit:     2172840 kB
Committed_AS:   90376768 kB
VmallocTotal:   251658176 kB
VmallocUsed:      136380 kB
VmallocChunk:   251428908 kB
Time pass: 405 sec

---2015-12-05 14:07:44
MemTotal:        2905316 kB
MemFree:           74184 kB
Buffers:           28096 kB
Cached:          1036804 kB
SwapCached:            0 kB
Active:          1313952 kB
Inactive:         711088 kB
