---2015-12-08 17:44:29
MemTotal:        1386568 kB
MemFree:           42456 kB
Buffers:           18496 kB
Cached:           628892 kB
SwapCached:        13844 kB
Active:           494044 kB
Inactive:         546156 kB
Active(anon):     188660 kB
Inactive(anon):   209140 kB
Active(file):     305384 kB
Inactive(file):   337016 kB
Unevictable:        3132 kB
Mlocked:               0 kB
HighTotal:        849920 kB
HighFree:           9704 kB
LowTotal:         536648 kB
LowFree:           32752 kB
SwapTotal:        786428 kB
SwapFree:         681496 kB
Dirty:                 0 kB
Writeback:             0 kB
AnonPages:        392092 kB
Mapped:           335904 kB
Shmem:              1856 kB
Slab:              53792 kB
SReclaimable:      18052 kB
SUnreclaim:        35740 kB
KernelStack:       11048 kB
PageTables:        31276 kB
NFS_Unstable:          0 kB
Bounce:                0 kB
WritebackTmp:          0 kB
CommitLimit:     1479712 kB
Committed_AS:   68455652 kB
VmallocTotal:     319488 kB
VmallocUsed:       16704 kB
VmallocChunk:     189452 kB
Time pass: 3 sec

---2015-12-08 17:44:29
MemTotal:        1386568 kB
MemFree:           42712 kB
Buffers:           18504 kB
Cached:           628892 kB
SwapCached:        13844 kB
Active:           494792 kB
Inactive:         546160 kB
Active(anon):     189408 kB
Inactive(anon):   209136 kB
Active(file):     305384 kB
Inactive(file):   337024 kB
Unevictable:        3132 kB
Mlocked:               0 kB
HighTotal:        849920 kB
HighFree:           9940 kB
LowTotal:         536648 kB
LowFree:           32772 kB
SwapTotal:        786428 kB
SwapFree:         681496 kB
Dirty:                56 kB
Writeback:             0 kB
AnonPages:        392808 kB
Mapped:           335892 kB
Shmem:              1856 kB
Slab:              53792 kB
SReclaimable:      18052 kB
SUnreclaim:        35740 kB
KernelStack:       11048 kB
PageTables:        31276 kB
NFS_Unstable:          0 kB
Bounce:                0 kB
WritebackTmp:          0 kB
CommitLimit:     1479712 kB
Committed_AS:   68455708 kB
VmallocTotal:     319488 kB
VmallocUsed:       16568 kB
VmallocChunk:     189452 kB
Time pass: 7 sec

---2015-12-08 17:44:29
MemTotal:        1386568 kB
MemFree:           41864 kB
Buffers:           18512 kB
Cached:           628892 kB
SwapCached:        13844 kB
Active:           494048 kB
Inactive:         546168 kB
Active(anon):     188668 kB
Inactive(anon):   209136 kB
Active(file):     305380 kB
Inactive(file):   337032 kB
Unevictable:        3132 kB
Mlocked:               0 kB
HighTotal:        849920 kB
HighFree:           9572 kB
LowTotal:         536648 kB
LowFree:           32292 kB
SwapTotal:        786428 kB
SwapFree:         681496 kB
Dirty:                48 kB
Writeback:             0 kB
AnonPages:        392032 kB
Mapped:           335868 kB
Shmem:              1856 kB
Slab:              53664 kB
SReclaimable:      18052 kB
SUnreclaim:        35612 kB
KernelStack:       11144 kB
PageTables:        31240 kB
NFS_Unstable:          0 kB
Bounce:                0 kB
WritebackTmp:          0 kB
CommitLimit:     1479712 kB
Committed_AS:   68455268 kB
VmallocTotal:     319488 kB
VmallocUsed:       16704 kB
VmallocChunk:     189452 kB
Time pass: 11 sec

---2015-12-08 17:44:29
MemTotal:        1386568 kB
MemFree:           43184 kB
Buffers:           18512 kB
Cached:           628892 kB
SwapCached:        13844 kB
Active:           494000 kB
Inactive:         546164 kB
Active(anon):     188616 kB
Inactive(anon):   209132 kB
Active(file):     305384 kB
Inactive(file):   337032 kB
Unevictable:        3132 kB
Mlocked:               0 kB
HighTotal:        849920 kB
HighFree:          10088 kB
LowTotal:         536648 kB
LowFree:           33096 kB
SwapTotal:        786428 kB
SwapFree:         681496 kB
Dirty:                 0 kB
Writeback:             0 kB
AnonPages:        391960 kB
Mapped:           335940 kB
Shmem:              1856 kB
Slab:              53536 kB
SReclaimable:      18052 kB
SUnreclaim:        35484 kB
KernelStack:       11048 kB
PageTables:        31276 kB
NFS_Unstable:          0 kB
Bounce:                0 kB
WritebackTmp:          0 kB
CommitLimit:     1479712 kB
Committed_AS:   68455516 kB
VmallocTotal:     319488 kB
VmallocUsed:       16636 kB
VmallocChunk:     189452 kB
Time pass: 14 sec

---2015-12-08 17:44:29
MemTotal:        1386568 kB
MemFree:           39768 kB
Buffers:           18544 kB
Cached:           629272 kB
SwapCached:        13840 kB
Active:           494912 kB
Inactive:         546552 kB
Active(anon):     189528 kB
Inactive(anon):   209112 kB
Active(file):     305384 kB
Inactive(file):   337440 kB
Unevictable:        3132 kB
Mlocked:               0 kB
HighTotal:        849920 kB
HighFree:           8792 kB
LowTotal:         536648 kB
LowFree:           30976 kB
SwapTotal:        786428 kB
SwapFree:         681500 kB
Dirty:                52 kB
Writeback:             0 kB
AnonPages:        392864 kB
Mapped:           336148 kB
Shmem:              1856 kB
Slab:              53404 kB
SReclaimable:      18052 kB
SUnreclaim:        35352 kB
KernelStack:       11216 kB
PageTables:        31364 kB
NFS_Unstable:          0 kB
Bounce:                0 kB
WritebackTmp:          0 kB
CommitLimit:     1479712 kB
Committed_AS:   68456740 kB
VmallocTotal:     319488 kB
VmallocUsed:       16772 kB
VmallocChunk:     189452 kB
Time pass: 18 sec

---2015-12-08 17:44:29
MemTotal:        1386568 kB
MemFree:           42096 kB
Buffers:           18544 kB
Cached:           629268 kB
SwapCached:        13840 kB
Active:           494956 kB
Inactive:         546536 kB
Active(anon):     189560 kB
Inactive(anon):   209108 kB
Active(file):     305396 kB
Inactive(file):   337428 kB
Unevictable:        3132 kB
Mlocked:               0 kB
HighTotal:        849920 kB
HighFree:           9744 kB
LowTotal:         536648 kB
LowFree:           32352 kB
SwapTotal:        786428 kB
SwapFree:         681500 kB
Dirty:                 0 kB
Writeback:             0 kB
AnonPages:        392956 kB
Mapped:           335952 kB
Shmem:              1856 kB
Slab:              53340 kB
SReclaimable:      18052 kB
SUnreclaim:        35288 kB
KernelStack:       11048 kB
PageTables:        31276 kB
NFS_Unstable:          0 kB
Bounce:                0 kB
WritebackTmp:          0 kB
CommitLimit:     1479712 kB
Committed_AS:   68456780 kB
VmallocTotal:     319488 kB
VmallocUsed:       16704 kB
VmallocChunk:     189452 kB
Time pass: 22 sec

---2015-12-08 17:44:29
MemTotal:        1386568 kB
MemFree:           42084 kB
Buffers:           18552 kB
Cached:           629268 kB
SwapCached:        13840 kB
Active:           495740 kB
Inactive:         546540 kB
Active(anon):     190340 kB
Inactive(anon):   209108 kB
Active(file):     305400 kB
Inactive(file):   337432 kB
Unevictable:        3132 kB
Mlocked:               0 kB
HighTotal:        849920 kB
HighFree:           9772 kB
LowTotal:         536648 kB
LowFree:           32312 kB
SwapTotal:        786428 kB
SwapFree:         681500 kB
Dirty:                52 kB
Writeback:             0 kB
AnonPages:        393716 kB
Mapped:           335904 kB
Shmem:              1856 kB
Slab:              53272 kB
SReclaimable:      18052 kB
SUnreclaim:        35220 kB
KernelStack:       11048 kB
PageTables:        31276 kB
NFS_Unstable:          0 kB
Bounce:                0 kB
WritebackTmp:          0 kB
CommitLimit:     1479712 kB
Committed_AS:   68456996 kB
VmallocTotal:     319488 kB
VmallocUsed:       16568 kB
VmallocChunk:     189452 kB
Time pass: 25 sec

---2015-12-08 17:44:29
MemTotal:        1386568 kB
MemFree:           41248 kB
Buffers:           18560 kB
Cached:           629356 kB
SwapCached:        13840 kB
Active:           495844 kB
Inactive:         546636 kB
Active(anon):     190444 kB
Inactive(anon):   209108 kB
Active(file):     305400 kB
Inactive(file):   337528 kB
Unevictable:        3132 kB
Mlocked:               0 kB
HighTotal:        849920 kB
HighFree:           9424 kB
LowTotal:         536648 kB
LowFree:           31824 kB
SwapTotal:        786428 kB
SwapFree:         681500 kB
Dirty:                44 kB
Writeback:             0 kB
AnonPages:        393820 kB
Mapped:           335912 kB
Shmem:              1856 kB
Slab:              53784 kB
SReclaimable:      18052 kB
SUnreclaim:        35732 kB
KernelStack:       11064 kB
PageTables:        31276 kB
NFS_Unstable:          0 kB
Bounce:                0 kB
WritebackTmp:          0 kB
CommitLimit:     1479712 kB
Committed_AS:   68456356 kB
VmallocTotal:     319488 kB
VmallocUsed:       16568 kB
VmallocChunk:     189452 kB
Time pass: 29 sec

---2015-12-08 17:44:29
MemTotal:        1386568 kB
MemFree:           42876 kB
Buffers:           18560 kB
Cached:           629356 kB
SwapCached:        13840 kB
Active:           494460 kB
Inactive:         546632 kB
Active(anon):     189060 kB
Inactive(anon):   209108 kB
Active(file):     305400 kB
Inactive(file):   337524 kB
Unevictable:        3132 kB
Mlocked:               0 kB
HighTotal:        849920 kB
HighFree:          10284 kB
LowTotal:         536648 kB
LowFree:           32592 kB
SwapTotal:        786428 kB
SwapFree:         681500 kB
Dirty:                 0 kB
Writeback:             0 kB
AnonPages:        392388 kB
Mapped:           335912 kB
Shmem:              1856 kB
Slab:              53592 kB
SReclaimable:      18052 kB
SUnreclaim:        35540 kB
KernelStack:       11048 kB
PageTables:        31276 kB
NFS_Unstable:          0 kB
Bounce:                0 kB
WritebackTmp:          0 kB
CommitLimit:     1479712 kB
Committed_AS:   68456596 kB
VmallocTotal:     319488 kB
VmallocUsed:       16568 kB
VmallocChunk:     189452 kB
Time pass: 33 sec

---2015-12-08 17:44:29
MemTotal:        1386568 kB
MemFree:           31808 kB
Buffers:           18164 kB
Cached:           624336 kB
SwapCached:        13860 kB
Active:           503788 kB
Inactive:         542412 kB
Active(anon):     196696 kB
Inactive(anon):   211992 kB
Active(file):     307092 kB
Inactive(file):   330420 kB
Unevictable:        3132 kB
Mlocked:               0 kB
HighTotal:        849920 kB
HighFree:          10404 kB
LowTotal:         536648 kB
LowFree:           21404 kB
SwapTotal:        786428 kB
SwapFree:         681128 kB
Dirty:                64 kB
Writeback:             0 kB
AnonPages:        402956 kB
Mapped:           338872 kB
Shmem:              1856 kB
Slab:              53212 kB
SReclaimable:      18060 kB
SUnreclaim:        35152 kB
KernelStack:       11088 kB
PageTables:        31356 kB
NFS_Unstable:          0 kB
Bounce:                0 kB
WritebackTmp:          0 kB
CommitLimit:     1479712 kB
Committed_AS:   68468492 kB
VmallocTotal:     319488 kB
VmallocUsed:       16816 kB
VmallocChunk:     189452 kB
Time pass: 37 sec

---2015-12-08 17:44:29
MemTotal:        1386568 kB
MemFree:           29536 kB
Buffers:           18172 kB
Cached:           618704 kB
SwapCached:        13860 kB
Active:           506056 kB
Inactive:         537732 kB
Active(anon):     198624 kB
Inactive(anon):   213280 kB
Active(file):     307432 kB
Inactive(file):   324452 kB
Unevictable:        3132 kB
Mlocked:               0 kB
HighTotal:        849920 kB
HighFree:           9852 kB
LowTotal:         536648 kB
LowFree:           19684 kB
SwapTotal:        786428 kB
SwapFree:         680784 kB
Dirty:               104 kB
Writeback:             0 kB
AnonPages:        406244 kB
Mapped:           337924 kB
Shmem:              1856 kB
Slab:              53084 kB
SReclaimable:      18060 kB
SUnreclaim:        35024 kB
KernelStack:       11208 kB
PageTables:        31404 kB
NFS_Unstable:          0 kB
Bounce:                0 kB
WritebackTmp:          0 kB
CommitLimit:     1479712 kB
Committed_AS:   68475704 kB
VmallocTotal:     319488 kB
VmallocUsed:       16952 kB
VmallocChunk:     189452 kB
Time pass: 40 sec

---2015-12-08 17:44:29
MemTotal:        1386568 kB
MemFree:           29796 kB
Buffers:           18172 kB
Cached:           617244 kB
SwapCached:        13868 kB
Active:           519100 kB
Inactive:         535784 kB
Active(anon):     211160 kB
Inactive(anon):   213520 kB
Active(file):     307940 kB
Inactive(file):   322264 kB
Unevictable:        3132 kB
Mlocked:               0 kB
HighTotal:        849920 kB
HighFree:           8692 kB
LowTotal:         536648 kB
LowFree:           21104 kB
SwapTotal:        786428 kB
SwapFree:         680544 kB
Dirty:                92 kB
Writeback:             0 kB
AnonPages:        418636 kB
Mapped:           335512 kB
Shmem:              1860 kB
Slab:              53500 kB
SReclaimable:      18068 kB
SUnreclaim:        35432 kB
KernelStack:       11168 kB
PageTables:        31364 kB
NFS_Unstable:          0 kB
Bounce:                0 kB
WritebackTmp:          0 kB
CommitLimit:     1479712 kB
Committed_AS:   68490928 kB
VmallocTotal:     319488 kB
VmallocUsed:       16844 kB
VmallocChunk:     189452 kB
Time pass: 44 sec

---2015-12-08 17:44:29
MemTotal:        1386568 kB
MemFree:           29740 kB
Buffers:           18188 kB
Cached:           612824 kB
SwapCached:        13876 kB
Active:           515568 kB
Inactive:         535088 kB
Active(anon):     207052 kB
Inactive(anon):   217648 kB
Active(file):     308516 kB
Inactive(file):   317440 kB
Unevictable:        3132 kB
Mlocked:               0 kB
HighTotal:        849920 kB
HighFree:           8724 kB
LowTotal:         536648 kB
LowFree:           21016 kB
SwapTotal:        786428 kB
SwapFree:         680128 kB
Dirty:               980 kB
Writeback:             0 kB
AnonPages:        418940 kB
Mapped:           337608 kB
Shmem:              1860 kB
Slab:              53940 kB
SReclaimable:      18116 kB
SUnreclaim:        35824 kB
KernelStack:       11216 kB
PageTables:        31408 kB
NFS_Unstable:          0 kB
Bounce:                0 kB
WritebackTmp:          0 kB
CommitLimit:     1479712 kB
Committed_AS:   68488232 kB
VmallocTotal:     319488 kB
VmallocUsed:       16792 kB
VmallocChunk:     189452 kB
Time pass: 48 sec

---2015-12-08 17:44:29
MemTotal:        1386568 kB
MemFree:           34528 kB
Buffers:           18196 kB
Cached:           610820 kB
SwapCached:        13896 kB
Active:           516172 kB
Inactive:         532264 kB
Active(anon):     207216 kB
Inactive(anon):   217204 kB
Active(file):     308956 kB
Inactive(file):   315060 kB
Unevictable:        3132 kB
Mlocked:               0 kB
HighTotal:        849920 kB
HighFree:          14684 kB
LowTotal:         536648 kB
LowFree:           19844 kB
SwapTotal:        786428 kB
SwapFree:         679860 kB
Dirty:               440 kB
Writeback:             0 kB
AnonPages:        418824 kB
Mapped:           339788 kB
Shmem:              1860 kB
Slab:              53740 kB
SReclaimable:      18084 kB
SUnreclaim:        35656 kB
KernelStack:       11136 kB
PageTables:        31420 kB
NFS_Unstable:          0 kB
Bounce:                0 kB
WritebackTmp:          0 kB
CommitLimit:     1479712 kB
Committed_AS:   68488392 kB
VmallocTotal:     319488 kB
VmallocUsed:       16940 kB
VmallocChunk:     189452 kB
Time pass: 51 sec

---2015-12-08 17:44:29
MemTotal:        1386568 kB
MemFree:           32452 kB
Buffers:           18196 kB
Cached:           605848 kB
SwapCached:        13948 kB
Active:           518320 kB
Inactive:         526440 kB
Active(anon):     209244 kB
Inactive(anon):   216464 kB
Active(file):     309076 kB
Inactive(file):   309976 kB
Unevictable:        3132 kB
Mlocked:               0 kB
HighTotal:        849920 kB
HighFree:          10416 kB
LowTotal:         536648 kB
LowFree:           22036 kB
SwapTotal:        786428 kB
SwapFree:         678652 kB
Dirty:               296 kB
Writeback:             0 kB
AnonPages:        419992 kB
Mapped:           337776 kB
Shmem:              1860 kB
Slab:              53520 kB
SReclaimable:      18084 kB
SUnreclaim:        35436 kB
KernelStack:       11232 kB
PageTables:        31444 kB
NFS_Unstable:          0 kB
Bounce:                0 kB
WritebackTmp:          0 kB
CommitLimit:     1479712 kB
Committed_AS:   68488240 kB
VmallocTotal:     319488 kB
VmallocUsed:       16952 kB
VmallocChunk:     189452 kB
Time pass: 55 sec

---2015-12-08 17:44:29
MemTotal:        1386568 kB
MemFree:           33996 kB
Buffers:           18212 kB
Cached:           605888 kB
SwapCached:        13948 kB
Active:           519116 kB
Inactive:         526468 kB
Active(anon):     210028 kB
Inactive(anon):   216448 kB
Active(file):     309088 kB
Inactive(file):   310020 kB
Unevictable:        3132 kB
Mlocked:               0 kB
HighTotal:        849920 kB
HighFree:          10756 kB
LowTotal:         536648 kB
LowFree:           23240 kB
SwapTotal:        786428 kB
SwapFree:         678652 kB
Dirty:                84 kB
Writeback:             0 kB
AnonPages:        420644 kB
Mapped:           337972 kB
Shmem:              1860 kB
Slab:              53804 kB
SReclaimable:      18084 kB
SUnreclaim:        35720 kB
KernelStack:       11136 kB
PageTables:        31444 kB
NFS_Unstable:          0 kB
Bounce:                0 kB
WritebackTmp:          0 kB
CommitLimit:     1479712 kB
Committed_AS:   68488368 kB
VmallocTotal:     319488 kB
VmallocUsed:       16748 kB
VmallocChunk:     189452 kB
Time pass: 59 sec

---2015-12-08 17:44:29
MemTotal:        1386568 kB
MemFree:           33340 kB
Buffers:           18144 kB
Cached:           596488 kB
SwapCached:        13996 kB
Active:           517416 kB
Inactive:         519068 kB
Active(anon):     211700 kB
Inactive(anon):   215236 kB
Active(file):     305716 kB
Inactive(file):   303832 kB
Unevictable:        3132 kB
Mlocked:               0 kB
HighTotal:        849920 kB
HighFree:          11380 kB
LowTotal:         536648 kB
LowFree:           21960 kB
SwapTotal:        786428 kB
SwapFree:         675288 kB
Dirty:               580 kB
Writeback:             0 kB
AnonPages:        420988 kB
Mapped:           335484 kB
Shmem:              1860 kB
Slab:              53780 kB
SReclaimable:      18100 kB
SUnreclaim:        35680 kB
KernelStack:       11264 kB
PageTables:        31452 kB
NFS_Unstable:          0 kB
Bounce:                0 kB
WritebackTmp:          0 kB
CommitLimit:     1479712 kB
Committed_AS:   68491840 kB
VmallocTotal:     319488 kB
VmallocUsed:       16908 kB
VmallocChunk:     189452 kB
Time pass: 63 sec

---2015-12-08 17:44:29
MemTotal:        1386568 kB
MemFree:           31140 kB
Buffers:           18152 kB
Cached:           597364 kB
SwapCached:        13996 kB
Active:           520244 kB
Inactive:         519300 kB
Active(anon):     213956 kB
Inactive(anon):   215088 kB
Active(file):     306288 kB
Inactive(file):   304212 kB
Unevictable:        3132 kB
Mlocked:               0 kB
HighTotal:        849920 kB
HighFree:           8780 kB
LowTotal:         536648 kB
LowFree:           22360 kB
SwapTotal:        786428 kB
SwapFree:         675288 kB
Dirty:               636 kB
Writeback:             0 kB
AnonPages:        423216 kB
Mapped:           336280 kB
Shmem:              1860 kB
Slab:              53720 kB
SReclaimable:      18140 kB
SUnreclaim:        35580 kB
KernelStack:       11224 kB
PageTables:        31468 kB
NFS_Unstable:          0 kB
Bounce:                0 kB
WritebackTmp:          0 kB
CommitLimit:     1479712 kB
Committed_AS:   68496280 kB
VmallocTotal:     319488 kB
VmallocUsed:       16976 kB
VmallocChunk:     189452 kB
Time pass: 66 sec

---2015-12-08 17:44:29
MemTotal:        1386568 kB
MemFree:           31516 kB
Buffers:           17820 kB
Cached:           588664 kB
SwapCached:        14056 kB
Active:           519448 kB
Inactive:         519320 kB
Active(anon):     218764 kB
Inactive(anon):   218500 kB
Active(file):     300684 kB
Inactive(file):   300820 kB
Unevictable:        3132 kB
Mlocked:               0 kB
HighTotal:        849920 kB
HighFree:          10012 kB
LowTotal:         536648 kB
LowFree:           21504 kB
SwapTotal:        786428 kB
SwapFree:         672864 kB
Dirty:               348 kB
Writeback:             0 kB
AnonPages:        431340 kB
Mapped:           332008 kB
Shmem:              1852 kB
Slab:              54100 kB
SReclaimable:      18132 kB
SUnreclaim:        35968 kB
KernelStack:       11296 kB
PageTables:        31564 kB
NFS_Unstable:          0 kB
Bounce:                0 kB
WritebackTmp:          0 kB
CommitLimit:     1479712 kB
Committed_AS:   68508112 kB
VmallocTotal:     319488 kB
VmallocUsed:       16976 kB
VmallocChunk:     189452 kB
Time pass: 71 sec

---2015-12-08 17:44:29
MemTotal:        1386568 kB
MemFree:           30228 kB
Buffers:           17788 kB
Cached:           577412 kB
SwapCached:        14172 kB
Active:           516928 kB
Inactive:         516392 kB
Active(anon):     222008 kB
Inactive(anon):   221256 kB
Active(file):     294920 kB
Inactive(file):   295136 kB
Unevictable:        3132 kB
Mlocked:               0 kB
HighTotal:        849920 kB
HighFree:           9856 kB
LowTotal:         536648 kB
LowFree:           20372 kB
SwapTotal:        786428 kB
SwapFree:         668800 kB
Dirty:                64 kB
Writeback:             0 kB
AnonPages:        437244 kB
Mapped:           323820 kB
Shmem:              2012 kB
Slab:              53996 kB
SReclaimable:      18132 kB
SUnreclaim:        35864 kB
KernelStack:       11480 kB
PageTables:        31684 kB
NFS_Unstable:          0 kB
Bounce:                0 kB
WritebackTmp:          0 kB
CommitLimit:     1479712 kB
Committed_AS:   68530736 kB
VmallocTotal:     319488 kB
VmallocUsed:       16976 kB
VmallocChunk:     189452 kB
Time pass: 75 sec

---2015-12-08 17:44:29
MemTotal:        1386568 kB
MemFree:           25664 kB
Buffers:           17696 kB
Cached:           552008 kB
SwapCached:        14168 kB
Active:           503108 kB
Inactive:         502460 kB
Active(anon):     220892 kB
Inactive(anon):   220212 kB
Active(file):     282216 kB
Inactive(file):   282248 kB
Unevictable:        3132 kB
Mlocked:               0 kB
HighTotal:        849920 kB
HighFree:          10164 kB
LowTotal:         536648 kB
LowFree:           15500 kB
SwapTotal:        786428 kB
SwapFree:         664456 kB
Dirty:                 0 kB
Writeback:             0 kB
AnonPages:        434924 kB
Mapped:           315164 kB
Shmem:              2108 kB
Slab:              53656 kB
SReclaimable:      17768 kB
SUnreclaim:        35888 kB
KernelStack:       11480 kB
PageTables:        31800 kB
NFS_Unstable:          0 kB
Bounce:                0 kB
WritebackTmp:          0 kB
CommitLimit:     1479712 kB
Committed_AS:   68534896 kB
VmallocTotal:     319488 kB
VmallocUsed:       16976 kB
VmallocChunk:     189452 kB
Time pass: 79 sec

---2015-12-08 17:44:29
MemTotal:        1386568 kB
MemFree:           24176 kB
Buffers:           17696 kB
Cached:           552132 kB
SwapCached:        14172 kB
Active:           504168 kB
Inactive:         502572 kB
Active(anon):     221948 kB
Inactive(anon):   220312 kB
Active(file):     282220 kB
Inactive(file):   282260 kB
Unevictable:        3132 kB
Mlocked:               0 kB
HighTotal:        849920 kB
HighFree:           9044 kB
LowTotal:         536648 kB
LowFree:           15132 kB
SwapTotal:        786428 kB
SwapFree:         664456 kB
Dirty:                72 kB
Writeback:             0 kB
AnonPages:        436040 kB
Mapped:           315424 kB
Shmem:              2216 kB
Slab:              53768 kB
SReclaimable:      17768 kB
SUnreclaim:        36000 kB
KernelStack:       11512 kB
PageTables:        31816 kB
NFS_Unstable:          0 kB
Bounce:                0 kB
WritebackTmp:          0 kB
CommitLimit:     1479712 kB
Committed_AS:   68534848 kB
VmallocTotal:     319488 kB
VmallocUsed:       16976 kB
VmallocChunk:     189452 kB
Time pass: 82 sec

---2015-12-08 17:44:29
MemTotal:        1386568 kB
MemFree:           27580 kB
Buffers:           17712 kB
Cached:           549680 kB
SwapCached:        14168 kB
Active:           501656 kB
Inactive:         502132 kB
Active(anon):     220756 kB
Inactive(anon):   221040 kB
Active(file):     280900 kB
Inactive(file):   281092 kB
Unevictable:        3132 kB
Mlocked:               0 kB
HighTotal:        849920 kB
HighFree:          11064 kB
LowTotal:         536648 kB
LowFree:           16516 kB
SwapTotal:        786428 kB
SwapFree:         664204 kB
Dirty:                68 kB
Writeback:             0 kB
AnonPages:        435612 kB
Mapped:           313580 kB
Shmem:              2268 kB
Slab:              53748 kB
SReclaimable:      17768 kB
SUnreclaim:        35980 kB
KernelStack:       11488 kB
PageTables:        31796 kB
NFS_Unstable:          0 kB
Bounce:                0 kB
WritebackTmp:          0 kB
CommitLimit:     1479712 kB
Committed_AS:   68535056 kB
VmallocTotal:     319488 kB
VmallocUsed:       16976 kB
VmallocChunk:     189452 kB
Time pass: 86 sec

---2015-12-08 17:44:29
MemTotal:        1386568 kB
MemFree:           27392 kB
Buffers:           17712 kB
Cached:           549680 kB
SwapCached:        14168 kB
Active:           501832 kB
Inactive:         502104 kB
Active(anon):     220932 kB
Inactive(anon):   221012 kB
Active(file):     280900 kB
Inactive(file):   281092 kB
Unevictable:        3132 kB
Mlocked:               0 kB
HighTotal:        849920 kB
HighFree:          10788 kB
LowTotal:         536648 kB
LowFree:           16604 kB
SwapTotal:        786428 kB
SwapFree:         664248 kB
Dirty:                12 kB
Writeback:             0 kB
AnonPages:        435692 kB
Mapped:           313596 kB
Shmem:              2268 kB
Slab:              53660 kB
SReclaimable:      17768 kB
SUnreclaim:        35892 kB
KernelStack:       11488 kB
PageTables:        31788 kB
NFS_Unstable:          0 kB
Bounce:                0 kB
WritebackTmp:          0 kB
CommitLimit:     1479712 kB
Committed_AS:   68535536 kB
VmallocTotal:     319488 kB
VmallocUsed:       16976 kB
VmallocChunk:     189452 kB
Time pass: 90 sec

---2015-12-08 17:44:29
MemTotal:        1386568 kB
MemFree:           31500 kB
Buffers:           17340 kB
Cached:           546400 kB
SwapCached:        14168 kB
Active:           497664 kB
Inactive:         500948 kB
Active(anon):     218488 kB
Inactive(anon):   221784 kB
Active(file):     279176 kB
Inactive(file):   279164 kB
Unevictable:        3132 kB
Mlocked:               0 kB
HighTotal:        849920 kB
HighFree:          13288 kB
LowTotal:         536648 kB
LowFree:           18212 kB
SwapTotal:        786428 kB
SwapFree:         663800 kB
Dirty:                80 kB
Writeback:             0 kB
AnonPages:        433996 kB
Mapped:           311416 kB
Shmem:              2268 kB
Slab:              53848 kB
SReclaimable:      17768 kB
SUnreclaim:        36080 kB
KernelStack:       11520 kB
PageTables:        31860 kB
NFS_Unstable:          0 kB
Bounce:                0 kB
WritebackTmp:          0 kB
CommitLimit:     1479712 kB
Committed_AS:   68539384 kB
VmallocTotal:     319488 kB
VmallocUsed:       16976 kB
VmallocChunk:     189452 kB
Time pass: 94 sec

---2015-12-08 17:44:29
MemTotal:        1386568 kB
MemFree:           33048 kB
Buffers:           17356 kB
Cached:           546420 kB
SwapCached:        14168 kB
Active:           497508 kB
Inactive:         500956 kB
Active(anon):     218336 kB
Inactive(anon):   221788 kB
Active(file):     279172 kB
Inactive(file):   279168 kB
Unevictable:        3132 kB
Mlocked:               0 kB
HighTotal:        849920 kB
HighFree:          14248 kB
LowTotal:         536648 kB
LowFree:           18800 kB
SwapTotal:        786428 kB
SwapFree:         663800 kB
Dirty:                88 kB
Writeback:             8 kB
AnonPages:        433760 kB
Mapped:           311424 kB
Shmem:              2296 kB
Slab:              53432 kB
SReclaimable:      17768 kB
SUnreclaim:        35664 kB
KernelStack:       11480 kB
PageTables:        31784 kB
NFS_Unstable:          0 kB
Bounce:                0 kB
WritebackTmp:          0 kB
CommitLimit:     1479712 kB
Committed_AS:   68539464 kB
VmallocTotal:     319488 kB
VmallocUsed:       16976 kB
VmallocChunk:     189452 kB
Time pass: 98 sec

---2015-12-08 17:44:29
MemTotal:        1386568 kB
MemFree:           31544 kB
Buffers:           17356 kB
Cached:           546432 kB
SwapCached:        14168 kB
Active:           498540 kB
Inactive:         500884 kB
Active(anon):     219364 kB
Inactive(anon):   221700 kB
Active(file):     279176 kB
Inactive(file):   279184 kB
Unevictable:        3132 kB
Mlocked:               0 kB
HighTotal:        849920 kB
HighFree:          12672 kB
LowTotal:         536648 kB
LowFree:           18872 kB
SwapTotal:        786428 kB
SwapFree:         663808 kB
Dirty:                20 kB
Writeback:             0 kB
AnonPages:        434812 kB
Mapped:           311424 kB
Shmem:              2296 kB
Slab:              53720 kB
SReclaimable:      17768 kB
SUnreclaim:        35952 kB
KernelStack:       11480 kB
PageTables:        31784 kB
NFS_Unstable:          0 kB
Bounce:                0 kB
WritebackTmp:          0 kB
CommitLimit:     1479712 kB
Committed_AS:   68539544 kB
VmallocTotal:     319488 kB
VmallocUsed:       16976 kB
VmallocChunk:     189452 kB
Time pass: 102 sec

---2015-12-08 17:44:29
MemTotal:        1386568 kB
MemFree:           30212 kB
Buffers:           17364 kB
Cached:           546464 kB
SwapCached:        14168 kB
Active:           497244 kB
Inactive:         500920 kB
Active(anon):     218068 kB
Inactive(anon):   221728 kB
Active(file):     279176 kB
Inactive(file):   279192 kB
Unevictable:        3132 kB
Mlocked:               0 kB
HighTotal:        849920 kB
HighFree:          13016 kB
LowTotal:         536648 kB
LowFree:           17196 kB
SwapTotal:        786428 kB
SwapFree:         663808 kB
Dirty:                36 kB
Writeback:             0 kB
AnonPages:        433412 kB
Mapped:           311520 kB
Shmem:              2328 kB
Slab:              53724 kB
SReclaimable:      17768 kB
SUnreclaim:        35956 kB
KernelStack:       11472 kB
PageTables:        31816 kB
NFS_Unstable:          0 kB
Bounce:                0 kB
WritebackTmp:          0 kB
CommitLimit:     1479712 kB
Committed_AS:   68539808 kB
VmallocTotal:     319488 kB
VmallocUsed:       16976 kB
VmallocChunk:     189452 kB
Time pass: 106 sec

---2015-12-08 17:44:29
MemTotal:        1386568 kB
MemFree:           30192 kB
Buffers:           17372 kB
Cached:           546464 kB
SwapCached:        14168 kB
Active:           497224 kB
Inactive:         500924 kB
Active(anon):     218048 kB
Inactive(anon):   221724 kB
Active(file):     279176 kB
Inactive(file):   279200 kB
Unevictable:        3132 kB
Mlocked:               0 kB
HighTotal:        849920 kB
HighFree:          13024 kB
LowTotal:         536648 kB
LowFree:           17168 kB
SwapTotal:        786428 kB
SwapFree:         663808 kB
Dirty:                24 kB
Writeback:             0 kB
AnonPages:        433572 kB
Mapped:           311364 kB
Shmem:              2328 kB
Slab:              53692 kB
SReclaimable:      17768 kB
SUnreclaim:        35924 kB
KernelStack:       11488 kB
PageTables:        31832 kB
NFS_Unstable:          0 kB
Bounce:                0 kB
WritebackTmp:          0 kB
CommitLimit:     1479712 kB
Committed_AS:   68539864 kB
VmallocTotal:     319488 kB
VmallocUsed:       16976 kB
VmallocChunk:     189452 kB
Time pass: 110 sec

---2015-12-08 17:44:29
MemTotal:        1386568 kB
MemFree:           30308 kB
Buffers:           17380 kB
Cached:           546456 kB
SwapCached:        14168 kB
Active:           497492 kB
Inactive:         500900 kB
Active(anon):     218316 kB
Inactive(anon):   221700 kB
Active(file):     279176 kB
Inactive(file):   279200 kB
Unevictable:        3132 kB
Mlocked:               0 kB
HighTotal:        849920 kB
HighFree:          13108 kB
LowTotal:         536648 kB
LowFree:           17200 kB
SwapTotal:        786428 kB
SwapFree:         663808 kB
Dirty:                32 kB
Writeback:             0 kB
AnonPages:        433712 kB
Mapped:           311364 kB
Shmem:              2328 kB
Slab:              53660 kB
SReclaimable:      17768 kB
SUnreclaim:        35892 kB
KernelStack:       11488 kB
PageTables:        31836 kB
NFS_Unstable:          0 kB
Bounce:                0 kB
WritebackTmp:          0 kB
CommitLimit:     1479712 kB
Committed_AS:   68540080 kB
VmallocTotal:     319488 kB
VmallocUsed:       16976 kB
VmallocChunk:     189452 kB
Time pass: 114 sec

---2015-12-08 17:44:29
MemTotal:        1386568 kB
MemFree:           29732 kB
Buffers:           17380 kB
Cached:           546604 kB
SwapCached:        14168 kB
Active:           497720 kB
Inactive:         500952 kB
Active(anon):     218544 kB
Inactive(anon):   221744 kB
Active(file):     279176 kB
Inactive(file):   279208 kB
Unevictable:        3132 kB
Mlocked:               0 kB
HighTotal:        849920 kB
HighFree:          12536 kB
LowTotal:         536648 kB
LowFree:           17196 kB
SwapTotal:        786428 kB
SwapFree:         663844 kB
Dirty:                 8 kB
Writeback:             0 kB
AnonPages:        433748 kB
Mapped:           311652 kB
Shmem:              2468 kB
Slab:              53792 kB
SReclaimable:      17768 kB
SUnreclaim:        36024 kB
KernelStack:       11488 kB
PageTables:        31828 kB
NFS_Unstable:          0 kB
Bounce:                0 kB
WritebackTmp:          0 kB
CommitLimit:     1479712 kB
Committed_AS:   68542224 kB
VmallocTotal:     319488 kB
VmallocUsed:       16976 kB
VmallocChunk:     189452 kB
Time pass: 118 sec

---2015-12-08 17:44:29
MemTotal:        1386568 kB
MemFree:           54712 kB
Buffers:           15448 kB
Cached:           534356 kB
SwapCached:        14168 kB
Active:           484472 kB
Inactive:         491212 kB
Active(anon):     213024 kB
Inactive(anon):   217896 kB
Active(file):     271448 kB
Inactive(file):   273316 kB
Unevictable:        3132 kB
Mlocked:               0 kB
HighTotal:        849920 kB
HighFree:          27208 kB
LowTotal:         536648 kB
LowFree:           27504 kB
SwapTotal:        786428 kB
SwapFree:         662084 kB
Dirty:                56 kB
Writeback:             0 kB
AnonPages:        425024 kB
Mapped:           310320 kB
Shmem:              1852 kB
Slab:              54172 kB
SReclaimable:      17768 kB
SUnreclaim:        36404 kB
KernelStack:       11256 kB
PageTables:        31904 kB
NFS_Unstable:          0 kB
Bounce:                0 kB
WritebackTmp:          0 kB
CommitLimit:     1479712 kB
Committed_AS:   71216984 kB
VmallocTotal:     319488 kB
VmallocUsed:       16896 kB
VmallocChunk:     189452 kB
Time pass: 121 sec

---2015-12-08 17:44:29
MemTotal:        1386568 kB
MemFree:          118340 kB
Buffers:           15784 kB
Cached:           560872 kB
SwapCached:        14804 kB
Active:           462212 kB
Inactive:         494144 kB
Active(anon):     188808 kB
Inactive(anon):   195928 kB
Active(file):     273404 kB
Inactive(file):   298216 kB
Unevictable:        3132 kB
Mlocked:               0 kB
HighTotal:        849920 kB
HighFree:          55684 kB
LowTotal:         536648 kB
LowFree:           62656 kB
SwapTotal:        786428 kB
SwapFree:         662208 kB
Dirty:              1036 kB
Writeback:             0 kB
AnonPages:        378680 kB
Mapped:           263884 kB
Shmem:              1852 kB
Slab:              53912 kB
SReclaimable:      17760 kB
SUnreclaim:        36152 kB
KernelStack:       11280 kB
PageTables:        32396 kB
NFS_Unstable:          0 kB
Bounce:                0 kB
WritebackTmp:          0 kB
CommitLimit:     1479712 kB
Committed_AS:   72182024 kB
VmallocTotal:     319488 kB
VmallocUsed:       16840 kB
VmallocChunk:     189452 kB
Time pass: 125 sec

---2015-12-08 17:44:29
MemTotal:        1386568 kB
MemFree:          100276 kB
Buffers:           15792 kB
Cached:           561252 kB
SwapCached:        14808 kB
Active:           472504 kB
Inactive:         494500 kB
Active(anon):     199080 kB
Inactive(anon):   195872 kB
Active(file):     273424 kB
Inactive(file):   298628 kB
Unevictable:        3132 kB
Mlocked:               0 kB
HighTotal:        849920 kB
HighFree:          38160 kB
LowTotal:         536648 kB
LowFree:           62116 kB
SwapTotal:        786428 kB
SwapFree:         662208 kB
Dirty:               132 kB
Writeback:             0 kB
AnonPages:        388964 kB
Mapped:           266476 kB
Shmem:              1856 kB
Slab:              54164 kB
SReclaimable:      17760 kB
SUnreclaim:        36404 kB
KernelStack:       11296 kB
PageTables:        32572 kB
NFS_Unstable:          0 kB
Bounce:                0 kB
WritebackTmp:          0 kB
CommitLimit:     1479712 kB
Committed_AS:   72201060 kB
VmallocTotal:     319488 kB
VmallocUsed:       16792 kB
VmallocChunk:     189452 kB
Time pass: 129 sec

---2015-12-08 17:44:29
MemTotal:        1386568 kB
MemFree:           83776 kB
Buffers:           15808 kB
Cached:           563112 kB
SwapCached:        14808 kB
Active:           477084 kB
Inactive:         493492 kB
Active(anon):     203604 kB
Inactive(anon):   193124 kB
Active(file):     273480 kB
Inactive(file):   300368 kB
Unevictable:        3132 kB
Mlocked:               0 kB
HighTotal:        849920 kB
HighFree:          27000 kB
LowTotal:         536648 kB
LowFree:           56776 kB
SwapTotal:        786428 kB
SwapFree:         662208 kB
Dirty:               900 kB
Writeback:             0 kB
AnonPages:        390612 kB
Mapped:           274036 kB
Shmem:              1856 kB
Slab:              54432 kB
SReclaimable:      17760 kB
SUnreclaim:        36672 kB
KernelStack:       11368 kB
PageTables:        32652 kB
NFS_Unstable:          0 kB
Bounce:                0 kB
WritebackTmp:          0 kB
CommitLimit:     1479712 kB
Committed_AS:   72205556 kB
VmallocTotal:     319488 kB
VmallocUsed:       16832 kB
VmallocChunk:     189452 kB
Time pass: 133 sec

---2015-12-08 17:44:29
MemTotal:        1386568 kB
MemFree:           67092 kB
Buffers:           15856 kB
Cached:           563272 kB
SwapCached:        14808 kB
Active:           482796 kB
Inactive:         493460 kB
Active(anon):     209016 kB
Inactive(anon):   193100 kB
Active(file):     273780 kB
Inactive(file):   300360 kB
Unevictable:        3132 kB
Mlocked:               0 kB
HighTotal:        849920 kB
HighFree:          10744 kB
LowTotal:         536648 kB
LowFree:           56348 kB
SwapTotal:        786428 kB
SwapFree:         662208 kB
Dirty:               460 kB
Writeback:             0 kB
AnonPages:        396248 kB
Mapped:           283604 kB
Shmem:              1856 kB
Slab:              54304 kB
SReclaimable:      17752 kB
SUnreclaim:        36552 kB
KernelStack:       11376 kB
PageTables:        32680 kB
NFS_Unstable:          0 kB
Bounce:                0 kB
WritebackTmp:          0 kB
CommitLimit:     1479712 kB
Committed_AS:   72214764 kB
VmallocTotal:     319488 kB
VmallocUsed:       16916 kB
VmallocChunk:     189452 kB
Time pass: 137 sec

---2015-12-08 17:44:29
MemTotal:        1386568 kB
MemFree:           54496 kB
Buffers:           15856 kB
Cached:           563696 kB
SwapCached:        14808 kB
Active:           486560 kB
Inactive:         493112 kB
Active(anon):     212008 kB
Inactive(anon):   193100 kB
Active(file):     274552 kB
Inactive(file):   300012 kB
Unevictable:        3132 kB
Mlocked:               0 kB
HighTotal:        849920 kB
HighFree:           8924 kB
LowTotal:         536648 kB
LowFree:           45572 kB
SwapTotal:        786428 kB
SwapFree:         662208 kB
Dirty:               476 kB
Writeback:             0 kB
AnonPages:        398972 kB
Mapped:           295048 kB
Shmem:              1856 kB
Slab:              54336 kB
SReclaimable:      17744 kB
SUnreclaim:        36592 kB
KernelStack:       11304 kB
PageTables:        32700 kB
NFS_Unstable:          0 kB
Bounce:                0 kB
WritebackTmp:          0 kB
CommitLimit:     1479712 kB
Committed_AS:   72214572 kB
VmallocTotal:     319488 kB
VmallocUsed:       16792 kB
VmallocChunk:     189452 kB
Time pass: 140 sec

---2015-12-08 17:44:29
MemTotal:        1386568 kB
MemFree:           35476 kB
Buffers:           15864 kB
Cached:           564304 kB
SwapCached:        14808 kB
Active:           492248 kB
Inactive:         493672 kB
Active(anon):     217664 kB
Inactive(anon):   193076 kB
Active(file):     274584 kB
Inactive(file):   300596 kB
Unevictable:        3132 kB
Mlocked:               0 kB
HighTotal:        849920 kB
HighFree:           9272 kB
LowTotal:         536648 kB
LowFree:           26204 kB
SwapTotal:        786428 kB
SwapFree:         662208 kB
Dirty:               104 kB
Writeback:             0 kB
AnonPages:        404644 kB
Mapped:           304056 kB
Shmem:              1856 kB
Slab:              54120 kB
SReclaimable:      17752 kB
SUnreclaim:        36368 kB
KernelStack:       11376 kB
PageTables:        32760 kB
NFS_Unstable:          0 kB
Bounce:                0 kB
WritebackTmp:          0 kB
CommitLimit:     1479712 kB
Committed_AS:   72218476 kB
VmallocTotal:     319488 kB
VmallocUsed:       16828 kB
VmallocChunk:     189452 kB
Time pass: 144 sec

---2015-12-08 17:44:29
MemTotal:        1386568 kB
MemFree:           36716 kB
Buffers:           15872 kB
Cached:           564304 kB
SwapCached:        14808 kB
Active:           491508 kB
Inactive:         493680 kB
Active(anon):     216924 kB
Inactive(anon):   193076 kB
Active(file):     274584 kB
Inactive(file):   300604 kB
Unevictable:        3132 kB
Mlocked:               0 kB
HighTotal:        849920 kB
HighFree:          10008 kB
LowTotal:         536648 kB
LowFree:           26708 kB
SwapTotal:        786428 kB
SwapFree:         662208 kB
Dirty:               144 kB
Writeback:             0 kB
AnonPages:        403948 kB
Mapped:           303884 kB
Shmem:              1856 kB
Slab:              54036 kB
SReclaimable:      17736 kB
SUnreclaim:        36300 kB
KernelStack:       11248 kB
PageTables:        32760 kB
NFS_Unstable:          0 kB
Bounce:                0 kB
WritebackTmp:          0 kB
CommitLimit:     1479712 kB
Committed_AS:   72218564 kB
VmallocTotal:     319488 kB
VmallocUsed:       16760 kB
VmallocChunk:     189452 kB
Time pass: 148 sec

---2015-12-08 17:44:29
MemTotal:        1386568 kB
MemFree:           36020 kB
Buffers:           15872 kB
Cached:           564304 kB
SwapCached:        14808 kB
Active:           492312 kB
Inactive:         493676 kB
Active(anon):     217728 kB
Inactive(anon):   193072 kB
Active(file):     274584 kB
Inactive(file):   300604 kB
Unevictable:        3132 kB
Mlocked:               0 kB
HighTotal:        849920 kB
HighFree:           9680 kB
LowTotal:         536648 kB
LowFree:           26340 kB
SwapTotal:        786428 kB
SwapFree:         662208 kB
Dirty:                12 kB
Writeback:             0 kB
AnonPages:        404712 kB
Mapped:           303884 kB
Shmem:              1856 kB
Slab:              54224 kB
SReclaimable:      17728 kB
SUnreclaim:        36496 kB
KernelStack:       11248 kB
PageTables:        32760 kB
NFS_Unstable:          0 kB
Bounce:                0 kB
WritebackTmp:          0 kB
CommitLimit:     1479712 kB
Committed_AS:   72218644 kB
VmallocTotal:     319488 kB
VmallocUsed:       16760 kB
VmallocChunk:     189452 kB
Time pass: 151 sec

---2015-12-08 17:44:29
MemTotal:        1386568 kB
MemFree:           27792 kB
Buffers:           15884 kB
Cached:           564596 kB
SwapCached:        14808 kB
Active:           498528 kB
Inactive:         492912 kB
Active(anon):     222976 kB
Inactive(anon):   193200 kB
Active(file):     275552 kB
Inactive(file):   299712 kB
Unevictable:        3132 kB
Mlocked:               0 kB
HighTotal:        849920 kB
HighFree:           8756 kB
LowTotal:         536648 kB
LowFree:           19036 kB
SwapTotal:        786428 kB
SwapFree:         662212 kB
Dirty:                48 kB
Writeback:             0 kB
AnonPages:        409980 kB
Mapped:           306908 kB
Shmem:              2032 kB
Slab:              54368 kB
SReclaimable:      17720 kB
SUnreclaim:        36648 kB
KernelStack:       11576 kB
PageTables:        32904 kB
NFS_Unstable:          0 kB
Bounce:                0 kB
WritebackTmp:          0 kB
CommitLimit:     1479712 kB
Committed_AS:   72238316 kB
VmallocTotal:     319488 kB
VmallocUsed:       16964 kB
VmallocChunk:     189452 kB
Time pass: 155 sec

---2015-12-08 17:44:29
MemTotal:        1386568 kB
MemFree:           29172 kB
Buffers:           15548 kB
Cached:           561008 kB
SwapCached:        14808 kB
Active:           485696 kB
Inactive:         503964 kB
Active(anon):     210156 kB
Inactive(anon):   208112 kB
Active(file):     275540 kB
Inactive(file):   295852 kB
Unevictable:        3132 kB
Mlocked:               0 kB
HighTotal:        849920 kB
HighFree:          10820 kB
LowTotal:         536648 kB
LowFree:           18352 kB
SwapTotal:        786428 kB
SwapFree:         661976 kB
Dirty:                 8 kB
Writeback:             0 kB
AnonPages:        412084 kB
Mapped:           307040 kB
Shmem:              2032 kB
Slab:              54420 kB
SReclaimable:      17736 kB
SUnreclaim:        36684 kB
KernelStack:       11576 kB
PageTables:        32928 kB
NFS_Unstable:          0 kB
Bounce:                0 kB
WritebackTmp:          0 kB
CommitLimit:     1479712 kB
Committed_AS:   72238388 kB
VmallocTotal:     319488 kB
VmallocUsed:       16964 kB
VmallocChunk:     189452 kB
Time pass: 159 sec

---2015-12-08 17:44:29
MemTotal:        1386568 kB
MemFree:           28616 kB
Buffers:           15556 kB
Cached:           561112 kB
SwapCached:        14808 kB
Active:           485312 kB
Inactive:         504028 kB
Active(anon):     209768 kB
Inactive(anon):   208164 kB
Active(file):     275544 kB
Inactive(file):   295864 kB
Unevictable:        3132 kB
Mlocked:               0 kB
HighTotal:        849920 kB
HighFree:           9768 kB
LowTotal:         536648 kB
LowFree:           18848 kB
SwapTotal:        786428 kB
SwapFree:         661984 kB
Dirty:                60 kB
Writeback:             0 kB
AnonPages:        411656 kB
Mapped:           307292 kB
Shmem:              2128 kB
Slab:              54364 kB
SReclaimable:      17736 kB
SUnreclaim:        36628 kB
KernelStack:       11600 kB
PageTables:        32960 kB
NFS_Unstable:          0 kB
Bounce:                0 kB
WritebackTmp:          0 kB
CommitLimit:     1479712 kB
Committed_AS:   72238512 kB
VmallocTotal:     319488 kB
VmallocUsed:       16964 kB
VmallocChunk:     189452 kB
Time pass: 163 sec

---2015-12-08 17:44:29
MemTotal:        1386568 kB
MemFree:           30388 kB
Buffers:           15564 kB
Cached:           558176 kB
SwapCached:        14808 kB
Active:           478424 kB
Inactive:         509388 kB
Active(anon):     203024 kB
Inactive(anon):   216416 kB
Active(file):     275400 kB
Inactive(file):   292972 kB
Unevictable:        3132 kB
Mlocked:               0 kB
HighTotal:        849920 kB
HighFree:          11344 kB
LowTotal:         536648 kB
LowFree:           19044 kB
SwapTotal:        786428 kB
SwapFree:         661800 kB
Dirty:                60 kB
Writeback:             0 kB
AnonPages:        412988 kB
Mapped:           307072 kB
Shmem:              2188 kB
Slab:              54348 kB
SReclaimable:      17736 kB
SUnreclaim:        36612 kB
KernelStack:       11608 kB
PageTables:        32940 kB
NFS_Unstable:          0 kB
Bounce:                0 kB
WritebackTmp:          0 kB
CommitLimit:     1479712 kB
Committed_AS:   72238796 kB
VmallocTotal:     319488 kB
VmallocUsed:       16964 kB
VmallocChunk:     189452 kB
Time pass: 167 sec

---2015-12-08 17:44:29
MemTotal:        1386568 kB
MemFree:           27372 kB
Buffers:           15596 kB
Cached:           554540 kB
SwapCached:        14808 kB
Active:           484596 kB
Inactive:         507348 kB
Active(anon):     209236 kB
Inactive(anon):   217720 kB
Active(file):     275360 kB
Inactive(file):   289628 kB
Unevictable:        3132 kB
Mlocked:               0 kB
HighTotal:        849920 kB
HighFree:           8944 kB
LowTotal:         536648 kB
LowFree:           18428 kB
SwapTotal:        786428 kB
SwapFree:         661152 kB
Dirty:                88 kB
Writeback:             0 kB
AnonPages:        420760 kB
Mapped:           306664 kB
Shmem:              2148 kB
Slab:              54452 kB
SReclaimable:      17752 kB
SUnreclaim:        36700 kB
KernelStack:       11496 kB
PageTables:        32848 kB
NFS_Unstable:          0 kB
Bounce:                0 kB
WritebackTmp:          0 kB
CommitLimit:     1479712 kB
Committed_AS:   72255328 kB
VmallocTotal:     319488 kB
VmallocUsed:       16964 kB
VmallocChunk:     189452 kB
Time pass: 171 sec

---2015-12-08 17:44:29
MemTotal:        1386568 kB
MemFree:           28512 kB
Buffers:           15628 kB
Cached:           550732 kB
SwapCached:        14904 kB
Active:           486024 kB
Inactive:         505060 kB
Active(anon):     210700 kB
Inactive(anon):   219312 kB
Active(file):     275324 kB
Inactive(file):   285748 kB
Unevictable:        3132 kB
Mlocked:               0 kB
HighTotal:        849920 kB
HighFree:           9144 kB
LowTotal:         536648 kB
LowFree:           19368 kB
SwapTotal:        786428 kB
SwapFree:         660240 kB
Dirty:                84 kB
Writeback:             0 kB
AnonPages:        423604 kB
Mapped:           306416 kB
Shmem:              2156 kB
Slab:              54372 kB
SReclaimable:      17752 kB
SUnreclaim:        36620 kB
KernelStack:       11608 kB
PageTables:        33016 kB
NFS_Unstable:          0 kB
Bounce:                0 kB
WritebackTmp:          0 kB
CommitLimit:     1479712 kB
Committed_AS:   72259636 kB
VmallocTotal:     319488 kB
VmallocUsed:       16964 kB
VmallocChunk:     189452 kB
Time pass: 175 sec

---2015-12-08 17:44:29
MemTotal:        1386568 kB
MemFree:           29384 kB
Buffers:           15644 kB
Cached:           550856 kB
SwapCached:        14904 kB
Active:           487376 kB
Inactive:         505136 kB
Active(anon):     212052 kB
Inactive(anon):   219368 kB
Active(file):     275324 kB
Inactive(file):   285768 kB
Unevictable:        3132 kB
Mlocked:               0 kB
HighTotal:        849920 kB
HighFree:          10900 kB
LowTotal:         536648 kB
LowFree:           18484 kB
SwapTotal:        786428 kB
SwapFree:         660244 kB
Dirty:                 0 kB
Writeback:             0 kB
AnonPages:        425052 kB
Mapped:           303848 kB
Shmem:              2276 kB
Slab:              54464 kB
SReclaimable:      17752 kB
SUnreclaim:        36712 kB
KernelStack:       11608 kB
PageTables:        33024 kB
NFS_Unstable:          0 kB
Bounce:                0 kB
WritebackTmp:          0 kB
CommitLimit:     1479712 kB
Committed_AS:   72263820 kB
VmallocTotal:     319488 kB
VmallocUsed:       16964 kB
VmallocChunk:     189452 kB
Time pass: 179 sec

---2015-12-08 17:44:29
MemTotal:        1386568 kB
MemFree:           28036 kB
Buffers:           15660 kB
Cached:           550980 kB
SwapCached:        14904 kB
Active:           488008 kB
Inactive:         505256 kB
Active(anon):     212680 kB
Inactive(anon):   219384 kB
Active(file):     275328 kB
Inactive(file):   285872 kB
Unevictable:        3132 kB
Mlocked:               0 kB
HighTotal:        849920 kB
HighFree:           9116 kB
LowTotal:         536648 kB
LowFree:           18920 kB
SwapTotal:        786428 kB
SwapFree:         660252 kB
Dirty:                68 kB
Writeback:             0 kB
AnonPages:        425472 kB
Mapped:           303896 kB
Shmem:              2308 kB
Slab:              54464 kB
SReclaimable:      17752 kB
SUnreclaim:        36712 kB
KernelStack:       11608 kB
PageTables:        33024 kB
NFS_Unstable:          0 kB
Bounce:                0 kB
WritebackTmp:          0 kB
CommitLimit:     1479712 kB
Committed_AS:   72261792 kB
VmallocTotal:     319488 kB
VmallocUsed:       16964 kB
VmallocChunk:     189452 kB
Time pass: 183 sec

---2015-12-08 17:44:29
MemTotal:        1386568 kB
MemFree:           29240 kB
Buffers:           15684 kB
Cached:           550984 kB
SwapCached:        14904 kB
Active:           486840 kB
Inactive:         505264 kB
Active(anon):     211512 kB
Inactive(anon):   219368 kB
Active(file):     275328 kB
Inactive(file):   285896 kB
Unevictable:        3132 kB
Mlocked:               0 kB
HighTotal:        849920 kB
HighFree:           8900 kB
LowTotal:         536648 kB
LowFree:           20340 kB
SwapTotal:        786428 kB
SwapFree:         660252 kB
Dirty:                84 kB
Writeback:             0 kB
AnonPages:        424196 kB
Mapped:           303900 kB
Shmem:              2312 kB
Slab:              54336 kB
SReclaimable:      17752 kB
SUnreclaim:        36584 kB
KernelStack:       11608 kB
PageTables:        33024 kB
NFS_Unstable:          0 kB
Bounce:                0 kB
WritebackTmp:          0 kB
CommitLimit:     1479712 kB
Committed_AS:   72262012 kB
VmallocTotal:     319488 kB
VmallocUsed:       16964 kB
VmallocChunk:     189452 kB
Time pass: 187 sec

---2015-12-08 17:44:29
MemTotal:        1386568 kB
MemFree:           30040 kB
Buffers:           15684 kB
Cached:           550984 kB
SwapCached:        14904 kB
Active:           486692 kB
Inactive:         505192 kB
Active(anon):     211364 kB
Inactive(anon):   219296 kB
Active(file):     275328 kB
Inactive(file):   285896 kB
Unevictable:        3132 kB
Mlocked:               0 kB
HighTotal:        849920 kB
HighFree:           9300 kB
LowTotal:         536648 kB
LowFree:           20740 kB
SwapTotal:        786428 kB
SwapFree:         660252 kB
Dirty:                 8 kB
Writeback:             0 kB
AnonPages:        424040 kB
Mapped:           303900 kB
Shmem:              2312 kB
Slab:              54208 kB
SReclaimable:      17752 kB
SUnreclaim:        36456 kB
KernelStack:       11600 kB
PageTables:        33024 kB
NFS_Unstable:          0 kB
Bounce:                0 kB
WritebackTmp:          0 kB
CommitLimit:     1479712 kB
Committed_AS:   72262076 kB
VmallocTotal:     319488 kB
VmallocUsed:       16964 kB
VmallocChunk:     189452 kB
Time pass: 190 sec

---2015-12-08 17:44:29
MemTotal:        1386568 kB
MemFree:           28384 kB
Buffers:           15708 kB
Cached:           551100 kB
SwapCached:        14904 kB
Active:           488108 kB
Inactive:         505312 kB
Active(anon):     212780 kB
Inactive(anon):   219364 kB
Active(file):     275328 kB
Inactive(file):   285948 kB
Unevictable:        3132 kB
Mlocked:               0 kB
HighTotal:        849920 kB
HighFree:           9592 kB
LowTotal:         536648 kB
LowFree:           18792 kB
SwapTotal:        786428 kB
SwapFree:         660252 kB
Dirty:                64 kB
Writeback:             0 kB
AnonPages:        425492 kB
Mapped:           303936 kB
Shmem:              2400 kB
Slab:              54368 kB
SReclaimable:      17752 kB
SUnreclaim:        36616 kB
KernelStack:       11592 kB
PageTables:        33004 kB
NFS_Unstable:          0 kB
Bounce:                0 kB
WritebackTmp:          0 kB
CommitLimit:     1479712 kB
Committed_AS:   72262312 kB
VmallocTotal:     319488 kB
VmallocUsed:       16964 kB
VmallocChunk:     189452 kB
Time pass: 194 sec

---2015-12-08 17:44:29
MemTotal:        1386568 kB
MemFree:           27880 kB
Buffers:           15708 kB
Cached:           551108 kB
SwapCached:        14904 kB
Active:           488500 kB
Inactive:         505264 kB
Active(anon):     213172 kB
Inactive(anon):   219308 kB
Active(file):     275328 kB
Inactive(file):   285956 kB
Unevictable:        3132 kB
Mlocked:               0 kB
HighTotal:        849920 kB
HighFree:           9244 kB
LowTotal:         536648 kB
LowFree:           18636 kB
SwapTotal:        786428 kB
SwapFree:         660252 kB
Dirty:                 0 kB
Writeback:             0 kB
AnonPages:        425720 kB
Mapped:           303844 kB
Shmem:              2400 kB
Slab:              54504 kB
SReclaimable:      17752 kB
SUnreclaim:        36752 kB
KernelStack:       11608 kB
PageTables:        33024 kB
NFS_Unstable:          0 kB
Bounce:                0 kB
WritebackTmp:          0 kB
CommitLimit:     1479712 kB
Committed_AS:   72270920 kB
VmallocTotal:     319488 kB
VmallocUsed:       16964 kB
VmallocChunk:     189452 kB
Time pass: 198 sec

---2015-12-08 17:44:29
MemTotal:        1386568 kB
MemFree:           28712 kB
Buffers:           15732 kB
Cached:           551108 kB
SwapCached:        14904 kB
Active:           488164 kB
Inactive:         505280 kB
Active(anon):     212836 kB
Inactive(anon):   219300 kB
Active(file):     275328 kB
Inactive(file):   285980 kB
Unevictable:        3132 kB
Mlocked:               0 kB
HighTotal:        849920 kB
HighFree:           8748 kB
LowTotal:         536648 kB
LowFree:           19964 kB
SwapTotal:        786428 kB
SwapFree:         660252 kB
Dirty:                68 kB
Writeback:             0 kB
AnonPages:        425580 kB
Mapped:           303992 kB
Shmem:              2400 kB
Slab:              54376 kB
SReclaimable:      17752 kB
SUnreclaim:        36624 kB
KernelStack:       11608 kB
PageTables:        33024 kB
NFS_Unstable:          0 kB
Bounce:                0 kB
WritebackTmp:          0 kB
CommitLimit:     1479712 kB
Committed_AS:   72262356 kB
VmallocTotal:     319488 kB
VmallocUsed:       16964 kB
VmallocChunk:     189452 kB
Time pass: 202 sec

---2015-12-08 17:44:29
MemTotal:        1386568 kB
MemFree:           28788 kB
Buffers:           15748 kB
Cached:           551096 kB
SwapCached:        14904 kB
Active:           488680 kB
Inactive:         505248 kB
Active(anon):     213348 kB
Inactive(anon):   219268 kB
Active(file):     275332 kB
Inactive(file):   285980 kB
Unevictable:        3132 kB
Mlocked:               0 kB
HighTotal:        849920 kB
HighFree:           8780 kB
LowTotal:         536648 kB
LowFree:           20008 kB
SwapTotal:        786428 kB
SwapFree:         660252 kB
Dirty:                20 kB
Writeback:             0 kB
AnonPages:        425936 kB
Mapped:           303992 kB
Shmem:              2400 kB
Slab:              54512 kB
SReclaimable:      17752 kB
SUnreclaim:        36760 kB
KernelStack:       11608 kB
PageTables:        33024 kB
NFS_Unstable:          0 kB
Bounce:                0 kB
WritebackTmp:          0 kB
CommitLimit:     1479712 kB
Committed_AS:   72262708 kB
VmallocTotal:     319488 kB
VmallocUsed:       16964 kB
VmallocChunk:     189452 kB
Time pass: 206 sec

---2015-12-08 17:44:29
MemTotal:        1386568 kB
MemFree:           30664 kB
Buffers:           15748 kB
Cached:           551112 kB
SwapCached:        14904 kB
Active:           486892 kB
Inactive:         505252 kB
Active(anon):     211560 kB
Inactive(anon):   219256 kB
Active(file):     275332 kB
Inactive(file):   285996 kB
Unevictable:        3132 kB
Mlocked:               0 kB
HighTotal:        849920 kB
HighFree:          10220 kB
LowTotal:         536648 kB
LowFree:           20444 kB
SwapTotal:        786428 kB
SwapFree:         660252 kB
Dirty:                 0 kB
Writeback:             0 kB
AnonPages:        424204 kB
Mapped:           303936 kB
Shmem:              2400 kB
Slab:              54448 kB
SReclaimable:      17752 kB
SUnreclaim:        36696 kB
KernelStack:       11568 kB
PageTables:        33004 kB
NFS_Unstable:          0 kB
Bounce:                0 kB
WritebackTmp:          0 kB
CommitLimit:     1479712 kB
Committed_AS:   72262780 kB
VmallocTotal:     319488 kB
VmallocUsed:       16964 kB
VmallocChunk:     189452 kB
Time pass: 209 sec

---2015-12-08 17:44:29
MemTotal:        1386568 kB
MemFree:           29180 kB
Buffers:           15756 kB
Cached:           551136 kB
SwapCached:        14904 kB
Active:           487572 kB
Inactive:         505272 kB
Active(anon):     212240 kB
Inactive(anon):   219248 kB
Active(file):     275332 kB
Inactive(file):   286024 kB
Unevictable:        3132 kB
Mlocked:               0 kB
HighTotal:        849920 kB
HighFree:           9308 kB
LowTotal:         536648 kB
LowFree:           19872 kB
SwapTotal:        786428 kB
SwapFree:         660252 kB
Dirty:                68 kB
Writeback:             0 kB
AnonPages:        425056 kB
Mapped:           303952 kB
Shmem:              2404 kB
Slab:              54352 kB
SReclaimable:      17752 kB
SUnreclaim:        36600 kB
KernelStack:       11592 kB
PageTables:        33004 kB
NFS_Unstable:          0 kB
Bounce:                0 kB
WritebackTmp:          0 kB
CommitLimit:     1479712 kB
Committed_AS:   72262864 kB
VmallocTotal:     319488 kB
VmallocUsed:       16964 kB
VmallocChunk:     189452 kB
Time pass: 213 sec

---2015-12-08 17:44:29
MemTotal:        1386568 kB
MemFree:           28808 kB
Buffers:           15772 kB
Cached:           551136 kB
SwapCached:        14904 kB
Active:           487096 kB
Inactive:         505280 kB
Active(anon):     211760 kB
Inactive(anon):   219244 kB
Active(file):     275336 kB
Inactive(file):   286036 kB
Unevictable:        3132 kB
Mlocked:               0 kB
HighTotal:        849920 kB
HighFree:           9500 kB
LowTotal:         536648 kB
LowFree:           19308 kB
SwapTotal:        786428 kB
SwapFree:         660252 kB
Dirty:                16 kB
Writeback:             0 kB
AnonPages:        424336 kB
Mapped:           303896 kB
Shmem:              2404 kB
Slab:              54440 kB
SReclaimable:      17752 kB
SUnreclaim:        36688 kB
KernelStack:       11592 kB
PageTables:        32868 kB
NFS_Unstable:          0 kB
Bounce:                0 kB
WritebackTmp:          0 kB
CommitLimit:     1479712 kB
Committed_AS:   72261852 kB
VmallocTotal:     319488 kB
VmallocUsed:       16964 kB
VmallocChunk:     189452 kB
Time pass: 217 sec

---2015-12-08 17:44:29
MemTotal:        1386568 kB
MemFree:           30172 kB
Buffers:           15796 kB
Cached:           551120 kB
SwapCached:        14904 kB
Active:           486252 kB
Inactive:         505292 kB
Active(anon):     210920 kB
Inactive(anon):   219244 kB
Active(file):     275332 kB
Inactive(file):   286048 kB
Unevictable:        3132 kB
Mlocked:               0 kB
HighTotal:        849920 kB
HighFree:          10168 kB
LowTotal:         536648 kB
LowFree:           20004 kB
SwapTotal:        786428 kB
SwapFree:         660252 kB
Dirty:                52 kB
Writeback:             0 kB
AnonPages:        423516 kB
Mapped:           304012 kB
Shmem:              2404 kB
Slab:              54632 kB
SReclaimable:      17752 kB
SUnreclaim:        36880 kB
KernelStack:       11600 kB
PageTables:        33024 kB
NFS_Unstable:          0 kB
Bounce:                0 kB
WritebackTmp:          0 kB
CommitLimit:     1479712 kB
Committed_AS:   72261964 kB
VmallocTotal:     319488 kB
VmallocUsed:       16964 kB
VmallocChunk:     189452 kB
Time pass: 221 sec

---2015-12-08 17:44:29
MemTotal:        1386568 kB
MemFree:           29320 kB
Buffers:           15796 kB
Cached:           551140 kB
SwapCached:        14904 kB
Active:           487328 kB
Inactive:         505304 kB
Active(anon):     211996 kB
Inactive(anon):   219236 kB
Active(file):     275332 kB
Inactive(file):   286068 kB
Unevictable:        3132 kB
Mlocked:               0 kB
HighTotal:        849920 kB
HighFree:           8876 kB
LowTotal:         536648 kB
LowFree:           20444 kB
SwapTotal:        786428 kB
SwapFree:         660252 kB
Dirty:                80 kB
Writeback:             0 kB
AnonPages:        424620 kB
Mapped:           304012 kB
Shmem:              2404 kB
Slab:              54436 kB
SReclaimable:      17752 kB
SUnreclaim:        36684 kB
KernelStack:       11600 kB
PageTables:        33024 kB
NFS_Unstable:          0 kB
Bounce:                0 kB
WritebackTmp:          0 kB
CommitLimit:     1479712 kB
Committed_AS:   72262156 kB
VmallocTotal:     319488 kB
VmallocUsed:       16964 kB
VmallocChunk:     189452 kB
Time pass: 225 sec

---2015-12-08 17:44:29
MemTotal:        1386568 kB
MemFree:           27096 kB
Buffers:           15812 kB
Cached:           551360 kB
SwapCached:        14904 kB
Active:           489156 kB
Inactive:         505536 kB
Active(anon):     213820 kB
Inactive(anon):   219424 kB
Active(file):     275336 kB
Inactive(file):   286112 kB
Unevictable:        3132 kB
Mlocked:               0 kB
HighTotal:        849920 kB
HighFree:           8768 kB
LowTotal:         536648 kB
LowFree:           18328 kB
SwapTotal:        786428 kB
SwapFree:         660252 kB
Dirty:                76 kB
Writeback:             0 kB
AnonPages:        426620 kB
Mapped:           304020 kB
Shmem:              2592 kB
Slab:              54464 kB
SReclaimable:      17752 kB
SUnreclaim:        36712 kB
KernelStack:       11616 kB
PageTables:        33100 kB
NFS_Unstable:          0 kB
Bounce:                0 kB
WritebackTmp:          0 kB
CommitLimit:     1479712 kB
Committed_AS:   72262260 kB
VmallocTotal:     319488 kB
VmallocUsed:       16964 kB
VmallocChunk:     189452 kB
Time pass: 229 sec

---2015-12-08 17:44:29
MemTotal:        1386568 kB
MemFree:           28304 kB
Buffers:           15836 kB
Cached:           551360 kB
SwapCached:        14904 kB
Active:           487852 kB
Inactive:         505544 kB
Active(anon):     212516 kB
Inactive(anon):   219416 kB
Active(file):     275336 kB
Inactive(file):   286128 kB
Unevictable:        3132 kB
Mlocked:               0 kB
HighTotal:        849920 kB
HighFree:           9644 kB
LowTotal:         536648 kB
LowFree:           18660 kB
SwapTotal:        786428 kB
SwapFree:         660252 kB
Dirty:                72 kB
Writeback:             0 kB
AnonPages:        425000 kB
Mapped:           304148 kB
Shmem:              2592 kB
Slab:              54304 kB
SReclaimable:      17752 kB
SUnreclaim:        36552 kB
KernelStack:       11584 kB
PageTables:        33004 kB
NFS_Unstable:          0 kB
Bounce:                0 kB
WritebackTmp:          0 kB
CommitLimit:     1479712 kB
Committed_AS:   72262364 kB
VmallocTotal:     319488 kB
VmallocUsed:       16964 kB
VmallocChunk:     189452 kB
Time pass: 233 sec

---2015-12-08 17:44:29
MemTotal:        1386568 kB
MemFree:           28340 kB
Buffers:           15836 kB
Cached:           551360 kB
SwapCached:        14904 kB
Active:           487924 kB
Inactive:         505500 kB
Active(anon):     212588 kB
Inactive(anon):   219364 kB
Active(file):     275336 kB
Inactive(file):   286136 kB
Unevictable:        3132 kB
Mlocked:               0 kB
HighTotal:        849920 kB
HighFree:           9436 kB
LowTotal:         536648 kB
LowFree:           18904 kB
SwapTotal:        786428 kB
SwapFree:         660252 kB
Dirty:                 8 kB
Writeback:             0 kB
AnonPages:        425080 kB
Mapped:           304204 kB
Shmem:              2592 kB
Slab:              54240 kB
SReclaimable:      17752 kB
SUnreclaim:        36488 kB
KernelStack:       11584 kB
PageTables:        33024 kB
NFS_Unstable:          0 kB
Bounce:                0 kB
WritebackTmp:          0 kB
CommitLimit:     1479712 kB
Committed_AS:   72262544 kB
VmallocTotal:     319488 kB
VmallocUsed:       16964 kB
VmallocChunk:     189452 kB
Time pass: 237 sec

---2015-12-08 17:44:29
MemTotal:        1386568 kB
MemFree:           27548 kB
Buffers:           15860 kB
Cached:           551372 kB
SwapCached:        14904 kB
Active:           488840 kB
Inactive:         505520 kB
Active(anon):     213504 kB
Inactive(anon):   219356 kB
Active(file):     275336 kB
Inactive(file):   286164 kB
Unevictable:        3132 kB
Mlocked:               0 kB
HighTotal:        849920 kB
HighFree:           9520 kB
LowTotal:         536648 kB
LowFree:           18028 kB
SwapTotal:        786428 kB
SwapFree:         660256 kB
Dirty:                80 kB
Writeback:             0 kB
AnonPages:        426300 kB
Mapped:           304148 kB
Shmem:              2592 kB
Slab:              54592 kB
SReclaimable:      17752 kB
SUnreclaim:        36840 kB
KernelStack:       11592 kB
PageTables:        33004 kB
NFS_Unstable:          0 kB
Bounce:                0 kB
WritebackTmp:          0 kB
CommitLimit:     1479712 kB
Committed_AS:   72262632 kB
VmallocTotal:     319488 kB
VmallocUsed:       16964 kB
VmallocChunk:     189452 kB
Time pass: 241 sec

---2015-12-08 17:44:29
MemTotal:        1386568 kB
MemFree:           30072 kB
Buffers:           15868 kB
Cached:           548376 kB
SwapCached:        14908 kB
Active:           487928 kB
Inactive:         504300 kB
Active(anon):     212592 kB
Inactive(anon):   221116 kB
Active(file):     275336 kB
Inactive(file):   283184 kB
Unevictable:        3132 kB
Mlocked:               0 kB
HighTotal:        849920 kB
HighFree:          10564 kB
LowTotal:         536648 kB
LowFree:           19508 kB
SwapTotal:        786428 kB
SwapFree:         660088 kB
Dirty:               104 kB
Writeback:             0 kB
AnonPages:        426112 kB
Mapped:           304204 kB
Shmem:              2592 kB
Slab:              54528 kB
SReclaimable:      17752 kB
SUnreclaim:        36776 kB
KernelStack:       11608 kB
PageTables:        33024 kB
NFS_Unstable:          0 kB
Bounce:                0 kB
WritebackTmp:          0 kB
CommitLimit:     1479712 kB
Committed_AS:   72263348 kB
VmallocTotal:     319488 kB
VmallocUsed:       16964 kB
VmallocChunk:     189452 kB
Time pass: 245 sec

---2015-12-08 17:44:29
MemTotal:        1386568 kB
MemFree:           31608 kB
Buffers:           15892 kB
Cached:           548392 kB
SwapCached:        14908 kB
Active:           486308 kB
Inactive:         504300 kB
Active(anon):     210968 kB
Inactive(anon):   221080 kB
Active(file):     275340 kB
Inactive(file):   283220 kB
Unevictable:        3132 kB
Mlocked:               0 kB
HighTotal:        849920 kB
HighFree:          10668 kB
LowTotal:         536648 kB
LowFree:           20940 kB
SwapTotal:        786428 kB
SwapFree:         660088 kB
Dirty:                16 kB
Writeback:             0 kB
AnonPages:        425240 kB
Mapped:           304152 kB
Shmem:              2592 kB
Slab:              54496 kB
SReclaimable:      17752 kB
SUnreclaim:        36744 kB
KernelStack:       11592 kB
PageTables:        33004 kB
NFS_Unstable:          0 kB
Bounce:                0 kB
WritebackTmp:          0 kB
CommitLimit:     1479712 kB
Committed_AS:   72262300 kB
VmallocTotal:     319488 kB
VmallocUsed:       16964 kB
VmallocChunk:     189452 kB
Time pass: 249 sec

---2015-12-08 17:44:29
MemTotal:        1386568 kB
MemFree:           33632 kB
Buffers:           15892 kB
Cached:           548416 kB
SwapCached:        14908 kB
Active:           484104 kB
Inactive:         504316 kB
Active(anon):     208764 kB
Inactive(anon):   221072 kB
Active(file):     275340 kB
Inactive(file):   283244 kB
Unevictable:        3132 kB
Mlocked:               0 kB
HighTotal:        849920 kB
HighFree:          12336 kB
LowTotal:         536648 kB
LowFree:           21296 kB
SwapTotal:        786428 kB
SwapFree:         660088 kB
Dirty:                96 kB
Writeback:             0 kB
AnonPages:        423004 kB
Mapped:           304152 kB
Shmem:              2592 kB
Slab:              54688 kB
SReclaimable:      17752 kB
SUnreclaim:        36936 kB
KernelStack:       11608 kB
PageTables:        33004 kB
NFS_Unstable:          0 kB
Bounce:                0 kB
WritebackTmp:          0 kB
CommitLimit:     1479712 kB
Committed_AS:   72262352 kB
VmallocTotal:     319488 kB
VmallocUsed:       16964 kB
VmallocChunk:     189452 kB
Time pass: 253 sec

---2015-12-08 17:44:29
MemTotal:        1386568 kB
MemFree:           32476 kB
Buffers:           15916 kB
Cached:           548416 kB
SwapCached:        14908 kB
Active:           485444 kB
Inactive:         504340 kB
Active(anon):     210104 kB
Inactive(anon):   221072 kB
Active(file):     275340 kB
Inactive(file):   283268 kB
Unevictable:        3132 kB
Mlocked:               0 kB
HighTotal:        849920 kB
HighFree:          10328 kB
LowTotal:         536648 kB
LowFree:           22148 kB
SwapTotal:        786428 kB
SwapFree:         660088 kB
Dirty:                52 kB
Writeback:             0 kB
AnonPages:        424180 kB
Mapped:           304152 kB
Shmem:              2592 kB
Slab:              54368 kB
SReclaimable:      17752 kB
SUnreclaim:        36616 kB
KernelStack:       11592 kB
PageTables:        33004 kB
NFS_Unstable:          0 kB
Bounce:                0 kB
WritebackTmp:          0 kB
CommitLimit:     1479712 kB
Committed_AS:   72266700 kB
VmallocTotal:     319488 kB
VmallocUsed:       16964 kB
VmallocChunk:     189452 kB
Time pass: 257 sec

---2015-12-08 17:44:29
MemTotal:        1386568 kB
MemFree:           31680 kB
Buffers:           15916 kB
Cached:           548416 kB
SwapCached:        14908 kB
Active:           486076 kB
Inactive:         504340 kB
Active(anon):     210736 kB
Inactive(anon):   221072 kB
Active(file):     275340 kB
Inactive(file):   283268 kB
Unevictable:        3132 kB
Mlocked:               0 kB
HighTotal:        849920 kB
HighFree:           9288 kB
LowTotal:         536648 kB
LowFree:           22392 kB
SwapTotal:        786428 kB
SwapFree:         660088 kB
Dirty:                68 kB
Writeback:             0 kB
AnonPages:        425260 kB
Mapped:           304208 kB
Shmem:              2592 kB
Slab:              54396 kB
SReclaimable:      17752 kB
SUnreclaim:        36644 kB
KernelStack:       11576 kB
PageTables:        33028 kB
NFS_Unstable:          0 kB
Bounce:                0 kB
WritebackTmp:          0 kB
CommitLimit:     1479712 kB
Committed_AS:   72266788 kB
VmallocTotal:     319488 kB
VmallocUsed:       16964 kB
VmallocChunk:     189452 kB
Time pass: 261 sec

---2015-12-08 17:44:29
MemTotal:        1386568 kB
MemFree:           30824 kB
Buffers:           15932 kB
Cached:           548420 kB
SwapCached:        14908 kB
Active:           487216 kB
Inactive:         504340 kB
Active(anon):     211872 kB
Inactive(anon):   221064 kB
Active(file):     275344 kB
Inactive(file):   283276 kB
Unevictable:        3132 kB
Mlocked:               0 kB
HighTotal:        849920 kB
HighFree:           8776 kB
LowTotal:         536648 kB
LowFree:           22048 kB
SwapTotal:        786428 kB
SwapFree:         660088 kB
Dirty:                24 kB
Writeback:             0 kB
AnonPages:        426196 kB
Mapped:           304152 kB
Shmem:              2592 kB
Slab:              54620 kB
SReclaimable:      17752 kB
SUnreclaim:        36868 kB
KernelStack:       11616 kB
PageTables:        33036 kB
NFS_Unstable:          0 kB
Bounce:                0 kB
WritebackTmp:          0 kB
CommitLimit:     1479712 kB
Committed_AS:   72275444 kB
VmallocTotal:     319488 kB
VmallocUsed:       16964 kB
VmallocChunk:     189452 kB
Time pass: 265 sec

---2015-12-08 17:44:29
MemTotal:        1386568 kB
MemFree:           32056 kB
Buffers:           15940 kB
Cached:           548420 kB
SwapCached:        14908 kB
Active:           486500 kB
Inactive:         504336 kB
Active(anon):     211156 kB
Inactive(anon):   221044 kB
Active(file):     275344 kB
Inactive(file):   283292 kB
Unevictable:        3132 kB
Mlocked:               0 kB
HighTotal:        849920 kB
HighFree:           9644 kB
LowTotal:         536648 kB
LowFree:           22412 kB
SwapTotal:        786428 kB
SwapFree:         660092 kB
Dirty:                44 kB
Writeback:             0 kB
AnonPages:        425284 kB
Mapped:           304208 kB
Shmem:              2592 kB
Slab:              54428 kB
SReclaimable:      17752 kB
SUnreclaim:        36676 kB
KernelStack:       11608 kB
PageTables:        33032 kB
NFS_Unstable:          0 kB
Bounce:                0 kB
WritebackTmp:          0 kB
CommitLimit:     1479712 kB
Committed_AS:   72267132 kB
VmallocTotal:     319488 kB
VmallocUsed:       16964 kB
VmallocChunk:     189452 kB
Time pass: 269 sec

---2015-12-08 17:44:29
MemTotal:        1386568 kB
MemFree:           30368 kB
Buffers:           15956 kB
Cached:           548420 kB
SwapCached:        14908 kB
Active:           487512 kB
Inactive:         504340 kB
Active(anon):     212168 kB
Inactive(anon):   221032 kB
Active(file):     275344 kB
Inactive(file):   283308 kB
Unevictable:        3132 kB
Mlocked:               0 kB
HighTotal:        849920 kB
HighFree:           8864 kB
LowTotal:         536648 kB
LowFree:           21504 kB
SwapTotal:        786428 kB
SwapFree:         660092 kB
Dirty:                 8 kB
Writeback:             0 kB
AnonPages:        426588 kB
Mapped:           304152 kB
Shmem:              2592 kB
Slab:              54432 kB
SReclaimable:      17752 kB
SUnreclaim:        36680 kB
KernelStack:       11608 kB
PageTables:        33048 kB
NFS_Unstable:          0 kB
Bounce:                0 kB
WritebackTmp:          0 kB
CommitLimit:     1479712 kB
Committed_AS:   72267172 kB
VmallocTotal:     319488 kB
VmallocUsed:       16964 kB
VmallocChunk:     189452 kB
Time pass: 273 sec

---2015-12-08 17:44:29
MemTotal:        1386568 kB
MemFree:           31160 kB
Buffers:           15964 kB
Cached:           548420 kB
SwapCached:        14908 kB
Active:           486880 kB
Inactive:         504348 kB
Active(anon):     211536 kB
Inactive(anon):   221032 kB
Active(file):     275344 kB
Inactive(file):   283316 kB
Unevictable:        3132 kB
Mlocked:               0 kB
HighTotal:        849920 kB
HighFree:           9996 kB
LowTotal:         536648 kB
LowFree:           21164 kB
SwapTotal:        786428 kB
SwapFree:         660092 kB
Dirty:                52 kB
Writeback:             0 kB
AnonPages:        425796 kB
Mapped:           304208 kB
Shmem:              2592 kB
Slab:              54464 kB
SReclaimable:      17752 kB
SUnreclaim:        36712 kB
KernelStack:       11608 kB
PageTables:        33032 kB
NFS_Unstable:          0 kB
Bounce:                0 kB
WritebackTmp:          0 kB
CommitLimit:     1479712 kB
Committed_AS:   72267400 kB
VmallocTotal:     319488 kB
VmallocUsed:       16964 kB
VmallocChunk:     189452 kB
Time pass: 277 sec

---2015-12-08 17:44:29
MemTotal:        1386568 kB
MemFree:           31264 kB
Buffers:           15980 kB
Cached:           548420 kB
SwapCached:        14908 kB
Active:           486576 kB
Inactive:         504356 kB
Active(anon):     211232 kB
Inactive(anon):   221024 kB
Active(file):     275344 kB
Inactive(file):   283332 kB
Unevictable:        3132 kB
Mlocked:               0 kB
HighTotal:        849920 kB
HighFree:           9736 kB
LowTotal:         536648 kB
LowFree:           21528 kB
SwapTotal:        786428 kB
SwapFree:         660092 kB
Dirty:                80 kB
Writeback:             0 kB
AnonPages:        425408 kB
Mapped:           304152 kB
Shmem:              2592 kB
Slab:              54432 kB
SReclaimable:      17752 kB
SUnreclaim:        36680 kB
KernelStack:       11608 kB
PageTables:        33012 kB
NFS_Unstable:          0 kB
Bounce:                0 kB
WritebackTmp:          0 kB
CommitLimit:     1479712 kB
Committed_AS:   72266368 kB
VmallocTotal:     319488 kB
VmallocUsed:       16964 kB
VmallocChunk:     189452 kB
Time pass: 281 sec

---2015-12-08 17:44:29
MemTotal:        1386568 kB
MemFree:           30892 kB
Buffers:           16004 kB
Cached:           548416 kB
SwapCached:        14908 kB
Active:           487352 kB
Inactive:         504376 kB
Active(anon):     212008 kB
Inactive(anon):   221024 kB
Active(file):     275344 kB
Inactive(file):   283352 kB
Unevictable:        3132 kB
Mlocked:               0 kB
HighTotal:        849920 kB
HighFree:           9376 kB
LowTotal:         536648 kB
LowFree:           21516 kB
SwapTotal:        786428 kB
SwapFree:         660092 kB
Dirty:                80 kB
Writeback:             8 kB
AnonPages:        426252 kB
Mapped:           304152 kB
Shmem:              2592 kB
Slab:              54564 kB
SReclaimable:      17752 kB
SUnreclaim:        36812 kB
KernelStack:       11600 kB
PageTables:        33012 kB
NFS_Unstable:          0 kB
Bounce:                0 kB
WritebackTmp:          0 kB
CommitLimit:     1479712 kB
Committed_AS:   72266660 kB
VmallocTotal:     319488 kB
VmallocUsed:       16964 kB
VmallocChunk:     189452 kB
Time pass: 285 sec

---2015-12-08 17:44:29
MemTotal:        1386568 kB
MemFree:           31420 kB
Buffers:           16004 kB
Cached:           548424 kB
SwapCached:        14908 kB
Active:           487216 kB
Inactive:         504384 kB
Active(anon):     211872 kB
Inactive(anon):   221024 kB
Active(file):     275344 kB
Inactive(file):   283360 kB
Unevictable:        3132 kB
Mlocked:               0 kB
HighTotal:        849920 kB
HighFree:           9788 kB
LowTotal:         536648 kB
LowFree:           21632 kB
SwapTotal:        786428 kB
SwapFree:         660092 kB
Dirty:                 0 kB
Writeback:             0 kB
AnonPages:        425976 kB
Mapped:           304208 kB
Shmem:              2592 kB
Slab:              54436 kB
SReclaimable:      17752 kB
SUnreclaim:        36684 kB
KernelStack:       11592 kB
PageTables:        33032 kB
NFS_Unstable:          0 kB
Bounce:                0 kB
WritebackTmp:          0 kB
CommitLimit:     1479712 kB
Committed_AS:   72266804 kB
VmallocTotal:     319488 kB
VmallocUsed:       16964 kB
VmallocChunk:     189452 kB
Time pass: 289 sec

---2015-12-08 17:44:29
MemTotal:        1386568 kB
MemFree:           31036 kB
Buffers:           16020 kB
Cached:           548424 kB
SwapCached:        14908 kB
Active:           488168 kB
Inactive:         504396 kB
Active(anon):     212820 kB
Inactive(anon):   221024 kB
Active(file):     275348 kB
Inactive(file):   283372 kB
Unevictable:        3132 kB
Mlocked:               0 kB
HighTotal:        849920 kB
HighFree:           9280 kB
LowTotal:         536648 kB
LowFree:           21756 kB
SwapTotal:        786428 kB
SwapFree:         660092 kB
Dirty:                88 kB
Writeback:             0 kB
AnonPages:        427108 kB
Mapped:           304152 kB
Shmem:              2592 kB
Slab:              54532 kB
SReclaimable:      17752 kB
SUnreclaim:        36780 kB
KernelStack:       11584 kB
PageTables:        33012 kB
NFS_Unstable:          0 kB
Bounce:                0 kB
WritebackTmp:          0 kB
CommitLimit:     1479712 kB
Committed_AS:   72266908 kB
VmallocTotal:     319488 kB
VmallocUsed:       16964 kB
VmallocChunk:     189452 kB
Time pass: 293 sec

---2015-12-08 17:44:29
MemTotal:        1386568 kB
MemFree:           29868 kB
Buffers:           16036 kB
Cached:           548416 kB
SwapCached:        14908 kB
Active:           488204 kB
Inactive:         504396 kB
Active(anon):     212856 kB
Inactive(anon):   221016 kB
Active(file):     275348 kB
Inactive(file):   283380 kB
Unevictable:        3132 kB
Mlocked:               0 kB
HighTotal:        849920 kB
HighFree:           9092 kB
LowTotal:         536648 kB
LowFree:           20776 kB
SwapTotal:        786428 kB
SwapFree:         660092 kB
Dirty:                64 kB
Writeback:             0 kB
AnonPages:        427144 kB
Mapped:           304060 kB
Shmem:              2592 kB
Slab:              54532 kB
SReclaimable:      17752 kB
SUnreclaim:        36780 kB
KernelStack:       11608 kB
PageTables:        33032 kB
NFS_Unstable:          0 kB
Bounce:                0 kB
WritebackTmp:          0 kB
CommitLimit:     1479712 kB
Committed_AS:   72267140 kB
VmallocTotal:     319488 kB
VmallocUsed:       16964 kB
VmallocChunk:     189452 kB
Time pass: 297 sec

---2015-12-08 17:44:29
MemTotal:        1386568 kB
MemFree:           29228 kB
Buffers:           16044 kB
Cached:           548424 kB
SwapCached:        14908 kB
Active:           488592 kB
Inactive:         504412 kB
Active(anon):     213244 kB
Inactive(anon):   221016 kB
Active(file):     275348 kB
Inactive(file):   283396 kB
Unevictable:        3132 kB
Mlocked:               0 kB
HighTotal:        849920 kB
HighFree:           8692 kB
LowTotal:         536648 kB
LowFree:           20536 kB
SwapTotal:        786428 kB
SwapFree:         660092 kB
Dirty:                 0 kB
Writeback:             0 kB
AnonPages:        427444 kB
Mapped:           304060 kB
Shmem:              2592 kB
Slab:              54568 kB
SReclaimable:      17752 kB
SUnreclaim:        36816 kB
KernelStack:       11616 kB
PageTables:        33032 kB
NFS_Unstable:          0 kB
Bounce:                0 kB
WritebackTmp:          0 kB
CommitLimit:     1479712 kB
Committed_AS:   72267188 kB
VmallocTotal:     319488 kB
VmallocUsed:       16964 kB
VmallocChunk:     189452 kB
Time pass: 301 sec

---2015-12-08 17:44:29
MemTotal:        1386568 kB
MemFree:           30204 kB
Buffers:           16068 kB
Cached:           548424 kB
SwapCached:        14908 kB
Active:           488060 kB
Inactive:         504420 kB
Active(anon):     212712 kB
Inactive(anon):   221008 kB
Active(file):     275348 kB
Inactive(file):   283412 kB
Unevictable:        3132 kB
Mlocked:               0 kB
HighTotal:        849920 kB
HighFree:           8772 kB
LowTotal:         536648 kB
LowFree:           21432 kB
SwapTotal:        786428 kB
SwapFree:         660092 kB
Dirty:                72 kB
Writeback:             0 kB
AnonPages:        426800 kB
Mapped:           304004 kB
Shmem:              2592 kB
Slab:              54472 kB
SReclaimable:      17752 kB
SUnreclaim:        36720 kB
KernelStack:       11600 kB
PageTables:        33012 kB
NFS_Unstable:          0 kB
Bounce:                0 kB
WritebackTmp:          0 kB
CommitLimit:     1479712 kB
Committed_AS:   72266268 kB
VmallocTotal:     319488 kB
VmallocUsed:       16964 kB
VmallocChunk:     189452 kB
Time pass: 305 sec

---2015-12-08 17:44:29
MemTotal:        1386568 kB
MemFree:           28612 kB
Buffers:           16068 kB
Cached:           548428 kB
SwapCached:        14908 kB
Active:           489280 kB
Inactive:         504424 kB
Active(anon):     213924 kB
Inactive(anon):   221008 kB
Active(file):     275356 kB
Inactive(file):   283416 kB
Unevictable:        3132 kB
Mlocked:               0 kB
HighTotal:        849920 kB
HighFree:           8804 kB
LowTotal:         536648 kB
LowFree:           19808 kB
SwapTotal:        786428 kB
SwapFree:         660092 kB
Dirty:                20 kB
Writeback:             0 kB
AnonPages:        428228 kB
Mapped:           304188 kB
Shmem:              2592 kB
Slab:              54444 kB
SReclaimable:      17752 kB
SUnreclaim:        36692 kB
KernelStack:       11632 kB
PageTables:        32968 kB
NFS_Unstable:          0 kB
Bounce:                0 kB
WritebackTmp:          0 kB
CommitLimit:     1479712 kB
Committed_AS:   72266336 kB
VmallocTotal:     319488 kB
VmallocUsed:       16964 kB
VmallocChunk:     189452 kB
Time pass: 309 sec

---2015-12-08 17:44:29
MemTotal:        1386568 kB
MemFree:           29624 kB
Buffers:           16092 kB
Cached:           548428 kB
SwapCached:        14908 kB
Active:           488732 kB
Inactive:         504452 kB
Active(anon):     213380 kB
Inactive(anon):   221008 kB
Active(file):     275352 kB
Inactive(file):   283444 kB
Unevictable:        3132 kB
Mlocked:               0 kB
HighTotal:        849920 kB
HighFree:           9440 kB
LowTotal:         536648 kB
LowFree:           20184 kB
SwapTotal:        786428 kB
SwapFree:         660092 kB
Dirty:                72 kB
Writeback:             0 kB
AnonPages:        427504 kB
Mapped:           304152 kB
Shmem:              2592 kB
Slab:              54412 kB
SReclaimable:      17752 kB
SUnreclaim:        36660 kB
KernelStack:       11584 kB
PageTables:        33012 kB
NFS_Unstable:          0 kB
Bounce:                0 kB
WritebackTmp:          0 kB
CommitLimit:     1479712 kB
Committed_AS:   72266532 kB
VmallocTotal:     319488 kB
VmallocUsed:       16964 kB
VmallocChunk:     189452 kB
Time pass: 313 sec

---2015-12-08 17:44:29
MemTotal:        1386568 kB
MemFree:           28300 kB
Buffers:           16092 kB
Cached:           548428 kB
SwapCached:        14908 kB
Active:           489432 kB
Inactive:         504140 kB
Active(anon):     214080 kB
Inactive(anon):   220696 kB
Active(file):     275352 kB
Inactive(file):   283444 kB
Unevictable:        3132 kB
Mlocked:               0 kB
HighTotal:        849920 kB
HighFree:           8964 kB
LowTotal:         536648 kB
LowFree:           19336 kB
SwapTotal:        786428 kB
SwapFree:         660092 kB
Dirty:                 0 kB
Writeback:            40 kB
AnonPages:        428156 kB
Mapped:           304152 kB
Shmem:              2592 kB
Slab:              54572 kB
SReclaimable:      17752 kB
SUnreclaim:        36820 kB
KernelStack:       11584 kB
PageTables:        33012 kB
NFS_Unstable:          0 kB
Bounce:                0 kB
WritebackTmp:          0 kB
CommitLimit:     1479712 kB
Committed_AS:   72266868 kB
VmallocTotal:     319488 kB
VmallocUsed:       16964 kB
VmallocChunk:     189452 kB
Time pass: 317 sec

---2015-12-08 17:44:29
MemTotal:        1386568 kB
MemFree:           28716 kB
Buffers:           16108 kB
Cached:           548464 kB
SwapCached:        14908 kB
Active:           489288 kB
Inactive:         504188 kB
Active(anon):     213936 kB
Inactive(anon):   220692 kB
Active(file):     275352 kB
Inactive(file):   283496 kB
Unevictable:        3132 kB
Mlocked:               0 kB
HighTotal:        849920 kB
HighFree:           8880 kB
LowTotal:         536648 kB
LowFree:           19836 kB
SwapTotal:        786428 kB
SwapFree:         660092 kB
Dirty:                64 kB
Writeback:             0 kB
AnonPages:        427908 kB
Mapped:           304104 kB
Shmem:              2592 kB
Slab:              54568 kB
SReclaimable:      17752 kB
SUnreclaim:        36816 kB
KernelStack:       11624 kB
PageTables:        33056 kB
NFS_Unstable:          0 kB
Bounce:                0 kB
WritebackTmp:          0 kB
CommitLimit:     1479712 kB
Committed_AS:   72266940 kB
VmallocTotal:     319488 kB
VmallocUsed:       16964 kB
VmallocChunk:     189452 kB
Time pass: 321 sec

---2015-12-08 17:44:29
MemTotal:        1386568 kB
MemFree:           29424 kB
Buffers:           16116 kB
Cached:           548464 kB
SwapCached:        14908 kB
Active:           489148 kB
Inactive:         504196 kB
Active(anon):     213796 kB
Inactive(anon):   220692 kB
Active(file):     275352 kB
Inactive(file):   283504 kB
Unevictable:        3132 kB
Mlocked:               0 kB
HighTotal:        849920 kB
HighFree:           9580 kB
LowTotal:         536648 kB
LowFree:           19844 kB
SwapTotal:        786428 kB
SwapFree:         660092 kB
Dirty:                56 kB
Writeback:             0 kB
AnonPages:        427688 kB
Mapped:           304064 kB
Shmem:              2592 kB
Slab:              54408 kB
SReclaimable:      17752 kB
SUnreclaim:        36656 kB
KernelStack:       11592 kB
PageTables:        33032 kB
NFS_Unstable:          0 kB
Bounce:                0 kB
WritebackTmp:          0 kB
CommitLimit:     1479712 kB
Committed_AS:   72267084 kB
VmallocTotal:     319488 kB
VmallocUsed:       16964 kB
VmallocChunk:     189452 kB
Time pass: 325 sec

---2015-12-08 17:44:29
MemTotal:        1386568 kB
MemFree:           30420 kB
Buffers:           16132 kB
Cached:           548468 kB
SwapCached:        14908 kB
Active:           488436 kB
Inactive:         504204 kB
Active(anon):     213080 kB
Inactive(anon):   220684 kB
Active(file):     275356 kB
Inactive(file):   283520 kB
Unevictable:        3132 kB
Mlocked:               0 kB
HighTotal:        849920 kB
HighFree:          10340 kB
LowTotal:         536648 kB
LowFree:           20080 kB
SwapTotal:        786428 kB
SwapFree:         660092 kB
Dirty:                12 kB
Writeback:             0 kB
AnonPages:        427084 kB
Mapped:           304212 kB
Shmem:              2592 kB
Slab:              54436 kB
SReclaimable:      17752 kB
SUnreclaim:        36684 kB
KernelStack:       11600 kB
PageTables:        33032 kB
NFS_Unstable:          0 kB
Bounce:                0 kB
WritebackTmp:          0 kB
CommitLimit:     1479712 kB
Committed_AS:   72267228 kB
VmallocTotal:     319488 kB
VmallocUsed:       16964 kB
VmallocChunk:     189452 kB
Time pass: 329 sec

---2015-12-08 17:44:29
MemTotal:        1386568 kB
MemFree:           29748 kB
Buffers:           16156 kB
Cached:           548512 kB
SwapCached:        14908 kB
Active:           488384 kB
Inactive:         504272 kB
Active(anon):     213028 kB
Inactive(anon):   220684 kB
Active(file):     275356 kB
Inactive(file):   283588 kB
Unevictable:        3132 kB
Mlocked:               0 kB
HighTotal:        849920 kB
HighFree:           9232 kB
LowTotal:         536648 kB
LowFree:           20516 kB
SwapTotal:        786428 kB
SwapFree:         660092 kB
Dirty:                60 kB
Writeback:             0 kB
AnonPages:        427092 kB
Mapped:           304160 kB
Shmem:              2592 kB
Slab:              54408 kB
SReclaimable:      17752 kB
SUnreclaim:        36656 kB
KernelStack:       11568 kB
PageTables:        33012 kB
NFS_Unstable:          0 kB
Bounce:                0 kB
WritebackTmp:          0 kB
CommitLimit:     1479712 kB
Committed_AS:   72266412 kB
VmallocTotal:     319488 kB
VmallocUsed:       16964 kB
VmallocChunk:     189452 kB
Time pass: 334 sec

---2015-12-08 17:44:29
MemTotal:        1386568 kB
MemFree:           31060 kB
Buffers:           16156 kB
Cached:           548528 kB
SwapCached:        14908 kB
Active:           487116 kB
Inactive:         504288 kB
Active(anon):     211760 kB
Inactive(anon):   220684 kB
Active(file):     275356 kB
Inactive(file):   283604 kB
Unevictable:        3132 kB
Mlocked:               0 kB
HighTotal:        849920 kB
HighFree:          10192 kB
LowTotal:         536648 kB
LowFree:           20868 kB
SwapTotal:        786428 kB
SwapFree:         660092 kB
Dirty:                80 kB
Writeback:             0 kB
AnonPages:        425576 kB
Mapped:           304216 kB
Shmem:              2592 kB
Slab:              54596 kB
SReclaimable:      17752 kB
SUnreclaim:        36844 kB
KernelStack:       11592 kB
PageTables:        33032 kB
NFS_Unstable:          0 kB
Bounce:                0 kB
WritebackTmp:          0 kB
CommitLimit:     1479712 kB
Committed_AS:   72266620 kB
VmallocTotal:     319488 kB
VmallocUsed:       16964 kB
VmallocChunk:     189452 kB
Time pass: 338 sec

---2015-12-08 17:44:29
MemTotal:        1386568 kB
MemFree:           31356 kB
Buffers:           16180 kB
Cached:           548528 kB
SwapCached:        14908 kB
Active:           487360 kB
Inactive:         504308 kB
Active(anon):     212004 kB
Inactive(anon):   220680 kB
Active(file):     275356 kB
Inactive(file):   283628 kB
Unevictable:        3132 kB
Mlocked:               0 kB
HighTotal:        849920 kB
HighFree:           9372 kB
LowTotal:         536648 kB
LowFree:           21984 kB
SwapTotal:        786428 kB
SwapFree:         660092 kB
Dirty:                72 kB
Writeback:             0 kB
AnonPages:        425772 kB
Mapped:           304216 kB
Shmem:              2592 kB
Slab:              54436 kB
SReclaimable:      17752 kB
SUnreclaim:        36684 kB
KernelStack:       11592 kB
PageTables:        33032 kB
NFS_Unstable:          0 kB
Bounce:                0 kB
WritebackTmp:          0 kB
CommitLimit:     1479712 kB
Committed_AS:   72266664 kB
VmallocTotal:     319488 kB
VmallocUsed:       16964 kB
VmallocChunk:     189452 kB
Time pass: 341 sec

---2015-12-08 17:44:29
MemTotal:        1386568 kB
MemFree:           29292 kB
Buffers:           16180 kB
Cached:           548532 kB
SwapCached:        14908 kB
Active:           488392 kB
Inactive:         504300 kB
Active(anon):     213036 kB
Inactive(anon):   220668 kB
Active(file):     275356 kB
Inactive(file):   283632 kB
Unevictable:        3132 kB
Mlocked:               0 kB
HighTotal:        849920 kB
HighFree:           9020 kB
LowTotal:         536648 kB
LowFree:           20272 kB
SwapTotal:        786428 kB
SwapFree:         660092 kB
Dirty:                16 kB
Writeback:             0 kB
AnonPages:        426876 kB
Mapped:           304184 kB
Shmem:              2592 kB
Slab:              54692 kB
SReclaimable:      17752 kB
SUnreclaim:        36940 kB
KernelStack:       11544 kB
PageTables:        33036 kB
NFS_Unstable:          0 kB
Bounce:                0 kB
WritebackTmp:          0 kB
CommitLimit:     1479712 kB
Committed_AS:   72266940 kB
VmallocTotal:     319488 kB
VmallocUsed:       16964 kB
VmallocChunk:     189452 kB
Time pass: 345 sec

---2015-12-08 17:44:29
MemTotal:        1386568 kB
MemFree:           28684 kB
Buffers:           16196 kB
Cached:           548532 kB
SwapCached:        14908 kB
Active:           489020 kB
Inactive:         504316 kB
Active(anon):     213664 kB
Inactive(anon):   220668 kB
Active(file):     275356 kB
Inactive(file):   283648 kB
Unevictable:        3132 kB
Mlocked:               0 kB
HighTotal:        849920 kB
HighFree:           8848 kB
LowTotal:         536648 kB
LowFree:           19836 kB
SwapTotal:        786428 kB
SwapFree:         660092 kB
Dirty:                80 kB
Writeback:             0 kB
AnonPages:        427824 kB
Mapped:           304012 kB
