---2015-12-05 14:07:44
MemTotal:        2905316 kB
MemFree:          142436 kB
Buffers:           25756 kB
Cached:          1418852 kB
SwapCached:            0 kB
Active:          1209516 kB
Inactive:        1053424 kB
Active(anon):     705496 kB
Inactive(anon):   142276 kB
Active(file):     504020 kB
Inactive(file):   911148 kB
Unevictable:        7488 kB
Mlocked:               0 kB
SwapTotal:        720184 kB
SwapFree:         720184 kB
Dirty:                96 kB
Writeback:             0 kB
AnonPages:        825724 kB
Mapped:           495932 kB
Shmem:             21948 kB
Slab:             119412 kB
SReclaimable:      35900 kB
SUnreclaim:        83512 kB
KernelStack:       30848 kB
PageTables:        56780 kB
NFS_Unstable:          0 kB
Bounce:                0 kB
WritebackTmp:          0 kB
CommitLimit:     2172840 kB
Committed_AS:   93805872 kB
VmallocTotal:   251658176 kB
VmallocUsed:      136512 kB
VmallocChunk:   251423276 kB
Time pass: 3 sec

---2015-12-05 14:07:44
MemTotal:        2905316 kB
MemFree:           91204 kB
Buffers:           27516 kB
Cached:          1419592 kB
SwapCached:            0 kB
Active:          1254736 kB
Inactive:        1055652 kB
Active(anon):     750448 kB
Inactive(anon):   142404 kB
Active(file):     504288 kB
Inactive(file):   913248 kB
Unevictable:        7488 kB
Mlocked:               0 kB
SwapTotal:        720184 kB
SwapFree:         720184 kB
Dirty:               800 kB
Writeback:             0 kB
AnonPages:        870848 kB
Mapped:           544664 kB
Shmem:             22072 kB
Slab:             119976 kB
SReclaimable:      36028 kB
SUnreclaim:        83948 kB
KernelStack:       33024 kB
PageTables:        57304 kB
NFS_Unstable:          0 kB
Bounce:                0 kB
WritebackTmp:          0 kB
CommitLimit:     2172840 kB
Committed_AS:   94359872 kB
VmallocTotal:   251658176 kB
VmallocUsed:      136648 kB
VmallocChunk:   251423276 kB
Time pass: 7 sec

---2015-12-05 14:07:44
MemTotal:        2905316 kB
MemFree:          112744 kB
Buffers:           27532 kB
Cached:          1420088 kB
SwapCached:            0 kB
Active:          1234752 kB
Inactive:        1056060 kB
Active(anon):     730360 kB
Inactive(anon):   142404 kB
Active(file):     504392 kB
Inactive(file):   913656 kB
Unevictable:        7488 kB
Mlocked:               0 kB
SwapTotal:        720184 kB
SwapFree:         720184 kB
Dirty:               388 kB
Writeback:             0 kB
AnonPages:        850652 kB
Mapped:           544644 kB
Shmem:             22072 kB
Slab:             119916 kB
SReclaimable:      36032 kB
SUnreclaim:        83884 kB
KernelStack:       32832 kB
PageTables:        56868 kB
NFS_Unstable:          0 kB
Bounce:                0 kB
WritebackTmp:          0 kB
CommitLimit:     2172840 kB
Committed_AS:   93628420 kB
VmallocTotal:   251658176 kB
VmallocUsed:      135628 kB
VmallocChunk:   251423276 kB
Time pass: 11 sec

---2015-12-05 14:07:44
MemTotal:        2905316 kB
MemFree:          111988 kB
Buffers:           27532 kB
Cached:          1420312 kB
SwapCached:            0 kB
Active:          1235260 kB
Inactive:        1056208 kB
Active(anon):     730856 kB
Inactive(anon):   142404 kB
Active(file):     504404 kB
Inactive(file):   913804 kB
Unevictable:        7488 kB
Mlocked:               0 kB
SwapTotal:        720184 kB
SwapFree:         720184 kB
Dirty:               152 kB
Writeback:             0 kB
AnonPages:        851148 kB
Mapped:           544708 kB
Shmem:             22072 kB
Slab:             119908 kB
SReclaimable:      36032 kB
SUnreclaim:        83876 kB
KernelStack:       32816 kB
PageTables:        56892 kB
NFS_Unstable:          0 kB
Bounce:                0 kB
WritebackTmp:          0 kB
CommitLimit:     2172840 kB
Committed_AS:   93628372 kB
VmallocTotal:   251658176 kB
VmallocUsed:      136648 kB
VmallocChunk:   251423276 kB
Time pass: 15 sec

---2015-12-05 14:07:44
MemTotal:        2905316 kB
MemFree:          103644 kB
Buffers:           27540 kB
Cached:          1421544 kB
SwapCached:            0 kB
Active:          1242200 kB
Inactive:        1057500 kB
Active(anon):     737772 kB
Inactive(anon):   142464 kB
Active(file):     504428 kB
Inactive(file):   915036 kB
Unevictable:        7488 kB
Mlocked:               0 kB
SwapTotal:        720184 kB
SwapFree:         720184 kB
Dirty:                20 kB
Writeback:             0 kB
AnonPages:        858236 kB
Mapped:           544844 kB
Shmem:             22132 kB
Slab:             120048 kB
SReclaimable:      36016 kB
SUnreclaim:        84032 kB
KernelStack:       32736 kB
PageTables:        56664 kB
NFS_Unstable:          0 kB
Bounce:                0 kB
WritebackTmp:          0 kB
CommitLimit:     2172840 kB
Committed_AS:   96374424 kB
VmallocTotal:   251658176 kB
VmallocUsed:      136648 kB
VmallocChunk:   251423276 kB
Time pass: 18 sec

---2015-12-05 14:07:44
MemTotal:        2905316 kB
MemFree:           66052 kB
Buffers:           28920 kB
Cached:          1323272 kB
SwapCached:            0 kB
Active:          1272884 kB
Inactive:         967204 kB
Active(anon):     752968 kB
Inactive(anon):   164616 kB
Active(file):     519916 kB
Inactive(file):   802588 kB
Unevictable:        7488 kB
Mlocked:               0 kB
SwapTotal:        720184 kB
SwapFree:         720184 kB
Dirty:              1664 kB
Writeback:             0 kB
AnonPages:        895308 kB
Mapped:           601508 kB
Shmem:             22268 kB
Slab:             120108 kB
SReclaimable:      36192 kB
SUnreclaim:        83916 kB
KernelStack:       34112 kB
PageTables:        57536 kB
NFS_Unstable:          0 kB
Bounce:                0 kB
WritebackTmp:          0 kB
CommitLimit:     2172840 kB
Committed_AS:   93747064 kB
VmallocTotal:   251658176 kB
VmallocUsed:      137028 kB
VmallocChunk:   251423276 kB
Time pass: 22 sec

---2015-12-05 14:07:44
MemTotal:        2905316 kB
MemFree:           88316 kB
Buffers:           28836 kB
Cached:          1299388 kB
SwapCached:            0 kB
Active:          1255500 kB
Inactive:         946036 kB
Active(anon):     735380 kB
Inactive(anon):   167688 kB
Active(file):     520120 kB
Inactive(file):   778348 kB
Unevictable:        7488 kB
Mlocked:               0 kB
SwapTotal:        720184 kB
SwapFree:         720184 kB
Dirty:               120 kB
Writeback:             0 kB
AnonPages:        881088 kB
Mapped:           609344 kB
Shmem:             22268 kB
Slab:             120152 kB
SReclaimable:      36192 kB
SUnreclaim:        83960 kB
KernelStack:       34128 kB
PageTables:        57412 kB
NFS_Unstable:          0 kB
Bounce:                0 kB
WritebackTmp:          0 kB
CommitLimit:     2172840 kB
Committed_AS:   93745224 kB
VmallocTotal:   251658176 kB
VmallocUsed:      137196 kB
VmallocChunk:   251423276 kB
Time pass: 25 sec

---2015-12-05 14:07:44
MemTotal:        2905316 kB
MemFree:           88916 kB
Buffers:           28852 kB
Cached:          1299400 kB
SwapCached:            0 kB
Active:          1254812 kB
Inactive:         946048 kB
Active(anon):     734684 kB
Inactive(anon):   167688 kB
Active(file):     520128 kB
Inactive(file):   778360 kB
Unevictable:        7488 kB
Mlocked:               0 kB
SwapTotal:        720184 kB
SwapFree:         720184 kB
Dirty:               148 kB
Writeback:             0 kB
AnonPages:        880232 kB
Mapped:           609912 kB
Shmem:             22268 kB
Slab:             120296 kB
SReclaimable:      36192 kB
SUnreclaim:        84104 kB
KernelStack:       34128 kB
PageTables:        57436 kB
NFS_Unstable:          0 kB
Bounce:                0 kB
WritebackTmp:          0 kB
CommitLimit:     2172840 kB
Committed_AS:   93745056 kB
VmallocTotal:   251658176 kB
VmallocUsed:      137196 kB
VmallocChunk:   251423276 kB
Time pass: 29 sec

---2015-12-05 14:07:44
MemTotal:        2905316 kB
MemFree:           74384 kB
Buffers:           29052 kB
Cached:          1280208 kB
SwapCached:            0 kB
Active:          1256352 kB
Inactive:         927260 kB
Active(anon):     734868 kB
Inactive(anon):   169480 kB
Active(file):     521484 kB
Inactive(file):   757780 kB
Unevictable:        7488 kB
Mlocked:               0 kB
SwapTotal:        720184 kB
SwapFree:         720184 kB
Dirty:                 0 kB
Writeback:             0 kB
AnonPages:        882020 kB
Mapped:           629260 kB
Shmem:             22268 kB
Slab:             120228 kB
SReclaimable:      36192 kB
SUnreclaim:        84036 kB
KernelStack:       34096 kB
PageTables:        57444 kB
NFS_Unstable:          0 kB
Bounce:                0 kB
WritebackTmp:          0 kB
CommitLimit:     2172840 kB
Committed_AS:   93754244 kB
VmallocTotal:   251658176 kB
VmallocUsed:      137500 kB
VmallocChunk:   251423276 kB
Time pass: 32 sec

---2015-12-05 14:07:44
MemTotal:        2905316 kB
MemFree:           72900 kB
Buffers:           29052 kB
Cached:          1280044 kB
SwapCached:            0 kB
Active:          1256828 kB
Inactive:         927240 kB
Active(anon):     735272 kB
Inactive(anon):   169460 kB
Active(file):     521556 kB
Inactive(file):   757780 kB
Unevictable:        7488 kB
Mlocked:               0 kB
SwapTotal:        720184 kB
SwapFree:         720184 kB
Dirty:               136 kB
Writeback:             0 kB
AnonPages:        882600 kB
Mapped:           629544 kB
Shmem:             22268 kB
Slab:             120092 kB
SReclaimable:      36192 kB
SUnreclaim:        83900 kB
KernelStack:       34096 kB
PageTables:        57480 kB
NFS_Unstable:          0 kB
Bounce:                0 kB
WritebackTmp:          0 kB
CommitLimit:     2172840 kB
Committed_AS:   93754288 kB
VmallocTotal:   251658176 kB
VmallocUsed:      137500 kB
VmallocChunk:   251423276 kB
Time pass: 36 sec

---2015-12-05 14:07:44
MemTotal:        2905316 kB
MemFree:           73064 kB
Buffers:           29060 kB
Cached:          1280056 kB
SwapCached:            0 kB
Active:          1257288 kB
Inactive:         927256 kB
Active(anon):     735724 kB
Inactive(anon):   169460 kB
Active(file):     521564 kB
Inactive(file):   757796 kB
Unevictable:        7488 kB
Mlocked:               0 kB
SwapTotal:        720184 kB
SwapFree:         720184 kB
Dirty:                68 kB
Writeback:             0 kB
AnonPages:        882760 kB
Mapped:           629544 kB
Shmem:             22268 kB
Slab:             120116 kB
SReclaimable:      36192 kB
SUnreclaim:        83924 kB
KernelStack:       34080 kB
PageTables:        57480 kB
NFS_Unstable:          0 kB
Bounce:                0 kB
WritebackTmp:          0 kB
CommitLimit:     2172840 kB
Committed_AS:   93754288 kB
VmallocTotal:   251658176 kB
VmallocUsed:      137500 kB
VmallocChunk:   251423276 kB
Time pass: 40 sec

---2015-12-05 14:07:44
MemTotal:        2905316 kB
MemFree:           66104 kB
Buffers:           27684 kB
Cached:          1233304 kB
SwapCached:            0 kB
Active:          1258956 kB
Inactive:         887448 kB
Active(anon):     735728 kB
Inactive(anon):   179448 kB
Active(file):     523228 kB
Inactive(file):   708000 kB
Unevictable:        7488 kB
Mlocked:               0 kB
SwapTotal:        720184 kB
SwapFree:         720184 kB
Dirty:               284 kB
Writeback:             0 kB
AnonPages:        893068 kB
Mapped:           640940 kB
Shmem:             22272 kB
Slab:             120160 kB
SReclaimable:      36096 kB
SUnreclaim:        84064 kB
KernelStack:       34160 kB
PageTables:        57824 kB
NFS_Unstable:          0 kB
Bounce:                0 kB
WritebackTmp:          0 kB
CommitLimit:     2172840 kB
Committed_AS:   93772196 kB
VmallocTotal:   251658176 kB
VmallocUsed:      137768 kB
VmallocChunk:   251423276 kB
Time pass: 44 sec

---2015-12-05 14:07:44
MemTotal:        2905316 kB
MemFree:           67168 kB
Buffers:           27604 kB
Cached:          1213192 kB
SwapCached:            0 kB
Active:          1264556 kB
Inactive:         871196 kB
Active(anon):     740148 kB
Inactive(anon):   184568 kB
Active(file):     524408 kB
Inactive(file):   686628 kB
Unevictable:        7488 kB
Mlocked:               0 kB
SwapTotal:        720184 kB
SwapFree:         720184 kB
Dirty:               340 kB
Writeback:             0 kB
AnonPages:        902344 kB
Mapped:           646764 kB
Shmem:             22272 kB
Slab:             120220 kB
SReclaimable:      36160 kB
SUnreclaim:        84060 kB
KernelStack:       34176 kB
PageTables:        57920 kB
NFS_Unstable:          0 kB
Bounce:                0 kB
WritebackTmp:          0 kB
CommitLimit:     2172840 kB
Committed_AS:   93794656 kB
VmallocTotal:   251658176 kB
VmallocUsed:      137816 kB
VmallocChunk:   251423276 kB
Time pass: 47 sec

---2015-12-05 14:07:44
MemTotal:        2905316 kB
MemFree:           66324 kB
Buffers:           28536 kB
Cached:          1215060 kB
SwapCached:            0 kB
Active:          1282864 kB
Inactive:         873508 kB
Active(anon):     757968 kB
Inactive(anon):   184632 kB
Active(file):     524896 kB
Inactive(file):   688876 kB
Unevictable:        7488 kB
Mlocked:               0 kB
SwapTotal:        720184 kB
SwapFree:         720184 kB
Dirty:               888 kB
Writeback:             0 kB
AnonPages:        920168 kB
Mapped:           640024 kB
Shmem:             22336 kB
Slab:             120376 kB
SReclaimable:      36272 kB
SUnreclaim:        84104 kB
KernelStack:       34336 kB
PageTables:        57832 kB
NFS_Unstable:          0 kB
Bounce:                0 kB
WritebackTmp:          0 kB
CommitLimit:     2172840 kB
Committed_AS:   93827656 kB
VmallocTotal:   251658176 kB
VmallocUsed:      137648 kB
VmallocChunk:   251423276 kB
Time pass: 51 sec

---2015-12-05 14:07:44
MemTotal:        2905316 kB
MemFree:           78136 kB
Buffers:           26424 kB
Cached:          1155552 kB
SwapCached:            0 kB
Active:          1287900 kB
Inactive:         805796 kB
Active(anon):     750024 kB
Inactive(anon):   191544 kB
Active(file):     537876 kB
Inactive(file):   614252 kB
Unevictable:        7488 kB
Mlocked:               0 kB
SwapTotal:        720184 kB
SwapFree:         720184 kB
Dirty:               788 kB
Writeback:             0 kB
AnonPages:        919252 kB
Mapped:           690492 kB
Shmem:             22336 kB
Slab:             120384 kB
SReclaimable:      36100 kB
SUnreclaim:        84284 kB
KernelStack:       34320 kB
PageTables:        57988 kB
NFS_Unstable:          0 kB
Bounce:                0 kB
WritebackTmp:          0 kB
CommitLimit:     2172840 kB
Committed_AS:   93834868 kB
VmallocTotal:   251658176 kB
VmallocUsed:      138112 kB
VmallocChunk:   251423276 kB
Time pass: 54 sec

---2015-12-05 14:07:44
MemTotal:        2905316 kB
MemFree:           77204 kB
Buffers:           26440 kB
Cached:          1155992 kB
SwapCached:            0 kB
Active:          1288244 kB
Inactive:         806244 kB
Active(anon):     750364 kB
Inactive(anon):   191544 kB
Active(file):     537880 kB
Inactive(file):   614700 kB
Unevictable:        7488 kB
Mlocked:               0 kB
SwapTotal:        720184 kB
SwapFree:         720184 kB
Dirty:                12 kB
Writeback:             0 kB
AnonPages:        919512 kB
Mapped:           690596 kB
Shmem:             22336 kB
Slab:             120548 kB
SReclaimable:      36248 kB
SUnreclaim:        84300 kB
KernelStack:       34352 kB
PageTables:        57988 kB
NFS_Unstable:          0 kB
Bounce:                0 kB
WritebackTmp:          0 kB
CommitLimit:     2172840 kB
Committed_AS:   93834828 kB
VmallocTotal:   251658176 kB
VmallocUsed:      138112 kB
VmallocChunk:   251423276 kB
Time pass: 58 sec

---2015-12-05 14:07:44
MemTotal:        2905316 kB
MemFree:           73064 kB
Buffers:           26360 kB
Cached:          1142376 kB
SwapCached:            0 kB
Active:          1291628 kB
Inactive:         791268 kB
Active(anon):     752396 kB
Inactive(anon):   191544 kB
Active(file):     539232 kB
Inactive(file):   599724 kB
Unevictable:        7488 kB
Mlocked:               0 kB
SwapTotal:        720184 kB
SwapFree:         720184 kB
Dirty:               184 kB
Writeback:             0 kB
AnonPages:        921648 kB
Mapped:           700760 kB
Shmem:             22336 kB
Slab:             120772 kB
SReclaimable:      36456 kB
SUnreclaim:        84316 kB
KernelStack:       34336 kB
PageTables:        58020 kB
NFS_Unstable:          0 kB
Bounce:                0 kB
WritebackTmp:          0 kB
CommitLimit:     2172840 kB
Committed_AS:   93835152 kB
VmallocTotal:   251658176 kB
VmallocUsed:      138236 kB
VmallocChunk:   251423276 kB
Time pass: 62 sec

---2015-12-05 14:07:44
MemTotal:        2905316 kB
MemFree:           73376 kB
Buffers:           26368 kB
Cached:          1142376 kB
SwapCached:            0 kB
Active:          1291244 kB
Inactive:         791300 kB
Active(anon):     752008 kB
Inactive(anon):   191540 kB
Active(file):     539236 kB
Inactive(file):   599760 kB
Unevictable:        7488 kB
Mlocked:               0 kB
SwapTotal:        720184 kB
SwapFree:         720184 kB
Dirty:               148 kB
Writeback:             0 kB
AnonPages:        921220 kB
Mapped:           700772 kB
Shmem:             22336 kB
Slab:             120648 kB
SReclaimable:      36424 kB
SUnreclaim:        84224 kB
KernelStack:       34160 kB
PageTables:        58020 kB
NFS_Unstable:          0 kB
Bounce:                0 kB
WritebackTmp:          0 kB
CommitLimit:     2172840 kB
Committed_AS:   93835092 kB
VmallocTotal:   251658176 kB
VmallocUsed:      138236 kB
VmallocChunk:   251423276 kB
Time pass: 66 sec

---2015-12-05 14:07:44
MemTotal:        2905316 kB
MemFree:           74788 kB
Buffers:           26364 kB
Cached:          1127164 kB
SwapCached:            0 kB
Active:          1305876 kB
Inactive:         773984 kB
Active(anon):     764108 kB
Inactive(anon):   192048 kB
Active(file):     541768 kB
Inactive(file):   581936 kB
Unevictable:        7488 kB
Mlocked:               0 kB
SwapTotal:        720184 kB
SwapFree:         720184 kB
Dirty:               588 kB
Writeback:             0 kB
AnonPages:        934012 kB
Mapped:           706052 kB
Shmem:             22336 kB
Slab:             118168 kB
SReclaimable:      33784 kB
SUnreclaim:        84384 kB
KernelStack:       34144 kB
PageTables:        57976 kB
NFS_Unstable:          0 kB
Bounce:                0 kB
WritebackTmp:          0 kB
CommitLimit:     2172840 kB
Committed_AS:   93836728 kB
VmallocTotal:   251658176 kB
VmallocUsed:      138272 kB
VmallocChunk:   251423276 kB
Time pass: 70 sec

---2015-12-05 14:07:44
MemTotal:        2905316 kB
MemFree:           79340 kB
Buffers:           26272 kB
Cached:          1111588 kB
SwapCached:            0 kB
Active:          1300956 kB
Inactive:         757008 kB
Active(anon):     757896 kB
Inactive(anon):   192032 kB
Active(file):     543060 kB
Inactive(file):   564976 kB
Unevictable:        7488 kB
Mlocked:               0 kB
SwapTotal:        720184 kB
SwapFree:         720184 kB
Dirty:                 4 kB
Writeback:             0 kB
AnonPages:        927672 kB
Mapped:           712868 kB
Shmem:             22336 kB
Slab:             120832 kB
SReclaimable:      36392 kB
SUnreclaim:        84440 kB
KernelStack:       34128 kB
PageTables:        57928 kB
NFS_Unstable:          0 kB
Bounce:                0 kB
WritebackTmp:          0 kB
CommitLimit:     2172840 kB
Committed_AS:   93837196 kB
VmallocTotal:   251658176 kB
VmallocUsed:      138412 kB
VmallocChunk:   251423276 kB
Time pass: 73 sec

---2015-12-05 14:07:44
MemTotal:        2905316 kB
MemFree:           67800 kB
Buffers:           26220 kB
Cached:          1108116 kB
SwapCached:            0 kB
Active:          1318144 kB
Inactive:         754532 kB
Active(anon):     774724 kB
Inactive(anon):   193568 kB
Active(file):     543420 kB
Inactive(file):   560964 kB
Unevictable:        7488 kB
Mlocked:               0 kB
SwapTotal:        720184 kB
SwapFree:         720184 kB
Dirty:               528 kB
Writeback:             0 kB
AnonPages:        946224 kB
Mapped:           714252 kB
Shmem:             22336 kB
Slab:             118336 kB
SReclaimable:      33848 kB
SUnreclaim:        84488 kB
KernelStack:       34304 kB
PageTables:        57972 kB
NFS_Unstable:          0 kB
Bounce:                0 kB
WritebackTmp:          0 kB
CommitLimit:     2172840 kB
Committed_AS:   93853984 kB
VmallocTotal:   251658176 kB
VmallocUsed:      138412 kB
VmallocChunk:   251423276 kB
Time pass: 77 sec

---2015-12-05 14:07:44
MemTotal:        2905316 kB
MemFree:           69160 kB
Buffers:           26196 kB
Cached:          1101260 kB
SwapCached:            0 kB
Active:          1322864 kB
Inactive:         747928 kB
Active(anon):     778840 kB
Inactive(anon):   194396 kB
Active(file):     544024 kB
Inactive(file):   553532 kB
Unevictable:        7488 kB
Mlocked:               0 kB
SwapTotal:        720184 kB
SwapFree:         720184 kB
Dirty:               168 kB
Writeback:             0 kB
AnonPages:        950740 kB
Mapped:           714388 kB
Shmem:             22396 kB
Slab:             120744 kB
SReclaimable:      36280 kB
SUnreclaim:        84464 kB
KernelStack:       34352 kB
PageTables:        58072 kB
NFS_Unstable:          0 kB
Bounce:                0 kB
WritebackTmp:          0 kB
CommitLimit:     2172840 kB
Committed_AS:   93883400 kB
VmallocTotal:   251658176 kB
VmallocUsed:      138412 kB
VmallocChunk:   251423276 kB
Time pass: 81 sec

---2015-12-05 14:07:44
MemTotal:        2905316 kB
MemFree:           68780 kB
Buffers:           26204 kB
Cached:          1101264 kB
SwapCached:            0 kB
Active:          1322684 kB
Inactive:         747932 kB
Active(anon):     778644 kB
Inactive(anon):   194396 kB
Active(file):     544040 kB
Inactive(file):   553536 kB
Unevictable:        7488 kB
Mlocked:               0 kB
SwapTotal:        720184 kB
SwapFree:         720184 kB
Dirty:                72 kB
Writeback:             0 kB
AnonPages:        950752 kB
Mapped:           714396 kB
Shmem:             22396 kB
Slab:             120540 kB
SReclaimable:      36152 kB
SUnreclaim:        84388 kB
KernelStack:       34304 kB
PageTables:        58040 kB
NFS_Unstable:          0 kB
Bounce:                0 kB
WritebackTmp:          0 kB
CommitLimit:     2172840 kB
Committed_AS:   93883252 kB
VmallocTotal:   251658176 kB
VmallocUsed:      138412 kB
VmallocChunk:   251423276 kB
Time pass: 84 sec

---2015-12-05 14:07:44
MemTotal:        2905316 kB
MemFree:           65124 kB
Buffers:           26180 kB
Cached:          1099360 kB
SwapCached:            0 kB
Active:          1327612 kB
Inactive:         747184 kB
Active(anon):     783468 kB
Inactive(anon):   195808 kB
Active(file):     544144 kB
Inactive(file):   551376 kB
Unevictable:        7488 kB
Mlocked:               0 kB
SwapTotal:        720184 kB
SwapFree:         720184 kB
Dirty:                 0 kB
Writeback:             0 kB
AnonPages:        956664 kB
Mapped:           715596 kB
Shmem:             22532 kB
Slab:             120620 kB
SReclaimable:      36152 kB
SUnreclaim:        84468 kB
KernelStack:       34528 kB
PageTables:        58264 kB
NFS_Unstable:          0 kB
Bounce:                0 kB
WritebackTmp:          0 kB
CommitLimit:     2172840 kB
Committed_AS:   93918680 kB
VmallocTotal:   251658176 kB
VmallocUsed:      140860 kB
VmallocChunk:   251423276 kB
Time pass: 88 sec

---2015-12-05 14:07:44
MemTotal:        2905316 kB
MemFree:           67264 kB
Buffers:           25896 kB
Cached:          1060032 kB
SwapCached:            0 kB
Active:          1309940 kB
Inactive:         721692 kB
Active(anon):     784492 kB
Inactive(anon):   196316 kB
Active(file):     525448 kB
Inactive(file):   525376 kB
Unevictable:       12456 kB
Mlocked:               0 kB
SwapTotal:        720184 kB
SwapFree:         720156 kB
Dirty:               120 kB
Writeback:             0 kB
AnonPages:        958136 kB
Mapped:           712204 kB
Shmem:             22648 kB
Slab:             120724 kB
SReclaimable:      36088 kB
SUnreclaim:        84636 kB
KernelStack:       34512 kB
PageTables:        58432 kB
NFS_Unstable:          0 kB
Bounce:                0 kB
WritebackTmp:          0 kB
CommitLimit:     2172840 kB
Committed_AS:   93919480 kB
VmallocTotal:   251658176 kB
VmallocUsed:      140860 kB
VmallocChunk:   251423276 kB
Time pass: 92 sec

---2015-12-05 14:07:44
MemTotal:        2905316 kB
MemFree:           66092 kB
Buffers:           25912 kB
Cached:          1060180 kB
SwapCached:            0 kB
Active:          1311036 kB
Inactive:         721656 kB
Active(anon):     785388 kB
Inactive(anon):   196368 kB
Active(file):     525648 kB
Inactive(file):   525288 kB
Unevictable:       12456 kB
Mlocked:               0 kB
SwapTotal:        720184 kB
SwapFree:         720156 kB
Dirty:               120 kB
Writeback:             0 kB
AnonPages:        959168 kB
Mapped:           712264 kB
Shmem:             22700 kB
Slab:             120896 kB
SReclaimable:      36232 kB
SUnreclaim:        84664 kB
KernelStack:       34480 kB
PageTables:        58424 kB
NFS_Unstable:          0 kB
Bounce:                0 kB
WritebackTmp:          0 kB
CommitLimit:     2172840 kB
Committed_AS:   93919712 kB
VmallocTotal:   251658176 kB
VmallocUsed:      140860 kB
VmallocChunk:   251423276 kB
Time pass: 96 sec

---2015-12-05 14:07:44
MemTotal:        2905316 kB
MemFree:           69268 kB
Buffers:           25912 kB
Cached:          1052724 kB
SwapCached:            0 kB
Active:          1310616 kB
Inactive:         718956 kB
Active(anon):     788968 kB
Inactive(anon):   197268 kB
Active(file):     521648 kB
Inactive(file):   521688 kB
Unevictable:       12456 kB
Mlocked:               0 kB
SwapTotal:        720184 kB
SwapFree:         720156 kB
Dirty:                52 kB
Writeback:             0 kB
AnonPages:        963724 kB
Mapped:           712488 kB
Shmem:             22924 kB
Slab:             120912 kB
SReclaimable:      36232 kB
SUnreclaim:        84680 kB
KernelStack:       34528 kB
PageTables:        58428 kB
NFS_Unstable:          0 kB
Bounce:                0 kB
WritebackTmp:          0 kB
CommitLimit:     2172840 kB
Committed_AS:   93926496 kB
VmallocTotal:   251658176 kB
VmallocUsed:      140860 kB
VmallocChunk:   251423276 kB
Time pass: 99 sec

---2015-12-05 14:07:44
MemTotal:        2905316 kB
MemFree:          356312 kB
Buffers:           25956 kB
Cached:          1051056 kB
SwapCached:            0 kB
Active:          1214956 kB
Inactive:         717692 kB
Active(anon):     693800 kB
Inactive(anon):   196908 kB
Active(file):     521156 kB
Inactive(file):   520784 kB
Unevictable:       12456 kB
Mlocked:               0 kB
SwapTotal:        720184 kB
SwapFree:         720156 kB
Dirty:                 4 kB
Writeback:             0 kB
AnonPages:        868176 kB
Mapped:           529556 kB
Shmem:             22616 kB
Slab:             120964 kB
SReclaimable:      36392 kB
SUnreclaim:        84572 kB
KernelStack:       33232 kB
PageTables:        55812 kB
NFS_Unstable:          0 kB
Bounce:                0 kB
WritebackTmp:          0 kB
CommitLimit:     2172840 kB
Committed_AS:   92296008 kB
VmallocTotal:   251658176 kB
VmallocUsed:      137184 kB
VmallocChunk:   251423276 kB
Time pass: 103 sec

---2015-12-05 14:07:44
MemTotal:        2905316 kB
MemFree:          267240 kB
Buffers:           26020 kB
Cached:          1052672 kB
SwapCached:            0 kB
Active:          1253420 kB
Inactive:         717388 kB
Active(anon):     730296 kB
Inactive(anon):   197040 kB
Active(file):     523124 kB
Inactive(file):   520348 kB
Unevictable:       12456 kB
Mlocked:               0 kB
SwapTotal:        720184 kB
SwapFree:         720156 kB
Dirty:              1296 kB
Writeback:             0 kB
AnonPages:        904784 kB
Mapped:           590240 kB
Shmem:             22752 kB
Slab:             121016 kB
SReclaimable:      36472 kB
SUnreclaim:        84544 kB
KernelStack:       33920 kB
PageTables:        56868 kB
NFS_Unstable:          0 kB
Bounce:                0 kB
WritebackTmp:          0 kB
CommitLimit:     2172840 kB
Committed_AS:   93107164 kB
VmallocTotal:   251658176 kB
VmallocUsed:      138760 kB
VmallocChunk:   251423276 kB
Time pass: 107 sec

---2015-12-05 14:07:44
MemTotal:        2905316 kB
MemFree:          252644 kB
Buffers:           26020 kB
Cached:          1053920 kB
SwapCached:            0 kB
Active:          1243736 kB
Inactive:         718568 kB
Active(anon):     720536 kB
Inactive(anon):   197100 kB
Active(file):     523200 kB
Inactive(file):   521468 kB
Unevictable:       12456 kB
Mlocked:               0 kB
SwapTotal:        720184 kB
SwapFree:         720156 kB
Dirty:               716 kB
Writeback:             0 kB
AnonPages:        895216 kB
Mapped:           610556 kB
Shmem:             22812 kB
Slab:             121108 kB
SReclaimable:      36524 kB
SUnreclaim:        84584 kB
KernelStack:       33888 kB
PageTables:        57044 kB
NFS_Unstable:          0 kB
Bounce:                0 kB
WritebackTmp:          0 kB
CommitLimit:     2172840 kB
Committed_AS:   93139552 kB
VmallocTotal:   251658176 kB
VmallocUsed:      138956 kB
VmallocChunk:   251423276 kB
Time pass: 111 sec

---2015-12-05 14:07:44
MemTotal:        2905316 kB
MemFree:          253868 kB
Buffers:           26060 kB
Cached:          1053904 kB
SwapCached:            0 kB
Active:          1243076 kB
Inactive:         718568 kB
Active(anon):     719860 kB
Inactive(anon):   197100 kB
Active(file):     523216 kB
Inactive(file):   521468 kB
Unevictable:       12456 kB
Mlocked:               0 kB
SwapTotal:        720184 kB
SwapFree:         720156 kB
Dirty:               128 kB
Writeback:             0 kB
AnonPages:        894172 kB
Mapped:           611072 kB
Shmem:             22812 kB
Slab:             120976 kB
SReclaimable:      36524 kB
SUnreclaim:        84452 kB
KernelStack:       33856 kB
PageTables:        57048 kB
NFS_Unstable:          0 kB
Bounce:                0 kB
WritebackTmp:          0 kB
CommitLimit:     2172840 kB
Committed_AS:   93139536 kB
VmallocTotal:   251658176 kB
VmallocUsed:      138956 kB
VmallocChunk:   251423276 kB
Time pass: 114 sec

---2015-12-05 14:07:44
MemTotal:        2905316 kB
MemFree:          230840 kB
Buffers:           28408 kB
Cached:          1058412 kB
SwapCached:            0 kB
Active:          1250572 kB
Inactive:         725168 kB
Active(anon):     727192 kB
Inactive(anon):   197104 kB
Active(file):     523380 kB
Inactive(file):   528064 kB
Unevictable:       12456 kB
Mlocked:               0 kB
SwapTotal:        720184 kB
SwapFree:         720156 kB
Dirty:                76 kB
Writeback:            56 kB
AnonPages:        901824 kB
Mapped:           614296 kB
Shmem:             22816 kB
Slab:             121012 kB
SReclaimable:      36524 kB
SUnreclaim:        84488 kB
KernelStack:       33968 kB
PageTables:        57092 kB
NFS_Unstable:          0 kB
Bounce:                0 kB
WritebackTmp:          0 kB
CommitLimit:     2172840 kB
Committed_AS:   93149396 kB
VmallocTotal:   251658176 kB
VmallocUsed:      136620 kB
VmallocChunk:   251423276 kB
Time pass: 118 sec

---2015-12-05 14:07:44
MemTotal:        2905316 kB
MemFree:          154836 kB
Buffers:           28416 kB
Cached:          1059692 kB
SwapCached:            0 kB
Active:          1277624 kB
Inactive:         725112 kB
Active(anon):     752708 kB
Inactive(anon):   197104 kB
Active(file):     524916 kB
Inactive(file):   528008 kB
Unevictable:       12456 kB
Mlocked:               0 kB
SwapTotal:        720184 kB
SwapFree:         720156 kB
Dirty:              1492 kB
Writeback:             0 kB
AnonPages:        926936 kB
Mapped:           657116 kB
Shmem:             22816 kB
Slab:             121120 kB
SReclaimable:      36524 kB
SUnreclaim:        84596 kB
KernelStack:       33968 kB
PageTables:        57260 kB
NFS_Unstable:          0 kB
Bounce:                0 kB
WritebackTmp:          0 kB
CommitLimit:     2172840 kB
Committed_AS:   93161588 kB
VmallocTotal:   251658176 kB
VmallocUsed:      136992 kB
VmallocChunk:   251423276 kB
Time pass: 121 sec

---2015-12-05 14:07:44
MemTotal:        2905316 kB
MemFree:          152672 kB
Buffers:           28428 kB
Cached:          1059804 kB
SwapCached:            0 kB
Active:          1269640 kB
Inactive:         725024 kB
Active(anon):     744604 kB
Inactive(anon):   197104 kB
Active(file):     525036 kB
Inactive(file):   527920 kB
Unevictable:       12456 kB
Mlocked:               0 kB
SwapTotal:        720184 kB
SwapFree:         720156 kB
Dirty:                56 kB
Writeback:             0 kB
AnonPages:        918876 kB
Mapped:           665768 kB
Shmem:             22816 kB
Slab:             121040 kB
SReclaimable:      36524 kB
SUnreclaim:        84516 kB
KernelStack:       33936 kB
PageTables:        57304 kB
NFS_Unstable:          0 kB
Bounce:                0 kB
WritebackTmp:          0 kB
CommitLimit:     2172840 kB
Committed_AS:   93161732 kB
VmallocTotal:   251658176 kB
VmallocUsed:      137060 kB
VmallocChunk:   251423276 kB
Time pass: 125 sec

---2015-12-05 14:07:44
MemTotal:        2905316 kB
MemFree:          152892 kB
Buffers:           28428 kB
Cached:          1059812 kB
SwapCached:            0 kB
Active:          1270000 kB
Inactive:         725032 kB
Active(anon):     744960 kB
Inactive(anon):   197104 kB
Active(file):     525040 kB
Inactive(file):   527928 kB
Unevictable:       12456 kB
Mlocked:               0 kB
SwapTotal:        720184 kB
SwapFree:         720156 kB
Dirty:                12 kB
Writeback:             0 kB
AnonPages:        919076 kB
Mapped:           665792 kB
Shmem:             22816 kB
Slab:             121064 kB
SReclaimable:      36524 kB
SUnreclaim:        84540 kB
KernelStack:       33968 kB
PageTables:        57308 kB
NFS_Unstable:          0 kB
Bounce:                0 kB
WritebackTmp:          0 kB
CommitLimit:     2172840 kB
Committed_AS:   93161720 kB
VmallocTotal:   251658176 kB
VmallocUsed:      137060 kB
VmallocChunk:   251423276 kB
Time pass: 129 sec

---2015-12-05 14:07:44
MemTotal:        2905316 kB
MemFree:          152360 kB
Buffers:           28436 kB
Cached:          1059820 kB
SwapCached:            0 kB
Active:          1270204 kB
Inactive:         725036 kB
Active(anon):     745156 kB
Inactive(anon):   197104 kB
Active(file):     525048 kB
Inactive(file):   527932 kB
Unevictable:       12456 kB
Mlocked:               0 kB
SwapTotal:        720184 kB
SwapFree:         720156 kB
Dirty:                 4 kB
Writeback:             0 kB
AnonPages:        919620 kB
Mapped:           665804 kB
Shmem:             22816 kB
Slab:             121068 kB
SReclaimable:      36524 kB
SUnreclaim:        84544 kB
KernelStack:       34016 kB
PageTables:        57320 kB
NFS_Unstable:          0 kB
Bounce:                0 kB
WritebackTmp:          0 kB
CommitLimit:     2172840 kB
Committed_AS:   93161760 kB
VmallocTotal:   251658176 kB
VmallocUsed:      137060 kB
VmallocChunk:   251423276 kB
Time pass: 133 sec

---2015-12-05 14:07:44
MemTotal:        2905316 kB
MemFree:          151652 kB
Buffers:           28452 kB
Cached:          1059816 kB
SwapCached:            0 kB
Active:          1270328 kB
Inactive:         725040 kB
Active(anon):     745280 kB
Inactive(anon):   197104 kB
Active(file):     525048 kB
Inactive(file):   527936 kB
Unevictable:       12456 kB
Mlocked:               0 kB
SwapTotal:        720184 kB
SwapFree:         720156 kB
Dirty:                24 kB
Writeback:             0 kB
AnonPages:        919648 kB
Mapped:           665828 kB
Shmem:             22816 kB
Slab:             120928 kB
SReclaimable:      36396 kB
SUnreclaim:        84532 kB
KernelStack:       34000 kB
PageTables:        57304 kB
NFS_Unstable:          0 kB
Bounce:                0 kB
WritebackTmp:          0 kB
CommitLimit:     2172840 kB
Committed_AS:   93161748 kB
VmallocTotal:   251658176 kB
VmallocUsed:      137060 kB
VmallocChunk:   251423276 kB
Time pass: 137 sec

---2015-12-05 14:07:44
MemTotal:        2905316 kB
MemFree:          150556 kB
Buffers:           28452 kB
Cached:          1059892 kB
SwapCached:            0 kB
Active:          1271504 kB
Inactive:         725124 kB
Active(anon):     746452 kB
Inactive(anon):   197164 kB
Active(file):     525052 kB
Inactive(file):   527960 kB
Unevictable:       12456 kB
Mlocked:               0 kB
SwapTotal:        720184 kB
SwapFree:         720156 kB
Dirty:                16 kB
Writeback:             0 kB
AnonPages:        920728 kB
Mapped:           665976 kB
Shmem:             22876 kB
Slab:             121036 kB
SReclaimable:      36396 kB
SUnreclaim:        84640 kB
KernelStack:       33984 kB
PageTables:        57356 kB
NFS_Unstable:          0 kB
Bounce:                0 kB
WritebackTmp:          0 kB
CommitLimit:     2172840 kB
Committed_AS:   93188372 kB
VmallocTotal:   251658176 kB
VmallocUsed:      137060 kB
VmallocChunk:   251423276 kB
Time pass: 140 sec

---2015-12-05 14:07:44
MemTotal:        2905316 kB
MemFree:          150672 kB
Buffers:           28460 kB
Cached:          1059892 kB
SwapCached:            0 kB
Active:          1271664 kB
Inactive:         725124 kB
Active(anon):     746608 kB
Inactive(anon):   197164 kB
Active(file):     525056 kB
Inactive(file):   527960 kB
Unevictable:       12456 kB
Mlocked:               0 kB
SwapTotal:        720184 kB
SwapFree:         720156 kB
Dirty:                28 kB
Writeback:             0 kB
AnonPages:        920864 kB
Mapped:           665984 kB
Shmem:             22876 kB
Slab:             121032 kB
SReclaimable:      36396 kB
SUnreclaim:        84636 kB
KernelStack:       33984 kB
PageTables:        57356 kB
NFS_Unstable:          0 kB
Bounce:                0 kB
WritebackTmp:          0 kB
CommitLimit:     2172840 kB
Committed_AS:   93188344 kB
VmallocTotal:   251658176 kB
VmallocUsed:      137060 kB
VmallocChunk:   251423276 kB
Time pass: 144 sec

---2015-12-05 14:07:44
MemTotal:        2905316 kB
MemFree:          150624 kB
Buffers:           28468 kB
Cached:          1059896 kB
SwapCached:            0 kB
Active:          1271756 kB
Inactive:         725128 kB
Active(anon):     746696 kB
Inactive(anon):   197164 kB
Active(file):     525060 kB
Inactive(file):   527964 kB
Unevictable:       12456 kB
Mlocked:               0 kB
SwapTotal:        720184 kB
SwapFree:         720156 kB
Dirty:                20 kB
Writeback:             0 kB
AnonPages:        920968 kB
Mapped:           666376 kB
Shmem:             22876 kB
Slab:             120992 kB
SReclaimable:      36396 kB
SUnreclaim:        84596 kB
KernelStack:       34016 kB
PageTables:        57356 kB
NFS_Unstable:          0 kB
Bounce:                0 kB
WritebackTmp:          0 kB
CommitLimit:     2172840 kB
Committed_AS:   93188344 kB
VmallocTotal:   251658176 kB
VmallocUsed:      137060 kB
VmallocChunk:   251423276 kB
Time pass: 148 sec

---2015-12-05 14:07:44
MemTotal:        2905316 kB
MemFree:          149804 kB
Buffers:           28468 kB
Cached:          1059896 kB
SwapCached:            0 kB
Active:          1271992 kB
Inactive:         725136 kB
Active(anon):     746932 kB
Inactive(anon):   197164 kB
Active(file):     525060 kB
Inactive(file):   527972 kB
Unevictable:       12456 kB
Mlocked:               0 kB
SwapTotal:        720184 kB
SwapFree:         720156 kB
Dirty:                24 kB
Writeback:             0 kB
AnonPages:        921120 kB
Mapped:           666388 kB
Shmem:             22876 kB
Slab:             121096 kB
SReclaimable:      36396 kB
SUnreclaim:        84700 kB
KernelStack:       33984 kB
PageTables:        57360 kB
NFS_Unstable:          0 kB
Bounce:                0 kB
WritebackTmp:          0 kB
CommitLimit:     2172840 kB
Committed_AS:   93188380 kB
VmallocTotal:   251658176 kB
VmallocUsed:      137060 kB
VmallocChunk:   251423276 kB
Time pass: 152 sec

---2015-12-05 14:07:44
MemTotal:        2905316 kB
MemFree:          149232 kB
Buffers:           28476 kB
Cached:          1059948 kB
SwapCached:            0 kB
Active:          1272980 kB
Inactive:         725184 kB
Active(anon):     747908 kB
Inactive(anon):   197164 kB
Active(file):     525072 kB
Inactive(file):   528020 kB
Unevictable:       12456 kB
Mlocked:               0 kB
SwapTotal:        720184 kB
SwapFree:         720156 kB
Dirty:                76 kB
Writeback:             0 kB
AnonPages:        922180 kB
Mapped:           666400 kB
Shmem:             22876 kB
Slab:             120940 kB
SReclaimable:      36396 kB
SUnreclaim:        84544 kB
KernelStack:       33952 kB
PageTables:        57356 kB
NFS_Unstable:          0 kB
Bounce:                0 kB
WritebackTmp:          0 kB
CommitLimit:     2172840 kB
Committed_AS:   93188344 kB
VmallocTotal:   251658176 kB
VmallocUsed:      137060 kB
VmallocChunk:   251423276 kB
Time pass: 156 sec

---2015-12-05 14:07:44
MemTotal:        2905316 kB
MemFree:          149032 kB
Buffers:           28484 kB
Cached:          1059952 kB
SwapCached:            0 kB
Active:          1273072 kB
Inactive:         725188 kB
Active(anon):     747992 kB
Inactive(anon):   197164 kB
Active(file):     525080 kB
Inactive(file):   528024 kB
Unevictable:       12456 kB
Mlocked:               0 kB
SwapTotal:        720184 kB
SwapFree:         720156 kB
Dirty:                 8 kB
Writeback:             0 kB
AnonPages:        922244 kB
Mapped:           666472 kB
Shmem:             22876 kB
Slab:             121084 kB
SReclaimable:      36396 kB
SUnreclaim:        84688 kB
KernelStack:       33952 kB
PageTables:        57376 kB
NFS_Unstable:          0 kB
Bounce:                0 kB
WritebackTmp:          0 kB
CommitLimit:     2172840 kB
Committed_AS:   93188368 kB
VmallocTotal:   251658176 kB
VmallocUsed:      137060 kB
VmallocChunk:   251423276 kB
Time pass: 160 sec

---2015-12-05 14:07:44
MemTotal:        2905316 kB
MemFree:          148676 kB
Buffers:           28492 kB
Cached:          1059952 kB
SwapCached:            0 kB
Active:          1273484 kB
Inactive:         725192 kB
Active(anon):     748404 kB
Inactive(anon):   197164 kB
Active(file):     525080 kB
Inactive(file):   528028 kB
Unevictable:       12456 kB
Mlocked:               0 kB
SwapTotal:        720184 kB
SwapFree:         720156 kB
Dirty:                16 kB
Writeback:             0 kB
AnonPages:        922456 kB
Mapped:           666484 kB
Shmem:             22876 kB
Slab:             121080 kB
SReclaimable:      36396 kB
SUnreclaim:        84684 kB
KernelStack:       33984 kB
PageTables:        57380 kB
NFS_Unstable:          0 kB
Bounce:                0 kB
WritebackTmp:          0 kB
CommitLimit:     2172840 kB
Committed_AS:   93188356 kB
VmallocTotal:   251658176 kB
VmallocUsed:      137060 kB
VmallocChunk:   251423276 kB
Time pass: 164 sec

---2015-12-05 14:07:44
MemTotal:        2905316 kB
MemFree:          148940 kB
Buffers:           28500 kB
Cached:          1059960 kB
SwapCached:            0 kB
Active:          1273564 kB
Inactive:         725196 kB
Active(anon):     748472 kB
Inactive(anon):   197164 kB
Active(file):     525092 kB
Inactive(file):   528032 kB
Unevictable:       12456 kB
Mlocked:               0 kB
SwapTotal:        720184 kB
SwapFree:         720156 kB
Dirty:                40 kB
Writeback:             0 kB
AnonPages:        922712 kB
Mapped:           666500 kB
Shmem:             22876 kB
Slab:             120940 kB
SReclaimable:      36396 kB
SUnreclaim:        84544 kB
KernelStack:       33984 kB
PageTables:        57380 kB
NFS_Unstable:          0 kB
Bounce:                0 kB
WritebackTmp:          0 kB
CommitLimit:     2172840 kB
Committed_AS:   93188356 kB
VmallocTotal:   251658176 kB
VmallocUsed:      137060 kB
VmallocChunk:   251423276 kB
Time pass: 167 sec

---2015-12-05 14:07:44
MemTotal:        2905316 kB
MemFree:          144608 kB
Buffers:           28500 kB
Cached:          1060048 kB
SwapCached:            0 kB
Active:          1277284 kB
Inactive:         725268 kB
Active(anon):     752172 kB
Inactive(anon):   197224 kB
Active(file):     525112 kB
Inactive(file):   528044 kB
Unevictable:       12456 kB
Mlocked:               0 kB
SwapTotal:        720184 kB
SwapFree:         720156 kB
Dirty:                36 kB
Writeback:             0 kB
AnonPages:        926656 kB
Mapped:           667092 kB
Shmem:             22936 kB
Slab:             120972 kB
SReclaimable:      36396 kB
SUnreclaim:        84576 kB
KernelStack:       34112 kB
PageTables:        57888 kB
NFS_Unstable:          0 kB
Bounce:                0 kB
WritebackTmp:          0 kB
CommitLimit:     2172840 kB
Committed_AS:   93943704 kB
VmallocTotal:   251658176 kB
VmallocUsed:      138080 kB
VmallocChunk:   251423276 kB
Time pass: 171 sec

---2015-12-05 14:07:44
MemTotal:        2905316 kB
MemFree:          143800 kB
Buffers:           28508 kB
Cached:          1060048 kB
SwapCached:            0 kB
Active:          1277544 kB
Inactive:         725268 kB
Active(anon):     752424 kB
Inactive(anon):   197224 kB
Active(file):     525120 kB
Inactive(file):   528044 kB
Unevictable:       12456 kB
Mlocked:               0 kB
SwapTotal:        720184 kB
SwapFree:         720156 kB
Dirty:                36 kB
Writeback:             0 kB
AnonPages:        926664 kB
Mapped:           667232 kB
Shmem:             22936 kB
Slab:             121000 kB
SReclaimable:      36396 kB
SUnreclaim:        84604 kB
KernelStack:       34096 kB
PageTables:        57968 kB
NFS_Unstable:          0 kB
Bounce:                0 kB
WritebackTmp:          0 kB
CommitLimit:     2172840 kB
Committed_AS:   93943960 kB
VmallocTotal:   251658176 kB
VmallocUsed:      138080 kB
VmallocChunk:   251423276 kB
Time pass: 175 sec

---2015-12-05 14:07:44
MemTotal:        2905316 kB
MemFree:          143068 kB
Buffers:           28516 kB
Cached:          1060080 kB
SwapCached:            0 kB
Active:          1278392 kB
Inactive:         725284 kB
Active(anon):     753264 kB
Inactive(anon):   197224 kB
Active(file):     525128 kB
Inactive(file):   528060 kB
Unevictable:       12456 kB
Mlocked:               0 kB
SwapTotal:        720184 kB
SwapFree:         720156 kB
Dirty:                36 kB
Writeback:            16 kB
AnonPages:        927508 kB
Mapped:           667244 kB
Shmem:             22936 kB
Slab:             120968 kB
SReclaimable:      36396 kB
SUnreclaim:        84572 kB
KernelStack:       34000 kB
PageTables:        57996 kB
NFS_Unstable:          0 kB
Bounce:                0 kB
WritebackTmp:          0 kB
CommitLimit:     2172840 kB
Committed_AS:   93943892 kB
VmallocTotal:   251658176 kB
VmallocUsed:      138080 kB
VmallocChunk:   251423276 kB
Time pass: 179 sec

---2015-12-05 14:07:44
MemTotal:        2905316 kB
MemFree:          142648 kB
Buffers:           28524 kB
Cached:          1060084 kB
SwapCached:            0 kB
Active:          1278784 kB
Inactive:         725304 kB
Active(anon):     753648 kB
Inactive(anon):   197224 kB
Active(file):     525136 kB
Inactive(file):   528080 kB
Unevictable:       12456 kB
Mlocked:               0 kB
SwapTotal:        720184 kB
SwapFree:         720156 kB
Dirty:                48 kB
Writeback:             0 kB
AnonPages:        927896 kB
Mapped:           667252 kB
Shmem:             22936 kB
Slab:             120976 kB
SReclaimable:      36396 kB
SUnreclaim:        84580 kB
KernelStack:       34064 kB
PageTables:        57968 kB
NFS_Unstable:          0 kB
Bounce:                0 kB
WritebackTmp:          0 kB
CommitLimit:     2172840 kB
Committed_AS:   93943896 kB
VmallocTotal:   251658176 kB
VmallocUsed:      138080 kB
VmallocChunk:   251423276 kB
Time pass: 183 sec

---2015-12-05 14:07:44
MemTotal:        2905316 kB
MemFree:          141752 kB
Buffers:           28524 kB
Cached:          1060096 kB
SwapCached:            0 kB
Active:          1279152 kB
Inactive:         725308 kB
Active(anon):     754008 kB
Inactive(anon):   197224 kB
Active(file):     525144 kB
Inactive(file):   528084 kB
Unevictable:       12456 kB
Mlocked:               0 kB
SwapTotal:        720184 kB
SwapFree:         720156 kB
Dirty:                20 kB
Writeback:             0 kB
AnonPages:        928032 kB
Mapped:           667260 kB
Shmem:             22936 kB
Slab:             121020 kB
SReclaimable:      36396 kB
SUnreclaim:        84624 kB
KernelStack:       34080 kB
PageTables:        57972 kB
NFS_Unstable:          0 kB
Bounce:                0 kB
WritebackTmp:          0 kB
CommitLimit:     2172840 kB
Committed_AS:   93943932 kB
VmallocTotal:   251658176 kB
VmallocUsed:      138080 kB
VmallocChunk:   251423276 kB
Time pass: 186 sec

---2015-12-05 14:07:44
MemTotal:        2905316 kB
MemFree:          142132 kB
Buffers:           28532 kB
Cached:          1060100 kB
SwapCached:            0 kB
Active:          1278896 kB
Inactive:         725316 kB
Active(anon):     753748 kB
Inactive(anon):   197224 kB
Active(file):     525148 kB
Inactive(file):   528092 kB
Unevictable:       12456 kB
Mlocked:               0 kB
SwapTotal:        720184 kB
SwapFree:         720156 kB
Dirty:                 4 kB
Writeback:             0 kB
AnonPages:        928128 kB
Mapped:           667204 kB
Shmem:             22936 kB
Slab:             120884 kB
SReclaimable:      36284 kB
SUnreclaim:        84600 kB
KernelStack:       34064 kB
PageTables:        57944 kB
NFS_Unstable:          0 kB
Bounce:                0 kB
WritebackTmp:          0 kB
CommitLimit:     2172840 kB
Committed_AS:   93943892 kB
VmallocTotal:   251658176 kB
VmallocUsed:      138080 kB
VmallocChunk:   251423276 kB
Time pass: 190 sec

---2015-12-05 14:07:44
MemTotal:        2905316 kB
MemFree:          141536 kB
Buffers:           28540 kB
Cached:          1060092 kB
SwapCached:            0 kB
Active:          1279816 kB
Inactive:         725316 kB
Active(anon):     754668 kB
Inactive(anon):   197224 kB
Active(file):     525148 kB
Inactive(file):   528092 kB
Unevictable:       12456 kB
Mlocked:               0 kB
SwapTotal:        720184 kB
SwapFree:         720156 kB
Dirty:                 4 kB
Writeback:             0 kB
AnonPages:        929056 kB
Mapped:           667204 kB
Shmem:             22936 kB
Slab:             120872 kB
SReclaimable:      36284 kB
SUnreclaim:        84588 kB
KernelStack:       34064 kB
PageTables:        57948 kB
NFS_Unstable:          0 kB
Bounce:                0 kB
WritebackTmp:          0 kB
CommitLimit:     2172840 kB
Committed_AS:   93943868 kB
VmallocTotal:   251658176 kB
VmallocUsed:      138080 kB
VmallocChunk:   251423276 kB
Time pass: 194 sec

---2015-12-05 14:07:44
MemTotal:        2905316 kB
MemFree:          141184 kB
Buffers:           28540 kB
Cached:          1060144 kB
SwapCached:            0 kB
Active:          1280340 kB
Inactive:         725352 kB
Active(anon):     755180 kB
Inactive(anon):   197224 kB
Active(file):     525160 kB
Inactive(file):   528128 kB
Unevictable:       12456 kB
Mlocked:               0 kB
SwapTotal:        720184 kB
SwapFree:         720156 kB
Dirty:                68 kB
Writeback:             0 kB
AnonPages:        929372 kB
Mapped:           667296 kB
Shmem:             22936 kB
Slab:             120852 kB
SReclaimable:      36268 kB
SUnreclaim:        84584 kB
KernelStack:       34064 kB
PageTables:        57972 kB
NFS_Unstable:          0 kB
Bounce:                0 kB
WritebackTmp:          0 kB
CommitLimit:     2172840 kB
Committed_AS:   93943856 kB
VmallocTotal:   251658176 kB
VmallocUsed:      138080 kB
VmallocChunk:   251423276 kB
Time pass: 197 sec

---2015-12-05 14:07:44
MemTotal:        2905316 kB
MemFree:          144688 kB
Buffers:           28548 kB
Cached:          1060060 kB
SwapCached:            0 kB
Active:          1280048 kB
Inactive:         725260 kB
Active(anon):     754868 kB
Inactive(anon):   196616 kB
Active(file):     525180 kB
Inactive(file):   528644 kB
Unevictable:       12456 kB
Mlocked:               0 kB
SwapTotal:        720184 kB
SwapFree:         720156 kB
Dirty:                40 kB
Writeback:             0 kB
AnonPages:        929276 kB
Mapped:           666748 kB
Shmem:             22328 kB
Slab:             117976 kB
SReclaimable:      36268 kB
SUnreclaim:        81708 kB
KernelStack:       34064 kB
PageTables:        57416 kB
NFS_Unstable:          0 kB
Bounce:                0 kB
WritebackTmp:          0 kB
CommitLimit:     2172840 kB
Committed_AS:   93663584 kB
VmallocTotal:   251658176 kB
VmallocUsed:      138080 kB
VmallocChunk:   251423276 kB
Time pass: 201 sec

---2015-12-05 14:07:44
MemTotal:        2905316 kB
MemFree:          146636 kB
Buffers:           28556 kB
Cached:          1060068 kB
SwapCached:            0 kB
Active:          1278064 kB
Inactive:         725264 kB
Active(anon):     752876 kB
Inactive(anon):   196616 kB
Active(file):     525188 kB
Inactive(file):   528648 kB
Unevictable:       12456 kB
Mlocked:               0 kB
SwapTotal:        720184 kB
SwapFree:         720156 kB
Dirty:                40 kB
Writeback:             0 kB
AnonPages:        927124 kB
Mapped:           666756 kB
Shmem:             22328 kB
Slab:             117976 kB
SReclaimable:      36268 kB
SUnreclaim:        81708 kB
KernelStack:       34064 kB
PageTables:        57412 kB
NFS_Unstable:          0 kB
Bounce:                0 kB
WritebackTmp:          0 kB
CommitLimit:     2172840 kB
Committed_AS:   93663560 kB
VmallocTotal:   251658176 kB
VmallocUsed:      138080 kB
VmallocChunk:   251423276 kB
Time pass: 205 sec

---2015-12-05 14:07:44
MemTotal:        2905316 kB
MemFree:          146832 kB
Buffers:           28564 kB
Cached:          1060072 kB
SwapCached:            0 kB
Active:          1278060 kB
Inactive:         725272 kB
Active(anon):     752868 kB
Inactive(anon):   196616 kB
Active(file):     525192 kB
Inactive(file):   528656 kB
Unevictable:       12456 kB
Mlocked:               0 kB
SwapTotal:        720184 kB
SwapFree:         720156 kB
Dirty:                24 kB
Writeback:             4 kB
AnonPages:        927248 kB
Mapped:           666760 kB
Shmem:             22328 kB
Slab:             117976 kB
SReclaimable:      36268 kB
SUnreclaim:        81708 kB
KernelStack:       34032 kB
PageTables:        57412 kB
NFS_Unstable:          0 kB
Bounce:                0 kB
WritebackTmp:          0 kB
CommitLimit:     2172840 kB
Committed_AS:   93663560 kB
VmallocTotal:   251658176 kB
VmallocUsed:      138080 kB
VmallocChunk:   251423276 kB
Time pass: 209 sec

---2015-12-05 14:07:44
MemTotal:        2905316 kB
MemFree:          145976 kB
Buffers:           28564 kB
Cached:          1060104 kB
SwapCached:            0 kB
Active:          1279164 kB
Inactive:         725300 kB
Active(anon):     753964 kB
Inactive(anon):   196616 kB
Active(file):     525200 kB
Inactive(file):   528684 kB
Unevictable:       12456 kB
Mlocked:               0 kB
SwapTotal:        720184 kB
SwapFree:         720156 kB
Dirty:                64 kB
Writeback:             0 kB
AnonPages:        928296 kB
Mapped:           666776 kB
Shmem:             22328 kB
Slab:             117976 kB
SReclaimable:      36268 kB
SUnreclaim:        81708 kB
KernelStack:       34032 kB
PageTables:        57412 kB
NFS_Unstable:          0 kB
Bounce:                0 kB
WritebackTmp:          0 kB
CommitLimit:     2172840 kB
Committed_AS:   93663560 kB
VmallocTotal:   251658176 kB
VmallocUsed:      138080 kB
VmallocChunk:   251423276 kB
Time pass: 213 sec

---2015-12-05 14:07:44
MemTotal:        2905316 kB
MemFree:          139828 kB
Buffers:           28580 kB
Cached:          1060388 kB
SwapCached:            0 kB
Active:          1281400 kB
Inactive:         725388 kB
Active(anon):     756048 kB
Inactive(anon):   196616 kB
Active(file):     525352 kB
Inactive(file):   528772 kB
Unevictable:       12456 kB
Mlocked:               0 kB
SwapTotal:        720184 kB
SwapFree:         720156 kB
Dirty:                48 kB
Writeback:             0 kB
AnonPages:        930468 kB
Mapped:           666864 kB
Shmem:             22328 kB
Slab:             121424 kB
SReclaimable:      39440 kB
SUnreclaim:        81984 kB
KernelStack:       34048 kB
PageTables:        57508 kB
NFS_Unstable:          0 kB
Bounce:                0 kB
WritebackTmp:          0 kB
CommitLimit:     2172840 kB
Committed_AS:   93675140 kB
VmallocTotal:   251658176 kB
VmallocUsed:      139100 kB
VmallocChunk:   251423276 kB
Time pass: 216 sec

---2015-12-05 14:07:44
MemTotal:        2905316 kB
MemFree:          139176 kB
Buffers:           28600 kB
Cached:          1060520 kB
SwapCached:            0 kB
Active:          1280704 kB
Inactive:         725560 kB
Active(anon):     755324 kB
Inactive(anon):   196616 kB
Active(file):     525380 kB
Inactive(file):   528944 kB
Unevictable:       12456 kB
Mlocked:               0 kB
SwapTotal:        720184 kB
SwapFree:         720156 kB
Dirty:                56 kB
Writeback:             0 kB
AnonPages:        929704 kB
Mapped:           666888 kB
Shmem:             22328 kB
Slab:             121784 kB
SReclaimable:      39772 kB
SUnreclaim:        82012 kB
KernelStack:       34048 kB
PageTables:        57484 kB
NFS_Unstable:          0 kB
Bounce:                0 kB
WritebackTmp:          0 kB
CommitLimit:     2172840 kB
Committed_AS:   93669764 kB
VmallocTotal:   251658176 kB
VmallocUsed:      138080 kB
VmallocChunk:   251423276 kB
Time pass: 220 sec

---2015-12-05 14:07:44
MemTotal:        2905316 kB
MemFree:          140356 kB
Buffers:           28608 kB
Cached:          1060516 kB
SwapCached:            0 kB
Active:          1279856 kB
Inactive:         725564 kB
Active(anon):     754464 kB
Inactive(anon):   196616 kB
Active(file):     525392 kB
Inactive(file):   528948 kB
Unevictable:       12456 kB
Mlocked:               0 kB
SwapTotal:        720184 kB
SwapFree:         720156 kB
Dirty:                 4 kB
Writeback:             0 kB
AnonPages:        928700 kB
Mapped:           666888 kB
Shmem:             22328 kB
Slab:             121784 kB
SReclaimable:      39772 kB
SUnreclaim:        82012 kB
KernelStack:       33984 kB
PageTables:        57412 kB
NFS_Unstable:          0 kB
Bounce:                0 kB
WritebackTmp:          0 kB
CommitLimit:     2172840 kB
Committed_AS:   93663828 kB
VmallocTotal:   251658176 kB
VmallocUsed:      138080 kB
VmallocChunk:   251423276 kB
Time pass: 224 sec

---2015-12-05 14:07:44
MemTotal:        2905316 kB
MemFree:          139916 kB
Buffers:           28608 kB
Cached:          1060648 kB
SwapCached:            0 kB
Active:          1280596 kB
Inactive:         725696 kB
Active(anon):     755204 kB
Inactive(anon):   196616 kB
Active(file):     525392 kB
Inactive(file):   529080 kB
Unevictable:       12456 kB
Mlocked:               0 kB
SwapTotal:        720184 kB
SwapFree:         720156 kB
Dirty:                56 kB
Writeback:             0 kB
AnonPages:        929392 kB
Mapped:           666972 kB
Shmem:             22328 kB
Slab:             121784 kB
SReclaimable:      39772 kB
SUnreclaim:        82012 kB
KernelStack:       33984 kB
PageTables:        57440 kB
NFS_Unstable:          0 kB
Bounce:                0 kB
WritebackTmp:          0 kB
CommitLimit:     2172840 kB
Committed_AS:   93663844 kB
VmallocTotal:   251658176 kB
VmallocUsed:      138080 kB
VmallocChunk:   251423276 kB
Time pass: 228 sec

---2015-12-05 14:07:44
MemTotal:        2905316 kB
MemFree:          139572 kB
Buffers:           28616 kB
Cached:          1060708 kB
SwapCached:            0 kB
Active:          1280712 kB
Inactive:         725756 kB
Active(anon):     755320 kB
Inactive(anon):   196676 kB
Active(file):     525392 kB
Inactive(file):   529080 kB
Unevictable:       12456 kB
Mlocked:               0 kB
SwapTotal:        720184 kB
SwapFree:         720156 kB
Dirty:                44 kB
Writeback:             0 kB
AnonPages:        929644 kB
Mapped:           667036 kB
Shmem:             22388 kB
Slab:             121780 kB
SReclaimable:      39772 kB
SUnreclaim:        82008 kB
KernelStack:       34000 kB
PageTables:        57496 kB
NFS_Unstable:          0 kB
Bounce:                0 kB
WritebackTmp:          0 kB
CommitLimit:     2172840 kB
Committed_AS:   93690480 kB
VmallocTotal:   251658176 kB
VmallocUsed:      138080 kB
VmallocChunk:   251423276 kB
Time pass: 232 sec

---2015-12-05 14:07:44
MemTotal:        2905316 kB
MemFree:          139480 kB
Buffers:           28624 kB
Cached:          1060712 kB
SwapCached:            0 kB
Active:          1280804 kB
Inactive:         725764 kB
Active(anon):     755408 kB
Inactive(anon):   196676 kB
Active(file):     525396 kB
Inactive(file):   529088 kB
Unevictable:       12456 kB
Mlocked:               0 kB
SwapTotal:        720184 kB
SwapFree:         720156 kB
Dirty:                12 kB
Writeback:             0 kB
AnonPages:        929704 kB
Mapped:           666980 kB
Shmem:             22388 kB
Slab:             121772 kB
SReclaimable:      39772 kB
SUnreclaim:        82000 kB
KernelStack:       33984 kB
PageTables:        57468 kB
NFS_Unstable:          0 kB
Bounce:                0 kB
WritebackTmp:          0 kB
CommitLimit:     2172840 kB
Committed_AS:   93690468 kB
VmallocTotal:   251658176 kB
VmallocUsed:      138080 kB
VmallocChunk:   251423276 kB
Time pass: 235 sec

---2015-12-05 14:07:44
MemTotal:        2905316 kB
MemFree:          139728 kB
Buffers:           28632 kB
Cached:          1060704 kB
SwapCached:            0 kB
Active:          1280800 kB
Inactive:         725772 kB
Active(anon):     755404 kB
Inactive(anon):   196676 kB
Active(file):     525396 kB
Inactive(file):   529096 kB
Unevictable:       12456 kB
Mlocked:               0 kB
SwapTotal:        720184 kB
SwapFree:         720156 kB
Dirty:                 4 kB
Writeback:             0 kB
AnonPages:        929812 kB
Mapped:           666988 kB
Shmem:             22388 kB
Slab:             121772 kB
SReclaimable:      39772 kB
SUnreclaim:        82000 kB
KernelStack:       33984 kB
PageTables:        57468 kB
NFS_Unstable:          0 kB
Bounce:                0 kB
WritebackTmp:          0 kB
CommitLimit:     2172840 kB
Committed_AS:   93690480 kB
VmallocTotal:   251658176 kB
VmallocUsed:      138080 kB
VmallocChunk:   251423276 kB
Time pass: 239 sec

---2015-12-05 14:07:44
MemTotal:        2905316 kB
MemFree:          139448 kB
Buffers:           28632 kB
Cached:          1060716 kB
SwapCached:            0 kB
Active:          1281112 kB
Inactive:         725780 kB
Active(anon):     755712 kB
Inactive(anon):   196676 kB
Active(file):     525400 kB
Inactive(file):   529104 kB
Unevictable:       12456 kB
Mlocked:               0 kB
SwapTotal:        720184 kB
SwapFree:         720156 kB
Dirty:                16 kB
Writeback:             0 kB
AnonPages:        929832 kB
Mapped:           667008 kB
Shmem:             22388 kB
Slab:             121776 kB
SReclaimable:      39776 kB
SUnreclaim:        82000 kB
KernelStack:       33936 kB
PageTables:        57464 kB
NFS_Unstable:          0 kB
Bounce:                0 kB
WritebackTmp:          0 kB
CommitLimit:     2172840 kB
Committed_AS:   93690408 kB
VmallocTotal:   251658176 kB
VmallocUsed:      138080 kB
VmallocChunk:   251423276 kB
Time pass: 243 sec

---2015-12-05 14:07:44
MemTotal:        2905316 kB
MemFree:          139632 kB
Buffers:           28640 kB
Cached:          1060724 kB
SwapCached:            0 kB
Active:          1281252 kB
Inactive:         725780 kB
Active(anon):     755844 kB
Inactive(anon):   196676 kB
Active(file):     525408 kB
Inactive(file):   529104 kB
Unevictable:       12456 kB
Mlocked:               0 kB
SwapTotal:        720184 kB
SwapFree:         720156 kB
Dirty:                28 kB
Writeback:             0 kB
AnonPages:        930304 kB
Mapped:           667016 kB
Shmem:             22388 kB
Slab:             121776 kB
SReclaimable:      39776 kB
SUnreclaim:        82000 kB
KernelStack:       33984 kB
PageTables:        57464 kB
NFS_Unstable:          0 kB
Bounce:                0 kB
WritebackTmp:          0 kB
CommitLimit:     2172840 kB
Committed_AS:   93690436 kB
VmallocTotal:   251658176 kB
VmallocUsed:      138080 kB
VmallocChunk:   251423276 kB
Time pass: 247 sec

---2015-12-05 14:07:44
MemTotal:        2905316 kB
MemFree:          139196 kB
Buffers:           28648 kB
Cached:          1060720 kB
SwapCached:            0 kB
Active:          1281436 kB
Inactive:         725788 kB
Active(anon):     756028 kB
Inactive(anon):   196676 kB
Active(file):     525408 kB
Inactive(file):   529112 kB
Unevictable:       12456 kB
Mlocked:               0 kB
SwapTotal:        720184 kB
SwapFree:         720156 kB
Dirty:                 4 kB
Writeback:             0 kB
AnonPages:        930340 kB
Mapped:           667020 kB
Shmem:             22388 kB
Slab:             121776 kB
SReclaimable:      39776 kB
SUnreclaim:        82000 kB
KernelStack:       33984 kB
PageTables:        57464 kB
NFS_Unstable:          0 kB
Bounce:                0 kB
WritebackTmp:          0 kB
CommitLimit:     2172840 kB
Committed_AS:   93690468 kB
VmallocTotal:   251658176 kB
VmallocUsed:      138080 kB
VmallocChunk:   251423276 kB
Time pass: 251 sec

---2015-12-05 14:07:44
MemTotal:        2905316 kB
MemFree:          138308 kB
Buffers:           28648 kB
Cached:          1060764 kB
SwapCached:            0 kB
Active:          1282408 kB
Inactive:         725832 kB
Active(anon):     756996 kB
Inactive(anon):   196676 kB
Active(file):     525412 kB
Inactive(file):   529156 kB
Unevictable:       12456 kB
Mlocked:               0 kB
SwapTotal:        720184 kB
SwapFree:         720156 kB
Dirty:                48 kB
Writeback:             0 kB
AnonPages:        931400 kB
Mapped:           667032 kB
Shmem:             22388 kB
Slab:             121648 kB
SReclaimable:      39776 kB
SUnreclaim:        81872 kB
KernelStack:       33968 kB
PageTables:        57460 kB
NFS_Unstable:          0 kB
Bounce:                0 kB
WritebackTmp:          0 kB
CommitLimit:     2172840 kB
Committed_AS:   93690492 kB
VmallocTotal:   251658176 kB
VmallocUsed:      138080 kB
VmallocChunk:   251423276 kB
Time pass: 254 sec

---2015-12-05 14:07:44
MemTotal:        2905316 kB
MemFree:          138088 kB
Buffers:           28656 kB
Cached:          1060768 kB
SwapCached:            0 kB
Active:          1282628 kB
Inactive:         725840 kB
Active(anon):     757212 kB
Inactive(anon):   196676 kB
Active(file):     525416 kB
Inactive(file):   529164 kB
Unevictable:       12456 kB
Mlocked:               0 kB
SwapTotal:        720184 kB
SwapFree:         720156 kB
Dirty:                68 kB
Writeback:             0 kB
AnonPages:        931500 kB
Mapped:           667040 kB
Shmem:             22388 kB
Slab:             121656 kB
SReclaimable:      39784 kB
SUnreclaim:        81872 kB
KernelStack:       33984 kB
PageTables:        57464 kB
NFS_Unstable:          0 kB
Bounce:                0 kB
WritebackTmp:          0 kB
CommitLimit:     2172840 kB
Committed_AS:   93690444 kB
VmallocTotal:   251658176 kB
VmallocUsed:      138080 kB
VmallocChunk:   251423276 kB
Time pass: 258 sec

---2015-12-05 14:07:44
MemTotal:        2905316 kB
MemFree:          137760 kB
Buffers:           28664 kB
Cached:          1060832 kB
SwapCached:            0 kB
Active:          1283176 kB
Inactive:         725900 kB
Active(anon):     757756 kB
Inactive(anon):   196736 kB
Active(file):     525420 kB
Inactive(file):   529164 kB
Unevictable:       12456 kB
Mlocked:               0 kB
SwapTotal:        720184 kB
SwapFree:         720156 kB
Dirty:                16 kB
Writeback:             0 kB
AnonPages:        932052 kB
Mapped:           667132 kB
Shmem:             22448 kB
Slab:             121656 kB
SReclaimable:      39784 kB
SUnreclaim:        81872 kB
KernelStack:       33952 kB
PageTables:        57516 kB
NFS_Unstable:          0 kB
Bounce:                0 kB
WritebackTmp:          0 kB
CommitLimit:     2172840 kB
Committed_AS:   93717080 kB
VmallocTotal:   251658176 kB
VmallocUsed:      138080 kB
VmallocChunk:   251423276 kB
Time pass: 262 sec

---2015-12-05 14:07:44
MemTotal:        2905316 kB
MemFree:          136576 kB
Buffers:           28664 kB
Cached:          1060872 kB
SwapCached:            0 kB
Active:          1284320 kB
Inactive:         725932 kB
Active(anon):     758888 kB
Inactive(anon):   196736 kB
Active(file):     525432 kB
Inactive(file):   529196 kB
Unevictable:       12456 kB
Mlocked:               0 kB
SwapTotal:        720184 kB
SwapFree:         720156 kB
Dirty:                48 kB
Writeback:             0 kB
AnonPages:        933064 kB
Mapped:           667140 kB
Shmem:             22448 kB
Slab:             121656 kB
SReclaimable:      39784 kB
SUnreclaim:        81872 kB
KernelStack:       33936 kB
PageTables:        57516 kB
NFS_Unstable:          0 kB
Bounce:                0 kB
WritebackTmp:          0 kB
CommitLimit:     2172840 kB
Committed_AS:   93717056 kB
VmallocTotal:   251658176 kB
VmallocUsed:      138080 kB
VmallocChunk:   251423276 kB
Time pass: 266 sec

---2015-12-05 14:07:44
MemTotal:        2905316 kB
MemFree:          136800 kB
Buffers:           28672 kB
Cached:          1060872 kB
SwapCached:            0 kB
Active:          1284180 kB
Inactive:         725940 kB
Active(anon):     758744 kB
Inactive(anon):   196736 kB
Active(file):     525436 kB
Inactive(file):   529204 kB
Unevictable:       12456 kB
Mlocked:               0 kB
SwapTotal:        720184 kB
SwapFree:         720156 kB
Dirty:                 4 kB
Writeback:             0 kB
AnonPages:        933156 kB
Mapped:           667144 kB
Shmem:             22448 kB
Slab:             121660 kB
SReclaimable:      39788 kB
SUnreclaim:        81872 kB
KernelStack:       33968 kB
PageTables:        57516 kB
NFS_Unstable:          0 kB
Bounce:                0 kB
WritebackTmp:          0 kB
CommitLimit:     2172840 kB
Committed_AS:   93717056 kB
VmallocTotal:   251658176 kB
VmallocUsed:      138080 kB
VmallocChunk:   251423276 kB
Time pass: 270 sec

---2015-12-05 14:07:44
MemTotal:        2905316 kB
MemFree:          136164 kB
Buffers:           28680 kB
Cached:          1060876 kB
SwapCached:            0 kB
Active:          1284636 kB
Inactive:         725940 kB
Active(anon):     759196 kB
Inactive(anon):   196736 kB
Active(file):     525440 kB
Inactive(file):   529204 kB
Unevictable:       12456 kB
Mlocked:               0 kB
SwapTotal:        720184 kB
SwapFree:         720156 kB
Dirty:                28 kB
Writeback:             0 kB
AnonPages:        933324 kB
Mapped:           667160 kB
Shmem:             22448 kB
Slab:             121660 kB
SReclaimable:      39788 kB
SUnreclaim:        81872 kB
KernelStack:       33968 kB
PageTables:        57516 kB
NFS_Unstable:          0 kB
Bounce:                0 kB
WritebackTmp:          0 kB
CommitLimit:     2172840 kB
Committed_AS:   93717068 kB
VmallocTotal:   251658176 kB
VmallocUsed:      138080 kB
VmallocChunk:   251423276 kB
Time pass: 273 sec

---2015-12-05 14:07:44
MemTotal:        2905316 kB
MemFree:          136320 kB
Buffers:           28688 kB
Cached:          1060880 kB
SwapCached:            0 kB
Active:          1284568 kB
Inactive:         725952 kB
Active(anon):     759124 kB
Inactive(anon):   196736 kB
Active(file):     525444 kB
Inactive(file):   529216 kB
Unevictable:       12456 kB
Mlocked:               0 kB
SwapTotal:        720184 kB
SwapFree:         720156 kB
Dirty:                16 kB
Writeback:             0 kB
AnonPages:        933428 kB
Mapped:           667172 kB
Shmem:             22448 kB
Slab:             121660 kB
SReclaimable:      39788 kB
SUnreclaim:        81872 kB
KernelStack:       33952 kB
PageTables:        57516 kB
NFS_Unstable:          0 kB
Bounce:                0 kB
WritebackTmp:          0 kB
CommitLimit:     2172840 kB
Committed_AS:   93717020 kB
VmallocTotal:   251658176 kB
VmallocUsed:      138080 kB
VmallocChunk:   251423276 kB
Time pass: 277 sec

---2015-12-05 14:07:44
MemTotal:        2905316 kB
MemFree:          135940 kB
Buffers:           28688 kB
Cached:          1060880 kB
SwapCached:            0 kB
Active:          1284596 kB
Inactive:         725956 kB
Active(anon):     759152 kB
Inactive(anon):   196736 kB
Active(file):     525444 kB
Inactive(file):   529220 kB
Unevictable:       12456 kB
Mlocked:               0 kB
SwapTotal:        720184 kB
SwapFree:         720156 kB
Dirty:                 4 kB
Writeback:             0 kB
AnonPages:        933564 kB
Mapped:           667176 kB
Shmem:             22448 kB
Slab:             121660 kB
SReclaimable:      39788 kB
SUnreclaim:        81872 kB
KernelStack:       33952 kB
PageTables:        57516 kB
NFS_Unstable:          0 kB
Bounce:                0 kB
WritebackTmp:          0 kB
CommitLimit:     2172840 kB
Committed_AS:   93717020 kB
VmallocTotal:   251658176 kB
VmallocUsed:      138080 kB
VmallocChunk:   251423276 kB
Time pass: 281 sec

---2015-12-05 14:07:44
MemTotal:        2905316 kB
MemFree:          135360 kB
Buffers:           28704 kB
Cached:          1060888 kB
SwapCached:            0 kB
Active:          1284944 kB
Inactive:         725976 kB
Active(anon):     759496 kB
Inactive(anon):   196736 kB
Active(file):     525448 kB
Inactive(file):   529240 kB
Unevictable:       12456 kB
Mlocked:               0 kB
SwapTotal:        720184 kB
SwapFree:         720156 kB
Dirty:                 4 kB
Writeback:             0 kB
AnonPages:        933844 kB
Mapped:           667200 kB
Shmem:             22448 kB
Slab:             121660 kB
SReclaimable:      39788 kB
SUnreclaim:        81872 kB
KernelStack:       33952 kB
PageTables:        57540 kB
NFS_Unstable:          0 kB
Bounce:                0 kB
WritebackTmp:          0 kB
CommitLimit:     2172840 kB
Committed_AS:   93717080 kB
VmallocTotal:   251658176 kB
VmallocUsed:      138080 kB
VmallocChunk:   251423276 kB
Time pass: 285 sec

---2015-12-05 14:07:44
MemTotal:        2905316 kB
MemFree:          134916 kB
Buffers:           28712 kB
Cached:          1060888 kB
SwapCached:            0 kB
Active:          1285008 kB
Inactive:         725980 kB
Active(anon):     759560 kB
Inactive(anon):   196736 kB
Active(file):     525448 kB
Inactive(file):   529244 kB
Unevictable:       12456 kB
Mlocked:               0 kB
SwapTotal:        720184 kB
SwapFree:         720156 kB
Dirty:                16 kB
Writeback:             0 kB
AnonPages:        933832 kB
Mapped:           667204 kB
Shmem:             22448 kB
Slab:             121664 kB
SReclaimable:      39792 kB
SUnreclaim:        81872 kB
KernelStack:       33968 kB
PageTables:        57516 kB
NFS_Unstable:          0 kB
Bounce:                0 kB
WritebackTmp:          0 kB
CommitLimit:     2172840 kB
Committed_AS:   93717068 kB
VmallocTotal:   251658176 kB
VmallocUsed:      138080 kB
VmallocChunk:   251423276 kB
Time pass: 289 sec

---2015-12-05 14:07:44
MemTotal:        2905316 kB
MemFree:          134648 kB
Buffers:           28712 kB
Cached:          1060952 kB
SwapCached:            0 kB
Active:          1285508 kB
Inactive:         726044 kB
Active(anon):     760056 kB
Inactive(anon):   196796 kB
Active(file):     525452 kB
Inactive(file):   529248 kB
Unevictable:       12456 kB
Mlocked:               0 kB
SwapTotal:        720184 kB
SwapFree:         720156 kB
Dirty:                20 kB
Writeback:             0 kB
AnonPages:        934184 kB
Mapped:           667272 kB
Shmem:             22508 kB
Slab:             121664 kB
SReclaimable:      39792 kB
SUnreclaim:        81872 kB
KernelStack:       33936 kB
PageTables:        57560 kB
NFS_Unstable:          0 kB
Bounce:                0 kB
WritebackTmp:          0 kB
CommitLimit:     2172840 kB
Committed_AS:   93743700 kB
VmallocTotal:   251658176 kB
VmallocUsed:      138080 kB
VmallocChunk:   251423276 kB
Time pass: 292 sec

---2015-12-05 14:07:44
MemTotal:        2905316 kB
MemFree:          134376 kB
Buffers:           28720 kB
Cached:          1060952 kB
SwapCached:            0 kB
Active:          1285520 kB
Inactive:         726048 kB
Active(anon):     760068 kB
Inactive(anon):   196796 kB
Active(file):     525452 kB
Inactive(file):   529252 kB
Unevictable:       12456 kB
Mlocked:               0 kB
SwapTotal:        720184 kB
SwapFree:         720156 kB
Dirty:                 4 kB
Writeback:             0 kB
AnonPages:        934464 kB
Mapped:           667288 kB
Shmem:             22508 kB
Slab:             121664 kB
SReclaimable:      39792 kB
SUnreclaim:        81872 kB
KernelStack:       33920 kB
PageTables:        57560 kB
NFS_Unstable:          0 kB
Bounce:                0 kB
WritebackTmp:          0 kB
CommitLimit:     2172840 kB
Committed_AS:   93743696 kB
VmallocTotal:   251658176 kB
VmallocUsed:      138080 kB
VmallocChunk:   251423276 kB
Time pass: 296 sec

---2015-12-05 14:07:44
MemTotal:        2905316 kB
MemFree:          134532 kB
Buffers:           28728 kB
Cached:          1060956 kB
SwapCached:            0 kB
Active:          1285904 kB
Inactive:         726060 kB
Active(anon):     760448 kB
Inactive(anon):   196796 kB
Active(file):     525456 kB
Inactive(file):   529264 kB
Unevictable:       12456 kB
Mlocked:               0 kB
SwapTotal:        720184 kB
SwapFree:         720156 kB
Dirty:                16 kB
Writeback:             0 kB
AnonPages:        934572 kB
Mapped:           667308 kB
Shmem:             22508 kB
Slab:             121664 kB
SReclaimable:      39792 kB
SUnreclaim:        81872 kB
KernelStack:       33920 kB
PageTables:        57560 kB
NFS_Unstable:          0 kB
Bounce:                0 kB
WritebackTmp:          0 kB
CommitLimit:     2172840 kB
Committed_AS:   93743684 kB
VmallocTotal:   251658176 kB
VmallocUsed:      138080 kB
VmallocChunk:   251423276 kB
Time pass: 300 sec

---2015-12-05 14:07:44
MemTotal:        2905316 kB
MemFree:          134456 kB
Buffers:           28736 kB
Cached:          1060956 kB
SwapCached:            0 kB
Active:          1285868 kB
Inactive:         726064 kB
Active(anon):     760412 kB
Inactive(anon):   196796 kB
Active(file):     525456 kB
Inactive(file):   529268 kB
Unevictable:       12456 kB
Mlocked:               0 kB
SwapTotal:        720184 kB
SwapFree:         720156 kB
Dirty:                 4 kB
Writeback:            16 kB
AnonPages:        934696 kB
Mapped:           667324 kB
Shmem:             22508 kB
Slab:             121664 kB
SReclaimable:      39792 kB
SUnreclaim:        81872 kB
KernelStack:       33872 kB
PageTables:        57552 kB
NFS_Unstable:          0 kB
Bounce:                0 kB
WritebackTmp:          0 kB
CommitLimit:     2172840 kB
Committed_AS:   93743672 kB
VmallocTotal:   251658176 kB
VmallocUsed:      138080 kB
VmallocChunk:   251423276 kB
Time pass: 304 sec

---2015-12-05 14:07:44
MemTotal:        2905316 kB
MemFree:          134404 kB
Buffers:           28736 kB
Cached:          1060980 kB
SwapCached:            0 kB
Active:          1285980 kB
Inactive:         726084 kB
Active(anon):     760516 kB
Inactive(anon):   196796 kB
Active(file):     525464 kB
Inactive(file):   529288 kB
Unevictable:       12456 kB
Mlocked:               0 kB
SwapTotal:        720184 kB
SwapFree:         720156 kB
Dirty:                 8 kB
Writeback:             0 kB
AnonPages:        934820 kB
Mapped:           667324 kB
Shmem:             22508 kB
Slab:             121660 kB
SReclaimable:      39796 kB
SUnreclaim:        81864 kB
KernelStack:       33840 kB
PageTables:        57556 kB
NFS_Unstable:          0 kB
Bounce:                0 kB
WritebackTmp:          0 kB
CommitLimit:     2172840 kB
Committed_AS:   93743604 kB
VmallocTotal:   251658176 kB
VmallocUsed:      138080 kB
VmallocChunk:   251423276 kB
Time pass: 308 sec

---2015-12-05 14:07:44
MemTotal:        2905316 kB
MemFree:          134208 kB
Buffers:           28744 kB
Cached:          1060980 kB
SwapCached:            0 kB
Active:          1286084 kB
Inactive:         726088 kB
Active(anon):     760620 kB
Inactive(anon):   196796 kB
Active(file):     525464 kB
Inactive(file):   529292 kB
Unevictable:       12456 kB
Mlocked:               0 kB
SwapTotal:        720184 kB
SwapFree:         720156 kB
Dirty:                 4 kB
Writeback:             0 kB
AnonPages:        934936 kB
Mapped:           667328 kB
Shmem:             22508 kB
Slab:             121664 kB
SReclaimable:      39800 kB
SUnreclaim:        81864 kB
KernelStack:       33840 kB
PageTables:        57556 kB
NFS_Unstable:          0 kB
Bounce:                0 kB
WritebackTmp:          0 kB
CommitLimit:     2172840 kB
Committed_AS:   93743588 kB
VmallocTotal:   251658176 kB
VmallocUsed:      138080 kB
VmallocChunk:   251423276 kB
Time pass: 311 sec

---2015-12-05 14:07:44
MemTotal:        2905316 kB
MemFree:          133960 kB
Buffers:           28752 kB
Cached:          1060984 kB
SwapCached:            0 kB
Active:          1286184 kB
Inactive:         726096 kB
Active(anon):     760720 kB
Inactive(anon):   196796 kB
Active(file):     525464 kB
Inactive(file):   529300 kB
Unevictable:       12456 kB
Mlocked:               0 kB
SwapTotal:        720184 kB
SwapFree:         720156 kB
Dirty:                 8 kB
Writeback:             0 kB
AnonPages:        935044 kB
Mapped:           667340 kB
Shmem:             22508 kB
Slab:             121668 kB
SReclaimable:      39804 kB
SUnreclaim:        81864 kB
KernelStack:       33872 kB
PageTables:        57560 kB
NFS_Unstable:          0 kB
Bounce:                0 kB
WritebackTmp:          0 kB
CommitLimit:     2172840 kB
Committed_AS:   93743560 kB
VmallocTotal:   251658176 kB
VmallocUsed:      138080 kB
VmallocChunk:   251423276 kB
Time pass: 315 sec

---2015-12-05 14:07:44
MemTotal:        2905316 kB
MemFree:          133592 kB
Buffers:           28760 kB
Cached:          1060984 kB
SwapCached:            0 kB
Active:          1286760 kB
Inactive:         726108 kB
Active(anon):     761292 kB
Inactive(anon):   196796 kB
Active(file):     525468 kB
Inactive(file):   529312 kB
Unevictable:       12456 kB
Mlocked:               0 kB
SwapTotal:        720184 kB
SwapFree:         720156 kB
Dirty:                 4 kB
Writeback:             0 kB
AnonPages:        935576 kB
Mapped:           667344 kB
Shmem:             22508 kB
Slab:             121672 kB
SReclaimable:      39808 kB
SUnreclaim:        81864 kB
KernelStack:       33792 kB
PageTables:        57556 kB
NFS_Unstable:          0 kB
Bounce:                0 kB
WritebackTmp:          0 kB
CommitLimit:     2172840 kB
Committed_AS:   93770092 kB
VmallocTotal:   251658176 kB
VmallocUsed:      138080 kB
VmallocChunk:   251423276 kB
Time pass: 319 sec

---2015-12-05 14:07:44
MemTotal:        2905316 kB
MemFree:          132888 kB
Buffers:           28768 kB
Cached:          1061052 kB
SwapCached:            0 kB
Active:          1286916 kB
Inactive:         726176 kB
Active(anon):     761444 kB
Inactive(anon):   196856 kB
Active(file):     525472 kB
Inactive(file):   529320 kB
Unevictable:       12456 kB
Mlocked:               0 kB
SwapTotal:        720184 kB
SwapFree:         720156 kB
Dirty:                40 kB
Writeback:             0 kB
AnonPages:        935732 kB
Mapped:           667512 kB
Shmem:             22568 kB
Slab:             121664 kB
SReclaimable:      39800 kB
SUnreclaim:        81864 kB
KernelStack:       33744 kB
PageTables:        57596 kB
NFS_Unstable:          0 kB
Bounce:                0 kB
WritebackTmp:          0 kB
CommitLimit:     2172840 kB
Committed_AS:   93770060 kB
VmallocTotal:   251658176 kB
VmallocUsed:      138080 kB
VmallocChunk:   251423276 kB
Time pass: 323 sec

---2015-12-05 14:07:44
MemTotal:        2905316 kB
MemFree:          133072 kB
Buffers:           28776 kB
Cached:          1061052 kB
SwapCached:            0 kB
Active:          1287100 kB
Inactive:         726184 kB
Active(anon):     761624 kB
Inactive(anon):   196856 kB
Active(file):     525476 kB
Inactive(file):   529328 kB
Unevictable:       12456 kB
Mlocked:               0 kB
SwapTotal:        720184 kB
SwapFree:         720156 kB
Dirty:                 4 kB
Writeback:             0 kB
AnonPages:        935764 kB
Mapped:           667524 kB
Shmem:             22568 kB
Slab:             121664 kB
SReclaimable:      39800 kB
SUnreclaim:        81864 kB
KernelStack:       33744 kB
PageTables:        57576 kB
NFS_Unstable:          0 kB
Bounce:                0 kB
WritebackTmp:          0 kB
CommitLimit:     2172840 kB
Committed_AS:   93770012 kB
VmallocTotal:   251658176 kB
VmallocUsed:      138080 kB
VmallocChunk:   251423276 kB
Time pass: 327 sec

---2015-12-05 14:07:44
MemTotal:        2905316 kB
MemFree:          132972 kB
Buffers:           28776 kB
Cached:          1061056 kB
SwapCached:            0 kB
Active:          1287132 kB
Inactive:         726188 kB
Active(anon):     761656 kB
Inactive(anon):   196856 kB
Active(file):     525476 kB
Inactive(file):   529332 kB
Unevictable:       12456 kB
Mlocked:               0 kB
SwapTotal:        720184 kB
SwapFree:         720156 kB
Dirty:                 4 kB
Writeback:             0 kB
AnonPages:        935940 kB
Mapped:           667532 kB
Shmem:             22568 kB
Slab:             121664 kB
SReclaimable:      39800 kB
SUnreclaim:        81864 kB
KernelStack:       33776 kB
PageTables:        57600 kB
NFS_Unstable:          0 kB
Bounce:                0 kB
WritebackTmp:          0 kB
CommitLimit:     2172840 kB
Committed_AS:   93770048 kB
VmallocTotal:   251658176 kB
VmallocUsed:      138080 kB
VmallocChunk:   251423276 kB
Time pass: 331 sec

---2015-12-05 14:07:44
MemTotal:        2905316 kB
MemFree:          132948 kB
Buffers:           28792 kB
Cached:          1061056 kB
SwapCached:            0 kB
Active:          1287488 kB
Inactive:         726196 kB
Active(anon):     762008 kB
Inactive(anon):   196856 kB
Active(file):     525480 kB
Inactive(file):   529340 kB
Unevictable:       12456 kB
Mlocked:               0 kB
SwapTotal:        720184 kB
SwapFree:         720156 kB
Dirty:                 8 kB
Writeback:             0 kB
AnonPages:        936108 kB
Mapped:           667548 kB
Shmem:             22568 kB
Slab:             121664 kB
SReclaimable:      39800 kB
SUnreclaim:        81864 kB
KernelStack:       33776 kB
PageTables:        57600 kB
NFS_Unstable:          0 kB
Bounce:                0 kB
WritebackTmp:          0 kB
CommitLimit:     2172840 kB
Committed_AS:   93770072 kB
VmallocTotal:   251658176 kB
VmallocUsed:      138080 kB
VmallocChunk:   251423276 kB
Time pass: 334 sec

---2015-12-05 14:07:44
MemTotal:        2905316 kB
MemFree:          132808 kB
Buffers:           28792 kB
Cached:          1061064 kB
SwapCached:            0 kB
Active:          1287540 kB
Inactive:         726208 kB
Active(anon):     762060 kB
Inactive(anon):   196856 kB
Active(file):     525480 kB
Inactive(file):   529352 kB
Unevictable:       12456 kB
Mlocked:               0 kB
SwapTotal:        720184 kB
SwapFree:         720156 kB
Dirty:                28 kB
Writeback:             0 kB
AnonPages:        936188 kB
Mapped:           667552 kB
Shmem:             22568 kB
Slab:             121664 kB
SReclaimable:      39800 kB
SUnreclaim:        81864 kB
KernelStack:       33792 kB
PageTables:        57600 kB
NFS_Unstable:          0 kB
Bounce:                0 kB
WritebackTmp:          0 kB
CommitLimit:     2172840 kB
Committed_AS:   93770048 kB
VmallocTotal:   251658176 kB
VmallocUsed:      138080 kB
VmallocChunk:   251423276 kB
Time pass: 338 sec

---2015-12-05 14:07:44
MemTotal:        2905316 kB
MemFree:          132844 kB
Buffers:           28800 kB
Cached:          1061068 kB
SwapCached:            0 kB
Active:          1287328 kB
Inactive:         726208 kB
Active(anon):     761848 kB
Inactive(anon):   196856 kB
Active(file):     525480 kB
Inactive(file):   529352 kB
Unevictable:       12456 kB
Mlocked:               0 kB
SwapTotal:        720184 kB
SwapFree:         720156 kB
Dirty:                12 kB
Writeback:             0 kB
AnonPages:        936276 kB
Mapped:           667560 kB
Shmem:             22568 kB
Slab:             121664 kB
SReclaimable:      39800 kB
SUnreclaim:        81864 kB
KernelStack:       33776 kB
PageTables:        57596 kB
NFS_Unstable:          0 kB
Bounce:                0 kB
WritebackTmp:          0 kB
CommitLimit:     2172840 kB
Committed_AS:   93770024 kB
VmallocTotal:   251658176 kB
VmallocUsed:      138080 kB
VmallocChunk:   251423276 kB
Time pass: 342 sec

---2015-12-05 14:07:44
MemTotal:        2905316 kB
MemFree:          132808 kB
Buffers:           28808 kB
Cached:          1061068 kB
SwapCached:            0 kB
Active:          1287568 kB
Inactive:         726224 kB
Active(anon):     762084 kB
Inactive(anon):   196856 kB
Active(file):     525484 kB
Inactive(file):   529368 kB
Unevictable:       12456 kB
Mlocked:               0 kB
SwapTotal:        720184 kB
SwapFree:         720156 kB
Dirty:                 4 kB
Writeback:             0 kB
AnonPages:        936496 kB
Mapped:           667572 kB
Shmem:             22568 kB
Slab:             121664 kB
SReclaimable:      39800 kB
SUnreclaim:        81864 kB
KernelStack:       33744 kB
PageTables:        57600 kB
NFS_Unstable:          0 kB
Bounce:                0 kB
WritebackTmp:          0 kB
CommitLimit:     2172840 kB
Committed_AS:   93770012 kB
VmallocTotal:   251658176 kB
VmallocUsed:      138080 kB
VmallocChunk:   251423276 kB
Time pass: 346 sec

---2015-12-05 14:07:44
MemTotal:        2905316 kB
MemFree:          131856 kB
Buffers:           28808 kB
Cached:          1061136 kB
SwapCached:            0 kB
Active:          1288244 kB
Inactive:         726288 kB
Active(anon):     762756 kB
Inactive(anon):   196916 kB
Active(file):     525488 kB
Inactive(file):   529372 kB
Unevictable:       12456 kB
Mlocked:               0 kB
SwapTotal:        720184 kB
SwapFree:         720156 kB
Dirty:                16 kB
Writeback:             0 kB
AnonPages:        937168 kB
Mapped:           667636 kB
Shmem:             22628 kB
Slab:             121664 kB
SReclaimable:      39800 kB
SUnreclaim:        81864 kB
KernelStack:       33728 kB
PageTables:        57652 kB
NFS_Unstable:          0 kB
Bounce:                0 kB
WritebackTmp:          0 kB
CommitLimit:     2172840 kB
Committed_AS:   93796656 kB
VmallocTotal:   251658176 kB
VmallocUsed:      138080 kB
VmallocChunk:   251423276 kB
Time pass: 350 sec

---2015-12-05 14:07:44
MemTotal:        2905316 kB
MemFree:          131592 kB
Buffers:           28816 kB
Cached:          1061136 kB
SwapCached:            0 kB
Active:          1288500 kB
Inactive:         726292 kB
Active(anon):     763012 kB
Inactive(anon):   196916 kB
Active(file):     525488 kB
Inactive(file):   529376 kB
Unevictable:       12456 kB
Mlocked:               0 kB
SwapTotal:        720184 kB
SwapFree:         720156 kB
Dirty:                32 kB
Writeback:             0 kB
AnonPages:        937652 kB
Mapped:           667640 kB
Shmem:             22628 kB
Slab:             121664 kB
SReclaimable:      39800 kB
SUnreclaim:        81864 kB
KernelStack:       33760 kB
PageTables:        57652 kB
NFS_Unstable:          0 kB
Bounce:                0 kB
WritebackTmp:          0 kB
CommitLimit:     2172840 kB
Committed_AS:   93796700 kB
VmallocTotal:   251658176 kB
VmallocUsed:      138080 kB
VmallocChunk:   251423276 kB
Time pass: 354 sec

---2015-12-05 14:07:44
MemTotal:        2905316 kB
MemFree:          131752 kB
Buffers:           28824 kB
Cached:          1061140 kB
SwapCached:            0 kB
Active:          1288784 kB
Inactive:         726292 kB
Active(anon):     763288 kB
Inactive(anon):   196916 kB
Active(file):     525496 kB
Inactive(file):   529376 kB
Unevictable:       12456 kB
Mlocked:               0 kB
SwapTotal:        720184 kB
SwapFree:         720156 kB
Dirty:                12 kB
Writeback:             0 kB
AnonPages:        937712 kB
Mapped:           667648 kB
Shmem:             22628 kB
Slab:             121664 kB
SReclaimable:      39800 kB
SUnreclaim:        81864 kB
KernelStack:       33808 kB
PageTables:        57656 kB
NFS_Unstable:          0 kB
Bounce:                0 kB
WritebackTmp:          0 kB
CommitLimit:     2172840 kB
Committed_AS:   93796680 kB
VmallocTotal:   251658176 kB
VmallocUsed:      138080 kB
VmallocChunk:   251423276 kB
Time pass: 357 sec

---2015-12-05 14:07:44
MemTotal:        2905316 kB
MemFree:          131100 kB
Buffers:           28824 kB
Cached:          1061148 kB
SwapCached:            0 kB
Active:          1288904 kB
Inactive:         726304 kB
Active(anon):     763404 kB
Inactive(anon):   196916 kB
Active(file):     525500 kB
Inactive(file):   529388 kB
Unevictable:       12456 kB
Mlocked:               0 kB
SwapTotal:        720184 kB
SwapFree:         720156 kB
Dirty:                 4 kB
Writeback:             0 kB
AnonPages:        937800 kB
Mapped:           667652 kB
Shmem:             22628 kB
Slab:             121664 kB
SReclaimable:      39800 kB
SUnreclaim:        81864 kB
KernelStack:       33808 kB
PageTables:        57660 kB
NFS_Unstable:          0 kB
Bounce:                0 kB
WritebackTmp:          0 kB
CommitLimit:     2172840 kB
Committed_AS:   93796724 kB
VmallocTotal:   251658176 kB
VmallocUsed:      138080 kB
VmallocChunk:   251423276 kB
Time pass: 361 sec

---2015-12-05 14:07:44
MemTotal:        2905316 kB
MemFree:          130820 kB
Buffers:           28832 kB
Cached:          1061264 kB
SwapCached:            0 kB
Active:          1289308 kB
Inactive:         726404 kB
Active(anon):     763788 kB
Inactive(anon):   196916 kB
Active(file):     525520 kB
Inactive(file):   529488 kB
Unevictable:       12456 kB
Mlocked:               0 kB
SwapTotal:        720184 kB
SwapFree:         720156 kB
Dirty:                48 kB
Writeback:             0 kB
AnonPages:        938068 kB
Mapped:           667712 kB
Shmem:             22628 kB
Slab:             121664 kB
SReclaimable:      39800 kB
SUnreclaim:        81864 kB
KernelStack:       33840 kB
PageTables:        57656 kB
NFS_Unstable:          0 kB
Bounce:                0 kB
WritebackTmp:          0 kB
CommitLimit:     2172840 kB
Committed_AS:   93796756 kB
VmallocTotal:   251658176 kB
VmallocUsed:      138080 kB
VmallocChunk:   251423276 kB
Time pass: 365 sec

---2015-12-05 14:07:44
MemTotal:        2905316 kB
MemFree:          130348 kB
Buffers:           28840 kB
Cached:          1061608 kB
SwapCached:            0 kB
Active:          1289532 kB
Inactive:         726728 kB
Active(anon):     764004 kB
Inactive(anon):   196916 kB
Active(file):     525528 kB
Inactive(file):   529812 kB
Unevictable:       12456 kB
Mlocked:               0 kB
SwapTotal:        720184 kB
SwapFree:         720156 kB
Dirty:                96 kB
Writeback:             0 kB
AnonPages:        938332 kB
Mapped:           667832 kB
Shmem:             22628 kB
Slab:             121664 kB
SReclaimable:      39800 kB
SUnreclaim:        81864 kB
KernelStack:       33840 kB
PageTables:        57664 kB
NFS_Unstable:          0 kB
Bounce:                0 kB
WritebackTmp:          0 kB
CommitLimit:     2172840 kB
Committed_AS:   93796824 kB
VmallocTotal:   251658176 kB
VmallocUsed:      138080 kB
VmallocChunk:   251423276 kB
Time pass: 369 sec

---2015-12-05 14:07:44
MemTotal:        2905316 kB
MemFree:          129656 kB
Buffers:           28840 kB
Cached:          1061612 kB
SwapCached:            0 kB
Active:          1289836 kB
Inactive:         726744 kB
Active(anon):     764296 kB
Inactive(anon):   196916 kB
Active(file):     525540 kB
Inactive(file):   529828 kB
Unevictable:       12456 kB
Mlocked:               0 kB
SwapTotal:        720184 kB
SwapFree:         720156 kB
Dirty:                12 kB
Writeback:             0 kB
AnonPages:        938428 kB
Mapped:           667836 kB
Shmem:             22628 kB
Slab:             121664 kB
SReclaimable:      39800 kB
SUnreclaim:        81864 kB
KernelStack:       33872 kB
PageTables:        57664 kB
NFS_Unstable:          0 kB
Bounce:                0 kB
WritebackTmp:          0 kB
CommitLimit:     2172840 kB
Committed_AS:   93796824 kB
VmallocTotal:   251658176 kB
VmallocUsed:      138080 kB
VmallocChunk:   251423276 kB
Time pass: 373 sec

---2015-12-05 14:07:44
MemTotal:        2905316 kB
MemFree:          128872 kB
Buffers:           28848 kB
Cached:          1061688 kB
SwapCached:            0 kB
Active:          1290176 kB
Inactive:         726816 kB
Active(anon):     764632 kB
Inactive(anon):   196916 kB
Active(file):     525544 kB
Inactive(file):   529900 kB
Unevictable:       12456 kB
Mlocked:               0 kB
SwapTotal:        720184 kB
SwapFree:         720156 kB
Dirty:                56 kB
Writeback:             0 kB
AnonPages:        938932 kB
Mapped:           667876 kB
Shmem:             22628 kB
Slab:             121664 kB
SReclaimable:      39800 kB
SUnreclaim:        81864 kB
KernelStack:       33856 kB
PageTables:        57664 kB
NFS_Unstable:          0 kB
Bounce:                0 kB
WritebackTmp:          0 kB
CommitLimit:     2172840 kB
Committed_AS:   93796848 kB
VmallocTotal:   251658176 kB
VmallocUsed:      138080 kB
VmallocChunk:   251423276 kB
Time pass: 376 sec

---2015-12-05 14:07:44
MemTotal:        2905316 kB
MemFree:          128804 kB
Buffers:           28856 kB
Cached:          1061688 kB
SwapCached:            0 kB
Active:          1290600 kB
Inactive:         726832 kB
Active(anon):     765056 kB
Inactive(anon):   196916 kB
Active(file):     525544 kB
Inactive(file):   529916 kB
Unevictable:       12456 kB
Mlocked:               0 kB
SwapTotal:        720184 kB
SwapFree:         720156 kB
Dirty:                28 kB
Writeback:             0 kB
AnonPages:        939484 kB
Mapped:           667912 kB
Shmem:             22628 kB
Slab:             121664 kB
SReclaimable:      39800 kB
SUnreclaim:        81864 kB
KernelStack:       33824 kB
PageTables:        57664 kB
NFS_Unstable:          0 kB
Bounce:                0 kB
WritebackTmp:          0 kB
CommitLimit:     2172840 kB
Committed_AS:   93823432 kB
VmallocTotal:   251658176 kB
VmallocUsed:      138080 kB
VmallocChunk:   251423276 kB
Time pass: 380 sec

---2015-12-05 14:07:44
MemTotal:        2905316 kB
MemFree:          128564 kB
Buffers:           28864 kB
Cached:          1061744 kB
SwapCached:            0 kB
Active:          1290748 kB
Inactive:         726892 kB
Active(anon):     765204 kB
Inactive(anon):   196976 kB
Active(file):     525544 kB
Inactive(file):   529916 kB
Unevictable:       12456 kB
Mlocked:               0 kB
SwapTotal:        720184 kB
SwapFree:         720156 kB
Dirty:                24 kB
Writeback:            12 kB
AnonPages:        939572 kB
Mapped:           667980 kB
Shmem:             22688 kB
Slab:             121672 kB
SReclaimable:      39800 kB
SUnreclaim:        81872 kB
KernelStack:       33824 kB
PageTables:        57716 kB
NFS_Unstable:          0 kB
Bounce:                0 kB
WritebackTmp:          0 kB
CommitLimit:     2172840 kB
Committed_AS:   93823420 kB
VmallocTotal:   251658176 kB
VmallocUsed:      138080 kB
VmallocChunk:   251423276 kB
Time pass: 384 sec

---2015-12-05 14:07:44
MemTotal:        2905316 kB
MemFree:          128416 kB
Buffers:           28864 kB
Cached:          1061752 kB
SwapCached:            0 kB
Active:          1290916 kB
Inactive:         726900 kB
Active(anon):     765368 kB
Inactive(anon):   196976 kB
Active(file):     525548 kB
Inactive(file):   529924 kB
Unevictable:       12456 kB
Mlocked:               0 kB
SwapTotal:        720184 kB
SwapFree:         720156 kB
Dirty:                20 kB
Writeback:             0 kB
AnonPages:        939672 kB
Mapped:           667984 kB
Shmem:             22688 kB
Slab:             121672 kB
SReclaimable:      39800 kB
SUnreclaim:        81872 kB
KernelStack:       33824 kB
PageTables:        57716 kB
NFS_Unstable:          0 kB
Bounce:                0 kB
WritebackTmp:          0 kB
CommitLimit:     2172840 kB
Committed_AS:   93823432 kB
VmallocTotal:   251658176 kB
VmallocUsed:      138080 kB
VmallocChunk:   251423276 kB
Time pass: 388 sec

---2015-12-05 14:07:44
MemTotal:        2905316 kB
MemFree:          128400 kB
Buffers:           28872 kB
Cached:          1061756 kB
SwapCached:            0 kB
Active:          1291068 kB
Inactive:         726908 kB
