---2015-12-09 10:54:01
MemTotal:        1862952 kB
MemFree:          315288 kB
Buffers:            7508 kB
Cached:           656128 kB
SwapCached:         3044 kB
Active:           553192 kB
Inactive:         746940 kB
Active(anon):     319716 kB
Inactive(anon):   318616 kB
Active(file):     233476 kB
Inactive(file):   428324 kB
Unevictable:        1268 kB
Mlocked:               0 kB
HighTotal:       1436668 kB
HighFree:         170336 kB
LowTotal:         426284 kB
LowFree:          144952 kB
SwapTotal:       1048572 kB
SwapFree:        1022276 kB
Dirty:                 8 kB
Writeback:             0 kB
AnonPages:        635784 kB
Mapped:           355032 kB
Shmem:               568 kB
Slab:              42268 kB
SReclaimable:      14928 kB
SUnreclaim:        27340 kB
KernelStack:       11448 kB
PageTables:        42452 kB
NFS_Unstable:          0 kB
Bounce:                0 kB
WritebackTmp:          0 kB
CommitLimit:     1980048 kB
Committed_AS:   85709560 kB
VmallocTotal:     458752 kB
VmallocUsed:      112712 kB
VmallocChunk:     161796 kB
Time pass: 3 sec

---2015-12-09 10:54:01
MemTotal:        1862952 kB
MemFree:          315324 kB
Buffers:            7516 kB
Cached:           656128 kB
SwapCached:         3044 kB
Active:           553452 kB
Inactive:         746872 kB
Active(anon):     319904 kB
Inactive(anon):   318616 kB
Active(file):     233548 kB
Inactive(file):   428256 kB
Unevictable:        1268 kB
Mlocked:               0 kB
HighTotal:       1436668 kB
HighFree:         170212 kB
LowTotal:         426284 kB
LowFree:          145112 kB
SwapTotal:       1048572 kB
SwapFree:        1022276 kB
Dirty:                12 kB
Writeback:             0 kB
AnonPages:        635912 kB
Mapped:           355032 kB
Shmem:               568 kB
Slab:              42268 kB
SReclaimable:      14928 kB
SUnreclaim:        27340 kB
KernelStack:       11448 kB
PageTables:        42452 kB
NFS_Unstable:          0 kB
Bounce:                0 kB
WritebackTmp:          0 kB
CommitLimit:     1980048 kB
Committed_AS:   85709640 kB
VmallocTotal:     458752 kB
VmallocUsed:      112712 kB
VmallocChunk:     161796 kB
Time pass: 7 sec

---2015-12-09 10:54:01
MemTotal:        1862952 kB
MemFree:          315184 kB
Buffers:            7516 kB
Cached:           656128 kB
SwapCached:         3044 kB
Active:           553564 kB
Inactive:         746856 kB
Active(anon):     319996 kB
Inactive(anon):   318616 kB
Active(file):     233568 kB
Inactive(file):   428240 kB
Unevictable:        1268 kB
Mlocked:               0 kB
HighTotal:       1436668 kB
HighFree:         170088 kB
LowTotal:         426284 kB
LowFree:          145096 kB
SwapTotal:       1048572 kB
SwapFree:        1022276 kB
Dirty:                12 kB
Writeback:             0 kB
AnonPages:        636036 kB
Mapped:           355044 kB
Shmem:               568 kB
Slab:              42268 kB
SReclaimable:      14928 kB
SUnreclaim:        27340 kB
KernelStack:       11448 kB
PageTables:        42436 kB
NFS_Unstable:          0 kB
Bounce:                0 kB
WritebackTmp:          0 kB
CommitLimit:     1980048 kB
Committed_AS:   85709720 kB
VmallocTotal:     458752 kB
VmallocUsed:      112712 kB
VmallocChunk:     161796 kB
Time pass: 11 sec

---2015-12-09 10:54:01
MemTotal:        1862952 kB
MemFree:          315076 kB
Buffers:            7516 kB
Cached:           656128 kB
SwapCached:         3044 kB
Active:           553756 kB
Inactive:         746848 kB
Active(anon):     320188 kB
Inactive(anon):   318608 kB
Active(file):     233568 kB
Inactive(file):   428240 kB
Unevictable:        1268 kB
Mlocked:               0 kB
HighTotal:       1436668 kB
HighFree:         169964 kB
LowTotal:         426284 kB
LowFree:          145112 kB
SwapTotal:       1048572 kB
SwapFree:        1022276 kB
Dirty:                 4 kB
Writeback:             0 kB
AnonPages:        636216 kB
Mapped:           355032 kB
Shmem:               568 kB
Slab:              42268 kB
SReclaimable:      14928 kB
SUnreclaim:        27340 kB
KernelStack:       11448 kB
PageTables:        42452 kB
NFS_Unstable:          0 kB
Bounce:                0 kB
WritebackTmp:          0 kB
CommitLimit:     1980048 kB
Committed_AS:   85709920 kB
VmallocTotal:     458752 kB
VmallocUsed:      112712 kB
VmallocChunk:     161796 kB
Time pass: 14 sec

---2015-12-09 10:54:01
MemTotal:        1862952 kB
MemFree:          314952 kB
Buffers:            7524 kB
Cached:           656128 kB
SwapCached:         3044 kB
Active:           553920 kB
Inactive:         746848 kB
Active(anon):     320352 kB
Inactive(anon):   318604 kB
Active(file):     233568 kB
Inactive(file):   428244 kB
Unevictable:        1268 kB
Mlocked:               0 kB
HighTotal:       1436668 kB
HighFree:         169840 kB
LowTotal:         426284 kB
LowFree:          145112 kB
SwapTotal:       1048572 kB
SwapFree:        1022276 kB
Dirty:                 4 kB
Writeback:             0 kB
AnonPages:        636348 kB
Mapped:           355032 kB
Shmem:               568 kB
Slab:              42268 kB
SReclaimable:      14928 kB
SUnreclaim:        27340 kB
KernelStack:       11448 kB
PageTables:        42452 kB
NFS_Unstable:          0 kB
Bounce:                0 kB
WritebackTmp:          0 kB
CommitLimit:     1980048 kB
Committed_AS:   85709992 kB
VmallocTotal:     458752 kB
VmallocUsed:      112712 kB
VmallocChunk:     161796 kB
Time pass: 18 sec

---2015-12-09 10:54:01
MemTotal:        1862952 kB
MemFree:          314704 kB
Buffers:            7524 kB
Cached:           656132 kB
SwapCached:         3044 kB
Active:           554000 kB
Inactive:         746856 kB
Active(anon):     320432 kB
Inactive(anon):   318604 kB
Active(file):     233568 kB
Inactive(file):   428252 kB
Unevictable:        1268 kB
Mlocked:               0 kB
HighTotal:       1436668 kB
HighFree:         169592 kB
LowTotal:         426284 kB
LowFree:          145112 kB
SwapTotal:       1048572 kB
SwapFree:        1022276 kB
Dirty:                 8 kB
Writeback:             0 kB
AnonPages:        636468 kB
Mapped:           355044 kB
Shmem:               568 kB
Slab:              42268 kB
SReclaimable:      14928 kB
SUnreclaim:        27340 kB
KernelStack:       11432 kB
PageTables:        42436 kB
NFS_Unstable:          0 kB
Bounce:                0 kB
WritebackTmp:          0 kB
CommitLimit:     1980048 kB
Committed_AS:   85710080 kB
VmallocTotal:     458752 kB
VmallocUsed:      112712 kB
VmallocChunk:     161796 kB
Time pass: 21 sec

---2015-12-09 10:54:01
MemTotal:        1862952 kB
MemFree:          309616 kB
Buffers:            7536 kB
Cached:           656944 kB
SwapCached:         3088 kB
Active:           558868 kB
Inactive:         747684 kB
Active(anon):     325292 kB
Inactive(anon):   318604 kB
Active(file):     233576 kB
Inactive(file):   429080 kB
Unevictable:        1268 kB
Mlocked:               0 kB
HighTotal:       1436668 kB
HighFree:         169636 kB
LowTotal:         426284 kB
LowFree:          139980 kB
SwapTotal:       1048572 kB
SwapFree:        1022324 kB
Dirty:                 8 kB
Writeback:             0 kB
AnonPages:        641952 kB
Mapped:           354792 kB
Shmem:               568 kB
Slab:              42268 kB
SReclaimable:      14928 kB
SUnreclaim:        27340 kB
KernelStack:       11560 kB
PageTables:        43388 kB
NFS_Unstable:          0 kB
Bounce:                0 kB
WritebackTmp:          0 kB
CommitLimit:     1980048 kB
Committed_AS:   88194780 kB
VmallocTotal:     458752 kB
VmallocUsed:      114968 kB
VmallocChunk:     161796 kB
Time pass: 25 sec

---2015-12-09 10:54:01
MemTotal:        1862952 kB
MemFree:          114036 kB
Buffers:            8076 kB
Cached:           713700 kB
SwapCached:         3232 kB
Active:           604740 kB
Inactive:         799792 kB
Active(anon):     365868 kB
Inactive(anon):   318892 kB
Active(file):     238872 kB
Inactive(file):   480900 kB
Unevictable:        1268 kB
Mlocked:               0 kB
HighTotal:       1436668 kB
HighFree:           4388 kB
LowTotal:         426284 kB
LowFree:          109648 kB
SwapTotal:       1048572 kB
SwapFree:        1022368 kB
Dirty:              1160 kB
Writeback:             0 kB
AnonPages:        682008 kB
Mapped:           379236 kB
Shmem:               700 kB
Slab:              42476 kB
SReclaimable:      15028 kB
SUnreclaim:        27448 kB
KernelStack:       12112 kB
PageTables:        43664 kB
NFS_Unstable:          0 kB
Bounce:                0 kB
WritebackTmp:          0 kB
CommitLimit:     1980048 kB
Committed_AS:   87069252 kB
VmallocTotal:     458752 kB
VmallocUsed:      114092 kB
VmallocChunk:     161796 kB
Time pass: 29 sec

---2015-12-09 10:54:01
MemTotal:        1862952 kB
MemFree:           91856 kB
Buffers:            8088 kB
Cached:           715160 kB
SwapCached:         3240 kB
Active:           606404 kB
Inactive:         791040 kB
Active(anon):     367472 kB
Inactive(anon):   308692 kB
Active(file):     238932 kB
Inactive(file):   482348 kB
Unevictable:        1268 kB
Mlocked:               0 kB
HighTotal:       1436668 kB
HighFree:           7724 kB
LowTotal:         426284 kB
LowFree:           84132 kB
SwapTotal:       1048572 kB
SwapFree:        1022416 kB
Dirty:               732 kB
Writeback:             0 kB
AnonPages:        673476 kB
Mapped:           401416 kB
Shmem:               700 kB
Slab:              42552 kB
SReclaimable:      15020 kB
SUnreclaim:        27532 kB
KernelStack:       11992 kB
PageTables:        43728 kB
NFS_Unstable:          0 kB
Bounce:                0 kB
WritebackTmp:          0 kB
CommitLimit:     1980048 kB
Committed_AS:   87081444 kB
VmallocTotal:     458752 kB
VmallocUsed:      114192 kB
VmallocChunk:     161796 kB
Time pass: 35 sec

---2015-12-09 10:54:01
MemTotal:        1862952 kB
MemFree:           86780 kB
Buffers:            8096 kB
Cached:           715228 kB
SwapCached:         3240 kB
Active:           605860 kB
Inactive:         791108 kB
Active(anon):     366928 kB
Inactive(anon):   308684 kB
Active(file):     238932 kB
Inactive(file):   482424 kB
Unevictable:        1268 kB
Mlocked:               0 kB
HighTotal:       1436668 kB
HighFree:           2816 kB
LowTotal:         426284 kB
LowFree:           83964 kB
SwapTotal:       1048572 kB
SwapFree:        1022416 kB
Dirty:                 4 kB
Writeback:             0 kB
AnonPages:        673016 kB
Mapped:           402332 kB
Shmem:               700 kB
Slab:              42576 kB
SReclaimable:      15004 kB
SUnreclaim:        27572 kB
KernelStack:       11992 kB
PageTables:        43728 kB
NFS_Unstable:          0 kB
Bounce:                0 kB
WritebackTmp:          0 kB
CommitLimit:     1980048 kB
Committed_AS:   87081596 kB
VmallocTotal:     458752 kB
VmallocUsed:      114212 kB
VmallocChunk:     161796 kB
Time pass: 39 sec

---2015-12-09 10:54:01
MemTotal:        1862952 kB
MemFree:           38312 kB
Buffers:            8104 kB
Cached:           716200 kB
SwapCached:         3252 kB
Active:           611824 kB
Inactive:         791868 kB
Active(anon):     372872 kB
Inactive(anon):   308684 kB
Active(file):     238952 kB
Inactive(file):   483184 kB
Unevictable:        1268 kB
Mlocked:               0 kB
HighTotal:       1436668 kB
HighFree:           2500 kB
LowTotal:         426284 kB
LowFree:           35812 kB
SwapTotal:       1048572 kB
SwapFree:        1022416 kB
Dirty:               136 kB
Writeback:             0 kB
AnonPages:        679028 kB
Mapped:           413780 kB
Shmem:               700 kB
Slab:              42688 kB
SReclaimable:      15012 kB
SUnreclaim:        27676 kB
KernelStack:       12000 kB
PageTables:        43808 kB
NFS_Unstable:          0 kB
Bounce:                0 kB
WritebackTmp:          0 kB
CommitLimit:     1980048 kB
Committed_AS:   87090464 kB
VmallocTotal:     458752 kB
VmallocUsed:      114480 kB
VmallocChunk:     161796 kB
Time pass: 42 sec

---2015-12-09 10:54:01
MemTotal:        1862952 kB
MemFree:           30384 kB
Buffers:            8100 kB
Cached:           707592 kB
SwapCached:         3476 kB
Active:           618484 kB
Inactive:         784324 kB
Active(anon):     345868 kB
Inactive(anon):   343212 kB
Active(file):     272616 kB
Inactive(file):   441112 kB
Unevictable:        1268 kB
Mlocked:               0 kB
HighTotal:       1436668 kB
HighFree:           4960 kB
LowTotal:         426284 kB
LowFree:           25424 kB
SwapTotal:       1048572 kB
SwapFree:        1017704 kB
Dirty:                 0 kB
Writeback:             0 kB
AnonPages:        686136 kB
Mapped:           407688 kB
Shmem:               696 kB
Slab:              42636 kB
SReclaimable:      15028 kB
SUnreclaim:        27608 kB
KernelStack:       12080 kB
PageTables:        44008 kB
NFS_Unstable:          0 kB
Bounce:                0 kB
WritebackTmp:          0 kB
CommitLimit:     1980048 kB
Committed_AS:   87107532 kB
VmallocTotal:     458752 kB
VmallocUsed:      114364 kB
VmallocChunk:     161796 kB
Time pass: 46 sec

---2015-12-09 10:54:01
MemTotal:        1862952 kB
MemFree:           48592 kB
Buffers:            8108 kB
Cached:           701340 kB
SwapCached:         3536 kB
Active:           623396 kB
Inactive:         773176 kB
Active(anon):     344376 kB
Inactive(anon):   344712 kB
Active(file):     279020 kB
Inactive(file):   428464 kB
Unevictable:        1268 kB
Mlocked:               0 kB
HighTotal:       1436668 kB
HighFree:          12912 kB
LowTotal:         426284 kB
LowFree:           35680 kB
SwapTotal:       1048572 kB
SwapFree:        1015056 kB
Dirty:                84 kB
Writeback:             0 kB
AnonPages:        686324 kB
Mapped:           405940 kB
Shmem:               700 kB
Slab:              42724 kB
SReclaimable:      15028 kB
SUnreclaim:        27696 kB
KernelStack:       12152 kB
PageTables:        43968 kB
NFS_Unstable:          0 kB
Bounce:                0 kB
WritebackTmp:          0 kB
CommitLimit:     1980048 kB
Committed_AS:   87118796 kB
VmallocTotal:     458752 kB
VmallocUsed:      114584 kB
VmallocChunk:     161796 kB
Time pass: 49 sec

---2015-12-09 10:54:01
MemTotal:        1862952 kB
MemFree:           44524 kB
Buffers:            8108 kB
Cached:           702052 kB
SwapCached:         3556 kB
Active:           637744 kB
Inactive:         773824 kB
Active(anon):     358600 kB
Inactive(anon):   344732 kB
Active(file):     279144 kB
Inactive(file):   429092 kB
Unevictable:        1268 kB
Mlocked:               0 kB
HighTotal:       1436668 kB
HighFree:           3200 kB
LowTotal:         426284 kB
LowFree:           41324 kB
SwapTotal:       1048572 kB
SwapFree:        1015056 kB
Dirty:               308 kB
Writeback:             0 kB
AnonPages:        700220 kB
Mapped:           399656 kB
Shmem:               700 kB
Slab:              42652 kB
SReclaimable:      15044 kB
SUnreclaim:        27608 kB
KernelStack:       12208 kB
PageTables:        43984 kB
NFS_Unstable:          0 kB
Bounce:                0 kB
WritebackTmp:          0 kB
CommitLimit:     1980048 kB
Committed_AS:   87120340 kB
VmallocTotal:     458752 kB
VmallocUsed:      114480 kB
VmallocChunk:     161796 kB
Time pass: 53 sec

---2015-12-09 10:54:01
MemTotal:        1862952 kB
MemFree:           35812 kB
Buffers:            8128 kB
Cached:           675128 kB
SwapCached:         3548 kB
Active:           623272 kB
Inactive:         749032 kB
Active(anon):     341588 kB
Inactive(anon):   350392 kB
Active(file):     281684 kB
Inactive(file):   398640 kB
Unevictable:        2140 kB
Mlocked:               0 kB
HighTotal:       1436668 kB
HighFree:          10064 kB
LowTotal:         426284 kB
LowFree:           25748 kB
SwapTotal:       1048572 kB
SwapFree:        1006004 kB
Dirty:                 4 kB
Writeback:             0 kB
AnonPages:        689028 kB
Mapped:           435356 kB
Shmem:               700 kB
Slab:              42860 kB
SReclaimable:      15064 kB
SUnreclaim:        27796 kB
KernelStack:       12128 kB
PageTables:        44096 kB
NFS_Unstable:          0 kB
Bounce:                0 kB
WritebackTmp:          0 kB
CommitLimit:     1980048 kB
Committed_AS:   87121588 kB
VmallocTotal:     458752 kB
VmallocUsed:      114624 kB
VmallocChunk:     161796 kB
Time pass: 57 sec

---2015-12-09 10:54:01
MemTotal:        1862952 kB
MemFree:           37324 kB
Buffers:            8140 kB
Cached:           675012 kB
SwapCached:         3548 kB
Active:           623216 kB
Inactive:         749004 kB
Active(anon):     341544 kB
Inactive(anon):   350364 kB
Active(file):     281672 kB
Inactive(file):   398640 kB
Unevictable:        2140 kB
Mlocked:               0 kB
HighTotal:       1436668 kB
HighFree:          10832 kB
LowTotal:         426284 kB
LowFree:           26492 kB
SwapTotal:       1048572 kB
SwapFree:        1006004 kB
Dirty:                88 kB
Writeback:             0 kB
AnonPages:        688884 kB
Mapped:           435360 kB
Shmem:               700 kB
Slab:              42820 kB
SReclaimable:      15064 kB
SUnreclaim:        27756 kB
KernelStack:       12088 kB
PageTables:        44096 kB
NFS_Unstable:          0 kB
Bounce:                0 kB
WritebackTmp:          0 kB
CommitLimit:     1980048 kB
Committed_AS:   87121676 kB
VmallocTotal:     458752 kB
VmallocUsed:      114544 kB
VmallocChunk:     161796 kB
Time pass: 60 sec

---2015-12-09 10:54:01
MemTotal:        1862952 kB
MemFree:           35328 kB
Buffers:            8140 kB
Cached:           664612 kB
SwapCached:         3552 kB
Active:           623352 kB
Inactive:         736724 kB
Active(anon):     341028 kB
Inactive(anon):   349136 kB
Active(file):     282324 kB
Inactive(file):   387588 kB
Unevictable:        2140 kB
Mlocked:               0 kB
HighTotal:       1436668 kB
HighFree:           9128 kB
LowTotal:         426284 kB
LowFree:           26200 kB
SwapTotal:       1048572 kB
SwapFree:        1002992 kB
Dirty:                 0 kB
Writeback:             0 kB
AnonPages:        687124 kB
Mapped:           446216 kB
Shmem:               700 kB
Slab:              42852 kB
SReclaimable:      15072 kB
SUnreclaim:        27780 kB
KernelStack:       12072 kB
PageTables:        44120 kB
NFS_Unstable:          0 kB
Bounce:                0 kB
WritebackTmp:          0 kB
CommitLimit:     1980048 kB
Committed_AS:   87122036 kB
VmallocTotal:     458752 kB
VmallocUsed:      114584 kB
VmallocChunk:     161796 kB
Time pass: 64 sec

---2015-12-09 10:54:01
MemTotal:        1862952 kB
MemFree:           33908 kB
Buffers:            8148 kB
Cached:           664616 kB
SwapCached:         3552 kB
Active:           623508 kB
Inactive:         736692 kB
Active(anon):     341184 kB
Inactive(anon):   349096 kB
Active(file):     282324 kB
Inactive(file):   387596 kB
Unevictable:        2140 kB
Mlocked:               0 kB
HighTotal:       1436668 kB
HighFree:           8136 kB
LowTotal:         426284 kB
LowFree:           25772 kB
SwapTotal:       1048572 kB
SwapFree:        1002992 kB
Dirty:                40 kB
Writeback:             0 kB
AnonPages:        687224 kB
Mapped:           446288 kB
Shmem:               700 kB
Slab:              42852 kB
SReclaimable:      15072 kB
SUnreclaim:        27780 kB
KernelStack:       12088 kB
PageTables:        44120 kB
NFS_Unstable:          0 kB
Bounce:                0 kB
WritebackTmp:          0 kB
CommitLimit:     1980048 kB
Committed_AS:   87122116 kB
VmallocTotal:     458752 kB
VmallocUsed:      114744 kB
VmallocChunk:     161796 kB
Time pass: 68 sec

---2015-12-09 10:54:01
MemTotal:        1862952 kB
MemFree:           43948 kB
Buffers:            8148 kB
Cached:           641376 kB
SwapCached:         3556 kB
Active:           635088 kB
Inactive:         696880 kB
Active(anon):     346724 kB
Inactive(anon):   342952 kB
Active(file):     288364 kB
Inactive(file):   353928 kB
Unevictable:       14236 kB
Mlocked:           12152 kB
HighTotal:       1436668 kB
HighFree:          13044 kB
LowTotal:         426284 kB
LowFree:           30904 kB
SwapTotal:       1048572 kB
SwapFree:        1000084 kB
Dirty:                 0 kB
Writeback:             0 kB
AnonPages:        694512 kB
Mapped:           461124 kB
Shmem:               948 kB
Slab:              42916 kB
SReclaimable:      15076 kB
SUnreclaim:        27840 kB
KernelStack:       12200 kB
PageTables:        44172 kB
NFS_Unstable:          0 kB
Bounce:                0 kB
WritebackTmp:          0 kB
CommitLimit:     1980048 kB
Committed_AS:   87131164 kB
VmallocTotal:     458752 kB
VmallocUsed:      114840 kB
VmallocChunk:     161796 kB
Time pass: 71 sec

---2015-12-09 10:54:01
MemTotal:        1862952 kB
MemFree:           29756 kB
Buffers:            8164 kB
Cached:           639784 kB
SwapCached:         3600 kB
Active:           644368 kB
Inactive:         705312 kB
Active(anon):     352152 kB
Inactive(anon):   352548 kB
Active(file):     292216 kB
Inactive(file):   352764 kB
Unevictable:        2140 kB
Mlocked:               0 kB
HighTotal:       1436668 kB
HighFree:           4328 kB
LowTotal:         426284 kB
LowFree:           25428 kB
SwapTotal:       1048572 kB
SwapFree:         999536 kB
Dirty:               268 kB
Writeback:             0 kB
AnonPages:        701700 kB
Mapped:           465368 kB
Shmem:               700 kB
Slab:              43048 kB
SReclaimable:      15092 kB
SUnreclaim:        27956 kB
KernelStack:       12192 kB
PageTables:        44212 kB
NFS_Unstable:          0 kB
Bounce:                0 kB
WritebackTmp:          0 kB
CommitLimit:     1980048 kB
Committed_AS:   87138620 kB
VmallocTotal:     458752 kB
VmallocUsed:      114840 kB
VmallocChunk:     161796 kB
Time pass: 75 sec

---2015-12-09 10:54:01
MemTotal:        1862952 kB
MemFree:           45540 kB
Buffers:            8196 kB
Cached:           606332 kB
SwapCached:         3796 kB
Active:           651632 kB
Inactive:         671820 kB
Active(anon):     356644 kB
Inactive(anon):   355352 kB
Active(file):     294988 kB
Inactive(file):   316468 kB
Unevictable:        2140 kB
Mlocked:               0 kB
HighTotal:       1436668 kB
HighFree:          18360 kB
LowTotal:         426284 kB
LowFree:           27180 kB
SwapTotal:       1048572 kB
SwapFree:         997336 kB
Dirty:               348 kB
Writeback:             0 kB
AnonPages:        709056 kB
Mapped:           466300 kB
Shmem:               700 kB
Slab:              43172 kB
SReclaimable:      15092 kB
SUnreclaim:        28080 kB
KernelStack:       12224 kB
PageTables:        44400 kB
NFS_Unstable:          0 kB
Bounce:                0 kB
WritebackTmp:          0 kB
CommitLimit:     1980048 kB
Committed_AS:   87162408 kB
VmallocTotal:     458752 kB
VmallocUsed:      118724 kB
VmallocChunk:     161796 kB
Time pass: 80 sec

---2015-12-09 10:54:01
MemTotal:        1862952 kB
MemFree:           28120 kB
Buffers:            8228 kB
Cached:           590036 kB
SwapCached:         3840 kB
Active:           654552 kB
Inactive:         657752 kB
Active(anon):     359524 kB
Inactive(anon):   357616 kB
Active(file):     295028 kB
Inactive(file):   300136 kB
Unevictable:        2140 kB
Mlocked:               0 kB
HighTotal:       1436668 kB
HighFree:           4656 kB
LowTotal:         426284 kB
LowFree:           23464 kB
SwapTotal:       1048572 kB
SwapFree:         995088 kB
Dirty:                56 kB
Writeback:             0 kB
AnonPages:        713536 kB
Mapped:           464296 kB
Shmem:               876 kB
Slab:              43404 kB
SReclaimable:      15124 kB
SUnreclaim:        28280 kB
KernelStack:       12432 kB
PageTables:        44532 kB
NFS_Unstable:          0 kB
Bounce:                0 kB
WritebackTmp:          0 kB
CommitLimit:     1980048 kB
Committed_AS:   87168776 kB
VmallocTotal:     458752 kB
VmallocUsed:      122564 kB
VmallocChunk:     161796 kB
Time pass: 85 sec

---2015-12-09 10:54:01
MemTotal:        1862952 kB
MemFree:           28828 kB
Buffers:            8244 kB
Cached:           586648 kB
SwapCached:         3840 kB
Active:           653944 kB
Inactive:         656960 kB
Active(anon):     358928 kB
Inactive(anon):   360216 kB
Active(file):     295016 kB
Inactive(file):   296744 kB
Unevictable:        2140 kB
Mlocked:               0 kB
HighTotal:       1436668 kB
HighFree:           5924 kB
LowTotal:         426284 kB
LowFree:           22904 kB
SwapTotal:       1048572 kB
SwapFree:         994728 kB
Dirty:                36 kB
Writeback:             0 kB
AnonPages:        715572 kB
Mapped:           464608 kB
Shmem:               992 kB
Slab:              43404 kB
SReclaimable:      15124 kB
SUnreclaim:        28280 kB
KernelStack:       12328 kB
PageTables:        44548 kB
NFS_Unstable:          0 kB
Bounce:                0 kB
WritebackTmp:          0 kB
CommitLimit:     1980048 kB
Committed_AS:   87173880 kB
VmallocTotal:     458752 kB
VmallocUsed:      122564 kB
VmallocChunk:     161796 kB
Time pass: 89 sec

---2015-12-09 10:54:01
MemTotal:        1862952 kB
MemFree:           29288 kB
Buffers:            8260 kB
Cached:           586648 kB
SwapCached:         3832 kB
Active:           654444 kB
Inactive:         656976 kB
Active(anon):     359428 kB
Inactive(anon):   360216 kB
Active(file):     295016 kB
Inactive(file):   296760 kB
Unevictable:        2140 kB
Mlocked:               0 kB
HighTotal:       1436668 kB
HighFree:           6208 kB
LowTotal:         426284 kB
LowFree:           23080 kB
SwapTotal:       1048572 kB
SwapFree:         994740 kB
Dirty:                40 kB
Writeback:             0 kB
AnonPages:        716288 kB
Mapped:           464428 kB
Shmem:               992 kB
Slab:              43452 kB
SReclaimable:      15132 kB
SUnreclaim:        28320 kB
KernelStack:       12360 kB
PageTables:        44548 kB
NFS_Unstable:          0 kB
Bounce:                0 kB
WritebackTmp:          0 kB
CommitLimit:     1980048 kB
Committed_AS:   87173944 kB
VmallocTotal:     458752 kB
VmallocUsed:      122484 kB
VmallocChunk:     161796 kB
Time pass: 93 sec

---2015-12-09 10:54:01
MemTotal:        1862952 kB
MemFree:           52008 kB
Buffers:            8268 kB
Cached:           583132 kB
SwapCached:         3844 kB
Active:           655136 kB
Inactive:         655960 kB
Active(anon):     363260 kB
Inactive(anon):   360052 kB
Active(file):     291876 kB
Inactive(file):   295908 kB
Unevictable:        2264 kB
Mlocked:               0 kB
HighTotal:       1436668 kB
HighFree:          24916 kB
LowTotal:         426284 kB
LowFree:           27092 kB
SwapTotal:       1048572 kB
SwapFree:         993816 kB
Dirty:                40 kB
Writeback:             0 kB
AnonPages:        719752 kB
Mapped:           464796 kB
Shmem:               992 kB
Slab:              43468 kB
SReclaimable:      15140 kB
SUnreclaim:        28328 kB
KernelStack:       12408 kB
PageTables:        44776 kB
NFS_Unstable:          0 kB
Bounce:                0 kB
WritebackTmp:          0 kB
CommitLimit:     1980048 kB
Committed_AS:   88615512 kB
VmallocTotal:     458752 kB
VmallocUsed:      120544 kB
VmallocChunk:     161796 kB
Time pass: 96 sec

---2015-12-09 10:54:01
MemTotal:        1862952 kB
MemFree:          356824 kB
Buffers:            8344 kB
Cached:           586240 kB
SwapCached:         4116 kB
Active:           558260 kB
Inactive:         654508 kB
Active(anon):     264008 kB
Inactive(anon):   357108 kB
Active(file):     294252 kB
Inactive(file):   297400 kB
Unevictable:        2368 kB
Mlocked:               0 kB
HighTotal:       1436668 kB
HighFree:         230208 kB
LowTotal:         426284 kB
LowFree:          126616 kB
SwapTotal:       1048572 kB
SwapFree:         993832 kB
Dirty:                80 kB
Writeback:             0 kB
AnonPages:        617764 kB
Mapped:           342068 kB
Shmem:               564 kB
Slab:              43468 kB
SReclaimable:      15148 kB
SUnreclaim:        28320 kB
KernelStack:       11424 kB
PageTables:        42160 kB
NFS_Unstable:          0 kB
Bounce:                0 kB
WritebackTmp:          0 kB
CommitLimit:     1980048 kB
Committed_AS:   84503564 kB
VmallocTotal:     458752 kB
VmallocUsed:      111756 kB
VmallocChunk:     161796 kB
Time pass: 100 sec

---2015-12-09 10:54:01
MemTotal:        1862952 kB
MemFree:          375672 kB
Buffers:            8352 kB
Cached:           586536 kB
SwapCached:         4144 kB
Active:           563360 kB
Inactive:         653844 kB
Active(anon):     269084 kB
Inactive(anon):   356160 kB
Active(file):     294276 kB
Inactive(file):   297684 kB
Unevictable:        2368 kB
Mlocked:               0 kB
HighTotal:       1436668 kB
HighFree:         248924 kB
LowTotal:         426284 kB
LowFree:          126748 kB
SwapTotal:       1048572 kB
SwapFree:         993832 kB
Dirty:               268 kB
Writeback:             0 kB
AnonPages:        621880 kB
Mapped:           342756 kB
Shmem:               564 kB
Slab:              43456 kB
SReclaimable:      15148 kB
SUnreclaim:        28308 kB
KernelStack:       11432 kB
PageTables:        42152 kB
NFS_Unstable:          0 kB
Bounce:                0 kB
WritebackTmp:          0 kB
CommitLimit:     1980048 kB
Committed_AS:   84505468 kB
VmallocTotal:     458752 kB
VmallocUsed:      111756 kB
VmallocChunk:     161796 kB
Time pass: 104 sec

---2015-12-09 10:54:01
MemTotal:        1862952 kB
MemFree:          376416 kB
Buffers:            8360 kB
Cached:           586532 kB
SwapCached:         4188 kB
Active:           562436 kB
Inactive:         653868 kB
Active(anon):     268160 kB
Inactive(anon):   356184 kB
Active(file):     294276 kB
Inactive(file):   297684 kB
Unevictable:        2368 kB
Mlocked:               0 kB
HighTotal:       1436668 kB
HighFree:         249668 kB
LowTotal:         426284 kB
LowFree:          126748 kB
SwapTotal:       1048572 kB
SwapFree:         993832 kB
Dirty:                44 kB
Writeback:             0 kB
AnonPages:        620916 kB
Mapped:           342760 kB
Shmem:               564 kB
Slab:              43456 kB
SReclaimable:      15148 kB
SUnreclaim:        28308 kB
KernelStack:       11432 kB
PageTables:        42180 kB
NFS_Unstable:          0 kB
Bounce:                0 kB
WritebackTmp:          0 kB
CommitLimit:     1980048 kB
Committed_AS:   84505804 kB
VmallocTotal:     458752 kB
VmallocUsed:      111756 kB
VmallocChunk:     161796 kB
Time pass: 107 sec

---2015-12-09 10:54:01
MemTotal:        1862952 kB
MemFree:          376300 kB
Buffers:            8360 kB
Cached:           586540 kB
SwapCached:         4188 kB
Active:           562556 kB
Inactive:         653876 kB
Active(anon):     268280 kB
Inactive(anon):   356184 kB
Active(file):     294276 kB
Inactive(file):   297692 kB
Unevictable:        2368 kB
Mlocked:               0 kB
HighTotal:       1436668 kB
HighFree:         249544 kB
LowTotal:         426284 kB
LowFree:          126756 kB
SwapTotal:       1048572 kB
SwapFree:         993832 kB
Dirty:                40 kB
Writeback:             0 kB
AnonPages:        621060 kB
Mapped:           342760 kB
Shmem:               564 kB
Slab:              43456 kB
SReclaimable:      15148 kB
SUnreclaim:        28308 kB
KernelStack:       11424 kB
PageTables:        42180 kB
NFS_Unstable:          0 kB
Bounce:                0 kB
WritebackTmp:          0 kB
CommitLimit:     1980048 kB
Committed_AS:   84505844 kB
VmallocTotal:     458752 kB
VmallocUsed:      111756 kB
VmallocChunk:     161796 kB
Time pass: 111 sec

---2015-12-09 10:54:01
MemTotal:        1862952 kB
MemFree:          376140 kB
Buffers:            8360 kB
Cached:           586540 kB
SwapCached:         4188 kB
Active:           562760 kB
Inactive:         653884 kB
Active(anon):     268484 kB
Inactive(anon):   356192 kB
Active(file):     294276 kB
Inactive(file):   297692 kB
Unevictable:        2368 kB
Mlocked:               0 kB
HighTotal:       1436668 kB
HighFree:         249304 kB
LowTotal:         426284 kB
LowFree:          126836 kB
SwapTotal:       1048572 kB
SwapFree:         993840 kB
Dirty:                 4 kB
Writeback:             0 kB
AnonPages:        621240 kB
Mapped:           342760 kB
Shmem:               564 kB
Slab:              43424 kB
SReclaimable:      15148 kB
SUnreclaim:        28276 kB
KernelStack:       11424 kB
PageTables:        42180 kB
NFS_Unstable:          0 kB
Bounce:                0 kB
WritebackTmp:          0 kB
CommitLimit:     1980048 kB
Committed_AS:   84506044 kB
VmallocTotal:     458752 kB
VmallocUsed:      111756 kB
VmallocChunk:     161796 kB
Time pass: 115 sec

---2015-12-09 10:54:01
MemTotal:        1862952 kB
MemFree:          376016 kB
Buffers:            8368 kB
Cached:           586540 kB
SwapCached:         4204 kB
Active:           562848 kB
Inactive:         653928 kB
Active(anon):     268572 kB
Inactive(anon):   356228 kB
Active(file):     294276 kB
Inactive(file):   297700 kB
Unevictable:        2368 kB
Mlocked:               0 kB
HighTotal:       1436668 kB
HighFree:         249180 kB
LowTotal:         426284 kB
LowFree:          126836 kB
SwapTotal:       1048572 kB
SwapFree:         993860 kB
Dirty:                 4 kB
Writeback:             0 kB
AnonPages:        621408 kB
Mapped:           342760 kB
Shmem:               564 kB
Slab:              43424 kB
SReclaimable:      15148 kB
SUnreclaim:        28276 kB
KernelStack:       11424 kB
PageTables:        42180 kB
NFS_Unstable:          0 kB
Bounce:                0 kB
WritebackTmp:          0 kB
CommitLimit:     1980048 kB
Committed_AS:   84506124 kB
VmallocTotal:     458752 kB
VmallocUsed:      111756 kB
VmallocChunk:     161796 kB
Time pass: 118 sec

---2015-12-09 10:54:01
MemTotal:        1862952 kB
MemFree:          375900 kB
Buffers:            8368 kB
Cached:           586544 kB
SwapCached:         4204 kB
Active:           562980 kB
Inactive:         653932 kB
Active(anon):     268704 kB
Inactive(anon):   356228 kB
Active(file):     294276 kB
Inactive(file):   297704 kB
Unevictable:        2368 kB
Mlocked:               0 kB
HighTotal:       1436668 kB
HighFree:         249056 kB
LowTotal:         426284 kB
LowFree:          126844 kB
SwapTotal:       1048572 kB
SwapFree:         993860 kB
Dirty:                 8 kB
Writeback:             0 kB
AnonPages:        621504 kB
Mapped:           342760 kB
Shmem:               564 kB
Slab:              43424 kB
SReclaimable:      15148 kB
SUnreclaim:        28276 kB
KernelStack:       11416 kB
PageTables:        42180 kB
NFS_Unstable:          0 kB
Bounce:                0 kB
WritebackTmp:          0 kB
CommitLimit:     1980048 kB
Committed_AS:   84506196 kB
VmallocTotal:     458752 kB
VmallocUsed:      111756 kB
VmallocChunk:     161796 kB
Time pass: 122 sec

---2015-12-09 10:54:01
MemTotal:        1862952 kB
MemFree:          375768 kB
Buffers:            8368 kB
Cached:           586544 kB
SwapCached:         4204 kB
Active:           563156 kB
Inactive:         653932 kB
Active(anon):     268880 kB
Inactive(anon):   356228 kB
Active(file):     294276 kB
Inactive(file):   297704 kB
Unevictable:        2368 kB
Mlocked:               0 kB
HighTotal:       1436668 kB
HighFree:         248932 kB
LowTotal:         426284 kB
LowFree:          126836 kB
SwapTotal:       1048572 kB
SwapFree:         993860 kB
Dirty:                 8 kB
Writeback:             0 kB
AnonPages:        621732 kB
Mapped:           342760 kB
Shmem:               564 kB
Slab:              43424 kB
SReclaimable:      15148 kB
SUnreclaim:        28276 kB
KernelStack:       11424 kB
PageTables:        42180 kB
NFS_Unstable:          0 kB
Bounce:                0 kB
WritebackTmp:          0 kB
CommitLimit:     1980048 kB
Committed_AS:   84506404 kB
VmallocTotal:     458752 kB
VmallocUsed:      111756 kB
VmallocChunk:     161796 kB
Time pass: 126 sec

---2015-12-09 10:54:01
MemTotal:        1862952 kB
MemFree:          375364 kB
Buffers:            8376 kB
Cached:           586544 kB
SwapCached:         4196 kB
Active:           563708 kB
Inactive:         653936 kB
Active(anon):     269428 kB
Inactive(anon):   356228 kB
Active(file):     294280 kB
Inactive(file):   297708 kB
Unevictable:        2368 kB
Mlocked:               0 kB
HighTotal:       1436668 kB
HighFree:         248684 kB
LowTotal:         426284 kB
LowFree:          126680 kB
SwapTotal:       1048572 kB
SwapFree:         993872 kB
Dirty:                 4 kB
Writeback:             0 kB
AnonPages:        622248 kB
Mapped:           342760 kB
Shmem:               564 kB
Slab:              43424 kB
SReclaimable:      15148 kB
SUnreclaim:        28276 kB
KernelStack:       11424 kB
PageTables:        42180 kB
NFS_Unstable:          0 kB
Bounce:                0 kB
WritebackTmp:          0 kB
CommitLimit:     1980048 kB
Committed_AS:   84507480 kB
VmallocTotal:     458752 kB
VmallocUsed:      111756 kB
VmallocChunk:     161796 kB
Time pass: 129 sec

---2015-12-09 10:54:01
MemTotal:        1862952 kB
MemFree:          277636 kB
Buffers:            8420 kB
Cached:           588204 kB
SwapCached:         4388 kB
Active:           596952 kB
Inactive:         653648 kB
Active(anon):     300528 kB
Inactive(anon):   356512 kB
Active(file):     296424 kB
Inactive(file):   297136 kB
Unevictable:        2368 kB
Mlocked:               0 kB
HighTotal:       1436668 kB
HighFree:         153092 kB
LowTotal:         426284 kB
LowFree:          124544 kB
SwapTotal:       1048572 kB
SwapFree:         993908 kB
Dirty:               888 kB
Writeback:             0 kB
AnonPages:        653528 kB
Mapped:           365696 kB
Shmem:               696 kB
Slab:              43408 kB
SReclaimable:      15160 kB
SUnreclaim:        28248 kB
KernelStack:       12024 kB
PageTables:        43308 kB
NFS_Unstable:          0 kB
Bounce:                0 kB
WritebackTmp:          0 kB
CommitLimit:     1980048 kB
Committed_AS:   85845032 kB
VmallocTotal:     458752 kB
VmallocUsed:      113248 kB
VmallocChunk:     161796 kB
Time pass: 133 sec

---2015-12-09 10:54:01
MemTotal:        1862952 kB
MemFree:          219768 kB
Buffers:            8436 kB
Cached:           589876 kB
SwapCached:         4396 kB
Active:           616716 kB
Inactive:         653672 kB
Active(anon):     318792 kB
Inactive(anon):   356412 kB
Active(file):     297924 kB
Inactive(file):   297260 kB
Unevictable:        2368 kB
Mlocked:               0 kB
HighTotal:       1436668 kB
HighFree:         112040 kB
LowTotal:         426284 kB
LowFree:          107728 kB
SwapTotal:       1048572 kB
SwapFree:         993912 kB
Dirty:               216 kB
Writeback:             8 kB
AnonPages:        671500 kB
Mapped:           373360 kB
Shmem:               700 kB
Slab:              43432 kB
SReclaimable:      15160 kB
SUnreclaim:        28272 kB
KernelStack:       12144 kB
PageTables:        43436 kB
NFS_Unstable:          0 kB
Bounce:                0 kB
WritebackTmp:          0 kB
CommitLimit:     1980048 kB
Committed_AS:   85865688 kB
VmallocTotal:     458752 kB
VmallocUsed:      113328 kB
VmallocChunk:     161796 kB
Time pass: 136 sec

---2015-12-09 10:54:01
MemTotal:        1862952 kB
MemFree:          174496 kB
Buffers:            8436 kB
Cached:           590676 kB
SwapCached:         4396 kB
Active:           623420 kB
Inactive:         652964 kB
Active(anon):     323988 kB
Inactive(anon):   356352 kB
Active(file):     299432 kB
Inactive(file):   296612 kB
Unevictable:        2368 kB
Mlocked:               0 kB
HighTotal:       1436668 kB
HighFree:          72036 kB
LowTotal:         426284 kB
LowFree:          102460 kB
SwapTotal:       1048572 kB
SwapFree:         993940 kB
Dirty:              1024 kB
Writeback:             0 kB
AnonPages:        676624 kB
Mapped:           406964 kB
Shmem:               700 kB
Slab:              43396 kB
SReclaimable:      15144 kB
SUnreclaim:        28252 kB
KernelStack:       12048 kB
PageTables:        43528 kB
NFS_Unstable:          0 kB
Bounce:                0 kB
WritebackTmp:          0 kB
CommitLimit:     1980048 kB
Committed_AS:   85877080 kB
VmallocTotal:     458752 kB
VmallocUsed:      113448 kB
VmallocChunk:     161796 kB
Time pass: 140 sec

---2015-12-09 10:54:01
MemTotal:        1862952 kB
MemFree:          151068 kB
Buffers:            8448 kB
Cached:           590844 kB
SwapCached:         4444 kB
Active:           623904 kB
Inactive:         652688 kB
Active(anon):     324324 kB
Inactive(anon):   356048 kB
Active(file):     299580 kB
Inactive(file):   296640 kB
Unevictable:        2368 kB
Mlocked:               0 kB
HighTotal:       1436668 kB
HighFree:          47936 kB
LowTotal:         426284 kB
LowFree:          103132 kB
SwapTotal:       1048572 kB
SwapFree:         994040 kB
Dirty:               224 kB
Writeback:             0 kB
AnonPages:        676700 kB
Mapped:           428396 kB
Shmem:               700 kB
Slab:              43396 kB
SReclaimable:      15144 kB
SUnreclaim:        28252 kB
KernelStack:       11920 kB
PageTables:        43580 kB
NFS_Unstable:          0 kB
Bounce:                0 kB
WritebackTmp:          0 kB
CommitLimit:     1980048 kB
Committed_AS:   85877032 kB
VmallocTotal:     458752 kB
VmallocUsed:      113464 kB
VmallocChunk:     161796 kB
Time pass: 143 sec

---2015-12-09 10:54:01
MemTotal:        1862952 kB
MemFree:          150036 kB
Buffers:            8456 kB
Cached:           590848 kB
SwapCached:         4444 kB
Active:           624040 kB
Inactive:         652696 kB
Active(anon):     324456 kB
Inactive(anon):   356048 kB
Active(file):     299584 kB
Inactive(file):   296648 kB
Unevictable:        2368 kB
Mlocked:               0 kB
HighTotal:       1436668 kB
HighFree:          47192 kB
LowTotal:         426284 kB
LowFree:          102844 kB
SwapTotal:       1048572 kB
SwapFree:         994040 kB
Dirty:                48 kB
Writeback:             0 kB
AnonPages:        676748 kB
Mapped:           428336 kB
Shmem:               700 kB
Slab:              43376 kB
SReclaimable:      15128 kB
SUnreclaim:        28248 kB
KernelStack:       11888 kB
PageTables:        43580 kB
NFS_Unstable:          0 kB
Bounce:                0 kB
WritebackTmp:          0 kB
CommitLimit:     1980048 kB
Committed_AS:   85877104 kB
VmallocTotal:     458752 kB
VmallocUsed:      113624 kB
VmallocChunk:     161796 kB
Time pass: 147 sec

---2015-12-09 10:54:01
MemTotal:        1862952 kB
MemFree:          120284 kB
Buffers:            8456 kB
Cached:           590860 kB
SwapCached:         4464 kB
Active:           633188 kB
Inactive:         652696 kB
Active(anon):     333600 kB
Inactive(anon):   356036 kB
Active(file):     299588 kB
Inactive(file):   296660 kB
Unevictable:        2368 kB
Mlocked:               0 kB
HighTotal:       1436668 kB
HighFree:          17284 kB
LowTotal:         426284 kB
LowFree:          103000 kB
SwapTotal:       1048572 kB
SwapFree:         994044 kB
Dirty:               572 kB
Writeback:             0 kB
AnonPages:        685988 kB
Mapped:           437136 kB
Shmem:               700 kB
Slab:              43380 kB
SReclaimable:      15128 kB
SUnreclaim:        28252 kB
KernelStack:       11904 kB
PageTables:        43640 kB
NFS_Unstable:          0 kB
Bounce:                0 kB
WritebackTmp:          0 kB
CommitLimit:     1980048 kB
Committed_AS:   85885464 kB
VmallocTotal:     458752 kB
VmallocUsed:      113560 kB
VmallocChunk:     161796 kB
Time pass: 151 sec

---2015-12-09 10:54:01
MemTotal:        1862952 kB
MemFree:          120092 kB
Buffers:            8464 kB
Cached:           590860 kB
SwapCached:         4464 kB
Active:           633396 kB
Inactive:         652712 kB
Active(anon):     333808 kB
Inactive(anon):   356048 kB
Active(file):     299588 kB
Inactive(file):   296664 kB
Unevictable:        2368 kB
Mlocked:               0 kB
HighTotal:       1436668 kB
HighFree:          17004 kB
LowTotal:         426284 kB
LowFree:          103088 kB
SwapTotal:       1048572 kB
SwapFree:         994056 kB
Dirty:                52 kB
Writeback:             0 kB
AnonPages:        686208 kB
Mapped:           437140 kB
Shmem:               700 kB
Slab:              43308 kB
SReclaimable:      15128 kB
SUnreclaim:        28180 kB
KernelStack:       11872 kB
PageTables:        43636 kB
NFS_Unstable:          0 kB
Bounce:                0 kB
WritebackTmp:          0 kB
CommitLimit:     1980048 kB
Committed_AS:   85885664 kB
VmallocTotal:     458752 kB
VmallocUsed:      113560 kB
VmallocChunk:     161796 kB
Time pass: 155 sec

---2015-12-09 10:54:01
MemTotal:        1862952 kB
MemFree:          120092 kB
Buffers:            8464 kB
Cached:           590860 kB
SwapCached:         4464 kB
Active:           633396 kB
Inactive:         652716 kB
Active(anon):     333808 kB
Inactive(anon):   356048 kB
Active(file):     299588 kB
Inactive(file):   296668 kB
Unevictable:        2368 kB
Mlocked:               0 kB
HighTotal:       1436668 kB
HighFree:          17004 kB
LowTotal:         426284 kB
LowFree:          103088 kB
SwapTotal:       1048572 kB
SwapFree:         994056 kB
Dirty:                 0 kB
Writeback:             0 kB
AnonPages:        686172 kB
Mapped:           437140 kB
Shmem:               700 kB
Slab:              43308 kB
SReclaimable:      15128 kB
SUnreclaim:        28180 kB
KernelStack:       11872 kB
PageTables:        43636 kB
NFS_Unstable:          0 kB
Bounce:                0 kB
WritebackTmp:          0 kB
CommitLimit:     1980048 kB
Committed_AS:   85885744 kB
VmallocTotal:     458752 kB
VmallocUsed:      113560 kB
VmallocChunk:     161796 kB
Time pass: 158 sec

---2015-12-09 10:54:01
MemTotal:        1862952 kB
MemFree:          113992 kB
Buffers:            8472 kB
Cached:           590996 kB
SwapCached:         4464 kB
Active:           636532 kB
Inactive:         652708 kB
Active(anon):     336772 kB
Inactive(anon):   356072 kB
Active(file):     299760 kB
Inactive(file):   296636 kB
Unevictable:        2368 kB
Mlocked:               0 kB
HighTotal:       1436668 kB
HighFree:          14564 kB
LowTotal:         426284 kB
LowFree:           99428 kB
SwapTotal:       1048572 kB
SwapFree:         994084 kB
Dirty:                16 kB
Writeback:             0 kB
AnonPages:        689260 kB
Mapped:           439436 kB
Shmem:               700 kB
Slab:              43308 kB
SReclaimable:      15128 kB
SUnreclaim:        28180 kB
KernelStack:       11920 kB
PageTables:        43696 kB
NFS_Unstable:          0 kB
Bounce:                0 kB
WritebackTmp:          0 kB
CommitLimit:     1980048 kB
Committed_AS:   85893056 kB
VmallocTotal:     458752 kB
VmallocUsed:      113660 kB
VmallocChunk:     161796 kB
Time pass: 162 sec

---2015-12-09 10:54:01
MemTotal:        1862952 kB
MemFree:          110872 kB
Buffers:            8488 kB
Cached:           591648 kB
SwapCached:         4468 kB
Active:           639316 kB
Inactive:         653200 kB
Active(anon):     339556 kB
Inactive(anon):   356072 kB
Active(file):     299760 kB
Inactive(file):   297128 kB
Unevictable:        2368 kB
Mlocked:               0 kB
HighTotal:       1436668 kB
HighFree:          11216 kB
LowTotal:         426284 kB
LowFree:           99656 kB
SwapTotal:       1048572 kB
SwapFree:         994084 kB
Dirty:                 0 kB
Writeback:             0 kB
AnonPages:        691920 kB
Mapped:           440172 kB
Shmem:               700 kB
Slab:              43308 kB
SReclaimable:      15128 kB
SUnreclaim:        28180 kB
KernelStack:       12064 kB
PageTables:        44152 kB
NFS_Unstable:          0 kB
Bounce:                0 kB
WritebackTmp:          0 kB
CommitLimit:     1980048 kB
Committed_AS:   87136528 kB
VmallocTotal:     458752 kB
VmallocUsed:      114740 kB
VmallocChunk:     161796 kB
Time pass: 166 sec

---2015-12-09 10:54:01
MemTotal:        1862952 kB
MemFree:          111760 kB
Buffers:            8496 kB
Cached:           591648 kB
SwapCached:         4476 kB
Active:           639440 kB
Inactive:         653120 kB
Active(anon):     339608 kB
Inactive(anon):   355876 kB
Active(file):     299832 kB
Inactive(file):   297244 kB
Unevictable:        2368 kB
Mlocked:               0 kB
HighTotal:       1436668 kB
HighFree:          11784 kB
LowTotal:         426284 kB
LowFree:           99976 kB
SwapTotal:       1048572 kB
SwapFree:         994116 kB
Dirty:                28 kB
Writeback:             0 kB
AnonPages:        691816 kB
Mapped:           440192 kB
Shmem:               700 kB
Slab:              43304 kB
SReclaimable:      15120 kB
SUnreclaim:        28184 kB
KernelStack:       11928 kB
PageTables:        44200 kB
NFS_Unstable:          0 kB
Bounce:                0 kB
WritebackTmp:          0 kB
CommitLimit:     1980048 kB
Committed_AS:   87136400 kB
VmallocTotal:     458752 kB
VmallocUsed:      114580 kB
VmallocChunk:     161796 kB
Time pass: 170 sec

---2015-12-09 10:54:01
MemTotal:        1862952 kB
MemFree:          111512 kB
Buffers:            8496 kB
Cached:           591660 kB
SwapCached:         4476 kB
Active:           639628 kB
Inactive:         653128 kB
Active(anon):     339792 kB
Inactive(anon):   355876 kB
Active(file):     299836 kB
Inactive(file):   297252 kB
Unevictable:        2368 kB
Mlocked:               0 kB
HighTotal:       1436668 kB
HighFree:          11536 kB
LowTotal:         426284 kB
LowFree:           99976 kB
SwapTotal:       1048572 kB
SwapFree:         994116 kB
Dirty:                28 kB
Writeback:             0 kB
AnonPages:        692060 kB
Mapped:           440196 kB
Shmem:               700 kB
Slab:              43304 kB
SReclaimable:      15120 kB
SUnreclaim:        28184 kB
KernelStack:       11928 kB
PageTables:        44200 kB
NFS_Unstable:          0 kB
Bounce:                0 kB
WritebackTmp:          0 kB
CommitLimit:     1980048 kB
Committed_AS:   87136600 kB
VmallocTotal:     458752 kB
VmallocUsed:      114580 kB
VmallocChunk:     161796 kB
Time pass: 173 sec

---2015-12-09 10:54:01
MemTotal:        1862952 kB
MemFree:          111520 kB
Buffers:            8504 kB
Cached:           591660 kB
SwapCached:         4476 kB
Active:           639756 kB
Inactive:         652980 kB
Active(anon):     339920 kB
Inactive(anon):   355720 kB
Active(file):     299836 kB
Inactive(file):   297260 kB
Unevictable:        2368 kB
Mlocked:               0 kB
HighTotal:       1436668 kB
HighFree:          11536 kB
LowTotal:         426284 kB
LowFree:           99984 kB
SwapTotal:       1048572 kB
SwapFree:         994116 kB
Dirty:                16 kB
Writeback:             0 kB
AnonPages:        692020 kB
Mapped:           440196 kB
Shmem:               700 kB
Slab:              43304 kB
SReclaimable:      15120 kB
SUnreclaim:        28184 kB
KernelStack:       11920 kB
PageTables:        44200 kB
NFS_Unstable:          0 kB
Bounce:                0 kB
WritebackTmp:          0 kB
CommitLimit:     1980048 kB
Committed_AS:   87136640 kB
VmallocTotal:     458752 kB
VmallocUsed:      114580 kB
VmallocChunk:     161796 kB
Time pass: 177 sec

---2015-12-09 10:54:01
MemTotal:        1862952 kB
MemFree:          111356 kB
Buffers:            8504 kB
Cached:           591660 kB
SwapCached:         4476 kB
Active:           640068 kB
Inactive:         652980 kB
Active(anon):     340232 kB
Inactive(anon):   355720 kB
Active(file):     299836 kB
Inactive(file):   297260 kB
Unevictable:        2368 kB
Mlocked:               0 kB
HighTotal:       1436668 kB
HighFree:          11412 kB
LowTotal:         426284 kB
LowFree:           99944 kB
SwapTotal:       1048572 kB
SwapFree:         994116 kB
Dirty:                 0 kB
Writeback:             0 kB
AnonPages:        692296 kB
Mapped:           440196 kB
Shmem:               700 kB
Slab:              43304 kB
SReclaimable:      15120 kB
SUnreclaim:        28184 kB
KernelStack:       11920 kB
PageTables:        44200 kB
NFS_Unstable:          0 kB
Bounce:                0 kB
WritebackTmp:          0 kB
CommitLimit:     1980048 kB
Committed_AS:   87137360 kB
VmallocTotal:     458752 kB
VmallocUsed:      114580 kB
VmallocChunk:     161796 kB
Time pass: 181 sec

---2015-12-09 10:54:01
MemTotal:        1862952 kB
MemFree:          111004 kB
Buffers:            8512 kB
Cached:           591712 kB
SwapCached:         4476 kB
Active:           640824 kB
Inactive:         652476 kB
Active(anon):     340984 kB
Inactive(anon):   355160 kB
Active(file):     299840 kB
Inactive(file):   297316 kB
Unevictable:        2368 kB
Mlocked:               0 kB
HighTotal:       1436668 kB
HighFree:          11036 kB
LowTotal:         426284 kB
LowFree:           99968 kB
SwapTotal:       1048572 kB
SwapFree:         994116 kB
Dirty:                 4 kB
Writeback:             0 kB
AnonPages:        692492 kB
Mapped:           440204 kB
Shmem:               700 kB
Slab:              43340 kB
SReclaimable:      15136 kB
SUnreclaim:        28204 kB
KernelStack:       11936 kB
PageTables:        44176 kB
NFS_Unstable:          0 kB
Bounce:                0 kB
WritebackTmp:          0 kB
CommitLimit:     1980048 kB
Committed_AS:   87137000 kB
VmallocTotal:     458752 kB
VmallocUsed:      114580 kB
VmallocChunk:     161796 kB
Time pass: 184 sec

---2015-12-09 10:54:01
MemTotal:        1862952 kB
MemFree:          110756 kB
Buffers:            8512 kB
Cached:           591712 kB
SwapCached:         4476 kB
Active:           641008 kB
Inactive:         652476 kB
Active(anon):     341168 kB
Inactive(anon):   355160 kB
Active(file):     299840 kB
Inactive(file):   297316 kB
Unevictable:        2368 kB
Mlocked:               0 kB
HighTotal:       1436668 kB
HighFree:          10788 kB
LowTotal:         426284 kB
LowFree:           99968 kB
SwapTotal:       1048572 kB
SwapFree:         994120 kB
Dirty:                 4 kB
Writeback:             0 kB
AnonPages:        692660 kB
Mapped:           440204 kB
Shmem:               700 kB
Slab:              43336 kB
SReclaimable:      15136 kB
SUnreclaim:        28200 kB
KernelStack:       11920 kB
PageTables:        44200 kB
NFS_Unstable:          0 kB
Bounce:                0 kB
WritebackTmp:          0 kB
CommitLimit:     1980048 kB
Committed_AS:   87137080 kB
VmallocTotal:     458752 kB
VmallocUsed:      114580 kB
VmallocChunk:     161796 kB
Time pass: 188 sec

---2015-12-09 10:54:01
MemTotal:        1862952 kB
MemFree:          108376 kB
Buffers:            8524 kB
Cached:           592196 kB
SwapCached:         4476 kB
Active:           640448 kB
Inactive:         643088 kB
Active(anon):     342796 kB
Inactive(anon):   347284 kB
Active(file):     297652 kB
Inactive(file):   295804 kB
Unevictable:       14464 kB
Mlocked:           12152 kB
HighTotal:       1436668 kB
HighFree:           8680 kB
LowTotal:         426284 kB
LowFree:           99696 kB
SwapTotal:       1048572 kB
SwapFree:         994120 kB
Dirty:               108 kB
Writeback:             0 kB
AnonPages:        694356 kB
Mapped:           440520 kB
Shmem:               948 kB
Slab:              43336 kB
SReclaimable:      15136 kB
SUnreclaim:        28200 kB
KernelStack:       11944 kB
PageTables:        44204 kB
NFS_Unstable:          0 kB
Bounce:                0 kB
WritebackTmp:          0 kB
CommitLimit:     1980048 kB
Committed_AS:   87137388 kB
VmallocTotal:     458752 kB
VmallocUsed:      114660 kB
VmallocChunk:     161796 kB
Time pass: 192 sec

---2015-12-09 10:54:01
MemTotal:        1862952 kB
MemFree:          109808 kB
Buffers:            8536 kB
Cached:           591940 kB
SwapCached:         4476 kB
Active:           639772 kB
Inactive:         654700 kB
Active(anon):     341900 kB
Inactive(anon):   355164 kB
Active(file):     297872 kB
Inactive(file):   299536 kB
Unevictable:        2368 kB
Mlocked:               0 kB
HighTotal:       1436668 kB
HighFree:           9816 kB
LowTotal:         426284 kB
LowFree:           99992 kB
SwapTotal:       1048572 kB
SwapFree:         994120 kB
Dirty:                84 kB
Writeback:             0 kB
AnonPages:        693404 kB
Mapped:           440216 kB
Shmem:               700 kB
Slab:              43328 kB
SReclaimable:      15128 kB
SUnreclaim:        28200 kB
KernelStack:       11896 kB
PageTables:        44204 kB
NFS_Unstable:          0 kB
Bounce:                0 kB
WritebackTmp:          0 kB
CommitLimit:     1980048 kB
Committed_AS:   87137280 kB
VmallocTotal:     458752 kB
VmallocUsed:      114580 kB
VmallocChunk:     161796 kB
Time pass: 195 sec

---2015-12-09 10:54:01
MemTotal:        1862952 kB
MemFree:          109560 kB
Buffers:            8544 kB
Cached:           591940 kB
SwapCached:         4476 kB
Active:           640020 kB
Inactive:         654652 kB
Active(anon):     342100 kB
Inactive(anon):   355160 kB
Active(file):     297920 kB
Inactive(file):   299492 kB
Unevictable:        2368 kB
Mlocked:               0 kB
HighTotal:       1436668 kB
HighFree:           9568 kB
LowTotal:         426284 kB
LowFree:           99992 kB
SwapTotal:       1048572 kB
SwapFree:         994120 kB
Dirty:                52 kB
Writeback:             0 kB
AnonPages:        693588 kB
Mapped:           440216 kB
Shmem:               700 kB
Slab:              43328 kB
SReclaimable:      15128 kB
SUnreclaim:        28200 kB
KernelStack:       11896 kB
PageTables:        44204 kB
NFS_Unstable:          0 kB
Bounce:                0 kB
WritebackTmp:          0 kB
CommitLimit:     1980048 kB
Committed_AS:   87137360 kB
VmallocTotal:     458752 kB
VmallocUsed:      114580 kB
VmallocChunk:     161796 kB
Time pass: 199 sec

---2015-12-09 10:54:01
MemTotal:        1862952 kB
MemFree:          109436 kB
Buffers:            8544 kB
Cached:           591940 kB
SwapCached:         4476 kB
Active:           640236 kB
Inactive:         654664 kB
Active(anon):     342316 kB
Inactive(anon):   355168 kB
Active(file):     297920 kB
Inactive(file):   299496 kB
Unevictable:        2368 kB
Mlocked:               0 kB
HighTotal:       1436668 kB
HighFree:           9444 kB
LowTotal:         426284 kB
LowFree:           99992 kB
SwapTotal:       1048572 kB
SwapFree:         994128 kB
Dirty:                 0 kB
Writeback:             0 kB
AnonPages:        693812 kB
Mapped:           440216 kB
Shmem:               700 kB
Slab:              43328 kB
SReclaimable:      15128 kB
SUnreclaim:        28200 kB
KernelStack:       11896 kB
PageTables:        44204 kB
NFS_Unstable:          0 kB
Bounce:                0 kB
WritebackTmp:          0 kB
CommitLimit:     1980048 kB
Committed_AS:   87137520 kB
VmallocTotal:     458752 kB
VmallocUsed:      114580 kB
VmallocChunk:     161796 kB
Time pass: 203 sec

---2015-12-09 10:54:01
MemTotal:        1862952 kB
MemFree:          109172 kB
Buffers:            8544 kB
Cached:           591940 kB
SwapCached:         4476 kB
Active:           640432 kB
Inactive:         654664 kB
Active(anon):     342512 kB
Inactive(anon):   355168 kB
Active(file):     297920 kB
Inactive(file):   299496 kB
Unevictable:        2368 kB
Mlocked:               0 kB
HighTotal:       1436668 kB
HighFree:           9196 kB
LowTotal:         426284 kB
LowFree:           99976 kB
SwapTotal:       1048572 kB
SwapFree:         994128 kB
Dirty:                 0 kB
Writeback:             0 kB
AnonPages:        694040 kB
Mapped:           440216 kB
Shmem:               700 kB
Slab:              43328 kB
SReclaimable:      15128 kB
SUnreclaim:        28200 kB
KernelStack:       11896 kB
PageTables:        44204 kB
NFS_Unstable:          0 kB
Bounce:                0 kB
WritebackTmp:          0 kB
CommitLimit:     1980048 kB
Committed_AS:   87137640 kB
VmallocTotal:     458752 kB
VmallocUsed:      114580 kB
VmallocChunk:     161796 kB
Time pass: 206 sec

---2015-12-09 10:54:01
MemTotal:        1862952 kB
MemFree:          109024 kB
Buffers:            8552 kB
Cached:           591940 kB
SwapCached:         4476 kB
Active:           640544 kB
Inactive:         654672 kB
Active(anon):     342624 kB
Inactive(anon):   355168 kB
Active(file):     297920 kB
Inactive(file):   299504 kB
Unevictable:        2368 kB
Mlocked:               0 kB
HighTotal:       1436668 kB
HighFree:           9032 kB
LowTotal:         426284 kB
LowFree:           99992 kB
SwapTotal:       1048572 kB
SwapFree:         994128 kB
Dirty:                 4 kB
Writeback:             0 kB
AnonPages:        694128 kB
Mapped:           440216 kB
Shmem:               700 kB
Slab:              43328 kB
SReclaimable:      15128 kB
SUnreclaim:        28200 kB
KernelStack:       11896 kB
PageTables:        44204 kB
NFS_Unstable:          0 kB
Bounce:                0 kB
WritebackTmp:          0 kB
CommitLimit:     1980048 kB
Committed_AS:   87137720 kB
VmallocTotal:     458752 kB
VmallocUsed:      114580 kB
VmallocChunk:     161796 kB
Time pass: 210 sec

---2015-12-09 10:54:01
MemTotal:        1862952 kB
MemFree:           70984 kB
Buffers:            8568 kB
Cached:           592136 kB
SwapCached:         4476 kB
Active:           654804 kB
Inactive:         654820 kB
Active(anon):     356880 kB
Inactive(anon):   355316 kB
Active(file):     297924 kB
Inactive(file):   299504 kB
Unevictable:        2368 kB
Mlocked:               0 kB
HighTotal:       1436668 kB
HighFree:           2460 kB
LowTotal:         426284 kB
LowFree:           68524 kB
SwapTotal:       1048572 kB
SwapFree:         994128 kB
Dirty:                12 kB
Writeback:             0 kB
AnonPages:        708644 kB
Mapped:           438224 kB
Shmem:               908 kB
Slab:              43328 kB
SReclaimable:      15128 kB
SUnreclaim:        28200 kB
KernelStack:       12152 kB
PageTables:        44396 kB
NFS_Unstable:          0 kB
Bounce:                0 kB
WritebackTmp:          0 kB
CommitLimit:     1980048 kB
Committed_AS:   87158608 kB
VmallocTotal:     458752 kB
VmallocUsed:      119424 kB
VmallocChunk:     161796 kB
Time pass: 214 sec

---2015-12-09 10:54:01
MemTotal:        1862952 kB
MemFree:           62840 kB
Buffers:            8616 kB
Cached:           592272 kB
SwapCached:         4476 kB
Active:           662868 kB
Inactive:         655032 kB
Active(anon):     364944 kB
Inactive(anon):   355476 kB
Active(file):     297924 kB
Inactive(file):   299556 kB
Unevictable:        2368 kB
Mlocked:               0 kB
HighTotal:       1436668 kB
HighFree:           5104 kB
LowTotal:         426284 kB
LowFree:           57736 kB
SwapTotal:       1048572 kB
SwapFree:         994144 kB
Dirty:                52 kB
Writeback:             0 kB
AnonPages:        716508 kB
Mapped:           438020 kB
Shmem:              1040 kB
Slab:              43424 kB
SReclaimable:      15128 kB
SUnreclaim:        28296 kB
KernelStack:       12216 kB
PageTables:        44448 kB
NFS_Unstable:          0 kB
Bounce:                0 kB
WritebackTmp:          0 kB
CommitLimit:     1980048 kB
Committed_AS:   87171920 kB
VmallocTotal:     458752 kB
VmallocUsed:      119424 kB
VmallocChunk:     161796 kB
Time pass: 218 sec

---2015-12-09 10:54:01
MemTotal:        1862952 kB
MemFree:           61708 kB
Buffers:            8632 kB
Cached:           592312 kB
SwapCached:         4476 kB
Active:           664788 kB
Inactive:         655132 kB
Active(anon):     366864 kB
Inactive(anon):   355544 kB
Active(file):     297924 kB
Inactive(file):   299588 kB
Unevictable:        2368 kB
Mlocked:               0 kB
HighTotal:       1436668 kB
HighFree:           2852 kB
LowTotal:         426284 kB
LowFree:           58856 kB
SwapTotal:       1048572 kB
SwapFree:         994148 kB
Dirty:                 0 kB
Writeback:             0 kB
AnonPages:        718452 kB
Mapped:           438056 kB
Shmem:              1064 kB
Slab:              43432 kB
SReclaimable:      15128 kB
SUnreclaim:        28304 kB
KernelStack:       12184 kB
PageTables:        44460 kB
NFS_Unstable:          0 kB
Bounce:                0 kB
WritebackTmp:          0 kB
CommitLimit:     1980048 kB
Committed_AS:   87176200 kB
VmallocTotal:     458752 kB
VmallocUsed:      119424 kB
VmallocChunk:     161796 kB
Time pass: 222 sec

---2015-12-09 10:54:01
MemTotal:        1862952 kB
MemFree:           59288 kB
Buffers:            8648 kB
Cached:           592316 kB
SwapCached:         4476 kB
Active:           667112 kB
Inactive:         655148 kB
Active(anon):     369184 kB
Inactive(anon):   355548 kB
Active(file):     297928 kB
Inactive(file):   299600 kB
Unevictable:        2368 kB
Mlocked:               0 kB
HighTotal:       1436668 kB
HighFree:           2508 kB
LowTotal:         426284 kB
LowFree:           56780 kB
SwapTotal:       1048572 kB
SwapFree:         994148 kB
Dirty:                48 kB
Writeback:             0 kB
AnonPages:        720732 kB
Mapped:           438184 kB
Shmem:              1068 kB
Slab:              43440 kB
SReclaimable:      15128 kB
SUnreclaim:        28312 kB
KernelStack:       12184 kB
PageTables:        44460 kB
NFS_Unstable:          0 kB
Bounce:                0 kB
WritebackTmp:          0 kB
CommitLimit:     1980048 kB
Committed_AS:   87176400 kB
VmallocTotal:     458752 kB
VmallocUsed:      119344 kB
VmallocChunk:     161796 kB
Time pass: 226 sec

---2015-12-09 10:54:01
MemTotal:        1862952 kB
MemFree:           58732 kB
Buffers:            8656 kB
Cached:           592308 kB
SwapCached:         4476 kB
Active:           667312 kB
Inactive:         655148 kB
Active(anon):     369384 kB
Inactive(anon):   355548 kB
Active(file):     297928 kB
Inactive(file):   299600 kB
Unevictable:        2368 kB
Mlocked:               0 kB
HighTotal:       1436668 kB
HighFree:           2508 kB
LowTotal:         426284 kB
LowFree:           56224 kB
SwapTotal:       1048572 kB
SwapFree:         994148 kB
Dirty:                48 kB
Writeback:             0 kB
AnonPages:        720960 kB
Mapped:           438132 kB
Shmem:              1068 kB
Slab:              43476 kB
SReclaimable:      15128 kB
SUnreclaim:        28348 kB
KernelStack:       12192 kB
PageTables:        44444 kB
NFS_Unstable:          0 kB
Bounce:                0 kB
WritebackTmp:          0 kB
CommitLimit:     1980048 kB
Committed_AS:   87176488 kB
VmallocTotal:     458752 kB
VmallocUsed:      119344 kB
VmallocChunk:     161796 kB
Time pass: 229 sec

---2015-12-09 10:54:01
MemTotal:        1862952 kB
MemFree:           58072 kB
Buffers:            8672 kB
Cached:           592316 kB
SwapCached:         4472 kB
Active:           668252 kB
Inactive:         655180 kB
Active(anon):     370324 kB
Inactive(anon):   355556 kB
Active(file):     297928 kB
Inactive(file):   299624 kB
Unevictable:        2368 kB
Mlocked:               0 kB
HighTotal:       1436668 kB
HighFree:           2508 kB
LowTotal:         426284 kB
LowFree:           55564 kB
SwapTotal:       1048572 kB
SwapFree:         994160 kB
Dirty:                44 kB
Writeback:             0 kB
AnonPages:        721852 kB
Mapped:           438060 kB
Shmem:              1068 kB
Slab:              43616 kB
SReclaimable:      15128 kB
SUnreclaim:        28488 kB
KernelStack:       12200 kB
PageTables:        44460 kB
NFS_Unstable:          0 kB
Bounce:                0 kB
WritebackTmp:          0 kB
CommitLimit:     1980048 kB
Committed_AS:   87176640 kB
VmallocTotal:     458752 kB
VmallocUsed:      119344 kB
VmallocChunk:     161796 kB
Time pass: 233 sec

---2015-12-09 10:54:01
MemTotal:        1862952 kB
MemFree:           57240 kB
Buffers:            8688 kB
Cached:           592316 kB
SwapCached:         4472 kB
Active:           668900 kB
Inactive:         655192 kB
Active(anon):     370972 kB
Inactive(anon):   355552 kB
Active(file):     297928 kB
Inactive(file):   299640 kB
Unevictable:        2368 kB
Mlocked:               0 kB
HighTotal:       1436668 kB
HighFree:           2504 kB
LowTotal:         426284 kB
LowFree:           54736 kB
SwapTotal:       1048572 kB
SwapFree:         994160 kB
Dirty:                44 kB
Writeback:             0 kB
AnonPages:        722540 kB
Mapped:           438184 kB
Shmem:              1068 kB
Slab:              43528 kB
SReclaimable:      15128 kB
SUnreclaim:        28400 kB
KernelStack:       12224 kB
PageTables:        44460 kB
NFS_Unstable:          0 kB
Bounce:                0 kB
WritebackTmp:          0 kB
CommitLimit:     1980048 kB
Committed_AS:   87176736 kB
VmallocTotal:     458752 kB
VmallocUsed:      119344 kB
VmallocChunk:     161796 kB
Time pass: 237 sec

---2015-12-09 10:54:01
MemTotal:        1862952 kB
MemFree:           57300 kB
Buffers:            8688 kB
Cached:           592316 kB
SwapCached:         4472 kB
Active:           668844 kB
Inactive:         655192 kB
Active(anon):     370916 kB
Inactive(anon):   355552 kB
Active(file):     297928 kB
Inactive(file):   299640 kB
Unevictable:        2368 kB
Mlocked:               0 kB
HighTotal:       1436668 kB
HighFree:           2508 kB
LowTotal:         426284 kB
LowFree:           54792 kB
SwapTotal:       1048572 kB
SwapFree:         994160 kB
Dirty:                44 kB
Writeback:             0 kB
AnonPages:        722628 kB
Mapped:           438132 kB
Shmem:              1068 kB
Slab:              43512 kB
SReclaimable:      15128 kB
SUnreclaim:        28384 kB
KernelStack:       12208 kB
PageTables:        44444 kB
NFS_Unstable:          0 kB
Bounce:                0 kB
WritebackTmp:          0 kB
CommitLimit:     1980048 kB
Committed_AS:   87176816 kB
VmallocTotal:     458752 kB
VmallocUsed:      119344 kB
VmallocChunk:     161796 kB
Time pass: 240 sec

---2015-12-09 10:54:01
MemTotal:        1862952 kB
MemFree:           55408 kB
Buffers:            8712 kB
Cached:           592304 kB
SwapCached:         4516 kB
Active:           670780 kB
Inactive:         655220 kB
Active(anon):     372852 kB
Inactive(anon):   355568 kB
Active(file):     297928 kB
Inactive(file):   299652 kB
Unevictable:        2368 kB
Mlocked:               0 kB
HighTotal:       1436668 kB
HighFree:           2508 kB
LowTotal:         426284 kB
LowFree:           52900 kB
SwapTotal:       1048572 kB
SwapFree:         994188 kB
Dirty:                36 kB
Writeback:             0 kB
AnonPages:        724580 kB
Mapped:           438244 kB
Shmem:              1068 kB
Slab:              43572 kB
SReclaimable:      15128 kB
SUnreclaim:        28444 kB
KernelStack:       12192 kB
PageTables:        44460 kB
NFS_Unstable:          0 kB
Bounce:                0 kB
WritebackTmp:          0 kB
CommitLimit:     1980048 kB
Committed_AS:   87180128 kB
VmallocTotal:     458752 kB
VmallocUsed:      119424 kB
VmallocChunk:     161796 kB
Time pass: 244 sec

---2015-12-09 10:54:01
MemTotal:        1862952 kB
MemFree:           55800 kB
Buffers:            8712 kB
Cached:           592320 kB
SwapCached:         4520 kB
Active:           669968 kB
Inactive:         655224 kB
Active(anon):     372036 kB
Inactive(anon):   355560 kB
Active(file):     297932 kB
Inactive(file):   299664 kB
Unevictable:        2368 kB
Mlocked:               0 kB
HighTotal:       1436668 kB
HighFree:           3176 kB
LowTotal:         426284 kB
LowFree:           52624 kB
SwapTotal:       1048572 kB
SwapFree:         994192 kB
Dirty:                 0 kB
Writeback:             0 kB
AnonPages:        723684 kB
Mapped:           438244 kB
Shmem:              1068 kB
Slab:              43600 kB
SReclaimable:      15128 kB
SUnreclaim:        28472 kB
KernelStack:       12224 kB
PageTables:        44464 kB
NFS_Unstable:          0 kB
Bounce:                0 kB
WritebackTmp:          0 kB
CommitLimit:     1980048 kB
Committed_AS:   87180216 kB
VmallocTotal:     458752 kB
VmallocUsed:      119424 kB
VmallocChunk:     161796 kB
Time pass: 248 sec

---2015-12-09 10:54:01
MemTotal:        1862952 kB
MemFree:           55680 kB
Buffers:            8728 kB
Cached:           592312 kB
SwapCached:         4520 kB
Active:           671008 kB
Inactive:         655276 kB
Active(anon):     373076 kB
Inactive(anon):   355560 kB
Active(file):     297932 kB
Inactive(file):   299716 kB
Unevictable:        2368 kB
Mlocked:               0 kB
HighTotal:       1436668 kB
HighFree:           2500 kB
LowTotal:         426284 kB
LowFree:           53180 kB
SwapTotal:       1048572 kB
SwapFree:         994192 kB
Dirty:                36 kB
Writeback:             0 kB
AnonPages:        724664 kB
Mapped:           438064 kB
Shmem:              1068 kB
Slab:              43592 kB
SReclaimable:      15128 kB
SUnreclaim:        28464 kB
KernelStack:       12256 kB
PageTables:        44448 kB
NFS_Unstable:          0 kB
Bounce:                0 kB
WritebackTmp:          0 kB
CommitLimit:     1980048 kB
Committed_AS:   87180720 kB
VmallocTotal:     458752 kB
VmallocUsed:      119344 kB
VmallocChunk:     161796 kB
Time pass: 251 sec

---2015-12-09 10:54:01
MemTotal:        1862952 kB
MemFree:           53312 kB
Buffers:            8744 kB
Cached:           592356 kB
SwapCached:         4520 kB
Active:           673200 kB
Inactive:         655296 kB
Active(anon):     375268 kB
Inactive(anon):   355560 kB
Active(file):     297932 kB
Inactive(file):   299736 kB
Unevictable:        2368 kB
Mlocked:               0 kB
HighTotal:       1436668 kB
HighFree:           2500 kB
LowTotal:         426284 kB
LowFree:           50812 kB
SwapTotal:       1048572 kB
SwapFree:         994196 kB
Dirty:                 0 kB
Writeback:             0 kB
AnonPages:        726852 kB
Mapped:           438188 kB
Shmem:              1068 kB
Slab:              43532 kB
SReclaimable:      15128 kB
SUnreclaim:        28404 kB
KernelStack:       12200 kB
PageTables:        44468 kB
NFS_Unstable:          0 kB
Bounce:                0 kB
WritebackTmp:          0 kB
CommitLimit:     1980048 kB
Committed_AS:   87180944 kB
VmallocTotal:     458752 kB
VmallocUsed:      119344 kB
VmallocChunk:     161796 kB
Time pass: 255 sec

---2015-12-09 10:54:01
MemTotal:        1862952 kB
MemFree:           51732 kB
Buffers:            8752 kB
Cached:           592368 kB
SwapCached:         4520 kB
Active:           673576 kB
Inactive:         655280 kB
Active(anon):     375644 kB
Inactive(anon):   355540 kB
Active(file):     297932 kB
Inactive(file):   299740 kB
Unevictable:        2368 kB
Mlocked:               0 kB
HighTotal:       1436668 kB
HighFree:           2552 kB
LowTotal:         426284 kB
LowFree:           49180 kB
SwapTotal:       1048572 kB
SwapFree:         994200 kB
Dirty:                32 kB
Writeback:             0 kB
AnonPages:        727276 kB
Mapped:           438264 kB
Shmem:              1080 kB
Slab:              43532 kB
SReclaimable:      15128 kB
SUnreclaim:        28404 kB
KernelStack:       12200 kB
PageTables:        44476 kB
NFS_Unstable:          0 kB
Bounce:                0 kB
WritebackTmp:          0 kB
CommitLimit:     1980048 kB
Committed_AS:   87184072 kB
VmallocTotal:     458752 kB
VmallocUsed:      119424 kB
VmallocChunk:     161796 kB
Time pass: 259 sec

---2015-12-09 10:54:01
MemTotal:        1862952 kB
MemFree:           52572 kB
Buffers:            8768 kB
Cached:           592496 kB
SwapCached:         4560 kB
Active:           673424 kB
Inactive:         655436 kB
Active(anon):     375492 kB
Inactive(anon):   355676 kB
Active(file):     297932 kB
Inactive(file):   299760 kB
Unevictable:        2368 kB
Mlocked:               0 kB
HighTotal:       1436668 kB
HighFree:           2464 kB
LowTotal:         426284 kB
LowFree:           50108 kB
SwapTotal:       1048572 kB
SwapFree:         994232 kB
Dirty:                 8 kB
Writeback:             0 kB
AnonPages:        727056 kB
Mapped:           438204 kB
Shmem:              1204 kB
Slab:              43536 kB
SReclaimable:      15128 kB
SUnreclaim:        28408 kB
KernelStack:       12184 kB
PageTables:        44476 kB
NFS_Unstable:          0 kB
Bounce:                0 kB
WritebackTmp:          0 kB
CommitLimit:     1980048 kB
Committed_AS:   87184144 kB
VmallocTotal:     458752 kB
VmallocUsed:      119344 kB
VmallocChunk:     161796 kB
Time pass: 262 sec

---2015-12-09 10:54:01
MemTotal:        1862952 kB
MemFree:           51364 kB
Buffers:            8784 kB
Cached:           592480 kB
SwapCached:         4560 kB
Active:           674492 kB
Inactive:         655476 kB
Active(anon):     376560 kB
Inactive(anon):   355700 kB
Active(file):     297932 kB
Inactive(file):   299776 kB
Unevictable:        2368 kB
Mlocked:               0 kB
HighTotal:       1436668 kB
HighFree:           2464 kB
LowTotal:         426284 kB
LowFree:           48900 kB
SwapTotal:       1048572 kB
SwapFree:         994232 kB
Dirty:                48 kB
Writeback:             0 kB
AnonPages:        728136 kB
Mapped:           438192 kB
Shmem:              1188 kB
Slab:              43460 kB
SReclaimable:      15128 kB
SUnreclaim:        28332 kB
KernelStack:       12192 kB
PageTables:        44440 kB
NFS_Unstable:          0 kB
Bounce:                0 kB
WritebackTmp:          0 kB
CommitLimit:     1980048 kB
Committed_AS:   87185376 kB
VmallocTotal:     458752 kB
VmallocUsed:      119424 kB
VmallocChunk:     161796 kB
Time pass: 266 sec

---2015-12-09 10:54:01
MemTotal:        1862952 kB
MemFree:           51544 kB
Buffers:            8792 kB
Cached:           592472 kB
SwapCached:         4560 kB
Active:           674432 kB
Inactive:         655472 kB
Active(anon):     376496 kB
Inactive(anon):   355700 kB
Active(file):     297936 kB
Inactive(file):   299772 kB
Unevictable:        2368 kB
Mlocked:               0 kB
HighTotal:       1436668 kB
HighFree:           2492 kB
LowTotal:         426284 kB
LowFree:           49052 kB
SwapTotal:       1048572 kB
SwapFree:         994232 kB
Dirty:                52 kB
Writeback:             0 kB
AnonPages:        728088 kB
Mapped:           438316 kB
Shmem:              1188 kB
Slab:              43456 kB
SReclaimable:      15128 kB
SUnreclaim:        28328 kB
KernelStack:       12184 kB
PageTables:        44476 kB
NFS_Unstable:          0 kB
Bounce:                0 kB
WritebackTmp:          0 kB
CommitLimit:     1980048 kB
Committed_AS:   87185448 kB
VmallocTotal:     458752 kB
VmallocUsed:      119344 kB
VmallocChunk:     161796 kB
Time pass: 269 sec

---2015-12-09 10:54:01
MemTotal:        1862952 kB
MemFree:           50576 kB
Buffers:            8808 kB
Cached:           592480 kB
SwapCached:         4560 kB
Active:           675020 kB
Inactive:         655472 kB
Active(anon):     377084 kB
Inactive(anon):   355676 kB
Active(file):     297936 kB
Inactive(file):   299796 kB
Unevictable:        2368 kB
Mlocked:               0 kB
HighTotal:       1436668 kB
HighFree:           2988 kB
LowTotal:         426284 kB
LowFree:           47588 kB
SwapTotal:       1048572 kB
SwapFree:         994240 kB
Dirty:                40 kB
Writeback:             4 kB
AnonPages:        728820 kB
Mapped:           438196 kB
Shmem:              1188 kB
Slab:              43432 kB
SReclaimable:      15128 kB
SUnreclaim:        28304 kB
KernelStack:       12232 kB
PageTables:        44476 kB
NFS_Unstable:          0 kB
Bounce:                0 kB
WritebackTmp:          0 kB
CommitLimit:     1980048 kB
Committed_AS:   87185520 kB
VmallocTotal:     458752 kB
VmallocUsed:      119424 kB
VmallocChunk:     161796 kB
Time pass: 273 sec

---2015-12-09 10:54:01
MemTotal:        1862952 kB
MemFree:           50264 kB
Buffers:            8808 kB
Cached:           592480 kB
SwapCached:         4560 kB
Active:           675944 kB
Inactive:         655472 kB
Active(anon):     378008 kB
Inactive(anon):   355676 kB
Active(file):     297936 kB
Inactive(file):   299796 kB
Unevictable:        2368 kB
Mlocked:               0 kB
HighTotal:       1436668 kB
HighFree:           3136 kB
LowTotal:         426284 kB
LowFree:           47128 kB
SwapTotal:       1048572 kB
SwapFree:         994240 kB
Dirty:                 0 kB
Writeback:             0 kB
AnonPages:        729624 kB
Mapped:           438192 kB
Shmem:              1188 kB
Slab:              43420 kB
SReclaimable:      15128 kB
SUnreclaim:        28292 kB
KernelStack:       12200 kB
PageTables:        44476 kB
NFS_Unstable:          0 kB
Bounce:                0 kB
WritebackTmp:          0 kB
CommitLimit:     1980048 kB
Committed_AS:   87186752 kB
VmallocTotal:     458752 kB
VmallocUsed:      119344 kB
VmallocChunk:     161796 kB
Time pass: 277 sec

---2015-12-09 10:54:01
MemTotal:        1862952 kB
MemFree:           50292 kB
Buffers:            8832 kB
Cached:           592480 kB
SwapCached:         4560 kB
Active:           674856 kB
Inactive:         655488 kB
Active(anon):     376920 kB
Inactive(anon):   355668 kB
Active(file):     297936 kB
Inactive(file):   299820 kB
Unevictable:        2368 kB
Mlocked:               0 kB
HighTotal:       1436668 kB
HighFree:           2488 kB
LowTotal:         426284 kB
LowFree:           47804 kB
SwapTotal:       1048572 kB
SwapFree:         994240 kB
Dirty:                40 kB
Writeback:             8 kB
AnonPages:        728468 kB
Mapped:           438196 kB
Shmem:              1188 kB
Slab:              43448 kB
SReclaimable:      15128 kB
SUnreclaim:        28320 kB
KernelStack:       12224 kB
PageTables:        44484 kB
NFS_Unstable:          0 kB
Bounce:                0 kB
WritebackTmp:          0 kB
CommitLimit:     1980048 kB
Committed_AS:   87186788 kB
VmallocTotal:     458752 kB
VmallocUsed:      119424 kB
VmallocChunk:     161796 kB
Time pass: 280 sec

---2015-12-09 10:54:01
MemTotal:        1862952 kB
MemFree:           50488 kB
Buffers:            8832 kB
Cached:           592480 kB
SwapCached:         4560 kB
Active:           675028 kB
Inactive:         655444 kB
Active(anon):     377092 kB
Inactive(anon):   355624 kB
Active(file):     297936 kB
Inactive(file):   299820 kB
Unevictable:        2368 kB
Mlocked:               0 kB
HighTotal:       1436668 kB
HighFree:           2568 kB
LowTotal:         426284 kB
LowFree:           47920 kB
SwapTotal:       1048572 kB
SwapFree:         994240 kB
Dirty:                 4 kB
Writeback:             0 kB
AnonPages:        728632 kB
Mapped:           438192 kB
Shmem:              1188 kB
Slab:              43480 kB
SReclaimable:      15128 kB
SUnreclaim:        28352 kB
KernelStack:       12200 kB
PageTables:        44480 kB
NFS_Unstable:          0 kB
Bounce:                0 kB
WritebackTmp:          0 kB
CommitLimit:     1980048 kB
Committed_AS:   87187040 kB
VmallocTotal:     458752 kB
VmallocUsed:      119424 kB
VmallocChunk:     161796 kB
Time pass: 284 sec

---2015-12-09 10:54:01
MemTotal:        1862952 kB
MemFree:           49384 kB
Buffers:            8856 kB
Cached:           592468 kB
SwapCached:         4560 kB
Active:           676152 kB
Inactive:         655408 kB
Active(anon):     378216 kB
Inactive(anon):   355576 kB
Active(file):     297936 kB
Inactive(file):   299832 kB
Unevictable:        2368 kB
Mlocked:               0 kB
HighTotal:       1436668 kB
HighFree:           2492 kB
LowTotal:         426284 kB
LowFree:           46892 kB
SwapTotal:       1048572 kB
SwapFree:         994256 kB
Dirty:                 0 kB
Writeback:             0 kB
AnonPages:        729796 kB
Mapped:           438376 kB
Shmem:              1188 kB
Slab:              43552 kB
SReclaimable:      15128 kB
SUnreclaim:        28424 kB
KernelStack:       12184 kB
PageTables:        44480 kB
NFS_Unstable:          0 kB
Bounce:                0 kB
WritebackTmp:          0 kB
CommitLimit:     1980048 kB
Committed_AS:   87187136 kB
VmallocTotal:     458752 kB
VmallocUsed:      119424 kB
VmallocChunk:     161796 kB
Time pass: 288 sec

---2015-12-09 10:54:01
MemTotal:        1862952 kB
MemFree:           49968 kB
Buffers:            8856 kB
Cached:           592484 kB
SwapCached:         4560 kB
Active:           674956 kB
Inactive:         655420 kB
Active(anon):     377016 kB
Inactive(anon):   355576 kB
Active(file):     297940 kB
Inactive(file):   299844 kB
Unevictable:        2368 kB
Mlocked:               0 kB
HighTotal:       1436668 kB
HighFree:           2492 kB
LowTotal:         426284 kB
LowFree:           47476 kB
SwapTotal:       1048572 kB
SwapFree:         994256 kB
Dirty:                52 kB
Writeback:             0 kB
AnonPages:        728552 kB
Mapped:           438324 kB
Shmem:              1188 kB
Slab:              43588 kB
SReclaimable:      15128 kB
SUnreclaim:        28460 kB
KernelStack:       12240 kB
PageTables:        44464 kB
NFS_Unstable:          0 kB
Bounce:                0 kB
WritebackTmp:          0 kB
CommitLimit:     1980048 kB
Committed_AS:   87187196 kB
VmallocTotal:     458752 kB
VmallocUsed:      119424 kB
VmallocChunk:     161796 kB
Time pass: 291 sec

---2015-12-09 10:54:01
MemTotal:        1862952 kB
MemFree:           49592 kB
Buffers:            8864 kB
Cached:           592484 kB
SwapCached:         4560 kB
Active:           676328 kB
Inactive:         655424 kB
Active(anon):     378388 kB
Inactive(anon):   355572 kB
Active(file):     297940 kB
Inactive(file):   299852 kB
Unevictable:        2368 kB
Mlocked:               0 kB
HighTotal:       1436668 kB
HighFree:           2560 kB
LowTotal:         426284 kB
LowFree:           47032 kB
SwapTotal:       1048572 kB
SwapFree:         994256 kB
Dirty:                32 kB
Writeback:             0 kB
AnonPages:        729900 kB
Mapped:           438316 kB
Shmem:              1188 kB
Slab:              43504 kB
SReclaimable:      15128 kB
SUnreclaim:        28376 kB
KernelStack:       12176 kB
PageTables:        44480 kB
NFS_Unstable:          0 kB
Bounce:                0 kB
WritebackTmp:          0 kB
CommitLimit:     1980048 kB
Committed_AS:   87187400 kB
VmallocTotal:     458752 kB
VmallocUsed:      119344 kB
VmallocChunk:     161796 kB
Time pass: 295 sec

---2015-12-09 10:54:01
MemTotal:        1862952 kB
MemFree:           49660 kB
Buffers:            8880 kB
Cached:           592484 kB
SwapCached:         4560 kB
Active:           676496 kB
Inactive:         655436 kB
Active(anon):     378556 kB
Inactive(anon):   355568 kB
Active(file):     297940 kB
Inactive(file):   299868 kB
Unevictable:        2368 kB
Mlocked:               0 kB
HighTotal:       1436668 kB
HighFree:           2560 kB
LowTotal:         426284 kB
LowFree:           47100 kB
SwapTotal:       1048572 kB
SwapFree:         994256 kB
Dirty:                 0 kB
Writeback:             0 kB
AnonPages:        730092 kB
Mapped:           438192 kB
Shmem:              1188 kB
Slab:              43468 kB
SReclaimable:      15128 kB
SUnreclaim:        28340 kB
KernelStack:       12200 kB
PageTables:        44480 kB
NFS_Unstable:          0 kB
Bounce:                0 kB
WritebackTmp:          0 kB
CommitLimit:     1980048 kB
Committed_AS:   87187480 kB
VmallocTotal:     458752 kB
VmallocUsed:      119344 kB
VmallocChunk:     161796 kB
Time pass: 299 sec

---2015-12-09 10:54:01
MemTotal:        1862952 kB
MemFree:           48704 kB
Buffers:            8896 kB
Cached:           592484 kB
SwapCached:         4560 kB
Active:           676888 kB
Inactive:         655452 kB
Active(anon):     378948 kB
Inactive(anon):   355568 kB
Active(file):     297940 kB
Inactive(file):   299884 kB
Unevictable:        2368 kB
Mlocked:               0 kB
HighTotal:       1436668 kB
HighFree:           2560 kB
LowTotal:         426284 kB
LowFree:           46144 kB
SwapTotal:       1048572 kB
SwapFree:         994256 kB
Dirty:                44 kB
Writeback:             0 kB
AnonPages:        730380 kB
Mapped:           438192 kB
Shmem:              1188 kB
Slab:              43484 kB
SReclaimable:      15128 kB
SUnreclaim:        28356 kB
KernelStack:       12200 kB
PageTables:        44480 kB
NFS_Unstable:          0 kB
Bounce:                0 kB
WritebackTmp:          0 kB
CommitLimit:     1980048 kB
Committed_AS:   87187560 kB
VmallocTotal:     458752 kB
VmallocUsed:      119344 kB
VmallocChunk:     161796 kB
Time pass: 303 sec

---2015-12-09 10:54:01
MemTotal:        1862952 kB
MemFree:           47888 kB
Buffers:            8904 kB
Cached:           592476 kB
SwapCached:         4560 kB
Active:           677380 kB
Inactive:         655452 kB
Active(anon):     379440 kB
Inactive(anon):   355568 kB
Active(file):     297940 kB
Inactive(file):   299884 kB
Unevictable:        2368 kB
Mlocked:               0 kB
HighTotal:       1436668 kB
HighFree:           2560 kB
LowTotal:         426284 kB
LowFree:           45328 kB
SwapTotal:       1048572 kB
SwapFree:         994256 kB
Dirty:                 0 kB
Writeback:             0 kB
AnonPages:        730876 kB
Mapped:           438192 kB
Shmem:              1188 kB
Slab:              43580 kB
SReclaimable:      15128 kB
SUnreclaim:        28452 kB
KernelStack:       12200 kB
PageTables:        44556 kB
NFS_Unstable:          0 kB
Bounce:                0 kB
WritebackTmp:          0 kB
CommitLimit:     1980048 kB
Committed_AS:   87187752 kB
VmallocTotal:     458752 kB
VmallocUsed:      119460 kB
VmallocChunk:     161796 kB
Time pass: 306 sec

---2015-12-09 10:54:01
MemTotal:        1862952 kB
MemFree:           47784 kB
Buffers:            8920 kB
Cached:           592484 kB
SwapCached:         4560 kB
Active:           677968 kB
Inactive:         655480 kB
Active(anon):     380028 kB
Inactive(anon):   355568 kB
Active(file):     297940 kB
Inactive(file):   299912 kB
Unevictable:        2368 kB
Mlocked:               0 kB
HighTotal:       1436668 kB
HighFree:           2684 kB
LowTotal:         426284 kB
LowFree:           45100 kB
SwapTotal:       1048572 kB
SwapFree:         994256 kB
Dirty:                40 kB
Writeback:             0 kB
AnonPages:        731428 kB
Mapped:           438376 kB
Shmem:              1188 kB
Slab:              43520 kB
SReclaimable:      15128 kB
SUnreclaim:        28392 kB
KernelStack:       12208 kB
PageTables:        44488 kB
NFS_Unstable:          0 kB
Bounce:                0 kB
WritebackTmp:          0 kB
CommitLimit:     1980048 kB
Committed_AS:   87187840 kB
VmallocTotal:     458752 kB
VmallocUsed:      119424 kB
VmallocChunk:     161796 kB
Time pass: 310 sec

---2015-12-09 10:54:01
MemTotal:        1862952 kB
MemFree:           46536 kB
Buffers:            8936 kB
Cached:           592476 kB
SwapCached:         4560 kB
Active:           678388 kB
Inactive:         655600 kB
Active(anon):     380728 kB
Inactive(anon):   355572 kB
Active(file):     297660 kB
Inactive(file):   300028 kB
Unevictable:        2428 kB
Mlocked:               4 kB
HighTotal:       1436668 kB
HighFree:           3396 kB
LowTotal:         426284 kB
LowFree:           43140 kB
SwapTotal:       1048572 kB
SwapFree:         994260 kB
Dirty:               108 kB
Writeback:             0 kB
AnonPages:        732296 kB
Mapped:           438376 kB
Shmem:              1188 kB
Slab:              43524 kB
SReclaimable:      15128 kB
SUnreclaim:        28396 kB
KernelStack:       12208 kB
PageTables:        44484 kB
NFS_Unstable:          0 kB
Bounce:                0 kB
WritebackTmp:          0 kB
CommitLimit:     1980048 kB
Committed_AS:   87188076 kB
VmallocTotal:     458752 kB
VmallocUsed:      119424 kB
VmallocChunk:     161796 kB
Time pass: 313 sec

---2015-12-09 10:54:01
MemTotal:        1862952 kB
MemFree:           46284 kB
Buffers:            8952 kB
Cached:           592472 kB
SwapCached:         4560 kB
Active:           679616 kB
Inactive:         655536 kB
Active(anon):     381712 kB
Inactive(anon):   355572 kB
Active(file):     297904 kB
Inactive(file):   299964 kB
Unevictable:        2368 kB
Mlocked:               0 kB
HighTotal:       1436668 kB
HighFree:           2736 kB
LowTotal:         426284 kB
LowFree:           43548 kB
SwapTotal:       1048572 kB
SwapFree:         994260 kB
Dirty:                 0 kB
Writeback:             0 kB
AnonPages:        733144 kB
Mapped:           438316 kB
Shmem:              1188 kB
Slab:              43524 kB
SReclaimable:      15128 kB
SUnreclaim:        28396 kB
KernelStack:       12192 kB
PageTables:        44488 kB
NFS_Unstable:          0 kB
Bounce:                0 kB
WritebackTmp:          0 kB
CommitLimit:     1980048 kB
Committed_AS:   87188120 kB
VmallocTotal:     458752 kB
VmallocUsed:      119344 kB
VmallocChunk:     161796 kB
Time pass: 317 sec

---2015-12-09 10:54:01
MemTotal:        1862952 kB
MemFree:           45796 kB
Buffers:            8952 kB
Cached:           592472 kB
SwapCached:         4560 kB
Active:           679260 kB
Inactive:         655512 kB
Active(anon):     381332 kB
Inactive(anon):   355572 kB
Active(file):     297928 kB
Inactive(file):   299940 kB
Unevictable:        2368 kB
Mlocked:               0 kB
HighTotal:       1436668 kB
HighFree:           2556 kB
LowTotal:         426284 kB
LowFree:           43240 kB
SwapTotal:       1048572 kB
SwapFree:         994260 kB
Dirty:                 0 kB
Writeback:             0 kB
AnonPages:        732832 kB
Mapped:           438380 kB
Shmem:              1188 kB
Slab:              43620 kB
SReclaimable:      15128 kB
SUnreclaim:        28492 kB
KernelStack:       12240 kB
PageTables:        44484 kB
NFS_Unstable:          0 kB
Bounce:                0 kB
WritebackTmp:          0 kB
CommitLimit:     1980048 kB
Committed_AS:   87188208 kB
VmallocTotal:     458752 kB
VmallocUsed:      119424 kB
VmallocChunk:     161796 kB
Time pass: 321 sec

---2015-12-09 10:54:01
MemTotal:        1862952 kB
MemFree:           45392 kB
Buffers:            8976 kB
Cached:           592472 kB
SwapCached:         4560 kB
Active:           679504 kB
Inactive:         655524 kB
Active(anon):     381576 kB
Inactive(anon):   355572 kB
Active(file):     297928 kB
Inactive(file):   299952 kB
Unevictable:        2368 kB
Mlocked:               0 kB
HighTotal:       1436668 kB
HighFree:           2672 kB
LowTotal:         426284 kB
LowFree:           42720 kB
SwapTotal:       1048572 kB
SwapFree:         994264 kB
Dirty:                56 kB
Writeback:             0 kB
AnonPages:        733156 kB
Mapped:           438380 kB
Shmem:              1188 kB
Slab:              43720 kB
SReclaimable:      15128 kB
SUnreclaim:        28592 kB
KernelStack:       12232 kB
PageTables:        44484 kB
NFS_Unstable:          0 kB
Bounce:                0 kB
WritebackTmp:          0 kB
CommitLimit:     1980048 kB
Committed_AS:   87188416 kB
VmallocTotal:     458752 kB
VmallocUsed:      119424 kB
VmallocChunk:     161796 kB
Time pass: 324 sec

---2015-12-09 10:54:01
MemTotal:        1862952 kB
MemFree:           44000 kB
Buffers:            8976 kB
Cached:           592472 kB
SwapCached:         4560 kB
Active:           680440 kB
Inactive:         655532 kB
Active(anon):     382512 kB
Inactive(anon):   355568 kB
Active(file):     297928 kB
Inactive(file):   299964 kB
Unevictable:        2368 kB
Mlocked:               0 kB
HighTotal:       1436668 kB
HighFree:           2472 kB
LowTotal:         426284 kB
LowFree:           41528 kB
SwapTotal:       1048572 kB
SwapFree:         994264 kB
Dirty:                 4 kB
Writeback:             0 kB
AnonPages:        733900 kB
Mapped:           438328 kB
Shmem:              1188 kB
Slab:              43876 kB
SReclaimable:      15128 kB
SUnreclaim:        28748 kB
KernelStack:       12192 kB
PageTables:        44468 kB
NFS_Unstable:          0 kB
Bounce:                0 kB
WritebackTmp:          0 kB
CommitLimit:     1980048 kB
Committed_AS:   87188512 kB
VmallocTotal:     458752 kB
VmallocUsed:      119424 kB
VmallocChunk:     161796 kB
Time pass: 330 sec

---2015-12-09 10:54:01
MemTotal:        1862952 kB
MemFree:           45232 kB
Buffers:            9000 kB
Cached:           592636 kB
SwapCached:         4560 kB
Active:           680412 kB
Inactive:         655172 kB
Active(anon):     382480 kB
Inactive(anon):   355024 kB
Active(file):     297932 kB
Inactive(file):   300148 kB
Unevictable:        2368 kB
Mlocked:               0 kB
HighTotal:       1436668 kB
HighFree:           2680 kB
LowTotal:         426284 kB
LowFree:           42552 kB
SwapTotal:       1048572 kB
SwapFree:         994328 kB
Dirty:                44 kB
Writeback:             0 kB
AnonPages:        733336 kB
Mapped:           438352 kB
Shmem:              1188 kB
Slab:              43948 kB
SReclaimable:      15272 kB
SUnreclaim:        28676 kB
KernelStack:       12240 kB
PageTables:        44488 kB
NFS_Unstable:          0 kB
Bounce:                0 kB
WritebackTmp:          0 kB
CommitLimit:     1980048 kB
Committed_AS:   87182968 kB
VmallocTotal:     458752 kB
VmallocUsed:      119344 kB
VmallocChunk:     161796 kB
Time pass: 335 sec

---2015-12-09 10:54:01
MemTotal:        1862952 kB
MemFree:           50880 kB
Buffers:            9016 kB
Cached:           592640 kB
SwapCached:         4560 kB
Active:           673928 kB
Inactive:         655196 kB
Active(anon):     375996 kB
Inactive(anon):   355028 kB
Active(file):     297932 kB
Inactive(file):   300168 kB
Unevictable:        2368 kB
Mlocked:               0 kB
HighTotal:       1436668 kB
HighFree:           4664 kB
LowTotal:         426284 kB
LowFree:           46216 kB
SwapTotal:       1048572 kB
SwapFree:         994332 kB
Dirty:                48 kB
Writeback:             0 kB
AnonPages:        726808 kB
Mapped:           438412 kB
