---2015-12-05 12:37:17
MemTotal:        1959952 kB
MemFree:          104900 kB
Buffers:            4916 kB
Cached:          1201224 kB
SwapCached:          580 kB
Active:           854144 kB
Inactive:         761544 kB
Active(anon):     245836 kB
Inactive(anon):   165436 kB
Active(file):     608308 kB
Inactive(file):   596108 kB
Unevictable:        1580 kB
Mlocked:               0 kB
HighTotal:       1372556 kB
HighFree:          41104 kB
LowTotal:         587396 kB
LowFree:           63796 kB
SwapTotal:        262140 kB
SwapFree:         243768 kB
Dirty:               704 kB
Writeback:             0 kB
AnonPages:        411432 kB
Mapped:           283308 kB
Shmem:               144 kB
Slab:              55112 kB
SReclaimable:      16796 kB
SUnreclaim:        38316 kB
KernelStack:       15360 kB
PageTables:        27180 kB
NFS_Unstable:          0 kB
Bounce:                0 kB
WritebackTmp:          0 kB
CommitLimit:     1242116 kB
Committed_AS:   56749116 kB
VmallocTotal:     409600 kB
VmallocUsed:       39980 kB
VmallocChunk:     118812 kB
Time pass: 3 sec

---2015-12-05 12:37:17
MemTotal:        1959952 kB
MemFree:          101748 kB
Buffers:            4916 kB
Cached:          1190484 kB
SwapCached:          580 kB
Active:           853908 kB
Inactive:         764448 kB
Active(anon):     257908 kB
Inactive(anon):   167152 kB
Active(file):     596000 kB
Inactive(file):   597296 kB
Unevictable:        1580 kB
Mlocked:               0 kB
HighTotal:       1372556 kB
HighFree:          40668 kB
LowTotal:         587396 kB
LowFree:           61080 kB
SwapTotal:        262140 kB
SwapFree:         242728 kB
Dirty:               700 kB
Writeback:             0 kB
AnonPages:        425616 kB
Mapped:           288708 kB
Shmem:               144 kB
Slab:              55132 kB
SReclaimable:      16828 kB
SUnreclaim:        38304 kB
KernelStack:       15624 kB
PageTables:        27572 kB
NFS_Unstable:          0 kB
Bounce:                0 kB
WritebackTmp:          0 kB
CommitLimit:     1242116 kB
Committed_AS:   57702884 kB
VmallocTotal:     409600 kB
VmallocUsed:       41000 kB
VmallocChunk:     114716 kB
Time pass: 7 sec

---2015-12-05 12:37:17
MemTotal:        1959952 kB
MemFree:          101596 kB
Buffers:            4916 kB
Cached:          1190888 kB
SwapCached:          580 kB
Active:           853300 kB
Inactive:         765040 kB
Active(anon):     257120 kB
Inactive(anon):   167232 kB
Active(file):     596180 kB
Inactive(file):   597808 kB
Unevictable:        1580 kB
Mlocked:               0 kB
HighTotal:       1372556 kB
HighFree:          40380 kB
LowTotal:         587396 kB
LowFree:           61216 kB
SwapTotal:        262140 kB
SwapFree:         242728 kB
Dirty:               728 kB
Writeback:             0 kB
AnonPages:        424708 kB
Mapped:           289380 kB
Shmem:               144 kB
Slab:              55076 kB
SReclaimable:      16836 kB
SUnreclaim:        38240 kB
KernelStack:       15680 kB
PageTables:        27620 kB
NFS_Unstable:          0 kB
Bounce:                0 kB
WritebackTmp:          0 kB
CommitLimit:     1242116 kB
Committed_AS:   57703316 kB
VmallocTotal:     409600 kB
VmallocUsed:       41000 kB
VmallocChunk:     114716 kB
Time pass: 10 sec

---2015-12-05 12:37:17
MemTotal:        1959952 kB
MemFree:          103968 kB
Buffers:            4916 kB
Cached:          1190900 kB
SwapCached:          580 kB
Active:           850580 kB
Inactive:         765100 kB
Active(anon):     254400 kB
Inactive(anon):   167232 kB
Active(file):     596180 kB
Inactive(file):   597868 kB
Unevictable:        1580 kB
Mlocked:               0 kB
HighTotal:       1372556 kB
HighFree:          40852 kB
LowTotal:         587396 kB
LowFree:           63116 kB
SwapTotal:        262140 kB
SwapFree:         242728 kB
Dirty:               728 kB
Writeback:             0 kB
AnonPages:        421684 kB
Mapped:           289404 kB
Shmem:               144 kB
Slab:              54860 kB
SReclaimable:      16836 kB
SUnreclaim:        38024 kB
KernelStack:       15688 kB
PageTables:        27636 kB
NFS_Unstable:          0 kB
Bounce:                0 kB
WritebackTmp:          0 kB
CommitLimit:     1242116 kB
Committed_AS:   57703188 kB
VmallocTotal:     409600 kB
VmallocUsed:       41000 kB
VmallocChunk:     114716 kB
Time pass: 14 sec

---2015-12-05 12:37:17
MemTotal:        1959952 kB
MemFree:          103472 kB
Buffers:            4916 kB
Cached:          1190900 kB
SwapCached:          580 kB
Active:           850512 kB
Inactive:         765100 kB
Active(anon):     254332 kB
Inactive(anon):   167232 kB
Active(file):     596180 kB
Inactive(file):   597868 kB
Unevictable:        1580 kB
Mlocked:               0 kB
HighTotal:       1372556 kB
HighFree:          40940 kB
LowTotal:         587396 kB
LowFree:           62532 kB
SwapTotal:        262140 kB
SwapFree:         242728 kB
Dirty:               728 kB
Writeback:             0 kB
AnonPages:        421624 kB
Mapped:           289392 kB
Shmem:               144 kB
Slab:              55460 kB
SReclaimable:      16836 kB
SUnreclaim:        38624 kB
KernelStack:       15680 kB
PageTables:        27620 kB
NFS_Unstable:          0 kB
Bounce:                0 kB
WritebackTmp:          0 kB
CommitLimit:     1242116 kB
Committed_AS:   57703268 kB
VmallocTotal:     409600 kB
VmallocUsed:       41000 kB
VmallocChunk:     114716 kB
Time pass: 17 sec

---2015-12-05 12:37:17
MemTotal:        1959952 kB
MemFree:           92260 kB
Buffers:            4916 kB
Cached:          1178240 kB
SwapCached:          672 kB
Active:           840356 kB
Inactive:         771192 kB
Active(anon):     262884 kB
Inactive(anon):   167732 kB
Active(file):     577472 kB
Inactive(file):   603460 kB
Unevictable:        1580 kB
Mlocked:               0 kB
HighTotal:       1372556 kB
HighFree:          30812 kB
LowTotal:         587396 kB
LowFree:           61448 kB
SwapTotal:        262140 kB
SwapFree:         241716 kB
Dirty:                 0 kB
Writeback:             4 kB
AnonPages:        430952 kB
Mapped:           304348 kB
Shmem:               144 kB
Slab:              55196 kB
SReclaimable:      16580 kB
SUnreclaim:        38616 kB
KernelStack:       15856 kB
PageTables:        28104 kB
NFS_Unstable:          0 kB
Bounce:                0 kB
WritebackTmp:          0 kB
CommitLimit:     1242116 kB
Committed_AS:   58699120 kB
VmallocTotal:     409600 kB
VmallocUsed:       42020 kB
VmallocChunk:     104476 kB
Time pass: 21 sec

---2015-12-05 12:37:17
MemTotal:        1959952 kB
MemFree:          102696 kB
Buffers:            2988 kB
Cached:          1077440 kB
SwapCached:          776 kB
Active:           821852 kB
Inactive:         715392 kB
Active(anon):     283072 kB
Inactive(anon):   176616 kB
Active(file):     538780 kB
Inactive(file):   538776 kB
Unevictable:        1580 kB
Mlocked:               0 kB
HighTotal:       1372556 kB
HighFree:          34776 kB
LowTotal:         587396 kB
LowFree:           67920 kB
SwapTotal:        262140 kB
SwapFree:         232992 kB
Dirty:              1176 kB
Writeback:             0 kB
AnonPages:        458436 kB
Mapped:           321384 kB
Shmem:              1144 kB
Slab:              56184 kB
SReclaimable:      16772 kB
SUnreclaim:        39412 kB
KernelStack:       16704 kB
PageTables:        28952 kB
NFS_Unstable:          0 kB
Bounce:                0 kB
WritebackTmp:          0 kB
CommitLimit:     1242116 kB
Committed_AS:   59661284 kB
VmallocTotal:     409600 kB
VmallocUsed:       42304 kB
VmallocChunk:     104476 kB
Time pass: 25 sec

---2015-12-05 12:37:17
MemTotal:        1959952 kB
MemFree:          102556 kB
Buffers:            2984 kB
Cached:          1048772 kB
SwapCached:          668 kB
Active:           800036 kB
Inactive:         701296 kB
Active(anon):     275292 kB
Inactive(anon):   176120 kB
Active(file):     524744 kB
Inactive(file):   525176 kB
Unevictable:        1580 kB
Mlocked:               0 kB
HighTotal:       1372556 kB
HighFree:          41488 kB
LowTotal:         587396 kB
LowFree:           61068 kB
SwapTotal:        262140 kB
SwapFree:         231120 kB
Dirty:               416 kB
Writeback:             0 kB
AnonPages:        451156 kB
Mapped:           326408 kB
Shmem:               256 kB
Slab:              55868 kB
SReclaimable:      16788 kB
SUnreclaim:        39080 kB
KernelStack:       16704 kB
PageTables:        28936 kB
NFS_Unstable:          0 kB
Bounce:                0 kB
WritebackTmp:          0 kB
CommitLimit:     1242116 kB
Committed_AS:   59659560 kB
VmallocTotal:     409600 kB
VmallocUsed:       42488 kB
VmallocChunk:     104476 kB
Time pass: 29 sec

---2015-12-05 12:37:17
MemTotal:        1959952 kB
MemFree:          106612 kB
Buffers:            2984 kB
Cached:          1048800 kB
SwapCached:          668 kB
Active:           794448 kB
Inactive:         701296 kB
Active(anon):     269708 kB
Inactive(anon):   176108 kB
Active(file):     524740 kB
Inactive(file):   525188 kB
Unevictable:        1580 kB
Mlocked:               0 kB
HighTotal:       1372556 kB
HighFree:          46424 kB
LowTotal:         587396 kB
LowFree:           60188 kB
SwapTotal:        262140 kB
SwapFree:         231120 kB
Dirty:               440 kB
Writeback:             0 kB
AnonPages:        445688 kB
Mapped:           326476 kB
Shmem:               256 kB
Slab:              56344 kB
SReclaimable:      16860 kB
SUnreclaim:        39484 kB
KernelStack:       16704 kB
PageTables:        28936 kB
NFS_Unstable:          0 kB
Bounce:                0 kB
WritebackTmp:          0 kB
CommitLimit:     1242116 kB
Committed_AS:   59659888 kB
VmallocTotal:     409600 kB
VmallocUsed:       42488 kB
VmallocChunk:     104476 kB
Time pass: 32 sec

---2015-12-05 12:37:17
MemTotal:        1959952 kB
MemFree:          108396 kB
Buffers:            2984 kB
Cached:          1048800 kB
SwapCached:          668 kB
Active:           792480 kB
Inactive:         701288 kB
Active(anon):     267716 kB
Inactive(anon):   176108 kB
Active(file):     524764 kB
Inactive(file):   525180 kB
Unevictable:        1580 kB
Mlocked:               0 kB
HighTotal:       1372556 kB
HighFree:          47836 kB
LowTotal:         587396 kB
LowFree:           60560 kB
SwapTotal:        262140 kB
SwapFree:         231120 kB
Dirty:               364 kB
Writeback:             0 kB
AnonPages:        443616 kB
Mapped:           325636 kB
Shmem:               256 kB
Slab:              56484 kB
SReclaimable:      16860 kB
SUnreclaim:        39624 kB
KernelStack:       16536 kB
PageTables:        28552 kB
NFS_Unstable:          0 kB
Bounce:                0 kB
WritebackTmp:          0 kB
CommitLimit:     1242116 kB
Committed_AS:   58709892 kB
VmallocTotal:     409600 kB
VmallocUsed:       41468 kB
VmallocChunk:     104476 kB
Time pass: 36 sec

---2015-12-05 12:37:17
MemTotal:        1959952 kB
MemFree:           94776 kB
Buffers:            2976 kB
Cached:           999004 kB
SwapCached:          720 kB
Active:           777360 kB
Inactive:         676872 kB
Active(anon):     277924 kB
Inactive(anon):   176164 kB
Active(file):     499436 kB
Inactive(file):   500708 kB
Unevictable:        1580 kB
Mlocked:               0 kB
HighTotal:       1372556 kB
HighFree:          36516 kB
LowTotal:         587396 kB
LowFree:           58260 kB
SwapTotal:        262140 kB
SwapFree:         229200 kB
Dirty:               408 kB
Writeback:             0 kB
AnonPages:        453788 kB
Mapped:           332492 kB
Shmem:               256 kB
Slab:              56292 kB
SReclaimable:      16916 kB
SUnreclaim:        39376 kB
KernelStack:       16616 kB
PageTables:        28768 kB
NFS_Unstable:          0 kB
Bounce:                0 kB
WritebackTmp:          0 kB
CommitLimit:     1242116 kB
Committed_AS:   58718384 kB
VmallocTotal:     409600 kB
VmallocUsed:       41632 kB
VmallocChunk:     104476 kB
Time pass: 40 sec

---2015-12-05 12:37:17
MemTotal:        1959952 kB
MemFree:           95436 kB
Buffers:            2976 kB
Cached:           999872 kB
SwapCached:          720 kB
Active:           775792 kB
Inactive:         677620 kB
Active(anon):     276352 kB
Inactive(anon):   176148 kB
Active(file):     499440 kB
Inactive(file):   501472 kB
Unevictable:        1580 kB
Mlocked:               0 kB
HighTotal:       1372556 kB
HighFree:          35560 kB
LowTotal:         587396 kB
LowFree:           59876 kB
SwapTotal:        262140 kB
SwapFree:         229208 kB
Dirty:               472 kB
Writeback:             0 kB
AnonPages:        452296 kB
Mapped:           333340 kB
Shmem:               256 kB
Slab:              56252 kB
SReclaimable:      16956 kB
SUnreclaim:        39296 kB
KernelStack:       16616 kB
PageTables:        28768 kB
NFS_Unstable:          0 kB
Bounce:                0 kB
WritebackTmp:          0 kB
CommitLimit:     1242116 kB
Committed_AS:   58716520 kB
VmallocTotal:     409600 kB
VmallocUsed:       41632 kB
VmallocChunk:     104476 kB
Time pass: 43 sec

---2015-12-05 12:37:17
MemTotal:        1959952 kB
MemFree:           96152 kB
Buffers:            2976 kB
Cached:          1001788 kB
SwapCached:          716 kB
Active:           784844 kB
Inactive:         679340 kB
Active(anon):     285300 kB
Inactive(anon):   176120 kB
Active(file):     499544 kB
Inactive(file):   503220 kB
Unevictable:        1580 kB
Mlocked:               0 kB
HighTotal:       1372556 kB
HighFree:          34204 kB
LowTotal:         587396 kB
LowFree:           61948 kB
SwapTotal:        262140 kB
SwapFree:         229212 kB
Dirty:               880 kB
Writeback:             0 kB
AnonPages:        461376 kB
Mapped:           328932 kB
Shmem:               256 kB
Slab:              56528 kB
SReclaimable:      16964 kB
SUnreclaim:        39564 kB
KernelStack:       16632 kB
PageTables:        28744 kB
NFS_Unstable:          0 kB
Bounce:                0 kB
WritebackTmp:          0 kB
CommitLimit:     1242116 kB
Committed_AS:   58728224 kB
VmallocTotal:     409600 kB
VmallocUsed:       41572 kB
VmallocChunk:     104476 kB
Time pass: 47 sec

---2015-12-05 12:37:17
MemTotal:        1959952 kB
MemFree:           79760 kB
Buffers:            2976 kB
Cached:           984548 kB
SwapCached:          716 kB
Active:           782272 kB
Inactive:         672580 kB
Active(anon):     290352 kB
Inactive(anon):   178972 kB
Active(file):     491920 kB
Inactive(file):   493608 kB
Unevictable:        1580 kB
Mlocked:               0 kB
HighTotal:       1372556 kB
HighFree:          24600 kB
LowTotal:         587396 kB
LowFree:           55160 kB
SwapTotal:        262140 kB
SwapFree:         228156 kB
Dirty:              1804 kB
Writeback:             0 kB
AnonPages:        469432 kB
Mapped:           346620 kB
Shmem:               256 kB
Slab:              56524 kB
SReclaimable:      16964 kB
SUnreclaim:        39560 kB
KernelStack:       16616 kB
PageTables:        28844 kB
NFS_Unstable:          0 kB
Bounce:                0 kB
WritebackTmp:          0 kB
CommitLimit:     1242116 kB
Committed_AS:   58735752 kB
VmallocTotal:     409600 kB
VmallocUsed:       41724 kB
VmallocChunk:     104476 kB
Time pass: 50 sec

---2015-12-05 12:37:17
MemTotal:        1959952 kB
MemFree:          108860 kB
Buffers:            2976 kB
Cached:           952792 kB
SwapCached:          716 kB
Active:           759504 kB
Inactive:         656568 kB
Active(anon):     282560 kB
Inactive(anon):   179644 kB
Active(file):     476944 kB
Inactive(file):   476924 kB
Unevictable:        1580 kB
Mlocked:               0 kB
HighTotal:       1372556 kB
HighFree:          46108 kB
LowTotal:         587396 kB
LowFree:           62752 kB
SwapTotal:        262140 kB
SwapFree:         224600 kB
Dirty:               672 kB
Writeback:             0 kB
AnonPages:        461944 kB
Mapped:           351340 kB
Shmem:               256 kB
Slab:              56268 kB
SReclaimable:      16884 kB
SUnreclaim:        39384 kB
KernelStack:       16448 kB
PageTables:        28472 kB
NFS_Unstable:          0 kB
Bounce:                0 kB
WritebackTmp:          0 kB
CommitLimit:     1242116 kB
Committed_AS:   57784416 kB
VmallocTotal:     409600 kB
VmallocUsed:       40752 kB
VmallocChunk:     104476 kB
Time pass: 54 sec

---2015-12-05 12:37:17
MemTotal:        1959952 kB
MemFree:           97764 kB
Buffers:            2976 kB
Cached:           953104 kB
SwapCached:          716 kB
Active:           768020 kB
Inactive:         656888 kB
Active(anon):     291068 kB
Inactive(anon):   179640 kB
Active(file):     476952 kB
Inactive(file):   477248 kB
Unevictable:        1580 kB
Mlocked:               0 kB
HighTotal:       1372556 kB
HighFree:          35204 kB
LowTotal:         587396 kB
LowFree:           62560 kB
SwapTotal:        262140 kB
SwapFree:         224600 kB
Dirty:               708 kB
Writeback:             0 kB
AnonPages:        470620 kB
Mapped:           352872 kB
Shmem:               256 kB
Slab:              56448 kB
SReclaimable:      16884 kB
SUnreclaim:        39564 kB
KernelStack:       16448 kB
PageTables:        28444 kB
NFS_Unstable:          0 kB
Bounce:                0 kB
WritebackTmp:          0 kB
CommitLimit:     1242116 kB
Committed_AS:   57793640 kB
VmallocTotal:     409600 kB
VmallocUsed:       40752 kB
VmallocChunk:     104476 kB
Time pass: 58 sec

---2015-12-05 12:37:17
MemTotal:        1959952 kB
MemFree:           93212 kB
Buffers:            2976 kB
Cached:           953524 kB
SwapCached:          716 kB
Active:           761164 kB
Inactive:         657260 kB
Active(anon):     284192 kB
Inactive(anon):   179636 kB
Active(file):     476972 kB
Inactive(file):   477624 kB
Unevictable:        1580 kB
Mlocked:               0 kB
HighTotal:       1372556 kB
HighFree:          30700 kB
LowTotal:         587396 kB
LowFree:           62512 kB
SwapTotal:        262140 kB
SwapFree:         224600 kB
Dirty:               908 kB
Writeback:             0 kB
AnonPages:        463600 kB
Mapped:           362156 kB
Shmem:               256 kB
Slab:              56236 kB
SReclaimable:      16884 kB
SUnreclaim:        39352 kB
KernelStack:       16440 kB
PageTables:        28472 kB
NFS_Unstable:          0 kB
Bounce:                0 kB
WritebackTmp:          0 kB
CommitLimit:     1242116 kB
Committed_AS:   57785892 kB
VmallocTotal:     409600 kB
VmallocUsed:       40788 kB
VmallocChunk:     104476 kB
Time pass: 62 sec

---2015-12-05 12:37:17
MemTotal:        1959952 kB
MemFree:           92532 kB
Buffers:            2976 kB
Cached:           953548 kB
SwapCached:          716 kB
Active:           762544 kB
Inactive:         657312 kB
Active(anon):     285532 kB
Inactive(anon):   179636 kB
Active(file):     477012 kB
Inactive(file):   477676 kB
Unevictable:        1580 kB
Mlocked:               0 kB
HighTotal:       1372556 kB
HighFree:          29984 kB
LowTotal:         587396 kB
LowFree:           62548 kB
SwapTotal:        262140 kB
SwapFree:         224600 kB
Dirty:               728 kB
Writeback:             0 kB
AnonPages:        465028 kB
Mapped:           362156 kB
Shmem:               256 kB
Slab:              56328 kB
SReclaimable:      16884 kB
SUnreclaim:        39444 kB
KernelStack:       16440 kB
PageTables:        28488 kB
NFS_Unstable:          0 kB
Bounce:                0 kB
WritebackTmp:          0 kB
CommitLimit:     1242116 kB
Committed_AS:   57787680 kB
VmallocTotal:     409600 kB
VmallocUsed:       40788 kB
VmallocChunk:     104476 kB
Time pass: 65 sec

---2015-12-05 12:37:17
MemTotal:        1959952 kB
MemFree:           95112 kB
Buffers:            2976 kB
Cached:           927720 kB
SwapCached:          716 kB
Active:           753492 kB
Inactive:         645204 kB
Active(anon):     289424 kB
Inactive(anon):   180412 kB
Active(file):     464068 kB
Inactive(file):   464792 kB
Unevictable:        1580 kB
Mlocked:               0 kB
HighTotal:       1372556 kB
HighFree:          30416 kB
LowTotal:         587396 kB
LowFree:           64696 kB
SwapTotal:        262140 kB
SwapFree:         223224 kB
Dirty:               844 kB
Writeback:             0 kB
AnonPages:        469456 kB
Mapped:           371936 kB
Shmem:               256 kB
Slab:              56740 kB
SReclaimable:      17032 kB
SUnreclaim:        39708 kB
KernelStack:       16448 kB
PageTables:        28544 kB
NFS_Unstable:          0 kB
Bounce:                0 kB
WritebackTmp:          0 kB
CommitLimit:     1242116 kB
Committed_AS:   57792376 kB
VmallocTotal:     409600 kB
VmallocUsed:       40876 kB
VmallocChunk:     104476 kB
Time pass: 69 sec

---2015-12-05 12:37:17
MemTotal:        1959952 kB
MemFree:           78944 kB
Buffers:            2976 kB
Cached:           933420 kB
SwapCached:          716 kB
Active:           764872 kB
Inactive:         650836 kB
Active(anon):     300772 kB
Inactive(anon):   180412 kB
Active(file):     464100 kB
Inactive(file):   470424 kB
Unevictable:        1580 kB
Mlocked:               0 kB
HighTotal:       1372556 kB
HighFree:          23652 kB
LowTotal:         587396 kB
LowFree:           55292 kB
SwapTotal:        262140 kB
SwapFree:         223224 kB
Dirty:               860 kB
Writeback:             0 kB
AnonPages:        481036 kB
Mapped:           374964 kB
Shmem:               256 kB
Slab:              56656 kB
SReclaimable:      17032 kB
SUnreclaim:        39624 kB
KernelStack:       16536 kB
PageTables:        28600 kB
NFS_Unstable:          0 kB
Bounce:                0 kB
WritebackTmp:          0 kB
CommitLimit:     1242116 kB
Committed_AS:   57810920 kB
VmallocTotal:     409600 kB
VmallocUsed:       40876 kB
VmallocChunk:     104476 kB
Time pass: 73 sec

---2015-12-05 12:37:17
MemTotal:        1959952 kB
MemFree:           94304 kB
Buffers:            2976 kB
Cached:           889972 kB
SwapCached:         1308 kB
Active:           746624 kB
Inactive:         632176 kB
Active(anon):     303380 kB
Inactive(anon):   184444 kB
Active(file):     443244 kB
Inactive(file):   447732 kB
Unevictable:        1580 kB
Mlocked:               0 kB
HighTotal:       1372556 kB
HighFree:          36936 kB
LowTotal:         587396 kB
LowFree:           57368 kB
SwapTotal:        262140 kB
SwapFree:         222272 kB
Dirty:               924 kB
Writeback:             0 kB
AnonPages:        487416 kB
Mapped:           372696 kB
Shmem:               392 kB
Slab:              55884 kB
SReclaimable:      16532 kB
SUnreclaim:        39352 kB
KernelStack:       16640 kB
PageTables:        28728 kB
NFS_Unstable:          0 kB
Bounce:                0 kB
WritebackTmp:          0 kB
CommitLimit:     1242116 kB
Committed_AS:   57828560 kB
VmallocTotal:     409600 kB
VmallocUsed:       40876 kB
VmallocChunk:     104476 kB
Time pass: 77 sec

---2015-12-05 12:37:17
MemTotal:        1959952 kB
MemFree:           93344 kB
Buffers:            2976 kB
Cached:           867620 kB
SwapCached:         1308 kB
Active:           738428 kB
Inactive:         618892 kB
Active(anon):     303616 kB
Inactive(anon):   185160 kB
Active(file):     434812 kB
Inactive(file):   433732 kB
Unevictable:        1580 kB
Mlocked:               0 kB
HighTotal:       1372556 kB
HighFree:          35836 kB
LowTotal:         587396 kB
LowFree:           57508 kB
SwapTotal:        262140 kB
SwapFree:         221440 kB
Dirty:               864 kB
Writeback:             0 kB
AnonPages:        488312 kB
Mapped:           372832 kB
Shmem:               472 kB
Slab:              55932 kB
SReclaimable:      16620 kB
SUnreclaim:        39312 kB
KernelStack:       16640 kB
PageTables:        28864 kB
NFS_Unstable:          0 kB
Bounce:                0 kB
WritebackTmp:          0 kB
CommitLimit:     1242116 kB
Committed_AS:   57828924 kB
VmallocTotal:     409600 kB
VmallocUsed:       40876 kB
VmallocChunk:     104476 kB
Time pass: 81 sec

---2015-12-05 12:37:17
MemTotal:        1959952 kB
MemFree:           92744 kB
Buffers:            2976 kB
Cached:           867744 kB
SwapCached:         1308 kB
Active:           738708 kB
Inactive:         619020 kB
Active(anon):     303896 kB
Inactive(anon):   185288 kB
Active(file):     434812 kB
Inactive(file):   433732 kB
Unevictable:        1580 kB
Mlocked:               0 kB
HighTotal:       1372556 kB
HighFree:          34328 kB
LowTotal:         587396 kB
LowFree:           58416 kB
SwapTotal:        262140 kB
SwapFree:         221440 kB
Dirty:               868 kB
Writeback:             0 kB
AnonPages:        488508 kB
Mapped:           373128 kB
Shmem:               596 kB
Slab:              55848 kB
SReclaimable:      16700 kB
SUnreclaim:        39148 kB
KernelStack:       16592 kB
PageTables:        28852 kB
NFS_Unstable:          0 kB
Bounce:                0 kB
WritebackTmp:          0 kB
CommitLimit:     1242116 kB
Committed_AS:   57828892 kB
VmallocTotal:     409600 kB
VmallocUsed:       40876 kB
VmallocChunk:     104476 kB
Time pass: 85 sec

---2015-12-05 12:37:17
MemTotal:        1959952 kB
MemFree:           91272 kB
Buffers:            2976 kB
Cached:           868348 kB
SwapCached:         1308 kB
Active:           738676 kB
Inactive:         619568 kB
Active(anon):     303864 kB
Inactive(anon):   185340 kB
Active(file):     434812 kB
Inactive(file):   434228 kB
Unevictable:        1580 kB
Mlocked:               0 kB
HighTotal:       1372556 kB
HighFree:          32104 kB
LowTotal:         587396 kB
LowFree:           59168 kB
SwapTotal:        262140 kB
SwapFree:         221440 kB
Dirty:               864 kB
Writeback:             0 kB
AnonPages:        488664 kB
Mapped:           373504 kB
Shmem:               648 kB
Slab:              55896 kB
SReclaimable:      16700 kB
SUnreclaim:        39196 kB
KernelStack:       16576 kB
PageTables:        28856 kB
NFS_Unstable:          0 kB
Bounce:                0 kB
WritebackTmp:          0 kB
CommitLimit:     1242116 kB
Committed_AS:   57829000 kB
VmallocTotal:     409600 kB
VmallocUsed:       40876 kB
VmallocChunk:     104476 kB
Time pass: 89 sec

---2015-12-05 12:37:17
MemTotal:        1959952 kB
MemFree:           95676 kB
Buffers:            3092 kB
Cached:           872504 kB
SwapCached:         1296 kB
Active:           727716 kB
Inactive:         619668 kB
Active(anon):     291784 kB
Inactive(anon):   182044 kB
Active(file):     435932 kB
Inactive(file):   437624 kB
Unevictable:        1580 kB
Mlocked:               0 kB
HighTotal:       1372556 kB
HighFree:          36416 kB
LowTotal:         587396 kB
LowFree:           59260 kB
SwapTotal:        262140 kB
SwapFree:         221456 kB
Dirty:               936 kB
Writeback:             0 kB
AnonPages:        473104 kB
Mapped:           375264 kB
Shmem:               376 kB
Slab:              56212 kB
SReclaimable:      16700 kB
SUnreclaim:        39512 kB
KernelStack:       16528 kB
PageTables:        28628 kB
NFS_Unstable:          0 kB
Bounce:                0 kB
WritebackTmp:          0 kB
CommitLimit:     1242116 kB
Committed_AS:   57800640 kB
VmallocTotal:     409600 kB
VmallocUsed:       40864 kB
VmallocChunk:     104476 kB
Time pass: 93 sec

---2015-12-05 12:37:17
MemTotal:        1959952 kB
MemFree:          315344 kB
Buffers:            3092 kB
Cached:           872628 kB
SwapCached:         1352 kB
Active:           658276 kB
Inactive:         619204 kB
Active(anon):     221764 kB
Inactive(anon):   181704 kB
Active(file):     436512 kB
Inactive(file):   437500 kB
Unevictable:        1580 kB
Mlocked:               0 kB
HighTotal:       1372556 kB
HighFree:         195340 kB
LowTotal:         587396 kB
LowFree:          120004 kB
SwapTotal:        262140 kB
SwapFree:         221480 kB
Dirty:                40 kB
Writeback:             0 kB
AnonPages:        403300 kB
Mapped:           273288 kB
Shmem:               120 kB
Slab:              55968 kB
SReclaimable:      16720 kB
SUnreclaim:        39248 kB
KernelStack:       15560 kB
PageTables:        26872 kB
NFS_Unstable:          0 kB
Bounce:                0 kB
WritebackTmp:          0 kB
CommitLimit:     1242116 kB
Committed_AS:   55800344 kB
VmallocTotal:     409600 kB
VmallocUsed:       38076 kB
VmallocChunk:     114716 kB
Time pass: 97 sec

---2015-12-05 12:37:17
MemTotal:        1959952 kB
MemFree:          317112 kB
Buffers:            3092 kB
Cached:           872896 kB
SwapCached:         1336 kB
Active:           656948 kB
Inactive:         618992 kB
Active(anon):     220424 kB
Inactive(anon):   181228 kB
Active(file):     436524 kB
Inactive(file):   437764 kB
Unevictable:        1580 kB
Mlocked:               0 kB
HighTotal:       1372556 kB
HighFree:         194820 kB
LowTotal:         587396 kB
LowFree:          122292 kB
SwapTotal:        262140 kB
SwapFree:         221512 kB
Dirty:               108 kB
Writeback:             0 kB
AnonPages:        401152 kB
Mapped:           273288 kB
Shmem:               120 kB
Slab:              55964 kB
SReclaimable:      16720 kB
SUnreclaim:        39244 kB
KernelStack:       15560 kB
PageTables:        26872 kB
NFS_Unstable:          0 kB
Bounce:                0 kB
WritebackTmp:          0 kB
CommitLimit:     1242116 kB
Committed_AS:   55800412 kB
VmallocTotal:     409600 kB
VmallocUsed:       38076 kB
VmallocChunk:     114716 kB
Time pass: 100 sec

---2015-12-05 12:37:17
MemTotal:        1959952 kB
MemFree:          317264 kB
Buffers:            3092 kB
Cached:           872896 kB
SwapCached:         1336 kB
Active:           656744 kB
Inactive:         618984 kB
Active(anon):     220220 kB
Inactive(anon):   181220 kB
Active(file):     436524 kB
Inactive(file):   437764 kB
Unevictable:        1580 kB
Mlocked:               0 kB
HighTotal:       1372556 kB
HighFree:         194768 kB
LowTotal:         587396 kB
LowFree:          122496 kB
SwapTotal:        262140 kB
SwapFree:         221512 kB
Dirty:                40 kB
Writeback:             0 kB
AnonPages:        401256 kB
Mapped:           273288 kB
Shmem:               120 kB
Slab:              55976 kB
SReclaimable:      16720 kB
SUnreclaim:        39256 kB
KernelStack:       15560 kB
PageTables:        26872 kB
NFS_Unstable:          0 kB
Bounce:                0 kB
WritebackTmp:          0 kB
CommitLimit:     1242116 kB
Committed_AS:   55800512 kB
VmallocTotal:     409600 kB
VmallocUsed:       38076 kB
VmallocChunk:     114716 kB
Time pass: 104 sec

---2015-12-05 12:37:17
MemTotal:        1959952 kB
MemFree:          317288 kB
Buffers:            3092 kB
Cached:           872884 kB
SwapCached:         1348 kB
Active:           661048 kB
Inactive:         618984 kB
Active(anon):     224524 kB
Inactive(anon):   181220 kB
Active(file):     436524 kB
Inactive(file):   437764 kB
Unevictable:        1580 kB
Mlocked:               0 kB
HighTotal:       1372556 kB
HighFree:         190620 kB
LowTotal:         587396 kB
LowFree:          126668 kB
SwapTotal:        262140 kB
SwapFree:         221512 kB
Dirty:                40 kB
Writeback:             0 kB
AnonPages:        405660 kB
Mapped:           274124 kB
Shmem:               120 kB
Slab:              56016 kB
SReclaimable:      16720 kB
SUnreclaim:        39296 kB
KernelStack:       15584 kB
PageTables:        27292 kB
NFS_Unstable:          0 kB
Bounce:                0 kB
WritebackTmp:          0 kB
CommitLimit:     1242116 kB
Committed_AS:   58591656 kB
VmallocTotal:     409600 kB
VmallocUsed:       38076 kB
VmallocChunk:     114716 kB
Time pass: 107 sec

---2015-12-05 12:37:17
MemTotal:        1959952 kB
MemFree:          231144 kB
Buffers:            3092 kB
Cached:           873488 kB
SwapCached:         1360 kB
Active:           685712 kB
Inactive:         618068 kB
Active(anon):     247576 kB
Inactive(anon):   181360 kB
Active(file):     438136 kB
Inactive(file):   436708 kB
Unevictable:        1580 kB
Mlocked:               0 kB
HighTotal:       1372556 kB
HighFree:         141016 kB
LowTotal:         587396 kB
LowFree:           90128 kB
SwapTotal:        262140 kB
SwapFree:         221524 kB
Dirty:              1052 kB
Writeback:             0 kB
AnonPages:        428948 kB
Mapped:           302736 kB
Shmem:               252 kB
Slab:              56052 kB
SReclaimable:      16744 kB
SUnreclaim:        39308 kB
KernelStack:       16336 kB
PageTables:        28136 kB
NFS_Unstable:          0 kB
Bounce:                0 kB
WritebackTmp:          0 kB
CommitLimit:     1242116 kB
Committed_AS:   57760840 kB
VmallocTotal:     409600 kB
VmallocUsed:       38340 kB
VmallocChunk:     114716 kB
Time pass: 111 sec

---2015-12-05 12:37:17
MemTotal:        1959952 kB
MemFree:          186700 kB
Buffers:            4244 kB
Cached:           875252 kB
SwapCached:         1364 kB
Active:           700600 kB
Inactive:         619128 kB
Active(anon):     262048 kB
Inactive(anon):   180148 kB
Active(file):     438552 kB
Inactive(file):   438980 kB
Unevictable:        1580 kB
Mlocked:               0 kB
HighTotal:       1372556 kB
HighFree:         115076 kB
LowTotal:         587396 kB
LowFree:           71624 kB
SwapTotal:        262140 kB
SwapFree:         221528 kB
Dirty:              1704 kB
Writeback:             0 kB
AnonPages:        441876 kB
Mapped:           312332 kB
Shmem:               256 kB
Slab:              56416 kB
SReclaimable:      16784 kB
SUnreclaim:        39632 kB
KernelStack:       16408 kB
PageTables:        28224 kB
NFS_Unstable:          0 kB
Bounce:                0 kB
WritebackTmp:          0 kB
CommitLimit:     1242116 kB
Committed_AS:   57774756 kB
VmallocTotal:     409600 kB
VmallocUsed:       38456 kB
VmallocChunk:     114716 kB
Time pass: 115 sec

---2015-12-05 12:37:17
MemTotal:        1959952 kB
MemFree:          138776 kB
Buffers:            4244 kB
Cached:           876064 kB
SwapCached:         1364 kB
Active:           712612 kB
Inactive:         618744 kB
Active(anon):     272736 kB
Inactive(anon):   180148 kB
Active(file):     439876 kB
Inactive(file):   438596 kB
Unevictable:        1580 kB
Mlocked:               0 kB
HighTotal:       1372556 kB
HighFree:          70236 kB
LowTotal:         587396 kB
LowFree:           68540 kB
SwapTotal:        262140 kB
SwapFree:         221528 kB
Dirty:              1204 kB
Writeback:             0 kB
AnonPages:        452344 kB
Mapped:           345396 kB
Shmem:               256 kB
Slab:              56504 kB
SReclaimable:      16800 kB
SUnreclaim:        39704 kB
KernelStack:       16408 kB
PageTables:        28328 kB
NFS_Unstable:          0 kB
Bounce:                0 kB
WritebackTmp:          0 kB
CommitLimit:     1242116 kB
Committed_AS:   57785772 kB
VmallocTotal:     409600 kB
VmallocUsed:       38604 kB
VmallocChunk:     114716 kB
Time pass: 118 sec

---2015-12-05 12:37:17
MemTotal:        1959952 kB
MemFree:          123900 kB
Buffers:            4244 kB
Cached:           876252 kB
SwapCached:         1364 kB
Active:           705016 kB
Inactive:         618476 kB
Active(anon):     264836 kB
Inactive(anon):   180012 kB
Active(file):     440180 kB
Inactive(file):   438464 kB
Unevictable:        1580 kB
Mlocked:               0 kB
HighTotal:       1372556 kB
HighFree:          53456 kB
LowTotal:         587396 kB
LowFree:           70444 kB
SwapTotal:        262140 kB
SwapFree:         221528 kB
Dirty:              1444 kB
Writeback:             0 kB
AnonPages:        444628 kB
Mapped:           365212 kB
Shmem:               256 kB
Slab:              56480 kB
SReclaimable:      16804 kB
SUnreclaim:        39676 kB
KernelStack:       16416 kB
PageTables:        28392 kB
NFS_Unstable:          0 kB
Bounce:                0 kB
WritebackTmp:          0 kB
CommitLimit:     1242116 kB
Committed_AS:   57779436 kB
VmallocTotal:     409600 kB
VmallocUsed:       38676 kB
VmallocChunk:     114716 kB
Time pass: 122 sec

---2015-12-05 12:37:17
MemTotal:        1959952 kB
MemFree:          113780 kB
Buffers:            4244 kB
Cached:           876280 kB
SwapCached:         1364 kB
Active:           716964 kB
Inactive:         618324 kB
Active(anon):     276756 kB
Inactive(anon):   180012 kB
Active(file):     440208 kB
Inactive(file):   438312 kB
Unevictable:        1580 kB
Mlocked:               0 kB
HighTotal:       1372556 kB
HighFree:          43596 kB
LowTotal:         587396 kB
LowFree:           70184 kB
SwapTotal:        262140 kB
SwapFree:         221528 kB
Dirty:              1060 kB
Writeback:             0 kB
AnonPages:        456560 kB
Mapped:           366988 kB
Shmem:               260 kB
Slab:              56444 kB
SReclaimable:      16804 kB
SUnreclaim:        39640 kB
KernelStack:       16432 kB
PageTables:        28392 kB
NFS_Unstable:          0 kB
Bounce:                0 kB
WritebackTmp:          0 kB
CommitLimit:     1242116 kB
Committed_AS:   57790440 kB
VmallocTotal:     409600 kB
VmallocUsed:       38668 kB
VmallocChunk:     114716 kB
Time pass: 126 sec

---2015-12-05 12:37:17
MemTotal:        1959952 kB
MemFree:           98368 kB
Buffers:            4244 kB
Cached:           877008 kB
SwapCached:         1364 kB
Active:           711184 kB
Inactive:         618704 kB
Active(anon):     270968 kB
Inactive(anon):   179580 kB
Active(file):     440216 kB
Inactive(file):   439124 kB
Unevictable:        1580 kB
Mlocked:               0 kB
HighTotal:       1372556 kB
HighFree:          27980 kB
LowTotal:         587396 kB
LowFree:           70388 kB
SwapTotal:        262140 kB
SwapFree:         221528 kB
Dirty:              1132 kB
Writeback:             0 kB
AnonPages:        450212 kB
Mapped:           377392 kB
Shmem:               256 kB
Slab:              56372 kB
SReclaimable:      16812 kB
SUnreclaim:        39560 kB
KernelStack:       16416 kB
PageTables:        28440 kB
NFS_Unstable:          0 kB
Bounce:                0 kB
WritebackTmp:          0 kB
CommitLimit:     1242116 kB
Committed_AS:   57782792 kB
VmallocTotal:     409600 kB
VmallocUsed:       38764 kB
VmallocChunk:     114716 kB
Time pass: 130 sec

---2015-12-05 12:37:17
MemTotal:        1959952 kB
MemFree:           97556 kB
Buffers:            4244 kB
Cached:           877192 kB
SwapCached:         1364 kB
Active:           711376 kB
Inactive:         618852 kB
Active(anon):     271152 kB
Inactive(anon):   179524 kB
Active(file):     440224 kB
Inactive(file):   439328 kB
Unevictable:        1580 kB
Mlocked:               0 kB
HighTotal:       1372556 kB
HighFree:          27472 kB
LowTotal:         587396 kB
LowFree:           70084 kB
SwapTotal:        262140 kB
SwapFree:         221528 kB
Dirty:               672 kB
Writeback:             0 kB
AnonPages:        450232 kB
Mapped:           377504 kB
Shmem:               256 kB
Slab:              56536 kB
SReclaimable:      16812 kB
SUnreclaim:        39724 kB
KernelStack:       16424 kB
PageTables:        28456 kB
NFS_Unstable:          0 kB
Bounce:                0 kB
WritebackTmp:          0 kB
CommitLimit:     1242116 kB
Committed_AS:   57783076 kB
VmallocTotal:     409600 kB
VmallocUsed:       38764 kB
VmallocChunk:     114716 kB
Time pass: 133 sec

---2015-12-05 12:37:17
MemTotal:        1959952 kB
MemFree:           98632 kB
Buffers:            4244 kB
Cached:           877192 kB
SwapCached:         1364 kB
Active:           711876 kB
Inactive:         618632 kB
Active(anon):     271612 kB
Inactive(anon):   179344 kB
Active(file):     440264 kB
Inactive(file):   439288 kB
Unevictable:        1580 kB
Mlocked:               0 kB
HighTotal:       1372556 kB
HighFree:          28328 kB
LowTotal:         587396 kB
LowFree:           70304 kB
SwapTotal:        262140 kB
SwapFree:         221528 kB
Dirty:               676 kB
Writeback:             0 kB
AnonPages:        450916 kB
Mapped:           378516 kB
Shmem:               256 kB
Slab:              56480 kB
SReclaimable:      16816 kB
SUnreclaim:        39664 kB
KernelStack:       16424 kB
PageTables:        28440 kB
NFS_Unstable:          0 kB
Bounce:                0 kB
WritebackTmp:          0 kB
CommitLimit:     1242116 kB
Committed_AS:   57791112 kB
VmallocTotal:     409600 kB
VmallocUsed:       38764 kB
VmallocChunk:     114716 kB
Time pass: 137 sec

---2015-12-05 12:37:17
MemTotal:        1959952 kB
MemFree:           83712 kB
Buffers:            4244 kB
Cached:           877388 kB
SwapCached:         1364 kB
Active:           726544 kB
Inactive:         617872 kB
Active(anon):     285292 kB
Inactive(anon):   179508 kB
Active(file):     441252 kB
Inactive(file):   438364 kB
Unevictable:        1580 kB
Mlocked:               0 kB
HighTotal:       1372556 kB
HighFree:          23896 kB
LowTotal:         587396 kB
LowFree:           59816 kB
SwapTotal:        262140 kB
SwapFree:         221528 kB
Dirty:               688 kB
Writeback:             0 kB
AnonPages:        464264 kB
Mapped:           379468 kB
Shmem:               436 kB
Slab:              56348 kB
SReclaimable:      16820 kB
SUnreclaim:        39528 kB
KernelStack:       16656 kB
PageTables:        28652 kB
NFS_Unstable:          0 kB
Bounce:                0 kB
WritebackTmp:          0 kB
CommitLimit:     1242116 kB
Committed_AS:   57813884 kB
VmallocTotal:     409600 kB
VmallocUsed:       38764 kB
VmallocChunk:     114716 kB
Time pass: 141 sec

---2015-12-05 12:37:17
MemTotal:        1959952 kB
MemFree:          110560 kB
Buffers:            4244 kB
Cached:           870304 kB
SwapCached:         1364 kB
Active:           723192 kB
Inactive:         616120 kB
Active(anon):     287296 kB
Inactive(anon):   179528 kB
Active(file):     435896 kB
Inactive(file):   436592 kB
Unevictable:        1580 kB
Mlocked:               0 kB
HighTotal:       1372556 kB
HighFree:          38880 kB
LowTotal:         587396 kB
LowFree:           71680 kB
SwapTotal:        262140 kB
SwapFree:         221020 kB
Dirty:               672 kB
Writeback:             0 kB
AnonPages:        466208 kB
Mapped:           379924 kB
Shmem:               480 kB
Slab:              56384 kB
SReclaimable:      16820 kB
SUnreclaim:        39564 kB
KernelStack:       16640 kB
PageTables:        28652 kB
NFS_Unstable:          0 kB
Bounce:                0 kB
WritebackTmp:          0 kB
CommitLimit:     1242116 kB
Committed_AS:   57815956 kB
VmallocTotal:     409600 kB
VmallocUsed:       38764 kB
VmallocChunk:     114716 kB
Time pass: 146 sec

---2015-12-05 12:37:17
MemTotal:        1959952 kB
MemFree:          110392 kB
Buffers:            4244 kB
Cached:           870328 kB
SwapCached:         1364 kB
Active:           723312 kB
Inactive:         616140 kB
Active(anon):     287412 kB
Inactive(anon):   179548 kB
Active(file):     435900 kB
Inactive(file):   436592 kB
Unevictable:        1580 kB
Mlocked:               0 kB
HighTotal:       1372556 kB
HighFree:          38752 kB
LowTotal:         587396 kB
LowFree:           71640 kB
SwapTotal:        262140 kB
SwapFree:         221020 kB
Dirty:               680 kB
Writeback:             0 kB
AnonPages:        466480 kB
Mapped:           379816 kB
Shmem:               500 kB
Slab:              56480 kB
SReclaimable:      16916 kB
SUnreclaim:        39564 kB
KernelStack:       16640 kB
PageTables:        28656 kB
NFS_Unstable:          0 kB
Bounce:                0 kB
WritebackTmp:          0 kB
CommitLimit:     1242116 kB
Committed_AS:   57816028 kB
VmallocTotal:     409600 kB
VmallocUsed:       38764 kB
VmallocChunk:     114716 kB
Time pass: 149 sec

---2015-12-05 12:37:17
MemTotal:        1959952 kB
MemFree:          109620 kB
Buffers:            4244 kB
Cached:           870432 kB
SwapCached:         1364 kB
Active:           723824 kB
Inactive:         616244 kB
Active(anon):     287924 kB
Inactive(anon):   179628 kB
Active(file):     435900 kB
Inactive(file):   436616 kB
Unevictable:        1580 kB
Mlocked:               0 kB
HighTotal:       1372556 kB
HighFree:          38104 kB
LowTotal:         587396 kB
LowFree:           71516 kB
SwapTotal:        262140 kB
SwapFree:         221020 kB
Dirty:               692 kB
Writeback:             0 kB
AnonPages:        466928 kB
Mapped:           379980 kB
Shmem:               580 kB
Slab:              56460 kB
SReclaimable:      16916 kB
SUnreclaim:        39544 kB
KernelStack:       16640 kB
PageTables:        28656 kB
NFS_Unstable:          0 kB
Bounce:                0 kB
WritebackTmp:          0 kB
CommitLimit:     1242116 kB
Committed_AS:   57816444 kB
VmallocTotal:     409600 kB
VmallocUsed:       38764 kB
VmallocChunk:     114716 kB
Time pass: 153 sec

---2015-12-05 12:37:17
MemTotal:        1959952 kB
MemFree:          108836 kB
Buffers:            4244 kB
Cached:           870632 kB
SwapCached:         1364 kB
Active:           724560 kB
Inactive:         616444 kB
Active(anon):     288660 kB
Inactive(anon):   179636 kB
Active(file):     435900 kB
Inactive(file):   436808 kB
Unevictable:        1580 kB
Mlocked:               0 kB
HighTotal:       1372556 kB
HighFree:          37204 kB
LowTotal:         587396 kB
LowFree:           71632 kB
SwapTotal:        262140 kB
SwapFree:         221020 kB
Dirty:               696 kB
Writeback:             0 kB
AnonPages:        467600 kB
Mapped:           380136 kB
Shmem:               588 kB
Slab:              56448 kB
SReclaimable:      16916 kB
SUnreclaim:        39532 kB
KernelStack:       16648 kB
PageTables:        28656 kB
NFS_Unstable:          0 kB
Bounce:                0 kB
WritebackTmp:          0 kB
CommitLimit:     1242116 kB
Committed_AS:   57816584 kB
VmallocTotal:     409600 kB
VmallocUsed:       38764 kB
VmallocChunk:     114716 kB
Time pass: 157 sec

---2015-12-05 12:37:17
MemTotal:        1959952 kB
MemFree:          108248 kB
Buffers:            4244 kB
Cached:           870720 kB
SwapCached:         1364 kB
Active:           724992 kB
Inactive:         616532 kB
Active(anon):     289092 kB
Inactive(anon):   179724 kB
Active(file):     435900 kB
Inactive(file):   436808 kB
Unevictable:        1580 kB
Mlocked:               0 kB
HighTotal:       1372556 kB
HighFree:          36584 kB
LowTotal:         587396 kB
LowFree:           71664 kB
SwapTotal:        262140 kB
SwapFree:         221020 kB
Dirty:               680 kB
Writeback:             0 kB
AnonPages:        468040 kB
Mapped:           380116 kB
Shmem:               676 kB
Slab:              56416 kB
SReclaimable:      16916 kB
SUnreclaim:        39500 kB
KernelStack:       16648 kB
PageTables:        28656 kB
NFS_Unstable:          0 kB
Bounce:                0 kB
WritebackTmp:          0 kB
CommitLimit:     1242116 kB
Committed_AS:   57816792 kB
VmallocTotal:     409600 kB
VmallocUsed:       38764 kB
VmallocChunk:     114716 kB
Time pass: 161 sec

---2015-12-05 12:37:17
MemTotal:        1959952 kB
MemFree:          107680 kB
Buffers:            4244 kB
Cached:           870732 kB
SwapCached:         1364 kB
Active:           725040 kB
Inactive:         616544 kB
Active(anon):     289140 kB
Inactive(anon):   179732 kB
Active(file):     435900 kB
Inactive(file):   436812 kB
Unevictable:        1580 kB
Mlocked:               0 kB
HighTotal:       1372556 kB
HighFree:          35952 kB
LowTotal:         587396 kB
LowFree:           71728 kB
SwapTotal:        262140 kB
SwapFree:         221020 kB
Dirty:               684 kB
Writeback:             0 kB
AnonPages:        467952 kB
Mapped:           380124 kB
Shmem:               684 kB
Slab:              56344 kB
SReclaimable:      16916 kB
SUnreclaim:        39428 kB
KernelStack:       16648 kB
PageTables:        28656 kB
NFS_Unstable:          0 kB
Bounce:                0 kB
WritebackTmp:          0 kB
CommitLimit:     1242116 kB
Committed_AS:   57816788 kB
VmallocTotal:     409600 kB
VmallocUsed:       38764 kB
VmallocChunk:     114716 kB
Time pass: 165 sec

---2015-12-05 12:37:17
MemTotal:        1959952 kB
MemFree:          106484 kB
Buffers:            4244 kB
Cached:           870788 kB
SwapCached:         1364 kB
Active:           727200 kB
Inactive:         616604 kB
Active(anon):     291312 kB
Inactive(anon):   179744 kB
Active(file):     435888 kB
Inactive(file):   436860 kB
Unevictable:        1580 kB
Mlocked:               0 kB
HighTotal:       1372556 kB
HighFree:          34824 kB
LowTotal:         587396 kB
LowFree:           71660 kB
SwapTotal:        262140 kB
SwapFree:         221020 kB
Dirty:               720 kB
Writeback:             0 kB
AnonPages:        470224 kB
Mapped:           380120 kB
Shmem:               700 kB
Slab:              56308 kB
SReclaimable:      16916 kB
SUnreclaim:        39392 kB
KernelStack:       16640 kB
PageTables:        28656 kB
NFS_Unstable:          0 kB
Bounce:                0 kB
WritebackTmp:          0 kB
CommitLimit:     1242116 kB
Committed_AS:   57834112 kB
VmallocTotal:     409600 kB
VmallocUsed:       38764 kB
VmallocChunk:     114716 kB
Time pass: 169 sec

---2015-12-05 12:37:17
MemTotal:        1959952 kB
MemFree:           91292 kB
Buffers:            4244 kB
Cached:           870696 kB
SwapCached:         1364 kB
Active:           735340 kB
Inactive:         616492 kB
Active(anon):     299432 kB
Inactive(anon):   179644 kB
Active(file):     435908 kB
Inactive(file):   436848 kB
Unevictable:        1580 kB
Mlocked:               0 kB
HighTotal:       1372556 kB
HighFree:          25168 kB
LowTotal:         587396 kB
LowFree:           66124 kB
SwapTotal:        262140 kB
SwapFree:         221020 kB
Dirty:               700 kB
Writeback:             0 kB
AnonPages:        478340 kB
Mapped:           380188 kB
Shmem:               604 kB
Slab:              56080 kB
SReclaimable:      16924 kB
SUnreclaim:        39156 kB
KernelStack:       16664 kB
PageTables:        28700 kB
NFS_Unstable:          0 kB
Bounce:                0 kB
WritebackTmp:          0 kB
CommitLimit:     1242116 kB
Committed_AS:   57838368 kB
VmallocTotal:     409600 kB
VmallocUsed:       38764 kB
VmallocChunk:     114716 kB
Time pass: 173 sec

---2015-12-05 12:37:17
MemTotal:        1959952 kB
MemFree:           86252 kB
Buffers:            4428 kB
Cached:           872864 kB
SwapCached:         1364 kB
Active:           738276 kB
Inactive:         618676 kB
Active(anon):     302216 kB
Inactive(anon):   179656 kB
Active(file):     436060 kB
Inactive(file):   439020 kB
Unevictable:        1580 kB
Mlocked:               0 kB
HighTotal:       1372556 kB
HighFree:          24432 kB
LowTotal:         587396 kB
LowFree:           61820 kB
SwapTotal:        262140 kB
SwapFree:         221020 kB
Dirty:               748 kB
Writeback:             0 kB
AnonPages:        480992 kB
Mapped:           380368 kB
Shmem:               632 kB
Slab:              56392 kB
SReclaimable:      16932 kB
SUnreclaim:        39460 kB
KernelStack:       16664 kB
PageTables:        28724 kB
NFS_Unstable:          0 kB
Bounce:                0 kB
WritebackTmp:          0 kB
CommitLimit:     1242116 kB
Committed_AS:   57837956 kB
VmallocTotal:     409600 kB
VmallocUsed:       38764 kB
VmallocChunk:     114716 kB
Time pass: 176 sec

---2015-12-05 12:37:17
MemTotal:        1959952 kB
MemFree:           87100 kB
Buffers:            4428 kB
Cached:           872932 kB
SwapCached:         1364 kB
Active:           740572 kB
Inactive:         618120 kB
Active(anon):     303888 kB
Inactive(anon):   179724 kB
Active(file):     436684 kB
Inactive(file):   438396 kB
Unevictable:        1580 kB
Mlocked:               0 kB
HighTotal:       1372556 kB
HighFree:          25300 kB
LowTotal:         587396 kB
LowFree:           61800 kB
SwapTotal:        262140 kB
SwapFree:         221020 kB
Dirty:               756 kB
Writeback:             0 kB
AnonPages:        482816 kB
Mapped:           377860 kB
Shmem:               700 kB
Slab:              56132 kB
SReclaimable:      16868 kB
SUnreclaim:        39264 kB
KernelStack:       16632 kB
PageTables:        28728 kB
NFS_Unstable:          0 kB
Bounce:                0 kB
WritebackTmp:          0 kB
CommitLimit:     1242116 kB
Committed_AS:   57838364 kB
VmallocTotal:     409600 kB
VmallocUsed:       38764 kB
VmallocChunk:     114716 kB
Time pass: 180 sec

---2015-12-05 12:37:17
MemTotal:        1959952 kB
MemFree:           85248 kB
Buffers:            4428 kB
Cached:           872932 kB
SwapCached:         1364 kB
Active:           742436 kB
Inactive:         618116 kB
Active(anon):     305752 kB
Inactive(anon):   179720 kB
Active(file):     436684 kB
Inactive(file):   438396 kB
Unevictable:        1580 kB
Mlocked:               0 kB
HighTotal:       1372556 kB
HighFree:          24932 kB
LowTotal:         587396 kB
LowFree:           60316 kB
SwapTotal:        262140 kB
SwapFree:         221020 kB
Dirty:               756 kB
Writeback:             0 kB
AnonPages:        484716 kB
Mapped:           377868 kB
Shmem:               700 kB
Slab:              56164 kB
SReclaimable:      16868 kB
SUnreclaim:        39296 kB
KernelStack:       16648 kB
PageTables:        28732 kB
NFS_Unstable:          0 kB
Bounce:                0 kB
WritebackTmp:          0 kB
CommitLimit:     1242116 kB
Committed_AS:   57838752 kB
VmallocTotal:     409600 kB
VmallocUsed:       38764 kB
VmallocChunk:     114716 kB
Time pass: 184 sec

---2015-12-05 12:37:17
MemTotal:        1959952 kB
MemFree:           82360 kB
Buffers:            4428 kB
Cached:           872936 kB
SwapCached:         1364 kB
Active:           744808 kB
Inactive:         618116 kB
Active(anon):     308120 kB
Inactive(anon):   179724 kB
Active(file):     436688 kB
Inactive(file):   438392 kB
Unevictable:        1580 kB
Mlocked:               0 kB
HighTotal:       1372556 kB
HighFree:          24312 kB
LowTotal:         587396 kB
LowFree:           58048 kB
SwapTotal:        262140 kB
SwapFree:         221020 kB
Dirty:               736 kB
Writeback:             0 kB
AnonPages:        486852 kB
Mapped:           377872 kB
Shmem:               704 kB
Slab:              56128 kB
SReclaimable:      16868 kB
SUnreclaim:        39260 kB
KernelStack:       16616 kB
PageTables:        28876 kB
NFS_Unstable:          0 kB
Bounce:                0 kB
WritebackTmp:          0 kB
CommitLimit:     1242116 kB
Committed_AS:   58789116 kB
VmallocTotal:     409600 kB
VmallocUsed:       38764 kB
VmallocChunk:     114716 kB
Time pass: 188 sec

---2015-12-05 12:37:17
MemTotal:        1959952 kB
MemFree:          112088 kB
Buffers:            4428 kB
Cached:           858384 kB
SwapCached:         1364 kB
Active:           732216 kB
Inactive:         612724 kB
Active(anon):     301772 kB
Inactive(anon):   182828 kB
Active(file):     430444 kB
Inactive(file):   429896 kB
Unevictable:        1768 kB
Mlocked:               0 kB
HighTotal:       1372556 kB
HighFree:          48240 kB
LowTotal:         587396 kB
LowFree:           63848 kB
SwapTotal:        262140 kB
SwapFree:         220136 kB
Dirty:               760 kB
Writeback:             0 kB
AnonPages:        483808 kB
Mapped:           377936 kB
Shmem:               704 kB
Slab:              56136 kB
SReclaimable:      16664 kB
SUnreclaim:        39472 kB
KernelStack:       16624 kB
PageTables:        28736 kB
NFS_Unstable:          0 kB
Bounce:                0 kB
WritebackTmp:          0 kB
CommitLimit:     1242116 kB
Committed_AS:   57835812 kB
VmallocTotal:     409600 kB
VmallocUsed:       38764 kB
VmallocChunk:     114716 kB
Time pass: 191 sec

---2015-12-05 12:37:17
MemTotal:        1959952 kB
MemFree:          116736 kB
Buffers:            4428 kB
Cached:           858384 kB
SwapCached:         1364 kB
Active:           732188 kB
Inactive:         608284 kB
Active(anon):     297320 kB
Inactive(anon):   182812 kB
Active(file):     434868 kB
Inactive(file):   425472 kB
Unevictable:        1768 kB
Mlocked:               0 kB
HighTotal:       1372556 kB
HighFree:          49528 kB
LowTotal:         587396 kB
LowFree:           67208 kB
SwapTotal:        262140 kB
SwapFree:         220136 kB
Dirty:               756 kB
Writeback:             0 kB
AnonPages:        479320 kB
Mapped:           377820 kB
Shmem:               704 kB
Slab:              56016 kB
SReclaimable:      16736 kB
SUnreclaim:        39280 kB
KernelStack:       16624 kB
PageTables:        28736 kB
NFS_Unstable:          0 kB
Bounce:                0 kB
WritebackTmp:          0 kB
CommitLimit:     1242116 kB
Committed_AS:   57836000 kB
VmallocTotal:     409600 kB
VmallocUsed:       38764 kB
VmallocChunk:     114716 kB
Time pass: 195 sec

---2015-12-05 12:37:17
MemTotal:        1959952 kB
MemFree:          116480 kB
Buffers:            4428 kB
Cached:           858384 kB
SwapCached:         1364 kB
Active:           732656 kB
Inactive:         608280 kB
Active(anon):     297788 kB
Inactive(anon):   182808 kB
Active(file):     434868 kB
Inactive(file):   425472 kB
Unevictable:        1768 kB
Mlocked:               0 kB
HighTotal:       1372556 kB
HighFree:          48288 kB
LowTotal:         587396 kB
LowFree:           68192 kB
SwapTotal:        262140 kB
SwapFree:         220136 kB
Dirty:               756 kB
Writeback:             0 kB
AnonPages:        479604 kB
Mapped:           377956 kB
Shmem:               704 kB
Slab:              56072 kB
SReclaimable:      16736 kB
SUnreclaim:        39336 kB
KernelStack:       16624 kB
PageTables:        28744 kB
NFS_Unstable:          0 kB
Bounce:                0 kB
WritebackTmp:          0 kB
CommitLimit:     1242116 kB
Committed_AS:   57836104 kB
VmallocTotal:     409600 kB
VmallocUsed:       38764 kB
VmallocChunk:     114716 kB
Time pass: 199 sec

---2015-12-05 12:37:17
MemTotal:        1959952 kB
MemFree:          115732 kB
Buffers:            4428 kB
Cached:           858472 kB
SwapCached:         1364 kB
Active:           733148 kB
Inactive:         608356 kB
Active(anon):     298280 kB
Inactive(anon):   182884 kB
Active(file):     434868 kB
Inactive(file):   425472 kB
Unevictable:        1768 kB
Mlocked:               0 kB
HighTotal:       1372556 kB
HighFree:          46180 kB
LowTotal:         587396 kB
LowFree:           69552 kB
SwapTotal:        262140 kB
SwapFree:         220136 kB
Dirty:               744 kB
Writeback:             0 kB
AnonPages:        480296 kB
Mapped:           378044 kB
Shmem:               792 kB
Slab:              56104 kB
SReclaimable:      16736 kB
SUnreclaim:        39368 kB
KernelStack:       16624 kB
PageTables:        28740 kB
NFS_Unstable:          0 kB
Bounce:                0 kB
WritebackTmp:          0 kB
CommitLimit:     1242116 kB
Committed_AS:   57835852 kB
VmallocTotal:     409600 kB
VmallocUsed:       38764 kB
VmallocChunk:     114716 kB
Time pass: 203 sec

---2015-12-05 12:37:17
MemTotal:        1959952 kB
MemFree:          114368 kB
Buffers:            4428 kB
Cached:           858472 kB
SwapCached:         1364 kB
Active:           734544 kB
Inactive:         608364 kB
Active(anon):     299676 kB
Inactive(anon):   182892 kB
Active(file):     434868 kB
Inactive(file):   425472 kB
Unevictable:        1768 kB
Mlocked:               0 kB
HighTotal:       1372556 kB
HighFree:          43700 kB
LowTotal:         587396 kB
LowFree:           70668 kB
SwapTotal:        262140 kB
SwapFree:         220136 kB
Dirty:               744 kB
Writeback:             0 kB
AnonPages:        481588 kB
Mapped:           378228 kB
Shmem:               792 kB
Slab:              56040 kB
SReclaimable:      16736 kB
SUnreclaim:        39304 kB
KernelStack:       16752 kB
PageTables:        28800 kB
NFS_Unstable:          0 kB
Bounce:                0 kB
WritebackTmp:          0 kB
CommitLimit:     1242116 kB
Committed_AS:   57844352 kB
VmallocTotal:     409600 kB
VmallocUsed:       39784 kB
VmallocChunk:     114716 kB
Time pass: 207 sec

---2015-12-05 12:37:17
MemTotal:        1959952 kB
MemFree:          112704 kB
Buffers:            4428 kB
Cached:           858472 kB
SwapCached:         1364 kB
Active:           737204 kB
Inactive:         608364 kB
Active(anon):     302336 kB
Inactive(anon):   182892 kB
Active(file):     434868 kB
Inactive(file):   425472 kB
Unevictable:        1768 kB
Mlocked:               0 kB
HighTotal:       1372556 kB
HighFree:          42212 kB
LowTotal:         587396 kB
LowFree:           70492 kB
SwapTotal:        262140 kB
SwapFree:         220136 kB
Dirty:               740 kB
Writeback:             0 kB
AnonPages:        484424 kB
Mapped:           381688 kB
Shmem:               792 kB
Slab:              56072 kB
SReclaimable:      16736 kB
SUnreclaim:        39336 kB
KernelStack:       16624 kB
PageTables:        28892 kB
NFS_Unstable:          0 kB
Bounce:                0 kB
WritebackTmp:          0 kB
CommitLimit:     1242116 kB
Committed_AS:   58796120 kB
VmallocTotal:     409600 kB
VmallocUsed:       39784 kB
VmallocChunk:     114716 kB
Time pass: 211 sec

---2015-12-05 12:37:17
MemTotal:        1959952 kB
MemFree:          113564 kB
Buffers:            4428 kB
Cached:           858492 kB
SwapCached:         1364 kB
Active:           735860 kB
Inactive:         608384 kB
Active(anon):     300992 kB
Inactive(anon):   182892 kB
Active(file):     434868 kB
Inactive(file):   425492 kB
Unevictable:        1768 kB
Mlocked:               0 kB
HighTotal:       1372556 kB
HighFree:          41964 kB
LowTotal:         587396 kB
LowFree:           71600 kB
SwapTotal:        262140 kB
SwapFree:         220136 kB
Dirty:               756 kB
Writeback:             0 kB
AnonPages:        482984 kB
Mapped:           378044 kB
Shmem:               792 kB
Slab:              56124 kB
SReclaimable:      16736 kB
SUnreclaim:        39388 kB
KernelStack:       16616 kB
PageTables:        28740 kB
NFS_Unstable:          0 kB
Bounce:                0 kB
WritebackTmp:          0 kB
CommitLimit:     1242116 kB
Committed_AS:   57836304 kB
VmallocTotal:     409600 kB
VmallocUsed:       38764 kB
VmallocChunk:     114716 kB
Time pass: 215 sec

---2015-12-05 12:37:17
MemTotal:        1959952 kB
MemFree:          112044 kB
Buffers:            4428 kB
Cached:           858492 kB
SwapCached:         1364 kB
Active:           737100 kB
Inactive:         608384 kB
Active(anon):     302232 kB
Inactive(anon):   182892 kB
Active(file):     434868 kB
Inactive(file):   425492 kB
Unevictable:        1768 kB
Mlocked:               0 kB
HighTotal:       1372556 kB
HighFree:          39484 kB
LowTotal:         587396 kB
LowFree:           72560 kB
SwapTotal:        262140 kB
SwapFree:         220136 kB
Dirty:               740 kB
Writeback:             0 kB
AnonPages:        484064 kB
Mapped:           378044 kB
Shmem:               792 kB
Slab:              56136 kB
SReclaimable:      16736 kB
SUnreclaim:        39400 kB
KernelStack:       16616 kB
PageTables:        28740 kB
NFS_Unstable:          0 kB
Bounce:                0 kB
WritebackTmp:          0 kB
CommitLimit:     1242116 kB
Committed_AS:   57836400 kB
VmallocTotal:     409600 kB
VmallocUsed:       38764 kB
VmallocChunk:     114716 kB
Time pass: 219 sec

---2015-12-05 12:37:17
MemTotal:        1959952 kB
MemFree:          111528 kB
Buffers:            4428 kB
Cached:           858492 kB
SwapCached:         1364 kB
Active:           738364 kB
Inactive:         608384 kB
Active(anon):     303496 kB
Inactive(anon):   182892 kB
Active(file):     434868 kB
Inactive(file):   425492 kB
Unevictable:        1768 kB
Mlocked:               0 kB
HighTotal:       1372556 kB
HighFree:          38520 kB
LowTotal:         587396 kB
LowFree:           73008 kB
SwapTotal:        262140 kB
SwapFree:         220136 kB
Dirty:               740 kB
Writeback:             0 kB
AnonPages:        485584 kB
Mapped:           378044 kB
Shmem:               792 kB
Slab:              56112 kB
SReclaimable:      16744 kB
SUnreclaim:        39368 kB
KernelStack:       16648 kB
PageTables:        28780 kB
NFS_Unstable:          0 kB
Bounce:                0 kB
WritebackTmp:          0 kB
CommitLimit:     1242116 kB
Committed_AS:   57836492 kB
VmallocTotal:     409600 kB
VmallocUsed:       38764 kB
VmallocChunk:     114716 kB
Time pass: 223 sec

---2015-12-05 12:37:17
MemTotal:        1959952 kB
MemFree:          111452 kB
Buffers:            4428 kB
Cached:           860072 kB
SwapCached:         1364 kB
Active:           737048 kB
Inactive:         609848 kB
Active(anon):     302064 kB
Inactive(anon):   182892 kB
Active(file):     434984 kB
Inactive(file):   426956 kB
Unevictable:        1768 kB
Mlocked:               0 kB
HighTotal:       1372556 kB
HighFree:          37028 kB
LowTotal:         587396 kB
LowFree:           74424 kB
SwapTotal:        262140 kB
SwapFree:         220136 kB
Dirty:               760 kB
Writeback:             0 kB
AnonPages:        483900 kB
Mapped:           374992 kB
Shmem:               792 kB
Slab:              56104 kB
SReclaimable:      16752 kB
SUnreclaim:        39352 kB
KernelStack:       16616 kB
PageTables:        28568 kB
NFS_Unstable:          0 kB
Bounce:                0 kB
WritebackTmp:          0 kB
CommitLimit:     1242116 kB
Committed_AS:   57834988 kB
VmallocTotal:     409600 kB
VmallocUsed:       38764 kB
VmallocChunk:     114716 kB
Time pass: 226 sec

---2015-12-05 12:37:17
MemTotal:        1959952 kB
MemFree:          109492 kB
Buffers:            4428 kB
Cached:           860076 kB
SwapCached:         1364 kB
Active:           738196 kB
Inactive:         609848 kB
Active(anon):     303212 kB
Inactive(anon):   182888 kB
Active(file):     434984 kB
Inactive(file):   426960 kB
Unevictable:        1768 kB
Mlocked:               0 kB
HighTotal:       1372556 kB
HighFree:          35040 kB
LowTotal:         587396 kB
LowFree:           74452 kB
SwapTotal:        262140 kB
SwapFree:         220136 kB
Dirty:               784 kB
Writeback:             0 kB
AnonPages:        485248 kB
Mapped:           374876 kB
Shmem:               792 kB
Slab:              56104 kB
SReclaimable:      16752 kB
SUnreclaim:        39352 kB
KernelStack:       16440 kB
PageTables:        28636 kB
NFS_Unstable:          0 kB
Bounce:                0 kB
WritebackTmp:          0 kB
CommitLimit:     1242116 kB
Committed_AS:   57835040 kB
VmallocTotal:     409600 kB
VmallocUsed:       38764 kB
VmallocChunk:     114716 kB
Time pass: 231 sec

---2015-12-05 12:37:17
MemTotal:        1959952 kB
MemFree:          109412 kB
Buffers:            4428 kB
Cached:           860096 kB
SwapCached:         1364 kB
Active:           739016 kB
Inactive:         609864 kB
Active(anon):     304028 kB
Inactive(anon):   182888 kB
Active(file):     434988 kB
Inactive(file):   426976 kB
Unevictable:        1768 kB
Mlocked:               0 kB
HighTotal:       1372556 kB
HighFree:          35168 kB
LowTotal:         587396 kB
LowFree:           74244 kB
SwapTotal:        262140 kB
SwapFree:         220136 kB
Dirty:               772 kB
Writeback:             0 kB
AnonPages:        485948 kB
Mapped:           378596 kB
Shmem:               792 kB
Slab:              56184 kB
SReclaimable:      16760 kB
SUnreclaim:        39424 kB
KernelStack:       16568 kB
PageTables:        28976 kB
NFS_Unstable:          0 kB
Bounce:                0 kB
WritebackTmp:          0 kB
CommitLimit:     1242116 kB
Committed_AS:   58791460 kB
VmallocTotal:     409600 kB
VmallocUsed:       39784 kB
VmallocChunk:     114716 kB
Time pass: 235 sec

---2015-12-05 12:37:17
MemTotal:        1959952 kB
MemFree:          111384 kB
Buffers:            4428 kB
Cached:           860096 kB
SwapCached:         1364 kB
Active:           736852 kB
Inactive:         609864 kB
Active(anon):     301864 kB
Inactive(anon):   182888 kB
Active(file):     434988 kB
Inactive(file):   426976 kB
Unevictable:        1768 kB
Mlocked:               0 kB
HighTotal:       1372556 kB
HighFree:          36608 kB
LowTotal:         587396 kB
LowFree:           74776 kB
SwapTotal:        262140 kB
SwapFree:         220136 kB
Dirty:               772 kB
Writeback:             0 kB
AnonPages:        483784 kB
Mapped:           374896 kB
Shmem:               792 kB
Slab:              56064 kB
SReclaimable:      16760 kB
SUnreclaim:        39304 kB
KernelStack:       16424 kB
PageTables:        28636 kB
NFS_Unstable:          0 kB
Bounce:                0 kB
WritebackTmp:          0 kB
CommitLimit:     1242116 kB
Committed_AS:   57831676 kB
VmallocTotal:     409600 kB
VmallocUsed:       38764 kB
VmallocChunk:     114716 kB
Time pass: 239 sec

---2015-12-05 12:37:17
MemTotal:        1959952 kB
MemFree:          118044 kB
Buffers:            4428 kB
Cached:           860096 kB
SwapCached:         1364 kB
Active:           729424 kB
Inactive:         609852 kB
Active(anon):     294436 kB
Inactive(anon):   182876 kB
Active(file):     434988 kB
Inactive(file):   426976 kB
Unevictable:        1768 kB
Mlocked:               0 kB
HighTotal:       1372556 kB
HighFree:          42852 kB
LowTotal:         587396 kB
LowFree:           75192 kB
SwapTotal:        262140 kB
SwapFree:         220136 kB
Dirty:               772 kB
Writeback:             0 kB
AnonPages:        476528 kB
Mapped:           374912 kB
Shmem:               792 kB
Slab:              56048 kB
SReclaimable:      16760 kB
SUnreclaim:        39288 kB
KernelStack:       16440 kB
PageTables:        28636 kB
NFS_Unstable:          0 kB
Bounce:                0 kB
WritebackTmp:          0 kB
CommitLimit:     1242116 kB
Committed_AS:   57831964 kB
VmallocTotal:     409600 kB
VmallocUsed:       38764 kB
VmallocChunk:     114716 kB
Time pass: 243 sec

---2015-12-05 12:37:17
MemTotal:        1959952 kB
MemFree:          118648 kB
Buffers:            4428 kB
Cached:           860112 kB
SwapCached:         1364 kB
Active:           730068 kB
Inactive:         609864 kB
Active(anon):     295084 kB
Inactive(anon):   182868 kB
Active(file):     434984 kB
Inactive(file):   426996 kB
Unevictable:        1768 kB
Mlocked:               0 kB
HighTotal:       1372556 kB
HighFree:          43228 kB
LowTotal:         587396 kB
LowFree:           75420 kB
SwapTotal:        262140 kB
SwapFree:         220136 kB
Dirty:               796 kB
Writeback:             0 kB
AnonPages:        477000 kB
Mapped:           374888 kB
Shmem:               792 kB
Slab:              56160 kB
SReclaimable:      16760 kB
SUnreclaim:        39400 kB
KernelStack:       16448 kB
PageTables:        28652 kB
NFS_Unstable:          0 kB
Bounce:                0 kB
WritebackTmp:          0 kB
CommitLimit:     1242116 kB
Committed_AS:   57832052 kB
VmallocTotal:     409600 kB
VmallocUsed:       38764 kB
VmallocChunk:     114716 kB
Time pass: 246 sec

---2015-12-05 12:37:17
MemTotal:        1959952 kB
MemFree:          117752 kB
Buffers:            4428 kB
Cached:           860112 kB
SwapCached:         1364 kB
Active:           730664 kB
Inactive:         609864 kB
Active(anon):     295680 kB
Inactive(anon):   182868 kB
Active(file):     434984 kB
Inactive(file):   426996 kB
Unevictable:        1768 kB
Mlocked:               0 kB
HighTotal:       1372556 kB
HighFree:          42608 kB
LowTotal:         587396 kB
LowFree:           75144 kB
SwapTotal:        262140 kB
SwapFree:         220136 kB
Dirty:               800 kB
Writeback:             0 kB
AnonPages:        477760 kB
Mapped:           374880 kB
Shmem:               792 kB
Slab:              56128 kB
SReclaimable:      16760 kB
SUnreclaim:        39368 kB
KernelStack:       16440 kB
PageTables:        28612 kB
NFS_Unstable:          0 kB
Bounce:                0 kB
WritebackTmp:          0 kB
CommitLimit:     1242116 kB
Committed_AS:   57832212 kB
VmallocTotal:     409600 kB
VmallocUsed:       38764 kB
VmallocChunk:     114716 kB
Time pass: 251 sec

---2015-12-05 12:37:17
MemTotal:        1959952 kB
MemFree:          113756 kB
Buffers:            4428 kB
Cached:           860548 kB
SwapCached:         1364 kB
Active:           733948 kB
Inactive:         610280 kB
Active(anon):     298948 kB
Inactive(anon):   182864 kB
Active(file):     435000 kB
Inactive(file):   427416 kB
Unevictable:        1768 kB
Mlocked:               0 kB
HighTotal:       1372556 kB
HighFree:          38516 kB
LowTotal:         587396 kB
LowFree:           75240 kB
SwapTotal:        262140 kB
SwapFree:         220136 kB
Dirty:               860 kB
Writeback:             0 kB
AnonPages:        480808 kB
Mapped:           375088 kB
Shmem:               792 kB
Slab:              56000 kB
SReclaimable:      16760 kB
SUnreclaim:        39240 kB
KernelStack:       16576 kB
PageTables:        28716 kB
NFS_Unstable:          0 kB
Bounce:                0 kB
WritebackTmp:          0 kB
CommitLimit:     1242116 kB
Committed_AS:   57833680 kB
VmallocTotal:     409600 kB
VmallocUsed:       38764 kB
VmallocChunk:     114716 kB
Time pass: 254 sec

---2015-12-05 12:37:17
MemTotal:        1959952 kB
MemFree:          110108 kB
Buffers:            4428 kB
Cached:           860552 kB
SwapCached:         1364 kB
Active:           738284 kB
Inactive:         610288 kB
Active(anon):     303288 kB
Inactive(anon):   182864 kB
Active(file):     434996 kB
Inactive(file):   427424 kB
Unevictable:        1768 kB
Mlocked:               0 kB
HighTotal:       1372556 kB
HighFree:          35008 kB
LowTotal:         587396 kB
LowFree:           75100 kB
SwapTotal:        262140 kB
SwapFree:         220136 kB
Dirty:               856 kB
Writeback:             0 kB
AnonPages:        485308 kB
Mapped:           379372 kB
Shmem:               792 kB
Slab:              56112 kB
SReclaimable:      16760 kB
SUnreclaim:        39352 kB
KernelStack:       16592 kB
PageTables:        29012 kB
NFS_Unstable:          0 kB
Bounce:                0 kB
WritebackTmp:          0 kB
CommitLimit:     1242116 kB
Committed_AS:   58795704 kB
VmallocTotal:     409600 kB
VmallocUsed:       39784 kB
VmallocChunk:     114716 kB
Time pass: 259 sec

---2015-12-05 12:37:17
MemTotal:        1959952 kB
MemFree:          115352 kB
Buffers:            4428 kB
Cached:           860552 kB
SwapCached:         1364 kB
Active:           732900 kB
Inactive:         610288 kB
Active(anon):     297904 kB
Inactive(anon):   182864 kB
Active(file):     434996 kB
Inactive(file):   427424 kB
Unevictable:        1768 kB
Mlocked:               0 kB
HighTotal:       1372556 kB
HighFree:          39600 kB
LowTotal:         587396 kB
LowFree:           75752 kB
SwapTotal:        262140 kB
SwapFree:         220136 kB
Dirty:               856 kB
Writeback:             0 kB
AnonPages:        479868 kB
Mapped:           372064 kB
Shmem:               792 kB
Slab:              56160 kB
SReclaimable:      16760 kB
SUnreclaim:        39400 kB
KernelStack:       16448 kB
PageTables:        28212 kB
NFS_Unstable:          0 kB
Bounce:                0 kB
WritebackTmp:          0 kB
CommitLimit:     1242116 kB
Committed_AS:   56883780 kB
VmallocTotal:     409600 kB
VmallocUsed:       37744 kB
VmallocChunk:     114716 kB
Time pass: 263 sec

---2015-12-05 12:37:17
MemTotal:        1959952 kB
MemFree:          114744 kB
Buffers:            4428 kB
Cached:           860552 kB
SwapCached:         1364 kB
Active:           733692 kB
Inactive:         610288 kB
Active(anon):     298696 kB
Inactive(anon):   182864 kB
Active(file):     434996 kB
Inactive(file):   427424 kB
Unevictable:        1768 kB
Mlocked:               0 kB
HighTotal:       1372556 kB
HighFree:          38764 kB
LowTotal:         587396 kB
LowFree:           75980 kB
SwapTotal:        262140 kB
SwapFree:         220136 kB
Dirty:               840 kB
Writeback:             0 kB
AnonPages:        480660 kB
Mapped:           371968 kB
Shmem:               792 kB
Slab:              56056 kB
SReclaimable:      16760 kB
SUnreclaim:        39296 kB
KernelStack:       16272 kB
PageTables:        28268 kB
NFS_Unstable:          0 kB
Bounce:                0 kB
WritebackTmp:          0 kB
CommitLimit:     1242116 kB
Committed_AS:   56883716 kB
VmallocTotal:     409600 kB
VmallocUsed:       37744 kB
VmallocChunk:     114716 kB
Time pass: 267 sec

---2015-12-05 12:37:17
MemTotal:        1959952 kB
MemFree:          114240 kB
Buffers:            4428 kB
Cached:           860552 kB
SwapCached:         1364 kB
Active:           734652 kB
Inactive:         610288 kB
Active(anon):     299656 kB
Inactive(anon):   182864 kB
Active(file):     434996 kB
Inactive(file):   427424 kB
Unevictable:        1768 kB
Mlocked:               0 kB
HighTotal:       1372556 kB
HighFree:          38024 kB
LowTotal:         587396 kB
LowFree:           76216 kB
SwapTotal:        262140 kB
SwapFree:         220136 kB
Dirty:               840 kB
Writeback:             0 kB
AnonPages:        481600 kB
Mapped:           371916 kB
Shmem:               792 kB
Slab:              56216 kB
SReclaimable:      16768 kB
SUnreclaim:        39448 kB
KernelStack:       16256 kB
PageTables:        28248 kB
NFS_Unstable:          0 kB
Bounce:                0 kB
WritebackTmp:          0 kB
CommitLimit:     1242116 kB
Committed_AS:   56883912 kB
VmallocTotal:     409600 kB
VmallocUsed:       37744 kB
VmallocChunk:     114716 kB
Time pass: 271 sec

---2015-12-05 12:37:17
MemTotal:        1959952 kB
MemFree:          113616 kB
Buffers:            4428 kB
Cached:           860576 kB
SwapCached:         1364 kB
Active:           735676 kB
Inactive:         610312 kB
Active(anon):     300680 kB
Inactive(anon):   182864 kB
Active(file):     434996 kB
Inactive(file):   427448 kB
Unevictable:        1768 kB
Mlocked:               0 kB
HighTotal:       1372556 kB
HighFree:          37024 kB
LowTotal:         587396 kB
LowFree:           76592 kB
SwapTotal:        262140 kB
SwapFree:         220136 kB
Dirty:               848 kB
Writeback:             0 kB
AnonPages:        482588 kB
Mapped:           371964 kB
Shmem:               792 kB
Slab:              56088 kB
SReclaimable:      16768 kB
SUnreclaim:        39320 kB
KernelStack:       16240 kB
PageTables:        28252 kB
NFS_Unstable:          0 kB
Bounce:                0 kB
WritebackTmp:          0 kB
CommitLimit:     1242116 kB
Committed_AS:   56883944 kB
VmallocTotal:     409600 kB
VmallocUsed:       37744 kB
VmallocChunk:     114716 kB
Time pass: 275 sec

---2015-12-05 12:37:17
MemTotal:        1959952 kB
MemFree:          112132 kB
Buffers:            4428 kB
Cached:           860580 kB
SwapCached:         1364 kB
Active:           736752 kB
Inactive:         610316 kB
Active(anon):     301756 kB
Inactive(anon):   182864 kB
Active(file):     434996 kB
Inactive(file):   427452 kB
Unevictable:        1768 kB
Mlocked:               0 kB
HighTotal:       1372556 kB
HighFree:          35444 kB
LowTotal:         587396 kB
LowFree:           76688 kB
SwapTotal:        262140 kB
SwapFree:         220136 kB
Dirty:               824 kB
Writeback:             0 kB
AnonPages:        483700 kB
Mapped:           371912 kB
Shmem:               792 kB
Slab:              56008 kB
SReclaimable:      16752 kB
SUnreclaim:        39256 kB
KernelStack:       16240 kB
PageTables:        28240 kB
NFS_Unstable:          0 kB
Bounce:                0 kB
WritebackTmp:          0 kB
CommitLimit:     1242116 kB
Committed_AS:   56884012 kB
VmallocTotal:     409600 kB
VmallocUsed:       37744 kB
VmallocChunk:     114716 kB
Time pass: 279 sec

---2015-12-05 12:37:17
MemTotal:        1959952 kB
MemFree:          111400 kB
Buffers:            4428 kB
Cached:           860580 kB
SwapCached:         1364 kB
Active:           737760 kB
Inactive:         610316 kB
Active(anon):     302764 kB
Inactive(anon):   182864 kB
Active(file):     434996 kB
Inactive(file):   427452 kB
Unevictable:        1768 kB
Mlocked:               0 kB
HighTotal:       1372556 kB
HighFree:          34776 kB
LowTotal:         587396 kB
LowFree:           76624 kB
SwapTotal:        262140 kB
SwapFree:         220136 kB
Dirty:               824 kB
Writeback:             0 kB
AnonPages:        484776 kB
Mapped:           371964 kB
Shmem:               792 kB
Slab:              56072 kB
SReclaimable:      16752 kB
SUnreclaim:        39320 kB
KernelStack:       16224 kB
PageTables:        28256 kB
NFS_Unstable:          0 kB
Bounce:                0 kB
WritebackTmp:          0 kB
CommitLimit:     1242116 kB
Committed_AS:   56884048 kB
VmallocTotal:     409600 kB
VmallocUsed:       37744 kB
VmallocChunk:     114716 kB
Time pass: 283 sec

---2015-12-05 12:37:17
MemTotal:        1959952 kB
MemFree:          111064 kB
Buffers:            4428 kB
Cached:           860580 kB
SwapCached:         1364 kB
Active:           738700 kB
Inactive:         610316 kB
Active(anon):     303704 kB
Inactive(anon):   182864 kB
Active(file):     434996 kB
Inactive(file):   427452 kB
Unevictable:        1768 kB
Mlocked:               0 kB
HighTotal:       1372556 kB
HighFree:          34460 kB
LowTotal:         587396 kB
LowFree:           76604 kB
SwapTotal:        262140 kB
SwapFree:         220136 kB
Dirty:               840 kB
Writeback:             0 kB
AnonPages:        485720 kB
Mapped:           371960 kB
Shmem:               792 kB
Slab:              56072 kB
SReclaimable:      16752 kB
SUnreclaim:        39320 kB
KernelStack:       16408 kB
PageTables:        28196 kB
NFS_Unstable:          0 kB
Bounce:                0 kB
WritebackTmp:          0 kB
CommitLimit:     1242116 kB
Committed_AS:   56884068 kB
VmallocTotal:     409600 kB
VmallocUsed:       37744 kB
VmallocChunk:     114716 kB
Time pass: 287 sec

---2015-12-05 12:37:17
MemTotal:        1959952 kB
MemFree:          109684 kB
Buffers:            4428 kB
Cached:           860580 kB
SwapCached:         1364 kB
Active:           740208 kB
Inactive:         610316 kB
Active(anon):     305212 kB
Inactive(anon):   182864 kB
Active(file):     434996 kB
Inactive(file):   427452 kB
Unevictable:        1768 kB
Mlocked:               0 kB
HighTotal:       1372556 kB
HighFree:          32772 kB
LowTotal:         587396 kB
LowFree:           76912 kB
SwapTotal:        262140 kB
SwapFree:         220136 kB
Dirty:               824 kB
Writeback:             0 kB
AnonPages:        487200 kB
Mapped:           371888 kB
Shmem:               792 kB
Slab:              56040 kB
SReclaimable:      16752 kB
SUnreclaim:        39288 kB
KernelStack:       16216 kB
PageTables:        28260 kB
NFS_Unstable:          0 kB
Bounce:                0 kB
WritebackTmp:          0 kB
CommitLimit:     1242116 kB
Committed_AS:   56885320 kB
VmallocTotal:     409600 kB
VmallocUsed:       37744 kB
VmallocChunk:     114716 kB
Time pass: 291 sec

---2015-12-05 12:37:17
MemTotal:        1959952 kB
MemFree:          107564 kB
Buffers:            4428 kB
Cached:           860580 kB
SwapCached:         1364 kB
Active:           741260 kB
Inactive:         610312 kB
Active(anon):     306264 kB
Inactive(anon):   182860 kB
Active(file):     434996 kB
Inactive(file):   427452 kB
Unevictable:        1768 kB
Mlocked:               0 kB
HighTotal:       1372556 kB
HighFree:          30592 kB
LowTotal:         587396 kB
LowFree:           76972 kB
SwapTotal:        262140 kB
SwapFree:         220136 kB
Dirty:               824 kB
Writeback:             0 kB
AnonPages:        488064 kB
Mapped:           371964 kB
Shmem:               792 kB
Slab:              56104 kB
SReclaimable:      16752 kB
SUnreclaim:        39352 kB
KernelStack:       16216 kB
PageTables:        28268 kB
NFS_Unstable:          0 kB
Bounce:                0 kB
WritebackTmp:          0 kB
CommitLimit:     1242116 kB
Committed_AS:   56885356 kB
VmallocTotal:     409600 kB
VmallocUsed:       37744 kB
VmallocChunk:     114716 kB
Time pass: 295 sec

---2015-12-05 12:37:17
MemTotal:        1959952 kB
MemFree:          106692 kB
Buffers:            4428 kB
Cached:           860580 kB
SwapCached:         1364 kB
Active:           742276 kB
Inactive:         610308 kB
Active(anon):     307280 kB
Inactive(anon):   182856 kB
Active(file):     434996 kB
Inactive(file):   427452 kB
Unevictable:        1768 kB
Mlocked:               0 kB
HighTotal:       1372556 kB
HighFree:          29472 kB
LowTotal:         587396 kB
LowFree:           77220 kB
SwapTotal:        262140 kB
SwapFree:         220136 kB
Dirty:               824 kB
Writeback:             0 kB
AnonPages:        489316 kB
Mapped:           371964 kB
Shmem:               792 kB
Slab:              56104 kB
SReclaimable:      16752 kB
SUnreclaim:        39352 kB
KernelStack:       16216 kB
PageTables:        28268 kB
NFS_Unstable:          0 kB
Bounce:                0 kB
WritebackTmp:          0 kB
CommitLimit:     1242116 kB
Committed_AS:   56885508 kB
VmallocTotal:     409600 kB
VmallocUsed:       37744 kB
VmallocChunk:     114716 kB
Time pass: 299 sec

---2015-12-05 12:37:17
MemTotal:        1959952 kB
MemFree:          104380 kB
Buffers:            4428 kB
Cached:           860580 kB
SwapCached:         1364 kB
Active:           743676 kB
Inactive:         610308 kB
Active(anon):     308680 kB
Inactive(anon):   182856 kB
Active(file):     434996 kB
Inactive(file):   427452 kB
Unevictable:        1768 kB
Mlocked:               0 kB
HighTotal:       1372556 kB
HighFree:          27564 kB
LowTotal:         587396 kB
LowFree:           76816 kB
SwapTotal:        262140 kB
SwapFree:         220136 kB
Dirty:               824 kB
Writeback:             0 kB
AnonPages:        490648 kB
Mapped:           371888 kB
Shmem:               792 kB
Slab:              56136 kB
SReclaimable:      16752 kB
SUnreclaim:        39384 kB
KernelStack:       16216 kB
PageTables:        28272 kB
NFS_Unstable:          0 kB
Bounce:                0 kB
WritebackTmp:          0 kB
CommitLimit:     1242116 kB
Committed_AS:   56885832 kB
VmallocTotal:     409600 kB
VmallocUsed:       37744 kB
VmallocChunk:     114716 kB
Time pass: 303 sec

---2015-12-05 12:37:17
MemTotal:        1959952 kB
MemFree:          104360 kB
Buffers:            4428 kB
Cached:           860580 kB
SwapCached:         1364 kB
Active:           743304 kB
Inactive:         610308 kB
Active(anon):     308308 kB
Inactive(anon):   182856 kB
Active(file):     434996 kB
Inactive(file):   427452 kB
Unevictable:        1768 kB
Mlocked:               0 kB
HighTotal:       1372556 kB
HighFree:          28132 kB
LowTotal:         587396 kB
LowFree:           76228 kB
SwapTotal:        262140 kB
SwapFree:         220136 kB
Dirty:               840 kB
Writeback:             0 kB
AnonPages:        490296 kB
Mapped:           371912 kB
Shmem:               792 kB
Slab:              56072 kB
SReclaimable:      16752 kB
SUnreclaim:        39320 kB
KernelStack:       16200 kB
PageTables:        28256 kB
NFS_Unstable:          0 kB
Bounce:                0 kB
WritebackTmp:          0 kB
CommitLimit:     1242116 kB
Committed_AS:   56885884 kB
VmallocTotal:     409600 kB
VmallocUsed:       37744 kB
VmallocChunk:     114716 kB
Time pass: 307 sec

---2015-12-05 12:37:17
MemTotal:        1959952 kB
MemFree:          112588 kB
Buffers:            4428 kB
Cached:           860584 kB
SwapCached:         1364 kB
Active:           734984 kB
Inactive:         610308 kB
Active(anon):     299984 kB
Inactive(anon):   182856 kB
Active(file):     435000 kB
Inactive(file):   427452 kB
Unevictable:        1768 kB
Mlocked:               0 kB
HighTotal:       1372556 kB
HighFree:          36372 kB
LowTotal:         587396 kB
LowFree:           76216 kB
SwapTotal:        262140 kB
SwapFree:         220136 kB
Dirty:               840 kB
Writeback:             0 kB
AnonPages:        481876 kB
Mapped:           371964 kB
Shmem:               792 kB
Slab:              56168 kB
SReclaimable:      16752 kB
SUnreclaim:        39416 kB
KernelStack:       16224 kB
PageTables:        28272 kB
NFS_Unstable:          0 kB
Bounce:                0 kB
WritebackTmp:          0 kB
CommitLimit:     1242116 kB
Committed_AS:   56886148 kB
VmallocTotal:     409600 kB
VmallocUsed:       37744 kB
VmallocChunk:     114716 kB
Time pass: 311 sec

---2015-12-05 12:37:17
MemTotal:        1959952 kB
MemFree:          110012 kB
Buffers:            4428 kB
Cached:           860584 kB
SwapCached:         1364 kB
Active:           737236 kB
Inactive:         610304 kB
Active(anon):     302232 kB
Inactive(anon):   182856 kB
Active(file):     435004 kB
Inactive(file):   427448 kB
Unevictable:        1768 kB
Mlocked:               0 kB
HighTotal:       1372556 kB
HighFree:          34296 kB
LowTotal:         587396 kB
LowFree:           75716 kB
SwapTotal:        262140 kB
SwapFree:         220136 kB
Dirty:               868 kB
Writeback:             0 kB
AnonPages:        484376 kB
Mapped:           374908 kB
Shmem:               792 kB
Slab:              56168 kB
SReclaimable:      16752 kB
SUnreclaim:        39416 kB
KernelStack:       16344 kB
PageTables:        28612 kB
NFS_Unstable:          0 kB
Bounce:                0 kB
WritebackTmp:          0 kB
CommitLimit:     1242116 kB
Committed_AS:   57847140 kB
VmallocTotal:     409600 kB
VmallocUsed:       37744 kB
VmallocChunk:     114716 kB
Time pass: 315 sec

---2015-12-05 12:37:17
MemTotal:        1959952 kB
MemFree:          112640 kB
Buffers:            4428 kB
Cached:           860584 kB
SwapCached:         1364 kB
Active:           735580 kB
Inactive:         610304 kB
Active(anon):     300576 kB
Inactive(anon):   182856 kB
Active(file):     435004 kB
Inactive(file):   427448 kB
Unevictable:        1768 kB
Mlocked:               0 kB
HighTotal:       1372556 kB
HighFree:          36164 kB
LowTotal:         587396 kB
LowFree:           76476 kB
SwapTotal:        262140 kB
SwapFree:         220136 kB
Dirty:               820 kB
Writeback:             0 kB
AnonPages:        482556 kB
Mapped:           371964 kB
Shmem:               792 kB
Slab:              56168 kB
SReclaimable:      16752 kB
SUnreclaim:        39416 kB
KernelStack:       16224 kB
PageTables:        28276 kB
NFS_Unstable:          0 kB
Bounce:                0 kB
WritebackTmp:          0 kB
CommitLimit:     1242116 kB
Committed_AS:   56886464 kB
VmallocTotal:     409600 kB
VmallocUsed:       37744 kB
VmallocChunk:     114716 kB
Time pass: 319 sec

---2015-12-05 12:37:17
MemTotal:        1959952 kB
MemFree:          113012 kB
Buffers:            4428 kB
Cached:           860584 kB
SwapCached:         1364 kB
Active:           735932 kB
Inactive:         610304 kB
Active(anon):     300928 kB
Inactive(anon):   182856 kB
Active(file):     435004 kB
Inactive(file):   427448 kB
Unevictable:        1768 kB
Mlocked:               0 kB
HighTotal:       1372556 kB
HighFree:          36148 kB
LowTotal:         587396 kB
LowFree:           76864 kB
SwapTotal:        262140 kB
SwapFree:         220136 kB
Dirty:               820 kB
Writeback:             0 kB
AnonPages:        482884 kB
Mapped:           371912 kB
Shmem:               792 kB
Slab:              56168 kB
SReclaimable:      16752 kB
SUnreclaim:        39416 kB
KernelStack:       16224 kB
PageTables:        28256 kB
NFS_Unstable:          0 kB
Bounce:                0 kB
WritebackTmp:          0 kB
CommitLimit:     1242116 kB
Committed_AS:   56886536 kB
VmallocTotal:     409600 kB
VmallocUsed:       37744 kB
VmallocChunk:     114716 kB
Time pass: 323 sec

---2015-12-05 12:37:17
MemTotal:        1959952 kB
MemFree:          112440 kB
Buffers:            4428 kB
Cached:           860584 kB
SwapCached:         1364 kB
Active:           736000 kB
Inactive:         610308 kB
Active(anon):     301000 kB
Inactive(anon):   182856 kB
Active(file):     435000 kB
Inactive(file):   427452 kB
Unevictable:        1768 kB
Mlocked:               0 kB
HighTotal:       1372556 kB
HighFree:          35808 kB
LowTotal:         587396 kB
LowFree:           76632 kB
SwapTotal:        262140 kB
SwapFree:         220136 kB
Dirty:               840 kB
Writeback:             0 kB
AnonPages:        482944 kB
Mapped:           371888 kB
Shmem:               792 kB
Slab:              56132 kB
SReclaimable:      16752 kB
SUnreclaim:        39380 kB
KernelStack:       16224 kB
PageTables:        28272 kB
NFS_Unstable:          0 kB
Bounce:                0 kB
WritebackTmp:          0 kB
CommitLimit:     1242116 kB
Committed_AS:   56884712 kB
VmallocTotal:     409600 kB
VmallocUsed:       37744 kB
VmallocChunk:     114716 kB
Time pass: 327 sec

---2015-12-05 12:37:17
MemTotal:        1959952 kB
MemFree:          113304 kB
Buffers:            4428 kB
Cached:           860584 kB
SwapCached:         1364 kB
Active:           735256 kB
Inactive:         610304 kB
Active(anon):     300256 kB
Inactive(anon):   182852 kB
Active(file):     435000 kB
Inactive(file):   427452 kB
Unevictable:        1768 kB
Mlocked:               0 kB
HighTotal:       1372556 kB
HighFree:          36576 kB
LowTotal:         587396 kB
LowFree:           76728 kB
SwapTotal:        262140 kB
SwapFree:         220136 kB
Dirty:               840 kB
Writeback:             0 kB
AnonPages:        482204 kB
Mapped:           371964 kB
Shmem:               792 kB
Slab:              56036 kB
SReclaimable:      16752 kB
SUnreclaim:        39284 kB
KernelStack:       16224 kB
PageTables:        28276 kB
NFS_Unstable:          0 kB
Bounce:                0 kB
WritebackTmp:          0 kB
CommitLimit:     1242116 kB
Committed_AS:   56884768 kB
VmallocTotal:     409600 kB
VmallocUsed:       37744 kB
VmallocChunk:     114716 kB
Time pass: 331 sec

---2015-12-05 12:37:17
MemTotal:        1959952 kB
MemFree:          112548 kB
Buffers:            4428 kB
Cached:           860608 kB
SwapCached:         1364 kB
Active:           736232 kB
Inactive:         610324 kB
Active(anon):     301232 kB
Inactive(anon):   182848 kB
Active(file):     435000 kB
Inactive(file):   427476 kB
Unevictable:        1768 kB
Mlocked:               0 kB
HighTotal:       1372556 kB
HighFree:          35908 kB
LowTotal:         587396 kB
LowFree:           76640 kB
SwapTotal:        262140 kB
SwapFree:         220136 kB
Dirty:               860 kB
Writeback:             0 kB
AnonPages:        483144 kB
Mapped:           371912 kB
Shmem:               792 kB
Slab:              56136 kB
SReclaimable:      16760 kB
SUnreclaim:        39376 kB
KernelStack:       16224 kB
PageTables:        28260 kB
NFS_Unstable:          0 kB
Bounce:                0 kB
WritebackTmp:          0 kB
CommitLimit:     1242116 kB
Committed_AS:   56884760 kB
VmallocTotal:     409600 kB
VmallocUsed:       37744 kB
VmallocChunk:     114716 kB
Time pass: 335 sec

---2015-12-05 12:37:17
MemTotal:        1959952 kB
MemFree:          108672 kB
Buffers:            4428 kB
Cached:           860608 kB
SwapCached:         1364 kB
Active:           739992 kB
Inactive:         610320 kB
Active(anon):     304988 kB
Inactive(anon):   182848 kB
Active(file):     435004 kB
Inactive(file):   427472 kB
Unevictable:        1768 kB
Mlocked:               0 kB
HighTotal:       1372556 kB
HighFree:          32348 kB
LowTotal:         587396 kB
LowFree:           76324 kB
SwapTotal:        262140 kB
SwapFree:         220136 kB
Dirty:               820 kB
Writeback:             0 kB
AnonPages:        487112 kB
Mapped:           375556 kB
Shmem:               792 kB
Slab:              56232 kB
SReclaimable:      16760 kB
SUnreclaim:        39472 kB
KernelStack:       16320 kB
PageTables:        28608 kB
NFS_Unstable:          0 kB
Bounce:                0 kB
WritebackTmp:          0 kB
CommitLimit:     1242116 kB
Committed_AS:   57854936 kB
VmallocTotal:     409600 kB
VmallocUsed:       38764 kB
VmallocChunk:     114716 kB
Time pass: 339 sec

---2015-12-05 12:37:17
MemTotal:        1959952 kB
MemFree:          111272 kB
Buffers:            4428 kB
Cached:           860608 kB
SwapCached:         1364 kB
Active:           737316 kB
Inactive:         610324 kB
Active(anon):     302316 kB
Inactive(anon):   182848 kB
Active(file):     435000 kB
Inactive(file):   427476 kB
Unevictable:        1768 kB
Mlocked:               0 kB
HighTotal:       1372556 kB
HighFree:          34816 kB
LowTotal:         587396 kB
LowFree:           76456 kB
SwapTotal:        262140 kB
SwapFree:         220136 kB
Dirty:               840 kB
Writeback:             0 kB
AnonPages:        484380 kB
Mapped:           371912 kB
Shmem:               792 kB
Slab:              56072 kB
SReclaimable:      16760 kB
SUnreclaim:        39312 kB
KernelStack:       16224 kB
PageTables:        28256 kB
NFS_Unstable:          0 kB
Bounce:                0 kB
WritebackTmp:          0 kB
CommitLimit:     1242116 kB
Committed_AS:   56885012 kB
VmallocTotal:     409600 kB
VmallocUsed:       37744 kB
VmallocChunk:     114716 kB
Time pass: 343 sec

---2015-12-05 12:37:17
MemTotal:        1959952 kB
MemFree:          109884 kB
Buffers:            4428 kB
Cached:           860608 kB
SwapCached:         1364 kB
Active:           738444 kB
Inactive:         610324 kB
Active(anon):     303444 kB
Inactive(anon):   182848 kB
Active(file):     435000 kB
Inactive(file):   427476 kB
Unevictable:        1768 kB
Mlocked:               0 kB
HighTotal:       1372556 kB
HighFree:          33648 kB
LowTotal:         587396 kB
LowFree:           76236 kB
SwapTotal:        262140 kB
SwapFree:         220136 kB
Dirty:               840 kB
Writeback:             0 kB
AnonPages:        485448 kB
Mapped:           371912 kB
