---2015-10-23 20:34:50
MemTotal:        1350964 kB
MemFree:          217700 kB
Buffers:           51008 kB
Cached:           454572 kB
SwapCached:            0 kB
Active:           680328 kB
Inactive:         252080 kB
Active(anon):     435104 kB
Inactive(anon):     2336 kB
Active(file):     245224 kB
Inactive(file):   249744 kB
Unevictable:        8224 kB
Mlocked:               0 kB
HighTotal:        802816 kB
HighFree:         115768 kB
LowTotal:         548148 kB
LowFree:          101932 kB
SwapTotal:             0 kB
SwapFree:              0 kB
Dirty:                 0 kB
Writeback:             0 kB
AnonPages:        435164 kB
Mapped:           143740 kB
Shmem:              2388 kB
Slab:              34260 kB
SReclaimable:      12876 kB
SUnreclaim:        21384 kB
KernelStack:        6808 kB
PageTables:        13832 kB
NFS_Unstable:          0 kB
Bounce:                0 kB
WritebackTmp:          0 kB
CommitLimit:      675480 kB
Committed_AS:   31422452 kB
VmallocTotal:     253952 kB
VmallocUsed:       75100 kB
VmallocChunk:      50180 kB
Time pass: 3 sec

---2015-10-23 20:34:50
MemTotal:        1350964 kB
MemFree:          217336 kB
Buffers:           51008 kB
Cached:           454572 kB
SwapCached:            0 kB
Active:           680396 kB
Inactive:         252080 kB
Active(anon):     435172 kB
Inactive(anon):     2336 kB
Active(file):     245224 kB
Inactive(file):   249744 kB
Unevictable:        8224 kB
Mlocked:               0 kB
HighTotal:        802816 kB
HighFree:         115396 kB
LowTotal:         548148 kB
LowFree:          101940 kB
SwapTotal:             0 kB
SwapFree:              0 kB
Dirty:                 0 kB
Writeback:             0 kB
AnonPages:        435076 kB
Mapped:           143592 kB
Shmem:              2388 kB
Slab:              34260 kB
SReclaimable:      12876 kB
SUnreclaim:        21384 kB
KernelStack:        6800 kB
PageTables:        13832 kB
NFS_Unstable:          0 kB
Bounce:                0 kB
WritebackTmp:          0 kB
CommitLimit:      675480 kB
Committed_AS:   31422408 kB
VmallocTotal:     253952 kB
VmallocUsed:       75100 kB
VmallocChunk:      50180 kB
Time pass: 6 sec

---2015-10-23 20:34:50
MemTotal:        1350964 kB
MemFree:          216864 kB
Buffers:           51008 kB
Cached:           454572 kB
SwapCached:            0 kB
Active:           680424 kB
Inactive:         252080 kB
Active(anon):     435200 kB
Inactive(anon):     2336 kB
Active(file):     245224 kB
Inactive(file):   249744 kB
Unevictable:        8224 kB
Mlocked:               0 kB
HighTotal:        802816 kB
HighFree:         114900 kB
LowTotal:         548148 kB
LowFree:          101964 kB
SwapTotal:             0 kB
SwapFree:              0 kB
Dirty:                 0 kB
Writeback:             0 kB
AnonPages:        435240 kB
Mapped:           143740 kB
Shmem:              2388 kB
Slab:              34260 kB
SReclaimable:      12876 kB
SUnreclaim:        21384 kB
KernelStack:        6776 kB
PageTables:        13832 kB
NFS_Unstable:          0 kB
Bounce:                0 kB
WritebackTmp:          0 kB
CommitLimit:      675480 kB
Committed_AS:   31422412 kB
VmallocTotal:     253952 kB
VmallocUsed:       75100 kB
VmallocChunk:      50180 kB
Time pass: 10 sec

---2015-10-23 20:34:50
MemTotal:        1350964 kB
MemFree:          217816 kB
Buffers:           51008 kB
Cached:           454572 kB
SwapCached:            0 kB
Active:           679104 kB
Inactive:         252080 kB
Active(anon):     433880 kB
Inactive(anon):     2336 kB
Active(file):     245224 kB
Inactive(file):   249744 kB
Unevictable:        8224 kB
Mlocked:               0 kB
HighTotal:        802816 kB
HighFree:         116124 kB
LowTotal:         548148 kB
LowFree:          101692 kB
SwapTotal:             0 kB
SwapFree:              0 kB
Dirty:                 0 kB
Writeback:             0 kB
AnonPages:        434056 kB
Mapped:           143740 kB
Shmem:              2388 kB
Slab:              34260 kB
SReclaimable:      12876 kB
SUnreclaim:        21384 kB
KernelStack:        6776 kB
PageTables:        13832 kB
NFS_Unstable:          0 kB
Bounce:                0 kB
WritebackTmp:          0 kB
CommitLimit:      675480 kB
Committed_AS:   31422356 kB
VmallocTotal:     253952 kB
VmallocUsed:       75100 kB
VmallocChunk:      50180 kB
Time pass: 13 sec

---2015-10-23 20:34:50
MemTotal:        1350964 kB
MemFree:          218048 kB
Buffers:           51008 kB
Cached:           454572 kB
SwapCached:            0 kB
Active:           679188 kB
Inactive:         252080 kB
Active(anon):     433964 kB
Inactive(anon):     2336 kB
Active(file):     245224 kB
Inactive(file):   249744 kB
Unevictable:        8224 kB
Mlocked:               0 kB
HighTotal:        802816 kB
HighFree:         116488 kB
LowTotal:         548148 kB
LowFree:          101560 kB
SwapTotal:             0 kB
SwapFree:              0 kB
Dirty:                 0 kB
Writeback:             0 kB
AnonPages:        433872 kB
Mapped:           143592 kB
Shmem:              2388 kB
Slab:              34260 kB
SReclaimable:      12876 kB
SUnreclaim:        21384 kB
KernelStack:        6784 kB
PageTables:        13832 kB
NFS_Unstable:          0 kB
Bounce:                0 kB
WritebackTmp:          0 kB
CommitLimit:      675480 kB
Committed_AS:   31422324 kB
VmallocTotal:     253952 kB
VmallocUsed:       75100 kB
VmallocChunk:      50180 kB
Time pass: 17 sec

---2015-10-23 20:34:50
MemTotal:        1350964 kB
MemFree:          217824 kB
Buffers:           51008 kB
Cached:           454572 kB
SwapCached:            0 kB
Active:           679184 kB
Inactive:         252080 kB
Active(anon):     433960 kB
Inactive(anon):     2336 kB
Active(file):     245224 kB
Inactive(file):   249744 kB
Unevictable:        8224 kB
Mlocked:               0 kB
HighTotal:        802816 kB
HighFree:         116140 kB
LowTotal:         548148 kB
LowFree:          101684 kB
SwapTotal:             0 kB
SwapFree:              0 kB
Dirty:                 0 kB
Writeback:             0 kB
AnonPages:        434068 kB
Mapped:           143740 kB
Shmem:              2388 kB
Slab:              34260 kB
SReclaimable:      12876 kB
SUnreclaim:        21384 kB
KernelStack:        6784 kB
PageTables:        13832 kB
NFS_Unstable:          0 kB
Bounce:                0 kB
WritebackTmp:          0 kB
CommitLimit:      675480 kB
Committed_AS:   31422360 kB
VmallocTotal:     253952 kB
VmallocUsed:       75100 kB
VmallocChunk:      50180 kB
Time pass: 20 sec

---2015-10-23 20:34:50
MemTotal:        1350964 kB
MemFree:          217848 kB
Buffers:           51008 kB
Cached:           454572 kB
SwapCached:            0 kB
Active:           679264 kB
Inactive:         252080 kB
Active(anon):     434040 kB
Inactive(anon):     2336 kB
Active(file):     245224 kB
Inactive(file):   249744 kB
Unevictable:        8224 kB
Mlocked:               0 kB
HighTotal:        802816 kB
HighFree:         116264 kB
LowTotal:         548148 kB
LowFree:          101584 kB
SwapTotal:             0 kB
SwapFree:              0 kB
Dirty:                 0 kB
Writeback:             0 kB
AnonPages:        434124 kB
Mapped:           143740 kB
Shmem:              2388 kB
Slab:              34260 kB
SReclaimable:      12876 kB
SUnreclaim:        21384 kB
KernelStack:        6784 kB
PageTables:        13832 kB
NFS_Unstable:          0 kB
Bounce:                0 kB
WritebackTmp:          0 kB
CommitLimit:      675480 kB
Committed_AS:   31422356 kB
VmallocTotal:     253952 kB
VmallocUsed:       75100 kB
VmallocChunk:      50180 kB
Time pass: 23 sec

---2015-10-23 20:34:50
MemTotal:        1350964 kB
MemFree:          217948 kB
Buffers:           51008 kB
Cached:           454572 kB
SwapCached:            0 kB
Active:           679340 kB
Inactive:         252080 kB
Active(anon):     434116 kB
Inactive(anon):     2336 kB
Active(file):     245224 kB
Inactive(file):   249744 kB
Unevictable:        8224 kB
Mlocked:               0 kB
HighTotal:        802816 kB
HighFree:         116264 kB
LowTotal:         548148 kB
LowFree:          101684 kB
SwapTotal:             0 kB
SwapFree:              0 kB
Dirty:                 0 kB
Writeback:             0 kB
AnonPages:        434004 kB
Mapped:           143592 kB
Shmem:              2388 kB
Slab:              34260 kB
SReclaimable:      12876 kB
SUnreclaim:        21384 kB
KernelStack:        6784 kB
PageTables:        13828 kB
NFS_Unstable:          0 kB
Bounce:                0 kB
WritebackTmp:          0 kB
CommitLimit:      675480 kB
Committed_AS:   31422320 kB
VmallocTotal:     253952 kB
VmallocUsed:       75100 kB
VmallocChunk:      50180 kB
Time pass: 27 sec

---2015-10-23 20:34:50
MemTotal:        1350964 kB
MemFree:          217608 kB
Buffers:           51008 kB
Cached:           454572 kB
SwapCached:            0 kB
Active:           679424 kB
Inactive:         252080 kB
Active(anon):     434200 kB
Inactive(anon):     2336 kB
Active(file):     245224 kB
Inactive(file):   249744 kB
Unevictable:        8224 kB
Mlocked:               0 kB
HighTotal:        802816 kB
HighFree:         115892 kB
LowTotal:         548148 kB
LowFree:          101716 kB
SwapTotal:             0 kB
SwapFree:              0 kB
Dirty:                 0 kB
Writeback:             0 kB
AnonPages:        434176 kB
Mapped:           143692 kB
Shmem:              2388 kB
Slab:              34260 kB
SReclaimable:      12876 kB
SUnreclaim:        21384 kB
KernelStack:        6768 kB
PageTables:        13816 kB
NFS_Unstable:          0 kB
Bounce:                0 kB
WritebackTmp:          0 kB
CommitLimit:      675480 kB
Committed_AS:   31422324 kB
VmallocTotal:     253952 kB
VmallocUsed:       75100 kB
VmallocChunk:      50180 kB
Time pass: 30 sec

---2015-10-23 20:34:50
MemTotal:        1350964 kB
MemFree:          217576 kB
Buffers:           51008 kB
Cached:           454572 kB
SwapCached:            0 kB
Active:           679488 kB
Inactive:         252080 kB
Active(anon):     434264 kB
Inactive(anon):     2336 kB
Active(file):     245224 kB
Inactive(file):   249744 kB
Unevictable:        8224 kB
Mlocked:               0 kB
HighTotal:        802816 kB
HighFree:         116016 kB
LowTotal:         548148 kB
LowFree:          101560 kB
SwapTotal:             0 kB
SwapFree:              0 kB
Dirty:                 0 kB
Writeback:             0 kB
AnonPages:        434312 kB
Mapped:           143744 kB
Shmem:              2388 kB
Slab:              34260 kB
SReclaimable:      12876 kB
SUnreclaim:        21384 kB
KernelStack:        6784 kB
PageTables:        13832 kB
NFS_Unstable:          0 kB
Bounce:                0 kB
WritebackTmp:          0 kB
CommitLimit:      675480 kB
Committed_AS:   31422344 kB
VmallocTotal:     253952 kB
VmallocUsed:       75100 kB
VmallocChunk:      50180 kB
Time pass: 34 sec

---2015-10-23 20:34:50
MemTotal:        1350964 kB
MemFree:          217700 kB
Buffers:           51008 kB
Cached:           454572 kB
SwapCached:            0 kB
Active:           679544 kB
Inactive:         252080 kB
Active(anon):     434320 kB
Inactive(anon):     2336 kB
Active(file):     245224 kB
Inactive(file):   249744 kB
Unevictable:        8224 kB
Mlocked:               0 kB
HighTotal:        802816 kB
HighFree:         116016 kB
LowTotal:         548148 kB
LowFree:          101684 kB
SwapTotal:             0 kB
SwapFree:              0 kB
Dirty:                 0 kB
Writeback:             0 kB
AnonPages:        434232 kB
Mapped:           143740 kB
Shmem:              2388 kB
Slab:              34260 kB
SReclaimable:      12876 kB
SUnreclaim:        21384 kB
KernelStack:        6784 kB
PageTables:        13832 kB
NFS_Unstable:          0 kB
Bounce:                0 kB
WritebackTmp:          0 kB
CommitLimit:      675480 kB
Committed_AS:   31422348 kB
VmallocTotal:     253952 kB
VmallocUsed:       75100 kB
VmallocChunk:      50180 kB
Time pass: 37 sec

---2015-10-23 20:34:50
MemTotal:        1350964 kB
MemFree:          217476 kB
Buffers:           51008 kB
Cached:           454572 kB
SwapCached:            0 kB
Active:           679672 kB
Inactive:         252080 kB
Active(anon):     434448 kB
Inactive(anon):     2336 kB
Active(file):     245224 kB
Inactive(file):   249744 kB
Unevictable:        8224 kB
Mlocked:               0 kB
HighTotal:        802816 kB
HighFree:         115892 kB
LowTotal:         548148 kB
LowFree:          101584 kB
SwapTotal:             0 kB
SwapFree:              0 kB
Dirty:                 0 kB
Writeback:             0 kB
AnonPages:        434404 kB
Mapped:           143740 kB
Shmem:              2388 kB
Slab:              34260 kB
SReclaimable:      12876 kB
SUnreclaim:        21384 kB
KernelStack:        6784 kB
PageTables:        13832 kB
NFS_Unstable:          0 kB
Bounce:                0 kB
WritebackTmp:          0 kB
CommitLimit:      675480 kB
Committed_AS:   31422324 kB
VmallocTotal:     253952 kB
VmallocUsed:       75100 kB
VmallocChunk:      50180 kB
Time pass: 41 sec

---2015-10-23 20:34:50
MemTotal:        1350964 kB
MemFree:          217848 kB
Buffers:           51008 kB
Cached:           454572 kB
SwapCached:            0 kB
Active:           679688 kB
Inactive:         252080 kB
Active(anon):     434464 kB
Inactive(anon):     2336 kB
Active(file):     245224 kB
Inactive(file):   249744 kB
Unevictable:        8224 kB
Mlocked:               0 kB
HighTotal:        802816 kB
HighFree:         116140 kB
LowTotal:         548148 kB
LowFree:          101708 kB
SwapTotal:             0 kB
SwapFree:              0 kB
Dirty:                 0 kB
Writeback:             0 kB
AnonPages:        434456 kB
Mapped:           143740 kB
Shmem:              2388 kB
Slab:              34260 kB
SReclaimable:      12876 kB
SUnreclaim:        21384 kB
KernelStack:        6784 kB
PageTables:        13828 kB
NFS_Unstable:          0 kB
Bounce:                0 kB
WritebackTmp:          0 kB
CommitLimit:      675480 kB
Committed_AS:   31422316 kB
VmallocTotal:     253952 kB
VmallocUsed:       75100 kB
VmallocChunk:      50180 kB
Time pass: 44 sec

---2015-10-23 20:34:50
MemTotal:        1350964 kB
MemFree:          217948 kB
Buffers:           51008 kB
Cached:           454572 kB
SwapCached:            0 kB
Active:           679600 kB
Inactive:         252080 kB
Active(anon):     434376 kB
Inactive(anon):     2336 kB
Active(file):     245224 kB
Inactive(file):   249744 kB
Unevictable:        8224 kB
Mlocked:               0 kB
HighTotal:        802816 kB
HighFree:         116140 kB
LowTotal:         548148 kB
LowFree:          101808 kB
SwapTotal:             0 kB
SwapFree:              0 kB
Dirty:                 0 kB
Writeback:             0 kB
AnonPages:        434492 kB
Mapped:           143740 kB
Shmem:              2388 kB
Slab:              34260 kB
SReclaimable:      12876 kB
SUnreclaim:        21384 kB
KernelStack:        6784 kB
PageTables:        13828 kB
NFS_Unstable:          0 kB
Bounce:                0 kB
WritebackTmp:          0 kB
CommitLimit:      675480 kB
Committed_AS:   31422256 kB
VmallocTotal:     253952 kB
VmallocUsed:       75100 kB
VmallocChunk:      50180 kB
Time pass: 48 sec

---2015-10-23 20:34:50
MemTotal:        1350964 kB
MemFree:          217824 kB
Buffers:           51008 kB
Cached:           454572 kB
SwapCached:            0 kB
Active:           679732 kB
Inactive:         252080 kB
Active(anon):     434508 kB
Inactive(anon):     2336 kB
Active(file):     245224 kB
Inactive(file):   249744 kB
Unevictable:        8224 kB
Mlocked:               0 kB
HighTotal:        802816 kB
HighFree:         116264 kB
LowTotal:         548148 kB
LowFree:          101560 kB
SwapTotal:             0 kB
SwapFree:              0 kB
Dirty:                 0 kB
Writeback:             0 kB
AnonPages:        434400 kB
Mapped:           143592 kB
Shmem:              2388 kB
Slab:              34260 kB
SReclaimable:      12876 kB
SUnreclaim:        21384 kB
KernelStack:        6784 kB
PageTables:        13832 kB
NFS_Unstable:          0 kB
Bounce:                0 kB
WritebackTmp:          0 kB
CommitLimit:      675480 kB
Committed_AS:   31422316 kB
VmallocTotal:     253952 kB
VmallocUsed:       75100 kB
VmallocChunk:      50180 kB
Time pass: 51 sec

---2015-10-23 20:34:50
MemTotal:        1350964 kB
MemFree:          217352 kB
Buffers:           51008 kB
Cached:           454572 kB
SwapCached:            0 kB
Active:           679776 kB
Inactive:         252080 kB
Active(anon):     434552 kB
Inactive(anon):     2336 kB
Active(file):     245224 kB
Inactive(file):   249744 kB
Unevictable:        8224 kB
Mlocked:               0 kB
HighTotal:        802816 kB
HighFree:         115768 kB
LowTotal:         548148 kB
LowFree:          101584 kB
SwapTotal:             0 kB
SwapFree:              0 kB
Dirty:                 0 kB
Writeback:             0 kB
AnonPages:        434588 kB
Mapped:           143740 kB
Shmem:              2388 kB
Slab:              34260 kB
SReclaimable:      12876 kB
SUnreclaim:        21384 kB
KernelStack:        6784 kB
PageTables:        13832 kB
NFS_Unstable:          0 kB
Bounce:                0 kB
WritebackTmp:          0 kB
CommitLimit:      675480 kB
Committed_AS:   31422312 kB
VmallocTotal:     253952 kB
VmallocUsed:       75100 kB
VmallocChunk:      50180 kB
Time pass: 55 sec

---2015-10-23 20:34:50
MemTotal:        1350964 kB
MemFree:          217600 kB
Buffers:           51008 kB
Cached:           454572 kB
SwapCached:            0 kB
Active:           679792 kB
Inactive:         252080 kB
Active(anon):     434568 kB
Inactive(anon):     2336 kB
Active(file):     245224 kB
Inactive(file):   249744 kB
Unevictable:        8224 kB
Mlocked:               0 kB
HighTotal:        802816 kB
HighFree:         115892 kB
LowTotal:         548148 kB
LowFree:          101708 kB
SwapTotal:             0 kB
SwapFree:              0 kB
Dirty:                 0 kB
Writeback:             0 kB
AnonPages:        434488 kB
Mapped:           143592 kB
Shmem:              2388 kB
Slab:              34260 kB
SReclaimable:      12876 kB
SUnreclaim:        21384 kB
KernelStack:        6784 kB
PageTables:        13832 kB
NFS_Unstable:          0 kB
Bounce:                0 kB
WritebackTmp:          0 kB
CommitLimit:      675480 kB
Committed_AS:   31422292 kB
VmallocTotal:     253952 kB
VmallocUsed:       75100 kB
VmallocChunk:      50180 kB
Time pass: 58 sec

---2015-10-23 20:34:50
MemTotal:        1350964 kB
MemFree:          217352 kB
Buffers:           51008 kB
Cached:           454572 kB
SwapCached:            0 kB
Active:           679964 kB
Inactive:         252080 kB
Active(anon):     434740 kB
Inactive(anon):     2336 kB
Active(file):     245224 kB
Inactive(file):   249744 kB
Unevictable:        8224 kB
Mlocked:               0 kB
HighTotal:        802816 kB
HighFree:         115768 kB
LowTotal:         548148 kB
LowFree:          101584 kB
SwapTotal:             0 kB
SwapFree:              0 kB
Dirty:                 0 kB
Writeback:             0 kB
AnonPages:        434700 kB
Mapped:           143740 kB
Shmem:              2388 kB
Slab:              34260 kB
SReclaimable:      12876 kB
SUnreclaim:        21384 kB
KernelStack:        6784 kB
PageTables:        13832 kB
NFS_Unstable:          0 kB
Bounce:                0 kB
WritebackTmp:          0 kB
CommitLimit:      675480 kB
Committed_AS:   31422304 kB
VmallocTotal:     253952 kB
VmallocUsed:       75100 kB
VmallocChunk:      50180 kB
Time pass: 61 sec

---2015-10-23 20:34:50
MemTotal:        1350964 kB
MemFree:          217104 kB
Buffers:           51008 kB
Cached:           454572 kB
SwapCached:            0 kB
Active:           679952 kB
Inactive:         252080 kB
Active(anon):     434728 kB
Inactive(anon):     2336 kB
Active(file):     245224 kB
Inactive(file):   249744 kB
Unevictable:        8224 kB
Mlocked:               0 kB
HighTotal:        802816 kB
HighFree:         115396 kB
LowTotal:         548148 kB
LowFree:          101708 kB
SwapTotal:             0 kB
SwapFree:              0 kB
Dirty:                 0 kB
Writeback:             0 kB
AnonPages:        434740 kB
Mapped:           143740 kB
Shmem:              2388 kB
Slab:              34260 kB
SReclaimable:      12876 kB
SUnreclaim:        21384 kB
KernelStack:        6784 kB
PageTables:        13832 kB
NFS_Unstable:          0 kB
Bounce:                0 kB
WritebackTmp:          0 kB
CommitLimit:      675480 kB
Committed_AS:   31422340 kB
VmallocTotal:     253952 kB
VmallocUsed:       75100 kB
VmallocChunk:      50180 kB
Time pass: 65 sec

---2015-10-23 20:34:50
MemTotal:        1350964 kB
MemFree:          219952 kB
Buffers:           51008 kB
Cached:           454572 kB
SwapCached:            0 kB
Active:           677064 kB
Inactive:         252080 kB
Active(anon):     431840 kB
Inactive(anon):     2336 kB
Active(file):     245224 kB
Inactive(file):   249744 kB
Unevictable:        8224 kB
Mlocked:               0 kB
HighTotal:        802816 kB
HighFree:         118244 kB
LowTotal:         548148 kB
LowFree:          101708 kB
SwapTotal:             0 kB
SwapFree:              0 kB
Dirty:                 0 kB
Writeback:             0 kB
AnonPages:        431696 kB
Mapped:           143740 kB
Shmem:              2388 kB
Slab:              34260 kB
SReclaimable:      12876 kB
SUnreclaim:        21384 kB
KernelStack:        6784 kB
PageTables:        13832 kB
NFS_Unstable:          0 kB
Bounce:                0 kB
WritebackTmp:          0 kB
CommitLimit:      675480 kB
Committed_AS:   31422344 kB
VmallocTotal:     253952 kB
VmallocUsed:       75100 kB
VmallocChunk:      50180 kB
Time pass: 68 sec

---2015-10-23 20:34:50
MemTotal:        1350964 kB
MemFree:          220188 kB
Buffers:           51008 kB
Cached:           454572 kB
SwapCached:            0 kB
Active:           677052 kB
Inactive:         252080 kB
Active(anon):     431828 kB
Inactive(anon):     2336 kB
Active(file):     245224 kB
Inactive(file):   249744 kB
Unevictable:        8224 kB
Mlocked:               0 kB
HighTotal:        802816 kB
HighFree:         118496 kB
LowTotal:         548148 kB
LowFree:          101692 kB
SwapTotal:             0 kB
SwapFree:              0 kB
Dirty:                 0 kB
Writeback:             0 kB
AnonPages:        431892 kB
Mapped:           143748 kB
Shmem:              2388 kB
Slab:              34260 kB
SReclaimable:      12876 kB
SUnreclaim:        21384 kB
KernelStack:        6784 kB
PageTables:        13816 kB
NFS_Unstable:          0 kB
Bounce:                0 kB
WritebackTmp:          0 kB
CommitLimit:      675480 kB
Committed_AS:   31422348 kB
VmallocTotal:     253952 kB
VmallocUsed:       75100 kB
VmallocChunk:      50180 kB
Time pass: 72 sec

---2015-10-23 20:34:50
MemTotal:        1350964 kB
MemFree:          220080 kB
Buffers:           51008 kB
Cached:           454572 kB
SwapCached:            0 kB
Active:           677100 kB
Inactive:         252080 kB
Active(anon):     431876 kB
Inactive(anon):     2336 kB
Active(file):     245224 kB
Inactive(file):   249744 kB
Unevictable:        8224 kB
Mlocked:               0 kB
HighTotal:        802816 kB
HighFree:         118496 kB
LowTotal:         548148 kB
LowFree:          101584 kB
SwapTotal:             0 kB
SwapFree:              0 kB
Dirty:                 0 kB
Writeback:             0 kB
AnonPages:        431932 kB
Mapped:           143740 kB
Shmem:              2388 kB
Slab:              34260 kB
SReclaimable:      12876 kB
SUnreclaim:        21384 kB
KernelStack:        6784 kB
PageTables:        13832 kB
NFS_Unstable:          0 kB
Bounce:                0 kB
WritebackTmp:          0 kB
CommitLimit:      675480 kB
Committed_AS:   31422256 kB
VmallocTotal:     253952 kB
VmallocUsed:       75100 kB
VmallocChunk:      50180 kB
Time pass: 75 sec

---2015-10-23 20:34:50
MemTotal:        1350964 kB
MemFree:          219824 kB
Buffers:           51008 kB
Cached:           454572 kB
SwapCached:            0 kB
Active:           677140 kB
Inactive:         252080 kB
Active(anon):     431916 kB
Inactive(anon):     2336 kB
Active(file):     245224 kB
Inactive(file):   249744 kB
Unevictable:        8224 kB
Mlocked:               0 kB
HighTotal:        802816 kB
HighFree:         118248 kB
LowTotal:         548148 kB
LowFree:          101576 kB
SwapTotal:             0 kB
SwapFree:              0 kB
Dirty:                 0 kB
Writeback:             0 kB
AnonPages:        431972 kB
Mapped:           143740 kB
Shmem:              2388 kB
Slab:              34260 kB
SReclaimable:      12876 kB
SUnreclaim:        21384 kB
KernelStack:        6784 kB
PageTables:        13832 kB
NFS_Unstable:          0 kB
Bounce:                0 kB
WritebackTmp:          0 kB
CommitLimit:      675480 kB
Committed_AS:   31422256 kB
VmallocTotal:     253952 kB
VmallocUsed:       75100 kB
VmallocChunk:      50180 kB
Time pass: 79 sec

---2015-10-23 20:34:50
MemTotal:        1350964 kB
MemFree:          220056 kB
Buffers:           51008 kB
Cached:           454572 kB
SwapCached:            0 kB
Active:           677212 kB
Inactive:         252080 kB
Active(anon):     431988 kB
Inactive(anon):     2336 kB
Active(file):     245224 kB
Inactive(file):   249744 kB
Unevictable:        8224 kB
Mlocked:               0 kB
HighTotal:        802816 kB
HighFree:         118348 kB
LowTotal:         548148 kB
LowFree:          101708 kB
SwapTotal:             0 kB
SwapFree:              0 kB
Dirty:                 0 kB
Writeback:             0 kB
AnonPages:        431896 kB
Mapped:           143592 kB
Shmem:              2388 kB
Slab:              34260 kB
SReclaimable:      12876 kB
SUnreclaim:        21384 kB
KernelStack:        6784 kB
PageTables:        13832 kB
NFS_Unstable:          0 kB
Bounce:                0 kB
WritebackTmp:          0 kB
CommitLimit:      675480 kB
Committed_AS:   31422316 kB
VmallocTotal:     253952 kB
VmallocUsed:       75100 kB
VmallocChunk:      50180 kB
Time pass: 82 sec

---2015-10-23 20:34:50
MemTotal:        1350964 kB
MemFree:          220056 kB
Buffers:           51008 kB
Cached:           454572 kB
SwapCached:            0 kB
Active:           677268 kB
Inactive:         252080 kB
Active(anon):     432044 kB
Inactive(anon):     2336 kB
Active(file):     245224 kB
Inactive(file):   249744 kB
Unevictable:        8224 kB
Mlocked:               0 kB
HighTotal:        802816 kB
HighFree:         118348 kB
LowTotal:         548148 kB
LowFree:          101708 kB
SwapTotal:             0 kB
SwapFree:              0 kB
Dirty:                 0 kB
Writeback:             0 kB
AnonPages:        432080 kB
Mapped:           143740 kB
Shmem:              2388 kB
Slab:              34260 kB
SReclaimable:      12876 kB
SUnreclaim:        21384 kB
KernelStack:        6784 kB
PageTables:        13832 kB
NFS_Unstable:          0 kB
Bounce:                0 kB
WritebackTmp:          0 kB
CommitLimit:      675480 kB
Committed_AS:   31422316 kB
VmallocTotal:     253952 kB
VmallocUsed:       75100 kB
VmallocChunk:      50180 kB
Time pass: 85 sec

---2015-10-23 20:34:50
MemTotal:        1350964 kB
MemFree:          219872 kB
Buffers:           51008 kB
Cached:           454572 kB
SwapCached:            0 kB
Active:           677508 kB
Inactive:         252080 kB
Active(anon):     432284 kB
Inactive(anon):     2336 kB
Active(file):     245224 kB
Inactive(file):   249744 kB
Unevictable:        8224 kB
Mlocked:               0 kB
HighTotal:        802816 kB
HighFree:         118208 kB
LowTotal:         548148 kB
LowFree:          101664 kB
SwapTotal:             0 kB
SwapFree:              0 kB
Dirty:                 0 kB
Writeback:             0 kB
AnonPages:        432056 kB
Mapped:           143668 kB
Shmem:              2388 kB
Slab:              34260 kB
SReclaimable:      12876 kB
SUnreclaim:        21384 kB
KernelStack:        6872 kB
PageTables:        13852 kB
NFS_Unstable:          0 kB
Bounce:                0 kB
WritebackTmp:          0 kB
CommitLimit:      675480 kB
Committed_AS:   31422460 kB
VmallocTotal:     253952 kB
VmallocUsed:       75100 kB
VmallocChunk:      50180 kB
Time pass: 89 sec

---2015-10-23 20:34:50
MemTotal:        1350964 kB
MemFree:          215100 kB
Buffers:           51008 kB
Cached:           454572 kB
SwapCached:            0 kB
Active:           682664 kB
Inactive:         252080 kB
Active(anon):     437440 kB
Inactive(anon):     2336 kB
Active(file):     245224 kB
Inactive(file):   249744 kB
Unevictable:        8224 kB
Mlocked:               0 kB
HighTotal:        802816 kB
HighFree:         113412 kB
LowTotal:         548148 kB
LowFree:          101688 kB
SwapTotal:             0 kB
SwapFree:              0 kB
Dirty:                 0 kB
Writeback:             0 kB
AnonPages:        437340 kB
Mapped:           144084 kB
Shmem:              2388 kB
Slab:              34260 kB
SReclaimable:      12876 kB
SUnreclaim:        21384 kB
KernelStack:        6856 kB
PageTables:        13960 kB
NFS_Unstable:          0 kB
Bounce:                0 kB
WritebackTmp:          0 kB
CommitLimit:      675480 kB
Committed_AS:   32422728 kB
VmallocTotal:     253952 kB
VmallocUsed:       76120 kB
VmallocChunk:      50180 kB
Time pass: 92 sec

---2015-10-23 20:34:50
MemTotal:        1350964 kB
MemFree:          188916 kB
Buffers:           51192 kB
Cached:           454576 kB
SwapCached:            0 kB
Active:           693868 kB
Inactive:         252184 kB
Active(anon):     448564 kB
Inactive(anon):     2336 kB
Active(file):     245304 kB
Inactive(file):   249848 kB
Unevictable:        8224 kB
Mlocked:               0 kB
HighTotal:        802816 kB
HighFree:          77508 kB
LowTotal:         548148 kB
LowFree:          111408 kB
SwapTotal:             0 kB
SwapFree:              0 kB
Dirty:               892 kB
Writeback:             0 kB
AnonPages:        448508 kB
Mapped:           163688 kB
Shmem:              2388 kB
Slab:              34292 kB
SReclaimable:      12876 kB
SUnreclaim:        21416 kB
KernelStack:        7032 kB
PageTables:        14380 kB
NFS_Unstable:          0 kB
Bounce:                0 kB
WritebackTmp:          0 kB
CommitLimit:      675480 kB
Committed_AS:   32349512 kB
VmallocTotal:     253952 kB
VmallocUsed:       77100 kB
VmallocChunk:      50180 kB
Time pass: 96 sec

---2015-10-23 20:34:50
MemTotal:        1350964 kB
MemFree:          161104 kB
Buffers:           51200 kB
Cached:           454708 kB
SwapCached:            0 kB
Active:           699364 kB
Inactive:         252240 kB
Active(anon):     453972 kB
Inactive(anon):     2468 kB
Active(file):     245392 kB
Inactive(file):   249772 kB
Unevictable:        8224 kB
Mlocked:               0 kB
HighTotal:        802816 kB
HighFree:          56416 kB
LowTotal:         548148 kB
LowFree:          104688 kB
SwapTotal:             0 kB
SwapFree:              0 kB
Dirty:               436 kB
Writeback:             0 kB
AnonPages:        453928 kB
Mapped:           166376 kB
Shmem:              2520 kB
Slab:              34296 kB
SReclaimable:      12876 kB
SUnreclaim:        21420 kB
KernelStack:        7240 kB
PageTables:        14536 kB
NFS_Unstable:          0 kB
Bounce:                0 kB
WritebackTmp:          0 kB
CommitLimit:      675480 kB
Committed_AS:   32381476 kB
VmallocTotal:     253952 kB
VmallocUsed:       77000 kB
VmallocChunk:      50180 kB
Time pass: 99 sec

---2015-10-23 20:34:50
MemTotal:        1350964 kB
MemFree:          135988 kB
Buffers:           51200 kB
Cached:           454836 kB
SwapCached:            0 kB
Active:           715904 kB
Inactive:         252320 kB
Active(anon):     470484 kB
Inactive(anon):     2472 kB
Active(file):     245420 kB
Inactive(file):   249848 kB
Unevictable:        8224 kB
Mlocked:               0 kB
HighTotal:        802816 kB
HighFree:          37276 kB
LowTotal:         548148 kB
LowFree:           98712 kB
SwapTotal:             0 kB
SwapFree:              0 kB
Dirty:               272 kB
Writeback:             0 kB
AnonPages:        470516 kB
Mapped:           170704 kB
Shmem:              2524 kB
Slab:              34300 kB
SReclaimable:      12880 kB
SUnreclaim:        21420 kB
KernelStack:        7296 kB
PageTables:        14600 kB
NFS_Unstable:          0 kB
Bounce:                0 kB
WritebackTmp:          0 kB
CommitLimit:      675480 kB
Committed_AS:   32410408 kB
VmallocTotal:     253952 kB
VmallocUsed:       77000 kB
VmallocChunk:      50180 kB
Time pass: 103 sec

---2015-10-23 20:34:50
MemTotal:        1350964 kB
MemFree:          110608 kB
Buffers:           51212 kB
Cached:           454900 kB
SwapCached:            0 kB
Active:           715500 kB
Inactive:         252288 kB
Active(anon):     469952 kB
Inactive(anon):     2472 kB
Active(file):     245548 kB
Inactive(file):   249816 kB
Unevictable:        8224 kB
Mlocked:               0 kB
HighTotal:        802816 kB
HighFree:          27356 kB
LowTotal:         548148 kB
LowFree:           83252 kB
SwapTotal:             0 kB
SwapFree:              0 kB
Dirty:              4160 kB
Writeback:             0 kB
AnonPages:        469896 kB
Mapped:           170756 kB
Shmem:              2524 kB
Slab:              34328 kB
SReclaimable:      12908 kB
SUnreclaim:        21420 kB
KernelStack:        7304 kB
PageTables:        14656 kB
NFS_Unstable:          0 kB
Bounce:                0 kB
WritebackTmp:          0 kB
CommitLimit:      675480 kB
Committed_AS:   32432572 kB
VmallocTotal:     253952 kB
VmallocUsed:       77000 kB
VmallocChunk:      50180 kB
Time pass: 106 sec

---2015-10-23 20:34:50
MemTotal:        1350964 kB
MemFree:          106432 kB
Buffers:           51220 kB
Cached:           454900 kB
SwapCached:            0 kB
Active:           715780 kB
Inactive:         252288 kB
Active(anon):     470232 kB
Inactive(anon):     2472 kB
Active(file):     245548 kB
Inactive(file):   249816 kB
Unevictable:        8224 kB
Mlocked:               0 kB
HighTotal:        802816 kB
HighFree:          23316 kB
LowTotal:         548148 kB
LowFree:           83116 kB
SwapTotal:             0 kB
SwapFree:              0 kB
Dirty:              1380 kB
Writeback:             0 kB
AnonPages:        470104 kB
Mapped:           170608 kB
Shmem:              2524 kB
Slab:              34344 kB
SReclaimable:      12912 kB
SUnreclaim:        21432 kB
KernelStack:        7304 kB
PageTables:        14664 kB
NFS_Unstable:          0 kB
Bounce:                0 kB
WritebackTmp:          0 kB
CommitLimit:      675480 kB
Committed_AS:   32436156 kB
VmallocTotal:     253952 kB
VmallocUsed:       77000 kB
VmallocChunk:      50180 kB
Time pass: 110 sec

---2015-10-23 20:34:50
MemTotal:        1350964 kB
MemFree:          106504 kB
Buffers:           51220 kB
Cached:           454900 kB
SwapCached:            0 kB
Active:           715796 kB
Inactive:         252288 kB
Active(anon):     470248 kB
Inactive(anon):     2472 kB
Active(file):     245548 kB
Inactive(file):   249816 kB
Unevictable:        8224 kB
Mlocked:               0 kB
HighTotal:        802816 kB
HighFree:          23512 kB
LowTotal:         548148 kB
LowFree:           82992 kB
SwapTotal:             0 kB
SwapFree:              0 kB
Dirty:                 0 kB
Writeback:             0 kB
AnonPages:        470288 kB
Mapped:           170756 kB
Shmem:              2524 kB
Slab:              34348 kB
SReclaimable:      12912 kB
SUnreclaim:        21436 kB
KernelStack:        7304 kB
PageTables:        14668 kB
NFS_Unstable:          0 kB
Bounce:                0 kB
WritebackTmp:          0 kB
CommitLimit:      675480 kB
Committed_AS:   32436040 kB
VmallocTotal:     253952 kB
VmallocUsed:       77000 kB
VmallocChunk:      50180 kB
Time pass: 113 sec

---2015-10-23 20:34:50
MemTotal:        1350964 kB
MemFree:          101684 kB
Buffers:           51220 kB
Cached:           455076 kB
SwapCached:            0 kB
Active:           716808 kB
Inactive:         252456 kB
Active(anon):     471256 kB
Inactive(anon):     2472 kB
Active(file):     245552 kB
Inactive(file):   249984 kB
Unevictable:        8224 kB
Mlocked:               0 kB
HighTotal:        802816 kB
HighFree:          19296 kB
LowTotal:         548148 kB
LowFree:           82388 kB
SwapTotal:             0 kB
SwapFree:              0 kB
Dirty:               660 kB
Writeback:             0 kB
AnonPages:        471256 kB
Mapped:           170824 kB
Shmem:              2524 kB
Slab:              34348 kB
SReclaimable:      12912 kB
SUnreclaim:        21436 kB
KernelStack:        7304 kB
PageTables:        14676 kB
NFS_Unstable:          0 kB
Bounce:                0 kB
WritebackTmp:          0 kB
CommitLimit:      675480 kB
Committed_AS:   32439732 kB
VmallocTotal:     253952 kB
VmallocUsed:       77000 kB
VmallocChunk:      50180 kB
Time pass: 117 sec

---2015-10-23 20:34:50
MemTotal:        1350964 kB
MemFree:          101436 kB
Buffers:           51224 kB
Cached:           455076 kB
SwapCached:            0 kB
Active:           716804 kB
Inactive:         252468 kB
Active(anon):     471252 kB
Inactive(anon):     2472 kB
Active(file):     245552 kB
Inactive(file):   249996 kB
Unevictable:        8224 kB
Mlocked:               0 kB
HighTotal:        802816 kB
HighFree:          18924 kB
LowTotal:         548148 kB
LowFree:           82512 kB
SwapTotal:             0 kB
SwapFree:              0 kB
Dirty:                76 kB
Writeback:             0 kB
AnonPages:        471308 kB
Mapped:           170824 kB
Shmem:              2524 kB
Slab:              34348 kB
SReclaimable:      12912 kB
SUnreclaim:        21436 kB
KernelStack:        7304 kB
PageTables:        14676 kB
NFS_Unstable:          0 kB
Bounce:                0 kB
WritebackTmp:          0 kB
CommitLimit:      675480 kB
Committed_AS:   32439708 kB
VmallocTotal:     253952 kB
VmallocUsed:       77000 kB
VmallocChunk:      50180 kB
Time pass: 120 sec

---2015-10-23 20:34:50
MemTotal:        1350964 kB
MemFree:          101264 kB
Buffers:           51224 kB
Cached:           455076 kB
SwapCached:            0 kB
Active:           716832 kB
Inactive:         252468 kB
Active(anon):     471276 kB
Inactive(anon):     2472 kB
Active(file):     245556 kB
Inactive(file):   249996 kB
Unevictable:        8224 kB
Mlocked:               0 kB
HighTotal:        802816 kB
HighFree:          18924 kB
LowTotal:         548148 kB
LowFree:           82340 kB
SwapTotal:             0 kB
SwapFree:              0 kB
Dirty:                76 kB
Writeback:             0 kB
AnonPages:        471196 kB
Mapped:           170676 kB
Shmem:              2524 kB
Slab:              34348 kB
SReclaimable:      12912 kB
SUnreclaim:        21436 kB
KernelStack:        7304 kB
PageTables:        14676 kB
NFS_Unstable:          0 kB
Bounce:                0 kB
WritebackTmp:          0 kB
CommitLimit:      675480 kB
Committed_AS:   32439700 kB
VmallocTotal:     253952 kB
VmallocUsed:       77000 kB
VmallocChunk:      50180 kB
Time pass: 124 sec

---2015-10-23 20:34:50
MemTotal:        1350964 kB
MemFree:           90944 kB
Buffers:           51228 kB
Cached:           455100 kB
SwapCached:            0 kB
Active:           720880 kB
Inactive:         252480 kB
Active(anon):     475308 kB
Inactive(anon):     2472 kB
Active(file):     245572 kB
Inactive(file):   250008 kB
Unevictable:        8224 kB
Mlocked:               0 kB
HighTotal:        802816 kB
HighFree:           9748 kB
LowTotal:         548148 kB
LowFree:           81196 kB
SwapTotal:             0 kB
SwapFree:              0 kB
Dirty:               548 kB
Writeback:             0 kB
AnonPages:        475260 kB
Mapped:           170856 kB
Shmem:              2524 kB
Slab:              34348 kB
SReclaimable:      12912 kB
SUnreclaim:        21436 kB
KernelStack:        7312 kB
PageTables:        14680 kB
NFS_Unstable:          0 kB
Bounce:                0 kB
WritebackTmp:          0 kB
CommitLimit:      675480 kB
Committed_AS:   32450324 kB
VmallocTotal:     253952 kB
VmallocUsed:       77000 kB
VmallocChunk:      50180 kB
Time pass: 127 sec

---2015-10-23 20:34:50
MemTotal:        1350964 kB
MemFree:           89936 kB
Buffers:           51232 kB
Cached:           455096 kB
SwapCached:            0 kB
Active:           721140 kB
Inactive:         252480 kB
Active(anon):     475568 kB
Inactive(anon):     2472 kB
Active(file):     245572 kB
Inactive(file):   250008 kB
Unevictable:        8224 kB
Mlocked:               0 kB
HighTotal:        802816 kB
HighFree:           8880 kB
LowTotal:         548148 kB
LowFree:           81056 kB
SwapTotal:             0 kB
SwapFree:              0 kB
Dirty:                 0 kB
Writeback:             0 kB
AnonPages:        475556 kB
Mapped:           171348 kB
Shmem:              2524 kB
Slab:              34348 kB
SReclaimable:      12912 kB
SUnreclaim:        21436 kB
KernelStack:        7312 kB
PageTables:        14696 kB
NFS_Unstable:          0 kB
Bounce:                0 kB
WritebackTmp:          0 kB
CommitLimit:      675480 kB
Committed_AS:   32450408 kB
VmallocTotal:     253952 kB
VmallocUsed:       77000 kB
VmallocChunk:      50180 kB
Time pass: 131 sec

---2015-10-23 20:34:50
MemTotal:        1350964 kB
MemFree:           89688 kB
Buffers:           51232 kB
Cached:           455100 kB
SwapCached:            0 kB
Active:           721164 kB
Inactive:         252476 kB
Active(anon):     475584 kB
Inactive(anon):     2472 kB
Active(file):     245580 kB
Inactive(file):   250004 kB
Unevictable:        8224 kB
Mlocked:               0 kB
HighTotal:        802816 kB
HighFree:           8632 kB
LowTotal:         548148 kB
LowFree:           81056 kB
SwapTotal:             0 kB
SwapFree:              0 kB
Dirty:                44 kB
Writeback:             0 kB
AnonPages:        475624 kB
Mapped:           171284 kB
Shmem:              2524 kB
Slab:              34348 kB
SReclaimable:      12912 kB
SUnreclaim:        21436 kB
KernelStack:        7312 kB
PageTables:        14700 kB
NFS_Unstable:          0 kB
Bounce:                0 kB
WritebackTmp:          0 kB
CommitLimit:      675480 kB
Committed_AS:   32450408 kB
VmallocTotal:     253952 kB
VmallocUsed:       77000 kB
VmallocChunk:      50180 kB
Time pass: 134 sec

---2015-10-23 20:34:50
MemTotal:        1350964 kB
MemFree:           81604 kB
Buffers:           51240 kB
Cached:           455228 kB
SwapCached:            0 kB
Active:           729280 kB
Inactive:         252588 kB
Active(anon):     483680 kB
Inactive(anon):     2588 kB
Active(file):     245600 kB
Inactive(file):   250000 kB
Unevictable:        8224 kB
Mlocked:               0 kB
HighTotal:        802816 kB
HighFree:           1564 kB
LowTotal:         548148 kB
LowFree:           80040 kB
SwapTotal:             0 kB
SwapFree:              0 kB
Dirty:                56 kB
Writeback:             0 kB
AnonPages:        483896 kB
Mapped:           174216 kB
Shmem:              2644 kB
Slab:              34380 kB
SReclaimable:      12912 kB
SUnreclaim:        21468 kB
KernelStack:        7520 kB
PageTables:        14840 kB
NFS_Unstable:          0 kB
Bounce:                0 kB
WritebackTmp:          0 kB
CommitLimit:      675480 kB
Committed_AS:   32473976 kB
VmallocTotal:     253952 kB
VmallocUsed:       77196 kB
VmallocChunk:      50180 kB
Time pass: 138 sec

---2015-10-23 20:34:50
MemTotal:        1350964 kB
MemFree:           80012 kB
Buffers:           51244 kB
Cached:           455208 kB
SwapCached:            0 kB
Active:           730808 kB
Inactive:         252516 kB
Active(anon):     485192 kB
Inactive(anon):     2528 kB
Active(file):     245616 kB
Inactive(file):   249988 kB
Unevictable:        8224 kB
Mlocked:               0 kB
HighTotal:        802816 kB
HighFree:           1564 kB
LowTotal:         548148 kB
LowFree:           78448 kB
SwapTotal:             0 kB
SwapFree:              0 kB
Dirty:                56 kB
Writeback:             0 kB
AnonPages:        485092 kB
Mapped:           174212 kB
Shmem:              2624 kB
Slab:              34412 kB
SReclaimable:      12912 kB
SUnreclaim:        21500 kB
KernelStack:        7488 kB
PageTables:        14828 kB
NFS_Unstable:          0 kB
Bounce:                0 kB
WritebackTmp:          0 kB
CommitLimit:      675480 kB
Committed_AS:   32469220 kB
VmallocTotal:     253952 kB
VmallocUsed:       77312 kB
VmallocChunk:      50180 kB
Time pass: 141 sec

---2015-10-23 20:34:50
MemTotal:        1350964 kB
MemFree:           74028 kB
Buffers:           51244 kB
Cached:           455352 kB
SwapCached:            0 kB
Active:           732052 kB
Inactive:         252696 kB
Active(anon):     486432 kB
Inactive(anon):     2708 kB
Active(file):     245620 kB
Inactive(file):   249988 kB
Unevictable:        8224 kB
Mlocked:               0 kB
HighTotal:        802816 kB
HighFree:           1564 kB
LowTotal:         548148 kB
LowFree:           72464 kB
SwapTotal:             0 kB
SwapFree:              0 kB
Dirty:                36 kB
Writeback:             0 kB
AnonPages:        486316 kB
Mapped:           174356 kB
Shmem:              2764 kB
Slab:              34412 kB
SReclaimable:      12912 kB
SUnreclaim:        21500 kB
KernelStack:        7528 kB
PageTables:        15020 kB
NFS_Unstable:          0 kB
Bounce:                0 kB
WritebackTmp:          0 kB
CommitLimit:      675480 kB
Committed_AS:   32479912 kB
VmallocTotal:     253952 kB
VmallocUsed:       77532 kB
VmallocChunk:      50180 kB
Time pass: 145 sec

---2015-10-23 20:34:50
MemTotal:        1350964 kB
MemFree:           54428 kB
Buffers:           51248 kB
Cached:           454948 kB
SwapCached:            0 kB
Active:           738812 kB
Inactive:         252528 kB
Active(anon):     493180 kB
Inactive(anon):     2552 kB
Active(file):     245632 kB
Inactive(file):   249976 kB
Unevictable:        8224 kB
Mlocked:               0 kB
HighTotal:        802816 kB
HighFree:           1564 kB
LowTotal:         548148 kB
LowFree:           52864 kB
SwapTotal:             0 kB
SwapFree:              0 kB
Dirty:                36 kB
Writeback:             0 kB
AnonPages:        493096 kB
Mapped:           173868 kB
Shmem:              2364 kB
Slab:              34412 kB
SReclaimable:      12912 kB
SUnreclaim:        21500 kB
KernelStack:        7688 kB
PageTables:        15212 kB
NFS_Unstable:          0 kB
Bounce:                0 kB
WritebackTmp:          0 kB
CommitLimit:      675480 kB
Committed_AS:   33491188 kB
VmallocTotal:     253952 kB
VmallocUsed:       77632 kB
VmallocChunk:      50180 kB
Time pass: 150 sec

---2015-10-23 20:34:50
MemTotal:        1350964 kB
MemFree:           54732 kB
Buffers:           50552 kB
Cached:           449456 kB
SwapCached:            0 kB
Active:           729968 kB
Inactive:         250384 kB
Active(anon):     488620 kB
Inactive(anon):     2472 kB
Active(file):     241348 kB
Inactive(file):   247912 kB
Unevictable:        8224 kB
Mlocked:               0 kB
HighTotal:        802816 kB
HighFree:           1564 kB
LowTotal:         548148 kB
LowFree:           53168 kB
SwapTotal:             0 kB
SwapFree:              0 kB
Dirty:                 0 kB
Writeback:             0 kB
AnonPages:        488700 kB
Mapped:           173484 kB
Shmem:              2524 kB
Slab:              34416 kB
SReclaimable:      12912 kB
SUnreclaim:        21504 kB
KernelStack:        7544 kB
PageTables:        14912 kB
NFS_Unstable:          0 kB
Bounce:                0 kB
WritebackTmp:          0 kB
CommitLimit:      675480 kB
Committed_AS:   32508184 kB
VmallocTotal:     253952 kB
VmallocUsed:       77320 kB
VmallocChunk:      50180 kB
Time pass: 154 sec

---2015-10-23 20:34:50
MemTotal:        1350964 kB
MemFree:          226180 kB
Buffers:           50556 kB
Cached:           449324 kB
SwapCached:            0 kB
Active:           673736 kB
Inactive:         250248 kB
Active(anon):     432380 kB
Inactive(anon):     2336 kB
Active(file):     241356 kB
Inactive(file):   247912 kB
Unevictable:        8224 kB
Mlocked:               0 kB
HighTotal:        802816 kB
HighFree:         121856 kB
LowTotal:         548148 kB
LowFree:          104324 kB
SwapTotal:             0 kB
SwapFree:              0 kB
Dirty:                24 kB
Writeback:             0 kB
AnonPages:        432224 kB
Mapped:           143332 kB
Shmem:              2388 kB
Slab:              34376 kB
SReclaimable:      12912 kB
SUnreclaim:        21464 kB
KernelStack:        6920 kB
PageTables:        13860 kB
NFS_Unstable:          0 kB
Bounce:                0 kB
WritebackTmp:          0 kB
CommitLimit:      675480 kB
Committed_AS:   31423600 kB
VmallocTotal:     253952 kB
VmallocUsed:       75100 kB
VmallocChunk:      50180 kB
Time pass: 157 sec

---2015-10-23 20:34:50
MemTotal:        1350964 kB
MemFree:          217692 kB
Buffers:           50556 kB
Cached:           449324 kB
SwapCached:            0 kB
Active:           682700 kB
Inactive:         250248 kB
Active(anon):     441344 kB
Inactive(anon):     2336 kB
Active(file):     241356 kB
Inactive(file):   247912 kB
Unevictable:        8224 kB
Mlocked:               0 kB
HighTotal:        802816 kB
HighFree:         113316 kB
LowTotal:         548148 kB
LowFree:          104376 kB
SwapTotal:             0 kB
SwapFree:              0 kB
Dirty:                 0 kB
Writeback:             0 kB
AnonPages:        441212 kB
Mapped:           143684 kB
Shmem:              2388 kB
Slab:              34376 kB
SReclaimable:      12912 kB
SUnreclaim:        21464 kB
KernelStack:        6976 kB
PageTables:        14208 kB
NFS_Unstable:          0 kB
Bounce:                0 kB
WritebackTmp:          0 kB
CommitLimit:      675480 kB
Committed_AS:   33423252 kB
VmallocTotal:     253952 kB
VmallocUsed:       76120 kB
VmallocChunk:      50180 kB
Time pass: 160 sec

---2015-10-23 20:34:50
MemTotal:        1350964 kB
MemFree:          226604 kB
Buffers:           50556 kB
Cached:           449324 kB
SwapCached:            0 kB
Active:           673096 kB
Inactive:         250244 kB
Active(anon):     431736 kB
Inactive(anon):     2336 kB
Active(file):     241360 kB
Inactive(file):   247908 kB
Unevictable:        8224 kB
Mlocked:               0 kB
HighTotal:        802816 kB
HighFree:         121920 kB
LowTotal:         548148 kB
LowFree:          104684 kB
SwapTotal:             0 kB
SwapFree:              0 kB
Dirty:                24 kB
Writeback:             0 kB
AnonPages:        431740 kB
Mapped:           143412 kB
Shmem:              2388 kB
Slab:              34376 kB
SReclaimable:      12912 kB
SUnreclaim:        21464 kB
KernelStack:        6800 kB
PageTables:        13832 kB
NFS_Unstable:          0 kB
Bounce:                0 kB
WritebackTmp:          0 kB
CommitLimit:      675480 kB
Committed_AS:   31422200 kB
VmallocTotal:     253952 kB
VmallocUsed:       75100 kB
VmallocChunk:      50180 kB
Time pass: 164 sec

---2015-10-23 20:34:50
MemTotal:        1350964 kB
MemFree:          227100 kB
Buffers:           50556 kB
Cached:           449324 kB
SwapCached:            0 kB
Active:           672240 kB
Inactive:         250244 kB
Active(anon):     430880 kB
Inactive(anon):     2336 kB
Active(file):     241360 kB
Inactive(file):   247908 kB
Unevictable:        8224 kB
Mlocked:               0 kB
HighTotal:        802816 kB
HighFree:         122292 kB
LowTotal:         548148 kB
LowFree:          104808 kB
SwapTotal:             0 kB
SwapFree:              0 kB
Dirty:                 0 kB
Writeback:             0 kB
AnonPages:        430836 kB
Mapped:           143264 kB
Shmem:              2388 kB
Slab:              34376 kB
SReclaimable:      12912 kB
SUnreclaim:        21464 kB
KernelStack:        6800 kB
PageTables:        13832 kB
NFS_Unstable:          0 kB
Bounce:                0 kB
WritebackTmp:          0 kB
CommitLimit:      675480 kB
Committed_AS:   31422204 kB
VmallocTotal:     253952 kB
VmallocUsed:       75100 kB
VmallocChunk:      50180 kB
Time pass: 167 sec

---2015-10-23 20:34:50
MemTotal:        1350964 kB
MemFree:          227148 kB
Buffers:           50556 kB
Cached:           449324 kB
SwapCached:            0 kB
Active:           672328 kB
Inactive:         250244 kB
Active(anon):     430968 kB
Inactive(anon):     2336 kB
Active(file):     241360 kB
Inactive(file):   247908 kB
Unevictable:        8224 kB
Mlocked:               0 kB
HighTotal:        802816 kB
HighFree:         122340 kB
LowTotal:         548148 kB
LowFree:          104808 kB
SwapTotal:             0 kB
SwapFree:              0 kB
Dirty:                 0 kB
Writeback:             0 kB
AnonPages:        431028 kB
Mapped:           143412 kB
Shmem:              2388 kB
Slab:              34376 kB
SReclaimable:      12912 kB
SUnreclaim:        21464 kB
KernelStack:        6800 kB
PageTables:        13832 kB
NFS_Unstable:          0 kB
Bounce:                0 kB
WritebackTmp:          0 kB
CommitLimit:      675480 kB
Committed_AS:   31422228 kB
VmallocTotal:     253952 kB
VmallocUsed:       75100 kB
VmallocChunk:      50180 kB
Time pass: 171 sec

---2015-10-23 20:34:50
MemTotal:        1350964 kB
MemFree:          226924 kB
Buffers:           50556 kB
Cached:           449324 kB
SwapCached:            0 kB
Active:           672380 kB
Inactive:         250244 kB
Active(anon):     431020 kB
Inactive(anon):     2336 kB
Active(file):     241360 kB
Inactive(file):   247908 kB
Unevictable:        8224 kB
Mlocked:               0 kB
HighTotal:        802816 kB
HighFree:         122340 kB
LowTotal:         548148 kB
LowFree:          104584 kB
SwapTotal:             0 kB
SwapFree:              0 kB
Dirty:                 0 kB
Writeback:             0 kB
AnonPages:        431064 kB
Mapped:           143412 kB
Shmem:              2388 kB
Slab:              34376 kB
SReclaimable:      12912 kB
SUnreclaim:        21464 kB
KernelStack:        6800 kB
PageTables:        13832 kB
NFS_Unstable:          0 kB
Bounce:                0 kB
WritebackTmp:          0 kB
CommitLimit:      675480 kB
Committed_AS:   31422116 kB
VmallocTotal:     253952 kB
VmallocUsed:       75100 kB
VmallocChunk:      50180 kB
Time pass: 175 sec

---2015-10-23 20:34:50
MemTotal:        1350964 kB
MemFree:          226768 kB
Buffers:           50556 kB
Cached:           449324 kB
SwapCached:            0 kB
Active:           672416 kB
Inactive:         250244 kB
Active(anon):     431056 kB
Inactive(anon):     2336 kB
Active(file):     241360 kB
Inactive(file):   247908 kB
Unevictable:        8224 kB
Mlocked:               0 kB
HighTotal:        802816 kB
HighFree:         122216 kB
LowTotal:         548148 kB
LowFree:          104552 kB
SwapTotal:             0 kB
SwapFree:              0 kB
Dirty:                 0 kB
Writeback:             0 kB
AnonPages:        431096 kB
Mapped:           143412 kB
Shmem:              2388 kB
Slab:              34376 kB
SReclaimable:      12912 kB
SUnreclaim:        21464 kB
KernelStack:        6800 kB
PageTables:        13832 kB
NFS_Unstable:          0 kB
Bounce:                0 kB
WritebackTmp:          0 kB
CommitLimit:      675480 kB
Committed_AS:   31422216 kB
VmallocTotal:     253952 kB
VmallocUsed:       75100 kB
VmallocChunk:      50180 kB
Time pass: 178 sec

---2015-10-23 20:34:50
MemTotal:        1350964 kB
MemFree:          226924 kB
Buffers:           50556 kB
Cached:           449324 kB
SwapCached:            0 kB
Active:           672548 kB
Inactive:         250244 kB
Active(anon):     431188 kB
Inactive(anon):     2336 kB
Active(file):     241360 kB
Inactive(file):   247908 kB
Unevictable:        8224 kB
Mlocked:               0 kB
HighTotal:        802816 kB
HighFree:         122216 kB
LowTotal:         548148 kB
LowFree:          104708 kB
SwapTotal:             0 kB
SwapFree:              0 kB
Dirty:                 0 kB
Writeback:             0 kB
AnonPages:        431144 kB
Mapped:           143412 kB
Shmem:              2388 kB
Slab:              34376 kB
SReclaimable:      12912 kB
SUnreclaim:        21464 kB
KernelStack:        6800 kB
PageTables:        13832 kB
NFS_Unstable:          0 kB
Bounce:                0 kB
WritebackTmp:          0 kB
CommitLimit:      675480 kB
Committed_AS:   31422228 kB
VmallocTotal:     253952 kB
VmallocUsed:       75100 kB
VmallocChunk:      50180 kB
Time pass: 182 sec

---2015-10-23 20:34:50
MemTotal:        1350964 kB
MemFree:          227100 kB
Buffers:           50556 kB
Cached:           449324 kB
SwapCached:            0 kB
Active:           672500 kB
Inactive:         250244 kB
Active(anon):     431140 kB
Inactive(anon):     2336 kB
Active(file):     241360 kB
Inactive(file):   247908 kB
Unevictable:        8224 kB
Mlocked:               0 kB
HighTotal:        802816 kB
HighFree:         122540 kB
LowTotal:         548148 kB
LowFree:          104560 kB
SwapTotal:             0 kB
SwapFree:              0 kB
Dirty:                 0 kB
Writeback:             0 kB
AnonPages:        431036 kB
Mapped:           143264 kB
Shmem:              2388 kB
Slab:              34376 kB
SReclaimable:      12912 kB
SUnreclaim:        21464 kB
KernelStack:        6800 kB
PageTables:        13832 kB
NFS_Unstable:          0 kB
Bounce:                0 kB
WritebackTmp:          0 kB
CommitLimit:      675480 kB
Committed_AS:   31422204 kB
VmallocTotal:     253952 kB
VmallocUsed:       75100 kB
VmallocChunk:      50180 kB
Time pass: 185 sec

---2015-10-23 20:34:50
MemTotal:        1350964 kB
MemFree:          227148 kB
Buffers:           50556 kB
Cached:           449324 kB
SwapCached:            0 kB
Active:           672508 kB
Inactive:         250244 kB
Active(anon):     431148 kB
Inactive(anon):     2336 kB
Active(file):     241360 kB
Inactive(file):   247908 kB
Unevictable:        8224 kB
Mlocked:               0 kB
HighTotal:        802816 kB
HighFree:         122588 kB
LowTotal:         548148 kB
LowFree:          104560 kB
SwapTotal:             0 kB
SwapFree:              0 kB
Dirty:                 0 kB
Writeback:             0 kB
AnonPages:        431216 kB
Mapped:           143412 kB
Shmem:              2388 kB
Slab:              34376 kB
SReclaimable:      12912 kB
SUnreclaim:        21464 kB
KernelStack:        6800 kB
PageTables:        13832 kB
NFS_Unstable:          0 kB
Bounce:                0 kB
WritebackTmp:          0 kB
CommitLimit:      675480 kB
Committed_AS:   31422236 kB
VmallocTotal:     253952 kB
VmallocUsed:       75100 kB
VmallocChunk:      50180 kB
Time pass: 188 sec

---2015-10-23 20:34:50
MemTotal:        1350964 kB
MemFree:          241604 kB
Buffers:           50600 kB
Cached:           449280 kB
SwapCached:            0 kB
Active:           680748 kB
Inactive:         250444 kB
Active(anon):     439588 kB
Inactive(anon):     2336 kB
Active(file):     241160 kB
Inactive(file):   248108 kB
Unevictable:        8224 kB
Mlocked:               0 kB
HighTotal:        802816 kB
HighFree:         118248 kB
LowTotal:         548148 kB
LowFree:          123356 kB
SwapTotal:             0 kB
SwapFree:              0 kB
Dirty:               596 kB
Writeback:             0 kB
AnonPages:        439524 kB
Mapped:           157240 kB
Shmem:              2388 kB
Slab:              34376 kB
SReclaimable:      12912 kB
SUnreclaim:        21464 kB
KernelStack:        6848 kB
PageTables:        14264 kB
NFS_Unstable:          0 kB
Bounce:                0 kB
WritebackTmp:          0 kB
CommitLimit:      675480 kB
Committed_AS:   32290368 kB
VmallocTotal:     253952 kB
VmallocUsed:       76244 kB
VmallocChunk:      50180 kB
Time pass: 192 sec

---2015-10-23 20:34:50
MemTotal:        1350964 kB
MemFree:          184408 kB
Buffers:           50652 kB
Cached:           449456 kB
SwapCached:            0 kB
Active:           691304 kB
Inactive:         250452 kB
Active(anon):     449924 kB
Inactive(anon):     2464 kB
Active(file):     241380 kB
Inactive(file):   247988 kB
Unevictable:        8224 kB
Mlocked:               0 kB
HighTotal:        802816 kB
HighFree:          68004 kB
LowTotal:         548148 kB
LowFree:          116404 kB
SwapTotal:             0 kB
SwapFree:              0 kB
Dirty:               956 kB
Writeback:             0 kB
AnonPages:        449776 kB
Mapped:           164944 kB
Shmem:              2516 kB
Slab:              34376 kB
SReclaimable:      12912 kB
SUnreclaim:        21464 kB
KernelStack:        7184 kB
PageTables:        14504 kB
NFS_Unstable:          0 kB
Bounce:                0 kB
WritebackTmp:          0 kB
CommitLimit:      675480 kB
Committed_AS:   32365896 kB
VmallocTotal:     253952 kB
VmallocUsed:       77000 kB
VmallocChunk:      50180 kB
Time pass: 195 sec

---2015-10-23 20:34:50
MemTotal:        1350964 kB
MemFree:          170856 kB
Buffers:           50656 kB
Cached:           449464 kB
SwapCached:            0 kB
Active:           693308 kB
Inactive:         250452 kB
Active(anon):     451916 kB
Inactive(anon):     2464 kB
Active(file):     241392 kB
Inactive(file):   247988 kB
Unevictable:        8224 kB
Mlocked:               0 kB
HighTotal:        802816 kB
HighFree:          62176 kB
LowTotal:         548148 kB
LowFree:          108680 kB
SwapTotal:             0 kB
SwapFree:              0 kB
Dirty:               192 kB
Writeback:             0 kB
AnonPages:        451864 kB
Mapped:           166256 kB
Shmem:              2516 kB
Slab:              34384 kB
SReclaimable:      12912 kB
SUnreclaim:        21472 kB
KernelStack:        7200 kB
PageTables:        14532 kB
NFS_Unstable:          0 kB
Bounce:                0 kB
WritebackTmp:          0 kB
CommitLimit:      675480 kB
Committed_AS:   32376652 kB
VmallocTotal:     253952 kB
VmallocUsed:       77000 kB
VmallocChunk:      50180 kB
Time pass: 199 sec

---2015-10-23 20:34:50
MemTotal:        1350964 kB
MemFree:          169036 kB
Buffers:           50656 kB
Cached:           449464 kB
SwapCached:            0 kB
Active:           692652 kB
Inactive:         250452 kB
Active(anon):     451260 kB
Inactive(anon):     2464 kB
Active(file):     241392 kB
Inactive(file):   247988 kB
Unevictable:        8224 kB
Mlocked:               0 kB
HighTotal:        802816 kB
HighFree:          62500 kB
LowTotal:         548148 kB
LowFree:          106536 kB
SwapTotal:             0 kB
SwapFree:              0 kB
Dirty:                 0 kB
Writeback:             0 kB
AnonPages:        451360 kB
Mapped:           166256 kB
Shmem:              2516 kB
Slab:              34384 kB
SReclaimable:      12912 kB
SUnreclaim:        21472 kB
KernelStack:        7200 kB
PageTables:        14528 kB
NFS_Unstable:          0 kB
Bounce:                0 kB
WritebackTmp:          0 kB
CommitLimit:      675480 kB
Committed_AS:   32379740 kB
VmallocTotal:     253952 kB
VmallocUsed:       77000 kB
VmallocChunk:      50180 kB
Time pass: 202 sec

---2015-10-23 20:34:50
MemTotal:        1350964 kB
MemFree:          148076 kB
Buffers:           50656 kB
Cached:           449644 kB
SwapCached:            0 kB
Active:           705356 kB
Inactive:         250620 kB
Active(anon):     463952 kB
Inactive(anon):     2468 kB
Active(file):     241404 kB
Inactive(file):   248152 kB
Unevictable:        8224 kB
Mlocked:               0 kB
HighTotal:        802816 kB
HighFree:          46824 kB
LowTotal:         548148 kB
LowFree:          101252 kB
SwapTotal:             0 kB
SwapFree:              0 kB
Dirty:               404 kB
Writeback:             0 kB
AnonPages:        463968 kB
Mapped:           170328 kB
Shmem:              2520 kB
Slab:              34384 kB
SReclaimable:      12912 kB
SUnreclaim:        21472 kB
KernelStack:        7248 kB
PageTables:        14588 kB
NFS_Unstable:          0 kB
Bounce:                0 kB
WritebackTmp:          0 kB
CommitLimit:      675480 kB
Committed_AS:   32402308 kB
VmallocTotal:     253952 kB
VmallocUsed:       77000 kB
VmallocChunk:      50180 kB
Time pass: 205 sec

---2015-10-23 20:34:50
MemTotal:        1350964 kB
MemFree:          119608 kB
Buffers:           50660 kB
Cached:           449792 kB
SwapCached:            0 kB
Active:           710892 kB
Inactive:         250728 kB
Active(anon):     469592 kB
Inactive(anon):     2468 kB
Active(file):     241300 kB
Inactive(file):   248260 kB
Unevictable:        8224 kB
Mlocked:               0 kB
HighTotal:        802816 kB
HighFree:          34400 kB
LowTotal:         548148 kB
LowFree:           85208 kB
SwapTotal:             0 kB
SwapFree:              0 kB
Dirty:              2356 kB
Writeback:             0 kB
AnonPages:        469576 kB
Mapped:           170540 kB
Shmem:              2520 kB
Slab:              34384 kB
SReclaimable:      12912 kB
SUnreclaim:        21472 kB
KernelStack:        7280 kB
PageTables:        14628 kB
NFS_Unstable:          0 kB
Bounce:                0 kB
WritebackTmp:          0 kB
CommitLimit:      675480 kB
Committed_AS:   32426548 kB
VmallocTotal:     253952 kB
VmallocUsed:       77000 kB
VmallocChunk:      50180 kB
Time pass: 209 sec

---2015-10-23 20:34:50
MemTotal:        1350964 kB
MemFree:          116848 kB
Buffers:           50664 kB
Cached:           449752 kB
SwapCached:            0 kB
Active:           709596 kB
Inactive:         250836 kB
Active(anon):     468292 kB
Inactive(anon):     2468 kB
Active(file):     241304 kB
Inactive(file):   248368 kB
Unevictable:        8224 kB
Mlocked:               0 kB
HighTotal:        802816 kB
HighFree:          32316 kB
LowTotal:         548148 kB
LowFree:           84532 kB
SwapTotal:             0 kB
SwapFree:              0 kB
Dirty:                36 kB
Writeback:           108 kB
AnonPages:        468308 kB
Mapped:           170540 kB
Shmem:              2520 kB
Slab:              34388 kB
SReclaimable:      12912 kB
SUnreclaim:        21476 kB
KernelStack:        7280 kB
PageTables:        14644 kB
NFS_Unstable:          0 kB
Bounce:                0 kB
WritebackTmp:          0 kB
CommitLimit:      675480 kB
Committed_AS:   32428656 kB
VmallocTotal:     253952 kB
VmallocUsed:       77000 kB
VmallocChunk:      50180 kB
Time pass: 212 sec

---2015-10-23 20:34:50
MemTotal:        1350964 kB
MemFree:          106632 kB
Buffers:           50664 kB
Cached:           449760 kB
SwapCached:            0 kB
Active:           713616 kB
Inactive:         250852 kB
Active(anon):     472320 kB
Inactive(anon):     2468 kB
Active(file):     241296 kB
Inactive(file):   248384 kB
Unevictable:        8224 kB
Mlocked:               0 kB
HighTotal:        802816 kB
HighFree:          22644 kB
LowTotal:         548148 kB
LowFree:           83988 kB
SwapTotal:             0 kB
SwapFree:              0 kB
Dirty:               524 kB
Writeback:             0 kB
AnonPages:        472464 kB
Mapped:           170584 kB
Shmem:              2520 kB
Slab:              34388 kB
SReclaimable:      12912 kB
SUnreclaim:        21476 kB
KernelStack:        7264 kB
PageTables:        14664 kB
NFS_Unstable:          0 kB
Bounce:                0 kB
WritebackTmp:          0 kB
CommitLimit:      675480 kB
Committed_AS:   32438948 kB
VmallocTotal:     253952 kB
VmallocUsed:       77000 kB
VmallocChunk:      50180 kB
Time pass: 216 sec

---2015-10-23 20:34:50
MemTotal:        1350964 kB
MemFree:           96992 kB
Buffers:           50668 kB
Cached:           449916 kB
SwapCached:            0 kB
Active:           721312 kB
Inactive:         250988 kB
Active(anon):     480004 kB
Inactive(anon):     2608 kB
Active(file):     241308 kB
Inactive(file):   248380 kB
Unevictable:        8224 kB
Mlocked:               0 kB
HighTotal:        802816 kB
HighFree:          13840 kB
LowTotal:         548148 kB
LowFree:           83152 kB
SwapTotal:             0 kB
SwapFree:              0 kB
Dirty:               108 kB
Writeback:             0 kB
AnonPages:        479960 kB
Mapped:           173544 kB
Shmem:              2672 kB
Slab:              34372 kB
SReclaimable:      12924 kB
SUnreclaim:        21448 kB
KernelStack:        7440 kB
PageTables:        14776 kB
NFS_Unstable:          0 kB
Bounce:                0 kB
WritebackTmp:          0 kB
CommitLimit:      675480 kB
Committed_AS:   32463268 kB
VmallocTotal:     253952 kB
VmallocUsed:       77196 kB
VmallocChunk:      50180 kB
Time pass: 219 sec

---2015-10-23 20:34:50
MemTotal:        1350964 kB
MemFree:           91568 kB
Buffers:           50692 kB
Cached:           449864 kB
SwapCached:            0 kB
Active:           725584 kB
Inactive:         250952 kB
Active(anon):     484272 kB
Inactive(anon):     2564 kB
Active(file):     241312 kB
Inactive(file):   248388 kB
Unevictable:        8224 kB
Mlocked:               0 kB
HighTotal:        802816 kB
HighFree:           9204 kB
LowTotal:         548148 kB
LowFree:           82364 kB
SwapTotal:             0 kB
SwapFree:              0 kB
Dirty:                36 kB
Writeback:             0 kB
AnonPages:        484464 kB
Mapped:           173416 kB
Shmem:              2620 kB
Slab:              34468 kB
SReclaimable:      12924 kB
SUnreclaim:        21544 kB
KernelStack:        7456 kB
PageTables:        14780 kB
NFS_Unstable:          0 kB
Bounce:                0 kB
WritebackTmp:          0 kB
CommitLimit:      675480 kB
Committed_AS:   32461920 kB
VmallocTotal:     253952 kB
VmallocUsed:       77416 kB
VmallocChunk:      50180 kB
Time pass: 224 sec

---2015-10-23 20:34:50
MemTotal:        1350964 kB
MemFree:           87184 kB
Buffers:           50704 kB
Cached:           450048 kB
SwapCached:            0 kB
Active:           729168 kB
Inactive:         251152 kB
Active(anon):     487848 kB
Inactive(anon):     2732 kB
Active(file):     241320 kB
Inactive(file):   248420 kB
Unevictable:        8224 kB
Mlocked:               0 kB
HighTotal:        802816 kB
HighFree:           5036 kB
LowTotal:         548148 kB
LowFree:           82148 kB
SwapTotal:             0 kB
SwapFree:              0 kB
Dirty:                56 kB
Writeback:             0 kB
AnonPages:        487852 kB
Mapped:           173744 kB
Shmem:              2788 kB
Slab:              34404 kB
SReclaimable:      12924 kB
SUnreclaim:        21480 kB
KernelStack:        7504 kB
PageTables:        14872 kB
NFS_Unstable:          0 kB
Bounce:                0 kB
WritebackTmp:          0 kB
CommitLimit:      675480 kB
Committed_AS:   32472016 kB
VmallocTotal:     253952 kB
VmallocUsed:       77532 kB
VmallocChunk:      50180 kB
Time pass: 228 sec

---2015-10-23 20:34:50
MemTotal:        1350964 kB
MemFree:           85836 kB
Buffers:           50704 kB
Cached:           450056 kB
SwapCached:            0 kB
Active:           730084 kB
Inactive:         251152 kB
Active(anon):     488764 kB
Inactive(anon):     2732 kB
Active(file):     241320 kB
Inactive(file):   248420 kB
Unevictable:        8224 kB
Mlocked:               0 kB
HighTotal:        802816 kB
HighFree:           3548 kB
LowTotal:         548148 kB
LowFree:           82288 kB
SwapTotal:             0 kB
SwapFree:              0 kB
Dirty:                 0 kB
Writeback:             0 kB
AnonPages:        488820 kB
Mapped:           173768 kB
Shmem:              2796 kB
Slab:              34372 kB
SReclaimable:      12924 kB
SUnreclaim:        21448 kB
KernelStack:        7496 kB
PageTables:        14876 kB
NFS_Unstable:          0 kB
Bounce:                0 kB
WritebackTmp:          0 kB
CommitLimit:      675480 kB
Committed_AS:   32472936 kB
VmallocTotal:     253952 kB
VmallocUsed:       77532 kB
VmallocChunk:      50180 kB
Time pass: 232 sec

---2015-10-23 20:34:50
MemTotal:        1350964 kB
MemFree:           85508 kB
Buffers:           50708 kB
Cached:           450056 kB
SwapCached:            0 kB
Active:           730984 kB
Inactive:         251140 kB
Active(anon):     489640 kB
Inactive(anon):     2740 kB
Active(file):     241344 kB
Inactive(file):   248400 kB
Unevictable:        8224 kB
Mlocked:               0 kB
HighTotal:        802816 kB
HighFree:           3228 kB
LowTotal:         548148 kB
LowFree:           82280 kB
SwapTotal:             0 kB
SwapFree:              0 kB
Dirty:               188 kB
Writeback:             0 kB
AnonPages:        489496 kB
Mapped:           174028 kB
Shmem:              2796 kB
Slab:              34404 kB
SReclaimable:      12924 kB
SUnreclaim:        21480 kB
KernelStack:        7496 kB
PageTables:        14880 kB
NFS_Unstable:          0 kB
Bounce:                0 kB
WritebackTmp:          0 kB
CommitLimit:      675480 kB
Committed_AS:   32473512 kB
VmallocTotal:     253952 kB
VmallocUsed:       77532 kB
VmallocChunk:      50180 kB
Time pass: 235 sec

---2015-10-23 20:34:50
MemTotal:        1350964 kB
MemFree:           83472 kB
Buffers:           50708 kB
Cached:           450056 kB
SwapCached:            0 kB
Active:           732540 kB
Inactive:         251140 kB
Active(anon):     491196 kB
Inactive(anon):     2740 kB
Active(file):     241344 kB
Inactive(file):   248400 kB
Unevictable:        8224 kB
Mlocked:               0 kB
HighTotal:        802816 kB
HighFree:           1564 kB
LowTotal:         548148 kB
LowFree:           81908 kB
SwapTotal:             0 kB
SwapFree:              0 kB
Dirty:                 0 kB
Writeback:             0 kB
AnonPages:        491196 kB
Mapped:           174176 kB
Shmem:              2796 kB
Slab:              34372 kB
SReclaimable:      12924 kB
SUnreclaim:        21448 kB
KernelStack:        7496 kB
PageTables:        14880 kB
NFS_Unstable:          0 kB
Bounce:                0 kB
WritebackTmp:          0 kB
CommitLimit:      675480 kB
Committed_AS:   32474884 kB
VmallocTotal:     253952 kB
VmallocUsed:       77532 kB
VmallocChunk:      50180 kB
Time pass: 239 sec

---2015-10-23 20:34:50
MemTotal:        1350964 kB
MemFree:           84660 kB
Buffers:           50712 kB
Cached:           450096 kB
SwapCached:            0 kB
Active:           731952 kB
Inactive:         251180 kB
Active(anon):     490604 kB
Inactive(anon):     2780 kB
Active(file):     241348 kB
Inactive(file):   248400 kB
Unevictable:        8224 kB
Mlocked:               0 kB
HighTotal:        802816 kB
HighFree:           2432 kB
LowTotal:         548148 kB
LowFree:           82228 kB
SwapTotal:             0 kB
SwapFree:              0 kB
Dirty:                28 kB
Writeback:             0 kB
AnonPages:        490580 kB
Mapped:           174172 kB
Shmem:              2836 kB
Slab:              34372 kB
SReclaimable:      12924 kB
SUnreclaim:        21448 kB
KernelStack:        7496 kB
PageTables:        14864 kB
NFS_Unstable:          0 kB
Bounce:                0 kB
WritebackTmp:          0 kB
CommitLimit:      675480 kB
Committed_AS:   32475068 kB
VmallocTotal:     253952 kB
VmallocUsed:       77532 kB
VmallocChunk:      50180 kB
Time pass: 242 sec

---2015-10-23 20:34:50
MemTotal:        1350964 kB
MemFree:           82936 kB
Buffers:           50720 kB
Cached:           450088 kB
SwapCached:            0 kB
Active:           733072 kB
Inactive:         251180 kB
Active(anon):     491724 kB
Inactive(anon):     2780 kB
Active(file):     241348 kB
Inactive(file):   248400 kB
Unevictable:        8224 kB
Mlocked:               0 kB
HighTotal:        802816 kB
HighFree:           1940 kB
LowTotal:         548148 kB
LowFree:           80996 kB
SwapTotal:             0 kB
SwapFree:              0 kB
Dirty:               144 kB
Writeback:             0 kB
AnonPages:        491776 kB
Mapped:           174220 kB
Shmem:              2836 kB
Slab:              34372 kB
SReclaimable:      12924 kB
SUnreclaim:        21448 kB
KernelStack:        7496 kB
PageTables:        14880 kB
NFS_Unstable:          0 kB
Bounce:                0 kB
WritebackTmp:          0 kB
CommitLimit:      675480 kB
Committed_AS:   32476204 kB
VmallocTotal:     253952 kB
VmallocUsed:       77532 kB
VmallocChunk:      50180 kB
Time pass: 246 sec

---2015-10-23 20:34:50
MemTotal:        1350964 kB
MemFree:           83032 kB
Buffers:           50720 kB
Cached:           450096 kB
SwapCached:            0 kB
Active:           733300 kB
Inactive:         251180 kB
Active(anon):     491944 kB
Inactive(anon):     2780 kB
Active(file):     241356 kB
Inactive(file):   248400 kB
Unevictable:        8224 kB
Mlocked:               0 kB
HighTotal:        802816 kB
HighFree:           2184 kB
LowTotal:         548148 kB
LowFree:           80848 kB
SwapTotal:             0 kB
SwapFree:              0 kB
Dirty:                 0 kB
Writeback:             0 kB
AnonPages:        491892 kB
Mapped:           174072 kB
Shmem:              2836 kB
Slab:              34372 kB
SReclaimable:      12924 kB
SUnreclaim:        21448 kB
KernelStack:        7496 kB
PageTables:        14888 kB
NFS_Unstable:          0 kB
Bounce:                0 kB
WritebackTmp:          0 kB
CommitLimit:      675480 kB
Committed_AS:   32477320 kB
VmallocTotal:     253952 kB
VmallocUsed:       77532 kB
VmallocChunk:      50180 kB
Time pass: 250 sec

---2015-10-23 20:34:50
MemTotal:        1350964 kB
MemFree:           82404 kB
Buffers:           50720 kB
Cached:           450096 kB
SwapCached:            0 kB
Active:           733580 kB
Inactive:         251180 kB
Active(anon):     492224 kB
Inactive(anon):     2780 kB
Active(file):     241356 kB
Inactive(file):   248400 kB
Unevictable:        8224 kB
Mlocked:               0 kB
HighTotal:        802816 kB
HighFree:           1688 kB
LowTotal:         548148 kB
LowFree:           80716 kB
SwapTotal:             0 kB
SwapFree:              0 kB
Dirty:                28 kB
Writeback:             0 kB
AnonPages:        492132 kB
Mapped:           174072 kB
Shmem:              2836 kB
Slab:              34372 kB
SReclaimable:      12924 kB
SUnreclaim:        21448 kB
KernelStack:        7480 kB
PageTables:        14888 kB
NFS_Unstable:          0 kB
Bounce:                0 kB
WritebackTmp:          0 kB
CommitLimit:      675480 kB
Committed_AS:   32476572 kB
VmallocTotal:     253952 kB
VmallocUsed:       77532 kB
VmallocChunk:      50180 kB
Time pass: 253 sec

---2015-10-23 20:34:50
MemTotal:        1350964 kB
MemFree:           82652 kB
Buffers:           50720 kB
Cached:           450096 kB
SwapCached:            0 kB
Active:           733472 kB
Inactive:         251176 kB
Active(anon):     492104 kB
Inactive(anon):     2780 kB
Active(file):     241368 kB
Inactive(file):   248396 kB
Unevictable:        8224 kB
Mlocked:               0 kB
HighTotal:        802816 kB
HighFree:           2804 kB
LowTotal:         548148 kB
LowFree:           79848 kB
SwapTotal:             0 kB
SwapFree:              0 kB
Dirty:                 0 kB
Writeback:             0 kB
AnonPages:        492116 kB
Mapped:           174220 kB
Shmem:              2836 kB
Slab:              34372 kB
SReclaimable:      12924 kB
SUnreclaim:        21448 kB
KernelStack:        7480 kB
PageTables:        14892 kB
NFS_Unstable:          0 kB
Bounce:                0 kB
WritebackTmp:          0 kB
CommitLimit:      675480 kB
Committed_AS:   32476452 kB
VmallocTotal:     253952 kB
VmallocUsed:       77532 kB
VmallocChunk:      50180 kB
Time pass: 256 sec

---2015-10-23 20:34:50
MemTotal:        1350964 kB
MemFree:           82132 kB
Buffers:           50720 kB
Cached:           450096 kB
SwapCached:            0 kB
Active:           733644 kB
Inactive:         251168 kB
Active(anon):     492276 kB
Inactive(anon):     2780 kB
Active(file):     241368 kB
Inactive(file):   248388 kB
Unevictable:        8224 kB
Mlocked:               0 kB
HighTotal:        802816 kB
HighFree:           2632 kB
LowTotal:         548148 kB
LowFree:           79500 kB
SwapTotal:             0 kB
SwapFree:              0 kB
Dirty:                 0 kB
Writeback:             0 kB
AnonPages:        492164 kB
Mapped:           174220 kB
Shmem:              2836 kB
Slab:              34372 kB
SReclaimable:      12924 kB
SUnreclaim:        21448 kB
KernelStack:        7480 kB
PageTables:        14892 kB
NFS_Unstable:          0 kB
Bounce:                0 kB
WritebackTmp:          0 kB
CommitLimit:      675480 kB
Committed_AS:   32476560 kB
VmallocTotal:     253952 kB
VmallocUsed:       77532 kB
VmallocChunk:      50180 kB
Time pass: 260 sec

---2015-10-23 20:34:50
MemTotal:        1350964 kB
MemFree:           82448 kB
Buffers:           50728 kB
Cached:           450096 kB
SwapCached:            0 kB
Active:           733564 kB
Inactive:         251172 kB
Active(anon):     492192 kB
Inactive(anon):     2780 kB
Active(file):     241372 kB
Inactive(file):   248392 kB
Unevictable:        8224 kB
Mlocked:               0 kB
HighTotal:        802816 kB
HighFree:           2856 kB
LowTotal:         548148 kB
LowFree:           79592 kB
SwapTotal:             0 kB
SwapFree:              0 kB
Dirty:                32 kB
Writeback:             0 kB
AnonPages:        492056 kB
Mapped:           174220 kB
Shmem:              2836 kB
Slab:              34404 kB
SReclaimable:      12924 kB
SUnreclaim:        21480 kB
KernelStack:        7480 kB
PageTables:        14892 kB
NFS_Unstable:          0 kB
Bounce:                0 kB
WritebackTmp:          0 kB
CommitLimit:      675480 kB
Committed_AS:   32476336 kB
VmallocTotal:     253952 kB
VmallocUsed:       77532 kB
VmallocChunk:      50180 kB
Time pass: 263 sec

---2015-10-23 20:34:50
MemTotal:        1350964 kB
MemFree:           82356 kB
Buffers:           50728 kB
Cached:           450096 kB
SwapCached:            0 kB
Active:           733524 kB
Inactive:         251172 kB
Active(anon):     492152 kB
Inactive(anon):     2780 kB
Active(file):     241372 kB
Inactive(file):   248392 kB
Unevictable:        8224 kB
Mlocked:               0 kB
HighTotal:        802816 kB
HighFree:           2756 kB
LowTotal:         548148 kB
LowFree:           79600 kB
SwapTotal:             0 kB
SwapFree:              0 kB
Dirty:                 0 kB
Writeback:             0 kB
AnonPages:        492152 kB
Mapped:           174220 kB
Shmem:              2836 kB
Slab:              34372 kB
SReclaimable:      12924 kB
SUnreclaim:        21448 kB
KernelStack:        7480 kB
PageTables:        14892 kB
NFS_Unstable:          0 kB
Bounce:                0 kB
WritebackTmp:          0 kB
CommitLimit:      675480 kB
Committed_AS:   32476240 kB
VmallocTotal:     253952 kB
VmallocUsed:       77532 kB
VmallocChunk:      50180 kB
Time pass: 267 sec

---2015-10-23 20:34:50
MemTotal:        1350964 kB
MemFree:           81420 kB
Buffers:           50736 kB
Cached:           450096 kB
SwapCached:            0 kB
Active:           734252 kB
Inactive:         251172 kB
Active(anon):     492864 kB
Inactive(anon):     2780 kB
Active(file):     241388 kB
Inactive(file):   248392 kB
Unevictable:        8224 kB
Mlocked:               0 kB
HighTotal:        802816 kB
HighFree:           1936 kB
LowTotal:         548148 kB
LowFree:           79484 kB
SwapTotal:             0 kB
SwapFree:              0 kB
Dirty:                32 kB
Writeback:             0 kB
AnonPages:        492808 kB
Mapped:           174172 kB
Shmem:              2836 kB
Slab:              34404 kB
SReclaimable:      12924 kB
SUnreclaim:        21480 kB
KernelStack:        7480 kB
PageTables:        14880 kB
NFS_Unstable:          0 kB
Bounce:                0 kB
WritebackTmp:          0 kB
CommitLimit:      675480 kB
Committed_AS:   32476840 kB
VmallocTotal:     253952 kB
VmallocUsed:       77532 kB
VmallocChunk:      50180 kB
Time pass: 270 sec

---2015-10-23 20:34:50
MemTotal:        1350964 kB
MemFree:           81948 kB
Buffers:           50736 kB
Cached:           450096 kB
SwapCached:            0 kB
Active:           734412 kB
Inactive:         251164 kB
Active(anon):     493024 kB
Inactive(anon):     2780 kB
Active(file):     241388 kB
Inactive(file):   248384 kB
Unevictable:        8224 kB
Mlocked:               0 kB
HighTotal:        802816 kB
HighFree:           2592 kB
LowTotal:         548148 kB
LowFree:           79356 kB
SwapTotal:             0 kB
SwapFree:              0 kB
Dirty:                 0 kB
Writeback:             0 kB
AnonPages:        492880 kB
Mapped:           174072 kB
Shmem:              2836 kB
Slab:              34404 kB
SReclaimable:      12924 kB
SUnreclaim:        21480 kB
KernelStack:        7480 kB
PageTables:        14896 kB
NFS_Unstable:          0 kB
Bounce:                0 kB
WritebackTmp:          0 kB
CommitLimit:      675480 kB
Committed_AS:   32476920 kB
VmallocTotal:     253952 kB
VmallocUsed:       77532 kB
VmallocChunk:      50180 kB
Time pass: 274 sec

---2015-10-23 20:34:50
MemTotal:        1350964 kB
MemFree:           81152 kB
Buffers:           50752 kB
Cached:           450084 kB
SwapCached:            0 kB
Active:           734620 kB
Inactive:         251164 kB
Active(anon):     493232 kB
Inactive(anon):     2780 kB
Active(file):     241388 kB
Inactive(file):   248384 kB
Unevictable:        8224 kB
Mlocked:               0 kB
HighTotal:        802816 kB
HighFree:           1540 kB
LowTotal:         548148 kB
LowFree:           79612 kB
SwapTotal:             0 kB
SwapFree:              0 kB
Dirty:                28 kB
Writeback:             0 kB
AnonPages:        493320 kB
Mapped:           174220 kB
Shmem:              2836 kB
Slab:              34436 kB
SReclaimable:      12924 kB
SUnreclaim:        21512 kB
KernelStack:        7480 kB
PageTables:        14896 kB
NFS_Unstable:          0 kB
Bounce:                0 kB
WritebackTmp:          0 kB
CommitLimit:      675480 kB
Committed_AS:   32476988 kB
VmallocTotal:     253952 kB
VmallocUsed:       77532 kB
VmallocChunk:      50180 kB
Time pass: 278 sec

---2015-10-23 20:34:50
MemTotal:        1350964 kB
MemFree:           81060 kB
Buffers:           50752 kB
Cached:           450096 kB
SwapCached:            0 kB
Active:           734672 kB
Inactive:         251172 kB
Active(anon):     493276 kB
Inactive(anon):     2780 kB
Active(file):     241396 kB
Inactive(file):   248392 kB
Unevictable:        8224 kB
Mlocked:               0 kB
HighTotal:        802816 kB
HighFree:           1564 kB
LowTotal:         548148 kB
LowFree:           79496 kB
SwapTotal:             0 kB
SwapFree:              0 kB
Dirty:                 0 kB
Writeback:             0 kB
AnonPages:        493148 kB
Mapped:           174220 kB
Shmem:              2836 kB
Slab:              34404 kB
SReclaimable:      12924 kB
SUnreclaim:        21480 kB
KernelStack:        7480 kB
PageTables:        14896 kB
NFS_Unstable:          0 kB
Bounce:                0 kB
WritebackTmp:          0 kB
CommitLimit:      675480 kB
Committed_AS:   32477052 kB
VmallocTotal:     253952 kB
VmallocUsed:       77532 kB
VmallocChunk:      50180 kB
Time pass: 281 sec

---2015-10-23 20:34:50
MemTotal:        1350964 kB
MemFree:           80736 kB
Buffers:           50760 kB
Cached:           450152 kB
SwapCached:            0 kB
Active:           734900 kB
Inactive:         251172 kB
Active(anon):     493504 kB
Inactive(anon):     2780 kB
Active(file):     241396 kB
Inactive(file):   248392 kB
Unevictable:        8224 kB
Mlocked:               0 kB
HighTotal:        802816 kB
HighFree:           2060 kB
LowTotal:         548148 kB
LowFree:           78676 kB
SwapTotal:             0 kB
SwapFree:              0 kB
Dirty:                28 kB
Writeback:             0 kB
AnonPages:        493472 kB
Mapped:           174276 kB
Shmem:              2892 kB
Slab:              34404 kB
SReclaimable:      12924 kB
SUnreclaim:        21480 kB
KernelStack:        7480 kB
PageTables:        14896 kB
NFS_Unstable:          0 kB
Bounce:                0 kB
WritebackTmp:          0 kB
CommitLimit:      675480 kB
Committed_AS:   32477060 kB
VmallocTotal:     253952 kB
VmallocUsed:       77532 kB
VmallocChunk:      50180 kB
Time pass: 285 sec

---2015-10-23 20:34:50
MemTotal:        1350964 kB
MemFree:           81076 kB
Buffers:           50768 kB
Cached:           450152 kB
SwapCached:            0 kB
Active:           735120 kB
Inactive:         251236 kB
Active(anon):     493716 kB
Inactive(anon):     2836 kB
Active(file):     241404 kB
Inactive(file):   248400 kB
Unevictable:        8224 kB
Mlocked:               0 kB
HighTotal:        802816 kB
HighFree:           1564 kB
LowTotal:         548148 kB
LowFree:           79512 kB
SwapTotal:             0 kB
SwapFree:              0 kB
Dirty:                32 kB
Writeback:             0 kB
AnonPages:        493608 kB
Mapped:           174276 kB
Shmem:              2892 kB
Slab:              34404 kB
SReclaimable:      12924 kB
SUnreclaim:        21480 kB
KernelStack:        7488 kB
PageTables:        14896 kB
NFS_Unstable:          0 kB
Bounce:                0 kB
WritebackTmp:          0 kB
CommitLimit:      675480 kB
Committed_AS:   32477256 kB
VmallocTotal:     253952 kB
VmallocUsed:       77532 kB
VmallocChunk:      50180 kB
Time pass: 288 sec

---2015-10-23 20:34:50
MemTotal:        1350964 kB
MemFree:           81312 kB
Buffers:           50768 kB
Cached:           450152 kB
SwapCached:            0 kB
Active:           735208 kB
Inactive:         251236 kB
Active(anon):     493804 kB
Inactive(anon):     2836 kB
Active(file):     241404 kB
Inactive(file):   248400 kB
Unevictable:        8224 kB
Mlocked:               0 kB
HighTotal:        802816 kB
HighFree:           2060 kB
LowTotal:         548148 kB
LowFree:           79252 kB
SwapTotal:             0 kB
SwapFree:              0 kB
Dirty:                 0 kB
Writeback:             0 kB
AnonPages:        493800 kB
Mapped:           174276 kB
Shmem:              2892 kB
Slab:              34372 kB
SReclaimable:      12924 kB
SUnreclaim:        21448 kB
KernelStack:        7480 kB
PageTables:        14896 kB
NFS_Unstable:          0 kB
Bounce:                0 kB
WritebackTmp:          0 kB
CommitLimit:      675480 kB
Committed_AS:   32477260 kB
VmallocTotal:     253952 kB
VmallocUsed:       77532 kB
VmallocChunk:      50180 kB
Time pass: 292 sec

---2015-10-23 20:34:50
MemTotal:        1350964 kB
MemFree:           80532 kB
Buffers:           50776 kB
Cached:           450152 kB
SwapCached:            0 kB
Active:           735252 kB
Inactive:         251232 kB
Active(anon):     493836 kB
Inactive(anon):     2836 kB
Active(file):     241416 kB
Inactive(file):   248396 kB
Unevictable:        8224 kB
Mlocked:               0 kB
HighTotal:        802816 kB
HighFree:           2260 kB
LowTotal:         548148 kB
LowFree:           78272 kB
SwapTotal:             0 kB
SwapFree:              0 kB
Dirty:                32 kB
Writeback:             0 kB
AnonPages:        493832 kB
Mapped:           174276 kB
Shmem:              2892 kB
Slab:              34468 kB
SReclaimable:      12924 kB
SUnreclaim:        21544 kB
KernelStack:        7480 kB
PageTables:        14896 kB
NFS_Unstable:          0 kB
Bounce:                0 kB
WritebackTmp:          0 kB
CommitLimit:      675480 kB
Committed_AS:   32477228 kB
VmallocTotal:     253952 kB
VmallocUsed:       77532 kB
VmallocChunk:      50180 kB
Time pass: 295 sec

---2015-10-23 20:34:50
MemTotal:        1350964 kB
MemFree:           81156 kB
Buffers:           50780 kB
Cached:           450152 kB
SwapCached:            0 kB
Active:           735680 kB
Inactive:         251224 kB
Active(anon):     494252 kB
Inactive(anon):     2836 kB
Active(file):     241428 kB
Inactive(file):   248388 kB
Unevictable:        8224 kB
Mlocked:               0 kB
HighTotal:        802816 kB
HighFree:           3052 kB
LowTotal:         548148 kB
LowFree:           78104 kB
SwapTotal:             0 kB
SwapFree:              0 kB
Dirty:                 0 kB
Writeback:             8 kB
AnonPages:        494252 kB
Mapped:           174276 kB
Shmem:              2892 kB
Slab:              34404 kB
SReclaimable:      12924 kB
SUnreclaim:        21480 kB
KernelStack:        7480 kB
PageTables:        14896 kB
NFS_Unstable:          0 kB
Bounce:                0 kB
WritebackTmp:          0 kB
CommitLimit:      675480 kB
Committed_AS:   32477536 kB
VmallocTotal:     253952 kB
VmallocUsed:       77532 kB
VmallocChunk:      50180 kB
Time pass: 299 sec

---2015-10-23 20:34:50
MemTotal:        1350964 kB
MemFree:           80924 kB
Buffers:           50780 kB
Cached:           450180 kB
SwapCached:            0 kB
Active:           735716 kB
Inactive:         251252 kB
Active(anon):     494288 kB
Inactive(anon):     2864 kB
Active(file):     241428 kB
Inactive(file):   248388 kB
Unevictable:        8224 kB
Mlocked:               0 kB
HighTotal:        802816 kB
HighFree:           2928 kB
LowTotal:         548148 kB
LowFree:           77996 kB
SwapTotal:             0 kB
SwapFree:              0 kB
Dirty:                 0 kB
Writeback:             0 kB
AnonPages:        494156 kB
Mapped:           174256 kB
Shmem:              2920 kB
Slab:              34404 kB
SReclaimable:      12924 kB
SUnreclaim:        21480 kB
KernelStack:        7480 kB
PageTables:        14880 kB
NFS_Unstable:          0 kB
Bounce:                0 kB
WritebackTmp:          0 kB
CommitLimit:      675480 kB
Committed_AS:   32477448 kB
VmallocTotal:     253952 kB
VmallocUsed:       77532 kB
VmallocChunk:      50180 kB
Time pass: 302 sec

---2015-10-23 20:34:50
MemTotal:        1350964 kB
MemFree:           80176 kB
Buffers:           50792 kB
Cached:           450192 kB
SwapCached:            0 kB
Active:           735696 kB
Inactive:         251272 kB
Active(anon):     494268 kB
Inactive(anon):     2884 kB
Active(file):     241428 kB
Inactive(file):   248388 kB
Unevictable:        8224 kB
Mlocked:               0 kB
HighTotal:        802816 kB
HighFree:           2288 kB
LowTotal:         548148 kB
LowFree:           77888 kB
SwapTotal:             0 kB
SwapFree:              0 kB
Dirty:                28 kB
Writeback:             0 kB
AnonPages:        494164 kB
Mapped:           174324 kB
Shmem:              2940 kB
Slab:              34372 kB
SReclaimable:      12924 kB
SUnreclaim:        21448 kB
KernelStack:        7480 kB
PageTables:        14892 kB
NFS_Unstable:          0 kB
Bounce:                0 kB
WritebackTmp:          0 kB
CommitLimit:      675480 kB
Committed_AS:   32477308 kB
VmallocTotal:     253952 kB
VmallocUsed:       77532 kB
VmallocChunk:      50180 kB
Time pass: 306 sec

---2015-10-23 20:34:50
MemTotal:        1350964 kB
MemFree:           80016 kB
Buffers:           50792 kB
Cached:           450200 kB
SwapCached:            0 kB
Active:           736144 kB
Inactive:         251272 kB
Active(anon):     494704 kB
Inactive(anon):     2884 kB
Active(file):     241440 kB
Inactive(file):   248388 kB
Unevictable:        8224 kB
Mlocked:               0 kB
HighTotal:        802816 kB
HighFree:           2284 kB
LowTotal:         548148 kB
LowFree:           77732 kB
SwapTotal:             0 kB
SwapFree:              0 kB
Dirty:                 0 kB
Writeback:             0 kB
AnonPages:        494672 kB
Mapped:           174324 kB
Shmem:              2940 kB
Slab:              34404 kB
SReclaimable:      12924 kB
SUnreclaim:        21480 kB
KernelStack:        7480 kB
PageTables:        14892 kB
NFS_Unstable:          0 kB
Bounce:                0 kB
WritebackTmp:          0 kB
CommitLimit:      675480 kB
Committed_AS:   32478532 kB
VmallocTotal:     253952 kB
VmallocUsed:       77532 kB
VmallocChunk:      50180 kB
Time pass: 310 sec

---2015-10-23 20:34:50
MemTotal:        1350964 kB
MemFree:           81320 kB
Buffers:           50796 kB
Cached:           450200 kB
SwapCached:            0 kB
Active:           733532 kB
Inactive:         251280 kB
Active(anon):     492096 kB
Inactive(anon):     2884 kB
Active(file):     241436 kB
Inactive(file):   248396 kB
Unevictable:        8224 kB
Mlocked:               0 kB
HighTotal:        802816 kB
HighFree:           3260 kB
LowTotal:         548148 kB
LowFree:           78060 kB
SwapTotal:             0 kB
SwapFree:              0 kB
Dirty:                40 kB
Writeback:             0 kB
AnonPages:        491872 kB
Mapped:           174324 kB
Shmem:              2940 kB
Slab:              34468 kB
SReclaimable:      12924 kB
SUnreclaim:        21544 kB
KernelStack:        7488 kB
PageTables:        14900 kB
NFS_Unstable:          0 kB
Bounce:                0 kB
WritebackTmp:          0 kB
CommitLimit:      675480 kB
Committed_AS:   32477516 kB
VmallocTotal:     253952 kB
VmallocUsed:       77532 kB
VmallocChunk:      50180 kB
Time pass: 313 sec

---2015-10-23 20:34:50
MemTotal:        1350964 kB
MemFree:           82828 kB
Buffers:           50796 kB
Cached:           450200 kB
SwapCached:            0 kB
Active:           732532 kB
Inactive:         251268 kB
Active(anon):     491084 kB
Inactive(anon):     2884 kB
Active(file):     241448 kB
Inactive(file):   248384 kB
Unevictable:        8224 kB
Mlocked:               0 kB
HighTotal:        802816 kB
HighFree:           3548 kB
LowTotal:         548148 kB
LowFree:           79280 kB
SwapTotal:             0 kB
SwapFree:              0 kB
Dirty:                40 kB
Writeback:             0 kB
AnonPages:        490892 kB
Mapped:           174324 kB
Shmem:              2940 kB
Slab:              34436 kB
SReclaimable:      12924 kB
SUnreclaim:        21512 kB
KernelStack:        7488 kB
PageTables:        14892 kB
NFS_Unstable:          0 kB
Bounce:                0 kB
WritebackTmp:          0 kB
CommitLimit:      675480 kB
Committed_AS:   32476516 kB
VmallocTotal:     253952 kB
VmallocUsed:       77532 kB
VmallocChunk:      50180 kB
Time pass: 316 sec

---2015-10-23 20:34:50
MemTotal:        1350964 kB
MemFree:           82772 kB
Buffers:           50796 kB
Cached:           450200 kB
SwapCached:            0 kB
Active:           732716 kB
Inactive:         251260 kB
Active(anon):     491260 kB
Inactive(anon):     2884 kB
Active(file):     241456 kB
Inactive(file):   248376 kB
Unevictable:        8224 kB
Mlocked:               0 kB
HighTotal:        802816 kB
HighFree:           3624 kB
LowTotal:         548148 kB
LowFree:           79148 kB
SwapTotal:             0 kB
SwapFree:              0 kB
Dirty:                28 kB
Writeback:             0 kB
AnonPages:        491148 kB
Mapped:           174176 kB
Shmem:              2940 kB
Slab:              34468 kB
SReclaimable:      12924 kB
SUnreclaim:        21544 kB
KernelStack:        7488 kB
PageTables:        14896 kB
NFS_Unstable:          0 kB
Bounce:                0 kB
WritebackTmp:          0 kB
CommitLimit:      675480 kB
Committed_AS:   32476540 kB
VmallocTotal:     253952 kB
VmallocUsed:       77532 kB
VmallocChunk:      50180 kB
Time pass: 320 sec

---2015-10-23 20:34:50
MemTotal:        1350964 kB
MemFree:           82564 kB
Buffers:           50800 kB
Cached:           450200 kB
SwapCached:            0 kB
Active:           732888 kB
Inactive:         251256 kB
Active(anon):     491424 kB
Inactive(anon):     2884 kB
Active(file):     241464 kB
Inactive(file):   248372 kB
Unevictable:        8224 kB
Mlocked:               0 kB
HighTotal:        802816 kB
HighFree:           3400 kB
LowTotal:         548148 kB
LowFree:           79164 kB
SwapTotal:             0 kB
SwapFree:              0 kB
Dirty:                 0 kB
Writeback:             0 kB
AnonPages:        491372 kB
Mapped:           174276 kB
Shmem:              2940 kB
Slab:              34468 kB
SReclaimable:      12924 kB
SUnreclaim:        21544 kB
KernelStack:        7488 kB
PageTables:        14880 kB
NFS_Unstable:          0 kB
Bounce:                0 kB
WritebackTmp:          0 kB
CommitLimit:      675480 kB
Committed_AS:   32476752 kB
VmallocTotal:     253952 kB
VmallocUsed:       77532 kB
VmallocChunk:      50180 kB
Time pass: 323 sec

---2015-10-23 20:34:50
MemTotal:        1350964 kB
MemFree:           82268 kB
Buffers:           50800 kB
Cached:           450200 kB
SwapCached:            0 kB
Active:           733312 kB
Inactive:         251256 kB
Active(anon):     491848 kB
Inactive(anon):     2884 kB
Active(file):     241464 kB
Inactive(file):   248372 kB
Unevictable:        8224 kB
Mlocked:               0 kB
HighTotal:        802816 kB
HighFree:           3176 kB
LowTotal:         548148 kB
LowFree:           79092 kB
SwapTotal:             0 kB
SwapFree:              0 kB
Dirty:                 0 kB
Writeback:             0 kB
AnonPages:        491844 kB
Mapped:           174324 kB
Shmem:              2940 kB
Slab:              34500 kB
SReclaimable:      12924 kB
