---2015-12-05 14:07:44
MemTotal:        2905316 kB
MemFree:           73064 kB
Buffers:           28112 kB
Cached:          1414112 kB
SwapCached:            0 kB
Active:          1307776 kB
Inactive:        1038884 kB
Active(anon):     789860 kB
Inactive(anon):   144620 kB
Active(file):     517916 kB
Inactive(file):   894264 kB
Unevictable:        7800 kB
Mlocked:               0 kB
SwapTotal:        720184 kB
SwapFree:         720184 kB
Dirty:               724 kB
Writeback:             0 kB
AnonPages:        913100 kB
Mapped:           523232 kB
Shmem:             21996 kB
Slab:             116824 kB
SReclaimable:      34056 kB
SUnreclaim:        82768 kB
KernelStack:       33328 kB
PageTables:        56376 kB
NFS_Unstable:          0 kB
Bounce:                0 kB
WritebackTmp:          0 kB
CommitLimit:     2172840 kB
Committed_AS:   93282568 kB
VmallocTotal:   251658176 kB
VmallocUsed:      136640 kB
VmallocChunk:   251431468 kB
Time pass: 3 sec

---2015-12-05 14:07:44
MemTotal:        2905316 kB
MemFree:          110184 kB
Buffers:           28120 kB
Cached:          1414120 kB
SwapCached:            0 kB
Active:          1269828 kB
Inactive:        1038632 kB
Active(anon):     751392 kB
Inactive(anon):   144628 kB
Active(file):     518436 kB
Inactive(file):   894004 kB
Unevictable:        7800 kB
Mlocked:               0 kB
SwapTotal:        720184 kB
SwapFree:         720184 kB
Dirty:                40 kB
Writeback:             0 kB
AnonPages:        874152 kB
Mapped:           523592 kB
Shmem:             22000 kB
Slab:             119148 kB
SReclaimable:      36372 kB
SUnreclaim:        82776 kB
KernelStack:       32496 kB
PageTables:        55748 kB
NFS_Unstable:          0 kB
Bounce:                0 kB
WritebackTmp:          0 kB
CommitLimit:     2172840 kB
Committed_AS:   92032488 kB
VmallocTotal:   251658176 kB
VmallocUsed:      135620 kB
VmallocChunk:   251431468 kB
Time pass: 8 sec

---2015-12-05 14:07:44
MemTotal:        2905316 kB
MemFree:          117760 kB
Buffers:           28128 kB
Cached:          1414124 kB
SwapCached:            0 kB
Active:          1261732 kB
Inactive:        1038636 kB
Active(anon):     743288 kB
Inactive(anon):   144628 kB
Active(file):     518444 kB
Inactive(file):   894008 kB
Unevictable:        7800 kB
Mlocked:               0 kB
SwapTotal:        720184 kB
SwapFree:         720184 kB
Dirty:               176 kB
Writeback:             0 kB
AnonPages:        865856 kB
Mapped:           523652 kB
Shmem:             22000 kB
Slab:             119152 kB
SReclaimable:      36372 kB
SUnreclaim:        82780 kB
KernelStack:       32496 kB
PageTables:        55912 kB
NFS_Unstable:          0 kB
Bounce:                0 kB
WritebackTmp:          0 kB
CommitLimit:     2172840 kB
Committed_AS:   92028216 kB
VmallocTotal:   251658176 kB
VmallocUsed:      135620 kB
VmallocChunk:   251431468 kB
Time pass: 11 sec

---2015-12-05 14:07:44
MemTotal:        2905316 kB
MemFree:          117068 kB
Buffers:           28136 kB
Cached:          1415512 kB
SwapCached:            0 kB
Active:          1262416 kB
Inactive:        1039816 kB
Active(anon):     743800 kB
Inactive(anon):   144628 kB
Active(file):     518616 kB
Inactive(file):   895188 kB
Unevictable:        7800 kB
Mlocked:               0 kB
SwapTotal:        720184 kB
SwapFree:         720184 kB
Dirty:                96 kB
Writeback:             0 kB
AnonPages:        866624 kB
Mapped:           523656 kB
Shmem:             22000 kB
Slab:             119036 kB
SReclaimable:      36260 kB
SUnreclaim:        82776 kB
KernelStack:       32400 kB
PageTables:        55272 kB
NFS_Unstable:          0 kB
Bounce:                0 kB
WritebackTmp:          0 kB
CommitLimit:     2172840 kB
Committed_AS:   90780744 kB
VmallocTotal:   251658176 kB
VmallocUsed:      135620 kB
VmallocChunk:   251431468 kB
Time pass: 15 sec

---2015-12-05 14:07:44
MemTotal:        2905316 kB
MemFree:           73904 kB
Buffers:           29368 kB
Cached:          1422280 kB
SwapCached:            0 kB
Active:          1282380 kB
Inactive:        1042876 kB
Active(anon):     756948 kB
Inactive(anon):   146676 kB
Active(file):     525432 kB
Inactive(file):   896200 kB
Unevictable:        7800 kB
Mlocked:               0 kB
SwapTotal:        720184 kB
SwapFree:         720184 kB
Dirty:               892 kB
Writeback:             8 kB
AnonPages:        881936 kB
Mapped:           539916 kB
Shmem:             21996 kB
Slab:             119140 kB
SReclaimable:      36260 kB
SUnreclaim:        82880 kB
KernelStack:       32864 kB
PageTables:        55772 kB
NFS_Unstable:          0 kB
Bounce:                0 kB
WritebackTmp:          0 kB
CommitLimit:     2172840 kB
Committed_AS:   91560240 kB
VmallocTotal:   251658176 kB
VmallocUsed:      136652 kB
VmallocChunk:   251431468 kB
Time pass: 19 sec

---2015-12-05 14:07:44
MemTotal:        2905316 kB
MemFree:           80184 kB
Buffers:           29640 kB
Cached:          1298168 kB
SwapCached:            0 kB
Active:          1290920 kB
Inactive:         930264 kB
Active(anon):     757812 kB
Inactive(anon):   165500 kB
Active(file):     533108 kB
Inactive(file):   764764 kB
Unevictable:        7800 kB
Mlocked:               0 kB
SwapTotal:        720184 kB
SwapFree:         720184 kB
Dirty:               148 kB
Writeback:            32 kB
AnonPages:        901216 kB
Mapped:           600756 kB
Shmem:             22136 kB
Slab:             119540 kB
SReclaimable:      36456 kB
SUnreclaim:        83084 kB
KernelStack:       33968 kB
PageTables:        56600 kB
NFS_Unstable:          0 kB
Bounce:                0 kB
WritebackTmp:          0 kB
CommitLimit:     2172840 kB
Committed_AS:   91609404 kB
VmallocTotal:   251658176 kB
VmallocUsed:      137200 kB
VmallocChunk:   251431468 kB
Time pass: 23 sec

---2015-12-05 14:07:44
MemTotal:        2905316 kB
MemFree:           87484 kB
Buffers:           29648 kB
Cached:          1298268 kB
SwapCached:            0 kB
Active:          1284308 kB
Inactive:         930316 kB
Active(anon):     751200 kB
Inactive(anon):   165496 kB
Active(file):     533108 kB
Inactive(file):   764820 kB
Unevictable:        7800 kB
Mlocked:               0 kB
SwapTotal:        720184 kB
SwapFree:         720184 kB
Dirty:               228 kB
Writeback:             0 kB
AnonPages:        894968 kB
Mapped:           601248 kB
Shmem:             22136 kB
Slab:             119508 kB
SReclaimable:      36456 kB
SUnreclaim:        83052 kB
KernelStack:       33952 kB
PageTables:        56608 kB
NFS_Unstable:          0 kB
Bounce:                0 kB
WritebackTmp:          0 kB
CommitLimit:     2172840 kB
Committed_AS:   91606744 kB
VmallocTotal:   251658176 kB
VmallocUsed:      137200 kB
VmallocChunk:   251431468 kB
Time pass: 26 sec

---2015-12-05 14:07:44
MemTotal:        2905316 kB
MemFree:           79456 kB
Buffers:           29664 kB
Cached:          1298380 kB
SwapCached:            0 kB
Active:          1283456 kB
Inactive:         930472 kB
Active(anon):     750324 kB
Inactive(anon):   165556 kB
Active(file):     533132 kB
Inactive(file):   764916 kB
Unevictable:        7800 kB
Mlocked:               0 kB
SwapTotal:        720184 kB
SwapFree:         720184 kB
Dirty:               168 kB
Writeback:             0 kB
AnonPages:        893848 kB
Mapped:           602032 kB
Shmem:             22196 kB
Slab:             119656 kB
SReclaimable:      36460 kB
SUnreclaim:        83196 kB
KernelStack:       33952 kB
PageTables:        56660 kB
NFS_Unstable:          0 kB
Bounce:                0 kB
WritebackTmp:          0 kB
CommitLimit:     2172840 kB
Committed_AS:   91633332 kB
VmallocTotal:   251658176 kB
VmallocUsed:      137268 kB
VmallocChunk:   251431468 kB
Time pass: 30 sec

---2015-12-05 14:07:44
MemTotal:        2905316 kB
MemFree:           73464 kB
Buffers:           30268 kB
Cached:          1277132 kB
SwapCached:            0 kB
Active:          1283424 kB
Inactive:         911124 kB
Active(anon):     749800 kB
Inactive(anon):   167348 kB
Active(file):     533624 kB
Inactive(file):   743776 kB
Unevictable:        7800 kB
Mlocked:               0 kB
SwapTotal:        720184 kB
SwapFree:         720184 kB
Dirty:               136 kB
Writeback:             0 kB
AnonPages:        895040 kB
Mapped:           620592 kB
Shmem:             22196 kB
Slab:             119628 kB
SReclaimable:      36460 kB
SUnreclaim:        83168 kB
KernelStack:       33856 kB
PageTables:        56724 kB
NFS_Unstable:          0 kB
Bounce:                0 kB
WritebackTmp:          0 kB
CommitLimit:     2172840 kB
Committed_AS:   91633504 kB
VmallocTotal:   251658176 kB
VmallocUsed:      137504 kB
VmallocChunk:   251431468 kB
Time pass: 34 sec

---2015-12-05 14:07:44
MemTotal:        2905316 kB
MemFree:           70788 kB
Buffers:           30292 kB
Cached:          1279580 kB
SwapCached:            0 kB
Active:          1284496 kB
Inactive:         913444 kB
Active(anon):     750860 kB
Inactive(anon):   167348 kB
Active(file):     533636 kB
Inactive(file):   746096 kB
Unevictable:        7800 kB
Mlocked:               0 kB
SwapTotal:        720184 kB
SwapFree:         720184 kB
Dirty:               104 kB
Writeback:             0 kB
AnonPages:        896172 kB
Mapped:           620816 kB
Shmem:             22196 kB
Slab:             119544 kB
SReclaimable:      36508 kB
SUnreclaim:        83036 kB
KernelStack:       33872 kB
PageTables:        56728 kB
NFS_Unstable:          0 kB
Bounce:                0 kB
WritebackTmp:          0 kB
CommitLimit:     2172840 kB
Committed_AS:   91633684 kB
VmallocTotal:   251658176 kB
VmallocUsed:      137504 kB
VmallocChunk:   251431468 kB
Time pass: 38 sec

---2015-12-05 14:07:44
MemTotal:        2905316 kB
MemFree:           80468 kB
Buffers:           28892 kB
Cached:          1258904 kB
SwapCached:            0 kB
Active:          1280428 kB
Inactive:         898504 kB
Active(anon):     745400 kB
Inactive(anon):   176052 kB
Active(file):     535028 kB
Inactive(file):   722452 kB
Unevictable:        7800 kB
Mlocked:               0 kB
SwapTotal:        720184 kB
SwapFree:         720184 kB
Dirty:               392 kB
Writeback:             0 kB
AnonPages:        899704 kB
Mapped:           626352 kB
Shmem:             22196 kB
Slab:             119400 kB
SReclaimable:      36348 kB
SUnreclaim:        83052 kB
KernelStack:       33888 kB
PageTables:        56800 kB
NFS_Unstable:          0 kB
Bounce:                0 kB
WritebackTmp:          0 kB
CommitLimit:     2172840 kB
Committed_AS:   91638056 kB
VmallocTotal:   251658176 kB
VmallocUsed:      137564 kB
VmallocChunk:   251431468 kB
Time pass: 41 sec

---2015-12-05 14:07:44
MemTotal:        2905316 kB
MemFree:           67852 kB
Buffers:           28756 kB
Cached:          1207744 kB
SwapCached:            0 kB
Active:          1293144 kB
Inactive:         847776 kB
Active(anon):     753472 kB
Inactive(anon):   181048 kB
Active(file):     539672 kB
Inactive(file):   666728 kB
Unevictable:        7800 kB
Mlocked:               0 kB
SwapTotal:        720184 kB
SwapFree:         720184 kB
Dirty:               384 kB
Writeback:             0 kB
AnonPages:        912252 kB
Mapped:           632444 kB
Shmem:             22200 kB
Slab:             119672 kB
SReclaimable:      36428 kB
SUnreclaim:        83244 kB
KernelStack:       33920 kB
PageTables:        57136 kB
NFS_Unstable:          0 kB
Bounce:                0 kB
WritebackTmp:          0 kB
CommitLimit:     2172840 kB
Committed_AS:   91661988 kB
VmallocTotal:   251658176 kB
VmallocUsed:      137772 kB
VmallocChunk:   251431468 kB
Time pass: 45 sec

---2015-12-05 14:07:44
MemTotal:        2905316 kB
MemFree:           77436 kB
Buffers:           28692 kB
Cached:          1198640 kB
SwapCached:            0 kB
Active:          1301196 kB
Inactive:         836576 kB
Active(anon):     756800 kB
Inactive(anon):   183868 kB
Active(file):     544396 kB
Inactive(file):   652708 kB
Unevictable:        7800 kB
Mlocked:               0 kB
SwapTotal:        720184 kB
SwapFree:         720184 kB
Dirty:               424 kB
Writeback:             0 kB
AnonPages:        918764 kB
Mapped:           627844 kB
Shmem:             22204 kB
Slab:             119156 kB
SReclaimable:      36060 kB
SUnreclaim:        83096 kB
KernelStack:       33968 kB
PageTables:        57004 kB
NFS_Unstable:          0 kB
Bounce:                0 kB
WritebackTmp:          0 kB
CommitLimit:     2172840 kB
Committed_AS:   91682004 kB
VmallocTotal:   251658176 kB
VmallocUsed:      137724 kB
VmallocChunk:   251431468 kB
Time pass: 49 sec

---2015-12-05 14:07:44
MemTotal:        2905316 kB
MemFree:           64860 kB
Buffers:           27528 kB
Cached:          1154620 kB
SwapCached:            0 kB
Active:          1318832 kB
Inactive:         796712 kB
Active(anon):     769912 kB
Inactive(anon):   193592 kB
Active(file):     548920 kB
Inactive(file):   603120 kB
Unevictable:        7800 kB
Mlocked:               0 kB
SwapTotal:        720184 kB
SwapFree:         720184 kB
Dirty:               704 kB
Writeback:             8 kB
AnonPages:        941468 kB
Mapped:           670704 kB
Shmem:             22204 kB
Slab:             119144 kB
SReclaimable:      35896 kB
SUnreclaim:        83248 kB
KernelStack:       34000 kB
PageTables:        57104 kB
NFS_Unstable:          0 kB
Bounce:                0 kB
WritebackTmp:          0 kB
CommitLimit:     2172840 kB
Committed_AS:   91692236 kB
VmallocTotal:   251658176 kB
VmallocUsed:      138016 kB
VmallocChunk:   251431468 kB
Time pass: 52 sec

---2015-12-05 14:07:44
MemTotal:        2905316 kB
MemFree:           86324 kB
Buffers:           27296 kB
Cached:          1132876 kB
SwapCached:            0 kB
Active:          1313336 kB
Inactive:         772220 kB
Active(anon):     761048 kB
Inactive(anon):   194360 kB
Active(file):     552288 kB
Inactive(file):   577860 kB
Unevictable:        7800 kB
Mlocked:               0 kB
SwapTotal:        720184 kB
SwapFree:         720184 kB
Dirty:               720 kB
Writeback:             0 kB
AnonPages:        933304 kB
Mapped:           681636 kB
Shmem:             22204 kB
Slab:             119716 kB
SReclaimable:      36344 kB
SUnreclaim:        83372 kB
KernelStack:       34032 kB
PageTables:        57156 kB
NFS_Unstable:          0 kB
Bounce:                0 kB
WritebackTmp:          0 kB
CommitLimit:     2172840 kB
Committed_AS:   91681008 kB
VmallocTotal:   251658176 kB
VmallocUsed:      138124 kB
VmallocChunk:   251431468 kB
Time pass: 56 sec

---2015-12-05 14:07:44
MemTotal:        2905316 kB
MemFree:           84588 kB
Buffers:           27304 kB
Cached:          1133344 kB
SwapCached:            0 kB
Active:          1314540 kB
Inactive:         772540 kB
Active(anon):     762252 kB
Inactive(anon):   194416 kB
Active(file):     552288 kB
Inactive(file):   578124 kB
Unevictable:        7800 kB
Mlocked:               0 kB
SwapTotal:        720184 kB
SwapFree:         720184 kB
Dirty:                52 kB
Writeback:             0 kB
AnonPages:        934432 kB
Mapped:           681816 kB
Shmem:             22264 kB
Slab:             119816 kB
SReclaimable:      36360 kB
SUnreclaim:        83456 kB
KernelStack:       34048 kB
PageTables:        57212 kB
NFS_Unstable:          0 kB
Bounce:                0 kB
WritebackTmp:          0 kB
CommitLimit:     2172840 kB
Committed_AS:   91707872 kB
VmallocTotal:   251658176 kB
VmallocUsed:      138124 kB
VmallocChunk:   251431468 kB
Time pass: 60 sec

---2015-12-05 14:07:44
MemTotal:        2905316 kB
MemFree:           70528 kB
Buffers:           27312 kB
Cached:          1130004 kB
SwapCached:            0 kB
Active:          1315864 kB
Inactive:         769040 kB
Active(anon):     763256 kB
Inactive(anon):   194416 kB
Active(file):     552608 kB
Inactive(file):   574624 kB
Unevictable:        7800 kB
Mlocked:               0 kB
SwapTotal:        720184 kB
SwapFree:         720184 kB
Dirty:               200 kB
Writeback:             0 kB
AnonPages:        935556 kB
Mapped:           691016 kB
Shmem:             22264 kB
Slab:             119968 kB
SReclaimable:      36392 kB
SUnreclaim:        83576 kB
KernelStack:       33840 kB
PageTables:        57240 kB
NFS_Unstable:          0 kB
Bounce:                0 kB
WritebackTmp:          0 kB
CommitLimit:     2172840 kB
Committed_AS:   91707976 kB
VmallocTotal:   251658176 kB
VmallocUsed:      138260 kB
VmallocChunk:   251431468 kB
Time pass: 64 sec

---2015-12-05 14:07:44
MemTotal:        2905316 kB
MemFree:           69776 kB
Buffers:           27312 kB
Cached:          1130004 kB
SwapCached:            0 kB
Active:          1316096 kB
Inactive:         769048 kB
Active(anon):     763488 kB
Inactive(anon):   194416 kB
Active(file):     552608 kB
Inactive(file):   574632 kB
Unevictable:        7800 kB
Mlocked:               0 kB
SwapTotal:        720184 kB
SwapFree:         720184 kB
Dirty:               200 kB
Writeback:             0 kB
AnonPages:        935652 kB
Mapped:           691076 kB
Shmem:             22264 kB
Slab:             119976 kB
SReclaimable:      36392 kB
SUnreclaim:        83584 kB
KernelStack:       33824 kB
PageTables:        57272 kB
NFS_Unstable:          0 kB
Bounce:                0 kB
WritebackTmp:          0 kB
CommitLimit:     2172840 kB
Committed_AS:   91707936 kB
VmallocTotal:   251658176 kB
VmallocUsed:      138260 kB
VmallocChunk:   251431468 kB
Time pass: 67 sec

---2015-12-05 14:07:44
MemTotal:        2905316 kB
MemFree:           67068 kB
Buffers:           27276 kB
Cached:          1106368 kB
SwapCached:            0 kB
Active:          1320308 kB
Inactive:         743276 kB
Active(anon):     770036 kB
Inactive(anon):   194772 kB
Active(file):     550272 kB
Inactive(file):   548504 kB
Unevictable:       12536 kB
Mlocked:               0 kB
SwapTotal:        720184 kB
SwapFree:         720156 kB
Dirty:               616 kB
Writeback:             0 kB
AnonPages:        942748 kB
Mapped:           699180 kB
Shmem:             22264 kB
Slab:             120276 kB
SReclaimable:      36520 kB
SUnreclaim:        83756 kB
KernelStack:       33872 kB
PageTables:        57156 kB
NFS_Unstable:          0 kB
Bounce:                0 kB
WritebackTmp:          0 kB
CommitLimit:     2172840 kB
Committed_AS:   91718004 kB
VmallocTotal:   251658176 kB
VmallocUsed:      138420 kB
VmallocChunk:   251431468 kB
Time pass: 71 sec

---2015-12-05 14:07:44
MemTotal:        2905316 kB
MemFree:           67732 kB
Buffers:           27244 kB
Cached:          1102400 kB
SwapCached:            0 kB
Active:          1321564 kB
Inactive:         741036 kB
Active(anon):     773260 kB
Inactive(anon):   194736 kB
Active(file):     548304 kB
Inactive(file):   546300 kB
Unevictable:       12672 kB
Mlocked:               0 kB
SwapTotal:        720184 kB
SwapFree:         720156 kB
Dirty:                16 kB
Writeback:             0 kB
AnonPages:        945640 kB
Mapped:           702544 kB
Shmem:             22236 kB
Slab:             120548 kB
SReclaimable:      36648 kB
SUnreclaim:        83900 kB
KernelStack:       33840 kB
PageTables:        57164 kB
NFS_Unstable:          0 kB
Bounce:                0 kB
WritebackTmp:          0 kB
CommitLimit:     2172840 kB
Committed_AS:   91719580 kB
VmallocTotal:   251658176 kB
VmallocUsed:      138432 kB
VmallocChunk:   251431468 kB
Time pass: 74 sec

---2015-12-05 14:07:44
MemTotal:        2905316 kB
MemFree:           65248 kB
Buffers:           27136 kB
Cached:          1085740 kB
SwapCached:            0 kB
Active:          1330052 kB
Inactive:         736768 kB
Active(anon):     791196 kB
Inactive(anon):   198016 kB
Active(file):     538856 kB
Inactive(file):   538752 kB
Unevictable:       12768 kB
Mlocked:               0 kB
SwapTotal:        720184 kB
SwapFree:         720156 kB
Dirty:               564 kB
Writeback:             0 kB
AnonPages:        966940 kB
Mapped:           705648 kB
Shmem:             22364 kB
Slab:             120592 kB
SReclaimable:      36776 kB
SUnreclaim:        83816 kB
KernelStack:       34176 kB
PageTables:        57424 kB
NFS_Unstable:          0 kB
Bounce:                0 kB
WritebackTmp:          0 kB
CommitLimit:     2172840 kB
Committed_AS:   91769240 kB
VmallocTotal:   251658176 kB
VmallocUsed:      140880 kB
VmallocChunk:   251431468 kB
Time pass: 78 sec

---2015-12-05 14:07:44
MemTotal:        2905316 kB
MemFree:           63388 kB
Buffers:           26936 kB
Cached:          1052408 kB
SwapCached:            0 kB
Active:          1313708 kB
Inactive:         720392 kB
Active(anon):     791832 kB
Inactive(anon):   198328 kB
Active(file):     521876 kB
Inactive(file):   522064 kB
Unevictable:       12768 kB
Mlocked:               0 kB
SwapTotal:        720184 kB
SwapFree:         720156 kB
Dirty:                40 kB
Writeback:             0 kB
AnonPages:        967840 kB
Mapped:           700828 kB
Shmem:             22492 kB
Slab:             120396 kB
SReclaimable:      36376 kB
SUnreclaim:        84020 kB
KernelStack:       34192 kB
PageTables:        57584 kB
NFS_Unstable:          0 kB
Bounce:                0 kB
WritebackTmp:          0 kB
CommitLimit:     2172840 kB
Committed_AS:   91769976 kB
VmallocTotal:   251658176 kB
VmallocUsed:      140880 kB
VmallocChunk:   251431468 kB
Time pass: 82 sec

---2015-12-05 14:07:44
MemTotal:        2905316 kB
MemFree:           67324 kB
Buffers:           26960 kB
Cached:          1047800 kB
SwapCached:            0 kB
Active:          1311616 kB
Inactive:         719168 kB
Active(anon):     793076 kB
Inactive(anon):   198284 kB
Active(file):     518540 kB
Inactive(file):   520884 kB
Unevictable:       12768 kB
Mlocked:               0 kB
SwapTotal:        720184 kB
SwapFree:         720156 kB
Dirty:               144 kB
Writeback:             0 kB
AnonPages:        968960 kB
Mapped:           700836 kB
Shmem:             22568 kB
Slab:             120276 kB
SReclaimable:      36376 kB
SUnreclaim:        83900 kB
KernelStack:       34192 kB
PageTables:        57584 kB
NFS_Unstable:          0 kB
Bounce:                0 kB
WritebackTmp:          0 kB
CommitLimit:     2172840 kB
Committed_AS:   91770236 kB
VmallocTotal:   251658176 kB
VmallocUsed:      140880 kB
VmallocChunk:   251431468 kB
Time pass: 85 sec

---2015-12-05 14:07:44
MemTotal:        2905316 kB
MemFree:           64664 kB
Buffers:           26968 kB
Cached:          1048032 kB
SwapCached:            0 kB
Active:          1313500 kB
Inactive:         719316 kB
Active(anon):     794940 kB
Inactive(anon):   198436 kB
Active(file):     518560 kB
Inactive(file):   520880 kB
Unevictable:       12768 kB
Mlocked:               0 kB
SwapTotal:        720184 kB
SwapFree:         720156 kB
Dirty:                 4 kB
Writeback:             0 kB
AnonPages:        970824 kB
Mapped:           701068 kB
Shmem:             22792 kB
Slab:             120416 kB
SReclaimable:      36376 kB
SUnreclaim:        84040 kB
KernelStack:       34192 kB
PageTables:        57584 kB
NFS_Unstable:          0 kB
Bounce:                0 kB
WritebackTmp:          0 kB
CommitLimit:     2172840 kB
Committed_AS:   91799664 kB
VmallocTotal:   251658176 kB
VmallocUsed:      140880 kB
VmallocChunk:   251431468 kB
Time pass: 89 sec

---2015-12-05 14:07:44
MemTotal:        2905316 kB
MemFree:           62936 kB
Buffers:           26992 kB
Cached:          1048196 kB
SwapCached:            0 kB
Active:          1314904 kB
Inactive:         719508 kB
Active(anon):     796280 kB
Inactive(anon):   198576 kB
Active(file):     518624 kB
Inactive(file):   520932 kB
Unevictable:       12768 kB
Mlocked:               0 kB
SwapTotal:        720184 kB
SwapFree:         720156 kB
Dirty:               148 kB
Writeback:             0 kB
AnonPages:        971972 kB
Mapped:           701220 kB
Shmem:             22864 kB
Slab:             120428 kB
SReclaimable:      36376 kB
SUnreclaim:        84052 kB
KernelStack:       34208 kB
PageTables:        57668 kB
NFS_Unstable:          0 kB
Bounce:                0 kB
WritebackTmp:          0 kB
CommitLimit:     2172840 kB
Committed_AS:   91800892 kB
VmallocTotal:   251658176 kB
VmallocUsed:      140880 kB
VmallocChunk:   251431468 kB
Time pass: 93 sec

---2015-12-05 14:07:44
MemTotal:        2905316 kB
MemFree:           68740 kB
Buffers:           26992 kB
Cached:          1042028 kB
SwapCached:            0 kB
Active:          1313224 kB
Inactive:         716024 kB
Active(anon):     796424 kB
Inactive(anon):   199436 kB
Active(file):     516800 kB
Inactive(file):   516588 kB
Unevictable:       12768 kB
Mlocked:               0 kB
SwapTotal:        720184 kB
SwapFree:         720156 kB
Dirty:                68 kB
Writeback:             0 kB
AnonPages:        972924 kB
Mapped:           701036 kB
Shmem:             22864 kB
Slab:             120280 kB
SReclaimable:      36360 kB
SUnreclaim:        83920 kB
KernelStack:       34224 kB
PageTables:        57644 kB
NFS_Unstable:          0 kB
Bounce:                0 kB
WritebackTmp:          0 kB
CommitLimit:     2172840 kB
Committed_AS:   91801052 kB
VmallocTotal:   251658176 kB
VmallocUsed:      140880 kB
VmallocChunk:   251431468 kB
Time pass: 96 sec

---2015-12-05 14:07:44
MemTotal:        2905316 kB
MemFree:           63852 kB
Buffers:           27016 kB
Cached:          1042048 kB
SwapCached:            0 kB
Active:          1318084 kB
Inactive:         716044 kB
Active(anon):     801260 kB
Inactive(anon):   199448 kB
Active(file):     516824 kB
Inactive(file):   516596 kB
Unevictable:       12768 kB
Mlocked:               0 kB
SwapTotal:        720184 kB
SwapFree:         720156 kB
Dirty:                52 kB
Writeback:             0 kB
AnonPages:        977668 kB
Mapped:           701496 kB
Shmem:             22876 kB
Slab:             120416 kB
SReclaimable:      36360 kB
SUnreclaim:        84056 kB
KernelStack:       34208 kB
PageTables:        57644 kB
NFS_Unstable:          0 kB
Bounce:                0 kB
WritebackTmp:          0 kB
CommitLimit:     2172840 kB
Committed_AS:   95245024 kB
VmallocTotal:   251658176 kB
VmallocUsed:      140880 kB
VmallocChunk:   251431468 kB
Time pass: 100 sec

---2015-12-05 14:07:44
MemTotal:        2905316 kB
MemFree:          362376 kB
Buffers:           27064 kB
Cached:          1038956 kB
SwapCached:            0 kB
Active:          1211888 kB
Inactive:         715760 kB
Active(anon):     696760 kB
Inactive(anon):   200204 kB
Active(file):     515128 kB
Inactive(file):   515556 kB
Unevictable:       12768 kB
Mlocked:               0 kB
SwapTotal:        720184 kB
SwapFree:         720156 kB
Dirty:               276 kB
Writeback:             0 kB
AnonPages:        874460 kB
Mapped:           508012 kB
Shmem:             22544 kB
Slab:             120192 kB
SReclaimable:      36168 kB
SUnreclaim:        84024 kB
KernelStack:       32000 kB
PageTables:        54860 kB
NFS_Unstable:          0 kB
Bounce:                0 kB
WritebackTmp:          0 kB
CommitLimit:     2172840 kB
Committed_AS:   90168980 kB
VmallocTotal:   251658176 kB
VmallocUsed:      137188 kB
VmallocChunk:   251432492 kB
Time pass: 104 sec

---2015-12-05 14:07:44
MemTotal:        2905316 kB
MemFree:          257068 kB
Buffers:           27412 kB
Cached:          1041192 kB
SwapCached:            0 kB
Active:          1243728 kB
Inactive:         716132 kB
Active(anon):     726436 kB
Inactive(anon):   200344 kB
Active(file):     517292 kB
Inactive(file):   515788 kB
Unevictable:       12768 kB
Mlocked:               0 kB
SwapTotal:        720184 kB
SwapFree:         720156 kB
Dirty:               708 kB
Writeback:           220 kB
AnonPages:        903948 kB
Mapped:           590640 kB
Shmem:             22684 kB
Slab:             120252 kB
SReclaimable:      36188 kB
SUnreclaim:        84064 kB
KernelStack:       32992 kB
PageTables:        55976 kB
NFS_Unstable:          0 kB
Bounce:                0 kB
WritebackTmp:          0 kB
CommitLimit:     2172840 kB
Committed_AS:   90991780 kB
VmallocTotal:   251658176 kB
VmallocUsed:      138956 kB
VmallocChunk:   251432492 kB
Time pass: 108 sec

---2015-12-05 14:07:44
MemTotal:        2905316 kB
MemFree:          169616 kB
Buffers:           27428 kB
Cached:          1042620 kB
SwapCached:            0 kB
Active:          1262112 kB
Inactive:         716224 kB
Active(anon):     743396 kB
Inactive(anon):   200344 kB
Active(file):     518716 kB
Inactive(file):   515880 kB
Unevictable:       12768 kB
Mlocked:               0 kB
SwapTotal:        720184 kB
SwapFree:         720156 kB
Dirty:              2168 kB
Writeback:             0 kB
AnonPages:        921188 kB
Mapped:           641716 kB
Shmem:             22684 kB
Slab:             120192 kB
SReclaimable:      36220 kB
SUnreclaim:        83972 kB
KernelStack:       33056 kB
PageTables:        56196 kB
NFS_Unstable:          0 kB
Bounce:                0 kB
WritebackTmp:          0 kB
CommitLimit:     2172840 kB
Committed_AS:   90999960 kB
VmallocTotal:   251658176 kB
VmallocUsed:      139476 kB
VmallocChunk:   251432492 kB
Time pass: 112 sec

---2015-12-05 14:07:44
MemTotal:        2905316 kB
MemFree:          166880 kB
Buffers:           27460 kB
Cached:          1042628 kB
SwapCached:            0 kB
Active:          1262908 kB
Inactive:         716244 kB
Active(anon):     744180 kB
Inactive(anon):   200344 kB
Active(file):     518728 kB
Inactive(file):   515900 kB
Unevictable:       12768 kB
Mlocked:               0 kB
SwapTotal:        720184 kB
SwapFree:         720156 kB
Dirty:                92 kB
Writeback:             0 kB
AnonPages:        921832 kB
Mapped:           642136 kB
Shmem:             22684 kB
Slab:             120328 kB
SReclaimable:      36236 kB
SUnreclaim:        84092 kB
KernelStack:       32992 kB
PageTables:        56236 kB
NFS_Unstable:          0 kB
Bounce:                0 kB
WritebackTmp:          0 kB
CommitLimit:     2172840 kB
Committed_AS:   91000220 kB
VmallocTotal:   251658176 kB
VmallocUsed:      137060 kB
VmallocChunk:   251432492 kB
Time pass: 116 sec

---2015-12-05 14:07:44
MemTotal:        2905316 kB
MemFree:          149184 kB
Buffers:           27468 kB
Cached:          1042772 kB
SwapCached:            0 kB
Active:          1265248 kB
Inactive:         716252 kB
Active(anon):     746368 kB
Inactive(anon):   200344 kB
Active(file):     518880 kB
Inactive(file):   515908 kB
Unevictable:       12768 kB
Mlocked:               0 kB
SwapTotal:        720184 kB
SwapFree:         720156 kB
Dirty:                48 kB
Writeback:             4 kB
AnonPages:        923896 kB
Mapped:           651868 kB
Shmem:             22684 kB
Slab:             120216 kB
SReclaimable:      36236 kB
SUnreclaim:        83980 kB
KernelStack:       32992 kB
PageTables:        56244 kB
NFS_Unstable:          0 kB
Bounce:                0 kB
WritebackTmp:          0 kB
CommitLimit:     2172840 kB
Committed_AS:   91027676 kB
VmallocTotal:   251658176 kB
VmallocUsed:      137184 kB
VmallocChunk:   251432492 kB
Time pass: 119 sec

---2015-12-05 14:07:44
MemTotal:        2905316 kB
MemFree:          121296 kB
Buffers:           27468 kB
Cached:          1042848 kB
SwapCached:            0 kB
Active:          1271180 kB
Inactive:         716240 kB
Active(anon):     752216 kB
Inactive(anon):   200404 kB
Active(file):     518964 kB
Inactive(file):   515836 kB
Unevictable:       12768 kB
Mlocked:               0 kB
SwapTotal:        720184 kB
SwapFree:         720156 kB
Dirty:               512 kB
Writeback:             0 kB
AnonPages:        929956 kB
Mapped:           664032 kB
Shmem:             22744 kB
Slab:             120312 kB
SReclaimable:      36236 kB
SUnreclaim:        84076 kB
KernelStack:       32992 kB
PageTables:        56272 kB
NFS_Unstable:          0 kB
Bounce:                0 kB
WritebackTmp:          0 kB
CommitLimit:     2172840 kB
Committed_AS:   91031008 kB
VmallocTotal:   251658176 kB
VmallocUsed:      137336 kB
VmallocChunk:   251432492 kB
Time pass: 123 sec

---2015-12-05 14:07:44
MemTotal:        2905316 kB
MemFree:          120368 kB
Buffers:           27476 kB
Cached:          1042896 kB
SwapCached:            0 kB
Active:          1270808 kB
Inactive:         716276 kB
Active(anon):     751824 kB
Inactive(anon):   200404 kB
Active(file):     518984 kB
Inactive(file):   515872 kB
Unevictable:       12768 kB
Mlocked:               0 kB
SwapTotal:        720184 kB
SwapFree:         720156 kB
Dirty:               604 kB
Writeback:             0 kB
AnonPages:        929496 kB
Mapped:           664932 kB
Shmem:             22744 kB
Slab:             120192 kB
SReclaimable:      36236 kB
SUnreclaim:        83956 kB
KernelStack:       32976 kB
PageTables:        56288 kB
NFS_Unstable:          0 kB
Bounce:                0 kB
WritebackTmp:          0 kB
CommitLimit:     2172840 kB
Committed_AS:   91031276 kB
VmallocTotal:   251658176 kB
VmallocUsed:      137360 kB
VmallocChunk:   251432492 kB
Time pass: 127 sec

---2015-12-05 14:07:44
MemTotal:        2905316 kB
MemFree:          120244 kB
Buffers:           27484 kB
Cached:          1042900 kB
SwapCached:            0 kB
Active:          1270836 kB
Inactive:         716272 kB
Active(anon):     751844 kB
Inactive(anon):   200404 kB
Active(file):     518992 kB
Inactive(file):   515868 kB
Unevictable:       12768 kB
Mlocked:               0 kB
SwapTotal:        720184 kB
SwapFree:         720156 kB
Dirty:                44 kB
Writeback:             0 kB
AnonPages:        929464 kB
Mapped:           664932 kB
Shmem:             22744 kB
Slab:             120284 kB
SReclaimable:      36236 kB
SUnreclaim:        84048 kB
KernelStack:       32976 kB
PageTables:        56292 kB
NFS_Unstable:          0 kB
Bounce:                0 kB
WritebackTmp:          0 kB
CommitLimit:     2172840 kB
Committed_AS:   91031268 kB
VmallocTotal:   251658176 kB
VmallocUsed:      137360 kB
VmallocChunk:   251432492 kB
Time pass: 130 sec

---2015-12-05 14:07:44
MemTotal:        2905316 kB
MemFree:          118864 kB
Buffers:           27484 kB
Cached:          1042912 kB
SwapCached:            0 kB
Active:          1271412 kB
Inactive:         716280 kB
Active(anon):     752416 kB
Inactive(anon):   200404 kB
Active(file):     518996 kB
Inactive(file):   515876 kB
Unevictable:       12768 kB
Mlocked:               0 kB
SwapTotal:        720184 kB
SwapFree:         720156 kB
Dirty:                 8 kB
Writeback:             0 kB
AnonPages:        929796 kB
Mapped:           666116 kB
Shmem:             22744 kB
Slab:             120300 kB
SReclaimable:      36236 kB
SUnreclaim:        84064 kB
KernelStack:       32976 kB
PageTables:        56316 kB
NFS_Unstable:          0 kB
Bounce:                0 kB
WritebackTmp:          0 kB
CommitLimit:     2172840 kB
Committed_AS:   91031268 kB
VmallocTotal:   251658176 kB
VmallocUsed:      137360 kB
VmallocChunk:   251432492 kB
Time pass: 134 sec

---2015-12-05 14:07:44
MemTotal:        2905316 kB
MemFree:          108368 kB
Buffers:           27492 kB
Cached:          1043128 kB
SwapCached:            0 kB
Active:          1279504 kB
Inactive:         715480 kB
Active(anon):     759476 kB
Inactive(anon):   200552 kB
Active(file):     520028 kB
Inactive(file):   514928 kB
Unevictable:       12768 kB
Mlocked:               0 kB
SwapTotal:        720184 kB
SwapFree:         720156 kB
Dirty:                84 kB
Writeback:             0 kB
AnonPages:        936992 kB
Mapped:           669620 kB
Shmem:             22896 kB
Slab:             120504 kB
SReclaimable:      36236 kB
SUnreclaim:        84268 kB
KernelStack:       33344 kB
PageTables:        56552 kB
NFS_Unstable:          0 kB
Bounce:                0 kB
WritebackTmp:          0 kB
CommitLimit:     2172840 kB
Committed_AS:   91067424 kB
VmallocTotal:   251658176 kB
VmallocUsed:      139808 kB
VmallocChunk:   251432492 kB
Time pass: 138 sec

---2015-12-05 14:07:44
MemTotal:        2905316 kB
MemFree:           96492 kB
Buffers:           27532 kB
Cached:          1043256 kB
SwapCached:            0 kB
Active:          1289128 kB
Inactive:         715620 kB
Active(anon):     769072 kB
Inactive(anon):   200652 kB
Active(file):     520056 kB
Inactive(file):   514968 kB
Unevictable:       12768 kB
Mlocked:               0 kB
SwapTotal:        720184 kB
SwapFree:         720156 kB
Dirty:               124 kB
Writeback:             0 kB
AnonPages:        946792 kB
Mapped:           671080 kB
Shmem:             22996 kB
Slab:             120384 kB
SReclaimable:      36268 kB
SUnreclaim:        84116 kB
KernelStack:       33392 kB
PageTables:        56752 kB
NFS_Unstable:          0 kB
Bounce:                0 kB
WritebackTmp:          0 kB
CommitLimit:     2172840 kB
Committed_AS:   91086488 kB
VmallocTotal:   251658176 kB
VmallocUsed:      139808 kB
VmallocChunk:   251432492 kB
Time pass: 142 sec

---2015-12-05 14:07:44
MemTotal:        2905316 kB
MemFree:           91672 kB
Buffers:           27564 kB
Cached:          1043356 kB
SwapCached:            0 kB
Active:          1295624 kB
Inactive:         715492 kB
Active(anon):     775316 kB
Inactive(anon):   200580 kB
Active(file):     520308 kB
Inactive(file):   514912 kB
Unevictable:       12768 kB
Mlocked:               0 kB
SwapTotal:        720184 kB
SwapFree:         720156 kB
Dirty:               124 kB
Writeback:             0 kB
AnonPages:        953104 kB
Mapped:           671292 kB
Shmem:             22924 kB
Slab:             120376 kB
SReclaimable:      36268 kB
SUnreclaim:        84108 kB
KernelStack:       33344 kB
PageTables:        56552 kB
NFS_Unstable:          0 kB
Bounce:                0 kB
WritebackTmp:          0 kB
CommitLimit:     2172840 kB
Committed_AS:   91087588 kB
VmallocTotal:   251658176 kB
VmallocUsed:      139808 kB
VmallocChunk:   251432492 kB
Time pass: 146 sec

---2015-12-05 14:07:44
MemTotal:        2905316 kB
MemFree:           87048 kB
Buffers:           27580 kB
Cached:          1043420 kB
SwapCached:            0 kB
Active:          1299596 kB
Inactive:         715548 kB
Active(anon):     779256 kB
Inactive(anon):   200596 kB
Active(file):     520340 kB
Inactive(file):   514952 kB
Unevictable:       12768 kB
Mlocked:               0 kB
SwapTotal:        720184 kB
SwapFree:         720156 kB
Dirty:               172 kB
Writeback:             0 kB
AnonPages:        957064 kB
Mapped:           671368 kB
Shmem:             22940 kB
Slab:             120364 kB
SReclaimable:      36268 kB
SUnreclaim:        84096 kB
KernelStack:       33360 kB
PageTables:        56576 kB
NFS_Unstable:          0 kB
Bounce:                0 kB
WritebackTmp:          0 kB
CommitLimit:     2172840 kB
Committed_AS:   91088084 kB
VmallocTotal:   251658176 kB
VmallocUsed:      139808 kB
VmallocChunk:   251432492 kB
Time pass: 149 sec

---2015-12-05 14:07:44
MemTotal:        2905316 kB
MemFree:           89388 kB
Buffers:           27588 kB
Cached:          1043172 kB
SwapCached:            0 kB
Active:          1300536 kB
Inactive:         715276 kB
Active(anon):     780164 kB
Inactive(anon):   200180 kB
Active(file):     520372 kB
Inactive(file):   515096 kB
Unevictable:       12768 kB
Mlocked:               0 kB
SwapTotal:        720184 kB
SwapFree:         720156 kB
Dirty:               132 kB
Writeback:             0 kB
AnonPages:        957904 kB
Mapped:           670968 kB
Shmem:             22524 kB
Slab:             117516 kB
SReclaimable:      36268 kB
SUnreclaim:        81248 kB
KernelStack:       33344 kB
PageTables:        56236 kB
NFS_Unstable:          0 kB
Bounce:                0 kB
WritebackTmp:          0 kB
CommitLimit:     2172840 kB
Committed_AS:   90900652 kB
VmallocTotal:   251658176 kB
VmallocUsed:      139808 kB
VmallocChunk:   251432492 kB
Time pass: 153 sec

---2015-12-05 14:07:44
MemTotal:        2905316 kB
MemFree:           90200 kB
Buffers:           27604 kB
Cached:          1043260 kB
SwapCached:            0 kB
Active:          1299384 kB
Inactive:         715340 kB
Active(anon):     778972 kB
Inactive(anon):   200180 kB
Active(file):     520412 kB
Inactive(file):   515160 kB
Unevictable:       12768 kB
Mlocked:               0 kB
SwapTotal:        720184 kB
SwapFree:         720156 kB
Dirty:                24 kB
Writeback:             0 kB
AnonPages:        956732 kB
Mapped:           671044 kB
Shmem:             22524 kB
Slab:             117480 kB
SReclaimable:      36268 kB
SUnreclaim:        81212 kB
KernelStack:       33344 kB
PageTables:        56264 kB
NFS_Unstable:          0 kB
Bounce:                0 kB
WritebackTmp:          0 kB
CommitLimit:     2172840 kB
Committed_AS:   90901432 kB
VmallocTotal:   251658176 kB
VmallocUsed:      139808 kB
VmallocChunk:   251432492 kB
Time pass: 157 sec

---2015-12-05 14:07:44
MemTotal:        2905316 kB
MemFree:           91024 kB
Buffers:           27612 kB
Cached:          1043280 kB
SwapCached:            0 kB
Active:          1298892 kB
Inactive:         715352 kB
Active(anon):     778464 kB
Inactive(anon):   200184 kB
Active(file):     520428 kB
Inactive(file):   515168 kB
Unevictable:       12768 kB
Mlocked:               0 kB
SwapTotal:        720184 kB
SwapFree:         720156 kB
Dirty:                64 kB
Writeback:             0 kB
AnonPages:        956120 kB
Mapped:           671056 kB
Shmem:             22528 kB
Slab:             117480 kB
SReclaimable:      36268 kB
SUnreclaim:        81212 kB
KernelStack:       33344 kB
PageTables:        56264 kB
NFS_Unstable:          0 kB
Bounce:                0 kB
WritebackTmp:          0 kB
CommitLimit:     2172840 kB
Committed_AS:   90902188 kB
VmallocTotal:   251658176 kB
VmallocUsed:      139808 kB
VmallocChunk:   251432492 kB
Time pass: 161 sec

---2015-12-05 14:07:44
MemTotal:        2905316 kB
MemFree:           89924 kB
Buffers:           27620 kB
Cached:          1043372 kB
SwapCached:            0 kB
Active:          1300256 kB
Inactive:         715424 kB
Active(anon):     779800 kB
Inactive(anon):   200216 kB
Active(file):     520456 kB
Inactive(file):   515208 kB
Unevictable:       12768 kB
Mlocked:               0 kB
SwapTotal:        720184 kB
SwapFree:         720156 kB
Dirty:                 4 kB
Writeback:             0 kB
AnonPages:        957548 kB
Mapped:           671104 kB
Shmem:             22560 kB
Slab:             117480 kB
SReclaimable:      36268 kB
SUnreclaim:        81212 kB
KernelStack:       33344 kB
PageTables:        56264 kB
NFS_Unstable:          0 kB
Bounce:                0 kB
WritebackTmp:          0 kB
CommitLimit:     2172840 kB
Committed_AS:   90902164 kB
VmallocTotal:   251658176 kB
VmallocUsed:      139808 kB
VmallocChunk:   251432492 kB
Time pass: 165 sec

---2015-12-05 14:07:44
MemTotal:        2905316 kB
MemFree:           88508 kB
Buffers:           27636 kB
Cached:          1043416 kB
SwapCached:            0 kB
Active:          1301188 kB
Inactive:         715452 kB
Active(anon):     780704 kB
Inactive(anon):   200216 kB
Active(file):     520484 kB
Inactive(file):   515236 kB
Unevictable:       12768 kB
Mlocked:               0 kB
SwapTotal:        720184 kB
SwapFree:         720156 kB
Dirty:               120 kB
Writeback:             0 kB
AnonPages:        958520 kB
Mapped:           671108 kB
Shmem:             22560 kB
Slab:             117480 kB
SReclaimable:      36268 kB
SUnreclaim:        81212 kB
KernelStack:       33344 kB
PageTables:        56268 kB
NFS_Unstable:          0 kB
Bounce:                0 kB
WritebackTmp:          0 kB
CommitLimit:     2172840 kB
Committed_AS:   90902944 kB
VmallocTotal:   251658176 kB
VmallocUsed:      139808 kB
VmallocChunk:   251432492 kB
Time pass: 168 sec

---2015-12-05 14:07:44
MemTotal:        2905316 kB
MemFree:           88540 kB
Buffers:           27644 kB
Cached:          1043444 kB
SwapCached:            0 kB
Active:          1301060 kB
Inactive:         715468 kB
Active(anon):     780556 kB
Inactive(anon):   200220 kB
Active(file):     520504 kB
Inactive(file):   515248 kB
Unevictable:       12768 kB
Mlocked:               0 kB
SwapTotal:        720184 kB
SwapFree:         720156 kB
Dirty:                64 kB
Writeback:             0 kB
AnonPages:        958316 kB
Mapped:           671116 kB
Shmem:             22564 kB
Slab:             117480 kB
SReclaimable:      36268 kB
SUnreclaim:        81212 kB
KernelStack:       33344 kB
PageTables:        56268 kB
NFS_Unstable:          0 kB
Bounce:                0 kB
WritebackTmp:          0 kB
CommitLimit:     2172840 kB
Committed_AS:   90902960 kB
VmallocTotal:   251658176 kB
VmallocUsed:      139808 kB
VmallocChunk:   251432492 kB
Time pass: 172 sec

---2015-12-05 14:07:44
MemTotal:        2905316 kB
MemFree:           88160 kB
Buffers:           27644 kB
Cached:          1043472 kB
SwapCached:            0 kB
Active:          1301616 kB
Inactive:         715476 kB
Active(anon):     781088 kB
Inactive(anon):   200228 kB
Active(file):     520528 kB
Inactive(file):   515248 kB
Unevictable:       12768 kB
Mlocked:               0 kB
SwapTotal:        720184 kB
SwapFree:         720156 kB
Dirty:                 8 kB
Writeback:             0 kB
AnonPages:        958596 kB
Mapped:           671136 kB
Shmem:             22572 kB
Slab:             117480 kB
SReclaimable:      36268 kB
SUnreclaim:        81212 kB
KernelStack:       33344 kB
PageTables:        56264 kB
NFS_Unstable:          0 kB
Bounce:                0 kB
WritebackTmp:          0 kB
CommitLimit:     2172840 kB
Committed_AS:   90902956 kB
VmallocTotal:   251658176 kB
VmallocUsed:      139808 kB
VmallocChunk:   251432492 kB
Time pass: 176 sec

---2015-12-05 14:07:44
MemTotal:        2905316 kB
MemFree:           87488 kB
Buffers:           27668 kB
Cached:          1043520 kB
SwapCached:            0 kB
Active:          1302136 kB
Inactive:         715524 kB
Active(anon):     781584 kB
Inactive(anon):   200228 kB
Active(file):     520552 kB
Inactive(file):   515296 kB
Unevictable:       12768 kB
Mlocked:               0 kB
SwapTotal:        720184 kB
SwapFree:         720156 kB
Dirty:               124 kB
Writeback:             0 kB
AnonPages:        959364 kB
Mapped:           671140 kB
Shmem:             22572 kB
Slab:             117480 kB
SReclaimable:      36268 kB
SUnreclaim:        81212 kB
KernelStack:       33344 kB
PageTables:        56268 kB
NFS_Unstable:          0 kB
Bounce:                0 kB
WritebackTmp:          0 kB
CommitLimit:     2172840 kB
Committed_AS:   90929580 kB
VmallocTotal:   251658176 kB
VmallocUsed:      139808 kB
VmallocChunk:   251432492 kB
Time pass: 180 sec

---2015-12-05 14:07:44
MemTotal:        2905316 kB
MemFree:           87036 kB
Buffers:           27676 kB
Cached:          1043600 kB
SwapCached:            0 kB
Active:          1302300 kB
Inactive:         715588 kB
Active(anon):     781728 kB
Inactive(anon):   200288 kB
Active(file):     520572 kB
Inactive(file):   515300 kB
Unevictable:       12768 kB
Mlocked:               0 kB
SwapTotal:        720184 kB
SwapFree:         720156 kB
Dirty:                84 kB
Writeback:             0 kB
AnonPages:        959216 kB
Mapped:           671148 kB
Shmem:             22632 kB
Slab:             117448 kB
SReclaimable:      36268 kB
SUnreclaim:        81180 kB
KernelStack:       33312 kB
PageTables:        56292 kB
NFS_Unstable:          0 kB
Bounce:                0 kB
WritebackTmp:          0 kB
CommitLimit:     2172840 kB
Committed_AS:   90929568 kB
VmallocTotal:   251658176 kB
VmallocUsed:      139808 kB
VmallocChunk:   251432492 kB
Time pass: 184 sec

---2015-12-05 14:07:44
MemTotal:        2905316 kB
MemFree:           87292 kB
Buffers:           27676 kB
Cached:          1043620 kB
SwapCached:            0 kB
Active:          1302372 kB
Inactive:         715588 kB
Active(anon):     781776 kB
Inactive(anon):   200288 kB
Active(file):     520596 kB
Inactive(file):   515300 kB
Unevictable:       12768 kB
Mlocked:               0 kB
SwapTotal:        720184 kB
SwapFree:         720156 kB
Dirty:                68 kB
Writeback:             0 kB
AnonPages:        959308 kB
Mapped:           671212 kB
Shmem:             22632 kB
Slab:             117448 kB
SReclaimable:      36268 kB
SUnreclaim:        81180 kB
KernelStack:       33344 kB
PageTables:        56316 kB
NFS_Unstable:          0 kB
Bounce:                0 kB
WritebackTmp:          0 kB
CommitLimit:     2172840 kB
Committed_AS:   90929592 kB
VmallocTotal:   251658176 kB
VmallocUsed:      139808 kB
VmallocChunk:   251432492 kB
Time pass: 187 sec

---2015-12-05 14:07:44
MemTotal:        2905316 kB
MemFree:           85108 kB
Buffers:           27700 kB
Cached:          1043716 kB
SwapCached:            0 kB
Active:          1304360 kB
Inactive:         715660 kB
Active(anon):     783732 kB
Inactive(anon):   200288 kB
Active(file):     520628 kB
Inactive(file):   515372 kB
Unevictable:       12768 kB
Mlocked:               0 kB
SwapTotal:        720184 kB
SwapFree:         720156 kB
Dirty:               124 kB
Writeback:             0 kB
AnonPages:        961540 kB
Mapped:           671220 kB
Shmem:             22632 kB
Slab:             117404 kB
SReclaimable:      36268 kB
SUnreclaim:        81136 kB
KernelStack:       33296 kB
PageTables:        56320 kB
NFS_Unstable:          0 kB
Bounce:                0 kB
WritebackTmp:          0 kB
CommitLimit:     2172840 kB
Committed_AS:   90929552 kB
VmallocTotal:   251658176 kB
VmallocUsed:      139808 kB
VmallocChunk:   251432492 kB
Time pass: 191 sec

---2015-12-05 14:07:44
MemTotal:        2905316 kB
MemFree:           84580 kB
Buffers:           27700 kB
Cached:          1043776 kB
SwapCached:            0 kB
Active:          1304648 kB
Inactive:         715716 kB
Active(anon):     784000 kB
Inactive(anon):   200328 kB
Active(file):     520648 kB
Inactive(file):   515388 kB
Unevictable:       12768 kB
Mlocked:               0 kB
SwapTotal:        720184 kB
SwapFree:         720156 kB
Dirty:               144 kB
Writeback:             0 kB
AnonPages:        961664 kB
Mapped:           671288 kB
Shmem:             22672 kB
Slab:             117404 kB
SReclaimable:      36268 kB
SUnreclaim:        81136 kB
KernelStack:       33312 kB
PageTables:        56320 kB
NFS_Unstable:          0 kB
Bounce:                0 kB
WritebackTmp:          0 kB
CommitLimit:     2172840 kB
Committed_AS:   90929496 kB
VmallocTotal:   251658176 kB
VmallocUsed:      139808 kB
VmallocChunk:   251432492 kB
Time pass: 195 sec

---2015-12-05 14:07:44
MemTotal:        2905316 kB
MemFree:           84420 kB
Buffers:           27708 kB
Cached:          1043804 kB
SwapCached:            0 kB
Active:          1304572 kB
Inactive:         715732 kB
Active(anon):     783904 kB
Inactive(anon):   200328 kB
Active(file):     520668 kB
Inactive(file):   515404 kB
Unevictable:       12768 kB
Mlocked:               0 kB
SwapTotal:        720184 kB
SwapFree:         720156 kB
Dirty:               100 kB
Writeback:             0 kB
AnonPages:        961564 kB
Mapped:           671296 kB
Shmem:             22672 kB
Slab:             117404 kB
SReclaimable:      36268 kB
SUnreclaim:        81136 kB
KernelStack:       33264 kB
PageTables:        56316 kB
NFS_Unstable:          0 kB
Bounce:                0 kB
WritebackTmp:          0 kB
CommitLimit:     2172840 kB
Committed_AS:   90929728 kB
VmallocTotal:   251658176 kB
VmallocUsed:      139808 kB
VmallocChunk:   251432492 kB
Time pass: 199 sec

---2015-12-05 14:07:44
MemTotal:        2905316 kB
MemFree:           83060 kB
Buffers:           27740 kB
Cached:          1043900 kB
SwapCached:            0 kB
Active:          1306440 kB
Inactive:         715808 kB
Active(anon):     785720 kB
Inactive(anon):   200328 kB
Active(file):     520720 kB
Inactive(file):   515480 kB
Unevictable:       12768 kB
Mlocked:               0 kB
SwapTotal:        720184 kB
SwapFree:         720156 kB
Dirty:               188 kB
Writeback:             0 kB
AnonPages:        963376 kB
Mapped:           671404 kB
Shmem:             22672 kB
Slab:             117404 kB
SReclaimable:      36268 kB
SUnreclaim:        81136 kB
KernelStack:       33264 kB
PageTables:        56320 kB
NFS_Unstable:          0 kB
Bounce:                0 kB
WritebackTmp:          0 kB
CommitLimit:     2172840 kB
Committed_AS:   90929716 kB
VmallocTotal:   251658176 kB
VmallocUsed:      139808 kB
VmallocChunk:   251432492 kB
Time pass: 203 sec

---2015-12-05 14:07:44
MemTotal:        2905316 kB
MemFree:           82584 kB
Buffers:           27740 kB
Cached:          1043924 kB
SwapCached:            0 kB
Active:          1306668 kB
Inactive:         715808 kB
Active(anon):     785924 kB
Inactive(anon):   200328 kB
Active(file):     520744 kB
Inactive(file):   515480 kB
Unevictable:       12768 kB
Mlocked:               0 kB
SwapTotal:        720184 kB
SwapFree:         720156 kB
Dirty:                24 kB
Writeback:             0 kB
AnonPages:        963444 kB
Mapped:           671416 kB
Shmem:             22672 kB
Slab:             117404 kB
SReclaimable:      36268 kB
SUnreclaim:        81136 kB
KernelStack:       33312 kB
PageTables:        56320 kB
NFS_Unstable:          0 kB
Bounce:                0 kB
WritebackTmp:          0 kB
CommitLimit:     2172840 kB
Committed_AS:   90929800 kB
VmallocTotal:   251658176 kB
VmallocUsed:      139808 kB
VmallocChunk:   251432492 kB
Time pass: 207 sec

---2015-12-05 14:07:44
MemTotal:        2905316 kB
MemFree:           81796 kB
Buffers:           27748 kB
Cached:          1043936 kB
SwapCached:            0 kB
Active:          1307224 kB
Inactive:         715816 kB
Active(anon):     786468 kB
Inactive(anon):   200328 kB
Active(file):     520756 kB
Inactive(file):   515488 kB
Unevictable:       12768 kB
Mlocked:               0 kB
SwapTotal:        720184 kB
SwapFree:         720156 kB
Dirty:                92 kB
Writeback:             0 kB
AnonPages:        964076 kB
Mapped:           671416 kB
Shmem:             22672 kB
Slab:             117404 kB
SReclaimable:      36268 kB
SUnreclaim:        81136 kB
KernelStack:       33344 kB
PageTables:        56320 kB
NFS_Unstable:          0 kB
Bounce:                0 kB
WritebackTmp:          0 kB
CommitLimit:     2172840 kB
Committed_AS:   90956448 kB
VmallocTotal:   251658176 kB
VmallocUsed:      139808 kB
VmallocChunk:   251432492 kB
Time pass: 210 sec

---2015-12-05 14:07:44
MemTotal:        2905316 kB
MemFree:           76404 kB
Buffers:           27764 kB
Cached:          1044008 kB
SwapCached:            0 kB
Active:          1309276 kB
Inactive:         715884 kB
Active(anon):     788500 kB
Inactive(anon):   200388 kB
Active(file):     520776 kB
Inactive(file):   515496 kB
Unevictable:       12768 kB
Mlocked:               0 kB
SwapTotal:        720184 kB
SwapFree:         720156 kB
Dirty:                44 kB
Writeback:             0 kB
AnonPages:        966284 kB
Mapped:           671428 kB
Shmem:             22732 kB
Slab:             120572 kB
SReclaimable:      39288 kB
SUnreclaim:        81284 kB
KernelStack:       33296 kB
PageTables:        56340 kB
NFS_Unstable:          0 kB
Bounce:                0 kB
WritebackTmp:          0 kB
CommitLimit:     2172840 kB
Committed_AS:   90968016 kB
VmallocTotal:   251658176 kB
VmallocUsed:      140828 kB
VmallocChunk:   251432492 kB
Time pass: 214 sec

---2015-12-05 14:07:44
MemTotal:        2905316 kB
MemFree:           73644 kB
Buffers:           27780 kB
Cached:          1044632 kB
SwapCached:            0 kB
Active:          1309860 kB
Inactive:         716316 kB
Active(anon):     788892 kB
Inactive(anon):   200388 kB
Active(file):     520968 kB
Inactive(file):   515928 kB
Unevictable:       12768 kB
Mlocked:               0 kB
SwapTotal:        720184 kB
SwapFree:         720156 kB
Dirty:               136 kB
Writeback:             0 kB
AnonPages:        966672 kB
Mapped:           671628 kB
Shmem:             22732 kB
Slab:             121384 kB
SReclaimable:      39976 kB
SUnreclaim:        81408 kB
KernelStack:       33344 kB
PageTables:        56384 kB
NFS_Unstable:          0 kB
Bounce:                0 kB
WritebackTmp:          0 kB
CommitLimit:     2172840 kB
Committed_AS:   90962384 kB
VmallocTotal:   251658176 kB
VmallocUsed:      139820 kB
VmallocChunk:   251432492 kB
Time pass: 218 sec

---2015-12-05 14:07:44
MemTotal:        2905316 kB
MemFree:           74956 kB
Buffers:           27816 kB
Cached:          1044708 kB
SwapCached:            0 kB
Active:          1309096 kB
Inactive:         716396 kB
Active(anon):     788080 kB
Inactive(anon):   200388 kB
Active(file):     521016 kB
Inactive(file):   516008 kB
Unevictable:       12768 kB
Mlocked:               0 kB
SwapTotal:        720184 kB
SwapFree:         720156 kB
Dirty:                60 kB
Writeback:             0 kB
AnonPages:        965664 kB
Mapped:           671572 kB
Shmem:             22732 kB
Slab:             121396 kB
SReclaimable:      39980 kB
SUnreclaim:        81416 kB
KernelStack:       33232 kB
PageTables:        56316 kB
NFS_Unstable:          0 kB
Bounce:                0 kB
WritebackTmp:          0 kB
CommitLimit:     2172840 kB
Committed_AS:   90956460 kB
VmallocTotal:   251658176 kB
VmallocUsed:      139820 kB
VmallocChunk:   251432492 kB
Time pass: 222 sec

---2015-12-05 14:07:44
MemTotal:        2905316 kB
MemFree:           73928 kB
Buffers:           27836 kB
Cached:          1044916 kB
SwapCached:            0 kB
Active:          1309968 kB
Inactive:         716604 kB
Active(anon):     788932 kB
Inactive(anon):   200412 kB
Active(file):     521036 kB
Inactive(file):   516192 kB
Unevictable:       12768 kB
Mlocked:               0 kB
SwapTotal:        720184 kB
SwapFree:         720156 kB
Dirty:                 4 kB
Writeback:             0 kB
AnonPages:        966772 kB
Mapped:           671672 kB
Shmem:             22756 kB
Slab:             121392 kB
SReclaimable:      39980 kB
SUnreclaim:        81412 kB
KernelStack:       33248 kB
PageTables:        56340 kB
NFS_Unstable:          0 kB
Bounce:                0 kB
WritebackTmp:          0 kB
CommitLimit:     2172840 kB
Committed_AS:   90956716 kB
VmallocTotal:   251658176 kB
VmallocUsed:      139820 kB
VmallocChunk:   251432492 kB
Time pass: 226 sec

---2015-12-05 14:07:44
MemTotal:        2905316 kB
MemFree:           72868 kB
Buffers:           27852 kB
Cached:          1044960 kB
SwapCached:            0 kB
Active:          1310860 kB
Inactive:         716648 kB
Active(anon):     789808 kB
Inactive(anon):   200412 kB
Active(file):     521052 kB
Inactive(file):   516236 kB
Unevictable:       12768 kB
Mlocked:               0 kB
SwapTotal:        720184 kB
SwapFree:         720156 kB
Dirty:               140 kB
Writeback:             0 kB
AnonPages:        967452 kB
Mapped:           671736 kB
Shmem:             22756 kB
Slab:             121380 kB
SReclaimable:      39984 kB
SUnreclaim:        81396 kB
KernelStack:       33280 kB
PageTables:        56364 kB
NFS_Unstable:          0 kB
Bounce:                0 kB
WritebackTmp:          0 kB
CommitLimit:     2172840 kB
Committed_AS:   90956768 kB
VmallocTotal:   251658176 kB
VmallocUsed:      139820 kB
VmallocChunk:   251432492 kB
Time pass: 229 sec

---2015-12-05 14:07:44
MemTotal:        2905316 kB
MemFree:           72352 kB
Buffers:           27860 kB
Cached:          1044984 kB
SwapCached:            0 kB
Active:          1310860 kB
Inactive:         716660 kB
Active(anon):     789788 kB
Inactive(anon):   200416 kB
Active(file):     521072 kB
Inactive(file):   516244 kB
Unevictable:       12768 kB
Mlocked:               0 kB
SwapTotal:        720184 kB
SwapFree:         720156 kB
Dirty:                56 kB
Writeback:             0 kB
AnonPages:        967608 kB
Mapped:           671744 kB
Shmem:             22760 kB
Slab:             121380 kB
SReclaimable:      39984 kB
SUnreclaim:        81396 kB
KernelStack:       33280 kB
PageTables:        56368 kB
NFS_Unstable:          0 kB
Bounce:                0 kB
WritebackTmp:          0 kB
CommitLimit:     2172840 kB
Committed_AS:   90956732 kB
VmallocTotal:   251658176 kB
VmallocUsed:      139820 kB
VmallocChunk:   251432492 kB
Time pass: 233 sec

---2015-12-05 14:07:44
MemTotal:        2905316 kB
MemFree:           72184 kB
Buffers:           27868 kB
Cached:          1045000 kB
SwapCached:            0 kB
Active:          1311240 kB
Inactive:         716660 kB
Active(anon):     790152 kB
Inactive(anon):   200416 kB
Active(file):     521088 kB
Inactive(file):   516244 kB
Unevictable:       12768 kB
Mlocked:               0 kB
SwapTotal:        720184 kB
SwapFree:         720156 kB
Dirty:                20 kB
Writeback:             0 kB
AnonPages:        967912 kB
Mapped:           671752 kB
Shmem:             22760 kB
Slab:             121380 kB
SReclaimable:      39984 kB
SUnreclaim:        81396 kB
KernelStack:       33280 kB
PageTables:        56364 kB
NFS_Unstable:          0 kB
Bounce:                0 kB
WritebackTmp:          0 kB
CommitLimit:     2172840 kB
Committed_AS:   90956720 kB
VmallocTotal:   251658176 kB
VmallocUsed:      139820 kB
VmallocChunk:   251432492 kB
Time pass: 237 sec

---2015-12-05 14:07:44
MemTotal:        2905316 kB
MemFree:           70484 kB
Buffers:           27884 kB
Cached:          1045120 kB
SwapCached:            0 kB
Active:          1312428 kB
Inactive:         716780 kB
Active(anon):     791316 kB
Inactive(anon):   200484 kB
Active(file):     521112 kB
Inactive(file):   516296 kB
Unevictable:       12768 kB
Mlocked:               0 kB
SwapTotal:        720184 kB
SwapFree:         720156 kB
Dirty:                20 kB
Writeback:             0 kB
AnonPages:        969144 kB
Mapped:           671832 kB
Shmem:             22828 kB
Slab:             121384 kB
SReclaimable:      39988 kB
SUnreclaim:        81396 kB
KernelStack:       33280 kB
PageTables:        56416 kB
NFS_Unstable:          0 kB
Bounce:                0 kB
WritebackTmp:          0 kB
CommitLimit:     2172840 kB
Committed_AS:   90983260 kB
VmallocTotal:   251658176 kB
VmallocUsed:      139820 kB
VmallocChunk:   251432492 kB
Time pass: 241 sec

---2015-12-05 14:07:44
MemTotal:        2905316 kB
MemFree:           70280 kB
Buffers:           27892 kB
Cached:          1045144 kB
SwapCached:            0 kB
Active:          1312548 kB
Inactive:         716792 kB
Active(anon):     791416 kB
Inactive(anon):   200484 kB
Active(file):     521132 kB
Inactive(file):   516308 kB
Unevictable:       12768 kB
Mlocked:               0 kB
SwapTotal:        720184 kB
SwapFree:         720156 kB
Dirty:                96 kB
Writeback:             0 kB
AnonPages:        969240 kB
Mapped:           671844 kB
Shmem:             22828 kB
Slab:             121392 kB
SReclaimable:      39996 kB
SUnreclaim:        81396 kB
KernelStack:       33280 kB
PageTables:        56416 kB
NFS_Unstable:          0 kB
Bounce:                0 kB
WritebackTmp:          0 kB
CommitLimit:     2172840 kB
Committed_AS:   90983368 kB
VmallocTotal:   251658176 kB
VmallocUsed:      139820 kB
VmallocChunk:   251432492 kB
Time pass: 245 sec

---2015-12-05 14:07:44
MemTotal:        2905316 kB
MemFree:           70012 kB
Buffers:           27900 kB
Cached:          1045212 kB
SwapCached:            0 kB
Active:          1313696 kB
Inactive:         716836 kB
Active(anon):     792532 kB
Inactive(anon):   200484 kB
Active(file):     521164 kB
Inactive(file):   516352 kB
Unevictable:       12768 kB
Mlocked:               0 kB
SwapTotal:        720184 kB
SwapFree:         720156 kB
Dirty:               144 kB
Writeback:             0 kB
AnonPages:        970376 kB
Mapped:           671848 kB
Shmem:             22828 kB
Slab:             121236 kB
SReclaimable:      40000 kB
SUnreclaim:        81236 kB
KernelStack:       33280 kB
PageTables:        56416 kB
NFS_Unstable:          0 kB
Bounce:                0 kB
WritebackTmp:          0 kB
CommitLimit:     2172840 kB
Committed_AS:   90983356 kB
VmallocTotal:   251658176 kB
VmallocUsed:      139820 kB
VmallocChunk:   251432492 kB
Time pass: 249 sec

---2015-12-05 14:07:44
MemTotal:        2905316 kB
MemFree:           68488 kB
Buffers:           27916 kB
Cached:          1045264 kB
SwapCached:            0 kB
Active:          1315092 kB
Inactive:         716876 kB
Active(anon):     793900 kB
Inactive(anon):   200484 kB
Active(file):     521192 kB
Inactive(file):   516392 kB
Unevictable:       12768 kB
Mlocked:               0 kB
SwapTotal:        720184 kB
SwapFree:         720156 kB
Dirty:               136 kB
Writeback:             0 kB
AnonPages:        971400 kB
Mapped:           671860 kB
Shmem:             22828 kB
Slab:             121204 kB
SReclaimable:      40000 kB
SUnreclaim:        81204 kB
KernelStack:       33248 kB
PageTables:        56424 kB
NFS_Unstable:          0 kB
Bounce:                0 kB
WritebackTmp:          0 kB
CommitLimit:     2172840 kB
Committed_AS:   90983356 kB
VmallocTotal:   251658176 kB
VmallocUsed:      139820 kB
VmallocChunk:   251432492 kB
Time pass: 253 sec

---2015-12-05 14:07:44
MemTotal:        2905316 kB
MemFree:           68012 kB
Buffers:           27924 kB
Cached:          1045284 kB
SwapCached:            0 kB
Active:          1315328 kB
Inactive:         716876 kB
Active(anon):     794108 kB
Inactive(anon):   200484 kB
Active(file):     521220 kB
Inactive(file):   516392 kB
Unevictable:       12768 kB
Mlocked:               0 kB
SwapTotal:        720184 kB
SwapFree:         720156 kB
Dirty:                68 kB
Writeback:             0 kB
AnonPages:        971660 kB
Mapped:           671864 kB
Shmem:             22828 kB
Slab:             121204 kB
SReclaimable:      40000 kB
SUnreclaim:        81204 kB
KernelStack:       33232 kB
PageTables:        56420 kB
NFS_Unstable:          0 kB
Bounce:                0 kB
WritebackTmp:          0 kB
CommitLimit:     2172840 kB
Committed_AS:   90983344 kB
VmallocTotal:   251658176 kB
VmallocUsed:      139820 kB
VmallocChunk:   251432492 kB
Time pass: 256 sec

---2015-12-05 14:07:44
MemTotal:        2905316 kB
MemFree:           66756 kB
Buffers:           27924 kB
Cached:          1045304 kB
SwapCached:            0 kB
Active:          1316828 kB
Inactive:         716872 kB
Active(anon):     795584 kB
Inactive(anon):   200484 kB
Active(file):     521244 kB
Inactive(file):   516388 kB
Unevictable:       12768 kB
Mlocked:               0 kB
SwapTotal:        720184 kB
SwapFree:         720156 kB
Dirty:                92 kB
Writeback:             0 kB
AnonPages:        973392 kB
Mapped:           671892 kB
Shmem:             22828 kB
Slab:             121204 kB
SReclaimable:      40000 kB
SUnreclaim:        81204 kB
KernelStack:       33232 kB
PageTables:        56424 kB
NFS_Unstable:          0 kB
Bounce:                0 kB
WritebackTmp:          0 kB
CommitLimit:     2172840 kB
Committed_AS:   90983380 kB
VmallocTotal:   251658176 kB
VmallocUsed:      139820 kB
VmallocChunk:   251432492 kB
Time pass: 260 sec

---2015-12-05 14:07:44
MemTotal:        2905316 kB
MemFree:           71456 kB
Buffers:           27948 kB
Cached:          1045708 kB
SwapCached:            0 kB
Active:          1312208 kB
Inactive:         717252 kB
Active(anon):     790924 kB
Inactive(anon):   200484 kB
Active(file):     521284 kB
Inactive(file):   516768 kB
Unevictable:       12768 kB
Mlocked:               0 kB
SwapTotal:        720184 kB
SwapFree:         720156 kB
Dirty:               160 kB
Writeback:             0 kB
AnonPages:        968648 kB
Mapped:           672040 kB
Shmem:             22836 kB
Slab:             121204 kB
SReclaimable:      40000 kB
SUnreclaim:        81204 kB
KernelStack:       33232 kB
PageTables:        56404 kB
NFS_Unstable:          0 kB
Bounce:                0 kB
WritebackTmp:          0 kB
CommitLimit:     2172840 kB
Committed_AS:   90983344 kB
VmallocTotal:   251658176 kB
VmallocUsed:      139820 kB
VmallocChunk:   251432492 kB
Time pass: 264 sec

---2015-12-05 14:07:44
MemTotal:        2905316 kB
MemFree:           86580 kB
Buffers:           27956 kB
Cached:          1045724 kB
SwapCached:            0 kB
Active:          1296268 kB
Inactive:         717256 kB
Active(anon):     774968 kB
Inactive(anon):   200488 kB
Active(file):     521300 kB
Inactive(file):   516768 kB
Unevictable:       12768 kB
Mlocked:               0 kB
SwapTotal:        720184 kB
SwapFree:         720156 kB
Dirty:                16 kB
Writeback:             0 kB
AnonPages:        952704 kB
Mapped:           671980 kB
Shmem:             22836 kB
Slab:             121196 kB
SReclaimable:      39992 kB
SUnreclaim:        81204 kB
KernelStack:       33136 kB
PageTables:        56384 kB
NFS_Unstable:          0 kB
Bounce:                0 kB
WritebackTmp:          0 kB
CommitLimit:     2172840 kB
Committed_AS:   90983368 kB
VmallocTotal:   251658176 kB
VmallocUsed:      139820 kB
VmallocChunk:   251432492 kB
Time pass: 268 sec

---2015-12-05 14:07:44
MemTotal:        2905316 kB
MemFree:           86348 kB
Buffers:           27956 kB
Cached:          1045804 kB
SwapCached:            0 kB
Active:          1296776 kB
Inactive:         717324 kB
Active(anon):     775456 kB
Inactive(anon):   200548 kB
Active(file):     521320 kB
Inactive(file):   516776 kB
Unevictable:       12768 kB
Mlocked:               0 kB
SwapTotal:        720184 kB
SwapFree:         720156 kB
Dirty:                12 kB
Writeback:             0 kB
AnonPages:        953208 kB
Mapped:           672052 kB
Shmem:             22896 kB
Slab:             121204 kB
SReclaimable:      39992 kB
SUnreclaim:        81212 kB
KernelStack:       33104 kB
PageTables:        56428 kB
NFS_Unstable:          0 kB
Bounce:                0 kB
WritebackTmp:          0 kB
CommitLimit:     2172840 kB
Committed_AS:   91009872 kB
VmallocTotal:   251658176 kB
VmallocUsed:      139820 kB
VmallocChunk:   251432492 kB
Time pass: 272 sec

---2015-12-05 14:07:44
MemTotal:        2905316 kB
MemFree:           84732 kB
Buffers:           27980 kB
Cached:          1045824 kB
SwapCached:            0 kB
Active:          1298256 kB
Inactive:         717344 kB
Active(anon):     776924 kB
Inactive(anon):   200548 kB
Active(file):     521332 kB
Inactive(file):   516796 kB
Unevictable:       12768 kB
Mlocked:               0 kB
SwapTotal:        720184 kB
SwapFree:         720156 kB
Dirty:               100 kB
Writeback:             0 kB
AnonPages:        954624 kB
Mapped:           672116 kB
Shmem:             22896 kB
Slab:             121204 kB
SReclaimable:      39992 kB
SUnreclaim:        81212 kB
KernelStack:       33136 kB
PageTables:        56452 kB
NFS_Unstable:          0 kB
Bounce:                0 kB
WritebackTmp:          0 kB
CommitLimit:     2172840 kB
Committed_AS:   91009896 kB
VmallocTotal:   251658176 kB
VmallocUsed:      139820 kB
VmallocChunk:   251432492 kB
Time pass: 275 sec

---2015-12-05 14:07:44
MemTotal:        2905316 kB
MemFree:           84484 kB
Buffers:           27980 kB
Cached:          1045876 kB
SwapCached:            0 kB
Active:          1298492 kB
Inactive:         717380 kB
Active(anon):     777136 kB
Inactive(anon):   200552 kB
Active(file):     521356 kB
Inactive(file):   516828 kB
Unevictable:       12768 kB
Mlocked:               0 kB
SwapTotal:        720184 kB
SwapFree:         720156 kB
Dirty:                40 kB
Writeback:             0 kB
AnonPages:        954800 kB
Mapped:           672124 kB
Shmem:             22900 kB
Slab:             121204 kB
SReclaimable:      39992 kB
SUnreclaim:        81212 kB
KernelStack:       33136 kB
PageTables:        56456 kB
NFS_Unstable:          0 kB
Bounce:                0 kB
WritebackTmp:          0 kB
CommitLimit:     2172840 kB
Committed_AS:   91009908 kB
VmallocTotal:   251658176 kB
VmallocUsed:      139820 kB
VmallocChunk:   251432492 kB
Time pass: 279 sec

---2015-12-05 14:07:44
MemTotal:        2905316 kB
MemFree:           84264 kB
Buffers:           27988 kB
Cached:          1045892 kB
SwapCached:            0 kB
Active:          1298624 kB
Inactive:         717388 kB
Active(anon):     777248 kB
Inactive(anon):   200552 kB
Active(file):     521376 kB
Inactive(file):   516836 kB
Unevictable:       12768 kB
Mlocked:               0 kB
SwapTotal:        720184 kB
SwapFree:         720156 kB
Dirty:                60 kB
Writeback:             0 kB
AnonPages:        954876 kB
Mapped:           672132 kB
Shmem:             22900 kB
Slab:             121196 kB
SReclaimable:      39984 kB
SUnreclaim:        81212 kB
KernelStack:       33136 kB
PageTables:        56452 kB
NFS_Unstable:          0 kB
Bounce:                0 kB
WritebackTmp:          0 kB
CommitLimit:     2172840 kB
Committed_AS:   91009896 kB
VmallocTotal:   251658176 kB
VmallocUsed:      139820 kB
VmallocChunk:   251432492 kB
Time pass: 283 sec

---2015-12-05 14:07:44
MemTotal:        2905316 kB
MemFree:           83972 kB
Buffers:           28012 kB
Cached:          1045896 kB
SwapCached:            0 kB
Active:          1299152 kB
Inactive:         717400 kB
Active(anon):     777760 kB
Inactive(anon):   200552 kB
Active(file):     521392 kB
Inactive(file):   516848 kB
Unevictable:       12768 kB
Mlocked:               0 kB
SwapTotal:        720184 kB
SwapFree:         720156 kB
Dirty:                16 kB
Writeback:             8 kB
AnonPages:        955556 kB
Mapped:           672140 kB
Shmem:             22900 kB
Slab:             121196 kB
SReclaimable:      39984 kB
SUnreclaim:        81212 kB
KernelStack:       33120 kB
PageTables:        56456 kB
NFS_Unstable:          0 kB
Bounce:                0 kB
WritebackTmp:          0 kB
CommitLimit:     2172840 kB
Committed_AS:   91010000 kB
VmallocTotal:   251658176 kB
VmallocUsed:      139820 kB
VmallocChunk:   251432492 kB
Time pass: 286 sec

---2015-12-05 14:07:44
MemTotal:        2905316 kB
MemFree:           83352 kB
Buffers:           28012 kB
Cached:          1045968 kB
SwapCached:            0 kB
Active:          1299356 kB
Inactive:         717444 kB
Active(anon):     777936 kB
Inactive(anon):   200552 kB
Active(file):     521420 kB
Inactive(file):   516892 kB
Unevictable:       12768 kB
Mlocked:               0 kB
SwapTotal:        720184 kB
SwapFree:         720156 kB
Dirty:               136 kB
Writeback:             0 kB
AnonPages:        955568 kB
Mapped:           672156 kB
Shmem:             22900 kB
Slab:             121192 kB
SReclaimable:      39980 kB
SUnreclaim:        81212 kB
KernelStack:       33104 kB
PageTables:        56452 kB
NFS_Unstable:          0 kB
Bounce:                0 kB
WritebackTmp:          0 kB
CommitLimit:     2172840 kB
Committed_AS:   91009884 kB
VmallocTotal:   251658176 kB
VmallocUsed:      139820 kB
VmallocChunk:   251432492 kB
Time pass: 290 sec

---2015-12-05 14:07:44
MemTotal:        2905316 kB
MemFree:           83264 kB
Buffers:           28020 kB
Cached:          1045992 kB
SwapCached:            0 kB
Active:          1299256 kB
Inactive:         717452 kB
Active(anon):     777816 kB
Inactive(anon):   200552 kB
Active(file):     521440 kB
Inactive(file):   516900 kB
Unevictable:       12768 kB
Mlocked:               0 kB
SwapTotal:        720184 kB
SwapFree:         720156 kB
Dirty:                88 kB
Writeback:             0 kB
AnonPages:        955580 kB
Mapped:           672160 kB
Shmem:             22900 kB
Slab:             121192 kB
SReclaimable:      39980 kB
SUnreclaim:        81212 kB
KernelStack:       33120 kB
PageTables:        56456 kB
NFS_Unstable:          0 kB
Bounce:                0 kB
WritebackTmp:          0 kB
CommitLimit:     2172840 kB
Committed_AS:   91009920 kB
VmallocTotal:   251658176 kB
VmallocUsed:      139820 kB
VmallocChunk:   251432492 kB
Time pass: 294 sec

---2015-12-05 14:07:44
MemTotal:        2905316 kB
MemFree:           83224 kB
Buffers:           28028 kB
Cached:          1046008 kB
SwapCached:            0 kB
Active:          1299256 kB
Inactive:         717460 kB
Active(anon):     777796 kB
Inactive(anon):   200552 kB
Active(file):     521460 kB
Inactive(file):   516908 kB
Unevictable:       12768 kB
Mlocked:               0 kB
SwapTotal:        720184 kB
SwapFree:         720156 kB
Dirty:                36 kB
Writeback:             0 kB
AnonPages:        955560 kB
Mapped:           672164 kB
Shmem:             22900 kB
Slab:             121192 kB
SReclaimable:      39980 kB
SUnreclaim:        81212 kB
KernelStack:       33120 kB
PageTables:        56456 kB
NFS_Unstable:          0 kB
Bounce:                0 kB
WritebackTmp:          0 kB
CommitLimit:     2172840 kB
Committed_AS:   91009920 kB
VmallocTotal:   251658176 kB
VmallocUsed:      139820 kB
VmallocChunk:   251432492 kB
Time pass: 298 sec

---2015-12-05 14:07:44
MemTotal:        2905316 kB
MemFree:           82592 kB
Buffers:           28044 kB
Cached:          1046116 kB
SwapCached:            0 kB
Active:          1300220 kB
Inactive:         717552 kB
Active(anon):     778728 kB
Inactive(anon):   200612 kB
Active(file):     521492 kB
Inactive(file):   516940 kB
Unevictable:       12768 kB
Mlocked:               0 kB
SwapTotal:        720184 kB
SwapFree:         720156 kB
Dirty:                16 kB
Writeback:             0 kB
AnonPages:        956492 kB
Mapped:           672228 kB
Shmem:             22960 kB
Slab:             121192 kB
SReclaimable:      39980 kB
SUnreclaim:        81212 kB
KernelStack:       33184 kB
PageTables:        56512 kB
NFS_Unstable:          0 kB
Bounce:                0 kB
WritebackTmp:          0 kB
CommitLimit:     2172840 kB
Committed_AS:   91036604 kB
VmallocTotal:   251658176 kB
VmallocUsed:      139820 kB
VmallocChunk:   251432492 kB
Time pass: 301 sec

---2015-12-05 14:07:44
MemTotal:        2905316 kB
MemFree:           82052 kB
Buffers:           28052 kB
Cached:          1046156 kB
SwapCached:            0 kB
Active:          1300532 kB
Inactive:         717576 kB
Active(anon):     779016 kB
Inactive(anon):   200612 kB
Active(file):     521516 kB
Inactive(file):   516964 kB
Unevictable:       12768 kB
Mlocked:               0 kB
SwapTotal:        720184 kB
SwapFree:         720156 kB
Dirty:                80 kB
Writeback:             0 kB
AnonPages:        956676 kB
Mapped:           672240 kB
Shmem:             22960 kB
Slab:             121192 kB
SReclaimable:      39980 kB
SUnreclaim:        81212 kB
KernelStack:       33184 kB
PageTables:        56512 kB
NFS_Unstable:          0 kB
Bounce:                0 kB
WritebackTmp:          0 kB
CommitLimit:     2172840 kB
Committed_AS:   91036592 kB
VmallocTotal:   251658176 kB
VmallocUsed:      139820 kB
VmallocChunk:   251432492 kB
Time pass: 305 sec

---2015-12-05 14:07:44
MemTotal:        2905316 kB
MemFree:           81780 kB
Buffers:           28060 kB
Cached:          1046188 kB
SwapCached:            0 kB
Active:          1301004 kB
Inactive:         717588 kB
Active(anon):     779464 kB
Inactive(anon):   200612 kB
Active(file):     521540 kB
Inactive(file):   516976 kB
Unevictable:       12768 kB
Mlocked:               0 kB
SwapTotal:        720184 kB
SwapFree:         720156 kB
Dirty:                92 kB
Writeback:             0 kB
AnonPages:        957092 kB
Mapped:           672244 kB
Shmem:             22960 kB
Slab:             121256 kB
SReclaimable:      40012 kB
SUnreclaim:        81244 kB
KernelStack:       33152 kB
PageTables:        56508 kB
NFS_Unstable:          0 kB
Bounce:                0 kB
WritebackTmp:          0 kB
CommitLimit:     2172840 kB
Committed_AS:   91036776 kB
VmallocTotal:   251658176 kB
VmallocUsed:      139820 kB
VmallocChunk:   251432492 kB
Time pass: 309 sec

---2015-12-05 14:07:44
MemTotal:        2905316 kB
MemFree:           82024 kB
Buffers:           28060 kB
Cached:          1046212 kB
SwapCached:            0 kB
Active:          1300708 kB
Inactive:         717592 kB
Active(anon):     779148 kB
Inactive(anon):   200612 kB
Active(file):     521560 kB
Inactive(file):   516980 kB
Unevictable:       12768 kB
Mlocked:               0 kB
SwapTotal:        720184 kB
SwapFree:         720156 kB
Dirty:                24 kB
Writeback:             0 kB
AnonPages:        956928 kB
Mapped:           672256 kB
Shmem:             22964 kB
Slab:             121256 kB
SReclaimable:      40012 kB
SUnreclaim:        81244 kB
KernelStack:       33088 kB
PageTables:        56500 kB
NFS_Unstable:          0 kB
Bounce:                0 kB
WritebackTmp:          0 kB
CommitLimit:     2172840 kB
Committed_AS:   91036772 kB
VmallocTotal:   251658176 kB
VmallocUsed:      139820 kB
VmallocChunk:   251432492 kB
Time pass: 312 sec

---2015-12-05 14:07:44
MemTotal:        2905316 kB
MemFree:           81396 kB
Buffers:           28076 kB
Cached:          1046232 kB
SwapCached:            0 kB
Active:          1300704 kB
Inactive:         717608 kB
Active(anon):     779124 kB
Inactive(anon):   200612 kB
Active(file):     521580 kB
Inactive(file):   516996 kB
Unevictable:       12768 kB
Mlocked:               0 kB
SwapTotal:        720184 kB
SwapFree:         720156 kB
Dirty:                52 kB
Writeback:             0 kB
AnonPages:        956888 kB
Mapped:           672268 kB
Shmem:             22964 kB
Slab:             121256 kB
SReclaimable:      40012 kB
SUnreclaim:        81244 kB
KernelStack:       33120 kB
PageTables:        56508 kB
NFS_Unstable:          0 kB
Bounce:                0 kB
WritebackTmp:          0 kB
CommitLimit:     2172840 kB
Committed_AS:   91036736 kB
VmallocTotal:   251658176 kB
VmallocUsed:      139820 kB
VmallocChunk:   251432492 kB
Time pass: 316 sec

---2015-12-05 14:07:44
MemTotal:        2905316 kB
MemFree:           81184 kB
Buffers:           28084 kB
Cached:          1046252 kB
SwapCached:            0 kB
Active:          1300824 kB
Inactive:         717616 kB
Active(anon):     779224 kB
Inactive(anon):   200612 kB
Active(file):     521600 kB
Inactive(file):   517004 kB
Unevictable:       12768 kB
Mlocked:               0 kB
SwapTotal:        720184 kB
SwapFree:         720156 kB
Dirty:                76 kB
Writeback:             0 kB
AnonPages:        956960 kB
Mapped:           672284 kB
Shmem:             22964 kB
Slab:             121256 kB
SReclaimable:      40012 kB
SUnreclaim:        81244 kB
KernelStack:       33088 kB
PageTables:        56508 kB
NFS_Unstable:          0 kB
Bounce:                0 kB
WritebackTmp:          0 kB
CommitLimit:     2172840 kB
Committed_AS:   91036684 kB
VmallocTotal:   251658176 kB
VmallocUsed:      139820 kB
VmallocChunk:   251432492 kB
Time pass: 320 sec

---2015-12-05 14:07:44
MemTotal:        2905316 kB
MemFree:           78564 kB
Buffers:           28092 kB
Cached:          1046416 kB
SwapCached:            0 kB
Active:          1303456 kB
Inactive:         717512 kB
Active(anon):     781580 kB
Inactive(anon):   200612 kB
Active(file):     521876 kB
Inactive(file):   516900 kB
Unevictable:       12768 kB
Mlocked:               0 kB
SwapTotal:        720184 kB
SwapFree:         720156 kB
Dirty:                36 kB
Writeback:             0 kB
AnonPages:        959336 kB
Mapped:           673872 kB
Shmem:             22964 kB
Slab:             121300 kB
SReclaimable:      40012 kB
SUnreclaim:        81288 kB
KernelStack:       33232 kB
PageTables:        57036 kB
NFS_Unstable:          0 kB
Bounce:                0 kB
WritebackTmp:          0 kB
CommitLimit:     2172840 kB
Committed_AS:   92287140 kB
VmallocTotal:   251658176 kB
VmallocUsed:      140840 kB
VmallocChunk:   251405868 kB
Time pass: 324 sec

---2015-12-05 14:07:44
MemTotal:        2905316 kB
MemFree:           78060 kB
Buffers:           28100 kB
Cached:          1046452 kB
SwapCached:            0 kB
Active:          1303620 kB
Inactive:         717532 kB
Active(anon):     781720 kB
Inactive(anon):   200612 kB
Active(file):     521900 kB
Inactive(file):   516920 kB
Unevictable:       12768 kB
Mlocked:               0 kB
SwapTotal:        720184 kB
SwapFree:         720156 kB
Dirty:                60 kB
Writeback:             0 kB
AnonPages:        959560 kB
Mapped:           673888 kB
Shmem:             22964 kB
Slab:             121316 kB
SReclaimable:      40012 kB
SUnreclaim:        81304 kB
KernelStack:       33232 kB
PageTables:        57088 kB
NFS_Unstable:          0 kB
Bounce:                0 kB
WritebackTmp:          0 kB
CommitLimit:     2172840 kB
Committed_AS:   92287544 kB
VmallocTotal:   251658176 kB
VmallocUsed:      140840 kB
VmallocChunk:   251405868 kB
Time pass: 327 sec

---2015-12-05 14:07:44
MemTotal:        2905316 kB
MemFree:           77376 kB
Buffers:           28100 kB
Cached:          1046528 kB
SwapCached:            0 kB
Active:          1304240 kB
Inactive:         717592 kB
Active(anon):     782324 kB
Inactive(anon):   200672 kB
Active(file):     521916 kB
Inactive(file):   516920 kB
Unevictable:       12768 kB
Mlocked:               0 kB
SwapTotal:        720184 kB
SwapFree:         720156 kB
Dirty:                 4 kB
Writeback:             0 kB
AnonPages:        960080 kB
Mapped:           673972 kB
Shmem:             23024 kB
Slab:             121340 kB
SReclaimable:      40012 kB
SUnreclaim:        81328 kB
KernelStack:       33232 kB
PageTables:        57108 kB
NFS_Unstable:          0 kB
Bounce:                0 kB
WritebackTmp:          0 kB
CommitLimit:     2172840 kB
Committed_AS:   92314180 kB
VmallocTotal:   251658176 kB
VmallocUsed:      140840 kB
VmallocChunk:   251405868 kB
Time pass: 331 sec

---2015-12-05 14:07:44
MemTotal:        2905316 kB
MemFree:           77524 kB
Buffers:           28108 kB
Cached:          1046548 kB
SwapCached:            0 kB
Active:          1304304 kB
Inactive:         717600 kB
Active(anon):     782372 kB
Inactive(anon):   200672 kB
Active(file):     521932 kB
Inactive(file):   516928 kB
Unevictable:       12768 kB
Mlocked:               0 kB
SwapTotal:        720184 kB
SwapFree:         720156 kB
Dirty:                44 kB
Writeback:             0 kB
AnonPages:        960164 kB
Mapped:           673980 kB
Shmem:             23024 kB
Slab:             121352 kB
SReclaimable:      40012 kB
SUnreclaim:        81340 kB
KernelStack:       33232 kB
PageTables:        57112 kB
NFS_Unstable:          0 kB
Bounce:                0 kB
WritebackTmp:          0 kB
CommitLimit:     2172840 kB
Committed_AS:   92314140 kB
VmallocTotal:   251658176 kB
VmallocUsed:      140840 kB
VmallocChunk:   251405868 kB
Time pass: 335 sec

---2015-12-05 14:07:44
MemTotal:        2905316 kB
MemFree:           75244 kB
Buffers:           28140 kB
Cached:          1046640 kB
SwapCached:            0 kB
Active:          1304988 kB
Inactive:         717672 kB
Active(anon):     783000 kB
Inactive(anon):   200668 kB
Active(file):     521988 kB
Inactive(file):   517004 kB
Unevictable:       12768 kB
Mlocked:               0 kB
SwapTotal:        720184 kB
SwapFree:         720156 kB
Dirty:               180 kB
Writeback:             0 kB
AnonPages:        960852 kB
Mapped:           673932 kB
Shmem:             23020 kB
Slab:             121304 kB
SReclaimable:      40008 kB
SUnreclaim:        81296 kB
KernelStack:       33216 kB
PageTables:        57196 kB
NFS_Unstable:          0 kB
Bounce:                0 kB
WritebackTmp:          0 kB
CommitLimit:     2172840 kB
Committed_AS:   92322896 kB
VmallocTotal:   251658176 kB
VmallocUsed:      140840 kB
VmallocChunk:   251405868 kB
Time pass: 339 sec

---2015-12-05 14:07:44
MemTotal:        2905316 kB
MemFree:           74068 kB
Buffers:           28148 kB
Cached:          1046740 kB
SwapCached:            0 kB
Active:          1305612 kB
Inactive:         717768 kB
Active(anon):     783616 kB
Inactive(anon):   200756 kB
Active(file):     521996 kB
Inactive(file):   517012 kB
Unevictable:       12768 kB
Mlocked:               0 kB
SwapTotal:        720184 kB
SwapFree:         720156 kB
Dirty:                68 kB
Writeback:             0 kB
AnonPages:        961372 kB
Mapped:           674024 kB
Shmem:             23108 kB
Slab:             121312 kB
SReclaimable:      40008 kB
SUnreclaim:        81304 kB
KernelStack:       33184 kB
PageTables:        57192 kB
NFS_Unstable:          0 kB
Bounce:                0 kB
WritebackTmp:          0 kB
CommitLimit:     2172840 kB
Committed_AS:   92322928 kB
VmallocTotal:   251658176 kB
VmallocUsed:      140840 kB
VmallocChunk:   251405868 kB
Time pass: 343 sec

---2015-12-05 14:07:44
MemTotal:        2905316 kB
MemFree:           73856 kB
Buffers:           28148 kB
Cached:          1046860 kB
SwapCached:            0 kB
Active:          1306204 kB
Inactive:         717884 kB
Active(anon):     784200 kB
Inactive(anon):   200868 kB
Active(file):     522004 kB
Inactive(file):   517016 kB
Unevictable:       12768 kB
Mlocked:               0 kB
SwapTotal:        720184 kB
SwapFree:         720156 kB
Dirty:                 4 kB
Writeback:             0 kB
AnonPages:        961508 kB
Mapped:           674148 kB
Shmem:             23220 kB
Slab:             121312 kB
SReclaimable:      40008 kB
SUnreclaim:        81304 kB
KernelStack:       33184 kB
PageTables:        57192 kB
NFS_Unstable:          0 kB
Bounce:                0 kB
WritebackTmp:          0 kB
CommitLimit:     2172840 kB
Committed_AS:   92323168 kB
VmallocTotal:   251658176 kB
VmallocUsed:      140840 kB
VmallocChunk:   251405868 kB
Time pass: 346 sec

---2015-12-05 14:07:44
MemTotal:        2905316 kB
MemFree:           73756 kB
Buffers:           28156 kB
Cached:          1047004 kB
SwapCached:            0 kB
Active:          1305968 kB
Inactive:         718012 kB
Active(anon):     783944 kB
Inactive(anon):   200868 kB
Active(file):     522024 kB
Inactive(file):   517144 kB
Unevictable:       12768 kB
Mlocked:               0 kB
SwapTotal:        720184 kB
SwapFree:         720156 kB
Dirty:               100 kB
Writeback:             0 kB
AnonPages:        961596 kB
Mapped:           674188 kB
Shmem:             23220 kB
Slab:             121312 kB
SReclaimable:      40008 kB
SUnreclaim:        81304 kB
KernelStack:       33200 kB
PageTables:        57196 kB
NFS_Unstable:          0 kB
Bounce:                0 kB
WritebackTmp:          0 kB
CommitLimit:     2172840 kB
Committed_AS:   92323136 kB
VmallocTotal:   251658176 kB
VmallocUsed:      140840 kB
VmallocChunk:   251405868 kB
Time pass: 350 sec

---2015-12-05 14:07:44
MemTotal:        2905316 kB
MemFree:           70540 kB
Buffers:           28188 kB
Cached:          1046728 kB
SwapCached:            0 kB
Active:          1310284 kB
Inactive:         717724 kB
Active(anon):     788216 kB
Inactive(anon):   200500 kB
Active(file):     522068 kB
Inactive(file):   517224 kB
Unevictable:       12768 kB
Mlocked:               0 kB
SwapTotal:        720184 kB
SwapFree:         720156 kB
Dirty:               196 kB
Writeback:             0 kB
AnonPages:        966000 kB
Mapped:           673828 kB
Shmem:             22852 kB
Slab:             121276 kB
SReclaimable:      40008 kB
SUnreclaim:        81268 kB
KernelStack:       33216 kB
PageTables:        57148 kB
NFS_Unstable:          0 kB
Bounce:                0 kB
WritebackTmp:          0 kB
CommitLimit:     2172840 kB
Committed_AS:   92335740 kB
VmallocTotal:   251658176 kB
VmallocUsed:      140840 kB
VmallocChunk:   251405868 kB
Time pass: 354 sec

---2015-12-05 14:07:44
MemTotal:        2905316 kB
MemFree:           70652 kB
Buffers:           28196 kB
Cached:          1046768 kB
SwapCached:            0 kB
Active:          1309832 kB
Inactive:         717752 kB
Active(anon):     787740 kB
Inactive(anon):   200520 kB
Active(file):     522092 kB
Inactive(file):   517232 kB
Unevictable:       12768 kB
Mlocked:               0 kB
SwapTotal:        720184 kB
SwapFree:         720156 kB
Dirty:                68 kB
Writeback:             0 kB
AnonPages:        965400 kB
Mapped:           673860 kB
Shmem:             22872 kB
Slab:             121276 kB
SReclaimable:      40008 kB
SUnreclaim:        81268 kB
KernelStack:       33248 kB
PageTables:        57180 kB
NFS_Unstable:          0 kB
Bounce:                0 kB
WritebackTmp:          0 kB
CommitLimit:     2172840 kB
Committed_AS:   92335744 kB
VmallocTotal:   251658176 kB
VmallocUsed:      140840 kB
VmallocChunk:   251405868 kB
Time pass: 357 sec

---2015-12-05 14:07:44
MemTotal:        2905316 kB
MemFree:           68468 kB
Buffers:           28212 kB
Cached:          1047100 kB
SwapCached:            0 kB
Active:          1312016 kB
Inactive:         717992 kB
Active(anon):     789900 kB
Inactive(anon):   200572 kB
Active(file):     522116 kB
Inactive(file):   517420 kB
Unevictable:       12768 kB
Mlocked:               0 kB
SwapTotal:        720184 kB
SwapFree:         720156 kB
Dirty:                16 kB
Writeback:            88 kB
AnonPages:        967708 kB
Mapped:           673924 kB
Shmem:             22936 kB
Slab:             121308 kB
SReclaimable:      40008 kB
SUnreclaim:        81300 kB
KernelStack:       33168 kB
PageTables:        57204 kB
NFS_Unstable:          0 kB
Bounce:                0 kB
WritebackTmp:          0 kB
CommitLimit:     2172840 kB
Committed_AS:   92362432 kB
VmallocTotal:   251658176 kB
VmallocUsed:      140840 kB
VmallocChunk:   251405868 kB
Time pass: 361 sec

---2015-12-05 14:07:44
MemTotal:        2905316 kB
MemFree:           67520 kB
Buffers:           28220 kB
Cached:          1047264 kB
SwapCached:            0 kB
Active:          1313000 kB
Inactive:         718196 kB
Active(anon):     790852 kB
Inactive(anon):   200576 kB
Active(file):     522148 kB
Inactive(file):   517620 kB
Unevictable:       12768 kB
Mlocked:               0 kB
SwapTotal:        720184 kB
SwapFree:         720156 kB
Dirty:               136 kB
Writeback:             0 kB
AnonPages:        968568 kB
Mapped:           674044 kB
Shmem:             22940 kB
Slab:             121296 kB
SReclaimable:      40008 kB
SUnreclaim:        81288 kB
KernelStack:       33200 kB
PageTables:        57200 kB
NFS_Unstable:          0 kB
Bounce:                0 kB
WritebackTmp:          0 kB
CommitLimit:     2172840 kB
Committed_AS:   92362392 kB
VmallocTotal:   251658176 kB
VmallocUsed:      140840 kB
VmallocChunk:   251405868 kB
Time pass: 365 sec

---2015-12-05 14:07:44
MemTotal:        2905316 kB
MemFree:           65804 kB
Buffers:           28244 kB
Cached:          1047300 kB
SwapCached:            0 kB
Active:          1314576 kB
Inactive:         718236 kB
Active(anon):     792400 kB
Inactive(anon):   200576 kB
Active(file):     522176 kB
Inactive(file):   517660 kB
Unevictable:       12768 kB
Mlocked:               0 kB
SwapTotal:        720184 kB
SwapFree:         720156 kB
Dirty:               164 kB
Writeback:             0 kB
AnonPages:        970024 kB
Mapped:           674044 kB
Shmem:             22940 kB
Slab:             121296 kB
SReclaimable:      40008 kB
SUnreclaim:        81288 kB
KernelStack:       33200 kB
PageTables:        57204 kB
NFS_Unstable:          0 kB
Bounce:                0 kB
WritebackTmp:          0 kB
CommitLimit:     2172840 kB
Committed_AS:   92362352 kB
VmallocTotal:   251658176 kB
VmallocUsed:      140840 kB
VmallocChunk:   251405868 kB
Time pass: 369 sec

---2015-12-05 14:07:44
MemTotal:        2905316 kB
MemFree:           65764 kB
Buffers:           28244 kB
Cached:          1047336 kB
SwapCached:            0 kB
Active:          1313952 kB
Inactive:         718252 kB
Active(anon):     791756 kB
Inactive(anon):   200576 kB
Active(file):     522196 kB
Inactive(file):   517676 kB
Unevictable:       12768 kB
Mlocked:               0 kB
SwapTotal:        720184 kB
SwapFree:         720156 kB
Dirty:                12 kB
Writeback:             0 kB
AnonPages:        969484 kB
Mapped:           674064 kB
Shmem:             22940 kB
Slab:             121296 kB
SReclaimable:      40008 kB
SUnreclaim:        81288 kB
KernelStack:       33216 kB
PageTables:        57200 kB
NFS_Unstable:          0 kB
Bounce:                0 kB
WritebackTmp:          0 kB
CommitLimit:     2172840 kB
Committed_AS:   92362364 kB
VmallocTotal:   251658176 kB
VmallocUsed:      140840 kB
VmallocChunk:   251405868 kB
Time pass: 373 sec

---2015-12-05 14:07:44
MemTotal:        2905316 kB
MemFree:           65352 kB
Buffers:           28252 kB
Cached:          1047364 kB
SwapCached:            0 kB
Active:          1315068 kB
Inactive:         718264 kB
Active(anon):     792848 kB
Inactive(anon):   200576 kB
Active(file):     522220 kB
Inactive(file):   517688 kB
Unevictable:       12768 kB
Mlocked:               0 kB
SwapTotal:        720184 kB
SwapFree:         720156 kB
Dirty:                32 kB
Writeback:             0 kB
AnonPages:        970416 kB
Mapped:           674072 kB
Shmem:             22940 kB
Slab:             121300 kB
SReclaimable:      40008 kB
SUnreclaim:        81292 kB
KernelStack:       33168 kB
PageTables:        57200 kB
NFS_Unstable:          0 kB
Bounce:                0 kB
WritebackTmp:          0 kB
CommitLimit:     2172840 kB
Committed_AS:   92362364 kB
VmallocTotal:   251658176 kB
VmallocUsed:      140840 kB
VmallocChunk:   251405868 kB
Time pass: 377 sec

---2015-12-05 14:07:44
MemTotal:        2905316 kB
MemFree:           64852 kB
Buffers:           28276 kB
Cached:          1047412 kB
SwapCached:            0 kB
Active:          1315664 kB
Inactive:         718316 kB
Active(anon):     793428 kB
Inactive(anon):   200580 kB
Active(file):     522236 kB
Inactive(file):   517736 kB
Unevictable:       12768 kB
Mlocked:               0 kB
SwapTotal:        720184 kB
SwapFree:         720156 kB
Dirty:               128 kB
Writeback:             0 kB
AnonPages:        970932 kB
Mapped:           674080 kB
Shmem:             22944 kB
Slab:             121308 kB
SReclaimable:      40008 kB
SUnreclaim:        81300 kB
KernelStack:       33200 kB
PageTables:        57204 kB
NFS_Unstable:          0 kB
Bounce:                0 kB
WritebackTmp:          0 kB
CommitLimit:     2172840 kB
Committed_AS:   92362392 kB
VmallocTotal:   251658176 kB
VmallocUsed:      140840 kB
VmallocChunk:   251405868 kB
Time pass: 380 sec

---2015-12-05 14:07:44
MemTotal:        2905316 kB
MemFree:           64192 kB
Buffers:           28284 kB
Cached:          1047444 kB
SwapCached:            0 kB
Active:          1315972 kB
Inactive:         718332 kB
Active(anon):     793712 kB
Inactive(anon):   200600 kB
Active(file):     522260 kB
Inactive(file):   517732 kB
Unevictable:       12768 kB
Mlocked:               0 kB
SwapTotal:        720184 kB
SwapFree:         720156 kB
Dirty:                20 kB
Writeback:             0 kB
AnonPages:        971320 kB
Mapped:           674164 kB
Shmem:             22964 kB
Slab:             121296 kB
SReclaimable:      40008 kB
SUnreclaim:        81288 kB
KernelStack:       33200 kB
PageTables:        57200 kB
NFS_Unstable:          0 kB
Bounce:                0 kB
WritebackTmp:          0 kB
CommitLimit:     2172840 kB
Committed_AS:   92362620 kB
VmallocTotal:   251658176 kB
VmallocUsed:      140840 kB
VmallocChunk:   251405868 kB
Time pass: 384 sec

---2015-12-05 14:07:44
MemTotal:        2905316 kB
MemFree:           63188 kB
Buffers:           28284 kB
Cached:          1047468 kB
SwapCached:            0 kB
Active:          1316740 kB
Inactive:         718340 kB
Active(anon):     794460 kB
Inactive(anon):   200600 kB
Active(file):     522280 kB
Inactive(file):   517740 kB
Unevictable:       12768 kB
Mlocked:               0 kB
SwapTotal:        720184 kB
SwapFree:         720156 kB
Dirty:                52 kB
Writeback:             0 kB
AnonPages:        971860 kB
Mapped:           674164 kB
Shmem:             22964 kB
Slab:             121296 kB
SReclaimable:      40008 kB
SUnreclaim:        81288 kB
KernelStack:       33200 kB
PageTables:        57200 kB
NFS_Unstable:          0 kB
Bounce:                0 kB
WritebackTmp:          0 kB
CommitLimit:     2172840 kB
Committed_AS:   92362608 kB
VmallocTotal:   251658176 kB
VmallocUsed:      140840 kB
VmallocChunk:   251405868 kB
Time pass: 388 sec

---2015-12-05 14:07:44
MemTotal:        2905316 kB
MemFree:           68240 kB
Buffers:           28308 kB
Cached:          1042576 kB
SwapCached:            0 kB
Active:          1313932 kB
Inactive:         717996 kB
