---2015-10-15 22:46:21
MemTotal:        1350964 kB
MemFree:           37648 kB
Buffers:            6824 kB
Cached:           684604 kB
SwapCached:            0 kB
Active:           605692 kB
Inactive:         531144 kB
Active(anon):     447576 kB
Inactive(anon):     1152 kB
Active(file):     158116 kB
Inactive(file):   529992 kB
Unevictable:        2124 kB
Mlocked:               0 kB
HighTotal:        802816 kB
HighFree:           1528 kB
LowTotal:         548148 kB
LowFree:           36120 kB
SwapTotal:             0 kB
SwapFree:              0 kB
Dirty:                 0 kB
Writeback:             0 kB
AnonPages:        447536 kB
Mapped:           185388 kB
Shmem:              1196 kB
Slab:              32356 kB
SReclaimable:      11444 kB
SUnreclaim:        20912 kB
KernelStack:        9056 kB
PageTables:        19152 kB
NFS_Unstable:          0 kB
Bounce:                0 kB
WritebackTmp:          0 kB
CommitLimit:      675480 kB
Committed_AS:   48137080 kB
VmallocTotal:     253952 kB
VmallocUsed:       92932 kB
VmallocChunk:      52228 kB
Time pass: 3 sec

---2015-10-15 22:46:21
MemTotal:        1350964 kB
MemFree:           37584 kB
Buffers:            6824 kB
Cached:           684604 kB
SwapCached:            0 kB
Active:           605764 kB
Inactive:         531144 kB
Active(anon):     447648 kB
Inactive(anon):     1152 kB
Active(file):     158116 kB
Inactive(file):   529992 kB
Unevictable:        2124 kB
Mlocked:               0 kB
HighTotal:        802816 kB
HighFree:           1528 kB
LowTotal:         548148 kB
LowFree:           36056 kB
SwapTotal:             0 kB
SwapFree:              0 kB
Dirty:                 0 kB
Writeback:             0 kB
AnonPages:        447692 kB
Mapped:           185392 kB
Shmem:              1196 kB
Slab:              32368 kB
SReclaimable:      11444 kB
SUnreclaim:        20924 kB
KernelStack:        9056 kB
PageTables:        19136 kB
NFS_Unstable:          0 kB
Bounce:                0 kB
WritebackTmp:          0 kB
CommitLimit:      675480 kB
Committed_AS:   48136992 kB
VmallocTotal:     253952 kB
VmallocUsed:       92932 kB
VmallocChunk:      52228 kB
Time pass: 6 sec

---2015-10-15 22:46:21
MemTotal:        1350964 kB
MemFree:           36560 kB
Buffers:            6904 kB
Cached:           684708 kB
SwapCached:            0 kB
Active:           606928 kB
Inactive:         531172 kB
Active(anon):     448656 kB
Inactive(anon):     1152 kB
Active(file):     158272 kB
Inactive(file):   530020 kB
Unevictable:        2124 kB
Mlocked:               0 kB
HighTotal:        802816 kB
HighFree:           1528 kB
LowTotal:         548148 kB
LowFree:           35032 kB
SwapTotal:             0 kB
SwapFree:              0 kB
Dirty:               164 kB
Writeback:             0 kB
AnonPages:        448524 kB
Mapped:           185264 kB
Shmem:              1196 kB
Slab:              32452 kB
SReclaimable:      11444 kB
SUnreclaim:        21008 kB
KernelStack:        9088 kB
PageTables:        19160 kB
NFS_Unstable:          0 kB
Bounce:                0 kB
WritebackTmp:          0 kB
CommitLimit:      675480 kB
Committed_AS:   48137768 kB
VmallocTotal:     253952 kB
VmallocUsed:       92932 kB
VmallocChunk:      52228 kB
Time pass: 10 sec

---2015-10-15 22:46:21
MemTotal:        1350964 kB
MemFree:           35940 kB
Buffers:            6904 kB
Cached:           684716 kB
SwapCached:            0 kB
Active:           607040 kB
Inactive:         531180 kB
Active(anon):     448768 kB
Inactive(anon):     1152 kB
Active(file):     158272 kB
Inactive(file):   530028 kB
Unevictable:        2124 kB
Mlocked:               0 kB
HighTotal:        802816 kB
HighFree:           1528 kB
LowTotal:         548148 kB
LowFree:           34412 kB
SwapTotal:             0 kB
SwapFree:              0 kB
Dirty:                16 kB
Writeback:             0 kB
AnonPages:        448816 kB
Mapped:           185412 kB
Shmem:              1196 kB
Slab:              32472 kB
SReclaimable:      11444 kB
SUnreclaim:        21028 kB
KernelStack:        9088 kB
PageTables:        19160 kB
NFS_Unstable:          0 kB
Bounce:                0 kB
WritebackTmp:          0 kB
CommitLimit:      675480 kB
Committed_AS:   48137948 kB
VmallocTotal:     253952 kB
VmallocUsed:       92932 kB
VmallocChunk:      52228 kB
Time pass: 13 sec

---2015-10-15 22:46:21
MemTotal:        1350964 kB
MemFree:           35668 kB
Buffers:            6912 kB
Cached:           684716 kB
SwapCached:            0 kB
Active:           607028 kB
Inactive:         531180 kB
Active(anon):     448756 kB
Inactive(anon):     1152 kB
Active(file):     158272 kB
Inactive(file):   530028 kB
Unevictable:        2124 kB
Mlocked:               0 kB
HighTotal:        802816 kB
HighFree:           1528 kB
LowTotal:         548148 kB
LowFree:           34140 kB
SwapTotal:             0 kB
SwapFree:              0 kB
Dirty:                16 kB
Writeback:             0 kB
AnonPages:        448712 kB
Mapped:           185264 kB
Shmem:              1196 kB
Slab:              32528 kB
SReclaimable:      11444 kB
SUnreclaim:        21084 kB
KernelStack:        9088 kB
PageTables:        19156 kB
NFS_Unstable:          0 kB
Bounce:                0 kB
WritebackTmp:          0 kB
CommitLimit:      675480 kB
Committed_AS:   48137936 kB
VmallocTotal:     253952 kB
VmallocUsed:       92932 kB
VmallocChunk:      52228 kB
Time pass: 17 sec

---2015-10-15 22:46:21
MemTotal:        1350964 kB
MemFree:           35916 kB
Buffers:            6912 kB
Cached:           684716 kB
SwapCached:            0 kB
Active:           607124 kB
Inactive:         531188 kB
Active(anon):     448852 kB
Inactive(anon):     1152 kB
Active(file):     158272 kB
Inactive(file):   530036 kB
Unevictable:        2124 kB
Mlocked:               0 kB
HighTotal:        802816 kB
HighFree:           1528 kB
LowTotal:         548148 kB
LowFree:           34388 kB
SwapTotal:             0 kB
SwapFree:              0 kB
Dirty:                 0 kB
Writeback:             0 kB
AnonPages:        448764 kB
Mapped:           185264 kB
Shmem:              1196 kB
Slab:              32552 kB
SReclaimable:      11444 kB
SUnreclaim:        21108 kB
KernelStack:        9088 kB
PageTables:        19156 kB
NFS_Unstable:          0 kB
Bounce:                0 kB
WritebackTmp:          0 kB
CommitLimit:      675480 kB
Committed_AS:   48137940 kB
VmallocTotal:     253952 kB
VmallocUsed:       92932 kB
VmallocChunk:      52228 kB
Time pass: 20 sec

---2015-10-15 22:46:21
MemTotal:        1350964 kB
MemFree:           35800 kB
Buffers:            6912 kB
Cached:           684716 kB
SwapCached:            0 kB
Active:           607168 kB
Inactive:         531188 kB
Active(anon):     448896 kB
Inactive(anon):     1152 kB
Active(file):     158272 kB
Inactive(file):   530036 kB
Unevictable:        2124 kB
Mlocked:               0 kB
HighTotal:        802816 kB
HighFree:           1528 kB
LowTotal:         548148 kB
LowFree:           34272 kB
SwapTotal:             0 kB
SwapFree:              0 kB
Dirty:                 0 kB
Writeback:             0 kB
AnonPages:        448872 kB
Mapped:           185348 kB
Shmem:              1196 kB
Slab:              32460 kB
SReclaimable:      11444 kB
SUnreclaim:        21016 kB
KernelStack:        9088 kB
PageTables:        19148 kB
NFS_Unstable:          0 kB
Bounce:                0 kB
WritebackTmp:          0 kB
CommitLimit:      675480 kB
Committed_AS:   48137964 kB
VmallocTotal:     253952 kB
VmallocUsed:       92932 kB
VmallocChunk:      52228 kB
Time pass: 24 sec

---2015-10-15 22:46:21
MemTotal:        1350964 kB
MemFree:           36124 kB
Buffers:            6912 kB
Cached:           684716 kB
SwapCached:            0 kB
Active:           607244 kB
Inactive:         531188 kB
Active(anon):     448972 kB
Inactive(anon):     1152 kB
Active(file):     158272 kB
Inactive(file):   530036 kB
Unevictable:        2124 kB
Mlocked:               0 kB
HighTotal:        802816 kB
HighFree:           1528 kB
LowTotal:         548148 kB
LowFree:           34596 kB
SwapTotal:             0 kB
SwapFree:              0 kB
Dirty:                 0 kB
Writeback:             0 kB
AnonPages:        449080 kB
Mapped:           185408 kB
Shmem:              1196 kB
Slab:              32500 kB
SReclaimable:      11452 kB
SUnreclaim:        21048 kB
KernelStack:        9136 kB
PageTables:        19168 kB
NFS_Unstable:          0 kB
Bounce:                0 kB
WritebackTmp:          0 kB
CommitLimit:      675480 kB
Committed_AS:   48137980 kB
VmallocTotal:     253952 kB
VmallocUsed:       92932 kB
VmallocChunk:      52228 kB
Time pass: 27 sec

---2015-10-15 22:46:21
MemTotal:        1350964 kB
MemFree:           36164 kB
Buffers:            6912 kB
Cached:           684716 kB
SwapCached:            0 kB
Active:           607312 kB
Inactive:         531188 kB
Active(anon):     449040 kB
Inactive(anon):     1152 kB
Active(file):     158272 kB
Inactive(file):   530036 kB
Unevictable:        2124 kB
Mlocked:               0 kB
HighTotal:        802816 kB
HighFree:           1528 kB
LowTotal:         548148 kB
LowFree:           34636 kB
SwapTotal:             0 kB
SwapFree:              0 kB
Dirty:                 0 kB
Writeback:             0 kB
AnonPages:        449080 kB
Mapped:           185420 kB
Shmem:              1196 kB
Slab:              32408 kB
SReclaimable:      11452 kB
SUnreclaim:        20956 kB
KernelStack:        9088 kB
PageTables:        19144 kB
NFS_Unstable:          0 kB
Bounce:                0 kB
WritebackTmp:          0 kB
CommitLimit:      675480 kB
Committed_AS:   48137840 kB
VmallocTotal:     253952 kB
VmallocUsed:       92932 kB
VmallocChunk:      52228 kB
Time pass: 31 sec

---2015-10-15 22:46:21
MemTotal:        1350964 kB
MemFree:           35868 kB
Buffers:            6912 kB
Cached:           684716 kB
SwapCached:            0 kB
Active:           607392 kB
Inactive:         531188 kB
Active(anon):     449120 kB
Inactive(anon):     1152 kB
Active(file):     158272 kB
Inactive(file):   530036 kB
Unevictable:        2124 kB
Mlocked:               0 kB
HighTotal:        802816 kB
HighFree:           1528 kB
LowTotal:         548148 kB
LowFree:           34340 kB
SwapTotal:             0 kB
SwapFree:              0 kB
Dirty:                 0 kB
Writeback:             0 kB
AnonPages:        448888 kB
Mapped:           185268 kB
Shmem:              1196 kB
Slab:              32484 kB
SReclaimable:      11460 kB
SUnreclaim:        21024 kB
KernelStack:        9104 kB
PageTables:        19180 kB
NFS_Unstable:          0 kB
Bounce:                0 kB
WritebackTmp:          0 kB
CommitLimit:      675480 kB
Committed_AS:   48137940 kB
VmallocTotal:     253952 kB
VmallocUsed:       92932 kB
VmallocChunk:      52228 kB
Time pass: 34 sec

---2015-10-15 22:46:21
MemTotal:        1350964 kB
MemFree:           35800 kB
Buffers:            6912 kB
Cached:           684716 kB
SwapCached:            0 kB
Active:           607388 kB
Inactive:         531188 kB
Active(anon):     449116 kB
Inactive(anon):     1152 kB
Active(file):     158272 kB
Inactive(file):   530036 kB
Unevictable:        2124 kB
Mlocked:               0 kB
HighTotal:        802816 kB
HighFree:           1528 kB
LowTotal:         548148 kB
LowFree:           34272 kB
SwapTotal:             0 kB
SwapFree:              0 kB
Dirty:                 0 kB
Writeback:             0 kB
AnonPages:        449164 kB
Mapped:           185412 kB
Shmem:              1196 kB
Slab:              32464 kB
SReclaimable:      11460 kB
SUnreclaim:        21004 kB
KernelStack:        9088 kB
PageTables:        19160 kB
NFS_Unstable:          0 kB
Bounce:                0 kB
WritebackTmp:          0 kB
CommitLimit:      675480 kB
Committed_AS:   48137876 kB
VmallocTotal:     253952 kB
VmallocUsed:       92932 kB
VmallocChunk:      52228 kB
Time pass: 38 sec

---2015-10-15 22:46:21
MemTotal:        1350964 kB
MemFree:           35380 kB
Buffers:            6912 kB
Cached:           684716 kB
SwapCached:            0 kB
Active:           607544 kB
Inactive:         531184 kB
Active(anon):     449268 kB
Inactive(anon):     1152 kB
Active(file):     158276 kB
Inactive(file):   530032 kB
Unevictable:        2124 kB
Mlocked:               0 kB
HighTotal:        802816 kB
HighFree:           1528 kB
LowTotal:         548148 kB
LowFree:           33852 kB
SwapTotal:             0 kB
SwapFree:              0 kB
Dirty:                 0 kB
Writeback:             0 kB
AnonPages:        449248 kB
Mapped:           185364 kB
Shmem:              1196 kB
Slab:              32480 kB
SReclaimable:      11460 kB
SUnreclaim:        21020 kB
KernelStack:        9088 kB
PageTables:        19148 kB
NFS_Unstable:          0 kB
Bounce:                0 kB
WritebackTmp:          0 kB
CommitLimit:      675480 kB
Committed_AS:   48137988 kB
VmallocTotal:     253952 kB
VmallocUsed:       92932 kB
VmallocChunk:      52228 kB
Time pass: 41 sec

---2015-10-15 22:46:21
MemTotal:        1350964 kB
MemFree:           35248 kB
Buffers:            6912 kB
Cached:           684716 kB
SwapCached:            0 kB
Active:           607640 kB
Inactive:         531184 kB
Active(anon):     449364 kB
Inactive(anon):     1152 kB
Active(file):     158276 kB
Inactive(file):   530032 kB
Unevictable:        2124 kB
Mlocked:               0 kB
HighTotal:        802816 kB
HighFree:           1528 kB
LowTotal:         548148 kB
LowFree:           33720 kB
SwapTotal:             0 kB
SwapFree:              0 kB
Dirty:                 0 kB
Writeback:             0 kB
AnonPages:        449412 kB
Mapped:           185412 kB
Shmem:              1196 kB
Slab:              32464 kB
SReclaimable:      11460 kB
SUnreclaim:        21004 kB
KernelStack:        9088 kB
PageTables:        19160 kB
NFS_Unstable:          0 kB
Bounce:                0 kB
WritebackTmp:          0 kB
CommitLimit:      675480 kB
Committed_AS:   48137948 kB
VmallocTotal:     253952 kB
VmallocUsed:       92932 kB
VmallocChunk:      52228 kB
Time pass: 45 sec

---2015-10-15 22:46:21
MemTotal:        1350964 kB
MemFree:           35024 kB
Buffers:            6912 kB
Cached:           684716 kB
SwapCached:            0 kB
Active:           607672 kB
Inactive:         531184 kB
Active(anon):     449396 kB
Inactive(anon):     1152 kB
Active(file):     158276 kB
Inactive(file):   530032 kB
Unevictable:        2124 kB
Mlocked:               0 kB
HighTotal:        802816 kB
HighFree:           1528 kB
LowTotal:         548148 kB
LowFree:           33496 kB
SwapTotal:             0 kB
SwapFree:              0 kB
Dirty:                 0 kB
Writeback:             0 kB
AnonPages:        449300 kB
Mapped:           185412 kB
Shmem:              1196 kB
Slab:              32452 kB
SReclaimable:      11460 kB
SUnreclaim:        20992 kB
KernelStack:        9088 kB
PageTables:        19160 kB
NFS_Unstable:          0 kB
Bounce:                0 kB
WritebackTmp:          0 kB
CommitLimit:      675480 kB
Committed_AS:   48137988 kB
VmallocTotal:     253952 kB
VmallocUsed:       92932 kB
VmallocChunk:      52228 kB
Time pass: 48 sec

---2015-10-15 22:46:21
MemTotal:        1350964 kB
MemFree:           35232 kB
Buffers:            6912 kB
Cached:           684716 kB
SwapCached:            0 kB
Active:           607820 kB
Inactive:         531184 kB
Active(anon):     449544 kB
Inactive(anon):     1152 kB
Active(file):     158276 kB
Inactive(file):   530032 kB
Unevictable:        2124 kB
Mlocked:               0 kB
HighTotal:        802816 kB
HighFree:           1900 kB
LowTotal:         548148 kB
LowFree:           33332 kB
SwapTotal:             0 kB
SwapFree:              0 kB
Dirty:                 0 kB
Writeback:             0 kB
AnonPages:        449636 kB
Mapped:           185408 kB
Shmem:              1196 kB
Slab:              32540 kB
SReclaimable:      11460 kB
SUnreclaim:        21080 kB
KernelStack:        9080 kB
PageTables:        19160 kB
NFS_Unstable:          0 kB
Bounce:                0 kB
WritebackTmp:          0 kB
CommitLimit:      675480 kB
Committed_AS:   48137956 kB
VmallocTotal:     253952 kB
VmallocUsed:       92932 kB
VmallocChunk:      52228 kB
Time pass: 52 sec

---2015-10-15 22:46:21
MemTotal:        1350964 kB
MemFree:           36496 kB
Buffers:            6912 kB
Cached:           684716 kB
SwapCached:            0 kB
Active:           605432 kB
Inactive:         531184 kB
Active(anon):     447156 kB
Inactive(anon):     1152 kB
Active(file):     158276 kB
Inactive(file):   530032 kB
Unevictable:        2124 kB
Mlocked:               0 kB
HighTotal:        802816 kB
HighFree:           1776 kB
LowTotal:         548148 kB
LowFree:           34720 kB
SwapTotal:             0 kB
SwapFree:              0 kB
Dirty:                 0 kB
Writeback:             0 kB
AnonPages:        447052 kB
Mapped:           185264 kB
Shmem:              1196 kB
Slab:              32440 kB
SReclaimable:      11460 kB
SUnreclaim:        20980 kB
KernelStack:        9080 kB
PageTables:        19160 kB
NFS_Unstable:          0 kB
Bounce:                0 kB
WritebackTmp:          0 kB
CommitLimit:      675480 kB
Committed_AS:   48137908 kB
VmallocTotal:     253952 kB
VmallocUsed:       92932 kB
VmallocChunk:      52228 kB
Time pass: 55 sec

---2015-10-15 22:46:21
MemTotal:        1350964 kB
MemFree:           36496 kB
Buffers:            6912 kB
Cached:           684716 kB
SwapCached:            0 kB
Active:           605412 kB
Inactive:         531184 kB
Active(anon):     447136 kB
Inactive(anon):     1152 kB
Active(file):     158276 kB
Inactive(file):   530032 kB
Unevictable:        2124 kB
Mlocked:               0 kB
HighTotal:        802816 kB
HighFree:           1776 kB
LowTotal:         548148 kB
LowFree:           34720 kB
SwapTotal:             0 kB
SwapFree:              0 kB
Dirty:                 0 kB
Writeback:             0 kB
AnonPages:        447088 kB
Mapped:           185264 kB
Shmem:              1196 kB
Slab:              32460 kB
SReclaimable:      11460 kB
SUnreclaim:        21000 kB
KernelStack:        9080 kB
PageTables:        19160 kB
NFS_Unstable:          0 kB
Bounce:                0 kB
WritebackTmp:          0 kB
CommitLimit:      675480 kB
Committed_AS:   48137888 kB
VmallocTotal:     253952 kB
VmallocUsed:       92932 kB
VmallocChunk:      52228 kB
Time pass: 59 sec

---2015-10-15 22:46:21
MemTotal:        1350964 kB
MemFree:           36784 kB
Buffers:            6912 kB
Cached:           684716 kB
SwapCached:            0 kB
Active:           605504 kB
Inactive:         531184 kB
Active(anon):     447228 kB
Inactive(anon):     1152 kB
Active(file):     158276 kB
Inactive(file):   530032 kB
Unevictable:        2124 kB
Mlocked:               0 kB
HighTotal:        802816 kB
HighFree:           1900 kB
LowTotal:         548148 kB
LowFree:           34884 kB
SwapTotal:             0 kB
SwapFree:              0 kB
Dirty:                 0 kB
Writeback:             0 kB
AnonPages:        447208 kB
Mapped:           185364 kB
Shmem:              1196 kB
Slab:              32496 kB
SReclaimable:      11460 kB
SUnreclaim:        21036 kB
KernelStack:        9080 kB
PageTables:        19144 kB
NFS_Unstable:          0 kB
Bounce:                0 kB
WritebackTmp:          0 kB
CommitLimit:      675480 kB
Committed_AS:   48137908 kB
VmallocTotal:     253952 kB
VmallocUsed:       92932 kB
VmallocChunk:      52228 kB
Time pass: 63 sec

---2015-10-15 22:46:21
MemTotal:        1350964 kB
MemFree:           36768 kB
Buffers:            6912 kB
Cached:           684716 kB
SwapCached:            0 kB
Active:           605520 kB
Inactive:         531184 kB
Active(anon):     447244 kB
Inactive(anon):     1152 kB
Active(file):     158276 kB
Inactive(file):   530032 kB
Unevictable:        2124 kB
Mlocked:               0 kB
HighTotal:        802816 kB
HighFree:           1900 kB
LowTotal:         548148 kB
LowFree:           34868 kB
SwapTotal:             0 kB
SwapFree:              0 kB
Dirty:                 0 kB
Writeback:             0 kB
AnonPages:        447192 kB
Mapped:           185264 kB
Shmem:              1196 kB
Slab:              32456 kB
SReclaimable:      11460 kB
SUnreclaim:        20996 kB
KernelStack:        9080 kB
PageTables:        19160 kB
NFS_Unstable:          0 kB
Bounce:                0 kB
WritebackTmp:          0 kB
CommitLimit:      675480 kB
Committed_AS:   48137912 kB
VmallocTotal:     253952 kB
VmallocUsed:       92932 kB
VmallocChunk:      52228 kB
Time pass: 66 sec

---2015-10-15 22:46:21
MemTotal:        1350964 kB
MemFree:           36908 kB
Buffers:            6912 kB
Cached:           684716 kB
SwapCached:            0 kB
Active:           605564 kB
Inactive:         531184 kB
Active(anon):     447288 kB
Inactive(anon):     1152 kB
Active(file):     158276 kB
Inactive(file):   530032 kB
Unevictable:        2124 kB
Mlocked:               0 kB
HighTotal:        802816 kB
HighFree:           2024 kB
LowTotal:         548148 kB
LowFree:           34884 kB
SwapTotal:             0 kB
SwapFree:              0 kB
Dirty:                 0 kB
Writeback:             0 kB
AnonPages:        447208 kB
Mapped:           185264 kB
Shmem:              1196 kB
Slab:              32456 kB
SReclaimable:      11460 kB
SUnreclaim:        20996 kB
KernelStack:        9064 kB
PageTables:        19156 kB
NFS_Unstable:          0 kB
Bounce:                0 kB
WritebackTmp:          0 kB
CommitLimit:      675480 kB
Committed_AS:   48137768 kB
VmallocTotal:     253952 kB
VmallocUsed:       92932 kB
VmallocChunk:      52228 kB
Time pass: 70 sec

---2015-10-15 22:46:21
MemTotal:        1350964 kB
MemFree:           36792 kB
Buffers:            6912 kB
Cached:           684716 kB
SwapCached:            0 kB
Active:           605600 kB
Inactive:         531184 kB
Active(anon):     447324 kB
Inactive(anon):     1152 kB
Active(file):     158276 kB
Inactive(file):   530032 kB
Unevictable:        2124 kB
Mlocked:               0 kB
HighTotal:        802816 kB
HighFree:           2024 kB
LowTotal:         548148 kB
LowFree:           34768 kB
SwapTotal:             0 kB
SwapFree:              0 kB
Dirty:                 0 kB
Writeback:             0 kB
AnonPages:        447260 kB
Mapped:           185412 kB
Shmem:              1196 kB
Slab:              32456 kB
SReclaimable:      11460 kB
SUnreclaim:        20996 kB
KernelStack:        9056 kB
PageTables:        19152 kB
NFS_Unstable:          0 kB
Bounce:                0 kB
WritebackTmp:          0 kB
CommitLimit:      675480 kB
Committed_AS:   48137868 kB
VmallocTotal:     253952 kB
VmallocUsed:       92932 kB
VmallocChunk:      52228 kB
Time pass: 73 sec

---2015-10-15 22:46:21
MemTotal:        1350964 kB
MemFree:           37116 kB
Buffers:            6912 kB
Cached:           684716 kB
SwapCached:            0 kB
Active:           605684 kB
Inactive:         531184 kB
Active(anon):     447408 kB
Inactive(anon):     1152 kB
Active(file):     158276 kB
Inactive(file):   530032 kB
Unevictable:        2124 kB
Mlocked:               0 kB
HighTotal:        802816 kB
HighFree:           2148 kB
LowTotal:         548148 kB
LowFree:           34968 kB
SwapTotal:             0 kB
SwapFree:              0 kB
Dirty:                 0 kB
Writeback:             0 kB
AnonPages:        447464 kB
Mapped:           185412 kB
Shmem:              1196 kB
Slab:              32472 kB
SReclaimable:      11460 kB
SUnreclaim:        21012 kB
KernelStack:        9056 kB
PageTables:        19152 kB
NFS_Unstable:          0 kB
Bounce:                0 kB
WritebackTmp:          0 kB
CommitLimit:      675480 kB
Committed_AS:   48137868 kB
VmallocTotal:     253952 kB
VmallocUsed:       92932 kB
VmallocChunk:      52228 kB
Time pass: 77 sec

---2015-10-15 22:46:21
MemTotal:        1350964 kB
MemFree:           30568 kB
Buffers:            6928 kB
Cached:           707268 kB
SwapCached:            0 kB
Active:           612580 kB
Inactive:         553240 kB
Active(anon):     453796 kB
Inactive(anon):     1152 kB
Active(file):     158784 kB
Inactive(file):   552088 kB
Unevictable:        2124 kB
Mlocked:               0 kB
HighTotal:        802816 kB
HighFree:           1488 kB
LowTotal:         548148 kB
LowFree:           29080 kB
SwapTotal:             0 kB
SwapFree:              0 kB
Dirty:                 4 kB
Writeback:             0 kB
AnonPages:        453856 kB
Mapped:           199276 kB
Shmem:              1196 kB
Slab:              32452 kB
SReclaimable:      11460 kB
SUnreclaim:        20992 kB
KernelStack:        9136 kB
PageTables:        19376 kB
NFS_Unstable:          0 kB
Bounce:                0 kB
WritebackTmp:          0 kB
CommitLimit:      675480 kB
Committed_AS:   48939728 kB
VmallocTotal:     253952 kB
VmallocUsed:       94076 kB
VmallocChunk:      52228 kB
Time pass: 80 sec

---2015-10-15 22:46:21
MemTotal:        1350964 kB
MemFree:           31436 kB
Buffers:            6084 kB
Cached:           633056 kB
SwapCached:            0 kB
Active:           649484 kB
Inactive:         466360 kB
Active(anon):     479288 kB
Inactive(anon):     1352 kB
Active(file):     170196 kB
Inactive(file):   465008 kB
Unevictable:        2124 kB
Mlocked:               0 kB
HighTotal:        802816 kB
HighFree:           2308 kB
LowTotal:         548148 kB
LowFree:           29128 kB
SwapTotal:             0 kB
SwapFree:              0 kB
Dirty:               900 kB
Writeback:             0 kB
AnonPages:        479512 kB
Mapped:           207220 kB
Shmem:              1344 kB
Slab:              32600 kB
SReclaimable:      11536 kB
SUnreclaim:        21064 kB
KernelStack:        9352 kB
PageTables:        19768 kB
NFS_Unstable:          0 kB
Bounce:                0 kB
WritebackTmp:          0 kB
CommitLimit:      675480 kB
Committed_AS:   49096408 kB
VmallocTotal:     253952 kB
VmallocUsed:       95200 kB
VmallocChunk:      52228 kB
Time pass: 84 sec

---2015-10-15 22:46:21
MemTotal:        1350964 kB
MemFree:           29320 kB
Buffers:            6012 kB
Cached:           611272 kB
SwapCached:            0 kB
Active:           659144 kB
Inactive:         442324 kB
Active(anon):     486352 kB
Inactive(anon):     1284 kB
Active(file):     172792 kB
Inactive(file):   441040 kB
Unevictable:        2124 kB
Mlocked:               0 kB
HighTotal:        802816 kB
HighFree:           2616 kB
LowTotal:         548148 kB
LowFree:           26704 kB
SwapTotal:             0 kB
SwapFree:              0 kB
Dirty:               336 kB
Writeback:             0 kB
AnonPages:        486304 kB
Mapped:           209020 kB
Shmem:              1328 kB
Slab:              32844 kB
SReclaimable:      11640 kB
SUnreclaim:        21204 kB
KernelStack:        9536 kB
PageTables:        19936 kB
NFS_Unstable:          0 kB
Bounce:                0 kB
WritebackTmp:          0 kB
CommitLimit:      675480 kB
Committed_AS:   49119312 kB
VmallocTotal:     253952 kB
VmallocUsed:       95200 kB
VmallocChunk:      52228 kB
Time pass: 87 sec

---2015-10-15 22:46:21
MemTotal:        1350964 kB
MemFree:           31876 kB
Buffers:            5984 kB
Cached:           599660 kB
SwapCached:            0 kB
Active:           659732 kB
Inactive:         430616 kB
Active(anon):     486888 kB
Inactive(anon):     1284 kB
Active(file):     172844 kB
Inactive(file):   429332 kB
Unevictable:        2124 kB
Mlocked:               0 kB
HighTotal:        802816 kB
HighFree:           2556 kB
LowTotal:         548148 kB
LowFree:           29320 kB
SwapTotal:             0 kB
SwapFree:              0 kB
Dirty:               140 kB
Writeback:            40 kB
AnonPages:        487108 kB
Mapped:           209224 kB
Shmem:              1328 kB
Slab:              32800 kB
SReclaimable:      11648 kB
SUnreclaim:        21152 kB
KernelStack:        9536 kB
PageTables:        19948 kB
NFS_Unstable:          0 kB
Bounce:                0 kB
WritebackTmp:          0 kB
CommitLimit:      675480 kB
Committed_AS:   49128808 kB
VmallocTotal:     253952 kB
VmallocUsed:       95200 kB
VmallocChunk:      52228 kB
Time pass: 90 sec

---2015-10-15 22:46:21
MemTotal:        1350964 kB
MemFree:           31588 kB
Buffers:            5984 kB
Cached:           599680 kB
SwapCached:            0 kB
Active:           659872 kB
Inactive:         430652 kB
Active(anon):     487028 kB
Inactive(anon):     1284 kB
Active(file):     172844 kB
Inactive(file):   429368 kB
Unevictable:        2124 kB
Mlocked:               0 kB
HighTotal:        802816 kB
HighFree:           2120 kB
LowTotal:         548148 kB
LowFree:           29468 kB
SwapTotal:             0 kB
SwapFree:              0 kB
Dirty:               140 kB
Writeback:             0 kB
AnonPages:        486880 kB
Mapped:           209292 kB
Shmem:              1328 kB
Slab:              32824 kB
SReclaimable:      11648 kB
SUnreclaim:        21176 kB
KernelStack:        9536 kB
PageTables:        19956 kB
NFS_Unstable:          0 kB
Bounce:                0 kB
WritebackTmp:          0 kB
CommitLimit:      675480 kB
Committed_AS:   49128760 kB
VmallocTotal:     253952 kB
VmallocUsed:       95200 kB
VmallocChunk:      52228 kB
Time pass: 94 sec

---2015-10-15 22:46:21
MemTotal:        1350964 kB
MemFree:           31860 kB
Buffers:            5968 kB
Cached:           569664 kB
SwapCached:            0 kB
Active:           671280 kB
Inactive:         400088 kB
Active(anon):     497892 kB
Inactive(anon):     1284 kB
Active(file):     173388 kB
Inactive(file):   398804 kB
Unevictable:        2124 kB
Mlocked:               0 kB
HighTotal:        802816 kB
HighFree:           2716 kB
LowTotal:         548148 kB
LowFree:           29144 kB
SwapTotal:             0 kB
SwapFree:              0 kB
Dirty:                48 kB
Writeback:             0 kB
AnonPages:        497820 kB
Mapped:           209540 kB
Shmem:              1328 kB
Slab:              32832 kB
SReclaimable:      11648 kB
SUnreclaim:        21184 kB
KernelStack:        9552 kB
PageTables:        20132 kB
NFS_Unstable:          0 kB
Bounce:                0 kB
WritebackTmp:          0 kB
CommitLimit:      675480 kB
Committed_AS:   49227424 kB
VmallocTotal:     253952 kB
VmallocUsed:       95652 kB
VmallocChunk:      52228 kB
Time pass: 97 sec

---2015-10-15 22:46:21
MemTotal:        1350964 kB
MemFree:           42108 kB
Buffers:            5976 kB
Cached:           569688 kB
SwapCached:            0 kB
Active:           671924 kB
Inactive:         400092 kB
Active(anon):     498528 kB
Inactive(anon):     1284 kB
Active(file):     173396 kB
Inactive(file):   398808 kB
Unevictable:        2124 kB
Mlocked:               0 kB
HighTotal:        802816 kB
HighFree:           9784 kB
LowTotal:         548148 kB
LowFree:           32324 kB
SwapTotal:             0 kB
SwapFree:              0 kB
Dirty:                28 kB
Writeback:             0 kB
AnonPages:        498544 kB
Mapped:           209708 kB
Shmem:              1328 kB
Slab:              32880 kB
SReclaimable:      11656 kB
SUnreclaim:        21224 kB
KernelStack:        9552 kB
PageTables:        20124 kB
NFS_Unstable:          0 kB
Bounce:                0 kB
WritebackTmp:          0 kB
CommitLimit:      675480 kB
Committed_AS:   49210384 kB
VmallocTotal:     253952 kB
VmallocUsed:       95652 kB
VmallocChunk:      52228 kB
Time pass: 101 sec

---2015-10-15 22:46:21
MemTotal:        1350964 kB
MemFree:           47868 kB
Buffers:            6060 kB
Cached:           571468 kB
SwapCached:            0 kB
Active:           672560 kB
Inactive:         401780 kB
Active(anon):     499016 kB
Inactive(anon):     1288 kB
Active(file):     173544 kB
Inactive(file):   400492 kB
Unevictable:        2124 kB
Mlocked:               0 kB
HighTotal:        802816 kB
HighFree:           8192 kB
LowTotal:         548148 kB
LowFree:           39676 kB
SwapTotal:             0 kB
SwapFree:              0 kB
Dirty:                96 kB
Writeback:             0 kB
AnonPages:        499220 kB
Mapped:           212192 kB
Shmem:              1332 kB
Slab:              32920 kB
SReclaimable:      11668 kB
SUnreclaim:        21252 kB
KernelStack:        9512 kB
PageTables:        19876 kB
NFS_Unstable:          0 kB
Bounce:                0 kB
WritebackTmp:          0 kB
CommitLimit:      675480 kB
Committed_AS:   48419256 kB
VmallocTotal:     253952 kB
VmallocUsed:       94632 kB
VmallocChunk:      52228 kB
Time pass: 104 sec

---2015-10-15 22:46:21
MemTotal:        1350964 kB
MemFree:           34264 kB
Buffers:            6204 kB
Cached:           561848 kB
SwapCached:            0 kB
Active:           683212 kB
Inactive:         391596 kB
Active(anon):     508876 kB
Inactive(anon):     1280 kB
Active(file):     174336 kB
Inactive(file):   390316 kB
Unevictable:        2124 kB
Mlocked:               0 kB
HighTotal:        802816 kB
HighFree:           2292 kB
LowTotal:         548148 kB
LowFree:           31972 kB
SwapTotal:             0 kB
SwapFree:              0 kB
Dirty:               872 kB
Writeback:             0 kB
AnonPages:        508924 kB
Mapped:           212792 kB
Shmem:              1324 kB
Slab:              32996 kB
SReclaimable:      11696 kB
SUnreclaim:        21300 kB
KernelStack:        9568 kB
PageTables:        19912 kB
NFS_Unstable:          0 kB
Bounce:                0 kB
WritebackTmp:          0 kB
CommitLimit:      675480 kB
Committed_AS:   48436548 kB
VmallocTotal:     253952 kB
VmallocUsed:       94632 kB
VmallocChunk:      52228 kB
Time pass: 108 sec

---2015-10-15 22:46:21
MemTotal:        1350964 kB
MemFree:           32860 kB
Buffers:            6148 kB
Cached:           549300 kB
SwapCached:            0 kB
Active:           682336 kB
Inactive:         378764 kB
Active(anon):     507820 kB
Inactive(anon):     1280 kB
Active(file):     174516 kB
Inactive(file):   377484 kB
Unevictable:        2124 kB
Mlocked:               0 kB
HighTotal:        802816 kB
HighFree:           1500 kB
LowTotal:         548148 kB
LowFree:           31360 kB
SwapTotal:             0 kB
SwapFree:              0 kB
Dirty:              2364 kB
Writeback:             0 kB
AnonPages:        507684 kB
Mapped:           212644 kB
Shmem:              1324 kB
Slab:              33192 kB
SReclaimable:      11764 kB
SUnreclaim:        21428 kB
KernelStack:        9568 kB
PageTables:        19952 kB
NFS_Unstable:          0 kB
Bounce:                0 kB
WritebackTmp:          0 kB
CommitLimit:      675480 kB
Committed_AS:   48451976 kB
VmallocTotal:     253952 kB
VmallocUsed:       94632 kB
VmallocChunk:      52228 kB
Time pass: 112 sec

---2015-10-15 22:46:21
MemTotal:        1350964 kB
MemFree:           30564 kB
Buffers:            6244 kB
Cached:           549300 kB
SwapCached:            0 kB
Active:           683232 kB
Inactive:         378848 kB
Active(anon):     508712 kB
Inactive(anon):     1280 kB
Active(file):     174520 kB
Inactive(file):   377568 kB
Unevictable:        2124 kB
Mlocked:               0 kB
HighTotal:        802816 kB
HighFree:           1500 kB
LowTotal:         548148 kB
LowFree:           29064 kB
SwapTotal:             0 kB
SwapFree:              0 kB
Dirty:                96 kB
Writeback:            56 kB
AnonPages:        508616 kB
Mapped:           212792 kB
Shmem:              1324 kB
Slab:              33280 kB
SReclaimable:      11772 kB
SUnreclaim:        21508 kB
KernelStack:        9568 kB
PageTables:        19948 kB
NFS_Unstable:          0 kB
Bounce:                0 kB
WritebackTmp:          0 kB
CommitLimit:      675480 kB
Committed_AS:   48453620 kB
VmallocTotal:     253952 kB
VmallocUsed:       94632 kB
VmallocChunk:      52228 kB
Time pass: 116 sec

---2015-10-15 22:46:21
MemTotal:        1350964 kB
MemFree:           32160 kB
Buffers:            6236 kB
Cached:           546932 kB
SwapCached:            0 kB
Active:           683516 kB
Inactive:         376480 kB
Active(anon):     508996 kB
Inactive(anon):     1280 kB
Active(file):     174520 kB
Inactive(file):   375200 kB
Unevictable:        2124 kB
Mlocked:               0 kB
HighTotal:        802816 kB
HighFree:           2864 kB
LowTotal:         548148 kB
LowFree:           29296 kB
SwapTotal:             0 kB
SwapFree:              0 kB
Dirty:                96 kB
Writeback:             0 kB
AnonPages:        509096 kB
Mapped:           212792 kB
Shmem:              1324 kB
Slab:              33276 kB
SReclaimable:      11772 kB
SUnreclaim:        21504 kB
KernelStack:        9568 kB
PageTables:        19952 kB
NFS_Unstable:          0 kB
Bounce:                0 kB
WritebackTmp:          0 kB
CommitLimit:      675480 kB
Committed_AS:   48453940 kB
VmallocTotal:     253952 kB
VmallocUsed:       94632 kB
VmallocChunk:      52228 kB
Time pass: 119 sec

---2015-10-15 22:46:21
MemTotal:        1350964 kB
MemFree:           32760 kB
Buffers:            6096 kB
Cached:           535944 kB
SwapCached:            0 kB
Active:           687712 kB
Inactive:         364716 kB
Active(anon):     512556 kB
Inactive(anon):     1280 kB
Active(file):     175156 kB
Inactive(file):   363436 kB
Unevictable:        2124 kB
Mlocked:               0 kB
HighTotal:        802816 kB
HighFree:           2864 kB
LowTotal:         548148 kB
LowFree:           29896 kB
SwapTotal:             0 kB
SwapFree:              0 kB
Dirty:               576 kB
Writeback:             0 kB
AnonPages:        512468 kB
Mapped:           212860 kB
Shmem:              1324 kB
Slab:              33368 kB
SReclaimable:      11840 kB
SUnreclaim:        21528 kB
KernelStack:        9568 kB
PageTables:        19948 kB
NFS_Unstable:          0 kB
Bounce:                0 kB
WritebackTmp:          0 kB
CommitLimit:      675480 kB
Committed_AS:   48463064 kB
VmallocTotal:     253952 kB
VmallocUsed:       94632 kB
VmallocChunk:      52228 kB
Time pass: 123 sec

---2015-10-15 22:46:21
MemTotal:        1350964 kB
MemFree:           31960 kB
Buffers:            6104 kB
Cached:           525776 kB
SwapCached:            0 kB
Active:           695660 kB
Inactive:         354500 kB
Active(anon):     520452 kB
Inactive(anon):     1400 kB
Active(file):     175208 kB
Inactive(file):   353100 kB
Unevictable:        2124 kB
Mlocked:               0 kB
HighTotal:        802816 kB
HighFree:           1500 kB
LowTotal:         548148 kB
LowFree:           30460 kB
SwapTotal:             0 kB
SwapFree:              0 kB
Dirty:                 8 kB
Writeback:             0 kB
AnonPages:        520588 kB
Mapped:           215864 kB
Shmem:              1448 kB
Slab:              33584 kB
SReclaimable:      11860 kB
SUnreclaim:        21724 kB
KernelStack:        9760 kB
PageTables:        20120 kB
NFS_Unstable:          0 kB
Bounce:                0 kB
WritebackTmp:          0 kB
CommitLimit:      675480 kB
Committed_AS:   48487572 kB
VmallocTotal:     253952 kB
VmallocUsed:       95392 kB
VmallocChunk:      52228 kB
Time pass: 126 sec

---2015-10-15 22:46:21
MemTotal:        1350964 kB
MemFree:           32400 kB
Buffers:            6104 kB
Cached:           523536 kB
SwapCached:            0 kB
Active:           696464 kB
Inactive:         352228 kB
Active(anon):     521224 kB
Inactive(anon):     1388 kB
Active(file):     175240 kB
Inactive(file):   350840 kB
Unevictable:        2124 kB
Mlocked:               0 kB
HighTotal:        802816 kB
HighFree:           3608 kB
LowTotal:         548148 kB
LowFree:           28792 kB
SwapTotal:             0 kB
SwapFree:              0 kB
Dirty:                72 kB
Writeback:             0 kB
AnonPages:        521100 kB
Mapped:           215880 kB
Shmem:              1436 kB
Slab:              33500 kB
SReclaimable:      11876 kB
SUnreclaim:        21624 kB
KernelStack:        9768 kB
PageTables:        20104 kB
NFS_Unstable:          0 kB
Bounce:                0 kB
WritebackTmp:          0 kB
CommitLimit:      675480 kB
Committed_AS:   48489592 kB
VmallocTotal:     253952 kB
VmallocUsed:       95704 kB
VmallocChunk:      52228 kB
Time pass: 130 sec

---2015-10-15 22:46:21
MemTotal:        1350964 kB
MemFree:           32328 kB
Buffers:            6112 kB
Cached:           517692 kB
SwapCached:            0 kB
Active:           697996 kB
Inactive:         346264 kB
Active(anon):     522724 kB
Inactive(anon):     1492 kB
Active(file):     175272 kB
Inactive(file):   344772 kB
Unevictable:        2124 kB
Mlocked:               0 kB
HighTotal:        802816 kB
HighFree:           2864 kB
LowTotal:         548148 kB
LowFree:           29464 kB
SwapTotal:             0 kB
SwapFree:              0 kB
Dirty:                32 kB
Writeback:             0 kB
AnonPages:        522572 kB
Mapped:           216072 kB
Shmem:              1628 kB
Slab:              33620 kB
SReclaimable:      11880 kB
SUnreclaim:        21740 kB
KernelStack:        9768 kB
PageTables:        20300 kB
NFS_Unstable:          0 kB
Bounce:                0 kB
WritebackTmp:          0 kB
CommitLimit:      675480 kB
Committed_AS:   48493788 kB
VmallocTotal:     253952 kB
VmallocUsed:       95844 kB
VmallocChunk:      52228 kB
Time pass: 133 sec

---2015-10-15 22:46:21
MemTotal:        1350964 kB
MemFree:          185448 kB
Buffers:            6132 kB
Cached:           510264 kB
SwapCached:            0 kB
Active:           641424 kB
Inactive:         338596 kB
Active(anon):     465816 kB
Inactive(anon):     1152 kB
Active(file):     175608 kB
Inactive(file):   337444 kB
Unevictable:        2124 kB
Mlocked:               0 kB
HighTotal:        802816 kB
HighFree:          95244 kB
LowTotal:         548148 kB
LowFree:           90204 kB
SwapTotal:             0 kB
SwapFree:              0 kB
Dirty:                92 kB
Writeback:             0 kB
AnonPages:        465844 kB
Mapped:           186276 kB
Shmem:              1196 kB
Slab:              33464 kB
SReclaimable:      11872 kB
SUnreclaim:        21592 kB
KernelStack:        9032 kB
PageTables:        19088 kB
NFS_Unstable:          0 kB
Bounce:                0 kB
WritebackTmp:          0 kB
CommitLimit:      675480 kB
Committed_AS:   47431368 kB
VmallocTotal:     253952 kB
VmallocUsed:       93412 kB
VmallocChunk:      52228 kB
Time pass: 137 sec

---2015-10-15 22:46:21
MemTotal:        1350964 kB
MemFree:          185648 kB
Buffers:            6140 kB
Cached:           510256 kB
SwapCached:            0 kB
Active:           641508 kB
Inactive:         338620 kB
Active(anon):     465900 kB
Inactive(anon):     1152 kB
Active(file):     175608 kB
Inactive(file):   337468 kB
Unevictable:        2124 kB
Mlocked:               0 kB
HighTotal:        802816 kB
HighFree:          95344 kB
LowTotal:         548148 kB
LowFree:           90304 kB
SwapTotal:             0 kB
SwapFree:              0 kB
Dirty:                 0 kB
Writeback:             0 kB
AnonPages:        465748 kB
Mapped:           186276 kB
Shmem:              1196 kB
Slab:              33420 kB
SReclaimable:      11872 kB
SUnreclaim:        21548 kB
KernelStack:        9032 kB
PageTables:        19092 kB
NFS_Unstable:          0 kB
Bounce:                0 kB
WritebackTmp:          0 kB
CommitLimit:      675480 kB
Committed_AS:   47431372 kB
VmallocTotal:     253952 kB
VmallocUsed:       93412 kB
VmallocChunk:      52228 kB
Time pass: 140 sec

---2015-10-15 22:46:21
MemTotal:        1350964 kB
MemFree:          185640 kB
Buffers:            6140 kB
Cached:           510264 kB
SwapCached:            0 kB
Active:           641580 kB
Inactive:         338628 kB
Active(anon):     465972 kB
Inactive(anon):     1152 kB
Active(file):     175608 kB
Inactive(file):   337476 kB
Unevictable:        2124 kB
Mlocked:               0 kB
HighTotal:        802816 kB
HighFree:          95492 kB
LowTotal:         548148 kB
LowFree:           90148 kB
SwapTotal:             0 kB
SwapFree:              0 kB
Dirty:                24 kB
Writeback:             0 kB
AnonPages:        465820 kB
Mapped:           186304 kB
Shmem:              1196 kB
Slab:              33408 kB
SReclaimable:      11872 kB
SUnreclaim:        21536 kB
KernelStack:        9056 kB
PageTables:        19120 kB
NFS_Unstable:          0 kB
Bounce:                0 kB
WritebackTmp:          0 kB
CommitLimit:      675480 kB
Committed_AS:   47431232 kB
VmallocTotal:     253952 kB
VmallocUsed:       93412 kB
VmallocChunk:      52228 kB
Time pass: 144 sec

---2015-10-15 22:46:21
MemTotal:        1350964 kB
MemFree:          178636 kB
Buffers:            6180 kB
Cached:           510288 kB
SwapCached:            0 kB
Active:           650240 kB
Inactive:         338516 kB
Active(anon):     474472 kB
Inactive(anon):     1152 kB
Active(file):     175768 kB
Inactive(file):   337364 kB
Unevictable:        2124 kB
Mlocked:               0 kB
HighTotal:        802816 kB
HighFree:          87184 kB
LowTotal:         548148 kB
LowFree:           91452 kB
SwapTotal:             0 kB
SwapFree:              0 kB
Dirty:               800 kB
Writeback:             0 kB
AnonPages:        474252 kB
Mapped:           200332 kB
Shmem:              1196 kB
Slab:              33388 kB
SReclaimable:      11888 kB
SUnreclaim:        21500 kB
KernelStack:        9240 kB
PageTables:        19580 kB
NFS_Unstable:          0 kB
Bounce:                0 kB
WritebackTmp:          0 kB
CommitLimit:      675480 kB
Committed_AS:   48327656 kB
VmallocTotal:     253952 kB
VmallocUsed:       94872 kB
VmallocChunk:      52228 kB
Time pass: 147 sec

---2015-10-15 22:46:21
MemTotal:        1350964 kB
MemFree:          124532 kB
Buffers:            6180 kB
Cached:           510428 kB
SwapCached:            0 kB
Active:           665032 kB
Inactive:         338372 kB
Active(anon):     488964 kB
Inactive(anon):     1284 kB
Active(file):     176068 kB
Inactive(file):   337088 kB
Unevictable:        2124 kB
Mlocked:               0 kB
HighTotal:        802816 kB
HighFree:          48100 kB
LowTotal:         548148 kB
LowFree:           76432 kB
SwapTotal:             0 kB
SwapFree:              0 kB
Dirty:               240 kB
Writeback:             0 kB
AnonPages:        489156 kB
Mapped:           207244 kB
Shmem:              1328 kB
Slab:              33448 kB
SReclaimable:      11888 kB
SUnreclaim:        21560 kB
KernelStack:        9448 kB
PageTables:        19808 kB
NFS_Unstable:          0 kB
Bounce:                0 kB
WritebackTmp:          0 kB
CommitLimit:      675480 kB
Committed_AS:   48400500 kB
VmallocTotal:     253952 kB
VmallocUsed:       95312 kB
VmallocChunk:      52228 kB
Time pass: 151 sec

---2015-10-15 22:46:21
MemTotal:        1350964 kB
MemFree:          113372 kB
Buffers:            6212 kB
Cached:           510472 kB
SwapCached:            0 kB
Active:           667028 kB
Inactive:         338356 kB
Active(anon):     490868 kB
Inactive(anon):     1284 kB
Active(file):     176160 kB
Inactive(file):   337072 kB
Unevictable:        2124 kB
Mlocked:               0 kB
HighTotal:        802816 kB
HighFree:          40312 kB
LowTotal:         548148 kB
LowFree:           73060 kB
SwapTotal:             0 kB
SwapFree:              0 kB
Dirty:               396 kB
Writeback:             0 kB
AnonPages:        490968 kB
Mapped:           207956 kB
Shmem:              1328 kB
Slab:              33424 kB
SReclaimable:      11896 kB
SUnreclaim:        21528 kB
KernelStack:        9456 kB
PageTables:        19836 kB
NFS_Unstable:          0 kB
Bounce:                0 kB
WritebackTmp:          0 kB
CommitLimit:      675480 kB
Committed_AS:   48409440 kB
VmallocTotal:     253952 kB
VmallocUsed:       95312 kB
VmallocChunk:      52228 kB
Time pass: 154 sec

---2015-10-15 22:46:21
MemTotal:        1350964 kB
MemFree:          112760 kB
Buffers:            6220 kB
Cached:           510480 kB
SwapCached:            0 kB
Active:           667152 kB
Inactive:         338368 kB
Active(anon):     490992 kB
Inactive(anon):     1284 kB
Active(file):     176160 kB
Inactive(file):   337084 kB
Unevictable:        2124 kB
Mlocked:               0 kB
HighTotal:        802816 kB
HighFree:          39692 kB
LowTotal:         548148 kB
LowFree:           73068 kB
SwapTotal:             0 kB
SwapFree:              0 kB
Dirty:               112 kB
Writeback:             0 kB
AnonPages:        490904 kB
Mapped:           207964 kB
Shmem:              1332 kB
Slab:              33456 kB
SReclaimable:      11896 kB
SUnreclaim:        21560 kB
KernelStack:        9456 kB
PageTables:        19824 kB
NFS_Unstable:          0 kB
Bounce:                0 kB
WritebackTmp:          0 kB
CommitLimit:      675480 kB
Committed_AS:   48412096 kB
VmallocTotal:     253952 kB
VmallocUsed:       95312 kB
VmallocChunk:      52228 kB
Time pass: 158 sec

---2015-10-15 22:46:21
MemTotal:        1350964 kB
MemFree:           96004 kB
Buffers:            6228 kB
Cached:           511000 kB
SwapCached:            0 kB
Active:           680232 kB
Inactive:         338416 kB
Active(anon):     503644 kB
Inactive(anon):     1280 kB
Active(file):     176588 kB
Inactive(file):   337136 kB
Unevictable:        2124 kB
Mlocked:               0 kB
HighTotal:        802816 kB
HighFree:          24764 kB
LowTotal:         548148 kB
LowFree:           71240 kB
SwapTotal:             0 kB
SwapFree:              0 kB
Dirty:               376 kB
Writeback:             0 kB
AnonPages:        503636 kB
Mapped:           212160 kB
Shmem:              1324 kB
Slab:              33456 kB
SReclaimable:      11896 kB
SUnreclaim:        21560 kB
KernelStack:        9512 kB
PageTables:        19868 kB
NFS_Unstable:          0 kB
Bounce:                0 kB
WritebackTmp:          0 kB
CommitLimit:      675480 kB
Committed_AS:   48423796 kB
VmallocTotal:     253952 kB
VmallocUsed:       95312 kB
VmallocChunk:      52228 kB
Time pass: 161 sec

---2015-10-15 22:46:21
MemTotal:        1350964 kB
MemFree:           71368 kB
Buffers:            6228 kB
Cached:           514640 kB
SwapCached:            0 kB
Active:           688516 kB
Inactive:         335044 kB
Active(anon):     504912 kB
Inactive(anon):     1280 kB
Active(file):     183604 kB
Inactive(file):   333764 kB
Unevictable:        2124 kB
Mlocked:               0 kB
HighTotal:        802816 kB
HighFree:           3372 kB
LowTotal:         548148 kB
LowFree:           67996 kB
SwapTotal:             0 kB
SwapFree:              0 kB
Dirty:              4072 kB
Writeback:             0 kB
AnonPages:        504924 kB
Mapped:           212204 kB
Shmem:              1324 kB
Slab:              33552 kB
SReclaimable:      11916 kB
SUnreclaim:        21636 kB
KernelStack:        9496 kB
PageTables:        19908 kB
NFS_Unstable:          0 kB
Bounce:                0 kB
WritebackTmp:          0 kB
CommitLimit:      675480 kB
Committed_AS:   48444236 kB
VmallocTotal:     253952 kB
VmallocUsed:       95312 kB
VmallocChunk:      52228 kB
Time pass: 164 sec

---2015-10-15 22:46:21
MemTotal:        1350964 kB
MemFree:           68864 kB
Buffers:            6236 kB
Cached:           514640 kB
SwapCached:            0 kB
Active:           687704 kB
Inactive:         335096 kB
Active(anon):     504100 kB
Inactive(anon):     1280 kB
Active(file):     183604 kB
Inactive(file):   333816 kB
Unevictable:        2124 kB
Mlocked:               0 kB
HighTotal:        802816 kB
HighFree:           2552 kB
LowTotal:         548148 kB
LowFree:           66312 kB
SwapTotal:             0 kB
SwapFree:              0 kB
Dirty:               140 kB
Writeback:             0 kB
AnonPages:        504120 kB
Mapped:           212060 kB
Shmem:              1324 kB
Slab:              33628 kB
SReclaimable:      11920 kB
SUnreclaim:        21708 kB
KernelStack:        9496 kB
PageTables:        19920 kB
NFS_Unstable:          0 kB
Bounce:                0 kB
WritebackTmp:          0 kB
CommitLimit:      675480 kB
Committed_AS:   48447040 kB
VmallocTotal:     253952 kB
VmallocUsed:       95312 kB
VmallocChunk:      52228 kB
Time pass: 168 sec

---2015-10-15 22:46:21
MemTotal:        1350964 kB
MemFree:           58356 kB
Buffers:            6236 kB
Cached:           514648 kB
SwapCached:            0 kB
Active:           692108 kB
Inactive:         335096 kB
Active(anon):     508488 kB
Inactive(anon):     1280 kB
Active(file):     183620 kB
Inactive(file):   333816 kB
Unevictable:        2124 kB
Mlocked:               0 kB
HighTotal:        802816 kB
HighFree:           1484 kB
LowTotal:         548148 kB
LowFree:           56872 kB
SwapTotal:             0 kB
SwapFree:              0 kB
Dirty:                 0 kB
Writeback:             0 kB
AnonPages:        508524 kB
Mapped:           212268 kB
Shmem:              1324 kB
Slab:              33636 kB
SReclaimable:      11924 kB
SUnreclaim:        21712 kB
KernelStack:        9496 kB
PageTables:        19936 kB
NFS_Unstable:          0 kB
Bounce:                0 kB
WritebackTmp:          0 kB
CommitLimit:      675480 kB
Committed_AS:   48457312 kB
VmallocTotal:     253952 kB
VmallocUsed:       95312 kB
VmallocChunk:      52228 kB
Time pass: 171 sec

---2015-10-15 22:46:21
MemTotal:        1350964 kB
MemFree:           46148 kB
Buffers:            6260 kB
Cached:           514912 kB
SwapCached:            0 kB
Active:           702852 kB
Inactive:         335304 kB
Active(anon):     519156 kB
Inactive(anon):     1408 kB
Active(file):     183696 kB
Inactive(file):   333896 kB
Unevictable:        2124 kB
Mlocked:               0 kB
HighTotal:        802816 kB
HighFree:           1484 kB
LowTotal:         548148 kB
LowFree:           44664 kB
SwapTotal:             0 kB
SwapFree:              0 kB
Dirty:                84 kB
Writeback:             0 kB
AnonPages:        519092 kB
Mapped:           215200 kB
Shmem:              1456 kB
Slab:              33784 kB
SReclaimable:      11928 kB
SUnreclaim:        21856 kB
KernelStack:        9680 kB
PageTables:        20076 kB
NFS_Unstable:          0 kB
Bounce:                0 kB
WritebackTmp:          0 kB
CommitLimit:      675480 kB
Committed_AS:   48484384 kB
VmallocTotal:     253952 kB
VmallocUsed:       95508 kB
VmallocChunk:      52228 kB
Time pass: 176 sec

---2015-10-15 22:46:21
MemTotal:        1350964 kB
MemFree:           35476 kB
Buffers:            6396 kB
Cached:           515396 kB
SwapCached:            0 kB
Active:           710760 kB
Inactive:         335692 kB
Active(anon):     526832 kB
Inactive(anon):     1592 kB
Active(file):     183928 kB
Inactive(file):   334100 kB
Unevictable:        2124 kB
Mlocked:               0 kB
HighTotal:        802816 kB
HighFree:           1484 kB
LowTotal:         548148 kB
LowFree:           33992 kB
SwapTotal:             0 kB
SwapFree:              0 kB
Dirty:                64 kB
Writeback:             0 kB
AnonPages:        526936 kB
Mapped:           215044 kB
Shmem:              1640 kB
Slab:              33656 kB
SReclaimable:      11944 kB
SUnreclaim:        21712 kB
KernelStack:        9736 kB
PageTables:        20168 kB
NFS_Unstable:          0 kB
Bounce:                0 kB
WritebackTmp:          0 kB
CommitLimit:      675480 kB
Committed_AS:   48493312 kB
VmallocTotal:     253952 kB
VmallocUsed:       95844 kB
VmallocChunk:      52228 kB
Time pass: 180 sec

---2015-10-15 22:46:21
MemTotal:        1350964 kB
MemFree:           32188 kB
Buffers:            6412 kB
Cached:           515396 kB
SwapCached:            0 kB
Active:           713816 kB
Inactive:         335708 kB
Active(anon):     529888 kB
Inactive(anon):     1592 kB
Active(file):     183928 kB
Inactive(file):   334116 kB
Unevictable:        2124 kB
Mlocked:               0 kB
HighTotal:        802816 kB
HighFree:           1484 kB
LowTotal:         548148 kB
LowFree:           30704 kB
SwapTotal:             0 kB
SwapFree:              0 kB
Dirty:                 0 kB
Writeback:             0 kB
AnonPages:        529824 kB
Mapped:           215060 kB
Shmem:              1640 kB
Slab:              33784 kB
SReclaimable:      11948 kB
SUnreclaim:        21836 kB
KernelStack:        9728 kB
PageTables:        20172 kB
NFS_Unstable:          0 kB
Bounce:                0 kB
WritebackTmp:          0 kB
CommitLimit:      675480 kB
Committed_AS:   48495688 kB
VmallocTotal:     253952 kB
VmallocUsed:       95844 kB
VmallocChunk:      52228 kB
Time pass: 183 sec

---2015-10-15 22:46:21
MemTotal:        1350964 kB
MemFree:           32012 kB
Buffers:            6428 kB
Cached:           515396 kB
SwapCached:            0 kB
Active:           713592 kB
Inactive:         335724 kB
Active(anon):     529664 kB
Inactive(anon):     1592 kB
Active(file):     183928 kB
Inactive(file):   334132 kB
Unevictable:        2124 kB
Mlocked:               0 kB
HighTotal:        802816 kB
HighFree:           1484 kB
LowTotal:         548148 kB
LowFree:           30528 kB
SwapTotal:             0 kB
SwapFree:              0 kB
Dirty:                36 kB
Writeback:             0 kB
AnonPages:        529716 kB
Mapped:           215068 kB
Shmem:              1640 kB
Slab:              33820 kB
SReclaimable:      11960 kB
SUnreclaim:        21860 kB
KernelStack:        9728 kB
PageTables:        20176 kB
NFS_Unstable:          0 kB
Bounce:                0 kB
WritebackTmp:          0 kB
CommitLimit:      675480 kB
Committed_AS:   48495472 kB
VmallocTotal:     253952 kB
VmallocUsed:       95844 kB
VmallocChunk:      52228 kB
Time pass: 187 sec

---2015-10-15 22:46:21
MemTotal:        1350964 kB
MemFree:           30844 kB
Buffers:            6460 kB
Cached:           515528 kB
SwapCached:            0 kB
Active:           714652 kB
Inactive:         335832 kB
Active(anon):     530724 kB
Inactive(anon):     1592 kB
Active(file):     183928 kB
Inactive(file):   334240 kB
Unevictable:        2124 kB
Mlocked:               0 kB
HighTotal:        802816 kB
HighFree:           1484 kB
LowTotal:         548148 kB
LowFree:           29360 kB
SwapTotal:             0 kB
SwapFree:              0 kB
Dirty:                44 kB
Writeback:             0 kB
AnonPages:        530772 kB
Mapped:           215488 kB
Shmem:              1640 kB
Slab:              33900 kB
SReclaimable:      11964 kB
SUnreclaim:        21936 kB
KernelStack:        9720 kB
PageTables:        20176 kB
NFS_Unstable:          0 kB
Bounce:                0 kB
WritebackTmp:          0 kB
CommitLimit:      675480 kB
Committed_AS:   48495460 kB
VmallocTotal:     253952 kB
VmallocUsed:       95844 kB
VmallocChunk:      52228 kB
Time pass: 190 sec

---2015-10-15 22:46:21
MemTotal:        1350964 kB
MemFree:           30808 kB
Buffers:            6484 kB
Cached:           515588 kB
SwapCached:            0 kB
Active:           714796 kB
Inactive:         335972 kB
Active(anon):     530868 kB
Inactive(anon):     1592 kB
Active(file):     183928 kB
Inactive(file):   334380 kB
Unevictable:        2124 kB
Mlocked:               0 kB
HighTotal:        802816 kB
HighFree:           1484 kB
LowTotal:         548148 kB
LowFree:           29324 kB
SwapTotal:             0 kB
SwapFree:              0 kB
Dirty:                 0 kB
Writeback:             0 kB
AnonPages:        530748 kB
Mapped:           215504 kB
Shmem:              1640 kB
Slab:              33860 kB
SReclaimable:      11964 kB
SUnreclaim:        21896 kB
KernelStack:        9720 kB
PageTables:        20180 kB
NFS_Unstable:          0 kB
Bounce:                0 kB
WritebackTmp:          0 kB
CommitLimit:      675480 kB
Committed_AS:   48495540 kB
VmallocTotal:     253952 kB
VmallocUsed:       95844 kB
VmallocChunk:      52228 kB
Time pass: 194 sec

---2015-10-15 22:46:21
MemTotal:        1350964 kB
MemFree:           32724 kB
Buffers:            6508 kB
Cached:           512808 kB
SwapCached:            0 kB
Active:           715068 kB
Inactive:         333184 kB
Active(anon):     531124 kB
Inactive(anon):     1592 kB
Active(file):     183944 kB
Inactive(file):   331592 kB
Unevictable:        2124 kB
Mlocked:               0 kB
HighTotal:        802816 kB
HighFree:           2204 kB
LowTotal:         548148 kB
LowFree:           30520 kB
SwapTotal:             0 kB
SwapFree:              0 kB
Dirty:                60 kB
Writeback:             0 kB
AnonPages:        531060 kB
Mapped:           215516 kB
Shmem:              1640 kB
Slab:              33876 kB
SReclaimable:      11964 kB
SUnreclaim:        21912 kB
KernelStack:        9720 kB
PageTables:        20180 kB
NFS_Unstable:          0 kB
Bounce:                0 kB
WritebackTmp:          0 kB
CommitLimit:      675480 kB
Committed_AS:   48496288 kB
VmallocTotal:     253952 kB
VmallocUsed:       95844 kB
VmallocChunk:      52228 kB
Time pass: 197 sec

---2015-10-15 22:46:21
MemTotal:        1350964 kB
MemFree:           33380 kB
Buffers:            6508 kB
Cached:           512808 kB
SwapCached:            0 kB
Active:           715336 kB
Inactive:         333200 kB
Active(anon):     531392 kB
Inactive(anon):     1592 kB
Active(file):     183944 kB
Inactive(file):   331608 kB
Unevictable:        2124 kB
Mlocked:               0 kB
HighTotal:        802816 kB
HighFree:           1608 kB
LowTotal:         548148 kB
LowFree:           31772 kB
SwapTotal:             0 kB
SwapFree:              0 kB
Dirty:                 0 kB
Writeback:             0 kB
AnonPages:        531464 kB
Mapped:           215516 kB
Shmem:              1640 kB
Slab:              33820 kB
SReclaimable:      11964 kB
SUnreclaim:        21856 kB
KernelStack:        9720 kB
PageTables:        20176 kB
NFS_Unstable:          0 kB
Bounce:                0 kB
WritebackTmp:          0 kB
CommitLimit:      675480 kB
Committed_AS:   48496244 kB
VmallocTotal:     253952 kB
VmallocUsed:       95844 kB
VmallocChunk:      52228 kB
Time pass: 201 sec

---2015-10-15 22:46:21
MemTotal:        1350964 kB
MemFree:           33988 kB
Buffers:            6532 kB
Cached:           512792 kB
SwapCached:            0 kB
Active:           715320 kB
Inactive:         333208 kB
Active(anon):     531376 kB
Inactive(anon):     1592 kB
Active(file):     183944 kB
Inactive(file):   331616 kB
Unevictable:        2124 kB
Mlocked:               0 kB
HighTotal:        802816 kB
HighFree:           1608 kB
LowTotal:         548148 kB
LowFree:           32380 kB
SwapTotal:             0 kB
SwapFree:              0 kB
Dirty:                28 kB
Writeback:             0 kB
AnonPages:        531188 kB
Mapped:           215516 kB
Shmem:              1640 kB
Slab:              33796 kB
SReclaimable:      11964 kB
SUnreclaim:        21832 kB
KernelStack:        9736 kB
PageTables:        20180 kB
NFS_Unstable:          0 kB
Bounce:                0 kB
WritebackTmp:          0 kB
CommitLimit:      675480 kB
Committed_AS:   48496288 kB
VmallocTotal:     253952 kB
VmallocUsed:       95844 kB
VmallocChunk:      52228 kB
Time pass: 204 sec

---2015-10-15 22:46:21
MemTotal:        1350964 kB
MemFree:           34056 kB
Buffers:            6532 kB
Cached:           512808 kB
SwapCached:            0 kB
Active:           714292 kB
Inactive:         333224 kB
Active(anon):     530348 kB
Inactive(anon):     1592 kB
Active(file):     183944 kB
Inactive(file):   331632 kB
Unevictable:        2124 kB
Mlocked:               0 kB
HighTotal:        802816 kB
HighFree:           1608 kB
LowTotal:         548148 kB
LowFree:           32448 kB
SwapTotal:             0 kB
SwapFree:              0 kB
Dirty:                 0 kB
Writeback:             0 kB
AnonPages:        530508 kB
Mapped:           215368 kB
Shmem:              1640 kB
Slab:              33732 kB
SReclaimable:      11964 kB
SUnreclaim:        21768 kB
KernelStack:        9712 kB
PageTables:        20180 kB
NFS_Unstable:          0 kB
Bounce:                0 kB
WritebackTmp:          0 kB
CommitLimit:      675480 kB
Committed_AS:   48496316 kB
VmallocTotal:     253952 kB
VmallocUsed:       95844 kB
VmallocChunk:      52228 kB
Time pass: 208 sec

---2015-10-15 22:46:21
MemTotal:        1350964 kB
MemFree:           32832 kB
Buffers:            6540 kB
Cached:           512808 kB
SwapCached:            0 kB
Active:           715608 kB
Inactive:         333232 kB
Active(anon):     531664 kB
Inactive(anon):     1592 kB
Active(file):     183944 kB
Inactive(file):   331640 kB
Unevictable:        2124 kB
Mlocked:               0 kB
HighTotal:        802816 kB
HighFree:           1608 kB
LowTotal:         548148 kB
LowFree:           31224 kB
SwapTotal:             0 kB
SwapFree:              0 kB
Dirty:                28 kB
Writeback:             0 kB
AnonPages:        531596 kB
Mapped:           215516 kB
Shmem:              1640 kB
Slab:              33840 kB
SReclaimable:      11964 kB
SUnreclaim:        21876 kB
KernelStack:        9712 kB
PageTables:        20180 kB
NFS_Unstable:          0 kB
Bounce:                0 kB
WritebackTmp:          0 kB
CommitLimit:      675480 kB
Committed_AS:   48496368 kB
VmallocTotal:     253952 kB
VmallocUsed:       95844 kB
VmallocChunk:      52228 kB
Time pass: 212 sec

---2015-10-15 22:46:21
MemTotal:        1350964 kB
MemFree:           33212 kB
Buffers:            6556 kB
Cached:           512808 kB
SwapCached:            0 kB
Active:           715752 kB
Inactive:         333248 kB
Active(anon):     531808 kB
Inactive(anon):     1592 kB
Active(file):     183944 kB
Inactive(file):   331656 kB
Unevictable:        2124 kB
Mlocked:               0 kB
HighTotal:        802816 kB
HighFree:           1608 kB
LowTotal:         548148 kB
LowFree:           31604 kB
SwapTotal:             0 kB
SwapFree:              0 kB
Dirty:                 0 kB
Writeback:             0 kB
AnonPages:        531744 kB
Mapped:           215368 kB
Shmem:              1640 kB
Slab:              33728 kB
SReclaimable:      11964 kB
SUnreclaim:        21764 kB
KernelStack:        9712 kB
PageTables:        20176 kB
NFS_Unstable:          0 kB
Bounce:                0 kB
WritebackTmp:          0 kB
CommitLimit:      675480 kB
Committed_AS:   48496572 kB
VmallocTotal:     253952 kB
VmallocUsed:       95844 kB
VmallocChunk:      52228 kB
Time pass: 215 sec

---2015-10-15 22:46:21
MemTotal:        1350964 kB
MemFree:           33000 kB
Buffers:            6572 kB
Cached:           512808 kB
SwapCached:            0 kB
Active:           715880 kB
Inactive:         333264 kB
Active(anon):     531936 kB
Inactive(anon):     1592 kB
Active(file):     183944 kB
Inactive(file):   331672 kB
Unevictable:        2124 kB
Mlocked:               0 kB
HighTotal:        802816 kB
HighFree:           1608 kB
LowTotal:         548148 kB
LowFree:           31392 kB
SwapTotal:             0 kB
SwapFree:              0 kB
Dirty:                40 kB
Writeback:             0 kB
AnonPages:        532004 kB
Mapped:           215516 kB
Shmem:              1640 kB
Slab:              33732 kB
SReclaimable:      11964 kB
SUnreclaim:        21768 kB
KernelStack:        9712 kB
PageTables:        20180 kB
NFS_Unstable:          0 kB
Bounce:                0 kB
WritebackTmp:          0 kB
CommitLimit:      675480 kB
Committed_AS:   48496568 kB
VmallocTotal:     253952 kB
VmallocUsed:       95844 kB
VmallocChunk:      52228 kB
Time pass: 219 sec

---2015-10-15 22:46:21
MemTotal:        1350964 kB
MemFree:           32216 kB
Buffers:            6580 kB
Cached:           512828 kB
SwapCached:            0 kB
Active:           716000 kB
Inactive:         333284 kB
Active(anon):     532056 kB
Inactive(anon):     1612 kB
Active(file):     183944 kB
Inactive(file):   331672 kB
Unevictable:        2124 kB
Mlocked:               0 kB
HighTotal:        802816 kB
HighFree:           1608 kB
LowTotal:         548148 kB
LowFree:           30608 kB
SwapTotal:             0 kB
SwapFree:              0 kB
Dirty:                28 kB
Writeback:             0 kB
AnonPages:        532080 kB
Mapped:           215536 kB
Shmem:              1660 kB
Slab:              33764 kB
SReclaimable:      11964 kB
SUnreclaim:        21800 kB
KernelStack:        9696 kB
PageTables:        20180 kB
NFS_Unstable:          0 kB
Bounce:                0 kB
WritebackTmp:          0 kB
CommitLimit:      675480 kB
Committed_AS:   48496484 kB
VmallocTotal:     253952 kB
VmallocUsed:       95844 kB
VmallocChunk:      52228 kB
Time pass: 222 sec

---2015-10-15 22:46:21
MemTotal:        1350964 kB
MemFree:           32912 kB
Buffers:            6596 kB
Cached:           512828 kB
SwapCached:            0 kB
Active:           715100 kB
Inactive:         333308 kB
Active(anon):     531156 kB
Inactive(anon):     1612 kB
Active(file):     183944 kB
Inactive(file):   331696 kB
Unevictable:        2124 kB
Mlocked:               0 kB
HighTotal:        802816 kB
HighFree:           1608 kB
LowTotal:         548148 kB
LowFree:           31304 kB
SwapTotal:             0 kB
SwapFree:              0 kB
Dirty:                36 kB
Writeback:             0 kB
AnonPages:        531160 kB
Mapped:           215536 kB
Shmem:              1660 kB
Slab:              33812 kB
SReclaimable:      11964 kB
SUnreclaim:        21848 kB
KernelStack:        9696 kB
PageTables:        20184 kB
NFS_Unstable:          0 kB
Bounce:                0 kB
WritebackTmp:          0 kB
CommitLimit:      675480 kB
Committed_AS:   48496388 kB
VmallocTotal:     253952 kB
VmallocUsed:       95844 kB
VmallocChunk:      52228 kB
Time pass: 226 sec

---2015-10-15 22:46:21
MemTotal:        1350964 kB
MemFree:           32900 kB
Buffers:            6596 kB
Cached:           512872 kB
SwapCached:            0 kB
Active:           715216 kB
Inactive:         333304 kB
Active(anon):     531272 kB
Inactive(anon):     1608 kB
Active(file):     183944 kB
Inactive(file):   331696 kB
Unevictable:        2124 kB
Mlocked:               0 kB
HighTotal:        802816 kB
HighFree:           2476 kB
LowTotal:         548148 kB
LowFree:           30424 kB
SwapTotal:             0 kB
SwapFree:              0 kB
Dirty:                 0 kB
Writeback:             0 kB
AnonPages:        531124 kB
Mapped:           215580 kB
Shmem:              1704 kB
Slab:              33872 kB
SReclaimable:      11964 kB
SUnreclaim:        21908 kB
KernelStack:        9696 kB
PageTables:        20180 kB
NFS_Unstable:          0 kB
Bounce:                0 kB
WritebackTmp:          0 kB
CommitLimit:      675480 kB
Committed_AS:   48494196 kB
VmallocTotal:     253952 kB
VmallocUsed:       95844 kB
VmallocChunk:      52228 kB
Time pass: 229 sec

---2015-10-15 22:46:21
MemTotal:        1350964 kB
MemFree:           32768 kB
Buffers:            6620 kB
Cached:           512872 kB
SwapCached:            0 kB
Active:           715368 kB
Inactive:         333376 kB
Active(anon):     531424 kB
Inactive(anon):     1660 kB
Active(file):     183944 kB
Inactive(file):   331716 kB
Unevictable:        2124 kB
Mlocked:               0 kB
HighTotal:        802816 kB
HighFree:           2104 kB
LowTotal:         548148 kB
LowFree:           30664 kB
SwapTotal:             0 kB
SwapFree:              0 kB
Dirty:                36 kB
Writeback:             4 kB
AnonPages:        531328 kB
Mapped:           215536 kB
Shmem:              1708 kB
Slab:              33872 kB
SReclaimable:      11964 kB
SUnreclaim:        21908 kB
KernelStack:        9696 kB
PageTables:        20168 kB
NFS_Unstable:          0 kB
Bounce:                0 kB
WritebackTmp:          0 kB
CommitLimit:      675480 kB
Committed_AS:   48494596 kB
VmallocTotal:     253952 kB
VmallocUsed:       95844 kB
VmallocChunk:      52228 kB
Time pass: 233 sec

---2015-10-15 22:46:21
MemTotal:        1350964 kB
MemFree:           33288 kB
Buffers:            6636 kB
Cached:           512884 kB
SwapCached:            0 kB
Active:           715348 kB
Inactive:         333380 kB
Active(anon):     531404 kB
Inactive(anon):     1660 kB
Active(file):     183944 kB
Inactive(file):   331720 kB
Unevictable:        2124 kB
Mlocked:               0 kB
HighTotal:        802816 kB
HighFree:           1608 kB
LowTotal:         548148 kB
LowFree:           31680 kB
SwapTotal:             0 kB
SwapFree:              0 kB
Dirty:                 0 kB
Writeback:             0 kB
AnonPages:        531608 kB
Mapped:           215608 kB
Shmem:              1732 kB
Slab:              34032 kB
SReclaimable:      11964 kB
SUnreclaim:        22068 kB
KernelStack:        9696 kB
PageTables:        20184 kB
NFS_Unstable:          0 kB
Bounce:                0 kB
WritebackTmp:          0 kB
CommitLimit:      675480 kB
Committed_AS:   48494260 kB
VmallocTotal:     253952 kB
VmallocUsed:       95844 kB
VmallocChunk:      52228 kB
Time pass: 236 sec

---2015-10-15 22:46:21
MemTotal:        1350964 kB
MemFree:           33088 kB
Buffers:            6636 kB
Cached:           512900 kB
SwapCached:            0 kB
Active:           715364 kB
Inactive:         333420 kB
Active(anon):     531420 kB
Inactive(anon):     1684 kB
Active(file):     183944 kB
Inactive(file):   331736 kB
Unevictable:        2124 kB
Mlocked:               0 kB
HighTotal:        802816 kB
HighFree:           1608 kB
LowTotal:         548148 kB
LowFree:           31480 kB
SwapTotal:             0 kB
SwapFree:              0 kB
Dirty:                40 kB
Writeback:             0 kB
AnonPages:        531628 kB
Mapped:           215560 kB
Shmem:              1732 kB
Slab:              33880 kB
SReclaimable:      11964 kB
SUnreclaim:        21916 kB
KernelStack:        9704 kB
PageTables:        20168 kB
NFS_Unstable:          0 kB
Bounce:                0 kB
WritebackTmp:          0 kB
CommitLimit:      675480 kB
Committed_AS:   48495508 kB
VmallocTotal:     253952 kB
VmallocUsed:       95844 kB
VmallocChunk:      52228 kB
Time pass: 240 sec

---2015-10-15 22:46:21
MemTotal:        1350964 kB
MemFree:           32784 kB
Buffers:            6644 kB
Cached:           512900 kB
SwapCached:            0 kB
Active:           715588 kB
Inactive:         333420 kB
Active(anon):     531644 kB
Inactive(anon):     1684 kB
Active(file):     183944 kB
Inactive(file):   331736 kB
Unevictable:        2124 kB
Mlocked:               0 kB
HighTotal:        802816 kB
HighFree:           1608 kB
LowTotal:         548148 kB
LowFree:           31176 kB
SwapTotal:             0 kB
SwapFree:              0 kB
Dirty:                28 kB
Writeback:             0 kB
AnonPages:        531492 kB
Mapped:           215608 kB
Shmem:              1732 kB
Slab:              33872 kB
SReclaimable:      11964 kB
SUnreclaim:        21908 kB
KernelStack:        9696 kB
PageTables:        20184 kB
NFS_Unstable:          0 kB
Bounce:                0 kB
WritebackTmp:          0 kB
CommitLimit:      675480 kB
Committed_AS:   48494500 kB
VmallocTotal:     253952 kB
VmallocUsed:       95844 kB
VmallocChunk:      52228 kB
Time pass: 243 sec

---2015-10-15 22:46:21
MemTotal:        1350964 kB
MemFree:           32768 kB
Buffers:            6660 kB
Cached:           512900 kB
SwapCached:            0 kB
Active:           715540 kB
Inactive:         333428 kB
Active(anon):     531596 kB
Inactive(anon):     1684 kB
Active(file):     183944 kB
Inactive(file):   331744 kB
Unevictable:        2124 kB
Mlocked:               0 kB
HighTotal:        802816 kB
HighFree:           1608 kB
LowTotal:         548148 kB
LowFree:           31160 kB
SwapTotal:             0 kB
SwapFree:              0 kB
Dirty:                 0 kB
Writeback:             0 kB
AnonPages:        531604 kB
Mapped:           215608 kB
Shmem:              1732 kB
Slab:              33840 kB
SReclaimable:      11964 kB
SUnreclaim:        21876 kB
KernelStack:        9696 kB
PageTables:        20184 kB
NFS_Unstable:          0 kB
Bounce:                0 kB
WritebackTmp:          0 kB
CommitLimit:      675480 kB
Committed_AS:   48494412 kB
VmallocTotal:     253952 kB
VmallocUsed:       95844 kB
VmallocChunk:      52228 kB
Time pass: 247 sec

---2015-10-15 22:46:21
MemTotal:        1350964 kB
MemFree:           32676 kB
Buffers:            6668 kB
Cached:           512892 kB
SwapCached:            0 kB
Active:           715776 kB
Inactive:         333444 kB
Active(anon):     531832 kB
Inactive(anon):     1684 kB
Active(file):     183944 kB
Inactive(file):   331760 kB
Unevictable:        2124 kB
Mlocked:               0 kB
HighTotal:        802816 kB
HighFree:           1608 kB
LowTotal:         548148 kB
LowFree:           31068 kB
SwapTotal:             0 kB
SwapFree:              0 kB
Dirty:                 0 kB
Writeback:             0 kB
AnonPages:        531728 kB
Mapped:           215608 kB
Shmem:              1732 kB
Slab:              33796 kB
SReclaimable:      11964 kB
SUnreclaim:        21832 kB
KernelStack:        9696 kB
PageTables:        20184 kB
NFS_Unstable:          0 kB
Bounce:                0 kB
WritebackTmp:          0 kB
CommitLimit:      675480 kB
Committed_AS:   48494548 kB
VmallocTotal:     253952 kB
VmallocUsed:       95844 kB
VmallocChunk:      52228 kB
Time pass: 250 sec

---2015-10-15 22:46:21
MemTotal:        1350964 kB
MemFree:           32304 kB
Buffers:            6684 kB
Cached:           512900 kB
SwapCached:            0 kB
Active:           715696 kB
Inactive:         333456 kB
Active(anon):     531752 kB
Inactive(anon):     1684 kB
Active(file):     183944 kB
Inactive(file):   331772 kB
Unevictable:        2124 kB
Mlocked:               0 kB
HighTotal:        802816 kB
HighFree:           1608 kB
LowTotal:         548148 kB
LowFree:           30696 kB
SwapTotal:             0 kB
SwapFree:              0 kB
Dirty:                40 kB
Writeback:             0 kB
AnonPages:        531788 kB
Mapped:           215608 kB
Shmem:              1732 kB
Slab:              33816 kB
SReclaimable:      11964 kB
SUnreclaim:        21852 kB
KernelStack:        9688 kB
PageTables:        20180 kB
NFS_Unstable:          0 kB
Bounce:                0 kB
WritebackTmp:          0 kB
CommitLimit:      675480 kB
Committed_AS:   48494368 kB
VmallocTotal:     253952 kB
VmallocUsed:       95844 kB
VmallocChunk:      52228 kB
Time pass: 254 sec

---2015-10-15 22:46:21
MemTotal:        1350964 kB
MemFree:           32712 kB
Buffers:            6684 kB
Cached:           512900 kB
SwapCached:            0 kB
Active:           715744 kB
Inactive:         333468 kB
Active(anon):     531800 kB
Inactive(anon):     1684 kB
Active(file):     183944 kB
Inactive(file):   331784 kB
Unevictable:        2124 kB
Mlocked:               0 kB
HighTotal:        802816 kB
HighFree:           1608 kB
LowTotal:         548148 kB
LowFree:           31104 kB
SwapTotal:             0 kB
SwapFree:              0 kB
Dirty:                 0 kB
Writeback:             0 kB
AnonPages:        531800 kB
Mapped:           215460 kB
Shmem:              1732 kB
Slab:              33844 kB
SReclaimable:      11964 kB
SUnreclaim:        21880 kB
KernelStack:        9688 kB
PageTables:        20176 kB
NFS_Unstable:          0 kB
Bounce:                0 kB
WritebackTmp:          0 kB
CommitLimit:      675480 kB
Committed_AS:   48494348 kB
VmallocTotal:     253952 kB
VmallocUsed:       95844 kB
VmallocChunk:      52228 kB
Time pass: 257 sec

---2015-10-15 22:46:21
MemTotal:        1350964 kB
MemFree:           32868 kB
Buffers:            6708 kB
Cached:           512900 kB
SwapCached:            0 kB
Active:           715916 kB
Inactive:         333492 kB
Active(anon):     531972 kB
Inactive(anon):     1684 kB
Active(file):     183944 kB
Inactive(file):   331808 kB
Unevictable:        2124 kB
Mlocked:               0 kB
HighTotal:        802816 kB
HighFree:           1608 kB
LowTotal:         548148 kB
LowFree:           31260 kB
SwapTotal:             0 kB
SwapFree:              0 kB
Dirty:                40 kB
Writeback:             0 kB
AnonPages:        531836 kB
Mapped:           215608 kB
Shmem:              1732 kB
Slab:              33848 kB
SReclaimable:      11968 kB
SUnreclaim:        21880 kB
KernelStack:        9688 kB
PageTables:        20172 kB
NFS_Unstable:          0 kB
Bounce:                0 kB
WritebackTmp:          0 kB
CommitLimit:      675480 kB
Committed_AS:   48494316 kB
VmallocTotal:     253952 kB
VmallocUsed:       95844 kB
VmallocChunk:      52228 kB
Time pass: 261 sec

---2015-10-15 22:46:21
MemTotal:        1350964 kB
MemFree:           32716 kB
Buffers:            6724 kB
Cached:           512884 kB
SwapCached:            0 kB
Active:           716220 kB
Inactive:         333492 kB
Active(anon):     532276 kB
Inactive(anon):     1684 kB
Active(file):     183944 kB
Inactive(file):   331808 kB
Unevictable:        2124 kB
Mlocked:               0 kB
HighTotal:        802816 kB
HighFree:           2308 kB
LowTotal:         548148 kB
LowFree:           30408 kB
SwapTotal:             0 kB
SwapFree:              0 kB
Dirty:                 0 kB
Writeback:             0 kB
AnonPages:        532084 kB
Mapped:           215608 kB
Shmem:              1732 kB
Slab:              33908 kB
SReclaimable:      11968 kB
SUnreclaim:        21940 kB
KernelStack:        9688 kB
PageTables:        20176 kB
NFS_Unstable:          0 kB
Bounce:                0 kB
WritebackTmp:          0 kB
CommitLimit:      675480 kB
Committed_AS:   48494588 kB
VmallocTotal:     253952 kB
VmallocUsed:       95844 kB
VmallocChunk:      52228 kB
Time pass: 264 sec

---2015-10-15 22:46:21
MemTotal:        1350964 kB
MemFree:           31816 kB
Buffers:            6732 kB
Cached:           512900 kB
SwapCached:            0 kB
Active:           716568 kB
Inactive:         333520 kB
Active(anon):     532624 kB
Inactive(anon):     1684 kB
Active(file):     183944 kB
Inactive(file):   331836 kB
Unevictable:        2124 kB
Mlocked:               0 kB
HighTotal:        802816 kB
HighFree:           1732 kB
LowTotal:         548148 kB
LowFree:           30084 kB
SwapTotal:             0 kB
SwapFree:              0 kB
Dirty:                56 kB
Writeback:             0 kB
AnonPages:        532852 kB
Mapped:           215616 kB
Shmem:              1732 kB
Slab:              33804 kB
SReclaimable:      11968 kB
SUnreclaim:        21836 kB
KernelStack:        9704 kB
PageTables:        20184 kB
NFS_Unstable:          0 kB
Bounce:                0 kB
WritebackTmp:          0 kB
CommitLimit:      675480 kB
Committed_AS:   48495528 kB
VmallocTotal:     253952 kB
VmallocUsed:       95844 kB
VmallocChunk:      52228 kB
Time pass: 268 sec

---2015-10-15 22:46:21
MemTotal:        1350964 kB
MemFree:           31996 kB
Buffers:            6740 kB
Cached:           512892 kB
SwapCached:            0 kB
Active:           715504 kB
Inactive:         333516 kB
Active(anon):     531560 kB
Inactive(anon):     1684 kB
Active(file):     183944 kB
Inactive(file):   331832 kB
Unevictable:        2124 kB
Mlocked:               0 kB
HighTotal:        802816 kB
HighFree:           2228 kB
LowTotal:         548148 kB
LowFree:           29768 kB
SwapTotal:             0 kB
SwapFree:              0 kB
Dirty:                 0 kB
Writeback:             0 kB
AnonPages:        531520 kB
Mapped:           215568 kB
Shmem:              1732 kB
Slab:              33916 kB
SReclaimable:      11968 kB
SUnreclaim:        21948 kB
KernelStack:        9696 kB
PageTables:        20172 kB
NFS_Unstable:          0 kB
Bounce:                0 kB
WritebackTmp:          0 kB
CommitLimit:      675480 kB
Committed_AS:   48495596 kB
VmallocTotal:     253952 kB
VmallocUsed:       95844 kB
VmallocChunk:      52228 kB
Time pass: 272 sec

---2015-10-15 22:46:21
MemTotal:        1350964 kB
MemFree:           32204 kB
Buffers:            6756 kB
Cached:           512900 kB
SwapCached:            0 kB
Active:           715676 kB
Inactive:         333540 kB
Active(anon):     531732 kB
Inactive(anon):     1684 kB
Active(file):     183944 kB
Inactive(file):   331856 kB
Unevictable:        2124 kB
Mlocked:               0 kB
HighTotal:        802816 kB
HighFree:           1708 kB
LowTotal:         548148 kB
LowFree:           30496 kB
SwapTotal:             0 kB
SwapFree:              0 kB
Dirty:                56 kB
Writeback:             0 kB
AnonPages:        531812 kB
Mapped:           215616 kB
Shmem:              1732 kB
Slab:              33936 kB
SReclaimable:      11968 kB
SUnreclaim:        21968 kB
KernelStack:        9696 kB
PageTables:        20188 kB
NFS_Unstable:          0 kB
Bounce:                0 kB
WritebackTmp:          0 kB
CommitLimit:      675480 kB
Committed_AS:   48494224 kB
VmallocTotal:     253952 kB
VmallocUsed:       95844 kB
VmallocChunk:      52228 kB
Time pass: 275 sec

---2015-10-15 22:46:21
MemTotal:        1350964 kB
MemFree:           32352 kB
Buffers:            6764 kB
Cached:           512900 kB
SwapCached:            0 kB
Active:           715920 kB
Inactive:         333540 kB
Active(anon):     531976 kB
Inactive(anon):     1684 kB
Active(file):     183944 kB
Inactive(file):   331856 kB
Unevictable:        2124 kB
Mlocked:               0 kB
HighTotal:        802816 kB
HighFree:           1608 kB
LowTotal:         548148 kB
LowFree:           30744 kB
SwapTotal:             0 kB
SwapFree:              0 kB
Dirty:                28 kB
Writeback:             0 kB
AnonPages:        532036 kB
Mapped:           215616 kB
Shmem:              1732 kB
Slab:              33920 kB
SReclaimable:      11968 kB
SUnreclaim:        21952 kB
KernelStack:        9696 kB
PageTables:        20184 kB
NFS_Unstable:          0 kB
Bounce:                0 kB
WritebackTmp:          0 kB
CommitLimit:      675480 kB
Committed_AS:   48494472 kB
VmallocTotal:     253952 kB
VmallocUsed:       95844 kB
VmallocChunk:      52228 kB
Time pass: 279 sec

---2015-10-15 22:46:21
MemTotal:        1350964 kB
MemFree:           31824 kB
Buffers:            6780 kB
Cached:           512900 kB
SwapCached:            0 kB
Active:           716176 kB
Inactive:         333564 kB
Active(anon):     532232 kB
Inactive(anon):     1684 kB
Active(file):     183944 kB
Inactive(file):   331880 kB
Unevictable:        2124 kB
Mlocked:               0 kB
HighTotal:        802816 kB
HighFree:           1608 kB
LowTotal:         548148 kB
LowFree:           30216 kB
SwapTotal:             0 kB
SwapFree:              0 kB
Dirty:                40 kB
Writeback:             0 kB
AnonPages:        532288 kB
Mapped:           215616 kB
Shmem:              1732 kB
Slab:              33868 kB
SReclaimable:      11968 kB
SUnreclaim:        21900 kB
KernelStack:        9696 kB
PageTables:        20188 kB
NFS_Unstable:          0 kB
Bounce:                0 kB
WritebackTmp:          0 kB
CommitLimit:      675480 kB
Committed_AS:   48494404 kB
VmallocTotal:     253952 kB
VmallocUsed:       95844 kB
VmallocChunk:      52228 kB
Time pass: 282 sec

---2015-10-15 22:46:21
MemTotal:        1350964 kB
MemFree:           32412 kB
Buffers:            6788 kB
Cached:           512892 kB
SwapCached:            0 kB
Active:           715796 kB
Inactive:         333564 kB
Active(anon):     531852 kB
Inactive(anon):     1684 kB
Active(file):     183944 kB
Inactive(file):   331880 kB
Unevictable:        2124 kB
Mlocked:               0 kB
HighTotal:        802816 kB
HighFree:           1608 kB
LowTotal:         548148 kB
LowFree:           30804 kB
SwapTotal:             0 kB
SwapFree:              0 kB
Dirty:                 0 kB
Writeback:             0 kB
AnonPages:        532112 kB
Mapped:           215616 kB
Shmem:              1732 kB
Slab:              33892 kB
SReclaimable:      11968 kB
SUnreclaim:        21924 kB
KernelStack:        9704 kB
PageTables:        20188 kB
NFS_Unstable:          0 kB
Bounce:                0 kB
WritebackTmp:          0 kB
CommitLimit:      675480 kB
Committed_AS:   48494364 kB
VmallocTotal:     253952 kB
VmallocUsed:       95844 kB
VmallocChunk:      52228 kB
Time pass: 286 sec

---2015-10-15 22:46:21
MemTotal:        1350964 kB
MemFree:           31740 kB
Buffers:            6804 kB
Cached:           512900 kB
SwapCached:            0 kB
Active:           716204 kB
Inactive:         333588 kB
Active(anon):     532260 kB
Inactive(anon):     1684 kB
Active(file):     183944 kB
Inactive(file):   331904 kB
Unevictable:        2124 kB
Mlocked:               0 kB
HighTotal:        802816 kB
HighFree:           1608 kB
LowTotal:         548148 kB
LowFree:           30132 kB
SwapTotal:             0 kB
SwapFree:              0 kB
Dirty:                40 kB
Writeback:             0 kB
AnonPages:        532248 kB
Mapped:           215616 kB
Shmem:              1732 kB
Slab:              33968 kB
SReclaimable:      11968 kB
SUnreclaim:        22000 kB
KernelStack:        9696 kB
PageTables:        20188 kB
NFS_Unstable:          0 kB
Bounce:                0 kB
WritebackTmp:          0 kB
CommitLimit:      675480 kB
Committed_AS:   48494476 kB
VmallocTotal:     253952 kB
VmallocUsed:       95844 kB
VmallocChunk:      52228 kB
Time pass: 290 sec

---2015-10-15 22:46:21
MemTotal:        1350964 kB
MemFree:           32320 kB
Buffers:            6828 kB
Cached:           512900 kB
SwapCached:            0 kB
Active:           715440 kB
Inactive:         333612 kB
Active(anon):     531496 kB
Inactive(anon):     1684 kB
Active(file):     183944 kB
Inactive(file):   331928 kB
Unevictable:        2124 kB
Mlocked:               0 kB
HighTotal:        802816 kB
HighFree:           1608 kB
LowTotal:         548148 kB
LowFree:           30712 kB
SwapTotal:             0 kB
SwapFree:              0 kB
Dirty:                44 kB
Writeback:             0 kB
AnonPages:        531520 kB
Mapped:           215616 kB
Shmem:              1732 kB
Slab:              33848 kB
SReclaimable:      11972 kB
SUnreclaim:        21876 kB
KernelStack:        9696 kB
PageTables:        20188 kB
NFS_Unstable:          0 kB
Bounce:                0 kB
WritebackTmp:          0 kB
CommitLimit:      675480 kB
Committed_AS:   48494572 kB
VmallocTotal:     253952 kB
VmallocUsed:       95844 kB
VmallocChunk:      52228 kB
Time pass: 293 sec

---2015-10-15 22:46:21
MemTotal:        1350964 kB
MemFree:           33012 kB
Buffers:            6828 kB
Cached:           512900 kB
SwapCached:            0 kB
Active:           715124 kB
Inactive:         333612 kB
Active(anon):     531180 kB
Inactive(anon):     1684 kB
Active(file):     183944 kB
Inactive(file):   331928 kB
Unevictable:        2124 kB
Mlocked:               0 kB
HighTotal:        802816 kB
HighFree:           1608 kB
LowTotal:         548148 kB
LowFree:           31404 kB
SwapTotal:             0 kB
SwapFree:              0 kB
Dirty:                44 kB
Writeback:             0 kB
AnonPages:        531284 kB
Mapped:           215568 kB
Shmem:              1732 kB
Slab:              33836 kB
SReclaimable:      11972 kB
SUnreclaim:        21864 kB
KernelStack:        9704 kB
PageTables:        20172 kB
NFS_Unstable:          0 kB
Bounce:                0 kB
WritebackTmp:          0 kB
CommitLimit:      675480 kB
Committed_AS:   48494492 kB
VmallocTotal:     253952 kB
VmallocUsed:       95844 kB
VmallocChunk:      52228 kB
Time pass: 297 sec

---2015-10-15 22:46:21
MemTotal:        1350964 kB
MemFree:           32860 kB
Buffers:            6852 kB
Cached:           512948 kB
SwapCached:            0 kB
Active:           715964 kB
Inactive:         333676 kB
Active(anon):     532020 kB
Inactive(anon):     1740 kB
Active(file):     183944 kB
Inactive(file):   331936 kB
Unevictable:        2124 kB
Mlocked:               0 kB
HighTotal:        802816 kB
HighFree:           1608 kB
LowTotal:         548148 kB
LowFree:           31252 kB
SwapTotal:             0 kB
SwapFree:              0 kB
Dirty:                28 kB
Writeback:             0 kB
AnonPages:        532088 kB
Mapped:           215680 kB
Shmem:              1796 kB
Slab:              33824 kB
SReclaimable:      11972 kB
SUnreclaim:        21852 kB
KernelStack:        9696 kB
PageTables:        20180 kB
NFS_Unstable:          0 kB
Bounce:                0 kB
WritebackTmp:          0 kB
CommitLimit:      675480 kB
Committed_AS:   48494856 kB
VmallocTotal:     253952 kB
VmallocUsed:       95844 kB
VmallocChunk:      52228 kB
Time pass: 300 sec

---2015-10-15 22:46:21
MemTotal:        1350964 kB
MemFree:           32380 kB
Buffers:            6852 kB
Cached:           512976 kB
SwapCached:            0 kB
Active:           715552 kB
Inactive:         333712 kB
Active(anon):     531608 kB
Inactive(anon):     1760 kB
Active(file):     183944 kB
Inactive(file):   331952 kB
Unevictable:        2124 kB
Mlocked:               0 kB
HighTotal:        802816 kB
HighFree:           1608 kB
LowTotal:         548148 kB
LowFree:           30772 kB
SwapTotal:             0 kB
SwapFree:              0 kB
Dirty:                 0 kB
Writeback:             0 kB
AnonPages:        531520 kB
Mapped:           215692 kB
Shmem:              1808 kB
Slab:              33880 kB
SReclaimable:      11972 kB
SUnreclaim:        21908 kB
KernelStack:        9712 kB
PageTables:        20192 kB
NFS_Unstable:          0 kB
Bounce:                0 kB
WritebackTmp:          0 kB
CommitLimit:      675480 kB
Committed_AS:   48494416 kB
VmallocTotal:     253952 kB
VmallocUsed:       95844 kB
VmallocChunk:      52228 kB
Time pass: 304 sec

---2015-10-15 22:46:21
MemTotal:        1350964 kB
MemFree:           32508 kB
Buffers:            6860 kB
Cached:           512976 kB
SwapCached:            0 kB
Active:           715560 kB
Inactive:         333712 kB
Active(anon):     531616 kB
Inactive(anon):     1760 kB
Active(file):     183944 kB
Inactive(file):   331952 kB
Unevictable:        2124 kB
Mlocked:               0 kB
HighTotal:        802816 kB
HighFree:           2228 kB
LowTotal:         548148 kB
LowFree:           30280 kB
SwapTotal:             0 kB
SwapFree:              0 kB
Dirty:                28 kB
Writeback:             0 kB
AnonPages:        531684 kB
Mapped:           215692 kB
Shmem:              1808 kB
Slab:              33880 kB
SReclaimable:      11976 kB
SUnreclaim:        21904 kB
KernelStack:        9696 kB
PageTables:        20184 kB
NFS_Unstable:          0 kB
Bounce:                0 kB
WritebackTmp:          0 kB
CommitLimit:      675480 kB
Committed_AS:   48494448 kB
VmallocTotal:     253952 kB
VmallocUsed:       95844 kB
VmallocChunk:      52228 kB
Time pass: 307 sec

---2015-10-15 22:46:21
MemTotal:        1350964 kB
MemFree:           31180 kB
Buffers:            6876 kB
Cached:           512976 kB
SwapCached:            0 kB
Active:           715668 kB
Inactive:         333736 kB
Active(anon):     531724 kB
Inactive(anon):     1760 kB
Active(file):     183944 kB
Inactive(file):   331976 kB
Unevictable:        2124 kB
Mlocked:               0 kB
HighTotal:        802816 kB
HighFree:           1732 kB
LowTotal:         548148 kB
LowFree:           29448 kB
SwapTotal:             0 kB
SwapFree:              0 kB
Dirty:                 4 kB
Writeback:             0 kB
AnonPages:        531660 kB
Mapped:           215692 kB
Shmem:              1808 kB
Slab:              33848 kB
SReclaimable:      11976 kB
SUnreclaim:        21872 kB
KernelStack:        9696 kB
PageTables:        20180 kB
NFS_Unstable:          0 kB
Bounce:                0 kB
WritebackTmp:          0 kB
CommitLimit:      675480 kB
Committed_AS:   48494356 kB
VmallocTotal:     253952 kB
VmallocUsed:       95844 kB
VmallocChunk:      52228 kB
Time pass: 311 sec

---2015-10-15 22:46:21
MemTotal:        1350964 kB
MemFree:           31380 kB
Buffers:            6892 kB
Cached:           512996 kB
SwapCached:            0 kB
Active:           715740 kB
Inactive:         333764 kB
Active(anon):     531796 kB
Inactive(anon):     1760 kB
Active(file):     183944 kB
Inactive(file):   332004 kB
Unevictable:        2124 kB
Mlocked:               0 kB
HighTotal:        802816 kB
HighFree:           1608 kB
LowTotal:         548148 kB
LowFree:           29772 kB
SwapTotal:             0 kB
SwapFree:              0 kB
Dirty:                72 kB
Writeback:             0 kB
AnonPages:        531808 kB
Mapped:           215716 kB
Shmem:              1808 kB
Slab:              33936 kB
SReclaimable:      11976 kB
SUnreclaim:        21960 kB
KernelStack:        9696 kB
PageTables:        20184 kB
NFS_Unstable:          0 kB
Bounce:                0 kB
WritebackTmp:          0 kB
CommitLimit:      675480 kB
Committed_AS:   48494404 kB
VmallocTotal:     253952 kB
VmallocUsed:       95844 kB
VmallocChunk:      52228 kB
Time pass: 314 sec

---2015-10-15 22:46:21
MemTotal:        1350964 kB
MemFree:           30848 kB
Buffers:            6900 kB
Cached:           512996 kB
SwapCached:            0 kB
Active:           715788 kB
Inactive:         333772 kB
Active(anon):     531844 kB
Inactive(anon):     1760 kB
Active(file):     183944 kB
Inactive(file):   332012 kB
Unevictable:        2124 kB
Mlocked:               0 kB
HighTotal:        802816 kB
HighFree:           1608 kB
LowTotal:         548148 kB
LowFree:           29240 kB
SwapTotal:             0 kB
SwapFree:              0 kB
Dirty:                72 kB
Writeback:             0 kB
AnonPages:        531844 kB
Mapped:           215668 kB
Shmem:              1808 kB
Slab:              33904 kB
SReclaimable:      11976 kB
SUnreclaim:        21928 kB
KernelStack:        9696 kB
PageTables:        20168 kB
NFS_Unstable:          0 kB
Bounce:                0 kB
WritebackTmp:          0 kB
CommitLimit:      675480 kB
Committed_AS:   48494388 kB
VmallocTotal:     253952 kB
VmallocUsed:       95844 kB
VmallocChunk:      52228 kB
Time pass: 318 sec

---2015-10-15 22:46:21
MemTotal:        1350964 kB
MemFree:           30828 kB
Buffers:            6916 kB
Cached:           512996 kB
SwapCached:            0 kB
Active:           716076 kB
Inactive:         333796 kB
Active(anon):     532132 kB
Inactive(anon):     1760 kB
Active(file):     183944 kB
Inactive(file):   332036 kB
Unevictable:        2124 kB
Mlocked:               0 kB
HighTotal:        802816 kB
HighFree:           1608 kB
LowTotal:         548148 kB
LowFree:           29220 kB
SwapTotal:             0 kB
SwapFree:              0 kB
Dirty:                 4 kB
Writeback:             0 kB
AnonPages:        532012 kB
Mapped:           215668 kB
Shmem:              1808 kB
Slab:              33964 kB
SReclaimable:      11976 kB
SUnreclaim:        21988 kB
KernelStack:        9680 kB
PageTables:        20168 kB
NFS_Unstable:          0 kB
Bounce:                0 kB
WritebackTmp:          0 kB
CommitLimit:      675480 kB
Committed_AS:   48494528 kB
VmallocTotal:     253952 kB
VmallocUsed:       95844 kB
VmallocChunk:      52228 kB
Time pass: 322 sec

---2015-10-15 22:46:21
MemTotal:        1350964 kB
MemFree:           30412 kB
Buffers:            6924 kB
Cached:           512996 kB
SwapCached:            0 kB
Active:           716516 kB
Inactive:         333804 kB
Active(anon):     532572 kB
Inactive(anon):     1760 kB
Active(file):     183944 kB
Inactive(file):   332044 kB
Unevictable:        2124 kB
Mlocked:               0 kB
HighTotal:        802816 kB
HighFree:           1608 kB
LowTotal:         548148 kB
LowFree:           28804 kB
SwapTotal:             0 kB
SwapFree:              0 kB
Dirty:                32 kB
Writeback:             0 kB
AnonPages:        532648 kB
Mapped:           215668 kB
Shmem:              1808 kB
Slab:              33924 kB
SReclaimable:      11976 kB
SUnreclaim:        21948 kB
KernelStack:        9696 kB
PageTables:        20168 kB
NFS_Unstable:          0 kB
Bounce:                0 kB
WritebackTmp:          0 kB
CommitLimit:      675480 kB
Committed_AS:   48495664 kB
VmallocTotal:     253952 kB
VmallocUsed:       95844 kB
VmallocChunk:      52228 kB
Time pass: 326 sec

---2015-10-15 22:46:21
MemTotal:        1350964 kB
MemFree:           32592 kB
Buffers:            6932 kB
Cached:           511368 kB
SwapCached:            0 kB
Active:           716056 kB
Inactive:         332172 kB
Active(anon):     532100 kB
Inactive(anon):     1760 kB
Active(file):     183956 kB
Inactive(file):   330412 kB
Unevictable:        2124 kB
Mlocked:               0 kB
HighTotal:        802816 kB
HighFree:           1856 kB
LowTotal:         548148 kB
LowFree:           30736 kB
SwapTotal:             0 kB
SwapFree:              0 kB
Dirty:                48 kB
Writeback:             0 kB
AnonPages:        532064 kB
Mapped:           215668 kB
Shmem:              1808 kB
Slab:              33840 kB
SReclaimable:      11976 kB
