---2015-12-04 17:50:43
MemTotal:        2873608 kB
MemFree:          110348 kB
Buffers:           22132 kB
Cached:          1296864 kB
SwapCached:            0 kB
Active:          1289628 kB
Inactive:         937668 kB
Active(anon):     725836 kB
Inactive(anon):   192828 kB
Active(file):     563792 kB
Inactive(file):   744840 kB
Unevictable:        8104 kB
Mlocked:               0 kB
SwapTotal:        715328 kB
SwapFree:         715328 kB
Dirty:              6280 kB
Writeback:             0 kB
AnonPages:        916480 kB
Mapped:           456084 kB
Shmem:              1912 kB
Slab:              96884 kB
SReclaimable:      31704 kB
SUnreclaim:        65180 kB
KernelStack:       36848 kB
PageTables:        47892 kB
NFS_Unstable:          0 kB
Bounce:                0 kB
WritebackTmp:          0 kB
CommitLimit:     2152132 kB
Committed_AS:   121316188 kB
VmallocTotal:   251658176 kB
VmallocUsed:      135100 kB
VmallocChunk:   251419180 kB
Time pass: 3 sec

---2015-12-04 17:50:43
MemTotal:        2873608 kB
MemFree:           93352 kB
Buffers:           22348 kB
Cached:          1298024 kB
SwapCached:            0 kB
Active:          1321892 kB
Inactive:         923292 kB
Active(anon):     742032 kB
Inactive(anon):   192672 kB
Active(file):     579860 kB
Inactive(file):   730620 kB
Unevictable:        8104 kB
Mlocked:               0 kB
SwapTotal:        715328 kB
SwapFree:         715328 kB
Dirty:                28 kB
Writeback:           220 kB
AnonPages:        933336 kB
Mapped:           461864 kB
Shmem:              1788 kB
Slab:              96676 kB
SReclaimable:      31848 kB
SUnreclaim:        64828 kB
KernelStack:       36736 kB
PageTables:        48228 kB
NFS_Unstable:          0 kB
Bounce:                0 kB
WritebackTmp:          0 kB
CommitLimit:     2152132 kB
Committed_AS:   119035820 kB
VmallocTotal:   251658176 kB
VmallocUsed:      135100 kB
VmallocChunk:   251419180 kB
Time pass: 7 sec

---2015-12-04 17:50:43
MemTotal:        2873608 kB
MemFree:           93672 kB
Buffers:           22416 kB
Cached:          1297812 kB
SwapCached:            0 kB
Active:          1327708 kB
Inactive:         915184 kB
Active(anon):     739888 kB
Inactive(anon):   192468 kB
Active(file):     587820 kB
Inactive(file):   722716 kB
Unevictable:        8104 kB
Mlocked:               0 kB
SwapTotal:        715328 kB
SwapFree:         715328 kB
Dirty:              7124 kB
Writeback:             0 kB
AnonPages:        930916 kB
Mapped:           483672 kB
Shmem:              1588 kB
Slab:              96772 kB
SReclaimable:      31852 kB
SUnreclaim:        64920 kB
KernelStack:       36240 kB
PageTables:        48584 kB
NFS_Unstable:          0 kB
Bounce:                0 kB
WritebackTmp:          0 kB
CommitLimit:     2152132 kB
Committed_AS:   119217652 kB
VmallocTotal:   251658176 kB
VmallocUsed:      136256 kB
VmallocChunk:   251419180 kB
Time pass: 11 sec

---2015-12-04 17:50:43
MemTotal:        2873608 kB
MemFree:           88132 kB
Buffers:           23932 kB
Cached:          1290308 kB
SwapCached:            0 kB
Active:          1342376 kB
Inactive:         904724 kB
Active(anon):     750644 kB
Inactive(anon):   192716 kB
Active(file):     591732 kB
Inactive(file):   712008 kB
Unevictable:        8104 kB
Mlocked:               0 kB
SwapTotal:        715328 kB
SwapFree:         715328 kB
Dirty:              7288 kB
Writeback:             0 kB
AnonPages:        941884 kB
Mapped:           478248 kB
Shmem:              1848 kB
Slab:              97716 kB
SReclaimable:      32040 kB
SUnreclaim:        65676 kB
KernelStack:       37152 kB
PageTables:        48720 kB
NFS_Unstable:          0 kB
Bounce:                0 kB
WritebackTmp:          0 kB
CommitLimit:     2152132 kB
Committed_AS:   120492944 kB
VmallocTotal:   251658176 kB
VmallocUsed:      136616 kB
VmallocChunk:   251419180 kB
Time pass: 15 sec

---2015-12-04 17:50:43
MemTotal:        2873608 kB
MemFree:           79112 kB
Buffers:           23300 kB
Cached:          1219160 kB
SwapCached:            0 kB
Active:          1376148 kB
Inactive:         806636 kB
Active(anon):     762404 kB
Inactive(anon):   192848 kB
Active(file):     613744 kB
Inactive(file):   613788 kB
Unevictable:       13568 kB
Mlocked:               0 kB
SwapTotal:        715328 kB
SwapFree:         714252 kB
Dirty:              1372 kB
Writeback:             4 kB
AnonPages:        953768 kB
Mapped:           476484 kB
Shmem:              1504 kB
Slab:              98368 kB
SReclaimable:      32300 kB
SUnreclaim:        66068 kB
KernelStack:       38336 kB
PageTables:        49056 kB
NFS_Unstable:          0 kB
Bounce:                0 kB
WritebackTmp:          0 kB
CommitLimit:     2152132 kB
Committed_AS:   120547296 kB
VmallocTotal:   251658176 kB
VmallocUsed:      136936 kB
VmallocChunk:   251419180 kB
Time pass: 18 sec

---2015-12-04 17:50:43
MemTotal:        2873608 kB
MemFree:           84496 kB
Buffers:           23128 kB
Cached:          1158180 kB
SwapCached:            0 kB
Active:          1356632 kB
Inactive:         774028 kB
Active(anon):     767020 kB
Inactive(anon):   197228 kB
Active(file):     589612 kB
Inactive(file):   576800 kB
Unevictable:       13568 kB
Mlocked:               0 kB
SwapTotal:        715328 kB
SwapFree:         713704 kB
Dirty:               124 kB
Writeback:            12 kB
AnonPages:        963276 kB
Mapped:           520104 kB
Shmem:              1436 kB
Slab:              98156 kB
SReclaimable:      32084 kB
SUnreclaim:        66072 kB
KernelStack:       38464 kB
PageTables:        48284 kB
NFS_Unstable:          0 kB
Bounce:                0 kB
WritebackTmp:          0 kB
CommitLimit:     2152132 kB
Committed_AS:   116929000 kB
VmallocTotal:   251658176 kB
VmallocUsed:      135256 kB
VmallocChunk:   251419180 kB
Time pass: 22 sec

---2015-12-04 17:50:43
MemTotal:        2873608 kB
MemFree:          112436 kB
Buffers:           23280 kB
Cached:          1159420 kB
SwapCached:            0 kB
Active:          1332740 kB
Inactive:         771496 kB
Active(anon):     739324 kB
Inactive(anon):   196888 kB
Active(file):     593416 kB
Inactive(file):   574608 kB
Unevictable:       13568 kB
Mlocked:               0 kB
SwapTotal:        715328 kB
SwapFree:         713704 kB
Dirty:               340 kB
Writeback:             0 kB
AnonPages:        935796 kB
Mapped:           518536 kB
Shmem:              1108 kB
Slab:              98392 kB
SReclaimable:      32148 kB
SUnreclaim:        66244 kB
KernelStack:       38112 kB
PageTables:        50500 kB
NFS_Unstable:          0 kB
Bounce:                0 kB
WritebackTmp:          0 kB
CommitLimit:     2152132 kB
Committed_AS:   124045424 kB
VmallocTotal:   251658176 kB
VmallocUsed:      139176 kB
VmallocChunk:   251433516 kB
Time pass: 26 sec

---2015-12-04 17:50:43
MemTotal:        2873608 kB
MemFree:           75620 kB
Buffers:           23616 kB
Cached:          1160464 kB
SwapCached:            0 kB
Active:          1371708 kB
Inactive:         764768 kB
Active(anon):     770188 kB
Inactive(anon):   197080 kB
Active(file):     601520 kB
Inactive(file):   567688 kB
Unevictable:       13568 kB
Mlocked:               0 kB
SwapTotal:        715328 kB
SwapFree:         713704 kB
Dirty:               948 kB
Writeback:             0 kB
AnonPages:        966480 kB
Mapped:           539380 kB
Shmem:              1304 kB
Slab:              98168 kB
SReclaimable:      32172 kB
SUnreclaim:        65996 kB
KernelStack:       38208 kB
PageTables:        49556 kB
NFS_Unstable:          0 kB
Bounce:                0 kB
WritebackTmp:          0 kB
CommitLimit:     2152132 kB
Committed_AS:   119872020 kB
VmallocTotal:   251658176 kB
VmallocUsed:      136412 kB
VmallocChunk:   251433516 kB
Time pass: 30 sec

---2015-12-04 17:50:43
MemTotal:        2873608 kB
MemFree:           83320 kB
Buffers:           23508 kB
Cached:          1156040 kB
SwapCached:            0 kB
Active:          1357464 kB
Inactive:         772440 kB
Active(anon):     768332 kB
Inactive(anon):   196812 kB
Active(file):     589132 kB
Inactive(file):   575628 kB
Unevictable:       13568 kB
Mlocked:               0 kB
SwapTotal:        715328 kB
SwapFree:         713120 kB
Dirty:               220 kB
Writeback:             0 kB
AnonPages:        964136 kB
Mapped:           530864 kB
Shmem:              1124 kB
Slab:              98468 kB
SReclaimable:      32204 kB
SUnreclaim:        66264 kB
KernelStack:       38144 kB
PageTables:        49396 kB
NFS_Unstable:          0 kB
Bounce:                0 kB
WritebackTmp:          0 kB
CommitLimit:     2152132 kB
Committed_AS:   119844988 kB
VmallocTotal:   251658176 kB
VmallocUsed:      136412 kB
VmallocChunk:   251433516 kB
Time pass: 34 sec

---2015-12-04 17:50:43
MemTotal:        2873608 kB
MemFree:           65400 kB
Buffers:           22936 kB
Cached:          1132600 kB
SwapCached:            0 kB
Active:          1349020 kB
Inactive:         767504 kB
Active(anon):     779068 kB
Inactive(anon):   196240 kB
Active(file):     569952 kB
Inactive(file):   571264 kB
Unevictable:       13568 kB
Mlocked:               0 kB
SwapTotal:        715328 kB
SwapFree:         712616 kB
Dirty:                 0 kB
Writeback:            36 kB
AnonPages:        975036 kB
Mapped:           552004 kB
Shmem:               476 kB
Slab:              98724 kB
SReclaimable:      31756 kB
SUnreclaim:        66968 kB
KernelStack:       38880 kB
PageTables:        51324 kB
NFS_Unstable:          0 kB
Bounce:                0 kB
WritebackTmp:          0 kB
CommitLimit:     2152132 kB
Committed_AS:   125745440 kB
VmallocTotal:   251658176 kB
VmallocUsed:      139520 kB
VmallocChunk:   251433516 kB
Time pass: 37 sec

---2015-12-04 17:50:43
MemTotal:        2873608 kB
MemFree:           65384 kB
Buffers:           16664 kB
Cached:          1050484 kB
SwapCached:            0 kB
Active:          1349176 kB
Inactive:         731892 kB
Active(anon):     822676 kB
Inactive(anon):   205404 kB
Active(file):     526500 kB
Inactive(file):   526488 kB
Unevictable:       13568 kB
Mlocked:               0 kB
SwapTotal:        715328 kB
SwapFree:         711152 kB
Dirty:               636 kB
Writeback:             4 kB
AnonPages:       1028156 kB
Mapped:           557968 kB
Shmem:               496 kB
Slab:              96940 kB
SReclaimable:      29692 kB
SUnreclaim:        67248 kB
KernelStack:       38528 kB
PageTables:        52336 kB
NFS_Unstable:          0 kB
Bounce:                0 kB
WritebackTmp:          0 kB
CommitLimit:     2152132 kB
Committed_AS:   128776964 kB
VmallocTotal:   251658176 kB
VmallocUsed:      141588 kB
VmallocChunk:   251433516 kB
Time pass: 41 sec

---2015-12-04 17:50:43
MemTotal:        2873608 kB
MemFree:           65640 kB
Buffers:           16888 kB
Cached:          1028412 kB
SwapCached:            0 kB
Active:          1358372 kB
Inactive:         725624 kB
Active(anon):     842744 kB
Inactive(anon):   209968 kB
Active(file):     515628 kB
Inactive(file):   515656 kB
Unevictable:       13568 kB
Mlocked:               0 kB
SwapTotal:        715328 kB
SwapFree:         710816 kB
Dirty:               556 kB
Writeback:             0 kB
AnonPages:       1052188 kB
Mapped:           562232 kB
Shmem:               420 kB
Slab:              99272 kB
SReclaimable:      32056 kB
SUnreclaim:        67216 kB
KernelStack:       39360 kB
PageTables:        51484 kB
NFS_Unstable:          0 kB
Bounce:                0 kB
WritebackTmp:          0 kB
CommitLimit:     2152132 kB
Committed_AS:   123991700 kB
VmallocTotal:   251658176 kB
VmallocUsed:      139676 kB
VmallocChunk:   251433516 kB
Time pass: 45 sec

---2015-12-04 17:50:43
MemTotal:        2873608 kB
MemFree:           75256 kB
Buffers:           16296 kB
Cached:          1000788 kB
SwapCached:            0 kB
Active:          1321168 kB
Inactive:         712560 kB
Active(anon):     819684 kB
Inactive(anon):   210948 kB
Active(file):     501484 kB
Inactive(file):   501612 kB
Unevictable:       13568 kB
Mlocked:               0 kB
SwapTotal:        715328 kB
SwapFree:         710384 kB
Dirty:               884 kB
Writeback:             0 kB
AnonPages:       1030256 kB
Mapped:           610564 kB
Shmem:               420 kB
Slab:              99020 kB
SReclaimable:      31976 kB
SUnreclaim:        67044 kB
KernelStack:       39184 kB
PageTables:        51252 kB
NFS_Unstable:          0 kB
Bounce:                0 kB
WritebackTmp:          0 kB
CommitLimit:     2152132 kB
Committed_AS:   122780916 kB
VmallocTotal:   251658176 kB
VmallocUsed:      137848 kB
VmallocChunk:   251433516 kB
Time pass: 49 sec

---2015-12-04 17:50:43
MemTotal:        2873608 kB
MemFree:           77400 kB
Buffers:           16344 kB
Cached:          1001148 kB
SwapCached:            0 kB
Active:          1320096 kB
Inactive:         712548 kB
Active(anon):     818540 kB
Inactive(anon):   210632 kB
Active(file):     501556 kB
Inactive(file):   501916 kB
Unevictable:       13568 kB
Mlocked:               0 kB
SwapTotal:        715328 kB
SwapFree:         710384 kB
Dirty:                 0 kB
Writeback:             0 kB
AnonPages:       1028624 kB
Mapped:           610088 kB
Shmem:               416 kB
Slab:              99116 kB
SReclaimable:      31992 kB
SUnreclaim:        67124 kB
KernelStack:       39216 kB
PageTables:        50796 kB
NFS_Unstable:          0 kB
Bounce:                0 kB
WritebackTmp:          0 kB
CommitLimit:     2152132 kB
Committed_AS:   121545380 kB
VmallocTotal:   251658176 kB
VmallocUsed:      136828 kB
VmallocChunk:   251433516 kB
Time pass: 52 sec

---2015-12-04 17:50:43
MemTotal:        2873608 kB
MemFree:           78324 kB
Buffers:           16552 kB
Cached:          1001728 kB
SwapCached:            0 kB
Active:          1341372 kB
Inactive:         689860 kB
Active(anon):     816356 kB
Inactive(anon):   210612 kB
Active(file):     525016 kB
Inactive(file):   479248 kB
Unevictable:       13568 kB
Mlocked:               0 kB
SwapTotal:        715328 kB
SwapFree:         710384 kB
Dirty:               240 kB
Writeback:             0 kB
AnonPages:       1027228 kB
Mapped:           609932 kB
Shmem:               420 kB
Slab:              99060 kB
SReclaimable:      32008 kB
SUnreclaim:        67052 kB
KernelStack:       39088 kB
PageTables:        50912 kB
NFS_Unstable:          0 kB
Bounce:                0 kB
WritebackTmp:          0 kB
CommitLimit:     2152132 kB
Committed_AS:   121546128 kB
VmallocTotal:   251658176 kB
VmallocUsed:      136828 kB
VmallocChunk:   251433516 kB
Time pass: 56 sec

---2015-12-04 17:50:43
MemTotal:        2873608 kB
MemFree:           74116 kB
Buffers:           15952 kB
Cached:           990156 kB
SwapCached:            0 kB
Active:          1329940 kB
Inactive:         690768 kB
Active(anon):     818648 kB
Inactive(anon):   209944 kB
Active(file):     511292 kB
Inactive(file):   480824 kB
Unevictable:       13568 kB
Mlocked:               0 kB
SwapTotal:        715328 kB
SwapFree:         709764 kB
Dirty:               172 kB
Writeback:             8 kB
AnonPages:       1028056 kB
Mapped:           619876 kB
Shmem:               420 kB
Slab:              99016 kB
SReclaimable:      31948 kB
SUnreclaim:        67068 kB
KernelStack:       39296 kB
PageTables:        50976 kB
NFS_Unstable:          0 kB
Bounce:                0 kB
WritebackTmp:          0 kB
CommitLimit:     2152132 kB
Committed_AS:   121546256 kB
VmallocTotal:   251658176 kB
VmallocUsed:      136968 kB
VmallocChunk:   251433516 kB
Time pass: 60 sec

---2015-12-04 17:50:43
MemTotal:        2873608 kB
MemFree:           72244 kB
Buffers:           15960 kB
Cached:           990468 kB
SwapCached:            0 kB
Active:          1332268 kB
Inactive:         691040 kB
Active(anon):     820976 kB
Inactive(anon):   209944 kB
Active(file):     511292 kB
Inactive(file):   481096 kB
Unevictable:       13568 kB
Mlocked:               0 kB
SwapTotal:        715328 kB
SwapFree:         709764 kB
Dirty:                40 kB
Writeback:           220 kB
AnonPages:       1030532 kB
Mapped:           619932 kB
Shmem:               420 kB
Slab:              99300 kB
SReclaimable:      31948 kB
SUnreclaim:        67352 kB
KernelStack:       39264 kB
PageTables:        50976 kB
NFS_Unstable:          0 kB
Bounce:                0 kB
WritebackTmp:          0 kB
CommitLimit:     2152132 kB
Committed_AS:   121546264 kB
VmallocTotal:   251658176 kB
VmallocUsed:      136968 kB
VmallocChunk:   251433516 kB
Time pass: 64 sec

---2015-12-04 17:50:43
MemTotal:        2873608 kB
MemFree:           73716 kB
Buffers:           15968 kB
Cached:           990472 kB
SwapCached:            0 kB
Active:          1329912 kB
Inactive:         691100 kB
Active(anon):     818620 kB
Inactive(anon):   209944 kB
Active(file):     511292 kB
Inactive(file):   481156 kB
Unevictable:       13568 kB
Mlocked:               0 kB
SwapTotal:        715328 kB
SwapFree:         709764 kB
Dirty:                88 kB
Writeback:             0 kB
AnonPages:       1028072 kB
Mapped:           620160 kB
Shmem:               420 kB
Slab:              99176 kB
SReclaimable:      31948 kB
SUnreclaim:        67228 kB
KernelStack:       39264 kB
PageTables:        50968 kB
NFS_Unstable:          0 kB
Bounce:                0 kB
WritebackTmp:          0 kB
CommitLimit:     2152132 kB
Committed_AS:   121546224 kB
VmallocTotal:   251658176 kB
VmallocUsed:      136968 kB
VmallocChunk:   251433516 kB
Time pass: 67 sec

---2015-12-04 17:50:43
MemTotal:        2873608 kB
MemFree:           74356 kB
Buffers:           15988 kB
Cached:           990452 kB
SwapCached:            0 kB
Active:          1330124 kB
Inactive:         691104 kB
Active(anon):     818832 kB
Inactive(anon):   209944 kB
Active(file):     511292 kB
Inactive(file):   481160 kB
Unevictable:       13568 kB
Mlocked:               0 kB
SwapTotal:        715328 kB
SwapFree:         709764 kB
Dirty:                 0 kB
Writeback:             0 kB
AnonPages:       1028276 kB
Mapped:           620248 kB
Shmem:               420 kB
Slab:              99012 kB
SReclaimable:      31948 kB
SUnreclaim:        67064 kB
KernelStack:       39248 kB
PageTables:        51000 kB
NFS_Unstable:          0 kB
Bounce:                0 kB
WritebackTmp:          0 kB
CommitLimit:     2152132 kB
Committed_AS:   121546184 kB
VmallocTotal:   251658176 kB
VmallocUsed:      136968 kB
VmallocChunk:   251433516 kB
Time pass: 71 sec

---2015-12-04 17:50:43
MemTotal:        2873608 kB
MemFree:           72888 kB
Buffers:           15988 kB
Cached:           990472 kB
SwapCached:            0 kB
Active:          1330292 kB
Inactive:         691124 kB
Active(anon):     819000 kB
Inactive(anon):   209944 kB
Active(file):     511292 kB
Inactive(file):   481180 kB
Unevictable:       13568 kB
Mlocked:               0 kB
SwapTotal:        715328 kB
SwapFree:         709764 kB
Dirty:                16 kB
Writeback:             0 kB
AnonPages:       1028524 kB
Mapped:           620176 kB
Shmem:               420 kB
Slab:              99012 kB
SReclaimable:      31948 kB
SUnreclaim:        67064 kB
KernelStack:       39248 kB
PageTables:        50968 kB
NFS_Unstable:          0 kB
Bounce:                0 kB
WritebackTmp:          0 kB
CommitLimit:     2152132 kB
Committed_AS:   121546200 kB
VmallocTotal:   251658176 kB
VmallocUsed:      136980 kB
VmallocChunk:   251433516 kB
Time pass: 75 sec

---2015-12-04 17:50:43
MemTotal:        2873608 kB
MemFree:           72652 kB
Buffers:           16004 kB
Cached:           990480 kB
SwapCached:            0 kB
Active:          1330192 kB
Inactive:         691144 kB
Active(anon):     818900 kB
Inactive(anon):   209944 kB
Active(file):     511292 kB
Inactive(file):   481200 kB
Unevictable:       13568 kB
Mlocked:               0 kB
SwapTotal:        715328 kB
SwapFree:         709764 kB
Dirty:                32 kB
Writeback:             0 kB
AnonPages:       1028564 kB
Mapped:           620112 kB
Shmem:               420 kB
Slab:              99012 kB
SReclaimable:      31948 kB
SUnreclaim:        67064 kB
KernelStack:       39168 kB
PageTables:        50940 kB
NFS_Unstable:          0 kB
Bounce:                0 kB
WritebackTmp:          0 kB
CommitLimit:     2152132 kB
Committed_AS:   121546080 kB
VmallocTotal:   251658176 kB
VmallocUsed:      136980 kB
VmallocChunk:   251433516 kB
Time pass: 79 sec

---2015-12-04 17:50:43
MemTotal:        2873608 kB
MemFree:           70948 kB
Buffers:           16020 kB
Cached:           990468 kB
SwapCached:            0 kB
Active:          1332320 kB
Inactive:         691148 kB
Active(anon):     821028 kB
Inactive(anon):   209944 kB
Active(file):     511292 kB
Inactive(file):   481204 kB
Unevictable:       13568 kB
Mlocked:               0 kB
SwapTotal:        715328 kB
SwapFree:         709764 kB
Dirty:                 0 kB
Writeback:             8 kB
AnonPages:       1030724 kB
Mapped:           620156 kB
Shmem:               420 kB
Slab:              99028 kB
SReclaimable:      31948 kB
SUnreclaim:        67080 kB
KernelStack:       39136 kB
PageTables:        50972 kB
NFS_Unstable:          0 kB
Bounce:                0 kB
WritebackTmp:          0 kB
CommitLimit:     2152132 kB
Committed_AS:   121546072 kB
VmallocTotal:   251658176 kB
VmallocUsed:      136980 kB
VmallocChunk:   251433516 kB
Time pass: 83 sec

---2015-12-04 17:50:43
MemTotal:        2873608 kB
MemFree:           75964 kB
Buffers:           16020 kB
Cached:           990480 kB
SwapCached:            0 kB
Active:          1327728 kB
Inactive:         691164 kB
Active(anon):     816436 kB
Inactive(anon):   209944 kB
Active(file):     511292 kB
Inactive(file):   481220 kB
Unevictable:       13568 kB
Mlocked:               0 kB
SwapTotal:        715328 kB
SwapFree:         709764 kB
Dirty:                52 kB
Writeback:             0 kB
AnonPages:       1026168 kB
Mapped:           620160 kB
Shmem:               420 kB
Slab:              99052 kB
SReclaimable:      31964 kB
SUnreclaim:        67088 kB
KernelStack:       39024 kB
PageTables:        50360 kB
NFS_Unstable:          0 kB
Bounce:                0 kB
WritebackTmp:          0 kB
CommitLimit:     2152132 kB
Committed_AS:   119763196 kB
VmallocTotal:   251658176 kB
VmallocUsed:      135960 kB
VmallocChunk:   251433516 kB
Time pass: 87 sec

---2015-12-04 17:50:43
MemTotal:        2873608 kB
MemFree:           75796 kB
Buffers:           16028 kB
Cached:           990480 kB
SwapCached:            0 kB
Active:          1327856 kB
Inactive:         691164 kB
Active(anon):     816564 kB
Inactive(anon):   209944 kB
Active(file):     511292 kB
Inactive(file):   481220 kB
Unevictable:       13568 kB
Mlocked:               0 kB
SwapTotal:        715328 kB
SwapFree:         709764 kB
Dirty:                32 kB
Writeback:             0 kB
AnonPages:       1026120 kB
Mapped:           620204 kB
Shmem:               420 kB
Slab:              99072 kB
SReclaimable:      31964 kB
SUnreclaim:        67108 kB
KernelStack:       38816 kB
PageTables:        50360 kB
NFS_Unstable:          0 kB
Bounce:                0 kB
WritebackTmp:          0 kB
CommitLimit:     2152132 kB
Committed_AS:   119763172 kB
VmallocTotal:   251658176 kB
VmallocUsed:      135960 kB
VmallocChunk:   251433516 kB
Time pass: 90 sec

---2015-12-04 17:50:43
MemTotal:        2873608 kB
MemFree:          258524 kB
Buffers:           14872 kB
Cached:           968836 kB
SwapCached:            0 kB
Active:          1241724 kB
Inactive:         688164 kB
Active(anon):     751612 kB
Inactive(anon):   208424 kB
Active(file):     490112 kB
Inactive(file):   479740 kB
Unevictable:       13568 kB
Mlocked:               0 kB
SwapTotal:        715328 kB
SwapFree:         708860 kB
Dirty:               124 kB
Writeback:             0 kB
AnonPages:        959896 kB
Mapped:           478576 kB
Shmem:               284 kB
Slab:              99252 kB
SReclaimable:      32384 kB
SUnreclaim:        66868 kB
KernelStack:       37760 kB
PageTables:        48292 kB
NFS_Unstable:          0 kB
Bounce:                0 kB
WritebackTmp:          0 kB
CommitLimit:     2152132 kB
Committed_AS:   120096988 kB
VmallocTotal:   251658176 kB
VmallocUsed:      134144 kB
VmallocChunk:   251433516 kB
Time pass: 94 sec

---2015-12-04 17:50:43
MemTotal:        2873608 kB
MemFree:          263652 kB
Buffers:           14888 kB
Cached:           969024 kB
SwapCached:            0 kB
Active:          1237404 kB
Inactive:         688256 kB
Active(anon):     747176 kB
Inactive(anon):   208424 kB
Active(file):     490228 kB
Inactive(file):   479832 kB
Unevictable:       13568 kB
Mlocked:               0 kB
SwapTotal:        715328 kB
SwapFree:         708860 kB
Dirty:               168 kB
Writeback:             0 kB
AnonPages:        955248 kB
Mapped:           477364 kB
Shmem:               284 kB
Slab:              99280 kB
SReclaimable:      32320 kB
SUnreclaim:        66960 kB
KernelStack:       37264 kB
PageTables:        48204 kB
NFS_Unstable:          0 kB
Bounce:                0 kB
WritebackTmp:          0 kB
CommitLimit:     2152132 kB
Committed_AS:   116610028 kB
VmallocTotal:   251658176 kB
VmallocUsed:      133124 kB
VmallocChunk:   251433516 kB
Time pass: 98 sec

---2015-12-04 17:50:43
MemTotal:        2873608 kB
MemFree:          277680 kB
Buffers:           15140 kB
Cached:           973044 kB
SwapCached:            0 kB
Active:          1266432 kB
Inactive:         687412 kB
Active(anon):     771032 kB
Inactive(anon):   209412 kB
Active(file):     495400 kB
Inactive(file):   478000 kB
Unevictable:       13568 kB
Mlocked:               0 kB
SwapTotal:        715328 kB
SwapFree:         708860 kB
Dirty:              1136 kB
Writeback:             0 kB
AnonPages:        979248 kB
Mapped:           466768 kB
Shmem:              1280 kB
Slab:              99148 kB
SReclaimable:      32160 kB
SUnreclaim:        66988 kB
KernelStack:       38128 kB
PageTables:        49060 kB
NFS_Unstable:          0 kB
Bounce:                0 kB
WritebackTmp:          0 kB
CommitLimit:     2152132 kB
Committed_AS:   117913308 kB
VmallocTotal:   251658176 kB
VmallocUsed:      133584 kB
VmallocChunk:   251433516 kB
Time pass: 101 sec

---2015-12-04 17:50:43
MemTotal:        2873608 kB
MemFree:          173932 kB
Buffers:           15192 kB
Cached:           973572 kB
SwapCached:            0 kB
Active:          1300480 kB
Inactive:         686460 kB
Active(anon):     803628 kB
Inactive(anon):   208544 kB
Active(file):     496852 kB
Inactive(file):   477916 kB
Unevictable:       13568 kB
Mlocked:               0 kB
SwapTotal:        715328 kB
SwapFree:         708860 kB
Dirty:              2604 kB
Writeback:            32 kB
AnonPages:       1012160 kB
Mapped:           541012 kB
Shmem:               420 kB
Slab:              99068 kB
SReclaimable:      32128 kB
SUnreclaim:        66940 kB
KernelStack:       38560 kB
PageTables:        49472 kB
NFS_Unstable:          0 kB
Bounce:                0 kB
WritebackTmp:          0 kB
CommitLimit:     2152132 kB
Committed_AS:   117943128 kB
VmallocTotal:   251658176 kB
VmallocUsed:      134204 kB
VmallocChunk:   251433516 kB
Time pass: 105 sec

---2015-12-04 17:50:43
MemTotal:        2873608 kB
MemFree:          114008 kB
Buffers:           15204 kB
Cached:           974456 kB
SwapCached:            0 kB
Active:          1303828 kB
Inactive:         686036 kB
Active(anon):     805656 kB
Inactive(anon):   208544 kB
Active(file):     498172 kB
Inactive(file):   477492 kB
Unevictable:       13568 kB
Mlocked:               0 kB
SwapTotal:        715328 kB
SwapFree:         708860 kB
Dirty:               976 kB
Writeback:             0 kB
AnonPages:       1013760 kB
Mapped:           590160 kB
Shmem:               420 kB
Slab:              98968 kB
SReclaimable:      32016 kB
SUnreclaim:        66952 kB
KernelStack:       38512 kB
PageTables:        49568 kB
NFS_Unstable:          0 kB
Bounce:                0 kB
WritebackTmp:          0 kB
CommitLimit:     2152132 kB
Committed_AS:   117959080 kB
VmallocTotal:   251658176 kB
VmallocUsed:      134624 kB
VmallocChunk:   251433516 kB
Time pass: 109 sec

---2015-12-04 17:50:43
MemTotal:        2873608 kB
MemFree:           91920 kB
Buffers:           15204 kB
Cached:           975336 kB
SwapCached:            0 kB
Active:          1316504 kB
Inactive:         686752 kB
Active(anon):     818168 kB
Inactive(anon):   208544 kB
Active(file):     498336 kB
Inactive(file):   478208 kB
Unevictable:       13568 kB
Mlocked:               0 kB
SwapTotal:        715328 kB
SwapFree:         708860 kB
Dirty:               232 kB
Writeback:             0 kB
AnonPages:       1026588 kB
Mapped:           593004 kB
Shmem:               420 kB
Slab:              98992 kB
SReclaimable:      32016 kB
SUnreclaim:        66976 kB
KernelStack:       38752 kB
PageTables:        50144 kB
NFS_Unstable:          0 kB
Bounce:                0 kB
WritebackTmp:          0 kB
CommitLimit:     2152132 kB
Committed_AS:   119741696 kB
VmallocTotal:   251658176 kB
VmallocUsed:      135712 kB
VmallocChunk:   251433516 kB
Time pass: 112 sec

---2015-12-04 17:50:43
MemTotal:        2873608 kB
MemFree:           90728 kB
Buffers:           15212 kB
Cached:           975336 kB
SwapCached:            0 kB
Active:          1308564 kB
Inactive:         686752 kB
Active(anon):     810228 kB
Inactive(anon):   208544 kB
Active(file):     498336 kB
Inactive(file):   478208 kB
Unevictable:       13568 kB
Mlocked:               0 kB
SwapTotal:        715328 kB
SwapFree:         708860 kB
Dirty:                52 kB
Writeback:             0 kB
AnonPages:       1018424 kB
Mapped:           601348 kB
Shmem:               420 kB
Slab:              98992 kB
SReclaimable:      32016 kB
SUnreclaim:        66976 kB
KernelStack:       38736 kB
PageTables:        50168 kB
NFS_Unstable:          0 kB
Bounce:                0 kB
WritebackTmp:          0 kB
CommitLimit:     2152132 kB
Committed_AS:   119741808 kB
VmallocTotal:   251658176 kB
VmallocUsed:      135780 kB
VmallocChunk:   251433516 kB
Time pass: 116 sec

---2015-12-04 17:50:43
MemTotal:        2873608 kB
MemFree:           71232 kB
Buffers:           15188 kB
Cached:           964912 kB
SwapCached:            0 kB
Active:          1313364 kB
Inactive:         678520 kB
Active(anon):     817940 kB
Inactive(anon):   207832 kB
Active(file):     495424 kB
Inactive(file):   470688 kB
Unevictable:       13568 kB
Mlocked:               0 kB
SwapTotal:        715328 kB
SwapFree:         708380 kB
Dirty:               572 kB
Writeback:             0 kB
AnonPages:       1025440 kB
Mapped:           616920 kB
Shmem:               420 kB
Slab:              99028 kB
SReclaimable:      32016 kB
SUnreclaim:        67012 kB
KernelStack:       38768 kB
PageTables:        50156 kB
NFS_Unstable:          0 kB
Bounce:                0 kB
WritebackTmp:          0 kB
CommitLimit:     2152132 kB
Committed_AS:   119742360 kB
VmallocTotal:   251658176 kB
VmallocUsed:      135968 kB
VmallocChunk:   251433516 kB
Time pass: 120 sec

---2015-12-04 17:50:43
MemTotal:        2873608 kB
MemFree:           71376 kB
Buffers:           15196 kB
Cached:           964912 kB
SwapCached:            0 kB
Active:          1313204 kB
Inactive:         678528 kB
Active(anon):     817780 kB
Inactive(anon):   207832 kB
Active(file):     495424 kB
Inactive(file):   470696 kB
Unevictable:       13568 kB
Mlocked:               0 kB
SwapTotal:        715328 kB
SwapFree:         708380 kB
Dirty:                60 kB
Writeback:             0 kB
AnonPages:       1025272 kB
Mapped:           616932 kB
Shmem:               420 kB
Slab:              99176 kB
SReclaimable:      32016 kB
SUnreclaim:        67160 kB
KernelStack:       38768 kB
PageTables:        50156 kB
NFS_Unstable:          0 kB
Bounce:                0 kB
WritebackTmp:          0 kB
CommitLimit:     2152132 kB
Committed_AS:   119742480 kB
VmallocTotal:   251658176 kB
VmallocUsed:      135968 kB
VmallocChunk:   251433516 kB
Time pass: 124 sec

---2015-12-04 17:50:43
MemTotal:        2873608 kB
MemFree:           71280 kB
Buffers:           15196 kB
Cached:           964912 kB
SwapCached:            0 kB
Active:          1313448 kB
Inactive:         678528 kB
Active(anon):     818024 kB
Inactive(anon):   207832 kB
Active(file):     495424 kB
Inactive(file):   470696 kB
Unevictable:       13568 kB
Mlocked:               0 kB
SwapTotal:        715328 kB
SwapFree:         708380 kB
Dirty:                 0 kB
Writeback:             0 kB
AnonPages:       1025508 kB
Mapped:           617024 kB
Shmem:               420 kB
Slab:              99196 kB
SReclaimable:      32016 kB
SUnreclaim:        67180 kB
KernelStack:       38768 kB
PageTables:        50184 kB
NFS_Unstable:          0 kB
Bounce:                0 kB
WritebackTmp:          0 kB
CommitLimit:     2152132 kB
Committed_AS:   119742360 kB
VmallocTotal:   251658176 kB
VmallocUsed:      135968 kB
VmallocChunk:   251433516 kB
Time pass: 128 sec

---2015-12-04 17:50:43
MemTotal:        2873608 kB
MemFree:           83884 kB
Buffers:           17456 kB
Cached:           965320 kB
SwapCached:            0 kB
Active:          1304120 kB
Inactive:         677992 kB
Active(anon):     805512 kB
Inactive(anon):   207832 kB
Active(file):     498608 kB
Inactive(file):   470160 kB
Unevictable:       13568 kB
Mlocked:               0 kB
SwapTotal:        715328 kB
SwapFree:         708380 kB
Dirty:               204 kB
Writeback:             0 kB
AnonPages:       1012860 kB
Mapped:           614816 kB
Shmem:               420 kB
Slab:              99064 kB
SReclaimable:      32016 kB
SUnreclaim:        67048 kB
KernelStack:       38352 kB
PageTables:        50080 kB
NFS_Unstable:          0 kB
Bounce:                0 kB
WritebackTmp:          0 kB
CommitLimit:     2152132 kB
Committed_AS:   120273948 kB
VmallocTotal:   251658176 kB
VmallocUsed:      135808 kB
VmallocChunk:   251433516 kB
Time pass: 131 sec

---2015-12-04 17:50:43
MemTotal:        2873608 kB
MemFree:           73952 kB
Buffers:           17472 kB
Cached:           968948 kB
SwapCached:            0 kB
Active:          1310584 kB
Inactive:         681600 kB
Active(anon):     811920 kB
Inactive(anon):   207832 kB
Active(file):     498664 kB
Inactive(file):   473768 kB
Unevictable:       13568 kB
Mlocked:               0 kB
SwapTotal:        715328 kB
SwapFree:         708380 kB
Dirty:               312 kB
Writeback:             0 kB
AnonPages:       1019392 kB
Mapped:           618924 kB
Shmem:               420 kB
Slab:              99096 kB
SReclaimable:      32016 kB
SUnreclaim:        67080 kB
KernelStack:       38480 kB
PageTables:        50120 kB
NFS_Unstable:          0 kB
Bounce:                0 kB
WritebackTmp:          0 kB
CommitLimit:     2152132 kB
Committed_AS:   120274020 kB
VmallocTotal:   251658176 kB
VmallocUsed:      135808 kB
VmallocChunk:   251433516 kB
Time pass: 135 sec

---2015-12-04 17:50:43
MemTotal:        2873608 kB
MemFree:           70428 kB
Buffers:           17520 kB
Cached:           966572 kB
SwapCached:           16 kB
Active:          1313568 kB
Inactive:         681704 kB
Active(anon):     817776 kB
Inactive(anon):   207572 kB
Active(file):     495792 kB
Inactive(file):   474132 kB
Unevictable:       13568 kB
Mlocked:               0 kB
SwapTotal:        715328 kB
SwapFree:         708084 kB
Dirty:                 0 kB
Writeback:             0 kB
AnonPages:       1024988 kB
Mapped:           619620 kB
Shmem:               560 kB
Slab:              98976 kB
SReclaimable:      31872 kB
SUnreclaim:        67104 kB
KernelStack:       38672 kB
PageTables:        49896 kB
NFS_Unstable:          0 kB
Bounce:                0 kB
WritebackTmp:          0 kB
CommitLimit:     2152132 kB
Committed_AS:   119073728 kB
VmallocTotal:   251658176 kB
VmallocUsed:      137220 kB
VmallocChunk:   251433516 kB
Time pass: 139 sec

---2015-12-04 17:50:43
MemTotal:        2873608 kB
MemFree:           69152 kB
Buffers:           17520 kB
Cached:           966600 kB
SwapCached:           16 kB
Active:          1314984 kB
Inactive:         681772 kB
Active(anon):     819192 kB
Inactive(anon):   207584 kB
Active(file):     495792 kB
Inactive(file):   474188 kB
Unevictable:       13568 kB
Mlocked:               0 kB
SwapTotal:        715328 kB
SwapFree:         708084 kB
Dirty:                72 kB
Writeback:             0 kB
AnonPages:       1026368 kB
Mapped:           619904 kB
Shmem:               572 kB
Slab:              99032 kB
SReclaimable:      31872 kB
SUnreclaim:        67160 kB
KernelStack:       38592 kB
PageTables:        49868 kB
NFS_Unstable:          0 kB
Bounce:                0 kB
WritebackTmp:          0 kB
CommitLimit:     2152132 kB
Committed_AS:   119073800 kB
VmallocTotal:   251658176 kB
VmallocUsed:      137220 kB
VmallocChunk:   251433516 kB
Time pass: 143 sec

---2015-12-04 17:50:43
MemTotal:        2873608 kB
MemFree:           69240 kB
Buffers:           17528 kB
Cached:           966664 kB
SwapCached:           16 kB
Active:          1314792 kB
Inactive:         681844 kB
Active(anon):     819000 kB
Inactive(anon):   207648 kB
Active(file):     495792 kB
Inactive(file):   474196 kB
Unevictable:       13568 kB
Mlocked:               0 kB
SwapTotal:        715328 kB
SwapFree:         708084 kB
Dirty:                32 kB
Writeback:             0 kB
AnonPages:       1026264 kB
Mapped:           619976 kB
Shmem:               636 kB
Slab:              98880 kB
SReclaimable:      31872 kB
SUnreclaim:        67008 kB
KernelStack:       38560 kB
PageTables:        49860 kB
NFS_Unstable:          0 kB
Bounce:                0 kB
WritebackTmp:          0 kB
CommitLimit:     2152132 kB
Committed_AS:   119073768 kB
VmallocTotal:   251658176 kB
VmallocUsed:      137220 kB
VmallocChunk:   251433516 kB
Time pass: 147 sec

---2015-12-04 17:50:43
MemTotal:        2873608 kB
MemFree:           68320 kB
Buffers:           17528 kB
Cached:           966668 kB
SwapCached:           16 kB
Active:          1315212 kB
Inactive:         681844 kB
Active(anon):     819420 kB
Inactive(anon):   207648 kB
Active(file):     495792 kB
Inactive(file):   474196 kB
Unevictable:       13568 kB
Mlocked:               0 kB
SwapTotal:        715328 kB
SwapFree:         708084 kB
Dirty:                 0 kB
Writeback:             0 kB
AnonPages:       1026380 kB
Mapped:           620044 kB
Shmem:               640 kB
Slab:              98892 kB
SReclaimable:      31872 kB
SUnreclaim:        67020 kB
KernelStack:       38560 kB
PageTables:        49880 kB
NFS_Unstable:          0 kB
Bounce:                0 kB
WritebackTmp:          0 kB
CommitLimit:     2152132 kB
Committed_AS:   119073776 kB
VmallocTotal:   251658176 kB
VmallocUsed:      137220 kB
VmallocChunk:   251433516 kB
Time pass: 150 sec

---2015-12-04 17:50:43
MemTotal:        2873608 kB
MemFree:           68852 kB
Buffers:           17528 kB
Cached:           966668 kB
SwapCached:           16 kB
Active:          1315136 kB
Inactive:         681844 kB
Active(anon):     819344 kB
Inactive(anon):   207648 kB
Active(file):     495792 kB
Inactive(file):   474196 kB
Unevictable:       13568 kB
Mlocked:               0 kB
SwapTotal:        715328 kB
SwapFree:         708084 kB
Dirty:                 4 kB
Writeback:             0 kB
AnonPages:       1026348 kB
Mapped:           619904 kB
Shmem:               640 kB
Slab:              98880 kB
SReclaimable:      31872 kB
SUnreclaim:        67008 kB
KernelStack:       38560 kB
PageTables:        49920 kB
NFS_Unstable:          0 kB
Bounce:                0 kB
WritebackTmp:          0 kB
CommitLimit:     2152132 kB
Committed_AS:   119073768 kB
VmallocTotal:   251658176 kB
VmallocUsed:      137220 kB
VmallocChunk:   251433516 kB
Time pass: 154 sec

---2015-12-04 17:50:43
MemTotal:        2873608 kB
MemFree:           69120 kB
Buffers:           17536 kB
Cached:           966660 kB
SwapCached:           16 kB
Active:          1315392 kB
Inactive:         681844 kB
Active(anon):     819600 kB
Inactive(anon):   207648 kB
Active(file):     495792 kB
Inactive(file):   474196 kB
Unevictable:       13568 kB
Mlocked:               0 kB
SwapTotal:        715328 kB
SwapFree:         708084 kB
Dirty:                 4 kB
Writeback:             0 kB
AnonPages:       1026356 kB
Mapped:           620032 kB
Shmem:               640 kB
Slab:              99004 kB
SReclaimable:      31872 kB
SUnreclaim:        67132 kB
KernelStack:       38560 kB
PageTables:        49856 kB
NFS_Unstable:          0 kB
Bounce:                0 kB
WritebackTmp:          0 kB
CommitLimit:     2152132 kB
Committed_AS:   119073788 kB
VmallocTotal:   251658176 kB
VmallocUsed:      137220 kB
VmallocChunk:   251433516 kB
Time pass: 158 sec

---2015-12-04 17:50:43
MemTotal:        2873608 kB
MemFree:           68340 kB
Buffers:           17536 kB
Cached:           966668 kB
SwapCached:           16 kB
Active:          1315452 kB
Inactive:         681852 kB
Active(anon):     819660 kB
Inactive(anon):   207648 kB
Active(file):     495792 kB
Inactive(file):   474204 kB
Unevictable:       13568 kB
Mlocked:               0 kB
SwapTotal:        715328 kB
SwapFree:         708084 kB
Dirty:                 4 kB
Writeback:             0 kB
AnonPages:       1026668 kB
Mapped:           620148 kB
Shmem:               640 kB
Slab:              99004 kB
SReclaimable:      31872 kB
SUnreclaim:        67132 kB
KernelStack:       38544 kB
PageTables:        49884 kB
NFS_Unstable:          0 kB
Bounce:                0 kB
WritebackTmp:          0 kB
CommitLimit:     2152132 kB
Committed_AS:   119073752 kB
VmallocTotal:   251658176 kB
VmallocUsed:      137220 kB
VmallocChunk:   251433516 kB
Time pass: 162 sec

---2015-12-04 17:50:43
MemTotal:        2873608 kB
MemFree:           68468 kB
Buffers:           17544 kB
Cached:           966652 kB
SwapCached:           16 kB
Active:          1315784 kB
Inactive:         681860 kB
Active(anon):     820008 kB
Inactive(anon):   207648 kB
Active(file):     495776 kB
Inactive(file):   474212 kB
Unevictable:       13568 kB
Mlocked:               0 kB
SwapTotal:        715328 kB
SwapFree:         708084 kB
Dirty:                52 kB
Writeback:             0 kB
AnonPages:       1026896 kB
Mapped:           620072 kB
Shmem:               640 kB
Slab:              98868 kB
SReclaimable:      31872 kB
SUnreclaim:        66996 kB
KernelStack:       38448 kB
PageTables:        49844 kB
NFS_Unstable:          0 kB
Bounce:                0 kB
WritebackTmp:          0 kB
CommitLimit:     2152132 kB
Committed_AS:   119073560 kB
VmallocTotal:   251658176 kB
VmallocUsed:      137220 kB
VmallocChunk:   251433516 kB
Time pass: 165 sec

---2015-12-04 17:50:43
MemTotal:        2873608 kB
MemFree:           68728 kB
Buffers:           17544 kB
Cached:           966660 kB
SwapCached:           16 kB
Active:          1315556 kB
Inactive:         681868 kB
Active(anon):     819780 kB
Inactive(anon):   207648 kB
Active(file):     495776 kB
Inactive(file):   474220 kB
Unevictable:       13568 kB
Mlocked:               0 kB
SwapTotal:        715328 kB
SwapFree:         708084 kB
Dirty:                 0 kB
Writeback:             0 kB
AnonPages:       1026840 kB
Mapped:           620080 kB
Shmem:               640 kB
Slab:              98868 kB
SReclaimable:      31872 kB
SUnreclaim:        66996 kB
KernelStack:       38416 kB
PageTables:        49848 kB
NFS_Unstable:          0 kB
Bounce:                0 kB
WritebackTmp:          0 kB
CommitLimit:     2152132 kB
Committed_AS:   119073512 kB
VmallocTotal:   251658176 kB
VmallocUsed:      137220 kB
VmallocChunk:   251433516 kB
Time pass: 169 sec

---2015-12-04 17:50:43
MemTotal:        2873608 kB
MemFree:           63928 kB
Buffers:           17592 kB
Cached:           966600 kB
SwapCached:           16 kB
Active:          1319724 kB
Inactive:         681848 kB
Active(anon):     823948 kB
Inactive(anon):   207592 kB
Active(file):     495776 kB
Inactive(file):   474256 kB
Unevictable:       13568 kB
Mlocked:               0 kB
SwapTotal:        715328 kB
SwapFree:         708084 kB
Dirty:                52 kB
Writeback:             0 kB
AnonPages:       1030840 kB
Mapped:           620088 kB
Shmem:               592 kB
Slab:              98844 kB
SReclaimable:      31872 kB
SUnreclaim:        66972 kB
KernelStack:       38528 kB
PageTables:        49896 kB
NFS_Unstable:          0 kB
Bounce:                0 kB
WritebackTmp:          0 kB
CommitLimit:     2152132 kB
Committed_AS:   119085820 kB
VmallocTotal:   251658176 kB
VmallocUsed:      137220 kB
VmallocChunk:   251433516 kB
Time pass: 173 sec

---2015-12-04 17:50:43
MemTotal:        2873608 kB
MemFree:           69612 kB
Buffers:           17516 kB
Cached:           960740 kB
SwapCached:           16 kB
Active:          1318464 kB
Inactive:         677884 kB
Active(anon):     825068 kB
Inactive(anon):   207248 kB
Active(file):     493396 kB
Inactive(file):   470636 kB
Unevictable:       13568 kB
Mlocked:               0 kB
SwapTotal:        715328 kB
SwapFree:         707776 kB
Dirty:                64 kB
Writeback:             0 kB
AnonPages:       1031540 kB
Mapped:           620004 kB
Shmem:               656 kB
Slab:              98868 kB
SReclaimable:      31904 kB
SUnreclaim:        66964 kB
KernelStack:       38512 kB
PageTables:        49932 kB
NFS_Unstable:          0 kB
Bounce:                0 kB
WritebackTmp:          0 kB
CommitLimit:     2152132 kB
Committed_AS:   119085920 kB
VmallocTotal:   251658176 kB
VmallocUsed:      137220 kB
VmallocChunk:   251433516 kB
Time pass: 177 sec

---2015-12-04 17:50:43
MemTotal:        2873608 kB
MemFree:           69624 kB
Buffers:           17524 kB
Cached:           960768 kB
SwapCached:           16 kB
Active:          1318480 kB
Inactive:         677916 kB
Active(anon):     825080 kB
Inactive(anon):   207272 kB
Active(file):     493400 kB
Inactive(file):   470644 kB
Unevictable:       13568 kB
Mlocked:               0 kB
SwapTotal:        715328 kB
SwapFree:         707776 kB
Dirty:                48 kB
Writeback:             0 kB
AnonPages:       1031724 kB
Mapped:           620036 kB
Shmem:               680 kB
Slab:              98864 kB
SReclaimable:      31904 kB
SUnreclaim:        66960 kB
KernelStack:       38512 kB
PageTables:        49928 kB
NFS_Unstable:          0 kB
Bounce:                0 kB
WritebackTmp:          0 kB
CommitLimit:     2152132 kB
Committed_AS:   119085904 kB
VmallocTotal:   251658176 kB
VmallocUsed:      137220 kB
VmallocChunk:   251433516 kB
Time pass: 181 sec

---2015-12-04 17:50:43
MemTotal:        2873608 kB
MemFree:           69800 kB
Buffers:           17524 kB
Cached:           960784 kB
SwapCached:           16 kB
Active:          1318912 kB
Inactive:         677932 kB
Active(anon):     825512 kB
Inactive(anon):   207288 kB
Active(file):     493400 kB
Inactive(file):   470644 kB
Unevictable:       13568 kB
Mlocked:               0 kB
SwapTotal:        715328 kB
SwapFree:         707776 kB
Dirty:                 0 kB
Writeback:             0 kB
AnonPages:       1032004 kB
Mapped:           620056 kB
Shmem:               696 kB
Slab:              98892 kB
SReclaimable:      31904 kB
SUnreclaim:        66988 kB
KernelStack:       38512 kB
PageTables:        49932 kB
NFS_Unstable:          0 kB
Bounce:                0 kB
WritebackTmp:          0 kB
CommitLimit:     2152132 kB
Committed_AS:   119085904 kB
VmallocTotal:   251658176 kB
VmallocUsed:      137220 kB
VmallocChunk:   251433516 kB
Time pass: 184 sec

---2015-12-04 17:50:43
MemTotal:        2873608 kB
MemFree:           68944 kB
Buffers:           17532 kB
Cached:           960788 kB
SwapCached:           16 kB
Active:          1318824 kB
Inactive:         677944 kB
Active(anon):     825424 kB
Inactive(anon):   207292 kB
Active(file):     493400 kB
Inactive(file):   470652 kB
Unevictable:       13568 kB
Mlocked:               0 kB
SwapTotal:        715328 kB
SwapFree:         707776 kB
Dirty:                12 kB
Writeback:             0 kB
AnonPages:       1032028 kB
Mapped:           620068 kB
Shmem:               700 kB
Slab:              98864 kB
SReclaimable:      31904 kB
SUnreclaim:        66960 kB
KernelStack:       38512 kB
PageTables:        49932 kB
NFS_Unstable:          0 kB
Bounce:                0 kB
WritebackTmp:          0 kB
CommitLimit:     2152132 kB
Committed_AS:   119085896 kB
VmallocTotal:   251658176 kB
VmallocUsed:      137220 kB
VmallocChunk:   251433516 kB
Time pass: 188 sec

---2015-12-04 17:50:43
MemTotal:        2873608 kB
MemFree:           69148 kB
Buffers:           17532 kB
Cached:           960788 kB
SwapCached:           16 kB
Active:          1319544 kB
Inactive:         677944 kB
Active(anon):     826144 kB
Inactive(anon):   207292 kB
Active(file):     493400 kB
Inactive(file):   470652 kB
Unevictable:       13568 kB
Mlocked:               0 kB
SwapTotal:        715328 kB
SwapFree:         707776 kB
Dirty:                 0 kB
Writeback:             0 kB
AnonPages:       1032784 kB
Mapped:           620076 kB
Shmem:               700 kB
Slab:              98864 kB
SReclaimable:      31904 kB
SUnreclaim:        66960 kB
KernelStack:       38512 kB
PageTables:        49928 kB
NFS_Unstable:          0 kB
Bounce:                0 kB
WritebackTmp:          0 kB
CommitLimit:     2152132 kB
Committed_AS:   119085848 kB
VmallocTotal:   251658176 kB
VmallocUsed:      137220 kB
VmallocChunk:   251433516 kB
Time pass: 192 sec

---2015-12-04 17:50:43
MemTotal:        2873608 kB
MemFree:           68404 kB
Buffers:           17540 kB
Cached:           961072 kB
SwapCached:           16 kB
Active:          1319972 kB
Inactive:         678236 kB
Active(anon):     826572 kB
Inactive(anon):   207572 kB
Active(file):     493400 kB
Inactive(file):   470664 kB
Unevictable:       13568 kB
Mlocked:               0 kB
SwapTotal:        715328 kB
SwapFree:         707776 kB
Dirty:                12 kB
Writeback:             0 kB
AnonPages:       1033208 kB
Mapped:           620496 kB
Shmem:               980 kB
Slab:              98864 kB
SReclaimable:      31904 kB
SUnreclaim:        66960 kB
KernelStack:       38512 kB
PageTables:        49996 kB
NFS_Unstable:          0 kB
Bounce:                0 kB
WritebackTmp:          0 kB
CommitLimit:     2152132 kB
Committed_AS:   119085912 kB
VmallocTotal:   251658176 kB
VmallocUsed:      137220 kB
VmallocChunk:   251433516 kB
Time pass: 196 sec

---2015-12-04 17:50:43
MemTotal:        2873608 kB
MemFree:           68160 kB
Buffers:           17556 kB
Cached:           961336 kB
SwapCached:           16 kB
Active:          1319908 kB
Inactive:         678516 kB
Active(anon):     826508 kB
Inactive(anon):   207836 kB
Active(file):     493400 kB
Inactive(file):   470680 kB
Unevictable:       13568 kB
Mlocked:               0 kB
SwapTotal:        715328 kB
SwapFree:         707776 kB
Dirty:                 0 kB
Writeback:             0 kB
AnonPages:       1033060 kB
Mapped:           620596 kB
Shmem:              1244 kB
Slab:              98868 kB
SReclaimable:      31904 kB
SUnreclaim:        66964 kB
KernelStack:       38512 kB
PageTables:        49936 kB
NFS_Unstable:          0 kB
Bounce:                0 kB
WritebackTmp:          0 kB
CommitLimit:     2152132 kB
Committed_AS:   119085976 kB
VmallocTotal:   251658176 kB
VmallocUsed:      137220 kB
VmallocChunk:   251433516 kB
Time pass: 199 sec

---2015-12-04 17:50:43
MemTotal:        2873608 kB
MemFree:           72468 kB
Buffers:           17536 kB
Cached:           954844 kB
SwapCached:           16 kB
Active:          1319828 kB
Inactive:         674992 kB
Active(anon):     829300 kB
Inactive(anon):   207128 kB
Active(file):     490528 kB
Inactive(file):   467864 kB
Unevictable:       13568 kB
Mlocked:               0 kB
SwapTotal:        715328 kB
SwapFree:         707484 kB
Dirty:                68 kB
Writeback:             0 kB
AnonPages:       1035664 kB
Mapped:           616356 kB
Shmem:               420 kB
Slab:              98872 kB
SReclaimable:      31888 kB
SUnreclaim:        66984 kB
KernelStack:       38384 kB
PageTables:        49784 kB
NFS_Unstable:          0 kB
Bounce:                0 kB
WritebackTmp:          0 kB
CommitLimit:     2152132 kB
Committed_AS:   119098396 kB
VmallocTotal:   251658176 kB
VmallocUsed:      137220 kB
VmallocChunk:   251433516 kB
Time pass: 203 sec

---2015-12-04 17:50:43
MemTotal:        2873608 kB
MemFree:           72876 kB
Buffers:           17552 kB
Cached:           955008 kB
SwapCached:           16 kB
Active:          1318776 kB
Inactive:         675156 kB
Active(anon):     828244 kB
Inactive(anon):   207276 kB
Active(file):     490532 kB
Inactive(file):   467880 kB
Unevictable:       13568 kB
Mlocked:               0 kB
SwapTotal:        715328 kB
SwapFree:         707484 kB
Dirty:                56 kB
Writeback:             0 kB
AnonPages:       1035072 kB
Mapped:           616708 kB
Shmem:               580 kB
Slab:              98872 kB
SReclaimable:      31888 kB
SUnreclaim:        66984 kB
KernelStack:       38544 kB
PageTables:        49916 kB
NFS_Unstable:          0 kB
Bounce:                0 kB
WritebackTmp:          0 kB
CommitLimit:     2152132 kB
Committed_AS:   119098368 kB
VmallocTotal:   251658176 kB
VmallocUsed:      137220 kB
VmallocChunk:   251433516 kB
Time pass: 207 sec

---2015-12-04 17:50:43
MemTotal:        2873608 kB
MemFree:           71124 kB
Buffers:           17560 kB
Cached:           955016 kB
SwapCached:           16 kB
Active:          1320900 kB
Inactive:         675164 kB
Active(anon):     830368 kB
Inactive(anon):   207284 kB
Active(file):     490532 kB
Inactive(file):   467880 kB
Unevictable:       13568 kB
Mlocked:               0 kB
SwapTotal:        715328 kB
SwapFree:         707484 kB
Dirty:                40 kB
Writeback:             0 kB
AnonPages:       1037096 kB
Mapped:           616788 kB
Shmem:               592 kB
Slab:              98852 kB
SReclaimable:      31888 kB
SUnreclaim:        66964 kB
KernelStack:       38544 kB
PageTables:        49952 kB
NFS_Unstable:          0 kB
Bounce:                0 kB
WritebackTmp:          0 kB
CommitLimit:     2152132 kB
Committed_AS:   119098320 kB
VmallocTotal:   251658176 kB
VmallocUsed:      137220 kB
VmallocChunk:   251433516 kB
Time pass: 211 sec

---2015-12-04 17:50:43
MemTotal:        2873608 kB
MemFree:           70828 kB
Buffers:           17560 kB
Cached:           955024 kB
SwapCached:           16 kB
Active:          1320604 kB
Inactive:         675184 kB
Active(anon):     830072 kB
Inactive(anon):   207296 kB
Active(file):     490532 kB
Inactive(file):   467888 kB
Unevictable:       13568 kB
Mlocked:               0 kB
SwapTotal:        715328 kB
SwapFree:         707484 kB
Dirty:                40 kB
Writeback:             0 kB
AnonPages:       1036696 kB
Mapped:           616628 kB
Shmem:               596 kB
Slab:              98892 kB
SReclaimable:      31888 kB
SUnreclaim:        67004 kB
KernelStack:       38544 kB
PageTables:        49884 kB
NFS_Unstable:          0 kB
Bounce:                0 kB
WritebackTmp:          0 kB
CommitLimit:     2152132 kB
Committed_AS:   119098376 kB
VmallocTotal:   251658176 kB
VmallocUsed:      137220 kB
VmallocChunk:   251433516 kB
Time pass: 214 sec

---2015-12-04 17:50:43
MemTotal:        2873608 kB
MemFree:           70424 kB
Buffers:           17576 kB
Cached:           955024 kB
SwapCached:           16 kB
Active:          1321592 kB
Inactive:         675200 kB
Active(anon):     831060 kB
Inactive(anon):   207296 kB
Active(file):     490532 kB
Inactive(file):   467904 kB
Unevictable:       13568 kB
Mlocked:               0 kB
SwapTotal:        715328 kB
SwapFree:         707484 kB
Dirty:                44 kB
Writeback:             0 kB
AnonPages:       1037812 kB
Mapped:           616780 kB
Shmem:               596 kB
Slab:              98884 kB
SReclaimable:      31920 kB
SUnreclaim:        66964 kB
KernelStack:       38560 kB
PageTables:        49916 kB
NFS_Unstable:          0 kB
Bounce:                0 kB
WritebackTmp:          0 kB
CommitLimit:     2152132 kB
Committed_AS:   119098368 kB
VmallocTotal:   251658176 kB
VmallocUsed:      137220 kB
VmallocChunk:   251433516 kB
Time pass: 218 sec

---2015-12-04 17:50:43
MemTotal:        2873608 kB
MemFree:           69680 kB
Buffers:           17592 kB
Cached:           955024 kB
SwapCached:           16 kB
Active:          1322188 kB
Inactive:         675216 kB
Active(anon):     831656 kB
Inactive(anon):   207296 kB
Active(file):     490532 kB
Inactive(file):   467920 kB
Unevictable:       13568 kB
Mlocked:               0 kB
SwapTotal:        715328 kB
SwapFree:         707484 kB
Dirty:               128 kB
Writeback:             0 kB
AnonPages:       1038140 kB
Mapped:           616792 kB
Shmem:               596 kB
Slab:              98912 kB
SReclaimable:      31920 kB
SUnreclaim:        66992 kB
KernelStack:       38560 kB
PageTables:        49920 kB
NFS_Unstable:          0 kB
Bounce:                0 kB
WritebackTmp:          0 kB
CommitLimit:     2152132 kB
Committed_AS:   119098360 kB
VmallocTotal:   251658176 kB
VmallocUsed:      137220 kB
VmallocChunk:   251433516 kB
Time pass: 222 sec

---2015-12-04 17:50:43
MemTotal:        2873608 kB
MemFree:           68812 kB
Buffers:           17608 kB
Cached:           955024 kB
SwapCached:           16 kB
Active:          1322688 kB
Inactive:         675220 kB
Active(anon):     832144 kB
Inactive(anon):   207296 kB
Active(file):     490544 kB
Inactive(file):   467924 kB
Unevictable:       13568 kB
Mlocked:               0 kB
SwapTotal:        715328 kB
SwapFree:         707484 kB
Dirty:                72 kB
Writeback:             0 kB
AnonPages:       1038848 kB
Mapped:           616832 kB
Shmem:               596 kB
Slab:              98884 kB
SReclaimable:      31920 kB
SUnreclaim:        66964 kB
KernelStack:       38576 kB
PageTables:        49924 kB
NFS_Unstable:          0 kB
Bounce:                0 kB
WritebackTmp:          0 kB
CommitLimit:     2152132 kB
Committed_AS:   119098440 kB
VmallocTotal:   251658176 kB
VmallocUsed:      137220 kB
VmallocChunk:   251433516 kB
Time pass: 226 sec

---2015-12-04 17:50:43
MemTotal:        2873608 kB
MemFree:           68272 kB
Buffers:           17624 kB
Cached:           955024 kB
SwapCached:           16 kB
Active:          1323272 kB
Inactive:         675236 kB
Active(anon):     832728 kB
Inactive(anon):   207296 kB
Active(file):     490544 kB
Inactive(file):   467940 kB
Unevictable:       13568 kB
Mlocked:               0 kB
SwapTotal:        715328 kB
SwapFree:         707484 kB
Dirty:                52 kB
Writeback:             0 kB
AnonPages:       1039332 kB
Mapped:           616844 kB
Shmem:               596 kB
Slab:              98884 kB
SReclaimable:      31920 kB
SUnreclaim:        66964 kB
KernelStack:       38576 kB
PageTables:        49920 kB
NFS_Unstable:          0 kB
Bounce:                0 kB
WritebackTmp:          0 kB
CommitLimit:     2152132 kB
Committed_AS:   119098480 kB
VmallocTotal:   251658176 kB
VmallocUsed:      137220 kB
VmallocChunk:   251433516 kB
Time pass: 230 sec

---2015-12-04 17:50:43
MemTotal:        2873608 kB
MemFree:           67388 kB
Buffers:           17624 kB
Cached:           955036 kB
SwapCached:           16 kB
Active:          1324024 kB
Inactive:         675248 kB
Active(anon):     833480 kB
Inactive(anon):   207308 kB
Active(file):     490544 kB
Inactive(file):   467940 kB
Unevictable:       13568 kB
Mlocked:               0 kB
SwapTotal:        715328 kB
SwapFree:         707484 kB
Dirty:                52 kB
Writeback:             0 kB
AnonPages:       1040192 kB
Mapped:           616864 kB
Shmem:               608 kB
Slab:              98884 kB
SReclaimable:      31920 kB
SUnreclaim:        66964 kB
KernelStack:       38576 kB
PageTables:        49928 kB
NFS_Unstable:          0 kB
Bounce:                0 kB
WritebackTmp:          0 kB
CommitLimit:     2152132 kB
Committed_AS:   119098496 kB
VmallocTotal:   251658176 kB
VmallocUsed:      137220 kB
VmallocChunk:   251433516 kB
Time pass: 234 sec

---2015-12-04 17:50:43
MemTotal:        2873608 kB
MemFree:           67040 kB
Buffers:           17632 kB
Cached:           955060 kB
SwapCached:           16 kB
Active:          1324948 kB
Inactive:         675280 kB
Active(anon):     834404 kB
Inactive(anon):   207332 kB
Active(file):     490544 kB
Inactive(file):   467948 kB
Unevictable:       13568 kB
Mlocked:               0 kB
SwapTotal:        715328 kB
SwapFree:         707484 kB
Dirty:                32 kB
Writeback:             0 kB
AnonPages:       1040964 kB
Mapped:           616896 kB
Shmem:               632 kB
Slab:              98888 kB
SReclaimable:      31920 kB
SUnreclaim:        66968 kB
KernelStack:       38576 kB
PageTables:        49924 kB
NFS_Unstable:          0 kB
Bounce:                0 kB
WritebackTmp:          0 kB
CommitLimit:     2152132 kB
Committed_AS:   119098488 kB
VmallocTotal:   251658176 kB
VmallocUsed:      137220 kB
VmallocChunk:   251433516 kB
Time pass: 237 sec

---2015-12-04 17:50:43
MemTotal:        2873608 kB
MemFree:           66456 kB
Buffers:           17648 kB
Cached:           955044 kB
SwapCached:           16 kB
Active:          1325344 kB
Inactive:         675276 kB
Active(anon):     834796 kB
Inactive(anon):   207332 kB
Active(file):     490548 kB
Inactive(file):   467944 kB
Unevictable:       13568 kB
Mlocked:               0 kB
SwapTotal:        715328 kB
SwapFree:         707484 kB
Dirty:                 4 kB
Writeback:             0 kB
AnonPages:       1041696 kB
Mapped:           617028 kB
Shmem:               632 kB
Slab:              98884 kB
SReclaimable:      31920 kB
SUnreclaim:        66964 kB
KernelStack:       38608 kB
PageTables:        49980 kB
NFS_Unstable:          0 kB
Bounce:                0 kB
WritebackTmp:          0 kB
CommitLimit:     2152132 kB
Committed_AS:   119098480 kB
VmallocTotal:   251658176 kB
VmallocUsed:      137220 kB
VmallocChunk:   251433516 kB
Time pass: 241 sec

---2015-12-04 17:50:43
MemTotal:        2873608 kB
MemFree:           66124 kB
Buffers:           17648 kB
Cached:           955064 kB
SwapCached:           16 kB
Active:          1325544 kB
Inactive:         675296 kB
Active(anon):     834996 kB
Inactive(anon):   207336 kB
Active(file):     490548 kB
Inactive(file):   467960 kB
Unevictable:       13568 kB
Mlocked:               0 kB
SwapTotal:        715328 kB
SwapFree:         707484 kB
Dirty:                52 kB
Writeback:             0 kB
AnonPages:       1041564 kB
Mapped:           616912 kB
Shmem:               636 kB
Slab:              98900 kB
SReclaimable:      31936 kB
SUnreclaim:        66964 kB
KernelStack:       38560 kB
PageTables:        49928 kB
NFS_Unstable:          0 kB
Bounce:                0 kB
WritebackTmp:          0 kB
CommitLimit:     2152132 kB
Committed_AS:   119098504 kB
VmallocTotal:   251658176 kB
VmallocUsed:      137220 kB
VmallocChunk:   251433516 kB
Time pass: 245 sec

---2015-12-04 17:50:43
MemTotal:        2873608 kB
MemFree:           65668 kB
Buffers:           17656 kB
Cached:           955068 kB
SwapCached:           16 kB
Active:          1325936 kB
Inactive:         675308 kB
Active(anon):     835388 kB
Inactive(anon):   207340 kB
Active(file):     490548 kB
Inactive(file):   467968 kB
Unevictable:       13568 kB
Mlocked:               0 kB
SwapTotal:        715328 kB
SwapFree:         707484 kB
Dirty:                32 kB
Writeback:             0 kB
AnonPages:       1041856 kB
Mapped:           616932 kB
Shmem:               640 kB
Slab:              98940 kB
SReclaimable:      31952 kB
SUnreclaim:        66988 kB
KernelStack:       38560 kB
PageTables:        49924 kB
NFS_Unstable:          0 kB
Bounce:                0 kB
WritebackTmp:          0 kB
CommitLimit:     2152132 kB
Committed_AS:   119098472 kB
VmallocTotal:   251658176 kB
VmallocUsed:      137220 kB
VmallocChunk:   251433516 kB
Time pass: 249 sec

---2015-12-04 17:50:43
MemTotal:        2873608 kB
MemFree:           65872 kB
Buffers:           17656 kB
Cached:           955068 kB
SwapCached:           16 kB
Active:          1326384 kB
Inactive:         675308 kB
Active(anon):     835836 kB
Inactive(anon):   207340 kB
Active(file):     490548 kB
Inactive(file):   467968 kB
Unevictable:       13568 kB
Mlocked:               0 kB
SwapTotal:        715328 kB
SwapFree:         707484 kB
Dirty:                 0 kB
Writeback:             0 kB
AnonPages:       1042620 kB
Mapped:           616944 kB
Shmem:               640 kB
Slab:              98916 kB
SReclaimable:      31952 kB
SUnreclaim:        66964 kB
KernelStack:       38560 kB
PageTables:        49924 kB
NFS_Unstable:          0 kB
Bounce:                0 kB
WritebackTmp:          0 kB
CommitLimit:     2152132 kB
Committed_AS:   119098480 kB
VmallocTotal:   251658176 kB
VmallocUsed:      137220 kB
VmallocChunk:   251433516 kB
Time pass: 253 sec

---2015-12-04 17:50:43
MemTotal:        2873608 kB
MemFree:           64512 kB
Buffers:           17672 kB
Cached:           955068 kB
SwapCached:           16 kB
Active:          1326796 kB
Inactive:         675320 kB
Active(anon):     836248 kB
Inactive(anon):   207336 kB
Active(file):     490548 kB
Inactive(file):   467984 kB
Unevictable:       13568 kB
Mlocked:               0 kB
SwapTotal:        715328 kB
SwapFree:         707484 kB
Dirty:                44 kB
Writeback:             0 kB
AnonPages:       1043004 kB
Mapped:           616952 kB
Shmem:               640 kB
Slab:              98908 kB
SReclaimable:      31952 kB
SUnreclaim:        66956 kB
KernelStack:       38560 kB
PageTables:        49928 kB
NFS_Unstable:          0 kB
Bounce:                0 kB
WritebackTmp:          0 kB
CommitLimit:     2152132 kB
Committed_AS:   119098488 kB
VmallocTotal:   251658176 kB
VmallocUsed:      137220 kB
VmallocChunk:   251433516 kB
Time pass: 256 sec

---2015-12-04 17:50:43
MemTotal:        2873608 kB
MemFree:           64856 kB
Buffers:           17688 kB
Cached:           955072 kB
SwapCached:           16 kB
Active:          1326856 kB
Inactive:         675340 kB
Active(anon):     836308 kB
Inactive(anon):   207340 kB
Active(file):     490548 kB
Inactive(file):   468000 kB
Unevictable:       13568 kB
Mlocked:               0 kB
SwapTotal:        715328 kB
SwapFree:         707484 kB
Dirty:                 0 kB
Writeback:             0 kB
AnonPages:       1042880 kB
Mapped:           617048 kB
Shmem:               644 kB
Slab:              98860 kB
SReclaimable:      31904 kB
SUnreclaim:        66956 kB
KernelStack:       38544 kB
PageTables:        49956 kB
NFS_Unstable:          0 kB
Bounce:                0 kB
WritebackTmp:          0 kB
CommitLimit:     2152132 kB
Committed_AS:   119098544 kB
VmallocTotal:   251658176 kB
VmallocUsed:      137220 kB
VmallocChunk:   251433516 kB
Time pass: 260 sec

---2015-12-04 17:50:43
MemTotal:        2873608 kB
MemFree:           63808 kB
Buffers:           17696 kB
Cached:           955076 kB
SwapCached:           16 kB
Active:          1327624 kB
Inactive:         675352 kB
Active(anon):     837076 kB
Inactive(anon):   207344 kB
Active(file):     490548 kB
Inactive(file):   468008 kB
Unevictable:       13568 kB
Mlocked:               0 kB
SwapTotal:        715328 kB
SwapFree:         707484 kB
Dirty:                28 kB
Writeback:             0 kB
AnonPages:       1043812 kB
Mapped:           616976 kB
Shmem:               648 kB
Slab:              98860 kB
SReclaimable:      31904 kB
SUnreclaim:        66956 kB
KernelStack:       38560 kB
PageTables:        49936 kB
NFS_Unstable:          0 kB
Bounce:                0 kB
WritebackTmp:          0 kB
CommitLimit:     2152132 kB
Committed_AS:   119102696 kB
VmallocTotal:   251658176 kB
VmallocUsed:      137220 kB
VmallocChunk:   251433516 kB
Time pass: 264 sec

---2015-12-04 17:50:43
MemTotal:        2873608 kB
MemFree:           63460 kB
Buffers:           17712 kB
Cached:           955104 kB
SwapCached:           16 kB
Active:          1327692 kB
Inactive:         675396 kB
Active(anon):     837144 kB
Inactive(anon):   207372 kB
Active(file):     490548 kB
Inactive(file):   468024 kB
Unevictable:       13568 kB
Mlocked:               0 kB
SwapTotal:        715328 kB
SwapFree:         707484 kB
Dirty:                56 kB
Writeback:             0 kB
AnonPages:       1043744 kB
Mapped:           617012 kB
Shmem:               676 kB
Slab:              98876 kB
SReclaimable:      31904 kB
SUnreclaim:        66972 kB
KernelStack:       38560 kB
PageTables:        49936 kB
NFS_Unstable:          0 kB
Bounce:                0 kB
WritebackTmp:          0 kB
CommitLimit:     2152132 kB
Committed_AS:   119102688 kB
VmallocTotal:   251658176 kB
VmallocUsed:      137220 kB
VmallocChunk:   251433516 kB
Time pass: 267 sec

---2015-12-04 17:50:43
MemTotal:        2873608 kB
MemFree:           69764 kB
Buffers:           17652 kB
Cached:           949264 kB
SwapCached:           16 kB
Active:          1322520 kB
Inactive:         675152 kB
Active(anon):     835792 kB
Inactive(anon):   209208 kB
Active(file):     486728 kB
Inactive(file):   465944 kB
Unevictable:       13568 kB
Mlocked:               0 kB
SwapTotal:        715328 kB
SwapFree:         707164 kB
Dirty:                32 kB
Writeback:             0 kB
AnonPages:       1044208 kB
Mapped:           616836 kB
Shmem:               676 kB
Slab:              98876 kB
SReclaimable:      31904 kB
SUnreclaim:        66972 kB
KernelStack:       38560 kB
PageTables:        49968 kB
NFS_Unstable:          0 kB
Bounce:                0 kB
WritebackTmp:          0 kB
CommitLimit:     2152132 kB
Committed_AS:   119102688 kB
VmallocTotal:   251658176 kB
VmallocUsed:      137220 kB
VmallocChunk:   251433516 kB
Time pass: 271 sec

---2015-12-04 17:50:43
MemTotal:        2873608 kB
MemFree:           70028 kB
Buffers:           17652 kB
Cached:           949268 kB
SwapCached:           16 kB
Active:          1322516 kB
Inactive:         675156 kB
Active(anon):     835788 kB
Inactive(anon):   209208 kB
Active(file):     486728 kB
Inactive(file):   465948 kB
Unevictable:       13568 kB
Mlocked:               0 kB
SwapTotal:        715328 kB
SwapFree:         707164 kB
Dirty:                32 kB
Writeback:             0 kB
AnonPages:       1044180 kB
Mapped:           616768 kB
Shmem:               676 kB
Slab:              98892 kB
SReclaimable:      31904 kB
SUnreclaim:        66988 kB
KernelStack:       38560 kB
PageTables:        49936 kB
NFS_Unstable:          0 kB
Bounce:                0 kB
WritebackTmp:          0 kB
CommitLimit:     2152132 kB
Committed_AS:   119102680 kB
VmallocTotal:   251658176 kB
VmallocUsed:      137220 kB
VmallocChunk:   251433516 kB
Time pass: 275 sec

---2015-12-04 17:50:43
MemTotal:        2873608 kB
MemFree:           68556 kB
Buffers:           17676 kB
Cached:           949260 kB
SwapCached:           16 kB
Active:          1323924 kB
Inactive:         675172 kB
Active(anon):     837196 kB
Inactive(anon):   209208 kB
Active(file):     486728 kB
Inactive(file):   465964 kB
Unevictable:       13568 kB
Mlocked:               0 kB
SwapTotal:        715328 kB
SwapFree:         707164 kB
Dirty:                40 kB
Writeback:             0 kB
AnonPages:       1045736 kB
Mapped:           616832 kB
Shmem:               676 kB
Slab:              98912 kB
SReclaimable:      31904 kB
SUnreclaim:        67008 kB
KernelStack:       38560 kB
PageTables:        49940 kB
NFS_Unstable:          0 kB
Bounce:                0 kB
WritebackTmp:          0 kB
CommitLimit:     2152132 kB
Committed_AS:   119102696 kB
VmallocTotal:   251658176 kB
VmallocUsed:      137220 kB
VmallocChunk:   251433516 kB
Time pass: 279 sec

---2015-12-04 17:50:43
MemTotal:        2873608 kB
MemFree:           69452 kB
Buffers:           17692 kB
Cached:           949416 kB
SwapCached:           16 kB
Active:          1322728 kB
Inactive:         675340 kB
Active(anon):     836000 kB
Inactive(anon):   209208 kB
Active(file):     486728 kB
Inactive(file):   466132 kB
Unevictable:       13568 kB
Mlocked:               0 kB
SwapTotal:        715328 kB
SwapFree:         707164 kB
Dirty:               128 kB
Writeback:             0 kB
AnonPages:       1044528 kB
Mapped:           616884 kB
Shmem:               680 kB
Slab:              98864 kB
SReclaimable:      31904 kB
SUnreclaim:        66960 kB
KernelStack:       38592 kB
PageTables:        49976 kB
NFS_Unstable:          0 kB
Bounce:                0 kB
WritebackTmp:          0 kB
CommitLimit:     2152132 kB
Committed_AS:   119102744 kB
VmallocTotal:   251658176 kB
VmallocUsed:      137220 kB
VmallocChunk:   251433516 kB
Time pass: 282 sec

---2015-12-04 17:50:43
MemTotal:        2873608 kB
MemFree:           70944 kB
Buffers:           17708 kB
Cached:           949428 kB
SwapCached:           16 kB
Active:          1321212 kB
Inactive:         675368 kB
Active(anon):     834480 kB
Inactive(anon):   209212 kB
Active(file):     486732 kB
Inactive(file):   466156 kB
Unevictable:       13568 kB
Mlocked:               0 kB
SwapTotal:        715328 kB
SwapFree:         707164 kB
Dirty:                88 kB
Writeback:             0 kB
AnonPages:       1042884 kB
Mapped:           616896 kB
Shmem:               680 kB
Slab:              98884 kB
SReclaimable:      31904 kB
SUnreclaim:        66980 kB
KernelStack:       38544 kB
PageTables:        49932 kB
NFS_Unstable:          0 kB
Bounce:                0 kB
WritebackTmp:          0 kB
CommitLimit:     2152132 kB
Committed_AS:   119102784 kB
VmallocTotal:   251658176 kB
VmallocUsed:      137220 kB
VmallocChunk:   251433516 kB
Time pass: 286 sec

---2015-12-04 17:50:43
MemTotal:        2873608 kB
MemFree:           70736 kB
Buffers:           17724 kB
Cached:           949428 kB
SwapCached:           16 kB
Active:          1321424 kB
Inactive:         675376 kB
Active(anon):     834692 kB
Inactive(anon):   209212 kB
Active(file):     486732 kB
Inactive(file):   466164 kB
Unevictable:       13568 kB
Mlocked:               0 kB
SwapTotal:        715328 kB
SwapFree:         707164 kB
Dirty:               124 kB
Writeback:             0 kB
AnonPages:       1043252 kB
Mapped:           616912 kB
Shmem:               680 kB
Slab:              98860 kB
SReclaimable:      31904 kB
SUnreclaim:        66956 kB
KernelStack:       38544 kB
PageTables:        49932 kB
NFS_Unstable:          0 kB
Bounce:                0 kB
WritebackTmp:          0 kB
CommitLimit:     2152132 kB
Committed_AS:   119102704 kB
VmallocTotal:   251658176 kB
VmallocUsed:      137220 kB
VmallocChunk:   251433516 kB
Time pass: 290 sec

---2015-12-04 17:50:43
MemTotal:        2873608 kB
MemFree:           70304 kB
Buffers:           17724 kB
Cached:           949428 kB
SwapCached:           16 kB
Active:          1321768 kB
Inactive:         675384 kB
Active(anon):     835036 kB
Inactive(anon):   209212 kB
Active(file):     486732 kB
Inactive(file):   466172 kB
Unevictable:       13568 kB
Mlocked:               0 kB
SwapTotal:        715328 kB
SwapFree:         707164 kB
Dirty:                 0 kB
Writeback:             0 kB
AnonPages:       1043460 kB
Mapped:           617004 kB
Shmem:               680 kB
Slab:              98860 kB
SReclaimable:      31904 kB
SUnreclaim:        66956 kB
KernelStack:       38560 kB
PageTables:        49968 kB
NFS_Unstable:          0 kB
Bounce:                0 kB
WritebackTmp:          0 kB
CommitLimit:     2152132 kB
Committed_AS:   119102712 kB
VmallocTotal:   251658176 kB
VmallocUsed:      137220 kB
VmallocChunk:   251433516 kB
Time pass: 294 sec

---2015-12-04 17:50:43
MemTotal:        2873608 kB
MemFree:           71248 kB
Buffers:           17732 kB
Cached:           949432 kB
SwapCached:           16 kB
Active:          1321444 kB
Inactive:         675396 kB
Active(anon):     834712 kB
Inactive(anon):   209216 kB
Active(file):     486732 kB
Inactive(file):   466180 kB
Unevictable:       13568 kB
Mlocked:               0 kB
SwapTotal:        715328 kB
SwapFree:         707164 kB
Dirty:                32 kB
Writeback:             0 kB
AnonPages:       1043412 kB
Mapped:           616932 kB
Shmem:               684 kB
Slab:              98860 kB
SReclaimable:      31904 kB
SUnreclaim:        66956 kB
KernelStack:       38544 kB
PageTables:        49932 kB
NFS_Unstable:          0 kB
Bounce:                0 kB
WritebackTmp:          0 kB
CommitLimit:     2152132 kB
Committed_AS:   119102728 kB
VmallocTotal:   251658176 kB
VmallocUsed:      137220 kB
VmallocChunk:   251433516 kB
Time pass: 297 sec

---2015-12-04 17:50:43
MemTotal:        2873608 kB
MemFree:           70860 kB
Buffers:           17748 kB
Cached:           949416 kB
SwapCached:           16 kB
Active:          1321308 kB
Inactive:         675396 kB
Active(anon):     834576 kB
Inactive(anon):   209216 kB
Active(file):     486732 kB
Inactive(file):   466180 kB
Unevictable:       13568 kB
Mlocked:               0 kB
SwapTotal:        715328 kB
SwapFree:         707164 kB
Dirty:                 0 kB
Writeback:             0 kB
AnonPages:       1042924 kB
Mapped:           616980 kB
Shmem:               684 kB
Slab:              98860 kB
SReclaimable:      31904 kB
SUnreclaim:        66956 kB
KernelStack:       38544 kB
PageTables:        49960 kB
NFS_Unstable:          0 kB
Bounce:                0 kB
WritebackTmp:          0 kB
CommitLimit:     2152132 kB
Committed_AS:   119102656 kB
VmallocTotal:   251658176 kB
VmallocUsed:      137220 kB
VmallocChunk:   251433516 kB
Time pass: 301 sec

---2015-12-04 17:50:43
MemTotal:        2873608 kB
MemFree:           71056 kB
Buffers:           17748 kB
Cached:           949460 kB
SwapCached:           16 kB
Active:          1321476 kB
Inactive:         675440 kB
Active(anon):     834744 kB
Inactive(anon):   209244 kB
Active(file):     486732 kB
Inactive(file):   466196 kB
Unevictable:       13568 kB
Mlocked:               0 kB
SwapTotal:        715328 kB
SwapFree:         707164 kB
Dirty:                44 kB
Writeback:             0 kB
AnonPages:       1043424 kB
Mapped:           617016 kB
Shmem:               712 kB
Slab:              98864 kB
SReclaimable:      31904 kB
SUnreclaim:        66960 kB
KernelStack:       38544 kB
PageTables:        49960 kB
NFS_Unstable:          0 kB
Bounce:                0 kB
WritebackTmp:          0 kB
CommitLimit:     2152132 kB
Committed_AS:   119102664 kB
VmallocTotal:   251658176 kB
VmallocUsed:      137220 kB
VmallocChunk:   251433516 kB
Time pass: 305 sec

---2015-12-04 17:50:43
MemTotal:        2873608 kB
MemFree:           70128 kB
Buffers:           17756 kB
Cached:           949464 kB
SwapCached:           16 kB
Active:          1321696 kB
Inactive:         675452 kB
Active(anon):     834964 kB
Inactive(anon):   209248 kB
Active(file):     486732 kB
Inactive(file):   466204 kB
Unevictable:       13568 kB
Mlocked:               0 kB
SwapTotal:        715328 kB
SwapFree:         707164 kB
Dirty:                32 kB
Writeback:             0 kB
AnonPages:       1043324 kB
Mapped:           617072 kB
Shmem:               716 kB
Slab:              98864 kB
SReclaimable:      31904 kB
SUnreclaim:        66960 kB
KernelStack:       38544 kB
PageTables:        49964 kB
NFS_Unstable:          0 kB
Bounce:                0 kB
WritebackTmp:          0 kB
CommitLimit:     2152132 kB
Committed_AS:   119102680 kB
VmallocTotal:   251658176 kB
VmallocUsed:      137220 kB
VmallocChunk:   251433516 kB
Time pass: 309 sec

---2015-12-04 17:50:43
MemTotal:        2873608 kB
MemFree:           70372 kB
Buffers:           17756 kB
Cached:           949464 kB
SwapCached:           16 kB
Active:          1321964 kB
Inactive:         675452 kB
Active(anon):     835232 kB
Inactive(anon):   209248 kB
Active(file):     486732 kB
Inactive(file):   466204 kB
Unevictable:       13568 kB
Mlocked:               0 kB
SwapTotal:        715328 kB
SwapFree:         707164 kB
Dirty:                 0 kB
Writeback:             0 kB
AnonPages:       1043580 kB
Mapped:           617088 kB
Shmem:               716 kB
Slab:              98864 kB
SReclaimable:      31904 kB
SUnreclaim:        66960 kB
KernelStack:       38544 kB
PageTables:        49936 kB
NFS_Unstable:          0 kB
Bounce:                0 kB
WritebackTmp:          0 kB
CommitLimit:     2152132 kB
Committed_AS:   119102672 kB
VmallocTotal:   251658176 kB
VmallocUsed:      137220 kB
VmallocChunk:   251433516 kB
Time pass: 312 sec

---2015-12-04 17:50:43
MemTotal:        2873608 kB
MemFree:           69700 kB
Buffers:           17772 kB
Cached:           949464 kB
SwapCached:           16 kB
Active:          1322244 kB
Inactive:         675468 kB
Active(anon):     835512 kB
Inactive(anon):   209248 kB
Active(file):     486732 kB
Inactive(file):   466220 kB
Unevictable:       13568 kB
Mlocked:               0 kB
SwapTotal:        715328 kB
SwapFree:         707164 kB
Dirty:                44 kB
Writeback:             0 kB
AnonPages:       1043844 kB
Mapped:           617088 kB
Shmem:               716 kB
Slab:              98880 kB
SReclaimable:      31904 kB
SUnreclaim:        66976 kB
KernelStack:       38496 kB
PageTables:        49960 kB
NFS_Unstable:          0 kB
Bounce:                0 kB
WritebackTmp:          0 kB
CommitLimit:     2152132 kB
Committed_AS:   119102640 kB
VmallocTotal:   251658176 kB
VmallocUsed:      137220 kB
VmallocChunk:   251433516 kB
Time pass: 316 sec

---2015-12-04 17:50:43
MemTotal:        2873608 kB
MemFree:           69376 kB
Buffers:           17788 kB
Cached:           949464 kB
SwapCached:           16 kB
Active:          1322372 kB
Inactive:         675484 kB
Active(anon):     835640 kB
Inactive(anon):   209248 kB
Active(file):     486732 kB
Inactive(file):   466236 kB
Unevictable:       13568 kB
Mlocked:               0 kB
SwapTotal:        715328 kB
SwapFree:         707164 kB
Dirty:                 0 kB
Writeback:             0 kB
AnonPages:       1044000 kB
Mapped:           617096 kB
Shmem:               716 kB
Slab:              98876 kB
SReclaimable:      31904 kB
SUnreclaim:        66972 kB
KernelStack:       38496 kB
PageTables:        49964 kB
NFS_Unstable:          0 kB
Bounce:                0 kB
WritebackTmp:          0 kB
CommitLimit:     2152132 kB
Committed_AS:   119102656 kB
VmallocTotal:   251658176 kB
VmallocUsed:      137220 kB
VmallocChunk:   251433516 kB
Time pass: 320 sec

---2015-12-04 17:50:43
MemTotal:        2873608 kB
MemFree:           69208 kB
Buffers:           17796 kB
Cached:           949464 kB
SwapCached:           16 kB
Active:          1322592 kB
Inactive:         675492 kB
Active(anon):     835860 kB
Inactive(anon):   209248 kB
Active(file):     486732 kB
Inactive(file):   466244 kB
Unevictable:       13568 kB
Mlocked:               0 kB
SwapTotal:        715328 kB
SwapFree:         707164 kB
Dirty:                28 kB
Writeback:             0 kB
AnonPages:       1044248 kB
Mapped:           617100 kB
Shmem:               716 kB
Slab:              98860 kB
SReclaimable:      31904 kB
SUnreclaim:        66956 kB
KernelStack:       38512 kB
PageTables:        49968 kB
NFS_Unstable:          0 kB
Bounce:                0 kB
WritebackTmp:          0 kB
CommitLimit:     2152132 kB
Committed_AS:   119102648 kB
VmallocTotal:   251658176 kB
VmallocUsed:      137220 kB
VmallocChunk:   251433516 kB
Time pass: 324 sec

---2015-12-04 17:50:43
MemTotal:        2873608 kB
MemFree:           69336 kB
Buffers:           17812 kB
Cached:           949464 kB
SwapCached:           16 kB
Active:          1322308 kB
Inactive:         675508 kB
Active(anon):     835576 kB
Inactive(anon):   209248 kB
Active(file):     486732 kB
Inactive(file):   466260 kB
Unevictable:       13568 kB
Mlocked:               0 kB
SwapTotal:        715328 kB
SwapFree:         707164 kB
Dirty:                60 kB
Writeback:             0 kB
AnonPages:       1044128 kB
Mapped:           617024 kB
Shmem:               716 kB
Slab:              98860 kB
SReclaimable:      31904 kB
SUnreclaim:        66956 kB
KernelStack:       38512 kB
PageTables:        49932 kB
NFS_Unstable:          0 kB
Bounce:                0 kB
WritebackTmp:          0 kB
CommitLimit:     2152132 kB
Committed_AS:   119102672 kB
VmallocTotal:   251658176 kB
VmallocUsed:      137220 kB
VmallocChunk:   251433516 kB
Time pass: 328 sec

---2015-12-04 17:50:43
MemTotal:        2873608 kB
MemFree:           69288 kB
Buffers:           17820 kB
Cached:           949460 kB
SwapCached:           16 kB
Active:          1322648 kB
Inactive:         675508 kB
Active(anon):     835916 kB
Inactive(anon):   209248 kB
Active(file):     486732 kB
Inactive(file):   466260 kB
Unevictable:       13568 kB
Mlocked:               0 kB
SwapTotal:        715328 kB
SwapFree:         707164 kB
Dirty:                32 kB
Writeback:             0 kB
AnonPages:       1044448 kB
Mapped:           617140 kB
Shmem:               720 kB
Slab:              98860 kB
SReclaimable:      31904 kB
SUnreclaim:        66956 kB
KernelStack:       38512 kB
PageTables:        49964 kB
NFS_Unstable:          0 kB
Bounce:                0 kB
WritebackTmp:          0 kB
CommitLimit:     2152132 kB
Committed_AS:   119102672 kB
VmallocTotal:   251658176 kB
VmallocUsed:      137220 kB
VmallocChunk:   251433516 kB
Time pass: 331 sec

---2015-12-04 17:50:43
MemTotal:        2873608 kB
MemFree:           68896 kB
Buffers:           17820 kB
Cached:           949476 kB
SwapCached:           16 kB
Active:          1322772 kB
Inactive:         675520 kB
Active(anon):     836040 kB
Inactive(anon):   209252 kB
Active(file):     486732 kB
Inactive(file):   466268 kB
Unevictable:       13568 kB
Mlocked:               0 kB
SwapTotal:        715328 kB
SwapFree:         707164 kB
Dirty:                32 kB
Writeback:             0 kB
AnonPages:       1044404 kB
Mapped:           617160 kB
Shmem:               728 kB
Slab:              98860 kB
SReclaimable:      31904 kB
SUnreclaim:        66956 kB
KernelStack:       38512 kB
PageTables:        49960 kB
NFS_Unstable:          0 kB
Bounce:                0 kB
WritebackTmp:          0 kB
CommitLimit:     2152132 kB
Committed_AS:   119102680 kB
VmallocTotal:   251658176 kB
VmallocUsed:      137220 kB
VmallocChunk:   251433516 kB
Time pass: 335 sec

---2015-12-04 17:50:43
MemTotal:        2873608 kB
MemFree:           64188 kB
Buffers:           17836 kB
Cached:           949944 kB
SwapCached:           16 kB
Active:          1326960 kB
Inactive:         676012 kB
Active(anon):     840228 kB
Inactive(anon):   209260 kB
Active(file):     486732 kB
Inactive(file):   466752 kB
Unevictable:       13568 kB
Mlocked:               0 kB
SwapTotal:        715328 kB
SwapFree:         707164 kB
Dirty:                40 kB
Writeback:             0 kB
AnonPages:       1048912 kB
Mapped:           618112 kB
Shmem:               728 kB
Slab:              98860 kB
SReclaimable:      31904 kB
SUnreclaim:        66956 kB
KernelStack:       38480 kB
PageTables:        50176 kB
NFS_Unstable:          0 kB
Bounce:                0 kB
WritebackTmp:          0 kB
CommitLimit:     2152132 kB
Committed_AS:   120341732 kB
VmallocTotal:   251658176 kB
VmallocUsed:      138240 kB
VmallocChunk:   251433516 kB
Time pass: 339 sec

---2015-12-04 17:50:43
MemTotal:        2873608 kB
MemFree:           69708 kB
Buffers:           17792 kB
Cached:           944052 kB
SwapCached:           16 kB
Active:          1325088 kB
Inactive:         672652 kB
Active(anon):     840148 kB
Inactive(anon):   210044 kB
Active(file):     484940 kB
Inactive(file):   462608 kB
Unevictable:       13568 kB
Mlocked:               0 kB
SwapTotal:        715328 kB
SwapFree:         706748 kB
Dirty:                76 kB
Writeback:             0 kB
AnonPages:       1049480 kB
Mapped:           618292 kB
Shmem:               728 kB
Slab:              98860 kB
SReclaimable:      31904 kB
SUnreclaim:        66956 kB
KernelStack:       38704 kB
PageTables:        50448 kB
NFS_Unstable:          0 kB
Bounce:                0 kB
WritebackTmp:          0 kB
CommitLimit:     2152132 kB
Committed_AS:   120341812 kB
VmallocTotal:   251658176 kB
VmallocUsed:      138240 kB
VmallocChunk:   251433516 kB
Time pass: 343 sec

---2015-12-04 17:50:43
MemTotal:        2873608 kB
MemFree:           69292 kB
Buffers:           17792 kB
Cached:           944052 kB
SwapCached:           16 kB
Active:          1325028 kB
Inactive:         672648 kB
Active(anon):     840088 kB
Inactive(anon):   210040 kB
Active(file):     484940 kB
Inactive(file):   462608 kB
Unevictable:       13568 kB
Mlocked:               0 kB
SwapTotal:        715328 kB
SwapFree:         706748 kB
Dirty:                76 kB
Writeback:             0 kB
AnonPages:       1049460 kB
Mapped:           618436 kB
Shmem:               728 kB
Slab:              98864 kB
SReclaimable:      31904 kB
SUnreclaim:        66960 kB
KernelStack:       38704 kB
PageTables:        50432 kB
NFS_Unstable:          0 kB
Bounce:                0 kB
WritebackTmp:          0 kB
CommitLimit:     2152132 kB
Committed_AS:   120341916 kB
VmallocTotal:   251658176 kB
VmallocUsed:      138240 kB
VmallocChunk:   251433516 kB
Time pass: 346 sec

---2015-12-04 17:50:43
MemTotal:        2873608 kB
MemFree:           69876 kB
Buffers:           17796 kB
Cached:           944112 kB
SwapCached:           16 kB
Active:          1325252 kB
Inactive:         672712 kB
Active(anon):     840312 kB
Inactive(anon):   210040 kB
Active(file):     484940 kB
Inactive(file):   462672 kB
Unevictable:       13568 kB
Mlocked:               0 kB
SwapTotal:        715328 kB
SwapFree:         706748 kB
Dirty:                 0 kB
Writeback:             0 kB
AnonPages:       1049496 kB
Mapped:           618452 kB
Shmem:               728 kB
Slab:              98864 kB
SReclaimable:      31904 kB
SUnreclaim:        66960 kB
KernelStack:       38704 kB
PageTables:        50428 kB
NFS_Unstable:          0 kB
Bounce:                0 kB
WritebackTmp:          0 kB
CommitLimit:     2152132 kB
Committed_AS:   120341932 kB
VmallocTotal:   251658176 kB
VmallocUsed:      138240 kB
VmallocChunk:   251433516 kB
Time pass: 350 sec

---2015-12-04 17:50:43
MemTotal:        2873608 kB
MemFree:           69084 kB
Buffers:           17812 kB
Cached:           944112 kB
SwapCached:           16 kB
Active:          1325808 kB
Inactive:         672728 kB
Active(anon):     840868 kB
Inactive(anon):   210040 kB
Active(file):     484940 kB
Inactive(file):   462688 kB
Unevictable:       13568 kB
Mlocked:               0 kB
SwapTotal:        715328 kB
SwapFree:         706748 kB
Dirty:                44 kB
Writeback:             0 kB
AnonPages:       1050180 kB
Mapped:           618540 kB
Shmem:               728 kB
Slab:              98864 kB
SReclaimable:      31904 kB
SUnreclaim:        66960 kB
KernelStack:       38688 kB
PageTables:        50456 kB
NFS_Unstable:          0 kB
Bounce:                0 kB
WritebackTmp:          0 kB
CommitLimit:     2152132 kB
Committed_AS:   120341868 kB
VmallocTotal:   251658176 kB
VmallocUsed:      138240 kB
VmallocChunk:   251433516 kB
Time pass: 354 sec

---2015-12-04 17:50:43
MemTotal:        2873608 kB
MemFree:           67192 kB
Buffers:           17820 kB
Cached:           944112 kB
SwapCached:           16 kB
Active:          1326572 kB
Inactive:         672736 kB
Active(anon):     841632 kB
Inactive(anon):   210040 kB
Active(file):     484940 kB
Inactive(file):   462696 kB
Unevictable:       13568 kB
Mlocked:               0 kB
SwapTotal:        715328 kB
SwapFree:         706748 kB
Dirty:                72 kB
Writeback:             0 kB
AnonPages:       1050980 kB
Mapped:           618548 kB
Shmem:               728 kB
Slab:              98872 kB
SReclaimable:      31904 kB
SUnreclaim:        66968 kB
KernelStack:       38704 kB
PageTables:        50464 kB
NFS_Unstable:          0 kB
Bounce:                0 kB
WritebackTmp:          0 kB
CommitLimit:     2152132 kB
Committed_AS:   120341836 kB
VmallocTotal:   251658176 kB
VmallocUsed:      138252 kB
VmallocChunk:   251433516 kB
Time pass: 358 sec

---2015-12-04 17:50:43
MemTotal:        2873608 kB
MemFree:           66064 kB
Buffers:           17836 kB
Cached:           944192 kB
SwapCached:           16 kB
Active:          1327024 kB
Inactive:         672828 kB
Active(anon):     842084 kB
Inactive(anon):   210036 kB
Active(file):     484940 kB
Inactive(file):   462792 kB
Unevictable:       13568 kB
Mlocked:               0 kB
SwapTotal:        715328 kB
SwapFree:         706748 kB
Dirty:               124 kB
Writeback:             0 kB
AnonPages:       1051420 kB
Mapped:           618568 kB
Shmem:               728 kB
Slab:              98880 kB
SReclaimable:      31904 kB
SUnreclaim:        66976 kB
KernelStack:       38704 kB
PageTables:        50456 kB
NFS_Unstable:          0 kB
Bounce:                0 kB
WritebackTmp:          0 kB
CommitLimit:     2152132 kB
Committed_AS:   120341932 kB
VmallocTotal:   251658176 kB
VmallocUsed:      138252 kB
VmallocChunk:   251433516 kB
Time pass: 362 sec

---2015-12-04 17:50:43
MemTotal:        2873608 kB
MemFree:           65784 kB
Buffers:           17836 kB
Cached:           944192 kB
SwapCached:           16 kB
Active:          1326928 kB
Inactive:         672828 kB
Active(anon):     841988 kB
Inactive(anon):   210036 kB
Active(file):     484940 kB
Inactive(file):   462792 kB
Unevictable:       13568 kB
Mlocked:               0 kB
SwapTotal:        715328 kB
SwapFree:         706748 kB
Dirty:                12 kB
Writeback:             0 kB
AnonPages:       1051352 kB
Mapped:           618540 kB
Shmem:               728 kB
Slab:              99040 kB
SReclaimable:      31904 kB
SUnreclaim:        67136 kB
KernelStack:       38704 kB
PageTables:        50456 kB
NFS_Unstable:          0 kB
Bounce:                0 kB
WritebackTmp:          0 kB
CommitLimit:     2152132 kB
Committed_AS:   120341916 kB
VmallocTotal:   251658176 kB
VmallocUsed:      138252 kB
VmallocChunk:   251433516 kB
Time pass: 365 sec

---2015-12-04 17:50:43
MemTotal:        2873608 kB
MemFree:           74004 kB
Buffers:           17796 kB
Cached:           937592 kB
SwapCached:           16 kB
Active:          1319668 kB
Inactive:         673288 kB
Active(anon):     840436 kB
Inactive(anon):   211428 kB
Active(file):     479232 kB
Inactive(file):   461860 kB
Unevictable:       13568 kB
Mlocked:               0 kB
SwapTotal:        715328 kB
SwapFree:         706384 kB
Dirty:                28 kB
Writeback:             0 kB
AnonPages:       1050980 kB
Mapped:           618500 kB
Shmem:               728 kB
Slab:              98860 kB
SReclaimable:      31904 kB
SUnreclaim:        66956 kB
KernelStack:       38704 kB
PageTables:        50428 kB
NFS_Unstable:          0 kB
Bounce:                0 kB
WritebackTmp:          0 kB
CommitLimit:     2152132 kB
Committed_AS:   120341916 kB
VmallocTotal:   251658176 kB
VmallocUsed:      138252 kB
VmallocChunk:   251433516 kB
Time pass: 369 sec

---2015-12-04 17:50:43
MemTotal:        2873608 kB
MemFree:           74160 kB
Buffers:           17804 kB
Cached:           937608 kB
SwapCached:           16 kB
Active:          1319940 kB
Inactive:         673308 kB
Active(anon):     840708 kB
Inactive(anon):   211448 kB
Active(file):     479232 kB
Inactive(file):   461860 kB
Unevictable:       13568 kB
Mlocked:               0 kB
SwapTotal:        715328 kB
SwapFree:         706384 kB
Dirty:                12 kB
Writeback:             0 kB
AnonPages:       1051344 kB
Mapped:           618544 kB
Shmem:               748 kB
Slab:              98876 kB
SReclaimable:      31904 kB
SUnreclaim:        66972 kB
KernelStack:       38704 kB
PageTables:        50428 kB
NFS_Unstable:          0 kB
Bounce:                0 kB
WritebackTmp:          0 kB
CommitLimit:     2152132 kB
Committed_AS:   120341924 kB
VmallocTotal:   251658176 kB
VmallocUsed:      138252 kB
VmallocChunk:   251433516 kB
Time pass: 373 sec

---2015-12-04 17:50:43
MemTotal:        2873608 kB
MemFree:           74116 kB
Buffers:           17820 kB
Cached:           937696 kB
SwapCached:           16 kB
Active:          1320092 kB
Inactive:         673416 kB
Active(anon):     840860 kB
Inactive(anon):   211532 kB
Active(file):     479232 kB
Inactive(file):   461884 kB
Unevictable:       13568 kB
Mlocked:               0 kB
SwapTotal:        715328 kB
SwapFree:         706384 kB
Dirty:                48 kB
Writeback:             0 kB
AnonPages:       1051512 kB
Mapped:           618720 kB
Shmem:               832 kB
Slab:              98876 kB
SReclaimable:      31904 kB
SUnreclaim:        66972 kB
KernelStack:       38704 kB
PageTables:        50460 kB
NFS_Unstable:          0 kB
Bounce:                0 kB
WritebackTmp:          0 kB
CommitLimit:     2152132 kB
Committed_AS:   120341916 kB
VmallocTotal:   251658176 kB
VmallocUsed:      138252 kB
VmallocChunk:   251433516 kB
Time pass: 377 sec

---2015-12-04 17:50:43
MemTotal:        2873608 kB
MemFree:           73252 kB
Buffers:           17836 kB
Cached:           937700 kB
SwapCached:           16 kB
Active:          1320056 kB
Inactive:         673436 kB
Active(anon):     840824 kB
Inactive(anon):   211536 kB
Active(file):     479232 kB
Inactive(file):   461900 kB
Unevictable:       13568 kB
Mlocked:               0 kB
SwapTotal:        715328 kB
SwapFree:         706384 kB
Dirty:                 0 kB
Writeback:             0 kB
AnonPages:       1051576 kB
Mapped:           618644 kB
Shmem:               836 kB
Slab:              99092 kB
SReclaimable:      31904 kB
SUnreclaim:        67188 kB
KernelStack:       38704 kB
PageTables:        50432 kB
NFS_Unstable:          0 kB
Bounce:                0 kB
WritebackTmp:          0 kB
CommitLimit:     2152132 kB
Committed_AS:   120341996 kB
VmallocTotal:   251658176 kB
VmallocUsed:      138252 kB
VmallocChunk:   251433516 kB
Time pass: 380 sec

---2015-12-04 17:50:43
MemTotal:        2873608 kB
MemFree:           76876 kB
Buffers:           17844 kB
Cached:           937700 kB
SwapCached:           16 kB
Active:          1317680 kB
Inactive:         673380 kB
Active(anon):     838384 kB
Inactive(anon):   211536 kB
Active(file):     479296 kB
Inactive(file):   461844 kB
Unevictable:       13568 kB
Mlocked:               0 kB
SwapTotal:        715328 kB
SwapFree:         706384 kB
Dirty:                28 kB
Writeback:             0 kB
AnonPages:       1049024 kB
Mapped:           617748 kB
Shmem:               836 kB
Slab:              98984 kB
SReclaimable:      31904 kB
SUnreclaim:        67080 kB
KernelStack:       38448 kB
PageTables:        49868 kB
NFS_Unstable:          0 kB
Bounce:                0 kB
WritebackTmp:          0 kB
CommitLimit:     2152132 kB
Committed_AS:   118559240 kB
VmallocTotal:   251658176 kB
VmallocUsed:      137232 kB
VmallocChunk:   251433516 kB
Time pass: 384 sec

---2015-12-04 17:50:43
MemTotal:        2873608 kB
MemFree:           76468 kB
Buffers:           17860 kB
Cached:           937700 kB
SwapCached:           16 kB
Active:          1317744 kB
Inactive:         673396 kB
Active(anon):     838448 kB
Inactive(anon):   211536 kB
Active(file):     479296 kB
Inactive(file):   461860 kB
Unevictable:       13568 kB
Mlocked:               0 kB
SwapTotal:        715328 kB
SwapFree:         706384 kB
Dirty:                60 kB
Writeback:             0 kB
AnonPages:       1049028 kB
Mapped:           617844 kB
Shmem:               836 kB
Slab:              98836 kB
SReclaimable:      31904 kB
SUnreclaim:        66932 kB
KernelStack:       38448 kB
PageTables:        49900 kB
NFS_Unstable:          0 kB
Bounce:                0 kB
WritebackTmp:          0 kB
CommitLimit:     2152132 kB
Committed_AS:   118559264 kB
VmallocTotal:   251658176 kB
VmallocUsed:      137232 kB
VmallocChunk:   251433516 kB
Time pass: 388 sec

---2015-12-04 17:50:43
MemTotal:        2873608 kB
MemFree:           76864 kB
Buffers:           17868 kB
