---2015-10-15 23:09:39
MemTotal:        1350964 kB
MemFree:           34456 kB
Buffers:            7124 kB
Cached:           673072 kB
SwapCached:            0 kB
Active:           611736 kB
Inactive:         516144 kB
Active(anon):     449852 kB
Inactive(anon):     1152 kB
Active(file):     161884 kB
Inactive(file):   514992 kB
Unevictable:        2124 kB
Mlocked:               0 kB
HighTotal:        802816 kB
HighFree:           3340 kB
LowTotal:         548148 kB
LowFree:           31116 kB
SwapTotal:             0 kB
SwapFree:              0 kB
Dirty:                12 kB
Writeback:             0 kB
AnonPages:        449748 kB
Mapped:           189924 kB
Shmem:              1196 kB
Slab:              32764 kB
SReclaimable:      11444 kB
SUnreclaim:        21320 kB
KernelStack:        9208 kB
PageTables:        19968 kB
NFS_Unstable:          0 kB
Bounce:                0 kB
WritebackTmp:          0 kB
CommitLimit:      675480 kB
Committed_AS:   48158456 kB
VmallocTotal:     253952 kB
VmallocUsed:       93048 kB
VmallocChunk:      53252 kB
Time pass: 3 sec

---2015-10-15 23:09:39
MemTotal:        1350964 kB
MemFree:           34752 kB
Buffers:            7124 kB
Cached:           673072 kB
SwapCached:            0 kB
Active:           611688 kB
Inactive:         516144 kB
Active(anon):     449804 kB
Inactive(anon):     1152 kB
Active(file):     161884 kB
Inactive(file):   514992 kB
Unevictable:        2124 kB
Mlocked:               0 kB
HighTotal:        802816 kB
HighFree:           3636 kB
LowTotal:         548148 kB
LowFree:           31116 kB
SwapTotal:             0 kB
SwapFree:              0 kB
Dirty:                 0 kB
Writeback:             0 kB
AnonPages:        449756 kB
Mapped:           189928 kB
Shmem:              1196 kB
Slab:              32780 kB
SReclaimable:      11444 kB
SUnreclaim:        21336 kB
KernelStack:        9208 kB
PageTables:        19968 kB
NFS_Unstable:          0 kB
Bounce:                0 kB
WritebackTmp:          0 kB
CommitLimit:      675480 kB
Committed_AS:   48158428 kB
VmallocTotal:     253952 kB
VmallocUsed:       93048 kB
VmallocChunk:      53252 kB
Time pass: 7 sec

---2015-10-15 23:09:39
MemTotal:        1350964 kB
MemFree:           34628 kB
Buffers:            7124 kB
Cached:           673072 kB
SwapCached:            0 kB
Active:           611720 kB
Inactive:         516128 kB
Active(anon):     449820 kB
Inactive(anon):     1152 kB
Active(file):     161900 kB
Inactive(file):   514976 kB
Unevictable:        2124 kB
Mlocked:               0 kB
HighTotal:        802816 kB
HighFree:           3636 kB
LowTotal:         548148 kB
LowFree:           30992 kB
SwapTotal:             0 kB
SwapFree:              0 kB
Dirty:                 0 kB
Writeback:             0 kB
AnonPages:        449904 kB
Mapped:           189780 kB
Shmem:              1196 kB
Slab:              32732 kB
SReclaimable:      11444 kB
SUnreclaim:        21288 kB
KernelStack:        9208 kB
PageTables:        19968 kB
NFS_Unstable:          0 kB
Bounce:                0 kB
WritebackTmp:          0 kB
CommitLimit:      675480 kB
Committed_AS:   48158336 kB
VmallocTotal:     253952 kB
VmallocUsed:       93048 kB
VmallocChunk:      53252 kB
Time pass: 10 sec

---2015-10-15 23:09:39
MemTotal:        1350964 kB
MemFree:           34504 kB
Buffers:            7124 kB
Cached:           673072 kB
SwapCached:            0 kB
Active:           611736 kB
Inactive:         516128 kB
Active(anon):     449836 kB
Inactive(anon):     1152 kB
Active(file):     161900 kB
Inactive(file):   514976 kB
Unevictable:        2124 kB
Mlocked:               0 kB
HighTotal:        802816 kB
HighFree:           3512 kB
LowTotal:         548148 kB
LowFree:           30992 kB
SwapTotal:             0 kB
SwapFree:              0 kB
Dirty:                 0 kB
Writeback:             0 kB
AnonPages:        449808 kB
Mapped:           189780 kB
Shmem:              1196 kB
Slab:              32748 kB
SReclaimable:      11444 kB
SUnreclaim:        21304 kB
KernelStack:        9208 kB
PageTables:        19968 kB
NFS_Unstable:          0 kB
Bounce:                0 kB
WritebackTmp:          0 kB
CommitLimit:      675480 kB
Committed_AS:   48158420 kB
VmallocTotal:     253952 kB
VmallocUsed:       93048 kB
VmallocChunk:      53252 kB
Time pass: 14 sec

---2015-10-15 23:09:39
MemTotal:        1350964 kB
MemFree:           34364 kB
Buffers:            7124 kB
Cached:           673072 kB
SwapCached:            0 kB
Active:           611840 kB
Inactive:         516128 kB
Active(anon):     449940 kB
Inactive(anon):     1152 kB
Active(file):     161900 kB
Inactive(file):   514976 kB
Unevictable:        2124 kB
Mlocked:               0 kB
HighTotal:        802816 kB
HighFree:           3388 kB
LowTotal:         548148 kB
LowFree:           30976 kB
SwapTotal:             0 kB
SwapFree:              0 kB
Dirty:                 0 kB
Writeback:             0 kB
AnonPages:        450056 kB
Mapped:           189900 kB
Shmem:              1196 kB
Slab:              32756 kB
SReclaimable:      11444 kB
SUnreclaim:        21312 kB
KernelStack:        9208 kB
PageTables:        19956 kB
NFS_Unstable:          0 kB
Bounce:                0 kB
WritebackTmp:          0 kB
CommitLimit:      675480 kB
Committed_AS:   48158460 kB
VmallocTotal:     253952 kB
VmallocUsed:       93048 kB
VmallocChunk:      53252 kB
Time pass: 17 sec

---2015-10-15 23:09:39
MemTotal:        1350964 kB
MemFree:           34348 kB
Buffers:            7124 kB
Cached:           673072 kB
SwapCached:            0 kB
Active:           611892 kB
Inactive:         516128 kB
Active(anon):     449992 kB
Inactive(anon):     1152 kB
Active(file):     161900 kB
Inactive(file):   514976 kB
Unevictable:        2124 kB
Mlocked:               0 kB
HighTotal:        802816 kB
HighFree:           3388 kB
LowTotal:         548148 kB
LowFree:           30960 kB
SwapTotal:             0 kB
SwapFree:              0 kB
Dirty:                 0 kB
Writeback:             0 kB
AnonPages:        449904 kB
Mapped:           189928 kB
Shmem:              1196 kB
Slab:              32808 kB
SReclaimable:      11444 kB
SUnreclaim:        21364 kB
KernelStack:        9208 kB
PageTables:        19968 kB
NFS_Unstable:          0 kB
Bounce:                0 kB
WritebackTmp:          0 kB
CommitLimit:      675480 kB
Committed_AS:   48158460 kB
VmallocTotal:     253952 kB
VmallocUsed:       93048 kB
VmallocChunk:      53252 kB
Time pass: 21 sec

---2015-10-15 23:09:39
MemTotal:        1350964 kB
MemFree:           34348 kB
Buffers:            7124 kB
Cached:           673072 kB
SwapCached:            0 kB
Active:           612012 kB
Inactive:         516128 kB
Active(anon):     450112 kB
Inactive(anon):     1152 kB
Active(file):     161900 kB
Inactive(file):   514976 kB
Unevictable:        2124 kB
Mlocked:               0 kB
HighTotal:        802816 kB
HighFree:           3512 kB
LowTotal:         548148 kB
LowFree:           30836 kB
SwapTotal:             0 kB
SwapFree:              0 kB
Dirty:                 0 kB
Writeback:             0 kB
AnonPages:        449952 kB
Mapped:           189928 kB
Shmem:              1196 kB
Slab:              32828 kB
SReclaimable:      11444 kB
SUnreclaim:        21384 kB
KernelStack:        9208 kB
PageTables:        19968 kB
NFS_Unstable:          0 kB
Bounce:                0 kB
WritebackTmp:          0 kB
CommitLimit:      675480 kB
Committed_AS:   48158468 kB
VmallocTotal:     253952 kB
VmallocUsed:       93048 kB
VmallocChunk:      53252 kB
Time pass: 25 sec

---2015-10-15 23:09:39
MemTotal:        1350964 kB
MemFree:           34100 kB
Buffers:            7124 kB
Cached:           673072 kB
SwapCached:            0 kB
Active:           611928 kB
Inactive:         516128 kB
Active(anon):     450028 kB
Inactive(anon):     1152 kB
Active(file):     161900 kB
Inactive(file):   514976 kB
Unevictable:        2124 kB
Mlocked:               0 kB
HighTotal:        802816 kB
HighFree:           3264 kB
LowTotal:         548148 kB
LowFree:           30836 kB
SwapTotal:             0 kB
SwapFree:              0 kB
Dirty:                 0 kB
Writeback:             0 kB
AnonPages:        449996 kB
Mapped:           189928 kB
Shmem:              1196 kB
Slab:              32844 kB
SReclaimable:      11444 kB
SUnreclaim:        21400 kB
KernelStack:        9208 kB
PageTables:        19968 kB
NFS_Unstable:          0 kB
Bounce:                0 kB
WritebackTmp:          0 kB
CommitLimit:      675480 kB
Committed_AS:   48158372 kB
VmallocTotal:     253952 kB
VmallocUsed:       93048 kB
VmallocChunk:      53252 kB
Time pass: 28 sec

---2015-10-15 23:09:39
MemTotal:        1350964 kB
MemFree:           33728 kB
Buffers:            7124 kB
Cached:           673072 kB
SwapCached:            0 kB
Active:           612072 kB
Inactive:         516128 kB
Active(anon):     450172 kB
Inactive(anon):     1152 kB
Active(file):     161900 kB
Inactive(file):   514976 kB
Unevictable:        2124 kB
Mlocked:               0 kB
HighTotal:        802816 kB
HighFree:           2892 kB
LowTotal:         548148 kB
LowFree:           30836 kB
SwapTotal:             0 kB
SwapFree:              0 kB
Dirty:                 0 kB
Writeback:             0 kB
AnonPages:        450080 kB
Mapped:           189928 kB
Shmem:              1196 kB
Slab:              32736 kB
SReclaimable:      11444 kB
SUnreclaim:        21292 kB
KernelStack:        9208 kB
PageTables:        19972 kB
NFS_Unstable:          0 kB
Bounce:                0 kB
WritebackTmp:          0 kB
CommitLimit:      675480 kB
Committed_AS:   48158360 kB
VmallocTotal:     253952 kB
VmallocUsed:       93048 kB
VmallocChunk:      53252 kB
Time pass: 32 sec

---2015-10-15 23:09:39
MemTotal:        1350964 kB
MemFree:           33076 kB
Buffers:            7204 kB
Cached:           673100 kB
SwapCached:            0 kB
Active:           613272 kB
Inactive:         516196 kB
Active(anon):     451332 kB
Inactive(anon):     1152 kB
Active(file):     161940 kB
Inactive(file):   515044 kB
Unevictable:        2124 kB
Mlocked:               0 kB
HighTotal:        802816 kB
HighFree:           2148 kB
LowTotal:         548148 kB
LowFree:           30928 kB
SwapTotal:             0 kB
SwapFree:              0 kB
Dirty:               140 kB
Writeback:             0 kB
AnonPages:        451192 kB
Mapped:           189780 kB
Shmem:              1196 kB
Slab:              32744 kB
SReclaimable:      11444 kB
SUnreclaim:        21300 kB
KernelStack:        9216 kB
PageTables:        19968 kB
NFS_Unstable:          0 kB
Bounce:                0 kB
WritebackTmp:          0 kB
CommitLimit:      675480 kB
Committed_AS:   48163316 kB
VmallocTotal:     253952 kB
VmallocUsed:       93048 kB
VmallocChunk:      53252 kB
Time pass: 35 sec

---2015-10-15 23:09:39
MemTotal:        1350964 kB
MemFree:           32688 kB
Buffers:            7212 kB
Cached:           673184 kB
SwapCached:            0 kB
Active:           613408 kB
Inactive:         516188 kB
Active(anon):     451368 kB
Inactive(anon):     1152 kB
Active(file):     162040 kB
Inactive(file):   515036 kB
Unevictable:        2124 kB
Mlocked:               0 kB
HighTotal:        802816 kB
HighFree:           1900 kB
LowTotal:         548148 kB
LowFree:           30788 kB
SwapTotal:             0 kB
SwapFree:              0 kB
Dirty:               180 kB
Writeback:             0 kB
AnonPages:        451284 kB
Mapped:           189960 kB
Shmem:              1196 kB
Slab:              32772 kB
SReclaimable:      11448 kB
SUnreclaim:        21324 kB
KernelStack:        9232 kB
PageTables:        19980 kB
NFS_Unstable:          0 kB
Bounce:                0 kB
WritebackTmp:          0 kB
CommitLimit:      675480 kB
Committed_AS:   48159184 kB
VmallocTotal:     253952 kB
VmallocUsed:       93048 kB
VmallocChunk:      53252 kB
Time pass: 39 sec

---2015-10-15 23:09:39
MemTotal:        1350964 kB
MemFree:           32564 kB
Buffers:            7220 kB
Cached:           673184 kB
SwapCached:            0 kB
Active:           613456 kB
Inactive:         516188 kB
Active(anon):     451416 kB
Inactive(anon):     1152 kB
Active(file):     162040 kB
Inactive(file):   515036 kB
Unevictable:        2124 kB
Mlocked:               0 kB
HighTotal:        802816 kB
HighFree:           1776 kB
LowTotal:         548148 kB
LowFree:           30788 kB
SwapTotal:             0 kB
SwapFree:              0 kB
Dirty:                16 kB
Writeback:             0 kB
AnonPages:        451484 kB
Mapped:           189960 kB
Shmem:              1196 kB
Slab:              32780 kB
SReclaimable:      11448 kB
SUnreclaim:        21332 kB
KernelStack:        9232 kB
PageTables:        19980 kB
NFS_Unstable:          0 kB
Bounce:                0 kB
WritebackTmp:          0 kB
CommitLimit:      675480 kB
Committed_AS:   48159288 kB
VmallocTotal:     253952 kB
VmallocUsed:       93048 kB
VmallocChunk:      53252 kB
Time pass: 42 sec

---2015-10-15 23:09:39
MemTotal:        1350964 kB
MemFree:           32052 kB
Buffers:            7220 kB
Cached:           673184 kB
SwapCached:            0 kB
Active:           613532 kB
Inactive:         516196 kB
Active(anon):     451492 kB
Inactive(anon):     1152 kB
Active(file):     162040 kB
Inactive(file):   515044 kB
Unevictable:        2124 kB
Mlocked:               0 kB
HighTotal:        802816 kB
HighFree:           1528 kB
LowTotal:         548148 kB
LowFree:           30524 kB
SwapTotal:             0 kB
SwapFree:              0 kB
Dirty:                 0 kB
Writeback:             0 kB
AnonPages:        451388 kB
Mapped:           189960 kB
Shmem:              1196 kB
Slab:              32792 kB
SReclaimable:      11448 kB
SUnreclaim:        21344 kB
KernelStack:        9232 kB
PageTables:        19980 kB
NFS_Unstable:          0 kB
Bounce:                0 kB
WritebackTmp:          0 kB
CommitLimit:      675480 kB
Committed_AS:   48159252 kB
VmallocTotal:     253952 kB
VmallocUsed:       93048 kB
VmallocChunk:      53252 kB
Time pass: 46 sec

---2015-10-15 23:09:39
MemTotal:        1350964 kB
MemFree:           32368 kB
Buffers:            7220 kB
Cached:           673184 kB
SwapCached:            0 kB
Active:           613556 kB
Inactive:         516196 kB
Active(anon):     451516 kB
Inactive(anon):     1152 kB
Active(file):     162040 kB
Inactive(file):   515044 kB
Unevictable:        2124 kB
Mlocked:               0 kB
HighTotal:        802816 kB
HighFree:           1528 kB
LowTotal:         548148 kB
LowFree:           30840 kB
SwapTotal:             0 kB
SwapFree:              0 kB
Dirty:                 0 kB
Writeback:             0 kB
AnonPages:        451428 kB
Mapped:           189812 kB
Shmem:              1196 kB
Slab:              32776 kB
SReclaimable:      11448 kB
SUnreclaim:        21328 kB
KernelStack:        9232 kB
PageTables:        19976 kB
NFS_Unstable:          0 kB
Bounce:                0 kB
WritebackTmp:          0 kB
CommitLimit:      675480 kB
Committed_AS:   48159252 kB
VmallocTotal:     253952 kB
VmallocUsed:       93048 kB
VmallocChunk:      53252 kB
Time pass: 49 sec

---2015-10-15 23:09:39
MemTotal:        1350964 kB
MemFree:           32764 kB
Buffers:            7220 kB
Cached:           673184 kB
SwapCached:            0 kB
Active:           613604 kB
Inactive:         516196 kB
Active(anon):     451564 kB
Inactive(anon):     1152 kB
Active(file):     162040 kB
Inactive(file):   515044 kB
Unevictable:        2124 kB
Mlocked:               0 kB
HighTotal:        802816 kB
HighFree:           1528 kB
LowTotal:         548148 kB
LowFree:           31236 kB
SwapTotal:             0 kB
SwapFree:              0 kB
Dirty:                 0 kB
Writeback:             0 kB
AnonPages:        451516 kB
Mapped:           189812 kB
Shmem:              1196 kB
Slab:              32740 kB
SReclaimable:      11448 kB
SUnreclaim:        21292 kB
KernelStack:        9232 kB
PageTables:        19980 kB
NFS_Unstable:          0 kB
Bounce:                0 kB
WritebackTmp:          0 kB
CommitLimit:      675480 kB
Committed_AS:   48159164 kB
VmallocTotal:     253952 kB
VmallocUsed:       93048 kB
VmallocChunk:      53252 kB
Time pass: 53 sec

---2015-10-15 23:09:39
MemTotal:        1350964 kB
MemFree:           32316 kB
Buffers:            7220 kB
Cached:           673184 kB
SwapCached:            0 kB
Active:           613640 kB
Inactive:         516196 kB
Active(anon):     451600 kB
Inactive(anon):     1152 kB
Active(file):     162040 kB
Inactive(file):   515044 kB
Unevictable:        2124 kB
Mlocked:               0 kB
HighTotal:        802816 kB
HighFree:           1528 kB
LowTotal:         548148 kB
LowFree:           30788 kB
SwapTotal:             0 kB
SwapFree:              0 kB
Dirty:                 0 kB
Writeback:             0 kB
AnonPages:        451596 kB
Mapped:           189916 kB
Shmem:              1196 kB
Slab:              32732 kB
SReclaimable:      11448 kB
SUnreclaim:        21284 kB
KernelStack:        9232 kB
PageTables:        19948 kB
NFS_Unstable:          0 kB
Bounce:                0 kB
WritebackTmp:          0 kB
CommitLimit:      675480 kB
Committed_AS:   48159288 kB
VmallocTotal:     253952 kB
VmallocUsed:       93048 kB
VmallocChunk:      53252 kB
Time pass: 57 sec

---2015-10-15 23:09:39
MemTotal:        1350964 kB
MemFree:           32292 kB
Buffers:            7220 kB
Cached:           673184 kB
SwapCached:            0 kB
Active:           613696 kB
Inactive:         516196 kB
Active(anon):     451656 kB
Inactive(anon):     1152 kB
Active(file):     162040 kB
Inactive(file):   515044 kB
Unevictable:        2124 kB
Mlocked:               0 kB
HighTotal:        802816 kB
HighFree:           1528 kB
LowTotal:         548148 kB
LowFree:           30764 kB
SwapTotal:             0 kB
SwapFree:              0 kB
Dirty:                 0 kB
Writeback:             0 kB
AnonPages:        451600 kB
Mapped:           189812 kB
Shmem:              1196 kB
Slab:              32708 kB
SReclaimable:      11448 kB
SUnreclaim:        21260 kB
KernelStack:        9232 kB
PageTables:        19980 kB
NFS_Unstable:          0 kB
Bounce:                0 kB
WritebackTmp:          0 kB
CommitLimit:      675480 kB
Committed_AS:   48159256 kB
VmallocTotal:     253952 kB
VmallocUsed:       93048 kB
VmallocChunk:      53252 kB
Time pass: 60 sec

---2015-10-15 23:09:39
MemTotal:        1350964 kB
MemFree:           32192 kB
Buffers:            7220 kB
Cached:           673184 kB
SwapCached:            0 kB
Active:           613936 kB
Inactive:         516196 kB
Active(anon):     451896 kB
Inactive(anon):     1152 kB
Active(file):     162040 kB
Inactive(file):   515044 kB
Unevictable:        2124 kB
Mlocked:               0 kB
HighTotal:        802816 kB
HighFree:           1528 kB
LowTotal:         548148 kB
LowFree:           30664 kB
SwapTotal:             0 kB
SwapFree:              0 kB
Dirty:                 0 kB
Writeback:             0 kB
AnonPages:        451788 kB
Mapped:           189960 kB
Shmem:              1196 kB
Slab:              32712 kB
SReclaimable:      11448 kB
SUnreclaim:        21264 kB
KernelStack:        9232 kB
PageTables:        19980 kB
NFS_Unstable:          0 kB
Bounce:                0 kB
WritebackTmp:          0 kB
CommitLimit:      675480 kB
Committed_AS:   48159288 kB
VmallocTotal:     253952 kB
VmallocUsed:       93048 kB
VmallocChunk:      53252 kB
Time pass: 64 sec

---2015-10-15 23:09:39
MemTotal:        1350964 kB
MemFree:           32020 kB
Buffers:            7220 kB
Cached:           673184 kB
SwapCached:            0 kB
Active:           613964 kB
Inactive:         516196 kB
Active(anon):     451924 kB
Inactive(anon):     1152 kB
Active(file):     162040 kB
Inactive(file):   515044 kB
Unevictable:        2124 kB
Mlocked:               0 kB
HighTotal:        802816 kB
HighFree:           1528 kB
LowTotal:         548148 kB
LowFree:           30492 kB
SwapTotal:             0 kB
SwapFree:              0 kB
Dirty:                 0 kB
Writeback:             0 kB
AnonPages:        451980 kB
Mapped:           189960 kB
Shmem:              1196 kB
Slab:              32696 kB
SReclaimable:      11448 kB
SUnreclaim:        21248 kB
KernelStack:        9232 kB
PageTables:        19980 kB
NFS_Unstable:          0 kB
Bounce:                0 kB
WritebackTmp:          0 kB
CommitLimit:      675480 kB
Committed_AS:   48159264 kB
VmallocTotal:     253952 kB
VmallocUsed:       93048 kB
VmallocChunk:      53252 kB
Time pass: 67 sec

---2015-10-15 23:09:39
MemTotal:        1350964 kB
MemFree:           31560 kB
Buffers:            7260 kB
Cached:           688172 kB
SwapCached:            0 kB
Active:           621724 kB
Inactive:         530932 kB
Active(anon):     459400 kB
Inactive(anon):     1152 kB
Active(file):     162324 kB
Inactive(file):   529780 kB
Unevictable:        2124 kB
Mlocked:               0 kB
HighTotal:        802816 kB
HighFree:           1900 kB
LowTotal:         548148 kB
LowFree:           29660 kB
SwapTotal:             0 kB
SwapFree:              0 kB
Dirty:               796 kB
Writeback:             0 kB
AnonPages:        459508 kB
Mapped:           204264 kB
Shmem:              1196 kB
Slab:              32856 kB
SReclaimable:      11476 kB
SUnreclaim:        21380 kB
KernelStack:        9392 kB
PageTables:        20452 kB
NFS_Unstable:          0 kB
Bounce:                0 kB
WritebackTmp:          0 kB
CommitLimit:      675480 kB
Committed_AS:   49027248 kB
VmallocTotal:     253952 kB
VmallocUsed:       94212 kB
VmallocChunk:      53252 kB
Time pass: 71 sec

---2015-10-15 23:09:39
MemTotal:        1350964 kB
MemFree:           30896 kB
Buffers:            6732 kB
Cached:           617452 kB
SwapCached:            0 kB
Active:           651708 kB
Inactive:         452848 kB
Active(anon):     482584 kB
Inactive(anon):     1284 kB
Active(file):     169124 kB
Inactive(file):   451564 kB
Unevictable:        2124 kB
Mlocked:               0 kB
HighTotal:        802816 kB
HighFree:           3316 kB
LowTotal:         548148 kB
LowFree:           27580 kB
SwapTotal:             0 kB
SwapFree:              0 kB
Dirty:               972 kB
Writeback:             0 kB
AnonPages:        482612 kB
Mapped:           212080 kB
Shmem:              1328 kB
Slab:              32992 kB
SReclaimable:      11548 kB
SUnreclaim:        21444 kB
KernelStack:        9680 kB
PageTables:        20700 kB
NFS_Unstable:          0 kB
Bounce:                0 kB
WritebackTmp:          0 kB
CommitLimit:      675480 kB
Committed_AS:   49117452 kB
VmallocTotal:     253952 kB
VmallocUsed:       95200 kB
VmallocChunk:      53252 kB
Time pass: 74 sec

---2015-10-15 23:09:39
MemTotal:        1350964 kB
MemFree:           29604 kB
Buffers:            6408 kB
Cached:           596904 kB
SwapCached:            0 kB
Active:           660484 kB
Inactive:         430916 kB
Active(anon):     490256 kB
Inactive(anon):     1284 kB
Active(file):     170228 kB
Inactive(file):   429632 kB
Unevictable:        2124 kB
Mlocked:               0 kB
HighTotal:        802816 kB
HighFree:           1872 kB
LowTotal:         548148 kB
LowFree:           27732 kB
SwapTotal:             0 kB
SwapFree:              0 kB
Dirty:               348 kB
Writeback:             0 kB
AnonPages:        490280 kB
Mapped:           213724 kB
Shmem:              1328 kB
Slab:              33100 kB
SReclaimable:      11624 kB
SUnreclaim:        21476 kB
KernelStack:        9704 kB
PageTables:        20756 kB
NFS_Unstable:          0 kB
Bounce:                0 kB
WritebackTmp:          0 kB
CommitLimit:      675480 kB
Committed_AS:   49141176 kB
VmallocTotal:     253952 kB
VmallocUsed:       95200 kB
VmallocChunk:      53252 kB
Time pass: 78 sec

---2015-10-15 23:09:39
MemTotal:        1350964 kB
MemFree:           33388 kB
Buffers:            6424 kB
Cached:           586644 kB
SwapCached:            0 kB
Active:           658424 kB
Inactive:         420656 kB
Active(anon):     488188 kB
Inactive(anon):     1284 kB
Active(file):     170236 kB
Inactive(file):   419372 kB
Unevictable:        2124 kB
Mlocked:               0 kB
HighTotal:        802816 kB
HighFree:           2320 kB
LowTotal:         548148 kB
LowFree:           31068 kB
SwapTotal:             0 kB
SwapFree:              0 kB
Dirty:               148 kB
Writeback:             0 kB
AnonPages:        488280 kB
Mapped:           213852 kB
Shmem:              1328 kB
Slab:              33220 kB
SReclaimable:      11636 kB
SUnreclaim:        21584 kB
KernelStack:        9704 kB
PageTables:        20784 kB
NFS_Unstable:          0 kB
Bounce:                0 kB
WritebackTmp:          0 kB
CommitLimit:      675480 kB
Committed_AS:   49149536 kB
VmallocTotal:     253952 kB
VmallocUsed:       95200 kB
VmallocChunk:      53252 kB
Time pass: 81 sec

---2015-10-15 23:09:39
MemTotal:        1350964 kB
MemFree:           33212 kB
Buffers:            6432 kB
Cached:           586636 kB
SwapCached:            0 kB
Active:           658520 kB
Inactive:         420664 kB
Active(anon):     488284 kB
Inactive(anon):     1284 kB
Active(file):     170236 kB
Inactive(file):   419380 kB
Unevictable:        2124 kB
Mlocked:               0 kB
HighTotal:        802816 kB
HighFree:           2244 kB
LowTotal:         548148 kB
LowFree:           30968 kB
SwapTotal:             0 kB
SwapFree:              0 kB
Dirty:                 0 kB
Writeback:             0 kB
AnonPages:        488196 kB
Mapped:           213852 kB
Shmem:              1328 kB
Slab:              33220 kB
SReclaimable:      11636 kB
SUnreclaim:        21584 kB
KernelStack:        9704 kB
PageTables:        20780 kB
NFS_Unstable:          0 kB
Bounce:                0 kB
WritebackTmp:          0 kB
CommitLimit:      675480 kB
Committed_AS:   49149484 kB
VmallocTotal:     253952 kB
VmallocUsed:       95200 kB
VmallocChunk:      53252 kB
Time pass: 85 sec

---2015-10-15 23:09:39
MemTotal:        1350964 kB
MemFree:           32472 kB
Buffers:            6372 kB
Cached:           555740 kB
SwapCached:            0 kB
Active:           671456 kB
Inactive:         388964 kB
Active(anon):     500476 kB
Inactive(anon):     1284 kB
Active(file):     170980 kB
Inactive(file):   387680 kB
Unevictable:        2124 kB
Mlocked:               0 kB
HighTotal:        802816 kB
HighFree:           2864 kB
LowTotal:         548148 kB
LowFree:           29608 kB
SwapTotal:             0 kB
SwapFree:              0 kB
Dirty:                48 kB
Writeback:             0 kB
AnonPages:        500384 kB
Mapped:           214100 kB
Shmem:              1328 kB
Slab:              33168 kB
SReclaimable:      11660 kB
SUnreclaim:        21508 kB
KernelStack:        9720 kB
PageTables:        20992 kB
NFS_Unstable:          0 kB
Bounce:                0 kB
WritebackTmp:          0 kB
CommitLimit:      675480 kB
Committed_AS:   49249424 kB
VmallocTotal:     253952 kB
VmallocUsed:       95652 kB
VmallocChunk:      53252 kB
Time pass: 88 sec

---2015-10-15 23:09:39
MemTotal:        1350964 kB
MemFree:           31828 kB
Buffers:            6380 kB
Cached:           555824 kB
SwapCached:            0 kB
Active:           672976 kB
Inactive:         389056 kB
Active(anon):     501996 kB
Inactive(anon):     1284 kB
Active(file):     170980 kB
Inactive(file):   387772 kB
Unevictable:        2124 kB
Mlocked:               0 kB
HighTotal:        802816 kB
HighFree:           1500 kB
LowTotal:         548148 kB
LowFree:           30328 kB
SwapTotal:             0 kB
SwapFree:              0 kB
Dirty:                 0 kB
Writeback:             0 kB
AnonPages:        502216 kB
Mapped:           214392 kB
Shmem:              1328 kB
Slab:              33164 kB
SReclaimable:      11660 kB
SUnreclaim:        21504 kB
KernelStack:        9728 kB
PageTables:        20976 kB
NFS_Unstable:          0 kB
Bounce:                0 kB
WritebackTmp:          0 kB
CommitLimit:      675480 kB
Committed_AS:   49247072 kB
VmallocTotal:     253952 kB
VmallocUsed:       95652 kB
VmallocChunk:      53252 kB
Time pass: 92 sec

---2015-10-15 23:09:39
MemTotal:        1350964 kB
MemFree:           33784 kB
Buffers:            6360 kB
Cached:           551464 kB
SwapCached:            0 kB
Active:           685592 kB
Inactive:         384732 kB
Active(anon):     514460 kB
Inactive(anon):     1288 kB
Active(file):     171132 kB
Inactive(file):   383444 kB
Unevictable:        2124 kB
Mlocked:               0 kB
HighTotal:        802816 kB
HighFree:           2776 kB
LowTotal:         548148 kB
LowFree:           31008 kB
SwapTotal:             0 kB
SwapFree:              0 kB
Dirty:               372 kB
Writeback:             0 kB
AnonPages:        514288 kB
Mapped:           218056 kB
Shmem:              1332 kB
Slab:              33404 kB
SReclaimable:      11668 kB
SUnreclaim:        21736 kB
KernelStack:        9776 kB
PageTables:        20992 kB
NFS_Unstable:          0 kB
Bounce:                0 kB
WritebackTmp:          0 kB
CommitLimit:      675480 kB
Committed_AS:   49246600 kB
VmallocTotal:     253952 kB
VmallocUsed:       95752 kB
VmallocChunk:      53252 kB
Time pass: 95 sec

---2015-10-15 23:09:39
MemTotal:        1350964 kB
MemFree:           35332 kB
Buffers:            6220 kB
Cached:           530444 kB
SwapCached:            0 kB
Active:           688136 kB
Inactive:         363008 kB
Active(anon):     516696 kB
Inactive(anon):     1288 kB
Active(file):     171440 kB
Inactive(file):   361720 kB
Unevictable:        2124 kB
Mlocked:               0 kB
HighTotal:        802816 kB
HighFree:           1996 kB
LowTotal:         548148 kB
LowFree:           33336 kB
SwapTotal:             0 kB
SwapFree:              0 kB
Dirty:              3792 kB
Writeback:             0 kB
AnonPages:        516568 kB
Mapped:           218100 kB
Shmem:              1332 kB
Slab:              33572 kB
SReclaimable:      11804 kB
SUnreclaim:        21768 kB
KernelStack:        9784 kB
PageTables:        21052 kB
NFS_Unstable:          0 kB
Bounce:                0 kB
WritebackTmp:          0 kB
CommitLimit:      675480 kB
Committed_AS:   49265484 kB
VmallocTotal:     253952 kB
VmallocUsed:       95752 kB
VmallocChunk:      53252 kB
Time pass: 99 sec

---2015-10-15 23:09:39
MemTotal:        1350964 kB
MemFree:           32480 kB
Buffers:            6228 kB
Cached:           530444 kB
SwapCached:            0 kB
Active:           688024 kB
Inactive:         363056 kB
Active(anon):     516584 kB
Inactive(anon):     1288 kB
Active(file):     171440 kB
Inactive(file):   361768 kB
Unevictable:        2124 kB
Mlocked:               0 kB
HighTotal:        802816 kB
HighFree:           1824 kB
LowTotal:         548148 kB
LowFree:           30656 kB
SwapTotal:             0 kB
SwapFree:              0 kB
Dirty:               196 kB
Writeback:           148 kB
AnonPages:        516468 kB
Mapped:           218100 kB
Shmem:              1332 kB
Slab:              33608 kB
SReclaimable:      11804 kB
SUnreclaim:        21804 kB
KernelStack:        9784 kB
PageTables:        21056 kB
NFS_Unstable:          0 kB
Bounce:                0 kB
WritebackTmp:          0 kB
CommitLimit:      675480 kB
Committed_AS:   49268184 kB
VmallocTotal:     253952 kB
VmallocUsed:       95752 kB
VmallocChunk:      53252 kB
Time pass: 102 sec

---2015-10-15 23:09:39
MemTotal:        1350964 kB
MemFree:           32136 kB
Buffers:            6280 kB
Cached:           527632 kB
SwapCached:            0 kB
Active:           688592 kB
Inactive:         360272 kB
Active(anon):     517152 kB
Inactive(anon):     1288 kB
Active(file):     171440 kB
Inactive(file):   358984 kB
Unevictable:        2124 kB
Mlocked:               0 kB
HighTotal:        802816 kB
HighFree:           2800 kB
LowTotal:         548148 kB
LowFree:           29336 kB
SwapTotal:             0 kB
SwapFree:              0 kB
Dirty:               108 kB
Writeback:             0 kB
AnonPages:        517052 kB
Mapped:           217952 kB
Shmem:              1332 kB
Slab:              33752 kB
SReclaimable:      11808 kB
SUnreclaim:        21944 kB
KernelStack:        9784 kB
PageTables:        21060 kB
NFS_Unstable:          0 kB
Bounce:                0 kB
WritebackTmp:          0 kB
CommitLimit:      675480 kB
Committed_AS:   49269492 kB
VmallocTotal:     253952 kB
VmallocUsed:       95752 kB
VmallocChunk:      53252 kB
Time pass: 106 sec

---2015-10-15 23:09:39
MemTotal:        1350964 kB
MemFree:           32984 kB
Buffers:            6284 kB
Cached:           520268 kB
SwapCached:            0 kB
Active:           694128 kB
Inactive:         352508 kB
Active(anon):     522232 kB
Inactive(anon):     1288 kB
Active(file):     171896 kB
Inactive(file):   351220 kB
Unevictable:        2124 kB
Mlocked:               0 kB
HighTotal:        802816 kB
HighFree:           2844 kB
LowTotal:         548148 kB
LowFree:           30140 kB
SwapTotal:             0 kB
SwapFree:              0 kB
Dirty:               392 kB
Writeback:             0 kB
AnonPages:        522248 kB
Mapped:           218112 kB
Shmem:              1332 kB
Slab:              33672 kB
SReclaimable:      11820 kB
SUnreclaim:        21852 kB
KernelStack:        9784 kB
PageTables:        21064 kB
NFS_Unstable:          0 kB
Bounce:                0 kB
WritebackTmp:          0 kB
CommitLimit:      675480 kB
Committed_AS:   49277132 kB
VmallocTotal:     253952 kB
VmallocUsed:       95752 kB
VmallocChunk:      53252 kB
Time pass: 110 sec

---2015-10-15 23:09:39
MemTotal:        1350964 kB
MemFree:           33984 kB
Buffers:            6284 kB
Cached:           516028 kB
SwapCached:            0 kB
Active:           693352 kB
Inactive:         348088 kB
Active(anon):     521300 kB
Inactive(anon):     1288 kB
Active(file):     172052 kB
Inactive(file):   346800 kB
Unevictable:        2124 kB
Mlocked:               0 kB
HighTotal:        802816 kB
HighFree:           3312 kB
LowTotal:         548148 kB
LowFree:           30672 kB
SwapTotal:             0 kB
SwapFree:              0 kB
Dirty:                 0 kB
Writeback:             0 kB
AnonPages:        521168 kB
Mapped:           218012 kB
Shmem:              1332 kB
Slab:              33784 kB
SReclaimable:      11832 kB
SUnreclaim:        21952 kB
KernelStack:        9784 kB
PageTables:        21076 kB
NFS_Unstable:          0 kB
Bounce:                0 kB
WritebackTmp:          0 kB
CommitLimit:      675480 kB
Committed_AS:   49279652 kB
VmallocTotal:     253952 kB
VmallocUsed:       95752 kB
VmallocChunk:      53252 kB
Time pass: 113 sec

---2015-10-15 23:09:39
MemTotal:        1350964 kB
MemFree:           31508 kB
Buffers:            6300 kB
Cached:           502236 kB
SwapCached:            0 kB
Active:           706308 kB
Inactive:         334196 kB
Active(anon):     534148 kB
Inactive(anon):     1420 kB
Active(file):     172160 kB
Inactive(file):   332776 kB
Unevictable:        2124 kB
Mlocked:               0 kB
HighTotal:        802816 kB
HighFree:           2120 kB
LowTotal:         548148 kB
LowFree:           29388 kB
SwapTotal:             0 kB
SwapFree:              0 kB
Dirty:                88 kB
Writeback:             0 kB
AnonPages:        534140 kB
Mapped:           221288 kB
Shmem:              1468 kB
Slab:              33852 kB
SReclaimable:      11852 kB
SUnreclaim:        22000 kB
KernelStack:        9976 kB
PageTables:        21224 kB
NFS_Unstable:          0 kB
Bounce:                0 kB
WritebackTmp:          0 kB
CommitLimit:      675480 kB
Committed_AS:   49310272 kB
VmallocTotal:     253952 kB
VmallocUsed:       96412 kB
VmallocChunk:      53252 kB
Time pass: 117 sec

---2015-10-15 23:09:39
MemTotal:        1350964 kB
MemFree:           30284 kB
Buffers:            6316 kB
Cached:           494420 kB
SwapCached:            0 kB
Active:           713988 kB
Inactive:         325684 kB
Active(anon):     541156 kB
Inactive(anon):     1484 kB
Active(file):     172832 kB
Inactive(file):   324200 kB
Unevictable:        2124 kB
Mlocked:               0 kB
HighTotal:        802816 kB
HighFree:           1532 kB
LowTotal:         548148 kB
LowFree:           28752 kB
SwapTotal:             0 kB
SwapFree:              0 kB
Dirty:                 0 kB
Writeback:             0 kB
AnonPages:        541236 kB
Mapped:           221336 kB
Shmem:              1580 kB
Slab:              33912 kB
SReclaimable:      11808 kB
SUnreclaim:        22104 kB
KernelStack:        9984 kB
PageTables:        21216 kB
NFS_Unstable:          0 kB
Bounce:                0 kB
WritebackTmp:          0 kB
CommitLimit:      675480 kB
Committed_AS:   49319324 kB
VmallocTotal:     253952 kB
VmallocUsed:       96964 kB
VmallocChunk:      53252 kB
Time pass: 120 sec

---2015-10-15 23:09:39
MemTotal:        1350964 kB
MemFree:           31892 kB
Buffers:            6324 kB
Cached:           486720 kB
SwapCached:            0 kB
Active:           719528 kB
Inactive:         318100 kB
Active(anon):     546696 kB
Inactive(anon):     1560 kB
Active(file):     172832 kB
Inactive(file):   316540 kB
Unevictable:        2124 kB
Mlocked:               0 kB
HighTotal:        802816 kB
HighFree:           2800 kB
LowTotal:         548148 kB
LowFree:           29092 kB
SwapTotal:             0 kB
SwapFree:              0 kB
Dirty:                 4 kB
Writeback:             0 kB
AnonPages:        546852 kB
Mapped:           222080 kB
Shmem:              1608 kB
Slab:              34060 kB
SReclaimable:      11808 kB
SUnreclaim:        22252 kB
KernelStack:       10016 kB
PageTables:        21504 kB
NFS_Unstable:          0 kB
Bounce:                0 kB
WritebackTmp:          0 kB
CommitLimit:      675480 kB
Committed_AS:   50318924 kB
VmallocTotal:     253952 kB
VmallocUsed:       96964 kB
VmallocChunk:      53252 kB
Time pass: 124 sec

---2015-10-15 23:09:39
MemTotal:        1350964 kB
MemFree:          191004 kB
Buffers:            6332 kB
Cached:           485672 kB
SwapCached:            0 kB
Active:           647232 kB
Inactive:         316712 kB
Active(anon):     474108 kB
Inactive(anon):     1152 kB
Active(file):     173124 kB
Inactive(file):   315560 kB
Unevictable:        2124 kB
Mlocked:               0 kB
HighTotal:        802816 kB
HighFree:         100156 kB
LowTotal:         548148 kB
LowFree:           90848 kB
SwapTotal:             0 kB
SwapFree:              0 kB
Dirty:               188 kB
Writeback:             0 kB
AnonPages:        474072 kB
Mapped:           192276 kB
Shmem:              1196 kB
Slab:              33832 kB
SReclaimable:      11808 kB
SUnreclaim:        22024 kB
KernelStack:        9272 kB
PageTables:        20180 kB
NFS_Unstable:          0 kB
Bounce:                0 kB
WritebackTmp:          0 kB
CommitLimit:      675480 kB
Committed_AS:   48242892 kB
VmallocTotal:     253952 kB
VmallocUsed:       94532 kB
VmallocChunk:      53252 kB
Time pass: 127 sec

---2015-10-15 23:09:39
MemTotal:        1350964 kB
MemFree:          191176 kB
Buffers:            6340 kB
Cached:           485672 kB
SwapCached:            0 kB
Active:           647276 kB
Inactive:         316712 kB
Active(anon):     474152 kB
Inactive(anon):     1152 kB
Active(file):     173124 kB
Inactive(file):   315560 kB
Unevictable:        2124 kB
Mlocked:               0 kB
HighTotal:        802816 kB
HighFree:         100328 kB
LowTotal:         548148 kB
LowFree:           90848 kB
SwapTotal:             0 kB
SwapFree:              0 kB
Dirty:                20 kB
Writeback:             0 kB
AnonPages:        474028 kB
Mapped:           192424 kB
Shmem:              1196 kB
Slab:              33864 kB
SReclaimable:      11808 kB
SUnreclaim:        22056 kB
KernelStack:        9272 kB
PageTables:        20176 kB
NFS_Unstable:          0 kB
Bounce:                0 kB
WritebackTmp:          0 kB
CommitLimit:      675480 kB
Committed_AS:   48242832 kB
VmallocTotal:     253952 kB
VmallocUsed:       94532 kB
VmallocChunk:      53252 kB
Time pass: 131 sec

---2015-10-15 23:09:39
MemTotal:        1350964 kB
MemFree:          190688 kB
Buffers:            6348 kB
Cached:           485664 kB
SwapCached:            0 kB
Active:           648056 kB
Inactive:         316720 kB
Active(anon):     474932 kB
Inactive(anon):     1152 kB
Active(file):     173124 kB
Inactive(file):   315568 kB
Unevictable:        2124 kB
Mlocked:               0 kB
HighTotal:        802816 kB
HighFree:          99832 kB
LowTotal:         548148 kB
LowFree:           90856 kB
SwapTotal:             0 kB
SwapFree:              0 kB
Dirty:                20 kB
Writeback:             0 kB
AnonPages:        475120 kB
Mapped:           192432 kB
Shmem:              1196 kB
Slab:              33796 kB
SReclaimable:      11808 kB
SUnreclaim:        21988 kB
KernelStack:        9264 kB
PageTables:        20148 kB
NFS_Unstable:          0 kB
Bounce:                0 kB
WritebackTmp:          0 kB
CommitLimit:      675480 kB
Committed_AS:   48244044 kB
VmallocTotal:     253952 kB
VmallocUsed:       94532 kB
VmallocChunk:      53252 kB
Time pass: 134 sec

---2015-10-15 23:09:39
MemTotal:        1350964 kB
MemFree:          161892 kB
Buffers:            6372 kB
Cached:           485784 kB
SwapCached:            0 kB
Active:           660480 kB
Inactive:         316504 kB
Active(anon):     486996 kB
Inactive(anon):     1152 kB
Active(file):     173484 kB
Inactive(file):   315352 kB
Unevictable:        2124 kB
Mlocked:               0 kB
HighTotal:        802816 kB
HighFree:          83092 kB
LowTotal:         548148 kB
LowFree:           78800 kB
SwapTotal:             0 kB
SwapFree:              0 kB
Dirty:               804 kB
Writeback:             0 kB
AnonPages:        486960 kB
Mapped:           209460 kB
Shmem:              1196 kB
Slab:              33812 kB
SReclaimable:      11832 kB
SUnreclaim:        21980 kB
KernelStack:        9456 kB
PageTables:        20716 kB
NFS_Unstable:          0 kB
Bounce:                0 kB
WritebackTmp:          0 kB
CommitLimit:      675480 kB
Committed_AS:   49169728 kB
VmallocTotal:     253952 kB
VmallocUsed:       96532 kB
VmallocChunk:      41988 kB
Time pass: 138 sec

---2015-10-15 23:09:39
MemTotal:        1350964 kB
MemFree:          120520 kB
Buffers:            6408 kB
Cached:           485892 kB
SwapCached:            0 kB
Active:           674048 kB
Inactive:         316444 kB
Active(anon):     500360 kB
Inactive(anon):     1284 kB
Active(file):     173688 kB
Inactive(file):   315160 kB
Unevictable:        2124 kB
Mlocked:               0 kB
HighTotal:        802816 kB
HighFree:          48076 kB
LowTotal:         548148 kB
LowFree:           72444 kB
SwapTotal:             0 kB
SwapFree:              0 kB
Dirty:               152 kB
Writeback:             0 kB
AnonPages:        500336 kB
Mapped:           213908 kB
Shmem:              1328 kB
Slab:              33828 kB
SReclaimable:      11832 kB
SUnreclaim:        21996 kB
KernelStack:        9688 kB
PageTables:        20920 kB
NFS_Unstable:          0 kB
Bounce:                0 kB
WritebackTmp:          0 kB
CommitLimit:      675480 kB
Committed_AS:   49222504 kB
VmallocTotal:     253952 kB
VmallocUsed:       96648 kB
VmallocChunk:      41988 kB
Time pass: 141 sec

---2015-10-15 23:09:39
MemTotal:        1350964 kB
MemFree:          118836 kB
Buffers:            6408 kB
Cached:           485968 kB
SwapCached:            0 kB
Active:           672740 kB
Inactive:         316428 kB
Active(anon):     498960 kB
Inactive(anon):     1284 kB
Active(file):     173780 kB
Inactive(file):   315144 kB
Unevictable:        2124 kB
Mlocked:               0 kB
HighTotal:        802816 kB
HighFree:          46636 kB
LowTotal:         548148 kB
LowFree:           72200 kB
SwapTotal:             0 kB
SwapFree:              0 kB
Dirty:               268 kB
Writeback:             0 kB
AnonPages:        498956 kB
Mapped:           214108 kB
Shmem:              1328 kB
Slab:              33844 kB
SReclaimable:      11840 kB
SUnreclaim:        22004 kB
KernelStack:        9696 kB
PageTables:        20924 kB
NFS_Unstable:          0 kB
Bounce:                0 kB
WritebackTmp:          0 kB
CommitLimit:      675480 kB
Committed_AS:   49222252 kB
VmallocTotal:     253952 kB
VmallocUsed:       96648 kB
VmallocChunk:      41988 kB
Time pass: 145 sec

---2015-10-15 23:09:39
MemTotal:        1350964 kB
MemFree:          110236 kB
Buffers:            6416 kB
Cached:           486156 kB
SwapCached:            0 kB
Active:           681344 kB
Inactive:         316456 kB
Active(anon):     507452 kB
Inactive(anon):     1288 kB
Active(file):     173892 kB
Inactive(file):   315168 kB
Unevictable:        2124 kB
Mlocked:               0 kB
HighTotal:        802816 kB
HighFree:          39272 kB
LowTotal:         548148 kB
LowFree:           70964 kB
SwapTotal:             0 kB
SwapFree:              0 kB
Dirty:               320 kB
Writeback:             0 kB
AnonPages:        507408 kB
Mapped:           218224 kB
Shmem:              1332 kB
Slab:              33892 kB
SReclaimable:      11836 kB
SUnreclaim:        22056 kB
KernelStack:        9704 kB
PageTables:        20944 kB
NFS_Unstable:          0 kB
Bounce:                0 kB
WritebackTmp:          0 kB
CommitLimit:      675480 kB
Committed_AS:   49232560 kB
VmallocTotal:     253952 kB
VmallocUsed:       96648 kB
VmallocChunk:      41988 kB
Time pass: 148 sec

---2015-10-15 23:09:39
MemTotal:        1350964 kB
MemFree:           90804 kB
Buffers:            6424 kB
Cached:           488256 kB
SwapCached:            0 kB
Active:           689724 kB
Inactive:         314984 kB
Active(anon):     512228 kB
Inactive(anon):     1280 kB
Active(file):     177496 kB
Inactive(file):   313704 kB
Unevictable:        2124 kB
Mlocked:               0 kB
HighTotal:        802816 kB
HighFree:          22376 kB
LowTotal:         548148 kB
LowFree:           68428 kB
SwapTotal:             0 kB
SwapFree:              0 kB
Dirty:              1896 kB
Writeback:             0 kB
AnonPages:        512120 kB
Mapped:           218348 kB
Shmem:              1324 kB
Slab:              33904 kB
SReclaimable:      11860 kB
SUnreclaim:        22044 kB
KernelStack:        9744 kB
PageTables:        20976 kB
NFS_Unstable:          0 kB
Bounce:                0 kB
WritebackTmp:          0 kB
CommitLimit:      675480 kB
Committed_AS:   49245360 kB
VmallocTotal:     253952 kB
VmallocUsed:       96648 kB
VmallocChunk:      41988 kB
Time pass: 152 sec

---2015-10-15 23:09:39
MemTotal:        1350964 kB
MemFree:           76128 kB
Buffers:            6432 kB
Cached:           490168 kB
SwapCached:            0 kB
Active:           694240 kB
Inactive:         313216 kB
Active(anon):     513024 kB
Inactive(anon):     1280 kB
Active(file):     181216 kB
Inactive(file):   311936 kB
Unevictable:        2124 kB
Mlocked:               0 kB
HighTotal:        802816 kB
HighFree:           9492 kB
LowTotal:         548148 kB
LowFree:           66636 kB
SwapTotal:             0 kB
SwapFree:              0 kB
Dirty:                12 kB
Writeback:          3256 kB
AnonPages:        513040 kB
Mapped:           218348 kB
Shmem:              1324 kB
Slab:              34016 kB
SReclaimable:      11868 kB
SUnreclaim:        22148 kB
KernelStack:        9736 kB
PageTables:        20996 kB
NFS_Unstable:          0 kB
Bounce:                0 kB
WritebackTmp:          0 kB
CommitLimit:      675480 kB
Committed_AS:   49256208 kB
VmallocTotal:     253952 kB
VmallocUsed:       96648 kB
VmallocChunk:      41988 kB
Time pass: 155 sec

---2015-10-15 23:09:39
MemTotal:        1350964 kB
MemFree:           66176 kB
Buffers:            6432 kB
Cached:           490176 kB
SwapCached:            0 kB
Active:           697816 kB
Inactive:         313224 kB
Active(anon):     516600 kB
Inactive(anon):     1280 kB
Active(file):     181216 kB
Inactive(file):   311944 kB
Unevictable:        2124 kB
Mlocked:               0 kB
HighTotal:        802816 kB
HighFree:           2848 kB
LowTotal:         548148 kB
LowFree:           63328 kB
SwapTotal:             0 kB
SwapFree:              0 kB
Dirty:               372 kB
Writeback:             0 kB
AnonPages:        516596 kB
Mapped:           218344 kB
Shmem:              1324 kB
Slab:              34044 kB
SReclaimable:      11868 kB
SUnreclaim:        22176 kB
KernelStack:        9720 kB
PageTables:        21000 kB
NFS_Unstable:          0 kB
Bounce:                0 kB
WritebackTmp:          0 kB
CommitLimit:      675480 kB
Committed_AS:   49265676 kB
VmallocTotal:     253952 kB
VmallocUsed:       96648 kB
VmallocChunk:      41988 kB
Time pass: 159 sec

---2015-10-15 23:09:39
MemTotal:        1350964 kB
MemFree:           65832 kB
Buffers:            6440 kB
Cached:           490180 kB
SwapCached:            0 kB
Active:           698344 kB
Inactive:         313224 kB
Active(anon):     517124 kB
Inactive(anon):     1280 kB
Active(file):     181220 kB
Inactive(file):   311944 kB
Unevictable:        2124 kB
Mlocked:               0 kB
HighTotal:        802816 kB
HighFree:           2760 kB
LowTotal:         548148 kB
LowFree:           63072 kB
SwapTotal:             0 kB
SwapFree:              0 kB
Dirty:               584 kB
Writeback:             0 kB
AnonPages:        517248 kB
Mapped:           218408 kB
Shmem:              1324 kB
Slab:              34104 kB
SReclaimable:      11868 kB
SUnreclaim:        22236 kB
KernelStack:        9736 kB
PageTables:        21024 kB
NFS_Unstable:          0 kB
Bounce:                0 kB
WritebackTmp:          0 kB
CommitLimit:      675480 kB
Committed_AS:   49265996 kB
VmallocTotal:     253952 kB
VmallocUsed:       96648 kB
VmallocChunk:      41988 kB
Time pass: 162 sec

---2015-10-15 23:09:39
MemTotal:        1350964 kB
MemFree:           50032 kB
Buffers:            6488 kB
Cached:           490304 kB
SwapCached:            0 kB
Active:           712804 kB
Inactive:         313316 kB
Active(anon):     531508 kB
Inactive(anon):     1412 kB
Active(file):     181296 kB
Inactive(file):   311904 kB
Unevictable:        2124 kB
Mlocked:               0 kB
HighTotal:        802816 kB
HighFree:           1544 kB
LowTotal:         548148 kB
LowFree:           48488 kB
SwapTotal:             0 kB
SwapFree:              0 kB
Dirty:                64 kB
Writeback:             4 kB
AnonPages:        531632 kB
Mapped:           221400 kB
Shmem:              1460 kB
Slab:              34212 kB
SReclaimable:      11868 kB
SUnreclaim:        22344 kB
KernelStack:        9920 kB
PageTables:        21180 kB
NFS_Unstable:          0 kB
Bounce:                0 kB
WritebackTmp:          0 kB
CommitLimit:      675480 kB
Committed_AS:   49296448 kB
VmallocTotal:     253952 kB
VmallocUsed:       96844 kB
VmallocChunk:      41988 kB
Time pass: 166 sec

---2015-10-15 23:09:39
MemTotal:        1350964 kB
MemFree:           42644 kB
Buffers:            6600 kB
Cached:           490440 kB
SwapCached:            0 kB
Active:           717664 kB
Inactive:         313512 kB
Active(anon):     536368 kB
Inactive(anon):     1512 kB
Active(file):     181296 kB
Inactive(file):   312000 kB
Unevictable:        2124 kB
Mlocked:               0 kB
HighTotal:        802816 kB
HighFree:           1544 kB
LowTotal:         548148 kB
LowFree:           41100 kB
SwapTotal:             0 kB
SwapFree:              0 kB
Dirty:                 4 kB
Writeback:             0 kB
AnonPages:        536392 kB
Mapped:           221536 kB
Shmem:              1580 kB
Slab:              34144 kB
SReclaimable:      11868 kB
SUnreclaim:        22276 kB
KernelStack:        9952 kB
PageTables:        21196 kB
NFS_Unstable:          0 kB
Bounce:                0 kB
WritebackTmp:          0 kB
CommitLimit:      675480 kB
Committed_AS:   49303324 kB
VmallocTotal:     253952 kB
VmallocUsed:       97180 kB
VmallocChunk:      41988 kB
Time pass: 169 sec

---2015-10-15 23:09:39
MemTotal:        1350964 kB
MemFree:           42280 kB
Buffers:            6616 kB
Cached:           490460 kB
SwapCached:            0 kB
Active:           717868 kB
Inactive:         313600 kB
Active(anon):     536572 kB
Inactive(anon):     1552 kB
Active(file):     181296 kB
Inactive(file):   312048 kB
Unevictable:        2124 kB
Mlocked:               0 kB
HighTotal:        802816 kB
HighFree:           1544 kB
LowTotal:         548148 kB
LowFree:           40736 kB
SwapTotal:             0 kB
SwapFree:              0 kB
Dirty:                48 kB
Writeback:             0 kB
AnonPages:        536628 kB
Mapped:           221408 kB
Shmem:              1600 kB
Slab:              34108 kB
SReclaimable:      11868 kB
SUnreclaim:        22240 kB
KernelStack:        9952 kB
PageTables:        21260 kB
NFS_Unstable:          0 kB
Bounce:                0 kB
WritebackTmp:          0 kB
CommitLimit:      675480 kB
Committed_AS:   49303400 kB
VmallocTotal:     253952 kB
VmallocUsed:       97180 kB
VmallocChunk:      41988 kB
Time pass: 173 sec

---2015-10-15 23:09:39
MemTotal:        1350964 kB
MemFree:           41548 kB
Buffers:            6632 kB
Cached:           490460 kB
SwapCached:            0 kB
Active:           718028 kB
Inactive:         313608 kB
Active(anon):     536732 kB
Inactive(anon):     1552 kB
Active(file):     181296 kB
Inactive(file):   312056 kB
Unevictable:        2124 kB
Mlocked:               0 kB
HighTotal:        802816 kB
HighFree:           1544 kB
LowTotal:         548148 kB
LowFree:           40004 kB
SwapTotal:             0 kB
SwapFree:              0 kB
Dirty:                40 kB
Writeback:             0 kB
AnonPages:        536776 kB
Mapped:           221416 kB
Shmem:              1600 kB
Slab:              34172 kB
SReclaimable:      11884 kB
SUnreclaim:        22288 kB
KernelStack:        9960 kB
PageTables:        21264 kB
NFS_Unstable:          0 kB
Bounce:                0 kB
WritebackTmp:          0 kB
CommitLimit:      675480 kB
Committed_AS:   49303456 kB
VmallocTotal:     253952 kB
VmallocUsed:       97180 kB
VmallocChunk:      41988 kB
Time pass: 176 sec

---2015-10-15 23:09:39
MemTotal:        1350964 kB
MemFree:           41480 kB
Buffers:            6640 kB
Cached:           490464 kB
SwapCached:            0 kB
Active:           717460 kB
Inactive:         313628 kB
Active(anon):     536164 kB
Inactive(anon):     1556 kB
Active(file):     181296 kB
Inactive(file):   312072 kB
Unevictable:        2124 kB
Mlocked:               0 kB
HighTotal:        802816 kB
HighFree:           1544 kB
LowTotal:         548148 kB
LowFree:           39936 kB
SwapTotal:             0 kB
SwapFree:              0 kB
Dirty:                32 kB
Writeback:             0 kB
AnonPages:        536032 kB
Mapped:           221988 kB
Shmem:              1604 kB
Slab:              34292 kB
SReclaimable:      11884 kB
SUnreclaim:        22408 kB
KernelStack:        9960 kB
PageTables:        21264 kB
NFS_Unstable:          0 kB
Bounce:                0 kB
WritebackTmp:          0 kB
CommitLimit:      675480 kB
Committed_AS:   49303560 kB
VmallocTotal:     253952 kB
VmallocUsed:       97180 kB
VmallocChunk:      41988 kB
Time pass: 180 sec

---2015-10-15 23:09:39
MemTotal:        1350964 kB
MemFree:           41556 kB
Buffers:            6656 kB
Cached:           490468 kB
SwapCached:            0 kB
Active:           717900 kB
Inactive:         313652 kB
Active(anon):     536600 kB
Inactive(anon):     1560 kB
Active(file):     181300 kB
Inactive(file):   312092 kB
Unevictable:        2124 kB
Mlocked:               0 kB
HighTotal:        802816 kB
HighFree:           1544 kB
LowTotal:         548148 kB
LowFree:           40012 kB
SwapTotal:             0 kB
SwapFree:              0 kB
Dirty:                44 kB
Writeback:             0 kB
AnonPages:        536460 kB
Mapped:           221844 kB
Shmem:              1608 kB
Slab:              34232 kB
SReclaimable:      11884 kB
SUnreclaim:        22348 kB
KernelStack:        9960 kB
PageTables:        21264 kB
NFS_Unstable:          0 kB
Bounce:                0 kB
WritebackTmp:          0 kB
CommitLimit:      675480 kB
Committed_AS:   49303668 kB
VmallocTotal:     253952 kB
VmallocUsed:       97180 kB
VmallocChunk:      41988 kB
Time pass: 183 sec

---2015-10-15 23:09:39
MemTotal:        1350964 kB
MemFree:           41324 kB
Buffers:            6656 kB
Cached:           490468 kB
SwapCached:            0 kB
Active:           718028 kB
Inactive:         313652 kB
Active(anon):     536728 kB
Inactive(anon):     1560 kB
Active(file):     181300 kB
Inactive(file):   312092 kB
Unevictable:        2124 kB
Mlocked:               0 kB
HighTotal:        802816 kB
HighFree:           1544 kB
LowTotal:         548148 kB
LowFree:           39780 kB
SwapTotal:             0 kB
SwapFree:              0 kB
Dirty:                 0 kB
Writeback:             0 kB
AnonPages:        536620 kB
Mapped:           221996 kB
Shmem:              1608 kB
Slab:              34228 kB
SReclaimable:      11884 kB
SUnreclaim:        22344 kB
KernelStack:        9960 kB
PageTables:        21264 kB
NFS_Unstable:          0 kB
Bounce:                0 kB
WritebackTmp:          0 kB
CommitLimit:      675480 kB
Committed_AS:   49303712 kB
VmallocTotal:     253952 kB
VmallocUsed:       97180 kB
VmallocChunk:      41988 kB
Time pass: 187 sec

---2015-10-15 23:09:39
MemTotal:        1350964 kB
MemFree:           40944 kB
Buffers:            6680 kB
Cached:           490452 kB
SwapCached:            0 kB
Active:           718284 kB
Inactive:         313660 kB
Active(anon):     536984 kB
Inactive(anon):     1560 kB
Active(file):     181300 kB
Inactive(file):   312100 kB
Unevictable:        2124 kB
Mlocked:               0 kB
HighTotal:        802816 kB
HighFree:           1544 kB
LowTotal:         548148 kB
LowFree:           39400 kB
SwapTotal:             0 kB
SwapFree:              0 kB
Dirty:                28 kB
Writeback:             0 kB
AnonPages:        537020 kB
Mapped:           221996 kB
Shmem:              1608 kB
Slab:              34424 kB
SReclaimable:      11884 kB
SUnreclaim:        22540 kB
KernelStack:        9976 kB
PageTables:        21264 kB
NFS_Unstable:          0 kB
Bounce:                0 kB
WritebackTmp:          0 kB
CommitLimit:      675480 kB
Committed_AS:   49303836 kB
VmallocTotal:     253952 kB
VmallocUsed:       97180 kB
VmallocChunk:      41988 kB
Time pass: 190 sec

---2015-10-15 23:09:39
MemTotal:        1350964 kB
MemFree:           41488 kB
Buffers:            6680 kB
Cached:           490468 kB
SwapCached:            0 kB
Active:           717636 kB
Inactive:         313676 kB
Active(anon):     536336 kB
Inactive(anon):     1560 kB
Active(file):     181300 kB
Inactive(file):   312116 kB
Unevictable:        2124 kB
Mlocked:               0 kB
HighTotal:        802816 kB
HighFree:           1544 kB
LowTotal:         548148 kB
LowFree:           39944 kB
SwapTotal:             0 kB
SwapFree:              0 kB
Dirty:                 0 kB
Writeback:             0 kB
AnonPages:        536532 kB
Mapped:           221948 kB
Shmem:              1608 kB
Slab:              34244 kB
SReclaimable:      11884 kB
SUnreclaim:        22360 kB
KernelStack:        9968 kB
PageTables:        21248 kB
NFS_Unstable:          0 kB
Bounce:                0 kB
WritebackTmp:          0 kB
CommitLimit:      675480 kB
Committed_AS:   49303652 kB
VmallocTotal:     253952 kB
VmallocUsed:       97180 kB
VmallocChunk:      41988 kB
Time pass: 194 sec

---2015-10-15 23:09:39
MemTotal:        1350964 kB
MemFree:           41008 kB
Buffers:            6688 kB
Cached:           490468 kB
SwapCached:            0 kB
Active:           718492 kB
Inactive:         313676 kB
Active(anon):     537192 kB
Inactive(anon):     1560 kB
Active(file):     181300 kB
Inactive(file):   312116 kB
Unevictable:        2124 kB
Mlocked:               0 kB
HighTotal:        802816 kB
HighFree:           1544 kB
LowTotal:         548148 kB
LowFree:           39464 kB
SwapTotal:             0 kB
SwapFree:              0 kB
Dirty:                28 kB
Writeback:             0 kB
AnonPages:        537244 kB
Mapped:           221996 kB
Shmem:              1608 kB
Slab:              34196 kB
SReclaimable:      11884 kB
SUnreclaim:        22312 kB
KernelStack:        9952 kB
PageTables:        21264 kB
NFS_Unstable:          0 kB
Bounce:                0 kB
WritebackTmp:          0 kB
CommitLimit:      675480 kB
Committed_AS:   49303724 kB
VmallocTotal:     253952 kB
VmallocUsed:       97180 kB
VmallocChunk:      41988 kB
Time pass: 197 sec

---2015-10-15 23:09:39
MemTotal:        1350964 kB
MemFree:           41216 kB
Buffers:            6704 kB
Cached:           490468 kB
SwapCached:            0 kB
Active:           718620 kB
Inactive:         313692 kB
Active(anon):     537320 kB
Inactive(anon):     1560 kB
Active(file):     181300 kB
Inactive(file):   312132 kB
Unevictable:        2124 kB
Mlocked:               0 kB
HighTotal:        802816 kB
HighFree:           1668 kB
LowTotal:         548148 kB
LowFree:           39548 kB
SwapTotal:             0 kB
SwapFree:              0 kB
Dirty:                 0 kB
Writeback:             0 kB
AnonPages:        537328 kB
Mapped:           221996 kB
Shmem:              1608 kB
Slab:              34272 kB
SReclaimable:      11884 kB
SUnreclaim:        22388 kB
KernelStack:        9944 kB
PageTables:        21264 kB
NFS_Unstable:          0 kB
Bounce:                0 kB
WritebackTmp:          0 kB
CommitLimit:      675480 kB
Committed_AS:   49303924 kB
VmallocTotal:     253952 kB
VmallocUsed:       97180 kB
VmallocChunk:      41988 kB
Time pass: 201 sec

---2015-10-15 23:09:39
MemTotal:        1350964 kB
MemFree:           39152 kB
Buffers:            6716 kB
Cached:           490756 kB
SwapCached:            0 kB
Active:           720536 kB
Inactive:         313904 kB
Active(anon):     539236 kB
Inactive(anon):     1564 kB
Active(file):     181300 kB
Inactive(file):   312340 kB
Unevictable:        2124 kB
Mlocked:               0 kB
HighTotal:        802816 kB
HighFree:           1544 kB
LowTotal:         548148 kB
LowFree:           37608 kB
SwapTotal:             0 kB
SwapFree:              0 kB
Dirty:                 0 kB
Writeback:             0 kB
AnonPages:        539192 kB
Mapped:           221852 kB
Shmem:              1612 kB
Slab:              34176 kB
SReclaimable:      11884 kB
SUnreclaim:        22292 kB
KernelStack:        9944 kB
PageTables:        21116 kB
NFS_Unstable:          0 kB
Bounce:                0 kB
WritebackTmp:          0 kB
CommitLimit:      675480 kB
Committed_AS:   49306448 kB
VmallocTotal:     253952 kB
VmallocUsed:       97180 kB
VmallocChunk:      41988 kB
Time pass: 204 sec

---2015-10-15 23:09:39
MemTotal:        1350964 kB
MemFree:           38620 kB
Buffers:            6732 kB
Cached:           490772 kB
SwapCached:            0 kB
Active:           720552 kB
Inactive:         314028 kB
Active(anon):     539248 kB
Inactive(anon):     1564 kB
Active(file):     181304 kB
Inactive(file):   312464 kB
Unevictable:        2124 kB
Mlocked:               0 kB
HighTotal:        802816 kB
HighFree:           1544 kB
LowTotal:         548148 kB
LowFree:           37076 kB
SwapTotal:             0 kB
SwapFree:              0 kB
Dirty:                52 kB
Writeback:             0 kB
AnonPages:        539116 kB
Mapped:           221776 kB
Shmem:              1612 kB
Slab:              34288 kB
SReclaimable:      11900 kB
SUnreclaim:        22388 kB
KernelStack:        9904 kB
PageTables:        21264 kB
NFS_Unstable:          0 kB
Bounce:                0 kB
WritebackTmp:          0 kB
CommitLimit:      675480 kB
Committed_AS:   49304832 kB
VmallocTotal:     253952 kB
VmallocUsed:       97180 kB
VmallocChunk:      41988 kB
Time pass: 208 sec

---2015-10-15 23:09:39
MemTotal:        1350964 kB
MemFree:           38120 kB
Buffers:            6748 kB
Cached:           490772 kB
SwapCached:            0 kB
Active:           720628 kB
Inactive:         314036 kB
Active(anon):     539324 kB
Inactive(anon):     1564 kB
Active(file):     181304 kB
Inactive(file):   312472 kB
Unevictable:        2124 kB
Mlocked:               0 kB
HighTotal:        802816 kB
HighFree:           1544 kB
LowTotal:         548148 kB
LowFree:           36576 kB
SwapTotal:             0 kB
SwapFree:              0 kB
Dirty:                40 kB
Writeback:             0 kB
AnonPages:        539280 kB
Mapped:           221924 kB
Shmem:              1612 kB
Slab:              34304 kB
SReclaimable:      11900 kB
SUnreclaim:        22404 kB
KernelStack:        9904 kB
PageTables:        21268 kB
NFS_Unstable:          0 kB
Bounce:                0 kB
WritebackTmp:          0 kB
CommitLimit:      675480 kB
Committed_AS:   49304820 kB
VmallocTotal:     253952 kB
VmallocUsed:       97180 kB
VmallocChunk:      41988 kB
Time pass: 211 sec

---2015-10-15 23:09:39
MemTotal:        1350964 kB
MemFree:           38388 kB
Buffers:            6748 kB
Cached:           490772 kB
SwapCached:            0 kB
Active:           720828 kB
Inactive:         314044 kB
Active(anon):     539524 kB
Inactive(anon):     1564 kB
Active(file):     181304 kB
Inactive(file):   312480 kB
Unevictable:        2124 kB
Mlocked:               0 kB
HighTotal:        802816 kB
HighFree:           1544 kB
LowTotal:         548148 kB
LowFree:           36844 kB
SwapTotal:             0 kB
SwapFree:              0 kB
Dirty:                40 kB
Writeback:             0 kB
AnonPages:        539532 kB
Mapped:           221924 kB
Shmem:              1612 kB
Slab:              34200 kB
SReclaimable:      11900 kB
SUnreclaim:        22300 kB
KernelStack:        9904 kB
PageTables:        21268 kB
NFS_Unstable:          0 kB
Bounce:                0 kB
WritebackTmp:          0 kB
CommitLimit:      675480 kB
Committed_AS:   49304800 kB
VmallocTotal:     253952 kB
VmallocUsed:       97180 kB
VmallocChunk:      41988 kB
Time pass: 215 sec

---2015-10-15 23:09:39
MemTotal:        1350964 kB
MemFree:           37044 kB
Buffers:            6812 kB
Cached:           490932 kB
SwapCached:            0 kB
Active:           721716 kB
Inactive:         314236 kB
Active(anon):     540412 kB
Inactive(anon):     1564 kB
Active(file):     181304 kB
Inactive(file):   312672 kB
Unevictable:        2124 kB
Mlocked:               0 kB
HighTotal:        802816 kB
HighFree:           1544 kB
LowTotal:         548148 kB
LowFree:           35500 kB
SwapTotal:             0 kB
SwapFree:              0 kB
Dirty:                32 kB
Writeback:             0 kB
AnonPages:        540392 kB
Mapped:           221976 kB
Shmem:              1612 kB
Slab:              34228 kB
SReclaimable:      11900 kB
SUnreclaim:        22328 kB
KernelStack:        9912 kB
PageTables:        21268 kB
NFS_Unstable:          0 kB
Bounce:                0 kB
WritebackTmp:          0 kB
CommitLimit:      675480 kB
Committed_AS:   49305156 kB
VmallocTotal:     253952 kB
VmallocUsed:       97180 kB
VmallocChunk:      41988 kB
Time pass: 218 sec

---2015-10-15 23:09:39
MemTotal:        1350964 kB
MemFree:           36512 kB
Buffers:            6812 kB
Cached:           491084 kB
SwapCached:            0 kB
Active:           722720 kB
Inactive:         314420 kB
Active(anon):     541416 kB
Inactive(anon):     1668 kB
Active(file):     181304 kB
Inactive(file):   312752 kB
Unevictable:        2124 kB
Mlocked:               0 kB
HighTotal:        802816 kB
HighFree:           1544 kB
LowTotal:         548148 kB
LowFree:           34968 kB
SwapTotal:             0 kB
SwapFree:              0 kB
Dirty:                 0 kB
Writeback:             0 kB
AnonPages:        541464 kB
Mapped:           222080 kB
Shmem:              1716 kB
Slab:              34284 kB
SReclaimable:      11900 kB
SUnreclaim:        22384 kB
KernelStack:        9920 kB
PageTables:        21272 kB
NFS_Unstable:          0 kB
Bounce:                0 kB
WritebackTmp:          0 kB
CommitLimit:      675480 kB
Committed_AS:   49306560 kB
VmallocTotal:     253952 kB
VmallocUsed:       97180 kB
VmallocChunk:      41988 kB
Time pass: 222 sec

---2015-10-15 23:09:39
MemTotal:        1350964 kB
MemFree:           36040 kB
Buffers:            6820 kB
Cached:           491140 kB
SwapCached:            0 kB
Active:           722020 kB
Inactive:         314420 kB
Active(anon):     540716 kB
Inactive(anon):     1668 kB
Active(file):     181304 kB
Inactive(file):   312752 kB
Unevictable:        2124 kB
Mlocked:               0 kB
HighTotal:        802816 kB
HighFree:           1544 kB
LowTotal:         548148 kB
LowFree:           34496 kB
SwapTotal:             0 kB
SwapFree:              0 kB
Dirty:                 8 kB
Writeback:             0 kB
AnonPages:        540668 kB
Mapped:           221988 kB
Shmem:              1772 kB
Slab:              34316 kB
SReclaimable:      11900 kB
SUnreclaim:        22416 kB
KernelStack:        9904 kB
PageTables:        21268 kB
NFS_Unstable:          0 kB
Bounce:                0 kB
WritebackTmp:          0 kB
CommitLimit:      675480 kB
Committed_AS:   49305164 kB
VmallocTotal:     253952 kB
VmallocUsed:       97180 kB
VmallocChunk:      41988 kB
Time pass: 225 sec

---2015-10-15 23:09:39
MemTotal:        1350964 kB
MemFree:           36480 kB
Buffers:            6836 kB
Cached:           491140 kB
SwapCached:            0 kB
Active:           722084 kB
Inactive:         314492 kB
Active(anon):     540780 kB
Inactive(anon):     1724 kB
Active(file):     181304 kB
Inactive(file):   312768 kB
Unevictable:        2124 kB
Mlocked:               0 kB
HighTotal:        802816 kB
HighFree:           1544 kB
LowTotal:         548148 kB
LowFree:           34936 kB
SwapTotal:             0 kB
SwapFree:              0 kB
Dirty:                48 kB
Writeback:             0 kB
AnonPages:        540796 kB
Mapped:           222136 kB
Shmem:              1772 kB
Slab:              34252 kB
SReclaimable:      11900 kB
SUnreclaim:        22352 kB
KernelStack:        9904 kB
PageTables:        21268 kB
NFS_Unstable:          0 kB
Bounce:                0 kB
WritebackTmp:          0 kB
CommitLimit:      675480 kB
Committed_AS:   49305120 kB
VmallocTotal:     253952 kB
VmallocUsed:       97180 kB
VmallocChunk:      41988 kB
Time pass: 229 sec

---2015-10-15 23:09:39
MemTotal:        1350964 kB
MemFree:           36900 kB
Buffers:            6844 kB
Cached:           491132 kB
SwapCached:            0 kB
Active:           722260 kB
Inactive:         314500 kB
Active(anon):     540956 kB
Inactive(anon):     1724 kB
Active(file):     181304 kB
Inactive(file):   312776 kB
Unevictable:        2124 kB
Mlocked:               0 kB
HighTotal:        802816 kB
HighFree:           2536 kB
LowTotal:         548148 kB
LowFree:           34364 kB
SwapTotal:             0 kB
SwapFree:              0 kB
Dirty:                 0 kB
Writeback:             0 kB
AnonPages:        541008 kB
Mapped:           222136 kB
Shmem:              1772 kB
Slab:              34300 kB
SReclaimable:      11900 kB
SUnreclaim:        22400 kB
KernelStack:        9904 kB
PageTables:        21272 kB
NFS_Unstable:          0 kB
Bounce:                0 kB
WritebackTmp:          0 kB
CommitLimit:      675480 kB
Committed_AS:   49305220 kB
VmallocTotal:     253952 kB
VmallocUsed:       97180 kB
VmallocChunk:      41988 kB
Time pass: 232 sec

---2015-10-15 23:09:39
MemTotal:        1350964 kB
MemFree:           36932 kB
Buffers:            6860 kB
Cached:           491140 kB
SwapCached:            0 kB
Active:           722292 kB
Inactive:         314524 kB
Active(anon):     540988 kB
Inactive(anon):     1724 kB
Active(file):     181304 kB
Inactive(file):   312800 kB
Unevictable:        2124 kB
Mlocked:               0 kB
HighTotal:        802816 kB
HighFree:           1792 kB
LowTotal:         548148 kB
LowFree:           35140 kB
SwapTotal:             0 kB
SwapFree:              0 kB
Dirty:                40 kB
Writeback:             0 kB
AnonPages:        540848 kB
Mapped:           221988 kB
Shmem:              1772 kB
Slab:              34292 kB
SReclaimable:      11900 kB
SUnreclaim:        22392 kB
KernelStack:        9904 kB
PageTables:        21272 kB
NFS_Unstable:          0 kB
Bounce:                0 kB
WritebackTmp:          0 kB
CommitLimit:      675480 kB
Committed_AS:   49305080 kB
VmallocTotal:     253952 kB
VmallocUsed:       97180 kB
VmallocChunk:      41988 kB
Time pass: 236 sec

---2015-10-15 23:09:39
MemTotal:        1350964 kB
MemFree:           36108 kB
Buffers:            6860 kB
Cached:           491140 kB
SwapCached:            0 kB
Active:           722312 kB
Inactive:         314524 kB
Active(anon):     541008 kB
Inactive(anon):     1724 kB
Active(file):     181304 kB
Inactive(file):   312800 kB
Unevictable:        2124 kB
Mlocked:               0 kB
HighTotal:        802816 kB
HighFree:           1544 kB
LowTotal:         548148 kB
LowFree:           34564 kB
SwapTotal:             0 kB
SwapFree:              0 kB
Dirty:                 0 kB
Writeback:             0 kB
AnonPages:        540864 kB
Mapped:           222136 kB
Shmem:              1772 kB
Slab:              34248 kB
SReclaimable:      11900 kB
SUnreclaim:        22348 kB
KernelStack:        9904 kB
PageTables:        21268 kB
NFS_Unstable:          0 kB
Bounce:                0 kB
WritebackTmp:          0 kB
CommitLimit:      675480 kB
Committed_AS:   49305160 kB
VmallocTotal:     253952 kB
VmallocUsed:       97180 kB
VmallocChunk:      41988 kB
Time pass: 239 sec

---2015-10-15 23:09:39
MemTotal:        1350964 kB
MemFree:           36248 kB
Buffers:            6884 kB
Cached:           491140 kB
SwapCached:            0 kB
Active:           722544 kB
Inactive:         314548 kB
Active(anon):     541240 kB
Inactive(anon):     1724 kB
Active(file):     181304 kB
Inactive(file):   312824 kB
Unevictable:        2124 kB
Mlocked:               0 kB
HighTotal:        802816 kB
HighFree:           1544 kB
LowTotal:         548148 kB
LowFree:           34704 kB
SwapTotal:             0 kB
SwapFree:              0 kB
Dirty:                40 kB
Writeback:             0 kB
AnonPages:        541144 kB
Mapped:           221988 kB
Shmem:              1772 kB
Slab:              34228 kB
SReclaimable:      11900 kB
SUnreclaim:        22328 kB
KernelStack:        9888 kB
PageTables:        21276 kB
NFS_Unstable:          0 kB
Bounce:                0 kB
WritebackTmp:          0 kB
CommitLimit:      675480 kB
Committed_AS:   49305084 kB
VmallocTotal:     253952 kB
VmallocUsed:       97180 kB
VmallocChunk:      41988 kB
Time pass: 243 sec

---2015-10-15 23:09:39
MemTotal:        1350964 kB
MemFree:           36864 kB
Buffers:            6884 kB
Cached:           491140 kB
SwapCached:            0 kB
Active:           721784 kB
Inactive:         314548 kB
Active(anon):     540480 kB
Inactive(anon):     1724 kB
Active(file):     181304 kB
Inactive(file):   312824 kB
Unevictable:        2124 kB
Mlocked:               0 kB
HighTotal:        802816 kB
HighFree:           1544 kB
LowTotal:         548148 kB
LowFree:           35320 kB
SwapTotal:             0 kB
SwapFree:              0 kB
Dirty:                 0 kB
Writeback:             0 kB
AnonPages:        540352 kB
Mapped:           222136 kB
Shmem:              1772 kB
Slab:              34296 kB
SReclaimable:      11900 kB
SUnreclaim:        22396 kB
KernelStack:        9904 kB
PageTables:        21276 kB
NFS_Unstable:          0 kB
Bounce:                0 kB
WritebackTmp:          0 kB
CommitLimit:      675480 kB
Committed_AS:   49305120 kB
VmallocTotal:     253952 kB
VmallocUsed:       97180 kB
VmallocChunk:      41988 kB
Time pass: 246 sec

---2015-10-15 23:09:39
MemTotal:        1350964 kB
MemFree:           36608 kB
Buffers:            6908 kB
Cached:           491124 kB
SwapCached:            0 kB
Active:           722020 kB
Inactive:         314556 kB
Active(anon):     540716 kB
Inactive(anon):     1724 kB
Active(file):     181304 kB
Inactive(file):   312832 kB
Unevictable:        2124 kB
Mlocked:               0 kB
HighTotal:        802816 kB
HighFree:           1544 kB
LowTotal:         548148 kB
LowFree:           35064 kB
SwapTotal:             0 kB
SwapFree:              0 kB
Dirty:                28 kB
Writeback:             0 kB
AnonPages:        540700 kB
Mapped:           222168 kB
Shmem:              1772 kB
Slab:              34232 kB
SReclaimable:      11900 kB
SUnreclaim:        22332 kB
KernelStack:        9904 kB
PageTables:        21276 kB
NFS_Unstable:          0 kB
Bounce:                0 kB
WritebackTmp:          0 kB
CommitLimit:      675480 kB
Committed_AS:   49306312 kB
VmallocTotal:     253952 kB
VmallocUsed:       97180 kB
VmallocChunk:      41988 kB
Time pass: 250 sec

---2015-10-15 23:09:39
MemTotal:        1350964 kB
MemFree:           36520 kB
Buffers:            6908 kB
Cached:           491140 kB
SwapCached:            0 kB
Active:           721692 kB
Inactive:         314572 kB
Active(anon):     540388 kB
Inactive(anon):     1724 kB
Active(file):     181304 kB
Inactive(file):   312848 kB
Unevictable:        2124 kB
Mlocked:               0 kB
HighTotal:        802816 kB
HighFree:           1544 kB
LowTotal:         548148 kB
LowFree:           34976 kB
SwapTotal:             0 kB
SwapFree:              0 kB
Dirty:                 0 kB
Writeback:             0 kB
AnonPages:        540480 kB
Mapped:           222136 kB
Shmem:              1772 kB
Slab:              34312 kB
SReclaimable:      11900 kB
SUnreclaim:        22412 kB
KernelStack:        9888 kB
PageTables:        21280 kB
NFS_Unstable:          0 kB
Bounce:                0 kB
WritebackTmp:          0 kB
CommitLimit:      675480 kB
Committed_AS:   49305056 kB
VmallocTotal:     253952 kB
VmallocUsed:       97180 kB
VmallocChunk:      41988 kB
Time pass: 253 sec

---2015-10-15 23:09:39
MemTotal:        1350964 kB
MemFree:           35816 kB
Buffers:            6932 kB
Cached:           491144 kB
SwapCached:            0 kB
Active:           722240 kB
Inactive:         314596 kB
Active(anon):     540940 kB
Inactive(anon):     1724 kB
Active(file):     181300 kB
Inactive(file):   312872 kB
Unevictable:        2124 kB
Mlocked:               0 kB
HighTotal:        802816 kB
HighFree:           1544 kB
LowTotal:         548148 kB
LowFree:           34272 kB
SwapTotal:             0 kB
SwapFree:              0 kB
Dirty:                52 kB
Writeback:             0 kB
AnonPages:        541016 kB
Mapped:           222144 kB
Shmem:              1772 kB
Slab:              34220 kB
SReclaimable:      11900 kB
SUnreclaim:        22320 kB
KernelStack:        9896 kB
PageTables:        21280 kB
NFS_Unstable:          0 kB
Bounce:                0 kB
WritebackTmp:          0 kB
CommitLimit:      675480 kB
Committed_AS:   49305228 kB
VmallocTotal:     253952 kB
VmallocUsed:       97180 kB
VmallocChunk:      41988 kB
Time pass: 257 sec

---2015-10-15 23:09:39
MemTotal:        1350964 kB
MemFree:           35816 kB
Buffers:            6932 kB
Cached:           491140 kB
SwapCached:            0 kB
Active:           722448 kB
Inactive:         314596 kB
Active(anon):     541144 kB
Inactive(anon):     1724 kB
Active(file):     181304 kB
Inactive(file):   312872 kB
Unevictable:        2124 kB
Mlocked:               0 kB
HighTotal:        802816 kB
HighFree:           1544 kB
LowTotal:         548148 kB
LowFree:           34272 kB
SwapTotal:             0 kB
SwapFree:              0 kB
Dirty:                 0 kB
Writeback:             0 kB
AnonPages:        541176 kB
Mapped:           222144 kB
Shmem:              1772 kB
Slab:              34216 kB
SReclaimable:      11900 kB
SUnreclaim:        22316 kB
KernelStack:        9896 kB
PageTables:        21292 kB
NFS_Unstable:          0 kB
Bounce:                0 kB
WritebackTmp:          0 kB
CommitLimit:      675480 kB
Committed_AS:   49305228 kB
VmallocTotal:     253952 kB
VmallocUsed:       97180 kB
VmallocChunk:      41988 kB
Time pass: 260 sec

---2015-10-15 23:09:39
MemTotal:        1350964 kB
MemFree:           35912 kB
Buffers:            6956 kB
Cached:           491140 kB
SwapCached:            0 kB
Active:           722656 kB
Inactive:         314620 kB
Active(anon):     541352 kB
Inactive(anon):     1724 kB
Active(file):     181304 kB
Inactive(file):   312896 kB
Unevictable:        2124 kB
Mlocked:               0 kB
HighTotal:        802816 kB
HighFree:           1544 kB
LowTotal:         548148 kB
LowFree:           34368 kB
SwapTotal:             0 kB
SwapFree:              0 kB
Dirty:                48 kB
Writeback:             0 kB
AnonPages:        541316 kB
Mapped:           222160 kB
Shmem:              1772 kB
Slab:              34268 kB
SReclaimable:      11900 kB
SUnreclaim:        22368 kB
KernelStack:        9896 kB
PageTables:        21292 kB
NFS_Unstable:          0 kB
Bounce:                0 kB
WritebackTmp:          0 kB
CommitLimit:      675480 kB
Committed_AS:   49305348 kB
VmallocTotal:     253952 kB
VmallocUsed:       97180 kB
VmallocChunk:      41988 kB
Time pass: 263 sec

---2015-10-15 23:09:39
MemTotal:        1350964 kB
MemFree:           35536 kB
Buffers:            6956 kB
Cached:           491140 kB
SwapCached:            0 kB
Active:           722800 kB
Inactive:         314620 kB
Active(anon):     541496 kB
Inactive(anon):     1724 kB
Active(file):     181304 kB
Inactive(file):   312896 kB
Unevictable:        2124 kB
Mlocked:               0 kB
HighTotal:        802816 kB
HighFree:           2412 kB
LowTotal:         548148 kB
LowFree:           33124 kB
SwapTotal:             0 kB
SwapFree:              0 kB
Dirty:                 0 kB
Writeback:             0 kB
AnonPages:        541452 kB
Mapped:           222160 kB
Shmem:              1772 kB
Slab:              34208 kB
SReclaimable:      11900 kB
SUnreclaim:        22308 kB
KernelStack:        9896 kB
PageTables:        21292 kB
NFS_Unstable:          0 kB
Bounce:                0 kB
WritebackTmp:          0 kB
CommitLimit:      675480 kB
Committed_AS:   49305476 kB
VmallocTotal:     253952 kB
VmallocUsed:       97180 kB
VmallocChunk:      41988 kB
Time pass: 267 sec

---2015-10-15 23:09:39
MemTotal:        1350964 kB
MemFree:           35968 kB
Buffers:            6980 kB
Cached:           491124 kB
SwapCached:            0 kB
Active:           723048 kB
Inactive:         314620 kB
Active(anon):     541744 kB
Inactive(anon):     1724 kB
Active(file):     181304 kB
Inactive(file):   312896 kB
Unevictable:        2124 kB
Mlocked:               0 kB
HighTotal:        802816 kB
HighFree:           1744 kB
LowTotal:         548148 kB
LowFree:           34224 kB
SwapTotal:             0 kB
SwapFree:              0 kB
Dirty:                28 kB
Writeback:             0 kB
AnonPages:        541656 kB
Mapped:           222160 kB
Shmem:              1772 kB
Slab:              34252 kB
SReclaimable:      11900 kB
SUnreclaim:        22352 kB
KernelStack:        9912 kB
PageTables:        21292 kB
NFS_Unstable:          0 kB
Bounce:                0 kB
WritebackTmp:          0 kB
CommitLimit:      675480 kB
Committed_AS:   49305380 kB
VmallocTotal:     253952 kB
VmallocUsed:       97180 kB
VmallocChunk:      41988 kB
Time pass: 270 sec

---2015-10-15 23:09:39
MemTotal:        1350964 kB
MemFree:           35288 kB
Buffers:            6980 kB
Cached:           491140 kB
SwapCached:            0 kB
Active:           723236 kB
Inactive:         314644 kB
Active(anon):     541932 kB
Inactive(anon):     1724 kB
Active(file):     181304 kB
Inactive(file):   312920 kB
Unevictable:        2124 kB
Mlocked:               0 kB
HighTotal:        802816 kB
HighFree:           1544 kB
LowTotal:         548148 kB
LowFree:           33744 kB
SwapTotal:             0 kB
SwapFree:              0 kB
Dirty:                 0 kB
Writeback:             0 kB
AnonPages:        541848 kB
Mapped:           222160 kB
Shmem:              1772 kB
Slab:              34240 kB
SReclaimable:      11900 kB
SUnreclaim:        22340 kB
KernelStack:        9912 kB
PageTables:        21292 kB
NFS_Unstable:          0 kB
Bounce:                0 kB
WritebackTmp:          0 kB
CommitLimit:      675480 kB
Committed_AS:   49305424 kB
VmallocTotal:     253952 kB
VmallocUsed:       97180 kB
VmallocChunk:      41988 kB
Time pass: 274 sec

---2015-10-15 23:09:39
MemTotal:        1350964 kB
MemFree:           35392 kB
Buffers:            6988 kB
Cached:           491140 kB
SwapCached:            0 kB
Active:           723080 kB
Inactive:         314644 kB
Active(anon):     541776 kB
Inactive(anon):     1724 kB
Active(file):     181304 kB
Inactive(file):   312920 kB
Unevictable:        2124 kB
Mlocked:               0 kB
HighTotal:        802816 kB
HighFree:           1544 kB
LowTotal:         548148 kB
LowFree:           33848 kB
SwapTotal:             0 kB
SwapFree:              0 kB
Dirty:                28 kB
Writeback:             0 kB
AnonPages:        541768 kB
Mapped:           222012 kB
Shmem:              1772 kB
Slab:              34168 kB
SReclaimable:      11900 kB
SUnreclaim:        22268 kB
KernelStack:        9888 kB
PageTables:        21288 kB
NFS_Unstable:          0 kB
Bounce:                0 kB
WritebackTmp:          0 kB
CommitLimit:      675480 kB
Committed_AS:   49305400 kB
VmallocTotal:     253952 kB
VmallocUsed:       97180 kB
VmallocChunk:      41988 kB
Time pass: 277 sec

---2015-10-15 23:09:39
MemTotal:        1350964 kB
MemFree:           35416 kB
Buffers:            7004 kB
Cached:           491140 kB
SwapCached:            0 kB
Active:           723096 kB
Inactive:         314668 kB
Active(anon):     541792 kB
Inactive(anon):     1724 kB
Active(file):     181304 kB
Inactive(file):   312944 kB
Unevictable:        2124 kB
Mlocked:               0 kB
HighTotal:        802816 kB
HighFree:           1544 kB
LowTotal:         548148 kB
LowFree:           33872 kB
SwapTotal:             0 kB
SwapFree:              0 kB
Dirty:                 0 kB
Writeback:             0 kB
AnonPages:        541804 kB
Mapped:           222160 kB
Shmem:              1772 kB
Slab:              34204 kB
SReclaimable:      11900 kB
SUnreclaim:        22304 kB
KernelStack:        9888 kB
PageTables:        21288 kB
NFS_Unstable:          0 kB
Bounce:                0 kB
WritebackTmp:          0 kB
CommitLimit:      675480 kB
Committed_AS:   49305404 kB
VmallocTotal:     253952 kB
VmallocUsed:       97180 kB
VmallocChunk:      41988 kB
Time pass: 281 sec

---2015-10-15 23:09:39
MemTotal:        1350964 kB
MemFree:           35248 kB
Buffers:            7020 kB
Cached:           491140 kB
SwapCached:            0 kB
Active:           723400 kB
Inactive:         314688 kB
Active(anon):     542096 kB
Inactive(anon):     1724 kB
Active(file):     181304 kB
Inactive(file):   312964 kB
Unevictable:        2124 kB
Mlocked:               0 kB
HighTotal:        802816 kB
HighFree:           1544 kB
LowTotal:         548148 kB
LowFree:           33704 kB
SwapTotal:             0 kB
SwapFree:              0 kB
Dirty:                44 kB
Writeback:             0 kB
AnonPages:        542060 kB
Mapped:           222160 kB
Shmem:              1772 kB
Slab:              34304 kB
SReclaimable:      11900 kB
SUnreclaim:        22404 kB
KernelStack:        9888 kB
PageTables:        21284 kB
NFS_Unstable:          0 kB
Bounce:                0 kB
WritebackTmp:          0 kB
CommitLimit:      675480 kB
Committed_AS:   49305460 kB
VmallocTotal:     253952 kB
VmallocUsed:       97180 kB
VmallocChunk:      41988 kB
Time pass: 284 sec

---2015-10-15 23:09:39
MemTotal:        1350964 kB
MemFree:           35480 kB
Buffers:            7028 kB
Cached:           491132 kB
SwapCached:            0 kB
Active:           723424 kB
Inactive:         314684 kB
Active(anon):     542120 kB
Inactive(anon):     1724 kB
Active(file):     181304 kB
Inactive(file):   312960 kB
Unevictable:        2124 kB
Mlocked:               0 kB
HighTotal:        802816 kB
HighFree:           1544 kB
LowTotal:         548148 kB
LowFree:           33936 kB
SwapTotal:             0 kB
SwapFree:              0 kB
Dirty:                 0 kB
Writeback:             0 kB
AnonPages:        542136 kB
Mapped:           222160 kB
Shmem:              1772 kB
Slab:              34312 kB
SReclaimable:      11900 kB
SUnreclaim:        22412 kB
KernelStack:        9888 kB
PageTables:        21284 kB
NFS_Unstable:          0 kB
Bounce:                0 kB
WritebackTmp:          0 kB
CommitLimit:      675480 kB
Committed_AS:   49305292 kB
VmallocTotal:     253952 kB
VmallocUsed:       97180 kB
VmallocChunk:      41988 kB
Time pass: 288 sec

---2015-10-15 23:09:39
MemTotal:        1350964 kB
MemFree:           34840 kB
Buffers:            7044 kB
Cached:           491140 kB
SwapCached:            0 kB
Active:           723640 kB
Inactive:         314692 kB
Active(anon):     542336 kB
Inactive(anon):     1724 kB
Active(file):     181304 kB
Inactive(file):   312968 kB
Unevictable:        2124 kB
Mlocked:               0 kB
HighTotal:        802816 kB
HighFree:           1544 kB
LowTotal:         548148 kB
LowFree:           33296 kB
SwapTotal:             0 kB
SwapFree:              0 kB
Dirty:                40 kB
Writeback:             0 kB
AnonPages:        542248 kB
Mapped:           222160 kB
Shmem:              1772 kB
Slab:              34200 kB
SReclaimable:      11900 kB
SUnreclaim:        22300 kB
KernelStack:        9888 kB
PageTables:        21284 kB
NFS_Unstable:          0 kB
Bounce:                0 kB
WritebackTmp:          0 kB
CommitLimit:      675480 kB
Committed_AS:   49305516 kB
VmallocTotal:     253952 kB
VmallocUsed:       97180 kB
VmallocChunk:      41988 kB
Time pass: 291 sec

---2015-10-15 23:09:39
MemTotal:        1350964 kB
MemFree:           34180 kB
Buffers:            7044 kB
Cached:           491140 kB
SwapCached:            0 kB
Active:           723700 kB
Inactive:         314708 kB
Active(anon):     542396 kB
Inactive(anon):     1724 kB
Active(file):     181304 kB
Inactive(file):   312984 kB
Unevictable:        2124 kB
Mlocked:               0 kB
HighTotal:        802816 kB
HighFree:           1544 kB
LowTotal:         548148 kB
LowFree:           32636 kB
SwapTotal:             0 kB
SwapFree:              0 kB
Dirty:                 0 kB
Writeback:             0 kB
AnonPages:        542408 kB
Mapped:           222160 kB
Shmem:              1772 kB
Slab:              34276 kB
SReclaimable:      11900 kB
SUnreclaim:        22376 kB
KernelStack:        9888 kB
PageTables:        21288 kB
NFS_Unstable:          0 kB
Bounce:                0 kB
WritebackTmp:          0 kB
CommitLimit:      675480 kB
Committed_AS:   49305540 kB
VmallocTotal:     253952 kB
VmallocUsed:       97180 kB
VmallocChunk:      41988 kB
Time pass: 295 sec

---2015-10-15 23:09:39
MemTotal:        1350964 kB
MemFree:           34788 kB
Buffers:            7068 kB
Cached:           491124 kB
SwapCached:            0 kB
Active:           723836 kB
Inactive:         314716 kB
Active(anon):     542532 kB
Inactive(anon):     1724 kB
Active(file):     181304 kB
Inactive(file):   312992 kB
Unevictable:        2124 kB
Mlocked:               0 kB
HighTotal:        802816 kB
HighFree:           1544 kB
LowTotal:         548148 kB
LowFree:           33244 kB
SwapTotal:             0 kB
SwapFree:              0 kB
Dirty:                28 kB
Writeback:             0 kB
AnonPages:        542400 kB
Mapped:           222132 kB
Shmem:              1772 kB
Slab:              34276 kB
SReclaimable:      11900 kB
SUnreclaim:        22376 kB
KernelStack:        9896 kB
PageTables:        21260 kB
NFS_Unstable:          0 kB
Bounce:                0 kB
WritebackTmp:          0 kB
CommitLimit:      675480 kB
Committed_AS:   49305556 kB
VmallocTotal:     253952 kB
VmallocUsed:       97180 kB
VmallocChunk:      41988 kB
Time pass: 298 sec

---2015-10-15 23:09:39
MemTotal:        1350964 kB
MemFree:           35092 kB
Buffers:            7068 kB
Cached:           491140 kB
SwapCached:            0 kB
Active:           724064 kB
Inactive:         314732 kB
Active(anon):     542760 kB
Inactive(anon):     1724 kB
Active(file):     181304 kB
Inactive(file):   313008 kB
Unevictable:        2124 kB
Mlocked:               0 kB
HighTotal:        802816 kB
HighFree:           2644 kB
LowTotal:         548148 kB
LowFree:           32448 kB
SwapTotal:             0 kB
SwapFree:              0 kB
Dirty:                 0 kB
Writeback:             0 kB
AnonPages:        542600 kB
Mapped:           222160 kB
Shmem:              1772 kB
Slab:              34244 kB
SReclaimable:      11900 kB
SUnreclaim:        22344 kB
KernelStack:        9904 kB
PageTables:        21288 kB
NFS_Unstable:          0 kB
Bounce:                0 kB
WritebackTmp:          0 kB
CommitLimit:      675480 kB
Committed_AS:   49305568 kB
VmallocTotal:     253952 kB
VmallocUsed:       97180 kB
VmallocChunk:      41988 kB
Time pass: 302 sec

---2015-10-15 23:09:39
MemTotal:        1350964 kB
MemFree:           34692 kB
Buffers:            7076 kB
Cached:           491140 kB
SwapCached:            0 kB
Active:           724148 kB
Inactive:         314740 kB
Active(anon):     542844 kB
Inactive(anon):     1724 kB
Active(file):     181304 kB
Inactive(file):   313016 kB
Unevictable:        2124 kB
Mlocked:               0 kB
HighTotal:        802816 kB
HighFree:           2164 kB
LowTotal:         548148 kB
LowFree:           32528 kB
SwapTotal:             0 kB
SwapFree:              0 kB
Dirty:                28 kB
Writeback:             0 kB
AnonPages:        542912 kB
Mapped:           222012 kB
Shmem:              1772 kB
Slab:              34228 kB
SReclaimable:      11900 kB
SUnreclaim:        22328 kB
KernelStack:        9904 kB
PageTables:        21288 kB
NFS_Unstable:          0 kB
Bounce:                0 kB
WritebackTmp:          0 kB
CommitLimit:      675480 kB
Committed_AS:   49306768 kB
VmallocTotal:     253952 kB
VmallocUsed:       97180 kB
VmallocChunk:      41988 kB
Time pass: 305 sec

---2015-10-15 23:09:39
MemTotal:        1350964 kB
MemFree:           35256 kB
Buffers:            7092 kB
Cached:           491140 kB
SwapCached:            0 kB
Active:           723384 kB
Inactive:         314756 kB
Active(anon):     542080 kB
Inactive(anon):     1724 kB
Active(file):     181304 kB
Inactive(file):   313032 kB
Unevictable:        2124 kB
Mlocked:               0 kB
HighTotal:        802816 kB
HighFree:           1544 kB
LowTotal:         548148 kB
LowFree:           33712 kB
SwapTotal:             0 kB
SwapFree:              0 kB
Dirty:                40 kB
Writeback:             0 kB
AnonPages:        542080 kB
Mapped:           222160 kB
Shmem:              1772 kB
Slab:              34212 kB
SReclaimable:      11900 kB
SUnreclaim:        22312 kB
KernelStack:        9888 kB
PageTables:        21284 kB
NFS_Unstable:          0 kB
Bounce:                0 kB
WritebackTmp:          0 kB
CommitLimit:      675480 kB
Committed_AS:   49305664 kB
VmallocTotal:     253952 kB
VmallocUsed:       97180 kB
VmallocChunk:      41988 kB
Time pass: 309 sec

---2015-10-15 23:09:39
MemTotal:        1350964 kB
MemFree:           35652 kB
Buffers:            7108 kB
Cached:           491140 kB
SwapCached:            0 kB
Active:           723088 kB
Inactive:         314756 kB
Active(anon):     541784 kB
Inactive(anon):     1724 kB
Active(file):     181304 kB
Inactive(file):   313032 kB
Unevictable:        2124 kB
Mlocked:               0 kB
HighTotal:        802816 kB
HighFree:           1544 kB
LowTotal:         548148 kB
LowFree:           34108 kB
SwapTotal:             0 kB
SwapFree:              0 kB
Dirty:                40 kB
Writeback:             0 kB
AnonPages:        541864 kB
Mapped:           222160 kB
Shmem:              1772 kB
Slab:              34252 kB
SReclaimable:      11900 kB
SUnreclaim:        22352 kB
KernelStack:        9888 kB
PageTables:        21284 kB
NFS_Unstable:          0 kB
Bounce:                0 kB
WritebackTmp:          0 kB
CommitLimit:      675480 kB
Committed_AS:   49305676 kB
VmallocTotal:     253952 kB
VmallocUsed:       97180 kB
VmallocChunk:      41988 kB
Time pass: 313 sec

---2015-10-15 23:09:39
MemTotal:        1350964 kB
MemFree:           34980 kB
Buffers:            7116 kB
Cached:           491140 kB
SwapCached:            0 kB
Active:           723292 kB
Inactive:         314772 kB
Active(anon):     541988 kB
Inactive(anon):     1724 kB
Active(file):     181304 kB
Inactive(file):   313048 kB
Unevictable:        2124 kB
Mlocked:               0 kB
HighTotal:        802816 kB
HighFree:           1544 kB
LowTotal:         548148 kB
LowFree:           33436 kB
SwapTotal:             0 kB
SwapFree:              0 kB
Dirty:                28 kB
Writeback:             0 kB
AnonPages:        542012 kB
Mapped:           222012 kB
Shmem:              1772 kB
Slab:              34268 kB
SReclaimable:      11900 kB
SUnreclaim:        22368 kB
KernelStack:        9888 kB
PageTables:        21292 kB
NFS_Unstable:          0 kB
Bounce:                0 kB
WritebackTmp:          0 kB
CommitLimit:      675480 kB
Committed_AS:   49305604 kB
VmallocTotal:     253952 kB
VmallocUsed:       97180 kB
VmallocChunk:      41988 kB
Time pass: 316 sec

---2015-10-15 23:09:39
MemTotal:        1350964 kB
MemFree:           35080 kB
Buffers:            7132 kB
Cached:           491140 kB
SwapCached:            0 kB
Active:           723416 kB
Inactive:         314780 kB
Active(anon):     542112 kB
Inactive(anon):     1724 kB
Active(file):     181304 kB
Inactive(file):   313056 kB
Unevictable:        2124 kB
Mlocked:               0 kB
HighTotal:        802816 kB
HighFree:           1544 kB
LowTotal:         548148 kB
LowFree:           33536 kB
SwapTotal:             0 kB
SwapFree:              0 kB
Dirty:                40 kB
Writeback:             0 kB
AnonPages:        541968 kB
Mapped:           222012 kB
Shmem:              1772 kB
Slab:              34216 kB
SReclaimable:      11908 kB
SUnreclaim:        22308 kB
KernelStack:        9880 kB
PageTables:        21292 kB
NFS_Unstable:          0 kB
Bounce:                0 kB
WritebackTmp:          0 kB
CommitLimit:      675480 kB
Committed_AS:   49305608 kB
VmallocTotal:     253952 kB
VmallocUsed:       97180 kB
VmallocChunk:      41988 kB
Time pass: 320 sec

---2015-10-15 23:09:39
MemTotal:        1350964 kB
MemFree:           34776 kB
Buffers:            7132 kB
Cached:           491140 kB
SwapCached:            0 kB
Active:           723520 kB
Inactive:         314796 kB
Active(anon):     542216 kB
Inactive(anon):     1724 kB
Active(file):     181304 kB
Inactive(file):   313072 kB
Unevictable:        2124 kB
Mlocked:               0 kB
HighTotal:        802816 kB
HighFree:           1544 kB
LowTotal:         548148 kB
LowFree:           33232 kB
SwapTotal:             0 kB
SwapFree:              0 kB
Dirty:                 0 kB
Writeback:             0 kB
AnonPages:        542176 kB
Mapped:           222160 kB
Shmem:              1772 kB
Slab:              34296 kB
SReclaimable:      11908 kB
SUnreclaim:        22388 kB
KernelStack:        9880 kB
PageTables:        21284 kB
NFS_Unstable:          0 kB
Bounce:                0 kB
WritebackTmp:          0 kB
CommitLimit:      675480 kB
Committed_AS:   49305584 kB
VmallocTotal:     253952 kB
VmallocUsed:       97180 kB
VmallocChunk:      41988 kB
Time pass: 323 sec

---2015-10-15 23:09:39
MemTotal:        1350964 kB
MemFree:           34512 kB
Buffers:            7156 kB
Cached:           491140 kB
SwapCached:            0 kB
Active:           723860 kB
Inactive:         314820 kB
Active(anon):     542556 kB
Inactive(anon):     1724 kB
Active(file):     181304 kB
Inactive(file):   313096 kB
Unevictable:        2124 kB
Mlocked:               0 kB
HighTotal:        802816 kB
HighFree:           1544 kB
LowTotal:         548148 kB
LowFree:           32968 kB
SwapTotal:             0 kB
SwapFree:              0 kB
Dirty:                40 kB
Writeback:             0 kB
AnonPages:        542424 kB
Mapped:           222160 kB
Shmem:              1772 kB
Slab:              34224 kB
SReclaimable:      11908 kB
