---2015-11-23 11:25:36
MemTotal:        1860984 kB
MemFree:          246208 kB
Buffers:           11460 kB
Cached:           803912 kB
SwapCached:         9072 kB
Active:           654384 kB
Inactive:         678028 kB
Active(anon):     469752 kB
Inactive(anon):    48688 kB
Active(file):     184632 kB
Inactive(file):   629340 kB
Unevictable:           0 kB
Mlocked:               0 kB
HighTotal:       1436668 kB
HighFree:          19728 kB
LowTotal:         424316 kB
LowFree:          226480 kB
SwapTotal:        716796 kB
SwapFree:         627264 kB
Dirty:                 0 kB
Writeback:             0 kB
AnonPages:        515288 kB
Mapped:           201612 kB
Shmem:              1420 kB
Slab:              44300 kB
SReclaimable:      14324 kB
SUnreclaim:        29976 kB
KernelStack:       10832 kB
PageTables:        24468 kB
NFS_Unstable:          0 kB
Bounce:                0 kB
WritebackTmp:          0 kB
CommitLimit:     1647288 kB
Committed_AS:   56130656 kB
VmallocTotal:     458752 kB
VmallocUsed:      112956 kB
VmallocChunk:     171012 kB
Time pass: 3 sec

---2015-11-23 11:25:36
MemTotal:        1860984 kB
MemFree:          250356 kB
Buffers:           11460 kB
Cached:           803912 kB
SwapCached:         9072 kB
Active:           649168 kB
Inactive:         679096 kB
Active(anon):     464524 kB
Inactive(anon):    49768 kB
Active(file):     184644 kB
Inactive(file):   629328 kB
Unevictable:           0 kB
Mlocked:               0 kB
HighTotal:       1436668 kB
HighFree:          23572 kB
LowTotal:         424316 kB
LowFree:          226784 kB
SwapTotal:        716796 kB
SwapFree:         623100 kB
Dirty:                 0 kB
Writeback:             0 kB
AnonPages:        511124 kB
Mapped:           201612 kB
Shmem:              1420 kB
Slab:              44264 kB
SReclaimable:      14292 kB
SUnreclaim:        29972 kB
KernelStack:       10832 kB
PageTables:        24468 kB
NFS_Unstable:          0 kB
Bounce:                0 kB
WritebackTmp:          0 kB
CommitLimit:     1647288 kB
Committed_AS:   56130648 kB
VmallocTotal:     458752 kB
VmallocUsed:      112956 kB
VmallocChunk:     171012 kB
Time pass: 7 sec

---2015-11-23 11:25:36
MemTotal:        1860984 kB
MemFree:          250348 kB
Buffers:           11460 kB
Cached:           803912 kB
SwapCached:         9080 kB
Active:           649184 kB
Inactive:         679104 kB
Active(anon):     464540 kB
Inactive(anon):    49776 kB
Active(file):     184644 kB
Inactive(file):   629328 kB
Unevictable:           0 kB
Mlocked:               0 kB
HighTotal:       1436668 kB
HighFree:          23572 kB
LowTotal:         424316 kB
LowFree:          226776 kB
SwapTotal:        716796 kB
SwapFree:         623100 kB
Dirty:                 0 kB
Writeback:             0 kB
AnonPages:        511168 kB
Mapped:           201612 kB
Shmem:              1420 kB
Slab:              44248 kB
SReclaimable:      14276 kB
SUnreclaim:        29972 kB
KernelStack:       10832 kB
PageTables:        24472 kB
NFS_Unstable:          0 kB
Bounce:                0 kB
WritebackTmp:          0 kB
CommitLimit:     1647288 kB
Committed_AS:   56130656 kB
VmallocTotal:     458752 kB
VmallocUsed:      112956 kB
VmallocChunk:     171012 kB
Time pass: 10 sec

---2015-11-23 11:25:36
MemTotal:        1860984 kB
MemFree:          254200 kB
Buffers:           11476 kB
Cached:           803964 kB
SwapCached:         9080 kB
Active:           644056 kB
Inactive:         680180 kB
Active(anon):     459400 kB
Inactive(anon):    50808 kB
Active(file):     184656 kB
Inactive(file):   629372 kB
Unevictable:           0 kB
Mlocked:               0 kB
HighTotal:       1436668 kB
HighFree:          27252 kB
LowTotal:         424316 kB
LowFree:          226948 kB
SwapTotal:        716796 kB
SwapFree:         618896 kB
Dirty:               108 kB
Writeback:             0 kB
AnonPages:        507056 kB
Mapped:           201616 kB
Shmem:              1420 kB
Slab:              44368 kB
SReclaimable:      14360 kB
SUnreclaim:        30008 kB
KernelStack:       10840 kB
PageTables:        24472 kB
NFS_Unstable:          0 kB
Bounce:                0 kB
WritebackTmp:          0 kB
CommitLimit:     1647288 kB
Committed_AS:   56130680 kB
VmallocTotal:     458752 kB
VmallocUsed:      112956 kB
VmallocChunk:     171012 kB
Time pass: 14 sec

---2015-11-23 11:25:36
MemTotal:        1860984 kB
MemFree:          254040 kB
Buffers:           11476 kB
Cached:           803964 kB
SwapCached:         9080 kB
Active:           644060 kB
Inactive:         680188 kB
Active(anon):     459404 kB
Inactive(anon):    50804 kB
Active(file):     184656 kB
Inactive(file):   629384 kB
Unevictable:           0 kB
Mlocked:               0 kB
HighTotal:       1436668 kB
HighFree:          27252 kB
LowTotal:         424316 kB
LowFree:          226788 kB
SwapTotal:        716796 kB
SwapFree:         618896 kB
Dirty:               108 kB
Writeback:             0 kB
AnonPages:        507060 kB
Mapped:           201616 kB
Shmem:              1420 kB
Slab:              44376 kB
SReclaimable:      14360 kB
SUnreclaim:        30016 kB
KernelStack:       10840 kB
PageTables:        24468 kB
NFS_Unstable:          0 kB
Bounce:                0 kB
WritebackTmp:          0 kB
CommitLimit:     1647288 kB
Committed_AS:   56130680 kB
VmallocTotal:     458752 kB
VmallocUsed:      112956 kB
VmallocChunk:     171012 kB
Time pass: 17 sec

---2015-11-23 11:25:36
MemTotal:        1860984 kB
MemFree:          257060 kB
Buffers:           11484 kB
Cached:           803964 kB
SwapCached:         9080 kB
Active:           637908 kB
Inactive:         682144 kB
Active(anon):     453252 kB
Inactive(anon):    52752 kB
Active(file):     184656 kB
Inactive(file):   629392 kB
Unevictable:           0 kB
Mlocked:               0 kB
HighTotal:       1436668 kB
HighFree:          29360 kB
LowTotal:         424316 kB
LowFree:          227700 kB
SwapTotal:        716796 kB
SwapFree:         614680 kB
Dirty:                44 kB
Writeback:             0 kB
AnonPages:        502868 kB
Mapped:           201616 kB
Shmem:              1420 kB
Slab:              44384 kB
SReclaimable:      14376 kB
SUnreclaim:        30008 kB
KernelStack:       10832 kB
PageTables:        24472 kB
NFS_Unstable:          0 kB
Bounce:                0 kB
WritebackTmp:          0 kB
CommitLimit:     1647288 kB
Committed_AS:   56130672 kB
VmallocTotal:     458752 kB
VmallocUsed:      112956 kB
VmallocChunk:     171012 kB
Time pass: 21 sec

---2015-11-23 11:25:36
MemTotal:        1860984 kB
MemFree:          171408 kB
Buffers:           11728 kB
Cached:           839032 kB
SwapCached:        11536 kB
Active:           658092 kB
Inactive:         719864 kB
Active(anon):     472864 kB
Inactive(anon):    55780 kB
Active(file):     185228 kB
Inactive(file):   664084 kB
Unevictable:           0 kB
Mlocked:               0 kB
HighTotal:       1436668 kB
HighFree:           2532 kB
LowTotal:         424316 kB
LowFree:          168876 kB
SwapTotal:        716796 kB
SwapFree:         615272 kB
Dirty:               948 kB
Writeback:             0 kB
AnonPages:        524596 kB
Mapped:           222248 kB
Shmem:              1560 kB
Slab:              44684 kB
SReclaimable:      14476 kB
SUnreclaim:        30208 kB
KernelStack:       11288 kB
PageTables:        25136 kB
NFS_Unstable:          0 kB
Bounce:                0 kB
WritebackTmp:          0 kB
CommitLimit:     1647288 kB
Committed_AS:   56985396 kB
VmallocTotal:     458752 kB
VmallocUsed:      114096 kB
VmallocChunk:     171012 kB
Time pass: 25 sec

---2015-11-23 11:25:36
MemTotal:        1860984 kB
MemFree:          111464 kB
Buffers:           11772 kB
Cached:           841612 kB
SwapCached:        13456 kB
Active:           658192 kB
Inactive:         726960 kB
Active(anon):     472532 kB
Inactive(anon):    60840 kB
Active(file):     185660 kB
Inactive(file):   666120 kB
Unevictable:           0 kB
Mlocked:               0 kB
HighTotal:       1436668 kB
HighFree:           2516 kB
LowTotal:         424316 kB
LowFree:          108948 kB
SwapTotal:        716796 kB
SwapFree:         612348 kB
Dirty:               748 kB
Writeback:             0 kB
AnonPages:        529316 kB
Mapped:           227568 kB
Shmem:              1552 kB
Slab:              44920 kB
SReclaimable:      14608 kB
SUnreclaim:        30312 kB
KernelStack:       11368 kB
PageTables:        25276 kB
NFS_Unstable:          0 kB
Bounce:                0 kB
WritebackTmp:          0 kB
CommitLimit:     1647288 kB
Committed_AS:   56988868 kB
VmallocTotal:     458752 kB
VmallocUsed:      114340 kB
VmallocChunk:     171012 kB
Time pass: 28 sec

---2015-11-23 11:25:36
MemTotal:        1860984 kB
MemFree:           87440 kB
Buffers:           11780 kB
Cached:           841600 kB
SwapCached:        13512 kB
Active:           658740 kB
Inactive:         727208 kB
Active(anon):     473044 kB
Inactive(anon):    61056 kB
Active(file):     185696 kB
Inactive(file):   666152 kB
Unevictable:           0 kB
Mlocked:               0 kB
HighTotal:       1436668 kB
HighFree:           2952 kB
LowTotal:         424316 kB
LowFree:           84488 kB
SwapTotal:        716796 kB
SwapFree:         612352 kB
Dirty:               828 kB
Writeback:             0 kB
AnonPages:        530032 kB
Mapped:           229404 kB
Shmem:              1552 kB
Slab:              44868 kB
SReclaimable:      14592 kB
SUnreclaim:        30276 kB
KernelStack:       11296 kB
PageTables:        25328 kB
NFS_Unstable:          0 kB
Bounce:                0 kB
WritebackTmp:          0 kB
CommitLimit:     1647288 kB
Committed_AS:   56989648 kB
VmallocTotal:     458752 kB
VmallocUsed:      114464 kB
VmallocChunk:     171012 kB
Time pass: 32 sec

---2015-11-23 11:25:36
MemTotal:        1860984 kB
MemFree:           56396 kB
Buffers:           11788 kB
Cached:           842376 kB
SwapCached:        13564 kB
Active:           665208 kB
Inactive:         727928 kB
Active(anon):     479440 kB
Inactive(anon):    61076 kB
Active(file):     185768 kB
Inactive(file):   666852 kB
Unevictable:           0 kB
Mlocked:               0 kB
HighTotal:       1436668 kB
HighFree:           2468 kB
LowTotal:         424316 kB
LowFree:           53928 kB
SwapTotal:        716796 kB
SwapFree:         612356 kB
Dirty:                 8 kB
Writeback:             0 kB
AnonPages:        536496 kB
Mapped:           232076 kB
Shmem:              1552 kB
Slab:              44920 kB
SReclaimable:      14592 kB
SUnreclaim:        30328 kB
KernelStack:       11360 kB
PageTables:        25440 kB
NFS_Unstable:          0 kB
Bounce:                0 kB
WritebackTmp:          0 kB
CommitLimit:     1647288 kB
Committed_AS:   56994612 kB
VmallocTotal:     458752 kB
VmallocUsed:      114548 kB
VmallocChunk:     171012 kB
Time pass: 35 sec

---2015-11-23 11:25:36
MemTotal:        1860984 kB
MemFree:           33596 kB
Buffers:           11796 kB
Cached:           842668 kB
SwapCached:        13588 kB
Active:           670288 kB
Inactive:         728200 kB
Active(anon):     484424 kB
Inactive(anon):    61132 kB
Active(file):     185864 kB
Inactive(file):   667068 kB
Unevictable:           0 kB
Mlocked:               0 kB
HighTotal:       1436668 kB
HighFree:           2476 kB
LowTotal:         424316 kB
LowFree:           31120 kB
SwapTotal:        716796 kB
SwapFree:         612356 kB
Dirty:                64 kB
Writeback:             0 kB
AnonPages:        541472 kB
Mapped:           232956 kB
Shmem:              1552 kB
Slab:              44920 kB
SReclaimable:      14592 kB
SUnreclaim:        30328 kB
KernelStack:       11352 kB
PageTables:        25552 kB
NFS_Unstable:          0 kB
Bounce:                0 kB
WritebackTmp:          0 kB
CommitLimit:     1647288 kB
Committed_AS:   56995868 kB
VmallocTotal:     458752 kB
VmallocUsed:      114568 kB
VmallocChunk:     171012 kB
Time pass: 39 sec

---2015-11-23 11:25:36
MemTotal:        1860984 kB
MemFree:           47428 kB
Buffers:           11796 kB
Cached:           842680 kB
SwapCached:        13592 kB
Active:           670460 kB
Inactive:         728212 kB
Active(anon):     484588 kB
Inactive(anon):    61140 kB
Active(file):     185872 kB
Inactive(file):   667072 kB
Unevictable:           0 kB
Mlocked:               0 kB
HighTotal:       1436668 kB
HighFree:           2972 kB
LowTotal:         424316 kB
LowFree:           44456 kB
SwapTotal:        716796 kB
SwapFree:         612368 kB
Dirty:                76 kB
Writeback:             0 kB
AnonPages:        541624 kB
Mapped:           233084 kB
Shmem:              1552 kB
Slab:              44964 kB
SReclaimable:      14592 kB
SUnreclaim:        30372 kB
KernelStack:       11440 kB
PageTables:        25504 kB
NFS_Unstable:          0 kB
Bounce:                0 kB
WritebackTmp:          0 kB
CommitLimit:     1647288 kB
Committed_AS:   56997892 kB
VmallocTotal:     458752 kB
VmallocUsed:      114568 kB
VmallocChunk:     171012 kB
Time pass: 42 sec

---2015-11-23 11:25:36
MemTotal:        1860984 kB
MemFree:           30600 kB
Buffers:           11604 kB
Cached:           840352 kB
SwapCached:        13592 kB
Active:           676540 kB
Inactive:         734536 kB
Active(anon):     488332 kB
Inactive(anon):    73312 kB
Active(file):     188208 kB
Inactive(file):   661224 kB
Unevictable:         744 kB
Mlocked:               0 kB
HighTotal:       1436668 kB
HighFree:           4532 kB
LowTotal:         424316 kB
LowFree:           26068 kB
SwapTotal:        716796 kB
SwapFree:         612368 kB
Dirty:               584 kB
Writeback:             0 kB
AnonPages:        557736 kB
Mapped:           236092 kB
Shmem:              1556 kB
Slab:              45124 kB
SReclaimable:      14620 kB
SUnreclaim:        30504 kB
KernelStack:       11464 kB
PageTables:        25560 kB
NFS_Unstable:          0 kB
Bounce:                0 kB
WritebackTmp:          0 kB
CommitLimit:     1647288 kB
Committed_AS:   57014028 kB
VmallocTotal:     458752 kB
VmallocUsed:      114576 kB
VmallocChunk:     171012 kB
Time pass: 46 sec

---2015-11-23 11:25:36
MemTotal:        1860984 kB
MemFree:           37848 kB
Buffers:            9684 kB
Cached:           799520 kB
SwapCached:        13592 kB
Active:           594524 kB
Inactive:         771680 kB
Active(anon):     391980 kB
Inactive(anon):   167500 kB
Active(file):     202544 kB
Inactive(file):   604180 kB
Unevictable:         860 kB
Mlocked:               0 kB
HighTotal:       1436668 kB
HighFree:          12936 kB
LowTotal:         424316 kB
LowFree:           24912 kB
SwapTotal:        716796 kB
SwapFree:         612368 kB
Dirty:                 0 kB
Writeback:             0 kB
AnonPages:        555340 kB
Mapped:           264212 kB
Shmem:              1556 kB
Slab:              45080 kB
SReclaimable:      14608 kB
SUnreclaim:        30472 kB
KernelStack:       11368 kB
PageTables:        25648 kB
NFS_Unstable:          0 kB
Bounce:                0 kB
WritebackTmp:          0 kB
CommitLimit:     1647288 kB
Committed_AS:   57011656 kB
VmallocTotal:     458752 kB
VmallocUsed:      114768 kB
VmallocChunk:     171012 kB
Time pass: 50 sec

---2015-11-23 11:25:36
MemTotal:        1860984 kB
MemFree:           37848 kB
Buffers:            9692 kB
Cached:           799452 kB
SwapCached:        13592 kB
Active:           594560 kB
Inactive:         771620 kB
Active(anon):     391972 kB
Inactive(anon):   167480 kB
Active(file):     202588 kB
Inactive(file):   604140 kB
Unevictable:         860 kB
Mlocked:               0 kB
HighTotal:       1436668 kB
HighFree:          12936 kB
LowTotal:         424316 kB
LowFree:           24912 kB
SwapTotal:        716796 kB
SwapFree:         612368 kB
Dirty:                60 kB
Writeback:             0 kB
AnonPages:        555372 kB
Mapped:           264212 kB
Shmem:              1556 kB
Slab:              45076 kB
SReclaimable:      14608 kB
SUnreclaim:        30468 kB
KernelStack:       11384 kB
PageTables:        25648 kB
NFS_Unstable:          0 kB
Bounce:                0 kB
WritebackTmp:          0 kB
CommitLimit:     1647288 kB
Committed_AS:   57011656 kB
VmallocTotal:     458752 kB
VmallocUsed:      114768 kB
VmallocChunk:     171012 kB
Time pass: 53 sec

---2015-11-23 11:25:36
MemTotal:        1860984 kB
MemFree:           37984 kB
Buffers:            9088 kB
Cached:           784644 kB
SwapCached:        13592 kB
Active:           597092 kB
Inactive:         755324 kB
Active(anon):     392984 kB
Inactive(anon):   168120 kB
Active(file):     204108 kB
Inactive(file):   587204 kB
Unevictable:         860 kB
Mlocked:               0 kB
HighTotal:       1436668 kB
HighFree:          13088 kB
LowTotal:         424316 kB
LowFree:           24896 kB
SwapTotal:        716796 kB
SwapFree:         612368 kB
Dirty:                 0 kB
Writeback:             0 kB
AnonPages:        556984 kB
Mapped:           273360 kB
Shmem:              1556 kB
Slab:              45072 kB
SReclaimable:      14604 kB
SUnreclaim:        30468 kB
KernelStack:       11368 kB
PageTables:        25676 kB
NFS_Unstable:          0 kB
Bounce:                0 kB
WritebackTmp:          0 kB
CommitLimit:     1647288 kB
Committed_AS:   57013280 kB
VmallocTotal:     458752 kB
VmallocUsed:      114808 kB
VmallocChunk:     171012 kB
Time pass: 57 sec

---2015-11-23 11:25:36
MemTotal:        1860984 kB
MemFree:           58252 kB
Buffers:            8740 kB
Cached:           772424 kB
SwapCached:        13588 kB
Active:           612408 kB
Inactive:         739448 kB
Active(anon):     402188 kB
Inactive(anon):   171128 kB
Active(file):     210220 kB
Inactive(file):   568320 kB
Unevictable:         860 kB
Mlocked:               0 kB
HighTotal:       1436668 kB
HighFree:           6768 kB
LowTotal:         424316 kB
LowFree:           51484 kB
SwapTotal:        716796 kB
SwapFree:         612452 kB
Dirty:               580 kB
Writeback:             0 kB
AnonPages:        569496 kB
Mapped:           272024 kB
Shmem:              1556 kB
Slab:              45316 kB
SReclaimable:      14624 kB
SUnreclaim:        30692 kB
KernelStack:       11448 kB
PageTables:        25572 kB
NFS_Unstable:          0 kB
Bounce:                0 kB
WritebackTmp:          0 kB
CommitLimit:     1647288 kB
Committed_AS:   57025152 kB
VmallocTotal:     458752 kB
VmallocUsed:      114804 kB
VmallocChunk:     171012 kB
Time pass: 60 sec

---2015-11-23 11:25:36
MemTotal:        1860984 kB
MemFree:           31668 kB
Buffers:            8740 kB
Cached:           774560 kB
SwapCached:        13580 kB
Active:           605324 kB
Inactive:         739128 kB
Active(anon):     394936 kB
Inactive(anon):   168708 kB
Active(file):     210388 kB
Inactive(file):   570420 kB
Unevictable:         860 kB
Mlocked:               0 kB
HighTotal:       1436668 kB
HighFree:           6372 kB
LowTotal:         424316 kB
LowFree:           25296 kB
SwapTotal:        716796 kB
SwapFree:         608328 kB
Dirty:                 0 kB
Writeback:             0 kB
AnonPages:        559692 kB
Mapped:           276256 kB
Shmem:              1556 kB
Slab:              45604 kB
SReclaimable:      14812 kB
SUnreclaim:        30792 kB
KernelStack:       11440 kB
PageTables:        25700 kB
NFS_Unstable:          0 kB
Bounce:                0 kB
WritebackTmp:          0 kB
CommitLimit:     1647288 kB
Committed_AS:   57025104 kB
VmallocTotal:     458752 kB
VmallocUsed:      114892 kB
VmallocChunk:     171012 kB
Time pass: 64 sec

---2015-11-23 11:25:36
MemTotal:        1860984 kB
MemFree:           38460 kB
Buffers:            7176 kB
Cached:           741232 kB
SwapCached:        13672 kB
Active:           615780 kB
Inactive:         705700 kB
Active(anon):     403892 kB
Inactive(anon):   171724 kB
Active(file):     211888 kB
Inactive(file):   533976 kB
Unevictable:         860 kB
Mlocked:               0 kB
HighTotal:       1436668 kB
HighFree:          13936 kB
LowTotal:         424316 kB
LowFree:           24524 kB
SwapTotal:        716796 kB
SwapFree:         608356 kB
Dirty:               316 kB
Writeback:             0 kB
AnonPages:        571500 kB
Mapped:           278560 kB
Shmem:              1556 kB
Slab:              45464 kB
SReclaimable:      14712 kB
SUnreclaim:        30752 kB
KernelStack:       11624 kB
PageTables:        25816 kB
NFS_Unstable:          0 kB
Bounce:                0 kB
WritebackTmp:          0 kB
CommitLimit:     1647288 kB
Committed_AS:   57051068 kB
VmallocTotal:     458752 kB
VmallocUsed:      119272 kB
VmallocChunk:     171012 kB
Time pass: 68 sec

---2015-11-23 11:25:36
MemTotal:        1860984 kB
MemFree:           29000 kB
Buffers:            6212 kB
Cached:           718372 kB
SwapCached:        13668 kB
Active:           620188 kB
Inactive:         683216 kB
Active(anon):     408188 kB
Inactive(anon):   173040 kB
Active(file):     212000 kB
Inactive(file):   510176 kB
Unevictable:         860 kB
Mlocked:               0 kB
HighTotal:       1436668 kB
HighFree:           4668 kB
LowTotal:         424316 kB
LowFree:           24332 kB
SwapTotal:        716796 kB
SwapFree:         608364 kB
Dirty:                60 kB
Writeback:             0 kB
AnonPages:        576744 kB
Mapped:           277512 kB
Shmem:              1680 kB
Slab:              45996 kB
SReclaimable:      14948 kB
SUnreclaim:        31048 kB
KernelStack:       11688 kB
PageTables:        26012 kB
NFS_Unstable:          0 kB
Bounce:                0 kB
WritebackTmp:          0 kB
CommitLimit:     1647288 kB
Committed_AS:   57056780 kB
VmallocTotal:     458752 kB
VmallocUsed:      123132 kB
VmallocChunk:     171012 kB
Time pass: 72 sec

---2015-11-23 11:25:36
MemTotal:        1860984 kB
MemFree:           29720 kB
Buffers:            5956 kB
Cached:           712652 kB
SwapCached:        13672 kB
Active:           622392 kB
Inactive:         677064 kB
Active(anon):     410344 kB
Inactive(anon):   173100 kB
Active(file):     212048 kB
Inactive(file):   503964 kB
Unevictable:         860 kB
Mlocked:               0 kB
HighTotal:       1436668 kB
HighFree:           4676 kB
LowTotal:         424316 kB
LowFree:           25044 kB
SwapTotal:        716796 kB
SwapFree:         608364 kB
Dirty:                36 kB
Writeback:             0 kB
AnonPages:        579072 kB
Mapped:           277568 kB
Shmem:              1736 kB
Slab:              45920 kB
SReclaimable:      14768 kB
SUnreclaim:        31152 kB
KernelStack:       11664 kB
PageTables:        26092 kB
NFS_Unstable:          0 kB
Bounce:                0 kB
WritebackTmp:          0 kB
CommitLimit:     1647288 kB
Committed_AS:   57057676 kB
VmallocTotal:     458752 kB
VmallocUsed:      123132 kB
VmallocChunk:     171012 kB
Time pass: 75 sec

---2015-11-23 11:25:36
MemTotal:        1860984 kB
MemFree:           33728 kB
Buffers:            5956 kB
Cached:           712740 kB
SwapCached:        13672 kB
Active:           619552 kB
Inactive:         675988 kB
Active(anon):     407504 kB
Inactive(anon):   172024 kB
Active(file):     212048 kB
Inactive(file):   503964 kB
Unevictable:         860 kB
Mlocked:               0 kB
HighTotal:       1436668 kB
HighFree:           7968 kB
LowTotal:         424316 kB
LowFree:           25760 kB
SwapTotal:        716796 kB
SwapFree:         604264 kB
Dirty:                 0 kB
Writeback:             0 kB
AnonPages:        575200 kB
Mapped:           277532 kB
Shmem:              1824 kB
Slab:              45916 kB
SReclaimable:      14768 kB
SUnreclaim:        31148 kB
KernelStack:       11664 kB
PageTables:        26092 kB
NFS_Unstable:          0 kB
Bounce:                0 kB
WritebackTmp:          0 kB
CommitLimit:     1647288 kB
Committed_AS:   57057576 kB
VmallocTotal:     458752 kB
VmallocUsed:      123132 kB
VmallocChunk:     171012 kB
Time pass: 79 sec

---2015-11-23 11:25:36
MemTotal:        1860984 kB
MemFree:           35140 kB
Buffers:            5980 kB
Cached:           712732 kB
SwapCached:        13668 kB
Active:           617896 kB
Inactive:         674476 kB
Active(anon):     405848 kB
Inactive(anon):   170504 kB
Active(file):     212048 kB
Inactive(file):   503972 kB
Unevictable:         860 kB
Mlocked:               0 kB
HighTotal:       1436668 kB
HighFree:           9332 kB
LowTotal:         424316 kB
LowFree:           25808 kB
SwapTotal:        716796 kB
SwapFree:         600172 kB
Dirty:                28 kB
Writeback:             0 kB
AnonPages:        571792 kB
Mapped:           277532 kB
Shmem:              1824 kB
Slab:              45936 kB
SReclaimable:      14796 kB
SUnreclaim:        31140 kB
KernelStack:       11624 kB
PageTables:        26092 kB
NFS_Unstable:          0 kB
Bounce:                0 kB
WritebackTmp:          0 kB
CommitLimit:     1647288 kB
Committed_AS:   57058848 kB
VmallocTotal:     458752 kB
VmallocUsed:      123132 kB
VmallocChunk:     171012 kB
Time pass: 82 sec

---2015-11-23 11:25:36
MemTotal:        1860984 kB
MemFree:           73448 kB
Buffers:            5980 kB
Cached:           715148 kB
SwapCached:        13684 kB
Active:           614564 kB
Inactive:         676928 kB
Active(anon):     402516 kB
Inactive(anon):   170364 kB
Active(file):     212048 kB
Inactive(file):   506564 kB
Unevictable:         860 kB
Mlocked:               0 kB
HighTotal:       1436668 kB
HighFree:          47976 kB
LowTotal:         424316 kB
LowFree:           25472 kB
SwapTotal:        716796 kB
SwapFree:         600192 kB
Dirty:                 4 kB
Writeback:             0 kB
AnonPages:        568644 kB
Mapped:           277272 kB
Shmem:              1656 kB
Slab:              45880 kB
SReclaimable:      14792 kB
SUnreclaim:        31088 kB
KernelStack:       11592 kB
PageTables:        25828 kB
NFS_Unstable:          0 kB
Bounce:                0 kB
WritebackTmp:          0 kB
CommitLimit:     1647288 kB
Committed_AS:   57035200 kB
VmallocTotal:     458752 kB
VmallocUsed:      115508 kB
VmallocChunk:     171012 kB
Time pass: 86 sec

---2015-11-23 11:25:36
MemTotal:        1860984 kB
MemFree:          332764 kB
Buffers:            6036 kB
Cached:           715424 kB
SwapCached:        13680 kB
Active:           546728 kB
Inactive:         675144 kB
Active(anon):     333848 kB
Inactive(anon):   168856 kB
Active(file):     212880 kB
Inactive(file):   506288 kB
Unevictable:         860 kB
Mlocked:               0 kB
HighTotal:       1436668 kB
HighFree:         141996 kB
LowTotal:         424316 kB
LowFree:          190768 kB
SwapTotal:        716796 kB
SwapFree:         596116 kB
Dirty:               256 kB
Writeback:             0 kB
AnonPages:        498672 kB
Mapped:           201620 kB
Shmem:              1420 kB
Slab:              45672 kB
SReclaimable:      14780 kB
SUnreclaim:        30892 kB
KernelStack:       10776 kB
PageTables:        24288 kB
NFS_Unstable:          0 kB
Bounce:                0 kB
WritebackTmp:          0 kB
CommitLimit:     1647288 kB
Committed_AS:   55340704 kB
VmallocTotal:     458752 kB
VmallocUsed:      112620 kB
VmallocChunk:     171012 kB
Time pass: 90 sec

---2015-11-23 11:25:36
MemTotal:        1860984 kB
MemFree:          335180 kB
Buffers:            6036 kB
Cached:           715424 kB
SwapCached:        13680 kB
Active:           548340 kB
Inactive:         669440 kB
Active(anon):     335460 kB
Inactive(anon):   163140 kB
Active(file):     212880 kB
Inactive(file):   506300 kB
Unevictable:         860 kB
Mlocked:               0 kB
HighTotal:       1436668 kB
HighFree:         143648 kB
LowTotal:         424316 kB
LowFree:          191532 kB
SwapTotal:        716796 kB
SwapFree:         592012 kB
Dirty:                 0 kB
Writeback:             0 kB
AnonPages:        494528 kB
Mapped:           201628 kB
Shmem:              1420 kB
Slab:              45588 kB
SReclaimable:      14756 kB
SUnreclaim:        30832 kB
KernelStack:       10776 kB
PageTables:        24316 kB
NFS_Unstable:          0 kB
Bounce:                0 kB
WritebackTmp:          0 kB
CommitLimit:     1647288 kB
Committed_AS:   55340696 kB
VmallocTotal:     458752 kB
VmallocUsed:      112620 kB
VmallocChunk:     171012 kB
Time pass: 94 sec

---2015-11-23 11:25:36
MemTotal:        1860984 kB
MemFree:          335696 kB
Buffers:            6044 kB
Cached:           715424 kB
SwapCached:        13680 kB
Active:           548364 kB
Inactive:         669448 kB
Active(anon):     335484 kB
Inactive(anon):   163140 kB
Active(file):     212880 kB
Inactive(file):   506308 kB
Unevictable:         860 kB
Mlocked:               0 kB
HighTotal:       1436668 kB
HighFree:         144156 kB
LowTotal:         424316 kB
LowFree:          191540 kB
SwapTotal:        716796 kB
SwapFree:         592012 kB
Dirty:                28 kB
Writeback:             0 kB
AnonPages:        494544 kB
Mapped:           201628 kB
Shmem:              1420 kB
Slab:              45580 kB
SReclaimable:      14748 kB
SUnreclaim:        30832 kB
KernelStack:       10776 kB
PageTables:        24316 kB
NFS_Unstable:          0 kB
Bounce:                0 kB
WritebackTmp:          0 kB
CommitLimit:     1647288 kB
Committed_AS:   55340688 kB
VmallocTotal:     458752 kB
VmallocUsed:      112620 kB
VmallocChunk:     171012 kB
Time pass: 97 sec

---2015-11-23 11:25:36
MemTotal:        1860984 kB
MemFree:          335704 kB
Buffers:            6044 kB
Cached:           715424 kB
SwapCached:        13680 kB
Active:           548388 kB
Inactive:         669448 kB
Active(anon):     335508 kB
Inactive(anon):   163140 kB
Active(file):     212880 kB
Inactive(file):   506308 kB
Unevictable:         860 kB
Mlocked:               0 kB
HighTotal:       1436668 kB
HighFree:         144156 kB
LowTotal:         424316 kB
LowFree:          191548 kB
SwapTotal:        716796 kB
SwapFree:         592012 kB
Dirty:                 0 kB
Writeback:             0 kB
AnonPages:        494600 kB
Mapped:           201628 kB
Shmem:              1420 kB
Slab:              45576 kB
SReclaimable:      14748 kB
SUnreclaim:        30828 kB
KernelStack:       10776 kB
PageTables:        24316 kB
NFS_Unstable:          0 kB
Bounce:                0 kB
WritebackTmp:          0 kB
CommitLimit:     1647288 kB
Committed_AS:   55340696 kB
VmallocTotal:     458752 kB
VmallocUsed:      112620 kB
VmallocChunk:     171012 kB
Time pass: 101 sec

---2015-11-23 11:25:36
MemTotal:        1860984 kB
MemFree:          339308 kB
Buffers:            6044 kB
Cached:           715424 kB
SwapCached:        13684 kB
Active:           549180 kB
Inactive:         664456 kB
Active(anon):     336300 kB
Inactive(anon):   158148 kB
Active(file):     212880 kB
Inactive(file):   506308 kB
Unevictable:         860 kB
Mlocked:               0 kB
HighTotal:       1436668 kB
HighFree:         147008 kB
LowTotal:         424316 kB
LowFree:          192300 kB
SwapTotal:        716796 kB
SwapFree:         587832 kB
Dirty:                 0 kB
Writeback:             0 kB
AnonPages:        490396 kB
Mapped:           201628 kB
Shmem:              1420 kB
Slab:              45576 kB
SReclaimable:      14748 kB
SUnreclaim:        30828 kB
KernelStack:       10768 kB
PageTables:        24316 kB
NFS_Unstable:          0 kB
Bounce:                0 kB
WritebackTmp:          0 kB
CommitLimit:     1647288 kB
Committed_AS:   55340672 kB
VmallocTotal:     458752 kB
VmallocUsed:      112620 kB
VmallocChunk:     171012 kB
Time pass: 104 sec

---2015-11-23 11:25:36
MemTotal:        1860984 kB
MemFree:          339148 kB
Buffers:            6044 kB
Cached:           715424 kB
SwapCached:        13684 kB
Active:           549192 kB
Inactive:         664456 kB
Active(anon):     336312 kB
Inactive(anon):   158148 kB
Active(file):     212880 kB
Inactive(file):   506308 kB
Unevictable:         860 kB
Mlocked:               0 kB
HighTotal:       1436668 kB
HighFree:         147008 kB
LowTotal:         424316 kB
LowFree:          192140 kB
SwapTotal:        716796 kB
SwapFree:         587832 kB
Dirty:                 0 kB
Writeback:             0 kB
AnonPages:        490408 kB
Mapped:           201628 kB
Shmem:              1420 kB
Slab:              45576 kB
SReclaimable:      14748 kB
SUnreclaim:        30828 kB
KernelStack:       10768 kB
PageTables:        24320 kB
NFS_Unstable:          0 kB
Bounce:                0 kB
WritebackTmp:          0 kB
CommitLimit:     1647288 kB
Committed_AS:   55340672 kB
VmallocTotal:     458752 kB
VmallocUsed:      112620 kB
VmallocChunk:     171012 kB
Time pass: 108 sec

---2015-11-23 11:25:36
MemTotal:        1860984 kB
MemFree:          292764 kB
Buffers:            6220 kB
Cached:           715896 kB
SwapCached:        13684 kB
Active:           567404 kB
Inactive:         664644 kB
Active(anon):     354048 kB
Inactive(anon):   158296 kB
Active(file):     213356 kB
Inactive(file):   506348 kB
Unevictable:         860 kB
Mlocked:               0 kB
HighTotal:       1436668 kB
HighFree:         116188 kB
LowTotal:         424316 kB
LowFree:          176576 kB
SwapTotal:        716796 kB
SwapFree:         587848 kB
Dirty:               848 kB
Writeback:             0 kB
AnonPages:        508264 kB
Mapped:           222564 kB
Shmem:              1552 kB
Slab:              45624 kB
SReclaimable:      14752 kB
SUnreclaim:        30872 kB
KernelStack:       11160 kB
PageTables:        25004 kB
NFS_Unstable:          0 kB
Bounce:                0 kB
WritebackTmp:          0 kB
CommitLimit:     1647288 kB
Committed_AS:   56193664 kB
VmallocTotal:     458752 kB
VmallocUsed:      113776 kB
VmallocChunk:     171012 kB
Time pass: 112 sec

---2015-11-23 11:25:36
MemTotal:        1860984 kB
MemFree:          236268 kB
Buffers:            6260 kB
Cached:           717288 kB
SwapCached:        13688 kB
Active:           587592 kB
Inactive:         662848 kB
Active(anon):     372812 kB
Inactive(anon):   156504 kB
Active(file):     214780 kB
Inactive(file):   506344 kB
Unevictable:         860 kB
Mlocked:               0 kB
HighTotal:       1436668 kB
HighFree:          77448 kB
LowTotal:         424316 kB
LowFree:          158820 kB
SwapTotal:        716796 kB
SwapFree:         583784 kB
Dirty:               148 kB
Writeback:             0 kB
AnonPages:        525128 kB
Mapped:           229812 kB
Shmem:              1556 kB
Slab:              45524 kB
SReclaimable:      14768 kB
SUnreclaim:        30756 kB
KernelStack:       11384 kB
PageTables:        25108 kB
NFS_Unstable:          0 kB
Bounce:                0 kB
WritebackTmp:          0 kB
CommitLimit:     1647288 kB
Committed_AS:   56215564 kB
VmallocTotal:     458752 kB
VmallocUsed:      113888 kB
VmallocChunk:     171012 kB
Time pass: 115 sec

---2015-11-23 11:25:36
MemTotal:        1860984 kB
MemFree:          195904 kB
Buffers:            6268 kB
Cached:           717620 kB
SwapCached:        13688 kB
Active:           587572 kB
Inactive:         662924 kB
Active(anon):     372524 kB
Inactive(anon):   156500 kB
Active(file):     215048 kB
Inactive(file):   506424 kB
Unevictable:         860 kB
Mlocked:               0 kB
HighTotal:       1436668 kB
HighFree:          42964 kB
LowTotal:         424316 kB
LowFree:          152940 kB
SwapTotal:        716796 kB
SwapFree:         583784 kB
Dirty:               700 kB
Writeback:             0 kB
AnonPages:        524824 kB
Mapped:           234952 kB
Shmem:              1556 kB
Slab:              45532 kB
SReclaimable:      14776 kB
SUnreclaim:        30756 kB
KernelStack:       11312 kB
PageTables:        25192 kB
NFS_Unstable:          0 kB
Bounce:                0 kB
WritebackTmp:          0 kB
CommitLimit:     1647288 kB
Committed_AS:   56215336 kB
VmallocTotal:     458752 kB
VmallocUsed:      114088 kB
VmallocChunk:     171012 kB
Time pass: 118 sec

---2015-11-23 11:25:36
MemTotal:        1860984 kB
MemFree:          160432 kB
Buffers:            6276 kB
Cached:           718052 kB
SwapCached:        13680 kB
Active:           588728 kB
Inactive:         662704 kB
Active(anon):     372988 kB
Inactive(anon):   156532 kB
Active(file):     215740 kB
Inactive(file):   506172 kB
Unevictable:         860 kB
Mlocked:               0 kB
HighTotal:       1436668 kB
HighFree:          41668 kB
LowTotal:         424316 kB
LowFree:          118764 kB
SwapTotal:        716796 kB
SwapFree:         583828 kB
Dirty:               560 kB
Writeback:             0 kB
AnonPages:        525312 kB
Mapped:           238816 kB
Shmem:              1556 kB
Slab:              45784 kB
SReclaimable:      14968 kB
SUnreclaim:        30816 kB
KernelStack:       11296 kB
PageTables:        25276 kB
NFS_Unstable:          0 kB
Bounce:                0 kB
WritebackTmp:          0 kB
CommitLimit:     1647288 kB
Committed_AS:   56216004 kB
VmallocTotal:     458752 kB
VmallocUsed:      114264 kB
VmallocChunk:     171012 kB
Time pass: 122 sec

---2015-11-23 11:25:36
MemTotal:        1860984 kB
MemFree:          145264 kB
Buffers:            6276 kB
Cached:           718352 kB
SwapCached:        13680 kB
Active:           590396 kB
Inactive:         662472 kB
Active(anon):     374120 kB
Inactive(anon):   156536 kB
Active(file):     216276 kB
Inactive(file):   505936 kB
Unevictable:         860 kB
Mlocked:               0 kB
HighTotal:       1436668 kB
HighFree:          38756 kB
LowTotal:         424316 kB
LowFree:          106508 kB
SwapTotal:        716796 kB
SwapFree:         583832 kB
Dirty:               320 kB
Writeback:             0 kB
AnonPages:        526464 kB
Mapped:           240940 kB
Shmem:              1556 kB
Slab:              45572 kB
SReclaimable:      14808 kB
SUnreclaim:        30764 kB
KernelStack:       11280 kB
PageTables:        25316 kB
NFS_Unstable:          0 kB
Bounce:                0 kB
WritebackTmp:          0 kB
CommitLimit:     1647288 kB
Committed_AS:   56216744 kB
VmallocTotal:     458752 kB
VmallocUsed:      114304 kB
VmallocChunk:     171012 kB
Time pass: 125 sec

---2015-11-23 11:25:36
MemTotal:        1860984 kB
MemFree:          159296 kB
Buffers:            6284 kB
Cached:           718392 kB
SwapCached:        13332 kB
Active:           599024 kB
Inactive:         661452 kB
Active(anon):     382744 kB
Inactive(anon):   155508 kB
Active(file):     216280 kB
Inactive(file):   505944 kB
Unevictable:         860 kB
Mlocked:               0 kB
HighTotal:       1436668 kB
HighFree:          36832 kB
LowTotal:         424316 kB
LowFree:          122464 kB
SwapTotal:        716796 kB
SwapFree:         580100 kB
Dirty:               496 kB
Writeback:             0 kB
AnonPages:        534572 kB
Mapped:           238880 kB
Shmem:              1556 kB
Slab:              45696 kB
SReclaimable:      14784 kB
SUnreclaim:        30912 kB
KernelStack:       11360 kB
PageTables:        25268 kB
NFS_Unstable:          0 kB
Bounce:                0 kB
WritebackTmp:          0 kB
CommitLimit:     1647288 kB
Committed_AS:   56227904 kB
VmallocTotal:     458752 kB
VmallocUsed:      114300 kB
VmallocChunk:     171012 kB
Time pass: 129 sec

---2015-11-23 11:25:36
MemTotal:        1860984 kB
MemFree:          132640 kB
Buffers:            6284 kB
Cached:           718364 kB
SwapCached:        13332 kB
Active:           592876 kB
Inactive:         661476 kB
Active(anon):     376588 kB
Inactive(anon):   155532 kB
Active(file):     216288 kB
Inactive(file):   505944 kB
Unevictable:         860 kB
Mlocked:               0 kB
HighTotal:       1436668 kB
HighFree:          34776 kB
LowTotal:         424316 kB
LowFree:           97864 kB
SwapTotal:        716796 kB
SwapFree:         580104 kB
Dirty:               560 kB
Writeback:             0 kB
AnonPages:        528320 kB
Mapped:           242404 kB
Shmem:              1556 kB
Slab:              45472 kB
SReclaimable:      14768 kB
SUnreclaim:        30704 kB
KernelStack:       11280 kB
PageTables:        25348 kB
NFS_Unstable:          0 kB
Bounce:                0 kB
WritebackTmp:          0 kB
CommitLimit:     1647288 kB
Committed_AS:   56221620 kB
VmallocTotal:     458752 kB
VmallocUsed:      114388 kB
VmallocChunk:     171012 kB
Time pass: 132 sec

---2015-11-23 11:25:36
MemTotal:        1860984 kB
MemFree:          132420 kB
Buffers:            6292 kB
Cached:           718364 kB
SwapCached:        13332 kB
Active:           592952 kB
Inactive:         661488 kB
Active(anon):     376664 kB
Inactive(anon):   155536 kB
Active(file):     216288 kB
Inactive(file):   505952 kB
Unevictable:         860 kB
Mlocked:               0 kB
HighTotal:       1436668 kB
HighFree:          34652 kB
LowTotal:         424316 kB
LowFree:           97768 kB
SwapTotal:        716796 kB
SwapFree:         580108 kB
Dirty:                52 kB
Writeback:             0 kB
AnonPages:        528360 kB
Mapped:           242404 kB
Shmem:              1556 kB
Slab:              45568 kB
SReclaimable:      14768 kB
SUnreclaim:        30800 kB
KernelStack:       11280 kB
PageTables:        25348 kB
NFS_Unstable:          0 kB
Bounce:                0 kB
WritebackTmp:          0 kB
CommitLimit:     1647288 kB
Committed_AS:   56221620 kB
VmallocTotal:     458752 kB
VmallocUsed:      114388 kB
VmallocChunk:     171012 kB
Time pass: 136 sec

---2015-11-23 11:25:36
MemTotal:        1860984 kB
MemFree:          134816 kB
Buffers:            6292 kB
Cached:           718364 kB
SwapCached:        12940 kB
Active:           590016 kB
Inactive:         660628 kB
Active(anon):     373728 kB
Inactive(anon):   154676 kB
Active(file):     216288 kB
Inactive(file):   505952 kB
Unevictable:         860 kB
Mlocked:               0 kB
HighTotal:       1436668 kB
HighFree:          36500 kB
LowTotal:         424316 kB
LowFree:           98316 kB
SwapTotal:        716796 kB
SwapFree:         576344 kB
Dirty:                 0 kB
Writeback:             0 kB
AnonPages:        524928 kB
Mapped:           242084 kB
Shmem:              1556 kB
Slab:              45668 kB
SReclaimable:      14768 kB
SUnreclaim:        30900 kB
KernelStack:       11280 kB
PageTables:        25348 kB
NFS_Unstable:          0 kB
Bounce:                0 kB
WritebackTmp:          0 kB
CommitLimit:     1647288 kB
Committed_AS:   56221992 kB
VmallocTotal:     458752 kB
VmallocUsed:      114388 kB
VmallocChunk:     171012 kB
Time pass: 140 sec

---2015-11-23 11:25:36
MemTotal:        1860984 kB
MemFree:          112512 kB
Buffers:            6324 kB
Cached:           718548 kB
SwapCached:        12924 kB
Active:           596420 kB
Inactive:         659660 kB
Active(anon):     380000 kB
Inactive(anon):   153788 kB
Active(file):     216420 kB
Inactive(file):   505872 kB
Unevictable:         860 kB
Mlocked:               0 kB
HighTotal:       1436668 kB
HighFree:          31544 kB
LowTotal:         424316 kB
LowFree:           80968 kB
SwapTotal:        716796 kB
SwapFree:         572264 kB
Dirty:                64 kB
Writeback:             0 kB
AnonPages:        530592 kB
Mapped:           244912 kB
Shmem:              1704 kB
Slab:              45648 kB
SReclaimable:      14752 kB
SUnreclaim:        30896 kB
KernelStack:       11592 kB
PageTables:        25524 kB
NFS_Unstable:          0 kB
Bounce:                0 kB
WritebackTmp:          0 kB
CommitLimit:     1647288 kB
Committed_AS:   56252656 kB
VmallocTotal:     458752 kB
VmallocUsed:      118192 kB
VmallocChunk:     171012 kB
Time pass: 143 sec

---2015-11-23 11:25:36
MemTotal:        1860984 kB
MemFree:          101572 kB
Buffers:            6356 kB
Cached:           718772 kB
SwapCached:        12924 kB
Active:           601192 kB
Inactive:         659904 kB
Active(anon):     384768 kB
Inactive(anon):   154004 kB
Active(file):     216424 kB
Inactive(file):   505900 kB
Unevictable:         860 kB
Mlocked:               0 kB
HighTotal:       1436668 kB
HighFree:          24052 kB
LowTotal:         424316 kB
LowFree:           77520 kB
SwapTotal:        716796 kB
SwapFree:         572264 kB
Dirty:                48 kB
Writeback:             0 kB
AnonPages:        534912 kB
Mapped:           245172 kB
Shmem:              1944 kB
Slab:              45696 kB
SReclaimable:      14800 kB
SUnreclaim:        30896 kB
KernelStack:       11544 kB
PageTables:        25584 kB
NFS_Unstable:          0 kB
Bounce:                0 kB
WritebackTmp:          0 kB
CommitLimit:     1647288 kB
Committed_AS:   56255584 kB
VmallocTotal:     458752 kB
VmallocUsed:      118992 kB
VmallocChunk:     165532 kB
Time pass: 147 sec

---2015-11-23 11:25:36
MemTotal:        1860984 kB
MemFree:          101068 kB
Buffers:            6356 kB
Cached:           718896 kB
SwapCached:        12888 kB
Active:           598600 kB
Inactive:         659236 kB
Active(anon):     382172 kB
Inactive(anon):   153336 kB
Active(file):     216428 kB
Inactive(file):   505900 kB
Unevictable:         860 kB
Mlocked:               0 kB
HighTotal:       1436668 kB
HighFree:          24308 kB
LowTotal:         424316 kB
LowFree:           76760 kB
SwapTotal:        716796 kB
SwapFree:         568208 kB
Dirty:                 8 kB
Writeback:             0 kB
AnonPages:        531916 kB
Mapped:           245256 kB
Shmem:              2028 kB
Slab:              46056 kB
SReclaimable:      15052 kB
SUnreclaim:        31004 kB
KernelStack:       11608 kB
PageTables:        25600 kB
NFS_Unstable:          0 kB
Bounce:                0 kB
WritebackTmp:          0 kB
CommitLimit:     1647288 kB
Committed_AS:   56256264 kB
VmallocTotal:     458752 kB
VmallocUsed:      118992 kB
VmallocChunk:     165532 kB
Time pass: 150 sec

---2015-11-23 11:25:36
MemTotal:        1860984 kB
MemFree:          101600 kB
Buffers:            6372 kB
Cached:           718852 kB
SwapCached:        12888 kB
Active:           598776 kB
Inactive:         659252 kB
Active(anon):     382348 kB
Inactive(anon):   153344 kB
Active(file):     216428 kB
Inactive(file):   505908 kB
Unevictable:         860 kB
Mlocked:               0 kB
HighTotal:       1436668 kB
HighFree:          24660 kB
LowTotal:         424316 kB
LowFree:           76940 kB
SwapTotal:        716796 kB
SwapFree:         568208 kB
Dirty:                 0 kB
Writeback:             0 kB
AnonPages:        531792 kB
Mapped:           245256 kB
Shmem:              2028 kB
Slab:              45932 kB
SReclaimable:      14976 kB
SUnreclaim:        30956 kB
KernelStack:       11544 kB
PageTables:        25584 kB
NFS_Unstable:          0 kB
Bounce:                0 kB
WritebackTmp:          0 kB
CommitLimit:     1647288 kB
Committed_AS:   56255960 kB
VmallocTotal:     458752 kB
VmallocUsed:      118992 kB
VmallocChunk:     165532 kB
Time pass: 154 sec

---2015-11-23 11:25:36
MemTotal:        1860984 kB
MemFree:          105216 kB
Buffers:            6372 kB
Cached:           718860 kB
SwapCached:        12888 kB
Active:           594876 kB
Inactive:         658968 kB
Active(anon):     378448 kB
Inactive(anon):   153052 kB
Active(file):     216428 kB
Inactive(file):   505916 kB
Unevictable:         860 kB
Mlocked:               0 kB
HighTotal:       1436668 kB
HighFree:          27020 kB
LowTotal:         424316 kB
LowFree:           78196 kB
SwapTotal:        716796 kB
SwapFree:         564028 kB
Dirty:                36 kB
Writeback:             0 kB
AnonPages:        527816 kB
Mapped:           245256 kB
Shmem:              2028 kB
Slab:              45932 kB
SReclaimable:      14960 kB
SUnreclaim:        30972 kB
KernelStack:       11544 kB
PageTables:        25584 kB
NFS_Unstable:          0 kB
Bounce:                0 kB
WritebackTmp:          0 kB
CommitLimit:     1647288 kB
Committed_AS:   56255844 kB
VmallocTotal:     458752 kB
VmallocUsed:      118992 kB
VmallocChunk:     165532 kB
Time pass: 157 sec

---2015-11-23 11:25:36
MemTotal:        1860984 kB
MemFree:          103904 kB
Buffers:            6380 kB
Cached:           718868 kB
SwapCached:        12888 kB
Active:           595076 kB
Inactive:         658964 kB
Active(anon):     378648 kB
Inactive(anon):   153048 kB
Active(file):     216428 kB
Inactive(file):   505916 kB
Unevictable:         860 kB
Mlocked:               0 kB
HighTotal:       1436668 kB
HighFree:          26168 kB
LowTotal:         424316 kB
LowFree:           77736 kB
SwapTotal:        716796 kB
SwapFree:         564028 kB
Dirty:                32 kB
Writeback:             0 kB
AnonPages:        527948 kB
Mapped:           245264 kB
Shmem:              2036 kB
Slab:              45960 kB
SReclaimable:      14956 kB
SUnreclaim:        31004 kB
KernelStack:       11592 kB
PageTables:        25584 kB
NFS_Unstable:          0 kB
Bounce:                0 kB
WritebackTmp:          0 kB
CommitLimit:     1647288 kB
Committed_AS:   56255972 kB
VmallocTotal:     458752 kB
VmallocUsed:      118992 kB
VmallocChunk:     165532 kB
Time pass: 161 sec

---2015-11-23 11:25:36
MemTotal:        1860984 kB
MemFree:          104152 kB
Buffers:            6380 kB
Cached:           718872 kB
SwapCached:        12896 kB
Active:           594952 kB
Inactive:         658988 kB
Active(anon):     378524 kB
Inactive(anon):   153064 kB
Active(file):     216428 kB
Inactive(file):   505924 kB
Unevictable:         860 kB
Mlocked:               0 kB
HighTotal:       1436668 kB
HighFree:          26292 kB
LowTotal:         424316 kB
LowFree:           77860 kB
SwapTotal:        716796 kB
SwapFree:         564028 kB
Dirty:                40 kB
Writeback:             0 kB
AnonPages:        527872 kB
Mapped:           245264 kB
Shmem:              2036 kB
Slab:              45916 kB
SReclaimable:      14956 kB
SUnreclaim:        30960 kB
KernelStack:       11592 kB
PageTables:        25584 kB
NFS_Unstable:          0 kB
Bounce:                0 kB
WritebackTmp:          0 kB
CommitLimit:     1647288 kB
Committed_AS:   56255828 kB
VmallocTotal:     458752 kB
VmallocUsed:      118992 kB
VmallocChunk:     165532 kB
Time pass: 164 sec

---2015-11-23 11:25:36
MemTotal:        1860984 kB
MemFree:          104400 kB
Buffers:            6388 kB
Cached:           718864 kB
SwapCached:        12896 kB
Active:           595076 kB
Inactive:         659008 kB
Active(anon):     378648 kB
Inactive(anon):   153080 kB
Active(file):     216428 kB
Inactive(file):   505928 kB
Unevictable:         860 kB
Mlocked:               0 kB
HighTotal:       1436668 kB
HighFree:          26540 kB
LowTotal:         424316 kB
LowFree:           77860 kB
SwapTotal:        716796 kB
SwapFree:         564044 kB
Dirty:                 0 kB
Writeback:             0 kB
AnonPages:        527936 kB
Mapped:           245264 kB
Shmem:              2036 kB
Slab:              45948 kB
SReclaimable:      14956 kB
SUnreclaim:        30992 kB
KernelStack:       11592 kB
PageTables:        25584 kB
NFS_Unstable:          0 kB
Bounce:                0 kB
WritebackTmp:          0 kB
CommitLimit:     1647288 kB
Committed_AS:   56255828 kB
VmallocTotal:     458752 kB
VmallocUsed:      118992 kB
VmallocChunk:     165532 kB
Time pass: 168 sec

---2015-11-23 11:25:36
MemTotal:        1860984 kB
MemFree:           83816 kB
Buffers:            6420 kB
Cached:           718444 kB
SwapCached:        12896 kB
Active:           598152 kB
Inactive:         658172 kB
Active(anon):     381564 kB
Inactive(anon):   152380 kB
Active(file):     216588 kB
Inactive(file):   505792 kB
Unevictable:         860 kB
Mlocked:               0 kB
HighTotal:       1436668 kB
HighFree:          20168 kB
LowTotal:         424316 kB
LowFree:           63648 kB
SwapTotal:        716796 kB
SwapFree:         559848 kB
Dirty:                48 kB
Writeback:             0 kB
AnonPages:        530452 kB
Mapped:           245056 kB
Shmem:              1624 kB
Slab:              45920 kB
SReclaimable:      14884 kB
SUnreclaim:        31036 kB
KernelStack:       11584 kB
PageTables:        25596 kB
NFS_Unstable:          0 kB
Bounce:                0 kB
WritebackTmp:          0 kB
CommitLimit:     1647288 kB
Committed_AS:   56265212 kB
VmallocTotal:     458752 kB
VmallocUsed:      118992 kB
VmallocChunk:     171012 kB
Time pass: 171 sec

---2015-11-23 11:25:36
MemTotal:        1860984 kB
MemFree:           80508 kB
Buffers:            6468 kB
Cached:           718672 kB
SwapCached:        12896 kB
Active:           600776 kB
Inactive:         658444 kB
Active(anon):     384184 kB
Inactive(anon):   152604 kB
Active(file):     216592 kB
Inactive(file):   505840 kB
Unevictable:         860 kB
Mlocked:               0 kB
HighTotal:       1436668 kB
HighFree:          16308 kB
LowTotal:         424316 kB
LowFree:           64200 kB
SwapTotal:        716796 kB
SwapFree:         559848 kB
Dirty:                48 kB
Writeback:             0 kB
AnonPages:        533252 kB
Mapped:           245288 kB
Shmem:              1848 kB
Slab:              45816 kB
SReclaimable:      14848 kB
SUnreclaim:        30968 kB
KernelStack:       11632 kB
PageTables:        25668 kB
NFS_Unstable:          0 kB
Bounce:                0 kB
WritebackTmp:          0 kB
CommitLimit:     1647288 kB
Committed_AS:   56267628 kB
VmallocTotal:     458752 kB
VmallocUsed:      118992 kB
VmallocChunk:     171012 kB
Time pass: 175 sec

---2015-11-23 11:25:36
MemTotal:        1860984 kB
MemFree:           83264 kB
Buffers:            6468 kB
Cached:           718700 kB
SwapCached:        12916 kB
Active:           600464 kB
Inactive:         658520 kB
Active(anon):     383872 kB
Inactive(anon):   152664 kB
Active(file):     216592 kB
Inactive(file):   505856 kB
Unevictable:         860 kB
Mlocked:               0 kB
HighTotal:       1436668 kB
HighFree:          18928 kB
LowTotal:         424316 kB
LowFree:           64336 kB
SwapTotal:        716796 kB
SwapFree:         559876 kB
Dirty:                48 kB
Writeback:             0 kB
AnonPages:        532976 kB
Mapped:           243560 kB
Shmem:              1860 kB
Slab:              45896 kB
SReclaimable:      14864 kB
SUnreclaim:        31032 kB
KernelStack:       11592 kB
PageTables:        25668 kB
NFS_Unstable:          0 kB
Bounce:                0 kB
WritebackTmp:          0 kB
CommitLimit:     1647288 kB
Committed_AS:   56266648 kB
VmallocTotal:     458752 kB
VmallocUsed:      118992 kB
VmallocChunk:     171012 kB
Time pass: 179 sec

---2015-11-23 11:25:36
MemTotal:        1860984 kB
MemFree:           85084 kB
Buffers:            6492 kB
Cached:           718684 kB
SwapCached:        12916 kB
Active:           597136 kB
Inactive:         658260 kB
Active(anon):     380544 kB
Inactive(anon):   152396 kB
Active(file):     216592 kB
Inactive(file):   505864 kB
Unevictable:         860 kB
Mlocked:               0 kB
HighTotal:       1436668 kB
HighFree:          20844 kB
LowTotal:         424316 kB
LowFree:           64240 kB
SwapTotal:        716796 kB
SwapFree:         555740 kB
Dirty:                28 kB
Writeback:             0 kB
AnonPages:        529348 kB
Mapped:           243276 kB
Shmem:              1860 kB
Slab:              45960 kB
SReclaimable:      14936 kB
SUnreclaim:        31024 kB
KernelStack:       11584 kB
PageTables:        25672 kB
NFS_Unstable:          0 kB
Bounce:                0 kB
WritebackTmp:          0 kB
CommitLimit:     1647288 kB
Committed_AS:   56267052 kB
VmallocTotal:     458752 kB
VmallocUsed:      118992 kB
VmallocChunk:     171012 kB
Time pass: 182 sec

---2015-11-23 11:25:36
MemTotal:        1860984 kB
MemFree:           86416 kB
Buffers:            6492 kB
Cached:           718700 kB
SwapCached:        12912 kB
Active:           597672 kB
Inactive:         658280 kB
Active(anon):     381080 kB
Inactive(anon):   152400 kB
Active(file):     216592 kB
Inactive(file):   505880 kB
Unevictable:         860 kB
Mlocked:               0 kB
HighTotal:       1436668 kB
HighFree:          21404 kB
LowTotal:         424316 kB
LowFree:           65012 kB
SwapTotal:        716796 kB
SwapFree:         555752 kB
Dirty:                 0 kB
Writeback:             0 kB
AnonPages:        529912 kB
Mapped:           243236 kB
Shmem:              1860 kB
Slab:              45936 kB
SReclaimable:      14904 kB
SUnreclaim:        31032 kB
KernelStack:       11592 kB
PageTables:        25656 kB
NFS_Unstable:          0 kB
Bounce:                0 kB
WritebackTmp:          0 kB
CommitLimit:     1647288 kB
Committed_AS:   56268376 kB
VmallocTotal:     458752 kB
VmallocUsed:      118992 kB
VmallocChunk:     171012 kB
Time pass: 186 sec

---2015-11-23 11:25:36
MemTotal:        1860984 kB
MemFree:           85288 kB
Buffers:            6500 kB
Cached:           718812 kB
SwapCached:        12912 kB
Active:           598280 kB
Inactive:         658420 kB
Active(anon):     381688 kB
Inactive(anon):   152440 kB
Active(file):     216592 kB
Inactive(file):   505980 kB
Unevictable:         860 kB
Mlocked:               0 kB
HighTotal:       1436668 kB
HighFree:          20520 kB
LowTotal:         424316 kB
LowFree:           64768 kB
SwapTotal:        716796 kB
SwapFree:         555772 kB
Dirty:                28 kB
Writeback:             0 kB
AnonPages:        530468 kB
Mapped:           243308 kB
Shmem:              1880 kB
Slab:              45948 kB
SReclaimable:      14904 kB
SUnreclaim:        31044 kB
KernelStack:       11560 kB
PageTables:        25668 kB
NFS_Unstable:          0 kB
Bounce:                0 kB
WritebackTmp:          0 kB
CommitLimit:     1647288 kB
Committed_AS:   56267812 kB
VmallocTotal:     458752 kB
VmallocUsed:      119016 kB
VmallocChunk:     171012 kB
Time pass: 189 sec

---2015-11-23 11:25:36
MemTotal:        1860984 kB
MemFree:           88212 kB
Buffers:            6516 kB
Cached:           718828 kB
SwapCached:        12912 kB
Active:           594384 kB
Inactive:         658456 kB
Active(anon):     377792 kB
Inactive(anon):   152460 kB
Active(file):     216592 kB
Inactive(file):   505996 kB
Unevictable:         860 kB
Mlocked:               0 kB
HighTotal:       1436668 kB
HighFree:          23068 kB
LowTotal:         424316 kB
LowFree:           65144 kB
SwapTotal:        716796 kB
SwapFree:         551892 kB
Dirty:                 0 kB
Writeback:             0 kB
AnonPages:        526608 kB
Mapped:           243324 kB
Shmem:              1896 kB
Slab:              45972 kB
SReclaimable:      14848 kB
SUnreclaim:        31124 kB
KernelStack:       11520 kB
PageTables:        25672 kB
NFS_Unstable:          0 kB
Bounce:                0 kB
WritebackTmp:          0 kB
CommitLimit:     1647288 kB
Committed_AS:   56267720 kB
VmallocTotal:     458752 kB
VmallocUsed:      119016 kB
VmallocChunk:     171012 kB
Time pass: 193 sec

---2015-11-23 11:25:36
MemTotal:        1860984 kB
MemFree:           87808 kB
Buffers:            6524 kB
Cached:           718816 kB
SwapCached:        12912 kB
Active:           593548 kB
Inactive:         658452 kB
Active(anon):     376956 kB
Inactive(anon):   152456 kB
Active(file):     216592 kB
Inactive(file):   505996 kB
Unevictable:         860 kB
Mlocked:               0 kB
HighTotal:       1436668 kB
HighFree:          22676 kB
LowTotal:         424316 kB
LowFree:           65132 kB
SwapTotal:        716796 kB
SwapFree:         550964 kB
Dirty:                 0 kB
Writeback:             0 kB
AnonPages:        525728 kB
Mapped:           243324 kB
Shmem:              1896 kB
Slab:              45952 kB
SReclaimable:      14848 kB
SUnreclaim:        31104 kB
KernelStack:       11520 kB
PageTables:        25672 kB
NFS_Unstable:          0 kB
Bounce:                0 kB
WritebackTmp:          0 kB
CommitLimit:     1647288 kB
Committed_AS:   56267732 kB
VmallocTotal:     458752 kB
VmallocUsed:      119016 kB
VmallocChunk:     171012 kB
Time pass: 197 sec

---2015-11-23 11:25:36
MemTotal:        1860984 kB
MemFree:           89632 kB
Buffers:            6540 kB
Cached:           718828 kB
SwapCached:        12908 kB
Active:           590720 kB
Inactive:         658348 kB
Active(anon):     374128 kB
Inactive(anon):   152328 kB
Active(file):     216592 kB
Inactive(file):   506020 kB
Unevictable:         860 kB
Mlocked:               0 kB
HighTotal:       1436668 kB
HighFree:          24048 kB
LowTotal:         424316 kB
LowFree:           65584 kB
SwapTotal:        716796 kB
SwapFree:         547820 kB
Dirty:                40 kB
Writeback:             0 kB
AnonPages:        522816 kB
Mapped:           243324 kB
Shmem:              1896 kB
Slab:              45912 kB
SReclaimable:      14848 kB
SUnreclaim:        31064 kB
KernelStack:       11568 kB
PageTables:        25672 kB
NFS_Unstable:          0 kB
Bounce:                0 kB
WritebackTmp:          0 kB
CommitLimit:     1647288 kB
Committed_AS:   56267900 kB
VmallocTotal:     458752 kB
VmallocUsed:      119016 kB
VmallocChunk:     171012 kB
Time pass: 200 sec

---2015-11-23 11:25:36
MemTotal:        1860984 kB
MemFree:           89056 kB
Buffers:            6540 kB
Cached:           718828 kB
SwapCached:        12908 kB
Active:           590988 kB
Inactive:         658352 kB
Active(anon):     374396 kB
Inactive(anon):   152332 kB
Active(file):     216592 kB
Inactive(file):   506020 kB
Unevictable:         860 kB
Mlocked:               0 kB
HighTotal:       1436668 kB
HighFree:          23676 kB
LowTotal:         424316 kB
LowFree:           65380 kB
SwapTotal:        716796 kB
SwapFree:         547824 kB
Dirty:                 0 kB
Writeback:             0 kB
AnonPages:        523060 kB
Mapped:           243324 kB
Shmem:              1896 kB
Slab:              45940 kB
SReclaimable:      14848 kB
SUnreclaim:        31092 kB
KernelStack:       11568 kB
PageTables:        25672 kB
NFS_Unstable:          0 kB
Bounce:                0 kB
WritebackTmp:          0 kB
CommitLimit:     1647288 kB
Committed_AS:   56267896 kB
VmallocTotal:     458752 kB
VmallocUsed:      119016 kB
VmallocChunk:     171012 kB
Time pass: 204 sec

---2015-11-23 11:25:36
MemTotal:        1860984 kB
MemFree:           91332 kB
Buffers:            6564 kB
Cached:           718828 kB
SwapCached:        12908 kB
Active:           587008 kB
Inactive:         658104 kB
Active(anon):     370416 kB
Inactive(anon):   152060 kB
Active(file):     216592 kB
Inactive(file):   506044 kB
Unevictable:         860 kB
Mlocked:               0 kB
HighTotal:       1436668 kB
HighFree:          25344 kB
LowTotal:         424316 kB
LowFree:           65988 kB
SwapTotal:        716796 kB
SwapFree:         543632 kB
Dirty:                36 kB
Writeback:             0 kB
AnonPages:        518804 kB
Mapped:           243324 kB
Shmem:              1896 kB
Slab:              45888 kB
SReclaimable:      14848 kB
SUnreclaim:        31040 kB
KernelStack:       11520 kB
PageTables:        25672 kB
NFS_Unstable:          0 kB
Bounce:                0 kB
WritebackTmp:          0 kB
CommitLimit:     1647288 kB
Committed_AS:   56267836 kB
VmallocTotal:     458752 kB
VmallocUsed:      119016 kB
VmallocChunk:     171012 kB
Time pass: 207 sec

---2015-11-23 11:25:36
MemTotal:        1860984 kB
MemFree:           90224 kB
Buffers:            6580 kB
Cached:           718812 kB
SwapCached:        12916 kB
Active:           587576 kB
Inactive:         658120 kB
Active(anon):     370984 kB
Inactive(anon):   152076 kB
Active(file):     216592 kB
Inactive(file):   506044 kB
Unevictable:         860 kB
Mlocked:               0 kB
HighTotal:       1436668 kB
HighFree:          24476 kB
LowTotal:         424316 kB
LowFree:           65748 kB
SwapTotal:        716796 kB
SwapFree:         543640 kB
Dirty:                 0 kB
Writeback:             0 kB
AnonPages:        519436 kB
Mapped:           243324 kB
Shmem:              1896 kB
Slab:              45872 kB
SReclaimable:      14848 kB
SUnreclaim:        31024 kB
KernelStack:       11576 kB
PageTables:        25672 kB
NFS_Unstable:          0 kB
Bounce:                0 kB
WritebackTmp:          0 kB
CommitLimit:     1647288 kB
Committed_AS:   56267876 kB
VmallocTotal:     458752 kB
VmallocUsed:      119016 kB
VmallocChunk:     171012 kB
Time pass: 211 sec

---2015-11-23 11:25:36
MemTotal:        1860984 kB
MemFree:           91240 kB
Buffers:            6580 kB
Cached:           718828 kB
SwapCached:        12916 kB
Active:           585592 kB
Inactive:         656752 kB
Active(anon):     369000 kB
Inactive(anon):   150692 kB
Active(file):     216592 kB
Inactive(file):   506060 kB
Unevictable:         860 kB
Mlocked:               0 kB
HighTotal:       1436668 kB
HighFree:          25632 kB
LowTotal:         424316 kB
LowFree:           65608 kB
SwapTotal:        716796 kB
SwapFree:         539500 kB
Dirty:                36 kB
Writeback:             0 kB
AnonPages:        516124 kB
Mapped:           243324 kB
Shmem:              1896 kB
Slab:              45984 kB
SReclaimable:      15008 kB
SUnreclaim:        30976 kB
KernelStack:       11536 kB
PageTables:        25676 kB
NFS_Unstable:          0 kB
Bounce:                0 kB
WritebackTmp:          0 kB
CommitLimit:     1647288 kB
Committed_AS:   56268672 kB
VmallocTotal:     458752 kB
VmallocUsed:      119016 kB
VmallocChunk:     171012 kB
Time pass: 214 sec

---2015-11-23 11:25:36
MemTotal:        1860984 kB
MemFree:           92176 kB
Buffers:            6588 kB
Cached:           718844 kB
SwapCached:        12920 kB
Active:           585580 kB
Inactive:         656748 kB
Active(anon):     368988 kB
Inactive(anon):   150680 kB
Active(file):     216592 kB
Inactive(file):   506068 kB
Unevictable:         860 kB
Mlocked:               0 kB
HighTotal:       1436668 kB
HighFree:          25804 kB
LowTotal:         424316 kB
LowFree:           66372 kB
SwapTotal:        716796 kB
SwapFree:         539508 kB
Dirty:                28 kB
Writeback:             0 kB
AnonPages:        515912 kB
Mapped:           243340 kB
Shmem:              1912 kB
Slab:              45848 kB
SReclaimable:      14848 kB
SUnreclaim:        31000 kB
KernelStack:       11576 kB
PageTables:        25672 kB
NFS_Unstable:          0 kB
Bounce:                0 kB
WritebackTmp:          0 kB
CommitLimit:     1647288 kB
Committed_AS:   56269212 kB
VmallocTotal:     458752 kB
VmallocUsed:      119016 kB
VmallocChunk:     171012 kB
Time pass: 218 sec

---2015-11-23 11:25:36
MemTotal:        1860984 kB
MemFree:           92480 kB
Buffers:            6604 kB
Cached:           718852 kB
SwapCached:        12924 kB
Active:           584484 kB
Inactive:         655792 kB
Active(anon):     367892 kB
Inactive(anon):   149708 kB
Active(file):     216592 kB
Inactive(file):   506084 kB
Unevictable:         860 kB
Mlocked:               0 kB
HighTotal:       1436668 kB
HighFree:          26108 kB
LowTotal:         424316 kB
LowFree:           66372 kB
SwapTotal:        716796 kB
SwapFree:         537044 kB
Dirty:                 0 kB
Writeback:             0 kB
AnonPages:        514060 kB
Mapped:           243352 kB
Shmem:              1924 kB
Slab:              45916 kB
SReclaimable:      14912 kB
SUnreclaim:        31004 kB
KernelStack:       11568 kB
PageTables:        25672 kB
NFS_Unstable:          0 kB
Bounce:                0 kB
WritebackTmp:          0 kB
CommitLimit:     1647288 kB
Committed_AS:   56269216 kB
VmallocTotal:     458752 kB
VmallocUsed:      119016 kB
VmallocChunk:     171012 kB
Time pass: 222 sec

---2015-11-23 11:25:36
MemTotal:        1860984 kB
MemFree:           90996 kB
Buffers:            6652 kB
Cached:           718908 kB
SwapCached:        13308 kB
Active:           585996 kB
Inactive:         655972 kB
Active(anon):     369392 kB
Inactive(anon):   149816 kB
Active(file):     216604 kB
Inactive(file):   506156 kB
Unevictable:         860 kB
Mlocked:               0 kB
HighTotal:       1436668 kB
HighFree:          24940 kB
LowTotal:         424316 kB
LowFree:           66056 kB
SwapTotal:        716796 kB
SwapFree:         535316 kB
Dirty:                88 kB
Writeback:             0 kB
AnonPages:        515148 kB
Mapped:           243564 kB
Shmem:              1924 kB
Slab:              45956 kB
SReclaimable:      14840 kB
SUnreclaim:        31116 kB
KernelStack:       11640 kB
PageTables:        25960 kB
NFS_Unstable:          0 kB
Bounce:                0 kB
WritebackTmp:          0 kB
CommitLimit:     1647288 kB
Committed_AS:   57057456 kB
VmallocTotal:     458752 kB
VmallocUsed:      120036 kB
VmallocChunk:     171012 kB
Time pass: 225 sec

---2015-11-23 11:25:36
MemTotal:        1860984 kB
MemFree:           90032 kB
Buffers:            6668 kB
Cached:           718908 kB
SwapCached:        13308 kB
Active:           586364 kB
Inactive:         656004 kB
Active(anon):     369760 kB
Inactive(anon):   149816 kB
Active(file):     216604 kB
Inactive(file):   506188 kB
Unevictable:         860 kB
Mlocked:               0 kB
HighTotal:       1436668 kB
HighFree:          23988 kB
LowTotal:         424316 kB
LowFree:           66044 kB
SwapTotal:        716796 kB
SwapFree:         535316 kB
Dirty:                 8 kB
Writeback:             0 kB
AnonPages:        515512 kB
Mapped:           243564 kB
Shmem:              1924 kB
Slab:              45984 kB
SReclaimable:      14848 kB
SUnreclaim:        31136 kB
KernelStack:       11640 kB
PageTables:        25956 kB
NFS_Unstable:          0 kB
Bounce:                0 kB
WritebackTmp:          0 kB
CommitLimit:     1647288 kB
Committed_AS:   57057492 kB
VmallocTotal:     458752 kB
VmallocUsed:      120036 kB
VmallocChunk:     171012 kB
Time pass: 229 sec

---2015-11-23 11:25:36
MemTotal:        1860984 kB
MemFree:           88780 kB
Buffers:            6676 kB
Cached:           718908 kB
SwapCached:        13300 kB
Active:           586880 kB
Inactive:         656016 kB
Active(anon):     370276 kB
Inactive(anon):   149820 kB
Active(file):     216604 kB
Inactive(file):   506196 kB
Unevictable:         860 kB
Mlocked:               0 kB
HighTotal:       1436668 kB
HighFree:          23120 kB
LowTotal:         424316 kB
LowFree:           65660 kB
SwapTotal:        716796 kB
SwapFree:         535328 kB
Dirty:                68 kB
Writeback:             0 kB
AnonPages:        516064 kB
Mapped:           243564 kB
Shmem:              1924 kB
Slab:              46100 kB
SReclaimable:      14848 kB
SUnreclaim:        31252 kB
KernelStack:       11648 kB
PageTables:        25960 kB
NFS_Unstable:          0 kB
Bounce:                0 kB
WritebackTmp:          0 kB
CommitLimit:     1647288 kB
Committed_AS:   57057532 kB
VmallocTotal:     458752 kB
VmallocUsed:      120036 kB
VmallocChunk:     171012 kB
Time pass: 232 sec

---2015-11-23 11:25:36
MemTotal:        1860984 kB
MemFree:           91208 kB
Buffers:            6692 kB
Cached:           718908 kB
SwapCached:        13300 kB
Active:           583768 kB
Inactive:         655408 kB
Active(anon):     367164 kB
Inactive(anon):   149196 kB
Active(file):     216604 kB
Inactive(file):   506212 kB
Unevictable:         860 kB
Mlocked:               0 kB
HighTotal:       1436668 kB
HighFree:          25168 kB
LowTotal:         424316 kB
LowFree:           66040 kB
SwapTotal:        716796 kB
SwapFree:         531116 kB
Dirty:                 0 kB
Writeback:             0 kB
AnonPages:        512292 kB
Mapped:           243564 kB
Shmem:              1924 kB
Slab:              46100 kB
SReclaimable:      14872 kB
SUnreclaim:        31228 kB
KernelStack:       11648 kB
PageTables:        25960 kB
NFS_Unstable:          0 kB
Bounce:                0 kB
WritebackTmp:          0 kB
CommitLimit:     1647288 kB
Committed_AS:   57057600 kB
VmallocTotal:     458752 kB
VmallocUsed:      120036 kB
VmallocChunk:     171012 kB
Time pass: 236 sec

---2015-11-23 11:25:36
MemTotal:        1860984 kB
MemFree:           91224 kB
Buffers:            6692 kB
Cached:           718908 kB
SwapCached:        13292 kB
Active:           583876 kB
Inactive:         655412 kB
Active(anon):     367272 kB
Inactive(anon):   149200 kB
Active(file):     216604 kB
Inactive(file):   506212 kB
Unevictable:         860 kB
Mlocked:               0 kB
HighTotal:       1436668 kB
HighFree:          25168 kB
LowTotal:         424316 kB
LowFree:           66056 kB
SwapTotal:        716796 kB
SwapFree:         531128 kB
Dirty:                 0 kB
Writeback:             0 kB
AnonPages:        512472 kB
Mapped:           243564 kB
Shmem:              1924 kB
Slab:              46112 kB
SReclaimable:      14872 kB
SUnreclaim:        31240 kB
KernelStack:       11632 kB
PageTables:        25960 kB
NFS_Unstable:          0 kB
Bounce:                0 kB
WritebackTmp:          0 kB
CommitLimit:     1647288 kB
Committed_AS:   57057544 kB
VmallocTotal:     458752 kB
VmallocUsed:      120036 kB
VmallocChunk:     171012 kB
Time pass: 240 sec

---2015-11-23 11:25:36
MemTotal:        1860984 kB
MemFree:           96656 kB
Buffers:            6716 kB
Cached:           718908 kB
SwapCached:        13928 kB
Active:           580560 kB
Inactive:         653232 kB
Active(anon):     363956 kB
Inactive(anon):   146996 kB
Active(file):     216604 kB
Inactive(file):   506236 kB
Unevictable:         860 kB
Mlocked:               0 kB
HighTotal:       1436668 kB
HighFree:          30508 kB
LowTotal:         424316 kB
LowFree:           66148 kB
SwapTotal:        716796 kB
SwapFree:         531180 kB
Dirty:                36 kB
Writeback:             0 kB
AnonPages:        506912 kB
Mapped:           243564 kB
Shmem:              1924 kB
Slab:              46180 kB
SReclaimable:      14872 kB
SUnreclaim:        31308 kB
KernelStack:       11632 kB
PageTables:        25960 kB
NFS_Unstable:          0 kB
Bounce:                0 kB
WritebackTmp:          0 kB
CommitLimit:     1647288 kB
Committed_AS:   57057492 kB
VmallocTotal:     458752 kB
VmallocUsed:      120036 kB
VmallocChunk:     171012 kB
Time pass: 243 sec

---2015-11-23 11:25:36
MemTotal:        1860984 kB
MemFree:           96276 kB
Buffers:            6716 kB
Cached:           718908 kB
SwapCached:        13928 kB
Active:           580672 kB
Inactive:         653232 kB
Active(anon):     364068 kB
Inactive(anon):   146996 kB
Active(file):     216604 kB
Inactive(file):   506236 kB
Unevictable:         860 kB
Mlocked:               0 kB
HighTotal:       1436668 kB
HighFree:          30136 kB
LowTotal:         424316 kB
LowFree:           66140 kB
SwapTotal:        716796 kB
SwapFree:         531180 kB
Dirty:                 0 kB
Writeback:             0 kB
AnonPages:        506880 kB
Mapped:           243564 kB
Shmem:              1924 kB
Slab:              46192 kB
SReclaimable:      14872 kB
SUnreclaim:        31320 kB
KernelStack:       11640 kB
PageTables:        25960 kB
NFS_Unstable:          0 kB
Bounce:                0 kB
WritebackTmp:          0 kB
CommitLimit:     1647288 kB
Committed_AS:   57057488 kB
VmallocTotal:     458752 kB
VmallocUsed:      120076 kB
VmallocChunk:     171012 kB
Time pass: 247 sec

---2015-11-23 11:25:36
MemTotal:        1860984 kB
MemFree:           97280 kB
Buffers:            6740 kB
Cached:           718892 kB
SwapCached:        13928 kB
Active:           578232 kB
Inactive:         652804 kB
Active(anon):     361628 kB
Inactive(anon):   146560 kB
Active(file):     216604 kB
Inactive(file):   506244 kB
Unevictable:         860 kB
Mlocked:               0 kB
HighTotal:       1436668 kB
HighFree:          31624 kB
LowTotal:         424316 kB
LowFree:           65656 kB
SwapTotal:        716796 kB
SwapFree:         526972 kB
Dirty:                32 kB
Writeback:             0 kB
AnonPages:        504140 kB
Mapped:           243568 kB
Shmem:              1924 kB
Slab:              46216 kB
SReclaimable:      14952 kB
SUnreclaim:        31264 kB
KernelStack:       11640 kB
PageTables:        25960 kB
NFS_Unstable:          0 kB
Bounce:                0 kB
WritebackTmp:          0 kB
CommitLimit:     1647288 kB
Committed_AS:   57058880 kB
VmallocTotal:     458752 kB
VmallocUsed:      120036 kB
VmallocChunk:     171012 kB
Time pass: 250 sec

---2015-11-23 11:25:36
MemTotal:        1860984 kB
MemFree:           99640 kB
Buffers:            6740 kB
Cached:           718908 kB
SwapCached:        13928 kB
Active:           577568 kB
Inactive:         652800 kB
Active(anon):     360964 kB
Inactive(anon):   146540 kB
Active(file):     216604 kB
Inactive(file):   506260 kB
Unevictable:         860 kB
Mlocked:               0 kB
HighTotal:       1436668 kB
HighFree:          32632 kB
LowTotal:         424316 kB
LowFree:           67008 kB
SwapTotal:        716796 kB
SwapFree:         526972 kB
Dirty:                 0 kB
Writeback:             0 kB
AnonPages:        503544 kB
Mapped:           243568 kB
Shmem:              1924 kB
Slab:              46244 kB
SReclaimable:      14888 kB
SUnreclaim:        31356 kB
KernelStack:       11592 kB
PageTables:        25964 kB
NFS_Unstable:          0 kB
Bounce:                0 kB
WritebackTmp:          0 kB
CommitLimit:     1647288 kB
Committed_AS:   57058940 kB
VmallocTotal:     458752 kB
VmallocUsed:      120036 kB
VmallocChunk:     171012 kB
Time pass: 254 sec

---2015-11-23 11:25:36
MemTotal:        1860984 kB
MemFree:           99472 kB
Buffers:            6756 kB
Cached:           718908 kB
SwapCached:        13928 kB
Active:           577204 kB
Inactive:         652816 kB
Active(anon):     360600 kB
Inactive(anon):   146540 kB
Active(file):     216604 kB
Inactive(file):   506276 kB
Unevictable:         860 kB
Mlocked:               0 kB
HighTotal:       1436668 kB
HighFree:          32672 kB
LowTotal:         424316 kB
LowFree:           66800 kB
SwapTotal:        716796 kB
SwapFree:         526972 kB
Dirty:                32 kB
Writeback:             0 kB
AnonPages:        503172 kB
Mapped:           243568 kB
Shmem:              1924 kB
Slab:              46148 kB
SReclaimable:      14888 kB
SUnreclaim:        31260 kB
KernelStack:       11624 kB
PageTables:        25964 kB
NFS_Unstable:          0 kB
Bounce:                0 kB
WritebackTmp:          0 kB
CommitLimit:     1647288 kB
Committed_AS:   57057652 kB
VmallocTotal:     458752 kB
VmallocUsed:      120036 kB
VmallocChunk:     171012 kB
Time pass: 257 sec

---2015-11-23 11:25:36
MemTotal:        1860984 kB
MemFree:          102236 kB
Buffers:            6764 kB
Cached:           718908 kB
SwapCached:        13928 kB
Active:           574628 kB
Inactive:         651476 kB
Active(anon):     358024 kB
Inactive(anon):   145200 kB
Active(file):     216604 kB
Inactive(file):   506276 kB
Unevictable:         860 kB
Mlocked:               0 kB
HighTotal:       1436668 kB
HighFree:          34948 kB
LowTotal:         424316 kB
LowFree:           67288 kB
SwapTotal:        716796 kB
SwapFree:         522800 kB
Dirty:                28 kB
Writeback:             0 kB
AnonPages:        499168 kB
Mapped:           243568 kB
Shmem:              1924 kB
Slab:              46236 kB
SReclaimable:      14944 kB
SUnreclaim:        31292 kB
KernelStack:       11624 kB
PageTables:        25964 kB
NFS_Unstable:          0 kB
Bounce:                0 kB
WritebackTmp:          0 kB
CommitLimit:     1647288 kB
Committed_AS:   57057816 kB
VmallocTotal:     458752 kB
VmallocUsed:      120036 kB
VmallocChunk:     171012 kB
Time pass: 261 sec

---2015-11-23 11:25:36
MemTotal:        1860984 kB
MemFree:          101900 kB
Buffers:            6780 kB
Cached:           718940 kB
SwapCached:        13928 kB
Active:           574828 kB
Inactive:         651532 kB
Active(anon):     358224 kB
Inactive(anon):   145232 kB
Active(file):     216604 kB
Inactive(file):   506300 kB
Unevictable:         860 kB
Mlocked:               0 kB
HighTotal:       1436668 kB
HighFree:          34824 kB
LowTotal:         424316 kB
LowFree:           67076 kB
SwapTotal:        716796 kB
SwapFree:         522800 kB
Dirty:                32 kB
Writeback:             0 kB
AnonPages:        499348 kB
Mapped:           243600 kB
Shmem:              1956 kB
Slab:              46364 kB
SReclaimable:      14936 kB
SUnreclaim:        31428 kB
KernelStack:       11624 kB
PageTables:        25964 kB
NFS_Unstable:          0 kB
Bounce:                0 kB
WritebackTmp:          0 kB
CommitLimit:     1647288 kB
Committed_AS:   57057868 kB
VmallocTotal:     458752 kB
VmallocUsed:      120036 kB
VmallocChunk:     171012 kB
Time pass: 264 sec

---2015-11-23 11:25:36
MemTotal:        1860984 kB
MemFree:          101592 kB
Buffers:            6788 kB
Cached:           718932 kB
SwapCached:        13928 kB
Active:           575084 kB
Inactive:         651540 kB
Active(anon):     358480 kB
Inactive(anon):   145240 kB
Active(file):     216604 kB
Inactive(file):   506300 kB
Unevictable:         860 kB
Mlocked:               0 kB
HighTotal:       1436668 kB
HighFree:          34452 kB
LowTotal:         424316 kB
LowFree:           67140 kB
SwapTotal:        716796 kB
SwapFree:         522808 kB
Dirty:                 0 kB
Writeback:             0 kB
AnonPages:        499608 kB
Mapped:           243600 kB
Shmem:              1956 kB
Slab:              46256 kB
SReclaimable:      14936 kB
SUnreclaim:        31320 kB
KernelStack:       11624 kB
PageTables:        25964 kB
NFS_Unstable:          0 kB
Bounce:                0 kB
WritebackTmp:          0 kB
CommitLimit:     1647288 kB
Committed_AS:   57057992 kB
VmallocTotal:     458752 kB
VmallocUsed:      120036 kB
VmallocChunk:     171012 kB
Time pass: 268 sec

---2015-11-23 11:25:36
MemTotal:        1860984 kB
MemFree:          101220 kB
Buffers:            6804 kB
Cached:           718940 kB
SwapCached:        13928 kB
Active:           575348 kB
Inactive:         651564 kB
Active(anon):     358744 kB
Inactive(anon):   145240 kB
Active(file):     216604 kB
Inactive(file):   506324 kB
Unevictable:         860 kB
Mlocked:               0 kB
HighTotal:       1436668 kB
HighFree:          34204 kB
LowTotal:         424316 kB
LowFree:           67016 kB
SwapTotal:        716796 kB
SwapFree:         522808 kB
Dirty:                32 kB
Writeback:             0 kB
AnonPages:        499876 kB
Mapped:           243600 kB
Shmem:              1956 kB
Slab:              46268 kB
SReclaimable:      14936 kB
SUnreclaim:        31332 kB
KernelStack:       11624 kB
PageTables:        25964 kB
NFS_Unstable:          0 kB
Bounce:                0 kB
WritebackTmp:          0 kB
CommitLimit:     1647288 kB
Committed_AS:   57058108 kB
VmallocTotal:     458752 kB
VmallocUsed:      120036 kB
VmallocChunk:     171012 kB
Time pass: 271 sec

---2015-11-23 11:25:36
MemTotal:        1860984 kB
MemFree:          103200 kB
Buffers:            6804 kB
Cached:           718940 kB
SwapCached:        13932 kB
Active:           572372 kB
Inactive:         650256 kB
Active(anon):     355768 kB
Inactive(anon):   143932 kB
Active(file):     216604 kB
Inactive(file):   506324 kB
Unevictable:         860 kB
Mlocked:               0 kB
HighTotal:       1436668 kB
HighFree:          35756 kB
LowTotal:         424316 kB
LowFree:           67444 kB
SwapTotal:        716796 kB
SwapFree:         518620 kB
Dirty:                 0 kB
Writeback:             0 kB
AnonPages:        495608 kB
Mapped:           243600 kB
Shmem:              1956 kB
Slab:              46264 kB
SReclaimable:      14912 kB
SUnreclaim:        31352 kB
KernelStack:       11608 kB
PageTables:        25964 kB
NFS_Unstable:          0 kB
Bounce:                0 kB
WritebackTmp:          0 kB
CommitLimit:     1647288 kB
Committed_AS:   57057940 kB
VmallocTotal:     458752 kB
VmallocUsed:      120036 kB
VmallocChunk:     171012 kB
Time pass: 275 sec

---2015-11-23 11:25:36
MemTotal:        1860984 kB
MemFree:          103856 kB
Buffers:            6828 kB
Cached:           718924 kB
SwapCached:        13932 kB
Active:           572560 kB
Inactive:         650236 kB
Active(anon):     355956 kB
Inactive(anon):   143904 kB
Active(file):     216604 kB
Inactive(file):   506332 kB
Unevictable:         860 kB
Mlocked:               0 kB
HighTotal:       1436668 kB
HighFree:          36088 kB
LowTotal:         424316 kB
LowFree:           67768 kB
SwapTotal:        716796 kB
SwapFree:         518620 kB
Dirty:                28 kB
Writeback:             0 kB
AnonPages:        495972 kB
Mapped:           243600 kB
Shmem:              1956 kB
Slab:              46208 kB
SReclaimable:      14912 kB
SUnreclaim:        31296 kB
KernelStack:       11592 kB
PageTables:        25964 kB
NFS_Unstable:          0 kB
Bounce:                0 kB
WritebackTmp:          0 kB
CommitLimit:     1647288 kB
Committed_AS:   57057956 kB
VmallocTotal:     458752 kB
VmallocUsed:      120036 kB
VmallocChunk:     171012 kB
Time pass: 278 sec

---2015-11-23 11:25:36
MemTotal:        1860984 kB
MemFree:          103404 kB
Buffers:            6836 kB
Cached:           718932 kB
SwapCached:        13932 kB
Active:           572672 kB
Inactive:         650256 kB
Active(anon):     356068 kB
Inactive(anon):   143908 kB
Active(file):     216604 kB
Inactive(file):   506348 kB
Unevictable:         860 kB
Mlocked:               0 kB
HighTotal:       1436668 kB
HighFree:          35824 kB
LowTotal:         424316 kB
LowFree:           67580 kB
SwapTotal:        716796 kB
SwapFree:         518624 kB
Dirty:                 0 kB
Writeback:             0 kB
AnonPages:        495716 kB
Mapped:           243600 kB
Shmem:              1956 kB
Slab:              46160 kB
SReclaimable:      14912 kB
SUnreclaim:        31248 kB
KernelStack:       11616 kB
PageTables:        25964 kB
NFS_Unstable:          0 kB
Bounce:                0 kB
WritebackTmp:          0 kB
CommitLimit:     1647288 kB
Committed_AS:   57057980 kB
VmallocTotal:     458752 kB
VmallocUsed:      120036 kB
VmallocChunk:     171012 kB
Time pass: 282 sec

---2015-11-23 11:25:36
MemTotal:        1860984 kB
MemFree:          116960 kB
Buffers:            6844 kB
Cached:           718940 kB
SwapCached:        15232 kB
Active:           573504 kB
Inactive:         652056 kB
Active(anon):     356900 kB
Inactive(anon):   145692 kB
Active(file):     216604 kB
Inactive(file):   506364 kB
Unevictable:         860 kB
Mlocked:               0 kB
HighTotal:       1436668 kB
HighFree:          49188 kB
LowTotal:         424316 kB
LowFree:           67772 kB
SwapTotal:        716796 kB
SwapFree:         519632 kB
Dirty:                32 kB
Writeback:             0 kB
AnonPages:        498492 kB
Mapped:           242316 kB
Shmem:              1956 kB
Slab:              46176 kB
SReclaimable:      14912 kB
SUnreclaim:        31264 kB
KernelStack:       11624 kB
PageTables:        25932 kB
NFS_Unstable:          0 kB
Bounce:                0 kB
WritebackTmp:          0 kB
CommitLimit:     1647288 kB
Committed_AS:   57058016 kB
VmallocTotal:     458752 kB
VmallocUsed:      119972 kB
VmallocChunk:     171012 kB
Time pass: 286 sec

---2015-11-23 11:25:36
MemTotal:        1860984 kB
MemFree:          123528 kB
Buffers:            6852 kB
Cached:           718940 kB
SwapCached:        15588 kB
Active:           571272 kB
Inactive:         649600 kB
Active(anon):     354668 kB
Inactive(anon):   143228 kB
Active(file):     216604 kB
Inactive(file):   506372 kB
Unevictable:         860 kB
Mlocked:               0 kB
HighTotal:       1436668 kB
HighFree:          55560 kB
LowTotal:         424316 kB
LowFree:           67968 kB
SwapTotal:        716796 kB
SwapFree:         530100 kB
Dirty:                28 kB
Writeback:             0 kB
AnonPages:        493816 kB
Mapped:           242312 kB
Shmem:              1956 kB
Slab:              46212 kB
SReclaimable:      14912 kB
SUnreclaim:        31300 kB
KernelStack:       11624 kB
PageTables:        25932 kB
NFS_Unstable:          0 kB
Bounce:                0 kB
WritebackTmp:          0 kB
CommitLimit:     1647288 kB
Committed_AS:   57057828 kB
VmallocTotal:     458752 kB
VmallocUsed:      119972 kB
VmallocChunk:     171012 kB
Time pass: 289 sec

---2015-11-23 11:25:36
MemTotal:        1860984 kB
MemFree:          123092 kB
Buffers:            6868 kB
Cached:           718940 kB
SwapCached:        15588 kB
Active:           571520 kB
Inactive:         649620 kB
Active(anon):     354916 kB
Inactive(anon):   143232 kB
Active(file):     216604 kB
Inactive(file):   506388 kB
Unevictable:         860 kB
Mlocked:               0 kB
HighTotal:       1436668 kB
HighFree:          55012 kB
LowTotal:         424316 kB
LowFree:           68080 kB
SwapTotal:        716796 kB
SwapFree:         530104 kB
Dirty:                32 kB
Writeback:             0 kB
AnonPages:        494112 kB
Mapped:           242312 kB
Shmem:              1956 kB
Slab:              46220 kB
SReclaimable:      14920 kB
SUnreclaim:        31300 kB
KernelStack:       11616 kB
PageTables:        25932 kB
NFS_Unstable:          0 kB
Bounce:                0 kB
WritebackTmp:          0 kB
CommitLimit:     1647288 kB
Committed_AS:   57057760 kB
VmallocTotal:     458752 kB
VmallocUsed:      119972 kB
VmallocChunk:     171012 kB
Time pass: 293 sec

---2015-11-23 11:25:36
MemTotal:        1860984 kB
MemFree:          123060 kB
Buffers:            6876 kB
Cached:           718932 kB
SwapCached:        15588 kB
Active:           571672 kB
Inactive:         649620 kB
Active(anon):     355068 kB
Inactive(anon):   143232 kB
Active(file):     216604 kB
Inactive(file):   506388 kB
Unevictable:         860 kB
Mlocked:               0 kB
HighTotal:       1436668 kB
HighFree:          55136 kB
LowTotal:         424316 kB
LowFree:           67924 kB
SwapTotal:        716796 kB
SwapFree:         530104 kB
Dirty:                 0 kB
Writeback:             0 kB
AnonPages:        494268 kB
Mapped:           242312 kB
Shmem:              1956 kB
Slab:              46252 kB
SReclaimable:      14920 kB
SUnreclaim:        31332 kB
KernelStack:       11616 kB
PageTables:        25932 kB
NFS_Unstable:          0 kB
Bounce:                0 kB
WritebackTmp:          0 kB
CommitLimit:     1647288 kB
Committed_AS:   57057844 kB
VmallocTotal:     458752 kB
VmallocUsed:      119972 kB
VmallocChunk:     171012 kB
Time pass: 296 sec

---2015-11-23 11:25:36
MemTotal:        1860984 kB
MemFree:          127344 kB
Buffers:            6892 kB
Cached:           718944 kB
SwapCached:        15584 kB
Active:           569392 kB
Inactive:         648228 kB
Active(anon):     352788 kB
Inactive(anon):   141816 kB
Active(file):     216604 kB
Inactive(file):   506412 kB
Unevictable:         860 kB
Mlocked:               0 kB
HighTotal:       1436668 kB
HighFree:          58336 kB
LowTotal:         424316 kB
LowFree:           69008 kB
SwapTotal:        716796 kB
SwapFree:         526004 kB
Dirty:                32 kB
Writeback:             0 kB
AnonPages:        490544 kB
Mapped:           242316 kB
Shmem:              1960 kB
Slab:              46064 kB
SReclaimable:      14880 kB
SUnreclaim:        31184 kB
KernelStack:       11568 kB
PageTables:        25932 kB
NFS_Unstable:          0 kB
Bounce:                0 kB
WritebackTmp:          0 kB
CommitLimit:     1647288 kB
Committed_AS:   57058096 kB
VmallocTotal:     458752 kB
VmallocUsed:      119972 kB
VmallocChunk:     171012 kB
Time pass: 300 sec

---2015-11-23 11:25:36
MemTotal:        1860984 kB
MemFree:          125824 kB
Buffers:            6892 kB
Cached:           718944 kB
SwapCached:        15584 kB
Active:           569508 kB
Inactive:         648228 kB
Active(anon):     352904 kB
Inactive(anon):   141816 kB
Active(file):     216604 kB
Inactive(file):   506412 kB
Unevictable:         860 kB
Mlocked:               0 kB
HighTotal:       1436668 kB
HighFree:          57120 kB
LowTotal:         424316 kB
LowFree:           68704 kB
SwapTotal:        716796 kB
SwapFree:         526004 kB
Dirty:                 0 kB
Writeback:             0 kB
AnonPages:        490732 kB
Mapped:           242316 kB
Shmem:              1960 kB
Slab:              46004 kB
SReclaimable:      14872 kB
SUnreclaim:        31132 kB
KernelStack:       11608 kB
PageTables:        25928 kB
NFS_Unstable:          0 kB
Bounce:                0 kB
WritebackTmp:          0 kB
CommitLimit:     1647288 kB
Committed_AS:   57058236 kB
VmallocTotal:     458752 kB
VmallocUsed:      119972 kB
VmallocChunk:     171012 kB
Time pass: 303 sec

---2015-11-23 11:25:36
MemTotal:        1860984 kB
MemFree:          128316 kB
Buffers:            6916 kB
Cached:           718944 kB
SwapCached:        15584 kB
Active:           566852 kB
Inactive:         646724 kB
Active(anon):     350248 kB
Inactive(anon):   140288 kB
Active(file):     216604 kB
Inactive(file):   506436 kB
Unevictable:         860 kB
Mlocked:               0 kB
HighTotal:       1436668 kB
HighFree:          59768 kB
LowTotal:         424316 kB
LowFree:           68548 kB
SwapTotal:        716796 kB
SwapFree:         521824 kB
Dirty:                32 kB
Writeback:             0 kB
AnonPages:        486368 kB
Mapped:           242316 kB
Shmem:              1960 kB
Slab:              46140 kB
SReclaimable:      15024 kB
SUnreclaim:        31116 kB
KernelStack:       11568 kB
PageTables:        25932 kB
NFS_Unstable:          0 kB
Bounce:                0 kB
WritebackTmp:          0 kB
CommitLimit:     1647288 kB
Committed_AS:   57057944 kB
VmallocTotal:     458752 kB
VmallocUsed:      119972 kB
VmallocChunk:     171012 kB
Time pass: 307 sec

---2015-11-23 11:25:36
MemTotal:        1860984 kB
MemFree:          128388 kB
Buffers:            6916 kB
Cached:           718944 kB
SwapCached:        15644 kB
Active:           567764 kB
Inactive:         646796 kB
Active(anon):     351160 kB
Inactive(anon):   140360 kB
Active(file):     216604 kB
Inactive(file):   506436 kB
Unevictable:         860 kB
Mlocked:               0 kB
HighTotal:       1436668 kB
HighFree:          59720 kB
LowTotal:         424316 kB
LowFree:           68668 kB
SwapTotal:        716796 kB
SwapFree:         521836 kB
Dirty:                 0 kB
Writeback:             0 kB
AnonPages:        487572 kB
Mapped:           242316 kB
Shmem:              1960 kB
Slab:              46220 kB
SReclaimable:      14976 kB
SUnreclaim:        31244 kB
KernelStack:       11632 kB
PageTables:        25932 kB
NFS_Unstable:          0 kB
Bounce:                0 kB
WritebackTmp:          0 kB
CommitLimit:     1647288 kB
Committed_AS:   57059060 kB
VmallocTotal:     458752 kB
VmallocUsed:      119972 kB
VmallocChunk:     171012 kB
Time pass: 311 sec

---2015-11-23 11:25:36
MemTotal:        1860984 kB
MemFree:          131392 kB
Buffers:            6956 kB
Cached:           718936 kB
SwapCached:        15812 kB
Active:           565420 kB
Inactive:         645740 kB
Active(anon):     348816 kB
Inactive(anon):   139280 kB
Active(file):     216604 kB
Inactive(file):   506460 kB
Unevictable:         860 kB
Mlocked:               0 kB
HighTotal:       1436668 kB
HighFree:          61644 kB
LowTotal:         424316 kB
LowFree:           69748 kB
SwapTotal:        716796 kB
SwapFree:         517788 kB
Dirty:                68 kB
Writeback:             0 kB
AnonPages:        484000 kB
Mapped:           242316 kB
Shmem:              1960 kB
Slab:              46108 kB
SReclaimable:      14928 kB
SUnreclaim:        31180 kB
KernelStack:       11672 kB
PageTables:        25932 kB
NFS_Unstable:          0 kB
Bounce:                0 kB
WritebackTmp:          0 kB
CommitLimit:     1647288 kB
Committed_AS:   57058220 kB
VmallocTotal:     458752 kB
VmallocUsed:      119972 kB
VmallocChunk:     171012 kB
Time pass: 314 sec

---2015-11-23 11:25:36
MemTotal:        1860984 kB
MemFree:          130784 kB
Buffers:            6956 kB
Cached:           718964 kB
SwapCached:        15812 kB
Active:           565964 kB
Inactive:         645776 kB
Active(anon):     349360 kB
Inactive(anon):   139300 kB
Active(file):     216604 kB
Inactive(file):   506476 kB
Unevictable:         860 kB
Mlocked:               0 kB
HighTotal:       1436668 kB
HighFree:          61052 kB
LowTotal:         424316 kB
LowFree:           69732 kB
SwapTotal:        716796 kB
SwapFree:         517788 kB
Dirty:                 0 kB
Writeback:             0 kB
AnonPages:        484904 kB
Mapped:           242336 kB
Shmem:              1980 kB
Slab:              46092 kB
SReclaimable:      14920 kB
SUnreclaim:        31172 kB
KernelStack:       11592 kB
PageTables:        25932 kB
NFS_Unstable:          0 kB
Bounce:                0 kB
WritebackTmp:          0 kB
CommitLimit:     1647288 kB
Committed_AS:   57059252 kB
VmallocTotal:     458752 kB
VmallocUsed:      119972 kB
VmallocChunk:     171012 kB
Time pass: 318 sec

---2015-11-23 11:25:36
MemTotal:        1860984 kB
MemFree:          131652 kB
Buffers:            6964 kB
Cached:           718964 kB
SwapCached:        15812 kB
Active:           565436 kB
Inactive:         645776 kB
Active(anon):     348832 kB
Inactive(anon):   139300 kB
Active(file):     216604 kB
Inactive(file):   506476 kB
Unevictable:         860 kB
Mlocked:               0 kB
HighTotal:       1436668 kB
HighFree:          61920 kB
LowTotal:         424316 kB
LowFree:           69732 kB
SwapTotal:        716796 kB
SwapFree:         517788 kB
Dirty:                28 kB
Writeback:             0 kB
AnonPages:        483984 kB
Mapped:           242336 kB
