---2015-12-16 15:27:45
MemTotal:        2746844 kB
MemFree:           89536 kB
Buffers:           10240 kB
Cached:           998980 kB
SwapCached:         2804 kB
Active:           906408 kB
Inactive:         963956 kB
Active(anon):     426432 kB
Inactive(anon):   454324 kB
Active(file):     479976 kB
Inactive(file):   509632 kB
Unevictable:       35812 kB
Mlocked:           27768 kB
SwapTotal:       1310716 kB
SwapFree:        1260676 kB
Dirty:                36 kB
Writeback:             0 kB
AnonPages:        895520 kB
Mapped:           462356 kB
Shmem:               496 kB
Slab:             108844 kB
SReclaimable:      31360 kB
SUnreclaim:        77484 kB
KernelStack:       33040 kB
PageTables:        56988 kB
NFS_Unstable:          0 kB
Bounce:                0 kB
WritebackTmp:          0 kB
CommitLimit:     2684136 kB
Committed_AS:   139893368 kB
VmallocTotal:   251658176 kB
VmallocUsed:      285588 kB
VmallocChunk:   247561408 kB
Time pass: 3 sec

---2015-12-16 15:27:45
MemTotal:        2746844 kB
MemFree:           89012 kB
Buffers:           10240 kB
Cached:           999084 kB
SwapCached:         2804 kB
Active:           907004 kB
Inactive:         964056 kB
Active(anon):     427020 kB
Inactive(anon):   454324 kB
Active(file):     479984 kB
Inactive(file):   509732 kB
Unevictable:       35812 kB
Mlocked:           27768 kB
SwapTotal:       1310716 kB
SwapFree:        1260676 kB
Dirty:                36 kB
Writeback:             0 kB
AnonPages:        895680 kB
Mapped:           462392 kB
Shmem:               500 kB
Slab:             108832 kB
SReclaimable:      31368 kB
SUnreclaim:        77464 kB
KernelStack:       33056 kB
PageTables:        56996 kB
NFS_Unstable:          0 kB
Bounce:                0 kB
WritebackTmp:          0 kB
CommitLimit:     2684136 kB
Committed_AS:   139893336 kB
VmallocTotal:   251658176 kB
VmallocUsed:      285588 kB
VmallocChunk:   247561408 kB
Time pass: 7 sec

---2015-12-16 15:27:45
MemTotal:        2746844 kB
MemFree:           88788 kB
Buffers:           10240 kB
Cached:           999080 kB
SwapCached:         2804 kB
Active:           907104 kB
Inactive:         963856 kB
Active(anon):     426920 kB
Inactive(anon):   454324 kB
Active(file):     480184 kB
Inactive(file):   509532 kB
Unevictable:       35812 kB
Mlocked:           27768 kB
SwapTotal:       1310716 kB
SwapFree:        1260676 kB
Dirty:                 0 kB
Writeback:             0 kB
AnonPages:        895664 kB
Mapped:           462568 kB
Shmem:               496 kB
Slab:             108936 kB
SReclaimable:      31368 kB
SUnreclaim:        77568 kB
KernelStack:       33040 kB
PageTables:        56852 kB
NFS_Unstable:          0 kB
Bounce:                0 kB
WritebackTmp:          0 kB
CommitLimit:     2684136 kB
Committed_AS:   139893344 kB
VmallocTotal:   251658176 kB
VmallocUsed:      285588 kB
VmallocChunk:   247561408 kB
Time pass: 10 sec

---2015-12-16 15:27:45
MemTotal:        2746844 kB
MemFree:           88844 kB
Buffers:           10240 kB
Cached:           999080 kB
SwapCached:         2804 kB
Active:           907280 kB
Inactive:         963856 kB
Active(anon):     427096 kB
Inactive(anon):   454324 kB
Active(file):     480184 kB
Inactive(file):   509532 kB
Unevictable:       35812 kB
Mlocked:           27768 kB
SwapTotal:       1310716 kB
SwapFree:        1260676 kB
Dirty:                 0 kB
Writeback:             0 kB
AnonPages:        895392 kB
Mapped:           462652 kB
Shmem:               496 kB
Slab:             108872 kB
SReclaimable:      31368 kB
SUnreclaim:        77504 kB
KernelStack:       33040 kB
PageTables:        56884 kB
NFS_Unstable:          0 kB
Bounce:                0 kB
WritebackTmp:          0 kB
CommitLimit:     2684136 kB
Committed_AS:   139893320 kB
VmallocTotal:   251658176 kB
VmallocUsed:      285588 kB
VmallocChunk:   247561408 kB
Time pass: 14 sec

---2015-12-16 15:27:45
MemTotal:        2746844 kB
MemFree:           88616 kB
Buffers:           10240 kB
Cached:           999080 kB
SwapCached:         2804 kB
Active:           907544 kB
Inactive:         963856 kB
Active(anon):     427360 kB
Inactive(anon):   454324 kB
Active(file):     480184 kB
Inactive(file):   509532 kB
Unevictable:       35812 kB
Mlocked:           27768 kB
SwapTotal:       1310716 kB
SwapFree:        1260676 kB
Dirty:                 0 kB
Writeback:             0 kB
AnonPages:        895656 kB
Mapped:           462652 kB
Shmem:               496 kB
Slab:             108896 kB
SReclaimable:      31368 kB
SUnreclaim:        77528 kB
KernelStack:       33040 kB
PageTables:        56884 kB
NFS_Unstable:          0 kB
Bounce:                0 kB
WritebackTmp:          0 kB
CommitLimit:     2684136 kB
Committed_AS:   139893312 kB
VmallocTotal:   251658176 kB
VmallocUsed:      285588 kB
VmallocChunk:   247561408 kB
Time pass: 17 sec

---2015-12-16 15:27:45
MemTotal:        2746844 kB
MemFree:           88668 kB
Buffers:           10240 kB
Cached:           999080 kB
SwapCached:         2804 kB
Active:           907644 kB
Inactive:         963852 kB
Active(anon):     427460 kB
Inactive(anon):   454320 kB
Active(file):     480184 kB
Inactive(file):   509532 kB
Unevictable:       35812 kB
Mlocked:           27768 kB
SwapTotal:       1310716 kB
SwapFree:        1260676 kB
Dirty:                 0 kB
Writeback:             0 kB
AnonPages:        896080 kB
Mapped:           462652 kB
Shmem:               496 kB
Slab:             108896 kB
SReclaimable:      31368 kB
SUnreclaim:        77528 kB
KernelStack:       33008 kB
PageTables:        56880 kB
NFS_Unstable:          0 kB
Bounce:                0 kB
WritebackTmp:          0 kB
CommitLimit:     2684136 kB
Committed_AS:   139893240 kB
VmallocTotal:   251658176 kB
VmallocUsed:      285588 kB
VmallocChunk:   247561408 kB
Time pass: 21 sec

---2015-12-16 15:27:45
MemTotal:        2746844 kB
MemFree:           42764 kB
Buffers:            9960 kB
Cached:           979132 kB
SwapCached:         2976 kB
Active:           929404 kB
Inactive:         938084 kB
Active(anon):     445204 kB
Inactive(anon):   453744 kB
Active(file):     484200 kB
Inactive(file):   484340 kB
Unevictable:       35812 kB
Mlocked:           27768 kB
SwapTotal:       1310716 kB
SwapFree:        1259676 kB
Dirty:               756 kB
Writeback:             0 kB
AnonPages:        913248 kB
Mapped:           480188 kB
Shmem:              1248 kB
Slab:             108984 kB
SReclaimable:      31376 kB
SUnreclaim:        77608 kB
KernelStack:       33120 kB
PageTables:        57320 kB
NFS_Unstable:          0 kB
Bounce:                0 kB
WritebackTmp:          0 kB
CommitLimit:     2684136 kB
Committed_AS:   141192092 kB
VmallocTotal:   251658176 kB
VmallocUsed:      291036 kB
VmallocChunk:   247561408 kB
Time pass: 24 sec

---2015-12-16 15:27:45
MemTotal:        2746844 kB
MemFree:           75396 kB
Buffers:            7868 kB
Cached:           833456 kB
SwapCached:         3880 kB
Active:           836240 kB
Inactive:         849712 kB
Active(anon):     426488 kB
Inactive(anon):   438336 kB
Active(file):     409752 kB
Inactive(file):   411376 kB
Unevictable:       35812 kB
Mlocked:           27768 kB
SwapTotal:       1310716 kB
SwapFree:        1195712 kB
Dirty:              2060 kB
Writeback:             0 kB
AnonPages:        877868 kB
Mapped:           476968 kB
Shmem:               608 kB
Slab:             110880 kB
SReclaimable:      31700 kB
SUnreclaim:        79180 kB
KernelStack:       34448 kB
PageTables:        58188 kB
NFS_Unstable:          0 kB
Bounce:                0 kB
WritebackTmp:          0 kB
CommitLimit:     2684136 kB
Committed_AS:   141233124 kB
VmallocTotal:   251658176 kB
VmallocUsed:      304416 kB
VmallocChunk:   247561408 kB
Time pass: 28 sec

---2015-12-16 15:27:45
MemTotal:        2746844 kB
MemFree:          100820 kB
Buffers:            7896 kB
Cached:           835508 kB
SwapCached:         3880 kB
Active:           815572 kB
Inactive:         841812 kB
Active(anon):     405580 kB
Inactive(anon):   428160 kB
Active(file):     409992 kB
Inactive(file):   413652 kB
Unevictable:       35812 kB
Mlocked:           27768 kB
SwapTotal:       1310716 kB
SwapFree:        1196248 kB
Dirty:               928 kB
Writeback:             0 kB
AnonPages:        847312 kB
Mapped:           477028 kB
Shmem:               608 kB
Slab:             110792 kB
SReclaimable:      31540 kB
SUnreclaim:        79252 kB
KernelStack:       34432 kB
PageTables:        58008 kB
NFS_Unstable:          0 kB
Bounce:                0 kB
WritebackTmp:          0 kB
CommitLimit:     2684136 kB
Committed_AS:   141204456 kB
VmallocTotal:   251658176 kB
VmallocUsed:      304396 kB
VmallocChunk:   247561408 kB
Time pass: 32 sec

---2015-12-16 15:27:45
MemTotal:        2746844 kB
MemFree:          104496 kB
Buffers:            7904 kB
Cached:           836424 kB
SwapCached:         3880 kB
Active:           812532 kB
Inactive:         842452 kB
Active(anon):     402520 kB
Inactive(anon):   428140 kB
Active(file):     410012 kB
Inactive(file):   414312 kB
Unevictable:       35812 kB
Mlocked:           27768 kB
SwapTotal:       1310716 kB
SwapFree:        1196248 kB
Dirty:                96 kB
Writeback:             0 kB
AnonPages:        843940 kB
Mapped:           477112 kB
Shmem:               608 kB
Slab:             110816 kB
SReclaimable:      31540 kB
SUnreclaim:        79276 kB
KernelStack:       34416 kB
PageTables:        58040 kB
NFS_Unstable:          0 kB
Bounce:                0 kB
WritebackTmp:          0 kB
CommitLimit:     2684136 kB
Committed_AS:   141204568 kB
VmallocTotal:   251658176 kB
VmallocUsed:      304396 kB
VmallocChunk:   247561408 kB
Time pass: 35 sec

---2015-12-16 15:27:45
MemTotal:        2746844 kB
MemFree:          100688 kB
Buffers:            7976 kB
Cached:           837336 kB
SwapCached:         3880 kB
Active:           814732 kB
Inactive:         843664 kB
Active(anon):     404692 kB
Inactive(anon):   428112 kB
Active(file):     410040 kB
Inactive(file):   415552 kB
Unevictable:       35812 kB
Mlocked:           27768 kB
SwapTotal:       1310716 kB
SwapFree:        1196248 kB
Dirty:                 0 kB
Writeback:             0 kB
AnonPages:        846364 kB
Mapped:           477220 kB
Shmem:               608 kB
Slab:             110740 kB
SReclaimable:      31516 kB
SUnreclaim:        79224 kB
KernelStack:       34432 kB
PageTables:        58012 kB
NFS_Unstable:          0 kB
Bounce:                0 kB
WritebackTmp:          0 kB
CommitLimit:     2684136 kB
Committed_AS:   141204528 kB
VmallocTotal:   251658176 kB
VmallocUsed:      304396 kB
VmallocChunk:   247561408 kB
Time pass: 39 sec

---2015-12-16 15:27:45
MemTotal:        2746844 kB
MemFree:          100892 kB
Buffers:            7984 kB
Cached:           837628 kB
SwapCached:         3880 kB
Active:           815628 kB
Inactive:         843300 kB
Active(anon):     405092 kB
Inactive(anon):   428104 kB
Active(file):     410536 kB
Inactive(file):   415196 kB
Unevictable:       35812 kB
Mlocked:           27768 kB
SwapTotal:       1310716 kB
SwapFree:        1196248 kB
Dirty:               832 kB
Writeback:             0 kB
AnonPages:        846788 kB
Mapped:           477300 kB
Shmem:               608 kB
Slab:             110768 kB
SReclaimable:      31512 kB
SUnreclaim:        79256 kB
KernelStack:       34464 kB
PageTables:        58016 kB
NFS_Unstable:          0 kB
Bounce:                0 kB
WritebackTmp:          0 kB
CommitLimit:     2684136 kB
Committed_AS:   141204472 kB
VmallocTotal:   251658176 kB
VmallocUsed:      304400 kB
VmallocChunk:   247561408 kB
Time pass: 42 sec

---2015-12-16 15:27:45
MemTotal:        2746844 kB
MemFree:           65960 kB
Buffers:            7160 kB
Cached:           815116 kB
SwapCached:         4012 kB
Active:           827688 kB
Inactive:         829944 kB
Active(anon):     426192 kB
Inactive(anon):   428544 kB
Active(file):     401496 kB
Inactive(file):   401400 kB
Unevictable:       35812 kB
Mlocked:           27768 kB
SwapTotal:       1310716 kB
SwapFree:        1196020 kB
Dirty:                32 kB
Writeback:             0 kB
AnonPages:        867652 kB
Mapped:           482056 kB
Shmem:               608 kB
Slab:             110888 kB
SReclaimable:      31544 kB
SUnreclaim:        79344 kB
KernelStack:       34768 kB
PageTables:        58256 kB
NFS_Unstable:          0 kB
Bounce:                0 kB
WritebackTmp:          0 kB
CommitLimit:     2684136 kB
Committed_AS:   141207696 kB
VmallocTotal:   251658176 kB
VmallocUsed:      305120 kB
VmallocChunk:   247561408 kB
Time pass: 46 sec

---2015-12-16 15:27:45
MemTotal:        2746844 kB
MemFree:           67304 kB
Buffers:            7156 kB
Cached:           806756 kB
SwapCached:         4012 kB
Active:           828808 kB
Inactive:         827860 kB
Active(anon):     431088 kB
Inactive(anon):   431392 kB
Active(file):     397720 kB
Inactive(file):   396468 kB
Unevictable:       35812 kB
Mlocked:           27768 kB
SwapTotal:       1310716 kB
SwapFree:        1195700 kB
Dirty:               156 kB
Writeback:             0 kB
AnonPages:        875512 kB
Mapped:           482132 kB
Shmem:               608 kB
Slab:             110944 kB
SReclaimable:      31544 kB
SUnreclaim:        79400 kB
KernelStack:       34656 kB
PageTables:        58272 kB
NFS_Unstable:          0 kB
Bounce:                0 kB
WritebackTmp:          0 kB
CommitLimit:     2684136 kB
Committed_AS:   141207736 kB
VmallocTotal:   251658176 kB
VmallocUsed:      305104 kB
VmallocChunk:   247561408 kB
Time pass: 49 sec

---2015-12-16 15:27:45
MemTotal:        2746844 kB
MemFree:           66964 kB
Buffers:            7200 kB
Cached:           769976 kB
SwapCached:         4036 kB
Active:           822208 kB
Inactive:         822116 kB
Active(anon):     442952 kB
Inactive(anon):   443268 kB
Active(file):     379256 kB
Inactive(file):   378848 kB
Unevictable:       35812 kB
Mlocked:           27768 kB
SwapTotal:       1310716 kB
SwapFree:        1193980 kB
Dirty:              1432 kB
Writeback:             0 kB
AnonPages:        899864 kB
Mapped:           483836 kB
Shmem:               608 kB
Slab:             111128 kB
SReclaimable:      31592 kB
SUnreclaim:        79536 kB
KernelStack:       34864 kB
PageTables:        58276 kB
NFS_Unstable:          0 kB
Bounce:                0 kB
WritebackTmp:          0 kB
CommitLimit:     2684136 kB
Committed_AS:   141224600 kB
VmallocTotal:   251658176 kB
VmallocUsed:      305812 kB
VmallocChunk:   247561408 kB
Time pass: 53 sec

---2015-12-16 15:27:45
MemTotal:        2746844 kB
MemFree:           66344 kB
Buffers:            6076 kB
Cached:           761936 kB
SwapCached:         4036 kB
Active:           812432 kB
Inactive:         821672 kB
Active(anon):     440336 kB
Inactive(anon):   445488 kB
Active(file):     372096 kB
Inactive(file):   376184 kB
Unevictable:       35812 kB
Mlocked:           27768 kB
SwapTotal:       1310716 kB
SwapFree:        1192440 kB
Dirty:              6512 kB
Writeback:             0 kB
AnonPages:        899196 kB
Mapped:           484420 kB
Shmem:               608 kB
Slab:             111340 kB
SReclaimable:      31588 kB
SUnreclaim:        79752 kB
KernelStack:       34864 kB
PageTables:        58296 kB
NFS_Unstable:          0 kB
Bounce:                0 kB
WritebackTmp:          0 kB
CommitLimit:     2684136 kB
Committed_AS:   141245052 kB
VmallocTotal:   251658176 kB
VmallocUsed:      305848 kB
VmallocChunk:   247561408 kB
Time pass: 57 sec

---2015-12-16 15:27:45
MemTotal:        2746844 kB
MemFree:           66188 kB
Buffers:            6084 kB
Cached:           761996 kB
SwapCached:         4036 kB
Active:           812392 kB
Inactive:         821724 kB
Active(anon):     440296 kB
Inactive(anon):   445480 kB
Active(file):     372096 kB
Inactive(file):   376244 kB
Unevictable:       35812 kB
Mlocked:           27768 kB
SwapTotal:       1310716 kB
SwapFree:        1192440 kB
Dirty:                60 kB
Writeback:             0 kB
AnonPages:        899116 kB
Mapped:           484448 kB
Shmem:               608 kB
Slab:             111348 kB
SReclaimable:      31588 kB
SUnreclaim:        79760 kB
KernelStack:       34800 kB
PageTables:        58288 kB
NFS_Unstable:          0 kB
Bounce:                0 kB
WritebackTmp:          0 kB
CommitLimit:     2684136 kB
Committed_AS:   141245036 kB
VmallocTotal:   251658176 kB
VmallocUsed:      305848 kB
VmallocChunk:   247561408 kB
Time pass: 61 sec

---2015-12-16 15:27:45
MemTotal:        2746844 kB
MemFree:           68928 kB
Buffers:            5944 kB
Cached:           751432 kB
SwapCached:         4040 kB
Active:           805896 kB
Inactive:         811736 kB
Active(anon):     435908 kB
Inactive(anon):   444084 kB
Active(file):     369988 kB
Inactive(file):   367652 kB
Unevictable:       35812 kB
Mlocked:           27768 kB
SwapTotal:       1310716 kB
SwapFree:        1190664 kB
Dirty:               116 kB
Writeback:             0 kB
AnonPages:        893936 kB
Mapped:           484592 kB
Shmem:               608 kB
Slab:             111360 kB
SReclaimable:      31620 kB
SUnreclaim:        79740 kB
KernelStack:       34800 kB
PageTables:        58288 kB
NFS_Unstable:          0 kB
Bounce:                0 kB
WritebackTmp:          0 kB
CommitLimit:     2684136 kB
Committed_AS:   141245028 kB
VmallocTotal:   251658176 kB
VmallocUsed:      305872 kB
VmallocChunk:   247561408 kB
Time pass: 64 sec

---2015-12-16 15:27:45
MemTotal:        2746844 kB
MemFree:           67560 kB
Buffers:            5952 kB
Cached:           751580 kB
SwapCached:         4040 kB
Active:           806488 kB
Inactive:         811916 kB
Active(anon):     436500 kB
Inactive(anon):   444088 kB
Active(file):     369988 kB
Inactive(file):   367828 kB
Unevictable:       35812 kB
Mlocked:           27768 kB
SwapTotal:       1310716 kB
SwapFree:        1190664 kB
Dirty:                96 kB
Writeback:             0 kB
AnonPages:        894128 kB
Mapped:           484688 kB
Shmem:               608 kB
Slab:             111352 kB
SReclaimable:      31620 kB
SUnreclaim:        79732 kB
KernelStack:       34800 kB
PageTables:        58316 kB
NFS_Unstable:          0 kB
Bounce:                0 kB
WritebackTmp:          0 kB
CommitLimit:     2684136 kB
Committed_AS:   141245076 kB
VmallocTotal:   251658176 kB
VmallocUsed:      305872 kB
VmallocChunk:   247561408 kB
Time pass: 68 sec

---2015-12-16 15:27:45
MemTotal:        2746844 kB
MemFree:           67192 kB
Buffers:            5896 kB
Cached:           735596 kB
SwapCached:         4048 kB
Active:           808524 kB
Inactive:         802944 kB
Active(anon):     443616 kB
Inactive(anon):   446760 kB
Active(file):     364908 kB
Inactive(file):   356184 kB
Unevictable:       35812 kB
Mlocked:           27768 kB
SwapTotal:       1310716 kB
SwapFree:        1188584 kB
Dirty:               300 kB
Writeback:             0 kB
AnonPages:        904504 kB
Mapped:           483884 kB
Shmem:               608 kB
Slab:             111332 kB
SReclaimable:      31624 kB
SUnreclaim:        79708 kB
KernelStack:       34800 kB
PageTables:        58292 kB
NFS_Unstable:          0 kB
Bounce:                0 kB
WritebackTmp:          0 kB
CommitLimit:     2684136 kB
Committed_AS:   141245108 kB
VmallocTotal:   251658176 kB
VmallocUsed:      309788 kB
VmallocChunk:   247561408 kB
Time pass: 71 sec

---2015-12-16 15:27:45
MemTotal:        2746844 kB
MemFree:           67536 kB
Buffers:            5824 kB
Cached:           699984 kB
SwapCached:         4064 kB
Active:           786144 kB
Inactive:         783152 kB
Active(anon):     440196 kB
Inactive(anon):   443008 kB
Active(file):     345948 kB
Inactive(file):   340144 kB
Unevictable:       35812 kB
Mlocked:           27768 kB
SwapTotal:       1310716 kB
SwapFree:        1183160 kB
Dirty:               536 kB
Writeback:             0 kB
AnonPages:        896532 kB
Mapped:           483056 kB
Shmem:               608 kB
Slab:             111244 kB
SReclaimable:      31496 kB
SUnreclaim:        79748 kB
KernelStack:       34832 kB
PageTables:        58364 kB
NFS_Unstable:          0 kB
Bounce:                0 kB
WritebackTmp:          0 kB
CommitLimit:     2684136 kB
Committed_AS:   141245716 kB
VmallocTotal:   251658176 kB
VmallocUsed:      314632 kB
VmallocChunk:   247561408 kB
Time pass: 75 sec

---2015-12-16 15:27:45
MemTotal:        2746844 kB
MemFree:           66292 kB
Buffers:            5784 kB
Cached:           694284 kB
SwapCached:         4220 kB
Active:           788384 kB
Inactive:         785332 kB
Active(anon):     445908 kB
Inactive(anon):   446512 kB
Active(file):     342476 kB
Inactive(file):   338820 kB
Unevictable:       35812 kB
Mlocked:           27768 kB
SwapTotal:       1310716 kB
SwapFree:        1174056 kB
Dirty:               384 kB
Writeback:             0 kB
AnonPages:        907468 kB
Mapped:           486060 kB
Shmem:               608 kB
Slab:             111372 kB
SReclaimable:      31512 kB
SUnreclaim:        79860 kB
KernelStack:       35280 kB
PageTables:        58352 kB
NFS_Unstable:          0 kB
Bounce:                0 kB
WritebackTmp:          0 kB
CommitLimit:     2684136 kB
Committed_AS:   141257728 kB
VmallocTotal:   251658176 kB
VmallocUsed:      317224 kB
VmallocChunk:   247561408 kB
Time pass: 78 sec

---2015-12-16 15:27:45
MemTotal:        2746844 kB
MemFree:           66624 kB
Buffers:            5548 kB
Cached:           681800 kB
SwapCached:         4228 kB
Active:           779664 kB
Inactive:         779800 kB
Active(anon):     445056 kB
Inactive(anon):   446608 kB
Active(file):     334608 kB
Inactive(file):   333192 kB
Unevictable:       35812 kB
Mlocked:           27768 kB
SwapTotal:       1310716 kB
SwapFree:        1166588 kB
Dirty:                84 kB
Writeback:             0 kB
AnonPages:        904956 kB
Mapped:           485484 kB
Shmem:               816 kB
Slab:             111852 kB
SReclaimable:      31512 kB
SUnreclaim:        80340 kB
KernelStack:       35392 kB
PageTables:        58600 kB
NFS_Unstable:          0 kB
Bounce:                0 kB
WritebackTmp:          0 kB
CommitLimit:     2684136 kB
Committed_AS:   141262064 kB
VmallocTotal:   251658176 kB
VmallocUsed:      313392 kB
VmallocChunk:   247561408 kB
Time pass: 83 sec

---2015-12-16 15:27:45
MemTotal:        2746844 kB
MemFree:           65660 kB
Buffers:            5564 kB
Cached:           681548 kB
SwapCached:         4228 kB
Active:           781228 kB
Inactive:         778644 kB
Active(anon):     446648 kB
Inactive(anon):   446196 kB
Active(file):     334580 kB
Inactive(file):   332448 kB
Unevictable:       35812 kB
Mlocked:           27768 kB
SwapTotal:       1310716 kB
SwapFree:        1166588 kB
Dirty:                16 kB
Writeback:             0 kB
AnonPages:        906088 kB
Mapped:           485516 kB
Shmem:               968 kB
Slab:             111988 kB
SReclaimable:      31512 kB
SUnreclaim:        80476 kB
KernelStack:       35344 kB
PageTables:        58600 kB
NFS_Unstable:          0 kB
Bounce:                0 kB
WritebackTmp:          0 kB
CommitLimit:     2684136 kB
Committed_AS:   141262128 kB
VmallocTotal:   251658176 kB
VmallocUsed:      313392 kB
VmallocChunk:   247561408 kB
Time pass: 86 sec

---2015-12-16 15:27:45
MemTotal:        2746844 kB
MemFree:           65788 kB
Buffers:            5572 kB
Cached:           681860 kB
SwapCached:         4244 kB
Active:           781796 kB
Inactive:         778920 kB
Active(anon):     447200 kB
Inactive(anon):   446228 kB
Active(file):     334596 kB
Inactive(file):   332692 kB
Unevictable:       35812 kB
Mlocked:           27768 kB
SwapTotal:       1310716 kB
SwapFree:        1166608 kB
Dirty:               104 kB
Writeback:             0 kB
AnonPages:        906416 kB
Mapped:           485688 kB
Shmem:               980 kB
Slab:             111964 kB
SReclaimable:      31512 kB
SUnreclaim:        80452 kB
KernelStack:       35344 kB
PageTables:        58628 kB
NFS_Unstable:          0 kB
Bounce:                0 kB
WritebackTmp:          0 kB
CommitLimit:     2684136 kB
Committed_AS:   141262080 kB
VmallocTotal:   251658176 kB
VmallocUsed:      313392 kB
VmallocChunk:   247561408 kB
Time pass: 90 sec

---2015-12-16 15:27:45
MemTotal:        2746844 kB
MemFree:           65328 kB
Buffers:            5544 kB
Cached:           680716 kB
SwapCached:         4244 kB
Active:           781308 kB
Inactive:         779268 kB
Active(anon):     447572 kB
Inactive(anon):   446936 kB
Active(file):     333736 kB
Inactive(file):   332332 kB
Unevictable:       35812 kB
Mlocked:           27768 kB
SwapTotal:       1310716 kB
SwapFree:        1165828 kB
Dirty:                88 kB
Writeback:             0 kB
AnonPages:        907608 kB
Mapped:           485736 kB
Shmem:              1028 kB
Slab:             112008 kB
SReclaimable:      31512 kB
SUnreclaim:        80496 kB
KernelStack:       35328 kB
PageTables:        58636 kB
NFS_Unstable:          0 kB
Bounce:                0 kB
WritebackTmp:          0 kB
CommitLimit:     2684136 kB
Committed_AS:   141266176 kB
VmallocTotal:   251658176 kB
VmallocUsed:      313392 kB
VmallocChunk:   247561408 kB
Time pass: 93 sec

---2015-12-16 15:27:45
MemTotal:        2746844 kB
MemFree:           66792 kB
Buffers:            5560 kB
Cached:           679152 kB
SwapCached:         4248 kB
Active:           779536 kB
Inactive:         780196 kB
Active(anon):     446372 kB
Inactive(anon):   448616 kB
Active(file):     333164 kB
Inactive(file):   331580 kB
Unevictable:       35812 kB
Mlocked:           27768 kB
SwapTotal:       1310716 kB
SwapFree:        1165108 kB
Dirty:                72 kB
Writeback:             0 kB
AnonPages:        907664 kB
Mapped:           485608 kB
Shmem:              1028 kB
Slab:             111936 kB
SReclaimable:      31500 kB
SUnreclaim:        80436 kB
KernelStack:       35232 kB
PageTables:        58616 kB
NFS_Unstable:          0 kB
Bounce:                0 kB
WritebackTmp:          0 kB
CommitLimit:     2684136 kB
Committed_AS:   141274376 kB
VmallocTotal:   251658176 kB
VmallocUsed:      313392 kB
VmallocChunk:   247561408 kB
Time pass: 97 sec

---2015-12-16 15:27:45
MemTotal:        2746844 kB
MemFree:           67892 kB
Buffers:            5560 kB
Cached:           679372 kB
SwapCached:         4248 kB
Active:           778176 kB
Inactive:         780060 kB
Active(anon):     445060 kB
Inactive(anon):   448420 kB
Active(file):     333116 kB
Inactive(file):   331640 kB
Unevictable:       35812 kB
Mlocked:           27768 kB
SwapTotal:       1310716 kB
SwapFree:        1165108 kB
Dirty:               116 kB
Writeback:             0 kB
AnonPages:        906364 kB
Mapped:           485620 kB
Shmem:              1028 kB
Slab:             111964 kB
SReclaimable:      31500 kB
SUnreclaim:        80464 kB
KernelStack:       35232 kB
PageTables:        58652 kB
NFS_Unstable:          0 kB
Bounce:                0 kB
WritebackTmp:          0 kB
CommitLimit:     2684136 kB
Committed_AS:   141274360 kB
VmallocTotal:   251658176 kB
VmallocUsed:      313392 kB
VmallocChunk:   247561408 kB
Time pass: 100 sec

---2015-12-16 15:27:45
MemTotal:        2746844 kB
MemFree:           66932 kB
Buffers:            5568 kB
Cached:           679424 kB
SwapCached:         4248 kB
Active:           779496 kB
Inactive:         780060 kB
Active(anon):     446364 kB
Inactive(anon):   448372 kB
Active(file):     333132 kB
Inactive(file):   331688 kB
Unevictable:       35812 kB
Mlocked:           27768 kB
SwapTotal:       1310716 kB
SwapFree:        1165108 kB
Dirty:                84 kB
Writeback:             0 kB
AnonPages:        907008 kB
Mapped:           485708 kB
Shmem:              1032 kB
Slab:             111956 kB
SReclaimable:      31500 kB
SUnreclaim:        80456 kB
KernelStack:       35232 kB
PageTables:        58684 kB
NFS_Unstable:          0 kB
Bounce:                0 kB
WritebackTmp:          0 kB
CommitLimit:     2684136 kB
Committed_AS:   141274368 kB
VmallocTotal:   251658176 kB
VmallocUsed:      313392 kB
VmallocChunk:   247561408 kB
Time pass: 104 sec

---2015-12-16 15:27:45
MemTotal:        2746844 kB
MemFree:           76908 kB
Buffers:            5476 kB
Cached:           676740 kB
SwapCached:         4248 kB
Active:           778948 kB
Inactive:         776900 kB
Active(anon):     446872 kB
Inactive(anon):   446976 kB
Active(file):     332076 kB
Inactive(file):   329924 kB
Unevictable:       35812 kB
Mlocked:           27768 kB
SwapTotal:       1310716 kB
SwapFree:        1164048 kB
Dirty:                24 kB
Writeback:             0 kB
AnonPages:        906636 kB
Mapped:           484988 kB
Shmem:              1068 kB
Slab:             111960 kB
SReclaimable:      31500 kB
SUnreclaim:        80460 kB
KernelStack:       35168 kB
PageTables:        58616 kB
NFS_Unstable:          0 kB
Bounce:                0 kB
WritebackTmp:          0 kB
CommitLimit:     2684136 kB
Committed_AS:   141274256 kB
VmallocTotal:   251658176 kB
VmallocUsed:      313392 kB
VmallocChunk:   247561408 kB
Time pass: 107 sec

---2015-12-16 15:27:45
MemTotal:        2746844 kB
MemFree:           77644 kB
Buffers:            5484 kB
Cached:           676856 kB
SwapCached:         4248 kB
Active:           778800 kB
Inactive:         776892 kB
Active(anon):     446692 kB
Inactive(anon):   446932 kB
Active(file):     332108 kB
Inactive(file):   329960 kB
Unevictable:       35812 kB
Mlocked:           27768 kB
SwapTotal:       1310716 kB
SwapFree:        1164048 kB
Dirty:                48 kB
Writeback:             0 kB
AnonPages:        906552 kB
Mapped:           485136 kB
Shmem:              1132 kB
Slab:             111960 kB
SReclaimable:      31500 kB
SUnreclaim:        80460 kB
KernelStack:       35136 kB
PageTables:        58644 kB
NFS_Unstable:          0 kB
Bounce:                0 kB
WritebackTmp:          0 kB
CommitLimit:     2684136 kB
Committed_AS:   141274276 kB
VmallocTotal:   251658176 kB
VmallocUsed:      313392 kB
VmallocChunk:   247561408 kB
Time pass: 111 sec

---2015-12-16 15:27:45
MemTotal:        2746844 kB
MemFree:           72240 kB
Buffers:            5448 kB
Cached:           679440 kB
SwapCached:         4252 kB
Active:           779096 kB
Inactive:         774416 kB
Active(anon):     441092 kB
Inactive(anon):   448400 kB
Active(file):     338004 kB
Inactive(file):   326016 kB
Unevictable:       35812 kB
Mlocked:           27768 kB
SwapTotal:       1310716 kB
SwapFree:        1163440 kB
Dirty:                88 kB
Writeback:             0 kB
AnonPages:        901684 kB
Mapped:           480000 kB
Shmem:              1132 kB
Slab:             111968 kB
SReclaimable:      31500 kB
SUnreclaim:        80468 kB
KernelStack:       35136 kB
PageTables:        58564 kB
NFS_Unstable:          0 kB
Bounce:                0 kB
WritebackTmp:          0 kB
CommitLimit:     2684136 kB
Committed_AS:   141262728 kB
VmallocTotal:   251658176 kB
VmallocUsed:      311196 kB
VmallocChunk:   247561408 kB
Time pass: 114 sec

---2015-12-16 15:27:45
MemTotal:        2746844 kB
MemFree:           48216 kB
Buffers:            5432 kB
Cached:           678016 kB
SwapCached:         4620 kB
Active:           774824 kB
Inactive:         773496 kB
Active(anon):     441448 kB
Inactive(anon):   443304 kB
Active(file):     333376 kB
Inactive(file):   330192 kB
Unevictable:       35812 kB
Mlocked:           27768 kB
SwapTotal:       1310716 kB
SwapFree:        1157292 kB
Dirty:                92 kB
Writeback:             0 kB
AnonPages:        897060 kB
Mapped:           481924 kB
Shmem:               608 kB
Slab:             112428 kB
SReclaimable:      32016 kB
SUnreclaim:        80412 kB
KernelStack:       34816 kB
PageTables:        58688 kB
NFS_Unstable:          0 kB
Bounce:                0 kB
WritebackTmp:          0 kB
CommitLimit:     2684136 kB
Committed_AS:   144774800 kB
VmallocTotal:   251658176 kB
VmallocUsed:      308480 kB
VmallocChunk:   247561408 kB
Time pass: 118 sec

---2015-12-16 15:27:45
MemTotal:        2746844 kB
MemFree:          411988 kB
Buffers:            5096 kB
Cached:           670444 kB
SwapCached:         4644 kB
Active:           681140 kB
Inactive:         749596 kB
Active(anon):     349976 kB
Inactive(anon):   424836 kB
Active(file):     331164 kB
Inactive(file):   324760 kB
Unevictable:       35812 kB
Mlocked:           27768 kB
SwapTotal:       1310716 kB
SwapFree:        1150080 kB
Dirty:                 4 kB
Writeback:             0 kB
AnonPages:        788064 kB
Mapped:           425136 kB
Shmem:               476 kB
Slab:             111928 kB
SReclaimable:      31356 kB
SUnreclaim:        80572 kB
KernelStack:       32208 kB
PageTables:        56188 kB
NFS_Unstable:          0 kB
Bounce:                0 kB
WritebackTmp:          0 kB
CommitLimit:     2684136 kB
Committed_AS:   138071040 kB
VmallocTotal:   251658176 kB
VmallocUsed:      305580 kB
VmallocChunk:   247561408 kB
Time pass: 121 sec

---2015-12-16 15:27:45
MemTotal:        2746844 kB
MemFree:          432984 kB
Buffers:            5120 kB
Cached:           670384 kB
SwapCached:         4652 kB
Active:           664820 kB
Inactive:         744328 kB
Active(anon):     333624 kB
Inactive(anon):   419476 kB
Active(file):     331196 kB
Inactive(file):   324852 kB
Unevictable:       35812 kB
Mlocked:           27768 kB
SwapTotal:       1310716 kB
SwapFree:        1150100 kB
Dirty:               124 kB
Writeback:             0 kB
AnonPages:        766732 kB
Mapped:           425144 kB
Shmem:               348 kB
Slab:             111768 kB
SReclaimable:      31356 kB
SUnreclaim:        80412 kB
KernelStack:       32016 kB
PageTables:        56184 kB
NFS_Unstable:          0 kB
Bounce:                0 kB
WritebackTmp:          0 kB
CommitLimit:     2684136 kB
Committed_AS:   138070972 kB
VmallocTotal:   251658176 kB
VmallocUsed:      305580 kB
VmallocChunk:   247561408 kB
Time pass: 125 sec

---2015-12-16 15:27:45
MemTotal:        2746844 kB
MemFree:          438564 kB
Buffers:            5128 kB
Cached:           670556 kB
SwapCached:         4652 kB
Active:           660592 kB
Inactive:         744372 kB
Active(anon):     329396 kB
Inactive(anon):   419340 kB
Active(file):     331196 kB
Inactive(file):   325032 kB
Unevictable:       35812 kB
Mlocked:           27768 kB
SwapTotal:       1310716 kB
SwapFree:        1150104 kB
Dirty:                72 kB
Writeback:             0 kB
AnonPages:        762116 kB
Mapped:           425196 kB
Shmem:               348 kB
Slab:             111716 kB
SReclaimable:      31352 kB
SUnreclaim:        80364 kB
KernelStack:       31936 kB
PageTables:        56180 kB
NFS_Unstable:          0 kB
Bounce:                0 kB
WritebackTmp:          0 kB
CommitLimit:     2684136 kB
Committed_AS:   138070900 kB
VmallocTotal:   251658176 kB
VmallocUsed:      305580 kB
VmallocChunk:   247561408 kB
Time pass: 128 sec

---2015-12-16 15:27:45
MemTotal:        2746844 kB
MemFree:          438612 kB
Buffers:            5128 kB
Cached:           670556 kB
SwapCached:         4652 kB
Active:           660504 kB
Inactive:         744240 kB
Active(anon):     329308 kB
Inactive(anon):   419208 kB
Active(file):     331196 kB
Inactive(file):   325032 kB
Unevictable:       35812 kB
Mlocked:           27768 kB
SwapTotal:       1310716 kB
SwapFree:        1150104 kB
Dirty:                72 kB
Writeback:             0 kB
AnonPages:        761940 kB
Mapped:           425280 kB
Shmem:               348 kB
Slab:             111716 kB
SReclaimable:      31352 kB
SUnreclaim:        80364 kB
KernelStack:       31888 kB
PageTables:        56204 kB
NFS_Unstable:          0 kB
Bounce:                0 kB
WritebackTmp:          0 kB
CommitLimit:     2684136 kB
Committed_AS:   138070812 kB
VmallocTotal:   251658176 kB
VmallocUsed:      305580 kB
VmallocChunk:   247561408 kB
Time pass: 132 sec

---2015-12-16 15:27:45
MemTotal:        2746844 kB
MemFree:          438608 kB
Buffers:            5128 kB
Cached:           670556 kB
SwapCached:         4652 kB
Active:           660576 kB
Inactive:         744232 kB
Active(anon):     329380 kB
Inactive(anon):   419200 kB
Active(file):     331196 kB
Inactive(file):   325032 kB
Unevictable:       35812 kB
Mlocked:           27768 kB
SwapTotal:       1310716 kB
SwapFree:        1150108 kB
Dirty:                 0 kB
Writeback:             0 kB
AnonPages:        761952 kB
Mapped:           425280 kB
Shmem:               348 kB
Slab:             111716 kB
SReclaimable:      31352 kB
SUnreclaim:        80364 kB
KernelStack:       31840 kB
PageTables:        56204 kB
NFS_Unstable:          0 kB
Bounce:                0 kB
WritebackTmp:          0 kB
CommitLimit:     2684136 kB
Committed_AS:   138070836 kB
VmallocTotal:   251658176 kB
VmallocUsed:      305580 kB
VmallocChunk:   247561408 kB
Time pass: 135 sec

---2015-12-16 15:27:45
MemTotal:        2746844 kB
MemFree:          437972 kB
Buffers:            5128 kB
Cached:           670556 kB
SwapCached:         4652 kB
Active:           661004 kB
Inactive:         744232 kB
Active(anon):     329808 kB
Inactive(anon):   419200 kB
Active(file):     331196 kB
Inactive(file):   325032 kB
Unevictable:       35812 kB
Mlocked:           27768 kB
SwapTotal:       1310716 kB
SwapFree:        1150112 kB
Dirty:                 0 kB
Writeback:             0 kB
AnonPages:        762296 kB
Mapped:           425280 kB
Shmem:               348 kB
Slab:             111708 kB
SReclaimable:      31352 kB
SUnreclaim:        80356 kB
KernelStack:       31840 kB
PageTables:        56204 kB
NFS_Unstable:          0 kB
Bounce:                0 kB
WritebackTmp:          0 kB
CommitLimit:     2684136 kB
Committed_AS:   138070676 kB
VmallocTotal:   251658176 kB
VmallocUsed:      305580 kB
VmallocChunk:   247561408 kB
Time pass: 139 sec

---2015-12-16 15:27:45
MemTotal:        2746844 kB
MemFree:          438028 kB
Buffers:            5128 kB
Cached:           670556 kB
SwapCached:         4652 kB
Active:           661068 kB
Inactive:         744224 kB
Active(anon):     329872 kB
Inactive(anon):   419192 kB
Active(file):     331196 kB
Inactive(file):   325032 kB
Unevictable:       35812 kB
Mlocked:           27768 kB
SwapTotal:       1310716 kB
SwapFree:        1150112 kB
Dirty:                 0 kB
Writeback:             0 kB
AnonPages:        762260 kB
Mapped:           425364 kB
Shmem:               348 kB
Slab:             111660 kB
SReclaimable:      31352 kB
SUnreclaim:        80308 kB
KernelStack:       31792 kB
PageTables:        56236 kB
NFS_Unstable:          0 kB
Bounce:                0 kB
WritebackTmp:          0 kB
CommitLimit:     2684136 kB
Committed_AS:   138070596 kB
VmallocTotal:   251658176 kB
VmallocUsed:      305580 kB
VmallocChunk:   247561408 kB
Time pass: 142 sec

---2015-12-16 15:27:45
MemTotal:        2746844 kB
MemFree:          437468 kB
Buffers:            5128 kB
Cached:           670556 kB
SwapCached:         4652 kB
Active:           661496 kB
Inactive:         744224 kB
Active(anon):     330300 kB
Inactive(anon):   419192 kB
Active(file):     331196 kB
Inactive(file):   325032 kB
Unevictable:       35812 kB
Mlocked:           27768 kB
SwapTotal:       1310716 kB
SwapFree:        1150112 kB
Dirty:                 0 kB
Writeback:             0 kB
AnonPages:        762436 kB
Mapped:           425448 kB
Shmem:               348 kB
Slab:             111660 kB
SReclaimable:      31352 kB
SUnreclaim:        80308 kB
KernelStack:       31792 kB
PageTables:        56264 kB
NFS_Unstable:          0 kB
Bounce:                0 kB
WritebackTmp:          0 kB
CommitLimit:     2684136 kB
Committed_AS:   138070556 kB
VmallocTotal:   251658176 kB
VmallocUsed:      305580 kB
VmallocChunk:   247561408 kB
Time pass: 146 sec

---2015-12-16 15:27:45
MemTotal:        2746844 kB
MemFree:          438220 kB
Buffers:            5128 kB
Cached:           670556 kB
SwapCached:         4652 kB
Active:           661252 kB
Inactive:         744224 kB
Active(anon):     330056 kB
Inactive(anon):   419192 kB
Active(file):     331196 kB
Inactive(file):   325032 kB
Unevictable:       35812 kB
Mlocked:           27768 kB
SwapTotal:       1310716 kB
SwapFree:        1150112 kB
Dirty:                 0 kB
Writeback:             0 kB
AnonPages:        762660 kB
Mapped:           425280 kB
Shmem:               348 kB
Slab:             111644 kB
SReclaimable:      31352 kB
SUnreclaim:        80292 kB
KernelStack:       31792 kB
PageTables:        56204 kB
NFS_Unstable:          0 kB
Bounce:                0 kB
WritebackTmp:          0 kB
CommitLimit:     2684136 kB
Committed_AS:   138070540 kB
VmallocTotal:   251658176 kB
VmallocUsed:      305580 kB
VmallocChunk:   247561408 kB
Time pass: 150 sec

---2015-12-16 15:27:45
MemTotal:        2746844 kB
MemFree:          437992 kB
Buffers:            5132 kB
Cached:           670612 kB
SwapCached:         4652 kB
Active:           661756 kB
Inactive:         744284 kB
Active(anon):     330560 kB
Inactive(anon):   419192 kB
Active(file):     331196 kB
Inactive(file):   325092 kB
Unevictable:       35812 kB
Mlocked:           27768 kB
SwapTotal:       1310716 kB
SwapFree:        1150112 kB
Dirty:                 0 kB
Writeback:             0 kB
AnonPages:        762768 kB
Mapped:           425368 kB
Shmem:               348 kB
Slab:             111644 kB
SReclaimable:      31352 kB
SUnreclaim:        80292 kB
KernelStack:       31792 kB
PageTables:        56232 kB
NFS_Unstable:          0 kB
Bounce:                0 kB
WritebackTmp:          0 kB
CommitLimit:     2684136 kB
Committed_AS:   138070548 kB
VmallocTotal:   251658176 kB
VmallocUsed:      305580 kB
VmallocChunk:   247561408 kB
Time pass: 153 sec

---2015-12-16 15:27:45
MemTotal:        2746844 kB
MemFree:          436776 kB
Buffers:            5256 kB
Cached:           671252 kB
SwapCached:         4660 kB
Active:           662080 kB
Inactive:         745048 kB
Active(anon):     330876 kB
Inactive(anon):   419720 kB
Active(file):     331204 kB
Inactive(file):   325328 kB
Unevictable:       35812 kB
Mlocked:           27768 kB
SwapTotal:       1310716 kB
SwapFree:        1150124 kB
Dirty:                 0 kB
Writeback:             0 kB
AnonPages:        763032 kB
Mapped:           425816 kB
Shmem:               864 kB
Slab:             111644 kB
SReclaimable:      31352 kB
SUnreclaim:        80292 kB
KernelStack:       31808 kB
PageTables:        56200 kB
NFS_Unstable:          0 kB
Bounce:                0 kB
WritebackTmp:          0 kB
CommitLimit:     2684136 kB
Committed_AS:   138071072 kB
VmallocTotal:   251658176 kB
VmallocUsed:      305580 kB
VmallocChunk:   247561408 kB
Time pass: 157 sec

---2015-12-16 15:27:45
MemTotal:        2746844 kB
MemFree:          436312 kB
Buffers:            5256 kB
Cached:           671252 kB
SwapCached:         4660 kB
Active:           662120 kB
Inactive:         745048 kB
Active(anon):     330916 kB
Inactive(anon):   419720 kB
Active(file):     331204 kB
Inactive(file):   325328 kB
Unevictable:       35812 kB
Mlocked:           27768 kB
SwapTotal:       1310716 kB
SwapFree:        1150124 kB
Dirty:                 0 kB
Writeback:             0 kB
AnonPages:        763392 kB
Mapped:           425816 kB
Shmem:               864 kB
Slab:             111644 kB
SReclaimable:      31352 kB
SUnreclaim:        80292 kB
KernelStack:       31808 kB
PageTables:        56200 kB
NFS_Unstable:          0 kB
Bounce:                0 kB
WritebackTmp:          0 kB
CommitLimit:     2684136 kB
Committed_AS:   138071072 kB
VmallocTotal:   251658176 kB
VmallocUsed:      305580 kB
VmallocChunk:   247561408 kB
Time pass: 160 sec

---2015-12-16 15:27:45
MemTotal:        2746844 kB
MemFree:          436552 kB
Buffers:            5256 kB
Cached:           671252 kB
SwapCached:         4660 kB
Active:           662216 kB
Inactive:         745024 kB
Active(anon):     331012 kB
Inactive(anon):   419696 kB
Active(file):     331204 kB
Inactive(file):   325328 kB
Unevictable:       35812 kB
Mlocked:           27768 kB
SwapTotal:       1310716 kB
SwapFree:        1150124 kB
Dirty:                 0 kB
Writeback:             0 kB
AnonPages:        763492 kB
Mapped:           425904 kB
Shmem:               864 kB
Slab:             111652 kB
SReclaimable:      31352 kB
SUnreclaim:        80300 kB
KernelStack:       31808 kB
PageTables:        56228 kB
NFS_Unstable:          0 kB
Bounce:                0 kB
WritebackTmp:          0 kB
CommitLimit:     2684136 kB
Committed_AS:   138071080 kB
VmallocTotal:   251658176 kB
VmallocUsed:      305580 kB
VmallocChunk:   247561408 kB
Time pass: 164 sec

---2015-12-16 15:27:45
MemTotal:        2746844 kB
MemFree:          436220 kB
Buffers:            5256 kB
Cached:           671252 kB
SwapCached:         4660 kB
Active:           662488 kB
Inactive:         745024 kB
Active(anon):     331284 kB
Inactive(anon):   419696 kB
Active(file):     331204 kB
Inactive(file):   325328 kB
Unevictable:       35812 kB
Mlocked:           27768 kB
SwapTotal:       1310716 kB
SwapFree:        1150124 kB
Dirty:                 0 kB
Writeback:             0 kB
AnonPages:        763668 kB
Mapped:           425904 kB
Shmem:               864 kB
Slab:             111652 kB
SReclaimable:      31352 kB
SUnreclaim:        80300 kB
KernelStack:       31808 kB
PageTables:        56228 kB
NFS_Unstable:          0 kB
Bounce:                0 kB
WritebackTmp:          0 kB
CommitLimit:     2684136 kB
Committed_AS:   138071064 kB
VmallocTotal:   251658176 kB
VmallocUsed:      305580 kB
VmallocChunk:   247561408 kB
Time pass: 167 sec

---2015-12-16 15:27:45
MemTotal:        2746844 kB
MemFree:          370756 kB
Buffers:            5916 kB
Cached:           685980 kB
SwapCached:         4792 kB
Active:           682860 kB
Inactive:         756740 kB
Active(anon):     348160 kB
Inactive(anon):   419652 kB
Active(file):     334700 kB
Inactive(file):   337088 kB
Unevictable:       35812 kB
Mlocked:           27768 kB
SwapTotal:       1310716 kB
SwapFree:        1150152 kB
Dirty:               584 kB
Writeback:             0 kB
AnonPages:        780580 kB
Mapped:           447024 kB
Shmem:               860 kB
Slab:             111640 kB
SReclaimable:      31356 kB
SUnreclaim:        80284 kB
KernelStack:       31952 kB
PageTables:        56564 kB
NFS_Unstable:          0 kB
Bounce:                0 kB
WritebackTmp:          0 kB
CommitLimit:     2684136 kB
Committed_AS:   139371012 kB
VmallocTotal:   251658176 kB
VmallocUsed:      311172 kB
VmallocChunk:   247561408 kB
Time pass: 171 sec

---2015-12-16 15:27:45
MemTotal:        2746844 kB
MemFree:          241100 kB
Buffers:            5988 kB
Cached:           688900 kB
SwapCached:         4808 kB
Active:           700844 kB
Inactive:         758688 kB
Active(anon):     365132 kB
Inactive(anon):   419616 kB
Active(file):     335712 kB
Inactive(file):   339072 kB
Unevictable:       35812 kB
Mlocked:           27768 kB
SwapTotal:       1310716 kB
SwapFree:        1150152 kB
Dirty:              1764 kB
Writeback:             0 kB
AnonPages:        797204 kB
Mapped:           452228 kB
Shmem:               996 kB
Slab:             111696 kB
SReclaimable:      31364 kB
SUnreclaim:        80332 kB
KernelStack:       33280 kB
PageTables:        57424 kB
NFS_Unstable:          0 kB
Bounce:                0 kB
WritebackTmp:          0 kB
CommitLimit:     2684136 kB
Committed_AS:   139406896 kB
VmallocTotal:   251658176 kB
VmallocUsed:      307808 kB
VmallocChunk:   247561408 kB
Time pass: 175 sec

---2015-12-16 15:27:45
MemTotal:        2746844 kB
MemFree:          185348 kB
Buffers:            6040 kB
Cached:           696352 kB
SwapCached:         4808 kB
Active:           733116 kB
Inactive:         752336 kB
Active(anon):     383256 kB
Inactive(anon):   419568 kB
Active(file):     349860 kB
Inactive(file):   332768 kB
Unevictable:       35812 kB
Mlocked:           27768 kB
SwapTotal:       1310716 kB
SwapFree:        1150152 kB
Dirty:              7684 kB
Writeback:             0 kB
AnonPages:        815580 kB
Mapped:           455024 kB
Shmem:               996 kB
Slab:             111736 kB
SReclaimable:      31384 kB
SUnreclaim:        80352 kB
KernelStack:       33392 kB
PageTables:        57484 kB
NFS_Unstable:          0 kB
Bounce:                0 kB
WritebackTmp:          0 kB
CommitLimit:     2684136 kB
Committed_AS:   139382728 kB
VmallocTotal:   251658176 kB
VmallocUsed:      309020 kB
VmallocChunk:   247561408 kB
Time pass: 178 sec

---2015-12-16 15:27:45
MemTotal:        2746844 kB
MemFree:          183472 kB
Buffers:            6048 kB
Cached:           696556 kB
SwapCached:         4808 kB
Active:           724588 kB
Inactive:         752120 kB
Active(anon):     374644 kB
Inactive(anon):   419564 kB
Active(file):     349944 kB
Inactive(file):   332556 kB
Unevictable:       35812 kB
Mlocked:           27768 kB
SwapTotal:       1310716 kB
SwapFree:        1150152 kB
Dirty:               116 kB
Writeback:             0 kB
AnonPages:        807072 kB
Mapped:           455016 kB
Shmem:               996 kB
Slab:             111908 kB
SReclaimable:      31540 kB
SUnreclaim:        80368 kB
KernelStack:       33424 kB
PageTables:        57328 kB
NFS_Unstable:          0 kB
Bounce:                0 kB
WritebackTmp:          0 kB
CommitLimit:     2684136 kB
Committed_AS:   139382992 kB
VmallocTotal:   251658176 kB
VmallocUsed:      309024 kB
VmallocChunk:   247561408 kB
Time pass: 182 sec

---2015-12-16 15:27:45
MemTotal:        2746844 kB
MemFree:          171900 kB
Buffers:            6048 kB
Cached:           696820 kB
SwapCached:         4808 kB
Active:           727900 kB
Inactive:         752028 kB
Active(anon):     377628 kB
Inactive(anon):   419560 kB
Active(file):     350272 kB
Inactive(file):   332468 kB
Unevictable:       35812 kB
Mlocked:           27768 kB
SwapTotal:       1310716 kB
SwapFree:        1150152 kB
Dirty:               392 kB
Writeback:             0 kB
AnonPages:        810032 kB
Mapped:           455200 kB
Shmem:               996 kB
Slab:             111932 kB
SReclaimable:      31540 kB
SUnreclaim:        80392 kB
KernelStack:       33392 kB
PageTables:        57344 kB
NFS_Unstable:          0 kB
Bounce:                0 kB
WritebackTmp:          0 kB
CommitLimit:     2684136 kB
Committed_AS:   139383184 kB
VmallocTotal:   251658176 kB
VmallocUsed:      309048 kB
VmallocChunk:   247561408 kB
Time pass: 185 sec

---2015-12-16 15:27:45
MemTotal:        2746844 kB
MemFree:          172436 kB
Buffers:            6056 kB
Cached:           696820 kB
SwapCached:         4808 kB
Active:           728288 kB
Inactive:         751968 kB
Active(anon):     377932 kB
Inactive(anon):   419564 kB
Active(file):     350356 kB
Inactive(file):   332404 kB
Unevictable:       35812 kB
Mlocked:           27768 kB
SwapTotal:       1310716 kB
SwapFree:        1150156 kB
Dirty:               312 kB
Writeback:             0 kB
AnonPages:        809996 kB
Mapped:           455284 kB
Shmem:               996 kB
Slab:             111884 kB
SReclaimable:      31540 kB
SUnreclaim:        80344 kB
KernelStack:       33392 kB
PageTables:        57360 kB
NFS_Unstable:          0 kB
Bounce:                0 kB
WritebackTmp:          0 kB
CommitLimit:     2684136 kB
Committed_AS:   139383168 kB
VmallocTotal:   251658176 kB
VmallocUsed:      309048 kB
VmallocChunk:   247561408 kB
Time pass: 189 sec

---2015-12-16 15:27:45
MemTotal:        2746844 kB
MemFree:          124208 kB
Buffers:            6056 kB
Cached:           696876 kB
SwapCached:         4808 kB
Active:           738320 kB
Inactive:         751944 kB
Active(anon):     387888 kB
Inactive(anon):   419544 kB
Active(file):     350432 kB
Inactive(file):   332400 kB
Unevictable:       35812 kB
Mlocked:           27768 kB
SwapTotal:       1310716 kB
SwapFree:        1150160 kB
Dirty:               540 kB
Writeback:             0 kB
AnonPages:        820048 kB
Mapped:           455752 kB
Shmem:               992 kB
Slab:             111832 kB
SReclaimable:      31544 kB
SUnreclaim:        80288 kB
KernelStack:       33424 kB
PageTables:        57328 kB
NFS_Unstable:          0 kB
Bounce:                0 kB
WritebackTmp:          0 kB
CommitLimit:     2684136 kB
Committed_AS:   139391732 kB
VmallocTotal:   251658176 kB
VmallocUsed:      314164 kB
VmallocChunk:   247561408 kB
Time pass: 192 sec

---2015-12-16 15:27:45
MemTotal:        2746844 kB
MemFree:          124816 kB
Buffers:            6064 kB
Cached:           696920 kB
SwapCached:         4808 kB
Active:           736584 kB
Inactive:         751892 kB
Active(anon):     386152 kB
Inactive(anon):   419444 kB
Active(file):     350432 kB
Inactive(file):   332448 kB
Unevictable:       35812 kB
Mlocked:           27768 kB
SwapTotal:       1310716 kB
SwapFree:        1150160 kB
Dirty:                40 kB
Writeback:             0 kB
AnonPages:        818264 kB
Mapped:           455628 kB
Shmem:               996 kB
Slab:             111832 kB
SReclaimable:      31544 kB
SUnreclaim:        80288 kB
KernelStack:       33408 kB
PageTables:        57324 kB
NFS_Unstable:          0 kB
Bounce:                0 kB
WritebackTmp:          0 kB
CommitLimit:     2684136 kB
Committed_AS:   139391788 kB
VmallocTotal:   251658176 kB
VmallocUsed:      314164 kB
VmallocChunk:   247561408 kB
Time pass: 196 sec

---2015-12-16 15:27:45
MemTotal:        2746844 kB
MemFree:          124904 kB
Buffers:            6064 kB
Cached:           696920 kB
SwapCached:         4808 kB
Active:           736488 kB
Inactive:         751872 kB
Active(anon):     386056 kB
Inactive(anon):   419424 kB
Active(file):     350432 kB
Inactive(file):   332448 kB
Unevictable:       35812 kB
Mlocked:           27768 kB
SwapTotal:       1310716 kB
SwapFree:        1150160 kB
Dirty:                40 kB
Writeback:             0 kB
AnonPages:        818016 kB
Mapped:           455712 kB
Shmem:               996 kB
Slab:             111832 kB
SReclaimable:      31544 kB
SUnreclaim:        80288 kB
KernelStack:       33408 kB
PageTables:        57352 kB
NFS_Unstable:          0 kB
Bounce:                0 kB
WritebackTmp:          0 kB
CommitLimit:     2684136 kB
Committed_AS:   139395956 kB
VmallocTotal:   251658176 kB
VmallocUsed:      314164 kB
VmallocChunk:   247561408 kB
Time pass: 199 sec

---2015-12-16 15:27:45
MemTotal:        2746844 kB
MemFree:          116676 kB
Buffers:            6072 kB
Cached:           697340 kB
SwapCached:         4808 kB
Active:           745176 kB
Inactive:         752120 kB
Active(anon):     394680 kB
Inactive(anon):   419472 kB
Active(file):     350496 kB
Inactive(file):   332648 kB
Unevictable:       35812 kB
Mlocked:           27768 kB
SwapTotal:       1310716 kB
SwapFree:        1150160 kB
Dirty:                44 kB
Writeback:             0 kB
AnonPages:        826660 kB
Mapped:           459116 kB
Shmem:              1156 kB
Slab:             111804 kB
SReclaimable:      31548 kB
SUnreclaim:        80256 kB
KernelStack:       33904 kB
PageTables:        57488 kB
NFS_Unstable:          0 kB
Bounce:                0 kB
WritebackTmp:          0 kB
CommitLimit:     2684136 kB
Committed_AS:   139407760 kB
VmallocTotal:   251658176 kB
VmallocUsed:      316352 kB
VmallocChunk:   247561408 kB
Time pass: 203 sec

---2015-12-16 15:27:45
MemTotal:        2746844 kB
MemFree:          111572 kB
Buffers:            6124 kB
Cached:           697488 kB
SwapCached:         4808 kB
Active:           748976 kB
Inactive:         752304 kB
Active(anon):     398476 kB
Inactive(anon):   419500 kB
Active(file):     350500 kB
Inactive(file):   332804 kB
Unevictable:       35812 kB
Mlocked:           27768 kB
SwapTotal:       1310716 kB
SwapFree:        1150160 kB
Dirty:                 4 kB
Writeback:             0 kB
AnonPages:        830560 kB
Mapped:           459312 kB
Shmem:              1200 kB
Slab:             111888 kB
SReclaimable:      31548 kB
SUnreclaim:        80340 kB
KernelStack:       33872 kB
PageTables:        57524 kB
NFS_Unstable:          0 kB
Bounce:                0 kB
WritebackTmp:          0 kB
CommitLimit:     2684136 kB
Committed_AS:   139412036 kB
VmallocTotal:   251658176 kB
VmallocUsed:      320448 kB
VmallocChunk:   247561408 kB
Time pass: 207 sec

---2015-12-16 15:27:45
MemTotal:        2746844 kB
MemFree:          107160 kB
Buffers:            6212 kB
Cached:           699956 kB
SwapCached:         4808 kB
Active:           750528 kB
Inactive:         754780 kB
Active(anon):     399984 kB
Inactive(anon):   419528 kB
Active(file):     350544 kB
Inactive(file):   335252 kB
Unevictable:       35812 kB
Mlocked:           27768 kB
SwapTotal:       1310716 kB
SwapFree:        1150160 kB
Dirty:                64 kB
Writeback:             0 kB
AnonPages:        831980 kB
Mapped:           459496 kB
Shmem:              1264 kB
Slab:             111872 kB
SReclaimable:      31548 kB
SUnreclaim:        80324 kB
KernelStack:       33936 kB
PageTables:        57480 kB
NFS_Unstable:          0 kB
Bounce:                0 kB
WritebackTmp:          0 kB
CommitLimit:     2684136 kB
Committed_AS:   139412188 kB
VmallocTotal:   251658176 kB
VmallocUsed:      316408 kB
VmallocChunk:   247561408 kB
Time pass: 211 sec

---2015-12-16 15:27:45
MemTotal:        2746844 kB
MemFree:          104692 kB
Buffers:            6212 kB
Cached:           700856 kB
SwapCached:         4808 kB
Active:           752004 kB
Inactive:         755380 kB
Active(anon):     401460 kB
Inactive(anon):   420124 kB
Active(file):     350544 kB
Inactive(file):   335256 kB
Unevictable:       35812 kB
Mlocked:           27768 kB
SwapTotal:       1310716 kB
SwapFree:        1150160 kB
Dirty:                28 kB
Writeback:             0 kB
AnonPages:        833496 kB
Mapped:           460392 kB
Shmem:              2160 kB
Slab:             111808 kB
SReclaimable:      31548 kB
SUnreclaim:        80260 kB
KernelStack:       33920 kB
PageTables:        57536 kB
NFS_Unstable:          0 kB
Bounce:                0 kB
WritebackTmp:          0 kB
CommitLimit:     2684136 kB
Committed_AS:   139412280 kB
VmallocTotal:   251658176 kB
VmallocUsed:      320504 kB
VmallocChunk:   247561408 kB
Time pass: 214 sec

---2015-12-16 15:27:45
MemTotal:        2746844 kB
MemFree:           95224 kB
Buffers:            6308 kB
Cached:           700076 kB
SwapCached:         4808 kB
Active:           764464 kB
Inactive:         754660 kB
Active(anon):     413640 kB
Inactive(anon):   419532 kB
Active(file):     350824 kB
Inactive(file):   335128 kB
Unevictable:       35812 kB
Mlocked:           27768 kB
SwapTotal:       1310716 kB
SwapFree:        1150164 kB
Dirty:               140 kB
Writeback:             0 kB
AnonPages:        845844 kB
Mapped:           459664 kB
Shmem:              1320 kB
Slab:             111808 kB
SReclaimable:      31548 kB
SUnreclaim:        80260 kB
KernelStack:       34000 kB
PageTables:        57604 kB
NFS_Unstable:          0 kB
Bounce:                0 kB
WritebackTmp:          0 kB
CommitLimit:     2684136 kB
Committed_AS:   139436936 kB
VmallocTotal:   251658176 kB
VmallocUsed:      324508 kB
VmallocChunk:   247561408 kB
Time pass: 218 sec

---2015-12-16 15:27:45
MemTotal:        2746844 kB
MemFree:           76248 kB
Buffers:            6332 kB
Cached:           712176 kB
SwapCached:         4816 kB
Active:           773328 kB
Inactive:         762316 kB
Active(anon):     418076 kB
Inactive(anon):   419540 kB
Active(file):     355252 kB
Inactive(file):   342776 kB
Unevictable:       35812 kB
Mlocked:           27768 kB
SwapTotal:       1310716 kB
SwapFree:        1150164 kB
Dirty:               176 kB
Writeback:             0 kB
AnonPages:        849996 kB
Mapped:           460188 kB
Shmem:              1372 kB
Slab:             111856 kB
SReclaimable:      31548 kB
SUnreclaim:        80308 kB
KernelStack:       34416 kB
PageTables:        57612 kB
NFS_Unstable:          0 kB
Bounce:                0 kB
WritebackTmp:          0 kB
CommitLimit:     2684136 kB
Committed_AS:   139436952 kB
VmallocTotal:   251658176 kB
VmallocUsed:      324868 kB
VmallocChunk:   247561408 kB
Time pass: 221 sec

---2015-12-16 15:27:45
MemTotal:        2746844 kB
MemFree:           73856 kB
Buffers:            6356 kB
Cached:           712260 kB
SwapCached:         4816 kB
Active:           775924 kB
Inactive:         762344 kB
Active(anon):     420672 kB
Inactive(anon):   419480 kB
Active(file):     355252 kB
Inactive(file):   342864 kB
Unevictable:       35812 kB
Mlocked:           27768 kB
SwapTotal:       1310716 kB
SwapFree:        1150164 kB
Dirty:               128 kB
Writeback:             0 kB
AnonPages:        852588 kB
Mapped:           460216 kB
Shmem:              1376 kB
Slab:             111880 kB
SReclaimable:      31548 kB
SUnreclaim:        80332 kB
KernelStack:       33984 kB
PageTables:        57592 kB
NFS_Unstable:          0 kB
Bounce:                0 kB
WritebackTmp:          0 kB
CommitLimit:     2684136 kB
Committed_AS:   139437172 kB
VmallocTotal:   251658176 kB
VmallocUsed:      324892 kB
VmallocChunk:   247561408 kB
Time pass: 225 sec

---2015-12-16 15:27:45
MemTotal:        2746844 kB
MemFree:           73524 kB
Buffers:            6356 kB
Cached:           712264 kB
SwapCached:         4816 kB
Active:           776400 kB
Inactive:         761404 kB
Active(anon):     421148 kB
Inactive(anon):   418524 kB
Active(file):     355252 kB
Inactive(file):   342880 kB
Unevictable:       35812 kB
Mlocked:           27768 kB
SwapTotal:       1310716 kB
SwapFree:        1150164 kB
Dirty:                 0 kB
Writeback:             0 kB
AnonPages:        851800 kB
Mapped:           460220 kB
Shmem:              1380 kB
Slab:             111784 kB
SReclaimable:      31532 kB
SUnreclaim:        80252 kB
KernelStack:       33984 kB
PageTables:        57624 kB
NFS_Unstable:          0 kB
Bounce:                0 kB
WritebackTmp:          0 kB
CommitLimit:     2684136 kB
Committed_AS:   139441532 kB
VmallocTotal:   251658176 kB
VmallocUsed:      324892 kB
VmallocChunk:   247561408 kB
Time pass: 228 sec

---2015-12-16 15:27:45
MemTotal:        2746844 kB
MemFree:           73716 kB
Buffers:            6364 kB
Cached:           712300 kB
SwapCached:         4816 kB
Active:           776840 kB
Inactive:         761396 kB
Active(anon):     421588 kB
Inactive(anon):   418508 kB
Active(file):     355252 kB
Inactive(file):   342888 kB
Unevictable:       35812 kB
Mlocked:           27768 kB
SwapTotal:       1310716 kB
SwapFree:        1150204 kB
Dirty:                52 kB
Writeback:             0 kB
AnonPages:        852228 kB
Mapped:           460256 kB
Shmem:              1416 kB
Slab:             111784 kB
SReclaimable:      31532 kB
SUnreclaim:        80252 kB
KernelStack:       33952 kB
PageTables:        57628 kB
NFS_Unstable:          0 kB
Bounce:                0 kB
WritebackTmp:          0 kB
CommitLimit:     2684136 kB
Committed_AS:   139441436 kB
VmallocTotal:   251658176 kB
VmallocUsed:      324892 kB
VmallocChunk:   247561408 kB
Time pass: 232 sec

---2015-12-16 15:27:45
MemTotal:        2746844 kB
MemFree:           73744 kB
Buffers:            6380 kB
Cached:           712376 kB
SwapCached:         4816 kB
Active:           776480 kB
Inactive:         761512 kB
Active(anon):     421228 kB
Inactive(anon):   418608 kB
Active(file):     355252 kB
Inactive(file):   342904 kB
Unevictable:       35812 kB
Mlocked:           27768 kB
SwapTotal:       1310716 kB
SwapFree:        1150204 kB
Dirty:                68 kB
Writeback:             0 kB
AnonPages:        851932 kB
Mapped:           460332 kB
Shmem:              1492 kB
Slab:             111856 kB
SReclaimable:      31532 kB
SUnreclaim:        80324 kB
KernelStack:       33952 kB
PageTables:        57628 kB
NFS_Unstable:          0 kB
Bounce:                0 kB
WritebackTmp:          0 kB
CommitLimit:     2684136 kB
Committed_AS:   139441468 kB
VmallocTotal:   251658176 kB
VmallocUsed:      324892 kB
VmallocChunk:   247561408 kB
Time pass: 235 sec

---2015-12-16 15:27:45
MemTotal:        2746844 kB
MemFree:           75512 kB
Buffers:            6388 kB
Cached:           712408 kB
SwapCached:         4816 kB
Active:           777080 kB
Inactive:         761524 kB
Active(anon):     421828 kB
Inactive(anon):   418588 kB
Active(file):     355252 kB
Inactive(file):   342936 kB
Unevictable:       35812 kB
Mlocked:           27768 kB
SwapTotal:       1310716 kB
SwapFree:        1150204 kB
Dirty:                36 kB
Writeback:             0 kB
AnonPages:        852628 kB
Mapped:           460440 kB
Shmem:              1492 kB
Slab:             111856 kB
SReclaimable:      31532 kB
SUnreclaim:        80324 kB
KernelStack:       33936 kB
PageTables:        57660 kB
NFS_Unstable:          0 kB
Bounce:                0 kB
WritebackTmp:          0 kB
CommitLimit:     2684136 kB
Committed_AS:   139441436 kB
VmallocTotal:   251658176 kB
VmallocUsed:      324892 kB
VmallocChunk:   247561408 kB
Time pass: 239 sec

---2015-12-16 15:27:45
MemTotal:        2746844 kB
MemFree:           73692 kB
Buffers:            6404 kB
Cached:           712488 kB
SwapCached:         4816 kB
Active:           786440 kB
Inactive:         755880 kB
Active(anon):     425548 kB
Inactive(anon):   418548 kB
Active(file):     360892 kB
Inactive(file):   337332 kB
Unevictable:       35812 kB
Mlocked:           27768 kB
SwapTotal:       1310716 kB
SwapFree:        1150204 kB
Dirty:               124 kB
Writeback:             0 kB
AnonPages:        856428 kB
Mapped:           460312 kB
Shmem:              1560 kB
Slab:             111784 kB
SReclaimable:      31532 kB
SUnreclaim:        80252 kB
KernelStack:       33936 kB
PageTables:        57600 kB
NFS_Unstable:          0 kB
Bounce:                0 kB
WritebackTmp:          0 kB
CommitLimit:     2684136 kB
Committed_AS:   139441372 kB
VmallocTotal:   251658176 kB
VmallocUsed:      324892 kB
VmallocChunk:   247561408 kB
Time pass: 242 sec

---2015-12-16 15:27:45
MemTotal:        2746844 kB
MemFree:           72708 kB
Buffers:            6412 kB
Cached:           712476 kB
SwapCached:         4816 kB
Active:           786380 kB
Inactive:         755872 kB
Active(anon):     425436 kB
Inactive(anon):   418604 kB
Active(file):     360944 kB
Inactive(file):   337268 kB
Unevictable:       35812 kB
Mlocked:           27768 kB
SwapTotal:       1310716 kB
SwapFree:        1150204 kB
Dirty:                52 kB
Writeback:             0 kB
AnonPages:        856124 kB
Mapped:           460424 kB
Shmem:              1560 kB
Slab:             111788 kB
SReclaimable:      31536 kB
SUnreclaim:        80252 kB
KernelStack:       33936 kB
PageTables:        57640 kB
NFS_Unstable:          0 kB
Bounce:                0 kB
WritebackTmp:          0 kB
CommitLimit:     2684136 kB
Committed_AS:   139441428 kB
VmallocTotal:   251658176 kB
VmallocUsed:      324892 kB
VmallocChunk:   247561408 kB
Time pass: 246 sec

---2015-12-16 15:27:45
MemTotal:        2746844 kB
MemFree:           72240 kB
Buffers:            6428 kB
Cached:           712476 kB
SwapCached:         4816 kB
Active:           787180 kB
Inactive:         755508 kB
Active(anon):     426236 kB
Inactive(anon):   418216 kB
Active(file):     360944 kB
Inactive(file):   337292 kB
Unevictable:       35812 kB
Mlocked:           27768 kB
SwapTotal:       1310716 kB
SwapFree:        1150204 kB
Dirty:                60 kB
Writeback:             0 kB
AnonPages:        856504 kB
Mapped:           460424 kB
Shmem:              1560 kB
Slab:             111788 kB
SReclaimable:      31536 kB
SUnreclaim:        80252 kB
KernelStack:       33936 kB
PageTables:        57636 kB
NFS_Unstable:          0 kB
Bounce:                0 kB
WritebackTmp:          0 kB
CommitLimit:     2684136 kB
Committed_AS:   139441468 kB
VmallocTotal:   251658176 kB
VmallocUsed:      324892 kB
VmallocChunk:   247561408 kB
Time pass: 249 sec

---2015-12-16 15:27:45
MemTotal:        2746844 kB
MemFree:           72328 kB
Buffers:            6428 kB
Cached:           712476 kB
SwapCached:         4816 kB
Active:           787548 kB
Inactive:         755508 kB
Active(anon):     426604 kB
Inactive(anon):   418216 kB
Active(file):     360944 kB
Inactive(file):   337292 kB
Unevictable:       35812 kB
Mlocked:           27768 kB
SwapTotal:       1310716 kB
SwapFree:        1150204 kB
Dirty:                 0 kB
Writeback:             0 kB
AnonPages:        856700 kB
Mapped:           460424 kB
Shmem:              1560 kB
Slab:             111812 kB
SReclaimable:      31536 kB
SUnreclaim:        80276 kB
KernelStack:       33920 kB
PageTables:        57640 kB
NFS_Unstable:          0 kB
Bounce:                0 kB
WritebackTmp:          0 kB
CommitLimit:     2684136 kB
Committed_AS:   139441460 kB
VmallocTotal:   251658176 kB
VmallocUsed:      324892 kB
VmallocChunk:   247561408 kB
Time pass: 253 sec

---2015-12-16 15:27:45
MemTotal:        2746844 kB
MemFree:           74776 kB
Buffers:            6452 kB
Cached:           712136 kB
SwapCached:         4816 kB
Active:           783548 kB
Inactive:         755172 kB
Active(anon):     422600 kB
Inactive(anon):   417856 kB
Active(file):     360948 kB
Inactive(file):   337316 kB
Unevictable:       35812 kB
Mlocked:           27768 kB
SwapTotal:       1310716 kB
SwapFree:        1150204 kB
Dirty:                56 kB
Writeback:             0 kB
AnonPages:        853112 kB
Mapped:           460080 kB
Shmem:              1216 kB
Slab:             111820 kB
SReclaimable:      31536 kB
SUnreclaim:        80284 kB
KernelStack:       33952 kB
PageTables:        57632 kB
NFS_Unstable:          0 kB
Bounce:                0 kB
WritebackTmp:          0 kB
CommitLimit:     2684136 kB
Committed_AS:   139441616 kB
VmallocTotal:   251658176 kB
VmallocUsed:      330504 kB
VmallocChunk:   247561408 kB
Time pass: 256 sec

---2015-12-16 15:27:45
MemTotal:        2746844 kB
MemFree:           73484 kB
Buffers:            6484 kB
Cached:           712244 kB
SwapCached:         4816 kB
Active:           785636 kB
Inactive:         755320 kB
Active(anon):     424688 kB
Inactive(anon):   417972 kB
Active(file):     360948 kB
Inactive(file):   337348 kB
Unevictable:       35812 kB
Mlocked:           27768 kB
SwapTotal:       1310716 kB
SwapFree:        1150204 kB
Dirty:                 4 kB
Writeback:             0 kB
AnonPages:        855308 kB
Mapped:           460188 kB
Shmem:              1324 kB
Slab:             111820 kB
SReclaimable:      31536 kB
SUnreclaim:        80284 kB
KernelStack:       33920 kB
PageTables:        57720 kB
NFS_Unstable:          0 kB
Bounce:                0 kB
WritebackTmp:          0 kB
CommitLimit:     2684136 kB
Committed_AS:   139445720 kB
VmallocTotal:   251658176 kB
VmallocUsed:      330660 kB
VmallocChunk:   247561408 kB
Time pass: 260 sec

---2015-12-16 15:27:45
MemTotal:        2746844 kB
MemFree:           71496 kB
Buffers:            6492 kB
Cached:           712348 kB
SwapCached:         4816 kB
Active:           786356 kB
Inactive:         755420 kB
Active(anon):     425408 kB
Inactive(anon):   418072 kB
Active(file):     360948 kB
Inactive(file):   337348 kB
Unevictable:       35812 kB
Mlocked:           27768 kB
SwapTotal:       1310716 kB
SwapFree:        1150204 kB
Dirty:                 4 kB
Writeback:             0 kB
AnonPages:        855864 kB
Mapped:           460300 kB
Shmem:              1436 kB
Slab:             111860 kB
SReclaimable:      31536 kB
SUnreclaim:        80324 kB
KernelStack:       33920 kB
PageTables:        57740 kB
NFS_Unstable:          0 kB
Bounce:                0 kB
WritebackTmp:          0 kB
CommitLimit:     2684136 kB
Committed_AS:   139445932 kB
VmallocTotal:   251658176 kB
VmallocUsed:      330684 kB
VmallocChunk:   247561408 kB
Time pass: 264 sec

---2015-12-16 15:27:45
MemTotal:        2746844 kB
MemFree:           71288 kB
Buffers:            6492 kB
Cached:           712988 kB
SwapCached:         4816 kB
Active:           786548 kB
Inactive:         756064 kB
Active(anon):     425600 kB
Inactive(anon):   418704 kB
Active(file):     360948 kB
Inactive(file):   337360 kB
Unevictable:       35812 kB
Mlocked:           27768 kB
SwapTotal:       1310716 kB
SwapFree:        1150204 kB
Dirty:                48 kB
Writeback:             0 kB
AnonPages:        855988 kB
Mapped:           461012 kB
Shmem:              2064 kB
Slab:             111860 kB
SReclaimable:      31536 kB
SUnreclaim:        80324 kB
KernelStack:       33920 kB
PageTables:        57768 kB
NFS_Unstable:          0 kB
Bounce:                0 kB
WritebackTmp:          0 kB
CommitLimit:     2684136 kB
Committed_AS:   139445924 kB
VmallocTotal:   251658176 kB
VmallocUsed:      330684 kB
VmallocChunk:   247561408 kB
Time pass: 268 sec

---2015-12-16 15:27:45
MemTotal:        2746844 kB
MemFree:           69780 kB
Buffers:            6532 kB
Cached:           712212 kB
SwapCached:         4816 kB
Active:           789756 kB
Inactive:         755316 kB
Active(anon):     428800 kB
Inactive(anon):   417932 kB
Active(file):     360956 kB
Inactive(file):   337384 kB
Unevictable:       35812 kB
Mlocked:           27768 kB
SwapTotal:       1310716 kB
SwapFree:        1150436 kB
Dirty:                52 kB
Writeback:             0 kB
AnonPages:        859508 kB
Mapped:           460144 kB
Shmem:              1296 kB
Slab:             111828 kB
SReclaimable:      31536 kB
SUnreclaim:        80292 kB
KernelStack:       33888 kB
PageTables:        57628 kB
NFS_Unstable:          0 kB
Bounce:                0 kB
WritebackTmp:          0 kB
CommitLimit:     2684136 kB
Committed_AS:   139437444 kB
VmallocTotal:   251658176 kB
VmallocUsed:      330356 kB
VmallocChunk:   247561408 kB
Time pass: 271 sec

---2015-12-16 15:27:45
MemTotal:        2746844 kB
MemFree:           71332 kB
Buffers:            6540 kB
Cached:           709852 kB
SwapCached:         4816 kB
Active:           780892 kB
Inactive:         763252 kB
Active(anon):     421748 kB
Inactive(anon):   426484 kB
Active(file):     359144 kB
Inactive(file):   336768 kB
Unevictable:       35812 kB
Mlocked:           27768 kB
SwapTotal:       1310716 kB
SwapFree:        1148088 kB
Dirty:                36 kB
Writeback:            24 kB
AnonPages:        860684 kB
Mapped:           458880 kB
Shmem:              1372 kB
Slab:             111768 kB
SReclaimable:      31520 kB
SUnreclaim:        80248 kB
KernelStack:       33920 kB
PageTables:        57600 kB
NFS_Unstable:          0 kB
Bounce:                0 kB
WritebackTmp:          0 kB
CommitLimit:     2684136 kB
Committed_AS:   139441624 kB
VmallocTotal:   251658176 kB
VmallocUsed:      330356 kB
VmallocChunk:   247561408 kB
Time pass: 275 sec

---2015-12-16 15:27:45
MemTotal:        2746844 kB
MemFree:           70384 kB
Buffers:            6636 kB
Cached:           708364 kB
SwapCached:         4816 kB
Active:           780648 kB
Inactive:         762428 kB
Active(anon):     421684 kB
Inactive(anon):   426636 kB
Active(file):     358964 kB
Inactive(file):   335792 kB
Unevictable:       35812 kB
Mlocked:           27768 kB
SwapTotal:       1310716 kB
SwapFree:        1146512 kB
Dirty:               180 kB
Writeback:             0 kB
AnonPages:        860744 kB
Mapped:           457704 kB
Shmem:              1376 kB
Slab:             111784 kB
SReclaimable:      31524 kB
SUnreclaim:        80260 kB
KernelStack:       33920 kB
PageTables:        57636 kB
NFS_Unstable:          0 kB
Bounce:                0 kB
WritebackTmp:          0 kB
CommitLimit:     2684136 kB
Committed_AS:   139441852 kB
VmallocTotal:   251658176 kB
VmallocUsed:      330380 kB
VmallocChunk:   247561408 kB
Time pass: 278 sec

---2015-12-16 15:27:45
MemTotal:        2746844 kB
MemFree:           70920 kB
Buffers:            6636 kB
Cached:           708468 kB
SwapCached:         4816 kB
Active:           780640 kB
Inactive:         762364 kB
Active(anon):     421864 kB
Inactive(anon):   426524 kB
Active(file):     358776 kB
Inactive(file):   335840 kB
Unevictable:       35812 kB
Mlocked:           27768 kB
SwapTotal:       1310716 kB
SwapFree:        1146512 kB
Dirty:                 0 kB
Writeback:             0 kB
AnonPages:        860648 kB
Mapped:           457800 kB
Shmem:              1380 kB
Slab:             111792 kB
SReclaimable:      31524 kB
SUnreclaim:        80268 kB
KernelStack:       33920 kB
PageTables:        57636 kB
NFS_Unstable:          0 kB
Bounce:                0 kB
WritebackTmp:          0 kB
CommitLimit:     2684136 kB
Committed_AS:   139441884 kB
VmallocTotal:   251658176 kB
VmallocUsed:      330380 kB
VmallocChunk:   247561408 kB
Time pass: 282 sec

---2015-12-16 15:27:45
MemTotal:        2746844 kB
MemFree:           68912 kB
Buffers:            6660 kB
Cached:           708488 kB
SwapCached:         4816 kB
Active:           783772 kB
Inactive:         762396 kB
Active(anon):     424996 kB
Inactive(anon):   426548 kB
Active(file):     358776 kB
Inactive(file):   335848 kB
Unevictable:       35812 kB
Mlocked:           27768 kB
SwapTotal:       1310716 kB
SwapFree:        1146532 kB
Dirty:                64 kB
Writeback:             0 kB
AnonPages:        863676 kB
Mapped:           457836 kB
Shmem:              1416 kB
Slab:             111792 kB
SReclaimable:      31524 kB
SUnreclaim:        80268 kB
KernelStack:       33904 kB
PageTables:        57636 kB
NFS_Unstable:          0 kB
Bounce:                0 kB
WritebackTmp:          0 kB
CommitLimit:     2684136 kB
Committed_AS:   139441836 kB
VmallocTotal:   251658176 kB
VmallocUsed:      330380 kB
VmallocChunk:   247561408 kB
Time pass: 285 sec

---2015-12-16 15:27:45
MemTotal:        2746844 kB
MemFree:           77168 kB
Buffers:            6652 kB
Cached:           706388 kB
SwapCached:         4816 kB
Active:           778572 kB
Inactive:         762636 kB
Active(anon):     421740 kB
Inactive(anon):   427084 kB
Active(file):     356832 kB
Inactive(file):   335552 kB
Unevictable:       35812 kB
Mlocked:           27768 kB
SwapTotal:       1310716 kB
SwapFree:        1144224 kB
Dirty:                88 kB
Writeback:             0 kB
AnonPages:        860328 kB
Mapped:           456080 kB
Shmem:              1548 kB
Slab:             111828 kB
SReclaimable:      31524 kB
SUnreclaim:        80304 kB
KernelStack:       33904 kB
PageTables:        57640 kB
NFS_Unstable:          0 kB
Bounce:                0 kB
WritebackTmp:          0 kB
CommitLimit:     2684136 kB
Committed_AS:   139445988 kB
VmallocTotal:   251658176 kB
VmallocUsed:      330380 kB
VmallocChunk:   247561408 kB
Time pass: 289 sec

---2015-12-16 15:27:45
MemTotal:        2746844 kB
MemFree:           83024 kB
Buffers:            6668 kB
Cached:           706440 kB
SwapCached:         4816 kB
Active:           773024 kB
Inactive:         762720 kB
Active(anon):     416196 kB
Inactive(anon):   427140 kB
Active(file):     356828 kB
Inactive(file):   335580 kB
Unevictable:       35812 kB
Mlocked:           27768 kB
SwapTotal:       1310716 kB
SwapFree:        1144224 kB
Dirty:                92 kB
Writeback:             0 kB
AnonPages:        855668 kB
Mapped:           456044 kB
Shmem:              1592 kB
Slab:             111844 kB
SReclaimable:      31524 kB
SUnreclaim:        80320 kB
KernelStack:       34128 kB
PageTables:        57580 kB
NFS_Unstable:          0 kB
Bounce:                0 kB
WritebackTmp:          0 kB
CommitLimit:     2684136 kB
Committed_AS:   139447524 kB
VmallocTotal:   251658176 kB
VmallocUsed:      331400 kB
VmallocChunk:   247561408 kB
Time pass: 293 sec

---2015-12-16 15:27:45
MemTotal:        2746844 kB
MemFree:           79616 kB
Buffers:            6736 kB
Cached:           707104 kB
SwapCached:         4816 kB
Active:           774768 kB
Inactive:         763304 kB
Active(anon):     417884 kB
Inactive(anon):   427072 kB
Active(file):     356884 kB
Inactive(file):   336232 kB
Unevictable:       35812 kB
Mlocked:           27768 kB
SwapTotal:       1310716 kB
SwapFree:        1144224 kB
Dirty:                 0 kB
Writeback:             0 kB
AnonPages:        856876 kB
Mapped:           456212 kB
Shmem:              1596 kB
Slab:             111844 kB
SReclaimable:      31524 kB
SUnreclaim:        80320 kB
KernelStack:       33904 kB
PageTables:        57660 kB
NFS_Unstable:          0 kB
Bounce:                0 kB
WritebackTmp:          0 kB
CommitLimit:     2684136 kB
Committed_AS:   139446336 kB
VmallocTotal:   251658176 kB
VmallocUsed:      330380 kB
VmallocChunk:   247561408 kB
Time pass: 296 sec

---2015-12-16 15:27:45
MemTotal:        2746844 kB
MemFree:           76684 kB
Buffers:            6744 kB
Cached:           709444 kB
SwapCached:         4816 kB
Active:           774680 kB
Inactive:         765672 kB
Active(anon):     417792 kB
Inactive(anon):   427076 kB
Active(file):     356888 kB
Inactive(file):   338596 kB
Unevictable:       35812 kB
Mlocked:           27768 kB
SwapTotal:       1310716 kB
SwapFree:        1144232 kB
Dirty:               100 kB
Writeback:             0 kB
AnonPages:        856960 kB
Mapped:           456388 kB
Shmem:              1596 kB
Slab:             111828 kB
SReclaimable:      31524 kB
SUnreclaim:        80304 kB
KernelStack:       33952 kB
PageTables:        57720 kB
NFS_Unstable:          0 kB
Bounce:                0 kB
WritebackTmp:          0 kB
CommitLimit:     2684136 kB
Committed_AS:   139446428 kB
VmallocTotal:   251658176 kB
VmallocUsed:      330380 kB
VmallocChunk:   247561408 kB
Time pass: 300 sec

---2015-12-16 15:27:45
MemTotal:        2746844 kB
MemFree:           77068 kB
Buffers:            6760 kB
Cached:           709528 kB
SwapCached:         4816 kB
Active:           775004 kB
Inactive:         765744 kB
Active(anon):     418112 kB
Inactive(anon):   427076 kB
Active(file):     356892 kB
Inactive(file):   338668 kB
Unevictable:       35812 kB
Mlocked:           27768 kB
SwapTotal:       1310716 kB
SwapFree:        1144232 kB
Dirty:               112 kB
Writeback:             0 kB
AnonPages:        857304 kB
Mapped:           456304 kB
Shmem:              1596 kB
Slab:             111860 kB
SReclaimable:      31524 kB
SUnreclaim:        80336 kB
KernelStack:       33920 kB
PageTables:        57656 kB
NFS_Unstable:          0 kB
Bounce:                0 kB
WritebackTmp:          0 kB
CommitLimit:     2684136 kB
Committed_AS:   139446412 kB
VmallocTotal:   251658176 kB
VmallocUsed:      330380 kB
VmallocChunk:   247561408 kB
Time pass: 303 sec

---2015-12-16 15:27:45
MemTotal:        2746844 kB
MemFree:           76628 kB
Buffers:            6760 kB
Cached:           709528 kB
SwapCached:         4816 kB
Active:           775260 kB
Inactive:         765744 kB
Active(anon):     418368 kB
Inactive(anon):   427076 kB
Active(file):     356892 kB
Inactive(file):   338668 kB
Unevictable:       35812 kB
Mlocked:           27768 kB
SwapTotal:       1310716 kB
SwapFree:        1144232 kB
Dirty:                 0 kB
Writeback:             0 kB
AnonPages:        857668 kB
Mapped:           456304 kB
Shmem:              1596 kB
Slab:             111828 kB
SReclaimable:      31524 kB
SUnreclaim:        80304 kB
KernelStack:       33920 kB
PageTables:        57656 kB
NFS_Unstable:          0 kB
Bounce:                0 kB
WritebackTmp:          0 kB
CommitLimit:     2684136 kB
Committed_AS:   139446396 kB
VmallocTotal:   251658176 kB
VmallocUsed:      330380 kB
VmallocChunk:   247561408 kB
Time pass: 307 sec

---2015-12-16 15:27:45
MemTotal:        2746844 kB
MemFree:           76116 kB
Buffers:            6784 kB
Cached:           709528 kB
SwapCached:         4816 kB
Active:           775712 kB
Inactive:         765768 kB
Active(anon):     418820 kB
Inactive(anon):   427076 kB
Active(file):     356892 kB
Inactive(file):   338692 kB
Unevictable:       35812 kB
Mlocked:           27768 kB
SwapTotal:       1310716 kB
SwapFree:        1144232 kB
Dirty:                44 kB
Writeback:             0 kB
AnonPages:        858344 kB
Mapped:           456304 kB
Shmem:              1596 kB
Slab:             111828 kB
SReclaimable:      31524 kB
SUnreclaim:        80304 kB
KernelStack:       33920 kB
PageTables:        57656 kB
NFS_Unstable:          0 kB
Bounce:                0 kB
WritebackTmp:          0 kB
CommitLimit:     2684136 kB
Committed_AS:   139446396 kB
VmallocTotal:   251658176 kB
VmallocUsed:      330380 kB
VmallocChunk:   247561408 kB
Time pass: 310 sec

---2015-12-16 15:27:45
MemTotal:        2746844 kB
MemFree:           74492 kB
Buffers:            6784 kB
Cached:           709596 kB
SwapCached:         4816 kB
Active:           777624 kB
Inactive:         765812 kB
Active(anon):     420736 kB
Inactive(anon):   427088 kB
Active(file):     356888 kB
Inactive(file):   338724 kB
Unevictable:       35812 kB
Mlocked:           27768 kB
SwapTotal:       1310716 kB
SwapFree:        1144232 kB
Dirty:                36 kB
Writeback:             0 kB
AnonPages:        859968 kB
Mapped:           456312 kB
Shmem:              1664 kB
Slab:             111860 kB
SReclaimable:      31556 kB
SUnreclaim:        80304 kB
KernelStack:       33888 kB
PageTables:        57636 kB
NFS_Unstable:          0 kB
Bounce:                0 kB
WritebackTmp:          0 kB
CommitLimit:     2684136 kB
Committed_AS:   139446136 kB
VmallocTotal:   251658176 kB
VmallocUsed:      330380 kB
VmallocChunk:   247561408 kB
Time pass: 314 sec

---2015-12-16 15:27:45
MemTotal:        2746844 kB
MemFree:           73548 kB
Buffers:            6808 kB
Cached:           709580 kB
SwapCached:         4816 kB
Active:           777692 kB
Inactive:         765808 kB
Active(anon):     420800 kB
Inactive(anon):   427084 kB
Active(file):     356892 kB
Inactive(file):   338724 kB
Unevictable:       35812 kB
Mlocked:           27768 kB
SwapTotal:       1310716 kB
SwapFree:        1144232 kB
Dirty:               116 kB
Writeback:             0 kB
AnonPages:        859664 kB
Mapped:           456372 kB
Shmem:              1664 kB
Slab:             111908 kB
SReclaimable:      31556 kB
SUnreclaim:        80352 kB
KernelStack:       33920 kB
PageTables:        57664 kB
NFS_Unstable:          0 kB
Bounce:                0 kB
WritebackTmp:          0 kB
CommitLimit:     2684136 kB
Committed_AS:   139446344 kB
VmallocTotal:   251658176 kB
VmallocUsed:      330380 kB
VmallocChunk:   247561408 kB
Time pass: 317 sec

---2015-12-16 15:27:45
MemTotal:        2746844 kB
MemFree:           73316 kB
Buffers:            6808 kB
Cached:           709660 kB
SwapCached:         4816 kB
Active:           778400 kB
Inactive:         765876 kB
Active(anon):     421508 kB
Inactive(anon):   427136 kB
Active(file):     356892 kB
Inactive(file):   338740 kB
Unevictable:       35812 kB
Mlocked:           27768 kB
SwapTotal:       1310716 kB
SwapFree:        1144232 kB
Dirty:                64 kB
Writeback:             0 kB
AnonPages:        860752 kB
Mapped:           456436 kB
Shmem:              1728 kB
Slab:             111876 kB
SReclaimable:      31556 kB
SUnreclaim:        80320 kB
KernelStack:       33904 kB
PageTables:        57664 kB
NFS_Unstable:          0 kB
Bounce:                0 kB
WritebackTmp:          0 kB
CommitLimit:     2684136 kB
Committed_AS:   139450356 kB
VmallocTotal:   251658176 kB
VmallocUsed:      330380 kB
VmallocChunk:   247561408 kB
Time pass: 321 sec

---2015-12-16 15:27:45
MemTotal:        2746844 kB
MemFree:           72640 kB
Buffers:            6824 kB
Cached:           709664 kB
SwapCached:         4816 kB
Active:           778644 kB
Inactive:         765896 kB
Active(anon):     421752 kB
Inactive(anon):   427140 kB
Active(file):     356892 kB
Inactive(file):   338756 kB
Unevictable:       35812 kB
Mlocked:           27768 kB
SwapTotal:       1310716 kB
SwapFree:        1144232 kB
Dirty:                 0 kB
Writeback:             0 kB
AnonPages:        861012 kB
Mapped:           456444 kB
Shmem:              1732 kB
Slab:             111876 kB
SReclaimable:      31556 kB
SUnreclaim:        80320 kB
KernelStack:       33904 kB
PageTables:        57668 kB
NFS_Unstable:          0 kB
Bounce:                0 kB
WritebackTmp:          0 kB
CommitLimit:     2684136 kB
Committed_AS:   139450400 kB
VmallocTotal:   251658176 kB
VmallocUsed:      330380 kB
VmallocChunk:   247561408 kB
Time pass: 324 sec

---2015-12-16 15:27:45
MemTotal:        2746844 kB
MemFree:           73164 kB
Buffers:            6832 kB
Cached:           709664 kB
SwapCached:         4816 kB
Active:           779004 kB
Inactive:         765904 kB
Active(anon):     422112 kB
Inactive(anon):   427140 kB
Active(file):     356892 kB
Inactive(file):   338764 kB
Unevictable:       35812 kB
Mlocked:           27768 kB
SwapTotal:       1310716 kB
SwapFree:        1144232 kB
Dirty:                32 kB
Writeback:             0 kB
AnonPages:        861176 kB
Mapped:           456528 kB
Shmem:              1732 kB
Slab:             111868 kB
SReclaimable:      31556 kB
SUnreclaim:        80312 kB
KernelStack:       33904 kB
PageTables:        57708 kB
NFS_Unstable:          0 kB
Bounce:                0 kB
WritebackTmp:          0 kB
CommitLimit:     2684136 kB
Committed_AS:   139450384 kB
VmallocTotal:   251658176 kB
VmallocUsed:      330380 kB
VmallocChunk:   247561408 kB
Time pass: 328 sec

---2015-12-16 15:27:45
MemTotal:        2746844 kB
MemFree:           71876 kB
Buffers:            6840 kB
Cached:           708512 kB
SwapCached:         4816 kB
Active:           778868 kB
Inactive:         767408 kB
Active(anon):     423044 kB
Inactive(anon):   428744 kB
Active(file):     355824 kB
Inactive(file):   338664 kB
Unevictable:       35812 kB
Mlocked:           27768 kB
SwapTotal:       1310716 kB
SwapFree:        1143116 kB
Dirty:                60 kB
Writeback:             0 kB
AnonPages:        864124 kB
Mapped:           455528 kB
Shmem:              1756 kB
Slab:             111872 kB
SReclaimable:      31556 kB
SUnreclaim:        80316 kB
KernelStack:       34224 kB
PageTables:        57752 kB
NFS_Unstable:          0 kB
Bounce:                0 kB
WritebackTmp:          0 kB
CommitLimit:     2684136 kB
Committed_AS:   139450392 kB
VmallocTotal:   251658176 kB
VmallocUsed:      330380 kB
VmallocChunk:   247561408 kB
Time pass: 331 sec

---2015-12-16 15:27:45
MemTotal:        2746844 kB
MemFree:           70992 kB
Buffers:            6848 kB
Cached:           708580 kB
SwapCached:         4816 kB
Active:           778892 kB
Inactive:         767380 kB
Active(anon):     423076 kB
Inactive(anon):   428708 kB
Active(file):     355816 kB
Inactive(file):   338672 kB
Unevictable:       35812 kB
Mlocked:           27768 kB
SwapTotal:       1310716 kB
SwapFree:        1143116 kB
Dirty:                36 kB
Writeback:             0 kB
AnonPages:        863364 kB
Mapped:           455540 kB
Shmem:              1824 kB
Slab:             111872 kB
SReclaimable:      31556 kB
SUnreclaim:        80316 kB
KernelStack:       33920 kB
PageTables:        57688 kB
NFS_Unstable:          0 kB
Bounce:                0 kB
WritebackTmp:          0 kB
CommitLimit:     2684136 kB
Committed_AS:   139450440 kB
VmallocTotal:   251658176 kB
VmallocUsed:      330380 kB
VmallocChunk:   247561408 kB
Time pass: 335 sec

---2015-12-16 15:27:45
MemTotal:        2746844 kB
MemFree:           70544 kB
Buffers:            6904 kB
Cached:           708580 kB
SwapCached:         4816 kB
Active:           779248 kB
Inactive:         767424 kB
Active(anon):     423432 kB
Inactive(anon):   428688 kB
Active(file):     355816 kB
Inactive(file):   338736 kB
Unevictable:       35812 kB
Mlocked:           27768 kB
SwapTotal:       1310716 kB
SwapFree:        1143116 kB
Dirty:                88 kB
Writeback:             0 kB
AnonPages:        864224 kB
Mapped:           455540 kB
Shmem:              1824 kB
Slab:             111872 kB
SReclaimable:      31556 kB
SUnreclaim:        80316 kB
KernelStack:       33984 kB
PageTables:        57692 kB
NFS_Unstable:          0 kB
Bounce:                0 kB
WritebackTmp:          0 kB
CommitLimit:     2684136 kB
Committed_AS:   139450424 kB
VmallocTotal:   251658176 kB
VmallocUsed:      330380 kB
VmallocChunk:   247561408 kB
Time pass: 338 sec

---2015-12-16 15:27:45
MemTotal:        2746844 kB
MemFree:           70428 kB
Buffers:            6904 kB
Cached:           708580 kB
SwapCached:         4816 kB
Active:           779084 kB
Inactive:         767424 kB
Active(anon):     423268 kB
Inactive(anon):   428688 kB
Active(file):     355816 kB
Inactive(file):   338736 kB
Unevictable:       35812 kB
Mlocked:           27768 kB
SwapTotal:       1310716 kB
SwapFree:        1143116 kB
Dirty:                88 kB
Writeback:             0 kB
AnonPages:        864028 kB
Mapped:           455540 kB
Shmem:              1824 kB
Slab:             111928 kB
SReclaimable:      31556 kB
SUnreclaim:        80372 kB
KernelStack:       33968 kB
PageTables:        57688 kB
NFS_Unstable:          0 kB
Bounce:                0 kB
WritebackTmp:          0 kB
CommitLimit:     2684136 kB
Committed_AS:   139450488 kB
VmallocTotal:   251658176 kB
VmallocUsed:      330380 kB
VmallocChunk:   247561408 kB
Time pass: 342 sec

---2015-12-16 15:27:45
MemTotal:        2746844 kB
MemFree:           70740 kB
Buffers:            6928 kB
Cached:           708580 kB
SwapCached:         4816 kB
Active:           779844 kB
Inactive:         767448 kB
Active(anon):     424028 kB
Inactive(anon):   428688 kB
Active(file):     355816 kB
Inactive(file):   338760 kB
Unevictable:       35812 kB
Mlocked:           27768 kB
SwapTotal:       1310716 kB
SwapFree:        1143116 kB
Dirty:                64 kB
Writeback:            24 kB
AnonPages:        864868 kB
Mapped:           455540 kB
Shmem:              1824 kB
Slab:             111920 kB
SReclaimable:      31556 kB
SUnreclaim:        80364 kB
KernelStack:       33936 kB
PageTables:        57688 kB
NFS_Unstable:          0 kB
Bounce:                0 kB
WritebackTmp:          0 kB
CommitLimit:     2684136 kB
Committed_AS:   139450544 kB
VmallocTotal:   251658176 kB
VmallocUsed:      330380 kB
VmallocChunk:   247561408 kB
Time pass: 346 sec

---2015-12-16 15:27:45
MemTotal:        2746844 kB
MemFree:           65740 kB
Buffers:            6928 kB
Cached:           708728 kB
SwapCached:         4816 kB
Active:           780628 kB
Inactive:         768640 kB
Active(anon):     424928 kB
Inactive(anon):   429712 kB
Active(file):     355700 kB
Inactive(file):   338928 kB
Unevictable:       35812 kB
Mlocked:           27768 kB
SwapTotal:       1310716 kB
SwapFree:        1142972 kB
Dirty:                 0 kB
Writeback:             0 kB
AnonPages:        867400 kB
Mapped:           458076 kB
Shmem:              1824 kB
Slab:             111904 kB
SReclaimable:      31556 kB
SUnreclaim:        80348 kB
KernelStack:       33968 kB
PageTables:        57980 kB
NFS_Unstable:          0 kB
Bounce:                0 kB
WritebackTmp:          0 kB
CommitLimit:     2684136 kB
Committed_AS:   140690444 kB
VmallocTotal:   251658176 kB
VmallocUsed:      331400 kB
VmallocChunk:   247561408 kB
Time pass: 349 sec

---2015-12-16 15:27:45
MemTotal:        2746844 kB
MemFree:           73352 kB
Buffers:            6916 kB
Cached:           706496 kB
SwapCached:         4864 kB
Active:           775960 kB
Inactive:         768160 kB
Active(anon):     422772 kB
Inactive(anon):   428828 kB
Active(file):     353188 kB
Inactive(file):   339332 kB
Unevictable:       35812 kB
Mlocked:           27768 kB
SwapTotal:       1310716 kB
SwapFree:        1140700 kB
Dirty:                80 kB
Writeback:             0 kB
AnonPages:        864216 kB
Mapped:           453736 kB
Shmem:              1792 kB
Slab:             111936 kB
SReclaimable:      31556 kB
SUnreclaim:        80380 kB
KernelStack:       33696 kB
PageTables:        57708 kB
NFS_Unstable:          0 kB
Bounce:                0 kB
WritebackTmp:          0 kB
CommitLimit:     2684136 kB
Committed_AS:   139450468 kB
VmallocTotal:   251658176 kB
VmallocUsed:      330380 kB
VmallocChunk:   247561408 kB
Time pass: 353 sec

---2015-12-16 15:27:45
MemTotal:        2746844 kB
MemFree:           75940 kB
Buffers:            6936 kB
Cached:           706596 kB
SwapCached:         4864 kB
Active:           772804 kB
Inactive:         768284 kB
Active(anon):     419624 kB
Inactive(anon):   428832 kB
Active(file):     353180 kB
Inactive(file):   339452 kB
Unevictable:       35812 kB
Mlocked:           27768 kB
SwapTotal:       1310716 kB
SwapFree:        1140700 kB
Dirty:                 0 kB
Writeback:             0 kB
AnonPages:        860320 kB
Mapped:           453632 kB
Shmem:              1792 kB
Slab:             111912 kB
SReclaimable:      31556 kB
SUnreclaim:        80356 kB
KernelStack:       33712 kB
