---2015-12-05 14:07:44
MemTotal:        2905316 kB
MemFree:           98664 kB
Buffers:           26244 kB
Cached:          1407252 kB
SwapCached:            0 kB
Active:          1293096 kB
Inactive:        1019516 kB
Active(anon):     782344 kB
Inactive(anon):   139280 kB
Active(file):     510752 kB
Inactive(file):   880236 kB
Unevictable:        7800 kB
Mlocked:               0 kB
SwapTotal:        720184 kB
SwapFree:         720184 kB
Dirty:                16 kB
Writeback:             0 kB
AnonPages:        887296 kB
Mapped:           487560 kB
Shmem:             34708 kB
Slab:             119324 kB
SReclaimable:      35908 kB
SUnreclaim:        83416 kB
KernelStack:       31216 kB
PageTables:        56580 kB
NFS_Unstable:          0 kB
Bounce:                0 kB
WritebackTmp:          0 kB
CommitLimit:     2172840 kB
Committed_AS:   95079696 kB
VmallocTotal:   251658176 kB
VmallocUsed:      137576 kB
VmallocChunk:   251424388 kB
Time pass: 3 sec

---2015-12-05 14:07:44
MemTotal:        2905316 kB
MemFree:           92496 kB
Buffers:           26280 kB
Cached:          1407356 kB
SwapCached:            0 kB
Active:          1298424 kB
Inactive:        1019628 kB
Active(anon):     787644 kB
Inactive(anon):   139280 kB
Active(file):     510780 kB
Inactive(file):   880348 kB
Unevictable:        7800 kB
Mlocked:               0 kB
SwapTotal:        720184 kB
SwapFree:         720184 kB
Dirty:                12 kB
Writeback:            52 kB
AnonPages:        892304 kB
Mapped:           502752 kB
Shmem:             34708 kB
Slab:             119240 kB
SReclaimable:      35924 kB
SUnreclaim:        83316 kB
KernelStack:       31312 kB
PageTables:        57004 kB
NFS_Unstable:          0 kB
Bounce:                0 kB
WritebackTmp:          0 kB
CommitLimit:     2172840 kB
Committed_AS:   95082080 kB
VmallocTotal:   251658176 kB
VmallocUsed:      137576 kB
VmallocChunk:   251424388 kB
Time pass: 7 sec

---2015-12-05 14:07:44
MemTotal:        2905316 kB
MemFree:           99592 kB
Buffers:           26288 kB
Cached:          1407544 kB
SwapCached:            0 kB
Active:          1292684 kB
Inactive:        1019796 kB
Active(anon):     781888 kB
Inactive(anon):   139280 kB
Active(file):     510796 kB
Inactive(file):   880516 kB
Unevictable:        7800 kB
Mlocked:               0 kB
SwapTotal:        720184 kB
SwapFree:         720184 kB
Dirty:                96 kB
Writeback:             0 kB
AnonPages:        886512 kB
Mapped:           502376 kB
Shmem:             34708 kB
Slab:             119116 kB
SReclaimable:      35924 kB
SUnreclaim:        83192 kB
KernelStack:       31152 kB
PageTables:        56484 kB
NFS_Unstable:          0 kB
Bounce:                0 kB
WritebackTmp:          0 kB
CommitLimit:     2172840 kB
Committed_AS:   94354080 kB
VmallocTotal:   251658176 kB
VmallocUsed:      136556 kB
VmallocChunk:   251424388 kB
Time pass: 11 sec

---2015-12-05 14:07:44
MemTotal:        2905316 kB
MemFree:          101592 kB
Buffers:           26296 kB
Cached:          1408888 kB
SwapCached:            0 kB
Active:          1289676 kB
Inactive:        1021144 kB
Active(anon):     778868 kB
Inactive(anon):   139280 kB
Active(file):     510808 kB
Inactive(file):   881864 kB
Unevictable:        7800 kB
Mlocked:               0 kB
SwapTotal:        720184 kB
SwapFree:         720184 kB
Dirty:                28 kB
Writeback:             0 kB
AnonPages:        883304 kB
Mapped:           502212 kB
Shmem:             34708 kB
Slab:             119080 kB
SReclaimable:      35924 kB
SUnreclaim:        83156 kB
KernelStack:       30896 kB
PageTables:        55952 kB
NFS_Unstable:          0 kB
Bounce:                0 kB
WritebackTmp:          0 kB
CommitLimit:     2172840 kB
Committed_AS:   93104256 kB
VmallocTotal:   251658176 kB
VmallocUsed:      135536 kB
VmallocChunk:   251424388 kB
Time pass: 15 sec

---2015-12-05 14:07:44
MemTotal:        2905316 kB
MemFree:          106740 kB
Buffers:           26272 kB
Cached:          1381064 kB
SwapCached:            0 kB
Active:          1298636 kB
Inactive:         987176 kB
Active(anon):     780492 kB
Inactive(anon):   141132 kB
Active(file):     518144 kB
Inactive(file):   846044 kB
Unevictable:        7800 kB
Mlocked:               0 kB
SwapTotal:        720184 kB
SwapFree:         720184 kB
Dirty:                12 kB
Writeback:             0 kB
AnonPages:        887216 kB
Mapped:           504220 kB
Shmem:             34768 kB
Slab:             119188 kB
SReclaimable:      35924 kB
SUnreclaim:        83264 kB
KernelStack:       30768 kB
PageTables:        55760 kB
NFS_Unstable:          0 kB
Bounce:                0 kB
WritebackTmp:          0 kB
CommitLimit:     2172840 kB
Committed_AS:   93176232 kB
VmallocTotal:   251658176 kB
VmallocUsed:      135400 kB
VmallocChunk:   251424388 kB
Time pass: 18 sec

---2015-12-05 14:07:44
MemTotal:        2905316 kB
MemFree:           71404 kB
Buffers:           25904 kB
Cached:          1272156 kB
SwapCached:            0 kB
Active:          1314304 kB
Inactive:         893064 kB
Active(anon):     784272 kB
Inactive(anon):   167764 kB
Active(file):     530032 kB
Inactive(file):   725300 kB
Unevictable:        7800 kB
Mlocked:               0 kB
SwapTotal:        720184 kB
SwapFree:         720184 kB
Dirty:               176 kB
Writeback:           220 kB
AnonPages:        917096 kB
Mapped:           585972 kB
Shmem:             34900 kB
Slab:             119644 kB
SReclaimable:      36208 kB
SUnreclaim:        83436 kB
KernelStack:       31920 kB
PageTables:        56660 kB
NFS_Unstable:          0 kB
Bounce:                0 kB
WritebackTmp:          0 kB
CommitLimit:     2172840 kB
Committed_AS:   93230900 kB
VmallocTotal:   251658176 kB
VmallocUsed:      137156 kB
VmallocChunk:   251424388 kB
Time pass: 22 sec

---2015-12-05 14:07:44
MemTotal:        2905316 kB
MemFree:           80120 kB
Buffers:           25888 kB
Cached:          1252584 kB
SwapCached:            0 kB
Active:          1302624 kB
Inactive:         875800 kB
Active(anon):     771820 kB
Inactive(anon):   170836 kB
Active(file):     530804 kB
Inactive(file):   704964 kB
Unevictable:        7800 kB
Mlocked:               0 kB
SwapTotal:        720184 kB
SwapFree:         720184 kB
Dirty:               264 kB
Writeback:             0 kB
AnonPages:        907844 kB
Mapped:           583320 kB
Shmem:             34904 kB
Slab:             119564 kB
SReclaimable:      36248 kB
SUnreclaim:        83316 kB
KernelStack:       31920 kB
PageTables:        56496 kB
NFS_Unstable:          0 kB
Bounce:                0 kB
WritebackTmp:          0 kB
CommitLimit:     2172840 kB
Committed_AS:   93225612 kB
VmallocTotal:   251658176 kB
VmallocUsed:      137352 kB
VmallocChunk:   251424388 kB
Time pass: 26 sec

---2015-12-05 14:07:44
MemTotal:        2905316 kB
MemFree:           86852 kB
Buffers:           25912 kB
Cached:          1252580 kB
SwapCached:            0 kB
Active:          1297472 kB
Inactive:         875816 kB
Active(anon):     766664 kB
Inactive(anon):   170836 kB
Active(file):     530808 kB
Inactive(file):   704980 kB
Unevictable:        7800 kB
Mlocked:               0 kB
SwapTotal:        720184 kB
SwapFree:         720184 kB
Dirty:               160 kB
Writeback:             0 kB
AnonPages:        902724 kB
Mapped:           582712 kB
Shmem:             34904 kB
Slab:             119448 kB
SReclaimable:      36168 kB
SUnreclaim:        83280 kB
KernelStack:       31776 kB
PageTables:        55864 kB
NFS_Unstable:          0 kB
Bounce:                0 kB
WritebackTmp:          0 kB
CommitLimit:     2172840 kB
Committed_AS:   91976548 kB
VmallocTotal:   251658176 kB
VmallocUsed:      136332 kB
VmallocChunk:   251424388 kB
Time pass: 30 sec

---2015-12-05 14:07:44
MemTotal:        2905316 kB
MemFree:           86292 kB
Buffers:           25920 kB
Cached:          1252684 kB
SwapCached:            0 kB
Active:          1298448 kB
Inactive:         875816 kB
Active(anon):     767628 kB
Inactive(anon):   170460 kB
Active(file):     530820 kB
Inactive(file):   705356 kB
Unevictable:        7800 kB
Mlocked:               0 kB
SwapTotal:        720184 kB
SwapFree:         720184 kB
Dirty:                 8 kB
Writeback:             0 kB
AnonPages:        903624 kB
Mapped:           582488 kB
Shmem:             34548 kB
Slab:             119384 kB
SReclaimable:      36088 kB
SUnreclaim:        83296 kB
KernelStack:       31792 kB
PageTables:        55864 kB
NFS_Unstable:          0 kB
Bounce:                0 kB
WritebackTmp:          0 kB
CommitLimit:     2172840 kB
Committed_AS:   91974712 kB
VmallocTotal:   251658176 kB
VmallocUsed:      136332 kB
VmallocChunk:   251424388 kB
Time pass: 33 sec

---2015-12-05 14:07:44
MemTotal:        2905316 kB
MemFree:          100660 kB
Buffers:           25928 kB
Cached:          1252692 kB
SwapCached:            0 kB
Active:          1283580 kB
Inactive:         875892 kB
Active(anon):     752744 kB
Inactive(anon):   170460 kB
Active(file):     530836 kB
Inactive(file):   705432 kB
Unevictable:        7800 kB
Mlocked:               0 kB
SwapTotal:        720184 kB
SwapFree:         720184 kB
Dirty:                56 kB
Writeback:             0 kB
AnonPages:        888468 kB
Mapped:           582568 kB
Shmem:             34548 kB
Slab:             119360 kB
SReclaimable:      36088 kB
SUnreclaim:        83272 kB
KernelStack:       31792 kB
PageTables:        55864 kB
NFS_Unstable:          0 kB
Bounce:                0 kB
WritebackTmp:          0 kB
CommitLimit:     2172840 kB
Committed_AS:   91974528 kB
VmallocTotal:   251658176 kB
VmallocUsed:      136332 kB
VmallocChunk:   251424388 kB
Time pass: 37 sec

---2015-12-05 14:07:44
MemTotal:        2905316 kB
MemFree:           89224 kB
Buffers:           27472 kB
Cached:          1255116 kB
SwapCached:            0 kB
Active:          1288004 kB
Inactive:         879792 kB
Active(anon):     757164 kB
Inactive(anon):   170460 kB
Active(file):     530840 kB
Inactive(file):   709332 kB
Unevictable:        7800 kB
Mlocked:               0 kB
SwapTotal:        720184 kB
SwapFree:         720184 kB
Dirty:                60 kB
Writeback:             0 kB
AnonPages:        893192 kB
Mapped:           584328 kB
Shmem:             34548 kB
Slab:             119360 kB
SReclaimable:      36088 kB
SUnreclaim:        83272 kB
KernelStack:       31792 kB
PageTables:        55864 kB
NFS_Unstable:          0 kB
Bounce:                0 kB
WritebackTmp:          0 kB
CommitLimit:     2172840 kB
Committed_AS:   91976392 kB
VmallocTotal:   251658176 kB
VmallocUsed:      136356 kB
VmallocChunk:   251424388 kB
Time pass: 41 sec

---2015-12-05 14:07:44
MemTotal:        2905316 kB
MemFree:           71964 kB
Buffers:           24540 kB
Cached:          1217064 kB
SwapCached:            0 kB
Active:          1297840 kB
Inactive:         840836 kB
Active(anon):     765516 kB
Inactive(anon):   173920 kB
Active(file):     532324 kB
Inactive(file):   666916 kB
Unevictable:        7800 kB
Mlocked:               0 kB
SwapTotal:        720184 kB
SwapFree:         720184 kB
Dirty:               316 kB
Writeback:             0 kB
AnonPages:        904988 kB
Mapped:           593988 kB
Shmem:             34552 kB
Slab:             119324 kB
SReclaimable:      36096 kB
SUnreclaim:        83228 kB
KernelStack:       31824 kB
PageTables:        56256 kB
NFS_Unstable:          0 kB
Bounce:                0 kB
WritebackTmp:          0 kB
CommitLimit:     2172840 kB
Committed_AS:   92003488 kB
VmallocTotal:   251658176 kB
VmallocUsed:      136588 kB
VmallocChunk:   251424388 kB
Time pass: 45 sec

---2015-12-05 14:07:44
MemTotal:        2905316 kB
MemFree:           70896 kB
Buffers:           24540 kB
Cached:          1207312 kB
SwapCached:            0 kB
Active:          1301128 kB
Inactive:         832576 kB
Active(anon):     768620 kB
Inactive(anon):   175644 kB
Active(file):     532508 kB
Inactive(file):   656932 kB
Unevictable:        7800 kB
Mlocked:               0 kB
SwapTotal:        720184 kB
SwapFree:         720184 kB
Dirty:                96 kB
Writeback:             0 kB
AnonPages:        909948 kB
Mapped:           599700 kB
Shmem:             34612 kB
Slab:             119440 kB
SReclaimable:      36080 kB
SUnreclaim:        83360 kB
KernelStack:       31808 kB
PageTables:        56348 kB
NFS_Unstable:          0 kB
Bounce:                0 kB
WritebackTmp:          0 kB
CommitLimit:     2172840 kB
Committed_AS:   92041996 kB
VmallocTotal:   251658176 kB
VmallocUsed:      136636 kB
VmallocChunk:   251424388 kB
Time pass: 49 sec

---2015-12-05 14:07:44
MemTotal:        2905316 kB
MemFree:           52428 kB
Buffers:           25940 kB
Cached:          1183348 kB
SwapCached:            0 kB
Active:          1326820 kB
Inactive:         811052 kB
Active(anon):     790264 kB
Inactive(anon):   180900 kB
Active(file):     536556 kB
Inactive(file):   630152 kB
Unevictable:        7800 kB
Mlocked:               0 kB
SwapTotal:        720184 kB
SwapFree:         720184 kB
Dirty:               140 kB
Writeback:             0 kB
AnonPages:        936792 kB
Mapped:           624940 kB
Shmem:             34748 kB
Slab:             119168 kB
SReclaimable:      35776 kB
SUnreclaim:        83392 kB
KernelStack:       31952 kB
PageTables:        56268 kB
NFS_Unstable:          0 kB
Bounce:                0 kB
WritebackTmp:          0 kB
CommitLimit:     2172840 kB
Committed_AS:   92061044 kB
VmallocTotal:   251658176 kB
VmallocUsed:      136756 kB
VmallocChunk:   251424388 kB
Time pass: 53 sec

---2015-12-05 14:07:44
MemTotal:        2905316 kB
MemFree:           82296 kB
Buffers:           25756 kB
Cached:          1149400 kB
SwapCached:            0 kB
Active:          1318664 kB
Inactive:         772200 kB
Active(anon):     772580 kB
Inactive(anon):   185764 kB
Active(file):     546084 kB
Inactive(file):   586436 kB
Unevictable:        7800 kB
Mlocked:               0 kB
SwapTotal:        720184 kB
SwapFree:         720184 kB
Dirty:               940 kB
Writeback:             0 kB
AnonPages:        924052 kB
Mapped:           647980 kB
Shmem:             34748 kB
Slab:             119380 kB
SReclaimable:      35936 kB
SUnreclaim:        83444 kB
KernelStack:       32064 kB
PageTables:        56372 kB
NFS_Unstable:          0 kB
Bounce:                0 kB
WritebackTmp:          0 kB
CommitLimit:     2172840 kB
Committed_AS:   92050884 kB
VmallocTotal:   251658176 kB
VmallocUsed:      136948 kB
VmallocChunk:   251424388 kB
Time pass: 56 sec

---2015-12-05 14:07:44
MemTotal:        2905316 kB
MemFree:           81776 kB
Buffers:           25764 kB
Cached:          1149452 kB
SwapCached:            0 kB
Active:          1319328 kB
Inactive:         772336 kB
Active(anon):     773236 kB
Inactive(anon):   185764 kB
Active(file):     546092 kB
Inactive(file):   586572 kB
Unevictable:        7800 kB
Mlocked:               0 kB
SwapTotal:        720184 kB
SwapFree:         720184 kB
Dirty:               108 kB
Writeback:             0 kB
AnonPages:        924356 kB
Mapped:           647992 kB
Shmem:             34748 kB
Slab:             119424 kB
SReclaimable:      35936 kB
SUnreclaim:        83488 kB
KernelStack:       32016 kB
PageTables:        56368 kB
NFS_Unstable:          0 kB
Bounce:                0 kB
WritebackTmp:          0 kB
CommitLimit:     2172840 kB
Committed_AS:   92050908 kB
VmallocTotal:   251658176 kB
VmallocUsed:      136948 kB
VmallocChunk:   251424388 kB
Time pass: 60 sec

---2015-12-05 14:07:44
MemTotal:        2905316 kB
MemFree:           70904 kB
Buffers:           24080 kB
Cached:          1143220 kB
SwapCached:            0 kB
Active:          1320008 kB
Inactive:         765464 kB
Active(anon):     773492 kB
Inactive(anon):   187300 kB
Active(file):     546516 kB
Inactive(file):   578164 kB
Unevictable:        7800 kB
Mlocked:               0 kB
SwapTotal:        720184 kB
SwapFree:         720184 kB
Dirty:               148 kB
Writeback:             0 kB
AnonPages:        926264 kB
Mapped:           657592 kB
Shmem:             34748 kB
Slab:             119292 kB
SReclaimable:      35968 kB
SUnreclaim:        83324 kB
KernelStack:       32000 kB
PageTables:        56400 kB
NFS_Unstable:          0 kB
Bounce:                0 kB
WritebackTmp:          0 kB
CommitLimit:     2172840 kB
Committed_AS:   92051768 kB
VmallocTotal:   251658176 kB
VmallocUsed:      137068 kB
VmallocChunk:   251424388 kB
Time pass: 64 sec

---2015-12-05 14:07:44
MemTotal:        2905316 kB
MemFree:           70388 kB
Buffers:           24080 kB
Cached:          1143492 kB
SwapCached:            0 kB
Active:          1320728 kB
Inactive:         765776 kB
Active(anon):     774208 kB
Inactive(anon):   187300 kB
Active(file):     546520 kB
Inactive(file):   578476 kB
Unevictable:        7800 kB
Mlocked:               0 kB
SwapTotal:        720184 kB
SwapFree:         720184 kB
Dirty:                12 kB
Writeback:             0 kB
AnonPages:        926792 kB
Mapped:           657652 kB
Shmem:             34748 kB
Slab:             119236 kB
SReclaimable:      35888 kB
SUnreclaim:        83348 kB
KernelStack:       32000 kB
PageTables:        56404 kB
NFS_Unstable:          0 kB
Bounce:                0 kB
WritebackTmp:          0 kB
CommitLimit:     2172840 kB
Committed_AS:   92051744 kB
VmallocTotal:   251658176 kB
VmallocUsed:      137068 kB
VmallocChunk:   251424388 kB
Time pass: 68 sec

---2015-12-05 14:07:44
MemTotal:        2905316 kB
MemFree:           68988 kB
Buffers:           23936 kB
Cached:          1118348 kB
SwapCached:            0 kB
Active:          1324848 kB
Inactive:         742784 kB
Active(anon):     777464 kB
Inactive(anon):   190500 kB
Active(file):     547384 kB
Inactive(file):   552284 kB
Unevictable:        7800 kB
Mlocked:               0 kB
SwapTotal:        720184 kB
SwapFree:         720184 kB
Dirty:               588 kB
Writeback:             0 kB
AnonPages:        933492 kB
Mapped:           669600 kB
Shmem:             34748 kB
Slab:             119416 kB
SReclaimable:      35888 kB
SUnreclaim:        83528 kB
KernelStack:       32000 kB
PageTables:        56376 kB
NFS_Unstable:          0 kB
Bounce:                0 kB
WritebackTmp:          0 kB
CommitLimit:     2172840 kB
Committed_AS:   92055616 kB
VmallocTotal:   251658176 kB
VmallocUsed:      137244 kB
VmallocChunk:   251424388 kB
Time pass: 72 sec

---2015-12-05 14:07:44
MemTotal:        2905316 kB
MemFree:           69948 kB
Buffers:           23944 kB
Cached:          1118192 kB
SwapCached:            0 kB
Active:          1323868 kB
Inactive:         742776 kB
Active(anon):     776428 kB
Inactive(anon):   190496 kB
Active(file):     547440 kB
Inactive(file):   552280 kB
Unevictable:        7800 kB
Mlocked:               0 kB
SwapTotal:        720184 kB
SwapFree:         720184 kB
Dirty:                92 kB
Writeback:             0 kB
AnonPages:        932284 kB
Mapped:           670440 kB
Shmem:             34616 kB
Slab:             119392 kB
SReclaimable:      35920 kB
SUnreclaim:        83472 kB
KernelStack:       31968 kB
PageTables:        56304 kB
NFS_Unstable:          0 kB
Bounce:                0 kB
WritebackTmp:          0 kB
CommitLimit:     2172840 kB
Committed_AS:   92051640 kB
VmallocTotal:   251658176 kB
VmallocUsed:      137256 kB
VmallocChunk:   251424388 kB
Time pass: 76 sec

---2015-12-05 14:07:44
MemTotal:        2905316 kB
MemFree:           65572 kB
Buffers:           23700 kB
Cached:          1103008 kB
SwapCached:            0 kB
Active:          1332088 kB
Inactive:         735700 kB
Active(anon):     792624 kB
Inactive(anon):   196076 kB
Active(file):     539464 kB
Inactive(file):   539624 kB
Unevictable:       12736 kB
Mlocked:               0 kB
SwapTotal:        720184 kB
SwapFree:         720156 kB
Dirty:               448 kB
Writeback:             0 kB
AnonPages:        954320 kB
Mapped:           674956 kB
Shmem:             34728 kB
Slab:             119860 kB
SReclaimable:      36176 kB
SUnreclaim:        83684 kB
KernelStack:       32368 kB
PageTables:        56576 kB
NFS_Unstable:          0 kB
Bounce:                0 kB
WritebackTmp:          0 kB
CommitLimit:     2172840 kB
Committed_AS:   92133104 kB
VmallocTotal:   251658176 kB
VmallocUsed:      139704 kB
VmallocChunk:   251424388 kB
Time pass: 80 sec

---2015-12-05 14:07:44
MemTotal:        2905316 kB
MemFree:           63924 kB
Buffers:           23428 kB
Cached:          1069152 kB
SwapCached:            0 kB
Active:          1317140 kB
Inactive:         721256 kB
Active(anon):     794780 kB
Inactive(anon):   198736 kB
Active(file):     522360 kB
Inactive(file):   522520 kB
Unevictable:       12768 kB
Mlocked:               0 kB
SwapTotal:        720184 kB
SwapFree:         720156 kB
Dirty:                 8 kB
Writeback:             0 kB
AnonPages:        958492 kB
Mapped:           668268 kB
Shmem:             34904 kB
Slab:             119636 kB
SReclaimable:      36016 kB
SUnreclaim:        83620 kB
KernelStack:       32352 kB
PageTables:        56708 kB
NFS_Unstable:          0 kB
Bounce:                0 kB
WritebackTmp:          0 kB
CommitLimit:     2172840 kB
Committed_AS:   92136228 kB
VmallocTotal:   251658176 kB
VmallocUsed:      139704 kB
VmallocChunk:   251424388 kB
Time pass: 84 sec

---2015-12-05 14:07:44
MemTotal:        2905316 kB
MemFree:           68060 kB
Buffers:           23412 kB
Cached:          1063508 kB
SwapCached:            0 kB
Active:          1315060 kB
Inactive:         718708 kB
Active(anon):     795568 kB
Inactive(anon):   199028 kB
Active(file):     519492 kB
Inactive(file):   519680 kB
Unevictable:       12768 kB
Mlocked:               0 kB
SwapTotal:        720184 kB
SwapFree:         720156 kB
Dirty:               144 kB
Writeback:             0 kB
AnonPages:        959740 kB
Mapped:           668448 kB
Shmem:             34980 kB
Slab:             119612 kB
SReclaimable:      35840 kB
SUnreclaim:        83772 kB
KernelStack:       32352 kB
PageTables:        56852 kB
NFS_Unstable:          0 kB
Bounce:                0 kB
WritebackTmp:          0 kB
CommitLimit:     2172840 kB
Committed_AS:   92136780 kB
VmallocTotal:   251658176 kB
VmallocUsed:      139704 kB
VmallocChunk:   251424388 kB
Time pass: 88 sec

---2015-12-05 14:07:44
MemTotal:        2905316 kB
MemFree:           67348 kB
Buffers:           23436 kB
Cached:          1063788 kB
SwapCached:            0 kB
Active:          1315704 kB
Inactive:         718960 kB
Active(anon):     796172 kB
Inactive(anon):   199244 kB
Active(file):     519532 kB
Inactive(file):   519716 kB
Unevictable:       12768 kB
Mlocked:               0 kB
SwapTotal:        720184 kB
SwapFree:         720156 kB
Dirty:               164 kB
Writeback:             0 kB
AnonPages:        960496 kB
Mapped:           668688 kB
Shmem:             35204 kB
Slab:             119488 kB
SReclaimable:      35840 kB
SUnreclaim:        83648 kB
KernelStack:       32352 kB
PageTables:        56860 kB
NFS_Unstable:          0 kB
Bounce:                0 kB
WritebackTmp:          0 kB
CommitLimit:     2172840 kB
Committed_AS:   92137268 kB
VmallocTotal:   251658176 kB
VmallocUsed:      139704 kB
VmallocChunk:   251424388 kB
Time pass: 91 sec

---2015-12-05 14:07:44
MemTotal:        2905316 kB
MemFree:           67172 kB
Buffers:           23444 kB
Cached:          1063816 kB
SwapCached:            0 kB
Active:          1316128 kB
Inactive:         718976 kB
Active(anon):     796576 kB
Inactive(anon):   199256 kB
Active(file):     519552 kB
Inactive(file):   519720 kB
Unevictable:       12768 kB
Mlocked:               0 kB
SwapTotal:        720184 kB
SwapFree:         720156 kB
Dirty:                64 kB
Writeback:             0 kB
AnonPages:        960656 kB
Mapped:           668700 kB
Shmem:             35216 kB
Slab:             119640 kB
SReclaimable:      35840 kB
SUnreclaim:        83800 kB
KernelStack:       32352 kB
PageTables:        56856 kB
NFS_Unstable:          0 kB
Bounce:                0 kB
WritebackTmp:          0 kB
CommitLimit:     2172840 kB
Committed_AS:   92137292 kB
VmallocTotal:   251658176 kB
VmallocUsed:      139704 kB
VmallocChunk:   251424388 kB
Time pass: 95 sec

---2015-12-05 14:07:44
MemTotal:        2905316 kB
MemFree:           66100 kB
Buffers:           23460 kB
Cached:          1063884 kB
SwapCached:            0 kB
Active:          1316800 kB
Inactive:         719044 kB
Active(anon):     797228 kB
Inactive(anon):   199256 kB
Active(file):     519572 kB
Inactive(file):   519788 kB
Unevictable:       12768 kB
Mlocked:               0 kB
SwapTotal:        720184 kB
SwapFree:         720156 kB
Dirty:                52 kB
Writeback:             0 kB
AnonPages:        961500 kB
Mapped:           668648 kB
Shmem:             35216 kB
Slab:             119556 kB
SReclaimable:      35920 kB
SUnreclaim:        83636 kB
KernelStack:       32352 kB
PageTables:        56832 kB
NFS_Unstable:          0 kB
Bounce:                0 kB
WritebackTmp:          0 kB
CommitLimit:     2172840 kB
Committed_AS:   92137268 kB
VmallocTotal:   251658176 kB
VmallocUsed:      139704 kB
VmallocChunk:   251424388 kB
Time pass: 99 sec

---2015-12-05 14:07:44
MemTotal:        2905316 kB
MemFree:           93096 kB
Buffers:           23468 kB
Cached:          1058008 kB
SwapCached:            0 kB
Active:          1304984 kB
Inactive:         716980 kB
Active(anon):     788364 kB
Inactive(anon):   199540 kB
Active(file):     516620 kB
Inactive(file):   517440 kB
Unevictable:       12768 kB
Mlocked:               0 kB
SwapTotal:        720184 kB
SwapFree:         720156 kB
Dirty:                48 kB
Writeback:             0 kB
AnonPages:        953760 kB
Mapped:           665688 kB
Shmem:             34648 kB
Slab:             119612 kB
SReclaimable:      35920 kB
SUnreclaim:        83692 kB
KernelStack:       32000 kB
PageTables:        56572 kB
NFS_Unstable:          0 kB
Bounce:                0 kB
WritebackTmp:          0 kB
CommitLimit:     2172840 kB
Committed_AS:   95553092 kB
VmallocTotal:   251658176 kB
VmallocUsed:      139588 kB
VmallocChunk:   251424388 kB
Time pass: 103 sec

---2015-12-05 14:07:44
MemTotal:        2905316 kB
MemFree:          268560 kB
Buffers:           25260 kB
Cached:          1062816 kB
SwapCached:            0 kB
Active:          1299724 kB
Inactive:         719256 kB
Active(anon):     778796 kB
Inactive(anon):   200072 kB
Active(file):     520928 kB
Inactive(file):   519184 kB
Unevictable:       12768 kB
Mlocked:               0 kB
SwapTotal:        720184 kB
SwapFree:         720156 kB
Dirty:              2208 kB
Writeback:             8 kB
AnonPages:        943908 kB
Mapped:           544324 kB
Shmem:             35196 kB
Slab:             119472 kB
SReclaimable:      35888 kB
SUnreclaim:        83584 kB
KernelStack:       33904 kB
PageTables:        56152 kB
NFS_Unstable:          0 kB
Bounce:                0 kB
WritebackTmp:          0 kB
CommitLimit:     2172840 kB
Committed_AS:   93138104 kB
VmallocTotal:   251658176 kB
VmallocUsed:      138312 kB
VmallocChunk:   251424388 kB
Time pass: 107 sec

---2015-12-05 14:07:44
MemTotal:        2905316 kB
MemFree:          202092 kB
Buffers:           25280 kB
Cached:          1064012 kB
SwapCached:            0 kB
Active:          1297240 kB
Inactive:         720152 kB
Active(anon):     776008 kB
Inactive(anon):   200096 kB
Active(file):     521232 kB
Inactive(file):   520056 kB
Unevictable:       12768 kB
Mlocked:               0 kB
SwapTotal:        720184 kB
SwapFree:         720156 kB
Dirty:              2236 kB
Writeback:             0 kB
AnonPages:        941052 kB
Mapped:           607872 kB
Shmem:             35224 kB
Slab:             119648 kB
SReclaimable:      35904 kB
SUnreclaim:        83744 kB
KernelStack:       34144 kB
PageTables:        56724 kB
NFS_Unstable:          0 kB
Bounce:                0 kB
WritebackTmp:          0 kB
CommitLimit:     2172840 kB
Committed_AS:   93180604 kB
VmallocTotal:   251658176 kB
VmallocUsed:      138900 kB
VmallocChunk:   251424388 kB
Time pass: 111 sec

---2015-12-05 14:07:44
MemTotal:        2905316 kB
MemFree:          120636 kB
Buffers:           25280 kB
Cached:          1066056 kB
SwapCached:            0 kB
Active:          1303028 kB
Inactive:         721108 kB
Active(anon):     780700 kB
Inactive(anon):   200096 kB
Active(file):     522328 kB
Inactive(file):   521012 kB
Unevictable:       12768 kB
Mlocked:               0 kB
SwapTotal:        720184 kB
SwapFree:         720156 kB
Dirty:               856 kB
Writeback:             0 kB
AnonPages:        945464 kB
Mapped:           664304 kB
Shmem:             35224 kB
Slab:             119660 kB
SReclaimable:      35920 kB
SUnreclaim:        83740 kB
KernelStack:       34192 kB
PageTables:        56880 kB
NFS_Unstable:          0 kB
Bounce:                0 kB
WritebackTmp:          0 kB
CommitLimit:     2172840 kB
Committed_AS:   93183084 kB
VmallocTotal:   251658176 kB
VmallocUsed:      139444 kB
VmallocChunk:   251424388 kB
Time pass: 115 sec

---2015-12-05 14:07:44
MemTotal:        2905316 kB
MemFree:          100776 kB
Buffers:           25288 kB
Cached:          1066332 kB
SwapCached:            0 kB
Active:          1306568 kB
Inactive:         721172 kB
Active(anon):     784032 kB
Inactive(anon):   200096 kB
Active(file):     522536 kB
Inactive(file):   521076 kB
Unevictable:       12768 kB
Mlocked:               0 kB
SwapTotal:        720184 kB
SwapFree:         720156 kB
Dirty:               156 kB
Writeback:             0 kB
AnonPages:        949456 kB
Mapped:           674232 kB
Shmem:             35224 kB
Slab:             119596 kB
SReclaimable:      35924 kB
SUnreclaim:        83672 kB
KernelStack:       34160 kB
PageTables:        56904 kB
NFS_Unstable:          0 kB
Bounce:                0 kB
WritebackTmp:          0 kB
CommitLimit:     2172840 kB
Committed_AS:   93184156 kB
VmallocTotal:   251658176 kB
VmallocUsed:      137164 kB
VmallocChunk:   251424388 kB
Time pass: 119 sec

---2015-12-05 14:07:44
MemTotal:        2905316 kB
MemFree:           93424 kB
Buffers:           25332 kB
Cached:          1070520 kB
SwapCached:            0 kB
Active:          1310484 kB
Inactive:         725332 kB
Active(anon):     787896 kB
Inactive(anon):   200096 kB
Active(file):     522588 kB
Inactive(file):   525236 kB
Unevictable:       12768 kB
Mlocked:               0 kB
SwapTotal:        720184 kB
SwapFree:         720156 kB
Dirty:               332 kB
Writeback:             0 kB
AnonPages:        952692 kB
Mapped:           675344 kB
Shmem:             35224 kB
Slab:             119744 kB
SReclaimable:      35940 kB
SUnreclaim:        83804 kB
KernelStack:       34336 kB
PageTables:        56936 kB
NFS_Unstable:          0 kB
Bounce:                0 kB
WritebackTmp:          0 kB
CommitLimit:     2172840 kB
Committed_AS:   93187156 kB
VmallocTotal:   251658176 kB
VmallocUsed:      137164 kB
VmallocChunk:   251424388 kB
Time pass: 122 sec

---2015-12-05 14:07:44
MemTotal:        2905316 kB
MemFree:           70376 kB
Buffers:           25328 kB
Cached:          1063508 kB
SwapCached:            0 kB
Active:          1314480 kB
Inactive:         720560 kB
Active(anon):     794008 kB
Inactive(anon):   200196 kB
Active(file):     520472 kB
Inactive(file):   520364 kB
Unevictable:       12768 kB
Mlocked:               0 kB
SwapTotal:        720184 kB
SwapFree:         720156 kB
Dirty:               668 kB
Writeback:             0 kB
AnonPages:        959108 kB
Mapped:           688504 kB
Shmem:             35224 kB
Slab:             119788 kB
SReclaimable:      36004 kB
SUnreclaim:        83784 kB
KernelStack:       34416 kB
PageTables:        56924 kB
NFS_Unstable:          0 kB
Bounce:                0 kB
WritebackTmp:          0 kB
CommitLimit:     2172840 kB
Committed_AS:   93190624 kB
VmallocTotal:   251658176 kB
VmallocUsed:      137344 kB
VmallocChunk:   251424388 kB
Time pass: 126 sec

---2015-12-05 14:07:44
MemTotal:        2905316 kB
MemFree:           69260 kB
Buffers:           25336 kB
Cached:          1063552 kB
SwapCached:            0 kB
Active:          1315456 kB
Inactive:         720576 kB
Active(anon):     794980 kB
Inactive(anon):   200196 kB
Active(file):     520476 kB
Inactive(file):   520380 kB
Unevictable:       12768 kB
Mlocked:               0 kB
SwapTotal:        720184 kB
SwapFree:         720156 kB
Dirty:               104 kB
Writeback:             0 kB
AnonPages:        960116 kB
Mapped:           688512 kB
Shmem:             35224 kB
Slab:             119840 kB
SReclaimable:      36020 kB
SUnreclaim:        83820 kB
KernelStack:       34416 kB
PageTables:        56924 kB
NFS_Unstable:          0 kB
Bounce:                0 kB
WritebackTmp:          0 kB
CommitLimit:     2172840 kB
Committed_AS:   93190596 kB
VmallocTotal:   251658176 kB
VmallocUsed:      137344 kB
VmallocChunk:   251424388 kB
Time pass: 130 sec

---2015-12-05 14:07:44
MemTotal:        2905316 kB
MemFree:           66684 kB
Buffers:           25352 kB
Cached:          1063680 kB
SwapCached:            0 kB
Active:          1315808 kB
Inactive:         720728 kB
Active(anon):     795300 kB
Inactive(anon):   200196 kB
Active(file):     520508 kB
Inactive(file):   520532 kB
Unevictable:       12768 kB
Mlocked:               0 kB
SwapTotal:        720184 kB
SwapFree:         720156 kB
Dirty:                20 kB
Writeback:             0 kB
AnonPages:        960392 kB
Mapped:           688564 kB
Shmem:             35224 kB
Slab:             120020 kB
SReclaimable:      36020 kB
SUnreclaim:        84000 kB
KernelStack:       34448 kB
PageTables:        56928 kB
NFS_Unstable:          0 kB
Bounce:                0 kB
WritebackTmp:          0 kB
CommitLimit:     2172840 kB
Committed_AS:   93190612 kB
VmallocTotal:   251658176 kB
VmallocUsed:      137356 kB
VmallocChunk:   251424388 kB
Time pass: 134 sec

---2015-12-05 14:07:44
MemTotal:        2905316 kB
MemFree:           63744 kB
Buffers:           25356 kB
Cached:          1051960 kB
SwapCached:            0 kB
Active:          1324464 kB
Inactive:         713900 kB
Active(anon):     809060 kB
Inactive(anon):   200160 kB
Active(file):     515404 kB
Inactive(file):   513740 kB
Unevictable:       12768 kB
Mlocked:               0 kB
SwapTotal:        720184 kB
SwapFree:         720156 kB
Dirty:                96 kB
Writeback:             0 kB
AnonPages:        973848 kB
Mapped:           690924 kB
Shmem:             35404 kB
Slab:             120000 kB
SReclaimable:      35924 kB
SUnreclaim:        84076 kB
KernelStack:       34784 kB
PageTables:        57160 kB
NFS_Unstable:          0 kB
Bounce:                0 kB
WritebackTmp:          0 kB
CommitLimit:     2172840 kB
Committed_AS:   93250188 kB
VmallocTotal:   251658176 kB
VmallocUsed:      139804 kB
VmallocChunk:   251424388 kB
Time pass: 138 sec

---2015-12-05 14:07:44
MemTotal:        2905316 kB
MemFree:           67372 kB
Buffers:           25364 kB
Cached:          1049260 kB
SwapCached:            0 kB
Active:          1323092 kB
Inactive:         715332 kB
Active(anon):     810100 kB
Inactive(anon):   202172 kB
Active(file):     512992 kB
Inactive(file):   513160 kB
Unevictable:       12768 kB
Mlocked:               0 kB
SwapTotal:        720184 kB
SwapFree:         720156 kB
Dirty:               148 kB
Writeback:             0 kB
AnonPages:        976768 kB
Mapped:           691500 kB
Shmem:             35704 kB
Slab:             119988 kB
SReclaimable:      35940 kB
SUnreclaim:        84048 kB
KernelStack:       34768 kB
PageTables:        57196 kB
NFS_Unstable:          0 kB
Bounce:                0 kB
WritebackTmp:          0 kB
CommitLimit:     2172840 kB
Committed_AS:   93254004 kB
VmallocTotal:   251658176 kB
VmallocUsed:      139804 kB
VmallocChunk:   251424388 kB
Time pass: 142 sec

---2015-12-05 14:07:44
MemTotal:        2905316 kB
MemFree:           65680 kB
Buffers:           25372 kB
Cached:          1049516 kB
SwapCached:            0 kB
Active:          1324272 kB
Inactive:         715608 kB
Active(anon):     811268 kB
Inactive(anon):   202444 kB
Active(file):     513004 kB
Inactive(file):   513164 kB
Unevictable:       12768 kB
Mlocked:               0 kB
SwapTotal:        720184 kB
SwapFree:         720156 kB
Dirty:                68 kB
Writeback:             0 kB
AnonPages:        977820 kB
Mapped:           691752 kB
Shmem:             35952 kB
Slab:             119980 kB
SReclaimable:      35940 kB
SUnreclaim:        84040 kB
KernelStack:       34784 kB
PageTables:        57316 kB
NFS_Unstable:          0 kB
Bounce:                0 kB
WritebackTmp:          0 kB
CommitLimit:     2172840 kB
Committed_AS:   93254504 kB
VmallocTotal:   251658176 kB
VmallocUsed:      139804 kB
VmallocChunk:   251424388 kB
Time pass: 145 sec

---2015-12-05 14:07:44
MemTotal:        2905316 kB
MemFree:           64216 kB
Buffers:           25380 kB
Cached:          1049660 kB
SwapCached:            0 kB
Active:          1324968 kB
Inactive:         715808 kB
Active(anon):     811964 kB
Inactive(anon):   202640 kB
Active(file):     513004 kB
Inactive(file):   513168 kB
Unevictable:       12768 kB
Mlocked:               0 kB
SwapTotal:        720184 kB
SwapFree:         720156 kB
Dirty:                 0 kB
Writeback:             0 kB
AnonPages:        978740 kB
Mapped:           691900 kB
Shmem:             36100 kB
Slab:             120012 kB
SReclaimable:      35940 kB
SUnreclaim:        84072 kB
KernelStack:       34784 kB
PageTables:        57312 kB
NFS_Unstable:          0 kB
Bounce:                0 kB
WritebackTmp:          0 kB
CommitLimit:     2172840 kB
Committed_AS:   93255056 kB
VmallocTotal:   251658176 kB
VmallocUsed:      139804 kB
VmallocChunk:   251424388 kB
Time pass: 149 sec

---2015-12-05 14:07:44
MemTotal:        2905316 kB
MemFree:           64736 kB
Buffers:           25380 kB
Cached:          1049804 kB
SwapCached:            0 kB
Active:          1324312 kB
Inactive:         715940 kB
Active(anon):     811296 kB
Inactive(anon):   202764 kB
Active(file):     513016 kB
Inactive(file):   513176 kB
Unevictable:       12768 kB
Mlocked:               0 kB
SwapTotal:        720184 kB
SwapFree:         720156 kB
Dirty:                48 kB
Writeback:             0 kB
AnonPages:        977944 kB
Mapped:           692208 kB
Shmem:             36224 kB
Slab:             119924 kB
SReclaimable:      35812 kB
SUnreclaim:        84112 kB
KernelStack:       34752 kB
PageTables:        57340 kB
NFS_Unstable:          0 kB
Bounce:                0 kB
WritebackTmp:          0 kB
CommitLimit:     2172840 kB
Committed_AS:   93254988 kB
VmallocTotal:   251658176 kB
VmallocUsed:      139804 kB
VmallocChunk:   251424388 kB
Time pass: 153 sec

---2015-12-05 14:07:44
MemTotal:        2905316 kB
MemFree:           69252 kB
Buffers:           25432 kB
Cached:          1035840 kB
SwapCached:            0 kB
Active:          1324112 kB
Inactive:         710168 kB
Active(anon):     817484 kB
Inactive(anon):   203448 kB
Active(file):     506628 kB
Inactive(file):   506720 kB
Unevictable:       12768 kB
Mlocked:               0 kB
SwapTotal:        720184 kB
SwapFree:         720156 kB
Dirty:               228 kB
Writeback:             0 kB
AnonPages:        985732 kB
Mapped:           690284 kB
Shmem:             35284 kB
Slab:             119884 kB
SReclaimable:      35812 kB
SUnreclaim:        84072 kB
KernelStack:       34560 kB
PageTables:        57100 kB
NFS_Unstable:          0 kB
Bounce:                0 kB
WritebackTmp:          0 kB
CommitLimit:     2172840 kB
Committed_AS:   93230304 kB
VmallocTotal:   251658176 kB
VmallocUsed:      139804 kB
VmallocChunk:   251424388 kB
Time pass: 157 sec

---2015-12-05 14:07:44
MemTotal:        2905316 kB
MemFree:           69012 kB
Buffers:           25440 kB
Cached:          1035900 kB
SwapCached:            0 kB
Active:          1323492 kB
Inactive:         710092 kB
Active(anon):     816724 kB
Inactive(anon):   203576 kB
Active(file):     506768 kB
Inactive(file):   506516 kB
Unevictable:       12768 kB
Mlocked:               0 kB
SwapTotal:        720184 kB
SwapFree:         720156 kB
Dirty:               124 kB
Writeback:             0 kB
AnonPages:        984752 kB
Mapped:           690656 kB
Shmem:             35284 kB
Slab:             119732 kB
SReclaimable:      35620 kB
SUnreclaim:        84112 kB
KernelStack:       34448 kB
PageTables:        57116 kB
NFS_Unstable:          0 kB
Bounce:                0 kB
WritebackTmp:          0 kB
CommitLimit:     2172840 kB
Committed_AS:   93234064 kB
VmallocTotal:   251658176 kB
VmallocUsed:      139804 kB
VmallocChunk:   251424388 kB
Time pass: 161 sec

---2015-12-05 14:07:44
MemTotal:        2905316 kB
MemFree:           62860 kB
Buffers:           25472 kB
Cached:          1036180 kB
SwapCached:            0 kB
Active:          1328444 kB
Inactive:         710368 kB
Active(anon):     821640 kB
Inactive(anon):   203764 kB
Active(file):     506804 kB
Inactive(file):   506604 kB
Unevictable:       12768 kB
Mlocked:               0 kB
SwapTotal:        720184 kB
SwapFree:         720156 kB
Dirty:                 8 kB
Writeback:             0 kB
AnonPages:        989928 kB
Mapped:           691028 kB
Shmem:             35476 kB
Slab:             119736 kB
SReclaimable:      35620 kB
SUnreclaim:        84116 kB
KernelStack:       34768 kB
PageTables:        57316 kB
NFS_Unstable:          0 kB
Bounce:                0 kB
WritebackTmp:          0 kB
CommitLimit:     2172840 kB
Committed_AS:   93264340 kB
VmallocTotal:   251658176 kB
VmallocUsed:      139804 kB
VmallocChunk:   251424388 kB
Time pass: 165 sec

---2015-12-05 14:07:44
MemTotal:        2905316 kB
MemFree:           73740 kB
Buffers:           25480 kB
Cached:          1029096 kB
SwapCached:            0 kB
Active:          1323564 kB
Inactive:         709456 kB
Active(anon):     821328 kB
Inactive(anon):   204836 kB
Active(file):     502236 kB
Inactive(file):   504620 kB
Unevictable:       12768 kB
Mlocked:               0 kB
SwapTotal:        720184 kB
SwapFree:         720156 kB
Dirty:               132 kB
Writeback:             0 kB
AnonPages:        991352 kB
Mapped:           687652 kB
Shmem:             34948 kB
Slab:             117252 kB
SReclaimable:      35636 kB
SUnreclaim:        81616 kB
KernelStack:       34672 kB
PageTables:        56780 kB
NFS_Unstable:          0 kB
Bounce:                0 kB
WritebackTmp:          0 kB
CommitLimit:     2172840 kB
Committed_AS:   92986168 kB
VmallocTotal:   251658176 kB
VmallocUsed:      139804 kB
VmallocChunk:   251424388 kB
Time pass: 168 sec

---2015-12-05 14:07:44
MemTotal:        2905316 kB
MemFree:           75424 kB
Buffers:           25480 kB
Cached:          1029148 kB
SwapCached:            0 kB
Active:          1321816 kB
Inactive:         709512 kB
Active(anon):     819572 kB
Inactive(anon):   204888 kB
Active(file):     502244 kB
Inactive(file):   504624 kB
Unevictable:       12768 kB
Mlocked:               0 kB
SwapTotal:        720184 kB
SwapFree:         720156 kB
Dirty:                96 kB
Writeback:             0 kB
AnonPages:        989456 kB
Mapped:           687692 kB
Shmem:             34992 kB
Slab:             117248 kB
SReclaimable:      35636 kB
SUnreclaim:        81612 kB
KernelStack:       34624 kB
PageTables:        56784 kB
NFS_Unstable:          0 kB
Bounce:                0 kB
WritebackTmp:          0 kB
CommitLimit:     2172840 kB
Committed_AS:   92986180 kB
VmallocTotal:   251658176 kB
VmallocUsed:      139804 kB
VmallocChunk:   251424388 kB
Time pass: 172 sec

---2015-12-05 14:07:44
MemTotal:        2905316 kB
MemFree:           75784 kB
Buffers:           25488 kB
Cached:          1029152 kB
SwapCached:            0 kB
Active:          1321068 kB
Inactive:         709512 kB
Active(anon):     818816 kB
Inactive(anon):   204884 kB
Active(file):     502252 kB
Inactive(file):   504628 kB
Unevictable:       12768 kB
Mlocked:               0 kB
SwapTotal:        720184 kB
SwapFree:         720156 kB
Dirty:                 8 kB
Writeback:             0 kB
AnonPages:        988692 kB
Mapped:           687716 kB
Shmem:             34992 kB
Slab:             117248 kB
SReclaimable:      35636 kB
SUnreclaim:        81612 kB
KernelStack:       34592 kB
PageTables:        56772 kB
NFS_Unstable:          0 kB
Bounce:                0 kB
WritebackTmp:          0 kB
CommitLimit:     2172840 kB
Committed_AS:   92986156 kB
VmallocTotal:   251658176 kB
VmallocUsed:      139804 kB
VmallocChunk:   251424388 kB
Time pass: 176 sec

---2015-12-05 14:07:44
MemTotal:        2905316 kB
MemFree:           85484 kB
Buffers:           25496 kB
Cached:          1028892 kB
SwapCached:            0 kB
Active:          1313136 kB
Inactive:         709232 kB
Active(anon):     810864 kB
Inactive(anon):   204572 kB
Active(file):     502272 kB
Inactive(file):   504660 kB
Unevictable:       12768 kB
Mlocked:               0 kB
SwapTotal:        720184 kB
SwapFree:         720156 kB
Dirty:               100 kB
Writeback:             0 kB
AnonPages:        980952 kB
Mapped:           687428 kB
Shmem:             34676 kB
Slab:             117296 kB
SReclaimable:      35636 kB
SUnreclaim:        81660 kB
KernelStack:       34240 kB
PageTables:        56560 kB
NFS_Unstable:          0 kB
Bounce:                0 kB
WritebackTmp:          0 kB
CommitLimit:     2172840 kB
Committed_AS:   92959532 kB
VmallocTotal:   251658176 kB
VmallocUsed:      139780 kB
VmallocChunk:   251424388 kB
Time pass: 179 sec

---2015-12-05 14:07:44
MemTotal:        2905316 kB
MemFree:           85332 kB
Buffers:           25504 kB
Cached:          1028900 kB
SwapCached:            0 kB
Active:          1313096 kB
Inactive:         709240 kB
Active(anon):     810816 kB
Inactive(anon):   204572 kB
Active(file):     502280 kB
Inactive(file):   504668 kB
Unevictable:       12768 kB
Mlocked:               0 kB
SwapTotal:        720184 kB
SwapFree:         720156 kB
Dirty:                60 kB
Writeback:             0 kB
AnonPages:        980884 kB
Mapped:           687432 kB
Shmem:             34676 kB
Slab:             117288 kB
SReclaimable:      35636 kB
SUnreclaim:        81652 kB
KernelStack:       34224 kB
PageTables:        56580 kB
NFS_Unstable:          0 kB
Bounce:                0 kB
WritebackTmp:          0 kB
CommitLimit:     2172840 kB
Committed_AS:   92959796 kB
VmallocTotal:   251658176 kB
VmallocUsed:      139772 kB
VmallocChunk:   251424388 kB
Time pass: 184 sec

---2015-12-05 14:07:44
MemTotal:        2905316 kB
MemFree:           82640 kB
Buffers:           25504 kB
Cached:          1028908 kB
SwapCached:            0 kB
Active:          1315924 kB
Inactive:         709252 kB
Active(anon):     813636 kB
Inactive(anon):   204572 kB
Active(file):     502288 kB
Inactive(file):   504680 kB
Unevictable:       12768 kB
Mlocked:               0 kB
SwapTotal:        720184 kB
SwapFree:         720156 kB
Dirty:                20 kB
Writeback:             0 kB
AnonPages:        983440 kB
Mapped:           687436 kB
Shmem:             34676 kB
Slab:             117288 kB
SReclaimable:      35636 kB
SUnreclaim:        81652 kB
KernelStack:       34224 kB
PageTables:        56584 kB
NFS_Unstable:          0 kB
Bounce:                0 kB
WritebackTmp:          0 kB
CommitLimit:     2172840 kB
Committed_AS:   92960140 kB
VmallocTotal:   251658176 kB
VmallocUsed:      139772 kB
VmallocChunk:   251424388 kB
Time pass: 188 sec

---2015-12-05 14:07:44
MemTotal:        2905316 kB
MemFree:           67300 kB
Buffers:           25552 kB
Cached:          1032736 kB
SwapCached:            0 kB
Active:          1326808 kB
Inactive:         713076 kB
Active(anon):     824472 kB
Inactive(anon):   204728 kB
Active(file):     502336 kB
Inactive(file):   508348 kB
Unevictable:       12768 kB
Mlocked:               0 kB
SwapTotal:        720184 kB
SwapFree:         720156 kB
Dirty:               144 kB
Writeback:             0 kB
AnonPages:        994300 kB
Mapped:           688400 kB
Shmem:             34836 kB
Slab:             117268 kB
SReclaimable:      35636 kB
SUnreclaim:        81632 kB
KernelStack:       34656 kB
PageTables:        56764 kB
NFS_Unstable:          0 kB
Bounce:                0 kB
WritebackTmp:          0 kB
CommitLimit:     2172840 kB
Committed_AS:   92992552 kB
VmallocTotal:   251658176 kB
VmallocUsed:      139804 kB
VmallocChunk:   251424388 kB
Time pass: 191 sec

---2015-12-05 14:07:44
MemTotal:        2905316 kB
MemFree:           64884 kB
Buffers:           25568 kB
Cached:          1032676 kB
SwapCached:            0 kB
Active:          1328280 kB
Inactive:         713308 kB
Active(anon):     825708 kB
Inactive(anon):   205268 kB
Active(file):     502572 kB
Inactive(file):   508040 kB
Unevictable:       12768 kB
Mlocked:               0 kB
SwapTotal:        720184 kB
SwapFree:         720156 kB
Dirty:                16 kB
Writeback:             0 kB
AnonPages:        996264 kB
Mapped:           688224 kB
Shmem:             34864 kB
Slab:             117260 kB
SReclaimable:      35636 kB
SUnreclaim:        81624 kB
KernelStack:       34688 kB
PageTables:        56740 kB
NFS_Unstable:          0 kB
Bounce:                0 kB
WritebackTmp:          0 kB
CommitLimit:     2172840 kB
Committed_AS:   92992616 kB
VmallocTotal:   251658176 kB
VmallocUsed:      139804 kB
VmallocChunk:   251424388 kB
Time pass: 195 sec

---2015-12-05 14:07:44
MemTotal:        2905316 kB
MemFree:           64372 kB
Buffers:           25584 kB
Cached:          1032788 kB
SwapCached:            0 kB
Active:          1328356 kB
Inactive:         713424 kB
Active(anon):     825772 kB
Inactive(anon):   205360 kB
Active(file):     502584 kB
Inactive(file):   508064 kB
Unevictable:       12768 kB
Mlocked:               0 kB
SwapTotal:        720184 kB
SwapFree:         720156 kB
Dirty:               116 kB
Writeback:             0 kB
AnonPages:        996204 kB
Mapped:           688524 kB
Shmem:             34956 kB
Slab:             117372 kB
SReclaimable:      35780 kB
SUnreclaim:        81592 kB
KernelStack:       34640 kB
PageTables:        56816 kB
NFS_Unstable:          0 kB
Bounce:                0 kB
WritebackTmp:          0 kB
CommitLimit:     2172840 kB
Committed_AS:   93019236 kB
VmallocTotal:   251658176 kB
VmallocUsed:      139804 kB
VmallocChunk:   251424388 kB
Time pass: 199 sec

---2015-12-05 14:07:44
MemTotal:        2905316 kB
MemFree:           64792 kB
Buffers:           25592 kB
Cached:          1032824 kB
SwapCached:            0 kB
Active:          1328112 kB
Inactive:         713464 kB
Active(anon):     825524 kB
Inactive(anon):   205360 kB
Active(file):     502588 kB
Inactive(file):   508104 kB
Unevictable:       12768 kB
Mlocked:               0 kB
SwapTotal:        720184 kB
SwapFree:         720156 kB
Dirty:                64 kB
Writeback:             0 kB
AnonPages:        996044 kB
Mapped:           688540 kB
Shmem:             34956 kB
Slab:             117372 kB
SReclaimable:      35780 kB
SUnreclaim:        81592 kB
KernelStack:       34624 kB
PageTables:        56820 kB
NFS_Unstable:          0 kB
Bounce:                0 kB
WritebackTmp:          0 kB
CommitLimit:     2172840 kB
Committed_AS:   93019300 kB
VmallocTotal:   251658176 kB
VmallocUsed:      139804 kB
VmallocChunk:   251424388 kB
Time pass: 203 sec

---2015-12-05 14:07:44
MemTotal:        2905316 kB
MemFree:           63824 kB
Buffers:           25600 kB
Cached:          1032872 kB
SwapCached:            0 kB
Active:          1329284 kB
Inactive:         713512 kB
Active(anon):     826688 kB
Inactive(anon):   205360 kB
Active(file):     502596 kB
Inactive(file):   508152 kB
Unevictable:       12768 kB
Mlocked:               0 kB
SwapTotal:        720184 kB
SwapFree:         720156 kB
Dirty:                72 kB
Writeback:             0 kB
AnonPages:        997256 kB
Mapped:           688488 kB
Shmem:             34956 kB
Slab:             117452 kB
SReclaimable:      35860 kB
SUnreclaim:        81592 kB
KernelStack:       34576 kB
PageTables:        56788 kB
NFS_Unstable:          0 kB
Bounce:                0 kB
WritebackTmp:          0 kB
CommitLimit:     2172840 kB
Committed_AS:   93019260 kB
VmallocTotal:   251658176 kB
VmallocUsed:      139804 kB
VmallocChunk:   251424388 kB
Time pass: 207 sec

---2015-12-05 14:07:44
MemTotal:        2905316 kB
MemFree:           63408 kB
Buffers:           25608 kB
Cached:          1032876 kB
SwapCached:            0 kB
Active:          1329436 kB
Inactive:         713508 kB
Active(anon):     826828 kB
Inactive(anon):   205360 kB
Active(file):     502608 kB
Inactive(file):   508148 kB
Unevictable:       12768 kB
Mlocked:               0 kB
SwapTotal:        720184 kB
SwapFree:         720156 kB
Dirty:                52 kB
Writeback:             0 kB
AnonPages:        997388 kB
Mapped:           688444 kB
Shmem:             34956 kB
Slab:             117452 kB
SReclaimable:      35860 kB
SUnreclaim:        81592 kB
KernelStack:       34544 kB
PageTables:        56764 kB
NFS_Unstable:          0 kB
Bounce:                0 kB
WritebackTmp:          0 kB
CommitLimit:     2172840 kB
Committed_AS:   93019248 kB
VmallocTotal:   251658176 kB
VmallocUsed:      139804 kB
VmallocChunk:   251424388 kB
Time pass: 211 sec

---2015-12-05 14:07:44
MemTotal:        2905316 kB
MemFree:           64376 kB
Buffers:           25568 kB
Cached:          1027224 kB
SwapCached:            0 kB
Active:          1329964 kB
Inactive:         709668 kB
Active(anon):     827724 kB
Inactive(anon):   206896 kB
Active(file):     502240 kB
Inactive(file):   502772 kB
Unevictable:       12768 kB
Mlocked:               0 kB
SwapTotal:        720184 kB
SwapFree:         720156 kB
Dirty:                20 kB
Writeback:            32 kB
AnonPages:        999656 kB
Mapped:           686624 kB
Shmem:             34956 kB
Slab:             121312 kB
SReclaimable:      39420 kB
SUnreclaim:        81892 kB
KernelStack:       34624 kB
PageTables:        56848 kB
NFS_Unstable:          0 kB
Bounce:                0 kB
WritebackTmp:          0 kB
CommitLimit:     2172840 kB
Committed_AS:   93030816 kB
VmallocTotal:   251658176 kB
VmallocUsed:      140824 kB
VmallocChunk:   251424388 kB
Time pass: 215 sec

---2015-12-05 14:07:44
MemTotal:        2905316 kB
MemFree:           67948 kB
Buffers:           25540 kB
Cached:          1019280 kB
SwapCached:            0 kB
Active:          1329816 kB
Inactive:         707328 kB
Active(anon):     831564 kB
Inactive(anon):   208228 kB
Active(file):     498252 kB
Inactive(file):   499100 kB
Unevictable:       12768 kB
Mlocked:               0 kB
SwapTotal:        720184 kB
SwapFree:         719900 kB
Dirty:               164 kB
Writeback:             0 kB
AnonPages:       1005028 kB
Mapped:           687448 kB
Shmem:             34700 kB
Slab:             121440 kB
SReclaimable:      39544 kB
SUnreclaim:        81896 kB
KernelStack:       34640 kB
PageTables:        56844 kB
NFS_Unstable:          0 kB
Bounce:                0 kB
WritebackTmp:          0 kB
CommitLimit:     2172840 kB
Committed_AS:   93032072 kB
VmallocTotal:   251658176 kB
VmallocUsed:      139804 kB
VmallocChunk:   251424388 kB
Time pass: 218 sec

---2015-12-05 14:07:44
MemTotal:        2905316 kB
MemFree:           69352 kB
Buffers:           25548 kB
Cached:          1019288 kB
SwapCached:            0 kB
Active:          1328680 kB
Inactive:         707324 kB
Active(anon):     830412 kB
Inactive(anon):   208228 kB
Active(file):     498268 kB
Inactive(file):   499096 kB
Unevictable:       12768 kB
Mlocked:               0 kB
SwapTotal:        720184 kB
SwapFree:         719900 kB
Dirty:                64 kB
Writeback:             0 kB
AnonPages:       1003920 kB
Mapped:           687456 kB
Shmem:             34700 kB
Slab:             121460 kB
SReclaimable:      39560 kB
SUnreclaim:        81900 kB
KernelStack:       34592 kB
PageTables:        56796 kB
NFS_Unstable:          0 kB
Bounce:                0 kB
WritebackTmp:          0 kB
CommitLimit:     2172840 kB
Committed_AS:   93026148 kB
VmallocTotal:   251658176 kB
VmallocUsed:      139804 kB
VmallocChunk:   251424388 kB
Time pass: 222 sec

---2015-12-05 14:07:44
MemTotal:        2905316 kB
MemFree:           65500 kB
Buffers:           25588 kB
Cached:          1019356 kB
SwapCached:            0 kB
Active:          1332756 kB
Inactive:         707388 kB
Active(anon):     834440 kB
Inactive(anon):   208196 kB
Active(file):     498316 kB
Inactive(file):   499192 kB
Unevictable:       12768 kB
Mlocked:               0 kB
SwapTotal:        720184 kB
SwapFree:         719900 kB
Dirty:               212 kB
Writeback:             0 kB
AnonPages:       1008024 kB
Mapped:           687436 kB
Shmem:             34668 kB
Slab:             121448 kB
SReclaimable:      39560 kB
SUnreclaim:        81888 kB
KernelStack:       34608 kB
PageTables:        56872 kB
NFS_Unstable:          0 kB
Bounce:                0 kB
WritebackTmp:          0 kB
CommitLimit:     2172840 kB
Committed_AS:   93066816 kB
VmallocTotal:   251658176 kB
VmallocUsed:      139804 kB
VmallocChunk:   251424388 kB
Time pass: 226 sec

---2015-12-05 14:07:44
MemTotal:        2905316 kB
MemFree:           64368 kB
Buffers:           25588 kB
Cached:          1019492 kB
SwapCached:            0 kB
Active:          1333304 kB
Inactive:         707516 kB
Active(anon):     834980 kB
Inactive(anon):   208332 kB
Active(file):     498324 kB
Inactive(file):   499184 kB
Unevictable:       12768 kB
Mlocked:               0 kB
SwapTotal:        720184 kB
SwapFree:         719900 kB
Dirty:                 4 kB
Writeback:             0 kB
AnonPages:       1008540 kB
Mapped:           687600 kB
Shmem:             34804 kB
Slab:             121460 kB
SReclaimable:      39576 kB
SUnreclaim:        81884 kB
KernelStack:       34576 kB
PageTables:        56908 kB
NFS_Unstable:          0 kB
Bounce:                0 kB
WritebackTmp:          0 kB
CommitLimit:     2172840 kB
Committed_AS:   93067168 kB
VmallocTotal:   251658176 kB
VmallocUsed:      139804 kB
VmallocChunk:   251424388 kB
Time pass: 230 sec

---2015-12-05 14:07:44
MemTotal:        2905316 kB
MemFree:           63616 kB
Buffers:           25596 kB
Cached:          1019576 kB
SwapCached:            0 kB
Active:          1333724 kB
Inactive:         707604 kB
Active(anon):     835396 kB
Inactive(anon):   208408 kB
Active(file):     498328 kB
Inactive(file):   499196 kB
Unevictable:       12768 kB
Mlocked:               0 kB
SwapTotal:        720184 kB
SwapFree:         719900 kB
Dirty:                72 kB
Writeback:             0 kB
AnonPages:       1009252 kB
Mapped:           687740 kB
Shmem:             34880 kB
Slab:             121460 kB
SReclaimable:      39576 kB
SUnreclaim:        81884 kB
KernelStack:       34576 kB
PageTables:        56932 kB
NFS_Unstable:          0 kB
Bounce:                0 kB
WritebackTmp:          0 kB
CommitLimit:     2172840 kB
Committed_AS:   93067164 kB
VmallocTotal:   251658176 kB
VmallocUsed:      139804 kB
VmallocChunk:   251424388 kB
Time pass: 234 sec

---2015-12-05 14:07:44
MemTotal:        2905316 kB
MemFree:           66192 kB
Buffers:           25604 kB
Cached:          1013236 kB
SwapCached:            0 kB
Active:          1329564 kB
Inactive:         704804 kB
Active(anon):     834512 kB
Inactive(anon):   209468 kB
Active(file):     495052 kB
Inactive(file):   495336 kB
Unevictable:       12768 kB
Mlocked:               0 kB
SwapTotal:        720184 kB
SwapFree:         719900 kB
Dirty:                28 kB
Writeback:             0 kB
AnonPages:       1008064 kB
Mapped:           688496 kB
Shmem:             35684 kB
Slab:             121456 kB
SReclaimable:      39576 kB
SUnreclaim:        81880 kB
KernelStack:       34576 kB
PageTables:        57056 kB
NFS_Unstable:          0 kB
Bounce:                0 kB
WritebackTmp:          0 kB
CommitLimit:     2172840 kB
Committed_AS:   93067932 kB
VmallocTotal:   251658176 kB
VmallocUsed:      139804 kB
VmallocChunk:   251424388 kB
Time pass: 238 sec

---2015-12-05 14:07:44
MemTotal:        2905316 kB
MemFree:           76072 kB
Buffers:           25616 kB
Cached:          1005208 kB
SwapCached:            0 kB
Active:          1328580 kB
Inactive:         700576 kB
Active(anon):     836836 kB
Inactive(anon):   208988 kB
Active(file):     491744 kB
Inactive(file):   491588 kB
Unevictable:       12768 kB
Mlocked:               0 kB
SwapTotal:        720184 kB
SwapFree:         719900 kB
Dirty:               168 kB
Writeback:             0 kB
AnonPages:       1011268 kB
Mapped:           687224 kB
Shmem:             34696 kB
Slab:             117432 kB
SReclaimable:      35836 kB
SUnreclaim:        81596 kB
KernelStack:       34608 kB
PageTables:        56900 kB
NFS_Unstable:          0 kB
Bounce:                0 kB
WritebackTmp:          0 kB
CommitLimit:     2172840 kB
Committed_AS:   93075648 kB
VmallocTotal:   251658176 kB
VmallocUsed:      139804 kB
VmallocChunk:   251424388 kB
Time pass: 242 sec

---2015-12-05 14:07:44
MemTotal:        2905316 kB
MemFree:           75744 kB
Buffers:           25616 kB
Cached:          1005300 kB
SwapCached:            0 kB
Active:          1329308 kB
Inactive:         700748 kB
Active(anon):     837616 kB
Inactive(anon):   208996 kB
Active(file):     491692 kB
Inactive(file):   491752 kB
Unevictable:       12768 kB
Mlocked:               0 kB
SwapTotal:        720184 kB
SwapFree:         719900 kB
Dirty:                12 kB
Writeback:             0 kB
AnonPages:       1011716 kB
Mapped:           687156 kB
Shmem:             34704 kB
Slab:             117232 kB
SReclaimable:      35688 kB
SUnreclaim:        81544 kB
KernelStack:       34592 kB
PageTables:        56924 kB
NFS_Unstable:          0 kB
Bounce:                0 kB
WritebackTmp:          0 kB
CommitLimit:     2172840 kB
Committed_AS:   93075740 kB
VmallocTotal:   251658176 kB
VmallocUsed:      139804 kB
VmallocChunk:   251424388 kB
Time pass: 246 sec

---2015-12-05 14:07:44
MemTotal:        2905316 kB
MemFree:           79576 kB
Buffers:           25640 kB
Cached:          1005344 kB
SwapCached:            0 kB
Active:          1325928 kB
Inactive:         700804 kB
Active(anon):     834220 kB
Inactive(anon):   209008 kB
Active(file):     491708 kB
Inactive(file):   491796 kB
Unevictable:       12768 kB
Mlocked:               0 kB
SwapTotal:        720184 kB
SwapFree:         719900 kB
Dirty:                 4 kB
Writeback:             0 kB
AnonPages:       1008684 kB
Mapped:           687112 kB
Shmem:             34712 kB
Slab:             117344 kB
SReclaimable:      35800 kB
SUnreclaim:        81544 kB
KernelStack:       34608 kB
PageTables:        56900 kB
NFS_Unstable:          0 kB
Bounce:                0 kB
WritebackTmp:          0 kB
CommitLimit:     2172840 kB
Committed_AS:   93075764 kB
VmallocTotal:   251658176 kB
VmallocUsed:      139804 kB
VmallocChunk:   251424388 kB
Time pass: 250 sec

---2015-12-05 14:07:44
MemTotal:        2905316 kB
MemFree:           85192 kB
Buffers:           25648 kB
Cached:          1005388 kB
SwapCached:            0 kB
Active:          1320428 kB
Inactive:         700844 kB
Active(anon):     828708 kB
Inactive(anon):   209012 kB
Active(file):     491720 kB
Inactive(file):   491832 kB
Unevictable:       12768 kB
Mlocked:               0 kB
SwapTotal:        720184 kB
SwapFree:         719900 kB
Dirty:               112 kB
Writeback:             0 kB
AnonPages:       1003008 kB
Mapped:           687124 kB
Shmem:             34716 kB
Slab:             117312 kB
SReclaimable:      35800 kB
SUnreclaim:        81512 kB
KernelStack:       34528 kB
PageTables:        56900 kB
NFS_Unstable:          0 kB
Bounce:                0 kB
WritebackTmp:          0 kB
CommitLimit:     2172840 kB
Committed_AS:   93075784 kB
VmallocTotal:   251658176 kB
VmallocUsed:      139804 kB
VmallocChunk:   251424388 kB
Time pass: 254 sec

---2015-12-05 14:07:44
MemTotal:        2905316 kB
MemFree:           83384 kB
Buffers:           25656 kB
Cached:          1005476 kB
SwapCached:            0 kB
Active:          1322312 kB
Inactive:         700928 kB
Active(anon):     830584 kB
Inactive(anon):   209088 kB
Active(file):     491728 kB
Inactive(file):   491840 kB
Unevictable:       12768 kB
Mlocked:               0 kB
SwapTotal:        720184 kB
SwapFree:         719900 kB
Dirty:               120 kB
Writeback:             0 kB
AnonPages:       1004880 kB
Mapped:           687208 kB
Shmem:             34792 kB
Slab:             117312 kB
SReclaimable:      35800 kB
SUnreclaim:        81512 kB
KernelStack:       34496 kB
PageTables:        56952 kB
NFS_Unstable:          0 kB
Bounce:                0 kB
WritebackTmp:          0 kB
CommitLimit:     2172840 kB
Committed_AS:   93102328 kB
VmallocTotal:   251658176 kB
VmallocUsed:      139804 kB
VmallocChunk:   251424388 kB
Time pass: 258 sec

---2015-12-05 14:07:44
MemTotal:        2905316 kB
MemFree:           82820 kB
Buffers:           25672 kB
Cached:          1005504 kB
SwapCached:            0 kB
Active:          1322292 kB
Inactive:         700964 kB
Active(anon):     830552 kB
Inactive(anon):   209088 kB
Active(file):     491740 kB
Inactive(file):   491876 kB
Unevictable:       12768 kB
Mlocked:               0 kB
SwapTotal:        720184 kB
SwapFree:         719900 kB
Dirty:                16 kB
Writeback:             0 kB
AnonPages:       1004844 kB
Mapped:           687212 kB
Shmem:             34792 kB
Slab:             117312 kB
SReclaimable:      35800 kB
SUnreclaim:        81512 kB
KernelStack:       34496 kB
PageTables:        56952 kB
NFS_Unstable:          0 kB
Bounce:                0 kB
WritebackTmp:          0 kB
CommitLimit:     2172840 kB
Committed_AS:   93102320 kB
VmallocTotal:   251658176 kB
VmallocUsed:      139804 kB
VmallocChunk:   251424388 kB
Time pass: 262 sec

---2015-12-05 14:07:44
MemTotal:        2905316 kB
MemFree:           81528 kB
Buffers:           25680 kB
Cached:          1005540 kB
SwapCached:            0 kB
Active:          1324260 kB
Inactive:         701000 kB
Active(anon):     832512 kB
Inactive(anon):   209088 kB
Active(file):     491748 kB
Inactive(file):   491912 kB
Unevictable:       12768 kB
Mlocked:               0 kB
SwapTotal:        720184 kB
SwapFree:         719900 kB
Dirty:                60 kB
Writeback:             0 kB
AnonPages:       1006776 kB
Mapped:           687220 kB
Shmem:             34792 kB
Slab:             117312 kB
SReclaimable:      35800 kB
SUnreclaim:        81512 kB
KernelStack:       34496 kB
PageTables:        56952 kB
NFS_Unstable:          0 kB
Bounce:                0 kB
WritebackTmp:          0 kB
CommitLimit:     2172840 kB
Committed_AS:   93102332 kB
VmallocTotal:   251658176 kB
VmallocUsed:      139804 kB
VmallocChunk:   251424388 kB
Time pass: 266 sec

---2015-12-05 14:07:44
MemTotal:        2905316 kB
MemFree:           80488 kB
Buffers:           25688 kB
Cached:          1005544 kB
SwapCached:            0 kB
Active:          1324680 kB
Inactive:         701008 kB
Active(anon):     832928 kB
Inactive(anon):   209088 kB
Active(file):     491752 kB
Inactive(file):   491920 kB
Unevictable:       12768 kB
Mlocked:               0 kB
SwapTotal:        720184 kB
SwapFree:         719900 kB
Dirty:                20 kB
Writeback:             0 kB
AnonPages:       1007212 kB
Mapped:           687232 kB
Shmem:             34792 kB
Slab:             117312 kB
SReclaimable:      35800 kB
SUnreclaim:        81512 kB
KernelStack:       34496 kB
PageTables:        56952 kB
NFS_Unstable:          0 kB
Bounce:                0 kB
WritebackTmp:          0 kB
CommitLimit:     2172840 kB
Committed_AS:   93102344 kB
VmallocTotal:   251658176 kB
VmallocUsed:      139804 kB
VmallocChunk:   251424388 kB
Time pass: 270 sec

---2015-12-05 14:07:44
MemTotal:        2905316 kB
MemFree:           79744 kB
Buffers:           25704 kB
Cached:          1005596 kB
SwapCached:            0 kB
Active:          1325684 kB
Inactive:         701072 kB
Active(anon):     833928 kB
Inactive(anon):   209112 kB
Active(file):     491756 kB
Inactive(file):   491960 kB
Unevictable:       12768 kB
Mlocked:               0 kB
SwapTotal:        720184 kB
SwapFree:         719900 kB
Dirty:                96 kB
Writeback:             0 kB
AnonPages:       1008072 kB
Mapped:           687260 kB
Shmem:             34816 kB
Slab:             117312 kB
SReclaimable:      35800 kB
SUnreclaim:        81512 kB
KernelStack:       34464 kB
PageTables:        56948 kB
NFS_Unstable:          0 kB
Bounce:                0 kB
WritebackTmp:          0 kB
CommitLimit:     2172840 kB
Committed_AS:   93102308 kB
VmallocTotal:   251658176 kB
VmallocUsed:      139804 kB
VmallocChunk:   251424388 kB
Time pass: 274 sec

---2015-12-05 14:07:44
MemTotal:        2905316 kB
MemFree:           78936 kB
Buffers:           25712 kB
Cached:          1005600 kB
SwapCached:            0 kB
Active:          1326004 kB
Inactive:         701080 kB
Active(anon):     834244 kB
Inactive(anon):   209112 kB
Active(file):     491760 kB
Inactive(file):   491968 kB
Unevictable:       12768 kB
Mlocked:               0 kB
SwapTotal:        720184 kB
SwapFree:         719900 kB
Dirty:                52 kB
Writeback:             0 kB
AnonPages:       1008416 kB
Mapped:           687324 kB
Shmem:             34816 kB
Slab:             117312 kB
SReclaimable:      35800 kB
SUnreclaim:        81512 kB
KernelStack:       34432 kB
PageTables:        56968 kB
NFS_Unstable:          0 kB
Bounce:                0 kB
WritebackTmp:          0 kB
CommitLimit:     2172840 kB
Committed_AS:   93102252 kB
VmallocTotal:   251658176 kB
VmallocUsed:      139804 kB
VmallocChunk:   251424388 kB
Time pass: 278 sec

---2015-12-05 14:07:44
MemTotal:        2905316 kB
MemFree:           78364 kB
Buffers:           25720 kB
Cached:          1005608 kB
SwapCached:            0 kB
Active:          1326472 kB
Inactive:         701096 kB
Active(anon):     834712 kB
Inactive(anon):   209116 kB
Active(file):     491760 kB
Inactive(file):   491980 kB
Unevictable:       12768 kB
Mlocked:               0 kB
SwapTotal:        720184 kB
SwapFree:         719900 kB
Dirty:                28 kB
Writeback:             0 kB
AnonPages:       1008920 kB
Mapped:           687348 kB
Shmem:             34820 kB
Slab:             117312 kB
SReclaimable:      35800 kB
SUnreclaim:        81512 kB
KernelStack:       34432 kB
PageTables:        56972 kB
NFS_Unstable:          0 kB
Bounce:                0 kB
WritebackTmp:          0 kB
CommitLimit:     2172840 kB
Committed_AS:   93102240 kB
VmallocTotal:   251658176 kB
VmallocUsed:      139804 kB
VmallocChunk:   251424388 kB
Time pass: 282 sec

---2015-12-05 14:07:44
MemTotal:        2905316 kB
MemFree:           78316 kB
Buffers:           25736 kB
Cached:          1005648 kB
SwapCached:            0 kB
Active:          1326704 kB
Inactive:         701144 kB
Active(anon):     834936 kB
Inactive(anon):   209120 kB
Active(file):     491768 kB
Inactive(file):   492024 kB
Unevictable:       12768 kB
Mlocked:               0 kB
SwapTotal:        720184 kB
SwapFree:         719900 kB
Dirty:                36 kB
Writeback:             0 kB
AnonPages:       1009136 kB
Mapped:           687352 kB
Shmem:             34824 kB
Slab:             117308 kB
SReclaimable:      35800 kB
SUnreclaim:        81508 kB
KernelStack:       34464 kB
PageTables:        56972 kB
NFS_Unstable:          0 kB
Bounce:                0 kB
WritebackTmp:          0 kB
CommitLimit:     2172840 kB
Committed_AS:   93102252 kB
VmallocTotal:   251658176 kB
VmallocUsed:      139804 kB
VmallocChunk:   251424388 kB
Time pass: 286 sec

---2015-12-05 14:07:44
MemTotal:        2905316 kB
MemFree:           77584 kB
Buffers:           25744 kB
Cached:          1005696 kB
SwapCached:            0 kB
Active:          1327304 kB
Inactive:         701196 kB
Active(anon):     835532 kB
Inactive(anon):   209168 kB
Active(file):     491772 kB
Inactive(file):   492028 kB
Unevictable:       12768 kB
Mlocked:               0 kB
SwapTotal:        720184 kB
SwapFree:         719900 kB
Dirty:                 4 kB
Writeback:             0 kB
AnonPages:       1009788 kB
Mapped:           687432 kB
Shmem:             34872 kB
Slab:             117308 kB
SReclaimable:      35800 kB
SUnreclaim:        81508 kB
KernelStack:       34448 kB
PageTables:        56992 kB
NFS_Unstable:          0 kB
Bounce:                0 kB
WritebackTmp:          0 kB
CommitLimit:     2172840 kB
Committed_AS:   93128792 kB
VmallocTotal:   251658176 kB
VmallocUsed:      139804 kB
VmallocChunk:   251424388 kB
Time pass: 290 sec

---2015-12-05 14:07:44
MemTotal:        2905316 kB
MemFree:           77352 kB
Buffers:           25744 kB
Cached:          1005700 kB
SwapCached:            0 kB
Active:          1327388 kB
Inactive:         701200 kB
Active(anon):     835616 kB
Inactive(anon):   209168 kB
Active(file):     491772 kB
Inactive(file):   492032 kB
Unevictable:       12768 kB
Mlocked:               0 kB
SwapTotal:        720184 kB
SwapFree:         719900 kB
Dirty:                 8 kB
Writeback:             0 kB
AnonPages:       1010000 kB
Mapped:           687436 kB
Shmem:             34872 kB
Slab:             117304 kB
SReclaimable:      35800 kB
SUnreclaim:        81504 kB
KernelStack:       34448 kB
PageTables:        56992 kB
NFS_Unstable:          0 kB
Bounce:                0 kB
WritebackTmp:          0 kB
CommitLimit:     2172840 kB
Committed_AS:   93128888 kB
VmallocTotal:   251658176 kB
VmallocUsed:      139804 kB
VmallocChunk:   251424388 kB
Time pass: 294 sec

---2015-12-05 14:07:44
MemTotal:        2905316 kB
MemFree:           76540 kB
Buffers:           25768 kB
Cached:          1005732 kB
SwapCached:            0 kB
Active:          1328080 kB
Inactive:         701248 kB
Active(anon):     836300 kB
Inactive(anon):   209172 kB
Active(file):     491780 kB
Inactive(file):   492076 kB
Unevictable:       12768 kB
Mlocked:               0 kB
SwapTotal:        720184 kB
SwapFree:         719900 kB
Dirty:                92 kB
Writeback:             0 kB
AnonPages:       1010532 kB
Mapped:           687444 kB
Shmem:             34876 kB
Slab:             117296 kB
SReclaimable:      35800 kB
SUnreclaim:        81496 kB
KernelStack:       34416 kB
PageTables:        56992 kB
NFS_Unstable:          0 kB
Bounce:                0 kB
WritebackTmp:          0 kB
CommitLimit:     2172840 kB
Committed_AS:   93128912 kB
VmallocTotal:   251658176 kB
VmallocUsed:      139804 kB
VmallocChunk:   251424388 kB
Time pass: 298 sec

---2015-12-05 14:07:44
MemTotal:        2905316 kB
MemFree:           76448 kB
Buffers:           25776 kB
Cached:          1005736 kB
SwapCached:            0 kB
Active:          1328128 kB
Inactive:         701260 kB
Active(anon):     836348 kB
Inactive(anon):   209176 kB
Active(file):     491780 kB
Inactive(file):   492084 kB
Unevictable:       12768 kB
Mlocked:               0 kB
SwapTotal:        720184 kB
SwapFree:         719900 kB
Dirty:                48 kB
Writeback:             0 kB
AnonPages:       1010732 kB
Mapped:           687448 kB
Shmem:             34880 kB
Slab:             117296 kB
SReclaimable:      35800 kB
SUnreclaim:        81496 kB
KernelStack:       34400 kB
PageTables:        56992 kB
NFS_Unstable:          0 kB
Bounce:                0 kB
WritebackTmp:          0 kB
CommitLimit:     2172840 kB
Committed_AS:   93128832 kB
VmallocTotal:   251658176 kB
VmallocUsed:      139804 kB
VmallocChunk:   251424388 kB
Time pass: 302 sec

---2015-12-05 14:07:44
MemTotal:        2905316 kB
MemFree:           76704 kB
Buffers:           25784 kB
Cached:          1005764 kB
SwapCached:            0 kB
Active:          1327932 kB
Inactive:         701288 kB
Active(anon):     836148 kB
Inactive(anon):   209204 kB
Active(file):     491784 kB
Inactive(file):   492084 kB
Unevictable:       12768 kB
Mlocked:               0 kB
SwapTotal:        720184 kB
SwapFree:         719900 kB
Dirty:                 4 kB
Writeback:             0 kB
AnonPages:       1010548 kB
Mapped:           687484 kB
Shmem:             34908 kB
Slab:             117296 kB
SReclaimable:      35800 kB
SUnreclaim:        81496 kB
KernelStack:       34384 kB
PageTables:        56988 kB
NFS_Unstable:          0 kB
Bounce:                0 kB
WritebackTmp:          0 kB
CommitLimit:     2172840 kB
Committed_AS:   93128776 kB
VmallocTotal:   251658176 kB
VmallocUsed:      139804 kB
VmallocChunk:   251424388 kB
Time pass: 306 sec

---2015-12-05 14:07:44
MemTotal:        2905316 kB
MemFree:           76080 kB
Buffers:           25800 kB
Cached:          1005808 kB
SwapCached:            0 kB
Active:          1328980 kB
Inactive:         701344 kB
Active(anon):     837188 kB
Inactive(anon):   209204 kB
Active(file):     491792 kB
Inactive(file):   492140 kB
Unevictable:       12768 kB
Mlocked:               0 kB
SwapTotal:        720184 kB
SwapFree:         719900 kB
Dirty:               116 kB
Writeback:             0 kB
AnonPages:       1011452 kB
Mapped:           687492 kB
Shmem:             34908 kB
Slab:             117296 kB
SReclaimable:      35800 kB
SUnreclaim:        81496 kB
KernelStack:       34480 kB
PageTables:        57016 kB
NFS_Unstable:          0 kB
Bounce:                0 kB
WritebackTmp:          0 kB
CommitLimit:     2172840 kB
Committed_AS:   93128756 kB
VmallocTotal:   251658176 kB
VmallocUsed:      139804 kB
VmallocChunk:   251424388 kB
Time pass: 310 sec

---2015-12-05 14:07:44
MemTotal:        2905316 kB
MemFree:           75960 kB
Buffers:           25808 kB
Cached:          1005808 kB
SwapCached:            0 kB
Active:          1328964 kB
Inactive:         701348 kB
Active(anon):     837168 kB
Inactive(anon):   209204 kB
Active(file):     491796 kB
Inactive(file):   492144 kB
Unevictable:       12768 kB
Mlocked:               0 kB
SwapTotal:        720184 kB
SwapFree:         719900 kB
Dirty:                64 kB
Writeback:             0 kB
AnonPages:       1011484 kB
Mapped:           687500 kB
Shmem:             34908 kB
Slab:             117296 kB
SReclaimable:      35800 kB
SUnreclaim:        81496 kB
KernelStack:       34400 kB
PageTables:        56976 kB
NFS_Unstable:          0 kB
Bounce:                0 kB
WritebackTmp:          0 kB
CommitLimit:     2172840 kB
Committed_AS:   93128784 kB
VmallocTotal:   251658176 kB
VmallocUsed:      139804 kB
VmallocChunk:   251424388 kB
Time pass: 314 sec

---2015-12-05 14:07:44
MemTotal:        2905316 kB
MemFree:           75504 kB
Buffers:           25816 kB
Cached:          1005864 kB
SwapCached:            0 kB
Active:          1329476 kB
Inactive:         701408 kB
Active(anon):     837680 kB
Inactive(anon):   209264 kB
Active(file):     491796 kB
Inactive(file):   492144 kB
Unevictable:       12768 kB
Mlocked:               0 kB
SwapTotal:        720184 kB
SwapFree:         719900 kB
Dirty:                28 kB
Writeback:             0 kB
AnonPages:       1011984 kB
Mapped:           687556 kB
Shmem:             34968 kB
Slab:             117296 kB
SReclaimable:      35800 kB
SUnreclaim:        81496 kB
KernelStack:       34368 kB
PageTables:        57040 kB
NFS_Unstable:          0 kB
Bounce:                0 kB
WritebackTmp:          0 kB
CommitLimit:     2172840 kB
Committed_AS:   93155372 kB
VmallocTotal:   251658176 kB
VmallocUsed:      139804 kB
VmallocChunk:   251424388 kB
Time pass: 318 sec

---2015-12-05 14:07:44
MemTotal:        2905316 kB
MemFree:           74436 kB
Buffers:           25832 kB
Cached:          1005904 kB
SwapCached:            0 kB
Active:          1330292 kB
Inactive:         701456 kB
Active(anon):     838484 kB
Inactive(anon):   209268 kB
Active(file):     491808 kB
Inactive(file):   492188 kB
Unevictable:       12768 kB
Mlocked:               0 kB
SwapTotal:        720184 kB
SwapFree:         719900 kB
Dirty:                 0 kB
Writeback:             0 kB
AnonPages:       1012772 kB
Mapped:           687564 kB
Shmem:             34972 kB
Slab:             117296 kB
SReclaimable:      35800 kB
SUnreclaim:        81496 kB
KernelStack:       34320 kB
PageTables:        57040 kB
NFS_Unstable:          0 kB
Bounce:                0 kB
WritebackTmp:          0 kB
CommitLimit:     2172840 kB
Committed_AS:   93155308 kB
VmallocTotal:   251658176 kB
VmallocUsed:      139804 kB
VmallocChunk:   251424388 kB
Time pass: 322 sec

---2015-12-05 14:07:44
MemTotal:        2905316 kB
MemFree:           73908 kB
Buffers:           25840 kB
Cached:          1005908 kB
SwapCached:            0 kB
Active:          1330588 kB
Inactive:         701460 kB
Active(anon):     838776 kB
Inactive(anon):   209268 kB
Active(file):     491812 kB
Inactive(file):   492192 kB
Unevictable:       12768 kB
Mlocked:               0 kB
SwapTotal:        720184 kB
SwapFree:         719900 kB
Dirty:                60 kB
Writeback:             0 kB
AnonPages:       1013008 kB
Mapped:           687584 kB
Shmem:             34972 kB
Slab:             117296 kB
SReclaimable:      35800 kB
SUnreclaim:        81496 kB
KernelStack:       34352 kB
PageTables:        57040 kB
NFS_Unstable:          0 kB
Bounce:                0 kB
WritebackTmp:          0 kB
CommitLimit:     2172840 kB
Committed_AS:   93155320 kB
VmallocTotal:   251658176 kB
VmallocUsed:      139804 kB
VmallocChunk:   251424388 kB
Time pass: 326 sec

---2015-12-05 14:07:44
MemTotal:        2905316 kB
MemFree:           74404 kB
Buffers:           25848 kB
Cached:          1005900 kB
SwapCached:            0 kB
Active:          1330648 kB
Inactive:         701464 kB
Active(anon):     838836 kB
Inactive(anon):   209268 kB
Active(file):     491812 kB
Inactive(file):   492196 kB
Unevictable:       12768 kB
Mlocked:               0 kB
SwapTotal:        720184 kB
SwapFree:         719900 kB
Dirty:                 4 kB
Writeback:             0 kB
AnonPages:       1013112 kB
Mapped:           687588 kB
Shmem:             34972 kB
Slab:             117296 kB
SReclaimable:      35800 kB
SUnreclaim:        81496 kB
KernelStack:       34352 kB
PageTables:        57040 kB
NFS_Unstable:          0 kB
Bounce:                0 kB
WritebackTmp:          0 kB
CommitLimit:     2172840 kB
Committed_AS:   93155332 kB
VmallocTotal:   251658176 kB
VmallocUsed:      139804 kB
VmallocChunk:   251424388 kB
Time pass: 330 sec

---2015-12-05 14:07:44
MemTotal:        2905316 kB
MemFree:           73132 kB
Buffers:           25864 kB
Cached:          1005932 kB
SwapCached:            0 kB
Active:          1331368 kB
Inactive:         701512 kB
Active(anon):     839556 kB
Inactive(anon):   209272 kB
Active(file):     491812 kB
Inactive(file):   492240 kB
Unevictable:       12768 kB
Mlocked:               0 kB
SwapTotal:        720184 kB
SwapFree:         719900 kB
Dirty:                12 kB
Writeback:             0 kB
AnonPages:       1013940 kB
Mapped:           687604 kB
Shmem:             34976 kB
Slab:             117296 kB
SReclaimable:      35800 kB
SUnreclaim:        81496 kB
KernelStack:       34352 kB
PageTables:        57044 kB
NFS_Unstable:          0 kB
Bounce:                0 kB
WritebackTmp:          0 kB
CommitLimit:     2172840 kB
Committed_AS:   93155368 kB
VmallocTotal:   251658176 kB
VmallocUsed:      139804 kB
VmallocChunk:   251424388 kB
Time pass: 333 sec

---2015-12-05 14:07:44
MemTotal:        2905316 kB
MemFree:           73048 kB
Buffers:           25872 kB
Cached:          1005952 kB
SwapCached:            0 kB
Active:          1331388 kB
Inactive:         701532 kB
Active(anon):     839568 kB
Inactive(anon):   209272 kB
Active(file):     491820 kB
Inactive(file):   492260 kB
Unevictable:       12768 kB
Mlocked:               0 kB
SwapTotal:        720184 kB
SwapFree:         719900 kB
Dirty:                36 kB
Writeback:             0 kB
AnonPages:       1013860 kB
Mapped:           687604 kB
Shmem:             34976 kB
Slab:             117296 kB
SReclaimable:      35800 kB
SUnreclaim:        81496 kB
KernelStack:       34352 kB
PageTables:        57040 kB
NFS_Unstable:          0 kB
Bounce:                0 kB
WritebackTmp:          0 kB
CommitLimit:     2172840 kB
Committed_AS:   93155332 kB
VmallocTotal:   251658176 kB
VmallocUsed:      139804 kB
VmallocChunk:   251424388 kB
Time pass: 337 sec

---2015-12-05 14:07:44
MemTotal:        2905316 kB
MemFree:           72892 kB
Buffers:           25872 kB
Cached:          1005980 kB
SwapCached:            0 kB
Active:          1331484 kB
Inactive:         701560 kB
Active(anon):     839664 kB
Inactive(anon):   209300 kB
Active(file):     491820 kB
Inactive(file):   492260 kB
Unevictable:       12768 kB
Mlocked:               0 kB
SwapTotal:        720184 kB
SwapFree:         719900 kB
Dirty:                36 kB
Writeback:             0 kB
AnonPages:       1014040 kB
Mapped:           687644 kB
Shmem:             35004 kB
Slab:             117296 kB
SReclaimable:      35800 kB
SUnreclaim:        81496 kB
KernelStack:       34352 kB
PageTables:        57036 kB
NFS_Unstable:          0 kB
Bounce:                0 kB
WritebackTmp:          0 kB
CommitLimit:     2172840 kB
Committed_AS:   93155320 kB
VmallocTotal:   251658176 kB
VmallocUsed:      139804 kB
VmallocChunk:   251424388 kB
Time pass: 341 sec

---2015-12-05 14:07:44
MemTotal:        2905316 kB
MemFree:           72768 kB
Buffers:           25896 kB
Cached:          1006020 kB
SwapCached:            0 kB
Active:          1332284 kB
Inactive:         701608 kB
Active(anon):     840448 kB
Inactive(anon):   209304 kB
Active(file):     491836 kB
Inactive(file):   492304 kB
Unevictable:       12768 kB
Mlocked:               0 kB
SwapTotal:        720184 kB
SwapFree:         719900 kB
Dirty:               120 kB
Writeback:             0 kB
AnonPages:       1014696 kB
Mapped:           687652 kB
Shmem:             35008 kB
Slab:             117296 kB
SReclaimable:      35800 kB
SUnreclaim:        81496 kB
KernelStack:       34352 kB
PageTables:        57036 kB
NFS_Unstable:          0 kB
Bounce:                0 kB
WritebackTmp:          0 kB
CommitLimit:     2172840 kB
Committed_AS:   93155332 kB
VmallocTotal:   251658176 kB
VmallocUsed:      139804 kB
VmallocChunk:   251424388 kB
Time pass: 345 sec

---2015-12-05 14:07:44
MemTotal:        2905316 kB
MemFree:           71656 kB
Buffers:           25904 kB
Cached:          1006080 kB
SwapCached:            0 kB
Active:          1332732 kB
Inactive:         701672 kB
Active(anon):     840892 kB
Inactive(anon):   209364 kB
Active(file):     491840 kB
Inactive(file):   492308 kB
Unevictable:       12768 kB
Mlocked:               0 kB
SwapTotal:        720184 kB
SwapFree:         719900 kB
Dirty:                72 kB
Writeback:             0 kB
AnonPages:       1015320 kB
Mapped:           687736 kB
Shmem:             35068 kB
Slab:             117296 kB
SReclaimable:      35800 kB
SUnreclaim:        81496 kB
KernelStack:       34352 kB
PageTables:        57092 kB
NFS_Unstable:          0 kB
Bounce:                0 kB
WritebackTmp:          0 kB
CommitLimit:     2172840 kB
Committed_AS:   93181904 kB
VmallocTotal:   251658176 kB
VmallocUsed:      139804 kB
VmallocChunk:   251424388 kB
Time pass: 349 sec

---2015-12-05 14:07:44
MemTotal:        2905316 kB
MemFree:           71044 kB
Buffers:           25904 kB
Cached:          1006080 kB
SwapCached:            0 kB
Active:          1332928 kB
Inactive:         701672 kB
Active(anon):     841088 kB
Inactive(anon):   209364 kB
Active(file):     491840 kB
Inactive(file):   492308 kB
Unevictable:       12768 kB
Mlocked:               0 kB
SwapTotal:        720184 kB
SwapFree:         719900 kB
Dirty:                 4 kB
Writeback:             0 kB
AnonPages:       1015472 kB
Mapped:           687736 kB
Shmem:             35068 kB
Slab:             117296 kB
SReclaimable:      35800 kB
SUnreclaim:        81496 kB
KernelStack:       34320 kB
PageTables:        57092 kB
NFS_Unstable:          0 kB
Bounce:                0 kB
WritebackTmp:          0 kB
CommitLimit:     2172840 kB
Committed_AS:   93181916 kB
VmallocTotal:   251658176 kB
VmallocUsed:      139804 kB
VmallocChunk:   251424388 kB
Time pass: 353 sec

---2015-12-05 14:07:44
MemTotal:        2905316 kB
MemFree:           70760 kB
Buffers:           25928 kB
Cached:          1006112 kB
SwapCached:            0 kB
Active:          1333584 kB
Inactive:         701720 kB
Active(anon):     841736 kB
Inactive(anon):   209364 kB
Active(file):     491848 kB
Inactive(file):   492356 kB
Unevictable:       12768 kB
Mlocked:               0 kB
SwapTotal:        720184 kB
SwapFree:         719900 kB
Dirty:                96 kB
Writeback:             0 kB
AnonPages:       1016092 kB
Mapped:           687744 kB
Shmem:             35068 kB
Slab:             117296 kB
SReclaimable:      35800 kB
SUnreclaim:        81496 kB
KernelStack:       34336 kB
PageTables:        57088 kB
NFS_Unstable:          0 kB
Bounce:                0 kB
WritebackTmp:          0 kB
CommitLimit:     2172840 kB
Committed_AS:   93181928 kB
VmallocTotal:   251658176 kB
VmallocUsed:      139804 kB
VmallocChunk:   251424388 kB
Time pass: 357 sec

---2015-12-05 14:07:44
MemTotal:        2905316 kB
MemFree:           70352 kB
Buffers:           25936 kB
Cached:          1006108 kB
SwapCached:            0 kB
Active:          1333928 kB
Inactive:         701720 kB
Active(anon):     842076 kB
Inactive(anon):   209364 kB
Active(file):     491852 kB
Inactive(file):   492356 kB
Unevictable:       12768 kB
Mlocked:               0 kB
SwapTotal:        720184 kB
SwapFree:         719900 kB
Dirty:                68 kB
Writeback:             0 kB
AnonPages:       1016372 kB
Mapped:           687752 kB
Shmem:             35068 kB
Slab:             117296 kB
SReclaimable:      35800 kB
SUnreclaim:        81496 kB
KernelStack:       34320 kB
PageTables:        57092 kB
NFS_Unstable:          0 kB
Bounce:                0 kB
WritebackTmp:          0 kB
CommitLimit:     2172840 kB
Committed_AS:   93181876 kB
VmallocTotal:   251658176 kB
VmallocUsed:      139804 kB
VmallocChunk:   251424388 kB
Time pass: 360 sec

---2015-12-05 14:07:44
MemTotal:        2905316 kB
MemFree:           69788 kB
Buffers:           25936 kB
Cached:          1006120 kB
SwapCached:            0 kB
Active:          1334124 kB
Inactive:         701724 kB
Active(anon):     842264 kB
Inactive(anon):   209364 kB
Active(file):     491860 kB
Inactive(file):   492360 kB
Unevictable:       12768 kB
Mlocked:               0 kB
SwapTotal:        720184 kB
SwapFree:         719900 kB
Dirty:                 8 kB
Writeback:             0 kB
AnonPages:       1016560 kB
Mapped:           687764 kB
Shmem:             35068 kB
Slab:             117296 kB
SReclaimable:      35800 kB
SUnreclaim:        81496 kB
KernelStack:       34320 kB
PageTables:        57092 kB
NFS_Unstable:          0 kB
Bounce:                0 kB
WritebackTmp:          0 kB
CommitLimit:     2172840 kB
Committed_AS:   93181860 kB
VmallocTotal:   251658176 kB
VmallocUsed:      139936 kB
VmallocChunk:   251424388 kB
Time pass: 364 sec

---2015-12-05 14:07:44
MemTotal:        2905316 kB
MemFree:           69784 kB
Buffers:           25960 kB
Cached:          1006152 kB
SwapCached:            0 kB
Active:          1334664 kB
Inactive:         701772 kB
Active(anon):     842796 kB
Inactive(anon):   209364 kB
Active(file):     491868 kB
Inactive(file):   492408 kB
Unevictable:       12768 kB
Mlocked:               0 kB
SwapTotal:        720184 kB
SwapFree:         719900 kB
Dirty:                72 kB
Writeback:             0 kB
AnonPages:       1017180 kB
Mapped:           687776 kB
Shmem:             35068 kB
Slab:             117296 kB
SReclaimable:      35800 kB
SUnreclaim:        81496 kB
KernelStack:       34320 kB
PageTables:        57088 kB
NFS_Unstable:          0 kB
Bounce:                0 kB
WritebackTmp:          0 kB
CommitLimit:     2172840 kB
Committed_AS:   93181888 kB
VmallocTotal:   251658176 kB
VmallocUsed:      139804 kB
VmallocChunk:   251424388 kB
Time pass: 368 sec

---2015-12-05 14:07:44
MemTotal:        2905316 kB
MemFree:           69396 kB
Buffers:           25960 kB
Cached:          1006156 kB
SwapCached:            0 kB
Active:          1334784 kB
Inactive:         701776 kB
Active(anon):     842916 kB
Inactive(anon):   209368 kB
Active(file):     491868 kB
Inactive(file):   492408 kB
Unevictable:       12768 kB
Mlocked:               0 kB
SwapTotal:        720184 kB
SwapFree:         719900 kB
Dirty:                72 kB
Writeback:             0 kB
AnonPages:       1017204 kB
Mapped:           687784 kB
Shmem:             35072 kB
Slab:             117296 kB
SReclaimable:      35800 kB
SUnreclaim:        81496 kB
KernelStack:       34240 kB
PageTables:        57092 kB
NFS_Unstable:          0 kB
Bounce:                0 kB
WritebackTmp:          0 kB
CommitLimit:     2172840 kB
Committed_AS:   93181844 kB
VmallocTotal:   251658176 kB
VmallocUsed:      139804 kB
VmallocChunk:   251424388 kB
Time pass: 372 sec

---2015-12-05 14:07:44
MemTotal:        2905316 kB
MemFree:           69176 kB
Buffers:           25968 kB
Cached:          1006164 kB
SwapCached:            0 kB
Active:          1334768 kB
Inactive:         701788 kB
Active(anon):     842896 kB
Inactive(anon):   209372 kB
Active(file):     491872 kB
Inactive(file):   492416 kB
Unevictable:       12768 kB
Mlocked:               0 kB
SwapTotal:        720184 kB
SwapFree:         719900 kB
Dirty:                56 kB
Writeback:             0 kB
AnonPages:       1017280 kB
Mapped:           687796 kB
Shmem:             35076 kB
Slab:             117296 kB
SReclaimable:      35800 kB
SUnreclaim:        81496 kB
KernelStack:       34240 kB
PageTables:        57088 kB
NFS_Unstable:          0 kB
Bounce:                0 kB
WritebackTmp:          0 kB
CommitLimit:     2172840 kB
Committed_AS:   93181788 kB
VmallocTotal:   251658176 kB
VmallocUsed:      139804 kB
VmallocChunk:   251424388 kB
Time pass: 376 sec

---2015-12-05 14:07:44
MemTotal:        2905316 kB
MemFree:           67788 kB
Buffers:           25992 kB
Cached:          1006212 kB
SwapCached:            0 kB
Active:          1335652 kB
Inactive:         701868 kB
Active(anon):     843788 kB
Inactive(anon):   209444 kB
Active(file):     491864 kB
Inactive(file):   492424 kB
Unevictable:       12768 kB
Mlocked:               0 kB
SwapTotal:        720184 kB
SwapFree:         719900 kB
Dirty:                20 kB
Writeback:             0 kB
AnonPages:       1018328 kB
Mapped:           687872 kB
Shmem:             35148 kB
Slab:             117296 kB
SReclaimable:      35800 kB
SUnreclaim:        81496 kB
KernelStack:       34240 kB
PageTables:        57156 kB
NFS_Unstable:          0 kB
Bounce:                0 kB
WritebackTmp:          0 kB
CommitLimit:     2172840 kB
Committed_AS:   93208400 kB
VmallocTotal:   251658176 kB
VmallocUsed:      139804 kB
VmallocChunk:   251424388 kB
Time pass: 380 sec

---2015-12-05 14:07:44
MemTotal:        2905316 kB
MemFree:           67036 kB
Buffers:           25992 kB
Cached:          1006264 kB
SwapCached:            0 kB
Active:          1336640 kB
Inactive:         701908 kB
Active(anon):     844764 kB
Inactive(anon):   209444 kB
Active(file):     491876 kB
Inactive(file):   492464 kB
Unevictable:       12768 kB
Mlocked:               0 kB
SwapTotal:        720184 kB
SwapFree:         719900 kB
Dirty:                 0 kB
Writeback:             0 kB
AnonPages:       1019016 kB
Mapped:           687876 kB
Shmem:             35148 kB
Slab:             117296 kB
SReclaimable:      35800 kB
SUnreclaim:        81496 kB
KernelStack:       34224 kB
PageTables:        57156 kB
NFS_Unstable:          0 kB
Bounce:                0 kB
WritebackTmp:          0 kB
CommitLimit:     2172840 kB
Committed_AS:   93208412 kB
VmallocTotal:   251658176 kB
VmallocUsed:      139804 kB
VmallocChunk:   251424388 kB
Time pass: 384 sec

---2015-12-05 14:07:44
MemTotal:        2905316 kB
MemFree:           66804 kB
Buffers:           26000 kB
Cached:          1006268 kB
SwapCached:            0 kB
Active:          1336952 kB
Inactive:         701916 kB
Active(anon):     845072 kB
Inactive(anon):   209444 kB
Active(file):     491880 kB
Inactive(file):   492472 kB
Unevictable:       12768 kB
Mlocked:               0 kB
SwapTotal:        720184 kB
SwapFree:         719900 kB
Dirty:                52 kB
Writeback:             0 kB
AnonPages:       1018912 kB
Mapped:           687884 kB
Shmem:             35148 kB
Slab:             117296 kB
SReclaimable:      35800 kB
SUnreclaim:        81496 kB
KernelStack:       34272 kB
PageTables:        57156 kB
NFS_Unstable:          0 kB
Bounce:                0 kB
WritebackTmp:          0 kB
CommitLimit:     2172840 kB
Committed_AS:   93208412 kB
VmallocTotal:   251658176 kB
VmallocUsed:      139804 kB
VmallocChunk:   251424388 kB
Time pass: 388 sec

---2015-12-05 14:07:44
MemTotal:        2905316 kB
MemFree:           67040 kB
Buffers:           26008 kB
Cached:          1006272 kB
SwapCached:            0 kB
Active:          1336920 kB
Inactive:         701928 kB
Active(anon):     845040 kB
Inactive(anon):   209444 kB
Active(file):     491880 kB
Inactive(file):   492484 kB
Unevictable:       12768 kB
Mlocked:               0 kB
SwapTotal:        720184 kB
SwapFree:         719900 kB
Dirty:                28 kB
Writeback:             0 kB
AnonPages:       1019224 kB
Mapped:           687904 kB
Shmem:             35148 kB
Slab:             117296 kB
SReclaimable:      35800 kB
SUnreclaim:        81496 kB
KernelStack:       34240 kB
PageTables:        57156 kB
NFS_Unstable:          0 kB
Bounce:                0 kB
WritebackTmp:          0 kB
CommitLimit:     2172840 kB
Committed_AS:   93208656 kB
VmallocTotal:   251658176 kB
VmallocUsed:      139804 kB
VmallocChunk:   251424388 kB
Time pass: 392 sec

---2015-12-05 14:07:44
MemTotal:        2905316 kB
MemFree:           66172 kB
Buffers:           26024 kB
Cached:          1006280 kB
SwapCached:            0 kB
Active:          1337900 kB
Inactive:         701948 kB
Active(anon):     846016 kB
Inactive(anon):   209444 kB
Active(file):     491884 kB
Inactive(file):   492504 kB
Unevictable:       12768 kB
Mlocked:               0 kB
SwapTotal:        720184 kB
SwapFree:         719900 kB
Dirty:                24 kB
Writeback:             8 kB
AnonPages:       1020636 kB
Mapped:           687972 kB
Shmem:             35148 kB
Slab:             117296 kB
SReclaimable:      35800 kB
SUnreclaim:        81496 kB
KernelStack:       34288 kB
PageTables:        57176 kB
NFS_Unstable:          0 kB
Bounce:                0 kB
WritebackTmp:          0 kB
CommitLimit:     2172840 kB
Committed_AS:   93208680 kB
VmallocTotal:   251658176 kB
VmallocUsed:      139804 kB
VmallocChunk:   251424388 kB
Time pass: 396 sec

---2015-12-05 14:07:44
MemTotal:        2905316 kB
MemFree:           66180 kB
Buffers:           26024 kB
Cached:          1006308 kB
SwapCached:            0 kB
Active:          1337680 kB
Inactive:         701972 kB
Active(anon):     845792 kB
Inactive(anon):   209444 kB
Active(file):     491888 kB
Inactive(file):   492528 kB
Unevictable:       12768 kB
Mlocked:               0 kB
SwapTotal:        720184 kB
SwapFree:         719900 kB
Dirty:                 4 kB
Writeback:             0 kB
AnonPages:       1020080 kB
Mapped:           687976 kB
Shmem:             35148 kB
Slab:             117296 kB
SReclaimable:      35800 kB
SUnreclaim:        81496 kB
KernelStack:       34256 kB
PageTables:        57176 kB
NFS_Unstable:          0 kB
Bounce:                0 kB
WritebackTmp:          0 kB
CommitLimit:     2172840 kB
Committed_AS:   93208668 kB
VmallocTotal:   251658176 kB
VmallocUsed:      139804 kB
VmallocChunk:   251424388 kB
Time pass: 400 sec

---2015-12-05 14:07:44
MemTotal:        2905316 kB
MemFree:           66144 kB
Buffers:           26032 kB
Cached:          1006308 kB
SwapCached:            0 kB
Active:          1337796 kB
Inactive:         701976 kB
