---2015-12-09 10:54:01
MemTotal:        2895588 kB
MemFree:          116868 kB
Buffers:           20360 kB
Cached:          1660608 kB
SwapCached:            0 kB
Active:           865696 kB
Inactive:        1394588 kB
Active(anon):     544020 kB
Inactive(anon):    39240 kB
Active(file):     321676 kB
Inactive(file):  1355348 kB
Unevictable:        2748 kB
Mlocked:               0 kB
HighTotal:       2306432 kB
HighFree:          38096 kB
LowTotal:         589156 kB
LowFree:           78772 kB
SwapTotal:       1048572 kB
SwapFree:        1048572 kB
Dirty:                 0 kB
Writeback:             0 kB
AnonPages:        582312 kB
Mapped:           366088 kB
Shmem:              1196 kB
Slab:              54848 kB
SReclaimable:      19576 kB
SUnreclaim:        35272 kB
KernelStack:       12400 kB
PageTables:        37768 kB
NFS_Unstable:          0 kB
Bounce:                0 kB
WritebackTmp:          0 kB
CommitLimit:     2496364 kB
Committed_AS:   83619492 kB
VmallocTotal:     385024 kB
VmallocUsed:      152536 kB
VmallocChunk:      61508 kB
Time pass: 3 sec

---2015-12-09 10:54:01
MemTotal:        2895588 kB
MemFree:          117156 kB
Buffers:           20360 kB
Cached:          1660608 kB
SwapCached:            0 kB
Active:           865164 kB
Inactive:        1394580 kB
Active(anon):     543480 kB
Inactive(anon):    39240 kB
Active(file):     321684 kB
Inactive(file):  1355340 kB
Unevictable:        2748 kB
Mlocked:               0 kB
HighTotal:       2306432 kB
HighFree:          39832 kB
LowTotal:         589156 kB
LowFree:           77324 kB
SwapTotal:       1048572 kB
SwapFree:        1048572 kB
Dirty:                 0 kB
Writeback:             0 kB
AnonPages:        581692 kB
Mapped:           366072 kB
Shmem:              1196 kB
Slab:              54800 kB
SReclaimable:      19576 kB
SUnreclaim:        35224 kB
KernelStack:       12400 kB
PageTables:        37692 kB
NFS_Unstable:          0 kB
Bounce:                0 kB
WritebackTmp:          0 kB
CommitLimit:     2496364 kB
Committed_AS:   83619572 kB
VmallocTotal:     385024 kB
VmallocUsed:      152536 kB
VmallocChunk:      61508 kB
Time pass: 7 sec

---2015-12-09 10:54:01
MemTotal:        2895588 kB
MemFree:          117364 kB
Buffers:           20368 kB
Cached:          1660608 kB
SwapCached:            0 kB
Active:           865192 kB
Inactive:        1394588 kB
Active(anon):     543508 kB
Inactive(anon):    39240 kB
Active(file):     321684 kB
Inactive(file):  1355348 kB
Unevictable:        2748 kB
Mlocked:               0 kB
HighTotal:       2306432 kB
HighFree:          39584 kB
LowTotal:         589156 kB
LowFree:           77780 kB
SwapTotal:       1048572 kB
SwapFree:        1048572 kB
Dirty:                 4 kB
Writeback:             0 kB
AnonPages:        581604 kB
Mapped:           366124 kB
Shmem:              1196 kB
Slab:              54788 kB
SReclaimable:      19576 kB
SUnreclaim:        35212 kB
KernelStack:       12400 kB
PageTables:        37732 kB
NFS_Unstable:          0 kB
Bounce:                0 kB
WritebackTmp:          0 kB
CommitLimit:     2496364 kB
Committed_AS:   83619804 kB
VmallocTotal:     385024 kB
VmallocUsed:      152536 kB
VmallocChunk:      61508 kB
Time pass: 10 sec

---2015-12-09 10:54:01
MemTotal:        2895588 kB
MemFree:          116504 kB
Buffers:           20368 kB
Cached:          1660608 kB
SwapCached:            0 kB
Active:           865116 kB
Inactive:        1394548 kB
Active(anon):     543424 kB
Inactive(anon):    39208 kB
Active(file):     321692 kB
Inactive(file):  1355340 kB
Unevictable:        2748 kB
Mlocked:               0 kB
HighTotal:       2306432 kB
HighFree:          38964 kB
LowTotal:         589156 kB
LowFree:           77540 kB
SwapTotal:       1048572 kB
SwapFree:        1048572 kB
Dirty:                 4 kB
Writeback:             0 kB
AnonPages:        581588 kB
Mapped:           366072 kB
Shmem:              1196 kB
Slab:              54788 kB
SReclaimable:      19576 kB
SUnreclaim:        35212 kB
KernelStack:       12400 kB
PageTables:        37712 kB
NFS_Unstable:          0 kB
Bounce:                0 kB
WritebackTmp:          0 kB
CommitLimit:     2496364 kB
Committed_AS:   83619884 kB
VmallocTotal:     385024 kB
VmallocUsed:      152536 kB
VmallocChunk:      61508 kB
Time pass: 14 sec

---2015-12-09 10:54:01
MemTotal:        2895588 kB
MemFree:          116188 kB
Buffers:           20368 kB
Cached:          1660608 kB
SwapCached:            0 kB
Active:           865192 kB
Inactive:        1394548 kB
Active(anon):     543500 kB
Inactive(anon):    39208 kB
Active(file):     321692 kB
Inactive(file):  1355340 kB
Unevictable:        2748 kB
Mlocked:               0 kB
HighTotal:       2306432 kB
HighFree:          38468 kB
LowTotal:         589156 kB
LowFree:           77720 kB
SwapTotal:       1048572 kB
SwapFree:        1048572 kB
Dirty:                 0 kB
Writeback:             0 kB
AnonPages:        581864 kB
Mapped:           366072 kB
Shmem:              1196 kB
Slab:              54788 kB
SReclaimable:      19576 kB
SUnreclaim:        35212 kB
KernelStack:       12400 kB
PageTables:        37712 kB
NFS_Unstable:          0 kB
Bounce:                0 kB
WritebackTmp:          0 kB
CommitLimit:     2496364 kB
Committed_AS:   83619996 kB
VmallocTotal:     385024 kB
VmallocUsed:      152536 kB
VmallocChunk:      61508 kB
Time pass: 17 sec

---2015-12-09 10:54:01
MemTotal:        2895588 kB
MemFree:          115748 kB
Buffers:           20368 kB
Cached:          1660608 kB
SwapCached:            0 kB
Active:           867164 kB
Inactive:        1394548 kB
Active(anon):     545472 kB
Inactive(anon):    39208 kB
Active(file):     321692 kB
Inactive(file):  1355340 kB
Unevictable:        2748 kB
Mlocked:               0 kB
HighTotal:       2306432 kB
HighFree:          38096 kB
LowTotal:         589156 kB
LowFree:           77652 kB
SwapTotal:       1048572 kB
SwapFree:        1048572 kB
Dirty:                 0 kB
Writeback:             0 kB
AnonPages:        583996 kB
Mapped:           366108 kB
Shmem:              1196 kB
Slab:              54788 kB
SReclaimable:      19576 kB
SUnreclaim:        35212 kB
KernelStack:       12400 kB
PageTables:        37732 kB
NFS_Unstable:          0 kB
Bounce:                0 kB
WritebackTmp:          0 kB
CommitLimit:     2496364 kB
Committed_AS:   83622868 kB
VmallocTotal:     385024 kB
VmallocUsed:      152536 kB
VmallocChunk:      61508 kB
Time pass: 21 sec

---2015-12-09 10:54:01
MemTotal:        2895588 kB
MemFree:           79400 kB
Buffers:           11608 kB
Cached:          1523448 kB
SwapCached:            0 kB
Active:           681124 kB
Inactive:        1469208 kB
Active(anon):     325384 kB
Inactive(anon):   293700 kB
Active(file):     355740 kB
Inactive(file):  1175508 kB
Unevictable:        2748 kB
Mlocked:               0 kB
HighTotal:       2306432 kB
HighFree:          46988 kB
LowTotal:         589156 kB
LowFree:           32412 kB
SwapTotal:       1048572 kB
SwapFree:        1048572 kB
Dirty:              1744 kB
Writeback:             0 kB
AnonPages:        617956 kB
Mapped:           388604 kB
Shmem:              1328 kB
Slab:              55000 kB
SReclaimable:      19756 kB
SUnreclaim:        35244 kB
KernelStack:       13144 kB
PageTables:        38840 kB
NFS_Unstable:          0 kB
Bounce:                0 kB
WritebackTmp:          0 kB
CommitLimit:     2496364 kB
Committed_AS:   84959000 kB
VmallocTotal:     385024 kB
VmallocUsed:      154124 kB
VmallocChunk:      61508 kB
Time pass: 24 sec

---2015-12-09 10:54:01
MemTotal:        2895588 kB
MemFree:           94868 kB
Buffers:           11560 kB
Cached:          1491316 kB
SwapCached:            0 kB
Active:           647744 kB
Inactive:        1449476 kB
Active(anon):     289152 kB
Inactive(anon):   309268 kB
Active(file):     358592 kB
Inactive(file):  1140208 kB
Unevictable:        2748 kB
Mlocked:               0 kB
HighTotal:       2306432 kB
HighFree:          58064 kB
LowTotal:         589156 kB
LowFree:           36804 kB
SwapTotal:       1048572 kB
SwapFree:        1048572 kB
Dirty:               700 kB
Writeback:             0 kB
AnonPages:        597216 kB
Mapped:           387720 kB
Shmem:              1328 kB
Slab:              55176 kB
SReclaimable:      19828 kB
SUnreclaim:        35348 kB
KernelStack:       13144 kB
PageTables:        38692 kB
NFS_Unstable:          0 kB
Bounce:                0 kB
WritebackTmp:          0 kB
CommitLimit:     2496364 kB
Committed_AS:   84956580 kB
VmallocTotal:     385024 kB
VmallocUsed:      154428 kB
VmallocChunk:      61508 kB
Time pass: 28 sec

---2015-12-09 10:54:01
MemTotal:        2895588 kB
MemFree:           96816 kB
Buffers:           11576 kB
Cached:          1491368 kB
SwapCached:            0 kB
Active:           646868 kB
Inactive:        1449476 kB
Active(anon):     288264 kB
Inactive(anon):   309220 kB
Active(file):     358604 kB
Inactive(file):  1140256 kB
Unevictable:        2748 kB
Mlocked:               0 kB
HighTotal:       2306432 kB
HighFree:          59252 kB
LowTotal:         589156 kB
LowFree:           37564 kB
SwapTotal:       1048572 kB
SwapFree:        1048572 kB
Dirty:                84 kB
Writeback:             0 kB
AnonPages:        596544 kB
Mapped:           387772 kB
Shmem:              1328 kB
Slab:              55196 kB
SReclaimable:      19828 kB
SUnreclaim:        35368 kB
KernelStack:       13136 kB
PageTables:        38712 kB
NFS_Unstable:          0 kB
Bounce:                0 kB
WritebackTmp:          0 kB
CommitLimit:     2496364 kB
Committed_AS:   84956752 kB
VmallocTotal:     385024 kB
VmallocUsed:      154428 kB
VmallocChunk:      61508 kB
Time pass: 32 sec

---2015-12-09 10:54:01
MemTotal:        2895588 kB
MemFree:           96344 kB
Buffers:           11576 kB
Cached:          1491368 kB
SwapCached:            0 kB
Active:           646500 kB
Inactive:        1449460 kB
Active(anon):     287896 kB
Inactive(anon):   309200 kB
Active(file):     358604 kB
Inactive(file):  1140260 kB
Unevictable:        2748 kB
Mlocked:               0 kB
HighTotal:       2306432 kB
HighFree:          58944 kB
LowTotal:         589156 kB
LowFree:           37400 kB
SwapTotal:       1048572 kB
SwapFree:        1048572 kB
Dirty:               140 kB
Writeback:             0 kB
AnonPages:        595904 kB
Mapped:           387792 kB
Shmem:              1328 kB
Slab:              55204 kB
SReclaimable:      19828 kB
SUnreclaim:        35376 kB
KernelStack:       13128 kB
PageTables:        38664 kB
NFS_Unstable:          0 kB
Bounce:                0 kB
WritebackTmp:          0 kB
CommitLimit:     2496364 kB
Committed_AS:   84956824 kB
VmallocTotal:     385024 kB
VmallocUsed:      154428 kB
VmallocChunk:      61508 kB
Time pass: 35 sec

---2015-12-09 10:54:01
MemTotal:        2895588 kB
MemFree:           70896 kB
Buffers:           11552 kB
Cached:          1457168 kB
SwapCached:            0 kB
Active:           661148 kB
Inactive:        1414152 kB
Active(anon):     301744 kB
Inactive(anon):   309172 kB
Active(file):     359404 kB
Inactive(file):  1104980 kB
Unevictable:        2748 kB
Mlocked:               0 kB
HighTotal:       2306432 kB
HighFree:          41200 kB
LowTotal:         589156 kB
LowFree:           29696 kB
SwapTotal:       1048572 kB
SwapFree:        1048572 kB
Dirty:                64 kB
Writeback:             0 kB
AnonPages:        609276 kB
Mapped:           388656 kB
Shmem:              1332 kB
Slab:              55220 kB
SReclaimable:      19828 kB
SUnreclaim:        35392 kB
KernelStack:       13176 kB
PageTables:        38748 kB
NFS_Unstable:          0 kB
Bounce:                0 kB
WritebackTmp:          0 kB
CommitLimit:     2496364 kB
Committed_AS:   84954928 kB
VmallocTotal:     385024 kB
VmallocUsed:      155028 kB
VmallocChunk:      61508 kB
Time pass: 39 sec

---2015-12-09 10:54:01
MemTotal:        2895588 kB
MemFree:           74644 kB
Buffers:           11356 kB
Cached:          1435620 kB
SwapCached:            0 kB
Active:           668264 kB
Inactive:        1396548 kB
Active(anon):     308356 kB
Inactive(anon):   313552 kB
Active(file):     359908 kB
Inactive(file):  1082996 kB
Unevictable:        2748 kB
Mlocked:               0 kB
HighTotal:       2306432 kB
HighFree:          42016 kB
LowTotal:         589156 kB
LowFree:           32628 kB
SwapTotal:       1048572 kB
SwapFree:        1048572 kB
Dirty:                 0 kB
Writeback:             0 kB
AnonPages:        620924 kB
Mapped:           389112 kB
Shmem:              1328 kB
Slab:              55232 kB
SReclaimable:      19836 kB
SUnreclaim:        35396 kB
KernelStack:       13208 kB
PageTables:        38844 kB
NFS_Unstable:          0 kB
Bounce:                0 kB
WritebackTmp:          0 kB
CommitLimit:     2496364 kB
Committed_AS:   84978584 kB
VmallocTotal:     385024 kB
VmallocUsed:      155028 kB
VmallocChunk:      61508 kB
Time pass: 43 sec

---2015-12-09 10:54:01
MemTotal:        2895588 kB
MemFree:           91828 kB
Buffers:           11328 kB
Cached:          1425524 kB
SwapCached:            0 kB
Active:           658272 kB
Inactive:        1391072 kB
Active(anon):     298128 kB
Inactive(anon):   318472 kB
Active(file):     360144 kB
Inactive(file):  1072600 kB
Unevictable:        2748 kB
Mlocked:               0 kB
HighTotal:       2306432 kB
HighFree:          59480 kB
LowTotal:         589156 kB
LowFree:           32348 kB
SwapTotal:       1048572 kB
SwapFree:        1048572 kB
Dirty:                64 kB
Writeback:             0 kB
AnonPages:        615692 kB
Mapped:           389524 kB
Shmem:              1332 kB
Slab:              55188 kB
SReclaimable:      19844 kB
SUnreclaim:        35344 kB
KernelStack:       13256 kB
PageTables:        38824 kB
NFS_Unstable:          0 kB
Bounce:                0 kB
WritebackTmp:          0 kB
CommitLimit:     2496364 kB
Committed_AS:   84969348 kB
VmallocTotal:     385024 kB
VmallocUsed:      154916 kB
VmallocChunk:      61508 kB
Time pass: 46 sec

---2015-12-09 10:54:01
MemTotal:        2895588 kB
MemFree:           73700 kB
Buffers:           11328 kB
Cached:          1422080 kB
SwapCached:            0 kB
Active:           673144 kB
Inactive:        1387564 kB
Active(anon):     312916 kB
Inactive(anon):   318460 kB
Active(file):     360228 kB
Inactive(file):  1069104 kB
Unevictable:        2748 kB
Mlocked:               0 kB
HighTotal:       2306432 kB
HighFree:          41368 kB
LowTotal:         589156 kB
LowFree:           32332 kB
SwapTotal:       1048572 kB
SwapFree:        1048572 kB
Dirty:               528 kB
Writeback:             0 kB
AnonPages:        630084 kB
Mapped:           390788 kB
Shmem:              1332 kB
Slab:              55256 kB
SReclaimable:      19880 kB
SUnreclaim:        35376 kB
KernelStack:       13288 kB
PageTables:        38860 kB
NFS_Unstable:          0 kB
Bounce:                0 kB
WritebackTmp:          0 kB
CommitLimit:     2496364 kB
Committed_AS:   84969820 kB
VmallocTotal:     385024 kB
VmallocUsed:      155052 kB
VmallocChunk:      61508 kB
Time pass: 50 sec

---2015-12-09 10:54:01
MemTotal:        2895588 kB
MemFree:           77588 kB
Buffers:           11120 kB
Cached:          1380332 kB
SwapCached:            0 kB
Active:           664940 kB
Inactive:        1348500 kB
Active(anon):     302836 kB
Inactive(anon):   323228 kB
Active(file):     362104 kB
Inactive(file):  1025272 kB
Unevictable:        2748 kB
Mlocked:               0 kB
HighTotal:       2306432 kB
HighFree:          45344 kB
LowTotal:         589156 kB
LowFree:           32244 kB
SwapTotal:       1048572 kB
SwapFree:        1048572 kB
Dirty:                 4 kB
Writeback:             0 kB
AnonPages:        624964 kB
Mapped:           390992 kB
Shmem:              1328 kB
Slab:              55268 kB
SReclaimable:      19912 kB
SUnreclaim:        35356 kB
KernelStack:       13352 kB
PageTables:        38872 kB
NFS_Unstable:          0 kB
Bounce:                0 kB
WritebackTmp:          0 kB
CommitLimit:     2496364 kB
Committed_AS:   84963860 kB
VmallocTotal:     385024 kB
VmallocUsed:      157264 kB
VmallocChunk:      61508 kB
Time pass: 54 sec

---2015-12-09 10:54:01
MemTotal:        2895588 kB
MemFree:           77208 kB
Buffers:           11128 kB
Cached:          1380748 kB
SwapCached:            0 kB
Active:           664704 kB
Inactive:        1348916 kB
Active(anon):     302600 kB
Inactive(anon):   323228 kB
Active(file):     362104 kB
Inactive(file):  1025688 kB
Unevictable:        2748 kB
Mlocked:               0 kB
HighTotal:       2306432 kB
HighFree:          44920 kB
LowTotal:         589156 kB
LowFree:           32288 kB
SwapTotal:       1048572 kB
SwapFree:        1048572 kB
Dirty:                84 kB
Writeback:             0 kB
AnonPages:        624444 kB
Mapped:           391372 kB
Shmem:              1328 kB
Slab:              55264 kB
SReclaimable:      19912 kB
SUnreclaim:        35352 kB
KernelStack:       13368 kB
PageTables:        38904 kB
NFS_Unstable:          0 kB
Bounce:                0 kB
WritebackTmp:          0 kB
CommitLimit:     2496364 kB
Committed_AS:   84964124 kB
VmallocTotal:     385024 kB
VmallocUsed:      157264 kB
VmallocChunk:      61508 kB
Time pass: 57 sec

---2015-12-09 10:54:01
MemTotal:        2895588 kB
MemFree:           77784 kB
Buffers:           11128 kB
Cached:          1376668 kB
SwapCached:            0 kB
Active:           666624 kB
Inactive:        1344816 kB
Active(anon):     304496 kB
Inactive(anon):   323224 kB
Active(file):     362128 kB
Inactive(file):  1021592 kB
Unevictable:        2748 kB
Mlocked:               0 kB
HighTotal:       2306432 kB
HighFree:          44796 kB
LowTotal:         589156 kB
LowFree:           32988 kB
SwapTotal:       1048572 kB
SwapFree:        1048572 kB
Dirty:               220 kB
Writeback:             0 kB
AnonPages:        626612 kB
Mapped:           391516 kB
Shmem:              1328 kB
Slab:              55264 kB
SReclaimable:      19912 kB
SUnreclaim:        35352 kB
KernelStack:       13352 kB
PageTables:        38872 kB
NFS_Unstable:          0 kB
Bounce:                0 kB
WritebackTmp:          0 kB
CommitLimit:     2496364 kB
Committed_AS:   84964148 kB
VmallocTotal:     385024 kB
VmallocUsed:      157280 kB
VmallocChunk:      61508 kB
Time pass: 61 sec

---2015-12-09 10:54:01
MemTotal:        2895588 kB
MemFree:           75752 kB
Buffers:           11136 kB
Cached:          1376672 kB
SwapCached:            0 kB
Active:           666864 kB
Inactive:        1344820 kB
Active(anon):     304732 kB
Inactive(anon):   323224 kB
Active(file):     362132 kB
Inactive(file):  1021596 kB
Unevictable:        2748 kB
Mlocked:               0 kB
HighTotal:       2306432 kB
HighFree:          42936 kB
LowTotal:         589156 kB
LowFree:           32816 kB
SwapTotal:       1048572 kB
SwapFree:        1048572 kB
Dirty:                 8 kB
Writeback:             0 kB
AnonPages:        626936 kB
Mapped:           391576 kB
Shmem:              1328 kB
Slab:              55264 kB
SReclaimable:      19916 kB
SUnreclaim:        35348 kB
KernelStack:       13352 kB
PageTables:        38892 kB
NFS_Unstable:          0 kB
Bounce:                0 kB
WritebackTmp:          0 kB
CommitLimit:     2496364 kB
Committed_AS:   84964348 kB
VmallocTotal:     385024 kB
VmallocUsed:      157280 kB
VmallocChunk:      61508 kB
Time pass: 64 sec

---2015-12-09 10:54:01
MemTotal:        2895588 kB
MemFree:           74576 kB
Buffers:           11096 kB
Cached:          1323380 kB
SwapCached:            0 kB
Active:           675936 kB
Inactive:        1290404 kB
Active(anon):     312180 kB
Inactive(anon):   323216 kB
Active(file):     363756 kB
Inactive(file):   967188 kB
Unevictable:        2748 kB
Mlocked:               0 kB
HighTotal:       2306432 kB
HighFree:          41476 kB
LowTotal:         589156 kB
LowFree:           33100 kB
SwapTotal:       1048572 kB
SwapFree:        1048572 kB
Dirty:                 0 kB
Writeback:             0 kB
AnonPages:        634256 kB
Mapped:           391848 kB
Shmem:              1328 kB
Slab:              55324 kB
SReclaimable:      19936 kB
SUnreclaim:        35388 kB
KernelStack:       13360 kB
PageTables:        38896 kB
NFS_Unstable:          0 kB
Bounce:                0 kB
WritebackTmp:          0 kB
CommitLimit:     2496364 kB
Committed_AS:   84973876 kB
VmallocTotal:     385024 kB
VmallocUsed:      157268 kB
VmallocChunk:      61508 kB
Time pass: 68 sec

---2015-12-09 10:54:01
MemTotal:        2895588 kB
MemFree:           74908 kB
Buffers:           11096 kB
Cached:          1319316 kB
SwapCached:            0 kB
Active:           682532 kB
Inactive:        1285612 kB
Active(anon):     318644 kB
Inactive(anon):   323200 kB
Active(file):     363888 kB
Inactive(file):   962412 kB
Unevictable:        2748 kB
Mlocked:               0 kB
HighTotal:       2306432 kB
HighFree:          41656 kB
LowTotal:         589156 kB
LowFree:           33252 kB
SwapTotal:       1048572 kB
SwapFree:        1048572 kB
Dirty:               244 kB
Writeback:             0 kB
AnonPages:        640760 kB
Mapped:           395236 kB
Shmem:              1328 kB
Slab:              55388 kB
SReclaimable:      19944 kB
SUnreclaim:        35444 kB
KernelStack:       13408 kB
PageTables:        38864 kB
NFS_Unstable:          0 kB
Bounce:                0 kB
WritebackTmp:          0 kB
CommitLimit:     2496364 kB
Committed_AS:   84975908 kB
VmallocTotal:     385024 kB
VmallocUsed:      157236 kB
VmallocChunk:      61508 kB
Time pass: 71 sec

---2015-12-09 10:54:01
MemTotal:        2895588 kB
MemFree:           70696 kB
Buffers:           11144 kB
Cached:          1312052 kB
SwapCached:            0 kB
Active:           691172 kB
Inactive:        1279792 kB
Active(anon):     327192 kB
Inactive(anon):   324820 kB
Active(file):     363980 kB
Inactive(file):   954972 kB
Unevictable:        2748 kB
Mlocked:               0 kB
HighTotal:       2306432 kB
HighFree:          39300 kB
LowTotal:         589156 kB
LowFree:           31396 kB
SwapTotal:       1048572 kB
SwapFree:        1048572 kB
Dirty:               360 kB
Writeback:             0 kB
AnonPages:        651204 kB
Mapped:           396756 kB
Shmem:              1480 kB
Slab:              55396 kB
SReclaimable:      19956 kB
SUnreclaim:        35440 kB
KernelStack:       13608 kB
PageTables:        39048 kB
NFS_Unstable:          0 kB
Bounce:                0 kB
WritebackTmp:          0 kB
CommitLimit:     2496364 kB
Committed_AS:   84996120 kB
VmallocTotal:     385024 kB
VmallocUsed:      159448 kB
VmallocChunk:      61508 kB
Time pass: 76 sec

---2015-12-09 10:54:01
MemTotal:        2895588 kB
MemFree:           74136 kB
Buffers:           11164 kB
Cached:          1273740 kB
SwapCached:            0 kB
Active:           694252 kB
Inactive:        1244616 kB
Active(anon):     329344 kB
Inactive(anon):   328904 kB
Active(file):     364908 kB
Inactive(file):   915712 kB
Unevictable:        2748 kB
Mlocked:               0 kB
HighTotal:       2306432 kB
HighFree:          41360 kB
LowTotal:         589156 kB
LowFree:           32776 kB
SwapTotal:       1048572 kB
SwapFree:        1048572 kB
Dirty:                68 kB
Writeback:             0 kB
AnonPages:        656988 kB
Mapped:           396808 kB
Shmem:              1536 kB
Slab:              55348 kB
SReclaimable:      19756 kB
SUnreclaim:        35592 kB
KernelStack:       13592 kB
PageTables:        39164 kB
NFS_Unstable:          0 kB
Bounce:                0 kB
WritebackTmp:          0 kB
CommitLimit:     2496364 kB
Committed_AS:   85004536 kB
VmallocTotal:     385024 kB
VmallocUsed:      159448 kB
VmallocChunk:      61508 kB
Time pass: 80 sec

---2015-12-09 10:54:01
MemTotal:        2895588 kB
MemFree:           72488 kB
Buffers:           11180 kB
Cached:          1273904 kB
SwapCached:            0 kB
Active:           695608 kB
Inactive:        1244784 kB
Active(anon):     330700 kB
Inactive(anon):   329056 kB
Active(file):     364908 kB
Inactive(file):   915728 kB
Unevictable:        2748 kB
Mlocked:               0 kB
HighTotal:       2306432 kB
HighFree:          39696 kB
LowTotal:         589156 kB
LowFree:           32792 kB
SwapTotal:       1048572 kB
SwapFree:        1048572 kB
Dirty:                44 kB
Writeback:             0 kB
AnonPages:        658208 kB
Mapped:           397008 kB
Shmem:              1700 kB
Slab:              55396 kB
SReclaimable:      19756 kB
SUnreclaim:        35640 kB
KernelStack:       13576 kB
PageTables:        39168 kB
NFS_Unstable:          0 kB
Bounce:                0 kB
WritebackTmp:          0 kB
CommitLimit:     2496364 kB
Committed_AS:   85008660 kB
VmallocTotal:     385024 kB
VmallocUsed:      159448 kB
VmallocChunk:      61508 kB
Time pass: 84 sec

---2015-12-09 10:54:01
MemTotal:        2895588 kB
MemFree:           71964 kB
Buffers:           11188 kB
Cached:          1273896 kB
SwapCached:            0 kB
Active:           695884 kB
Inactive:        1244796 kB
Active(anon):     330976 kB
Inactive(anon):   329068 kB
Active(file):     364908 kB
Inactive(file):   915728 kB
Unevictable:        2748 kB
Mlocked:               0 kB
HighTotal:       2306432 kB
HighFree:          39468 kB
LowTotal:         589156 kB
LowFree:           32496 kB
SwapTotal:       1048572 kB
SwapFree:        1048572 kB
Dirty:                 0 kB
Writeback:             0 kB
AnonPages:        658504 kB
Mapped:           397060 kB
Shmem:              1700 kB
Slab:              55408 kB
SReclaimable:      19756 kB
SUnreclaim:        35652 kB
KernelStack:       13576 kB
PageTables:        39188 kB
NFS_Unstable:          0 kB
Bounce:                0 kB
WritebackTmp:          0 kB
CommitLimit:     2496364 kB
Committed_AS:   85008776 kB
VmallocTotal:     385024 kB
VmallocUsed:      159448 kB
VmallocChunk:      61508 kB
Time pass: 88 sec

---2015-12-09 10:54:01
MemTotal:        2895588 kB
MemFree:           71720 kB
Buffers:           11204 kB
Cached:          1273952 kB
SwapCached:            0 kB
Active:           695848 kB
Inactive:        1244860 kB
Active(anon):     330940 kB
Inactive(anon):   329108 kB
Active(file):     364908 kB
Inactive(file):   915752 kB
Unevictable:        2748 kB
Mlocked:               0 kB
HighTotal:       2306432 kB
HighFree:          38776 kB
LowTotal:         589156 kB
LowFree:           32944 kB
SwapTotal:       1048572 kB
SwapFree:        1048572 kB
Dirty:                44 kB
Writeback:             0 kB
AnonPages:        658480 kB
Mapped:           397116 kB
Shmem:              1748 kB
Slab:              55400 kB
SReclaimable:      19756 kB
SUnreclaim:        35644 kB
KernelStack:       13576 kB
PageTables:        39164 kB
NFS_Unstable:          0 kB
Bounce:                0 kB
WritebackTmp:          0 kB
CommitLimit:     2496364 kB
Committed_AS:   85009000 kB
VmallocTotal:     385024 kB
VmallocUsed:      159448 kB
VmallocChunk:      61508 kB
Time pass: 92 sec

---2015-12-09 10:54:01
MemTotal:        2895588 kB
MemFree:           71224 kB
Buffers:           11220 kB
Cached:          1273952 kB
SwapCached:            0 kB
Active:           696800 kB
Inactive:        1244876 kB
Active(anon):     331892 kB
Inactive(anon):   329108 kB
Active(file):     364908 kB
Inactive(file):   915768 kB
Unevictable:        2748 kB
Mlocked:               0 kB
HighTotal:       2306432 kB
HighFree:          39024 kB
LowTotal:         589156 kB
LowFree:           32200 kB
SwapTotal:       1048572 kB
SwapFree:        1048572 kB
Dirty:                36 kB
Writeback:             0 kB
AnonPages:        659580 kB
Mapped:           397108 kB
Shmem:              1748 kB
Slab:              55404 kB
SReclaimable:      19756 kB
SUnreclaim:        35648 kB
KernelStack:       13576 kB
PageTables:        39196 kB
NFS_Unstable:          0 kB
Bounce:                0 kB
WritebackTmp:          0 kB
CommitLimit:     2496364 kB
Committed_AS:   85013176 kB
VmallocTotal:     385024 kB
VmallocUsed:      159448 kB
VmallocChunk:      61508 kB
Time pass: 95 sec

---2015-12-09 10:54:01
MemTotal:        2895588 kB
MemFree:           70712 kB
Buffers:           11220 kB
Cached:          1273952 kB
SwapCached:            0 kB
Active:           697196 kB
Inactive:        1244844 kB
Active(anon):     332304 kB
Inactive(anon):   329076 kB
Active(file):     364892 kB
Inactive(file):   915768 kB
Unevictable:        2748 kB
Mlocked:               0 kB
HighTotal:       2306432 kB
HighFree:          38848 kB
LowTotal:         589156 kB
LowFree:           31864 kB
SwapTotal:       1048572 kB
SwapFree:        1048572 kB
Dirty:                16 kB
Writeback:             0 kB
AnonPages:        659884 kB
Mapped:           397160 kB
Shmem:              1748 kB
Slab:              55400 kB
SReclaimable:      19756 kB
SUnreclaim:        35644 kB
KernelStack:       13568 kB
PageTables:        39216 kB
NFS_Unstable:          0 kB
Bounce:                0 kB
WritebackTmp:          0 kB
CommitLimit:     2496364 kB
Committed_AS:   85013444 kB
VmallocTotal:     385024 kB
VmallocUsed:      159448 kB
VmallocChunk:      61508 kB
Time pass: 99 sec

---2015-12-09 10:54:01
MemTotal:        2895588 kB
MemFree:           70424 kB
Buffers:           11244 kB
Cached:          1274504 kB
SwapCached:            0 kB
Active:           697768 kB
Inactive:        1245400 kB
Active(anon):     332876 kB
Inactive(anon):   329584 kB
Active(file):     364892 kB
Inactive(file):   915816 kB
Unevictable:        2748 kB
Mlocked:               0 kB
HighTotal:       2306432 kB
HighFree:          38332 kB
LowTotal:         589156 kB
LowFree:           32092 kB
SwapTotal:       1048572 kB
SwapFree:        1048572 kB
Dirty:                52 kB
Writeback:             0 kB
AnonPages:        660064 kB
Mapped:           397592 kB
Shmem:              2272 kB
Slab:              55396 kB
SReclaimable:      19756 kB
SUnreclaim:        35640 kB
KernelStack:       13560 kB
PageTables:        39176 kB
NFS_Unstable:          0 kB
Bounce:                0 kB
WritebackTmp:          0 kB
CommitLimit:     2496364 kB
Committed_AS:   85014036 kB
VmallocTotal:     385024 kB
VmallocUsed:      159448 kB
VmallocChunk:      61508 kB
Time pass: 102 sec

---2015-12-09 10:54:01
MemTotal:        2895588 kB
MemFree:           70636 kB
Buffers:           11244 kB
Cached:          1274552 kB
SwapCached:            0 kB
Active:           697948 kB
Inactive:        1245476 kB
Active(anon):     333056 kB
Inactive(anon):   329632 kB
Active(file):     364892 kB
Inactive(file):   915844 kB
Unevictable:        2748 kB
Mlocked:               0 kB
HighTotal:       2306432 kB
HighFree:          38476 kB
LowTotal:         589156 kB
LowFree:           32160 kB
SwapTotal:       1048572 kB
SwapFree:        1048572 kB
Dirty:                 0 kB
Writeback:             0 kB
AnonPages:        660044 kB
Mapped:           397680 kB
Shmem:              2304 kB
Slab:              55420 kB
SReclaimable:      19756 kB
SUnreclaim:        35664 kB
KernelStack:       13544 kB
PageTables:        39200 kB
NFS_Unstable:          0 kB
Bounce:                0 kB
WritebackTmp:          0 kB
CommitLimit:     2496364 kB
Committed_AS:   85014116 kB
VmallocTotal:     385024 kB
VmallocUsed:      159448 kB
VmallocChunk:      61508 kB
Time pass: 106 sec

---2015-12-09 10:54:01
MemTotal:        2895588 kB
MemFree:          393616 kB
Buffers:           11292 kB
Cached:          1259700 kB
SwapCached:            0 kB
Active:           617596 kB
Inactive:        1233064 kB
Active(anon):     251556 kB
Inactive(anon):   333092 kB
Active(file):     366040 kB
Inactive(file):   899972 kB
Unevictable:        2748 kB
Mlocked:               0 kB
HighTotal:       2306432 kB
HighFree:         320184 kB
LowTotal:         589156 kB
LowFree:           73432 kB
SwapTotal:       1048572 kB
SwapFree:        1048572 kB
Dirty:                80 kB
Writeback:             0 kB
AnonPages:        582036 kB
Mapped:           364052 kB
Shmem:              1844 kB
Slab:              55420 kB
SReclaimable:      19756 kB
SUnreclaim:        35664 kB
KernelStack:       13304 kB
PageTables:        37308 kB
NFS_Unstable:          0 kB
Bounce:                0 kB
WritebackTmp:          0 kB
CommitLimit:     2496364 kB
Committed_AS:   82383860 kB
VmallocTotal:     385024 kB
VmallocUsed:      151940 kB
VmallocChunk:      61508 kB
Time pass: 109 sec

---2015-12-09 10:54:01
MemTotal:        2895588 kB
MemFree:          395532 kB
Buffers:           11300 kB
Cached:          1259676 kB
SwapCached:            0 kB
Active:           615728 kB
Inactive:        1233088 kB
Active(anon):     249628 kB
Inactive(anon):   332780 kB
Active(file):     366100 kB
Inactive(file):   900308 kB
Unevictable:        2748 kB
Mlocked:               0 kB
HighTotal:       2306432 kB
HighFree:         321548 kB
LowTotal:         589156 kB
LowFree:           73984 kB
SwapTotal:       1048572 kB
SwapFree:        1048572 kB
Dirty:                 0 kB
Writeback:             0 kB
AnonPages:        581160 kB
Mapped:           363912 kB
Shmem:              1712 kB
Slab:              55392 kB
SReclaimable:      19756 kB
SUnreclaim:        35636 kB
KernelStack:       12512 kB
PageTables:        37236 kB
NFS_Unstable:          0 kB
Bounce:                0 kB
WritebackTmp:          0 kB
CommitLimit:     2496364 kB
Committed_AS:   82382252 kB
VmallocTotal:     385024 kB
VmallocUsed:      151940 kB
VmallocChunk:      61508 kB
Time pass: 113 sec

---2015-12-09 10:54:01
MemTotal:        2895588 kB
MemFree:          397336 kB
Buffers:           11300 kB
Cached:          1259676 kB
SwapCached:            0 kB
Active:           613952 kB
Inactive:        1232984 kB
Active(anon):     247852 kB
Inactive(anon):   332668 kB
Active(file):     366100 kB
Inactive(file):   900316 kB
Unevictable:        2748 kB
Mlocked:               0 kB
HighTotal:       2306432 kB
HighFree:         323056 kB
LowTotal:         589156 kB
LowFree:           74280 kB
SwapTotal:       1048572 kB
SwapFree:        1048572 kB
Dirty:                 0 kB
Writeback:             0 kB
AnonPages:        578888 kB
Mapped:           363964 kB
Shmem:              1712 kB
Slab:              55392 kB
SReclaimable:      19756 kB
SUnreclaim:        35636 kB
KernelStack:       12512 kB
PageTables:        37256 kB
NFS_Unstable:          0 kB
Bounce:                0 kB
WritebackTmp:          0 kB
CommitLimit:     2496364 kB
Committed_AS:   82382196 kB
VmallocTotal:     385024 kB
VmallocUsed:      151940 kB
VmallocChunk:      61508 kB
Time pass: 116 sec

---2015-12-09 10:54:01
MemTotal:        2895588 kB
MemFree:          398000 kB
Buffers:           11308 kB
Cached:          1259760 kB
SwapCached:            0 kB
Active:           614220 kB
Inactive:        1232920 kB
Active(anon):     248120 kB
Inactive(anon):   332512 kB
Active(file):     366100 kB
Inactive(file):   900408 kB
Unevictable:        2748 kB
Mlocked:               0 kB
HighTotal:       2306432 kB
HighFree:         323656 kB
LowTotal:         589156 kB
LowFree:           74344 kB
SwapTotal:       1048572 kB
SwapFree:        1048572 kB
Dirty:                 0 kB
Writeback:             0 kB
AnonPages:        578924 kB
Mapped:           363912 kB
Shmem:              1712 kB
Slab:              55392 kB
SReclaimable:      19756 kB
SUnreclaim:        35636 kB
KernelStack:       12408 kB
PageTables:        37220 kB
NFS_Unstable:          0 kB
Bounce:                0 kB
WritebackTmp:          0 kB
CommitLimit:     2496364 kB
Committed_AS:   82382284 kB
VmallocTotal:     385024 kB
VmallocUsed:      151940 kB
VmallocChunk:      61508 kB
Time pass: 120 sec

---2015-12-09 10:54:01
MemTotal:        2895588 kB
MemFree:          397892 kB
Buffers:           11308 kB
Cached:          1259760 kB
SwapCached:            0 kB
Active:           614260 kB
Inactive:        1232920 kB
Active(anon):     248160 kB
Inactive(anon):   332512 kB
Active(file):     366100 kB
Inactive(file):   900408 kB
Unevictable:        2748 kB
Mlocked:               0 kB
HighTotal:       2306432 kB
HighFree:         323408 kB
LowTotal:         589156 kB
LowFree:           74484 kB
SwapTotal:       1048572 kB
SwapFree:        1048572 kB
Dirty:                 0 kB
Writeback:             0 kB
AnonPages:        579284 kB
Mapped:           363912 kB
Shmem:              1712 kB
Slab:              55392 kB
SReclaimable:      19756 kB
SUnreclaim:        35636 kB
KernelStack:       12408 kB
PageTables:        37220 kB
NFS_Unstable:          0 kB
Bounce:                0 kB
WritebackTmp:          0 kB
CommitLimit:     2496364 kB
Committed_AS:   82382404 kB
VmallocTotal:     385024 kB
VmallocUsed:      151940 kB
VmallocChunk:      61508 kB
Time pass: 123 sec

---2015-12-09 10:54:01
MemTotal:        2895588 kB
MemFree:          330072 kB
Buffers:           11340 kB
Cached:          1260660 kB
SwapCached:            0 kB
Active:           636740 kB
Inactive:        1232912 kB
Active(anon):     269916 kB
Inactive(anon):   332684 kB
Active(file):     366824 kB
Inactive(file):   900228 kB
Unevictable:        2748 kB
Mlocked:               0 kB
HighTotal:       2306432 kB
HighFree:         256352 kB
LowTotal:         589156 kB
LowFree:           73720 kB
SwapTotal:       1048572 kB
SwapFree:        1048572 kB
Dirty:               584 kB
Writeback:             0 kB
AnonPages:        600748 kB
Mapped:           384216 kB
Shmem:              2004 kB
Slab:              55392 kB
SReclaimable:      19756 kB
SUnreclaim:        35636 kB
KernelStack:       12864 kB
PageTables:        38032 kB
NFS_Unstable:          0 kB
Bounce:                0 kB
WritebackTmp:          0 kB
CommitLimit:     2496364 kB
Committed_AS:   83683296 kB
VmallocTotal:     385024 kB
VmallocUsed:      153332 kB
VmallocChunk:      61508 kB
Time pass: 127 sec

---2015-12-09 10:54:01
MemTotal:        2895588 kB
MemFree:          211652 kB
Buffers:           11364 kB
Cached:          1261620 kB
SwapCached:            0 kB
Active:           655208 kB
Inactive:        1232084 kB
Active(anon):     286724 kB
Inactive(anon):   332320 kB
Active(file):     368484 kB
Inactive(file):   899764 kB
Unevictable:        2748 kB
Mlocked:               0 kB
HighTotal:       2306432 kB
HighFree:         138100 kB
LowTotal:         589156 kB
LowFree:           73552 kB
SwapTotal:       1048572 kB
SwapFree:        1048572 kB
Dirty:              1812 kB
Writeback:             0 kB
AnonPages:        617104 kB
Mapped:           389616 kB
Shmem:              1848 kB
Slab:              55420 kB
SReclaimable:      19784 kB
SUnreclaim:        35636 kB
KernelStack:       13168 kB
PageTables:        38372 kB
NFS_Unstable:          0 kB
Bounce:                0 kB
WritebackTmp:          0 kB
CommitLimit:     2496364 kB
Committed_AS:   83714572 kB
VmallocTotal:     385024 kB
VmallocUsed:      153604 kB
VmallocChunk:      61508 kB
Time pass: 130 sec

---2015-12-09 10:54:01
MemTotal:        2895588 kB
MemFree:          149272 kB
Buffers:           11364 kB
Cached:          1262796 kB
SwapCached:            0 kB
Active:           662748 kB
Inactive:        1231976 kB
Active(anon):     293012 kB
Inactive(anon):   332152 kB
Active(file):     369736 kB
Inactive(file):   899824 kB
Unevictable:        2748 kB
Mlocked:               0 kB
HighTotal:       2306432 kB
HighFree:          75544 kB
LowTotal:         589156 kB
LowFree:           73728 kB
SwapTotal:       1048572 kB
SwapFree:        1048572 kB
Dirty:              1424 kB
Writeback:             0 kB
AnonPages:        623544 kB
Mapped:           390436 kB
Shmem:              1848 kB
Slab:              55436 kB
SReclaimable:      19788 kB
SUnreclaim:        35648 kB
KernelStack:       13232 kB
PageTables:        38572 kB
NFS_Unstable:          0 kB
Bounce:                0 kB
WritebackTmp:          0 kB
CommitLimit:     2496364 kB
Committed_AS:   83728656 kB
VmallocTotal:     385024 kB
VmallocUsed:      154212 kB
VmallocChunk:      61508 kB
Time pass: 134 sec

---2015-12-09 10:54:01
MemTotal:        2895588 kB
MemFree:          149800 kB
Buffers:           11372 kB
Cached:          1262796 kB
SwapCached:            0 kB
Active:           662556 kB
Inactive:        1231952 kB
Active(anon):     292820 kB
Inactive(anon):   332116 kB
Active(file):     369736 kB
Inactive(file):   899836 kB
Unevictable:        2748 kB
Mlocked:               0 kB
HighTotal:       2306432 kB
HighFree:          75936 kB
LowTotal:         589156 kB
LowFree:           73864 kB
SwapTotal:       1048572 kB
SwapFree:        1048572 kB
Dirty:               156 kB
Writeback:             0 kB
AnonPages:        623156 kB
Mapped:           390360 kB
Shmem:              1848 kB
Slab:              55340 kB
SReclaimable:      19788 kB
SUnreclaim:        35552 kB
KernelStack:       13264 kB
PageTables:        38420 kB
NFS_Unstable:          0 kB
Bounce:                0 kB
WritebackTmp:          0 kB
CommitLimit:     2496364 kB
Committed_AS:   83732880 kB
VmallocTotal:     385024 kB
VmallocUsed:      154176 kB
VmallocChunk:      61508 kB
Time pass: 137 sec

---2015-12-09 10:54:01
MemTotal:        2895588 kB
MemFree:          147784 kB
Buffers:           11380 kB
Cached:          1262908 kB
SwapCached:            0 kB
Active:           664992 kB
Inactive:        1231916 kB
Active(anon):     295104 kB
Inactive(anon):   332112 kB
Active(file):     369888 kB
Inactive(file):   899804 kB
Unevictable:        2748 kB
Mlocked:               0 kB
HighTotal:       2306432 kB
HighFree:          73932 kB
LowTotal:         589156 kB
LowFree:           73852 kB
SwapTotal:       1048572 kB
SwapFree:        1048572 kB
Dirty:               304 kB
Writeback:             0 kB
AnonPages:        625836 kB
Mapped:           390596 kB
Shmem:              1848 kB
Slab:              55336 kB
SReclaimable:      19788 kB
SUnreclaim:        35548 kB
KernelStack:       13232 kB
PageTables:        38380 kB
NFS_Unstable:          0 kB
Bounce:                0 kB
WritebackTmp:          0 kB
CommitLimit:     2496364 kB
Committed_AS:   83733064 kB
VmallocTotal:     385024 kB
VmallocUsed:      154328 kB
VmallocChunk:      61508 kB
Time pass: 141 sec

---2015-12-09 10:54:01
MemTotal:        2895588 kB
MemFree:          120712 kB
Buffers:           11380 kB
Cached:          1262908 kB
SwapCached:            0 kB
Active:           671000 kB
Inactive:        1231904 kB
Active(anon):     301112 kB
Inactive(anon):   332100 kB
Active(file):     369888 kB
Inactive(file):   899804 kB
Unevictable:        2748 kB
Mlocked:               0 kB
HighTotal:       2306432 kB
HighFree:          46580 kB
LowTotal:         589156 kB
LowFree:           74132 kB
SwapTotal:       1048572 kB
SwapFree:        1048572 kB
Dirty:               316 kB
Writeback:             0 kB
AnonPages:        631644 kB
Mapped:           390556 kB
Shmem:              1848 kB
Slab:              55336 kB
SReclaimable:      19788 kB
SUnreclaim:        35548 kB
KernelStack:       13232 kB
PageTables:        38364 kB
NFS_Unstable:          0 kB
Bounce:                0 kB
WritebackTmp:          0 kB
CommitLimit:     2496364 kB
Committed_AS:   83733808 kB
VmallocTotal:     385024 kB
VmallocUsed:      154588 kB
VmallocChunk:      61508 kB
Time pass: 144 sec

---2015-12-09 10:54:01
MemTotal:        2895588 kB
MemFree:          121716 kB
Buffers:           11388 kB
Cached:          1262924 kB
SwapCached:            0 kB
Active:           669248 kB
Inactive:        1231812 kB
Active(anon):     299348 kB
Inactive(anon):   331996 kB
Active(file):     369900 kB
Inactive(file):   899816 kB
Unevictable:        2748 kB
Mlocked:               0 kB
HighTotal:       2306432 kB
HighFree:          47516 kB
LowTotal:         589156 kB
LowFree:           74200 kB
SwapTotal:       1048572 kB
SwapFree:        1048572 kB
Dirty:                52 kB
Writeback:             0 kB
AnonPages:        629492 kB
Mapped:           390608 kB
Shmem:              1848 kB
Slab:              55348 kB
SReclaimable:      19788 kB
SUnreclaim:        35560 kB
KernelStack:       13224 kB
PageTables:        38356 kB
NFS_Unstable:          0 kB
Bounce:                0 kB
WritebackTmp:          0 kB
CommitLimit:     2496364 kB
Committed_AS:   83728880 kB
VmallocTotal:     385024 kB
VmallocUsed:      154556 kB
VmallocChunk:      61508 kB
Time pass: 148 sec

---2015-12-09 10:54:01
MemTotal:        2895588 kB
MemFree:          120672 kB
Buffers:           11396 kB
Cached:          1262924 kB
SwapCached:            0 kB
Active:           669036 kB
Inactive:        1231800 kB
Active(anon):     299136 kB
Inactive(anon):   331984 kB
Active(file):     369900 kB
Inactive(file):   899816 kB
Unevictable:        2748 kB
Mlocked:               0 kB
HighTotal:       2306432 kB
HighFree:          46544 kB
LowTotal:         589156 kB
LowFree:           74128 kB
SwapTotal:       1048572 kB
SwapFree:        1048572 kB
Dirty:                52 kB
Writeback:             0 kB
AnonPages:        629448 kB
Mapped:           390608 kB
Shmem:              1848 kB
Slab:              55356 kB
SReclaimable:      19788 kB
SUnreclaim:        35568 kB
KernelStack:       13224 kB
PageTables:        38356 kB
NFS_Unstable:          0 kB
Bounce:                0 kB
WritebackTmp:          0 kB
CommitLimit:     2496364 kB
Committed_AS:   83729056 kB
VmallocTotal:     385024 kB
VmallocUsed:      154556 kB
VmallocChunk:      61508 kB
Time pass: 151 sec

---2015-12-09 10:54:01
MemTotal:        2895588 kB
MemFree:          119972 kB
Buffers:           11412 kB
Cached:          1262924 kB
SwapCached:            0 kB
Active:           669792 kB
Inactive:        1231824 kB
Active(anon):     299892 kB
Inactive(anon):   331984 kB
Active(file):     369900 kB
Inactive(file):   899840 kB
Unevictable:        2748 kB
Mlocked:               0 kB
HighTotal:       2306432 kB
HighFree:          45924 kB
LowTotal:         589156 kB
LowFree:           74048 kB
SwapTotal:       1048572 kB
SwapFree:        1048572 kB
Dirty:                40 kB
Writeback:             0 kB
AnonPages:        630176 kB
Mapped:           390680 kB
Shmem:              1848 kB
Slab:              55352 kB
SReclaimable:      19788 kB
SUnreclaim:        35564 kB
KernelStack:       13224 kB
PageTables:        38376 kB
NFS_Unstable:          0 kB
Bounce:                0 kB
WritebackTmp:          0 kB
CommitLimit:     2496364 kB
Committed_AS:   83729144 kB
VmallocTotal:     385024 kB
VmallocUsed:      154556 kB
VmallocChunk:      61508 kB
Time pass: 155 sec

---2015-12-09 10:54:01
MemTotal:        2895588 kB
MemFree:          111524 kB
Buffers:           11428 kB
Cached:          1263564 kB
SwapCached:            0 kB
Active:           678288 kB
Inactive:        1232312 kB
Active(anon):     308376 kB
Inactive(anon):   332024 kB
Active(file):     369912 kB
Inactive(file):   900288 kB
Unevictable:        2748 kB
Mlocked:               0 kB
HighTotal:       2306432 kB
HighFree:          38096 kB
LowTotal:         589156 kB
LowFree:           73428 kB
SwapTotal:       1048572 kB
SwapFree:        1048572 kB
Dirty:                28 kB
Writeback:             0 kB
AnonPages:        638684 kB
Mapped:           393760 kB
Shmem:              2012 kB
Slab:              55360 kB
SReclaimable:      19784 kB
SUnreclaim:        35576 kB
KernelStack:       13456 kB
PageTables:        38496 kB
NFS_Unstable:          0 kB
Bounce:                0 kB
WritebackTmp:          0 kB
CommitLimit:     2496364 kB
Committed_AS:   83746164 kB
VmallocTotal:     385024 kB
VmallocUsed:      156768 kB
VmallocChunk:      61508 kB
Time pass: 158 sec

---2015-12-09 10:54:01
MemTotal:        2895588 kB
MemFree:          110708 kB
Buffers:           11436 kB
Cached:          1263640 kB
SwapCached:            0 kB
Active:           678636 kB
Inactive:        1232380 kB
Active(anon):     308720 kB
Inactive(anon):   332092 kB
Active(file):     369916 kB
Inactive(file):   900288 kB
Unevictable:        2748 kB
Mlocked:               0 kB
HighTotal:       2306432 kB
HighFree:          41744 kB
LowTotal:         589156 kB
LowFree:           68964 kB
SwapTotal:       1048572 kB
SwapFree:        1048572 kB
Dirty:                40 kB
Writeback:             0 kB
AnonPages:        638936 kB
Mapped:           394048 kB
Shmem:              2084 kB
Slab:              55360 kB
SReclaimable:      19784 kB
SUnreclaim:        35576 kB
KernelStack:       13456 kB
PageTables:        38528 kB
NFS_Unstable:          0 kB
Bounce:                0 kB
WritebackTmp:          0 kB
CommitLimit:     2496364 kB
Committed_AS:   83746320 kB
VmallocTotal:     385024 kB
VmallocUsed:      156768 kB
VmallocChunk:      61508 kB
Time pass: 162 sec

---2015-12-09 10:54:01
MemTotal:        2895588 kB
MemFree:          109948 kB
Buffers:           11436 kB
Cached:          1263780 kB
SwapCached:            0 kB
Active:           678848 kB
Inactive:        1232484 kB
Active(anon):     308932 kB
Inactive(anon):   332188 kB
Active(file):     369916 kB
Inactive(file):   900296 kB
Unevictable:        2748 kB
Mlocked:               0 kB
HighTotal:       2306432 kB
HighFree:          41000 kB
LowTotal:         589156 kB
LowFree:           68948 kB
SwapTotal:       1048572 kB
SwapFree:        1048572 kB
Dirty:                44 kB
Writeback:             0 kB
AnonPages:        639412 kB
Mapped:           394240 kB
Shmem:              2224 kB
Slab:              55360 kB
SReclaimable:      19784 kB
SUnreclaim:        35576 kB
KernelStack:       13456 kB
PageTables:        38548 kB
NFS_Unstable:          0 kB
Bounce:                0 kB
WritebackTmp:          0 kB
CommitLimit:     2496364 kB
Committed_AS:   83746456 kB
VmallocTotal:     385024 kB
VmallocUsed:      156768 kB
VmallocChunk:      61508 kB
Time pass: 166 sec

---2015-12-09 10:54:01
MemTotal:        2895588 kB
MemFree:          109104 kB
Buffers:           11444 kB
Cached:          1263808 kB
SwapCached:            0 kB
Active:           679068 kB
Inactive:        1232464 kB
Active(anon):     309148 kB
Inactive(anon):   332160 kB
Active(file):     369920 kB
Inactive(file):   900304 kB
Unevictable:        2748 kB
Mlocked:               0 kB
HighTotal:       2306432 kB
HighFree:          40328 kB
LowTotal:         589156 kB
LowFree:           68776 kB
SwapTotal:       1048572 kB
SwapFree:        1048572 kB
Dirty:                20 kB
Writeback:             0 kB
AnonPages:        638920 kB
Mapped:           394316 kB
Shmem:              2248 kB
Slab:              55360 kB
SReclaimable:      19784 kB
SUnreclaim:        35576 kB
KernelStack:       13456 kB
PageTables:        38568 kB
NFS_Unstable:          0 kB
Bounce:                0 kB
WritebackTmp:          0 kB
CommitLimit:     2496364 kB
Committed_AS:   83746708 kB
VmallocTotal:     385024 kB
VmallocUsed:      156768 kB
VmallocChunk:      61508 kB
Time pass: 169 sec

---2015-12-09 10:54:01
MemTotal:        2895588 kB
MemFree:          103428 kB
Buffers:           11492 kB
Cached:          1263528 kB
SwapCached:            0 kB
Active:           685084 kB
Inactive:        1232060 kB
Active(anon):     315016 kB
Inactive(anon):   331820 kB
Active(file):     370068 kB
Inactive(file):   900240 kB
Unevictable:        2748 kB
Mlocked:               0 kB
HighTotal:       2306432 kB
HighFree:          41876 kB
LowTotal:         589156 kB
LowFree:           61552 kB
SwapTotal:       1048572 kB
SwapFree:        1048572 kB
Dirty:                56 kB
Writeback:             0 kB
AnonPages:        645052 kB
Mapped:           393740 kB
Shmem:              1964 kB
Slab:              55360 kB
SReclaimable:      19784 kB
SUnreclaim:        35576 kB
KernelStack:       13344 kB
PageTables:        38456 kB
NFS_Unstable:          0 kB
Bounce:                0 kB
WritebackTmp:          0 kB
CommitLimit:     2496364 kB
Committed_AS:   83751544 kB
VmallocTotal:     385024 kB
VmallocUsed:      154644 kB
VmallocChunk:      61508 kB
Time pass: 173 sec

---2015-12-09 10:54:01
MemTotal:        2895588 kB
MemFree:          108360 kB
Buffers:           11492 kB
Cached:          1263408 kB
SwapCached:            0 kB
Active:           680040 kB
Inactive:        1231944 kB
Active(anon):     309972 kB
Inactive(anon):   331704 kB
Active(file):     370068 kB
Inactive(file):   900240 kB
Unevictable:        2748 kB
Mlocked:               0 kB
HighTotal:       2306432 kB
HighFree:          46528 kB
LowTotal:         589156 kB
LowFree:           61832 kB
SwapTotal:       1048572 kB
SwapFree:        1048572 kB
Dirty:                56 kB
Writeback:             0 kB
AnonPages:        640172 kB
Mapped:           393684 kB
Shmem:              1844 kB
Slab:              55360 kB
SReclaimable:      19784 kB
SUnreclaim:        35576 kB
KernelStack:       13224 kB
PageTables:        38428 kB
NFS_Unstable:          0 kB
Bounce:                0 kB
WritebackTmp:          0 kB
CommitLimit:     2496364 kB
Committed_AS:   83751568 kB
VmallocTotal:     385024 kB
VmallocUsed:      154644 kB
VmallocChunk:      61508 kB
Time pass: 176 sec

---2015-12-09 10:54:01
MemTotal:        2895588 kB
MemFree:          108872 kB
Buffers:           11500 kB
Cached:          1263408 kB
SwapCached:            0 kB
Active:           680216 kB
Inactive:        1231940 kB
Active(anon):     310148 kB
Inactive(anon):   331692 kB
Active(file):     370068 kB
Inactive(file):   900248 kB
Unevictable:        2748 kB
Mlocked:               0 kB
HighTotal:       2306432 kB
HighFree:          47096 kB
LowTotal:         589156 kB
LowFree:           61776 kB
SwapTotal:       1048572 kB
SwapFree:        1048572 kB
Dirty:                32 kB
Writeback:             0 kB
AnonPages:        640388 kB
Mapped:           393736 kB
Shmem:              1844 kB
Slab:              55360 kB
SReclaimable:      19784 kB
SUnreclaim:        35576 kB
KernelStack:       13232 kB
PageTables:        38448 kB
NFS_Unstable:          0 kB
Bounce:                0 kB
WritebackTmp:          0 kB
CommitLimit:     2496364 kB
Committed_AS:   83751820 kB
VmallocTotal:     385024 kB
VmallocUsed:      154644 kB
VmallocChunk:      61508 kB
Time pass: 180 sec

---2015-12-09 10:54:01
MemTotal:        2895588 kB
MemFree:          108432 kB
Buffers:           11508 kB
Cached:          1263408 kB
SwapCached:            0 kB
Active:           680088 kB
Inactive:        1231948 kB
Active(anon):     310020 kB
Inactive(anon):   331692 kB
Active(file):     370068 kB
Inactive(file):   900256 kB
Unevictable:        2748 kB
Mlocked:               0 kB
HighTotal:       2306432 kB
HighFree:          46672 kB
LowTotal:         589156 kB
LowFree:           61760 kB
SwapTotal:       1048572 kB
SwapFree:        1048572 kB
Dirty:                 8 kB
Writeback:             0 kB
AnonPages:        640628 kB
Mapped:           393788 kB
Shmem:              1844 kB
Slab:              55360 kB
SReclaimable:      19784 kB
SUnreclaim:        35576 kB
KernelStack:       13232 kB
PageTables:        38468 kB
NFS_Unstable:          0 kB
Bounce:                0 kB
WritebackTmp:          0 kB
CommitLimit:     2496364 kB
Committed_AS:   83751960 kB
VmallocTotal:     385024 kB
VmallocUsed:      154644 kB
VmallocChunk:      61508 kB
Time pass: 183 sec

---2015-12-09 10:54:01
MemTotal:        2895588 kB
MemFree:          108396 kB
Buffers:           11508 kB
Cached:          1263408 kB
SwapCached:            0 kB
Active:           680240 kB
Inactive:        1231948 kB
Active(anon):     310172 kB
Inactive(anon):   331692 kB
Active(file):     370068 kB
Inactive(file):   900256 kB
Unevictable:        2748 kB
Mlocked:               0 kB
HighTotal:       2306432 kB
HighFree:          46620 kB
LowTotal:         589156 kB
LowFree:           61776 kB
SwapTotal:       1048572 kB
SwapFree:        1048572 kB
Dirty:                 8 kB
Writeback:             0 kB
AnonPages:        640476 kB
Mapped:           393788 kB
Shmem:              1844 kB
Slab:              55356 kB
SReclaimable:      19784 kB
SUnreclaim:        35572 kB
KernelStack:       13232 kB
PageTables:        38468 kB
NFS_Unstable:          0 kB
Bounce:                0 kB
WritebackTmp:          0 kB
CommitLimit:     2496364 kB
Committed_AS:   83752032 kB
VmallocTotal:     385024 kB
VmallocUsed:      154644 kB
VmallocChunk:      61508 kB
Time pass: 187 sec

---2015-12-09 10:54:01
MemTotal:        2895588 kB
MemFree:          108524 kB
Buffers:           11516 kB
Cached:          1263408 kB
SwapCached:            0 kB
Active:           680472 kB
Inactive:        1231956 kB
Active(anon):     310404 kB
Inactive(anon):   331692 kB
Active(file):     370068 kB
Inactive(file):   900264 kB
Unevictable:        2748 kB
Mlocked:               0 kB
HighTotal:       2306432 kB
HighFree:          46920 kB
LowTotal:         589156 kB
LowFree:           61604 kB
SwapTotal:       1048572 kB
SwapFree:        1048572 kB
Dirty:                 8 kB
Writeback:             0 kB
AnonPages:        640600 kB
Mapped:           393744 kB
Shmem:              1844 kB
Slab:              55372 kB
SReclaimable:      19784 kB
SUnreclaim:        35588 kB
KernelStack:       13208 kB
PageTables:        38428 kB
NFS_Unstable:          0 kB
Bounce:                0 kB
WritebackTmp:          0 kB
CommitLimit:     2496364 kB
Committed_AS:   83752304 kB
VmallocTotal:     385024 kB
VmallocUsed:      154644 kB
VmallocChunk:      61508 kB
Time pass: 191 sec

---2015-12-09 10:54:01
MemTotal:        2895588 kB
MemFree:          108428 kB
Buffers:           11524 kB
Cached:          1263408 kB
SwapCached:            0 kB
Active:           680524 kB
Inactive:        1231956 kB
Active(anon):     310456 kB
Inactive(anon):   331692 kB
Active(file):     370068 kB
Inactive(file):   900264 kB
Unevictable:        2748 kB
Mlocked:               0 kB
HighTotal:       2306432 kB
HighFree:          46724 kB
LowTotal:         589156 kB
LowFree:           61704 kB
SwapTotal:       1048572 kB
SwapFree:        1048572 kB
Dirty:                 4 kB
Writeback:             0 kB
AnonPages:        640488 kB
Mapped:           393844 kB
Shmem:              1844 kB
Slab:              55364 kB
SReclaimable:      19784 kB
SUnreclaim:        35580 kB
KernelStack:       13208 kB
PageTables:        38448 kB
NFS_Unstable:          0 kB
Bounce:                0 kB
WritebackTmp:          0 kB
CommitLimit:     2496364 kB
Committed_AS:   83752344 kB
VmallocTotal:     385024 kB
VmallocUsed:      154644 kB
VmallocChunk:      61508 kB
Time pass: 194 sec

---2015-12-09 10:54:01
MemTotal:        2895588 kB
MemFree:          107896 kB
Buffers:           11532 kB
Cached:          1263400 kB
SwapCached:            0 kB
Active:           680992 kB
Inactive:        1231964 kB
Active(anon):     310924 kB
Inactive(anon):   331692 kB
Active(file):     370068 kB
Inactive(file):   900272 kB
Unevictable:        2748 kB
Mlocked:               0 kB
HighTotal:       2306432 kB
HighFree:          46300 kB
LowTotal:         589156 kB
LowFree:           61596 kB
SwapTotal:       1048572 kB
SwapFree:        1048572 kB
Dirty:                 0 kB
Writeback:             0 kB
AnonPages:        641164 kB
Mapped:           393896 kB
Shmem:              1844 kB
Slab:              55408 kB
SReclaimable:      19784 kB
SUnreclaim:        35624 kB
KernelStack:       13208 kB
PageTables:        38468 kB
NFS_Unstable:          0 kB
Bounce:                0 kB
WritebackTmp:          0 kB
CommitLimit:     2496364 kB
Committed_AS:   83752416 kB
VmallocTotal:     385024 kB
VmallocUsed:      154644 kB
VmallocChunk:      61508 kB
Time pass: 198 sec

---2015-12-09 10:54:01
MemTotal:        2895588 kB
MemFree:          107260 kB
Buffers:           11532 kB
Cached:          1263408 kB
SwapCached:            0 kB
Active:           680808 kB
Inactive:        1231972 kB
Active(anon):     310740 kB
Inactive(anon):   331692 kB
Active(file):     370068 kB
Inactive(file):   900280 kB
Unevictable:        2748 kB
Mlocked:               0 kB
HighTotal:       2306432 kB
HighFree:          45804 kB
LowTotal:         589156 kB
LowFree:           61456 kB
SwapTotal:       1048572 kB
SwapFree:        1048572 kB
Dirty:                 0 kB
Writeback:             0 kB
AnonPages:        641056 kB
Mapped:           393896 kB
Shmem:              1844 kB
Slab:              55368 kB
SReclaimable:      19784 kB
SUnreclaim:        35584 kB
KernelStack:       13208 kB
PageTables:        38468 kB
NFS_Unstable:          0 kB
Bounce:                0 kB
WritebackTmp:          0 kB
CommitLimit:     2496364 kB
Committed_AS:   83752696 kB
VmallocTotal:     385024 kB
VmallocUsed:      154644 kB
VmallocChunk:      61508 kB
Time pass: 201 sec

---2015-12-09 10:54:01
MemTotal:        2895588 kB
MemFree:          107136 kB
Buffers:           11540 kB
Cached:          1263408 kB
SwapCached:            0 kB
Active:           680768 kB
Inactive:        1231988 kB
Active(anon):     310716 kB
Inactive(anon):   331692 kB
Active(file):     370052 kB
Inactive(file):   900296 kB
Unevictable:        2748 kB
Mlocked:               0 kB
HighTotal:       2306432 kB
HighFree:          45680 kB
LowTotal:         589156 kB
LowFree:           61456 kB
SwapTotal:       1048572 kB
SwapFree:        1048572 kB
Dirty:                32 kB
Writeback:             0 kB
AnonPages:        641044 kB
Mapped:           393896 kB
Shmem:              1844 kB
Slab:              55376 kB
SReclaimable:      19784 kB
SUnreclaim:        35592 kB
KernelStack:       13208 kB
PageTables:        38468 kB
NFS_Unstable:          0 kB
Bounce:                0 kB
WritebackTmp:          0 kB
CommitLimit:     2496364 kB
Committed_AS:   83752736 kB
VmallocTotal:     385024 kB
VmallocUsed:      154644 kB
VmallocChunk:      61508 kB
Time pass: 205 sec

---2015-12-09 10:54:01
MemTotal:        2895588 kB
MemFree:          100932 kB
Buffers:           11548 kB
Cached:          1263400 kB
SwapCached:            0 kB
Active:           688672 kB
Inactive:        1231996 kB
Active(anon):     318620 kB
Inactive(anon):   331692 kB
Active(file):     370052 kB
Inactive(file):   900304 kB
Unevictable:        2748 kB
Mlocked:               0 kB
HighTotal:       2306432 kB
HighFree:          39460 kB
LowTotal:         589156 kB
LowFree:           61472 kB
SwapTotal:       1048572 kB
SwapFree:        1048572 kB
Dirty:                32 kB
Writeback:             0 kB
AnonPages:        648612 kB
Mapped:           393792 kB
Shmem:              1844 kB
Slab:              55380 kB
SReclaimable:      19784 kB
SUnreclaim:        35596 kB
KernelStack:       13224 kB
PageTables:        38432 kB
NFS_Unstable:          0 kB
Bounce:                0 kB
WritebackTmp:          0 kB
CommitLimit:     2496364 kB
Committed_AS:   83757136 kB
VmallocTotal:     385024 kB
VmallocUsed:      154644 kB
VmallocChunk:      61508 kB
Time pass: 208 sec

---2015-12-09 10:54:01
MemTotal:        2895588 kB
MemFree:           95128 kB
Buffers:           11580 kB
Cached:          1263624 kB
SwapCached:            0 kB
Active:           692952 kB
Inactive:        1232172 kB
Active(anon):     322892 kB
Inactive(anon):   331828 kB
Active(file):     370060 kB
Inactive(file):   900344 kB
Unevictable:        2748 kB
Mlocked:               0 kB
HighTotal:       2306432 kB
HighFree:          38272 kB
LowTotal:         589156 kB
LowFree:           56856 kB
SwapTotal:       1048572 kB
SwapFree:        1048572 kB
Dirty:                64 kB
Writeback:             0 kB
AnonPages:        652864 kB
Mapped:           394300 kB
Shmem:              2052 kB
Slab:              55380 kB
SReclaimable:      19784 kB
SUnreclaim:        35596 kB
KernelStack:       13424 kB
PageTables:        38548 kB
NFS_Unstable:          0 kB
Bounce:                0 kB
WritebackTmp:          0 kB
CommitLimit:     2496364 kB
Committed_AS:   83773240 kB
VmallocTotal:     385024 kB
VmallocUsed:      156796 kB
VmallocChunk:      61508 kB
Time pass: 212 sec

---2015-12-09 10:54:01
MemTotal:        2895588 kB
MemFree:           93996 kB
Buffers:           11588 kB
Cached:          1263740 kB
SwapCached:            0 kB
Active:           694220 kB
Inactive:        1232300 kB
Active(anon):     324160 kB
Inactive(anon):   331956 kB
Active(file):     370060 kB
Inactive(file):   900344 kB
Unevictable:        2748 kB
Mlocked:               0 kB
HighTotal:       2306432 kB
HighFree:          38116 kB
LowTotal:         589156 kB
LowFree:           55880 kB
SwapTotal:       1048572 kB
SwapFree:        1048572 kB
Dirty:                40 kB
Writeback:             0 kB
AnonPages:        654052 kB
Mapped:           394428 kB
Shmem:              2168 kB
Slab:              55380 kB
SReclaimable:      19784 kB
SUnreclaim:        35596 kB
KernelStack:       13424 kB
PageTables:        38596 kB
NFS_Unstable:          0 kB
Bounce:                0 kB
WritebackTmp:          0 kB
CommitLimit:     2496364 kB
Committed_AS:   83773324 kB
VmallocTotal:     385024 kB
VmallocUsed:      156796 kB
VmallocChunk:      61508 kB
Time pass: 216 sec

---2015-12-09 10:54:01
MemTotal:        2895588 kB
MemFree:           93708 kB
Buffers:           11588 kB
Cached:          1263768 kB
SwapCached:            0 kB
Active:           694776 kB
Inactive:        1232312 kB
Active(anon):     324716 kB
Inactive(anon):   331960 kB
Active(file):     370060 kB
Inactive(file):   900352 kB
Unevictable:        2748 kB
Mlocked:               0 kB
HighTotal:       2306432 kB
HighFree:          37992 kB
LowTotal:         589156 kB
LowFree:           55716 kB
SwapTotal:       1048572 kB
SwapFree:        1048572 kB
Dirty:                 0 kB
Writeback:             0 kB
AnonPages:        654436 kB
Mapped:           394508 kB
Shmem:              2196 kB
Slab:              55380 kB
SReclaimable:      19784 kB
SUnreclaim:        35596 kB
KernelStack:       13424 kB
PageTables:        38616 kB
NFS_Unstable:          0 kB
Bounce:                0 kB
WritebackTmp:          0 kB
CommitLimit:     2496364 kB
Committed_AS:   83773584 kB
VmallocTotal:     385024 kB
VmallocUsed:      156796 kB
VmallocChunk:      61508 kB
Time pass: 219 sec

---2015-12-09 10:54:01
MemTotal:        2895588 kB
MemFree:           93708 kB
Buffers:           11596 kB
Cached:          1263948 kB
SwapCached:            0 kB
Active:           694476 kB
Inactive:        1232444 kB
Active(anon):     324416 kB
Inactive(anon):   332092 kB
Active(file):     370060 kB
Inactive(file):   900352 kB
Unevictable:        2748 kB
Mlocked:               0 kB
HighTotal:       2306432 kB
HighFree:          38024 kB
LowTotal:         589156 kB
LowFree:           55684 kB
SwapTotal:       1048572 kB
SwapFree:        1048572 kB
Dirty:                12 kB
Writeback:             0 kB
AnonPages:        654228 kB
Mapped:           394684 kB
Shmem:              2372 kB
Slab:              55380 kB
SReclaimable:      19784 kB
SUnreclaim:        35596 kB
KernelStack:       13424 kB
PageTables:        38616 kB
NFS_Unstable:          0 kB
Bounce:                0 kB
WritebackTmp:          0 kB
CommitLimit:     2496364 kB
Committed_AS:   83773704 kB
VmallocTotal:     385024 kB
VmallocUsed:      156796 kB
VmallocChunk:      61508 kB
Time pass: 223 sec

---2015-12-09 10:54:01
MemTotal:        2895588 kB
MemFree:           92992 kB
Buffers:           11612 kB
Cached:          1263680 kB
SwapCached:            0 kB
Active:           694760 kB
Inactive:        1232224 kB
Active(anon):     324696 kB
Inactive(anon):   331848 kB
Active(file):     370064 kB
Inactive(file):   900376 kB
Unevictable:        2748 kB
Mlocked:               0 kB
HighTotal:       2306432 kB
HighFree:          38024 kB
LowTotal:         589156 kB
LowFree:           54968 kB
SwapTotal:       1048572 kB
SwapFree:        1048572 kB
Dirty:                 0 kB
Writeback:             0 kB
AnonPages:        654416 kB
Mapped:           394464 kB
Shmem:              2104 kB
Slab:              55344 kB
SReclaimable:      19784 kB
SUnreclaim:        35560 kB
KernelStack:       13416 kB
PageTables:        38528 kB
NFS_Unstable:          0 kB
Bounce:                0 kB
WritebackTmp:          0 kB
CommitLimit:     2496364 kB
Committed_AS:   83773936 kB
VmallocTotal:     385024 kB
VmallocUsed:      156824 kB
VmallocChunk:      61508 kB
Time pass: 227 sec

---2015-12-09 10:54:01
MemTotal:        2895588 kB
MemFree:           92088 kB
Buffers:           11676 kB
Cached:          1263708 kB
SwapCached:            0 kB
Active:           696200 kB
Inactive:        1232348 kB
Active(anon):     326132 kB
Inactive(anon):   331924 kB
Active(file):     370068 kB
Inactive(file):   900424 kB
Unevictable:        2748 kB
Mlocked:               0 kB
HighTotal:       2306432 kB
HighFree:          38744 kB
LowTotal:         589156 kB
LowFree:           53344 kB
SwapTotal:       1048572 kB
SwapFree:        1048572 kB
Dirty:                52 kB
Writeback:             0 kB
AnonPages:        656168 kB
Mapped:           394468 kB
Shmem:              2144 kB
Slab:              55344 kB
SReclaimable:      19784 kB
SUnreclaim:        35560 kB
KernelStack:       13440 kB
PageTables:        38564 kB
NFS_Unstable:          0 kB
Bounce:                0 kB
WritebackTmp:          0 kB
CommitLimit:     2496364 kB
Committed_AS:   83774088 kB
VmallocTotal:     385024 kB
VmallocUsed:      156824 kB
VmallocChunk:      61508 kB
Time pass: 231 sec

---2015-12-09 10:54:01
MemTotal:        2895588 kB
MemFree:           89844 kB
Buffers:           11692 kB
Cached:          1263856 kB
SwapCached:            0 kB
Active:           698324 kB
Inactive:        1232480 kB
Active(anon):     328256 kB
Inactive(anon):   332032 kB
Active(file):     370068 kB
Inactive(file):   900448 kB
Unevictable:        2748 kB
Mlocked:               0 kB
HighTotal:       2306432 kB
HighFree:          38024 kB
LowTotal:         589156 kB
LowFree:           51820 kB
SwapTotal:       1048572 kB
SwapFree:        1048572 kB
Dirty:                48 kB
Writeback:             0 kB
AnonPages:        658544 kB
Mapped:           394652 kB
Shmem:              2276 kB
Slab:              55360 kB
SReclaimable:      19800 kB
SUnreclaim:        35560 kB
KernelStack:       13432 kB
PageTables:        38584 kB
NFS_Unstable:          0 kB
Bounce:                0 kB
WritebackTmp:          0 kB
CommitLimit:     2496364 kB
Committed_AS:   83774192 kB
VmallocTotal:     385024 kB
VmallocUsed:      156824 kB
VmallocChunk:      61508 kB
Time pass: 234 sec

---2015-12-09 10:54:01
MemTotal:        2895588 kB
MemFree:           89324 kB
Buffers:           11692 kB
Cached:          1263872 kB
SwapCached:            0 kB
Active:           698916 kB
Inactive:        1232484 kB
Active(anon):     328848 kB
Inactive(anon):   332028 kB
Active(file):     370068 kB
Inactive(file):   900456 kB
Unevictable:        2748 kB
Mlocked:               0 kB
HighTotal:       2306432 kB
HighFree:          38024 kB
LowTotal:         589156 kB
LowFree:           51300 kB
SwapTotal:       1048572 kB
SwapFree:        1048572 kB
Dirty:                 0 kB
Writeback:             0 kB
AnonPages:        658904 kB
Mapped:           394720 kB
Shmem:              2292 kB
Slab:              55360 kB
SReclaimable:      19800 kB
SUnreclaim:        35560 kB
KernelStack:       13432 kB
PageTables:        38604 kB
NFS_Unstable:          0 kB
Bounce:                0 kB
WritebackTmp:          0 kB
CommitLimit:     2496364 kB
Committed_AS:   83774336 kB
VmallocTotal:     385024 kB
VmallocUsed:      156824 kB
VmallocChunk:      61508 kB
Time pass: 238 sec

---2015-12-09 10:54:01
MemTotal:        2895588 kB
MemFree:           85736 kB
Buffers:           11748 kB
Cached:          1264640 kB
SwapCached:            0 kB
Active:           701768 kB
Inactive:        1233212 kB
Active(anon):     331700 kB
Inactive(anon):   332000 kB
Active(file):     370068 kB
Inactive(file):   901212 kB
Unevictable:        2748 kB
Mlocked:               0 kB
HighTotal:       2306432 kB
HighFree:          38148 kB
LowTotal:         589156 kB
LowFree:           47588 kB
SwapTotal:       1048572 kB
SwapFree:        1048572 kB
Dirty:                76 kB
Writeback:             0 kB
AnonPages:        661436 kB
Mapped:           395036 kB
Shmem:              2296 kB
Slab:              55360 kB
SReclaimable:      19800 kB
SUnreclaim:        35560 kB
KernelStack:       13512 kB
PageTables:        39044 kB
NFS_Unstable:          0 kB
Bounce:                0 kB
WritebackTmp:          0 kB
CommitLimit:     2496364 kB
Committed_AS:   85019304 kB
VmallocTotal:     385024 kB
VmallocUsed:      157844 kB
VmallocChunk:      61508 kB
Time pass: 241 sec

---2015-12-09 10:54:01
MemTotal:        2895588 kB
MemFree:           84364 kB
Buffers:           11748 kB
Cached:          1264696 kB
SwapCached:            0 kB
Active:           701632 kB
Inactive:        1233240 kB
Active(anon):     331564 kB
Inactive(anon):   332012 kB
Active(file):     370068 kB
Inactive(file):   901228 kB
Unevictable:        2748 kB
Mlocked:               0 kB
HighTotal:       2306432 kB
HighFree:          38148 kB
LowTotal:         589156 kB
LowFree:           46216 kB
SwapTotal:       1048572 kB
SwapFree:        1048572 kB
Dirty:                 0 kB
Writeback:             0 kB
AnonPages:        661128 kB
Mapped:           395128 kB
Shmem:              2336 kB
Slab:              55360 kB
SReclaimable:      19800 kB
SUnreclaim:        35560 kB
KernelStack:       13512 kB
PageTables:        39064 kB
NFS_Unstable:          0 kB
Bounce:                0 kB
WritebackTmp:          0 kB
CommitLimit:     2496364 kB
Committed_AS:   85019200 kB
VmallocTotal:     385024 kB
VmallocUsed:      157844 kB
VmallocChunk:      61508 kB
Time pass: 245 sec

---2015-12-09 10:54:01
MemTotal:        2895588 kB
MemFree:           85396 kB
Buffers:           11764 kB
Cached:          1264812 kB
SwapCached:            0 kB
Active:           701824 kB
Inactive:        1233388 kB
Active(anon):     331756 kB
Inactive(anon):   332040 kB
Active(file):     370068 kB
Inactive(file):   901348 kB
Unevictable:        2748 kB
Mlocked:               0 kB
HighTotal:       2306432 kB
HighFree:          38892 kB
LowTotal:         589156 kB
LowFree:           46504 kB
SwapTotal:       1048572 kB
SwapFree:        1048572 kB
Dirty:                60 kB
Writeback:             0 kB
AnonPages:        661436 kB
Mapped:           395148 kB
Shmem:              2352 kB
Slab:              55356 kB
SReclaimable:      19800 kB
SUnreclaim:        35556 kB
KernelStack:       13520 kB
PageTables:        39084 kB
NFS_Unstable:          0 kB
Bounce:                0 kB
WritebackTmp:          0 kB
CommitLimit:     2496364 kB
Committed_AS:   85019900 kB
VmallocTotal:     385024 kB
VmallocUsed:      157844 kB
VmallocChunk:      61508 kB
Time pass: 248 sec

---2015-12-09 10:54:01
MemTotal:        2895588 kB
MemFree:           84504 kB
Buffers:           11780 kB
Cached:          1264872 kB
SwapCached:            0 kB
Active:           702244 kB
Inactive:        1233540 kB
Active(anon):     332176 kB
Inactive(anon):   332056 kB
Active(file):     370068 kB
Inactive(file):   901484 kB
Unevictable:        2748 kB
Mlocked:               0 kB
HighTotal:       2306432 kB
HighFree:          38892 kB
LowTotal:         589156 kB
LowFree:           45612 kB
SwapTotal:       1048572 kB
SwapFree:        1048572 kB
Dirty:                 0 kB
Writeback:             0 kB
AnonPages:        661848 kB
Mapped:           395064 kB
Shmem:              2352 kB
Slab:              55360 kB
SReclaimable:      19800 kB
SUnreclaim:        35560 kB
KernelStack:       13536 kB
PageTables:        39092 kB
NFS_Unstable:          0 kB
Bounce:                0 kB
WritebackTmp:          0 kB
CommitLimit:     2496364 kB
Committed_AS:   85020000 kB
VmallocTotal:     385024 kB
VmallocUsed:      157844 kB
VmallocChunk:      61508 kB
Time pass: 252 sec

---2015-12-09 10:54:01
MemTotal:        2895588 kB
MemFree:           84524 kB
Buffers:           11796 kB
Cached:          1264872 kB
SwapCached:            0 kB
Active:           702408 kB
Inactive:        1233556 kB
Active(anon):     332340 kB
Inactive(anon):   332056 kB
Active(file):     370068 kB
Inactive(file):   901500 kB
Unevictable:        2748 kB
Mlocked:               0 kB
HighTotal:       2306432 kB
HighFree:          37972 kB
LowTotal:         589156 kB
LowFree:           46552 kB
SwapTotal:       1048572 kB
SwapFree:        1048572 kB
Dirty:                36 kB
Writeback:             0 kB
AnonPages:        662240 kB
Mapped:           395064 kB
Shmem:              2352 kB
Slab:              55372 kB
SReclaimable:      19800 kB
SUnreclaim:        35572 kB
KernelStack:       13536 kB
PageTables:        39092 kB
NFS_Unstable:          0 kB
Bounce:                0 kB
WritebackTmp:          0 kB
CommitLimit:     2496364 kB
Committed_AS:   85020072 kB
VmallocTotal:     385024 kB
VmallocUsed:      157844 kB
VmallocChunk:      61508 kB
Time pass: 255 sec

---2015-12-09 10:54:01
MemTotal:        2895588 kB
MemFree:           83784 kB
Buffers:           11804 kB
Cached:          1264864 kB
SwapCached:            0 kB
Active:           702888 kB
Inactive:        1233556 kB
Active(anon):     332820 kB
Inactive(anon):   332056 kB
Active(file):     370068 kB
Inactive(file):   901500 kB
Unevictable:        2748 kB
Mlocked:               0 kB
HighTotal:       2306432 kB
HighFree:          38096 kB
LowTotal:         589156 kB
LowFree:           45688 kB
SwapTotal:       1048572 kB
SwapFree:        1048572 kB
Dirty:                 0 kB
Writeback:             0 kB
AnonPages:        662636 kB
Mapped:           395064 kB
Shmem:              2352 kB
Slab:              55416 kB
SReclaimable:      19800 kB
SUnreclaim:        35616 kB
KernelStack:       13536 kB
PageTables:        39092 kB
NFS_Unstable:          0 kB
Bounce:                0 kB
WritebackTmp:          0 kB
CommitLimit:     2496364 kB
Committed_AS:   85020304 kB
VmallocTotal:     385024 kB
VmallocUsed:      157844 kB
VmallocChunk:      61508 kB
Time pass: 259 sec

---2015-12-09 10:54:01
MemTotal:        2895588 kB
MemFree:           84276 kB
Buffers:           11820 kB
Cached:          1264872 kB
SwapCached:            0 kB
Active:           703060 kB
Inactive:        1233580 kB
Active(anon):     332992 kB
Inactive(anon):   332056 kB
Active(file):     370068 kB
Inactive(file):   901524 kB
Unevictable:        2748 kB
Mlocked:               0 kB
HighTotal:       2306432 kB
HighFree:          38148 kB
LowTotal:         589156 kB
LowFree:           46128 kB
SwapTotal:       1048572 kB
SwapFree:        1048572 kB
Dirty:                36 kB
Writeback:             0 kB
AnonPages:        662788 kB
Mapped:           395012 kB
Shmem:              2352 kB
Slab:              55384 kB
SReclaimable:      19800 kB
SUnreclaim:        35584 kB
KernelStack:       13536 kB
PageTables:        39072 kB
NFS_Unstable:          0 kB
Bounce:                0 kB
WritebackTmp:          0 kB
CommitLimit:     2496364 kB
Committed_AS:   85020384 kB
VmallocTotal:     385024 kB
VmallocUsed:      157844 kB
VmallocChunk:      61508 kB
Time pass: 263 sec

---2015-12-09 10:54:01
MemTotal:        2895588 kB
MemFree:           83556 kB
Buffers:           11828 kB
Cached:          1264864 kB
SwapCached:            0 kB
Active:           703196 kB
Inactive:        1233580 kB
Active(anon):     333128 kB
Inactive(anon):   332056 kB
Active(file):     370068 kB
Inactive(file):   901524 kB
Unevictable:        2748 kB
Mlocked:               0 kB
HighTotal:       2306432 kB
HighFree:          38024 kB
LowTotal:         589156 kB
LowFree:           45532 kB
SwapTotal:       1048572 kB
SwapFree:        1048572 kB
Dirty:                36 kB
Writeback:             0 kB
AnonPages:        662820 kB
Mapped:           395064 kB
Shmem:              2352 kB
Slab:              55396 kB
SReclaimable:      19800 kB
SUnreclaim:        35596 kB
KernelStack:       13536 kB
PageTables:        39092 kB
NFS_Unstable:          0 kB
Bounce:                0 kB
WritebackTmp:          0 kB
CommitLimit:     2496364 kB
Committed_AS:   85020664 kB
VmallocTotal:     385024 kB
VmallocUsed:      157844 kB
VmallocChunk:      61508 kB
Time pass: 267 sec

---2015-12-09 10:54:01
MemTotal:        2895588 kB
MemFree:           82284 kB
Buffers:           11844 kB
Cached:          1264872 kB
SwapCached:            0 kB
Active:           704460 kB
Inactive:        1233604 kB
Active(anon):     334392 kB
Inactive(anon):   332056 kB
Active(file):     370068 kB
Inactive(file):   901548 kB
Unevictable:        2748 kB
Mlocked:               0 kB
HighTotal:       2306432 kB
HighFree:          38024 kB
LowTotal:         589156 kB
LowFree:           44260 kB
SwapTotal:       1048572 kB
SwapFree:        1048572 kB
Dirty:                36 kB
Writeback:             0 kB
AnonPages:        663900 kB
Mapped:           395116 kB
Shmem:              2352 kB
Slab:              55404 kB
SReclaimable:      19800 kB
SUnreclaim:        35604 kB
KernelStack:       13536 kB
PageTables:        39112 kB
NFS_Unstable:          0 kB
Bounce:                0 kB
WritebackTmp:          0 kB
CommitLimit:     2496364 kB
Committed_AS:   85020736 kB
VmallocTotal:     385024 kB
VmallocUsed:      157844 kB
VmallocChunk:      61508 kB
Time pass: 270 sec

---2015-12-09 10:54:01
MemTotal:        2895588 kB
MemFree:           81660 kB
Buffers:           11844 kB
Cached:          1264888 kB
SwapCached:            0 kB
Active:           704656 kB
Inactive:        1233420 kB
Active(anon):     334588 kB
Inactive(anon):   331872 kB
Active(file):     370068 kB
Inactive(file):   901548 kB
Unevictable:        2748 kB
Mlocked:               0 kB
HighTotal:       2306432 kB
HighFree:          38024 kB
LowTotal:         589156 kB
LowFree:           43636 kB
SwapTotal:       1048572 kB
SwapFree:        1048572 kB
Dirty:                36 kB
Writeback:             0 kB
AnonPages:        663928 kB
Mapped:           395132 kB
Shmem:              2368 kB
Slab:              55424 kB
SReclaimable:      19800 kB
SUnreclaim:        35624 kB
KernelStack:       13536 kB
PageTables:        39112 kB
NFS_Unstable:          0 kB
Bounce:                0 kB
WritebackTmp:          0 kB
CommitLimit:     2496364 kB
Committed_AS:   85012388 kB
VmallocTotal:     385024 kB
VmallocUsed:      157844 kB
VmallocChunk:      61508 kB
Time pass: 274 sec

---2015-12-09 10:54:01
MemTotal:        2895588 kB
MemFree:           81504 kB
Buffers:           11868 kB
Cached:          1264992 kB
SwapCached:            0 kB
Active:           704368 kB
Inactive:        1233528 kB
Active(anon):     334300 kB
Inactive(anon):   331980 kB
Active(file):     370068 kB
Inactive(file):   901548 kB
Unevictable:        2748 kB
Mlocked:               0 kB
HighTotal:       2306432 kB
HighFree:          38612 kB
LowTotal:         589156 kB
LowFree:           42892 kB
SwapTotal:       1048572 kB
SwapFree:        1048572 kB
Dirty:                28 kB
Writeback:             0 kB
AnonPages:        663500 kB
Mapped:           395196 kB
Shmem:              2488 kB
Slab:              55404 kB
SReclaimable:      19800 kB
SUnreclaim:        35604 kB
KernelStack:       13528 kB
PageTables:        39076 kB
NFS_Unstable:          0 kB
Bounce:                0 kB
WritebackTmp:          0 kB
CommitLimit:     2496364 kB
Committed_AS:   85012628 kB
VmallocTotal:     385024 kB
VmallocUsed:      157844 kB
VmallocChunk:      61508 kB
Time pass: 277 sec

---2015-12-09 10:54:01
MemTotal:        2895588 kB
MemFree:           81524 kB
Buffers:           11868 kB
Cached:          1265008 kB
SwapCached:            0 kB
Active:           704428 kB
Inactive:        1233552 kB
Active(anon):     334360 kB
Inactive(anon):   331980 kB
Active(file):     370068 kB
Inactive(file):   901572 kB
Unevictable:        2748 kB
Mlocked:               0 kB
HighTotal:       2306432 kB
HighFree:          38540 kB
LowTotal:         589156 kB
LowFree:           42984 kB
SwapTotal:       1048572 kB
SwapFree:        1048572 kB
Dirty:                 0 kB
Writeback:             0 kB
AnonPages:        664100 kB
Mapped:           395196 kB
Shmem:              2488 kB
Slab:              55384 kB
SReclaimable:      19800 kB
SUnreclaim:        35584 kB
KernelStack:       13528 kB
PageTables:        39076 kB
NFS_Unstable:          0 kB
Bounce:                0 kB
WritebackTmp:          0 kB
CommitLimit:     2496364 kB
Committed_AS:   85012748 kB
VmallocTotal:     385024 kB
VmallocUsed:      157844 kB
VmallocChunk:      61508 kB
Time pass: 281 sec

---2015-12-09 10:54:01
MemTotal:        2895588 kB
MemFree:           81368 kB
Buffers:           11876 kB
Cached:          1265008 kB
SwapCached:            0 kB
Active:           704868 kB
Inactive:        1233560 kB
Active(anon):     334800 kB
Inactive(anon):   331980 kB
Active(file):     370068 kB
Inactive(file):   901580 kB
Unevictable:        2748 kB
Mlocked:               0 kB
HighTotal:       2306432 kB
HighFree:          37920 kB
LowTotal:         589156 kB
LowFree:           43448 kB
SwapTotal:       1048572 kB
SwapFree:        1048572 kB
Dirty:                28 kB
Writeback:             0 kB
AnonPages:        664336 kB
Mapped:           395196 kB
Shmem:              2488 kB
Slab:              55376 kB
SReclaimable:      19800 kB
SUnreclaim:        35576 kB
KernelStack:       13528 kB
PageTables:        39080 kB
NFS_Unstable:          0 kB
Bounce:                0 kB
WritebackTmp:          0 kB
CommitLimit:     2496364 kB
Committed_AS:   85012836 kB
VmallocTotal:     385024 kB
VmallocUsed:      157844 kB
VmallocChunk:      61508 kB
Time pass: 285 sec

---2015-12-09 10:54:01
MemTotal:        2895588 kB
MemFree:           81684 kB
Buffers:           11892 kB
Cached:          1265008 kB
SwapCached:            0 kB
Active:           704500 kB
Inactive:        1233552 kB
Active(anon):     334432 kB
Inactive(anon):   331956 kB
Active(file):     370068 kB
Inactive(file):   901596 kB
Unevictable:        2748 kB
Mlocked:               0 kB
HighTotal:       2306432 kB
HighFree:          38736 kB
LowTotal:         589156 kB
LowFree:           42948 kB
SwapTotal:       1048572 kB
SwapFree:        1048572 kB
Dirty:                36 kB
Writeback:             0 kB
AnonPages:        664156 kB
Mapped:           395196 kB
Shmem:              2488 kB
Slab:              55380 kB
SReclaimable:      19800 kB
SUnreclaim:        35580 kB
KernelStack:       13520 kB
PageTables:        39080 kB
NFS_Unstable:          0 kB
Bounce:                0 kB
WritebackTmp:          0 kB
CommitLimit:     2496364 kB
Committed_AS:   85006972 kB
VmallocTotal:     385024 kB
VmallocUsed:      157844 kB
VmallocChunk:      61508 kB
Time pass: 288 sec

---2015-12-09 10:54:01
MemTotal:        2895588 kB
MemFree:           81168 kB
Buffers:           11900 kB
Cached:          1265020 kB
SwapCached:            0 kB
Active:           704916 kB
Inactive:        1233572 kB
Active(anon):     334848 kB
Inactive(anon):   331968 kB
Active(file):     370068 kB
Inactive(file):   901604 kB
Unevictable:        2748 kB
Mlocked:               0 kB
HighTotal:       2306432 kB
HighFree:          38540 kB
LowTotal:         589156 kB
LowFree:           42628 kB
SwapTotal:       1048572 kB
SwapFree:        1048572 kB
Dirty:                28 kB
Writeback:             0 kB
AnonPages:        664548 kB
Mapped:           395208 kB
Shmem:              2500 kB
Slab:              55376 kB
SReclaimable:      19800 kB
SUnreclaim:        35576 kB
KernelStack:       13520 kB
PageTables:        39080 kB
NFS_Unstable:          0 kB
Bounce:                0 kB
WritebackTmp:          0 kB
CommitLimit:     2496364 kB
Committed_AS:   85007044 kB
VmallocTotal:     385024 kB
VmallocUsed:      157844 kB
VmallocChunk:      61508 kB
Time pass: 292 sec

---2015-12-09 10:54:01
MemTotal:        2895588 kB
MemFree:           85692 kB
Buffers:           11900 kB
Cached:          1265020 kB
SwapCached:            0 kB
Active:           700268 kB
Inactive:        1233572 kB
Active(anon):     330200 kB
Inactive(anon):   331968 kB
Active(file):     370068 kB
Inactive(file):   901604 kB
Unevictable:        2748 kB
Mlocked:               0 kB
HighTotal:       2306432 kB
HighFree:          40080 kB
LowTotal:         589156 kB
LowFree:           45612 kB
SwapTotal:       1048572 kB
SwapFree:        1048572 kB
Dirty:                28 kB
Writeback:             0 kB
AnonPages:        659964 kB
Mapped:           395208 kB
Shmem:              2500 kB
Slab:              55372 kB
SReclaimable:      19800 kB
SUnreclaim:        35572 kB
KernelStack:       13520 kB
PageTables:        39080 kB
NFS_Unstable:          0 kB
Bounce:                0 kB
WritebackTmp:          0 kB
CommitLimit:     2496364 kB
Committed_AS:   85007148 kB
VmallocTotal:     385024 kB
VmallocUsed:      157844 kB
VmallocChunk:      61508 kB
Time pass: 296 sec

---2015-12-09 10:54:01
MemTotal:        2895588 kB
MemFree:           85368 kB
Buffers:           11900 kB
Cached:          1265076 kB
SwapCached:            0 kB
Active:           699808 kB
Inactive:        1233628 kB
Active(anon):     329740 kB
Inactive(anon):   332024 kB
Active(file):     370068 kB
Inactive(file):   901604 kB
Unevictable:        2748 kB
Mlocked:               0 kB
HighTotal:       2306432 kB
HighFree:          39284 kB
LowTotal:         589156 kB
LowFree:           46084 kB
SwapTotal:       1048572 kB
SwapFree:        1048572 kB
Dirty:                 0 kB
Writeback:             0 kB
AnonPages:        659532 kB
Mapped:           395264 kB
Shmem:              2556 kB
Slab:              55372 kB
SReclaimable:      19800 kB
SUnreclaim:        35572 kB
KernelStack:       13520 kB
PageTables:        39080 kB
NFS_Unstable:          0 kB
Bounce:                0 kB
WritebackTmp:          0 kB
CommitLimit:     2496364 kB
Committed_AS:   85007372 kB
VmallocTotal:     385024 kB
VmallocUsed:      157844 kB
VmallocChunk:      61508 kB
Time pass: 299 sec

---2015-12-09 10:54:01
MemTotal:        2895588 kB
MemFree:           85928 kB
Buffers:           11900 kB
Cached:          1265076 kB
SwapCached:            0 kB
Active:           699904 kB
Inactive:        1233628 kB
Active(anon):     329836 kB
Inactive(anon):   332024 kB
Active(file):     370068 kB
Inactive(file):   901604 kB
Unevictable:        2748 kB
Mlocked:               0 kB
HighTotal:       2306432 kB
HighFree:          38540 kB
LowTotal:         589156 kB
LowFree:           47388 kB
SwapTotal:       1048572 kB
SwapFree:        1048572 kB
Dirty:                 0 kB
Writeback:             0 kB
AnonPages:        659480 kB
Mapped:           395264 kB
Shmem:              2556 kB
Slab:              55372 kB
SReclaimable:      19800 kB
SUnreclaim:        35572 kB
KernelStack:       13520 kB
PageTables:        39080 kB
NFS_Unstable:          0 kB
Bounce:                0 kB
WritebackTmp:          0 kB
CommitLimit:     2496364 kB
Committed_AS:   85007484 kB
VmallocTotal:     385024 kB
VmallocUsed:      157844 kB
VmallocChunk:      61508 kB
Time pass: 303 sec

---2015-12-09 10:54:01
MemTotal:        2895588 kB
MemFree:           85372 kB
Buffers:           11900 kB
Cached:          1265076 kB
SwapCached:            0 kB
Active:           699996 kB
Inactive:        1233592 kB
Active(anon):     329928 kB
Inactive(anon):   331988 kB
Active(file):     370068 kB
Inactive(file):   901604 kB
Unevictable:        2748 kB
Mlocked:               0 kB
HighTotal:       2306432 kB
HighFree:          38168 kB
LowTotal:         589156 kB
LowFree:           47204 kB
SwapTotal:       1048572 kB
SwapFree:        1048572 kB
Dirty:                 0 kB
Writeback:             0 kB
AnonPages:        659740 kB
Mapped:           395316 kB
Shmem:              2556 kB
Slab:              55372 kB
SReclaimable:      19800 kB
SUnreclaim:        35572 kB
KernelStack:       13520 kB
PageTables:        39104 kB
NFS_Unstable:          0 kB
Bounce:                0 kB
WritebackTmp:          0 kB
CommitLimit:     2496364 kB
Committed_AS:   85011676 kB
VmallocTotal:     385024 kB
VmallocUsed:      157844 kB
VmallocChunk:      61508 kB
Time pass: 307 sec

---2015-12-09 10:54:01
MemTotal:        2895588 kB
MemFree:           86028 kB
Buffers:           11900 kB
Cached:          1265076 kB
SwapCached:            0 kB
Active:           700424 kB
Inactive:        1233576 kB
Active(anon):     330356 kB
Inactive(anon):   331972 kB
Active(file):     370068 kB
Inactive(file):   901604 kB
Unevictable:        2748 kB
Mlocked:               0 kB
HighTotal:       2306432 kB
HighFree:          37972 kB
LowTotal:         589156 kB
LowFree:           48056 kB
SwapTotal:       1048572 kB
SwapFree:        1048572 kB
Dirty:                 0 kB
Writeback:             0 kB
AnonPages:        659804 kB
Mapped:           395264 kB
Shmem:              2556 kB
Slab:              55392 kB
SReclaimable:      19800 kB
SUnreclaim:        35592 kB
KernelStack:       13520 kB
PageTables:        39084 kB
NFS_Unstable:          0 kB
Bounce:                0 kB
WritebackTmp:          0 kB
CommitLimit:     2496364 kB
Committed_AS:   85011924 kB
VmallocTotal:     385024 kB
VmallocUsed:      157844 kB
VmallocChunk:      61508 kB
Time pass: 310 sec

---2015-12-09 10:54:01
MemTotal:        2895588 kB
MemFree:           85740 kB
Buffers:           11900 kB
Cached:          1265076 kB
SwapCached:            0 kB
Active:           700600 kB
Inactive:        1233576 kB
Active(anon):     330532 kB
Inactive(anon):   331972 kB
Active(file):     370068 kB
Inactive(file):   901604 kB
Unevictable:        2748 kB
Mlocked:               0 kB
HighTotal:       2306432 kB
HighFree:          38344 kB
LowTotal:         589156 kB
LowFree:           47396 kB
SwapTotal:       1048572 kB
SwapFree:        1048572 kB
Dirty:                 0 kB
Writeback:             0 kB
AnonPages:        660120 kB
Mapped:           395316 kB
Shmem:              2556 kB
Slab:              55392 kB
SReclaimable:      19800 kB
SUnreclaim:        35592 kB
KernelStack:       13512 kB
PageTables:        39104 kB
NFS_Unstable:          0 kB
Bounce:                0 kB
WritebackTmp:          0 kB
CommitLimit:     2496364 kB
Committed_AS:   85012012 kB
VmallocTotal:     385024 kB
VmallocUsed:      157844 kB
VmallocChunk:      61508 kB
Time pass: 314 sec

---2015-12-09 10:54:01
MemTotal:        2895588 kB
MemFree:           84676 kB
Buffers:           11900 kB
Cached:          1265076 kB
SwapCached:            0 kB
Active:           701104 kB
Inactive:        1233576 kB
Active(anon):     331036 kB
Inactive(anon):   331972 kB
Active(file):     370068 kB
Inactive(file):   901604 kB
Unevictable:        2748 kB
Mlocked:               0 kB
HighTotal:       2306432 kB
HighFree:          38148 kB
LowTotal:         589156 kB
LowFree:           46528 kB
SwapTotal:       1048572 kB
SwapFree:        1048572 kB
Dirty:                 0 kB
Writeback:             0 kB
AnonPages:        659908 kB
Mapped:           395316 kB
Shmem:              2556 kB
Slab:              55392 kB
SReclaimable:      19800 kB
SUnreclaim:        35592 kB
KernelStack:       13512 kB
PageTables:        39104 kB
NFS_Unstable:          0 kB
Bounce:                0 kB
WritebackTmp:          0 kB
CommitLimit:     2496364 kB
Committed_AS:   85012164 kB
VmallocTotal:     385024 kB
VmallocUsed:      157844 kB
VmallocChunk:      61508 kB
Time pass: 317 sec

---2015-12-09 10:54:01
MemTotal:        2895588 kB
MemFree:           85600 kB
Buffers:           11900 kB
Cached:          1265076 kB
SwapCached:            0 kB
Active:           701028 kB
Inactive:        1233576 kB
Active(anon):     330960 kB
Inactive(anon):   331972 kB
Active(file):     370068 kB
Inactive(file):   901604 kB
Unevictable:        2748 kB
Mlocked:               0 kB
HighTotal:       2306432 kB
HighFree:          38272 kB
LowTotal:         589156 kB
LowFree:           47328 kB
SwapTotal:       1048572 kB
SwapFree:        1048572 kB
Dirty:                 0 kB
Writeback:             0 kB
AnonPages:        660408 kB
Mapped:           395316 kB
Shmem:              2556 kB
Slab:              55392 kB
SReclaimable:      19800 kB
SUnreclaim:        35592 kB
KernelStack:       13512 kB
PageTables:        39104 kB
NFS_Unstable:          0 kB
Bounce:                0 kB
WritebackTmp:          0 kB
CommitLimit:     2496364 kB
Committed_AS:   85012380 kB
VmallocTotal:     385024 kB
VmallocUsed:      157844 kB
VmallocChunk:      61508 kB
Time pass: 321 sec

---2015-12-09 10:54:01
MemTotal:        2895588 kB
MemFree:           84824 kB
Buffers:           11924 kB
Cached:          1265080 kB
SwapCached:            0 kB
Active:           701340 kB
Inactive:        1233340 kB
Active(anon):     331272 kB
Inactive(anon):   331708 kB
Active(file):     370068 kB
Inactive(file):   901632 kB
Unevictable:        2748 kB
Mlocked:               0 kB
HighTotal:       2306432 kB
HighFree:          38520 kB
LowTotal:         589156 kB
LowFree:           46304 kB
SwapTotal:       1048572 kB
SwapFree:        1048572 kB
Dirty:                68 kB
Writeback:             0 kB
AnonPages:        660468 kB
Mapped:           395368 kB
