---2015-11-19 17:44:43
MemTotal:        2899420 kB
MemFree:          137740 kB
Buffers:           28312 kB
Cached:          1275620 kB
SwapCached:           96 kB
Active:          1383460 kB
Inactive:         836100 kB
Active(anon):     730592 kB
Inactive(anon):   199600 kB
Active(file):     652868 kB
Inactive(file):   636500 kB
Unevictable:       13544 kB
Mlocked:               0 kB
SwapTotal:        724852 kB
SwapFree:         723028 kB
Dirty:                 0 kB
Writeback:             0 kB
AnonPages:        929308 kB
Mapped:           481384 kB
Shmem:               996 kB
Slab:              97540 kB
SReclaimable:      31768 kB
SUnreclaim:        65772 kB
KernelStack:       36640 kB
PageTables:        46280 kB
NFS_Unstable:          0 kB
Bounce:                0 kB
WritebackTmp:          0 kB
CommitLimit:     2174560 kB
Committed_AS:   111780728 kB
VmallocTotal:   251658176 kB
VmallocUsed:      130040 kB
VmallocChunk:   251428908 kB
Time pass: 3 sec

---2015-11-19 17:44:43
MemTotal:        2899420 kB
MemFree:          137328 kB
Buffers:           28312 kB
Cached:          1275624 kB
SwapCached:           96 kB
Active:          1383752 kB
Inactive:         836060 kB
Active(anon):     730840 kB
Inactive(anon):   199600 kB
Active(file):     652912 kB
Inactive(file):   636460 kB
Unevictable:       13544 kB
Mlocked:               0 kB
SwapTotal:        724852 kB
SwapFree:         723028 kB
Dirty:                 0 kB
Writeback:             0 kB
AnonPages:        929440 kB
Mapped:           481476 kB
Shmem:               996 kB
Slab:              97556 kB
SReclaimable:      31784 kB
SUnreclaim:        65772 kB
KernelStack:       36640 kB
PageTables:        46312 kB
NFS_Unstable:          0 kB
Bounce:                0 kB
WritebackTmp:          0 kB
CommitLimit:     2174560 kB
Committed_AS:   111780728 kB
VmallocTotal:   251658176 kB
VmallocUsed:      130040 kB
VmallocChunk:   251428908 kB
Time pass: 7 sec

---2015-11-19 17:44:43
MemTotal:        2899420 kB
MemFree:          136772 kB
Buffers:           28312 kB
Cached:          1275624 kB
SwapCached:           96 kB
Active:          1383988 kB
Inactive:         836060 kB
Active(anon):     731076 kB
Inactive(anon):   199600 kB
Active(file):     652912 kB
Inactive(file):   636460 kB
Unevictable:       13544 kB
Mlocked:               0 kB
SwapTotal:        724852 kB
SwapFree:         723028 kB
Dirty:                 0 kB
Writeback:             0 kB
AnonPages:        929588 kB
Mapped:           481456 kB
Shmem:               996 kB
Slab:              97556 kB
SReclaimable:      31784 kB
SUnreclaim:        65772 kB
KernelStack:       36640 kB
PageTables:        46336 kB
NFS_Unstable:          0 kB
Bounce:                0 kB
WritebackTmp:          0 kB
CommitLimit:     2174560 kB
Committed_AS:   111780720 kB
VmallocTotal:   251658176 kB
VmallocUsed:      130040 kB
VmallocChunk:   251428908 kB
Time pass: 11 sec

---2015-11-19 17:44:43
MemTotal:        2899420 kB
MemFree:           64092 kB
Buffers:           28596 kB
Cached:          1275036 kB
SwapCached:           96 kB
Active:          1405684 kB
Inactive:         844464 kB
Active(anon):     761944 kB
Inactive(anon):   199376 kB
Active(file):     643740 kB
Inactive(file):   645088 kB
Unevictable:       13544 kB
Mlocked:               0 kB
SwapTotal:        724852 kB
SwapFree:         722820 kB
Dirty:              1132 kB
Writeback:             0 kB
AnonPages:        960584 kB
Mapped:           455884 kB
Shmem:               992 kB
Slab:              98100 kB
SReclaimable:      32116 kB
SUnreclaim:        65984 kB
KernelStack:       37744 kB
PageTables:        47212 kB
NFS_Unstable:          0 kB
Bounce:                0 kB
WritebackTmp:          0 kB
CommitLimit:     2174560 kB
Committed_AS:   113081740 kB
VmallocTotal:   251658176 kB
VmallocUsed:      130392 kB
VmallocChunk:   251428908 kB
Time pass: 14 sec

---2015-11-19 17:44:43
MemTotal:        2899420 kB
MemFree:           73660 kB
Buffers:           27360 kB
Cached:          1182556 kB
SwapCached:          100 kB
Active:          1361384 kB
Inactive:         796372 kB
Active(anon):     763852 kB
Inactive(anon):   198660 kB
Active(file):     597532 kB
Inactive(file):   597712 kB
Unevictable:       13544 kB
Mlocked:               0 kB
SwapTotal:        724852 kB
SwapFree:         722092 kB
Dirty:                40 kB
Writeback:             0 kB
AnonPages:        961288 kB
Mapped:           535508 kB
Shmem:              1128 kB
Slab:              97904 kB
SReclaimable:      31920 kB
SUnreclaim:        65984 kB
KernelStack:       37824 kB
PageTables:        47536 kB
NFS_Unstable:          0 kB
Bounce:                0 kB
WritebackTmp:          0 kB
CommitLimit:     2174560 kB
Committed_AS:   113114276 kB
VmallocTotal:   251658176 kB
VmallocUsed:      131184 kB
VmallocChunk:   251428908 kB
Time pass: 18 sec

---2015-11-19 17:44:43
MemTotal:        2899420 kB
MemFree:           74156 kB
Buffers:           27368 kB
Cached:          1182560 kB
SwapCached:          100 kB
Active:          1360932 kB
Inactive:         796376 kB
Active(anon):     763400 kB
Inactive(anon):   198660 kB
Active(file):     597532 kB
Inactive(file):   597716 kB
Unevictable:       13544 kB
Mlocked:               0 kB
SwapTotal:        724852 kB
SwapFree:         722092 kB
Dirty:               132 kB
Writeback:             0 kB
AnonPages:        960828 kB
Mapped:           535492 kB
Shmem:              1128 kB
Slab:              97784 kB
SReclaimable:      31968 kB
SUnreclaim:        65816 kB
KernelStack:       37824 kB
PageTables:        47548 kB
NFS_Unstable:          0 kB
Bounce:                0 kB
WritebackTmp:          0 kB
CommitLimit:     2174560 kB
Committed_AS:   113114268 kB
VmallocTotal:   251658176 kB
VmallocUsed:      131184 kB
VmallocChunk:   251428908 kB
Time pass: 22 sec

---2015-11-19 17:44:43
MemTotal:        2899420 kB
MemFree:           73952 kB
Buffers:           27376 kB
Cached:          1182560 kB
SwapCached:          100 kB
Active:          1361192 kB
Inactive:         796392 kB
Active(anon):     763660 kB
Inactive(anon):   198660 kB
Active(file):     597532 kB
Inactive(file):   597732 kB
Unevictable:       13544 kB
Mlocked:               0 kB
SwapTotal:        724852 kB
SwapFree:         722092 kB
Dirty:               108 kB
Writeback:             0 kB
AnonPages:        961044 kB
Mapped:           535500 kB
Shmem:              1128 kB
Slab:              97932 kB
SReclaimable:      31968 kB
SUnreclaim:        65964 kB
KernelStack:       37824 kB
PageTables:        47548 kB
NFS_Unstable:          0 kB
Bounce:                0 kB
WritebackTmp:          0 kB
CommitLimit:     2174560 kB
Committed_AS:   113114236 kB
VmallocTotal:   251658176 kB
VmallocUsed:      131184 kB
VmallocChunk:   251428908 kB
Time pass: 26 sec

---2015-11-19 17:44:43
MemTotal:        2899420 kB
MemFree:           36832 kB
Buffers:           26364 kB
Cached:          1150552 kB
SwapCached:          100 kB
Active:          1362012 kB
Inactive:         780216 kB
Active(anon):     781676 kB
Inactive(anon):   198652 kB
Active(file):     580336 kB
Inactive(file):   581564 kB
Unevictable:       13544 kB
Mlocked:               0 kB
SwapTotal:        724852 kB
SwapFree:         722092 kB
Dirty:               228 kB
Writeback:             0 kB
AnonPages:        979460 kB
Mapped:           543300 kB
Shmem:              1140 kB
Slab:              97800 kB
SReclaimable:      31968 kB
SUnreclaim:        65832 kB
KernelStack:       37824 kB
PageTables:        47584 kB
NFS_Unstable:          0 kB
Bounce:                0 kB
WritebackTmp:          0 kB
CommitLimit:     2174560 kB
Committed_AS:   113118268 kB
VmallocTotal:   251658176 kB
VmallocUsed:      143944 kB
VmallocChunk:   251416340 kB
Time pass: 30 sec

---2015-11-19 17:44:43
MemTotal:        2899420 kB
MemFree:           68472 kB
Buffers:           22584 kB
Cached:          1088760 kB
SwapCached:          100 kB
Active:          1341832 kB
Inactive:         746372 kB
Active(anon):     793444 kB
Inactive(anon):   198184 kB
Active(file):     548388 kB
Inactive(file):   548188 kB
Unevictable:       13544 kB
Mlocked:               0 kB
SwapTotal:        724852 kB
SwapFree:         721664 kB
Dirty:               268 kB
Writeback:             0 kB
AnonPages:        990496 kB
Mapped:           555208 kB
Shmem:              1128 kB
Slab:              98116 kB
SReclaimable:      32112 kB
SUnreclaim:        66004 kB
KernelStack:       37888 kB
PageTables:        47940 kB
NFS_Unstable:          0 kB
Bounce:                0 kB
WritebackTmp:          0 kB
CommitLimit:     2174560 kB
Committed_AS:   113139752 kB
VmallocTotal:   251658176 kB
VmallocUsed:      131488 kB
VmallocChunk:   251428908 kB
Time pass: 33 sec

---2015-11-19 17:44:43
MemTotal:        2899420 kB
MemFree:           82236 kB
Buffers:           19544 kB
Cached:          1087704 kB
SwapCached:          100 kB
Active:          1352132 kB
Inactive:         746468 kB
Active(anon):     806308 kB
Inactive(anon):   199864 kB
Active(file):     545824 kB
Inactive(file):   546604 kB
Unevictable:       13544 kB
Mlocked:               0 kB
SwapTotal:        724852 kB
SwapFree:         721660 kB
Dirty:               304 kB
Writeback:             0 kB
AnonPages:       1004880 kB
Mapped:           544508 kB
Shmem:              1132 kB
Slab:              97560 kB
SReclaimable:      31676 kB
SUnreclaim:        65884 kB
KernelStack:       37904 kB
PageTables:        47744 kB
NFS_Unstable:          0 kB
Bounce:                0 kB
WritebackTmp:          0 kB
CommitLimit:     2174560 kB
Committed_AS:   113157032 kB
VmallocTotal:   251658176 kB
VmallocUsed:      131284 kB
VmallocChunk:   251428908 kB
Time pass: 37 sec

---2015-11-19 17:44:43
MemTotal:        2899420 kB
MemFree:           73036 kB
Buffers:           19392 kB
Cached:          1038260 kB
SwapCached:          100 kB
Active:          1332032 kB
Inactive:         726460 kB
Active(anon):     810888 kB
Inactive(anon):   204692 kB
Active(file):     521144 kB
Inactive(file):   521768 kB
Unevictable:       13544 kB
Mlocked:               0 kB
SwapTotal:        724852 kB
SwapFree:         721356 kB
Dirty:               524 kB
Writeback:             0 kB
AnonPages:       1014240 kB
Mapped:           599420 kB
Shmem:              1132 kB
Slab:              97828 kB
SReclaimable:      31836 kB
SUnreclaim:        65992 kB
KernelStack:       38000 kB
PageTables:        47864 kB
NFS_Unstable:          0 kB
Bounce:                0 kB
WritebackTmp:          0 kB
CommitLimit:     2174560 kB
Committed_AS:   113165400 kB
VmallocTotal:   251658176 kB
VmallocUsed:      131772 kB
VmallocChunk:   251428908 kB
Time pass: 41 sec

---2015-11-19 17:44:43
MemTotal:        2899420 kB
MemFree:           85900 kB
Buffers:           19500 kB
Cached:          1038200 kB
SwapCached:          100 kB
Active:          1318728 kB
Inactive:         726516 kB
Active(anon):     797572 kB
Inactive(anon):   204684 kB
Active(file):     521156 kB
Inactive(file):   521832 kB
Unevictable:       13544 kB
Mlocked:               0 kB
SwapTotal:        724852 kB
SwapFree:         721356 kB
Dirty:               132 kB
Writeback:             0 kB
AnonPages:       1000972 kB
Mapped:           599956 kB
Shmem:              1132 kB
Slab:              98036 kB
SReclaimable:      31948 kB
SUnreclaim:        66088 kB
KernelStack:       38032 kB
PageTables:        47880 kB
NFS_Unstable:          0 kB
Bounce:                0 kB
WritebackTmp:          0 kB
CommitLimit:     2174560 kB
Committed_AS:   113143848 kB
VmallocTotal:   251658176 kB
VmallocUsed:      131772 kB
VmallocChunk:   251428908 kB
Time pass: 44 sec

---2015-11-19 17:44:43
MemTotal:        2899420 kB
MemFree:           85620 kB
Buffers:           19508 kB
Cached:          1038340 kB
SwapCached:          100 kB
Active:          1318880 kB
Inactive:         726656 kB
Active(anon):     797720 kB
Inactive(anon):   204684 kB
Active(file):     521160 kB
Inactive(file):   521972 kB
Unevictable:       13544 kB
Mlocked:               0 kB
SwapTotal:        724852 kB
SwapFree:         721356 kB
Dirty:                60 kB
Writeback:             0 kB
AnonPages:       1001136 kB
Mapped:           600384 kB
Shmem:              1132 kB
Slab:              97916 kB
SReclaimable:      31948 kB
SUnreclaim:        65968 kB
KernelStack:       38000 kB
PageTables:        47844 kB
NFS_Unstable:          0 kB
Bounce:                0 kB
WritebackTmp:          0 kB
CommitLimit:     2174560 kB
Committed_AS:   113143784 kB
VmallocTotal:   251658176 kB
VmallocUsed:      131772 kB
VmallocChunk:   251428908 kB
Time pass: 48 sec

---2015-11-19 17:44:43
MemTotal:        2899420 kB
MemFree:           73600 kB
Buffers:           19516 kB
Cached:          1034628 kB
SwapCached:          100 kB
Active:          1319836 kB
Inactive:         724428 kB
Active(anon):     800168 kB
Inactive(anon):   204684 kB
Active(file):     519668 kB
Inactive(file):   519744 kB
Unevictable:       13544 kB
Mlocked:               0 kB
SwapTotal:        724852 kB
SwapFree:         721356 kB
Dirty:               224 kB
Writeback:             0 kB
AnonPages:       1003608 kB
Mapped:           610144 kB
Shmem:              1132 kB
Slab:              98012 kB
SReclaimable:      31996 kB
SUnreclaim:        66016 kB
KernelStack:       38000 kB
PageTables:        47872 kB
NFS_Unstable:          0 kB
Bounce:                0 kB
WritebackTmp:          0 kB
CommitLimit:     2174560 kB
Committed_AS:   113143888 kB
VmallocTotal:   251658176 kB
VmallocUsed:      131868 kB
VmallocChunk:   251428908 kB
Time pass: 52 sec

---2015-11-19 17:44:43
MemTotal:        2899420 kB
MemFree:           73472 kB
Buffers:           19088 kB
Cached:          1008756 kB
SwapCached:          100 kB
Active:          1314000 kB
Inactive:         710856 kB
Active(anon):     807128 kB
Inactive(anon):   204564 kB
Active(file):     506872 kB
Inactive(file):   506292 kB
Unevictable:       13544 kB
Mlocked:               0 kB
SwapTotal:        724852 kB
SwapFree:         721264 kB
Dirty:               516 kB
Writeback:             0 kB
AnonPages:       1010536 kB
Mapped:           624124 kB
Shmem:              1132 kB
Slab:              98068 kB
SReclaimable:      32012 kB
SUnreclaim:        66056 kB
KernelStack:       38048 kB
PageTables:        47908 kB
NFS_Unstable:          0 kB
Bounce:                0 kB
WritebackTmp:          0 kB
CommitLimit:     2174560 kB
Committed_AS:   113144376 kB
VmallocTotal:   251658176 kB
VmallocUsed:      132020 kB
VmallocChunk:   251428908 kB
Time pass: 55 sec

---2015-11-19 17:44:43
MemTotal:        2899420 kB
MemFree:           62556 kB
Buffers:           19100 kB
Cached:          1011748 kB
SwapCached:          100 kB
Active:          1323788 kB
Inactive:         712496 kB
Active(anon):     815548 kB
Inactive(anon):   204564 kB
Active(file):     508240 kB
Inactive(file):   507932 kB
Unevictable:       13544 kB
Mlocked:               0 kB
SwapTotal:        724852 kB
SwapFree:         721264 kB
Dirty:                 4 kB
Writeback:             0 kB
AnonPages:       1019008 kB
Mapped:           627548 kB
Shmem:              1132 kB
Slab:              98320 kB
SReclaimable:      32188 kB
SUnreclaim:        66132 kB
KernelStack:       38096 kB
PageTables:        47852 kB
NFS_Unstable:          0 kB
Bounce:                0 kB
WritebackTmp:          0 kB
CommitLimit:     2174560 kB
Committed_AS:   113152648 kB
VmallocTotal:   251658176 kB
VmallocUsed:      132020 kB
VmallocChunk:   251428908 kB
Time pass: 60 sec

---2015-11-19 17:44:43
MemTotal:        2899420 kB
MemFree:           65464 kB
Buffers:           18924 kB
Cached:          1002340 kB
SwapCached:          104 kB
Active:          1324896 kB
Inactive:         709604 kB
Active(anon):     822544 kB
Inactive(anon):   205516 kB
Active(file):     502352 kB
Inactive(file):   504088 kB
Unevictable:       13556 kB
Mlocked:               0 kB
SwapTotal:        724852 kB
SwapFree:         721096 kB
Dirty:                 0 kB
Writeback:             0 kB
AnonPages:       1026756 kB
Mapped:           628996 kB
Shmem:              1268 kB
Slab:              98132 kB
SReclaimable:      31900 kB
SUnreclaim:        66232 kB
KernelStack:       38368 kB
PageTables:        48128 kB
NFS_Unstable:          0 kB
Bounce:                0 kB
WritebackTmp:          0 kB
CommitLimit:     2174560 kB
Committed_AS:   113188412 kB
VmallocTotal:   251658176 kB
VmallocUsed:      134452 kB
VmallocChunk:   251428908 kB
Time pass: 64 sec

---2015-11-19 17:44:43
MemTotal:        2899420 kB
MemFree:           72344 kB
Buffers:           17076 kB
Cached:           981032 kB
SwapCached:          104 kB
Active:          1316068 kB
Inactive:         697616 kB
Active(anon):     824444 kB
Inactive(anon):   206052 kB
Active(file):     491624 kB
Inactive(file):   491564 kB
Unevictable:       13556 kB
Mlocked:               0 kB
SwapTotal:        724852 kB
SwapFree:         721032 kB
Dirty:                48 kB
Writeback:             0 kB
AnonPages:       1029084 kB
Mapped:           628572 kB
Shmem:              1364 kB
Slab:              98000 kB
SReclaimable:      31772 kB
SUnreclaim:        66228 kB
KernelStack:       38352 kB
PageTables:        48268 kB
NFS_Unstable:          0 kB
Bounce:                0 kB
WritebackTmp:          0 kB
CommitLimit:     2174560 kB
Committed_AS:   113188468 kB
VmallocTotal:   251658176 kB
VmallocUsed:      134452 kB
VmallocChunk:   251428908 kB
Time pass: 70 sec

---2015-11-19 17:44:43
MemTotal:        2899420 kB
MemFree:           68220 kB
Buffers:           17092 kB
Cached:           981140 kB
SwapCached:          104 kB
Active:          1320028 kB
Inactive:         697744 kB
Active(anon):     828404 kB
Inactive(anon):   206164 kB
Active(file):     491624 kB
Inactive(file):   491580 kB
Unevictable:       13556 kB
Mlocked:               0 kB
SwapTotal:        724852 kB
SwapFree:         721032 kB
Dirty:                 0 kB
Writeback:             0 kB
AnonPages:       1033052 kB
Mapped:           628792 kB
Shmem:              1472 kB
Slab:              98148 kB
SReclaimable:      31884 kB
SUnreclaim:        66264 kB
KernelStack:       38352 kB
PageTables:        48296 kB
NFS_Unstable:          0 kB
Bounce:                0 kB
WritebackTmp:          0 kB
CommitLimit:     2174560 kB
Committed_AS:   113196604 kB
VmallocTotal:   251658176 kB
VmallocUsed:      134452 kB
VmallocChunk:   251428908 kB
Time pass: 75 sec

---2015-11-19 17:44:43
MemTotal:        2899420 kB
MemFree:           86404 kB
Buffers:           16716 kB
Cached:           975184 kB
SwapCached:          104 kB
Active:          1305192 kB
Inactive:         696740 kB
Active(anon):     817032 kB
Inactive(anon):   207672 kB
Active(file):     488160 kB
Inactive(file):   489068 kB
Unevictable:       13556 kB
Mlocked:               0 kB
SwapTotal:        724852 kB
SwapFree:         720968 kB
Dirty:                48 kB
Writeback:             0 kB
AnonPages:       1023440 kB
Mapped:           628300 kB
Shmem:              1084 kB
Slab:              98340 kB
SReclaimable:      31980 kB
SUnreclaim:        66360 kB
KernelStack:       38576 kB
PageTables:        48004 kB
NFS_Unstable:          0 kB
Bounce:                0 kB
WritebackTmp:          0 kB
CommitLimit:     2174560 kB
Committed_AS:   113173276 kB
VmallocTotal:   251658176 kB
VmallocUsed:      134452 kB
VmallocChunk:   251428908 kB
Time pass: 79 sec

---2015-11-19 17:44:43
MemTotal:        2899420 kB
MemFree:          279844 kB
Buffers:           16756 kB
Cached:           961492 kB
SwapCached:          104 kB
Active:          1234116 kB
Inactive:         688336 kB
Active(anon):     751532 kB
Inactive(anon):   207224 kB
Active(file):     482584 kB
Inactive(file):   481112 kB
Unevictable:       13556 kB
Mlocked:               0 kB
SwapTotal:        724852 kB
SwapFree:         720796 kB
Dirty:              1624 kB
Writeback:             0 kB
AnonPages:        957760 kB
Mapped:           467852 kB
Shmem:               996 kB
Slab:              98288 kB
SReclaimable:      32140 kB
SUnreclaim:        66148 kB
KernelStack:       37024 kB
PageTables:        46956 kB
NFS_Unstable:          0 kB
Bounce:                0 kB
WritebackTmp:          0 kB
CommitLimit:     2174560 kB
Committed_AS:   113041772 kB
VmallocTotal:   251658176 kB
VmallocUsed:      133504 kB
VmallocChunk:   251428908 kB
Time pass: 83 sec

---2015-11-19 17:44:43
MemTotal:        2899420 kB
MemFree:          280540 kB
Buffers:           16764 kB
Cached:           961984 kB
SwapCached:          104 kB
Active:          1233644 kB
Inactive:         688884 kB
Active(anon):     751056 kB
Inactive(anon):   207224 kB
Active(file):     482588 kB
Inactive(file):   481660 kB
Unevictable:       13556 kB
Mlocked:               0 kB
SwapTotal:        724852 kB
SwapFree:         720796 kB
Dirty:                 0 kB
Writeback:             0 kB
AnonPages:        957252 kB
Mapped:           467700 kB
Shmem:               996 kB
Slab:              98372 kB
SReclaimable:      32188 kB
SUnreclaim:        66184 kB
KernelStack:       36992 kB
PageTables:        46968 kB
NFS_Unstable:          0 kB
Bounce:                0 kB
WritebackTmp:          0 kB
CommitLimit:     2174560 kB
Committed_AS:   113041852 kB
VmallocTotal:   251658176 kB
VmallocUsed:      133504 kB
VmallocChunk:   251428908 kB
Time pass: 87 sec

---2015-11-19 17:44:43
MemTotal:        2899420 kB
MemFree:          280048 kB
Buffers:           16780 kB
Cached:           962068 kB
SwapCached:          104 kB
Active:          1234132 kB
Inactive:         688928 kB
Active(anon):     751540 kB
Inactive(anon):   207224 kB
Active(file):     482592 kB
Inactive(file):   481704 kB
Unevictable:       13556 kB
Mlocked:               0 kB
SwapTotal:        724852 kB
SwapFree:         720796 kB
Dirty:                84 kB
Writeback:             0 kB
AnonPages:        957656 kB
Mapped:           468020 kB
Shmem:               996 kB
Slab:              98332 kB
SReclaimable:      32188 kB
SUnreclaim:        66144 kB
KernelStack:       36992 kB
PageTables:        46972 kB
NFS_Unstable:          0 kB
Bounce:                0 kB
WritebackTmp:          0 kB
CommitLimit:     2174560 kB
Committed_AS:   113041884 kB
VmallocTotal:   251658176 kB
VmallocUsed:      133504 kB
VmallocChunk:   251428908 kB
Time pass: 91 sec

---2015-11-19 17:44:43
MemTotal:        2899420 kB
MemFree:          280308 kB
Buffers:           16780 kB
Cached:           962068 kB
SwapCached:          104 kB
Active:          1234116 kB
Inactive:         688928 kB
Active(anon):     751524 kB
Inactive(anon):   207224 kB
Active(file):     482592 kB
Inactive(file):   481704 kB
Unevictable:       13556 kB
Mlocked:               0 kB
SwapTotal:        724852 kB
SwapFree:         720796 kB
Dirty:                84 kB
Writeback:             0 kB
AnonPages:        957780 kB
Mapped:           468148 kB
Shmem:               996 kB
Slab:              98324 kB
SReclaimable:      32188 kB
SUnreclaim:        66136 kB
KernelStack:       36992 kB
PageTables:        46976 kB
NFS_Unstable:          0 kB
Bounce:                0 kB
WritebackTmp:          0 kB
CommitLimit:     2174560 kB
Committed_AS:   113041876 kB
VmallocTotal:   251658176 kB
VmallocUsed:      131088 kB
VmallocChunk:   251428908 kB
Time pass: 95 sec

---2015-11-19 17:44:43
MemTotal:        2899420 kB
MemFree:          280024 kB
Buffers:           16788 kB
Cached:           962068 kB
SwapCached:          104 kB
Active:          1234388 kB
Inactive:         688936 kB
Active(anon):     751796 kB
Inactive(anon):   207224 kB
Active(file):     482592 kB
Inactive(file):   481712 kB
Unevictable:       13556 kB
Mlocked:               0 kB
SwapTotal:        724852 kB
SwapFree:         720796 kB
Dirty:                32 kB
Writeback:             0 kB
AnonPages:        957844 kB
Mapped:           468152 kB
Shmem:               996 kB
Slab:              98192 kB
SReclaimable:      32060 kB
SUnreclaim:        66132 kB
KernelStack:       36976 kB
PageTables:        47000 kB
NFS_Unstable:          0 kB
Bounce:                0 kB
WritebackTmp:          0 kB
CommitLimit:     2174560 kB
Committed_AS:   113041876 kB
VmallocTotal:   251658176 kB
VmallocUsed:      131088 kB
VmallocChunk:   251428908 kB
Time pass: 100 sec

---2015-11-19 17:44:43
MemTotal:        2899420 kB
MemFree:          296336 kB
Buffers:           16828 kB
Cached:           964176 kB
SwapCached:          104 kB
Active:          1278064 kB
Inactive:         685472 kB
Active(anon):     789860 kB
Inactive(anon):   207352 kB
Active(file):     488204 kB
Inactive(file):   478120 kB
Unevictable:       13556 kB
Mlocked:               0 kB
SwapTotal:        724852 kB
SwapFree:         720796 kB
Dirty:              1124 kB
Writeback:             4 kB
AnonPages:        996280 kB
Mapped:           461240 kB
Shmem:              1124 kB
Slab:              98416 kB
SReclaimable:      32076 kB
SUnreclaim:        66340 kB
KernelStack:       38128 kB
PageTables:        47920 kB
NFS_Unstable:          0 kB
Bounce:                0 kB
WritebackTmp:          0 kB
CommitLimit:     2174560 kB
Committed_AS:   114362304 kB
VmallocTotal:   251658176 kB
VmallocUsed:      148240 kB
VmallocChunk:   251346212 kB
Time pass: 103 sec

---2015-11-19 17:44:43
MemTotal:        2899420 kB
MemFree:          199968 kB
Buffers:           16880 kB
Cached:           965020 kB
SwapCached:          104 kB
Active:          1292884 kB
Inactive:         684800 kB
Active(anon):     803136 kB
Inactive(anon):   207356 kB
Active(file):     489748 kB
Inactive(file):   477444 kB
Unevictable:       13556 kB
Mlocked:               0 kB
SwapTotal:        724852 kB
SwapFree:         720796 kB
Dirty:               112 kB
Writeback:          2200 kB
AnonPages:       1009252 kB
Mapped:           539288 kB
Shmem:              1132 kB
Slab:              98440 kB
SReclaimable:      32076 kB
SUnreclaim:        66364 kB
KernelStack:       38240 kB
PageTables:        48132 kB
NFS_Unstable:          0 kB
Bounce:                0 kB
WritebackTmp:          0 kB
CommitLimit:     2174560 kB
Committed_AS:   114365436 kB
VmallocTotal:   251658176 kB
VmallocUsed:      132244 kB
VmallocChunk:   251428908 kB
Time pass: 107 sec

---2015-11-19 17:44:43
MemTotal:        2899420 kB
MemFree:          151524 kB
Buffers:           16888 kB
Cached:           967024 kB
SwapCached:          104 kB
Active:          1295008 kB
Inactive:         683384 kB
Active(anon):     801820 kB
Inactive(anon):   207356 kB
Active(file):     493188 kB
Inactive(file):   476028 kB
Unevictable:       13556 kB
Mlocked:               0 kB
SwapTotal:        724852 kB
SwapFree:         720796 kB
Dirty:              1976 kB
Writeback:             0 kB
AnonPages:       1007840 kB
Mapped:           584272 kB
Shmem:              1132 kB
Slab:              98444 kB
SReclaimable:      32092 kB
SUnreclaim:        66352 kB
KernelStack:       38176 kB
PageTables:        48264 kB
NFS_Unstable:          0 kB
Bounce:                0 kB
WritebackTmp:          0 kB
CommitLimit:     2174560 kB
Committed_AS:   114375072 kB
VmallocTotal:   251658176 kB
VmallocUsed:      132628 kB
VmallocChunk:   251428908 kB
Time pass: 111 sec

---2015-11-19 17:44:43
MemTotal:        2899420 kB
MemFree:          148164 kB
Buffers:           16920 kB
Cached:           967100 kB
SwapCached:          104 kB
Active:          1297020 kB
Inactive:         683388 kB
Active(anon):     803736 kB
Inactive(anon):   207356 kB
Active(file):     493284 kB
Inactive(file):   476032 kB
Unevictable:       13556 kB
Mlocked:               0 kB
SwapTotal:        724852 kB
SwapFree:         720796 kB
Dirty:               192 kB
Writeback:             0 kB
AnonPages:       1009668 kB
Mapped:           584320 kB
Shmem:              1132 kB
Slab:              98348 kB
SReclaimable:      32028 kB
SUnreclaim:        66320 kB
KernelStack:       38192 kB
PageTables:        48272 kB
NFS_Unstable:          0 kB
Bounce:                0 kB
WritebackTmp:          0 kB
CommitLimit:     2174560 kB
Committed_AS:   114375128 kB
VmallocTotal:   251658176 kB
VmallocUsed:      132628 kB
VmallocChunk:   251428908 kB
Time pass: 114 sec

---2015-11-19 17:44:43
MemTotal:        2899420 kB
MemFree:          133828 kB
Buffers:           16928 kB
Cached:           967300 kB
SwapCached:          104 kB
Active:          1297788 kB
Inactive:         683300 kB
Active(anon):     804196 kB
Inactive(anon):   207356 kB
Active(file):     493592 kB
Inactive(file):   475944 kB
Unevictable:       13556 kB
Mlocked:               0 kB
SwapTotal:        724852 kB
SwapFree:         720796 kB
Dirty:                 0 kB
Writeback:             0 kB
AnonPages:       1010444 kB
Mapped:           594060 kB
Shmem:              1132 kB
Slab:              98344 kB
SReclaimable:      32028 kB
SUnreclaim:        66316 kB
KernelStack:       38176 kB
PageTables:        48296 kB
NFS_Unstable:          0 kB
Bounce:                0 kB
WritebackTmp:          0 kB
CommitLimit:     2174560 kB
Committed_AS:   114375232 kB
VmallocTotal:   251658176 kB
VmallocUsed:      132736 kB
VmallocChunk:   251428908 kB
Time pass: 118 sec

---2015-11-19 17:44:43
MemTotal:        2899420 kB
MemFree:          104892 kB
Buffers:           16928 kB
Cached:           967320 kB
SwapCached:          104 kB
Active:          1304088 kB
Inactive:         683260 kB
Active(anon):     810436 kB
Inactive(anon):   207352 kB
Active(file):     493652 kB
Inactive(file):   475908 kB
Unevictable:       13556 kB
Mlocked:               0 kB
SwapTotal:        724852 kB
SwapFree:         720796 kB
Dirty:               528 kB
Writeback:             0 kB
AnonPages:       1016440 kB
Mapped:           608028 kB
Shmem:              1132 kB
Slab:              98324 kB
SReclaimable:      32028 kB
SUnreclaim:        66296 kB
KernelStack:       38176 kB
PageTables:        48300 kB
NFS_Unstable:          0 kB
Bounce:                0 kB
WritebackTmp:          0 kB
CommitLimit:     2174560 kB
Committed_AS:   114383728 kB
VmallocTotal:   251658176 kB
VmallocUsed:      132888 kB
VmallocChunk:   251428908 kB
Time pass: 122 sec

---2015-11-19 17:44:43
MemTotal:        2899420 kB
MemFree:          106576 kB
Buffers:           16936 kB
Cached:           967320 kB
SwapCached:          104 kB
Active:          1302240 kB
Inactive:         683260 kB
Active(anon):     808588 kB
Inactive(anon):   207352 kB
Active(file):     493652 kB
Inactive(file):   475908 kB
Unevictable:       13556 kB
Mlocked:               0 kB
SwapTotal:        724852 kB
SwapFree:         720796 kB
Dirty:                 0 kB
Writeback:           220 kB
AnonPages:       1014636 kB
Mapped:           608092 kB
Shmem:              1132 kB
Slab:              98376 kB
SReclaimable:      32028 kB
SUnreclaim:        66348 kB
KernelStack:       38176 kB
PageTables:        48304 kB
NFS_Unstable:          0 kB
Bounce:                0 kB
WritebackTmp:          0 kB
CommitLimit:     2174560 kB
Committed_AS:   114383840 kB
VmallocTotal:   251658176 kB
VmallocUsed:      132888 kB
VmallocChunk:   251428908 kB
Time pass: 125 sec

---2015-11-19 17:44:43
MemTotal:        2899420 kB
MemFree:          106836 kB
Buffers:           16936 kB
Cached:           967320 kB
SwapCached:          104 kB
Active:          1302184 kB
Inactive:         683268 kB
Active(anon):     808532 kB
Inactive(anon):   207352 kB
Active(file):     493652 kB
Inactive(file):   475916 kB
Unevictable:       13556 kB
Mlocked:               0 kB
SwapTotal:        724852 kB
SwapFree:         720796 kB
Dirty:                 0 kB
Writeback:             0 kB
AnonPages:       1014492 kB
Mapped:           608128 kB
Shmem:              1132 kB
Slab:              98396 kB
SReclaimable:      32028 kB
SUnreclaim:        66368 kB
KernelStack:       38176 kB
PageTables:        48300 kB
NFS_Unstable:          0 kB
Bounce:                0 kB
WritebackTmp:          0 kB
CommitLimit:     2174560 kB
Committed_AS:   114383952 kB
VmallocTotal:   251658176 kB
VmallocUsed:      132888 kB
VmallocChunk:   251428908 kB
Time pass: 129 sec

---2015-11-19 17:44:43
MemTotal:        2899420 kB
MemFree:           94412 kB
Buffers:           16976 kB
Cached:           967376 kB
SwapCached:          104 kB
Active:          1314888 kB
Inactive:         682452 kB
Active(anon):     820324 kB
Inactive(anon):   207424 kB
Active(file):     494564 kB
Inactive(file):   475028 kB
Unevictable:       13556 kB
Mlocked:               0 kB
SwapTotal:        724852 kB
SwapFree:         720796 kB
Dirty:                72 kB
Writeback:             0 kB
AnonPages:       1026540 kB
Mapped:           610584 kB
Shmem:              1204 kB
Slab:              98400 kB
SReclaimable:      32028 kB
SUnreclaim:        66372 kB
KernelStack:       38576 kB
PageTables:        48420 kB
NFS_Unstable:          0 kB
Bounce:                0 kB
WritebackTmp:          0 kB
CommitLimit:     2174560 kB
Committed_AS:   114419740 kB
VmallocTotal:   251658176 kB
VmallocUsed:      135320 kB
VmallocChunk:   251428908 kB
Time pass: 133 sec

---2015-11-19 17:44:43
MemTotal:        2899420 kB
MemFree:           86972 kB
Buffers:           16992 kB
Cached:           967664 kB
SwapCached:          104 kB
Active:          1321252 kB
Inactive:         682672 kB
Active(anon):     826608 kB
Inactive(anon):   207584 kB
Active(file):     494644 kB
Inactive(file):   475088 kB
Unevictable:       13556 kB
Mlocked:               0 kB
SwapTotal:        724852 kB
SwapFree:         720796 kB
Dirty:                 0 kB
Writeback:             0 kB
AnonPages:       1033056 kB
Mapped:           611732 kB
Shmem:              1368 kB
Slab:              98304 kB
SReclaimable:      31836 kB
SUnreclaim:        66468 kB
KernelStack:       38544 kB
PageTables:        48544 kB
NFS_Unstable:          0 kB
Bounce:                0 kB
WritebackTmp:          0 kB
CommitLimit:     2174560 kB
Committed_AS:   114423856 kB
VmallocTotal:   251658176 kB
VmallocUsed:      135320 kB
VmallocChunk:   251428908 kB
Time pass: 136 sec

---2015-11-19 17:44:43
MemTotal:        2899420 kB
MemFree:           89788 kB
Buffers:           17000 kB
Cached:           967788 kB
SwapCached:          104 kB
Active:          1318144 kB
Inactive:         682804 kB
Active(anon):     823500 kB
Inactive(anon):   207708 kB
Active(file):     494644 kB
Inactive(file):   475096 kB
Unevictable:       13556 kB
Mlocked:               0 kB
SwapTotal:        724852 kB
SwapFree:         720796 kB
Dirty:                44 kB
Writeback:             0 kB
AnonPages:       1029604 kB
Mapped:           611920 kB
Shmem:              1492 kB
Slab:              98248 kB
SReclaimable:      31836 kB
SUnreclaim:        66412 kB
KernelStack:       38544 kB
PageTables:        48628 kB
NFS_Unstable:          0 kB
Bounce:                0 kB
WritebackTmp:          0 kB
CommitLimit:     2174560 kB
Committed_AS:   114423848 kB
VmallocTotal:   251658176 kB
VmallocUsed:      135320 kB
VmallocChunk:   251428908 kB
Time pass: 140 sec

---2015-11-19 17:44:43
MemTotal:        2899420 kB
MemFree:           87924 kB
Buffers:           17000 kB
Cached:           968012 kB
SwapCached:          104 kB
Active:          1319140 kB
Inactive:         683028 kB
Active(anon):     824496 kB
Inactive(anon):   207932 kB
Active(file):     494644 kB
Inactive(file):   475096 kB
Unevictable:       13556 kB
Mlocked:               0 kB
SwapTotal:        724852 kB
SwapFree:         720796 kB
Dirty:                 0 kB
Writeback:             0 kB
AnonPages:       1030724 kB
Mapped:           612136 kB
Shmem:              1716 kB
Slab:              98208 kB
SReclaimable:      31836 kB
SUnreclaim:        66372 kB
KernelStack:       38560 kB
PageTables:        48628 kB
NFS_Unstable:          0 kB
Bounce:                0 kB
WritebackTmp:          0 kB
CommitLimit:     2174560 kB
Committed_AS:   114423840 kB
VmallocTotal:   251658176 kB
VmallocUsed:      135320 kB
VmallocChunk:   251428908 kB
Time pass: 144 sec

---2015-11-19 17:44:43
MemTotal:        2899420 kB
MemFree:           78928 kB
Buffers:           17024 kB
Cached:           968180 kB
SwapCached:          104 kB
Active:          1329424 kB
Inactive:         683220 kB
Active(anon):     834780 kB
Inactive(anon):   208100 kB
Active(file):     494644 kB
Inactive(file):   475120 kB
Unevictable:       13556 kB
Mlocked:               0 kB
SwapTotal:        724852 kB
SwapFree:         720796 kB
Dirty:                44 kB
Writeback:             0 kB
AnonPages:       1040868 kB
Mapped:           612412 kB
Shmem:              1884 kB
Slab:              98232 kB
SReclaimable:      31836 kB
SUnreclaim:        66396 kB
KernelStack:       38608 kB
PageTables:        48640 kB
NFS_Unstable:          0 kB
Bounce:                0 kB
WritebackTmp:          0 kB
CommitLimit:     2174560 kB
Committed_AS:   114440264 kB
VmallocTotal:   251658176 kB
VmallocUsed:      135320 kB
VmallocChunk:   251428908 kB
Time pass: 148 sec

---2015-11-19 17:44:43
MemTotal:        2899420 kB
MemFree:           89240 kB
Buffers:           17040 kB
Cached:           967432 kB
SwapCached:          104 kB
Active:          1319252 kB
Inactive:         682308 kB
Active(anon):     824424 kB
Inactive(anon):   207352 kB
Active(file):     494828 kB
Inactive(file):   474956 kB
Unevictable:       13556 kB
Mlocked:               0 kB
SwapTotal:        724852 kB
SwapFree:         720796 kB
Dirty:                 4 kB
Writeback:             0 kB
AnonPages:       1030504 kB
Mapped:           611632 kB
Shmem:              1132 kB
Slab:              98252 kB
SReclaimable:      31836 kB
SUnreclaim:        66416 kB
KernelStack:       38208 kB
PageTables:        48508 kB
NFS_Unstable:          0 kB
Bounce:                0 kB
WritebackTmp:          0 kB
CommitLimit:     2174560 kB
Committed_AS:   114417000 kB
VmallocTotal:   251658176 kB
VmallocUsed:      135320 kB
VmallocChunk:   251428908 kB
Time pass: 151 sec

---2015-11-19 17:44:43
MemTotal:        2899420 kB
MemFree:           79860 kB
Buffers:           17072 kB
Cached:           967660 kB
SwapCached:          104 kB
Active:          1327988 kB
Inactive:         682540 kB
Active(anon):     833144 kB
Inactive(anon):   207556 kB
Active(file):     494844 kB
Inactive(file):   474984 kB
Unevictable:       13556 kB
Mlocked:               0 kB
SwapTotal:        724852 kB
SwapFree:         720796 kB
Dirty:                44 kB
Writeback:             0 kB
AnonPages:       1039724 kB
Mapped:           612044 kB
Shmem:              1340 kB
Slab:              98328 kB
SReclaimable:      31836 kB
SUnreclaim:        66492 kB
KernelStack:       38608 kB
PageTables:        48648 kB
NFS_Unstable:          0 kB
Bounce:                0 kB
WritebackTmp:          0 kB
CommitLimit:     2174560 kB
Committed_AS:   114444480 kB
VmallocTotal:   251658176 kB
VmallocUsed:      135320 kB
VmallocChunk:   251428908 kB
Time pass: 156 sec

---2015-11-19 17:44:43
MemTotal:        2899420 kB
MemFree:           78240 kB
Buffers:           17072 kB
Cached:           967832 kB
SwapCached:          104 kB
Active:          1329000 kB
Inactive:         682688 kB
Active(anon):     834156 kB
Inactive(anon):   207696 kB
Active(file):     494844 kB
Inactive(file):   474992 kB
Unevictable:       13556 kB
Mlocked:               0 kB
SwapTotal:        724852 kB
SwapFree:         720796 kB
Dirty:                 4 kB
Writeback:             0 kB
AnonPages:       1040240 kB
Mapped:           612216 kB
Shmem:              1512 kB
Slab:              98340 kB
SReclaimable:      31836 kB
SUnreclaim:        66504 kB
KernelStack:       38592 kB
PageTables:        48652 kB
NFS_Unstable:          0 kB
Bounce:                0 kB
WritebackTmp:          0 kB
CommitLimit:     2174560 kB
Committed_AS:   114444552 kB
VmallocTotal:   251658176 kB
VmallocUsed:      135320 kB
VmallocChunk:   251428908 kB
Time pass: 160 sec

---2015-11-19 17:44:43
MemTotal:        2899420 kB
MemFree:           76956 kB
Buffers:           17080 kB
Cached:           967852 kB
SwapCached:          104 kB
Active:          1329544 kB
Inactive:         682744 kB
Active(anon):     834696 kB
Inactive(anon):   207744 kB
Active(file):     494848 kB
Inactive(file):   475000 kB
Unevictable:       13556 kB
Mlocked:               0 kB
SwapTotal:        724852 kB
SwapFree:         720796 kB
Dirty:                44 kB
Writeback:             0 kB
AnonPages:       1040672 kB
Mapped:           612388 kB
Shmem:              1528 kB
Slab:              98344 kB
SReclaimable:      31836 kB
SUnreclaim:        66508 kB
KernelStack:       38560 kB
PageTables:        48684 kB
NFS_Unstable:          0 kB
Bounce:                0 kB
WritebackTmp:          0 kB
CommitLimit:     2174560 kB
Committed_AS:   114444504 kB
VmallocTotal:   251658176 kB
VmallocUsed:      135320 kB
VmallocChunk:   251428908 kB
Time pass: 164 sec

---2015-11-19 17:44:43
MemTotal:        2899420 kB
MemFree:           73116 kB
Buffers:           17104 kB
Cached:           967988 kB
SwapCached:          104 kB
Active:          1334400 kB
Inactive:         682904 kB
Active(anon):     839552 kB
Inactive(anon):   207880 kB
Active(file):     494848 kB
Inactive(file):   475024 kB
Unevictable:       13556 kB
Mlocked:               0 kB
SwapTotal:        724852 kB
SwapFree:         720796 kB
Dirty:                48 kB
Writeback:             0 kB
AnonPages:       1045772 kB
Mapped:           612580 kB
Shmem:              1664 kB
Slab:              98328 kB
SReclaimable:      31836 kB
SUnreclaim:        66492 kB
KernelStack:       38592 kB
PageTables:        48648 kB
NFS_Unstable:          0 kB
Bounce:                0 kB
WritebackTmp:          0 kB
CommitLimit:     2174560 kB
Committed_AS:   114448544 kB
VmallocTotal:   251658176 kB
VmallocUsed:      135320 kB
VmallocChunk:   251428908 kB
Time pass: 168 sec

---2015-11-19 17:44:43
MemTotal:        2899420 kB
MemFree:           72636 kB
Buffers:           17120 kB
Cached:           967764 kB
SwapCached:          104 kB
Active:          1334212 kB
Inactive:         682692 kB
Active(anon):     839360 kB
Inactive(anon):   207652 kB
Active(file):     494852 kB
Inactive(file):   475040 kB
Unevictable:       13556 kB
Mlocked:               0 kB
SwapTotal:        724852 kB
SwapFree:         720796 kB
Dirty:                 0 kB
Writeback:             0 kB
AnonPages:       1045708 kB
Mapped:           612388 kB
Shmem:              1436 kB
Slab:              98316 kB
SReclaimable:      31836 kB
SUnreclaim:        66480 kB
KernelStack:       38592 kB
PageTables:        48664 kB
NFS_Unstable:          0 kB
Bounce:                0 kB
WritebackTmp:          0 kB
CommitLimit:     2174560 kB
Committed_AS:   114448640 kB
VmallocTotal:   251658176 kB
VmallocUsed:      135320 kB
VmallocChunk:   251428908 kB
Time pass: 171 sec

---2015-11-19 17:44:43
MemTotal:        2899420 kB
MemFree:           70136 kB
Buffers:           17144 kB
Cached:           967772 kB
SwapCached:          104 kB
Active:          1336180 kB
Inactive:         682724 kB
Active(anon):     841328 kB
Inactive(anon):   207660 kB
Active(file):     494852 kB
Inactive(file):   475064 kB
Unevictable:       13556 kB
Mlocked:               0 kB
SwapTotal:        724852 kB
SwapFree:         720796 kB
Dirty:                60 kB
Writeback:             0 kB
AnonPages:       1047468 kB
Mapped:           612456 kB
Shmem:              1444 kB
Slab:              98304 kB
SReclaimable:      31836 kB
SUnreclaim:        66468 kB
KernelStack:       38576 kB
PageTables:        48680 kB
NFS_Unstable:          0 kB
Bounce:                0 kB
WritebackTmp:          0 kB
CommitLimit:     2174560 kB
Committed_AS:   114448648 kB
VmallocTotal:   251658176 kB
VmallocUsed:      135320 kB
VmallocChunk:   251428908 kB
Time pass: 176 sec

---2015-11-19 17:44:43
MemTotal:        2899420 kB
MemFree:           69300 kB
Buffers:           17168 kB
Cached:           967780 kB
SwapCached:          104 kB
Active:          1336808 kB
Inactive:         682752 kB
Active(anon):     841956 kB
Inactive(anon):   207664 kB
Active(file):     494852 kB
Inactive(file):   475088 kB
Unevictable:       13556 kB
Mlocked:               0 kB
SwapTotal:        724852 kB
SwapFree:         720796 kB
Dirty:                60 kB
Writeback:             0 kB
AnonPages:       1048160 kB
Mapped:           612484 kB
Shmem:              1452 kB
Slab:              98372 kB
SReclaimable:      31852 kB
SUnreclaim:        66520 kB
KernelStack:       38576 kB
PageTables:        48656 kB
NFS_Unstable:          0 kB
Bounce:                0 kB
WritebackTmp:          0 kB
CommitLimit:     2174560 kB
Committed_AS:   114448616 kB
VmallocTotal:   251658176 kB
VmallocUsed:      135320 kB
VmallocChunk:   251428908 kB
Time pass: 180 sec

---2015-11-19 17:44:43
MemTotal:        2899420 kB
MemFree:           68628 kB
Buffers:           17184 kB
Cached:           967776 kB
SwapCached:          104 kB
Active:          1337372 kB
Inactive:         682756 kB
Active(anon):     842520 kB
Inactive(anon):   207668 kB
Active(file):     494852 kB
Inactive(file):   475088 kB
Unevictable:       13556 kB
Mlocked:               0 kB
SwapTotal:        724852 kB
SwapFree:         720796 kB
Dirty:                 0 kB
Writeback:             0 kB
AnonPages:       1048908 kB
Mapped:           612596 kB
Shmem:              1452 kB
Slab:              98368 kB
SReclaimable:      31852 kB
SUnreclaim:        66516 kB
KernelStack:       38576 kB
PageTables:        48688 kB
NFS_Unstable:          0 kB
Bounce:                0 kB
WritebackTmp:          0 kB
CommitLimit:     2174560 kB
Committed_AS:   114448608 kB
VmallocTotal:   251658176 kB
VmallocUsed:      135320 kB
VmallocChunk:   251428908 kB
Time pass: 184 sec

---2015-11-19 17:44:43
MemTotal:        2899420 kB
MemFree:           64004 kB
Buffers:           17184 kB
Cached:           968420 kB
SwapCached:          104 kB
Active:          1341220 kB
Inactive:         683244 kB
Active(anon):     846200 kB
Inactive(anon):   207668 kB
Active(file):     495020 kB
Inactive(file):   475576 kB
Unevictable:       13556 kB
Mlocked:               0 kB
SwapTotal:        724852 kB
SwapFree:         720796 kB
Dirty:                36 kB
Writeback:             0 kB
AnonPages:       1052012 kB
Mapped:           613872 kB
Shmem:              1452 kB
Slab:              98336 kB
SReclaimable:      31852 kB
SUnreclaim:        66484 kB
KernelStack:       38800 kB
PageTables:        49164 kB
NFS_Unstable:          0 kB
Bounce:                0 kB
WritebackTmp:          0 kB
CommitLimit:     2174560 kB
Committed_AS:   115691780 kB
VmallocTotal:   251658176 kB
VmallocUsed:      136340 kB
VmallocChunk:   251428908 kB
Time pass: 188 sec

---2015-11-19 17:44:43
MemTotal:        2899420 kB
MemFree:           63728 kB
Buffers:           17208 kB
Cached:           968412 kB
SwapCached:          104 kB
Active:          1341940 kB
Inactive:         683260 kB
Active(anon):     846920 kB
Inactive(anon):   207668 kB
Active(file):     495020 kB
Inactive(file):   475592 kB
Unevictable:       13556 kB
Mlocked:               0 kB
SwapTotal:        724852 kB
SwapFree:         720796 kB
Dirty:                36 kB
Writeback:             0 kB
AnonPages:       1053004 kB
Mapped:           613884 kB
Shmem:              1452 kB
Slab:              98368 kB
SReclaimable:      31852 kB
SUnreclaim:        66516 kB
KernelStack:       38768 kB
PageTables:        49188 kB
NFS_Unstable:          0 kB
Bounce:                0 kB
WritebackTmp:          0 kB
CommitLimit:     2174560 kB
Committed_AS:   115691916 kB
VmallocTotal:   251658176 kB
VmallocUsed:      136340 kB
VmallocChunk:   251428908 kB
Time pass: 191 sec

---2015-11-19 17:44:43
MemTotal:        2899420 kB
MemFree:           69340 kB
Buffers:           17196 kB
Cached:           962736 kB
SwapCached:          104 kB
Active:          1338668 kB
Inactive:         681120 kB
Active(anon):     844796 kB
Inactive(anon):   210068 kB
Active(file):     493872 kB
Inactive(file):   471052 kB
Unevictable:       13556 kB
Mlocked:               0 kB
SwapTotal:        724852 kB
SwapFree:         720584 kB
Dirty:                36 kB
Writeback:             0 kB
AnonPages:       1053392 kB
Mapped:           613472 kB
Shmem:              1452 kB
Slab:              98464 kB
SReclaimable:      31852 kB
SUnreclaim:        66612 kB
KernelStack:       38784 kB
PageTables:        49172 kB
NFS_Unstable:          0 kB
Bounce:                0 kB
WritebackTmp:          0 kB
CommitLimit:     2174560 kB
Committed_AS:   115691912 kB
VmallocTotal:   251658176 kB
VmallocUsed:      136340 kB
VmallocChunk:   251428908 kB
Time pass: 195 sec

---2015-11-19 17:44:43
MemTotal:        2899420 kB
MemFree:           68612 kB
Buffers:           17204 kB
Cached:           962768 kB
SwapCached:          104 kB
Active:          1339632 kB
Inactive:         681156 kB
Active(anon):     845756 kB
Inactive(anon):   210100 kB
Active(file):     493876 kB
Inactive(file):   471056 kB
Unevictable:       13556 kB
Mlocked:               0 kB
SwapTotal:        724852 kB
SwapFree:         720584 kB
Dirty:                40 kB
Writeback:             0 kB
AnonPages:       1054048 kB
Mapped:           613536 kB
Shmem:              1484 kB
Slab:              98364 kB
SReclaimable:      31868 kB
SUnreclaim:        66496 kB
KernelStack:       38784 kB
PageTables:        49180 kB
NFS_Unstable:          0 kB
Bounce:                0 kB
WritebackTmp:          0 kB
CommitLimit:     2174560 kB
Committed_AS:   115691908 kB
VmallocTotal:   251658176 kB
VmallocUsed:      136340 kB
VmallocChunk:   251428908 kB
Time pass: 199 sec

---2015-11-19 17:44:43
MemTotal:        2899420 kB
MemFree:           67756 kB
Buffers:           17236 kB
Cached:           962760 kB
SwapCached:          104 kB
Active:          1340204 kB
Inactive:         681180 kB
Active(anon):     846328 kB
Inactive(anon):   210100 kB
Active(file):     493876 kB
Inactive(file):   471080 kB
Unevictable:       13556 kB
Mlocked:               0 kB
SwapTotal:        724852 kB
SwapFree:         720584 kB
Dirty:                20 kB
Writeback:             8 kB
AnonPages:       1055076 kB
Mapped:           613480 kB
Shmem:              1484 kB
Slab:              98580 kB
SReclaimable:      31868 kB
SUnreclaim:        66712 kB
KernelStack:       38800 kB
PageTables:        49184 kB
NFS_Unstable:          0 kB
Bounce:                0 kB
WritebackTmp:          0 kB
CommitLimit:     2174560 kB
Committed_AS:   115691924 kB
VmallocTotal:   251658176 kB
VmallocUsed:      136340 kB
VmallocChunk:   251428908 kB
Time pass: 202 sec

---2015-11-19 17:44:43
MemTotal:        2899420 kB
MemFree:           66668 kB
Buffers:           17236 kB
Cached:           962768 kB
SwapCached:          104 kB
Active:          1341076 kB
Inactive:         681184 kB
Active(anon):     847200 kB
Inactive(anon):   210096 kB
Active(file):     493876 kB
Inactive(file):   471088 kB
Unevictable:       13556 kB
Mlocked:               0 kB
SwapTotal:        724852 kB
SwapFree:         720584 kB
Dirty:                76 kB
Writeback:             0 kB
AnonPages:       1055604 kB
Mapped:           613588 kB
Shmem:              1484 kB
Slab:              98424 kB
SReclaimable:      31868 kB
SUnreclaim:        66556 kB
KernelStack:       38784 kB
PageTables:        49184 kB
NFS_Unstable:          0 kB
Bounce:                0 kB
WritebackTmp:          0 kB
CommitLimit:     2174560 kB
Committed_AS:   115691908 kB
VmallocTotal:   251658176 kB
VmallocUsed:      136340 kB
VmallocChunk:   251428908 kB
Time pass: 206 sec

---2015-11-19 17:44:43
MemTotal:        2899420 kB
MemFree:           66332 kB
Buffers:           17252 kB
Cached:           962836 kB
SwapCached:          104 kB
Active:          1341480 kB
Inactive:         681268 kB
Active(anon):     847604 kB
Inactive(anon):   210164 kB
Active(file):     493876 kB
Inactive(file):   471104 kB
Unevictable:       13556 kB
Mlocked:               0 kB
SwapTotal:        724852 kB
SwapFree:         720584 kB
Dirty:                48 kB
Writeback:             0 kB
AnonPages:       1056044 kB
Mapped:           613620 kB
Shmem:              1552 kB
Slab:              98364 kB
SReclaimable:      31868 kB
SUnreclaim:        66496 kB
KernelStack:       38784 kB
PageTables:        49140 kB
NFS_Unstable:          0 kB
Bounce:                0 kB
WritebackTmp:          0 kB
CommitLimit:     2174560 kB
Committed_AS:   115691908 kB
VmallocTotal:   251658176 kB
VmallocUsed:      136340 kB
VmallocChunk:   251428908 kB
Time pass: 210 sec

---2015-11-19 17:44:43
MemTotal:        2899420 kB
MemFree:           65800 kB
Buffers:           17268 kB
Cached:           962884 kB
SwapCached:          104 kB
Active:          1342060 kB
Inactive:         681332 kB
Active(anon):     848184 kB
Inactive(anon):   210212 kB
Active(file):     493876 kB
Inactive(file):   471120 kB
Unevictable:       13556 kB
Mlocked:               0 kB
SwapTotal:        724852 kB
SwapFree:         720584 kB
Dirty:                 0 kB
Writeback:             0 kB
AnonPages:       1056632 kB
Mapped:           613700 kB
Shmem:              1600 kB
Slab:              98364 kB
SReclaimable:      31868 kB
SUnreclaim:        66496 kB
KernelStack:       38784 kB
PageTables:        49148 kB
NFS_Unstable:          0 kB
Bounce:                0 kB
WritebackTmp:          0 kB
CommitLimit:     2174560 kB
Committed_AS:   115691924 kB
VmallocTotal:   251658176 kB
VmallocUsed:      136340 kB
VmallocChunk:   251428908 kB
Time pass: 214 sec

---2015-11-19 17:44:43
MemTotal:        2899420 kB
MemFree:           65108 kB
Buffers:           17276 kB
Cached:           962896 kB
SwapCached:          104 kB
Active:          1341864 kB
Inactive:         681352 kB
Active(anon):     847988 kB
Inactive(anon):   210224 kB
Active(file):     493876 kB
Inactive(file):   471128 kB
Unevictable:       13556 kB
Mlocked:               0 kB
SwapTotal:        724852 kB
SwapFree:         720584 kB
Dirty:                32 kB
Writeback:             0 kB
AnonPages:       1056528 kB
Mapped:           613824 kB
Shmem:              1612 kB
Slab:              98524 kB
SReclaimable:      31868 kB
SUnreclaim:        66656 kB
KernelStack:       38784 kB
PageTables:        49176 kB
NFS_Unstable:          0 kB
Bounce:                0 kB
WritebackTmp:          0 kB
CommitLimit:     2174560 kB
Committed_AS:   115691900 kB
VmallocTotal:   251658176 kB
VmallocUsed:      136340 kB
VmallocChunk:   251428908 kB
Time pass: 217 sec

---2015-11-19 17:44:43
MemTotal:        2899420 kB
MemFree:           64288 kB
Buffers:           17300 kB
Cached:           962900 kB
SwapCached:          104 kB
Active:          1343428 kB
Inactive:         681376 kB
Active(anon):     849552 kB
Inactive(anon):   210228 kB
Active(file):     493876 kB
Inactive(file):   471148 kB
Unevictable:       13556 kB
Mlocked:               0 kB
SwapTotal:        724852 kB
SwapFree:         720584 kB
Dirty:                76 kB
Writeback:             0 kB
AnonPages:       1058156 kB
Mapped:           613856 kB
Shmem:              1616 kB
Slab:              98364 kB
SReclaimable:      31868 kB
SUnreclaim:        66496 kB
KernelStack:       38800 kB
PageTables:        49188 kB
NFS_Unstable:          0 kB
Bounce:                0 kB
WritebackTmp:          0 kB
CommitLimit:     2174560 kB
Committed_AS:   115696004 kB
VmallocTotal:   251658176 kB
VmallocUsed:      136340 kB
VmallocChunk:   251428908 kB
Time pass: 221 sec

---2015-11-19 17:44:43
MemTotal:        2899420 kB
MemFree:           63856 kB
Buffers:           17312 kB
Cached:           962900 kB
SwapCached:          104 kB
Active:          1344008 kB
Inactive:         681388 kB
Active(anon):     850128 kB
Inactive(anon):   210228 kB
Active(file):     493880 kB
Inactive(file):   471160 kB
Unevictable:       13556 kB
Mlocked:               0 kB
SwapTotal:        724852 kB
SwapFree:         720584 kB
Dirty:                88 kB
Writeback:             0 kB
AnonPages:       1058552 kB
Mapped:           613792 kB
Shmem:              1616 kB
Slab:              98364 kB
SReclaimable:      31868 kB
SUnreclaim:        66496 kB
KernelStack:       38800 kB
PageTables:        49160 kB
NFS_Unstable:          0 kB
Bounce:                0 kB
WritebackTmp:          0 kB
CommitLimit:     2174560 kB
Committed_AS:   115696020 kB
VmallocTotal:   251658176 kB
VmallocUsed:      136340 kB
VmallocChunk:   251428908 kB
Time pass: 225 sec

---2015-11-19 17:44:43
MemTotal:        2899420 kB
MemFree:           70064 kB
Buffers:           17312 kB
Cached:           956924 kB
SwapCached:          104 kB
Active:          1337224 kB
Inactive:         682152 kB
Active(anon):     847972 kB
Inactive(anon):   212340 kB
Active(file):     489252 kB
Inactive(file):   469812 kB
Unevictable:       13556 kB
Mlocked:               0 kB
SwapTotal:        724852 kB
SwapFree:         720276 kB
Dirty:                36 kB
Writeback:             0 kB
AnonPages:       1058480 kB
Mapped:           613904 kB
Shmem:              1616 kB
Slab:              98708 kB
SReclaimable:      32172 kB
SUnreclaim:        66536 kB
KernelStack:       38800 kB
PageTables:        49188 kB
NFS_Unstable:          0 kB
Bounce:                0 kB
WritebackTmp:          0 kB
CommitLimit:     2174560 kB
Committed_AS:   115696028 kB
VmallocTotal:   251658176 kB
VmallocUsed:      136340 kB
VmallocChunk:   251428908 kB
Time pass: 229 sec

---2015-11-19 17:44:43
MemTotal:        2899420 kB
MemFree:           71376 kB
Buffers:           17320 kB
Cached:           956972 kB
SwapCached:          104 kB
Active:          1336400 kB
Inactive:         682204 kB
Active(anon):     847148 kB
Inactive(anon):   212336 kB
Active(file):     489252 kB
Inactive(file):   469868 kB
Unevictable:       13556 kB
Mlocked:               0 kB
SwapTotal:        724852 kB
SwapFree:         720276 kB
Dirty:                80 kB
Writeback:             0 kB
AnonPages:       1057600 kB
Mapped:           613864 kB
Shmem:              1616 kB
Slab:              98876 kB
SReclaimable:      32236 kB
SUnreclaim:        66640 kB
KernelStack:       38800 kB
PageTables:        49160 kB
NFS_Unstable:          0 kB
Bounce:                0 kB
WritebackTmp:          0 kB
CommitLimit:     2174560 kB
Committed_AS:   115696068 kB
VmallocTotal:   251658176 kB
VmallocUsed:      136340 kB
VmallocChunk:   251428908 kB
Time pass: 233 sec

---2015-11-19 17:44:43
MemTotal:        2899420 kB
MemFree:           70284 kB
Buffers:           17336 kB
Cached:           956976 kB
SwapCached:          104 kB
Active:          1336700 kB
Inactive:         682224 kB
Active(anon):     847448 kB
Inactive(anon):   212336 kB
Active(file):     489252 kB
Inactive(file):   469888 kB
Unevictable:       13556 kB
Mlocked:               0 kB
SwapTotal:        724852 kB
SwapFree:         720276 kB
Dirty:                84 kB
Writeback:             0 kB
AnonPages:       1058132 kB
Mapped:           613976 kB
Shmem:              1616 kB
Slab:              98880 kB
SReclaimable:      32236 kB
SUnreclaim:        66644 kB
KernelStack:       38800 kB
PageTables:        49192 kB
NFS_Unstable:          0 kB
Bounce:                0 kB
WritebackTmp:          0 kB
CommitLimit:     2174560 kB
Committed_AS:   115696004 kB
VmallocTotal:   251658176 kB
VmallocUsed:      136340 kB
VmallocChunk:   251428908 kB
Time pass: 236 sec

---2015-11-19 17:44:43
MemTotal:        2899420 kB
MemFree:           70656 kB
Buffers:           17336 kB
Cached:           956976 kB
SwapCached:          104 kB
Active:          1336236 kB
Inactive:         682224 kB
Active(anon):     846984 kB
Inactive(anon):   212336 kB
Active(file):     489252 kB
Inactive(file):   469888 kB
Unevictable:       13556 kB
Mlocked:               0 kB
SwapTotal:        724852 kB
SwapFree:         720276 kB
Dirty:                 0 kB
Writeback:             0 kB
AnonPages:       1057616 kB
Mapped:           613916 kB
Shmem:              1616 kB
Slab:              98888 kB
SReclaimable:      32236 kB
SUnreclaim:        66652 kB
KernelStack:       38832 kB
PageTables:        49160 kB
NFS_Unstable:          0 kB
Bounce:                0 kB
WritebackTmp:          0 kB
CommitLimit:     2174560 kB
Committed_AS:   115696004 kB
VmallocTotal:   251658176 kB
VmallocUsed:      136340 kB
VmallocChunk:   251428908 kB
Time pass: 240 sec

---2015-11-19 17:44:43
MemTotal:        2899420 kB
MemFree:           70244 kB
Buffers:           17360 kB
Cached:           956976 kB
SwapCached:          104 kB
Active:          1335588 kB
Inactive:         682248 kB
Active(anon):     846336 kB
Inactive(anon):   212336 kB
Active(file):     489252 kB
Inactive(file):   469912 kB
Unevictable:       13556 kB
Mlocked:               0 kB
SwapTotal:        724852 kB
SwapFree:         720276 kB
Dirty:                44 kB
Writeback:             0 kB
AnonPages:       1056904 kB
Mapped:           613992 kB
Shmem:              1616 kB
Slab:              98760 kB
SReclaimable:      32236 kB
SUnreclaim:        66524 kB
KernelStack:       38816 kB
PageTables:        49196 kB
NFS_Unstable:          0 kB
Bounce:                0 kB
WritebackTmp:          0 kB
CommitLimit:     2174560 kB
Committed_AS:   115700132 kB
VmallocTotal:   251658176 kB
VmallocUsed:      136352 kB
VmallocChunk:   251428908 kB
Time pass: 244 sec

---2015-11-19 17:44:43
MemTotal:        2899420 kB
MemFree:           69508 kB
Buffers:           17376 kB
Cached:           956968 kB
SwapCached:          104 kB
Active:          1336064 kB
Inactive:         682260 kB
Active(anon):     846816 kB
Inactive(anon):   212336 kB
Active(file):     489248 kB
Inactive(file):   469924 kB
Unevictable:       13556 kB
Mlocked:               0 kB
SwapTotal:        724852 kB
SwapFree:         720276 kB
Dirty:                 0 kB
Writeback:             0 kB
AnonPages:       1057452 kB
Mapped:           613988 kB
Shmem:              1616 kB
Slab:              98736 kB
SReclaimable:      32236 kB
SUnreclaim:        66500 kB
KernelStack:       38816 kB
PageTables:        49172 kB
NFS_Unstable:          0 kB
Bounce:                0 kB
WritebackTmp:          0 kB
CommitLimit:     2174560 kB
Committed_AS:   115700140 kB
VmallocTotal:   251658176 kB
VmallocUsed:      136352 kB
VmallocChunk:   251428908 kB
Time pass: 248 sec

---2015-11-19 17:44:43
MemTotal:        2899420 kB
MemFree:           69656 kB
Buffers:           17384 kB
Cached:           956976 kB
SwapCached:          104 kB
Active:          1336252 kB
Inactive:         682272 kB
Active(anon):     847000 kB
Inactive(anon):   212336 kB
Active(file):     489252 kB
Inactive(file):   469936 kB
Unevictable:       13556 kB
Mlocked:               0 kB
SwapTotal:        724852 kB
SwapFree:         720276 kB
Dirty:                56 kB
Writeback:             0 kB
AnonPages:       1057784 kB
Mapped:           614032 kB
Shmem:              1616 kB
Slab:              98732 kB
SReclaimable:      32236 kB
SUnreclaim:        66496 kB
KernelStack:       38800 kB
PageTables:        49180 kB
NFS_Unstable:          0 kB
Bounce:                0 kB
WritebackTmp:          0 kB
CommitLimit:     2174560 kB
Committed_AS:   115700148 kB
VmallocTotal:   251658176 kB
VmallocUsed:      136352 kB
VmallocChunk:   251428908 kB
Time pass: 251 sec

---2015-11-19 17:44:43
MemTotal:        2899420 kB
MemFree:           69024 kB
Buffers:           17408 kB
Cached:           956956 kB
SwapCached:          104 kB
Active:          1336784 kB
Inactive:         682272 kB
Active(anon):     847532 kB
Inactive(anon):   212336 kB
Active(file):     489252 kB
Inactive(file):   469936 kB
Unevictable:       13556 kB
Mlocked:               0 kB
SwapTotal:        724852 kB
SwapFree:         720276 kB
Dirty:                 0 kB
Writeback:             0 kB
AnonPages:       1058848 kB
Mapped:           614140 kB
Shmem:              1616 kB
Slab:              98728 kB
SReclaimable:      32236 kB
SUnreclaim:        66492 kB
KernelStack:       38784 kB
PageTables:        49208 kB
NFS_Unstable:          0 kB
Bounce:                0 kB
WritebackTmp:          0 kB
CommitLimit:     2174560 kB
Committed_AS:   115700124 kB
VmallocTotal:   251658176 kB
VmallocUsed:      136352 kB
VmallocChunk:   251428908 kB
Time pass: 255 sec

---2015-11-19 17:44:43
MemTotal:        2899420 kB
MemFree:           69016 kB
Buffers:           17408 kB
Cached:           956976 kB
SwapCached:          104 kB
Active:          1336588 kB
Inactive:         682296 kB
Active(anon):     847336 kB
Inactive(anon):   212336 kB
Active(file):     489252 kB
Inactive(file):   469960 kB
Unevictable:       13556 kB
Mlocked:               0 kB
SwapTotal:        724852 kB
SwapFree:         720276 kB
Dirty:                56 kB
Writeback:             0 kB
AnonPages:       1058236 kB
Mapped:           614172 kB
Shmem:              1616 kB
Slab:              98736 kB
SReclaimable:      32236 kB
SUnreclaim:        66500 kB
KernelStack:       38784 kB
PageTables:        49212 kB
NFS_Unstable:          0 kB
Bounce:                0 kB
WritebackTmp:          0 kB
CommitLimit:     2174560 kB
Committed_AS:   115700132 kB
VmallocTotal:   251658176 kB
VmallocUsed:      136352 kB
VmallocChunk:   251428908 kB
Time pass: 259 sec

---2015-11-19 17:44:43
MemTotal:        2899420 kB
MemFree:           68472 kB
Buffers:           17416 kB
Cached:           956976 kB
SwapCached:          104 kB
Active:          1337124 kB
Inactive:         682304 kB
Active(anon):     847872 kB
Inactive(anon):   212336 kB
Active(file):     489252 kB
Inactive(file):   469968 kB
Unevictable:       13556 kB
Mlocked:               0 kB
SwapTotal:        724852 kB
SwapFree:         720276 kB
Dirty:                32 kB
Writeback:             0 kB
AnonPages:       1058412 kB
Mapped:           614160 kB
Shmem:              1616 kB
Slab:              98856 kB
SReclaimable:      32236 kB
SUnreclaim:        66620 kB
KernelStack:       38784 kB
PageTables:        49200 kB
NFS_Unstable:          0 kB
Bounce:                0 kB
WritebackTmp:          0 kB
CommitLimit:     2174560 kB
Committed_AS:   115700148 kB
VmallocTotal:   251658176 kB
VmallocUsed:      136352 kB
VmallocChunk:   251428908 kB
Time pass: 263 sec

---2015-11-19 17:44:43
MemTotal:        2899420 kB
MemFree:           68388 kB
Buffers:           17432 kB
Cached:           956976 kB
SwapCached:          104 kB
Active:          1337540 kB
Inactive:         682320 kB
Active(anon):     848288 kB
Inactive(anon):   212336 kB
Active(file):     489252 kB
Inactive(file):   469984 kB
Unevictable:       13556 kB
Mlocked:               0 kB
SwapTotal:        724852 kB
SwapFree:         720276 kB
Dirty:                 0 kB
Writeback:             0 kB
AnonPages:       1058992 kB
Mapped:           614196 kB
Shmem:              1616 kB
Slab:              98864 kB
SReclaimable:      32236 kB
SUnreclaim:        66628 kB
KernelStack:       38784 kB
PageTables:        49204 kB
NFS_Unstable:          0 kB
Bounce:                0 kB
WritebackTmp:          0 kB
CommitLimit:     2174560 kB
Committed_AS:   115700124 kB
VmallocTotal:   251658176 kB
VmallocUsed:      136352 kB
VmallocChunk:   251428908 kB
Time pass: 266 sec

---2015-11-19 17:44:43
MemTotal:        2899420 kB
MemFree:           68092 kB
Buffers:           17440 kB
Cached:           957016 kB
SwapCached:          104 kB
Active:          1337972 kB
Inactive:         682368 kB
Active(anon):     848720 kB
Inactive(anon):   212376 kB
Active(file):     489252 kB
Inactive(file):   469992 kB
Unevictable:       13556 kB
Mlocked:               0 kB
SwapTotal:        724852 kB
SwapFree:         720276 kB
Dirty:                32 kB
Writeback:             0 kB
AnonPages:       1059468 kB
Mapped:           614352 kB
Shmem:              1656 kB
Slab:              98724 kB
SReclaimable:      32236 kB
SUnreclaim:        66488 kB
KernelStack:       38784 kB
PageTables:        49228 kB
NFS_Unstable:          0 kB
Bounce:                0 kB
WritebackTmp:          0 kB
CommitLimit:     2174560 kB
Committed_AS:   115700132 kB
VmallocTotal:   251658176 kB
VmallocUsed:      136352 kB
VmallocChunk:   251428908 kB
Time pass: 270 sec

---2015-11-19 17:44:43
MemTotal:        2899420 kB
MemFree:           67904 kB
Buffers:           17456 kB
Cached:           957016 kB
SwapCached:          104 kB
Active:          1338108 kB
Inactive:         682384 kB
Active(anon):     848856 kB
Inactive(anon):   212376 kB
Active(file):     489252 kB
Inactive(file):   470008 kB
Unevictable:       13556 kB
Mlocked:               0 kB
SwapTotal:        724852 kB
SwapFree:         720276 kB
Dirty:                36 kB
Writeback:             0 kB
AnonPages:       1059340 kB
Mapped:           614380 kB
Shmem:              1656 kB
Slab:              98712 kB
SReclaimable:      32236 kB
SUnreclaim:        66476 kB
KernelStack:       38784 kB
PageTables:        49232 kB
NFS_Unstable:          0 kB
Bounce:                0 kB
WritebackTmp:          0 kB
CommitLimit:     2174560 kB
Committed_AS:   115700148 kB
VmallocTotal:   251658176 kB
VmallocUsed:      136352 kB
VmallocChunk:   251428908 kB
Time pass: 274 sec

---2015-11-19 17:44:43
MemTotal:        2899420 kB
MemFree:           67416 kB
Buffers:           17472 kB
Cached:           957016 kB
SwapCached:          104 kB
Active:          1338400 kB
Inactive:         682400 kB
Active(anon):     849148 kB
Inactive(anon):   212376 kB
Active(file):     489252 kB
Inactive(file):   470024 kB
Unevictable:       13556 kB
Mlocked:               0 kB
SwapTotal:        724852 kB
SwapFree:         720276 kB
Dirty:                36 kB
Writeback:             0 kB
AnonPages:       1059896 kB
Mapped:           614236 kB
Shmem:              1656 kB
Slab:              98860 kB
SReclaimable:      32236 kB
SUnreclaim:        66624 kB
KernelStack:       38784 kB
PageTables:        49168 kB
NFS_Unstable:          0 kB
Bounce:                0 kB
WritebackTmp:          0 kB
CommitLimit:     2174560 kB
Committed_AS:   115700140 kB
VmallocTotal:   251658176 kB
VmallocUsed:      136352 kB
VmallocChunk:   251428908 kB
Time pass: 278 sec

---2015-11-19 17:44:43
MemTotal:        2899420 kB
MemFree:           66688 kB
Buffers:           17480 kB
Cached:           957016 kB
SwapCached:          104 kB
Active:          1338688 kB
Inactive:         682404 kB
Active(anon):     849436 kB
Inactive(anon):   212376 kB
Active(file):     489252 kB
Inactive(file):   470028 kB
Unevictable:       13556 kB
Mlocked:               0 kB
SwapTotal:        724852 kB
SwapFree:         720276 kB
Dirty:                32 kB
Writeback:             0 kB
AnonPages:       1060140 kB
Mapped:           614264 kB
Shmem:              1656 kB
Slab:              98876 kB
SReclaimable:      32236 kB
SUnreclaim:        66640 kB
KernelStack:       38784 kB
PageTables:        49172 kB
NFS_Unstable:          0 kB
Bounce:                0 kB
WritebackTmp:          0 kB
CommitLimit:     2174560 kB
Committed_AS:   115700116 kB
VmallocTotal:   251658176 kB
VmallocUsed:      136352 kB
VmallocChunk:   251428908 kB
Time pass: 281 sec

---2015-11-19 17:44:43
MemTotal:        2899420 kB
MemFree:           66452 kB
Buffers:           17496 kB
Cached:           957016 kB
SwapCached:          104 kB
Active:          1339144 kB
Inactive:         682424 kB
Active(anon):     849892 kB
Inactive(anon):   212376 kB
Active(file):     489252 kB
Inactive(file):   470048 kB
Unevictable:       13556 kB
Mlocked:               0 kB
SwapTotal:        724852 kB
SwapFree:         720276 kB
Dirty:                36 kB
Writeback:             0 kB
AnonPages:       1060528 kB
Mapped:           614452 kB
Shmem:              1656 kB
Slab:              99008 kB
SReclaimable:      32236 kB
SUnreclaim:        66772 kB
KernelStack:       38768 kB
PageTables:        49236 kB
NFS_Unstable:          0 kB
Bounce:                0 kB
WritebackTmp:          0 kB
CommitLimit:     2174560 kB
Committed_AS:   115700124 kB
VmallocTotal:   251658176 kB
VmallocUsed:      136352 kB
VmallocChunk:   251428908 kB
Time pass: 285 sec

---2015-11-19 17:44:43
MemTotal:        2899420 kB
MemFree:           65936 kB
Buffers:           17504 kB
Cached:           957060 kB
SwapCached:          104 kB
Active:          1339528 kB
Inactive:         682472 kB
Active(anon):     850276 kB
Inactive(anon):   212376 kB
Active(file):     489252 kB
Inactive(file):   470096 kB
Unevictable:       13556 kB
Mlocked:               0 kB
SwapTotal:        724852 kB
SwapFree:         720276 kB
Dirty:                 0 kB
Writeback:             0 kB
AnonPages:       1060816 kB
Mapped:           614480 kB
Shmem:              1656 kB
Slab:              98868 kB
SReclaimable:      32236 kB
SUnreclaim:        66632 kB
KernelStack:       38768 kB
PageTables:        49236 kB
NFS_Unstable:          0 kB
Bounce:                0 kB
WritebackTmp:          0 kB
CommitLimit:     2174560 kB
Committed_AS:   115700196 kB
VmallocTotal:   251658176 kB
VmallocUsed:      136352 kB
VmallocChunk:   251428908 kB
Time pass: 289 sec

---2015-11-19 17:44:43
MemTotal:        2899420 kB
MemFree:           65200 kB
Buffers:           17520 kB
Cached:           957112 kB
SwapCached:          104 kB
Active:          1340364 kB
Inactive:         682544 kB
Active(anon):     851112 kB
Inactive(anon):   212424 kB
Active(file):     489252 kB
Inactive(file):   470120 kB
Unevictable:       13556 kB
Mlocked:               0 kB
SwapTotal:        724852 kB
SwapFree:         720276 kB
Dirty:                72 kB
Writeback:             0 kB
AnonPages:       1061684 kB
Mapped:           614560 kB
Shmem:              1704 kB
Slab:              98712 kB
SReclaimable:      32236 kB
SUnreclaim:        66476 kB
KernelStack:       38768 kB
PageTables:        49240 kB
NFS_Unstable:          0 kB
Bounce:                0 kB
WritebackTmp:          0 kB
CommitLimit:     2174560 kB
Committed_AS:   115700236 kB
VmallocTotal:   251658176 kB
VmallocUsed:      136352 kB
VmallocChunk:   251428908 kB
Time pass: 292 sec

---2015-11-19 17:44:43
MemTotal:        2899420 kB
MemFree:           64480 kB
Buffers:           17520 kB
Cached:           957112 kB
SwapCached:          104 kB
Active:          1340848 kB
Inactive:         682536 kB
Active(anon):     851588 kB
Inactive(anon):   212424 kB
Active(file):     489260 kB
Inactive(file):   470112 kB
Unevictable:       13556 kB
Mlocked:               0 kB
SwapTotal:        724852 kB
SwapFree:         720276 kB
Dirty:                36 kB
Writeback:             0 kB
AnonPages:       1062096 kB
Mapped:           614580 kB
Shmem:              1704 kB
Slab:              98772 kB
SReclaimable:      32236 kB
SUnreclaim:        66536 kB
KernelStack:       38784 kB
PageTables:        49224 kB
NFS_Unstable:          0 kB
Bounce:                0 kB
WritebackTmp:          0 kB
CommitLimit:     2174560 kB
Committed_AS:   115700172 kB
VmallocTotal:   251658176 kB
VmallocUsed:      136352 kB
VmallocChunk:   251428908 kB
Time pass: 296 sec

---2015-11-19 17:44:43
MemTotal:        2899420 kB
MemFree:           64516 kB
Buffers:           17544 kB
Cached:           957112 kB
SwapCached:          104 kB
Active:          1341104 kB
Inactive:         682552 kB
Active(anon):     851844 kB
Inactive(anon):   212424 kB
Active(file):     489260 kB
Inactive(file):   470128 kB
Unevictable:       13556 kB
Mlocked:               0 kB
SwapTotal:        724852 kB
SwapFree:         720276 kB
Dirty:                36 kB
Writeback:             0 kB
AnonPages:       1062404 kB
Mapped:           614396 kB
Shmem:              1704 kB
Slab:              98860 kB
SReclaimable:      32236 kB
SUnreclaim:        66624 kB
KernelStack:       38768 kB
PageTables:        49144 kB
NFS_Unstable:          0 kB
Bounce:                0 kB
WritebackTmp:          0 kB
CommitLimit:     2174560 kB
Committed_AS:   115700204 kB
VmallocTotal:   251658176 kB
VmallocUsed:      136352 kB
VmallocChunk:   251428908 kB
Time pass: 300 sec

---2015-11-19 17:44:43
MemTotal:        2899420 kB
MemFree:           72444 kB
Buffers:           17536 kB
Cached:           950028 kB
SwapCached:          104 kB
Active:          1334972 kB
Inactive:         681552 kB
Active(anon):     850568 kB
Inactive(anon):   213660 kB
Active(file):     484404 kB
Inactive(file):   467892 kB
Unevictable:       13556 kB
Mlocked:               0 kB
SwapTotal:        724852 kB
SwapFree:         719984 kB
Dirty:                36 kB
Writeback:             0 kB
AnonPages:       1062420 kB
Mapped:           613572 kB
Shmem:              1704 kB
Slab:              98868 kB
SReclaimable:      32236 kB
SUnreclaim:        66632 kB
KernelStack:       38784 kB
PageTables:        49204 kB
NFS_Unstable:          0 kB
Bounce:                0 kB
WritebackTmp:          0 kB
CommitLimit:     2174560 kB
Committed_AS:   115700188 kB
VmallocTotal:   251658176 kB
VmallocUsed:      136352 kB
VmallocChunk:   251428908 kB
Time pass: 304 sec

---2015-11-19 17:44:43
MemTotal:        2899420 kB
MemFree:           72240 kB
Buffers:           17536 kB
Cached:           950036 kB
SwapCached:          104 kB
Active:          1335136 kB
Inactive:         681564 kB
Active(anon):     850728 kB
Inactive(anon):   213660 kB
Active(file):     484408 kB
Inactive(file):   467904 kB
Unevictable:       13556 kB
Mlocked:               0 kB
SwapTotal:        724852 kB
SwapFree:         719984 kB
Dirty:                 0 kB
Writeback:             0 kB
AnonPages:       1062440 kB
Mapped:           613612 kB
Shmem:              1704 kB
Slab:              98860 kB
SReclaimable:      32236 kB
SUnreclaim:        66624 kB
KernelStack:       38784 kB
PageTables:        49200 kB
NFS_Unstable:          0 kB
Bounce:                0 kB
WritebackTmp:          0 kB
CommitLimit:     2174560 kB
Committed_AS:   115700196 kB
VmallocTotal:   251658176 kB
VmallocUsed:      136352 kB
VmallocChunk:   251428908 kB
Time pass: 308 sec

---2015-11-19 17:44:43
MemTotal:        2899420 kB
MemFree:           71156 kB
Buffers:           17552 kB
Cached:           950028 kB
SwapCached:          104 kB
Active:          1336576 kB
Inactive:         681572 kB
Active(anon):     852168 kB
Inactive(anon):   213660 kB
Active(file):     484408 kB
Inactive(file):   467912 kB
Unevictable:       13556 kB
Mlocked:               0 kB
SwapTotal:        724852 kB
SwapFree:         719984 kB
Dirty:                32 kB
Writeback:             0 kB
AnonPages:       1064120 kB
Mapped:           613684 kB
Shmem:              1704 kB
Slab:              98712 kB
SReclaimable:      32236 kB
SUnreclaim:        66476 kB
KernelStack:       38736 kB
PageTables:        49212 kB
NFS_Unstable:          0 kB
Bounce:                0 kB
WritebackTmp:          0 kB
CommitLimit:     2174560 kB
Committed_AS:   115700188 kB
VmallocTotal:   251658176 kB
VmallocUsed:      136352 kB
VmallocChunk:   251428908 kB
Time pass: 311 sec

---2015-11-19 17:44:43
MemTotal:        2899420 kB
MemFree:           71916 kB
Buffers:           17560 kB
Cached:           950048 kB
SwapCached:          104 kB
Active:          1336004 kB
Inactive:         681600 kB
Active(anon):     851596 kB
Inactive(anon):   213672 kB
Active(file):     484408 kB
Inactive(file):   467928 kB
Unevictable:       13556 kB
Mlocked:               0 kB
SwapTotal:        724852 kB
SwapFree:         719984 kB
Dirty:                 0 kB
Writeback:             0 kB
AnonPages:       1063668 kB
Mapped:           613640 kB
Shmem:              1716 kB
Slab:              98708 kB
SReclaimable:      32236 kB
SUnreclaim:        66472 kB
KernelStack:       38768 kB
PageTables:        49176 kB
NFS_Unstable:          0 kB
Bounce:                0 kB
WritebackTmp:          0 kB
CommitLimit:     2174560 kB
Committed_AS:   115700108 kB
VmallocTotal:   251658176 kB
VmallocUsed:      136352 kB
VmallocChunk:   251428908 kB
Time pass: 315 sec

---2015-11-19 17:44:43
MemTotal:        2899420 kB
MemFree:           69420 kB
Buffers:           17584 kB
Cached:           950072 kB
SwapCached:          104 kB
Active:          1337232 kB
Inactive:         681644 kB
Active(anon):     852824 kB
Inactive(anon):   213668 kB
Active(file):     484408 kB
Inactive(file):   467976 kB
Unevictable:       13556 kB
Mlocked:               0 kB
SwapTotal:        724852 kB
SwapFree:         719984 kB
Dirty:                36 kB
Writeback:             0 kB
AnonPages:       1064532 kB
Mapped:           613684 kB
Shmem:              1716 kB
Slab:              98860 kB
SReclaimable:      32236 kB
SUnreclaim:        66624 kB
KernelStack:       38784 kB
PageTables:        49172 kB
NFS_Unstable:          0 kB
Bounce:                0 kB
WritebackTmp:          0 kB
CommitLimit:     2174560 kB
Committed_AS:   115700188 kB
VmallocTotal:   251658176 kB
VmallocUsed:      136352 kB
VmallocChunk:   251428908 kB
Time pass: 320 sec

---2015-11-19 17:44:43
MemTotal:        2899420 kB
MemFree:           69292 kB
Buffers:           17584 kB
Cached:           950072 kB
SwapCached:          104 kB
Active:          1337828 kB
Inactive:         681644 kB
Active(anon):     853420 kB
Inactive(anon):   213668 kB
Active(file):     484408 kB
Inactive(file):   467976 kB
Unevictable:       13556 kB
Mlocked:               0 kB
SwapTotal:        724852 kB
SwapFree:         719984 kB
Dirty:                 0 kB
Writeback:             0 kB
AnonPages:       1065232 kB
Mapped:           613792 kB
Shmem:              1716 kB
Slab:              98760 kB
SReclaimable:      32236 kB
SUnreclaim:        66524 kB
KernelStack:       38784 kB
PageTables:        49196 kB
NFS_Unstable:          0 kB
Bounce:                0 kB
WritebackTmp:          0 kB
CommitLimit:     2174560 kB
Committed_AS:   115700236 kB
VmallocTotal:   251658176 kB
VmallocUsed:      136352 kB
VmallocChunk:   251428908 kB
Time pass: 323 sec

---2015-11-19 17:44:43
MemTotal:        2899420 kB
MemFree:           68328 kB
Buffers:           17592 kB
Cached:           950072 kB
SwapCached:          104 kB
Active:          1338344 kB
Inactive:         681652 kB
Active(anon):     853936 kB
Inactive(anon):   213668 kB
Active(file):     484408 kB
Inactive(file):   467984 kB
Unevictable:       13556 kB
Mlocked:               0 kB
SwapTotal:        724852 kB
SwapFree:         719984 kB
Dirty:                32 kB
Writeback:             0 kB
AnonPages:       1065996 kB
Mapped:           613512 kB
Shmem:              1716 kB
Slab:              98864 kB
SReclaimable:      32236 kB
SUnreclaim:        66628 kB
KernelStack:       38768 kB
PageTables:        49172 kB
NFS_Unstable:          0 kB
Bounce:                0 kB
WritebackTmp:          0 kB
CommitLimit:     2174560 kB
Committed_AS:   115700220 kB
VmallocTotal:   251658176 kB
VmallocUsed:      136352 kB
VmallocChunk:   251428908 kB
Time pass: 327 sec

---2015-11-19 17:44:43
MemTotal:        2899420 kB
MemFree:           68184 kB
Buffers:           17608 kB
Cached:           950072 kB
SwapCached:          104 kB
Active:          1338720 kB
Inactive:         681668 kB
Active(anon):     854312 kB
Inactive(anon):   213668 kB
Active(file):     484408 kB
Inactive(file):   468000 kB
Unevictable:       13556 kB
Mlocked:               0 kB
SwapTotal:        724852 kB
SwapFree:         719984 kB
Dirty:                 0 kB
Writeback:             0 kB
AnonPages:       1066228 kB
Mapped:           613792 kB
Shmem:              1716 kB
Slab:              98720 kB
SReclaimable:      32236 kB
SUnreclaim:        66484 kB
KernelStack:       38768 kB
PageTables:        49172 kB
NFS_Unstable:          0 kB
Bounce:                0 kB
WritebackTmp:          0 kB
CommitLimit:     2174560 kB
Committed_AS:   115700192 kB
VmallocTotal:   251658176 kB
VmallocUsed:      136352 kB
VmallocChunk:   251428908 kB
Time pass: 331 sec

---2015-11-19 17:44:43
MemTotal:        2899420 kB
MemFree:           68332 kB
Buffers:           17616 kB
Cached:           950072 kB
SwapCached:          104 kB
Active:          1338916 kB
Inactive:         681676 kB
Active(anon):     854508 kB
Inactive(anon):   213668 kB
Active(file):     484408 kB
Inactive(file):   468008 kB
Unevictable:       13556 kB
Mlocked:               0 kB
SwapTotal:        724852 kB
SwapFree:         719984 kB
Dirty:                32 kB
Writeback:             0 kB
AnonPages:       1066292 kB
Mapped:           613832 kB
Shmem:              1716 kB
Slab:              98780 kB
SReclaimable:      32236 kB
SUnreclaim:        66544 kB
KernelStack:       38768 kB
PageTables:        49176 kB
NFS_Unstable:          0 kB
Bounce:                0 kB
WritebackTmp:          0 kB
CommitLimit:     2174560 kB
Committed_AS:   115700244 kB
VmallocTotal:   251658176 kB
VmallocUsed:      136352 kB
VmallocChunk:   251428908 kB
Time pass: 335 sec

---2015-11-19 17:44:43
MemTotal:        2899420 kB
MemFree:           68048 kB
Buffers:           17632 kB
Cached:           950080 kB
SwapCached:          104 kB
Active:          1339040 kB
Inactive:         681700 kB
Active(anon):     854632 kB
Inactive(anon):   213668 kB
Active(file):     484408 kB
Inactive(file):   468032 kB
Unevictable:       13556 kB
Mlocked:               0 kB
SwapTotal:        724852 kB
SwapFree:         719984 kB
Dirty:                 0 kB
Writeback:             0 kB
AnonPages:       1066544 kB
Mapped:           613860 kB
Shmem:              1716 kB
Slab:              98736 kB
SReclaimable:      32236 kB
SUnreclaim:        66500 kB
KernelStack:       38752 kB
PageTables:        49160 kB
NFS_Unstable:          0 kB
Bounce:                0 kB
WritebackTmp:          0 kB
CommitLimit:     2174560 kB
Committed_AS:   115700204 kB
VmallocTotal:   251658176 kB
VmallocUsed:      136352 kB
VmallocChunk:   251428908 kB
Time pass: 338 sec

---2015-11-19 17:44:43
MemTotal:        2899420 kB
MemFree:           67244 kB
Buffers:           17648 kB
Cached:           950080 kB
SwapCached:          104 kB
Active:          1339612 kB
Inactive:         681716 kB
Active(anon):     855204 kB
Inactive(anon):   213668 kB
Active(file):     484408 kB
Inactive(file):   468048 kB
Unevictable:       13556 kB
Mlocked:               0 kB
SwapTotal:        724852 kB
SwapFree:         719984 kB
Dirty:                36 kB
Writeback:             0 kB
AnonPages:       1067212 kB
Mapped:           613884 kB
Shmem:              1716 kB
Slab:              98720 kB
SReclaimable:      32236 kB
SUnreclaim:        66484 kB
KernelStack:       38752 kB
PageTables:        49168 kB
NFS_Unstable:          0 kB
Bounce:                0 kB
WritebackTmp:          0 kB
CommitLimit:     2174560 kB
Committed_AS:   115700196 kB
VmallocTotal:   251658176 kB
VmallocUsed:      136352 kB
VmallocChunk:   251428908 kB
Time pass: 342 sec

---2015-11-19 17:44:43
MemTotal:        2899420 kB
MemFree:           66976 kB
Buffers:           17656 kB
Cached:           950080 kB
SwapCached:          104 kB
Active:          1339840 kB
Inactive:         681724 kB
Active(anon):     855432 kB
Inactive(anon):   213668 kB
Active(file):     484408 kB
Inactive(file):   468056 kB
Unevictable:       13556 kB
Mlocked:               0 kB
SwapTotal:        724852 kB
SwapFree:         719984 kB
Dirty:                32 kB
Writeback:             0 kB
AnonPages:       1067356 kB
Mapped:           613912 kB
Shmem:              1716 kB
Slab:              98760 kB
SReclaimable:      32236 kB
SUnreclaim:        66524 kB
KernelStack:       38752 kB
PageTables:        49168 kB
NFS_Unstable:          0 kB
Bounce:                0 kB
WritebackTmp:          0 kB
CommitLimit:     2174560 kB
Committed_AS:   115700188 kB
VmallocTotal:   251658176 kB
VmallocUsed:      136352 kB
VmallocChunk:   251428908 kB
Time pass: 346 sec

---2015-11-19 17:44:43
MemTotal:        2899420 kB
MemFree:           66560 kB
Buffers:           17672 kB
Cached:           950080 kB
SwapCached:          104 kB
Active:          1340552 kB
Inactive:         681740 kB
Active(anon):     856144 kB
Inactive(anon):   213668 kB
Active(file):     484408 kB
Inactive(file):   468072 kB
Unevictable:       13556 kB
Mlocked:               0 kB
SwapTotal:        724852 kB
SwapFree:         719984 kB
Dirty:                 0 kB
Writeback:             0 kB
AnonPages:       1067904 kB
Mapped:           613940 kB
Shmem:              1716 kB
Slab:              98732 kB
SReclaimable:      32236 kB
SUnreclaim:        66496 kB
KernelStack:       38752 kB
PageTables:        49172 kB
NFS_Unstable:          0 kB
Bounce:                0 kB
WritebackTmp:          0 kB
CommitLimit:     2174560 kB
Committed_AS:   115700180 kB
VmallocTotal:   251658176 kB
VmallocUsed:      136352 kB
VmallocChunk:   251428908 kB
Time pass: 350 sec

---2015-11-19 17:44:43
MemTotal:        2899420 kB
MemFree:           65632 kB
Buffers:           17680 kB
Cached:           950076 kB
SwapCached:          104 kB
Active:          1341212 kB
Inactive:         681740 kB
Active(anon):     856804 kB
Inactive(anon):   213668 kB
Active(file):     484408 kB
Inactive(file):   468072 kB
Unevictable:       13556 kB
Mlocked:               0 kB
SwapTotal:        724852 kB
SwapFree:         719984 kB
Dirty:                80 kB
Writeback:             0 kB
AnonPages:       1068800 kB
Mapped:           613960 kB
Shmem:              1716 kB
Slab:              98912 kB
SReclaimable:      32236 kB
SUnreclaim:        66676 kB
KernelStack:       38752 kB
PageTables:        49176 kB
NFS_Unstable:          0 kB
Bounce:                0 kB
WritebackTmp:          0 kB
CommitLimit:     2174560 kB
Committed_AS:   115700204 kB
VmallocTotal:   251658176 kB
VmallocUsed:      136352 kB
VmallocChunk:   251428908 kB
Time pass: 353 sec

---2015-11-19 17:44:43
MemTotal:        2899420 kB
MemFree:           64576 kB
Buffers:           17696 kB
Cached:           950080 kB
SwapCached:          104 kB
Active:          1341780 kB
Inactive:         681764 kB
Active(anon):     857372 kB
Inactive(anon):   213668 kB
Active(file):     484408 kB
Inactive(file):   468096 kB
Unevictable:       13556 kB
Mlocked:               0 kB
SwapTotal:        724852 kB
SwapFree:         719984 kB
Dirty:                84 kB
Writeback:             0 kB
AnonPages:       1069244 kB
Mapped:           614080 kB
Shmem:              1716 kB
Slab:              98764 kB
SReclaimable:      32236 kB
SUnreclaim:        66528 kB
KernelStack:       38752 kB
PageTables:        49204 kB
NFS_Unstable:          0 kB
Bounce:                0 kB
WritebackTmp:          0 kB
CommitLimit:     2174560 kB
Committed_AS:   115700204 kB
VmallocTotal:   251658176 kB
VmallocUsed:      136352 kB
VmallocChunk:   251428908 kB
Time pass: 357 sec

---2015-11-19 17:44:43
MemTotal:        2899420 kB
MemFree:           65296 kB
Buffers:           17704 kB
Cached:           950080 kB
SwapCached:          104 kB
Active:          1341672 kB
Inactive:         681760 kB
Active(anon):     857264 kB
Inactive(anon):   213664 kB
Active(file):     484408 kB
Inactive(file):   468096 kB
Unevictable:       13556 kB
Mlocked:               0 kB
SwapTotal:        724852 kB
SwapFree:         719984 kB
Dirty:                36 kB
Writeback:             0 kB
AnonPages:       1069036 kB
Mapped:           614116 kB
Shmem:              1716 kB
Slab:              98768 kB
SReclaimable:      32236 kB
SUnreclaim:        66532 kB
KernelStack:       38768 kB
PageTables:        49204 kB
NFS_Unstable:          0 kB
Bounce:                0 kB
WritebackTmp:          0 kB
CommitLimit:     2174560 kB
Committed_AS:   115700180 kB
VmallocTotal:   251658176 kB
VmallocUsed:      136352 kB
VmallocChunk:   251428908 kB
Time pass: 361 sec

---2015-11-19 17:44:43
MemTotal:        2899420 kB
MemFree:           74236 kB
Buffers:           17552 kB
Cached:           943244 kB
SwapCached:          104 kB
Active:          1336720 kB
Inactive:         678892 kB
Active(anon):     854904 kB
Inactive(anon):   215184 kB
Active(file):     481816 kB
Inactive(file):   463708 kB
Unevictable:       13556 kB
Mlocked:               0 kB
SwapTotal:        724852 kB
SwapFree:         719740 kB
Dirty:                44 kB
Writeback:             0 kB
AnonPages:       1068256 kB
Mapped:           611504 kB
Shmem:              1716 kB
Slab:              98736 kB
SReclaimable:      32236 kB
SUnreclaim:        66500 kB
KernelStack:       38768 kB
PageTables:        49176 kB
NFS_Unstable:          0 kB
Bounce:                0 kB
WritebackTmp:          0 kB
CommitLimit:     2174560 kB
Committed_AS:   115700212 kB
VmallocTotal:   251658176 kB
VmallocUsed:      136352 kB
VmallocChunk:   251428908 kB
Time pass: 364 sec

---2015-11-19 17:44:43
MemTotal:        2899420 kB
MemFree:           72656 kB
Buffers:           17568 kB
Cached:           943244 kB
SwapCached:          104 kB
Active:          1338392 kB
Inactive:         678896 kB
Active(anon):     856576 kB
Inactive(anon):   215180 kB
Active(file):     481816 kB
Inactive(file):   463716 kB
Unevictable:       13556 kB
Mlocked:               0 kB
SwapTotal:        724852 kB
SwapFree:         719740 kB
Dirty:                36 kB
Writeback:             0 kB
AnonPages:       1069752 kB
Mapped:           611604 kB
Shmem:              1716 kB
Slab:              98720 kB
SReclaimable:      32236 kB
SUnreclaim:        66484 kB
KernelStack:       38784 kB
PageTables:        49212 kB
NFS_Unstable:          0 kB
Bounce:                0 kB
WritebackTmp:          0 kB
CommitLimit:     2174560 kB
Committed_AS:   115700180 kB
VmallocTotal:   251658176 kB
VmallocUsed:      136352 kB
VmallocChunk:   251428908 kB
Time pass: 368 sec

---2015-11-19 17:44:43
MemTotal:        2899420 kB
MemFree:           72152 kB
Buffers:           17568 kB
Cached:           943244 kB
SwapCached:          104 kB
Active:          1338352 kB
Inactive:         678904 kB
Active(anon):     856536 kB
Inactive(anon):   215180 kB
Active(file):     481816 kB
Inactive(file):   463724 kB
Unevictable:       13556 kB
Mlocked:               0 kB
SwapTotal:        724852 kB
SwapFree:         719740 kB
Dirty:                36 kB
Writeback:             0 kB
AnonPages:       1069936 kB
Mapped:           611616 kB
Shmem:              1716 kB
Slab:              98756 kB
SReclaimable:      32236 kB
SUnreclaim:        66520 kB
KernelStack:       38768 kB
PageTables:        49212 kB
NFS_Unstable:          0 kB
Bounce:                0 kB
WritebackTmp:          0 kB
CommitLimit:     2174560 kB
Committed_AS:   115700196 kB
VmallocTotal:   251658176 kB
VmallocUsed:      136352 kB
VmallocChunk:   251428908 kB
Time pass: 372 sec

---2015-11-19 17:44:43
MemTotal:        2899420 kB
MemFree:           72224 kB
Buffers:           17592 kB
Cached:           943244 kB
SwapCached:          104 kB
Active:          1339040 kB
Inactive:         678908 kB
Active(anon):     857224 kB
Inactive(anon):   215168 kB
Active(file):     481816 kB
Inactive(file):   463740 kB
Unevictable:       13556 kB
Mlocked:               0 kB
SwapTotal:        724852 kB
SwapFree:         719740 kB
Dirty:                36 kB
Writeback:             0 kB
AnonPages:       1070460 kB
Mapped:           611616 kB
Shmem:              1716 kB
Slab:              98792 kB
SReclaimable:      32252 kB
SUnreclaim:        66540 kB
KernelStack:       38768 kB
PageTables:        49212 kB
NFS_Unstable:          0 kB
Bounce:                0 kB
WritebackTmp:          0 kB
CommitLimit:     2174560 kB
Committed_AS:   115700204 kB
VmallocTotal:   251658176 kB
VmallocUsed:      136352 kB
VmallocChunk:   251428908 kB
Time pass: 376 sec

---2015-11-19 17:44:43
MemTotal:        2899420 kB
MemFree:           71260 kB
Buffers:           17592 kB
Cached:           943244 kB
SwapCached:          104 kB
Active:          1339544 kB
Inactive:         678916 kB
Active(anon):     857728 kB
Inactive(anon):   215168 kB
Active(file):     481816 kB
Inactive(file):   463748 kB
Unevictable:       13556 kB
Mlocked:               0 kB
SwapTotal:        724852 kB
SwapFree:         719740 kB
Dirty:                 0 kB
Writeback:             0 kB
AnonPages:       1071188 kB
Mapped:           611532 kB
Shmem:              1716 kB
Slab:              98796 kB
SReclaimable:      32252 kB
SUnreclaim:        66544 kB
KernelStack:       38736 kB
PageTables:        49172 kB
NFS_Unstable:          0 kB
Bounce:                0 kB
WritebackTmp:          0 kB
CommitLimit:     2174560 kB
Committed_AS:   115700156 kB
VmallocTotal:   251658176 kB
VmallocUsed:      136352 kB
VmallocChunk:   251428908 kB
Time pass: 379 sec

---2015-11-19 17:44:43
MemTotal:        2899420 kB
MemFree:           72264 kB
Buffers:           17600 kB
Cached:           943244 kB
SwapCached:          104 kB
Active:          1339228 kB
Inactive:         678924 kB
Active(anon):     857412 kB
Inactive(anon):   215168 kB
Active(file):     481816 kB
Inactive(file):   463756 kB
Unevictable:       13556 kB
Mlocked:               0 kB
SwapTotal:        724852 kB
SwapFree:         719740 kB
Dirty:                32 kB
Writeback:             0 kB
AnonPages:       1070804 kB
Mapped:           611532 kB
Shmem:              1716 kB
Slab:              98884 kB
SReclaimable:      32252 kB
SUnreclaim:        66632 kB
KernelStack:       38736 kB
PageTables:        49176 kB
NFS_Unstable:          0 kB
Bounce:                0 kB
WritebackTmp:          0 kB
CommitLimit:     2174560 kB
Committed_AS:   115700156 kB
VmallocTotal:   251658176 kB
VmallocUsed:      136352 kB
VmallocChunk:   251428908 kB
Time pass: 383 sec

---2015-11-19 17:44:43
MemTotal:        2899420 kB
MemFree:           71060 kB
Buffers:           17616 kB
Cached:           943244 kB
SwapCached:          104 kB
Active:          1340088 kB
Inactive:         678940 kB
Active(anon):     858272 kB
Inactive(anon):   215168 kB
Active(file):     481816 kB
Inactive(file):   463772 kB
Unevictable:       13556 kB
Mlocked:               0 kB
SwapTotal:        724852 kB
SwapFree:         719740 kB
Dirty:                 0 kB
Writeback:             0 kB
AnonPages:       1071476 kB
Mapped:           611576 kB
Shmem:              1716 kB
Slab:              98884 kB
SReclaimable:      32252 kB
SUnreclaim:        66632 kB
KernelStack:       38736 kB
PageTables:        49220 kB
NFS_Unstable:          0 kB
Bounce:                0 kB
WritebackTmp:          0 kB
CommitLimit:     2174560 kB
Committed_AS:   115700156 kB
VmallocTotal:   251658176 kB
VmallocUsed:      136352 kB
VmallocChunk:   251428908 kB
Time pass: 387 sec

---2015-11-19 17:44:43
MemTotal:        2899420 kB
MemFree:           69936 kB
Buffers:           17632 kB
Cached:           943256 kB
SwapCached:          104 kB
Active:          1340496 kB
Inactive:         678968 kB
Active(anon):     858680 kB
Inactive(anon):   215180 kB
Active(file):     481816 kB
Inactive(file):   463788 kB
Unevictable:       13556 kB
Mlocked:               0 kB
SwapTotal:        724852 kB
SwapFree:         719740 kB
Dirty:                36 kB
Writeback:             0 kB
AnonPages:       1072112 kB
Mapped:           611544 kB
Shmem:              1728 kB
Slab:              98792 kB
SReclaimable:      32252 kB
SUnreclaim:        66540 kB
KernelStack:       38736 kB
PageTables:        49184 kB
NFS_Unstable:          0 kB
Bounce:                0 kB
WritebackTmp:          0 kB
CommitLimit:     2174560 kB
Committed_AS:   115700148 kB
VmallocTotal:   251658176 kB
VmallocUsed:      136352 kB
VmallocChunk:   251428908 kB
Time pass: 391 sec

---2015-11-19 17:44:43
MemTotal:        2899420 kB
MemFree:           69856 kB
Buffers:           17640 kB
Cached:           943256 kB
SwapCached:          104 kB
Active:          1340580 kB
Inactive:         678964 kB
Active(anon):     858764 kB
Inactive(anon):   215168 kB
Active(file):     481816 kB
Inactive(file):   463796 kB
Unevictable:       13556 kB
Mlocked:               0 kB
SwapTotal:        724852 kB
SwapFree:         719740 kB
Dirty:                32 kB
Writeback:             0 kB
AnonPages:       1072120 kB
Mapped:           611672 kB
Shmem:              1728 kB
Slab:              98932 kB
SReclaimable:      32252 kB
SUnreclaim:        66680 kB
KernelStack:       38736 kB
PageTables:        49248 kB
NFS_Unstable:          0 kB
Bounce:                0 kB
WritebackTmp:          0 kB
CommitLimit:     2174560 kB
Committed_AS:   115700132 kB
VmallocTotal:   251658176 kB
VmallocUsed:      136352 kB
VmallocChunk:   251428908 kB
Time pass: 394 sec

---2015-11-19 17:44:43
MemTotal:        2899420 kB
MemFree:           69164 kB
Buffers:           17656 kB
