---2015-11-24 16:21:55
MemTotal:        1386568 kB
MemFree:           54308 kB
Buffers:           11212 kB
Cached:           591080 kB
SwapCached:         4148 kB
Active:           511024 kB
Inactive:         563224 kB
Active(anon):     221464 kB
Inactive(anon):   254144 kB
Active(file):     289560 kB
Inactive(file):   309080 kB
Unevictable:        3132 kB
Mlocked:               0 kB
HighTotal:        849920 kB
HighFree:          14380 kB
LowTotal:         536648 kB
LowFree:           39928 kB
SwapTotal:        786428 kB
SwapFree:         738844 kB
Dirty:                 0 kB
Writeback:             0 kB
AnonPages:        473580 kB
Mapped:           349652 kB
Shmem:               520 kB
Slab:              52212 kB
SReclaimable:      16968 kB
SUnreclaim:        35244 kB
KernelStack:       13088 kB
PageTables:        40748 kB
NFS_Unstable:          0 kB
Bounce:                0 kB
WritebackTmp:          0 kB
CommitLimit:     1479712 kB
Committed_AS:   92057676 kB
VmallocTotal:     319488 kB
VmallocUsed:       20332 kB
VmallocChunk:     177164 kB
Time pass: 3 sec

---2015-11-24 16:21:55
MemTotal:        1386568 kB
MemFree:           53628 kB
Buffers:           11212 kB
Cached:           591108 kB
SwapCached:         4148 kB
Active:           511192 kB
Inactive:         563236 kB
Active(anon):     221612 kB
Inactive(anon):   254148 kB
Active(file):     289580 kB
Inactive(file):   309088 kB
Unevictable:        3132 kB
Mlocked:               0 kB
HighTotal:        849920 kB
HighFree:          13640 kB
LowTotal:         536648 kB
LowFree:           39988 kB
SwapTotal:        786428 kB
SwapFree:         738848 kB
Dirty:                 0 kB
Writeback:             0 kB
AnonPages:        473724 kB
Mapped:           349720 kB
Shmem:               520 kB
Slab:              51984 kB
SReclaimable:      16968 kB
SUnreclaim:        35016 kB
KernelStack:       13088 kB
PageTables:        40748 kB
NFS_Unstable:          0 kB
Bounce:                0 kB
WritebackTmp:          0 kB
CommitLimit:     1479712 kB
Committed_AS:   92057756 kB
VmallocTotal:     319488 kB
VmallocUsed:       20400 kB
VmallocChunk:     177164 kB
Time pass: 7 sec

---2015-11-24 16:21:55
MemTotal:        1386568 kB
MemFree:           46496 kB
Buffers:           11228 kB
Cached:           595756 kB
SwapCached:         4152 kB
Active:           512196 kB
Inactive:         567768 kB
Active(anon):     222500 kB
Inactive(anon):   254132 kB
Active(file):     289696 kB
Inactive(file):   313636 kB
Unevictable:        3132 kB
Mlocked:               0 kB
HighTotal:        849920 kB
HighFree:          10312 kB
LowTotal:         536648 kB
LowFree:           36184 kB
SwapTotal:        786428 kB
SwapFree:         738856 kB
Dirty:                12 kB
Writeback:             0 kB
AnonPages:        474652 kB
Mapped:           349880 kB
Shmem:               520 kB
Slab:              52724 kB
SReclaimable:      17008 kB
SUnreclaim:        35716 kB
KernelStack:       13208 kB
PageTables:        40728 kB
NFS_Unstable:          0 kB
Bounce:                0 kB
WritebackTmp:          0 kB
CommitLimit:     1479712 kB
Committed_AS:   92059048 kB
VmallocTotal:     319488 kB
VmallocUsed:       20536 kB
VmallocChunk:     177164 kB
Time pass: 10 sec

---2015-11-24 16:21:55
MemTotal:        1386568 kB
MemFree:           47636 kB
Buffers:           11228 kB
Cached:           595756 kB
SwapCached:         4152 kB
Active:           512288 kB
Inactive:         567768 kB
Active(anon):     222592 kB
Inactive(anon):   254132 kB
Active(file):     289696 kB
Inactive(file):   313636 kB
Unevictable:        3132 kB
Mlocked:               0 kB
HighTotal:        849920 kB
HighFree:          10616 kB
LowTotal:         536648 kB
LowFree:           37020 kB
SwapTotal:        786428 kB
SwapFree:         738856 kB
Dirty:                12 kB
Writeback:             0 kB
AnonPages:        474716 kB
Mapped:           349892 kB
Shmem:               520 kB
Slab:              52696 kB
SReclaimable:      16992 kB
SUnreclaim:        35704 kB
KernelStack:       13096 kB
PageTables:        40752 kB
NFS_Unstable:          0 kB
Bounce:                0 kB
WritebackTmp:          0 kB
CommitLimit:     1479712 kB
Committed_AS:   92059188 kB
VmallocTotal:     319488 kB
VmallocUsed:       20400 kB
VmallocChunk:     177164 kB
Time pass: 14 sec

---2015-11-24 16:21:55
MemTotal:        1386568 kB
MemFree:           47852 kB
Buffers:           11236 kB
Cached:           595756 kB
SwapCached:         4152 kB
Active:           512388 kB
Inactive:         567776 kB
Active(anon):     222692 kB
Inactive(anon):   254132 kB
Active(file):     289696 kB
Inactive(file):   313644 kB
Unevictable:        3132 kB
Mlocked:               0 kB
HighTotal:        849920 kB
HighFree:          10660 kB
LowTotal:         536648 kB
LowFree:           37192 kB
SwapTotal:        786428 kB
SwapFree:         738856 kB
Dirty:                 4 kB
Writeback:             0 kB
AnonPages:        474792 kB
Mapped:           349840 kB
Shmem:               520 kB
Slab:              52592 kB
SReclaimable:      16992 kB
SUnreclaim:        35600 kB
KernelStack:       13096 kB
PageTables:        40752 kB
NFS_Unstable:          0 kB
Bounce:                0 kB
WritebackTmp:          0 kB
CommitLimit:     1479712 kB
Committed_AS:   92059260 kB
VmallocTotal:     319488 kB
VmallocUsed:       20400 kB
VmallocChunk:     177164 kB
Time pass: 18 sec

---2015-11-24 16:21:55
MemTotal:        1386568 kB
MemFree:           29532 kB
Buffers:           11240 kB
Cached:           605896 kB
SwapCached:         4536 kB
Active:           516712 kB
Inactive:         578128 kB
Active(anon):     226992 kB
Inactive(anon):   254368 kB
Active(file):     289720 kB
Inactive(file):   323760 kB
Unevictable:        3132 kB
Mlocked:               0 kB
HighTotal:        849920 kB
HighFree:           8796 kB
LowTotal:         536648 kB
LowFree:           20736 kB
SwapTotal:        786428 kB
SwapFree:         738896 kB
Dirty:                24 kB
Writeback:             0 kB
AnonPages:        479252 kB
Mapped:           352952 kB
Shmem:               520 kB
Slab:              52548 kB
SReclaimable:      17000 kB
SUnreclaim:        35548 kB
KernelStack:       13224 kB
PageTables:        40748 kB
NFS_Unstable:          0 kB
Bounce:                0 kB
WritebackTmp:          0 kB
CommitLimit:     1479712 kB
Committed_AS:   92067516 kB
VmallocTotal:     319488 kB
VmallocUsed:       20536 kB
VmallocChunk:     177164 kB
Time pass: 21 sec

---2015-11-24 16:21:55
MemTotal:        1386568 kB
MemFree:           32896 kB
Buffers:           11224 kB
Cached:           589792 kB
SwapCached:         4536 kB
Active:           524100 kB
Inactive:         559680 kB
Active(anon):     235240 kB
Inactive(anon):   251176 kB
Active(file):     288860 kB
Inactive(file):   308504 kB
Unevictable:        3132 kB
Mlocked:               0 kB
HighTotal:        849920 kB
HighFree:          10996 kB
LowTotal:         536648 kB
LowFree:           21900 kB
SwapTotal:        786428 kB
SwapFree:         738176 kB
Dirty:                56 kB
Writeback:             0 kB
AnonPages:        484384 kB
Mapped:           356416 kB
Shmem:               520 kB
Slab:              52320 kB
SReclaimable:      17000 kB
SUnreclaim:        35320 kB
KernelStack:       13168 kB
PageTables:        40844 kB
NFS_Unstable:          0 kB
Bounce:                0 kB
WritebackTmp:          0 kB
CommitLimit:     1479712 kB
Committed_AS:   92071704 kB
VmallocTotal:     319488 kB
VmallocUsed:       20580 kB
VmallocChunk:     177164 kB
Time pass: 25 sec

---2015-11-24 16:21:55
MemTotal:        1386568 kB
MemFree:           29100 kB
Buffers:           11232 kB
Cached:           589900 kB
SwapCached:         4536 kB
Active:           525240 kB
Inactive:         559696 kB
Active(anon):     236380 kB
Inactive(anon):   251080 kB
Active(file):     288860 kB
Inactive(file):   308616 kB
Unevictable:        3132 kB
Mlocked:               0 kB
HighTotal:        849920 kB
HighFree:           9144 kB
LowTotal:         536648 kB
LowFree:           19956 kB
SwapTotal:        786428 kB
SwapFree:         738180 kB
Dirty:                60 kB
Writeback:             0 kB
AnonPages:        485404 kB
Mapped:           356496 kB
Shmem:               520 kB
Slab:              52720 kB
SReclaimable:      16984 kB
SUnreclaim:        35736 kB
KernelStack:       13200 kB
PageTables:        40824 kB
NFS_Unstable:          0 kB
Bounce:                0 kB
WritebackTmp:          0 kB
CommitLimit:     1479712 kB
Committed_AS:   92073232 kB
VmallocTotal:     319488 kB
VmallocUsed:       20580 kB
VmallocChunk:     177164 kB
Time pass: 29 sec

---2015-11-24 16:21:55
MemTotal:        1386568 kB
MemFree:           30300 kB
Buffers:           11100 kB
Cached:           568708 kB
SwapCached:         4560 kB
Active:           531456 kB
Inactive:         546996 kB
Active(anon):     249276 kB
Inactive(anon):   253096 kB
Active(file):     282180 kB
Inactive(file):   293900 kB
Unevictable:        3132 kB
Mlocked:               0 kB
HighTotal:        849920 kB
HighFree:          10580 kB
LowTotal:         536648 kB
LowFree:           19720 kB
SwapTotal:        786428 kB
SwapFree:         736504 kB
Dirty:               416 kB
Writeback:             0 kB
AnonPages:        500216 kB
Mapped:           360932 kB
Shmem:               520 kB
Slab:              52180 kB
SReclaimable:      17032 kB
SUnreclaim:        35148 kB
KernelStack:       13248 kB
PageTables:        40876 kB
NFS_Unstable:          0 kB
Bounce:                0 kB
WritebackTmp:          0 kB
CommitLimit:     1479712 kB
Committed_AS:   92090128 kB
VmallocTotal:     319488 kB
VmallocUsed:       20704 kB
VmallocChunk:     177164 kB
Time pass: 33 sec

---2015-11-24 16:21:55
MemTotal:        1386568 kB
MemFree:           30084 kB
Buffers:           11100 kB
Cached:           567216 kB
SwapCached:         4552 kB
Active:           531784 kB
Inactive:         544252 kB
Active(anon):     249712 kB
Inactive(anon):   251660 kB
Active(file):     282072 kB
Inactive(file):   292592 kB
Unevictable:        3132 kB
Mlocked:               0 kB
HighTotal:        849920 kB
HighFree:          11372 kB
LowTotal:         536648 kB
LowFree:           18712 kB
SwapTotal:        786428 kB
SwapFree:         736332 kB
Dirty:                20 kB
Writeback:             0 kB
AnonPages:        499304 kB
Mapped:           364064 kB
Shmem:               520 kB
Slab:              52968 kB
SReclaimable:      17048 kB
SUnreclaim:        35920 kB
KernelStack:       13208 kB
PageTables:        40884 kB
NFS_Unstable:          0 kB
Bounce:                0 kB
WritebackTmp:          0 kB
CommitLimit:     1479712 kB
Committed_AS:   92086504 kB
VmallocTotal:     319488 kB
VmallocUsed:       20500 kB
VmallocChunk:     177164 kB
Time pass: 36 sec

---2015-11-24 16:21:55
MemTotal:        1386568 kB
MemFree:           29744 kB
Buffers:           11100 kB
Cached:           567216 kB
SwapCached:         4552 kB
Active:           532004 kB
Inactive:         544252 kB
Active(anon):     249932 kB
Inactive(anon):   251660 kB
Active(file):     282072 kB
Inactive(file):   292592 kB
Unevictable:        3132 kB
Mlocked:               0 kB
HighTotal:        849920 kB
HighFree:          11116 kB
LowTotal:         536648 kB
LowFree:           18628 kB
SwapTotal:        786428 kB
SwapFree:         736332 kB
Dirty:                 0 kB
Writeback:             0 kB
AnonPages:        499476 kB
Mapped:           364060 kB
Shmem:               520 kB
Slab:              52888 kB
SReclaimable:      17008 kB
SUnreclaim:        35880 kB
KernelStack:       13176 kB
PageTables:        40888 kB
NFS_Unstable:          0 kB
Bounce:                0 kB
WritebackTmp:          0 kB
CommitLimit:     1479712 kB
Committed_AS:   92086744 kB
VmallocTotal:     319488 kB
VmallocUsed:       20568 kB
VmallocChunk:     177164 kB
Time pass: 40 sec

---2015-11-24 16:21:55
MemTotal:        1386568 kB
MemFree:           29324 kB
Buffers:           11108 kB
Cached:           567216 kB
SwapCached:         4552 kB
Active:           532048 kB
Inactive:         544260 kB
Active(anon):     249976 kB
Inactive(anon):   251660 kB
Active(file):     282072 kB
Inactive(file):   292600 kB
Unevictable:        3132 kB
Mlocked:               0 kB
HighTotal:        849920 kB
HighFree:          10724 kB
LowTotal:         536648 kB
LowFree:           18600 kB
SwapTotal:        786428 kB
SwapFree:         736332 kB
Dirty:                64 kB
Writeback:             0 kB
AnonPages:        499564 kB
Mapped:           364112 kB
Shmem:               520 kB
Slab:              52796 kB
SReclaimable:      17008 kB
SUnreclaim:        35788 kB
KernelStack:       13176 kB
PageTables:        40888 kB
NFS_Unstable:          0 kB
Bounce:                0 kB
WritebackTmp:          0 kB
CommitLimit:     1479712 kB
Committed_AS:   92086768 kB
VmallocTotal:     319488 kB
VmallocUsed:       20568 kB
VmallocChunk:     177164 kB
Time pass: 43 sec

---2015-11-24 16:21:55
MemTotal:        1386568 kB
MemFree:           30404 kB
Buffers:           11108 kB
Cached:           567216 kB
SwapCached:         4552 kB
Active:           532152 kB
Inactive:         544248 kB
Active(anon):     250080 kB
Inactive(anon):   251648 kB
Active(file):     282072 kB
Inactive(file):   292600 kB
Unevictable:        3132 kB
Mlocked:               0 kB
HighTotal:        849920 kB
HighFree:          11224 kB
LowTotal:         536648 kB
LowFree:           19180 kB
SwapTotal:        786428 kB
SwapFree:         736332 kB
Dirty:                12 kB
Writeback:             0 kB
AnonPages:        499656 kB
Mapped:           363948 kB
Shmem:               520 kB
Slab:              52604 kB
SReclaimable:      17008 kB
SUnreclaim:        35596 kB
KernelStack:       13144 kB
PageTables:        40876 kB
NFS_Unstable:          0 kB
Bounce:                0 kB
WritebackTmp:          0 kB
CommitLimit:     1479712 kB
Committed_AS:   92086808 kB
VmallocTotal:     319488 kB
VmallocUsed:       20500 kB
VmallocChunk:     177164 kB
Time pass: 47 sec

---2015-11-24 16:21:55
MemTotal:        1386568 kB
MemFree:           91756 kB
Buffers:           11168 kB
Cached:           567200 kB
SwapCached:         4552 kB
Active:           496100 kB
Inactive:         531940 kB
Active(anon):     213164 kB
Inactive(anon):   240148 kB
Active(file):     282936 kB
Inactive(file):   291792 kB
Unevictable:        3132 kB
Mlocked:               0 kB
HighTotal:        849920 kB
HighFree:          46340 kB
LowTotal:         536648 kB
LowFree:           45416 kB
SwapTotal:        786428 kB
SwapFree:         736348 kB
Dirty:               140 kB
Writeback:             0 kB
AnonPages:        451196 kB
Mapped:           340540 kB
Shmem:               508 kB
Slab:              52304 kB
SReclaimable:      17008 kB
SUnreclaim:        35296 kB
KernelStack:       11528 kB
PageTables:        31976 kB
NFS_Unstable:          0 kB
Bounce:                0 kB
WritebackTmp:          0 kB
CommitLimit:     1479712 kB
Committed_AS:   69701284 kB
VmallocTotal:     319488 kB
VmallocUsed:       15220 kB
VmallocChunk:     183308 kB
Time pass: 51 sec

---2015-11-24 16:21:55
MemTotal:        1386568 kB
MemFree:           91564 kB
Buffers:           11168 kB
Cached:           567200 kB
SwapCached:         4552 kB
Active:           496156 kB
Inactive:         531940 kB
Active(anon):     213220 kB
Inactive(anon):   240148 kB
Active(file):     282936 kB
Inactive(file):   291792 kB
Unevictable:        3132 kB
Mlocked:               0 kB
HighTotal:        849920 kB
HighFree:          46156 kB
LowTotal:         536648 kB
LowFree:           45408 kB
SwapTotal:        786428 kB
SwapFree:         736348 kB
Dirty:                 0 kB
Writeback:             0 kB
AnonPages:        451296 kB
Mapped:           340536 kB
Shmem:               508 kB
Slab:              52304 kB
SReclaimable:      17008 kB
SUnreclaim:        35296 kB
KernelStack:       11528 kB
PageTables:        31976 kB
NFS_Unstable:          0 kB
Bounce:                0 kB
WritebackTmp:          0 kB
CommitLimit:     1479712 kB
Committed_AS:   69701356 kB
VmallocTotal:     319488 kB
VmallocUsed:       15288 kB
VmallocChunk:     183308 kB
Time pass: 54 sec

---2015-11-24 16:21:55
MemTotal:        1386568 kB
MemFree:           93392 kB
Buffers:           11168 kB
Cached:           567200 kB
SwapCached:         4552 kB
Active:           494680 kB
Inactive:         531904 kB
Active(anon):     211744 kB
Inactive(anon):   240112 kB
Active(file):     282936 kB
Inactive(file):   291792 kB
Unevictable:        3132 kB
Mlocked:               0 kB
HighTotal:        849920 kB
HighFree:          47660 kB
LowTotal:         536648 kB
LowFree:           45732 kB
SwapTotal:        786428 kB
SwapFree:         736348 kB
Dirty:                 0 kB
Writeback:             0 kB
AnonPages:        449796 kB
Mapped:           340540 kB
Shmem:               508 kB
Slab:              52268 kB
SReclaimable:      17008 kB
SUnreclaim:        35260 kB
KernelStack:       11528 kB
PageTables:        31976 kB
NFS_Unstable:          0 kB
Bounce:                0 kB
WritebackTmp:          0 kB
CommitLimit:     1479712 kB
Committed_AS:   69701444 kB
VmallocTotal:     319488 kB
VmallocUsed:       15220 kB
VmallocChunk:     183308 kB
Time pass: 58 sec

---2015-11-24 16:21:55
MemTotal:        1386568 kB
MemFree:           86496 kB
Buffers:           11176 kB
Cached:           568072 kB
SwapCached:         4552 kB
Active:           496936 kB
Inactive:         532716 kB
Active(anon):     213984 kB
Inactive(anon):   240112 kB
Active(file):     282952 kB
Inactive(file):   292604 kB
Unevictable:        3132 kB
Mlocked:               0 kB
HighTotal:        849920 kB
HighFree:          41888 kB
LowTotal:         536648 kB
LowFree:           44608 kB
SwapTotal:        786428 kB
SwapFree:         736348 kB
Dirty:               212 kB
Writeback:             0 kB
AnonPages:        451996 kB
Mapped:           342384 kB
Shmem:               508 kB
Slab:              52296 kB
SReclaimable:      17008 kB
SUnreclaim:        35288 kB
KernelStack:       11616 kB
PageTables:        31984 kB
NFS_Unstable:          0 kB
Bounce:                0 kB
WritebackTmp:          0 kB
CommitLimit:     1479712 kB
Committed_AS:   69701836 kB
VmallocTotal:     319488 kB
VmallocUsed:       15424 kB
VmallocChunk:     183308 kB
Time pass: 61 sec

---2015-11-24 16:21:55
MemTotal:        1386568 kB
MemFree:           85144 kB
Buffers:           11176 kB
Cached:           568676 kB
SwapCached:         4552 kB
Active:           497444 kB
Inactive:         533352 kB
Active(anon):     214472 kB
Inactive(anon):   240112 kB
Active(file):     282972 kB
Inactive(file):   293240 kB
Unevictable:        3132 kB
Mlocked:               0 kB
HighTotal:        849920 kB
HighFree:          39388 kB
LowTotal:         536648 kB
LowFree:           45756 kB
SwapTotal:        786428 kB
SwapFree:         736348 kB
Dirty:               276 kB
Writeback:             0 kB
AnonPages:        452512 kB
Mapped:           344604 kB
Shmem:               508 kB
Slab:              51824 kB
SReclaimable:      17032 kB
SUnreclaim:        34792 kB
KernelStack:       11528 kB
PageTables:        31992 kB
NFS_Unstable:          0 kB
Bounce:                0 kB
WritebackTmp:          0 kB
CommitLimit:     1479712 kB
Committed_AS:   69701924 kB
VmallocTotal:     319488 kB
VmallocUsed:       15220 kB
VmallocChunk:     183308 kB
Time pass: 65 sec

---2015-11-24 16:21:55
MemTotal:        1386568 kB
MemFree:           84752 kB
Buffers:           11184 kB
Cached:           568676 kB
SwapCached:         4552 kB
Active:           497664 kB
Inactive:         533360 kB
Active(anon):     214692 kB
Inactive(anon):   240112 kB
Active(file):     282972 kB
Inactive(file):   293248 kB
Unevictable:        3132 kB
Mlocked:               0 kB
HighTotal:        849920 kB
HighFree:          38936 kB
LowTotal:         536648 kB
LowFree:           45816 kB
SwapTotal:        786428 kB
SwapFree:         736348 kB
Dirty:                44 kB
Writeback:             0 kB
AnonPages:        452848 kB
Mapped:           344600 kB
Shmem:               508 kB
Slab:              51536 kB
SReclaimable:      17032 kB
SUnreclaim:        34504 kB
KernelStack:       11528 kB
PageTables:        31992 kB
NFS_Unstable:          0 kB
Bounce:                0 kB
WritebackTmp:          0 kB
CommitLimit:     1479712 kB
Committed_AS:   69702156 kB
VmallocTotal:     319488 kB
VmallocUsed:       15288 kB
VmallocChunk:     183308 kB
Time pass: 69 sec

---2015-11-24 16:21:55
MemTotal:        1386568 kB
MemFree:           84436 kB
Buffers:           11184 kB
Cached:           568676 kB
SwapCached:         4552 kB
Active:           497828 kB
Inactive:         533360 kB
Active(anon):     214856 kB
Inactive(anon):   240112 kB
Active(file):     282972 kB
Inactive(file):   293248 kB
Unevictable:        3132 kB
Mlocked:               0 kB
HighTotal:        849920 kB
HighFree:          39172 kB
LowTotal:         536648 kB
LowFree:           45264 kB
SwapTotal:        786428 kB
SwapFree:         736348 kB
Dirty:                 0 kB
Writeback:             0 kB
AnonPages:        452880 kB
Mapped:           344632 kB
Shmem:               508 kB
Slab:              52260 kB
SReclaimable:      17032 kB
SUnreclaim:        35228 kB
KernelStack:       11504 kB
PageTables:        31968 kB
NFS_Unstable:          0 kB
Bounce:                0 kB
WritebackTmp:          0 kB
CommitLimit:     1479712 kB
Committed_AS:   69702220 kB
VmallocTotal:     319488 kB
VmallocUsed:       15220 kB
VmallocChunk:     183308 kB
Time pass: 72 sec

---2015-11-24 16:21:55
MemTotal:        1386568 kB
MemFree:           84260 kB
Buffers:           11184 kB
Cached:           568676 kB
SwapCached:         4568 kB
Active:           497924 kB
Inactive:         533376 kB
Active(anon):     214948 kB
Inactive(anon):   240132 kB
Active(file):     282976 kB
Inactive(file):   293244 kB
Unevictable:        3132 kB
Mlocked:               0 kB
HighTotal:        849920 kB
HighFree:          38900 kB
LowTotal:         536648 kB
LowFree:           45360 kB
SwapTotal:        786428 kB
SwapFree:         736368 kB
Dirty:                 4 kB
Writeback:             0 kB
AnonPages:        452972 kB
Mapped:           344636 kB
Shmem:               508 kB
Slab:              52196 kB
SReclaimable:      17032 kB
SUnreclaim:        35164 kB
KernelStack:       11504 kB
PageTables:        31988 kB
NFS_Unstable:          0 kB
Bounce:                0 kB
WritebackTmp:          0 kB
CommitLimit:     1479712 kB
Committed_AS:   69702300 kB
VmallocTotal:     319488 kB
VmallocUsed:       15220 kB
VmallocChunk:     183308 kB
Time pass: 76 sec

---2015-11-24 16:21:55
MemTotal:        1386568 kB
MemFree:           83516 kB
Buffers:           11192 kB
Cached:           568676 kB
SwapCached:         4568 kB
Active:           498012 kB
Inactive:         533384 kB
Active(anon):     215036 kB
Inactive(anon):   240132 kB
Active(file):     282976 kB
Inactive(file):   293252 kB
Unevictable:        3132 kB
Mlocked:               0 kB
HighTotal:        849920 kB
HighFree:          38340 kB
LowTotal:         536648 kB
LowFree:           45176 kB
SwapTotal:        786428 kB
SwapFree:         736368 kB
Dirty:                 4 kB
Writeback:             0 kB
AnonPages:        453088 kB
Mapped:           344716 kB
Shmem:               508 kB
Slab:              52132 kB
SReclaimable:      17032 kB
SUnreclaim:        35100 kB
KernelStack:       11504 kB
PageTables:        31992 kB
NFS_Unstable:          0 kB
Bounce:                0 kB
WritebackTmp:          0 kB
CommitLimit:     1479712 kB
Committed_AS:   69702540 kB
VmallocTotal:     319488 kB
VmallocUsed:       15288 kB
VmallocChunk:     183308 kB
Time pass: 80 sec

---2015-11-24 16:21:55
MemTotal:        1386568 kB
MemFree:           66780 kB
Buffers:           11200 kB
Cached:           569652 kB
SwapCached:         4572 kB
Active:           505936 kB
Inactive:         533872 kB
Active(anon):     222496 kB
Inactive(anon):   240144 kB
Active(file):     283440 kB
Inactive(file):   293728 kB
Unevictable:        3132 kB
Mlocked:               0 kB
HighTotal:        849920 kB
HighFree:          21632 kB
LowTotal:         536648 kB
LowFree:           45148 kB
SwapTotal:        786428 kB
SwapFree:         736388 kB
Dirty:                 0 kB
Writeback:            40 kB
AnonPages:        460556 kB
Mapped:           351456 kB
Shmem:               508 kB
Slab:              52132 kB
SReclaimable:      17064 kB
SUnreclaim:        35068 kB
KernelStack:       11552 kB
PageTables:        32168 kB
NFS_Unstable:          0 kB
Bounce:                0 kB
WritebackTmp:          0 kB
CommitLimit:     1479712 kB
Committed_AS:   72387728 kB
VmallocTotal:     319488 kB
VmallocUsed:       15312 kB
VmallocChunk:     183308 kB
Time pass: 83 sec

---2015-11-24 16:21:55
MemTotal:        1386568 kB
MemFree:          179036 kB
Buffers:           11244 kB
Cached:           571324 kB
SwapCached:         4616 kB
Active:           455232 kB
Inactive:         534516 kB
Active(anon):     170680 kB
Inactive(anon):   240044 kB
Active(file):     284552 kB
Inactive(file):   294472 kB
Unevictable:        3132 kB
Mlocked:               0 kB
HighTotal:        849920 kB
HighFree:         102700 kB
LowTotal:         536648 kB
LowFree:           76336 kB
SwapTotal:        786428 kB
SwapFree:         736456 kB
Dirty:                84 kB
Writeback:             0 kB
AnonPages:        408832 kB
Mapped:           268232 kB
Shmem:               376 kB
Slab:              52344 kB
SReclaimable:      17096 kB
SUnreclaim:        35248 kB
KernelStack:       11224 kB
PageTables:        31860 kB
NFS_Unstable:          0 kB
Bounce:                0 kB
WritebackTmp:          0 kB
CommitLimit:     1479712 kB
Committed_AS:   70850916 kB
VmallocTotal:     319488 kB
VmallocUsed:       15108 kB
VmallocChunk:     183308 kB
Time pass: 87 sec

---2015-11-24 16:21:55
MemTotal:        1386568 kB
MemFree:          182348 kB
Buffers:           11252 kB
Cached:           571448 kB
SwapCached:         4616 kB
Active:           455204 kB
Inactive:         534492 kB
Active(anon):     170636 kB
Inactive(anon):   239868 kB
Active(file):     284568 kB
Inactive(file):   294624 kB
Unevictable:        3132 kB
Mlocked:               0 kB
HighTotal:        849920 kB
HighFree:         103648 kB
LowTotal:         536648 kB
LowFree:           78700 kB
SwapTotal:        786428 kB
SwapFree:         736472 kB
Dirty:               176 kB
Writeback:             0 kB
AnonPages:        408484 kB
Mapped:           268184 kB
Shmem:               376 kB
Slab:              52284 kB
SReclaimable:      17088 kB
SUnreclaim:        35196 kB
KernelStack:       10936 kB
PageTables:        31844 kB
NFS_Unstable:          0 kB
Bounce:                0 kB
WritebackTmp:          0 kB
CommitLimit:     1479712 kB
Committed_AS:   70850780 kB
VmallocTotal:     319488 kB
VmallocUsed:       14972 kB
VmallocChunk:     183308 kB
Time pass: 91 sec

---2015-11-24 16:21:55
MemTotal:        1386568 kB
MemFree:          177576 kB
Buffers:           11252 kB
Cached:           571448 kB
SwapCached:         4616 kB
Active:           459016 kB
Inactive:         534492 kB
Active(anon):     174448 kB
Inactive(anon):   239868 kB
Active(file):     284568 kB
Inactive(file):   294624 kB
Unevictable:        3132 kB
Mlocked:               0 kB
HighTotal:        849920 kB
HighFree:          99172 kB
LowTotal:         536648 kB
LowFree:           78404 kB
SwapTotal:        786428 kB
SwapFree:         736476 kB
Dirty:                76 kB
Writeback:             0 kB
AnonPages:        412196 kB
Mapped:           277880 kB
Shmem:               376 kB
Slab:              52184 kB
SReclaimable:      17088 kB
SUnreclaim:        35096 kB
KernelStack:       11056 kB
PageTables:        32536 kB
NFS_Unstable:          0 kB
Bounce:                0 kB
WritebackTmp:          0 kB
CommitLimit:     1479712 kB
Committed_AS:   72136712 kB
VmallocTotal:     319488 kB
VmallocUsed:       15108 kB
VmallocChunk:     183308 kB
Time pass: 94 sec

---2015-11-24 16:21:55
MemTotal:        1386568 kB
MemFree:          147716 kB
Buffers:           11300 kB
Cached:           573092 kB
SwapCached:         4624 kB
Active:           479660 kB
Inactive:         535080 kB
Active(anon):     194072 kB
Inactive(anon):   239916 kB
Active(file):     285588 kB
Inactive(file):   295164 kB
Unevictable:        3132 kB
Mlocked:               0 kB
HighTotal:        849920 kB
HighFree:          72216 kB
LowTotal:         536648 kB
LowFree:           75500 kB
SwapTotal:        786428 kB
SwapFree:         736484 kB
Dirty:               912 kB
Writeback:             0 kB
AnonPages:        431880 kB
Mapped:           298736 kB
Shmem:               508 kB
Slab:              52124 kB
SReclaimable:      17092 kB
SUnreclaim:        35032 kB
KernelStack:       11400 kB
PageTables:        32732 kB
NFS_Unstable:          0 kB
Bounce:                0 kB
WritebackTmp:          0 kB
CommitLimit:     1479712 kB
Committed_AS:   72159180 kB
VmallocTotal:     319488 kB
VmallocUsed:       15232 kB
VmallocChunk:     183308 kB
Time pass: 98 sec

---2015-11-24 16:21:55
MemTotal:        1386568 kB
MemFree:          137124 kB
Buffers:           11300 kB
Cached:           574044 kB
SwapCached:         4620 kB
Active:           486316 kB
Inactive:         533080 kB
Active(anon):     200700 kB
Inactive(anon):   237048 kB
Active(file):     285616 kB
Inactive(file):   296032 kB
Unevictable:        3132 kB
Mlocked:               0 kB
HighTotal:        849920 kB
HighFree:          53036 kB
LowTotal:         536648 kB
LowFree:           84088 kB
SwapTotal:        786428 kB
SwapFree:         736512 kB
Dirty:               172 kB
Writeback:             0 kB
AnonPages:        435492 kB
Mapped:           309020 kB
Shmem:               508 kB
Slab:              52268 kB
SReclaimable:      17092 kB
SUnreclaim:        35176 kB
KernelStack:       11528 kB
PageTables:        32664 kB
NFS_Unstable:          0 kB
Bounce:                0 kB
WritebackTmp:          0 kB
CommitLimit:     1479712 kB
Committed_AS:   72158836 kB
VmallocTotal:     319488 kB
VmallocUsed:       15244 kB
VmallocChunk:     183308 kB
Time pass: 101 sec

---2015-11-24 16:21:55
MemTotal:        1386568 kB
MemFree:          111860 kB
Buffers:           11324 kB
Cached:           574444 kB
SwapCached:         4624 kB
Active:           496068 kB
Inactive:         533332 kB
Active(anon):     210392 kB
Inactive(anon):   236880 kB
Active(file):     285676 kB
Inactive(file):   296452 kB
Unevictable:        3132 kB
Mlocked:               0 kB
HighTotal:        849920 kB
HighFree:          26828 kB
LowTotal:         536648 kB
LowFree:           85032 kB
SwapTotal:        786428 kB
SwapFree:         736592 kB
Dirty:               140 kB
Writeback:             0 kB
AnonPages:        445244 kB
Mapped:           321512 kB
Shmem:               508 kB
Slab:              52104 kB
SReclaimable:      17092 kB
SUnreclaim:        35012 kB
KernelStack:       11408 kB
PageTables:        32724 kB
NFS_Unstable:          0 kB
Bounce:                0 kB
WritebackTmp:          0 kB
CommitLimit:     1479712 kB
Committed_AS:   72175292 kB
VmallocTotal:     319488 kB
VmallocUsed:       15236 kB
VmallocChunk:     183308 kB
Time pass: 105 sec

---2015-11-24 16:21:55
MemTotal:        1386568 kB
MemFree:           94276 kB
Buffers:           11376 kB
Cached:           575228 kB
SwapCached:         4624 kB
Active:           500448 kB
Inactive:         533952 kB
Active(anon):     214544 kB
Inactive(anon):   236868 kB
Active(file):     285904 kB
Inactive(file):   297084 kB
Unevictable:        3132 kB
Mlocked:               0 kB
HighTotal:        849920 kB
HighFree:          10452 kB
LowTotal:         536648 kB
LowFree:           83824 kB
SwapTotal:        786428 kB
SwapFree:         736592 kB
Dirty:               332 kB
Writeback:             0 kB
AnonPages:        449360 kB
Mapped:           333564 kB
Shmem:               508 kB
Slab:              52040 kB
SReclaimable:      17092 kB
SUnreclaim:        34948 kB
KernelStack:       11400 kB
PageTables:        33176 kB
NFS_Unstable:          0 kB
Bounce:                0 kB
WritebackTmp:          0 kB
CommitLimit:     1479712 kB
Committed_AS:   73418348 kB
VmallocTotal:     319488 kB
VmallocUsed:       15276 kB
VmallocChunk:     183308 kB
Time pass: 108 sec

---2015-11-24 16:21:55
MemTotal:        1386568 kB
MemFree:           70956 kB
Buffers:           11400 kB
Cached:           575696 kB
SwapCached:         4624 kB
Active:           508524 kB
Inactive:         533432 kB
Active(anon):     221676 kB
Inactive(anon):   236824 kB
Active(file):     286848 kB
Inactive(file):   296608 kB
Unevictable:        3132 kB
Mlocked:               0 kB
HighTotal:        849920 kB
HighFree:           8768 kB
LowTotal:         536648 kB
LowFree:           62188 kB
SwapTotal:        786428 kB
SwapFree:         736592 kB
Dirty:              1300 kB
Writeback:             0 kB
AnonPages:        456204 kB
Mapped:           346320 kB
Shmem:               508 kB
Slab:              52184 kB
SReclaimable:      17092 kB
SUnreclaim:        35092 kB
KernelStack:       11520 kB
PageTables:        33228 kB
NFS_Unstable:          0 kB
Bounce:                0 kB
WritebackTmp:          0 kB
CommitLimit:     1479712 kB
Committed_AS:   73420468 kB
VmallocTotal:     319488 kB
VmallocUsed:       15412 kB
VmallocChunk:     183308 kB
Time pass: 112 sec

---2015-11-24 16:21:55
MemTotal:        1386568 kB
MemFree:           67156 kB
Buffers:           11408 kB
Cached:           575752 kB
SwapCached:         4624 kB
Active:           507500 kB
Inactive:         533348 kB
Active(anon):     220584 kB
Inactive(anon):   236744 kB
Active(file):     286916 kB
Inactive(file):   296604 kB
Unevictable:        3132 kB
Mlocked:               0 kB
HighTotal:        849920 kB
HighFree:          11516 kB
LowTotal:         536648 kB
LowFree:           55640 kB
SwapTotal:        786428 kB
SwapFree:         736592 kB
Dirty:               104 kB
Writeback:             0 kB
AnonPages:        455180 kB
Mapped:           349956 kB
Shmem:               508 kB
Slab:              52016 kB
SReclaimable:      17076 kB
SUnreclaim:        34940 kB
KernelStack:       11432 kB
PageTables:        33236 kB
NFS_Unstable:          0 kB
Bounce:                0 kB
WritebackTmp:          0 kB
CommitLimit:     1479712 kB
Committed_AS:   73420804 kB
VmallocTotal:     319488 kB
VmallocUsed:       15300 kB
VmallocChunk:     183308 kB
Time pass: 115 sec

---2015-11-24 16:21:55
MemTotal:        1386568 kB
MemFree:           67876 kB
Buffers:           11408 kB
Cached:           575752 kB
SwapCached:         4624 kB
Active:           507756 kB
Inactive:         533256 kB
Active(anon):     220840 kB
Inactive(anon):   236652 kB
Active(file):     286916 kB
Inactive(file):   296604 kB
Unevictable:        3132 kB
Mlocked:               0 kB
HighTotal:        849920 kB
HighFree:          11896 kB
LowTotal:         536648 kB
LowFree:           55980 kB
SwapTotal:        786428 kB
SwapFree:         736592 kB
Dirty:                 0 kB
Writeback:             0 kB
AnonPages:        455400 kB
Mapped:           349836 kB
Shmem:               508 kB
Slab:              51824 kB
SReclaimable:      17076 kB
SUnreclaim:        34748 kB
KernelStack:       11368 kB
PageTables:        33224 kB
NFS_Unstable:          0 kB
Bounce:                0 kB
WritebackTmp:          0 kB
CommitLimit:     1479712 kB
Committed_AS:   73420972 kB
VmallocTotal:     319488 kB
VmallocUsed:       15232 kB
VmallocChunk:     183308 kB
Time pass: 119 sec

---2015-11-24 16:21:55
MemTotal:        1386568 kB
MemFree:           64024 kB
Buffers:           11408 kB
Cached:           576452 kB
SwapCached:         4624 kB
Active:           508676 kB
Inactive:         533868 kB
Active(anon):     221760 kB
Inactive(anon):   236652 kB
Active(file):     286916 kB
Inactive(file):   297216 kB
Unevictable:        3132 kB
Mlocked:               0 kB
HighTotal:        849920 kB
HighFree:           9372 kB
LowTotal:         536648 kB
LowFree:           54652 kB
SwapTotal:        786428 kB
SwapFree:         736592 kB
Dirty:                 0 kB
Writeback:             0 kB
AnonPages:        456508 kB
Mapped:           350388 kB
Shmem:               508 kB
Slab:              52432 kB
SReclaimable:      17076 kB
SUnreclaim:        35356 kB
KernelStack:       11384 kB
PageTables:        33248 kB
NFS_Unstable:          0 kB
Bounce:                0 kB
WritebackTmp:          0 kB
CommitLimit:     1479712 kB
Committed_AS:   73425152 kB
VmallocTotal:     319488 kB
VmallocUsed:       15436 kB
VmallocChunk:     183308 kB
Time pass: 123 sec

---2015-11-24 16:21:55
MemTotal:        1386568 kB
MemFree:           29240 kB
Buffers:           11448 kB
Cached:           580908 kB
SwapCached:         4860 kB
Active:           520416 kB
Inactive:         538888 kB
Active(anon):     233488 kB
Inactive(anon):   237292 kB
Active(file):     286928 kB
Inactive(file):   301596 kB
Unevictable:        3132 kB
Mlocked:               0 kB
HighTotal:        849920 kB
HighFree:           8688 kB
LowTotal:         536648 kB
LowFree:           20552 kB
SwapTotal:        786428 kB
SwapFree:         736820 kB
Dirty:                56 kB
Writeback:             0 kB
AnonPages:        468540 kB
Mapped:           353044 kB
Shmem:               700 kB
Slab:              52460 kB
SReclaimable:      17100 kB
SUnreclaim:        35360 kB
KernelStack:       11744 kB
PageTables:        33444 kB
NFS_Unstable:          0 kB
Bounce:                0 kB
WritebackTmp:          0 kB
CommitLimit:     1479712 kB
Committed_AS:   73451040 kB
VmallocTotal:     319488 kB
VmallocUsed:       15436 kB
VmallocChunk:     183308 kB
Time pass: 127 sec

---2015-11-24 16:21:55
MemTotal:        1386568 kB
MemFree:           29388 kB
Buffers:           11480 kB
Cached:           568592 kB
SwapCached:         4908 kB
Active:           519432 kB
Inactive:         531180 kB
Active(anon):     233940 kB
Inactive(anon):   240696 kB
Active(file):     285492 kB
Inactive(file):   290484 kB
Unevictable:        3132 kB
Mlocked:               0 kB
HighTotal:        849920 kB
HighFree:           9224 kB
LowTotal:         536648 kB
LowFree:           20164 kB
SwapTotal:        786428 kB
SwapFree:         734700 kB
Dirty:                52 kB
Writeback:             0 kB
AnonPages:        472240 kB
Mapped:           350388 kB
Shmem:               960 kB
Slab:              52512 kB
SReclaimable:      17100 kB
SUnreclaim:        35412 kB
KernelStack:       11752 kB
PageTables:        33508 kB
NFS_Unstable:          0 kB
Bounce:                0 kB
WritebackTmp:          0 kB
CommitLimit:     1479712 kB
Committed_AS:   73455336 kB
VmallocTotal:     319488 kB
VmallocUsed:       15436 kB
VmallocChunk:     183308 kB
Time pass: 131 sec

---2015-11-24 16:21:55
MemTotal:        1386568 kB
MemFree:           27288 kB
Buffers:           11496 kB
Cached:           569004 kB
SwapCached:         4908 kB
Active:           522448 kB
Inactive:         531572 kB
Active(anon):     236956 kB
Inactive(anon):   240656 kB
Active(file):     285492 kB
Inactive(file):   290916 kB
Unevictable:        3132 kB
Mlocked:               0 kB
HighTotal:        849920 kB
HighFree:           8732 kB
LowTotal:         536648 kB
LowFree:           18556 kB
SwapTotal:        786428 kB
SwapFree:         734700 kB
Dirty:                 0 kB
Writeback:             0 kB
AnonPages:        475084 kB
Mapped:           350444 kB
Shmem:               960 kB
Slab:              52608 kB
SReclaimable:      17100 kB
SUnreclaim:        35508 kB
KernelStack:       11712 kB
PageTables:        33524 kB
NFS_Unstable:          0 kB
Bounce:                0 kB
WritebackTmp:          0 kB
CommitLimit:     1479712 kB
Committed_AS:   73465104 kB
VmallocTotal:     319488 kB
VmallocUsed:       15436 kB
VmallocChunk:     183308 kB
Time pass: 135 sec

---2015-11-24 16:21:55
MemTotal:        1386568 kB
MemFree:           32276 kB
Buffers:           11508 kB
Cached:           563740 kB
SwapCached:         4908 kB
Active:           518148 kB
Inactive:         530440 kB
Active(anon):     234048 kB
Inactive(anon):   243384 kB
Active(file):     284100 kB
Inactive(file):   287056 kB
Unevictable:        3132 kB
Mlocked:               0 kB
HighTotal:        849920 kB
HighFree:          13120 kB
LowTotal:         536648 kB
LowFree:           19156 kB
SwapTotal:        786428 kB
SwapFree:         734340 kB
Dirty:                 0 kB
Writeback:             0 kB
AnonPages:        474828 kB
Mapped:           350380 kB
Shmem:               960 kB
Slab:              52676 kB
SReclaimable:      17100 kB
SUnreclaim:        35576 kB
KernelStack:       11744 kB
PageTables:        33520 kB
NFS_Unstable:          0 kB
Bounce:                0 kB
WritebackTmp:          0 kB
CommitLimit:     1479712 kB
Committed_AS:   73465184 kB
VmallocTotal:     319488 kB
VmallocUsed:       15436 kB
VmallocChunk:     183308 kB
Time pass: 139 sec

---2015-11-24 16:21:55
MemTotal:        1386568 kB
MemFree:           31800 kB
Buffers:           11516 kB
Cached:           563744 kB
SwapCached:         4908 kB
Active:           518448 kB
Inactive:         530444 kB
Active(anon):     234348 kB
Inactive(anon):   243380 kB
Active(file):     284100 kB
Inactive(file):   287064 kB
Unevictable:        3132 kB
Mlocked:               0 kB
HighTotal:        849920 kB
HighFree:          11112 kB
LowTotal:         536648 kB
LowFree:           20688 kB
SwapTotal:        786428 kB
SwapFree:         734380 kB
Dirty:                28 kB
Writeback:             0 kB
AnonPages:        475068 kB
Mapped:           350236 kB
Shmem:               964 kB
Slab:              52484 kB
SReclaimable:      17100 kB
SUnreclaim:        35384 kB
KernelStack:       11752 kB
PageTables:        33524 kB
NFS_Unstable:          0 kB
Bounce:                0 kB
WritebackTmp:          0 kB
CommitLimit:     1479712 kB
Committed_AS:   73465416 kB
VmallocTotal:     319488 kB
VmallocUsed:       15436 kB
VmallocChunk:     183308 kB
Time pass: 143 sec

---2015-11-24 16:21:55
MemTotal:        1386568 kB
MemFree:           31440 kB
Buffers:           11532 kB
Cached:           563744 kB
SwapCached:         4908 kB
Active:           518652 kB
Inactive:         530460 kB
Active(anon):     234552 kB
Inactive(anon):   243380 kB
Active(file):     284100 kB
Inactive(file):   287080 kB
Unevictable:        3132 kB
Mlocked:               0 kB
HighTotal:        849920 kB
HighFree:           9720 kB
LowTotal:         536648 kB
LowFree:           21720 kB
SwapTotal:        786428 kB
SwapFree:         734380 kB
Dirty:                40 kB
Writeback:             0 kB
AnonPages:        475420 kB
Mapped:           350384 kB
Shmem:               964 kB
Slab:              52680 kB
SReclaimable:      17100 kB
SUnreclaim:        35580 kB
KernelStack:       11744 kB
PageTables:        33520 kB
NFS_Unstable:          0 kB
Bounce:                0 kB
WritebackTmp:          0 kB
CommitLimit:     1479712 kB
Committed_AS:   73465444 kB
VmallocTotal:     319488 kB
VmallocUsed:       15436 kB
VmallocChunk:     183308 kB
Time pass: 147 sec

---2015-11-24 16:21:55
MemTotal:        1386568 kB
MemFree:           31628 kB
Buffers:           11540 kB
Cached:           563744 kB
SwapCached:         4908 kB
Active:           519072 kB
Inactive:         530468 kB
Active(anon):     234972 kB
Inactive(anon):   243380 kB
Active(file):     284100 kB
Inactive(file):   287088 kB
Unevictable:        3132 kB
Mlocked:               0 kB
HighTotal:        849920 kB
HighFree:           9524 kB
LowTotal:         536648 kB
LowFree:           22104 kB
SwapTotal:        786428 kB
SwapFree:         734380 kB
Dirty:                28 kB
Writeback:             0 kB
AnonPages:        475744 kB
Mapped:           350336 kB
Shmem:               964 kB
Slab:              52584 kB
SReclaimable:      17100 kB
SUnreclaim:        35484 kB
KernelStack:       11744 kB
PageTables:        33520 kB
NFS_Unstable:          0 kB
Bounce:                0 kB
WritebackTmp:          0 kB
CommitLimit:     1479712 kB
Committed_AS:   73469760 kB
VmallocTotal:     319488 kB
VmallocUsed:       15368 kB
VmallocChunk:     183308 kB
Time pass: 150 sec

---2015-11-24 16:21:55
MemTotal:        1386568 kB
MemFree:           31208 kB
Buffers:           11556 kB
Cached:           563764 kB
SwapCached:         4908 kB
Active:           519524 kB
Inactive:         530504 kB
Active(anon):     235424 kB
Inactive(anon):   243400 kB
Active(file):     284100 kB
Inactive(file):   287104 kB
Unevictable:        3132 kB
Mlocked:               0 kB
HighTotal:        849920 kB
HighFree:           9460 kB
LowTotal:         536648 kB
LowFree:           21748 kB
SwapTotal:        786428 kB
SwapFree:         734380 kB
Dirty:                44 kB
Writeback:             0 kB
AnonPages:        476184 kB
Mapped:           350404 kB
Shmem:               984 kB
Slab:              52620 kB
SReclaimable:      17104 kB
SUnreclaim:        35516 kB
KernelStack:       11752 kB
PageTables:        33536 kB
NFS_Unstable:          0 kB
Bounce:                0 kB
WritebackTmp:          0 kB
CommitLimit:     1479712 kB
Committed_AS:   73469884 kB
VmallocTotal:     319488 kB
VmallocUsed:       15436 kB
VmallocChunk:     183308 kB
Time pass: 154 sec

---2015-11-24 16:21:55
MemTotal:        1386568 kB
MemFree:           30712 kB
Buffers:           11564 kB
Cached:           563768 kB
SwapCached:         4908 kB
Active:           519908 kB
Inactive:         530516 kB
Active(anon):     235808 kB
Inactive(anon):   243404 kB
Active(file):     284100 kB
Inactive(file):   287112 kB
Unevictable:        3132 kB
Mlocked:               0 kB
HighTotal:        849920 kB
HighFree:           9552 kB
LowTotal:         536648 kB
LowFree:           21160 kB
SwapTotal:        786428 kB
SwapFree:         734380 kB
Dirty:                28 kB
Writeback:             0 kB
AnonPages:        476624 kB
Mapped:           350408 kB
Shmem:               988 kB
Slab:              52588 kB
SReclaimable:      17104 kB
SUnreclaim:        35484 kB
KernelStack:       11736 kB
PageTables:        33532 kB
NFS_Unstable:          0 kB
Bounce:                0 kB
WritebackTmp:          0 kB
CommitLimit:     1479712 kB
Committed_AS:   73469852 kB
VmallocTotal:     319488 kB
VmallocUsed:       15436 kB
VmallocChunk:     183308 kB
Time pass: 158 sec

---2015-11-24 16:21:55
MemTotal:        1386568 kB
MemFree:           30008 kB
Buffers:           11580 kB
Cached:           563772 kB
SwapCached:         4908 kB
Active:           520620 kB
Inactive:         530524 kB
Active(anon):     236520 kB
Inactive(anon):   243396 kB
Active(file):     284100 kB
Inactive(file):   287128 kB
Unevictable:        3132 kB
Mlocked:               0 kB
HighTotal:        849920 kB
HighFree:           8956 kB
LowTotal:         536648 kB
LowFree:           21052 kB
SwapTotal:        786428 kB
SwapFree:         734396 kB
Dirty:                44 kB
Writeback:             0 kB
AnonPages:        477228 kB
Mapped:           350364 kB
Shmem:               992 kB
Slab:              52652 kB
SReclaimable:      17104 kB
SUnreclaim:        35548 kB
KernelStack:       11736 kB
PageTables:        33528 kB
NFS_Unstable:          0 kB
Bounce:                0 kB
WritebackTmp:          0 kB
CommitLimit:     1479712 kB
Committed_AS:   73470200 kB
VmallocTotal:     319488 kB
VmallocUsed:       15368 kB
VmallocChunk:     183308 kB
Time pass: 162 sec

---2015-11-24 16:21:55
MemTotal:        1386568 kB
MemFree:           28648 kB
Buffers:           11596 kB
Cached:           563772 kB
SwapCached:         4908 kB
Active:           521348 kB
Inactive:         530540 kB
Active(anon):     237248 kB
Inactive(anon):   243396 kB
Active(file):     284100 kB
Inactive(file):   287144 kB
Unevictable:        3132 kB
Mlocked:               0 kB
HighTotal:        849920 kB
HighFree:           8808 kB
LowTotal:         536648 kB
LowFree:           19840 kB
SwapTotal:        786428 kB
SwapFree:         734396 kB
Dirty:                40 kB
Writeback:             0 kB
AnonPages:        478076 kB
Mapped:           350412 kB
Shmem:               992 kB
Slab:              52592 kB
SReclaimable:      17104 kB
SUnreclaim:        35488 kB
KernelStack:       11736 kB
PageTables:        33528 kB
NFS_Unstable:          0 kB
Bounce:                0 kB
WritebackTmp:          0 kB
CommitLimit:     1479712 kB
Committed_AS:   73470272 kB
VmallocTotal:     319488 kB
VmallocUsed:       15436 kB
VmallocChunk:     183308 kB
Time pass: 165 sec

---2015-11-24 16:21:55
MemTotal:        1386568 kB
MemFree:           29872 kB
Buffers:           11596 kB
Cached:           563940 kB
SwapCached:         4908 kB
Active:           521220 kB
Inactive:         530704 kB
Active(anon):     237120 kB
Inactive(anon):   243560 kB
Active(file):     284100 kB
Inactive(file):   287144 kB
Unevictable:        3132 kB
Mlocked:               0 kB
HighTotal:        849920 kB
HighFree:           8804 kB
LowTotal:         536648 kB
LowFree:           21068 kB
SwapTotal:        786428 kB
SwapFree:         734396 kB
Dirty:                40 kB
Writeback:             0 kB
AnonPages:        477812 kB
Mapped:           350432 kB
Shmem:              1160 kB
Slab:              52624 kB
SReclaimable:      17104 kB
SUnreclaim:        35520 kB
KernelStack:       11696 kB
PageTables:        33536 kB
NFS_Unstable:          0 kB
Bounce:                0 kB
WritebackTmp:          0 kB
CommitLimit:     1479712 kB
Committed_AS:   73470328 kB
VmallocTotal:     319488 kB
VmallocUsed:       15436 kB
VmallocChunk:     183308 kB
Time pass: 169 sec

---2015-11-24 16:21:55
MemTotal:        1386568 kB
MemFree:           28836 kB
Buffers:           11620 kB
Cached:           563992 kB
SwapCached:         4908 kB
Active:           521628 kB
Inactive:         530736 kB
Active(anon):     237528 kB
Inactive(anon):   243548 kB
Active(file):     284100 kB
Inactive(file):   287188 kB
Unevictable:        3132 kB
Mlocked:               0 kB
HighTotal:        849920 kB
HighFree:           9604 kB
LowTotal:         536648 kB
LowFree:           19232 kB
SwapTotal:        786428 kB
SwapFree:         734396 kB
Dirty:                40 kB
Writeback:             0 kB
AnonPages:        478188 kB
Mapped:           350616 kB
Shmem:              1192 kB
Slab:              52624 kB
SReclaimable:      17104 kB
SUnreclaim:        35520 kB
KernelStack:       11728 kB
PageTables:        33532 kB
NFS_Unstable:          0 kB
Bounce:                0 kB
WritebackTmp:          0 kB
CommitLimit:     1479712 kB
Committed_AS:   73470568 kB
VmallocTotal:     319488 kB
VmallocUsed:       15436 kB
VmallocChunk:     183308 kB
Time pass: 173 sec

---2015-11-24 16:21:55
MemTotal:        1386568 kB
MemFree:           28172 kB
Buffers:           11620 kB
Cached:           563992 kB
SwapCached:         4904 kB
Active:           521824 kB
Inactive:         530716 kB
Active(anon):     237724 kB
Inactive(anon):   243528 kB
Active(file):     284100 kB
Inactive(file):   287188 kB
Unevictable:        3132 kB
Mlocked:               0 kB
HighTotal:        849920 kB
HighFree:           8888 kB
LowTotal:         536648 kB
LowFree:           19284 kB
SwapTotal:        786428 kB
SwapFree:         734432 kB
Dirty:                 0 kB
Writeback:             0 kB
AnonPages:        478368 kB
Mapped:           350616 kB
Shmem:              1192 kB
Slab:              52720 kB
SReclaimable:      17104 kB
SUnreclaim:        35616 kB
KernelStack:       11688 kB
PageTables:        33536 kB
NFS_Unstable:          0 kB
Bounce:                0 kB
WritebackTmp:          0 kB
CommitLimit:     1479712 kB
Committed_AS:   73470608 kB
VmallocTotal:     319488 kB
VmallocUsed:       15436 kB
VmallocChunk:     183308 kB
Time pass: 177 sec

---2015-11-24 16:21:55
MemTotal:        1386568 kB
MemFree:           28716 kB
Buffers:           11644 kB
Cached:           564248 kB
SwapCached:         4904 kB
Active:           522104 kB
Inactive:         530780 kB
Active(anon):     238004 kB
Inactive(anon):   243368 kB
Active(file):     284100 kB
Inactive(file):   287412 kB
Unevictable:        3132 kB
Mlocked:               0 kB
HighTotal:        849920 kB
HighFree:          10108 kB
LowTotal:         536648 kB
LowFree:           18608 kB
SwapTotal:        786428 kB
SwapFree:         734432 kB
Dirty:                32 kB
Writeback:             0 kB
AnonPages:        478472 kB
Mapped:           350580 kB
Shmem:              1192 kB
Slab:              52752 kB
SReclaimable:      17104 kB
SUnreclaim:        35648 kB
KernelStack:       11728 kB
PageTables:        33540 kB
NFS_Unstable:          0 kB
Bounce:                0 kB
WritebackTmp:          0 kB
CommitLimit:     1479712 kB
Committed_AS:   73470196 kB
VmallocTotal:     319488 kB
VmallocUsed:       15368 kB
VmallocChunk:     183308 kB
Time pass: 180 sec

---2015-11-24 16:21:55
MemTotal:        1386568 kB
MemFree:           26976 kB
Buffers:           11644 kB
Cached:           564236 kB
SwapCached:         4904 kB
Active:           522708 kB
Inactive:         530756 kB
Active(anon):     238608 kB
Inactive(anon):   243300 kB
Active(file):     284100 kB
Inactive(file):   287456 kB
Unevictable:        3132 kB
Mlocked:               0 kB
HighTotal:        849920 kB
HighFree:           9244 kB
LowTotal:         536648 kB
LowFree:           17732 kB
SwapTotal:        786428 kB
SwapFree:         734432 kB
Dirty:                 0 kB
Writeback:             0 kB
AnonPages:        478876 kB
Mapped:           350640 kB
Shmem:              1192 kB
Slab:              52720 kB
SReclaimable:      17104 kB
SUnreclaim:        35616 kB
KernelStack:       11736 kB
PageTables:        33536 kB
NFS_Unstable:          0 kB
Bounce:                0 kB
WritebackTmp:          0 kB
CommitLimit:     1479712 kB
Committed_AS:   73470344 kB
VmallocTotal:     319488 kB
VmallocUsed:       15436 kB
VmallocChunk:     183308 kB
Time pass: 184 sec

---2015-11-24 16:21:55
MemTotal:        1386568 kB
MemFree:           27908 kB
Buffers:           11668 kB
Cached:           564368 kB
SwapCached:         4904 kB
Active:           521960 kB
Inactive:         530872 kB
Active(anon):     237860 kB
Inactive(anon):   243312 kB
Active(file):     284100 kB
Inactive(file):   287560 kB
Unevictable:        3132 kB
Mlocked:               0 kB
HighTotal:        849920 kB
HighFree:           9320 kB
LowTotal:         536648 kB
LowFree:           18588 kB
SwapTotal:        786428 kB
SwapFree:         734432 kB
Dirty:                40 kB
Writeback:             0 kB
AnonPages:        478360 kB
Mapped:           350552 kB
Shmem:              1244 kB
Slab:              52656 kB
SReclaimable:      17104 kB
SUnreclaim:        35552 kB
KernelStack:       11744 kB
PageTables:        33540 kB
NFS_Unstable:          0 kB
Bounce:                0 kB
WritebackTmp:          0 kB
CommitLimit:     1479712 kB
Committed_AS:   73470368 kB
VmallocTotal:     319488 kB
VmallocUsed:       15436 kB
VmallocChunk:     183308 kB
Time pass: 188 sec

---2015-11-24 16:21:55
MemTotal:        1386568 kB
MemFree:           27416 kB
Buffers:           11668 kB
Cached:           564368 kB
SwapCached:         4904 kB
Active:           522000 kB
Inactive:         530872 kB
Active(anon):     237900 kB
Inactive(anon):   243312 kB
Active(file):     284100 kB
Inactive(file):   287560 kB
Unevictable:        3132 kB
Mlocked:               0 kB
HighTotal:        849920 kB
HighFree:           9256 kB
LowTotal:         536648 kB
LowFree:           18160 kB
SwapTotal:        786428 kB
SwapFree:         734432 kB
Dirty:                 0 kB
Writeback:             0 kB
AnonPages:        478412 kB
Mapped:           350700 kB
Shmem:              1244 kB
Slab:              52848 kB
SReclaimable:      17104 kB
SUnreclaim:        35744 kB
KernelStack:       11728 kB
PageTables:        33540 kB
NFS_Unstable:          0 kB
Bounce:                0 kB
WritebackTmp:          0 kB
CommitLimit:     1479712 kB
Committed_AS:   73470548 kB
VmallocTotal:     319488 kB
VmallocUsed:       15436 kB
VmallocChunk:     183308 kB
Time pass: 192 sec

---2015-11-24 16:21:55
MemTotal:        1386568 kB
MemFree:           26800 kB
Buffers:           11692 kB
Cached:           564376 kB
SwapCached:         4904 kB
Active:           523080 kB
Inactive:         530896 kB
Active(anon):     238972 kB
Inactive(anon):   243312 kB
Active(file):     284108 kB
Inactive(file):   287584 kB
Unevictable:        3132 kB
Mlocked:               0 kB
HighTotal:        849920 kB
HighFree:           8672 kB
LowTotal:         536648 kB
LowFree:           18128 kB
SwapTotal:        786428 kB
SwapFree:         734484 kB
Dirty:                40 kB
Writeback:            16 kB
AnonPages:        479320 kB
Mapped:           350700 kB
Shmem:              1244 kB
Slab:              52656 kB
SReclaimable:      17104 kB
SUnreclaim:        35552 kB
KernelStack:       11688 kB
PageTables:        33556 kB
NFS_Unstable:          0 kB
Bounce:                0 kB
WritebackTmp:          0 kB
CommitLimit:     1479712 kB
Committed_AS:   73470744 kB
VmallocTotal:     319488 kB
VmallocUsed:       15436 kB
VmallocChunk:     183308 kB
Time pass: 195 sec

---2015-11-24 16:21:55
MemTotal:        1386568 kB
MemFree:           28416 kB
Buffers:           11692 kB
Cached:           564368 kB
SwapCached:         4904 kB
Active:           522576 kB
Inactive:         530884 kB
Active(anon):     238476 kB
Inactive(anon):   243300 kB
Active(file):     284100 kB
Inactive(file):   287584 kB
Unevictable:        3132 kB
Mlocked:               0 kB
HighTotal:        849920 kB
HighFree:           8940 kB
LowTotal:         536648 kB
LowFree:           19476 kB
SwapTotal:        786428 kB
SwapFree:         734516 kB
Dirty:                 0 kB
Writeback:             0 kB
AnonPages:        478952 kB
Mapped:           350700 kB
Shmem:              1244 kB
Slab:              52528 kB
SReclaimable:      17104 kB
SUnreclaim:        35424 kB
KernelStack:       11728 kB
PageTables:        33536 kB
NFS_Unstable:          0 kB
Bounce:                0 kB
WritebackTmp:          0 kB
CommitLimit:     1479712 kB
Committed_AS:   73470808 kB
VmallocTotal:     319488 kB
VmallocUsed:       15436 kB
VmallocChunk:     183308 kB
Time pass: 199 sec

---2015-11-24 16:21:55
MemTotal:        1386568 kB
MemFree:           27236 kB
Buffers:           11700 kB
Cached:           564368 kB
SwapCached:         4904 kB
Active:           523052 kB
Inactive:         530888 kB
Active(anon):     238952 kB
Inactive(anon):   243296 kB
Active(file):     284100 kB
Inactive(file):   287592 kB
Unevictable:        3132 kB
Mlocked:               0 kB
HighTotal:        849920 kB
HighFree:           9032 kB
LowTotal:         536648 kB
LowFree:           18204 kB
SwapTotal:        786428 kB
SwapFree:         734520 kB
Dirty:                28 kB
Writeback:             0 kB
AnonPages:        479388 kB
Mapped:           350652 kB
Shmem:              1244 kB
Slab:              52624 kB
SReclaimable:      17104 kB
SUnreclaim:        35520 kB
KernelStack:       11712 kB
PageTables:        33540 kB
NFS_Unstable:          0 kB
Bounce:                0 kB
WritebackTmp:          0 kB
CommitLimit:     1479712 kB
Committed_AS:   73471032 kB
VmallocTotal:     319488 kB
VmallocUsed:       15368 kB
VmallocChunk:     183308 kB
Time pass: 203 sec

---2015-11-24 16:21:55
MemTotal:        1386568 kB
MemFree:           31196 kB
Buffers:           11648 kB
Cached:           560080 kB
SwapCached:         4908 kB
Active:           520580 kB
Inactive:         528924 kB
Active(anon):     237776 kB
Inactive(anon):   244376 kB
Active(file):     282804 kB
Inactive(file):   284548 kB
Unevictable:        3132 kB
Mlocked:               0 kB
HighTotal:        849920 kB
HighFree:          10396 kB
LowTotal:         536648 kB
LowFree:           20800 kB
SwapTotal:        786428 kB
SwapFree:         734040 kB
Dirty:                 0 kB
Writeback:            16 kB
AnonPages:        479240 kB
Mapped:           350252 kB
Shmem:              1244 kB
Slab:              52628 kB
SReclaimable:      17104 kB
SUnreclaim:        35524 kB
KernelStack:       11728 kB
PageTables:        33540 kB
NFS_Unstable:          0 kB
Bounce:                0 kB
WritebackTmp:          0 kB
CommitLimit:     1479712 kB
Committed_AS:   73471120 kB
VmallocTotal:     319488 kB
VmallocUsed:       15436 kB
VmallocChunk:     183308 kB
Time pass: 207 sec

---2015-11-24 16:21:55
MemTotal:        1386568 kB
MemFree:           29460 kB
Buffers:           11664 kB
Cached:           560080 kB
SwapCached:         4908 kB
Active:           522456 kB
Inactive:         528656 kB
Active(anon):     239652 kB
Inactive(anon):   244092 kB
Active(file):     282804 kB
Inactive(file):   284564 kB
Unevictable:        3132 kB
Mlocked:               0 kB
HighTotal:        849920 kB
HighFree:           8776 kB
LowTotal:         536648 kB
LowFree:           20684 kB
SwapTotal:        786428 kB
SwapFree:         734040 kB
Dirty:                48 kB
Writeback:             0 kB
AnonPages:        480912 kB
Mapped:           350252 kB
Shmem:              1244 kB
Slab:              52636 kB
SReclaimable:      17144 kB
SUnreclaim:        35492 kB
KernelStack:       11728 kB
PageTables:        33564 kB
NFS_Unstable:          0 kB
Bounce:                0 kB
WritebackTmp:          0 kB
CommitLimit:     1479712 kB
Committed_AS:   73480168 kB
VmallocTotal:     319488 kB
VmallocUsed:       15436 kB
VmallocChunk:     183308 kB
Time pass: 211 sec

---2015-11-24 16:21:55
MemTotal:        1386568 kB
MemFree:           31000 kB
Buffers:           11672 kB
Cached:           560100 kB
SwapCached:         4908 kB
Active:           521844 kB
Inactive:         528676 kB
Active(anon):     239040 kB
Inactive(anon):   244112 kB
Active(file):     282804 kB
Inactive(file):   284564 kB
Unevictable:        3132 kB
Mlocked:               0 kB
HighTotal:        849920 kB
HighFree:           9472 kB
LowTotal:         536648 kB
LowFree:           21528 kB
SwapTotal:        786428 kB
SwapFree:         734160 kB
Dirty:                 0 kB
Writeback:             0 kB
AnonPages:        480284 kB
Mapped:           350132 kB
Shmem:              1272 kB
Slab:              52580 kB
SReclaimable:      17120 kB
SUnreclaim:        35460 kB
KernelStack:       11696 kB
PageTables:        33568 kB
NFS_Unstable:          0 kB
Bounce:                0 kB
WritebackTmp:          0 kB
CommitLimit:     1479712 kB
Committed_AS:   73471420 kB
VmallocTotal:     319488 kB
VmallocUsed:       15368 kB
VmallocChunk:     183308 kB
Time pass: 214 sec

---2015-11-24 16:21:55
MemTotal:        1386568 kB
MemFree:           29312 kB
Buffers:           11696 kB
Cached:           560144 kB
SwapCached:         4912 kB
Active:           522612 kB
Inactive:         528748 kB
Active(anon):     239808 kB
Inactive(anon):   244116 kB
Active(file):     282804 kB
Inactive(file):   284632 kB
Unevictable:        3132 kB
Mlocked:               0 kB
HighTotal:        849920 kB
HighFree:           8940 kB
LowTotal:         536648 kB
LowFree:           20372 kB
SwapTotal:        786428 kB
SwapFree:         734160 kB
Dirty:                68 kB
Writeback:             0 kB
AnonPages:        480776 kB
Mapped:           350284 kB
Shmem:              1272 kB
Slab:              52580 kB
SReclaimable:      17120 kB
SUnreclaim:        35460 kB
KernelStack:       11696 kB
PageTables:        33544 kB
NFS_Unstable:          0 kB
Bounce:                0 kB
WritebackTmp:          0 kB
CommitLimit:     1479712 kB
Committed_AS:   73472056 kB
VmallocTotal:     319488 kB
VmallocUsed:       15436 kB
VmallocChunk:     183308 kB
Time pass: 218 sec

---2015-11-24 16:21:55
MemTotal:        1386568 kB
MemFree:           29664 kB
Buffers:           11704 kB
Cached:           560136 kB
SwapCached:         4912 kB
Active:           522676 kB
Inactive:         528748 kB
Active(anon):     239872 kB
Inactive(anon):   244116 kB
Active(file):     282804 kB
Inactive(file):   284632 kB
Unevictable:        3132 kB
Mlocked:               0 kB
HighTotal:        849920 kB
HighFree:           9296 kB
LowTotal:         536648 kB
LowFree:           20368 kB
SwapTotal:        786428 kB
SwapFree:         734160 kB
Dirty:                 0 kB
Writeback:             0 kB
AnonPages:        481208 kB
Mapped:           350284 kB
Shmem:              1272 kB
Slab:              52516 kB
SReclaimable:      17120 kB
SUnreclaim:        35396 kB
KernelStack:       11728 kB
PageTables:        33544 kB
NFS_Unstable:          0 kB
Bounce:                0 kB
WritebackTmp:          0 kB
CommitLimit:     1479712 kB
Committed_AS:   73472284 kB
VmallocTotal:     319488 kB
VmallocUsed:       15436 kB
VmallocChunk:     183308 kB
Time pass: 222 sec

---2015-11-24 16:21:55
MemTotal:        1386568 kB
MemFree:           29160 kB
Buffers:           11720 kB
Cached:           560380 kB
SwapCached:         4908 kB
Active:           522424 kB
Inactive:         529024 kB
Active(anon):     239620 kB
Inactive(anon):   244132 kB
Active(file):     282804 kB
Inactive(file):   284892 kB
Unevictable:        3132 kB
Mlocked:               0 kB
HighTotal:        849920 kB
HighFree:           9516 kB
LowTotal:         536648 kB
LowFree:           19644 kB
SwapTotal:        786428 kB
SwapFree:         734184 kB
Dirty:                40 kB
Writeback:             0 kB
AnonPages:        480840 kB
Mapped:           350348 kB
Shmem:              1272 kB
Slab:              52580 kB
SReclaimable:      17120 kB
SUnreclaim:        35460 kB
KernelStack:       11752 kB
PageTables:        33596 kB
NFS_Unstable:          0 kB
Bounce:                0 kB
WritebackTmp:          0 kB
CommitLimit:     1479712 kB
Committed_AS:   73468184 kB
VmallocTotal:     319488 kB
VmallocUsed:       15436 kB
VmallocChunk:     183308 kB
Time pass: 225 sec

---2015-11-24 16:21:55
MemTotal:        1386568 kB
MemFree:           34544 kB
Buffers:           11720 kB
Cached:           560380 kB
SwapCached:         4908 kB
Active:           517168 kB
Inactive:         529012 kB
Active(anon):     234364 kB
Inactive(anon):   244120 kB
Active(file):     282804 kB
Inactive(file):   284892 kB
Unevictable:        3132 kB
Mlocked:               0 kB
HighTotal:        849920 kB
HighFree:          11868 kB
LowTotal:         536648 kB
LowFree:           22676 kB
SwapTotal:        786428 kB
SwapFree:         734184 kB
Dirty:                 0 kB
Writeback:             0 kB
AnonPages:        475524 kB
Mapped:           350300 kB
Shmem:              1272 kB
Slab:              52868 kB
SReclaimable:      17120 kB
SUnreclaim:        35748 kB
KernelStack:       11696 kB
PageTables:        33544 kB
NFS_Unstable:          0 kB
Bounce:                0 kB
WritebackTmp:          0 kB
CommitLimit:     1479712 kB
Committed_AS:   73468232 kB
VmallocTotal:     319488 kB
VmallocUsed:       15368 kB
VmallocChunk:     183308 kB
Time pass: 229 sec

---2015-11-24 16:21:55
MemTotal:        1386568 kB
MemFree:           35036 kB
Buffers:           11744 kB
Cached:           560380 kB
SwapCached:         4908 kB
Active:           517536 kB
Inactive:         529028 kB
Active(anon):     234732 kB
Inactive(anon):   244112 kB
Active(file):     282804 kB
Inactive(file):   284916 kB
Unevictable:        3132 kB
Mlocked:               0 kB
HighTotal:        849920 kB
HighFree:          11324 kB
LowTotal:         536648 kB
LowFree:           23712 kB
SwapTotal:        786428 kB
SwapFree:         734184 kB
Dirty:                48 kB
Writeback:             0 kB
AnonPages:        475948 kB
Mapped:           350300 kB
Shmem:              1272 kB
Slab:              52648 kB
SReclaimable:      17120 kB
SUnreclaim:        35528 kB
KernelStack:       11696 kB
PageTables:        33544 kB
NFS_Unstable:          0 kB
Bounce:                0 kB
WritebackTmp:          0 kB
CommitLimit:     1479712 kB
Committed_AS:   73468456 kB
VmallocTotal:     319488 kB
VmallocUsed:       15368 kB
VmallocChunk:     183308 kB
Time pass: 233 sec

---2015-11-24 16:21:55
MemTotal:        1386568 kB
MemFree:           33512 kB
Buffers:           11744 kB
Cached:           560380 kB
SwapCached:         4908 kB
Active:           518052 kB
Inactive:         529024 kB
Active(anon):     235248 kB
Inactive(anon):   244108 kB
Active(file):     282804 kB
Inactive(file):   284916 kB
Unevictable:        3132 kB
Mlocked:               0 kB
HighTotal:        849920 kB
HighFree:          10092 kB
LowTotal:         536648 kB
LowFree:           23420 kB
SwapTotal:        786428 kB
SwapFree:         734184 kB
Dirty:                 0 kB
Writeback:             0 kB
AnonPages:        476340 kB
Mapped:           350348 kB
Shmem:              1272 kB
Slab:              52840 kB
SReclaimable:      17120 kB
SUnreclaim:        35720 kB
KernelStack:       11696 kB
PageTables:        33544 kB
NFS_Unstable:          0 kB
Bounce:                0 kB
WritebackTmp:          0 kB
CommitLimit:     1479712 kB
Committed_AS:   73468504 kB
VmallocTotal:     319488 kB
VmallocUsed:       15436 kB
VmallocChunk:     183308 kB
Time pass: 237 sec

---2015-11-24 16:21:55
MemTotal:        1386568 kB
MemFree:           33292 kB
Buffers:           11768 kB
Cached:           560380 kB
SwapCached:         4908 kB
Active:           518128 kB
Inactive:         529024 kB
Active(anon):     235324 kB
Inactive(anon):   244084 kB
Active(file):     282804 kB
Inactive(file):   284940 kB
Unevictable:        3132 kB
Mlocked:               0 kB
HighTotal:        849920 kB
HighFree:           9092 kB
LowTotal:         536648 kB
LowFree:           24200 kB
SwapTotal:        786428 kB
SwapFree:         734184 kB
Dirty:                44 kB
Writeback:             0 kB
AnonPages:        476448 kB
Mapped:           350200 kB
Shmem:              1272 kB
Slab:              52680 kB
SReclaimable:      17120 kB
SUnreclaim:        35560 kB
KernelStack:       11728 kB
PageTables:        33556 kB
NFS_Unstable:          0 kB
Bounce:                0 kB
WritebackTmp:          0 kB
CommitLimit:     1479712 kB
Committed_AS:   73468704 kB
VmallocTotal:     319488 kB
VmallocUsed:       15436 kB
VmallocChunk:     183308 kB
Time pass: 240 sec

---2015-11-24 16:21:55
MemTotal:        1386568 kB
MemFree:           33224 kB
Buffers:           11768 kB
Cached:           560380 kB
SwapCached:         4908 kB
Active:           518176 kB
Inactive:         529024 kB
Active(anon):     235372 kB
Inactive(anon):   244084 kB
Active(file):     282804 kB
Inactive(file):   284940 kB
Unevictable:        3132 kB
Mlocked:               0 kB
HighTotal:        849920 kB
HighFree:           9980 kB
LowTotal:         536648 kB
LowFree:           23244 kB
SwapTotal:        786428 kB
SwapFree:         734184 kB
Dirty:                 0 kB
Writeback:             0 kB
AnonPages:        476448 kB
Mapped:           350348 kB
Shmem:              1272 kB
Slab:              52776 kB
SReclaimable:      17120 kB
SUnreclaim:        35656 kB
KernelStack:       11736 kB
PageTables:        33544 kB
NFS_Unstable:          0 kB
Bounce:                0 kB
WritebackTmp:          0 kB
CommitLimit:     1479712 kB
Committed_AS:   73468856 kB
VmallocTotal:     319488 kB
VmallocUsed:       15436 kB
VmallocChunk:     183308 kB
Time pass: 244 sec

---2015-11-24 16:21:55
MemTotal:        1386568 kB
MemFree:           32732 kB
Buffers:           11792 kB
Cached:           560380 kB
SwapCached:         4908 kB
Active:           518552 kB
Inactive:         529028 kB
Active(anon):     235748 kB
Inactive(anon):   244064 kB
Active(file):     282804 kB
Inactive(file):   284964 kB
Unevictable:        3132 kB
Mlocked:               0 kB
HighTotal:        849920 kB
HighFree:           8868 kB
LowTotal:         536648 kB
LowFree:           23864 kB
SwapTotal:        786428 kB
SwapFree:         734188 kB
Dirty:                44 kB
Writeback:             0 kB
AnonPages:        477052 kB
Mapped:           350348 kB
Shmem:              1272 kB
Slab:              52624 kB
SReclaimable:      17120 kB
SUnreclaim:        35504 kB
KernelStack:       11736 kB
PageTables:        33548 kB
NFS_Unstable:          0 kB
Bounce:                0 kB
WritebackTmp:          0 kB
CommitLimit:     1479712 kB
Committed_AS:   73468912 kB
VmallocTotal:     319488 kB
VmallocUsed:       15436 kB
VmallocChunk:     183308 kB
Time pass: 248 sec

---2015-11-24 16:21:55
MemTotal:        1386568 kB
MemFree:           32980 kB
Buffers:           11808 kB
Cached:           560364 kB
SwapCached:         4908 kB
Active:           518540 kB
Inactive:         529028 kB
Active(anon):     235736 kB
Inactive(anon):   244064 kB
Active(file):     282804 kB
Inactive(file):   284964 kB
Unevictable:        3132 kB
Mlocked:               0 kB
HighTotal:        849920 kB
HighFree:           9072 kB
LowTotal:         536648 kB
LowFree:           23908 kB
SwapTotal:        786428 kB
SwapFree:         734188 kB
Dirty:                 0 kB
Writeback:             0 kB
AnonPages:        476728 kB
Mapped:           350348 kB
Shmem:              1272 kB
Slab:              52816 kB
SReclaimable:      17120 kB
SUnreclaim:        35696 kB
KernelStack:       11704 kB
PageTables:        33544 kB
NFS_Unstable:          0 kB
Bounce:                0 kB
WritebackTmp:          0 kB
CommitLimit:     1479712 kB
Committed_AS:   73469100 kB
VmallocTotal:     319488 kB
VmallocUsed:       15436 kB
VmallocChunk:     183308 kB
Time pass: 252 sec

---2015-11-24 16:21:55
MemTotal:        1386568 kB
MemFree:           33220 kB
Buffers:           11808 kB
Cached:           560380 kB
SwapCached:         4904 kB
Active:           518788 kB
Inactive:         529028 kB
Active(anon):     235984 kB
Inactive(anon):   244048 kB
Active(file):     282804 kB
Inactive(file):   284980 kB
Unevictable:        3132 kB
Mlocked:               0 kB
HighTotal:        849920 kB
HighFree:           8760 kB
LowTotal:         536648 kB
LowFree:           24460 kB
SwapTotal:        786428 kB
SwapFree:         734396 kB
Dirty:                40 kB
Writeback:             0 kB
AnonPages:        477240 kB
Mapped:           350288 kB
Shmem:              1272 kB
Slab:              52812 kB
SReclaimable:      17120 kB
SUnreclaim:        35692 kB
KernelStack:       11680 kB
PageTables:        33512 kB
NFS_Unstable:          0 kB
Bounce:                0 kB
WritebackTmp:          0 kB
CommitLimit:     1479712 kB
Committed_AS:   73460704 kB
VmallocTotal:     319488 kB
VmallocUsed:       15436 kB
VmallocChunk:     183308 kB
Time pass: 255 sec

---2015-11-24 16:21:55
MemTotal:        1386568 kB
MemFree:           33416 kB
Buffers:           11816 kB
Cached:           560380 kB
SwapCached:         4904 kB
Active:           518796 kB
Inactive:         529036 kB
Active(anon):     235992 kB
Inactive(anon):   244048 kB
Active(file):     282804 kB
Inactive(file):   284988 kB
Unevictable:        3132 kB
Mlocked:               0 kB
HighTotal:        849920 kB
HighFree:           8996 kB
LowTotal:         536648 kB
LowFree:           24420 kB
SwapTotal:        786428 kB
SwapFree:         734396 kB
Dirty:                28 kB
Writeback:             0 kB
AnonPages:        477272 kB
Mapped:           350344 kB
Shmem:              1272 kB
Slab:              52588 kB
SReclaimable:      17120 kB
SUnreclaim:        35468 kB
KernelStack:       11688 kB
PageTables:        33524 kB
NFS_Unstable:          0 kB
Bounce:                0 kB
WritebackTmp:          0 kB
CommitLimit:     1479712 kB
Committed_AS:   73460860 kB
VmallocTotal:     319488 kB
VmallocUsed:       15436 kB
VmallocChunk:     183308 kB
Time pass: 259 sec

---2015-11-24 16:21:55
MemTotal:        1386568 kB
MemFree:           32976 kB
Buffers:           11832 kB
Cached:           560380 kB
SwapCached:         4904 kB
Active:           519192 kB
Inactive:         529044 kB
Active(anon):     236388 kB
Inactive(anon):   244040 kB
Active(file):     282804 kB
Inactive(file):   285004 kB
Unevictable:        3132 kB
Mlocked:               0 kB
HighTotal:        849920 kB
HighFree:          10148 kB
LowTotal:         536648 kB
LowFree:           22828 kB
SwapTotal:        786428 kB
SwapFree:         734400 kB
Dirty:                36 kB
Writeback:             0 kB
AnonPages:        477496 kB
Mapped:           350296 kB
Shmem:              1272 kB
Slab:              52716 kB
SReclaimable:      17120 kB
SUnreclaim:        35596 kB
KernelStack:       11688 kB
PageTables:        33528 kB
NFS_Unstable:          0 kB
Bounce:                0 kB
WritebackTmp:          0 kB
CommitLimit:     1479712 kB
Committed_AS:   73461100 kB
VmallocTotal:     319488 kB
VmallocUsed:       15368 kB
VmallocChunk:     183308 kB
Time pass: 263 sec

---2015-11-24 16:21:55
MemTotal:        1386568 kB
MemFree:           32536 kB
Buffers:           11840 kB
Cached:           560380 kB
SwapCached:         4904 kB
Active:           519152 kB
Inactive:         529052 kB
Active(anon):     236348 kB
Inactive(anon):   244040 kB
Active(file):     282804 kB
Inactive(file):   285012 kB
Unevictable:        3132 kB
Mlocked:               0 kB
HighTotal:        849920 kB
HighFree:           9816 kB
LowTotal:         536648 kB
LowFree:           22720 kB
SwapTotal:        786428 kB
SwapFree:         734400 kB
Dirty:                28 kB
Writeback:             0 kB
AnonPages:        477476 kB
Mapped:           350344 kB
Shmem:              1272 kB
Slab:              52684 kB
SReclaimable:      17120 kB
SUnreclaim:        35564 kB
KernelStack:       11688 kB
PageTables:        33528 kB
NFS_Unstable:          0 kB
Bounce:                0 kB
WritebackTmp:          0 kB
CommitLimit:     1479712 kB
Committed_AS:   73461180 kB
VmallocTotal:     319488 kB
VmallocUsed:       15436 kB
VmallocChunk:     183308 kB
Time pass: 267 sec

---2015-11-24 16:21:55
MemTotal:        1386568 kB
MemFree:           33180 kB
Buffers:           11856 kB
Cached:           560380 kB
SwapCached:         4904 kB
Active:           519272 kB
Inactive:         529060 kB
Active(anon):     236468 kB
Inactive(anon):   244032 kB
Active(file):     282804 kB
Inactive(file):   285028 kB
Unevictable:        3132 kB
Mlocked:               0 kB
HighTotal:        849920 kB
HighFree:          10268 kB
LowTotal:         536648 kB
LowFree:           22912 kB
SwapTotal:        786428 kB
SwapFree:         734400 kB
Dirty:                44 kB
Writeback:             0 kB
AnonPages:        477708 kB
Mapped:           350296 kB
Shmem:              1272 kB
Slab:              52748 kB
SReclaimable:      17120 kB
SUnreclaim:        35628 kB
KernelStack:       11688 kB
PageTables:        33528 kB
NFS_Unstable:          0 kB
Bounce:                0 kB
WritebackTmp:          0 kB
CommitLimit:     1479712 kB
Committed_AS:   73461420 kB
VmallocTotal:     319488 kB
VmallocUsed:       15368 kB
VmallocChunk:     183308 kB
Time pass: 271 sec

---2015-11-24 16:21:55
MemTotal:        1386568 kB
MemFree:           31748 kB
Buffers:           11864 kB
Cached:           560380 kB
SwapCached:         4904 kB
Active:           519588 kB
Inactive:         529068 kB
Active(anon):     236784 kB
Inactive(anon):   244032 kB
Active(file):     282804 kB
Inactive(file):   285036 kB
Unevictable:        3132 kB
Mlocked:               0 kB
HighTotal:        849920 kB
HighFree:           9644 kB
LowTotal:         536648 kB
LowFree:           22104 kB
SwapTotal:        786428 kB
SwapFree:         734400 kB
Dirty:                28 kB
Writeback:             0 kB
AnonPages:        477988 kB
Mapped:           350344 kB
Shmem:              1272 kB
Slab:              52720 kB
SReclaimable:      17120 kB
SUnreclaim:        35600 kB
KernelStack:       11688 kB
PageTables:        33528 kB
NFS_Unstable:          0 kB
Bounce:                0 kB
WritebackTmp:          0 kB
CommitLimit:     1479712 kB
Committed_AS:   73461492 kB
VmallocTotal:     319488 kB
VmallocUsed:       15436 kB
VmallocChunk:     183308 kB
Time pass: 274 sec

---2015-11-24 16:21:55
MemTotal:        1386568 kB
MemFree:           31672 kB
Buffers:           11880 kB
Cached:           560384 kB
SwapCached:         4900 kB
Active:           519868 kB
Inactive:         529084 kB
Active(anon):     237064 kB
Inactive(anon):   244032 kB
Active(file):     282804 kB
Inactive(file):   285052 kB
Unevictable:        3132 kB
Mlocked:               0 kB
HighTotal:        849920 kB
HighFree:           8960 kB
LowTotal:         536648 kB
LowFree:           22712 kB
SwapTotal:        786428 kB
SwapFree:         734404 kB
Dirty:                40 kB
Writeback:             0 kB
AnonPages:        478032 kB
Mapped:           350344 kB
Shmem:              1272 kB
Slab:              52624 kB
SReclaimable:      17120 kB
SUnreclaim:        35504 kB
KernelStack:       11680 kB
PageTables:        33528 kB
NFS_Unstable:          0 kB
Bounce:                0 kB
WritebackTmp:          0 kB
CommitLimit:     1479712 kB
Committed_AS:   73461572 kB
VmallocTotal:     319488 kB
VmallocUsed:       15436 kB
VmallocChunk:     183308 kB
Time pass: 278 sec

---2015-11-24 16:21:55
MemTotal:        1386568 kB
MemFree:           31828 kB
Buffers:           11896 kB
Cached:           560388 kB
SwapCached:         4900 kB
Active:           520204 kB
Inactive:         529108 kB
Active(anon):     237400 kB
Inactive(anon):   244040 kB
Active(file):     282804 kB
Inactive(file):   285068 kB
Unevictable:        3132 kB
Mlocked:               0 kB
HighTotal:        849920 kB
HighFree:           9060 kB
LowTotal:         536648 kB
LowFree:           22768 kB
SwapTotal:        786428 kB
SwapFree:         734404 kB
Dirty:                40 kB
Writeback:             0 kB
AnonPages:        478616 kB
Mapped:           350204 kB
Shmem:              1280 kB
Slab:              52528 kB
SReclaimable:      17120 kB
SUnreclaim:        35408 kB
KernelStack:       11680 kB
PageTables:        33532 kB
NFS_Unstable:          0 kB
Bounce:                0 kB
WritebackTmp:          0 kB
CommitLimit:     1479712 kB
Committed_AS:   73465872 kB
VmallocTotal:     319488 kB
VmallocUsed:       15436 kB
VmallocChunk:     183308 kB
Time pass: 282 sec

---2015-11-24 16:21:55
MemTotal:        1386568 kB
MemFree:           31336 kB
Buffers:           11904 kB
Cached:           560380 kB
SwapCached:         4900 kB
Active:           520344 kB
Inactive:         529100 kB
Active(anon):     237540 kB
Inactive(anon):   244032 kB
Active(file):     282804 kB
Inactive(file):   285068 kB
Unevictable:        3132 kB
Mlocked:               0 kB
HighTotal:        849920 kB
HighFree:           9392 kB
LowTotal:         536648 kB
LowFree:           21944 kB
SwapTotal:        786428 kB
SwapFree:         734404 kB
Dirty:                28 kB
Writeback:             0 kB
AnonPages:        478604 kB
Mapped:           350296 kB
Shmem:              1280 kB
Slab:              52624 kB
SReclaimable:      17120 kB
SUnreclaim:        35504 kB
KernelStack:       11696 kB
PageTables:        33516 kB
NFS_Unstable:          0 kB
Bounce:                0 kB
WritebackTmp:          0 kB
CommitLimit:     1479712 kB
Committed_AS:   73465964 kB
VmallocTotal:     319488 kB
VmallocUsed:       15436 kB
VmallocChunk:     183308 kB
Time pass: 285 sec

---2015-11-24 16:21:55
MemTotal:        1386568 kB
MemFree:           30732 kB
Buffers:           11920 kB
Cached:           560388 kB
SwapCached:         4900 kB
Active:           520776 kB
Inactive:         529116 kB
Active(anon):     237972 kB
Inactive(anon):   244024 kB
Active(file):     282804 kB
Inactive(file):   285092 kB
Unevictable:        3132 kB
Mlocked:               0 kB
HighTotal:        849920 kB
HighFree:           8892 kB
LowTotal:         536648 kB
LowFree:           21840 kB
SwapTotal:        786428 kB
SwapFree:         734408 kB
Dirty:                40 kB
Writeback:             0 kB
AnonPages:        479004 kB
Mapped:           350352 kB
Shmem:              1280 kB
Slab:              52528 kB
SReclaimable:      17120 kB
SUnreclaim:        35408 kB
KernelStack:       11720 kB
PageTables:        33536 kB
NFS_Unstable:          0 kB
Bounce:                0 kB
WritebackTmp:          0 kB
CommitLimit:     1479712 kB
Committed_AS:   73466052 kB
VmallocTotal:     319488 kB
VmallocUsed:       15436 kB
VmallocChunk:     183308 kB
Time pass: 289 sec

---2015-11-24 16:21:55
MemTotal:        1386568 kB
MemFree:           28652 kB
Buffers:           11968 kB
Cached:           560388 kB
SwapCached:         4896 kB
Active:           523452 kB
Inactive:         528972 kB
Active(anon):     240484 kB
Inactive(anon):   243996 kB
Active(file):     282968 kB
Inactive(file):   284976 kB
Unevictable:        3132 kB
Mlocked:               0 kB
HighTotal:        849920 kB
HighFree:           9148 kB
LowTotal:         536648 kB
LowFree:           19504 kB
SwapTotal:        786428 kB
SwapFree:         734416 kB
Dirty:               116 kB
Writeback:             0 kB
AnonPages:        481312 kB
Mapped:           350628 kB
Shmem:              1280 kB
Slab:              52656 kB
SReclaimable:      17120 kB
SUnreclaim:        35536 kB
KernelStack:       11680 kB
PageTables:        33548 kB
NFS_Unstable:          0 kB
Bounce:                0 kB
WritebackTmp:          0 kB
CommitLimit:     1479712 kB
Committed_AS:   73470460 kB
VmallocTotal:     319488 kB
VmallocUsed:       15436 kB
VmallocChunk:     183308 kB
Time pass: 293 sec

---2015-11-24 16:21:55
MemTotal:        1386568 kB
MemFree:           27956 kB
Buffers:           11984 kB
Cached:           560388 kB
SwapCached:         4896 kB
Active:           524128 kB
Inactive:         528956 kB
Active(anon):     241160 kB
Inactive(anon):   243964 kB
Active(file):     282968 kB
Inactive(file):   284992 kB
Unevictable:        3132 kB
Mlocked:               0 kB
HighTotal:        849920 kB
HighFree:           9416 kB
LowTotal:         536648 kB
LowFree:           18540 kB
SwapTotal:        786428 kB
SwapFree:         734416 kB
Dirty:                 0 kB
Writeback:             0 kB
AnonPages:        482208 kB
Mapped:           350628 kB
Shmem:              1280 kB
Slab:              52624 kB
SReclaimable:      17120 kB
SUnreclaim:        35504 kB
KernelStack:       11712 kB
PageTables:        33556 kB
NFS_Unstable:          0 kB
Bounce:                0 kB
WritebackTmp:          0 kB
CommitLimit:     1479712 kB
Committed_AS:   73470508 kB
VmallocTotal:     319488 kB
VmallocUsed:       15436 kB
VmallocChunk:     183308 kB
Time pass: 297 sec

---2015-11-24 16:21:55
MemTotal:        1386568 kB
MemFree:           28244 kB
Buffers:           11984 kB
Cached:           560460 kB
SwapCached:         4896 kB
Active:           524128 kB
Inactive:         529028 kB
Active(anon):     241160 kB
Inactive(anon):   244036 kB
Active(file):     282968 kB
Inactive(file):   284992 kB
Unevictable:        3132 kB
Mlocked:               0 kB
HighTotal:        849920 kB
HighFree:           9956 kB
LowTotal:         536648 kB
LowFree:           18288 kB
SwapTotal:        786428 kB
SwapFree:         734416 kB
Dirty:                 0 kB
Writeback:             0 kB
AnonPages:        482120 kB
Mapped:           350700 kB
Shmem:              1352 kB
Slab:              52656 kB
SReclaimable:      17120 kB
SUnreclaim:        35536 kB
KernelStack:       11720 kB
PageTables:        33552 kB
NFS_Unstable:          0 kB
Bounce:                0 kB
WritebackTmp:          0 kB
CommitLimit:     1479712 kB
Committed_AS:   73470692 kB
VmallocTotal:     319488 kB
VmallocUsed:       15436 kB
VmallocChunk:     183308 kB
Time pass: 300 sec

---2015-11-24 16:21:55
MemTotal:        1386568 kB
MemFree:           27200 kB
Buffers:           12008 kB
Cached:           560896 kB
SwapCached:         4892 kB
Active:           523616 kB
Inactive:         529484 kB
Active(anon):     240648 kB
Inactive(anon):   244040 kB
Active(file):     282968 kB
Inactive(file):   285444 kB
Unevictable:        3132 kB
Mlocked:               0 kB
HighTotal:        849920 kB
HighFree:           9176 kB
LowTotal:         536648 kB
LowFree:           18024 kB
SwapTotal:        786428 kB
SwapFree:         734420 kB
Dirty:                44 kB
Writeback:             0 kB
AnonPages:        481508 kB
Mapped:           350748 kB
Shmem:              1360 kB
Slab:              52688 kB
SReclaimable:      17120 kB
SUnreclaim:        35568 kB
KernelStack:       11720 kB
PageTables:        33556 kB
NFS_Unstable:          0 kB
Bounce:                0 kB
WritebackTmp:          0 kB
CommitLimit:     1479712 kB
Committed_AS:   73471996 kB
VmallocTotal:     319488 kB
VmallocUsed:       15436 kB
VmallocChunk:     183308 kB
Time pass: 304 sec

---2015-11-24 16:21:55
MemTotal:        1386568 kB
MemFree:           26788 kB
Buffers:           12008 kB
Cached:           560896 kB
SwapCached:         4892 kB
Active:           523944 kB
Inactive:         529484 kB
Active(anon):     240976 kB
Inactive(anon):   244040 kB
Active(file):     282968 kB
Inactive(file):   285444 kB
Unevictable:        3132 kB
Mlocked:               0 kB
HighTotal:        849920 kB
HighFree:           8772 kB
LowTotal:         536648 kB
LowFree:           18016 kB
SwapTotal:        786428 kB
SwapFree:         734420 kB
Dirty:                 0 kB
Writeback:             0 kB
AnonPages:        481796 kB
Mapped:           350748 kB
Shmem:              1360 kB
Slab:              52944 kB
SReclaimable:      17120 kB
SUnreclaim:        35824 kB
KernelStack:       11712 kB
PageTables:        33560 kB
NFS_Unstable:          0 kB
Bounce:                0 kB
WritebackTmp:          0 kB
CommitLimit:     1479712 kB
Committed_AS:   73472012 kB
VmallocTotal:     319488 kB
VmallocUsed:       15436 kB
VmallocChunk:     183308 kB
Time pass: 308 sec

---2015-11-24 16:21:55
MemTotal:        1386568 kB
MemFree:           30096 kB
Buffers:           12032 kB
Cached:           560880 kB
SwapCached:         4892 kB
Active:           521344 kB
Inactive:         529476 kB
Active(anon):     238376 kB
Inactive(anon):   244024 kB
Active(file):     282968 kB
Inactive(file):   285452 kB
Unevictable:        3132 kB
Mlocked:               0 kB
HighTotal:        849920 kB
HighFree:          11048 kB
LowTotal:         536648 kB
LowFree:           19048 kB
SwapTotal:        786428 kB
SwapFree:         734420 kB
Dirty:                28 kB
Writeback:             0 kB
AnonPages:        479592 kB
Mapped:           350748 kB
Shmem:              1360 kB
Slab:              52688 kB
SReclaimable:      17120 kB
SUnreclaim:        35568 kB
KernelStack:       11720 kB
PageTables:        33564 kB
NFS_Unstable:          0 kB
Bounce:                0 kB
WritebackTmp:          0 kB
CommitLimit:     1479712 kB
Committed_AS:   73472184 kB
VmallocTotal:     319488 kB
VmallocUsed:       15436 kB
VmallocChunk:     183308 kB
Time pass: 312 sec

---2015-11-24 16:21:55
MemTotal:        1386568 kB
MemFree:           29136 kB
Buffers:           12032 kB
Cached:           560896 kB
SwapCached:         4892 kB
Active:           522368 kB
Inactive:         529496 kB
Active(anon):     239400 kB
Inactive(anon):   244028 kB
Active(file):     282968 kB
Inactive(file):   285468 kB
Unevictable:        3132 kB
Mlocked:               0 kB
HighTotal:        849920 kB
HighFree:          10188 kB
LowTotal:         536648 kB
LowFree:           18948 kB
SwapTotal:        786428 kB
SwapFree:         734424 kB
Dirty:                 0 kB
Writeback:             0 kB
AnonPages:        480816 kB
Mapped:           350748 kB
Shmem:              1360 kB
Slab:              52720 kB
SReclaimable:      17120 kB
SUnreclaim:        35600 kB
KernelStack:       11712 kB
PageTables:        33564 kB
NFS_Unstable:          0 kB
Bounce:                0 kB
WritebackTmp:          0 kB
CommitLimit:     1479712 kB
Committed_AS:   73472332 kB
VmallocTotal:     319488 kB
VmallocUsed:       15436 kB
VmallocChunk:     183308 kB
Time pass: 315 sec

---2015-11-24 16:21:55
MemTotal:        1386568 kB
MemFree:           29244 kB
Buffers:           12056 kB
Cached:           560880 kB
SwapCached:         4892 kB
Active:           521864 kB
Inactive:         529504 kB
Active(anon):     238896 kB
Inactive(anon):   244028 kB
Active(file):     282968 kB
Inactive(file):   285476 kB
Unevictable:        3132 kB
Mlocked:               0 kB
HighTotal:        849920 kB
HighFree:           9200 kB
LowTotal:         536648 kB
LowFree:           20044 kB
SwapTotal:        786428 kB
SwapFree:         734424 kB
Dirty:                28 kB
Writeback:             0 kB
AnonPages:        480104 kB
Mapped:           350748 kB
Shmem:              1360 kB
Slab:              52880 kB
SReclaimable:      17120 kB
SUnreclaim:        35760 kB
KernelStack:       11672 kB
PageTables:        33560 kB
NFS_Unstable:          0 kB
Bounce:                0 kB
WritebackTmp:          0 kB
CommitLimit:     1479712 kB
Committed_AS:   73472404 kB
VmallocTotal:     319488 kB
VmallocUsed:       15436 kB
VmallocChunk:     183308 kB
Time pass: 319 sec

---2015-11-24 16:21:55
MemTotal:        1386568 kB
MemFree:           29092 kB
Buffers:           12056 kB
Cached:           560920 kB
SwapCached:         4888 kB
Active:           521776 kB
Inactive:         529540 kB
Active(anon):     238808 kB
Inactive(anon):   244048 kB
Active(file):     282968 kB
Inactive(file):   285492 kB
Unevictable:        3132 kB
Mlocked:               0 kB
HighTotal:        849920 kB
HighFree:           8728 kB
LowTotal:         536648 kB
LowFree:           20364 kB
SwapTotal:        786428 kB
SwapFree:         734428 kB
Dirty:                36 kB
Writeback:             0 kB
AnonPages:        479720 kB
Mapped:           350768 kB
Shmem:              1380 kB
Slab:              52624 kB
SReclaimable:      17120 kB
SUnreclaim:        35504 kB
KernelStack:       11672 kB
PageTables:        33564 kB
NFS_Unstable:          0 kB
Bounce:                0 kB
WritebackTmp:          0 kB
CommitLimit:     1479712 kB
Committed_AS:   73472584 kB
VmallocTotal:     319488 kB
VmallocUsed:       15436 kB
VmallocChunk:     183308 kB
Time pass: 323 sec

---2015-11-24 16:21:55
MemTotal:        1386568 kB
MemFree:           27704 kB
Buffers:           12072 kB
Cached:           560916 kB
SwapCached:         4888 kB
Active:           522044 kB
Inactive:         529556 kB
Active(anon):     239076 kB
Inactive(anon):   244048 kB
Active(file):     282968 kB
Inactive(file):   285508 kB
Unevictable:        3132 kB
Mlocked:               0 kB
HighTotal:        849920 kB
HighFree:           8800 kB
LowTotal:         536648 kB
LowFree:           18904 kB
SwapTotal:        786428 kB
SwapFree:         734428 kB
Dirty:                40 kB
Writeback:             0 kB
AnonPages:        480184 kB
Mapped:           350768 kB
Shmem:              1380 kB
Slab:              52848 kB
SReclaimable:      17120 kB
SUnreclaim:        35728 kB
KernelStack:       11720 kB
PageTables:        33568 kB
NFS_Unstable:          0 kB
Bounce:                0 kB
WritebackTmp:          0 kB
CommitLimit:     1479712 kB
Committed_AS:   73472732 kB
VmallocTotal:     319488 kB
VmallocUsed:       15436 kB
VmallocChunk:     183308 kB
Time pass: 327 sec

---2015-11-24 16:21:55
MemTotal:        1386568 kB
MemFree:           29216 kB
Buffers:           12080 kB
Cached:           560916 kB
SwapCached:         4888 kB
Active:           522404 kB
Inactive:         529564 kB
Active(anon):     239436 kB
Inactive(anon):   244048 kB
Active(file):     282968 kB
Inactive(file):   285516 kB
Unevictable:        3132 kB
Mlocked:               0 kB
HighTotal:        849920 kB
HighFree:           9476 kB
LowTotal:         536648 kB
LowFree:           19740 kB
SwapTotal:        786428 kB
SwapFree:         734428 kB
Dirty:                28 kB
Writeback:             0 kB
AnonPages:        480408 kB
Mapped:           350720 kB
Shmem:              1380 kB
Slab:              52528 kB
SReclaimable:      17120 kB
SUnreclaim:        35408 kB
KernelStack:       11672 kB
PageTables:        33568 kB
NFS_Unstable:          0 kB
Bounce:                0 kB
WritebackTmp:          0 kB
CommitLimit:     1479712 kB
Committed_AS:   73472964 kB
VmallocTotal:     319488 kB
VmallocUsed:       15368 kB
VmallocChunk:     183308 kB
Time pass: 331 sec

---2015-11-24 16:21:55
MemTotal:        1386568 kB
MemFree:           28400 kB
Buffers:           12096 kB
Cached:           560916 kB
SwapCached:         4888 kB
Active:           522676 kB
Inactive:         529580 kB
Active(anon):     239708 kB
Inactive(anon):   244048 kB
Active(file):     282968 kB
Inactive(file):   285532 kB
Unevictable:        3132 kB
Mlocked:               0 kB
HighTotal:        849920 kB
HighFree:           9072 kB
LowTotal:         536648 kB
LowFree:           19328 kB
SwapTotal:        786428 kB
SwapFree:         734428 kB
Dirty:                40 kB
Writeback:             0 kB
AnonPages:        480688 kB
Mapped:           350768 kB
