---2015-12-03 21:52:43
MemTotal:        1386568 kB
MemFree:           35848 kB
Buffers:           10608 kB
Cached:           647764 kB
SwapCached:         3616 kB
Active:           544384 kB
Inactive:         595840 kB
Active(anon):     238800 kB
Inactive(anon):   246700 kB
Active(file):     305584 kB
Inactive(file):   349140 kB
Unevictable:        3132 kB
Mlocked:               0 kB
HighTotal:        849920 kB
HighFree:          12352 kB
LowTotal:         536648 kB
LowFree:           23496 kB
SwapTotal:        786428 kB
SwapFree:         738744 kB
Dirty:                 4 kB
Writeback:             0 kB
AnonPages:        483448 kB
Mapped:           306180 kB
Shmem:               516 kB
Slab:              52316 kB
SReclaimable:      16892 kB
SUnreclaim:        35424 kB
KernelStack:       13584 kB
PageTables:        45104 kB
NFS_Unstable:          0 kB
Bounce:                0 kB
WritebackTmp:          0 kB
CommitLimit:     1479712 kB
Committed_AS:   103180924 kB
VmallocTotal:     319488 kB
VmallocUsed:       31460 kB
VmallocChunk:     160780 kB
Time pass: 3 sec

---2015-12-03 21:52:43
MemTotal:        1386568 kB
MemFree:           37252 kB
Buffers:           10616 kB
Cached:           647804 kB
SwapCached:         3616 kB
Active:           543028 kB
Inactive:         595872 kB
Active(anon):     237440 kB
Inactive(anon):   246688 kB
Active(file):     305588 kB
Inactive(file):   349184 kB
Unevictable:        3132 kB
Mlocked:               0 kB
HighTotal:        849920 kB
HighFree:          15064 kB
LowTotal:         536648 kB
LowFree:           22188 kB
SwapTotal:        786428 kB
SwapFree:         738744 kB
Dirty:                68 kB
Writeback:             0 kB
AnonPages:        481908 kB
Mapped:           306236 kB
Shmem:               516 kB
Slab:              52184 kB
SReclaimable:      16900 kB
SUnreclaim:        35284 kB
KernelStack:       13584 kB
PageTables:        45104 kB
NFS_Unstable:          0 kB
Bounce:                0 kB
WritebackTmp:          0 kB
CommitLimit:     1479712 kB
Committed_AS:   103181180 kB
VmallocTotal:     319488 kB
VmallocUsed:       31460 kB
VmallocChunk:     160780 kB
Time pass: 7 sec

---2015-12-03 21:52:43
MemTotal:        1386568 kB
MemFree:           35424 kB
Buffers:           10624 kB
Cached:           647828 kB
SwapCached:         3616 kB
Active:           543872 kB
Inactive:         595856 kB
Active(anon):     238276 kB
Inactive(anon):   246648 kB
Active(file):     305596 kB
Inactive(file):   349208 kB
Unevictable:        3132 kB
Mlocked:               0 kB
HighTotal:        849920 kB
HighFree:          13692 kB
LowTotal:         536648 kB
LowFree:           21732 kB
SwapTotal:        786428 kB
SwapFree:         738748 kB
Dirty:                68 kB
Writeback:             0 kB
AnonPages:        482836 kB
Mapped:           306228 kB
Shmem:               516 kB
Slab:              52068 kB
SReclaimable:      16884 kB
SUnreclaim:        35184 kB
KernelStack:       13744 kB
PageTables:        45120 kB
NFS_Unstable:          0 kB
Bounce:                0 kB
WritebackTmp:          0 kB
CommitLimit:     1479712 kB
Committed_AS:   103181260 kB
VmallocTotal:     319488 kB
VmallocUsed:       31528 kB
VmallocChunk:     160780 kB
Time pass: 11 sec

---2015-12-03 21:52:43
MemTotal:        1386568 kB
MemFree:           35276 kB
Buffers:           10624 kB
Cached:           647828 kB
SwapCached:         3616 kB
Active:           544276 kB
Inactive:         595784 kB
Active(anon):     238684 kB
Inactive(anon):   246572 kB
Active(file):     305592 kB
Inactive(file):   349212 kB
Unevictable:        3132 kB
Mlocked:               0 kB
HighTotal:        849920 kB
HighFree:          14000 kB
LowTotal:         536648 kB
LowFree:           21276 kB
SwapTotal:        786428 kB
SwapFree:         738748 kB
Dirty:                 4 kB
Writeback:             0 kB
AnonPages:        483280 kB
Mapped:           306184 kB
Shmem:               516 kB
Slab:              53004 kB
SReclaimable:      16884 kB
SUnreclaim:        36120 kB
KernelStack:       13600 kB
PageTables:        45092 kB
NFS_Unstable:          0 kB
Bounce:                0 kB
WritebackTmp:          0 kB
CommitLimit:     1479712 kB
Committed_AS:   103181324 kB
VmallocTotal:     319488 kB
VmallocUsed:       31460 kB
VmallocChunk:     160780 kB
Time pass: 15 sec

---2015-12-03 21:52:43
MemTotal:        1386568 kB
MemFree:           27152 kB
Buffers:           10264 kB
Cached:           641228 kB
SwapCached:         3712 kB
Active:           550988 kB
Inactive:         592012 kB
Active(anon):     246716 kB
Inactive(anon):   248788 kB
Active(file):     304272 kB
Inactive(file):   343224 kB
Unevictable:        3132 kB
Mlocked:               0 kB
HighTotal:        849920 kB
HighFree:           9068 kB
LowTotal:         536648 kB
LowFree:           18084 kB
SwapTotal:        786428 kB
SwapFree:         738624 kB
Dirty:               640 kB
Writeback:             0 kB
AnonPages:        493540 kB
Mapped:           318908 kB
Shmem:               516 kB
Slab:              52916 kB
SReclaimable:      16892 kB
SUnreclaim:        36024 kB
KernelStack:       13776 kB
PageTables:        45576 kB
NFS_Unstable:          0 kB
Bounce:                0 kB
WritebackTmp:          0 kB
CommitLimit:     1479712 kB
Committed_AS:   104472740 kB
VmallocTotal:     319488 kB
VmallocUsed:       31764 kB
VmallocChunk:     160780 kB
Time pass: 18 sec

---2015-12-03 21:52:43
MemTotal:        1386568 kB
MemFree:           31928 kB
Buffers:           10460 kB
Cached:           602376 kB
SwapCached:         3728 kB
Active:           551532 kB
Inactive:         571520 kB
Active(anon):     256800 kB
Inactive(anon):   257368 kB
Active(file):     294732 kB
Inactive(file):   314152 kB
Unevictable:        3132 kB
Mlocked:               0 kB
HighTotal:        849920 kB
HighFree:           8788 kB
LowTotal:         536648 kB
LowFree:           23140 kB
SwapTotal:        786428 kB
SwapFree:         737696 kB
Dirty:                 4 kB
Writeback:             0 kB
AnonPages:        511744 kB
Mapped:           332392 kB
Shmem:               652 kB
Slab:              53372 kB
SReclaimable:      16972 kB
SUnreclaim:        36400 kB
KernelStack:       14168 kB
PageTables:        45940 kB
NFS_Unstable:          0 kB
Bounce:                0 kB
WritebackTmp:          0 kB
CommitLimit:     1479712 kB
Committed_AS:   104501128 kB
VmallocTotal:     319488 kB
VmallocUsed:       31852 kB
VmallocChunk:     160780 kB
Time pass: 22 sec

---2015-12-03 21:52:43
MemTotal:        1386568 kB
MemFree:           38632 kB
Buffers:           10436 kB
Cached:           589456 kB
SwapCached:         3696 kB
Active:           535952 kB
Inactive:         561304 kB
Active(anon):     244984 kB
Inactive(anon):   256156 kB
Active(file):     290968 kB
Inactive(file):   305148 kB
Unevictable:        3132 kB
Mlocked:               0 kB
HighTotal:        849920 kB
HighFree:          11676 kB
LowTotal:         536648 kB
LowFree:           26956 kB
SwapTotal:        786428 kB
SwapFree:         737376 kB
Dirty:               192 kB
Writeback:             0 kB
AnonPages:        498920 kB
Mapped:           343220 kB
Shmem:               648 kB
Slab:              53240 kB
SReclaimable:      16996 kB
SUnreclaim:        36244 kB
KernelStack:       14128 kB
PageTables:        46028 kB
NFS_Unstable:          0 kB
Bounce:                0 kB
WritebackTmp:          0 kB
CommitLimit:     1479712 kB
Committed_AS:   104493576 kB
VmallocTotal:     319488 kB
VmallocUsed:       31796 kB
VmallocChunk:     160780 kB
Time pass: 26 sec

---2015-12-03 21:52:43
MemTotal:        1386568 kB
MemFree:          124648 kB
Buffers:           10444 kB
Cached:           589612 kB
SwapCached:         3692 kB
Active:           464332 kB
Inactive:         559500 kB
Active(anon):     173308 kB
Inactive(anon):   254112 kB
Active(file):     291024 kB
Inactive(file):   305388 kB
Unevictable:        3132 kB
Mlocked:               0 kB
HighTotal:        849920 kB
HighFree:          64192 kB
LowTotal:         536648 kB
LowFree:           60456 kB
SwapTotal:        786428 kB
SwapFree:         737388 kB
Dirty:               196 kB
Writeback:             0 kB
AnonPages:        425304 kB
Mapped:           293640 kB
Shmem:               508 kB
Slab:              52216 kB
SReclaimable:      16996 kB
SUnreclaim:        35220 kB
KernelStack:       11472 kB
PageTables:        33816 kB
NFS_Unstable:          0 kB
Bounce:                0 kB
WritebackTmp:          0 kB
CommitLimit:     1479712 kB
Committed_AS:   74652980 kB
VmallocTotal:     319488 kB
VmallocUsed:       24444 kB
VmallocChunk:     160780 kB
Time pass: 29 sec

---2015-12-03 21:52:43
MemTotal:        1386568 kB
MemFree:          125312 kB
Buffers:           10452 kB
Cached:           589612 kB
SwapCached:         3700 kB
Active:           464324 kB
Inactive:         559524 kB
Active(anon):     173300 kB
Inactive(anon):   254128 kB
Active(file):     291024 kB
Inactive(file):   305396 kB
Unevictable:        3132 kB
Mlocked:               0 kB
HighTotal:        849920 kB
HighFree:          64424 kB
LowTotal:         536648 kB
LowFree:           60888 kB
SwapTotal:        786428 kB
SwapFree:         737396 kB
Dirty:                64 kB
Writeback:             0 kB
AnonPages:        425312 kB
Mapped:           293492 kB
Shmem:               508 kB
Slab:              51964 kB
SReclaimable:      16988 kB
SUnreclaim:        34976 kB
KernelStack:       11440 kB
PageTables:        33816 kB
NFS_Unstable:          0 kB
Bounce:                0 kB
WritebackTmp:          0 kB
CommitLimit:     1479712 kB
Committed_AS:   74653060 kB
VmallocTotal:     319488 kB
VmallocUsed:       24444 kB
VmallocChunk:     160780 kB
Time pass: 33 sec

---2015-12-03 21:52:43
MemTotal:        1386568 kB
MemFree:           88668 kB
Buffers:           10464 kB
Cached:           602188 kB
SwapCached:         4284 kB
Active:           476356 kB
Inactive:         571948 kB
Active(anon):     185088 kB
Inactive(anon):   254236 kB
Active(file):     291268 kB
Inactive(file):   317712 kB
Unevictable:        3132 kB
Mlocked:               0 kB
HighTotal:        849920 kB
HighFree:          29060 kB
LowTotal:         536648 kB
LowFree:           59608 kB
SwapTotal:        786428 kB
SwapFree:         737588 kB
Dirty:               156 kB
Writeback:             0 kB
AnonPages:        437156 kB
Mapped:           301092 kB
Shmem:               508 kB
Slab:              52544 kB
SReclaimable:      16988 kB
SUnreclaim:        35556 kB
KernelStack:       11536 kB
PageTables:        34328 kB
NFS_Unstable:          0 kB
Bounce:                0 kB
WritebackTmp:          0 kB
CommitLimit:     1479712 kB
Committed_AS:   75907748 kB
VmallocTotal:     319488 kB
VmallocUsed:       24624 kB
VmallocChunk:     160780 kB
Time pass: 37 sec

---2015-12-03 21:52:43
MemTotal:        1386568 kB
MemFree:           80032 kB
Buffers:           10472 kB
Cached:           603744 kB
SwapCached:         4284 kB
Active:           480492 kB
Inactive:         573008 kB
Active(anon):     189224 kB
Inactive(anon):   253700 kB
Active(file):     291268 kB
Inactive(file):   319308 kB
Unevictable:        3132 kB
Mlocked:               0 kB
HighTotal:        849920 kB
HighFree:          20600 kB
LowTotal:         536648 kB
LowFree:           59432 kB
SwapTotal:        786428 kB
SwapFree:         737600 kB
Dirty:                92 kB
Writeback:             0 kB
AnonPages:        440732 kB
Mapped:           302456 kB
Shmem:               508 kB
Slab:              52348 kB
SReclaimable:      16988 kB
SUnreclaim:        35360 kB
KernelStack:       11632 kB
PageTables:        34436 kB
NFS_Unstable:          0 kB
Bounce:                0 kB
WritebackTmp:          0 kB
CommitLimit:     1479712 kB
Committed_AS:   75921204 kB
VmallocTotal:     319488 kB
VmallocUsed:       24760 kB
VmallocChunk:     160780 kB
Time pass: 41 sec

---2015-12-03 21:52:43
MemTotal:        1386568 kB
MemFree:           76708 kB
Buffers:           10472 kB
Cached:           605364 kB
SwapCached:         4284 kB
Active:           488604 kB
Inactive:         574460 kB
Active(anon):     197244 kB
Inactive(anon):   253672 kB
Active(file):     291360 kB
Inactive(file):   320788 kB
Unevictable:        3132 kB
Mlocked:               0 kB
HighTotal:        849920 kB
HighFree:          12216 kB
LowTotal:         536648 kB
LowFree:           64492 kB
SwapTotal:        786428 kB
SwapFree:         737600 kB
Dirty:               188 kB
Writeback:             0 kB
AnonPages:        448932 kB
Mapped:           303300 kB
Shmem:               508 kB
Slab:              52500 kB
SReclaimable:      17020 kB
SUnreclaim:        35480 kB
KernelStack:       11712 kB
PageTables:        34368 kB
NFS_Unstable:          0 kB
Bounce:                0 kB
WritebackTmp:          0 kB
CommitLimit:     1479712 kB
Committed_AS:   75912824 kB
VmallocTotal:     319488 kB
VmallocUsed:       24720 kB
VmallocChunk:     160780 kB
Time pass: 45 sec

---2015-12-03 21:52:43
MemTotal:        1386568 kB
MemFree:           56756 kB
Buffers:           10480 kB
Cached:           606004 kB
SwapCached:         4372 kB
Active:           498340 kB
Inactive:         572524 kB
Active(anon):     206844 kB
Inactive(anon):   251172 kB
Active(file):     291496 kB
Inactive(file):   321352 kB
Unevictable:        3132 kB
Mlocked:               0 kB
HighTotal:        849920 kB
HighFree:          10968 kB
LowTotal:         536648 kB
LowFree:           45788 kB
SwapTotal:        786428 kB
SwapFree:         738596 kB
Dirty:               324 kB
Writeback:             0 kB
AnonPages:        455884 kB
Mapped:           313436 kB
Shmem:               508 kB
Slab:              52648 kB
SReclaimable:      17028 kB
SUnreclaim:        35620 kB
KernelStack:       11704 kB
PageTables:        34428 kB
NFS_Unstable:          0 kB
Bounce:                0 kB
WritebackTmp:          0 kB
CommitLimit:     1479712 kB
Committed_AS:   75917600 kB
VmallocTotal:     319488 kB
VmallocUsed:       24600 kB
VmallocChunk:     160780 kB
Time pass: 48 sec

---2015-12-03 21:52:43
MemTotal:        1386568 kB
MemFree:           53312 kB
Buffers:           10492 kB
Cached:           606112 kB
SwapCached:         4376 kB
Active:           498524 kB
Inactive:         572660 kB
Active(anon):     207028 kB
Inactive(anon):   251196 kB
Active(file):     291496 kB
Inactive(file):   321464 kB
Unevictable:        3132 kB
Mlocked:               0 kB
HighTotal:        849920 kB
HighFree:          10608 kB
LowTotal:         536648 kB
LowFree:           42704 kB
SwapTotal:        786428 kB
SwapFree:         738596 kB
Dirty:                56 kB
Writeback:           300 kB
AnonPages:        456208 kB
Mapped:           316328 kB
Shmem:               508 kB
Slab:              52512 kB
SReclaimable:      17028 kB
SUnreclaim:        35484 kB
KernelStack:       11584 kB
PageTables:        34448 kB
NFS_Unstable:          0 kB
Bounce:                0 kB
WritebackTmp:          0 kB
CommitLimit:     1479712 kB
Committed_AS:   75917680 kB
VmallocTotal:     319488 kB
VmallocUsed:       24680 kB
VmallocChunk:     160780 kB
Time pass: 52 sec

---2015-12-03 21:52:43
MemTotal:        1386568 kB
MemFree:           43648 kB
Buffers:           10496 kB
Cached:           607056 kB
SwapCached:         4372 kB
Active:           503388 kB
Inactive:         573532 kB
Active(anon):     211872 kB
Inactive(anon):   251168 kB
Active(file):     291516 kB
Inactive(file):   322364 kB
Unevictable:        3132 kB
Mlocked:               0 kB
HighTotal:        849920 kB
HighFree:           8808 kB
LowTotal:         536648 kB
LowFree:           34840 kB
SwapTotal:        786428 kB
SwapFree:         738600 kB
Dirty:               172 kB
Writeback:             0 kB
AnonPages:        461008 kB
Mapped:           319828 kB
Shmem:               508 kB
Slab:              52484 kB
SReclaimable:      17028 kB
SUnreclaim:        35456 kB
KernelStack:       11680 kB
PageTables:        34464 kB
NFS_Unstable:          0 kB
Bounce:                0 kB
WritebackTmp:          0 kB
CommitLimit:     1479712 kB
Committed_AS:   75922016 kB
VmallocTotal:     319488 kB
VmallocUsed:       24680 kB
VmallocChunk:     160780 kB
Time pass: 56 sec

---2015-12-03 21:52:43
MemTotal:        1386568 kB
MemFree:           37684 kB
Buffers:           10504 kB
Cached:           607620 kB
SwapCached:         4372 kB
Active:           503200 kB
Inactive:         574096 kB
Active(anon):     211656 kB
Inactive(anon):   251164 kB
Active(file):     291544 kB
Inactive(file):   322932 kB
Unevictable:        3132 kB
Mlocked:               0 kB
HighTotal:        849920 kB
HighFree:           8772 kB
LowTotal:         536648 kB
LowFree:           28912 kB
SwapTotal:        786428 kB
SwapFree:         738600 kB
Dirty:               224 kB
Writeback:             0 kB
AnonPages:        460884 kB
Mapped:           323716 kB
Shmem:               508 kB
Slab:              52344 kB
SReclaimable:      17052 kB
SUnreclaim:        35292 kB
KernelStack:       11704 kB
PageTables:        34480 kB
NFS_Unstable:          0 kB
Bounce:                0 kB
WritebackTmp:          0 kB
CommitLimit:     1479712 kB
Committed_AS:   75922288 kB
VmallocTotal:     319488 kB
VmallocUsed:       24760 kB
VmallocChunk:     160780 kB
Time pass: 60 sec

---2015-12-03 21:52:43
MemTotal:        1386568 kB
MemFree:           29476 kB
Buffers:           10520 kB
Cached:           608316 kB
SwapCached:         4372 kB
Active:           508296 kB
Inactive:         574424 kB
Active(anon):     216428 kB
Inactive(anon):   251160 kB
Active(file):     291868 kB
Inactive(file):   323264 kB
Unevictable:        3132 kB
Mlocked:               0 kB
HighTotal:        849920 kB
HighFree:           8764 kB
LowTotal:         536648 kB
LowFree:           20712 kB
SwapTotal:        786428 kB
SwapFree:         738600 kB
Dirty:               488 kB
Writeback:             0 kB
AnonPages:        465656 kB
Mapped:           327304 kB
Shmem:               508 kB
Slab:              51996 kB
SReclaimable:      17052 kB
SUnreclaim:        34944 kB
KernelStack:       11616 kB
PageTables:        34480 kB
NFS_Unstable:          0 kB
Bounce:                0 kB
WritebackTmp:          0 kB
CommitLimit:     1479712 kB
Committed_AS:   75926448 kB
VmallocTotal:     319488 kB
VmallocUsed:       24760 kB
VmallocChunk:     160780 kB
Time pass: 63 sec

---2015-12-03 21:52:43
MemTotal:        1386568 kB
MemFree:           30208 kB
Buffers:           10316 kB
Cached:           601408 kB
SwapCached:         4388 kB
Active:           510404 kB
Inactive:         566644 kB
Active(anon):     218388 kB
Inactive(anon):   250604 kB
Active(file):     292016 kB
Inactive(file):   316040 kB
Unevictable:        3132 kB
Mlocked:               0 kB
HighTotal:        849920 kB
HighFree:           9348 kB
LowTotal:         536648 kB
LowFree:           20860 kB
SwapTotal:        786428 kB
SwapFree:         738412 kB
Dirty:               552 kB
Writeback:             0 kB
AnonPages:        466936 kB
Mapped:           330316 kB
Shmem:               508 kB
Slab:              52704 kB
SReclaimable:      17096 kB
SUnreclaim:        35608 kB
KernelStack:       11584 kB
PageTables:        34524 kB
NFS_Unstable:          0 kB
Bounce:                0 kB
WritebackTmp:          0 kB
CommitLimit:     1479712 kB
Committed_AS:   75931512 kB
VmallocTotal:     319488 kB
VmallocUsed:       24648 kB
VmallocChunk:     160780 kB
Time pass: 67 sec

---2015-12-03 21:52:43
MemTotal:        1386568 kB
MemFree:           27572 kB
Buffers:           10484 kB
Cached:           587576 kB
SwapCached:         4396 kB
Active:           527132 kB
Inactive:         549788 kB
Active(anon):     233872 kB
Inactive(anon):   249180 kB
Active(file):     293260 kB
Inactive(file):   300608 kB
Unevictable:        3132 kB
Mlocked:               0 kB
HighTotal:        849920 kB
HighFree:           8812 kB
LowTotal:         536648 kB
LowFree:           18760 kB
SwapTotal:        786428 kB
SwapFree:         737896 kB
Dirty:               580 kB
Writeback:             0 kB
AnonPages:        480460 kB
Mapped:           334652 kB
Shmem:              1004 kB
Slab:              53024 kB
SReclaimable:      17112 kB
SUnreclaim:        35912 kB
KernelStack:       11872 kB
PageTables:        35036 kB
NFS_Unstable:          0 kB
Bounce:                0 kB
WritebackTmp:          0 kB
CommitLimit:     1479712 kB
Committed_AS:   77201780 kB
VmallocTotal:     319488 kB
VmallocUsed:       24784 kB
VmallocChunk:     160780 kB
Time pass: 71 sec

---2015-12-03 21:52:43
MemTotal:        1386568 kB
MemFree:           30384 kB
Buffers:           10428 kB
Cached:           560988 kB
SwapCached:         4632 kB
Active:           527084 kB
Inactive:         531460 kB
Active(anon):     243652 kB
Inactive(anon):   247772 kB
Active(file):     283432 kB
Inactive(file):   283688 kB
Unevictable:        3132 kB
Mlocked:               0 kB
HighTotal:        849920 kB
HighFree:           9108 kB
LowTotal:         536648 kB
LowFree:           21276 kB
SwapTotal:        786428 kB
SwapFree:         737224 kB
Dirty:               236 kB
Writeback:             0 kB
AnonPages:        488840 kB
Mapped:           333012 kB
Shmem:              1164 kB
Slab:              52836 kB
SReclaimable:      17120 kB
SUnreclaim:        35716 kB
KernelStack:       12072 kB
PageTables:        35212 kB
NFS_Unstable:          0 kB
Bounce:                0 kB
WritebackTmp:          0 kB
CommitLimit:     1479712 kB
Committed_AS:   77212608 kB
VmallocTotal:     319488 kB
VmallocUsed:       24784 kB
VmallocChunk:     160780 kB
Time pass: 76 sec

---2015-12-03 21:52:43
MemTotal:        1386568 kB
MemFree:           33668 kB
Buffers:           10448 kB
Cached:           544084 kB
SwapCached:         4636 kB
Active:           522380 kB
Inactive:         523048 kB
Active(anon):     247020 kB
Inactive(anon):   247728 kB
Active(file):     275360 kB
Inactive(file):   275320 kB
Unevictable:        3132 kB
Mlocked:               0 kB
HighTotal:        849920 kB
HighFree:          10440 kB
LowTotal:         536648 kB
LowFree:           23228 kB
SwapTotal:        786428 kB
SwapFree:         736624 kB
Dirty:               144 kB
Writeback:             0 kB
AnonPages:        492480 kB
Mapped:           332488 kB
Shmem:               720 kB
Slab:              52780 kB
SReclaimable:      17120 kB
SUnreclaim:        35660 kB
KernelStack:       12104 kB
PageTables:        35296 kB
NFS_Unstable:          0 kB
Bounce:                0 kB
WritebackTmp:          0 kB
CommitLimit:     1479712 kB
Committed_AS:   77212016 kB
VmallocTotal:     319488 kB
VmallocUsed:       24784 kB
VmallocChunk:     160780 kB
Time pass: 81 sec

---2015-12-03 21:52:43
MemTotal:        1386568 kB
MemFree:           91140 kB
Buffers:           11912 kB
Cached:           520480 kB
SwapCached:         4648 kB
Active:           467668 kB
Inactive:         503456 kB
Active(anon):     204088 kB
Inactive(anon):   238648 kB
Active(file):     263580 kB
Inactive(file):   264808 kB
Unevictable:        3132 kB
Mlocked:               0 kB
HighTotal:        849920 kB
HighFree:          40816 kB
LowTotal:         536648 kB
LowFree:           50324 kB
SwapTotal:        786428 kB
SwapFree:         735020 kB
Dirty:                20 kB
Writeback:             0 kB
AnonPages:        440316 kB
Mapped:           313628 kB
Shmem:               872 kB
Slab:              52572 kB
SReclaimable:      17104 kB
SUnreclaim:        35468 kB
KernelStack:       10952 kB
PageTables:        28636 kB
NFS_Unstable:          0 kB
Bounce:                0 kB
WritebackTmp:          0 kB
CommitLimit:     1479712 kB
Committed_AS:   61049788 kB
VmallocTotal:     319488 kB
VmallocUsed:       20536 kB
VmallocChunk:     160780 kB
Time pass: 85 sec

---2015-12-03 21:52:43
MemTotal:        1386568 kB
MemFree:           90312 kB
Buffers:           11940 kB
Cached:           521084 kB
SwapCached:         4648 kB
Active:           468000 kB
Inactive:         504112 kB
Active(anon):     204416 kB
Inactive(anon):   238676 kB
Active(file):     263584 kB
Inactive(file):   265436 kB
Unevictable:        3132 kB
Mlocked:               0 kB
HighTotal:        849920 kB
HighFree:          39380 kB
LowTotal:         536648 kB
LowFree:           50932 kB
SwapTotal:        786428 kB
SwapFree:         735020 kB
Dirty:                80 kB
Writeback:             0 kB
AnonPages:        440548 kB
Mapped:           313696 kB
Shmem:               928 kB
Slab:              52468 kB
SReclaimable:      17104 kB
SUnreclaim:        35364 kB
KernelStack:       10960 kB
PageTables:        28644 kB
NFS_Unstable:          0 kB
Bounce:                0 kB
WritebackTmp:          0 kB
CommitLimit:     1479712 kB
Committed_AS:   61050004 kB
VmallocTotal:     319488 kB
VmallocUsed:       20536 kB
VmallocChunk:     160780 kB
Time pass: 89 sec

---2015-12-03 21:52:43
MemTotal:        1386568 kB
MemFree:           88076 kB
Buffers:           11956 kB
Cached:           521204 kB
SwapCached:         4644 kB
Active:           469856 kB
Inactive:         504180 kB
Active(anon):     206272 kB
Inactive(anon):   238660 kB
Active(file):     263584 kB
Inactive(file):   265520 kB
Unevictable:        3132 kB
Mlocked:               0 kB
HighTotal:        849920 kB
HighFree:          36080 kB
LowTotal:         536648 kB
LowFree:           51996 kB
SwapTotal:        786428 kB
SwapFree:         735024 kB
Dirty:                 0 kB
Writeback:             0 kB
AnonPages:        442232 kB
Mapped:           313732 kB
Shmem:               924 kB
Slab:              52560 kB
SReclaimable:      17108 kB
SUnreclaim:        35452 kB
KernelStack:       10976 kB
PageTables:        28644 kB
NFS_Unstable:          0 kB
Bounce:                0 kB
WritebackTmp:          0 kB
CommitLimit:     1479712 kB
Committed_AS:   61058316 kB
VmallocTotal:     319488 kB
VmallocUsed:       20536 kB
VmallocChunk:     160780 kB
Time pass: 93 sec

---2015-12-03 21:52:43
MemTotal:        1386568 kB
MemFree:           86568 kB
Buffers:           11956 kB
Cached:           521352 kB
SwapCached:         4644 kB
Active:           470208 kB
Inactive:         504272 kB
Active(anon):     206612 kB
Inactive(anon):   238616 kB
Active(file):     263596 kB
Inactive(file):   265656 kB
Unevictable:        3132 kB
Mlocked:               0 kB
HighTotal:        849920 kB
HighFree:          34828 kB
LowTotal:         536648 kB
LowFree:           51740 kB
SwapTotal:        786428 kB
SwapFree:         735064 kB
Dirty:                84 kB
Writeback:             0 kB
AnonPages:        442764 kB
Mapped:           313608 kB
Shmem:               924 kB
Slab:              52900 kB
SReclaimable:      17108 kB
SUnreclaim:        35792 kB
KernelStack:       10968 kB
PageTables:        28532 kB
NFS_Unstable:          0 kB
Bounce:                0 kB
WritebackTmp:          0 kB
CommitLimit:     1479712 kB
Committed_AS:   61058388 kB
VmallocTotal:     319488 kB
VmallocUsed:       20536 kB
VmallocChunk:     160780 kB
Time pass: 97 sec

---2015-12-03 21:52:43
MemTotal:        1386568 kB
MemFree:           81944 kB
Buffers:           11980 kB
Cached:           523540 kB
SwapCached:         4640 kB
Active:           472192 kB
Inactive:         506260 kB
Active(anon):     208464 kB
Inactive(anon):   238616 kB
Active(file):     263728 kB
Inactive(file):   267644 kB
Unevictable:        3132 kB
Mlocked:               0 kB
HighTotal:        849920 kB
HighFree:          30268 kB
LowTotal:         536648 kB
LowFree:           51676 kB
SwapTotal:        786428 kB
SwapFree:         735088 kB
Dirty:                72 kB
Writeback:             0 kB
AnonPages:        444696 kB
Mapped:           313816 kB
Shmem:               952 kB
Slab:              52536 kB
SReclaimable:      17108 kB
SUnreclaim:        35428 kB
KernelStack:       10976 kB
PageTables:        28684 kB
NFS_Unstable:          0 kB
Bounce:                0 kB
WritebackTmp:          0 kB
CommitLimit:     1479712 kB
Committed_AS:   61069180 kB
VmallocTotal:     319488 kB
VmallocUsed:       20536 kB
VmallocChunk:     160780 kB
Time pass: 101 sec

---2015-12-03 21:52:43
MemTotal:        1386568 kB
MemFree:          103584 kB
Buffers:           12028 kB
Cached:           527532 kB
SwapCached:         4676 kB
Active:           447184 kB
Inactive:         509532 kB
Active(anon):     182864 kB
Inactive(anon):   238172 kB
Active(file):     264320 kB
Inactive(file):   271360 kB
Unevictable:        3132 kB
Mlocked:               0 kB
HighTotal:        849920 kB
HighFree:          36060 kB
LowTotal:         536648 kB
LowFree:           67524 kB
SwapTotal:        786428 kB
SwapFree:         735124 kB
Dirty:                56 kB
Writeback:             0 kB
AnonPages:        418900 kB
Mapped:           317512 kB
Shmem:               508 kB
Slab:              52916 kB
SReclaimable:      17100 kB
SUnreclaim:        35816 kB
KernelStack:       10800 kB
PageTables:        29716 kB
NFS_Unstable:          0 kB
Bounce:                0 kB
WritebackTmp:          0 kB
CommitLimit:     1479712 kB
Committed_AS:   64781408 kB
VmallocTotal:     319488 kB
VmallocUsed:       20512 kB
VmallocChunk:     160780 kB
Time pass: 104 sec

---2015-12-03 21:52:43
MemTotal:        1386568 kB
MemFree:          175736 kB
Buffers:           12092 kB
Cached:           529140 kB
SwapCached:         4676 kB
Active:           427264 kB
Inactive:         507816 kB
Active(anon):     159364 kB
Inactive(anon):   238172 kB
Active(file):     267900 kB
Inactive(file):   269644 kB
Unevictable:        3132 kB
Mlocked:               0 kB
HighTotal:        849920 kB
HighFree:          65908 kB
LowTotal:         536648 kB
LowFree:          109828 kB
SwapTotal:        786428 kB
SwapFree:         735196 kB
Dirty:               736 kB
Writeback:             0 kB
AnonPages:        395404 kB
Mapped:           264492 kB
Shmem:               508 kB
Slab:              52920 kB
SReclaimable:      17108 kB
SUnreclaim:        35812 kB
KernelStack:       10760 kB
PageTables:        29624 kB
NFS_Unstable:          0 kB
Bounce:                0 kB
WritebackTmp:          0 kB
CommitLimit:     1479712 kB
Committed_AS:   64704696 kB
VmallocTotal:     319488 kB
VmallocUsed:       20400 kB
VmallocChunk:     160780 kB
Time pass: 108 sec

---2015-12-03 21:52:43
MemTotal:        1386568 kB
MemFree:          156712 kB
Buffers:           12092 kB
Cached:           529192 kB
SwapCached:         4672 kB
Active:           438216 kB
Inactive:         504644 kB
Active(anon):     170252 kB
Inactive(anon):   234968 kB
Active(file):     267964 kB
Inactive(file):   269676 kB
Unevictable:        3132 kB
Mlocked:               0 kB
HighTotal:        849920 kB
HighFree:          44180 kB
LowTotal:         536648 kB
LowFree:          112532 kB
SwapTotal:        786428 kB
SwapFree:         735300 kB
Dirty:              1020 kB
Writeback:             0 kB
AnonPages:        403056 kB
Mapped:           280160 kB
Shmem:               512 kB
Slab:              52756 kB
SReclaimable:      17100 kB
SUnreclaim:        35656 kB
KernelStack:       10888 kB
PageTables:        29532 kB
NFS_Unstable:          0 kB
Bounce:                0 kB
WritebackTmp:          0 kB
CommitLimit:     1479712 kB
Committed_AS:   64726288 kB
VmallocTotal:     319488 kB
VmallocUsed:       20368 kB
VmallocChunk:     160780 kB
Time pass: 112 sec

---2015-12-03 21:52:43
MemTotal:        1386568 kB
MemFree:          143920 kB
Buffers:           12172 kB
Cached:           529604 kB
SwapCached:         4672 kB
Active:           439408 kB
Inactive:         504756 kB
Active(anon):     171096 kB
Inactive(anon):   234936 kB
Active(file):     268312 kB
Inactive(file):   269820 kB
Unevictable:        3132 kB
Mlocked:               0 kB
HighTotal:        849920 kB
HighFree:          31028 kB
LowTotal:         536648 kB
LowFree:          112892 kB
SwapTotal:        786428 kB
SwapFree:         735300 kB
Dirty:               392 kB
Writeback:             0 kB
AnonPages:        403872 kB
Mapped:           290352 kB
Shmem:               512 kB
Slab:              52640 kB
SReclaimable:      17068 kB
SUnreclaim:        35572 kB
KernelStack:       10832 kB
PageTables:        29584 kB
NFS_Unstable:          0 kB
Bounce:                0 kB
WritebackTmp:          0 kB
CommitLimit:     1479712 kB
Committed_AS:   64725008 kB
VmallocTotal:     319488 kB
VmallocUsed:       20340 kB
VmallocChunk:     160780 kB
Time pass: 116 sec

---2015-12-03 21:52:43
MemTotal:        1386568 kB
MemFree:          131348 kB
Buffers:           12180 kB
Cached:           529652 kB
SwapCached:         4672 kB
Active:           444164 kB
Inactive:         504776 kB
Active(anon):     175824 kB
Inactive(anon):   234936 kB
Active(file):     268340 kB
Inactive(file):   269840 kB
Unevictable:        3132 kB
Mlocked:               0 kB
HighTotal:        849920 kB
HighFree:          18524 kB
LowTotal:         536648 kB
LowFree:          112824 kB
SwapTotal:        786428 kB
SwapFree:         735300 kB
Dirty:               188 kB
Writeback:             0 kB
AnonPages:        408672 kB
Mapped:           297208 kB
Shmem:               512 kB
Slab:              52564 kB
SReclaimable:      17068 kB
SUnreclaim:        35496 kB
KernelStack:       10840 kB
PageTables:        29604 kB
NFS_Unstable:          0 kB
Bounce:                0 kB
WritebackTmp:          0 kB
CommitLimit:     1479712 kB
Committed_AS:   64729832 kB
VmallocTotal:     319488 kB
VmallocUsed:       20340 kB
VmallocChunk:     160780 kB
Time pass: 119 sec

---2015-12-03 21:52:43
MemTotal:        1386568 kB
MemFree:          116952 kB
Buffers:           12180 kB
Cached:           530116 kB
SwapCached:         4672 kB
Active:           450084 kB
Inactive:         504360 kB
Active(anon):     180888 kB
Inactive(anon):   234904 kB
Active(file):     269196 kB
Inactive(file):   269456 kB
Unevictable:        3132 kB
Mlocked:               0 kB
HighTotal:        849920 kB
HighFree:           9248 kB
LowTotal:         536648 kB
LowFree:          107704 kB
SwapTotal:        786428 kB
SwapFree:         735300 kB
Dirty:               176 kB
Writeback:             0 kB
AnonPages:        413744 kB
Mapped:           307156 kB
Shmem:               512 kB
Slab:              52592 kB
SReclaimable:      17068 kB
SUnreclaim:        35524 kB
KernelStack:       10840 kB
PageTables:        29632 kB
NFS_Unstable:          0 kB
Bounce:                0 kB
WritebackTmp:          0 kB
CommitLimit:     1479712 kB
Committed_AS:   64734016 kB
VmallocTotal:     319488 kB
VmallocUsed:       20352 kB
VmallocChunk:     160780 kB
Time pass: 123 sec

---2015-12-03 21:52:43
MemTotal:        1386568 kB
MemFree:          100748 kB
Buffers:           12188 kB
Cached:           530128 kB
SwapCached:         4672 kB
Active:           454172 kB
Inactive:         504372 kB
Active(anon):     184972 kB
Inactive(anon):   234900 kB
Active(file):     269200 kB
Inactive(file):   269472 kB
Unevictable:        3132 kB
Mlocked:               0 kB
HighTotal:        849920 kB
HighFree:           8728 kB
LowTotal:         536648 kB
LowFree:           92020 kB
SwapTotal:        786428 kB
SwapFree:         735300 kB
Dirty:               788 kB
Writeback:             0 kB
AnonPages:        417736 kB
Mapped:           315080 kB
Shmem:               512 kB
Slab:              52932 kB
SReclaimable:      17068 kB
SUnreclaim:        35864 kB
KernelStack:       10824 kB
PageTables:        29668 kB
NFS_Unstable:          0 kB
Bounce:                0 kB
WritebackTmp:          0 kB
CommitLimit:     1479712 kB
Committed_AS:   64734888 kB
VmallocTotal:     319488 kB
VmallocUsed:       20388 kB
VmallocChunk:     160780 kB
Time pass: 127 sec

---2015-12-03 21:52:43
MemTotal:        1386568 kB
MemFree:          101592 kB
Buffers:           12196 kB
Cached:           530128 kB
SwapCached:         4672 kB
Active:           454208 kB
Inactive:         504384 kB
Active(anon):     185008 kB
Inactive(anon):   234904 kB
Active(file):     269200 kB
Inactive(file):   269480 kB
Unevictable:        3132 kB
Mlocked:               0 kB
HighTotal:        849920 kB
HighFree:           8928 kB
LowTotal:         536648 kB
LowFree:           92664 kB
SwapTotal:        786428 kB
SwapFree:         735304 kB
Dirty:                72 kB
Writeback:             0 kB
AnonPages:        417788 kB
Mapped:           314920 kB
Shmem:               512 kB
Slab:              52868 kB
SReclaimable:      17068 kB
SUnreclaim:        35800 kB
KernelStack:       10768 kB
PageTables:        29660 kB
NFS_Unstable:          0 kB
Bounce:                0 kB
WritebackTmp:          0 kB
CommitLimit:     1479712 kB
Committed_AS:   64735048 kB
VmallocTotal:     319488 kB
VmallocUsed:       20320 kB
VmallocChunk:     160780 kB
Time pass: 130 sec

---2015-12-03 21:52:43
MemTotal:        1386568 kB
MemFree:           99896 kB
Buffers:           12196 kB
Cached:           530128 kB
SwapCached:         4672 kB
Active:           455260 kB
Inactive:         504380 kB
Active(anon):     186060 kB
Inactive(anon):   234900 kB
Active(file):     269200 kB
Inactive(file):   269480 kB
Unevictable:        3132 kB
Mlocked:               0 kB
HighTotal:        849920 kB
HighFree:           8696 kB
LowTotal:         536648 kB
LowFree:           91200 kB
SwapTotal:        786428 kB
SwapFree:         735304 kB
Dirty:                 4 kB
Writeback:             0 kB
AnonPages:        418944 kB
Mapped:           314968 kB
Shmem:               512 kB
Slab:              52724 kB
SReclaimable:      17068 kB
SUnreclaim:        35656 kB
KernelStack:       10752 kB
PageTables:        29660 kB
NFS_Unstable:          0 kB
Bounce:                0 kB
WritebackTmp:          0 kB
CommitLimit:     1479712 kB
Committed_AS:   64735088 kB
VmallocTotal:     319488 kB
VmallocUsed:       20388 kB
VmallocChunk:     160780 kB
Time pass: 134 sec

---2015-12-03 21:52:43
MemTotal:        1386568 kB
MemFree:           88016 kB
Buffers:           12212 kB
Cached:           530392 kB
SwapCached:         4672 kB
Active:           465408 kB
Inactive:         503632 kB
Active(anon):     195232 kB
Inactive(anon):   235032 kB
Active(file):     270176 kB
Inactive(file):   268600 kB
Unevictable:        3132 kB
Mlocked:               0 kB
HighTotal:        849920 kB
HighFree:           8744 kB
LowTotal:         536648 kB
LowFree:           79272 kB
SwapTotal:        786428 kB
SwapFree:         735324 kB
Dirty:                76 kB
Writeback:             0 kB
AnonPages:        428016 kB
Mapped:           317864 kB
Shmem:               696 kB
Slab:              53248 kB
SReclaimable:      17084 kB
SUnreclaim:        36164 kB
KernelStack:       11088 kB
PageTables:        29824 kB
NFS_Unstable:          0 kB
Bounce:                0 kB
WritebackTmp:          0 kB
CommitLimit:     1479712 kB
Committed_AS:   64771520 kB
VmallocTotal:     319488 kB
VmallocUsed:       20524 kB
VmallocChunk:     160780 kB
Time pass: 138 sec

---2015-12-03 21:52:43
MemTotal:        1386568 kB
MemFree:           84652 kB
Buffers:           12244 kB
Cached:           530536 kB
SwapCached:         4672 kB
Active:           470520 kB
Inactive:         503756 kB
Active(anon):     200340 kB
Inactive(anon):   235124 kB
Active(file):     270180 kB
Inactive(file):   268632 kB
Unevictable:        3132 kB
Mlocked:               0 kB
HighTotal:        849920 kB
HighFree:          12080 kB
LowTotal:         536648 kB
LowFree:           72572 kB
SwapTotal:        786428 kB
SwapFree:         735328 kB
Dirty:                16 kB
Writeback:             0 kB
AnonPages:        433144 kB
Mapped:           315980 kB
Shmem:               836 kB
Slab:              52924 kB
SReclaimable:      17084 kB
SUnreclaim:        35840 kB
KernelStack:       11064 kB
PageTables:        29848 kB
NFS_Unstable:          0 kB
Bounce:                0 kB
WritebackTmp:          0 kB
CommitLimit:     1479712 kB
Committed_AS:   64767056 kB
VmallocTotal:     319488 kB
VmallocUsed:       20524 kB
VmallocChunk:     160780 kB
Time pass: 143 sec

---2015-12-03 21:52:43
MemTotal:        1386568 kB
MemFree:           82196 kB
Buffers:           12276 kB
Cached:           530548 kB
SwapCached:         4668 kB
Active:           474052 kB
Inactive:         503788 kB
Active(anon):     203872 kB
Inactive(anon):   235124 kB
Active(file):     270180 kB
Inactive(file):   268664 kB
Unevictable:        3132 kB
Mlocked:               0 kB
HighTotal:        849920 kB
HighFree:           9568 kB
LowTotal:         536648 kB
LowFree:           72628 kB
SwapTotal:        786428 kB
SwapFree:         735344 kB
Dirty:                80 kB
Writeback:             0 kB
AnonPages:        436520 kB
Mapped:           315900 kB
Shmem:               848 kB
Slab:              52664 kB
SReclaimable:      17084 kB
SUnreclaim:        35580 kB
KernelStack:       11032 kB
PageTables:        29880 kB
NFS_Unstable:          0 kB
Bounce:                0 kB
WritebackTmp:          0 kB
CommitLimit:     1479712 kB
Committed_AS:   64769744 kB
VmallocTotal:     319488 kB
VmallocUsed:       20524 kB
VmallocChunk:     160780 kB
Time pass: 147 sec

---2015-12-03 21:52:43
MemTotal:        1386568 kB
MemFree:           80624 kB
Buffers:           12292 kB
Cached:           530628 kB
SwapCached:         4664 kB
Active:           474788 kB
Inactive:         503876 kB
Active(anon):     204604 kB
Inactive(anon):   235200 kB
Active(file):     270184 kB
Inactive(file):   268676 kB
Unevictable:        3132 kB
Mlocked:               0 kB
HighTotal:        849920 kB
HighFree:           8760 kB
LowTotal:         536648 kB
LowFree:           71864 kB
SwapTotal:        786428 kB
SwapFree:         735348 kB
Dirty:                 8 kB
Writeback:             0 kB
AnonPages:        437352 kB
Mapped:           315968 kB
Shmem:               924 kB
Slab:              52788 kB
SReclaimable:      17084 kB
SUnreclaim:        35704 kB
KernelStack:       11104 kB
PageTables:        29892 kB
NFS_Unstable:          0 kB
Bounce:                0 kB
WritebackTmp:          0 kB
CommitLimit:     1479712 kB
Committed_AS:   64769976 kB
VmallocTotal:     319488 kB
VmallocUsed:       20524 kB
VmallocChunk:     160780 kB
Time pass: 151 sec

---2015-12-03 21:52:43
MemTotal:        1386568 kB
MemFree:           80720 kB
Buffers:           12300 kB
Cached:           530652 kB
SwapCached:         4664 kB
Active:           474996 kB
Inactive:         503916 kB
Active(anon):     204816 kB
Inactive(anon):   235228 kB
Active(file):     270180 kB
Inactive(file):   268688 kB
Unevictable:        3132 kB
Mlocked:               0 kB
HighTotal:        849920 kB
HighFree:           9136 kB
LowTotal:         536648 kB
LowFree:           71584 kB
SwapTotal:        786428 kB
SwapFree:         735348 kB
Dirty:                56 kB
Writeback:             0 kB
AnonPages:        437564 kB
Mapped:           316152 kB
Shmem:               952 kB
Slab:              52728 kB
SReclaimable:      17084 kB
SUnreclaim:        35644 kB
KernelStack:       11072 kB
PageTables:        29884 kB
NFS_Unstable:          0 kB
Bounce:                0 kB
WritebackTmp:          0 kB
CommitLimit:     1479712 kB
Committed_AS:   64774120 kB
VmallocTotal:     319488 kB
VmallocUsed:       20524 kB
VmallocChunk:     160780 kB
Time pass: 155 sec

---2015-12-03 21:52:43
MemTotal:        1386568 kB
MemFree:           81108 kB
Buffers:           12316 kB
Cached:           530656 kB
SwapCached:         4664 kB
Active:           474616 kB
Inactive:         503936 kB
Active(anon):     204432 kB
Inactive(anon):   235232 kB
Active(file):     270184 kB
Inactive(file):   268704 kB
Unevictable:        3132 kB
Mlocked:               0 kB
HighTotal:        849920 kB
HighFree:           8928 kB
LowTotal:         536648 kB
LowFree:           72180 kB
SwapTotal:        786428 kB
SwapFree:         735352 kB
Dirty:                16 kB
Writeback:             0 kB
AnonPages:        437168 kB
Mapped:           316104 kB
Shmem:               952 kB
Slab:              52856 kB
SReclaimable:      17084 kB
SUnreclaim:        35772 kB
KernelStack:       11088 kB
PageTables:        29924 kB
NFS_Unstable:          0 kB
Bounce:                0 kB
WritebackTmp:          0 kB
CommitLimit:     1479712 kB
Committed_AS:   64774400 kB
VmallocTotal:     319488 kB
VmallocUsed:       20456 kB
VmallocChunk:     160780 kB
Time pass: 158 sec

---2015-12-03 21:52:43
MemTotal:        1386568 kB
MemFree:           79488 kB
Buffers:           12340 kB
Cached:           530644 kB
SwapCached:         4664 kB
Active:           475544 kB
Inactive:         503944 kB
Active(anon):     205356 kB
Inactive(anon):   235236 kB
Active(file):     270188 kB
Inactive(file):   268708 kB
Unevictable:        3132 kB
Mlocked:               0 kB
HighTotal:        849920 kB
HighFree:           8704 kB
LowTotal:         536648 kB
LowFree:           70784 kB
SwapTotal:        786428 kB
SwapFree:         735352 kB
Dirty:                60 kB
Writeback:             0 kB
AnonPages:        438108 kB
Mapped:           316100 kB
Shmem:               956 kB
Slab:              52664 kB
SReclaimable:      17084 kB
SUnreclaim:        35580 kB
KernelStack:       11112 kB
PageTables:        30012 kB
NFS_Unstable:          0 kB
Bounce:                0 kB
WritebackTmp:          0 kB
CommitLimit:     1479712 kB
Committed_AS:   64774496 kB
VmallocTotal:     319488 kB
VmallocUsed:       20524 kB
VmallocChunk:     160780 kB
Time pass: 163 sec

---2015-12-03 21:52:43
MemTotal:        1386568 kB
MemFree:           78360 kB
Buffers:           12348 kB
Cached:           530664 kB
SwapCached:         4664 kB
Active:           477368 kB
Inactive:         503856 kB
Active(anon):     207156 kB
Inactive(anon):   235148 kB
Active(file):     270212 kB
Inactive(file):   268708 kB
Unevictable:        3132 kB
Mlocked:               0 kB
HighTotal:        849920 kB
HighFree:           9468 kB
LowTotal:         536648 kB
LowFree:           68892 kB
SwapTotal:        786428 kB
SwapFree:         735352 kB
Dirty:                88 kB
Writeback:             0 kB
AnonPages:        439736 kB
Mapped:           316116 kB
Shmem:               960 kB
Slab:              52820 kB
SReclaimable:      17084 kB
SUnreclaim:        35736 kB
KernelStack:       11064 kB
PageTables:        29872 kB
NFS_Unstable:          0 kB
Bounce:                0 kB
WritebackTmp:          0 kB
CommitLimit:     1479712 kB
Committed_AS:   64774576 kB
VmallocTotal:     319488 kB
VmallocUsed:       20524 kB
VmallocChunk:     160780 kB
Time pass: 167 sec

---2015-12-03 21:52:43
MemTotal:        1386568 kB
MemFree:           76712 kB
Buffers:           12364 kB
Cached:           530664 kB
SwapCached:         4664 kB
Active:           478220 kB
Inactive:         503872 kB
Active(anon):     208008 kB
Inactive(anon):   235148 kB
Active(file):     270212 kB
Inactive(file):   268724 kB
Unevictable:        3132 kB
Mlocked:               0 kB
HighTotal:        849920 kB
HighFree:           9268 kB
LowTotal:         536648 kB
LowFree:           67444 kB
SwapTotal:        786428 kB
SwapFree:         735404 kB
Dirty:                20 kB
Writeback:             0 kB
AnonPages:        440748 kB
Mapped:           316116 kB
Shmem:               960 kB
Slab:              52664 kB
SReclaimable:      17084 kB
SUnreclaim:        35580 kB
KernelStack:       11056 kB
PageTables:        29884 kB
NFS_Unstable:          0 kB
Bounce:                0 kB
WritebackTmp:          0 kB
CommitLimit:     1479712 kB
Committed_AS:   64774792 kB
VmallocTotal:     319488 kB
VmallocUsed:       20524 kB
VmallocChunk:     160780 kB
Time pass: 171 sec

---2015-12-03 21:52:43
MemTotal:        1386568 kB
MemFree:           77364 kB
Buffers:           12372 kB
Cached:           530664 kB
SwapCached:         4664 kB
Active:           480064 kB
Inactive:         502372 kB
Active(anon):     208344 kB
Inactive(anon):   235148 kB
Active(file):     271720 kB
Inactive(file):   267224 kB
Unevictable:        3132 kB
Mlocked:               0 kB
HighTotal:        849920 kB
HighFree:          10476 kB
LowTotal:         536648 kB
LowFree:           66888 kB
SwapTotal:        786428 kB
SwapFree:         735404 kB
Dirty:                52 kB
Writeback:             0 kB
AnonPages:        441012 kB
Mapped:           316068 kB
Shmem:               960 kB
Slab:              52376 kB
SReclaimable:      17084 kB
SUnreclaim:        35292 kB
KernelStack:       11032 kB
PageTables:        29868 kB
NFS_Unstable:          0 kB
Bounce:                0 kB
WritebackTmp:          0 kB
CommitLimit:     1479712 kB
Committed_AS:   64774716 kB
VmallocTotal:     319488 kB
VmallocUsed:       20456 kB
VmallocChunk:     160780 kB
Time pass: 175 sec

---2015-12-03 21:52:43
MemTotal:        1386568 kB
MemFree:           76992 kB
Buffers:           12396 kB
Cached:           530800 kB
SwapCached:         4680 kB
Active:           480428 kB
Inactive:         502460 kB
Active(anon):     208672 kB
Inactive(anon):   235100 kB
Active(file):     271756 kB
Inactive(file):   267360 kB
Unevictable:        3132 kB
Mlocked:               0 kB
HighTotal:        849920 kB
HighFree:           9112 kB
LowTotal:         536648 kB
LowFree:           67880 kB
SwapTotal:        786428 kB
SwapFree:         735424 kB
Dirty:                 0 kB
Writeback:             0 kB
AnonPages:        441268 kB
Mapped:           316192 kB
Shmem:               964 kB
Slab:              52792 kB
SReclaimable:      17084 kB
SUnreclaim:        35708 kB
KernelStack:       11016 kB
PageTables:        29868 kB
NFS_Unstable:          0 kB
Bounce:                0 kB
WritebackTmp:          0 kB
CommitLimit:     1479712 kB
Committed_AS:   64773968 kB
VmallocTotal:     319488 kB
VmallocUsed:       20524 kB
VmallocChunk:     160780 kB
Time pass: 179 sec

---2015-12-03 21:52:43
MemTotal:        1386568 kB
MemFree:           77248 kB
Buffers:           12404 kB
Cached:           530820 kB
SwapCached:         4680 kB
Active:           479448 kB
Inactive:         502500 kB
Active(anon):     207688 kB
Inactive(anon):   235132 kB
Active(file):     271760 kB
Inactive(file):   267368 kB
Unevictable:        3132 kB
Mlocked:               0 kB
HighTotal:        849920 kB
HighFree:           9044 kB
LowTotal:         536648 kB
LowFree:           68204 kB
SwapTotal:        786428 kB
SwapFree:         735424 kB
Dirty:                64 kB
Writeback:             0 kB
AnonPages:        440240 kB
Mapped:           316200 kB
Shmem:               964 kB
Slab:              53016 kB
SReclaimable:      17084 kB
SUnreclaim:        35932 kB
KernelStack:       11040 kB
PageTables:        29888 kB
NFS_Unstable:          0 kB
Bounce:                0 kB
WritebackTmp:          0 kB
CommitLimit:     1479712 kB
Committed_AS:   64774064 kB
VmallocTotal:     319488 kB
VmallocUsed:       20456 kB
VmallocChunk:     160780 kB
Time pass: 183 sec

---2015-12-03 21:52:43
MemTotal:        1386568 kB
MemFree:           77684 kB
Buffers:           12420 kB
Cached:           530820 kB
SwapCached:         4680 kB
Active:           479412 kB
Inactive:         502496 kB
Active(anon):     207652 kB
Inactive(anon):   235112 kB
Active(file):     271760 kB
Inactive(file):   267384 kB
Unevictable:        3132 kB
Mlocked:               0 kB
HighTotal:        849920 kB
HighFree:           8912 kB
LowTotal:         536648 kB
LowFree:           68772 kB
SwapTotal:        786428 kB
SwapFree:         735436 kB
Dirty:                 0 kB
Writeback:             0 kB
AnonPages:        440256 kB
Mapped:           316192 kB
Shmem:               964 kB
Slab:              52792 kB
SReclaimable:      17084 kB
SUnreclaim:        35708 kB
KernelStack:       11048 kB
PageTables:        29868 kB
NFS_Unstable:          0 kB
Bounce:                0 kB
WritebackTmp:          0 kB
CommitLimit:     1479712 kB
Committed_AS:   64774128 kB
VmallocTotal:     319488 kB
VmallocUsed:       20524 kB
VmallocChunk:     160780 kB
Time pass: 187 sec

---2015-12-03 21:52:43
MemTotal:        1386568 kB
MemFree:           77108 kB
Buffers:           12436 kB
Cached:           530976 kB
SwapCached:         4684 kB
Active:           480564 kB
Inactive:         502640 kB
Active(anon):     208776 kB
Inactive(anon):   235112 kB
Active(file):     271788 kB
Inactive(file):   267528 kB
Unevictable:        3132 kB
Mlocked:               0 kB
HighTotal:        849920 kB
HighFree:           8768 kB
LowTotal:         536648 kB
LowFree:           68340 kB
SwapTotal:        786428 kB
SwapFree:         735476 kB
Dirty:                84 kB
Writeback:             0 kB
AnonPages:        441192 kB
Mapped:           316212 kB
Shmem:               964 kB
Slab:              52888 kB
SReclaimable:      17084 kB
SUnreclaim:        35804 kB
KernelStack:       11032 kB
PageTables:        29888 kB
NFS_Unstable:          0 kB
Bounce:                0 kB
WritebackTmp:          0 kB
CommitLimit:     1479712 kB
Committed_AS:   64774352 kB
VmallocTotal:     319488 kB
VmallocUsed:       20456 kB
VmallocChunk:     160780 kB
Time pass: 191 sec

---2015-12-03 21:52:43
MemTotal:        1386568 kB
MemFree:           75124 kB
Buffers:           12444 kB
Cached:           530976 kB
SwapCached:         4684 kB
Active:           481444 kB
Inactive:         502620 kB
Active(anon):     209656 kB
Inactive(anon):   235084 kB
Active(file):     271788 kB
Inactive(file):   267536 kB
Unevictable:        3132 kB
Mlocked:               0 kB
HighTotal:        849920 kB
HighFree:           8800 kB
LowTotal:         536648 kB
LowFree:           66324 kB
SwapTotal:        786428 kB
SwapFree:         735552 kB
Dirty:                60 kB
Writeback:             0 kB
AnonPages:        442188 kB
Mapped:           316212 kB
Shmem:               964 kB
Slab:              52732 kB
SReclaimable:      17084 kB
SUnreclaim:        35648 kB
KernelStack:       11056 kB
PageTables:        29872 kB
NFS_Unstable:          0 kB
Bounce:                0 kB
WritebackTmp:          0 kB
CommitLimit:     1479712 kB
Committed_AS:   64774448 kB
VmallocTotal:     319488 kB
VmallocUsed:       20524 kB
VmallocChunk:     160780 kB
Time pass: 195 sec

---2015-12-03 21:52:43
MemTotal:        1386568 kB
MemFree:           76528 kB
Buffers:           12460 kB
Cached:           530976 kB
SwapCached:         4684 kB
Active:           480500 kB
Inactive:         502308 kB
Active(anon):     208712 kB
Inactive(anon):   234756 kB
Active(file):     271788 kB
Inactive(file):   267552 kB
Unevictable:        3132 kB
Mlocked:               0 kB
HighTotal:        849920 kB
HighFree:           8788 kB
LowTotal:         536648 kB
LowFree:           67740 kB
SwapTotal:        786428 kB
SwapFree:         735552 kB
Dirty:                 0 kB
Writeback:            12 kB
AnonPages:        440956 kB
Mapped:           316268 kB
Shmem:               964 kB
Slab:              52780 kB
SReclaimable:      17084 kB
SUnreclaim:        35696 kB
KernelStack:       10824 kB
PageTables:        29872 kB
NFS_Unstable:          0 kB
Bounce:                0 kB
WritebackTmp:          0 kB
CommitLimit:     1479712 kB
Committed_AS:   64774104 kB
VmallocTotal:     319488 kB
VmallocUsed:       20524 kB
VmallocChunk:     160780 kB
Time pass: 198 sec

---2015-12-03 21:52:43
MemTotal:        1386568 kB
MemFree:           75588 kB
Buffers:           12468 kB
Cached:           531036 kB
SwapCached:         4684 kB
Active:           481332 kB
Inactive:         502360 kB
Active(anon):     209540 kB
Inactive(anon):   234800 kB
Active(file):     271792 kB
Inactive(file):   267560 kB
Unevictable:        3132 kB
Mlocked:               0 kB
HighTotal:        849920 kB
HighFree:           8700 kB
LowTotal:         536648 kB
LowFree:           66888 kB
SwapTotal:        786428 kB
SwapFree:         735552 kB
Dirty:                64 kB
Writeback:             0 kB
AnonPages:        441744 kB
Mapped:           316268 kB
Shmem:              1020 kB
Slab:              52876 kB
SReclaimable:      17084 kB
SUnreclaim:        35792 kB
KernelStack:       10864 kB
PageTables:        29848 kB
NFS_Unstable:          0 kB
Bounce:                0 kB
WritebackTmp:          0 kB
CommitLimit:     1479712 kB
Committed_AS:   64774184 kB
VmallocTotal:     319488 kB
VmallocUsed:       20524 kB
VmallocChunk:     160780 kB
Time pass: 203 sec

---2015-12-03 21:52:43
MemTotal:        1386568 kB
MemFree:           75256 kB
Buffers:           12484 kB
Cached:           531132 kB
SwapCached:         4684 kB
Active:           482736 kB
Inactive:         502408 kB
Active(anon):     210944 kB
Inactive(anon):   234832 kB
Active(file):     271792 kB
Inactive(file):   267576 kB
Unevictable:        3132 kB
Mlocked:               0 kB
HighTotal:        849920 kB
HighFree:           8692 kB
LowTotal:         536648 kB
LowFree:           66564 kB
SwapTotal:        786428 kB
SwapFree:         735556 kB
Dirty:                16 kB
Writeback:             0 kB
AnonPages:        443020 kB
Mapped:           316316 kB
Shmem:              1116 kB
Slab:              52620 kB
SReclaimable:      17084 kB
SUnreclaim:        35536 kB
KernelStack:       10864 kB
PageTables:        29848 kB
NFS_Unstable:          0 kB
Bounce:                0 kB
WritebackTmp:          0 kB
CommitLimit:     1479712 kB
Committed_AS:   64774244 kB
VmallocTotal:     319488 kB
VmallocUsed:       20456 kB
VmallocChunk:     160780 kB
Time pass: 207 sec

---2015-12-03 21:52:43
MemTotal:        1386568 kB
MemFree:           74520 kB
Buffers:           12492 kB
Cached:           531132 kB
SwapCached:         4684 kB
Active:           482944 kB
Inactive:         502412 kB
Active(anon):     211152 kB
Inactive(anon):   234828 kB
Active(file):     271792 kB
Inactive(file):   267584 kB
Unevictable:        3132 kB
Mlocked:               0 kB
HighTotal:        849920 kB
HighFree:           9044 kB
LowTotal:         536648 kB
LowFree:           65476 kB
SwapTotal:        786428 kB
SwapFree:         735556 kB
Dirty:                36 kB
Writeback:             0 kB
AnonPages:        443420 kB
Mapped:           316420 kB
Shmem:              1116 kB
Slab:              52652 kB
SReclaimable:      17084 kB
SUnreclaim:        35568 kB
KernelStack:       10872 kB
PageTables:        29868 kB
NFS_Unstable:          0 kB
Bounce:                0 kB
WritebackTmp:          0 kB
CommitLimit:     1479712 kB
Committed_AS:   64774464 kB
VmallocTotal:     319488 kB
VmallocUsed:       20524 kB
VmallocChunk:     160780 kB
Time pass: 210 sec

---2015-12-03 21:52:43
MemTotal:        1386568 kB
MemFree:           72736 kB
Buffers:           12508 kB
Cached:           531556 kB
SwapCached:         4684 kB
Active:           483248 kB
Inactive:         502784 kB
Active(anon):     211456 kB
Inactive(anon):   234816 kB
Active(file):     271792 kB
Inactive(file):   267968 kB
Unevictable:        3132 kB
Mlocked:               0 kB
HighTotal:        849920 kB
HighFree:           9428 kB
LowTotal:         536648 kB
LowFree:           63308 kB
SwapTotal:        786428 kB
SwapFree:         735556 kB
Dirty:                 0 kB
Writeback:             0 kB
AnonPages:        443560 kB
Mapped:           316452 kB
Shmem:              1172 kB
Slab:              52808 kB
SReclaimable:      17084 kB
SUnreclaim:        35724 kB
KernelStack:       10856 kB
PageTables:        29852 kB
NFS_Unstable:          0 kB
Bounce:                0 kB
WritebackTmp:          0 kB
CommitLimit:     1479712 kB
Committed_AS:   64773216 kB
VmallocTotal:     319488 kB
VmallocUsed:       20524 kB
VmallocChunk:     160780 kB
Time pass: 215 sec

---2015-12-03 21:52:43
MemTotal:        1386568 kB
MemFree:           71500 kB
Buffers:           12532 kB
Cached:           532596 kB
SwapCached:         4684 kB
Active:           483316 kB
Inactive:         503728 kB
Active(anon):     211432 kB
Inactive(anon):   234812 kB
Active(file):     271884 kB
Inactive(file):   268916 kB
Unevictable:        3132 kB
Mlocked:               0 kB
HighTotal:        849920 kB
HighFree:           8760 kB
LowTotal:         536648 kB
LowFree:           62740 kB
SwapTotal:        786428 kB
SwapFree:         735556 kB
Dirty:                80 kB
Writeback:             0 kB
AnonPages:        443476 kB
Mapped:           316856 kB
Shmem:              1196 kB
Slab:              52808 kB
SReclaimable:      17084 kB
SUnreclaim:        35724 kB
KernelStack:       10960 kB
PageTables:        30324 kB
NFS_Unstable:          0 kB
Bounce:                0 kB
WritebackTmp:          0 kB
CommitLimit:     1479712 kB
Committed_AS:   66015792 kB
VmallocTotal:     319488 kB
VmallocUsed:       20524 kB
VmallocChunk:     160780 kB
Time pass: 219 sec

---2015-12-03 21:52:43
MemTotal:        1386568 kB
MemFree:           73968 kB
Buffers:           12540 kB
Cached:           532596 kB
SwapCached:         4684 kB
Active:           481756 kB
Inactive:         503520 kB
Active(anon):     209872 kB
Inactive(anon):   234596 kB
Active(file):     271884 kB
Inactive(file):   268924 kB
Unevictable:        3132 kB
Mlocked:               0 kB
HighTotal:        849920 kB
HighFree:          10468 kB
LowTotal:         536648 kB
LowFree:           63500 kB
SwapTotal:        786428 kB
SwapFree:         735556 kB
Dirty:                64 kB
Writeback:             0 kB
AnonPages:        441748 kB
Mapped:           316748 kB
Shmem:              1196 kB
Slab:              52856 kB
SReclaimable:      17084 kB
SUnreclaim:        35772 kB
KernelStack:       10800 kB
PageTables:        30304 kB
NFS_Unstable:          0 kB
Bounce:                0 kB
WritebackTmp:          0 kB
CommitLimit:     1479712 kB
Committed_AS:   66015740 kB
VmallocTotal:     319488 kB
VmallocUsed:       20456 kB
VmallocChunk:     160780 kB
Time pass: 223 sec

---2015-12-03 21:52:43
MemTotal:        1386568 kB
MemFree:           71336 kB
Buffers:           12620 kB
Cached:           532936 kB
SwapCached:         4684 kB
Active:           484948 kB
Inactive:         503472 kB
Active(anon):     212884 kB
Inactive(anon):   234308 kB
Active(file):     272064 kB
Inactive(file):   269164 kB
Unevictable:        3132 kB
Mlocked:               0 kB
HighTotal:        849920 kB
HighFree:           9536 kB
LowTotal:         536648 kB
LowFree:           61800 kB
SwapTotal:        786428 kB
SwapFree:         735556 kB
Dirty:                12 kB
Writeback:             0 kB
AnonPages:        444360 kB
Mapped:           316792 kB
Shmem:              1196 kB
Slab:              52852 kB
SReclaimable:      17108 kB
SUnreclaim:        35744 kB
KernelStack:       10824 kB
PageTables:        30304 kB
NFS_Unstable:          0 kB
Bounce:                0 kB
WritebackTmp:          0 kB
CommitLimit:     1479712 kB
Committed_AS:   66016296 kB
VmallocTotal:     319488 kB
VmallocUsed:       20456 kB
VmallocChunk:     160780 kB
Time pass: 227 sec

---2015-12-03 21:52:43
MemTotal:        1386568 kB
MemFree:           71840 kB
Buffers:           12620 kB
Cached:           532936 kB
SwapCached:         4684 kB
Active:           483988 kB
Inactive:         502984 kB
Active(anon):     211496 kB
Inactive(anon):   234248 kB
Active(file):     272492 kB
Inactive(file):   268736 kB
Unevictable:        3132 kB
Mlocked:               0 kB
HighTotal:        849920 kB
HighFree:           9800 kB
LowTotal:         536648 kB
LowFree:           62040 kB
SwapTotal:        786428 kB
SwapFree:         735560 kB
Dirty:                16 kB
Writeback:             0 kB
AnonPages:        442952 kB
Mapped:           316568 kB
Shmem:              1196 kB
Slab:              52832 kB
SReclaimable:      17108 kB
SUnreclaim:        35724 kB
KernelStack:       10864 kB
PageTables:        30308 kB
NFS_Unstable:          0 kB
Bounce:                0 kB
WritebackTmp:          0 kB
CommitLimit:     1479712 kB
Committed_AS:   66016536 kB
VmallocTotal:     319488 kB
VmallocUsed:       20456 kB
VmallocChunk:     160780 kB
Time pass: 231 sec

---2015-12-03 21:52:43
MemTotal:        1386568 kB
MemFree:           71328 kB
Buffers:           12644 kB
Cached:           532936 kB
SwapCached:         4684 kB
Active:           484276 kB
Inactive:         502996 kB
Active(anon):     211784 kB
Inactive(anon):   234236 kB
Active(file):     272492 kB
Inactive(file):   268760 kB
Unevictable:        3132 kB
Mlocked:               0 kB
HighTotal:        849920 kB
HighFree:           8804 kB
LowTotal:         536648 kB
LowFree:           62524 kB
SwapTotal:        786428 kB
SwapFree:         735560 kB
Dirty:               100 kB
Writeback:             0 kB
AnonPages:        443224 kB
Mapped:           316616 kB
Shmem:              1196 kB
Slab:              52864 kB
SReclaimable:      17108 kB
SUnreclaim:        35756 kB
KernelStack:       10872 kB
PageTables:        30312 kB
NFS_Unstable:          0 kB
Bounce:                0 kB
WritebackTmp:          0 kB
CommitLimit:     1479712 kB
Committed_AS:   66020620 kB
VmallocTotal:     319488 kB
VmallocUsed:       20524 kB
VmallocChunk:     160780 kB
Time pass: 235 sec

---2015-12-03 21:52:43
MemTotal:        1386568 kB
MemFree:           68384 kB
Buffers:           12660 kB
Cached:           533728 kB
SwapCached:         4684 kB
Active:           485928 kB
Inactive:         503764 kB
Active(anon):     213436 kB
Inactive(anon):   234200 kB
Active(file):     272492 kB
Inactive(file):   269564 kB
Unevictable:        3132 kB
Mlocked:               0 kB
HighTotal:        849920 kB
HighFree:           8764 kB
LowTotal:         536648 kB
LowFree:           59620 kB
SwapTotal:        786428 kB
SwapFree:         735572 kB
Dirty:                 0 kB
Writeback:             0 kB
AnonPages:        444892 kB
Mapped:           316724 kB
Shmem:              1200 kB
Slab:              52796 kB
SReclaimable:      17108 kB
SUnreclaim:        35688 kB
KernelStack:       10864 kB
PageTables:        30320 kB
NFS_Unstable:          0 kB
Bounce:                0 kB
WritebackTmp:          0 kB
CommitLimit:     1479712 kB
Committed_AS:   66025376 kB
VmallocTotal:     319488 kB
VmallocUsed:       20524 kB
VmallocChunk:     160780 kB
Time pass: 239 sec

---2015-12-03 21:52:43
MemTotal:        1386568 kB
MemFree:           70404 kB
Buffers:           12668 kB
Cached:           533732 kB
SwapCached:         4684 kB
Active:           483672 kB
Inactive:         503772 kB
Active(anon):     211176 kB
Inactive(anon):   234200 kB
Active(file):     272496 kB
Inactive(file):   269572 kB
Unevictable:        3132 kB
Mlocked:               0 kB
HighTotal:        849920 kB
HighFree:           9084 kB
LowTotal:         536648 kB
LowFree:           61320 kB
SwapTotal:        786428 kB
SwapFree:         735584 kB
Dirty:                84 kB
Writeback:             0 kB
AnonPages:        442516 kB
Mapped:           316724 kB
Shmem:              1200 kB
Slab:              53016 kB
SReclaimable:      17108 kB
SUnreclaim:        35908 kB
KernelStack:       10888 kB
PageTables:        30320 kB
NFS_Unstable:          0 kB
Bounce:                0 kB
WritebackTmp:          0 kB
CommitLimit:     1479712 kB
Committed_AS:   66025448 kB
VmallocTotal:     319488 kB
VmallocUsed:       20524 kB
VmallocChunk:     160780 kB
Time pass: 243 sec

---2015-12-03 21:52:43
MemTotal:        1386568 kB
MemFree:           71544 kB
Buffers:           12684 kB
Cached:           533732 kB
SwapCached:         4684 kB
Active:           483808 kB
Inactive:         503764 kB
Active(anon):     211312 kB
Inactive(anon):   234176 kB
Active(file):     272496 kB
Inactive(file):   269588 kB
Unevictable:        3132 kB
Mlocked:               0 kB
HighTotal:        849920 kB
HighFree:           8708 kB
LowTotal:         536648 kB
LowFree:           62836 kB
SwapTotal:        786428 kB
SwapFree:         735584 kB
Dirty:               100 kB
Writeback:             0 kB
AnonPages:        442688 kB
Mapped:           316620 kB
Shmem:              1200 kB
Slab:              52824 kB
SReclaimable:      17108 kB
SUnreclaim:        35716 kB
KernelStack:       10832 kB
PageTables:        30304 kB
NFS_Unstable:          0 kB
Bounce:                0 kB
WritebackTmp:          0 kB
CommitLimit:     1479712 kB
Committed_AS:   66029624 kB
VmallocTotal:     319488 kB
VmallocUsed:       20456 kB
VmallocChunk:     160780 kB
Time pass: 247 sec

---2015-12-03 21:52:43
MemTotal:        1386568 kB
MemFree:           70344 kB
Buffers:           12692 kB
Cached:           534132 kB
SwapCached:         4848 kB
Active:           484276 kB
Inactive:         504068 kB
Active(anon):     211780 kB
Inactive(anon):   234072 kB
Active(file):     272496 kB
Inactive(file):   269996 kB
Unevictable:        3132 kB
Mlocked:               0 kB
HighTotal:        849920 kB
HighFree:           9268 kB
LowTotal:         536648 kB
LowFree:           61076 kB
SwapTotal:        786428 kB
SwapFree:         735728 kB
Dirty:                68 kB
Writeback:             0 kB
AnonPages:        443120 kB
Mapped:           316612 kB
Shmem:              1200 kB
Slab:              52920 kB
SReclaimable:      17108 kB
SUnreclaim:        35812 kB
KernelStack:       10856 kB
PageTables:        30304 kB
NFS_Unstable:          0 kB
Bounce:                0 kB
WritebackTmp:          0 kB
CommitLimit:     1479712 kB
Committed_AS:   66029824 kB
VmallocTotal:     319488 kB
VmallocUsed:       20524 kB
VmallocChunk:     160780 kB
Time pass: 251 sec

---2015-12-03 21:52:43
MemTotal:        1386568 kB
MemFree:           79604 kB
Buffers:           12708 kB
Cached:           534132 kB
SwapCached:         4848 kB
Active:           476132 kB
Inactive:         502900 kB
Active(anon):     203632 kB
Inactive(anon):   232892 kB
Active(file):     272500 kB
Inactive(file):   270008 kB
Unevictable:        3132 kB
Mlocked:               0 kB
HighTotal:        849920 kB
HighFree:          14436 kB
LowTotal:         536648 kB
LowFree:           65168 kB
SwapTotal:        786428 kB
SwapFree:         735732 kB
Dirty:                16 kB
Writeback:             0 kB
AnonPages:        433632 kB
Mapped:           316488 kB
Shmem:              1200 kB
Slab:              52816 kB
SReclaimable:      17108 kB
SUnreclaim:        35708 kB
KernelStack:       10856 kB
PageTables:        30332 kB
NFS_Unstable:          0 kB
Bounce:                0 kB
WritebackTmp:          0 kB
CommitLimit:     1479712 kB
Committed_AS:   66029896 kB
VmallocTotal:     319488 kB
VmallocUsed:       20524 kB
VmallocChunk:     160780 kB
Time pass: 255 sec

---2015-12-03 21:52:43
MemTotal:        1386568 kB
MemFree:           80536 kB
Buffers:           12716 kB
Cached:           534132 kB
SwapCached:         4848 kB
Active:           476436 kB
Inactive:         502912 kB
Active(anon):     203940 kB
Inactive(anon):   232892 kB
Active(file):     272496 kB
Inactive(file):   270020 kB
Unevictable:        3132 kB
Mlocked:               0 kB
HighTotal:        849920 kB
HighFree:          14808 kB
LowTotal:         536648 kB
LowFree:           65728 kB
SwapTotal:        786428 kB
SwapFree:         735736 kB
Dirty:                48 kB
Writeback:             0 kB
AnonPages:        434052 kB
Mapped:           316564 kB
Shmem:              1200 kB
Slab:              52780 kB
SReclaimable:      17108 kB
SUnreclaim:        35672 kB
KernelStack:       10816 kB
PageTables:        30332 kB
NFS_Unstable:          0 kB
Bounce:                0 kB
WritebackTmp:          0 kB
CommitLimit:     1479712 kB
Committed_AS:   66030092 kB
VmallocTotal:     319488 kB
VmallocUsed:       20456 kB
VmallocChunk:     160780 kB
Time pass: 259 sec

---2015-12-03 21:52:43
MemTotal:        1386568 kB
MemFree:           78452 kB
Buffers:           12732 kB
Cached:           534136 kB
SwapCached:         4848 kB
Active:           477996 kB
Inactive:         502868 kB
Active(anon):     205496 kB
Inactive(anon):   232832 kB
Active(file):     272500 kB
Inactive(file):   270036 kB
Unevictable:        3132 kB
Mlocked:               0 kB
HighTotal:        849920 kB
HighFree:          12292 kB
LowTotal:         536648 kB
LowFree:           66160 kB
SwapTotal:        786428 kB
SwapFree:         735736 kB
Dirty:                84 kB
Writeback:             0 kB
AnonPages:        435448 kB
Mapped:           316612 kB
Shmem:              1200 kB
Slab:              52848 kB
SReclaimable:      17108 kB
SUnreclaim:        35740 kB
KernelStack:       10816 kB
PageTables:        30332 kB
NFS_Unstable:          0 kB
Bounce:                0 kB
WritebackTmp:          0 kB
CommitLimit:     1479712 kB
Committed_AS:   66030256 kB
VmallocTotal:     319488 kB
VmallocUsed:       20524 kB
VmallocChunk:     160780 kB
Time pass: 263 sec

---2015-12-03 21:52:43
MemTotal:        1386568 kB
MemFree:           78120 kB
Buffers:           12748 kB
Cached:           534136 kB
SwapCached:         4844 kB
Active:           478632 kB
Inactive:         501296 kB
Active(anon):     204600 kB
Inactive(anon):   232776 kB
Active(file):     274032 kB
Inactive(file):   268520 kB
Unevictable:        3132 kB
Mlocked:               0 kB
HighTotal:        849920 kB
HighFree:          10612 kB
LowTotal:         536648 kB
LowFree:           67508 kB
SwapTotal:        786428 kB
SwapFree:         735740 kB
Dirty:                88 kB
Writeback:             0 kB
AnonPages:        434568 kB
Mapped:           316560 kB
Shmem:              1200 kB
Slab:              53136 kB
SReclaimable:      17108 kB
SUnreclaim:        36028 kB
KernelStack:       10848 kB
PageTables:        30284 kB
NFS_Unstable:          0 kB
Bounce:                0 kB
WritebackTmp:          0 kB
CommitLimit:     1479712 kB
Committed_AS:   66029324 kB
VmallocTotal:     319488 kB
VmallocUsed:       20524 kB
VmallocChunk:     160780 kB
Time pass: 268 sec

---2015-12-03 21:52:43
MemTotal:        1386568 kB
MemFree:           79340 kB
Buffers:           12756 kB
Cached:           534136 kB
SwapCached:         4844 kB
Active:           478152 kB
Inactive:         501304 kB
Active(anon):     204120 kB
Inactive(anon):   232776 kB
Active(file):     274032 kB
Inactive(file):   268528 kB
Unevictable:        3132 kB
Mlocked:               0 kB
HighTotal:        849920 kB
HighFree:          10076 kB
LowTotal:         536648 kB
LowFree:           69264 kB
SwapTotal:        786428 kB
SwapFree:         735740 kB
Dirty:                48 kB
Writeback:             0 kB
AnonPages:        434084 kB
Mapped:           316616 kB
Shmem:              1200 kB
Slab:              52912 kB
SReclaimable:      17108 kB
SUnreclaim:        35804 kB
KernelStack:       10856 kB
PageTables:        30332 kB
NFS_Unstable:          0 kB
Bounce:                0 kB
WritebackTmp:          0 kB
CommitLimit:     1479712 kB
Committed_AS:   66029488 kB
VmallocTotal:     319488 kB
VmallocUsed:       20524 kB
VmallocChunk:     160780 kB
Time pass: 271 sec

---2015-12-03 21:52:43
MemTotal:        1386568 kB
MemFree:           78876 kB
Buffers:           12772 kB
Cached:           534164 kB
SwapCached:         4844 kB
Active:           478916 kB
Inactive:         501336 kB
Active(anon):     204884 kB
Inactive(anon):   232792 kB
Active(file):     274032 kB
Inactive(file):   268544 kB
Unevictable:        3132 kB
Mlocked:               0 kB
HighTotal:        849920 kB
HighFree:           9092 kB
LowTotal:         536648 kB
LowFree:           69784 kB
SwapTotal:        786428 kB
SwapFree:         735740 kB
Dirty:                 8 kB
Writeback:             0 kB
AnonPages:        435024 kB
Mapped:           316588 kB
Shmem:              1228 kB
Slab:              52720 kB
SReclaimable:      17108 kB
SUnreclaim:        35612 kB
KernelStack:       10792 kB
PageTables:        30288 kB
NFS_Unstable:          0 kB
Bounce:                0 kB
WritebackTmp:          0 kB
CommitLimit:     1479712 kB
Committed_AS:   66029592 kB
VmallocTotal:     319488 kB
VmallocUsed:       20524 kB
VmallocChunk:     160780 kB
Time pass: 276 sec

---2015-12-03 21:52:43
MemTotal:        1386568 kB
MemFree:           78164 kB
Buffers:           12796 kB
Cached:           534148 kB
SwapCached:         4844 kB
Active:           479592 kB
Inactive:         501340 kB
Active(anon):     205556 kB
Inactive(anon):   232792 kB
Active(file):     274036 kB
Inactive(file):   268548 kB
Unevictable:        3132 kB
Mlocked:               0 kB
HighTotal:        849920 kB
HighFree:           8812 kB
LowTotal:         536648 kB
LowFree:           69352 kB
SwapTotal:        786428 kB
SwapFree:         735740 kB
Dirty:                64 kB
Writeback:             0 kB
AnonPages:        435404 kB
Mapped:           316616 kB
Shmem:              1228 kB
Slab:              53012 kB
SReclaimable:      17108 kB
SUnreclaim:        35904 kB
KernelStack:       10864 kB
PageTables:        30476 kB
NFS_Unstable:          0 kB
Bounce:                0 kB
WritebackTmp:          0 kB
CommitLimit:     1479712 kB
Committed_AS:   66029848 kB
VmallocTotal:     319488 kB
VmallocUsed:       20524 kB
VmallocChunk:     160780 kB
Time pass: 279 sec

---2015-12-03 21:52:43
MemTotal:        1386568 kB
MemFree:           77960 kB
Buffers:           12812 kB
Cached:           534148 kB
SwapCached:         4844 kB
Active:           480492 kB
Inactive:         501348 kB
Active(anon):     206460 kB
Inactive(anon):   232780 kB
Active(file):     274032 kB
Inactive(file):   268568 kB
Unevictable:        3132 kB
Mlocked:               0 kB
HighTotal:        849920 kB
HighFree:           8760 kB
LowTotal:         536648 kB
LowFree:           69200 kB
SwapTotal:        786428 kB
SwapFree:         735740 kB
Dirty:                 4 kB
Writeback:             0 kB
AnonPages:        436468 kB
Mapped:           316512 kB
Shmem:              1228 kB
Slab:              52856 kB
SReclaimable:      17108 kB
SUnreclaim:        35748 kB
KernelStack:       10856 kB
PageTables:        30332 kB
NFS_Unstable:          0 kB
Bounce:                0 kB
WritebackTmp:          0 kB
CommitLimit:     1479712 kB
Committed_AS:   66029896 kB
VmallocTotal:     319488 kB
VmallocUsed:       20524 kB
VmallocChunk:     160780 kB
Time pass: 284 sec

---2015-12-03 21:52:43
MemTotal:        1386568 kB
MemFree:           78092 kB
Buffers:           12812 kB
Cached:           534168 kB
SwapCached:         4844 kB
Active:           479344 kB
Inactive:         501300 kB
Active(anon):     205280 kB
Inactive(anon):   232744 kB
Active(file):     274064 kB
Inactive(file):   268556 kB
Unevictable:        3132 kB
Mlocked:               0 kB
HighTotal:        849920 kB
HighFree:           9852 kB
LowTotal:         536648 kB
LowFree:           68240 kB
SwapTotal:        786428 kB
SwapFree:         735740 kB
Dirty:                68 kB
Writeback:             0 kB
AnonPages:        435320 kB
Mapped:           316660 kB
Shmem:              1228 kB
Slab:              52928 kB
SReclaimable:      17108 kB
SUnreclaim:        35820 kB
KernelStack:       10840 kB
PageTables:        30332 kB
NFS_Unstable:          0 kB
Bounce:                0 kB
WritebackTmp:          0 kB
CommitLimit:     1479712 kB
Committed_AS:   66029960 kB
VmallocTotal:     319488 kB
VmallocUsed:       20524 kB
VmallocChunk:     160780 kB
Time pass: 287 sec

---2015-12-03 21:52:43
MemTotal:        1386568 kB
MemFree:           76684 kB
Buffers:           12820 kB
Cached:           534168 kB
SwapCached:         4844 kB
Active:           480152 kB
Inactive:         501288 kB
Active(anon):     206088 kB
Inactive(anon):   232724 kB
Active(file):     274064 kB
Inactive(file):   268564 kB
Unevictable:        3132 kB
Mlocked:               0 kB
HighTotal:        849920 kB
HighFree:           8776 kB
LowTotal:         536648 kB
LowFree:           67908 kB
SwapTotal:        786428 kB
SwapFree:         735740 kB
Dirty:                 8 kB
Writeback:             0 kB
AnonPages:        436152 kB
Mapped:           316776 kB
Shmem:              1228 kB
Slab:              52964 kB
SReclaimable:      17108 kB
SUnreclaim:        35856 kB
KernelStack:       10808 kB
PageTables:        30392 kB
NFS_Unstable:          0 kB
Bounce:                0 kB
WritebackTmp:          0 kB
CommitLimit:     1479712 kB
Committed_AS:   66030288 kB
VmallocTotal:     319488 kB
VmallocUsed:       20524 kB
VmallocChunk:     160780 kB
Time pass: 292 sec

---2015-12-03 21:52:43
MemTotal:        1386568 kB
MemFree:           76704 kB
Buffers:           12836 kB
Cached:           534168 kB
SwapCached:         4844 kB
Active:           481512 kB
Inactive:         501304 kB
Active(anon):     207448 kB
Inactive(anon):   232724 kB
Active(file):     274064 kB
Inactive(file):   268580 kB
Unevictable:        3132 kB
Mlocked:               0 kB
HighTotal:        849920 kB
HighFree:           8812 kB
LowTotal:         536648 kB
LowFree:           67892 kB
SwapTotal:        786428 kB
SwapFree:         735740 kB
Dirty:                72 kB
Writeback:             0 kB
AnonPages:        437292 kB
Mapped:           316660 kB
Shmem:              1228 kB
Slab:              52836 kB
SReclaimable:      17108 kB
SUnreclaim:        35728 kB
KernelStack:       10840 kB
PageTables:        30356 kB
NFS_Unstable:          0 kB
Bounce:                0 kB
WritebackTmp:          0 kB
CommitLimit:     1479712 kB
Committed_AS:   66030344 kB
VmallocTotal:     319488 kB
VmallocUsed:       20524 kB
VmallocChunk:     160780 kB
Time pass: 296 sec

---2015-12-03 21:52:43
MemTotal:        1386568 kB
MemFree:           76824 kB
Buffers:           12860 kB
Cached:           534284 kB
SwapCached:         4844 kB
Active:           481308 kB
Inactive:         501428 kB
Active(anon):     207244 kB
Inactive(anon):   232824 kB
Active(file):     274064 kB
Inactive(file):   268604 kB
Unevictable:        3132 kB
Mlocked:               0 kB
HighTotal:        849920 kB
HighFree:           9060 kB
LowTotal:         536648 kB
LowFree:           67764 kB
SwapTotal:        786428 kB
SwapFree:         735740 kB
Dirty:                72 kB
Writeback:             0 kB
AnonPages:        437136 kB
Mapped:           316776 kB
Shmem:              1344 kB
Slab:              52936 kB
SReclaimable:      17108 kB
SUnreclaim:        35828 kB
KernelStack:       10840 kB
PageTables:        30332 kB
NFS_Unstable:          0 kB
Bounce:                0 kB
WritebackTmp:          0 kB
CommitLimit:     1479712 kB
Committed_AS:   66029380 kB
VmallocTotal:     319488 kB
VmallocUsed:       20524 kB
VmallocChunk:     160780 kB
Time pass: 300 sec

---2015-12-03 21:52:43
MemTotal:        1386568 kB
MemFree:           77156 kB
Buffers:           12860 kB
Cached:           534416 kB
SwapCached:         4844 kB
Active:           481116 kB
Inactive:         501556 kB
Active(anon):     207048 kB
Inactive(anon):   232824 kB
Active(file):     274068 kB
Inactive(file):   268732 kB
Unevictable:        3132 kB
Mlocked:               0 kB
HighTotal:        849920 kB
HighFree:           9380 kB
LowTotal:         536648 kB
LowFree:           67776 kB
SwapTotal:        786428 kB
SwapFree:         735740 kB
Dirty:                20 kB
Writeback:             0 kB
AnonPages:        436836 kB
Mapped:           316784 kB
Shmem:              1344 kB
Slab:              53036 kB
SReclaimable:      17108 kB
SUnreclaim:        35928 kB
KernelStack:       10848 kB
PageTables:        30332 kB
NFS_Unstable:          0 kB
Bounce:                0 kB
WritebackTmp:          0 kB
CommitLimit:     1479712 kB
Committed_AS:   66029504 kB
VmallocTotal:     319488 kB
VmallocUsed:       20524 kB
VmallocChunk:     160780 kB
Time pass: 304 sec

---2015-12-03 21:52:43
MemTotal:        1386568 kB
MemFree:           77700 kB
Buffers:           12884 kB
Cached:           534416 kB
SwapCached:         4844 kB
Active:           479680 kB
Inactive:         501580 kB
Active(anon):     205612 kB
Inactive(anon):   232824 kB
Active(file):     274068 kB
Inactive(file):   268756 kB
Unevictable:        3132 kB
Mlocked:               0 kB
HighTotal:        849920 kB
HighFree:          10020 kB
LowTotal:         536648 kB
LowFree:           67680 kB
SwapTotal:        786428 kB
SwapFree:         735740 kB
Dirty:                72 kB
Writeback:             0 kB
AnonPages:        435544 kB
Mapped:           316784 kB
Shmem:              1344 kB
Slab:              53036 kB
SReclaimable:      17108 kB
SUnreclaim:        35928 kB
KernelStack:       10840 kB
PageTables:        30332 kB
NFS_Unstable:          0 kB
Bounce:                0 kB
WritebackTmp:          0 kB
CommitLimit:     1479712 kB
Committed_AS:   66029504 kB
VmallocTotal:     319488 kB
VmallocUsed:       20524 kB
VmallocChunk:     160780 kB
Time pass: 308 sec

---2015-12-03 21:52:43
MemTotal:        1386568 kB
MemFree:           76304 kB
Buffers:           12900 kB
Cached:           534412 kB
SwapCached:         4844 kB
Active:           480664 kB
Inactive:         501580 kB
Active(anon):     206592 kB
Inactive(anon):   232824 kB
Active(file):     274072 kB
Inactive(file):   268756 kB
Unevictable:        3132 kB
Mlocked:               0 kB
HighTotal:        849920 kB
HighFree:           8712 kB
LowTotal:         536648 kB
LowFree:           67592 kB
SwapTotal:        786428 kB
SwapFree:         735740 kB
Dirty:                12 kB
Writeback:             8 kB
AnonPages:        436548 kB
Mapped:           316784 kB
Shmem:              1344 kB
Slab:              52852 kB
SReclaimable:      17108 kB
SUnreclaim:        35744 kB
KernelStack:       10840 kB
PageTables:        30332 kB
NFS_Unstable:          0 kB
Bounce:                0 kB
WritebackTmp:          0 kB
CommitLimit:     1479712 kB
Committed_AS:   66029808 kB
VmallocTotal:     319488 kB
VmallocUsed:       20524 kB
VmallocChunk:     160780 kB
Time pass: 312 sec

---2015-12-03 21:52:43
MemTotal:        1386568 kB
MemFree:           75884 kB
Buffers:           12908 kB
Cached:           534408 kB
SwapCached:         4844 kB
Active:           481912 kB
Inactive:         501580 kB
Active(anon):     207840 kB
Inactive(anon):   232812 kB
Active(file):     274072 kB
Inactive(file):   268768 kB
Unevictable:        3132 kB
Mlocked:               0 kB
HighTotal:        849920 kB
HighFree:           9020 kB
LowTotal:         536648 kB
LowFree:           66864 kB
SwapTotal:        786428 kB
SwapFree:         735740 kB
Dirty:                72 kB
Writeback:             0 kB
AnonPages:        437392 kB
Mapped:           316784 kB
Shmem:              1344 kB
Slab:              53044 kB
SReclaimable:      17108 kB
SUnreclaim:        35936 kB
KernelStack:       10848 kB
PageTables:        30404 kB
NFS_Unstable:          0 kB
Bounce:                0 kB
WritebackTmp:          0 kB
CommitLimit:     1479712 kB
Committed_AS:   66038624 kB
VmallocTotal:     319488 kB
VmallocUsed:       20524 kB
VmallocChunk:     160780 kB
Time pass: 316 sec

---2015-12-03 21:52:43
MemTotal:        1386568 kB
MemFree:           75572 kB
Buffers:           12908 kB
Cached:           534416 kB
SwapCached:         4844 kB
Active:           482208 kB
Inactive:         501524 kB
Active(anon):     208140 kB
Inactive(anon):   232744 kB
Active(file):     274068 kB
Inactive(file):   268780 kB
Unevictable:        3132 kB
Mlocked:               0 kB
HighTotal:        849920 kB
HighFree:           8692 kB
LowTotal:         536648 kB
LowFree:           66880 kB
SwapTotal:        786428 kB
SwapFree:         735740 kB
Dirty:                 0 kB
Writeback:             0 kB
AnonPages:        437976 kB
Mapped:           316728 kB
Shmem:              1344 kB
Slab:              52952 kB
SReclaimable:      17108 kB
SUnreclaim:        35844 kB
KernelStack:       10832 kB
PageTables:        30316 kB
NFS_Unstable:          0 kB
Bounce:                0 kB
WritebackTmp:          0 kB
CommitLimit:     1479712 kB
Committed_AS:   66030120 kB
VmallocTotal:     319488 kB
VmallocUsed:       20524 kB
VmallocChunk:     160780 kB
Time pass: 320 sec

---2015-12-03 21:52:43
MemTotal:        1386568 kB
MemFree:           73616 kB
Buffers:           12932 kB
Cached:           535704 kB
SwapCached:         4844 kB
Active:           482024 kB
Inactive:         502784 kB
Active(anon):     207940 kB
Inactive(anon):   232708 kB
Active(file):     274084 kB
Inactive(file):   270076 kB
Unevictable:        3132 kB
Mlocked:               0 kB
HighTotal:        849920 kB
HighFree:           9888 kB
LowTotal:         536648 kB
LowFree:           63728 kB
SwapTotal:        786428 kB
SwapFree:         735752 kB
Dirty:                16 kB
Writeback:             0 kB
AnonPages:        437684 kB
Mapped:           316808 kB
Shmem:              1344 kB
Slab:              53256 kB
SReclaimable:      17108 kB
SUnreclaim:        36148 kB
KernelStack:       10840 kB
PageTables:        30336 kB
NFS_Unstable:          0 kB
Bounce:                0 kB
WritebackTmp:          0 kB
CommitLimit:     1479712 kB
Committed_AS:   66028328 kB
VmallocTotal:     319488 kB
VmallocUsed:       20524 kB
VmallocChunk:     160780 kB
Time pass: 326 sec

---2015-12-03 21:52:43
MemTotal:        1386568 kB
MemFree:           77404 kB
Buffers:           12948 kB
Cached:           535712 kB
SwapCached:         4844 kB
Active:           479136 kB
Inactive:         502796 kB
Active(anon):     205048 kB
Inactive(anon):   232700 kB
Active(file):     274088 kB
Inactive(file):   270096 kB
Unevictable:        3132 kB
Mlocked:               0 kB
HighTotal:        849920 kB
HighFree:          11928 kB
LowTotal:         536648 kB
LowFree:           65476 kB
SwapTotal:        786428 kB
SwapFree:         735752 kB
Dirty:                 8 kB
Writeback:             0 kB
AnonPages:        434956 kB
Mapped:           316852 kB
Shmem:              1344 kB
Slab:              53152 kB
SReclaimable:      17108 kB
SUnreclaim:        36044 kB
KernelStack:       10816 kB
PageTables:        30316 kB
NFS_Unstable:          0 kB
Bounce:                0 kB
WritebackTmp:          0 kB
CommitLimit:     1479712 kB
Committed_AS:   66032112 kB
VmallocTotal:     319488 kB
VmallocUsed:       20456 kB
VmallocChunk:     160780 kB
Time pass: 331 sec

---2015-12-03 21:52:43
MemTotal:        1386568 kB
MemFree:           77548 kB
Buffers:           12964 kB
Cached:           535712 kB
SwapCached:         4844 kB
Active:           477896 kB
Inactive:         502812 kB
Active(anon):     203808 kB
Inactive(anon):   232700 kB
Active(file):     274088 kB
Inactive(file):   270112 kB
Unevictable:        3132 kB
Mlocked:               0 kB
HighTotal:        849920 kB
HighFree:          12300 kB
LowTotal:         536648 kB
LowFree:           65248 kB
SwapTotal:        786428 kB
SwapFree:         735752 kB
Dirty:                84 kB
Writeback:             0 kB
AnonPages:        433624 kB
Mapped:           316956 kB
Shmem:              1344 kB
Slab:              53116 kB
SReclaimable:      17108 kB
SUnreclaim:        36008 kB
KernelStack:       10832 kB
PageTables:        30336 kB
NFS_Unstable:          0 kB
Bounce:                0 kB
WritebackTmp:          0 kB
CommitLimit:     1479712 kB
Committed_AS:   66032192 kB
VmallocTotal:     319488 kB
VmallocUsed:       20524 kB
VmallocChunk:     160780 kB
Time pass: 335 sec

---2015-12-03 21:52:43
MemTotal:        1386568 kB
MemFree:           77672 kB
Buffers:           12972 kB
Cached:           535712 kB
SwapCached:         4844 kB
Active:           478064 kB
Inactive:         502820 kB
Active(anon):     203976 kB
Inactive(anon):   232700 kB
Active(file):     274088 kB
Inactive(file):   270120 kB
Unevictable:        3132 kB
Mlocked:               0 kB
HighTotal:        849920 kB
HighFree:          11960 kB
LowTotal:         536648 kB
LowFree:           65712 kB
SwapTotal:        786428 kB
SwapFree:         735752 kB
Dirty:                52 kB
Writeback:             0 kB
AnonPages:        433792 kB
Mapped:           316900 kB
Shmem:              1344 kB
Slab:              53372 kB
SReclaimable:      17108 kB
SUnreclaim:        36264 kB
KernelStack:       10808 kB
PageTables:        30316 kB
NFS_Unstable:          0 kB
Bounce:                0 kB
WritebackTmp:          0 kB
CommitLimit:     1479712 kB
Committed_AS:   66032440 kB
VmallocTotal:     319488 kB
VmallocUsed:       20524 kB
VmallocChunk:     160780 kB
Time pass: 339 sec

---2015-12-03 21:52:43
MemTotal:        1386568 kB
MemFree:           77328 kB
Buffers:           12988 kB
Cached:           535712 kB
SwapCached:         4844 kB
Active:           478772 kB
Inactive:         502836 kB
Active(anon):     204684 kB
Inactive(anon):   232700 kB
Active(file):     274088 kB
Inactive(file):   270136 kB
Unevictable:        3132 kB
Mlocked:               0 kB
HighTotal:        849920 kB
HighFree:          10852 kB
LowTotal:         536648 kB
LowFree:           66476 kB
SwapTotal:        786428 kB
SwapFree:         735752 kB
Dirty:                12 kB
Writeback:             0 kB
AnonPages:        434660 kB
Mapped:           316808 kB
Shmem:              1344 kB
Slab:              53084 kB
SReclaimable:      17108 kB
SUnreclaim:        35976 kB
KernelStack:       10808 kB
PageTables:        30340 kB
NFS_Unstable:          0 kB
Bounce:                0 kB
WritebackTmp:          0 kB
CommitLimit:     1479712 kB
Committed_AS:   66031680 kB
VmallocTotal:     319488 kB
VmallocUsed:       20524 kB
VmallocChunk:     160780 kB
Time pass: 343 sec

---2015-12-03 21:52:43
MemTotal:        1386568 kB
MemFree:           76528 kB
Buffers:           12996 kB
Cached:           535792 kB
SwapCached:         4844 kB
Active:           479392 kB
Inactive:         502908 kB
Active(anon):     205300 kB
Inactive(anon):   232692 kB
Active(file):     274092 kB
Inactive(file):   270216 kB
Unevictable:        3132 kB
Mlocked:               0 kB
HighTotal:        849920 kB
HighFree:           9904 kB
LowTotal:         536648 kB
LowFree:           66624 kB
SwapTotal:        786428 kB
SwapFree:         735752 kB
Dirty:                68 kB
Writeback:             0 kB
AnonPages:        434956 kB
Mapped:           316976 kB
Shmem:              1348 kB
Slab:              53340 kB
SReclaimable:      17108 kB
SUnreclaim:        36232 kB
KernelStack:       10816 kB
PageTables:        30340 kB
NFS_Unstable:          0 kB
Bounce:                0 kB
WritebackTmp:          0 kB
CommitLimit:     1479712 kB
Committed_AS:   66031760 kB
VmallocTotal:     319488 kB
VmallocUsed:       20524 kB
VmallocChunk:     160780 kB
Time pass: 347 sec

---2015-12-03 21:52:43
MemTotal:        1386568 kB
MemFree:           77772 kB
Buffers:           13012 kB
Cached:           535792 kB
SwapCached:         4844 kB
Active:           478364 kB
Inactive:         502920 kB
Active(anon):     204272 kB
Inactive(anon):   232688 kB
Active(file):     274092 kB
Inactive(file):   270232 kB
Unevictable:        3132 kB
Mlocked:               0 kB
HighTotal:        849920 kB
HighFree:          10192 kB
LowTotal:         536648 kB
LowFree:           67580 kB
SwapTotal:        786428 kB
SwapFree:         735752 kB
Dirty:                 0 kB
Writeback:             0 kB
AnonPages:        434068 kB
Mapped:           316828 kB
Shmem:              1348 kB
Slab:              53112 kB
SReclaimable:      17108 kB
SUnreclaim:        36004 kB
KernelStack:       10816 kB
PageTables:        30340 kB
NFS_Unstable:          0 kB
Bounce:                0 kB
WritebackTmp:          0 kB
CommitLimit:     1479712 kB
Committed_AS:   66031876 kB
VmallocTotal:     319488 kB
VmallocUsed:       20456 kB
VmallocChunk:     160780 kB
Time pass: 351 sec

---2015-12-03 21:52:43
MemTotal:        1386568 kB
MemFree:           77644 kB
Buffers:           13028 kB
Cached:           535792 kB
SwapCached:         4844 kB
Active:           478916 kB
Inactive:         502936 kB
Active(anon):     204824 kB
Inactive(anon):   232688 kB
Active(file):     274092 kB
Inactive(file):   270248 kB
Unevictable:        3132 kB
Mlocked:               0 kB
HighTotal:        849920 kB
HighFree:           9640 kB
LowTotal:         536648 kB
LowFree:           68004 kB
SwapTotal:        786428 kB
SwapFree:         735752 kB
Dirty:                88 kB
Writeback:             0 kB
AnonPages:        434624 kB
Mapped:           316872 kB
Shmem:              1348 kB
Slab:              53140 kB
SReclaimable:      17108 kB
SUnreclaim:        36032 kB
KernelStack:       10768 kB
PageTables:        30320 kB
NFS_Unstable:          0 kB
Bounce:                0 kB
WritebackTmp:          0 kB
CommitLimit:     1479712 kB
Committed_AS:   66032072 kB
VmallocTotal:     319488 kB
VmallocUsed:       20456 kB
VmallocChunk:     160780 kB
Time pass: 355 sec

---2015-12-03 21:52:43
MemTotal:        1386568 kB
MemFree:           75864 kB
Buffers:           13036 kB
Cached:           535792 kB
SwapCached:         4844 kB
Active:           479752 kB
Inactive:         502944 kB
Active(anon):     205660 kB
Inactive(anon):   232688 kB
Active(file):     274092 kB
Inactive(file):   270256 kB
Unevictable:        3132 kB
Mlocked:               0 kB
HighTotal:        849920 kB
HighFree:           8972 kB
LowTotal:         536648 kB
LowFree:           66892 kB
SwapTotal:        786428 kB
SwapFree:         735752 kB
Dirty:                52 kB
Writeback:             0 kB
AnonPages:        435424 kB
Mapped:           316812 kB
