---2015-10-15 23:09:39
MemTotal:        1959952 kB
MemFree:          292692 kB
Buffers:            5872 kB
Cached:           780936 kB
SwapCached:         5900 kB
Active:           649128 kB
Inactive:         609460 kB
Active(anon):     262152 kB
Inactive(anon):   211820 kB
Active(file):     386976 kB
Inactive(file):   397640 kB
Unevictable:        1768 kB
Mlocked:               0 kB
HighTotal:       1372556 kB
HighFree:         188116 kB
LowTotal:         587396 kB
LowFree:          104576 kB
SwapTotal:        262140 kB
SwapFree:         173020 kB
Dirty:               368 kB
Writeback:             0 kB
AnonPages:        472140 kB
Mapped:           236324 kB
Shmem:               424 kB
Slab:              60788 kB
SReclaimable:      17748 kB
SUnreclaim:        43040 kB
KernelStack:       16272 kB
PageTables:        27480 kB
NFS_Unstable:          0 kB
Bounce:                0 kB
WritebackTmp:          0 kB
CommitLimit:     1242116 kB
Committed_AS:   56002268 kB
VmallocTotal:     409600 kB
VmallocUsed:       34320 kB
VmallocChunk:      81444 kB
Time pass: 3 sec

---2015-10-15 23:09:39
MemTotal:        1959952 kB
MemFree:          292212 kB
Buffers:            5872 kB
Cached:           780936 kB
SwapCached:         5900 kB
Active:           649516 kB
Inactive:         609460 kB
Active(anon):     262540 kB
Inactive(anon):   211820 kB
Active(file):     386976 kB
Inactive(file):   397640 kB
Unevictable:        1768 kB
Mlocked:               0 kB
HighTotal:       1372556 kB
HighFree:         187784 kB
LowTotal:         587396 kB
LowFree:          104428 kB
SwapTotal:        262140 kB
SwapFree:         173020 kB
Dirty:               368 kB
Writeback:             0 kB
AnonPages:        472396 kB
Mapped:           236324 kB
Shmem:               424 kB
Slab:              60788 kB
SReclaimable:      17748 kB
SUnreclaim:        43040 kB
KernelStack:       16272 kB
PageTables:        27480 kB
NFS_Unstable:          0 kB
Bounce:                0 kB
WritebackTmp:          0 kB
CommitLimit:     1242116 kB
Committed_AS:   56002388 kB
VmallocTotal:     409600 kB
VmallocUsed:       34320 kB
VmallocChunk:      81444 kB
Time pass: 6 sec

---2015-10-15 23:09:39
MemTotal:        1959952 kB
MemFree:          292024 kB
Buffers:            5872 kB
Cached:           780936 kB
SwapCached:         5900 kB
Active:           649256 kB
Inactive:         609464 kB
Active(anon):     262284 kB
Inactive(anon):   211820 kB
Active(file):     386972 kB
Inactive(file):   397644 kB
Unevictable:        1768 kB
Mlocked:               0 kB
HighTotal:       1372556 kB
HighFree:         187612 kB
LowTotal:         587396 kB
LowFree:          104412 kB
SwapTotal:        262140 kB
SwapFree:         173020 kB
Dirty:               372 kB
Writeback:             0 kB
AnonPages:        472224 kB
Mapped:           236456 kB
Shmem:               424 kB
Slab:              60780 kB
SReclaimable:      17748 kB
SUnreclaim:        43032 kB
KernelStack:       16312 kB
PageTables:        27508 kB
NFS_Unstable:          0 kB
Bounce:                0 kB
WritebackTmp:          0 kB
CommitLimit:     1242116 kB
Committed_AS:   56002408 kB
VmallocTotal:     409600 kB
VmallocUsed:       34320 kB
VmallocChunk:      81444 kB
Time pass: 10 sec

---2015-10-15 23:09:39
MemTotal:        1959952 kB
MemFree:          294000 kB
Buffers:            5872 kB
Cached:           780936 kB
SwapCached:         5900 kB
Active:           646992 kB
Inactive:         609464 kB
Active(anon):     260020 kB
Inactive(anon):   211820 kB
Active(file):     386972 kB
Inactive(file):   397644 kB
Unevictable:        1768 kB
Mlocked:               0 kB
HighTotal:       1372556 kB
HighFree:         189516 kB
LowTotal:         587396 kB
LowFree:          104484 kB
SwapTotal:        262140 kB
SwapFree:         173020 kB
Dirty:               372 kB
Writeback:             0 kB
AnonPages:        469880 kB
Mapped:           236284 kB
Shmem:               424 kB
Slab:              60756 kB
SReclaimable:      17748 kB
SUnreclaim:        43008 kB
KernelStack:       16272 kB
PageTables:        27480 kB
NFS_Unstable:          0 kB
Bounce:                0 kB
WritebackTmp:          0 kB
CommitLimit:     1242116 kB
Committed_AS:   56002508 kB
VmallocTotal:     409600 kB
VmallocUsed:       34320 kB
VmallocChunk:      81444 kB
Time pass: 14 sec

---2015-10-15 23:09:39
MemTotal:        1959952 kB
MemFree:          293928 kB
Buffers:            5872 kB
Cached:           780936 kB
SwapCached:         5900 kB
Active:           647216 kB
Inactive:         609460 kB
Active(anon):     260240 kB
Inactive(anon):   211820 kB
Active(file):     386976 kB
Inactive(file):   397640 kB
Unevictable:        1768 kB
Mlocked:               0 kB
HighTotal:       1372556 kB
HighFree:         189428 kB
LowTotal:         587396 kB
LowFree:          104500 kB
SwapTotal:        262140 kB
SwapFree:         173020 kB
Dirty:               404 kB
Writeback:             0 kB
AnonPages:        470292 kB
Mapped:           236292 kB
Shmem:               424 kB
Slab:              60756 kB
SReclaimable:      17748 kB
SUnreclaim:        43008 kB
KernelStack:       16256 kB
PageTables:        27480 kB
NFS_Unstable:          0 kB
Bounce:                0 kB
WritebackTmp:          0 kB
CommitLimit:     1242116 kB
Committed_AS:   56002764 kB
VmallocTotal:     409600 kB
VmallocUsed:       34320 kB
VmallocChunk:      81444 kB
Time pass: 17 sec

---2015-10-15 23:09:39
MemTotal:        1959952 kB
MemFree:          293824 kB
Buffers:            5872 kB
Cached:           780936 kB
SwapCached:         5900 kB
Active:           647344 kB
Inactive:         609460 kB
Active(anon):     260368 kB
Inactive(anon):   211820 kB
Active(file):     386976 kB
Inactive(file):   397640 kB
Unevictable:        1768 kB
Mlocked:               0 kB
HighTotal:       1372556 kB
HighFree:         189332 kB
LowTotal:         587396 kB
LowFree:          104492 kB
SwapTotal:        262140 kB
SwapFree:         173020 kB
Dirty:               368 kB
Writeback:             0 kB
AnonPages:        470388 kB
Mapped:           236292 kB
Shmem:               424 kB
Slab:              60756 kB
SReclaimable:      17748 kB
SUnreclaim:        43008 kB
KernelStack:       16256 kB
PageTables:        27480 kB
NFS_Unstable:          0 kB
Bounce:                0 kB
WritebackTmp:          0 kB
CommitLimit:     1242116 kB
Committed_AS:   56002908 kB
VmallocTotal:     409600 kB
VmallocUsed:       34320 kB
VmallocChunk:      81444 kB
Time pass: 21 sec

---2015-10-15 23:09:39
MemTotal:        1959952 kB
MemFree:          293748 kB
Buffers:            5872 kB
Cached:           780936 kB
SwapCached:         5900 kB
Active:           647440 kB
Inactive:         609460 kB
Active(anon):     260464 kB
Inactive(anon):   211820 kB
Active(file):     386976 kB
Inactive(file):   397640 kB
Unevictable:        1768 kB
Mlocked:               0 kB
HighTotal:       1372556 kB
HighFree:         189248 kB
LowTotal:         587396 kB
LowFree:          104500 kB
SwapTotal:        262140 kB
SwapFree:         173020 kB
Dirty:               368 kB
Writeback:             0 kB
AnonPages:        470440 kB
Mapped:           236292 kB
Shmem:               424 kB
Slab:              60756 kB
SReclaimable:      17748 kB
SUnreclaim:        43008 kB
KernelStack:       16256 kB
PageTables:        27480 kB
NFS_Unstable:          0 kB
Bounce:                0 kB
WritebackTmp:          0 kB
CommitLimit:     1242116 kB
Committed_AS:   56003044 kB
VmallocTotal:     409600 kB
VmallocUsed:       34320 kB
VmallocChunk:      81444 kB
Time pass: 24 sec

---2015-10-15 23:09:39
MemTotal:        1959952 kB
MemFree:          294036 kB
Buffers:            5872 kB
Cached:           780936 kB
SwapCached:         5900 kB
Active:           647504 kB
Inactive:         609460 kB
Active(anon):     260528 kB
Inactive(anon):   211820 kB
Active(file):     386976 kB
Inactive(file):   397640 kB
Unevictable:        1768 kB
Mlocked:               0 kB
HighTotal:       1372556 kB
HighFree:         189544 kB
LowTotal:         587396 kB
LowFree:          104492 kB
SwapTotal:        262140 kB
SwapFree:         173020 kB
Dirty:               368 kB
Writeback:             0 kB
AnonPages:        470512 kB
Mapped:           236320 kB
Shmem:               424 kB
Slab:              60724 kB
SReclaimable:      17748 kB
SUnreclaim:        42976 kB
KernelStack:       16280 kB
PageTables:        27488 kB
NFS_Unstable:          0 kB
Bounce:                0 kB
WritebackTmp:          0 kB
CommitLimit:     1242116 kB
Committed_AS:   56003132 kB
VmallocTotal:     409600 kB
VmallocUsed:       34320 kB
VmallocChunk:      81444 kB
Time pass: 28 sec

---2015-10-15 23:09:39
MemTotal:        1959952 kB
MemFree:          293896 kB
Buffers:            5872 kB
Cached:           780936 kB
SwapCached:         5900 kB
Active:           647548 kB
Inactive:         609460 kB
Active(anon):     260572 kB
Inactive(anon):   211820 kB
Active(file):     386976 kB
Inactive(file):   397640 kB
Unevictable:        1768 kB
Mlocked:               0 kB
HighTotal:       1372556 kB
HighFree:         189340 kB
LowTotal:         587396 kB
LowFree:          104556 kB
SwapTotal:        262140 kB
SwapFree:         173020 kB
Dirty:               368 kB
Writeback:             0 kB
AnonPages:        470488 kB
Mapped:           236308 kB
Shmem:               424 kB
Slab:              60692 kB
SReclaimable:      17748 kB
SUnreclaim:        42944 kB
KernelStack:       16264 kB
PageTables:        27480 kB
NFS_Unstable:          0 kB
Bounce:                0 kB
WritebackTmp:          0 kB
CommitLimit:     1242116 kB
Committed_AS:   56003304 kB
VmallocTotal:     409600 kB
VmallocUsed:       34320 kB
VmallocChunk:      81444 kB
Time pass: 32 sec

---2015-10-15 23:09:39
MemTotal:        1959952 kB
MemFree:          293980 kB
Buffers:            5872 kB
Cached:           780936 kB
SwapCached:         5900 kB
Active:           647632 kB
Inactive:         609460 kB
Active(anon):     260656 kB
Inactive(anon):   211820 kB
Active(file):     386976 kB
Inactive(file):   397640 kB
Unevictable:        1768 kB
Mlocked:               0 kB
HighTotal:       1372556 kB
HighFree:         189392 kB
LowTotal:         587396 kB
LowFree:          104588 kB
SwapTotal:        262140 kB
SwapFree:         173020 kB
Dirty:               368 kB
Writeback:             0 kB
AnonPages:        470680 kB
Mapped:           236308 kB
Shmem:               424 kB
Slab:              60660 kB
SReclaimable:      17748 kB
SUnreclaim:        42912 kB
KernelStack:       16264 kB
PageTables:        27480 kB
NFS_Unstable:          0 kB
Bounce:                0 kB
WritebackTmp:          0 kB
CommitLimit:     1242116 kB
Committed_AS:   56003384 kB
VmallocTotal:     409600 kB
VmallocUsed:       34320 kB
VmallocChunk:      81444 kB
Time pass: 35 sec

---2015-10-15 23:09:39
MemTotal:        1959952 kB
MemFree:          293988 kB
Buffers:            5872 kB
Cached:           780936 kB
SwapCached:         5900 kB
Active:           647684 kB
Inactive:         609460 kB
Active(anon):     260708 kB
Inactive(anon):   211820 kB
Active(file):     386976 kB
Inactive(file):   397640 kB
Unevictable:        1768 kB
Mlocked:               0 kB
HighTotal:       1372556 kB
HighFree:         189304 kB
LowTotal:         587396 kB
LowFree:          104684 kB
SwapTotal:        262140 kB
SwapFree:         173020 kB
Dirty:               368 kB
Writeback:             0 kB
AnonPages:        470660 kB
Mapped:           236308 kB
Shmem:               424 kB
Slab:              60564 kB
SReclaimable:      17748 kB
SUnreclaim:        42816 kB
KernelStack:       16264 kB
PageTables:        27480 kB
NFS_Unstable:          0 kB
Bounce:                0 kB
WritebackTmp:          0 kB
CommitLimit:     1242116 kB
Committed_AS:   56003352 kB
VmallocTotal:     409600 kB
VmallocUsed:       34320 kB
VmallocChunk:      81444 kB
Time pass: 39 sec

---2015-10-15 23:09:39
MemTotal:        1959952 kB
MemFree:          293668 kB
Buffers:            5872 kB
Cached:           780936 kB
SwapCached:         5900 kB
Active:           647884 kB
Inactive:         609460 kB
Active(anon):     260908 kB
Inactive(anon):   211820 kB
Active(file):     386976 kB
Inactive(file):   397640 kB
Unevictable:        1768 kB
Mlocked:               0 kB
HighTotal:       1372556 kB
HighFree:         188920 kB
LowTotal:         587396 kB
LowFree:          104748 kB
SwapTotal:        262140 kB
SwapFree:         173020 kB
Dirty:               368 kB
Writeback:             0 kB
AnonPages:        470836 kB
Mapped:           236308 kB
Shmem:               424 kB
Slab:              60500 kB
SReclaimable:      17748 kB
SUnreclaim:        42752 kB
KernelStack:       16264 kB
PageTables:        27480 kB
NFS_Unstable:          0 kB
Bounce:                0 kB
WritebackTmp:          0 kB
CommitLimit:     1242116 kB
Committed_AS:   56003432 kB
VmallocTotal:     409600 kB
VmallocUsed:       34320 kB
VmallocChunk:      81444 kB
Time pass: 42 sec

---2015-10-15 23:09:39
MemTotal:        1959952 kB
MemFree:          293216 kB
Buffers:            5872 kB
Cached:           780936 kB
SwapCached:         5900 kB
Active:           648108 kB
Inactive:         609460 kB
Active(anon):     261132 kB
Inactive(anon):   211820 kB
Active(file):     386976 kB
Inactive(file):   397640 kB
Unevictable:        1768 kB
Mlocked:               0 kB
HighTotal:       1372556 kB
HighFree:         188880 kB
LowTotal:         587396 kB
LowFree:          104336 kB
SwapTotal:        262140 kB
SwapFree:         173020 kB
Dirty:               368 kB
Writeback:             0 kB
AnonPages:        470948 kB
Mapped:           236308 kB
Shmem:               424 kB
Slab:              60788 kB
SReclaimable:      17748 kB
SUnreclaim:        43040 kB
KernelStack:       16264 kB
PageTables:        27480 kB
NFS_Unstable:          0 kB
Bounce:                0 kB
WritebackTmp:          0 kB
CommitLimit:     1242116 kB
Committed_AS:   56003660 kB
VmallocTotal:     409600 kB
VmallocUsed:       34320 kB
VmallocChunk:      81444 kB
Time pass: 46 sec

---2015-10-15 23:09:39
MemTotal:        1959952 kB
MemFree:          292920 kB
Buffers:            5872 kB
Cached:           780936 kB
SwapCached:         5900 kB
Active:           648616 kB
Inactive:         609460 kB
Active(anon):     261644 kB
Inactive(anon):   211816 kB
Active(file):     386972 kB
Inactive(file):   397644 kB
Unevictable:        1768 kB
Mlocked:               0 kB
HighTotal:       1372556 kB
HighFree:         188444 kB
LowTotal:         587396 kB
LowFree:          104476 kB
SwapTotal:        262140 kB
SwapFree:         173020 kB
Dirty:               372 kB
Writeback:             0 kB
AnonPages:        471500 kB
Mapped:           236304 kB
Shmem:               424 kB
Slab:              60840 kB
SReclaimable:      17748 kB
SUnreclaim:        43092 kB
KernelStack:       16256 kB
PageTables:        27480 kB
NFS_Unstable:          0 kB
Bounce:                0 kB
WritebackTmp:          0 kB
CommitLimit:     1242116 kB
Committed_AS:   56003860 kB
VmallocTotal:     409600 kB
VmallocUsed:       34320 kB
VmallocChunk:      81444 kB
Time pass: 49 sec

---2015-10-15 23:09:39
MemTotal:        1959952 kB
MemFree:          292704 kB
Buffers:            5872 kB
Cached:           780936 kB
SwapCached:         5900 kB
Active:           648652 kB
Inactive:         609456 kB
Active(anon):     261676 kB
Inactive(anon):   211816 kB
Active(file):     386976 kB
Inactive(file):   397640 kB
Unevictable:        1768 kB
Mlocked:               0 kB
HighTotal:       1372556 kB
HighFree:         188368 kB
LowTotal:         587396 kB
LowFree:          104336 kB
SwapTotal:        262140 kB
SwapFree:         173020 kB
Dirty:               368 kB
Writeback:             0 kB
AnonPages:        471564 kB
Mapped:           236308 kB
Shmem:               424 kB
Slab:              60808 kB
SReclaimable:      17748 kB
SUnreclaim:        43060 kB
KernelStack:       16264 kB
PageTables:        27480 kB
NFS_Unstable:          0 kB
Bounce:                0 kB
WritebackTmp:          0 kB
CommitLimit:     1242116 kB
Committed_AS:   56003912 kB
VmallocTotal:     409600 kB
VmallocUsed:       34320 kB
VmallocChunk:      81444 kB
Time pass: 53 sec

---2015-10-15 23:09:39
MemTotal:        1959952 kB
MemFree:          292620 kB
Buffers:            5872 kB
Cached:           780936 kB
SwapCached:         5900 kB
Active:           648796 kB
Inactive:         609456 kB
Active(anon):     261820 kB
Inactive(anon):   211816 kB
Active(file):     386976 kB
Inactive(file):   397640 kB
Unevictable:        1768 kB
Mlocked:               0 kB
HighTotal:       1372556 kB
HighFree:         188308 kB
LowTotal:         587396 kB
LowFree:          104312 kB
SwapTotal:        262140 kB
SwapFree:         173020 kB
Dirty:               368 kB
Writeback:             0 kB
AnonPages:        471612 kB
Mapped:           236316 kB
Shmem:               424 kB
Slab:              60788 kB
SReclaimable:      17748 kB
SUnreclaim:        43040 kB
KernelStack:       16272 kB
PageTables:        27488 kB
NFS_Unstable:          0 kB
Bounce:                0 kB
WritebackTmp:          0 kB
CommitLimit:     1242116 kB
Committed_AS:   56003984 kB
VmallocTotal:     409600 kB
VmallocUsed:       34320 kB
VmallocChunk:      81444 kB
Time pass: 57 sec

---2015-10-15 23:09:39
MemTotal:        1959952 kB
MemFree:          289636 kB
Buffers:            5872 kB
Cached:           780920 kB
SwapCached:         5900 kB
Active:           652860 kB
Inactive:         609400 kB
Active(anon):     265844 kB
Inactive(anon):   211804 kB
Active(file):     387016 kB
Inactive(file):   397596 kB
Unevictable:        1768 kB
Mlocked:               0 kB
HighTotal:       1372556 kB
HighFree:         185420 kB
LowTotal:         587396 kB
LowFree:          104216 kB
SwapTotal:        262140 kB
SwapFree:         173020 kB
Dirty:               436 kB
Writeback:             0 kB
AnonPages:        475852 kB
Mapped:           236952 kB
Shmem:               412 kB
Slab:              60780 kB
SReclaimable:      17748 kB
SUnreclaim:        43032 kB
KernelStack:       16632 kB
PageTables:        27304 kB
NFS_Unstable:          0 kB
Bounce:                0 kB
WritebackTmp:          0 kB
CommitLimit:     1242116 kB
Committed_AS:   55993656 kB
VmallocTotal:     409600 kB
VmallocUsed:       36212 kB
VmallocChunk:      81444 kB
Time pass: 60 sec

---2015-10-15 23:09:39
MemTotal:        1959952 kB
MemFree:          293704 kB
Buffers:            5872 kB
Cached:           780920 kB
SwapCached:         5900 kB
Active:           649364 kB
Inactive:         609396 kB
Active(anon):     262348 kB
Inactive(anon):   211800 kB
Active(file):     387016 kB
Inactive(file):   397596 kB
Unevictable:        1768 kB
Mlocked:               0 kB
HighTotal:       1372556 kB
HighFree:         189088 kB
LowTotal:         587396 kB
LowFree:          104616 kB
SwapTotal:        262140 kB
SwapFree:         173020 kB
Dirty:               436 kB
Writeback:             0 kB
AnonPages:        472044 kB
Mapped:           236892 kB
Shmem:               412 kB
Slab:              60648 kB
SReclaimable:      17748 kB
SUnreclaim:        42900 kB
KernelStack:       16376 kB
PageTables:        27356 kB
NFS_Unstable:          0 kB
Bounce:                0 kB
WritebackTmp:          0 kB
CommitLimit:     1242116 kB
Committed_AS:   55994128 kB
VmallocTotal:     409600 kB
VmallocUsed:       36212 kB
VmallocChunk:      81444 kB
Time pass: 64 sec

---2015-10-15 23:09:39
MemTotal:        1959952 kB
MemFree:          293636 kB
Buffers:            5872 kB
Cached:           780920 kB
SwapCached:         5900 kB
Active:           648752 kB
Inactive:         609396 kB
Active(anon):     261736 kB
Inactive(anon):   211800 kB
Active(file):     387016 kB
Inactive(file):   397596 kB
Unevictable:        1768 kB
Mlocked:               0 kB
HighTotal:       1372556 kB
HighFree:         189084 kB
LowTotal:         587396 kB
LowFree:          104552 kB
SwapTotal:        262140 kB
SwapFree:         173020 kB
Dirty:               436 kB
Writeback:             0 kB
AnonPages:        471748 kB
Mapped:           236900 kB
Shmem:               412 kB
Slab:              60712 kB
SReclaimable:      17748 kB
SUnreclaim:        42964 kB
KernelStack:       16376 kB
PageTables:        27424 kB
NFS_Unstable:          0 kB
Bounce:                0 kB
WritebackTmp:          0 kB
CommitLimit:     1242116 kB
Committed_AS:   55994036 kB
VmallocTotal:     409600 kB
VmallocUsed:       36212 kB
VmallocChunk:      81444 kB
Time pass: 67 sec

---2015-10-15 23:09:39
MemTotal:        1959952 kB
MemFree:          282176 kB
Buffers:            5872 kB
Cached:           781204 kB
SwapCached:         5900 kB
Active:           664168 kB
Inactive:         609660 kB
Active(anon):     277148 kB
Inactive(anon):   212024 kB
Active(file):     387020 kB
Inactive(file):   397636 kB
Unevictable:        1768 kB
Mlocked:               0 kB
HighTotal:       1372556 kB
HighFree:         172556 kB
LowTotal:         587396 kB
LowFree:          109620 kB
SwapTotal:        262140 kB
SwapFree:         173020 kB
Dirty:               772 kB
Writeback:             0 kB
AnonPages:        486968 kB
Mapped:           258128 kB
Shmem:               648 kB
Slab:              60716 kB
SReclaimable:      17748 kB
SUnreclaim:        42968 kB
KernelStack:       16736 kB
PageTables:        28016 kB
NFS_Unstable:          0 kB
Bounce:                0 kB
WritebackTmp:          0 kB
CommitLimit:     1242116 kB
Committed_AS:   57000840 kB
VmallocTotal:     409600 kB
VmallocUsed:       37316 kB
VmallocChunk:      81444 kB
Time pass: 71 sec

---2015-10-15 23:09:39
MemTotal:        1959952 kB
MemFree:          250488 kB
Buffers:            5872 kB
Cached:           780824 kB
SwapCached:         5900 kB
Active:           677704 kB
Inactive:         609356 kB
Active(anon):     290680 kB
Inactive(anon):   211992 kB
Active(file):     387024 kB
Inactive(file):   397364 kB
Unevictable:        1768 kB
Mlocked:               0 kB
HighTotal:       1372556 kB
HighFree:         129584 kB
LowTotal:         587396 kB
LowFree:          120904 kB
SwapTotal:        262140 kB
SwapFree:         173020 kB
Dirty:              1196 kB
Writeback:             0 kB
AnonPages:        500844 kB
Mapped:           260540 kB
Shmem:               540 kB
Slab:              60624 kB
SReclaimable:      17748 kB
SUnreclaim:        42876 kB
KernelStack:       17032 kB
PageTables:        28244 kB
NFS_Unstable:          0 kB
Bounce:                0 kB
WritebackTmp:          0 kB
CommitLimit:     1242116 kB
Committed_AS:   57012632 kB
VmallocTotal:     409600 kB
VmallocUsed:       36404 kB
VmallocChunk:      81444 kB
Time pass: 74 sec

---2015-10-15 23:09:39
MemTotal:        1959952 kB
MemFree:          204972 kB
Buffers:            5872 kB
Cached:           781108 kB
SwapCached:         5900 kB
Active:           688836 kB
Inactive:         609712 kB
Active(anon):     301880 kB
Inactive(anon):   211896 kB
Active(file):     386956 kB
Inactive(file):   397816 kB
Unevictable:        1768 kB
Mlocked:               0 kB
HighTotal:       1372556 kB
HighFree:          98720 kB
LowTotal:         587396 kB
LowFree:          106252 kB
SwapTotal:        262140 kB
SwapFree:         173020 kB
Dirty:              2636 kB
Writeback:             0 kB
AnonPages:        511644 kB
Mapped:           268352 kB
Shmem:               548 kB
Slab:              60760 kB
SReclaimable:      17748 kB
SUnreclaim:        43012 kB
KernelStack:       17112 kB
PageTables:        28396 kB
NFS_Unstable:          0 kB
Bounce:                0 kB
WritebackTmp:          0 kB
CommitLimit:     1242116 kB
Committed_AS:   57021792 kB
VmallocTotal:     409600 kB
VmallocUsed:       36516 kB
VmallocChunk:      81444 kB
Time pass: 78 sec

---2015-10-15 23:09:39
MemTotal:        1959952 kB
MemFree:          172784 kB
Buffers:            5872 kB
Cached:           781856 kB
SwapCached:         5900 kB
Active:           688456 kB
Inactive:         610268 kB
Active(anon):     301416 kB
Inactive(anon):   211896 kB
Active(file):     387040 kB
Inactive(file):   398372 kB
Unevictable:        1768 kB
Mlocked:               0 kB
HighTotal:       1372556 kB
HighFree:          95908 kB
LowTotal:         587396 kB
LowFree:           76876 kB
SwapTotal:        262140 kB
SwapFree:         173020 kB
Dirty:              4156 kB
Writeback:             0 kB
AnonPages:        511108 kB
Mapped:           272580 kB
Shmem:               548 kB
Slab:              60736 kB
SReclaimable:      17748 kB
SUnreclaim:        42988 kB
KernelStack:       17112 kB
PageTables:        28468 kB
NFS_Unstable:          0 kB
Bounce:                0 kB
WritebackTmp:          0 kB
CommitLimit:     1242116 kB
Committed_AS:   57021496 kB
VmallocTotal:     409600 kB
VmallocUsed:       36628 kB
VmallocChunk:      81444 kB
Time pass: 82 sec

---2015-10-15 23:09:39
MemTotal:        1959952 kB
MemFree:          172264 kB
Buffers:            5872 kB
Cached:           781856 kB
SwapCached:         5900 kB
Active:           688604 kB
Inactive:         610268 kB
Active(anon):     301564 kB
Inactive(anon):   211896 kB
Active(file):     387040 kB
Inactive(file):   398372 kB
Unevictable:        1768 kB
Mlocked:               0 kB
HighTotal:       1372556 kB
HighFree:          95396 kB
LowTotal:         587396 kB
LowFree:           76868 kB
SwapTotal:        262140 kB
SwapFree:         173020 kB
Dirty:               440 kB
Writeback:            44 kB
AnonPages:        511476 kB
Mapped:           272804 kB
Shmem:               548 kB
Slab:              60728 kB
SReclaimable:      17748 kB
SUnreclaim:        42980 kB
KernelStack:       17120 kB
PageTables:        28472 kB
NFS_Unstable:          0 kB
Bounce:                0 kB
WritebackTmp:          0 kB
CommitLimit:     1242116 kB
Committed_AS:   57021588 kB
VmallocTotal:     409600 kB
VmallocUsed:       36628 kB
VmallocChunk:      81444 kB
Time pass: 85 sec

---2015-10-15 23:09:39
MemTotal:        1959952 kB
MemFree:          172116 kB
Buffers:            5872 kB
Cached:           781864 kB
SwapCached:         5900 kB
Active:           688316 kB
Inactive:         610276 kB
Active(anon):     301276 kB
Inactive(anon):   211896 kB
Active(file):     387040 kB
Inactive(file):   398380 kB
Unevictable:        1768 kB
Mlocked:               0 kB
HighTotal:       1372556 kB
HighFree:          95220 kB
LowTotal:         587396 kB
LowFree:           76896 kB
SwapTotal:        262140 kB
SwapFree:         173020 kB
Dirty:               492 kB
Writeback:             0 kB
AnonPages:        511140 kB
Mapped:           272856 kB
Shmem:               548 kB
Slab:              60824 kB
SReclaimable:      17748 kB
SUnreclaim:        43076 kB
KernelStack:       17120 kB
PageTables:        28472 kB
NFS_Unstable:          0 kB
Bounce:                0 kB
WritebackTmp:          0 kB
CommitLimit:     1242116 kB
Committed_AS:   57021808 kB
VmallocTotal:     409600 kB
VmallocUsed:       36628 kB
VmallocChunk:      81444 kB
Time pass: 89 sec

---2015-10-15 23:09:39
MemTotal:        1959952 kB
MemFree:          172212 kB
Buffers:            5872 kB
Cached:           781864 kB
SwapCached:         5900 kB
Active:           688296 kB
Inactive:         610276 kB
Active(anon):     301256 kB
Inactive(anon):   211896 kB
Active(file):     387040 kB
Inactive(file):   398380 kB
Unevictable:        1768 kB
Mlocked:               0 kB
HighTotal:       1372556 kB
HighFree:          95284 kB
LowTotal:         587396 kB
LowFree:           76928 kB
SwapTotal:        262140 kB
SwapFree:         173020 kB
Dirty:               492 kB
Writeback:             0 kB
AnonPages:        511212 kB
Mapped:           272856 kB
Shmem:               548 kB
Slab:              60788 kB
SReclaimable:      17748 kB
SUnreclaim:        43040 kB
KernelStack:       17120 kB
PageTables:        28472 kB
NFS_Unstable:          0 kB
Bounce:                0 kB
WritebackTmp:          0 kB
CommitLimit:     1242116 kB
Committed_AS:   57021876 kB
VmallocTotal:     409600 kB
VmallocUsed:       36628 kB
VmallocChunk:      81444 kB
Time pass: 92 sec

---2015-10-15 23:09:39
MemTotal:        1959952 kB
MemFree:          172168 kB
Buffers:            5872 kB
Cached:           781864 kB
SwapCached:         5900 kB
Active:           688428 kB
Inactive:         610276 kB
Active(anon):     301388 kB
Inactive(anon):   211896 kB
Active(file):     387040 kB
Inactive(file):   398380 kB
Unevictable:        1768 kB
Mlocked:               0 kB
HighTotal:       1372556 kB
HighFree:          95240 kB
LowTotal:         587396 kB
LowFree:           76928 kB
SwapTotal:        262140 kB
SwapFree:         173020 kB
Dirty:               492 kB
Writeback:             0 kB
AnonPages:        511324 kB
Mapped:           272856 kB
Shmem:               548 kB
Slab:              60788 kB
SReclaimable:      17748 kB
SUnreclaim:        43040 kB
KernelStack:       17120 kB
PageTables:        28472 kB
NFS_Unstable:          0 kB
Bounce:                0 kB
WritebackTmp:          0 kB
CommitLimit:     1242116 kB
Committed_AS:   57021940 kB
VmallocTotal:     409600 kB
VmallocUsed:       36628 kB
VmallocChunk:      81444 kB
Time pass: 96 sec

---2015-10-15 23:09:39
MemTotal:        1959952 kB
MemFree:          171888 kB
Buffers:            5872 kB
Cached:           781864 kB
SwapCached:         5900 kB
Active:           688620 kB
Inactive:         610276 kB
Active(anon):     301580 kB
Inactive(anon):   211896 kB
Active(file):     387040 kB
Inactive(file):   398380 kB
Unevictable:        1768 kB
Mlocked:               0 kB
HighTotal:       1372556 kB
HighFree:          94960 kB
LowTotal:         587396 kB
LowFree:           76928 kB
SwapTotal:        262140 kB
SwapFree:         173020 kB
Dirty:               492 kB
Writeback:             0 kB
AnonPages:        511532 kB
Mapped:           272856 kB
Shmem:               548 kB
Slab:              60788 kB
SReclaimable:      17748 kB
SUnreclaim:        43040 kB
KernelStack:       17120 kB
PageTables:        28472 kB
NFS_Unstable:          0 kB
Bounce:                0 kB
WritebackTmp:          0 kB
CommitLimit:     1242116 kB
Committed_AS:   57022084 kB
VmallocTotal:     409600 kB
VmallocUsed:       36628 kB
VmallocChunk:      81444 kB
Time pass: 100 sec

---2015-10-15 23:09:39
MemTotal:        1959952 kB
MemFree:          171764 kB
Buffers:            5872 kB
Cached:           781872 kB
SwapCached:         5900 kB
Active:           688936 kB
Inactive:         610276 kB
Active(anon):     301896 kB
Inactive(anon):   211896 kB
Active(file):     387040 kB
Inactive(file):   398380 kB
Unevictable:        1768 kB
Mlocked:               0 kB
HighTotal:       1372556 kB
HighFree:          94696 kB
LowTotal:         587396 kB
LowFree:           77068 kB
SwapTotal:        262140 kB
SwapFree:         173020 kB
Dirty:               504 kB
Writeback:             0 kB
AnonPages:        511880 kB
Mapped:           272872 kB
Shmem:               548 kB
Slab:              60756 kB
SReclaimable:      17748 kB
SUnreclaim:        43008 kB
KernelStack:       17136 kB
PageTables:        28472 kB
NFS_Unstable:          0 kB
Bounce:                0 kB
WritebackTmp:          0 kB
CommitLimit:     1242116 kB
Committed_AS:   57022292 kB
VmallocTotal:     409600 kB
VmallocUsed:       36628 kB
VmallocChunk:      81444 kB
Time pass: 104 sec

---2015-10-15 23:09:39
MemTotal:        1959952 kB
MemFree:          167528 kB
Buffers:            5872 kB
Cached:           781872 kB
SwapCached:         5900 kB
Active:           689960 kB
Inactive:         610284 kB
Active(anon):     302920 kB
Inactive(anon):   211896 kB
Active(file):     387040 kB
Inactive(file):   398388 kB
Unevictable:        1768 kB
Mlocked:               0 kB
HighTotal:       1372556 kB
HighFree:          92636 kB
LowTotal:         587396 kB
LowFree:           74892 kB
SwapTotal:        262140 kB
SwapFree:         173020 kB
Dirty:               496 kB
Writeback:             0 kB
AnonPages:        512988 kB
Mapped:           274860 kB
Shmem:               548 kB
Slab:              60944 kB
SReclaimable:      17748 kB
SUnreclaim:        43196 kB
KernelStack:       17136 kB
PageTables:        28488 kB
NFS_Unstable:          0 kB
Bounce:                0 kB
WritebackTmp:          0 kB
CommitLimit:     1242116 kB
Committed_AS:   57023344 kB
VmallocTotal:     409600 kB
VmallocUsed:       36628 kB
VmallocChunk:      81444 kB
Time pass: 107 sec

---2015-10-15 23:09:39
MemTotal:        1959952 kB
MemFree:          145456 kB
Buffers:            5872 kB
Cached:           781872 kB
SwapCached:         5900 kB
Active:           693328 kB
Inactive:         610284 kB
Active(anon):     306288 kB
Inactive(anon):   211896 kB
Active(file):     387040 kB
Inactive(file):   398388 kB
Unevictable:        1768 kB
Mlocked:               0 kB
HighTotal:       1372556 kB
HighFree:          87964 kB
LowTotal:         587396 kB
LowFree:           57492 kB
SwapTotal:        262140 kB
SwapFree:         173020 kB
Dirty:              1020 kB
Writeback:             0 kB
AnonPages:        516220 kB
Mapped:           276888 kB
Shmem:               548 kB
Slab:              60820 kB
SReclaimable:      17748 kB
SUnreclaim:        43072 kB
KernelStack:       17136 kB
PageTables:        28496 kB
NFS_Unstable:          0 kB
Bounce:                0 kB
WritebackTmp:          0 kB
CommitLimit:     1242116 kB
Committed_AS:   57026404 kB
VmallocTotal:     409600 kB
VmallocUsed:       36688 kB
VmallocChunk:      81444 kB
Time pass: 111 sec

---2015-10-15 23:09:39
MemTotal:        1959952 kB
MemFree:          142844 kB
Buffers:            5872 kB
Cached:           781876 kB
SwapCached:         5900 kB
Active:           695264 kB
Inactive:         610292 kB
Active(anon):     308228 kB
Inactive(anon):   211896 kB
Active(file):     387036 kB
Inactive(file):   398396 kB
Unevictable:        1768 kB
Mlocked:               0 kB
HighTotal:       1372556 kB
HighFree:          85804 kB
LowTotal:         587396 kB
LowFree:           57040 kB
SwapTotal:        262140 kB
SwapFree:         173020 kB
Dirty:              1056 kB
Writeback:             0 kB
AnonPages:        518040 kB
Mapped:           278984 kB
Shmem:               548 kB
Slab:              60824 kB
SReclaimable:      17748 kB
SUnreclaim:        43076 kB
KernelStack:       17144 kB
PageTables:        28536 kB
NFS_Unstable:          0 kB
Bounce:                0 kB
WritebackTmp:          0 kB
CommitLimit:     1242116 kB
Committed_AS:   57034520 kB
VmallocTotal:     409600 kB
VmallocUsed:       36688 kB
VmallocChunk:      81444 kB
Time pass: 114 sec

---2015-10-15 23:09:39
MemTotal:        1959952 kB
MemFree:          141396 kB
Buffers:            5872 kB
Cached:           782024 kB
SwapCached:         5900 kB
Active:           695868 kB
Inactive:         610400 kB
Active(anon):     308816 kB
Inactive(anon):   212000 kB
Active(file):     387052 kB
Inactive(file):   398400 kB
Unevictable:        1768 kB
Mlocked:               0 kB
HighTotal:       1372556 kB
HighFree:          87648 kB
LowTotal:         587396 kB
LowFree:           53748 kB
SwapTotal:        262140 kB
SwapFree:         173020 kB
Dirty:               636 kB
Writeback:             0 kB
AnonPages:        518848 kB
Mapped:           280576 kB
Shmem:               676 kB
Slab:              60508 kB
SReclaimable:      17732 kB
SUnreclaim:        42776 kB
KernelStack:       17312 kB
PageTables:        28680 kB
NFS_Unstable:          0 kB
Bounce:                0 kB
WritebackTmp:          0 kB
CommitLimit:     1242116 kB
Committed_AS:   57048840 kB
VmallocTotal:     409600 kB
VmallocUsed:       39096 kB
VmallocChunk:      81444 kB
Time pass: 118 sec

---2015-10-15 23:09:39
MemTotal:        1959952 kB
MemFree:          140344 kB
Buffers:            5872 kB
Cached:           782088 kB
SwapCached:         5900 kB
Active:           695920 kB
Inactive:         610464 kB
Active(anon):     308868 kB
Inactive(anon):   212064 kB
Active(file):     387052 kB
Inactive(file):   398400 kB
Unevictable:        1768 kB
Mlocked:               0 kB
HighTotal:       1372556 kB
HighFree:          86680 kB
LowTotal:         587396 kB
LowFree:           53664 kB
SwapTotal:        262140 kB
SwapFree:         173020 kB
Dirty:               616 kB
Writeback:             0 kB
AnonPages:        518792 kB
Mapped:           280648 kB
Shmem:               740 kB
Slab:              60504 kB
SReclaimable:      17732 kB
SUnreclaim:        42772 kB
KernelStack:       17272 kB
PageTables:        28716 kB
NFS_Unstable:          0 kB
Bounce:                0 kB
WritebackTmp:          0 kB
CommitLimit:     1242116 kB
Committed_AS:   57048872 kB
VmallocTotal:     409600 kB
VmallocUsed:       39096 kB
VmallocChunk:      81444 kB
Time pass: 122 sec

---2015-10-15 23:09:39
MemTotal:        1959952 kB
MemFree:          294244 kB
Buffers:            5872 kB
Cached:           781764 kB
SwapCached:         5900 kB
Active:           646104 kB
Inactive:         610144 kB
Active(anon):     259052 kB
Inactive(anon):   211740 kB
Active(file):     387052 kB
Inactive(file):   398404 kB
Unevictable:        1768 kB
Mlocked:               0 kB
HighTotal:       1372556 kB
HighFree:         176124 kB
LowTotal:         587396 kB
LowFree:          118120 kB
SwapTotal:        262140 kB
SwapFree:         173020 kB
Dirty:               592 kB
Writeback:             0 kB
AnonPages:        468964 kB
Mapped:           231488 kB
Shmem:               412 kB
Slab:              60312 kB
SReclaimable:      17724 kB
SUnreclaim:        42588 kB
KernelStack:       16472 kB
PageTables:        27304 kB
NFS_Unstable:          0 kB
Bounce:                0 kB
WritebackTmp:          0 kB
CommitLimit:     1242116 kB
Committed_AS:   55992640 kB
VmallocTotal:     409600 kB
VmallocUsed:       37600 kB
VmallocChunk:      81444 kB
Time pass: 126 sec

---2015-10-15 23:09:39
MemTotal:        1959952 kB
MemFree:          293772 kB
Buffers:            5872 kB
Cached:           781764 kB
SwapCached:         5900 kB
Active:           646228 kB
Inactive:         610148 kB
Active(anon):     259180 kB
Inactive(anon):   211740 kB
Active(file):     387048 kB
Inactive(file):   398408 kB
Unevictable:        1768 kB
Mlocked:               0 kB
HighTotal:       1372556 kB
HighFree:         175728 kB
LowTotal:         587396 kB
LowFree:          118044 kB
SwapTotal:        262140 kB
SwapFree:         173020 kB
Dirty:               608 kB
Writeback:             0 kB
AnonPages:        469064 kB
Mapped:           231560 kB
Shmem:               412 kB
Slab:              60568 kB
SReclaimable:      17724 kB
SUnreclaim:        42844 kB
KernelStack:       16400 kB
PageTables:        27388 kB
NFS_Unstable:          0 kB
Bounce:                0 kB
WritebackTmp:          0 kB
CommitLimit:     1242116 kB
Committed_AS:   55992764 kB
VmallocTotal:     409600 kB
VmallocUsed:       37600 kB
VmallocChunk:      81444 kB
Time pass: 130 sec

---2015-10-15 23:09:39
MemTotal:        1959952 kB
MemFree:          293568 kB
Buffers:            5872 kB
Cached:           781764 kB
SwapCached:         5900 kB
Active:           646172 kB
Inactive:         610148 kB
Active(anon):     259124 kB
Inactive(anon):   211740 kB
Active(file):     387048 kB
Inactive(file):   398408 kB
Unevictable:        1768 kB
Mlocked:               0 kB
HighTotal:       1372556 kB
HighFree:         175624 kB
LowTotal:         587396 kB
LowFree:          117944 kB
SwapTotal:        262140 kB
SwapFree:         173020 kB
Dirty:               616 kB
Writeback:             0 kB
AnonPages:        468920 kB
Mapped:           231560 kB
Shmem:               412 kB
Slab:              60600 kB
SReclaimable:      17724 kB
SUnreclaim:        42876 kB
KernelStack:       16344 kB
PageTables:        27376 kB
NFS_Unstable:          0 kB
Bounce:                0 kB
WritebackTmp:          0 kB
CommitLimit:     1242116 kB
Committed_AS:   55992972 kB
VmallocTotal:     409600 kB
VmallocUsed:       37600 kB
VmallocChunk:      81444 kB
Time pass: 133 sec

---2015-10-15 23:09:39
MemTotal:        1959952 kB
MemFree:          287480 kB
Buffers:            5872 kB
Cached:           781884 kB
SwapCached:         5900 kB
Active:           664560 kB
Inactive:         610236 kB
Active(anon):     277516 kB
Inactive(anon):   211808 kB
Active(file):     387044 kB
Inactive(file):   398428 kB
Unevictable:        1768 kB
Mlocked:               0 kB
HighTotal:       1372556 kB
HighFree:         171048 kB
LowTotal:         587396 kB
LowFree:          116432 kB
SwapTotal:        262140 kB
SwapFree:         173020 kB
Dirty:               840 kB
Writeback:             0 kB
AnonPages:        487592 kB
Mapped:           256676 kB
Shmem:               516 kB
Slab:              60568 kB
SReclaimable:      17728 kB
SUnreclaim:        42840 kB
KernelStack:       16848 kB
PageTables:        28136 kB
NFS_Unstable:          0 kB
Bounce:                0 kB
WritebackTmp:          0 kB
CommitLimit:     1242116 kB
Committed_AS:   56998768 kB
VmallocTotal:     409600 kB
VmallocUsed:       37636 kB
VmallocChunk:      81444 kB
Time pass: 137 sec

---2015-10-15 23:09:39
MemTotal:        1959952 kB
MemFree:          255904 kB
Buffers:            5872 kB
Cached:           781912 kB
SwapCached:         5900 kB
Active:           671124 kB
Inactive:         610288 kB
Active(anon):     284072 kB
Inactive(anon):   211868 kB
Active(file):     387052 kB
Inactive(file):   398420 kB
Unevictable:        1768 kB
Mlocked:               0 kB
HighTotal:       1372556 kB
HighFree:         134668 kB
LowTotal:         587396 kB
LowFree:          121236 kB
SwapTotal:        262140 kB
SwapFree:         173020 kB
Dirty:               140 kB
Writeback:             0 kB
AnonPages:        493828 kB
Mapped:           260216 kB
Shmem:               544 kB
Slab:              60592 kB
SReclaimable:      17728 kB
SUnreclaim:        42864 kB
KernelStack:       16936 kB
PageTables:        28252 kB
NFS_Unstable:          0 kB
Bounce:                0 kB
WritebackTmp:          0 kB
CommitLimit:     1242116 kB
Committed_AS:   57004120 kB
VmallocTotal:     409600 kB
VmallocUsed:       35384 kB
VmallocChunk:      81444 kB
Time pass: 140 sec

---2015-10-15 23:09:39
MemTotal:        1959952 kB
MemFree:          255932 kB
Buffers:            5872 kB
Cached:           781932 kB
SwapCached:         5900 kB
Active:           670892 kB
Inactive:         610296 kB
Active(anon):     283828 kB
Inactive(anon):   211872 kB
Active(file):     387064 kB
Inactive(file):   398424 kB
Unevictable:        1768 kB
Mlocked:               0 kB
HighTotal:       1372556 kB
HighFree:         134748 kB
LowTotal:         587396 kB
LowFree:          121184 kB
SwapTotal:        262140 kB
SwapFree:         173020 kB
Dirty:               320 kB
Writeback:             0 kB
AnonPages:        493596 kB
Mapped:           260464 kB
Shmem:               548 kB
Slab:              60592 kB
SReclaimable:      17728 kB
SUnreclaim:        42864 kB
KernelStack:       16968 kB
PageTables:        28272 kB
NFS_Unstable:          0 kB
Bounce:                0 kB
WritebackTmp:          0 kB
CommitLimit:     1242116 kB
Committed_AS:   57005688 kB
VmallocTotal:     409600 kB
VmallocUsed:       35384 kB
VmallocChunk:      81444 kB
Time pass: 144 sec

---2015-10-15 23:09:39
MemTotal:        1959952 kB
MemFree:          225484 kB
Buffers:            5872 kB
Cached:           782232 kB
SwapCached:         5900 kB
Active:           682468 kB
Inactive:         610744 kB
Active(anon):     295412 kB
Inactive(anon):   211864 kB
Active(file):     387056 kB
Inactive(file):   398880 kB
Unevictable:        1768 kB
Mlocked:               0 kB
HighTotal:       1372556 kB
HighFree:         104364 kB
LowTotal:         587396 kB
LowFree:          121120 kB
SwapTotal:        262140 kB
SwapFree:         173020 kB
Dirty:              1640 kB
Writeback:             0 kB
AnonPages:        505328 kB
Mapped:           268284 kB
Shmem:               548 kB
Slab:              60588 kB
SReclaimable:      17728 kB
SUnreclaim:        42860 kB
KernelStack:       17032 kB
PageTables:        28352 kB
NFS_Unstable:          0 kB
Bounce:                0 kB
WritebackTmp:          0 kB
CommitLimit:     1242116 kB
Committed_AS:   57015184 kB
VmallocTotal:     409600 kB
VmallocUsed:       35440 kB
VmallocChunk:      81444 kB
Time pass: 147 sec

---2015-10-15 23:09:39
MemTotal:        1959952 kB
MemFree:          198156 kB
Buffers:            5872 kB
Cached:           782980 kB
SwapCached:         5900 kB
Active:           683252 kB
Inactive:         609848 kB
Active(anon):     294700 kB
Inactive(anon):   211864 kB
Active(file):     388552 kB
Inactive(file):   397984 kB
Unevictable:        1768 kB
Mlocked:               0 kB
HighTotal:       1372556 kB
HighFree:         101452 kB
LowTotal:         587396 kB
LowFree:           96704 kB
SwapTotal:        262140 kB
SwapFree:         173020 kB
Dirty:              1780 kB
Writeback:             0 kB
AnonPages:        504600 kB
Mapped:           271140 kB
Shmem:               548 kB
Slab:              60564 kB
SReclaimable:      17728 kB
SUnreclaim:        42836 kB
KernelStack:       17032 kB
PageTables:        28412 kB
NFS_Unstable:          0 kB
Bounce:                0 kB
WritebackTmp:          0 kB
CommitLimit:     1242116 kB
Committed_AS:   57015012 kB
VmallocTotal:     409600 kB
VmallocUsed:       35552 kB
VmallocChunk:      81444 kB
Time pass: 151 sec

---2015-10-15 23:09:39
MemTotal:        1959952 kB
MemFree:          193740 kB
Buffers:            5872 kB
Cached:           782980 kB
SwapCached:         5900 kB
Active:           683956 kB
Inactive:         609848 kB
Active(anon):     295404 kB
Inactive(anon):   211864 kB
Active(file):     388552 kB
Inactive(file):   397984 kB
Unevictable:        1768 kB
Mlocked:               0 kB
HighTotal:       1372556 kB
HighFree:          99212 kB
LowTotal:         587396 kB
LowFree:           94528 kB
SwapTotal:        262140 kB
SwapFree:         173020 kB
Dirty:              1784 kB
Writeback:             0 kB
AnonPages:        505412 kB
Mapped:           273272 kB
Shmem:               548 kB
Slab:              60680 kB
SReclaimable:      17728 kB
SUnreclaim:        42952 kB
KernelStack:       17032 kB
PageTables:        28420 kB
NFS_Unstable:          0 kB
Bounce:                0 kB
WritebackTmp:          0 kB
CommitLimit:     1242116 kB
Committed_AS:   57015992 kB
VmallocTotal:     409600 kB
VmallocUsed:       35552 kB
VmallocChunk:      81444 kB
Time pass: 155 sec

---2015-10-15 23:09:39
MemTotal:        1959952 kB
MemFree:          193244 kB
Buffers:            5872 kB
Cached:           782980 kB
SwapCached:         5900 kB
Active:           684340 kB
Inactive:         609844 kB
Active(anon):     295784 kB
Inactive(anon):   211864 kB
Active(file):     388556 kB
Inactive(file):   397980 kB
Unevictable:        1768 kB
Mlocked:               0 kB
HighTotal:       1372556 kB
HighFree:          98840 kB
LowTotal:         587396 kB
LowFree:           94404 kB
SwapTotal:        262140 kB
SwapFree:         173020 kB
Dirty:               412 kB
Writeback:             0 kB
AnonPages:        505848 kB
Mapped:           273272 kB
Shmem:               548 kB
Slab:              60680 kB
SReclaimable:      17728 kB
SUnreclaim:        42952 kB
KernelStack:       17032 kB
PageTables:        28420 kB
NFS_Unstable:          0 kB
Bounce:                0 kB
WritebackTmp:          0 kB
CommitLimit:     1242116 kB
Committed_AS:   57016648 kB
VmallocTotal:     409600 kB
VmallocUsed:       35552 kB
VmallocChunk:      81444 kB
Time pass: 158 sec

---2015-10-15 23:09:39
MemTotal:        1959952 kB
MemFree:          169240 kB
Buffers:            5872 kB
Cached:           782988 kB
SwapCached:         5900 kB
Active:           688808 kB
Inactive:         609848 kB
Active(anon):     300248 kB
Inactive(anon):   211864 kB
Active(file):     388560 kB
Inactive(file):   397984 kB
Unevictable:        1768 kB
Mlocked:               0 kB
HighTotal:       1372556 kB
HighFree:          92272 kB
LowTotal:         587396 kB
LowFree:           76968 kB
SwapTotal:        262140 kB
SwapFree:         173020 kB
Dirty:               992 kB
Writeback:             0 kB
AnonPages:        510448 kB
Mapped:           276480 kB
Shmem:               548 kB
Slab:              60648 kB
SReclaimable:      17728 kB
SUnreclaim:        42920 kB
KernelStack:       17032 kB
PageTables:        28464 kB
NFS_Unstable:          0 kB
Bounce:                0 kB
WritebackTmp:          0 kB
CommitLimit:     1242116 kB
Committed_AS:   57020952 kB
VmallocTotal:     409600 kB
VmallocUsed:       35612 kB
VmallocChunk:      81444 kB
Time pass: 162 sec

---2015-10-15 23:09:39
MemTotal:        1959952 kB
MemFree:          161812 kB
Buffers:            5872 kB
Cached:           783168 kB
SwapCached:         5900 kB
Active:           694484 kB
Inactive:         610016 kB
Active(anon):     305916 kB
Inactive(anon):   212036 kB
Active(file):     388568 kB
Inactive(file):   397980 kB
Unevictable:        1768 kB
Mlocked:               0 kB
HighTotal:       1372556 kB
HighFree:          88416 kB
LowTotal:         587396 kB
LowFree:           73396 kB
SwapTotal:        262140 kB
SwapFree:         173020 kB
Dirty:               632 kB
Writeback:             0 kB
AnonPages:        515852 kB
Mapped:           279508 kB
Shmem:               724 kB
Slab:              60460 kB
SReclaimable:      17728 kB
SUnreclaim:        42732 kB
KernelStack:       17216 kB
PageTables:        28620 kB
NFS_Unstable:          0 kB
Bounce:                0 kB
WritebackTmp:          0 kB
CommitLimit:     1242116 kB
Committed_AS:   57043856 kB
VmallocTotal:     409600 kB
VmallocUsed:       38020 kB
VmallocChunk:      81444 kB
Time pass: 166 sec

---2015-10-15 23:09:39
MemTotal:        1959952 kB
MemFree:          159920 kB
Buffers:            5872 kB
Cached:           783220 kB
SwapCached:         5900 kB
Active:           694952 kB
Inactive:         610064 kB
Active(anon):     306380 kB
Inactive(anon):   212076 kB
Active(file):     388572 kB
Inactive(file):   397988 kB
Unevictable:        1768 kB
Mlocked:               0 kB
HighTotal:       1372556 kB
HighFree:          86772 kB
LowTotal:         587396 kB
LowFree:           73148 kB
SwapTotal:        262140 kB
SwapFree:         173020 kB
Dirty:               556 kB
Writeback:             0 kB
AnonPages:        516128 kB
Mapped:           279568 kB
Shmem:               764 kB
Slab:              60428 kB
SReclaimable:      17728 kB
SUnreclaim:        42700 kB
KernelStack:       17240 kB
PageTables:        28652 kB
NFS_Unstable:          0 kB
Bounce:                0 kB
WritebackTmp:          0 kB
CommitLimit:     1242116 kB
Committed_AS:   57044076 kB
VmallocTotal:     409600 kB
VmallocUsed:       38020 kB
VmallocChunk:      81444 kB
Time pass: 170 sec

---2015-10-15 23:09:39
MemTotal:        1959952 kB
MemFree:          159860 kB
Buffers:            5872 kB
Cached:           783260 kB
SwapCached:         5900 kB
Active:           695340 kB
Inactive:         610104 kB
Active(anon):     306768 kB
Inactive(anon):   212116 kB
Active(file):     388572 kB
Inactive(file):   397988 kB
Unevictable:        1768 kB
Mlocked:               0 kB
HighTotal:       1372556 kB
HighFree:          86772 kB
LowTotal:         587396 kB
LowFree:           73088 kB
SwapTotal:        262140 kB
SwapFree:         173020 kB
Dirty:               552 kB
Writeback:             0 kB
AnonPages:        516636 kB
Mapped:           279500 kB
Shmem:               804 kB
Slab:              60388 kB
SReclaimable:      17728 kB
SUnreclaim:        42660 kB
KernelStack:       17224 kB
PageTables:        28636 kB
NFS_Unstable:          0 kB
Bounce:                0 kB
WritebackTmp:          0 kB
CommitLimit:     1242116 kB
Committed_AS:   57044328 kB
VmallocTotal:     409600 kB
VmallocUsed:       38020 kB
VmallocChunk:      81444 kB
Time pass: 174 sec

---2015-10-15 23:09:39
MemTotal:        1959952 kB
MemFree:          157336 kB
Buffers:            5872 kB
Cached:           783296 kB
SwapCached:         5900 kB
Active:           698336 kB
Inactive:         610124 kB
Active(anon):     309764 kB
Inactive(anon):   212136 kB
Active(file):     388572 kB
Inactive(file):   397988 kB
Unevictable:        1768 kB
Mlocked:               0 kB
HighTotal:       1372556 kB
HighFree:          84492 kB
LowTotal:         587396 kB
LowFree:           72844 kB
SwapTotal:        262140 kB
SwapFree:         173020 kB
Dirty:               560 kB
Writeback:             0 kB
AnonPages:        519804 kB
Mapped:           280068 kB
Shmem:               840 kB
Slab:              60516 kB
SReclaimable:      17728 kB
SUnreclaim:        42788 kB
KernelStack:       17240 kB
PageTables:        28652 kB
NFS_Unstable:          0 kB
Bounce:                0 kB
WritebackTmp:          0 kB
CommitLimit:     1242116 kB
Committed_AS:   57053900 kB
VmallocTotal:     409600 kB
VmallocUsed:       38020 kB
VmallocChunk:      81444 kB
Time pass: 178 sec

---2015-10-15 23:09:39
MemTotal:        1959952 kB
MemFree:          153676 kB
Buffers:            5872 kB
Cached:           783164 kB
SwapCached:         5900 kB
Active:           700860 kB
Inactive:         610000 kB
Active(anon):     312284 kB
Inactive(anon):   212012 kB
Active(file):     388576 kB
Inactive(file):   397988 kB
Unevictable:        1768 kB
Mlocked:               0 kB
HighTotal:       1372556 kB
HighFree:          80776 kB
LowTotal:         587396 kB
LowFree:           72900 kB
SwapTotal:        262140 kB
SwapFree:         173020 kB
Dirty:               556 kB
Writeback:             0 kB
AnonPages:        522028 kB
Mapped:           279984 kB
Shmem:               704 kB
Slab:              60416 kB
SReclaimable:      17728 kB
SUnreclaim:        42688 kB
KernelStack:       17240 kB
PageTables:        28640 kB
NFS_Unstable:          0 kB
Bounce:                0 kB
WritebackTmp:          0 kB
CommitLimit:     1242116 kB
Committed_AS:   57051884 kB
VmallocTotal:     409600 kB
VmallocUsed:       38020 kB
VmallocChunk:      81444 kB
Time pass: 181 sec

---2015-10-15 23:09:39
MemTotal:        1959952 kB
MemFree:          152872 kB
Buffers:            5872 kB
Cached:           783192 kB
SwapCached:         5900 kB
Active:           701248 kB
Inactive:         610028 kB
Active(anon):     312672 kB
Inactive(anon):   212040 kB
Active(file):     388576 kB
Inactive(file):   397988 kB
Unevictable:        1768 kB
Mlocked:               0 kB
HighTotal:       1372556 kB
HighFree:          79908 kB
LowTotal:         587396 kB
LowFree:           72964 kB
SwapTotal:        262140 kB
SwapFree:         173020 kB
Dirty:               560 kB
Writeback:             0 kB
AnonPages:        522700 kB
Mapped:           279836 kB
Shmem:               732 kB
Slab:              60352 kB
SReclaimable:      17728 kB
SUnreclaim:        42624 kB
KernelStack:       17240 kB
PageTables:        28640 kB
NFS_Unstable:          0 kB
Bounce:                0 kB
WritebackTmp:          0 kB
CommitLimit:     1242116 kB
Committed_AS:   57052108 kB
VmallocTotal:     409600 kB
VmallocUsed:       38020 kB
VmallocChunk:      81444 kB
Time pass: 185 sec

---2015-10-15 23:09:39
MemTotal:        1959952 kB
MemFree:          152500 kB
Buffers:            5872 kB
Cached:           783200 kB
SwapCached:         5900 kB
Active:           701524 kB
Inactive:         610044 kB
Active(anon):     312960 kB
Inactive(anon):   212040 kB
Active(file):     388564 kB
Inactive(file):   398004 kB
Unevictable:        1768 kB
Mlocked:               0 kB
HighTotal:       1372556 kB
HighFree:          79536 kB
LowTotal:         587396 kB
LowFree:           72964 kB
SwapTotal:        262140 kB
SwapFree:         173020 kB
Dirty:               584 kB
Writeback:             0 kB
AnonPages:        523056 kB
Mapped:           280024 kB
Shmem:               736 kB
Slab:              60352 kB
SReclaimable:      17728 kB
SUnreclaim:        42624 kB
KernelStack:       17240 kB
PageTables:        28640 kB
NFS_Unstable:          0 kB
Bounce:                0 kB
WritebackTmp:          0 kB
CommitLimit:     1242116 kB
Committed_AS:   57052284 kB
VmallocTotal:     409600 kB
VmallocUsed:       38020 kB
VmallocChunk:      81444 kB
Time pass: 189 sec

---2015-10-15 23:09:39
MemTotal:        1959952 kB
MemFree:          133976 kB
Buffers:            5872 kB
Cached:           783092 kB
SwapCached:         5900 kB
Active:           719456 kB
Inactive:         609924 kB
Active(anon):     330884 kB
Inactive(anon):   211928 kB
Active(file):     388572 kB
Inactive(file):   397996 kB
Unevictable:        1768 kB
Mlocked:               0 kB
HighTotal:       1372556 kB
HighFree:          61576 kB
LowTotal:         587396 kB
LowFree:           72400 kB
SwapTotal:        262140 kB
SwapFree:         173020 kB
Dirty:               576 kB
Writeback:             0 kB
AnonPages:        540892 kB
Mapped:           285756 kB
Shmem:               628 kB
Slab:              60544 kB
SReclaimable:      17728 kB
SUnreclaim:        42816 kB
KernelStack:       17248 kB
PageTables:        29052 kB
NFS_Unstable:          0 kB
Bounce:                0 kB
WritebackTmp:          0 kB
CommitLimit:     1242116 kB
Committed_AS:   58035668 kB
VmallocTotal:     409600 kB
VmallocUsed:       39040 kB
VmallocChunk:      81444 kB
Time pass: 193 sec

---2015-10-15 23:09:39
MemTotal:        1959952 kB
MemFree:          138536 kB
Buffers:            5872 kB
Cached:           783088 kB
SwapCached:         5900 kB
Active:           711908 kB
Inactive:         609916 kB
Active(anon):     323332 kB
Inactive(anon):   211916 kB
Active(file):     388576 kB
Inactive(file):   398000 kB
Unevictable:        1768 kB
Mlocked:               0 kB
HighTotal:       1372556 kB
HighFree:          67604 kB
LowTotal:         587396 kB
LowFree:           70932 kB
SwapTotal:        262140 kB
SwapFree:         173028 kB
Dirty:               664 kB
Writeback:             0 kB
AnonPages:        533272 kB
Mapped:           266860 kB
Shmem:               616 kB
Slab:              60484 kB
SReclaimable:      17744 kB
SUnreclaim:        42740 kB
KernelStack:       16984 kB
PageTables:        28512 kB
NFS_Unstable:          0 kB
Bounce:                0 kB
WritebackTmp:          0 kB
CommitLimit:     1242116 kB
Committed_AS:   58033800 kB
VmallocTotal:     409600 kB
VmallocUsed:       34960 kB
VmallocChunk:      90804 kB
Time pass: 196 sec

---2015-10-15 23:09:39
MemTotal:        1959952 kB
MemFree:          101364 kB
Buffers:            5872 kB
Cached:           783092 kB
SwapCached:         5900 kB
Active:           745544 kB
Inactive:         609616 kB
Active(anon):     356976 kB
Inactive(anon):   211608 kB
Active(file):     388568 kB
Inactive(file):   398008 kB
Unevictable:        1768 kB
Mlocked:               0 kB
HighTotal:       1372556 kB
HighFree:          31952 kB
LowTotal:         587396 kB
LowFree:           69412 kB
SwapTotal:        262140 kB
SwapFree:         173028 kB
Dirty:               736 kB
Writeback:             0 kB
AnonPages:        566932 kB
Mapped:           291916 kB
Shmem:               620 kB
Slab:              60420 kB
SReclaimable:      17744 kB
SUnreclaim:        42676 kB
KernelStack:       17248 kB
PageTables:        29064 kB
NFS_Unstable:          0 kB
Bounce:                0 kB
WritebackTmp:          0 kB
CommitLimit:     1242116 kB
Committed_AS:   58042472 kB
VmallocTotal:     409600 kB
VmallocUsed:       38168 kB
VmallocChunk:      90804 kB
Time pass: 200 sec

---2015-10-15 23:09:39
MemTotal:        1959952 kB
MemFree:          134056 kB
Buffers:            5872 kB
Cached:           783092 kB
SwapCached:         5900 kB
Active:           716624 kB
Inactive:         609220 kB
Active(anon):     328024 kB
Inactive(anon):   211240 kB
Active(file):     388600 kB
Inactive(file):   397980 kB
Unevictable:        1768 kB
Mlocked:               0 kB
HighTotal:       1372556 kB
HighFree:          63600 kB
LowTotal:         587396 kB
LowFree:           70456 kB
SwapTotal:        262140 kB
SwapFree:         173028 kB
Dirty:               792 kB
Writeback:             0 kB
AnonPages:        537752 kB
Mapped:           266536 kB
Shmem:               616 kB
Slab:              60436 kB
SReclaimable:      17760 kB
SUnreclaim:        42676 kB
KernelStack:       16592 kB
PageTables:        28880 kB
NFS_Unstable:          0 kB
Bounce:                0 kB
WritebackTmp:          0 kB
CommitLimit:     1242116 kB
Committed_AS:   58966452 kB
VmallocTotal:     409600 kB
VmallocUsed:       41080 kB
VmallocChunk:      90804 kB
Time pass: 203 sec

---2015-10-15 23:09:39
MemTotal:        1959952 kB
MemFree:          101792 kB
Buffers:            5872 kB
Cached:           783160 kB
SwapCached:         5900 kB
Active:           744316 kB
Inactive:         609280 kB
Active(anon):     355720 kB
Inactive(anon):   211168 kB
Active(file):     388596 kB
Inactive(file):   398112 kB
Unevictable:        1768 kB
Mlocked:               0 kB
HighTotal:       1372556 kB
HighFree:          35172 kB
LowTotal:         587396 kB
LowFree:           66620 kB
SwapTotal:        262140 kB
SwapFree:         173028 kB
Dirty:               796 kB
Writeback:             0 kB
AnonPages:        565280 kB
Mapped:           289784 kB
Shmem:               556 kB
Slab:              60464 kB
SReclaimable:      17792 kB
SUnreclaim:        42672 kB
KernelStack:       17216 kB
PageTables:        28924 kB
NFS_Unstable:          0 kB
Bounce:                0 kB
WritebackTmp:          0 kB
CommitLimit:     1242116 kB
Committed_AS:   58005932 kB
VmallocTotal:     409600 kB
VmallocUsed:       40208 kB
VmallocChunk:      90804 kB
Time pass: 207 sec

---2015-10-15 23:09:39
MemTotal:        1959952 kB
MemFree:          131204 kB
Buffers:            5872 kB
Cached:           783156 kB
SwapCached:         5900 kB
Active:           720072 kB
Inactive:         609280 kB
Active(anon):     331480 kB
Inactive(anon):   211164 kB
Active(file):     388592 kB
Inactive(file):   398116 kB
Unevictable:        1768 kB
Mlocked:               0 kB
HighTotal:       1372556 kB
HighFree:          59912 kB
LowTotal:         587396 kB
LowFree:           71292 kB
SwapTotal:        262140 kB
SwapFree:         173028 kB
Dirty:               840 kB
Writeback:             0 kB
AnonPages:        540832 kB
Mapped:           290196 kB
Shmem:               552 kB
Slab:              60772 kB
SReclaimable:      17808 kB
SUnreclaim:        42964 kB
KernelStack:       17192 kB
PageTables:        29052 kB
NFS_Unstable:          0 kB
Bounce:                0 kB
WritebackTmp:          0 kB
CommitLimit:     1242116 kB
Committed_AS:   58001260 kB
VmallocTotal:     409600 kB
VmallocUsed:       37800 kB
VmallocChunk:      93212 kB
Time pass: 211 sec

---2015-10-15 23:09:39
MemTotal:        1959952 kB
MemFree:          134448 kB
Buffers:            5872 kB
Cached:           783156 kB
SwapCached:         5900 kB
Active:           717052 kB
Inactive:         609264 kB
Active(anon):     328460 kB
Inactive(anon):   211148 kB
Active(file):     388592 kB
Inactive(file):   398116 kB
Unevictable:        1768 kB
Mlocked:               0 kB
HighTotal:       1372556 kB
HighFree:          62800 kB
LowTotal:         587396 kB
LowFree:           71648 kB
SwapTotal:        262140 kB
SwapFree:         173028 kB
Dirty:               800 kB
Writeback:             0 kB
AnonPages:        537788 kB
Mapped:           289884 kB
Shmem:               552 kB
Slab:              60800 kB
SReclaimable:      17808 kB
SUnreclaim:        42992 kB
KernelStack:       17008 kB
PageTables:        28800 kB
NFS_Unstable:          0 kB
Bounce:                0 kB
WritebackTmp:          0 kB
CommitLimit:     1242116 kB
Committed_AS:   57051356 kB
VmallocTotal:     409600 kB
VmallocUsed:       36780 kB
VmallocChunk:      93212 kB
Time pass: 214 sec

---2015-10-15 23:09:39
MemTotal:        1959952 kB
MemFree:          134408 kB
Buffers:            5872 kB
Cached:           783156 kB
SwapCached:         5900 kB
Active:           717824 kB
Inactive:         609256 kB
Active(anon):     329224 kB
Inactive(anon):   211148 kB
Active(file):     388600 kB
Inactive(file):   398108 kB
Unevictable:        1768 kB
Mlocked:               0 kB
HighTotal:       1372556 kB
HighFree:          62736 kB
LowTotal:         587396 kB
LowFree:           71672 kB
SwapTotal:        262140 kB
SwapFree:         173028 kB
Dirty:               804 kB
Writeback:             0 kB
AnonPages:        538528 kB
Mapped:           290480 kB
Shmem:               552 kB
Slab:              60720 kB
SReclaimable:      17808 kB
SUnreclaim:        42912 kB
KernelStack:       17048 kB
PageTables:        28824 kB
NFS_Unstable:          0 kB
Bounce:                0 kB
WritebackTmp:          0 kB
CommitLimit:     1242116 kB
Committed_AS:   57051848 kB
VmallocTotal:     409600 kB
VmallocUsed:       36780 kB
VmallocChunk:      93212 kB
Time pass: 218 sec

---2015-10-15 23:09:39
MemTotal:        1959952 kB
MemFree:          128372 kB
Buffers:            5872 kB
Cached:           783156 kB
SwapCached:         5900 kB
Active:           723936 kB
Inactive:         609264 kB
Active(anon):     335344 kB
Inactive(anon):   211148 kB
Active(file):     388592 kB
Inactive(file):   398116 kB
Unevictable:        1768 kB
Mlocked:               0 kB
HighTotal:       1372556 kB
HighFree:          56940 kB
LowTotal:         587396 kB
LowFree:           71432 kB
SwapTotal:        262140 kB
SwapFree:         173028 kB
Dirty:               828 kB
Writeback:             0 kB
AnonPages:        544780 kB
Mapped:           296572 kB
Shmem:               552 kB
Slab:              60692 kB
SReclaimable:      17816 kB
SUnreclaim:        42876 kB
KernelStack:       17272 kB
PageTables:        29220 kB
NFS_Unstable:          0 kB
Bounce:                0 kB
WritebackTmp:          0 kB
CommitLimit:     1242116 kB
Committed_AS:   58002612 kB
VmallocTotal:     409600 kB
VmallocUsed:       37800 kB
VmallocChunk:      93212 kB
Time pass: 221 sec

---2015-10-15 23:09:39
MemTotal:        1959952 kB
MemFree:          129372 kB
Buffers:            5872 kB
Cached:           783156 kB
SwapCached:         5900 kB
Active:           722972 kB
Inactive:         609264 kB
Active(anon):     334380 kB
Inactive(anon):   211148 kB
Active(file):     388592 kB
Inactive(file):   398116 kB
Unevictable:        1768 kB
Mlocked:               0 kB
HighTotal:       1372556 kB
HighFree:          57892 kB
LowTotal:         587396 kB
LowFree:           71480 kB
SwapTotal:        262140 kB
SwapFree:         173028 kB
Dirty:               828 kB
Writeback:             0 kB
AnonPages:        543872 kB
Mapped:           296840 kB
Shmem:               552 kB
Slab:              60564 kB
SReclaimable:      17816 kB
SUnreclaim:        42748 kB
KernelStack:       17336 kB
PageTables:        29264 kB
NFS_Unstable:          0 kB
Bounce:                0 kB
WritebackTmp:          0 kB
CommitLimit:     1242116 kB
Committed_AS:   58002548 kB
VmallocTotal:     409600 kB
VmallocUsed:       37800 kB
VmallocChunk:      93212 kB
Time pass: 225 sec

---2015-10-15 23:09:39
MemTotal:        1959952 kB
MemFree:          129312 kB
Buffers:            5872 kB
Cached:           783156 kB
SwapCached:         5900 kB
Active:           723404 kB
Inactive:         609264 kB
Active(anon):     334812 kB
Inactive(anon):   211148 kB
Active(file):     388592 kB
Inactive(file):   398116 kB
Unevictable:        1768 kB
Mlocked:               0 kB
HighTotal:       1372556 kB
HighFree:          57768 kB
LowTotal:         587396 kB
LowFree:           71544 kB
SwapTotal:        262140 kB
SwapFree:         173028 kB
Dirty:               828 kB
Writeback:             0 kB
AnonPages:        544248 kB
Mapped:           296848 kB
Shmem:               552 kB
Slab:              60520 kB
SReclaimable:      17816 kB
SUnreclaim:        42704 kB
KernelStack:       17336 kB
PageTables:        29264 kB
NFS_Unstable:          0 kB
Bounce:                0 kB
WritebackTmp:          0 kB
CommitLimit:     1242116 kB
Committed_AS:   58002808 kB
VmallocTotal:     409600 kB
VmallocUsed:       37800 kB
VmallocChunk:      93212 kB
Time pass: 230 sec

---2015-10-15 23:09:39
MemTotal:        1959952 kB
MemFree:          127924 kB
Buffers:            5872 kB
Cached:           783156 kB
SwapCached:         5900 kB
Active:           724776 kB
Inactive:         609264 kB
Active(anon):     336184 kB
Inactive(anon):   211148 kB
Active(file):     388592 kB
Inactive(file):   398116 kB
Unevictable:        1768 kB
Mlocked:               0 kB
HighTotal:       1372556 kB
HighFree:          56572 kB
LowTotal:         587396 kB
LowFree:           71352 kB
SwapTotal:        262140 kB
SwapFree:         173028 kB
Dirty:               828 kB
Writeback:             0 kB
AnonPages:        545388 kB
Mapped:           296972 kB
Shmem:               552 kB
Slab:              60724 kB
SReclaimable:      17816 kB
SUnreclaim:        42908 kB
KernelStack:       17320 kB
PageTables:        29248 kB
NFS_Unstable:          0 kB
Bounce:                0 kB
WritebackTmp:          0 kB
CommitLimit:     1242116 kB
Committed_AS:   58003336 kB
VmallocTotal:     409600 kB
VmallocUsed:       37800 kB
VmallocChunk:      93212 kB
Time pass: 233 sec

---2015-10-15 23:09:39
MemTotal:        1959952 kB
MemFree:          124872 kB
Buffers:            5872 kB
Cached:           783156 kB
SwapCached:         5900 kB
Active:           726464 kB
Inactive:         609272 kB
Active(anon):     337880 kB
Inactive(anon):   211148 kB
Active(file):     388584 kB
Inactive(file):   398124 kB
Unevictable:        1768 kB
Mlocked:               0 kB
HighTotal:       1372556 kB
HighFree:          53680 kB
LowTotal:         587396 kB
LowFree:           71192 kB
SwapTotal:        262140 kB
SwapFree:         173028 kB
Dirty:               848 kB
Writeback:             0 kB
AnonPages:        547104 kB
Mapped:           297344 kB
Shmem:               552 kB
Slab:              60724 kB
SReclaimable:      17816 kB
SUnreclaim:        42908 kB
KernelStack:       17464 kB
PageTables:        29320 kB
NFS_Unstable:          0 kB
Bounce:                0 kB
WritebackTmp:          0 kB
CommitLimit:     1242116 kB
Committed_AS:   58004056 kB
VmallocTotal:     409600 kB
VmallocUsed:       37800 kB
VmallocChunk:      93212 kB
Time pass: 237 sec

---2015-10-15 23:09:39
MemTotal:        1959952 kB
MemFree:          124784 kB
Buffers:            5872 kB
Cached:           783156 kB
SwapCached:         5900 kB
Active:           726512 kB
Inactive:         609272 kB
Active(anon):     337928 kB
Inactive(anon):   211148 kB
Active(file):     388584 kB
Inactive(file):   398124 kB
Unevictable:        1768 kB
Mlocked:               0 kB
HighTotal:       1372556 kB
HighFree:          53560 kB
LowTotal:         587396 kB
LowFree:           71224 kB
SwapTotal:        262140 kB
SwapFree:         173028 kB
Dirty:               848 kB
Writeback:             0 kB
AnonPages:        547452 kB
Mapped:           297344 kB
Shmem:               552 kB
Slab:              60724 kB
SReclaimable:      17816 kB
SUnreclaim:        42908 kB
KernelStack:       17448 kB
PageTables:        29292 kB
NFS_Unstable:          0 kB
Bounce:                0 kB
WritebackTmp:          0 kB
CommitLimit:     1242116 kB
Committed_AS:   58004192 kB
VmallocTotal:     409600 kB
VmallocUsed:       37800 kB
VmallocChunk:      93212 kB
Time pass: 240 sec

---2015-10-15 23:09:39
MemTotal:        1959952 kB
MemFree:          124824 kB
Buffers:            5872 kB
Cached:           783156 kB
SwapCached:         5900 kB
Active:           726772 kB
Inactive:         609272 kB
Active(anon):     338188 kB
Inactive(anon):   211148 kB
Active(file):     388584 kB
Inactive(file):   398124 kB
Unevictable:        1768 kB
Mlocked:               0 kB
HighTotal:       1372556 kB
HighFree:          53600 kB
LowTotal:         587396 kB
LowFree:           71224 kB
SwapTotal:        262140 kB
SwapFree:         173028 kB
Dirty:               848 kB
Writeback:             0 kB
AnonPages:        547472 kB
Mapped:           297348 kB
Shmem:               552 kB
Slab:              60724 kB
SReclaimable:      17816 kB
SUnreclaim:        42908 kB
KernelStack:       17448 kB
PageTables:        29292 kB
NFS_Unstable:          0 kB
Bounce:                0 kB
WritebackTmp:          0 kB
CommitLimit:     1242116 kB
Committed_AS:   58004284 kB
VmallocTotal:     409600 kB
VmallocUsed:       37800 kB
VmallocChunk:      93212 kB
Time pass: 244 sec

---2015-10-15 23:09:39
MemTotal:        1959952 kB
MemFree:          124300 kB
Buffers:            5872 kB
Cached:           783156 kB
SwapCached:         5900 kB
Active:           727096 kB
Inactive:         609272 kB
Active(anon):     338512 kB
Inactive(anon):   211148 kB
Active(file):     388584 kB
Inactive(file):   398124 kB
Unevictable:        1768 kB
Mlocked:               0 kB
HighTotal:       1372556 kB
HighFree:          52980 kB
LowTotal:         587396 kB
LowFree:           71320 kB
SwapTotal:        262140 kB
SwapFree:         173028 kB
Dirty:               848 kB
Writeback:             0 kB
AnonPages:        548060 kB
Mapped:           297348 kB
Shmem:               552 kB
Slab:              60628 kB
SReclaimable:      17816 kB
SUnreclaim:        42812 kB
KernelStack:       17448 kB
PageTables:        29292 kB
NFS_Unstable:          0 kB
Bounce:                0 kB
WritebackTmp:          0 kB
CommitLimit:     1242116 kB
Committed_AS:   58004492 kB
VmallocTotal:     409600 kB
VmallocUsed:       37800 kB
VmallocChunk:      93212 kB
Time pass: 248 sec

---2015-10-15 23:09:39
MemTotal:        1959952 kB
MemFree:          124140 kB
Buffers:            5872 kB
Cached:           783156 kB
SwapCached:         5900 kB
Active:           727720 kB
Inactive:         609272 kB
Active(anon):     339136 kB
Inactive(anon):   211148 kB
Active(file):     388584 kB
Inactive(file):   398124 kB
Unevictable:        1768 kB
Mlocked:               0 kB
HighTotal:       1372556 kB
HighFree:          52772 kB
LowTotal:         587396 kB
LowFree:           71368 kB
SwapTotal:        262140 kB
SwapFree:         173028 kB
Dirty:               848 kB
Writeback:             0 kB
AnonPages:        548480 kB
Mapped:           297348 kB
Shmem:               552 kB
Slab:              60596 kB
SReclaimable:      17816 kB
SUnreclaim:        42780 kB
KernelStack:       17432 kB
PageTables:        29292 kB
NFS_Unstable:          0 kB
Bounce:                0 kB
WritebackTmp:          0 kB
CommitLimit:     1242116 kB
Committed_AS:   58004792 kB
VmallocTotal:     409600 kB
VmallocUsed:       37800 kB
VmallocChunk:      93212 kB
Time pass: 251 sec

---2015-10-15 23:09:39
MemTotal:        1959952 kB
MemFree:          124036 kB
Buffers:            5872 kB
Cached:           783156 kB
SwapCached:         5900 kB
Active:           727236 kB
Inactive:         609272 kB
Active(anon):     338652 kB
Inactive(anon):   211148 kB
Active(file):     388584 kB
Inactive(file):   398124 kB
Unevictable:        1768 kB
Mlocked:               0 kB
HighTotal:       1372556 kB
HighFree:          52876 kB
LowTotal:         587396 kB
LowFree:           71160 kB
SwapTotal:        262140 kB
SwapFree:         173028 kB
Dirty:               848 kB
Writeback:             0 kB
AnonPages:        547916 kB
Mapped:           297348 kB
Shmem:               552 kB
Slab:              60784 kB
SReclaimable:      17816 kB
SUnreclaim:        42968 kB
KernelStack:       17432 kB
PageTables:        29292 kB
NFS_Unstable:          0 kB
Bounce:                0 kB
WritebackTmp:          0 kB
CommitLimit:     1242116 kB
Committed_AS:   58003384 kB
VmallocTotal:     409600 kB
VmallocUsed:       37800 kB
VmallocChunk:      93212 kB
Time pass: 255 sec

---2015-10-15 23:09:39
MemTotal:        1959952 kB
MemFree:          124396 kB
Buffers:            5872 kB
Cached:           783156 kB
SwapCached:         5900 kB
Active:           726880 kB
Inactive:         609280 kB
Active(anon):     338304 kB
Inactive(anon):   211148 kB
Active(file):     388576 kB
Inactive(file):   398132 kB
Unevictable:        1768 kB
Mlocked:               0 kB
HighTotal:       1372556 kB
HighFree:          53336 kB
LowTotal:         587396 kB
LowFree:           71060 kB
SwapTotal:        262140 kB
SwapFree:         173028 kB
Dirty:               860 kB
Writeback:             0 kB
AnonPages:        547608 kB
Mapped:           297356 kB
Shmem:               552 kB
Slab:              60792 kB
SReclaimable:      17816 kB
SUnreclaim:        42976 kB
KernelStack:       17424 kB
PageTables:        29304 kB
NFS_Unstable:          0 kB
Bounce:                0 kB
WritebackTmp:          0 kB
CommitLimit:     1242116 kB
Committed_AS:   58003628 kB
VmallocTotal:     409600 kB
VmallocUsed:       37800 kB
VmallocChunk:      93212 kB
Time pass: 258 sec

---2015-10-15 23:09:39
MemTotal:        1959952 kB
MemFree:          124160 kB
Buffers:            5872 kB
Cached:           783156 kB
SwapCached:         5900 kB
Active:           727076 kB
Inactive:         609272 kB
Active(anon):     338492 kB
Inactive(anon):   211148 kB
Active(file):     388584 kB
Inactive(file):   398124 kB
Unevictable:        1768 kB
Mlocked:               0 kB
HighTotal:       1372556 kB
HighFree:          52972 kB
LowTotal:         587396 kB
LowFree:           71188 kB
SwapTotal:        262140 kB
SwapFree:         173028 kB
Dirty:               868 kB
Writeback:             0 kB
AnonPages:        547740 kB
Mapped:           297356 kB
Shmem:               552 kB
Slab:              60660 kB
SReclaimable:      17816 kB
SUnreclaim:        42844 kB
KernelStack:       17424 kB
PageTables:        29300 kB
NFS_Unstable:          0 kB
Bounce:                0 kB
WritebackTmp:          0 kB
CommitLimit:     1242116 kB
Committed_AS:   58003668 kB
VmallocTotal:     409600 kB
VmallocUsed:       37800 kB
VmallocChunk:      93212 kB
Time pass: 262 sec

---2015-10-15 23:09:39
MemTotal:        1959952 kB
MemFree:          130964 kB
Buffers:            5872 kB
Cached:           783156 kB
SwapCached:         5900 kB
Active:           721176 kB
Inactive:         609272 kB
Active(anon):     332592 kB
Inactive(anon):   211148 kB
Active(file):     388584 kB
Inactive(file):   398124 kB
Unevictable:        1768 kB
Mlocked:               0 kB
HighTotal:       1372556 kB
HighFree:          58888 kB
LowTotal:         587396 kB
LowFree:           72076 kB
SwapTotal:        262140 kB
SwapFree:         173028 kB
Dirty:               868 kB
Writeback:             0 kB
AnonPages:        541912 kB
Mapped:           290832 kB
Shmem:               552 kB
Slab:              60568 kB
SReclaimable:      17816 kB
SUnreclaim:        42752 kB
KernelStack:       17120 kB
PageTables:        28844 kB
NFS_Unstable:          0 kB
Bounce:                0 kB
WritebackTmp:          0 kB
CommitLimit:     1242116 kB
Committed_AS:   57052732 kB
VmallocTotal:     409600 kB
VmallocUsed:       36780 kB
VmallocChunk:      93212 kB
Time pass: 265 sec

---2015-10-15 23:09:39
MemTotal:        1959952 kB
MemFree:          130468 kB
Buffers:            5872 kB
Cached:           783156 kB
SwapCached:         5900 kB
Active:           721632 kB
Inactive:         609272 kB
Active(anon):     333048 kB
Inactive(anon):   211148 kB
Active(file):     388584 kB
Inactive(file):   398124 kB
Unevictable:        1768 kB
Mlocked:               0 kB
HighTotal:       1372556 kB
HighFree:          58376 kB
LowTotal:         587396 kB
LowFree:           72092 kB
SwapTotal:        262140 kB
SwapFree:         173028 kB
Dirty:               868 kB
Writeback:             0 kB
AnonPages:        542420 kB
Mapped:           290832 kB
Shmem:               552 kB
Slab:              60564 kB
SReclaimable:      17816 kB
SUnreclaim:        42748 kB
KernelStack:       17112 kB
PageTables:        28840 kB
NFS_Unstable:          0 kB
Bounce:                0 kB
WritebackTmp:          0 kB
CommitLimit:     1242116 kB
Committed_AS:   57052816 kB
VmallocTotal:     409600 kB
VmallocUsed:       36780 kB
VmallocChunk:      93212 kB
Time pass: 270 sec

---2015-10-15 23:09:39
MemTotal:        1959952 kB
MemFree:          129964 kB
Buffers:            5872 kB
Cached:           783156 kB
SwapCached:         5900 kB
Active:           722068 kB
Inactive:         609272 kB
Active(anon):     333484 kB
Inactive(anon):   211148 kB
Active(file):     388584 kB
Inactive(file):   398124 kB
Unevictable:        1768 kB
Mlocked:               0 kB
HighTotal:       1372556 kB
HighFree:          58128 kB
LowTotal:         587396 kB
LowFree:           71836 kB
SwapTotal:        262140 kB
SwapFree:         173028 kB
Dirty:               868 kB
Writeback:             0 kB
AnonPages:        542680 kB
Mapped:           290832 kB
Shmem:               552 kB
Slab:              60832 kB
SReclaimable:      17816 kB
SUnreclaim:        43016 kB
KernelStack:       17112 kB
PageTables:        28840 kB
NFS_Unstable:          0 kB
Bounce:                0 kB
WritebackTmp:          0 kB
CommitLimit:     1242116 kB
Committed_AS:   57052820 kB
VmallocTotal:     409600 kB
VmallocUsed:       36780 kB
VmallocChunk:      93212 kB
Time pass: 273 sec

---2015-10-15 23:09:39
MemTotal:        1959952 kB
MemFree:          130076 kB
Buffers:            5872 kB
Cached:           783156 kB
SwapCached:         5900 kB
Active:           722252 kB
Inactive:         609272 kB
Active(anon):     333668 kB
Inactive(anon):   211148 kB
Active(file):     388584 kB
Inactive(file):   398124 kB
Unevictable:        1768 kB
Mlocked:               0 kB
HighTotal:       1372556 kB
HighFree:          58116 kB
LowTotal:         587396 kB
LowFree:           71960 kB
SwapTotal:        262140 kB
SwapFree:         173028 kB
Dirty:               868 kB
Writeback:             0 kB
AnonPages:        542956 kB
Mapped:           290832 kB
Shmem:               552 kB
Slab:              60820 kB
SReclaimable:      17816 kB
SUnreclaim:        43004 kB
KernelStack:       17112 kB
PageTables:        28840 kB
NFS_Unstable:          0 kB
Bounce:                0 kB
WritebackTmp:          0 kB
CommitLimit:     1242116 kB
Committed_AS:   57053024 kB
VmallocTotal:     409600 kB
VmallocUsed:       36780 kB
VmallocChunk:      93212 kB
Time pass: 277 sec

---2015-10-15 23:09:39
MemTotal:        1959952 kB
MemFree:          130620 kB
Buffers:            5872 kB
Cached:           783156 kB
SwapCached:         5900 kB
Active:           722124 kB
Inactive:         609272 kB
Active(anon):     333540 kB
Inactive(anon):   211148 kB
Active(file):     388584 kB
Inactive(file):   398124 kB
Unevictable:        1768 kB
Mlocked:               0 kB
HighTotal:       1372556 kB
HighFree:          58704 kB
LowTotal:         587396 kB
LowFree:           71916 kB
SwapTotal:        262140 kB
SwapFree:         173028 kB
Dirty:               872 kB
Writeback:             0 kB
AnonPages:        542796 kB
Mapped:           290832 kB
Shmem:               552 kB
Slab:              60760 kB
SReclaimable:      17816 kB
SUnreclaim:        42944 kB
KernelStack:       17096 kB
PageTables:        28840 kB
NFS_Unstable:          0 kB
Bounce:                0 kB
WritebackTmp:          0 kB
CommitLimit:     1242116 kB
Committed_AS:   57052860 kB
VmallocTotal:     409600 kB
VmallocUsed:       36780 kB
VmallocChunk:      93212 kB
Time pass: 281 sec

---2015-10-15 23:09:39
MemTotal:        1959952 kB
MemFree:          130584 kB
Buffers:            5872 kB
Cached:           783156 kB
SwapCached:         5900 kB
Active:           722092 kB
Inactive:         609272 kB
Active(anon):     333508 kB
Inactive(anon):   211148 kB
Active(file):     388584 kB
Inactive(file):   398124 kB
Unevictable:        1768 kB
Mlocked:               0 kB
HighTotal:       1372556 kB
HighFree:          58668 kB
LowTotal:         587396 kB
LowFree:           71916 kB
SwapTotal:        262140 kB
SwapFree:         173028 kB
Dirty:               868 kB
Writeback:             0 kB
AnonPages:        542880 kB
Mapped:           290832 kB
Shmem:               552 kB
Slab:              60760 kB
SReclaimable:      17816 kB
SUnreclaim:        42944 kB
KernelStack:       17096 kB
PageTables:        28844 kB
NFS_Unstable:          0 kB
Bounce:                0 kB
WritebackTmp:          0 kB
CommitLimit:     1242116 kB
Committed_AS:   57053000 kB
VmallocTotal:     409600 kB
VmallocUsed:       36780 kB
VmallocChunk:      93212 kB
Time pass: 284 sec

---2015-10-15 23:09:39
MemTotal:        1959952 kB
MemFree:          130228 kB
Buffers:            5872 kB
Cached:           783456 kB
SwapCached:         5900 kB
Active:           722420 kB
Inactive:         609532 kB
Active(anon):     333828 kB
Inactive(anon):   211140 kB
Active(file):     388592 kB
Inactive(file):   398392 kB
Unevictable:        1768 kB
Mlocked:               0 kB
HighTotal:       1372556 kB
HighFree:          58240 kB
LowTotal:         587396 kB
LowFree:           71988 kB
SwapTotal:        262140 kB
SwapFree:         173028 kB
Dirty:               908 kB
Writeback:             0 kB
AnonPages:        543192 kB
Mapped:           290864 kB
Shmem:               536 kB
Slab:              60728 kB
SReclaimable:      17816 kB
SUnreclaim:        42912 kB
KernelStack:       17072 kB
PageTables:        28824 kB
NFS_Unstable:          0 kB
Bounce:                0 kB
WritebackTmp:          0 kB
CommitLimit:     1242116 kB
Committed_AS:   57053184 kB
VmallocTotal:     409600 kB
VmallocUsed:       36780 kB
VmallocChunk:      93212 kB
Time pass: 288 sec

---2015-10-15 23:09:39
MemTotal:        1959952 kB
MemFree:          129464 kB
Buffers:            5872 kB
Cached:           783428 kB
SwapCached:         5900 kB
Active:           722684 kB
Inactive:         609524 kB
Active(anon):     334080 kB
Inactive(anon):   211148 kB
Active(file):     388604 kB
Inactive(file):   398376 kB
Unevictable:        1768 kB
Mlocked:               0 kB
HighTotal:       1372556 kB
HighFree:          57580 kB
LowTotal:         587396 kB
LowFree:           71884 kB
SwapTotal:        262140 kB
SwapFree:         173028 kB
Dirty:               892 kB
Writeback:             0 kB
AnonPages:        543384 kB
Mapped:           290856 kB
Shmem:               552 kB
Slab:              60728 kB
SReclaimable:      17816 kB
SUnreclaim:        42912 kB
KernelStack:       17056 kB
PageTables:        28844 kB
NFS_Unstable:          0 kB
Bounce:                0 kB
WritebackTmp:          0 kB
CommitLimit:     1242116 kB
Committed_AS:   57053432 kB
VmallocTotal:     409600 kB
VmallocUsed:       36780 kB
VmallocChunk:      93212 kB
Time pass: 291 sec

---2015-10-15 23:09:39
MemTotal:        1959952 kB
MemFree:          130464 kB
Buffers:            5872 kB
Cached:           783428 kB
SwapCached:         5900 kB
Active:           721640 kB
Inactive:         609524 kB
Active(anon):     333036 kB
Inactive(anon):   211148 kB
Active(file):     388604 kB
Inactive(file):   398376 kB
Unevictable:        1768 kB
Mlocked:               0 kB
HighTotal:       1372556 kB
HighFree:          58584 kB
LowTotal:         587396 kB
LowFree:           71880 kB
SwapTotal:        262140 kB
SwapFree:         173028 kB
Dirty:               892 kB
Writeback:             0 kB
AnonPages:        542288 kB
Mapped:           290856 kB
Shmem:               552 kB
Slab:              60864 kB
SReclaimable:      17816 kB
SUnreclaim:        43048 kB
KernelStack:       17064 kB
PageTables:        28844 kB
NFS_Unstable:          0 kB
Bounce:                0 kB
WritebackTmp:          0 kB
CommitLimit:     1242116 kB
Committed_AS:   57053340 kB
VmallocTotal:     409600 kB
VmallocUsed:       36780 kB
VmallocChunk:      93212 kB
Time pass: 295 sec

---2015-10-15 23:09:39
MemTotal:        1959952 kB
MemFree:          130740 kB
Buffers:            5872 kB
Cached:           783428 kB
SwapCached:         5900 kB
Active:           721528 kB
Inactive:         609524 kB
Active(anon):     332924 kB
Inactive(anon):   211148 kB
Active(file):     388604 kB
Inactive(file):   398376 kB
Unevictable:        1768 kB
Mlocked:               0 kB
HighTotal:       1372556 kB
HighFree:          58992 kB
LowTotal:         587396 kB
LowFree:           71748 kB
SwapTotal:        262140 kB
SwapFree:         173028 kB
Dirty:               900 kB
Writeback:             0 kB
AnonPages:        542268 kB
Mapped:           290856 kB
Shmem:               552 kB
Slab:              60888 kB
SReclaimable:      17816 kB
SUnreclaim:        43072 kB
KernelStack:       17064 kB
PageTables:        28844 kB
NFS_Unstable:          0 kB
Bounce:                0 kB
WritebackTmp:          0 kB
CommitLimit:     1242116 kB
Committed_AS:   57053420 kB
VmallocTotal:     409600 kB
VmallocUsed:       36780 kB
VmallocChunk:      93212 kB
Time pass: 299 sec

---2015-10-15 23:09:39
MemTotal:        1959952 kB
MemFree:          130000 kB
Buffers:            5872 kB
Cached:           783428 kB
SwapCached:         5900 kB
Active:           721704 kB
Inactive:         609524 kB
Active(anon):     333100 kB
Inactive(anon):   211148 kB
Active(file):     388604 kB
Inactive(file):   398376 kB
Unevictable:        1768 kB
Mlocked:               0 kB
HighTotal:       1372556 kB
HighFree:          58256 kB
LowTotal:         587396 kB
LowFree:           71744 kB
SwapTotal:        262140 kB
SwapFree:         173028 kB
Dirty:               896 kB
Writeback:             0 kB
AnonPages:        542388 kB
Mapped:           290860 kB
Shmem:               552 kB
Slab:              60856 kB
SReclaimable:      17816 kB
SUnreclaim:        43040 kB
KernelStack:       17072 kB
PageTables:        28844 kB
NFS_Unstable:          0 kB
Bounce:                0 kB
WritebackTmp:          0 kB
CommitLimit:     1242116 kB
Committed_AS:   57053612 kB
VmallocTotal:     409600 kB
VmallocUsed:       36780 kB
VmallocChunk:      93212 kB
Time pass: 302 sec

---2015-10-15 23:09:39
MemTotal:        1959952 kB
MemFree:          130156 kB
Buffers:            5872 kB
Cached:           783428 kB
SwapCached:         5900 kB
Active:           722060 kB
Inactive:         609524 kB
Active(anon):     333456 kB
Inactive(anon):   211148 kB
Active(file):     388604 kB
Inactive(file):   398376 kB
Unevictable:        1768 kB
Mlocked:               0 kB
HighTotal:       1372556 kB
HighFree:          58348 kB
LowTotal:         587396 kB
LowFree:           71808 kB
SwapTotal:        262140 kB
SwapFree:         173028 kB
Dirty:               896 kB
Writeback:             0 kB
AnonPages:        542596 kB
Mapped:           290984 kB
Shmem:               552 kB
Slab:              60760 kB
SReclaimable:      17816 kB
SUnreclaim:        42944 kB
KernelStack:       17088 kB
PageTables:        28860 kB
NFS_Unstable:          0 kB
Bounce:                0 kB
WritebackTmp:          0 kB
CommitLimit:     1242116 kB
Committed_AS:   57053820 kB
VmallocTotal:     409600 kB
VmallocUsed:       36780 kB
VmallocChunk:      93212 kB
Time pass: 306 sec

---2015-10-15 23:09:39
MemTotal:        1959952 kB
MemFree:          129904 kB
Buffers:            5872 kB
Cached:           783428 kB
SwapCached:         5900 kB
Active:           722264 kB
Inactive:         609524 kB
Active(anon):     333660 kB
Inactive(anon):   211148 kB
Active(file):     388604 kB
Inactive(file):   398376 kB
Unevictable:        1768 kB
Mlocked:               0 kB
HighTotal:       1372556 kB
HighFree:          58032 kB
LowTotal:         587396 kB
LowFree:           71872 kB
SwapTotal:        262140 kB
SwapFree:         173028 kB
Dirty:               896 kB
Writeback:             0 kB
AnonPages:        543048 kB
Mapped:           290984 kB
Shmem:               552 kB
Slab:              60748 kB
SReclaimable:      17816 kB
SUnreclaim:        42932 kB
KernelStack:       17088 kB
PageTables:        28860 kB
NFS_Unstable:          0 kB
Bounce:                0 kB
WritebackTmp:          0 kB
CommitLimit:     1242116 kB
Committed_AS:   57053920 kB
VmallocTotal:     409600 kB
VmallocUsed:       36780 kB
VmallocChunk:      93212 kB
Time pass: 310 sec

---2015-10-15 23:09:39
MemTotal:        1959952 kB
MemFree:          129196 kB
Buffers:            5872 kB
Cached:           783428 kB
SwapCached:         5900 kB
Active:           722720 kB
Inactive:         609524 kB
Active(anon):     334116 kB
Inactive(anon):   211148 kB
Active(file):     388604 kB
Inactive(file):   398376 kB
Unevictable:        1768 kB
Mlocked:               0 kB
HighTotal:       1372556 kB
HighFree:          57292 kB
LowTotal:         587396 kB
LowFree:           71904 kB
SwapTotal:        262140 kB
SwapFree:         173028 kB
Dirty:               896 kB
Writeback:             0 kB
AnonPages:        543364 kB
Mapped:           290984 kB
Shmem:               552 kB
Slab:              60720 kB
SReclaimable:      17816 kB
SUnreclaim:        42904 kB
KernelStack:       17088 kB
PageTables:        28860 kB
NFS_Unstable:          0 kB
Bounce:                0 kB
WritebackTmp:          0 kB
CommitLimit:     1242116 kB
Committed_AS:   57054080 kB
VmallocTotal:     409600 kB
VmallocUsed:       36780 kB
VmallocChunk:      93212 kB
Time pass: 313 sec

---2015-10-15 23:09:39
MemTotal:        1959952 kB
MemFree:          128916 kB
Buffers:            5872 kB
Cached:           783428 kB
SwapCached:         5900 kB
Active:           722852 kB
Inactive:         609524 kB
Active(anon):     334248 kB
Inactive(anon):   211148 kB
Active(file):     388604 kB
Inactive(file):   398376 kB
Unevictable:        1768 kB
Mlocked:               0 kB
HighTotal:       1372556 kB
HighFree:          57288 kB
LowTotal:         587396 kB
LowFree:           71628 kB
SwapTotal:        262140 kB
SwapFree:         173028 kB
Dirty:               896 kB
Writeback:             0 kB
AnonPages:        543468 kB
Mapped:           290984 kB
Shmem:               552 kB
Slab:              60828 kB
SReclaimable:      17816 kB
SUnreclaim:        43012 kB
KernelStack:       17080 kB
PageTables:        28864 kB
NFS_Unstable:          0 kB
Bounce:                0 kB
WritebackTmp:          0 kB
CommitLimit:     1242116 kB
Committed_AS:   57054260 kB
VmallocTotal:     409600 kB
VmallocUsed:       36780 kB
VmallocChunk:      93212 kB
Time pass: 317 sec

---2015-10-15 23:09:39
MemTotal:        1959952 kB
MemFree:          128432 kB
Buffers:            5872 kB
Cached:           783428 kB
SwapCached:         5900 kB
Active:           723856 kB
Inactive:         609524 kB
Active(anon):     335252 kB
Inactive(anon):   211148 kB
Active(file):     388604 kB
Inactive(file):   398376 kB
Unevictable:        1768 kB
Mlocked:               0 kB
HighTotal:       1372556 kB
HighFree:          56680 kB
LowTotal:         587396 kB
LowFree:           71752 kB
SwapTotal:        262140 kB
SwapFree:         173028 kB
Dirty:               896 kB
Writeback:             0 kB
AnonPages:        544932 kB
Mapped:           290992 kB
Shmem:               552 kB
Slab:              60840 kB
SReclaimable:      17816 kB
SUnreclaim:        43024 kB
KernelStack:       17080 kB
PageTables:        29056 kB
NFS_Unstable:          0 kB
Bounce:                0 kB
WritebackTmp:          0 kB
CommitLimit:     1242116 kB
Committed_AS:   58004084 kB
VmallocTotal:     409600 kB
VmallocUsed:       36780 kB
VmallocChunk:      93212 kB
Time pass: 321 sec

---2015-10-15 23:09:39
MemTotal:        1959952 kB
MemFree:          134168 kB
Buffers:            5872 kB
Cached:           783428 kB
SwapCached:         5900 kB
Active:           717340 kB
Inactive:         609524 kB
Active(anon):     328736 kB
Inactive(anon):   211148 kB
Active(file):     388604 kB
Inactive(file):   398376 kB
Unevictable:        1768 kB
Mlocked:               0 kB
HighTotal:       1372556 kB
HighFree:          62492 kB
LowTotal:         587396 kB
LowFree:           71676 kB
SwapTotal:        262140 kB
SwapFree:         173028 kB
Dirty:               892 kB
Writeback:             0 kB
AnonPages:        538160 kB
Mapped:           286848 kB
Shmem:               552 kB
Slab:              60828 kB
SReclaimable:      17816 kB
SUnreclaim:        43012 kB
KernelStack:       17064 kB
PageTables:        28716 kB
NFS_Unstable:          0 kB
Bounce:                0 kB
WritebackTmp:          0 kB
CommitLimit:     1242116 kB
Committed_AS:   57053900 kB
VmallocTotal:     409600 kB
VmallocUsed:       35760 kB
VmallocChunk:      93212 kB
Time pass: 324 sec

---2015-10-15 23:09:39
MemTotal:        1959952 kB
MemFree:          133864 kB
Buffers:            5872 kB
Cached:           783428 kB
SwapCached:         5900 kB
Active:           718084 kB
Inactive:         609520 kB
Active(anon):     329480 kB
Inactive(anon):   211144 kB
Active(file):     388604 kB
Inactive(file):   398376 kB
Unevictable:        1768 kB
Mlocked:               0 kB
HighTotal:       1372556 kB
HighFree:          62072 kB
LowTotal:         587396 kB
LowFree:           71792 kB
SwapTotal:        262140 kB
SwapFree:         173028 kB
Dirty:               892 kB
Writeback:             0 kB
AnonPages:        538896 kB
Mapped:           286972 kB
Shmem:               552 kB
Slab:              60840 kB
SReclaimable:      17816 kB
SUnreclaim:        43024 kB
KernelStack:       17064 kB
PageTables:        28756 kB
NFS_Unstable:          0 kB
Bounce:                0 kB
WritebackTmp:          0 kB
CommitLimit:     1242116 kB
Committed_AS:   57054220 kB
VmallocTotal:     409600 kB
VmallocUsed:       35760 kB
VmallocChunk:      93212 kB
Time pass: 328 sec

---2015-10-15 23:09:39
MemTotal:        1959952 kB
MemFree:          133376 kB
Buffers:            5872 kB
Cached:           783428 kB
SwapCached:         5900 kB
Active:           718432 kB
Inactive:         609532 kB
Active(anon):     329828 kB
Inactive(anon):   211156 kB
Active(file):     388604 kB
Inactive(file):   398376 kB
Unevictable:        1768 kB
Mlocked:               0 kB
HighTotal:       1372556 kB
HighFree:          61568 kB
LowTotal:         587396 kB
LowFree:           71808 kB
SwapTotal:        262140 kB
SwapFree:         173048 kB
Dirty:               892 kB
Writeback:             0 kB
AnonPages:        539144 kB
Mapped:           286948 kB
Shmem:               552 kB
Slab:              60800 kB
SReclaimable:      17816 kB
SUnreclaim:        42984 kB
KernelStack:       17056 kB
PageTables:        28768 kB
NFS_Unstable:          0 kB
Bounce:                0 kB
WritebackTmp:          0 kB
CommitLimit:     1242116 kB
Committed_AS:   57054608 kB
VmallocTotal:     409600 kB
VmallocUsed:       35760 kB
VmallocChunk:      93212 kB
Time pass: 331 sec

---2015-10-15 23:09:39
MemTotal:        1959952 kB
MemFree:          135520 kB
Buffers:            5872 kB
Cached:           783428 kB
SwapCached:         5900 kB
Active:           716420 kB
Inactive:         609532 kB
Active(anon):     327816 kB
Inactive(anon):   211156 kB
Active(file):     388604 kB
Inactive(file):   398376 kB
Unevictable:        1768 kB
Mlocked:               0 kB
HighTotal:       1372556 kB
HighFree:          63672 kB
LowTotal:         587396 kB
LowFree:           71848 kB
SwapTotal:        262140 kB
SwapFree:         173048 kB
Dirty:               892 kB
Writeback:             0 kB
AnonPages:        537200 kB
Mapped:           286908 kB
Shmem:               552 kB
Slab:              60768 kB
SReclaimable:      17816 kB
SUnreclaim:        42952 kB
KernelStack:       17064 kB
PageTables:        28756 kB
NFS_Unstable:          0 kB
Bounce:                0 kB
WritebackTmp:          0 kB
CommitLimit:     1242116 kB
Committed_AS:   57054664 kB
VmallocTotal:     409600 kB
VmallocUsed:       35760 kB
VmallocChunk:      93212 kB
Time pass: 335 sec

---2015-10-15 23:09:39
MemTotal:        1959952 kB
MemFree:          135284 kB
Buffers:            5872 kB
Cached:           783428 kB
SwapCached:         5900 kB
Active:           716532 kB
Inactive:         609532 kB
Active(anon):     327928 kB
Inactive(anon):   211156 kB
Active(file):     388604 kB
Inactive(file):   398376 kB
Unevictable:        1768 kB
Mlocked:               0 kB
HighTotal:       1372556 kB
HighFree:          63500 kB
LowTotal:         587396 kB
LowFree:           71784 kB
SwapTotal:        262140 kB
SwapFree:         173048 kB
Dirty:               892 kB
Writeback:             0 kB
AnonPages:        537224 kB
Mapped:           286876 kB
Shmem:               552 kB
Slab:              60832 kB
SReclaimable:      17816 kB
