---2015-10-26 11:04:01
MemTotal:        1959952 kB
MemFree:          244932 kB
Buffers:            5808 kB
Cached:           684888 kB
SwapCached:         6320 kB
Active:           791296 kB
Inactive:         488132 kB
Active(anon):     389856 kB
Inactive(anon):   201300 kB
Active(file):     401440 kB
Inactive(file):   286832 kB
Unevictable:        1768 kB
Mlocked:               0 kB
HighTotal:       1372556 kB
HighFree:         125872 kB
LowTotal:         587396 kB
LowFree:          119060 kB
SwapTotal:        262140 kB
SwapFree:         132108 kB
Dirty:              5588 kB
Writeback:             0 kB
AnonPages:        590020 kB
Mapped:           216628 kB
Shmem:               656 kB
Slab:              68964 kB
SReclaimable:      19844 kB
SUnreclaim:        49120 kB
KernelStack:       17456 kB
PageTables:        29144 kB
NFS_Unstable:          0 kB
Bounce:                0 kB
WritebackTmp:          0 kB
CommitLimit:     1242116 kB
Committed_AS:   57292608 kB
VmallocTotal:     409600 kB
VmallocUsed:       33360 kB
VmallocChunk:      81948 kB
Time pass: 3 sec

---2015-10-26 11:04:01
MemTotal:        1959952 kB
MemFree:          244940 kB
Buffers:            5808 kB
Cached:           684876 kB
SwapCached:         6320 kB
Active:           791432 kB
Inactive:         488116 kB
Active(anon):     389988 kB
Inactive(anon):   201300 kB
Active(file):     401444 kB
Inactive(file):   286816 kB
Unevictable:        1768 kB
Mlocked:               0 kB
HighTotal:       1372556 kB
HighFree:         125880 kB
LowTotal:         587396 kB
LowFree:          119060 kB
SwapTotal:        262140 kB
SwapFree:         132108 kB
Dirty:              5588 kB
Writeback:             0 kB
AnonPages:        590144 kB
Mapped:           216644 kB
Shmem:               656 kB
Slab:              68964 kB
SReclaimable:      19844 kB
SUnreclaim:        49120 kB
KernelStack:       17456 kB
PageTables:        29140 kB
NFS_Unstable:          0 kB
Bounce:                0 kB
WritebackTmp:          0 kB
CommitLimit:     1242116 kB
Committed_AS:   57292656 kB
VmallocTotal:     409600 kB
VmallocUsed:       33360 kB
VmallocChunk:      81948 kB
Time pass: 6 sec

---2015-10-26 11:04:01
MemTotal:        1959952 kB
MemFree:          244700 kB
Buffers:            5808 kB
Cached:           684876 kB
SwapCached:         6320 kB
Active:           791840 kB
Inactive:         488116 kB
Active(anon):     390396 kB
Inactive(anon):   201300 kB
Active(file):     401444 kB
Inactive(file):   286816 kB
Unevictable:        1768 kB
Mlocked:               0 kB
HighTotal:       1372556 kB
HighFree:         125632 kB
LowTotal:         587396 kB
LowFree:          119068 kB
SwapTotal:        262140 kB
SwapFree:         132108 kB
Dirty:              5588 kB
Writeback:             0 kB
AnonPages:        590400 kB
Mapped:           216644 kB
Shmem:               656 kB
Slab:              68964 kB
SReclaimable:      19844 kB
SUnreclaim:        49120 kB
KernelStack:       17448 kB
PageTables:        29140 kB
NFS_Unstable:          0 kB
Bounce:                0 kB
WritebackTmp:          0 kB
CommitLimit:     1242116 kB
Committed_AS:   57292752 kB
VmallocTotal:     409600 kB
VmallocUsed:       33360 kB
VmallocChunk:      81948 kB
Time pass: 10 sec

---2015-10-26 11:04:01
MemTotal:        1959952 kB
MemFree:          244468 kB
Buffers:            5808 kB
Cached:           684876 kB
SwapCached:         6320 kB
Active:           791812 kB
Inactive:         488116 kB
Active(anon):     390368 kB
Inactive(anon):   201300 kB
Active(file):     401444 kB
Inactive(file):   286816 kB
Unevictable:        1768 kB
Mlocked:               0 kB
HighTotal:       1372556 kB
HighFree:         125260 kB
LowTotal:         587396 kB
LowFree:          119208 kB
SwapTotal:        262140 kB
SwapFree:         132108 kB
Dirty:              5584 kB
Writeback:             0 kB
AnonPages:        590512 kB
Mapped:           216644 kB
Shmem:               656 kB
Slab:              68964 kB
SReclaimable:      19844 kB
SUnreclaim:        49120 kB
KernelStack:       17448 kB
PageTables:        29140 kB
NFS_Unstable:          0 kB
Bounce:                0 kB
WritebackTmp:          0 kB
CommitLimit:     1242116 kB
Committed_AS:   57292964 kB
VmallocTotal:     409600 kB
VmallocUsed:       33360 kB
VmallocChunk:      81948 kB
Time pass: 14 sec

---2015-10-26 11:04:01
MemTotal:        1959952 kB
MemFree:          244872 kB
Buffers:            5808 kB
Cached:           684876 kB
SwapCached:         6320 kB
Active:           791992 kB
Inactive:         488116 kB
Active(anon):     390548 kB
Inactive(anon):   201300 kB
Active(file):     401444 kB
Inactive(file):   286816 kB
Unevictable:        1768 kB
Mlocked:               0 kB
HighTotal:       1372556 kB
HighFree:         125672 kB
LowTotal:         587396 kB
LowFree:          119200 kB
SwapTotal:        262140 kB
SwapFree:         132108 kB
Dirty:              5584 kB
Writeback:             0 kB
AnonPages:        590460 kB
Mapped:           216756 kB
Shmem:               656 kB
Slab:              68964 kB
SReclaimable:      19844 kB
SUnreclaim:        49120 kB
KernelStack:       17440 kB
PageTables:        29124 kB
NFS_Unstable:          0 kB
Bounce:                0 kB
WritebackTmp:          0 kB
CommitLimit:     1242116 kB
Committed_AS:   57293036 kB
VmallocTotal:     409600 kB
VmallocUsed:       33360 kB
VmallocChunk:      81948 kB
Time pass: 18 sec

---2015-10-26 11:04:01
MemTotal:        1959952 kB
MemFree:          244460 kB
Buffers:            5808 kB
Cached:           684876 kB
SwapCached:         6320 kB
Active:           792060 kB
Inactive:         488116 kB
Active(anon):     390616 kB
Inactive(anon):   201300 kB
Active(file):     401444 kB
Inactive(file):   286816 kB
Unevictable:        1768 kB
Mlocked:               0 kB
HighTotal:       1372556 kB
HighFree:         125260 kB
LowTotal:         587396 kB
LowFree:          119200 kB
SwapTotal:        262140 kB
SwapFree:         132108 kB
Dirty:              5584 kB
Writeback:             0 kB
AnonPages:        590496 kB
Mapped:           216656 kB
Shmem:               656 kB
Slab:              68964 kB
SReclaimable:      19844 kB
SUnreclaim:        49120 kB
KernelStack:       17440 kB
PageTables:        29120 kB
NFS_Unstable:          0 kB
Bounce:                0 kB
WritebackTmp:          0 kB
CommitLimit:     1242116 kB
Committed_AS:   57293108 kB
VmallocTotal:     409600 kB
VmallocUsed:       33360 kB
VmallocChunk:      81948 kB
Time pass: 21 sec

---2015-10-26 11:04:01
MemTotal:        1959952 kB
MemFree:          244460 kB
Buffers:            5808 kB
Cached:           684876 kB
SwapCached:         6320 kB
Active:           792308 kB
Inactive:         488116 kB
Active(anon):     390864 kB
Inactive(anon):   201300 kB
Active(file):     401444 kB
Inactive(file):   286816 kB
Unevictable:        1768 kB
Mlocked:               0 kB
HighTotal:       1372556 kB
HighFree:         125260 kB
LowTotal:         587396 kB
LowFree:          119200 kB
SwapTotal:        262140 kB
SwapFree:         132108 kB
Dirty:              5584 kB
Writeback:             0 kB
AnonPages:        590764 kB
Mapped:           216644 kB
Shmem:               656 kB
Slab:              68964 kB
SReclaimable:      19844 kB
SUnreclaim:        49120 kB
KernelStack:       17440 kB
PageTables:        29140 kB
NFS_Unstable:          0 kB
Bounce:                0 kB
WritebackTmp:          0 kB
CommitLimit:     1242116 kB
Committed_AS:   57293428 kB
VmallocTotal:     409600 kB
VmallocUsed:       33360 kB
VmallocChunk:      81948 kB
Time pass: 25 sec

---2015-10-26 11:04:01
MemTotal:        1959952 kB
MemFree:          244088 kB
Buffers:            5808 kB
Cached:           684876 kB
SwapCached:         6320 kB
Active:           792444 kB
Inactive:         488116 kB
Active(anon):     391000 kB
Inactive(anon):   201300 kB
Active(file):     401444 kB
Inactive(file):   286816 kB
Unevictable:        1768 kB
Mlocked:               0 kB
HighTotal:       1372556 kB
HighFree:         124888 kB
LowTotal:         587396 kB
LowFree:          119200 kB
SwapTotal:        262140 kB
SwapFree:         132108 kB
Dirty:              5584 kB
Writeback:             0 kB
AnonPages:        591164 kB
Mapped:           216644 kB
Shmem:               656 kB
Slab:              68964 kB
SReclaimable:      19844 kB
SUnreclaim:        49120 kB
KernelStack:       17440 kB
PageTables:        29140 kB
NFS_Unstable:          0 kB
Bounce:                0 kB
WritebackTmp:          0 kB
CommitLimit:     1242116 kB
Committed_AS:   57293516 kB
VmallocTotal:     409600 kB
VmallocUsed:       33360 kB
VmallocChunk:      81948 kB
Time pass: 28 sec

---2015-10-26 11:04:01
MemTotal:        1959952 kB
MemFree:          243996 kB
Buffers:            5808 kB
Cached:           684876 kB
SwapCached:         6320 kB
Active:           792660 kB
Inactive:         488116 kB
Active(anon):     391216 kB
Inactive(anon):   201300 kB
Active(file):     401444 kB
Inactive(file):   286816 kB
Unevictable:        1768 kB
Mlocked:               0 kB
HighTotal:       1372556 kB
HighFree:         124804 kB
LowTotal:         587396 kB
LowFree:          119192 kB
SwapTotal:        262140 kB
SwapFree:         132108 kB
Dirty:              5584 kB
Writeback:             0 kB
AnonPages:        591376 kB
Mapped:           216652 kB
Shmem:               656 kB
Slab:              68964 kB
SReclaimable:      19844 kB
SUnreclaim:        49120 kB
KernelStack:       17448 kB
PageTables:        29140 kB
NFS_Unstable:          0 kB
Bounce:                0 kB
WritebackTmp:          0 kB
CommitLimit:     1242116 kB
Committed_AS:   57293584 kB
VmallocTotal:     409600 kB
VmallocUsed:       33360 kB
VmallocChunk:      81948 kB
Time pass: 32 sec

---2015-10-26 11:04:01
MemTotal:        1959952 kB
MemFree:          243460 kB
Buffers:            5808 kB
Cached:           684876 kB
SwapCached:         6320 kB
Active:           792828 kB
Inactive:         488116 kB
Active(anon):     391384 kB
Inactive(anon):   201300 kB
Active(file):     401444 kB
Inactive(file):   286816 kB
Unevictable:        1768 kB
Mlocked:               0 kB
HighTotal:       1372556 kB
HighFree:         124268 kB
LowTotal:         587396 kB
LowFree:          119192 kB
SwapTotal:        262140 kB
SwapFree:         132108 kB
Dirty:              5584 kB
Writeback:             0 kB
AnonPages:        591500 kB
Mapped:           216652 kB
Shmem:               656 kB
Slab:              68964 kB
SReclaimable:      19844 kB
SUnreclaim:        49120 kB
KernelStack:       17448 kB
PageTables:        29140 kB
NFS_Unstable:          0 kB
Bounce:                0 kB
WritebackTmp:          0 kB
CommitLimit:     1242116 kB
Committed_AS:   57293788 kB
VmallocTotal:     409600 kB
VmallocUsed:       33360 kB
VmallocChunk:      81948 kB
Time pass: 36 sec

---2015-10-26 11:04:01
MemTotal:        1959952 kB
MemFree:          243180 kB
Buffers:            5808 kB
Cached:           684876 kB
SwapCached:         6320 kB
Active:           792944 kB
Inactive:         488116 kB
Active(anon):     391500 kB
Inactive(anon):   201300 kB
Active(file):     401444 kB
Inactive(file):   286816 kB
Unevictable:        1768 kB
Mlocked:               0 kB
HighTotal:       1372556 kB
HighFree:         124020 kB
LowTotal:         587396 kB
LowFree:          119160 kB
SwapTotal:        262140 kB
SwapFree:         132108 kB
Dirty:              5584 kB
Writeback:             0 kB
AnonPages:        591380 kB
Mapped:           216652 kB
Shmem:               656 kB
Slab:              68996 kB
SReclaimable:      19844 kB
SUnreclaim:        49152 kB
KernelStack:       17448 kB
PageTables:        29140 kB
NFS_Unstable:          0 kB
Bounce:                0 kB
WritebackTmp:          0 kB
CommitLimit:     1242116 kB
Committed_AS:   57293876 kB
VmallocTotal:     409600 kB
VmallocUsed:       33360 kB
VmallocChunk:      81948 kB
Time pass: 40 sec

---2015-10-26 11:04:01
MemTotal:        1959952 kB
MemFree:          243408 kB
Buffers:            5808 kB
Cached:           684876 kB
SwapCached:         6320 kB
Active:           793300 kB
Inactive:         488112 kB
Active(anon):     391856 kB
Inactive(anon):   201300 kB
Active(file):     401444 kB
Inactive(file):   286812 kB
Unevictable:        1768 kB
Mlocked:               0 kB
HighTotal:       1372556 kB
HighFree:         124108 kB
LowTotal:         587396 kB
LowFree:          119300 kB
SwapTotal:        262140 kB
SwapFree:         132108 kB
Dirty:              5588 kB
Writeback:             0 kB
AnonPages:        591992 kB
Mapped:           216528 kB
Shmem:               656 kB
Slab:              68996 kB
SReclaimable:      19844 kB
SUnreclaim:        49152 kB
KernelStack:       17448 kB
PageTables:        29124 kB
NFS_Unstable:          0 kB
Bounce:                0 kB
WritebackTmp:          0 kB
CommitLimit:     1242116 kB
Committed_AS:   57294196 kB
VmallocTotal:     409600 kB
VmallocUsed:       33360 kB
VmallocChunk:      81948 kB
Time pass: 44 sec

---2015-10-26 11:04:01
MemTotal:        1959952 kB
MemFree:          242440 kB
Buffers:            5808 kB
Cached:           684876 kB
SwapCached:         6320 kB
Active:           793736 kB
Inactive:         488112 kB
Active(anon):     392292 kB
Inactive(anon):   201300 kB
Active(file):     401444 kB
Inactive(file):   286812 kB
Unevictable:        1768 kB
Mlocked:               0 kB
HighTotal:       1372556 kB
HighFree:         123156 kB
LowTotal:         587396 kB
LowFree:          119284 kB
SwapTotal:        262140 kB
SwapFree:         132108 kB
Dirty:              5584 kB
Writeback:             0 kB
AnonPages:        592216 kB
Mapped:           216652 kB
Shmem:               656 kB
Slab:              69004 kB
SReclaimable:      19844 kB
SUnreclaim:        49160 kB
KernelStack:       17448 kB
PageTables:        29140 kB
NFS_Unstable:          0 kB
Bounce:                0 kB
WritebackTmp:          0 kB
CommitLimit:     1242116 kB
Committed_AS:   57294276 kB
VmallocTotal:     409600 kB
VmallocUsed:       33360 kB
VmallocChunk:      81948 kB
Time pass: 47 sec

---2015-10-26 11:04:01
MemTotal:        1959952 kB
MemFree:          242820 kB
Buffers:            5808 kB
Cached:           684876 kB
SwapCached:         6320 kB
Active:           793676 kB
Inactive:         488112 kB
Active(anon):     392232 kB
Inactive(anon):   201300 kB
Active(file):     401444 kB
Inactive(file):   286812 kB
Unevictable:        1768 kB
Mlocked:               0 kB
HighTotal:       1372556 kB
HighFree:         123568 kB
LowTotal:         587396 kB
LowFree:          119252 kB
SwapTotal:        262140 kB
SwapFree:         132108 kB
Dirty:              5584 kB
Writeback:             0 kB
AnonPages:        592176 kB
Mapped:           216652 kB
Shmem:               656 kB
Slab:              69004 kB
SReclaimable:      19844 kB
SUnreclaim:        49160 kB
KernelStack:       17464 kB
PageTables:        29168 kB
NFS_Unstable:          0 kB
Bounce:                0 kB
WritebackTmp:          0 kB
CommitLimit:     1242116 kB
Committed_AS:   57294316 kB
VmallocTotal:     409600 kB
VmallocUsed:       33360 kB
VmallocChunk:      81948 kB
Time pass: 51 sec

---2015-10-26 11:04:01
MemTotal:        1959952 kB
MemFree:          246984 kB
Buffers:            5808 kB
Cached:           684876 kB
SwapCached:         6320 kB
Active:           790084 kB
Inactive:         488112 kB
Active(anon):     388640 kB
Inactive(anon):   201300 kB
Active(file):     401444 kB
Inactive(file):   286812 kB
Unevictable:        1768 kB
Mlocked:               0 kB
HighTotal:       1372556 kB
HighFree:         127024 kB
LowTotal:         587396 kB
LowFree:          119960 kB
SwapTotal:        262140 kB
SwapFree:         132108 kB
Dirty:              5632 kB
Writeback:             0 kB
AnonPages:        588552 kB
Mapped:           215372 kB
Shmem:               656 kB
Slab:              69000 kB
SReclaimable:      19844 kB
SUnreclaim:        49156 kB
KernelStack:       17176 kB
PageTables:        28380 kB
NFS_Unstable:          0 kB
Bounce:                0 kB
WritebackTmp:          0 kB
CommitLimit:     1242116 kB
Committed_AS:   55394728 kB
VmallocTotal:     409600 kB
VmallocUsed:       33360 kB
VmallocChunk:      81948 kB
Time pass: 55 sec

---2015-10-26 11:04:01
MemTotal:        1959952 kB
MemFree:          247000 kB
Buffers:            5808 kB
Cached:           684876 kB
SwapCached:         6320 kB
Active:           790304 kB
Inactive:         488112 kB
Active(anon):     388860 kB
Inactive(anon):   201300 kB
Active(file):     401444 kB
Inactive(file):   286812 kB
Unevictable:        1768 kB
Mlocked:               0 kB
HighTotal:       1372556 kB
HighFree:         127008 kB
LowTotal:         587396 kB
LowFree:          119992 kB
SwapTotal:        262140 kB
SwapFree:         132108 kB
Dirty:              5580 kB
Writeback:             0 kB
AnonPages:        588808 kB
Mapped:           215372 kB
Shmem:               656 kB
Slab:              68968 kB
SReclaimable:      19844 kB
SUnreclaim:        49124 kB
KernelStack:       17176 kB
PageTables:        28380 kB
NFS_Unstable:          0 kB
Bounce:                0 kB
WritebackTmp:          0 kB
CommitLimit:     1242116 kB
Committed_AS:   55394932 kB
VmallocTotal:     409600 kB
VmallocUsed:       33360 kB
VmallocChunk:      81948 kB
Time pass: 59 sec

---2015-10-26 11:04:01
MemTotal:        1959952 kB
MemFree:          246500 kB
Buffers:            5808 kB
Cached:           684876 kB
SwapCached:         6320 kB
Active:           790684 kB
Inactive:         488112 kB
Active(anon):     389240 kB
Inactive(anon):   201300 kB
Active(file):     401444 kB
Inactive(file):   286812 kB
Unevictable:        1768 kB
Mlocked:               0 kB
HighTotal:       1372556 kB
HighFree:         126680 kB
LowTotal:         587396 kB
LowFree:          119820 kB
SwapTotal:        262140 kB
SwapFree:         132108 kB
Dirty:              5584 kB
Writeback:             0 kB
AnonPages:        589044 kB
Mapped:           215372 kB
Shmem:               656 kB
Slab:              68968 kB
SReclaimable:      19844 kB
SUnreclaim:        49124 kB
KernelStack:       17176 kB
PageTables:        28380 kB
NFS_Unstable:          0 kB
Bounce:                0 kB
WritebackTmp:          0 kB
CommitLimit:     1242116 kB
Committed_AS:   55395128 kB
VmallocTotal:     409600 kB
VmallocUsed:       33360 kB
VmallocChunk:      81948 kB
Time pass: 62 sec

---2015-10-26 11:04:01
MemTotal:        1959952 kB
MemFree:          246224 kB
Buffers:            5808 kB
Cached:           684868 kB
SwapCached:         6320 kB
Active:           790792 kB
Inactive:         488104 kB
Active(anon):     389348 kB
Inactive(anon):   201300 kB
Active(file):     401444 kB
Inactive(file):   286804 kB
Unevictable:        1768 kB
Mlocked:               0 kB
HighTotal:       1372556 kB
HighFree:         126356 kB
LowTotal:         587396 kB
LowFree:          119868 kB
SwapTotal:        262140 kB
SwapFree:         132108 kB
Dirty:              5580 kB
Writeback:             0 kB
AnonPages:        589420 kB
Mapped:           215372 kB
Shmem:               656 kB
Slab:              68968 kB
SReclaimable:      19844 kB
SUnreclaim:        49124 kB
KernelStack:       17176 kB
PageTables:        28380 kB
NFS_Unstable:          0 kB
Bounce:                0 kB
WritebackTmp:          0 kB
CommitLimit:     1242116 kB
Committed_AS:   55395364 kB
VmallocTotal:     409600 kB
VmallocUsed:       33360 kB
VmallocChunk:      81948 kB
Time pass: 66 sec

---2015-10-26 11:04:01
MemTotal:        1959952 kB
MemFree:          245768 kB
Buffers:            5808 kB
Cached:           684876 kB
SwapCached:         6320 kB
Active:           791252 kB
Inactive:         488112 kB
Active(anon):     389808 kB
Inactive(anon):   201300 kB
Active(file):     401444 kB
Inactive(file):   286812 kB
Unevictable:        1768 kB
Mlocked:               0 kB
HighTotal:       1372556 kB
HighFree:         125900 kB
LowTotal:         587396 kB
LowFree:          119868 kB
SwapTotal:        262140 kB
SwapFree:         132108 kB
Dirty:              5580 kB
Writeback:             0 kB
AnonPages:        589664 kB
Mapped:           215372 kB
Shmem:               656 kB
Slab:              68968 kB
SReclaimable:      19844 kB
SUnreclaim:        49124 kB
KernelStack:       17176 kB
PageTables:        28380 kB
NFS_Unstable:          0 kB
Bounce:                0 kB
WritebackTmp:          0 kB
CommitLimit:     1242116 kB
Committed_AS:   55395448 kB
VmallocTotal:     409600 kB
VmallocUsed:       33360 kB
VmallocChunk:      81948 kB
Time pass: 70 sec

---2015-10-26 11:04:01
MemTotal:        1959952 kB
MemFree:          247512 kB
Buffers:            5808 kB
Cached:           684876 kB
SwapCached:         6320 kB
Active:           789352 kB
Inactive:         488112 kB
Active(anon):     387908 kB
Inactive(anon):   201300 kB
Active(file):     401444 kB
Inactive(file):   286812 kB
Unevictable:        1768 kB
Mlocked:               0 kB
HighTotal:       1372556 kB
HighFree:         127684 kB
LowTotal:         587396 kB
LowFree:          119828 kB
SwapTotal:        262140 kB
SwapFree:         132108 kB
Dirty:              5584 kB
Writeback:             0 kB
AnonPages:        587868 kB
Mapped:           215516 kB
Shmem:               656 kB
Slab:              68968 kB
SReclaimable:      19844 kB
SUnreclaim:        49124 kB
KernelStack:       17184 kB
PageTables:        28396 kB
NFS_Unstable:          0 kB
Bounce:                0 kB
WritebackTmp:          0 kB
CommitLimit:     1242116 kB
Committed_AS:   55391396 kB
VmallocTotal:     409600 kB
VmallocUsed:       33360 kB
VmallocChunk:      81948 kB
Time pass: 73 sec

---2015-10-26 11:04:01
MemTotal:        1959952 kB
MemFree:          249588 kB
Buffers:            5808 kB
Cached:           684876 kB
SwapCached:         6320 kB
Active:           787488 kB
Inactive:         488112 kB
Active(anon):     386044 kB
Inactive(anon):   201300 kB
Active(file):     401444 kB
Inactive(file):   286812 kB
Unevictable:        1768 kB
Mlocked:               0 kB
HighTotal:       1372556 kB
HighFree:         129612 kB
LowTotal:         587396 kB
LowFree:          119976 kB
SwapTotal:        262140 kB
SwapFree:         132108 kB
Dirty:              5584 kB
Writeback:             0 kB
AnonPages:        585936 kB
Mapped:           215496 kB
Shmem:               656 kB
Slab:              68968 kB
SReclaimable:      19844 kB
SUnreclaim:        49124 kB
KernelStack:       17192 kB
PageTables:        28396 kB
NFS_Unstable:          0 kB
Bounce:                0 kB
WritebackTmp:          0 kB
CommitLimit:     1242116 kB
Committed_AS:   55391420 kB
VmallocTotal:     409600 kB
VmallocUsed:       33360 kB
VmallocChunk:      81948 kB
Time pass: 78 sec

---2015-10-26 11:04:01
MemTotal:        1959952 kB
MemFree:          249348 kB
Buffers:            5808 kB
Cached:           684876 kB
SwapCached:         6320 kB
Active:           787584 kB
Inactive:         488112 kB
Active(anon):     386140 kB
Inactive(anon):   201300 kB
Active(file):     401444 kB
Inactive(file):   286812 kB
Unevictable:        1768 kB
Mlocked:               0 kB
HighTotal:       1372556 kB
HighFree:         129512 kB
LowTotal:         587396 kB
LowFree:          119836 kB
SwapTotal:        262140 kB
SwapFree:         132108 kB
Dirty:              5584 kB
Writeback:             0 kB
AnonPages:        586036 kB
Mapped:           215496 kB
Shmem:               656 kB
Slab:              68968 kB
SReclaimable:      19844 kB
SUnreclaim:        49124 kB
KernelStack:       17192 kB
PageTables:        28396 kB
NFS_Unstable:          0 kB
Bounce:                0 kB
WritebackTmp:          0 kB
CommitLimit:     1242116 kB
Committed_AS:   55391540 kB
VmallocTotal:     409600 kB
VmallocUsed:       33360 kB
VmallocChunk:      81948 kB
Time pass: 82 sec

---2015-10-26 11:04:01
MemTotal:        1959952 kB
MemFree:          248788 kB
Buffers:            5808 kB
Cached:           684876 kB
SwapCached:         6320 kB
Active:           787812 kB
Inactive:         488112 kB
Active(anon):     386368 kB
Inactive(anon):   201300 kB
Active(file):     401444 kB
Inactive(file):   286812 kB
Unevictable:        1768 kB
Mlocked:               0 kB
HighTotal:       1372556 kB
HighFree:         128952 kB
LowTotal:         587396 kB
LowFree:          119836 kB
SwapTotal:        262140 kB
SwapFree:         132108 kB
Dirty:              5584 kB
Writeback:             0 kB
AnonPages:        586416 kB
Mapped:           215496 kB
Shmem:               656 kB
Slab:              68968 kB
SReclaimable:      19844 kB
SUnreclaim:        49124 kB
KernelStack:       17192 kB
PageTables:        28396 kB
NFS_Unstable:          0 kB
Bounce:                0 kB
WritebackTmp:          0 kB
CommitLimit:     1242116 kB
Committed_AS:   55391748 kB
VmallocTotal:     409600 kB
VmallocUsed:       33360 kB
VmallocChunk:      81948 kB
Time pass: 86 sec

---2015-10-26 11:04:01
MemTotal:        1959952 kB
MemFree:          248800 kB
Buffers:            5808 kB
Cached:           684876 kB
SwapCached:         6320 kB
Active:           788044 kB
Inactive:         488112 kB
Active(anon):     386600 kB
Inactive(anon):   201296 kB
Active(file):     401444 kB
Inactive(file):   286816 kB
Unevictable:        1768 kB
Mlocked:               0 kB
HighTotal:       1372556 kB
HighFree:         128980 kB
LowTotal:         587396 kB
LowFree:          119820 kB
SwapTotal:        262140 kB
SwapFree:         132108 kB
Dirty:              5584 kB
Writeback:             0 kB
AnonPages:        586472 kB
Mapped:           215384 kB
Shmem:               656 kB
Slab:              68968 kB
SReclaimable:      19844 kB
SUnreclaim:        49124 kB
KernelStack:       17192 kB
PageTables:        28388 kB
NFS_Unstable:          0 kB
Bounce:                0 kB
WritebackTmp:          0 kB
CommitLimit:     1242116 kB
Committed_AS:   55391920 kB
VmallocTotal:     409600 kB
VmallocUsed:       33360 kB
VmallocChunk:      81948 kB
Time pass: 89 sec

---2015-10-26 11:04:01
MemTotal:        1959952 kB
MemFree:          178360 kB
Buffers:            5808 kB
Cached:           685348 kB
SwapCached:         6324 kB
Active:           826860 kB
Inactive:         488596 kB
Active(anon):     425424 kB
Inactive(anon):   201432 kB
Active(file):     401436 kB
Inactive(file):   287164 kB
Unevictable:        1768 kB
Mlocked:               0 kB
HighTotal:       1372556 kB
HighFree:          85096 kB
LowTotal:         587396 kB
LowFree:           93264 kB
SwapTotal:        262140 kB
SwapFree:         132116 kB
Dirty:              6640 kB
Writeback:             0 kB
AnonPages:        625552 kB
Mapped:           243636 kB
Shmem:               788 kB
Slab:              69028 kB
SReclaimable:      19892 kB
SUnreclaim:        49136 kB
KernelStack:       17936 kB
PageTables:        29596 kB
NFS_Unstable:          0 kB
Bounce:                0 kB
WritebackTmp:          0 kB
CommitLimit:     1242116 kB
Committed_AS:   57369176 kB
VmallocTotal:     409600 kB
VmallocUsed:       35660 kB
VmallocChunk:      81948 kB
Time pass: 94 sec

---2015-10-26 11:04:01
MemTotal:        1959952 kB
MemFree:          157108 kB
Buffers:            5808 kB
Cached:           682380 kB
SwapCached:         6320 kB
Active:           828160 kB
Inactive:         486980 kB
Active(anon):     428080 kB
Inactive(anon):   201436 kB
Active(file):     400080 kB
Inactive(file):   285544 kB
Unevictable:        1768 kB
Mlocked:               0 kB
HighTotal:       1372556 kB
HighFree:          82348 kB
LowTotal:         587396 kB
LowFree:           74760 kB
SwapTotal:        262140 kB
SwapFree:         132120 kB
Dirty:              6440 kB
Writeback:             0 kB
AnonPages:        628116 kB
Mapped:           251352 kB
Shmem:               792 kB
Slab:              69056 kB
SReclaimable:      19892 kB
SUnreclaim:        49164 kB
KernelStack:       18064 kB
PageTables:        29756 kB
NFS_Unstable:          0 kB
Bounce:                0 kB
WritebackTmp:          0 kB
CommitLimit:     1242116 kB
Committed_AS:   57372344 kB
VmallocTotal:     409600 kB
VmallocUsed:       35748 kB
VmallocChunk:      81948 kB
Time pass: 98 sec

---2015-10-26 11:04:01
MemTotal:        1959952 kB
MemFree:          116456 kB
Buffers:            5808 kB
Cached:           682972 kB
SwapCached:         6320 kB
Active:           824508 kB
Inactive:         487472 kB
Active(anon):     424360 kB
Inactive(anon):   201400 kB
Active(file):     400148 kB
Inactive(file):   286072 kB
Unevictable:        1768 kB
Mlocked:               0 kB
HighTotal:       1372556 kB
HighFree:          68120 kB
LowTotal:         587396 kB
LowFree:           48336 kB
SwapTotal:        262140 kB
SwapFree:         132120 kB
Dirty:              6176 kB
Writeback:             0 kB
AnonPages:        624160 kB
Mapped:           267368 kB
Shmem:               792 kB
Slab:              69228 kB
SReclaimable:      19892 kB
SUnreclaim:        49336 kB
KernelStack:       18088 kB
PageTables:        29864 kB
NFS_Unstable:          0 kB
Bounce:                0 kB
WritebackTmp:          0 kB
CommitLimit:     1242116 kB
Committed_AS:   57373344 kB
VmallocTotal:     409600 kB
VmallocUsed:       35908 kB
VmallocChunk:      81948 kB
Time pass: 103 sec

---2015-10-26 11:04:01
MemTotal:        1959952 kB
MemFree:          116240 kB
Buffers:            5808 kB
Cached:           682972 kB
SwapCached:         6320 kB
Active:           824648 kB
Inactive:         487472 kB
Active(anon):     424500 kB
Inactive(anon):   201400 kB
Active(file):     400148 kB
Inactive(file):   286072 kB
Unevictable:        1768 kB
Mlocked:               0 kB
HighTotal:       1372556 kB
HighFree:          68028 kB
LowTotal:         587396 kB
LowFree:           48212 kB
SwapTotal:        262140 kB
SwapFree:         132120 kB
Dirty:              6176 kB
Writeback:             0 kB
AnonPages:        624296 kB
Mapped:           267368 kB
Shmem:               792 kB
Slab:              69252 kB
SReclaimable:      19892 kB
SUnreclaim:        49360 kB
KernelStack:       18088 kB
PageTables:        29864 kB
NFS_Unstable:          0 kB
Bounce:                0 kB
WritebackTmp:          0 kB
CommitLimit:     1242116 kB
Committed_AS:   57373432 kB
VmallocTotal:     409600 kB
VmallocUsed:       35908 kB
VmallocChunk:      81948 kB
Time pass: 109 sec

---2015-10-26 11:04:01
MemTotal:        1959952 kB
MemFree:          113840 kB
Buffers:            5808 kB
Cached:           682984 kB
SwapCached:         6320 kB
Active:           825432 kB
Inactive:         487472 kB
Active(anon):     425276 kB
Inactive(anon):   201400 kB
Active(file):     400156 kB
Inactive(file):   286072 kB
Unevictable:        1768 kB
Mlocked:               0 kB
HighTotal:       1372556 kB
HighFree:          65564 kB
LowTotal:         587396 kB
LowFree:           48276 kB
SwapTotal:        262140 kB
SwapFree:         132120 kB
Dirty:              6084 kB
Writeback:             0 kB
AnonPages:        625160 kB
Mapped:           267684 kB
Shmem:               792 kB
Slab:              69216 kB
SReclaimable:      19892 kB
SUnreclaim:        49324 kB
KernelStack:       18056 kB
PageTables:        29848 kB
NFS_Unstable:          0 kB
Bounce:                0 kB
WritebackTmp:          0 kB
CommitLimit:     1242116 kB
Committed_AS:   57374448 kB
VmallocTotal:     409600 kB
VmallocUsed:       35908 kB
VmallocChunk:      81948 kB
Time pass: 115 sec

---2015-10-26 11:04:01
MemTotal:        1959952 kB
MemFree:          103068 kB
Buffers:            5808 kB
Cached:           683348 kB
SwapCached:         6320 kB
Active:           827488 kB
Inactive:         487608 kB
Active(anon):     427140 kB
Inactive(anon):   201400 kB
Active(file):     400348 kB
Inactive(file):   286208 kB
Unevictable:        1768 kB
Mlocked:               0 kB
HighTotal:       1372556 kB
HighFree:          54932 kB
LowTotal:         587396 kB
LowFree:           48136 kB
SwapTotal:        262140 kB
SwapFree:         132120 kB
Dirty:              6064 kB
Writeback:            16 kB
AnonPages:        627232 kB
Mapped:           274724 kB
Shmem:               792 kB
Slab:              69248 kB
SReclaimable:      19892 kB
SUnreclaim:        49356 kB
KernelStack:       18072 kB
PageTables:        29880 kB
NFS_Unstable:          0 kB
Bounce:                0 kB
WritebackTmp:          0 kB
CommitLimit:     1242116 kB
Committed_AS:   57375632 kB
VmallocTotal:     409600 kB
VmallocUsed:       35920 kB
VmallocChunk:      81948 kB
Time pass: 119 sec

---2015-10-26 11:04:01
MemTotal:        1959952 kB
MemFree:          105484 kB
Buffers:            5808 kB
Cached:           683352 kB
SwapCached:         6320 kB
Active:           825016 kB
Inactive:         487612 kB
Active(anon):     424668 kB
Inactive(anon):   201400 kB
Active(file):     400348 kB
Inactive(file):   286212 kB
Unevictable:        1768 kB
Mlocked:               0 kB
HighTotal:       1372556 kB
HighFree:          57108 kB
LowTotal:         587396 kB
LowFree:           48376 kB
SwapTotal:        262140 kB
SwapFree:         132120 kB
Dirty:              6160 kB
Writeback:             0 kB
AnonPages:        624688 kB
Mapped:           274260 kB
Shmem:               792 kB
Slab:              69120 kB
SReclaimable:      19892 kB
SUnreclaim:        49228 kB
KernelStack:       17944 kB
PageTables:        29456 kB
NFS_Unstable:          0 kB
Bounce:                0 kB
WritebackTmp:          0 kB
CommitLimit:     1242116 kB
Committed_AS:   56425448 kB
VmallocTotal:     409600 kB
VmallocUsed:       34900 kB
VmallocChunk:      81948 kB
Time pass: 122 sec

---2015-10-26 11:04:01
MemTotal:        1959952 kB
MemFree:           83476 kB
Buffers:            5808 kB
Cached:           683368 kB
SwapCached:         6320 kB
Active:           826780 kB
Inactive:         487380 kB
Active(anon):     426148 kB
Inactive(anon):   201400 kB
Active(file):     400632 kB
Inactive(file):   285980 kB
Unevictable:        1768 kB
Mlocked:               0 kB
HighTotal:       1372556 kB
HighFree:          35548 kB
LowTotal:         587396 kB
LowFree:           47928 kB
SwapTotal:        262140 kB
SwapFree:         132120 kB
Dirty:              6744 kB
Writeback:             0 kB
AnonPages:        626076 kB
Mapped:           290932 kB
Shmem:               792 kB
Slab:              69284 kB
SReclaimable:      19892 kB
SUnreclaim:        49392 kB
KernelStack:       17920 kB
PageTables:        29500 kB
NFS_Unstable:          0 kB
Bounce:                0 kB
WritebackTmp:          0 kB
CommitLimit:     1242116 kB
Committed_AS:   56427248 kB
VmallocTotal:     409600 kB
VmallocUsed:       34988 kB
VmallocChunk:      81948 kB
Time pass: 126 sec

---2015-10-26 11:04:01
MemTotal:        1959952 kB
MemFree:           83064 kB
Buffers:            5808 kB
Cached:           683368 kB
SwapCached:         6320 kB
Active:           826964 kB
Inactive:         487380 kB
Active(anon):     426328 kB
Inactive(anon):   201400 kB
Active(file):     400636 kB
Inactive(file):   285980 kB
Unevictable:        1768 kB
Mlocked:               0 kB
HighTotal:       1372556 kB
HighFree:          35136 kB
LowTotal:         587396 kB
LowFree:           47928 kB
SwapTotal:        262140 kB
SwapFree:         132120 kB
Dirty:              6216 kB
Writeback:             0 kB
AnonPages:        626448 kB
Mapped:           291312 kB
Shmem:               792 kB
Slab:              69284 kB
SReclaimable:      19892 kB
SUnreclaim:        49392 kB
KernelStack:       17920 kB
PageTables:        29504 kB
NFS_Unstable:          0 kB
Bounce:                0 kB
WritebackTmp:          0 kB
CommitLimit:     1242116 kB
Committed_AS:   56427464 kB
VmallocTotal:     409600 kB
VmallocUsed:       34988 kB
VmallocChunk:      81948 kB
Time pass: 130 sec

---2015-10-26 11:04:01
MemTotal:        1959952 kB
MemFree:           82776 kB
Buffers:            5808 kB
Cached:           683368 kB
SwapCached:         6320 kB
Active:           827016 kB
Inactive:         487380 kB
Active(anon):     426380 kB
Inactive(anon):   201400 kB
Active(file):     400636 kB
Inactive(file):   285980 kB
Unevictable:        1768 kB
Mlocked:               0 kB
HighTotal:       1372556 kB
HighFree:          34848 kB
LowTotal:         587396 kB
LowFree:           47928 kB
SwapTotal:        262140 kB
SwapFree:         132120 kB
Dirty:              6216 kB
Writeback:             0 kB
AnonPages:        626324 kB
Mapped:           291312 kB
Shmem:               792 kB
Slab:              69284 kB
SReclaimable:      19892 kB
SUnreclaim:        49392 kB
KernelStack:       17920 kB
PageTables:        29500 kB
NFS_Unstable:          0 kB
Bounce:                0 kB
WritebackTmp:          0 kB
CommitLimit:     1242116 kB
Committed_AS:   56427528 kB
VmallocTotal:     409600 kB
VmallocUsed:       34988 kB
VmallocChunk:      81948 kB
Time pass: 133 sec

---2015-10-26 11:04:01
MemTotal:        1959952 kB
MemFree:           82444 kB
Buffers:            5808 kB
Cached:           683368 kB
SwapCached:         6320 kB
Active:           827136 kB
Inactive:         487380 kB
Active(anon):     426500 kB
Inactive(anon):   201400 kB
Active(file):     400636 kB
Inactive(file):   285980 kB
Unevictable:        1768 kB
Mlocked:               0 kB
HighTotal:       1372556 kB
HighFree:          34516 kB
LowTotal:         587396 kB
LowFree:           47928 kB
SwapTotal:        262140 kB
SwapFree:         132120 kB
Dirty:              6216 kB
Writeback:             0 kB
AnonPages:        626396 kB
Mapped:           291312 kB
Shmem:               792 kB
Slab:              69284 kB
SReclaimable:      19892 kB
SUnreclaim:        49392 kB
KernelStack:       17920 kB
PageTables:        29500 kB
NFS_Unstable:          0 kB
Bounce:                0 kB
WritebackTmp:          0 kB
CommitLimit:     1242116 kB
Committed_AS:   56427608 kB
VmallocTotal:     409600 kB
VmallocUsed:       34988 kB
VmallocChunk:      81948 kB
Time pass: 137 sec

---2015-10-26 11:04:01
MemTotal:        1959952 kB
MemFree:           85892 kB
Buffers:            5808 kB
Cached:           683368 kB
SwapCached:         6320 kB
Active:           824252 kB
Inactive:         487380 kB
Active(anon):     423616 kB
Inactive(anon):   201400 kB
Active(file):     400636 kB
Inactive(file):   285980 kB
Unevictable:        1768 kB
Mlocked:               0 kB
HighTotal:       1372556 kB
HighFree:          37540 kB
LowTotal:         587396 kB
LowFree:           48352 kB
SwapTotal:        262140 kB
SwapFree:         132120 kB
Dirty:              6216 kB
Writeback:             0 kB
AnonPages:        623704 kB
Mapped:           291252 kB
Shmem:               792 kB
Slab:              69284 kB
SReclaimable:      19892 kB
SUnreclaim:        49392 kB
KernelStack:       17760 kB
PageTables:        29084 kB
NFS_Unstable:          0 kB
Bounce:                0 kB
WritebackTmp:          0 kB
CommitLimit:     1242116 kB
Committed_AS:   55477772 kB
VmallocTotal:     409600 kB
VmallocUsed:       33968 kB
VmallocChunk:      81948 kB
Time pass: 141 sec

---2015-10-26 11:04:01
MemTotal:        1959952 kB
MemFree:           80140 kB
Buffers:            5808 kB
Cached:           683368 kB
SwapCached:         6320 kB
Active:           829672 kB
Inactive:         487376 kB
Active(anon):     429032 kB
Inactive(anon):   201400 kB
Active(file):     400640 kB
Inactive(file):   285976 kB
Unevictable:        1768 kB
Mlocked:               0 kB
HighTotal:       1372556 kB
HighFree:          31924 kB
LowTotal:         587396 kB
LowFree:           48216 kB
SwapTotal:        262140 kB
SwapFree:         132120 kB
Dirty:               156 kB
Writeback:          5096 kB
AnonPages:        629004 kB
Mapped:           294700 kB
Shmem:               792 kB
Slab:              69316 kB
SReclaimable:      19892 kB
SUnreclaim:        49424 kB
KernelStack:       17896 kB
PageTables:        29324 kB
NFS_Unstable:          0 kB
Bounce:                0 kB
WritebackTmp:          0 kB
CommitLimit:     1242116 kB
Committed_AS:   57323096 kB
VmallocTotal:     409600 kB
VmallocUsed:       33968 kB
VmallocChunk:      81948 kB
Time pass: 146 sec

---2015-10-26 11:04:01
MemTotal:        1959952 kB
MemFree:          220052 kB
Buffers:            5808 kB
Cached:           683392 kB
SwapCached:         6320 kB
Active:           796588 kB
Inactive:         486580 kB
Active(anon):     395116 kB
Inactive(anon):   201276 kB
Active(file):     401472 kB
Inactive(file):   285304 kB
Unevictable:        1768 kB
Mlocked:               0 kB
HighTotal:       1372556 kB
HighFree:         123696 kB
LowTotal:         587396 kB
LowFree:           96356 kB
SwapTotal:        262140 kB
SwapFree:         132132 kB
Dirty:               544 kB
Writeback:             0 kB
AnonPages:        594732 kB
Mapped:           218808 kB
Shmem:               656 kB
Slab:              69148 kB
SReclaimable:      19892 kB
SUnreclaim:        49256 kB
KernelStack:       17192 kB
PageTables:        28260 kB
NFS_Unstable:          0 kB
Bounce:                0 kB
WritebackTmp:          0 kB
CommitLimit:     1242116 kB
Committed_AS:   56335616 kB
VmallocTotal:     409600 kB
VmallocUsed:       32444 kB
VmallocChunk:      81948 kB
Time pass: 150 sec

---2015-10-26 11:04:01
MemTotal:        1959952 kB
MemFree:          229316 kB
Buffers:            5808 kB
Cached:           683392 kB
SwapCached:         6320 kB
Active:           787668 kB
Inactive:         486472 kB
Active(anon):     386192 kB
Inactive(anon):   201172 kB
Active(file):     401476 kB
Inactive(file):   285300 kB
Unevictable:        1768 kB
Mlocked:               0 kB
HighTotal:       1372556 kB
HighFree:         132328 kB
LowTotal:         587396 kB
LowFree:           96988 kB
SwapTotal:        262140 kB
SwapFree:         132132 kB
Dirty:               140 kB
Writeback:             0 kB
AnonPages:        585908 kB
Mapped:           217980 kB
Shmem:               656 kB
Slab:              68944 kB
SReclaimable:      19892 kB
SUnreclaim:        49052 kB
KernelStack:       17152 kB
PageTables:        28012 kB
NFS_Unstable:          0 kB
Bounce:                0 kB
WritebackTmp:          0 kB
CommitLimit:     1242116 kB
Committed_AS:   56299140 kB
VmallocTotal:     409600 kB
VmallocUsed:       32444 kB
VmallocChunk:      81948 kB
Time pass: 154 sec

---2015-10-26 11:04:01
MemTotal:        1959952 kB
MemFree:          230336 kB
Buffers:            5808 kB
Cached:           683392 kB
SwapCached:         6320 kB
Active:           786680 kB
Inactive:         486472 kB
Active(anon):     385204 kB
Inactive(anon):   201172 kB
Active(file):     401476 kB
Inactive(file):   285300 kB
Unevictable:        1768 kB
Mlocked:               0 kB
HighTotal:       1372556 kB
HighFree:         133668 kB
LowTotal:         587396 kB
LowFree:           96668 kB
SwapTotal:        262140 kB
SwapFree:         132132 kB
Dirty:                64 kB
Writeback:             0 kB
AnonPages:        584792 kB
Mapped:           216376 kB
Shmem:               656 kB
Slab:              69072 kB
SReclaimable:      19892 kB
SUnreclaim:        49180 kB
KernelStack:       17064 kB
PageTables:        27884 kB
NFS_Unstable:          0 kB
Bounce:                0 kB
WritebackTmp:          0 kB
CommitLimit:     1242116 kB
Committed_AS:   54468496 kB
VmallocTotal:     409600 kB
VmallocUsed:       32444 kB
VmallocChunk:      81948 kB
Time pass: 158 sec

---2015-10-26 11:04:01
MemTotal:        1959952 kB
MemFree:          238624 kB
Buffers:            5808 kB
Cached:           683392 kB
SwapCached:         6320 kB
Active:           779352 kB
Inactive:         486472 kB
Active(anon):     377876 kB
Inactive(anon):   201172 kB
Active(file):     401476 kB
Inactive(file):   285300 kB
Unevictable:        1768 kB
Mlocked:               0 kB
HighTotal:       1372556 kB
HighFree:         140688 kB
LowTotal:         587396 kB
LowFree:           97936 kB
SwapTotal:        262140 kB
SwapFree:         132132 kB
Dirty:                64 kB
Writeback:             0 kB
AnonPages:        577684 kB
Mapped:           209328 kB
Shmem:               656 kB
Slab:              69032 kB
SReclaimable:      19884 kB
SUnreclaim:        49148 kB
KernelStack:       16728 kB
PageTables:        27508 kB
NFS_Unstable:          0 kB
Bounce:                0 kB
WritebackTmp:          0 kB
CommitLimit:     1242116 kB
Committed_AS:   53506912 kB
VmallocTotal:     409600 kB
VmallocUsed:       31424 kB
VmallocChunk:      81948 kB
Time pass: 162 sec

---2015-10-26 11:04:01
MemTotal:        1959952 kB
MemFree:          238412 kB
Buffers:            5808 kB
Cached:           683392 kB
SwapCached:         6320 kB
Active:           779368 kB
Inactive:         486472 kB
Active(anon):     377892 kB
Inactive(anon):   201172 kB
Active(file):     401476 kB
Inactive(file):   285300 kB
Unevictable:        1768 kB
Mlocked:               0 kB
HighTotal:       1372556 kB
HighFree:         140508 kB
LowTotal:         587396 kB
LowFree:           97904 kB
SwapTotal:        262140 kB
SwapFree:         132132 kB
Dirty:                64 kB
Writeback:             0 kB
AnonPages:        577764 kB
Mapped:           209288 kB
Shmem:               656 kB
Slab:              69032 kB
SReclaimable:      19884 kB
SUnreclaim:        49148 kB
KernelStack:       16760 kB
PageTables:        27492 kB
NFS_Unstable:          0 kB
Bounce:                0 kB
WritebackTmp:          0 kB
CommitLimit:     1242116 kB
Committed_AS:   53507128 kB
VmallocTotal:     409600 kB
VmallocUsed:       31424 kB
VmallocChunk:      81948 kB
Time pass: 165 sec

---2015-10-26 11:04:01
MemTotal:        1959952 kB
MemFree:          238348 kB
Buffers:            5808 kB
Cached:           683392 kB
SwapCached:         6320 kB
Active:           779412 kB
Inactive:         486472 kB
Active(anon):     377936 kB
Inactive(anon):   201172 kB
Active(file):     401476 kB
Inactive(file):   285300 kB
Unevictable:        1768 kB
Mlocked:               0 kB
HighTotal:       1372556 kB
HighFree:         140444 kB
LowTotal:         587396 kB
LowFree:           97904 kB
SwapTotal:        262140 kB
SwapFree:         132132 kB
Dirty:                64 kB
Writeback:             0 kB
AnonPages:        577728 kB
Mapped:           209256 kB
Shmem:               656 kB
Slab:              69032 kB
SReclaimable:      19884 kB
SUnreclaim:        49148 kB
KernelStack:       16760 kB
PageTables:        27492 kB
NFS_Unstable:          0 kB
Bounce:                0 kB
WritebackTmp:          0 kB
CommitLimit:     1242116 kB
Committed_AS:   53507196 kB
VmallocTotal:     409600 kB
VmallocUsed:       31424 kB
VmallocChunk:      81948 kB
Time pass: 169 sec

---2015-10-26 11:04:01
MemTotal:        1959952 kB
MemFree:          238272 kB
Buffers:            5808 kB
Cached:           683392 kB
SwapCached:         6320 kB
Active:           779484 kB
Inactive:         486472 kB
Active(anon):     378008 kB
Inactive(anon):   201172 kB
Active(file):     401476 kB
Inactive(file):   285300 kB
Unevictable:        1768 kB
Mlocked:               0 kB
HighTotal:       1372556 kB
HighFree:         140368 kB
LowTotal:         587396 kB
LowFree:           97904 kB
SwapTotal:        262140 kB
SwapFree:         132132 kB
Dirty:                64 kB
Writeback:             0 kB
AnonPages:        577904 kB
Mapped:           209220 kB
Shmem:               656 kB
Slab:              69032 kB
SReclaimable:      19884 kB
SUnreclaim:        49148 kB
KernelStack:       16760 kB
PageTables:        27492 kB
NFS_Unstable:          0 kB
Bounce:                0 kB
WritebackTmp:          0 kB
CommitLimit:     1242116 kB
Committed_AS:   53507348 kB
VmallocTotal:     409600 kB
VmallocUsed:       31424 kB
VmallocChunk:      81948 kB
Time pass: 172 sec

---2015-10-26 11:04:01
MemTotal:        1959952 kB
MemFree:          228628 kB
Buffers:            5808 kB
Cached:           683384 kB
SwapCached:         6320 kB
Active:           790092 kB
Inactive:         486456 kB
Active(anon):     388608 kB
Inactive(anon):   201172 kB
Active(file):     401484 kB
Inactive(file):   285284 kB
Unevictable:        1768 kB
Mlocked:               0 kB
HighTotal:       1372556 kB
HighFree:         131548 kB
LowTotal:         587396 kB
LowFree:           97080 kB
SwapTotal:        262140 kB
SwapFree:         132132 kB
Dirty:               136 kB
Writeback:             0 kB
AnonPages:        588428 kB
Mapped:           215088 kB
Shmem:               656 kB
Slab:              69192 kB
SReclaimable:      19884 kB
SUnreclaim:        49308 kB
KernelStack:       17144 kB
PageTables:        28276 kB
NFS_Unstable:          0 kB
Bounce:                0 kB
WritebackTmp:          0 kB
CommitLimit:     1242116 kB
Committed_AS:   55408840 kB
VmallocTotal:     409600 kB
VmallocUsed:       33464 kB
VmallocChunk:      81948 kB
Time pass: 177 sec

---2015-10-26 11:04:01
MemTotal:        1959952 kB
MemFree:          228628 kB
Buffers:            5808 kB
Cached:           683384 kB
SwapCached:         6320 kB
Active:           788912 kB
Inactive:         486456 kB
Active(anon):     387428 kB
Inactive(anon):   201172 kB
Active(file):     401484 kB
Inactive(file):   285284 kB
Unevictable:        1768 kB
Mlocked:               0 kB
HighTotal:       1372556 kB
HighFree:         131532 kB
LowTotal:         587396 kB
LowFree:           97096 kB
SwapTotal:        262140 kB
SwapFree:         132132 kB
Dirty:               164 kB
Writeback:             0 kB
AnonPages:        587432 kB
Mapped:           215100 kB
Shmem:               656 kB
Slab:              69192 kB
SReclaimable:      19884 kB
SUnreclaim:        49308 kB
KernelStack:       17128 kB
PageTables:        28312 kB
NFS_Unstable:          0 kB
Bounce:                0 kB
WritebackTmp:          0 kB
CommitLimit:     1242116 kB
Committed_AS:   55408732 kB
VmallocTotal:     409600 kB
VmallocUsed:       33464 kB
VmallocChunk:      81948 kB
Time pass: 181 sec

---2015-10-26 11:04:01
MemTotal:        1959952 kB
MemFree:          248864 kB
Buffers:            5808 kB
Cached:           683384 kB
SwapCached:         6320 kB
Active:           793320 kB
Inactive:         486456 kB
Active(anon):     391836 kB
Inactive(anon):   201172 kB
Active(file):     401484 kB
Inactive(file):   285284 kB
Unevictable:        1768 kB
Mlocked:               0 kB
HighTotal:       1372556 kB
HighFree:         128652 kB
LowTotal:         587396 kB
LowFree:          120212 kB
SwapTotal:        262140 kB
SwapFree:         132132 kB
Dirty:               144 kB
Writeback:             0 kB
AnonPages:        591780 kB
Mapped:           226640 kB
Shmem:               656 kB
Slab:              69200 kB
SReclaimable:      19892 kB
SUnreclaim:        49308 kB
KernelStack:       17120 kB
PageTables:        28696 kB
NFS_Unstable:          0 kB
Bounce:                0 kB
WritebackTmp:          0 kB
CommitLimit:     1242116 kB
Committed_AS:   56401468 kB
VmallocTotal:     409600 kB
VmallocUsed:       34368 kB
VmallocChunk:      81948 kB
Time pass: 184 sec

---2015-10-26 11:04:01
MemTotal:        1959952 kB
MemFree:          191772 kB
Buffers:            5808 kB
Cached:           683476 kB
SwapCached:         6324 kB
Active:           814356 kB
Inactive:         486468 kB
Active(anon):     412852 kB
Inactive(anon):   201304 kB
Active(file):     401504 kB
Inactive(file):   285164 kB
Unevictable:        1768 kB
Mlocked:               0 kB
HighTotal:       1372556 kB
HighFree:          99084 kB
LowTotal:         587396 kB
LowFree:           92688 kB
SwapTotal:        262140 kB
SwapFree:         132132 kB
Dirty:               420 kB
Writeback:             0 kB
AnonPages:        612684 kB
Mapped:           243660 kB
Shmem:               788 kB
Slab:              69272 kB
SReclaimable:      19892 kB
SUnreclaim:        49380 kB
KernelStack:       17784 kB
PageTables:        29252 kB
NFS_Unstable:          0 kB
Bounce:                0 kB
WritebackTmp:          0 kB
CommitLimit:     1242116 kB
Committed_AS:   56418036 kB
VmallocTotal:     409600 kB
VmallocUsed:       34652 kB
VmallocChunk:      81948 kB
Time pass: 188 sec

---2015-10-26 11:04:01
MemTotal:        1959952 kB
MemFree:          190376 kB
Buffers:            5808 kB
Cached:           683480 kB
SwapCached:         6324 kB
Active:           812192 kB
Inactive:         486536 kB
Active(anon):     410700 kB
Inactive(anon):   201304 kB
Active(file):     401492 kB
Inactive(file):   285232 kB
Unevictable:        1768 kB
Mlocked:               0 kB
HighTotal:       1372556 kB
HighFree:         102164 kB
LowTotal:         587396 kB
LowFree:           88212 kB
SwapTotal:        262140 kB
SwapFree:         132132 kB
Dirty:               180 kB
Writeback:             0 kB
AnonPages:        610548 kB
Mapped:           245152 kB
Shmem:               792 kB
Slab:              69272 kB
SReclaimable:      19892 kB
SUnreclaim:        49380 kB
KernelStack:       17912 kB
PageTables:        29272 kB
NFS_Unstable:          0 kB
Bounce:                0 kB
WritebackTmp:          0 kB
CommitLimit:     1242116 kB
Committed_AS:   56417728 kB
VmallocTotal:     409600 kB
VmallocUsed:       34676 kB
VmallocChunk:      81948 kB
Time pass: 192 sec

---2015-10-26 11:04:01
MemTotal:        1959952 kB
MemFree:          147124 kB
Buffers:            5808 kB
Cached:           684140 kB
SwapCached:         6324 kB
Active:           823824 kB
Inactive:         486380 kB
Active(anon):     421548 kB
Inactive(anon):   201304 kB
Active(file):     402276 kB
Inactive(file):   285076 kB
Unevictable:        1768 kB
Mlocked:               0 kB
HighTotal:       1372556 kB
HighFree:          80460 kB
LowTotal:         587396 kB
LowFree:           66664 kB
SwapTotal:        262140 kB
SwapFree:         132132 kB
Dirty:              2120 kB
Writeback:             0 kB
AnonPages:        621716 kB
Mapped:           254660 kB
Shmem:               792 kB
Slab:              69208 kB
SReclaimable:      19892 kB
SUnreclaim:        49316 kB
KernelStack:       17976 kB
PageTables:        29372 kB
NFS_Unstable:          0 kB
Bounce:                0 kB
WritebackTmp:          0 kB
CommitLimit:     1242116 kB
Committed_AS:   56430584 kB
VmallocTotal:     409600 kB
VmallocUsed:       34772 kB
VmallocChunk:      81948 kB
Time pass: 196 sec

---2015-10-26 11:04:01
MemTotal:        1959952 kB
MemFree:          134508 kB
Buffers:            5808 kB
Cached:           684140 kB
SwapCached:         6324 kB
Active:           823436 kB
Inactive:         486404 kB
Active(anon):     421152 kB
Inactive(anon):   201300 kB
Active(file):     402284 kB
Inactive(file):   285104 kB
Unevictable:        1768 kB
Mlocked:               0 kB
HighTotal:       1372556 kB
HighFree:          80560 kB
LowTotal:         587396 kB
LowFree:           53948 kB
SwapTotal:        262140 kB
SwapFree:         132132 kB
Dirty:               392 kB
Writeback:             0 kB
AnonPages:        620916 kB
Mapped:           255576 kB
Shmem:               792 kB
Slab:              69112 kB
SReclaimable:      19892 kB
SUnreclaim:        49220 kB
KernelStack:       17992 kB
PageTables:        29420 kB
NFS_Unstable:          0 kB
Bounce:                0 kB
WritebackTmp:          0 kB
CommitLimit:     1242116 kB
Committed_AS:   56429428 kB
VmallocTotal:     409600 kB
VmallocUsed:       34832 kB
VmallocChunk:      81948 kB
Time pass: 199 sec

---2015-10-26 11:04:01
MemTotal:        1959952 kB
MemFree:          122324 kB
Buffers:            5808 kB
Cached:           684292 kB
SwapCached:         6324 kB
Active:           825776 kB
Inactive:         486588 kB
Active(anon):     423500 kB
Inactive(anon):   201300 kB
Active(file):     402276 kB
Inactive(file):   285288 kB
Unevictable:        1768 kB
Mlocked:               0 kB
HighTotal:       1372556 kB
HighFree:          73988 kB
LowTotal:         587396 kB
LowFree:           48336 kB
SwapTotal:        262140 kB
SwapFree:         132132 kB
Dirty:               668 kB
Writeback:             8 kB
AnonPages:        623096 kB
Mapped:           259700 kB
Shmem:               792 kB
Slab:              69208 kB
SReclaimable:      19892 kB
SUnreclaim:        49316 kB
KernelStack:       17992 kB
PageTables:        29428 kB
NFS_Unstable:          0 kB
Bounce:                0 kB
WritebackTmp:          0 kB
CommitLimit:     1242116 kB
Committed_AS:   56432204 kB
VmallocTotal:     409600 kB
VmallocUsed:       34844 kB
VmallocChunk:      81948 kB
Time pass: 203 sec

---2015-10-26 11:04:01
MemTotal:        1959952 kB
MemFree:          118724 kB
Buffers:            5808 kB
Cached:           684288 kB
SwapCached:         6324 kB
Active:           829424 kB
Inactive:         486496 kB
Active(anon):     427092 kB
Inactive(anon):   201300 kB
Active(file):     402332 kB
Inactive(file):   285196 kB
Unevictable:        1768 kB
Mlocked:               0 kB
HighTotal:       1372556 kB
HighFree:          70388 kB
LowTotal:         587396 kB
LowFree:           48336 kB
SwapTotal:        262140 kB
SwapFree:         132132 kB
Dirty:              1108 kB
Writeback:             0 kB
AnonPages:        626968 kB
Mapped:           259868 kB
Shmem:               792 kB
Slab:              69208 kB
SReclaimable:      19892 kB
SUnreclaim:        49316 kB
KernelStack:       17992 kB
PageTables:        29440 kB
NFS_Unstable:          0 kB
Bounce:                0 kB
WritebackTmp:          0 kB
CommitLimit:     1242116 kB
Committed_AS:   56437692 kB
VmallocTotal:     409600 kB
VmallocUsed:       34844 kB
VmallocChunk:      81948 kB
Time pass: 207 sec

---2015-10-26 11:04:01
MemTotal:        1959952 kB
MemFree:          100016 kB
Buffers:            5808 kB
Cached:           684292 kB
SwapCached:         6324 kB
Active:           830836 kB
Inactive:         486484 kB
Active(anon):     428488 kB
Inactive(anon):   201300 kB
Active(file):     402348 kB
Inactive(file):   285184 kB
Unevictable:        1768 kB
Mlocked:               0 kB
HighTotal:       1372556 kB
HighFree:          52056 kB
LowTotal:         587396 kB
LowFree:           47960 kB
SwapTotal:        262140 kB
SwapFree:         132132 kB
Dirty:               572 kB
Writeback:             0 kB
AnonPages:        628420 kB
Mapped:           274028 kB
Shmem:               792 kB
Slab:              69344 kB
SReclaimable:      19892 kB
SUnreclaim:        49452 kB
KernelStack:       17992 kB
PageTables:        29484 kB
NFS_Unstable:          0 kB
Bounce:                0 kB
WritebackTmp:          0 kB
CommitLimit:     1242116 kB
Committed_AS:   56437108 kB
VmallocTotal:     409600 kB
VmallocUsed:       34920 kB
VmallocChunk:      81948 kB
Time pass: 210 sec

---2015-10-26 11:04:01
MemTotal:        1959952 kB
MemFree:           88936 kB
Buffers:            5808 kB
Cached:           684432 kB
SwapCached:         6324 kB
Active:           839756 kB
Inactive:         486596 kB
Active(anon):     437396 kB
Inactive(anon):   201420 kB
Active(file):     402360 kB
Inactive(file):   285176 kB
Unevictable:        1768 kB
Mlocked:               0 kB
HighTotal:       1372556 kB
HighFree:          44424 kB
LowTotal:         587396 kB
LowFree:           44512 kB
SwapTotal:        262140 kB
SwapFree:         132132 kB
Dirty:               580 kB
Writeback:             0 kB
AnonPages:        637476 kB
Mapped:           277024 kB
Shmem:               936 kB
Slab:              68832 kB
SReclaimable:      19876 kB
SUnreclaim:        48956 kB
KernelStack:       18184 kB
PageTables:        29640 kB
NFS_Unstable:          0 kB
Bounce:                0 kB
WritebackTmp:          0 kB
CommitLimit:     1242116 kB
Committed_AS:   56463964 kB
VmallocTotal:     409600 kB
VmallocUsed:       37328 kB
VmallocChunk:      81948 kB
Time pass: 214 sec

---2015-10-26 11:04:01
MemTotal:        1959952 kB
MemFree:          114868 kB
Buffers:            5692 kB
Cached:           670140 kB
SwapCached:         6320 kB
Active:           810660 kB
Inactive:         513508 kB
Active(anon):     422320 kB
Inactive(anon):   228832 kB
Active(file):     388340 kB
Inactive(file):   284676 kB
Unevictable:        1768 kB
Mlocked:               0 kB
HighTotal:       1372556 kB
HighFree:          52552 kB
LowTotal:         587396 kB
LowFree:           62316 kB
SwapTotal:        262140 kB
SwapFree:         130968 kB
Dirty:               652 kB
Writeback:             0 kB
AnonPages:        649436 kB
Mapped:           275824 kB
Shmem:              1048 kB
Slab:              68556 kB
SReclaimable:      19456 kB
SUnreclaim:        49100 kB
KernelStack:       19208 kB
PageTables:        31556 kB
NFS_Unstable:          0 kB
Bounce:                0 kB
WritebackTmp:          0 kB
CommitLimit:     1242116 kB
Committed_AS:   61266448 kB
VmallocTotal:     409600 kB
VmallocUsed:       42460 kB
VmallocChunk:      81948 kB
Time pass: 220 sec

---2015-10-26 11:04:01
MemTotal:        1959952 kB
MemFree:          108680 kB
Buffers:            5692 kB
Cached:           670336 kB
SwapCached:         6320 kB
Active:           817552 kB
Inactive:         512644 kB
Active(anon):     428292 kB
Inactive(anon):   228724 kB
Active(file):     389260 kB
Inactive(file):   283920 kB
Unevictable:        1768 kB
Mlocked:               0 kB
HighTotal:       1372556 kB
HighFree:          47548 kB
LowTotal:         587396 kB
LowFree:           61132 kB
SwapTotal:        262140 kB
SwapFree:         130968 kB
Dirty:               752 kB
Writeback:             0 kB
AnonPages:        655420 kB
Mapped:           288964 kB
Shmem:              1080 kB
Slab:              68568 kB
SReclaimable:      19540 kB
SUnreclaim:        49028 kB
KernelStack:       18872 kB
PageTables:        30968 kB
NFS_Unstable:          0 kB
Bounce:                0 kB
WritebackTmp:          0 kB
CommitLimit:     1242116 kB
Committed_AS:   59341120 kB
VmallocTotal:     409600 kB
VmallocUsed:       41588 kB
VmallocChunk:      81948 kB
Time pass: 229 sec

---2015-10-26 11:04:01
MemTotal:        1959952 kB
MemFree:           96380 kB
Buffers:            5692 kB
Cached:           670640 kB
SwapCached:         6320 kB
Active:           828420 kB
Inactive:         511880 kB
Active(anon):     438112 kB
Inactive(anon):   228708 kB
Active(file):     390308 kB
Inactive(file):   283172 kB
Unevictable:        1768 kB
Mlocked:               0 kB
HighTotal:       1372556 kB
HighFree:          34496 kB
LowTotal:         587396 kB
LowFree:           61884 kB
SwapTotal:        262140 kB
SwapFree:         130972 kB
Dirty:               916 kB
Writeback:             0 kB
AnonPages:        665028 kB
Mapped:           293652 kB
Shmem:              1084 kB
Slab:              68600 kB
SReclaimable:      19512 kB
SUnreclaim:        49088 kB
KernelStack:       18800 kB
PageTables:        31684 kB
NFS_Unstable:          0 kB
Bounce:                0 kB
WritebackTmp:          0 kB
CommitLimit:     1242116 kB
Committed_AS:   61241736 kB
VmallocTotal:     409600 kB
VmallocUsed:       33396 kB
VmallocChunk:      81948 kB
Time pass: 240 sec

---2015-10-26 11:04:01
MemTotal:        1959952 kB
MemFree:          110660 kB
Buffers:            5692 kB
Cached:           670752 kB
SwapCached:         6320 kB
Active:           817868 kB
Inactive:         510948 kB
Active(anon):     426520 kB
Inactive(anon):   228792 kB
Active(file):     391348 kB
Inactive(file):   282156 kB
Unevictable:        1768 kB
Mlocked:               0 kB
HighTotal:       1372556 kB
HighFree:          50736 kB
LowTotal:         587396 kB
LowFree:           59924 kB
SwapTotal:        262140 kB
SwapFree:         130972 kB
Dirty:               988 kB
Writeback:             0 kB
AnonPages:        653436 kB
Mapped:           278884 kB
Shmem:              1172 kB
Slab:              68568 kB
SReclaimable:      19536 kB
SUnreclaim:        49032 kB
KernelStack:       18664 kB
PageTables:        31400 kB
NFS_Unstable:          0 kB
Bounce:                0 kB
WritebackTmp:          0 kB
CommitLimit:     1242116 kB
Committed_AS:   61267624 kB
VmallocTotal:     409600 kB
VmallocUsed:       31208 kB
VmallocChunk:      81948 kB
Time pass: 246 sec

---2015-10-26 11:04:01
MemTotal:        1959952 kB
MemFree:           84756 kB
Buffers:            5692 kB
Cached:           670692 kB
SwapCached:         6320 kB
Active:           840860 kB
Inactive:         510848 kB
Active(anon):     449492 kB
Inactive(anon):   228712 kB
Active(file):     391368 kB
Inactive(file):   282136 kB
Unevictable:        1768 kB
Mlocked:               0 kB
HighTotal:       1372556 kB
HighFree:          29764 kB
LowTotal:         587396 kB
LowFree:           54992 kB
SwapTotal:        262140 kB
SwapFree:         130972 kB
Dirty:               980 kB
Writeback:             0 kB
AnonPages:        676384 kB
Mapped:           298628 kB
Shmem:              1112 kB
Slab:              68648 kB
SReclaimable:      19552 kB
SUnreclaim:        49096 kB
KernelStack:       19064 kB
PageTables:        31408 kB
NFS_Unstable:          0 kB
Bounce:                0 kB
WritebackTmp:          0 kB
CommitLimit:     1242116 kB
Committed_AS:   60306796 kB
VmallocTotal:     409600 kB
VmallocUsed:       31356 kB
VmallocChunk:      81948 kB
Time pass: 250 sec

---2015-10-26 11:04:01
MemTotal:        1959952 kB
MemFree:          115796 kB
Buffers:            5692 kB
Cached:           670800 kB
SwapCached:         6320 kB
Active:           813696 kB
Inactive:         510832 kB
Active(anon):     422208 kB
Inactive(anon):   228812 kB
Active(file):     391488 kB
Inactive(file):   282020 kB
Unevictable:        1768 kB
Mlocked:               0 kB
HighTotal:       1372556 kB
HighFree:          53592 kB
LowTotal:         587396 kB
LowFree:           62204 kB
SwapTotal:        262140 kB
SwapFree:         130972 kB
Dirty:               976 kB
Writeback:             0 kB
AnonPages:        649272 kB
Mapped:           284244 kB
Shmem:              1216 kB
Slab:              68588 kB
SReclaimable:      19536 kB
SUnreclaim:        49052 kB
KernelStack:       18304 kB
PageTables:        31360 kB
NFS_Unstable:          0 kB
Bounce:                0 kB
WritebackTmp:          0 kB
CommitLimit:     1242116 kB
Committed_AS:   61270700 kB
VmallocTotal:     409600 kB
VmallocUsed:       43448 kB
VmallocChunk:      81948 kB
Time pass: 257 sec

---2015-10-26 11:04:01
MemTotal:        1959952 kB
MemFree:          106396 kB
Buffers:            5684 kB
Cached:           662744 kB
SwapCached:         6320 kB
Active:           818476 kB
Inactive:         513584 kB
Active(anon):     435860 kB
Inactive(anon):   230736 kB
Active(file):     382616 kB
Inactive(file):   282848 kB
Unevictable:        1768 kB
Mlocked:               0 kB
HighTotal:       1372556 kB
HighFree:          48632 kB
LowTotal:         587396 kB
LowFree:           57764 kB
SwapTotal:        262140 kB
SwapFree:         130688 kB
Dirty:               944 kB
Writeback:             0 kB
AnonPages:        664928 kB
Mapped:           294704 kB
Shmem:              1196 kB
Slab:              68504 kB
SReclaimable:      19424 kB
SUnreclaim:        49080 kB
KernelStack:       18792 kB
PageTables:        31492 kB
NFS_Unstable:          0 kB
Bounce:                0 kB
WritebackTmp:          0 kB
CommitLimit:     1242116 kB
Committed_AS:   61256800 kB
VmallocTotal:     409600 kB
VmallocUsed:       44648 kB
VmallocChunk:      81948 kB
Time pass: 263 sec

---2015-10-26 11:04:01
MemTotal:        1959952 kB
MemFree:          116064 kB
Buffers:            5684 kB
Cached:           663020 kB
SwapCached:         6320 kB
Active:           813564 kB
Inactive:         509536 kB
Active(anon):     426632 kB
Inactive(anon):   230788 kB
Active(file):     386932 kB
Inactive(file):   278748 kB
Unevictable:        1768 kB
Mlocked:               0 kB
HighTotal:       1372556 kB
HighFree:          52592 kB
LowTotal:         587396 kB
LowFree:           63472 kB
SwapTotal:        262140 kB
SwapFree:         130688 kB
Dirty:              1116 kB
Writeback:             0 kB
AnonPages:        655716 kB
Mapped:           274176 kB
Shmem:              1256 kB
Slab:              68508 kB
SReclaimable:      19496 kB
SUnreclaim:        49012 kB
KernelStack:       18856 kB
PageTables:        31048 kB
NFS_Unstable:          0 kB
Bounce:                0 kB
WritebackTmp:          0 kB
CommitLimit:     1242116 kB
Committed_AS:   61270972 kB
VmallocTotal:     409600 kB
VmallocUsed:       44500 kB
VmallocChunk:      81948 kB
Time pass: 269 sec

---2015-10-26 11:04:01
MemTotal:        1959952 kB
MemFree:           91984 kB
Buffers:            5684 kB
Cached:           663008 kB
SwapCached:         6320 kB
Active:           835484 kB
Inactive:         509116 kB
Active(anon):     448152 kB
Inactive(anon):   230720 kB
Active(file):     387332 kB
Inactive(file):   278396 kB
Unevictable:        1768 kB
Mlocked:               0 kB
HighTotal:       1372556 kB
HighFree:          28368 kB
LowTotal:         587396 kB
LowFree:           63616 kB
SwapTotal:        262140 kB
SwapFree:         130688 kB
Dirty:              1052 kB
Writeback:             0 kB
AnonPages:        677160 kB
Mapped:           292596 kB
Shmem:              1196 kB
Slab:              68560 kB
SReclaimable:      19488 kB
SUnreclaim:        49072 kB
KernelStack:       18616 kB
PageTables:        31028 kB
NFS_Unstable:          0 kB
Bounce:                0 kB
WritebackTmp:          0 kB
CommitLimit:     1242116 kB
Committed_AS:   59339972 kB
VmallocTotal:     409600 kB
VmallocUsed:       38496 kB
VmallocChunk:      81948 kB
Time pass: 274 sec

---2015-10-26 11:04:01
MemTotal:        1959952 kB
MemFree:          133928 kB
Buffers:            5684 kB
Cached:           645124 kB
SwapCached:         6252 kB
Active:           804452 kB
Inactive:         503952 kB
Active(anon):     427276 kB
Inactive(anon):   233420 kB
Active(file):     377176 kB
Inactive(file):   270532 kB
Unevictable:        1768 kB
Mlocked:               0 kB
HighTotal:       1372556 kB
HighFree:          68860 kB
LowTotal:         587396 kB
LowFree:           65068 kB
SwapTotal:        262140 kB
SwapFree:         128788 kB
Dirty:              1096 kB
Writeback:             0 kB
AnonPages:        658828 kB
Mapped:           278172 kB
Shmem:              1332 kB
Slab:              68568 kB
SReclaimable:      19564 kB
SUnreclaim:        49004 kB
KernelStack:       18448 kB
PageTables:        31008 kB
NFS_Unstable:          0 kB
Bounce:                0 kB
WritebackTmp:          0 kB
CommitLimit:     1242116 kB
Committed_AS:   60324520 kB
VmallocTotal:     409600 kB
VmallocUsed:       35288 kB
VmallocChunk:      81948 kB
Time pass: 281 sec

---2015-10-26 11:04:01
MemTotal:        1959952 kB
MemFree:          102676 kB
Buffers:            5684 kB
Cached:           645152 kB
SwapCached:         6252 kB
Active:           832024 kB
Inactive:         503492 kB
Active(anon):     454372 kB
Inactive(anon):   233344 kB
Active(file):     377652 kB
Inactive(file):   270148 kB
Unevictable:        1768 kB
Mlocked:               0 kB
HighTotal:       1372556 kB
HighFree:          38444 kB
LowTotal:         587396 kB
LowFree:           64232 kB
SwapTotal:        262140 kB
SwapFree:         128788 kB
Dirty:              1048 kB
Writeback:             0 kB
AnonPages:        685840 kB
Mapped:           298856 kB
Shmem:              1268 kB
Slab:              68520 kB
SReclaimable:      19500 kB
SUnreclaim:        49020 kB
KernelStack:       18976 kB
PageTables:        31448 kB
NFS_Unstable:          0 kB
Bounce:                0 kB
WritebackTmp:          0 kB
CommitLimit:     1242116 kB
Committed_AS:   60317320 kB
VmallocTotal:     409600 kB
VmallocUsed:       40536 kB
VmallocChunk:      81948 kB
Time pass: 286 sec

---2015-10-26 11:04:01
MemTotal:        1959952 kB
MemFree:          114472 kB
Buffers:            5684 kB
Cached:           645160 kB
SwapCached:         6252 kB
Active:           823296 kB
Inactive:         501956 kB
Active(anon):     444104 kB
Inactive(anon):   233340 kB
Active(file):     379192 kB
Inactive(file):   268616 kB
Unevictable:        1768 kB
Mlocked:               0 kB
HighTotal:       1372556 kB
HighFree:          47024 kB
LowTotal:         587396 kB
LowFree:           67448 kB
SwapTotal:        262140 kB
SwapFree:         128788 kB
Dirty:              1068 kB
Writeback:             0 kB
AnonPages:        675596 kB
Mapped:           289968 kB
Shmem:              1268 kB
Slab:              68540 kB
SReclaimable:      19484 kB
SUnreclaim:        49056 kB
KernelStack:       18600 kB
PageTables:        30804 kB
NFS_Unstable:          0 kB
Bounce:                0 kB
WritebackTmp:          0 kB
CommitLimit:     1242116 kB
Committed_AS:   59343772 kB
VmallocTotal:     409600 kB
VmallocUsed:       41556 kB
VmallocChunk:      81948 kB
Time pass: 292 sec

---2015-10-26 11:04:01
MemTotal:        1959952 kB
MemFree:          115504 kB
Buffers:            5684 kB
Cached:           645316 kB
SwapCached:         6252 kB
Active:           821156 kB
Inactive:         501792 kB
Active(anon):     441688 kB
Inactive(anon):   233344 kB
Active(file):     379468 kB
Inactive(file):   268448 kB
Unevictable:        1768 kB
Mlocked:               0 kB
HighTotal:       1372556 kB
HighFree:          47896 kB
LowTotal:         587396 kB
LowFree:           67608 kB
SwapTotal:        262140 kB
SwapFree:         128788 kB
Dirty:              1064 kB
Writeback:             0 kB
AnonPages:        673396 kB
Mapped:           294772 kB
Shmem:              1316 kB
Slab:              68516 kB
SReclaimable:      19492 kB
SUnreclaim:        49024 kB
KernelStack:       18872 kB
PageTables:        31580 kB
NFS_Unstable:          0 kB
Bounce:                0 kB
WritebackTmp:          0 kB
CommitLimit:     1242116 kB
Committed_AS:   61283748 kB
VmallocTotal:     409600 kB
VmallocUsed:       44648 kB
VmallocChunk:      81948 kB
Time pass: 298 sec

---2015-10-26 11:04:01
MemTotal:        1959952 kB
MemFree:          121056 kB
Buffers:            5684 kB
Cached:           645344 kB
SwapCached:         6252 kB
Active:           815800 kB
Inactive:         501788 kB
Active(anon):     436320 kB
Inactive(anon):   233328 kB
Active(file):     379480 kB
Inactive(file):   268460 kB
Unevictable:        1768 kB
Mlocked:               0 kB
HighTotal:       1372556 kB
HighFree:          53408 kB
LowTotal:         587396 kB
LowFree:           67648 kB
SwapTotal:        262140 kB
SwapFree:         128788 kB
Dirty:              1052 kB
Writeback:             0 kB
AnonPages:        667700 kB
Mapped:           280256 kB
Shmem:              1320 kB
Slab:              68520 kB
SReclaimable:      19524 kB
SUnreclaim:        48996 kB
KernelStack:       18704 kB
PageTables:        31436 kB
NFS_Unstable:          0 kB
Bounce:                0 kB
WritebackTmp:          0 kB
CommitLimit:     1242116 kB
Committed_AS:   61274224 kB
VmallocTotal:     409600 kB
VmallocUsed:       44648 kB
VmallocChunk:      81948 kB
Time pass: 304 sec

---2015-10-26 11:04:01
MemTotal:        1959952 kB
MemFree:          102860 kB
Buffers:            5684 kB
Cached:           645284 kB
SwapCached:         6252 kB
Active:           833064 kB
Inactive:         501700 kB
Active(anon):     453580 kB
Inactive(anon):   233236 kB
Active(file):     379484 kB
Inactive(file):   268464 kB
Unevictable:        1768 kB
Mlocked:               0 kB
HighTotal:       1372556 kB
HighFree:          45088 kB
LowTotal:         587396 kB
LowFree:           57772 kB
SwapTotal:        262140 kB
SwapFree:         128788 kB
Dirty:              1144 kB
Writeback:             0 kB
AnonPages:        684848 kB
Mapped:           299384 kB
Shmem:              1252 kB
Slab:              68552 kB
SReclaimable:      19524 kB
SUnreclaim:        49028 kB
KernelStack:       18840 kB
PageTables:        31484 kB
NFS_Unstable:          0 kB
Bounce:                0 kB
WritebackTmp:          0 kB
CommitLimit:     1242116 kB
Committed_AS:   60306308 kB
VmallocTotal:     409600 kB
VmallocUsed:       40568 kB
VmallocChunk:      81948 kB
Time pass: 310 sec

---2015-10-26 11:04:01
MemTotal:        1959952 kB
MemFree:          105572 kB
Buffers:            5684 kB
Cached:           645284 kB
SwapCached:         6252 kB
Active:           831296 kB
Inactive:         501668 kB
Active(anon):     451804 kB
Inactive(anon):   233208 kB
Active(file):     379492 kB
Inactive(file):   268460 kB
Unevictable:        1768 kB
Mlocked:               0 kB
HighTotal:       1372556 kB
HighFree:          43064 kB
LowTotal:         587396 kB
LowFree:           62508 kB
SwapTotal:        262140 kB
SwapFree:         128788 kB
Dirty:              1108 kB
Writeback:             0 kB
AnonPages:        683248 kB
Mapped:           300028 kB
Shmem:              1248 kB
Slab:              68508 kB
SReclaimable:      19508 kB
SUnreclaim:        49000 kB
KernelStack:       18992 kB
PageTables:        31544 kB
NFS_Unstable:          0 kB
Bounce:                0 kB
WritebackTmp:          0 kB
CommitLimit:     1242116 kB
Committed_AS:   60300240 kB
VmallocTotal:     409600 kB
VmallocUsed:       34416 kB
VmallocChunk:      81948 kB
Time pass: 318 sec

---2015-10-26 11:04:01
MemTotal:        1959952 kB
MemFree:           95052 kB
Buffers:            5684 kB
Cached:           645280 kB
SwapCached:         6252 kB
Active:           841664 kB
Inactive:         500776 kB
Active(anon):     461288 kB
Inactive(anon):   233196 kB
Active(file):     380376 kB
Inactive(file):   267580 kB
Unevictable:        1768 kB
Mlocked:               0 kB
HighTotal:       1372556 kB
HighFree:          28216 kB
LowTotal:         587396 kB
LowFree:           66836 kB
SwapTotal:        262140 kB
SwapFree:         128788 kB
Dirty:              1080 kB
Writeback:             0 kB
AnonPages:        692988 kB
Mapped:           299180 kB
Shmem:              1240 kB
Slab:              68452 kB
SReclaimable:      19516 kB
SUnreclaim:        48936 kB
KernelStack:       19032 kB
PageTables:        31692 kB
NFS_Unstable:          0 kB
Bounce:                0 kB
WritebackTmp:          0 kB
CommitLimit:     1242116 kB
Committed_AS:   61251508 kB
VmallocTotal:     409600 kB
VmallocUsed:       32376 kB
VmallocChunk:      81948 kB
Time pass: 323 sec

---2015-10-26 11:04:01
MemTotal:        1959952 kB
MemFree:          130144 kB
Buffers:            5684 kB
Cached:           645344 kB
SwapCached:         6252 kB
Active:           810764 kB
Inactive:         500772 kB
Active(anon):     430324 kB
Inactive(anon):   233256 kB
Active(file):     380440 kB
Inactive(file):   267516 kB
Unevictable:        1768 kB
Mlocked:               0 kB
HighTotal:       1372556 kB
HighFree:          61592 kB
LowTotal:         587396 kB
LowFree:           68552 kB
SwapTotal:        262140 kB
SwapFree:         128788 kB
Dirty:              1104 kB
Writeback:             0 kB
AnonPages:        661808 kB
Mapped:           271724 kB
Shmem:              1304 kB
Slab:              68416 kB
SReclaimable:      19516 kB
SUnreclaim:        48900 kB
KernelStack:       18392 kB
PageTables:        30916 kB
NFS_Unstable:          0 kB
Bounce:                0 kB
WritebackTmp:          0 kB
CommitLimit:     1242116 kB
Committed_AS:   60311436 kB
VmallocTotal:     409600 kB
VmallocUsed:       36308 kB
VmallocChunk:      81948 kB
Time pass: 328 sec

---2015-10-26 11:04:01
MemTotal:        1959952 kB
MemFree:           94232 kB
Buffers:            5684 kB
Cached:           645280 kB
SwapCached:         6252 kB
Active:           843920 kB
Inactive:         500692 kB
Active(anon):     463464 kB
Inactive(anon):   233192 kB
Active(file):     380456 kB
Inactive(file):   267500 kB
Unevictable:        1768 kB
Mlocked:               0 kB
HighTotal:       1372556 kB
HighFree:          26520 kB
LowTotal:         587396 kB
LowFree:           67712 kB
SwapTotal:        262140 kB
SwapFree:         128788 kB
Dirty:              1100 kB
Writeback:             0 kB
AnonPages:        694952 kB
Mapped:           298436 kB
Shmem:              1240 kB
Slab:              68464 kB
SReclaimable:      19500 kB
SUnreclaim:        48964 kB
KernelStack:       18992 kB
PageTables:        31740 kB
NFS_Unstable:          0 kB
Bounce:                0 kB
WritebackTmp:          0 kB
CommitLimit:     1242116 kB
Committed_AS:   61248596 kB
VmallocTotal:     409600 kB
VmallocUsed:       43596 kB
VmallocChunk:      81948 kB
Time pass: 333 sec

---2015-10-26 11:04:01
MemTotal:        1959952 kB
MemFree:          115832 kB
Buffers:            5684 kB
Cached:           645708 kB
SwapCached:         6252 kB
Active:           822084 kB
Inactive:         501116 kB
Active(anon):     441632 kB
Inactive(anon):   233252 kB
Active(file):     380452 kB
Inactive(file):   267864 kB
Unevictable:        1768 kB
Mlocked:               0 kB
HighTotal:       1372556 kB
HighFree:          49176 kB
LowTotal:         587396 kB
LowFree:           66656 kB
SwapTotal:        262140 kB
SwapFree:         128804 kB
Dirty:              1108 kB
Writeback:             0 kB
AnonPages:        673036 kB
Mapped:           293456 kB
Shmem:              1308 kB
Slab:              68432 kB
SReclaimable:      19500 kB
SUnreclaim:        48932 kB
KernelStack:       18936 kB
PageTables:        31312 kB
NFS_Unstable:          0 kB
Bounce:                0 kB
WritebackTmp:          0 kB
CommitLimit:     1242116 kB
Committed_AS:   60331024 kB
VmallocTotal:     409600 kB
VmallocUsed:       43596 kB
VmallocChunk:      81948 kB
Time pass: 338 sec

---2015-10-26 11:04:01
MemTotal:        1959952 kB
MemFree:           93172 kB
Buffers:            5684 kB
Cached:           645660 kB
SwapCached:         6252 kB
Active:           843996 kB
Inactive:         501056 kB
Active(anon):     463548 kB
Inactive(anon):   233172 kB
Active(file):     380448 kB
Inactive(file):   267884 kB
Unevictable:        1768 kB
Mlocked:               0 kB
HighTotal:       1372556 kB
HighFree:          27176 kB
LowTotal:         587396 kB
LowFree:           65996 kB
SwapTotal:        262140 kB
SwapFree:         128804 kB
Dirty:              1072 kB
Writeback:             0 kB
AnonPages:        694720 kB
Mapped:           305772 kB
Shmem:              1244 kB
Slab:              68460 kB
SReclaimable:      19500 kB
SUnreclaim:        48960 kB
KernelStack:       19200 kB
PageTables:        31552 kB
NFS_Unstable:          0 kB
Bounce:                0 kB
WritebackTmp:          0 kB
CommitLimit:     1242116 kB
Committed_AS:   60305472 kB
VmallocTotal:     409600 kB
VmallocUsed:       43596 kB
VmallocChunk:      81948 kB
Time pass: 346 sec

---2015-10-26 11:04:01
MemTotal:        1959952 kB
MemFree:          108384 kB
Buffers:            5684 kB
Cached:           645660 kB
SwapCached:         6252 kB
Active:           829616 kB
Inactive:         501052 kB
Active(anon):     449164 kB
Inactive(anon):   233172 kB
Active(file):     380452 kB
Inactive(file):   267880 kB
Unevictable:        1768 kB
Mlocked:               0 kB
HighTotal:       1372556 kB
HighFree:          43592 kB
LowTotal:         587396 kB
LowFree:           64792 kB
SwapTotal:        262140 kB
SwapFree:         128804 kB
Dirty:              1128 kB
Writeback:             0 kB
AnonPages:        680304 kB
Mapped:           299184 kB
Shmem:              1244 kB
Slab:              68488 kB
SReclaimable:      19500 kB
SUnreclaim:        48988 kB
KernelStack:       18784 kB
PageTables:        31220 kB
NFS_Unstable:          0 kB
Bounce:                0 kB
WritebackTmp:          0 kB
CommitLimit:     1242116 kB
Committed_AS:   59330096 kB
VmallocTotal:     409600 kB
VmallocUsed:       42576 kB
VmallocChunk:      81948 kB
Time pass: 350 sec

---2015-10-26 11:04:01
MemTotal:        1959952 kB
MemFree:          103192 kB
Buffers:            5684 kB
Cached:           645660 kB
SwapCached:         6252 kB
Active:           833304 kB
Inactive:         501048 kB
Active(anon):     452848 kB
Inactive(anon):   233176 kB
Active(file):     380456 kB
Inactive(file):   267872 kB
Unevictable:        1768 kB
Mlocked:               0 kB
HighTotal:       1372556 kB
HighFree:          37520 kB
LowTotal:         587396 kB
LowFree:           65672 kB
SwapTotal:        262140 kB
SwapFree:         128804 kB
Dirty:              1116 kB
Writeback:             0 kB
AnonPages:        683936 kB
Mapped:           297988 kB
Shmem:              1248 kB
Slab:              68456 kB
SReclaimable:      19500 kB
SUnreclaim:        48956 kB
KernelStack:       19240 kB
PageTables:        32048 kB
NFS_Unstable:          0 kB
Bounce:                0 kB
WritebackTmp:          0 kB
CommitLimit:     1242116 kB
Committed_AS:   62234616 kB
VmallocTotal:     409600 kB
VmallocUsed:       45668 kB
VmallocChunk:      81948 kB
Time pass: 356 sec

---2015-10-26 11:04:01
MemTotal:        1959952 kB
MemFree:          113028 kB
Buffers:            5684 kB
Cached:           645816 kB
SwapCached:         6252 kB
Active:           823236 kB
Inactive:         501120 kB
Active(anon):     442744 kB
Inactive(anon):   233176 kB
Active(file):     380492 kB
Inactive(file):   267944 kB
Unevictable:        1768 kB
Mlocked:               0 kB
HighTotal:       1372556 kB
HighFree:          48804 kB
LowTotal:         587396 kB
LowFree:           64224 kB
SwapTotal:        262140 kB
SwapFree:         128804 kB
Dirty:              1104 kB
Writeback:             0 kB
AnonPages:        673972 kB
Mapped:           301756 kB
Shmem:              1248 kB
Slab:              68616 kB
SReclaimable:      19524 kB
SUnreclaim:        49092 kB
KernelStack:       19192 kB
PageTables:        31532 kB
NFS_Unstable:          0 kB
Bounce:                0 kB
WritebackTmp:          0 kB
CommitLimit:     1242116 kB
Committed_AS:   60306596 kB
VmallocTotal:     409600 kB
VmallocUsed:       38528 kB
VmallocChunk:      81948 kB
Time pass: 361 sec

---2015-10-26 11:04:01
MemTotal:        1959952 kB
MemFree:          114404 kB
Buffers:            5684 kB
Cached:           645888 kB
SwapCached:         6252 kB
Active:           822176 kB
Inactive:         501236 kB
Active(anon):     441680 kB
Inactive(anon):   233176 kB
Active(file):     380496 kB
Inactive(file):   268060 kB
Unevictable:        1768 kB
Mlocked:               0 kB
HighTotal:       1372556 kB
HighFree:          50116 kB
LowTotal:         587396 kB
LowFree:           64288 kB
SwapTotal:        262140 kB
SwapFree:         128804 kB
Dirty:              1108 kB
Writeback:             0 kB
AnonPages:        672948 kB
Mapped:           305504 kB
Shmem:              1248 kB
Slab:              68488 kB
SReclaimable:      19524 kB
SUnreclaim:        48964 kB
KernelStack:       19320 kB
PageTables:        32092 kB
NFS_Unstable:          0 kB
Bounce:                0 kB
WritebackTmp:          0 kB
CommitLimit:     1242116 kB
Committed_AS:   61253052 kB
VmallocTotal:     409600 kB
VmallocUsed:       38528 kB
VmallocChunk:      81948 kB
Time pass: 365 sec

---2015-10-26 11:04:01
MemTotal:        1959952 kB
MemFree:          117276 kB
Buffers:            5684 kB
Cached:           645952 kB
SwapCached:         6252 kB
Active:           819852 kB
Inactive:         501292 kB
Active(anon):     439352 kB
Inactive(anon):   233224 kB
Active(file):     380500 kB
Inactive(file):   268068 kB
Unevictable:        1768 kB
Mlocked:               0 kB
HighTotal:       1372556 kB
HighFree:          52272 kB
LowTotal:         587396 kB
LowFree:           65004 kB
SwapTotal:        262140 kB
SwapFree:         128804 kB
Dirty:              1164 kB
Writeback:             0 kB
AnonPages:        670788 kB
Mapped:           296536 kB
Shmem:              1300 kB
Slab:              68472 kB
SReclaimable:      19508 kB
SUnreclaim:        48964 kB
KernelStack:       19184 kB
PageTables:        31984 kB
NFS_Unstable:          0 kB
Bounce:                0 kB
WritebackTmp:          0 kB
CommitLimit:     1242116 kB
Committed_AS:   61265956 kB
VmallocTotal:     409600 kB
VmallocUsed:       36456 kB
VmallocChunk:      81948 kB
Time pass: 370 sec

---2015-10-26 11:04:01
MemTotal:        1959952 kB
MemFree:          125320 kB
Buffers:            5684 kB
Cached:           645956 kB
SwapCached:         6252 kB
Active:           812936 kB
Inactive:         501132 kB
Active(anon):     432276 kB
Inactive(anon):   233224 kB
Active(file):     380660 kB
Inactive(file):   267908 kB
Unevictable:        1768 kB
Mlocked:               0 kB
HighTotal:       1372556 kB
HighFree:          58008 kB
LowTotal:         587396 kB
LowFree:           67312 kB
SwapTotal:        262140 kB
SwapFree:         128804 kB
Dirty:              1128 kB
Writeback:             0 kB
AnonPages:        663628 kB
Mapped:           274104 kB
Shmem:              1304 kB
Slab:              68544 kB
SReclaimable:      19508 kB
SUnreclaim:        49036 kB
KernelStack:       18448 kB
PageTables:        31128 kB
NFS_Unstable:          0 kB
Bounce:                0 kB
WritebackTmp:          0 kB
CommitLimit:     1242116 kB
Committed_AS:   60318576 kB
VmallocTotal:     409600 kB
VmallocUsed:       33396 kB
VmallocChunk:      81948 kB
Time pass: 376 sec

---2015-10-26 11:04:01
MemTotal:        1959952 kB
MemFree:           94360 kB
Buffers:            5684 kB
Cached:           645896 kB
SwapCached:         6252 kB
Active:           842064 kB
Inactive:         501060 kB
Active(anon):     461392 kB
Inactive(anon):   233160 kB
Active(file):     380672 kB
Inactive(file):   267900 kB
Unevictable:        1768 kB
Mlocked:               0 kB
HighTotal:       1372556 kB
HighFree:          27792 kB
LowTotal:         587396 kB
LowFree:           66568 kB
SwapTotal:        262140 kB
SwapFree:         128804 kB
Dirty:              1140 kB
Writeback:             0 kB
AnonPages:        693016 kB
Mapped:           299628 kB
Shmem:              1240 kB
Slab:              68528 kB
SReclaimable:      19524 kB
SUnreclaim:        49004 kB
KernelStack:       19024 kB
PageTables:        31596 kB
NFS_Unstable:          0 kB
Bounce:                0 kB
WritebackTmp:          0 kB
CommitLimit:     1242116 kB
Committed_AS:   61251856 kB
VmallocTotal:     409600 kB
VmallocUsed:       31356 kB
VmallocChunk:      81948 kB
Time pass: 381 sec

---2015-10-26 11:04:01
MemTotal:        1959952 kB
MemFree:           95672 kB
Buffers:            5684 kB
Cached:           645968 kB
SwapCached:         6252 kB
Active:           842804 kB
Inactive:         501116 kB
Active(anon):     462128 kB
Inactive(anon):   233216 kB
Active(file):     380676 kB
Inactive(file):   267900 kB
Unevictable:        1768 kB
Mlocked:               0 kB
HighTotal:       1372556 kB
HighFree:          30428 kB
LowTotal:         587396 kB
LowFree:           65244 kB
SwapTotal:        262140 kB
SwapFree:         128804 kB
Dirty:              1136 kB
Writeback:             0 kB
AnonPages:        693552 kB
Mapped:           297812 kB
Shmem:              1308 kB
Slab:              68492 kB
SReclaimable:      19524 kB
SUnreclaim:        48968 kB
KernelStack:       18912 kB
PageTables:        31644 kB
NFS_Unstable:          0 kB
Bounce:                0 kB
WritebackTmp:          0 kB
CommitLimit:     1242116 kB
Committed_AS:   61250992 kB
VmallocTotal:     409600 kB
VmallocUsed:       41556 kB
VmallocChunk:      81948 kB
Time pass: 388 sec

---2015-10-26 11:04:01
MemTotal:        1959952 kB
MemFree:          118352 kB
Buffers:            5684 kB
Cached:           645900 kB
SwapCached:         6252 kB
Active:           818720 kB
Inactive:         501060 kB
Active(anon):     438056 kB
Inactive(anon):   233148 kB
Active(file):     380664 kB
Inactive(file):   267912 kB
Unevictable:        1768 kB
Mlocked:               0 kB
HighTotal:       1372556 kB
HighFree:          53272 kB
LowTotal:         587396 kB
LowFree:           65080 kB
SwapTotal:        262140 kB
SwapFree:         128804 kB
Dirty:              1100 kB
Writeback:             0 kB
AnonPages:        669352 kB
Mapped:           299484 kB
Shmem:              1240 kB
Slab:              68556 kB
SReclaimable:      19524 kB
SUnreclaim:        49032 kB
KernelStack:       18872 kB
PageTables:        31100 kB
NFS_Unstable:          0 kB
Bounce:                0 kB
WritebackTmp:          0 kB
CommitLimit:     1242116 kB
Committed_AS:   59359156 kB
VmallocTotal:     409600 kB
VmallocUsed:       41588 kB
VmallocChunk:      81948 kB
Time pass: 393 sec

---2015-10-26 11:04:01
MemTotal:        1959952 kB
MemFree:           99220 kB
Buffers:            5684 kB
Cached:           645960 kB
SwapCached:         6252 kB
Active:           837388 kB
Inactive:         501084 kB
Active(anon):     456704 kB
Inactive(anon):   233196 kB
Active(file):     380684 kB
Inactive(file):   267888 kB
Unevictable:        1768 kB
Mlocked:               0 kB
HighTotal:       1372556 kB
HighFree:          34532 kB
LowTotal:         587396 kB
LowFree:           64688 kB
SwapTotal:        262140 kB
SwapFree:         128804 kB
Dirty:              1120 kB
Writeback:             0 kB
AnonPages:        688360 kB
Mapped:           298140 kB
Shmem:              1304 kB
Slab:              68580 kB
SReclaimable:      19524 kB
SUnreclaim:        49056 kB
KernelStack:       19192 kB
PageTables:        31812 kB
NFS_Unstable:          0 kB
Bounce:                0 kB
WritebackTmp:          0 kB
CommitLimit:     1242116 kB
Committed_AS:   61288936 kB
VmallocTotal:     409600 kB
VmallocUsed:       43596 kB
VmallocChunk:      81948 kB
Time pass: 400 sec

---2015-10-26 11:04:01
MemTotal:        1959952 kB
MemFree:          112168 kB
Buffers:            5684 kB
Cached:           645952 kB
SwapCached:         6252 kB
Active:           823748 kB
Inactive:         501072 kB
Active(anon):     443068 kB
Inactive(anon):   233180 kB
Active(file):     380680 kB
Inactive(file):   267892 kB
Unevictable:        1768 kB
Mlocked:               0 kB
HighTotal:       1372556 kB
HighFree:          49268 kB
LowTotal:         587396 kB
LowFree:           62900 kB
SwapTotal:        262140 kB
SwapFree:         128804 kB
Dirty:              1136 kB
Writeback:             0 kB
AnonPages:        674424 kB
Mapped:           301940 kB
Shmem:              1296 kB
Slab:              68580 kB
SReclaimable:      19524 kB
SUnreclaim:        49056 kB
KernelStack:       19104 kB
PageTables:        31636 kB
NFS_Unstable:          0 kB
Bounce:                0 kB
WritebackTmp:          0 kB
CommitLimit:     1242116 kB
Committed_AS:   60328336 kB
VmallocTotal:     409600 kB
VmallocUsed:       42576 kB
VmallocChunk:      81948 kB
Time pass: 406 sec

---2015-10-26 11:04:01
MemTotal:        1959952 kB
MemFree:          103940 kB
Buffers:            5684 kB
Cached:           646020 kB
SwapCached:         6252 kB
Active:           832616 kB
Inactive:         501136 kB
Active(anon):     451940 kB
Inactive(anon):   233236 kB
Active(file):     380676 kB
Inactive(file):   267900 kB
Unevictable:        1768 kB
Mlocked:               0 kB
HighTotal:       1372556 kB
HighFree:          39840 kB
LowTotal:         587396 kB
LowFree:           64100 kB
SwapTotal:        262140 kB
SwapFree:         128804 kB
Dirty:              1164 kB
Writeback:             0 kB
AnonPages:        683508 kB
Mapped:           298956 kB
Shmem:              1360 kB
Slab:              68588 kB
SReclaimable:      19532 kB
SUnreclaim:        49056 kB
KernelStack:       19184 kB
PageTables:        31916 kB
NFS_Unstable:          0 kB
Bounce:                0 kB
WritebackTmp:          0 kB
CommitLimit:     1242116 kB
Committed_AS:   61312652 kB
VmallocTotal:     409600 kB
VmallocUsed:       42576 kB
VmallocChunk:      81948 kB
Time pass: 418 sec

---2015-10-26 11:04:01
MemTotal:        1959952 kB
MemFree:          114032 kB
Buffers:            5684 kB
Cached:           645908 kB
SwapCached:         6252 kB
Active:           823300 kB
Inactive:         500372 kB
Active(anon):     441976 kB
Inactive(anon):   233120 kB
Active(file):     381324 kB
Inactive(file):   267252 kB
Unevictable:        1768 kB
Mlocked:               0 kB
HighTotal:       1372556 kB
HighFree:          51124 kB
LowTotal:         587396 kB
LowFree:           62908 kB
SwapTotal:        262140 kB
SwapFree:         128804 kB
Dirty:              1124 kB
Writeback:             0 kB
AnonPages:        673380 kB
Mapped:           300216 kB
Shmem:              1248 kB
Slab:              68560 kB
SReclaimable:      19532 kB
SUnreclaim:        49028 kB
KernelStack:       18992 kB
PageTables:        31212 kB
NFS_Unstable:          0 kB
Bounce:                0 kB
WritebackTmp:          0 kB
CommitLimit:     1242116 kB
Committed_AS:   59354400 kB
VmallocTotal:     409600 kB
VmallocUsed:       38496 kB
VmallocChunk:      81948 kB
Time pass: 426 sec

---2015-10-26 11:04:01
MemTotal:        1959952 kB
MemFree:          103388 kB
Buffers:            5684 kB
Cached:           645908 kB
SwapCached:         6252 kB
Active:           833868 kB
Inactive:         500380 kB
Active(anon):     452552 kB
Inactive(anon):   233124 kB
Active(file):     381316 kB
Inactive(file):   267256 kB
Unevictable:        1768 kB
Mlocked:               0 kB
HighTotal:       1372556 kB
HighFree:          40972 kB
LowTotal:         587396 kB
LowFree:           62416 kB
SwapTotal:        262140 kB
SwapFree:         128804 kB
Dirty:              1228 kB
Writeback:             0 kB
AnonPages:        684096 kB
Mapped:           303004 kB
Shmem:              1252 kB
Slab:              68592 kB
SReclaimable:      19532 kB
SUnreclaim:        49060 kB
KernelStack:       19168 kB
PageTables:        32320 kB
NFS_Unstable:          0 kB
Bounce:                0 kB
WritebackTmp:          0 kB
CommitLimit:     1242116 kB
Committed_AS:   62242336 kB
VmallocTotal:     409600 kB
VmallocUsed:       37508 kB
VmallocChunk:      81948 kB
Time pass: 433 sec

---2015-10-26 11:04:01
MemTotal:        1959952 kB
MemFree:          113948 kB
Buffers:            5684 kB
Cached:           645912 kB
SwapCached:         6252 kB
Active:           823412 kB
Inactive:         500368 kB
Active(anon):     442088 kB
Inactive(anon):   233116 kB
Active(file):     381324 kB
Inactive(file):   267252 kB
Unevictable:        1768 kB
Mlocked:               0 kB
HighTotal:       1372556 kB
HighFree:          49784 kB
LowTotal:         587396 kB
LowFree:           64164 kB
SwapTotal:        262140 kB
SwapFree:         128804 kB
Dirty:              1120 kB
Writeback:             0 kB
AnonPages:        673428 kB
Mapped:           300148 kB
Shmem:              1252 kB
Slab:              68628 kB
SReclaimable:      19532 kB
SUnreclaim:        49096 kB
KernelStack:       18936 kB
PageTables:        31152 kB
NFS_Unstable:          0 kB
Bounce:                0 kB
WritebackTmp:          0 kB
CommitLimit:     1242116 kB
Committed_AS:   59356364 kB
VmallocTotal:     409600 kB
VmallocUsed:       35468 kB
VmallocChunk:      81948 kB
Time pass: 440 sec

---2015-10-26 11:04:01
MemTotal:        1959952 kB
MemFree:          114892 kB
Buffers:            5684 kB
Cached:           645920 kB
SwapCached:         6252 kB
Active:           822976 kB
Inactive:         500372 kB
Active(anon):     441648 kB
Inactive(anon):   233116 kB
Active(file):     381328 kB
Inactive(file):   267256 kB
Unevictable:        1768 kB
Mlocked:               0 kB
HighTotal:       1372556 kB
HighFree:          50488 kB
LowTotal:         587396 kB
LowFree:           64404 kB
SwapTotal:        262140 kB
SwapFree:         128804 kB
Dirty:              1124 kB
Writeback:             0 kB
AnonPages:        672892 kB
Mapped:           299888 kB
Shmem:              1252 kB
Slab:              68628 kB
SReclaimable:      19532 kB
SUnreclaim:        49096 kB
KernelStack:       18968 kB
PageTables:        31200 kB
NFS_Unstable:          0 kB
Bounce:                0 kB
WritebackTmp:          0 kB
CommitLimit:     1242116 kB
Committed_AS:   59356176 kB
VmallocTotal:     409600 kB
VmallocUsed:       34448 kB
VmallocChunk:      81948 kB
Time pass: 444 sec

---2015-10-26 11:04:01
MemTotal:        1959952 kB
MemFree:          128360 kB
Buffers:            5684 kB
Cached:           645992 kB
SwapCached:         6252 kB
Active:           812920 kB
Inactive:         500436 kB
Active(anon):     431584 kB
Inactive(anon):   233180 kB
Active(file):     381336 kB
Inactive(file):   267256 kB
Unevictable:        1768 kB
Mlocked:               0 kB
HighTotal:       1372556 kB
HighFree:          60068 kB
LowTotal:         587396 kB
LowFree:           68292 kB
SwapTotal:        262140 kB
SwapFree:         128804 kB
Dirty:              1180 kB
Writeback:             0 kB
AnonPages:        662808 kB
Mapped:           270760 kB
Shmem:              1316 kB
Slab:              68588 kB
SReclaimable:      19508 kB
