---2015-12-17 17:07:46
MemTotal:        1350964 kB
MemFree:           44328 kB
Buffers:            8424 kB
Cached:           689340 kB
SwapCached:            0 kB
Active:           596180 kB
Inactive:         524280 kB
Active(anon):     424752 kB
Inactive(anon):     1024 kB
Active(file):     171428 kB
Inactive(file):   523256 kB
Unevictable:        1988 kB
Mlocked:               0 kB
HighTotal:        802816 kB
HighFree:           7480 kB
LowTotal:         548148 kB
LowFree:           36848 kB
SwapTotal:             0 kB
SwapFree:              0 kB
Dirty:                 0 kB
Writeback:             0 kB
AnonPages:        424660 kB
Mapped:           189044 kB
Shmem:              1068 kB
Slab:              32368 kB
SReclaimable:      11456 kB
SUnreclaim:        20912 kB
KernelStack:        8672 kB
PageTables:        18896 kB
NFS_Unstable:          0 kB
Bounce:                0 kB
WritebackTmp:          0 kB
CommitLimit:      675480 kB
Committed_AS:   45681180 kB
VmallocTotal:     253952 kB
VmallocUsed:       89896 kB
VmallocChunk:      49156 kB
Time pass: 3 sec

---2015-12-17 17:07:46
MemTotal:        1350964 kB
MemFree:           44428 kB
Buffers:            8424 kB
Cached:           689340 kB
SwapCached:            0 kB
Active:           596188 kB
Inactive:         524304 kB
Active(anon):     424760 kB
Inactive(anon):     1024 kB
Active(file):     171428 kB
Inactive(file):   523280 kB
Unevictable:        1988 kB
Mlocked:               0 kB
HighTotal:        802816 kB
HighFree:           7580 kB
LowTotal:         548148 kB
LowFree:           36848 kB
SwapTotal:             0 kB
SwapFree:              0 kB
Dirty:                 0 kB
Writeback:             0 kB
AnonPages:        424700 kB
Mapped:           188900 kB
Shmem:              1068 kB
Slab:              32300 kB
SReclaimable:      11456 kB
SUnreclaim:        20844 kB
KernelStack:        8672 kB
PageTables:        18896 kB
NFS_Unstable:          0 kB
Bounce:                0 kB
WritebackTmp:          0 kB
CommitLimit:      675480 kB
Committed_AS:   45681140 kB
VmallocTotal:     253952 kB
VmallocUsed:       89896 kB
VmallocChunk:      49156 kB
Time pass: 6 sec

---2015-12-17 17:07:46
MemTotal:        1350964 kB
MemFree:           44328 kB
Buffers:            8424 kB
Cached:           689340 kB
SwapCached:            0 kB
Active:           596252 kB
Inactive:         524292 kB
Active(anon):     424812 kB
Inactive(anon):     1024 kB
Active(file):     171440 kB
Inactive(file):   523268 kB
Unevictable:        1988 kB
Mlocked:               0 kB
HighTotal:        802816 kB
HighFree:           7480 kB
LowTotal:         548148 kB
LowFree:           36848 kB
SwapTotal:             0 kB
SwapFree:              0 kB
Dirty:                 0 kB
Writeback:             0 kB
AnonPages:        424764 kB
Mapped:           188900 kB
Shmem:              1068 kB
Slab:              32324 kB
SReclaimable:      11456 kB
SUnreclaim:        20868 kB
KernelStack:        8672 kB
PageTables:        18896 kB
NFS_Unstable:          0 kB
Bounce:                0 kB
WritebackTmp:          0 kB
CommitLimit:      675480 kB
Committed_AS:   45681140 kB
VmallocTotal:     253952 kB
VmallocUsed:       89896 kB
VmallocChunk:      49156 kB
Time pass: 10 sec

---2015-12-17 17:07:46
MemTotal:        1350964 kB
MemFree:           43956 kB
Buffers:            8424 kB
Cached:           689340 kB
SwapCached:            0 kB
Active:           596340 kB
Inactive:         524292 kB
Active(anon):     424900 kB
Inactive(anon):     1024 kB
Active(file):     171440 kB
Inactive(file):   523268 kB
Unevictable:        1988 kB
Mlocked:               0 kB
HighTotal:        802816 kB
HighFree:           7232 kB
LowTotal:         548148 kB
LowFree:           36724 kB
SwapTotal:             0 kB
SwapFree:              0 kB
Dirty:                 0 kB
Writeback:             0 kB
AnonPages:        424804 kB
Mapped:           189048 kB
Shmem:              1068 kB
Slab:              32364 kB
SReclaimable:      11456 kB
SUnreclaim:        20908 kB
KernelStack:        8672 kB
PageTables:        18896 kB
NFS_Unstable:          0 kB
Bounce:                0 kB
WritebackTmp:          0 kB
CommitLimit:      675480 kB
Committed_AS:   45681180 kB
VmallocTotal:     253952 kB
VmallocUsed:       89896 kB
VmallocChunk:      49156 kB
Time pass: 13 sec

---2015-12-17 17:07:46
MemTotal:        1350964 kB
MemFree:           44056 kB
Buffers:            8424 kB
Cached:           689340 kB
SwapCached:            0 kB
Active:           596340 kB
Inactive:         524292 kB
Active(anon):     424900 kB
Inactive(anon):     1024 kB
Active(file):     171440 kB
Inactive(file):   523268 kB
Unevictable:        1988 kB
Mlocked:               0 kB
HighTotal:        802816 kB
HighFree:           7456 kB
LowTotal:         548148 kB
LowFree:           36600 kB
SwapTotal:             0 kB
SwapFree:              0 kB
Dirty:                 0 kB
Writeback:             0 kB
AnonPages:        424852 kB
Mapped:           188900 kB
Shmem:              1068 kB
Slab:              32376 kB
SReclaimable:      11456 kB
SUnreclaim:        20920 kB
KernelStack:        8672 kB
PageTables:        18896 kB
NFS_Unstable:          0 kB
Bounce:                0 kB
WritebackTmp:          0 kB
CommitLimit:      675480 kB
Committed_AS:   45681140 kB
VmallocTotal:     253952 kB
VmallocUsed:       89896 kB
VmallocChunk:      49156 kB
Time pass: 17 sec

---2015-12-17 17:07:46
MemTotal:        1350964 kB
MemFree:           28412 kB
Buffers:            7860 kB
Cached:           654708 kB
SwapCached:            0 kB
Active:           631472 kB
Inactive:         479556 kB
Active(anon):     450972 kB
Inactive(anon):     1124 kB
Active(file):     180500 kB
Inactive(file):   478432 kB
Unevictable:        1988 kB
Mlocked:               0 kB
HighTotal:        802816 kB
HighFree:           2836 kB
LowTotal:         548148 kB
LowFree:           25576 kB
SwapTotal:             0 kB
SwapFree:              0 kB
Dirty:               876 kB
Writeback:             0 kB
AnonPages:        451004 kB
Mapped:           213080 kB
Shmem:              1216 kB
Slab:              32452 kB
SReclaimable:      11556 kB
SUnreclaim:        20896 kB
KernelStack:        8952 kB
PageTables:        19440 kB
NFS_Unstable:          0 kB
Bounce:                0 kB
WritebackTmp:          0 kB
CommitLimit:      675480 kB
Committed_AS:   46640580 kB
VmallocTotal:     253952 kB
VmallocUsed:       92012 kB
VmallocChunk:      49156 kB
Time pass: 21 sec

---2015-12-17 17:07:46
MemTotal:        1350964 kB
MemFree:           34168 kB
Buffers:            7772 kB
Cached:           621948 kB
SwapCached:            0 kB
Active:           650672 kB
Inactive:         439876 kB
Active(anon):     462968 kB
Inactive(anon):     1152 kB
Active(file):     187704 kB
Inactive(file):   438724 kB
Unevictable:        1988 kB
Mlocked:               0 kB
HighTotal:        802816 kB
HighFree:           4420 kB
LowTotal:         548148 kB
LowFree:           29748 kB
SwapTotal:             0 kB
SwapFree:              0 kB
Dirty:               132 kB
Writeback:             0 kB
AnonPages:        463012 kB
Mapped:           215932 kB
Shmem:              1196 kB
Slab:              32808 kB
SReclaimable:      11644 kB
SUnreclaim:        21164 kB
KernelStack:        9168 kB
PageTables:        19676 kB
NFS_Unstable:          0 kB
Bounce:                0 kB
WritebackTmp:          0 kB
CommitLimit:      675480 kB
Committed_AS:   46663516 kB
VmallocTotal:     253952 kB
VmallocUsed:       92028 kB
VmallocChunk:      50180 kB
Time pass: 24 sec

---2015-12-17 17:07:46
MemTotal:        1350964 kB
MemFree:           38092 kB
Buffers:            7764 kB
Cached:           608768 kB
SwapCached:            0 kB
Active:           652584 kB
Inactive:         426348 kB
Active(anon):     464432 kB
Inactive(anon):     1152 kB
Active(file):     188152 kB
Inactive(file):   425196 kB
Unevictable:        1988 kB
Mlocked:               0 kB
HighTotal:        802816 kB
HighFree:           6228 kB
LowTotal:         548148 kB
LowFree:           31864 kB
SwapTotal:             0 kB
SwapFree:              0 kB
Dirty:               296 kB
Writeback:             0 kB
AnonPages:        464348 kB
Mapped:           216776 kB
Shmem:              1196 kB
Slab:              32836 kB
SReclaimable:      11652 kB
SUnreclaim:        21184 kB
KernelStack:        9192 kB
PageTables:        19716 kB
NFS_Unstable:          0 kB
Bounce:                0 kB
WritebackTmp:          0 kB
CommitLimit:      675480 kB
Committed_AS:   46673604 kB
VmallocTotal:     253952 kB
VmallocUsed:       92028 kB
VmallocChunk:      50180 kB
Time pass: 28 sec

---2015-12-17 17:07:46
MemTotal:        1350964 kB
MemFree:           37240 kB
Buffers:            7768 kB
Cached:           595696 kB
SwapCached:            0 kB
Active:           653360 kB
Inactive:         413240 kB
Active(anon):     465172 kB
Inactive(anon):     1152 kB
Active(file):     188188 kB
Inactive(file):   412088 kB
Unevictable:        1988 kB
Mlocked:               0 kB
HighTotal:        802816 kB
HighFree:           4256 kB
LowTotal:         548148 kB
LowFree:           32984 kB
SwapTotal:             0 kB
SwapFree:              0 kB
Dirty:               180 kB
Writeback:             0 kB
AnonPages:        465248 kB
Mapped:           216824 kB
Shmem:              1196 kB
Slab:              32888 kB
SReclaimable:      11652 kB
SUnreclaim:        21236 kB
KernelStack:        9192 kB
PageTables:        19752 kB
NFS_Unstable:          0 kB
Bounce:                0 kB
WritebackTmp:          0 kB
CommitLimit:      675480 kB
Committed_AS:   46686764 kB
VmallocTotal:     253952 kB
VmallocUsed:       92028 kB
VmallocChunk:      50180 kB
Time pass: 32 sec

---2015-12-17 17:07:46
MemTotal:        1350964 kB
MemFree:           35404 kB
Buffers:            7776 kB
Cached:           596348 kB
SwapCached:            0 kB
Active:           654220 kB
Inactive:         413896 kB
Active(anon):     466028 kB
Inactive(anon):     1152 kB
Active(file):     188192 kB
Inactive(file):   412744 kB
Unevictable:        1988 kB
Mlocked:               0 kB
HighTotal:        802816 kB
HighFree:           5440 kB
LowTotal:         548148 kB
LowFree:           29964 kB
SwapTotal:             0 kB
SwapFree:              0 kB
Dirty:               380 kB
Writeback:             0 kB
AnonPages:        465956 kB
Mapped:           216976 kB
Shmem:              1196 kB
Slab:              32904 kB
SReclaimable:      11668 kB
SUnreclaim:        21236 kB
KernelStack:        9200 kB
PageTables:        19776 kB
NFS_Unstable:          0 kB
Bounce:                0 kB
WritebackTmp:          0 kB
CommitLimit:      675480 kB
Committed_AS:   46687428 kB
VmallocTotal:     253952 kB
VmallocUsed:       92028 kB
VmallocChunk:      50180 kB
Time pass: 35 sec

---2015-12-17 17:07:46
MemTotal:        1350964 kB
MemFree:           31980 kB
Buffers:            7776 kB
Cached:           560996 kB
SwapCached:            0 kB
Active:           667652 kB
Inactive:         378304 kB
Active(anon):     479216 kB
Inactive(anon):     1152 kB
Active(file):     188436 kB
Inactive(file):   377152 kB
Unevictable:        1988 kB
Mlocked:               0 kB
HighTotal:        802816 kB
HighFree:           2752 kB
LowTotal:         548148 kB
LowFree:           29228 kB
SwapTotal:             0 kB
SwapFree:              0 kB
Dirty:                92 kB
Writeback:             0 kB
AnonPages:        479260 kB
Mapped:           217444 kB
Shmem:              1196 kB
Slab:              32840 kB
SReclaimable:      11620 kB
SUnreclaim:        21220 kB
KernelStack:        9224 kB
PageTables:        19996 kB
NFS_Unstable:          0 kB
Bounce:                0 kB
WritebackTmp:          0 kB
CommitLimit:      675480 kB
Committed_AS:   46796452 kB
VmallocTotal:     253952 kB
VmallocUsed:       92480 kB
VmallocChunk:      50180 kB
Time pass: 39 sec

---2015-12-17 17:07:46
MemTotal:        1350964 kB
MemFree:           31236 kB
Buffers:            7784 kB
Cached:           557972 kB
SwapCached:            0 kB
Active:           669748 kB
Inactive:         375280 kB
Active(anon):     481312 kB
Inactive(anon):     1152 kB
Active(file):     188436 kB
Inactive(file):   374128 kB
Unevictable:        1988 kB
Mlocked:               0 kB
HighTotal:        802816 kB
HighFree:           1512 kB
LowTotal:         548148 kB
LowFree:           29724 kB
SwapTotal:             0 kB
SwapFree:              0 kB
Dirty:                52 kB
Writeback:             0 kB
AnonPages:        481316 kB
Mapped:           217560 kB
Shmem:              1196 kB
Slab:              32928 kB
SReclaimable:      11624 kB
SUnreclaim:        21304 kB
KernelStack:        9224 kB
PageTables:        20004 kB
NFS_Unstable:          0 kB
Bounce:                0 kB
WritebackTmp:          0 kB
CommitLimit:      675480 kB
Committed_AS:   46798320 kB
VmallocTotal:     253952 kB
VmallocUsed:       92480 kB
VmallocChunk:      50180 kB
Time pass: 42 sec

---2015-12-17 17:07:46
MemTotal:        1350964 kB
MemFree:           53872 kB
Buffers:            7772 kB
Cached:           553792 kB
SwapCached:            0 kB
Active:           671388 kB
Inactive:         371008 kB
Active(anon):     482944 kB
Inactive(anon):     1152 kB
Active(file):     188444 kB
Inactive(file):   369856 kB
Unevictable:        1988 kB
Mlocked:               0 kB
HighTotal:        802816 kB
HighFree:          16640 kB
LowTotal:         548148 kB
LowFree:           37232 kB
SwapTotal:             0 kB
SwapFree:              0 kB
Dirty:                40 kB
Writeback:             0 kB
AnonPages:        483060 kB
Mapped:           217928 kB
Shmem:              1196 kB
Slab:              32896 kB
SReclaimable:      11632 kB
SUnreclaim:        21264 kB
KernelStack:        9248 kB
PageTables:        19960 kB
NFS_Unstable:          0 kB
Bounce:                0 kB
WritebackTmp:          0 kB
CommitLimit:      675480 kB
Committed_AS:   46770696 kB
VmallocTotal:     253952 kB
VmallocUsed:       92480 kB
VmallocChunk:      50180 kB
Time pass: 46 sec

---2015-12-17 17:07:46
MemTotal:        1350964 kB
MemFree:           37704 kB
Buffers:            7780 kB
Cached:           555328 kB
SwapCached:            0 kB
Active:           682976 kB
Inactive:         372248 kB
Active(anon):     494272 kB
Inactive(anon):     1152 kB
Active(file):     188704 kB
Inactive(file):   371096 kB
Unevictable:        1988 kB
Mlocked:               0 kB
HighTotal:        802816 kB
HighFree:           1712 kB
LowTotal:         548148 kB
LowFree:           35992 kB
SwapTotal:             0 kB
SwapFree:              0 kB
Dirty:               808 kB
Writeback:             0 kB
AnonPages:        494208 kB
Mapped:           218692 kB
Shmem:              1196 kB
Slab:              33004 kB
SReclaimable:      11660 kB
SUnreclaim:        21344 kB
KernelStack:        9288 kB
PageTables:        19988 kB
NFS_Unstable:          0 kB
Bounce:                0 kB
WritebackTmp:          0 kB
CommitLimit:      675480 kB
Committed_AS:   46784596 kB
VmallocTotal:     253952 kB
VmallocUsed:       92480 kB
VmallocChunk:      50180 kB
Time pass: 49 sec

---2015-12-17 17:07:46
MemTotal:        1350964 kB
MemFree:           34384 kB
Buffers:            7780 kB
Cached:           555296 kB
SwapCached:            0 kB
Active:           683444 kB
Inactive:         372316 kB
Active(anon):     494716 kB
Inactive(anon):     1152 kB
Active(file):     188728 kB
Inactive(file):   371164 kB
Unevictable:        1988 kB
Mlocked:               0 kB
HighTotal:        802816 kB
HighFree:           1512 kB
LowTotal:         548148 kB
LowFree:           32872 kB
SwapTotal:             0 kB
SwapFree:              0 kB
Dirty:                 4 kB
Writeback:             0 kB
AnonPages:        494664 kB
Mapped:           218696 kB
Shmem:              1196 kB
Slab:              33116 kB
SReclaimable:      11684 kB
SUnreclaim:        21432 kB
KernelStack:        9288 kB
PageTables:        19992 kB
NFS_Unstable:          0 kB
Bounce:                0 kB
WritebackTmp:          0 kB
CommitLimit:      675480 kB
Committed_AS:   46787244 kB
VmallocTotal:     253952 kB
VmallocUsed:       92480 kB
VmallocChunk:      50180 kB
Time pass: 53 sec

---2015-12-17 17:07:46
MemTotal:        1350964 kB
MemFree:           33764 kB
Buffers:            7788 kB
Cached:           555580 kB
SwapCached:            0 kB
Active:           683508 kB
Inactive:         372600 kB
Active(anon):     494780 kB
Inactive(anon):     1152 kB
Active(file):     188728 kB
Inactive(file):   371448 kB
Unevictable:        1988 kB
Mlocked:               0 kB
HighTotal:        802816 kB
HighFree:           1512 kB
LowTotal:         548148 kB
LowFree:           32252 kB
SwapTotal:             0 kB
SwapFree:              0 kB
Dirty:                60 kB
Writeback:             0 kB
AnonPages:        494796 kB
Mapped:           219096 kB
Shmem:              1196 kB
Slab:              33172 kB
SReclaimable:      11688 kB
SUnreclaim:        21484 kB
KernelStack:        9288 kB
PageTables:        19996 kB
NFS_Unstable:          0 kB
Bounce:                0 kB
WritebackTmp:          0 kB
CommitLimit:      675480 kB
Committed_AS:   46787268 kB
VmallocTotal:     253952 kB
VmallocUsed:       92480 kB
VmallocChunk:      50180 kB
Time pass: 56 sec

---2015-12-17 17:07:46
MemTotal:        1350964 kB
MemFree:           31696 kB
Buffers:            7796 kB
Cached:           552484 kB
SwapCached:            0 kB
Active:           685588 kB
Inactive:         369380 kB
Active(anon):     496800 kB
Inactive(anon):     1152 kB
Active(file):     188788 kB
Inactive(file):   368228 kB
Unevictable:        1988 kB
Mlocked:               0 kB
HighTotal:        802816 kB
HighFree:           3372 kB
LowTotal:         548148 kB
LowFree:           28324 kB
SwapTotal:             0 kB
SwapFree:              0 kB
Dirty:               148 kB
Writeback:             0 kB
AnonPages:        496816 kB
Mapped:           219608 kB
Shmem:              1196 kB
Slab:              33256 kB
SReclaimable:      11704 kB
SUnreclaim:        21552 kB
KernelStack:        9288 kB
PageTables:        20008 kB
NFS_Unstable:          0 kB
Bounce:                0 kB
WritebackTmp:          0 kB
CommitLimit:      675480 kB
Committed_AS:   46791564 kB
VmallocTotal:     253952 kB
VmallocUsed:       92480 kB
VmallocChunk:      50180 kB
Time pass: 60 sec

---2015-12-17 17:07:46
MemTotal:        1350964 kB
MemFree:           31580 kB
Buffers:            7796 kB
Cached:           552492 kB
SwapCached:            0 kB
Active:           685752 kB
Inactive:         369468 kB
Active(anon):     496964 kB
Inactive(anon):     1152 kB
Active(file):     188788 kB
Inactive(file):   368316 kB
Unevictable:        1988 kB
Mlocked:               0 kB
HighTotal:        802816 kB
HighFree:           3124 kB
LowTotal:         548148 kB
LowFree:           28456 kB
SwapTotal:             0 kB
SwapFree:              0 kB
Dirty:                 0 kB
Writeback:             0 kB
AnonPages:        496924 kB
Mapped:           219560 kB
Shmem:              1196 kB
Slab:              33184 kB
SReclaimable:      11704 kB
SUnreclaim:        21480 kB
KernelStack:        9272 kB
PageTables:        19992 kB
NFS_Unstable:          0 kB
Bounce:                0 kB
WritebackTmp:          0 kB
CommitLimit:      675480 kB
Committed_AS:   46791716 kB
VmallocTotal:     253952 kB
VmallocUsed:       92480 kB
VmallocChunk:      50180 kB
Time pass: 64 sec

---2015-12-17 17:07:46
MemTotal:        1350964 kB
MemFree:           32112 kB
Buffers:            7644 kB
Cached:           538244 kB
SwapCached:            0 kB
Active:           693664 kB
Inactive:         352096 kB
Active(anon):     501856 kB
Inactive(anon):     1152 kB
Active(file):     191808 kB
Inactive(file):   350944 kB
Unevictable:        1988 kB
Mlocked:               0 kB
HighTotal:        802816 kB
HighFree:           2812 kB
LowTotal:         548148 kB
LowFree:           29300 kB
SwapTotal:             0 kB
SwapFree:              0 kB
Dirty:               596 kB
Writeback:             0 kB
AnonPages:        501676 kB
Mapped:           219808 kB
Shmem:              1196 kB
Slab:              33220 kB
SReclaimable:      11724 kB
SUnreclaim:        21496 kB
KernelStack:        9288 kB
PageTables:        20036 kB
NFS_Unstable:          0 kB
Bounce:                0 kB
WritebackTmp:          0 kB
CommitLimit:      675480 kB
Committed_AS:   46805396 kB
VmallocTotal:     253952 kB
VmallocUsed:       92480 kB
VmallocChunk:      50180 kB
Time pass: 67 sec

---2015-12-17 17:07:46
MemTotal:        1350964 kB
MemFree:           34992 kB
Buffers:            7628 kB
Cached:           528108 kB
SwapCached:            0 kB
Active:           702956 kB
Inactive:         340568 kB
Active(anon):     509852 kB
Inactive(anon):     1152 kB
Active(file):     193104 kB
Inactive(file):   339416 kB
Unevictable:        1988 kB
Mlocked:               0 kB
HighTotal:        802816 kB
HighFree:           3000 kB
LowTotal:         548148 kB
LowFree:           31992 kB
SwapTotal:             0 kB
SwapFree:              0 kB
Dirty:               144 kB
Writeback:             8 kB
AnonPages:        510156 kB
Mapped:           223164 kB
Shmem:              1196 kB
Slab:              33304 kB
SReclaimable:      11736 kB
SUnreclaim:        21568 kB
KernelStack:        9408 kB
PageTables:        20072 kB
NFS_Unstable:          0 kB
Bounce:                0 kB
WritebackTmp:          0 kB
CommitLimit:      675480 kB
Committed_AS:   46819632 kB
VmallocTotal:     253952 kB
VmallocUsed:       92480 kB
VmallocChunk:      50180 kB
Time pass: 71 sec

---2015-12-17 17:07:46
MemTotal:        1350964 kB
MemFree:           39040 kB
Buffers:            7676 kB
Cached:           507548 kB
SwapCached:            0 kB
Active:           722544 kB
Inactive:         312432 kB
Active(anon):     521788 kB
Inactive(anon):     1268 kB
Active(file):     200756 kB
Inactive(file):   311164 kB
Unevictable:        1988 kB
Mlocked:               0 kB
HighTotal:        802816 kB
HighFree:           1508 kB
LowTotal:         548148 kB
LowFree:           37532 kB
SwapTotal:             0 kB
SwapFree:              0 kB
Dirty:               448 kB
Writeback:             0 kB
AnonPages:        521764 kB
Mapped:           224748 kB
Shmem:              1316 kB
Slab:              33360 kB
SReclaimable:      11756 kB
SUnreclaim:        21604 kB
KernelStack:        9464 kB
PageTables:        20184 kB
NFS_Unstable:          0 kB
Bounce:                0 kB
WritebackTmp:          0 kB
CommitLimit:      675480 kB
Committed_AS:   46843264 kB
VmallocTotal:     253952 kB
VmallocUsed:       93372 kB
VmallocChunk:      50180 kB
Time pass: 75 sec

---2015-12-17 17:07:46
MemTotal:        1350964 kB
MemFree:           29568 kB
Buffers:            7692 kB
Cached:           507604 kB
SwapCached:            0 kB
Active:           727140 kB
Inactive:         312480 kB
Active(anon):     526384 kB
Inactive(anon):     1300 kB
Active(file):     200756 kB
Inactive(file):   311180 kB
Unevictable:        1988 kB
Mlocked:               0 kB
HighTotal:        802816 kB
HighFree:           2852 kB
LowTotal:         548148 kB
LowFree:           26716 kB
SwapTotal:             0 kB
SwapFree:              0 kB
Dirty:               128 kB
Writeback:             0 kB
AnonPages:        526392 kB
Mapped:           224856 kB
Shmem:              1372 kB
Slab:              33440 kB
SReclaimable:      11756 kB
SUnreclaim:        21684 kB
KernelStack:        9504 kB
PageTables:        20400 kB
NFS_Unstable:          0 kB
Bounce:                0 kB
WritebackTmp:          0 kB
CommitLimit:      675480 kB
Committed_AS:   46851760 kB
VmallocTotal:     253952 kB
VmallocUsed:       93708 kB
VmallocChunk:      50180 kB
Time pass: 80 sec

---2015-12-17 17:07:46
MemTotal:        1350964 kB
MemFree:           30104 kB
Buffers:            7708 kB
Cached:           507692 kB
SwapCached:            0 kB
Active:           725424 kB
Inactive:         312608 kB
Active(anon):     524668 kB
Inactive(anon):     1412 kB
Active(file):     200756 kB
Inactive(file):   311196 kB
Unevictable:        1988 kB
Mlocked:               0 kB
HighTotal:        802816 kB
HighFree:           3068 kB
LowTotal:         548148 kB
LowFree:           27036 kB
SwapTotal:             0 kB
SwapFree:              0 kB
Dirty:                48 kB
Writeback:             0 kB
AnonPages:        524636 kB
Mapped:           224896 kB
Shmem:              1460 kB
Slab:              33420 kB
SReclaimable:      11764 kB
SUnreclaim:        21656 kB
KernelStack:        9496 kB
PageTables:        20388 kB
NFS_Unstable:          0 kB
Bounce:                0 kB
WritebackTmp:          0 kB
CommitLimit:      675480 kB
Committed_AS:   46850528 kB
VmallocTotal:     253952 kB
VmallocUsed:       93708 kB
VmallocChunk:      50180 kB
Time pass: 84 sec

---2015-12-17 17:07:46
MemTotal:        1350964 kB
MemFree:           30616 kB
Buffers:            7716 kB
Cached:           507692 kB
SwapCached:            0 kB
Active:           725484 kB
Inactive:         312616 kB
Active(anon):     524728 kB
Inactive(anon):     1412 kB
Active(file):     200756 kB
Inactive(file):   311204 kB
Unevictable:        1988 kB
Mlocked:               0 kB
HighTotal:        802816 kB
HighFree:           2448 kB
LowTotal:         548148 kB
LowFree:           28168 kB
SwapTotal:             0 kB
SwapFree:              0 kB
Dirty:                36 kB
Writeback:             0 kB
AnonPages:        524692 kB
Mapped:           224940 kB
Shmem:              1460 kB
Slab:              33396 kB
SReclaimable:      11764 kB
SUnreclaim:        21632 kB
KernelStack:        9480 kB
PageTables:        20388 kB
NFS_Unstable:          0 kB
Bounce:                0 kB
WritebackTmp:          0 kB
CommitLimit:      675480 kB
Committed_AS:   46850500 kB
VmallocTotal:     253952 kB
VmallocUsed:       93708 kB
VmallocChunk:      50180 kB
Time pass: 88 sec

---2015-12-17 17:07:46
MemTotal:        1350964 kB
MemFree:           33040 kB
Buffers:            7732 kB
Cached:           503804 kB
SwapCached:            0 kB
Active:           725960 kB
Inactive:         308704 kB
Active(anon):     525164 kB
Inactive(anon):     1412 kB
Active(file):     200796 kB
Inactive(file):   307292 kB
Unevictable:        1988 kB
Mlocked:               0 kB
HighTotal:        802816 kB
HighFree:           2200 kB
LowTotal:         548148 kB
LowFree:           30840 kB
SwapTotal:             0 kB
SwapFree:              0 kB
Dirty:                 0 kB
Writeback:             0 kB
AnonPages:        525176 kB
Mapped:           224940 kB
Shmem:              1460 kB
Slab:              33432 kB
SReclaimable:      11764 kB
SUnreclaim:        21668 kB
KernelStack:        9504 kB
PageTables:        20388 kB
NFS_Unstable:          0 kB
Bounce:                0 kB
WritebackTmp:          0 kB
CommitLimit:      675480 kB
Committed_AS:   46852228 kB
VmallocTotal:     253952 kB
VmallocUsed:       93708 kB
VmallocChunk:      50180 kB
Time pass: 92 sec

---2015-12-17 17:07:46
MemTotal:        1350964 kB
MemFree:           32584 kB
Buffers:            7748 kB
Cached:           503804 kB
SwapCached:            0 kB
Active:           727004 kB
Inactive:         308704 kB
Active(anon):     526208 kB
Inactive(anon):     1412 kB
Active(file):     200796 kB
Inactive(file):   307292 kB
Unevictable:        1988 kB
Mlocked:               0 kB
HighTotal:        802816 kB
HighFree:           2944 kB
LowTotal:         548148 kB
LowFree:           29640 kB
SwapTotal:             0 kB
SwapFree:              0 kB
Dirty:                36 kB
Writeback:             0 kB
AnonPages:        526224 kB
Mapped:           224940 kB
Shmem:              1460 kB
Slab:              33400 kB
SReclaimable:      11764 kB
SUnreclaim:        21636 kB
KernelStack:        9496 kB
PageTables:        20396 kB
NFS_Unstable:          0 kB
Bounce:                0 kB
WritebackTmp:          0 kB
CommitLimit:      675480 kB
Committed_AS:   46853668 kB
VmallocTotal:     253952 kB
VmallocUsed:       93708 kB
VmallocChunk:      50180 kB
Time pass: 96 sec

---2015-12-17 17:07:46
MemTotal:        1350964 kB
MemFree:           32536 kB
Buffers:            7756 kB
Cached:           503824 kB
SwapCached:            0 kB
Active:           727052 kB
Inactive:         308720 kB
Active(anon):     526256 kB
Inactive(anon):     1412 kB
Active(file):     200796 kB
Inactive(file):   307308 kB
Unevictable:        1988 kB
Mlocked:               0 kB
HighTotal:        802816 kB
HighFree:           2696 kB
LowTotal:         548148 kB
LowFree:           29840 kB
SwapTotal:             0 kB
SwapFree:              0 kB
Dirty:                28 kB
Writeback:             0 kB
AnonPages:        526080 kB
Mapped:           225012 kB
Shmem:              1480 kB
Slab:              33444 kB
SReclaimable:      11764 kB
SUnreclaim:        21680 kB
KernelStack:        9496 kB
PageTables:        20416 kB
NFS_Unstable:          0 kB
Bounce:                0 kB
WritebackTmp:          0 kB
CommitLimit:      675480 kB
Committed_AS:   46852464 kB
VmallocTotal:     253952 kB
VmallocUsed:       93708 kB
VmallocChunk:      50180 kB
Time pass: 100 sec

---2015-12-17 17:07:46
MemTotal:        1350964 kB
MemFree:           32712 kB
Buffers:            7772 kB
Cached:           503824 kB
SwapCached:            0 kB
Active:           727116 kB
Inactive:         308764 kB
Active(anon):     526320 kB
Inactive(anon):     1432 kB
Active(file):     200796 kB
Inactive(file):   307332 kB
Unevictable:        1988 kB
Mlocked:               0 kB
HighTotal:        802816 kB
HighFree:           1680 kB
LowTotal:         548148 kB
LowFree:           31032 kB
SwapTotal:             0 kB
SwapFree:              0 kB
Dirty:                 0 kB
Writeback:             0 kB
AnonPages:        526252 kB
Mapped:           224864 kB
Shmem:              1480 kB
Slab:              33452 kB
SReclaimable:      11764 kB
SUnreclaim:        21688 kB
KernelStack:        9504 kB
PageTables:        20412 kB
NFS_Unstable:          0 kB
Bounce:                0 kB
WritebackTmp:          0 kB
CommitLimit:      675480 kB
Committed_AS:   46852404 kB
VmallocTotal:     253952 kB
VmallocUsed:       93708 kB
VmallocChunk:      50180 kB
Time pass: 104 sec

---2015-12-17 17:07:46
MemTotal:        1350964 kB
MemFree:           31940 kB
Buffers:            7780 kB
Cached:           503852 kB
SwapCached:            0 kB
Active:           728136 kB
Inactive:         308764 kB
Active(anon):     527340 kB
Inactive(anon):     1432 kB
Active(file):     200796 kB
Inactive(file):   307332 kB
Unevictable:        1988 kB
Mlocked:               0 kB
HighTotal:        802816 kB
HighFree:           1580 kB
LowTotal:         548148 kB
LowFree:           30360 kB
SwapTotal:             0 kB
SwapFree:              0 kB
Dirty:                28 kB
Writeback:             0 kB
AnonPages:        527376 kB
Mapped:           225040 kB
Shmem:              1508 kB
Slab:              33432 kB
SReclaimable:      11772 kB
SUnreclaim:        21660 kB
KernelStack:        9496 kB
PageTables:        20408 kB
NFS_Unstable:          0 kB
Bounce:                0 kB
WritebackTmp:          0 kB
CommitLimit:      675480 kB
Committed_AS:   46853492 kB
VmallocTotal:     253952 kB
VmallocUsed:       93708 kB
VmallocChunk:      50180 kB
Time pass: 107 sec

---2015-12-17 17:07:46
MemTotal:        1350964 kB
MemFree:           32568 kB
Buffers:            7780 kB
Cached:           503852 kB
SwapCached:            0 kB
Active:           727028 kB
Inactive:         308800 kB
Active(anon):     526232 kB
Inactive(anon):     1460 kB
Active(file):     200796 kB
Inactive(file):   307340 kB
Unevictable:        1988 kB
Mlocked:               0 kB
HighTotal:        802816 kB
HighFree:           1580 kB
LowTotal:         548148 kB
LowFree:           30988 kB
SwapTotal:             0 kB
SwapFree:              0 kB
Dirty:                 0 kB
Writeback:             0 kB
AnonPages:        526244 kB
Mapped:           225040 kB
Shmem:              1508 kB
Slab:              33456 kB
SReclaimable:      11772 kB
SUnreclaim:        21684 kB
KernelStack:        9488 kB
PageTables:        20412 kB
NFS_Unstable:          0 kB
Bounce:                0 kB
WritebackTmp:          0 kB
CommitLimit:      675480 kB
Committed_AS:   46852216 kB
VmallocTotal:     253952 kB
VmallocUsed:       93708 kB
VmallocChunk:      50180 kB
Time pass: 111 sec

---2015-12-17 17:07:46
MemTotal:        1350964 kB
MemFree:           32544 kB
Buffers:            7780 kB
Cached:           503852 kB
SwapCached:            0 kB
Active:           727000 kB
Inactive:         308800 kB
Active(anon):     526204 kB
Inactive(anon):     1460 kB
Active(file):     200796 kB
Inactive(file):   307340 kB
Unevictable:        1988 kB
Mlocked:               0 kB
HighTotal:        802816 kB
HighFree:           1580 kB
LowTotal:         548148 kB
LowFree:           30964 kB
SwapTotal:             0 kB
SwapFree:              0 kB
Dirty:                 0 kB
Writeback:             0 kB
AnonPages:        526252 kB
Mapped:           225040 kB
Shmem:              1508 kB
Slab:              33480 kB
SReclaimable:      11772 kB
SUnreclaim:        21708 kB
KernelStack:        9488 kB
PageTables:        20412 kB
NFS_Unstable:          0 kB
Bounce:                0 kB
WritebackTmp:          0 kB
CommitLimit:      675480 kB
Committed_AS:   46852132 kB
VmallocTotal:     253952 kB
VmallocUsed:       93708 kB
VmallocChunk:      50180 kB
Time pass: 114 sec

---2015-12-17 17:07:46
MemTotal:        1350964 kB
MemFree:           32296 kB
Buffers:            7780 kB
Cached:           503944 kB
SwapCached:            0 kB
Active:           727252 kB
Inactive:         308856 kB
Active(anon):     526456 kB
Inactive(anon):     1516 kB
Active(file):     200796 kB
Inactive(file):   307340 kB
Unevictable:        1988 kB
Mlocked:               0 kB
HighTotal:        802816 kB
HighFree:           1580 kB
LowTotal:         548148 kB
LowFree:           30716 kB
SwapTotal:             0 kB
SwapFree:              0 kB
Dirty:                 0 kB
Writeback:             0 kB
AnonPages:        526416 kB
Mapped:           224984 kB
Shmem:              1600 kB
Slab:              33428 kB
SReclaimable:      11772 kB
SUnreclaim:        21656 kB
KernelStack:        9488 kB
PageTables:        20412 kB
NFS_Unstable:          0 kB
Bounce:                0 kB
WritebackTmp:          0 kB
CommitLimit:      675480 kB
Committed_AS:   46852292 kB
VmallocTotal:     253952 kB
VmallocUsed:       93708 kB
VmallocChunk:      50180 kB
Time pass: 118 sec

---2015-12-17 17:07:46
MemTotal:        1350964 kB
MemFree:           31948 kB
Buffers:            7780 kB
Cached:           503944 kB
SwapCached:            0 kB
Active:           727276 kB
Inactive:         308892 kB
Active(anon):     526480 kB
Inactive(anon):     1552 kB
Active(file):     200796 kB
Inactive(file):   307340 kB
Unevictable:        1988 kB
Mlocked:               0 kB
HighTotal:        802816 kB
HighFree:           1580 kB
LowTotal:         548148 kB
LowFree:           30368 kB
SwapTotal:             0 kB
SwapFree:              0 kB
Dirty:                 0 kB
Writeback:             0 kB
AnonPages:        526488 kB
Mapped:           225132 kB
Shmem:              1600 kB
Slab:              33420 kB
SReclaimable:      11772 kB
SUnreclaim:        21648 kB
KernelStack:        9488 kB
PageTables:        20416 kB
NFS_Unstable:          0 kB
Bounce:                0 kB
WritebackTmp:          0 kB
CommitLimit:      675480 kB
Committed_AS:   46852276 kB
VmallocTotal:     253952 kB
VmallocUsed:       93708 kB
VmallocChunk:      50180 kB
Time pass: 122 sec

---2015-12-17 17:07:46
MemTotal:        1350964 kB
MemFree:           32848 kB
Buffers:            7780 kB
Cached:           502408 kB
SwapCached:            0 kB
Active:           728556 kB
Inactive:         306972 kB
Active(anon):     527416 kB
Inactive(anon):     2232 kB
Active(file):     201140 kB
Inactive(file):   304740 kB
Unevictable:        1988 kB
Mlocked:               0 kB
HighTotal:        802816 kB
HighFree:           2324 kB
LowTotal:         548148 kB
LowFree:           30524 kB
SwapTotal:             0 kB
SwapFree:              0 kB
Dirty:                 0 kB
Writeback:             0 kB
AnonPages:        527352 kB
Mapped:           225852 kB
Shmem:              2320 kB
Slab:              33412 kB
SReclaimable:      11772 kB
SUnreclaim:        21640 kB
KernelStack:        9488 kB
PageTables:        20412 kB
NFS_Unstable:          0 kB
Bounce:                0 kB
WritebackTmp:          0 kB
CommitLimit:      675480 kB
Committed_AS:   46852504 kB
VmallocTotal:     253952 kB
VmallocUsed:       93708 kB
VmallocChunk:      50180 kB
Time pass: 125 sec

---2015-12-17 17:07:46
MemTotal:        1350964 kB
MemFree:           33216 kB
Buffers:            7776 kB
Cached:           497124 kB
SwapCached:            0 kB
Active:           733316 kB
Inactive:         301684 kB
Active(anon):     532164 kB
Inactive(anon):     2272 kB
Active(file):     201152 kB
Inactive(file):   299412 kB
Unevictable:        1988 kB
Mlocked:               0 kB
HighTotal:        802816 kB
HighFree:           2772 kB
LowTotal:         548148 kB
LowFree:           30444 kB
SwapTotal:             0 kB
SwapFree:              0 kB
Dirty:                 4 kB
Writeback:             0 kB
AnonPages:        532048 kB
Mapped:           226108 kB
Shmem:              2320 kB
Slab:              33444 kB
SReclaimable:      11772 kB
SUnreclaim:        21672 kB
KernelStack:        9560 kB
PageTables:        20604 kB
NFS_Unstable:          0 kB
Bounce:                0 kB
WritebackTmp:          0 kB
CommitLimit:      675480 kB
Committed_AS:   47852216 kB
VmallocTotal:     253952 kB
VmallocUsed:       94728 kB
VmallocChunk:      50180 kB
Time pass: 129 sec

---2015-12-17 17:07:46
MemTotal:        1350964 kB
MemFree:           50284 kB
Buffers:            7808 kB
Cached:           495816 kB
SwapCached:            0 kB
Active:           726412 kB
Inactive:         300384 kB
Active(anon):     525260 kB
Inactive(anon):     1152 kB
Active(file):     201152 kB
Inactive(file):   299232 kB
Unevictable:        1988 kB
Mlocked:               0 kB
HighTotal:        802816 kB
HighFree:           2936 kB
LowTotal:         548148 kB
LowFree:           47348 kB
SwapTotal:             0 kB
SwapFree:              0 kB
Dirty:                24 kB
Writeback:             0 kB
AnonPages:        525108 kB
Mapped:           225032 kB
Shmem:              1196 kB
Slab:              33528 kB
SReclaimable:      11772 kB
SUnreclaim:        21756 kB
KernelStack:        9464 kB
PageTables:        20384 kB
NFS_Unstable:          0 kB
Bounce:                0 kB
WritebackTmp:          0 kB
CommitLimit:      675480 kB
Committed_AS:   47813848 kB
VmallocTotal:     253952 kB
VmallocUsed:       94616 kB
VmallocChunk:      50180 kB
Time pass: 132 sec

---2015-12-17 17:07:46
MemTotal:        1350964 kB
MemFree:          206712 kB
Buffers:            7832 kB
Cached:           496056 kB
SwapCached:            0 kB
Active:           654616 kB
Inactive:         299892 kB
Active(anon):     452652 kB
Inactive(anon):     1024 kB
Active(file):     201964 kB
Inactive(file):   298868 kB
Unevictable:        1988 kB
Mlocked:               0 kB
HighTotal:        802816 kB
HighFree:         105616 kB
LowTotal:         548148 kB
LowFree:          101096 kB
SwapTotal:             0 kB
SwapFree:              0 kB
Dirty:                92 kB
Writeback:             0 kB
AnonPages:        452684 kB
Mapped:           192684 kB
Shmem:              1068 kB
Slab:              33244 kB
SReclaimable:      11764 kB
SUnreclaim:        21480 kB
KernelStack:        8736 kB
PageTables:        19076 kB
NFS_Unstable:          0 kB
Bounce:                0 kB
WritebackTmp:          0 kB
CommitLimit:      675480 kB
Committed_AS:   45755396 kB
VmallocTotal:     253952 kB
VmallocUsed:       91592 kB
VmallocChunk:      50180 kB
Time pass: 136 sec

---2015-12-17 17:07:46
MemTotal:        1350964 kB
MemFree:          206380 kB
Buffers:            7840 kB
Cached:           496048 kB
SwapCached:            0 kB
Active:           654692 kB
Inactive:         299892 kB
Active(anon):     452728 kB
Inactive(anon):     1024 kB
Active(file):     201964 kB
Inactive(file):   298868 kB
Unevictable:        1988 kB
Mlocked:               0 kB
HighTotal:        802816 kB
HighFree:         105244 kB
LowTotal:         548148 kB
LowFree:          101136 kB
SwapTotal:             0 kB
SwapFree:              0 kB
Dirty:                 0 kB
Writeback:             0 kB
AnonPages:        452772 kB
Mapped:           192752 kB
Shmem:              1068 kB
Slab:              33224 kB
SReclaimable:      11764 kB
SUnreclaim:        21460 kB
KernelStack:        8728 kB
PageTables:        19084 kB
NFS_Unstable:          0 kB
Bounce:                0 kB
WritebackTmp:          0 kB
CommitLimit:      675480 kB
Committed_AS:   45755472 kB
VmallocTotal:     253952 kB
VmallocUsed:       91592 kB
VmallocChunk:      50180 kB
Time pass: 139 sec

---2015-12-17 17:07:46
MemTotal:        1350964 kB
MemFree:          206736 kB
Buffers:            7840 kB
Cached:           496056 kB
SwapCached:            0 kB
Active:           654708 kB
Inactive:         299900 kB
Active(anon):     452744 kB
Inactive(anon):     1024 kB
Active(file):     201964 kB
Inactive(file):   298876 kB
Unevictable:        1988 kB
Mlocked:               0 kB
HighTotal:        802816 kB
HighFree:         105220 kB
LowTotal:         548148 kB
LowFree:          101516 kB
SwapTotal:             0 kB
SwapFree:              0 kB
Dirty:                 0 kB
Writeback:             0 kB
AnonPages:        452752 kB
Mapped:           192704 kB
Shmem:              1068 kB
Slab:              33220 kB
SReclaimable:      11764 kB
SUnreclaim:        21456 kB
KernelStack:        8720 kB
PageTables:        19068 kB
NFS_Unstable:          0 kB
Bounce:                0 kB
WritebackTmp:          0 kB
CommitLimit:      675480 kB
Committed_AS:   45755464 kB
VmallocTotal:     253952 kB
VmallocUsed:       91592 kB
VmallocChunk:      50180 kB
Time pass: 143 sec

---2015-12-17 17:07:46
MemTotal:        1350964 kB
MemFree:          206520 kB
Buffers:            7840 kB
Cached:           496056 kB
SwapCached:            0 kB
Active:           654776 kB
Inactive:         299900 kB
Active(anon):     452812 kB
Inactive(anon):     1024 kB
Active(file):     201964 kB
Inactive(file):   298876 kB
Unevictable:        1988 kB
Mlocked:               0 kB
HighTotal:        802816 kB
HighFree:         104996 kB
LowTotal:         548148 kB
LowFree:          101524 kB
SwapTotal:             0 kB
SwapFree:              0 kB
Dirty:                 0 kB
Writeback:             0 kB
AnonPages:        452764 kB
Mapped:           192752 kB
Shmem:              1068 kB
Slab:              33220 kB
SReclaimable:      11764 kB
SUnreclaim:        21456 kB
KernelStack:        8720 kB
PageTables:        19080 kB
NFS_Unstable:          0 kB
Bounce:                0 kB
WritebackTmp:          0 kB
CommitLimit:      675480 kB
Committed_AS:   45755504 kB
VmallocTotal:     253952 kB
VmallocUsed:       91592 kB
VmallocChunk:      50180 kB
Time pass: 146 sec

---2015-12-17 17:07:46
MemTotal:        1350964 kB
MemFree:          206876 kB
Buffers:            7840 kB
Cached:           496056 kB
SwapCached:            0 kB
Active:           654860 kB
Inactive:         299900 kB
Active(anon):     452896 kB
Inactive(anon):     1024 kB
Active(file):     201964 kB
Inactive(file):   298876 kB
Unevictable:        1988 kB
Mlocked:               0 kB
HighTotal:        802816 kB
HighFree:         104748 kB
LowTotal:         548148 kB
LowFree:          102128 kB
SwapTotal:             0 kB
SwapFree:              0 kB
Dirty:                 0 kB
Writeback:             0 kB
AnonPages:        452848 kB
Mapped:           192604 kB
Shmem:              1068 kB
Slab:              33212 kB
SReclaimable:      11764 kB
SUnreclaim:        21448 kB
KernelStack:        8712 kB
PageTables:        19080 kB
NFS_Unstable:          0 kB
Bounce:                0 kB
WritebackTmp:          0 kB
CommitLimit:      675480 kB
Committed_AS:   45755488 kB
VmallocTotal:     253952 kB
VmallocUsed:       91592 kB
VmallocChunk:      50180 kB
Time pass: 150 sec

---2015-12-17 17:07:46
MemTotal:        1350964 kB
MemFree:          207372 kB
Buffers:            7840 kB
Cached:           496056 kB
SwapCached:            0 kB
Active:           653872 kB
Inactive:         299900 kB
Active(anon):     451908 kB
Inactive(anon):     1024 kB
Active(file):     201964 kB
Inactive(file):   298876 kB
Unevictable:        1988 kB
Mlocked:               0 kB
HighTotal:        802816 kB
HighFree:         104872 kB
LowTotal:         548148 kB
LowFree:          102500 kB
SwapTotal:             0 kB
SwapFree:              0 kB
Dirty:                 0 kB
Writeback:             0 kB
AnonPages:        451956 kB
Mapped:           192752 kB
Shmem:              1068 kB
Slab:              33212 kB
SReclaimable:      11764 kB
SUnreclaim:        21448 kB
KernelStack:        8712 kB
PageTables:        19084 kB
NFS_Unstable:          0 kB
Bounce:                0 kB
WritebackTmp:          0 kB
CommitLimit:      675480 kB
Committed_AS:   45755448 kB
VmallocTotal:     253952 kB
VmallocUsed:       91592 kB
VmallocChunk:      50180 kB
Time pass: 154 sec

---2015-12-17 17:07:46
MemTotal:        1350964 kB
MemFree:          206636 kB
Buffers:            7840 kB
Cached:           496056 kB
SwapCached:            0 kB
Active:           655104 kB
Inactive:         299900 kB
Active(anon):     453140 kB
Inactive(anon):     1024 kB
Active(file):     201964 kB
Inactive(file):   298876 kB
Unevictable:        1988 kB
Mlocked:               0 kB
HighTotal:        802816 kB
HighFree:         104128 kB
LowTotal:         548148 kB
LowFree:          102508 kB
SwapTotal:             0 kB
SwapFree:              0 kB
Dirty:                 0 kB
Writeback:             0 kB
AnonPages:        453036 kB
Mapped:           192756 kB
Shmem:              1068 kB
Slab:              33212 kB
SReclaimable:      11764 kB
SUnreclaim:        21448 kB
KernelStack:        8704 kB
PageTables:        19088 kB
NFS_Unstable:          0 kB
Bounce:                0 kB
WritebackTmp:          0 kB
CommitLimit:      675480 kB
Committed_AS:   45755620 kB
VmallocTotal:     253952 kB
VmallocUsed:       91592 kB
VmallocChunk:      50180 kB
Time pass: 157 sec

---2015-12-17 17:07:46
MemTotal:        1350964 kB
MemFree:          210980 kB
Buffers:            7944 kB
Cached:           496080 kB
SwapCached:            0 kB
Active:           663052 kB
Inactive:         299768 kB
Active(anon):     460828 kB
Inactive(anon):     1024 kB
Active(file):     202224 kB
Inactive(file):   298744 kB
Unevictable:        1988 kB
Mlocked:               0 kB
HighTotal:        802816 kB
HighFree:         102888 kB
LowTotal:         548148 kB
LowFree:          108092 kB
SwapTotal:             0 kB
SwapFree:              0 kB
Dirty:               828 kB
Writeback:             0 kB
AnonPages:        460852 kB
Mapped:           207668 kB
Shmem:              1068 kB
Slab:              33216 kB
SReclaimable:      11764 kB
SUnreclaim:        21452 kB
KernelStack:        8912 kB
PageTables:        19452 kB
NFS_Unstable:          0 kB
Bounce:                0 kB
WritebackTmp:          0 kB
CommitLimit:      675480 kB
Committed_AS:   46579244 kB
VmallocTotal:     253952 kB
VmallocUsed:       92620 kB
VmallocChunk:      50180 kB
Time pass: 161 sec

---2015-12-17 17:07:46
MemTotal:        1350964 kB
MemFree:          148344 kB
Buffers:            7972 kB
Cached:           496220 kB
SwapCached:            0 kB
Active:           677472 kB
Inactive:         299656 kB
Active(anon):     474968 kB
Inactive(anon):     1156 kB
Active(file):     202504 kB
Inactive(file):   298500 kB
Unevictable:        1988 kB
Mlocked:               0 kB
HighTotal:        802816 kB
HighFree:          67900 kB
LowTotal:         548148 kB
LowFree:           80444 kB
SwapTotal:             0 kB
SwapFree:              0 kB
Dirty:               968 kB
Writeback:             0 kB
AnonPages:        475140 kB
Mapped:           215324 kB
Shmem:              1200 kB
Slab:              33220 kB
SReclaimable:      11772 kB
SUnreclaim:        21448 kB
KernelStack:        9152 kB
PageTables:        19840 kB
NFS_Unstable:          0 kB
Bounce:                0 kB
WritebackTmp:          0 kB
CommitLimit:      675480 kB
Committed_AS:   46725952 kB
VmallocTotal:     253952 kB
VmallocUsed:       93492 kB
VmallocChunk:      50180 kB
Time pass: 164 sec

---2015-12-17 17:07:46
MemTotal:        1350964 kB
MemFree:          119308 kB
Buffers:            7996 kB
Cached:           496492 kB
SwapCached:            0 kB
Active:           689136 kB
Inactive:         299432 kB
Active(anon):     486140 kB
Inactive(anon):     1152 kB
Active(file):     202996 kB
Inactive(file):   298280 kB
Unevictable:        1988 kB
Mlocked:               0 kB
HighTotal:        802816 kB
HighFree:          39252 kB
LowTotal:         548148 kB
LowFree:           80056 kB
SwapTotal:             0 kB
SwapFree:              0 kB
Dirty:               488 kB
Writeback:             0 kB
AnonPages:        486096 kB
Mapped:           218020 kB
Shmem:              1196 kB
Slab:              33280 kB
SReclaimable:      11796 kB
SUnreclaim:        21484 kB
KernelStack:        9200 kB
PageTables:        19904 kB
NFS_Unstable:          0 kB
Bounce:                0 kB
WritebackTmp:          0 kB
CommitLimit:      675480 kB
Committed_AS:   46747040 kB
VmallocTotal:     253952 kB
VmallocUsed:       93492 kB
VmallocChunk:      50180 kB
Time pass: 168 sec

---2015-12-17 17:07:46
MemTotal:        1350964 kB
MemFree:          109388 kB
Buffers:            7996 kB
Cached:           496812 kB
SwapCached:            0 kB
Active:           694444 kB
Inactive:         299712 kB
Active(anon):     491432 kB
Inactive(anon):     1152 kB
Active(file):     203012 kB
Inactive(file):   298560 kB
Unevictable:        1988 kB
Mlocked:               0 kB
HighTotal:        802816 kB
HighFree:          30408 kB
LowTotal:         548148 kB
LowFree:           78980 kB
SwapTotal:             0 kB
SwapFree:              0 kB
Dirty:                20 kB
Writeback:             0 kB
AnonPages:        491332 kB
Mapped:           218668 kB
Shmem:              1196 kB
Slab:              33308 kB
SReclaimable:      11796 kB
SUnreclaim:        21512 kB
KernelStack:        9232 kB
PageTables:        19940 kB
NFS_Unstable:          0 kB
Bounce:                0 kB
WritebackTmp:          0 kB
CommitLimit:      675480 kB
Committed_AS:   46764716 kB
VmallocTotal:     253952 kB
VmallocUsed:       93492 kB
VmallocChunk:      50180 kB
Time pass: 171 sec

---2015-12-17 17:07:46
MemTotal:        1350964 kB
MemFree:           91620 kB
Buffers:            8020 kB
Cached:           496956 kB
SwapCached:            0 kB
Active:           699784 kB
Inactive:         299684 kB
Active(anon):     496528 kB
Inactive(anon):     1152 kB
Active(file):     203256 kB
Inactive(file):   298532 kB
Unevictable:        1988 kB
Mlocked:               0 kB
HighTotal:        802816 kB
HighFree:          16116 kB
LowTotal:         548148 kB
LowFree:           75504 kB
SwapTotal:             0 kB
SwapFree:              0 kB
Dirty:               128 kB
Writeback:             0 kB
AnonPages:        496428 kB
Mapped:           219232 kB
Shmem:              1196 kB
Slab:              33348 kB
SReclaimable:      11796 kB
SUnreclaim:        21552 kB
KernelStack:        9248 kB
PageTables:        19976 kB
NFS_Unstable:          0 kB
Bounce:                0 kB
WritebackTmp:          0 kB
CommitLimit:      675480 kB
Committed_AS:   46781512 kB
VmallocTotal:     253952 kB
VmallocUsed:       93492 kB
VmallocChunk:      50180 kB
Time pass: 175 sec

---2015-12-17 17:07:46
MemTotal:        1350964 kB
MemFree:           82004 kB
Buffers:            8020 kB
Cached:           497236 kB
SwapCached:            0 kB
Active:           701268 kB
Inactive:         299700 kB
Active(anon):     497744 kB
Inactive(anon):     1152 kB
Active(file):     203524 kB
Inactive(file):   298548 kB
Unevictable:        1988 kB
Mlocked:               0 kB
HighTotal:        802816 kB
HighFree:           8932 kB
LowTotal:         548148 kB
LowFree:           73072 kB
SwapTotal:             0 kB
SwapFree:              0 kB
Dirty:               504 kB
Writeback:             0 kB
AnonPages:        497728 kB
Mapped:           219440 kB
Shmem:              1196 kB
Slab:              33368 kB
SReclaimable:      11796 kB
SUnreclaim:        21572 kB
KernelStack:        9248 kB
PageTables:        19992 kB
NFS_Unstable:          0 kB
Bounce:                0 kB
WritebackTmp:          0 kB
CommitLimit:      675480 kB
Committed_AS:   46790284 kB
VmallocTotal:     253952 kB
VmallocUsed:       93492 kB
VmallocChunk:      50180 kB
Time pass: 178 sec

---2015-12-17 17:07:46
MemTotal:        1350964 kB
MemFree:           71196 kB
Buffers:            8028 kB
Cached:           497256 kB
SwapCached:            0 kB
Active:           703188 kB
Inactive:         299712 kB
Active(anon):     499648 kB
Inactive(anon):     1152 kB
Active(file):     203540 kB
Inactive(file):   298560 kB
Unevictable:        1988 kB
Mlocked:               0 kB
HighTotal:        802816 kB
HighFree:           3192 kB
LowTotal:         548148 kB
LowFree:           68004 kB
SwapTotal:             0 kB
SwapFree:              0 kB
Dirty:               576 kB
Writeback:             0 kB
AnonPages:        499600 kB
Mapped:           220020 kB
Shmem:              1196 kB
Slab:              33444 kB
SReclaimable:      11812 kB
SUnreclaim:        21632 kB
KernelStack:        9208 kB
PageTables:        20012 kB
NFS_Unstable:          0 kB
Bounce:                0 kB
WritebackTmp:          0 kB
CommitLimit:      675480 kB
Committed_AS:   46801296 kB
VmallocTotal:     253952 kB
VmallocUsed:       93492 kB
VmallocChunk:      50180 kB
Time pass: 182 sec

---2015-12-17 17:07:46
MemTotal:        1350964 kB
MemFree:           70664 kB
Buffers:            8036 kB
Cached:           497248 kB
SwapCached:            0 kB
Active:           703228 kB
Inactive:         299712 kB
Active(anon):     499688 kB
Inactive(anon):     1152 kB
Active(file):     203540 kB
Inactive(file):   298560 kB
Unevictable:        1988 kB
Mlocked:               0 kB
HighTotal:        802816 kB
HighFree:           2572 kB
LowTotal:         548148 kB
LowFree:           68092 kB
SwapTotal:             0 kB
SwapFree:              0 kB
Dirty:               132 kB
Writeback:             0 kB
AnonPages:        499768 kB
Mapped:           220028 kB
Shmem:              1196 kB
Slab:              33428 kB
SReclaimable:      11812 kB
SUnreclaim:        21616 kB
KernelStack:        9208 kB
PageTables:        20000 kB
NFS_Unstable:          0 kB
Bounce:                0 kB
WritebackTmp:          0 kB
CommitLimit:      675480 kB
Committed_AS:   46800720 kB
VmallocTotal:     253952 kB
VmallocUsed:       93492 kB
VmallocChunk:      50180 kB
Time pass: 186 sec

---2015-12-17 17:07:46
MemTotal:        1350964 kB
MemFree:           70636 kB
Buffers:            8036 kB
Cached:           497256 kB
SwapCached:            0 kB
Active:           703380 kB
Inactive:         299720 kB
Active(anon):     499840 kB
Inactive(anon):     1152 kB
Active(file):     203540 kB
Inactive(file):   298568 kB
Unevictable:        1988 kB
Mlocked:               0 kB
HighTotal:        802816 kB
HighFree:           2572 kB
LowTotal:         548148 kB
LowFree:           68064 kB
SwapTotal:             0 kB
SwapFree:              0 kB
Dirty:                 0 kB
Writeback:             0 kB
AnonPages:        499828 kB
Mapped:           220020 kB
Shmem:              1196 kB
Slab:              33352 kB
SReclaimable:      11812 kB
SUnreclaim:        21540 kB
KernelStack:        9208 kB
PageTables:        20016 kB
NFS_Unstable:          0 kB
Bounce:                0 kB
WritebackTmp:          0 kB
CommitLimit:      675480 kB
Committed_AS:   46800608 kB
VmallocTotal:     253952 kB
VmallocUsed:       93492 kB
VmallocChunk:      50180 kB
Time pass: 189 sec

---2015-12-17 17:07:46
MemTotal:        1350964 kB
MemFree:           62848 kB
Buffers:            8060 kB
Cached:           498224 kB
SwapCached:            0 kB
Active:           710492 kB
Inactive:         300664 kB
Active(anon):     506920 kB
Inactive(anon):     1504 kB
Active(file):     203572 kB
Inactive(file):   299160 kB
Unevictable:        1988 kB
Mlocked:               0 kB
HighTotal:        802816 kB
HighFree:           1580 kB
LowTotal:         548148 kB
LowFree:           61268 kB
SwapTotal:             0 kB
SwapFree:              0 kB
Dirty:                48 kB
Writeback:             0 kB
AnonPages:        507132 kB
Mapped:           221432 kB
Shmem:              1548 kB
Slab:              33380 kB
SReclaimable:      11812 kB
SUnreclaim:        21568 kB
KernelStack:        9328 kB
PageTables:        20064 kB
NFS_Unstable:          0 kB
Bounce:                0 kB
WritebackTmp:          0 kB
CommitLimit:      675480 kB
Committed_AS:   46814760 kB
VmallocTotal:     253952 kB
VmallocUsed:       93516 kB
VmallocChunk:      50180 kB
Time pass: 193 sec

---2015-12-17 17:07:46
MemTotal:        1350964 kB
MemFree:           59156 kB
Buffers:            8060 kB
Cached:           498272 kB
SwapCached:            0 kB
Active:           712020 kB
Inactive:         300720 kB
Active(anon):     508444 kB
Inactive(anon):     1528 kB
Active(file):     203576 kB
Inactive(file):   299192 kB
Unevictable:        1988 kB
Mlocked:               0 kB
HighTotal:        802816 kB
HighFree:           1912 kB
LowTotal:         548148 kB
LowFree:           57244 kB
SwapTotal:             0 kB
SwapFree:              0 kB
Dirty:                 8 kB
Writeback:             0 kB
AnonPages:        508272 kB
Mapped:           221912 kB
Shmem:              1576 kB
Slab:              33332 kB
SReclaimable:      11812 kB
SUnreclaim:        21520 kB
KernelStack:        9328 kB
PageTables:        20072 kB
NFS_Unstable:          0 kB
Bounce:                0 kB
WritebackTmp:          0 kB
CommitLimit:      675480 kB
Committed_AS:   46817908 kB
VmallocTotal:     253952 kB
VmallocUsed:       93632 kB
VmallocChunk:      50180 kB
Time pass: 197 sec

---2015-12-17 17:07:46
MemTotal:        1350964 kB
MemFree:           57084 kB
Buffers:            8068 kB
Cached:           498272 kB
SwapCached:            0 kB
Active:           712276 kB
Inactive:         300728 kB
Active(anon):     508700 kB
Inactive(anon):     1528 kB
Active(file):     203576 kB
Inactive(file):   299200 kB
Unevictable:        1988 kB
Mlocked:               0 kB
HighTotal:        802816 kB
HighFree:           1608 kB
LowTotal:         548148 kB
LowFree:           55476 kB
SwapTotal:             0 kB
SwapFree:              0 kB
Dirty:                56 kB
Writeback:             0 kB
AnonPages:        508472 kB
Mapped:           221764 kB
Shmem:              1576 kB
Slab:              33304 kB
SReclaimable:      11812 kB
SUnreclaim:        21492 kB
KernelStack:        9328 kB
PageTables:        20088 kB
NFS_Unstable:          0 kB
Bounce:                0 kB
WritebackTmp:          0 kB
CommitLimit:      675480 kB
Committed_AS:   46817940 kB
VmallocTotal:     253952 kB
VmallocUsed:       93632 kB
VmallocChunk:      50180 kB
Time pass: 201 sec

---2015-12-17 17:07:46
MemTotal:        1350964 kB
MemFree:           58356 kB
Buffers:            8068 kB
Cached:           498272 kB
SwapCached:            0 kB
Active:           712676 kB
Inactive:         300728 kB
Active(anon):     509100 kB
Inactive(anon):     1528 kB
Active(file):     203576 kB
Inactive(file):   299200 kB
Unevictable:        1988 kB
Mlocked:               0 kB
HighTotal:        802816 kB
HighFree:           1616 kB
LowTotal:         548148 kB
LowFree:           56740 kB
SwapTotal:             0 kB
SwapFree:              0 kB
Dirty:                 0 kB
Writeback:             0 kB
AnonPages:        509108 kB
Mapped:           221912 kB
Shmem:              1576 kB
Slab:              33400 kB
SReclaimable:      11812 kB
SUnreclaim:        21588 kB
KernelStack:        9328 kB
PageTables:        20088 kB
NFS_Unstable:          0 kB
Bounce:                0 kB
WritebackTmp:          0 kB
CommitLimit:      675480 kB
Committed_AS:   46818372 kB
VmallocTotal:     253952 kB
VmallocUsed:       93632 kB
VmallocChunk:      50180 kB
Time pass: 204 sec

---2015-12-17 17:07:46
MemTotal:        1350964 kB
MemFree:           56832 kB
Buffers:            8084 kB
Cached:           498272 kB
SwapCached:            0 kB
Active:           713284 kB
Inactive:         300744 kB
Active(anon):     509708 kB
Inactive(anon):     1528 kB
Active(file):     203576 kB
Inactive(file):   299216 kB
Unevictable:        1988 kB
Mlocked:               0 kB
HighTotal:        802816 kB
HighFree:           1580 kB
LowTotal:         548148 kB
LowFree:           55252 kB
SwapTotal:             0 kB
SwapFree:              0 kB
Dirty:                48 kB
Writeback:             0 kB
AnonPages:        509588 kB
Mapped:           221808 kB
Shmem:              1576 kB
Slab:              33380 kB
SReclaimable:      11812 kB
SUnreclaim:        21568 kB
KernelStack:        9328 kB
PageTables:        20076 kB
NFS_Unstable:          0 kB
Bounce:                0 kB
WritebackTmp:          0 kB
CommitLimit:      675480 kB
Committed_AS:   46818628 kB
VmallocTotal:     253952 kB
VmallocUsed:       93632 kB
VmallocChunk:      50180 kB
Time pass: 208 sec

---2015-12-17 17:07:46
MemTotal:        1350964 kB
MemFree:           40884 kB
Buffers:            8092 kB
Cached:           499328 kB
SwapCached:            0 kB
Active:           727076 kB
Inactive:         301808 kB
Active(anon):     523500 kB
Inactive(anon):     2592 kB
Active(file):     203576 kB
Inactive(file):   299216 kB
Unevictable:        1988 kB
Mlocked:               0 kB
HighTotal:        802816 kB
HighFree:           1580 kB
LowTotal:         548148 kB
LowFree:           39304 kB
SwapTotal:             0 kB
SwapFree:              0 kB
Dirty:                 4 kB
Writeback:             0 kB
AnonPages:        523644 kB
Mapped:           223052 kB
Shmem:              2640 kB
Slab:              33396 kB
SReclaimable:      11812 kB
SUnreclaim:        21584 kB
KernelStack:        9328 kB
PageTables:        20128 kB
NFS_Unstable:          0 kB
Bounce:                0 kB
WritebackTmp:          0 kB
CommitLimit:      675480 kB
Committed_AS:   46834524 kB
VmallocTotal:     253952 kB
VmallocUsed:       93632 kB
VmallocChunk:      50180 kB
Time pass: 211 sec

---2015-12-17 17:07:46
MemTotal:        1350964 kB
MemFree:           41616 kB
Buffers:            8132 kB
Cached:           499440 kB
SwapCached:            0 kB
Active:           726928 kB
Inactive:         301948 kB
Active(anon):     523340 kB
Inactive(anon):     2592 kB
Active(file):     203588 kB
Inactive(file):   299356 kB
Unevictable:        1988 kB
Mlocked:               0 kB
HighTotal:        802816 kB
HighFree:           1456 kB
LowTotal:         548148 kB
LowFree:           40160 kB
SwapTotal:             0 kB
SwapFree:              0 kB
Dirty:                96 kB
Writeback:             0 kB
AnonPages:        523364 kB
Mapped:           222912 kB
Shmem:              2640 kB
Slab:              33500 kB
SReclaimable:      11812 kB
SUnreclaim:        21688 kB
KernelStack:        9384 kB
PageTables:        20160 kB
NFS_Unstable:          0 kB
Bounce:                0 kB
WritebackTmp:          0 kB
CommitLimit:      675480 kB
Committed_AS:   46837816 kB
VmallocTotal:     253952 kB
VmallocUsed:       93632 kB
VmallocChunk:      50180 kB
Time pass: 215 sec

---2015-12-17 17:07:46
MemTotal:        1350964 kB
MemFree:           41392 kB
Buffers:            8132 kB
Cached:           499440 kB
SwapCached:            0 kB
Active:           727028 kB
Inactive:         301948 kB
Active(anon):     523440 kB
Inactive(anon):     2592 kB
Active(file):     203588 kB
Inactive(file):   299356 kB
Unevictable:        1988 kB
Mlocked:               0 kB
HighTotal:        802816 kB
HighFree:           1580 kB
LowTotal:         548148 kB
LowFree:           39812 kB
SwapTotal:             0 kB
SwapFree:              0 kB
Dirty:                 4 kB
Writeback:             0 kB
AnonPages:        523492 kB
Mapped:           222960 kB
Shmem:              2640 kB
Slab:              33408 kB
SReclaimable:      11812 kB
SUnreclaim:        21596 kB
KernelStack:        9336 kB
PageTables:        20144 kB
NFS_Unstable:          0 kB
Bounce:                0 kB
WritebackTmp:          0 kB
CommitLimit:      675480 kB
Committed_AS:   46837912 kB
VmallocTotal:     253952 kB
VmallocUsed:       93632 kB
VmallocChunk:      50180 kB
Time pass: 218 sec

---2015-12-17 17:07:46
MemTotal:        1350964 kB
MemFree:           41952 kB
Buffers:            8156 kB
Cached:           499440 kB
SwapCached:            0 kB
Active:           726160 kB
Inactive:         301980 kB
Active(anon):     522572 kB
Inactive(anon):     2592 kB
Active(file):     203588 kB
Inactive(file):   299388 kB
Unevictable:        1988 kB
Mlocked:               0 kB
HighTotal:        802816 kB
HighFree:           1908 kB
LowTotal:         548148 kB
LowFree:           40044 kB
SwapTotal:             0 kB
SwapFree:              0 kB
Dirty:                64 kB
Writeback:             8 kB
AnonPages:        522412 kB
Mapped:           222812 kB
Shmem:              2640 kB
Slab:              33440 kB
SReclaimable:      11812 kB
SUnreclaim:        21628 kB
KernelStack:        9328 kB
PageTables:        20148 kB
NFS_Unstable:          0 kB
Bounce:                0 kB
WritebackTmp:          0 kB
CommitLimit:      675480 kB
Committed_AS:   46836964 kB
VmallocTotal:     253952 kB
VmallocUsed:       93632 kB
VmallocChunk:      50180 kB
Time pass: 222 sec

---2015-12-17 17:07:46
MemTotal:        1350964 kB
MemFree:           41892 kB
Buffers:            8156 kB
Cached:           499464 kB
SwapCached:            0 kB
Active:           725916 kB
Inactive:         301996 kB
Active(anon):     522328 kB
Inactive(anon):     2616 kB
Active(file):     203588 kB
Inactive(file):   299380 kB
Unevictable:        1988 kB
Mlocked:               0 kB
HighTotal:        802816 kB
HighFree:           1784 kB
LowTotal:         548148 kB
LowFree:           40108 kB
SwapTotal:             0 kB
SwapFree:              0 kB
Dirty:                68 kB
Writeback:             0 kB
AnonPages:        522356 kB
Mapped:           222984 kB
Shmem:              2664 kB
Slab:              33448 kB
SReclaimable:      11812 kB
SUnreclaim:        21636 kB
KernelStack:        9328 kB
PageTables:        20148 kB
NFS_Unstable:          0 kB
Bounce:                0 kB
WritebackTmp:          0 kB
CommitLimit:      675480 kB
Committed_AS:   46836956 kB
VmallocTotal:     253952 kB
VmallocUsed:       93632 kB
VmallocChunk:      50180 kB
Time pass: 225 sec

---2015-12-17 17:07:46
MemTotal:        1350964 kB
MemFree:           40500 kB
Buffers:            8164 kB
Cached:           499464 kB
SwapCached:            0 kB
Active:           727336 kB
Inactive:         302004 kB
Active(anon):     523748 kB
Inactive(anon):     2616 kB
Active(file):     203588 kB
Inactive(file):   299388 kB
Unevictable:        1988 kB
Mlocked:               0 kB
HighTotal:        802816 kB
HighFree:           1608 kB
LowTotal:         548148 kB
LowFree:           38892 kB
SwapTotal:             0 kB
SwapFree:              0 kB
Dirty:                40 kB
Writeback:             0 kB
AnonPages:        523872 kB
Mapped:           222984 kB
Shmem:              2664 kB
Slab:              33456 kB
SReclaimable:      11812 kB
SUnreclaim:        21644 kB
KernelStack:        9320 kB
PageTables:        20148 kB
NFS_Unstable:          0 kB
Bounce:                0 kB
WritebackTmp:          0 kB
CommitLimit:      675480 kB
Committed_AS:   46837848 kB
VmallocTotal:     253952 kB
VmallocUsed:       93632 kB
VmallocChunk:      50180 kB
Time pass: 229 sec

---2015-12-17 17:07:46
MemTotal:        1350964 kB
MemFree:           42716 kB
Buffers:            8164 kB
Cached:           499464 kB
SwapCached:            0 kB
Active:           726892 kB
Inactive:         302004 kB
Active(anon):     523304 kB
Inactive(anon):     2616 kB
Active(file):     203588 kB
Inactive(file):   299388 kB
Unevictable:        1988 kB
Mlocked:               0 kB
HighTotal:        802816 kB
HighFree:           1540 kB
LowTotal:         548148 kB
LowFree:           41176 kB
SwapTotal:             0 kB
SwapFree:              0 kB
Dirty:                 0 kB
Writeback:             0 kB
AnonPages:        523268 kB
Mapped:           222984 kB
Shmem:              2664 kB
Slab:              33512 kB
SReclaimable:      11812 kB
SUnreclaim:        21700 kB
KernelStack:        9312 kB
PageTables:        20148 kB
NFS_Unstable:          0 kB
Bounce:                0 kB
WritebackTmp:          0 kB
CommitLimit:      675480 kB
Committed_AS:   46837840 kB
VmallocTotal:     253952 kB
VmallocUsed:       93632 kB
VmallocChunk:      50180 kB
Time pass: 232 sec

---2015-12-17 17:07:46
MemTotal:        1350964 kB
MemFree:           41632 kB
Buffers:            8180 kB
Cached:           499464 kB
SwapCached:            0 kB
Active:           726512 kB
Inactive:         302020 kB
Active(anon):     522924 kB
Inactive(anon):     2616 kB
Active(file):     203588 kB
Inactive(file):   299404 kB
Unevictable:        1988 kB
Mlocked:               0 kB
HighTotal:        802816 kB
HighFree:           1672 kB
LowTotal:         548148 kB
LowFree:           39960 kB
SwapTotal:             0 kB
SwapFree:              0 kB
Dirty:                52 kB
Writeback:             0 kB
AnonPages:        522964 kB
Mapped:           222984 kB
Shmem:              2664 kB
Slab:              33536 kB
SReclaimable:      11812 kB
SUnreclaim:        21724 kB
KernelStack:        9312 kB
PageTables:        20148 kB
NFS_Unstable:          0 kB
Bounce:                0 kB
WritebackTmp:          0 kB
CommitLimit:      675480 kB
Committed_AS:   46836944 kB
VmallocTotal:     253952 kB
VmallocUsed:       93632 kB
VmallocChunk:      50180 kB
Time pass: 236 sec

---2015-12-17 17:07:46
MemTotal:        1350964 kB
MemFree:           40840 kB
Buffers:            8188 kB
Cached:           499488 kB
SwapCached:            0 kB
Active:           726884 kB
Inactive:         302052 kB
Active(anon):     523296 kB
Inactive(anon):     2640 kB
Active(file):     203588 kB
Inactive(file):   299412 kB
Unevictable:        1988 kB
Mlocked:               0 kB
HighTotal:        802816 kB
HighFree:           1592 kB
LowTotal:         548148 kB
LowFree:           39248 kB
SwapTotal:             0 kB
SwapFree:              0 kB
Dirty:                32 kB
Writeback:             0 kB
AnonPages:        523416 kB
Mapped:           223008 kB
Shmem:              2688 kB
Slab:              33468 kB
SReclaimable:      11812 kB
SUnreclaim:        21656 kB
KernelStack:        9312 kB
PageTables:        20148 kB
NFS_Unstable:          0 kB
Bounce:                0 kB
WritebackTmp:          0 kB
CommitLimit:      675480 kB
Committed_AS:   46837856 kB
VmallocTotal:     253952 kB
VmallocUsed:       93632 kB
VmallocChunk:      50180 kB
Time pass: 240 sec

---2015-12-17 17:07:46
MemTotal:        1350964 kB
MemFree:           39884 kB
Buffers:            8188 kB
Cached:           499488 kB
SwapCached:            0 kB
Active:           727264 kB
Inactive:         302052 kB
Active(anon):     523676 kB
Inactive(anon):     2640 kB
Active(file):     203588 kB
Inactive(file):   299412 kB
Unevictable:        1988 kB
Mlocked:               0 kB
HighTotal:        802816 kB
HighFree:           1608 kB
LowTotal:         548148 kB
LowFree:           38276 kB
SwapTotal:             0 kB
SwapFree:              0 kB
Dirty:                36 kB
Writeback:             0 kB
AnonPages:        523544 kB
Mapped:           222960 kB
Shmem:              2688 kB
Slab:              33480 kB
SReclaimable:      11812 kB
SUnreclaim:        21668 kB
KernelStack:        9296 kB
PageTables:        20132 kB
NFS_Unstable:          0 kB
Bounce:                0 kB
WritebackTmp:          0 kB
CommitLimit:      675480 kB
Committed_AS:   46837856 kB
VmallocTotal:     253952 kB
VmallocUsed:       93632 kB
VmallocChunk:      50180 kB
Time pass: 244 sec

---2015-12-17 17:07:46
MemTotal:        1350964 kB
MemFree:           40568 kB
Buffers:            8196 kB
Cached:           499488 kB
SwapCached:            0 kB
Active:           727636 kB
Inactive:         302060 kB
Active(anon):     524048 kB
Inactive(anon):     2640 kB
Active(file):     203588 kB
Inactive(file):   299420 kB
Unevictable:        1988 kB
Mlocked:               0 kB
HighTotal:        802816 kB
HighFree:           1532 kB
LowTotal:         548148 kB
LowFree:           39036 kB
SwapTotal:             0 kB
SwapFree:              0 kB
Dirty:                24 kB
Writeback:             0 kB
AnonPages:        524052 kB
Mapped:           222860 kB
Shmem:              2688 kB
Slab:              33552 kB
SReclaimable:      11812 kB
SUnreclaim:        21740 kB
KernelStack:        9312 kB
PageTables:        20148 kB
NFS_Unstable:          0 kB
Bounce:                0 kB
WritebackTmp:          0 kB
CommitLimit:      675480 kB
Committed_AS:   46837824 kB
VmallocTotal:     253952 kB
VmallocUsed:       93632 kB
VmallocChunk:      50180 kB
Time pass: 247 sec

---2015-12-17 17:07:46
MemTotal:        1350964 kB
MemFree:           41380 kB
Buffers:            8212 kB
Cached:           499488 kB
SwapCached:            0 kB
Active:           727500 kB
Inactive:         302076 kB
Active(anon):     523912 kB
Inactive(anon):     2640 kB
Active(file):     203588 kB
Inactive(file):   299436 kB
Unevictable:        1988 kB
Mlocked:               0 kB
HighTotal:        802816 kB
HighFree:           1580 kB
LowTotal:         548148 kB
LowFree:           39800 kB
SwapTotal:             0 kB
SwapFree:              0 kB
Dirty:                 0 kB
Writeback:             0 kB
AnonPages:        524040 kB
Mapped:           223008 kB
Shmem:              2688 kB
Slab:              33516 kB
SReclaimable:      11812 kB
SUnreclaim:        21704 kB
KernelStack:        9312 kB
PageTables:        20148 kB
NFS_Unstable:          0 kB
Bounce:                0 kB
WritebackTmp:          0 kB
CommitLimit:      675480 kB
Committed_AS:   46837844 kB
VmallocTotal:     253952 kB
VmallocUsed:       93632 kB
VmallocChunk:      50180 kB
Time pass: 251 sec

---2015-12-17 17:07:46
MemTotal:        1350964 kB
MemFree:           40496 kB
Buffers:            8220 kB
Cached:           499488 kB
SwapCached:            0 kB
Active:           727704 kB
Inactive:         302076 kB
Active(anon):     524116 kB
Inactive(anon):     2640 kB
Active(file):     203588 kB
Inactive(file):   299436 kB
Unevictable:        1988 kB
Mlocked:               0 kB
HighTotal:        802816 kB
HighFree:           1580 kB
LowTotal:         548148 kB
LowFree:           38916 kB
SwapTotal:             0 kB
SwapFree:              0 kB
Dirty:                28 kB
Writeback:             0 kB
AnonPages:        524036 kB
Mapped:           222960 kB
Shmem:              2688 kB
Slab:              33476 kB
SReclaimable:      11812 kB
SUnreclaim:        21664 kB
KernelStack:        9296 kB
PageTables:        20132 kB
NFS_Unstable:          0 kB
Bounce:                0 kB
WritebackTmp:          0 kB
CommitLimit:      675480 kB
Committed_AS:   46837864 kB
VmallocTotal:     253952 kB
VmallocUsed:       93632 kB
VmallocChunk:      50180 kB
Time pass: 255 sec

---2015-12-17 17:07:46
MemTotal:        1350964 kB
MemFree:           38852 kB
Buffers:            8220 kB
Cached:           499488 kB
SwapCached:            0 kB
Active:           728096 kB
Inactive:         302084 kB
Active(anon):     524508 kB
Inactive(anon):     2640 kB
Active(file):     203588 kB
Inactive(file):   299444 kB
Unevictable:        1988 kB
Mlocked:               0 kB
HighTotal:        802816 kB
HighFree:           1588 kB
LowTotal:         548148 kB
LowFree:           37264 kB
SwapTotal:             0 kB
SwapFree:              0 kB
Dirty:                36 kB
Writeback:             0 kB
AnonPages:        524444 kB
Mapped:           223008 kB
Shmem:              2688 kB
Slab:              33432 kB
SReclaimable:      11812 kB
SUnreclaim:        21620 kB
KernelStack:        9312 kB
PageTables:        20148 kB
NFS_Unstable:          0 kB
Bounce:                0 kB
WritebackTmp:          0 kB
CommitLimit:      675480 kB
Committed_AS:   46837872 kB
VmallocTotal:     253952 kB
VmallocUsed:       93632 kB
VmallocChunk:      50180 kB
Time pass: 258 sec

---2015-12-17 17:07:46
MemTotal:        1350964 kB
MemFree:           41568 kB
Buffers:            8244 kB
Cached:           499488 kB
SwapCached:            0 kB
Active:           727440 kB
Inactive:         302108 kB
Active(anon):     523852 kB
Inactive(anon):     2640 kB
Active(file):     203588 kB
Inactive(file):   299468 kB
Unevictable:        1988 kB
Mlocked:               0 kB
HighTotal:        802816 kB
HighFree:           1580 kB
LowTotal:         548148 kB
LowFree:           39988 kB
SwapTotal:             0 kB
SwapFree:              0 kB
Dirty:                52 kB
Writeback:             0 kB
AnonPages:        523920 kB
Mapped:           223008 kB
Shmem:              2688 kB
Slab:              33504 kB
SReclaimable:      11812 kB
SUnreclaim:        21692 kB
KernelStack:        9312 kB
PageTables:        20144 kB
NFS_Unstable:          0 kB
Bounce:                0 kB
WritebackTmp:          0 kB
CommitLimit:      675480 kB
Committed_AS:   46837856 kB
VmallocTotal:     253952 kB
VmallocUsed:       93632 kB
VmallocChunk:      50180 kB
Time pass: 262 sec

---2015-12-17 17:07:46
MemTotal:        1350964 kB
MemFree:           40664 kB
Buffers:            8244 kB
Cached:           499488 kB
SwapCached:            0 kB
Active:           728024 kB
Inactive:         302108 kB
Active(anon):     524436 kB
Inactive(anon):     2640 kB
Active(file):     203588 kB
Inactive(file):   299468 kB
Unevictable:        1988 kB
Mlocked:               0 kB
HighTotal:        802816 kB
HighFree:           1496 kB
LowTotal:         548148 kB
LowFree:           39168 kB
SwapTotal:             0 kB
SwapFree:              0 kB
Dirty:                52 kB
Writeback:             0 kB
AnonPages:        524416 kB
Mapped:           222860 kB
Shmem:              2688 kB
Slab:              33516 kB
SReclaimable:      11812 kB
SUnreclaim:        21704 kB
KernelStack:        9312 kB
PageTables:        20148 kB
NFS_Unstable:          0 kB
Bounce:                0 kB
WritebackTmp:          0 kB
CommitLimit:      675480 kB
Committed_AS:   46837876 kB
VmallocTotal:     253952 kB
VmallocUsed:       93632 kB
VmallocChunk:      50180 kB
Time pass: 265 sec

---2015-12-17 17:07:46
MemTotal:        1350964 kB
MemFree:           41848 kB
Buffers:            8252 kB
Cached:           499496 kB
SwapCached:            0 kB
Active:           727200 kB
Inactive:         302124 kB
Active(anon):     523612 kB
Inactive(anon):     2640 kB
Active(file):     203588 kB
Inactive(file):   299484 kB
Unevictable:        1988 kB
Mlocked:               0 kB
HighTotal:        802816 kB
HighFree:           1532 kB
LowTotal:         548148 kB
LowFree:           40316 kB
SwapTotal:             0 kB
SwapFree:              0 kB
Dirty:                28 kB
Writeback:             0 kB
AnonPages:        523996 kB
Mapped:           223024 kB
Shmem:              2688 kB
Slab:              33496 kB
SReclaimable:      11812 kB
SUnreclaim:        21684 kB
KernelStack:        9312 kB
PageTables:        20148 kB
NFS_Unstable:          0 kB
Bounce:                0 kB
WritebackTmp:          0 kB
CommitLimit:      675480 kB
Committed_AS:   46837876 kB
VmallocTotal:     253952 kB
VmallocUsed:       93632 kB
VmallocChunk:      50180 kB
Time pass: 269 sec

---2015-12-17 17:07:46
MemTotal:        1350964 kB
MemFree:           39804 kB
Buffers:            8252 kB
Cached:           499496 kB
SwapCached:            0 kB
Active:           728376 kB
Inactive:         302124 kB
Active(anon):     524788 kB
Inactive(anon):     2640 kB
Active(file):     203588 kB
Inactive(file):   299484 kB
Unevictable:        1988 kB
Mlocked:               0 kB
HighTotal:        802816 kB
HighFree:           1628 kB
LowTotal:         548148 kB
LowFree:           38176 kB
SwapTotal:             0 kB
SwapFree:              0 kB
Dirty:                28 kB
Writeback:             0 kB
AnonPages:        524792 kB
Mapped:           222976 kB
Shmem:              2688 kB
Slab:              33520 kB
SReclaimable:      11812 kB
SUnreclaim:        21708 kB
KernelStack:        9296 kB
PageTables:        20132 kB
NFS_Unstable:          0 kB
Bounce:                0 kB
WritebackTmp:          0 kB
CommitLimit:      675480 kB
Committed_AS:   46837884 kB
VmallocTotal:     253952 kB
VmallocUsed:       93632 kB
VmallocChunk:      50180 kB
Time pass: 273 sec

---2015-12-17 17:07:46
MemTotal:        1350964 kB
MemFree:           38820 kB
Buffers:            8252 kB
Cached:           499496 kB
SwapCached:            0 kB
Active:           728480 kB
Inactive:         302124 kB
Active(anon):     524892 kB
Inactive(anon):     2640 kB
Active(file):     203588 kB
Inactive(file):   299484 kB
Unevictable:        1988 kB
Mlocked:               0 kB
HighTotal:        802816 kB
HighFree:           1608 kB
LowTotal:         548148 kB
LowFree:           37212 kB
SwapTotal:             0 kB
SwapFree:              0 kB
Dirty:                 8 kB
Writeback:             0 kB
AnonPages:        525028 kB
Mapped:           222876 kB
Shmem:              2688 kB
Slab:              33516 kB
SReclaimable:      11812 kB
SUnreclaim:        21704 kB
KernelStack:        9312 kB
PageTables:        20148 kB
NFS_Unstable:          0 kB
Bounce:                0 kB
WritebackTmp:          0 kB
CommitLimit:      675480 kB
Committed_AS:   46837872 kB
VmallocTotal:     253952 kB
VmallocUsed:       93632 kB
VmallocChunk:      50180 kB
Time pass: 276 sec

---2015-12-17 17:07:46
MemTotal:        1350964 kB
MemFree:           39888 kB
Buffers:            8268 kB
Cached:           499520 kB
SwapCached:            0 kB
Active:           727600 kB
Inactive:         302164 kB
Active(anon):     524012 kB
Inactive(anon):     2640 kB
Active(file):     203588 kB
Inactive(file):   299524 kB
Unevictable:        1988 kB
Mlocked:               0 kB
HighTotal:        802816 kB
HighFree:           2184 kB
LowTotal:         548148 kB
LowFree:           37704 kB
SwapTotal:             0 kB
SwapFree:              0 kB
Dirty:                 0 kB
Writeback:             0 kB
AnonPages:        524176 kB
Mapped:           223028 kB
Shmem:              2688 kB
Slab:              33508 kB
SReclaimable:      11812 kB
SUnreclaim:        21696 kB
KernelStack:        9312 kB
PageTables:        20148 kB
NFS_Unstable:          0 kB
Bounce:                0 kB
WritebackTmp:          0 kB
CommitLimit:      675480 kB
Committed_AS:   46836964 kB
VmallocTotal:     253952 kB
VmallocUsed:       93632 kB
VmallocChunk:      50180 kB
Time pass: 280 sec

---2015-12-17 17:07:46
MemTotal:        1350964 kB
MemFree:           40392 kB
Buffers:            8276 kB
Cached:           499520 kB
SwapCached:            0 kB
Active:           727652 kB
Inactive:         302172 kB
Active(anon):     524064 kB
Inactive(anon):     2640 kB
Active(file):     203588 kB
Inactive(file):   299532 kB
Unevictable:        1988 kB
Mlocked:               0 kB
HighTotal:        802816 kB
HighFree:           1656 kB
LowTotal:         548148 kB
LowFree:           38736 kB
SwapTotal:             0 kB
SwapFree:              0 kB
Dirty:                52 kB
Writeback:             0 kB
AnonPages:        524096 kB
Mapped:           223028 kB
Shmem:              2688 kB
Slab:              33464 kB
SReclaimable:      11812 kB
SUnreclaim:        21652 kB
KernelStack:        9312 kB
PageTables:        20148 kB
NFS_Unstable:          0 kB
Bounce:                0 kB
WritebackTmp:          0 kB
CommitLimit:      675480 kB
Committed_AS:   46837888 kB
VmallocTotal:     253952 kB
VmallocUsed:       93632 kB
VmallocChunk:      50180 kB
Time pass: 284 sec

---2015-12-17 17:07:46
MemTotal:        1350964 kB
MemFree:           41888 kB
Buffers:            8284 kB
Cached:           499520 kB
SwapCached:            0 kB
Active:           727348 kB
Inactive:         302180 kB
Active(anon):     523760 kB
Inactive(anon):     2640 kB
Active(file):     203588 kB
Inactive(file):   299540 kB
Unevictable:        1988 kB
Mlocked:               0 kB
HighTotal:        802816 kB
HighFree:           1580 kB
LowTotal:         548148 kB
LowFree:           40308 kB
SwapTotal:             0 kB
SwapFree:              0 kB
Dirty:                28 kB
Writeback:             0 kB
AnonPages:        523988 kB
Mapped:           222880 kB
Shmem:              2688 kB
Slab:              33496 kB
SReclaimable:      11812 kB
SUnreclaim:        21684 kB
KernelStack:        9312 kB
PageTables:        20148 kB
NFS_Unstable:          0 kB
Bounce:                0 kB
WritebackTmp:          0 kB
CommitLimit:      675480 kB
Committed_AS:   46837880 kB
VmallocTotal:     253952 kB
VmallocUsed:       93632 kB
VmallocChunk:      50180 kB
Time pass: 287 sec

---2015-12-17 17:07:46
MemTotal:        1350964 kB
MemFree:           40472 kB
Buffers:            8300 kB
Cached:           499520 kB
SwapCached:            0 kB
Active:           726820 kB
Inactive:         302196 kB
Active(anon):     523232 kB
Inactive(anon):     2640 kB
Active(file):     203588 kB
Inactive(file):   299556 kB
Unevictable:        1988 kB
Mlocked:               0 kB
HighTotal:        802816 kB
HighFree:           1612 kB
LowTotal:         548148 kB
LowFree:           38860 kB
SwapTotal:             0 kB
SwapFree:              0 kB
Dirty:                60 kB
Writeback:             0 kB
AnonPages:        523080 kB
Mapped:           223028 kB
Shmem:              2688 kB
Slab:              33568 kB
SReclaimable:      11812 kB
SUnreclaim:        21756 kB
KernelStack:        9328 kB
PageTables:        20176 kB
NFS_Unstable:          0 kB
Bounce:                0 kB
WritebackTmp:          0 kB
CommitLimit:      675480 kB
Committed_AS:   46837892 kB
VmallocTotal:     253952 kB
VmallocUsed:       93632 kB
VmallocChunk:      50180 kB
Time pass: 291 sec

---2015-12-17 17:07:46
MemTotal:        1350964 kB
MemFree:           40820 kB
Buffers:            8300 kB
Cached:           499668 kB
SwapCached:            0 kB
Active:           727708 kB
Inactive:         302296 kB
Active(anon):     524120 kB
Inactive(anon):     2640 kB
Active(file):     203588 kB
Inactive(file):   299656 kB
Unevictable:        1988 kB
Mlocked:               0 kB
HighTotal:        802816 kB
HighFree:           1536 kB
LowTotal:         548148 kB
LowFree:           39284 kB
SwapTotal:             0 kB
SwapFree:              0 kB
Dirty:               152 kB
Writeback:             0 kB
AnonPages:        524096 kB
Mapped:           223028 kB
Shmem:              2688 kB
Slab:              33608 kB
SReclaimable:      11812 kB
SUnreclaim:        21796 kB
KernelStack:        9312 kB
PageTables:        20148 kB
NFS_Unstable:          0 kB
Bounce:                0 kB
WritebackTmp:          0 kB
CommitLimit:      675480 kB
Committed_AS:   46837912 kB
VmallocTotal:     253952 kB
VmallocUsed:       93632 kB
VmallocChunk:      50180 kB
Time pass: 294 sec

---2015-12-17 17:07:46
MemTotal:        1350964 kB
MemFree:           41040 kB
Buffers:            8308 kB
Cached:           499628 kB
SwapCached:            0 kB
Active:           726296 kB
Inactive:         302308 kB
Active(anon):     522704 kB
Inactive(anon):     2640 kB
Active(file):     203592 kB
Inactive(file):   299668 kB
Unevictable:        1988 kB
Mlocked:               0 kB
HighTotal:        802816 kB
HighFree:           2224 kB
LowTotal:         548148 kB
LowFree:           38816 kB
SwapTotal:             0 kB
SwapFree:              0 kB
Dirty:               184 kB
Writeback:             0 kB
AnonPages:        522840 kB
Mapped:           223032 kB
Shmem:              2688 kB
Slab:              33728 kB
SReclaimable:      11812 kB
SUnreclaim:        21916 kB
KernelStack:        9312 kB
PageTables:        20148 kB
NFS_Unstable:          0 kB
Bounce:                0 kB
WritebackTmp:          0 kB
CommitLimit:      675480 kB
Committed_AS:   46837028 kB
VmallocTotal:     253952 kB
VmallocUsed:       93632 kB
VmallocChunk:      50180 kB
Time pass: 298 sec

---2015-12-17 17:07:46
MemTotal:        1350964 kB
MemFree:           38900 kB
Buffers:            8316 kB
Cached:           499748 kB
SwapCached:            0 kB
Active:           727992 kB
Inactive:         302424 kB
Active(anon):     524388 kB
Inactive(anon):     2640 kB
Active(file):     203604 kB
Inactive(file):   299784 kB
Unevictable:        1988 kB
Mlocked:               0 kB
HighTotal:        802816 kB
HighFree:           1524 kB
LowTotal:         548148 kB
LowFree:           37376 kB
SwapTotal:             0 kB
SwapFree:              0 kB
Dirty:                64 kB
Writeback:             0 kB
AnonPages:        524308 kB
Mapped:           223056 kB
Shmem:              2688 kB
Slab:              33672 kB
SReclaimable:      11812 kB
SUnreclaim:        21860 kB
KernelStack:        9312 kB
PageTables:        20148 kB
NFS_Unstable:          0 kB
Bounce:                0 kB
WritebackTmp:          0 kB
CommitLimit:      675480 kB
Committed_AS:   46837948 kB
VmallocTotal:     253952 kB
VmallocUsed:       93632 kB
VmallocChunk:      50180 kB
Time pass: 301 sec

---2015-12-17 17:07:46
MemTotal:        1350964 kB
MemFree:           40436 kB
Buffers:            8332 kB
Cached:           499740 kB
SwapCached:            0 kB
Active:           727804 kB
Inactive:         302432 kB
Active(anon):     524200 kB
Inactive(anon):     2640 kB
Active(file):     203604 kB
Inactive(file):   299792 kB
Unevictable:        1988 kB
Mlocked:               0 kB
HighTotal:        802816 kB
HighFree:           1560 kB
LowTotal:         548148 kB
LowFree:           38876 kB
SwapTotal:             0 kB
SwapFree:              0 kB
Dirty:                64 kB
Writeback:             0 kB
AnonPages:        524088 kB
Mapped:           223056 kB
Shmem:              2688 kB
Slab:              33592 kB
SReclaimable:      11812 kB
SUnreclaim:        21780 kB
KernelStack:        9312 kB
PageTables:        20148 kB
NFS_Unstable:          0 kB
Bounce:                0 kB
WritebackTmp:          0 kB
CommitLimit:      675480 kB
Committed_AS:   46837948 kB
VmallocTotal:     253952 kB
VmallocUsed:       93632 kB
VmallocChunk:      50180 kB
Time pass: 305 sec

---2015-12-17 17:07:46
MemTotal:        1350964 kB
MemFree:           39740 kB
Buffers:            8340 kB
Cached:           499756 kB
SwapCached:            0 kB
Active:           728128 kB
Inactive:         302348 kB
Active(anon):     524416 kB
Inactive(anon):     2640 kB
Active(file):     203712 kB
Inactive(file):   299708 kB
Unevictable:        1988 kB
Mlocked:               0 kB
HighTotal:        802816 kB
HighFree:           1508 kB
LowTotal:         548148 kB
LowFree:           38232 kB
SwapTotal:             0 kB
SwapFree:              0 kB
Dirty:               184 kB
Writeback:             0 kB
AnonPages:        524500 kB
Mapped:           223008 kB
Shmem:              2688 kB
Slab:              33496 kB
SReclaimable:      11812 kB
SUnreclaim:        21684 kB
KernelStack:        9312 kB
PageTables:        20132 kB
NFS_Unstable:          0 kB
Bounce:                0 kB
WritebackTmp:          0 kB
CommitLimit:      675480 kB
Committed_AS:   46837948 kB
VmallocTotal:     253952 kB
VmallocUsed:       93632 kB
VmallocChunk:      50180 kB
Time pass: 309 sec

---2015-12-17 17:07:46
MemTotal:        1350964 kB
MemFree:           40188 kB
Buffers:            8348 kB
Cached:           499756 kB
SwapCached:            0 kB
Active:           727320 kB
Inactive:         302348 kB
Active(anon):     523608 kB
Inactive(anon):     2640 kB
Active(file):     203712 kB
Inactive(file):   299708 kB
Unevictable:        1988 kB
Mlocked:               0 kB
HighTotal:        802816 kB
HighFree:           1572 kB
LowTotal:         548148 kB
LowFree:           38616 kB
SwapTotal:             0 kB
SwapFree:              0 kB
Dirty:                24 kB
Writeback:             0 kB
AnonPages:        523848 kB
Mapped:           222908 kB
Shmem:              2688 kB
Slab:              33532 kB
SReclaimable:      11812 kB
SUnreclaim:        21720 kB
KernelStack:        9312 kB
PageTables:        20148 kB
NFS_Unstable:          0 kB
Bounce:                0 kB
WritebackTmp:          0 kB
CommitLimit:      675480 kB
Committed_AS:   46837044 kB
VmallocTotal:     253952 kB
VmallocUsed:       93632 kB
VmallocChunk:      50180 kB
Time pass: 312 sec

---2015-12-17 17:07:46
MemTotal:        1350964 kB
MemFree:           40520 kB
Buffers:            8348 kB
Cached:           499756 kB
SwapCached:            0 kB
Active:           728120 kB
Inactive:         302356 kB
Active(anon):     524408 kB
Inactive(anon):     2640 kB
Active(file):     203712 kB
Inactive(file):   299716 kB
Unevictable:        1988 kB
Mlocked:               0 kB
HighTotal:        802816 kB
HighFree:           1488 kB
LowTotal:         548148 kB
LowFree:           39032 kB
SwapTotal:             0 kB
SwapFree:              0 kB
Dirty:                24 kB
Writeback:             0 kB
AnonPages:        524728 kB
Mapped:           223056 kB
Shmem:              2688 kB
Slab:              33524 kB
SReclaimable:      11812 kB
SUnreclaim:        21712 kB
KernelStack:        9312 kB
PageTables:        20148 kB
NFS_Unstable:          0 kB
Bounce:                0 kB
WritebackTmp:          0 kB
CommitLimit:      675480 kB
Committed_AS:   46837944 kB
VmallocTotal:     253952 kB
VmallocUsed:       93632 kB
VmallocChunk:      50180 kB
Time pass: 316 sec

---2015-12-17 17:07:46
MemTotal:        1350964 kB
MemFree:           40700 kB
Buffers:            8372 kB
Cached:           499768 kB
SwapCached:            0 kB
Active:           727628 kB
Inactive:         302380 kB
Active(anon):     523904 kB
Inactive(anon):     2640 kB
Active(file):     203724 kB
Inactive(file):   299740 kB
Unevictable:        1988 kB
Mlocked:               0 kB
HighTotal:        802816 kB
HighFree:           1580 kB
LowTotal:         548148 kB
LowFree:           39120 kB
SwapTotal:             0 kB
SwapFree:              0 kB
Dirty:               216 kB
Writeback:             0 kB
AnonPages:        524244 kB
Mapped:           222908 kB
Shmem:              2688 kB
Slab:              33536 kB
SReclaimable:      11812 kB
SUnreclaim:        21724 kB
KernelStack:        9312 kB
PageTables:        20148 kB
NFS_Unstable:          0 kB
Bounce:                0 kB
WritebackTmp:          0 kB
CommitLimit:      675480 kB
Committed_AS:   46837936 kB
VmallocTotal:     253952 kB
VmallocUsed:       93632 kB
VmallocChunk:      50180 kB
Time pass: 319 sec

---2015-12-17 17:07:46
MemTotal:        1350964 kB
MemFree:           40188 kB
Buffers:            8380 kB
Cached:           499760 kB
SwapCached:            0 kB
Active:           728400 kB
Inactive:         302380 kB
Active(anon):     524676 kB
Inactive(anon):     2640 kB
Active(file):     203724 kB
Inactive(file):   299740 kB
Unevictable:        1988 kB
Mlocked:               0 kB
HighTotal:        802816 kB
HighFree:           1488 kB
LowTotal:         548148 kB
LowFree:           38700 kB
SwapTotal:             0 kB
SwapFree:              0 kB
Dirty:                 8 kB
Writeback:             0 kB
AnonPages:        524980 kB
Mapped:           223056 kB
Shmem:              2688 kB
Slab:              33528 kB
SReclaimable:      11812 kB
SUnreclaim:        21716 kB
KernelStack:        9312 kB
PageTables:        20148 kB
NFS_Unstable:          0 kB
Bounce:                0 kB
WritebackTmp:          0 kB
CommitLimit:      675480 kB
Committed_AS:   46837940 kB
VmallocTotal:     253952 kB
VmallocUsed:       93632 kB
VmallocChunk:      50180 kB
Time pass: 323 sec

---2015-12-17 17:07:46
MemTotal:        1350964 kB
MemFree:           39032 kB
Buffers:            8380 kB
Cached:           499768 kB
SwapCached:            0 kB
Active:           728476 kB
Inactive:         302388 kB
Active(anon):     524752 kB
Inactive(anon):     2640 kB
Active(file):     203724 kB
Inactive(file):   299748 kB
Unevictable:        1988 kB
Mlocked:               0 kB
HighTotal:        802816 kB
HighFree:           1560 kB
LowTotal:         548148 kB
LowFree:           37472 kB
SwapTotal:             0 kB
SwapFree:              0 kB
Dirty:                68 kB
Writeback:             0 kB
AnonPages:        524760 kB
Mapped:           223008 kB
