---2015-10-25 15:24:01
MemTotal:        2582696 kB
MemFree:          134136 kB
Buffers:           30256 kB
Cached:          1102924 kB
SwapCached:           52 kB
Active:          1592924 kB
Inactive:         355148 kB
Active(anon):     650960 kB
Inactive(anon):   168324 kB
Active(file):     941964 kB
Inactive(file):   186824 kB
Unevictable:        3920 kB
Mlocked:               0 kB
SwapTotal:        524284 kB
SwapFree:         504904 kB
Dirty:              7244 kB
Writeback:             0 kB
AnonPages:        818936 kB
Mapped:           281088 kB
Shmem:               472 kB
Slab:             106440 kB
SReclaimable:      33944 kB
SUnreclaim:        72496 kB
KernelStack:       33360 kB
PageTables:        33800 kB
NFS_Unstable:          0 kB
Bounce:                0 kB
WritebackTmp:          0 kB
CommitLimit:     1815632 kB
Committed_AS:   95182216 kB
VmallocTotal:   251658176 kB
VmallocUsed:      107236 kB
VmallocChunk:   251443108 kB
Time pass: 3 sec

---2015-10-25 15:24:01
MemTotal:        2582696 kB
MemFree:          134124 kB
Buffers:           30256 kB
Cached:          1102924 kB
SwapCached:           52 kB
Active:          1593460 kB
Inactive:         355148 kB
Active(anon):     651496 kB
Inactive(anon):   168324 kB
Active(file):     941964 kB
Inactive(file):   186824 kB
Unevictable:        3920 kB
Mlocked:               0 kB
SwapTotal:        524284 kB
SwapFree:         504904 kB
Dirty:              7244 kB
Writeback:             0 kB
AnonPages:        819348 kB
Mapped:           281172 kB
Shmem:               472 kB
Slab:             106448 kB
SReclaimable:      33944 kB
SUnreclaim:        72504 kB
KernelStack:       33360 kB
PageTables:        33832 kB
NFS_Unstable:          0 kB
Bounce:                0 kB
WritebackTmp:          0 kB
CommitLimit:     1815632 kB
Committed_AS:   95182216 kB
VmallocTotal:   251658176 kB
VmallocUsed:      107236 kB
VmallocChunk:   251443108 kB
Time pass: 7 sec

---2015-10-25 15:24:01
MemTotal:        2582696 kB
MemFree:          135316 kB
Buffers:           30256 kB
Cached:          1102924 kB
SwapCached:           52 kB
Active:          1593436 kB
Inactive:         355148 kB
Active(anon):     651472 kB
Inactive(anon):   168324 kB
Active(file):     941964 kB
Inactive(file):   186824 kB
Unevictable:        3920 kB
Mlocked:               0 kB
SwapTotal:        524284 kB
SwapFree:         504904 kB
Dirty:              7244 kB
Writeback:             0 kB
AnonPages:        819444 kB
Mapped:           281088 kB
Shmem:               472 kB
Slab:             106440 kB
SReclaimable:      33944 kB
SUnreclaim:        72496 kB
KernelStack:       33376 kB
PageTables:        33800 kB
NFS_Unstable:          0 kB
Bounce:                0 kB
WritebackTmp:          0 kB
CommitLimit:     1815632 kB
Committed_AS:   95182200 kB
VmallocTotal:   251658176 kB
VmallocUsed:      107236 kB
VmallocChunk:   251443108 kB
Time pass: 10 sec

---2015-10-25 15:24:01
MemTotal:        2582696 kB
MemFree:          135716 kB
Buffers:           30256 kB
Cached:          1102928 kB
SwapCached:           52 kB
Active:          1593608 kB
Inactive:         355152 kB
Active(anon):     651644 kB
Inactive(anon):   168324 kB
Active(file):     941964 kB
Inactive(file):   186828 kB
Unevictable:        3920 kB
Mlocked:               0 kB
SwapTotal:        524284 kB
SwapFree:         504904 kB
Dirty:              7248 kB
Writeback:             0 kB
AnonPages:        819520 kB
Mapped:           281172 kB
Shmem:               472 kB
Slab:             106440 kB
SReclaimable:      33944 kB
SUnreclaim:        72496 kB
KernelStack:       33360 kB
PageTables:        33828 kB
NFS_Unstable:          0 kB
Bounce:                0 kB
WritebackTmp:          0 kB
CommitLimit:     1815632 kB
Committed_AS:   95182216 kB
VmallocTotal:   251658176 kB
VmallocUsed:      107236 kB
VmallocChunk:   251443108 kB
Time pass: 14 sec

---2015-10-25 15:24:01
MemTotal:        2582696 kB
MemFree:          136012 kB
Buffers:           30256 kB
Cached:          1102928 kB
SwapCached:           52 kB
Active:          1593756 kB
Inactive:         355152 kB
Active(anon):     651792 kB
Inactive(anon):   168324 kB
Active(file):     941964 kB
Inactive(file):   186828 kB
Unevictable:        3920 kB
Mlocked:               0 kB
SwapTotal:        524284 kB
SwapFree:         504904 kB
Dirty:              7264 kB
Writeback:             0 kB
AnonPages:        819652 kB
Mapped:           280952 kB
Shmem:               472 kB
Slab:             106440 kB
SReclaimable:      33944 kB
SUnreclaim:        72496 kB
KernelStack:       33360 kB
PageTables:        33828 kB
NFS_Unstable:          0 kB
Bounce:                0 kB
WritebackTmp:          0 kB
CommitLimit:     1815632 kB
Committed_AS:   95182208 kB
VmallocTotal:   251658176 kB
VmallocUsed:      107236 kB
VmallocChunk:   251443108 kB
Time pass: 18 sec

---2015-10-25 15:24:01
MemTotal:        2582696 kB
MemFree:          137140 kB
Buffers:           30256 kB
Cached:          1102928 kB
SwapCached:           52 kB
Active:          1593908 kB
Inactive:         355152 kB
Active(anon):     651944 kB
Inactive(anon):   168324 kB
Active(file):     941964 kB
Inactive(file):   186828 kB
Unevictable:        3920 kB
Mlocked:               0 kB
SwapTotal:        524284 kB
SwapFree:         504904 kB
Dirty:              7240 kB
Writeback:             0 kB
AnonPages:        819876 kB
Mapped:           280868 kB
Shmem:               472 kB
Slab:             106440 kB
SReclaimable:      33944 kB
SUnreclaim:        72496 kB
KernelStack:       33376 kB
PageTables:        33804 kB
NFS_Unstable:          0 kB
Bounce:                0 kB
WritebackTmp:          0 kB
CommitLimit:     1815632 kB
Committed_AS:   95182208 kB
VmallocTotal:   251658176 kB
VmallocUsed:      107236 kB
VmallocChunk:   251443108 kB
Time pass: 22 sec

---2015-10-25 15:24:01
MemTotal:        2582696 kB
MemFree:          137284 kB
Buffers:           30256 kB
Cached:          1102928 kB
SwapCached:           52 kB
Active:          1594668 kB
Inactive:         355152 kB
Active(anon):     652704 kB
Inactive(anon):   168324 kB
Active(file):     941964 kB
Inactive(file):   186828 kB
Unevictable:        3920 kB
Mlocked:               0 kB
SwapTotal:        524284 kB
SwapFree:         504904 kB
Dirty:              7244 kB
Writeback:             0 kB
AnonPages:        820544 kB
Mapped:           281088 kB
Shmem:               472 kB
Slab:             106416 kB
SReclaimable:      33944 kB
SUnreclaim:        72472 kB
KernelStack:       33360 kB
PageTables:        33804 kB
NFS_Unstable:          0 kB
Bounce:                0 kB
WritebackTmp:          0 kB
CommitLimit:     1815632 kB
Committed_AS:   95182216 kB
VmallocTotal:   251658176 kB
VmallocUsed:      107236 kB
VmallocChunk:   251443108 kB
Time pass: 25 sec

---2015-10-25 15:24:01
MemTotal:        2582696 kB
MemFree:          137148 kB
Buffers:           30256 kB
Cached:          1102928 kB
SwapCached:           52 kB
Active:          1594928 kB
Inactive:         355152 kB
Active(anon):     652964 kB
Inactive(anon):   168324 kB
Active(file):     941964 kB
Inactive(file):   186828 kB
Unevictable:        3920 kB
Mlocked:               0 kB
SwapTotal:        524284 kB
SwapFree:         504904 kB
Dirty:              7272 kB
Writeback:             0 kB
AnonPages:        820804 kB
Mapped:           280868 kB
Shmem:               472 kB
Slab:             106420 kB
SReclaimable:      33944 kB
SUnreclaim:        72476 kB
KernelStack:       33376 kB
PageTables:        33804 kB
NFS_Unstable:          0 kB
Bounce:                0 kB
WritebackTmp:          0 kB
CommitLimit:     1815632 kB
Committed_AS:   95182296 kB
VmallocTotal:   251658176 kB
VmallocUsed:      107236 kB
VmallocChunk:   251443108 kB
Time pass: 29 sec

---2015-10-25 15:24:01
MemTotal:        2582696 kB
MemFree:          137684 kB
Buffers:           30256 kB
Cached:          1102932 kB
SwapCached:           52 kB
Active:          1595016 kB
Inactive:         355156 kB
Active(anon):     653052 kB
Inactive(anon):   168324 kB
Active(file):     941964 kB
Inactive(file):   186832 kB
Unevictable:        3920 kB
Mlocked:               0 kB
SwapTotal:        524284 kB
SwapFree:         504904 kB
Dirty:              8852 kB
Writeback:             0 kB
AnonPages:        820924 kB
Mapped:           280868 kB
Shmem:               472 kB
Slab:             106420 kB
SReclaimable:      33944 kB
SUnreclaim:        72476 kB
KernelStack:       33360 kB
PageTables:        33800 kB
NFS_Unstable:          0 kB
Bounce:                0 kB
WritebackTmp:          0 kB
CommitLimit:     1815632 kB
Committed_AS:   95182200 kB
VmallocTotal:   251658176 kB
VmallocUsed:      107236 kB
VmallocChunk:   251443108 kB
Time pass: 33 sec

---2015-10-25 15:24:01
MemTotal:        2582696 kB
MemFree:          138136 kB
Buffers:           30256 kB
Cached:          1102932 kB
SwapCached:           52 kB
Active:          1595144 kB
Inactive:         355128 kB
Active(anon):     653152 kB
Inactive(anon):   168324 kB
Active(file):     941992 kB
Inactive(file):   186804 kB
Unevictable:        3920 kB
Mlocked:               0 kB
SwapTotal:        524284 kB
SwapFree:         504904 kB
Dirty:              7308 kB
Writeback:             0 kB
AnonPages:        821048 kB
Mapped:           281088 kB
Shmem:               472 kB
Slab:             106420 kB
SReclaimable:      33944 kB
SUnreclaim:        72476 kB
KernelStack:       33344 kB
PageTables:        33800 kB
NFS_Unstable:          0 kB
Bounce:                0 kB
WritebackTmp:          0 kB
CommitLimit:     1815632 kB
Committed_AS:   95182208 kB
VmallocTotal:   251658176 kB
VmallocUsed:      107236 kB
VmallocChunk:   251443108 kB
Time pass: 37 sec

---2015-10-25 15:24:01
MemTotal:        2582696 kB
MemFree:          138408 kB
Buffers:           30256 kB
Cached:          1102932 kB
SwapCached:           52 kB
Active:          1595220 kB
Inactive:         355128 kB
Active(anon):     653228 kB
Inactive(anon):   168324 kB
Active(file):     941992 kB
Inactive(file):   186804 kB
Unevictable:        3920 kB
Mlocked:               0 kB
SwapTotal:        524284 kB
SwapFree:         504904 kB
Dirty:              7288 kB
Writeback:             0 kB
AnonPages:        821112 kB
Mapped:           281088 kB
Shmem:               472 kB
Slab:             106452 kB
SReclaimable:      33944 kB
SUnreclaim:        72508 kB
KernelStack:       33344 kB
PageTables:        33800 kB
NFS_Unstable:          0 kB
Bounce:                0 kB
WritebackTmp:          0 kB
CommitLimit:     1815632 kB
Committed_AS:   95182208 kB
VmallocTotal:   251658176 kB
VmallocUsed:      107236 kB
VmallocChunk:   251443108 kB
Time pass: 41 sec

---2015-10-25 15:24:01
MemTotal:        2582696 kB
MemFree:          138856 kB
Buffers:           30256 kB
Cached:          1102936 kB
SwapCached:           52 kB
Active:          1595424 kB
Inactive:         355132 kB
Active(anon):     653432 kB
Inactive(anon):   168324 kB
Active(file):     941992 kB
Inactive(file):   186808 kB
Unevictable:        3920 kB
Mlocked:               0 kB
SwapTotal:        524284 kB
SwapFree:         504904 kB
Dirty:              7292 kB
Writeback:             0 kB
AnonPages:        821204 kB
Mapped:           281172 kB
Shmem:               472 kB
Slab:             106452 kB
SReclaimable:      33944 kB
SUnreclaim:        72508 kB
KernelStack:       33344 kB
PageTables:        33828 kB
NFS_Unstable:          0 kB
Bounce:                0 kB
WritebackTmp:          0 kB
CommitLimit:     1815632 kB
Committed_AS:   95182216 kB
VmallocTotal:   251658176 kB
VmallocUsed:      107236 kB
VmallocChunk:   251443108 kB
Time pass: 44 sec

---2015-10-25 15:24:01
MemTotal:        2582696 kB
MemFree:          138356 kB
Buffers:           30256 kB
Cached:          1102936 kB
SwapCached:           52 kB
Active:          1596244 kB
Inactive:         355132 kB
Active(anon):     654252 kB
Inactive(anon):   168324 kB
Active(file):     941992 kB
Inactive(file):   186808 kB
Unevictable:        3920 kB
Mlocked:               0 kB
SwapTotal:        524284 kB
SwapFree:         504904 kB
Dirty:              7308 kB
Writeback:             0 kB
AnonPages:        822176 kB
Mapped:           280868 kB
Shmem:               472 kB
Slab:             106420 kB
SReclaimable:      33944 kB
SUnreclaim:        72476 kB
KernelStack:       33344 kB
PageTables:        33800 kB
NFS_Unstable:          0 kB
Bounce:                0 kB
WritebackTmp:          0 kB
CommitLimit:     1815632 kB
Committed_AS:   95182200 kB
VmallocTotal:   251658176 kB
VmallocUsed:      107236 kB
VmallocChunk:   251443108 kB
Time pass: 48 sec

---2015-10-25 15:24:01
MemTotal:        2582696 kB
MemFree:          138832 kB
Buffers:           30256 kB
Cached:          1102936 kB
SwapCached:           52 kB
Active:          1596348 kB
Inactive:         355132 kB
Active(anon):     654356 kB
Inactive(anon):   168324 kB
Active(file):     941992 kB
Inactive(file):   186808 kB
Unevictable:        3920 kB
Mlocked:               0 kB
SwapTotal:        524284 kB
SwapFree:         504904 kB
Dirty:              7288 kB
Writeback:             0 kB
AnonPages:        822288 kB
Mapped:           281088 kB
Shmem:               472 kB
Slab:             106420 kB
SReclaimable:      33944 kB
SUnreclaim:        72476 kB
KernelStack:       33344 kB
PageTables:        33800 kB
NFS_Unstable:          0 kB
Bounce:                0 kB
WritebackTmp:          0 kB
CommitLimit:     1815632 kB
Committed_AS:   95182208 kB
VmallocTotal:   251658176 kB
VmallocUsed:      107236 kB
VmallocChunk:   251443108 kB
Time pass: 52 sec

---2015-10-25 15:24:01
MemTotal:        2582696 kB
MemFree:          139264 kB
Buffers:           30256 kB
Cached:          1102936 kB
SwapCached:           52 kB
Active:          1596628 kB
Inactive:         355132 kB
Active(anon):     654636 kB
Inactive(anon):   168324 kB
Active(file):     941992 kB
Inactive(file):   186808 kB
Unevictable:        3920 kB
Mlocked:               0 kB
SwapTotal:        524284 kB
SwapFree:         504904 kB
Dirty:              7288 kB
Writeback:             0 kB
AnonPages:        822368 kB
Mapped:           281092 kB
Shmem:               472 kB
Slab:             106420 kB
SReclaimable:      33944 kB
SUnreclaim:        72476 kB
KernelStack:       33344 kB
PageTables:        33800 kB
NFS_Unstable:          0 kB
Bounce:                0 kB
WritebackTmp:          0 kB
CommitLimit:     1815632 kB
Committed_AS:   95182224 kB
VmallocTotal:   251658176 kB
VmallocUsed:      107236 kB
VmallocChunk:   251443108 kB
Time pass: 56 sec

---2015-10-25 15:24:01
MemTotal:        2582696 kB
MemFree:          140132 kB
Buffers:           30256 kB
Cached:          1102936 kB
SwapCached:           52 kB
Active:          1596620 kB
Inactive:         355132 kB
Active(anon):     654628 kB
Inactive(anon):   168324 kB
Active(file):     941992 kB
Inactive(file):   186808 kB
Unevictable:        3920 kB
Mlocked:               0 kB
SwapTotal:        524284 kB
SwapFree:         504904 kB
Dirty:              7288 kB
Writeback:             0 kB
AnonPages:        822560 kB
Mapped:           281120 kB
Shmem:               472 kB
Slab:             106420 kB
SReclaimable:      33944 kB
SUnreclaim:        72476 kB
KernelStack:       33344 kB
PageTables:        33784 kB
NFS_Unstable:          0 kB
Bounce:                0 kB
WritebackTmp:          0 kB
CommitLimit:     1815632 kB
Committed_AS:   95182208 kB
VmallocTotal:   251658176 kB
VmallocUsed:      107236 kB
VmallocChunk:   251443108 kB
Time pass: 59 sec

---2015-10-25 15:24:01
MemTotal:        2582696 kB
MemFree:          140444 kB
Buffers:           30256 kB
Cached:          1102936 kB
SwapCached:           52 kB
Active:          1596692 kB
Inactive:         355132 kB
Active(anon):     654700 kB
Inactive(anon):   168324 kB
Active(file):     941992 kB
Inactive(file):   186808 kB
Unevictable:        3920 kB
Mlocked:               0 kB
SwapTotal:        524284 kB
SwapFree:         504904 kB
Dirty:              7288 kB
Writeback:             0 kB
AnonPages:        822588 kB
Mapped:           280868 kB
Shmem:               472 kB
Slab:             106420 kB
SReclaimable:      33944 kB
SUnreclaim:        72476 kB
KernelStack:       33344 kB
PageTables:        33800 kB
NFS_Unstable:          0 kB
Bounce:                0 kB
WritebackTmp:          0 kB
CommitLimit:     1815632 kB
Committed_AS:   95182200 kB
VmallocTotal:   251658176 kB
VmallocUsed:      107236 kB
VmallocChunk:   251443108 kB
Time pass: 63 sec

---2015-10-25 15:24:01
MemTotal:        2582696 kB
MemFree:          139168 kB
Buffers:           30256 kB
Cached:          1102936 kB
SwapCached:           52 kB
Active:          1598096 kB
Inactive:         355136 kB
Active(anon):     656108 kB
Inactive(anon):   168324 kB
Active(file):     941988 kB
Inactive(file):   186812 kB
Unevictable:        3920 kB
Mlocked:               0 kB
SwapTotal:        524284 kB
SwapFree:         504904 kB
Dirty:              7292 kB
Writeback:             0 kB
AnonPages:        823824 kB
Mapped:           281088 kB
Shmem:               472 kB
Slab:             106420 kB
SReclaimable:      33944 kB
SUnreclaim:        72476 kB
KernelStack:       33376 kB
PageTables:        33836 kB
NFS_Unstable:          0 kB
Bounce:                0 kB
WritebackTmp:          0 kB
CommitLimit:     1815632 kB
Committed_AS:   95182224 kB
VmallocTotal:   251658176 kB
VmallocUsed:      107236 kB
VmallocChunk:   251443108 kB
Time pass: 67 sec

---2015-10-25 15:24:01
MemTotal:        2582696 kB
MemFree:          139836 kB
Buffers:           30256 kB
Cached:          1102940 kB
SwapCached:           52 kB
Active:          1598016 kB
Inactive:         355132 kB
Active(anon):     656024 kB
Inactive(anon):   168324 kB
Active(file):     941992 kB
Inactive(file):   186808 kB
Unevictable:        3920 kB
Mlocked:               0 kB
SwapTotal:        524284 kB
SwapFree:         504904 kB
Dirty:              7296 kB
Writeback:             0 kB
AnonPages:        823868 kB
Mapped:           280952 kB
Shmem:               472 kB
Slab:             106420 kB
SReclaimable:      33944 kB
SUnreclaim:        72476 kB
KernelStack:       33344 kB
PageTables:        33828 kB
NFS_Unstable:          0 kB
Bounce:                0 kB
WritebackTmp:          0 kB
CommitLimit:     1815632 kB
Committed_AS:   95182208 kB
VmallocTotal:   251658176 kB
VmallocUsed:      107236 kB
VmallocChunk:   251443108 kB
Time pass: 70 sec

---2015-10-25 15:24:01
MemTotal:        2582696 kB
MemFree:          140168 kB
Buffers:           30256 kB
Cached:          1102944 kB
SwapCached:           52 kB
Active:          1598268 kB
Inactive:         355140 kB
Active(anon):     656276 kB
Inactive(anon):   168324 kB
Active(file):     941992 kB
Inactive(file):   186816 kB
Unevictable:        3920 kB
Mlocked:               0 kB
SwapTotal:        524284 kB
SwapFree:         504904 kB
Dirty:              7300 kB
Writeback:             0 kB
AnonPages:        823956 kB
Mapped:           281172 kB
Shmem:               472 kB
Slab:             106420 kB
SReclaimable:      33944 kB
SUnreclaim:        72476 kB
KernelStack:       33344 kB
PageTables:        33828 kB
NFS_Unstable:          0 kB
Bounce:                0 kB
WritebackTmp:          0 kB
CommitLimit:     1815632 kB
Committed_AS:   95182200 kB
VmallocTotal:   251658176 kB
VmallocUsed:      107236 kB
VmallocChunk:   251443108 kB
Time pass: 74 sec

---2015-10-25 15:24:01
MemTotal:        2582696 kB
MemFree:          140948 kB
Buffers:           30256 kB
Cached:          1102944 kB
SwapCached:           52 kB
Active:          1598204 kB
Inactive:         355140 kB
Active(anon):     656212 kB
Inactive(anon):   168324 kB
Active(file):     941992 kB
Inactive(file):   186816 kB
Unevictable:        3920 kB
Mlocked:               0 kB
SwapTotal:        524284 kB
SwapFree:         504904 kB
Dirty:              7312 kB
Writeback:             0 kB
AnonPages:        824104 kB
Mapped:           281088 kB
Shmem:               472 kB
Slab:             106420 kB
SReclaimable:      33944 kB
SUnreclaim:        72476 kB
KernelStack:       33344 kB
PageTables:        33804 kB
NFS_Unstable:          0 kB
Bounce:                0 kB
WritebackTmp:          0 kB
CommitLimit:     1815632 kB
Committed_AS:   95182200 kB
VmallocTotal:   251658176 kB
VmallocUsed:      107236 kB
VmallocChunk:   251443108 kB
Time pass: 78 sec

---2015-10-25 15:24:01
MemTotal:        2582696 kB
MemFree:          140416 kB
Buffers:           30256 kB
Cached:          1102944 kB
SwapCached:           52 kB
Active:          1598332 kB
Inactive:         355140 kB
Active(anon):     656340 kB
Inactive(anon):   168324 kB
Active(file):     941992 kB
Inactive(file):   186816 kB
Unevictable:        3920 kB
Mlocked:               0 kB
SwapTotal:        524284 kB
SwapFree:         504904 kB
Dirty:              7292 kB
Writeback:             0 kB
AnonPages:        824196 kB
Mapped:           281172 kB
Shmem:               472 kB
Slab:             106420 kB
SReclaimable:      33944 kB
SUnreclaim:        72476 kB
KernelStack:       33344 kB
PageTables:        33836 kB
NFS_Unstable:          0 kB
Bounce:                0 kB
WritebackTmp:          0 kB
CommitLimit:     1815632 kB
Committed_AS:   95182200 kB
VmallocTotal:   251658176 kB
VmallocUsed:      107236 kB
VmallocChunk:   251443108 kB
Time pass: 81 sec

---2015-10-25 15:24:01
MemTotal:        2582696 kB
MemFree:          140672 kB
Buffers:           30256 kB
Cached:          1102944 kB
SwapCached:           52 kB
Active:          1599504 kB
Inactive:         355140 kB
Active(anon):     657512 kB
Inactive(anon):   168324 kB
Active(file):     941992 kB
Inactive(file):   186816 kB
Unevictable:        3920 kB
Mlocked:               0 kB
SwapTotal:        524284 kB
SwapFree:         504904 kB
Dirty:              7292 kB
Writeback:             0 kB
AnonPages:        825380 kB
Mapped:           281172 kB
Shmem:               472 kB
Slab:             106420 kB
SReclaimable:      33944 kB
SUnreclaim:        72476 kB
KernelStack:       33344 kB
PageTables:        33832 kB
NFS_Unstable:          0 kB
Bounce:                0 kB
WritebackTmp:          0 kB
CommitLimit:     1815632 kB
Committed_AS:   95182216 kB
VmallocTotal:   251658176 kB
VmallocUsed:      107236 kB
VmallocChunk:   251443108 kB
Time pass: 85 sec

---2015-10-25 15:24:01
MemTotal:        2582696 kB
MemFree:          139380 kB
Buffers:           30256 kB
Cached:          1104096 kB
SwapCached:           52 kB
Active:          1600624 kB
Inactive:         355372 kB
Active(anon):     657712 kB
Inactive(anon):   168324 kB
Active(file):     942912 kB
Inactive(file):   187048 kB
Unevictable:        3920 kB
Mlocked:               0 kB
SwapTotal:        524284 kB
SwapFree:         504904 kB
Dirty:              7344 kB
Writeback:             0 kB
AnonPages:        825556 kB
Mapped:           281088 kB
Shmem:               472 kB
Slab:             106552 kB
SReclaimable:      33960 kB
SUnreclaim:        72592 kB
KernelStack:       33360 kB
PageTables:        33800 kB
NFS_Unstable:          0 kB
Bounce:                0 kB
WritebackTmp:          0 kB
CommitLimit:     1815632 kB
Committed_AS:   95182216 kB
VmallocTotal:   251658176 kB
VmallocUsed:      107236 kB
VmallocChunk:   251443108 kB
Time pass: 89 sec

---2015-10-25 15:24:01
MemTotal:        2582696 kB
MemFree:          114504 kB
Buffers:           17544 kB
Cached:          1020580 kB
SwapCached:          120 kB
Active:          1359640 kB
Inactive:         519928 kB
Active(anon):     676320 kB
Inactive(anon):   169488 kB
Active(file):     683320 kB
Inactive(file):   350440 kB
Unevictable:        3920 kB
Mlocked:               0 kB
SwapTotal:        524284 kB
SwapFree:         488360 kB
Dirty:              8272 kB
Writeback:             0 kB
AnonPages:        845252 kB
Mapped:           320216 kB
Shmem:               604 kB
Slab:             106660 kB
SReclaimable:      34044 kB
SUnreclaim:        72616 kB
KernelStack:       34496 kB
PageTables:        34872 kB
NFS_Unstable:          0 kB
Bounce:                0 kB
WritebackTmp:          0 kB
CommitLimit:     1815632 kB
Committed_AS:   96504964 kB
VmallocTotal:   251658176 kB
VmallocUsed:      108776 kB
VmallocChunk:   251443108 kB
Time pass: 93 sec

---2015-10-25 15:24:01
MemTotal:        2582696 kB
MemFree:          126412 kB
Buffers:           17452 kB
Cached:          1017700 kB
SwapCached:          120 kB
Active:          1334844 kB
Inactive:         523804 kB
Active(anon):     658908 kB
Inactive(anon):   169116 kB
Active(file):     675936 kB
Inactive(file):   354688 kB
Unevictable:        3920 kB
Mlocked:               0 kB
SwapTotal:        524284 kB
SwapFree:         487936 kB
Dirty:              7480 kB
Writeback:             0 kB
AnonPages:        827480 kB
Mapped:           328156 kB
Shmem:               604 kB
Slab:             106524 kB
SReclaimable:      33912 kB
SUnreclaim:        72612 kB
KernelStack:       34448 kB
PageTables:        34924 kB
NFS_Unstable:          0 kB
Bounce:                0 kB
WritebackTmp:          0 kB
CommitLimit:     1815632 kB
Committed_AS:   96507028 kB
VmallocTotal:   251658176 kB
VmallocUsed:      108852 kB
VmallocChunk:   251443108 kB
Time pass: 96 sec

---2015-10-25 15:24:01
MemTotal:        2582696 kB
MemFree:          114496 kB
Buffers:           17096 kB
Cached:           961428 kB
SwapCached:          152 kB
Active:          1240052 kB
Inactive:         570176 kB
Active(anon):     665840 kB
Inactive(anon):   170384 kB
Active(file):     574212 kB
Inactive(file):   399792 kB
Unevictable:        3920 kB
Mlocked:               0 kB
SwapTotal:        524284 kB
SwapFree:         482548 kB
Dirty:              7268 kB
Writeback:             0 kB
AnonPages:        835556 kB
Mapped:           344588 kB
Shmem:               608 kB
Slab:             106756 kB
SReclaimable:      34028 kB
SUnreclaim:        72728 kB
KernelStack:       34656 kB
PageTables:        35100 kB
NFS_Unstable:          0 kB
Bounce:                0 kB
WritebackTmp:          0 kB
CommitLimit:     1815632 kB
Committed_AS:   96520252 kB
VmallocTotal:   251658176 kB
VmallocUsed:      109392 kB
VmallocChunk:   251443108 kB
Time pass: 100 sec

---2015-10-25 15:24:01
MemTotal:        2582696 kB
MemFree:          114692 kB
Buffers:           17096 kB
Cached:           961440 kB
SwapCached:          152 kB
Active:          1240244 kB
Inactive:         570172 kB
Active(anon):     666016 kB
Inactive(anon):   170384 kB
Active(file):     574228 kB
Inactive(file):   399788 kB
Unevictable:        3920 kB
Mlocked:               0 kB
SwapTotal:        524284 kB
SwapFree:         482548 kB
Dirty:              7268 kB
Writeback:             0 kB
AnonPages:        835760 kB
Mapped:           344716 kB
Shmem:               608 kB
Slab:             106764 kB
SReclaimable:      34028 kB
SUnreclaim:        72736 kB
KernelStack:       34656 kB
PageTables:        35136 kB
NFS_Unstable:          0 kB
Bounce:                0 kB
WritebackTmp:          0 kB
CommitLimit:     1815632 kB
Committed_AS:   96520324 kB
VmallocTotal:   251658176 kB
VmallocUsed:      109392 kB
VmallocChunk:   251443108 kB
Time pass: 104 sec

---2015-10-25 15:24:01
MemTotal:        2582696 kB
MemFree:          114960 kB
Buffers:           17096 kB
Cached:           961448 kB
SwapCached:          152 kB
Active:          1240456 kB
Inactive:         570172 kB
Active(anon):     666228 kB
Inactive(anon):   170380 kB
Active(file):     574228 kB
Inactive(file):   399792 kB
Unevictable:        3920 kB
Mlocked:               0 kB
SwapTotal:        524284 kB
SwapFree:         482548 kB
Dirty:              7276 kB
Writeback:             0 kB
AnonPages:        835876 kB
Mapped:           344716 kB
Shmem:               608 kB
Slab:             106764 kB
SReclaimable:      34028 kB
SUnreclaim:        72736 kB
KernelStack:       34672 kB
PageTables:        35132 kB
NFS_Unstable:          0 kB
Bounce:                0 kB
WritebackTmp:          0 kB
CommitLimit:     1815632 kB
Committed_AS:   96520324 kB
VmallocTotal:   251658176 kB
VmallocUsed:      109392 kB
VmallocChunk:   251443108 kB
Time pass: 108 sec

---2015-10-25 15:24:01
MemTotal:        2582696 kB
MemFree:          116476 kB
Buffers:           16892 kB
Cached:           950228 kB
SwapCached:          152 kB
Active:          1225416 kB
Inactive:         575968 kB
Active(anon):     669480 kB
Inactive(anon):   169436 kB
Active(file):     555936 kB
Inactive(file):   406532 kB
Unevictable:        3920 kB
Mlocked:               0 kB
SwapTotal:        524284 kB
SwapFree:         481808 kB
Dirty:              7652 kB
Writeback:             0 kB
AnonPages:        838276 kB
Mapped:           341252 kB
Shmem:               608 kB
Slab:             105560 kB
SReclaimable:      32852 kB
SUnreclaim:        72708 kB
KernelStack:       34656 kB
PageTables:        35132 kB
NFS_Unstable:          0 kB
Bounce:                0 kB
WritebackTmp:          0 kB
CommitLimit:     1815632 kB
Committed_AS:   96520428 kB
VmallocTotal:   251658176 kB
VmallocUsed:      109464 kB
VmallocChunk:   251443108 kB
Time pass: 112 sec

---2015-10-25 15:24:01
MemTotal:        2582696 kB
MemFree:          116244 kB
Buffers:           16892 kB
Cached:           950368 kB
SwapCached:          152 kB
Active:          1225444 kB
Inactive:         576160 kB
Active(anon):     669548 kB
Inactive(anon):   169324 kB
Active(file):     555896 kB
Inactive(file):   406836 kB
Unevictable:        3920 kB
Mlocked:               0 kB
SwapTotal:        524284 kB
SwapFree:         481808 kB
Dirty:              7328 kB
Writeback:             0 kB
AnonPages:        838148 kB
Mapped:           341488 kB
Shmem:               608 kB
Slab:             106516 kB
SReclaimable:      33888 kB
SUnreclaim:        72628 kB
KernelStack:       34656 kB
PageTables:        35172 kB
NFS_Unstable:          0 kB
Bounce:                0 kB
WritebackTmp:          0 kB
CommitLimit:     1815632 kB
Committed_AS:   96520436 kB
VmallocTotal:   251658176 kB
VmallocUsed:      109464 kB
VmallocChunk:   251443108 kB
Time pass: 115 sec

---2015-10-25 15:24:01
MemTotal:        2582696 kB
MemFree:          115940 kB
Buffers:           16892 kB
Cached:           950368 kB
SwapCached:          152 kB
Active:          1225384 kB
Inactive:         576152 kB
Active(anon):     669480 kB
Inactive(anon):   169324 kB
Active(file):     555904 kB
Inactive(file):   406828 kB
Unevictable:        3920 kB
Mlocked:               0 kB
SwapTotal:        524284 kB
SwapFree:         481808 kB
Dirty:              7328 kB
Writeback:             0 kB
AnonPages:        838212 kB
Mapped:           341404 kB
Shmem:               608 kB
Slab:             106820 kB
SReclaimable:      34012 kB
SUnreclaim:        72808 kB
KernelStack:       34656 kB
PageTables:        35136 kB
NFS_Unstable:          0 kB
Bounce:                0 kB
WritebackTmp:          0 kB
CommitLimit:     1815632 kB
Committed_AS:   96520412 kB
VmallocTotal:   251658176 kB
VmallocUsed:      109464 kB
VmallocChunk:   251443108 kB
Time pass: 119 sec

---2015-10-25 15:24:01
MemTotal:        2582696 kB
MemFree:          107448 kB
Buffers:           16868 kB
Cached:           933616 kB
SwapCached:          152 kB
Active:          1205776 kB
Inactive:         589700 kB
Active(anon):     679892 kB
Inactive(anon):   169936 kB
Active(file):     525884 kB
Inactive(file):   419764 kB
Unevictable:        3920 kB
Mlocked:               0 kB
SwapTotal:        524284 kB
SwapFree:         480796 kB
Dirty:              7760 kB
Writeback:             0 kB
AnonPages:        849288 kB
Mapped:           338956 kB
Shmem:               608 kB
Slab:             106712 kB
SReclaimable:      33804 kB
SUnreclaim:        72908 kB
KernelStack:       34656 kB
PageTables:        35164 kB
NFS_Unstable:          0 kB
Bounce:                0 kB
WritebackTmp:          0 kB
CommitLimit:     1815632 kB
Committed_AS:   96520524 kB
VmallocTotal:   251658176 kB
VmallocUsed:      109564 kB
VmallocChunk:   251443108 kB
Time pass: 123 sec

---2015-10-25 15:24:01
MemTotal:        2582696 kB
MemFree:          117724 kB
Buffers:           16864 kB
Cached:           922352 kB
SwapCached:          152 kB
Active:          1183976 kB
Inactive:         593176 kB
Active(anon):     672416 kB
Inactive(anon):   170048 kB
Active(file):     511560 kB
Inactive(file):   423128 kB
Unevictable:        3920 kB
Mlocked:               0 kB
SwapTotal:        524284 kB
SwapFree:         480496 kB
Dirty:              7328 kB
Writeback:             0 kB
AnonPages:        841884 kB
Mapped:           347132 kB
Shmem:               608 kB
Slab:             106712 kB
SReclaimable:      33984 kB
SUnreclaim:        72728 kB
KernelStack:       34656 kB
PageTables:        35176 kB
NFS_Unstable:          0 kB
Bounce:                0 kB
WritebackTmp:          0 kB
CommitLimit:     1815632 kB
Committed_AS:   96520644 kB
VmallocTotal:   251658176 kB
VmallocUsed:      109636 kB
VmallocChunk:   251443108 kB
Time pass: 126 sec

---2015-10-25 15:24:01
MemTotal:        2582696 kB
MemFree:          116872 kB
Buffers:           16864 kB
Cached:           923004 kB
SwapCached:          152 kB
Active:          1184292 kB
Inactive:         593804 kB
Active(anon):     672712 kB
Inactive(anon):   170044 kB
Active(file):     511580 kB
Inactive(file):   423760 kB
Unevictable:        3920 kB
Mlocked:               0 kB
SwapTotal:        524284 kB
SwapFree:         480496 kB
Dirty:              7328 kB
Writeback:             0 kB
AnonPages:        842140 kB
Mapped:           347520 kB
Shmem:               608 kB
Slab:             106720 kB
SReclaimable:      33984 kB
SUnreclaim:        72736 kB
KernelStack:       34656 kB
PageTables:        35176 kB
NFS_Unstable:          0 kB
Bounce:                0 kB
WritebackTmp:          0 kB
CommitLimit:     1815632 kB
Committed_AS:   96520628 kB
VmallocTotal:   251658176 kB
VmallocUsed:      109636 kB
VmallocChunk:   251443108 kB
Time pass: 130 sec

---2015-10-25 15:24:01
MemTotal:        2582696 kB
MemFree:          113532 kB
Buffers:           16860 kB
Cached:           924980 kB
SwapCached:          152 kB
Active:          1184356 kB
Inactive:         596536 kB
Active(anon):     673832 kB
Inactive(anon):   170032 kB
Active(file):     510524 kB
Inactive(file):   426504 kB
Unevictable:        3920 kB
Mlocked:               0 kB
SwapTotal:        524284 kB
SwapFree:         480484 kB
Dirty:              7328 kB
Writeback:             0 kB
AnonPages:        843124 kB
Mapped:           347956 kB
Shmem:               608 kB
Slab:             106720 kB
SReclaimable:      33984 kB
SUnreclaim:        72736 kB
KernelStack:       34656 kB
PageTables:        35176 kB
NFS_Unstable:          0 kB
Bounce:                0 kB
WritebackTmp:          0 kB
CommitLimit:     1815632 kB
Committed_AS:   96520732 kB
VmallocTotal:   251658176 kB
VmallocUsed:      109656 kB
VmallocChunk:   251443108 kB
Time pass: 133 sec

---2015-10-25 15:24:01
MemTotal:        2582696 kB
MemFree:          119064 kB
Buffers:           15292 kB
Cached:           880636 kB
SwapCached:          216 kB
Active:          1128876 kB
Inactive:         610372 kB
Active(anon):     678332 kB
Inactive(anon):   169712 kB
Active(file):     450544 kB
Inactive(file):   440660 kB
Unevictable:        3920 kB
Mlocked:               0 kB
SwapTotal:        524284 kB
SwapFree:         478804 kB
Dirty:              7336 kB
Writeback:             0 kB
AnonPages:        847164 kB
Mapped:           345172 kB
Shmem:               804 kB
Slab:             106696 kB
SReclaimable:      33896 kB
SUnreclaim:        72800 kB
KernelStack:       35008 kB
PageTables:        35344 kB
NFS_Unstable:          0 kB
Bounce:                0 kB
WritebackTmp:          0 kB
CommitLimit:     1815632 kB
Committed_AS:   96548264 kB
VmallocTotal:   251658176 kB
VmallocUsed:      112248 kB
VmallocChunk:   251443108 kB
Time pass: 137 sec

---2015-10-25 15:24:01
MemTotal:        2582696 kB
MemFree:          112804 kB
Buffers:           15292 kB
Cached:           878576 kB
SwapCached:          216 kB
Active:          1127040 kB
Inactive:         610488 kB
Active(anon):     678592 kB
Inactive(anon):   169812 kB
Active(file):     448448 kB
Inactive(file):   440676 kB
Unevictable:        3920 kB
Mlocked:               0 kB
SwapTotal:        524284 kB
SwapFree:         478804 kB
Dirty:              7328 kB
Writeback:             0 kB
AnonPages:        847524 kB
Mapped:           345192 kB
Shmem:               824 kB
Slab:             106796 kB
SReclaimable:      33992 kB
SUnreclaim:        72804 kB
KernelStack:       35008 kB
PageTables:        35388 kB
NFS_Unstable:          0 kB
Bounce:                0 kB
WritebackTmp:          0 kB
CommitLimit:     1815632 kB
Committed_AS:   96548276 kB
VmallocTotal:   251658176 kB
VmallocUsed:      112248 kB
VmallocChunk:   251443108 kB
Time pass: 141 sec

---2015-10-25 15:24:01
MemTotal:        2582696 kB
MemFree:          112300 kB
Buffers:           15292 kB
Cached:           878604 kB
SwapCached:          216 kB
Active:          1127280 kB
Inactive:         610512 kB
Active(anon):     678828 kB
Inactive(anon):   169836 kB
Active(file):     448452 kB
Inactive(file):   440676 kB
Unevictable:        3920 kB
Mlocked:               0 kB
SwapTotal:        524284 kB
SwapFree:         478804 kB
Dirty:              7336 kB
Writeback:             0 kB
AnonPages:        847788 kB
Mapped:           345216 kB
Shmem:               848 kB
Slab:             106924 kB
SReclaimable:      34088 kB
SUnreclaim:        72836 kB
KernelStack:       35008 kB
PageTables:        35384 kB
NFS_Unstable:          0 kB
Bounce:                0 kB
WritebackTmp:          0 kB
CommitLimit:     1815632 kB
Committed_AS:   96548284 kB
VmallocTotal:   251658176 kB
VmallocUsed:      112248 kB
VmallocChunk:   251443108 kB
Time pass: 144 sec

---2015-10-25 15:24:01
MemTotal:        2582696 kB
MemFree:          143628 kB
Buffers:           15044 kB
Cached:           822840 kB
SwapCached:          216 kB
Active:          1078600 kB
Inactive:         588464 kB
Active(anon):     662364 kB
Inactive(anon):   171488 kB
Active(file):     416236 kB
Inactive(file):   416976 kB
Unevictable:        3920 kB
Mlocked:               0 kB
SwapTotal:        524284 kB
SwapFree:         477936 kB
Dirty:              1084 kB
Writeback:             0 kB
AnonPages:        833156 kB
Mapped:           339232 kB
Shmem:               608 kB
Slab:             106496 kB
SReclaimable:      33652 kB
SUnreclaim:        72844 kB
KernelStack:       34240 kB
PageTables:        34920 kB
NFS_Unstable:          0 kB
Bounce:                0 kB
WritebackTmp:          0 kB
CommitLimit:     1815632 kB
Committed_AS:   97628288 kB
VmallocTotal:   251658176 kB
VmallocUsed:      111184 kB
VmallocChunk:   251443108 kB
Time pass: 148 sec

---2015-10-25 15:24:01
MemTotal:        2582696 kB
MemFree:          146324 kB
Buffers:           15044 kB
Cached:           825736 kB
SwapCached:          216 kB
Active:          1072208 kB
Inactive:         591412 kB
Active(anon):     655932 kB
Inactive(anon):   171428 kB
Active(file):     416276 kB
Inactive(file):   419984 kB
Unevictable:        3920 kB
Mlocked:               0 kB
SwapTotal:        524284 kB
SwapFree:         477936 kB
Dirty:               244 kB
Writeback:             0 kB
AnonPages:        826600 kB
Mapped:           340060 kB
Shmem:               600 kB
Slab:             106484 kB
SReclaimable:      33588 kB
SUnreclaim:        72896 kB
KernelStack:       34112 kB
PageTables:        34916 kB
NFS_Unstable:          0 kB
Bounce:                0 kB
WritebackTmp:          0 kB
CommitLimit:     1815632 kB
Committed_AS:   98758576 kB
VmallocTotal:   251658176 kB
VmallocUsed:      111176 kB
VmallocChunk:   251443108 kB
Time pass: 152 sec

---2015-10-25 15:24:01
MemTotal:        2582696 kB
MemFree:          146500 kB
Buffers:           15044 kB
Cached:           825736 kB
SwapCached:          216 kB
Active:          1071504 kB
Inactive:         591408 kB
Active(anon):     655224 kB
Inactive(anon):   171428 kB
Active(file):     416280 kB
Inactive(file):   419980 kB
Unevictable:        3920 kB
Mlocked:               0 kB
SwapTotal:        524284 kB
SwapFree:         477936 kB
Dirty:               184 kB
Writeback:             0 kB
AnonPages:        826124 kB
Mapped:           340264 kB
Shmem:               600 kB
Slab:             106468 kB
SReclaimable:      33572 kB
SUnreclaim:        72896 kB
KernelStack:       33952 kB
PageTables:        34772 kB
NFS_Unstable:          0 kB
Bounce:                0 kB
WritebackTmp:          0 kB
CommitLimit:     1815632 kB
Committed_AS:   98782732 kB
VmallocTotal:   251658176 kB
VmallocUsed:      111176 kB
VmallocChunk:   251443108 kB
Time pass: 155 sec

---2015-10-25 15:24:01
MemTotal:        2582696 kB
MemFree:          368536 kB
Buffers:           15044 kB
Cached:           826080 kB
SwapCached:          220 kB
Active:          1043464 kB
Inactive:         584952 kB
Active(anon):     620384 kB
Inactive(anon):   171300 kB
Active(file):     423080 kB
Inactive(file):   413652 kB
Unevictable:        3920 kB
Mlocked:               0 kB
SwapTotal:        524284 kB
SwapFree:         477936 kB
Dirty:               208 kB
Writeback:             0 kB
AnonPages:        791112 kB
Mapped:           197444 kB
Shmem:               472 kB
Slab:             106348 kB
SReclaimable:      33572 kB
SUnreclaim:        72776 kB
KernelStack:       33088 kB
PageTables:        33624 kB
NFS_Unstable:          0 kB
Bounce:                0 kB
WritebackTmp:          0 kB
CommitLimit:     1815632 kB
Committed_AS:   97449996 kB
VmallocTotal:   251658176 kB
VmallocUsed:      108620 kB
VmallocChunk:   251443108 kB
Time pass: 159 sec

---2015-10-25 15:24:01
MemTotal:        2582696 kB
MemFree:          373416 kB
Buffers:           15044 kB
Cached:           826668 kB
SwapCached:          220 kB
Active:          1037860 kB
Inactive:         585528 kB
Active(anon):     614772 kB
Inactive(anon):   171296 kB
Active(file):     423088 kB
Inactive(file):   414232 kB
Unevictable:        3920 kB
Mlocked:               0 kB
SwapTotal:        524284 kB
SwapFree:         477936 kB
Dirty:               184 kB
Writeback:             0 kB
AnonPages:        785576 kB
Mapped:           194824 kB
Shmem:               472 kB
Slab:             106360 kB
SReclaimable:      33572 kB
SUnreclaim:        72788 kB
KernelStack:       32816 kB
PageTables:        33528 kB
NFS_Unstable:          0 kB
Bounce:                0 kB
WritebackTmp:          0 kB
CommitLimit:     1815632 kB
Committed_AS:   93951808 kB
VmallocTotal:   251658176 kB
VmallocUsed:      106204 kB
VmallocChunk:   251443108 kB
Time pass: 163 sec

---2015-10-25 15:24:01
MemTotal:        2582696 kB
MemFree:          373616 kB
Buffers:           15044 kB
Cached:           826672 kB
SwapCached:          220 kB
Active:          1037664 kB
Inactive:         585524 kB
Active(anon):     614576 kB
Inactive(anon):   171292 kB
Active(file):     423088 kB
Inactive(file):   414232 kB
Unevictable:        3920 kB
Mlocked:               0 kB
SwapTotal:        524284 kB
SwapFree:         477936 kB
Dirty:               188 kB
Writeback:             0 kB
AnonPages:        785248 kB
Mapped:           194696 kB
Shmem:               472 kB
Slab:             106352 kB
SReclaimable:      33572 kB
SUnreclaim:        72780 kB
KernelStack:       33024 kB
PageTables:        33348 kB
NFS_Unstable:          0 kB
Bounce:                0 kB
WritebackTmp:          0 kB
CommitLimit:     1815632 kB
Committed_AS:   93951704 kB
VmallocTotal:   251658176 kB
VmallocUsed:      106204 kB
VmallocChunk:   251443108 kB
Time pass: 166 sec

---2015-10-25 15:24:01
MemTotal:        2582696 kB
MemFree:          373660 kB
Buffers:           15044 kB
Cached:           826676 kB
SwapCached:          220 kB
Active:          1038124 kB
Inactive:         585528 kB
Active(anon):     615032 kB
Inactive(anon):   171292 kB
Active(file):     423092 kB
Inactive(file):   414236 kB
Unevictable:        3920 kB
Mlocked:               0 kB
SwapTotal:        524284 kB
SwapFree:         477936 kB
Dirty:               204 kB
Writeback:             0 kB
AnonPages:        785784 kB
Mapped:           194592 kB
Shmem:               472 kB
Slab:             106352 kB
SReclaimable:      33572 kB
SUnreclaim:        72780 kB
KernelStack:       33008 kB
PageTables:        33376 kB
NFS_Unstable:          0 kB
Bounce:                0 kB
WritebackTmp:          0 kB
CommitLimit:     1815632 kB
Committed_AS:   93951704 kB
VmallocTotal:   251658176 kB
VmallocUsed:      106204 kB
VmallocChunk:   251443108 kB
Time pass: 170 sec

---2015-10-25 15:24:01
MemTotal:        2582696 kB
MemFree:          372448 kB
Buffers:           15044 kB
Cached:           826680 kB
SwapCached:          220 kB
Active:          1038292 kB
Inactive:         585524 kB
Active(anon):     615192 kB
Inactive(anon):   171292 kB
Active(file):     423100 kB
Inactive(file):   414232 kB
Unevictable:        3920 kB
Mlocked:               0 kB
SwapTotal:        524284 kB
SwapFree:         477936 kB
Dirty:               204 kB
Writeback:             0 kB
AnonPages:        785788 kB
Mapped:           194812 kB
Shmem:               472 kB
Slab:             106352 kB
SReclaimable:      33572 kB
SUnreclaim:        72780 kB
KernelStack:       33024 kB
PageTables:        33412 kB
NFS_Unstable:          0 kB
Bounce:                0 kB
WritebackTmp:          0 kB
CommitLimit:     1815632 kB
Committed_AS:   93951712 kB
VmallocTotal:   251658176 kB
VmallocUsed:      106204 kB
VmallocChunk:   251443108 kB
Time pass: 174 sec

---2015-10-25 15:24:01
MemTotal:        2582696 kB
MemFree:          372044 kB
Buffers:           15044 kB
Cached:           826680 kB
SwapCached:          220 kB
Active:          1038360 kB
Inactive:         585524 kB
Active(anon):     615260 kB
Inactive(anon):   171292 kB
Active(file):     423100 kB
Inactive(file):   414232 kB
Unevictable:        3920 kB
Mlocked:               0 kB
SwapTotal:        524284 kB
SwapFree:         477936 kB
Dirty:               184 kB
Writeback:             0 kB
AnonPages:        785824 kB
Mapped:           194728 kB
Shmem:               472 kB
Slab:             106336 kB
SReclaimable:      33572 kB
SUnreclaim:        72764 kB
KernelStack:       33024 kB
PageTables:        33348 kB
NFS_Unstable:          0 kB
Bounce:                0 kB
WritebackTmp:          0 kB
CommitLimit:     1815632 kB
Committed_AS:   93951696 kB
VmallocTotal:   251658176 kB
VmallocUsed:      106204 kB
VmallocChunk:   251443108 kB
Time pass: 177 sec

---2015-10-25 15:24:01
MemTotal:        2582696 kB
MemFree:          371520 kB
Buffers:           15044 kB
Cached:           826680 kB
SwapCached:          220 kB
Active:          1038384 kB
Inactive:         585524 kB
Active(anon):     615284 kB
Inactive(anon):   171292 kB
Active(file):     423100 kB
Inactive(file):   414232 kB
Unevictable:        3920 kB
Mlocked:               0 kB
SwapTotal:        524284 kB
SwapFree:         477936 kB
Dirty:               184 kB
Writeback:             0 kB
AnonPages:        785908 kB
Mapped:           194812 kB
Shmem:               472 kB
Slab:             106336 kB
SReclaimable:      33572 kB
SUnreclaim:        72764 kB
KernelStack:       33024 kB
PageTables:        33376 kB
NFS_Unstable:          0 kB
Bounce:                0 kB
WritebackTmp:          0 kB
CommitLimit:     1815632 kB
Committed_AS:   93951712 kB
VmallocTotal:   251658176 kB
VmallocUsed:      106204 kB
VmallocChunk:   251443108 kB
Time pass: 181 sec

---2015-10-25 15:24:01
MemTotal:        2582696 kB
MemFree:          371936 kB
Buffers:           15044 kB
Cached:           826680 kB
SwapCached:          220 kB
Active:          1038440 kB
Inactive:         585524 kB
Active(anon):     615340 kB
Inactive(anon):   171292 kB
Active(file):     423100 kB
Inactive(file):   414232 kB
Unevictable:        3920 kB
Mlocked:               0 kB
SwapTotal:        524284 kB
SwapFree:         477936 kB
Dirty:               184 kB
Writeback:             0 kB
AnonPages:        786028 kB
Mapped:           194508 kB
Shmem:               472 kB
Slab:             106336 kB
SReclaimable:      33572 kB
SUnreclaim:        72764 kB
KernelStack:       33024 kB
PageTables:        33348 kB
NFS_Unstable:          0 kB
Bounce:                0 kB
WritebackTmp:          0 kB
CommitLimit:     1815632 kB
Committed_AS:   93951696 kB
VmallocTotal:   251658176 kB
VmallocUsed:      106204 kB
VmallocChunk:   251443108 kB
Time pass: 185 sec

---2015-10-25 15:24:01
MemTotal:        2582696 kB
MemFree:          238944 kB
Buffers:           15048 kB
Cached:           833776 kB
SwapCached:          412 kB
Active:          1066824 kB
Inactive:         590108 kB
Active(anon):     641028 kB
Inactive(anon):   171600 kB
Active(file):     425796 kB
Inactive(file):   418508 kB
Unevictable:        3920 kB
Mlocked:               0 kB
SwapTotal:        524284 kB
SwapFree:         477936 kB
Dirty:              1048 kB
Writeback:             0 kB
AnonPages:        811704 kB
Mapped:           275016 kB
Shmem:               604 kB
Slab:             106344 kB
SReclaimable:      33572 kB
SUnreclaim:        72772 kB
KernelStack:       34032 kB
PageTables:        34380 kB
NFS_Unstable:          0 kB
Bounce:                0 kB
WritebackTmp:          0 kB
CommitLimit:     1815632 kB
Committed_AS:   95278476 kB
VmallocTotal:   251658176 kB
VmallocUsed:      107588 kB
VmallocChunk:   251443108 kB
Time pass: 189 sec

---2015-10-25 15:24:01
MemTotal:        2582696 kB
MemFree:          240400 kB
Buffers:           15048 kB
Cached:           833772 kB
SwapCached:          412 kB
Active:          1064776 kB
Inactive:         590092 kB
Active(anon):     638976 kB
Inactive(anon):   171596 kB
Active(file):     425800 kB
Inactive(file):   418496 kB
Unevictable:        3920 kB
Mlocked:               0 kB
SwapTotal:        524284 kB
SwapFree:         477936 kB
Dirty:               448 kB
Writeback:             0 kB
AnonPages:        809672 kB
Mapped:           275372 kB
Shmem:               604 kB
Slab:             106372 kB
SReclaimable:      33604 kB
SUnreclaim:        72768 kB
KernelStack:       33984 kB
PageTables:        34404 kB
NFS_Unstable:          0 kB
Bounce:                0 kB
WritebackTmp:          0 kB
CommitLimit:     1815632 kB
Committed_AS:   95278460 kB
VmallocTotal:   251658176 kB
VmallocUsed:      107588 kB
VmallocChunk:   251443108 kB
Time pass: 192 sec

---2015-10-25 15:24:01
MemTotal:        2582696 kB
MemFree:          185356 kB
Buffers:           15048 kB
Cached:           835296 kB
SwapCached:          412 kB
Active:          1078528 kB
Inactive:         591808 kB
Active(anon):     652920 kB
Inactive(anon):   171600 kB
Active(file):     425608 kB
Inactive(file):   420208 kB
Unevictable:        3920 kB
Mlocked:               0 kB
SwapTotal:        524284 kB
SwapFree:         477936 kB
Dirty:              1936 kB
Writeback:             0 kB
AnonPages:        823724 kB
Mapped:           310308 kB
Shmem:               608 kB
Slab:             106360 kB
SReclaimable:      33604 kB
SUnreclaim:        72756 kB
KernelStack:       34160 kB
PageTables:        34492 kB
NFS_Unstable:          0 kB
Bounce:                0 kB
WritebackTmp:          0 kB
CommitLimit:     1815632 kB
Committed_AS:   95281484 kB
VmallocTotal:   251658176 kB
VmallocUsed:      107888 kB
VmallocChunk:   251443108 kB
Time pass: 196 sec

---2015-10-25 15:24:01
MemTotal:        2582696 kB
MemFree:          164864 kB
Buffers:           15048 kB
Cached:           835300 kB
SwapCached:          412 kB
Active:          1077772 kB
Inactive:         591592 kB
Active(anon):     651944 kB
Inactive(anon):   171600 kB
Active(file):     425828 kB
Inactive(file):   419992 kB
Unevictable:        3920 kB
Mlocked:               0 kB
SwapTotal:        524284 kB
SwapFree:         477936 kB
Dirty:               368 kB
Writeback:           220 kB
AnonPages:        822648 kB
Mapped:           332136 kB
Shmem:               608 kB
Slab:             106444 kB
SReclaimable:      33604 kB
SUnreclaim:        72840 kB
KernelStack:       34160 kB
PageTables:        34572 kB
NFS_Unstable:          0 kB
Bounce:                0 kB
WritebackTmp:          0 kB
CommitLimit:     1815632 kB
Committed_AS:   95289668 kB
VmallocTotal:   251658176 kB
VmallocUsed:      108076 kB
VmallocChunk:   251443108 kB
Time pass: 199 sec

---2015-10-25 15:24:01
MemTotal:        2582696 kB
MemFree:          151224 kB
Buffers:           15048 kB
Cached:           835380 kB
SwapCached:          412 kB
Active:          1080324 kB
Inactive:         591684 kB
Active(anon):     654508 kB
Inactive(anon):   171600 kB
Active(file):     425816 kB
Inactive(file):   420084 kB
Unevictable:        3920 kB
Mlocked:               0 kB
SwapTotal:        524284 kB
SwapFree:         477936 kB
Dirty:               648 kB
Writeback:             0 kB
AnonPages:        825372 kB
Mapped:           337052 kB
Shmem:               608 kB
Slab:             106364 kB
SReclaimable:      33604 kB
SUnreclaim:        72760 kB
KernelStack:       34160 kB
PageTables:        34588 kB
NFS_Unstable:          0 kB
Bounce:                0 kB
WritebackTmp:          0 kB
CommitLimit:     1815632 kB
Committed_AS:   95289756 kB
VmallocTotal:   251658176 kB
VmallocUsed:      108128 kB
VmallocChunk:   251443108 kB
Time pass: 203 sec

---2015-10-25 15:24:01
MemTotal:        2582696 kB
MemFree:          150184 kB
Buffers:           15048 kB
Cached:           835384 kB
SwapCached:          412 kB
Active:          1080480 kB
Inactive:         591672 kB
Active(anon):     654648 kB
Inactive(anon):   171600 kB
Active(file):     425832 kB
Inactive(file):   420072 kB
Unevictable:        3920 kB
Mlocked:               0 kB
SwapTotal:        524284 kB
SwapFree:         477936 kB
Dirty:               628 kB
Writeback:             0 kB
AnonPages:        825432 kB
Mapped:           337164 kB
Shmem:               608 kB
Slab:             106364 kB
SReclaimable:      33604 kB
SUnreclaim:        72760 kB
KernelStack:       34160 kB
PageTables:        34596 kB
NFS_Unstable:          0 kB
Bounce:                0 kB
WritebackTmp:          0 kB
CommitLimit:     1815632 kB
Committed_AS:   95289820 kB
VmallocTotal:   251658176 kB
VmallocUsed:      108128 kB
VmallocChunk:   251443108 kB
Time pass: 206 sec

---2015-10-25 15:24:01
MemTotal:        2582696 kB
MemFree:          139012 kB
Buffers:           15048 kB
Cached:           840236 kB
SwapCached:          412 kB
Active:          1086232 kB
Inactive:         596564 kB
Active(anon):     660456 kB
Inactive(anon):   171584 kB
Active(file):     425776 kB
Inactive(file):   424980 kB
Unevictable:        3920 kB
Mlocked:               0 kB
SwapTotal:        524284 kB
SwapFree:         477932 kB
Dirty:              1008 kB
Writeback:             0 kB
AnonPages:        831212 kB
Mapped:           341912 kB
Shmem:               608 kB
Slab:             106368 kB
SReclaimable:      33604 kB
SUnreclaim:        72764 kB
KernelStack:       34160 kB
PageTables:        34636 kB
NFS_Unstable:          0 kB
Bounce:                0 kB
WritebackTmp:          0 kB
CommitLimit:     1815632 kB
Committed_AS:   95290132 kB
VmallocTotal:   251658176 kB
VmallocUsed:      108276 kB
VmallocChunk:   251443108 kB
Time pass: 210 sec

---2015-10-25 15:24:01
MemTotal:        2582696 kB
MemFree:          133480 kB
Buffers:           15048 kB
Cached:           840296 kB
SwapCached:          416 kB
Active:          1093232 kB
Inactive:         596044 kB
Active(anon):     666876 kB
Inactive(anon):   171592 kB
Active(file):     426356 kB
Inactive(file):   424452 kB
Unevictable:        3920 kB
Mlocked:               0 kB
SwapTotal:        524284 kB
SwapFree:         477932 kB
Dirty:              1032 kB
Writeback:             0 kB
AnonPages:        837624 kB
Mapped:           344872 kB
Shmem:               612 kB
Slab:             106560 kB
SReclaimable:      33604 kB
SUnreclaim:        72956 kB
KernelStack:       34480 kB
PageTables:        34716 kB
NFS_Unstable:          0 kB
Bounce:                0 kB
WritebackTmp:          0 kB
CommitLimit:     1815632 kB
Committed_AS:   95317712 kB
VmallocTotal:   251658176 kB
VmallocUsed:      110808 kB
VmallocChunk:   251443108 kB
Time pass: 214 sec

---2015-10-25 15:24:01
MemTotal:        2582696 kB
MemFree:          130680 kB
Buffers:           15048 kB
Cached:           840464 kB
SwapCached:          416 kB
Active:          1095860 kB
Inactive:         596196 kB
Active(anon):     669488 kB
Inactive(anon):   171740 kB
Active(file):     426372 kB
Inactive(file):   424456 kB
Unevictable:        3920 kB
Mlocked:               0 kB
SwapTotal:        524284 kB
SwapFree:         477932 kB
Dirty:               540 kB
Writeback:             0 kB
AnonPages:        840212 kB
Mapped:           345268 kB
Shmem:               764 kB
Slab:             106588 kB
SReclaimable:      33636 kB
SUnreclaim:        72952 kB
KernelStack:       34576 kB
PageTables:        34816 kB
NFS_Unstable:          0 kB
Bounce:                0 kB
WritebackTmp:          0 kB
CommitLimit:     1815632 kB
Committed_AS:   95317796 kB
VmallocTotal:   251658176 kB
VmallocUsed:      110808 kB
VmallocChunk:   251443108 kB
Time pass: 218 sec

---2015-10-25 15:24:01
MemTotal:        2582696 kB
MemFree:          130920 kB
Buffers:           15048 kB
Cached:           840680 kB
SwapCached:          416 kB
Active:          1095772 kB
Inactive:         596404 kB
Active(anon):     669392 kB
Inactive(anon):   171952 kB
Active(file):     426380 kB
Inactive(file):   424452 kB
Unevictable:        3920 kB
Mlocked:               0 kB
SwapTotal:        524284 kB
SwapFree:         477932 kB
Dirty:               544 kB
Writeback:             0 kB
AnonPages:        840144 kB
Mapped:           345480 kB
Shmem:               976 kB
Slab:             106596 kB
SReclaimable:      33636 kB
SUnreclaim:        72960 kB
KernelStack:       34592 kB
PageTables:        34868 kB
NFS_Unstable:          0 kB
Bounce:                0 kB
WritebackTmp:          0 kB
CommitLimit:     1815632 kB
Committed_AS:   95317772 kB
VmallocTotal:   251658176 kB
VmallocUsed:      110808 kB
VmallocChunk:   251443108 kB
Time pass: 222 sec

---2015-10-25 15:24:01
MemTotal:        2582696 kB
MemFree:          130664 kB
Buffers:           15048 kB
Cached:           840716 kB
SwapCached:          416 kB
Active:          1096508 kB
Inactive:         596440 kB
Active(anon):     670128 kB
Inactive(anon):   171952 kB
Active(file):     426380 kB
Inactive(file):   424488 kB
Unevictable:        3920 kB
Mlocked:               0 kB
SwapTotal:        524284 kB
SwapFree:         477932 kB
Dirty:               544 kB
Writeback:             0 kB
AnonPages:        840708 kB
Mapped:           345908 kB
Shmem:               976 kB
Slab:             106616 kB
SReclaimable:      33636 kB
SUnreclaim:        72980 kB
KernelStack:       34592 kB
PageTables:        34868 kB
NFS_Unstable:          0 kB
Bounce:                0 kB
WritebackTmp:          0 kB
CommitLimit:     1815632 kB
Committed_AS:   95317784 kB
VmallocTotal:   251658176 kB
VmallocUsed:      110808 kB
VmallocChunk:   251443108 kB
Time pass: 226 sec

---2015-10-25 15:24:01
MemTotal:        2582696 kB
MemFree:          129968 kB
Buffers:           15048 kB
Cached:           840740 kB
SwapCached:          416 kB
Active:          1096636 kB
Inactive:         596464 kB
Active(anon):     670256 kB
Inactive(anon):   171976 kB
Active(file):     426380 kB
Inactive(file):   424488 kB
Unevictable:        3920 kB
Mlocked:               0 kB
SwapTotal:        524284 kB
SwapFree:         477932 kB
Dirty:               544 kB
Writeback:             0 kB
AnonPages:        841040 kB
Mapped:           345932 kB
Shmem:              1000 kB
Slab:             106592 kB
SReclaimable:      33636 kB
SUnreclaim:        72956 kB
KernelStack:       34592 kB
PageTables:        34864 kB
NFS_Unstable:          0 kB
Bounce:                0 kB
WritebackTmp:          0 kB
CommitLimit:     1815632 kB
Committed_AS:   95317748 kB
VmallocTotal:   251658176 kB
VmallocUsed:      110808 kB
VmallocChunk:   251443108 kB
Time pass: 229 sec

---2015-10-25 15:24:01
MemTotal:        2582696 kB
MemFree:          129332 kB
Buffers:           15048 kB
Cached:           840764 kB
SwapCached:          416 kB
Active:          1096924 kB
Inactive:         596480 kB
Active(anon):     670536 kB
Inactive(anon):   172000 kB
Active(file):     426388 kB
Inactive(file):   424480 kB
Unevictable:        3920 kB
Mlocked:               0 kB
SwapTotal:        524284 kB
SwapFree:         477932 kB
Dirty:               560 kB
Writeback:             0 kB
AnonPages:        841136 kB
Mapped:           345960 kB
Shmem:              1024 kB
Slab:             106600 kB
SReclaimable:      33636 kB
SUnreclaim:        72964 kB
KernelStack:       34592 kB
PageTables:        34864 kB
NFS_Unstable:          0 kB
Bounce:                0 kB
WritebackTmp:          0 kB
CommitLimit:     1815632 kB
Committed_AS:   95317764 kB
VmallocTotal:   251658176 kB
VmallocUsed:      110808 kB
VmallocChunk:   251443108 kB
Time pass: 233 sec

---2015-10-25 15:24:01
MemTotal:        2582696 kB
MemFree:          129168 kB
Buffers:           15048 kB
Cached:           840764 kB
SwapCached:          416 kB
Active:          1096956 kB
Inactive:         596480 kB
Active(anon):     670568 kB
Inactive(anon):   172000 kB
Active(file):     426388 kB
Inactive(file):   424480 kB
Unevictable:        3920 kB
Mlocked:               0 kB
SwapTotal:        524284 kB
SwapFree:         477932 kB
Dirty:               536 kB
Writeback:             0 kB
AnonPages:        841172 kB
Mapped:           345960 kB
Shmem:              1024 kB
Slab:             106596 kB
SReclaimable:      33640 kB
SUnreclaim:        72956 kB
KernelStack:       34592 kB
PageTables:        34864 kB
NFS_Unstable:          0 kB
Bounce:                0 kB
WritebackTmp:          0 kB
CommitLimit:     1815632 kB
Committed_AS:   95317788 kB
VmallocTotal:   251658176 kB
VmallocUsed:      110808 kB
VmallocChunk:   251443108 kB
Time pass: 236 sec

---2015-10-25 15:24:01
MemTotal:        2582696 kB
MemFree:          128484 kB
Buffers:           15048 kB
Cached:           840768 kB
SwapCached:          416 kB
Active:          1097004 kB
Inactive:         596480 kB
Active(anon):     670612 kB
Inactive(anon):   172000 kB
Active(file):     426392 kB
Inactive(file):   424480 kB
Unevictable:        3920 kB
Mlocked:               0 kB
SwapTotal:        524284 kB
SwapFree:         477932 kB
Dirty:               536 kB
Writeback:             0 kB
AnonPages:        841440 kB
Mapped:           345960 kB
Shmem:              1024 kB
Slab:             106596 kB
SReclaimable:      33640 kB
SUnreclaim:        72956 kB
KernelStack:       34592 kB
PageTables:        34864 kB
NFS_Unstable:          0 kB
Bounce:                0 kB
WritebackTmp:          0 kB
CommitLimit:     1815632 kB
Committed_AS:   95317772 kB
VmallocTotal:   251658176 kB
VmallocUsed:      110808 kB
VmallocChunk:   251443108 kB
Time pass: 240 sec

---2015-10-25 15:24:01
MemTotal:        2582696 kB
MemFree:          120664 kB
Buffers:           15048 kB
Cached:           840664 kB
SwapCached:          416 kB
Active:          1106020 kB
Inactive:         596212 kB
Active(anon):     679468 kB
Inactive(anon):   171648 kB
Active(file):     426552 kB
Inactive(file):   424564 kB
Unevictable:        3920 kB
Mlocked:               0 kB
SwapTotal:        524284 kB
SwapFree:         477932 kB
Dirty:               540 kB
Writeback:             0 kB
AnonPages:        850244 kB
Mapped:           345528 kB
Shmem:               676 kB
Slab:             106600 kB
SReclaimable:      33640 kB
SUnreclaim:        72960 kB
KernelStack:       34560 kB
PageTables:        34712 kB
NFS_Unstable:          0 kB
Bounce:                0 kB
WritebackTmp:          0 kB
CommitLimit:     1815632 kB
Committed_AS:   95337052 kB
VmallocTotal:   251658176 kB
VmallocUsed:      110808 kB
VmallocChunk:   251443108 kB
Time pass: 244 sec

---2015-10-25 15:24:01
MemTotal:        2582696 kB
MemFree:          109204 kB
Buffers:           15112 kB
Cached:           848460 kB
SwapCached:          416 kB
Active:          1110688 kB
Inactive:         602108 kB
Active(anon):     682544 kB
Inactive(anon):   171744 kB
Active(file):     428144 kB
Inactive(file):   430364 kB
Unevictable:        3920 kB
Mlocked:               0 kB
SwapTotal:        524284 kB
SwapFree:         477932 kB
Dirty:               540 kB
Writeback:             0 kB
AnonPages:        853564 kB
Mapped:           346228 kB
Shmem:               780 kB
Slab:             106404 kB
SReclaimable:      33560 kB
SUnreclaim:        72844 kB
KernelStack:       34784 kB
PageTables:        34812 kB
NFS_Unstable:          0 kB
Bounce:                0 kB
WritebackTmp:          0 kB
CommitLimit:     1815632 kB
Committed_AS:   95338424 kB
VmallocTotal:   251658176 kB
VmallocUsed:      110808 kB
VmallocChunk:   251443108 kB
Time pass: 247 sec

---2015-10-25 15:24:01
MemTotal:        2582696 kB
MemFree:          108316 kB
Buffers:           15112 kB
Cached:           848756 kB
SwapCached:          416 kB
Active:          1112072 kB
Inactive:         602512 kB
Active(anon):     683672 kB
Inactive(anon):   171956 kB
Active(file):     428400 kB
Inactive(file):   430556 kB
Unevictable:        3920 kB
Mlocked:               0 kB
SwapTotal:        524284 kB
SwapFree:         477932 kB
Dirty:               596 kB
Writeback:             0 kB
AnonPages:        854400 kB
Mapped:           346544 kB
Shmem:               992 kB
Slab:             106408 kB
SReclaimable:      33564 kB
SUnreclaim:        72844 kB
KernelStack:       34592 kB
PageTables:        34892 kB
NFS_Unstable:          0 kB
Bounce:                0 kB
WritebackTmp:          0 kB
CommitLimit:     1815632 kB
Committed_AS:   95338276 kB
VmallocTotal:   251658176 kB
VmallocUsed:      110808 kB
VmallocChunk:   251443108 kB
Time pass: 251 sec

---2015-10-25 15:24:01
MemTotal:        2582696 kB
MemFree:          110416 kB
Buffers:           15112 kB
Cached:           847040 kB
SwapCached:          416 kB
Active:          1118604 kB
Inactive:         596496 kB
Active(anon):     685648 kB
Inactive(anon):   172212 kB
Active(file):     432956 kB
Inactive(file):   424284 kB
Unevictable:        3920 kB
Mlocked:               0 kB
SwapTotal:        524284 kB
SwapFree:         477932 kB
Dirty:               616 kB
Writeback:             0 kB
AnonPages:        856644 kB
Mapped:           346368 kB
Shmem:               992 kB
Slab:             107352 kB
SReclaimable:      34244 kB
SUnreclaim:        73108 kB
KernelStack:       34592 kB
PageTables:        34864 kB
NFS_Unstable:          0 kB
Bounce:                0 kB
WritebackTmp:          0 kB
CommitLimit:     1815632 kB
Committed_AS:   95342276 kB
VmallocTotal:   251658176 kB
VmallocUsed:      110808 kB
VmallocChunk:   251443108 kB
Time pass: 255 sec

---2015-10-25 15:24:01
MemTotal:        2582696 kB
MemFree:          108964 kB
Buffers:           15112 kB
Cached:           847044 kB
SwapCached:          416 kB
Active:          1120080 kB
Inactive:         596484 kB
Active(anon):     687108 kB
Inactive(anon):   172212 kB
Active(file):     432972 kB
Inactive(file):   424272 kB
Unevictable:        3920 kB
Mlocked:               0 kB
SwapTotal:        524284 kB
SwapFree:         477932 kB
Dirty:               620 kB
Writeback:             0 kB
AnonPages:        857756 kB
Mapped:           346392 kB
Shmem:               992 kB
Slab:             107156 kB
SReclaimable:      34112 kB
SUnreclaim:        73044 kB
KernelStack:       34640 kB
PageTables:        34888 kB
NFS_Unstable:          0 kB
Bounce:                0 kB
WritebackTmp:          0 kB
CommitLimit:     1815632 kB
Committed_AS:   95342364 kB
VmallocTotal:   251658176 kB
VmallocUsed:      110820 kB
VmallocChunk:   251443108 kB
Time pass: 258 sec

---2015-10-25 15:24:01
MemTotal:        2582696 kB
MemFree:          111780 kB
Buffers:           15112 kB
Cached:           845724 kB
SwapCached:          416 kB
Active:          1119664 kB
Inactive:         597068 kB
Active(anon):     688020 kB
Inactive(anon):   172808 kB
Active(file):     431644 kB
Inactive(file):   424260 kB
Unevictable:        3920 kB
Mlocked:               0 kB
SwapTotal:        524284 kB
SwapFree:         477844 kB
Dirty:               636 kB
Writeback:             0 kB
AnonPages:        859396 kB
Mapped:           346476 kB
Shmem:              1012 kB
Slab:             107308 kB
SReclaimable:      34112 kB
SUnreclaim:        73196 kB
KernelStack:       34592 kB
PageTables:        34904 kB
NFS_Unstable:          0 kB
Bounce:                0 kB
WritebackTmp:          0 kB
CommitLimit:     1815632 kB
Committed_AS:   95342480 kB
VmallocTotal:   251658176 kB
VmallocUsed:      110820 kB
VmallocChunk:   251443108 kB
Time pass: 262 sec

---2015-10-25 15:24:01
MemTotal:        2582696 kB
MemFree:          110348 kB
Buffers:           15112 kB
Cached:           845724 kB
SwapCached:          416 kB
Active:          1121288 kB
Inactive:         597060 kB
Active(anon):     689636 kB
Inactive(anon):   172808 kB
Active(file):     431652 kB
Inactive(file):   424252 kB
Unevictable:        3920 kB
Mlocked:               0 kB
SwapTotal:        524284 kB
SwapFree:         477844 kB
Dirty:               608 kB
Writeback:             0 kB
AnonPages:        861032 kB
Mapped:           346356 kB
Shmem:              1012 kB
Slab:             107156 kB
SReclaimable:      34112 kB
SUnreclaim:        73044 kB
KernelStack:       34704 kB
PageTables:        34876 kB
NFS_Unstable:          0 kB
Bounce:                0 kB
WritebackTmp:          0 kB
CommitLimit:     1815632 kB
Committed_AS:   95342284 kB
VmallocTotal:   251658176 kB
VmallocUsed:      110820 kB
VmallocChunk:   251443108 kB
Time pass: 266 sec

---2015-10-25 15:24:01
MemTotal:        2582696 kB
MemFree:          108608 kB
Buffers:           15112 kB
Cached:           844404 kB
SwapCached:          416 kB
Active:          1124308 kB
Inactive:         597836 kB
Active(anon):     694000 kB
Inactive(anon):   173576 kB
Active(file):     430308 kB
Inactive(file):   424260 kB
Unevictable:        3920 kB
Mlocked:               0 kB
SwapTotal:        524284 kB
SwapFree:         477780 kB
Dirty:               620 kB
Writeback:             0 kB
AnonPages:        866552 kB
Mapped:           350868 kB
Shmem:              1012 kB
Slab:             107164 kB
SReclaimable:      34112 kB
SUnreclaim:        73052 kB
KernelStack:       34592 kB
PageTables:        35132 kB
NFS_Unstable:          0 kB
Bounce:                0 kB
WritebackTmp:          0 kB
CommitLimit:     1815632 kB
Committed_AS:   96584292 kB
VmallocTotal:   251658176 kB
VmallocUsed:      111840 kB
VmallocChunk:   251443108 kB
Time pass: 269 sec

---2015-10-25 15:24:01
MemTotal:        2582696 kB
MemFree:          111848 kB
Buffers:           15112 kB
Cached:           844388 kB
SwapCached:          416 kB
Active:          1121268 kB
Inactive:         597776 kB
Active(anon):     690952 kB
Inactive(anon):   173524 kB
Active(file):     430316 kB
Inactive(file):   424252 kB
Unevictable:        3920 kB
Mlocked:               0 kB
SwapTotal:        524284 kB
SwapFree:         477780 kB
Dirty:               604 kB
Writeback:             0 kB
AnonPages:        863044 kB
Mapped:           346556 kB
Shmem:              1012 kB
Slab:             107152 kB
SReclaimable:      34092 kB
SUnreclaim:        73060 kB
KernelStack:       34640 kB
PageTables:        34908 kB
NFS_Unstable:          0 kB
Bounce:                0 kB
WritebackTmp:          0 kB
CommitLimit:     1815632 kB
Committed_AS:   95342380 kB
VmallocTotal:   251658176 kB
VmallocUsed:      110820 kB
VmallocChunk:   251443108 kB
Time pass: 273 sec

---2015-10-25 15:24:01
MemTotal:        2582696 kB
MemFree:          112044 kB
Buffers:           15112 kB
Cached:           844388 kB
SwapCached:          416 kB
Active:          1121756 kB
Inactive:         597772 kB
Active(anon):     691436 kB
Inactive(anon):   173524 kB
Active(file):     430320 kB
Inactive(file):   424248 kB
Unevictable:        3920 kB
Mlocked:               0 kB
SwapTotal:        524284 kB
SwapFree:         477780 kB
Dirty:               596 kB
Writeback:             0 kB
AnonPages:        863636 kB
Mapped:           346396 kB
Shmem:              1012 kB
Slab:             107192 kB
SReclaimable:      34092 kB
SUnreclaim:        73100 kB
KernelStack:       34592 kB
PageTables:        34908 kB
NFS_Unstable:          0 kB
Bounce:                0 kB
WritebackTmp:          0 kB
CommitLimit:     1815632 kB
Committed_AS:   95342148 kB
VmallocTotal:   251658176 kB
VmallocUsed:      110820 kB
VmallocChunk:   251443108 kB
Time pass: 277 sec

---2015-10-25 15:24:01
MemTotal:        2582696 kB
MemFree:          110920 kB
Buffers:           15112 kB
Cached:           844388 kB
SwapCached:          416 kB
Active:          1123204 kB
Inactive:         597768 kB
Active(anon):     692880 kB
Inactive(anon):   173524 kB
Active(file):     430324 kB
Inactive(file):   424244 kB
Unevictable:        3920 kB
Mlocked:               0 kB
SwapTotal:        524284 kB
SwapFree:         477780 kB
Dirty:               584 kB
Writeback:             0 kB
AnonPages:        865212 kB
Mapped:           346504 kB
Shmem:              1012 kB
Slab:             107192 kB
SReclaimable:      34092 kB
SUnreclaim:        73100 kB
KernelStack:       34544 kB
PageTables:        34900 kB
NFS_Unstable:          0 kB
Bounce:                0 kB
WritebackTmp:          0 kB
CommitLimit:     1815632 kB
Committed_AS:   95342368 kB
VmallocTotal:   251658176 kB
VmallocUsed:      110820 kB
VmallocChunk:   251443108 kB
Time pass: 280 sec

---2015-10-25 15:24:01
MemTotal:        2582696 kB
MemFree:          109684 kB
Buffers:           15112 kB
Cached:           844388 kB
SwapCached:          416 kB
Active:          1124524 kB
Inactive:         597780 kB
Active(anon):     694212 kB
Inactive(anon):   173524 kB
Active(file):     430312 kB
Inactive(file):   424256 kB
Unevictable:        3920 kB
Mlocked:               0 kB
SwapTotal:        524284 kB
SwapFree:         477780 kB
Dirty:               616 kB
Writeback:             0 kB
AnonPages:        866452 kB
Mapped:           346488 kB
Shmem:              1012 kB
Slab:             107208 kB
SReclaimable:      34092 kB
SUnreclaim:        73116 kB
KernelStack:       34624 kB
PageTables:        34916 kB
NFS_Unstable:          0 kB
Bounce:                0 kB
WritebackTmp:          0 kB
CommitLimit:     1815632 kB
Committed_AS:   95342308 kB
VmallocTotal:   251658176 kB
VmallocUsed:      110820 kB
VmallocChunk:   251443108 kB
Time pass: 284 sec

---2015-10-25 15:24:01
MemTotal:        2582696 kB
MemFree:          108700 kB
Buffers:           15112 kB
Cached:           843288 kB
SwapCached:          416 kB
Active:          1126284 kB
Inactive:         598860 kB
Active(anon):     697300 kB
Inactive(anon):   174624 kB
Active(file):     428984 kB
Inactive(file):   424236 kB
Unevictable:        3920 kB
Mlocked:               0 kB
SwapTotal:        524284 kB
SwapFree:         477716 kB
Dirty:               608 kB
Writeback:             0 kB
AnonPages:        867620 kB
Mapped:           346580 kB
Shmem:              1260 kB
Slab:             107200 kB
SReclaimable:      34092 kB
SUnreclaim:        73108 kB
KernelStack:       34944 kB
PageTables:        35336 kB
NFS_Unstable:          0 kB
Bounce:                0 kB
WritebackTmp:          0 kB
CommitLimit:     1815632 kB
Committed_AS:   96584292 kB
VmallocTotal:   251658176 kB
VmallocUsed:      111840 kB
VmallocChunk:   251443108 kB
Time pass: 288 sec

---2015-10-25 15:24:01
MemTotal:        2582696 kB
MemFree:          111644 kB
Buffers:           15112 kB
Cached:           843288 kB
SwapCached:          416 kB
Active:          1123476 kB
Inactive:         598856 kB
Active(anon):     694488 kB
Inactive(anon):   174624 kB
Active(file):     428988 kB
Inactive(file):   424232 kB
Unevictable:        3920 kB
Mlocked:               0 kB
SwapTotal:        524284 kB
SwapFree:         477716 kB
Dirty:               604 kB
Writeback:             0 kB
AnonPages:        867708 kB
Mapped:           346732 kB
Shmem:              1260 kB
Slab:             107144 kB
SReclaimable:      34092 kB
SUnreclaim:        73052 kB
KernelStack:       34656 kB
PageTables:        34956 kB
NFS_Unstable:          0 kB
Bounce:                0 kB
WritebackTmp:          0 kB
CommitLimit:     1815632 kB
Committed_AS:   95342372 kB
VmallocTotal:   251658176 kB
VmallocUsed:      110820 kB
VmallocChunk:   251443108 kB
Time pass: 291 sec

---2015-10-25 15:24:01
MemTotal:        2582696 kB
MemFree:          110920 kB
Buffers:           15112 kB
Cached:           843296 kB
SwapCached:          416 kB
Active:          1124772 kB
Inactive:         598864 kB
Active(anon):     695784 kB
Inactive(anon):   174624 kB
Active(file):     428988 kB
Inactive(file):   424240 kB
Unevictable:        3920 kB
Mlocked:               0 kB
SwapTotal:        524284 kB
SwapFree:         477716 kB
Dirty:               596 kB
Writeback:             0 kB
AnonPages:        869016 kB
Mapped:           346676 kB
Shmem:              1260 kB
Slab:             107144 kB
SReclaimable:      34092 kB
SUnreclaim:        73052 kB
KernelStack:       34544 kB
PageTables:        34952 kB
NFS_Unstable:          0 kB
Bounce:                0 kB
WritebackTmp:          0 kB
CommitLimit:     1815632 kB
Committed_AS:   95342364 kB
VmallocTotal:   251658176 kB
VmallocUsed:      110820 kB
VmallocChunk:   251443108 kB
Time pass: 295 sec

---2015-10-25 15:24:01
MemTotal:        2582696 kB
MemFree:          119744 kB
Buffers:           15112 kB
Cached:           842904 kB
SwapCached:          416 kB
Active:          1117540 kB
Inactive:         600500 kB
Active(anon):     689744 kB
Inactive(anon):   175452 kB
Active(file):     427796 kB
Inactive(file):   425048 kB
Unevictable:        3920 kB
Mlocked:               0 kB
SwapTotal:        524284 kB
SwapFree:         477700 kB
Dirty:               696 kB
Writeback:             0 kB
AnonPages:        863668 kB
Mapped:           347276 kB
Shmem:              1252 kB
Slab:             107136 kB
SReclaimable:      34076 kB
SUnreclaim:        73060 kB
KernelStack:       34592 kB
PageTables:        34920 kB
NFS_Unstable:          0 kB
Bounce:                0 kB
WritebackTmp:          0 kB
CommitLimit:     1815632 kB
Committed_AS:   95336896 kB
VmallocTotal:   251658176 kB
VmallocUsed:      110820 kB
VmallocChunk:   251443108 kB
Time pass: 298 sec

---2015-10-25 15:24:01
MemTotal:        2582696 kB
MemFree:          134976 kB
Buffers:           15112 kB
Cached:           842916 kB
SwapCached:          416 kB
Active:          1103140 kB
Inactive:         600492 kB
Active(anon):     675324 kB
Inactive(anon):   175452 kB
Active(file):     427816 kB
Inactive(file):   425040 kB
Unevictable:        3920 kB
Mlocked:               0 kB
SwapTotal:        524284 kB
SwapFree:         477700 kB
Dirty:               640 kB
Writeback:             0 kB
AnonPages:        849352 kB
Mapped:           347288 kB
Shmem:              1252 kB
Slab:             107184 kB
SReclaimable:      34076 kB
SUnreclaim:        73108 kB
KernelStack:       34688 kB
PageTables:        34892 kB
NFS_Unstable:          0 kB
Bounce:                0 kB
WritebackTmp:          0 kB
CommitLimit:     1815632 kB
Committed_AS:   95336980 kB
VmallocTotal:   251658176 kB
VmallocUsed:      110820 kB
VmallocChunk:   251443108 kB
Time pass: 302 sec

---2015-10-25 15:24:01
MemTotal:        2582696 kB
MemFree:          137468 kB
Buffers:           15112 kB
Cached:           843248 kB
SwapCached:          416 kB
Active:          1100188 kB
Inactive:         600828 kB
Active(anon):     672376 kB
Inactive(anon):   175452 kB
Active(file):     427812 kB
Inactive(file):   425376 kB
Unevictable:        3920 kB
Mlocked:               0 kB
SwapTotal:        524284 kB
SwapFree:         477700 kB
Dirty:               620 kB
Writeback:             0 kB
AnonPages:        846368 kB
Mapped:           351604 kB
Shmem:              1252 kB
Slab:             107184 kB
SReclaimable:      34076 kB
SUnreclaim:        73108 kB
KernelStack:       34560 kB
PageTables:        35164 kB
NFS_Unstable:          0 kB
Bounce:                0 kB
WritebackTmp:          0 kB
CommitLimit:     1815632 kB
Committed_AS:   96578924 kB
VmallocTotal:   251658176 kB
VmallocUsed:      111840 kB
VmallocChunk:   251443108 kB
Time pass: 306 sec

---2015-10-25 15:24:01
MemTotal:        2582696 kB
MemFree:          142080 kB
Buffers:           15112 kB
Cached:           843256 kB
SwapCached:          416 kB
Active:          1095012 kB
Inactive:         600840 kB
Active(anon):     667204 kB
Inactive(anon):   175452 kB
Active(file):     427808 kB
Inactive(file):   425388 kB
Unevictable:        3920 kB
Mlocked:               0 kB
SwapTotal:        524284 kB
SwapFree:         477700 kB
Dirty:               660 kB
Writeback:             0 kB
AnonPages:        840928 kB
Mapped:           347280 kB
Shmem:              1252 kB
Slab:             107176 kB
SReclaimable:      34076 kB
SUnreclaim:        73100 kB
KernelStack:       34656 kB
PageTables:        34948 kB
NFS_Unstable:          0 kB
Bounce:                0 kB
WritebackTmp:          0 kB
CommitLimit:     1815632 kB
Committed_AS:   95336940 kB
VmallocTotal:   251658176 kB
VmallocUsed:      110820 kB
VmallocChunk:   251443108 kB
Time pass: 309 sec

---2015-10-25 15:24:01
MemTotal:        2582696 kB
MemFree:          142732 kB
Buffers:           15112 kB
Cached:           843264 kB
SwapCached:          416 kB
Active:          1095424 kB
Inactive:         600848 kB
Active(anon):     667616 kB
Inactive(anon):   175452 kB
Active(file):     427808 kB
Inactive(file):   425396 kB
Unevictable:        3920 kB
Mlocked:               0 kB
SwapTotal:        524284 kB
SwapFree:         477700 kB
Dirty:               668 kB
Writeback:             0 kB
AnonPages:        841400 kB
Mapped:           347332 kB
Shmem:              1252 kB
Slab:             107120 kB
SReclaimable:      34076 kB
SUnreclaim:        73044 kB
KernelStack:       34608 kB
PageTables:        34924 kB
NFS_Unstable:          0 kB
Bounce:                0 kB
WritebackTmp:          0 kB
CommitLimit:     1815632 kB
Committed_AS:   95336804 kB
VmallocTotal:   251658176 kB
VmallocUsed:      110820 kB
VmallocChunk:   251443108 kB
Time pass: 313 sec

---2015-10-25 15:24:01
MemTotal:        2582696 kB
MemFree:          141244 kB
Buffers:           15112 kB
Cached:           843264 kB
SwapCached:          416 kB
Active:          1096436 kB
Inactive:         600840 kB
Active(anon):     668620 kB
Inactive(anon):   175452 kB
Active(file):     427816 kB
Inactive(file):   425388 kB
Unevictable:        3920 kB
Mlocked:               0 kB
SwapTotal:        524284 kB
SwapFree:         477700 kB
Dirty:               660 kB
Writeback:             0 kB
AnonPages:        842680 kB
Mapped:           347204 kB
Shmem:              1252 kB
Slab:             107112 kB
SReclaimable:      34076 kB
SUnreclaim:        73036 kB
KernelStack:       34592 kB
PageTables:        34920 kB
NFS_Unstable:          0 kB
Bounce:                0 kB
WritebackTmp:          0 kB
CommitLimit:     1815632 kB
Committed_AS:   95336912 kB
VmallocTotal:   251658176 kB
VmallocUsed:      110820 kB
VmallocChunk:   251443108 kB
Time pass: 316 sec

---2015-10-25 15:24:01
MemTotal:        2582696 kB
MemFree:          141304 kB
Buffers:           15112 kB
Cached:           843264 kB
SwapCached:          416 kB
Active:          1097196 kB
Inactive:         600828 kB
Active(anon):     669368 kB
Inactive(anon):   175452 kB
Active(file):     427828 kB
Inactive(file):   425376 kB
Unevictable:        3920 kB
Mlocked:               0 kB
SwapTotal:        524284 kB
SwapFree:         477700 kB
Dirty:               640 kB
Writeback:             0 kB
AnonPages:        843368 kB
Mapped:           347304 kB
Shmem:              1252 kB
Slab:             107112 kB
SReclaimable:      34076 kB
SUnreclaim:        73036 kB
KernelStack:       34688 kB
PageTables:        34896 kB
NFS_Unstable:          0 kB
Bounce:                0 kB
WritebackTmp:          0 kB
CommitLimit:     1815632 kB
Committed_AS:   95336692 kB
VmallocTotal:   251658176 kB
VmallocUsed:      110820 kB
VmallocChunk:   251443108 kB
Time pass: 320 sec

---2015-10-25 15:24:01
MemTotal:        2582696 kB
MemFree:          135516 kB
Buffers:           15112 kB
Cached:           843268 kB
SwapCached:          416 kB
Active:          1101936 kB
Inactive:         600840 kB
Active(anon):     674116 kB
Inactive(anon):   175452 kB
Active(file):     427820 kB
Inactive(file):   425388 kB
Unevictable:        3920 kB
Mlocked:               0 kB
SwapTotal:        524284 kB
SwapFree:         477700 kB
Dirty:               640 kB
Writeback:             0 kB
AnonPages:        848428 kB
Mapped:           351804 kB
Shmem:              1252 kB
Slab:             107168 kB
SReclaimable:      34076 kB
SUnreclaim:        73092 kB
KernelStack:       34640 kB
PageTables:        35144 kB
NFS_Unstable:          0 kB
Bounce:                0 kB
WritebackTmp:          0 kB
CommitLimit:     1815632 kB
Committed_AS:   96578836 kB
VmallocTotal:   251658176 kB
VmallocUsed:      111840 kB
VmallocChunk:   251443108 kB
Time pass: 324 sec

---2015-10-25 15:24:01
MemTotal:        2582696 kB
MemFree:          139056 kB
Buffers:           15112 kB
Cached:           843268 kB
SwapCached:          416 kB
Active:          1098376 kB
Inactive:         600840 kB
Active(anon):     670556 kB
Inactive(anon):   175452 kB
Active(file):     427820 kB
Inactive(file):   425388 kB
Unevictable:        3920 kB
Mlocked:               0 kB
SwapTotal:        524284 kB
SwapFree:         477700 kB
Dirty:               644 kB
Writeback:             0 kB
AnonPages:        844516 kB
Mapped:           347416 kB
Shmem:              1252 kB
Slab:             107112 kB
SReclaimable:      34076 kB
SUnreclaim:        73036 kB
KernelStack:       34608 kB
PageTables:        34952 kB
NFS_Unstable:          0 kB
Bounce:                0 kB
WritebackTmp:          0 kB
CommitLimit:     1815632 kB
Committed_AS:   95336948 kB
VmallocTotal:   251658176 kB
VmallocUsed:      110820 kB
VmallocChunk:   251443108 kB
Time pass: 327 sec

---2015-10-25 15:24:01
MemTotal:        2582696 kB
MemFree:          137408 kB
Buffers:           15112 kB
Cached:           843272 kB
SwapCached:          416 kB
Active:          1099652 kB
Inactive:         600844 kB
Active(anon):     671832 kB
Inactive(anon):   175452 kB
Active(file):     427820 kB
Inactive(file):   425392 kB
Unevictable:        3920 kB
Mlocked:               0 kB
SwapTotal:        524284 kB
SwapFree:         477700 kB
Dirty:               856 kB
Writeback:             0 kB
AnonPages:        845792 kB
Mapped:           347336 kB
Shmem:              1252 kB
Slab:             107192 kB
SReclaimable:      34076 kB
SUnreclaim:        73116 kB
KernelStack:       34640 kB
PageTables:        34960 kB
NFS_Unstable:          0 kB
Bounce:                0 kB
WritebackTmp:          0 kB
CommitLimit:     1815632 kB
Committed_AS:   95336940 kB
VmallocTotal:   251658176 kB
VmallocUsed:      110820 kB
VmallocChunk:   251443108 kB
Time pass: 331 sec

---2015-10-25 15:24:01
MemTotal:        2582696 kB
MemFree:          137032 kB
Buffers:           15112 kB
Cached:           843272 kB
SwapCached:          416 kB
Active:          1100548 kB
Inactive:         600848 kB
Active(anon):     672732 kB
Inactive(anon):   175452 kB
Active(file):     427816 kB
Inactive(file):   425396 kB
Unevictable:        3920 kB
Mlocked:               0 kB
SwapTotal:        524284 kB
SwapFree:         477700 kB
Dirty:               656 kB
Writeback:             0 kB
AnonPages:        846696 kB
Mapped:           347328 kB
Shmem:              1252 kB
Slab:             107112 kB
SReclaimable:      34076 kB
SUnreclaim:        73036 kB
KernelStack:       34608 kB
PageTables:        34916 kB
NFS_Unstable:          0 kB
Bounce:                0 kB
WritebackTmp:          0 kB
CommitLimit:     1815632 kB
Committed_AS:   95336980 kB
VmallocTotal:   251658176 kB
VmallocUsed:      110820 kB
VmallocChunk:   251443108 kB
Time pass: 334 sec

---2015-10-25 15:24:01
MemTotal:        2582696 kB
MemFree:          136200 kB
Buffers:           15112 kB
Cached:           843288 kB
SwapCached:          416 kB
Active:          1101900 kB
Inactive:         600864 kB
Active(anon):     674084 kB
Inactive(anon):   175452 kB
Active(file):     427816 kB
Inactive(file):   425412 kB
Unevictable:        3920 kB
Mlocked:               0 kB
SwapTotal:        524284 kB
SwapFree:         477700 kB
Dirty:               692 kB
Writeback:             0 kB
AnonPages:        848268 kB
Mapped:           347272 kB
Shmem:              1252 kB
Slab:             107112 kB
SReclaimable:      34076 kB
SUnreclaim:        73036 kB
KernelStack:       34704 kB
PageTables:        34904 kB
NFS_Unstable:          0 kB
Bounce:                0 kB
WritebackTmp:          0 kB
CommitLimit:     1815632 kB
Committed_AS:   95336772 kB
VmallocTotal:   251658176 kB
VmallocUsed:      110820 kB
VmallocChunk:   251443108 kB
Time pass: 338 sec

---2015-10-25 15:24:01
MemTotal:        2582696 kB
MemFree:          130952 kB
Buffers:           15112 kB
Cached:           843732 kB
SwapCached:          416 kB
Active:          1106064 kB
Inactive:         601156 kB
Active(anon):     678240 kB
Inactive(anon):   175452 kB
Active(file):     427824 kB
Inactive(file):   425704 kB
Unevictable:        3920 kB
Mlocked:               0 kB
SwapTotal:        524284 kB
SwapFree:         477700 kB
Dirty:               656 kB
Writeback:             0 kB
AnonPages:        852140 kB
Mapped:           351780 kB
Shmem:              1252 kB
Slab:             107176 kB
SReclaimable:      34076 kB
SUnreclaim:        73100 kB
KernelStack:       34784 kB
PageTables:        35240 kB
NFS_Unstable:          0 kB
Bounce:                0 kB
WritebackTmp:          0 kB
CommitLimit:     1815632 kB
Committed_AS:   96578424 kB
VmallocTotal:   251658176 kB
VmallocUsed:      111840 kB
VmallocChunk:   251434916 kB
Time pass: 342 sec

---2015-10-25 15:24:01
MemTotal:        2582696 kB
MemFree:          135204 kB
Buffers:           15112 kB
Cached:           843680 kB
SwapCached:          416 kB
Active:          1101452 kB
Inactive:         601244 kB
Active(anon):     673624 kB
Inactive(anon):   175452 kB
Active(file):     427828 kB
Inactive(file):   425792 kB
Unevictable:        3920 kB
Mlocked:               0 kB
SwapTotal:        524284 kB
SwapFree:         477700 kB
Dirty:               656 kB
Writeback:             0 kB
AnonPages:        847592 kB
Mapped:           347376 kB
Shmem:              1252 kB
Slab:             107120 kB
SReclaimable:      34076 kB
SUnreclaim:        73044 kB
KernelStack:       34608 kB
PageTables:        34924 kB
NFS_Unstable:          0 kB
Bounce:                0 kB
WritebackTmp:          0 kB
CommitLimit:     1815632 kB
Committed_AS:   95336400 kB
VmallocTotal:   251658176 kB
VmallocUsed:      110820 kB
VmallocChunk:   251443108 kB
Time pass: 345 sec

---2015-10-25 15:24:01
MemTotal:        2582696 kB
MemFree:          141028 kB
Buffers:           15112 kB
Cached:           843684 kB
SwapCached:          416 kB
Active:          1095808 kB
Inactive:         601244 kB
Active(anon):     667976 kB
Inactive(anon):   175452 kB
Active(file):     427832 kB
Inactive(file):   425792 kB
Unevictable:        3920 kB
Mlocked:               0 kB
SwapTotal:        524284 kB
SwapFree:         477700 kB
Dirty:               668 kB
Writeback:             0 kB
AnonPages:        842072 kB
Mapped:           347316 kB
Shmem:              1252 kB
Slab:             107264 kB
SReclaimable:      34076 kB
SUnreclaim:        73188 kB
KernelStack:       34704 kB
PageTables:        34924 kB
NFS_Unstable:          0 kB
Bounce:                0 kB
WritebackTmp:          0 kB
CommitLimit:     1815632 kB
Committed_AS:   95336228 kB
VmallocTotal:   251658176 kB
VmallocUsed:      110820 kB
VmallocChunk:   251443108 kB
Time pass: 349 sec

---2015-10-25 15:24:01
MemTotal:        2582696 kB
MemFree:          140948 kB
Buffers:           15112 kB
Cached:           843684 kB
SwapCached:          416 kB
Active:          1096064 kB
Inactive:         601236 kB
Active(anon):     668224 kB
Inactive(anon):   175452 kB
Active(file):     427840 kB
Inactive(file):   425784 kB
Unevictable:        3920 kB
Mlocked:               0 kB
SwapTotal:        524284 kB
SwapFree:         477700 kB
Dirty:               664 kB
Writeback:             0 kB
AnonPages:        842256 kB
Mapped:           347192 kB
Shmem:              1252 kB
Slab:             107208 kB
SReclaimable:      34076 kB
SUnreclaim:        73132 kB
KernelStack:       34592 kB
PageTables:        34920 kB
NFS_Unstable:          0 kB
Bounce:                0 kB
WritebackTmp:          0 kB
CommitLimit:     1815632 kB
Committed_AS:   95336308 kB
VmallocTotal:   251658176 kB
VmallocUsed:      110820 kB
VmallocChunk:   251443108 kB
Time pass: 352 sec

---2015-10-25 15:24:01
MemTotal:        2582696 kB
MemFree:          140192 kB
Buffers:           15112 kB
Cached:           843692 kB
SwapCached:          416 kB
Active:          1097108 kB
Inactive:         601244 kB
Active(anon):     669268 kB
Inactive(anon):   175452 kB
Active(file):     427840 kB
Inactive(file):   425792 kB
Unevictable:        3920 kB
Mlocked:               0 kB
SwapTotal:        524284 kB
SwapFree:         477700 kB
Dirty:               664 kB
Writeback:             0 kB
AnonPages:        843084 kB
Mapped:           347356 kB
Shmem:              1252 kB
Slab:             107304 kB
SReclaimable:      34076 kB
SUnreclaim:        73228 kB
KernelStack:       34640 kB
PageTables:        34920 kB
NFS_Unstable:          0 kB
Bounce:                0 kB
WritebackTmp:          0 kB
CommitLimit:     1815632 kB
Committed_AS:   95336380 kB
VmallocTotal:   251658176 kB
VmallocUsed:      110820 kB
VmallocChunk:   251443108 kB
Time pass: 356 sec

---2015-10-25 15:24:01
MemTotal:        2582696 kB
MemFree:          134952 kB
Buffers:           15112 kB
Cached:           843692 kB
SwapCached:          416 kB
Active:          1101824 kB
Inactive:         601240 kB
Active(anon):     673980 kB
Inactive(anon):   175452 kB
Active(file):     427844 kB
Inactive(file):   425788 kB
Unevictable:        3920 kB
Mlocked:               0 kB
SwapTotal:        524284 kB
SwapFree:         477700 kB
Dirty:               656 kB
Writeback:             0 kB
AnonPages:        848156 kB
Mapped:           351772 kB
Shmem:              1252 kB
Slab:             107240 kB
SReclaimable:      34076 kB
SUnreclaim:        73164 kB
KernelStack:       34912 kB
PageTables:        35332 kB
NFS_Unstable:          0 kB
Bounce:                0 kB
WritebackTmp:          0 kB
CommitLimit:     1815632 kB
Committed_AS:   96578280 kB
VmallocTotal:   251658176 kB
VmallocUsed:      111840 kB
VmallocChunk:   251443108 kB
Time pass: 360 sec

---2015-10-25 15:24:01
MemTotal:        2582696 kB
MemFree:          137872 kB
Buffers:           15112 kB
Cached:           843692 kB
SwapCached:          416 kB
Active:          1098308 kB
Inactive:         601244 kB
Active(anon):     670468 kB
Inactive(anon):   175452 kB
Active(file):     427840 kB
Inactive(file):   425792 kB
Unevictable:        3920 kB
Mlocked:               0 kB
SwapTotal:        524284 kB
SwapFree:         477700 kB
Dirty:               676 kB
Writeback:             0 kB
AnonPages:        844408 kB
Mapped:           347376 kB
Shmem:              1252 kB
Slab:             107256 kB
SReclaimable:      34092 kB
SUnreclaim:        73164 kB
KernelStack:       34672 kB
PageTables:        34924 kB
NFS_Unstable:          0 kB
Bounce:                0 kB
WritebackTmp:          0 kB
CommitLimit:     1815632 kB
Committed_AS:   95336508 kB
VmallocTotal:   251658176 kB
VmallocUsed:      110820 kB
VmallocChunk:   251443108 kB
Time pass: 363 sec

---2015-10-25 15:24:01
MemTotal:        2582696 kB
MemFree:          137916 kB
Buffers:           15112 kB
Cached:           843692 kB
SwapCached:          416 kB
Active:          1099400 kB
Inactive:         601240 kB
Active(anon):     671556 kB
Inactive(anon):   175452 kB
Active(file):     427844 kB
Inactive(file):   425788 kB
Unevictable:        3920 kB
Mlocked:               0 kB
SwapTotal:        524284 kB
SwapFree:         477700 kB
Dirty:               656 kB
Writeback:             0 kB
AnonPages:        845528 kB
Mapped:           347460 kB
Shmem:              1252 kB
Slab:             107248 kB
SReclaimable:      34092 kB
SUnreclaim:        73156 kB
KernelStack:       34768 kB
PageTables:        34916 kB
NFS_Unstable:          0 kB
Bounce:                0 kB
WritebackTmp:          0 kB
CommitLimit:     1815632 kB
Committed_AS:   95336400 kB
VmallocTotal:   251658176 kB
VmallocUsed:      110820 kB
VmallocChunk:   251443108 kB
Time pass: 367 sec

---2015-10-25 15:24:01
MemTotal:        2582696 kB
MemFree:          136880 kB
Buffers:           15112 kB
Cached:           843692 kB
SwapCached:          416 kB
Active:          1100108 kB
Inactive:         601240 kB
Active(anon):     672264 kB
Inactive(anon):   175452 kB
Active(file):     427844 kB
Inactive(file):   425788 kB
Unevictable:        3920 kB
Mlocked:               0 kB
SwapTotal:        524284 kB
SwapFree:         477700 kB
Dirty:               656 kB
Writeback:             0 kB
AnonPages:        846376 kB
Mapped:           347300 kB
Shmem:              1252 kB
Slab:             107248 kB
SReclaimable:      34092 kB
SUnreclaim:        73156 kB
KernelStack:       34656 kB
PageTables:        34924 kB
NFS_Unstable:          0 kB
Bounce:                0 kB
WritebackTmp:          0 kB
CommitLimit:     1815632 kB
Committed_AS:   95336204 kB
VmallocTotal:   251658176 kB
VmallocUsed:      110820 kB
VmallocChunk:   251443108 kB
Time pass: 370 sec

---2015-10-25 15:24:01
MemTotal:        2582696 kB
MemFree:          136364 kB
Buffers:           15112 kB
Cached:           843696 kB
SwapCached:          416 kB
Active:          1101380 kB
Inactive:         601248 kB
Active(anon):     673540 kB
Inactive(anon):   175452 kB
Active(file):     427840 kB
Inactive(file):   425796 kB
Unevictable:        3920 kB
Mlocked:               0 kB
SwapTotal:        524284 kB
SwapFree:         477700 kB
Dirty:               676 kB
Writeback:             0 kB
AnonPages:        847340 kB
Mapped:           347328 kB
Shmem:              1252 kB
Slab:             107272 kB
SReclaimable:      34092 kB
SUnreclaim:        73180 kB
KernelStack:       34832 kB
PageTables:        34900 kB
NFS_Unstable:          0 kB
Bounce:                0 kB
WritebackTmp:          0 kB
CommitLimit:     1815632 kB
Committed_AS:   95336332 kB
VmallocTotal:   251658176 kB
VmallocUsed:      110820 kB
VmallocChunk:   251443108 kB
Time pass: 374 sec

---2015-10-25 15:24:01
MemTotal:        2582696 kB
MemFree:          131960 kB
Buffers:           15112 kB
Cached:           843696 kB
SwapCached:          416 kB
Active:          1104992 kB
Inactive:         601244 kB
Active(anon):     677148 kB
Inactive(anon):   175452 kB
Active(file):     427844 kB
Inactive(file):   425792 kB
Unevictable:        3920 kB
Mlocked:               0 kB
SwapTotal:        524284 kB
SwapFree:         477700 kB
Dirty:               656 kB
Writeback:             0 kB
AnonPages:        851304 kB
Mapped:           351204 kB
Shmem:              1252 kB
Slab:             107248 kB
SReclaimable:      34092 kB
SUnreclaim:        73156 kB
KernelStack:       34848 kB
PageTables:        35324 kB
NFS_Unstable:          0 kB
Bounce:                0 kB
WritebackTmp:          0 kB
CommitLimit:     1815632 kB
Committed_AS:   96578204 kB
VmallocTotal:   251658176 kB
VmallocUsed:      111840 kB
VmallocChunk:   251443108 kB
Time pass: 378 sec

---2015-10-25 15:24:01
MemTotal:        2582696 kB
MemFree:          134184 kB
Buffers:           15112 kB
Cached:           843704 kB
SwapCached:          416 kB
Active:          1102668 kB
Inactive:         601244 kB
