---2015-12-17 16:44:23
MemTotal:        2873608 kB
MemFree:           79024 kB
Buffers:           22252 kB
Cached:          1299832 kB
SwapCached:            0 kB
Active:          1293632 kB
Inactive:         960576 kB
Active(anon):     749756 kB
Inactive(anon):   192276 kB
Active(file):     543876 kB
Inactive(file):   768300 kB
Unevictable:        8104 kB
Mlocked:               0 kB
SwapTotal:        718400 kB
SwapFree:         718400 kB
Dirty:              6212 kB
Writeback:             0 kB
AnonPages:        940104 kB
Mapped:           476724 kB
Shmem:              1912 kB
Slab:              93536 kB
SReclaimable:      28568 kB
SUnreclaim:        64968 kB
KernelStack:       37136 kB
PageTables:        50104 kB
NFS_Unstable:          0 kB
Bounce:                0 kB
WritebackTmp:          0 kB
CommitLimit:     2155204 kB
Committed_AS:   121432332 kB
VmallocTotal:   251658176 kB
VmallocUsed:      136288 kB
VmallocChunk:   251422764 kB
Time pass: 3 sec

---2015-12-17 16:44:23
MemTotal:        2873608 kB
MemFree:          101532 kB
Buffers:           22368 kB
Cached:          1306524 kB
SwapCached:            0 kB
Active:          1270672 kB
Inactive:         961692 kB
Active(anon):     721220 kB
Inactive(anon):   192092 kB
Active(file):     549452 kB
Inactive(file):   769600 kB
Unevictable:        8104 kB
Mlocked:               0 kB
SwapTotal:        718400 kB
SwapFree:         718400 kB
Dirty:               360 kB
Writeback:           220 kB
AnonPages:        911856 kB
Mapped:           467360 kB
Shmem:              1736 kB
Slab:              96076 kB
SReclaimable:      31320 kB
SUnreclaim:        64756 kB
KernelStack:       36128 kB
PageTables:        49108 kB
NFS_Unstable:          0 kB
Bounce:                0 kB
WritebackTmp:          0 kB
CommitLimit:     2155204 kB
Committed_AS:   119602740 kB
VmallocTotal:   251658176 kB
VmallocUsed:      134112 kB
VmallocChunk:   251417644 kB
Time pass: 7 sec

---2015-12-17 16:44:23
MemTotal:        2873608 kB
MemFree:           77532 kB
Buffers:           22612 kB
Cached:          1306608 kB
SwapCached:            0 kB
Active:          1309776 kB
Inactive:         947844 kB
Active(anon):     746188 kB
Inactive(anon):   191916 kB
Active(file):     563588 kB
Inactive(file):   755928 kB
Unevictable:        8104 kB
Mlocked:               0 kB
SwapTotal:        718400 kB
SwapFree:         718400 kB
Dirty:              1020 kB
Writeback:             0 kB
AnonPages:        936508 kB
Mapped:           479488 kB
Shmem:              1600 kB
Slab:              96144 kB
SReclaimable:      31344 kB
SUnreclaim:        64800 kB
KernelStack:       36224 kB
PageTables:        48464 kB
NFS_Unstable:          0 kB
Bounce:                0 kB
WritebackTmp:          0 kB
CommitLimit:     2155204 kB
Committed_AS:   118358144 kB
VmallocTotal:   251658176 kB
VmallocUsed:      133092 kB
VmallocChunk:   251417644 kB
Time pass: 11 sec

---2015-12-17 16:44:23
MemTotal:        2873608 kB
MemFree:           73892 kB
Buffers:           24096 kB
Cached:          1299072 kB
SwapCached:            0 kB
Active:          1318696 kB
Inactive:         939768 kB
Active(anon):     753144 kB
Inactive(anon):   191972 kB
Active(file):     565552 kB
Inactive(file):   747796 kB
Unevictable:        8104 kB
Mlocked:               0 kB
SwapTotal:        718400 kB
SwapFree:         718400 kB
Dirty:               808 kB
Writeback:             0 kB
AnonPages:        943760 kB
Mapped:           503232 kB
Shmem:              1652 kB
Slab:              96368 kB
SReclaimable:      31332 kB
SUnreclaim:        65036 kB
KernelStack:       36768 kB
PageTables:        49144 kB
NFS_Unstable:          0 kB
Bounce:                0 kB
WritebackTmp:          0 kB
CommitLimit:     2155204 kB
Committed_AS:   117439280 kB
VmallocTotal:   251658176 kB
VmallocUsed:      134248 kB
VmallocChunk:   251422764 kB
Time pass: 15 sec

---2015-12-17 16:44:23
MemTotal:        2873608 kB
MemFree:           64172 kB
Buffers:           24164 kB
Cached:          1291808 kB
SwapCached:            0 kB
Active:          1363892 kB
Inactive:         903484 kB
Active(anon):     768676 kB
Inactive(anon):   192692 kB
Active(file):     595216 kB
Inactive(file):   710792 kB
Unevictable:        8104 kB
Mlocked:               0 kB
SwapTotal:        718400 kB
SwapFree:         718400 kB
Dirty:              6676 kB
Writeback:             0 kB
AnonPages:        959704 kB
Mapped:           496404 kB
Shmem:              1860 kB
Slab:              96360 kB
SReclaimable:      31216 kB
SUnreclaim:        65144 kB
KernelStack:       37360 kB
PageTables:        49372 kB
NFS_Unstable:          0 kB
Bounce:                0 kB
WritebackTmp:          0 kB
CommitLimit:     2155204 kB
Committed_AS:   119219020 kB
VmallocTotal:   251658176 kB
VmallocUsed:      135268 kB
VmallocChunk:   251429932 kB
Time pass: 18 sec

---2015-12-17 16:44:23
MemTotal:        2873608 kB
MemFree:           65372 kB
Buffers:           24028 kB
Cached:          1210800 kB
SwapCached:            0 kB
Active:          1399428 kB
Inactive:         807532 kB
Active(anon):     789424 kB
Inactive(anon):   197428 kB
Active(file):     610004 kB
Inactive(file):   610104 kB
Unevictable:       13284 kB
Mlocked:               0 kB
SwapTotal:        718400 kB
SwapFree:         717924 kB
Dirty:              1928 kB
Writeback:             0 kB
AnonPages:        985472 kB
Mapped:           471052 kB
Shmem:              1360 kB
Slab:              94504 kB
SReclaimable:      28480 kB
SUnreclaim:        66024 kB
KernelStack:       38416 kB
PageTables:        50304 kB
NFS_Unstable:          0 kB
Bounce:                0 kB
WritebackTmp:          0 kB
CommitLimit:     2155204 kB
Committed_AS:   120419204 kB
VmallocTotal:   251658176 kB
VmallocUsed:      134688 kB
VmallocChunk:   251429932 kB
Time pass: 22 sec

---2015-12-17 16:44:23
MemTotal:        2873608 kB
MemFree:           73128 kB
Buffers:           23636 kB
Cached:          1115704 kB
SwapCached:            0 kB
Active:          1357196 kB
Inactive:         761880 kB
Active(anon):     794868 kB
Inactive(anon):   200144 kB
Active(file):     562328 kB
Inactive(file):   561736 kB
Unevictable:       13568 kB
Mlocked:               0 kB
SwapTotal:        718400 kB
SwapFree:         717284 kB
Dirty:              8392 kB
Writeback:             0 kB
AnonPages:        992072 kB
Mapped:           531000 kB
Shmem:              1512 kB
Slab:              94956 kB
SReclaimable:      28752 kB
SUnreclaim:        66204 kB
KernelStack:       38224 kB
PageTables:        51792 kB
NFS_Unstable:          0 kB
Bounce:                0 kB
WritebackTmp:          0 kB
CommitLimit:     2155204 kB
Committed_AS:   125908000 kB
VmallocTotal:   251658176 kB
VmallocUsed:      139532 kB
VmallocChunk:   251429932 kB
Time pass: 26 sec

---2015-12-17 16:44:23
MemTotal:        2873608 kB
MemFree:          103228 kB
Buffers:           23852 kB
Cached:          1110888 kB
SwapCached:            0 kB
Active:          1339836 kB
Inactive:         753256 kB
Active(anon):     772284 kB
Inactive(anon):   200980 kB
Active(file):     567552 kB
Inactive(file):   552276 kB
Unevictable:       13568 kB
Mlocked:               0 kB
SwapTotal:        718400 kB
SwapFree:         717184 kB
Dirty:               436 kB
Writeback:             0 kB
AnonPages:        972108 kB
Mapped:           527872 kB
Shmem:              1320 kB
Slab:              97460 kB
SReclaimable:      31520 kB
SUnreclaim:        65940 kB
KernelStack:       38800 kB
PageTables:        49924 kB
NFS_Unstable:          0 kB
Bounce:                0 kB
WritebackTmp:          0 kB
CommitLimit:     2155204 kB
Committed_AS:   118767300 kB
VmallocTotal:   251658176 kB
VmallocUsed:      136336 kB
VmallocChunk:   251429932 kB
Time pass: 30 sec

---2015-12-17 16:44:23
MemTotal:        2873608 kB
MemFree:          126168 kB
Buffers:           23908 kB
Cached:          1110892 kB
SwapCached:            0 kB
Active:          1322204 kB
Inactive:         749924 kB
Active(anon):     751248 kB
Inactive(anon):   200972 kB
Active(file):     570956 kB
Inactive(file):   548952 kB
Unevictable:       13568 kB
Mlocked:               0 kB
SwapTotal:        718400 kB
SwapFree:         717184 kB
Dirty:              7152 kB
Writeback:             0 kB
AnonPages:        951320 kB
Mapped:           538456 kB
Shmem:              1312 kB
Slab:              97628 kB
SReclaimable:      31548 kB
SUnreclaim:        66080 kB
KernelStack:       37568 kB
PageTables:        50156 kB
NFS_Unstable:          0 kB
Bounce:                0 kB
WritebackTmp:          0 kB
CommitLimit:     2155204 kB
Committed_AS:   119327988 kB
VmallocTotal:   251658176 kB
VmallocUsed:      135292 kB
VmallocChunk:   251429932 kB
Time pass: 33 sec

---2015-12-17 16:44:23
MemTotal:        2873608 kB
MemFree:           81036 kB
Buffers:           24076 kB
Cached:          1131596 kB
SwapCached:            0 kB
Active:          1346008 kB
Inactive:         767076 kB
Active(anon):     771564 kB
Inactive(anon):   200896 kB
Active(file):     574444 kB
Inactive(file):   566180 kB
Unevictable:       13568 kB
Mlocked:               0 kB
SwapTotal:        718400 kB
SwapFree:         717184 kB
Dirty:               136 kB
Writeback:             0 kB
AnonPages:        971404 kB
Mapped:           535456 kB
Shmem:              1236 kB
Slab:              97292 kB
SReclaimable:      31452 kB
SUnreclaim:        65840 kB
KernelStack:       37776 kB
PageTables:        50780 kB
NFS_Unstable:          0 kB
Bounce:                0 kB
WritebackTmp:          0 kB
CommitLimit:     2155204 kB
Committed_AS:   120547312 kB
VmallocTotal:   251658176 kB
VmallocUsed:      136472 kB
VmallocChunk:   251423788 kB
Time pass: 37 sec

---2015-12-17 16:44:23
MemTotal:        2873608 kB
MemFree:           69060 kB
Buffers:           23924 kB
Cached:          1125040 kB
SwapCached:            0 kB
Active:          1357676 kB
Inactive:         767648 kB
Active(anon):     790712 kB
Inactive(anon):   200640 kB
Active(file):     566964 kB
Inactive(file):   567008 kB
Unevictable:       13568 kB
Mlocked:               0 kB
SwapTotal:        718400 kB
SwapFree:         716984 kB
Dirty:               336 kB
Writeback:             4 kB
AnonPages:        990164 kB
Mapped:           555132 kB
Shmem:              1236 kB
Slab:              96956 kB
SReclaimable:      30944 kB
SUnreclaim:        66012 kB
KernelStack:       38752 kB
PageTables:        50520 kB
NFS_Unstable:          0 kB
Bounce:                0 kB
WritebackTmp:          0 kB
CommitLimit:     2155204 kB
Committed_AS:   119867168 kB
VmallocTotal:   251658176 kB
VmallocUsed:      135452 kB
VmallocChunk:   251414572 kB
Time pass: 41 sec

---2015-12-17 16:44:23
MemTotal:        2873608 kB
MemFree:           85660 kB
Buffers:           22940 kB
Cached:          1100964 kB
SwapCached:            0 kB
Active:          1351312 kB
Inactive:         756816 kB
Active(anon):     796972 kB
Inactive(anon):   202040 kB
Active(file):     554340 kB
Inactive(file):   554776 kB
Unevictable:       13568 kB
Mlocked:               0 kB
SwapTotal:        718400 kB
SwapFree:         716392 kB
Dirty:               264 kB
Writeback:             0 kB
AnonPages:        997776 kB
Mapped:           542636 kB
Shmem:              1120 kB
Slab:              98800 kB
SReclaimable:      31468 kB
SUnreclaim:        67332 kB
KernelStack:       39792 kB
PageTables:        51900 kB
NFS_Unstable:          0 kB
Bounce:                0 kB
WritebackTmp:          0 kB
CommitLimit:     2155204 kB
Committed_AS:   123424900 kB
VmallocTotal:   251658176 kB
VmallocUsed:      138376 kB
VmallocChunk:   251409452 kB
Time pass: 45 sec

---2015-12-17 16:44:23
MemTotal:        2873608 kB
MemFree:           86828 kB
Buffers:           16784 kB
Cached:          1106236 kB
SwapCached:            0 kB
Active:          1352120 kB
Inactive:         757648 kB
Active(anon):     797424 kB
Inactive(anon):   204088 kB
Active(file):     554696 kB
Inactive(file):   553560 kB
Unevictable:       13568 kB
Mlocked:               0 kB
SwapTotal:        718400 kB
SwapFree:         716332 kB
Dirty:              1072 kB
Writeback:             0 kB
AnonPages:       1000604 kB
Mapped:           532448 kB
Shmem:              1344 kB
Slab:              98884 kB
SReclaimable:      31176 kB
SUnreclaim:        67708 kB
KernelStack:       38976 kB
PageTables:        52540 kB
NFS_Unstable:          0 kB
Bounce:                0 kB
WritebackTmp:          0 kB
CommitLimit:     2155204 kB
Committed_AS:   126298872 kB
VmallocTotal:   251658176 kB
VmallocUsed:      138344 kB
VmallocChunk:   251409452 kB
Time pass: 49 sec

---2015-12-17 16:44:23
MemTotal:        2873608 kB
MemFree:           71352 kB
Buffers:           16696 kB
Cached:          1062592 kB
SwapCached:            0 kB
Active:          1327088 kB
Inactive:         733724 kB
Active(anon):     793264 kB
Inactive(anon):   203020 kB
Active(file):     533824 kB
Inactive(file):   530704 kB
Unevictable:       13568 kB
Mlocked:               0 kB
SwapTotal:        718400 kB
SwapFree:         715460 kB
Dirty:               420 kB
Writeback:             0 kB
AnonPages:        995076 kB
Mapped:           549312 kB
Shmem:              1188 kB
Slab:              98852 kB
SReclaimable:      31292 kB
SUnreclaim:        67560 kB
KernelStack:       38752 kB
PageTables:        51864 kB
NFS_Unstable:          0 kB
Bounce:                0 kB
WritebackTmp:          0 kB
CommitLimit:     2155204 kB
Committed_AS:   123281532 kB
VmallocTotal:   251658176 kB
VmallocUsed:      136560 kB
VmallocChunk:   251409452 kB
Time pass: 52 sec

---2015-12-17 16:44:23
MemTotal:        2873608 kB
MemFree:           80220 kB
Buffers:           16860 kB
Cached:          1055336 kB
SwapCached:            0 kB
Active:          1342504 kB
Inactive:         709536 kB
Active(anon):     791940 kB
Inactive(anon):   202628 kB
Active(file):     550564 kB
Inactive(file):   506908 kB
Unevictable:       13568 kB
Mlocked:               0 kB
SwapTotal:        718400 kB
SwapFree:         715264 kB
Dirty:               600 kB
Writeback:             0 kB
AnonPages:        993216 kB
Mapped:           549300 kB
Shmem:              1124 kB
Slab:              98880 kB
SReclaimable:      31292 kB
SUnreclaim:        67588 kB
KernelStack:       38656 kB
PageTables:        51932 kB
NFS_Unstable:          0 kB
Bounce:                0 kB
WritebackTmp:          0 kB
CommitLimit:     2155204 kB
Committed_AS:   123282976 kB
VmallocTotal:   251658176 kB
VmallocUsed:      136560 kB
VmallocChunk:   251409452 kB
Time pass: 56 sec

---2015-12-17 16:44:23
MemTotal:        2873608 kB
MemFree:           67532 kB
Buffers:           16048 kB
Cached:          1031248 kB
SwapCached:            0 kB
Active:          1329396 kB
Inactive:         713552 kB
Active(anon):     807956 kB
Inactive(anon):   202212 kB
Active(file):     521440 kB
Inactive(file):   511340 kB
Unevictable:       13568 kB
Mlocked:               0 kB
SwapTotal:        718400 kB
SwapFree:         714124 kB
Dirty:              1288 kB
Writeback:             0 kB
AnonPages:       1009200 kB
Mapped:           582220 kB
Shmem:              1120 kB
Slab:              98172 kB
SReclaimable:      30796 kB
SUnreclaim:        67376 kB
KernelStack:       38128 kB
PageTables:        50924 kB
NFS_Unstable:          0 kB
Bounce:                0 kB
WritebackTmp:          0 kB
CommitLimit:     2155204 kB
Committed_AS:   120819520 kB
VmallocTotal:   251658176 kB
VmallocUsed:      134740 kB
VmallocChunk:   251409452 kB
Time pass: 60 sec

---2015-12-17 16:44:23
MemTotal:        2873608 kB
MemFree:           84600 kB
Buffers:           15360 kB
Cached:          1022908 kB
SwapCached:            0 kB
Active:          1306140 kB
Inactive:         711064 kB
Active(anon):     791700 kB
Inactive(anon):   201948 kB
Active(file):     514440 kB
Inactive(file):   509116 kB
Unevictable:       13568 kB
Mlocked:               0 kB
SwapTotal:        718400 kB
SwapFree:         713880 kB
Dirty:                 0 kB
Writeback:             0 kB
AnonPages:        992576 kB
Mapped:           590728 kB
Shmem:              1124 kB
Slab:              98672 kB
SReclaimable:      31224 kB
SUnreclaim:        67448 kB
KernelStack:       38000 kB
PageTables:        50952 kB
NFS_Unstable:          0 kB
Bounce:                0 kB
WritebackTmp:          0 kB
CommitLimit:     2155204 kB
Committed_AS:   120819008 kB
VmallocTotal:   251658176 kB
VmallocUsed:      134812 kB
VmallocChunk:   251409452 kB
Time pass: 63 sec

---2015-12-17 16:44:23
MemTotal:        2873608 kB
MemFree:           65136 kB
Buffers:           15728 kB
Cached:          1008964 kB
SwapCached:            0 kB
Active:          1329796 kB
Inactive:         709912 kB
Active(anon):     824684 kB
Inactive(anon):   205024 kB
Active(file):     505112 kB
Inactive(file):   504888 kB
Unevictable:       13568 kB
Mlocked:               0 kB
SwapTotal:        718400 kB
SwapFree:         713540 kB
Dirty:               164 kB
Writeback:             0 kB
AnonPages:       1028488 kB
Mapped:           606740 kB
Shmem:              1124 kB
Slab:              98696 kB
SReclaimable:      31348 kB
SUnreclaim:        67348 kB
KernelStack:       38592 kB
PageTables:        51140 kB
NFS_Unstable:          0 kB
Bounce:                0 kB
WritebackTmp:          0 kB
CommitLimit:     2155204 kB
Committed_AS:   120282680 kB
VmallocTotal:   251658176 kB
VmallocUsed:      134812 kB
VmallocChunk:   251409452 kB
Time pass: 67 sec

---2015-12-17 16:44:23
MemTotal:        2873608 kB
MemFree:           84436 kB
Buffers:           15716 kB
Cached:          1003160 kB
SwapCached:            0 kB
Active:          1300108 kB
Inactive:         708780 kB
Active(anon):     798112 kB
Inactive(anon):   206596 kB
Active(file):     501996 kB
Inactive(file):   502184 kB
Unevictable:       13568 kB
Mlocked:               0 kB
SwapTotal:        718400 kB
SwapFree:         713532 kB
Dirty:                84 kB
Writeback:             0 kB
AnonPages:       1003740 kB
Mapped:           615592 kB
Shmem:              1124 kB
Slab:              98724 kB
SReclaimable:      31380 kB
SUnreclaim:        67344 kB
KernelStack:       38576 kB
PageTables:        51164 kB
NFS_Unstable:          0 kB
Bounce:                0 kB
WritebackTmp:          0 kB
CommitLimit:     2155204 kB
Committed_AS:   120282944 kB
VmallocTotal:   251658176 kB
VmallocUsed:      134896 kB
VmallocChunk:   251409452 kB
Time pass: 71 sec

---2015-12-17 16:44:23
MemTotal:        2873608 kB
MemFree:           84956 kB
Buffers:           15716 kB
Cached:          1003216 kB
SwapCached:            0 kB
Active:          1299896 kB
Inactive:         708780 kB
Active(anon):     797896 kB
Inactive(anon):   206596 kB
Active(file):     502000 kB
Inactive(file):   502184 kB
Unevictable:       13568 kB
Mlocked:               0 kB
SwapTotal:        718400 kB
SwapFree:         713532 kB
Dirty:               140 kB
Writeback:             0 kB
AnonPages:       1003612 kB
Mapped:           615684 kB
Shmem:              1124 kB
Slab:              98716 kB
SReclaimable:      31380 kB
SUnreclaim:        67336 kB
KernelStack:       38544 kB
PageTables:        51180 kB
NFS_Unstable:          0 kB
Bounce:                0 kB
WritebackTmp:          0 kB
CommitLimit:     2155204 kB
Committed_AS:   120282872 kB
VmallocTotal:   251658176 kB
VmallocUsed:      134896 kB
VmallocChunk:   251409452 kB
Time pass: 75 sec

---2015-12-17 16:44:23
MemTotal:        2873608 kB
MemFree:           64716 kB
Buffers:           15736 kB
Cached:          1004472 kB
SwapCached:            0 kB
Active:          1317560 kB
Inactive:         709636 kB
Active(anon):     815044 kB
Inactive(anon):   206592 kB
Active(file):     502516 kB
Inactive(file):   503044 kB
Unevictable:       13568 kB
Mlocked:               0 kB
SwapTotal:        718400 kB
SwapFree:         713532 kB
Dirty:               404 kB
Writeback:             0 kB
AnonPages:       1020896 kB
Mapped:           616636 kB
Shmem:              1124 kB
Slab:              98744 kB
SReclaimable:      31412 kB
SUnreclaim:        67332 kB
KernelStack:       38528 kB
PageTables:        51216 kB
NFS_Unstable:          0 kB
Bounce:                0 kB
WritebackTmp:          0 kB
CommitLimit:     2155204 kB
Committed_AS:   120291484 kB
VmallocTotal:   251658176 kB
VmallocUsed:      134896 kB
VmallocChunk:   251409452 kB
Time pass: 78 sec

---2015-12-17 16:44:23
MemTotal:        2873608 kB
MemFree:           63504 kB
Buffers:           15596 kB
Cached:           981092 kB
SwapCached:            0 kB
Active:          1305600 kB
Inactive:         696696 kB
Active(anon):     814724 kB
Inactive(anon):   205580 kB
Active(file):     490876 kB
Inactive(file):   491116 kB
Unevictable:       13568 kB
Mlocked:               0 kB
SwapTotal:        718400 kB
SwapFree:         712872 kB
Dirty:                88 kB
Writeback:             0 kB
AnonPages:       1019276 kB
Mapped:           645916 kB
Shmem:              1124 kB
Slab:              98952 kB
SReclaimable:      31604 kB
SUnreclaim:        67348 kB
KernelStack:       39056 kB
PageTables:        51832 kB
NFS_Unstable:          0 kB
Bounce:                0 kB
WritebackTmp:          0 kB
CommitLimit:     2155204 kB
Committed_AS:   121538216 kB
VmallocTotal:   251658176 kB
VmallocUsed:      136144 kB
VmallocChunk:   251409452 kB
Time pass: 82 sec

---2015-12-17 16:44:23
MemTotal:        2873608 kB
MemFree:           71144 kB
Buffers:           15268 kB
Cached:           960356 kB
SwapCached:            4 kB
Active:          1307456 kB
Inactive:         688324 kB
Active(anon):     826544 kB
Inactive(anon):   208384 kB
Active(file):     480912 kB
Inactive(file):   479940 kB
Unevictable:       13568 kB
Mlocked:               0 kB
SwapTotal:        718400 kB
SwapFree:         712356 kB
Dirty:                 0 kB
Writeback:             0 kB
AnonPages:       1033660 kB
Mapped:           647240 kB
Shmem:              1200 kB
Slab:              98828 kB
SReclaimable:      31444 kB
SUnreclaim:        67384 kB
KernelStack:       39472 kB
PageTables:        51108 kB
NFS_Unstable:          0 kB
Bounce:                0 kB
WritebackTmp:          0 kB
CommitLimit:     2155204 kB
Committed_AS:   119786808 kB
VmallocTotal:   251658176 kB
VmallocUsed:      137552 kB
VmallocChunk:   251409452 kB
Time pass: 86 sec

---2015-12-17 16:44:23
MemTotal:        2873608 kB
MemFree:           68196 kB
Buffers:           15248 kB
Cached:           940496 kB
SwapCached:            4 kB
Active:          1300280 kB
Inactive:         677580 kB
Active(anon):     829328 kB
Inactive(anon):   207772 kB
Active(file):     470952 kB
Inactive(file):   469808 kB
Unevictable:       13568 kB
Mlocked:               0 kB
SwapTotal:        718400 kB
SwapFree:         711732 kB
Dirty:               148 kB
Writeback:             0 kB
AnonPages:       1035744 kB
Mapped:           647552 kB
Shmem:              1380 kB
Slab:              98744 kB
SReclaimable:      31492 kB
SUnreclaim:        67252 kB
KernelStack:       39200 kB
PageTables:        51376 kB
NFS_Unstable:          0 kB
Bounce:                0 kB
WritebackTmp:          0 kB
CommitLimit:     2155204 kB
Committed_AS:   119791004 kB
VmallocTotal:   251658176 kB
VmallocUsed:      137564 kB
VmallocChunk:   251409452 kB
Time pass: 90 sec

---2015-12-17 16:44:23
MemTotal:        2873608 kB
MemFree:           65548 kB
Buffers:           15256 kB
Cached:           940548 kB
SwapCached:            4 kB
Active:          1302076 kB
Inactive:         677704 kB
Active(anon):     831140 kB
Inactive(anon):   207864 kB
Active(file):     470936 kB
Inactive(file):   469840 kB
Unevictable:       13568 kB
Mlocked:               0 kB
SwapTotal:        718400 kB
SwapFree:         711732 kB
Dirty:                44 kB
Writeback:             0 kB
AnonPages:       1037496 kB
Mapped:           647896 kB
Shmem:              1456 kB
Slab:              98648 kB
SReclaimable:      31380 kB
SUnreclaim:        67268 kB
KernelStack:       39184 kB
PageTables:        51516 kB
NFS_Unstable:          0 kB
Bounce:                0 kB
WritebackTmp:          0 kB
CommitLimit:     2155204 kB
Committed_AS:   119795172 kB
VmallocTotal:   251658176 kB
VmallocUsed:      137564 kB
VmallocChunk:   251409452 kB
Time pass: 94 sec

---2015-12-17 16:44:23
MemTotal:        2873608 kB
MemFree:           67252 kB
Buffers:           15304 kB
Cached:           935236 kB
SwapCached:            4 kB
Active:          1304244 kB
Inactive:         673520 kB
Active(anon):     833836 kB
Inactive(anon):   208636 kB
Active(file):     470408 kB
Inactive(file):   464884 kB
Unevictable:       13568 kB
Mlocked:               0 kB
SwapTotal:        718400 kB
SwapFree:         711632 kB
Dirty:                88 kB
Writeback:             0 kB
AnonPages:       1040696 kB
Mapped:           648712 kB
Shmem:              1680 kB
Slab:              98648 kB
SReclaimable:      31380 kB
SUnreclaim:        67268 kB
KernelStack:       39408 kB
PageTables:        51548 kB
NFS_Unstable:          0 kB
Bounce:                0 kB
WritebackTmp:          0 kB
CommitLimit:     2155204 kB
Committed_AS:   119796116 kB
VmallocTotal:   251658176 kB
VmallocUsed:      137564 kB
VmallocChunk:   251409452 kB
Time pass: 97 sec

---2015-12-17 16:44:23
MemTotal:        2873608 kB
MemFree:           67764 kB
Buffers:           15312 kB
Cached:           935248 kB
SwapCached:            4 kB
Active:          1304244 kB
Inactive:         673504 kB
Active(anon):     833824 kB
Inactive(anon):   208624 kB
Active(file):     470420 kB
Inactive(file):   464880 kB
Unevictable:       13568 kB
Mlocked:               0 kB
SwapTotal:        718400 kB
SwapFree:         711632 kB
Dirty:               104 kB
Writeback:             0 kB
AnonPages:       1040744 kB
Mapped:           648820 kB
Shmem:              1692 kB
Slab:              98648 kB
SReclaimable:      31380 kB
SUnreclaim:        67268 kB
KernelStack:       39392 kB
PageTables:        51632 kB
NFS_Unstable:          0 kB
Bounce:                0 kB
WritebackTmp:          0 kB
CommitLimit:     2155204 kB
Committed_AS:   119796116 kB
VmallocTotal:   251658176 kB
VmallocUsed:      137564 kB
VmallocChunk:   251409452 kB
Time pass: 101 sec

---2015-12-17 16:44:23
MemTotal:        2873608 kB
MemFree:           77872 kB
Buffers:           15236 kB
Cached:           930304 kB
SwapCached:            4 kB
Active:          1301724 kB
Inactive:         666232 kB
Active(anon):     828320 kB
Inactive(anon):   209020 kB
Active(file):     473404 kB
Inactive(file):   457212 kB
Unevictable:       13568 kB
Mlocked:               0 kB
SwapTotal:        718400 kB
SwapFree:         711452 kB
Dirty:                68 kB
Writeback:             0 kB
AnonPages:       1036228 kB
Mapped:           647632 kB
Shmem:              1252 kB
Slab:              98648 kB
SReclaimable:      31380 kB
SUnreclaim:        67268 kB
KernelStack:       39440 kB
PageTables:        51428 kB
NFS_Unstable:          0 kB
Bounce:                0 kB
WritebackTmp:          0 kB
CommitLimit:     2155204 kB
Committed_AS:   119768632 kB
VmallocTotal:   251658176 kB
VmallocUsed:      137564 kB
VmallocChunk:   251409452 kB
Time pass: 105 sec

---2015-12-17 16:44:23
MemTotal:        2873608 kB
MemFree:           93468 kB
Buffers:           15240 kB
Cached:           919828 kB
SwapCached:            4 kB
Active:          1275568 kB
Inactive:         663908 kB
Active(anon):     810992 kB
Inactive(anon):   208156 kB
Active(file):     464576 kB
Inactive(file):   455752 kB
Unevictable:       13568 kB
Mlocked:               0 kB
SwapTotal:        718400 kB
SwapFree:         710764 kB
Dirty:               316 kB
Writeback:             0 kB
AnonPages:       1017652 kB
Mapped:           659508 kB
Shmem:              1120 kB
Slab:              98856 kB
SReclaimable:      31380 kB
SUnreclaim:        67476 kB
KernelStack:       39152 kB
PageTables:        51540 kB
NFS_Unstable:          0 kB
Bounce:                0 kB
WritebackTmp:          0 kB
CommitLimit:     2155204 kB
Committed_AS:   121007388 kB
VmallocTotal:   251658176 kB
VmallocUsed:      138716 kB
VmallocChunk:   251409452 kB
Time pass: 109 sec

---2015-12-17 16:44:23
MemTotal:        2873608 kB
MemFree:          292724 kB
Buffers:           13328 kB
Cached:           916412 kB
SwapCached:            4 kB
Active:          1209656 kB
Inactive:         661508 kB
Active(anon):     748444 kB
Inactive(anon):   207540 kB
Active(file):     461212 kB
Inactive(file):   453968 kB
Unevictable:       13568 kB
Mlocked:               0 kB
SwapTotal:        718400 kB
SwapFree:         710308 kB
Dirty:                32 kB
Writeback:             0 kB
AnonPages:        954820 kB
Mapped:           478152 kB
Shmem:               992 kB
Slab:              98376 kB
SReclaimable:      31252 kB
SUnreclaim:        67124 kB
KernelStack:       37984 kB
PageTables:        50184 kB
NFS_Unstable:          0 kB
Bounce:                0 kB
WritebackTmp:          0 kB
CommitLimit:     2155204 kB
Committed_AS:   119634812 kB
VmallocTotal:   251658176 kB
VmallocUsed:      136596 kB
VmallocChunk:   251409452 kB
Time pass: 112 sec

---2015-12-17 16:44:23
MemTotal:        2873608 kB
MemFree:          290368 kB
Buffers:           13328 kB
Cached:           917360 kB
SwapCached:            4 kB
Active:          1211836 kB
Inactive:         662092 kB
Active(anon):     750312 kB
Inactive(anon):   207536 kB
Active(file):     461524 kB
Inactive(file):   454556 kB
Unevictable:       13568 kB
Mlocked:               0 kB
SwapTotal:        718400 kB
SwapFree:         710308 kB
Dirty:               132 kB
Writeback:             0 kB
AnonPages:        957084 kB
Mapped:           478548 kB
Shmem:               992 kB
Slab:              98268 kB
SReclaimable:      31252 kB
SUnreclaim:        67016 kB
KernelStack:       37952 kB
PageTables:        50484 kB
NFS_Unstable:          0 kB
Bounce:                0 kB
WritebackTmp:          0 kB
CommitLimit:     2155204 kB
Committed_AS:   123663764 kB
VmallocTotal:   251658176 kB
VmallocUsed:      136596 kB
VmallocChunk:   251409452 kB
Time pass: 116 sec

---2015-12-17 16:44:23
MemTotal:        2873608 kB
MemFree:          224404 kB
Buffers:           13600 kB
Cached:           921668 kB
SwapCached:            4 kB
Active:          1269968 kB
Inactive:         660060 kB
Active(anon):     801840 kB
Inactive(anon):   207668 kB
Active(file):     468128 kB
Inactive(file):   452392 kB
Unevictable:       13568 kB
Mlocked:               0 kB
SwapTotal:        718400 kB
SwapFree:         710308 kB
Dirty:              2232 kB
Writeback:             0 kB
AnonPages:       1008276 kB
Mapped:           537520 kB
Shmem:              1124 kB
Slab:              98456 kB
SReclaimable:      31252 kB
SUnreclaim:        67204 kB
KernelStack:       39168 kB
PageTables:        51524 kB
NFS_Unstable:          0 kB
Bounce:                0 kB
WritebackTmp:          0 kB
CommitLimit:     2155204 kB
Committed_AS:   121507240 kB
VmallocTotal:   251658176 kB
VmallocUsed:      137656 kB
VmallocChunk:   251409452 kB
Time pass: 120 sec

---2015-12-17 16:44:23
MemTotal:        2873608 kB
MemFree:          224264 kB
Buffers:           13600 kB
Cached:           921664 kB
SwapCached:            4 kB
Active:          1259740 kB
Inactive:         659940 kB
Active(anon):     791440 kB
Inactive(anon):   207668 kB
Active(file):     468300 kB
Inactive(file):   452272 kB
Unevictable:       13568 kB
Mlocked:               0 kB
SwapTotal:        718400 kB
SwapFree:         710308 kB
Dirty:                56 kB
Writeback:             0 kB
AnonPages:        997728 kB
Mapped:           548408 kB
Shmem:              1124 kB
Slab:              98416 kB
SReclaimable:      31252 kB
SUnreclaim:        67164 kB
KernelStack:       39152 kB
PageTables:        51544 kB
NFS_Unstable:          0 kB
Bounce:                0 kB
WritebackTmp:          0 kB
CommitLimit:     2155204 kB
Committed_AS:   121506184 kB
VmallocTotal:   251658176 kB
VmallocUsed:      135336 kB
VmallocChunk:   251409452 kB
Time pass: 123 sec

---2015-12-17 16:44:23
MemTotal:        2873608 kB
MemFree:          193428 kB
Buffers:           13608 kB
Cached:           922480 kB
SwapCached:            4 kB
Active:          1260612 kB
Inactive:         658952 kB
Active(anon):     790496 kB
Inactive(anon):   207668 kB
Active(file):     470116 kB
Inactive(file):   451284 kB
Unevictable:       13568 kB
Mlocked:               0 kB
SwapTotal:        718400 kB
SwapFree:         710308 kB
Dirty:               824 kB
Writeback:             0 kB
AnonPages:        997300 kB
Mapped:           570028 kB
Shmem:              1124 kB
Slab:              98392 kB
SReclaimable:      31236 kB
SUnreclaim:        67156 kB
KernelStack:       38368 kB
PageTables:        50856 kB
NFS_Unstable:          0 kB
Bounce:                0 kB
WritebackTmp:          0 kB
CommitLimit:     2155204 kB
Committed_AS:   120263664 kB
VmallocTotal:   251658176 kB
VmallocUsed:      134408 kB
VmallocChunk:   251409452 kB
Time pass: 127 sec

---2015-12-17 16:44:23
MemTotal:        2873608 kB
MemFree:          164088 kB
Buffers:           13616 kB
Cached:           922704 kB
SwapCached:            4 kB
Active:          1265656 kB
Inactive:         659060 kB
Active(anon):     795420 kB
Inactive(anon):   207668 kB
Active(file):     470236 kB
Inactive(file):   451392 kB
Unevictable:       13568 kB
Mlocked:               0 kB
SwapTotal:        718400 kB
SwapFree:         710308 kB
Dirty:              1116 kB
Writeback:             0 kB
AnonPages:       1001824 kB
Mapped:           589416 kB
Shmem:              1124 kB
Slab:              98248 kB
SReclaimable:      31236 kB
SUnreclaim:        67012 kB
KernelStack:       38336 kB
PageTables:        50900 kB
NFS_Unstable:          0 kB
Bounce:                0 kB
WritebackTmp:          0 kB
CommitLimit:     2155204 kB
Committed_AS:   120263704 kB
VmallocTotal:   251658176 kB
VmallocUsed:      134588 kB
VmallocChunk:   251409452 kB
Time pass: 131 sec

---2015-12-17 16:44:23
MemTotal:        2873608 kB
MemFree:          163216 kB
Buffers:           13624 kB
Cached:           922696 kB
SwapCached:            4 kB
Active:          1265828 kB
Inactive:         659060 kB
Active(anon):     795592 kB
Inactive(anon):   207668 kB
Active(file):     470236 kB
Inactive(file):   451392 kB
Unevictable:       13568 kB
Mlocked:               0 kB
SwapTotal:        718400 kB
SwapFree:         710308 kB
Dirty:                68 kB
Writeback:             0 kB
AnonPages:       1002156 kB
Mapped:           589620 kB
Shmem:              1124 kB
Slab:              98248 kB
SReclaimable:      31236 kB
SUnreclaim:        67012 kB
KernelStack:       38336 kB
PageTables:        50896 kB
NFS_Unstable:          0 kB
Bounce:                0 kB
WritebackTmp:          0 kB
CommitLimit:     2155204 kB
Committed_AS:   120263808 kB
VmallocTotal:   251658176 kB
VmallocUsed:      134588 kB
VmallocChunk:   251409452 kB
Time pass: 134 sec

---2015-12-17 16:44:23
MemTotal:        2873608 kB
MemFree:          123352 kB
Buffers:           15160 kB
Cached:           922732 kB
SwapCached:            4 kB
Active:          1273828 kB
Inactive:         660524 kB
Active(anon):     803548 kB
Inactive(anon):   207668 kB
Active(file):     470280 kB
Inactive(file):   452856 kB
Unevictable:       13568 kB
Mlocked:               0 kB
SwapTotal:        718400 kB
SwapFree:         710308 kB
Dirty:               620 kB
Writeback:          1540 kB
AnonPages:       1010136 kB
Mapped:           612576 kB
Shmem:              1124 kB
Slab:              98244 kB
SReclaimable:      31236 kB
SUnreclaim:        67008 kB
KernelStack:       38368 kB
PageTables:        50900 kB
NFS_Unstable:          0 kB
Bounce:                0 kB
WritebackTmp:          0 kB
CommitLimit:     2155204 kB
Committed_AS:   120272464 kB
VmallocTotal:   251658176 kB
VmallocUsed:      134816 kB
VmallocChunk:   251409452 kB
Time pass: 138 sec

---2015-12-17 16:44:23
MemTotal:        2873608 kB
MemFree:          123772 kB
Buffers:           15192 kB
Cached:           922676 kB
SwapCached:            4 kB
Active:          1273512 kB
Inactive:         660492 kB
Active(anon):     803160 kB
Inactive(anon):   207668 kB
Active(file):     470352 kB
Inactive(file):   452824 kB
Unevictable:       13568 kB
Mlocked:               0 kB
SwapTotal:        718400 kB
SwapFree:         710308 kB
Dirty:                 0 kB
Writeback:             0 kB
AnonPages:       1009760 kB
Mapped:           618700 kB
Shmem:              1124 kB
Slab:              98296 kB
SReclaimable:      31236 kB
SUnreclaim:        67060 kB
KernelStack:       38400 kB
PageTables:        50908 kB
NFS_Unstable:          0 kB
Bounce:                0 kB
WritebackTmp:          0 kB
CommitLimit:     2155204 kB
Committed_AS:   120264288 kB
VmallocTotal:   251658176 kB
VmallocUsed:      134816 kB
VmallocChunk:   251409452 kB
Time pass: 142 sec

---2015-12-17 16:44:23
MemTotal:        2873608 kB
MemFree:          123868 kB
Buffers:           15220 kB
Cached:           922660 kB
SwapCached:            4 kB
Active:          1272724 kB
Inactive:         660488 kB
Active(anon):     802368 kB
Inactive(anon):   207668 kB
Active(file):     470356 kB
Inactive(file):   452820 kB
Unevictable:       13568 kB
Mlocked:               0 kB
SwapTotal:        718400 kB
SwapFree:         710308 kB
Dirty:                56 kB
Writeback:             0 kB
AnonPages:       1008884 kB
Mapped:           618732 kB
Shmem:              1124 kB
Slab:              98296 kB
SReclaimable:      31236 kB
SUnreclaim:        67060 kB
KernelStack:       38384 kB
PageTables:        50916 kB
NFS_Unstable:          0 kB
Bounce:                0 kB
WritebackTmp:          0 kB
CommitLimit:     2155204 kB
Committed_AS:   120264432 kB
VmallocTotal:   251658176 kB
VmallocUsed:      134816 kB
VmallocChunk:   251409452 kB
Time pass: 146 sec

---2015-12-17 16:44:23
MemTotal:        2873608 kB
MemFree:          112740 kB
Buffers:           15220 kB
Cached:           922712 kB
SwapCached:            4 kB
Active:          1273048 kB
Inactive:         660468 kB
Active(anon):     802608 kB
Inactive(anon):   207668 kB
Active(file):     470440 kB
Inactive(file):   452800 kB
Unevictable:       13568 kB
Mlocked:               0 kB
SwapTotal:        718400 kB
SwapFree:         710308 kB
Dirty:                92 kB
Writeback:             0 kB
AnonPages:       1009184 kB
Mapped:           621124 kB
Shmem:              1124 kB
Slab:              98164 kB
SReclaimable:      31236 kB
SUnreclaim:        66928 kB
KernelStack:       38240 kB
PageTables:        50384 kB
NFS_Unstable:          0 kB
Bounce:                0 kB
WritebackTmp:          0 kB
CommitLimit:     2155204 kB
Committed_AS:   119028472 kB
VmallocTotal:   251658176 kB
VmallocUsed:      133796 kB
VmallocChunk:   251409452 kB
Time pass: 150 sec

---2015-12-17 16:44:23
MemTotal:        2873608 kB
MemFree:          112284 kB
Buffers:           15252 kB
Cached:           922924 kB
SwapCached:            4 kB
Active:          1283268 kB
Inactive:         659720 kB
Active(anon):     811840 kB
Inactive(anon):   207868 kB
Active(file):     471428 kB
Inactive(file):   451852 kB
Unevictable:       13568 kB
Mlocked:               0 kB
SwapTotal:        718400 kB
SwapFree:         710308 kB
Dirty:                84 kB
Writeback:             0 kB
AnonPages:       1018268 kB
Mapped:           622200 kB
Shmem:              1328 kB
Slab:              98204 kB
SReclaimable:      31252 kB
SUnreclaim:        66952 kB
KernelStack:       38592 kB
PageTables:        50588 kB
NFS_Unstable:          0 kB
Bounce:                0 kB
WritebackTmp:          0 kB
CommitLimit:     2155204 kB
Committed_AS:   119064120 kB
VmallocTotal:   251658176 kB
VmallocUsed:      136228 kB
VmallocChunk:   251409452 kB
Time pass: 153 sec

---2015-12-17 16:44:23
MemTotal:        2873608 kB
MemFree:          108972 kB
Buffers:           15260 kB
Cached:           923048 kB
SwapCached:            4 kB
Active:          1284112 kB
Inactive:         659840 kB
Active(anon):     812672 kB
Inactive(anon):   208000 kB
Active(file):     471440 kB
Inactive(file):   451840 kB
Unevictable:       13568 kB
Mlocked:               0 kB
SwapTotal:        718400 kB
SwapFree:         710308 kB
Dirty:                 0 kB
Writeback:             0 kB
AnonPages:       1019096 kB
Mapped:           621888 kB
Shmem:              1460 kB
Slab:              98152 kB
SReclaimable:      31252 kB
SUnreclaim:        66900 kB
KernelStack:       38608 kB
PageTables:        50700 kB
NFS_Unstable:          0 kB
Bounce:                0 kB
WritebackTmp:          0 kB
CommitLimit:     2155204 kB
Committed_AS:   119064188 kB
VmallocTotal:   251658176 kB
VmallocUsed:      136248 kB
VmallocChunk:   251409452 kB
Time pass: 157 sec

---2015-12-17 16:44:23
MemTotal:        2873608 kB
MemFree:          108308 kB
Buffers:           15260 kB
Cached:           923096 kB
SwapCached:            4 kB
Active:          1284540 kB
Inactive:         659888 kB
Active(anon):     813100 kB
Inactive(anon):   208040 kB
Active(file):     471440 kB
Inactive(file):   451848 kB
Unevictable:       13568 kB
Mlocked:               0 kB
SwapTotal:        718400 kB
SwapFree:         710308 kB
Dirty:                44 kB
Writeback:             0 kB
AnonPages:       1019708 kB
Mapped:           622996 kB
Shmem:              1500 kB
Slab:              98108 kB
SReclaimable:      31252 kB
SUnreclaim:        66856 kB
KernelStack:       38608 kB
PageTables:        50716 kB
NFS_Unstable:          0 kB
Bounce:                0 kB
WritebackTmp:          0 kB
CommitLimit:     2155204 kB
Committed_AS:   119064308 kB
VmallocTotal:   251658176 kB
VmallocUsed:      136248 kB
VmallocChunk:   251409452 kB
Time pass: 161 sec

---2015-12-17 16:44:23
MemTotal:        2873608 kB
MemFree:          100044 kB
Buffers:           15284 kB
Cached:           923376 kB
SwapCached:            4 kB
Active:          1293140 kB
Inactive:         660192 kB
Active(anon):     821700 kB
Inactive(anon):   208320 kB
Active(file):     471440 kB
Inactive(file):   451872 kB
Unevictable:       13568 kB
Mlocked:               0 kB
SwapTotal:        718400 kB
SwapFree:         710308 kB
Dirty:                48 kB
Writeback:             0 kB
AnonPages:       1028164 kB
Mapped:           624716 kB
Shmem:              1780 kB
Slab:              98104 kB
SReclaimable:      31252 kB
SUnreclaim:        66852 kB
KernelStack:       38624 kB
PageTables:        50788 kB
NFS_Unstable:          0 kB
Bounce:                0 kB
WritebackTmp:          0 kB
CommitLimit:     2155204 kB
Committed_AS:   119080692 kB
VmallocTotal:   251658176 kB
VmallocUsed:      136248 kB
VmallocChunk:   251409452 kB
Time pass: 165 sec

---2015-12-17 16:44:23
MemTotal:        2873608 kB
MemFree:           89504 kB
Buffers:           15332 kB
Cached:           923164 kB
SwapCached:            4 kB
Active:          1299928 kB
Inactive:         659804 kB
Active(anon):     828288 kB
Inactive(anon):   207848 kB
Active(file):     471640 kB
Inactive(file):   451956 kB
Unevictable:       13568 kB
Mlocked:               0 kB
SwapTotal:        718400 kB
SwapFree:         710308 kB
Dirty:                 0 kB
Writeback:             0 kB
AnonPages:       1034684 kB
Mapped:           623916 kB
Shmem:              1332 kB
Slab:              98136 kB
SReclaimable:      31252 kB
SUnreclaim:        66884 kB
KernelStack:       38608 kB
PageTables:        50768 kB
NFS_Unstable:          0 kB
Bounce:                0 kB
WritebackTmp:          0 kB
CommitLimit:     2155204 kB
Committed_AS:   119089292 kB
VmallocTotal:   251658176 kB
VmallocUsed:      136236 kB
VmallocChunk:   251409452 kB
Time pass: 169 sec

---2015-12-17 16:44:23
MemTotal:        2873608 kB
MemFree:           89208 kB
Buffers:           15364 kB
Cached:           923296 kB
SwapCached:            4 kB
Active:          1300992 kB
Inactive:         659940 kB
Active(anon):     829320 kB
Inactive(anon):   207896 kB
Active(file):     471672 kB
Inactive(file):   452044 kB
Unevictable:       13568 kB
Mlocked:               0 kB
SwapTotal:        718400 kB
SwapFree:         710308 kB
Dirty:                44 kB
Writeback:             0 kB
AnonPages:       1036004 kB
Mapped:           624484 kB
Shmem:              1364 kB
Slab:              98136 kB
SReclaimable:      31252 kB
SUnreclaim:        66884 kB
KernelStack:       38608 kB
PageTables:        50772 kB
NFS_Unstable:          0 kB
Bounce:                0 kB
WritebackTmp:          0 kB
CommitLimit:     2155204 kB
Committed_AS:   119089432 kB
VmallocTotal:   251658176 kB
VmallocUsed:      136236 kB
VmallocChunk:   251409452 kB
Time pass: 172 sec

---2015-12-17 16:44:23
MemTotal:        2873608 kB
MemFree:           87392 kB
Buffers:           15380 kB
Cached:           923400 kB
SwapCached:            4 kB
Active:          1301428 kB
Inactive:         660072 kB
Active(anon):     829756 kB
Inactive(anon):   207972 kB
Active(file):     471672 kB
Inactive(file):   452100 kB
Unevictable:       13568 kB
Mlocked:               0 kB
SwapTotal:        718400 kB
SwapFree:         710308 kB
Dirty:               140 kB
Writeback:             0 kB
AnonPages:       1036204 kB
Mapped:           624576 kB
Shmem:              1440 kB
Slab:              98132 kB
SReclaimable:      31252 kB
SUnreclaim:        66880 kB
KernelStack:       38624 kB
PageTables:        50772 kB
NFS_Unstable:          0 kB
Bounce:                0 kB
WritebackTmp:          0 kB
CommitLimit:     2155204 kB
Committed_AS:   119089432 kB
VmallocTotal:   251658176 kB
VmallocUsed:      136236 kB
VmallocChunk:   251409452 kB
Time pass: 176 sec

---2015-12-17 16:44:23
MemTotal:        2873608 kB
MemFree:           89224 kB
Buffers:           15388 kB
Cached:           923084 kB
SwapCached:            4 kB
Active:          1301016 kB
Inactive:         659764 kB
Active(anon):     829340 kB
Inactive(anon):   207660 kB
Active(file):     471676 kB
Inactive(file):   452104 kB
Unevictable:       13568 kB
Mlocked:               0 kB
SwapTotal:        718400 kB
SwapFree:         710308 kB
Dirty:                 8 kB
Writeback:             0 kB
AnonPages:       1036080 kB
Mapped:           624292 kB
Shmem:              1124 kB
Slab:              98148 kB
SReclaimable:      31252 kB
SUnreclaim:        66896 kB
KernelStack:       38336 kB
PageTables:        50452 kB
NFS_Unstable:          0 kB
Bounce:                0 kB
WritebackTmp:          0 kB
CommitLimit:     2155204 kB
Committed_AS:   119061868 kB
VmallocTotal:   251658176 kB
VmallocUsed:      136236 kB
VmallocChunk:   251409452 kB
Time pass: 180 sec

---2015-12-17 16:44:23
MemTotal:        2873608 kB
MemFree:          100948 kB
Buffers:           15388 kB
Cached:           923100 kB
SwapCached:            4 kB
Active:          1295312 kB
Inactive:         659772 kB
Active(anon):     823628 kB
Inactive(anon):   207660 kB
Active(file):     471684 kB
Inactive(file):   452112 kB
Unevictable:       13568 kB
Mlocked:               0 kB
SwapTotal:        718400 kB
SwapFree:         710308 kB
Dirty:                 4 kB
Writeback:             0 kB
AnonPages:       1030240 kB
Mapped:           622660 kB
Shmem:              1124 kB
Slab:              98148 kB
SReclaimable:      31252 kB
SUnreclaim:        66896 kB
KernelStack:       38160 kB
PageTables:        50548 kB
NFS_Unstable:          0 kB
Bounce:                0 kB
WritebackTmp:          0 kB
CommitLimit:     2155204 kB
Committed_AS:   119062140 kB
VmallocTotal:   251658176 kB
VmallocUsed:      136200 kB
VmallocChunk:   251409452 kB
Time pass: 184 sec

---2015-12-17 16:44:23
MemTotal:        2873608 kB
MemFree:           85088 kB
Buffers:           15436 kB
Cached:           923232 kB
SwapCached:            4 kB
Active:          1307332 kB
Inactive:         659928 kB
Active(anon):     835632 kB
Inactive(anon):   207772 kB
Active(file):     471700 kB
Inactive(file):   452156 kB
Unevictable:       13568 kB
Mlocked:               0 kB
SwapTotal:        718400 kB
SwapFree:         710308 kB
Dirty:                80 kB
Writeback:             0 kB
AnonPages:       1042236 kB
Mapped:           623068 kB
Shmem:              1244 kB
Slab:              98164 kB
SReclaimable:      31252 kB
SUnreclaim:        66912 kB
KernelStack:       38576 kB
PageTables:        50768 kB
NFS_Unstable:          0 kB
Bounce:                0 kB
WritebackTmp:          0 kB
CommitLimit:     2155204 kB
Committed_AS:   119098096 kB
VmallocTotal:   251658176 kB
VmallocUsed:      136224 kB
VmallocChunk:   251409452 kB
Time pass: 188 sec

---2015-12-17 16:44:23
MemTotal:        2873608 kB
MemFree:           80412 kB
Buffers:           15452 kB
Cached:           923312 kB
SwapCached:            4 kB
Active:          1309732 kB
Inactive:         660028 kB
Active(anon):     838036 kB
Inactive(anon):   207856 kB
Active(file):     471696 kB
Inactive(file):   452172 kB
Unevictable:       13568 kB
Mlocked:               0 kB
SwapTotal:        718400 kB
SwapFree:         710308 kB
Dirty:                48 kB
Writeback:             0 kB
AnonPages:       1044472 kB
Mapped:           623200 kB
Shmem:              1328 kB
Slab:              98244 kB
SReclaimable:      31268 kB
SUnreclaim:        66976 kB
KernelStack:       38560 kB
PageTables:        50916 kB
NFS_Unstable:          0 kB
Bounce:                0 kB
WritebackTmp:          0 kB
CommitLimit:     2155204 kB
Committed_AS:   119098072 kB
VmallocTotal:   251658176 kB
VmallocUsed:      136224 kB
VmallocChunk:   251409452 kB
Time pass: 191 sec

---2015-12-17 16:44:23
MemTotal:        2873608 kB
MemFree:           80468 kB
Buffers:           15468 kB
Cached:           923344 kB
SwapCached:            4 kB
Active:          1310344 kB
Inactive:         660076 kB
Active(anon):     838648 kB
Inactive(anon):   207888 kB
Active(file):     471696 kB
Inactive(file):   452188 kB
Unevictable:       13568 kB
Mlocked:               0 kB
SwapTotal:        718400 kB
SwapFree:         710308 kB
Dirty:                40 kB
Writeback:             0 kB
AnonPages:       1045408 kB
Mapped:           623196 kB
Shmem:              1360 kB
Slab:              98212 kB
SReclaimable:      31268 kB
SUnreclaim:        66944 kB
KernelStack:       38560 kB
PageTables:        50872 kB
NFS_Unstable:          0 kB
Bounce:                0 kB
WritebackTmp:          0 kB
CommitLimit:     2155204 kB
Committed_AS:   119098080 kB
VmallocTotal:   251658176 kB
VmallocUsed:      136224 kB
VmallocChunk:   251409452 kB
Time pass: 195 sec

---2015-12-17 16:44:23
MemTotal:        2873608 kB
MemFree:           77860 kB
Buffers:           15484 kB
Cached:           923348 kB
SwapCached:            4 kB
Active:          1312056 kB
Inactive:         660092 kB
Active(anon):     840360 kB
Inactive(anon):   207888 kB
Active(file):     471696 kB
Inactive(file):   452204 kB
Unevictable:       13568 kB
Mlocked:               0 kB
SwapTotal:        718400 kB
SwapFree:         710308 kB
Dirty:                 0 kB
Writeback:             0 kB
AnonPages:       1047056 kB
Mapped:           623124 kB
Shmem:              1364 kB
Slab:              98252 kB
SReclaimable:      31268 kB
SUnreclaim:        66984 kB
KernelStack:       38560 kB
PageTables:        50852 kB
NFS_Unstable:          0 kB
Bounce:                0 kB
WritebackTmp:          0 kB
CommitLimit:     2155204 kB
Committed_AS:   119102168 kB
VmallocTotal:   251658176 kB
VmallocUsed:      136224 kB
VmallocChunk:   251409452 kB
Time pass: 199 sec

---2015-12-17 16:44:23
MemTotal:        2873608 kB
MemFree:           79420 kB
Buffers:           15500 kB
Cached:           923400 kB
SwapCached:            4 kB
Active:          1308640 kB
Inactive:         660148 kB
Active(anon):     836936 kB
Inactive(anon):   207928 kB
Active(file):     471704 kB
Inactive(file):   452220 kB
Unevictable:       13568 kB
Mlocked:               0 kB
SwapTotal:        718400 kB
SwapFree:         710308 kB
Dirty:                60 kB
Writeback:             0 kB
AnonPages:       1043284 kB
Mapped:           624604 kB
Shmem:              1408 kB
Slab:              98200 kB
SReclaimable:      31268 kB
SUnreclaim:        66932 kB
KernelStack:       38544 kB
PageTables:        50744 kB
NFS_Unstable:          0 kB
Bounce:                0 kB
WritebackTmp:          0 kB
CommitLimit:     2155204 kB
Committed_AS:   119102328 kB
VmallocTotal:   251658176 kB
VmallocUsed:      136228 kB
VmallocChunk:   251409452 kB
Time pass: 202 sec

---2015-12-17 16:44:23
MemTotal:        2873608 kB
MemFree:           77480 kB
Buffers:           15516 kB
Cached:           923448 kB
SwapCached:            4 kB
Active:          1309148 kB
Inactive:         660216 kB
Active(anon):     837444 kB
Inactive(anon):   207996 kB
Active(file):     471704 kB
Inactive(file):   452220 kB
Unevictable:       13568 kB
Mlocked:               0 kB
SwapTotal:        718400 kB
SwapFree:         710308 kB
Dirty:                 4 kB
Writeback:             0 kB
AnonPages:       1044044 kB
Mapped:           624908 kB
Shmem:              1472 kB
Slab:              98232 kB
SReclaimable:      31268 kB
SUnreclaim:        66964 kB
KernelStack:       38544 kB
PageTables:        50748 kB
NFS_Unstable:          0 kB
Bounce:                0 kB
WritebackTmp:          0 kB
CommitLimit:     2155204 kB
Committed_AS:   119102448 kB
VmallocTotal:   251658176 kB
VmallocUsed:      136228 kB
VmallocChunk:   251409452 kB
Time pass: 206 sec

---2015-12-17 16:44:23
MemTotal:        2873608 kB
MemFree:           71720 kB
Buffers:           15516 kB
Cached:           923564 kB
SwapCached:            4 kB
Active:          1310492 kB
Inactive:         660332 kB
Active(anon):     838788 kB
Inactive(anon):   208092 kB
Active(file):     471704 kB
Inactive(file):   452240 kB
Unevictable:       13568 kB
Mlocked:               0 kB
SwapTotal:        718400 kB
SwapFree:         710308 kB
Dirty:                72 kB
Writeback:             0 kB
AnonPages:       1045232 kB
Mapped:           625100 kB
Shmem:              1568 kB
Slab:              98248 kB
SReclaimable:      31284 kB
SUnreclaim:        66964 kB
KernelStack:       38560 kB
PageTables:        50836 kB
NFS_Unstable:          0 kB
Bounce:                0 kB
WritebackTmp:          0 kB
CommitLimit:     2155204 kB
Committed_AS:   119102672 kB
VmallocTotal:   251658176 kB
VmallocUsed:      136248 kB
VmallocChunk:   251409452 kB
Time pass: 210 sec

---2015-12-17 16:44:23
MemTotal:        2873608 kB
MemFree:           71076 kB
Buffers:           15532 kB
Cached:           923600 kB
SwapCached:            4 kB
Active:          1310972 kB
Inactive:         660380 kB
Active(anon):     839264 kB
Inactive(anon):   208128 kB
Active(file):     471708 kB
Inactive(file):   452252 kB
Unevictable:       13568 kB
Mlocked:               0 kB
SwapTotal:        718400 kB
SwapFree:         710308 kB
Dirty:                48 kB
Writeback:             0 kB
AnonPages:       1046056 kB
Mapped:           625956 kB
Shmem:              1604 kB
Slab:              98248 kB
SReclaimable:      31284 kB
SUnreclaim:        66964 kB
KernelStack:       38560 kB
PageTables:        50836 kB
NFS_Unstable:          0 kB
Bounce:                0 kB
WritebackTmp:          0 kB
CommitLimit:     2155204 kB
Committed_AS:   119102680 kB
VmallocTotal:   251658176 kB
VmallocUsed:      136248 kB
VmallocChunk:   251409452 kB
Time pass: 214 sec

---2015-12-17 16:44:23
MemTotal:        2873608 kB
MemFree:           68516 kB
Buffers:           15580 kB
Cached:           923224 kB
SwapCached:            4 kB
Active:          1316624 kB
Inactive:         660048 kB
Active(anon):     844916 kB
Inactive(anon):   207764 kB
Active(file):     471708 kB
Inactive(file):   452284 kB
Unevictable:       13568 kB
Mlocked:               0 kB
SwapTotal:        718400 kB
SwapFree:         710308 kB
Dirty:                48 kB
Writeback:             0 kB
AnonPages:       1051276 kB
Mapped:           623660 kB
Shmem:              1244 kB
Slab:              98236 kB
SReclaimable:      31300 kB
SUnreclaim:        66936 kB
KernelStack:       38592 kB
PageTables:        50660 kB
NFS_Unstable:          0 kB
Bounce:                0 kB
WritebackTmp:          0 kB
CommitLimit:     2155204 kB
Committed_AS:   119106872 kB
VmallocTotal:   251658176 kB
VmallocUsed:      136228 kB
VmallocChunk:   251409452 kB
Time pass: 218 sec

---2015-12-17 16:44:23
MemTotal:        2873608 kB
MemFree:           67780 kB
Buffers:           15612 kB
Cached:           923336 kB
SwapCached:            4 kB
Active:          1317500 kB
Inactive:         660188 kB
Active(anon):     845792 kB
Inactive(anon):   207856 kB
Active(file):     471708 kB
Inactive(file):   452332 kB
Unevictable:       13568 kB
Mlocked:               0 kB
SwapTotal:        718400 kB
SwapFree:         710308 kB
Dirty:                 0 kB
Writeback:            24 kB
AnonPages:       1052168 kB
Mapped:           624736 kB
Shmem:              1340 kB
Slab:              98236 kB
SReclaimable:      31300 kB
SUnreclaim:        66936 kB
KernelStack:       38576 kB
PageTables:        50692 kB
NFS_Unstable:          0 kB
Bounce:                0 kB
WritebackTmp:          0 kB
CommitLimit:     2155204 kB
Committed_AS:   119111112 kB
VmallocTotal:   251658176 kB
VmallocUsed:      136228 kB
VmallocChunk:   251409452 kB
Time pass: 221 sec

---2015-12-17 16:44:23
MemTotal:        2873608 kB
MemFree:           66212 kB
Buffers:           15620 kB
Cached:           923332 kB
SwapCached:            4 kB
Active:          1318728 kB
Inactive:         660192 kB
Active(anon):     847020 kB
Inactive(anon):   207860 kB
Active(file):     471708 kB
Inactive(file):   452332 kB
Unevictable:       13568 kB
Mlocked:               0 kB
SwapTotal:        718400 kB
SwapFree:         710308 kB
Dirty:                 0 kB
Writeback:             0 kB
AnonPages:       1053576 kB
Mapped:           623564 kB
Shmem:              1344 kB
Slab:              98236 kB
SReclaimable:      31300 kB
SUnreclaim:        66936 kB
KernelStack:       38576 kB
PageTables:        50708 kB
NFS_Unstable:          0 kB
Bounce:                0 kB
WritebackTmp:          0 kB
CommitLimit:     2155204 kB
Committed_AS:   119115320 kB
VmallocTotal:   251658176 kB
VmallocUsed:      136224 kB
VmallocChunk:   251409452 kB
Time pass: 225 sec

---2015-12-17 16:44:23
MemTotal:        2873608 kB
MemFree:           64556 kB
Buffers:           15636 kB
Cached:           923348 kB
SwapCached:            4 kB
Active:          1320456 kB
Inactive:         660224 kB
Active(anon):     848748 kB
Inactive(anon):   207868 kB
Active(file):     471708 kB
Inactive(file):   452356 kB
Unevictable:       13568 kB
Mlocked:               0 kB
SwapTotal:        718400 kB
SwapFree:         710308 kB
Dirty:                44 kB
Writeback:             0 kB
AnonPages:       1055328 kB
Mapped:           623636 kB
Shmem:              1352 kB
Slab:              98236 kB
SReclaimable:      31300 kB
SUnreclaim:        66936 kB
KernelStack:       38576 kB
PageTables:        50752 kB
NFS_Unstable:          0 kB
Bounce:                0 kB
WritebackTmp:          0 kB
CommitLimit:     2155204 kB
Committed_AS:   119115352 kB
VmallocTotal:   251658176 kB
VmallocUsed:      136224 kB
VmallocChunk:   251409452 kB
Time pass: 229 sec

---2015-12-17 16:44:23
MemTotal:        2873608 kB
MemFree:           64948 kB
Buffers:           15644 kB
Cached:           923384 kB
SwapCached:            4 kB
Active:          1319812 kB
Inactive:         660268 kB
Active(anon):     848104 kB
Inactive(anon):   207872 kB
Active(file):     471708 kB
Inactive(file):   452396 kB
Unevictable:       13568 kB
Mlocked:               0 kB
SwapTotal:        718400 kB
SwapFree:         710308 kB
Dirty:               104 kB
Writeback:             0 kB
AnonPages:       1054652 kB
Mapped:           623564 kB
Shmem:              1356 kB
Slab:              98236 kB
SReclaimable:      31300 kB
SUnreclaim:        66936 kB
KernelStack:       38576 kB
PageTables:        50812 kB
NFS_Unstable:          0 kB
Bounce:                0 kB
WritebackTmp:          0 kB
CommitLimit:     2155204 kB
Committed_AS:   119115392 kB
VmallocTotal:   251658176 kB
VmallocUsed:      136224 kB
VmallocChunk:   251409452 kB
Time pass: 233 sec

---2015-12-17 16:44:23
MemTotal:        2873608 kB
MemFree:           73600 kB
Buffers:           15652 kB
Cached:           917844 kB
SwapCached:            4 kB
Active:          1312948 kB
Inactive:         658568 kB
Active(anon):     841712 kB
Inactive(anon):   211232 kB
Active(file):     471236 kB
Inactive(file):   447336 kB
Unevictable:       13568 kB
Mlocked:               0 kB
SwapTotal:        718400 kB
SwapFree:         709880 kB
Dirty:                 0 kB
Writeback:             0 kB
AnonPages:       1051616 kB
Mapped:           622196 kB
Shmem:              1356 kB
Slab:              98248 kB
SReclaimable:      31300 kB
SUnreclaim:        66948 kB
KernelStack:       38592 kB
PageTables:        50880 kB
NFS_Unstable:          0 kB
Bounce:                0 kB
WritebackTmp:          0 kB
CommitLimit:     2155204 kB
Committed_AS:   119115376 kB
VmallocTotal:   251658176 kB
VmallocUsed:      136224 kB
VmallocChunk:   251409452 kB
Time pass: 236 sec

---2015-12-17 16:44:23
MemTotal:        2873608 kB
MemFree:           72748 kB
Buffers:           15660 kB
Cached:           917868 kB
SwapCached:            4 kB
Active:          1313756 kB
Inactive:         658596 kB
Active(anon):     842520 kB
Inactive(anon):   211228 kB
Active(file):     471236 kB
Inactive(file):   447368 kB
Unevictable:       13568 kB
Mlocked:               0 kB
SwapTotal:        718400 kB
SwapFree:         709880 kB
Dirty:                76 kB
Writeback:             0 kB
AnonPages:       1052380 kB
Mapped:           622156 kB
Shmem:              1356 kB
Slab:              98248 kB
SReclaimable:      31304 kB
SUnreclaim:        66944 kB
KernelStack:       38608 kB
PageTables:        50844 kB
NFS_Unstable:          0 kB
Bounce:                0 kB
WritebackTmp:          0 kB
CommitLimit:     2155204 kB
Committed_AS:   119115360 kB
VmallocTotal:   251658176 kB
VmallocUsed:      136224 kB
VmallocChunk:   251409452 kB
Time pass: 240 sec

---2015-12-17 16:44:23
MemTotal:        2873608 kB
MemFree:           72444 kB
Buffers:           15684 kB
Cached:           917856 kB
SwapCached:            4 kB
Active:          1314032 kB
Inactive:         658608 kB
Active(anon):     842796 kB
Inactive(anon):   211232 kB
Active(file):     471236 kB
Inactive(file):   447376 kB
Unevictable:       13568 kB
Mlocked:               0 kB
SwapTotal:        718400 kB
SwapFree:         709880 kB
Dirty:                36 kB
Writeback:             0 kB
AnonPages:       1052676 kB
Mapped:           622164 kB
Shmem:              1360 kB
Slab:              98248 kB
SReclaimable:      31304 kB
SUnreclaim:        66944 kB
KernelStack:       38640 kB
PageTables:        50848 kB
NFS_Unstable:          0 kB
Bounce:                0 kB
WritebackTmp:          0 kB
CommitLimit:     2155204 kB
Committed_AS:   119115392 kB
VmallocTotal:   251658176 kB
VmallocUsed:      136224 kB
VmallocChunk:   251409452 kB
Time pass: 244 sec

---2015-12-17 16:44:23
MemTotal:        2873608 kB
MemFree:           72032 kB
Buffers:           15684 kB
Cached:           917876 kB
SwapCached:            4 kB
Active:          1314180 kB
Inactive:         658628 kB
Active(anon):     842944 kB
Inactive(anon):   211236 kB
Active(file):     471236 kB
Inactive(file):   447392 kB
Unevictable:       13568 kB
Mlocked:               0 kB
SwapTotal:        718400 kB
SwapFree:         709880 kB
Dirty:                 0 kB
Writeback:             0 kB
AnonPages:       1052816 kB
Mapped:           622172 kB
Shmem:              1364 kB
Slab:              98248 kB
SReclaimable:      31304 kB
SUnreclaim:        66944 kB
KernelStack:       38640 kB
PageTables:        50844 kB
NFS_Unstable:          0 kB
Bounce:                0 kB
WritebackTmp:          0 kB
CommitLimit:     2155204 kB
Committed_AS:   119115360 kB
VmallocTotal:   251658176 kB
VmallocUsed:      136224 kB
VmallocChunk:   251409452 kB
Time pass: 247 sec

---2015-12-17 16:44:23
MemTotal:        2873608 kB
MemFree:           73120 kB
Buffers:           15692 kB
Cached:           917876 kB
SwapCached:            4 kB
Active:          1313080 kB
Inactive:         658636 kB
Active(anon):     841844 kB
Inactive(anon):   211236 kB
Active(file):     471236 kB
Inactive(file):   447400 kB
Unevictable:       13568 kB
Mlocked:               0 kB
SwapTotal:        718400 kB
SwapFree:         709880 kB
Dirty:                32 kB
Writeback:             0 kB
AnonPages:       1051844 kB
Mapped:           622140 kB
Shmem:              1364 kB
Slab:              98248 kB
SReclaimable:      31304 kB
SUnreclaim:        66944 kB
KernelStack:       38528 kB
PageTables:        50844 kB
NFS_Unstable:          0 kB
Bounce:                0 kB
WritebackTmp:          0 kB
CommitLimit:     2155204 kB
Committed_AS:   119115344 kB
VmallocTotal:   251658176 kB
VmallocUsed:      136224 kB
VmallocChunk:   251409452 kB
Time pass: 251 sec

---2015-12-17 16:44:23
MemTotal:        2873608 kB
MemFree:           71316 kB
Buffers:           15708 kB
Cached:           917912 kB
SwapCached:            4 kB
Active:          1315008 kB
Inactive:         658684 kB
Active(anon):     843772 kB
Inactive(anon):   211248 kB
Active(file):     471236 kB
Inactive(file):   447436 kB
Unevictable:       13568 kB
Mlocked:               0 kB
SwapTotal:        718400 kB
SwapFree:         709880 kB
Dirty:                44 kB
Writeback:             0 kB
AnonPages:       1053532 kB
Mapped:           622208 kB
Shmem:              1380 kB
Slab:              98272 kB
SReclaimable:      31304 kB
SUnreclaim:        66968 kB
KernelStack:       38560 kB
PageTables:        50848 kB
NFS_Unstable:          0 kB
Bounce:                0 kB
WritebackTmp:          0 kB
CommitLimit:     2155204 kB
Committed_AS:   119115368 kB
VmallocTotal:   251658176 kB
VmallocUsed:      136224 kB
VmallocChunk:   251409452 kB
Time pass: 255 sec

---2015-12-17 16:44:23
MemTotal:        2873608 kB
MemFree:           71044 kB
Buffers:           15716 kB
Cached:           917932 kB
SwapCached:            4 kB
Active:          1315268 kB
Inactive:         658712 kB
Active(anon):     844032 kB
Inactive(anon):   211268 kB
Active(file):     471236 kB
Inactive(file):   447444 kB
Unevictable:       13568 kB
Mlocked:               0 kB
SwapTotal:        718400 kB
SwapFree:         709880 kB
Dirty:                32 kB
Writeback:             0 kB
AnonPages:       1053804 kB
Mapped:           622236 kB
Shmem:              1400 kB
Slab:              98300 kB
SReclaimable:      31304 kB
SUnreclaim:        66996 kB
KernelStack:       38560 kB
PageTables:        50844 kB
NFS_Unstable:          0 kB
Bounce:                0 kB
WritebackTmp:          0 kB
CommitLimit:     2155204 kB
Committed_AS:   119115376 kB
VmallocTotal:   251658176 kB
VmallocUsed:      136236 kB
VmallocChunk:   251409452 kB
Time pass: 259 sec

---2015-12-17 16:44:23
MemTotal:        2873608 kB
MemFree:           69828 kB
Buffers:           15732 kB
Cached:           917932 kB
SwapCached:            4 kB
Active:          1316200 kB
Inactive:         658720 kB
Active(anon):     844964 kB
Inactive(anon):   211260 kB
Active(file):     471236 kB
Inactive(file):   447460 kB
Unevictable:       13568 kB
Mlocked:               0 kB
SwapTotal:        718400 kB
SwapFree:         709880 kB
Dirty:                40 kB
Writeback:             0 kB
AnonPages:       1054836 kB
Mapped:           622324 kB
Shmem:              1400 kB
Slab:              98328 kB
SReclaimable:      31304 kB
SUnreclaim:        67024 kB
KernelStack:       38528 kB
PageTables:        50884 kB
NFS_Unstable:          0 kB
Bounce:                0 kB
WritebackTmp:          0 kB
CommitLimit:     2155204 kB
Committed_AS:   119115392 kB
VmallocTotal:   251658176 kB
VmallocUsed:      136224 kB
VmallocChunk:   251409452 kB
Time pass: 263 sec

---2015-12-17 16:44:23
MemTotal:        2873608 kB
MemFree:           69864 kB
Buffers:           15772 kB
Cached:           918060 kB
SwapCached:            4 kB
Active:          1316308 kB
Inactive:         658888 kB
Active(anon):     845072 kB
Inactive(anon):   211404 kB
Active(file):     471236 kB
Inactive(file):   447484 kB
Unevictable:       13568 kB
Mlocked:               0 kB
SwapTotal:        718400 kB
SwapFree:         709880 kB
Dirty:                60 kB
Writeback:             0 kB
AnonPages:       1054912 kB
Mapped:           622392 kB
Shmem:              1544 kB
Slab:              98264 kB
SReclaimable:      31304 kB
SUnreclaim:        66960 kB
KernelStack:       38528 kB
PageTables:        50852 kB
NFS_Unstable:          0 kB
Bounce:                0 kB
WritebackTmp:          0 kB
CommitLimit:     2155204 kB
Committed_AS:   119115416 kB
VmallocTotal:   251658176 kB
VmallocUsed:      136224 kB
VmallocChunk:   251409452 kB
Time pass: 266 sec

---2015-12-17 16:44:23
MemTotal:        2873608 kB
MemFree:           69036 kB
Buffers:           15772 kB
Cached:           918076 kB
SwapCached:            4 kB
Active:          1316944 kB
Inactive:         658904 kB
Active(anon):     845708 kB
Inactive(anon):   211404 kB
Active(file):     471236 kB
Inactive(file):   447500 kB
Unevictable:       13568 kB
Mlocked:               0 kB
SwapTotal:        718400 kB
SwapFree:         709880 kB
Dirty:                64 kB
Writeback:             0 kB
AnonPages:       1055696 kB
Mapped:           622400 kB
Shmem:              1544 kB
Slab:              98268 kB
SReclaimable:      31308 kB
SUnreclaim:        66960 kB
KernelStack:       38528 kB
PageTables:        50848 kB
NFS_Unstable:          0 kB
Bounce:                0 kB
WritebackTmp:          0 kB
CommitLimit:     2155204 kB
Committed_AS:   119115480 kB
VmallocTotal:   251658176 kB
VmallocUsed:      136224 kB
VmallocChunk:   251409452 kB
Time pass: 270 sec

---2015-12-17 16:44:23
MemTotal:        2873608 kB
MemFree:           68084 kB
Buffers:           15796 kB
Cached:           918076 kB
SwapCached:            4 kB
Active:          1317172 kB
Inactive:         658928 kB
Active(anon):     845936 kB
Inactive(anon):   211404 kB
Active(file):     471236 kB
Inactive(file):   447524 kB
Unevictable:       13568 kB
Mlocked:               0 kB
SwapTotal:        718400 kB
SwapFree:         709880 kB
Dirty:                44 kB
Writeback:             0 kB
AnonPages:       1056040 kB
Mapped:           622408 kB
Shmem:              1544 kB
Slab:              98268 kB
SReclaimable:      31308 kB
SUnreclaim:        66960 kB
KernelStack:       38544 kB
PageTables:        50856 kB
NFS_Unstable:          0 kB
Bounce:                0 kB
WritebackTmp:          0 kB
CommitLimit:     2155204 kB
Committed_AS:   119115472 kB
VmallocTotal:   251658176 kB
VmallocUsed:      136224 kB
VmallocChunk:   251409452 kB
Time pass: 274 sec

---2015-12-17 16:44:23
MemTotal:        2873608 kB
MemFree:           68648 kB
Buffers:           15804 kB
Cached:           918096 kB
SwapCached:            4 kB
Active:          1317080 kB
Inactive:         658956 kB
Active(anon):     845844 kB
Inactive(anon):   211404 kB
Active(file):     471236 kB
Inactive(file):   447552 kB
Unevictable:       13568 kB
Mlocked:               0 kB
SwapTotal:        718400 kB
SwapFree:         709880 kB
Dirty:                24 kB
Writeback:             0 kB
AnonPages:       1055792 kB
Mapped:           622424 kB
Shmem:              1544 kB
Slab:              98244 kB
SReclaimable:      31308 kB
SUnreclaim:        66936 kB
KernelStack:       38576 kB
PageTables:        50848 kB
NFS_Unstable:          0 kB
Bounce:                0 kB
WritebackTmp:          0 kB
CommitLimit:     2155204 kB
Committed_AS:   119115520 kB
VmallocTotal:   251658176 kB
VmallocUsed:      136224 kB
VmallocChunk:   251409452 kB
Time pass: 278 sec

---2015-12-17 16:44:23
MemTotal:        2873608 kB
MemFree:           75020 kB
Buffers:           15820 kB
Cached:           918096 kB
SwapCached:            4 kB
Active:          1311120 kB
Inactive:         658972 kB
Active(anon):     839884 kB
Inactive(anon):   211404 kB
Active(file):     471236 kB
Inactive(file):   447568 kB
Unevictable:       13568 kB
Mlocked:               0 kB
SwapTotal:        718400 kB
SwapFree:         709880 kB
Dirty:               100 kB
Writeback:             0 kB
AnonPages:       1049612 kB
Mapped:           622524 kB
Shmem:              1544 kB
Slab:              98252 kB
SReclaimable:      31308 kB
SUnreclaim:        66944 kB
KernelStack:       38576 kB
PageTables:        50888 kB
NFS_Unstable:          0 kB
Bounce:                0 kB
WritebackTmp:          0 kB
CommitLimit:     2155204 kB
Committed_AS:   119119608 kB
VmallocTotal:   251658176 kB
VmallocUsed:      136224 kB
VmallocChunk:   251409452 kB
Time pass: 281 sec

---2015-12-17 16:44:23
MemTotal:        2873608 kB
MemFree:           74556 kB
Buffers:           15820 kB
Cached:           918216 kB
SwapCached:            4 kB
Active:          1311400 kB
Inactive:         659084 kB
Active(anon):     840164 kB
Inactive(anon):   211516 kB
Active(file):     471236 kB
Inactive(file):   447568 kB
Unevictable:       13568 kB
Mlocked:               0 kB
SwapTotal:        718400 kB
SwapFree:         709880 kB
Dirty:                 0 kB
Writeback:             0 kB
AnonPages:       1049852 kB
Mapped:           622652 kB
Shmem:              1664 kB
Slab:              98244 kB
SReclaimable:      31308 kB
SUnreclaim:        66936 kB
KernelStack:       38576 kB
PageTables:        50888 kB
NFS_Unstable:          0 kB
Bounce:                0 kB
WritebackTmp:          0 kB
CommitLimit:     2155204 kB
Committed_AS:   119119608 kB
VmallocTotal:   251658176 kB
VmallocUsed:      136224 kB
VmallocChunk:   251409452 kB
Time pass: 285 sec

---2015-12-17 16:44:23
MemTotal:        2873608 kB
MemFree:           74528 kB
Buffers:           15844 kB
Cached:           918216 kB
SwapCached:            4 kB
Active:          1311284 kB
Inactive:         659116 kB
Active(anon):     840048 kB
Inactive(anon):   211524 kB
Active(file):     471236 kB
Inactive(file):   447592 kB
Unevictable:       13568 kB
Mlocked:               0 kB
SwapTotal:        718400 kB
SwapFree:         709880 kB
Dirty:                44 kB
Writeback:             0 kB
AnonPages:       1049940 kB
Mapped:           622612 kB
Shmem:              1664 kB
Slab:              98248 kB
SReclaimable:      31308 kB
SUnreclaim:        66940 kB
KernelStack:       38576 kB
PageTables:        50888 kB
NFS_Unstable:          0 kB
Bounce:                0 kB
WritebackTmp:          0 kB
CommitLimit:     2155204 kB
Committed_AS:   119119640 kB
VmallocTotal:   251658176 kB
VmallocUsed:      136224 kB
VmallocChunk:   251409452 kB
Time pass: 289 sec

---2015-12-17 16:44:23
MemTotal:        2873608 kB
MemFree:           73168 kB
Buffers:           15868 kB
Cached:           918216 kB
SwapCached:            4 kB
Active:          1312388 kB
Inactive:         659136 kB
Active(anon):     841148 kB
Inactive(anon):   211524 kB
Active(file):     471240 kB
Inactive(file):   447612 kB
Unevictable:       13568 kB
Mlocked:               0 kB
SwapTotal:        718400 kB
SwapFree:         709880 kB
Dirty:                32 kB
Writeback:             0 kB
AnonPages:       1051052 kB
Mapped:           622612 kB
Shmem:              1664 kB
Slab:              98284 kB
SReclaimable:      31308 kB
SUnreclaim:        66976 kB
KernelStack:       38592 kB
PageTables:        50864 kB
NFS_Unstable:          0 kB
Bounce:                0 kB
WritebackTmp:          0 kB
CommitLimit:     2155204 kB
Committed_AS:   119119712 kB
VmallocTotal:   251658176 kB
VmallocUsed:      136224 kB
VmallocChunk:   251409452 kB
Time pass: 293 sec

---2015-12-17 16:44:23
MemTotal:        2873608 kB
MemFree:           72512 kB
Buffers:           15892 kB
Cached:           918216 kB
SwapCached:            4 kB
Active:          1312868 kB
Inactive:         659160 kB
Active(anon):     841628 kB
Inactive(anon):   211524 kB
Active(file):     471240 kB
Inactive(file):   447636 kB
Unevictable:       13568 kB
Mlocked:               0 kB
SwapTotal:        718400 kB
SwapFree:         709880 kB
Dirty:                48 kB
Writeback:             0 kB
AnonPages:       1051336 kB
Mapped:           622724 kB
Shmem:              1664 kB
Slab:              98248 kB
SReclaimable:      31308 kB
SUnreclaim:        66940 kB
KernelStack:       38576 kB
PageTables:        50888 kB
NFS_Unstable:          0 kB
Bounce:                0 kB
WritebackTmp:          0 kB
CommitLimit:     2155204 kB
Committed_AS:   119119720 kB
VmallocTotal:   251658176 kB
VmallocUsed:      136224 kB
VmallocChunk:   251409452 kB
Time pass: 296 sec

---2015-12-17 16:44:23
MemTotal:        2873608 kB
MemFree:           72156 kB
Buffers:           15892 kB
Cached:           918216 kB
SwapCached:            4 kB
Active:          1313280 kB
Inactive:         659160 kB
Active(anon):     842040 kB
Inactive(anon):   211524 kB
Active(file):     471240 kB
Inactive(file):   447636 kB
Unevictable:       13568 kB
Mlocked:               0 kB
SwapTotal:        718400 kB
SwapFree:         709880 kB
Dirty:                48 kB
Writeback:             0 kB
AnonPages:       1051892 kB
Mapped:           622648 kB
Shmem:              1664 kB
Slab:              98260 kB
SReclaimable:      31308 kB
SUnreclaim:        66952 kB
KernelStack:       38592 kB
PageTables:        50920 kB
NFS_Unstable:          0 kB
Bounce:                0 kB
WritebackTmp:          0 kB
CommitLimit:     2155204 kB
Committed_AS:   119119656 kB
VmallocTotal:   251658176 kB
VmallocUsed:      136224 kB
VmallocChunk:   251409452 kB
Time pass: 300 sec

---2015-12-17 16:44:23
MemTotal:        2873608 kB
MemFree:           73748 kB
Buffers:           15916 kB
Cached:           918204 kB
SwapCached:            4 kB
Active:          1311784 kB
Inactive:         659172 kB
Active(anon):     840544 kB
Inactive(anon):   211524 kB
Active(file):     471240 kB
Inactive(file):   447648 kB
Unevictable:       13568 kB
Mlocked:               0 kB
SwapTotal:        718400 kB
SwapFree:         709880 kB
Dirty:                40 kB
Writeback:             0 kB
AnonPages:       1050916 kB
Mapped:           622780 kB
Shmem:              1664 kB
Slab:              98260 kB
SReclaimable:      31308 kB
SUnreclaim:        66952 kB
KernelStack:       38560 kB
PageTables:        50980 kB
NFS_Unstable:          0 kB
Bounce:                0 kB
WritebackTmp:          0 kB
CommitLimit:     2155204 kB
Committed_AS:   119119640 kB
VmallocTotal:   251658176 kB
VmallocUsed:      136224 kB
VmallocChunk:   251409452 kB
Time pass: 304 sec

---2015-12-17 16:44:23
MemTotal:        2873608 kB
MemFree:           73024 kB
Buffers:           15916 kB
Cached:           918220 kB
SwapCached:            4 kB
Active:          1312048 kB
Inactive:         659188 kB
Active(anon):     840808 kB
Inactive(anon):   211524 kB
Active(file):     471240 kB
Inactive(file):   447664 kB
Unevictable:       13568 kB
Mlocked:               0 kB
SwapTotal:        718400 kB
SwapFree:         709880 kB
Dirty:                 0 kB
Writeback:             0 kB
AnonPages:       1050768 kB
Mapped:           622652 kB
Shmem:              1664 kB
Slab:              98248 kB
SReclaimable:      31308 kB
SUnreclaim:        66940 kB
KernelStack:       38576 kB
PageTables:        50864 kB
NFS_Unstable:          0 kB
Bounce:                0 kB
WritebackTmp:          0 kB
CommitLimit:     2155204 kB
Committed_AS:   119119648 kB
VmallocTotal:   251658176 kB
VmallocUsed:      136224 kB
VmallocChunk:   251409452 kB
Time pass: 308 sec

---2015-12-17 16:44:23
MemTotal:        2873608 kB
MemFree:           73044 kB
Buffers:           15924 kB
Cached:           918220 kB
SwapCached:            4 kB
Active:          1312416 kB
Inactive:         659196 kB
Active(anon):     841176 kB
Inactive(anon):   211524 kB
Active(file):     471240 kB
Inactive(file):   447672 kB
Unevictable:       13568 kB
Mlocked:               0 kB
SwapTotal:        718400 kB
SwapFree:         709880 kB
Dirty:                40 kB
Writeback:             0 kB
AnonPages:       1050940 kB
Mapped:           622704 kB
Shmem:              1664 kB
Slab:              98256 kB
SReclaimable:      31312 kB
SUnreclaim:        66944 kB
KernelStack:       38560 kB
PageTables:        50856 kB
NFS_Unstable:          0 kB
Bounce:                0 kB
WritebackTmp:          0 kB
CommitLimit:     2155204 kB
Committed_AS:   119119648 kB
VmallocTotal:   251658176 kB
VmallocUsed:      136224 kB
VmallocChunk:   251409452 kB
Time pass: 311 sec

---2015-12-17 16:44:23
MemTotal:        2873608 kB
MemFree:           73408 kB
Buffers:           15940 kB
Cached:           918220 kB
SwapCached:            4 kB
Active:          1312364 kB
Inactive:         659212 kB
Active(anon):     841124 kB
Inactive(anon):   211524 kB
Active(file):     471240 kB
Inactive(file):   447688 kB
Unevictable:       13568 kB
Mlocked:               0 kB
SwapTotal:        718400 kB
SwapFree:         709880 kB
Dirty:                 0 kB
Writeback:             0 kB
AnonPages:       1050936 kB
Mapped:           622716 kB
Shmem:              1664 kB
Slab:              98248 kB
SReclaimable:      31312 kB
SUnreclaim:        66936 kB
KernelStack:       38544 kB
PageTables:        50892 kB
NFS_Unstable:          0 kB
Bounce:                0 kB
WritebackTmp:          0 kB
CommitLimit:     2155204 kB
Committed_AS:   119119648 kB
VmallocTotal:   251658176 kB
VmallocUsed:      136224 kB
VmallocChunk:   251409452 kB
Time pass: 315 sec

---2015-12-17 16:44:23
MemTotal:        2873608 kB
MemFree:           72272 kB
Buffers:           15948 kB
Cached:           918312 kB
SwapCached:            4 kB
Active:          1312688 kB
Inactive:         659312 kB
Active(anon):     841448 kB
Inactive(anon):   211616 kB
Active(file):     471240 kB
Inactive(file):   447696 kB
Unevictable:       13568 kB
Mlocked:               0 kB
SwapTotal:        718400 kB
SwapFree:         709880 kB
Dirty:                32 kB
Writeback:             0 kB
AnonPages:       1051388 kB
Mapped:           622772 kB
Shmem:              1756 kB
Slab:              98248 kB
SReclaimable:      31312 kB
SUnreclaim:        66936 kB
KernelStack:       38544 kB
PageTables:        50856 kB
NFS_Unstable:          0 kB
Bounce:                0 kB
WritebackTmp:          0 kB
CommitLimit:     2155204 kB
Committed_AS:   119119592 kB
VmallocTotal:   251658176 kB
VmallocUsed:      136224 kB
VmallocChunk:   251409452 kB
Time pass: 319 sec

---2015-12-17 16:44:23
MemTotal:        2873608 kB
MemFree:           72696 kB
Buffers:           15964 kB
Cached:           918312 kB
SwapCached:            4 kB
Active:          1312664 kB
Inactive:         659328 kB
Active(anon):     841424 kB
Inactive(anon):   211616 kB
Active(file):     471240 kB
Inactive(file):   447712 kB
Unevictable:       13568 kB
Mlocked:               0 kB
SwapTotal:        718400 kB
SwapFree:         709880 kB
Dirty:                 0 kB
Writeback:             0 kB
AnonPages:       1051484 kB
Mapped:           622904 kB
Shmem:              1756 kB
Slab:              98248 kB
SReclaimable:      31312 kB
SUnreclaim:        66936 kB
KernelStack:       38544 kB
PageTables:        50888 kB
NFS_Unstable:          0 kB
Bounce:                0 kB
WritebackTmp:          0 kB
CommitLimit:     2155204 kB
Committed_AS:   119119600 kB
VmallocTotal:   251658176 kB
VmallocUsed:      136224 kB
VmallocChunk:   251409452 kB
Time pass: 323 sec

---2015-12-17 16:44:23
MemTotal:        2873608 kB
MemFree:           71800 kB
Buffers:           15996 kB
Cached:           918312 kB
SwapCached:            4 kB
Active:          1312872 kB
Inactive:         659360 kB
Active(anon):     841632 kB
Inactive(anon):   211616 kB
Active(file):     471240 kB
Inactive(file):   447744 kB
Unevictable:       13568 kB
Mlocked:               0 kB
SwapTotal:        718400 kB
SwapFree:         709880 kB
Dirty:                60 kB
Writeback:             0 kB
AnonPages:       1051544 kB
Mapped:           622828 kB
Shmem:              1756 kB
Slab:              98248 kB
SReclaimable:      31312 kB
SUnreclaim:        66936 kB
KernelStack:       38544 kB
PageTables:        50860 kB
NFS_Unstable:          0 kB
Bounce:                0 kB
WritebackTmp:          0 kB
CommitLimit:     2155204 kB
Committed_AS:   119119672 kB
VmallocTotal:   251658176 kB
VmallocUsed:      136224 kB
VmallocChunk:   251409452 kB
Time pass: 326 sec

---2015-12-17 16:44:23
MemTotal:        2873608 kB
MemFree:           72096 kB
Buffers:           15996 kB
Cached:           918312 kB
SwapCached:            4 kB
Active:          1313280 kB
Inactive:         659356 kB
Active(anon):     842036 kB
Inactive(anon):   211616 kB
Active(file):     471244 kB
Inactive(file):   447740 kB
Unevictable:       13568 kB
Mlocked:               0 kB
SwapTotal:        718400 kB
SwapFree:         709880 kB
Dirty:                 0 kB
Writeback:             0 kB
AnonPages:       1051800 kB
Mapped:           622912 kB
Shmem:              1756 kB
Slab:              98248 kB
SReclaimable:      31312 kB
SUnreclaim:        66936 kB
KernelStack:       38544 kB
PageTables:        50892 kB
NFS_Unstable:          0 kB
Bounce:                0 kB
WritebackTmp:          0 kB
CommitLimit:     2155204 kB
Committed_AS:   119119696 kB
VmallocTotal:   251658176 kB
VmallocUsed:      136224 kB
VmallocChunk:   251409452 kB
Time pass: 330 sec

---2015-12-17 16:44:23
MemTotal:        2873608 kB
MemFree:           72276 kB
Buffers:           16020 kB
Cached:           918312 kB
SwapCached:            4 kB
Active:          1313544 kB
Inactive:         659380 kB
Active(anon):     842300 kB
Inactive(anon):   211616 kB
Active(file):     471244 kB
Inactive(file):   447764 kB
Unevictable:       13568 kB
Mlocked:               0 kB
SwapTotal:        718400 kB
SwapFree:         709880 kB
Dirty:                64 kB
Writeback:             0 kB
AnonPages:       1051960 kB
Mapped:           622924 kB
Shmem:              1756 kB
Slab:              98248 kB
SReclaimable:      31312 kB
SUnreclaim:        66936 kB
KernelStack:       38560 kB
PageTables:        50888 kB
NFS_Unstable:          0 kB
Bounce:                0 kB
WritebackTmp:          0 kB
CommitLimit:     2155204 kB
Committed_AS:   119119696 kB
VmallocTotal:   251658176 kB
VmallocUsed:      136224 kB
VmallocChunk:   251409452 kB
Time pass: 334 sec

---2015-12-17 16:44:23
MemTotal:        2873608 kB
MemFree:           71760 kB
Buffers:           16028 kB
Cached:           918304 kB
SwapCached:            4 kB
Active:          1313692 kB
Inactive:         659380 kB
Active(anon):     842448 kB
Inactive(anon):   211616 kB
Active(file):     471244 kB
Inactive(file):   447764 kB
Unevictable:       13568 kB
Mlocked:               0 kB
SwapTotal:        718400 kB
SwapFree:         709880 kB
Dirty:                32 kB
Writeback:             0 kB
AnonPages:       1052184 kB
Mapped:           622864 kB
Shmem:              1756 kB
Slab:              98248 kB
SReclaimable:      31312 kB
SUnreclaim:        66936 kB
KernelStack:       38560 kB
PageTables:        50868 kB
NFS_Unstable:          0 kB
Bounce:                0 kB
WritebackTmp:          0 kB
CommitLimit:     2155204 kB
Committed_AS:   119119688 kB
VmallocTotal:   251658176 kB
VmallocUsed:      136224 kB
VmallocChunk:   251409452 kB
Time pass: 338 sec

---2015-12-17 16:44:23
MemTotal:        2873608 kB
MemFree:           71828 kB
Buffers:           16044 kB
Cached:           918312 kB
SwapCached:            4 kB
Active:          1313408 kB
Inactive:         659404 kB
Active(anon):     842164 kB
Inactive(anon):   211616 kB
Active(file):     471244 kB
Inactive(file):   447788 kB
Unevictable:       13568 kB
Mlocked:               0 kB
SwapTotal:        718400 kB
SwapFree:         709880 kB
Dirty:                40 kB
Writeback:             0 kB
AnonPages:       1051956 kB
Mapped:           622872 kB
Shmem:              1756 kB
Slab:              98248 kB
SReclaimable:      31312 kB
SUnreclaim:        66936 kB
KernelStack:       38560 kB
PageTables:        50856 kB
NFS_Unstable:          0 kB
Bounce:                0 kB
WritebackTmp:          0 kB
CommitLimit:     2155204 kB
Committed_AS:   119119720 kB
VmallocTotal:   251658176 kB
VmallocUsed:      136224 kB
VmallocChunk:   251409452 kB
Time pass: 342 sec

---2015-12-17 16:44:23
MemTotal:        2873608 kB
MemFree:           69596 kB
Buffers:           16052 kB
Cached:           918416 kB
SwapCached:            4 kB
Active:          1315140 kB
Inactive:         659516 kB
Active(anon):     843896 kB
Inactive(anon):   211620 kB
Active(file):     471244 kB
Inactive(file):   447896 kB
Unevictable:       13568 kB
Mlocked:               0 kB
SwapTotal:        718400 kB
SwapFree:         709880 kB
Dirty:                 0 kB
Writeback:             0 kB
AnonPages:       1053496 kB
Mapped:           622936 kB
Shmem:              1760 kB
Slab:              98248 kB
SReclaimable:      31312 kB
SUnreclaim:        66936 kB
KernelStack:       38576 kB
PageTables:        50864 kB
NFS_Unstable:          0 kB
Bounce:                0 kB
WritebackTmp:          0 kB
CommitLimit:     2155204 kB
Committed_AS:   119119720 kB
VmallocTotal:   251658176 kB
VmallocUsed:      136224 kB
VmallocChunk:   251409452 kB
Time pass: 345 sec

---2015-12-17 16:44:23
MemTotal:        2873608 kB
MemFree:           70176 kB
Buffers:           16068 kB
Cached:           918448 kB
SwapCached:            4 kB
Active:          1315296 kB
Inactive:         659540 kB
Active(anon):     844052 kB
Inactive(anon):   211620 kB
Active(file):     471244 kB
Inactive(file):   447920 kB
Unevictable:       13568 kB
Mlocked:               0 kB
SwapTotal:        718400 kB
SwapFree:         709880 kB
Dirty:                72 kB
Writeback:             0 kB
AnonPages:       1053832 kB
Mapped:           623044 kB
Shmem:              1784 kB
Slab:              98248 kB
SReclaimable:      31312 kB
SUnreclaim:        66936 kB
KernelStack:       38528 kB
PageTables:        50892 kB
NFS_Unstable:          0 kB
Bounce:                0 kB
WritebackTmp:          0 kB
CommitLimit:     2155204 kB
Committed_AS:   119119672 kB
VmallocTotal:   251658176 kB
VmallocUsed:      136224 kB
VmallocChunk:   251409452 kB
Time pass: 349 sec

---2015-12-17 16:44:23
MemTotal:        2873608 kB
MemFree:           68900 kB
Buffers:           16076 kB
Cached:           918580 kB
SwapCached:            4 kB
Active:          1315788 kB
Inactive:         659676 kB
Active(anon):     844544 kB
Inactive(anon):   211756 kB
Active(file):     471244 kB
Inactive(file):   447920 kB
Unevictable:       13568 kB
Mlocked:               0 kB
SwapTotal:        718400 kB
SwapFree:         709880 kB
Dirty:                 0 kB
Writeback:             0 kB
AnonPages:       1054788 kB
Mapped:           623104 kB
Shmem:              1924 kB
Slab:              98248 kB
SReclaimable:      31312 kB
SUnreclaim:        66936 kB
KernelStack:       38528 kB
PageTables:        50860 kB
NFS_Unstable:          0 kB
Bounce:                0 kB
WritebackTmp:          0 kB
CommitLimit:     2155204 kB
Committed_AS:   119119664 kB
VmallocTotal:   251658176 kB
VmallocUsed:      136224 kB
VmallocChunk:   251409452 kB
Time pass: 353 sec

---2015-12-17 16:44:23
MemTotal:        2873608 kB
MemFree:           68000 kB
Buffers:           16108 kB
Cached:           918844 kB
SwapCached:            4 kB
Active:          1317116 kB
Inactive:         659984 kB
Active(anon):     845856 kB
Inactive(anon):   211784 kB
Active(file):     471260 kB
Inactive(file):   448200 kB
Unevictable:       13568 kB
Mlocked:               0 kB
SwapTotal:        718400 kB
SwapFree:         709880 kB
Dirty:               108 kB
Writeback:             0 kB
AnonPages:       1055728 kB
Mapped:           623192 kB
Shmem:              1924 kB
Slab:              98264 kB
SReclaimable:      31312 kB
SUnreclaim:        66952 kB
KernelStack:       38512 kB
PageTables:        50864 kB
NFS_Unstable:          0 kB
Bounce:                0 kB
WritebackTmp:          0 kB
CommitLimit:     2155204 kB
Committed_AS:   119119712 kB
VmallocTotal:   251658176 kB
VmallocUsed:      136224 kB
VmallocChunk:   251409452 kB
Time pass: 357 sec

---2015-12-17 16:44:23
MemTotal:        2873608 kB
MemFree:           66868 kB
Buffers:           16124 kB
Cached:           918844 kB
SwapCached:            4 kB
Active:          1317624 kB
Inactive:         660000 kB
Active(anon):     846364 kB
Inactive(anon):   211784 kB
Active(file):     471260 kB
Inactive(file):   448216 kB
Unevictable:       13568 kB
Mlocked:               0 kB
SwapTotal:        718400 kB
SwapFree:         709880 kB
Dirty:                52 kB
Writeback:             0 kB
AnonPages:       1056092 kB
Mapped:           623284 kB
Shmem:              1924 kB
Slab:              98256 kB
SReclaimable:      31312 kB
SUnreclaim:        66944 kB
KernelStack:       38544 kB
PageTables:        50892 kB
NFS_Unstable:          0 kB
Bounce:                0 kB
WritebackTmp:          0 kB
CommitLimit:     2155204 kB
Committed_AS:   119119672 kB
VmallocTotal:   251658176 kB
VmallocUsed:      136224 kB
VmallocChunk:   251409452 kB
Time pass: 361 sec

---2015-12-17 16:44:23
MemTotal:        2873608 kB
MemFree:           73444 kB
Buffers:           16076 kB
Cached:           914280 kB
SwapCached:            4 kB
Active:          1312560 kB
Inactive:         659540 kB
Active(anon):     844304 kB
Inactive(anon):   212984 kB
Active(file):     468256 kB
Inactive(file):   446556 kB
Unevictable:       13568 kB
Mlocked:               0 kB
SwapTotal:        718400 kB
SwapFree:         709468 kB
Dirty:                 0 kB
Writeback:             0 kB
AnonPages:       1055456 kB
Mapped:           620320 kB
Shmem:              1928 kB
Slab:              98252 kB
SReclaimable:      31312 kB
SUnreclaim:        66940 kB
KernelStack:       38544 kB
PageTables:        50860 kB
NFS_Unstable:          0 kB
Bounce:                0 kB
WritebackTmp:          0 kB
CommitLimit:     2155204 kB
Committed_AS:   119119672 kB
VmallocTotal:   251658176 kB
VmallocUsed:      136224 kB
VmallocChunk:   251409452 kB
Time pass: 365 sec

---2015-12-17 16:44:23
MemTotal:        2873608 kB
MemFree:           72868 kB
Buffers:           16100 kB
Cached:           914224 kB
SwapCached:            4 kB
Active:          1312740 kB
Inactive:         659616 kB
Active(anon):     844544 kB
Inactive(anon):   212984 kB
Active(file):     468196 kB
Inactive(file):   446632 kB
Unevictable:       13568 kB
Mlocked:               0 kB
SwapTotal:        718400 kB
SwapFree:         709468 kB
Dirty:                40 kB
Writeback:             0 kB
AnonPages:       1055424 kB
Mapped:           620296 kB
Shmem:              1928 kB
Slab:              98252 kB
SReclaimable:      31312 kB
SUnreclaim:        66940 kB
KernelStack:       38544 kB
PageTables:        50868 kB
NFS_Unstable:          0 kB
Bounce:                0 kB
WritebackTmp:          0 kB
CommitLimit:     2155204 kB
Committed_AS:   119119664 kB
VmallocTotal:   251658176 kB
VmallocUsed:      136224 kB
VmallocChunk:   251409452 kB
Time pass: 369 sec

---2015-12-17 16:44:23
MemTotal:        2873608 kB
MemFree:           73456 kB
Buffers:           16100 kB
Cached:           914224 kB
SwapCached:            4 kB
Active:          1312916 kB
Inactive:         659616 kB
Active(anon):     844720 kB
Inactive(anon):   212984 kB
Active(file):     468196 kB
Inactive(file):   446632 kB
Unevictable:       13568 kB
Mlocked:               0 kB
SwapTotal:        718400 kB
SwapFree:         709468 kB
Dirty:                 0 kB
Writeback:             0 kB
AnonPages:       1055712 kB
Mapped:           620308 kB
Shmem:              1928 kB
Slab:              98260 kB
SReclaimable:      31312 kB
SUnreclaim:        66948 kB
KernelStack:       38544 kB
PageTables:        50864 kB
NFS_Unstable:          0 kB
Bounce:                0 kB
WritebackTmp:          0 kB
CommitLimit:     2155204 kB
Committed_AS:   119119664 kB
VmallocTotal:   251658176 kB
VmallocUsed:      136224 kB
VmallocChunk:   251409452 kB
Time pass: 373 sec

---2015-12-17 16:44:23
MemTotal:        2873608 kB
MemFree:           72648 kB
Buffers:           16124 kB
Cached:           914224 kB
SwapCached:            4 kB
Active:          1313260 kB
Inactive:         659636 kB
Active(anon):     845060 kB
Inactive(anon):   212984 kB
Active(file):     468200 kB
Inactive(file):   446652 kB
Unevictable:       13568 kB
Mlocked:               0 kB
SwapTotal:        718400 kB
SwapFree:         709468 kB
Dirty:                40 kB
Writeback:             0 kB
AnonPages:       1056092 kB
Mapped:           620276 kB
Shmem:              1928 kB
Slab:              98252 kB
SReclaimable:      31312 kB
SUnreclaim:        66940 kB
KernelStack:       38544 kB
PageTables:        50828 kB
NFS_Unstable:          0 kB
Bounce:                0 kB
WritebackTmp:          0 kB
CommitLimit:     2155204 kB
Committed_AS:   119119632 kB
VmallocTotal:   251658176 kB
VmallocUsed:      136224 kB
VmallocChunk:   251409452 kB
Time pass: 377 sec

---2015-12-17 16:44:23
MemTotal:        2873608 kB
MemFree:           72548 kB
Buffers:           16124 kB
Cached:           914224 kB
SwapCached:            4 kB
Active:          1313156 kB
Inactive:         659636 kB
Active(anon):     844956 kB
Inactive(anon):   212984 kB
Active(file):     468200 kB
Inactive(file):   446652 kB
Unevictable:       13568 kB
Mlocked:               0 kB
SwapTotal:        718400 kB
SwapFree:         709468 kB
Dirty:                 0 kB
Writeback:             0 kB
AnonPages:       1055996 kB
Mapped:           620368 kB
Shmem:              1928 kB
Slab:              98268 kB
SReclaimable:      31312 kB
SUnreclaim:        66956 kB
KernelStack:       38544 kB
PageTables:        50868 kB
NFS_Unstable:          0 kB
Bounce:                0 kB
WritebackTmp:          0 kB
CommitLimit:     2155204 kB
Committed_AS:   119119720 kB
VmallocTotal:   251658176 kB
VmallocUsed:      136224 kB
VmallocChunk:   251409452 kB
Time pass: 381 sec

---2015-12-17 16:44:23
MemTotal:        2873608 kB
MemFree:           71980 kB
Buffers:           16148 kB
Cached:           914224 kB
SwapCached:            4 kB
Active:          1313708 kB
Inactive:         659660 kB
Active(anon):     845508 kB
Inactive(anon):   212984 kB
Active(file):     468200 kB
Inactive(file):   446676 kB
Unevictable:       13568 kB
Mlocked:               0 kB
SwapTotal:        718400 kB
SwapFree:         709468 kB
Dirty:                40 kB
Writeback:             0 kB
AnonPages:       1056816 kB
Mapped:           620376 kB
Shmem:              1928 kB
Slab:              98304 kB
SReclaimable:      31312 kB
SUnreclaim:        66992 kB
KernelStack:       38544 kB
PageTables:        50864 kB
NFS_Unstable:          0 kB
Bounce:                0 kB
WritebackTmp:          0 kB
CommitLimit:     2155204 kB
Committed_AS:   119119712 kB
VmallocTotal:   251658176 kB
VmallocUsed:      136224 kB
VmallocChunk:   251409452 kB
Time pass: 385 sec

---2015-12-17 16:44:23
MemTotal:        2873608 kB
MemFree:           71544 kB
Buffers:           16164 kB
Cached:           914224 kB
SwapCached:            4 kB
Active:          1313780 kB
Inactive:         659676 kB
Active(anon):     845580 kB
Inactive(anon):   212984 kB
Active(file):     468200 kB
Inactive(file):   446692 kB
Unevictable:       13568 kB
Mlocked:               0 kB
SwapTotal:        718400 kB
SwapFree:         709468 kB
Dirty:                 0 kB
Writeback:             0 kB
AnonPages:       1056724 kB
Mapped:           620468 kB
Shmem:              1928 kB
Slab:              98344 kB
SReclaimable:      31312 kB
SUnreclaim:        67032 kB
KernelStack:       38544 kB
PageTables:        50888 kB
NFS_Unstable:          0 kB
Bounce:                0 kB
WritebackTmp:          0 kB
CommitLimit:     2155204 kB
Committed_AS:   119119720 kB
VmallocTotal:   251658176 kB
VmallocUsed:      136224 kB
VmallocChunk:   251409452 kB
Time pass: 389 sec

---2015-12-17 16:44:23
MemTotal:        2873608 kB
MemFree:           71528 kB
Buffers:           16188 kB
