---2015-12-15 11:39:31
MemTotal:        2895588 kB
MemFree:          132932 kB
Buffers:           14780 kB
Cached:          1642760 kB
SwapCached:            0 kB
Active:           822352 kB
Inactive:        1421820 kB
Active(anon):     498436 kB
Inactive(anon):    93476 kB
Active(file):     323916 kB
Inactive(file):  1328344 kB
Unevictable:        2748 kB
Mlocked:               0 kB
HighTotal:       2306432 kB
HighFree:          38180 kB
LowTotal:         589156 kB
LowFree:           94752 kB
SwapTotal:       1048572 kB
SwapFree:        1048572 kB
Dirty:                 0 kB
Writeback:             0 kB
AnonPages:        589400 kB
Mapped:           362928 kB
Shmem:              2532 kB
Slab:              54632 kB
SReclaimable:      19404 kB
SUnreclaim:        35228 kB
KernelStack:       12496 kB
PageTables:        38944 kB
NFS_Unstable:          0 kB
Bounce:                0 kB
WritebackTmp:          0 kB
CommitLimit:     2496364 kB
Committed_AS:   83626740 kB
VmallocTotal:     385024 kB
VmallocUsed:      152528 kB
VmallocChunk:      59460 kB
Time pass: 3 sec

---2015-12-15 11:39:31
MemTotal:        2895588 kB
MemFree:          132380 kB
Buffers:           14780 kB
Cached:          1642760 kB
SwapCached:            0 kB
Active:           822340 kB
Inactive:        1421792 kB
Active(anon):     498424 kB
Inactive(anon):    93448 kB
Active(file):     323916 kB
Inactive(file):  1328344 kB
Unevictable:        2748 kB
Mlocked:               0 kB
HighTotal:       2306432 kB
HighFree:          38180 kB
LowTotal:         589156 kB
LowFree:           94200 kB
SwapTotal:       1048572 kB
SwapFree:        1048572 kB
Dirty:                 0 kB
Writeback:             0 kB
AnonPages:        589508 kB
Mapped:           362936 kB
Shmem:              2532 kB
Slab:              54632 kB
SReclaimable:      19404 kB
SUnreclaim:        35228 kB
KernelStack:       12488 kB
PageTables:        38944 kB
NFS_Unstable:          0 kB
Bounce:                0 kB
WritebackTmp:          0 kB
CommitLimit:     2496364 kB
Committed_AS:   83626828 kB
VmallocTotal:     385024 kB
VmallocUsed:      152528 kB
VmallocChunk:      59460 kB
Time pass: 7 sec

---2015-12-15 11:39:31
MemTotal:        2895588 kB
MemFree:          131736 kB
Buffers:           14780 kB
Cached:          1642760 kB
SwapCached:            0 kB
Active:           822416 kB
Inactive:        1421792 kB
Active(anon):     498500 kB
Inactive(anon):    93448 kB
Active(file):     323916 kB
Inactive(file):  1328344 kB
Unevictable:        2748 kB
Mlocked:               0 kB
HighTotal:       2306432 kB
HighFree:          38180 kB
LowTotal:         589156 kB
LowFree:           93556 kB
SwapTotal:       1048572 kB
SwapFree:        1048572 kB
Dirty:                 0 kB
Writeback:             0 kB
AnonPages:        589600 kB
Mapped:           362988 kB
Shmem:              2532 kB
Slab:              54632 kB
SReclaimable:      19404 kB
SUnreclaim:        35228 kB
KernelStack:       12488 kB
PageTables:        38964 kB
NFS_Unstable:          0 kB
Bounce:                0 kB
WritebackTmp:          0 kB
CommitLimit:     2496364 kB
Committed_AS:   83627036 kB
VmallocTotal:     385024 kB
VmallocUsed:      152528 kB
VmallocChunk:      59460 kB
Time pass: 10 sec

---2015-12-15 11:39:31
MemTotal:        2895588 kB
MemFree:          131328 kB
Buffers:           14780 kB
Cached:          1642760 kB
SwapCached:            0 kB
Active:           822692 kB
Inactive:        1421792 kB
Active(anon):     498776 kB
Inactive(anon):    93448 kB
Active(file):     323916 kB
Inactive(file):  1328344 kB
Unevictable:        2748 kB
Mlocked:               0 kB
HighTotal:       2306432 kB
HighFree:          38180 kB
LowTotal:         589156 kB
LowFree:           93148 kB
SwapTotal:       1048572 kB
SwapFree:        1048572 kB
Dirty:                 0 kB
Writeback:             0 kB
AnonPages:        589848 kB
Mapped:           363040 kB
Shmem:              2532 kB
Slab:              54664 kB
SReclaimable:      19404 kB
SUnreclaim:        35260 kB
KernelStack:       12488 kB
PageTables:        38984 kB
NFS_Unstable:          0 kB
Bounce:                0 kB
WritebackTmp:          0 kB
CommitLimit:     2496364 kB
Committed_AS:   83627140 kB
VmallocTotal:     385024 kB
VmallocUsed:      152528 kB
VmallocChunk:      59460 kB
Time pass: 14 sec

---2015-12-15 11:39:31
MemTotal:        2895588 kB
MemFree:          131808 kB
Buffers:           14780 kB
Cached:          1642760 kB
SwapCached:            0 kB
Active:           822872 kB
Inactive:        1421792 kB
Active(anon):     498956 kB
Inactive(anon):    93448 kB
Active(file):     323916 kB
Inactive(file):  1328344 kB
Unevictable:        2748 kB
Mlocked:               0 kB
HighTotal:       2306432 kB
HighFree:          38180 kB
LowTotal:         589156 kB
LowFree:           93628 kB
SwapTotal:       1048572 kB
SwapFree:        1048572 kB
Dirty:                 0 kB
Writeback:             0 kB
AnonPages:        590120 kB
Mapped:           363040 kB
Shmem:              2532 kB
Slab:              54648 kB
SReclaimable:      19404 kB
SUnreclaim:        35244 kB
KernelStack:       12488 kB
PageTables:        38984 kB
NFS_Unstable:          0 kB
Bounce:                0 kB
WritebackTmp:          0 kB
CommitLimit:     2496364 kB
Committed_AS:   83627260 kB
VmallocTotal:     385024 kB
VmallocUsed:      152528 kB
VmallocChunk:      59460 kB
Time pass: 17 sec

---2015-12-15 11:39:31
MemTotal:        2895588 kB
MemFree:          130412 kB
Buffers:           14780 kB
Cached:          1642760 kB
SwapCached:            0 kB
Active:           824788 kB
Inactive:        1421784 kB
Active(anon):     500864 kB
Inactive(anon):    93448 kB
Active(file):     323924 kB
Inactive(file):  1328336 kB
Unevictable:        2748 kB
Mlocked:               0 kB
HighTotal:       2306432 kB
HighFree:          38180 kB
LowTotal:         589156 kB
LowFree:           92232 kB
SwapTotal:       1048572 kB
SwapFree:        1048572 kB
Dirty:                 0 kB
Writeback:             0 kB
AnonPages:        591812 kB
Mapped:           362956 kB
Shmem:              2532 kB
Slab:              54688 kB
SReclaimable:      19404 kB
SUnreclaim:        35284 kB
KernelStack:       12488 kB
PageTables:        38964 kB
NFS_Unstable:          0 kB
Bounce:                0 kB
WritebackTmp:          0 kB
CommitLimit:     2496364 kB
Committed_AS:   83630116 kB
VmallocTotal:     385024 kB
VmallocUsed:      152528 kB
VmallocChunk:      59460 kB
Time pass: 21 sec

---2015-12-15 11:39:31
MemTotal:        2895588 kB
MemFree:           70068 kB
Buffers:           12596 kB
Cached:          1483560 kB
SwapCached:            0 kB
Active:           670572 kB
Inactive:        1456632 kB
Active(anon):     318580 kB
Inactive(anon):   318108 kB
Active(file):     351992 kB
Inactive(file):  1138524 kB
Unevictable:        2748 kB
Mlocked:               0 kB
HighTotal:       2306432 kB
HighFree:          38188 kB
LowTotal:         589156 kB
LowFree:           31880 kB
SwapTotal:       1048572 kB
SwapFree:        1048572 kB
Dirty:              1196 kB
Writeback:             0 kB
AnonPages:        634160 kB
Mapped:           386384 kB
Shmem:              2664 kB
Slab:              54808 kB
SReclaimable:      19552 kB
SUnreclaim:        35256 kB
KernelStack:       13184 kB
PageTables:        40204 kB
NFS_Unstable:          0 kB
Bounce:                0 kB
WritebackTmp:          0 kB
CommitLimit:     2496364 kB
Committed_AS:   84962884 kB
VmallocTotal:     385024 kB
VmallocUsed:      154052 kB
VmallocChunk:      59460 kB
Time pass: 25 sec

---2015-12-15 11:39:31
MemTotal:        2895588 kB
MemFree:           84188 kB
Buffers:           12564 kB
Cached:          1451844 kB
SwapCached:            0 kB
Active:           649620 kB
Inactive:        1418500 kB
Active(anon):     295436 kB
Inactive(anon):   313688 kB
Active(file):     354184 kB
Inactive(file):  1104812 kB
Unevictable:        2748 kB
Mlocked:               0 kB
HighTotal:       2306432 kB
HighFree:          49484 kB
LowTotal:         589156 kB
LowFree:           34704 kB
SwapTotal:       1048572 kB
SwapFree:        1048572 kB
Dirty:               748 kB
Writeback:             0 kB
AnonPages:        606872 kB
Mapped:           387456 kB
Shmem:              2664 kB
Slab:              54820 kB
SReclaimable:      19556 kB
SUnreclaim:        35264 kB
KernelStack:       13176 kB
PageTables:        40024 kB
NFS_Unstable:          0 kB
Bounce:                0 kB
WritebackTmp:          0 kB
CommitLimit:     2496364 kB
Committed_AS:   84959940 kB
VmallocTotal:     385024 kB
VmallocUsed:      154368 kB
VmallocChunk:      59460 kB
Time pass: 29 sec

---2015-12-15 11:39:31
MemTotal:        2895588 kB
MemFree:           85544 kB
Buffers:           12572 kB
Cached:          1451852 kB
SwapCached:            0 kB
Active:           648712 kB
Inactive:        1418504 kB
Active(anon):     294528 kB
Inactive(anon):   313676 kB
Active(file):     354184 kB
Inactive(file):  1104828 kB
Unevictable:        2748 kB
Mlocked:               0 kB
HighTotal:       2306432 kB
HighFree:          50176 kB
LowTotal:         589156 kB
LowFree:           35368 kB
SwapTotal:       1048572 kB
SwapFree:        1048572 kB
Dirty:                76 kB
Writeback:             0 kB
AnonPages:        606348 kB
Mapped:           387592 kB
Shmem:              2664 kB
Slab:              54816 kB
SReclaimable:      19556 kB
SUnreclaim:        35260 kB
KernelStack:       13176 kB
PageTables:        40044 kB
NFS_Unstable:          0 kB
Bounce:                0 kB
WritebackTmp:          0 kB
CommitLimit:     2496364 kB
Committed_AS:   84960084 kB
VmallocTotal:     385024 kB
VmallocUsed:      154368 kB
VmallocChunk:      59460 kB
Time pass: 33 sec

---2015-12-15 11:39:31
MemTotal:        2895588 kB
MemFree:           85264 kB
Buffers:           12580 kB
Cached:          1451904 kB
SwapCached:            0 kB
Active:           649000 kB
Inactive:        1418560 kB
Active(anon):     294816 kB
Inactive(anon):   313676 kB
Active(file):     354184 kB
Inactive(file):  1104884 kB
Unevictable:        2748 kB
Mlocked:               0 kB
HighTotal:       2306432 kB
HighFree:          49928 kB
LowTotal:         589156 kB
LowFree:           35336 kB
SwapTotal:       1048572 kB
SwapFree:        1048572 kB
Dirty:                 0 kB
Writeback:             0 kB
AnonPages:        606444 kB
Mapped:           387656 kB
Shmem:              2664 kB
Slab:              54816 kB
SReclaimable:      19556 kB
SUnreclaim:        35260 kB
KernelStack:       13176 kB
PageTables:        40064 kB
NFS_Unstable:          0 kB
Bounce:                0 kB
WritebackTmp:          0 kB
CommitLimit:     2496364 kB
Committed_AS:   84960332 kB
VmallocTotal:     385024 kB
VmallocUsed:      154368 kB
VmallocChunk:      59460 kB
Time pass: 37 sec

---2015-12-15 11:39:31
MemTotal:        2895588 kB
MemFree:           81844 kB
Buffers:           12580 kB
Cached:          1453288 kB
SwapCached:            0 kB
Active:           653908 kB
Inactive:        1419108 kB
Active(anon):     299088 kB
Inactive(anon):   313676 kB
Active(file):     354820 kB
Inactive(file):  1105432 kB
Unevictable:        2748 kB
Mlocked:               0 kB
HighTotal:       2306432 kB
HighFree:          46012 kB
LowTotal:         589156 kB
LowFree:           35832 kB
SwapTotal:       1048572 kB
SwapFree:        1048572 kB
Dirty:               796 kB
Writeback:             0 kB
AnonPages:        610400 kB
Mapped:           387660 kB
Shmem:              2664 kB
Slab:              54828 kB
SReclaimable:      19556 kB
SUnreclaim:        35272 kB
KernelStack:       13192 kB
PageTables:        40024 kB
NFS_Unstable:          0 kB
Bounce:                0 kB
WritebackTmp:          0 kB
CommitLimit:     2496364 kB
Committed_AS:   84961208 kB
VmallocTotal:     385024 kB
VmallocUsed:      154392 kB
VmallocChunk:      59460 kB
Time pass: 40 sec

---2015-12-15 11:39:31
MemTotal:        2895588 kB
MemFree:           75772 kB
Buffers:           12396 kB
Cached:          1386132 kB
SwapCached:            0 kB
Active:           679840 kB
Inactive:        1355488 kB
Active(anon):     319652 kB
Inactive(anon):   322600 kB
Active(file):     360188 kB
Inactive(file):  1032888 kB
Unevictable:        2748 kB
Mlocked:               0 kB
HighTotal:       2306432 kB
HighFree:          42820 kB
LowTotal:         589156 kB
LowFree:           32952 kB
SwapTotal:       1048572 kB
SwapFree:        1048572 kB
Dirty:               108 kB
Writeback:             0 kB
AnonPages:        640004 kB
Mapped:           388888 kB
Shmem:              2664 kB
Slab:              54840 kB
SReclaimable:      19560 kB
SUnreclaim:        35280 kB
KernelStack:       13256 kB
PageTables:        40160 kB
NFS_Unstable:          0 kB
Bounce:                0 kB
WritebackTmp:          0 kB
CommitLimit:     2496364 kB
Committed_AS:   85004388 kB
VmallocTotal:     385024 kB
VmallocUsed:      155080 kB
VmallocChunk:      59460 kB
Time pass: 44 sec

---2015-12-15 11:39:31
MemTotal:        2895588 kB
MemFree:           87892 kB
Buffers:           12408 kB
Cached:          1386256 kB
SwapCached:            0 kB
Active:           669468 kB
Inactive:        1355376 kB
Active(anon):     308896 kB
Inactive(anon):   322700 kB
Active(file):     360572 kB
Inactive(file):  1032676 kB
Unevictable:        2748 kB
Mlocked:               0 kB
HighTotal:       2306432 kB
HighFree:          51656 kB
LowTotal:         589156 kB
LowFree:           36236 kB
SwapTotal:       1048572 kB
SwapFree:        1048572 kB
Dirty:               144 kB
Writeback:             0 kB
AnonPages:        629400 kB
Mapped:           389240 kB
Shmem:              2664 kB
Slab:              54856 kB
SReclaimable:      19576 kB
SUnreclaim:        35280 kB
KernelStack:       13368 kB
PageTables:        40188 kB
NFS_Unstable:          0 kB
Bounce:                0 kB
WritebackTmp:          0 kB
CommitLimit:     2496364 kB
Committed_AS:   84988904 kB
VmallocTotal:     385024 kB
VmallocUsed:      155068 kB
VmallocChunk:      59460 kB
Time pass: 47 sec

---2015-12-15 11:39:31
MemTotal:        2895588 kB
MemFree:           79160 kB
Buffers:           12164 kB
Cached:          1336344 kB
SwapCached:            0 kB
Active:           683756 kB
Inactive:        1311712 kB
Active(anon):     321768 kB
Inactive(anon):   330628 kB
Active(file):     361988 kB
Inactive(file):   981084 kB
Unevictable:        2748 kB
Mlocked:               0 kB
HighTotal:       2306432 kB
HighFree:          42796 kB
LowTotal:         589156 kB
LowFree:           36364 kB
SwapTotal:       1048572 kB
SwapFree:        1048572 kB
Dirty:              1324 kB
Writeback:             0 kB
AnonPages:        649688 kB
Mapped:           390836 kB
Shmem:              2664 kB
Slab:              54992 kB
SReclaimable:      19648 kB
SUnreclaim:        35344 kB
KernelStack:       13400 kB
PageTables:        40280 kB
NFS_Unstable:          0 kB
Bounce:                0 kB
WritebackTmp:          0 kB
CommitLimit:     2496364 kB
Committed_AS:   85005516 kB
VmallocTotal:     385024 kB
VmallocUsed:      156364 kB
VmallocChunk:      59460 kB
Time pass: 51 sec

---2015-12-15 11:39:31
MemTotal:        2895588 kB
MemFree:           78056 kB
Buffers:           12180 kB
Cached:          1342740 kB
SwapCached:            0 kB
Active:           678704 kB
Inactive:        1317920 kB
Active(anon):     316692 kB
Inactive(anon):   330568 kB
Active(file):     362012 kB
Inactive(file):   987352 kB
Unevictable:        2748 kB
Mlocked:               0 kB
HighTotal:       2306432 kB
HighFree:          41468 kB
LowTotal:         589156 kB
LowFree:           36588 kB
SwapTotal:       1048572 kB
SwapFree:        1048572 kB
Dirty:              6912 kB
Writeback:             0 kB
AnonPages:        644900 kB
Mapped:           390892 kB
Shmem:              2664 kB
Slab:              55084 kB
SReclaimable:      19676 kB
SUnreclaim:        35408 kB
KernelStack:       13416 kB
PageTables:        40192 kB
NFS_Unstable:          0 kB
Bounce:                0 kB
WritebackTmp:          0 kB
CommitLimit:     2496364 kB
Committed_AS:   84994252 kB
VmallocTotal:     385024 kB
VmallocUsed:      156364 kB
VmallocChunk:      59460 kB
Time pass: 55 sec

---2015-12-15 11:39:31
MemTotal:        2895588 kB
MemFree:           79080 kB
Buffers:           12188 kB
Cached:          1342852 kB
SwapCached:            0 kB
Active:           677336 kB
Inactive:        1317836 kB
Active(anon):     315324 kB
Inactive(anon):   330328 kB
Active(file):     362012 kB
Inactive(file):   987508 kB
Unevictable:        2748 kB
Mlocked:               0 kB
HighTotal:       2306432 kB
HighFree:          41788 kB
LowTotal:         589156 kB
LowFree:           37292 kB
SwapTotal:       1048572 kB
SwapFree:        1048572 kB
Dirty:               108 kB
Writeback:             0 kB
AnonPages:        643288 kB
Mapped:           391284 kB
Shmem:              2664 kB
Slab:              55068 kB
SReclaimable:      19676 kB
SUnreclaim:        35392 kB
KernelStack:       13416 kB
PageTables:        40204 kB
NFS_Unstable:          0 kB
Bounce:                0 kB
WritebackTmp:          0 kB
CommitLimit:     2496364 kB
Committed_AS:   84994284 kB
VmallocTotal:     385024 kB
VmallocUsed:      156364 kB
VmallocChunk:      59460 kB
Time pass: 59 sec

---2015-12-15 11:39:31
MemTotal:        2895588 kB
MemFree:           78852 kB
Buffers:           12196 kB
Cached:          1342820 kB
SwapCached:            0 kB
Active:           677440 kB
Inactive:        1317900 kB
Active(anon):     315428 kB
Inactive(anon):   330328 kB
Active(file):     362012 kB
Inactive(file):   987572 kB
Unevictable:        2748 kB
Mlocked:               0 kB
HighTotal:       2306432 kB
HighFree:          41436 kB
LowTotal:         589156 kB
LowFree:           37416 kB
SwapTotal:       1048572 kB
SwapFree:        1048572 kB
Dirty:                28 kB
Writeback:             0 kB
AnonPages:        643536 kB
Mapped:           391340 kB
Shmem:              2664 kB
Slab:              55076 kB
SReclaimable:      19716 kB
SUnreclaim:        35360 kB
KernelStack:       13416 kB
PageTables:        40212 kB
NFS_Unstable:          0 kB
Bounce:                0 kB
WritebackTmp:          0 kB
CommitLimit:     2496364 kB
Committed_AS:   84994524 kB
VmallocTotal:     385024 kB
VmallocUsed:      156364 kB
VmallocChunk:      59460 kB
Time pass: 62 sec

---2015-12-15 11:39:31
MemTotal:        2895588 kB
MemFree:           80684 kB
Buffers:           12212 kB
Cached:          1342980 kB
SwapCached:            0 kB
Active:           673176 kB
Inactive:        1318032 kB
Active(anon):     311172 kB
Inactive(anon):   330328 kB
Active(file):     362004 kB
Inactive(file):   987704 kB
Unevictable:        2748 kB
Mlocked:               0 kB
HighTotal:       2306432 kB
HighFree:          43276 kB
LowTotal:         589156 kB
LowFree:           37408 kB
SwapTotal:       1048572 kB
SwapFree:        1048572 kB
Dirty:               248 kB
Writeback:             0 kB
AnonPages:        639232 kB
Mapped:           391396 kB
Shmem:              2664 kB
Slab:              55108 kB
SReclaimable:      19740 kB
SUnreclaim:        35368 kB
KernelStack:       13416 kB
PageTables:        40192 kB
NFS_Unstable:          0 kB
Bounce:                0 kB
WritebackTmp:          0 kB
CommitLimit:     2496364 kB
Committed_AS:   84994684 kB
VmallocTotal:     385024 kB
VmallocUsed:      156364 kB
VmallocChunk:      59460 kB
Time pass: 66 sec

---2015-12-15 11:39:31
MemTotal:        2895588 kB
MemFree:           78836 kB
Buffers:           12220 kB
Cached:          1342980 kB
SwapCached:            0 kB
Active:           673612 kB
Inactive:        1318104 kB
Active(anon):     311608 kB
Inactive(anon):   330328 kB
Active(file):     362004 kB
Inactive(file):   987776 kB
Unevictable:        2748 kB
Mlocked:               0 kB
HighTotal:       2306432 kB
HighFree:          41416 kB
LowTotal:         589156 kB
LowFree:           37420 kB
SwapTotal:       1048572 kB
SwapFree:        1048572 kB
Dirty:                72 kB
Writeback:             0 kB
AnonPages:        639736 kB
Mapped:           391468 kB
Shmem:              2664 kB
Slab:              55108 kB
SReclaimable:      19740 kB
SUnreclaim:        35368 kB
KernelStack:       13416 kB
PageTables:        40212 kB
NFS_Unstable:          0 kB
Bounce:                0 kB
WritebackTmp:          0 kB
CommitLimit:     2496364 kB
Committed_AS:   84994836 kB
VmallocTotal:     385024 kB
VmallocUsed:      156364 kB
VmallocChunk:      59460 kB
Time pass: 70 sec

---2015-12-15 11:39:31
MemTotal:        2895588 kB
MemFree:           72292 kB
Buffers:           12188 kB
Cached:          1284552 kB
SwapCached:            0 kB
Active:           679252 kB
Inactive:        1260864 kB
Active(anon):     315328 kB
Inactive(anon):   333508 kB
Active(file):     363924 kB
Inactive(file):   927356 kB
Unevictable:        2748 kB
Mlocked:               0 kB
HighTotal:       2306432 kB
HighFree:          41356 kB
LowTotal:         589156 kB
LowFree:           30936 kB
SwapTotal:       1048572 kB
SwapFree:        1048572 kB
Dirty:               512 kB
Writeback:             0 kB
AnonPages:        646460 kB
Mapped:           391724 kB
Shmem:              2664 kB
Slab:              54940 kB
SReclaimable:      19572 kB
SUnreclaim:        35368 kB
KernelStack:       13416 kB
PageTables:        40200 kB
NFS_Unstable:          0 kB
Bounce:                0 kB
WritebackTmp:          0 kB
CommitLimit:     2496364 kB
Committed_AS:   84995176 kB
VmallocTotal:     385024 kB
VmallocUsed:      156352 kB
VmallocChunk:      59460 kB
Time pass: 73 sec

---2015-12-15 11:39:31
MemTotal:        2895588 kB
MemFree:           74460 kB
Buffers:           12172 kB
Cached:          1277892 kB
SwapCached:            0 kB
Active:           685180 kB
Inactive:        1253920 kB
Active(anon):     321088 kB
Inactive(anon):   333456 kB
Active(file):     364092 kB
Inactive(file):   920464 kB
Unevictable:        2748 kB
Mlocked:               0 kB
HighTotal:       2306432 kB
HighFree:          41544 kB
LowTotal:         589156 kB
LowFree:           32916 kB
SwapTotal:       1048572 kB
SwapFree:        1048572 kB
Dirty:               520 kB
Writeback:             0 kB
AnonPages:        652828 kB
Mapped:           393620 kB
Shmem:              2664 kB
Slab:              54932 kB
SReclaimable:      19572 kB
SUnreclaim:        35360 kB
KernelStack:       13432 kB
PageTables:        40192 kB
NFS_Unstable:          0 kB
Bounce:                0 kB
WritebackTmp:          0 kB
CommitLimit:     2496364 kB
Committed_AS:   84993200 kB
VmallocTotal:     385024 kB
VmallocUsed:      156320 kB
VmallocChunk:      59460 kB
Time pass: 77 sec

---2015-12-15 11:39:31
MemTotal:        2895588 kB
MemFree:           72612 kB
Buffers:           11984 kB
Cached:          1267468 kB
SwapCached:            0 kB
Active:           694828 kB
Inactive:        1245384 kB
Active(anon):     329712 kB
Inactive(anon):   336672 kB
Active(file):     365116 kB
Inactive(file):   908712 kB
Unevictable:        2748 kB
Mlocked:               0 kB
HighTotal:       2306432 kB
HighFree:          41248 kB
LowTotal:         589156 kB
LowFree:           31364 kB
SwapTotal:       1048572 kB
SwapFree:        1048572 kB
Dirty:               368 kB
Writeback:             0 kB
AnonPages:        664076 kB
Mapped:           396424 kB
Shmem:              2820 kB
Slab:              54956 kB
SReclaimable:      19572 kB
SUnreclaim:        35384 kB
KernelStack:       13640 kB
PageTables:        40356 kB
NFS_Unstable:          0 kB
Bounce:                0 kB
WritebackTmp:          0 kB
CommitLimit:     2496364 kB
Committed_AS:   85013632 kB
VmallocTotal:     385024 kB
VmallocUsed:      158532 kB
VmallocChunk:      59460 kB
Time pass: 81 sec

---2015-12-15 11:39:31
MemTotal:        2895588 kB
MemFree:           74364 kB
Buffers:           11920 kB
Cached:          1229560 kB
SwapCached:            0 kB
Active:           699752 kB
Inactive:        1208540 kB
Active(anon):     332912 kB
Inactive(anon):   340040 kB
Active(file):     366840 kB
Inactive(file):   868500 kB
Unevictable:        2748 kB
Mlocked:               0 kB
HighTotal:       2306432 kB
HighFree:          41240 kB
LowTotal:         589156 kB
LowFree:           33124 kB
SwapTotal:       1048572 kB
SwapFree:        1048572 kB
Dirty:                64 kB
Writeback:             0 kB
AnonPages:        669640 kB
Mapped:           397176 kB
Shmem:              3384 kB
Slab:              55044 kB
SReclaimable:      19572 kB
SUnreclaim:        35472 kB
KernelStack:       13624 kB
PageTables:        40508 kB
NFS_Unstable:          0 kB
Bounce:                0 kB
WritebackTmp:          0 kB
CommitLimit:     2496364 kB
Committed_AS:   85018580 kB
VmallocTotal:     385024 kB
VmallocUsed:      158532 kB
VmallocChunk:      59460 kB
Time pass: 85 sec

---2015-12-15 11:39:31
MemTotal:        2895588 kB
MemFree:           73144 kB
Buffers:           11920 kB
Cached:          1229624 kB
SwapCached:            0 kB
Active:           700648 kB
Inactive:        1208604 kB
Active(anon):     333808 kB
Inactive(anon):   340104 kB
Active(file):     366840 kB
Inactive(file):   868500 kB
Unevictable:        2748 kB
Mlocked:               0 kB
HighTotal:       2306432 kB
HighFree:          40248 kB
LowTotal:         589156 kB
LowFree:           32896 kB
SwapTotal:       1048572 kB
SwapFree:        1048572 kB
Dirty:                68 kB
Writeback:             0 kB
AnonPages:        670800 kB
Mapped:           397284 kB
Shmem:              3448 kB
Slab:              55108 kB
SReclaimable:      19572 kB
SUnreclaim:        35536 kB
KernelStack:       13624 kB
PageTables:        40516 kB
NFS_Unstable:          0 kB
Bounce:                0 kB
WritebackTmp:          0 kB
CommitLimit:     2496364 kB
Committed_AS:   85018796 kB
VmallocTotal:     385024 kB
VmallocUsed:      158532 kB
VmallocChunk:      59460 kB
Time pass: 88 sec

---2015-12-15 11:39:31
MemTotal:        2895588 kB
MemFree:           72164 kB
Buffers:           11944 kB
Cached:          1229728 kB
SwapCached:            0 kB
Active:           701292 kB
Inactive:        1208740 kB
Active(anon):     334452 kB
Inactive(anon):   340216 kB
Active(file):     366840 kB
Inactive(file):   868524 kB
Unevictable:        2748 kB
Mlocked:               0 kB
HighTotal:       2306432 kB
HighFree:          39256 kB
LowTotal:         589156 kB
LowFree:           32908 kB
SwapTotal:       1048572 kB
SwapFree:        1048572 kB
Dirty:                48 kB
Writeback:             0 kB
AnonPages:        671748 kB
Mapped:           397444 kB
Shmem:              3552 kB
Slab:              55140 kB
SReclaimable:      19572 kB
SUnreclaim:        35568 kB
KernelStack:       13624 kB
PageTables:        40540 kB
NFS_Unstable:          0 kB
Bounce:                0 kB
WritebackTmp:          0 kB
CommitLimit:     2496364 kB
Committed_AS:   85023144 kB
VmallocTotal:     385024 kB
VmallocUsed:      158532 kB
VmallocChunk:      59460 kB
Time pass: 92 sec

---2015-12-15 11:39:31
MemTotal:        2895588 kB
MemFree:           71884 kB
Buffers:           11944 kB
Cached:          1229776 kB
SwapCached:            0 kB
Active:           701300 kB
Inactive:        1208788 kB
Active(anon):     334460 kB
Inactive(anon):   340264 kB
Active(file):     366840 kB
Inactive(file):   868524 kB
Unevictable:        2748 kB
Mlocked:               0 kB
HighTotal:       2306432 kB
HighFree:          38388 kB
LowTotal:         589156 kB
LowFree:           33496 kB
SwapTotal:       1048572 kB
SwapFree:        1048572 kB
Dirty:                 0 kB
Writeback:             0 kB
AnonPages:        671496 kB
Mapped:           397492 kB
Shmem:              3600 kB
Slab:              55152 kB
SReclaimable:      19572 kB
SUnreclaim:        35580 kB
KernelStack:       13624 kB
PageTables:        40540 kB
NFS_Unstable:          0 kB
Bounce:                0 kB
WritebackTmp:          0 kB
CommitLimit:     2496364 kB
Committed_AS:   85023236 kB
VmallocTotal:     385024 kB
VmallocUsed:      158532 kB
VmallocChunk:      59460 kB
Time pass: 95 sec

---2015-12-15 11:39:31
MemTotal:        2895588 kB
MemFree:           72244 kB
Buffers:           11968 kB
Cached:          1229760 kB
SwapCached:            0 kB
Active:           701636 kB
Inactive:        1208784 kB
Active(anon):     334792 kB
Inactive(anon):   340264 kB
Active(file):     366844 kB
Inactive(file):   868520 kB
Unevictable:        2748 kB
Mlocked:               0 kB
HighTotal:       2306432 kB
HighFree:          38884 kB
LowTotal:         589156 kB
LowFree:           33360 kB
SwapTotal:       1048572 kB
SwapFree:        1048572 kB
Dirty:                28 kB
Writeback:             0 kB
AnonPages:        671704 kB
Mapped:           397496 kB
Shmem:              3600 kB
Slab:              55160 kB
SReclaimable:      19572 kB
SUnreclaim:        35588 kB
KernelStack:       13624 kB
PageTables:        40544 kB
NFS_Unstable:          0 kB
Bounce:                0 kB
WritebackTmp:          0 kB
CommitLimit:     2496364 kB
Committed_AS:   85023316 kB
VmallocTotal:     385024 kB
VmallocUsed:      158532 kB
VmallocChunk:      59460 kB
Time pass: 99 sec

---2015-12-15 11:39:31
MemTotal:        2895588 kB
MemFree:           76420 kB
Buffers:           11960 kB
Cached:          1223264 kB
SwapCached:            0 kB
Active:           702004 kB
Inactive:        1203424 kB
Active(anon):     334160 kB
Inactive(anon):   342400 kB
Active(file):     367844 kB
Inactive(file):   861024 kB
Unevictable:        2748 kB
Mlocked:               0 kB
HighTotal:       2306432 kB
HighFree:          43172 kB
LowTotal:         589156 kB
LowFree:           33248 kB
SwapTotal:       1048572 kB
SwapFree:        1048572 kB
Dirty:                36 kB
Writeback:             0 kB
AnonPages:        673040 kB
Mapped:           397544 kB
Shmem:              3600 kB
Slab:              55156 kB
SReclaimable:      19572 kB
SUnreclaim:        35584 kB
KernelStack:       13528 kB
PageTables:        40568 kB
NFS_Unstable:          0 kB
Bounce:                0 kB
WritebackTmp:          0 kB
CommitLimit:     2496364 kB
Committed_AS:   85031588 kB
VmallocTotal:     385024 kB
VmallocUsed:      158532 kB
VmallocChunk:      59460 kB
Time pass: 102 sec

---2015-12-15 11:39:31
MemTotal:        2895588 kB
MemFree:           75396 kB
Buffers:           11976 kB
Cached:          1223300 kB
SwapCached:            0 kB
Active:           703200 kB
Inactive:        1203480 kB
Active(anon):     335356 kB
Inactive(anon):   342400 kB
Active(file):     367844 kB
Inactive(file):   861080 kB
Unevictable:        2748 kB
Mlocked:               0 kB
HighTotal:       2306432 kB
HighFree:          41860 kB
LowTotal:         589156 kB
LowFree:           33536 kB
SwapTotal:       1048572 kB
SwapFree:        1048572 kB
Dirty:                40 kB
Writeback:             0 kB
AnonPages:        674280 kB
Mapped:           397448 kB
Shmem:              3604 kB
Slab:              55128 kB
SReclaimable:      19572 kB
SUnreclaim:        35556 kB
KernelStack:       13528 kB
PageTables:        40528 kB
NFS_Unstable:          0 kB
Bounce:                0 kB
WritebackTmp:          0 kB
CommitLimit:     2496364 kB
Committed_AS:   85031548 kB
VmallocTotal:     385024 kB
VmallocUsed:      158532 kB
VmallocChunk:      59460 kB
Time pass: 106 sec

---2015-12-15 11:39:31
MemTotal:        2895588 kB
MemFree:           75524 kB
Buffers:           11984 kB
Cached:          1223336 kB
SwapCached:            0 kB
Active:           703112 kB
Inactive:        1203488 kB
Active(anon):     335268 kB
Inactive(anon):   342400 kB
Active(file):     367844 kB
Inactive(file):   861088 kB
Unevictable:        2748 kB
Mlocked:               0 kB
HighTotal:       2306432 kB
HighFree:          41932 kB
LowTotal:         589156 kB
LowFree:           33592 kB
SwapTotal:       1048572 kB
SwapFree:        1048572 kB
Dirty:                28 kB
Writeback:             0 kB
AnonPages:        674044 kB
Mapped:           397536 kB
Shmem:              3640 kB
Slab:              55124 kB
SReclaimable:      19572 kB
SUnreclaim:        35552 kB
KernelStack:       13504 kB
PageTables:        40544 kB
NFS_Unstable:          0 kB
Bounce:                0 kB
WritebackTmp:          0 kB
CommitLimit:     2496364 kB
Committed_AS:   85031644 kB
VmallocTotal:     385024 kB
VmallocUsed:      158532 kB
VmallocChunk:      59460 kB
Time pass: 109 sec

---2015-12-15 11:39:31
MemTotal:        2895588 kB
MemFree:           74580 kB
Buffers:           12000 kB
Cached:          1223400 kB
SwapCached:            0 kB
Active:           703472 kB
Inactive:        1203544 kB
Active(anon):     335628 kB
Inactive(anon):   342440 kB
Active(file):     367844 kB
Inactive(file):   861104 kB
Unevictable:        2748 kB
Mlocked:               0 kB
HighTotal:       2306432 kB
HighFree:          41012 kB
LowTotal:         589156 kB
LowFree:           33568 kB
SwapTotal:       1048572 kB
SwapFree:        1048572 kB
Dirty:                40 kB
Writeback:             0 kB
AnonPages:        674556 kB
Mapped:           397652 kB
Shmem:              3704 kB
Slab:              55124 kB
SReclaimable:      19572 kB
SUnreclaim:        35552 kB
KernelStack:       13496 kB
PageTables:        40564 kB
NFS_Unstable:          0 kB
Bounce:                0 kB
WritebackTmp:          0 kB
CommitLimit:     2496364 kB
Committed_AS:   85031764 kB
VmallocTotal:     385024 kB
VmallocUsed:      158532 kB
VmallocChunk:      59460 kB
Time pass: 113 sec

---2015-12-15 11:39:31
MemTotal:        2895588 kB
MemFree:           75484 kB
Buffers:           12008 kB
Cached:          1223392 kB
SwapCached:            0 kB
Active:           701540 kB
Inactive:        1203516 kB
Active(anon):     333696 kB
Inactive(anon):   342412 kB
Active(file):     367844 kB
Inactive(file):   861104 kB
Unevictable:        2748 kB
Mlocked:               0 kB
HighTotal:       2306432 kB
HighFree:          42056 kB
LowTotal:         589156 kB
LowFree:           33428 kB
SwapTotal:       1048572 kB
SwapFree:        1048572 kB
Dirty:                 0 kB
Writeback:             0 kB
AnonPages:        672612 kB
Mapped:           397548 kB
Shmem:              3704 kB
Slab:              55124 kB
SReclaimable:      19572 kB
SUnreclaim:        35552 kB
KernelStack:       13488 kB
PageTables:        40524 kB
NFS_Unstable:          0 kB
Bounce:                0 kB
WritebackTmp:          0 kB
CommitLimit:     2496364 kB
Committed_AS:   85031972 kB
VmallocTotal:     385024 kB
VmallocUsed:      158532 kB
VmallocChunk:      59460 kB
Time pass: 117 sec

---2015-12-15 11:39:31
MemTotal:        2895588 kB
MemFree:           75988 kB
Buffers:           12008 kB
Cached:          1223412 kB
SwapCached:            0 kB
Active:           701360 kB
Inactive:        1203536 kB
Active(anon):     333516 kB
Inactive(anon):   342424 kB
Active(file):     367844 kB
Inactive(file):   861112 kB
Unevictable:        2748 kB
Mlocked:               0 kB
HighTotal:       2306432 kB
HighFree:          42428 kB
LowTotal:         589156 kB
LowFree:           33560 kB
SwapTotal:       1048572 kB
SwapFree:        1048572 kB
Dirty:                28 kB
Writeback:             0 kB
AnonPages:        672480 kB
Mapped:           397560 kB
Shmem:              3716 kB
Slab:              55156 kB
SReclaimable:      19572 kB
SUnreclaim:        35584 kB
KernelStack:       13472 kB
PageTables:        40524 kB
NFS_Unstable:          0 kB
Bounce:                0 kB
WritebackTmp:          0 kB
CommitLimit:     2496364 kB
Committed_AS:   85032052 kB
VmallocTotal:     385024 kB
VmallocUsed:      158532 kB
VmallocChunk:      59460 kB
Time pass: 120 sec

---2015-12-15 11:39:31
MemTotal:        2895588 kB
MemFree:           75204 kB
Buffers:           12008 kB
Cached:          1223484 kB
SwapCached:            0 kB
Active:           702468 kB
Inactive:        1203556 kB
Active(anon):     334624 kB
Inactive(anon):   342444 kB
Active(file):     367844 kB
Inactive(file):   861112 kB
Unevictable:        2748 kB
Mlocked:               0 kB
HighTotal:       2306432 kB
HighFree:          41808 kB
LowTotal:         589156 kB
LowFree:           33396 kB
SwapTotal:       1048572 kB
SwapFree:        1048572 kB
Dirty:                 0 kB
Writeback:             0 kB
AnonPages:        673688 kB
Mapped:           397684 kB
Shmem:              3788 kB
Slab:              55164 kB
SReclaimable:      19572 kB
SUnreclaim:        35592 kB
KernelStack:       13472 kB
PageTables:        40544 kB
NFS_Unstable:          0 kB
Bounce:                0 kB
WritebackTmp:          0 kB
CommitLimit:     2496364 kB
Committed_AS:   85032300 kB
VmallocTotal:     385024 kB
VmallocUsed:      158532 kB
VmallocChunk:      59460 kB
Time pass: 124 sec

---2015-12-15 11:39:31
MemTotal:        2895588 kB
MemFree:           71316 kB
Buffers:           12008 kB
Cached:          1224648 kB
SwapCached:            0 kB
Active:           705660 kB
Inactive:        1204648 kB
Active(anon):     337816 kB
Inactive(anon):   342488 kB
Active(file):     367844 kB
Inactive(file):   862160 kB
Unevictable:        2748 kB
Mlocked:               0 kB
HighTotal:       2306432 kB
HighFree:          38088 kB
LowTotal:         589156 kB
LowFree:           33228 kB
SwapTotal:       1048572 kB
SwapFree:        1048572 kB
Dirty:                 0 kB
Writeback:             0 kB
AnonPages:        676836 kB
Mapped:           398360 kB
Shmem:              3880 kB
Slab:              55084 kB
SReclaimable:      19572 kB
SUnreclaim:        35512 kB
KernelStack:       13464 kB
PageTables:        40740 kB
NFS_Unstable:          0 kB
Bounce:                0 kB
WritebackTmp:          0 kB
CommitLimit:     2496364 kB
Committed_AS:   87717808 kB
VmallocTotal:     385024 kB
VmallocUsed:      158532 kB
VmallocChunk:      59460 kB
Time pass: 127 sec

---2015-12-15 11:39:31
MemTotal:        2895588 kB
MemFree:           83652 kB
Buffers:           12008 kB
Cached:          1224060 kB
SwapCached:            0 kB
Active:           694268 kB
Inactive:        1204024 kB
Active(anon):     326424 kB
Inactive(anon):   341728 kB
Active(file):     367844 kB
Inactive(file):   862296 kB
Unevictable:        2748 kB
Mlocked:               0 kB
HighTotal:       2306432 kB
HighFree:          48808 kB
LowTotal:         589156 kB
LowFree:           34844 kB
SwapTotal:       1048572 kB
SwapFree:        1048572 kB
Dirty:                 8 kB
Writeback:             0 kB
AnonPages:        664972 kB
Mapped:           397336 kB
Shmem:              3180 kB
Slab:              55104 kB
SReclaimable:      19572 kB
SUnreclaim:        35532 kB
KernelStack:       13384 kB
PageTables:        40636 kB
NFS_Unstable:          0 kB
Bounce:                0 kB
WritebackTmp:          0 kB
CommitLimit:     2496364 kB
Committed_AS:   87706464 kB
VmallocTotal:     385024 kB
VmallocUsed:      157268 kB
VmallocChunk:      59460 kB
Time pass: 131 sec

---2015-12-15 11:39:31
MemTotal:        2895588 kB
MemFree:          411608 kB
Buffers:           12064 kB
Cached:          1214592 kB
SwapCached:            0 kB
Active:           619480 kB
Inactive:        1191712 kB
Active(anon):     249120 kB
Inactive(anon):   341216 kB
Active(file):     370360 kB
Inactive(file):   850496 kB
Unevictable:        2748 kB
Mlocked:               0 kB
HighTotal:       2306432 kB
HighFree:         330892 kB
LowTotal:         589156 kB
LowFree:           80716 kB
SwapTotal:       1048572 kB
SwapFree:        1048572 kB
Dirty:                52 kB
Writeback:             0 kB
AnonPages:        587372 kB
Mapped:           364820 kB
Shmem:              3052 kB
Slab:              54976 kB
SReclaimable:      19560 kB
SUnreclaim:        35416 kB
KernelStack:       12472 kB
PageTables:        38516 kB
NFS_Unstable:          0 kB
Bounce:                0 kB
WritebackTmp:          0 kB
CommitLimit:     2496364 kB
Committed_AS:   82385140 kB
VmallocTotal:     385024 kB
VmallocUsed:      151900 kB
VmallocChunk:      59460 kB
Time pass: 134 sec

---2015-12-15 11:39:31
MemTotal:        2895588 kB
MemFree:          411512 kB
Buffers:           12072 kB
Cached:          1214592 kB
SwapCached:            0 kB
Active:           619560 kB
Inactive:        1191716 kB
Active(anon):     249200 kB
Inactive(anon):   341212 kB
Active(file):     370360 kB
Inactive(file):   850504 kB
Unevictable:        2748 kB
Mlocked:               0 kB
HighTotal:       2306432 kB
HighFree:         330852 kB
LowTotal:         589156 kB
LowFree:           80660 kB
SwapTotal:       1048572 kB
SwapFree:        1048572 kB
Dirty:                 0 kB
Writeback:             0 kB
AnonPages:        587548 kB
Mapped:           364820 kB
Shmem:              3052 kB
Slab:              54976 kB
SReclaimable:      19560 kB
SUnreclaim:        35416 kB
KernelStack:       12464 kB
PageTables:        38516 kB
NFS_Unstable:          0 kB
Bounce:                0 kB
WritebackTmp:          0 kB
CommitLimit:     2496364 kB
Committed_AS:   82385156 kB
VmallocTotal:     385024 kB
VmallocUsed:      151900 kB
VmallocChunk:      59460 kB
Time pass: 138 sec

---2015-12-15 11:39:31
MemTotal:        2895588 kB
MemFree:          414144 kB
Buffers:           12080 kB
Cached:          1214584 kB
SwapCached:            0 kB
Active:           617348 kB
Inactive:        1191660 kB
Active(anon):     246988 kB
Inactive(anon):   341156 kB
Active(file):     370360 kB
Inactive(file):   850504 kB
Unevictable:        2748 kB
Mlocked:               0 kB
HighTotal:       2306432 kB
HighFree:         333280 kB
LowTotal:         589156 kB
LowFree:           80864 kB
SwapTotal:       1048572 kB
SwapFree:        1048572 kB
Dirty:                 0 kB
Writeback:             0 kB
AnonPages:        585360 kB
Mapped:           364872 kB
Shmem:              3052 kB
Slab:              54972 kB
SReclaimable:      19560 kB
SUnreclaim:        35412 kB
KernelStack:       12464 kB
PageTables:        38536 kB
NFS_Unstable:          0 kB
Bounce:                0 kB
WritebackTmp:          0 kB
CommitLimit:     2496364 kB
Committed_AS:   82385468 kB
VmallocTotal:     385024 kB
VmallocUsed:      151900 kB
VmallocChunk:      59460 kB
Time pass: 141 sec

---2015-12-15 11:39:31
MemTotal:        2895588 kB
MemFree:          413916 kB
Buffers:           12080 kB
Cached:          1214596 kB
SwapCached:            0 kB
Active:           617080 kB
Inactive:        1191672 kB
Active(anon):     246720 kB
Inactive(anon):   341152 kB
Active(file):     370360 kB
Inactive(file):   850520 kB
Unevictable:        2748 kB
Mlocked:               0 kB
HighTotal:       2306432 kB
HighFree:         333084 kB
LowTotal:         589156 kB
LowFree:           80832 kB
SwapTotal:       1048572 kB
SwapFree:        1048572 kB
Dirty:                60 kB
Writeback:             0 kB
AnonPages:        585144 kB
Mapped:           364892 kB
Shmem:              3048 kB
Slab:              54968 kB
SReclaimable:      19560 kB
SUnreclaim:        35408 kB
KernelStack:       12448 kB
PageTables:        38536 kB
NFS_Unstable:          0 kB
Bounce:                0 kB
WritebackTmp:          0 kB
CommitLimit:     2496364 kB
Committed_AS:   82385540 kB
VmallocTotal:     385024 kB
VmallocUsed:      151900 kB
VmallocChunk:      59460 kB
Time pass: 145 sec

---2015-12-15 11:39:31
MemTotal:        2895588 kB
MemFree:          413412 kB
Buffers:           12080 kB
Cached:          1214596 kB
SwapCached:            0 kB
Active:           617296 kB
Inactive:        1191672 kB
Active(anon):     246936 kB
Inactive(anon):   341152 kB
Active(file):     370360 kB
Inactive(file):   850520 kB
Unevictable:        2748 kB
Mlocked:               0 kB
HighTotal:       2306432 kB
HighFree:         332660 kB
LowTotal:         589156 kB
LowFree:           80752 kB
SwapTotal:       1048572 kB
SwapFree:        1048572 kB
Dirty:                 0 kB
Writeback:             0 kB
AnonPages:        585468 kB
Mapped:           364944 kB
Shmem:              3048 kB
Slab:              54964 kB
SReclaimable:      19560 kB
SUnreclaim:        35404 kB
KernelStack:       12448 kB
PageTables:        38556 kB
NFS_Unstable:          0 kB
Bounce:                0 kB
WritebackTmp:          0 kB
CommitLimit:     2496364 kB
Committed_AS:   82385668 kB
VmallocTotal:     385024 kB
VmallocUsed:      151900 kB
VmallocChunk:      59460 kB
Time pass: 148 sec

---2015-12-15 11:39:31
MemTotal:        2895588 kB
MemFree:          413536 kB
Buffers:           12080 kB
Cached:          1214596 kB
SwapCached:            0 kB
Active:           617448 kB
Inactive:        1191672 kB
Active(anon):     247088 kB
Inactive(anon):   341152 kB
Active(file):     370360 kB
Inactive(file):   850520 kB
Unevictable:        2748 kB
Mlocked:               0 kB
HighTotal:       2306432 kB
HighFree:         332660 kB
LowTotal:         589156 kB
LowFree:           80876 kB
SwapTotal:       1048572 kB
SwapFree:        1048572 kB
Dirty:                 0 kB
Writeback:             0 kB
AnonPages:        585700 kB
Mapped:           364944 kB
Shmem:              3048 kB
Slab:              54964 kB
SReclaimable:      19560 kB
SUnreclaim:        35404 kB
KernelStack:       12448 kB
PageTables:        38556 kB
NFS_Unstable:          0 kB
Bounce:                0 kB
WritebackTmp:          0 kB
CommitLimit:     2496364 kB
Committed_AS:   82385920 kB
VmallocTotal:     385024 kB
VmallocUsed:      151900 kB
VmallocChunk:      59460 kB
Time pass: 152 sec

---2015-12-15 11:39:31
MemTotal:        2895588 kB
MemFree:          413352 kB
Buffers:           12080 kB
Cached:          1214596 kB
SwapCached:            0 kB
Active:           617744 kB
Inactive:        1191672 kB
Active(anon):     247384 kB
Inactive(anon):   341152 kB
Active(file):     370360 kB
Inactive(file):   850520 kB
Unevictable:        2748 kB
Mlocked:               0 kB
HighTotal:       2306432 kB
HighFree:         332412 kB
LowTotal:         589156 kB
LowFree:           80940 kB
SwapTotal:       1048572 kB
SwapFree:        1048572 kB
Dirty:                 0 kB
Writeback:             0 kB
AnonPages:        586096 kB
Mapped:           364944 kB
Shmem:              3048 kB
Slab:              54964 kB
SReclaimable:      19560 kB
SUnreclaim:        35404 kB
KernelStack:       12448 kB
PageTables:        38556 kB
NFS_Unstable:          0 kB
Bounce:                0 kB
WritebackTmp:          0 kB
CommitLimit:     2496364 kB
Committed_AS:   82386020 kB
VmallocTotal:     385024 kB
VmallocUsed:      151900 kB
VmallocChunk:      59460 kB
Time pass: 155 sec

---2015-12-15 11:39:31
MemTotal:        2895588 kB
MemFree:          413704 kB
Buffers:           12080 kB
Cached:          1214596 kB
SwapCached:            0 kB
Active:           617696 kB
Inactive:        1191672 kB
Active(anon):     247336 kB
Inactive(anon):   341152 kB
Active(file):     370360 kB
Inactive(file):   850520 kB
Unevictable:        2748 kB
Mlocked:               0 kB
HighTotal:       2306432 kB
HighFree:         332732 kB
LowTotal:         589156 kB
LowFree:           80972 kB
SwapTotal:       1048572 kB
SwapFree:        1048572 kB
Dirty:                 0 kB
Writeback:             0 kB
AnonPages:        586072 kB
Mapped:           364892 kB
Shmem:              3048 kB
Slab:              54964 kB
SReclaimable:      19560 kB
SUnreclaim:        35404 kB
KernelStack:       12448 kB
PageTables:        38540 kB
NFS_Unstable:          0 kB
Bounce:                0 kB
WritebackTmp:          0 kB
CommitLimit:     2496364 kB
Committed_AS:   82386108 kB
VmallocTotal:     385024 kB
VmallocUsed:      151900 kB
VmallocChunk:      59460 kB
Time pass: 159 sec

---2015-12-15 11:39:31
MemTotal:        2895588 kB
MemFree:          413440 kB
Buffers:           12080 kB
Cached:          1214596 kB
SwapCached:            0 kB
Active:           617908 kB
Inactive:        1191672 kB
Active(anon):     247548 kB
Inactive(anon):   341152 kB
Active(file):     370360 kB
Inactive(file):   850520 kB
Unevictable:        2748 kB
Mlocked:               0 kB
HighTotal:       2306432 kB
HighFree:         332432 kB
LowTotal:         589156 kB
LowFree:           81008 kB
SwapTotal:       1048572 kB
SwapFree:        1048572 kB
Dirty:                 0 kB
Writeback:             0 kB
AnonPages:        586408 kB
Mapped:           364944 kB
Shmem:              3048 kB
Slab:              54964 kB
SReclaimable:      19560 kB
SUnreclaim:        35404 kB
KernelStack:       12448 kB
PageTables:        38560 kB
NFS_Unstable:          0 kB
Bounce:                0 kB
WritebackTmp:          0 kB
CommitLimit:     2496364 kB
Committed_AS:   82386332 kB
VmallocTotal:     385024 kB
VmallocUsed:      151900 kB
VmallocChunk:      59460 kB
Time pass: 162 sec

---2015-12-15 11:39:31
MemTotal:        2895588 kB
MemFree:          412936 kB
Buffers:           12080 kB
Cached:          1214596 kB
SwapCached:            0 kB
Active:           617976 kB
Inactive:        1191672 kB
Active(anon):     247616 kB
Inactive(anon):   341152 kB
Active(file):     370360 kB
Inactive(file):   850520 kB
Unevictable:        2748 kB
Mlocked:               0 kB
HighTotal:       2306432 kB
HighFree:         332060 kB
LowTotal:         589156 kB
LowFree:           80876 kB
SwapTotal:       1048572 kB
SwapFree:        1048572 kB
Dirty:                 0 kB
Writeback:             0 kB
AnonPages:        586116 kB
Mapped:           364944 kB
Shmem:              3048 kB
Slab:              54964 kB
SReclaimable:      19560 kB
SUnreclaim:        35404 kB
KernelStack:       12448 kB
PageTables:        38560 kB
NFS_Unstable:          0 kB
Bounce:                0 kB
WritebackTmp:          0 kB
CommitLimit:     2496364 kB
Committed_AS:   82386412 kB
VmallocTotal:     385024 kB
VmallocUsed:      151900 kB
VmallocChunk:      59460 kB
Time pass: 166 sec

---2015-12-15 11:39:31
MemTotal:        2895588 kB
MemFree:          412844 kB
Buffers:           12080 kB
Cached:          1214596 kB
SwapCached:            0 kB
Active:           617968 kB
Inactive:        1191672 kB
Active(anon):     247608 kB
Inactive(anon):   341152 kB
Active(file):     370360 kB
Inactive(file):   850520 kB
Unevictable:        2748 kB
Mlocked:               0 kB
HighTotal:       2306432 kB
HighFree:         332060 kB
LowTotal:         589156 kB
LowFree:           80784 kB
SwapTotal:       1048572 kB
SwapFree:        1048572 kB
Dirty:                 0 kB
Writeback:             0 kB
AnonPages:        586200 kB
Mapped:           364944 kB
Shmem:              3048 kB
Slab:              54964 kB
SReclaimable:      19560 kB
SUnreclaim:        35404 kB
KernelStack:       12448 kB
PageTables:        38560 kB
NFS_Unstable:          0 kB
Bounce:                0 kB
WritebackTmp:          0 kB
CommitLimit:     2496364 kB
Committed_AS:   82386532 kB
VmallocTotal:     385024 kB
VmallocUsed:      151900 kB
VmallocChunk:      59460 kB
Time pass: 170 sec

---2015-12-15 11:39:31
MemTotal:        2895588 kB
MemFree:          265896 kB
Buffers:           12188 kB
Cached:          1215300 kB
SwapCached:            0 kB
Active:           655264 kB
Inactive:        1191264 kB
Active(anon):     283904 kB
Inactive(anon):   341064 kB
Active(file):     371360 kB
Inactive(file):   850200 kB
Unevictable:        2748 kB
Mlocked:               0 kB
HighTotal:       2306432 kB
HighFree:         185428 kB
LowTotal:         589156 kB
LowFree:           80468 kB
SwapTotal:       1048572 kB
SwapFree:        1048572 kB
Dirty:               876 kB
Writeback:             0 kB
AnonPages:        622104 kB
Mapped:           388136 kB
Shmem:              3180 kB
Slab:              54952 kB
SReclaimable:      19556 kB
SUnreclaim:        35396 kB
KernelStack:       13120 kB
PageTables:        39572 kB
NFS_Unstable:          0 kB
Bounce:                0 kB
WritebackTmp:          0 kB
CommitLimit:     2496364 kB
Committed_AS:   83713496 kB
VmallocTotal:     385024 kB
VmallocUsed:      153584 kB
VmallocChunk:      59460 kB
Time pass: 173 sec

---2015-12-15 11:39:31
MemTotal:        2895588 kB
MemFree:          165744 kB
Buffers:           12196 kB
Cached:          1223248 kB
SwapCached:            0 kB
Active:           681744 kB
Inactive:        1184700 kB
Active(anon):     296208 kB
Inactive(anon):   340772 kB
Active(file):     385536 kB
Inactive(file):   843928 kB
Unevictable:        2748 kB
Mlocked:               0 kB
HighTotal:       2306432 kB
HighFree:          85732 kB
LowTotal:         589156 kB
LowFree:           80012 kB
SwapTotal:       1048572 kB
SwapFree:        1048572 kB
Dirty:              7280 kB
Writeback:             0 kB
AnonPages:        634336 kB
Mapped:           390736 kB
Shmem:              3180 kB
Slab:              55072 kB
SReclaimable:      19592 kB
SUnreclaim:        35480 kB
KernelStack:       13216 kB
PageTables:        39852 kB
NFS_Unstable:          0 kB
Bounce:                0 kB
WritebackTmp:          0 kB
CommitLimit:     2496364 kB
Committed_AS:   83751976 kB
VmallocTotal:     385024 kB
VmallocUsed:      154796 kB
VmallocChunk:      59460 kB
Time pass: 177 sec

---2015-12-15 11:39:31
MemTotal:        2895588 kB
MemFree:          155128 kB
Buffers:           12204 kB
Cached:          1223240 kB
SwapCached:            0 kB
Active:           679808 kB
Inactive:        1184548 kB
Active(anon):     294072 kB
Inactive(anon):   340768 kB
Active(file):     385736 kB
Inactive(file):   843780 kB
Unevictable:        2748 kB
Mlocked:               0 kB
HighTotal:       2306432 kB
HighFree:          75216 kB
LowTotal:         589156 kB
LowFree:           79912 kB
SwapTotal:       1048572 kB
SwapFree:        1048572 kB
Dirty:                 0 kB
Writeback:             0 kB
AnonPages:        631900 kB
Mapped:           391060 kB
Shmem:              3180 kB
Slab:              55184 kB
SReclaimable:      19696 kB
SUnreclaim:        35488 kB
KernelStack:       13216 kB
PageTables:        39692 kB
NFS_Unstable:          0 kB
Bounce:                0 kB
WritebackTmp:          0 kB
CommitLimit:     2496364 kB
Committed_AS:   83752208 kB
VmallocTotal:     385024 kB
VmallocUsed:      154780 kB
VmallocChunk:      59460 kB
Time pass: 180 sec

---2015-12-15 11:39:31
MemTotal:        2895588 kB
MemFree:          154580 kB
Buffers:           12212 kB
Cached:          1223232 kB
SwapCached:            0 kB
Active:           680184 kB
Inactive:        1184548 kB
Active(anon):     294448 kB
Inactive(anon):   340768 kB
Active(file):     385736 kB
Inactive(file):   843780 kB
Unevictable:        2748 kB
Mlocked:               0 kB
HighTotal:       2306432 kB
HighFree:          74544 kB
LowTotal:         589156 kB
LowFree:           80036 kB
SwapTotal:       1048572 kB
SwapFree:        1048572 kB
Dirty:                 0 kB
Writeback:             0 kB
AnonPages:        632328 kB
Mapped:           391060 kB
Shmem:              3180 kB
Slab:              55184 kB
SReclaimable:      19696 kB
SUnreclaim:        35488 kB
KernelStack:       13216 kB
PageTables:        39692 kB
NFS_Unstable:          0 kB
Bounce:                0 kB
WritebackTmp:          0 kB
CommitLimit:     2496364 kB
Committed_AS:   83752592 kB
VmallocTotal:     385024 kB
VmallocUsed:      154780 kB
VmallocChunk:      59460 kB
Time pass: 184 sec

---2015-12-15 11:39:31
MemTotal:        2895588 kB
MemFree:          152732 kB
Buffers:           12212 kB
Cached:          1223384 kB
SwapCached:            0 kB
Active:           682120 kB
Inactive:        1184456 kB
Active(anon):     296168 kB
Inactive(anon):   340764 kB
Active(file):     385952 kB
Inactive(file):   843692 kB
Unevictable:        2748 kB
Mlocked:               0 kB
HighTotal:       2306432 kB
HighFree:          72900 kB
LowTotal:         589156 kB
LowFree:           79832 kB
SwapTotal:       1048572 kB
SwapFree:        1048572 kB
Dirty:               208 kB
Writeback:             0 kB
AnonPages:        634136 kB
Mapped:           391340 kB
Shmem:              3180 kB
Slab:              55184 kB
SReclaimable:      19696 kB
SUnreclaim:        35488 kB
KernelStack:       13216 kB
PageTables:        39716 kB
NFS_Unstable:          0 kB
Bounce:                0 kB
WritebackTmp:          0 kB
CommitLimit:     2496364 kB
Committed_AS:   83752760 kB
VmallocTotal:     385024 kB
VmallocUsed:      154780 kB
VmallocChunk:      59460 kB
Time pass: 188 sec

---2015-12-15 11:39:31
MemTotal:        2895588 kB
MemFree:          152128 kB
Buffers:           12220 kB
Cached:          1223384 kB
SwapCached:            0 kB
Active:           682364 kB
Inactive:        1184460 kB
Active(anon):     296392 kB
Inactive(anon):   340760 kB
Active(file):     385972 kB
Inactive(file):   843700 kB
Unevictable:        2748 kB
Mlocked:               0 kB
HighTotal:       2306432 kB
HighFree:          72228 kB
LowTotal:         589156 kB
LowFree:           79900 kB
SwapTotal:       1048572 kB
SwapFree:        1048572 kB
Dirty:                 0 kB
Writeback:           224 kB
AnonPages:        634404 kB
Mapped:           391340 kB
Shmem:              3180 kB
Slab:              55184 kB
SReclaimable:      19696 kB
SUnreclaim:        35488 kB
KernelStack:       13208 kB
PageTables:        39716 kB
NFS_Unstable:          0 kB
Bounce:                0 kB
WritebackTmp:          0 kB
CommitLimit:     2496364 kB
Committed_AS:   83753408 kB
VmallocTotal:     385024 kB
VmallocUsed:      154780 kB
VmallocChunk:      59460 kB
Time pass: 191 sec

---2015-12-15 11:39:31
MemTotal:        2895588 kB
MemFree:          125920 kB
Buffers:           12228 kB
Cached:          1223392 kB
SwapCached:            0 kB
Active:           689276 kB
Inactive:        1184468 kB
Active(anon):     303292 kB
Inactive(anon):   340760 kB
Active(file):     385984 kB
Inactive(file):   843708 kB
Unevictable:        2748 kB
Mlocked:               0 kB
HighTotal:       2306432 kB
HighFree:          45724 kB
LowTotal:         589156 kB
LowFree:           80196 kB
SwapTotal:       1048572 kB
SwapFree:        1048572 kB
Dirty:               528 kB
Writeback:             0 kB
AnonPages:        641260 kB
Mapped:           391644 kB
Shmem:              3180 kB
Slab:              55184 kB
SReclaimable:      19696 kB
SUnreclaim:        35488 kB
KernelStack:       13208 kB
PageTables:        39692 kB
NFS_Unstable:          0 kB
Bounce:                0 kB
WritebackTmp:          0 kB
CommitLimit:     2496364 kB
Committed_AS:   83753164 kB
VmallocTotal:     385024 kB
VmallocUsed:      154736 kB
VmallocChunk:      59460 kB
Time pass: 195 sec

---2015-12-15 11:39:31
MemTotal:        2895588 kB
MemFree:          125164 kB
Buffers:           12228 kB
Cached:          1223400 kB
SwapCached:            0 kB
Active:           689296 kB
Inactive:        1184468 kB
Active(anon):     303312 kB
Inactive(anon):   340760 kB
Active(file):     385984 kB
Inactive(file):   843708 kB
Unevictable:        2748 kB
Mlocked:               0 kB
HighTotal:       2306432 kB
HighFree:          45032 kB
LowTotal:         589156 kB
LowFree:           80132 kB
SwapTotal:       1048572 kB
SwapFree:        1048572 kB
Dirty:                60 kB
Writeback:             0 kB
AnonPages:        640996 kB
Mapped:           391644 kB
Shmem:              3180 kB
Slab:              55188 kB
SReclaimable:      19700 kB
SUnreclaim:        35488 kB
KernelStack:       13208 kB
PageTables:        39676 kB
NFS_Unstable:          0 kB
Bounce:                0 kB
WritebackTmp:          0 kB
CommitLimit:     2496364 kB
Committed_AS:   83753260 kB
VmallocTotal:     385024 kB
VmallocUsed:      154736 kB
VmallocChunk:      59460 kB
Time pass: 199 sec

---2015-12-15 11:39:31
MemTotal:        2895588 kB
MemFree:          125100 kB
Buffers:           12236 kB
Cached:          1223404 kB
SwapCached:            0 kB
Active:           689132 kB
Inactive:        1184476 kB
Active(anon):     303148 kB
Inactive(anon):   340760 kB
Active(file):     385984 kB
Inactive(file):   843716 kB
Unevictable:        2748 kB
Mlocked:               0 kB
HighTotal:       2306432 kB
HighFree:          44960 kB
LowTotal:         589156 kB
LowFree:           80140 kB
SwapTotal:       1048572 kB
SwapFree:        1048572 kB
Dirty:                 8 kB
Writeback:             0 kB
AnonPages:        640736 kB
Mapped:           391680 kB
Shmem:              3180 kB
Slab:              55188 kB
SReclaimable:      19700 kB
SUnreclaim:        35488 kB
KernelStack:       13216 kB
PageTables:        39676 kB
NFS_Unstable:          0 kB
Bounce:                0 kB
WritebackTmp:          0 kB
CommitLimit:     2496364 kB
Committed_AS:   83753616 kB
VmallocTotal:     385024 kB
VmallocUsed:      154736 kB
VmallocChunk:      59460 kB
Time pass: 202 sec

---2015-12-15 11:39:31
MemTotal:        2895588 kB
MemFree:          123356 kB
Buffers:           12244 kB
Cached:          1224004 kB
SwapCached:            0 kB
Active:           690444 kB
Inactive:        1184964 kB
Active(anon):     304328 kB
Inactive(anon):   340760 kB
Active(file):     386116 kB
Inactive(file):   844204 kB
Unevictable:        2748 kB
Mlocked:               0 kB
HighTotal:       2306432 kB
HighFree:          44164 kB
LowTotal:         589156 kB
LowFree:           79192 kB
SwapTotal:       1048572 kB
SwapFree:        1048572 kB
Dirty:                56 kB
Writeback:             0 kB
AnonPages:        642216 kB
Mapped:           394820 kB
Shmem:              3180 kB
Slab:              55236 kB
SReclaimable:      19700 kB
SUnreclaim:        35536 kB
KernelStack:       13240 kB
PageTables:        39708 kB
NFS_Unstable:          0 kB
Bounce:                0 kB
WritebackTmp:          0 kB
CommitLimit:     2496364 kB
Committed_AS:   83752684 kB
VmallocTotal:     385024 kB
VmallocUsed:      154796 kB
VmallocChunk:      59460 kB
Time pass: 206 sec

---2015-12-15 11:39:31
MemTotal:        2895588 kB
MemFree:          106032 kB
Buffers:           12292 kB
Cached:          1224380 kB
SwapCached:            0 kB
Active:           708780 kB
Inactive:        1185312 kB
Active(anon):     322656 kB
Inactive(anon):   340956 kB
Active(file):     386124 kB
Inactive(file):   844356 kB
Unevictable:        2748 kB
Mlocked:               0 kB
HighTotal:       2306432 kB
HighFree:          38140 kB
LowTotal:         589156 kB
LowFree:           67892 kB
SwapTotal:       1048572 kB
SwapFree:        1048572 kB
Dirty:               204 kB
Writeback:             0 kB
AnonPages:        660584 kB
Mapped:           395372 kB
Shmem:              3444 kB
Slab:              55288 kB
SReclaimable:      19704 kB
SUnreclaim:        35584 kB
KernelStack:       13472 kB
PageTables:        39872 kB
NFS_Unstable:          0 kB
Bounce:                0 kB
WritebackTmp:          0 kB
CommitLimit:     2496364 kB
Committed_AS:   83764620 kB
VmallocTotal:     385024 kB
VmallocUsed:      158332 kB
VmallocChunk:      59460 kB
Time pass: 209 sec

---2015-12-15 11:39:31
MemTotal:        2895588 kB
MemFree:          102844 kB
Buffers:           12324 kB
Cached:          1224520 kB
SwapCached:            0 kB
Active:           712608 kB
Inactive:        1185440 kB
Active(anon):     326484 kB
Inactive(anon):   341052 kB
Active(file):     386124 kB
Inactive(file):   844388 kB
Unevictable:        2748 kB
Mlocked:               0 kB
HighTotal:       2306432 kB
HighFree:          41128 kB
LowTotal:         589156 kB
LowFree:           61716 kB
SwapTotal:       1048572 kB
SwapFree:        1048572 kB
Dirty:                 0 kB
Writeback:             0 kB
AnonPages:        664012 kB
Mapped:           395564 kB
Shmem:              3584 kB
Slab:              55300 kB
SReclaimable:      19720 kB
SUnreclaim:        35580 kB
KernelStack:       13448 kB
PageTables:        39900 kB
NFS_Unstable:          0 kB
Bounce:                0 kB
WritebackTmp:          0 kB
CommitLimit:     2496364 kB
Committed_AS:   83768948 kB
VmallocTotal:     385024 kB
VmallocUsed:      158332 kB
VmallocChunk:      59460 kB
Time pass: 213 sec

---2015-12-15 11:39:31
MemTotal:        2895588 kB
MemFree:           99700 kB
Buffers:           12332 kB
Cached:          1224324 kB
SwapCached:            0 kB
Active:           714284 kB
Inactive:        1185364 kB
Active(anon):     328160 kB
Inactive(anon):   340976 kB
Active(file):     386124 kB
Inactive(file):   844388 kB
Unevictable:        2748 kB
Mlocked:               0 kB
HighTotal:       2306432 kB
HighFree:          38212 kB
LowTotal:         589156 kB
LowFree:           61488 kB
SwapTotal:       1048572 kB
SwapFree:        1048572 kB
Dirty:                 0 kB
Writeback:             0 kB
AnonPages:        666128 kB
Mapped:           395376 kB
Shmem:              3396 kB
Slab:              55260 kB
SReclaimable:      19720 kB
SUnreclaim:        35540 kB
KernelStack:       13448 kB
PageTables:        39900 kB
NFS_Unstable:          0 kB
Bounce:                0 kB
WritebackTmp:          0 kB
CommitLimit:     2496364 kB
Committed_AS:   83762020 kB
VmallocTotal:     385024 kB
VmallocUsed:      158260 kB
VmallocChunk:      59460 kB
Time pass: 217 sec

---2015-12-15 11:39:31
MemTotal:        2895588 kB
MemFree:          107900 kB
Buffers:           12332 kB
Cached:          1224120 kB
SwapCached:            0 kB
Active:           705640 kB
Inactive:        1185088 kB
Active(anon):     319504 kB
Inactive(anon):   340700 kB
Active(file):     386136 kB
Inactive(file):   844388 kB
Unevictable:        2748 kB
Mlocked:               0 kB
HighTotal:       2306432 kB
HighFree:          43256 kB
LowTotal:         589156 kB
LowFree:           64644 kB
SwapTotal:       1048572 kB
SwapFree:        1048572 kB
Dirty:                48 kB
Writeback:             0 kB
AnonPages:        657244 kB
Mapped:           394896 kB
Shmem:              3180 kB
Slab:              55252 kB
SReclaimable:      19720 kB
SUnreclaim:        35532 kB
KernelStack:       13288 kB
PageTables:        39748 kB
NFS_Unstable:          0 kB
Bounce:                0 kB
WritebackTmp:          0 kB
CommitLimit:     2496364 kB
Committed_AS:   83758468 kB
VmallocTotal:     385024 kB
VmallocUsed:      154796 kB
VmallocChunk:      59460 kB
Time pass: 220 sec

---2015-12-15 11:39:31
MemTotal:        2895588 kB
MemFree:           85980 kB
Buffers:           12412 kB
Cached:          1224588 kB
SwapCached:            0 kB
Active:           719152 kB
Inactive:        1185580 kB
Active(anon):     332996 kB
Inactive(anon):   340920 kB
Active(file):     386156 kB
Inactive(file):   844660 kB
Unevictable:        2748 kB
Mlocked:               0 kB
HighTotal:       2306432 kB
HighFree:          37892 kB
LowTotal:         589156 kB
LowFree:           48088 kB
SwapTotal:       1048572 kB
SwapFree:        1048572 kB
Dirty:                92 kB
Writeback:             0 kB
AnonPages:        670516 kB
Mapped:           395604 kB
Shmem:              3404 kB
Slab:              55252 kB
SReclaimable:      19720 kB
SUnreclaim:        35532 kB
KernelStack:       13544 kB
PageTables:        40356 kB
NFS_Unstable:          0 kB
Bounce:                0 kB
WritebackTmp:          0 kB
CommitLimit:     2496364 kB
Committed_AS:   85031944 kB
VmallocTotal:     385024 kB
VmallocUsed:      157988 kB
VmallocChunk:      59460 kB
Time pass: 224 sec

---2015-12-15 11:39:31
MemTotal:        2895588 kB
MemFree:           75964 kB
Buffers:           12412 kB
Cached:          1224876 kB
SwapCached:            0 kB
Active:           720000 kB
Inactive:        1185908 kB
Active(anon):     333852 kB
Inactive(anon):   341120 kB
Active(file):     386148 kB
Inactive(file):   844788 kB
Unevictable:        2748 kB
Mlocked:               0 kB
HighTotal:       2306432 kB
HighFree:          34872 kB
LowTotal:         589156 kB
LowFree:           41092 kB
SwapTotal:       1048572 kB
SwapFree:        1048572 kB
Dirty:                 0 kB
Writeback:             0 kB
AnonPages:        671612 kB
Mapped:           396020 kB
Shmem:              3604 kB
Slab:              55280 kB
SReclaimable:      19720 kB
SUnreclaim:        35560 kB
KernelStack:       13552 kB
PageTables:        40532 kB
NFS_Unstable:          0 kB
Bounce:                0 kB
WritebackTmp:          0 kB
CommitLimit:     2496364 kB
Committed_AS:   85032112 kB
VmallocTotal:     385024 kB
VmallocUsed:      158008 kB
VmallocChunk:      59460 kB
Time pass: 228 sec

---2015-12-15 11:39:31
MemTotal:        2895588 kB
MemFree:           75352 kB
Buffers:           12420 kB
Cached:          1224892 kB
SwapCached:            0 kB
Active:           720392 kB
Inactive:        1185920 kB
Active(anon):     334244 kB
Inactive(anon):   341124 kB
Active(file):     386148 kB
Inactive(file):   844796 kB
Unevictable:        2748 kB
Mlocked:               0 kB
HighTotal:       2306432 kB
HighFree:          34872 kB
LowTotal:         589156 kB
LowFree:           40480 kB
SwapTotal:       1048572 kB
SwapFree:        1048572 kB
Dirty:                52 kB
Writeback:             0 kB
AnonPages:        671952 kB
Mapped:           396088 kB
Shmem:              3620 kB
Slab:              55280 kB
SReclaimable:      19720 kB
SUnreclaim:        35560 kB
KernelStack:       13544 kB
PageTables:        40572 kB
NFS_Unstable:          0 kB
Bounce:                0 kB
WritebackTmp:          0 kB
CommitLimit:     2496364 kB
Committed_AS:   85032240 kB
VmallocTotal:     385024 kB
VmallocUsed:      158008 kB
VmallocChunk:      59460 kB
Time pass: 232 sec

---2015-12-15 11:39:31
MemTotal:        2895588 kB
MemFree:           72444 kB
Buffers:           12428 kB
Cached:          1225664 kB
SwapCached:            0 kB
Active:           721980 kB
Inactive:        1186704 kB
Active(anon):     335832 kB
Inactive(anon):   341908 kB
Active(file):     386148 kB
Inactive(file):   844796 kB
Unevictable:        2748 kB
Mlocked:               0 kB
HighTotal:       2306432 kB
HighFree:          35068 kB
LowTotal:         589156 kB
LowFree:           37376 kB
SwapTotal:       1048572 kB
SwapFree:        1048572 kB
Dirty:                12 kB
Writeback:             0 kB
AnonPages:        673572 kB
Mapped:           397020 kB
Shmem:              4396 kB
Slab:              55284 kB
SReclaimable:      19720 kB
SUnreclaim:        35564 kB
KernelStack:       13552 kB
PageTables:        40560 kB
NFS_Unstable:          0 kB
Bounce:                0 kB
WritebackTmp:          0 kB
CommitLimit:     2496364 kB
Committed_AS:   85036464 kB
VmallocTotal:     385024 kB
VmallocUsed:      158008 kB
VmallocChunk:      59460 kB
Time pass: 235 sec

---2015-12-15 11:39:31
MemTotal:        2895588 kB
MemFree:           74108 kB
Buffers:           12460 kB
Cached:          1220452 kB
SwapCached:            0 kB
Active:           723464 kB
Inactive:        1182980 kB
Active(anon):     335748 kB
Inactive(anon):   344448 kB
Active(file):     387716 kB
Inactive(file):   838532 kB
Unevictable:        2748 kB
Mlocked:               0 kB
HighTotal:       2306432 kB
HighFree:          41376 kB
LowTotal:         589156 kB
LowFree:           32732 kB
SwapTotal:       1048572 kB
SwapFree:        1048572 kB
Dirty:                52 kB
Writeback:             0 kB
AnonPages:        677148 kB
Mapped:           396016 kB
Shmem:              3432 kB
Slab:              55272 kB
SReclaimable:      19720 kB
SUnreclaim:        35552 kB
KernelStack:       13536 kB
PageTables:        40448 kB
NFS_Unstable:          0 kB
Bounce:                0 kB
WritebackTmp:          0 kB
CommitLimit:     2496364 kB
Committed_AS:   85044980 kB
VmallocTotal:     385024 kB
VmallocUsed:      158016 kB
VmallocChunk:      59460 kB
Time pass: 239 sec

---2015-12-15 11:39:31
MemTotal:        2895588 kB
MemFree:           73520 kB
Buffers:           12508 kB
Cached:          1220268 kB
SwapCached:            0 kB
Active:           725352 kB
Inactive:        1183344 kB
Active(anon):     337528 kB
Inactive(anon):   344836 kB
Active(file):     387824 kB
Inactive(file):   838508 kB
Unevictable:        2748 kB
Mlocked:               0 kB
HighTotal:       2306432 kB
HighFree:          38168 kB
LowTotal:         589156 kB
LowFree:           35352 kB
SwapTotal:       1048572 kB
SwapFree:        1048572 kB
Dirty:                44 kB
Writeback:             0 kB
AnonPages:        679192 kB
Mapped:           396276 kB
Shmem:              3692 kB
Slab:              55280 kB
SReclaimable:      19720 kB
SUnreclaim:        35560 kB
KernelStack:       13568 kB
PageTables:        40432 kB
NFS_Unstable:          0 kB
Bounce:                0 kB
WritebackTmp:          0 kB
CommitLimit:     2496364 kB
Committed_AS:   85045284 kB
VmallocTotal:     385024 kB
VmallocUsed:      158036 kB
VmallocChunk:      59460 kB
Time pass: 243 sec

---2015-12-15 11:39:31
MemTotal:        2895588 kB
MemFree:           71128 kB
Buffers:           12540 kB
Cached:          1220268 kB
SwapCached:            0 kB
Active:           727568 kB
Inactive:        1183308 kB
Active(anon):     339744 kB
Inactive(anon):   344768 kB
Active(file):     387824 kB
Inactive(file):   838540 kB
Unevictable:        2748 kB
Mlocked:               0 kB
HighTotal:       2306432 kB
HighFree:          38168 kB
LowTotal:         589156 kB
LowFree:           32960 kB
SwapTotal:       1048572 kB
SwapFree:        1048572 kB
Dirty:                40 kB
Writeback:             0 kB
AnonPages:        681136 kB
Mapped:           396328 kB
Shmem:              3692 kB
Slab:              55340 kB
SReclaimable:      19720 kB
SUnreclaim:        35620 kB
KernelStack:       13560 kB
PageTables:        40452 kB
NFS_Unstable:          0 kB
Bounce:                0 kB
WritebackTmp:          0 kB
CommitLimit:     2496364 kB
Committed_AS:   85045564 kB
VmallocTotal:     385024 kB
VmallocUsed:      158036 kB
VmallocChunk:      59460 kB
Time pass: 247 sec

---2015-12-15 11:39:31
MemTotal:        2895588 kB
MemFree:           70056 kB
Buffers:           12548 kB
Cached:          1220268 kB
SwapCached:            0 kB
Active:           728000 kB
Inactive:        1183312 kB
Active(anon):     340176 kB
Inactive(anon):   344768 kB
Active(file):     387824 kB
Inactive(file):   838544 kB
Unevictable:        2748 kB
Mlocked:               0 kB
HighTotal:       2306432 kB
HighFree:          38096 kB
LowTotal:         589156 kB
LowFree:           31960 kB
SwapTotal:       1048572 kB
SwapFree:        1048572 kB
Dirty:                28 kB
Writeback:             0 kB
AnonPages:        681292 kB
Mapped:           396328 kB
Shmem:              3692 kB
Slab:              55348 kB
SReclaimable:      19720 kB
SUnreclaim:        35628 kB
KernelStack:       13552 kB
PageTables:        40456 kB
NFS_Unstable:          0 kB
Bounce:                0 kB
WritebackTmp:          0 kB
CommitLimit:     2496364 kB
Committed_AS:   85045620 kB
VmallocTotal:     385024 kB
VmallocUsed:      158036 kB
VmallocChunk:      59460 kB
Time pass: 250 sec

---2015-12-15 11:39:31
MemTotal:        2895588 kB
MemFree:           74400 kB
Buffers:           12564 kB
Cached:          1215220 kB
SwapCached:            0 kB
Active:           729260 kB
Inactive:        1178892 kB
Active(anon):     339480 kB
Inactive(anon):   347328 kB
Active(file):     389780 kB
Inactive(file):   831564 kB
Unevictable:        2748 kB
Mlocked:               0 kB
HighTotal:       2306432 kB
HighFree:          41816 kB
LowTotal:         589156 kB
LowFree:           32584 kB
SwapTotal:       1048572 kB
SwapFree:        1048572 kB
Dirty:                36 kB
Writeback:             0 kB
AnonPages:        683112 kB
Mapped:           396328 kB
Shmem:              3692 kB
Slab:              55328 kB
SReclaimable:      19720 kB
SUnreclaim:        35608 kB
KernelStack:       13552 kB
PageTables:        40488 kB
NFS_Unstable:          0 kB
Bounce:                0 kB
WritebackTmp:          0 kB
CommitLimit:     2496364 kB
Committed_AS:   85049988 kB
VmallocTotal:     385024 kB
VmallocUsed:      158036 kB
VmallocChunk:      59460 kB
Time pass: 254 sec

---2015-12-15 11:39:31
MemTotal:        2895588 kB
MemFree:           74240 kB
Buffers:           12580 kB
Cached:          1215220 kB
SwapCached:            0 kB
Active:           729332 kB
Inactive:        1178700 kB
Active(anon):     339548 kB
Inactive(anon):   347132 kB
Active(file):     389784 kB
Inactive(file):   831568 kB
Unevictable:        2748 kB
Mlocked:               0 kB
HighTotal:       2306432 kB
HighFree:          40824 kB
LowTotal:         589156 kB
LowFree:           33416 kB
SwapTotal:       1048572 kB
SwapFree:        1048572 kB
Dirty:                44 kB
Writeback:             0 kB
AnonPages:        682956 kB
Mapped:           396328 kB
Shmem:              3692 kB
Slab:              55356 kB
SReclaimable:      19720 kB
SUnreclaim:        35636 kB
KernelStack:       13552 kB
PageTables:        40488 kB
NFS_Unstable:          0 kB
Bounce:                0 kB
WritebackTmp:          0 kB
CommitLimit:     2496364 kB
Committed_AS:   85041620 kB
VmallocTotal:     385024 kB
VmallocUsed:      158036 kB
VmallocChunk:      59460 kB
Time pass: 257 sec

---2015-12-15 11:39:31
MemTotal:        2895588 kB
MemFree:           74808 kB
Buffers:           12580 kB
Cached:          1215220 kB
SwapCached:            0 kB
Active:           728876 kB
Inactive:        1178700 kB
Active(anon):     339092 kB
Inactive(anon):   347124 kB
Active(file):     389784 kB
Inactive(file):   831576 kB
Unevictable:        2748 kB
Mlocked:               0 kB
HighTotal:       2306432 kB
HighFree:          39956 kB
LowTotal:         589156 kB
LowFree:           34852 kB
SwapTotal:       1048572 kB
SwapFree:        1048572 kB
Dirty:                44 kB
Writeback:             0 kB
AnonPages:        683016 kB
Mapped:           396272 kB
Shmem:              3692 kB
Slab:              55368 kB
SReclaimable:      19720 kB
SUnreclaim:        35648 kB
KernelStack:       13560 kB
PageTables:        40456 kB
NFS_Unstable:          0 kB
Bounce:                0 kB
WritebackTmp:          0 kB
CommitLimit:     2496364 kB
Committed_AS:   85041836 kB
VmallocTotal:     385024 kB
VmallocUsed:      158036 kB
VmallocChunk:      59460 kB
Time pass: 261 sec

---2015-12-15 11:39:31
MemTotal:        2895588 kB
MemFree:           74460 kB
Buffers:           12604 kB
Cached:          1215204 kB
SwapCached:            0 kB
Active:           729328 kB
Inactive:        1178700 kB
Active(anon):     339544 kB
Inactive(anon):   347124 kB
Active(file):     389784 kB
Inactive(file):   831576 kB
Unevictable:        2748 kB
Mlocked:               0 kB
HighTotal:       2306432 kB
HighFree:          38168 kB
LowTotal:         589156 kB
LowFree:           36292 kB
SwapTotal:       1048572 kB
SwapFree:        1048572 kB
Dirty:                28 kB
Writeback:             0 kB
AnonPages:        683568 kB
Mapped:           396344 kB
Shmem:              3692 kB
Slab:              55340 kB
SReclaimable:      19720 kB
SUnreclaim:        35620 kB
KernelStack:       13560 kB
PageTables:        40480 kB
NFS_Unstable:          0 kB
Bounce:                0 kB
WritebackTmp:          0 kB
CommitLimit:     2496364 kB
Committed_AS:   85042028 kB
VmallocTotal:     385024 kB
VmallocUsed:      158036 kB
VmallocChunk:      59460 kB
Time pass: 265 sec

---2015-12-15 11:39:31
MemTotal:        2895588 kB
MemFree:           74820 kB
Buffers:           12604 kB
Cached:          1215220 kB
SwapCached:            0 kB
Active:           729100 kB
Inactive:        1178724 kB
Active(anon):     339316 kB
Inactive(anon):   347124 kB
Active(file):     389784 kB
Inactive(file):   831600 kB
Unevictable:        2748 kB
Mlocked:               0 kB
HighTotal:       2306432 kB
HighFree:          38044 kB
LowTotal:         589156 kB
LowFree:           36776 kB
SwapTotal:       1048572 kB
SwapFree:        1048572 kB
Dirty:                44 kB
Writeback:             0 kB
AnonPages:        683112 kB
Mapped:           396400 kB
Shmem:              3692 kB
Slab:              55348 kB
SReclaimable:      19720 kB
SUnreclaim:        35628 kB
KernelStack:       13544 kB
PageTables:        40532 kB
NFS_Unstable:          0 kB
Bounce:                0 kB
WritebackTmp:          0 kB
CommitLimit:     2496364 kB
Committed_AS:   85042092 kB
VmallocTotal:     385024 kB
VmallocUsed:      158036 kB
VmallocChunk:      59460 kB
Time pass: 268 sec

---2015-12-15 11:39:31
MemTotal:        2895588 kB
MemFree:           75008 kB
Buffers:           12612 kB
Cached:          1215220 kB
SwapCached:            0 kB
Active:           729332 kB
Inactive:        1178724 kB
Active(anon):     339548 kB
Inactive(anon):   347116 kB
Active(file):     389784 kB
Inactive(file):   831608 kB
Unevictable:        2748 kB
Mlocked:               0 kB
HighTotal:       2306432 kB
HighFree:          38220 kB
LowTotal:         589156 kB
LowFree:           36788 kB
SwapTotal:       1048572 kB
SwapFree:        1048572 kB
Dirty:                24 kB
Writeback:             0 kB
AnonPages:        683040 kB
Mapped:           396296 kB
Shmem:              3692 kB
Slab:              55364 kB
SReclaimable:      19720 kB
SUnreclaim:        35644 kB
KernelStack:       13544 kB
PageTables:        40460 kB
NFS_Unstable:          0 kB
Bounce:                0 kB
WritebackTmp:          0 kB
CommitLimit:     2496364 kB
Committed_AS:   85042300 kB
VmallocTotal:     385024 kB
VmallocUsed:      158036 kB
VmallocChunk:      59460 kB
Time pass: 272 sec

---2015-12-15 11:39:31
MemTotal:        2895588 kB
MemFree:           72512 kB
Buffers:           12628 kB
Cached:          1215220 kB
SwapCached:            0 kB
Active:           731808 kB
Inactive:        1178740 kB
Active(anon):     342024 kB
Inactive(anon):   347116 kB
Active(file):     389784 kB
Inactive(file):   831624 kB
Unevictable:        2748 kB
Mlocked:               0 kB
HighTotal:       2306432 kB
HighFree:          38220 kB
LowTotal:         589156 kB
LowFree:           34292 kB
SwapTotal:       1048572 kB
SwapFree:        1048572 kB
Dirty:                36 kB
Writeback:             0 kB
AnonPages:        685452 kB
Mapped:           396348 kB
Shmem:              3692 kB
Slab:              55376 kB
SReclaimable:      19720 kB
SUnreclaim:        35656 kB
KernelStack:       13544 kB
PageTables:        40484 kB
NFS_Unstable:          0 kB
Bounce:                0 kB
WritebackTmp:          0 kB
CommitLimit:     2496364 kB
Committed_AS:   85042476 kB
VmallocTotal:     385024 kB
VmallocUsed:      158036 kB
VmallocChunk:      59460 kB
Time pass: 276 sec

---2015-12-15 11:39:31
MemTotal:        2895588 kB
MemFree:           72040 kB
Buffers:           12636 kB
Cached:          1215532 kB
SwapCached:            0 kB
Active:           730928 kB
Inactive:        1179052 kB
Active(anon):     341144 kB
Inactive(anon):   347428 kB
Active(file):     389784 kB
Inactive(file):   831624 kB
Unevictable:        2748 kB
Mlocked:               0 kB
HighTotal:       2306432 kB
HighFree:          38220 kB
LowTotal:         589156 kB
LowFree:           33820 kB
SwapTotal:       1048572 kB
SwapFree:        1048572 kB
Dirty:                24 kB
Writeback:             0 kB
AnonPages:        684708 kB
Mapped:           396712 kB
Shmem:              4004 kB
Slab:              55368 kB
SReclaimable:      19720 kB
SUnreclaim:        35648 kB
KernelStack:       13544 kB
PageTables:        40504 kB
NFS_Unstable:          0 kB
Bounce:                0 kB
WritebackTmp:          0 kB
CommitLimit:     2496364 kB
Committed_AS:   85042548 kB
VmallocTotal:     385024 kB
VmallocUsed:      158036 kB
VmallocChunk:      59460 kB
Time pass: 279 sec

---2015-12-15 11:39:31
MemTotal:        2895588 kB
MemFree:           72712 kB
Buffers:           12652 kB
Cached:          1215560 kB
SwapCached:            0 kB
Active:           731408 kB
Inactive:        1179104 kB
Active(anon):     341624 kB
Inactive(anon):   347456 kB
Active(file):     389784 kB
Inactive(file):   831648 kB
Unevictable:        2748 kB
Mlocked:               0 kB
HighTotal:       2306432 kB
HighFree:          39336 kB
LowTotal:         589156 kB
LowFree:           33376 kB
SwapTotal:       1048572 kB
SwapFree:        1048572 kB
Dirty:                40 kB
Writeback:             0 kB
AnonPages:        685148 kB
Mapped:           396636 kB
Shmem:              4032 kB
Slab:              55344 kB
SReclaimable:      19720 kB
SUnreclaim:        35624 kB
KernelStack:       13544 kB
PageTables:        40460 kB
NFS_Unstable:          0 kB
Bounce:                0 kB
WritebackTmp:          0 kB
CommitLimit:     2496364 kB
Committed_AS:   85042812 kB
VmallocTotal:     385024 kB
VmallocUsed:      158036 kB
VmallocChunk:      59460 kB
Time pass: 283 sec

---2015-12-15 11:39:31
MemTotal:        2895588 kB
MemFree:           71292 kB
Buffers:           12668 kB
Cached:          1215560 kB
SwapCached:            0 kB
Active:           731640 kB
Inactive:        1179104 kB
Active(anon):     341856 kB
Inactive(anon):   347456 kB
Active(file):     389784 kB
Inactive(file):   831648 kB
Unevictable:        2748 kB
Mlocked:               0 kB
HighTotal:       2306432 kB
HighFree:          38416 kB
LowTotal:         589156 kB
LowFree:           32876 kB
SwapTotal:       1048572 kB
SwapFree:        1048572 kB
Dirty:                44 kB
Writeback:             0 kB
AnonPages:        685392 kB
Mapped:           396688 kB
Shmem:              4032 kB
Slab:              55348 kB
SReclaimable:      19720 kB
SUnreclaim:        35628 kB
KernelStack:       13544 kB
PageTables:        40480 kB
NFS_Unstable:          0 kB
Bounce:                0 kB
WritebackTmp:          0 kB
CommitLimit:     2496364 kB
Committed_AS:   85042900 kB
VmallocTotal:     385024 kB
VmallocUsed:      158036 kB
VmallocChunk:      59460 kB
Time pass: 286 sec

---2015-12-15 11:39:31
MemTotal:        2895588 kB
MemFree:           71156 kB
Buffers:           12668 kB
Cached:          1215624 kB
SwapCached:            0 kB
Active:           731956 kB
Inactive:        1179176 kB
Active(anon):     342172 kB
Inactive(anon):   347512 kB
Active(file):     389784 kB
Inactive(file):   831664 kB
Unevictable:        2748 kB
Mlocked:               0 kB
HighTotal:       2306432 kB
HighFree:          38912 kB
LowTotal:         589156 kB
LowFree:           32244 kB
SwapTotal:       1048572 kB
SwapFree:        1048572 kB
Dirty:                44 kB
Writeback:             0 kB
AnonPages:        685676 kB
Mapped:           396804 kB
Shmem:              4096 kB
Slab:              55348 kB
SReclaimable:      19720 kB
SUnreclaim:        35628 kB
KernelStack:       13544 kB
PageTables:        40500 kB
NFS_Unstable:          0 kB
Bounce:                0 kB
WritebackTmp:          0 kB
CommitLimit:     2496364 kB
Committed_AS:   85042980 kB
VmallocTotal:     385024 kB
VmallocUsed:      158036 kB
VmallocChunk:      59460 kB
Time pass: 290 sec

---2015-12-15 11:39:31
MemTotal:        2895588 kB
MemFree:           71296 kB
Buffers:           12684 kB
Cached:          1215724 kB
SwapCached:            0 kB
Active:           731776 kB
Inactive:        1179292 kB
Active(anon):     341992 kB
Inactive(anon):   347512 kB
Active(file):     389784 kB
Inactive(file):   831780 kB
Unevictable:        2748 kB
Mlocked:               0 kB
HighTotal:       2306432 kB
HighFree:          39036 kB
LowTotal:         589156 kB
LowFree:           32260 kB
SwapTotal:       1048572 kB
SwapFree:        1048572 kB
Dirty:                60 kB
Writeback:             0 kB
AnonPages:        685668 kB
Mapped:           396704 kB
Shmem:              4096 kB
Slab:              55344 kB
SReclaimable:      19720 kB
SUnreclaim:        35624 kB
KernelStack:       13552 kB
PageTables:        40464 kB
NFS_Unstable:          0 kB
Bounce:                0 kB
WritebackTmp:          0 kB
CommitLimit:     2496364 kB
Committed_AS:   85043660 kB
VmallocTotal:     385024 kB
VmallocUsed:      158036 kB
VmallocChunk:      59460 kB
Time pass: 294 sec

---2015-12-15 11:39:31
MemTotal:        2895588 kB
MemFree:           70724 kB
Buffers:           12700 kB
Cached:          1215804 kB
SwapCached:            0 kB
Active:           732084 kB
Inactive:        1179380 kB
Active(anon):     342300 kB
Inactive(anon):   347504 kB
Active(file):     389784 kB
Inactive(file):   831876 kB
Unevictable:        2748 kB
Mlocked:               0 kB
HighTotal:       2306432 kB
HighFree:          38364 kB
LowTotal:         589156 kB
LowFree:           32360 kB
SwapTotal:       1048572 kB
SwapFree:        1048572 kB
Dirty:                 0 kB
Writeback:             0 kB
AnonPages:        686064 kB
Mapped:           396776 kB
Shmem:              4096 kB
Slab:              55336 kB
SReclaimable:      19720 kB
SUnreclaim:        35616 kB
KernelStack:       13544 kB
PageTables:        40484 kB
NFS_Unstable:          0 kB
Bounce:                0 kB
WritebackTmp:          0 kB
CommitLimit:     2496364 kB
Committed_AS:   85039492 kB
VmallocTotal:     385024 kB
VmallocUsed:      158036 kB
VmallocChunk:      59460 kB
Time pass: 297 sec

---2015-12-15 11:39:31
MemTotal:        2895588 kB
MemFree:           76212 kB
Buffers:           12708 kB
Cached:          1215804 kB
SwapCached:            0 kB
Active:           726060 kB
Inactive:        1179388 kB
Active(anon):     336276 kB
Inactive(anon):   347504 kB
Active(file):     389784 kB
Inactive(file):   831884 kB
Unevictable:        2748 kB
Mlocked:               0 kB
HighTotal:       2306432 kB
HighFree:          40296 kB
LowTotal:         589156 kB
LowFree:           35916 kB
SwapTotal:       1048572 kB
SwapFree:        1048572 kB
Dirty:                28 kB
Writeback:             0 kB
AnonPages:        680044 kB
Mapped:           396828 kB
Shmem:              4096 kB
Slab:              55336 kB
SReclaimable:      19720 kB
SUnreclaim:        35616 kB
KernelStack:       13552 kB
PageTables:        40508 kB
NFS_Unstable:          0 kB
Bounce:                0 kB
WritebackTmp:          0 kB
CommitLimit:     2496364 kB
Committed_AS:   85039588 kB
VmallocTotal:     385024 kB
VmallocUsed:      158036 kB
VmallocChunk:      59460 kB
Time pass: 301 sec

---2015-12-15 11:39:31
MemTotal:        2895588 kB
MemFree:           75608 kB
Buffers:           12708 kB
Cached:          1215916 kB
SwapCached:            0 kB
Active:           726268 kB
Inactive:        1179444 kB
Active(anon):     336484 kB
Inactive(anon):   347504 kB
Active(file):     389784 kB
Inactive(file):   831940 kB
Unevictable:        2748 kB
Mlocked:               0 kB
HighTotal:       2306432 kB
HighFree:          39852 kB
LowTotal:         589156 kB
LowFree:           35756 kB
SwapTotal:       1048572 kB
SwapFree:        1048572 kB
Dirty:                28 kB
Writeback:             0 kB
AnonPages:        680392 kB
Mapped:           396828 kB
Shmem:              4096 kB
Slab:              55336 kB
SReclaimable:      19720 kB
SUnreclaim:        35616 kB
KernelStack:       13536 kB
PageTables:        40508 kB
NFS_Unstable:          0 kB
Bounce:                0 kB
WritebackTmp:          0 kB
CommitLimit:     2496364 kB
Committed_AS:   85039812 kB
VmallocTotal:     385024 kB
VmallocUsed:      158036 kB
VmallocChunk:      59460 kB
Time pass: 304 sec

---2015-12-15 11:39:31
MemTotal:        2895588 kB
MemFree:           75796 kB
Buffers:           12724 kB
Cached:          1215916 kB
SwapCached:            0 kB
Active:           726664 kB
Inactive:        1179452 kB
Active(anon):     336880 kB
Inactive(anon):   347496 kB
Active(file):     389784 kB
Inactive(file):   831956 kB
Unevictable:        2748 kB
Mlocked:               0 kB
HighTotal:       2306432 kB
HighFree:          38612 kB
LowTotal:         589156 kB
LowFree:           37184 kB
SwapTotal:       1048572 kB
SwapFree:        1048572 kB
Dirty:                 0 kB
Writeback:             0 kB
AnonPages:        680020 kB
Mapped:           396828 kB
Shmem:              4096 kB
Slab:              55344 kB
SReclaimable:      19720 kB
SUnreclaim:        35624 kB
KernelStack:       13544 kB
PageTables:        40504 kB
NFS_Unstable:          0 kB
Bounce:                0 kB
WritebackTmp:          0 kB
CommitLimit:     2496364 kB
Committed_AS:   85039948 kB
VmallocTotal:     385024 kB
VmallocUsed:      158036 kB
VmallocChunk:      59460 kB
Time pass: 308 sec

---2015-12-15 11:39:31
MemTotal:        2895588 kB
MemFree:           75704 kB
Buffers:           12732 kB
Cached:          1215916 kB
SwapCached:            0 kB
Active:           726804 kB
Inactive:        1179440 kB
Active(anon):     337020 kB
Inactive(anon):   347484 kB
Active(file):     389784 kB
Inactive(file):   831956 kB
Unevictable:        2748 kB
Mlocked:               0 kB
HighTotal:       2306432 kB
HighFree:          38292 kB
LowTotal:         589156 kB
LowFree:           37412 kB
SwapTotal:       1048572 kB
SwapFree:        1048572 kB
Dirty:                28 kB
Writeback:             0 kB
AnonPages:        680484 kB
Mapped:           396828 kB
Shmem:              4096 kB
Slab:              55348 kB
SReclaimable:      19720 kB
SUnreclaim:        35628 kB
KernelStack:       13544 kB
PageTables:        40504 kB
NFS_Unstable:          0 kB
Bounce:                0 kB
WritebackTmp:          0 kB
CommitLimit:     2496364 kB
Committed_AS:   85040188 kB
VmallocTotal:     385024 kB
VmallocUsed:      158036 kB
VmallocChunk:      59460 kB
Time pass: 312 sec

---2015-12-15 11:39:31
MemTotal:        2895588 kB
MemFree:           74364 kB
Buffers:           12748 kB
Cached:          1215916 kB
SwapCached:            0 kB
Active:           727536 kB
Inactive:        1179520 kB
Active(anon):     337752 kB
Inactive(anon):   347484 kB
Active(file):     389784 kB
Inactive(file):   832036 kB
Unevictable:        2748 kB
Mlocked:               0 kB
HighTotal:       2306432 kB
HighFree:          37796 kB
LowTotal:         589156 kB
LowFree:           36568 kB
SwapTotal:       1048572 kB
SwapFree:        1048572 kB
Dirty:                40 kB
Writeback:             0 kB
AnonPages:        681020 kB
Mapped:           396828 kB
Shmem:              4096 kB
Slab:              55348 kB
SReclaimable:      19720 kB
SUnreclaim:        35628 kB
KernelStack:       13544 kB
PageTables:        40504 kB
NFS_Unstable:          0 kB
Bounce:                0 kB
WritebackTmp:          0 kB
CommitLimit:     2496364 kB
Committed_AS:   85040308 kB
VmallocTotal:     385024 kB
VmallocUsed:      158036 kB
VmallocChunk:      59460 kB
Time pass: 316 sec

---2015-12-15 11:39:31
MemTotal:        2895588 kB
MemFree:           73468 kB
Buffers:           12764 kB
Cached:          1215916 kB
SwapCached:            0 kB
Active:           727964 kB
Inactive:        1179528 kB
Active(anon):     338180 kB
Inactive(anon):   347476 kB
Active(file):     389784 kB
Inactive(file):   832052 kB
Unevictable:        2748 kB
Mlocked:               0 kB
HighTotal:       2306432 kB
HighFree:          38096 kB
LowTotal:         589156 kB
LowFree:           35372 kB
SwapTotal:       1048572 kB
SwapFree:        1048572 kB
Dirty:                40 kB
Writeback:             0 kB
AnonPages:        681776 kB
Mapped:           396776 kB
Shmem:              4096 kB
Slab:              55364 kB
SReclaimable:      19720 kB
SUnreclaim:        35644 kB
KernelStack:       13544 kB
PageTables:        40484 kB
NFS_Unstable:          0 kB
Bounce:                0 kB
WritebackTmp:          0 kB
CommitLimit:     2496364 kB
Committed_AS:   85040388 kB
VmallocTotal:     385024 kB
VmallocUsed:      158036 kB
VmallocChunk:      59460 kB
Time pass: 319 sec

---2015-12-15 11:39:31
MemTotal:        2895588 kB
MemFree:           73980 kB
Buffers:           12772 kB
Cached:          1215908 kB
SwapCached:            0 kB
Active:           728848 kB
Inactive:        1179528 kB
Active(anon):     339064 kB
Inactive(anon):   347476 kB
Active(file):     389784 kB
Inactive(file):   832052 kB
Unevictable:        2748 kB
Mlocked:               0 kB
HighTotal:       2306432 kB
HighFree:          38468 kB
LowTotal:         589156 kB
LowFree:           35512 kB
SwapTotal:       1048572 kB
SwapFree:        1048572 kB
Dirty:                 0 kB
Writeback:             0 kB
AnonPages:        682604 kB
Mapped:           396776 kB
Shmem:              4096 kB
Slab:              55364 kB
SReclaimable:      19720 kB
SUnreclaim:        35644 kB
KernelStack:       13544 kB
PageTables:        40484 kB
NFS_Unstable:          0 kB
Bounce:                0 kB
WritebackTmp:          0 kB
CommitLimit:     2496364 kB
Committed_AS:   85040460 kB
VmallocTotal:     385024 kB
VmallocUsed:      158036 kB
VmallocChunk:      59460 kB
Time pass: 323 sec

---2015-12-15 11:39:31
MemTotal:        2895588 kB
MemFree:           73668 kB
Buffers:           12788 kB
Cached:          1215916 kB
SwapCached:            0 kB
Active:           728112 kB
Inactive:        1179552 kB
Active(anon):     338328 kB
Inactive(anon):   347476 kB
Active(file):     389784 kB
Inactive(file):   832076 kB
Unevictable:        2748 kB
Mlocked:               0 kB
HighTotal:       2306432 kB
HighFree:          38220 kB
LowTotal:         589156 kB
LowFree:           35448 kB
SwapTotal:       1048572 kB
SwapFree:        1048572 kB
Dirty:                40 kB
Writeback:             0 kB
AnonPages:        681764 kB
Mapped:           396776 kB
