---2015-12-10 00:29:21
MemTotal:        1862952 kB
MemFree:          192156 kB
Buffers:           10396 kB
Cached:           757600 kB
SwapCached:         3592 kB
Active:           623736 kB
Inactive:         800940 kB
Active(anon):     351420 kB
Inactive(anon):   307048 kB
Active(file):     272316 kB
Inactive(file):   493892 kB
Unevictable:        1296 kB
Mlocked:               0 kB
HighTotal:       1436668 kB
HighFree:          35136 kB
LowTotal:         426284 kB
LowFree:          157020 kB
SwapTotal:       1048572 kB
SwapFree:        1023364 kB
Dirty:                12 kB
Writeback:             0 kB
AnonPages:        656168 kB
Mapped:           360592 kB
Shmem:               484 kB
Slab:              41944 kB
SReclaimable:      14856 kB
SUnreclaim:        27088 kB
KernelStack:       11672 kB
PageTables:        42372 kB
NFS_Unstable:          0 kB
Bounce:                0 kB
WritebackTmp:          0 kB
CommitLimit:     1980048 kB
Committed_AS:   85766856 kB
VmallocTotal:     458752 kB
VmallocUsed:      112744 kB
VmallocChunk:     152580 kB
Time pass: 3 sec

---2015-12-10 00:29:21
MemTotal:        1862952 kB
MemFree:          192460 kB
Buffers:           10396 kB
Cached:           757592 kB
SwapCached:         3592 kB
Active:           623516 kB
Inactive:         800868 kB
Active(anon):     351128 kB
Inactive(anon):   307048 kB
Active(file):     272388 kB
Inactive(file):   493820 kB
Unevictable:        1296 kB
Mlocked:               0 kB
HighTotal:       1436668 kB
HighFree:          35500 kB
LowTotal:         426284 kB
LowFree:          156960 kB
SwapTotal:       1048572 kB
SwapFree:        1023364 kB
Dirty:                 4 kB
Writeback:             0 kB
AnonPages:        655856 kB
Mapped:           360588 kB
Shmem:               484 kB
Slab:              41968 kB
SReclaimable:      14888 kB
SUnreclaim:        27080 kB
KernelStack:       11648 kB
PageTables:        42364 kB
NFS_Unstable:          0 kB
Bounce:                0 kB
WritebackTmp:          0 kB
CommitLimit:     1980048 kB
Committed_AS:   85766976 kB
VmallocTotal:     458752 kB
VmallocUsed:      112744 kB
VmallocChunk:     152580 kB
Time pass: 7 sec

---2015-12-10 00:29:21
MemTotal:        1862952 kB
MemFree:          192352 kB
Buffers:           10404 kB
Cached:           757592 kB
SwapCached:         3592 kB
Active:           623664 kB
Inactive:         800848 kB
Active(anon):     351256 kB
Inactive(anon):   307040 kB
Active(file):     272408 kB
Inactive(file):   493808 kB
Unevictable:        1296 kB
Mlocked:               0 kB
HighTotal:       1436668 kB
HighFree:          35376 kB
LowTotal:         426284 kB
LowFree:          156976 kB
SwapTotal:       1048572 kB
SwapFree:        1023364 kB
Dirty:                 4 kB
Writeback:             0 kB
AnonPages:        655960 kB
Mapped:           360588 kB
Shmem:               484 kB
Slab:              41940 kB
SReclaimable:      14880 kB
SUnreclaim:        27060 kB
KernelStack:       11648 kB
PageTables:        42364 kB
NFS_Unstable:          0 kB
Bounce:                0 kB
WritebackTmp:          0 kB
CommitLimit:     1980048 kB
Committed_AS:   85767056 kB
VmallocTotal:     458752 kB
VmallocUsed:      112744 kB
VmallocChunk:     152580 kB
Time pass: 10 sec

---2015-12-10 00:29:21
MemTotal:        1862952 kB
MemFree:          192624 kB
Buffers:           10412 kB
Cached:           757584 kB
SwapCached:         3592 kB
Active:           623420 kB
Inactive:         800840 kB
Active(anon):     351012 kB
Inactive(anon):   307032 kB
Active(file):     272408 kB
Inactive(file):   493808 kB
Unevictable:        1296 kB
Mlocked:               0 kB
HighTotal:       1436668 kB
HighFree:          35624 kB
LowTotal:         426284 kB
LowFree:          157000 kB
SwapTotal:       1048572 kB
SwapFree:        1023364 kB
Dirty:                 8 kB
Writeback:             0 kB
AnonPages:        655696 kB
Mapped:           360588 kB
Shmem:               484 kB
Slab:              41940 kB
SReclaimable:      14880 kB
SUnreclaim:        27060 kB
KernelStack:       11624 kB
PageTables:        42360 kB
NFS_Unstable:          0 kB
Bounce:                0 kB
WritebackTmp:          0 kB
CommitLimit:     1980048 kB
Committed_AS:   85767136 kB
VmallocTotal:     458752 kB
VmallocUsed:      112744 kB
VmallocChunk:     152580 kB
Time pass: 14 sec

---2015-12-10 00:29:21
MemTotal:        1862952 kB
MemFree:          192500 kB
Buffers:           10412 kB
Cached:           757592 kB
SwapCached:         3592 kB
Active:           623460 kB
Inactive:         800844 kB
Active(anon):     351052 kB
Inactive(anon):   307028 kB
Active(file):     272408 kB
Inactive(file):   493816 kB
Unevictable:        1296 kB
Mlocked:               0 kB
HighTotal:       1436668 kB
HighFree:          35500 kB
LowTotal:         426284 kB
LowFree:          157000 kB
SwapTotal:       1048572 kB
SwapFree:        1023364 kB
Dirty:                 4 kB
Writeback:             0 kB
AnonPages:        655780 kB
Mapped:           360588 kB
Shmem:               484 kB
Slab:              41940 kB
SReclaimable:      14880 kB
SUnreclaim:        27060 kB
KernelStack:       11624 kB
PageTables:        42360 kB
NFS_Unstable:          0 kB
Bounce:                0 kB
WritebackTmp:          0 kB
CommitLimit:     1980048 kB
Committed_AS:   85767216 kB
VmallocTotal:     458752 kB
VmallocUsed:      112744 kB
VmallocChunk:     152580 kB
Time pass: 18 sec

---2015-12-10 00:29:21
MemTotal:        1862952 kB
MemFree:          192376 kB
Buffers:           10412 kB
Cached:           757592 kB
SwapCached:         3592 kB
Active:           623600 kB
Inactive:         800844 kB
Active(anon):     351192 kB
Inactive(anon):   307028 kB
Active(file):     272408 kB
Inactive(file):   493816 kB
Unevictable:        1296 kB
Mlocked:               0 kB
HighTotal:       1436668 kB
HighFree:          35376 kB
LowTotal:         426284 kB
LowFree:          157000 kB
SwapTotal:       1048572 kB
SwapFree:        1023368 kB
Dirty:                 0 kB
Writeback:             0 kB
AnonPages:        655888 kB
Mapped:           360588 kB
Shmem:               484 kB
Slab:              41940 kB
SReclaimable:      14880 kB
SUnreclaim:        27060 kB
KernelStack:       11624 kB
PageTables:        42364 kB
NFS_Unstable:          0 kB
Bounce:                0 kB
WritebackTmp:          0 kB
CommitLimit:     1980048 kB
Committed_AS:   85767296 kB
VmallocTotal:     458752 kB
VmallocUsed:      112744 kB
VmallocChunk:     152580 kB
Time pass: 21 sec

---2015-12-10 00:29:21
MemTotal:        1862952 kB
MemFree:          147144 kB
Buffers:           10432 kB
Cached:           785576 kB
SwapCached:         3624 kB
Active:           629324 kB
Inactive:         827444 kB
Active(anon):     355568 kB
Inactive(anon):   307028 kB
Active(file):     273756 kB
Inactive(file):   520416 kB
Unevictable:        1296 kB
Mlocked:               0 kB
HighTotal:       1436668 kB
HighFree:           2596 kB
LowTotal:         426284 kB
LowFree:          144548 kB
SwapTotal:       1048572 kB
SwapFree:        1023392 kB
Dirty:                16 kB
Writeback:             0 kB
AnonPages:        660252 kB
Mapped:           365180 kB
Shmem:               484 kB
Slab:              42036 kB
SReclaimable:      14888 kB
SUnreclaim:        27148 kB
KernelStack:       11816 kB
PageTables:        42572 kB
NFS_Unstable:          0 kB
Bounce:                0 kB
WritebackTmp:          0 kB
CommitLimit:     1980048 kB
Committed_AS:   87052900 kB
VmallocTotal:     458752 kB
VmallocUsed:      113820 kB
VmallocChunk:     152580 kB
Time pass: 25 sec

---2015-12-10 00:29:21
MemTotal:        1862952 kB
MemFree:           30196 kB
Buffers:           10720 kB
Cached:           797188 kB
SwapCached:         3740 kB
Active:           689752 kB
Inactive:         816316 kB
Active(anon):     364016 kB
Inactive(anon):   336212 kB
Active(file):     325736 kB
Inactive(file):   480104 kB
Unevictable:        1296 kB
Mlocked:               0 kB
HighTotal:       1436668 kB
HighFree:           2512 kB
LowTotal:         426284 kB
LowFree:           27684 kB
SwapTotal:       1048572 kB
SwapFree:        1022224 kB
Dirty:                16 kB
Writeback:             0 kB
AnonPages:        697504 kB
Mapped:           379112 kB
Shmem:               616 kB
Slab:              42376 kB
SReclaimable:      14952 kB
SUnreclaim:        27424 kB
KernelStack:       12280 kB
PageTables:        43148 kB
NFS_Unstable:          0 kB
Bounce:                0 kB
WritebackTmp:          0 kB
CommitLimit:     1980048 kB
Committed_AS:   87121864 kB
VmallocTotal:     458752 kB
VmallocUsed:      114124 kB
VmallocChunk:     152580 kB
Time pass: 29 sec

---2015-12-10 00:29:21
MemTotal:        1862952 kB
MemFree:           39368 kB
Buffers:           10728 kB
Cached:           766756 kB
SwapCached:         3976 kB
Active:           657904 kB
Inactive:         788804 kB
Active(anon):     327028 kB
Inactive(anon):   344948 kB
Active(file):     330876 kB
Inactive(file):   443856 kB
Unevictable:        2140 kB
Mlocked:               0 kB
HighTotal:       1436668 kB
HighFree:          13980 kB
LowTotal:         426284 kB
LowFree:           25388 kB
SwapTotal:       1048572 kB
SwapFree:        1009632 kB
Dirty:                80 kB
Writeback:             0 kB
AnonPages:        669196 kB
Mapped:           417640 kB
Shmem:               612 kB
Slab:              42488 kB
SReclaimable:      14952 kB
SUnreclaim:        27536 kB
KernelStack:       12184 kB
PageTables:        43260 kB
NFS_Unstable:          0 kB
Bounce:                0 kB
WritebackTmp:          0 kB
CommitLimit:     1980048 kB
Committed_AS:   87136176 kB
VmallocTotal:     458752 kB
VmallocUsed:      114228 kB
VmallocChunk:     152580 kB
Time pass: 34 sec

---2015-12-10 00:29:21
MemTotal:        1862952 kB
MemFree:           39244 kB
Buffers:           10736 kB
Cached:           766792 kB
SwapCached:         3976 kB
Active:           657948 kB
Inactive:         788820 kB
Active(anon):     327072 kB
Inactive(anon):   344920 kB
Active(file):     330876 kB
Inactive(file):   443900 kB
Unevictable:        2140 kB
Mlocked:               0 kB
HighTotal:       1436668 kB
HighFree:          13856 kB
LowTotal:         426284 kB
LowFree:           25388 kB
SwapTotal:       1048572 kB
SwapFree:        1009632 kB
Dirty:                92 kB
Writeback:             0 kB
AnonPages:        669264 kB
Mapped:           417716 kB
Shmem:               612 kB
Slab:              42492 kB
SReclaimable:      14952 kB
SUnreclaim:        27540 kB
KernelStack:       12160 kB
PageTables:        43252 kB
NFS_Unstable:          0 kB
Bounce:                0 kB
WritebackTmp:          0 kB
CommitLimit:     1980048 kB
Committed_AS:   87136376 kB
VmallocTotal:     458752 kB
VmallocUsed:      114228 kB
VmallocChunk:     152580 kB
Time pass: 37 sec

---2015-12-10 00:29:21
MemTotal:        1862952 kB
MemFree:           39368 kB
Buffers:           10744 kB
Cached:           766792 kB
SwapCached:         3976 kB
Active:           657812 kB
Inactive:         788824 kB
Active(anon):     326936 kB
Inactive(anon):   344916 kB
Active(file):     330876 kB
Inactive(file):   443908 kB
Unevictable:        2140 kB
Mlocked:               0 kB
HighTotal:       1436668 kB
HighFree:          13980 kB
LowTotal:         426284 kB
LowFree:           25388 kB
SwapTotal:       1048572 kB
SwapFree:        1009632 kB
Dirty:                32 kB
Writeback:             0 kB
AnonPages:        669104 kB
Mapped:           417728 kB
Shmem:               612 kB
Slab:              42492 kB
SReclaimable:      14952 kB
SUnreclaim:        27540 kB
KernelStack:       12144 kB
PageTables:        43236 kB
NFS_Unstable:          0 kB
Bounce:                0 kB
WritebackTmp:          0 kB
CommitLimit:     1980048 kB
Committed_AS:   87136376 kB
VmallocTotal:     458752 kB
VmallocUsed:      114228 kB
VmallocChunk:     152580 kB
Time pass: 41 sec

---2015-12-10 00:29:21
MemTotal:        1862952 kB
MemFree:           31952 kB
Buffers:           10764 kB
Cached:           735808 kB
SwapCached:         4040 kB
Active:           678204 kB
Inactive:         743932 kB
Active(anon):     339096 kB
Inactive(anon):   339220 kB
Active(file):     339108 kB
Inactive(file):   404712 kB
Unevictable:        2140 kB
Mlocked:               0 kB
HighTotal:       1436668 kB
HighFree:           6136 kB
LowTotal:         426284 kB
LowFree:           25816 kB
SwapTotal:       1048572 kB
SwapFree:        1002496 kB
Dirty:                 4 kB
Writeback:             0 kB
AnonPages:        675488 kB
Mapped:           427644 kB
Shmem:               612 kB
Slab:              42544 kB
SReclaimable:      14944 kB
SUnreclaim:        27600 kB
KernelStack:       12192 kB
PageTables:        43436 kB
NFS_Unstable:          0 kB
Bounce:                0 kB
WritebackTmp:          0 kB
CommitLimit:     1980048 kB
Committed_AS:   87148672 kB
VmallocTotal:     458752 kB
VmallocUsed:      114376 kB
VmallocChunk:     152580 kB
Time pass: 45 sec

---2015-12-10 00:29:21
MemTotal:        1862952 kB
MemFree:           31688 kB
Buffers:           10772 kB
Cached:           724200 kB
SwapCached:         4040 kB
Active:           680764 kB
Inactive:         734332 kB
Active(anon):     341200 kB
Inactive(anon):   341712 kB
Active(file):     339564 kB
Inactive(file):   392620 kB
Unevictable:        2140 kB
Mlocked:               0 kB
HighTotal:       1436668 kB
HighFree:           5920 kB
LowTotal:         426284 kB
LowFree:           25768 kB
SwapTotal:       1048572 kB
SwapFree:        1001672 kB
Dirty:                96 kB
Writeback:             0 kB
AnonPages:        680088 kB
Mapped:           434636 kB
Shmem:               612 kB
Slab:              42552 kB
SReclaimable:      14944 kB
SUnreclaim:        27608 kB
KernelStack:       12176 kB
PageTables:        43476 kB
NFS_Unstable:          0 kB
Bounce:                0 kB
WritebackTmp:          0 kB
CommitLimit:     1980048 kB
Committed_AS:   87161768 kB
VmallocTotal:     458752 kB
VmallocUsed:      114416 kB
VmallocChunk:     152580 kB
Time pass: 48 sec

---2015-12-10 00:29:21
MemTotal:        1862952 kB
MemFree:           33656 kB
Buffers:           10772 kB
Cached:           725288 kB
SwapCached:         4072 kB
Active:           696128 kB
Inactive:         735312 kB
Active(anon):     356432 kB
Inactive(anon):   341728 kB
Active(file):     339696 kB
Inactive(file):   393584 kB
Unevictable:        2140 kB
Mlocked:               0 kB
HighTotal:       1436668 kB
HighFree:           2928 kB
LowTotal:         426284 kB
LowFree:           30728 kB
SwapTotal:       1048572 kB
SwapFree:        1001672 kB
Dirty:               480 kB
Writeback:             0 kB
AnonPages:        695288 kB
Mapped:           429196 kB
Shmem:               616 kB
Slab:              42568 kB
SReclaimable:      14964 kB
SUnreclaim:        27604 kB
KernelStack:       12352 kB
PageTables:        43488 kB
NFS_Unstable:          0 kB
Bounce:                0 kB
WritebackTmp:          0 kB
CommitLimit:     1980048 kB
Committed_AS:   87170936 kB
VmallocTotal:     458752 kB
VmallocUsed:      114512 kB
VmallocChunk:     152580 kB
Time pass: 52 sec

---2015-12-10 00:29:21
MemTotal:        1862952 kB
MemFree:           35104 kB
Buffers:           10140 kB
Cached:           679592 kB
SwapCached:         4292 kB
Active:           681664 kB
Inactive:         698216 kB
Active(anon):     342392 kB
Inactive(anon):   350620 kB
Active(file):     339272 kB
Inactive(file):   347596 kB
Unevictable:        2368 kB
Mlocked:               0 kB
HighTotal:       1436668 kB
HighFree:           9112 kB
LowTotal:         426284 kB
LowFree:           25992 kB
SwapTotal:       1048572 kB
SwapFree:         999800 kB
Dirty:                 0 kB
Writeback:             0 kB
AnonPages:        689896 kB
Mapped:           474176 kB
Shmem:               616 kB
Slab:              42632 kB
SReclaimable:      15004 kB
SUnreclaim:        27628 kB
KernelStack:       12320 kB
PageTables:        43684 kB
NFS_Unstable:          0 kB
Bounce:                0 kB
WritebackTmp:          0 kB
CommitLimit:     1980048 kB
Committed_AS:   87176968 kB
VmallocTotal:     458752 kB
VmallocUsed:      114656 kB
VmallocChunk:     152580 kB
Time pass: 56 sec

---2015-12-10 00:29:21
MemTotal:        1862952 kB
MemFree:           36384 kB
Buffers:           10152 kB
Cached:           679624 kB
SwapCached:         4292 kB
Active:           681704 kB
Inactive:         698140 kB
Active(anon):     342492 kB
Inactive(anon):   350564 kB
Active(file):     339212 kB
Inactive(file):   347576 kB
Unevictable:        2372 kB
Mlocked:               0 kB
HighTotal:       1436668 kB
HighFree:           9612 kB
LowTotal:         426284 kB
LowFree:           26772 kB
SwapTotal:       1048572 kB
SwapFree:         999800 kB
Dirty:                88 kB
Writeback:             0 kB
AnonPages:        689968 kB
Mapped:           474248 kB
Shmem:               616 kB
Slab:              42612 kB
SReclaimable:      15004 kB
SUnreclaim:        27608 kB
KernelStack:       12224 kB
PageTables:        43624 kB
NFS_Unstable:          0 kB
Bounce:                0 kB
WritebackTmp:          0 kB
CommitLimit:     1980048 kB
Committed_AS:   87177048 kB
VmallocTotal:     458752 kB
VmallocUsed:      114576 kB
VmallocChunk:     152580 kB
Time pass: 59 sec

---2015-12-10 00:29:21
MemTotal:        1862952 kB
MemFree:           37548 kB
Buffers:            8448 kB
Cached:           667036 kB
SwapCached:         4448 kB
Active:           675240 kB
Inactive:         689772 kB
Active(anon):     342132 kB
Inactive(anon):   350384 kB
Active(file):     333108 kB
Inactive(file):   339388 kB
Unevictable:        2372 kB
Mlocked:               0 kB
HighTotal:       1436668 kB
HighFree:          10424 kB
LowTotal:         426284 kB
LowFree:           27124 kB
SwapTotal:       1048572 kB
SwapFree:         997408 kB
Dirty:                 0 kB
Writeback:             0 kB
AnonPages:        689260 kB
Mapped:           485224 kB
Shmem:               616 kB
Slab:              42636 kB
SReclaimable:      15004 kB
SUnreclaim:        27632 kB
KernelStack:       12248 kB
PageTables:        43652 kB
NFS_Unstable:          0 kB
Bounce:                0 kB
WritebackTmp:          0 kB
CommitLimit:     1980048 kB
Committed_AS:   87177288 kB
VmallocTotal:     458752 kB
VmallocUsed:      114616 kB
VmallocChunk:     152580 kB
Time pass: 63 sec

---2015-12-10 00:29:21
MemTotal:        1862952 kB
MemFree:           37476 kB
Buffers:            8456 kB
Cached:           667028 kB
SwapCached:         4448 kB
Active:           675380 kB
Inactive:         689764 kB
Active(anon):     342272 kB
Inactive(anon):   350376 kB
Active(file):     333108 kB
Inactive(file):   339388 kB
Unevictable:        2372 kB
Mlocked:               0 kB
HighTotal:       1436668 kB
HighFree:          10336 kB
LowTotal:         426284 kB
LowFree:           27140 kB
SwapTotal:       1048572 kB
SwapFree:         997408 kB
Dirty:                44 kB
Writeback:             0 kB
AnonPages:        689440 kB
Mapped:           485228 kB
Shmem:               616 kB
Slab:              42652 kB
SReclaimable:      15012 kB
SUnreclaim:        27640 kB
KernelStack:       12224 kB
PageTables:        43652 kB
NFS_Unstable:          0 kB
Bounce:                0 kB
WritebackTmp:          0 kB
CommitLimit:     1980048 kB
Committed_AS:   87177488 kB
VmallocTotal:     458752 kB
VmallocUsed:      114616 kB
VmallocChunk:     152580 kB
Time pass: 67 sec

---2015-12-10 00:29:21
MemTotal:        1862952 kB
MemFree:           43852 kB
Buffers:            7844 kB
Cached:           657816 kB
SwapCached:         4460 kB
Active:           680960 kB
Inactive:         687400 kB
Active(anon):     352276 kB
Inactive(anon):   353232 kB
Active(file):     328684 kB
Inactive(file):   334168 kB
Unevictable:        2372 kB
Mlocked:               0 kB
HighTotal:       1436668 kB
HighFree:          11136 kB
LowTotal:         426284 kB
LowFree:           32716 kB
SwapTotal:       1048572 kB
SwapFree:         996088 kB
Dirty:               484 kB
Writeback:             0 kB
AnonPages:        702216 kB
Mapped:           483708 kB
Shmem:               616 kB
Slab:              42748 kB
SReclaimable:      15004 kB
SUnreclaim:        27744 kB
KernelStack:       12272 kB
PageTables:        43544 kB
NFS_Unstable:          0 kB
Bounce:                0 kB
WritebackTmp:          0 kB
CommitLimit:     1980048 kB
Committed_AS:   87185968 kB
VmallocTotal:     458752 kB
VmallocUsed:      114872 kB
VmallocChunk:     152580 kB
Time pass: 70 sec

---2015-12-10 00:29:21
MemTotal:        1862952 kB
MemFree:           30012 kB
Buffers:            5792 kB
Cached:           643424 kB
SwapCached:         4988 kB
Active:           663440 kB
Inactive:         672192 kB
Active(anon):     344140 kB
Inactive(anon):   349440 kB
Active(file):     319300 kB
Inactive(file):   322752 kB
Unevictable:       14452 kB
Mlocked:           12052 kB
HighTotal:       1436668 kB
HighFree:           4600 kB
LowTotal:         426284 kB
LowFree:           25412 kB
SwapTotal:       1048572 kB
SwapFree:         992256 kB
Dirty:                76 kB
Writeback:             0 kB
AnonPages:        697800 kB
Mapped:           497632 kB
Shmem:               984 kB
Slab:              42900 kB
SReclaimable:      15028 kB
SUnreclaim:        27872 kB
KernelStack:       12328 kB
PageTables:        43684 kB
NFS_Unstable:          0 kB
Bounce:                0 kB
WritebackTmp:          0 kB
CommitLimit:     1980048 kB
Committed_AS:   87187140 kB
VmallocTotal:     458752 kB
VmallocUsed:      114952 kB
VmallocChunk:     152580 kB
Time pass: 74 sec

---2015-12-10 00:29:21
MemTotal:        1862952 kB
MemFree:           30556 kB
Buffers:            5224 kB
Cached:           636608 kB
SwapCached:         5020 kB
Active:           666052 kB
Inactive:         683400 kB
Active(anon):     350060 kB
Inactive(anon):   360588 kB
Active(file):     315992 kB
Inactive(file):   322812 kB
Unevictable:        2372 kB
Mlocked:               0 kB
HighTotal:       1436668 kB
HighFree:           4140 kB
LowTotal:         426284 kB
LowFree:           26416 kB
SwapTotal:       1048572 kB
SwapFree:         990860 kB
Dirty:               400 kB
Writeback:             0 kB
AnonPages:        706852 kB
Mapped:           498636 kB
Shmem:               616 kB
Slab:              42976 kB
SReclaimable:      15024 kB
SUnreclaim:        27952 kB
KernelStack:       12376 kB
PageTables:        43732 kB
NFS_Unstable:          0 kB
Bounce:                0 kB
WritebackTmp:          0 kB
CommitLimit:     1980048 kB
Committed_AS:   87204368 kB
VmallocTotal:     458752 kB
VmallocUsed:      114792 kB
VmallocChunk:     152580 kB
Time pass: 78 sec

---2015-12-10 00:29:21
MemTotal:        1862952 kB
MemFree:           39180 kB
Buffers:            4456 kB
Cached:           615872 kB
SwapCached:         5276 kB
Active:           668624 kB
Inactive:         664800 kB
Active(anon):     360340 kB
Inactive(anon):   355892 kB
Active(file):     308284 kB
Inactive(file):   308908 kB
Unevictable:        2372 kB
Mlocked:               0 kB
HighTotal:       1436668 kB
HighFree:          12412 kB
LowTotal:         426284 kB
LowFree:           26768 kB
SwapTotal:       1048572 kB
SwapFree:         986152 kB
Dirty:                60 kB
Writeback:             0 kB
AnonPages:        712564 kB
Mapped:           497296 kB
Shmem:               764 kB
Slab:              43220 kB
SReclaimable:      15032 kB
SUnreclaim:        28188 kB
KernelStack:       12568 kB
PageTables:        43896 kB
NFS_Unstable:          0 kB
Bounce:                0 kB
WritebackTmp:          0 kB
CommitLimit:     1980048 kB
Committed_AS:   87225116 kB
VmallocTotal:     458752 kB
VmallocUsed:      117152 kB
VmallocChunk:     152580 kB
Time pass: 83 sec

---2015-12-10 00:29:21
MemTotal:        1862952 kB
MemFree:           28528 kB
Buffers:            4472 kB
Cached:           595476 kB
SwapCached:         5468 kB
Active:           656316 kB
Inactive:         653580 kB
Active(anon):     356372 kB
Inactive(anon):   357096 kB
Active(file):     299944 kB
Inactive(file):   296484 kB
Unevictable:        2576 kB
Mlocked:               0 kB
HighTotal:       1436668 kB
HighFree:           4668 kB
LowTotal:         426284 kB
LowFree:           23860 kB
SwapTotal:       1048572 kB
SwapFree:         980724 kB
Dirty:                 4 kB
Writeback:             0 kB
AnonPages:        709232 kB
Mapped:           497660 kB
Shmem:               944 kB
Slab:              43368 kB
SReclaimable:      15032 kB
SUnreclaim:        28336 kB
KernelStack:       12520 kB
PageTables:        44112 kB
NFS_Unstable:          0 kB
Bounce:                0 kB
WritebackTmp:          0 kB
CommitLimit:     1980048 kB
Committed_AS:   87227452 kB
VmallocTotal:     458752 kB
VmallocUsed:      122596 kB
VmallocChunk:     152580 kB
Time pass: 86 sec

---2015-12-10 00:29:21
MemTotal:        1862952 kB
MemFree:           28084 kB
Buffers:            4496 kB
Cached:           595440 kB
SwapCached:         5464 kB
Active:           657172 kB
Inactive:         653696 kB
Active(anon):     357228 kB
Inactive(anon):   357188 kB
Active(file):     299944 kB
Inactive(file):   296508 kB
Unevictable:        2576 kB
Mlocked:               0 kB
HighTotal:       1436668 kB
HighFree:           4220 kB
LowTotal:         426284 kB
LowFree:           23864 kB
SwapTotal:       1048572 kB
SwapFree:         980736 kB
Dirty:                40 kB
Writeback:             0 kB
AnonPages:        710020 kB
Mapped:           497572 kB
Shmem:               908 kB
Slab:              43432 kB
SReclaimable:      15032 kB
SUnreclaim:        28400 kB
KernelStack:       12512 kB
PageTables:        44116 kB
NFS_Unstable:          0 kB
Bounce:                0 kB
WritebackTmp:          0 kB
CommitLimit:     1980048 kB
Committed_AS:   87229460 kB
VmallocTotal:     458752 kB
VmallocUsed:      122516 kB
VmallocChunk:     152580 kB
Time pass: 90 sec

---2015-12-10 00:29:21
MemTotal:        1862952 kB
MemFree:           27232 kB
Buffers:            4512 kB
Cached:           595424 kB
SwapCached:         5464 kB
Active:           657664 kB
Inactive:         653696 kB
Active(anon):     357720 kB
Inactive(anon):   357188 kB
Active(file):     299944 kB
Inactive(file):   296508 kB
Unevictable:        2576 kB
Mlocked:               0 kB
HighTotal:       1436668 kB
HighFree:           3724 kB
LowTotal:         426284 kB
LowFree:           23508 kB
SwapTotal:       1048572 kB
SwapFree:         980744 kB
Dirty:                44 kB
Writeback:             0 kB
AnonPages:        710628 kB
Mapped:           497668 kB
Shmem:               908 kB
Slab:              43432 kB
SReclaimable:      15032 kB
SUnreclaim:        28400 kB
KernelStack:       12464 kB
PageTables:        44116 kB
NFS_Unstable:          0 kB
Bounce:                0 kB
WritebackTmp:          0 kB
CommitLimit:     1980048 kB
Committed_AS:   87229628 kB
VmallocTotal:     458752 kB
VmallocUsed:      122596 kB
VmallocChunk:     152580 kB
Time pass: 93 sec

---2015-12-10 00:29:21
MemTotal:        1862952 kB
MemFree:          104288 kB
Buffers:            4520 kB
Cached:           591420 kB
SwapCached:         5580 kB
Active:           642260 kB
Inactive:         650784 kB
Active(anon):     341700 kB
Inactive(anon):   358540 kB
Active(file):     300560 kB
Inactive(file):   292244 kB
Unevictable:        2576 kB
Mlocked:               0 kB
HighTotal:       1436668 kB
HighFree:          72904 kB
LowTotal:         426284 kB
LowFree:           31384 kB
SwapTotal:       1048572 kB
SwapFree:         977604 kB
Dirty:                56 kB
Writeback:             0 kB
AnonPages:        696120 kB
Mapped:           498084 kB
Shmem:               616 kB
Slab:              43552 kB
SReclaimable:      15032 kB
SUnreclaim:        28520 kB
KernelStack:       12376 kB
PageTables:        43608 kB
NFS_Unstable:          0 kB
Bounce:                0 kB
WritebackTmp:          0 kB
CommitLimit:     1980048 kB
Committed_AS:   87223756 kB
VmallocTotal:     458752 kB
VmallocUsed:      114880 kB
VmallocChunk:     152580 kB
Time pass: 97 sec

---2015-12-10 00:29:21
MemTotal:        1862952 kB
MemFree:          379292 kB
Buffers:            4608 kB
Cached:           593276 kB
SwapCached:         6020 kB
Active:           561080 kB
Inactive:         649700 kB
Active(anon):     258272 kB
Inactive(anon):   357656 kB
Active(file):     302808 kB
Inactive(file):   292044 kB
Unevictable:        2576 kB
Mlocked:               0 kB
HighTotal:       1436668 kB
HighFree:         249604 kB
LowTotal:         426284 kB
LowFree:          129688 kB
SwapTotal:       1048572 kB
SwapFree:         977644 kB
Dirty:                 8 kB
Writeback:             0 kB
AnonPages:        611408 kB
Mapped:           342428 kB
Shmem:               480 kB
Slab:              43468 kB
SReclaimable:      15008 kB
SUnreclaim:        28460 kB
KernelStack:       11560 kB
PageTables:        41488 kB
NFS_Unstable:          0 kB
Bounce:                0 kB
WritebackTmp:          0 kB
CommitLimit:     1980048 kB
Committed_AS:   84559892 kB
VmallocTotal:     458752 kB
VmallocUsed:      111868 kB
VmallocChunk:     152580 kB
Time pass: 101 sec

---2015-12-10 00:29:21
MemTotal:        1862952 kB
MemFree:          363220 kB
Buffers:            4760 kB
Cached:           596932 kB
SwapCached:         6104 kB
Active:           573292 kB
Inactive:         651692 kB
Active(anon):     270104 kB
Inactive(anon):   356460 kB
Active(file):     303188 kB
Inactive(file):   295232 kB
Unevictable:        2576 kB
Mlocked:               0 kB
HighTotal:       1436668 kB
HighFree:         234780 kB
LowTotal:         426284 kB
LowFree:          128440 kB
SwapTotal:       1048572 kB
SwapFree:         977648 kB
Dirty:               128 kB
Writeback:             0 kB
AnonPages:        622100 kB
Mapped:           349236 kB
Shmem:               492 kB
Slab:              43460 kB
SReclaimable:      15000 kB
SUnreclaim:        28460 kB
KernelStack:       11816 kB
PageTables:        42312 kB
NFS_Unstable:          0 kB
Bounce:                0 kB
WritebackTmp:          0 kB
CommitLimit:     1980048 kB
Committed_AS:   85812844 kB
VmallocTotal:     458752 kB
VmallocUsed:      112968 kB
VmallocChunk:     152580 kB
Time pass: 104 sec

---2015-12-10 00:29:21
MemTotal:        1862952 kB
MemFree:          356424 kB
Buffers:            4768 kB
Cached:           599576 kB
SwapCached:         6104 kB
Active:           580748 kB
Inactive:         652040 kB
Active(anon):     275084 kB
Inactive(anon):   356428 kB
Active(file):     305664 kB
Inactive(file):   295612 kB
Unevictable:        2576 kB
Mlocked:               0 kB
HighTotal:       1436668 kB
HighFree:         227460 kB
LowTotal:         426284 kB
LowFree:          128964 kB
SwapTotal:       1048572 kB
SwapFree:         977648 kB
Dirty:               168 kB
Writeback:             0 kB
AnonPages:        626848 kB
Mapped:           349748 kB
Shmem:               492 kB
Slab:              43460 kB
SReclaimable:      15000 kB
SUnreclaim:        28460 kB
KernelStack:       11776 kB
PageTables:        42320 kB
NFS_Unstable:          0 kB
Bounce:                0 kB
WritebackTmp:          0 kB
CommitLimit:     1980048 kB
Committed_AS:   85814492 kB
VmallocTotal:     458752 kB
VmallocUsed:      112888 kB
VmallocChunk:     152580 kB
Time pass: 108 sec

---2015-12-10 00:29:21
MemTotal:        1862952 kB
MemFree:          360456 kB
Buffers:            4900 kB
Cached:           601460 kB
SwapCached:         6128 kB
Active:           576260 kB
Inactive:         653212 kB
Active(anon):     270300 kB
Inactive(anon):   355880 kB
Active(file):     305960 kB
Inactive(file):   297332 kB
Unevictable:        2576 kB
Mlocked:               0 kB
HighTotal:       1436668 kB
HighFree:         231320 kB
LowTotal:         426284 kB
LowFree:          129136 kB
SwapTotal:       1048572 kB
SwapFree:         977656 kB
Dirty:               268 kB
Writeback:             0 kB
AnonPages:        621580 kB
Mapped:           351180 kB
Shmem:               492 kB
Slab:              43412 kB
SReclaimable:      15016 kB
SUnreclaim:        28396 kB
KernelStack:       11776 kB
PageTables:        42332 kB
NFS_Unstable:          0 kB
Bounce:                0 kB
WritebackTmp:          0 kB
CommitLimit:     1980048 kB
Committed_AS:   85816284 kB
VmallocTotal:     458752 kB
VmallocUsed:      112808 kB
VmallocChunk:     152580 kB
Time pass: 112 sec

---2015-12-10 00:29:21
MemTotal:        1862952 kB
MemFree:          360356 kB
Buffers:            4908 kB
Cached:           601452 kB
SwapCached:         6128 kB
Active:           576296 kB
Inactive:         653212 kB
Active(anon):     270336 kB
Inactive(anon):   355880 kB
Active(file):     305960 kB
Inactive(file):   297332 kB
Unevictable:        2576 kB
Mlocked:               0 kB
HighTotal:       1436668 kB
HighFree:         231196 kB
LowTotal:         426284 kB
LowFree:          129160 kB
SwapTotal:       1048572 kB
SwapFree:         977656 kB
Dirty:                44 kB
Writeback:             0 kB
AnonPages:        621584 kB
Mapped:           351180 kB
Shmem:               492 kB
Slab:              43396 kB
SReclaimable:      15000 kB
SUnreclaim:        28396 kB
KernelStack:       11768 kB
PageTables:        42332 kB
NFS_Unstable:          0 kB
Bounce:                0 kB
WritebackTmp:          0 kB
CommitLimit:     1980048 kB
Committed_AS:   85816484 kB
VmallocTotal:     458752 kB
VmallocUsed:      112808 kB
VmallocChunk:     152580 kB
Time pass: 116 sec

---2015-12-10 00:29:21
MemTotal:        1862952 kB
MemFree:          360240 kB
Buffers:            4908 kB
Cached:           601448 kB
SwapCached:         6144 kB
Active:           576408 kB
Inactive:         653212 kB
Active(anon):     270448 kB
Inactive(anon):   355868 kB
Active(file):     305960 kB
Inactive(file):   297344 kB
Unevictable:        2576 kB
Mlocked:               0 kB
HighTotal:       1436668 kB
HighFree:         231072 kB
LowTotal:         426284 kB
LowFree:          129168 kB
SwapTotal:       1048572 kB
SwapFree:         977680 kB
Dirty:                 8 kB
Writeback:             0 kB
AnonPages:        621732 kB
Mapped:           351180 kB
Shmem:               492 kB
Slab:              43396 kB
SReclaimable:      15000 kB
SUnreclaim:        28396 kB
KernelStack:       11760 kB
PageTables:        42332 kB
NFS_Unstable:          0 kB
Bounce:                0 kB
WritebackTmp:          0 kB
CommitLimit:     1980048 kB
Committed_AS:   85816564 kB
VmallocTotal:     458752 kB
VmallocUsed:      112808 kB
VmallocChunk:     152580 kB
Time pass: 119 sec

---2015-12-10 00:29:21
MemTotal:        1862952 kB
MemFree:          360232 kB
Buffers:            4908 kB
Cached:           601492 kB
SwapCached:         6144 kB
Active:           576452 kB
Inactive:         653276 kB
Active(anon):     270492 kB
Inactive(anon):   355904 kB
Active(file):     305960 kB
Inactive(file):   297372 kB
Unevictable:        2576 kB
Mlocked:               0 kB
HighTotal:       1436668 kB
HighFree:         231072 kB
LowTotal:         426284 kB
LowFree:          129160 kB
SwapTotal:       1048572 kB
SwapFree:         977680 kB
Dirty:                 8 kB
Writeback:             0 kB
AnonPages:        621780 kB
Mapped:           351192 kB
Shmem:               492 kB
Slab:              43392 kB
SReclaimable:      15000 kB
SUnreclaim:        28392 kB
KernelStack:       11752 kB
PageTables:        42316 kB
NFS_Unstable:          0 kB
Bounce:                0 kB
WritebackTmp:          0 kB
CommitLimit:     1980048 kB
Committed_AS:   85816644 kB
VmallocTotal:     458752 kB
VmallocUsed:      112808 kB
VmallocChunk:     152580 kB
Time pass: 123 sec

---2015-12-10 00:29:21
MemTotal:        1862952 kB
MemFree:          358920 kB
Buffers:            4916 kB
Cached:           601492 kB
SwapCached:         6144 kB
Active:           577408 kB
Inactive:         653284 kB
Active(anon):     271444 kB
Inactive(anon):   355908 kB
Active(file):     305964 kB
Inactive(file):   297376 kB
Unevictable:        2576 kB
Mlocked:               0 kB
HighTotal:       1436668 kB
HighFree:         229956 kB
LowTotal:         426284 kB
LowFree:          128964 kB
SwapTotal:       1048572 kB
SwapFree:         977684 kB
Dirty:                 4 kB
Writeback:             0 kB
AnonPages:        622760 kB
Mapped:           351180 kB
Shmem:               492 kB
Slab:              43392 kB
SReclaimable:      15000 kB
SUnreclaim:        28392 kB
KernelStack:       11768 kB
PageTables:        42332 kB
NFS_Unstable:          0 kB
Bounce:                0 kB
WritebackTmp:          0 kB
CommitLimit:     1980048 kB
Committed_AS:   85818368 kB
VmallocTotal:     458752 kB
VmallocUsed:      112888 kB
VmallocChunk:     152580 kB
Time pass: 127 sec

---2015-12-10 00:29:21
MemTotal:        1862952 kB
MemFree:          249424 kB
Buffers:            5308 kB
Cached:           603152 kB
SwapCached:         6244 kB
Active:           611652 kB
Inactive:         653764 kB
Active(anon):     304124 kB
Inactive(anon):   356056 kB
Active(file):     307528 kB
Inactive(file):   297708 kB
Unevictable:        2576 kB
Mlocked:               0 kB
HighTotal:       1436668 kB
HighFree:         171492 kB
LowTotal:         426284 kB
LowFree:           77932 kB
SwapTotal:       1048572 kB
SwapFree:         977748 kB
Dirty:               960 kB
Writeback:             0 kB
AnonPages:        655476 kB
Mapped:           378552 kB
Shmem:               624 kB
Slab:              43264 kB
SReclaimable:      14976 kB
SUnreclaim:        28288 kB
KernelStack:       12384 kB
PageTables:        43456 kB
NFS_Unstable:          0 kB
Bounce:                0 kB
WritebackTmp:          0 kB
CommitLimit:     1980048 kB
Committed_AS:   87161636 kB
VmallocTotal:     458752 kB
VmallocUsed:      114292 kB
VmallocChunk:     152580 kB
Time pass: 130 sec

---2015-12-10 00:29:21
MemTotal:        1862952 kB
MemFree:          190148 kB
Buffers:            5308 kB
Cached:           604720 kB
SwapCached:         6272 kB
Active:           631816 kB
Inactive:         653628 kB
Active(anon):     322568 kB
Inactive(anon):   356116 kB
Active(file):     309248 kB
Inactive(file):   297512 kB
Unevictable:        2576 kB
Mlocked:               0 kB
HighTotal:       1436668 kB
HighFree:         111192 kB
LowTotal:         426284 kB
LowFree:           78956 kB
SwapTotal:       1048572 kB
SwapFree:         977748 kB
Dirty:               196 kB
Writeback:           744 kB
AnonPages:        673988 kB
Mapped:           406788 kB
Shmem:               628 kB
Slab:              43364 kB
SReclaimable:      14988 kB
SUnreclaim:        28376 kB
KernelStack:       12488 kB
PageTables:        43648 kB
NFS_Unstable:          0 kB
Bounce:                0 kB
WritebackTmp:          0 kB
CommitLimit:     1980048 kB
Committed_AS:   87179996 kB
VmallocTotal:     458752 kB
VmallocUsed:      114372 kB
VmallocChunk:     152580 kB
Time pass: 134 sec

---2015-12-10 00:29:21
MemTotal:        1862952 kB
MemFree:          147384 kB
Buffers:            5320 kB
Cached:           605760 kB
SwapCached:         6292 kB
Active:           637752 kB
Inactive:         653448 kB
Active(anon):     327148 kB
Inactive(anon):   356176 kB
Active(file):     310604 kB
Inactive(file):   297272 kB
Unevictable:        2576 kB
Mlocked:               0 kB
HighTotal:       1436668 kB
HighFree:          68188 kB
LowTotal:         426284 kB
LowFree:           79196 kB
SwapTotal:       1048572 kB
SwapFree:         977784 kB
Dirty:              1120 kB
Writeback:             0 kB
AnonPages:        678480 kB
Mapped:           442808 kB
Shmem:               628 kB
Slab:              43288 kB
SReclaimable:      14980 kB
SUnreclaim:        28308 kB
KernelStack:       12400 kB
PageTables:        43668 kB
NFS_Unstable:          0 kB
Bounce:                0 kB
WritebackTmp:          0 kB
CommitLimit:     1980048 kB
Committed_AS:   87191560 kB
VmallocTotal:     458752 kB
VmallocUsed:      114500 kB
VmallocChunk:     152580 kB
Time pass: 137 sec

---2015-12-10 00:29:21
MemTotal:        1862952 kB
MemFree:          123460 kB
Buffers:            5320 kB
Cached:           605916 kB
SwapCached:         6292 kB
Active:           638520 kB
Inactive:         653376 kB
Active(anon):     327712 kB
Inactive(anon):   356176 kB
Active(file):     310808 kB
Inactive(file):   297200 kB
Unevictable:        2576 kB
Mlocked:               0 kB
HighTotal:       1436668 kB
HighFree:          43684 kB
LowTotal:         426284 kB
LowFree:           79776 kB
SwapTotal:       1048572 kB
SwapFree:         977792 kB
Dirty:               192 kB
Writeback:             0 kB
AnonPages:        679020 kB
Mapped:           464244 kB
Shmem:               628 kB
Slab:              43168 kB
SReclaimable:      14964 kB
SUnreclaim:        28204 kB
KernelStack:       12368 kB
PageTables:        43736 kB
NFS_Unstable:          0 kB
Bounce:                0 kB
WritebackTmp:          0 kB
CommitLimit:     1980048 kB
Committed_AS:   87191808 kB
VmallocTotal:     458752 kB
VmallocUsed:      114516 kB
VmallocChunk:     152580 kB
Time pass: 141 sec

---2015-12-10 00:29:21
MemTotal:        1862952 kB
MemFree:          123244 kB
Buffers:            5332 kB
Cached:           605980 kB
SwapCached:         6292 kB
Active:           638692 kB
Inactive:         653320 kB
Active(anon):     327860 kB
Inactive(anon):   356064 kB
Active(file):     310832 kB
Inactive(file):   297256 kB
Unevictable:        2576 kB
Mlocked:               0 kB
HighTotal:       1436668 kB
HighFree:          43436 kB
LowTotal:         426284 kB
LowFree:           79808 kB
SwapTotal:       1048572 kB
SwapFree:         977792 kB
Dirty:                 8 kB
Writeback:             0 kB
AnonPages:        679032 kB
Mapped:           464264 kB
Shmem:               628 kB
Slab:              43168 kB
SReclaimable:      14964 kB
SUnreclaim:        28204 kB
KernelStack:       12328 kB
PageTables:        43732 kB
NFS_Unstable:          0 kB
Bounce:                0 kB
WritebackTmp:          0 kB
CommitLimit:     1980048 kB
Committed_AS:   87191848 kB
VmallocTotal:     458752 kB
VmallocUsed:      114516 kB
VmallocChunk:     152580 kB
Time pass: 144 sec

---2015-12-10 00:29:21
MemTotal:        1862952 kB
MemFree:          102132 kB
Buffers:            5332 kB
Cached:           605992 kB
SwapCached:         6292 kB
Active:           646300 kB
Inactive:         653276 kB
Active(anon):     335468 kB
Inactive(anon):   355988 kB
Active(file):     310832 kB
Inactive(file):   297288 kB
Unevictable:        2576 kB
Mlocked:               0 kB
HighTotal:       1436668 kB
HighFree:          22580 kB
LowTotal:         426284 kB
LowFree:           79552 kB
SwapTotal:       1048572 kB
SwapFree:         977804 kB
Dirty:               532 kB
Writeback:             0 kB
AnonPages:        686768 kB
Mapped:           474228 kB
Shmem:               628 kB
Slab:              43172 kB
SReclaimable:      14964 kB
SUnreclaim:        28208 kB
KernelStack:       12288 kB
PageTables:        43776 kB
NFS_Unstable:          0 kB
Bounce:                0 kB
WritebackTmp:          0 kB
CommitLimit:     1980048 kB
Committed_AS:   87199912 kB
VmallocTotal:     458752 kB
VmallocUsed:      114772 kB
VmallocChunk:     152580 kB
Time pass: 148 sec

---2015-12-10 00:29:21
MemTotal:        1862952 kB
MemFree:          103268 kB
Buffers:            5340 kB
Cached:           605992 kB
SwapCached:         6292 kB
Active:           646484 kB
Inactive:         653276 kB
Active(anon):     335648 kB
Inactive(anon):   355984 kB
Active(file):     310836 kB
Inactive(file):   297292 kB
Unevictable:        2576 kB
Mlocked:               0 kB
HighTotal:       1436668 kB
HighFree:          23460 kB
LowTotal:         426284 kB
LowFree:           79808 kB
SwapTotal:       1048572 kB
SwapFree:         977808 kB
Dirty:                60 kB
Writeback:             0 kB
AnonPages:        686752 kB
Mapped:           474172 kB
Shmem:               628 kB
Slab:              43204 kB
SReclaimable:      14964 kB
SUnreclaim:        28240 kB
KernelStack:       12288 kB
PageTables:        43776 kB
NFS_Unstable:          0 kB
Bounce:                0 kB
WritebackTmp:          0 kB
CommitLimit:     1980048 kB
Committed_AS:   87200000 kB
VmallocTotal:     458752 kB
VmallocUsed:      114612 kB
VmallocChunk:     152580 kB
Time pass: 152 sec

---2015-12-10 00:29:21
MemTotal:        1862952 kB
MemFree:          103276 kB
Buffers:            5348 kB
Cached:           605992 kB
SwapCached:         6292 kB
Active:           646456 kB
Inactive:         653260 kB
Active(anon):     335620 kB
Inactive(anon):   355960 kB
Active(file):     310836 kB
Inactive(file):   297300 kB
Unevictable:        2576 kB
Mlocked:               0 kB
HighTotal:       1436668 kB
HighFree:          23460 kB
LowTotal:         426284 kB
LowFree:           79816 kB
SwapTotal:       1048572 kB
SwapFree:         977808 kB
Dirty:                 4 kB
Writeback:             0 kB
AnonPages:        686712 kB
Mapped:           474176 kB
Shmem:               628 kB
Slab:              43204 kB
SReclaimable:      14964 kB
SUnreclaim:        28240 kB
KernelStack:       12280 kB
PageTables:        43780 kB
NFS_Unstable:          0 kB
Bounce:                0 kB
WritebackTmp:          0 kB
CommitLimit:     1980048 kB
Committed_AS:   87200160 kB
VmallocTotal:     458752 kB
VmallocUsed:      114612 kB
VmallocChunk:     152580 kB
Time pass: 155 sec

---2015-12-10 00:29:21
MemTotal:        1862952 kB
MemFree:           80708 kB
Buffers:            5364 kB
Cached:           606184 kB
SwapCached:         6292 kB
Active:           658036 kB
Inactive:         653492 kB
Active(anon):     347192 kB
Inactive(anon):   356164 kB
Active(file):     310844 kB
Inactive(file):   297328 kB
Unevictable:        2576 kB
Mlocked:               0 kB
HighTotal:       1436668 kB
HighFree:           6820 kB
LowTotal:         426284 kB
LowFree:           73888 kB
SwapTotal:       1048572 kB
SwapFree:         977852 kB
Dirty:                44 kB
Writeback:             0 kB
AnonPages:        698380 kB
Mapped:           477108 kB
Shmem:               800 kB
Slab:              43328 kB
SReclaimable:      14980 kB
SUnreclaim:        28348 kB
KernelStack:       12608 kB
PageTables:        43952 kB
NFS_Unstable:          0 kB
Bounce:                0 kB
WritebackTmp:          0 kB
CommitLimit:     1980048 kB
Committed_AS:   87218912 kB
VmallocTotal:     458752 kB
VmallocUsed:      118656 kB
VmallocChunk:     152580 kB
Time pass: 159 sec

---2015-12-10 00:29:21
MemTotal:        1862952 kB
MemFree:           67592 kB
Buffers:            5396 kB
Cached:           606476 kB
SwapCached:         6292 kB
Active:           663136 kB
Inactive:         653752 kB
Active(anon):     352284 kB
Inactive(anon):   356356 kB
Active(file):     310852 kB
Inactive(file):   297396 kB
Unevictable:        2576 kB
Mlocked:               0 kB
HighTotal:       1436668 kB
HighFree:           4068 kB
LowTotal:         426284 kB
LowFree:           63524 kB
SwapTotal:       1048572 kB
SwapFree:         977904 kB
Dirty:                 0 kB
Writeback:            24 kB
AnonPages:        703500 kB
Mapped:           477732 kB
Shmem:              1040 kB
Slab:              43428 kB
SReclaimable:      14980 kB
SUnreclaim:        28448 kB
KernelStack:       12592 kB
PageTables:        44012 kB
NFS_Unstable:          0 kB
Bounce:                0 kB
WritebackTmp:          0 kB
CommitLimit:     1980048 kB
Committed_AS:   87226136 kB
VmallocTotal:     458752 kB
VmallocUsed:      119456 kB
VmallocChunk:     152580 kB
Time pass: 164 sec

---2015-12-10 00:29:21
MemTotal:        1862952 kB
MemFree:           64588 kB
Buffers:            5428 kB
Cached:           607208 kB
SwapCached:         6292 kB
Active:           665004 kB
Inactive:         654424 kB
Active(anon):     354056 kB
Inactive(anon):   356444 kB
Active(file):     310948 kB
Inactive(file):   297980 kB
Unevictable:        2576 kB
Mlocked:               0 kB
HighTotal:       1436668 kB
HighFree:           3144 kB
LowTotal:         426284 kB
LowFree:           61444 kB
SwapTotal:       1048572 kB
SwapFree:         977920 kB
Dirty:                56 kB
Writeback:             0 kB
AnonPages:        705228 kB
Mapped:           477176 kB
Shmem:              1124 kB
Slab:              43416 kB
SReclaimable:      14980 kB
SUnreclaim:        28436 kB
KernelStack:       12608 kB
PageTables:        44020 kB
NFS_Unstable:          0 kB
Bounce:                0 kB
WritebackTmp:          0 kB
CommitLimit:     1980048 kB
Committed_AS:   87230356 kB
VmallocTotal:     458752 kB
VmallocUsed:      119376 kB
VmallocChunk:     152580 kB
Time pass: 168 sec

---2015-12-10 00:29:21
MemTotal:        1862952 kB
MemFree:           63868 kB
Buffers:            5428 kB
Cached:           607212 kB
SwapCached:         6292 kB
Active:           665760 kB
Inactive:         654172 kB
Active(anon):     354812 kB
Inactive(anon):   356180 kB
Active(file):     310948 kB
Inactive(file):   297992 kB
Unevictable:        2576 kB
Mlocked:               0 kB
HighTotal:       1436668 kB
HighFree:           2644 kB
LowTotal:         426284 kB
LowFree:           61224 kB
SwapTotal:       1048572 kB
SwapFree:         977924 kB
Dirty:                 0 kB
Writeback:             0 kB
AnonPages:        705676 kB
Mapped:           477360 kB
Shmem:              1124 kB
Slab:              43420 kB
SReclaimable:      14980 kB
SUnreclaim:        28440 kB
KernelStack:       12536 kB
PageTables:        44012 kB
NFS_Unstable:          0 kB
Bounce:                0 kB
WritebackTmp:          0 kB
CommitLimit:     1980048 kB
Committed_AS:   87231244 kB
VmallocTotal:     458752 kB
VmallocUsed:      119456 kB
VmallocChunk:     152580 kB
Time pass: 172 sec

---2015-12-10 00:29:21
MemTotal:        1862952 kB
MemFree:           64284 kB
Buffers:            5436 kB
Cached:           607228 kB
SwapCached:         6292 kB
Active:           666068 kB
Inactive:         654192 kB
Active(anon):     355116 kB
Inactive(anon):   356180 kB
Active(file):     310952 kB
Inactive(file):   298012 kB
Unevictable:        2576 kB
Mlocked:               0 kB
HighTotal:       1436668 kB
HighFree:           2996 kB
LowTotal:         426284 kB
LowFree:           61288 kB
SwapTotal:       1048572 kB
SwapFree:         977924 kB
Dirty:                48 kB
Writeback:             0 kB
AnonPages:        705776 kB
Mapped:           477364 kB
Shmem:              1124 kB
Slab:              43424 kB
SReclaimable:      14980 kB
SUnreclaim:        28444 kB
KernelStack:       12536 kB
PageTables:        44016 kB
NFS_Unstable:          0 kB
Bounce:                0 kB
WritebackTmp:          0 kB
CommitLimit:     1980048 kB
Committed_AS:   87231452 kB
VmallocTotal:     458752 kB
VmallocUsed:      119456 kB
VmallocChunk:     152580 kB
Time pass: 175 sec

---2015-12-10 00:29:21
MemTotal:        1862952 kB
MemFree:           64088 kB
Buffers:            5444 kB
Cached:           607232 kB
SwapCached:         6288 kB
Active:           666072 kB
Inactive:         654076 kB
Active(anon):     355120 kB
Inactive(anon):   356060 kB
Active(file):     310952 kB
Inactive(file):   298016 kB
Unevictable:        2576 kB
Mlocked:               0 kB
HighTotal:       1436668 kB
HighFree:           2948 kB
LowTotal:         426284 kB
LowFree:           61140 kB
SwapTotal:       1048572 kB
SwapFree:         977940 kB
Dirty:                52 kB
Writeback:             0 kB
AnonPages:        705860 kB
Mapped:           477312 kB
Shmem:              1132 kB
Slab:              43424 kB
SReclaimable:      14980 kB
SUnreclaim:        28444 kB
KernelStack:       12544 kB
PageTables:        44016 kB
NFS_Unstable:          0 kB
Bounce:                0 kB
WritebackTmp:          0 kB
CommitLimit:     1980048 kB
Committed_AS:   87231444 kB
VmallocTotal:     458752 kB
VmallocUsed:      119376 kB
VmallocChunk:     152580 kB
Time pass: 179 sec

---2015-12-10 00:29:21
MemTotal:        1862952 kB
MemFree:           64900 kB
Buffers:            5444 kB
Cached:           607236 kB
SwapCached:         6328 kB
Active:           666292 kB
Inactive:         654036 kB
Active(anon):     355340 kB
Inactive(anon):   356016 kB
Active(file):     310952 kB
Inactive(file):   298020 kB
Unevictable:        2576 kB
Mlocked:               0 kB
HighTotal:       1436668 kB
HighFree:           3176 kB
LowTotal:         426284 kB
LowFree:           61724 kB
SwapTotal:       1048572 kB
SwapFree:         977972 kB
Dirty:                 8 kB
Writeback:             0 kB
AnonPages:        706112 kB
Mapped:           477384 kB
Shmem:              1132 kB
Slab:              43424 kB
SReclaimable:      14980 kB
SUnreclaim:        28444 kB
KernelStack:       12520 kB
PageTables:        44012 kB
NFS_Unstable:          0 kB
Bounce:                0 kB
WritebackTmp:          0 kB
CommitLimit:     1980048 kB
Committed_AS:   87231524 kB
VmallocTotal:     458752 kB
VmallocUsed:      119376 kB
VmallocChunk:     152580 kB
Time pass: 182 sec

---2015-12-10 00:29:21
MemTotal:        1862952 kB
MemFree:           64380 kB
Buffers:            5452 kB
Cached:           607236 kB
SwapCached:         6328 kB
Active:           666040 kB
Inactive:         653964 kB
Active(anon):     355084 kB
Inactive(anon):   355940 kB
Active(file):     310956 kB
Inactive(file):   298024 kB
Unevictable:        2576 kB
Mlocked:               0 kB
HighTotal:       1436668 kB
HighFree:           3176 kB
LowTotal:         426284 kB
LowFree:           61204 kB
SwapTotal:       1048572 kB
SwapFree:         977972 kB
Dirty:                20 kB
Writeback:             0 kB
AnonPages:        705780 kB
Mapped:           477400 kB
Shmem:              1132 kB
Slab:              43424 kB
SReclaimable:      14980 kB
SUnreclaim:        28444 kB
KernelStack:       12560 kB
PageTables:        43996 kB
NFS_Unstable:          0 kB
Bounce:                0 kB
WritebackTmp:          0 kB
CommitLimit:     1980048 kB
Committed_AS:   87235820 kB
VmallocTotal:     458752 kB
VmallocUsed:      119456 kB
VmallocChunk:     152580 kB
Time pass: 186 sec

---2015-12-10 00:29:21
MemTotal:        1862952 kB
MemFree:           43480 kB
Buffers:            5484 kB
Cached:           606928 kB
SwapCached:         6320 kB
Active:           677328 kB
Inactive:         653512 kB
Active(anon):     366204 kB
Inactive(anon):   355636 kB
Active(file):     311124 kB
Inactive(file):   297876 kB
Unevictable:        2576 kB
Mlocked:               0 kB
HighTotal:       1436668 kB
HighFree:           3920 kB
LowTotal:         426284 kB
LowFree:           39560 kB
SwapTotal:       1048572 kB
SwapFree:         978028 kB
Dirty:                56 kB
Writeback:             0 kB
AnonPages:        717048 kB
Mapped:           477316 kB
Shmem:               832 kB
Slab:              43560 kB
SReclaimable:      14996 kB
SUnreclaim:        28564 kB
KernelStack:       12592 kB
PageTables:        44096 kB
NFS_Unstable:          0 kB
Bounce:                0 kB
WritebackTmp:          0 kB
CommitLimit:     1980048 kB
Committed_AS:   87256420 kB
VmallocTotal:     458752 kB
VmallocUsed:      119456 kB
VmallocChunk:     152580 kB
Time pass: 190 sec

---2015-12-10 00:29:21
MemTotal:        1862952 kB
MemFree:           43584 kB
Buffers:            5516 kB
Cached:           607008 kB
SwapCached:         6320 kB
Active:           677916 kB
Inactive:         653652 kB
Active(anon):     366792 kB
Inactive(anon):   355728 kB
Active(file):     311124 kB
Inactive(file):   297924 kB
Unevictable:        2576 kB
Mlocked:               0 kB
HighTotal:       1436668 kB
HighFree:           2788 kB
LowTotal:         426284 kB
LowFree:           40796 kB
SwapTotal:       1048572 kB
SwapFree:         978028 kB
Dirty:                52 kB
Writeback:             0 kB
AnonPages:        717540 kB
Mapped:           477108 kB
Shmem:               900 kB
Slab:              43584 kB
SReclaimable:      15012 kB
SUnreclaim:        28572 kB
KernelStack:       12560 kB
PageTables:        44080 kB
NFS_Unstable:          0 kB
Bounce:                0 kB
WritebackTmp:          0 kB
CommitLimit:     1980048 kB
Committed_AS:   87256564 kB
VmallocTotal:     458752 kB
VmallocUsed:      119456 kB
VmallocChunk:     152580 kB
Time pass: 194 sec

---2015-12-10 00:29:21
MemTotal:        1862952 kB
MemFree:           44100 kB
Buffers:            5560 kB
Cached:           607180 kB
SwapCached:         6320 kB
Active:           677672 kB
Inactive:         655624 kB
Active(anon):     368736 kB
Inactive(anon):   355480 kB
Active(file):     308936 kB
Inactive(file):   300144 kB
Unevictable:        2576 kB
Mlocked:               0 kB
HighTotal:       1436668 kB
HighFree:           3156 kB
LowTotal:         426284 kB
LowFree:           40944 kB
SwapTotal:       1048572 kB
SwapFree:         978028 kB
Dirty:                80 kB
Writeback:             0 kB
AnonPages:        719016 kB
Mapped:           474764 kB
Shmem:              1084 kB
Slab:              43776 kB
SReclaimable:      15036 kB
SUnreclaim:        28740 kB
KernelStack:       12544 kB
PageTables:        44124 kB
NFS_Unstable:          0 kB
Bounce:                0 kB
WritebackTmp:          0 kB
CommitLimit:     1980048 kB
Committed_AS:   87260844 kB
VmallocTotal:     458752 kB
VmallocUsed:      119456 kB
VmallocChunk:     152580 kB
Time pass: 198 sec

---2015-12-10 00:29:21
MemTotal:        1862952 kB
MemFree:           44344 kB
Buffers:            5560 kB
Cached:           607192 kB
SwapCached:         6320 kB
Active:           678900 kB
Inactive:         655532 kB
Active(anon):     369804 kB
Inactive(anon):   355548 kB
Active(file):     309096 kB
Inactive(file):   299984 kB
Unevictable:        2576 kB
Mlocked:               0 kB
HighTotal:       1436668 kB
HighFree:           2580 kB
LowTotal:         426284 kB
LowFree:           41764 kB
SwapTotal:       1048572 kB
SwapFree:         978028 kB
Dirty:                 4 kB
Writeback:             0 kB
AnonPages:        720092 kB
Mapped:           474836 kB
Shmem:              1096 kB
Slab:              43632 kB
SReclaimable:      15020 kB
SUnreclaim:        28612 kB
KernelStack:       12480 kB
PageTables:        44108 kB
NFS_Unstable:          0 kB
Bounce:                0 kB
WritebackTmp:          0 kB
CommitLimit:     1980048 kB
Committed_AS:   87262972 kB
VmallocTotal:     458752 kB
VmallocUsed:      119456 kB
VmallocChunk:     152580 kB
Time pass: 202 sec

---2015-12-10 00:29:21
MemTotal:        1862952 kB
MemFree:           42488 kB
Buffers:            5584 kB
Cached:           607252 kB
SwapCached:         6316 kB
Active:           681804 kB
Inactive:         654768 kB
Active(anon):     372684 kB
Inactive(anon):   354784 kB
Active(file):     309120 kB
Inactive(file):   299984 kB
Unevictable:        2576 kB
Mlocked:               0 kB
HighTotal:       1436668 kB
HighFree:           3144 kB
LowTotal:         426284 kB
LowFree:           39344 kB
SwapTotal:       1048572 kB
SwapFree:         978036 kB
Dirty:                 4 kB
Writeback:             0 kB
AnonPages:        722156 kB
Mapped:           474836 kB
Shmem:              1156 kB
Slab:              43668 kB
SReclaimable:      15028 kB
SUnreclaim:        28640 kB
KernelStack:       12576 kB
PageTables:        44136 kB
NFS_Unstable:          0 kB
Bounce:                0 kB
WritebackTmp:          0 kB
CommitLimit:     1980048 kB
Committed_AS:   87267872 kB
VmallocTotal:     458752 kB
VmallocUsed:      119376 kB
VmallocChunk:     152580 kB
Time pass: 205 sec

---2015-12-10 00:29:21
MemTotal:        1862952 kB
MemFree:           42244 kB
Buffers:            5592 kB
Cached:           607252 kB
SwapCached:         6316 kB
Active:           681900 kB
Inactive:         654660 kB
Active(anon):     372780 kB
Inactive(anon):   354668 kB
Active(file):     309120 kB
Inactive(file):   299992 kB
Unevictable:        2576 kB
Mlocked:               0 kB
HighTotal:       1436668 kB
HighFree:           4092 kB
LowTotal:         426284 kB
LowFree:           38152 kB
SwapTotal:       1048572 kB
SwapFree:         978096 kB
Dirty:                32 kB
Writeback:             0 kB
AnonPages:        722180 kB
Mapped:           474712 kB
Shmem:              1156 kB
Slab:              43636 kB
SReclaimable:      15036 kB
SUnreclaim:        28600 kB
KernelStack:       12528 kB
PageTables:        44044 kB
NFS_Unstable:          0 kB
Bounce:                0 kB
WritebackTmp:          0 kB
CommitLimit:     1980048 kB
Committed_AS:   87267380 kB
VmallocTotal:     458752 kB
VmallocUsed:      119376 kB
VmallocChunk:     152580 kB
Time pass: 209 sec

---2015-12-10 00:29:21
MemTotal:        1862952 kB
MemFree:           41792 kB
Buffers:            5608 kB
Cached:           607256 kB
SwapCached:         6304 kB
Active:           682220 kB
Inactive:         654628 kB
Active(anon):     373100 kB
Inactive(anon):   354628 kB
Active(file):     309120 kB
Inactive(file):   300000 kB
Unevictable:        2576 kB
Mlocked:               0 kB
HighTotal:       1436668 kB
HighFree:           3068 kB
LowTotal:         426284 kB
LowFree:           38724 kB
SwapTotal:       1048572 kB
SwapFree:         978164 kB
Dirty:                48 kB
Writeback:             0 kB
AnonPages:        722516 kB
Mapped:           474896 kB
Shmem:              1156 kB
Slab:              43680 kB
SReclaimable:      15020 kB
SUnreclaim:        28660 kB
KernelStack:       12512 kB
PageTables:        44120 kB
NFS_Unstable:          0 kB
Bounce:                0 kB
WritebackTmp:          0 kB
CommitLimit:     1980048 kB
Committed_AS:   87267468 kB
VmallocTotal:     458752 kB
VmallocUsed:      119456 kB
VmallocChunk:     152580 kB
Time pass: 212 sec

---2015-12-10 00:29:21
MemTotal:        1862952 kB
MemFree:           40660 kB
Buffers:            5616 kB
Cached:           607260 kB
SwapCached:         6304 kB
Active:           682788 kB
Inactive:         654648 kB
Active(anon):     373668 kB
Inactive(anon):   354632 kB
Active(file):     309120 kB
Inactive(file):   300016 kB
Unevictable:        2576 kB
Mlocked:               0 kB
HighTotal:       1436668 kB
HighFree:           3608 kB
LowTotal:         426284 kB
LowFree:           37052 kB
SwapTotal:       1048572 kB
SwapFree:         978168 kB
Dirty:                44 kB
Writeback:             0 kB
AnonPages:        722988 kB
Mapped:           474716 kB
Shmem:              1156 kB
Slab:              43644 kB
SReclaimable:      15020 kB
SUnreclaim:        28624 kB
KernelStack:       12528 kB
PageTables:        44120 kB
NFS_Unstable:          0 kB
Bounce:                0 kB
WritebackTmp:          0 kB
CommitLimit:     1980048 kB
Committed_AS:   87269700 kB
VmallocTotal:     458752 kB
VmallocUsed:      119376 kB
VmallocChunk:     152580 kB
Time pass: 216 sec

---2015-12-10 00:29:21
MemTotal:        1862952 kB
MemFree:           40484 kB
Buffers:            5632 kB
Cached:           607260 kB
SwapCached:         6304 kB
Active:           683164 kB
Inactive:         654660 kB
Active(anon):     374044 kB
Inactive(anon):   354628 kB
Active(file):     309120 kB
Inactive(file):   300032 kB
Unevictable:        2576 kB
Mlocked:               0 kB
HighTotal:       1436668 kB
HighFree:           3116 kB
LowTotal:         426284 kB
LowFree:           37368 kB
SwapTotal:       1048572 kB
SwapFree:         978176 kB
Dirty:                52 kB
Writeback:             0 kB
AnonPages:        723288 kB
Mapped:           474716 kB
Shmem:              1156 kB
Slab:              43676 kB
SReclaimable:      15020 kB
SUnreclaim:        28656 kB
KernelStack:       12592 kB
PageTables:        44044 kB
NFS_Unstable:          0 kB
Bounce:                0 kB
WritebackTmp:          0 kB
CommitLimit:     1980048 kB
Committed_AS:   87269796 kB
VmallocTotal:     458752 kB
VmallocUsed:      119376 kB
VmallocChunk:     152580 kB
Time pass: 220 sec

---2015-12-10 00:29:21
MemTotal:        1862952 kB
MemFree:           38220 kB
Buffers:            5652 kB
Cached:           607312 kB
SwapCached:         6308 kB
Active:           685240 kB
Inactive:         654688 kB
Active(anon):     376080 kB
Inactive(anon):   354628 kB
Active(file):     309160 kB
Inactive(file):   300060 kB
Unevictable:        2576 kB
Mlocked:               0 kB
HighTotal:       1436668 kB
HighFree:           2456 kB
LowTotal:         426284 kB
LowFree:           35764 kB
SwapTotal:       1048572 kB
SwapFree:         978176 kB
Dirty:                40 kB
Writeback:             0 kB
AnonPages:        725408 kB
Mapped:           474968 kB
Shmem:              1168 kB
Slab:              43684 kB
SReclaimable:      15020 kB
SUnreclaim:        28664 kB
KernelStack:       12592 kB
PageTables:        44128 kB
NFS_Unstable:          0 kB
Bounce:                0 kB
WritebackTmp:          0 kB
CommitLimit:     1980048 kB
Committed_AS:   87273388 kB
VmallocTotal:     458752 kB
VmallocUsed:      119456 kB
VmallocChunk:     152580 kB
Time pass: 223 sec

---2015-12-10 00:29:21
MemTotal:        1862952 kB
MemFree:           38196 kB
Buffers:            5676 kB
Cached:           607304 kB
SwapCached:         6308 kB
Active:           684868 kB
Inactive:         654704 kB
Active(anon):     375700 kB
Inactive(anon):   354636 kB
Active(file):     309168 kB
Inactive(file):   300068 kB
Unevictable:        2576 kB
Mlocked:               0 kB
HighTotal:       1436668 kB
HighFree:           3252 kB
LowTotal:         426284 kB
LowFree:           34944 kB
SwapTotal:       1048572 kB
SwapFree:         978180 kB
Dirty:                56 kB
Writeback:             0 kB
AnonPages:        725048 kB
Mapped:           474968 kB
Shmem:              1168 kB
Slab:              43680 kB
SReclaimable:      15020 kB
SUnreclaim:        28660 kB
KernelStack:       12584 kB
PageTables:        44128 kB
NFS_Unstable:          0 kB
Bounce:                0 kB
WritebackTmp:          0 kB
CommitLimit:     1980048 kB
Committed_AS:   87273564 kB
VmallocTotal:     458752 kB
VmallocUsed:      119456 kB
VmallocChunk:     152580 kB
Time pass: 227 sec

---2015-12-10 00:29:21
MemTotal:        1862952 kB
MemFree:           37172 kB
Buffers:            5676 kB
Cached:           607312 kB
SwapCached:         6304 kB
Active:           685104 kB
Inactive:         654720 kB
Active(anon):     375944 kB
Inactive(anon):   354636 kB
Active(file):     309160 kB
Inactive(file):   300084 kB
Unevictable:        2576 kB
Mlocked:               0 kB
HighTotal:       1436668 kB
HighFree:           3308 kB
LowTotal:         426284 kB
LowFree:           33864 kB
SwapTotal:       1048572 kB
SwapFree:         978184 kB
Dirty:                 4 kB
Writeback:             0 kB
AnonPages:        725408 kB
Mapped:           474984 kB
Shmem:              1168 kB
Slab:              43740 kB
SReclaimable:      15036 kB
SUnreclaim:        28704 kB
KernelStack:       12544 kB
PageTables:        44128 kB
NFS_Unstable:          0 kB
Bounce:                0 kB
WritebackTmp:          0 kB
CommitLimit:     1980048 kB
Committed_AS:   87273644 kB
VmallocTotal:     458752 kB
VmallocUsed:      119456 kB
VmallocChunk:     152580 kB
Time pass: 231 sec

---2015-12-10 00:29:21
MemTotal:        1862952 kB
MemFree:           38336 kB
Buffers:            5684 kB
Cached:           607312 kB
SwapCached:         6304 kB
Active:           685148 kB
Inactive:         654724 kB
Active(anon):     375988 kB
Inactive(anon):   354636 kB
Active(file):     309160 kB
Inactive(file):   300088 kB
Unevictable:        2576 kB
Mlocked:               0 kB
HighTotal:       1436668 kB
HighFree:           3228 kB
LowTotal:         426284 kB
LowFree:           35108 kB
SwapTotal:       1048572 kB
SwapFree:         978184 kB
Dirty:                32 kB
Writeback:             0 kB
AnonPages:        725356 kB
Mapped:           474984 kB
Shmem:              1168 kB
Slab:              43732 kB
SReclaimable:      15036 kB
SUnreclaim:        28696 kB
KernelStack:       12536 kB
PageTables:        44128 kB
NFS_Unstable:          0 kB
Bounce:                0 kB
WritebackTmp:          0 kB
CommitLimit:     1980048 kB
Committed_AS:   87273844 kB
VmallocTotal:     458752 kB
VmallocUsed:      119456 kB
VmallocChunk:     152580 kB
Time pass: 234 sec

---2015-12-10 00:29:21
MemTotal:        1862952 kB
MemFree:           39168 kB
Buffers:            5700 kB
Cached:           607316 kB
SwapCached:         6304 kB
Active:           684084 kB
Inactive:         654704 kB
Active(anon):     374924 kB
Inactive(anon):   354596 kB
Active(file):     309160 kB
Inactive(file):   300108 kB
Unevictable:        2576 kB
Mlocked:               0 kB
HighTotal:       1436668 kB
HighFree:           3952 kB
LowTotal:         426284 kB
LowFree:           35216 kB
SwapTotal:       1048572 kB
SwapFree:         978188 kB
Dirty:                44 kB
Writeback:             0 kB
AnonPages:        724232 kB
Mapped:           474804 kB
Shmem:              1172 kB
Slab:              43772 kB
SReclaimable:      15044 kB
SUnreclaim:        28728 kB
KernelStack:       12536 kB
PageTables:        44128 kB
NFS_Unstable:          0 kB
Bounce:                0 kB
WritebackTmp:          0 kB
CommitLimit:     1980048 kB
Committed_AS:   87273924 kB
VmallocTotal:     458752 kB
VmallocUsed:      119376 kB
VmallocChunk:     152580 kB
Time pass: 238 sec

---2015-12-10 00:29:21
MemTotal:        1862952 kB
MemFree:           38548 kB
Buffers:            5708 kB
Cached:           607320 kB
SwapCached:         6304 kB
Active:           685168 kB
Inactive:         654712 kB
Active(anon):     376008 kB
Inactive(anon):   354596 kB
Active(file):     309160 kB
Inactive(file):   300116 kB
Unevictable:        2576 kB
Mlocked:               0 kB
HighTotal:       1436668 kB
HighFree:           2924 kB
LowTotal:         426284 kB
LowFree:           35624 kB
SwapTotal:       1048572 kB
SwapFree:         978188 kB
Dirty:                36 kB
Writeback:             0 kB
AnonPages:        725316 kB
Mapped:           474804 kB
Shmem:              1172 kB
Slab:              43776 kB
SReclaimable:      15044 kB
SUnreclaim:        28732 kB
KernelStack:       12568 kB
PageTables:        44128 kB
NFS_Unstable:          0 kB
Bounce:                0 kB
WritebackTmp:          0 kB
CommitLimit:     1980048 kB
Committed_AS:   87274004 kB
VmallocTotal:     458752 kB
VmallocUsed:      119456 kB
VmallocChunk:     152580 kB
Time pass: 242 sec

---2015-12-10 00:29:21
MemTotal:        1862952 kB
MemFree:           37248 kB
Buffers:            5724 kB
Cached:           607328 kB
SwapCached:         6348 kB
Active:           686276 kB
Inactive:         654780 kB
Active(anon):     377112 kB
Inactive(anon):   354648 kB
Active(file):     309164 kB
Inactive(file):   300132 kB
Unevictable:        2576 kB
Mlocked:               0 kB
HighTotal:       1436668 kB
HighFree:           3156 kB
LowTotal:         426284 kB
LowFree:           34092 kB
SwapTotal:       1048572 kB
SwapFree:         978248 kB
Dirty:                 0 kB
Writeback:             0 kB
AnonPages:        726392 kB
Mapped:           475016 kB
Shmem:              1180 kB
Slab:              43740 kB
SReclaimable:      15044 kB
SUnreclaim:        28696 kB
KernelStack:       12544 kB
PageTables:        44128 kB
NFS_Unstable:          0 kB
Bounce:                0 kB
WritebackTmp:          0 kB
CommitLimit:     1980048 kB
Committed_AS:   87274204 kB
VmallocTotal:     458752 kB
VmallocUsed:      119376 kB
VmallocChunk:     152580 kB
Time pass: 245 sec

---2015-12-10 00:29:21
MemTotal:        1862952 kB
MemFree:           34808 kB
Buffers:            5748 kB
Cached:           607332 kB
SwapCached:         6348 kB
Active:           688944 kB
Inactive:         654808 kB
Active(anon):     379780 kB
Inactive(anon):   354648 kB
Active(file):     309164 kB
Inactive(file):   300160 kB
Unevictable:        2576 kB
Mlocked:               0 kB
HighTotal:       1436668 kB
HighFree:           2876 kB
LowTotal:         426284 kB
LowFree:           31932 kB
SwapTotal:       1048572 kB
SwapFree:         978248 kB
Dirty:                52 kB
Writeback:             0 kB
AnonPages:        729104 kB
Mapped:           475080 kB
Shmem:              1184 kB
Slab:              43740 kB
SReclaimable:      15052 kB
SUnreclaim:        28688 kB
KernelStack:       12560 kB
PageTables:        44132 kB
NFS_Unstable:          0 kB
Bounce:                0 kB
WritebackTmp:          0 kB
CommitLimit:     1980048 kB
Committed_AS:   87277796 kB
VmallocTotal:     458752 kB
VmallocUsed:      119456 kB
VmallocChunk:     152580 kB
Time pass: 249 sec

---2015-12-10 00:29:21
MemTotal:        1862952 kB
MemFree:           36512 kB
Buffers:            5764 kB
Cached:           607332 kB
SwapCached:         6348 kB
Active:           688196 kB
Inactive:         654808 kB
Active(anon):     379032 kB
Inactive(anon):   354648 kB
Active(file):     309164 kB
Inactive(file):   300160 kB
Unevictable:        2576 kB
Mlocked:               0 kB
HighTotal:       1436668 kB
HighFree:           4204 kB
LowTotal:         426284 kB
LowFree:           32308 kB
SwapTotal:       1048572 kB
SwapFree:         978248 kB
Dirty:                 0 kB
Writeback:             0 kB
AnonPages:        728368 kB
Mapped:           474896 kB
Shmem:              1184 kB
Slab:              43720 kB
SReclaimable:      15052 kB
SUnreclaim:        28668 kB
KernelStack:       12496 kB
PageTables:        44132 kB
NFS_Unstable:          0 kB
Bounce:                0 kB
WritebackTmp:          0 kB
CommitLimit:     1980048 kB
Committed_AS:   87277876 kB
VmallocTotal:     458752 kB
VmallocUsed:      119456 kB
VmallocChunk:     152580 kB
Time pass: 252 sec

---2015-12-10 00:29:21
MemTotal:        1862952 kB
MemFree:           34820 kB
Buffers:            5764 kB
Cached:           607332 kB
SwapCached:         6348 kB
Active:           689400 kB
Inactive:         654820 kB
Active(anon):     380236 kB
Inactive(anon):   354648 kB
Active(file):     309164 kB
Inactive(file):   300172 kB
Unevictable:        2576 kB
Mlocked:               0 kB
HighTotal:       1436668 kB
HighFree:           2556 kB
LowTotal:         426284 kB
LowFree:           32264 kB
SwapTotal:       1048572 kB
SwapFree:         978248 kB
Dirty:                 4 kB
Writeback:             0 kB
AnonPages:        729396 kB
Mapped:           475020 kB
Shmem:              1184 kB
Slab:              43760 kB
SReclaimable:      15052 kB
SUnreclaim:        28708 kB
KernelStack:       12544 kB
PageTables:        44132 kB
NFS_Unstable:          0 kB
Bounce:                0 kB
WritebackTmp:          0 kB
CommitLimit:     1980048 kB
Committed_AS:   87278084 kB
VmallocTotal:     458752 kB
VmallocUsed:      119376 kB
VmallocChunk:     152580 kB
Time pass: 256 sec

---2015-12-10 00:29:21
MemTotal:        1862952 kB
MemFree:           33388 kB
Buffers:            5788 kB
Cached:           607332 kB
SwapCached:         6348 kB
Active:           690256 kB
Inactive:         654844 kB
Active(anon):     381092 kB
Inactive(anon):   354648 kB
Active(file):     309164 kB
Inactive(file):   300196 kB
Unevictable:        2576 kB
Mlocked:               0 kB
HighTotal:       1436668 kB
HighFree:           2560 kB
LowTotal:         426284 kB
LowFree:           30828 kB
SwapTotal:       1048572 kB
SwapFree:         978248 kB
Dirty:                44 kB
Writeback:             0 kB
AnonPages:        730424 kB
Mapped:           474968 kB
Shmem:              1184 kB
Slab:              43760 kB
SReclaimable:      15052 kB
SUnreclaim:        28708 kB
KernelStack:       12576 kB
PageTables:        44056 kB
NFS_Unstable:          0 kB
Bounce:                0 kB
WritebackTmp:          0 kB
CommitLimit:     1980048 kB
Committed_AS:   87278164 kB
VmallocTotal:     458752 kB
VmallocUsed:      119376 kB
VmallocChunk:     152580 kB
Time pass: 260 sec

---2015-12-10 00:29:21
MemTotal:        1862952 kB
MemFree:           33968 kB
Buffers:            5788 kB
Cached:           607332 kB
SwapCached:         6348 kB
Active:           690076 kB
Inactive:         654844 kB
Active(anon):     380912 kB
Inactive(anon):   354648 kB
Active(file):     309164 kB
Inactive(file):   300196 kB
Unevictable:        2576 kB
Mlocked:               0 kB
HighTotal:       1436668 kB
HighFree:           2568 kB
LowTotal:         426284 kB
LowFree:           31400 kB
SwapTotal:       1048572 kB
SwapFree:         978256 kB
Dirty:                 0 kB
Writeback:             0 kB
AnonPages:        730272 kB
Mapped:           474896 kB
Shmem:              1184 kB
Slab:              43756 kB
SReclaimable:      15052 kB
SUnreclaim:        28704 kB
KernelStack:       12536 kB
PageTables:        44132 kB
NFS_Unstable:          0 kB
Bounce:                0 kB
WritebackTmp:          0 kB
CommitLimit:     1980048 kB
Committed_AS:   87278228 kB
VmallocTotal:     458752 kB
VmallocUsed:      119456 kB
VmallocChunk:     152580 kB
Time pass: 263 sec

---2015-12-10 00:29:21
MemTotal:        1862952 kB
MemFree:           33356 kB
Buffers:            5812 kB
Cached:           607320 kB
SwapCached:         6348 kB
Active:           690440 kB
Inactive:         654844 kB
Active(anon):     381276 kB
Inactive(anon):   354648 kB
Active(file):     309164 kB
Inactive(file):   300196 kB
Unevictable:        2576 kB
Mlocked:               0 kB
HighTotal:       1436668 kB
HighFree:           2568 kB
LowTotal:         426284 kB
LowFree:           30788 kB
SwapTotal:       1048572 kB
SwapFree:         978256 kB
Dirty:                44 kB
Writeback:             0 kB
AnonPages:        730680 kB
Mapped:           474880 kB
Shmem:              1184 kB
Slab:              43736 kB
SReclaimable:      15052 kB
SUnreclaim:        28684 kB
KernelStack:       12584 kB
PageTables:        44132 kB
NFS_Unstable:          0 kB
Bounce:                0 kB
WritebackTmp:          0 kB
CommitLimit:     1980048 kB
Committed_AS:   87278452 kB
VmallocTotal:     458752 kB
VmallocUsed:      119456 kB
VmallocChunk:     152580 kB
Time pass: 267 sec

---2015-12-10 00:29:21
MemTotal:        1862952 kB
MemFree:           33136 kB
Buffers:            5812 kB
Cached:           607336 kB
SwapCached:         6344 kB
Active:           690136 kB
Inactive:         654868 kB
Active(anon):     380968 kB
Inactive(anon):   354648 kB
Active(file):     309168 kB
Inactive(file):   300220 kB
Unevictable:        2576 kB
Mlocked:               0 kB
HighTotal:       1436668 kB
HighFree:           2564 kB
LowTotal:         426284 kB
LowFree:           30572 kB
SwapTotal:       1048572 kB
SwapFree:         978260 kB
Dirty:                 4 kB
Writeback:             0 kB
AnonPages:        730292 kB
Mapped:           475004 kB
Shmem:              1184 kB
Slab:              43728 kB
SReclaimable:      15052 kB
SUnreclaim:        28676 kB
KernelStack:       12552 kB
PageTables:        44132 kB
NFS_Unstable:          0 kB
Bounce:                0 kB
WritebackTmp:          0 kB
CommitLimit:     1980048 kB
Committed_AS:   87278516 kB
VmallocTotal:     458752 kB
VmallocUsed:      119376 kB
VmallocChunk:     152580 kB
Time pass: 271 sec

---2015-12-10 00:29:21
MemTotal:        1862952 kB
MemFree:           33176 kB
Buffers:            5820 kB
Cached:           607336 kB
SwapCached:         6344 kB
Active:           690728 kB
Inactive:         654832 kB
Active(anon):     381560 kB
Inactive(anon):   354604 kB
Active(file):     309168 kB
Inactive(file):   300228 kB
Unevictable:        2576 kB
Mlocked:               0 kB
HighTotal:       1436668 kB
HighFree:           2828 kB
LowTotal:         426284 kB
LowFree:           30348 kB
SwapTotal:       1048572 kB
SwapFree:         978264 kB
Dirty:                36 kB
Writeback:             0 kB
AnonPages:        730824 kB
Mapped:           474896 kB
Shmem:              1184 kB
Slab:              43728 kB
SReclaimable:      15052 kB
SUnreclaim:        28676 kB
KernelStack:       12576 kB
PageTables:        44132 kB
NFS_Unstable:          0 kB
Bounce:                0 kB
WritebackTmp:          0 kB
CommitLimit:     1980048 kB
Committed_AS:   87278604 kB
VmallocTotal:     458752 kB
VmallocUsed:      119376 kB
VmallocChunk:     152580 kB
Time pass: 274 sec

---2015-12-10 00:29:21
MemTotal:        1862952 kB
MemFree:           30396 kB
Buffers:            5836 kB
Cached:           607612 kB
SwapCached:         6344 kB
Active:           693404 kB
Inactive:         655080 kB
Active(anon):     384236 kB
Inactive(anon):   354836 kB
Active(file):     309168 kB
Inactive(file):   300244 kB
Unevictable:        2576 kB
Mlocked:               0 kB
HighTotal:       1436668 kB
HighFree:           2528 kB
LowTotal:         426284 kB
LowFree:           27868 kB
SwapTotal:       1048572 kB
SwapFree:         978264 kB
Dirty:                44 kB
Writeback:             0 kB
AnonPages:        733476 kB
Mapped:           475244 kB
Shmem:              1460 kB
Slab:              43768 kB
SReclaimable:      15052 kB
SUnreclaim:        28716 kB
KernelStack:       12544 kB
PageTables:        44116 kB
NFS_Unstable:          0 kB
Bounce:                0 kB
WritebackTmp:          0 kB
CommitLimit:     1980048 kB
Committed_AS:   87278804 kB
VmallocTotal:     458752 kB
VmallocUsed:      119376 kB
VmallocChunk:     152580 kB
Time pass: 278 sec

---2015-12-10 00:29:21
MemTotal:        1862952 kB
MemFree:           33808 kB
Buffers:            5844 kB
Cached:           607612 kB
SwapCached:         6344 kB
Active:           689744 kB
Inactive:         655128 kB
Active(anon):     380576 kB
Inactive(anon):   354880 kB
Active(file):     309168 kB
Inactive(file):   300248 kB
Unevictable:        2576 kB
Mlocked:               0 kB
HighTotal:       1436668 kB
HighFree:           3768 kB
LowTotal:         426284 kB
LowFree:           30040 kB
SwapTotal:       1048572 kB
SwapFree:         978264 kB
Dirty:                32 kB
Writeback:             0 kB
AnonPages:        729800 kB
Mapped:           475296 kB
Shmem:              1460 kB
Slab:              43736 kB
SReclaimable:      15052 kB
SUnreclaim:        28684 kB
KernelStack:       12544 kB
PageTables:        44132 kB
NFS_Unstable:          0 kB
Bounce:                0 kB
WritebackTmp:          0 kB
CommitLimit:     1980048 kB
Committed_AS:   87278844 kB
VmallocTotal:     458752 kB
VmallocUsed:      119376 kB
VmallocChunk:     152580 kB
Time pass: 281 sec

---2015-12-10 00:29:21
MemTotal:        1862952 kB
MemFree:           31336 kB
Buffers:            5860 kB
Cached:           607612 kB
SwapCached:         6344 kB
Active:           690864 kB
Inactive:         655144 kB
Active(anon):     381696 kB
Inactive(anon):   354876 kB
Active(file):     309168 kB
Inactive(file):   300268 kB
Unevictable:        2576 kB
Mlocked:               0 kB
HighTotal:       1436668 kB
HighFree:           2652 kB
LowTotal:         426284 kB
LowFree:           28684 kB
SwapTotal:       1048572 kB
SwapFree:         978272 kB
Dirty:                 0 kB
Writeback:             0 kB
AnonPages:        730976 kB
Mapped:           475172 kB
Shmem:              1460 kB
Slab:              43768 kB
SReclaimable:      15044 kB
SUnreclaim:        28724 kB
KernelStack:       12536 kB
PageTables:        44128 kB
NFS_Unstable:          0 kB
Bounce:                0 kB
WritebackTmp:          0 kB
CommitLimit:     1980048 kB
Committed_AS:   87279004 kB
VmallocTotal:     458752 kB
VmallocUsed:      119456 kB
VmallocChunk:     152580 kB
Time pass: 285 sec

---2015-12-10 00:29:21
MemTotal:        1862952 kB
MemFree:           30456 kB
Buffers:            5868 kB
Cached:           607604 kB
SwapCached:         6344 kB
Active:           691764 kB
Inactive:         655096 kB
Active(anon):     382596 kB
Inactive(anon):   354828 kB
Active(file):     309168 kB
Inactive(file):   300268 kB
Unevictable:        2576 kB
Mlocked:               0 kB
HighTotal:       1436668 kB
HighFree:           2524 kB
LowTotal:         426284 kB
LowFree:           27932 kB
SwapTotal:       1048572 kB
SwapFree:         978316 kB
Dirty:                 0 kB
Writeback:             0 kB
AnonPages:        731628 kB
Mapped:           475172 kB
Shmem:              1460 kB
Slab:              43764 kB
SReclaimable:      15044 kB
SUnreclaim:        28720 kB
KernelStack:       12528 kB
PageTables:        44128 kB
NFS_Unstable:          0 kB
Bounce:                0 kB
WritebackTmp:          0 kB
CommitLimit:     1980048 kB
Committed_AS:   87279076 kB
VmallocTotal:     458752 kB
VmallocUsed:      119456 kB
VmallocChunk:     152580 kB
Time pass: 289 sec

---2015-12-10 00:29:21
MemTotal:        1862952 kB
MemFree:           31548 kB
Buffers:            5884 kB
Cached:           607616 kB
SwapCached:         6388 kB
Active:           690964 kB
Inactive:         655160 kB
Active(anon):     381796 kB
Inactive(anon):   354868 kB
Active(file):     309168 kB
Inactive(file):   300292 kB
Unevictable:        2576 kB
Mlocked:               0 kB
HighTotal:       1436668 kB
HighFree:           3672 kB
LowTotal:         426284 kB
LowFree:           27876 kB
SwapTotal:       1048572 kB
SwapFree:         978388 kB
Dirty:                48 kB
Writeback:             0 kB
AnonPages:        731040 kB
Mapped:           475296 kB
Shmem:              1460 kB
Slab:              43800 kB
SReclaimable:      15044 kB
SUnreclaim:        28756 kB
KernelStack:       12536 kB
PageTables:        44128 kB
NFS_Unstable:          0 kB
Bounce:                0 kB
WritebackTmp:          0 kB
CommitLimit:     1980048 kB
Committed_AS:   87279172 kB
VmallocTotal:     458752 kB
VmallocUsed:      119376 kB
VmallocChunk:     152580 kB
Time pass: 292 sec

---2015-12-10 00:29:21
MemTotal:        1862952 kB
MemFree:           30192 kB
Buffers:            5892 kB
Cached:           607608 kB
SwapCached:         6388 kB
Active:           692060 kB
Inactive:         655164 kB
Active(anon):     382888 kB
Inactive(anon):   354872 kB
Active(file):     309172 kB
Inactive(file):   300292 kB
Unevictable:        2576 kB
Mlocked:               0 kB
HighTotal:       1436668 kB
HighFree:           3184 kB
LowTotal:         426284 kB
LowFree:           27008 kB
SwapTotal:       1048572 kB
SwapFree:         978392 kB
Dirty:                 4 kB
Writeback:             0 kB
AnonPages:        732192 kB
Mapped:           475304 kB
Shmem:              1460 kB
Slab:              43956 kB
SReclaimable:      15044 kB
SUnreclaim:        28912 kB
KernelStack:       12576 kB
PageTables:        44112 kB
NFS_Unstable:          0 kB
Bounce:                0 kB
WritebackTmp:          0 kB
CommitLimit:     1980048 kB
Committed_AS:   87279380 kB
VmallocTotal:     458752 kB
VmallocUsed:      119456 kB
VmallocChunk:     152580 kB
Time pass: 296 sec

---2015-12-10 00:29:21
MemTotal:        1862952 kB
MemFree:           29816 kB
Buffers:            5908 kB
Cached:           607616 kB
SwapCached:         6388 kB
Active:           692776 kB
Inactive:         655188 kB
Active(anon):     383604 kB
Inactive(anon):   354872 kB
Active(file):     309172 kB
Inactive(file):   300316 kB
Unevictable:        2576 kB
Mlocked:               0 kB
HighTotal:       1436668 kB
HighFree:           2764 kB
LowTotal:         426284 kB
LowFree:           27052 kB
SwapTotal:       1048572 kB
SwapFree:         978392 kB
Dirty:                40 kB
Writeback:             0 kB
AnonPages:        732844 kB
Mapped:           475172 kB
Shmem:              1460 kB
Slab:              43944 kB
SReclaimable:      15044 kB
SUnreclaim:        28900 kB
KernelStack:       12544 kB
PageTables:        44128 kB
NFS_Unstable:          0 kB
Bounce:                0 kB
WritebackTmp:          0 kB
CommitLimit:     1980048 kB
Committed_AS:   87279428 kB
VmallocTotal:     458752 kB
VmallocUsed:      119376 kB
VmallocChunk:     152580 kB
Time pass: 299 sec

---2015-12-10 00:29:21
MemTotal:        1862952 kB
MemFree:           28392 kB
Buffers:            5908 kB
Cached:           607616 kB
SwapCached:         6388 kB
Active:           694976 kB
Inactive:         655184 kB
Active(anon):     385804 kB
Inactive(anon):   354868 kB
Active(file):     309172 kB
Inactive(file):   300316 kB
Unevictable:        2576 kB
Mlocked:               0 kB
HighTotal:       1436668 kB
HighFree:           2516 kB
LowTotal:         426284 kB
LowFree:           25876 kB
SwapTotal:       1048572 kB
SwapFree:         978396 kB
Dirty:                 4 kB
Writeback:             0 kB
AnonPages:        735004 kB
Mapped:           475300 kB
Shmem:              1460 kB
Slab:              43936 kB
SReclaimable:      15044 kB
SUnreclaim:        28892 kB
KernelStack:       12568 kB
PageTables:        44128 kB
NFS_Unstable:          0 kB
Bounce:                0 kB
WritebackTmp:          0 kB
CommitLimit:     1980048 kB
Committed_AS:   87279532 kB
VmallocTotal:     458752 kB
VmallocUsed:      119376 kB
VmallocChunk:     152580 kB
Time pass: 303 sec

---2015-12-10 00:29:21
MemTotal:        1862952 kB
MemFree:           33312 kB
Buffers:            5924 kB
Cached:           605028 kB
SwapCached:         6412 kB
Active:           675140 kB
Inactive:         669868 kB
Active(anon):     368676 kB
Inactive(anon):   369416 kB
Active(file):     306464 kB
Inactive(file):   300452 kB
Unevictable:        2576 kB
Mlocked:               0 kB
HighTotal:       1436668 kB
HighFree:           4040 kB
LowTotal:         426284 kB
LowFree:           29272 kB
SwapTotal:       1048572 kB
SwapFree:         977340 kB
Dirty:                44 kB
Writeback:             0 kB
AnonPages:        732380 kB
Mapped:           475176 kB
Shmem:              1460 kB
Slab:              43880 kB
SReclaimable:      15044 kB
SUnreclaim:        28836 kB
KernelStack:       12536 kB
PageTables:        44132 kB
NFS_Unstable:          0 kB
Bounce:                0 kB
WritebackTmp:          0 kB
CommitLimit:     1980048 kB
Committed_AS:   87279684 kB
VmallocTotal:     458752 kB
VmallocUsed:      119456 kB
VmallocChunk:     152580 kB
Time pass: 307 sec

---2015-12-10 00:29:21
MemTotal:        1862952 kB
MemFree:           32528 kB
Buffers:            5932 kB
Cached:           605028 kB
SwapCached:         6412 kB
Active:           675560 kB
Inactive:         669884 kB
Active(anon):     369096 kB
Inactive(anon):   369424 kB
Active(file):     306464 kB
Inactive(file):   300460 kB
Unevictable:        2576 kB
Mlocked:               0 kB
HighTotal:       1436668 kB
HighFree:           3212 kB
LowTotal:         426284 kB
LowFree:           29316 kB
SwapTotal:       1048572 kB
SwapFree:         977340 kB
Dirty:                 4 kB
Writeback:             0 kB
AnonPages:        732836 kB
Mapped:           475360 kB
Shmem:              1460 kB
Slab:              43816 kB
SReclaimable:      15044 kB
SUnreclaim:        28772 kB
KernelStack:       12520 kB
PageTables:        44132 kB
NFS_Unstable:          0 kB
Bounce:                0 kB
WritebackTmp:          0 kB
CommitLimit:     1980048 kB
Committed_AS:   87279772 kB
VmallocTotal:     458752 kB
VmallocUsed:      119456 kB
VmallocChunk:     152580 kB
Time pass: 311 sec

---2015-12-10 00:29:21
MemTotal:        1862952 kB
MemFree:           33016 kB
Buffers:            5948 kB
Cached:           605028 kB
SwapCached:         6412 kB
Active:           676036 kB
Inactive:         669904 kB
Active(anon):     369572 kB
Inactive(anon):   369428 kB
Active(file):     306464 kB
Inactive(file):   300476 kB
Unevictable:        2576 kB
Mlocked:               0 kB
HighTotal:       1436668 kB
HighFree:           2460 kB
LowTotal:         426284 kB
LowFree:           30556 kB
SwapTotal:       1048572 kB
SwapFree:         977344 kB
Dirty:                40 kB
Writeback:             0 kB
AnonPages:        733340 kB
Mapped:           475176 kB
Shmem:              1460 kB
Slab:              43860 kB
SReclaimable:      15044 kB
SUnreclaim:        28816 kB
KernelStack:       12528 kB
PageTables:        44132 kB
NFS_Unstable:          0 kB
Bounce:                0 kB
WritebackTmp:          0 kB
CommitLimit:     1980048 kB
Committed_AS:   87279836 kB
VmallocTotal:     458752 kB
VmallocUsed:      119376 kB
VmallocChunk:     152580 kB
Time pass: 314 sec

---2015-12-10 00:29:21
MemTotal:        1862952 kB
MemFree:           31972 kB
Buffers:            5968 kB
Cached:           605232 kB
SwapCached:         6416 kB
Active:           674704 kB
Inactive:         670432 kB
Active(anon):     368532 kB
Inactive(anon):   369440 kB
Active(file):     306172 kB
Inactive(file):   300992 kB
Unevictable:        2576 kB
Mlocked:               0 kB
HighTotal:       1436668 kB
HighFree:           3312 kB
LowTotal:         426284 kB
LowFree:           28660 kB
SwapTotal:       1048572 kB
SwapFree:         977348 kB
Dirty:                88 kB
Writeback:             0 kB
AnonPages:        732376 kB
Mapped:           475380 kB
Shmem:              1460 kB
Slab:              43872 kB
SReclaimable:      15044 kB
SUnreclaim:        28828 kB
KernelStack:       12520 kB
PageTables:        44132 kB
NFS_Unstable:          0 kB
Bounce:                0 kB
WritebackTmp:          0 kB
CommitLimit:     1980048 kB
Committed_AS:   87274440 kB
VmallocTotal:     458752 kB
VmallocUsed:      119456 kB
VmallocChunk:     152580 kB
Time pass: 318 sec

---2015-12-10 00:29:21
MemTotal:        1862952 kB
MemFree:           37464 kB
Buffers:            5984 kB
Cached:           605232 kB
SwapCached:         6416 kB
Active:           670096 kB
Inactive:         670196 kB
Active(anon):     363680 kB
Inactive(anon):   369432 kB
Active(file):     306416 kB
Inactive(file):   300764 kB
Unevictable:        2576 kB
Mlocked:               0 kB
HighTotal:       1436668 kB
HighFree:           5940 kB
LowTotal:         426284 kB
LowFree:           31524 kB
SwapTotal:       1048572 kB
SwapFree:         977348 kB
Dirty:                 4 kB
Writeback:             0 kB
AnonPages:        727340 kB
Mapped:           475320 kB
Shmem:              1460 kB
Slab:              43840 kB
SReclaimable:      15044 kB
SUnreclaim:        28796 kB
KernelStack:       12520 kB
PageTables:        44132 kB
NFS_Unstable:          0 kB
Bounce:                0 kB
WritebackTmp:          0 kB
CommitLimit:     1980048 kB
Committed_AS:   87274404 kB
VmallocTotal:     458752 kB
VmallocUsed:      119376 kB
VmallocChunk:     152580 kB
Time pass: 321 sec

---2015-12-10 00:29:21
MemTotal:        1862952 kB
MemFree:           37036 kB
Buffers:            5992 kB
Cached:           605232 kB
SwapCached:         6416 kB
Active:           670056 kB
Inactive:         670180 kB
Active(anon):     363616 kB
Inactive(anon):   369432 kB
Active(file):     306440 kB
Inactive(file):   300748 kB
Unevictable:        2576 kB
Mlocked:               0 kB
HighTotal:       1436668 kB
HighFree:           4344 kB
LowTotal:         426284 kB
LowFree:           32692 kB
SwapTotal:       1048572 kB
SwapFree:         977348 kB
Dirty:                32 kB
Writeback:             0 kB
AnonPages:        727468 kB
Mapped:           475320 kB
Shmem:              1460 kB
Slab:              43880 kB
SReclaimable:      15044 kB
SUnreclaim:        28836 kB
KernelStack:       12520 kB
PageTables:        44132 kB
NFS_Unstable:          0 kB
Bounce:                0 kB
WritebackTmp:          0 kB
CommitLimit:     1980048 kB
Committed_AS:   87274564 kB
VmallocTotal:     458752 kB
VmallocUsed:      119376 kB
VmallocChunk:     152580 kB
Time pass: 325 sec

---2015-12-10 00:29:21
MemTotal:        1862952 kB
MemFree:           36640 kB
Buffers:            6008 kB
Cached:           605232 kB
SwapCached:         6416 kB
Active:           671920 kB
Inactive:         670192 kB
Active(anon):     365480 kB
Inactive(anon):   369428 kB
Active(file):     306440 kB
Inactive(file):   300764 kB
Unevictable:        2576 kB
Mlocked:               0 kB
HighTotal:       1436668 kB
HighFree:           3156 kB
LowTotal:         426284 kB
LowFree:           33484 kB
SwapTotal:       1048572 kB
SwapFree:         977348 kB
Dirty:                 4 kB
Writeback:             0 kB
AnonPages:        729332 kB
Mapped:           475268 kB
Shmem:              1460 kB
Slab:              43968 kB
SReclaimable:      15044 kB
SUnreclaim:        28924 kB
KernelStack:       12472 kB
PageTables:        44116 kB
NFS_Unstable:          0 kB
Bounce:                0 kB
WritebackTmp:          0 kB
CommitLimit:     1980048 kB
Committed_AS:   87275332 kB
VmallocTotal:     458752 kB
VmallocUsed:      119376 kB
VmallocChunk:     152580 kB
Time pass: 331 sec

---2015-12-10 00:29:21
MemTotal:        1862952 kB
MemFree:           38248 kB
Buffers:            6032 kB
Cached:           605236 kB
SwapCached:         6416 kB
Active:           669196 kB
Inactive:         670224 kB
Active(anon):     362756 kB
Inactive(anon):   369432 kB
Active(file):     306440 kB
Inactive(file):   300792 kB
Unevictable:        2576 kB
Mlocked:               0 kB
HighTotal:       1436668 kB
HighFree:           2460 kB
LowTotal:         426284 kB
LowFree:           35788 kB
SwapTotal:       1048572 kB
SwapFree:         977352 kB
Dirty:                 8 kB
Writeback:             0 kB
AnonPages:        726476 kB
Mapped:           475196 kB
