---2015-12-01 14:34:51
MemTotal:        1745540 kB
MemFree:           73316 kB
Buffers:           12140 kB
Cached:           560648 kB
SwapCached:        19296 kB
Active:           656464 kB
Inactive:         672356 kB
Active(anon):     370236 kB
Inactive(anon):   391452 kB
Active(file):     286228 kB
Inactive(file):   280904 kB
Unevictable:        3816 kB
Mlocked:               0 kB
HighTotal:       1217536 kB
HighFree:          35364 kB
LowTotal:         528004 kB
LowFree:           37952 kB
SwapTotal:       1310716 kB
SwapFree:         956444 kB
Dirty:                 0 kB
Writeback:             0 kB
AnonPages:        745488 kB
Mapped:           285328 kB
Shmem:              1840 kB
Slab:              56588 kB
SReclaimable:      15636 kB
SUnreclaim:        40952 kB
KernelStack:       16208 kB
PageTables:        55892 kB
NFS_Unstable:          0 kB
Bounce:                0 kB
WritebackTmp:          0 kB
CommitLimit:     2183484 kB
Committed_AS:   131951312 kB
VmallocTotal:     311296 kB
VmallocUsed:       44612 kB
VmallocChunk:     148492 kB
Time pass: 3 sec

---2015-12-01 14:34:51
MemTotal:        1745540 kB
MemFree:           73428 kB
Buffers:           12140 kB
Cached:           560780 kB
SwapCached:        19304 kB
Active:           656548 kB
Inactive:         672268 kB
Active(anon):     370296 kB
Inactive(anon):   391248 kB
Active(file):     286252 kB
Inactive(file):   281020 kB
Unevictable:        3816 kB
Mlocked:               0 kB
HighTotal:       1217536 kB
HighFree:          34984 kB
LowTotal:         528004 kB
LowFree:           38444 kB
SwapTotal:       1310716 kB
SwapFree:         956504 kB
Dirty:                 0 kB
Writeback:             0 kB
AnonPages:        745344 kB
Mapped:           285340 kB
Shmem:              1840 kB
Slab:              56600 kB
SReclaimable:      15636 kB
SUnreclaim:        40964 kB
KernelStack:       16208 kB
PageTables:        55892 kB
NFS_Unstable:          0 kB
Bounce:                0 kB
WritebackTmp:          0 kB
CommitLimit:     2183484 kB
Committed_AS:   131951352 kB
VmallocTotal:     311296 kB
VmallocUsed:       44612 kB
VmallocChunk:     148492 kB
Time pass: 7 sec

---2015-12-01 14:34:51
MemTotal:        1745540 kB
MemFree:           73532 kB
Buffers:           12140 kB
Cached:           560788 kB
SwapCached:        19304 kB
Active:           656528 kB
Inactive:         672244 kB
Active(anon):     370276 kB
Inactive(anon):   391224 kB
Active(file):     286252 kB
Inactive(file):   281020 kB
Unevictable:        3816 kB
Mlocked:               0 kB
HighTotal:       1217536 kB
HighFree:          35032 kB
LowTotal:         528004 kB
LowFree:           38500 kB
SwapTotal:       1310716 kB
SwapFree:         956508 kB
Dirty:                 0 kB
Writeback:             0 kB
AnonPages:        745292 kB
Mapped:           285312 kB
Shmem:              1840 kB
Slab:              56588 kB
SReclaimable:      15628 kB
SUnreclaim:        40960 kB
KernelStack:       16128 kB
PageTables:        55888 kB
NFS_Unstable:          0 kB
Bounce:                0 kB
WritebackTmp:          0 kB
CommitLimit:     2183484 kB
Committed_AS:   131951232 kB
VmallocTotal:     311296 kB
VmallocUsed:       44612 kB
VmallocChunk:     148492 kB
Time pass: 10 sec

---2015-12-01 14:34:51
MemTotal:        1745540 kB
MemFree:           76340 kB
Buffers:           12148 kB
Cached:           561960 kB
SwapCached:        19536 kB
Active:           653856 kB
Inactive:         673264 kB
Active(anon):     367536 kB
Inactive(anon):   391148 kB
Active(file):     286320 kB
Inactive(file):   282116 kB
Unevictable:        3816 kB
Mlocked:               0 kB
HighTotal:       1217536 kB
HighFree:          35480 kB
LowTotal:         528004 kB
LowFree:           40860 kB
SwapTotal:       1310716 kB
SwapFree:         959008 kB
Dirty:                 0 kB
Writeback:             0 kB
AnonPages:        742488 kB
Mapped:           284692 kB
Shmem:              1840 kB
Slab:              56524 kB
SReclaimable:      15628 kB
SUnreclaim:        40896 kB
KernelStack:       15944 kB
PageTables:        54836 kB
NFS_Unstable:          0 kB
Bounce:                0 kB
WritebackTmp:          0 kB
CommitLimit:     2183484 kB
Committed_AS:   129201368 kB
VmallocTotal:     311296 kB
VmallocUsed:       43592 kB
VmallocChunk:     148492 kB
Time pass: 14 sec

---2015-12-01 14:34:51
MemTotal:        1745540 kB
MemFree:           76208 kB
Buffers:           12148 kB
Cached:           561960 kB
SwapCached:        19544 kB
Active:           654060 kB
Inactive:         673288 kB
Active(anon):     367740 kB
Inactive(anon):   391156 kB
Active(file):     286320 kB
Inactive(file):   282132 kB
Unevictable:        3816 kB
Mlocked:               0 kB
HighTotal:       1217536 kB
HighFree:          35300 kB
LowTotal:         528004 kB
LowFree:           40908 kB
SwapTotal:       1310716 kB
SwapFree:         959016 kB
Dirty:                 0 kB
Writeback:             0 kB
AnonPages:        742720 kB
Mapped:           284692 kB
Shmem:              1840 kB
Slab:              56476 kB
SReclaimable:      15628 kB
SUnreclaim:        40848 kB
KernelStack:       15944 kB
PageTables:        54836 kB
NFS_Unstable:          0 kB
Bounce:                0 kB
WritebackTmp:          0 kB
CommitLimit:     2183484 kB
Committed_AS:   129201528 kB
VmallocTotal:     311296 kB
VmallocUsed:       43592 kB
VmallocChunk:     148492 kB
Time pass: 18 sec

---2015-12-01 14:34:51
MemTotal:        1745540 kB
MemFree:           46024 kB
Buffers:           11800 kB
Cached:           575824 kB
SwapCached:        19684 kB
Active:           663632 kB
Inactive:         682512 kB
Active(anon):     376808 kB
Inactive(anon):   387344 kB
Active(file):     286824 kB
Inactive(file):   295168 kB
Unevictable:        3816 kB
Mlocked:               0 kB
HighTotal:       1217536 kB
HighFree:          24224 kB
LowTotal:         528004 kB
LowFree:           21800 kB
SwapTotal:       1310716 kB
SwapFree:         955988 kB
Dirty:                 0 kB
Writeback:             0 kB
AnonPages:        748004 kB
Mapped:           287788 kB
Shmem:              1844 kB
Slab:              56584 kB
SReclaimable:      15732 kB
SUnreclaim:        40852 kB
KernelStack:       16152 kB
PageTables:        56108 kB
NFS_Unstable:          0 kB
Bounce:                0 kB
WritebackTmp:          0 kB
CommitLimit:     2183484 kB
Committed_AS:   133128492 kB
VmallocTotal:     311296 kB
VmallocUsed:       43796 kB
VmallocChunk:     148492 kB
Time pass: 21 sec

---2015-12-01 14:34:51
MemTotal:        1745540 kB
MemFree:           55356 kB
Buffers:            9496 kB
Cached:           488776 kB
SwapCached:        39248 kB
Active:           631440 kB
Inactive:         621340 kB
Active(anon):     384236 kB
Inactive(anon):   376268 kB
Active(file):     247204 kB
Inactive(file):   245072 kB
Unevictable:        3816 kB
Mlocked:               0 kB
HighTotal:       1217536 kB
HighFree:          26564 kB
LowTotal:         528004 kB
LowFree:           28792 kB
SwapTotal:       1310716 kB
SwapFree:         904492 kB
Dirty:              1268 kB
Writeback:             0 kB
AnonPages:        743400 kB
Mapped:           303412 kB
Shmem:              1992 kB
Slab:              57344 kB
SReclaimable:      15820 kB
SUnreclaim:        41524 kB
KernelStack:       16624 kB
PageTables:        55476 kB
NFS_Unstable:          0 kB
Bounce:                0 kB
WritebackTmp:          0 kB
CommitLimit:     2183484 kB
Committed_AS:   129052704 kB
VmallocTotal:     311296 kB
VmallocUsed:       41896 kB
VmallocChunk:     148492 kB
Time pass: 25 sec

---2015-12-01 14:34:51
MemTotal:        1745540 kB
MemFree:           84068 kB
Buffers:            7232 kB
Cached:           448856 kB
SwapCached:        40816 kB
Active:           586136 kB
Inactive:         588200 kB
Active(anon):     360064 kB
Inactive(anon):   363972 kB
Active(file):     226072 kB
Inactive(file):   224228 kB
Unevictable:        3816 kB
Mlocked:               0 kB
HighTotal:       1217536 kB
HighFree:          50648 kB
LowTotal:         528004 kB
LowFree:           33420 kB
SwapTotal:       1310716 kB
SwapFree:         898600 kB
Dirty:                96 kB
Writeback:             0 kB
AnonPages:        706236 kB
Mapped:           332224 kB
Shmem:              1972 kB
Slab:              57600 kB
SReclaimable:      15844 kB
SUnreclaim:        41756 kB
KernelStack:       16464 kB
PageTables:        55556 kB
NFS_Unstable:          0 kB
Bounce:                0 kB
WritebackTmp:          0 kB
CommitLimit:     2183484 kB
Committed_AS:   129028728 kB
VmallocTotal:     311296 kB
VmallocUsed:       41992 kB
VmallocChunk:     148492 kB
Time pass: 29 sec

---2015-12-01 14:34:51
MemTotal:        1745540 kB
MemFree:           84648 kB
Buffers:            7248 kB
Cached:           449764 kB
SwapCached:        40828 kB
Active:           584676 kB
Inactive:         589136 kB
Active(anon):     358600 kB
Inactive(anon):   364020 kB
Active(file):     226076 kB
Inactive(file):   225116 kB
Unevictable:        3816 kB
Mlocked:               0 kB
HighTotal:       1217536 kB
HighFree:          51184 kB
LowTotal:         528004 kB
LowFree:           33464 kB
SwapTotal:       1310716 kB
SwapFree:         898680 kB
Dirty:               104 kB
Writeback:             0 kB
AnonPages:        704868 kB
Mapped:           332300 kB
Shmem:              1972 kB
Slab:              57556 kB
SReclaimable:      15844 kB
SUnreclaim:        41712 kB
KernelStack:       16464 kB
PageTables:        55556 kB
NFS_Unstable:          0 kB
Bounce:                0 kB
WritebackTmp:          0 kB
CommitLimit:     2183484 kB
Committed_AS:   129028848 kB
VmallocTotal:     311296 kB
VmallocUsed:       41992 kB
VmallocChunk:     148492 kB
Time pass: 32 sec

---2015-12-01 14:34:51
MemTotal:        1745540 kB
MemFree:           74680 kB
Buffers:            6684 kB
Cached:           442096 kB
SwapCached:        42916 kB
Active:           581512 kB
Inactive:         581316 kB
Active(anon):     359784 kB
Inactive(anon):   360080 kB
Active(file):     221728 kB
Inactive(file):   221236 kB
Unevictable:        3816 kB
Mlocked:               0 kB
HighTotal:       1217536 kB
HighFree:          43200 kB
LowTotal:         528004 kB
LowFree:           31480 kB
SwapTotal:       1310716 kB
SwapFree:         879868 kB
Dirty:               200 kB
Writeback:             0 kB
AnonPages:        701820 kB
Mapped:           341292 kB
Shmem:              1972 kB
Slab:              57580 kB
SReclaimable:      15852 kB
SUnreclaim:        41728 kB
KernelStack:       16536 kB
PageTables:        55728 kB
NFS_Unstable:          0 kB
Bounce:                0 kB
WritebackTmp:          0 kB
CommitLimit:     2183484 kB
Committed_AS:   129040432 kB
VmallocTotal:     311296 kB
VmallocUsed:       42196 kB
VmallocChunk:     148492 kB
Time pass: 36 sec

---2015-12-01 14:34:51
MemTotal:        1745540 kB
MemFree:           61408 kB
Buffers:            6416 kB
Cached:           443468 kB
SwapCached:        39260 kB
Active:           584928 kB
Inactive:         585288 kB
Active(anon):     362384 kB
Inactive(anon):   363736 kB
Active(file):     222544 kB
Inactive(file):   221552 kB
Unevictable:        3816 kB
Mlocked:               0 kB
HighTotal:       1217536 kB
HighFree:          30924 kB
LowTotal:         528004 kB
LowFree:           30484 kB
SwapTotal:       1310716 kB
SwapFree:         882800 kB
Dirty:               112 kB
Writeback:             0 kB
AnonPages:        711624 kB
Mapped:           347556 kB
Shmem:              1972 kB
Slab:              57576 kB
SReclaimable:      15836 kB
SUnreclaim:        41740 kB
KernelStack:       16520 kB
PageTables:        55780 kB
NFS_Unstable:          0 kB
Bounce:                0 kB
WritebackTmp:          0 kB
CommitLimit:     2183484 kB
Committed_AS:   129072892 kB
VmallocTotal:     311296 kB
VmallocUsed:       42236 kB
VmallocChunk:     148492 kB
Time pass: 39 sec

---2015-12-01 14:34:51
MemTotal:        1745540 kB
MemFree:           51556 kB
Buffers:            6260 kB
Cached:           448936 kB
SwapCached:        39288 kB
Active:           599260 kB
Inactive:         590728 kB
Active(anon):     376748 kB
Inactive(anon):   364068 kB
Active(file):     222512 kB
Inactive(file):   226660 kB
Unevictable:        3816 kB
Mlocked:               0 kB
HighTotal:       1217536 kB
HighFree:          19004 kB
LowTotal:         528004 kB
LowFree:           32552 kB
SwapTotal:       1310716 kB
SwapFree:         882904 kB
Dirty:               164 kB
Writeback:             0 kB
AnonPages:        726292 kB
Mapped:           345816 kB
Shmem:              1976 kB
Slab:              57820 kB
SReclaimable:      15820 kB
SUnreclaim:        42000 kB
KernelStack:       16664 kB
PageTables:        55736 kB
NFS_Unstable:          0 kB
Bounce:                0 kB
WritebackTmp:          0 kB
CommitLimit:     2183484 kB
Committed_AS:   129078916 kB
VmallocTotal:     311296 kB
VmallocUsed:       42392 kB
VmallocChunk:     148492 kB
Time pass: 43 sec

---2015-12-01 14:34:51
MemTotal:        1745540 kB
MemFree:           61480 kB
Buffers:            4856 kB
Cached:           414668 kB
SwapCached:        39100 kB
Active:           560008 kB
Inactive:         571100 kB
Active(anon):     353412 kB
Inactive(anon):   363960 kB
Active(file):     206596 kB
Inactive(file):   207140 kB
Unevictable:        3816 kB
Mlocked:               0 kB
HighTotal:       1217536 kB
HighFree:          32560 kB
LowTotal:         528004 kB
LowFree:           28920 kB
SwapTotal:       1310716 kB
SwapFree:         861232 kB
Dirty:                36 kB
Writeback:             0 kB
AnonPages:        702024 kB
Mapped:           382132 kB
Shmem:              1972 kB
Slab:              58100 kB
SReclaimable:      15840 kB
SUnreclaim:        42260 kB
KernelStack:       16592 kB
PageTables:        55844 kB
NFS_Unstable:          0 kB
Bounce:                0 kB
WritebackTmp:          0 kB
CommitLimit:     2183484 kB
Committed_AS:   129084884 kB
VmallocTotal:     311296 kB
VmallocUsed:       42464 kB
VmallocChunk:     148492 kB
Time pass: 48 sec

---2015-12-01 14:34:51
MemTotal:        1745540 kB
MemFree:           55896 kB
Buffers:            4944 kB
Cached:           414176 kB
SwapCached:        40316 kB
Active:           558144 kB
Inactive:         562020 kB
Active(anon):     352920 kB
Inactive(anon):   353144 kB
Active(file):     205224 kB
Inactive(file):   208876 kB
Unevictable:        3816 kB
Mlocked:               0 kB
HighTotal:       1217536 kB
HighFree:          27500 kB
LowTotal:         528004 kB
LowFree:           28396 kB
SwapTotal:       1310716 kB
SwapFree:         847760 kB
Dirty:                40 kB
Writeback:             0 kB
AnonPages:        690512 kB
Mapped:           392836 kB
Shmem:              1204 kB
Slab:              58088 kB
SReclaimable:      15836 kB
SUnreclaim:        42252 kB
KernelStack:       16512 kB
PageTables:        55896 kB
NFS_Unstable:          0 kB
Bounce:                0 kB
WritebackTmp:          0 kB
CommitLimit:     2183484 kB
Committed_AS:   129084292 kB
VmallocTotal:     311296 kB
VmallocUsed:       42436 kB
VmallocChunk:     148492 kB
Time pass: 93 sec

---2015-12-01 14:34:51
MemTotal:        1745540 kB
MemFree:           49580 kB
Buffers:            4948 kB
Cached:           415640 kB
SwapCached:        40312 kB
Active:           563672 kB
Inactive:         563220 kB
Active(anon):     358188 kB
Inactive(anon):   353156 kB
Active(file):     205484 kB
Inactive(file):   210064 kB
Unevictable:        3816 kB
Mlocked:               0 kB
HighTotal:       1217536 kB
HighFree:          20768 kB
LowTotal:         528004 kB
LowFree:           28812 kB
SwapTotal:       1310716 kB
SwapFree:         847768 kB
Dirty:                 8 kB
Writeback:           348 kB
AnonPages:        695920 kB
Mapped:           392904 kB
Shmem:              1204 kB
Slab:              58128 kB
SReclaimable:      15844 kB
SUnreclaim:        42284 kB
KernelStack:       16552 kB
PageTables:        55908 kB
NFS_Unstable:          0 kB
Bounce:                0 kB
WritebackTmp:          0 kB
CommitLimit:     2183484 kB
Committed_AS:   129084412 kB
VmallocTotal:     311296 kB
VmallocUsed:       42572 kB
VmallocChunk:     148492 kB
Time pass: 96 sec

---2015-12-01 14:34:51
MemTotal:        1745540 kB
MemFree:           67500 kB
Buffers:            4720 kB
Cached:           389892 kB
SwapCached:        41020 kB
Active:           540676 kB
Inactive:         542140 kB
Active(anon):     345620 kB
Inactive(anon):   347596 kB
Active(file):     195056 kB
Inactive(file):   194544 kB
Unevictable:        3816 kB
Mlocked:               0 kB
HighTotal:       1217536 kB
HighFree:          38364 kB
LowTotal:         528004 kB
LowFree:           29136 kB
SwapTotal:       1310716 kB
SwapFree:         825568 kB
Dirty:                60 kB
Writeback:             0 kB
AnonPages:        677156 kB
Mapped:           395124 kB
Shmem:              1204 kB
Slab:              58436 kB
SReclaimable:      15844 kB
SUnreclaim:        42592 kB
KernelStack:       16528 kB
PageTables:        55976 kB
NFS_Unstable:          0 kB
Bounce:                0 kB
WritebackTmp:          0 kB
CommitLimit:     2183484 kB
Committed_AS:   129092916 kB
VmallocTotal:     311296 kB
VmallocUsed:       42724 kB
VmallocChunk:     148492 kB
Time pass: 100 sec

---2015-12-01 14:34:51
MemTotal:        1745540 kB
MemFree:           50760 kB
Buffers:            4736 kB
Cached:           397832 kB
SwapCached:        41040 kB
Active:           550872 kB
Inactive:         550044 kB
Active(anon):     355724 kB
Inactive(anon):   347632 kB
Active(file):     195148 kB
Inactive(file):   202412 kB
Unevictable:        3816 kB
Mlocked:               0 kB
HighTotal:       1217536 kB
HighFree:          21496 kB
LowTotal:         528004 kB
LowFree:           29264 kB
SwapTotal:       1310716 kB
SwapFree:         825576 kB
Dirty:               288 kB
Writeback:             0 kB
AnonPages:        687444 kB
Mapped:           398148 kB
Shmem:              1204 kB
Slab:              58496 kB
SReclaimable:      15844 kB
SUnreclaim:        42652 kB
KernelStack:       16640 kB
PageTables:        56048 kB
NFS_Unstable:          0 kB
Bounce:                0 kB
WritebackTmp:          0 kB
CommitLimit:     2183484 kB
Committed_AS:   129106404 kB
VmallocTotal:     311296 kB
VmallocUsed:       42724 kB
VmallocChunk:     148492 kB
Time pass: 104 sec

---2015-12-01 14:34:51
MemTotal:        1745540 kB
MemFree:           62172 kB
Buffers:            4296 kB
Cached:           358664 kB
SwapCached:        42932 kB
Active:           520392 kB
Inactive:         519208 kB
Active(anon):     341460 kB
Inactive(anon):   340364 kB
Active(file):     178932 kB
Inactive(file):   178844 kB
Unevictable:        3816 kB
Mlocked:               0 kB
HighTotal:       1217536 kB
HighFree:          35188 kB
LowTotal:         528004 kB
LowFree:           26984 kB
SwapTotal:       1310716 kB
SwapFree:         793204 kB
Dirty:                48 kB
Writeback:             0 kB
AnonPages:        664188 kB
Mapped:           389372 kB
Shmem:              1364 kB
Slab:              58784 kB
SReclaimable:      15844 kB
SUnreclaim:        42940 kB
KernelStack:       16808 kB
PageTables:        56220 kB
NFS_Unstable:          0 kB
Bounce:                0 kB
WritebackTmp:          0 kB
CommitLimit:     2183484 kB
Committed_AS:   129146716 kB
VmallocTotal:     311296 kB
VmallocUsed:       42724 kB
VmallocChunk:     148492 kB
Time pass: 109 sec

---2015-12-01 14:34:51
MemTotal:        1745540 kB
MemFree:           64136 kB
Buffers:            3772 kB
Cached:           333004 kB
SwapCached:        43644 kB
Active:           502808 kB
Inactive:         500216 kB
Active(anon):     335704 kB
Inactive(anon):   334804 kB
Active(file):     167104 kB
Inactive(file):   165412 kB
Unevictable:        3816 kB
Mlocked:               0 kB
HighTotal:       1217536 kB
HighFree:          35928 kB
LowTotal:         528004 kB
LowFree:           28208 kB
SwapTotal:       1310716 kB
SwapFree:         775688 kB
Dirty:                 0 kB
Writeback:             0 kB
AnonPages:        652700 kB
Mapped:           376364 kB
Shmem:               444 kB
Slab:              59088 kB
SReclaimable:      15860 kB
SUnreclaim:        43228 kB
KernelStack:       16840 kB
PageTables:        56408 kB
NFS_Unstable:          0 kB
Bounce:                0 kB
WritebackTmp:          0 kB
CommitLimit:     2183484 kB
Committed_AS:   129154068 kB
VmallocTotal:     311296 kB
VmallocUsed:       42656 kB
VmallocChunk:     148492 kB
Time pass: 113 sec

---2015-12-01 14:34:51
MemTotal:        1745540 kB
MemFree:           59796 kB
Buffers:            3804 kB
Cached:           330548 kB
SwapCached:        43644 kB
Active:           502120 kB
Inactive:         501436 kB
Active(anon):     336824 kB
Inactive(anon):   336788 kB
Active(file):     165296 kB
Inactive(file):   164648 kB
Unevictable:        3816 kB
Mlocked:               0 kB
HighTotal:       1217536 kB
HighFree:          32172 kB
LowTotal:         528004 kB
LowFree:           27624 kB
SwapTotal:       1310716 kB
SwapFree:         775360 kB
Dirty:                 0 kB
Writeback:             0 kB
AnonPages:        655684 kB
Mapped:           374708 kB
Shmem:               596 kB
Slab:              59452 kB
SReclaimable:      15860 kB
SUnreclaim:        43592 kB
KernelStack:       16904 kB
PageTables:        56304 kB
NFS_Unstable:          0 kB
Bounce:                0 kB
WritebackTmp:          0 kB
CommitLimit:     2183484 kB
Committed_AS:   129158356 kB
VmallocTotal:     311296 kB
VmallocUsed:       42724 kB
VmallocChunk:     148492 kB
Time pass: 120 sec

---2015-12-01 14:34:51
MemTotal:        1745540 kB
MemFree:           73640 kB
Buffers:            3904 kB
Cached:           337592 kB
SwapCached:        44072 kB
Active:           492304 kB
Inactive:         505080 kB
Active(anon):     324944 kB
Inactive(anon):   335036 kB
Active(file):     167360 kB
Inactive(file):   170044 kB
Unevictable:        3816 kB
Mlocked:               0 kB
HighTotal:       1217536 kB
HighFree:          44800 kB
LowTotal:         528004 kB
LowFree:           28840 kB
SwapTotal:       1310716 kB
SwapFree:         771988 kB
Dirty:                76 kB
Writeback:             0 kB
AnonPages:        642160 kB
Mapped:           373496 kB
Shmem:               276 kB
Slab:              60000 kB
SReclaimable:      15860 kB
SUnreclaim:        44140 kB
KernelStack:       16744 kB
PageTables:        56136 kB
NFS_Unstable:          0 kB
Bounce:                0 kB
WritebackTmp:          0 kB
CommitLimit:     2183484 kB
Committed_AS:   129130064 kB
VmallocTotal:     311296 kB
VmallocUsed:       42656 kB
VmallocChunk:     148492 kB
Time pass: 125 sec

---2015-12-01 14:34:51
MemTotal:        1745540 kB
MemFree:           70672 kB
Buffers:            3976 kB
Cached:           361264 kB
SwapCached:        50036 kB
Active:           512600 kB
Inactive:         511596 kB
Active(anon):     338496 kB
Inactive(anon):   324768 kB
Active(file):     174104 kB
Inactive(file):   186828 kB
Unevictable:        3816 kB
Mlocked:               0 kB
HighTotal:       1217536 kB
HighFree:          25856 kB
LowTotal:         528004 kB
LowFree:           44816 kB
SwapTotal:       1310716 kB
SwapFree:         746732 kB
Dirty:               152 kB
Writeback:             0 kB
AnonPages:        644076 kB
Mapped:           352556 kB
Shmem:               276 kB
Slab:              60128 kB
SReclaimable:      15860 kB
SUnreclaim:        44268 kB
KernelStack:       16752 kB
PageTables:        56484 kB
NFS_Unstable:          0 kB
Bounce:                0 kB
WritebackTmp:          0 kB
CommitLimit:     2183484 kB
Committed_AS:   130659440 kB
VmallocTotal:     311296 kB
VmallocUsed:       39600 kB
VmallocChunk:     148492 kB
Time pass: 129 sec

---2015-12-01 14:34:51
MemTotal:        1745540 kB
MemFree:          299516 kB
Buffers:            4052 kB
Cached:           362680 kB
SwapCached:        50208 kB
Active:           435644 kB
Inactive:         505376 kB
Active(anon):     259388 kB
Inactive(anon):   318868 kB
Active(file):     176256 kB
Inactive(file):   186508 kB
Unevictable:        3816 kB
Mlocked:               0 kB
HighTotal:       1217536 kB
HighFree:         205372 kB
LowTotal:         528004 kB
LowFree:           94144 kB
SwapTotal:       1310716 kB
SwapFree:         746764 kB
Dirty:               344 kB
Writeback:             0 kB
AnonPages:        559100 kB
Mapped:           190360 kB
Shmem:               140 kB
Slab:              60148 kB
SReclaimable:      15876 kB
SUnreclaim:        44272 kB
KernelStack:       16112 kB
PageTables:        55080 kB
NFS_Unstable:          0 kB
Bounce:                0 kB
WritebackTmp:          0 kB
CommitLimit:     2183484 kB
Committed_AS:   129247216 kB
VmallocTotal:     311296 kB
VmallocUsed:       38568 kB
VmallocChunk:     148492 kB
Time pass: 133 sec

---2015-12-01 14:34:51
MemTotal:        1745540 kB
MemFree:          298348 kB
Buffers:            4052 kB
Cached:           363292 kB
SwapCached:        50744 kB
Active:           435112 kB
Inactive:         506768 kB
Active(anon):     258852 kB
Inactive(anon):   319640 kB
Active(file):     176260 kB
Inactive(file):   187128 kB
Unevictable:        3816 kB
Mlocked:               0 kB
HighTotal:       1217536 kB
HighFree:         203964 kB
LowTotal:         528004 kB
LowFree:           94384 kB
SwapTotal:       1310716 kB
SwapFree:         748556 kB
Dirty:                 0 kB
Writeback:             0 kB
AnonPages:        559372 kB
Mapped:           190416 kB
Shmem:               140 kB
Slab:              60148 kB
SReclaimable:      15876 kB
SUnreclaim:        44272 kB
KernelStack:       16112 kB
PageTables:        55140 kB
NFS_Unstable:          0 kB
Bounce:                0 kB
WritebackTmp:          0 kB
CommitLimit:     2183484 kB
Committed_AS:   129247800 kB
VmallocTotal:     311296 kB
VmallocUsed:       38636 kB
VmallocChunk:     148492 kB
Time pass: 137 sec

---2015-12-01 14:34:51
MemTotal:        1745540 kB
MemFree:          300868 kB
Buffers:            4060 kB
Cached:           363332 kB
SwapCached:        50748 kB
Active:           432436 kB
Inactive:         506804 kB
Active(anon):     256176 kB
Inactive(anon):   319628 kB
Active(file):     176260 kB
Inactive(file):   187176 kB
Unevictable:        3816 kB
Mlocked:               0 kB
HighTotal:       1217536 kB
HighFree:         206616 kB
LowTotal:         528004 kB
LowFree:           94252 kB
SwapTotal:       1310716 kB
SwapFree:         748564 kB
Dirty:                44 kB
Writeback:             0 kB
AnonPages:        556644 kB
Mapped:           190376 kB
Shmem:               140 kB
Slab:              60148 kB
SReclaimable:      15876 kB
SUnreclaim:        44272 kB
KernelStack:       16112 kB
PageTables:        55156 kB
NFS_Unstable:          0 kB
Bounce:                0 kB
WritebackTmp:          0 kB
CommitLimit:     2183484 kB
Committed_AS:   129243104 kB
VmallocTotal:     311296 kB
VmallocUsed:       38636 kB
VmallocChunk:     148492 kB
Time pass: 141 sec

---2015-12-01 14:34:51
MemTotal:        1745540 kB
MemFree:          300820 kB
Buffers:            4060 kB
Cached:           363332 kB
SwapCached:        50748 kB
Active:           432584 kB
Inactive:         506796 kB
Active(anon):     256324 kB
Inactive(anon):   319620 kB
Active(file):     176260 kB
Inactive(file):   187176 kB
Unevictable:        3816 kB
Mlocked:               0 kB
HighTotal:       1217536 kB
HighFree:         206484 kB
LowTotal:         528004 kB
LowFree:           94336 kB
SwapTotal:       1310716 kB
SwapFree:         748564 kB
Dirty:                 0 kB
Writeback:             0 kB
AnonPages:        556732 kB
Mapped:           190396 kB
Shmem:               140 kB
Slab:              60148 kB
SReclaimable:      15876 kB
SUnreclaim:        44272 kB
KernelStack:       16112 kB
PageTables:        55156 kB
NFS_Unstable:          0 kB
Bounce:                0 kB
WritebackTmp:          0 kB
CommitLimit:     2183484 kB
Committed_AS:   129243176 kB
VmallocTotal:     311296 kB
VmallocUsed:       38636 kB
VmallocChunk:     148492 kB
Time pass: 144 sec

---2015-12-01 14:34:51
MemTotal:        1745540 kB
MemFree:          215492 kB
Buffers:            4380 kB
Cached:           376920 kB
SwapCached:        51248 kB
Active:           469096 kB
Inactive:         516960 kB
Active(anon):     292368 kB
Inactive(anon):   316552 kB
Active(file):     176728 kB
Inactive(file):   200408 kB
Unevictable:        3816 kB
Mlocked:               0 kB
HighTotal:       1217536 kB
HighFree:         135844 kB
LowTotal:         528004 kB
LowFree:           79648 kB
SwapTotal:       1310716 kB
SwapFree:         749076 kB
Dirty:               996 kB
Writeback:             0 kB
AnonPages:        589816 kB
Mapped:           234332 kB
Shmem:               272 kB
Slab:              60380 kB
SReclaimable:      15876 kB
SUnreclaim:        44504 kB
KernelStack:       16640 kB
PageTables:        55584 kB
NFS_Unstable:          0 kB
Bounce:                0 kB
WritebackTmp:          0 kB
CommitLimit:     2183484 kB
Committed_AS:   129076852 kB
VmallocTotal:     311296 kB
VmallocUsed:       38024 kB
VmallocChunk:     148492 kB
Time pass: 149 sec

---2015-12-01 14:34:51
MemTotal:        1745540 kB
MemFree:          139992 kB
Buffers:            4448 kB
Cached:           381124 kB
SwapCached:        51412 kB
Active:           488020 kB
Inactive:         521768 kB
Active(anon):     311024 kB
Inactive(anon):   317240 kB
Active(file):     176996 kB
Inactive(file):   204528 kB
Unevictable:        3816 kB
Mlocked:               0 kB
HighTotal:       1217536 kB
HighFree:          60088 kB
LowTotal:         528004 kB
LowFree:           79904 kB
SwapTotal:       1310716 kB
SwapFree:         750020 kB
Dirty:              1320 kB
Writeback:             0 kB
AnonPages:        608772 kB
Mapped:           282856 kB
Shmem:               276 kB
Slab:              60236 kB
SReclaimable:      15868 kB
SUnreclaim:        44368 kB
KernelStack:       16680 kB
PageTables:        55828 kB
NFS_Unstable:          0 kB
Bounce:                0 kB
WritebackTmp:          0 kB
CommitLimit:     2183484 kB
Committed_AS:   129099924 kB
VmallocTotal:     311296 kB
VmallocUsed:       38244 kB
VmallocChunk:     148492 kB
Time pass: 154 sec

---2015-12-01 14:34:51
MemTotal:        1745540 kB
MemFree:           92084 kB
Buffers:            4512 kB
Cached:           384808 kB
SwapCached:        51440 kB
Active:           490992 kB
Inactive:         524864 kB
Active(anon):     313268 kB
Inactive(anon):   317372 kB
Active(file):     177724 kB
Inactive(file):   207492 kB
Unevictable:        3816 kB
Mlocked:               0 kB
HighTotal:       1217536 kB
HighFree:          41728 kB
LowTotal:         528004 kB
LowFree:           50356 kB
SwapTotal:       1310716 kB
SwapFree:         750128 kB
Dirty:                40 kB
Writeback:             0 kB
AnonPages:        611112 kB
Mapped:           323060 kB
Shmem:               276 kB
Slab:              60196 kB
SReclaimable:      15844 kB
SUnreclaim:        44352 kB
KernelStack:       16536 kB
PageTables:        55960 kB
NFS_Unstable:          0 kB
Bounce:                0 kB
WritebackTmp:          0 kB
CommitLimit:     2183484 kB
Committed_AS:   129107228 kB
VmallocTotal:     311296 kB
VmallocUsed:       38276 kB
VmallocChunk:     148492 kB
Time pass: 174 sec

---2015-12-01 14:34:51
MemTotal:        1745540 kB
MemFree:           76548 kB
Buffers:            4448 kB
Cached:           376544 kB
SwapCached:        51524 kB
Active:           493244 kB
Inactive:         519448 kB
Active(anon):     314580 kB
Inactive(anon):   321212 kB
Active(file):     178664 kB
Inactive(file):   198236 kB
Unevictable:        3816 kB
Mlocked:               0 kB
HighTotal:       1217536 kB
HighFree:          40816 kB
LowTotal:         528004 kB
LowFree:           35732 kB
SwapTotal:       1310716 kB
SwapFree:         747304 kB
Dirty:               568 kB
Writeback:             0 kB
AnonPages:        616220 kB
Mapped:           336672 kB
Shmem:               276 kB
Slab:              60208 kB
SReclaimable:      15844 kB
SUnreclaim:        44364 kB
KernelStack:       16568 kB
PageTables:        56076 kB
NFS_Unstable:          0 kB
Bounce:                0 kB
WritebackTmp:          0 kB
CommitLimit:     2183484 kB
Committed_AS:   129116548 kB
VmallocTotal:     311296 kB
VmallocUsed:       38360 kB
VmallocChunk:     148492 kB
Time pass: 177 sec

---2015-12-01 14:34:51
MemTotal:        1745540 kB
MemFree:           75544 kB
Buffers:            4456 kB
Cached:           376548 kB
SwapCached:        51904 kB
Active:           493704 kB
Inactive:         520404 kB
Active(anon):     315036 kB
Inactive(anon):   322160 kB
Active(file):     178668 kB
Inactive(file):   198244 kB
Unevictable:        3816 kB
Mlocked:               0 kB
HighTotal:       1217536 kB
HighFree:          39480 kB
LowTotal:         528004 kB
LowFree:           36064 kB
SwapTotal:       1310716 kB
SwapFree:         748912 kB
Dirty:                48 kB
Writeback:             0 kB
AnonPages:        617632 kB
Mapped:           337052 kB
Shmem:               276 kB
Slab:              60208 kB
SReclaimable:      15844 kB
SUnreclaim:        44364 kB
KernelStack:       16376 kB
PageTables:        56024 kB
NFS_Unstable:          0 kB
Bounce:                0 kB
WritebackTmp:          0 kB
CommitLimit:     2183484 kB
Committed_AS:   129115660 kB
VmallocTotal:     311296 kB
VmallocUsed:       38360 kB
VmallocChunk:     148492 kB
Time pass: 181 sec

---2015-12-01 14:34:51
MemTotal:        1745540 kB
MemFree:           75476 kB
Buffers:            4460 kB
Cached:           376788 kB
SwapCached:        51936 kB
Active:           493416 kB
Inactive:         520808 kB
Active(anon):     314748 kB
Inactive(anon):   322320 kB
Active(file):     178668 kB
Inactive(file):   198488 kB
Unevictable:        3816 kB
Mlocked:               0 kB
HighTotal:       1217536 kB
HighFree:          39404 kB
LowTotal:         528004 kB
LowFree:           36072 kB
SwapTotal:       1310716 kB
SwapFree:         749092 kB
Dirty:                 0 kB
Writeback:             0 kB
AnonPages:        617532 kB
Mapped:           337056 kB
Shmem:               276 kB
Slab:              60212 kB
SReclaimable:      15844 kB
SUnreclaim:        44368 kB
KernelStack:       16368 kB
PageTables:        56012 kB
NFS_Unstable:          0 kB
Bounce:                0 kB
WritebackTmp:          0 kB
CommitLimit:     2183484 kB
Committed_AS:   129115708 kB
VmallocTotal:     311296 kB
VmallocUsed:       38360 kB
VmallocChunk:     148492 kB
Time pass: 184 sec

---2015-12-01 14:34:51
MemTotal:        1745540 kB
MemFree:           68392 kB
Buffers:            4396 kB
Cached:           376696 kB
SwapCached:        51756 kB
Active:           506496 kB
Inactive:         520000 kB
Active(anon):     327488 kB
Inactive(anon):   322444 kB
Active(file):     179008 kB
Inactive(file):   197556 kB
Unevictable:        3816 kB
Mlocked:               0 kB
HighTotal:       1217536 kB
HighFree:          25628 kB
LowTotal:         528004 kB
LowFree:           42764 kB
SwapTotal:       1310716 kB
SwapFree:         749504 kB
Dirty:                48 kB
Writeback:             0 kB
AnonPages:        630224 kB
Mapped:           339952 kB
Shmem:               484 kB
Slab:              59864 kB
SReclaimable:      15860 kB
SUnreclaim:        44004 kB
KernelStack:       16664 kB
PageTables:        56224 kB
NFS_Unstable:          0 kB
Bounce:                0 kB
WritebackTmp:          0 kB
CommitLimit:     2183484 kB
Committed_AS:   129160104 kB
VmallocTotal:     311296 kB
VmallocUsed:       38564 kB
VmallocChunk:     148492 kB
Time pass: 188 sec

---2015-12-01 14:34:51
MemTotal:        1745540 kB
MemFree:           67772 kB
Buffers:            4396 kB
Cached:           376652 kB
SwapCached:        51756 kB
Active:           507036 kB
Inactive:         520048 kB
Active(anon):     327996 kB
Inactive(anon):   322400 kB
Active(file):     179040 kB
Inactive(file):   197648 kB
Unevictable:        3816 kB
Mlocked:               0 kB
HighTotal:       1217536 kB
HighFree:          25132 kB
LowTotal:         528004 kB
LowFree:           42640 kB
SwapTotal:       1310716 kB
SwapFree:         749512 kB
Dirty:                 4 kB
Writeback:             0 kB
AnonPages:        630780 kB
Mapped:           339928 kB
Shmem:               544 kB
Slab:              59884 kB
SReclaimable:      15860 kB
SUnreclaim:        44024 kB
KernelStack:       16680 kB
PageTables:        56228 kB
NFS_Unstable:          0 kB
Bounce:                0 kB
WritebackTmp:          0 kB
CommitLimit:     2183484 kB
Committed_AS:   129161136 kB
VmallocTotal:     311296 kB
VmallocUsed:       38564 kB
VmallocChunk:     148492 kB
Time pass: 192 sec

---2015-12-01 14:34:51
MemTotal:        1745540 kB
MemFree:           63700 kB
Buffers:            4316 kB
Cached:           358460 kB
SwapCached:        52320 kB
Active:           499952 kB
Inactive:         502828 kB
Active(anon):     320528 kB
Inactive(anon):   323896 kB
Active(file):     179424 kB
Inactive(file):   178932 kB
Unevictable:        3816 kB
Mlocked:               0 kB
HighTotal:       1217536 kB
HighFree:          32472 kB
LowTotal:         528004 kB
LowFree:           31228 kB
SwapTotal:       1310716 kB
SwapFree:         742140 kB
Dirty:                 0 kB
Writeback:             0 kB
AnonPages:        624248 kB
Mapped:           331312 kB
Shmem:               604 kB
Slab:              59880 kB
SReclaimable:      15860 kB
SUnreclaim:        44020 kB
KernelStack:       16712 kB
PageTables:        56368 kB
NFS_Unstable:          0 kB
Bounce:                0 kB
WritebackTmp:          0 kB
CommitLimit:     2183484 kB
Committed_AS:   129161336 kB
VmallocTotal:     311296 kB
VmallocUsed:       38496 kB
VmallocChunk:     148492 kB
Time pass: 196 sec

---2015-12-01 14:34:51
MemTotal:        1745540 kB
MemFree:           57112 kB
Buffers:            4372 kB
Cached:           361804 kB
SwapCached:        52368 kB
Active:           503956 kB
Inactive:         504336 kB
Active(anon):     324684 kB
Inactive(anon):   322356 kB
Active(file):     179272 kB
Inactive(file):   181980 kB
Unevictable:        3816 kB
Mlocked:               0 kB
HighTotal:       1217536 kB
HighFree:          26156 kB
LowTotal:         528004 kB
LowFree:           30956 kB
SwapTotal:       1310716 kB
SwapFree:         742184 kB
Dirty:                 4 kB
Writeback:             0 kB
AnonPages:        626420 kB
Mapped:           331448 kB
Shmem:               956 kB
Slab:              59876 kB
SReclaimable:      15860 kB
SUnreclaim:        44016 kB
KernelStack:       16632 kB
PageTables:        56340 kB
NFS_Unstable:          0 kB
Bounce:                0 kB
WritebackTmp:          0 kB
CommitLimit:     2183484 kB
Committed_AS:   129172204 kB
VmallocTotal:     311296 kB
VmallocUsed:       37544 kB
VmallocChunk:     148492 kB
Time pass: 200 sec

---2015-12-01 14:34:51
MemTotal:        1745540 kB
MemFree:           46928 kB
Buffers:            4404 kB
Cached:           361596 kB
SwapCached:        52368 kB
Active:           515872 kB
Inactive:         504316 kB
Active(anon):     336692 kB
Inactive(anon):   321904 kB
Active(file):     179180 kB
Inactive(file):   182412 kB
Unevictable:        3816 kB
Mlocked:               0 kB
HighTotal:       1217536 kB
HighFree:          18652 kB
LowTotal:         528004 kB
LowFree:           28276 kB
SwapTotal:       1310716 kB
SwapFree:         742200 kB
Dirty:                52 kB
Writeback:             0 kB
AnonPages:        638248 kB
Mapped:           331124 kB
Shmem:               592 kB
Slab:              60156 kB
SReclaimable:      15880 kB
SUnreclaim:        44276 kB
KernelStack:       16704 kB
PageTables:        56288 kB
NFS_Unstable:          0 kB
Bounce:                0 kB
WritebackTmp:          0 kB
CommitLimit:     2183484 kB
Committed_AS:   129185600 kB
VmallocTotal:     311296 kB
VmallocUsed:       37544 kB
VmallocChunk:     148492 kB
Time pass: 203 sec

---2015-12-01 14:34:51
MemTotal:        1745540 kB
MemFree:           47036 kB
Buffers:            6504 kB
Cached:           348512 kB
SwapCached:        53028 kB
Active:           509128 kB
Inactive:         509464 kB
Active(anon):     333880 kB
Inactive(anon):   334044 kB
Active(file):     175248 kB
Inactive(file):   175420 kB
Unevictable:        3816 kB
Mlocked:               0 kB
HighTotal:       1217536 kB
HighFree:          19760 kB
LowTotal:         528004 kB
LowFree:           27276 kB
SwapTotal:       1310716 kB
SwapFree:         730696 kB
Dirty:               120 kB
Writeback:             0 kB
AnonPages:        647536 kB
Mapped:           322412 kB
Shmem:               612 kB
Slab:              60584 kB
SReclaimable:      15888 kB
SUnreclaim:        44696 kB
KernelStack:       17024 kB
PageTables:        56936 kB
NFS_Unstable:          0 kB
Bounce:                0 kB
WritebackTmp:          0 kB
CommitLimit:     2183484 kB
Committed_AS:   130730952 kB
VmallocTotal:     311296 kB
VmallocUsed:       37544 kB
VmallocChunk:     148492 kB
Time pass: 207 sec

---2015-12-01 14:34:51
MemTotal:        1745540 kB
MemFree:           53904 kB
Buffers:            6488 kB
Cached:           346984 kB
SwapCached:        53064 kB
Active:           507408 kB
Inactive:         507820 kB
Active(anon):     333124 kB
Inactive(anon):   333064 kB
Active(file):     174284 kB
Inactive(file):   174756 kB
Unevictable:        3816 kB
Mlocked:               0 kB
HighTotal:       1217536 kB
HighFree:          23708 kB
LowTotal:         528004 kB
LowFree:           30196 kB
SwapTotal:       1310716 kB
SwapFree:         728648 kB
Dirty:                 8 kB
Writeback:             0 kB
AnonPages:        645232 kB
Mapped:           319904 kB
Shmem:               620 kB
Slab:              60496 kB
SReclaimable:      15896 kB
SUnreclaim:        44600 kB
KernelStack:       16952 kB
PageTables:        56948 kB
NFS_Unstable:          0 kB
Bounce:                0 kB
WritebackTmp:          0 kB
CommitLimit:     2183484 kB
Committed_AS:   130732320 kB
VmallocTotal:     311296 kB
VmallocUsed:       37476 kB
VmallocChunk:     148492 kB
Time pass: 212 sec

---2015-12-01 14:34:51
MemTotal:        1745540 kB
MemFree:           58860 kB
Buffers:            6420 kB
Cached:           347784 kB
SwapCached:        52980 kB
Active:           505312 kB
Inactive:         508092 kB
Active(anon):     331516 kB
Inactive(anon):   332208 kB
Active(file):     173796 kB
Inactive(file):   175884 kB
Unevictable:        3816 kB
Mlocked:               0 kB
HighTotal:       1217536 kB
HighFree:          24204 kB
LowTotal:         528004 kB
LowFree:           34656 kB
SwapTotal:       1310716 kB
SwapFree:         732448 kB
Dirty:                 0 kB
Writeback:             0 kB
AnonPages:        642936 kB
Mapped:           319364 kB
Shmem:               672 kB
Slab:              60576 kB
SReclaimable:      15896 kB
SUnreclaim:        44680 kB
KernelStack:       16872 kB
PageTables:        56436 kB
NFS_Unstable:          0 kB
Bounce:                0 kB
WritebackTmp:          0 kB
CommitLimit:     2183484 kB
Committed_AS:   129228264 kB
VmallocTotal:     311296 kB
VmallocUsed:       37476 kB
VmallocChunk:     148492 kB
Time pass: 216 sec

---2015-12-01 14:34:51
MemTotal:        1745540 kB
MemFree:           72412 kB
Buffers:            6400 kB
Cached:           351820 kB
SwapCached:        53020 kB
Active:           484024 kB
Inactive:         512040 kB
Active(anon):     310064 kB
Inactive(anon):   331912 kB
Active(file):     173960 kB
Inactive(file):   180128 kB
Unevictable:        3816 kB
Mlocked:               0 kB
HighTotal:       1217536 kB
HighFree:          33972 kB
LowTotal:         528004 kB
LowFree:           38440 kB
SwapTotal:       1310716 kB
SwapFree:         732876 kB
Dirty:                52 kB
Writeback:             0 kB
AnonPages:        621756 kB
Mapped:           316240 kB
Shmem:               276 kB
Slab:              60744 kB
SReclaimable:      15896 kB
SUnreclaim:        44848 kB
KernelStack:       16272 kB
PageTables:        55616 kB
NFS_Unstable:          0 kB
Bounce:                0 kB
WritebackTmp:          0 kB
CommitLimit:     2183484 kB
Committed_AS:   127662856 kB
VmallocTotal:     311296 kB
VmallocUsed:       37564 kB
VmallocChunk:     148492 kB
Time pass: 220 sec

---2015-12-01 14:34:51
MemTotal:        1745540 kB
MemFree:           73460 kB
Buffers:            6408 kB
Cached:           351796 kB
SwapCached:        53292 kB
Active:           483944 kB
Inactive:         512616 kB
Active(anon):     309984 kB
Inactive(anon):   332440 kB
Active(file):     173960 kB
Inactive(file):   180176 kB
Unevictable:        3816 kB
Mlocked:               0 kB
HighTotal:       1217536 kB
HighFree:          34380 kB
LowTotal:         528004 kB
LowFree:           39080 kB
SwapTotal:       1310716 kB
SwapFree:         733460 kB
Dirty:                44 kB
Writeback:             0 kB
AnonPages:        621928 kB
Mapped:           316312 kB
Shmem:               276 kB
Slab:              60592 kB
SReclaimable:      15896 kB
SUnreclaim:        44696 kB
KernelStack:       16216 kB
PageTables:        55632 kB
NFS_Unstable:          0 kB
Bounce:                0 kB
WritebackTmp:          0 kB
CommitLimit:     2183484 kB
Committed_AS:   127662880 kB
VmallocTotal:     311296 kB
VmallocUsed:       37360 kB
VmallocChunk:     148492 kB
Time pass: 224 sec

---2015-12-01 14:34:51
MemTotal:        1745540 kB
MemFree:           73304 kB
Buffers:            6408 kB
Cached:           351820 kB
SwapCached:        53308 kB
Active:           484184 kB
Inactive:         512636 kB
Active(anon):     310224 kB
Inactive(anon):   332460 kB
Active(file):     173960 kB
Inactive(file):   180176 kB
Unevictable:        3816 kB
Mlocked:               0 kB
HighTotal:       1217536 kB
HighFree:          34216 kB
LowTotal:         528004 kB
LowFree:           39088 kB
SwapTotal:       1310716 kB
SwapFree:         733464 kB
Dirty:                 0 kB
Writeback:             0 kB
AnonPages:        622200 kB
Mapped:           316324 kB
Shmem:               276 kB
Slab:              60520 kB
SReclaimable:      15896 kB
SUnreclaim:        44624 kB
KernelStack:       16216 kB
PageTables:        55624 kB
NFS_Unstable:          0 kB
Bounce:                0 kB
WritebackTmp:          0 kB
CommitLimit:     2183484 kB
Committed_AS:   127663080 kB
VmallocTotal:     311296 kB
VmallocUsed:       37360 kB
VmallocChunk:     148492 kB
Time pass: 227 sec

---2015-12-01 14:34:51
MemTotal:        1745540 kB
MemFree:           70388 kB
Buffers:            6416 kB
Cached:           354488 kB
SwapCached:        53308 kB
Active:           484444 kB
Inactive:         515312 kB
Active(anon):     310480 kB
Inactive(anon):   332464 kB
Active(file):     173964 kB
Inactive(file):   182848 kB
Unevictable:        3816 kB
Mlocked:               0 kB
HighTotal:       1217536 kB
HighFree:          31300 kB
LowTotal:         528004 kB
LowFree:           39088 kB
SwapTotal:       1310716 kB
SwapFree:         733480 kB
Dirty:                 4 kB
Writeback:             0 kB
AnonPages:        622468 kB
Mapped:           316356 kB
Shmem:               276 kB
Slab:              60520 kB
SReclaimable:      15896 kB
SUnreclaim:        44624 kB
KernelStack:       16216 kB
PageTables:        55632 kB
NFS_Unstable:          0 kB
Bounce:                0 kB
WritebackTmp:          0 kB
CommitLimit:     2183484 kB
Committed_AS:   127663160 kB
VmallocTotal:     311296 kB
VmallocUsed:       37360 kB
VmallocChunk:     148492 kB
Time pass: 231 sec

---2015-12-01 14:34:51
MemTotal:        1745540 kB
MemFree:           69352 kB
Buffers:            6416 kB
Cached:           355424 kB
SwapCached:        53328 kB
Active:           484608 kB
Inactive:         516292 kB
Active(anon):     310644 kB
Inactive(anon):   332520 kB
Active(file):     173964 kB
Inactive(file):   183772 kB
Unevictable:        3816 kB
Mlocked:               0 kB
HighTotal:       1217536 kB
HighFree:          30260 kB
LowTotal:         528004 kB
LowFree:           39092 kB
SwapTotal:       1310716 kB
SwapFree:         733528 kB
Dirty:                 4 kB
Writeback:             0 kB
AnonPages:        622728 kB
Mapped:           316356 kB
Shmem:               276 kB
Slab:              60520 kB
SReclaimable:      15896 kB
SUnreclaim:        44624 kB
KernelStack:       16216 kB
PageTables:        55632 kB
NFS_Unstable:          0 kB
Bounce:                0 kB
WritebackTmp:          0 kB
CommitLimit:     2183484 kB
Committed_AS:   127663240 kB
VmallocTotal:     311296 kB
VmallocUsed:       37360 kB
VmallocChunk:     148492 kB
Time pass: 235 sec

---2015-12-01 14:34:51
MemTotal:        1745540 kB
MemFree:           69056 kB
Buffers:            6416 kB
Cached:           355432 kB
SwapCached:        53336 kB
Active:           484836 kB
Inactive:         516340 kB
Active(anon):     310872 kB
Inactive(anon):   332548 kB
Active(file):     173964 kB
Inactive(file):   183792 kB
Unevictable:        3816 kB
Mlocked:               0 kB
HighTotal:       1217536 kB
HighFree:          29928 kB
LowTotal:         528004 kB
LowFree:           39128 kB
SwapTotal:       1310716 kB
SwapFree:         733532 kB
Dirty:                 0 kB
Writeback:             0 kB
AnonPages:        622952 kB
Mapped:           316364 kB
Shmem:               276 kB
Slab:              60484 kB
SReclaimable:      15896 kB
SUnreclaim:        44588 kB
KernelStack:       16216 kB
PageTables:        55632 kB
NFS_Unstable:          0 kB
Bounce:                0 kB
WritebackTmp:          0 kB
CommitLimit:     2183484 kB
Committed_AS:   127663440 kB
VmallocTotal:     311296 kB
VmallocUsed:       37360 kB
VmallocChunk:     148492 kB
Time pass: 238 sec

---2015-12-01 14:34:51
MemTotal:        1745540 kB
MemFree:           68636 kB
Buffers:            6416 kB
Cached:           355432 kB
SwapCached:        53336 kB
Active:           485116 kB
Inactive:         516440 kB
Active(anon):     311144 kB
Inactive(anon):   332656 kB
Active(file):     173972 kB
Inactive(file):   183784 kB
Unevictable:        3816 kB
Mlocked:               0 kB
HighTotal:       1217536 kB
HighFree:          29484 kB
LowTotal:         528004 kB
LowFree:           39152 kB
SwapTotal:       1310716 kB
SwapFree:         733656 kB
Dirty:                 4 kB
Writeback:             0 kB
AnonPages:        623324 kB
Mapped:           316472 kB
Shmem:               276 kB
Slab:              60484 kB
SReclaimable:      15896 kB
SUnreclaim:        44588 kB
KernelStack:       16224 kB
PageTables:        55632 kB
NFS_Unstable:          0 kB
Bounce:                0 kB
WritebackTmp:          0 kB
CommitLimit:     2183484 kB
Committed_AS:   127663968 kB
VmallocTotal:     311296 kB
VmallocUsed:       37360 kB
VmallocChunk:     148492 kB
Time pass: 242 sec

---2015-12-01 14:34:51
MemTotal:        1745540 kB
MemFree:           63728 kB
Buffers:            6416 kB
Cached:           359812 kB
SwapCached:        53316 kB
Active:           485248 kB
Inactive:         520628 kB
Active(anon):     311276 kB
Inactive(anon):   332432 kB
Active(file):     173972 kB
Inactive(file):   188196 kB
Unevictable:        3816 kB
Mlocked:               0 kB
HighTotal:       1217536 kB
HighFree:          25020 kB
LowTotal:         528004 kB
LowFree:           38708 kB
SwapTotal:       1310716 kB
SwapFree:         733772 kB
Dirty:                 4 kB
Writeback:             0 kB
AnonPages:        623536 kB
Mapped:           316960 kB
Shmem:               276 kB
Slab:              60484 kB
SReclaimable:      15896 kB
SUnreclaim:        44588 kB
KernelStack:       16200 kB
PageTables:        55620 kB
NFS_Unstable:          0 kB
Bounce:                0 kB
WritebackTmp:          0 kB
CommitLimit:     2183484 kB
Committed_AS:   127665072 kB
VmallocTotal:     311296 kB
VmallocUsed:       37564 kB
VmallocChunk:     148492 kB
Time pass: 246 sec

---2015-12-01 14:34:51
MemTotal:        1745540 kB
MemFree:           62484 kB
Buffers:            6428 kB
Cached:           360936 kB
SwapCached:        53316 kB
Active:           486412 kB
Inactive:         521748 kB
Active(anon):     312432 kB
Inactive(anon):   332456 kB
Active(file):     173980 kB
Inactive(file):   189292 kB
Unevictable:        3816 kB
Mlocked:               0 kB
HighTotal:       1217536 kB
HighFree:          23352 kB
LowTotal:         528004 kB
LowFree:           39132 kB
SwapTotal:       1310716 kB
SwapFree:         733776 kB
Dirty:                 4 kB
Writeback:             0 kB
AnonPages:        624416 kB
Mapped:           317088 kB
Shmem:               276 kB
Slab:              60468 kB
SReclaimable:      15896 kB
SUnreclaim:        44572 kB
KernelStack:       16192 kB
PageTables:        55616 kB
NFS_Unstable:          0 kB
Bounce:                0 kB
WritebackTmp:          0 kB
CommitLimit:     2183484 kB
Committed_AS:   127667420 kB
VmallocTotal:     311296 kB
VmallocUsed:       37360 kB
VmallocChunk:     148492 kB
Time pass: 249 sec

---2015-12-01 14:34:51
MemTotal:        1745540 kB
MemFree:           58764 kB
Buffers:            6436 kB
Cached:           364688 kB
SwapCached:        53320 kB
Active:           486384 kB
Inactive:         525500 kB
Active(anon):     312404 kB
Inactive(anon):   332448 kB
Active(file):     173980 kB
Inactive(file):   193052 kB
Unevictable:        3816 kB
Mlocked:               0 kB
HighTotal:       1217536 kB
HighFree:          21980 kB
LowTotal:         528004 kB
LowFree:           36784 kB
SwapTotal:       1310716 kB
SwapFree:         733780 kB
Dirty:                 0 kB
Writeback:             0 kB
AnonPages:        624328 kB
Mapped:           317156 kB
Shmem:               276 kB
Slab:              60464 kB
SReclaimable:      15896 kB
SUnreclaim:        44568 kB
KernelStack:       16200 kB
PageTables:        55632 kB
NFS_Unstable:          0 kB
Bounce:                0 kB
WritebackTmp:          0 kB
CommitLimit:     2183484 kB
Committed_AS:   127667460 kB
VmallocTotal:     311296 kB
VmallocUsed:       37360 kB
VmallocChunk:     148492 kB
Time pass: 253 sec

---2015-12-01 14:34:51
MemTotal:        1745540 kB
MemFree:           58472 kB
Buffers:            6436 kB
Cached:           364696 kB
SwapCached:        53320 kB
Active:           486516 kB
Inactive:         525496 kB
Active(anon):     312528 kB
Inactive(anon):   332444 kB
Active(file):     173988 kB
Inactive(file):   193052 kB
Unevictable:        3816 kB
Mlocked:               0 kB
HighTotal:       1217536 kB
HighFree:          21660 kB
LowTotal:         528004 kB
LowFree:           36812 kB
SwapTotal:       1310716 kB
SwapFree:         733780 kB
Dirty:                24 kB
Writeback:             0 kB
AnonPages:        624508 kB
Mapped:           317156 kB
Shmem:               276 kB
Slab:              60464 kB
SReclaimable:      15896 kB
SUnreclaim:        44568 kB
KernelStack:       16200 kB
PageTables:        55632 kB
NFS_Unstable:          0 kB
Bounce:                0 kB
WritebackTmp:          0 kB
CommitLimit:     2183484 kB
Committed_AS:   127667660 kB
VmallocTotal:     311296 kB
VmallocUsed:       37360 kB
VmallocChunk:     148492 kB
Time pass: 257 sec

---2015-12-01 14:34:51
MemTotal:        1745540 kB
MemFree:           58300 kB
Buffers:            6436 kB
Cached:           364696 kB
SwapCached:        53316 kB
Active:           486716 kB
Inactive:         525496 kB
Active(anon):     312728 kB
Inactive(anon):   332444 kB
Active(file):     173988 kB
Inactive(file):   193052 kB
Unevictable:        3816 kB
Mlocked:               0 kB
HighTotal:       1217536 kB
HighFree:          21504 kB
LowTotal:         528004 kB
LowFree:           36796 kB
SwapTotal:       1310716 kB
SwapFree:         733784 kB
Dirty:                 0 kB
Writeback:             0 kB
AnonPages:        624692 kB
Mapped:           317168 kB
Shmem:               276 kB
Slab:              60464 kB
SReclaimable:      15896 kB
SUnreclaim:        44568 kB
KernelStack:       16184 kB
PageTables:        55616 kB
NFS_Unstable:          0 kB
Bounce:                0 kB
WritebackTmp:          0 kB
CommitLimit:     2183484 kB
Committed_AS:   127667740 kB
VmallocTotal:     311296 kB
VmallocUsed:       37360 kB
VmallocChunk:     148492 kB
Time pass: 260 sec

---2015-12-01 14:34:51
MemTotal:        1745540 kB
MemFree:           57800 kB
Buffers:            6436 kB
Cached:           364696 kB
SwapCached:        53316 kB
Active:           486816 kB
Inactive:         525500 kB
Active(anon):     312828 kB
Inactive(anon):   332448 kB
Active(file):     173988 kB
Inactive(file):   193052 kB
Unevictable:        3816 kB
Mlocked:               0 kB
HighTotal:       1217536 kB
HighFree:          21136 kB
LowTotal:         528004 kB
LowFree:           36664 kB
SwapTotal:       1310716 kB
SwapFree:         733788 kB
Dirty:                 0 kB
Writeback:             0 kB
AnonPages:        624936 kB
Mapped:           317092 kB
Shmem:               276 kB
Slab:              60464 kB
SReclaimable:      15896 kB
SUnreclaim:        44568 kB
KernelStack:       16200 kB
PageTables:        55632 kB
NFS_Unstable:          0 kB
Bounce:                0 kB
WritebackTmp:          0 kB
CommitLimit:     2183484 kB
Committed_AS:   127667812 kB
VmallocTotal:     311296 kB
VmallocUsed:       37428 kB
VmallocChunk:     148492 kB
Time pass: 264 sec

---2015-12-01 14:34:51
MemTotal:        1745540 kB
MemFree:           58204 kB
Buffers:            6796 kB
Cached:           364696 kB
SwapCached:        53316 kB
Active:           486888 kB
Inactive:         525872 kB
Active(anon):     312900 kB
Inactive(anon):   332460 kB
Active(file):     173988 kB
Inactive(file):   193412 kB
Unevictable:        3816 kB
Mlocked:               0 kB
HighTotal:       1217536 kB
HighFree:          21320 kB
LowTotal:         528004 kB
LowFree:           36884 kB
SwapTotal:       1310716 kB
SwapFree:         733800 kB
Dirty:                36 kB
Writeback:             0 kB
AnonPages:        624908 kB
Mapped:           317156 kB
Shmem:               276 kB
Slab:              60460 kB
SReclaimable:      15896 kB
SUnreclaim:        44564 kB
KernelStack:       16208 kB
PageTables:        55632 kB
NFS_Unstable:          0 kB
Bounce:                0 kB
WritebackTmp:          0 kB
CommitLimit:     2183484 kB
Committed_AS:   127668468 kB
VmallocTotal:     311296 kB
VmallocUsed:       37360 kB
VmallocChunk:     148492 kB
Time pass: 268 sec

---2015-12-01 14:34:51
MemTotal:        1745540 kB
MemFree:           57640 kB
Buffers:            6796 kB
Cached:           364696 kB
SwapCached:        53316 kB
Active:           487184 kB
Inactive:         525880 kB
Active(anon):     313196 kB
Inactive(anon):   332468 kB
Active(file):     173988 kB
Inactive(file):   193412 kB
Unevictable:        3816 kB
Mlocked:               0 kB
HighTotal:       1217536 kB
HighFree:          20880 kB
LowTotal:         528004 kB
LowFree:           36760 kB
SwapTotal:       1310716 kB
SwapFree:         733808 kB
Dirty:                36 kB
Writeback:             0 kB
AnonPages:        625216 kB
Mapped:           317156 kB
Shmem:               276 kB
Slab:              60460 kB
SReclaimable:      15896 kB
SUnreclaim:        44564 kB
KernelStack:       16208 kB
PageTables:        55632 kB
NFS_Unstable:          0 kB
Bounce:                0 kB
WritebackTmp:          0 kB
CommitLimit:     2183484 kB
Committed_AS:   127668548 kB
VmallocTotal:     311296 kB
VmallocUsed:       37360 kB
VmallocChunk:     148492 kB
Time pass: 271 sec

---2015-12-01 14:34:51
MemTotal:        1745540 kB
MemFree:           57344 kB
Buffers:            6804 kB
Cached:           364696 kB
SwapCached:        53320 kB
Active:           487480 kB
Inactive:         525900 kB
Active(anon):     313492 kB
Inactive(anon):   332480 kB
Active(file):     173988 kB
Inactive(file):   193420 kB
Unevictable:        3816 kB
Mlocked:               0 kB
HighTotal:       1217536 kB
HighFree:          20584 kB
LowTotal:         528004 kB
LowFree:           36760 kB
SwapTotal:       1310716 kB
SwapFree:         733816 kB
Dirty:                32 kB
Writeback:             0 kB
AnonPages:        625496 kB
Mapped:           317156 kB
Shmem:               276 kB
Slab:              60456 kB
SReclaimable:      15896 kB
SUnreclaim:        44560 kB
KernelStack:       16208 kB
PageTables:        55636 kB
NFS_Unstable:          0 kB
Bounce:                0 kB
WritebackTmp:          0 kB
CommitLimit:     2183484 kB
Committed_AS:   127668628 kB
VmallocTotal:     311296 kB
VmallocUsed:       37360 kB
VmallocChunk:     148492 kB
Time pass: 275 sec

---2015-12-01 14:34:51
MemTotal:        1745540 kB
MemFree:           57032 kB
Buffers:            6804 kB
Cached:           364696 kB
SwapCached:        53320 kB
Active:           487688 kB
Inactive:         525904 kB
Active(anon):     313700 kB
Inactive(anon):   332484 kB
Active(file):     173988 kB
Inactive(file):   193420 kB
Unevictable:        3816 kB
Mlocked:               0 kB
HighTotal:       1217536 kB
HighFree:          20376 kB
LowTotal:         528004 kB
LowFree:           36656 kB
SwapTotal:       1310716 kB
SwapFree:         733824 kB
Dirty:                 0 kB
Writeback:             0 kB
AnonPages:        625720 kB
Mapped:           317156 kB
Shmem:               276 kB
Slab:              60464 kB
SReclaimable:      15896 kB
SUnreclaim:        44568 kB
KernelStack:       16208 kB
PageTables:        55640 kB
NFS_Unstable:          0 kB
Bounce:                0 kB
WritebackTmp:          0 kB
CommitLimit:     2183484 kB
Committed_AS:   127668828 kB
VmallocTotal:     311296 kB
VmallocUsed:       37360 kB
VmallocChunk:     148492 kB
Time pass: 278 sec

---2015-12-01 14:34:51
MemTotal:        1745540 kB
MemFree:           56768 kB
Buffers:            6804 kB
Cached:           364696 kB
SwapCached:        53320 kB
Active:           487844 kB
Inactive:         525912 kB
Active(anon):     313856 kB
Inactive(anon):   332492 kB
Active(file):     173988 kB
Inactive(file):   193420 kB
Unevictable:        3816 kB
Mlocked:               0 kB
HighTotal:       1217536 kB
HighFree:          20112 kB
LowTotal:         528004 kB
LowFree:           36656 kB
SwapTotal:       1310716 kB
SwapFree:         733828 kB
Dirty:                 0 kB
Writeback:             0 kB
AnonPages:        625892 kB
Mapped:           317156 kB
Shmem:               276 kB
Slab:              60464 kB
SReclaimable:      15896 kB
SUnreclaim:        44568 kB
KernelStack:       16208 kB
PageTables:        55636 kB
NFS_Unstable:          0 kB
Bounce:                0 kB
WritebackTmp:          0 kB
CommitLimit:     2183484 kB
Committed_AS:   127668908 kB
VmallocTotal:     311296 kB
VmallocUsed:       37360 kB
VmallocChunk:     148492 kB
Time pass: 282 sec

---2015-12-01 14:34:51
MemTotal:        1745540 kB
MemFree:           51284 kB
Buffers:            6808 kB
Cached:           369312 kB
SwapCached:        53440 kB
Active:           488232 kB
Inactive:         530708 kB
Active(anon):     314244 kB
Inactive(anon):   332672 kB
Active(file):     173988 kB
Inactive(file):   198036 kB
Unevictable:        3816 kB
Mlocked:               0 kB
HighTotal:       1217536 kB
HighFree:          18648 kB
LowTotal:         528004 kB
LowFree:           32636 kB
SwapTotal:       1310716 kB
SwapFree:         733888 kB
Dirty:                 4 kB
Writeback:             0 kB
AnonPages:        626368 kB
Mapped:           317308 kB
Shmem:               276 kB
Slab:              60464 kB
SReclaimable:      15896 kB
SUnreclaim:        44568 kB
KernelStack:       16224 kB
PageTables:        55636 kB
NFS_Unstable:          0 kB
Bounce:                0 kB
WritebackTmp:          0 kB
CommitLimit:     2183484 kB
Committed_AS:   127669188 kB
VmallocTotal:     311296 kB
VmallocUsed:       37360 kB
VmallocChunk:     148492 kB
Time pass: 286 sec

---2015-12-01 14:34:51
MemTotal:        1745540 kB
MemFree:           51056 kB
Buffers:            6808 kB
Cached:           369308 kB
SwapCached:        53440 kB
Active:           488344 kB
Inactive:         530708 kB
Active(anon):     314352 kB
Inactive(anon):   332676 kB
Active(file):     173992 kB
Inactive(file):   198032 kB
Unevictable:        3816 kB
Mlocked:               0 kB
HighTotal:       1217536 kB
HighFree:          18648 kB
LowTotal:         528004 kB
LowFree:           32408 kB
SwapTotal:       1310716 kB
SwapFree:         733892 kB
Dirty:                 4 kB
Writeback:             0 kB
AnonPages:        626576 kB
Mapped:           317320 kB
Shmem:               276 kB
Slab:              60464 kB
SReclaimable:      15896 kB
SUnreclaim:        44568 kB
KernelStack:       16208 kB
PageTables:        55620 kB
NFS_Unstable:          0 kB
Bounce:                0 kB
WritebackTmp:          0 kB
CommitLimit:     2183484 kB
Committed_AS:   127669268 kB
VmallocTotal:     311296 kB
VmallocUsed:       37360 kB
VmallocChunk:     148492 kB
Time pass: 289 sec

---2015-12-01 14:34:51
MemTotal:        1745540 kB
MemFree:           51004 kB
Buffers:            6816 kB
Cached:           369308 kB
SwapCached:        53440 kB
Active:           488532 kB
Inactive:         530712 kB
Active(anon):     314540 kB
Inactive(anon):   332676 kB
Active(file):     173992 kB
Inactive(file):   198036 kB
Unevictable:        3816 kB
Mlocked:               0 kB
HighTotal:       1217536 kB
HighFree:          18648 kB
LowTotal:         528004 kB
LowFree:           32356 kB
SwapTotal:       1310716 kB
SwapFree:         733908 kB
Dirty:                24 kB
Writeback:             0 kB
AnonPages:        626732 kB
Mapped:           317308 kB
Shmem:               276 kB
Slab:              60464 kB
SReclaimable:      15896 kB
SUnreclaim:        44568 kB
KernelStack:       16224 kB
PageTables:        55636 kB
NFS_Unstable:          0 kB
Bounce:                0 kB
WritebackTmp:          0 kB
CommitLimit:     2183484 kB
Committed_AS:   127669348 kB
VmallocTotal:     311296 kB
VmallocUsed:       37360 kB
VmallocChunk:     148492 kB
Time pass: 293 sec

---2015-12-01 14:34:51
MemTotal:        1745540 kB
MemFree:           50720 kB
Buffers:            6816 kB
Cached:           369308 kB
SwapCached:        53436 kB
Active:           488724 kB
Inactive:         530732 kB
Active(anon):     314732 kB
Inactive(anon):   332692 kB
Active(file):     173992 kB
Inactive(file):   198040 kB
Unevictable:        3816 kB
Mlocked:               0 kB
HighTotal:       1217536 kB
HighFree:          18648 kB
LowTotal:         528004 kB
LowFree:           32072 kB
SwapTotal:       1310716 kB
SwapFree:         733916 kB
Dirty:                 4 kB
Writeback:             0 kB
AnonPages:        626956 kB
Mapped:           317308 kB
Shmem:               276 kB
Slab:              60464 kB
SReclaimable:      15896 kB
SUnreclaim:        44568 kB
KernelStack:       16224 kB
PageTables:        55636 kB
NFS_Unstable:          0 kB
Bounce:                0 kB
WritebackTmp:          0 kB
CommitLimit:     2183484 kB
Committed_AS:   127669540 kB
VmallocTotal:     311296 kB
VmallocUsed:       37360 kB
VmallocChunk:     148492 kB
Time pass: 297 sec

---2015-12-01 14:34:51
MemTotal:        1745540 kB
MemFree:           45484 kB
Buffers:            6824 kB
Cached:           369300 kB
SwapCached:        53440 kB
Active:           493832 kB
Inactive:         530748 kB
Active(anon):     319840 kB
Inactive(anon):   332704 kB
Active(file):     173992 kB
Inactive(file):   198044 kB
Unevictable:        3816 kB
Mlocked:               0 kB
HighTotal:       1217536 kB
HighFree:          18544 kB
LowTotal:         528004 kB
LowFree:           26940 kB
SwapTotal:       1310716 kB
SwapFree:         733924 kB
Dirty:                 8 kB
Writeback:             0 kB
AnonPages:        632128 kB
Mapped:           317260 kB
Shmem:               276 kB
Slab:              60460 kB
SReclaimable:      15896 kB
SUnreclaim:        44564 kB
KernelStack:       16224 kB
PageTables:        55636 kB
NFS_Unstable:          0 kB
Bounce:                0 kB
WritebackTmp:          0 kB
CommitLimit:     2183484 kB
Committed_AS:   127669644 kB
VmallocTotal:     311296 kB
VmallocUsed:       37428 kB
VmallocChunk:     148492 kB
Time pass: 300 sec

---2015-12-01 14:34:51
MemTotal:        1745540 kB
MemFree:           61604 kB
Buffers:            6572 kB
Cached:           352256 kB
SwapCached:        53448 kB
Active:           500560 kB
Inactive:         508716 kB
Active(anon):     325860 kB
Inactive(anon):   329036 kB
Active(file):     174700 kB
Inactive(file):   179680 kB
Unevictable:        3816 kB
Mlocked:               0 kB
HighTotal:       1217536 kB
HighFree:          34308 kB
LowTotal:         528004 kB
LowFree:           27296 kB
SwapTotal:       1310716 kB
SwapFree:         731848 kB
Dirty:                 8 kB
Writeback:             0 kB
AnonPages:        634360 kB
Mapped:           312848 kB
Shmem:               524 kB
Slab:              60416 kB
SReclaimable:      15896 kB
SUnreclaim:        44520 kB
KernelStack:       16536 kB
PageTables:        55836 kB
NFS_Unstable:          0 kB
Bounce:                0 kB
WritebackTmp:          0 kB
CommitLimit:     2183484 kB
Committed_AS:   127701656 kB
VmallocTotal:     311296 kB
VmallocUsed:       37544 kB
VmallocChunk:     148492 kB
Time pass: 304 sec

---2015-12-01 14:34:51
MemTotal:        1745540 kB
MemFree:           48868 kB
Buffers:            6572 kB
Cached:           350420 kB
SwapCached:        53616 kB
Active:           508596 kB
Inactive:         512420 kB
Active(anon):     334088 kB
Inactive(anon):   334408 kB
Active(file):     174508 kB
Inactive(file):   178012 kB
Unevictable:        3816 kB
Mlocked:               0 kB
HighTotal:       1217536 kB
HighFree:          23928 kB
LowTotal:         528004 kB
LowFree:           24940 kB
SwapTotal:       1310716 kB
SwapFree:         730684 kB
Dirty:                40 kB
Writeback:             0 kB
AnonPages:        647720 kB
Mapped:           319648 kB
Shmem:               616 kB
Slab:              60660 kB
SReclaimable:      15896 kB
SUnreclaim:        44764 kB
KernelStack:       16896 kB
PageTables:        56444 kB
NFS_Unstable:          0 kB
Bounce:                0 kB
WritebackTmp:          0 kB
CommitLimit:     2183484 kB
Committed_AS:   129238648 kB
VmallocTotal:     311296 kB
VmallocUsed:       37544 kB
VmallocChunk:     148492 kB
Time pass: 308 sec

---2015-12-01 14:34:51
MemTotal:        1745540 kB
MemFree:           47660 kB
Buffers:            8116 kB
Cached:           350452 kB
SwapCached:        53620 kB
Active:           508676 kB
Inactive:         514020 kB
Active(anon):     334136 kB
Inactive(anon):   334456 kB
Active(file):     174540 kB
Inactive(file):   179564 kB
Unevictable:        3816 kB
Mlocked:               0 kB
HighTotal:       1217536 kB
HighFree:          24076 kB
LowTotal:         528004 kB
LowFree:           23584 kB
SwapTotal:       1310716 kB
SwapFree:         730700 kB
Dirty:                72 kB
Writeback:             0 kB
AnonPages:        647644 kB
Mapped:           319568 kB
Shmem:               648 kB
Slab:              60664 kB
SReclaimable:      15896 kB
SUnreclaim:        44768 kB
KernelStack:       16872 kB
PageTables:        56464 kB
NFS_Unstable:          0 kB
Bounce:                0 kB
WritebackTmp:          0 kB
CommitLimit:     2183484 kB
Committed_AS:   129238816 kB
VmallocTotal:     311296 kB
VmallocUsed:       37476 kB
VmallocChunk:     148492 kB
Time pass: 311 sec

---2015-12-01 14:34:51
MemTotal:        1745540 kB
MemFree:           45928 kB
Buffers:            8132 kB
Cached:           350452 kB
SwapCached:        53616 kB
Active:           510052 kB
Inactive:         514060 kB
Active(anon):     335512 kB
Inactive(anon):   334480 kB
Active(file):     174540 kB
Inactive(file):   179580 kB
Unevictable:        3816 kB
Mlocked:               0 kB
HighTotal:       1217536 kB
HighFree:          22204 kB
LowTotal:         528004 kB
LowFree:           23724 kB
SwapTotal:       1310716 kB
SwapFree:         730728 kB
Dirty:                80 kB
Writeback:             0 kB
AnonPages:        648960 kB
Mapped:           319620 kB
Shmem:               648 kB
Slab:              60656 kB
SReclaimable:      15896 kB
SUnreclaim:        44760 kB
KernelStack:       16840 kB
PageTables:        56440 kB
NFS_Unstable:          0 kB
Bounce:                0 kB
WritebackTmp:          0 kB
CommitLimit:     2183484 kB
Committed_AS:   129238900 kB
VmallocTotal:     311296 kB
VmallocUsed:       37476 kB
VmallocChunk:     148492 kB
Time pass: 315 sec

---2015-12-01 14:34:51
MemTotal:        1745540 kB
MemFree:           44820 kB
Buffers:            8140 kB
Cached:           350452 kB
SwapCached:        53616 kB
Active:           511828 kB
Inactive:         514088 kB
Active(anon):     337288 kB
Inactive(anon):   334500 kB
Active(file):     174540 kB
Inactive(file):   179588 kB
Unevictable:        3816 kB
Mlocked:               0 kB
HighTotal:       1217536 kB
HighFree:          20672 kB
LowTotal:         528004 kB
LowFree:           24148 kB
SwapTotal:       1310716 kB
SwapFree:         730756 kB
Dirty:                32 kB
Writeback:             0 kB
AnonPages:        650784 kB
Mapped:           319628 kB
Shmem:               648 kB
Slab:              60656 kB
SReclaimable:      15896 kB
SUnreclaim:        44760 kB
KernelStack:       16840 kB
PageTables:        56444 kB
NFS_Unstable:          0 kB
Bounce:                0 kB
WritebackTmp:          0 kB
CommitLimit:     2183484 kB
Committed_AS:   129239100 kB
VmallocTotal:     311296 kB
VmallocUsed:       37476 kB
VmallocChunk:     148492 kB
Time pass: 319 sec

---2015-12-01 14:34:51
MemTotal:        1745540 kB
MemFree:           55764 kB
Buffers:            8156 kB
Cached:           350320 kB
SwapCached:        53596 kB
Active:           509432 kB
Inactive:         506500 kB
Active(anon):     327372 kB
Inactive(anon):   334548 kB
Active(file):     182060 kB
Inactive(file):   171952 kB
Unevictable:        3816 kB
Mlocked:               0 kB
HighTotal:       1217536 kB
HighFree:          29080 kB
LowTotal:         528004 kB
LowFree:           26684 kB
SwapTotal:       1310716 kB
SwapFree:         730876 kB
Dirty:                 0 kB
Writeback:             0 kB
AnonPages:        640940 kB
Mapped:           312412 kB
Shmem:               648 kB
Slab:              60572 kB
SReclaimable:      15896 kB
SUnreclaim:        44676 kB
KernelStack:       16504 kB
PageTables:        55832 kB
NFS_Unstable:          0 kB
Bounce:                0 kB
WritebackTmp:          0 kB
CommitLimit:     2183484 kB
Committed_AS:   127702312 kB
VmallocTotal:     311296 kB
VmallocUsed:       37476 kB
VmallocChunk:     148492 kB
Time pass: 322 sec

---2015-12-01 14:34:51
MemTotal:        1745540 kB
MemFree:           45516 kB
Buffers:            8156 kB
Cached:           345964 kB
SwapCached:        53592 kB
Active:           515788 kB
Inactive:         509148 kB
Active(anon):     337716 kB
Inactive(anon):   337560 kB
Active(file):     178072 kB
Inactive(file):   171588 kB
Unevictable:        3816 kB
Mlocked:               0 kB
HighTotal:       1217536 kB
HighFree:          20500 kB
LowTotal:         528004 kB
LowFree:           25016 kB
SwapTotal:       1310716 kB
SwapFree:         729068 kB
Dirty:                88 kB
Writeback:             0 kB
AnonPages:        654536 kB
Mapped:           318320 kB
Shmem:               648 kB
Slab:              60804 kB
SReclaimable:      15912 kB
SUnreclaim:        44892 kB
KernelStack:       16888 kB
PageTables:        56444 kB
NFS_Unstable:          0 kB
Bounce:                0 kB
WritebackTmp:          0 kB
CommitLimit:     2183484 kB
Committed_AS:   129239012 kB
VmallocTotal:     311296 kB
VmallocUsed:       38496 kB
VmallocChunk:     148492 kB
Time pass: 326 sec

---2015-12-01 14:34:51
MemTotal:        1745540 kB
MemFree:           45520 kB
Buffers:            8164 kB
Cached:           345920 kB
SwapCached:        53596 kB
Active:           515844 kB
Inactive:         509008 kB
Active(anon):     337760 kB
Inactive(anon):   337672 kB
Active(file):     178084 kB
Inactive(file):   171336 kB
Unevictable:        3816 kB
Mlocked:               0 kB
HighTotal:       1217536 kB
HighFree:          20556 kB
LowTotal:         528004 kB
LowFree:           24964 kB
SwapTotal:       1310716 kB
SwapFree:         729080 kB
Dirty:                 0 kB
Writeback:             0 kB
AnonPages:        654372 kB
Mapped:           318252 kB
Shmem:               756 kB
Slab:              60736 kB
SReclaimable:      15912 kB
SUnreclaim:        44824 kB
KernelStack:       16888 kB
PageTables:        56444 kB
NFS_Unstable:          0 kB
Bounce:                0 kB
WritebackTmp:          0 kB
CommitLimit:     2183484 kB
Committed_AS:   129239148 kB
VmallocTotal:     311296 kB
VmallocUsed:       38564 kB
VmallocChunk:     148492 kB
Time pass: 330 sec

---2015-12-01 14:34:51
MemTotal:        1745540 kB
MemFree:           48340 kB
Buffers:            8180 kB
Cached:           345872 kB
SwapCached:        53592 kB
Active:           513596 kB
Inactive:         509052 kB
Active(anon):     335496 kB
Inactive(anon):   337676 kB
Active(file):     178100 kB
Inactive(file):   171376 kB
Unevictable:        3816 kB
Mlocked:               0 kB
HighTotal:       1217536 kB
HighFree:          22780 kB
LowTotal:         528004 kB
LowFree:           25560 kB
SwapTotal:       1310716 kB
SwapFree:         729100 kB
Dirty:                36 kB
Writeback:             0 kB
AnonPages:        652308 kB
Mapped:           318372 kB
Shmem:               756 kB
Slab:              60820 kB
SReclaimable:      15912 kB
SUnreclaim:        44908 kB
KernelStack:       16880 kB
PageTables:        56448 kB
NFS_Unstable:          0 kB
Bounce:                0 kB
WritebackTmp:          0 kB
CommitLimit:     2183484 kB
Committed_AS:   129239252 kB
VmallocTotal:     311296 kB
VmallocUsed:       38564 kB
VmallocChunk:     148492 kB
Time pass: 333 sec

---2015-12-01 14:34:51
MemTotal:        1745540 kB
MemFree:           47184 kB
Buffers:            8188 kB
Cached:           345884 kB
SwapCached:        53640 kB
Active:           514144 kB
Inactive:         509104 kB
Active(anon):     336044 kB
Inactive(anon):   337720 kB
Active(file):     178100 kB
Inactive(file):   171384 kB
Unevictable:        3816 kB
Mlocked:               0 kB
HighTotal:       1217536 kB
HighFree:          22128 kB
LowTotal:         528004 kB
LowFree:           25056 kB
SwapTotal:       1310716 kB
SwapFree:         729176 kB
Dirty:                40 kB
Writeback:             0 kB
AnonPages:        652624 kB
Mapped:           318388 kB
Shmem:               772 kB
Slab:              60708 kB
SReclaimable:      15904 kB
SUnreclaim:        44804 kB
KernelStack:       16896 kB
PageTables:        56456 kB
NFS_Unstable:          0 kB
Bounce:                0 kB
WritebackTmp:          0 kB
CommitLimit:     2183484 kB
Committed_AS:   129241444 kB
VmallocTotal:     311296 kB
VmallocUsed:       38564 kB
VmallocChunk:     148492 kB
Time pass: 337 sec

---2015-12-01 14:34:51
MemTotal:        1745540 kB
MemFree:           58228 kB
Buffers:            8204 kB
Cached:           345884 kB
SwapCached:        53632 kB
Active:           503856 kB
Inactive:         509204 kB
Active(anon):     325748 kB
Inactive(anon):   337812 kB
Active(file):     178108 kB
Inactive(file):   171392 kB
Unevictable:        3816 kB
Mlocked:               0 kB
HighTotal:       1217536 kB
HighFree:          31244 kB
LowTotal:         528004 kB
LowFree:           26984 kB
SwapTotal:       1310716 kB
SwapFree:         729304 kB
Dirty:                48 kB
Writeback:             0 kB
AnonPages:        642460 kB
Mapped:           311120 kB
Shmem:               772 kB
Slab:              60840 kB
SReclaimable:      15904 kB
SUnreclaim:        44936 kB
KernelStack:       16560 kB
PageTables:        55844 kB
NFS_Unstable:          0 kB
Bounce:                0 kB
WritebackTmp:          0 kB
CommitLimit:     2183484 kB
Committed_AS:   127703672 kB
VmallocTotal:     311296 kB
VmallocUsed:       37544 kB
VmallocChunk:     148492 kB
Time pass: 341 sec

---2015-12-01 14:34:51
MemTotal:        1745540 kB
MemFree:           48532 kB
Buffers:            8220 kB
Cached:           346952 kB
SwapCached:        53624 kB
Active:           512196 kB
Inactive:         510276 kB
Active(anon):     334100 kB
Inactive(anon):   337864 kB
Active(file):     178096 kB
Inactive(file):   172412 kB
Unevictable:        3816 kB
Mlocked:               0 kB
HighTotal:       1217536 kB
HighFree:          21868 kB
LowTotal:         528004 kB
LowFree:           26664 kB
SwapTotal:       1310716 kB
SwapFree:         729628 kB
Dirty:                16 kB
Writeback:             0 kB
AnonPages:        650960 kB
Mapped:           316744 kB
Shmem:               772 kB
Slab:              60736 kB
SReclaimable:      15904 kB
SUnreclaim:        44832 kB
KernelStack:       16640 kB
PageTables:        56296 kB
NFS_Unstable:          0 kB
Bounce:                0 kB
WritebackTmp:          0 kB
CommitLimit:     2183484 kB
Committed_AS:   129228936 kB
VmallocTotal:     311296 kB
VmallocUsed:       37544 kB
VmallocChunk:     148492 kB
Time pass: 344 sec

---2015-12-01 14:34:51
MemTotal:        1745540 kB
MemFree:           48456 kB
Buffers:            8220 kB
Cached:           340916 kB
SwapCached:        53780 kB
Active:           511448 kB
Inactive:         509592 kB
Active(anon):     338276 kB
Inactive(anon):   338356 kB
Active(file):     173172 kB
Inactive(file):   171236 kB
Unevictable:        3816 kB
Mlocked:               0 kB
HighTotal:       1217536 kB
HighFree:          23672 kB
LowTotal:         528004 kB
LowFree:           24784 kB
SwapTotal:       1310716 kB
SwapFree:         728344 kB
Dirty:               108 kB
Writeback:             0 kB
AnonPages:        655684 kB
Mapped:           317276 kB
Shmem:               772 kB
Slab:              60868 kB
SReclaimable:      15904 kB
SUnreclaim:        44964 kB
KernelStack:       16848 kB
PageTables:        56448 kB
NFS_Unstable:          0 kB
Bounce:                0 kB
WritebackTmp:          0 kB
CommitLimit:     2183484 kB
Committed_AS:   129233700 kB
VmallocTotal:     311296 kB
VmallocUsed:       37544 kB
VmallocChunk:     148492 kB
Time pass: 348 sec

---2015-12-01 14:34:51
MemTotal:        1745540 kB
MemFree:           55256 kB
Buffers:            8228 kB
Cached:           340856 kB
SwapCached:        53772 kB
Active:           505408 kB
Inactive:         509548 kB
Active(anon):     332224 kB
Inactive(anon):   338252 kB
Active(file):     173184 kB
Inactive(file):   171296 kB
Unevictable:        3816 kB
Mlocked:               0 kB
HighTotal:       1217536 kB
HighFree:          29412 kB
LowTotal:         528004 kB
LowFree:           25844 kB
SwapTotal:       1310716 kB
SwapFree:         728420 kB
Dirty:                68 kB
Writeback:             0 kB
AnonPages:        649292 kB
Mapped:           317292 kB
Shmem:               788 kB
Slab:              60808 kB
SReclaimable:      15904 kB
SUnreclaim:        44904 kB
KernelStack:       16880 kB
PageTables:        56448 kB
NFS_Unstable:          0 kB
Bounce:                0 kB
WritebackTmp:          0 kB
CommitLimit:     2183484 kB
Committed_AS:   129233868 kB
VmallocTotal:     311296 kB
VmallocUsed:       37544 kB
VmallocChunk:     148492 kB
Time pass: 352 sec

---2015-12-01 14:34:51
MemTotal:        1745540 kB
MemFree:           57492 kB
Buffers:            8232 kB
Cached:           340600 kB
SwapCached:        53768 kB
Active:           504216 kB
Inactive:         509472 kB
Active(anon):     331252 kB
Inactive(anon):   338216 kB
Active(file):     172964 kB
Inactive(file):   171256 kB
Unevictable:        3816 kB
Mlocked:               0 kB
HighTotal:       1217536 kB
HighFree:          30512 kB
LowTotal:         528004 kB
LowFree:           26980 kB
SwapTotal:       1310716 kB
SwapFree:         728444 kB
Dirty:                 0 kB
Writeback:             0 kB
AnonPages:        648404 kB
Mapped:           316960 kB
Shmem:               796 kB
Slab:              60888 kB
SReclaimable:      15904 kB
SUnreclaim:        44984 kB
KernelStack:       16824 kB
PageTables:        56432 kB
NFS_Unstable:          0 kB
Bounce:                0 kB
WritebackTmp:          0 kB
CommitLimit:     2183484 kB
Committed_AS:   129233956 kB
VmallocTotal:     311296 kB
VmallocUsed:       37476 kB
VmallocChunk:     148492 kB
Time pass: 355 sec

---2015-12-01 14:34:51
MemTotal:        1745540 kB
MemFree:           66268 kB
Buffers:            8232 kB
Cached:           340524 kB
SwapCached:        53800 kB
Active:           494724 kB
Inactive:         509152 kB
Active(anon):     321832 kB
Inactive(anon):   337904 kB
Active(file):     172892 kB
Inactive(file):   171248 kB
Unevictable:        3816 kB
Mlocked:               0 kB
HighTotal:       1217536 kB
HighFree:          37624 kB
LowTotal:         528004 kB
LowFree:           28644 kB
SwapTotal:       1310716 kB
SwapFree:         728476 kB
Dirty:                36 kB
Writeback:             0 kB
AnonPages:        638356 kB
Mapped:           310188 kB
Shmem:               796 kB
Slab:              60836 kB
SReclaimable:      15904 kB
SUnreclaim:        44932 kB
KernelStack:       16880 kB
PageTables:        55856 kB
NFS_Unstable:          0 kB
Bounce:                0 kB
WritebackTmp:          0 kB
CommitLimit:     2183484 kB
Committed_AS:   127696544 kB
VmallocTotal:     311296 kB
VmallocUsed:       37544 kB
VmallocChunk:     148492 kB
Time pass: 359 sec

---2015-12-01 14:34:51
MemTotal:        1745540 kB
MemFree:           63400 kB
Buffers:            8248 kB
Cached:           340648 kB
SwapCached:        53792 kB
Active:           498900 kB
Inactive:         509384 kB
Active(anon):     325996 kB
Inactive(anon):   337964 kB
Active(file):     172904 kB
Inactive(file):   171420 kB
Unevictable:        3816 kB
Mlocked:               0 kB
HighTotal:       1217536 kB
HighFree:          34248 kB
LowTotal:         528004 kB
LowFree:           29152 kB
SwapTotal:       1310716 kB
SwapFree:         728492 kB
Dirty:                 0 kB
Writeback:             0 kB
AnonPages:        642448 kB
Mapped:           313036 kB
Shmem:               796 kB
Slab:              60744 kB
SReclaimable:      15904 kB
SUnreclaim:        44840 kB
KernelStack:       16512 kB
PageTables:        56236 kB
NFS_Unstable:          0 kB
Bounce:                0 kB
WritebackTmp:          0 kB
CommitLimit:     2183484 kB
Committed_AS:   129211400 kB
VmallocTotal:     311296 kB
VmallocUsed:       37544 kB
VmallocChunk:     148492 kB
Time pass: 363 sec

---2015-12-01 14:34:51
MemTotal:        1745540 kB
MemFree:           50800 kB
Buffers:            8268 kB
Cached:           340876 kB
SwapCached:        53856 kB
Active:           510740 kB
Inactive:         509644 kB
Active(anon):     337836 kB
Inactive(anon):   338140 kB
Active(file):     172904 kB
Inactive(file):   171504 kB
Unevictable:        3816 kB
Mlocked:               0 kB
HighTotal:       1217536 kB
HighFree:          22124 kB
LowTotal:         528004 kB
LowFree:           28676 kB
SwapTotal:       1310716 kB
SwapFree:         728576 kB
Dirty:               112 kB
Writeback:             0 kB
AnonPages:        654896 kB
Mapped:           317188 kB
Shmem:               920 kB
Slab:              60836 kB
SReclaimable:      15904 kB
SUnreclaim:        44932 kB
KernelStack:       16784 kB
PageTables:        56452 kB
NFS_Unstable:          0 kB
Bounce:                0 kB
WritebackTmp:          0 kB
CommitLimit:     2183484 kB
Committed_AS:   129233444 kB
VmallocTotal:     311296 kB
VmallocUsed:       37544 kB
VmallocChunk:     148492 kB
Time pass: 366 sec

---2015-12-01 14:34:51
MemTotal:        1745540 kB
MemFree:           51596 kB
Buffers:            8276 kB
Cached:           340892 kB
SwapCached:        53856 kB
Active:           510664 kB
Inactive:         509720 kB
Active(anon):     337760 kB
Inactive(anon):   338216 kB
Active(file):     172904 kB
Inactive(file):   171504 kB
Unevictable:        3816 kB
Mlocked:               0 kB
HighTotal:       1217536 kB
HighFree:          22252 kB
LowTotal:         528004 kB
LowFree:           29344 kB
SwapTotal:       1310716 kB
SwapFree:         728580 kB
Dirty:                76 kB
Writeback:             0 kB
AnonPages:        654608 kB
Mapped:           317028 kB
Shmem:               944 kB
Slab:              60804 kB
SReclaimable:      15904 kB
SUnreclaim:        44900 kB
KernelStack:       16832 kB
PageTables:        56452 kB
NFS_Unstable:          0 kB
Bounce:                0 kB
WritebackTmp:          0 kB
CommitLimit:     2183484 kB
Committed_AS:   129233436 kB
VmallocTotal:     311296 kB
VmallocUsed:       37476 kB
VmallocChunk:     148492 kB
Time pass: 370 sec

---2015-12-01 14:34:51
MemTotal:        1745540 kB
MemFree:           50828 kB
Buffers:            8292 kB
Cached:           340900 kB
SwapCached:        53856 kB
Active:           511028 kB
Inactive:         509744 kB
Active(anon):     338124 kB
Inactive(anon):   338216 kB
Active(file):     172904 kB
Inactive(file):   171528 kB
Unevictable:        3816 kB
Mlocked:               0 kB
HighTotal:       1217536 kB
HighFree:          21844 kB
LowTotal:         528004 kB
LowFree:           28984 kB
SwapTotal:       1310716 kB
SwapFree:         728580 kB
Dirty:                48 kB
Writeback:             0 kB
AnonPages:        654908 kB
Mapped:           317152 kB
Shmem:               944 kB
Slab:              60848 kB
SReclaimable:      15908 kB
SUnreclaim:        44940 kB
KernelStack:       16840 kB
PageTables:        56452 kB
NFS_Unstable:          0 kB
Bounce:                0 kB
WritebackTmp:          0 kB
CommitLimit:     2183484 kB
Committed_AS:   129233588 kB
VmallocTotal:     311296 kB
VmallocUsed:       37476 kB
VmallocChunk:     148492 kB
Time pass: 373 sec

---2015-12-01 14:34:51
MemTotal:        1745540 kB
MemFree:           50344 kB
Buffers:            8300 kB
Cached:           340900 kB
SwapCached:        53856 kB
Active:           511384 kB
Inactive:         509776 kB
Active(anon):     338480 kB
Inactive(anon):   338240 kB
Active(file):     172904 kB
Inactive(file):   171536 kB
Unevictable:        3816 kB
Mlocked:               0 kB
HighTotal:       1217536 kB
HighFree:          21120 kB
LowTotal:         528004 kB
LowFree:           29224 kB
SwapTotal:       1310716 kB
SwapFree:         728604 kB
Dirty:                56 kB
Writeback:             0 kB
AnonPages:        655252 kB
Mapped:           317212 kB
Shmem:               944 kB
Slab:              60944 kB
SReclaimable:      15908 kB
SUnreclaim:        45036 kB
KernelStack:       16888 kB
PageTables:        56452 kB
NFS_Unstable:          0 kB
Bounce:                0 kB
WritebackTmp:          0 kB
CommitLimit:     2183484 kB
Committed_AS:   129233796 kB
VmallocTotal:     311296 kB
VmallocUsed:       37544 kB
VmallocChunk:     148492 kB
Time pass: 377 sec

---2015-12-01 14:34:51
MemTotal:        1745540 kB
MemFree:           61584 kB
Buffers:            8316 kB
Cached:           340900 kB
SwapCached:        53860 kB
Active:           500904 kB
Inactive:         509712 kB
Active(anon):     327872 kB
Inactive(anon):   338288 kB
Active(file):     173032 kB
Inactive(file):   171424 kB
Unevictable:        3816 kB
Mlocked:               0 kB
HighTotal:       1217536 kB
HighFree:          31824 kB
LowTotal:         528004 kB
LowFree:           29760 kB
SwapTotal:       1310716 kB
SwapFree:         728660 kB
Dirty:                48 kB
Writeback:             0 kB
AnonPages:        644648 kB
Mapped:           310068 kB
Shmem:               944 kB
Slab:              60856 kB
SReclaimable:      15908 kB
SUnreclaim:        44948 kB
KernelStack:       16504 kB
PageTables:        55840 kB
NFS_Unstable:          0 kB
Bounce:                0 kB
WritebackTmp:          0 kB
CommitLimit:     2183484 kB
Committed_AS:   127697192 kB
VmallocTotal:     311296 kB
VmallocUsed:       37476 kB
VmallocChunk:     148492 kB
Time pass: 381 sec

---2015-12-01 14:34:51
MemTotal:        1745540 kB
MemFree:           44812 kB
Buffers:            8332 kB
Cached:           340900 kB
SwapCached:        53860 kB
Active:           516296 kB
Inactive:         509772 kB
Active(anon):     343264 kB
Inactive(anon):   338332 kB
Active(file):     173032 kB
Inactive(file):   171440 kB
Unevictable:        3816 kB
Mlocked:               0 kB
HighTotal:       1217536 kB
HighFree:          19288 kB
LowTotal:         528004 kB
LowFree:           25524 kB
SwapTotal:       1310716 kB
SwapFree:         728700 kB
Dirty:               120 kB
Writeback:             0 kB
AnonPages:        660136 kB
Mapped:           317024 kB
Shmem:               944 kB
Slab:              61020 kB
SReclaimable:      15908 kB
SUnreclaim:        45112 kB
KernelStack:       16864 kB
PageTables:        56456 kB
NFS_Unstable:          0 kB
Bounce:                0 kB
WritebackTmp:          0 kB
CommitLimit:     2183484 kB
Committed_AS:   129235168 kB
VmallocTotal:     311296 kB
VmallocUsed:       37476 kB
VmallocChunk:     148492 kB
Time pass: 385 sec

---2015-12-01 14:34:51
MemTotal:        1745540 kB
MemFree:           47324 kB
Buffers:            8300 kB
Cached:           337932 kB
SwapCached:        53892 kB
Active:           511092 kB
Inactive:         511656 kB
Active(anon):     340384 kB
Inactive(anon):   340804 kB
Active(file):     170708 kB
Inactive(file):   170852 kB
Unevictable:        3816 kB
Mlocked:               0 kB
HighTotal:       1217536 kB
HighFree:          21588 kB
LowTotal:         528004 kB
LowFree:           25736 kB
SwapTotal:       1310716 kB
SwapFree:         727452 kB
Dirty:                20 kB
Writeback:             0 kB
AnonPages:        659744 kB
Mapped:           316664 kB
Shmem:               944 kB
Slab:              61020 kB
SReclaimable:      15908 kB
SUnreclaim:        45112 kB
KernelStack:       16832 kB
PageTables:        56460 kB
NFS_Unstable:          0 kB
Bounce:                0 kB
WritebackTmp:          0 kB
CommitLimit:     2183484 kB
Committed_AS:   129235372 kB
VmallocTotal:     311296 kB
VmallocUsed:       37544 kB
VmallocChunk:     148492 kB
Time pass: 388 sec

---2015-12-01 14:34:51
MemTotal:        1745540 kB
MemFree:           47588 kB
Buffers:            8324 kB
Cached:           338220 kB
SwapCached:        53896 kB
Active:           510696 kB
Inactive:         511752 kB
Active(anon):     340048 kB
Inactive(anon):   340676 kB
Active(file):     170648 kB
Inactive(file):   171076 kB
Unevictable:        3816 kB
Mlocked:               0 kB
HighTotal:       1217536 kB
HighFree:          21752 kB
LowTotal:         528004 kB
LowFree:           25836 kB
SwapTotal:       1310716 kB
SwapFree:         727460 kB
Dirty:                48 kB
Writeback:             0 kB
AnonPages:        659260 kB
Mapped:           316496 kB
Shmem:              1004 kB
Slab:              60992 kB
SReclaimable:      15908 kB
SUnreclaim:        45084 kB
KernelStack:       16832 kB
PageTables:        56460 kB
NFS_Unstable:          0 kB
Bounce:                0 kB
WritebackTmp:          0 kB
CommitLimit:     2183484 kB
Committed_AS:   129235588 kB
VmallocTotal:     311296 kB
VmallocUsed:       37544 kB
VmallocChunk:     148492 kB
Time pass: 392 sec

---2015-12-01 14:34:51
MemTotal:        1745540 kB
MemFree:           47640 kB
Buffers:            8332 kB
Cached:           338240 kB
SwapCached:        53896 kB
Active:           511412 kB
Inactive:         511780 kB
Active(anon):     340760 kB
Inactive(anon):   340680 kB
Active(file):     170652 kB
Inactive(file):   171100 kB
Unevictable:        3816 kB
Mlocked:               0 kB
HighTotal:       1217536 kB
HighFree:          21108 kB
LowTotal:         528004 kB
LowFree:           26532 kB
SwapTotal:       1310716 kB
SwapFree:         727464 kB
Dirty:                 0 kB
Writeback:             0 kB
AnonPages:        660176 kB
Mapped:           316712 kB
Shmem:              1004 kB
Slab:              60928 kB
SReclaimable:      15908 kB
SUnreclaim:        45020 kB
KernelStack:       16880 kB
PageTables:        56460 kB
NFS_Unstable:          0 kB
Bounce:                0 kB
WritebackTmp:          0 kB
CommitLimit:     2183484 kB
Committed_AS:   129235700 kB
VmallocTotal:     311296 kB
VmallocUsed:       37544 kB
VmallocChunk:     148492 kB
Time pass: 396 sec

---2015-12-01 14:34:51
MemTotal:        1745540 kB
MemFree:           59148 kB
Buffers:            8332 kB
Cached:           338240 kB
SwapCached:        53892 kB
Active:           500136 kB
Inactive:         511816 kB
Active(anon):     329484 kB
Inactive(anon):   340716 kB
Active(file):     170652 kB
Inactive(file):   171100 kB
Unevictable:        3816 kB
Mlocked:               0 kB
HighTotal:       1217536 kB
HighFree:          30740 kB
LowTotal:         528004 kB
LowFree:           28408 kB
SwapTotal:       1310716 kB
SwapFree:         727512 kB
Dirty:                 4 kB
