---2015-12-15 11:39:31
MemTotal:        2746844 kB
MemFree:          108188 kB
Buffers:           11008 kB
Cached:          1000040 kB
SwapCached:         2080 kB
Active:           884448 kB
Inactive:         971328 kB
Active(anon):     410404 kB
Inactive(anon):   455400 kB
Active(file):     474044 kB
Inactive(file):   515928 kB
Unevictable:       35812 kB
Mlocked:           27768 kB
SwapTotal:       1310716 kB
SwapFree:        1264864 kB
Dirty:                 0 kB
Writeback:             0 kB
AnonPages:        879396 kB
Mapped:           473928 kB
Shmem:              1916 kB
Slab:             107328 kB
SReclaimable:      31092 kB
SUnreclaim:        76236 kB
KernelStack:       32576 kB
PageTables:        58072 kB
NFS_Unstable:          0 kB
Bounce:                0 kB
WritebackTmp:          0 kB
CommitLimit:     2684136 kB
Committed_AS:   140401004 kB
VmallocTotal:   251658176 kB
VmallocUsed:      290368 kB
VmallocChunk:   247561408 kB
Time pass: 3 sec

---2015-12-15 11:39:31
MemTotal:        2746844 kB
MemFree:          105648 kB
Buffers:           11016 kB
Cached:          1000936 kB
SwapCached:         2080 kB
Active:           884968 kB
Inactive:         972184 kB
Active(anon):     410920 kB
Inactive(anon):   455400 kB
Active(file):     474048 kB
Inactive(file):   516784 kB
Unevictable:       35812 kB
Mlocked:           27768 kB
SwapTotal:       1310716 kB
SwapFree:        1264864 kB
Dirty:                32 kB
Writeback:             0 kB
AnonPages:        879764 kB
Mapped:           474072 kB
Shmem:              1916 kB
Slab:             107352 kB
SReclaimable:      31092 kB
SUnreclaim:        76260 kB
KernelStack:       32592 kB
PageTables:        58100 kB
NFS_Unstable:          0 kB
Bounce:                0 kB
WritebackTmp:          0 kB
CommitLimit:     2684136 kB
Committed_AS:   140401052 kB
VmallocTotal:   251658176 kB
VmallocUsed:      290368 kB
VmallocChunk:   247561408 kB
Time pass: 7 sec

---2015-12-15 11:39:31
MemTotal:        2746844 kB
MemFree:          105504 kB
Buffers:           11016 kB
Cached:          1000940 kB
SwapCached:         2080 kB
Active:           885004 kB
Inactive:         972228 kB
Active(anon):     410944 kB
Inactive(anon):   455376 kB
Active(file):     474060 kB
Inactive(file):   516852 kB
Unevictable:       35812 kB
Mlocked:           27768 kB
SwapTotal:       1310716 kB
SwapFree:        1264864 kB
Dirty:                32 kB
Writeback:             0 kB
AnonPages:        879888 kB
Mapped:           473988 kB
Shmem:              1916 kB
Slab:             107340 kB
SReclaimable:      31092 kB
SUnreclaim:        76248 kB
KernelStack:       32576 kB
PageTables:        58080 kB
NFS_Unstable:          0 kB
Bounce:                0 kB
WritebackTmp:          0 kB
CommitLimit:     2684136 kB
Committed_AS:   140401068 kB
VmallocTotal:   251658176 kB
VmallocUsed:      290368 kB
VmallocChunk:   247561408 kB
Time pass: 10 sec

---2015-12-15 11:39:31
MemTotal:        2746844 kB
MemFree:          105984 kB
Buffers:           11024 kB
Cached:          1000940 kB
SwapCached:         2080 kB
Active:           885156 kB
Inactive:         972248 kB
Active(anon):     411096 kB
Inactive(anon):   455376 kB
Active(file):     474060 kB
Inactive(file):   516872 kB
Unevictable:       35812 kB
Mlocked:           27768 kB
SwapTotal:       1310716 kB
SwapFree:        1264864 kB
Dirty:                32 kB
Writeback:             0 kB
AnonPages:        879912 kB
Mapped:           474072 kB
Shmem:              1916 kB
Slab:             107324 kB
SReclaimable:      31092 kB
SUnreclaim:        76232 kB
KernelStack:       32560 kB
PageTables:        58108 kB
NFS_Unstable:          0 kB
Bounce:                0 kB
WritebackTmp:          0 kB
CommitLimit:     2684136 kB
Committed_AS:   140400996 kB
VmallocTotal:   251658176 kB
VmallocUsed:      290368 kB
VmallocChunk:   247561408 kB
Time pass: 14 sec

---2015-12-15 11:39:31
MemTotal:        2746844 kB
MemFree:          105840 kB
Buffers:           11024 kB
Cached:          1000940 kB
SwapCached:         2080 kB
Active:           885244 kB
Inactive:         972256 kB
Active(anon):     411184 kB
Inactive(anon):   455376 kB
Active(file):     474060 kB
Inactive(file):   516880 kB
Unevictable:       35812 kB
Mlocked:           27768 kB
SwapTotal:       1310716 kB
SwapFree:        1264864 kB
Dirty:                 0 kB
Writeback:             0 kB
AnonPages:        879980 kB
Mapped:           474156 kB
Shmem:              1916 kB
Slab:             107364 kB
SReclaimable:      31092 kB
SUnreclaim:        76272 kB
KernelStack:       32560 kB
PageTables:        58136 kB
NFS_Unstable:          0 kB
Bounce:                0 kB
WritebackTmp:          0 kB
CommitLimit:     2684136 kB
Committed_AS:   140400996 kB
VmallocTotal:   251658176 kB
VmallocUsed:      290368 kB
VmallocChunk:   247561408 kB
Time pass: 17 sec

---2015-12-15 11:39:31
MemTotal:        2746844 kB
MemFree:          106856 kB
Buffers:           11024 kB
Cached:          1000940 kB
SwapCached:         2080 kB
Active:           885640 kB
Inactive:         972256 kB
Active(anon):     411580 kB
Inactive(anon):   455376 kB
Active(file):     474060 kB
Inactive(file):   516880 kB
Unevictable:       35812 kB
Mlocked:           27768 kB
SwapTotal:       1310716 kB
SwapFree:        1264864 kB
Dirty:                 0 kB
Writeback:             0 kB
AnonPages:        880228 kB
Mapped:           474156 kB
Shmem:              1916 kB
Slab:             107364 kB
SReclaimable:      31092 kB
SUnreclaim:        76272 kB
KernelStack:       32560 kB
PageTables:        58136 kB
NFS_Unstable:          0 kB
Bounce:                0 kB
WritebackTmp:          0 kB
CommitLimit:     2684136 kB
Committed_AS:   140401004 kB
VmallocTotal:   251658176 kB
VmallocUsed:      290368 kB
VmallocChunk:   247561408 kB
Time pass: 21 sec

---2015-12-15 11:39:31
MemTotal:        2746844 kB
MemFree:           63416 kB
Buffers:            9340 kB
Cached:           942104 kB
SwapCached:         2400 kB
Active:           911764 kB
Inactive:         915480 kB
Active(anon):     446192 kB
Inactive(anon):   451080 kB
Active(file):     465572 kB
Inactive(file):   464400 kB
Unevictable:       35812 kB
Mlocked:           27768 kB
SwapTotal:       1310716 kB
SwapFree:        1258512 kB
Dirty:               892 kB
Writeback:             0 kB
AnonPages:        910380 kB
Mapped:           484084 kB
Shmem:              3140 kB
Slab:             107504 kB
SReclaimable:      31112 kB
SUnreclaim:        76392 kB
KernelStack:       33328 kB
PageTables:        58856 kB
NFS_Unstable:          0 kB
Bounce:                0 kB
WritebackTmp:          0 kB
CommitLimit:     2684136 kB
Committed_AS:   141719992 kB
VmallocTotal:   251658176 kB
VmallocUsed:      291968 kB
VmallocChunk:   247561408 kB
Time pass: 25 sec

---2015-12-15 11:39:31
MemTotal:        2746844 kB
MemFree:           94068 kB
Buffers:            8260 kB
Cached:           826212 kB
SwapCached:         3356 kB
Active:           809900 kB
Inactive:         820284 kB
Active(anon):     401820 kB
Inactive(anon):   414448 kB
Active(file):     408080 kB
Inactive(file):   405836 kB
Unevictable:       35812 kB
Mlocked:           27768 kB
SwapTotal:       1310716 kB
SwapFree:        1195808 kB
Dirty:               948 kB
Writeback:             0 kB
AnonPages:        828820 kB
Mapped:           472060 kB
Shmem:              1972 kB
Slab:             108932 kB
SReclaimable:      31632 kB
SUnreclaim:        77300 kB
KernelStack:       33968 kB
PageTables:        59520 kB
NFS_Unstable:          0 kB
Bounce:                0 kB
WritebackTmp:          0 kB
CommitLimit:     2684136 kB
Committed_AS:   141711828 kB
VmallocTotal:   251658176 kB
VmallocUsed:      301040 kB
VmallocChunk:   247561408 kB
Time pass: 29 sec

---2015-12-15 11:39:31
MemTotal:        2746844 kB
MemFree:           93324 kB
Buffers:            8264 kB
Cached:           826484 kB
SwapCached:         3356 kB
Active:           809084 kB
Inactive:         819704 kB
Active(anon):     401428 kB
Inactive(anon):   413692 kB
Active(file):     407656 kB
Inactive(file):   406012 kB
Unevictable:       35812 kB
Mlocked:           27768 kB
SwapTotal:       1310716 kB
SwapFree:        1195808 kB
Dirty:                 0 kB
Writeback:             0 kB
AnonPages:        827716 kB
Mapped:           472020 kB
Shmem:              1972 kB
Slab:             109260 kB
SReclaimable:      31632 kB
SUnreclaim:        77628 kB
KernelStack:       33968 kB
PageTables:        59232 kB
NFS_Unstable:          0 kB
Bounce:                0 kB
WritebackTmp:          0 kB
CommitLimit:     2684136 kB
Committed_AS:   141711828 kB
VmallocTotal:   251658176 kB
VmallocUsed:      301040 kB
VmallocChunk:   247561408 kB
Time pass: 32 sec

---2015-12-15 11:39:31
MemTotal:        2746844 kB
MemFree:           93060 kB
Buffers:            8320 kB
Cached:           827396 kB
SwapCached:         3356 kB
Active:           809440 kB
Inactive:         820160 kB
Active(anon):     401376 kB
Inactive(anon):   413600 kB
Active(file):     408064 kB
Inactive(file):   406560 kB
Unevictable:       35812 kB
Mlocked:           27768 kB
SwapTotal:       1310716 kB
SwapFree:        1195812 kB
Dirty:               164 kB
Writeback:             0 kB
AnonPages:        827576 kB
Mapped:           472236 kB
Shmem:              1972 kB
Slab:             109192 kB
SReclaimable:      31632 kB
SUnreclaim:        77560 kB
KernelStack:       33984 kB
PageTables:        59260 kB
NFS_Unstable:          0 kB
Bounce:                0 kB
WritebackTmp:          0 kB
CommitLimit:     2684136 kB
Committed_AS:   141711868 kB
VmallocTotal:   251658176 kB
VmallocUsed:      301040 kB
VmallocChunk:   247561408 kB
Time pass: 36 sec

---2015-12-15 11:39:31
MemTotal:        2746844 kB
MemFree:           80808 kB
Buffers:            8320 kB
Cached:           827396 kB
SwapCached:         3356 kB
Active:           822740 kB
Inactive:         819740 kB
Active(anon):     414092 kB
Inactive(anon):   413600 kB
Active(file):     408648 kB
Inactive(file):   406140 kB
Unevictable:       35812 kB
Mlocked:           27768 kB
SwapTotal:       1310716 kB
SwapFree:        1195812 kB
Dirty:               584 kB
Writeback:             0 kB
AnonPages:        840012 kB
Mapped:           472248 kB
Shmem:              1972 kB
Slab:             109216 kB
SReclaimable:      31632 kB
SUnreclaim:        77584 kB
KernelStack:       33968 kB
PageTables:        59260 kB
NFS_Unstable:          0 kB
Bounce:                0 kB
WritebackTmp:          0 kB
CommitLimit:     2684136 kB
Committed_AS:   141711852 kB
VmallocTotal:   251658176 kB
VmallocUsed:      301040 kB
VmallocChunk:   247561408 kB
Time pass: 39 sec

---2015-12-15 11:39:31
MemTotal:        2746844 kB
MemFree:           69020 kB
Buffers:            8348 kB
Cached:           832508 kB
SwapCached:         3444 kB
Active:           820004 kB
Inactive:         824600 kB
Active(anon):     411300 kB
Inactive(anon):   413612 kB
Active(file):     408704 kB
Inactive(file):   410988 kB
Unevictable:       35812 kB
Mlocked:           27768 kB
SwapTotal:       1310716 kB
SwapFree:        1195812 kB
Dirty:               812 kB
Writeback:             0 kB
AnonPages:        837276 kB
Mapped:           473200 kB
Shmem:              1972 kB
Slab:             109216 kB
SReclaimable:      31632 kB
SUnreclaim:        77584 kB
KernelStack:       34016 kB
PageTables:        59276 kB
NFS_Unstable:          0 kB
Bounce:                0 kB
WritebackTmp:          0 kB
CommitLimit:     2684136 kB
Committed_AS:   141714808 kB
VmallocTotal:   251658176 kB
VmallocUsed:      301516 kB
VmallocChunk:   247561408 kB
Time pass: 43 sec

---2015-12-15 11:39:31
MemTotal:        2746844 kB
MemFree:           69300 kB
Buffers:            8244 kB
Cached:           791148 kB
SwapCached:         3472 kB
Active:           804452 kB
Inactive:         811008 kB
Active(anon):     415492 kB
Inactive(anon):   421468 kB
Active(file):     388960 kB
Inactive(file):   389540 kB
Unevictable:       35812 kB
Mlocked:           27768 kB
SwapTotal:       1310716 kB
SwapFree:        1193012 kB
Dirty:                60 kB
Writeback:             0 kB
AnonPages:        850712 kB
Mapped:           474664 kB
Shmem:              1968 kB
Slab:             109276 kB
SReclaimable:      31636 kB
SUnreclaim:        77640 kB
KernelStack:       34368 kB
PageTables:        59520 kB
NFS_Unstable:          0 kB
Bounce:                0 kB
WritebackTmp:          0 kB
CommitLimit:     2684136 kB
Committed_AS:   141723344 kB
VmallocTotal:   251658176 kB
VmallocUsed:      301996 kB
VmallocChunk:   247561408 kB
Time pass: 46 sec

---2015-12-15 11:39:31
MemTotal:        2746844 kB
MemFree:           66284 kB
Buffers:            8032 kB
Cached:           788524 kB
SwapCached:         3472 kB
Active:           810516 kB
Inactive:         810652 kB
Active(anon):     422764 kB
Inactive(anon):   422924 kB
Active(file):     387752 kB
Inactive(file):   387728 kB
Unevictable:       35812 kB
Mlocked:           27768 kB
SwapTotal:       1310716 kB
SwapFree:        1192976 kB
Dirty:               108 kB
Writeback:             0 kB
AnonPages:        857976 kB
Mapped:           475068 kB
Shmem:              1968 kB
Slab:             109308 kB
SReclaimable:      31636 kB
SUnreclaim:        77672 kB
KernelStack:       34272 kB
PageTables:        59548 kB
NFS_Unstable:          0 kB
Bounce:                0 kB
WritebackTmp:          0 kB
CommitLimit:     2684136 kB
Committed_AS:   141723344 kB
VmallocTotal:   251658176 kB
VmallocUsed:      301876 kB
VmallocChunk:   247561408 kB
Time pass: 49 sec

---2015-12-15 11:39:31
MemTotal:        2746844 kB
MemFree:           72908 kB
Buffers:            8076 kB
Cached:           732956 kB
SwapCached:         3512 kB
Active:           789452 kB
Inactive:         795888 kB
Active(anon):     428384 kB
Inactive(anon):   435264 kB
Active(file):     361068 kB
Inactive(file):   360624 kB
Unevictable:       35812 kB
Mlocked:           27768 kB
SwapTotal:       1310716 kB
SwapFree:        1191696 kB
Dirty:              1040 kB
Writeback:             0 kB
AnonPages:        876500 kB
Mapped:           478496 kB
Shmem:              1968 kB
Slab:             109276 kB
SReclaimable:      31700 kB
SUnreclaim:        77576 kB
KernelStack:       34320 kB
PageTables:        59584 kB
NFS_Unstable:          0 kB
Bounce:                0 kB
WritebackTmp:          0 kB
CommitLimit:     2684136 kB
Committed_AS:   141735928 kB
VmallocTotal:   251658176 kB
VmallocUsed:      302512 kB
VmallocChunk:   247561408 kB
Time pass: 53 sec

---2015-12-15 11:39:31
MemTotal:        2746844 kB
MemFree:           66736 kB
Buffers:            7920 kB
Cached:           735168 kB
SwapCached:         3512 kB
Active:           793924 kB
Inactive:         796884 kB
Active(anon):     433528 kB
Inactive(anon):   435296 kB
Active(file):     360396 kB
Inactive(file):   361588 kB
Unevictable:       35812 kB
Mlocked:           27768 kB
SwapTotal:       1310716 kB
SwapFree:        1191696 kB
Dirty:              6672 kB
Writeback:             0 kB
AnonPages:        881324 kB
Mapped:           478956 kB
Shmem:              1968 kB
Slab:             109284 kB
SReclaimable:      31724 kB
SUnreclaim:        77560 kB
KernelStack:       34352 kB
PageTables:        59544 kB
NFS_Unstable:          0 kB
Bounce:                0 kB
WritebackTmp:          0 kB
CommitLimit:     2684136 kB
Committed_AS:   141748172 kB
VmallocTotal:   251658176 kB
VmallocUsed:      302512 kB
VmallocChunk:   247561408 kB
Time pass: 58 sec

---2015-12-15 11:39:31
MemTotal:        2746844 kB
MemFree:           66260 kB
Buffers:            7928 kB
Cached:           735168 kB
SwapCached:         3512 kB
Active:           794228 kB
Inactive:         796900 kB
Active(anon):     433832 kB
Inactive(anon):   435292 kB
Active(file):     360396 kB
Inactive(file):   361608 kB
Unevictable:       35812 kB
Mlocked:           27768 kB
SwapTotal:       1310716 kB
SwapFree:        1191696 kB
Dirty:                56 kB
Writeback:             0 kB
AnonPages:        881424 kB
Mapped:           479040 kB
Shmem:              1968 kB
Slab:             109292 kB
SReclaimable:      31724 kB
SUnreclaim:        77568 kB
KernelStack:       34352 kB
PageTables:        59572 kB
NFS_Unstable:          0 kB
Bounce:                0 kB
WritebackTmp:          0 kB
CommitLimit:     2684136 kB
Committed_AS:   141748128 kB
VmallocTotal:   251658176 kB
VmallocUsed:      302512 kB
VmallocChunk:   247561408 kB
Time pass: 61 sec

---2015-12-15 11:39:31
MemTotal:        2746844 kB
MemFree:           69884 kB
Buffers:            7868 kB
Cached:           731636 kB
SwapCached:         3516 kB
Active:           788540 kB
Inactive:         793948 kB
Active(anon):     429132 kB
Inactive(anon):   434944 kB
Active(file):     359408 kB
Inactive(file):   359004 kB
Unevictable:       35812 kB
Mlocked:           27768 kB
SwapTotal:       1310716 kB
SwapFree:        1191692 kB
Dirty:                76 kB
Writeback:             0 kB
AnonPages:        876628 kB
Mapped:           478964 kB
Shmem:              1968 kB
Slab:             109324 kB
SReclaimable:      31724 kB
SUnreclaim:        77600 kB
KernelStack:       34352 kB
PageTables:        59540 kB
NFS_Unstable:          0 kB
Bounce:                0 kB
WritebackTmp:          0 kB
CommitLimit:     2684136 kB
Committed_AS:   141748256 kB
VmallocTotal:   251658176 kB
VmallocUsed:      302512 kB
VmallocChunk:   247561408 kB
Time pass: 65 sec

---2015-12-15 11:39:31
MemTotal:        2746844 kB
MemFree:           68860 kB
Buffers:            7868 kB
Cached:           731780 kB
SwapCached:         3516 kB
Active:           788624 kB
Inactive:         794076 kB
Active(anon):     429208 kB
Inactive(anon):   434944 kB
Active(file):     359416 kB
Inactive(file):   359132 kB
Unevictable:       35812 kB
Mlocked:           27768 kB
SwapTotal:       1310716 kB
SwapFree:        1191692 kB
Dirty:               128 kB
Writeback:             0 kB
AnonPages:        876920 kB
Mapped:           478964 kB
Shmem:              1968 kB
Slab:             109440 kB
SReclaimable:      31744 kB
SUnreclaim:        77696 kB
KernelStack:       34336 kB
PageTables:        59540 kB
NFS_Unstable:          0 kB
Bounce:                0 kB
WritebackTmp:          0 kB
CommitLimit:     2684136 kB
Committed_AS:   141748256 kB
VmallocTotal:   251658176 kB
VmallocUsed:      302512 kB
VmallocChunk:   247561408 kB
Time pass: 69 sec

---2015-12-15 11:39:31
MemTotal:        2746844 kB
MemFree:           61368 kB
Buffers:            7876 kB
Cached:           729836 kB
SwapCached:         3516 kB
Active:           797260 kB
Inactive:         794088 kB
Active(anon):     438128 kB
Inactive(anon):   435984 kB
Active(file):     359132 kB
Inactive(file):   358104 kB
Unevictable:       35812 kB
Mlocked:           27768 kB
SwapTotal:       1310716 kB
SwapFree:        1191616 kB
Dirty:               484 kB
Writeback:             0 kB
AnonPages:        886912 kB
Mapped:           478980 kB
Shmem:              1968 kB
Slab:             109344 kB
SReclaimable:      31744 kB
SUnreclaim:        77600 kB
KernelStack:       34336 kB
PageTables:        59540 kB
NFS_Unstable:          0 kB
Bounce:                0 kB
WritebackTmp:          0 kB
CommitLimit:     2684136 kB
Committed_AS:   141748172 kB
VmallocTotal:   251658176 kB
VmallocUsed:      302512 kB
VmallocChunk:   247561408 kB
Time pass: 72 sec

---2015-12-15 11:39:31
MemTotal:        2746844 kB
MemFree:           67580 kB
Buffers:            7116 kB
Cached:           692228 kB
SwapCached:         3528 kB
Active:           771648 kB
Inactive:         774276 kB
Active(anon):     433108 kB
Inactive(anon):   434548 kB
Active(file):     338540 kB
Inactive(file):   339728 kB
Unevictable:       35812 kB
Mlocked:           27768 kB
SwapTotal:       1310716 kB
SwapFree:        1186876 kB
Dirty:               528 kB
Writeback:             0 kB
AnonPages:        879792 kB
Mapped:           478020 kB
Shmem:              1968 kB
Slab:             109612 kB
SReclaimable:      31812 kB
SUnreclaim:        77800 kB
KernelStack:       34352 kB
PageTables:        59564 kB
NFS_Unstable:          0 kB
Bounce:                0 kB
WritebackTmp:          0 kB
CommitLimit:     2684136 kB
Committed_AS:   141748608 kB
VmallocTotal:   251658176 kB
VmallocUsed:      303056 kB
VmallocChunk:   247561408 kB
Time pass: 76 sec

---2015-12-15 11:39:31
MemTotal:        2746844 kB
MemFree:           66252 kB
Buffers:            6788 kB
Cached:           676540 kB
SwapCached:         3720 kB
Active:           771088 kB
Inactive:         773176 kB
Active(anon):     440084 kB
Inactive(anon):   441464 kB
Active(file):     331004 kB
Inactive(file):   331712 kB
Unevictable:       35812 kB
Mlocked:           27768 kB
SwapTotal:       1310716 kB
SwapFree:        1184192 kB
Dirty:               360 kB
Writeback:             0 kB
AnonPages:        895508 kB
Mapped:           482172 kB
Shmem:              2060 kB
Slab:             109612 kB
SReclaimable:      31812 kB
SUnreclaim:        77800 kB
KernelStack:       34624 kB
PageTables:        59588 kB
NFS_Unstable:          0 kB
Bounce:                0 kB
WritebackTmp:          0 kB
CommitLimit:     2684136 kB
Committed_AS:   141768980 kB
VmallocTotal:   251658176 kB
VmallocUsed:      305436 kB
VmallocChunk:   247561408 kB
Time pass: 79 sec

---2015-12-15 11:39:31
MemTotal:        2746844 kB
MemFree:           65896 kB
Buffers:            6584 kB
Cached:           668720 kB
SwapCached:         3744 kB
Active:           770360 kB
Inactive:         769900 kB
Active(anon):     443136 kB
Inactive(anon):   443456 kB
Active(file):     327224 kB
Inactive(file):   326444 kB
Unevictable:       35812 kB
Mlocked:           27768 kB
SwapTotal:       1310716 kB
SwapFree:        1181876 kB
Dirty:                 0 kB
Writeback:             0 kB
AnonPages:        899080 kB
Mapped:           481652 kB
Shmem:              2132 kB
Slab:             110080 kB
SReclaimable:      31816 kB
SUnreclaim:        78264 kB
KernelStack:       34848 kB
PageTables:        59720 kB
NFS_Unstable:          0 kB
Bounce:                0 kB
WritebackTmp:          0 kB
CommitLimit:     2684136 kB
Committed_AS:   141773204 kB
VmallocTotal:   251658176 kB
VmallocUsed:      309624 kB
VmallocChunk:   247561408 kB
Time pass: 83 sec

---2015-12-15 11:39:31
MemTotal:        2746844 kB
MemFree:           66236 kB
Buffers:            6228 kB
Cached:           656156 kB
SwapCached:         3760 kB
Active:           768172 kB
Inactive:         758756 kB
Active(anon):     443564 kB
Inactive(anon):   442324 kB
Active(file):     324608 kB
Inactive(file):   316432 kB
Unevictable:       35812 kB
Mlocked:           27768 kB
SwapTotal:       1310716 kB
SwapFree:        1178536 kB
Dirty:                64 kB
Writeback:             0 kB
AnonPages:        897828 kB
Mapped:           480128 kB
Shmem:              2236 kB
Slab:             110008 kB
SReclaimable:      31704 kB
SUnreclaim:        78304 kB
KernelStack:       34656 kB
PageTables:        59860 kB
NFS_Unstable:          0 kB
Bounce:                0 kB
WritebackTmp:          0 kB
CommitLimit:     2684136 kB
Committed_AS:   141773212 kB
VmallocTotal:   251658176 kB
VmallocUsed:      309780 kB
VmallocChunk:   247561408 kB
Time pass: 86 sec

---2015-12-15 11:39:31
MemTotal:        2746844 kB
MemFree:           75088 kB
Buffers:            6200 kB
Cached:           651780 kB
SwapCached:         3768 kB
Active:           767200 kB
Inactive:         752536 kB
Active(anon):     441552 kB
Inactive(anon):   442072 kB
Active(file):     325648 kB
Inactive(file):   310464 kB
Unevictable:       35812 kB
Mlocked:           27768 kB
SwapTotal:       1310716 kB
SwapFree:        1173796 kB
Dirty:                 4 kB
Writeback:             0 kB
AnonPages:        894188 kB
Mapped:           477588 kB
Shmem:              2856 kB
Slab:             109528 kB
SReclaimable:      31188 kB
SUnreclaim:        78340 kB
KernelStack:       34672 kB
PageTables:        59860 kB
NFS_Unstable:          0 kB
Bounce:                0 kB
WritebackTmp:          0 kB
CommitLimit:     2684136 kB
Committed_AS:   141773680 kB
VmallocTotal:   251658176 kB
VmallocUsed:      309780 kB
VmallocChunk:   247561408 kB
Time pass: 90 sec

---2015-12-15 11:39:31
MemTotal:        2746844 kB
MemFree:           75508 kB
Buffers:            6208 kB
Cached:           651736 kB
SwapCached:         3768 kB
Active:           766220 kB
Inactive:         752328 kB
Active(anon):     440840 kB
Inactive(anon):   441896 kB
Active(file):     325380 kB
Inactive(file):   310432 kB
Unevictable:       35812 kB
Mlocked:           27768 kB
SwapTotal:       1310716 kB
SwapFree:        1173796 kB
Dirty:                36 kB
Writeback:             0 kB
AnonPages:        893072 kB
Mapped:           477832 kB
Shmem:              2904 kB
Slab:             109568 kB
SReclaimable:      31188 kB
SUnreclaim:        78380 kB
KernelStack:       34672 kB
PageTables:        59888 kB
NFS_Unstable:          0 kB
Bounce:                0 kB
WritebackTmp:          0 kB
CommitLimit:     2684136 kB
Committed_AS:   141773696 kB
VmallocTotal:   251658176 kB
VmallocUsed:      309780 kB
VmallocChunk:   247561408 kB
Time pass: 93 sec

---2015-12-15 11:39:31
MemTotal:        2746844 kB
MemFree:           73988 kB
Buffers:            6264 kB
Cached:           653664 kB
SwapCached:         3788 kB
Active:           765256 kB
Inactive:         753360 kB
Active(anon):     439752 kB
Inactive(anon):   441096 kB
Active(file):     325504 kB
Inactive(file):   312264 kB
Unevictable:       35812 kB
Mlocked:           27768 kB
SwapTotal:       1310716 kB
SwapFree:        1174272 kB
Dirty:                88 kB
Writeback:             0 kB
AnonPages:        891956 kB
Mapped:           477596 kB
Shmem:              2904 kB
Slab:             109620 kB
SReclaimable:      31156 kB
SUnreclaim:        78464 kB
KernelStack:       34304 kB
PageTables:        59852 kB
NFS_Unstable:          0 kB
Bounce:                0 kB
WritebackTmp:          0 kB
CommitLimit:     2684136 kB
Committed_AS:   141776872 kB
VmallocTotal:   251658176 kB
VmallocUsed:      309780 kB
VmallocChunk:   247561408 kB
Time pass: 97 sec

---2015-12-15 11:39:31
MemTotal:        2746844 kB
MemFree:           75780 kB
Buffers:            6280 kB
Cached:           653628 kB
SwapCached:         3792 kB
Active:           764112 kB
Inactive:         753492 kB
Active(anon):     438608 kB
Inactive(anon):   441100 kB
Active(file):     325504 kB
Inactive(file):   312392 kB
Unevictable:       35812 kB
Mlocked:           27768 kB
SwapTotal:       1310716 kB
SwapFree:        1174272 kB
Dirty:                68 kB
Writeback:             0 kB
AnonPages:        890936 kB
Mapped:           477612 kB
Shmem:              2904 kB
Slab:             109572 kB
SReclaimable:      31156 kB
SUnreclaim:        78416 kB
KernelStack:       34272 kB
PageTables:        59864 kB
NFS_Unstable:          0 kB
Bounce:                0 kB
WritebackTmp:          0 kB
CommitLimit:     2684136 kB
Committed_AS:   141785016 kB
VmallocTotal:   251658176 kB
VmallocUsed:      309780 kB
VmallocChunk:   247561408 kB
Time pass: 100 sec

---2015-12-15 11:39:31
MemTotal:        2746844 kB
MemFree:           76220 kB
Buffers:            6288 kB
Cached:           653620 kB
SwapCached:         3792 kB
Active:           764292 kB
Inactive:         753464 kB
Active(anon):     438788 kB
Inactive(anon):   441072 kB
Active(file):     325504 kB
Inactive(file):   312392 kB
Unevictable:       35812 kB
Mlocked:           27768 kB
SwapTotal:       1310716 kB
SwapFree:        1174272 kB
Dirty:                 0 kB
Writeback:             0 kB
AnonPages:        891124 kB
Mapped:           477636 kB
Shmem:              2904 kB
Slab:             109564 kB
SReclaimable:      31156 kB
SUnreclaim:        78408 kB
KernelStack:       34240 kB
PageTables:        59860 kB
NFS_Unstable:          0 kB
Bounce:                0 kB
WritebackTmp:          0 kB
CommitLimit:     2684136 kB
Committed_AS:   141784984 kB
VmallocTotal:   251658176 kB
VmallocUsed:      309780 kB
VmallocChunk:   247561408 kB
Time pass: 104 sec

---2015-12-15 11:39:31
MemTotal:        2746844 kB
MemFree:           74196 kB
Buffers:            6304 kB
Cached:           653860 kB
SwapCached:         3792 kB
Active:           765312 kB
Inactive:         753716 kB
Active(anon):     439808 kB
Inactive(anon):   441108 kB
Active(file):     325504 kB
Inactive(file):   312608 kB
Unevictable:       35812 kB
Mlocked:           27768 kB
SwapTotal:       1310716 kB
SwapFree:        1174272 kB
Dirty:                40 kB
Writeback:             0 kB
AnonPages:        892316 kB
Mapped:           477692 kB
Shmem:              2944 kB
Slab:             109692 kB
SReclaimable:      31156 kB
SUnreclaim:        78536 kB
KernelStack:       34224 kB
PageTables:        59856 kB
NFS_Unstable:          0 kB
Bounce:                0 kB
WritebackTmp:          0 kB
CommitLimit:     2684136 kB
Committed_AS:   141784976 kB
VmallocTotal:   251658176 kB
VmallocUsed:      309780 kB
VmallocChunk:   247561408 kB
Time pass: 107 sec

---2015-12-15 11:39:31
MemTotal:        2746844 kB
MemFree:           79744 kB
Buffers:            6304 kB
Cached:           653880 kB
SwapCached:         3832 kB
Active:           765608 kB
Inactive:         753772 kB
Active(anon):     440104 kB
Inactive(anon):   441108 kB
Active(file):     325504 kB
Inactive(file):   312664 kB
Unevictable:       35812 kB
Mlocked:           27768 kB
SwapTotal:       1310716 kB
SwapFree:        1174280 kB
Dirty:                 0 kB
Writeback:             0 kB
AnonPages:        892528 kB
Mapped:           477680 kB
Shmem:              2944 kB
Slab:             109676 kB
SReclaimable:      31156 kB
SUnreclaim:        78520 kB
KernelStack:       34208 kB
PageTables:        59860 kB
NFS_Unstable:          0 kB
Bounce:                0 kB
WritebackTmp:          0 kB
CommitLimit:     2684136 kB
Committed_AS:   141784984 kB
VmallocTotal:   251658176 kB
VmallocUsed:      309780 kB
VmallocChunk:   247561408 kB
Time pass: 111 sec

---2015-12-15 11:39:31
MemTotal:        2746844 kB
MemFree:           80944 kB
Buffers:            6312 kB
Cached:           653984 kB
SwapCached:         3836 kB
Active:           763824 kB
Inactive:         753584 kB
Active(anon):     438320 kB
Inactive(anon):   440912 kB
Active(file):     325504 kB
Inactive(file):   312672 kB
Unevictable:       35812 kB
Mlocked:           27768 kB
SwapTotal:       1310716 kB
SwapFree:        1174320 kB
Dirty:                32 kB
Writeback:             0 kB
AnonPages:        890384 kB
Mapped:           477824 kB
Shmem:              3008 kB
Slab:             109616 kB
SReclaimable:      31152 kB
SUnreclaim:        78464 kB
KernelStack:       33936 kB
PageTables:        59844 kB
NFS_Unstable:          0 kB
Bounce:                0 kB
WritebackTmp:          0 kB
CommitLimit:     2684136 kB
Committed_AS:   141784336 kB
VmallocTotal:   251658176 kB
VmallocUsed:      309780 kB
VmallocChunk:   247561408 kB
Time pass: 114 sec

---2015-12-15 11:39:31
MemTotal:        2746844 kB
MemFree:           66832 kB
Buffers:            6016 kB
Cached:           661120 kB
SwapCached:         3840 kB
Active:           760820 kB
Inactive:         763728 kB
Active(anon):     437968 kB
Inactive(anon):   441560 kB
Active(file):     322852 kB
Inactive(file):   322168 kB
Unevictable:       35812 kB
Mlocked:           27768 kB
SwapTotal:       1310716 kB
SwapFree:        1169752 kB
Dirty:                 0 kB
Writeback:             0 kB
AnonPages:        890284 kB
Mapped:           477396 kB
Shmem:              3020 kB
Slab:             109592 kB
SReclaimable:      31152 kB
SUnreclaim:        78440 kB
KernelStack:       33968 kB
PageTables:        60064 kB
NFS_Unstable:          0 kB
Bounce:                0 kB
WritebackTmp:          0 kB
CommitLimit:     2684136 kB
Committed_AS:   145284776 kB
VmallocTotal:   251658176 kB
VmallocUsed:      304508 kB
VmallocChunk:   247561408 kB
Time pass: 118 sec

---2015-12-15 11:39:31
MemTotal:        2746844 kB
MemFree:           76764 kB
Buffers:            6028 kB
Cached:           661324 kB
SwapCached:         3852 kB
Active:           752580 kB
Inactive:         762328 kB
Active(anon):     428884 kB
Inactive(anon):   440636 kB
Active(file):     323696 kB
Inactive(file):   321692 kB
Unevictable:       35812 kB
Mlocked:           27768 kB
SwapTotal:       1310716 kB
SwapFree:        1169752 kB
Dirty:                 4 kB
Writeback:             0 kB
AnonPages:        880980 kB
Mapped:           477136 kB
Shmem:              2484 kB
Slab:             109596 kB
SReclaimable:      31152 kB
SUnreclaim:        78444 kB
KernelStack:       33760 kB
PageTables:        60016 kB
NFS_Unstable:          0 kB
Bounce:                0 kB
WritebackTmp:          0 kB
CommitLimit:     2684136 kB
Committed_AS:   145283876 kB
VmallocTotal:   251658176 kB
VmallocUsed:      312404 kB
VmallocChunk:   247561408 kB
Time pass: 121 sec

---2015-12-15 11:39:31
MemTotal:        2746844 kB
MemFree:          401752 kB
Buffers:            6060 kB
Cached:           661672 kB
SwapCached:         4260 kB
Active:           675708 kB
Inactive:         754360 kB
Active(anon):     348904 kB
Inactive(anon):   435036 kB
Active(file):     326804 kB
Inactive(file):   319324 kB
Unevictable:       35812 kB
Mlocked:           27768 kB
SwapTotal:       1310716 kB
SwapFree:        1168376 kB
Dirty:                72 kB
Writeback:             0 kB
AnonPages:        795880 kB
Mapped:           439072 kB
Shmem:              2352 kB
Slab:             109404 kB
SReclaimable:      31148 kB
SUnreclaim:        78256 kB
KernelStack:       31872 kB
PageTables:        57648 kB
NFS_Unstable:          0 kB
Bounce:                0 kB
WritebackTmp:          0 kB
CommitLimit:     2684136 kB
Committed_AS:   138602120 kB
VmallocTotal:   251658176 kB
VmallocUsed:      306548 kB
VmallocChunk:   247561408 kB
Time pass: 125 sec

---2015-12-15 11:39:31
MemTotal:        2746844 kB
MemFree:          422004 kB
Buffers:            6108 kB
Cached:           661808 kB
SwapCached:         4276 kB
Active:           655324 kB
Inactive:         754296 kB
Active(anon):     328452 kB
Inactive(anon):   434752 kB
Active(file):     326872 kB
Inactive(file):   319544 kB
Unevictable:       35812 kB
Mlocked:           27768 kB
SwapTotal:       1310716 kB
SwapFree:        1168384 kB
Dirty:               156 kB
Writeback:             0 kB
AnonPages:        774888 kB
Mapped:           439172 kB
Shmem:              2352 kB
Slab:             109396 kB
SReclaimable:      31148 kB
SUnreclaim:        78248 kB
KernelStack:       31840 kB
PageTables:        57652 kB
NFS_Unstable:          0 kB
Bounce:                0 kB
WritebackTmp:          0 kB
CommitLimit:     2684136 kB
Committed_AS:   138602152 kB
VmallocTotal:   251658176 kB
VmallocUsed:      306548 kB
VmallocChunk:   247561408 kB
Time pass: 128 sec

---2015-12-15 11:39:31
MemTotal:        2746844 kB
MemFree:          423724 kB
Buffers:            6116 kB
Cached:           661808 kB
SwapCached:         4276 kB
Active:           652852 kB
Inactive:         754288 kB
Active(anon):     325980 kB
Inactive(anon):   434744 kB
Active(file):     326872 kB
Inactive(file):   319544 kB
Unevictable:       35812 kB
Mlocked:           27768 kB
SwapTotal:       1310716 kB
SwapFree:        1168384 kB
Dirty:                36 kB
Writeback:             0 kB
AnonPages:        772140 kB
Mapped:           439256 kB
Shmem:              2352 kB
Slab:             109420 kB
SReclaimable:      31148 kB
SUnreclaim:        78272 kB
KernelStack:       31840 kB
PageTables:        57680 kB
NFS_Unstable:          0 kB
Bounce:                0 kB
WritebackTmp:          0 kB
CommitLimit:     2684136 kB
Committed_AS:   138602136 kB
VmallocTotal:   251658176 kB
VmallocUsed:      306548 kB
VmallocChunk:   247561408 kB
Time pass: 132 sec

---2015-12-15 11:39:31
MemTotal:        2746844 kB
MemFree:          424236 kB
Buffers:            6116 kB
Cached:           661824 kB
SwapCached:         4276 kB
Active:           653144 kB
Inactive:         754308 kB
Active(anon):     326268 kB
Inactive(anon):   434760 kB
Active(file):     326876 kB
Inactive(file):   319548 kB
Unevictable:       35812 kB
Mlocked:           27768 kB
SwapTotal:       1310716 kB
SwapFree:        1168384 kB
Dirty:                80 kB
Writeback:             0 kB
AnonPages:        772600 kB
Mapped:           439256 kB
Shmem:              2352 kB
Slab:             109412 kB
SReclaimable:      31148 kB
SUnreclaim:        78264 kB
KernelStack:       31808 kB
PageTables:        57680 kB
NFS_Unstable:          0 kB
Bounce:                0 kB
WritebackTmp:          0 kB
CommitLimit:     2684136 kB
Committed_AS:   138602144 kB
VmallocTotal:   251658176 kB
VmallocUsed:      306548 kB
VmallocChunk:   247561408 kB
Time pass: 135 sec

---2015-12-15 11:39:31
MemTotal:        2746844 kB
MemFree:          423300 kB
Buffers:            6116 kB
Cached:           661824 kB
SwapCached:         4276 kB
Active:           653568 kB
Inactive:         754308 kB
Active(anon):     326692 kB
Inactive(anon):   434760 kB
Active(file):     326876 kB
Inactive(file):   319548 kB
Unevictable:       35812 kB
Mlocked:           27768 kB
SwapTotal:       1310716 kB
SwapFree:        1168384 kB
Dirty:                 0 kB
Writeback:             0 kB
AnonPages:        772820 kB
Mapped:           439340 kB
Shmem:              2352 kB
Slab:             109400 kB
SReclaimable:      31148 kB
SUnreclaim:        78252 kB
KernelStack:       31808 kB
PageTables:        57708 kB
NFS_Unstable:          0 kB
Bounce:                0 kB
WritebackTmp:          0 kB
CommitLimit:     2684136 kB
Committed_AS:   138602080 kB
VmallocTotal:   251658176 kB
VmallocUsed:      306548 kB
VmallocChunk:   247561408 kB
Time pass: 139 sec

---2015-12-15 11:39:31
MemTotal:        2746844 kB
MemFree:          425884 kB
Buffers:            6116 kB
Cached:           661884 kB
SwapCached:         4276 kB
Active:           653772 kB
Inactive:         754372 kB
Active(anon):     326892 kB
Inactive(anon):   434764 kB
Active(file):     326880 kB
Inactive(file):   319608 kB
Unevictable:       35812 kB
Mlocked:           27768 kB
SwapTotal:       1310716 kB
SwapFree:        1168384 kB
Dirty:                 0 kB
Writeback:             0 kB
AnonPages:        772988 kB
Mapped:           439344 kB
Shmem:              2352 kB
Slab:             109400 kB
SReclaimable:      31148 kB
SUnreclaim:        78252 kB
KernelStack:       31760 kB
PageTables:        57664 kB
NFS_Unstable:          0 kB
Bounce:                0 kB
WritebackTmp:          0 kB
CommitLimit:     2684136 kB
Committed_AS:   138602056 kB
VmallocTotal:   251658176 kB
VmallocUsed:      306532 kB
VmallocChunk:   247561408 kB
Time pass: 142 sec

---2015-12-15 11:39:31
MemTotal:        2746844 kB
MemFree:          425312 kB
Buffers:            6116 kB
Cached:           662012 kB
SwapCached:         4276 kB
Active:           653680 kB
Inactive:         754496 kB
Active(anon):     326800 kB
Inactive(anon):   434760 kB
Active(file):     326880 kB
Inactive(file):   319736 kB
Unevictable:       35812 kB
Mlocked:           27768 kB
SwapTotal:       1310716 kB
SwapFree:        1168384 kB
Dirty:                 0 kB
Writeback:             0 kB
AnonPages:        773120 kB
Mapped:           439276 kB
Shmem:              2352 kB
Slab:             109336 kB
SReclaimable:      31148 kB
SUnreclaim:        78188 kB
KernelStack:       31760 kB
PageTables:        57672 kB
NFS_Unstable:          0 kB
Bounce:                0 kB
WritebackTmp:          0 kB
CommitLimit:     2684136 kB
Committed_AS:   138602184 kB
VmallocTotal:   251658176 kB
VmallocUsed:      306532 kB
VmallocChunk:   247561408 kB
Time pass: 146 sec

---2015-12-15 11:39:31
MemTotal:        2746844 kB
MemFree:          426924 kB
Buffers:            6116 kB
Cached:           662012 kB
SwapCached:         4276 kB
Active:           653876 kB
Inactive:         754496 kB
Active(anon):     326996 kB
Inactive(anon):   434760 kB
Active(file):     326880 kB
Inactive(file):   319736 kB
Unevictable:       35812 kB
Mlocked:           27768 kB
SwapTotal:       1310716 kB
SwapFree:        1168384 kB
Dirty:                 0 kB
Writeback:             0 kB
AnonPages:        773308 kB
Mapped:           439276 kB
Shmem:              2352 kB
Slab:             109336 kB
SReclaimable:      31148 kB
SUnreclaim:        78188 kB
KernelStack:       31760 kB
PageTables:        57672 kB
NFS_Unstable:          0 kB
Bounce:                0 kB
WritebackTmp:          0 kB
CommitLimit:     2684136 kB
Committed_AS:   138602184 kB
VmallocTotal:   251658176 kB
VmallocUsed:      306532 kB
VmallocChunk:   247561408 kB
Time pass: 149 sec

---2015-12-15 11:39:31
MemTotal:        2746844 kB
MemFree:          426544 kB
Buffers:            6116 kB
Cached:           662012 kB
SwapCached:         4276 kB
Active:           654040 kB
Inactive:         754548 kB
Active(anon):     327160 kB
Inactive(anon):   434760 kB
Active(file):     326880 kB
Inactive(file):   319788 kB
Unevictable:       35812 kB
Mlocked:           27768 kB
SwapTotal:       1310716 kB
SwapFree:        1168384 kB
Dirty:                 0 kB
Writeback:             0 kB
AnonPages:        773460 kB
Mapped:           439276 kB
Shmem:              2352 kB
Slab:             109344 kB
SReclaimable:      31148 kB
SUnreclaim:        78196 kB
KernelStack:       31760 kB
PageTables:        57672 kB
NFS_Unstable:          0 kB
Bounce:                0 kB
WritebackTmp:          0 kB
CommitLimit:     2684136 kB
Committed_AS:   138602192 kB
VmallocTotal:   251658176 kB
VmallocUsed:      306532 kB
VmallocChunk:   247561408 kB
Time pass: 153 sec

---2015-12-15 11:39:31
MemTotal:        2746844 kB
MemFree:          424572 kB
Buffers:            6148 kB
Cached:           662300 kB
SwapCached:         4276 kB
Active:           654536 kB
Inactive:         754816 kB
Active(anon):     327652 kB
Inactive(anon):   434712 kB
Active(file):     326884 kB
Inactive(file):   320104 kB
Unevictable:       35812 kB
Mlocked:           27768 kB
SwapTotal:       1310716 kB
SwapFree:        1168384 kB
Dirty:                56 kB
Writeback:             0 kB
AnonPages:        773888 kB
Mapped:           439388 kB
Shmem:              2352 kB
Slab:             109328 kB
SReclaimable:      31148 kB
SUnreclaim:        78180 kB
KernelStack:       31808 kB
PageTables:        57700 kB
NFS_Unstable:          0 kB
Bounce:                0 kB
WritebackTmp:          0 kB
CommitLimit:     2684136 kB
Committed_AS:   138602200 kB
VmallocTotal:   251658176 kB
VmallocUsed:      306532 kB
VmallocChunk:   247561408 kB
Time pass: 157 sec

---2015-12-15 11:39:31
MemTotal:        2746844 kB
MemFree:          425128 kB
Buffers:            6148 kB
Cached:           662300 kB
SwapCached:         4276 kB
Active:           654928 kB
Inactive:         754816 kB
Active(anon):     328044 kB
Inactive(anon):   434712 kB
Active(file):     326884 kB
Inactive(file):   320104 kB
Unevictable:       35812 kB
Mlocked:           27768 kB
SwapTotal:       1310716 kB
SwapFree:        1168384 kB
Dirty:                 0 kB
Writeback:            20 kB
AnonPages:        774080 kB
Mapped:           439388 kB
Shmem:              2352 kB
Slab:             109328 kB
SReclaimable:      31148 kB
SUnreclaim:        78180 kB
KernelStack:       31808 kB
PageTables:        57704 kB
NFS_Unstable:          0 kB
Bounce:                0 kB
WritebackTmp:          0 kB
CommitLimit:     2684136 kB
Committed_AS:   138602264 kB
VmallocTotal:   251658176 kB
VmallocUsed:      306532 kB
VmallocChunk:   247561408 kB
Time pass: 160 sec

---2015-12-15 11:39:31
MemTotal:        2746844 kB
MemFree:          425532 kB
Buffers:            6156 kB
Cached:           662300 kB
SwapCached:         4276 kB
Active:           654884 kB
Inactive:         754824 kB
Active(anon):     328000 kB
Inactive(anon):   434712 kB
Active(file):     326884 kB
Inactive(file):   320112 kB
Unevictable:       35812 kB
Mlocked:           27768 kB
SwapTotal:       1310716 kB
SwapFree:        1168384 kB
Dirty:                36 kB
Writeback:             0 kB
AnonPages:        774388 kB
Mapped:           439304 kB
Shmem:              2352 kB
Slab:             109308 kB
SReclaimable:      31148 kB
SUnreclaim:        78160 kB
KernelStack:       31824 kB
PageTables:        57680 kB
NFS_Unstable:          0 kB
Bounce:                0 kB
WritebackTmp:          0 kB
CommitLimit:     2684136 kB
Committed_AS:   138602232 kB
VmallocTotal:   251658176 kB
VmallocUsed:      306532 kB
VmallocChunk:   247561408 kB
Time pass: 164 sec

---2015-12-15 11:39:31
MemTotal:        2746844 kB
MemFree:          425228 kB
Buffers:            6156 kB
Cached:           662300 kB
SwapCached:         4276 kB
Active:           655024 kB
Inactive:         754820 kB
Active(anon):     328140 kB
Inactive(anon):   434708 kB
Active(file):     326884 kB
Inactive(file):   320112 kB
Unevictable:       35812 kB
Mlocked:           27768 kB
SwapTotal:       1310716 kB
SwapFree:        1168384 kB
Dirty:                 0 kB
Writeback:             0 kB
AnonPages:        774644 kB
Mapped:           439304 kB
Shmem:              2352 kB
Slab:             109372 kB
SReclaimable:      31148 kB
SUnreclaim:        78224 kB
KernelStack:       31824 kB
PageTables:        57676 kB
NFS_Unstable:          0 kB
Bounce:                0 kB
WritebackTmp:          0 kB
CommitLimit:     2684136 kB
Committed_AS:   138602280 kB
VmallocTotal:   251658176 kB
VmallocUsed:      306532 kB
VmallocChunk:   247561408 kB
Time pass: 167 sec

---2015-12-15 11:39:31
MemTotal:        2746844 kB
MemFree:          424684 kB
Buffers:            6156 kB
Cached:           662300 kB
SwapCached:         4276 kB
Active:           655416 kB
Inactive:         754820 kB
Active(anon):     328532 kB
Inactive(anon):   434708 kB
Active(file):     326884 kB
Inactive(file):   320112 kB
Unevictable:       35812 kB
Mlocked:           27768 kB
SwapTotal:       1310716 kB
SwapFree:        1168384 kB
Dirty:                 0 kB
Writeback:             0 kB
AnonPages:        774744 kB
Mapped:           439388 kB
Shmem:              2352 kB
Slab:             109348 kB
SReclaimable:      31148 kB
SUnreclaim:        78200 kB
KernelStack:       31824 kB
PageTables:        57704 kB
NFS_Unstable:          0 kB
Bounce:                0 kB
WritebackTmp:          0 kB
CommitLimit:     2684136 kB
Committed_AS:   138602288 kB
VmallocTotal:   251658176 kB
VmallocUsed:      306532 kB
VmallocChunk:   247561408 kB
Time pass: 171 sec

---2015-12-15 11:39:31
MemTotal:        2746844 kB
MemFree:          268448 kB
Buffers:            6648 kB
Cached:           677624 kB
SwapCached:         4620 kB
Active:           699656 kB
Inactive:         764424 kB
Active(anon):     366500 kB
Inactive(anon):   434936 kB
Active(file):     333156 kB
Inactive(file):   329488 kB
Unevictable:       35812 kB
Mlocked:           27768 kB
SwapTotal:       1310716 kB
SwapFree:        1168404 kB
Dirty:               868 kB
Writeback:             0 kB
AnonPages:        812528 kB
Mapped:           462732 kB
Shmem:              2484 kB
Slab:             109368 kB
SReclaimable:      31156 kB
SUnreclaim:        78212 kB
KernelStack:       33168 kB
PageTables:        58700 kB
NFS_Unstable:          0 kB
Bounce:                0 kB
WritebackTmp:          0 kB
CommitLimit:     2684136 kB
Committed_AS:   139933832 kB
VmallocTotal:   251658176 kB
VmallocUsed:      308148 kB
VmallocChunk:   247561408 kB
Time pass: 175 sec

---2015-12-15 11:39:31
MemTotal:        2746844 kB
MemFree:          205752 kB
Buffers:            6720 kB
Cached:           678352 kB
SwapCached:         4628 kB
Active:           693112 kB
Inactive:         764352 kB
Active(anon):     359184 kB
Inactive(anon):   434796 kB
Active(file):     333928 kB
Inactive(file):   329556 kB
Unevictable:       35812 kB
Mlocked:           27768 kB
SwapTotal:       1310716 kB
SwapFree:        1168408 kB
Dirty:               156 kB
Writeback:             0 kB
AnonPages:        805528 kB
Mapped:           465336 kB
Shmem:              2484 kB
Slab:             109412 kB
SReclaimable:      31192 kB
SUnreclaim:        78220 kB
KernelStack:       33216 kB
PageTables:        58884 kB
NFS_Unstable:          0 kB
Bounce:                0 kB
WritebackTmp:          0 kB
CommitLimit:     2684136 kB
Committed_AS:   139892724 kB
VmallocTotal:   251658176 kB
VmallocUsed:      312804 kB
VmallocChunk:   247561408 kB
Time pass: 178 sec

---2015-12-15 11:39:31
MemTotal:        2746844 kB
MemFree:          147492 kB
Buffers:            6764 kB
Cached:           685604 kB
SwapCached:         4628 kB
Active:           721324 kB
Inactive:         757968 kB
Active(anon):     373736 kB
Inactive(anon):   434792 kB
Active(file):     347588 kB
Inactive(file):   323176 kB
Unevictable:       35812 kB
Mlocked:           27768 kB
SwapTotal:       1310716 kB
SwapFree:        1168408 kB
Dirty:              7800 kB
Writeback:             0 kB
AnonPages:        819884 kB
Mapped:           469508 kB
Shmem:              2484 kB
Slab:             109544 kB
SReclaimable:      31324 kB
SUnreclaim:        78220 kB
KernelStack:       33312 kB
PageTables:        58736 kB
NFS_Unstable:          0 kB
Bounce:                0 kB
WritebackTmp:          0 kB
CommitLimit:     2684136 kB
Committed_AS:   139921880 kB
VmallocTotal:   251658176 kB
VmallocUsed:      313996 kB
VmallocChunk:   247561408 kB
Time pass: 182 sec

---2015-12-15 11:39:31
MemTotal:        2746844 kB
MemFree:          147600 kB
Buffers:            6764 kB
Cached:           685616 kB
SwapCached:         4628 kB
Active:           721180 kB
Inactive:         757956 kB
Active(anon):     373584 kB
Inactive(anon):   434764 kB
Active(file):     347596 kB
Inactive(file):   323192 kB
Unevictable:       35812 kB
Mlocked:           27768 kB
SwapTotal:       1310716 kB
SwapFree:        1168408 kB
Dirty:                 0 kB
Writeback:             0 kB
AnonPages:        819644 kB
Mapped:           469592 kB
Shmem:              2484 kB
Slab:             109552 kB
SReclaimable:      31324 kB
SUnreclaim:        78228 kB
KernelStack:       33312 kB
PageTables:        58836 kB
NFS_Unstable:          0 kB
Bounce:                0 kB
WritebackTmp:          0 kB
CommitLimit:     2684136 kB
Committed_AS:   139921912 kB
VmallocTotal:   251658176 kB
VmallocUsed:      313996 kB
VmallocChunk:   247561408 kB
Time pass: 185 sec

---2015-12-15 11:39:31
MemTotal:        2746844 kB
MemFree:          145224 kB
Buffers:            6772 kB
Cached:           685652 kB
SwapCached:         4628 kB
Active:           723540 kB
Inactive:         757968 kB
Active(anon):     375740 kB
Inactive(anon):   434764 kB
Active(file):     347800 kB
Inactive(file):   323204 kB
Unevictable:       35812 kB
Mlocked:           27768 kB
SwapTotal:       1310716 kB
SwapFree:        1168408 kB
Dirty:               132 kB
Writeback:             0 kB
AnonPages:        821500 kB
Mapped:           469648 kB
Shmem:              2484 kB
Slab:             109552 kB
SReclaimable:      31324 kB
SUnreclaim:        78228 kB
KernelStack:       33328 kB
PageTables:        58836 kB
NFS_Unstable:          0 kB
Bounce:                0 kB
WritebackTmp:          0 kB
CommitLimit:     2684136 kB
Committed_AS:   139921968 kB
VmallocTotal:   251658176 kB
VmallocUsed:      313996 kB
VmallocChunk:   247561408 kB
Time pass: 189 sec

---2015-12-15 11:39:31
MemTotal:        2746844 kB
MemFree:          147096 kB
Buffers:            6772 kB
Cached:           685764 kB
SwapCached:         4628 kB
Active:           723552 kB
Inactive:         757868 kB
Active(anon):     375712 kB
Inactive(anon):   434764 kB
Active(file):     347840 kB
Inactive(file):   323104 kB
Unevictable:       35812 kB
Mlocked:           27768 kB
SwapTotal:       1310716 kB
SwapFree:        1168408 kB
Dirty:                 0 kB
Writeback:             0 kB
AnonPages:        821720 kB
Mapped:           469604 kB
Shmem:              2484 kB
Slab:             109560 kB
SReclaimable:      31324 kB
SUnreclaim:        78236 kB
KernelStack:       33328 kB
PageTables:        58808 kB
NFS_Unstable:          0 kB
Bounce:                0 kB
WritebackTmp:          0 kB
CommitLimit:     2684136 kB
Committed_AS:   139922032 kB
VmallocTotal:   251658176 kB
VmallocUsed:      313996 kB
VmallocChunk:   247561408 kB
Time pass: 192 sec

---2015-12-15 11:39:31
MemTotal:        2746844 kB
MemFree:          113756 kB
Buffers:            6780 kB
Cached:           685808 kB
SwapCached:         4632 kB
Active:           732112 kB
Inactive:         757920 kB
Active(anon):     384268 kB
Inactive(anon):   434768 kB
Active(file):     347844 kB
Inactive(file):   323152 kB
Unevictable:       35812 kB
Mlocked:           27768 kB
SwapTotal:       1310716 kB
SwapFree:        1168408 kB
Dirty:               572 kB
Writeback:             0 kB
AnonPages:        830344 kB
Mapped:           469676 kB
Shmem:              2484 kB
Slab:             109628 kB
SReclaimable:      31328 kB
SUnreclaim:        78300 kB
KernelStack:       33328 kB
PageTables:        58820 kB
NFS_Unstable:          0 kB
Bounce:                0 kB
WritebackTmp:          0 kB
CommitLimit:     2684136 kB
Committed_AS:   139922420 kB
VmallocTotal:   251658176 kB
VmallocUsed:      313936 kB
VmallocChunk:   247561408 kB
Time pass: 196 sec

---2015-12-15 11:39:31
MemTotal:        2746844 kB
MemFree:          110424 kB
Buffers:            6788 kB
Cached:           688980 kB
SwapCached:         4632 kB
Active:           731752 kB
Inactive:         760804 kB
Active(anon):     383900 kB
Inactive(anon):   434708 kB
Active(file):     347852 kB
Inactive(file):   326096 kB
Unevictable:       35812 kB
Mlocked:           27768 kB
SwapTotal:       1310716 kB
SwapFree:        1168408 kB
Dirty:                76 kB
Writeback:             0 kB
AnonPages:        829872 kB
Mapped:           469744 kB
Shmem:              2484 kB
Slab:             109612 kB
SReclaimable:      31328 kB
SUnreclaim:        78284 kB
KernelStack:       33376 kB
PageTables:        58804 kB
NFS_Unstable:          0 kB
Bounce:                0 kB
WritebackTmp:          0 kB
CommitLimit:     2684136 kB
Committed_AS:   139922568 kB
VmallocTotal:   251658176 kB
VmallocUsed:      313936 kB
VmallocChunk:   247561408 kB
Time pass: 199 sec

---2015-12-15 11:39:31
MemTotal:        2746844 kB
MemFree:          109656 kB
Buffers:            6788 kB
Cached:           688908 kB
SwapCached:         4632 kB
Active:           731736 kB
Inactive:         760956 kB
Active(anon):     383880 kB
Inactive(anon):   434708 kB
Active(file):     347856 kB
Inactive(file):   326248 kB
Unevictable:       35812 kB
Mlocked:           27768 kB
SwapTotal:       1310716 kB
SwapFree:        1168408 kB
Dirty:                80 kB
Writeback:             0 kB
AnonPages:        829468 kB
Mapped:           469896 kB
Shmem:              2484 kB
Slab:             109612 kB
SReclaimable:      31328 kB
SUnreclaim:        78284 kB
KernelStack:       33408 kB
PageTables:        58832 kB
NFS_Unstable:          0 kB
Bounce:                0 kB
WritebackTmp:          0 kB
CommitLimit:     2684136 kB
Committed_AS:   139922616 kB
VmallocTotal:   251658176 kB
VmallocUsed:      313936 kB
VmallocChunk:   247561408 kB
Time pass: 203 sec

---2015-12-15 11:39:31
MemTotal:        2746844 kB
MemFree:          101364 kB
Buffers:            6796 kB
Cached:           688956 kB
SwapCached:         4632 kB
Active:           740136 kB
Inactive:         761004 kB
Active(anon):     392272 kB
Inactive(anon):   434708 kB
Active(file):     347864 kB
Inactive(file):   326296 kB
Unevictable:       35812 kB
Mlocked:           27768 kB
SwapTotal:       1310716 kB
SwapFree:        1168424 kB
Dirty:                 8 kB
Writeback:             0 kB
AnonPages:        838484 kB
Mapped:           472576 kB
Shmem:              2484 kB
Slab:             109700 kB
SReclaimable:      31344 kB
SUnreclaim:        78356 kB
KernelStack:       33584 kB
PageTables:        58816 kB
NFS_Unstable:          0 kB
Bounce:                0 kB
WritebackTmp:          0 kB
CommitLimit:     2684136 kB
Committed_AS:   139923904 kB
VmallocTotal:   251658176 kB
VmallocUsed:      314044 kB
VmallocChunk:   247561408 kB
Time pass: 207 sec

---2015-12-15 11:39:31
MemTotal:        2746844 kB
MemFree:           78324 kB
Buffers:            6828 kB
Cached:           689460 kB
SwapCached:         4636 kB
Active:           750748 kB
Inactive:         761272 kB
Active(anon):     402608 kB
Inactive(anon):   435032 kB
Active(file):     348140 kB
Inactive(file):   326240 kB
Unevictable:       35812 kB
Mlocked:           27768 kB
SwapTotal:       1310716 kB
SwapFree:        1168448 kB
Dirty:               188 kB
Writeback:             0 kB
AnonPages:        848556 kB
Mapped:           473564 kB
Shmem:              2800 kB
Slab:             109696 kB
SReclaimable:      31344 kB
SUnreclaim:        78352 kB
KernelStack:       33904 kB
PageTables:        59028 kB
NFS_Unstable:          0 kB
Bounce:                0 kB
WritebackTmp:          0 kB
CommitLimit:     2684136 kB
Committed_AS:   139938928 kB
VmallocTotal:   251658176 kB
VmallocUsed:      321688 kB
VmallocChunk:   247561408 kB
Time pass: 210 sec

---2015-12-15 11:39:31
MemTotal:        2746844 kB
MemFree:           75228 kB
Buffers:            6860 kB
Cached:           689664 kB
SwapCached:         4636 kB
Active:           754232 kB
Inactive:         761504 kB
Active(anon):     406092 kB
Inactive(anon):   435072 kB
Active(file):     348140 kB
Inactive(file):   326432 kB
Unevictable:       35812 kB
Mlocked:           27768 kB
SwapTotal:       1310716 kB
SwapFree:        1168448 kB
Dirty:               196 kB
Writeback:             0 kB
AnonPages:        852444 kB
Mapped:           473616 kB
Shmem:              2844 kB
Slab:             109656 kB
SReclaimable:      31344 kB
SUnreclaim:        78312 kB
KernelStack:       33872 kB
PageTables:        59036 kB
NFS_Unstable:          0 kB
Bounce:                0 kB
WritebackTmp:          0 kB
CommitLimit:     2684136 kB
Committed_AS:   139943124 kB
VmallocTotal:   251658176 kB
VmallocUsed:      321688 kB
VmallocChunk:   247561408 kB
Time pass: 214 sec

---2015-12-15 11:39:31
MemTotal:        2746844 kB
MemFree:           73408 kB
Buffers:            6900 kB
Cached:           689780 kB
SwapCached:         4636 kB
Active:           755672 kB
Inactive:         761632 kB
Active(anon):     407528 kB
Inactive(anon):   435164 kB
Active(file):     348144 kB
Inactive(file):   326468 kB
Unevictable:       35812 kB
Mlocked:           27768 kB
SwapTotal:       1310716 kB
SwapFree:        1168448 kB
Dirty:                88 kB
Writeback:             0 kB
AnonPages:        853544 kB
Mapped:           473732 kB
Shmem:              2960 kB
Slab:             109588 kB
SReclaimable:      31344 kB
SUnreclaim:        78244 kB
KernelStack:       33872 kB
PageTables:        59040 kB
NFS_Unstable:          0 kB
Bounce:                0 kB
WritebackTmp:          0 kB
CommitLimit:     2684136 kB
Committed_AS:   139943076 kB
VmallocTotal:   251658176 kB
VmallocUsed:      321688 kB
VmallocChunk:   247561408 kB
Time pass: 217 sec

---2015-12-15 11:39:31
MemTotal:        2746844 kB
MemFree:           80648 kB
Buffers:            6908 kB
Cached:           689304 kB
SwapCached:         4636 kB
Active:           750376 kB
Inactive:         761144 kB
Active(anon):     402216 kB
Inactive(anon):   434684 kB
Active(file):     348160 kB
Inactive(file):   326460 kB
Unevictable:       35812 kB
Mlocked:           27768 kB
SwapTotal:       1310716 kB
SwapFree:        1168448 kB
Dirty:                 0 kB
Writeback:             0 kB
AnonPages:        848096 kB
Mapped:           473004 kB
Shmem:              2484 kB
Slab:             109572 kB
SReclaimable:      31344 kB
SUnreclaim:        78228 kB
KernelStack:       33584 kB
PageTables:        58892 kB
NFS_Unstable:          0 kB
Bounce:                0 kB
WritebackTmp:          0 kB
CommitLimit:     2684136 kB
Committed_AS:   139931496 kB
VmallocTotal:   251658176 kB
VmallocUsed:      318080 kB
VmallocChunk:   247561408 kB
Time pass: 221 sec

---2015-12-15 11:39:31
MemTotal:        2746844 kB
MemFree:           67376 kB
Buffers:            6940 kB
Cached:           688816 kB
SwapCached:         4640 kB
Active:           764084 kB
Inactive:         759460 kB
Active(anon):     417216 kB
Inactive(anon):   433076 kB
Active(file):     346868 kB
Inactive(file):   326384 kB
Unevictable:       35812 kB
Mlocked:           27768 kB
SwapTotal:       1310716 kB
SwapFree:        1167636 kB
Dirty:                80 kB
Writeback:             0 kB
AnonPages:        861972 kB
Mapped:           473000 kB
Shmem:              2756 kB
Slab:             109620 kB
SReclaimable:      31344 kB
SUnreclaim:        78276 kB
KernelStack:       33712 kB
PageTables:        59060 kB
NFS_Unstable:          0 kB
Bounce:                0 kB
WritebackTmp:          0 kB
CommitLimit:     2684136 kB
Committed_AS:   139955896 kB
VmallocTotal:   251658176 kB
VmallocUsed:      320292 kB
VmallocChunk:   247561408 kB
Time pass: 225 sec

---2015-12-15 11:39:31
MemTotal:        2746844 kB
MemFree:           65872 kB
Buffers:            6556 kB
Cached:           689076 kB
SwapCached:         4828 kB
Active:           757532 kB
Inactive:         764140 kB
Active(anon):     421328 kB
Inactive(anon):   428140 kB
Active(file):     336204 kB
Inactive(file):   336000 kB
Unevictable:       35812 kB
Mlocked:           27768 kB
SwapTotal:       1310716 kB
SwapFree:        1145844 kB
Dirty:               136 kB
Writeback:             0 kB
AnonPages:        859704 kB
Mapped:           463132 kB
Shmem:              2996 kB
Slab:             109920 kB
SReclaimable:      31300 kB
SUnreclaim:        78620 kB
KernelStack:       34608 kB
PageTables:        60932 kB
NFS_Unstable:          0 kB
Bounce:                0 kB
WritebackTmp:          0 kB
CommitLimit:     2684136 kB
Committed_AS:   144792148 kB
VmallocTotal:   251658176 kB
VmallocUsed:      323384 kB
VmallocChunk:   247561408 kB
Time pass: 228 sec

---2015-12-15 11:39:31
MemTotal:        2746844 kB
MemFree:           78952 kB
Buffers:            6752 kB
Cached:           684156 kB
SwapCached:         4852 kB
Active:           745200 kB
Inactive:         762568 kB
Active(anon):     410336 kB
Inactive(anon):   428724 kB
Active(file):     334864 kB
Inactive(file):   333844 kB
Unevictable:       35812 kB
Mlocked:           27768 kB
SwapTotal:       1310716 kB
SwapFree:        1140736 kB
Dirty:                 4 kB
Writeback:             0 kB
AnonPages:        849780 kB
Mapped:           442508 kB
Shmem:              2996 kB
Slab:             110256 kB
SReclaimable:      31320 kB
SUnreclaim:        78936 kB
KernelStack:       34704 kB
PageTables:        59828 kB
NFS_Unstable:          0 kB
Bounce:                0 kB
WritebackTmp:          0 kB
CommitLimit:     2684136 kB
Committed_AS:   144785144 kB
VmallocTotal:   251658176 kB
VmallocUsed:      324372 kB
VmallocChunk:   247561408 kB
Time pass: 232 sec

---2015-12-15 11:39:31
MemTotal:        2746844 kB
MemFree:           85688 kB
Buffers:            6776 kB
Cached:           691484 kB
SwapCached:         4872 kB
Active:           733644 kB
Inactive:         767052 kB
Active(anon):     398096 kB
Inactive(anon):   426532 kB
Active(file):     335548 kB
Inactive(file):   340520 kB
Unevictable:       35812 kB
Mlocked:           27768 kB
SwapTotal:       1310716 kB
SwapFree:        1140740 kB
Dirty:               124 kB
Writeback:             0 kB
AnonPages:        835564 kB
Mapped:           437760 kB
Shmem:              2868 kB
Slab:             110220 kB
SReclaimable:      31304 kB
SUnreclaim:        78916 kB
KernelStack:       33568 kB
PageTables:        59972 kB
NFS_Unstable:          0 kB
Bounce:                0 kB
WritebackTmp:          0 kB
CommitLimit:     2684136 kB
Committed_AS:   144782720 kB
VmallocTotal:   251658176 kB
VmallocUsed:      323196 kB
VmallocChunk:   247561408 kB
Time pass: 235 sec

---2015-12-15 11:39:31
MemTotal:        2746844 kB
MemFree:           82280 kB
Buffers:            7316 kB
Cached:           704616 kB
SwapCached:         4900 kB
Active:           735856 kB
Inactive:         766160 kB
Active(anon):     399124 kB
Inactive(anon):   413492 kB
Active(file):     336732 kB
Inactive(file):   352668 kB
Unevictable:       35812 kB
Mlocked:           27768 kB
SwapTotal:       1310716 kB
SwapFree:        1140744 kB
Dirty:               208 kB
Writeback:             0 kB
AnonPages:        823384 kB
Mapped:           415216 kB
Shmem:              2868 kB
Slab:             110236 kB
SReclaimable:      31288 kB
SUnreclaim:        78948 kB
KernelStack:       33216 kB
PageTables:        58904 kB
NFS_Unstable:          0 kB
Bounce:                0 kB
WritebackTmp:          0 kB
CommitLimit:     2684136 kB
Committed_AS:   143574020 kB
VmallocTotal:   251658176 kB
VmallocUsed:      322176 kB
VmallocChunk:   247561408 kB
Time pass: 239 sec

---2015-12-15 11:39:31
MemTotal:        2746844 kB
MemFree:           73984 kB
Buffers:            8036 kB
Cached:           711356 kB
SwapCached:         4944 kB
Active:           753028 kB
Inactive:         762644 kB
Active(anon):     402668 kB
Inactive(anon):   416224 kB
Active(file):     350360 kB
Inactive(file):   346420 kB
Unevictable:       35812 kB
Mlocked:           27768 kB
SwapTotal:       1310716 kB
SwapFree:        1137668 kB
Dirty:              1264 kB
Writeback:             0 kB
AnonPages:        829808 kB
Mapped:           401720 kB
Shmem:              2924 kB
Slab:             110568 kB
SReclaimable:      31276 kB
SUnreclaim:        79292 kB
KernelStack:       33792 kB
PageTables:        59112 kB
NFS_Unstable:          0 kB
Bounce:                0 kB
WritebackTmp:          0 kB
CommitLimit:     2684136 kB
Committed_AS:   141773720 kB
VmallocTotal:   251658176 kB
VmallocUsed:      321312 kB
VmallocChunk:   247561408 kB
Time pass: 243 sec

---2015-12-15 11:39:31
MemTotal:        2746844 kB
MemFree:           68000 kB
Buffers:            8720 kB
Cached:           703620 kB
SwapCached:         4992 kB
Active:           759712 kB
Inactive:         763736 kB
Active(anon):     414608 kB
Inactive(anon):   418680 kB
Active(file):     345104 kB
Inactive(file):   345056 kB
Unevictable:       35812 kB
Mlocked:           27768 kB
SwapTotal:       1310716 kB
SwapFree:        1134864 kB
Dirty:                56 kB
Writeback:             0 kB
AnonPages:        843980 kB
Mapped:           416468 kB
Shmem:              3124 kB
Slab:             110644 kB
SReclaimable:      31292 kB
SUnreclaim:        79352 kB
KernelStack:       35664 kB
PageTables:        59856 kB
NFS_Unstable:          0 kB
Bounce:                0 kB
WritebackTmp:          0 kB
CommitLimit:     2684136 kB
Committed_AS:   141898080 kB
VmallocTotal:   251658176 kB
VmallocUsed:      322488 kB
VmallocChunk:   247561408 kB
Time pass: 246 sec

---2015-12-15 11:39:31
MemTotal:        2746844 kB
MemFree:           70096 kB
Buffers:            8428 kB
Cached:           694908 kB
SwapCached:         5004 kB
Active:           760192 kB
Inactive:         765208 kB
Active(anon):     420812 kB
Inactive(anon):   424612 kB
Active(file):     339380 kB
Inactive(file):   340596 kB
Unevictable:       35812 kB
Mlocked:           27768 kB
SwapTotal:       1310716 kB
SwapFree:        1131440 kB
Dirty:               292 kB
Writeback:             0 kB
AnonPages:        856324 kB
Mapped:           404924 kB
Shmem:              3120 kB
Slab:             110840 kB
SReclaimable:      31260 kB
SUnreclaim:        79580 kB
KernelStack:       35904 kB
PageTables:        59724 kB
NFS_Unstable:          0 kB
Bounce:                0 kB
WritebackTmp:          0 kB
CommitLimit:     2684136 kB
Committed_AS:   141347296 kB
VmallocTotal:   251658176 kB
VmallocUsed:      322488 kB
VmallocChunk:   247561408 kB
Time pass: 250 sec

---2015-12-15 11:39:31
MemTotal:        2746844 kB
MemFree:           76520 kB
Buffers:            8448 kB
Cached:           692600 kB
SwapCached:         5004 kB
Active:           754916 kB
Inactive:         765896 kB
Active(anon):     416156 kB
Inactive(anon):   426008 kB
Active(file):     338760 kB
Inactive(file):   339888 kB
Unevictable:       35812 kB
Mlocked:           27768 kB
SwapTotal:       1310716 kB
SwapFree:        1131200 kB
Dirty:               148 kB
Writeback:             0 kB
AnonPages:        852324 kB
Mapped:           402856 kB
Shmem:              3168 kB
Slab:             111016 kB
SReclaimable:      31260 kB
SUnreclaim:        79756 kB
KernelStack:       36016 kB
PageTables:        60044 kB
NFS_Unstable:          0 kB
Bounce:                0 kB
WritebackTmp:          0 kB
CommitLimit:     2684136 kB
Committed_AS:   141377900 kB
VmallocTotal:   251658176 kB
VmallocUsed:      322488 kB
VmallocChunk:   247561408 kB
Time pass: 254 sec

---2015-12-15 11:39:31
MemTotal:        2746844 kB
MemFree:           74964 kB
Buffers:            8472 kB
Cached:           692972 kB
SwapCached:         5004 kB
Active:           754904 kB
Inactive:         766388 kB
Active(anon):     416136 kB
Inactive(anon):   425992 kB
Active(file):     338768 kB
Inactive(file):   340396 kB
Unevictable:       35812 kB
Mlocked:           27768 kB
SwapTotal:       1310716 kB
SwapFree:        1131200 kB
Dirty:                 0 kB
Writeback:             0 kB
AnonPages:        852384 kB
Mapped:           403104 kB
Shmem:              3172 kB
Slab:             110936 kB
SReclaimable:      31260 kB
SUnreclaim:        79676 kB
KernelStack:       36016 kB
PageTables:        60092 kB
NFS_Unstable:          0 kB
Bounce:                0 kB
WritebackTmp:          0 kB
CommitLimit:     2684136 kB
Committed_AS:   141378140 kB
VmallocTotal:   251658176 kB
VmallocUsed:      322488 kB
VmallocChunk:   247561408 kB
Time pass: 258 sec

---2015-12-15 11:39:31
MemTotal:        2746844 kB
MemFree:           82712 kB
Buffers:            8496 kB
Cached:           693284 kB
SwapCached:         5004 kB
Active:           754284 kB
Inactive:         759576 kB
Active(anon):     408448 kB
Inactive(anon):   426224 kB
Active(file):     345836 kB
Inactive(file):   333352 kB
Unevictable:       35812 kB
Mlocked:           27768 kB
SwapTotal:       1310716 kB
SwapFree:        1131436 kB
Dirty:               104 kB
Writeback:             0 kB
AnonPages:        844512 kB
Mapped:           396880 kB
Shmem:              3484 kB
Slab:             110932 kB
SReclaimable:      31260 kB
SUnreclaim:        79672 kB
KernelStack:       35344 kB
PageTables:        59500 kB
NFS_Unstable:          0 kB
Bounce:                0 kB
WritebackTmp:          0 kB
CommitLimit:     2684136 kB
Committed_AS:   140117332 kB
VmallocTotal:   251658176 kB
VmallocUsed:      321468 kB
VmallocChunk:   247561408 kB
Time pass: 262 sec

---2015-12-15 11:39:31
MemTotal:        2746844 kB
MemFree:           71652 kB
Buffers:            8528 kB
Cached:           695480 kB
SwapCached:         5004 kB
Active:           761736 kB
Inactive:         761660 kB
Active(anon):     415888 kB
Inactive(anon):   426100 kB
Active(file):     345848 kB
Inactive(file):   335560 kB
Unevictable:       35812 kB
Mlocked:           27768 kB
SwapTotal:       1310716 kB
SwapFree:        1131436 kB
Dirty:               120 kB
Writeback:             0 kB
AnonPages:        851940 kB
Mapped:           402828 kB
Shmem:              3484 kB
Slab:             110992 kB
SReclaimable:      31260 kB
SUnreclaim:        79732 kB
KernelStack:       35920 kB
PageTables:        60304 kB
NFS_Unstable:          0 kB
Bounce:                0 kB
WritebackTmp:          0 kB
CommitLimit:     2684136 kB
Committed_AS:   141364012 kB
VmallocTotal:   251658176 kB
VmallocUsed:      322488 kB
VmallocChunk:   247561408 kB
Time pass: 266 sec

---2015-12-15 11:39:31
MemTotal:        2746844 kB
MemFree:           68132 kB
Buffers:            8560 kB
Cached:           696068 kB
SwapCached:         5004 kB
Active:           765220 kB
Inactive:         761572 kB
Active(anon):     419384 kB
Inactive(anon):   425448 kB
Active(file):     345836 kB
Inactive(file):   336124 kB
Unevictable:       35812 kB
Mlocked:           27768 kB
SwapTotal:       1310716 kB
SwapFree:        1131452 kB
Dirty:               188 kB
Writeback:             0 kB
AnonPages:        855004 kB
Mapped:           403624 kB
Shmem:              3560 kB
Slab:             111188 kB
SReclaimable:      31276 kB
SUnreclaim:        79912 kB
KernelStack:       36064 kB
PageTables:        60140 kB
NFS_Unstable:          0 kB
Bounce:                0 kB
WritebackTmp:          0 kB
CommitLimit:     2684136 kB
Committed_AS:   141391240 kB
VmallocTotal:   251658176 kB
VmallocUsed:      322488 kB
VmallocChunk:   247561408 kB
Time pass: 270 sec

---2015-12-15 11:39:31
MemTotal:        2746844 kB
MemFree:           74040 kB
Buffers:            8584 kB
Cached:           696244 kB
SwapCached:         5004 kB
Active:           759460 kB
Inactive:         761492 kB
Active(anon):     413624 kB
Inactive(anon):   425260 kB
Active(file):     345836 kB
Inactive(file):   336232 kB
Unevictable:       35812 kB
Mlocked:           27768 kB
SwapTotal:       1310716 kB
SwapFree:        1131456 kB
Dirty:               108 kB
Writeback:             0 kB
AnonPages:        848816 kB
Mapped:           403720 kB
Shmem:              3652 kB
Slab:             111136 kB
SReclaimable:      31276 kB
SUnreclaim:        79860 kB
KernelStack:       36096 kB
PageTables:        60184 kB
NFS_Unstable:          0 kB
Bounce:                0 kB
WritebackTmp:          0 kB
CommitLimit:     2684136 kB
Committed_AS:   141418060 kB
VmallocTotal:   251658176 kB
VmallocUsed:      322488 kB
VmallocChunk:   247561408 kB
Time pass: 273 sec

---2015-12-15 11:39:31
MemTotal:        2746844 kB
MemFree:           71232 kB
Buffers:            8672 kB
Cached:           696688 kB
SwapCached:         5004 kB
Active:           759960 kB
Inactive:         761956 kB
Active(anon):     414096 kB
Inactive(anon):   425244 kB
Active(file):     345864 kB
Inactive(file):   336712 kB
Unevictable:       35812 kB
Mlocked:           27768 kB
SwapTotal:       1310716 kB
SwapFree:        1131460 kB
Dirty:                40 kB
Writeback:             0 kB
AnonPages:        849344 kB
Mapped:           403888 kB
Shmem:              3676 kB
Slab:             111144 kB
SReclaimable:      31276 kB
SUnreclaim:        79868 kB
KernelStack:       36128 kB
PageTables:        60212 kB
NFS_Unstable:          0 kB
Bounce:                0 kB
WritebackTmp:          0 kB
CommitLimit:     2684136 kB
Committed_AS:   141418548 kB
VmallocTotal:   251658176 kB
VmallocUsed:      322488 kB
VmallocChunk:   247561408 kB
Time pass: 277 sec

---2015-12-15 11:39:31
MemTotal:        2746844 kB
MemFree:           80988 kB
Buffers:            8672 kB
Cached:           696700 kB
SwapCached:         5004 kB
Active:           752340 kB
Inactive:         761640 kB
Active(anon):     406460 kB
Inactive(anon):   424932 kB
Active(file):     345880 kB
Inactive(file):   336708 kB
Unevictable:       35812 kB
Mlocked:           27768 kB
SwapTotal:       1310716 kB
SwapFree:        1131460 kB
Dirty:                52 kB
Writeback:             0 kB
AnonPages:        841184 kB
Mapped:           397356 kB
Shmem:              3676 kB
Slab:             111252 kB
SReclaimable:      31292 kB
SUnreclaim:        79960 kB
KernelStack:       35424 kB
PageTables:        59620 kB
NFS_Unstable:          0 kB
Bounce:                0 kB
WritebackTmp:          0 kB
CommitLimit:     2684136 kB
Committed_AS:   140166076 kB
VmallocTotal:   251658176 kB
VmallocUsed:      321468 kB
VmallocChunk:   247561408 kB
Time pass: 280 sec

---2015-12-15 11:39:31
MemTotal:        2746844 kB
MemFree:           78352 kB
Buffers:            8680 kB
Cached:           696700 kB
SwapCached:         5004 kB
Active:           754196 kB
Inactive:         761548 kB
Active(anon):     408316 kB
Inactive(anon):   424832 kB
Active(file):     345880 kB
Inactive(file):   336716 kB
Unevictable:       35812 kB
Mlocked:           27768 kB
SwapTotal:       1310716 kB
SwapFree:        1131464 kB
Dirty:                68 kB
Writeback:             0 kB
AnonPages:        843168 kB
Mapped:           400316 kB
Shmem:              3676 kB
Slab:             111252 kB
SReclaimable:      31292 kB
SUnreclaim:        79960 kB
KernelStack:       35392 kB
PageTables:        59940 kB
NFS_Unstable:          0 kB
Bounce:                0 kB
WritebackTmp:          0 kB
CommitLimit:     2684136 kB
Committed_AS:   141405960 kB
VmallocTotal:   251658176 kB
VmallocUsed:      322488 kB
VmallocChunk:   247561408 kB
Time pass: 284 sec

---2015-12-15 11:39:31
MemTotal:        2746844 kB
MemFree:           73476 kB
Buffers:            8456 kB
Cached:           694100 kB
SwapCached:         5036 kB
Active:           756816 kB
Inactive:         764724 kB
Active(anon):     415928 kB
Inactive(anon):   425840 kB
Active(file):     340888 kB
Inactive(file):   338884 kB
Unevictable:       35812 kB
Mlocked:           27768 kB
SwapTotal:       1310716 kB
SwapFree:        1130088 kB
Dirty:               112 kB
Writeback:             0 kB
AnonPages:        851516 kB
Mapped:           399880 kB
Shmem:              3676 kB
Slab:             111356 kB
SReclaimable:      31388 kB
SUnreclaim:        79968 kB
KernelStack:       36160 kB
PageTables:        60228 kB
NFS_Unstable:          0 kB
Bounce:                0 kB
WritebackTmp:          0 kB
CommitLimit:     2684136 kB
Committed_AS:   141420188 kB
VmallocTotal:   251658176 kB
VmallocUsed:      322488 kB
VmallocChunk:   247561408 kB
Time pass: 288 sec

---2015-12-15 11:39:31
MemTotal:        2746844 kB
MemFree:           77820 kB
Buffers:            8488 kB
Cached:           694256 kB
SwapCached:         5036 kB
Active:           756444 kB
Inactive:         764864 kB
Active(anon):     415556 kB
Inactive(anon):   425844 kB
Active(file):     340888 kB
Inactive(file):   339020 kB
Unevictable:       35812 kB
Mlocked:           27768 kB
SwapTotal:       1310716 kB
SwapFree:        1130088 kB
Dirty:               136 kB
Writeback:             0 kB
AnonPages:        850932 kB
Mapped:           399936 kB
Shmem:              3728 kB
Slab:             111320 kB
SReclaimable:      31372 kB
SUnreclaim:        79948 kB
KernelStack:       36224 kB
PageTables:        60284 kB
NFS_Unstable:          0 kB
Bounce:                0 kB
WritebackTmp:          0 kB
CommitLimit:     2684136 kB
Committed_AS:   141444968 kB
VmallocTotal:   251658176 kB
VmallocUsed:      322488 kB
VmallocChunk:   247561408 kB
Time pass: 291 sec

---2015-12-15 11:39:31
MemTotal:        2746844 kB
MemFree:           75708 kB
Buffers:            8888 kB
Cached:           694348 kB
SwapCached:         5036 kB
Active:           758224 kB
Inactive:         765300 kB
Active(anon):     417332 kB
Inactive(anon):   425836 kB
Active(file):     340892 kB
Inactive(file):   339464 kB
Unevictable:       35812 kB
Mlocked:           27768 kB
SwapTotal:       1310716 kB
SwapFree:        1130088 kB
Dirty:               124 kB
Writeback:             0 kB
AnonPages:        852724 kB
Mapped:           399996 kB
Shmem:              3776 kB
Slab:             111376 kB
SReclaimable:      31372 kB
SUnreclaim:        80004 kB
KernelStack:       36288 kB
PageTables:        60340 kB
NFS_Unstable:          0 kB
Bounce:                0 kB
WritebackTmp:          0 kB
CommitLimit:     2684136 kB
Committed_AS:   141472532 kB
VmallocTotal:   251658176 kB
VmallocUsed:      322488 kB
VmallocChunk:   247561408 kB
Time pass: 295 sec

---2015-12-15 11:39:31
MemTotal:        2746844 kB
MemFree:           74896 kB
Buffers:            8896 kB
Cached:           694344 kB
SwapCached:         5036 kB
Active:           758648 kB
Inactive:         765304 kB
Active(anon):     417756 kB
Inactive(anon):   425840 kB
Active(file):     340892 kB
Inactive(file):   339464 kB
Unevictable:       35812 kB
Mlocked:           27768 kB
SwapTotal:       1310716 kB
SwapFree:        1130088 kB
Dirty:                52 kB
Writeback:             0 kB
AnonPages:        853360 kB
Mapped:           400076 kB
Shmem:              3780 kB
Slab:             111376 kB
SReclaimable:      31372 kB
SUnreclaim:        80004 kB
KernelStack:       36272 kB
PageTables:        60344 kB
NFS_Unstable:          0 kB
Bounce:                0 kB
WritebackTmp:          0 kB
CommitLimit:     2684136 kB
Committed_AS:   141472496 kB
VmallocTotal:   251658176 kB
VmallocUsed:      322488 kB
VmallocChunk:   247561408 kB
Time pass: 298 sec

---2015-12-15 11:39:31
MemTotal:        2746844 kB
MemFree:           88424 kB
Buffers:            8912 kB
Cached:           694356 kB
SwapCached:         5036 kB
Active:           753664 kB
Inactive:         763080 kB
Active(anon):     410532 kB
Inactive(anon):   425836 kB
Active(file):     343132 kB
Inactive(file):   337244 kB
Unevictable:       35812 kB
Mlocked:           27768 kB
SwapTotal:       1310716 kB
SwapFree:        1130088 kB
Dirty:               100 kB
Writeback:             0 kB
AnonPages:        846044 kB
Mapped:           393540 kB
Shmem:              3780 kB
Slab:             111308 kB
SReclaimable:      31372 kB
SUnreclaim:        79936 kB
KernelStack:       35456 kB
PageTables:        59748 kB
NFS_Unstable:          0 kB
Bounce:                0 kB
WritebackTmp:          0 kB
CommitLimit:     2684136 kB
Committed_AS:   140219880 kB
VmallocTotal:   251658176 kB
VmallocUsed:      321468 kB
VmallocChunk:   247561408 kB
Time pass: 302 sec

---2015-12-15 11:39:31
MemTotal:        2746844 kB
MemFree:           69312 kB
Buffers:            8968 kB
Cached:           694356 kB
SwapCached:         5036 kB
Active:           771436 kB
Inactive:         763032 kB
Active(anon):     428304 kB
Inactive(anon):   425732 kB
Active(file):     343132 kB
Inactive(file):   337300 kB
Unevictable:       35812 kB
Mlocked:           27768 kB
SwapTotal:       1310716 kB
SwapFree:        1130092 kB
Dirty:               172 kB
Writeback:             0 kB
AnonPages:        863840 kB
Mapped:           400000 kB
Shmem:              3784 kB
Slab:             111348 kB
SReclaimable:      31436 kB
SUnreclaim:        79912 kB
KernelStack:       36288 kB
PageTables:        60312 kB
NFS_Unstable:          0 kB
Bounce:                0 kB
WritebackTmp:          0 kB
CommitLimit:     2684136 kB
Committed_AS:   141472108 kB
VmallocTotal:   251658176 kB
VmallocUsed:      322488 kB
VmallocChunk:   247561408 kB
Time pass: 306 sec

---2015-12-15 11:39:31
MemTotal:        2746844 kB
MemFree:           77592 kB
Buffers:            8984 kB
Cached:           694404 kB
SwapCached:         5036 kB
Active:           771588 kB
Inactive:         763072 kB
Active(anon):     428456 kB
Inactive(anon):   425760 kB
Active(file):     343132 kB
Inactive(file):   337312 kB
Unevictable:       35812 kB
Mlocked:           27768 kB
SwapTotal:       1310716 kB
SwapFree:        1130092 kB
Dirty:                 8 kB
Writeback:             0 kB
AnonPages:        864176 kB
Mapped:           400048 kB
Shmem:              3828 kB
Slab:             111324 kB
SReclaimable:      31388 kB
SUnreclaim:        79936 kB
KernelStack:       36208 kB
PageTables:        60416 kB
NFS_Unstable:          0 kB
Bounce:                0 kB
WritebackTmp:          0 kB
CommitLimit:     2684136 kB
Committed_AS:   141498812 kB
VmallocTotal:   251658176 kB
VmallocUsed:      322488 kB
VmallocChunk:   247561408 kB
Time pass: 309 sec

---2015-12-15 11:39:31
MemTotal:        2746844 kB
MemFree:           75892 kB
Buffers:            9004 kB
Cached:           695476 kB
SwapCached:         5040 kB
Active:           771784 kB
Inactive:         764108 kB
Active(anon):     428652 kB
Inactive(anon):   425732 kB
Active(file):     343132 kB
Inactive(file):   338376 kB
Unevictable:       35812 kB
Mlocked:           27768 kB
SwapTotal:       1310716 kB
SwapFree:        1130096 kB
Dirty:                96 kB
Writeback:             0 kB
AnonPages:        863632 kB
Mapped:           400172 kB
Shmem:              3868 kB
Slab:             111136 kB
SReclaimable:      31388 kB
SUnreclaim:        79748 kB
KernelStack:       36176 kB
PageTables:        60452 kB
NFS_Unstable:          0 kB
Bounce:                0 kB
WritebackTmp:          0 kB
CommitLimit:     2684136 kB
Committed_AS:   141525476 kB
VmallocTotal:   251658176 kB
VmallocUsed:      322488 kB
VmallocChunk:   247561408 kB
Time pass: 313 sec

---2015-12-15 11:39:31
MemTotal:        2746844 kB
MemFree:           74092 kB
Buffers:            9012 kB
Cached:           697000 kB
SwapCached:         5040 kB
Active:           770924 kB
Inactive:         765588 kB
Active(anon):     427788 kB
Inactive(anon):   425752 kB
Active(file):     343136 kB
Inactive(file):   339836 kB
Unevictable:       35812 kB
Mlocked:           27768 kB
SwapTotal:       1310716 kB
SwapFree:        1130104 kB
Dirty:                 0 kB
Writeback:             0 kB
AnonPages:        862764 kB
Mapped:           400468 kB
Shmem:              3916 kB
Slab:             111144 kB
SReclaimable:      31388 kB
SUnreclaim:        79756 kB
KernelStack:       36160 kB
PageTables:        60472 kB
NFS_Unstable:          0 kB
Bounce:                0 kB
WritebackTmp:          0 kB
CommitLimit:     2684136 kB
Committed_AS:   141525776 kB
VmallocTotal:   251658176 kB
VmallocUsed:      322488 kB
VmallocChunk:   247561408 kB
Time pass: 317 sec

---2015-12-15 11:39:31
MemTotal:        2746844 kB
MemFree:           81516 kB
Buffers:            9020 kB
Cached:           697576 kB
SwapCached:         5040 kB
Active:           762100 kB
Inactive:         765800 kB
Active(anon):     418756 kB
Inactive(anon):   425572 kB
Active(file):     343344 kB
Inactive(file):   340228 kB
Unevictable:       35812 kB
Mlocked:           27768 kB
SwapTotal:       1310716 kB
SwapFree:        1130104 kB
Dirty:                64 kB
Writeback:             0 kB
AnonPages:        853664 kB
Mapped:           394076 kB
Shmem:              3916 kB
Slab:             111144 kB
SReclaimable:      31388 kB
SUnreclaim:        79756 kB
KernelStack:       35472 kB
PageTables:        59908 kB
NFS_Unstable:          0 kB
Bounce:                0 kB
WritebackTmp:          0 kB
CommitLimit:     2684136 kB
Committed_AS:   140272540 kB
VmallocTotal:   251658176 kB
VmallocUsed:      321468 kB
VmallocChunk:   247561408 kB
Time pass: 320 sec

---2015-12-15 11:39:31
MemTotal:        2746844 kB
MemFree:           85640 kB
Buffers:            9036 kB
Cached:           697576 kB
SwapCached:         5036 kB
Active:           758312 kB
Inactive:         765464 kB
Active(anon):     414960 kB
Inactive(anon):   425224 kB
Active(file):     343352 kB
Inactive(file):   340240 kB
Unevictable:       35812 kB
Mlocked:           27768 kB
SwapTotal:       1310716 kB
SwapFree:        1130108 kB
Dirty:               112 kB
Writeback:             0 kB
AnonPages:        850012 kB
Mapped:           399800 kB
Shmem:              3916 kB
Slab:             111144 kB
SReclaimable:      31388 kB
SUnreclaim:        79756 kB
KernelStack:       36128 kB
PageTables:        60428 kB
NFS_Unstable:          0 kB
Bounce:                0 kB
WritebackTmp:          0 kB
CommitLimit:     2684136 kB
Committed_AS:   141532940 kB
VmallocTotal:   251658176 kB
VmallocUsed:      322488 kB
VmallocChunk:   247561408 kB
Time pass: 324 sec

---2015-12-15 11:39:31
MemTotal:        2746844 kB
MemFree:           81072 kB
Buffers:            9076 kB
Cached:           698904 kB
SwapCached:         5036 kB
Active:           762128 kB
Inactive:         765136 kB
Active(anon):     418028 kB
Inactive(anon):   424280 kB
Active(file):     344100 kB
Inactive(file):   340856 kB
Unevictable:       35812 kB
Mlocked:           27768 kB
SwapTotal:       1310716 kB
SwapFree:        1130124 kB
Dirty:               176 kB
Writeback:             0 kB
AnonPages:        851480 kB
Mapped:           400660 kB
Shmem:              3916 kB
Slab:             111244 kB
SReclaimable:      31388 kB
SUnreclaim:        79856 kB
KernelStack:       36192 kB
PageTables:        60468 kB
NFS_Unstable:          0 kB
Bounce:                0 kB
WritebackTmp:          0 kB
CommitLimit:     2684136 kB
Committed_AS:   141524652 kB
VmallocTotal:   251658176 kB
VmallocUsed:      322488 kB
VmallocChunk:   247561408 kB
Time pass: 327 sec

---2015-12-15 11:39:31
MemTotal:        2746844 kB
MemFree:           84016 kB
Buffers:            9084 kB
Cached:           698956 kB
SwapCached:         5036 kB
Active:           762980 kB
Inactive:         761892 kB
Active(anon):     418876 kB
Inactive(anon):   421032 kB
Active(file):     344104 kB
Inactive(file):   340860 kB
Unevictable:       35812 kB
Mlocked:           27768 kB
SwapTotal:       1310716 kB
SwapFree:        1130124 kB
Dirty:               112 kB
Writeback:             0 kB
AnonPages:        849364 kB
Mapped:           400676 kB
Shmem:              3968 kB
Slab:             111220 kB
SReclaimable:      31404 kB
SUnreclaim:        79816 kB
KernelStack:       36224 kB
PageTables:        60528 kB
NFS_Unstable:          0 kB
Bounce:                0 kB
WritebackTmp:          0 kB
CommitLimit:     2684136 kB
Committed_AS:   141551460 kB
VmallocTotal:   251658176 kB
VmallocUsed:      322488 kB
VmallocChunk:   247561408 kB
Time pass: 331 sec

---2015-12-15 11:39:31
MemTotal:        2746844 kB
MemFree:           82904 kB
Buffers:            9108 kB
Cached:           699008 kB
SwapCached:         5036 kB
Active:           763880 kB
Inactive:         761956 kB
Active(anon):     419776 kB
Inactive(anon):   421072 kB
Active(file):     344104 kB
Inactive(file):   340884 kB
Unevictable:       35812 kB
Mlocked:           27768 kB
SwapTotal:       1310716 kB
SwapFree:        1130132 kB
Dirty:               132 kB
Writeback:             0 kB
AnonPages:        850368 kB
Mapped:           400732 kB
Shmem:              4020 kB
Slab:             111240 kB
SReclaimable:      31404 kB
SUnreclaim:        79836 kB
KernelStack:       36208 kB
PageTables:        60576 kB
NFS_Unstable:          0 kB
Bounce:                0 kB
WritebackTmp:          0 kB
CommitLimit:     2684136 kB
Committed_AS:   141578440 kB
VmallocTotal:   251658176 kB
VmallocUsed:      322488 kB
VmallocChunk:   247561408 kB
Time pass: 334 sec

---2015-12-15 11:39:31
MemTotal:        2746844 kB
MemFree:           82168 kB
Buffers:            9148 kB
Cached:           699008 kB
SwapCached:         5036 kB
Active:           764728 kB
Inactive:         761944 kB
Active(anon):     420624 kB
Inactive(anon):   421032 kB
Active(file):     344104 kB
Inactive(file):   340912 kB
Unevictable:       35812 kB
Mlocked:           27768 kB
SwapTotal:       1310716 kB
SwapFree:        1130132 kB
Dirty:                80 kB
Writeback:             0 kB
AnonPages:        850992 kB
Mapped:           400808 kB
Shmem:              4020 kB
Slab:             111260 kB
SReclaimable:      31404 kB
SUnreclaim:        79856 kB
KernelStack:       36256 kB
PageTables:        60572 kB
NFS_Unstable:          0 kB
Bounce:                0 kB
WritebackTmp:          0 kB
CommitLimit:     2684136 kB
Committed_AS:   141578612 kB
VmallocTotal:   251658176 kB
VmallocUsed:      322488 kB
VmallocChunk:   247561408 kB
Time pass: 338 sec

---2015-12-15 11:39:31
MemTotal:        2746844 kB
MemFree:           90600 kB
Buffers:            9164 kB
Cached:           699048 kB
SwapCached:         5036 kB
Active:           758056 kB
Inactive:         761988 kB
Active(anon):     413952 kB
Inactive(anon):   421008 kB
Active(file):     344104 kB
Inactive(file):   340980 kB
Unevictable:       35812 kB
Mlocked:           27768 kB
SwapTotal:       1310716 kB
SwapFree:        1130132 kB
Dirty:               104 kB
Writeback:             0 kB
AnonPages:        844432 kB
Mapped:           396124 kB
Shmem:              4020 kB
Slab:             111236 kB
SReclaimable:      31388 kB
SUnreclaim:        79848 kB
KernelStack:       35520 kB
PageTables:        60280 kB
NFS_Unstable:          0 kB
Bounce:                0 kB
WritebackTmp:          0 kB
CommitLimit:     2684136 kB
Committed_AS:   141565896 kB
VmallocTotal:   251658176 kB
VmallocUsed:      322488 kB
VmallocChunk:   247561408 kB
Time pass: 342 sec

---2015-12-15 11:39:31
MemTotal:        2746844 kB
MemFree:           77624 kB
Buffers:            9204 kB
Cached:           700148 kB
SwapCached:         5036 kB
Active:           768976 kB
Inactive:         762856 kB
Active(anon):     424872 kB
Inactive(anon):   420828 kB
Active(file):     344104 kB
Inactive(file):   342028 kB
Unevictable:       35812 kB
Mlocked:           27768 kB
SwapTotal:       1310716 kB
SwapFree:        1130140 kB
Dirty:               104 kB
Writeback:             0 kB
AnonPages:        854740 kB
Mapped:           400724 kB
Shmem:              4020 kB
Slab:             111252 kB
SReclaimable:      31356 kB
SUnreclaim:        79896 kB
KernelStack:       36224 kB
PageTables:        60596 kB
NFS_Unstable:          0 kB
Bounce:                0 kB
WritebackTmp:          0 kB
CommitLimit:     2684136 kB
Committed_AS:   141578164 kB
VmallocTotal:   251658176 kB
VmallocUsed:      322488 kB
VmallocChunk:   247561408 kB
Time pass: 346 sec

---2015-12-15 11:39:31
MemTotal:        2746844 kB
MemFree:           77076 kB
Buffers:            9228 kB
Cached:           700280 kB
SwapCached:         5036 kB
Active:           769088 kB
Inactive:         763080 kB
Active(anon):     424984 kB
Inactive(anon):   420844 kB
Active(file):     344104 kB
Inactive(file):   342236 kB
Unevictable:       35812 kB
Mlocked:           27768 kB
SwapTotal:       1310716 kB
SwapFree:        1130144 kB
Dirty:                 0 kB
Writeback:             0 kB
AnonPages:        855248 kB
Mapped:           400840 kB
Shmem:              4060 kB
Slab:             111264 kB
SReclaimable:      31356 kB
SUnreclaim:        79908 kB
KernelStack:       36256 kB
PageTables:        60612 kB
NFS_Unstable:          0 kB
Bounce:                0 kB
WritebackTmp:          0 kB
CommitLimit:     2684136 kB
Committed_AS:   141604956 kB
VmallocTotal:   251658176 kB
VmallocUsed:      322488 kB
VmallocChunk:   247561408 kB
Time pass: 349 sec

---2015-12-15 11:39:31
MemTotal:        2746844 kB
MemFree:           76032 kB
Buffers:            9236 kB
Cached:           700344 kB
SwapCached:         5036 kB
Active:           771052 kB
Inactive:         763152 kB
Active(anon):     426948 kB
Inactive(anon):   420908 kB
Active(file):     344104 kB
Inactive(file):   342244 kB
Unevictable:       35812 kB
Mlocked:           27768 kB
SwapTotal:       1310716 kB
SwapFree:        1130148 kB
Dirty:                76 kB
Writeback:             0 kB
AnonPages:        857144 kB
Mapped:           400904 kB
Shmem:              4124 kB
Slab:             111236 kB
SReclaimable:      31356 kB
SUnreclaim:        79880 kB
KernelStack:       36256 kB
PageTables:        60680 kB
NFS_Unstable:          0 kB
Bounce:                0 kB
WritebackTmp:          0 kB
CommitLimit:     2684136 kB
Committed_AS:   141632044 kB
VmallocTotal:   251658176 kB
VmallocUsed:      322488 kB
VmallocChunk:   247561408 kB
Time pass: 353 sec

---2015-12-15 11:39:31
MemTotal:        2746844 kB
MemFree:           75644 kB
Buffers:            9236 kB
Cached:           700344 kB
SwapCached:         5036 kB
Active:           771004 kB
Inactive:         763152 kB
Active(anon):     426900 kB
Inactive(anon):   420908 kB
Active(file):     344104 kB
Inactive(file):   342244 kB
Unevictable:       35812 kB
Mlocked:           27768 kB
SwapTotal:       1310716 kB
SwapFree:        1130152 kB
Dirty:                76 kB
Writeback:             0 kB
AnonPages:        856996 kB
Mapped:           401064 kB
Shmem:              4124 kB
Slab:             111236 kB
SReclaimable:      31356 kB
SUnreclaim:        79880 kB
KernelStack:       36208 kB
PageTables:        60708 kB
NFS_Unstable:          0 kB
Bounce:                0 kB
WritebackTmp:          0 kB
CommitLimit:     2684136 kB
Committed_AS:   141631908 kB
VmallocTotal:   251658176 kB
VmallocUsed:      322488 kB
VmallocChunk:   247561408 kB
Time pass: 356 sec

---2015-12-15 11:39:31
MemTotal:        2746844 kB
MemFree:           85508 kB
Buffers:            9252 kB
Cached:           700344 kB
SwapCached:         5036 kB
Active:           762820 kB
Inactive:         763172 kB
Active(anon):     418716 kB
Inactive(anon):   420912 kB
Active(file):     344104 kB
Inactive(file):   342260 kB
Unevictable:       35812 kB
Mlocked:           27768 kB
SwapTotal:       1310716 kB
SwapFree:        1130152 kB
Dirty:                12 kB
Writeback:             0 kB
AnonPages:        848964 kB
Mapped:           394536 kB
Shmem:              4124 kB
Slab:             111244 kB
SReclaimable:      31356 kB
SUnreclaim:        79888 kB
KernelStack:       35488 kB
