---2015-11-23 23:33:11
MemTotal:        2582696 kB
MemFree:          138992 kB
Buffers:           18012 kB
Cached:          1319320 kB
SwapCached:            0 kB
Active:           978784 kB
Inactive:        1050556 kB
Active(anon):     563864 kB
Inactive(anon):   168752 kB
Active(file):     414920 kB
Inactive(file):   881804 kB
Unevictable:        2968 kB
Mlocked:               0 kB
SwapTotal:        524284 kB
SwapFree:         524284 kB
Dirty:               224 kB
Writeback:             0 kB
AnonPages:        695104 kB
Mapped:           398524 kB
Shmem:             37632 kB
Slab:              99620 kB
SReclaimable:      31752 kB
SUnreclaim:        67868 kB
KernelStack:       36128 kB
PageTables:        38704 kB
NFS_Unstable:          0 kB
Bounce:                0 kB
WritebackTmp:          0 kB
CommitLimit:     1815632 kB
Committed_AS:   110685036 kB
VmallocTotal:   251658176 kB
VmallocUsed:      117168 kB
VmallocChunk:   251460516 kB
Time pass: 3 sec

---2015-11-23 23:33:11
MemTotal:        2582696 kB
MemFree:          138448 kB
Buffers:           18012 kB
Cached:          1319616 kB
SwapCached:            0 kB
Active:           979320 kB
Inactive:        1050852 kB
Active(anon):     564392 kB
Inactive(anon):   168752 kB
Active(file):     414928 kB
Inactive(file):   882100 kB
Unevictable:        2968 kB
Mlocked:               0 kB
SwapTotal:        524284 kB
SwapFree:         524284 kB
Dirty:               260 kB
Writeback:             0 kB
AnonPages:        695576 kB
Mapped:           398536 kB
Shmem:             37632 kB
Slab:              99636 kB
SReclaimable:      31752 kB
SUnreclaim:        67884 kB
KernelStack:       36160 kB
PageTables:        38712 kB
NFS_Unstable:          0 kB
Bounce:                0 kB
WritebackTmp:          0 kB
CommitLimit:     1815632 kB
Committed_AS:   110684972 kB
VmallocTotal:   251658176 kB
VmallocUsed:      117168 kB
VmallocChunk:   251460516 kB
Time pass: 7 sec

---2015-11-23 23:33:11
MemTotal:        2582696 kB
MemFree:          135380 kB
Buffers:           18012 kB
Cached:          1320496 kB
SwapCached:            0 kB
Active:           981852 kB
Inactive:        1051296 kB
Active(anon):     566924 kB
Inactive(anon):   168752 kB
Active(file):     414928 kB
Inactive(file):   882544 kB
Unevictable:        2968 kB
Mlocked:               0 kB
SwapTotal:        524284 kB
SwapFree:         524284 kB
Dirty:               216 kB
Writeback:             0 kB
AnonPages:        698020 kB
Mapped:           398628 kB
Shmem:             37632 kB
Slab:              99636 kB
SReclaimable:      31752 kB
SUnreclaim:        67884 kB
KernelStack:       36160 kB
PageTables:        38720 kB
NFS_Unstable:          0 kB
Bounce:                0 kB
WritebackTmp:          0 kB
CommitLimit:     1815632 kB
Committed_AS:   110694188 kB
VmallocTotal:   251658176 kB
VmallocUsed:      117168 kB
VmallocChunk:   251460516 kB
Time pass: 10 sec

---2015-11-23 23:33:11
MemTotal:        2582696 kB
MemFree:          120532 kB
Buffers:           18004 kB
Cached:          1188332 kB
SwapCached:            0 kB
Active:          1054784 kB
Inactive:         875916 kB
Active(anon):     596284 kB
Inactive(anon):   168884 kB
Active(file):     458500 kB
Inactive(file):   707032 kB
Unevictable:        2968 kB
Mlocked:               0 kB
SwapTotal:        524284 kB
SwapFree:         524284 kB
Dirty:               816 kB
Writeback:             0 kB
AnonPages:        727572 kB
Mapped:           414992 kB
Shmem:             37764 kB
Slab:             100780 kB
SReclaimable:      31872 kB
SUnreclaim:        68908 kB
KernelStack:       37392 kB
PageTables:        39740 kB
NFS_Unstable:          0 kB
Bounce:                0 kB
WritebackTmp:          0 kB
CommitLimit:     1815632 kB
Committed_AS:   111991196 kB
VmallocTotal:   251658176 kB
VmallocUsed:      118604 kB
VmallocChunk:   251460516 kB
Time pass: 14 sec

---2015-11-23 23:33:11
MemTotal:        2582696 kB
MemFree:          128592 kB
Buffers:           18004 kB
Cached:          1115532 kB
SwapCached:            0 kB
Active:          1044384 kB
Inactive:         800676 kB
Active(anon):     583376 kB
Inactive(anon):   168884 kB
Active(file):     461008 kB
Inactive(file):   631792 kB
Unevictable:        2968 kB
Mlocked:               0 kB
SwapTotal:        524284 kB
SwapFree:         524284 kB
Dirty:              1844 kB
Writeback:             0 kB
AnonPages:        714464 kB
Mapped:           433456 kB
Shmem:             37764 kB
Slab:             100456 kB
SReclaimable:      31720 kB
SUnreclaim:        68736 kB
KernelStack:       37408 kB
PageTables:        39732 kB
NFS_Unstable:          0 kB
Bounce:                0 kB
WritebackTmp:          0 kB
CommitLimit:     1815632 kB
Committed_AS:   112016060 kB
VmallocTotal:   251658176 kB
VmallocUsed:      119232 kB
VmallocChunk:   251460516 kB
Time pass: 17 sec

---2015-11-23 23:33:11
MemTotal:        2582696 kB
MemFree:          128476 kB
Buffers:           18004 kB
Cached:          1116036 kB
SwapCached:            0 kB
Active:          1044988 kB
Inactive:         800984 kB
Active(anon):     583860 kB
Inactive(anon):   168884 kB
Active(file):     461128 kB
Inactive(file):   632100 kB
Unevictable:        2968 kB
Mlocked:               0 kB
SwapTotal:        524284 kB
SwapFree:         524284 kB
Dirty:               328 kB
Writeback:             0 kB
AnonPages:        715076 kB
Mapped:           433640 kB
Shmem:             37764 kB
Slab:             100464 kB
SReclaimable:      31848 kB
SUnreclaim:        68616 kB
KernelStack:       37408 kB
PageTables:        39732 kB
NFS_Unstable:          0 kB
Bounce:                0 kB
WritebackTmp:          0 kB
CommitLimit:     1815632 kB
Committed_AS:   112016052 kB
VmallocTotal:   251658176 kB
VmallocUsed:      119232 kB
VmallocChunk:   251460516 kB
Time pass: 21 sec

---2015-11-23 23:33:11
MemTotal:        2582696 kB
MemFree:          116048 kB
Buffers:           18004 kB
Cached:          1039180 kB
SwapCached:            0 kB
Active:          1056556 kB
Inactive:         730500 kB
Active(anon):     601636 kB
Inactive(anon):   168884 kB
Active(file):     454920 kB
Inactive(file):   561616 kB
Unevictable:        2968 kB
Mlocked:               0 kB
SwapTotal:        524284 kB
SwapFree:         524284 kB
Dirty:               348 kB
Writeback:             0 kB
AnonPages:        732820 kB
Mapped:           436188 kB
Shmem:             37764 kB
Slab:             101000 kB
SReclaimable:      32300 kB
SUnreclaim:        68700 kB
KernelStack:       37536 kB
PageTables:        40100 kB
NFS_Unstable:          0 kB
Bounce:                0 kB
WritebackTmp:          0 kB
CommitLimit:     1815632 kB
Committed_AS:   112021300 kB
VmallocTotal:   251658176 kB
VmallocUsed:      119496 kB
VmallocChunk:   251460516 kB
Time pass: 25 sec

---2015-11-23 23:33:11
MemTotal:        2582696 kB
MemFree:          161632 kB
Buffers:           18004 kB
Cached:           992500 kB
SwapCached:            0 kB
Active:          1052124 kB
Inactive:         689244 kB
Active(anon):     602720 kB
Inactive(anon):   168884 kB
Active(file):     449404 kB
Inactive(file):   520360 kB
Unevictable:        2968 kB
Mlocked:               0 kB
SwapTotal:        524284 kB
SwapFree:         524284 kB
Dirty:               416 kB
Writeback:             0 kB
AnonPages:        733940 kB
Mapped:           436368 kB
Shmem:             37764 kB
Slab:             100996 kB
SReclaimable:      32220 kB
SUnreclaim:        68776 kB
KernelStack:       37616 kB
PageTables:        40140 kB
NFS_Unstable:          0 kB
Bounce:                0 kB
WritebackTmp:          0 kB
CommitLimit:     1815632 kB
Committed_AS:   112021332 kB
VmallocTotal:   251658176 kB
VmallocUsed:      119496 kB
VmallocChunk:   251460516 kB
Time pass: 28 sec

---2015-11-23 23:33:11
MemTotal:        2582696 kB
MemFree:          166464 kB
Buffers:           18004 kB
Cached:           993168 kB
SwapCached:            0 kB
Active:          1063744 kB
Inactive:         689780 kB
Active(anon):     614212 kB
Inactive(anon):   168888 kB
Active(file):     449532 kB
Inactive(file):   520892 kB
Unevictable:        2968 kB
Mlocked:               0 kB
SwapTotal:        524284 kB
SwapFree:         524284 kB
Dirty:               800 kB
Writeback:             0 kB
AnonPages:        745252 kB
Mapped:           437716 kB
Shmem:             37768 kB
Slab:             101080 kB
SReclaimable:      32236 kB
SUnreclaim:        68844 kB
KernelStack:       37664 kB
PageTables:        40036 kB
NFS_Unstable:          0 kB
Bounce:                0 kB
WritebackTmp:          0 kB
CommitLimit:     1815632 kB
Committed_AS:   112023508 kB
VmallocTotal:   251658176 kB
VmallocUsed:      119364 kB
VmallocChunk:   251460516 kB
Time pass: 32 sec

---2015-11-23 23:33:11
MemTotal:        2582696 kB
MemFree:          110076 kB
Buffers:           18004 kB
Cached:           989296 kB
SwapCached:            0 kB
Active:          1064024 kB
Inactive:         691228 kB
Active(anon):     619844 kB
Inactive(anon):   168884 kB
Active(file):     444180 kB
Inactive(file):   522344 kB
Unevictable:        2968 kB
Mlocked:               0 kB
SwapTotal:        524284 kB
SwapFree:         524284 kB
Dirty:              1432 kB
Writeback:             0 kB
AnonPages:        751188 kB
Mapped:           459348 kB
Shmem:             37768 kB
Slab:             100672 kB
SReclaimable:      31756 kB
SUnreclaim:        68916 kB
KernelStack:       37696 kB
PageTables:        40164 kB
NFS_Unstable:          0 kB
Bounce:                0 kB
WritebackTmp:          0 kB
CommitLimit:     1815632 kB
Committed_AS:   112031820 kB
VmallocTotal:   251658176 kB
VmallocUsed:      119816 kB
VmallocChunk:   251460516 kB
Time pass: 36 sec

---2015-11-23 23:33:11
MemTotal:        2582696 kB
MemFree:          110100 kB
Buffers:           18004 kB
Cached:           989296 kB
SwapCached:            0 kB
Active:          1064368 kB
Inactive:         691096 kB
Active(anon):     620036 kB
Inactive(anon):   168884 kB
Active(file):     444332 kB
Inactive(file):   522212 kB
Unevictable:        2968 kB
Mlocked:               0 kB
SwapTotal:        524284 kB
SwapFree:         524284 kB
Dirty:               500 kB
Writeback:             0 kB
AnonPages:        751280 kB
Mapped:           459172 kB
Shmem:             37768 kB
Slab:             100700 kB
SReclaimable:      31756 kB
SUnreclaim:        68944 kB
KernelStack:       37696 kB
PageTables:        40192 kB
NFS_Unstable:          0 kB
Bounce:                0 kB
WritebackTmp:          0 kB
CommitLimit:     1815632 kB
Committed_AS:   112031932 kB
VmallocTotal:   251658176 kB
VmallocUsed:      119816 kB
VmallocChunk:   251460516 kB
Time pass: 39 sec

---2015-11-23 23:33:11
MemTotal:        2582696 kB
MemFree:          118760 kB
Buffers:           18004 kB
Cached:           971904 kB
SwapCached:            0 kB
Active:          1064504 kB
Inactive:         675832 kB
Active(anon):     622156 kB
Inactive(anon):   168884 kB
Active(file):     442348 kB
Inactive(file):   506948 kB
Unevictable:        2968 kB
Mlocked:               0 kB
SwapTotal:        524284 kB
SwapFree:         524284 kB
Dirty:               656 kB
Writeback:             0 kB
AnonPages:        753064 kB
Mapped:           465476 kB
Shmem:             37768 kB
Slab:             100772 kB
SReclaimable:      31728 kB
SUnreclaim:        69044 kB
KernelStack:       37680 kB
PageTables:        40160 kB
NFS_Unstable:          0 kB
Bounce:                0 kB
WritebackTmp:          0 kB
CommitLimit:     1815632 kB
Committed_AS:   112031980 kB
VmallocTotal:   251658176 kB
VmallocUsed:      119912 kB
VmallocChunk:   251460516 kB
Time pass: 43 sec

---2015-11-23 23:33:11
MemTotal:        2582696 kB
MemFree:          119204 kB
Buffers:           18004 kB
Cached:           973732 kB
SwapCached:            0 kB
Active:          1063344 kB
Inactive:         677500 kB
Active(anon):     620960 kB
Inactive(anon):   168884 kB
Active(file):     442384 kB
Inactive(file):   508616 kB
Unevictable:        2968 kB
Mlocked:               0 kB
SwapTotal:        524284 kB
SwapFree:         524284 kB
Dirty:               736 kB
Writeback:             0 kB
AnonPages:        752160 kB
Mapped:           466312 kB
Shmem:             37768 kB
Slab:             100844 kB
SReclaimable:      31808 kB
SUnreclaim:        69036 kB
KernelStack:       37680 kB
PageTables:        40188 kB
NFS_Unstable:          0 kB
Bounce:                0 kB
WritebackTmp:          0 kB
CommitLimit:     1815632 kB
Committed_AS:   112032028 kB
VmallocTotal:   251658176 kB
VmallocUsed:      119912 kB
VmallocChunk:   251460516 kB
Time pass: 46 sec

---2015-11-23 23:33:11
MemTotal:        2582696 kB
MemFree:          108128 kB
Buffers:           17892 kB
Cached:           957844 kB
SwapCached:            0 kB
Active:          1070568 kB
Inactive:         663708 kB
Active(anon):     630872 kB
Inactive(anon):   169180 kB
Active(file):     439696 kB
Inactive(file):   494528 kB
Unevictable:        2968 kB
Mlocked:               0 kB
SwapTotal:        524284 kB
SwapFree:         524284 kB
Dirty:              1172 kB
Writeback:             0 kB
AnonPages:        762072 kB
Mapped:           476928 kB
Shmem:             38204 kB
Slab:             101408 kB
SReclaimable:      31884 kB
SUnreclaim:        69524 kB
KernelStack:       37760 kB
PageTables:        40172 kB
NFS_Unstable:          0 kB
Bounce:                0 kB
WritebackTmp:          0 kB
CommitLimit:     1815632 kB
Committed_AS:   112041020 kB
VmallocTotal:   251658176 kB
VmallocUsed:      120064 kB
VmallocChunk:   251460516 kB
Time pass: 50 sec

---2015-11-23 23:33:11
MemTotal:        2582696 kB
MemFree:          107432 kB
Buffers:           17712 kB
Cached:           960480 kB
SwapCached:            0 kB
Active:          1079416 kB
Inactive:         666536 kB
Active(anon):     639476 kB
Inactive(anon):   168884 kB
Active(file):     439940 kB
Inactive(file):   497652 kB
Unevictable:        2968 kB
Mlocked:               0 kB
SwapTotal:        524284 kB
SwapFree:         524284 kB
Dirty:               960 kB
Writeback:             0 kB
AnonPages:        770828 kB
Mapped:           480412 kB
Shmem:             37768 kB
Slab:             100812 kB
SReclaimable:      31808 kB
SUnreclaim:        69004 kB
KernelStack:       37904 kB
PageTables:        40192 kB
NFS_Unstable:          0 kB
Bounce:                0 kB
WritebackTmp:          0 kB
CommitLimit:     1815632 kB
Committed_AS:   112049412 kB
VmallocTotal:   251658176 kB
VmallocUsed:      120064 kB
VmallocChunk:   251460516 kB
Time pass: 53 sec

---2015-11-23 23:33:11
MemTotal:        2582696 kB
MemFree:          106940 kB
Buffers:           13276 kB
Cached:           935080 kB
SwapCached:            0 kB
Active:          1089624 kB
Inactive:         635608 kB
Active(anon):     648844 kB
Inactive(anon):   169012 kB
Active(file):     440780 kB
Inactive(file):   466596 kB
Unevictable:        2968 kB
Mlocked:               0 kB
SwapTotal:        524284 kB
SwapFree:         524284 kB
Dirty:               992 kB
Writeback:             0 kB
AnonPages:        779904 kB
Mapped:           480144 kB
Shmem:             37900 kB
Slab:             101196 kB
SReclaimable:      31672 kB
SUnreclaim:        69524 kB
KernelStack:       38176 kB
PageTables:        40420 kB
NFS_Unstable:          0 kB
Bounce:                0 kB
WritebackTmp:          0 kB
CommitLimit:     1815632 kB
Committed_AS:   112089188 kB
VmallocTotal:   251658176 kB
VmallocUsed:      122596 kB
VmallocChunk:   251460516 kB
Time pass: 57 sec

---2015-11-23 23:33:11
MemTotal:        2582696 kB
MemFree:          106368 kB
Buffers:           11664 kB
Cached:           907792 kB
SwapCached:            0 kB
Active:          1083996 kB
Inactive:         612924 kB
Active(anon):     649328 kB
Inactive(anon):   169056 kB
Active(file):     434668 kB
Inactive(file):   443868 kB
Unevictable:        2968 kB
Mlocked:               0 kB
SwapTotal:        524284 kB
SwapFree:         524284 kB
Dirty:               728 kB
Writeback:             0 kB
AnonPages:        780388 kB
Mapped:           480140 kB
Shmem:             37952 kB
Slab:             101136 kB
SReclaimable:      31544 kB
SUnreclaim:        69592 kB
KernelStack:       38176 kB
PageTables:        40572 kB
NFS_Unstable:          0 kB
Bounce:                0 kB
WritebackTmp:          0 kB
CommitLimit:     1815632 kB
Committed_AS:   112089188 kB
VmallocTotal:   251658176 kB
VmallocUsed:      122596 kB
VmallocChunk:   251460516 kB
Time pass: 61 sec

---2015-11-23 23:33:11
MemTotal:        2582696 kB
MemFree:          105228 kB
Buffers:           11672 kB
Cached:           907956 kB
SwapCached:            0 kB
Active:          1085200 kB
Inactive:         613104 kB
Active(anon):     650532 kB
Inactive(anon):   169220 kB
Active(file):     434668 kB
Inactive(file):   443884 kB
Unevictable:        2968 kB
Mlocked:               0 kB
SwapTotal:        524284 kB
SwapFree:         524284 kB
Dirty:               744 kB
Writeback:             0 kB
AnonPages:        781592 kB
Mapped:           480212 kB
Shmem:             38108 kB
Slab:             101332 kB
SReclaimable:      31692 kB
SUnreclaim:        69640 kB
KernelStack:       38176 kB
PageTables:        40576 kB
NFS_Unstable:          0 kB
Bounce:                0 kB
WritebackTmp:          0 kB
CommitLimit:     1815632 kB
Committed_AS:   112089180 kB
VmallocTotal:   251658176 kB
VmallocUsed:      122596 kB
VmallocChunk:   251460516 kB
Time pass: 64 sec

---2015-11-23 23:33:11
MemTotal:        2582696 kB
MemFree:          107832 kB
Buffers:           11672 kB
Cached:           904716 kB
SwapCached:            0 kB
Active:          1086844 kB
Inactive:         609872 kB
Active(anon):     652184 kB
Inactive(anon):   169220 kB
Active(file):     434660 kB
Inactive(file):   440652 kB
Unevictable:        2968 kB
Mlocked:               0 kB
SwapTotal:        524284 kB
SwapFree:         524284 kB
Dirty:               784 kB
Writeback:             0 kB
AnonPages:        783332 kB
Mapped:           480216 kB
Shmem:             38108 kB
Slab:             101356 kB
SReclaimable:      31688 kB
SUnreclaim:        69668 kB
KernelStack:       38176 kB
PageTables:        40568 kB
NFS_Unstable:          0 kB
Bounce:                0 kB
WritebackTmp:          0 kB
CommitLimit:     1815632 kB
Committed_AS:   112089188 kB
VmallocTotal:   251658176 kB
VmallocUsed:      122596 kB
VmallocChunk:   251460516 kB
Time pass: 68 sec

---2015-11-23 23:33:11
MemTotal:        2582696 kB
MemFree:          106576 kB
Buffers:           11672 kB
Cached:           904768 kB
SwapCached:            0 kB
Active:          1087728 kB
Inactive:         609924 kB
Active(anon):     653068 kB
Inactive(anon):   169272 kB
Active(file):     434660 kB
Inactive(file):   440652 kB
Unevictable:        2968 kB
Mlocked:               0 kB
SwapTotal:        524284 kB
SwapFree:         524284 kB
Dirty:               724 kB
Writeback:             0 kB
AnonPages:        784256 kB
Mapped:           480272 kB
Shmem:             38160 kB
Slab:             101332 kB
SReclaimable:      31688 kB
SUnreclaim:        69644 kB
KernelStack:       38176 kB
PageTables:        40572 kB
NFS_Unstable:          0 kB
Bounce:                0 kB
WritebackTmp:          0 kB
CommitLimit:     1815632 kB
Committed_AS:   112093308 kB
VmallocTotal:   251658176 kB
VmallocUsed:      122596 kB
VmallocChunk:   251460516 kB
Time pass: 71 sec

---2015-11-23 23:33:11
MemTotal:        2582696 kB
MemFree:          106844 kB
Buffers:           11672 kB
Cached:           904840 kB
SwapCached:            0 kB
Active:          1087888 kB
Inactive:         609996 kB
Active(anon):     653228 kB
Inactive(anon):   169272 kB
Active(file):     434660 kB
Inactive(file):   440724 kB
Unevictable:        2968 kB
Mlocked:               0 kB
SwapTotal:        524284 kB
SwapFree:         524284 kB
Dirty:               792 kB
Writeback:             0 kB
AnonPages:        784236 kB
Mapped:           480272 kB
Shmem:             38160 kB
Slab:             101332 kB
SReclaimable:      31688 kB
SUnreclaim:        69644 kB
KernelStack:       38160 kB
PageTables:        40568 kB
NFS_Unstable:          0 kB
Bounce:                0 kB
WritebackTmp:          0 kB
CommitLimit:     1815632 kB
Committed_AS:   112093292 kB
VmallocTotal:   251658176 kB
VmallocUsed:      122596 kB
VmallocChunk:   251460516 kB
Time pass: 75 sec

---2015-11-23 23:33:11
MemTotal:        2582696 kB
MemFree:          155952 kB
Buffers:           11664 kB
Cached:           883996 kB
SwapCached:            0 kB
Active:          1064792 kB
Inactive:         596064 kB
Active(anon):     637908 kB
Inactive(anon):   168632 kB
Active(file):     426884 kB
Inactive(file):   427432 kB
Unevictable:        3856 kB
Mlocked:               0 kB
SwapTotal:        524284 kB
SwapFree:         524040 kB
Dirty:               140 kB
Writeback:             0 kB
AnonPages:        769112 kB
Mapped:           480308 kB
Shmem:             37548 kB
Slab:             100532 kB
SReclaimable:      31016 kB
SUnreclaim:        69516 kB
KernelStack:       38080 kB
PageTables:        39652 kB
NFS_Unstable:          0 kB
Bounce:                0 kB
WritebackTmp:          0 kB
CommitLimit:     1815632 kB
Committed_AS:   110285224 kB
VmallocTotal:   251658176 kB
VmallocUsed:      121420 kB
VmallocChunk:   251460516 kB
Time pass: 79 sec

---2015-11-23 23:33:11
MemTotal:        2582696 kB
MemFree:          422448 kB
Buffers:           11664 kB
Cached:           884580 kB
SwapCached:            0 kB
Active:          1000624 kB
Inactive:         593264 kB
Active(anon):     570456 kB
Inactive(anon):   168432 kB
Active(file):     430168 kB
Inactive(file):   424832 kB
Unevictable:        3888 kB
Mlocked:               0 kB
SwapTotal:        524284 kB
SwapFree:         524040 kB
Dirty:               336 kB
Writeback:             0 kB
AnonPages:        701520 kB
Mapped:           377476 kB
Shmem:             37388 kB
Slab:             100716 kB
SReclaimable:      31352 kB
SUnreclaim:        69364 kB
KernelStack:       36224 kB
PageTables:        38304 kB
NFS_Unstable:          0 kB
Bounce:                0 kB
WritebackTmp:          0 kB
CommitLimit:     1815632 kB
Committed_AS:   108913188 kB
VmallocTotal:   251658176 kB
VmallocUsed:      118732 kB
VmallocChunk:   251460516 kB
Time pass: 82 sec

---2015-11-23 23:33:11
MemTotal:        2582696 kB
MemFree:          427696 kB
Buffers:           11664 kB
Cached:           884580 kB
SwapCached:            0 kB
Active:           995448 kB
Inactive:         593312 kB
Active(anon):     565284 kB
Inactive(anon):   168432 kB
Active(file):     430164 kB
Inactive(file):   424880 kB
Unevictable:        3888 kB
Mlocked:               0 kB
SwapTotal:        524284 kB
SwapFree:         524040 kB
Dirty:               396 kB
Writeback:             0 kB
AnonPages:        696388 kB
Mapped:           377508 kB
Shmem:             37388 kB
Slab:             100608 kB
SReclaimable:      31256 kB
SUnreclaim:        69352 kB
KernelStack:       36208 kB
PageTables:        38284 kB
NFS_Unstable:          0 kB
Bounce:                0 kB
WritebackTmp:          0 kB
CommitLimit:     1815632 kB
Committed_AS:   108913460 kB
VmallocTotal:   251658176 kB
VmallocUsed:      118732 kB
VmallocChunk:   251460516 kB
Time pass: 86 sec

---2015-11-23 23:33:11
MemTotal:        2582696 kB
MemFree:          428096 kB
Buffers:           11664 kB
Cached:           884688 kB
SwapCached:            0 kB
Active:           995744 kB
Inactive:         593340 kB
Active(anon):     565576 kB
Inactive(anon):   168432 kB
Active(file):     430168 kB
Inactive(file):   424908 kB
Unevictable:        3888 kB
Mlocked:               0 kB
SwapTotal:        524284 kB
SwapFree:         524040 kB
Dirty:                48 kB
Writeback:             0 kB
AnonPages:        696472 kB
Mapped:           377480 kB
Shmem:             37388 kB
Slab:             100632 kB
SReclaimable:      31256 kB
SUnreclaim:        69376 kB
KernelStack:       36208 kB
PageTables:        38304 kB
NFS_Unstable:          0 kB
Bounce:                0 kB
WritebackTmp:          0 kB
CommitLimit:     1815632 kB
Committed_AS:   108913468 kB
VmallocTotal:   251658176 kB
VmallocUsed:      118732 kB
VmallocChunk:   251460516 kB
Time pass: 90 sec

---2015-11-23 23:33:11
MemTotal:        2582696 kB
MemFree:          427344 kB
Buffers:           11664 kB
Cached:           884688 kB
SwapCached:            0 kB
Active:           995720 kB
Inactive:         593340 kB
Active(anon):     565552 kB
Inactive(anon):   168432 kB
Active(file):     430168 kB
Inactive(file):   424908 kB
Unevictable:        3888 kB
Mlocked:               0 kB
SwapTotal:        524284 kB
SwapFree:         524040 kB
Dirty:                48 kB
Writeback:             0 kB
AnonPages:        696492 kB
Mapped:           377564 kB
Shmem:             37388 kB
Slab:             100604 kB
SReclaimable:      31256 kB
SUnreclaim:        69348 kB
KernelStack:       36192 kB
PageTables:        38332 kB
NFS_Unstable:          0 kB
Bounce:                0 kB
WritebackTmp:          0 kB
CommitLimit:     1815632 kB
Committed_AS:   108913412 kB
VmallocTotal:   251658176 kB
VmallocUsed:      116316 kB
VmallocChunk:   251460516 kB
Time pass: 93 sec

---2015-11-23 23:33:11
MemTotal:        2582696 kB
MemFree:          277320 kB
Buffers:           11664 kB
Cached:           886220 kB
SwapCached:            0 kB
Active:          1024504 kB
Inactive:         592884 kB
Active(anon):     592352 kB
Inactive(anon):   168560 kB
Active(file):     432152 kB
Inactive(file):   424324 kB
Unevictable:        3888 kB
Mlocked:               0 kB
SwapTotal:        524284 kB
SwapFree:         524040 kB
Dirty:               804 kB
Writeback:             0 kB
AnonPages:        723404 kB
Mapped:           405352 kB
Shmem:             37516 kB
Slab:             100580 kB
SReclaimable:      31256 kB
SUnreclaim:        69324 kB
KernelStack:       37280 kB
PageTables:        39216 kB
NFS_Unstable:          0 kB
Bounce:                0 kB
WritebackTmp:          0 kB
CommitLimit:     1815632 kB
Committed_AS:   110219528 kB
VmallocTotal:   251658176 kB
VmallocUsed:      117800 kB
VmallocChunk:   251460516 kB
Time pass: 97 sec

---2015-11-23 23:33:11
MemTotal:        2582696 kB
MemFree:          203620 kB
Buffers:           11664 kB
Cached:           886704 kB
SwapCached:            0 kB
Active:          1040344 kB
Inactive:         591860 kB
Active(anon):     606692 kB
Inactive(anon):   168568 kB
Active(file):     433652 kB
Inactive(file):   423292 kB
Unevictable:        3888 kB
Mlocked:               0 kB
SwapTotal:        524284 kB
SwapFree:         524040 kB
Dirty:               672 kB
Writeback:             0 kB
AnonPages:        738120 kB
Mapped:           437692 kB
Shmem:             37524 kB
Slab:             100600 kB
SReclaimable:      31256 kB
SUnreclaim:        69344 kB
KernelStack:       37504 kB
PageTables:        39456 kB
NFS_Unstable:          0 kB
Bounce:                0 kB
WritebackTmp:          0 kB
CommitLimit:     1815632 kB
Committed_AS:   110235164 kB
VmallocTotal:   251658176 kB
VmallocUsed:      118208 kB
VmallocChunk:   251460516 kB
Time pass: 100 sec

---2015-11-23 23:33:11
MemTotal:        2582696 kB
MemFree:          144864 kB
Buffers:           11664 kB
Cached:           887676 kB
SwapCached:            0 kB
Active:          1043616 kB
Inactive:         591448 kB
Active(anon):     608568 kB
Inactive(anon):   168568 kB
Active(file):     435048 kB
Inactive(file):   422880 kB
Unevictable:        3888 kB
Mlocked:               0 kB
SwapTotal:        524284 kB
SwapFree:         524040 kB
Dirty:              1040 kB
Writeback:             0 kB
AnonPages:        739480 kB
Mapped:           486432 kB
Shmem:             37524 kB
Slab:             100616 kB
SReclaimable:      31272 kB
SUnreclaim:        69344 kB
KernelStack:       37520 kB
PageTables:        39592 kB
NFS_Unstable:          0 kB
Bounce:                0 kB
WritebackTmp:          0 kB
CommitLimit:     1815632 kB
Committed_AS:   110247700 kB
VmallocTotal:   251658176 kB
VmallocUsed:      118628 kB
VmallocChunk:   251460516 kB
Time pass: 104 sec

---2015-11-23 23:33:11
MemTotal:        2582696 kB
MemFree:          141268 kB
Buffers:           11664 kB
Cached:           887684 kB
SwapCached:            0 kB
Active:          1044456 kB
Inactive:         591448 kB
Active(anon):     609404 kB
Inactive(anon):   168568 kB
Active(file):     435052 kB
Inactive(file):   422880 kB
Unevictable:        3888 kB
Mlocked:               0 kB
SwapTotal:        524284 kB
SwapFree:         524040 kB
Dirty:              1052 kB
Writeback:             0 kB
AnonPages:        740580 kB
Mapped:           486568 kB
Shmem:             37524 kB
Slab:             100576 kB
SReclaimable:      31272 kB
SUnreclaim:        69304 kB
KernelStack:       37520 kB
PageTables:        39588 kB
NFS_Unstable:          0 kB
Bounce:                0 kB
WritebackTmp:          0 kB
CommitLimit:     1815632 kB
Committed_AS:   110247804 kB
VmallocTotal:   251658176 kB
VmallocUsed:      118628 kB
VmallocChunk:   251460516 kB
Time pass: 107 sec

---2015-11-23 23:33:11
MemTotal:        2582696 kB
MemFree:          128712 kB
Buffers:           13200 kB
Cached:           887860 kB
SwapCached:            0 kB
Active:          1043312 kB
Inactive:         592856 kB
Active(anon):     607952 kB
Inactive(anon):   168568 kB
Active(file):     435360 kB
Inactive(file):   424288 kB
Unevictable:        3888 kB
Mlocked:               0 kB
SwapTotal:        524284 kB
SwapFree:         524040 kB
Dirty:               660 kB
Writeback:             0 kB
AnonPages:        739040 kB
Mapped:           496248 kB
Shmem:             37524 kB
Slab:             100532 kB
SReclaimable:      31288 kB
SUnreclaim:        69244 kB
KernelStack:       37504 kB
PageTables:        39604 kB
NFS_Unstable:          0 kB
Bounce:                0 kB
WritebackTmp:          0 kB
CommitLimit:     1815632 kB
Committed_AS:   110247836 kB
VmallocTotal:   251658176 kB
VmallocUsed:      118724 kB
VmallocChunk:   251460516 kB
Time pass: 111 sec

---2015-11-23 23:33:11
MemTotal:        2582696 kB
MemFree:          113924 kB
Buffers:           13200 kB
Cached:           887872 kB
SwapCached:            0 kB
Active:          1047052 kB
Inactive:         592908 kB
Active(anon):     611732 kB
Inactive(anon):   168568 kB
Active(file):     435320 kB
Inactive(file):   424340 kB
Unevictable:        3888 kB
Mlocked:               0 kB
SwapTotal:        524284 kB
SwapFree:         524040 kB
Dirty:              1144 kB
Writeback:             0 kB
AnonPages:        742780 kB
Mapped:           503300 kB
Shmem:             37524 kB
Slab:             100444 kB
SReclaimable:      31288 kB
SUnreclaim:        69156 kB
KernelStack:       37584 kB
PageTables:        39580 kB
NFS_Unstable:          0 kB
Bounce:                0 kB
WritebackTmp:          0 kB
CommitLimit:     1815632 kB
Committed_AS:   110256692 kB
VmallocTotal:   251658176 kB
VmallocUsed:      118876 kB
VmallocChunk:   251460516 kB
Time pass: 114 sec

---2015-11-23 23:33:11
MemTotal:        2582696 kB
MemFree:          114532 kB
Buffers:           13200 kB
Cached:           888244 kB
SwapCached:            0 kB
Active:          1044824 kB
Inactive:         593252 kB
Active(anon):     609504 kB
Inactive(anon):   168568 kB
Active(file):     435320 kB
Inactive(file):   424684 kB
Unevictable:        3888 kB
Mlocked:               0 kB
SwapTotal:        524284 kB
SwapFree:         524040 kB
Dirty:              1144 kB
Writeback:             0 kB
AnonPages:        740592 kB
Mapped:           503592 kB
Shmem:             37524 kB
Slab:             100576 kB
SReclaimable:      31288 kB
SUnreclaim:        69288 kB
KernelStack:       37584 kB
PageTables:        39608 kB
NFS_Unstable:          0 kB
Bounce:                0 kB
WritebackTmp:          0 kB
CommitLimit:     1815632 kB
Committed_AS:   110256804 kB
VmallocTotal:   251658176 kB
VmallocUsed:      118888 kB
VmallocChunk:   251460516 kB
Time pass: 118 sec

---2015-11-23 23:33:11
MemTotal:        2582696 kB
MemFree:          117704 kB
Buffers:           13200 kB
Cached:           888256 kB
SwapCached:            0 kB
Active:          1040388 kB
Inactive:         593280 kB
Active(anon):     605056 kB
Inactive(anon):   168568 kB
Active(file):     435332 kB
Inactive(file):   424712 kB
Unevictable:        3888 kB
Mlocked:               0 kB
SwapTotal:        524284 kB
SwapFree:         524040 kB
Dirty:               632 kB
Writeback:             0 kB
AnonPages:        736180 kB
Mapped:           503644 kB
Shmem:             37524 kB
Slab:             100496 kB
SReclaimable:      31304 kB
SUnreclaim:        69192 kB
KernelStack:       37584 kB
PageTables:        39600 kB
NFS_Unstable:          0 kB
Bounce:                0 kB
WritebackTmp:          0 kB
CommitLimit:     1815632 kB
Committed_AS:   110256804 kB
VmallocTotal:   251658176 kB
VmallocUsed:      118888 kB
VmallocChunk:   251460516 kB
Time pass: 121 sec

---2015-11-23 23:33:11
MemTotal:        2582696 kB
MemFree:          106380 kB
Buffers:           13208 kB
Cached:           888352 kB
SwapCached:            0 kB
Active:          1053664 kB
Inactive:         592388 kB
Active(anon):     617340 kB
Inactive(anon):   168648 kB
Active(file):     436324 kB
Inactive(file):   423740 kB
Unevictable:        3888 kB
Mlocked:               0 kB
SwapTotal:        524284 kB
SwapFree:         524040 kB
Dirty:               696 kB
Writeback:             0 kB
AnonPages:        748756 kB
Mapped:           506520 kB
Shmem:             37608 kB
Slab:             100776 kB
SReclaimable:      31320 kB
SUnreclaim:        69456 kB
KernelStack:       37952 kB
PageTables:        39768 kB
NFS_Unstable:          0 kB
Bounce:                0 kB
WritebackTmp:          0 kB
CommitLimit:     1815632 kB
Committed_AS:   110288508 kB
VmallocTotal:   251658176 kB
VmallocUsed:      121420 kB
VmallocChunk:   251460516 kB
Time pass: 125 sec

---2015-11-23 23:33:11
MemTotal:        2582696 kB
MemFree:          111108 kB
Buffers:           13208 kB
Cached:           888348 kB
SwapCached:            0 kB
Active:          1062732 kB
Inactive:         592424 kB
Active(anon):     626452 kB
Inactive(anon):   168732 kB
Active(file):     436280 kB
Inactive(file):   423692 kB
Unevictable:        3892 kB
Mlocked:               0 kB
SwapTotal:        524284 kB
SwapFree:         524040 kB
Dirty:               640 kB
Writeback:             0 kB
AnonPages:        757324 kB
Mapped:           507264 kB
Shmem:             37692 kB
Slab:             100768 kB
SReclaimable:      31368 kB
SUnreclaim:        69400 kB
KernelStack:       38000 kB
PageTables:        39860 kB
NFS_Unstable:          0 kB
Bounce:                0 kB
WritebackTmp:          0 kB
CommitLimit:     1815632 kB
Committed_AS:   110300788 kB
VmallocTotal:   251658176 kB
VmallocUsed:      121420 kB
VmallocChunk:   251460516 kB
Time pass: 129 sec

---2015-11-23 23:33:11
MemTotal:        2582696 kB
MemFree:          114856 kB
Buffers:           13248 kB
Cached:           888444 kB
SwapCached:            0 kB
Active:          1063456 kB
Inactive:         594528 kB
Active(anon):     629148 kB
Inactive(anon):   168900 kB
Active(file):     434308 kB
Inactive(file):   425628 kB
Unevictable:        3896 kB
Mlocked:               0 kB
SwapTotal:        524284 kB
SwapFree:         523968 kB
Dirty:               692 kB
Writeback:             0 kB
AnonPages:        760280 kB
Mapped:           507936 kB
Shmem:             37860 kB
Slab:             100952 kB
SReclaimable:      31404 kB
SUnreclaim:        69548 kB
KernelStack:       38000 kB
PageTables:        39904 kB
NFS_Unstable:          0 kB
Bounce:                0 kB
WritebackTmp:          0 kB
CommitLimit:     1815632 kB
Committed_AS:   110304876 kB
VmallocTotal:   251658176 kB
VmallocUsed:      121420 kB
VmallocChunk:   251460516 kB
Time pass: 132 sec

---2015-11-23 23:33:11
MemTotal:        2582696 kB
MemFree:          113596 kB
Buffers:           13248 kB
Cached:           888544 kB
SwapCached:            0 kB
Active:          1065300 kB
Inactive:         593980 kB
Active(anon):     630344 kB
Inactive(anon):   168900 kB
Active(file):     434956 kB
Inactive(file):   425080 kB
Unevictable:        3896 kB
Mlocked:               0 kB
SwapTotal:        524284 kB
SwapFree:         523968 kB
Dirty:               796 kB
Writeback:             0 kB
AnonPages:        761476 kB
Mapped:           507940 kB
Shmem:             37860 kB
Slab:             101116 kB
SReclaimable:      31540 kB
SUnreclaim:        69576 kB
KernelStack:       37984 kB
PageTables:        39912 kB
NFS_Unstable:          0 kB
Bounce:                0 kB
WritebackTmp:          0 kB
CommitLimit:     1815632 kB
Committed_AS:   110304796 kB
VmallocTotal:   251658176 kB
VmallocUsed:      121420 kB
VmallocChunk:   251460516 kB
Time pass: 136 sec

---2015-11-23 23:33:11
MemTotal:        2582696 kB
MemFree:          112044 kB
Buffers:           13248 kB
Cached:           888548 kB
SwapCached:            0 kB
Active:          1066356 kB
Inactive:         593980 kB
Active(anon):     631400 kB
Inactive(anon):   168900 kB
Active(file):     434956 kB
Inactive(file):   425080 kB
Unevictable:        3896 kB
Mlocked:               0 kB
SwapTotal:        524284 kB
SwapFree:         523968 kB
Dirty:               700 kB
Writeback:             0 kB
AnonPages:        762452 kB
Mapped:           507952 kB
Shmem:             37864 kB
Slab:             101156 kB
SReclaimable:      31556 kB
SUnreclaim:        69600 kB
KernelStack:       37984 kB
PageTables:        39912 kB
NFS_Unstable:          0 kB
Bounce:                0 kB
WritebackTmp:          0 kB
CommitLimit:     1815632 kB
Committed_AS:   110304884 kB
VmallocTotal:   251658176 kB
VmallocUsed:      121420 kB
VmallocChunk:   251460516 kB
Time pass: 139 sec

---2015-11-23 23:33:11
MemTotal:        2582696 kB
MemFree:          106236 kB
Buffers:           13248 kB
Cached:           888556 kB
SwapCached:            0 kB
Active:          1071396 kB
Inactive:         593988 kB
Active(anon):     636440 kB
Inactive(anon):   168908 kB
Active(file):     434956 kB
Inactive(file):   425080 kB
Unevictable:        3896 kB
Mlocked:               0 kB
SwapTotal:        524284 kB
SwapFree:         523968 kB
Dirty:               700 kB
Writeback:             0 kB
AnonPages:        767668 kB
Mapped:           512160 kB
Shmem:             37872 kB
Slab:             101044 kB
SReclaimable:      31556 kB
SUnreclaim:        69488 kB
KernelStack:       37984 kB
PageTables:        40136 kB
NFS_Unstable:          0 kB
Bounce:                0 kB
WritebackTmp:          0 kB
CommitLimit:     1815632 kB
Committed_AS:   111546736 kB
VmallocTotal:   251658176 kB
VmallocUsed:      122440 kB
VmallocChunk:   251460516 kB
Time pass: 143 sec

---2015-11-23 23:33:11
MemTotal:        2582696 kB
MemFree:          109496 kB
Buffers:           13248 kB
Cached:           888556 kB
SwapCached:            0 kB
Active:          1067948 kB
Inactive:         593984 kB
Active(anon):     632988 kB
Inactive(anon):   168908 kB
Active(file):     434960 kB
Inactive(file):   425076 kB
Unevictable:        3896 kB
Mlocked:               0 kB
SwapTotal:        524284 kB
SwapFree:         523968 kB
Dirty:               692 kB
Writeback:             0 kB
AnonPages:        763980 kB
Mapped:           508064 kB
Shmem:             37872 kB
Slab:             101108 kB
SReclaimable:      31556 kB
SUnreclaim:        69552 kB
KernelStack:       37984 kB
PageTables:        39948 kB
NFS_Unstable:          0 kB
Bounce:                0 kB
WritebackTmp:          0 kB
CommitLimit:     1815632 kB
Committed_AS:   110304876 kB
VmallocTotal:   251658176 kB
VmallocUsed:      121420 kB
VmallocChunk:   251460516 kB
Time pass: 146 sec

---2015-11-23 23:33:11
MemTotal:        2582696 kB
MemFree:          108800 kB
Buffers:           13248 kB
Cached:           888668 kB
SwapCached:            0 kB
Active:          1069380 kB
Inactive:         594096 kB
Active(anon):     634420 kB
Inactive(anon):   168908 kB
Active(file):     434960 kB
Inactive(file):   425188 kB
Unevictable:        3896 kB
Mlocked:               0 kB
SwapTotal:        524284 kB
SwapFree:         523968 kB
Dirty:               692 kB
Writeback:             0 kB
AnonPages:        765240 kB
Mapped:           508004 kB
Shmem:             37872 kB
Slab:             101168 kB
SReclaimable:      31588 kB
SUnreclaim:        69580 kB
KernelStack:       37984 kB
PageTables:        39924 kB
NFS_Unstable:          0 kB
Bounce:                0 kB
WritebackTmp:          0 kB
CommitLimit:     1815632 kB
Committed_AS:   110304816 kB
VmallocTotal:   251658176 kB
VmallocUsed:      121420 kB
VmallocChunk:   251460516 kB
Time pass: 150 sec

---2015-11-23 23:33:11
MemTotal:        2582696 kB
MemFree:          110812 kB
Buffers:           13248 kB
Cached:           888384 kB
SwapCached:            0 kB
Active:          1069960 kB
Inactive:         594084 kB
Active(anon):     635276 kB
Inactive(anon):   168892 kB
Active(file):     434684 kB
Inactive(file):   425192 kB
Unevictable:        3896 kB
Mlocked:               0 kB
SwapTotal:        524284 kB
SwapFree:         523956 kB
Dirty:               692 kB
Writeback:             0 kB
AnonPages:        766248 kB
Mapped:           508016 kB
Shmem:             37860 kB
Slab:             101172 kB
SReclaimable:      31588 kB
SUnreclaim:        69584 kB
KernelStack:       38064 kB
PageTables:        39924 kB
NFS_Unstable:          0 kB
Bounce:                0 kB
WritebackTmp:          0 kB
CommitLimit:     1815632 kB
Committed_AS:   110304796 kB
VmallocTotal:   251658176 kB
VmallocUsed:      121420 kB
VmallocChunk:   251460516 kB
Time pass: 153 sec

---2015-11-23 23:33:11
MemTotal:        2582696 kB
MemFree:          109832 kB
Buffers:           13248 kB
Cached:           888384 kB
SwapCached:            0 kB
Active:          1071588 kB
Inactive:         594104 kB
Active(anon):     636924 kB
Inactive(anon):   168892 kB
Active(file):     434664 kB
Inactive(file):   425212 kB
Unevictable:        3896 kB
Mlocked:               0 kB
SwapTotal:        524284 kB
SwapFree:         523956 kB
Dirty:               744 kB
Writeback:             0 kB
AnonPages:        767776 kB
Mapped:           508016 kB
Shmem:             37860 kB
Slab:             101292 kB
SReclaimable:      31588 kB
SUnreclaim:        69704 kB
KernelStack:       38144 kB
PageTables:        39900 kB
NFS_Unstable:          0 kB
Bounce:                0 kB
WritebackTmp:          0 kB
CommitLimit:     1815632 kB
Committed_AS:   110304836 kB
VmallocTotal:   251658176 kB
VmallocUsed:      121420 kB
VmallocChunk:   251460516 kB
Time pass: 157 sec

---2015-11-23 23:33:11
MemTotal:        2582696 kB
MemFree:          107104 kB
Buffers:           13248 kB
Cached:           888384 kB
SwapCached:            0 kB
Active:          1073908 kB
Inactive:         594084 kB
Active(anon):     639224 kB
Inactive(anon):   168892 kB
Active(file):     434684 kB
Inactive(file):   425192 kB
Unevictable:        3896 kB
Mlocked:               0 kB
SwapTotal:        524284 kB
SwapFree:         523956 kB
Dirty:               712 kB
Writeback:             0 kB
AnonPages:        770508 kB
Mapped:           511340 kB
Shmem:             37860 kB
Slab:             101120 kB
SReclaimable:      31508 kB
SUnreclaim:        69612 kB
KernelStack:       37936 kB
PageTables:        40148 kB
NFS_Unstable:          0 kB
Bounce:                0 kB
WritebackTmp:          0 kB
CommitLimit:     1815632 kB
Committed_AS:   111544652 kB
VmallocTotal:   251658176 kB
VmallocUsed:      122440 kB
VmallocChunk:   251460516 kB
Time pass: 160 sec

---2015-11-23 23:33:11
MemTotal:        2582696 kB
MemFree:          111340 kB
Buffers:           13248 kB
Cached:           887712 kB
SwapCached:            0 kB
Active:          1072336 kB
Inactive:         594088 kB
Active(anon):     638328 kB
Inactive(anon):   168868 kB
Active(file):     434008 kB
Inactive(file):   425220 kB
Unevictable:        3896 kB
Mlocked:               0 kB
SwapTotal:        524284 kB
SwapFree:         523928 kB
Dirty:               712 kB
Writeback:             0 kB
AnonPages:        769496 kB
Mapped:           508052 kB
Shmem:             37836 kB
Slab:             101136 kB
SReclaimable:      31508 kB
SUnreclaim:        69628 kB
KernelStack:       37904 kB
PageTables:        39936 kB
NFS_Unstable:          0 kB
Bounce:                0 kB
WritebackTmp:          0 kB
CommitLimit:     1815632 kB
Committed_AS:   110304716 kB
VmallocTotal:   251658176 kB
VmallocUsed:      121420 kB
VmallocChunk:   251460516 kB
Time pass: 164 sec

---2015-11-23 23:33:11
MemTotal:        2582696 kB
MemFree:          111884 kB
Buffers:           13248 kB
Cached:           887720 kB
SwapCached:            0 kB
Active:          1072408 kB
Inactive:         594100 kB
Active(anon):     638404 kB
Inactive(anon):   168876 kB
Active(file):     434004 kB
Inactive(file):   425224 kB
Unevictable:        3896 kB
Mlocked:               0 kB
SwapTotal:        524284 kB
SwapFree:         523928 kB
Dirty:               732 kB
Writeback:             0 kB
AnonPages:        769320 kB
Mapped:           508068 kB
Shmem:             37844 kB
Slab:             101332 kB
SReclaimable:      31508 kB
SUnreclaim:        69824 kB
KernelStack:       37904 kB
PageTables:        39936 kB
NFS_Unstable:          0 kB
Bounce:                0 kB
WritebackTmp:          0 kB
CommitLimit:     1815632 kB
Committed_AS:   110304644 kB
VmallocTotal:   251658176 kB
VmallocUsed:      121420 kB
VmallocChunk:   251460516 kB
Time pass: 168 sec

---2015-11-23 23:33:11
MemTotal:        2582696 kB
MemFree:          112024 kB
Buffers:           13248 kB
Cached:           887056 kB
SwapCached:            0 kB
Active:          1074036 kB
Inactive:         594076 kB
Active(anon):     640672 kB
Inactive(anon):   168852 kB
Active(file):     433364 kB
Inactive(file):   425224 kB
Unevictable:        3896 kB
Mlocked:               0 kB
SwapTotal:        524284 kB
SwapFree:         523900 kB
Dirty:               732 kB
Writeback:             0 kB
AnonPages:        771712 kB
Mapped:           508076 kB
Shmem:             37820 kB
Slab:             101268 kB
SReclaimable:      31508 kB
SUnreclaim:        69760 kB
KernelStack:       37936 kB
PageTables:        39936 kB
NFS_Unstable:          0 kB
Bounce:                0 kB
WritebackTmp:          0 kB
CommitLimit:     1815632 kB
Committed_AS:   110304632 kB
VmallocTotal:   251658176 kB
VmallocUsed:      121420 kB
VmallocChunk:   251460516 kB
Time pass: 171 sec

---2015-11-23 23:33:11
MemTotal:        2582696 kB
MemFree:          111492 kB
Buffers:           13248 kB
Cached:           887056 kB
SwapCached:            0 kB
Active:          1074932 kB
Inactive:         594072 kB
Active(anon):     641564 kB
Inactive(anon):   168852 kB
Active(file):     433368 kB
Inactive(file):   425220 kB
Unevictable:        3896 kB
Mlocked:               0 kB
SwapTotal:        524284 kB
SwapFree:         523900 kB
Dirty:               712 kB
Writeback:             0 kB
AnonPages:        772540 kB
Mapped:           507840 kB
Shmem:             37820 kB
Slab:             101068 kB
SReclaimable:      31508 kB
SUnreclaim:        69560 kB
KernelStack:       38128 kB
PageTables:        39872 kB
NFS_Unstable:          0 kB
Bounce:                0 kB
WritebackTmp:          0 kB
CommitLimit:     1815632 kB
Committed_AS:   110308684 kB
VmallocTotal:   251658176 kB
VmallocUsed:      121420 kB
VmallocChunk:   251460516 kB
Time pass: 175 sec

---2015-11-23 23:33:11
MemTotal:        2582696 kB
MemFree:          110944 kB
Buffers:           13248 kB
Cached:           887060 kB
SwapCached:            0 kB
Active:          1075348 kB
Inactive:         594080 kB
Active(anon):     641984 kB
Inactive(anon):   168856 kB
Active(file):     433364 kB
Inactive(file):   425224 kB
Unevictable:        3896 kB
Mlocked:               0 kB
SwapTotal:        524284 kB
SwapFree:         523900 kB
Dirty:               732 kB
Writeback:             0 kB
AnonPages:        773064 kB
Mapped:           508088 kB
Shmem:             37824 kB
Slab:             101056 kB
SReclaimable:      31508 kB
SUnreclaim:        69548 kB
KernelStack:       37904 kB
PageTables:        39940 kB
NFS_Unstable:          0 kB
Bounce:                0 kB
WritebackTmp:          0 kB
CommitLimit:     1815632 kB
Committed_AS:   110308756 kB
VmallocTotal:   251658176 kB
VmallocUsed:      121420 kB
VmallocChunk:   251460516 kB
Time pass: 178 sec

---2015-11-23 23:33:11
MemTotal:        2582696 kB
MemFree:          112088 kB
Buffers:           13248 kB
Cached:           887928 kB
SwapCached:            0 kB
Active:          1072880 kB
Inactive:         595600 kB
Active(anon):     640168 kB
Inactive(anon):   168820 kB
Active(file):     432712 kB
Inactive(file):   426780 kB
Unevictable:        3896 kB
Mlocked:               0 kB
SwapTotal:        524284 kB
SwapFree:         523872 kB
Dirty:               736 kB
Writeback:             0 kB
AnonPages:        770932 kB
Mapped:           508208 kB
Shmem:             37788 kB
Slab:             101112 kB
SReclaimable:      31508 kB
SUnreclaim:        69604 kB
KernelStack:       37904 kB
PageTables:        39952 kB
NFS_Unstable:          0 kB
Bounce:                0 kB
WritebackTmp:          0 kB
CommitLimit:     1815632 kB
Committed_AS:   110302984 kB
VmallocTotal:   251658176 kB
VmallocUsed:      121420 kB
VmallocChunk:   251460516 kB
Time pass: 182 sec

---2015-11-23 23:33:11
MemTotal:        2582696 kB
MemFree:          121092 kB
Buffers:           13256 kB
Cached:           887944 kB
SwapCached:            0 kB
Active:          1063720 kB
Inactive:         595620 kB
Active(anon):     631008 kB
Inactive(anon):   168820 kB
Active(file):     432712 kB
Inactive(file):   426800 kB
Unevictable:        3896 kB
Mlocked:               0 kB
SwapTotal:        524284 kB
SwapFree:         523872 kB
Dirty:               792 kB
Writeback:             0 kB
AnonPages:        762040 kB
Mapped:           508236 kB
Shmem:             37788 kB
Slab:             101156 kB
SReclaimable:      31508 kB
SUnreclaim:        69648 kB
KernelStack:       38032 kB
PageTables:        39948 kB
NFS_Unstable:          0 kB
Bounce:                0 kB
WritebackTmp:          0 kB
CommitLimit:     1815632 kB
Committed_AS:   110303212 kB
VmallocTotal:   251658176 kB
VmallocUsed:      121420 kB
VmallocChunk:   251460516 kB
Time pass: 185 sec

---2015-11-23 23:33:11
MemTotal:        2582696 kB
MemFree:          120496 kB
Buffers:           13256 kB
Cached:           887948 kB
SwapCached:            0 kB
Active:          1064040 kB
Inactive:         595620 kB
Active(anon):     631320 kB
Inactive(anon):   168820 kB
Active(file):     432720 kB
Inactive(file):   426800 kB
Unevictable:        3896 kB
Mlocked:               0 kB
SwapTotal:        524284 kB
SwapFree:         523872 kB
Dirty:               792 kB
Writeback:             0 kB
AnonPages:        762516 kB
Mapped:           508224 kB
Shmem:             37788 kB
Slab:             101184 kB
SReclaimable:      31508 kB
SUnreclaim:        69676 kB
KernelStack:       38256 kB
PageTables:        39932 kB
NFS_Unstable:          0 kB
Bounce:                0 kB
WritebackTmp:          0 kB
CommitLimit:     1815632 kB
Committed_AS:   110303076 kB
VmallocTotal:   251658176 kB
VmallocUsed:      121420 kB
VmallocChunk:   251460516 kB
Time pass: 189 sec

---2015-11-23 23:33:11
MemTotal:        2582696 kB
MemFree:          114884 kB
Buffers:           13256 kB
Cached:           887964 kB
SwapCached:            0 kB
Active:          1069300 kB
Inactive:         595632 kB
Active(anon):     636580 kB
Inactive(anon):   168816 kB
Active(file):     432720 kB
Inactive(file):   426816 kB
Unevictable:        3896 kB
Mlocked:               0 kB
SwapTotal:        524284 kB
SwapFree:         523872 kB
Dirty:               708 kB
Writeback:             0 kB
AnonPages:        767772 kB
Mapped:           512452 kB
Shmem:             37788 kB
Slab:             101396 kB
SReclaimable:      31508 kB
SUnreclaim:        69888 kB
KernelStack:       38032 kB
PageTables:        40272 kB
NFS_Unstable:          0 kB
Bounce:                0 kB
WritebackTmp:          0 kB
CommitLimit:     1815632 kB
Committed_AS:   111545176 kB
VmallocTotal:   251658176 kB
VmallocUsed:      122440 kB
VmallocChunk:   251460516 kB
Time pass: 192 sec

---2015-11-23 23:33:11
MemTotal:        2582696 kB
MemFree:          118744 kB
Buffers:           13256 kB
Cached:           888104 kB
SwapCached:            0 kB
Active:          1065704 kB
Inactive:         595768 kB
Active(anon):     632984 kB
Inactive(anon):   168816 kB
Active(file):     432720 kB
Inactive(file):   426952 kB
Unevictable:        3896 kB
Mlocked:               0 kB
SwapTotal:        524284 kB
SwapFree:         523872 kB
Dirty:               832 kB
Writeback:             0 kB
AnonPages:        763848 kB
Mapped:           508272 kB
Shmem:             37788 kB
Slab:             101136 kB
SReclaimable:      31508 kB
SUnreclaim:        69628 kB
KernelStack:       37920 kB
PageTables:        39960 kB
NFS_Unstable:          0 kB
Bounce:                0 kB
WritebackTmp:          0 kB
CommitLimit:     1815632 kB
Committed_AS:   110303108 kB
VmallocTotal:   251658176 kB
VmallocUsed:      121420 kB
VmallocChunk:   251460516 kB
Time pass: 196 sec

---2015-11-23 23:33:11
MemTotal:        2582696 kB
MemFree:          118352 kB
Buffers:           13264 kB
Cached:           888108 kB
SwapCached:            0 kB
Active:          1065692 kB
Inactive:         595784 kB
Active(anon):     632972 kB
Inactive(anon):   168820 kB
Active(file):     432720 kB
Inactive(file):   426964 kB
Unevictable:        3896 kB
Mlocked:               0 kB
SwapTotal:        524284 kB
SwapFree:         523872 kB
Dirty:               712 kB
Writeback:             0 kB
AnonPages:        763864 kB
Mapped:           508280 kB
Shmem:             37792 kB
Slab:             101296 kB
SReclaimable:      31508 kB
SUnreclaim:        69788 kB
KernelStack:       37920 kB
PageTables:        39956 kB
NFS_Unstable:          0 kB
Bounce:                0 kB
WritebackTmp:          0 kB
CommitLimit:     1815632 kB
Committed_AS:   110303212 kB
VmallocTotal:   251658176 kB
VmallocUsed:      121420 kB
VmallocChunk:   251460516 kB
Time pass: 199 sec

---2015-11-23 23:33:11
MemTotal:        2582696 kB
MemFree:          117172 kB
Buffers:           13264 kB
Cached:           888248 kB
SwapCached:            0 kB
Active:          1066904 kB
Inactive:         595928 kB
Active(anon):     634188 kB
Inactive(anon):   168944 kB
Active(file):     432716 kB
Inactive(file):   426984 kB
Unevictable:        3896 kB
Mlocked:               0 kB
SwapTotal:        524284 kB
SwapFree:         523872 kB
Dirty:               736 kB
Writeback:             0 kB
AnonPages:        765072 kB
Mapped:           508412 kB
Shmem:             37916 kB
Slab:             101284 kB
SReclaimable:      31508 kB
SUnreclaim:        69776 kB
KernelStack:       37936 kB
PageTables:        39952 kB
NFS_Unstable:          0 kB
Bounce:                0 kB
WritebackTmp:          0 kB
CommitLimit:     1815632 kB
Committed_AS:   110303028 kB
VmallocTotal:   251658176 kB
VmallocUsed:      121420 kB
VmallocChunk:   251460516 kB
Time pass: 203 sec

---2015-11-23 23:33:11
MemTotal:        2582696 kB
MemFree:          117792 kB
Buffers:           13264 kB
Cached:           888248 kB
SwapCached:            0 kB
Active:          1066664 kB
Inactive:         595920 kB
Active(anon):     633940 kB
Inactive(anon):   168944 kB
Active(file):     432724 kB
Inactive(file):   426976 kB
Unevictable:        3896 kB
Mlocked:               0 kB
SwapTotal:        524284 kB
SwapFree:         523872 kB
Dirty:               732 kB
Writeback:             0 kB
AnonPages:        764716 kB
Mapped:           508432 kB
Shmem:             37916 kB
Slab:             101428 kB
SReclaimable:      31508 kB
SUnreclaim:        69920 kB
KernelStack:       38256 kB
PageTables:        39936 kB
NFS_Unstable:          0 kB
Bounce:                0 kB
WritebackTmp:          0 kB
CommitLimit:     1815632 kB
Committed_AS:   110303088 kB
VmallocTotal:   251658176 kB
VmallocUsed:      121420 kB
VmallocChunk:   251460516 kB
Time pass: 206 sec

---2015-11-23 23:33:11
MemTotal:        2582696 kB
MemFree:          115140 kB
Buffers:           13264 kB
Cached:           888280 kB
SwapCached:            0 kB
Active:          1069072 kB
Inactive:         595948 kB
Active(anon):     636344 kB
Inactive(anon):   168976 kB
Active(file):     432728 kB
Inactive(file):   426972 kB
Unevictable:        3896 kB
Mlocked:               0 kB
SwapTotal:        524284 kB
SwapFree:         523872 kB
Dirty:               712 kB
Writeback:             0 kB
AnonPages:        767544 kB
Mapped:           508536 kB
Shmem:             37948 kB
Slab:             101348 kB
SReclaimable:      31504 kB
SUnreclaim:        69844 kB
KernelStack:       38064 kB
PageTables:        40264 kB
NFS_Unstable:          0 kB
Bounce:                0 kB
WritebackTmp:          0 kB
CommitLimit:     1815632 kB
Committed_AS:   111533248 kB
VmallocTotal:   251658176 kB
VmallocUsed:      122440 kB
VmallocChunk:   251447204 kB
Time pass: 210 sec

---2015-11-23 23:33:11
MemTotal:        2582696 kB
MemFree:          115060 kB
Buffers:           13264 kB
Cached:           888280 kB
SwapCached:            0 kB
Active:          1068668 kB
Inactive:         595960 kB
Active(anon):     635952 kB
Inactive(anon):   168976 kB
Active(file):     432716 kB
Inactive(file):   426984 kB
Unevictable:        3896 kB
Mlocked:               0 kB
SwapTotal:        524284 kB
SwapFree:         523872 kB
Dirty:               744 kB
Writeback:             0 kB
AnonPages:        766880 kB
Mapped:           508476 kB
Shmem:             37948 kB
Slab:             101320 kB
SReclaimable:      31520 kB
SUnreclaim:        69800 kB
KernelStack:       37920 kB
PageTables:        39960 kB
NFS_Unstable:          0 kB
Bounce:                0 kB
WritebackTmp:          0 kB
CommitLimit:     1815632 kB
Committed_AS:   110303252 kB
VmallocTotal:   251658176 kB
VmallocUsed:      121420 kB
VmallocChunk:   251460516 kB
Time pass: 213 sec

---2015-11-23 23:33:11
MemTotal:        2582696 kB
MemFree:          114020 kB
Buffers:           13264 kB
Cached:           888336 kB
SwapCached:            0 kB
Active:          1069824 kB
Inactive:         596016 kB
Active(anon):     637108 kB
Inactive(anon):   168976 kB
Active(file):     432716 kB
Inactive(file):   427040 kB
Unevictable:        3896 kB
Mlocked:               0 kB
SwapTotal:        524284 kB
SwapFree:         523872 kB
Dirty:               756 kB
Writeback:             0 kB
AnonPages:        768184 kB
Mapped:           508484 kB
Shmem:             37948 kB
Slab:             101452 kB
SReclaimable:      31520 kB
SUnreclaim:        69932 kB
KernelStack:       37936 kB
PageTables:        39964 kB
NFS_Unstable:          0 kB
Bounce:                0 kB
WritebackTmp:          0 kB
CommitLimit:     1815632 kB
Committed_AS:   110303024 kB
VmallocTotal:   251658176 kB
VmallocUsed:      121420 kB
VmallocChunk:   251460516 kB
Time pass: 217 sec

---2015-11-23 23:33:11
MemTotal:        2582696 kB
MemFree:          114888 kB
Buffers:           13264 kB
Cached:           888540 kB
SwapCached:            0 kB
Active:          1068484 kB
Inactive:         596220 kB
Active(anon):     635768 kB
Inactive(anon):   168976 kB
Active(file):     432716 kB
Inactive(file):   427244 kB
Unevictable:        3896 kB
Mlocked:               0 kB
SwapTotal:        524284 kB
SwapFree:         523872 kB
Dirty:               764 kB
Writeback:             0 kB
AnonPages:        766816 kB
Mapped:           508520 kB
Shmem:             37948 kB
Slab:             101352 kB
SReclaimable:      31520 kB
SUnreclaim:        69832 kB
KernelStack:       37936 kB
PageTables:        39972 kB
NFS_Unstable:          0 kB
Bounce:                0 kB
WritebackTmp:          0 kB
CommitLimit:     1815632 kB
Committed_AS:   110302684 kB
VmallocTotal:   251658176 kB
VmallocUsed:      121420 kB
VmallocChunk:   251460516 kB
Time pass: 221 sec

---2015-11-23 23:33:11
MemTotal:        2582696 kB
MemFree:          110004 kB
Buffers:           13264 kB
Cached:           888540 kB
SwapCached:            0 kB
Active:          1072896 kB
Inactive:         596212 kB
Active(anon):     640172 kB
Inactive(anon):   168976 kB
Active(file):     432724 kB
Inactive(file):   427236 kB
Unevictable:        3896 kB
Mlocked:               0 kB
SwapTotal:        524284 kB
SwapFree:         523872 kB
Dirty:               752 kB
Writeback:             0 kB
AnonPages:        771212 kB
Mapped:           512928 kB
Shmem:             37948 kB
Slab:             101356 kB
SReclaimable:      31520 kB
SUnreclaim:        69836 kB
KernelStack:       38256 kB
PageTables:        40384 kB
NFS_Unstable:          0 kB
Bounce:                0 kB
WritebackTmp:          0 kB
CommitLimit:     1815632 kB
Committed_AS:   111544528 kB
VmallocTotal:   251658176 kB
VmallocUsed:      122440 kB
VmallocChunk:   251435940 kB
Time pass: 224 sec

---2015-11-23 23:33:11
MemTotal:        2582696 kB
MemFree:          121092 kB
Buffers:           13264 kB
Cached:           888544 kB
SwapCached:            0 kB
Active:          1062840 kB
Inactive:         596224 kB
Active(anon):     630124 kB
Inactive(anon):   168980 kB
Active(file):     432716 kB
Inactive(file):   427244 kB
Unevictable:        3896 kB
Mlocked:               0 kB
SwapTotal:        524284 kB
SwapFree:         523872 kB
Dirty:               764 kB
Writeback:             0 kB
AnonPages:        761188 kB
Mapped:           508536 kB
Shmem:             37952 kB
Slab:             101268 kB
SReclaimable:      31536 kB
SUnreclaim:        69732 kB
KernelStack:       37904 kB
PageTables:        39964 kB
NFS_Unstable:          0 kB
Bounce:                0 kB
WritebackTmp:          0 kB
CommitLimit:     1815632 kB
Committed_AS:   110302524 kB
VmallocTotal:   251658176 kB
VmallocUsed:      121420 kB
VmallocChunk:   251460516 kB
Time pass: 228 sec

---2015-11-23 23:33:11
MemTotal:        2582696 kB
MemFree:          120780 kB
Buffers:           13264 kB
Cached:           888572 kB
SwapCached:            0 kB
Active:          1062408 kB
Inactive:         596252 kB
Active(anon):     629692 kB
Inactive(anon):   169008 kB
Active(file):     432716 kB
Inactive(file):   427244 kB
Unevictable:        3896 kB
Mlocked:               0 kB
SwapTotal:        524284 kB
SwapFree:         523872 kB
Dirty:               764 kB
Writeback:             0 kB
AnonPages:        760680 kB
Mapped:           508652 kB
Shmem:             37980 kB
Slab:             101472 kB
SReclaimable:      31536 kB
SUnreclaim:        69936 kB
KernelStack:       38016 kB
PageTables:        39996 kB
NFS_Unstable:          0 kB
Bounce:                0 kB
WritebackTmp:          0 kB
CommitLimit:     1815632 kB
Committed_AS:   110302444 kB
VmallocTotal:   251658176 kB
VmallocUsed:      121420 kB
VmallocChunk:   251460516 kB
Time pass: 231 sec

---2015-11-23 23:33:11
MemTotal:        2582696 kB
MemFree:          121604 kB
Buffers:           13264 kB
Cached:           888572 kB
SwapCached:            0 kB
Active:          1062576 kB
Inactive:         596248 kB
Active(anon):     629856 kB
Inactive(anon):   169008 kB
Active(file):     432720 kB
Inactive(file):   427240 kB
Unevictable:        3896 kB
Mlocked:               0 kB
SwapTotal:        524284 kB
SwapFree:         523872 kB
Dirty:               748 kB
Writeback:             0 kB
AnonPages:        760744 kB
Mapped:           508580 kB
Shmem:             37980 kB
Slab:             101324 kB
SReclaimable:      31536 kB
SUnreclaim:        69788 kB
KernelStack:       37872 kB
PageTables:        39956 kB
NFS_Unstable:          0 kB
Bounce:                0 kB
WritebackTmp:          0 kB
CommitLimit:     1815632 kB
Committed_AS:   110302428 kB
VmallocTotal:   251658176 kB
VmallocUsed:      121420 kB
VmallocChunk:   251460516 kB
Time pass: 235 sec

---2015-11-23 23:33:11
MemTotal:        2582696 kB
MemFree:          120488 kB
Buffers:           13264 kB
Cached:           888572 kB
SwapCached:            0 kB
Active:          1063780 kB
Inactive:         596244 kB
Active(anon):     631056 kB
Inactive(anon):   169008 kB
Active(file):     432724 kB
Inactive(file):   427236 kB
Unevictable:        3896 kB
Mlocked:               0 kB
SwapTotal:        524284 kB
SwapFree:         523872 kB
Dirty:               756 kB
Writeback:             0 kB
AnonPages:        762168 kB
Mapped:           508552 kB
Shmem:             37980 kB
Slab:             101360 kB
SReclaimable:      31536 kB
SUnreclaim:        69824 kB
KernelStack:       37952 kB
PageTables:        39936 kB
NFS_Unstable:          0 kB
Bounce:                0 kB
WritebackTmp:          0 kB
CommitLimit:     1815632 kB
Committed_AS:   110302440 kB
VmallocTotal:   251658176 kB
VmallocUsed:      121420 kB
VmallocChunk:   251460516 kB
Time pass: 238 sec

---2015-11-23 23:33:11
MemTotal:        2582696 kB
MemFree:          113772 kB
Buffers:           13264 kB
Cached:           888576 kB
SwapCached:            0 kB
Active:          1070324 kB
Inactive:         596252 kB
Active(anon):     637604 kB
Inactive(anon):   169008 kB
Active(file):     432720 kB
Inactive(file):   427244 kB
Unevictable:        3896 kB
Mlocked:               0 kB
SwapTotal:        524284 kB
SwapFree:         523872 kB
Dirty:               748 kB
Writeback:             0 kB
AnonPages:        768832 kB
Mapped:           512312 kB
Shmem:             37980 kB
Slab:             101264 kB
SReclaimable:      31536 kB
SUnreclaim:        69728 kB
KernelStack:       37968 kB
PageTables:        40244 kB
NFS_Unstable:          0 kB
Bounce:                0 kB
WritebackTmp:          0 kB
CommitLimit:     1815632 kB
Committed_AS:   111544340 kB
VmallocTotal:   251658176 kB
VmallocUsed:      122440 kB
VmallocChunk:   251421604 kB
Time pass: 242 sec

---2015-11-23 23:33:11
MemTotal:        2582696 kB
MemFree:          117392 kB
Buffers:           13264 kB
Cached:           888840 kB
SwapCached:            0 kB
Active:          1066856 kB
Inactive:         596516 kB
Active(anon):     634136 kB
Inactive(anon):   169072 kB
Active(file):     432720 kB
Inactive(file):   427444 kB
Unevictable:        3896 kB
Mlocked:               0 kB
SwapTotal:        524284 kB
SwapFree:         523872 kB
Dirty:               800 kB
Writeback:             0 kB
AnonPages:        765164 kB
Mapped:           508692 kB
Shmem:             38044 kB
Slab:             101272 kB
SReclaimable:      31552 kB
SUnreclaim:        69720 kB
KernelStack:       37888 kB
PageTables:        39960 kB
NFS_Unstable:          0 kB
Bounce:                0 kB
WritebackTmp:          0 kB
CommitLimit:     1815632 kB
Committed_AS:   110302376 kB
VmallocTotal:   251658176 kB
VmallocUsed:      121420 kB
VmallocChunk:   251460516 kB
Time pass: 245 sec

---2015-11-23 23:33:11
MemTotal:        2582696 kB
MemFree:          116312 kB
Buffers:           13272 kB
Cached:           888840 kB
SwapCached:            0 kB
Active:          1067996 kB
Inactive:         596528 kB
Active(anon):     635280 kB
Inactive(anon):   169072 kB
Active(file):     432716 kB
Inactive(file):   427456 kB
Unevictable:        3896 kB
Mlocked:               0 kB
SwapTotal:        524284 kB
SwapFree:         523872 kB
Dirty:               840 kB
Writeback:             0 kB
AnonPages:        766328 kB
Mapped:           508696 kB
Shmem:             38044 kB
Slab:             101264 kB
SReclaimable:      31552 kB
SUnreclaim:        69712 kB
KernelStack:       37872 kB
PageTables:        39952 kB
NFS_Unstable:          0 kB
Bounce:                0 kB
WritebackTmp:          0 kB
CommitLimit:     1815632 kB
Committed_AS:   110302352 kB
VmallocTotal:   251658176 kB
VmallocUsed:      121420 kB
VmallocChunk:   251460516 kB
Time pass: 249 sec

---2015-11-23 23:33:11
MemTotal:        2582696 kB
MemFree:          114708 kB
Buffers:           13272 kB
Cached:           888840 kB
SwapCached:            0 kB
Active:          1069076 kB
Inactive:         596528 kB
Active(anon):     636360 kB
Inactive(anon):   169072 kB
Active(file):     432716 kB
Inactive(file):   427456 kB
Unevictable:        3896 kB
Mlocked:               0 kB
SwapTotal:        524284 kB
SwapFree:         523872 kB
Dirty:               780 kB
Writeback:             0 kB
AnonPages:        767396 kB
Mapped:           508700 kB
Shmem:             38044 kB
Slab:             101396 kB
SReclaimable:      31552 kB
SUnreclaim:        69844 kB
KernelStack:       37936 kB
PageTables:        39956 kB
NFS_Unstable:          0 kB
Bounce:                0 kB
WritebackTmp:          0 kB
CommitLimit:     1815632 kB
Committed_AS:   110302440 kB
VmallocTotal:   251658176 kB
VmallocUsed:      121420 kB
VmallocChunk:   251460516 kB
Time pass: 252 sec

---2015-11-23 23:33:11
MemTotal:        2582696 kB
MemFree:          113764 kB
Buffers:           13272 kB
Cached:           889052 kB
SwapCached:            0 kB
Active:          1070124 kB
Inactive:         596728 kB
Active(anon):     637396 kB
Inactive(anon):   169072 kB
Active(file):     432728 kB
Inactive(file):   427656 kB
Unevictable:        3896 kB
Mlocked:               0 kB
SwapTotal:        524284 kB
SwapFree:         523872 kB
Dirty:               988 kB
Writeback:             0 kB
AnonPages:        768404 kB
Mapped:           508636 kB
Shmem:             38044 kB
Slab:             101348 kB
SReclaimable:      31552 kB
SUnreclaim:        69796 kB
KernelStack:       37872 kB
PageTables:        40068 kB
NFS_Unstable:          0 kB
Bounce:                0 kB
WritebackTmp:          0 kB
CommitLimit:     1815632 kB
Committed_AS:   110302284 kB
VmallocTotal:   251658176 kB
VmallocUsed:      121420 kB
VmallocChunk:   251460516 kB
Time pass: 256 sec

---2015-11-23 23:33:11
MemTotal:        2582696 kB
MemFree:          113900 kB
Buffers:           13272 kB
Cached:           889052 kB
SwapCached:            0 kB
Active:          1069364 kB
Inactive:         596732 kB
Active(anon):     636640 kB
Inactive(anon):   169072 kB
Active(file):     432724 kB
Inactive(file):   427660 kB
Unevictable:        3896 kB
Mlocked:               0 kB
SwapTotal:        524284 kB
SwapFree:         523872 kB
Dirty:               980 kB
Writeback:             0 kB
AnonPages:        767644 kB
Mapped:           508796 kB
Shmem:             38044 kB
Slab:             101396 kB
SReclaimable:      31552 kB
SUnreclaim:        69844 kB
KernelStack:       37872 kB
PageTables:        39988 kB
NFS_Unstable:          0 kB
Bounce:                0 kB
WritebackTmp:          0 kB
CommitLimit:     1815632 kB
Committed_AS:   110302444 kB
VmallocTotal:   251658176 kB
VmallocUsed:      121420 kB
VmallocChunk:   251460516 kB
Time pass: 259 sec

---2015-11-23 23:33:11
MemTotal:        2582696 kB
MemFree:          112264 kB
Buffers:           13272 kB
Cached:           889052 kB
SwapCached:            0 kB
Active:          1071080 kB
Inactive:         596724 kB
Active(anon):     638352 kB
Inactive(anon):   169068 kB
Active(file):     432728 kB
Inactive(file):   427656 kB
Unevictable:        3896 kB
Mlocked:               0 kB
SwapTotal:        524284 kB
SwapFree:         523872 kB
Dirty:               988 kB
Writeback:             0 kB
AnonPages:        769316 kB
Mapped:           508656 kB
Shmem:             38044 kB
Slab:             101436 kB
SReclaimable:      31568 kB
SUnreclaim:        69868 kB
KernelStack:       37872 kB
PageTables:        39960 kB
NFS_Unstable:          0 kB
Bounce:                0 kB
WritebackTmp:          0 kB
CommitLimit:     1815632 kB
Committed_AS:   110302236 kB
VmallocTotal:   251658176 kB
VmallocUsed:      121420 kB
VmallocChunk:   251460516 kB
Time pass: 263 sec

---2015-11-23 23:33:11
MemTotal:        2582696 kB
MemFree:          110900 kB
Buffers:           13272 kB
Cached:           889052 kB
SwapCached:            0 kB
Active:          1072228 kB
Inactive:         596732 kB
Active(anon):     639508 kB
Inactive(anon):   169068 kB
Active(file):     432720 kB
Inactive(file):   427664 kB
Unevictable:        3896 kB
Mlocked:               0 kB
SwapTotal:        524284 kB
SwapFree:         523872 kB
Dirty:              1000 kB
Writeback:             0 kB
AnonPages:        770408 kB
Mapped:           508732 kB
Shmem:             38044 kB
Slab:             101324 kB
SReclaimable:      31568 kB
SUnreclaim:        69756 kB
KernelStack:       37888 kB
PageTables:        39960 kB
NFS_Unstable:          0 kB
Bounce:                0 kB
WritebackTmp:          0 kB
CommitLimit:     1815632 kB
Committed_AS:   110302444 kB
VmallocTotal:   251658176 kB
VmallocUsed:      121420 kB
VmallocChunk:   251460516 kB
Time pass: 267 sec

---2015-11-23 23:33:11
MemTotal:        2582696 kB
MemFree:          110624 kB
Buffers:           13272 kB
Cached:           889052 kB
SwapCached:            0 kB
Active:          1073180 kB
Inactive:         596732 kB
Active(anon):     640460 kB
Inactive(anon):   169068 kB
Active(file):     432720 kB
Inactive(file):   427664 kB
Unevictable:        3896 kB
Mlocked:               0 kB
SwapTotal:        524284 kB
SwapFree:         523872 kB
Dirty:              1000 kB
Writeback:             0 kB
AnonPages:        771548 kB
Mapped:           508664 kB
Shmem:             38044 kB
Slab:             101300 kB
SReclaimable:      31568 kB
SUnreclaim:        69732 kB
KernelStack:       37952 kB
PageTables:        39932 kB
NFS_Unstable:          0 kB
Bounce:                0 kB
WritebackTmp:          0 kB
CommitLimit:     1815632 kB
Committed_AS:   110302432 kB
VmallocTotal:   251658176 kB
VmallocUsed:      121420 kB
VmallocChunk:   251460516 kB
Time pass: 270 sec

---2015-11-23 23:33:11
MemTotal:        2582696 kB
MemFree:          108376 kB
Buffers:           13272 kB
Cached:           888612 kB
SwapCached:            0 kB
Active:          1078164 kB
Inactive:         596880 kB
Active(anon):     646092 kB
Inactive(anon):   169068 kB
Active(file):     432072 kB
Inactive(file):   427812 kB
Unevictable:        3896 kB
Mlocked:               0 kB
SwapTotal:        524284 kB
SwapFree:         523844 kB
Dirty:              1000 kB
Writeback:             0 kB
AnonPages:        776988 kB
Mapped:           512620 kB
Shmem:             38044 kB
Slab:             101276 kB
SReclaimable:      31568 kB
SUnreclaim:        69708 kB
KernelStack:       37888 kB
PageTables:        40180 kB
NFS_Unstable:          0 kB
Bounce:                0 kB
WritebackTmp:          0 kB
CommitLimit:     1815632 kB
Committed_AS:   111544464 kB
VmallocTotal:   251658176 kB
VmallocUsed:      122440 kB
VmallocChunk:   251460516 kB
Time pass: 274 sec

---2015-11-23 23:33:11
MemTotal:        2582696 kB
MemFree:          111980 kB
Buffers:           13272 kB
Cached:           889312 kB
SwapCached:            0 kB
Active:          1074328 kB
Inactive:         597640 kB
Active(anon):     642256 kB
Inactive(anon):   169040 kB
Active(file):     432072 kB
Inactive(file):   428600 kB
Unevictable:        3896 kB
Mlocked:               0 kB
SwapTotal:        524284 kB
SwapFree:         523844 kB
Dirty:              1024 kB
Writeback:             0 kB
AnonPages:        773240 kB
Mapped:           508480 kB
Shmem:             38016 kB
Slab:             101304 kB
SReclaimable:      31584 kB
SUnreclaim:        69720 kB
KernelStack:       37936 kB
PageTables:        39956 kB
NFS_Unstable:          0 kB
Bounce:                0 kB
WritebackTmp:          0 kB
CommitLimit:     1815632 kB
Committed_AS:   110302396 kB
VmallocTotal:   251658176 kB
VmallocUsed:      121420 kB
VmallocChunk:   251460516 kB
Time pass: 277 sec

---2015-11-23 23:33:11
MemTotal:        2582696 kB
MemFree:          111332 kB
Buffers:           13272 kB
Cached:           889312 kB
SwapCached:            0 kB
Active:          1075612 kB
Inactive:         597624 kB
Active(anon):     643524 kB
Inactive(anon):   169040 kB
Active(file):     432088 kB
Inactive(file):   428584 kB
Unevictable:        3896 kB
Mlocked:               0 kB
SwapTotal:        524284 kB
SwapFree:         523844 kB
Dirty:              1004 kB
Writeback:             0 kB
AnonPages:        774628 kB
Mapped:           508484 kB
Shmem:             38016 kB
Slab:             101272 kB
SReclaimable:      31584 kB
SUnreclaim:        69688 kB
KernelStack:       38032 kB
PageTables:        39964 kB
NFS_Unstable:          0 kB
Bounce:                0 kB
WritebackTmp:          0 kB
CommitLimit:     1815632 kB
Committed_AS:   110302268 kB
VmallocTotal:   251658176 kB
VmallocUsed:      121420 kB
VmallocChunk:   251460516 kB
Time pass: 281 sec

---2015-11-23 23:33:11
MemTotal:        2582696 kB
MemFree:          108268 kB
Buffers:           13272 kB
Cached:           889312 kB
SwapCached:            0 kB
Active:          1077260 kB
Inactive:         597624 kB
Active(anon):     645172 kB
Inactive(anon):   169040 kB
Active(file):     432088 kB
Inactive(file):   428584 kB
Unevictable:        3896 kB
Mlocked:               0 kB
SwapTotal:        524284 kB
SwapFree:         523844 kB
Dirty:              1004 kB
Writeback:             0 kB
AnonPages:        776060 kB
Mapped:           508488 kB
Shmem:             38016 kB
Slab:             101396 kB
SReclaimable:      31600 kB
SUnreclaim:        69796 kB
KernelStack:       37936 kB
PageTables:        39960 kB
NFS_Unstable:          0 kB
Bounce:                0 kB
WritebackTmp:          0 kB
CommitLimit:     1815632 kB
Committed_AS:   110302444 kB
VmallocTotal:   251658176 kB
VmallocUsed:      121420 kB
VmallocChunk:   251460516 kB
Time pass: 284 sec

---2015-11-23 23:33:11
MemTotal:        2582696 kB
MemFree:          112628 kB
Buffers:           13272 kB
Cached:           886164 kB
SwapCached:            0 kB
Active:          1074796 kB
Inactive:         597612 kB
Active(anon):     645664 kB
Inactive(anon):   169028 kB
Active(file):     429132 kB
Inactive(file):   428584 kB
Unevictable:        3896 kB
Mlocked:               0 kB
SwapTotal:        524284 kB
SwapFree:         523716 kB
Dirty:              1012 kB
Writeback:             0 kB
AnonPages:        776524 kB
Mapped:           508356 kB
Shmem:             38004 kB
Slab:             101192 kB
SReclaimable:      31340 kB
SUnreclaim:        69852 kB
KernelStack:       38256 kB
PageTables:        39932 kB
NFS_Unstable:          0 kB
Bounce:                0 kB
WritebackTmp:          0 kB
CommitLimit:     1815632 kB
Committed_AS:   110302492 kB
VmallocTotal:   251658176 kB
VmallocUsed:      121420 kB
VmallocChunk:   251460516 kB
Time pass: 288 sec

---2015-11-23 23:33:11
MemTotal:        2582696 kB
MemFree:          111444 kB
Buffers:           13272 kB
Cached:           886224 kB
SwapCached:            0 kB
Active:          1075944 kB
Inactive:         597480 kB
Active(anon):     646812 kB
Inactive(anon):   168900 kB
Active(file):     429132 kB
Inactive(file):   428580 kB
Unevictable:        3896 kB
Mlocked:               0 kB
SwapTotal:        524284 kB
SwapFree:         523716 kB
Dirty:              1004 kB
Writeback:             0 kB
AnonPages:        777872 kB
Mapped:           511556 kB
Shmem:             37888 kB
Slab:             101344 kB
SReclaimable:      31436 kB
SUnreclaim:        69908 kB
KernelStack:       37984 kB
PageTables:        40184 kB
NFS_Unstable:          0 kB
Bounce:                0 kB
WritebackTmp:          0 kB
CommitLimit:     1815632 kB
Committed_AS:   111542332 kB
VmallocTotal:   251658176 kB
VmallocUsed:      122440 kB
VmallocChunk:   251460516 kB
Time pass: 291 sec

---2015-11-23 23:33:11
MemTotal:        2582696 kB
MemFree:          110708 kB
Buffers:           13272 kB
Cached:           886224 kB
SwapCached:            0 kB
Active:          1077032 kB
Inactive:         597480 kB
Active(anon):     647900 kB
Inactive(anon):   168900 kB
Active(file):     429132 kB
Inactive(file):   428580 kB
Unevictable:        3896 kB
Mlocked:               0 kB
SwapTotal:        524284 kB
SwapFree:         523716 kB
Dirty:              1004 kB
Writeback:             0 kB
AnonPages:        778776 kB
Mapped:           508512 kB
Shmem:             37888 kB
Slab:             101300 kB
SReclaimable:      31452 kB
SUnreclaim:        69848 kB
KernelStack:       38032 kB
PageTables:        39952 kB
NFS_Unstable:          0 kB
Bounce:                0 kB
WritebackTmp:          0 kB
CommitLimit:     1815632 kB
Committed_AS:   110302532 kB
VmallocTotal:   251658176 kB
VmallocUsed:      121420 kB
VmallocChunk:   251460516 kB
Time pass: 295 sec

---2015-11-23 23:33:11
MemTotal:        2582696 kB
MemFree:          114044 kB
Buffers:           13272 kB
Cached:           882480 kB
SwapCached:            0 kB
Active:          1076144 kB
Inactive:         595616 kB
Active(anon):     648892 kB
Inactive(anon):   168872 kB
Active(file):     427252 kB
Inactive(file):   426744 kB
Unevictable:        3896 kB
Mlocked:               0 kB
SwapTotal:        524284 kB
SwapFree:         523688 kB
Dirty:              1024 kB
Writeback:             0 kB
AnonPages:        779908 kB
Mapped:           508440 kB
Shmem:             37860 kB
Slab:             101368 kB
SReclaimable:      31468 kB
SUnreclaim:        69900 kB
KernelStack:       37984 kB
PageTables:        39968 kB
NFS_Unstable:          0 kB
Bounce:                0 kB
WritebackTmp:          0 kB
CommitLimit:     1815632 kB
Committed_AS:   110302552 kB
VmallocTotal:   251658176 kB
VmallocUsed:      121420 kB
VmallocChunk:   251460516 kB
Time pass: 298 sec

---2015-11-23 23:33:11
MemTotal:        2582696 kB
MemFree:          113600 kB
Buffers:           13272 kB
Cached:           882480 kB
SwapCached:            0 kB
Active:          1077720 kB
Inactive:         595616 kB
Active(anon):     650468 kB
Inactive(anon):   168872 kB
Active(file):     427252 kB
Inactive(file):   426744 kB
Unevictable:        3896 kB
Mlocked:               0 kB
SwapTotal:        524284 kB
SwapFree:         523688 kB
Dirty:              1024 kB
Writeback:             0 kB
AnonPages:        781624 kB
Mapped:           508448 kB
Shmem:             37860 kB
Slab:             101400 kB
SReclaimable:      31472 kB
SUnreclaim:        69928 kB
KernelStack:       37968 kB
PageTables:        39968 kB
NFS_Unstable:          0 kB
Bounce:                0 kB
WritebackTmp:          0 kB
CommitLimit:     1815632 kB
Committed_AS:   110302396 kB
VmallocTotal:   251658176 kB
VmallocUsed:      121420 kB
VmallocChunk:   251460516 kB
Time pass: 302 sec

---2015-11-23 23:33:11
MemTotal:        2582696 kB
MemFree:          110704 kB
Buffers:           13272 kB
Cached:           882484 kB
SwapCached:            0 kB
Active:          1079408 kB
Inactive:         595616 kB
Active(anon):     652152 kB
Inactive(anon):   168872 kB
Active(file):     427256 kB
Inactive(file):   426744 kB
Unevictable:        3896 kB
Mlocked:               0 kB
SwapTotal:        524284 kB
SwapFree:         523688 kB
Dirty:              1004 kB
Writeback:             0 kB
AnonPages:        783228 kB
Mapped:           508436 kB
Shmem:             37860 kB
Slab:             101436 kB
SReclaimable:      31472 kB
SUnreclaim:        69964 kB
KernelStack:       38192 kB
PageTables:        39936 kB
NFS_Unstable:          0 kB
Bounce:                0 kB
WritebackTmp:          0 kB
CommitLimit:     1815632 kB
Committed_AS:   110314740 kB
VmallocTotal:   251658176 kB
VmallocUsed:      122440 kB
VmallocChunk:   251460516 kB
Time pass: 305 sec

---2015-11-23 23:33:11
MemTotal:        2582696 kB
MemFree:          111696 kB
Buffers:           13280 kB
Cached:           882484 kB
SwapCached:            0 kB
Active:          1079428 kB
Inactive:         595624 kB
Active(anon):     652172 kB
Inactive(anon):   168872 kB
Active(file):     427256 kB
Inactive(file):   426752 kB
Unevictable:        3896 kB
Mlocked:               0 kB
SwapTotal:        524284 kB
SwapFree:         523688 kB
Dirty:              1004 kB
Writeback:             0 kB
AnonPages:        783248 kB
Mapped:           508500 kB
Shmem:             37860 kB
Slab:             101252 kB
SReclaimable:      31480 kB
SUnreclaim:        69772 kB
KernelStack:       37936 kB
PageTables:        39972 kB
NFS_Unstable:          0 kB
Bounce:                0 kB
WritebackTmp:          0 kB
CommitLimit:     1815632 kB
Committed_AS:   110306612 kB
VmallocTotal:   251658176 kB
VmallocUsed:      121420 kB
VmallocChunk:   251460516 kB
Time pass: 309 sec

---2015-11-23 23:33:11
MemTotal:        2582696 kB
MemFree:          112428 kB
Buffers:           13280 kB
Cached:           882484 kB
SwapCached:            0 kB
Active:          1078768 kB
Inactive:         595628 kB
Active(anon):     651516 kB
Inactive(anon):   168872 kB
Active(file):     427252 kB
Inactive(file):   426756 kB
Unevictable:        3896 kB
Mlocked:               0 kB
SwapTotal:        524284 kB
SwapFree:         523688 kB
Dirty:              1024 kB
Writeback:             0 kB
AnonPages:        782268 kB
Mapped:           508504 kB
Shmem:             37860 kB
Slab:             101312 kB
SReclaimable:      31496 kB
SUnreclaim:        69816 kB
KernelStack:       37952 kB
PageTables:        39976 kB
NFS_Unstable:          0 kB
Bounce:                0 kB
WritebackTmp:          0 kB
CommitLimit:     1815632 kB
Committed_AS:   110306668 kB
VmallocTotal:   251658176 kB
VmallocUsed:      121420 kB
VmallocChunk:   251460516 kB
Time pass: 313 sec

---2015-11-23 23:33:11
MemTotal:        2582696 kB
MemFree:          124288 kB
Buffers:           13280 kB
Cached:           882856 kB
SwapCached:            0 kB
Active:          1065564 kB
Inactive:         595996 kB
Active(anon):     638308 kB
Inactive(anon):   168872 kB
Active(file):     427256 kB
Inactive(file):   427124 kB
Unevictable:        3896 kB
Mlocked:               0 kB
SwapTotal:        524284 kB
SwapFree:         523688 kB
Dirty:              1244 kB
Writeback:             0 kB
AnonPages:        769340 kB
Mapped:           508536 kB
Shmem:             37860 kB
Slab:             101400 kB
SReclaimable:      31496 kB
SUnreclaim:        69904 kB
KernelStack:       37952 kB
PageTables:        39980 kB
NFS_Unstable:          0 kB
Bounce:                0 kB
WritebackTmp:          0 kB
CommitLimit:     1815632 kB
Committed_AS:   110306692 kB
VmallocTotal:   251658176 kB
VmallocUsed:      121420 kB
VmallocChunk:   251460516 kB
Time pass: 316 sec

---2015-11-23 23:33:11
MemTotal:        2582696 kB
MemFree:          124404 kB
Buffers:           13280 kB
Cached:           883000 kB
SwapCached:            0 kB
Active:          1065332 kB
Inactive:         596140 kB
Active(anon):     638076 kB
Inactive(anon):   168992 kB
Active(file):     427256 kB
Inactive(file):   427148 kB
Unevictable:        3896 kB
Mlocked:               0 kB
SwapTotal:        524284 kB
SwapFree:         523688 kB
Dirty:              1244 kB
Writeback:             0 kB
AnonPages:        769140 kB
Mapped:           508672 kB
Shmem:             37980 kB
Slab:             101628 kB
SReclaimable:      31496 kB
SUnreclaim:        70132 kB
KernelStack:       38032 kB
PageTables:        39972 kB
NFS_Unstable:          0 kB
Bounce:                0 kB
WritebackTmp:          0 kB
CommitLimit:     1815632 kB
Committed_AS:   110306436 kB
VmallocTotal:   251658176 kB
VmallocUsed:      121420 kB
VmallocChunk:   251460516 kB
Time pass: 320 sec

---2015-11-23 23:33:11
MemTotal:        2582696 kB
MemFree:          124676 kB
Buffers:           13280 kB
Cached:           883060 kB
SwapCached:            0 kB
Active:          1064692 kB
Inactive:         596200 kB
Active(anon):     637436 kB
Inactive(anon):   169052 kB
Active(file):     427256 kB
Inactive(file):   427148 kB
Unevictable:        3896 kB
Mlocked:               0 kB
SwapTotal:        524284 kB
SwapFree:         523688 kB
Dirty:              1244 kB
Writeback:             0 kB
AnonPages:        768580 kB
Mapped:           508816 kB
Shmem:             38040 kB
Slab:             101508 kB
SReclaimable:      31492 kB
SUnreclaim:        70016 kB
KernelStack:       38208 kB
PageTables:        39940 kB
NFS_Unstable:          0 kB
Bounce:                0 kB
WritebackTmp:          0 kB
CommitLimit:     1815632 kB
Committed_AS:   110314780 kB
VmallocTotal:   251658176 kB
VmallocUsed:      122440 kB
VmallocChunk:   251455396 kB
Time pass: 324 sec

---2015-11-23 23:33:11
MemTotal:        2582696 kB
MemFree:          123060 kB
Buffers:           13280 kB
Cached:           883060 kB
SwapCached:            0 kB
Active:          1065508 kB
Inactive:         596196 kB
Active(anon):     638248 kB
Inactive(anon):   169052 kB
Active(file):     427260 kB
Inactive(file):   427144 kB
Unevictable:        3896 kB
Mlocked:               0 kB
SwapTotal:        524284 kB
SwapFree:         523688 kB
Dirty:              1224 kB
Writeback:             0 kB
AnonPages:        769328 kB
Mapped:           508832 kB
Shmem:             38040 kB
Slab:             101432 kB
SReclaimable:      31492 kB
SUnreclaim:        69940 kB
KernelStack:       37952 kB
PageTables:        40004 kB
NFS_Unstable:          0 kB
Bounce:                0 kB
WritebackTmp:          0 kB
CommitLimit:     1815632 kB
Committed_AS:   110306644 kB
VmallocTotal:   251658176 kB
VmallocUsed:      121420 kB
VmallocChunk:   251460516 kB
Time pass: 327 sec

---2015-11-23 23:33:11
MemTotal:        2582696 kB
MemFree:          123160 kB
Buffers:           13280 kB
Cached:           883060 kB
SwapCached:            0 kB
Active:          1066136 kB
Inactive:         596196 kB
Active(anon):     638876 kB
Inactive(anon):   169052 kB
Active(file):     427260 kB
Inactive(file):   427144 kB
Unevictable:        3896 kB
Mlocked:               0 kB
SwapTotal:        524284 kB
SwapFree:         523688 kB
Dirty:              1224 kB
Writeback:             0 kB
AnonPages:        769784 kB
Mapped:           508764 kB
Shmem:             38040 kB
Slab:             101420 kB
SReclaimable:      31504 kB
SUnreclaim:        69916 kB
KernelStack:       38016 kB
PageTables:        39980 kB
NFS_Unstable:          0 kB
Bounce:                0 kB
WritebackTmp:          0 kB
CommitLimit:     1815632 kB
Committed_AS:   110306636 kB
VmallocTotal:   251658176 kB
VmallocUsed:      121420 kB
VmallocChunk:   251460516 kB
Time pass: 331 sec

---2015-11-23 23:33:11
MemTotal:        2582696 kB
MemFree:          123144 kB
Buffers:           13280 kB
Cached:           883060 kB
SwapCached:            0 kB
Active:          1067172 kB
Inactive:         596188 kB
Active(anon):     639904 kB
Inactive(anon):   169052 kB
Active(file):     427268 kB
Inactive(file):   427136 kB
Unevictable:        3896 kB
Mlocked:               0 kB
SwapTotal:        524284 kB
SwapFree:         523688 kB
Dirty:              1212 kB
Writeback:             0 kB
AnonPages:        770988 kB
Mapped:           508716 kB
Shmem:             38040 kB
Slab:             101380 kB
SReclaimable:      31504 kB
SUnreclaim:        69876 kB
KernelStack:       37984 kB
PageTables:        39968 kB
NFS_Unstable:          0 kB
Bounce:                0 kB
WritebackTmp:          0 kB
CommitLimit:     1815632 kB
Committed_AS:   110306484 kB
VmallocTotal:   251658176 kB
VmallocUsed:      121420 kB
VmallocChunk:   251460516 kB
Time pass: 334 sec

---2015-11-23 23:33:11
MemTotal:        2582696 kB
MemFree:          120896 kB
Buffers:           13280 kB
Cached:           883060 kB
SwapCached:            0 kB
Active:          1068780 kB
Inactive:         596192 kB
Active(anon):     641516 kB
Inactive(anon):   169052 kB
Active(file):     427264 kB
Inactive(file):   427140 kB
Unevictable:        3896 kB
Mlocked:               0 kB
SwapTotal:        524284 kB
SwapFree:         523688 kB
Dirty:              1232 kB
Writeback:             0 kB
AnonPages:        772580 kB
Mapped:           508696 kB
Shmem:             38040 kB
Slab:             101484 kB
SReclaimable:      31512 kB
SUnreclaim:        69972 kB
KernelStack:       38112 kB
PageTables:        39968 kB
NFS_Unstable:          0 kB
Bounce:                0 kB
WritebackTmp:          0 kB
CommitLimit:     1815632 kB
Committed_AS:   110306636 kB
VmallocTotal:   251658176 kB
VmallocUsed:      121420 kB
VmallocChunk:   251460516 kB
Time pass: 338 sec

---2015-11-23 23:33:11
MemTotal:        2582696 kB
MemFree:          116004 kB
Buffers:           13280 kB
Cached:           883060 kB
SwapCached:            0 kB
Active:          1073584 kB
Inactive:         596196 kB
Active(anon):     646324 kB
Inactive(anon):   169052 kB
Active(file):     427260 kB
Inactive(file):   427144 kB
Unevictable:        3896 kB
Mlocked:               0 kB
SwapTotal:        524284 kB
SwapFree:         523688 kB
Dirty:              1224 kB
Writeback:             0 kB
AnonPages:        777668 kB
Mapped:           513096 kB
Shmem:             38040 kB
Slab:             101360 kB
SReclaimable:      31512 kB
SUnreclaim:        69848 kB
KernelStack:       38208 kB
PageTables:        40388 kB
NFS_Unstable:          0 kB
Bounce:                0 kB
WritebackTmp:          0 kB
CommitLimit:     1815632 kB
Committed_AS:   111548504 kB
VmallocTotal:   251658176 kB
VmallocUsed:      122440 kB
VmallocChunk:   251441060 kB
Time pass: 341 sec

---2015-11-23 23:33:11
MemTotal:        2582696 kB
MemFree:          119820 kB
Buffers:           13280 kB
Cached:           883060 kB
SwapCached:            0 kB
Active:          1069992 kB
Inactive:         596196 kB
Active(anon):     642732 kB
Inactive(anon):   169052 kB
Active(file):     427260 kB
Inactive(file):   427144 kB
Unevictable:        3896 kB
Mlocked:               0 kB
SwapTotal:        524284 kB
SwapFree:         523688 kB
Dirty:              1224 kB
Writeback:             0 kB
AnonPages:        773796 kB
Mapped:           508792 kB
Shmem:             38040 kB
Slab:             101536 kB
SReclaimable:      31512 kB
SUnreclaim:        70024 kB
KernelStack:       37952 kB
PageTables:        39988 kB
NFS_Unstable:          0 kB
Bounce:                0 kB
WritebackTmp:          0 kB
CommitLimit:     1815632 kB
Committed_AS:   110306660 kB
VmallocTotal:   251658176 kB
VmallocUsed:      121420 kB
VmallocChunk:   251460516 kB
Time pass: 345 sec

---2015-11-23 23:33:11
MemTotal:        2582696 kB
MemFree:          119496 kB
Buffers:           13280 kB
Cached:           883060 kB
SwapCached:            0 kB
Active:          1071068 kB
Inactive:         596200 kB
Active(anon):     643812 kB
Inactive(anon):   169052 kB
Active(file):     427256 kB
Inactive(file):   427148 kB
Unevictable:        3896 kB
Mlocked:               0 kB
SwapTotal:        524284 kB
SwapFree:         523688 kB
Dirty:              1244 kB
Writeback:             0 kB
AnonPages:        774840 kB
Mapped:           508800 kB
Shmem:             38040 kB
Slab:             101392 kB
SReclaimable:      31524 kB
SUnreclaim:        69868 kB
KernelStack:       37952 kB
PageTables:        39980 kB
NFS_Unstable:          0 kB
Bounce:                0 kB
WritebackTmp:          0 kB
CommitLimit:     1815632 kB
Committed_AS:   110306548 kB
VmallocTotal:   251658176 kB
VmallocUsed:      121420 kB
VmallocChunk:   251460516 kB
Time pass: 348 sec

---2015-11-23 23:33:11
MemTotal:        2582696 kB
MemFree:          119112 kB
Buffers:           13280 kB
Cached:           883060 kB
SwapCached:            0 kB
Active:          1070864 kB
Inactive:         596200 kB
Active(anon):     643608 kB
Inactive(anon):   169052 kB
Active(file):     427256 kB
Inactive(file):   427148 kB
Unevictable:        3896 kB
Mlocked:               0 kB
SwapTotal:        524284 kB
SwapFree:         523688 kB
Dirty:              1244 kB
Writeback:             0 kB
AnonPages:        774928 kB
Mapped:           508808 kB
Shmem:             38040 kB
Slab:             101360 kB
SReclaimable:      31524 kB
SUnreclaim:        69836 kB
KernelStack:       37984 kB
PageTables:        39988 kB
NFS_Unstable:          0 kB
Bounce:                0 kB
WritebackTmp:          0 kB
CommitLimit:     1815632 kB
Committed_AS:   110306508 kB
VmallocTotal:   251658176 kB
VmallocUsed:      121420 kB
VmallocChunk:   251460516 kB
Time pass: 352 sec

---2015-11-23 23:33:11
MemTotal:        2582696 kB
MemFree:          118768 kB
Buffers:           13280 kB
Cached:           883060 kB
SwapCached:            0 kB
Active:          1071260 kB
Inactive:         596192 kB
Active(anon):     643996 kB
Inactive(anon):   169052 kB
Active(file):     427264 kB
Inactive(file):   427140 kB
Unevictable:        3896 kB
Mlocked:               0 kB
SwapTotal:        524284 kB
SwapFree:         523688 kB
Dirty:              1232 kB
Writeback:             0 kB
AnonPages:        774676 kB
Mapped:           508804 kB
Shmem:             38040 kB
Slab:             101412 kB
SReclaimable:      31520 kB
SUnreclaim:        69892 kB
KernelStack:       38176 kB
