---2015-12-15 11:39:31
MemTotal:        2582696 kB
MemFree:          116220 kB
Buffers:           13040 kB
Cached:          1141864 kB
SwapCached:            0 kB
Active:          1129104 kB
Inactive:         819568 kB
Active(anon):     633440 kB
Inactive(anon):   165440 kB
Active(file):     495664 kB
Inactive(file):   654128 kB
Unevictable:        2976 kB
Mlocked:               0 kB
SwapTotal:        524284 kB
SwapFree:         524284 kB
Dirty:               208 kB
Writeback:             0 kB
AnonPages:        796648 kB
Mapped:           443792 kB
Shmem:              2136 kB
Slab:             103588 kB
SReclaimable:      31868 kB
SUnreclaim:        71720 kB
KernelStack:       39872 kB
PageTables:        41084 kB
NFS_Unstable:          0 kB
Bounce:                0 kB
WritebackTmp:          0 kB
CommitLimit:     1815632 kB
Committed_AS:   117256064 kB
VmallocTotal:   251658176 kB
VmallocUsed:      121560 kB
VmallocChunk:   251398052 kB
Time pass: 3 sec

---2015-12-15 11:39:31
MemTotal:        2582696 kB
MemFree:          116388 kB
Buffers:           13040 kB
Cached:          1141880 kB
SwapCached:            0 kB
Active:          1129140 kB
Inactive:         819576 kB
Active(anon):     633472 kB
Inactive(anon):   165436 kB
Active(file):     495668 kB
Inactive(file):   654140 kB
Unevictable:        2976 kB
Mlocked:               0 kB
SwapTotal:        524284 kB
SwapFree:         524284 kB
Dirty:               208 kB
Writeback:             0 kB
AnonPages:        796868 kB
Mapped:           443800 kB
Shmem:              2136 kB
Slab:             103588 kB
SReclaimable:      31868 kB
SUnreclaim:        71720 kB
KernelStack:       39856 kB
PageTables:        41080 kB
NFS_Unstable:          0 kB
Bounce:                0 kB
WritebackTmp:          0 kB
CommitLimit:     1815632 kB
Committed_AS:   117256072 kB
VmallocTotal:   251658176 kB
VmallocUsed:      121560 kB
VmallocChunk:   251398052 kB
Time pass: 7 sec

---2015-12-15 11:39:31
MemTotal:        2582696 kB
MemFree:          116200 kB
Buffers:           13040 kB
Cached:          1141880 kB
SwapCached:            0 kB
Active:          1130596 kB
Inactive:         819576 kB
Active(anon):     634928 kB
Inactive(anon):   165436 kB
Active(file):     495668 kB
Inactive(file):   654140 kB
Unevictable:        2976 kB
Mlocked:               0 kB
SwapTotal:        524284 kB
SwapFree:         524284 kB
Dirty:               208 kB
Writeback:             0 kB
AnonPages:        798132 kB
Mapped:           443800 kB
Shmem:              2136 kB
Slab:             103644 kB
SReclaimable:      31868 kB
SUnreclaim:        71776 kB
KernelStack:       39856 kB
PageTables:        41080 kB
NFS_Unstable:          0 kB
Bounce:                0 kB
WritebackTmp:          0 kB
CommitLimit:     1815632 kB
Committed_AS:   117256024 kB
VmallocTotal:   251658176 kB
VmallocUsed:      121560 kB
VmallocChunk:   251398052 kB
Time pass: 11 sec

---2015-12-15 11:39:31
MemTotal:        2582696 kB
MemFree:          116424 kB
Buffers:           13040 kB
Cached:          1141880 kB
SwapCached:            0 kB
Active:          1130652 kB
Inactive:         819576 kB
Active(anon):     634984 kB
Inactive(anon):   165436 kB
Active(file):     495668 kB
Inactive(file):   654140 kB
Unevictable:        2976 kB
Mlocked:               0 kB
SwapTotal:        524284 kB
SwapFree:         524284 kB
Dirty:               208 kB
Writeback:             0 kB
AnonPages:        798504 kB
Mapped:           443800 kB
Shmem:              2136 kB
Slab:             103736 kB
SReclaimable:      31872 kB
SUnreclaim:        71864 kB
KernelStack:       39856 kB
PageTables:        41080 kB
NFS_Unstable:          0 kB
Bounce:                0 kB
WritebackTmp:          0 kB
CommitLimit:     1815632 kB
Committed_AS:   117256024 kB
VmallocTotal:   251658176 kB
VmallocUsed:      121560 kB
VmallocChunk:   251398052 kB
Time pass: 15 sec

---2015-12-15 11:39:31
MemTotal:        2582696 kB
MemFree:          115468 kB
Buffers:           13040 kB
Cached:          1141880 kB
SwapCached:            0 kB
Active:          1131672 kB
Inactive:         819576 kB
Active(anon):     636004 kB
Inactive(anon):   165436 kB
Active(file):     495668 kB
Inactive(file):   654140 kB
Unevictable:        2976 kB
Mlocked:               0 kB
SwapTotal:        524284 kB
SwapFree:         524284 kB
Dirty:               208 kB
Writeback:             0 kB
AnonPages:        799636 kB
Mapped:           444104 kB
Shmem:              2136 kB
Slab:             103744 kB
SReclaimable:      31876 kB
SUnreclaim:        71868 kB
KernelStack:       39856 kB
PageTables:        41108 kB
NFS_Unstable:          0 kB
Bounce:                0 kB
WritebackTmp:          0 kB
CommitLimit:     1815632 kB
Committed_AS:   117267996 kB
VmallocTotal:   251658176 kB
VmallocUsed:      121560 kB
VmallocChunk:   251398052 kB
Time pass: 19 sec

---2015-12-15 11:39:31
MemTotal:        2582696 kB
MemFree:          141176 kB
Buffers:            5676 kB
Cached:           989396 kB
SwapCached:            0 kB
Active:          1175672 kB
Inactive:         675720 kB
Active(anon):     688448 kB
Inactive(anon):   173240 kB
Active(file):     487224 kB
Inactive(file):   502480 kB
Unevictable:        2976 kB
Mlocked:               0 kB
SwapTotal:        524284 kB
SwapFree:         524284 kB
Dirty:              1084 kB
Writeback:             0 kB
AnonPages:        859412 kB
Mapped:           471988 kB
Shmem:              2648 kB
Slab:             101012 kB
SReclaimable:      28672 kB
SUnreclaim:        72340 kB
KernelStack:       41008 kB
PageTables:        42120 kB
NFS_Unstable:          0 kB
Bounce:                0 kB
WritebackTmp:          0 kB
CommitLimit:     1815632 kB
Committed_AS:   118578504 kB
VmallocTotal:   251658176 kB
VmallocUsed:      122964 kB
VmallocChunk:   251398052 kB
Time pass: 22 sec

---2015-12-15 11:39:31
MemTotal:        2582696 kB
MemFree:          131580 kB
Buffers:            5676 kB
Cached:           979268 kB
SwapCached:            0 kB
Active:          1157732 kB
Inactive:         663908 kB
Active(anon):     668748 kB
Inactive(anon):   173408 kB
Active(file):     488984 kB
Inactive(file):   490500 kB
Unevictable:        3904 kB
Mlocked:               0 kB
SwapTotal:        524284 kB
SwapFree:         523824 kB
Dirty:               512 kB
Writeback:             0 kB
AnonPages:        840556 kB
Mapped:           477820 kB
Shmem:              1556 kB
Slab:             103840 kB
SReclaimable:      31660 kB
SUnreclaim:        72180 kB
KernelStack:       41024 kB
PageTables:        42308 kB
NFS_Unstable:          0 kB
Bounce:                0 kB
WritebackTmp:          0 kB
CommitLimit:     1815632 kB
Committed_AS:   118582816 kB
VmallocTotal:   251658176 kB
VmallocUsed:      123556 kB
VmallocChunk:   251398052 kB
Time pass: 26 sec

---2015-12-15 11:39:31
MemTotal:        2582696 kB
MemFree:          132308 kB
Buffers:            5676 kB
Cached:           980340 kB
SwapCached:            0 kB
Active:          1155868 kB
Inactive:         664376 kB
Active(anon):     666276 kB
Inactive(anon):   173404 kB
Active(file):     489592 kB
Inactive(file):   490972 kB
Unevictable:        3904 kB
Mlocked:               0 kB
SwapTotal:        524284 kB
SwapFree:         523824 kB
Dirty:               340 kB
Writeback:             4 kB
AnonPages:        838244 kB
Mapped:           478072 kB
Shmem:              1548 kB
Slab:             103964 kB
SReclaimable:      31744 kB
SUnreclaim:        72220 kB
KernelStack:       41056 kB
PageTables:        42344 kB
NFS_Unstable:          0 kB
Bounce:                0 kB
WritebackTmp:          0 kB
CommitLimit:     1815632 kB
Committed_AS:   118572656 kB
VmallocTotal:   251658176 kB
VmallocUsed:      123556 kB
VmallocChunk:   251398052 kB
Time pass: 30 sec

---2015-12-15 11:39:31
MemTotal:        2582696 kB
MemFree:          132520 kB
Buffers:            5676 kB
Cached:           980124 kB
SwapCached:            0 kB
Active:          1155072 kB
Inactive:         664420 kB
Active(anon):     665744 kB
Inactive(anon):   173384 kB
Active(file):     489328 kB
Inactive(file):   491036 kB
Unevictable:        3904 kB
Mlocked:               0 kB
SwapTotal:        524284 kB
SwapFree:         523824 kB
Dirty:               348 kB
Writeback:             0 kB
AnonPages:        837712 kB
Mapped:           478172 kB
Shmem:              1528 kB
Slab:             104012 kB
SReclaimable:      31764 kB
SUnreclaim:        72248 kB
KernelStack:       41024 kB
PageTables:        42288 kB
NFS_Unstable:          0 kB
Bounce:                0 kB
WritebackTmp:          0 kB
CommitLimit:     1815632 kB
Committed_AS:   118572624 kB
VmallocTotal:   251658176 kB
VmallocUsed:      123556 kB
VmallocChunk:   251398052 kB
Time pass: 34 sec

---2015-12-15 11:39:31
MemTotal:        2582696 kB
MemFree:          133692 kB
Buffers:            5676 kB
Cached:           982072 kB
SwapCached:            0 kB
Active:          1154252 kB
Inactive:         666368 kB
Active(anon):     664912 kB
Inactive(anon):   173384 kB
Active(file):     489340 kB
Inactive(file):   492984 kB
Unevictable:        3904 kB
Mlocked:               0 kB
SwapTotal:        524284 kB
SwapFree:         523824 kB
Dirty:              1132 kB
Writeback:             0 kB
AnonPages:        837052 kB
Mapped:           481048 kB
Shmem:              1528 kB
Slab:             103948 kB
SReclaimable:      31772 kB
SUnreclaim:        72176 kB
KernelStack:       41024 kB
PageTables:        42304 kB
NFS_Unstable:          0 kB
Bounce:                0 kB
WritebackTmp:          0 kB
CommitLimit:     1815632 kB
Committed_AS:   118573168 kB
VmallocTotal:   251658176 kB
VmallocUsed:      123556 kB
VmallocChunk:   251398052 kB
Time pass: 38 sec

---2015-12-15 11:39:31
MemTotal:        2582696 kB
MemFree:          116012 kB
Buffers:            5212 kB
Cached:           912624 kB
SwapCached:            0 kB
Active:          1130528 kB
Inactive:         628188 kB
Active(anon):     674324 kB
Inactive(anon):   171544 kB
Active(file):     456204 kB
Inactive(file):   456644 kB
Unevictable:        3904 kB
Mlocked:               0 kB
SwapTotal:        524284 kB
SwapFree:         522488 kB
Dirty:               392 kB
Writeback:            28 kB
AnonPages:        844844 kB
Mapped:           474672 kB
Shmem:              1080 kB
Slab:             104128 kB
SReclaimable:      31804 kB
SUnreclaim:        72324 kB
KernelStack:       41120 kB
PageTables:        42560 kB
NFS_Unstable:          0 kB
Bounce:                0 kB
WritebackTmp:          0 kB
CommitLimit:     1815632 kB
Committed_AS:   118573528 kB
VmallocTotal:   251658176 kB
VmallocUsed:      123676 kB
VmallocChunk:   251398052 kB
Time pass: 42 sec

---2015-12-15 11:39:31
MemTotal:        2582696 kB
MemFree:          119356 kB
Buffers:            5212 kB
Cached:           912652 kB
SwapCached:            0 kB
Active:          1133004 kB
Inactive:         628212 kB
Active(anon):     676792 kB
Inactive(anon):   171544 kB
Active(file):     456212 kB
Inactive(file):   456668 kB
Unevictable:        3904 kB
Mlocked:               0 kB
SwapTotal:        524284 kB
SwapFree:         522488 kB
Dirty:               432 kB
Writeback:             0 kB
AnonPages:        847200 kB
Mapped:           474736 kB
Shmem:              1080 kB
Slab:             104160 kB
SReclaimable:      31900 kB
SUnreclaim:        72260 kB
KernelStack:       41104 kB
PageTables:        42620 kB
NFS_Unstable:          0 kB
Bounce:                0 kB
WritebackTmp:          0 kB
CommitLimit:     1815632 kB
Committed_AS:   118573520 kB
VmallocTotal:   251658176 kB
VmallocUsed:      123628 kB
VmallocChunk:   251398052 kB
Time pass: 46 sec

---2015-12-15 11:39:31
MemTotal:        2582696 kB
MemFree:          114292 kB
Buffers:            5220 kB
Cached:           866368 kB
SwapCached:            0 kB
Active:          1127064 kB
Inactive:         608600 kB
Active(anon):     693924 kB
Inactive(anon):   175288 kB
Active(file):     433140 kB
Inactive(file):   433312 kB
Unevictable:        3904 kB
Mlocked:               0 kB
SwapTotal:        524284 kB
SwapFree:         522112 kB
Dirty:              7504 kB
Writeback:             0 kB
AnonPages:        868288 kB
Mapped:           513580 kB
Shmem:              1080 kB
Slab:             101300 kB
SReclaimable:      28984 kB
SUnreclaim:        72316 kB
KernelStack:       41200 kB
PageTables:        42580 kB
NFS_Unstable:          0 kB
Bounce:                0 kB
WritebackTmp:          0 kB
CommitLimit:     1815632 kB
Committed_AS:   118610672 kB
VmallocTotal:   251658176 kB
VmallocUsed:      123968 kB
VmallocChunk:   251398052 kB
Time pass: 50 sec

---2015-12-15 11:39:31
MemTotal:        2582696 kB
MemFree:          110928 kB
Buffers:            5220 kB
Cached:           866516 kB
SwapCached:            0 kB
Active:          1127056 kB
Inactive:         609024 kB
Active(anon):     694052 kB
Inactive(anon):   175276 kB
Active(file):     433004 kB
Inactive(file):   433748 kB
Unevictable:        3904 kB
Mlocked:               0 kB
SwapTotal:        524284 kB
SwapFree:         522112 kB
Dirty:               744 kB
Writeback:           148 kB
AnonPages:        868268 kB
Mapped:           514148 kB
Shmem:              1080 kB
Slab:             104516 kB
SReclaimable:      32260 kB
SUnreclaim:        72256 kB
KernelStack:       41200 kB
PageTables:        42612 kB
NFS_Unstable:          0 kB
Bounce:                0 kB
WritebackTmp:          0 kB
CommitLimit:     1815632 kB
Committed_AS:   118610632 kB
VmallocTotal:   251658176 kB
VmallocUsed:      123968 kB
VmallocChunk:   251398052 kB
Time pass: 54 sec

---2015-12-15 11:39:31
MemTotal:        2582696 kB
MemFree:          109860 kB
Buffers:            5220 kB
Cached:           866524 kB
SwapCached:            0 kB
Active:          1127268 kB
Inactive:         609032 kB
Active(anon):     694264 kB
Inactive(anon):   175276 kB
Active(file):     433004 kB
Inactive(file):   433756 kB
Unevictable:        3904 kB
Mlocked:               0 kB
SwapTotal:        524284 kB
SwapFree:         522112 kB
Dirty:               604 kB
Writeback:             0 kB
AnonPages:        868544 kB
Mapped:           514152 kB
Shmem:              1080 kB
Slab:             104596 kB
SReclaimable:      32260 kB
SUnreclaim:        72336 kB
KernelStack:       41232 kB
PageTables:        42648 kB
NFS_Unstable:          0 kB
Bounce:                0 kB
WritebackTmp:          0 kB
CommitLimit:     1815632 kB
Committed_AS:   118610632 kB
VmallocTotal:   251658176 kB
VmallocUsed:      123968 kB
VmallocChunk:   251398052 kB
Time pass: 58 sec

---2015-12-15 11:39:31
MemTotal:        2582696 kB
MemFree:          110972 kB
Buffers:            5220 kB
Cached:           863132 kB
SwapCached:            0 kB
Active:          1121284 kB
Inactive:         607008 kB
Active(anon):     689648 kB
Inactive(anon):   175276 kB
Active(file):     431636 kB
Inactive(file):   431732 kB
Unevictable:        3904 kB
Mlocked:               0 kB
SwapTotal:        524284 kB
SwapFree:         522112 kB
Dirty:               680 kB
Writeback:             0 kB
AnonPages:        863788 kB
Mapped:           515560 kB
Shmem:              1080 kB
Slab:             104868 kB
SReclaimable:      32332 kB
SUnreclaim:        72536 kB
KernelStack:       41200 kB
PageTables:        42620 kB
NFS_Unstable:          0 kB
Bounce:                0 kB
WritebackTmp:          0 kB
CommitLimit:     1815632 kB
Committed_AS:   118610752 kB
VmallocTotal:   251658176 kB
VmallocUsed:      123992 kB
VmallocChunk:   251398052 kB
Time pass: 62 sec

---2015-12-15 11:39:31
MemTotal:        2582696 kB
MemFree:          112820 kB
Buffers:            5220 kB
Cached:           861824 kB
SwapCached:            0 kB
Active:          1120944 kB
Inactive:         606248 kB
Active(anon):     689864 kB
Inactive(anon):   175268 kB
Active(file):     431080 kB
Inactive(file):   430980 kB
Unevictable:        3904 kB
Mlocked:               0 kB
SwapTotal:        524284 kB
SwapFree:         522104 kB
Dirty:               632 kB
Writeback:             0 kB
AnonPages:        864004 kB
Mapped:           515648 kB
Shmem:              1080 kB
Slab:             104728 kB
SReclaimable:      32256 kB
SUnreclaim:        72472 kB
KernelStack:       41200 kB
PageTables:        42624 kB
NFS_Unstable:          0 kB
Bounce:                0 kB
WritebackTmp:          0 kB
CommitLimit:     1815632 kB
Committed_AS:   118610752 kB
VmallocTotal:   251658176 kB
VmallocUsed:      123992 kB
VmallocChunk:   251398052 kB
Time pass: 65 sec

---2015-12-15 11:39:31
MemTotal:        2582696 kB
MemFree:          108872 kB
Buffers:            5192 kB
Cached:           827244 kB
SwapCached:            0 kB
Active:          1110072 kB
Inactive:         590064 kB
Active(anon):     696248 kB
Inactive(anon):   176172 kB
Active(file):     413824 kB
Inactive(file):   413892 kB
Unevictable:        3904 kB
Mlocked:               0 kB
SwapTotal:        524284 kB
SwapFree:         521564 kB
Dirty:              1300 kB
Writeback:             0 kB
AnonPages:        871520 kB
Mapped:           514384 kB
Shmem:              1080 kB
Slab:             102992 kB
SReclaimable:      30712 kB
SUnreclaim:        72280 kB
KernelStack:       41264 kB
PageTables:        42584 kB
NFS_Unstable:          0 kB
Bounce:                0 kB
WritebackTmp:          0 kB
CommitLimit:     1815632 kB
Committed_AS:   118611268 kB
VmallocTotal:   251658176 kB
VmallocUsed:      124144 kB
VmallocChunk:   251398052 kB
Time pass: 69 sec

---2015-12-15 11:39:31
MemTotal:        2582696 kB
MemFree:          105208 kB
Buffers:            5192 kB
Cached:           829056 kB
SwapCached:            0 kB
Active:          1113308 kB
Inactive:         591420 kB
Active(anon):     699724 kB
Inactive(anon):   176120 kB
Active(file):     413584 kB
Inactive(file):   415300 kB
Unevictable:        3904 kB
Mlocked:               0 kB
SwapTotal:        524284 kB
SwapFree:         521564 kB
Dirty:              1288 kB
Writeback:            24 kB
AnonPages:        874832 kB
Mapped:           517508 kB
Shmem:              1080 kB
Slab:             104476 kB
SReclaimable:      32044 kB
SUnreclaim:        72432 kB
KernelStack:       41392 kB
PageTables:        42612 kB
NFS_Unstable:          0 kB
Bounce:                0 kB
WritebackTmp:          0 kB
CommitLimit:     1815632 kB
Committed_AS:   118611408 kB
VmallocTotal:   251658176 kB
VmallocUsed:      124144 kB
VmallocChunk:   251398052 kB
Time pass: 73 sec

---2015-12-15 11:39:31
MemTotal:        2582696 kB
MemFree:          109696 kB
Buffers:            4852 kB
Cached:           817584 kB
SwapCached:           16 kB
Active:          1120924 kB
Inactive:         586808 kB
Active(anon):     712456 kB
Inactive(anon):   177952 kB
Active(file):     408468 kB
Inactive(file):   408856 kB
Unevictable:        3904 kB
Mlocked:               0 kB
SwapTotal:        524284 kB
SwapFree:         521384 kB
Dirty:              1064 kB
Writeback:             0 kB
AnonPages:        889192 kB
Mapped:           516844 kB
Shmem:              1208 kB
Slab:             101408 kB
SReclaimable:      28692 kB
SUnreclaim:        72716 kB
KernelStack:       41600 kB
PageTables:        42772 kB
NFS_Unstable:          0 kB
Bounce:                0 kB
WritebackTmp:          0 kB
CommitLimit:     1815632 kB
Committed_AS:   118638976 kB
VmallocTotal:   251658176 kB
VmallocUsed:      126676 kB
VmallocChunk:   251398052 kB
Time pass: 77 sec

---2015-12-15 11:39:31
MemTotal:        2582696 kB
MemFree:          108648 kB
Buffers:            4844 kB
Cached:           788144 kB
SwapCached:           16 kB
Active:          1107700 kB
Inactive:         572708 kB
Active(anon):     713916 kB
Inactive(anon):   178736 kB
Active(file):     393784 kB
Inactive(file):   393972 kB
Unevictable:        3904 kB
Mlocked:               0 kB
SwapTotal:        524284 kB
SwapFree:         520160 kB
Dirty:               792 kB
Writeback:             0 kB
AnonPages:        891424 kB
Mapped:           511100 kB
Shmem:              1244 kB
Slab:             104316 kB
SReclaimable:      31684 kB
SUnreclaim:        72632 kB
KernelStack:       41616 kB
PageTables:        42928 kB
NFS_Unstable:          0 kB
Bounce:                0 kB
WritebackTmp:          0 kB
CommitLimit:     1815632 kB
Committed_AS:   118639068 kB
VmallocTotal:   251658176 kB
VmallocUsed:      126684 kB
VmallocChunk:   251398052 kB
Time pass: 82 sec

---2015-12-15 11:39:31
MemTotal:        2582696 kB
MemFree:          107276 kB
Buffers:            4844 kB
Cached:           788352 kB
SwapCached:           16 kB
Active:          1109000 kB
Inactive:         572988 kB
Active(anon):     715216 kB
Inactive(anon):   178880 kB
Active(file):     393784 kB
Inactive(file):   394108 kB
Unevictable:        3904 kB
Mlocked:               0 kB
SwapTotal:        524284 kB
SwapFree:         520160 kB
Dirty:               796 kB
Writeback:             0 kB
AnonPages:        892712 kB
Mapped:           511300 kB
Shmem:              1400 kB
Slab:             104364 kB
SReclaimable:      31792 kB
SUnreclaim:        72572 kB
KernelStack:       41584 kB
PageTables:        42940 kB
NFS_Unstable:          0 kB
Bounce:                0 kB
WritebackTmp:          0 kB
CommitLimit:     1815632 kB
Committed_AS:   118643156 kB
VmallocTotal:   251658176 kB
VmallocUsed:      126684 kB
VmallocChunk:   251398052 kB
Time pass: 85 sec

---2015-12-15 11:39:31
MemTotal:        2582696 kB
MemFree:          106988 kB
Buffers:            4844 kB
Cached:           788352 kB
SwapCached:           16 kB
Active:          1109240 kB
Inactive:         572988 kB
Active(anon):     715456 kB
Inactive(anon):   178880 kB
Active(file):     393784 kB
Inactive(file):   394108 kB
Unevictable:        3904 kB
Mlocked:               0 kB
SwapTotal:        524284 kB
SwapFree:         520160 kB
Dirty:               772 kB
Writeback:             0 kB
AnonPages:        892864 kB
Mapped:           511300 kB
Shmem:              1400 kB
Slab:             104372 kB
SReclaimable:      31792 kB
SUnreclaim:        72580 kB
KernelStack:       41584 kB
PageTables:        42948 kB
NFS_Unstable:          0 kB
Bounce:                0 kB
WritebackTmp:          0 kB
CommitLimit:     1815632 kB
Committed_AS:   118643192 kB
VmallocTotal:   251658176 kB
VmallocUsed:      126684 kB
VmallocChunk:   251398052 kB
Time pass: 89 sec

---2015-12-15 11:39:31
MemTotal:        2582696 kB
MemFree:          107456 kB
Buffers:            4844 kB
Cached:           787268 kB
SwapCached:           16 kB
Active:          1109532 kB
Inactive:         572316 kB
Active(anon):     716160 kB
Inactive(anon):   178932 kB
Active(file):     393372 kB
Inactive(file):   393384 kB
Unevictable:        3904 kB
Mlocked:               0 kB
SwapTotal:        524284 kB
SwapFree:         520160 kB
Dirty:               792 kB
Writeback:             0 kB
AnonPages:        893588 kB
Mapped:           511356 kB
Shmem:              1452 kB
Slab:             104388 kB
SReclaimable:      31812 kB
SUnreclaim:        72576 kB
KernelStack:       41584 kB
PageTables:        42948 kB
NFS_Unstable:          0 kB
Bounce:                0 kB
WritebackTmp:          0 kB
CommitLimit:     1815632 kB
Committed_AS:   118647288 kB
VmallocTotal:   251658176 kB
VmallocUsed:      126684 kB
VmallocChunk:   251398052 kB
Time pass: 92 sec

---2015-12-15 11:39:31
MemTotal:        2582696 kB
MemFree:          106600 kB
Buffers:            4844 kB
Cached:           787268 kB
SwapCached:           16 kB
Active:          1110624 kB
Inactive:         572252 kB
Active(anon):     717252 kB
Inactive(anon):   178868 kB
Active(file):     393372 kB
Inactive(file):   393384 kB
Unevictable:        3904 kB
Mlocked:               0 kB
SwapTotal:        524284 kB
SwapFree:         520160 kB
Dirty:               792 kB
Writeback:             0 kB
AnonPages:        894716 kB
Mapped:           511356 kB
Shmem:              1452 kB
Slab:             104404 kB
SReclaimable:      31812 kB
SUnreclaim:        72592 kB
KernelStack:       41584 kB
PageTables:        42956 kB
NFS_Unstable:          0 kB
Bounce:                0 kB
WritebackTmp:          0 kB
CommitLimit:     1815632 kB
Committed_AS:   118651376 kB
VmallocTotal:   251658176 kB
VmallocUsed:      126684 kB
VmallocChunk:   251398052 kB
Time pass: 96 sec

---2015-12-15 11:39:31
MemTotal:        2582696 kB
MemFree:          106420 kB
Buffers:            4844 kB
Cached:           787268 kB
SwapCached:           16 kB
Active:          1110708 kB
Inactive:         572252 kB
Active(anon):     717336 kB
Inactive(anon):   178868 kB
Active(file):     393372 kB
Inactive(file):   393384 kB
Unevictable:        3904 kB
Mlocked:               0 kB
SwapTotal:        524284 kB
SwapFree:         520160 kB
Dirty:               792 kB
Writeback:             0 kB
AnonPages:        894980 kB
Mapped:           511356 kB
Shmem:              1452 kB
Slab:             104424 kB
SReclaimable:      31812 kB
SUnreclaim:        72612 kB
KernelStack:       41584 kB
PageTables:        42956 kB
NFS_Unstable:          0 kB
Bounce:                0 kB
WritebackTmp:          0 kB
CommitLimit:     1815632 kB
Committed_AS:   118651368 kB
VmallocTotal:   251658176 kB
VmallocUsed:      126684 kB
VmallocChunk:   251398052 kB
Time pass: 100 sec

---2015-12-15 11:39:31
MemTotal:        2582696 kB
MemFree:          106076 kB
Buffers:            4844 kB
Cached:           787304 kB
SwapCached:           16 kB
Active:          1111252 kB
Inactive:         572284 kB
Active(anon):     717876 kB
Inactive(anon):   178896 kB
Active(file):     393376 kB
Inactive(file):   393388 kB
Unevictable:        3904 kB
Mlocked:               0 kB
SwapTotal:        524284 kB
SwapFree:         520160 kB
Dirty:               796 kB
Writeback:             0 kB
AnonPages:        895352 kB
Mapped:           511392 kB
Shmem:              1480 kB
Slab:             104476 kB
SReclaimable:      31824 kB
SUnreclaim:        72652 kB
KernelStack:       41584 kB
PageTables:        42972 kB
NFS_Unstable:          0 kB
Bounce:                0 kB
WritebackTmp:          0 kB
CommitLimit:     1815632 kB
Committed_AS:   118651364 kB
VmallocTotal:   251658176 kB
VmallocUsed:      126684 kB
VmallocChunk:   251398052 kB
Time pass: 103 sec

---2015-12-15 11:39:31
MemTotal:        2582696 kB
MemFree:          106696 kB
Buffers:            4852 kB
Cached:           787448 kB
SwapCached:           16 kB
Active:          1110920 kB
Inactive:         572240 kB
Active(anon):     717372 kB
Inactive(anon):   178876 kB
Active(file):     393548 kB
Inactive(file):   393364 kB
Unevictable:        3904 kB
Mlocked:               0 kB
SwapTotal:        524284 kB
SwapFree:         520160 kB
Dirty:               824 kB
Writeback:             0 kB
AnonPages:        894652 kB
Mapped:           511160 kB
Shmem:              1480 kB
Slab:             104420 kB
SReclaimable:      31828 kB
SUnreclaim:        72592 kB
KernelStack:       41568 kB
PageTables:        42956 kB
NFS_Unstable:          0 kB
Bounce:                0 kB
WritebackTmp:          0 kB
CommitLimit:     1815632 kB
Committed_AS:   118651376 kB
VmallocTotal:   251658176 kB
VmallocUsed:      126684 kB
VmallocChunk:   251398052 kB
Time pass: 107 sec

---2015-12-15 11:39:31
MemTotal:        2582696 kB
MemFree:          112692 kB
Buffers:            4852 kB
Cached:           787484 kB
SwapCached:           16 kB
Active:          1104680 kB
Inactive:         572272 kB
Active(anon):     711124 kB
Inactive(anon):   178908 kB
Active(file):     393556 kB
Inactive(file):   393364 kB
Unevictable:        3904 kB
Mlocked:               0 kB
SwapTotal:        524284 kB
SwapFree:         520160 kB
Dirty:               804 kB
Writeback:             0 kB
AnonPages:        888456 kB
Mapped:           511236 kB
Shmem:              1512 kB
Slab:             104416 kB
SReclaimable:      31828 kB
SUnreclaim:        72588 kB
KernelStack:       41552 kB
PageTables:        42964 kB
NFS_Unstable:          0 kB
Bounce:                0 kB
WritebackTmp:          0 kB
CommitLimit:     1815632 kB
Committed_AS:   118651344 kB
VmallocTotal:   251658176 kB
VmallocUsed:      126684 kB
VmallocChunk:   251398052 kB
Time pass: 111 sec

---2015-12-15 11:39:31
MemTotal:        2582696 kB
MemFree:          112812 kB
Buffers:            4852 kB
Cached:           787484 kB
SwapCached:           16 kB
Active:          1104364 kB
Inactive:         572272 kB
Active(anon):     710808 kB
Inactive(anon):   178908 kB
Active(file):     393556 kB
Inactive(file):   393364 kB
Unevictable:        3904 kB
Mlocked:               0 kB
SwapTotal:        524284 kB
SwapFree:         520160 kB
Dirty:               804 kB
Writeback:             0 kB
AnonPages:        888144 kB
Mapped:           511236 kB
Shmem:              1512 kB
Slab:             104564 kB
SReclaimable:      31828 kB
SUnreclaim:        72736 kB
KernelStack:       41552 kB
PageTables:        42960 kB
NFS_Unstable:          0 kB
Bounce:                0 kB
WritebackTmp:          0 kB
CommitLimit:     1815632 kB
Committed_AS:   118651320 kB
VmallocTotal:   251658176 kB
VmallocUsed:      126684 kB
VmallocChunk:   251398052 kB
Time pass: 115 sec

---2015-12-15 11:39:31
MemTotal:        2582696 kB
MemFree:          111076 kB
Buffers:            6388 kB
Cached:           787484 kB
SwapCached:           16 kB
Active:          1104740 kB
Inactive:         573808 kB
Active(anon):     711184 kB
Inactive(anon):   178908 kB
Active(file):     393556 kB
Inactive(file):   394900 kB
Unevictable:        3904 kB
Mlocked:               0 kB
SwapTotal:        524284 kB
SwapFree:         520160 kB
Dirty:               796 kB
Writeback:             0 kB
AnonPages:        888600 kB
Mapped:           511236 kB
Shmem:              1512 kB
Slab:             104548 kB
SReclaimable:      31828 kB
SUnreclaim:        72720 kB
KernelStack:       41552 kB
PageTables:        42956 kB
NFS_Unstable:          0 kB
Bounce:                0 kB
WritebackTmp:          0 kB
CommitLimit:     1815632 kB
Committed_AS:   118651328 kB
VmallocTotal:   251658176 kB
VmallocUsed:      126684 kB
VmallocChunk:   251398052 kB
Time pass: 118 sec

---2015-12-15 11:39:31
MemTotal:        2582696 kB
MemFree:          110812 kB
Buffers:            6388 kB
Cached:           786884 kB
SwapCached:           16 kB
Active:          1105076 kB
Inactive:         573088 kB
Active(anon):     711400 kB
Inactive(anon):   179048 kB
Active(file):     393676 kB
Inactive(file):   394040 kB
Unevictable:        3904 kB
Mlocked:               0 kB
SwapTotal:        524284 kB
SwapFree:         520160 kB
Dirty:               796 kB
Writeback:             0 kB
AnonPages:        888832 kB
Mapped:           511380 kB
Shmem:              1652 kB
Slab:             104512 kB
SReclaimable:      31980 kB
SUnreclaim:        72532 kB
KernelStack:       41552 kB
PageTables:        42952 kB
NFS_Unstable:          0 kB
Bounce:                0 kB
WritebackTmp:          0 kB
CommitLimit:     1815632 kB
Committed_AS:   118651328 kB
VmallocTotal:   251658176 kB
VmallocUsed:      126684 kB
VmallocChunk:   251398052 kB
Time pass: 122 sec

---2015-12-15 11:39:31
MemTotal:        2582696 kB
MemFree:          109416 kB
Buffers:            6388 kB
Cached:           787612 kB
SwapCached:           16 kB
Active:          1105828 kB
Inactive:         573700 kB
Active(anon):     712104 kB
Inactive(anon):   180080 kB
Active(file):     393724 kB
Inactive(file):   393620 kB
Unevictable:        3904 kB
Mlocked:               0 kB
SwapTotal:        524284 kB
SwapFree:         520156 kB
Dirty:               808 kB
Writeback:             0 kB
AnonPages:        889376 kB
Mapped:           512512 kB
Shmem:              2752 kB
Slab:             104644 kB
SReclaimable:      32052 kB
SUnreclaim:        72592 kB
KernelStack:       41552 kB
PageTables:        42960 kB
NFS_Unstable:          0 kB
Bounce:                0 kB
WritebackTmp:          0 kB
CommitLimit:     1815632 kB
Committed_AS:   118651320 kB
VmallocTotal:   251658176 kB
VmallocUsed:      126684 kB
VmallocChunk:   251398052 kB
Time pass: 125 sec

---2015-12-15 11:39:31
MemTotal:        2582696 kB
MemFree:          109292 kB
Buffers:            6388 kB
Cached:           787424 kB
SwapCached:           16 kB
Active:          1104640 kB
Inactive:         573936 kB
Active(anon):     711240 kB
Inactive(anon):   180196 kB
Active(file):     393400 kB
Inactive(file):   393740 kB
Unevictable:        3904 kB
Mlocked:               0 kB
SwapTotal:        524284 kB
SwapFree:         520144 kB
Dirty:               808 kB
Writeback:             0 kB
AnonPages:        888652 kB
Mapped:           512624 kB
Shmem:              2808 kB
Slab:             104780 kB
SReclaimable:      32032 kB
SUnreclaim:        72748 kB
KernelStack:       41552 kB
PageTables:        42964 kB
NFS_Unstable:          0 kB
Bounce:                0 kB
WritebackTmp:          0 kB
CommitLimit:     1815632 kB
Committed_AS:   118651328 kB
VmallocTotal:   251658176 kB
VmallocUsed:      126684 kB
VmallocChunk:   251398052 kB
Time pass: 129 sec

---2015-12-15 11:39:31
MemTotal:        2582696 kB
MemFree:          108860 kB
Buffers:            6388 kB
Cached:           786648 kB
SwapCached:           16 kB
Active:          1105108 kB
Inactive:         573500 kB
Active(anon):     712036 kB
Inactive(anon):   180196 kB
Active(file):     393072 kB
Inactive(file):   393304 kB
Unevictable:        3904 kB
Mlocked:               0 kB
SwapTotal:        524284 kB
SwapFree:         520136 kB
Dirty:               812 kB
Writeback:             0 kB
AnonPages:        889508 kB
Mapped:           512624 kB
Shmem:              2808 kB
Slab:             104636 kB
SReclaimable:      32104 kB
SUnreclaim:        72532 kB
KernelStack:       41552 kB
PageTables:        42960 kB
NFS_Unstable:          0 kB
Bounce:                0 kB
WritebackTmp:          0 kB
CommitLimit:     1815632 kB
Committed_AS:   118651328 kB
VmallocTotal:   251658176 kB
VmallocUsed:      126684 kB
VmallocChunk:   251398052 kB
Time pass: 133 sec

---2015-12-15 11:39:31
MemTotal:        2582696 kB
MemFree:          117300 kB
Buffers:            6388 kB
Cached:           784972 kB
SwapCached:           16 kB
Active:          1096092 kB
Inactive:         572004 kB
Active(anon):     703484 kB
Inactive(anon):   178412 kB
Active(file):     392608 kB
Inactive(file):   393592 kB
Unevictable:        3904 kB
Mlocked:               0 kB
SwapTotal:        524284 kB
SwapFree:         520116 kB
Dirty:               816 kB
Writeback:             0 kB
AnonPages:        881068 kB
Mapped:           509860 kB
Shmem:              1044 kB
Slab:             104828 kB
SReclaimable:      31860 kB
SUnreclaim:        72968 kB
KernelStack:       41056 kB
PageTables:        42676 kB
NFS_Unstable:          0 kB
Bounce:                0 kB
WritebackTmp:          0 kB
CommitLimit:     1815632 kB
Committed_AS:   120952340 kB
VmallocTotal:   251658176 kB
VmallocUsed:      126568 kB
VmallocChunk:   251398052 kB
Time pass: 136 sec

---2015-12-15 11:39:31
MemTotal:        2582696 kB
MemFree:          386620 kB
Buffers:            6388 kB
Cached:           787584 kB
SwapCached:           28 kB
Active:          1028024 kB
Inactive:         574200 kB
Active(anon):     634800 kB
Inactive(anon):   178528 kB
Active(file):     393224 kB
Inactive(file):   395672 kB
Unevictable:        3904 kB
Mlocked:               0 kB
SwapTotal:        524284 kB
SwapFree:         520116 kB
Dirty:                88 kB
Writeback:             0 kB
AnonPages:        812220 kB
Mapped:           413112 kB
Shmem:              1172 kB
Slab:             103848 kB
SReclaimable:      31484 kB
SUnreclaim:        72364 kB
KernelStack:       39408 kB
PageTables:        40620 kB
NFS_Unstable:          0 kB
Bounce:                0 kB
WritebackTmp:          0 kB
CommitLimit:     1815632 kB
Committed_AS:   115468816 kB
VmallocTotal:   251658176 kB
VmallocUsed:      122724 kB
VmallocChunk:   251398052 kB
Time pass: 140 sec

---2015-12-15 11:39:31
MemTotal:        2582696 kB
MemFree:          387140 kB
Buffers:            6388 kB
Cached:           788916 kB
SwapCached:           28 kB
Active:          1026556 kB
Inactive:         575524 kB
Active(anon):     633332 kB
Inactive(anon):   178528 kB
Active(file):     393224 kB
Inactive(file):   396996 kB
Unevictable:        3904 kB
Mlocked:               0 kB
SwapTotal:        524284 kB
SwapFree:         520116 kB
Dirty:               508 kB
Writeback:             0 kB
AnonPages:        810748 kB
Mapped:           413072 kB
Shmem:              1172 kB
Slab:             103924 kB
SReclaimable:      31568 kB
SUnreclaim:        72356 kB
KernelStack:       39344 kB
PageTables:        40624 kB
NFS_Unstable:          0 kB
Bounce:                0 kB
WritebackTmp:          0 kB
CommitLimit:     1815632 kB
Committed_AS:   115468540 kB
VmallocTotal:   251658176 kB
VmallocUsed:      122724 kB
VmallocChunk:   251398052 kB
Time pass: 144 sec

---2015-12-15 11:39:31
MemTotal:        2582696 kB
MemFree:          392272 kB
Buffers:            6388 kB
Cached:           788920 kB
SwapCached:           28 kB
Active:          1020552 kB
Inactive:         575532 kB
Active(anon):     627324 kB
Inactive(anon):   178528 kB
Active(file):     393228 kB
Inactive(file):   397004 kB
Unevictable:        3904 kB
Mlocked:               0 kB
SwapTotal:        524284 kB
SwapFree:         520116 kB
Dirty:               116 kB
Writeback:             0 kB
AnonPages:        804744 kB
Mapped:           413168 kB
Shmem:              1172 kB
Slab:             103916 kB
SReclaimable:      31568 kB
SUnreclaim:        72348 kB
KernelStack:       39360 kB
PageTables:        40648 kB
NFS_Unstable:          0 kB
Bounce:                0 kB
WritebackTmp:          0 kB
CommitLimit:     1815632 kB
Committed_AS:   115468688 kB
VmallocTotal:   251658176 kB
VmallocUsed:      122724 kB
VmallocChunk:   251398052 kB
Time pass: 147 sec

---2015-12-15 11:39:31
MemTotal:        2582696 kB
MemFree:          392928 kB
Buffers:            6388 kB
Cached:           788920 kB
SwapCached:           28 kB
Active:          1020784 kB
Inactive:         575524 kB
Active(anon):     627548 kB
Inactive(anon):   178528 kB
Active(file):     393236 kB
Inactive(file):   396996 kB
Unevictable:        3904 kB
Mlocked:               0 kB
SwapTotal:        524284 kB
SwapFree:         520116 kB
Dirty:               120 kB
Writeback:             0 kB
AnonPages:        805012 kB
Mapped:           413168 kB
Shmem:              1172 kB
Slab:             103904 kB
SReclaimable:      31568 kB
SUnreclaim:        72336 kB
KernelStack:       39344 kB
PageTables:        40648 kB
NFS_Unstable:          0 kB
Bounce:                0 kB
WritebackTmp:          0 kB
CommitLimit:     1815632 kB
Committed_AS:   115468648 kB
VmallocTotal:   251658176 kB
VmallocUsed:      120308 kB
VmallocChunk:   251398052 kB
Time pass: 151 sec

---2015-12-15 11:39:31
MemTotal:        2582696 kB
MemFree:          392168 kB
Buffers:            6388 kB
Cached:           788920 kB
SwapCached:           28 kB
Active:          1021104 kB
Inactive:         575524 kB
Active(anon):     627868 kB
Inactive(anon):   178528 kB
Active(file):     393236 kB
Inactive(file):   396996 kB
Unevictable:        3904 kB
Mlocked:               0 kB
SwapTotal:        524284 kB
SwapFree:         520116 kB
Dirty:               120 kB
Writeback:             0 kB
AnonPages:        805276 kB
Mapped:           412952 kB
Shmem:              1172 kB
Slab:             103904 kB
SReclaimable:      31568 kB
SUnreclaim:        72336 kB
KernelStack:       39344 kB
PageTables:        40644 kB
NFS_Unstable:          0 kB
Bounce:                0 kB
WritebackTmp:          0 kB
CommitLimit:     1815632 kB
Committed_AS:   115468640 kB
VmallocTotal:   251658176 kB
VmallocUsed:      120308 kB
VmallocChunk:   251398052 kB
Time pass: 155 sec

---2015-12-15 11:39:31
MemTotal:        2582696 kB
MemFree:          391280 kB
Buffers:            6388 kB
Cached:           788920 kB
SwapCached:           28 kB
Active:          1021320 kB
Inactive:         575524 kB
Active(anon):     628084 kB
Inactive(anon):   178528 kB
Active(file):     393236 kB
Inactive(file):   396996 kB
Unevictable:        3904 kB
Mlocked:               0 kB
SwapTotal:        524284 kB
SwapFree:         520116 kB
Dirty:               120 kB
Writeback:             0 kB
AnonPages:        805528 kB
Mapped:           413172 kB
Shmem:              1172 kB
Slab:             103900 kB
SReclaimable:      31568 kB
SUnreclaim:        72332 kB
KernelStack:       39344 kB
PageTables:        40644 kB
NFS_Unstable:          0 kB
Bounce:                0 kB
WritebackTmp:          0 kB
CommitLimit:     1815632 kB
Committed_AS:   115468640 kB
VmallocTotal:   251658176 kB
VmallocUsed:      120308 kB
VmallocChunk:   251398052 kB
Time pass: 159 sec

---2015-12-15 11:39:31
MemTotal:        2582696 kB
MemFree:          390724 kB
Buffers:            6388 kB
Cached:           788920 kB
SwapCached:           28 kB
Active:          1021576 kB
Inactive:         575524 kB
Active(anon):     628340 kB
Inactive(anon):   178528 kB
Active(file):     393236 kB
Inactive(file):   396996 kB
Unevictable:        3904 kB
Mlocked:               0 kB
SwapTotal:        524284 kB
SwapFree:         520116 kB
Dirty:               120 kB
Writeback:             0 kB
AnonPages:        805736 kB
Mapped:           413180 kB
Shmem:              1172 kB
Slab:             103900 kB
SReclaimable:      31568 kB
SUnreclaim:        72332 kB
KernelStack:       39312 kB
PageTables:        40644 kB
NFS_Unstable:          0 kB
Bounce:                0 kB
WritebackTmp:          0 kB
CommitLimit:     1815632 kB
Committed_AS:   115468640 kB
VmallocTotal:   251658176 kB
VmallocUsed:      120308 kB
VmallocChunk:   251398052 kB
Time pass: 163 sec

---2015-12-15 11:39:31
MemTotal:        2582696 kB
MemFree:          390460 kB
Buffers:            6388 kB
Cached:           788924 kB
SwapCached:           28 kB
Active:          1021832 kB
Inactive:         575528 kB
Active(anon):     628596 kB
Inactive(anon):   178528 kB
Active(file):     393236 kB
Inactive(file):   397000 kB
Unevictable:        3904 kB
Mlocked:               0 kB
SwapTotal:        524284 kB
SwapFree:         520116 kB
Dirty:               124 kB
Writeback:             0 kB
AnonPages:        805960 kB
Mapped:           412968 kB
Shmem:              1172 kB
Slab:             103900 kB
SReclaimable:      31568 kB
SUnreclaim:        72332 kB
KernelStack:       39344 kB
PageTables:        40644 kB
NFS_Unstable:          0 kB
Bounce:                0 kB
WritebackTmp:          0 kB
CommitLimit:     1815632 kB
Committed_AS:   115468648 kB
VmallocTotal:   251658176 kB
VmallocUsed:      120308 kB
VmallocChunk:   251398052 kB
Time pass: 167 sec

---2015-12-15 11:39:31
MemTotal:        2582696 kB
MemFree:          245472 kB
Buffers:            6396 kB
Cached:           789648 kB
SwapCached:           28 kB
Active:          1057372 kB
Inactive:         571932 kB
Active(anon):     659876 kB
Inactive(anon):   178452 kB
Active(file):     397496 kB
Inactive(file):   393480 kB
Unevictable:        3904 kB
Mlocked:               0 kB
SwapTotal:        524284 kB
SwapFree:         520116 kB
Dirty:               148 kB
Writeback:             0 kB
AnonPages:        837628 kB
Mapped:           441452 kB
Shmem:              1164 kB
Slab:             104104 kB
SReclaimable:      31740 kB
SUnreclaim:        72364 kB
KernelStack:       40048 kB
PageTables:        41556 kB
NFS_Unstable:          0 kB
Bounce:                0 kB
WritebackTmp:          0 kB
CommitLimit:     1815632 kB
Committed_AS:   116778512 kB
VmallocTotal:   251658176 kB
VmallocUsed:      121756 kB
VmallocChunk:   251398052 kB
Time pass: 170 sec

---2015-12-15 11:39:31
MemTotal:        2582696 kB
MemFree:          169060 kB
Buffers:            6396 kB
Cached:           789948 kB
SwapCached:           28 kB
Active:          1061984 kB
Inactive:         570824 kB
Active(anon):     663008 kB
Inactive(anon):   178404 kB
Active(file):     398976 kB
Inactive(file):   392420 kB
Unevictable:        3904 kB
Mlocked:               0 kB
SwapTotal:        524284 kB
SwapFree:         520116 kB
Dirty:               284 kB
Writeback:             0 kB
AnonPages:        840384 kB
Mapped:           483680 kB
Shmem:              1044 kB
Slab:             104188 kB
SReclaimable:      31760 kB
SUnreclaim:        72428 kB
KernelStack:       40160 kB
PageTables:        41800 kB
NFS_Unstable:          0 kB
Bounce:                0 kB
WritebackTmp:          0 kB
CommitLimit:     1815632 kB
Committed_AS:   116786432 kB
VmallocTotal:   251658176 kB
VmallocUsed:      122384 kB
VmallocChunk:   251398052 kB
Time pass: 174 sec

---2015-12-15 11:39:31
MemTotal:        2582696 kB
MemFree:          144108 kB
Buffers:            6396 kB
Cached:           797920 kB
SwapCached:           28 kB
Active:          1095464 kB
Inactive:         565440 kB
Active(anon):     682924 kB
Inactive(anon):   178404 kB
Active(file):     412540 kB
Inactive(file):   387036 kB
Unevictable:        3904 kB
Mlocked:               0 kB
SwapTotal:        524284 kB
SwapFree:         520112 kB
Dirty:              7760 kB
Writeback:             0 kB
AnonPages:        860264 kB
Mapped:           516080 kB
Shmem:              1044 kB
Slab:             104468 kB
SReclaimable:      31780 kB
SUnreclaim:        72688 kB
KernelStack:       40320 kB
PageTables:        41888 kB
NFS_Unstable:          0 kB
Bounce:                0 kB
WritebackTmp:          0 kB
CommitLimit:     1815632 kB
Committed_AS:   116824320 kB
VmallocTotal:   251658176 kB
VmallocUsed:      130964 kB
VmallocChunk:   251389788 kB
Time pass: 178 sec

---2015-12-15 11:39:31
MemTotal:        2582696 kB
MemFree:          139344 kB
Buffers:            6396 kB
Cached:           798176 kB
SwapCached:           28 kB
Active:          1088700 kB
Inactive:         565444 kB
Active(anon):     676120 kB
Inactive(anon):   178400 kB
Active(file):     412580 kB
Inactive(file):   387044 kB
Unevictable:        3904 kB
Mlocked:               0 kB
SwapTotal:        524284 kB
SwapFree:         520112 kB
Dirty:               452 kB
Writeback:             0 kB
AnonPages:        853356 kB
Mapped:           517456 kB
Shmem:              1044 kB
Slab:             104208 kB
SReclaimable:      31808 kB
SUnreclaim:        72400 kB
KernelStack:       40240 kB
PageTables:        41980 kB
NFS_Unstable:          0 kB
Bounce:                0 kB
WritebackTmp:          0 kB
CommitLimit:     1815632 kB
Committed_AS:   116824160 kB
VmallocTotal:   251658176 kB
VmallocUsed:      122772 kB
VmallocChunk:   251398052 kB
Time pass: 182 sec

---2015-12-15 11:39:31
MemTotal:        2582696 kB
MemFree:          131900 kB
Buffers:            6396 kB
Cached:           798304 kB
SwapCached:           28 kB
Active:          1090440 kB
Inactive:         565420 kB
Active(anon):     677716 kB
Inactive(anon):   178400 kB
Active(file):     412724 kB
Inactive(file):   387020 kB
Unevictable:        3904 kB
Mlocked:               0 kB
SwapTotal:        524284 kB
SwapFree:         520112 kB
Dirty:               596 kB
Writeback:             0 kB
AnonPages:        855184 kB
Mapped:           517700 kB
Shmem:              1044 kB
Slab:             104240 kB
SReclaimable:      31808 kB
SUnreclaim:        72432 kB
KernelStack:       40208 kB
PageTables:        42004 kB
NFS_Unstable:          0 kB
Bounce:                0 kB
WritebackTmp:          0 kB
CommitLimit:     1815632 kB
Committed_AS:   116824104 kB
VmallocTotal:   251658176 kB
VmallocUsed:      122796 kB
VmallocChunk:   251398052 kB
Time pass: 186 sec

---2015-12-15 11:39:31
MemTotal:        2582696 kB
MemFree:          129824 kB
Buffers:            6396 kB
Cached:           800248 kB
SwapCached:           28 kB
Active:          1090656 kB
Inactive:         567352 kB
Active(anon):     677932 kB
Inactive(anon):   178400 kB
Active(file):     412724 kB
Inactive(file):   388952 kB
Unevictable:        3904 kB
Mlocked:               0 kB
SwapTotal:        524284 kB
SwapFree:         520112 kB
Dirty:               440 kB
Writeback:             0 kB
AnonPages:        855312 kB
Mapped:           518036 kB
Shmem:              1044 kB
Slab:             104296 kB
SReclaimable:      31808 kB
SUnreclaim:        72488 kB
KernelStack:       40208 kB
PageTables:        41972 kB
NFS_Unstable:          0 kB
Bounce:                0 kB
WritebackTmp:          0 kB
CommitLimit:     1815632 kB
Committed_AS:   116824088 kB
VmallocTotal:   251658176 kB
VmallocUsed:      122796 kB
VmallocChunk:   251398052 kB
Time pass: 190 sec

---2015-12-15 11:39:31
MemTotal:        2582696 kB
MemFree:          113808 kB
Buffers:            6396 kB
Cached:           796072 kB
SwapCached:           28 kB
Active:          1088172 kB
Inactive:         567344 kB
Active(anon):     680000 kB
Inactive(anon):   177996 kB
Active(file):     408172 kB
Inactive(file):   389348 kB
Unevictable:        3904 kB
Mlocked:               0 kB
SwapTotal:        524284 kB
SwapFree:         519780 kB
Dirty:              1156 kB
Writeback:             0 kB
AnonPages:        856928 kB
Mapped:           521556 kB
Shmem:              1044 kB
Slab:             104372 kB
SReclaimable:      31808 kB
SUnreclaim:        72564 kB
KernelStack:       40224 kB
PageTables:        41972 kB
NFS_Unstable:          0 kB
Bounce:                0 kB
WritebackTmp:          0 kB
CommitLimit:     1815632 kB
Committed_AS:   116824620 kB
VmallocTotal:   251658176 kB
VmallocUsed:      122948 kB
VmallocChunk:   251398052 kB
Time pass: 193 sec

---2015-12-15 11:39:31
MemTotal:        2582696 kB
MemFree:          116668 kB
Buffers:            6396 kB
Cached:           796076 kB
SwapCached:           28 kB
Active:          1087220 kB
Inactive:         565564 kB
Active(anon):     677264 kB
Inactive(anon):   177996 kB
Active(file):     409956 kB
Inactive(file):   387568 kB
Unevictable:        3904 kB
Mlocked:               0 kB
SwapTotal:        524284 kB
SwapFree:         519780 kB
Dirty:               636 kB
Writeback:             0 kB
AnonPages:        854164 kB
Mapped:           521564 kB
Shmem:              1044 kB
Slab:             104496 kB
SReclaimable:      31920 kB
SUnreclaim:        72576 kB
KernelStack:       40224 kB
PageTables:        41972 kB
NFS_Unstable:          0 kB
Bounce:                0 kB
WritebackTmp:          0 kB
CommitLimit:     1815632 kB
Committed_AS:   116824652 kB
VmallocTotal:   251658176 kB
VmallocUsed:      122948 kB
VmallocChunk:   251398052 kB
Time pass: 197 sec

---2015-12-15 11:39:31
MemTotal:        2582696 kB
MemFree:          116816 kB
Buffers:            6396 kB
Cached:           796084 kB
SwapCached:           28 kB
Active:          1087388 kB
Inactive:         565460 kB
Active(anon):     677320 kB
Inactive(anon):   177996 kB
Active(file):     410068 kB
Inactive(file):   387464 kB
Unevictable:        3904 kB
Mlocked:               0 kB
SwapTotal:        524284 kB
SwapFree:         519780 kB
Dirty:               636 kB
Writeback:             0 kB
AnonPages:        854168 kB
Mapped:           521512 kB
Shmem:              1044 kB
Slab:             104392 kB
SReclaimable:      31920 kB
SUnreclaim:        72472 kB
KernelStack:       40224 kB
PageTables:        41952 kB
NFS_Unstable:          0 kB
Bounce:                0 kB
WritebackTmp:          0 kB
CommitLimit:     1815632 kB
Committed_AS:   116824736 kB
VmallocTotal:   251658176 kB
VmallocUsed:      122948 kB
VmallocChunk:   251398052 kB
Time pass: 201 sec

---2015-12-15 11:39:31
MemTotal:        2582696 kB
MemFree:          114528 kB
Buffers:            6396 kB
Cached:           791708 kB
SwapCached:           28 kB
Active:          1095504 kB
Inactive:         564756 kB
Active(anon):     689668 kB
Inactive(anon):   177596 kB
Active(file):     405836 kB
Inactive(file):   387160 kB
Unevictable:        3904 kB
Mlocked:               0 kB
SwapTotal:        524284 kB
SwapFree:         519320 kB
Dirty:               772 kB
Writeback:             0 kB
AnonPages:        866352 kB
Mapped:           524796 kB
Shmem:              1204 kB
Slab:             104560 kB
SReclaimable:      31972 kB
SUnreclaim:        72588 kB
KernelStack:       40640 kB
PageTables:        42336 kB
NFS_Unstable:          0 kB
Bounce:                0 kB
WritebackTmp:          0 kB
CommitLimit:     1815632 kB
Committed_AS:   116852460 kB
VmallocTotal:   251658176 kB
VmallocUsed:      125488 kB
VmallocChunk:   251398052 kB
Time pass: 205 sec

---2015-12-15 11:39:31
MemTotal:        2582696 kB
MemFree:          112564 kB
Buffers:            6396 kB
Cached:           782292 kB
SwapCached:           28 kB
Active:          1092052 kB
Inactive:         561248 kB
Active(anon):     693592 kB
Inactive(anon):   176460 kB
Active(file):     398460 kB
Inactive(file):   384788 kB
Unevictable:        3904 kB
Mlocked:               0 kB
SwapTotal:        524284 kB
SwapFree:         518476 kB
Dirty:               772 kB
Writeback:             0 kB
AnonPages:        868584 kB
Mapped:           525596 kB
Shmem:              1336 kB
Slab:             104704 kB
SReclaimable:      31988 kB
SUnreclaim:        72716 kB
KernelStack:       40608 kB
PageTables:        42456 kB
NFS_Unstable:          0 kB
Bounce:                0 kB
WritebackTmp:          0 kB
CommitLimit:     1815632 kB
Committed_AS:   116852424 kB
VmallocTotal:   251658176 kB
VmallocUsed:      125500 kB
VmallocChunk:   251398052 kB
Time pass: 209 sec

---2015-12-15 11:39:31
MemTotal:        2582696 kB
MemFree:          109780 kB
Buffers:            6396 kB
Cached:           783552 kB
SwapCached:           28 kB
Active:          1092328 kB
Inactive:         562840 kB
Active(anon):     694008 kB
Inactive(anon):   176572 kB
Active(file):     398320 kB
Inactive(file):   386268 kB
Unevictable:        3920 kB
Mlocked:               0 kB
SwapTotal:        524284 kB
SwapFree:         518476 kB
Dirty:               688 kB
Writeback:             0 kB
AnonPages:        869232 kB
Mapped:           525904 kB
Shmem:              1440 kB
Slab:             104716 kB
SReclaimable:      31988 kB
SUnreclaim:        72728 kB
KernelStack:       40640 kB
PageTables:        42476 kB
NFS_Unstable:          0 kB
Bounce:                0 kB
WritebackTmp:          0 kB
CommitLimit:     1815632 kB
Committed_AS:   116852556 kB
VmallocTotal:   251658176 kB
VmallocUsed:      125512 kB
VmallocChunk:   251398052 kB
Time pass: 213 sec

---2015-12-15 11:39:31
MemTotal:        2582696 kB
MemFree:          108448 kB
Buffers:            6396 kB
Cached:           783160 kB
SwapCached:           28 kB
Active:          1094496 kB
Inactive:         562440 kB
Active(anon):     696164 kB
Inactive(anon):   176176 kB
Active(file):     398332 kB
Inactive(file):   386264 kB
Unevictable:        3920 kB
Mlocked:               0 kB
SwapTotal:        524284 kB
SwapFree:         518476 kB
Dirty:               696 kB
Writeback:             0 kB
AnonPages:        871344 kB
Mapped:           525356 kB
Shmem:              1040 kB
Slab:             104776 kB
SReclaimable:      31988 kB
SUnreclaim:        72788 kB
KernelStack:       40400 kB
PageTables:        42080 kB
NFS_Unstable:          0 kB
Bounce:                0 kB
WritebackTmp:          0 kB
CommitLimit:     1815632 kB
Committed_AS:   116825288 kB
VmallocTotal:   251658176 kB
VmallocUsed:      125404 kB
VmallocChunk:   251398052 kB
Time pass: 217 sec

---2015-12-15 11:39:31
MemTotal:        2582696 kB
MemFree:          109948 kB
Buffers:            6396 kB
Cached:           778344 kB
SwapCached:           28 kB
Active:          1099232 kB
Inactive:         559736 kB
Active(anon):     703580 kB
Inactive(anon):   175784 kB
Active(file):     395652 kB
Inactive(file):   383952 kB
Unevictable:        3920 kB
Mlocked:               0 kB
SwapTotal:        524284 kB
SwapFree:         517980 kB
Dirty:               692 kB
Writeback:             0 kB
AnonPages:        878152 kB
Mapped:           525144 kB
Shmem:              1216 kB
Slab:             104964 kB
SReclaimable:      31988 kB
SUnreclaim:        72976 kB
KernelStack:       40640 kB
PageTables:        42252 kB
NFS_Unstable:          0 kB
Bounce:                0 kB
WritebackTmp:          0 kB
CommitLimit:     1815632 kB
Committed_AS:   116861640 kB
VmallocTotal:   251658176 kB
VmallocUsed:      125492 kB
VmallocChunk:   251398052 kB
Time pass: 221 sec

---2015-12-15 11:39:31
MemTotal:        2582696 kB
MemFree:          109524 kB
Buffers:            6396 kB
Cached:           769144 kB
SwapCached:           28 kB
Active:          1094744 kB
Inactive:         554596 kB
Active(anon):     703268 kB
Inactive(anon):   175888 kB
Active(file):     391476 kB
Inactive(file):   378708 kB
Unevictable:        3920 kB
Mlocked:               0 kB
SwapTotal:        524284 kB
SwapFree:         517000 kB
Dirty:               692 kB
Writeback:             0 kB
AnonPages:        877788 kB
Mapped:           525168 kB
Shmem:              1436 kB
Slab:             104536 kB
SReclaimable:      31812 kB
SUnreclaim:        72724 kB
KernelStack:       40656 kB
PageTables:        42376 kB
NFS_Unstable:          0 kB
Bounce:                0 kB
WritebackTmp:          0 kB
CommitLimit:     1815632 kB
Committed_AS:   116861740 kB
VmallocTotal:   251658176 kB
VmallocUsed:      125500 kB
VmallocChunk:   251398052 kB
Time pass: 225 sec

---2015-12-15 11:39:31
MemTotal:        2582696 kB
MemFree:          109176 kB
Buffers:            6396 kB
Cached:           769164 kB
SwapCached:           28 kB
Active:          1093772 kB
Inactive:         554616 kB
Active(anon):     702296 kB
Inactive(anon):   175892 kB
Active(file):     391476 kB
Inactive(file):   378724 kB
Unevictable:        3920 kB
Mlocked:               0 kB
SwapTotal:        524284 kB
SwapFree:         517000 kB
Dirty:               708 kB
Writeback:             0 kB
AnonPages:        876744 kB
Mapped:           525836 kB
Shmem:              1440 kB
Slab:             104396 kB
SReclaimable:      31816 kB
SUnreclaim:        72580 kB
KernelStack:       40656 kB
PageTables:        42440 kB
NFS_Unstable:          0 kB
Bounce:                0 kB
WritebackTmp:          0 kB
CommitLimit:     1815632 kB
Committed_AS:   116861668 kB
VmallocTotal:   251658176 kB
VmallocUsed:      125512 kB
VmallocChunk:   251398052 kB
Time pass: 229 sec

---2015-12-15 11:39:31
MemTotal:        2582696 kB
MemFree:          106800 kB
Buffers:            6404 kB
Cached:           769792 kB
SwapCached:           28 kB
Active:          1096024 kB
Inactive:         555476 kB
Active(anon):     705324 kB
Inactive(anon):   176408 kB
Active(file):     390700 kB
Inactive(file):   379068 kB
Unevictable:        3920 kB
Mlocked:               0 kB
SwapTotal:        524284 kB
SwapFree:         516812 kB
Dirty:               744 kB
Writeback:             0 kB
AnonPages:        879672 kB
Mapped:           527096 kB
Shmem:              2204 kB
Slab:             104408 kB
SReclaimable:      31816 kB
SUnreclaim:        72592 kB
KernelStack:       40640 kB
PageTables:        42460 kB
NFS_Unstable:          0 kB
Bounce:                0 kB
WritebackTmp:          0 kB
CommitLimit:     1815632 kB
Committed_AS:   116876264 kB
VmallocTotal:   251658176 kB
VmallocUsed:      125512 kB
VmallocChunk:   251398052 kB
Time pass: 233 sec

---2015-12-15 11:39:31
MemTotal:        2582696 kB
MemFree:          108032 kB
Buffers:            6444 kB
Cached:           764156 kB
SwapCached:           28 kB
Active:          1104508 kB
Inactive:         563184 kB
Active(anon):     722316 kB
Inactive(anon):   180192 kB
Active(file):     382192 kB
Inactive(file):   382992 kB
Unevictable:        3920 kB
Mlocked:               0 kB
SwapTotal:        524284 kB
SwapFree:         515140 kB
Dirty:               788 kB
Writeback:             0 kB
AnonPages:        901364 kB
Mapped:           533008 kB
Shmem:              1160 kB
Slab:             101848 kB
SReclaimable:      28928 kB
SUnreclaim:        72920 kB
KernelStack:       41632 kB
PageTables:        43256 kB
NFS_Unstable:          0 kB
Bounce:                0 kB
WritebackTmp:          0 kB
CommitLimit:     1815632 kB
Committed_AS:   119916448 kB
VmallocTotal:   251658176 kB
VmallocUsed:      127572 kB
VmallocChunk:   251398052 kB
Time pass: 237 sec

---2015-12-15 11:39:31
MemTotal:        2582696 kB
MemFree:          109368 kB
Buffers:            6444 kB
Cached:           768088 kB
SwapCached:           28 kB
Active:          1109292 kB
Inactive:         567308 kB
Active(anon):     725524 kB
Inactive(anon):   182016 kB
Active(file):     383768 kB
Inactive(file):   385292 kB
Unevictable:        3920 kB
Mlocked:               0 kB
SwapTotal:        524284 kB
SwapFree:         514844 kB
Dirty:               924 kB
Writeback:             0 kB
AnonPages:        906052 kB
Mapped:           518832 kB
Shmem:              1448 kB
Slab:             104988 kB
SReclaimable:      32036 kB
SUnreclaim:        72952 kB
KernelStack:       41376 kB
PageTables:        42540 kB
NFS_Unstable:          0 kB
Bounce:                0 kB
WritebackTmp:          0 kB
CommitLimit:     1815632 kB
Committed_AS:   118143280 kB
VmallocTotal:   251658176 kB
VmallocUsed:      126548 kB
VmallocChunk:   251398052 kB
Time pass: 241 sec

---2015-12-15 11:39:31
MemTotal:        2582696 kB
MemFree:          117744 kB
Buffers:            6444 kB
Cached:           768652 kB
SwapCached:           28 kB
Active:          1100016 kB
Inactive:         567956 kB
Active(anon):     716228 kB
Inactive(anon):   182020 kB
Active(file):     383788 kB
Inactive(file):   385936 kB
Unevictable:        3920 kB
Mlocked:               0 kB
SwapTotal:        524284 kB
SwapFree:         514844 kB
Dirty:               868 kB
Writeback:             4 kB
AnonPages:        896952 kB
Mapped:           518972 kB
Shmem:              1452 kB
Slab:             105280 kB
SReclaimable:      32076 kB
SUnreclaim:        73204 kB
KernelStack:       41344 kB
PageTables:        42652 kB
NFS_Unstable:          0 kB
Bounce:                0 kB
WritebackTmp:          0 kB
CommitLimit:     1815632 kB
Committed_AS:   118146912 kB
VmallocTotal:   251658176 kB
VmallocUsed:      126548 kB
VmallocChunk:   251398052 kB
Time pass: 245 sec

---2015-12-15 11:39:31
MemTotal:        2582696 kB
MemFree:          118540 kB
Buffers:            6444 kB
Cached:           768652 kB
SwapCached:           28 kB
Active:          1101356 kB
Inactive:         567956 kB
Active(anon):     717568 kB
Inactive(anon):   182020 kB
Active(file):     383788 kB
Inactive(file):   385936 kB
Unevictable:        3920 kB
Mlocked:               0 kB
SwapTotal:        524284 kB
SwapFree:         514844 kB
Dirty:               868 kB
Writeback:             0 kB
AnonPages:        898104 kB
Mapped:           518976 kB
Shmem:              1452 kB
Slab:             105076 kB
SReclaimable:      32076 kB
SUnreclaim:        73000 kB
KernelStack:       41376 kB
PageTables:        42656 kB
NFS_Unstable:          0 kB
Bounce:                0 kB
WritebackTmp:          0 kB
CommitLimit:     1815632 kB
Committed_AS:   118146904 kB
VmallocTotal:   251658176 kB
VmallocUsed:      126548 kB
VmallocChunk:   251398052 kB
Time pass: 248 sec

---2015-12-15 11:39:31
MemTotal:        2582696 kB
MemFree:          125592 kB
Buffers:            6444 kB
Cached:           768668 kB
SwapCached:           28 kB
Active:          1096932 kB
Inactive:         566972 kB
Active(anon):     712148 kB
Inactive(anon):   182024 kB
Active(file):     384784 kB
Inactive(file):   384948 kB
Unevictable:        3920 kB
Mlocked:               0 kB
SwapTotal:        524284 kB
SwapFree:         514844 kB
Dirty:               868 kB
Writeback:             0 kB
AnonPages:        892868 kB
Mapped:           512568 kB
Shmem:              1460 kB
Slab:             105048 kB
SReclaimable:      32076 kB
SUnreclaim:        72972 kB
KernelStack:       40640 kB
PageTables:        42204 kB
NFS_Unstable:          0 kB
Bounce:                0 kB
WritebackTmp:          0 kB
CommitLimit:     1815632 kB
Committed_AS:   116916072 kB
VmallocTotal:   251658176 kB
VmallocUsed:      125520 kB
VmallocChunk:   251398052 kB
Time pass: 252 sec

---2015-12-15 11:39:31
MemTotal:        2582696 kB
MemFree:          111588 kB
Buffers:            6444 kB
Cached:           766484 kB
SwapCached:           28 kB
Active:          1113328 kB
Inactive:         565732 kB
Active(anon):     729284 kB
Inactive(anon):   182424 kB
Active(file):     384044 kB
Inactive(file):   383308 kB
Unevictable:        3920 kB
Mlocked:               0 kB
SwapTotal:        524284 kB
SwapFree:         514660 kB
Dirty:               904 kB
Writeback:             0 kB
AnonPages:        909948 kB
Mapped:           518964 kB
Shmem:              1468 kB
Slab:             106412 kB
SReclaimable:      32956 kB
SUnreclaim:        73456 kB
KernelStack:       41648 kB
PageTables:        42716 kB
NFS_Unstable:          0 kB
Bounce:                0 kB
WritebackTmp:          0 kB
CommitLimit:     1815632 kB
Committed_AS:   118155416 kB
VmallocTotal:   251658176 kB
VmallocUsed:      126548 kB
VmallocChunk:   251398052 kB
Time pass: 256 sec

---2015-12-15 11:39:31
MemTotal:        2582696 kB
MemFree:          112008 kB
Buffers:            6444 kB
Cached:           766528 kB
SwapCached:           28 kB
Active:          1114276 kB
Inactive:         565752 kB
Active(anon):     730224 kB
Inactive(anon):   182228 kB
Active(file):     384052 kB
Inactive(file):   383524 kB
Unevictable:        3920 kB
Mlocked:               0 kB
SwapTotal:        524284 kB
SwapFree:         514660 kB
Dirty:               900 kB
Writeback:             0 kB
AnonPages:        911140 kB
Mapped:           519100 kB
Shmem:              1476 kB
Slab:             106276 kB
SReclaimable:      32760 kB
SUnreclaim:        73516 kB
KernelStack:       41472 kB
PageTables:        42732 kB
NFS_Unstable:          0 kB
Bounce:                0 kB
WritebackTmp:          0 kB
CommitLimit:     1815632 kB
Committed_AS:   118149328 kB
VmallocTotal:   251658176 kB
VmallocUsed:      126508 kB
VmallocChunk:   251398052 kB
Time pass: 260 sec

---2015-12-15 11:39:31
MemTotal:        2582696 kB
MemFree:          114192 kB
Buffers:            6444 kB
Cached:           766508 kB
SwapCached:           28 kB
Active:          1112328 kB
Inactive:         565724 kB
Active(anon):     728268 kB
Inactive(anon):   182208 kB
Active(file):     384060 kB
Inactive(file):   383516 kB
Unevictable:        3920 kB
Mlocked:               0 kB
SwapTotal:        524284 kB
SwapFree:         514660 kB
Dirty:               864 kB
Writeback:             0 kB
AnonPages:        909044 kB
Mapped:           519124 kB
Shmem:              1456 kB
Slab:             106156 kB
SReclaimable:      32760 kB
SUnreclaim:        73396 kB
KernelStack:       41440 kB
PageTables:        42704 kB
NFS_Unstable:          0 kB
Bounce:                0 kB
WritebackTmp:          0 kB
CommitLimit:     1815632 kB
Committed_AS:   118149272 kB
VmallocTotal:   251658176 kB
VmallocUsed:      126508 kB
VmallocChunk:   251398052 kB
Time pass: 264 sec

---2015-12-15 11:39:31
MemTotal:        2582696 kB
MemFree:          122604 kB
Buffers:            6444 kB
Cached:           766508 kB
SwapCached:           28 kB
Active:          1103768 kB
Inactive:         565724 kB
Active(anon):     719708 kB
Inactive(anon):   182208 kB
Active(file):     384060 kB
Inactive(file):   383516 kB
Unevictable:        3920 kB
Mlocked:               0 kB
SwapTotal:        524284 kB
SwapFree:         514660 kB
Dirty:               868 kB
Writeback:             0 kB
AnonPages:        900320 kB
Mapped:           519136 kB
Shmem:              1456 kB
Slab:             106132 kB
SReclaimable:      32760 kB
SUnreclaim:        73372 kB
KernelStack:       41472 kB
PageTables:        42704 kB
NFS_Unstable:          0 kB
Bounce:                0 kB
WritebackTmp:          0 kB
CommitLimit:     1815632 kB
Committed_AS:   118149296 kB
VmallocTotal:   251658176 kB
VmallocUsed:      126508 kB
VmallocChunk:   251398052 kB
Time pass: 268 sec

---2015-12-15 11:39:31
MemTotal:        2582696 kB
MemFree:          133476 kB
Buffers:            6444 kB
Cached:           766624 kB
SwapCached:           28 kB
Active:          1100840 kB
Inactive:         558884 kB
Active(anon):     709824 kB
Inactive(anon):   182208 kB
Active(file):     391016 kB
Inactive(file):   376676 kB
Unevictable:        3920 kB
Mlocked:               0 kB
SwapTotal:        524284 kB
SwapFree:         514660 kB
Dirty:               868 kB
Writeback:             0 kB
AnonPages:        890572 kB
Mapped:           512384 kB
Shmem:              1456 kB
Slab:             106072 kB
SReclaimable:      32660 kB
SUnreclaim:        73412 kB
KernelStack:       40912 kB
PageTables:        42232 kB
NFS_Unstable:          0 kB
Bounce:                0 kB
WritebackTmp:          0 kB
CommitLimit:     1815632 kB
Committed_AS:   116897424 kB
VmallocTotal:   251658176 kB
VmallocUsed:      125488 kB
VmallocChunk:   251398052 kB
Time pass: 271 sec

---2015-12-15 11:39:31
MemTotal:        2582696 kB
MemFree:          124292 kB
Buffers:            6444 kB
Cached:           767904 kB
SwapCached:           28 kB
Active:          1106788 kB
Inactive:         560060 kB
Active(anon):     715676 kB
Inactive(anon):   182460 kB
Active(file):     391112 kB
Inactive(file):   377600 kB
Unevictable:        3920 kB
Mlocked:               0 kB
SwapTotal:        524284 kB
SwapFree:         514660 kB
Dirty:               880 kB
Writeback:             0 kB
AnonPages:        896568 kB
Mapped:           519380 kB
Shmem:              1720 kB
Slab:             106080 kB
SReclaimable:      32672 kB
SUnreclaim:        73408 kB
KernelStack:       41648 kB
PageTables:        42500 kB
NFS_Unstable:          0 kB
Bounce:                0 kB
WritebackTmp:          0 kB
CommitLimit:     1815632 kB
Committed_AS:   118148072 kB
VmallocTotal:   251658176 kB
VmallocUsed:      126548 kB
VmallocChunk:   251398052 kB
Time pass: 275 sec

---2015-12-15 11:39:31
MemTotal:        2582696 kB
MemFree:          128520 kB
Buffers:            6444 kB
Cached:           767964 kB
SwapCached:           28 kB
Active:          1102952 kB
Inactive:         560120 kB
Active(anon):     711844 kB
Inactive(anon):   182476 kB
Active(file):     391108 kB
Inactive(file):   377644 kB
Unevictable:        3920 kB
Mlocked:               0 kB
SwapTotal:        524284 kB
SwapFree:         514660 kB
Dirty:               896 kB
Writeback:             0 kB
AnonPages:        892616 kB
Mapped:           519756 kB
Shmem:              1736 kB
Slab:             106156 kB
SReclaimable:      32652 kB
SUnreclaim:        73504 kB
KernelStack:       41600 kB
PageTables:        42760 kB
NFS_Unstable:          0 kB
Bounce:                0 kB
WritebackTmp:          0 kB
CommitLimit:     1815632 kB
Committed_AS:   118156520 kB
VmallocTotal:   251658176 kB
VmallocUsed:      126508 kB
VmallocChunk:   251398052 kB
Time pass: 279 sec

---2015-12-15 11:39:31
MemTotal:        2582696 kB
MemFree:          136768 kB
Buffers:            6444 kB
Cached:           768012 kB
SwapCached:           28 kB
Active:          1094580 kB
Inactive:         560160 kB
Active(anon):     703464 kB
Inactive(anon):   182504 kB
Active(file):     391116 kB
Inactive(file):   377656 kB
Unevictable:        3920 kB
Mlocked:               0 kB
SwapTotal:        524284 kB
SwapFree:         514660 kB
Dirty:               868 kB
Writeback:             0 kB
AnonPages:        884236 kB
Mapped:           519840 kB
Shmem:              1764 kB
Slab:             106228 kB
SReclaimable:      32652 kB
SUnreclaim:        73576 kB
KernelStack:       41600 kB
PageTables:        42756 kB
NFS_Unstable:          0 kB
Bounce:                0 kB
WritebackTmp:          0 kB
CommitLimit:     1815632 kB
Committed_AS:   118156496 kB
VmallocTotal:   251658176 kB
VmallocUsed:      126508 kB
VmallocChunk:   251398052 kB
Time pass: 283 sec

---2015-12-15 11:39:31
MemTotal:        2582696 kB
MemFree:          135452 kB
Buffers:            6444 kB
Cached:           768044 kB
SwapCached:           28 kB
Active:          1095132 kB
Inactive:         560192 kB
Active(anon):     704016 kB
Inactive(anon):   182504 kB
Active(file):     391116 kB
Inactive(file):   377688 kB
Unevictable:        3920 kB
Mlocked:               0 kB
SwapTotal:        524284 kB
SwapFree:         514660 kB
Dirty:               896 kB
Writeback:             0 kB
AnonPages:        884720 kB
Mapped:           519820 kB
Shmem:              1764 kB
Slab:             106256 kB
SReclaimable:      32652 kB
SUnreclaim:        73604 kB
KernelStack:       41600 kB
PageTables:        42736 kB
NFS_Unstable:          0 kB
Bounce:                0 kB
WritebackTmp:          0 kB
CommitLimit:     1815632 kB
Committed_AS:   118160600 kB
VmallocTotal:   251658176 kB
VmallocUsed:      126508 kB
VmallocChunk:   251398052 kB
Time pass: 287 sec

---2015-12-15 11:39:31
MemTotal:        2582696 kB
MemFree:          144892 kB
Buffers:            6452 kB
Cached:           768036 kB
SwapCached:           28 kB
Active:          1087536 kB
Inactive:         560132 kB
Active(anon):     696360 kB
Inactive(anon):   182504 kB
Active(file):     391176 kB
Inactive(file):   377628 kB
Unevictable:        3920 kB
Mlocked:               0 kB
SwapTotal:        524284 kB
SwapFree:         514660 kB
Dirty:               892 kB
Writeback:             0 kB
AnonPages:        877168 kB
Mapped:           513156 kB
Shmem:              1764 kB
Slab:             106284 kB
SReclaimable:      32652 kB
SUnreclaim:        73632 kB
KernelStack:       40800 kB
PageTables:        42276 kB
NFS_Unstable:          0 kB
Bounce:                0 kB
WritebackTmp:          0 kB
CommitLimit:     1815632 kB
Committed_AS:   116904672 kB
VmallocTotal:   251658176 kB
VmallocUsed:      125488 kB
VmallocChunk:   251398052 kB
Time pass: 291 sec

---2015-12-15 11:39:31
MemTotal:        2582696 kB
MemFree:          125228 kB
Buffers:            6452 kB
Cached:           768108 kB
SwapCached:           28 kB
Active:          1106068 kB
Inactive:         560196 kB
Active(anon):     714888 kB
Inactive(anon):   182504 kB
Active(file):     391180 kB
Inactive(file):   377692 kB
Unevictable:        3920 kB
Mlocked:               0 kB
SwapTotal:        524284 kB
SwapFree:         514660 kB
Dirty:               892 kB
Writeback:             0 kB
AnonPages:        895572 kB
Mapped:           520032 kB
Shmem:              1768 kB
Slab:             106340 kB
SReclaimable:      32652 kB
SUnreclaim:        73688 kB
KernelStack:       42048 kB
PageTables:        42804 kB
NFS_Unstable:          0 kB
Bounce:                0 kB
WritebackTmp:          0 kB
CommitLimit:     1815632 kB
Committed_AS:   118182216 kB
VmallocTotal:   251658176 kB
VmallocUsed:      126516 kB
VmallocChunk:   251398052 kB
Time pass: 295 sec

---2015-12-15 11:39:31
MemTotal:        2582696 kB
MemFree:          125556 kB
Buffers:            6452 kB
Cached:           768112 kB
SwapCached:           28 kB
Active:          1105976 kB
Inactive:         560208 kB
Active(anon):     714800 kB
Inactive(anon):   182520 kB
Active(file):     391176 kB
Inactive(file):   377688 kB
Unevictable:        3920 kB
Mlocked:               0 kB
SwapTotal:        524284 kB
SwapFree:         514660 kB
Dirty:               892 kB
Writeback:             0 kB
AnonPages:        895568 kB
Mapped:           519968 kB
Shmem:              1780 kB
Slab:             106444 kB
SReclaimable:      32648 kB
SUnreclaim:        73796 kB
KernelStack:       41552 kB
PageTables:        42792 kB
NFS_Unstable:          0 kB
Bounce:                0 kB
WritebackTmp:          0 kB
CommitLimit:     1815632 kB
Committed_AS:   118164968 kB
VmallocTotal:   251658176 kB
VmallocUsed:      126508 kB
VmallocChunk:   251398052 kB
Time pass: 299 sec

---2015-12-15 11:39:31
MemTotal:        2582696 kB
MemFree:          125164 kB
Buffers:            6452 kB
Cached:           768148 kB
SwapCached:           28 kB
Active:          1105828 kB
Inactive:         560244 kB
Active(anon):     714652 kB
Inactive(anon):   182520 kB
Active(file):     391176 kB
Inactive(file):   377724 kB
Unevictable:        3920 kB
Mlocked:               0 kB
SwapTotal:        524284 kB
SwapFree:         514660 kB
Dirty:               892 kB
Writeback:             0 kB
AnonPages:        895476 kB
Mapped:           519984 kB
Shmem:              1780 kB
Slab:             106364 kB
SReclaimable:      32648 kB
SUnreclaim:        73716 kB
KernelStack:       41536 kB
PageTables:        42792 kB
NFS_Unstable:          0 kB
Bounce:                0 kB
WritebackTmp:          0 kB
CommitLimit:     1815632 kB
Committed_AS:   118164808 kB
VmallocTotal:   251658176 kB
VmallocUsed:      126508 kB
VmallocChunk:   251398052 kB
Time pass: 303 sec

---2015-12-15 11:39:31
MemTotal:        2582696 kB
MemFree:          124636 kB
Buffers:            6452 kB
Cached:           768148 kB
SwapCached:           28 kB
Active:          1105996 kB
Inactive:         560244 kB
Active(anon):     714820 kB
Inactive(anon):   182520 kB
Active(file):     391176 kB
Inactive(file):   377724 kB
Unevictable:        3920 kB
Mlocked:               0 kB
SwapTotal:        524284 kB
SwapFree:         514660 kB
Dirty:               892 kB
Writeback:             0 kB
AnonPages:        895588 kB
Mapped:           520000 kB
Shmem:              1780 kB
Slab:             106472 kB
SReclaimable:      32648 kB
SUnreclaim:        73824 kB
KernelStack:       41536 kB
PageTables:        42796 kB
NFS_Unstable:          0 kB
Bounce:                0 kB
WritebackTmp:          0 kB
CommitLimit:     1815632 kB
Committed_AS:   118164784 kB
VmallocTotal:   251658176 kB
VmallocUsed:      126508 kB
VmallocChunk:   251398052 kB
Time pass: 307 sec

---2015-12-15 11:39:31
MemTotal:        2582696 kB
MemFree:          133360 kB
Buffers:            6452 kB
Cached:           768148 kB
SwapCached:           28 kB
Active:          1098720 kB
Inactive:         560244 kB
Active(anon):     707544 kB
Inactive(anon):   182520 kB
Active(file):     391176 kB
Inactive(file):   377724 kB
Unevictable:        3920 kB
Mlocked:               0 kB
SwapTotal:        524284 kB
SwapFree:         514660 kB
Dirty:               892 kB
Writeback:             0 kB
AnonPages:        888460 kB
Mapped:           513272 kB
Shmem:              1780 kB
Slab:             106464 kB
SReclaimable:      32648 kB
SUnreclaim:        73816 kB
KernelStack:       40704 kB
PageTables:        42316 kB
NFS_Unstable:          0 kB
Bounce:                0 kB
WritebackTmp:          0 kB
CommitLimit:     1815632 kB
Committed_AS:   116912736 kB
VmallocTotal:   251658176 kB
VmallocUsed:      125488 kB
VmallocChunk:   251398052 kB
Time pass: 311 sec

---2015-12-15 11:39:31
MemTotal:        2582696 kB
MemFree:          119784 kB
Buffers:            6452 kB
Cached:           768240 kB
SwapCached:           28 kB
Active:          1109992 kB
Inactive:         560344 kB
Active(anon):     718824 kB
Inactive(anon):   182528 kB
Active(file):     391168 kB
Inactive(file):   377816 kB
Unevictable:        3920 kB
Mlocked:               0 kB
SwapTotal:        524284 kB
SwapFree:         514660 kB
Dirty:               916 kB
Writeback:             0 kB
AnonPages:        899492 kB
Mapped:           519876 kB
Shmem:              1788 kB
Slab:             106648 kB
SReclaimable:      32680 kB
SUnreclaim:        73968 kB
KernelStack:       41456 kB
PageTables:        42780 kB
NFS_Unstable:          0 kB
Bounce:                0 kB
WritebackTmp:          0 kB
CommitLimit:     1815632 kB
Committed_AS:   118173224 kB
VmallocTotal:   251658176 kB
VmallocUsed:      126508 kB
VmallocChunk:   251398052 kB
Time pass: 315 sec

---2015-12-15 11:39:31
MemTotal:        2582696 kB
MemFree:          121084 kB
Buffers:            6452 kB
Cached:           768260 kB
SwapCached:           28 kB
Active:          1109260 kB
Inactive:         560356 kB
Active(anon):     718084 kB
Inactive(anon):   182536 kB
Active(file):     391176 kB
Inactive(file):   377820 kB
Unevictable:        3920 kB
Mlocked:               0 kB
SwapTotal:        524284 kB
SwapFree:         514660 kB
Dirty:               896 kB
Writeback:             0 kB
AnonPages:        898972 kB
Mapped:           520108 kB
Shmem:              1796 kB
Slab:             106576 kB
SReclaimable:      32680 kB
SUnreclaim:        73896 kB
KernelStack:       41504 kB
PageTables:        42820 kB
NFS_Unstable:          0 kB
Bounce:                0 kB
WritebackTmp:          0 kB
CommitLimit:     1815632 kB
Committed_AS:   118173096 kB
VmallocTotal:   251658176 kB
VmallocUsed:      126508 kB
VmallocChunk:   251398052 kB
Time pass: 319 sec

---2015-12-15 11:39:31
MemTotal:        2582696 kB
MemFree:          120908 kB
Buffers:            6452 kB
Cached:           768312 kB
SwapCached:           28 kB
Active:          1109208 kB
Inactive:         560408 kB
Active(anon):     718032 kB
Inactive(anon):   182588 kB
Active(file):     391176 kB
Inactive(file):   377820 kB
Unevictable:        3920 kB
Mlocked:               0 kB
SwapTotal:        524284 kB
SwapFree:         514660 kB
Dirty:               892 kB
Writeback:             0 kB
AnonPages:        898772 kB
Mapped:           520172 kB
Shmem:              1848 kB
Slab:             106612 kB
SReclaimable:      32696 kB
SUnreclaim:        73916 kB
KernelStack:       41488 kB
PageTables:        42820 kB
NFS_Unstable:          0 kB
Bounce:                0 kB
WritebackTmp:          0 kB
CommitLimit:     1815632 kB
Committed_AS:   118172976 kB
VmallocTotal:   251658176 kB
VmallocUsed:      126508 kB
VmallocChunk:   251398052 kB
Time pass: 323 sec

---2015-12-15 11:39:31
MemTotal:        2582696 kB
MemFree:          121744 kB
Buffers:            6452 kB
Cached:           768312 kB
SwapCached:           28 kB
Active:          1108480 kB
Inactive:         560408 kB
Active(anon):     717304 kB
Inactive(anon):   182588 kB
Active(file):     391176 kB
Inactive(file):   377820 kB
Unevictable:        3920 kB
Mlocked:               0 kB
SwapTotal:        524284 kB
SwapFree:         514660 kB
Dirty:               896 kB
Writeback:             0 kB
AnonPages:        898060 kB
Mapped:           520188 kB
Shmem:              1848 kB
Slab:             106628 kB
SReclaimable:      32696 kB
SUnreclaim:        73932 kB
KernelStack:       41488 kB
PageTables:        42816 kB
NFS_Unstable:          0 kB
Bounce:                0 kB
WritebackTmp:          0 kB
CommitLimit:     1815632 kB
Committed_AS:   118172984 kB
VmallocTotal:   251658176 kB
VmallocUsed:      126508 kB
VmallocChunk:   251398052 kB
Time pass: 327 sec

---2015-12-15 11:39:31
MemTotal:        2582696 kB
MemFree:          132432 kB
Buffers:            6452 kB
Cached:           768564 kB
SwapCached:           28 kB
Active:          1101328 kB
Inactive:         559124 kB
Active(anon):     708616 kB
Inactive(anon):   182640 kB
Active(file):     392712 kB
Inactive(file):   376484 kB
Unevictable:        3920 kB
Mlocked:               0 kB
SwapTotal:        524284 kB
SwapFree:         514660 kB
Dirty:               892 kB
Writeback:             0 kB
AnonPages:        889432 kB
Mapped:           513528 kB
Shmem:              1900 kB
Slab:             106544 kB
SReclaimable:      32692 kB
SUnreclaim:        73852 kB
KernelStack:       40672 kB
PageTables:        42340 kB
NFS_Unstable:          0 kB
Bounce:                0 kB
WritebackTmp:          0 kB
CommitLimit:     1815632 kB
Committed_AS:   116920320 kB
VmallocTotal:   251658176 kB
VmallocUsed:      125488 kB
VmallocChunk:   251398052 kB
Time pass: 332 sec

---2015-12-15 11:39:31
MemTotal:        2582696 kB
MemFree:          120568 kB
Buffers:            6452 kB
Cached:           768848 kB
SwapCached:           28 kB
Active:          1111424 kB
Inactive:         559412 kB
Active(anon):     718716 kB
Inactive(anon):   182648 kB
Active(file):     392708 kB
Inactive(file):   376764 kB
Unevictable:        3920 kB
Mlocked:               0 kB
SwapTotal:        524284 kB
SwapFree:         514660 kB
Dirty:               892 kB
Writeback:             0 kB
AnonPages:        899300 kB
Mapped:           520272 kB
Shmem:              1908 kB
Slab:             106556 kB
SReclaimable:      32724 kB
SUnreclaim:        73832 kB
KernelStack:       41552 kB
PageTables:        42804 kB
NFS_Unstable:          0 kB
Bounce:                0 kB
WritebackTmp:          0 kB
CommitLimit:     1815632 kB
Committed_AS:   118176328 kB
VmallocTotal:   251658176 kB
VmallocUsed:      126548 kB
VmallocChunk:   251398052 kB
Time pass: 335 sec

---2015-12-15 11:39:31
MemTotal:        2582696 kB
MemFree:          128772 kB
Buffers:            6452 kB
Cached:           768848 kB
SwapCached:           28 kB
Active:          1102800 kB
Inactive:         559412 kB
Active(anon):     710092 kB
Inactive(anon):   182648 kB
Active(file):     392708 kB
Inactive(file):   376764 kB
Unevictable:        3920 kB
Mlocked:               0 kB
SwapTotal:        524284 kB
SwapFree:         514660 kB
Dirty:               896 kB
Writeback:             0 kB
AnonPages:        890868 kB
Mapped:           520304 kB
Shmem:              1908 kB
Slab:             106704 kB
SReclaimable:      32724 kB
SUnreclaim:        73980 kB
KernelStack:       41504 kB
PageTables:        42800 kB
NFS_Unstable:          0 kB
Bounce:                0 kB
WritebackTmp:          0 kB
CommitLimit:     1815632 kB
Committed_AS:   118176280 kB
VmallocTotal:   251658176 kB
VmallocUsed:      126548 kB
VmallocChunk:   251398052 kB
Time pass: 340 sec

---2015-12-15 11:39:31
MemTotal:        2582696 kB
MemFree:          127940 kB
Buffers:            6452 kB
Cached:           768848 kB
SwapCached:           28 kB
Active:          1103800 kB
Inactive:         559408 kB
Active(anon):     711088 kB
Inactive(anon):   182648 kB
Active(file):     392712 kB
Inactive(file):   376760 kB
Unevictable:        3920 kB
Mlocked:               0 kB
SwapTotal:        524284 kB
SwapFree:         514660 kB
Dirty:               896 kB
Writeback:             0 kB
AnonPages:        891644 kB
Mapped:           520328 kB
Shmem:              1908 kB
Slab:             106736 kB
SReclaimable:      32724 kB
SUnreclaim:        74012 kB
KernelStack:       41504 kB
PageTables:        42804 kB
NFS_Unstable:          0 kB
Bounce:                0 kB
WritebackTmp:          0 kB
CommitLimit:     1815632 kB
Committed_AS:   118176264 kB
VmallocTotal:   251658176 kB
VmallocUsed:      126548 kB
VmallocChunk:   251398052 kB
Time pass: 343 sec

---2015-12-15 11:39:31
MemTotal:        2582696 kB
MemFree:          127756 kB
Buffers:            6452 kB
Cached:           768880 kB
SwapCached:           28 kB
Active:          1103944 kB
Inactive:         559440 kB
Active(anon):     711232 kB
Inactive(anon):   182660 kB
Active(file):     392712 kB
Inactive(file):   376780 kB
Unevictable:        3920 kB
Mlocked:               0 kB
SwapTotal:        524284 kB
SwapFree:         514660 kB
Dirty:               912 kB
Writeback:             0 kB
AnonPages:        891856 kB
Mapped:           520228 kB
Shmem:              1920 kB
Slab:             106760 kB
SReclaimable:      32724 kB
SUnreclaim:        74036 kB
KernelStack:       41504 kB
PageTables:        42828 kB
NFS_Unstable:          0 kB
Bounce:                0 kB
WritebackTmp:          0 kB
CommitLimit:     1815632 kB
Committed_AS:   118176280 kB
VmallocTotal:   251658176 kB
VmallocUsed:      126548 kB
VmallocChunk:   251398052 kB
Time pass: 347 sec

---2015-12-15 11:39:31
MemTotal:        2582696 kB
MemFree:          134628 kB
Buffers:            6452 kB
Cached:           768892 kB
SwapCached:           28 kB
Active:          1098572 kB
Inactive:         559452 kB
Active(anon):     705860 kB
Inactive(anon):   182668 kB
Active(file):     392712 kB
Inactive(file):   376784 kB
Unevictable:        3920 kB
Mlocked:               0 kB
SwapTotal:        524284 kB
SwapFree:         514660 kB
Dirty:               892 kB
Writeback:             0 kB
AnonPages:        886536 kB
Mapped:           513864 kB
Shmem:              1928 kB
Slab:             106572 kB
SReclaimable:      32724 kB
SUnreclaim:        73848 kB
KernelStack:       40896 kB
PageTables:        42396 kB
NFS_Unstable:          0 kB
Bounce:                0 kB
WritebackTmp:          0 kB
CommitLimit:     1815632 kB
Committed_AS:   116928584 kB
VmallocTotal:   251658176 kB
VmallocUsed:      125488 kB
VmallocChunk:   251398052 kB
Time pass: 351 sec

---2015-12-15 11:39:31
MemTotal:        2582696 kB
MemFree:          117980 kB
Buffers:            6460 kB
Cached:           768912 kB
SwapCached:          184 kB
Active:          1113328 kB
Inactive:         559608 kB
Active(anon):     720608 kB
Inactive(anon):   182820 kB
Active(file):     392720 kB
Inactive(file):   376788 kB
Unevictable:        3920 kB
Mlocked:               0 kB
SwapTotal:        524284 kB
SwapFree:         514676 kB
Dirty:               896 kB
Writeback:             0 kB
AnonPages:        901484 kB
Mapped:           520540 kB
Shmem:              1944 kB
Slab:             106748 kB
SReclaimable:      32756 kB
SUnreclaim:        73992 kB
KernelStack:       41520 kB
PageTables:        42828 kB
NFS_Unstable:          0 kB
Bounce:                0 kB
WritebackTmp:          0 kB
CommitLimit:     1815632 kB
Committed_AS:   118189040 kB
VmallocTotal:   251658176 kB
VmallocUsed:      126508 kB
VmallocChunk:   251398052 kB
Time pass: 355 sec

---2015-12-15 11:39:31
MemTotal:        2582696 kB
MemFree:          117940 kB
Buffers:            6460 kB
Cached:           768912 kB
SwapCached:          184 kB
Active:          1112364 kB
Inactive:         559608 kB
Active(anon):     719644 kB
Inactive(anon):   182820 kB
Active(file):     392720 kB
Inactive(file):   376788 kB
Unevictable:        3920 kB
Mlocked:               0 kB
SwapTotal:        524284 kB
SwapFree:         514676 kB
Dirty:               896 kB
Writeback:             0 kB
AnonPages:        900564 kB
Mapped:           520556 kB
Shmem:              1944 kB
Slab:             106616 kB
SReclaimable:      32756 kB
SUnreclaim:        73860 kB
KernelStack:       41472 kB
PageTables:        42824 kB
NFS_Unstable:          0 kB
Bounce:                0 kB
WritebackTmp:          0 kB
CommitLimit:     1815632 kB
Committed_AS:   118189000 kB
VmallocTotal:   251658176 kB
VmallocUsed:      126508 kB
VmallocChunk:   251398052 kB
Time pass: 359 sec

---2015-12-15 11:39:31
MemTotal:        2582696 kB
MemFree:          117744 kB
Buffers:            6460 kB
Cached:           768912 kB
SwapCached:          184 kB
Active:          1112540 kB
Inactive:         559608 kB
Active(anon):     719820 kB
Inactive(anon):   182820 kB
Active(file):     392720 kB
Inactive(file):   376788 kB
Unevictable:        3920 kB
Mlocked:               0 kB
SwapTotal:        524284 kB
SwapFree:         514676 kB
Dirty:               896 kB
Writeback:             0 kB
AnonPages:        900708 kB
Mapped:           520572 kB
Shmem:              1944 kB
Slab:             106600 kB
SReclaimable:      32756 kB
SUnreclaim:        73844 kB
KernelStack:       41440 kB
PageTables:        42828 kB
NFS_Unstable:          0 kB
Bounce:                0 kB
WritebackTmp:          0 kB
CommitLimit:     1815632 kB
Committed_AS:   118188952 kB
VmallocTotal:   251658176 kB
VmallocUsed:      126508 kB
VmallocChunk:   251398052 kB
Time pass: 363 sec

---2015-12-15 11:39:31
MemTotal:        2582696 kB
MemFree:          126728 kB
Buffers:            6460 kB
Cached:           768912 kB
SwapCached:          184 kB
Active:          1105648 kB
Inactive:         559608 kB
Active(anon):     712928 kB
Inactive(anon):   182820 kB
Active(file):     392720 kB
Inactive(file):   376788 kB
Unevictable:        3920 kB
Mlocked:               0 kB
SwapTotal:        524284 kB
SwapFree:         514676 kB
Dirty:               896 kB
Writeback:             0 kB
AnonPages:        893688 kB
Mapped:           513800 kB
Shmem:              1944 kB
Slab:             106616 kB
SReclaimable:      32756 kB
SUnreclaim:        73860 kB
KernelStack:       41088 kB
PageTables:        42352 kB
NFS_Unstable:          0 kB
Bounce:                0 kB
WritebackTmp:          0 kB
CommitLimit:     1815632 kB
Committed_AS:   116937016 kB
VmallocTotal:   251658176 kB
VmallocUsed:      125488 kB
VmallocChunk:   251398052 kB
Time pass: 367 sec

---2015-12-15 11:39:31
MemTotal:        2582696 kB
MemFree:          116012 kB
Buffers:            6460 kB
Cached:           768912 kB
SwapCached:          184 kB
Active:          1115660 kB
Inactive:         559608 kB
Active(anon):     722940 kB
Inactive(anon):   182820 kB
Active(file):     392720 kB
Inactive(file):   376788 kB
Unevictable:        3920 kB
Mlocked:               0 kB
SwapTotal:        524284 kB
SwapFree:         514676 kB
Dirty:               896 kB
Writeback:             0 kB
AnonPages:        904008 kB
Mapped:           519504 kB
Shmem:              1944 kB
Slab:             106620 kB
SReclaimable:      32756 kB
SUnreclaim:        73864 kB
KernelStack:       40928 kB
PageTables:        42740 kB
NFS_Unstable:          0 kB
Bounce:                0 kB
WritebackTmp:          0 kB
CommitLimit:     1815632 kB
Committed_AS:   118187292 kB
VmallocTotal:   251658176 kB
VmallocUsed:      126508 kB
VmallocChunk:   251398052 kB
Time pass: 371 sec

---2015-12-15 11:39:31
MemTotal:        2582696 kB
MemFree:          107900 kB
Buffers:            6460 kB
Cached:           768920 kB
SwapCached:          184 kB
Active:          1123944 kB
Inactive:         559624 kB
Active(anon):     731232 kB
Inactive(anon):   182828 kB
Active(file):     392712 kB
Inactive(file):   376796 kB
Unevictable:        3920 kB
Mlocked:               0 kB
SwapTotal:        524284 kB
SwapFree:         514676 kB
Dirty:               924 kB
Writeback:             0 kB
AnonPages:        912184 kB
Mapped:           520572 kB
Shmem:              1952 kB
Slab:             106572 kB
SReclaimable:      32804 kB
SUnreclaim:        73768 kB
KernelStack:       41536 kB
PageTables:        42844 kB
NFS_Unstable:          0 kB
Bounce:                0 kB
WritebackTmp:          0 kB
CommitLimit:     1815632 kB
Committed_AS:   118193016 kB
VmallocTotal:   251658176 kB
VmallocUsed:      126548 kB
VmallocChunk:   251398052 kB
Time pass: 375 sec

---2015-12-15 11:39:31
MemTotal:        2582696 kB
MemFree:          107528 kB
Buffers:            6460 kB
Cached:           768920 kB
SwapCached:          184 kB
Active:          1123264 kB
Inactive:         559616 kB
Active(anon):     730544 kB
Inactive(anon):   182828 kB
Active(file):     392720 kB
Inactive(file):   376788 kB
Unevictable:        3920 kB
Mlocked:               0 kB
SwapTotal:        524284 kB
SwapFree:         514676 kB
Dirty:               896 kB
Writeback:             0 kB
AnonPages:        911808 kB
Mapped:           520592 kB
Shmem:              1952 kB
Slab:             106660 kB
SReclaimable:      32804 kB
SUnreclaim:        73856 kB
KernelStack:       41504 kB
PageTables:        42852 kB
NFS_Unstable:          0 kB
Bounce:                0 kB
WritebackTmp:          0 kB
CommitLimit:     1815632 kB
Committed_AS:   118192912 kB
VmallocTotal:   251658176 kB
VmallocUsed:      126548 kB
VmallocChunk:   251398052 kB
Time pass: 378 sec

---2015-12-15 11:39:31
MemTotal:        2582696 kB
MemFree:          106560 kB
Buffers:            6460 kB
Cached:           768920 kB
SwapCached:          184 kB
Active:          1124544 kB
Inactive:         559616 kB
Active(anon):     731824 kB
Inactive(anon):   182828 kB
Active(file):     392720 kB
Inactive(file):   376788 kB
Unevictable:        3920 kB
Mlocked:               0 kB
SwapTotal:        524284 kB
SwapFree:         514676 kB
Dirty:               892 kB
Writeback:             0 kB
AnonPages:        912516 kB
Mapped:           520620 kB
Shmem:              1952 kB
Slab:             106640 kB
SReclaimable:      32804 kB
SUnreclaim:        73836 kB
KernelStack:       41504 kB
PageTables:        42852 kB
NFS_Unstable:          0 kB
Bounce:                0 kB
WritebackTmp:          0 kB
CommitLimit:     1815632 kB
Committed_AS:   118192976 kB
VmallocTotal:   251658176 kB
VmallocUsed:      126548 kB
VmallocChunk:   251398052 kB
Time pass: 382 sec

---2015-12-15 11:39:31
MemTotal:        2582696 kB
MemFree:          111556 kB
Buffers:            6460 kB
Cached:           768920 kB
SwapCached:          184 kB
Active:          1119956 kB
Inactive:         559612 kB
Active(anon):     727236 kB
Inactive(anon):   182828 kB
Active(file):     392720 kB
Inactive(file):   376784 kB
Unevictable:        3920 kB
Mlocked:               0 kB
SwapTotal:        524284 kB
SwapFree:         514676 kB
Dirty:               924 kB
Writeback:             8 kB
AnonPages:        907872 kB
Mapped:           514056 kB
Shmem:              1952 kB
Slab:             106656 kB
SReclaimable:      32804 kB
SUnreclaim:        73852 kB
KernelStack:       41280 kB
