---2015-11-24 11:46:30
MemTotal:        1420824 kB
MemFree:          129416 kB
Buffers:           10856 kB
Cached:           696992 kB
SwapCached:            0 kB
Active:           548520 kB
Inactive:         580296 kB
Active(anon):     375436 kB
Inactive(anon):    46636 kB
Active(file):     173084 kB
Inactive(file):   533660 kB
Unevictable:         292 kB
Mlocked:               0 kB
HighTotal:       1001472 kB
HighFree:          23672 kB
LowTotal:         419352 kB
LowFree:          105744 kB
SwapTotal:        786428 kB
SwapFree:         786428 kB
Dirty:                 0 kB
Writeback:             0 kB
AnonPages:        421256 kB
Mapped:           178728 kB
Shmem:               812 kB
Slab:              42268 kB
SReclaimable:      14864 kB
SUnreclaim:        27404 kB
KernelStack:        9768 kB
PageTables:        15548 kB
NFS_Unstable:          0 kB
Bounce:                0 kB
WritebackTmp:          0 kB
CommitLimit:     1496840 kB
Committed_AS:   22820328 kB
VmallocTotal:     458752 kB
VmallocUsed:       86952 kB
VmallocChunk:     203804 kB
Time pass: 3 sec

---2015-11-24 11:46:30
MemTotal:        1420824 kB
MemFree:          129464 kB
Buffers:           10864 kB
Cached:           696992 kB
SwapCached:            0 kB
Active:           548512 kB
Inactive:         580304 kB
Active(anon):     375428 kB
Inactive(anon):    46636 kB
Active(file):     173084 kB
Inactive(file):   533668 kB
Unevictable:         292 kB
Mlocked:               0 kB
HighTotal:       1001472 kB
HighFree:          23672 kB
LowTotal:         419352 kB
LowFree:          105792 kB
SwapTotal:        786428 kB
SwapFree:         786428 kB
Dirty:                 4 kB
Writeback:             0 kB
AnonPages:        421248 kB
Mapped:           178728 kB
Shmem:               812 kB
Slab:              42204 kB
SReclaimable:      14864 kB
SUnreclaim:        27340 kB
KernelStack:        9784 kB
PageTables:        15548 kB
NFS_Unstable:          0 kB
Bounce:                0 kB
WritebackTmp:          0 kB
CommitLimit:     1496840 kB
Committed_AS:   22820328 kB
VmallocTotal:     458752 kB
VmallocUsed:       86952 kB
VmallocChunk:     203804 kB
Time pass: 7 sec

---2015-11-24 11:46:30
MemTotal:        1420824 kB
MemFree:          129480 kB
Buffers:           10864 kB
Cached:           696992 kB
SwapCached:            0 kB
Active:           548516 kB
Inactive:         580304 kB
Active(anon):     375432 kB
Inactive(anon):    46636 kB
Active(file):     173084 kB
Inactive(file):   533668 kB
Unevictable:         292 kB
Mlocked:               0 kB
HighTotal:       1001472 kB
HighFree:          23672 kB
LowTotal:         419352 kB
LowFree:          105808 kB
SwapTotal:        786428 kB
SwapFree:         786428 kB
Dirty:                 0 kB
Writeback:             0 kB
AnonPages:        421284 kB
Mapped:           178768 kB
Shmem:               812 kB
Slab:              42200 kB
SReclaimable:      14864 kB
SUnreclaim:        27336 kB
KernelStack:        9784 kB
PageTables:        15564 kB
NFS_Unstable:          0 kB
Bounce:                0 kB
WritebackTmp:          0 kB
CommitLimit:     1496840 kB
Committed_AS:   22820328 kB
VmallocTotal:     458752 kB
VmallocUsed:       86952 kB
VmallocChunk:     203804 kB
Time pass: 11 sec

---2015-11-24 11:46:30
MemTotal:        1420824 kB
MemFree:          129300 kB
Buffers:           10864 kB
Cached:           696992 kB
SwapCached:            0 kB
Active:           548500 kB
Inactive:         580304 kB
Active(anon):     375416 kB
Inactive(anon):    46636 kB
Active(file):     173084 kB
Inactive(file):   533668 kB
Unevictable:         292 kB
Mlocked:               0 kB
HighTotal:       1001472 kB
HighFree:          23556 kB
LowTotal:         419352 kB
LowFree:          105744 kB
SwapTotal:        786428 kB
SwapFree:         786428 kB
Dirty:                 0 kB
Writeback:             0 kB
AnonPages:        421252 kB
Mapped:           178768 kB
Shmem:               812 kB
Slab:              42264 kB
SReclaimable:      14864 kB
SUnreclaim:        27400 kB
KernelStack:        9784 kB
PageTables:        15564 kB
NFS_Unstable:          0 kB
Bounce:                0 kB
WritebackTmp:          0 kB
CommitLimit:     1496840 kB
Committed_AS:   22820328 kB
VmallocTotal:     458752 kB
VmallocUsed:       86952 kB
VmallocChunk:     203804 kB
Time pass: 16 sec

---2015-11-24 11:46:30
MemTotal:        1420824 kB
MemFree:          129364 kB
Buffers:           10864 kB
Cached:           696992 kB
SwapCached:            0 kB
Active:           548524 kB
Inactive:         580304 kB
Active(anon):     375440 kB
Inactive(anon):    46636 kB
Active(file):     173084 kB
Inactive(file):   533668 kB
Unevictable:         292 kB
Mlocked:               0 kB
HighTotal:       1001472 kB
HighFree:          23556 kB
LowTotal:         419352 kB
LowFree:          105808 kB
SwapTotal:        786428 kB
SwapFree:         786428 kB
Dirty:                 0 kB
Writeback:             0 kB
AnonPages:        421268 kB
Mapped:           178768 kB
Shmem:               812 kB
Slab:              42200 kB
SReclaimable:      14864 kB
SUnreclaim:        27336 kB
KernelStack:        9784 kB
PageTables:        15564 kB
NFS_Unstable:          0 kB
Bounce:                0 kB
WritebackTmp:          0 kB
CommitLimit:     1496840 kB
Committed_AS:   22820328 kB
VmallocTotal:     458752 kB
VmallocUsed:       86952 kB
VmallocChunk:     203804 kB
Time pass: 19 sec

---2015-11-24 11:46:30
MemTotal:        1420824 kB
MemFree:           96440 kB
Buffers:           11076 kB
Cached:           697128 kB
SwapCached:            0 kB
Active:           568460 kB
Inactive:         580152 kB
Active(anon):     394876 kB
Inactive(anon):    46768 kB
Active(file):     173584 kB
Inactive(file):   533384 kB
Unevictable:         292 kB
Mlocked:               0 kB
HighTotal:       1001472 kB
HighFree:           5088 kB
LowTotal:         419352 kB
LowFree:           91352 kB
SwapTotal:        786428 kB
SwapFree:         786428 kB
Dirty:               880 kB
Writeback:             0 kB
AnonPages:        440560 kB
Mapped:           202136 kB
Shmem:               944 kB
Slab:              42388 kB
SReclaimable:      14916 kB
SUnreclaim:        27472 kB
KernelStack:       10232 kB
PageTables:        16108 kB
NFS_Unstable:          0 kB
Bounce:                0 kB
WritebackTmp:          0 kB
CommitLimit:     1496840 kB
Committed_AS:   23315668 kB
VmallocTotal:     458752 kB
VmallocUsed:       88196 kB
VmallocChunk:     203804 kB
Time pass: 24 sec

---2015-11-24 11:46:30
MemTotal:        1420824 kB
MemFree:           69760 kB
Buffers:           11148 kB
Cached:           697144 kB
SwapCached:            0 kB
Active:           575204 kB
Inactive:         580156 kB
Active(anon):     401508 kB
Inactive(anon):    46768 kB
Active(file):     173696 kB
Inactive(file):   533388 kB
Unevictable:         292 kB
Mlocked:               0 kB
HighTotal:       1001472 kB
HighFree:           5124 kB
LowTotal:         419352 kB
LowFree:           64636 kB
SwapTotal:        786428 kB
SwapFree:         786428 kB
Dirty:               116 kB
Writeback:             0 kB
AnonPages:        447456 kB
Mapped:           205528 kB
Shmem:               944 kB
Slab:              42496 kB
SReclaimable:      14952 kB
SUnreclaim:        27544 kB
KernelStack:       10248 kB
PageTables:        16156 kB
NFS_Unstable:          0 kB
Bounce:                0 kB
WritebackTmp:          0 kB
CommitLimit:     1496840 kB
Committed_AS:   23322700 kB
VmallocTotal:     458752 kB
VmallocUsed:       88308 kB
VmallocChunk:     203804 kB
Time pass: 28 sec

---2015-11-24 11:46:30
MemTotal:        1420824 kB
MemFree:           59384 kB
Buffers:           11168 kB
Cached:           697200 kB
SwapCached:            0 kB
Active:           574176 kB
Inactive:         580132 kB
Active(anon):     400408 kB
Inactive(anon):    46768 kB
Active(file):     173768 kB
Inactive(file):   533364 kB
Unevictable:         292 kB
Mlocked:               0 kB
HighTotal:       1001472 kB
HighFree:           5492 kB
LowTotal:         419352 kB
LowFree:           53892 kB
SwapTotal:        786428 kB
SwapFree:         786428 kB
Dirty:                76 kB
Writeback:             0 kB
AnonPages:        446228 kB
Mapped:           206708 kB
Shmem:               944 kB
Slab:              42440 kB
SReclaimable:      14952 kB
SUnreclaim:        27488 kB
KernelStack:       10248 kB
PageTables:        16184 kB
NFS_Unstable:          0 kB
Bounce:                0 kB
WritebackTmp:          0 kB
CommitLimit:     1496840 kB
Committed_AS:   23320960 kB
VmallocTotal:     458752 kB
VmallocUsed:       88304 kB
VmallocChunk:     203804 kB
Time pass: 31 sec

---2015-11-24 11:46:30
MemTotal:        1420824 kB
MemFree:           45228 kB
Buffers:           11176 kB
Cached:           697232 kB
SwapCached:            0 kB
Active:           582180 kB
Inactive:         579736 kB
Active(anon):     407976 kB
Inactive(anon):    46768 kB
Active(file):     174204 kB
Inactive(file):   532968 kB
Unevictable:         292 kB
Mlocked:               0 kB
HighTotal:       1001472 kB
HighFree:           5024 kB
LowTotal:         419352 kB
LowFree:           40204 kB
SwapTotal:        786428 kB
SwapFree:         786428 kB
Dirty:                84 kB
Writeback:             0 kB
AnonPages:        453840 kB
Mapped:           208308 kB
Shmem:               944 kB
Slab:              42532 kB
SReclaimable:      14964 kB
SUnreclaim:        27568 kB
KernelStack:       10272 kB
PageTables:        16208 kB
NFS_Unstable:          0 kB
Bounce:                0 kB
WritebackTmp:          0 kB
CommitLimit:     1496840 kB
Committed_AS:   23323968 kB
VmallocTotal:     458752 kB
VmallocUsed:       88336 kB
VmallocChunk:     203804 kB
Time pass: 36 sec

---2015-11-24 11:46:30
MemTotal:        1420824 kB
MemFree:           46052 kB
Buffers:           11176 kB
Cached:           697240 kB
SwapCached:            0 kB
Active:           582372 kB
Inactive:         579752 kB
Active(anon):     408176 kB
Inactive(anon):    46768 kB
Active(file):     174196 kB
Inactive(file):   532984 kB
Unevictable:         292 kB
Mlocked:               0 kB
HighTotal:       1001472 kB
HighFree:           5064 kB
LowTotal:         419352 kB
LowFree:           40988 kB
SwapTotal:        786428 kB
SwapFree:         786428 kB
Dirty:                88 kB
Writeback:             0 kB
AnonPages:        454024 kB
Mapped:           208428 kB
Shmem:               944 kB
Slab:              42340 kB
SReclaimable:      14964 kB
SUnreclaim:        27376 kB
KernelStack:       10280 kB
PageTables:        16224 kB
NFS_Unstable:          0 kB
Bounce:                0 kB
WritebackTmp:          0 kB
CommitLimit:     1496840 kB
Committed_AS:   23323968 kB
VmallocTotal:     458752 kB
VmallocUsed:       88304 kB
VmallocChunk:     203804 kB
Time pass: 40 sec

---2015-11-24 11:46:30
MemTotal:        1420824 kB
MemFree:           40352 kB
Buffers:            9224 kB
Cached:           689236 kB
SwapCached:            0 kB
Active:           569248 kB
Inactive:         593396 kB
Active(anon):     394824 kB
Inactive(anon):    70576 kB
Active(file):     174424 kB
Inactive(file):   522820 kB
Unevictable:         292 kB
Mlocked:               0 kB
HighTotal:       1001472 kB
HighFree:           6788 kB
LowTotal:         419352 kB
LowFree:           33564 kB
SwapTotal:        786428 kB
SwapFree:         786428 kB
Dirty:                16 kB
Writeback:             0 kB
AnonPages:        464536 kB
Mapped:           212764 kB
Shmem:               944 kB
Slab:              42668 kB
SReclaimable:      15000 kB
SUnreclaim:        27668 kB
KernelStack:       10320 kB
PageTables:        16252 kB
NFS_Unstable:          0 kB
Bounce:                0 kB
WritebackTmp:          0 kB
CommitLimit:     1496840 kB
Committed_AS:   23336352 kB
VmallocTotal:     458752 kB
VmallocUsed:       88316 kB
VmallocChunk:     203804 kB
Time pass: 47 sec

---2015-11-24 11:46:30
MemTotal:        1420824 kB
MemFree:           40684 kB
Buffers:            7596 kB
Cached:           676412 kB
SwapCached:            0 kB
Active:           538032 kB
Inactive:         613744 kB
Active(anon):     363504 kB
Inactive(anon):   105496 kB
Active(file):     174528 kB
Inactive(file):   508248 kB
Unevictable:         292 kB
Mlocked:               0 kB
HighTotal:       1001472 kB
HighFree:           6944 kB
LowTotal:         419352 kB
LowFree:           33740 kB
SwapTotal:        786428 kB
SwapFree:         786428 kB
Dirty:               424 kB
Writeback:             0 kB
AnonPages:        468036 kB
Mapped:           215172 kB
Shmem:               944 kB
Slab:              42664 kB
SReclaimable:      14972 kB
SUnreclaim:        27692 kB
KernelStack:       10312 kB
PageTables:        16280 kB
NFS_Unstable:          0 kB
Bounce:                0 kB
WritebackTmp:          0 kB
CommitLimit:     1496840 kB
Committed_AS:   23340076 kB
VmallocTotal:     458752 kB
VmallocUsed:       88344 kB
VmallocChunk:     203804 kB
Time pass: 57 sec

---2015-11-24 11:46:30
MemTotal:        1420824 kB
MemFree:           40252 kB
Buffers:            7604 kB
Cached:           677112 kB
SwapCached:            0 kB
Active:           538384 kB
Inactive:         614416 kB
Active(anon):     363844 kB
Inactive(anon):   105476 kB
Active(file):     174540 kB
Inactive(file):   508940 kB
Unevictable:         292 kB
Mlocked:               0 kB
HighTotal:       1001472 kB
HighFree:           5696 kB
LowTotal:         419352 kB
LowFree:           34556 kB
SwapTotal:        786428 kB
SwapFree:         786428 kB
Dirty:                64 kB
Writeback:             0 kB
AnonPages:        468352 kB
Mapped:           215396 kB
Shmem:               944 kB
Slab:              42660 kB
SReclaimable:      14972 kB
SUnreclaim:        27688 kB
KernelStack:       10312 kB
PageTables:        16284 kB
NFS_Unstable:          0 kB
Bounce:                0 kB
WritebackTmp:          0 kB
CommitLimit:     1496840 kB
Committed_AS:   23340568 kB
VmallocTotal:     458752 kB
VmallocUsed:       88344 kB
VmallocChunk:     203804 kB
Time pass: 66 sec

---2015-11-24 11:46:30
MemTotal:        1420824 kB
MemFree:           40856 kB
Buffers:            7612 kB
Cached:           671772 kB
SwapCached:            0 kB
Active:           525080 kB
Inactive:         623308 kB
Active(anon):     350528 kB
Inactive(anon):   119680 kB
Active(file):     174552 kB
Inactive(file):   503628 kB
Unevictable:         292 kB
Mlocked:               0 kB
HighTotal:       1001472 kB
HighFree:           6988 kB
LowTotal:         419352 kB
LowFree:           33868 kB
SwapTotal:        786428 kB
SwapFree:         786428 kB
Dirty:              1216 kB
Writeback:             0 kB
AnonPages:        469392 kB
Mapped:           216296 kB
Shmem:               944 kB
Slab:              42780 kB
SReclaimable:      14972 kB
SUnreclaim:        27808 kB
KernelStack:       10328 kB
PageTables:        16304 kB
NFS_Unstable:          0 kB
Bounce:                0 kB
WritebackTmp:          0 kB
CommitLimit:     1496840 kB
Committed_AS:   23341124 kB
VmallocTotal:     458752 kB
VmallocUsed:       88344 kB
VmallocChunk:     203804 kB
Time pass: 74 sec

---2015-11-24 11:46:30
MemTotal:        1420824 kB
MemFree:           42492 kB
Buffers:            7628 kB
Cached:           668836 kB
SwapCached:            0 kB
Active:           517648 kB
Inactive:         628264 kB
Active(anon):     342200 kB
Inactive(anon):   128492 kB
Active(file):     175448 kB
Inactive(file):   499772 kB
Unevictable:         292 kB
Mlocked:               0 kB
HighTotal:       1001472 kB
HighFree:           7580 kB
LowTotal:         419352 kB
LowFree:           34912 kB
SwapTotal:        786428 kB
SwapFree:         786428 kB
Dirty:               160 kB
Writeback:             0 kB
AnonPages:        469744 kB
Mapped:           217020 kB
Shmem:               944 kB
Slab:              42656 kB
SReclaimable:      14964 kB
SUnreclaim:        27692 kB
KernelStack:       10328 kB
PageTables:        16304 kB
NFS_Unstable:          0 kB
Bounce:                0 kB
WritebackTmp:          0 kB
CommitLimit:     1496840 kB
Committed_AS:   23341560 kB
VmallocTotal:     458752 kB
VmallocUsed:       88312 kB
VmallocChunk:     203804 kB
Time pass: 78 sec

---2015-11-24 11:46:30
MemTotal:        1420824 kB
MemFree:           42368 kB
Buffers:            7636 kB
Cached:           668976 kB
SwapCached:            0 kB
Active:           517672 kB
Inactive:         628420 kB
Active(anon):     342224 kB
Inactive(anon):   128492 kB
Active(file):     175448 kB
Inactive(file):   499928 kB
Unevictable:         292 kB
Mlocked:               0 kB
HighTotal:       1001472 kB
HighFree:           7456 kB
LowTotal:         419352 kB
LowFree:           34912 kB
SwapTotal:        786428 kB
SwapFree:         786428 kB
Dirty:                48 kB
Writeback:             0 kB
AnonPages:        469768 kB
Mapped:           217024 kB
Shmem:               944 kB
Slab:              42656 kB
SReclaimable:      14964 kB
SUnreclaim:        27692 kB
KernelStack:       10312 kB
PageTables:        16296 kB
NFS_Unstable:          0 kB
Bounce:                0 kB
WritebackTmp:          0 kB
CommitLimit:     1496840 kB
Committed_AS:   23341560 kB
VmallocTotal:     458752 kB
VmallocUsed:       88312 kB
VmallocChunk:     203804 kB
Time pass: 82 sec

---2015-11-24 11:46:30
MemTotal:        1420824 kB
MemFree:           43380 kB
Buffers:            7636 kB
Cached:           669012 kB
SwapCached:            0 kB
Active:           516496 kB
Inactive:         628456 kB
Active(anon):     341048 kB
Inactive(anon):   128492 kB
Active(file):     175448 kB
Inactive(file):   499964 kB
Unevictable:         292 kB
Mlocked:               0 kB
HighTotal:       1001472 kB
HighFree:           8452 kB
LowTotal:         419352 kB
LowFree:           34928 kB
SwapTotal:        786428 kB
SwapFree:         786428 kB
Dirty:                 4 kB
Writeback:             0 kB
AnonPages:        468592 kB
Mapped:           217028 kB
Shmem:               944 kB
Slab:              42656 kB
SReclaimable:      14964 kB
SUnreclaim:        27692 kB
KernelStack:       10296 kB
PageTables:        16288 kB
NFS_Unstable:          0 kB
Bounce:                0 kB
WritebackTmp:          0 kB
CommitLimit:     1496840 kB
Committed_AS:   23339936 kB
VmallocTotal:     458752 kB
VmallocUsed:       88312 kB
VmallocChunk:     203804 kB
Time pass: 86 sec

---2015-11-24 11:46:30
MemTotal:        1420824 kB
MemFree:           43332 kB
Buffers:            7636 kB
Cached:           669012 kB
SwapCached:            0 kB
Active:           516532 kB
Inactive:         628452 kB
Active(anon):     341084 kB
Inactive(anon):   128488 kB
Active(file):     175448 kB
Inactive(file):   499964 kB
Unevictable:         292 kB
Mlocked:               0 kB
HighTotal:       1001472 kB
HighFree:           8436 kB
LowTotal:         419352 kB
LowFree:           34896 kB
SwapTotal:        786428 kB
SwapFree:         786428 kB
Dirty:                 4 kB
Writeback:             0 kB
AnonPages:        468616 kB
Mapped:           217092 kB
Shmem:               944 kB
Slab:              42688 kB
SReclaimable:      14964 kB
SUnreclaim:        27724 kB
KernelStack:       10312 kB
PageTables:        16304 kB
NFS_Unstable:          0 kB
Bounce:                0 kB
WritebackTmp:          0 kB
CommitLimit:     1496840 kB
Committed_AS:   23339936 kB
VmallocTotal:     458752 kB
VmallocUsed:       88312 kB
VmallocChunk:     203804 kB
Time pass: 90 sec

---2015-11-24 11:46:30
MemTotal:        1420824 kB
MemFree:           43360 kB
Buffers:            7644 kB
Cached:           669012 kB
SwapCached:            0 kB
Active:           516536 kB
Inactive:         628460 kB
Active(anon):     341088 kB
Inactive(anon):   128488 kB
Active(file):     175448 kB
Inactive(file):   499972 kB
Unevictable:         292 kB
Mlocked:               0 kB
HighTotal:       1001472 kB
HighFree:           8464 kB
LowTotal:         419352 kB
LowFree:           34896 kB
SwapTotal:        786428 kB
SwapFree:         786428 kB
Dirty:                 4 kB
Writeback:             0 kB
AnonPages:        468620 kB
Mapped:           217092 kB
Shmem:               944 kB
Slab:              42688 kB
SReclaimable:      14964 kB
SUnreclaim:        27724 kB
KernelStack:       10312 kB
PageTables:        16304 kB
NFS_Unstable:          0 kB
Bounce:                0 kB
WritebackTmp:          0 kB
CommitLimit:     1496840 kB
Committed_AS:   23339936 kB
VmallocTotal:     458752 kB
VmallocUsed:       88312 kB
VmallocChunk:     203804 kB
Time pass: 94 sec

---2015-11-24 11:46:30
MemTotal:        1420824 kB
MemFree:           40924 kB
Buffers:            7624 kB
Cached:           656216 kB
SwapCached:            0 kB
Active:           479180 kB
Inactive:         659576 kB
Active(anon):     295924 kB
Inactive(anon):   180304 kB
Active(file):     183256 kB
Inactive(file):   479272 kB
Unevictable:         292 kB
Mlocked:               0 kB
HighTotal:       1001472 kB
HighFree:           6808 kB
LowTotal:         419352 kB
LowFree:           34116 kB
SwapTotal:        786428 kB
SwapFree:         786428 kB
Dirty:               516 kB
Writeback:             0 kB
AnonPages:        475356 kB
Mapped:           220432 kB
Shmem:               944 kB
Slab:              42808 kB
SReclaimable:      15000 kB
SUnreclaim:        27808 kB
KernelStack:       10368 kB
PageTables:        16336 kB
NFS_Unstable:          0 kB
Bounce:                0 kB
WritebackTmp:          0 kB
CommitLimit:     1496840 kB
Committed_AS:   23353180 kB
VmallocTotal:     458752 kB
VmallocUsed:       88356 kB
VmallocChunk:     203804 kB
Time pass: 100 sec

---2015-11-24 11:46:30
MemTotal:        1420824 kB
MemFree:           45672 kB
Buffers:            7640 kB
Cached:           656500 kB
SwapCached:            0 kB
Active:           475304 kB
Inactive:         659900 kB
Active(anon):     292004 kB
Inactive(anon):   180304 kB
Active(file):     183300 kB
Inactive(file):   479596 kB
Unevictable:         292 kB
Mlocked:               0 kB
HighTotal:       1001472 kB
HighFree:           7288 kB
LowTotal:         419352 kB
LowFree:           38384 kB
SwapTotal:        786428 kB
SwapFree:         786428 kB
Dirty:                20 kB
Writeback:             0 kB
AnonPages:        471372 kB
Mapped:           219940 kB
Shmem:               944 kB
Slab:              42864 kB
SReclaimable:      15004 kB
SUnreclaim:        27860 kB
KernelStack:       10304 kB
PageTables:        16332 kB
NFS_Unstable:          0 kB
Bounce:                0 kB
WritebackTmp:          0 kB
CommitLimit:     1496840 kB
Committed_AS:   23342080 kB
VmallocTotal:     458752 kB
VmallocUsed:       88388 kB
VmallocChunk:     203804 kB
Time pass: 107 sec

---2015-11-24 11:46:30
MemTotal:        1420824 kB
MemFree:           46652 kB
Buffers:            7640 kB
Cached:           656500 kB
SwapCached:            0 kB
Active:           475392 kB
Inactive:         659908 kB
Active(anon):     292092 kB
Inactive(anon):   180304 kB
Active(file):     183300 kB
Inactive(file):   479604 kB
Unevictable:         292 kB
Mlocked:               0 kB
HighTotal:       1001472 kB
HighFree:           7716 kB
LowTotal:         419352 kB
LowFree:           38936 kB
SwapTotal:        786428 kB
SwapFree:         786428 kB
Dirty:                20 kB
Writeback:             0 kB
AnonPages:        471444 kB
Mapped:           220028 kB
Shmem:               944 kB
Slab:              42820 kB
SReclaimable:      15004 kB
SUnreclaim:        27816 kB
KernelStack:       10296 kB
PageTables:        16332 kB
NFS_Unstable:          0 kB
Bounce:                0 kB
WritebackTmp:          0 kB
CommitLimit:     1496840 kB
Committed_AS:   23342064 kB
VmallocTotal:     458752 kB
VmallocUsed:       88324 kB
VmallocChunk:     203804 kB
Time pass: 111 sec

---2015-11-24 11:46:30
MemTotal:        1420824 kB
MemFree:           46652 kB
Buffers:            7640 kB
Cached:           656500 kB
SwapCached:            0 kB
Active:           475388 kB
Inactive:         659908 kB
Active(anon):     292088 kB
Inactive(anon):   180304 kB
Active(file):     183300 kB
Inactive(file):   479604 kB
Unevictable:         292 kB
Mlocked:               0 kB
HighTotal:       1001472 kB
HighFree:           7716 kB
LowTotal:         419352 kB
LowFree:           38936 kB
SwapTotal:        786428 kB
SwapFree:         786428 kB
Dirty:                 0 kB
Writeback:             0 kB
AnonPages:        471444 kB
Mapped:           219992 kB
Shmem:               944 kB
Slab:              42820 kB
SReclaimable:      15004 kB
SUnreclaim:        27816 kB
KernelStack:       10280 kB
PageTables:        16316 kB
NFS_Unstable:          0 kB
Bounce:                0 kB
WritebackTmp:          0 kB
CommitLimit:     1496840 kB
Committed_AS:   23342064 kB
VmallocTotal:     458752 kB
VmallocUsed:       88324 kB
VmallocChunk:     203804 kB
Time pass: 115 sec

---2015-11-24 11:46:30
MemTotal:        1420824 kB
MemFree:           46720 kB
Buffers:            7640 kB
Cached:           656500 kB
SwapCached:            0 kB
Active:           475592 kB
Inactive:         659892 kB
Active(anon):     292292 kB
Inactive(anon):   180288 kB
Active(file):     183300 kB
Inactive(file):   479604 kB
Unevictable:         292 kB
Mlocked:               0 kB
HighTotal:       1001472 kB
HighFree:           7756 kB
LowTotal:         419352 kB
LowFree:           38964 kB
SwapTotal:        786428 kB
SwapFree:         786428 kB
Dirty:                 4 kB
Writeback:             0 kB
AnonPages:        471684 kB
Mapped:           220040 kB
Shmem:               944 kB
Slab:              42816 kB
SReclaimable:      15004 kB
SUnreclaim:        27812 kB
KernelStack:       10280 kB
PageTables:        16316 kB
NFS_Unstable:          0 kB
Bounce:                0 kB
WritebackTmp:          0 kB
CommitLimit:     1496840 kB
Committed_AS:   23342128 kB
VmallocTotal:     458752 kB
VmallocUsed:       88324 kB
VmallocChunk:     203804 kB
Time pass: 120 sec

---2015-11-24 11:46:30
MemTotal:        1420824 kB
MemFree:           45588 kB
Buffers:            7648 kB
Cached:           656500 kB
SwapCached:            0 kB
Active:           476536 kB
Inactive:         659900 kB
Active(anon):     293236 kB
Inactive(anon):   180288 kB
Active(file):     183300 kB
Inactive(file):   479612 kB
Unevictable:         292 kB
Mlocked:               0 kB
HighTotal:       1001472 kB
HighFree:           6764 kB
LowTotal:         419352 kB
LowFree:           38824 kB
SwapTotal:        786428 kB
SwapFree:         786428 kB
Dirty:                 8 kB
Writeback:             0 kB
AnonPages:        472620 kB
Mapped:           220044 kB
Shmem:               944 kB
Slab:              42816 kB
SReclaimable:      15004 kB
SUnreclaim:        27812 kB
KernelStack:       10280 kB
PageTables:        16316 kB
NFS_Unstable:          0 kB
Bounce:                0 kB
WritebackTmp:          0 kB
CommitLimit:     1496840 kB
Committed_AS:   23350008 kB
VmallocTotal:     458752 kB
VmallocUsed:       88356 kB
VmallocChunk:     203804 kB
Time pass: 125 sec

---2015-11-24 11:46:30
MemTotal:        1420824 kB
MemFree:           43352 kB
Buffers:            7672 kB
Cached:           644232 kB
SwapCached:            0 kB
Active:           452496 kB
Inactive:         682036 kB
Active(anon):     261868 kB
Inactive(anon):   221996 kB
Active(file):     190628 kB
Inactive(file):   460040 kB
Unevictable:         292 kB
Mlocked:               0 kB
HighTotal:       1001472 kB
HighFree:           7944 kB
LowTotal:         419352 kB
LowFree:           35408 kB
SwapTotal:        786428 kB
SwapFree:         786428 kB
Dirty:                 0 kB
Writeback:             0 kB
AnonPages:        482952 kB
Mapped:           221704 kB
Shmem:               944 kB
Slab:              42928 kB
SReclaimable:      15004 kB
SUnreclaim:        27924 kB
KernelStack:       10336 kB
PageTables:        16360 kB
NFS_Unstable:          0 kB
Bounce:                0 kB
WritebackTmp:          0 kB
CommitLimit:     1496840 kB
Committed_AS:   23359620 kB
VmallocTotal:     458752 kB
VmallocUsed:       88372 kB
VmallocChunk:     203804 kB
Time pass: 137 sec

---2015-11-24 11:46:30
MemTotal:        1420824 kB
MemFree:          189672 kB
Buffers:            7692 kB
Cached:           639700 kB
SwapCached:            0 kB
Active:           403484 kB
Inactive:         661704 kB
Active(anon):     186584 kB
Inactive(anon):   232308 kB
Active(file):     216900 kB
Inactive(file):   429396 kB
Unevictable:         292 kB
Mlocked:               0 kB
HighTotal:       1001472 kB
HighFree:          71096 kB
LowTotal:         419352 kB
LowFree:          118576 kB
SwapTotal:        786428 kB
SwapFree:         786428 kB
Dirty:                 8 kB
Writeback:             0 kB
AnonPages:        418080 kB
Mapped:           174216 kB
Shmem:               804 kB
Slab:              42744 kB
SReclaimable:      14984 kB
SUnreclaim:        27760 kB
KernelStack:        9584 kB
PageTables:        15240 kB
NFS_Unstable:          0 kB
Bounce:                0 kB
WritebackTmp:          0 kB
CommitLimit:     1496840 kB
Committed_AS:   22385388 kB
VmallocTotal:     458752 kB
VmallocUsed:       85932 kB
VmallocChunk:     203804 kB
Time pass: 141 sec

---2015-11-24 11:46:30
MemTotal:        1420824 kB
MemFree:          189528 kB
Buffers:            7700 kB
Cached:           639700 kB
SwapCached:            0 kB
Active:           403548 kB
Inactive:         661712 kB
Active(anon):     186648 kB
Inactive(anon):   232308 kB
Active(file):     216900 kB
Inactive(file):   429404 kB
Unevictable:         292 kB
Mlocked:               0 kB
HighTotal:       1001472 kB
HighFree:          70952 kB
LowTotal:         419352 kB
LowFree:          118576 kB
SwapTotal:        786428 kB
SwapFree:         786428 kB
Dirty:                28 kB
Writeback:             0 kB
AnonPages:        418168 kB
Mapped:           174216 kB
Shmem:               804 kB
Slab:              42732 kB
SReclaimable:      14980 kB
SUnreclaim:        27752 kB
KernelStack:        9584 kB
PageTables:        15240 kB
NFS_Unstable:          0 kB
Bounce:                0 kB
WritebackTmp:          0 kB
CommitLimit:     1496840 kB
Committed_AS:   22385388 kB
VmallocTotal:     458752 kB
VmallocUsed:       85932 kB
VmallocChunk:     203804 kB
Time pass: 148 sec

---2015-11-24 11:46:30
MemTotal:        1420824 kB
MemFree:          178096 kB
Buffers:            7824 kB
Cached:           639884 kB
SwapCached:            0 kB
Active:           411432 kB
Inactive:         662272 kB
Active(anon):     194732 kB
Inactive(anon):   232308 kB
Active(file):     216700 kB
Inactive(file):   429964 kB
Unevictable:         292 kB
Mlocked:               0 kB
HighTotal:       1001472 kB
HighFree:          60632 kB
LowTotal:         419352 kB
LowFree:          117464 kB
SwapTotal:        786428 kB
SwapFree:         786428 kB
Dirty:               684 kB
Writeback:             0 kB
AnonPages:        426328 kB
Mapped:           188608 kB
Shmem:               804 kB
Slab:              42656 kB
SReclaimable:      14984 kB
SUnreclaim:        27672 kB
KernelStack:        9704 kB
PageTables:        15584 kB
NFS_Unstable:          0 kB
Bounce:                0 kB
WritebackTmp:          0 kB
CommitLimit:     1496840 kB
Committed_AS:   22864176 kB
VmallocTotal:     458752 kB
VmallocUsed:       87216 kB
VmallocChunk:     203804 kB
Time pass: 154 sec

---2015-11-24 11:46:30
MemTotal:        1420824 kB
MemFree:          110200 kB
Buffers:            7840 kB
Cached:           640360 kB
SwapCached:            0 kB
Active:           435064 kB
Inactive:         662528 kB
Active(anon):     218184 kB
Inactive(anon):   232440 kB
Active(file):     216880 kB
Inactive(file):   430088 kB
Unevictable:         292 kB
Mlocked:               0 kB
HighTotal:       1001472 kB
HighFree:           5176 kB
LowTotal:         419352 kB
LowFree:          105024 kB
SwapTotal:        786428 kB
SwapFree:         786428 kB
Dirty:               716 kB
Writeback:             0 kB
AnonPages:        449816 kB
Mapped:           206008 kB
Shmem:               936 kB
Slab:              42808 kB
SReclaimable:      15048 kB
SUnreclaim:        27760 kB
KernelStack:       10088 kB
PageTables:        15916 kB
NFS_Unstable:          0 kB
Bounce:                0 kB
WritebackTmp:          0 kB
CommitLimit:     1496840 kB
Committed_AS:   22892088 kB
VmallocTotal:     458752 kB
VmallocUsed:       87360 kB
VmallocChunk:     203804 kB
Time pass: 161 sec

---2015-11-24 11:46:30
MemTotal:        1420824 kB
MemFree:           87032 kB
Buffers:            7848 kB
Cached:           641892 kB
SwapCached:            0 kB
Active:           445524 kB
Inactive:         662212 kB
Active(anon):     226728 kB
Inactive(anon):   232440 kB
Active(file):     218796 kB
Inactive(file):   429772 kB
Unevictable:         292 kB
Mlocked:               0 kB
HighTotal:       1001472 kB
HighFree:           5052 kB
LowTotal:         419352 kB
LowFree:           81980 kB
SwapTotal:        786428 kB
SwapFree:         786428 kB
Dirty:              1840 kB
Writeback:             0 kB
AnonPages:        458260 kB
Mapped:           210868 kB
Shmem:               936 kB
Slab:              42848 kB
SReclaimable:      15056 kB
SUnreclaim:        27792 kB
KernelStack:       10136 kB
PageTables:        15980 kB
NFS_Unstable:          0 kB
Bounce:                0 kB
WritebackTmp:          0 kB
CommitLimit:     1496840 kB
Committed_AS:   22900432 kB
VmallocTotal:     458752 kB
VmallocUsed:       87328 kB
VmallocChunk:     203804 kB
Time pass: 165 sec

---2015-11-24 11:46:30
MemTotal:        1420824 kB
MemFree:           78320 kB
Buffers:            7856 kB
Cached:           642456 kB
SwapCached:            0 kB
Active:           448116 kB
Inactive:         660968 kB
Active(anon):     227560 kB
Inactive(anon):   232440 kB
Active(file):     220556 kB
Inactive(file):   428528 kB
Unevictable:         292 kB
Mlocked:               0 kB
HighTotal:       1001472 kB
HighFree:           5140 kB
LowTotal:         419352 kB
LowFree:           73180 kB
SwapTotal:        786428 kB
SwapFree:         786428 kB
Dirty:              1812 kB
Writeback:             0 kB
AnonPages:        459080 kB
Mapped:           211992 kB
Shmem:               936 kB
Slab:              42728 kB
SReclaimable:      15056 kB
SUnreclaim:        27672 kB
KernelStack:       10120 kB
PageTables:        15984 kB
NFS_Unstable:          0 kB
Bounce:                0 kB
WritebackTmp:          0 kB
CommitLimit:     1496840 kB
Committed_AS:   22901212 kB
VmallocTotal:     458752 kB
VmallocUsed:       87308 kB
VmallocChunk:     203804 kB
Time pass: 172 sec

---2015-11-24 11:46:30
MemTotal:        1420824 kB
MemFree:           78296 kB
Buffers:            7856 kB
Cached:           642456 kB
SwapCached:            0 kB
Active:           448176 kB
Inactive:         660968 kB
Active(anon):     227620 kB
Inactive(anon):   232440 kB
Active(file):     220556 kB
Inactive(file):   428528 kB
Unevictable:         292 kB
Mlocked:               0 kB
HighTotal:       1001472 kB
HighFree:           5140 kB
LowTotal:         419352 kB
LowFree:           73156 kB
SwapTotal:        786428 kB
SwapFree:         786428 kB
Dirty:                 0 kB
Writeback:             0 kB
AnonPages:        459132 kB
Mapped:           212056 kB
Shmem:               936 kB
Slab:              42724 kB
SReclaimable:      15052 kB
SUnreclaim:        27672 kB
KernelStack:       10136 kB
PageTables:        16000 kB
NFS_Unstable:          0 kB
Bounce:                0 kB
WritebackTmp:          0 kB
CommitLimit:     1496840 kB
Committed_AS:   22901212 kB
VmallocTotal:     458752 kB
VmallocUsed:       87308 kB
VmallocChunk:     203804 kB
Time pass: 176 sec

---2015-11-24 11:46:30
MemTotal:        1420824 kB
MemFree:           78048 kB
Buffers:            7864 kB
Cached:           642456 kB
SwapCached:            0 kB
Active:           448396 kB
Inactive:         660976 kB
Active(anon):     227840 kB
Inactive(anon):   232440 kB
Active(file):     220556 kB
Inactive(file):   428536 kB
Unevictable:         292 kB
Mlocked:               0 kB
HighTotal:       1001472 kB
HighFree:           5140 kB
LowTotal:         419352 kB
LowFree:           72908 kB
SwapTotal:        786428 kB
SwapFree:         786428 kB
Dirty:                24 kB
Writeback:             0 kB
AnonPages:        459344 kB
Mapped:           212064 kB
Shmem:               936 kB
Slab:              42724 kB
SReclaimable:      15052 kB
SUnreclaim:        27672 kB
KernelStack:       10136 kB
PageTables:        16004 kB
NFS_Unstable:          0 kB
Bounce:                0 kB
WritebackTmp:          0 kB
CommitLimit:     1496840 kB
Committed_AS:   22901276 kB
VmallocTotal:     458752 kB
VmallocUsed:       87308 kB
VmallocChunk:     203804 kB
Time pass: 180 sec

---2015-11-24 11:46:30
MemTotal:        1420824 kB
MemFree:           78032 kB
Buffers:            7864 kB
Cached:           642456 kB
SwapCached:            0 kB
Active:           448452 kB
Inactive:         660976 kB
Active(anon):     227896 kB
Inactive(anon):   232440 kB
Active(file):     220556 kB
Inactive(file):   428536 kB
Unevictable:         292 kB
Mlocked:               0 kB
HighTotal:       1001472 kB
HighFree:           5140 kB
LowTotal:         419352 kB
LowFree:           72892 kB
SwapTotal:        786428 kB
SwapFree:         786428 kB
Dirty:                 4 kB
Writeback:             0 kB
AnonPages:        459424 kB
Mapped:           212084 kB
Shmem:               936 kB
Slab:              42724 kB
SReclaimable:      15052 kB
SUnreclaim:        27672 kB
KernelStack:       10152 kB
PageTables:        16008 kB
NFS_Unstable:          0 kB
Bounce:                0 kB
WritebackTmp:          0 kB
CommitLimit:     1496840 kB
Committed_AS:   22901296 kB
VmallocTotal:     458752 kB
VmallocUsed:       87308 kB
VmallocChunk:     203804 kB
Time pass: 184 sec

---2015-11-24 11:46:30
MemTotal:        1420824 kB
MemFree:           77908 kB
Buffers:            7872 kB
Cached:           642456 kB
SwapCached:            0 kB
Active:           448620 kB
Inactive:         660984 kB
Active(anon):     228064 kB
Inactive(anon):   232440 kB
Active(file):     220556 kB
Inactive(file):   428544 kB
Unevictable:         292 kB
Mlocked:               0 kB
HighTotal:       1001472 kB
HighFree:           5140 kB
LowTotal:         419352 kB
LowFree:           72768 kB
SwapTotal:        786428 kB
SwapFree:         786428 kB
Dirty:                 4 kB
Writeback:             0 kB
AnonPages:        459560 kB
Mapped:           212412 kB
Shmem:               936 kB
Slab:              42724 kB
SReclaimable:      15052 kB
SUnreclaim:        27672 kB
KernelStack:       10136 kB
PageTables:        15992 kB
NFS_Unstable:          0 kB
Bounce:                0 kB
WritebackTmp:          0 kB
CommitLimit:     1496840 kB
Committed_AS:   22901400 kB
VmallocTotal:     458752 kB
VmallocUsed:       87308 kB
VmallocChunk:     203804 kB
Time pass: 189 sec

---2015-11-24 11:46:30
MemTotal:        1420824 kB
MemFree:           77612 kB
Buffers:            7880 kB
Cached:           642456 kB
SwapCached:            0 kB
Active:           448624 kB
Inactive:         660984 kB
Active(anon):     228068 kB
Inactive(anon):   232440 kB
Active(file):     220556 kB
Inactive(file):   428544 kB
Unevictable:         292 kB
Mlocked:               0 kB
HighTotal:       1001472 kB
HighFree:           5140 kB
LowTotal:         419352 kB
LowFree:           72472 kB
SwapTotal:        786428 kB
SwapFree:         786428 kB
Dirty:                 4 kB
Writeback:             0 kB
AnonPages:        459616 kB
Mapped:           212456 kB
Shmem:               936 kB
Slab:              42756 kB
SReclaimable:      15052 kB
SUnreclaim:        27704 kB
KernelStack:       10152 kB
PageTables:        16008 kB
NFS_Unstable:          0 kB
Bounce:                0 kB
WritebackTmp:          0 kB
CommitLimit:     1496840 kB
Committed_AS:   22901400 kB
VmallocTotal:     458752 kB
VmallocUsed:       87308 kB
VmallocChunk:     203804 kB
Time pass: 193 sec

---2015-11-24 11:46:30
MemTotal:        1420824 kB
MemFree:           77628 kB
Buffers:            7880 kB
Cached:           642456 kB
SwapCached:            0 kB
Active:           448656 kB
Inactive:         660992 kB
Active(anon):     228100 kB
Inactive(anon):   232440 kB
Active(file):     220556 kB
Inactive(file):   428552 kB
Unevictable:         292 kB
Mlocked:               0 kB
HighTotal:       1001472 kB
HighFree:           5140 kB
LowTotal:         419352 kB
LowFree:           72488 kB
SwapTotal:        786428 kB
SwapFree:         786428 kB
Dirty:                 4 kB
Writeback:             0 kB
AnonPages:        459616 kB
Mapped:           212456 kB
Shmem:               936 kB
Slab:              42756 kB
SReclaimable:      15052 kB
SUnreclaim:        27704 kB
KernelStack:       10152 kB
PageTables:        16008 kB
NFS_Unstable:          0 kB
Bounce:                0 kB
WritebackTmp:          0 kB
CommitLimit:     1496840 kB
Committed_AS:   22901400 kB
VmallocTotal:     458752 kB
VmallocUsed:       87308 kB
VmallocChunk:     203804 kB
Time pass: 197 sec

---2015-11-24 11:46:30
MemTotal:        1420824 kB
MemFree:           77612 kB
Buffers:            7880 kB
Cached:           642456 kB
SwapCached:            0 kB
Active:           448692 kB
Inactive:         660992 kB
Active(anon):     228136 kB
Inactive(anon):   232440 kB
Active(file):     220556 kB
Inactive(file):   428552 kB
Unevictable:         292 kB
Mlocked:               0 kB
HighTotal:       1001472 kB
HighFree:           5140 kB
LowTotal:         419352 kB
LowFree:           72472 kB
SwapTotal:        786428 kB
SwapFree:         786428 kB
Dirty:                 0 kB
Writeback:             0 kB
AnonPages:        459632 kB
Mapped:           212460 kB
Shmem:               936 kB
Slab:              42756 kB
SReclaimable:      15052 kB
SUnreclaim:        27704 kB
KernelStack:       10152 kB
PageTables:        16008 kB
NFS_Unstable:          0 kB
Bounce:                0 kB
WritebackTmp:          0 kB
CommitLimit:     1496840 kB
Committed_AS:   22901400 kB
VmallocTotal:     458752 kB
VmallocUsed:       87308 kB
VmallocChunk:     203804 kB
Time pass: 200 sec

---2015-11-24 11:46:30
MemTotal:        1420824 kB
MemFree:           73336 kB
Buffers:            7912 kB
Cached:           642644 kB
SwapCached:            0 kB
Active:           451056 kB
Inactive:         660960 kB
Active(anon):     230248 kB
Inactive(anon):   232440 kB
Active(file):     220808 kB
Inactive(file):   428520 kB
Unevictable:         292 kB
Mlocked:               0 kB
HighTotal:       1001472 kB
HighFree:           5152 kB
LowTotal:         419352 kB
LowFree:           68184 kB
SwapTotal:        786428 kB
SwapFree:         786428 kB
Dirty:               276 kB
Writeback:             0 kB
AnonPages:        461756 kB
Mapped:           213424 kB
Shmem:               936 kB
Slab:              42772 kB
SReclaimable:      15060 kB
SUnreclaim:        27712 kB
KernelStack:       10152 kB
PageTables:        16016 kB
NFS_Unstable:          0 kB
Bounce:                0 kB
WritebackTmp:          0 kB
CommitLimit:     1496840 kB
Committed_AS:   22903348 kB
VmallocTotal:     458752 kB
VmallocUsed:       87308 kB
VmallocChunk:     203804 kB
Time pass: 204 sec

---2015-11-24 11:46:30
MemTotal:        1420824 kB
MemFree:           73336 kB
Buffers:            7912 kB
Cached:           642644 kB
SwapCached:            0 kB
Active:           451100 kB
Inactive:         660960 kB
Active(anon):     230292 kB
Inactive(anon):   232440 kB
Active(file):     220808 kB
Inactive(file):   428520 kB
Unevictable:         292 kB
Mlocked:               0 kB
HighTotal:       1001472 kB
HighFree:           5152 kB
LowTotal:         419352 kB
LowFree:           68184 kB
SwapTotal:        786428 kB
SwapFree:         786428 kB
Dirty:                 0 kB
Writeback:             0 kB
AnonPages:        461776 kB
Mapped:           213424 kB
Shmem:               936 kB
Slab:              42772 kB
SReclaimable:      15060 kB
SUnreclaim:        27712 kB
KernelStack:       10152 kB
PageTables:        16016 kB
NFS_Unstable:          0 kB
Bounce:                0 kB
WritebackTmp:          0 kB
CommitLimit:     1496840 kB
Committed_AS:   22903348 kB
VmallocTotal:     458752 kB
VmallocUsed:       87308 kB
VmallocChunk:     203804 kB
Time pass: 208 sec

---2015-11-24 11:46:30
MemTotal:        1420824 kB
MemFree:           48816 kB
Buffers:            7996 kB
Cached:           642808 kB
SwapCached:            0 kB
Active:           466336 kB
Inactive:         661148 kB
Active(anon):     245516 kB
Inactive(anon):   232440 kB
Active(file):     220820 kB
Inactive(file):   428708 kB
Unevictable:         292 kB
Mlocked:               0 kB
HighTotal:       1001472 kB
HighFree:           5048 kB
LowTotal:         419352 kB
LowFree:           43768 kB
SwapTotal:        786428 kB
SwapFree:         786428 kB
Dirty:               628 kB
Writeback:             0 kB
AnonPages:        477104 kB
Mapped:           215572 kB
Shmem:               936 kB
Slab:              43008 kB
SReclaimable:      15064 kB
SUnreclaim:        27944 kB
KernelStack:       10360 kB
PageTables:        16344 kB
NFS_Unstable:          0 kB
Bounce:                0 kB
WritebackTmp:          0 kB
CommitLimit:     1496840 kB
Committed_AS:   23349588 kB
VmallocTotal:     458752 kB
VmallocUsed:       88436 kB
VmallocChunk:     203804 kB
Time pass: 211 sec

---2015-11-24 11:46:30
MemTotal:        1420824 kB
MemFree:           50452 kB
Buffers:            7996 kB
Cached:           642784 kB
SwapCached:            0 kB
Active:           466416 kB
Inactive:         661168 kB
Active(anon):     245596 kB
Inactive(anon):   232436 kB
Active(file):     220820 kB
Inactive(file):   428732 kB
Unevictable:         292 kB
Mlocked:               0 kB
HighTotal:       1001472 kB
HighFree:           5476 kB
LowTotal:         419352 kB
LowFree:           44976 kB
SwapTotal:        786428 kB
SwapFree:         786428 kB
Dirty:                 0 kB
Writeback:             0 kB
AnonPages:        477072 kB
Mapped:           213900 kB
Shmem:               936 kB
Slab:              42832 kB
SReclaimable:      15040 kB
SUnreclaim:        27792 kB
KernelStack:        9888 kB
PageTables:        16128 kB
NFS_Unstable:          0 kB
Bounce:                0 kB
WritebackTmp:          0 kB
CommitLimit:     1496840 kB
Committed_AS:   22914648 kB
VmallocTotal:     458752 kB
VmallocUsed:       87320 kB
VmallocChunk:     203804 kB
Time pass: 215 sec

---2015-11-24 11:46:30
MemTotal:        1420824 kB
MemFree:           50204 kB
Buffers:            8004 kB
Cached:           642784 kB
SwapCached:            0 kB
Active:           466484 kB
Inactive:         661176 kB
Active(anon):     245664 kB
Inactive(anon):   232436 kB
Active(file):     220820 kB
Inactive(file):   428740 kB
Unevictable:         292 kB
Mlocked:               0 kB
HighTotal:       1001472 kB
HighFree:           5220 kB
LowTotal:         419352 kB
LowFree:           44984 kB
SwapTotal:        786428 kB
SwapFree:         786428 kB
Dirty:                 8 kB
Writeback:             0 kB
AnonPages:        477156 kB
Mapped:           213900 kB
Shmem:               936 kB
Slab:              42828 kB
SReclaimable:      15040 kB
SUnreclaim:        27788 kB
KernelStack:        9880 kB
PageTables:        16128 kB
NFS_Unstable:          0 kB
Bounce:                0 kB
WritebackTmp:          0 kB
CommitLimit:     1496840 kB
Committed_AS:   22914632 kB
VmallocTotal:     458752 kB
VmallocUsed:       87320 kB
VmallocChunk:     203804 kB
Time pass: 218 sec

---2015-11-24 11:46:30
MemTotal:        1420824 kB
MemFree:           38872 kB
Buffers:            8024 kB
Cached:           634528 kB
SwapCached:            0 kB
Active:           457588 kB
Inactive:         661784 kB
Active(anon):     234564 kB
Inactive(anon):   243740 kB
Active(file):     223024 kB
Inactive(file):   418044 kB
Unevictable:         292 kB
Mlocked:               0 kB
HighTotal:       1001472 kB
HighFree:           6756 kB
LowTotal:         419352 kB
LowFree:           32116 kB
SwapTotal:        786428 kB
SwapFree:         786428 kB
Dirty:               112 kB
Writeback:             0 kB
AnonPages:        477392 kB
Mapped:           210700 kB
Shmem:               996 kB
Slab:              42960 kB
SReclaimable:      15040 kB
SUnreclaim:        27920 kB
KernelStack:        9920 kB
PageTables:        16260 kB
NFS_Unstable:          0 kB
Bounce:                0 kB
WritebackTmp:          0 kB
CommitLimit:     1496840 kB
Committed_AS:   22928012 kB
VmallocTotal:     458752 kB
VmallocUsed:       89852 kB
VmallocChunk:     203804 kB
Time pass: 223 sec

---2015-11-24 11:46:30
MemTotal:        1420824 kB
MemFree:           40420 kB
Buffers:            8036 kB
Cached:           634628 kB
SwapCached:            0 kB
Active:           458088 kB
Inactive:         662000 kB
Active(anon):     234992 kB
Inactive(anon):   243832 kB
Active(file):     223096 kB
Inactive(file):   418168 kB
Unevictable:         292 kB
Mlocked:               0 kB
HighTotal:       1001472 kB
HighFree:           7036 kB
LowTotal:         419352 kB
LowFree:           33384 kB
SwapTotal:        786428 kB
SwapFree:         786428 kB
Dirty:                32 kB
Writeback:             0 kB
AnonPages:        477732 kB
Mapped:           210728 kB
Shmem:              1108 kB
Slab:              42980 kB
SReclaimable:      15040 kB
SUnreclaim:        27940 kB
KernelStack:       10056 kB
PageTables:        16216 kB
NFS_Unstable:          0 kB
Bounce:                0 kB
WritebackTmp:          0 kB
CommitLimit:     1496840 kB
Committed_AS:   22931492 kB
VmallocTotal:     458752 kB
VmallocUsed:       89756 kB
VmallocChunk:     203804 kB
Time pass: 232 sec

---2015-11-24 11:46:30
MemTotal:        1420824 kB
MemFree:           40032 kB
Buffers:            8060 kB
Cached:           634628 kB
SwapCached:            0 kB
Active:           458412 kB
Inactive:         662024 kB
Active(anon):     235316 kB
Inactive(anon):   243832 kB
Active(file):     223096 kB
Inactive(file):   418192 kB
Unevictable:         292 kB
Mlocked:               0 kB
HighTotal:       1001472 kB
HighFree:           6544 kB
LowTotal:         419352 kB
LowFree:           33488 kB
SwapTotal:        786428 kB
SwapFree:         786428 kB
Dirty:                 0 kB
Writeback:             0 kB
AnonPages:        478016 kB
Mapped:           210728 kB
Shmem:              1108 kB
Slab:              42896 kB
SReclaimable:      15040 kB
SUnreclaim:        27856 kB
KernelStack:       10048 kB
PageTables:        16216 kB
NFS_Unstable:          0 kB
Bounce:                0 kB
WritebackTmp:          0 kB
CommitLimit:     1496840 kB
Committed_AS:   22931568 kB
VmallocTotal:     458752 kB
VmallocUsed:       89736 kB
VmallocChunk:     203804 kB
Time pass: 242 sec

---2015-11-24 11:46:30
MemTotal:        1420824 kB
MemFree:           38636 kB
Buffers:            8068 kB
Cached:           634628 kB
SwapCached:            0 kB
Active:           459088 kB
Inactive:         662032 kB
Active(anon):     235992 kB
Inactive(anon):   243832 kB
Active(file):     223096 kB
Inactive(file):   418200 kB
Unevictable:         292 kB
Mlocked:               0 kB
HighTotal:       1001472 kB
HighFree:           5456 kB
LowTotal:         419352 kB
LowFree:           33180 kB
SwapTotal:        786428 kB
SwapFree:         786428 kB
Dirty:                36 kB
Writeback:             0 kB
AnonPages:        478828 kB
Mapped:           210768 kB
Shmem:              1108 kB
Slab:              43004 kB
SReclaimable:      15040 kB
SUnreclaim:        27964 kB
KernelStack:       10048 kB
PageTables:        16220 kB
NFS_Unstable:          0 kB
Bounce:                0 kB
WritebackTmp:          0 kB
CommitLimit:     1496840 kB
Committed_AS:   22932260 kB
VmallocTotal:     458752 kB
VmallocUsed:       89820 kB
VmallocChunk:     203804 kB
Time pass: 250 sec

---2015-11-24 11:46:30
MemTotal:        1420824 kB
MemFree:           40848 kB
Buffers:            8076 kB
Cached:           631840 kB
SwapCached:            0 kB
Active:           458956 kB
Inactive:         659788 kB
Active(anon):     235244 kB
Inactive(anon):   244984 kB
Active(file):     223712 kB
Inactive(file):   414804 kB
Unevictable:         292 kB
Mlocked:               0 kB
HighTotal:       1001472 kB
HighFree:           7460 kB
LowTotal:         419352 kB
LowFree:           33388 kB
SwapTotal:        786428 kB
SwapFree:         786428 kB
Dirty:                 4 kB
Writeback:             0 kB
AnonPages:        479152 kB
Mapped:           210768 kB
Shmem:              1108 kB
Slab:              42984 kB
SReclaimable:      15040 kB
SUnreclaim:        27944 kB
KernelStack:       10048 kB
PageTables:        16220 kB
NFS_Unstable:          0 kB
Bounce:                0 kB
WritebackTmp:          0 kB
CommitLimit:     1496840 kB
Committed_AS:   22932588 kB
VmallocTotal:     458752 kB
VmallocUsed:       89820 kB
VmallocChunk:     203804 kB
Time pass: 258 sec

---2015-11-24 11:46:30
MemTotal:        1420824 kB
MemFree:           40416 kB
Buffers:            8080 kB
Cached:           631840 kB
SwapCached:            0 kB
Active:           459120 kB
Inactive:         659792 kB
Active(anon):     235408 kB
Inactive(anon):   244984 kB
Active(file):     223712 kB
Inactive(file):   414808 kB
Unevictable:         292 kB
Mlocked:               0 kB
HighTotal:       1001472 kB
HighFree:           6860 kB
LowTotal:         419352 kB
LowFree:           33556 kB
SwapTotal:        786428 kB
SwapFree:         786428 kB
Dirty:                 0 kB
Writeback:             0 kB
AnonPages:        479320 kB
Mapped:           210696 kB
Shmem:              1108 kB
Slab:              42916 kB
SReclaimable:      15040 kB
SUnreclaim:        27876 kB
KernelStack:       10040 kB
PageTables:        16216 kB
NFS_Unstable:          0 kB
Bounce:                0 kB
WritebackTmp:          0 kB
CommitLimit:     1496840 kB
Committed_AS:   22932660 kB
VmallocTotal:     458752 kB
VmallocUsed:       89788 kB
VmallocChunk:     203804 kB
Time pass: 265 sec

---2015-11-24 11:46:30
MemTotal:        1420824 kB
MemFree:           40812 kB
Buffers:            8096 kB
Cached:           631840 kB
SwapCached:            0 kB
Active:           459628 kB
Inactive:         659808 kB
Active(anon):     235916 kB
Inactive(anon):   244984 kB
Active(file):     223712 kB
Inactive(file):   414824 kB
Unevictable:         292 kB
Mlocked:               0 kB
HighTotal:       1001472 kB
HighFree:           6748 kB
LowTotal:         419352 kB
LowFree:           34064 kB
SwapTotal:        786428 kB
SwapFree:         786428 kB
Dirty:                40 kB
Writeback:             0 kB
AnonPages:        479732 kB
Mapped:           210692 kB
Shmem:              1108 kB
Slab:              42980 kB
SReclaimable:      15040 kB
SUnreclaim:        27940 kB
KernelStack:       10056 kB
PageTables:        16232 kB
NFS_Unstable:          0 kB
Bounce:                0 kB
WritebackTmp:          0 kB
CommitLimit:     1496840 kB
Committed_AS:   22933200 kB
VmallocTotal:     458752 kB
VmallocUsed:       89820 kB
VmallocChunk:     203804 kB
Time pass: 271 sec

---2015-11-24 11:46:30
MemTotal:        1420824 kB
MemFree:           39652 kB
Buffers:            8104 kB
Cached:           631840 kB
SwapCached:            0 kB
Active:           460332 kB
Inactive:         659816 kB
Active(anon):     236620 kB
Inactive(anon):   244984 kB
Active(file):     223712 kB
Inactive(file):   414832 kB
Unevictable:         292 kB
Mlocked:               0 kB
HighTotal:       1001472 kB
HighFree:           5912 kB
LowTotal:         419352 kB
LowFree:           33740 kB
SwapTotal:        786428 kB
SwapFree:         786428 kB
Dirty:                 0 kB
Writeback:             0 kB
AnonPages:        480532 kB
Mapped:           210692 kB
Shmem:              1108 kB
Slab:              43116 kB
SReclaimable:      15040 kB
SUnreclaim:        28076 kB
KernelStack:       10064 kB
PageTables:        16248 kB
NFS_Unstable:          0 kB
Bounce:                0 kB
WritebackTmp:          0 kB
CommitLimit:     1496840 kB
Committed_AS:   22933540 kB
VmallocTotal:     458752 kB
VmallocUsed:       89820 kB
VmallocChunk:     203804 kB
Time pass: 276 sec

---2015-11-24 11:46:30
MemTotal:        1420824 kB
MemFree:           39048 kB
Buffers:            8112 kB
Cached:           631840 kB
SwapCached:            0 kB
Active:           460388 kB
Inactive:         659824 kB
Active(anon):     236676 kB
Inactive(anon):   244984 kB
Active(file):     223712 kB
Inactive(file):   414840 kB
Unevictable:         292 kB
Mlocked:               0 kB
HighTotal:       1001472 kB
HighFree:           5652 kB
LowTotal:         419352 kB
LowFree:           33396 kB
SwapTotal:        786428 kB
SwapFree:         786428 kB
Dirty:                32 kB
Writeback:             0 kB
AnonPages:        480648 kB
Mapped:           210652 kB
Shmem:              1108 kB
Slab:              43056 kB
SReclaimable:      15040 kB
SUnreclaim:        28016 kB
KernelStack:       10048 kB
PageTables:        16232 kB
NFS_Unstable:          0 kB
Bounce:                0 kB
WritebackTmp:          0 kB
CommitLimit:     1496840 kB
Committed_AS:   22933500 kB
VmallocTotal:     458752 kB
VmallocUsed:       89768 kB
VmallocChunk:     203804 kB
Time pass: 282 sec

---2015-11-24 11:46:30
MemTotal:        1420824 kB
MemFree:           39756 kB
Buffers:            8112 kB
Cached:           631840 kB
SwapCached:            0 kB
Active:           460440 kB
Inactive:         659824 kB
Active(anon):     236728 kB
Inactive(anon):   244984 kB
Active(file):     223712 kB
Inactive(file):   414840 kB
Unevictable:         292 kB
Mlocked:               0 kB
HighTotal:       1001472 kB
HighFree:           5808 kB
LowTotal:         419352 kB
LowFree:           33948 kB
SwapTotal:        786428 kB
SwapFree:         786428 kB
Dirty:                 0 kB
Writeback:             0 kB
AnonPages:        480644 kB
Mapped:           210652 kB
Shmem:              1108 kB
Slab:              43008 kB
SReclaimable:      15040 kB
SUnreclaim:        27968 kB
KernelStack:       10048 kB
PageTables:        16220 kB
NFS_Unstable:          0 kB
Bounce:                0 kB
WritebackTmp:          0 kB
CommitLimit:     1496840 kB
Committed_AS:   22933500 kB
VmallocTotal:     458752 kB
VmallocUsed:       89768 kB
VmallocChunk:     203804 kB
Time pass: 296 sec

---2015-11-24 11:46:30
MemTotal:        1420824 kB
MemFree:           40088 kB
Buffers:            8128 kB
Cached:           629004 kB
SwapCached:            0 kB
Active:           460460 kB
Inactive:         658100 kB
Active(anon):     236712 kB
Inactive(anon):   246136 kB
Active(file):     223748 kB
Inactive(file):   411964 kB
Unevictable:         292 kB
Mlocked:               0 kB
HighTotal:       1001472 kB
HighFree:           6620 kB
LowTotal:         419352 kB
LowFree:           33468 kB
SwapTotal:        786428 kB
SwapFree:         786428 kB
Dirty:                48 kB
Writeback:             0 kB
AnonPages:        481768 kB
Mapped:           210600 kB
Shmem:              1108 kB
Slab:              43096 kB
SReclaimable:      15040 kB
SUnreclaim:        28056 kB
KernelStack:       10072 kB
PageTables:        16236 kB
NFS_Unstable:          0 kB
Bounce:                0 kB
WritebackTmp:          0 kB
CommitLimit:     1496840 kB
Committed_AS:   22934352 kB
VmallocTotal:     458752 kB
VmallocUsed:       89852 kB
VmallocChunk:     203804 kB
Time pass: 302 sec

---2015-11-24 11:46:30
MemTotal:        1420824 kB
MemFree:           39540 kB
Buffers:            8136 kB
Cached:           628976 kB
SwapCached:            0 kB
Active:           461024 kB
Inactive:         658088 kB
Active(anon):     237268 kB
Inactive(anon):   246152 kB
Active(file):     223756 kB
Inactive(file):   411936 kB
Unevictable:         292 kB
Mlocked:               0 kB
HighTotal:       1001472 kB
HighFree:           5780 kB
LowTotal:         419352 kB
LowFree:           33760 kB
SwapTotal:        786428 kB
SwapFree:         786428 kB
Dirty:                 0 kB
Writeback:             0 kB
AnonPages:        482324 kB
Mapped:           210680 kB
Shmem:              1128 kB
Slab:              42980 kB
SReclaimable:      15040 kB
SUnreclaim:        27940 kB
KernelStack:       10056 kB
PageTables:        16224 kB
NFS_Unstable:          0 kB
Bounce:                0 kB
WritebackTmp:          0 kB
CommitLimit:     1496840 kB
Committed_AS:   22935008 kB
VmallocTotal:     458752 kB
VmallocUsed:       89820 kB
VmallocChunk:     203804 kB
Time pass: 314 sec

---2015-11-24 11:46:30
MemTotal:        1420824 kB
MemFree:           41284 kB
Buffers:            8136 kB
Cached:           626512 kB
SwapCached:            0 kB
Active:           460576 kB
Inactive:         656256 kB
Active(anon):     236684 kB
Inactive(anon):   246920 kB
Active(file):     223892 kB
Inactive(file):   409336 kB
Unevictable:         292 kB
Mlocked:               0 kB
HighTotal:       1001472 kB
HighFree:           7140 kB
LowTotal:         419352 kB
LowFree:           34144 kB
SwapTotal:        786428 kB
SwapFree:         786428 kB
Dirty:                 0 kB
Writeback:             0 kB
AnonPages:        482508 kB
Mapped:           210684 kB
Shmem:              1128 kB
Slab:              42980 kB
SReclaimable:      15040 kB
SUnreclaim:        27940 kB
KernelStack:       10048 kB
PageTables:        16228 kB
NFS_Unstable:          0 kB
Bounce:                0 kB
WritebackTmp:          0 kB
CommitLimit:     1496840 kB
Committed_AS:   22934996 kB
VmallocTotal:     458752 kB
VmallocUsed:       89820 kB
VmallocChunk:     203804 kB
Time pass: 321 sec

---2015-11-24 11:46:30
MemTotal:        1420824 kB
MemFree:           43508 kB
Buffers:            8136 kB
Cached:           626548 kB
SwapCached:            0 kB
Active:           459020 kB
Inactive:         656088 kB
Active(anon):     235128 kB
Inactive(anon):   246752 kB
Active(file):     223892 kB
Inactive(file):   409336 kB
Unevictable:         292 kB
Mlocked:               0 kB
HighTotal:       1001472 kB
HighFree:           8580 kB
LowTotal:         419352 kB
LowFree:           34928 kB
SwapTotal:        786428 kB
SwapFree:         786428 kB
Dirty:                 0 kB
Writeback:             0 kB
AnonPages:        480748 kB
Mapped:           210656 kB
Shmem:              1164 kB
Slab:              42972 kB
SReclaimable:      15040 kB
SUnreclaim:        27932 kB
KernelStack:       10056 kB
PageTables:        16224 kB
NFS_Unstable:          0 kB
Bounce:                0 kB
WritebackTmp:          0 kB
CommitLimit:     1496840 kB
Committed_AS:   22935048 kB
VmallocTotal:     458752 kB
VmallocUsed:       89788 kB
VmallocChunk:     203804 kB
Time pass: 329 sec

---2015-11-24 11:46:30
MemTotal:        1420824 kB
MemFree:           46656 kB
Buffers:            8160 kB
Cached:           626552 kB
SwapCached:            0 kB
Active:           455996 kB
Inactive:         656116 kB
Active(anon):     232104 kB
Inactive(anon):   246752 kB
Active(file):     223892 kB
Inactive(file):   409364 kB
Unevictable:         292 kB
Mlocked:               0 kB
HighTotal:       1001472 kB
HighFree:          11548 kB
LowTotal:         419352 kB
LowFree:           35108 kB
SwapTotal:        786428 kB
SwapFree:         786428 kB
Dirty:                48 kB
Writeback:             0 kB
AnonPages:        477728 kB
Mapped:           210636 kB
Shmem:              1164 kB
Slab:              42960 kB
SReclaimable:      15032 kB
SUnreclaim:        27928 kB
KernelStack:       10040 kB
PageTables:        16224 kB
NFS_Unstable:          0 kB
Bounce:                0 kB
WritebackTmp:          0 kB
CommitLimit:     1496840 kB
Committed_AS:   22935200 kB
VmallocTotal:     458752 kB
VmallocUsed:       89768 kB
VmallocChunk:     203804 kB
Time pass: 339 sec

---2015-11-24 11:46:30
MemTotal:        1420824 kB
MemFree:           47664 kB
Buffers:            8160 kB
Cached:           626552 kB
SwapCached:            0 kB
Active:           456224 kB
Inactive:         656116 kB
Active(anon):     232332 kB
Inactive(anon):   246752 kB
Active(file):     223892 kB
Inactive(file):   409364 kB
Unevictable:         292 kB
Mlocked:               0 kB
HighTotal:       1001472 kB
HighFree:          11868 kB
LowTotal:         419352 kB
LowFree:           35796 kB
SwapTotal:        786428 kB
SwapFree:         786428 kB
Dirty:                 0 kB
Writeback:             0 kB
AnonPages:        477960 kB
Mapped:           210660 kB
Shmem:              1164 kB
Slab:              43068 kB
SReclaimable:      15032 kB
SUnreclaim:        28036 kB
KernelStack:       10048 kB
PageTables:        16224 kB
NFS_Unstable:          0 kB
Bounce:                0 kB
WritebackTmp:          0 kB
CommitLimit:     1496840 kB
Committed_AS:   22935272 kB
VmallocTotal:     458752 kB
VmallocUsed:       89788 kB
VmallocChunk:     203804 kB
Time pass: 346 sec

---2015-11-24 11:46:30
MemTotal:        1420824 kB
MemFree:           46916 kB
Buffers:            8160 kB
Cached:           626552 kB
SwapCached:            0 kB
Active:           456440 kB
Inactive:         656116 kB
Active(anon):     232548 kB
Inactive(anon):   246752 kB
Active(file):     223892 kB
Inactive(file):   409364 kB
Unevictable:         292 kB
Mlocked:               0 kB
HighTotal:       1001472 kB
HighFree:          11240 kB
LowTotal:         419352 kB
LowFree:           35676 kB
SwapTotal:        786428 kB
SwapFree:         786428 kB
Dirty:                 0 kB
Writeback:             0 kB
AnonPages:        478168 kB
Mapped:           210660 kB
Shmem:              1164 kB
Slab:              43132 kB
SReclaimable:      15032 kB
SUnreclaim:        28100 kB
KernelStack:       10048 kB
PageTables:        16224 kB
NFS_Unstable:          0 kB
Bounce:                0 kB
WritebackTmp:          0 kB
CommitLimit:     1496840 kB
Committed_AS:   22935484 kB
VmallocTotal:     458752 kB
VmallocUsed:       89820 kB
VmallocChunk:     203804 kB
Time pass: 355 sec

---2015-11-24 11:46:30
MemTotal:        1420824 kB
MemFree:           46060 kB
Buffers:            8168 kB
Cached:           626552 kB
SwapCached:            0 kB
Active:           456736 kB
Inactive:         656116 kB
Active(anon):     232844 kB
Inactive(anon):   246752 kB
Active(file):     223892 kB
Inactive(file):   409364 kB
Unevictable:         292 kB
Mlocked:               0 kB
HighTotal:       1001472 kB
HighFree:          10648 kB
LowTotal:         419352 kB
LowFree:           35412 kB
SwapTotal:        786428 kB
SwapFree:         786428 kB
Dirty:                 4 kB
Writeback:             0 kB
AnonPages:        478464 kB
Mapped:           210712 kB
Shmem:              1164 kB
Slab:              43136 kB
SReclaimable:      15032 kB
SUnreclaim:        28104 kB
KernelStack:       10040 kB
PageTables:        16224 kB
NFS_Unstable:          0 kB
Bounce:                0 kB
WritebackTmp:          0 kB
CommitLimit:     1496840 kB
Committed_AS:   22935604 kB
VmallocTotal:     458752 kB
VmallocUsed:       89768 kB
VmallocChunk:     203804 kB
Time pass: 364 sec

---2015-11-24 11:46:30
MemTotal:        1420824 kB
MemFree:           46844 kB
Buffers:            8168 kB
Cached:           626552 kB
SwapCached:            0 kB
Active:           456952 kB
Inactive:         656124 kB
Active(anon):     233060 kB
Inactive(anon):   246752 kB
Active(file):     223892 kB
Inactive(file):   409372 kB
Unevictable:         292 kB
Mlocked:               0 kB
HighTotal:       1001472 kB
HighFree:          11000 kB
LowTotal:         419352 kB
LowFree:           35844 kB
SwapTotal:        786428 kB
SwapFree:         786428 kB
Dirty:                 0 kB
Writeback:             0 kB
AnonPages:        478664 kB
Mapped:           210752 kB
Shmem:              1164 kB
Slab:              43136 kB
SReclaimable:      15032 kB
SUnreclaim:        28104 kB
KernelStack:       10048 kB
PageTables:        16240 kB
NFS_Unstable:          0 kB
Bounce:                0 kB
WritebackTmp:          0 kB
CommitLimit:     1496840 kB
Committed_AS:   22935836 kB
VmallocTotal:     458752 kB
VmallocUsed:       89788 kB
VmallocChunk:     203804 kB
Time pass: 372 sec

---2015-11-24 11:46:30
MemTotal:        1420824 kB
MemFree:           46168 kB
Buffers:            8168 kB
Cached:           626552 kB
SwapCached:            0 kB
Active:           457156 kB
Inactive:         656124 kB
Active(anon):     233264 kB
Inactive(anon):   246752 kB
Active(file):     223892 kB
Inactive(file):   409372 kB
Unevictable:         292 kB
Mlocked:               0 kB
HighTotal:       1001472 kB
HighFree:          10616 kB
LowTotal:         419352 kB
LowFree:           35552 kB
SwapTotal:        786428 kB
SwapFree:         786428 kB
Dirty:                 0 kB
Writeback:             0 kB
AnonPages:        478884 kB
Mapped:           210612 kB
Shmem:              1164 kB
Slab:              43052 kB
SReclaimable:      15032 kB
SUnreclaim:        28020 kB
KernelStack:       10048 kB
PageTables:        16224 kB
NFS_Unstable:          0 kB
Bounce:                0 kB
WritebackTmp:          0 kB
CommitLimit:     1496840 kB
Committed_AS:   22935920 kB
VmallocTotal:     458752 kB
VmallocUsed:       89788 kB
VmallocChunk:     203804 kB
Time pass: 382 sec

---2015-11-24 11:46:30
MemTotal:        1420824 kB
MemFree:           45460 kB
Buffers:            8176 kB
Cached:           626552 kB
SwapCached:            0 kB
Active:           457396 kB
Inactive:         656128 kB
Active(anon):     233500 kB
Inactive(anon):   246752 kB
Active(file):     223896 kB
Inactive(file):   409376 kB
Unevictable:         292 kB
Mlocked:               0 kB
HighTotal:       1001472 kB
HighFree:          10000 kB
LowTotal:         419352 kB
LowFree:           35460 kB
SwapTotal:        786428 kB
SwapFree:         786428 kB
Dirty:                 0 kB
Writeback:             0 kB
AnonPages:        479120 kB
Mapped:           210752 kB
Shmem:              1164 kB
Slab:              43080 kB
SReclaimable:      15032 kB
SUnreclaim:        28048 kB
KernelStack:       10048 kB
PageTables:        16224 kB
NFS_Unstable:          0 kB
Bounce:                0 kB
WritebackTmp:          0 kB
CommitLimit:     1496840 kB
Committed_AS:   22935976 kB
VmallocTotal:     458752 kB
VmallocUsed:       89768 kB
VmallocChunk:     203804 kB
Time pass: 424 sec

---2015-11-24 11:46:30
MemTotal:        1420824 kB
MemFree:           45176 kB
Buffers:            8192 kB
Cached:           626544 kB
SwapCached:            0 kB
Active:           457512 kB
Inactive:         656136 kB
Active(anon):     233616 kB
Inactive(anon):   246752 kB
Active(file):     223896 kB
Inactive(file):   409384 kB
Unevictable:         292 kB
Mlocked:               0 kB
HighTotal:       1001472 kB
HighFree:           9840 kB
LowTotal:         419352 kB
LowFree:           35336 kB
SwapTotal:        786428 kB
SwapFree:         786428 kB
Dirty:                 0 kB
Writeback:             0 kB
AnonPages:        479220 kB
Mapped:           210752 kB
Shmem:              1164 kB
Slab:              43056 kB
SReclaimable:      15032 kB
SUnreclaim:        28024 kB
KernelStack:       10048 kB
PageTables:        16224 kB
NFS_Unstable:          0 kB
Bounce:                0 kB
WritebackTmp:          0 kB
CommitLimit:     1496840 kB
Committed_AS:   22936236 kB
VmallocTotal:     458752 kB
VmallocUsed:       89768 kB
VmallocChunk:     203804 kB
Time pass: 432 sec

---2015-11-24 11:46:30
MemTotal:        1420824 kB
MemFree:           45416 kB
Buffers:            8244 kB
Cached:           626552 kB
SwapCached:            0 kB
Active:           457784 kB
Inactive:         656176 kB
Active(anon):     233884 kB
Inactive(anon):   246744 kB
Active(file):     223900 kB
Inactive(file):   409432 kB
Unevictable:         292 kB
Mlocked:               0 kB
HighTotal:       1001472 kB
HighFree:           9764 kB
LowTotal:         419352 kB
LowFree:           35652 kB
SwapTotal:        786428 kB
SwapFree:         786428 kB
Dirty:                44 kB
Writeback:             0 kB
AnonPages:        479532 kB
Mapped:           210720 kB
Shmem:              1164 kB
Slab:              43012 kB
SReclaimable:      15032 kB
SUnreclaim:        27980 kB
KernelStack:       10056 kB
PageTables:        16228 kB
NFS_Unstable:          0 kB
Bounce:                0 kB
WritebackTmp:          0 kB
CommitLimit:     1496840 kB
Committed_AS:   22936132 kB
VmallocTotal:     458752 kB
VmallocUsed:       89788 kB
VmallocChunk:     203804 kB
Time pass: 455 sec

---2015-11-24 11:46:30
MemTotal:        1420824 kB
MemFree:           45160 kB
Buffers:            8244 kB
Cached:           626552 kB
SwapCached:            0 kB
Active:           458024 kB
Inactive:         656184 kB
Active(anon):     234124 kB
Inactive(anon):   246744 kB
Active(file):     223900 kB
Inactive(file):   409440 kB
Unevictable:         292 kB
Mlocked:               0 kB
HighTotal:       1001472 kB
HighFree:           9532 kB
LowTotal:         419352 kB
LowFree:           35628 kB
SwapTotal:        786428 kB
SwapFree:         786428 kB
Dirty:                 4 kB
Writeback:             0 kB
AnonPages:        479692 kB
Mapped:           210780 kB
Shmem:              1164 kB
Slab:              43032 kB
SReclaimable:      15032 kB
SUnreclaim:        28000 kB
KernelStack:       10048 kB
PageTables:        16228 kB
NFS_Unstable:          0 kB
Bounce:                0 kB
WritebackTmp:          0 kB
CommitLimit:     1496840 kB
Committed_AS:   22936316 kB
VmallocTotal:     458752 kB
VmallocUsed:       89768 kB
VmallocChunk:     203804 kB
Time pass: 465 sec

---2015-11-24 11:46:30
MemTotal:        1420824 kB
MemFree:           44940 kB
Buffers:            8260 kB
Cached:           626552 kB
SwapCached:            0 kB
Active:           457924 kB
Inactive:         656200 kB
Active(anon):     234024 kB
Inactive(anon):   246744 kB
Active(file):     223900 kB
Inactive(file):   409456 kB
Unevictable:         292 kB
Mlocked:               0 kB
HighTotal:       1001472 kB
HighFree:           9372 kB
LowTotal:         419352 kB
LowFree:           35568 kB
SwapTotal:        786428 kB
SwapFree:         786428 kB
Dirty:                 4 kB
Writeback:             0 kB
AnonPages:        479636 kB
Mapped:           210872 kB
Shmem:              1164 kB
Slab:              43032 kB
SReclaimable:      15032 kB
SUnreclaim:        28000 kB
KernelStack:       10048 kB
PageTables:        16228 kB
NFS_Unstable:          0 kB
Bounce:                0 kB
WritebackTmp:          0 kB
CommitLimit:     1496840 kB
Committed_AS:   22936208 kB
VmallocTotal:     458752 kB
VmallocUsed:       89768 kB
VmallocChunk:     203804 kB
Time pass: 500 sec

---2015-11-24 11:46:30
MemTotal:        1420824 kB
MemFree:           44660 kB
Buffers:            8272 kB
Cached:           626552 kB
SwapCached:            0 kB
Active:           457968 kB
Inactive:         656212 kB
Active(anon):     234068 kB
Inactive(anon):   246744 kB
Active(file):     223900 kB
Inactive(file):   409468 kB
Unevictable:         292 kB
Mlocked:               0 kB
HighTotal:       1001472 kB
HighFree:           9372 kB
LowTotal:         419352 kB
LowFree:           35288 kB
SwapTotal:        786428 kB
SwapFree:         786428 kB
Dirty:                 0 kB
Writeback:             0 kB
AnonPages:        479680 kB
Mapped:           210896 kB
Shmem:              1164 kB
Slab:              43048 kB
SReclaimable:      15032 kB
SUnreclaim:        28016 kB
KernelStack:       10048 kB
PageTables:        16228 kB
NFS_Unstable:          0 kB
Bounce:                0 kB
WritebackTmp:          0 kB
CommitLimit:     1496840 kB
Committed_AS:   22936196 kB
VmallocTotal:     458752 kB
VmallocUsed:       89768 kB
VmallocChunk:     203804 kB
Time pass: 536 sec

---2015-11-24 11:46:30
MemTotal:        1420824 kB
MemFree:           50952 kB
Buffers:            8320 kB
Cached:           626572 kB
SwapCached:            0 kB
Active:           457880 kB
Inactive:         650420 kB
Active(anon):     233944 kB
Inactive(anon):   240920 kB
Active(file):     223936 kB
Inactive(file):   409500 kB
Unevictable:         292 kB
Mlocked:               0 kB
HighTotal:       1001472 kB
HighFree:           9512 kB
LowTotal:         419352 kB
LowFree:           41440 kB
SwapTotal:        786428 kB
SwapFree:         786428 kB
Dirty:                 4 kB
Writeback:             0 kB
AnonPages:        473744 kB
Mapped:           210960 kB
Shmem:              1164 kB
Slab:              43072 kB
SReclaimable:      15032 kB
SUnreclaim:        28040 kB
KernelStack:        9912 kB
PageTables:        15944 kB
NFS_Unstable:          0 kB
Bounce:                0 kB
WritebackTmp:          0 kB
CommitLimit:     1496840 kB
Committed_AS:   22499940 kB
VmallocTotal:     458752 kB
VmallocUsed:       88748 kB
VmallocChunk:     203804 kB
Time pass: 576 sec

---2015-11-24 11:46:30
MemTotal:        1420824 kB
MemFree:           50772 kB
Buffers:            8328 kB
Cached:           626572 kB
SwapCached:            0 kB
Active:           457996 kB
Inactive:         650428 kB
Active(anon):     234060 kB
Inactive(anon):   240920 kB
Active(file):     223936 kB
Inactive(file):   409508 kB
Unevictable:         292 kB
Mlocked:               0 kB
HighTotal:       1001472 kB
HighFree:           9264 kB
LowTotal:         419352 kB
LowFree:           41508 kB
SwapTotal:        786428 kB
SwapFree:         786428 kB
Dirty:                 0 kB
Writeback:             0 kB
AnonPages:        473884 kB
Mapped:           210960 kB
Shmem:              1164 kB
Slab:              43028 kB
SReclaimable:      15032 kB
SUnreclaim:        27996 kB
KernelStack:        9904 kB
PageTables:        15940 kB
NFS_Unstable:          0 kB
Bounce:                0 kB
WritebackTmp:          0 kB
CommitLimit:     1496840 kB
Committed_AS:   22500000 kB
VmallocTotal:     458752 kB
VmallocUsed:       88748 kB
VmallocChunk:     203804 kB
Time pass: 614 sec

---2015-11-24 11:46:30
MemTotal:        1420824 kB
MemFree:           50168 kB
Buffers:            8344 kB
Cached:           626572 kB
SwapCached:            0 kB
Active:           458848 kB
Inactive:         650444 kB
Active(anon):     234912 kB
Inactive(anon):   240920 kB
Active(file):     223936 kB
Inactive(file):   409524 kB
Unevictable:         292 kB
Mlocked:               0 kB
HighTotal:       1001472 kB
HighFree:           8564 kB
LowTotal:         419352 kB
LowFree:           41604 kB
SwapTotal:        786428 kB
SwapFree:         786428 kB
Dirty:                 0 kB
Writeback:             0 kB
AnonPages:        474720 kB
Mapped:           210960 kB
Shmem:              1164 kB
Slab:              43036 kB
SReclaimable:      15032 kB
SUnreclaim:        28004 kB
KernelStack:        9896 kB
PageTables:        15944 kB
NFS_Unstable:          0 kB
Bounce:                0 kB
WritebackTmp:          0 kB
CommitLimit:     1496840 kB
Committed_AS:   22500552 kB
VmallocTotal:     458752 kB
VmallocUsed:       88748 kB
VmallocChunk:     203804 kB
Time pass: 689 sec

---2015-11-24 11:46:30
MemTotal:        1420824 kB
MemFree:           50068 kB
Buffers:            8352 kB
Cached:           626572 kB
SwapCached:            0 kB
Active:           458968 kB
Inactive:         650452 kB
Active(anon):     235032 kB
Inactive(anon):   240920 kB
Active(file):     223936 kB
Inactive(file):   409532 kB
Unevictable:         292 kB
Mlocked:               0 kB
HighTotal:       1001472 kB
HighFree:           8444 kB
LowTotal:         419352 kB
LowFree:           41624 kB
SwapTotal:        786428 kB
SwapFree:         786428 kB
Dirty:                 0 kB
Writeback:             0 kB
AnonPages:        474832 kB
Mapped:           210960 kB
Shmem:              1164 kB
Slab:              43036 kB
SReclaimable:      15032 kB
SUnreclaim:        28004 kB
KernelStack:        9896 kB
PageTables:        15944 kB
NFS_Unstable:          0 kB
Bounce:                0 kB
WritebackTmp:          0 kB
CommitLimit:     1496840 kB
Committed_AS:   22500544 kB
VmallocTotal:     458752 kB
VmallocUsed:       88748 kB
VmallocChunk:     203804 kB
Time pass: 704 sec

---2015-11-24 11:46:30
MemTotal:        1420824 kB
MemFree:           49680 kB
Buffers:            8352 kB
Cached:           626572 kB
SwapCached:            0 kB
Active:           459424 kB
Inactive:         650452 kB
Active(anon):     235488 kB
Inactive(anon):   240920 kB
Active(file):     223936 kB
Inactive(file):   409532 kB
Unevictable:         292 kB
Mlocked:               0 kB
HighTotal:       1001472 kB
HighFree:           8044 kB
LowTotal:         419352 kB
LowFree:           41636 kB
SwapTotal:        786428 kB
SwapFree:         786428 kB
Dirty:                 0 kB
Writeback:             0 kB
AnonPages:        475232 kB
Mapped:           210960 kB
Shmem:              1164 kB
Slab:              43028 kB
SReclaimable:      15032 kB
SUnreclaim:        27996 kB
KernelStack:        9888 kB
PageTables:        15944 kB
NFS_Unstable:          0 kB
Bounce:                0 kB
WritebackTmp:          0 kB
CommitLimit:     1496840 kB
Committed_AS:   22500828 kB
VmallocTotal:     458752 kB
VmallocUsed:       88800 kB
VmallocChunk:     203804 kB
Time pass: 710 sec

---2015-11-24 11:46:30
MemTotal:        1420824 kB
MemFree:           48744 kB
Buffers:            8352 kB
Cached:           626572 kB
SwapCached:            0 kB
Active:           460012 kB
Inactive:         650452 kB
Active(anon):     236076 kB
Inactive(anon):   240920 kB
Active(file):     223936 kB
Inactive(file):   409532 kB
Unevictable:         292 kB
Mlocked:               0 kB
HighTotal:       1001472 kB
HighFree:           7076 kB
LowTotal:         419352 kB
LowFree:           41668 kB
SwapTotal:        786428 kB
SwapFree:         786428 kB
Dirty:                 0 kB
Writeback:             0 kB
AnonPages:        475800 kB
Mapped:           211000 kB
Shmem:              1164 kB
Slab:              43136 kB
SReclaimable:      15032 kB
SUnreclaim:        28104 kB
KernelStack:        9912 kB
PageTables:        15960 kB
NFS_Unstable:          0 kB
Bounce:                0 kB
WritebackTmp:          0 kB
CommitLimit:     1496840 kB
Committed_AS:   22501372 kB
VmallocTotal:     458752 kB
VmallocUsed:       88800 kB
VmallocChunk:     203804 kB
Time pass: 717 sec

---2015-11-24 11:46:30
MemTotal:        1420824 kB
MemFree:           48484 kB
Buffers:            8352 kB
Cached:           626572 kB
SwapCached:            0 kB
Active:           460140 kB
Inactive:         650264 kB
Active(anon):     236204 kB
Inactive(anon):   240732 kB
Active(file):     223936 kB
Inactive(file):   409532 kB
Unevictable:         292 kB
Mlocked:               0 kB
HighTotal:       1001472 kB
HighFree:           6676 kB
LowTotal:         419352 kB
LowFree:           41808 kB
SwapTotal:        786428 kB
SwapFree:         786428 kB
Dirty:                 0 kB
Writeback:             0 kB
AnonPages:        475736 kB
Mapped:           210960 kB
Shmem:              1164 kB
Slab:              43112 kB
SReclaimable:      15032 kB
SUnreclaim:        28080 kB
KernelStack:        9888 kB
PageTables:        15948 kB
NFS_Unstable:          0 kB
Bounce:                0 kB
WritebackTmp:          0 kB
CommitLimit:     1496840 kB
Committed_AS:   22501572 kB
VmallocTotal:     458752 kB
VmallocUsed:       88800 kB
VmallocChunk:     203804 kB
Time pass: 722 sec

---2015-11-24 11:46:30
MemTotal:        1420824 kB
MemFree:           47900 kB
Buffers:            8360 kB
Cached:           626572 kB
SwapCached:            0 kB
Active:           460512 kB
Inactive:         650272 kB
Active(anon):     236576 kB
Inactive(anon):   240732 kB
Active(file):     223936 kB
Inactive(file):   409540 kB
Unevictable:         292 kB
Mlocked:               0 kB
HighTotal:       1001472 kB
HighFree:           6496 kB
LowTotal:         419352 kB
LowFree:           41404 kB
SwapTotal:        786428 kB
SwapFree:         786428 kB
Dirty:                 0 kB
Writeback:             0 kB
AnonPages:        476288 kB
Mapped:           211000 kB
Shmem:              1164 kB
Slab:              43060 kB
SReclaimable:      15032 kB
SUnreclaim:        28028 kB
KernelStack:        9904 kB
PageTables:        15964 kB
NFS_Unstable:          0 kB
Bounce:                0 kB
WritebackTmp:          0 kB
CommitLimit:     1496840 kB
Committed_AS:   22501980 kB
VmallocTotal:     458752 kB
VmallocUsed:       88800 kB
VmallocChunk:     203804 kB
Time pass: 730 sec

---2015-11-24 11:46:30
MemTotal:        1420824 kB
MemFree:           48116 kB
Buffers:            8360 kB
Cached:           626572 kB
SwapCached:            0 kB
Active:           460956 kB
Inactive:         650272 kB
Active(anon):     237020 kB
Inactive(anon):   240732 kB
Active(file):     223936 kB
Inactive(file):   409540 kB
Unevictable:         292 kB
Mlocked:               0 kB
HighTotal:       1001472 kB
HighFree:           6400 kB
LowTotal:         419352 kB
LowFree:           41716 kB
SwapTotal:        786428 kB
SwapFree:         786428 kB
Dirty:                 0 kB
Writeback:             0 kB
AnonPages:        476624 kB
Mapped:           210960 kB
Shmem:              1164 kB
Slab:              43052 kB
SReclaimable:      15032 kB
SUnreclaim:        28020 kB
KernelStack:        9904 kB
PageTables:        15948 kB
NFS_Unstable:          0 kB
Bounce:                0 kB
WritebackTmp:          0 kB
CommitLimit:     1496840 kB
Committed_AS:   22502324 kB
VmallocTotal:     458752 kB
VmallocUsed:       88800 kB
VmallocChunk:     203804 kB
Time pass: 739 sec

---2015-11-24 11:46:30
MemTotal:        1420824 kB
MemFree:           47592 kB
Buffers:            8360 kB
Cached:           626572 kB
SwapCached:            0 kB
Active:           461508 kB
Inactive:         650272 kB
Active(anon):     237572 kB
Inactive(anon):   240732 kB
Active(file):     223936 kB
Inactive(file):   409540 kB
Unevictable:         292 kB
Mlocked:               0 kB
HighTotal:       1001472 kB
HighFree:           5976 kB
LowTotal:         419352 kB
LowFree:           41616 kB
SwapTotal:        786428 kB
SwapFree:         786428 kB
Dirty:                 0 kB
Writeback:             0 kB
AnonPages:        477172 kB
Mapped:           210960 kB
Shmem:              1164 kB
Slab:              43096 kB
SReclaimable:      15032 kB
SUnreclaim:        28064 kB
KernelStack:        9904 kB
PageTables:        15924 kB
NFS_Unstable:          0 kB
Bounce:                0 kB
WritebackTmp:          0 kB
CommitLimit:     1496840 kB
Committed_AS:   22502888 kB
VmallocTotal:     458752 kB
VmallocUsed:       88800 kB
VmallocChunk:     203804 kB
Time pass: 747 sec

---2015-11-24 11:46:30
MemTotal:        1420824 kB
MemFree:           46464 kB
Buffers:            8360 kB
Cached:           626572 kB
SwapCached:            0 kB
Active:           462100 kB
Inactive:         650272 kB
Active(anon):     238164 kB
Inactive(anon):   240732 kB
Active(file):     223936 kB
Inactive(file):   409540 kB
Unevictable:         292 kB
Mlocked:               0 kB
HighTotal:       1001472 kB
HighFree:           5088 kB
LowTotal:         419352 kB
LowFree:           41376 kB
SwapTotal:        786428 kB
SwapFree:         786428 kB
Dirty:                 0 kB
Writeback:             0 kB
AnonPages:        477732 kB
Mapped:           210960 kB
Shmem:              1164 kB
Slab:              43036 kB
SReclaimable:      15032 kB
SUnreclaim:        28004 kB
KernelStack:        9904 kB
PageTables:        15952 kB
NFS_Unstable:          0 kB
Bounce:                0 kB
WritebackTmp:          0 kB
CommitLimit:     1496840 kB
Committed_AS:   22503468 kB
VmallocTotal:     458752 kB
VmallocUsed:       88800 kB
VmallocChunk:     203804 kB
Time pass: 755 sec

---2015-11-24 11:46:30
MemTotal:        1420824 kB
MemFree:           46444 kB
Buffers:            8360 kB
Cached:           626580 kB
SwapCached:            0 kB
Active:           462964 kB
Inactive:         650280 kB
Active(anon):     239028 kB
Inactive(anon):   240740 kB
Active(file):     223936 kB
Inactive(file):   409540 kB
Unevictable:         292 kB
Mlocked:               0 kB
HighTotal:       1001472 kB
HighFree:           5740 kB
LowTotal:         419352 kB
LowFree:           40704 kB
SwapTotal:        786428 kB
SwapFree:         786428 kB
Dirty:                 4 kB
Writeback:             0 kB
AnonPages:        478672 kB
Mapped:           210968 kB
Shmem:              1172 kB
Slab:              42976 kB
SReclaimable:      15032 kB
SUnreclaim:        27944 kB
KernelStack:        9904 kB
PageTables:        15952 kB
NFS_Unstable:          0 kB
Bounce:                0 kB
WritebackTmp:          0 kB
CommitLimit:     1496840 kB
Committed_AS:   22504056 kB
VmallocTotal:     458752 kB
VmallocUsed:       88768 kB
VmallocChunk:     203804 kB
Time pass: 764 sec

---2015-11-24 11:46:30
MemTotal:        1420824 kB
MemFree:           44560 kB
Buffers:            8368 kB
Cached:           626580 kB
SwapCached:            0 kB
Active:           463472 kB
Inactive:         650288 kB
Active(anon):     239536 kB
Inactive(anon):   240740 kB
Active(file):     223936 kB
Inactive(file):   409548 kB
Unevictable:         292 kB
Mlocked:               0 kB
HighTotal:       1001472 kB
HighFree:           5140 kB
LowTotal:         419352 kB
LowFree:           39420 kB
SwapTotal:        786428 kB
SwapFree:         786428 kB
Dirty:                 0 kB
Writeback:             0 kB
AnonPages:        479248 kB
Mapped:           211016 kB
Shmem:              1172 kB
Slab:              43064 kB
SReclaimable:      15032 kB
SUnreclaim:        28032 kB
KernelStack:        9904 kB
PageTables:        15952 kB
NFS_Unstable:          0 kB
Bounce:                0 kB
WritebackTmp:          0 kB
CommitLimit:     1496840 kB
Committed_AS:   22504444 kB
VmallocTotal:     458752 kB
VmallocUsed:       88832 kB
VmallocChunk:     203804 kB
Time pass: 774 sec

---2015-11-24 11:46:30
MemTotal:        1420824 kB
MemFree:           44344 kB
Buffers:            8368 kB
Cached:           626580 kB
SwapCached:            0 kB
Active:           463860 kB
Inactive:         650284 kB
Active(anon):     239924 kB
Inactive(anon):   240736 kB
Active(file):     223936 kB
Inactive(file):   409548 kB
Unevictable:         292 kB
Mlocked:               0 kB
HighTotal:       1001472 kB
HighFree:           5092 kB
LowTotal:         419352 kB
LowFree:           39252 kB
SwapTotal:        786428 kB
SwapFree:         786428 kB
Dirty:                 0 kB
Writeback:             0 kB
AnonPages:        479576 kB
Mapped:           210968 kB
Shmem:              1172 kB
Slab:              43040 kB
SReclaimable:      15032 kB
SUnreclaim:        28008 kB
KernelStack:        9904 kB
PageTables:        15960 kB
NFS_Unstable:          0 kB
Bounce:                0 kB
WritebackTmp:          0 kB
CommitLimit:     1496840 kB
Committed_AS:   22504816 kB
VmallocTotal:     458752 kB
VmallocUsed:       88800 kB
VmallocChunk:     203804 kB
Time pass: 783 sec

---2015-11-24 11:46:30
MemTotal:        1420824 kB
MemFree:           44340 kB
Buffers:            8376 kB
Cached:           626580 kB
SwapCached:            0 kB
Active:           464584 kB
Inactive:         650292 kB
Active(anon):     240648 kB
Inactive(anon):   240736 kB
Active(file):     223936 kB
Inactive(file):   409556 kB
Unevictable:         292 kB
Mlocked:               0 kB
HighTotal:       1001472 kB
HighFree:           5228 kB
LowTotal:         419352 kB
LowFree:           39112 kB
SwapTotal:        786428 kB
SwapFree:         786428 kB
Dirty:                 0 kB
Writeback:             0 kB
AnonPages:        480276 kB
Mapped:           210968 kB
Shmem:              1172 kB
Slab:              43032 kB
SReclaimable:      15032 kB
SUnreclaim:        28000 kB
KernelStack:        9904 kB
PageTables:        15956 kB
NFS_Unstable:          0 kB
Bounce:                0 kB
WritebackTmp:          0 kB
CommitLimit:     1496840 kB
Committed_AS:   22505476 kB
VmallocTotal:     458752 kB
VmallocUsed:       88768 kB
VmallocChunk:     203804 kB
Time pass: 793 sec

---2015-11-24 11:46:30
MemTotal:        1420824 kB
MemFree:           44128 kB
Buffers:            8384 kB
Cached:           626580 kB
SwapCached:            0 kB
Active:           464604 kB
Inactive:         650288 kB
Active(anon):     240668 kB
Inactive(anon):   240724 kB
Active(file):     223936 kB
Inactive(file):   409564 kB
Unevictable:         292 kB
Mlocked:               0 kB
HighTotal:       1001472 kB
HighFree:           5216 kB
LowTotal:         419352 kB
LowFree:           38912 kB
SwapTotal:        786428 kB
SwapFree:         786428 kB
Dirty:                 0 kB
Writeback:             0 kB
AnonPages:        480152 kB
Mapped:           210968 kB
Shmem:              1172 kB
Slab:              43072 kB
SReclaimable:      15032 kB
SUnreclaim:        28040 kB
KernelStack:        9904 kB
PageTables:        15956 kB
NFS_Unstable:          0 kB
Bounce:                0 kB
WritebackTmp:          0 kB
CommitLimit:     1496840 kB
Committed_AS:   22505912 kB
VmallocTotal:     458752 kB
VmallocUsed:       88800 kB
VmallocChunk:     203804 kB
Time pass: 802 sec

---2015-11-24 11:46:30
MemTotal:        1420824 kB
MemFree:           43108 kB
Buffers:            8392 kB
Cached:           626572 kB
SwapCached:            0 kB
Active:           464992 kB
Inactive:         650288 kB
Active(anon):     241056 kB
Inactive(anon):   240724 kB
Active(file):     223936 kB
Inactive(file):   409564 kB
Unevictable:         292 kB
Mlocked:               0 kB
HighTotal:       1001472 kB
HighFree:           5092 kB
LowTotal:         419352 kB
LowFree:           38016 kB
SwapTotal:        786428 kB
SwapFree:         786428 kB
Dirty:                 4 kB
Writeback:             0 kB
AnonPages:        480588 kB
Mapped:           210968 kB
Shmem:              1172 kB
Slab:              43036 kB
SReclaimable:      15032 kB
SUnreclaim:        28004 kB
KernelStack:        9904 kB
PageTables:        15964 kB
NFS_Unstable:          0 kB
Bounce:                0 kB
WritebackTmp:          0 kB
CommitLimit:     1496840 kB
Committed_AS:   22506368 kB
VmallocTotal:     458752 kB
VmallocUsed:       88800 kB
VmallocChunk:     203804 kB
Time pass: 814 sec

---2015-11-24 11:46:30
MemTotal:        1420824 kB
MemFree:           42768 kB
Buffers:            8392 kB
Cached:           626580 kB
SwapCached:            0 kB
Active:           465032 kB
Inactive:         650296 kB
Active(anon):     241096 kB
Inactive(anon):   240724 kB
Active(file):     223936 kB
Inactive(file):   409572 kB
Unevictable:         292 kB
Mlocked:               0 kB
HighTotal:       1001472 kB
HighFree:           5144 kB
LowTotal:         419352 kB
LowFree:           37624 kB
SwapTotal:        786428 kB
SwapFree:         786428 kB
Dirty:                 0 kB
Writeback:             0 kB
AnonPages:        480704 kB
Mapped:           211008 kB
Shmem:              1172 kB
Slab:              43056 kB
SReclaimable:      15032 kB
SUnreclaim:        28024 kB
KernelStack:        9912 kB
PageTables:        15972 kB
NFS_Unstable:          0 kB
Bounce:                0 kB
WritebackTmp:          0 kB
CommitLimit:     1496840 kB
Committed_AS:   22506224 kB
VmallocTotal:     458752 kB
VmallocUsed:       88800 kB
VmallocChunk:     203804 kB
Time pass: 823 sec

---2015-11-24 11:46:30
MemTotal:        1420824 kB
MemFree:           42660 kB
Buffers:            8392 kB
Cached:           626580 kB
SwapCached:            0 kB
Active:           465048 kB
Inactive:         650296 kB
Active(anon):     241112 kB
Inactive(anon):   240724 kB
Active(file):     223936 kB
Inactive(file):   409572 kB
Unevictable:         292 kB
Mlocked:               0 kB
HighTotal:       1001472 kB
HighFree:           5140 kB
LowTotal:         419352 kB
LowFree:           37520 kB
SwapTotal:        786428 kB
SwapFree:         786428 kB
Dirty:                 0 kB
Writeback:             0 kB
AnonPages:        480636 kB
Mapped:           211008 kB
Shmem:              1172 kB
Slab:              43148 kB
SReclaimable:      15032 kB
SUnreclaim:        28116 kB
KernelStack:        9912 kB
PageTables:        15980 kB
NFS_Unstable:          0 kB
Bounce:                0 kB
WritebackTmp:          0 kB
CommitLimit:     1496840 kB
Committed_AS:   22506116 kB
VmallocTotal:     458752 kB
VmallocUsed:       88800 kB
VmallocChunk:     203804 kB
Time pass: 830 sec

---2015-11-24 11:46:30
MemTotal:        1420824 kB
MemFree:           42192 kB
Buffers:            8392 kB
Cached:           626592 kB
SwapCached:            0 kB
Active:           465204 kB
Inactive:         650308 kB
Active(anon):     241268 kB
Inactive(anon):   240736 kB
Active(file):     223936 kB
Inactive(file):   409572 kB
Unevictable:         292 kB
Mlocked:               0 kB
HighTotal:       1001472 kB
HighFree:           5140 kB
LowTotal:         419352 kB
LowFree:           37052 kB
SwapTotal:        786428 kB
SwapFree:         786428 kB
Dirty:                 0 kB
Writeback:             0 kB
AnonPages:        480824 kB
Mapped:           211020 kB
