---2015-12-09 10:54:01
MemTotal:        1350964 kB
MemFree:           41488 kB
Buffers:            8584 kB
Cached:           687324 kB
SwapCached:            0 kB
Active:           598776 kB
Inactive:         522364 kB
Active(anon):     427288 kB
Inactive(anon):     1280 kB
Active(file):     171488 kB
Inactive(file):   521084 kB
Unevictable:        1988 kB
Mlocked:               0 kB
HighTotal:        802816 kB
HighFree:           5000 kB
LowTotal:         548148 kB
LowFree:           36488 kB
SwapTotal:             0 kB
SwapFree:              0 kB
Dirty:                 0 kB
Writeback:             0 kB
AnonPages:        427260 kB
Mapped:           193772 kB
Shmem:              1324 kB
Slab:              32296 kB
SReclaimable:      11464 kB
SUnreclaim:        20832 kB
KernelStack:        9072 kB
PageTables:        19132 kB
NFS_Unstable:          0 kB
Bounce:                0 kB
WritebackTmp:          0 kB
CommitLimit:      675480 kB
Committed_AS:   45832816 kB
VmallocTotal:     253952 kB
VmallocUsed:       90344 kB
VmallocChunk:      52228 kB
Time pass: 3 sec

---2015-12-09 10:54:01
MemTotal:        1350964 kB
MemFree:           41488 kB
Buffers:            8584 kB
Cached:           687324 kB
SwapCached:            0 kB
Active:           598820 kB
Inactive:         522388 kB
Active(anon):     427332 kB
Inactive(anon):     1280 kB
Active(file):     171488 kB
Inactive(file):   521108 kB
Unevictable:        1988 kB
Mlocked:               0 kB
HighTotal:        802816 kB
HighFree:           4876 kB
LowTotal:         548148 kB
LowFree:           36612 kB
SwapTotal:             0 kB
SwapFree:              0 kB
Dirty:                 0 kB
Writeback:             0 kB
AnonPages:        427440 kB
Mapped:           193776 kB
Shmem:              1324 kB
Slab:              32304 kB
SReclaimable:      11464 kB
SUnreclaim:        20840 kB
KernelStack:        9072 kB
PageTables:        19132 kB
NFS_Unstable:          0 kB
Bounce:                0 kB
WritebackTmp:          0 kB
CommitLimit:      675480 kB
Committed_AS:   45832816 kB
VmallocTotal:     253952 kB
VmallocUsed:       90344 kB
VmallocChunk:      52228 kB
Time pass: 7 sec

---2015-12-09 10:54:01
MemTotal:        1350964 kB
MemFree:           41496 kB
Buffers:            8584 kB
Cached:           687324 kB
SwapCached:            0 kB
Active:           598912 kB
Inactive:         522376 kB
Active(anon):     427412 kB
Inactive(anon):     1280 kB
Active(file):     171500 kB
Inactive(file):   521096 kB
Unevictable:        1988 kB
Mlocked:               0 kB
HighTotal:        802816 kB
HighFree:           4876 kB
LowTotal:         548148 kB
LowFree:           36620 kB
SwapTotal:             0 kB
SwapFree:              0 kB
Dirty:                 0 kB
Writeback:             0 kB
AnonPages:        427472 kB
Mapped:           193776 kB
Shmem:              1324 kB
Slab:              32328 kB
SReclaimable:      11464 kB
SUnreclaim:        20864 kB
KernelStack:        9064 kB
PageTables:        19132 kB
NFS_Unstable:          0 kB
Bounce:                0 kB
WritebackTmp:          0 kB
CommitLimit:      675480 kB
Committed_AS:   45832788 kB
VmallocTotal:     253952 kB
VmallocUsed:       90344 kB
VmallocChunk:      52228 kB
Time pass: 11 sec

---2015-12-09 10:54:01
MemTotal:        1350964 kB
MemFree:           41372 kB
Buffers:            8584 kB
Cached:           687324 kB
SwapCached:            0 kB
Active:           598948 kB
Inactive:         522376 kB
Active(anon):     427448 kB
Inactive(anon):     1280 kB
Active(file):     171500 kB
Inactive(file):   521096 kB
Unevictable:        1988 kB
Mlocked:               0 kB
HighTotal:        802816 kB
HighFree:           4876 kB
LowTotal:         548148 kB
LowFree:           36496 kB
SwapTotal:             0 kB
SwapFree:              0 kB
Dirty:                 0 kB
Writeback:             0 kB
AnonPages:        427356 kB
Mapped:           193776 kB
Shmem:              1324 kB
Slab:              32292 kB
SReclaimable:      11464 kB
SUnreclaim:        20828 kB
KernelStack:        9064 kB
PageTables:        19128 kB
NFS_Unstable:          0 kB
Bounce:                0 kB
WritebackTmp:          0 kB
CommitLimit:      675480 kB
Committed_AS:   45832716 kB
VmallocTotal:     253952 kB
VmallocUsed:       90344 kB
VmallocChunk:      52228 kB
Time pass: 14 sec

---2015-12-09 10:54:01
MemTotal:        1350964 kB
MemFree:           40316 kB
Buffers:            8584 kB
Cached:           687324 kB
SwapCached:            0 kB
Active:           600000 kB
Inactive:         522376 kB
Active(anon):     428500 kB
Inactive(anon):     1280 kB
Active(file):     171500 kB
Inactive(file):   521096 kB
Unevictable:        1988 kB
Mlocked:               0 kB
HighTotal:        802816 kB
HighFree:           3760 kB
LowTotal:         548148 kB
LowFree:           36556 kB
SwapTotal:             0 kB
SwapFree:              0 kB
Dirty:                 0 kB
Writeback:             0 kB
AnonPages:        428820 kB
Mapped:           193776 kB
Shmem:              1324 kB
Slab:              32320 kB
SReclaimable:      11464 kB
SUnreclaim:        20856 kB
KernelStack:        9064 kB
PageTables:        19108 kB
NFS_Unstable:          0 kB
Bounce:                0 kB
WritebackTmp:          0 kB
CommitLimit:      675480 kB
Committed_AS:   45834436 kB
VmallocTotal:     253952 kB
VmallocUsed:       90344 kB
VmallocChunk:      52228 kB
Time pass: 18 sec

---2015-12-09 10:54:01
MemTotal:        1350964 kB
MemFree:           30060 kB
Buffers:            7896 kB
Cached:           677532 kB
SwapCached:            0 kB
Active:           624368 kB
Inactive:         505444 kB
Active(anon):     446768 kB
Inactive(anon):     1280 kB
Active(file):     177600 kB
Inactive(file):   504164 kB
Unevictable:        1988 kB
Mlocked:               0 kB
HighTotal:        802816 kB
HighFree:           2264 kB
LowTotal:         548148 kB
LowFree:           27796 kB
SwapTotal:             0 kB
SwapFree:              0 kB
Dirty:               112 kB
Writeback:             0 kB
AnonPages:        446968 kB
Mapped:           209412 kB
Shmem:              1324 kB
Slab:              32508 kB
SReclaimable:      11548 kB
SUnreclaim:        20960 kB
KernelStack:        9296 kB
PageTables:        19668 kB
NFS_Unstable:          0 kB
Bounce:                0 kB
WritebackTmp:          0 kB
CommitLimit:      675480 kB
Committed_AS:   46746468 kB
VmallocTotal:     253952 kB
VmallocUsed:       92380 kB
VmallocChunk:      52228 kB
Time pass: 21 sec

---2015-12-09 10:54:01
MemTotal:        1350964 kB
MemFree:           32460 kB
Buffers:            7608 kB
Cached:           628716 kB
SwapCached:            0 kB
Active:           641816 kB
Inactive:         452132 kB
Active(anon):     459732 kB
Inactive(anon):     1412 kB
Active(file):     182084 kB
Inactive(file):   450720 kB
Unevictable:        1988 kB
Mlocked:               0 kB
HighTotal:        802816 kB
HighFree:           2920 kB
LowTotal:         548148 kB
LowFree:           29540 kB
SwapTotal:             0 kB
SwapFree:              0 kB
Dirty:               492 kB
Writeback:             0 kB
AnonPages:        459616 kB
Mapped:           218064 kB
Shmem:              1456 kB
Slab:              32672 kB
SReclaimable:      11604 kB
SUnreclaim:        21068 kB
KernelStack:        9496 kB
PageTables:        19840 kB
NFS_Unstable:          0 kB
Bounce:                0 kB
WritebackTmp:          0 kB
CommitLimit:      675480 kB
Committed_AS:   46802048 kB
VmallocTotal:     253952 kB
VmallocUsed:       92596 kB
VmallocChunk:      52228 kB
Time pass: 25 sec

---2015-12-09 10:54:01
MemTotal:        1350964 kB
MemFree:           38912 kB
Buffers:            7616 kB
Cached:           609612 kB
SwapCached:            0 kB
Active:           643216 kB
Inactive:         432972 kB
Active(anon):     460992 kB
Inactive(anon):     1412 kB
Active(file):     182224 kB
Inactive(file):   431560 kB
Unevictable:        1988 kB
Mlocked:               0 kB
HighTotal:        802816 kB
HighFree:           5620 kB
LowTotal:         548148 kB
LowFree:           33292 kB
SwapTotal:             0 kB
SwapFree:              0 kB
Dirty:               320 kB
Writeback:             0 kB
AnonPages:        460908 kB
Mapped:           217956 kB
Shmem:              1456 kB
Slab:              32712 kB
SReclaimable:      11620 kB
SUnreclaim:        21092 kB
KernelStack:        9552 kB
PageTables:        19896 kB
NFS_Unstable:          0 kB
Bounce:                0 kB
WritebackTmp:          0 kB
CommitLimit:      675480 kB
Committed_AS:   46817564 kB
VmallocTotal:     253952 kB
VmallocUsed:       92596 kB
VmallocChunk:      52228 kB
Time pass: 28 sec

---2015-12-09 10:54:01
MemTotal:        1350964 kB
MemFree:           31444 kB
Buffers:            7616 kB
Cached:           609788 kB
SwapCached:            0 kB
Active:           644208 kB
Inactive:         433108 kB
Active(anon):     461948 kB
Inactive(anon):     1412 kB
Active(file):     182260 kB
Inactive(file):   431696 kB
Unevictable:        1988 kB
Mlocked:               0 kB
HighTotal:        802816 kB
HighFree:           1928 kB
LowTotal:         548148 kB
LowFree:           29516 kB
SwapTotal:             0 kB
SwapFree:              0 kB
Dirty:                16 kB
Writeback:             0 kB
AnonPages:        462004 kB
Mapped:           218176 kB
Shmem:              1456 kB
Slab:              32688 kB
SReclaimable:      11620 kB
SUnreclaim:        21068 kB
KernelStack:        9552 kB
PageTables:        19904 kB
NFS_Unstable:          0 kB
Bounce:                0 kB
WritebackTmp:          0 kB
CommitLimit:      675480 kB
Committed_AS:   46824520 kB
VmallocTotal:     253952 kB
VmallocUsed:       92596 kB
VmallocChunk:      52228 kB
Time pass: 32 sec

---2015-12-09 10:54:01
MemTotal:        1350964 kB
MemFree:           31400 kB
Buffers:            7624 kB
Cached:           609788 kB
SwapCached:            0 kB
Active:           644128 kB
Inactive:         433112 kB
Active(anon):     461868 kB
Inactive(anon):     1412 kB
Active(file):     182260 kB
Inactive(file):   431700 kB
Unevictable:        1988 kB
Mlocked:               0 kB
HighTotal:        802816 kB
HighFree:           1776 kB
LowTotal:         548148 kB
LowFree:           29624 kB
SwapTotal:             0 kB
SwapFree:              0 kB
Dirty:                88 kB
Writeback:             0 kB
AnonPages:        461780 kB
Mapped:           218176 kB
Shmem:              1456 kB
Slab:              32776 kB
SReclaimable:      11624 kB
SUnreclaim:        21152 kB
KernelStack:        9552 kB
PageTables:        19908 kB
NFS_Unstable:          0 kB
Bounce:                0 kB
WritebackTmp:          0 kB
CommitLimit:      675480 kB
Committed_AS:   46824484 kB
VmallocTotal:     253952 kB
VmallocUsed:       92596 kB
VmallocChunk:      52228 kB
Time pass: 35 sec

---2015-12-09 10:54:01
MemTotal:        1350964 kB
MemFree:           32964 kB
Buffers:            7596 kB
Cached:           560572 kB
SwapCached:            0 kB
Active:           662656 kB
Inactive:         382736 kB
Active(anon):     479284 kB
Inactive(anon):     1412 kB
Active(file):     183372 kB
Inactive(file):   381324 kB
Unevictable:        1988 kB
Mlocked:               0 kB
HighTotal:        802816 kB
HighFree:           2768 kB
LowTotal:         548148 kB
LowFree:           30196 kB
SwapTotal:             0 kB
SwapFree:              0 kB
Dirty:                80 kB
Writeback:             0 kB
AnonPages:        479244 kB
Mapped:           218792 kB
Shmem:              1456 kB
Slab:              32760 kB
SReclaimable:      11632 kB
SUnreclaim:        21128 kB
KernelStack:        9560 kB
PageTables:        20156 kB
NFS_Unstable:          0 kB
Bounce:                0 kB
WritebackTmp:          0 kB
CommitLimit:      675480 kB
Committed_AS:   46945144 kB
VmallocTotal:     253952 kB
VmallocUsed:       93048 kB
VmallocChunk:      52228 kB
Time pass: 39 sec

---2015-12-09 10:54:01
MemTotal:        1350964 kB
MemFree:           32592 kB
Buffers:            7604 kB
Cached:           556392 kB
SwapCached:            0 kB
Active:           664908 kB
Inactive:         378524 kB
Active(anon):     481476 kB
Inactive(anon):     1412 kB
Active(file):     183432 kB
Inactive(file):   377112 kB
Unevictable:        1988 kB
Mlocked:               0 kB
HighTotal:        802816 kB
HighFree:           2644 kB
LowTotal:         548148 kB
LowFree:           29948 kB
SwapTotal:             0 kB
SwapFree:              0 kB
Dirty:                40 kB
Writeback:             0 kB
AnonPages:        481532 kB
Mapped:           218772 kB
Shmem:              1456 kB
Slab:              32744 kB
SReclaimable:      11572 kB
SUnreclaim:        21172 kB
KernelStack:        9568 kB
PageTables:        20168 kB
NFS_Unstable:          0 kB
Bounce:                0 kB
WritebackTmp:          0 kB
CommitLimit:      675480 kB
Committed_AS:   46947112 kB
VmallocTotal:     253952 kB
VmallocUsed:       93048 kB
VmallocChunk:      52228 kB
Time pass: 42 sec

---2015-12-09 10:54:01
MemTotal:        1350964 kB
MemFree:           43356 kB
Buffers:            7656 kB
Cached:           557528 kB
SwapCached:            0 kB
Active:           675948 kB
Inactive:         379500 kB
Active(anon):     492308 kB
Inactive(anon):     1416 kB
Active(file):     183640 kB
Inactive(file):   378084 kB
Unevictable:        1988 kB
Mlocked:               0 kB
HighTotal:        802816 kB
HighFree:           5248 kB
LowTotal:         548148 kB
LowFree:           38108 kB
SwapTotal:             0 kB
SwapFree:              0 kB
Dirty:               168 kB
Writeback:             0 kB
AnonPages:        492432 kB
Mapped:           219856 kB
Shmem:              1460 kB
Slab:              32836 kB
SReclaimable:      11632 kB
SUnreclaim:        21204 kB
KernelStack:        9608 kB
PageTables:        20152 kB
NFS_Unstable:          0 kB
Bounce:                0 kB
WritebackTmp:          0 kB
CommitLimit:      675480 kB
Committed_AS:   46929448 kB
VmallocTotal:     253952 kB
VmallocUsed:       93048 kB
VmallocChunk:      52228 kB
Time pass: 46 sec

---2015-12-09 10:54:01
MemTotal:        1350964 kB
MemFree:           33404 kB
Buffers:            7656 kB
Cached:           552624 kB
SwapCached:            0 kB
Active:           680160 kB
Inactive:         374480 kB
Active(anon):     496392 kB
Inactive(anon):     1416 kB
Active(file):     183768 kB
Inactive(file):   373064 kB
Unevictable:        1988 kB
Mlocked:               0 kB
HighTotal:        802816 kB
HighFree:           3016 kB
LowTotal:         548148 kB
LowFree:           30388 kB
SwapTotal:             0 kB
SwapFree:              0 kB
Dirty:               648 kB
Writeback:             0 kB
AnonPages:        496404 kB
Mapped:           220004 kB
Shmem:              1460 kB
Slab:              32864 kB
SReclaimable:      11668 kB
SUnreclaim:        21196 kB
KernelStack:        9592 kB
PageTables:        20160 kB
NFS_Unstable:          0 kB
Bounce:                0 kB
WritebackTmp:          0 kB
CommitLimit:      675480 kB
Committed_AS:   46942288 kB
VmallocTotal:     253952 kB
VmallocUsed:       93048 kB
VmallocChunk:      52228 kB
Time pass: 50 sec

---2015-12-09 10:54:01
MemTotal:        1350964 kB
MemFree:           32468 kB
Buffers:            7664 kB
Cached:           552624 kB
SwapCached:            0 kB
Active:           678624 kB
Inactive:         374480 kB
Active(anon):     494856 kB
Inactive(anon):     1416 kB
Active(file):     183768 kB
Inactive(file):   373064 kB
Unevictable:        1988 kB
Mlocked:               0 kB
HighTotal:        802816 kB
HighFree:           2520 kB
LowTotal:         548148 kB
LowFree:           29948 kB
SwapTotal:             0 kB
SwapFree:              0 kB
Dirty:                56 kB
Writeback:             0 kB
AnonPages:        494868 kB
Mapped:           220064 kB
Shmem:              1460 kB
Slab:              32928 kB
SReclaimable:      11672 kB
SUnreclaim:        21256 kB
KernelStack:        9608 kB
PageTables:        20180 kB
NFS_Unstable:          0 kB
Bounce:                0 kB
WritebackTmp:          0 kB
CommitLimit:      675480 kB
Committed_AS:   46943364 kB
VmallocTotal:     253952 kB
VmallocUsed:       93048 kB
VmallocChunk:      52228 kB
Time pass: 53 sec

---2015-12-09 10:54:01
MemTotal:        1350964 kB
MemFree:           31464 kB
Buffers:            7656 kB
Cached:           545896 kB
SwapCached:            0 kB
Active:           681328 kB
Inactive:         367536 kB
Active(anon):     497480 kB
Inactive(anon):     1416 kB
Active(file):     183848 kB
Inactive(file):   366120 kB
Unevictable:        1988 kB
Mlocked:               0 kB
HighTotal:        802816 kB
HighFree:           2756 kB
LowTotal:         548148 kB
LowFree:           28708 kB
SwapTotal:             0 kB
SwapFree:              0 kB
Dirty:               180 kB
Writeback:             0 kB
AnonPages:        497484 kB
Mapped:           220836 kB
Shmem:              1460 kB
Slab:              32864 kB
SReclaimable:      11676 kB
SUnreclaim:        21188 kB
KernelStack:        9632 kB
PageTables:        20208 kB
NFS_Unstable:          0 kB
Bounce:                0 kB
WritebackTmp:          0 kB
CommitLimit:      675480 kB
Committed_AS:   46951960 kB
VmallocTotal:     253952 kB
VmallocUsed:       93048 kB
VmallocChunk:      52228 kB
Time pass: 57 sec

---2015-12-09 10:54:01
MemTotal:        1350964 kB
MemFree:           31104 kB
Buffers:            7656 kB
Cached:           545792 kB
SwapCached:            0 kB
Active:           681316 kB
Inactive:         367552 kB
Active(anon):     497456 kB
Inactive(anon):     1416 kB
Active(file):     183860 kB
Inactive(file):   366136 kB
Unevictable:        1988 kB
Mlocked:               0 kB
HighTotal:        802816 kB
HighFree:           2396 kB
LowTotal:         548148 kB
LowFree:           28708 kB
SwapTotal:             0 kB
SwapFree:              0 kB
Dirty:               224 kB
Writeback:             0 kB
AnonPages:        497420 kB
Mapped:           220848 kB
Shmem:              1460 kB
Slab:              33020 kB
SReclaimable:      11676 kB
SUnreclaim:        21344 kB
KernelStack:        9632 kB
PageTables:        20208 kB
NFS_Unstable:          0 kB
Bounce:                0 kB
WritebackTmp:          0 kB
CommitLimit:      675480 kB
Committed_AS:   46952020 kB
VmallocTotal:     253952 kB
VmallocUsed:       93048 kB
VmallocChunk:      52228 kB
Time pass: 61 sec

---2015-12-09 10:54:01
MemTotal:        1350964 kB
MemFree:           31028 kB
Buffers:            7660 kB
Cached:           536120 kB
SwapCached:            0 kB
Active:           687288 kB
Inactive:         357484 kB
Active(anon):     502920 kB
Inactive(anon):     1416 kB
Active(file):     184368 kB
Inactive(file):   356068 kB
Unevictable:        1988 kB
Mlocked:               0 kB
HighTotal:        802816 kB
HighFree:           1772 kB
LowTotal:         548148 kB
LowFree:           29256 kB
SwapTotal:             0 kB
SwapFree:              0 kB
Dirty:               632 kB
Writeback:             0 kB
AnonPages:        502968 kB
Mapped:           221200 kB
Shmem:              1460 kB
Slab:              33008 kB
SReclaimable:      11708 kB
SUnreclaim:        21300 kB
KernelStack:        9632 kB
PageTables:        20224 kB
NFS_Unstable:          0 kB
Bounce:                0 kB
WritebackTmp:          0 kB
CommitLimit:      675480 kB
Committed_AS:   46961656 kB
VmallocTotal:     253952 kB
VmallocUsed:       93048 kB
VmallocChunk:      52228 kB
Time pass: 64 sec

---2015-12-09 10:54:01
MemTotal:        1350964 kB
MemFree:           33280 kB
Buffers:            7628 kB
Cached:           532996 kB
SwapCached:            0 kB
Active:           686848 kB
Inactive:         353976 kB
Active(anon):     502372 kB
Inactive(anon):     1416 kB
Active(file):     184476 kB
Inactive(file):   352560 kB
Unevictable:        1988 kB
Mlocked:               0 kB
HighTotal:        802816 kB
HighFree:           3140 kB
LowTotal:         548148 kB
LowFree:           30140 kB
SwapTotal:             0 kB
SwapFree:              0 kB
Dirty:                40 kB
Writeback:             0 kB
AnonPages:        502420 kB
Mapped:           221740 kB
Shmem:              1460 kB
Slab:              33040 kB
SReclaimable:      11716 kB
SUnreclaim:        21324 kB
KernelStack:        9632 kB
PageTables:        20232 kB
NFS_Unstable:          0 kB
Bounce:                0 kB
WritebackTmp:          0 kB
CommitLimit:      675480 kB
Committed_AS:   46966352 kB
VmallocTotal:     253952 kB
VmallocUsed:       93048 kB
VmallocChunk:      52228 kB
Time pass: 68 sec

---2015-12-09 10:54:01
MemTotal:        1350964 kB
MemFree:           32712 kB
Buffers:            7536 kB
Cached:           523368 kB
SwapCached:            0 kB
Active:           699528 kB
Inactive:         341472 kB
Active(anon):     512212 kB
Inactive(anon):     1416 kB
Active(file):     187316 kB
Inactive(file):   340056 kB
Unevictable:        1988 kB
Mlocked:               0 kB
HighTotal:        802816 kB
HighFree:           2272 kB
LowTotal:         548148 kB
LowFree:           30440 kB
SwapTotal:             0 kB
SwapFree:              0 kB
Dirty:                 0 kB
Writeback:             0 kB
AnonPages:        512392 kB
Mapped:           225132 kB
Shmem:              1460 kB
Slab:              33224 kB
SReclaimable:      11732 kB
SUnreclaim:        21492 kB
KernelStack:        9696 kB
PageTables:        20276 kB
NFS_Unstable:          0 kB
Bounce:                0 kB
WritebackTmp:          0 kB
CommitLimit:      675480 kB
Committed_AS:   46978788 kB
VmallocTotal:     253952 kB
VmallocUsed:       93048 kB
VmallocChunk:      52228 kB
Time pass: 71 sec

---2015-12-09 10:54:01
MemTotal:        1350964 kB
MemFree:           30608 kB
Buffers:            7364 kB
Cached:           513104 kB
SwapCached:            0 kB
Active:           708144 kB
Inactive:         331032 kB
Active(anon):     520744 kB
Inactive(anon):     1532 kB
Active(file):     187400 kB
Inactive(file):   329500 kB
Unevictable:        1988 kB
Mlocked:               0 kB
HighTotal:        802816 kB
HighFree:           1652 kB
LowTotal:         548148 kB
LowFree:           28956 kB
SwapTotal:             0 kB
SwapFree:              0 kB
Dirty:               108 kB
Writeback:             0 kB
AnonPages:        520844 kB
Mapped:           226168 kB
Shmem:              1580 kB
Slab:              33168 kB
SReclaimable:      11736 kB
SUnreclaim:        21432 kB
KernelStack:        9824 kB
PageTables:        20408 kB
NFS_Unstable:          0 kB
Bounce:                0 kB
WritebackTmp:          0 kB
CommitLimit:      675480 kB
Committed_AS:   46998100 kB
VmallocTotal:     253952 kB
VmallocUsed:       93708 kB
VmallocChunk:      52228 kB
Time pass: 75 sec

---2015-12-09 10:54:01
MemTotal:        1350964 kB
MemFree:           32380 kB
Buffers:            7384 kB
Cached:           503320 kB
SwapCached:            0 kB
Active:           712496 kB
Inactive:         320576 kB
Active(anon):     524432 kB
Inactive(anon):     1560 kB
Active(file):     188064 kB
Inactive(file):   319016 kB
Unevictable:        1988 kB
Mlocked:               0 kB
HighTotal:        802816 kB
HighFree:           2376 kB
LowTotal:         548148 kB
LowFree:           30004 kB
SwapTotal:             0 kB
SwapFree:              0 kB
Dirty:                 0 kB
Writeback:             0 kB
AnonPages:        524560 kB
Mapped:           226228 kB
Shmem:              1636 kB
Slab:              33216 kB
SReclaimable:      11736 kB
SUnreclaim:        21480 kB
KernelStack:        9840 kB
PageTables:        20580 kB
NFS_Unstable:          0 kB
Bounce:                0 kB
WritebackTmp:          0 kB
CommitLimit:      675480 kB
Committed_AS:   47004024 kB
VmallocTotal:     253952 kB
VmallocUsed:       94144 kB
VmallocChunk:      52228 kB
Time pass: 79 sec

---2015-12-09 10:54:01
MemTotal:        1350964 kB
MemFree:           31856 kB
Buffers:            7384 kB
Cached:           503424 kB
SwapCached:            0 kB
Active:           712440 kB
Inactive:         320708 kB
Active(anon):     524376 kB
Inactive(anon):     1676 kB
Active(file):     188064 kB
Inactive(file):   319032 kB
Unevictable:        1988 kB
Mlocked:               0 kB
HighTotal:        802816 kB
HighFree:           2496 kB
LowTotal:         548148 kB
LowFree:           29360 kB
SwapTotal:             0 kB
SwapFree:              0 kB
Dirty:                44 kB
Writeback:             0 kB
AnonPages:        524380 kB
Mapped:           226316 kB
Shmem:              1724 kB
Slab:              33340 kB
SReclaimable:      11736 kB
SUnreclaim:        21604 kB
KernelStack:        9832 kB
PageTables:        20580 kB
NFS_Unstable:          0 kB
Bounce:                0 kB
WritebackTmp:          0 kB
CommitLimit:      675480 kB
Committed_AS:   47003800 kB
VmallocTotal:     253952 kB
VmallocUsed:       94144 kB
VmallocChunk:      52228 kB
Time pass: 83 sec

---2015-12-09 10:54:01
MemTotal:        1350964 kB
MemFree:           31148 kB
Buffers:            7408 kB
Cached:           503408 kB
SwapCached:            0 kB
Active:           713256 kB
Inactive:         320716 kB
Active(anon):     525192 kB
Inactive(anon):     1676 kB
Active(file):     188064 kB
Inactive(file):   319040 kB
Unevictable:        1988 kB
Mlocked:               0 kB
HighTotal:        802816 kB
HighFree:           2148 kB
LowTotal:         548148 kB
LowFree:           29000 kB
SwapTotal:             0 kB
SwapFree:              0 kB
Dirty:                 4 kB
Writeback:             0 kB
AnonPages:        525048 kB
Mapped:           226368 kB
Shmem:              1724 kB
Slab:              33524 kB
SReclaimable:      11736 kB
SUnreclaim:        21788 kB
KernelStack:        9824 kB
PageTables:        20580 kB
NFS_Unstable:          0 kB
Bounce:                0 kB
WritebackTmp:          0 kB
CommitLimit:      675480 kB
Committed_AS:   47005056 kB
VmallocTotal:     253952 kB
VmallocUsed:       94144 kB
VmallocChunk:      52228 kB
Time pass: 87 sec

---2015-12-09 10:54:01
MemTotal:        1350964 kB
MemFree:           33896 kB
Buffers:            7304 kB
Cached:           501036 kB
SwapCached:            0 kB
Active:           714872 kB
Inactive:         317796 kB
Active(anon):     526364 kB
Inactive(anon):     1596 kB
Active(file):     188508 kB
Inactive(file):   316200 kB
Unevictable:        1988 kB
Mlocked:               0 kB
HighTotal:        802816 kB
HighFree:           3016 kB
LowTotal:         548148 kB
LowFree:           30880 kB
SwapTotal:             0 kB
SwapFree:              0 kB
Dirty:               188 kB
Writeback:             0 kB
AnonPages:        526568 kB
Mapped:           226288 kB
Shmem:              1644 kB
Slab:              33400 kB
SReclaimable:      11736 kB
SUnreclaim:        21664 kB
KernelStack:        9856 kB
PageTables:        20480 kB
NFS_Unstable:          0 kB
Bounce:                0 kB
WritebackTmp:          0 kB
CommitLimit:      675480 kB
Committed_AS:   47005384 kB
VmallocTotal:     253952 kB
VmallocUsed:       94480 kB
VmallocChunk:      52228 kB
Time pass: 91 sec

---2015-12-09 10:54:01
MemTotal:        1350964 kB
MemFree:           36060 kB
Buffers:            7304 kB
Cached:           493432 kB
SwapCached:            0 kB
Active:           722956 kB
Inactive:         303548 kB
Active(anon):     527808 kB
Inactive(anon):     1632 kB
Active(file):     195148 kB
Inactive(file):   301916 kB
Unevictable:        1988 kB
Mlocked:               0 kB
HighTotal:        802816 kB
HighFree:           3992 kB
LowTotal:         548148 kB
LowFree:           32068 kB
SwapTotal:             0 kB
SwapFree:              0 kB
Dirty:                44 kB
Writeback:             0 kB
AnonPages:        527792 kB
Mapped:           226324 kB
Shmem:              1684 kB
Slab:              33316 kB
SReclaimable:      11736 kB
SUnreclaim:        21580 kB
KernelStack:        9888 kB
PageTables:        20608 kB
NFS_Unstable:          0 kB
Bounce:                0 kB
WritebackTmp:          0 kB
CommitLimit:      675480 kB
Committed_AS:   47009488 kB
VmallocTotal:     253952 kB
VmallocUsed:       94816 kB
VmallocChunk:      52228 kB
Time pass: 94 sec

---2015-12-09 10:54:01
MemTotal:        1350964 kB
MemFree:           36676 kB
Buffers:            7312 kB
Cached:           493472 kB
SwapCached:            0 kB
Active:           721084 kB
Inactive:         303560 kB
Active(anon):     525936 kB
Inactive(anon):     1644 kB
Active(file):     195148 kB
Inactive(file):   301916 kB
Unevictable:        1988 kB
Mlocked:               0 kB
HighTotal:        802816 kB
HighFree:           4336 kB
LowTotal:         548148 kB
LowFree:           32340 kB
SwapTotal:             0 kB
SwapFree:              0 kB
Dirty:                28 kB
Writeback:             0 kB
AnonPages:        525980 kB
Mapped:           226364 kB
Shmem:              1724 kB
Slab:              33400 kB
SReclaimable:      11736 kB
SUnreclaim:        21664 kB
KernelStack:        9888 kB
PageTables:        20604 kB
NFS_Unstable:          0 kB
Bounce:                0 kB
WritebackTmp:          0 kB
CommitLimit:      675480 kB
Committed_AS:   47009436 kB
VmallocTotal:     253952 kB
VmallocUsed:       94816 kB
VmallocChunk:      52228 kB
Time pass: 98 sec

---2015-12-09 10:54:01
MemTotal:        1350964 kB
MemFree:           36440 kB
Buffers:            7328 kB
Cached:           493472 kB
SwapCached:            0 kB
Active:           722192 kB
Inactive:         303620 kB
Active(anon):     527044 kB
Inactive(anon):     1676 kB
Active(file):     195148 kB
Inactive(file):   301944 kB
Unevictable:        1988 kB
Mlocked:               0 kB
HighTotal:        802816 kB
HighFree:           4132 kB
LowTotal:         548148 kB
LowFree:           32308 kB
SwapTotal:             0 kB
SwapFree:              0 kB
Dirty:                40 kB
Writeback:             0 kB
AnonPages:        527028 kB
Mapped:           226320 kB
Shmem:              1724 kB
Slab:              33420 kB
SReclaimable:      11736 kB
SUnreclaim:        21684 kB
KernelStack:        9872 kB
PageTables:        20588 kB
NFS_Unstable:          0 kB
Bounce:                0 kB
WritebackTmp:          0 kB
CommitLimit:      675480 kB
Committed_AS:   47010432 kB
VmallocTotal:     253952 kB
VmallocUsed:       94816 kB
VmallocChunk:      52228 kB
Time pass: 102 sec

---2015-12-09 10:54:01
MemTotal:        1350964 kB
MemFree:           36440 kB
Buffers:            7336 kB
Cached:           493492 kB
SwapCached:            0 kB
Active:           722248 kB
Inactive:         303616 kB
Active(anon):     527100 kB
Inactive(anon):     1676 kB
Active(file):     195148 kB
Inactive(file):   301940 kB
Unevictable:        1988 kB
Mlocked:               0 kB
HighTotal:        802816 kB
HighFree:           4132 kB
LowTotal:         548148 kB
LowFree:           32308 kB
SwapTotal:             0 kB
SwapFree:              0 kB
Dirty:                 0 kB
Writeback:             0 kB
AnonPages:        527132 kB
Mapped:           226396 kB
Shmem:              1752 kB
Slab:              33452 kB
SReclaimable:      11744 kB
SUnreclaim:        21708 kB
KernelStack:        9880 kB
PageTables:        20612 kB
NFS_Unstable:          0 kB
Bounce:                0 kB
WritebackTmp:          0 kB
CommitLimit:      675480 kB
Committed_AS:   47010420 kB
VmallocTotal:     253952 kB
VmallocUsed:       94816 kB
VmallocChunk:      52228 kB
Time pass: 105 sec

---2015-12-09 10:54:01
MemTotal:        1350964 kB
MemFree:           37564 kB
Buffers:            7336 kB
Cached:           493500 kB
SwapCached:            0 kB
Active:           721064 kB
Inactive:         303652 kB
Active(anon):     525916 kB
Inactive(anon):     1704 kB
Active(file):     195148 kB
Inactive(file):   301948 kB
Unevictable:        1988 kB
Mlocked:               0 kB
HighTotal:        802816 kB
HighFree:           5248 kB
LowTotal:         548148 kB
LowFree:           32316 kB
SwapTotal:             0 kB
SwapFree:              0 kB
Dirty:                28 kB
Writeback:             0 kB
AnonPages:        525988 kB
Mapped:           226396 kB
Shmem:              1752 kB
Slab:              33368 kB
SReclaimable:      11744 kB
SUnreclaim:        21624 kB
KernelStack:        9872 kB
PageTables:        20612 kB
NFS_Unstable:          0 kB
Bounce:                0 kB
WritebackTmp:          0 kB
CommitLimit:      675480 kB
Committed_AS:   47009204 kB
VmallocTotal:     253952 kB
VmallocUsed:       94816 kB
VmallocChunk:      52228 kB
Time pass: 109 sec

---2015-12-09 10:54:01
MemTotal:        1350964 kB
MemFree:           37236 kB
Buffers:            7336 kB
Cached:           493500 kB
SwapCached:            0 kB
Active:           721152 kB
Inactive:         303652 kB
Active(anon):     526004 kB
Inactive(anon):     1704 kB
Active(file):     195148 kB
Inactive(file):   301948 kB
Unevictable:        1988 kB
Mlocked:               0 kB
HighTotal:        802816 kB
HighFree:           4828 kB
LowTotal:         548148 kB
LowFree:           32408 kB
SwapTotal:             0 kB
SwapFree:              0 kB
Dirty:                 0 kB
Writeback:             0 kB
AnonPages:        526028 kB
Mapped:           226248 kB
Shmem:              1752 kB
Slab:              33416 kB
SReclaimable:      11744 kB
SUnreclaim:        21672 kB
KernelStack:        9872 kB
PageTables:        20612 kB
NFS_Unstable:          0 kB
Bounce:                0 kB
WritebackTmp:          0 kB
CommitLimit:      675480 kB
Committed_AS:   47009176 kB
VmallocTotal:     253952 kB
VmallocUsed:       94816 kB
VmallocChunk:      52228 kB
Time pass: 112 sec

---2015-12-09 10:54:01
MemTotal:        1350964 kB
MemFree:           48096 kB
Buffers:            7336 kB
Cached:           493504 kB
SwapCached:            0 kB
Active:           714916 kB
Inactive:         303564 kB
Active(anon):     519768 kB
Inactive(anon):     1416 kB
Active(file):     195148 kB
Inactive(file):   302148 kB
Unevictable:        1988 kB
Mlocked:               0 kB
HighTotal:        802816 kB
HighFree:          11352 kB
LowTotal:         548148 kB
LowFree:           36744 kB
SwapTotal:             0 kB
SwapFree:              0 kB
Dirty:                 4 kB
Writeback:             0 kB
AnonPages:        519520 kB
Mapped:           225840 kB
Shmem:              1460 kB
Slab:              33420 kB
SReclaimable:      11744 kB
SUnreclaim:        21676 kB
KernelStack:        9800 kB
PageTables:        20352 kB
NFS_Unstable:          0 kB
Bounce:                0 kB
WritebackTmp:          0 kB
CommitLimit:      675480 kB
Committed_AS:   46983580 kB
VmallocTotal:     253952 kB
VmallocUsed:       94620 kB
VmallocChunk:      52228 kB
Time pass: 116 sec

---2015-12-09 10:54:01
MemTotal:        1350964 kB
MemFree:          207136 kB
Buffers:            7376 kB
Cached:           493468 kB
SwapCached:            0 kB
Active:           645604 kB
Inactive:         303308 kB
Active(anon):     450128 kB
Inactive(anon):     1280 kB
Active(file):     195476 kB
Inactive(file):   302028 kB
Unevictable:        1988 kB
Mlocked:               0 kB
HighTotal:        802816 kB
HighFree:         103308 kB
LowTotal:         548148 kB
LowFree:          103828 kB
SwapTotal:             0 kB
SwapFree:              0 kB
Dirty:               180 kB
Writeback:             0 kB
AnonPages:        450036 kB
Mapped:           195496 kB
Shmem:              1324 kB
Slab:              33196 kB
SReclaimable:      11744 kB
SUnreclaim:        21452 kB
KernelStack:        9016 kB
PageTables:        19060 kB
NFS_Unstable:          0 kB
Bounce:                0 kB
WritebackTmp:          0 kB
CommitLimit:      675480 kB
Committed_AS:   45118976 kB
VmallocTotal:     253952 kB
VmallocUsed:       90808 kB
VmallocChunk:      52228 kB
Time pass: 120 sec

---2015-12-09 10:54:01
MemTotal:        1350964 kB
MemFree:          202624 kB
Buffers:            7384 kB
Cached:           493460 kB
SwapCached:            0 kB
Active:           650932 kB
Inactive:         303336 kB
Active(anon):     455456 kB
Inactive(anon):     1280 kB
Active(file):     195476 kB
Inactive(file):   302056 kB
Unevictable:        1988 kB
Mlocked:               0 kB
HighTotal:        802816 kB
HighFree:          98904 kB
LowTotal:         548148 kB
LowFree:          103720 kB
SwapTotal:             0 kB
SwapFree:              0 kB
Dirty:                 0 kB
Writeback:             0 kB
AnonPages:        455500 kB
Mapped:           195792 kB
Shmem:              1324 kB
Slab:              33152 kB
SReclaimable:      11744 kB
SUnreclaim:        21408 kB
KernelStack:        9032 kB
PageTables:        19412 kB
NFS_Unstable:          0 kB
Bounce:                0 kB
WritebackTmp:          0 kB
CommitLimit:      675480 kB
Committed_AS:   46904644 kB
VmallocTotal:     253952 kB
VmallocUsed:       91836 kB
VmallocChunk:      52228 kB
Time pass: 123 sec

---2015-12-09 10:54:01
MemTotal:        1350964 kB
MemFree:          155592 kB
Buffers:            7416 kB
Cached:           493956 kB
SwapCached:            0 kB
Active:           664852 kB
Inactive:         303288 kB
Active(anon):     468852 kB
Inactive(anon):     1492 kB
Active(file):     196000 kB
Inactive(file):   301796 kB
Unevictable:        1988 kB
Mlocked:               0 kB
HighTotal:        802816 kB
HighFree:          72736 kB
LowTotal:         548148 kB
LowFree:           82856 kB
SwapTotal:             0 kB
SwapFree:              0 kB
Dirty:               856 kB
Writeback:             0 kB
AnonPages:        468952 kB
Mapped:           215748 kB
Shmem:              1452 kB
Slab:              33176 kB
SReclaimable:      11744 kB
SUnreclaim:        21432 kB
KernelStack:        9392 kB
PageTables:        19740 kB
NFS_Unstable:          0 kB
Bounce:                0 kB
WritebackTmp:          0 kB
CommitLimit:      675480 kB
Committed_AS:   46081044 kB
VmallocTotal:     253952 kB
VmallocUsed:       92708 kB
VmallocChunk:      52228 kB
Time pass: 127 sec

---2015-12-09 10:54:01
MemTotal:        1350964 kB
MemFree:          130128 kB
Buffers:            7432 kB
Cached:           494884 kB
SwapCached:            0 kB
Active:           677480 kB
Inactive:         304148 kB
Active(anon):     481436 kB
Inactive(anon):     1412 kB
Active(file):     196044 kB
Inactive(file):   302736 kB
Unevictable:        1988 kB
Mlocked:               0 kB
HighTotal:        802816 kB
HighFree:          48400 kB
LowTotal:         548148 kB
LowFree:           81728 kB
SwapTotal:             0 kB
SwapFree:              0 kB
Dirty:               384 kB
Writeback:             0 kB
AnonPages:        481472 kB
Mapped:           221208 kB
Shmem:              1456 kB
Slab:              33236 kB
SReclaimable:      11744 kB
SUnreclaim:        21492 kB
KernelStack:        9600 kB
PageTables:        20076 kB
NFS_Unstable:          0 kB
Bounce:                0 kB
WritebackTmp:          0 kB
CommitLimit:      675480 kB
Committed_AS:   46893152 kB
VmallocTotal:     253952 kB
VmallocUsed:       93728 kB
VmallocChunk:      52228 kB
Time pass: 131 sec

---2015-12-09 10:54:01
MemTotal:        1350964 kB
MemFree:          113716 kB
Buffers:            7448 kB
Cached:           495260 kB
SwapCached:            0 kB
Active:           684276 kB
Inactive:         304608 kB
Active(anon):     488208 kB
Inactive(anon):     1412 kB
Active(file):     196068 kB
Inactive(file):   303196 kB
Unevictable:        1988 kB
Mlocked:               0 kB
HighTotal:        802816 kB
HighFree:          33408 kB
LowTotal:         548148 kB
LowFree:           80308 kB
SwapTotal:             0 kB
SwapFree:              0 kB
Dirty:                56 kB
Writeback:             0 kB
AnonPages:        488120 kB
Mapped:           221224 kB
Shmem:              1456 kB
Slab:              33360 kB
SReclaimable:      11744 kB
SUnreclaim:        21616 kB
KernelStack:        9616 kB
PageTables:        20112 kB
NFS_Unstable:          0 kB
Bounce:                0 kB
WritebackTmp:          0 kB
CommitLimit:      675480 kB
Committed_AS:   46913036 kB
VmallocTotal:     253952 kB
VmallocUsed:       93728 kB
VmallocChunk:      52228 kB
Time pass: 134 sec

---2015-12-09 10:54:01
MemTotal:        1350964 kB
MemFree:          101116 kB
Buffers:            7488 kB
Cached:           495420 kB
SwapCached:            0 kB
Active:           688608 kB
Inactive:         304552 kB
Active(anon):     492284 kB
Inactive(anon):     1412 kB
Active(file):     196324 kB
Inactive(file):   303140 kB
Unevictable:        1988 kB
Mlocked:               0 kB
HighTotal:        802816 kB
HighFree:          22732 kB
LowTotal:         548148 kB
LowFree:           78384 kB
SwapTotal:             0 kB
SwapFree:              0 kB
Dirty:                 0 kB
Writeback:             0 kB
AnonPages:        492276 kB
Mapped:           221944 kB
Shmem:              1456 kB
Slab:              33364 kB
SReclaimable:      11752 kB
SUnreclaim:        21612 kB
KernelStack:        9504 kB
PageTables:        20144 kB
NFS_Unstable:          0 kB
Bounce:                0 kB
WritebackTmp:          0 kB
CommitLimit:      675480 kB
Committed_AS:   46924760 kB
VmallocTotal:     253952 kB
VmallocUsed:       93728 kB
VmallocChunk:      52228 kB
Time pass: 138 sec

---2015-12-09 10:54:01
MemTotal:        1350964 kB
MemFree:           78800 kB
Buffers:            7488 kB
Cached:           495732 kB
SwapCached:            0 kB
Active:           697412 kB
Inactive:         304312 kB
Active(anon):     500556 kB
Inactive(anon):     1412 kB
Active(file):     196856 kB
Inactive(file):   302900 kB
Unevictable:        1988 kB
Mlocked:               0 kB
HighTotal:        802816 kB
HighFree:           4240 kB
LowTotal:         548148 kB
LowFree:           74560 kB
SwapTotal:             0 kB
SwapFree:              0 kB
Dirty:               936 kB
Writeback:             0 kB
AnonPages:        500564 kB
Mapped:           221944 kB
Shmem:              1456 kB
Slab:              33324 kB
SReclaimable:      11752 kB
SUnreclaim:        21572 kB
KernelStack:        9496 kB
PageTables:        20164 kB
NFS_Unstable:          0 kB
Bounce:                0 kB
WritebackTmp:          0 kB
CommitLimit:      675480 kB
Committed_AS:   46946712 kB
VmallocTotal:     253952 kB
VmallocUsed:       93728 kB
VmallocChunk:      52228 kB
Time pass: 141 sec

---2015-12-09 10:54:01
MemTotal:        1350964 kB
MemFree:           74016 kB
Buffers:            7496 kB
Cached:           495744 kB
SwapCached:            0 kB
Active:           696480 kB
Inactive:         304348 kB
Active(anon):     499620 kB
Inactive(anon):     1412 kB
Active(file):     196860 kB
Inactive(file):   302936 kB
Unevictable:        1988 kB
Mlocked:               0 kB
HighTotal:        802816 kB
HighFree:           1884 kB
LowTotal:         548148 kB
LowFree:           72132 kB
SwapTotal:             0 kB
SwapFree:              0 kB
Dirty:               476 kB
Writeback:             0 kB
AnonPages:        499496 kB
Mapped:           221856 kB
Shmem:              1456 kB
Slab:              33384 kB
SReclaimable:      11768 kB
SUnreclaim:        21616 kB
KernelStack:        9496 kB
PageTables:        20196 kB
NFS_Unstable:          0 kB
Bounce:                0 kB
WritebackTmp:          0 kB
CommitLimit:      675480 kB
Committed_AS:   46951044 kB
VmallocTotal:     253952 kB
VmallocUsed:       93728 kB
VmallocChunk:      52228 kB
Time pass: 145 sec

---2015-12-09 10:54:01
MemTotal:        1350964 kB
MemFree:           73652 kB
Buffers:            7512 kB
Cached:           495736 kB
SwapCached:            0 kB
Active:           696492 kB
Inactive:         304356 kB
Active(anon):     499632 kB
Inactive(anon):     1412 kB
Active(file):     196860 kB
Inactive(file):   302944 kB
Unevictable:        1988 kB
Mlocked:               0 kB
HighTotal:        802816 kB
HighFree:           1512 kB
LowTotal:         548148 kB
LowFree:           72140 kB
SwapTotal:             0 kB
SwapFree:              0 kB
Dirty:               120 kB
Writeback:             0 kB
AnonPages:        499676 kB
Mapped:           221856 kB
Shmem:              1456 kB
Slab:              33432 kB
SReclaimable:      11768 kB
SUnreclaim:        21664 kB
KernelStack:        9488 kB
PageTables:        20196 kB
NFS_Unstable:          0 kB
Bounce:                0 kB
WritebackTmp:          0 kB
CommitLimit:      675480 kB
Committed_AS:   46950788 kB
VmallocTotal:     253952 kB
VmallocUsed:       93728 kB
VmallocChunk:      52228 kB
Time pass: 149 sec

---2015-12-09 10:54:01
MemTotal:        1350964 kB
MemFree:           72684 kB
Buffers:            7512 kB
Cached:           495744 kB
SwapCached:            0 kB
Active:           696824 kB
Inactive:         304364 kB
Active(anon):     499964 kB
Inactive(anon):     1412 kB
Active(file):     196860 kB
Inactive(file):   302952 kB
Unevictable:        1988 kB
Mlocked:               0 kB
HighTotal:        802816 kB
HighFree:           1512 kB
LowTotal:         548148 kB
LowFree:           71172 kB
SwapTotal:             0 kB
SwapFree:              0 kB
Dirty:                56 kB
Writeback:             0 kB
AnonPages:        499968 kB
Mapped:           222004 kB
Shmem:              1456 kB
Slab:              33428 kB
SReclaimable:      11768 kB
SUnreclaim:        21660 kB
KernelStack:        9480 kB
PageTables:        20196 kB
NFS_Unstable:          0 kB
Bounce:                0 kB
WritebackTmp:          0 kB
CommitLimit:      675480 kB
Committed_AS:   46951228 kB
VmallocTotal:     253952 kB
VmallocUsed:       93728 kB
VmallocChunk:      52228 kB
Time pass: 152 sec

---2015-12-09 10:54:01
MemTotal:        1350964 kB
MemFree:           63264 kB
Buffers:            7536 kB
Cached:           495892 kB
SwapCached:            0 kB
Active:           704860 kB
Inactive:         304428 kB
Active(anon):     507900 kB
Inactive(anon):     1528 kB
Active(file):     196960 kB
Inactive(file):   302900 kB
Unevictable:        1988 kB
Mlocked:               0 kB
HighTotal:        802816 kB
HighFree:           1488 kB
LowTotal:         548148 kB
LowFree:           61776 kB
SwapTotal:             0 kB
SwapFree:              0 kB
Dirty:                76 kB
Writeback:             0 kB
AnonPages:        507740 kB
Mapped:           224636 kB
Shmem:              1580 kB
Slab:              33468 kB
SReclaimable:      11784 kB
SUnreclaim:        21684 kB
KernelStack:        9680 kB
PageTables:        20352 kB
NFS_Unstable:          0 kB
Bounce:                0 kB
WritebackTmp:          0 kB
CommitLimit:      675480 kB
Committed_AS:   46976396 kB
VmallocTotal:     253952 kB
VmallocUsed:       94040 kB
VmallocChunk:      52228 kB
Time pass: 156 sec

---2015-12-09 10:54:01
MemTotal:        1350964 kB
MemFree:           58868 kB
Buffers:            7536 kB
Cached:           495928 kB
SwapCached:            0 kB
Active:           707192 kB
Inactive:         304464 kB
Active(anon):     510228 kB
Inactive(anon):     1564 kB
Active(file):     196964 kB
Inactive(file):   302900 kB
Unevictable:        1988 kB
Mlocked:               0 kB
HighTotal:        802816 kB
HighFree:           1512 kB
LowTotal:         548148 kB
LowFree:           57356 kB
SwapTotal:             0 kB
SwapFree:              0 kB
Dirty:                 4 kB
Writeback:             0 kB
AnonPages:        510140 kB
Mapped:           225112 kB
Shmem:              1612 kB
Slab:              33536 kB
SReclaimable:      11784 kB
SUnreclaim:        21752 kB
KernelStack:        9704 kB
PageTables:        20408 kB
NFS_Unstable:          0 kB
Bounce:                0 kB
WritebackTmp:          0 kB
CommitLimit:      675480 kB
Committed_AS:   46979864 kB
VmallocTotal:     253952 kB
VmallocUsed:       94376 kB
VmallocChunk:      52228 kB
Time pass: 159 sec

---2015-12-09 10:54:01
MemTotal:        1350964 kB
MemFree:           58116 kB
Buffers:            7544 kB
Cached:           496056 kB
SwapCached:            0 kB
Active:           707484 kB
Inactive:         304536 kB
Active(anon):     510520 kB
Inactive(anon):     1636 kB
Active(file):     196964 kB
Inactive(file):   302900 kB
Unevictable:        1988 kB
Mlocked:               0 kB
HighTotal:        802816 kB
HighFree:           1512 kB
LowTotal:         548148 kB
LowFree:           56604 kB
SwapTotal:             0 kB
SwapFree:              0 kB
Dirty:                44 kB
Writeback:             0 kB
AnonPages:        510532 kB
Mapped:           225236 kB
Shmem:              1736 kB
Slab:              33584 kB
SReclaimable:      11784 kB
SUnreclaim:        21800 kB
KernelStack:        9712 kB
PageTables:        20412 kB
NFS_Unstable:          0 kB
Bounce:                0 kB
WritebackTmp:          0 kB
CommitLimit:      675480 kB
Committed_AS:   46979680 kB
VmallocTotal:     253952 kB
VmallocUsed:       94376 kB
VmallocChunk:      52228 kB
Time pass: 163 sec

---2015-12-09 10:54:01
MemTotal:        1350964 kB
MemFree:           57720 kB
Buffers:            7544 kB
Cached:           496056 kB
SwapCached:            0 kB
Active:           708040 kB
Inactive:         304600 kB
Active(anon):     511076 kB
Inactive(anon):     1688 kB
Active(file):     196964 kB
Inactive(file):   302912 kB
Unevictable:        1988 kB
Mlocked:               0 kB
HighTotal:        802816 kB
HighFree:           1512 kB
LowTotal:         548148 kB
LowFree:           56208 kB
SwapTotal:             0 kB
SwapFree:              0 kB
Dirty:                 4 kB
Writeback:             0 kB
AnonPages:        511208 kB
Mapped:           225236 kB
Shmem:              1736 kB
Slab:              33644 kB
SReclaimable:      11784 kB
SUnreclaim:        21860 kB
KernelStack:        9712 kB
PageTables:        20412 kB
NFS_Unstable:          0 kB
Bounce:                0 kB
WritebackTmp:          0 kB
CommitLimit:      675480 kB
Committed_AS:   46986100 kB
VmallocTotal:     253952 kB
VmallocUsed:       94376 kB
VmallocChunk:      52228 kB
Time pass: 166 sec

---2015-12-09 10:54:01
MemTotal:        1350964 kB
MemFree:           50772 kB
Buffers:            7584 kB
Cached:           495780 kB
SwapCached:            0 kB
Active:           717548 kB
Inactive:         304204 kB
Active(anon):     520420 kB
Inactive(anon):     1412 kB
Active(file):     197128 kB
Inactive(file):   302792 kB
Unevictable:        1988 kB
Mlocked:               0 kB
HighTotal:        802816 kB
HighFree:           1512 kB
LowTotal:         548148 kB
LowFree:           49260 kB
SwapTotal:             0 kB
SwapFree:              0 kB
Dirty:                 8 kB
Writeback:             0 kB
AnonPages:        520524 kB
Mapped:           224844 kB
Shmem:              1456 kB
Slab:              33440 kB
SReclaimable:      11784 kB
SUnreclaim:        21656 kB
KernelStack:        9656 kB
PageTables:        20376 kB
NFS_Unstable:          0 kB
Bounce:                0 kB
WritebackTmp:          0 kB
CommitLimit:      675480 kB
Committed_AS:   46982532 kB
VmallocTotal:     253952 kB
VmallocUsed:       94180 kB
VmallocChunk:      52228 kB
Time pass: 172 sec

---2015-12-09 10:54:01
MemTotal:        1350964 kB
MemFree:           55884 kB
Buffers:            7600 kB
Cached:           495780 kB
SwapCached:            0 kB
Active:           712600 kB
Inactive:         304220 kB
Active(anon):     515472 kB
Inactive(anon):     1412 kB
Active(file):     197128 kB
Inactive(file):   302808 kB
Unevictable:        1988 kB
Mlocked:               0 kB
HighTotal:        802816 kB
HighFree:           4488 kB
LowTotal:         548148 kB
LowFree:           51396 kB
SwapTotal:             0 kB
SwapFree:              0 kB
Dirty:                 0 kB
Writeback:             0 kB
AnonPages:        515372 kB
Mapped:           224988 kB
Shmem:              1456 kB
Slab:              33484 kB
SReclaimable:      11784 kB
SUnreclaim:        21700 kB
KernelStack:        9536 kB
PageTables:        20312 kB
NFS_Unstable:          0 kB
Bounce:                0 kB
WritebackTmp:          0 kB
CommitLimit:      675480 kB
Committed_AS:   46969348 kB
VmallocTotal:     253952 kB
VmallocUsed:       94180 kB
VmallocChunk:      52228 kB
Time pass: 176 sec

---2015-12-09 10:54:01
MemTotal:        1350964 kB
MemFree:           55312 kB
Buffers:            7608 kB
Cached:           495780 kB
SwapCached:            0 kB
Active:           712608 kB
Inactive:         304220 kB
Active(anon):     515480 kB
Inactive(anon):     1412 kB
Active(file):     197128 kB
Inactive(file):   302808 kB
Unevictable:        1988 kB
Mlocked:               0 kB
HighTotal:        802816 kB
HighFree:           3992 kB
LowTotal:         548148 kB
LowFree:           51320 kB
SwapTotal:             0 kB
SwapFree:              0 kB
Dirty:                36 kB
Writeback:             0 kB
AnonPages:        515552 kB
Mapped:           224988 kB
Shmem:              1456 kB
Slab:              33468 kB
SReclaimable:      11784 kB
SUnreclaim:        21684 kB
KernelStack:        9536 kB
PageTables:        20316 kB
NFS_Unstable:          0 kB
Bounce:                0 kB
WritebackTmp:          0 kB
CommitLimit:      675480 kB
Committed_AS:   46969316 kB
VmallocTotal:     253952 kB
VmallocUsed:       94180 kB
VmallocChunk:      52228 kB
Time pass: 180 sec

---2015-12-09 10:54:01
MemTotal:        1350964 kB
MemFree:           55164 kB
Buffers:            7608 kB
Cached:           495780 kB
SwapCached:            0 kB
Active:           712648 kB
Inactive:         304228 kB
Active(anon):     515520 kB
Inactive(anon):     1412 kB
Active(file):     197128 kB
Inactive(file):   302816 kB
Unevictable:        1988 kB
Mlocked:               0 kB
HighTotal:        802816 kB
HighFree:           3868 kB
LowTotal:         548148 kB
LowFree:           51296 kB
SwapTotal:             0 kB
SwapFree:              0 kB
Dirty:                 0 kB
Writeback:             0 kB
AnonPages:        515616 kB
Mapped:           224988 kB
Shmem:              1456 kB
Slab:              33468 kB
SReclaimable:      11784 kB
SUnreclaim:        21684 kB
KernelStack:        9536 kB
PageTables:        20312 kB
NFS_Unstable:          0 kB
Bounce:                0 kB
WritebackTmp:          0 kB
CommitLimit:      675480 kB
Committed_AS:   46969348 kB
VmallocTotal:     253952 kB
VmallocUsed:       94180 kB
VmallocChunk:      52228 kB
Time pass: 183 sec

---2015-12-09 10:54:01
MemTotal:        1350964 kB
MemFree:           55204 kB
Buffers:            7608 kB
Cached:           495780 kB
SwapCached:            0 kB
Active:           712680 kB
Inactive:         304228 kB
Active(anon):     515552 kB
Inactive(anon):     1412 kB
Active(file):     197128 kB
Inactive(file):   302816 kB
Unevictable:        1988 kB
Mlocked:               0 kB
HighTotal:        802816 kB
HighFree:           3868 kB
LowTotal:         548148 kB
LowFree:           51336 kB
SwapTotal:             0 kB
SwapFree:              0 kB
Dirty:                 0 kB
Writeback:             0 kB
AnonPages:        515500 kB
Mapped:           224988 kB
Shmem:              1456 kB
Slab:              33496 kB
SReclaimable:      11784 kB
SUnreclaim:        21712 kB
KernelStack:        9520 kB
PageTables:        20312 kB
NFS_Unstable:          0 kB
Bounce:                0 kB
WritebackTmp:          0 kB
CommitLimit:      675480 kB
Committed_AS:   46969324 kB
VmallocTotal:     253952 kB
VmallocUsed:       94180 kB
VmallocChunk:      52228 kB
Time pass: 187 sec

---2015-12-09 10:54:01
MemTotal:        1350964 kB
MemFree:           55336 kB
Buffers:            7608 kB
Cached:           495780 kB
SwapCached:            0 kB
Active:           712784 kB
Inactive:         304228 kB
Active(anon):     515656 kB
Inactive(anon):     1412 kB
Active(file):     197128 kB
Inactive(file):   302816 kB
Unevictable:        1988 kB
Mlocked:               0 kB
HighTotal:        802816 kB
HighFree:           4116 kB
LowTotal:         548148 kB
LowFree:           51220 kB
SwapTotal:             0 kB
SwapFree:              0 kB
Dirty:                 4 kB
Writeback:             0 kB
AnonPages:        515576 kB
Mapped:           224948 kB
Shmem:              1456 kB
Slab:              33520 kB
SReclaimable:      11784 kB
SUnreclaim:        21736 kB
KernelStack:        9512 kB
PageTables:        20312 kB
NFS_Unstable:          0 kB
Bounce:                0 kB
WritebackTmp:          0 kB
CommitLimit:      675480 kB
Committed_AS:   46969284 kB
VmallocTotal:     253952 kB
VmallocUsed:       94180 kB
VmallocChunk:      52228 kB
Time pass: 191 sec

---2015-12-09 10:54:01
MemTotal:        1350964 kB
MemFree:           55212 kB
Buffers:            7616 kB
Cached:           495780 kB
SwapCached:            0 kB
Active:           712788 kB
Inactive:         304228 kB
Active(anon):     515660 kB
Inactive(anon):     1412 kB
Active(file):     197128 kB
Inactive(file):   302816 kB
Unevictable:        1988 kB
Mlocked:               0 kB
HighTotal:        802816 kB
HighFree:           3992 kB
LowTotal:         548148 kB
LowFree:           51220 kB
SwapTotal:             0 kB
SwapFree:              0 kB
Dirty:                 8 kB
Writeback:             0 kB
AnonPages:        515760 kB
Mapped:           225096 kB
Shmem:              1456 kB
Slab:              33532 kB
SReclaimable:      11784 kB
SUnreclaim:        21748 kB
KernelStack:        9512 kB
PageTables:        20312 kB
NFS_Unstable:          0 kB
Bounce:                0 kB
WritebackTmp:          0 kB
CommitLimit:      675480 kB
Committed_AS:   46969276 kB
VmallocTotal:     253952 kB
VmallocUsed:       94180 kB
VmallocChunk:      52228 kB
Time pass: 195 sec

---2015-12-09 10:54:01
MemTotal:        1350964 kB
MemFree:           54964 kB
Buffers:            7616 kB
Cached:           495780 kB
SwapCached:            0 kB
Active:           712888 kB
Inactive:         304236 kB
Active(anon):     515760 kB
Inactive(anon):     1412 kB
Active(file):     197128 kB
Inactive(file):   302824 kB
Unevictable:        1988 kB
Mlocked:               0 kB
HighTotal:        802816 kB
HighFree:           3744 kB
LowTotal:         548148 kB
LowFree:           51220 kB
SwapTotal:             0 kB
SwapFree:              0 kB
Dirty:                 4 kB
Writeback:             0 kB
AnonPages:        515808 kB
Mapped:           225096 kB
Shmem:              1456 kB
Slab:              33536 kB
SReclaimable:      11784 kB
SUnreclaim:        21752 kB
KernelStack:        9512 kB
PageTables:        20312 kB
NFS_Unstable:          0 kB
Bounce:                0 kB
WritebackTmp:          0 kB
CommitLimit:      675480 kB
Committed_AS:   46969216 kB
VmallocTotal:     253952 kB
VmallocUsed:       94180 kB
VmallocChunk:      52228 kB
Time pass: 198 sec

---2015-12-09 10:54:01
MemTotal:        1350964 kB
MemFree:           54964 kB
Buffers:            7616 kB
Cached:           495780 kB
SwapCached:            0 kB
Active:           712932 kB
Inactive:         304236 kB
Active(anon):     515804 kB
Inactive(anon):     1412 kB
Active(file):     197128 kB
Inactive(file):   302824 kB
Unevictable:        1988 kB
Mlocked:               0 kB
HighTotal:        802816 kB
HighFree:           3868 kB
LowTotal:         548148 kB
LowFree:           51096 kB
SwapTotal:             0 kB
SwapFree:              0 kB
Dirty:                 0 kB
Writeback:             0 kB
AnonPages:        515872 kB
Mapped:           225096 kB
Shmem:              1456 kB
Slab:              33488 kB
SReclaimable:      11784 kB
SUnreclaim:        21704 kB
KernelStack:        9512 kB
PageTables:        20312 kB
NFS_Unstable:          0 kB
Bounce:                0 kB
WritebackTmp:          0 kB
CommitLimit:      675480 kB
Committed_AS:   46969244 kB
VmallocTotal:     253952 kB
VmallocUsed:       94180 kB
VmallocChunk:      52228 kB
Time pass: 202 sec

---2015-12-09 10:54:01
MemTotal:        1350964 kB
MemFree:           54840 kB
Buffers:            7616 kB
Cached:           495780 kB
SwapCached:            0 kB
Active:           712996 kB
Inactive:         304236 kB
Active(anon):     515868 kB
Inactive(anon):     1412 kB
Active(file):     197128 kB
Inactive(file):   302824 kB
Unevictable:        1988 kB
Mlocked:               0 kB
HighTotal:        802816 kB
HighFree:           3744 kB
LowTotal:         548148 kB
LowFree:           51096 kB
SwapTotal:             0 kB
SwapFree:              0 kB
Dirty:                 0 kB
Writeback:             0 kB
AnonPages:        515972 kB
Mapped:           225096 kB
Shmem:              1456 kB
Slab:              33532 kB
SReclaimable:      11784 kB
SUnreclaim:        21748 kB
KernelStack:        9512 kB
PageTables:        20312 kB
NFS_Unstable:          0 kB
Bounce:                0 kB
WritebackTmp:          0 kB
CommitLimit:      675480 kB
Committed_AS:   46969236 kB
VmallocTotal:     253952 kB
VmallocUsed:       94180 kB
VmallocChunk:      52228 kB
Time pass: 206 sec

---2015-12-09 10:54:01
MemTotal:        1350964 kB
MemFree:           45980 kB
Buffers:            7648 kB
Cached:           495900 kB
SwapCached:            0 kB
Active:           721564 kB
Inactive:         304380 kB
Active(anon):     524432 kB
Inactive(anon):     1540 kB
Active(file):     197132 kB
Inactive(file):   302840 kB
Unevictable:        1988 kB
Mlocked:               0 kB
HighTotal:        802816 kB
HighFree:           1512 kB
LowTotal:         548148 kB
LowFree:           44468 kB
SwapTotal:             0 kB
SwapFree:              0 kB
Dirty:                52 kB
Writeback:             0 kB
AnonPages:        524496 kB
Mapped:           225244 kB
Shmem:              1588 kB
Slab:              33608 kB
SReclaimable:      11800 kB
SUnreclaim:        21808 kB
KernelStack:        9712 kB
PageTables:        20372 kB
NFS_Unstable:          0 kB
Bounce:                0 kB
WritebackTmp:          0 kB
CommitLimit:      675480 kB
Committed_AS:   46991472 kB
VmallocTotal:     253952 kB
VmallocUsed:       94492 kB
VmallocChunk:      52228 kB
Time pass: 209 sec

---2015-12-09 10:54:01
MemTotal:        1350964 kB
MemFree:           40180 kB
Buffers:            7704 kB
Cached:           496224 kB
SwapCached:            0 kB
Active:           723488 kB
Inactive:         304752 kB
Active(anon):     526348 kB
Inactive(anon):     1744 kB
Active(file):     197140 kB
Inactive(file):   303008 kB
Unevictable:        1988 kB
Mlocked:               0 kB
HighTotal:        802816 kB
HighFree:           1512 kB
LowTotal:         548148 kB
LowFree:           38668 kB
SwapTotal:             0 kB
SwapFree:              0 kB
Dirty:                56 kB
Writeback:             0 kB
AnonPages:        526412 kB
Mapped:           225496 kB
Shmem:              1792 kB
Slab:              33612 kB
SReclaimable:      11816 kB
SUnreclaim:        21796 kB
KernelStack:        9736 kB
PageTables:        20488 kB
NFS_Unstable:          0 kB
Bounce:                0 kB
WritebackTmp:          0 kB
CommitLimit:      675480 kB
Committed_AS:   46994260 kB
VmallocTotal:     253952 kB
VmallocUsed:       94828 kB
VmallocChunk:      52228 kB
Time pass: 213 sec

---2015-12-09 10:54:01
MemTotal:        1350964 kB
MemFree:           39660 kB
Buffers:            7720 kB
Cached:           496224 kB
SwapCached:            0 kB
Active:           724100 kB
Inactive:         304772 kB
Active(anon):     526960 kB
Inactive(anon):     1744 kB
Active(file):     197140 kB
Inactive(file):   303028 kB
Unevictable:        1988 kB
Mlocked:               0 kB
HighTotal:        802816 kB
HighFree:           1512 kB
LowTotal:         548148 kB
LowFree:           38148 kB
SwapTotal:             0 kB
SwapFree:              0 kB
Dirty:                 0 kB
Writeback:             0 kB
AnonPages:        527068 kB
Mapped:           225644 kB
Shmem:              1792 kB
Slab:              33636 kB
SReclaimable:      11816 kB
SUnreclaim:        21820 kB
KernelStack:        9736 kB
PageTables:        20488 kB
NFS_Unstable:          0 kB
Bounce:                0 kB
WritebackTmp:          0 kB
CommitLimit:      675480 kB
Committed_AS:   46994244 kB
VmallocTotal:     253952 kB
VmallocUsed:       94828 kB
VmallocChunk:      52228 kB
Time pass: 216 sec

---2015-12-09 10:54:01
MemTotal:        1350964 kB
MemFree:           39776 kB
Buffers:            7728 kB
Cached:           496224 kB
SwapCached:            0 kB
Active:           723736 kB
Inactive:         304768 kB
Active(anon):     526596 kB
Inactive(anon):     1744 kB
Active(file):     197140 kB
Inactive(file):   303024 kB
Unevictable:        1988 kB
Mlocked:               0 kB
HighTotal:        802816 kB
HighFree:           1512 kB
LowTotal:         548148 kB
LowFree:           38264 kB
SwapTotal:             0 kB
SwapFree:              0 kB
Dirty:                32 kB
Writeback:             0 kB
AnonPages:        526472 kB
Mapped:           225644 kB
Shmem:              1792 kB
Slab:              33708 kB
SReclaimable:      11816 kB
SUnreclaim:        21892 kB
KernelStack:        9736 kB
PageTables:        20484 kB
NFS_Unstable:          0 kB
Bounce:                0 kB
WritebackTmp:          0 kB
CommitLimit:      675480 kB
Committed_AS:   46994336 kB
VmallocTotal:     253952 kB
VmallocUsed:       94828 kB
VmallocChunk:      52228 kB
Time pass: 220 sec

---2015-12-09 10:54:01
MemTotal:        1350964 kB
MemFree:           40512 kB
Buffers:            7744 kB
Cached:           496224 kB
SwapCached:            0 kB
Active:           723204 kB
Inactive:         304792 kB
Active(anon):     526064 kB
Inactive(anon):     1744 kB
Active(file):     197140 kB
Inactive(file):   303048 kB
Unevictable:        1988 kB
Mlocked:               0 kB
HighTotal:        802816 kB
HighFree:           1512 kB
LowTotal:         548148 kB
LowFree:           39000 kB
SwapTotal:             0 kB
SwapFree:              0 kB
Dirty:                48 kB
Writeback:             0 kB
AnonPages:        525944 kB
Mapped:           225496 kB
Shmem:              1792 kB
Slab:              33644 kB
SReclaimable:      11816 kB
SUnreclaim:        21828 kB
KernelStack:        9728 kB
PageTables:        20488 kB
NFS_Unstable:          0 kB
Bounce:                0 kB
WritebackTmp:          0 kB
CommitLimit:      675480 kB
Committed_AS:   46994656 kB
VmallocTotal:     253952 kB
VmallocUsed:       94828 kB
VmallocChunk:      52228 kB
Time pass: 224 sec

---2015-12-09 10:54:01
MemTotal:        1350964 kB
MemFree:           39920 kB
Buffers:            7752 kB
Cached:           496216 kB
SwapCached:            0 kB
Active:           723668 kB
Inactive:         304792 kB
Active(anon):     526528 kB
Inactive(anon):     1744 kB
Active(file):     197140 kB
Inactive(file):   303048 kB
Unevictable:        1988 kB
Mlocked:               0 kB
HighTotal:        802816 kB
HighFree:           1512 kB
LowTotal:         548148 kB
LowFree:           38408 kB
SwapTotal:             0 kB
SwapFree:              0 kB
Dirty:                 0 kB
Writeback:             0 kB
AnonPages:        526468 kB
Mapped:           225644 kB
Shmem:              1792 kB
Slab:              33620 kB
SReclaimable:      11816 kB
SUnreclaim:        21804 kB
KernelStack:        9728 kB
PageTables:        20488 kB
NFS_Unstable:          0 kB
Bounce:                0 kB
WritebackTmp:          0 kB
CommitLimit:      675480 kB
Committed_AS:   46994856 kB
VmallocTotal:     253952 kB
VmallocUsed:       94828 kB
VmallocChunk:      52228 kB
Time pass: 227 sec

---2015-12-09 10:54:01
MemTotal:        1350964 kB
MemFree:           39560 kB
Buffers:            7768 kB
Cached:           496224 kB
SwapCached:            0 kB
Active:           723768 kB
Inactive:         304816 kB
Active(anon):     526628 kB
Inactive(anon):     1744 kB
Active(file):     197140 kB
Inactive(file):   303072 kB
Unevictable:        1988 kB
Mlocked:               0 kB
HighTotal:        802816 kB
HighFree:           1512 kB
LowTotal:         548148 kB
LowFree:           38048 kB
SwapTotal:             0 kB
SwapFree:              0 kB
Dirty:                40 kB
Writeback:             0 kB
AnonPages:        526588 kB
Mapped:           225644 kB
Shmem:              1792 kB
Slab:              33736 kB
SReclaimable:      11816 kB
SUnreclaim:        21920 kB
KernelStack:        9728 kB
PageTables:        20488 kB
NFS_Unstable:          0 kB
Bounce:                0 kB
WritebackTmp:          0 kB
CommitLimit:      675480 kB
Committed_AS:   46994884 kB
VmallocTotal:     253952 kB
VmallocUsed:       94828 kB
VmallocChunk:      52228 kB
Time pass: 231 sec

---2015-12-09 10:54:01
MemTotal:        1350964 kB
MemFree:           39476 kB
Buffers:            7784 kB
Cached:           496224 kB
SwapCached:            0 kB
Active:           723832 kB
Inactive:         304816 kB
Active(anon):     526692 kB
Inactive(anon):     1744 kB
Active(file):     197140 kB
Inactive(file):   303072 kB
Unevictable:        1988 kB
Mlocked:               0 kB
HighTotal:        802816 kB
HighFree:           1512 kB
LowTotal:         548148 kB
LowFree:           37964 kB
SwapTotal:             0 kB
SwapFree:              0 kB
Dirty:                40 kB
Writeback:             0 kB
AnonPages:        526704 kB
Mapped:           225644 kB
Shmem:              1792 kB
Slab:              33684 kB
SReclaimable:      11816 kB
SUnreclaim:        21868 kB
KernelStack:        9736 kB
PageTables:        20492 kB
NFS_Unstable:          0 kB
Bounce:                0 kB
WritebackTmp:          0 kB
CommitLimit:      675480 kB
Committed_AS:   46995100 kB
VmallocTotal:     253952 kB
VmallocUsed:       94828 kB
VmallocChunk:      52228 kB
Time pass: 235 sec

---2015-12-09 10:54:01
MemTotal:        1350964 kB
MemFree:           39624 kB
Buffers:            7784 kB
Cached:           496224 kB
SwapCached:            0 kB
Active:           724040 kB
Inactive:         304832 kB
Active(anon):     526900 kB
Inactive(anon):     1744 kB
Active(file):     197140 kB
Inactive(file):   303088 kB
Unevictable:        1988 kB
Mlocked:               0 kB
HighTotal:        802816 kB
HighFree:           1512 kB
LowTotal:         548148 kB
LowFree:           38112 kB
SwapTotal:             0 kB
SwapFree:              0 kB
Dirty:                40 kB
Writeback:             0 kB
AnonPages:        526708 kB
Mapped:           225496 kB
Shmem:              1792 kB
Slab:              33600 kB
SReclaimable:      11816 kB
SUnreclaim:        21784 kB
KernelStack:        9736 kB
PageTables:        20492 kB
NFS_Unstable:          0 kB
Bounce:                0 kB
WritebackTmp:          0 kB
CommitLimit:      675480 kB
Committed_AS:   46995176 kB
VmallocTotal:     253952 kB
VmallocUsed:       94828 kB
VmallocChunk:      52228 kB
Time pass: 238 sec

---2015-12-09 10:54:01
MemTotal:        1350964 kB
MemFree:           39748 kB
Buffers:            7808 kB
Cached:           496224 kB
SwapCached:            0 kB
Active:           724052 kB
Inactive:         304856 kB
Active(anon):     526912 kB
Inactive(anon):     1744 kB
Active(file):     197140 kB
Inactive(file):   303112 kB
Unevictable:        1988 kB
Mlocked:               0 kB
HighTotal:        802816 kB
HighFree:           1512 kB
LowTotal:         548148 kB
LowFree:           38236 kB
SwapTotal:             0 kB
SwapFree:              0 kB
Dirty:                36 kB
Writeback:             0 kB
AnonPages:        526916 kB
Mapped:           225644 kB
Shmem:              1792 kB
Slab:              33576 kB
SReclaimable:      11816 kB
SUnreclaim:        21760 kB
KernelStack:        9736 kB
PageTables:        20492 kB
NFS_Unstable:          0 kB
Bounce:                0 kB
WritebackTmp:          0 kB
CommitLimit:      675480 kB
Committed_AS:   46995056 kB
VmallocTotal:     253952 kB
VmallocUsed:       94828 kB
VmallocChunk:      52228 kB
Time pass: 242 sec

---2015-12-09 10:54:01
MemTotal:        1350964 kB
MemFree:           39828 kB
Buffers:            7816 kB
Cached:           496224 kB
SwapCached:            0 kB
Active:           723556 kB
Inactive:         304864 kB
Active(anon):     526420 kB
Inactive(anon):     1744 kB
Active(file):     197136 kB
Inactive(file):   303120 kB
Unevictable:        1988 kB
Mlocked:               0 kB
HighTotal:        802816 kB
HighFree:           1512 kB
LowTotal:         548148 kB
LowFree:           38316 kB
SwapTotal:             0 kB
SwapFree:              0 kB
Dirty:                 0 kB
Writeback:             0 kB
AnonPages:        526500 kB
Mapped:           225496 kB
Shmem:              1792 kB
Slab:              33592 kB
SReclaimable:      11816 kB
SUnreclaim:        21776 kB
KernelStack:        9736 kB
PageTables:        20492 kB
NFS_Unstable:          0 kB
Bounce:                0 kB
WritebackTmp:          0 kB
CommitLimit:      675480 kB
Committed_AS:   46995104 kB
VmallocTotal:     253952 kB
VmallocUsed:       94828 kB
VmallocChunk:      52228 kB
Time pass: 245 sec

---2015-12-09 10:54:01
MemTotal:        1350964 kB
MemFree:           39848 kB
Buffers:            7832 kB
Cached:           496208 kB
SwapCached:            0 kB
Active:           723764 kB
Inactive:         304864 kB
Active(anon):     526624 kB
Inactive(anon):     1744 kB
Active(file):     197140 kB
Inactive(file):   303120 kB
Unevictable:        1988 kB
Mlocked:               0 kB
HighTotal:        802816 kB
HighFree:           1512 kB
LowTotal:         548148 kB
LowFree:           38336 kB
SwapTotal:             0 kB
SwapFree:              0 kB
Dirty:                 0 kB
Writeback:             0 kB
AnonPages:        526452 kB
Mapped:           225496 kB
Shmem:              1792 kB
Slab:              33584 kB
SReclaimable:      11816 kB
SUnreclaim:        21768 kB
KernelStack:        9736 kB
PageTables:        20492 kB
NFS_Unstable:          0 kB
Bounce:                0 kB
WritebackTmp:          0 kB
CommitLimit:      675480 kB
Committed_AS:   46995108 kB
VmallocTotal:     253952 kB
VmallocUsed:       94828 kB
VmallocChunk:      52228 kB
Time pass: 249 sec

---2015-12-09 10:54:01
MemTotal:        1350964 kB
MemFree:           39384 kB
Buffers:            7840 kB
Cached:           496236 kB
SwapCached:            0 kB
Active:           724408 kB
Inactive:         304888 kB
Active(anon):     527268 kB
Inactive(anon):     1744 kB
Active(file):     197140 kB
Inactive(file):   303144 kB
Unevictable:        1988 kB
Mlocked:               0 kB
HighTotal:        802816 kB
HighFree:           1512 kB
LowTotal:         548148 kB
LowFree:           37872 kB
SwapTotal:             0 kB
SwapFree:              0 kB
Dirty:                64 kB
Writeback:             0 kB
AnonPages:        527344 kB
Mapped:           225656 kB
Shmem:              1804 kB
Slab:              33508 kB
SReclaimable:      11816 kB
SUnreclaim:        21692 kB
KernelStack:        9736 kB
PageTables:        20492 kB
NFS_Unstable:          0 kB
Bounce:                0 kB
WritebackTmp:          0 kB
CommitLimit:      675480 kB
Committed_AS:   46995160 kB
VmallocTotal:     253952 kB
VmallocUsed:       94828 kB
VmallocChunk:      52228 kB
Time pass: 253 sec

---2015-12-09 10:54:01
MemTotal:        1350964 kB
MemFree:           38552 kB
Buffers:            7848 kB
Cached:           496344 kB
SwapCached:            0 kB
Active:           724456 kB
Inactive:         304956 kB
Active(anon):     527316 kB
Inactive(anon):     1812 kB
Active(file):     197140 kB
Inactive(file):   303144 kB
Unevictable:        1988 kB
Mlocked:               0 kB
HighTotal:        802816 kB
HighFree:           1512 kB
LowTotal:         548148 kB
LowFree:           37040 kB
SwapTotal:             0 kB
SwapFree:              0 kB
Dirty:                28 kB
Writeback:             0 kB
AnonPages:        527368 kB
Mapped:           225716 kB
Shmem:              1912 kB
Slab:              33732 kB
SReclaimable:      11816 kB
SUnreclaim:        21916 kB
KernelStack:        9736 kB
PageTables:        20472 kB
NFS_Unstable:          0 kB
Bounce:                0 kB
WritebackTmp:          0 kB
CommitLimit:      675480 kB
Committed_AS:   46995080 kB
VmallocTotal:     253952 kB
VmallocUsed:       94828 kB
VmallocChunk:      52228 kB
Time pass: 257 sec

---2015-12-09 10:54:01
MemTotal:        1350964 kB
MemFree:           38412 kB
Buffers:            7864 kB
Cached:           496344 kB
SwapCached:            0 kB
Active:           724600 kB
Inactive:         305032 kB
Active(anon):     527460 kB
Inactive(anon):     1864 kB
Active(file):     197140 kB
Inactive(file):   303168 kB
Unevictable:        1988 kB
Mlocked:               0 kB
HighTotal:        802816 kB
HighFree:           1512 kB
LowTotal:         548148 kB
LowFree:           36900 kB
SwapTotal:             0 kB
SwapFree:              0 kB
Dirty:                 0 kB
Writeback:            12 kB
AnonPages:        527496 kB
Mapped:           225764 kB
Shmem:              1912 kB
Slab:              33676 kB
SReclaimable:      11816 kB
SUnreclaim:        21860 kB
KernelStack:        9736 kB
PageTables:        20492 kB
NFS_Unstable:          0 kB
Bounce:                0 kB
WritebackTmp:          0 kB
CommitLimit:      675480 kB
Committed_AS:   46994960 kB
VmallocTotal:     253952 kB
VmallocUsed:       94828 kB
VmallocChunk:      52228 kB
Time pass: 261 sec

---2015-12-09 10:54:01
MemTotal:        1350964 kB
MemFree:           38404 kB
Buffers:            7872 kB
Cached:           496344 kB
SwapCached:            0 kB
Active:           724560 kB
Inactive:         305032 kB
Active(anon):     527420 kB
Inactive(anon):     1864 kB
Active(file):     197140 kB
Inactive(file):   303168 kB
Unevictable:        1988 kB
Mlocked:               0 kB
HighTotal:        802816 kB
HighFree:           1512 kB
LowTotal:         548148 kB
LowFree:           36892 kB
SwapTotal:             0 kB
SwapFree:              0 kB
Dirty:               184 kB
Writeback:             0 kB
AnonPages:        527576 kB
Mapped:           225616 kB
Shmem:              1912 kB
Slab:              33764 kB
SReclaimable:      11816 kB
SUnreclaim:        21948 kB
KernelStack:        9736 kB
PageTables:        20492 kB
NFS_Unstable:          0 kB
Bounce:                0 kB
WritebackTmp:          0 kB
CommitLimit:      675480 kB
Committed_AS:   46995148 kB
VmallocTotal:     253952 kB
VmallocUsed:       94828 kB
VmallocChunk:      52228 kB
Time pass: 264 sec

---2015-12-09 10:54:01
MemTotal:        1350964 kB
MemFree:           38736 kB
Buffers:            7888 kB
Cached:           496344 kB
SwapCached:            0 kB
Active:           724684 kB
Inactive:         305056 kB
Active(anon):     527544 kB
Inactive(anon):     1864 kB
Active(file):     197140 kB
Inactive(file):   303192 kB
Unevictable:        1988 kB
Mlocked:               0 kB
HighTotal:        802816 kB
HighFree:           1512 kB
LowTotal:         548148 kB
LowFree:           37224 kB
SwapTotal:             0 kB
SwapFree:              0 kB
Dirty:                 0 kB
Writeback:             0 kB
AnonPages:        527504 kB
Mapped:           225716 kB
Shmem:              1912 kB
Slab:              33744 kB
SReclaimable:      11816 kB
SUnreclaim:        21928 kB
KernelStack:        9720 kB
PageTables:        20460 kB
NFS_Unstable:          0 kB
Bounce:                0 kB
WritebackTmp:          0 kB
CommitLimit:      675480 kB
Committed_AS:   46995036 kB
VmallocTotal:     253952 kB
VmallocUsed:       94828 kB
VmallocChunk:      52228 kB
Time pass: 268 sec

---2015-12-09 10:54:01
MemTotal:        1350964 kB
MemFree:           38068 kB
Buffers:            7912 kB
Cached:           496344 kB
SwapCached:            0 kB
Active:           725168 kB
Inactive:         305080 kB
Active(anon):     528028 kB
Inactive(anon):     1864 kB
Active(file):     197140 kB
Inactive(file):   303216 kB
Unevictable:        1988 kB
Mlocked:               0 kB
HighTotal:        802816 kB
HighFree:           1512 kB
LowTotal:         548148 kB
LowFree:           36556 kB
SwapTotal:             0 kB
SwapFree:              0 kB
Dirty:                40 kB
Writeback:             0 kB
AnonPages:        527996 kB
Mapped:           225616 kB
Shmem:              1912 kB
Slab:              33704 kB
SReclaimable:      11816 kB
SUnreclaim:        21888 kB
KernelStack:        9736 kB
PageTables:        20488 kB
NFS_Unstable:          0 kB
Bounce:                0 kB
WritebackTmp:          0 kB
CommitLimit:      675480 kB
Committed_AS:   46995452 kB
VmallocTotal:     253952 kB
VmallocUsed:       94828 kB
VmallocChunk:      52228 kB
Time pass: 271 sec

---2015-12-09 10:54:01
MemTotal:        1350964 kB
MemFree:           38180 kB
Buffers:            7912 kB
Cached:           496344 kB
SwapCached:            0 kB
Active:           725048 kB
Inactive:         305080 kB
Active(anon):     527908 kB
Inactive(anon):     1864 kB
Active(file):     197140 kB
Inactive(file):   303216 kB
Unevictable:        1988 kB
Mlocked:               0 kB
HighTotal:        802816 kB
HighFree:           1512 kB
LowTotal:         548148 kB
LowFree:           36668 kB
SwapTotal:             0 kB
SwapFree:              0 kB
Dirty:                40 kB
Writeback:             0 kB
AnonPages:        527856 kB
Mapped:           225764 kB
Shmem:              1912 kB
Slab:              33700 kB
SReclaimable:      11816 kB
SUnreclaim:        21884 kB
KernelStack:        9744 kB
PageTables:        20496 kB
NFS_Unstable:          0 kB
Bounce:                0 kB
WritebackTmp:          0 kB
CommitLimit:      675480 kB
Committed_AS:   46995152 kB
VmallocTotal:     253952 kB
VmallocUsed:       94828 kB
VmallocChunk:      52228 kB
Time pass: 275 sec

---2015-12-09 10:54:01
MemTotal:        1350964 kB
MemFree:           37792 kB
Buffers:            7980 kB
Cached:           496344 kB
SwapCached:            0 kB
Active:           725096 kB
Inactive:         305148 kB
Active(anon):     527956 kB
Inactive(anon):     1864 kB
Active(file):     197140 kB
Inactive(file):   303284 kB
Unevictable:        1988 kB
Mlocked:               0 kB
HighTotal:        802816 kB
HighFree:           1512 kB
LowTotal:         548148 kB
LowFree:           36280 kB
SwapTotal:             0 kB
SwapFree:              0 kB
Dirty:                40 kB
Writeback:             0 kB
AnonPages:        528040 kB
Mapped:           225764 kB
Shmem:              1912 kB
Slab:              33656 kB
SReclaimable:      11816 kB
SUnreclaim:        21840 kB
KernelStack:        9744 kB
PageTables:        20492 kB
NFS_Unstable:          0 kB
Bounce:                0 kB
WritebackTmp:          0 kB
CommitLimit:      675480 kB
Committed_AS:   46995148 kB
VmallocTotal:     253952 kB
VmallocUsed:       94828 kB
VmallocChunk:      52228 kB
Time pass: 278 sec

---2015-12-09 10:54:01
MemTotal:        1350964 kB
MemFree:           37760 kB
Buffers:            7980 kB
Cached:           496344 kB
SwapCached:            0 kB
Active:           725168 kB
Inactive:         305148 kB
Active(anon):     528028 kB
Inactive(anon):     1864 kB
Active(file):     197140 kB
Inactive(file):   303284 kB
Unevictable:        1988 kB
Mlocked:               0 kB
HighTotal:        802816 kB
HighFree:           1512 kB
LowTotal:         548148 kB
LowFree:           36248 kB
SwapTotal:             0 kB
SwapFree:              0 kB
Dirty:                40 kB
Writeback:             0 kB
AnonPages:        527912 kB
Mapped:           225764 kB
Shmem:              1912 kB
Slab:              33628 kB
SReclaimable:      11816 kB
SUnreclaim:        21812 kB
KernelStack:        9744 kB
PageTables:        20492 kB
NFS_Unstable:          0 kB
Bounce:                0 kB
WritebackTmp:          0 kB
CommitLimit:      675480 kB
Committed_AS:   46995144 kB
VmallocTotal:     253952 kB
VmallocUsed:       94828 kB
VmallocChunk:      52228 kB
Time pass: 282 sec

---2015-12-09 10:54:01
MemTotal:        1350964 kB
MemFree:           38288 kB
Buffers:            8004 kB
Cached:           496328 kB
SwapCached:            0 kB
Active:           725244 kB
Inactive:         305148 kB
Active(anon):     528104 kB
Inactive(anon):     1864 kB
Active(file):     197140 kB
Inactive(file):   303284 kB
Unevictable:        1988 kB
Mlocked:               0 kB
HighTotal:        802816 kB
HighFree:           1512 kB
LowTotal:         548148 kB
LowFree:           36776 kB
SwapTotal:             0 kB
SwapFree:              0 kB
Dirty:                28 kB
Writeback:             0 kB
AnonPages:        528164 kB
Mapped:           225764 kB
Shmem:              1912 kB
Slab:              33652 kB
SReclaimable:      11816 kB
SUnreclaim:        21836 kB
KernelStack:        9736 kB
PageTables:        20492 kB
NFS_Unstable:          0 kB
Bounce:                0 kB
WritebackTmp:          0 kB
CommitLimit:      675480 kB
Committed_AS:   46996468 kB
VmallocTotal:     253952 kB
VmallocUsed:       94828 kB
VmallocChunk:      52228 kB
Time pass: 286 sec

---2015-12-09 10:54:01
MemTotal:        1350964 kB
MemFree:           38128 kB
Buffers:            8004 kB
Cached:           496344 kB
SwapCached:            0 kB
Active:           724544 kB
Inactive:         305172 kB
Active(anon):     527404 kB
Inactive(anon):     1864 kB
Active(file):     197140 kB
Inactive(file):   303308 kB
Unevictable:        1988 kB
Mlocked:               0 kB
HighTotal:        802816 kB
HighFree:           1512 kB
LowTotal:         548148 kB
LowFree:           36616 kB
SwapTotal:             0 kB
SwapFree:              0 kB
Dirty:                 0 kB
Writeback:             0 kB
AnonPages:        527372 kB
Mapped:           225764 kB
Shmem:              1912 kB
Slab:              33660 kB
SReclaimable:      11816 kB
SUnreclaim:        21844 kB
KernelStack:        9736 kB
PageTables:        20492 kB
NFS_Unstable:          0 kB
Bounce:                0 kB
WritebackTmp:          0 kB
CommitLimit:      675480 kB
Committed_AS:   46996496 kB
VmallocTotal:     253952 kB
VmallocUsed:       94828 kB
VmallocChunk:      52228 kB
Time pass: 289 sec

---2015-12-09 10:54:01
MemTotal:        1350964 kB
MemFree:           38404 kB
Buffers:            8012 kB
Cached:           496344 kB
SwapCached:            0 kB
Active:           724488 kB
Inactive:         305172 kB
Active(anon):     527348 kB
Inactive(anon):     1864 kB
Active(file):     197140 kB
Inactive(file):   303308 kB
Unevictable:        1988 kB
Mlocked:               0 kB
HighTotal:        802816 kB
HighFree:           1512 kB
LowTotal:         548148 kB
LowFree:           36892 kB
SwapTotal:             0 kB
SwapFree:              0 kB
Dirty:                28 kB
Writeback:             0 kB
AnonPages:        527296 kB
Mapped:           225764 kB
Shmem:              1912 kB
Slab:              33788 kB
SReclaimable:      11816 kB
SUnreclaim:        21972 kB
KernelStack:        9736 kB
PageTables:        20492 kB
NFS_Unstable:          0 kB
Bounce:                0 kB
WritebackTmp:          0 kB
CommitLimit:      675480 kB
Committed_AS:   46996296 kB
VmallocTotal:     253952 kB
VmallocUsed:       94828 kB
VmallocChunk:      52228 kB
Time pass: 293 sec

---2015-12-09 10:54:01
MemTotal:        1350964 kB
MemFree:           38476 kB
Buffers:            8028 kB
Cached:           496344 kB
SwapCached:            0 kB
Active:           724524 kB
Inactive:         305196 kB
Active(anon):     527384 kB
Inactive(anon):     1864 kB
Active(file):     197140 kB
Inactive(file):   303332 kB
Unevictable:        1988 kB
Mlocked:               0 kB
HighTotal:        802816 kB
HighFree:           1512 kB
LowTotal:         548148 kB
LowFree:           36964 kB
SwapTotal:             0 kB
SwapFree:              0 kB
Dirty:                 0 kB
Writeback:             0 kB
AnonPages:        527220 kB
Mapped:           225616 kB
Shmem:              1912 kB
Slab:              33640 kB
SReclaimable:      11816 kB
SUnreclaim:        21824 kB
KernelStack:        9736 kB
PageTables:        20492 kB
NFS_Unstable:          0 kB
Bounce:                0 kB
WritebackTmp:          0 kB
CommitLimit:      675480 kB
Committed_AS:   46995140 kB
VmallocTotal:     253952 kB
VmallocUsed:       94828 kB
VmallocChunk:      52228 kB
Time pass: 297 sec

---2015-12-09 10:54:01
MemTotal:        1350964 kB
MemFree:           38252 kB
Buffers:            8052 kB
Cached:           496344 kB
SwapCached:            0 kB
Active:           724776 kB
Inactive:         305220 kB
Active(anon):     527636 kB
Inactive(anon):     1864 kB
Active(file):     197140 kB
Inactive(file):   303356 kB
Unevictable:        1988 kB
Mlocked:               0 kB
HighTotal:        802816 kB
HighFree:           1512 kB
LowTotal:         548148 kB
LowFree:           36740 kB
SwapTotal:             0 kB
SwapFree:              0 kB
Dirty:                40 kB
Writeback:             0 kB
AnonPages:        527572 kB
Mapped:           225764 kB
Shmem:              1912 kB
Slab:              33676 kB
SReclaimable:      11816 kB
SUnreclaim:        21860 kB
KernelStack:        9736 kB
PageTables:        20496 kB
NFS_Unstable:          0 kB
Bounce:                0 kB
WritebackTmp:          0 kB
CommitLimit:      675480 kB
Committed_AS:   46995220 kB
VmallocTotal:     253952 kB
VmallocUsed:       94828 kB
VmallocChunk:      52228 kB
Time pass: 301 sec

---2015-12-09 10:54:01
MemTotal:        1350964 kB
MemFree:           38000 kB
Buffers:            8060 kB
Cached:           496344 kB
SwapCached:            0 kB
Active:           724892 kB
Inactive:         305220 kB
Active(anon):     527752 kB
Inactive(anon):     1864 kB
Active(file):     197140 kB
Inactive(file):   303356 kB
Unevictable:        1988 kB
Mlocked:               0 kB
HighTotal:        802816 kB
HighFree:           1512 kB
LowTotal:         548148 kB
LowFree:           36488 kB
SwapTotal:             0 kB
SwapFree:              0 kB
Dirty:                 4 kB
Writeback:             0 kB
AnonPages:        527660 kB
Mapped:           225764 kB
Shmem:              1912 kB
Slab:              33728 kB
SReclaimable:      11816 kB
SUnreclaim:        21912 kB
KernelStack:        9728 kB
PageTables:        20488 kB
NFS_Unstable:          0 kB
Bounce:                0 kB
WritebackTmp:          0 kB
CommitLimit:      675480 kB
Committed_AS:   46996388 kB
VmallocTotal:     253952 kB
VmallocUsed:       94828 kB
VmallocChunk:      52228 kB
Time pass: 305 sec

---2015-12-09 10:54:01
MemTotal:        1350964 kB
MemFree:           37888 kB
Buffers:            8076 kB
Cached:           496344 kB
SwapCached:            0 kB
Active:           724828 kB
Inactive:         305244 kB
Active(anon):     527688 kB
Inactive(anon):     1864 kB
Active(file):     197140 kB
Inactive(file):   303380 kB
Unevictable:        1988 kB
Mlocked:               0 kB
HighTotal:        802816 kB
HighFree:           1512 kB
LowTotal:         548148 kB
LowFree:           36376 kB
SwapTotal:             0 kB
SwapFree:              0 kB
Dirty:                 0 kB
Writeback:             0 kB
AnonPages:        527732 kB
Mapped:           225764 kB
Shmem:              1912 kB
Slab:              33616 kB
SReclaimable:      11816 kB
SUnreclaim:        21800 kB
KernelStack:        9728 kB
PageTables:        20496 kB
NFS_Unstable:          0 kB
Bounce:                0 kB
WritebackTmp:          0 kB
CommitLimit:      675480 kB
Committed_AS:   46995184 kB
VmallocTotal:     253952 kB
VmallocUsed:       94828 kB
VmallocChunk:      52228 kB
Time pass: 309 sec

---2015-12-09 10:54:01
MemTotal:        1350964 kB
MemFree:           37948 kB
Buffers:            8084 kB
Cached:           496344 kB
SwapCached:            0 kB
Active:           724896 kB
Inactive:         305244 kB
Active(anon):     527756 kB
Inactive(anon):     1864 kB
Active(file):     197140 kB
Inactive(file):   303380 kB
Unevictable:        1988 kB
Mlocked:               0 kB
HighTotal:        802816 kB
HighFree:           1512 kB
LowTotal:         548148 kB
LowFree:           36436 kB
SwapTotal:             0 kB
SwapFree:              0 kB
Dirty:                28 kB
Writeback:             0 kB
AnonPages:        527756 kB
Mapped:           225764 kB
Shmem:              1912 kB
Slab:              33788 kB
SReclaimable:      11816 kB
SUnreclaim:        21972 kB
KernelStack:        9728 kB
PageTables:        20496 kB
NFS_Unstable:          0 kB
Bounce:                0 kB
WritebackTmp:          0 kB
CommitLimit:      675480 kB
Committed_AS:   46996312 kB
VmallocTotal:     253952 kB
VmallocUsed:       94828 kB
VmallocChunk:      52228 kB
Time pass: 313 sec

---2015-12-09 10:54:01
MemTotal:        1350964 kB
MemFree:           37820 kB
Buffers:            8100 kB
Cached:           496344 kB
SwapCached:            0 kB
Active:           725004 kB
Inactive:         305268 kB
Active(anon):     527864 kB
Inactive(anon):     1864 kB
Active(file):     197140 kB
Inactive(file):   303404 kB
Unevictable:        1988 kB
Mlocked:               0 kB
HighTotal:        802816 kB
HighFree:           1512 kB
LowTotal:         548148 kB
LowFree:           36308 kB
SwapTotal:             0 kB
SwapFree:              0 kB
Dirty:                 0 kB
Writeback:             0 kB
AnonPages:        527980 kB
Mapped:           225764 kB
Shmem:              1912 kB
Slab:              33724 kB
SReclaimable:      11816 kB
SUnreclaim:        21908 kB
KernelStack:        9728 kB
PageTables:        20496 kB
NFS_Unstable:          0 kB
Bounce:                0 kB
WritebackTmp:          0 kB
CommitLimit:      675480 kB
Committed_AS:   46995080 kB
VmallocTotal:     253952 kB
VmallocUsed:       94828 kB
VmallocChunk:      52228 kB
Time pass: 317 sec

---2015-12-09 10:54:01
MemTotal:        1350964 kB
MemFree:           37732 kB
Buffers:            8108 kB
Cached:           496344 kB
SwapCached:            0 kB
Active:           724932 kB
Inactive:         305268 kB
Active(anon):     527792 kB
Inactive(anon):     1864 kB
Active(file):     197140 kB
Inactive(file):   303404 kB
Unevictable:        1988 kB
Mlocked:               0 kB
HighTotal:        802816 kB
HighFree:           1512 kB
LowTotal:         548148 kB
LowFree:           36220 kB
SwapTotal:             0 kB
SwapFree:              0 kB
Dirty:                28 kB
Writeback:             0 kB
AnonPages:        527716 kB
Mapped:           225764 kB
Shmem:              1912 kB
Slab:              33628 kB
SReclaimable:      11816 kB
SUnreclaim:        21812 kB
KernelStack:        9728 kB
PageTables:        20496 kB
NFS_Unstable:          0 kB
Bounce:                0 kB
WritebackTmp:          0 kB
CommitLimit:      675480 kB
Committed_AS:   46995148 kB
VmallocTotal:     253952 kB
VmallocUsed:       94828 kB
VmallocChunk:      52228 kB
Time pass: 321 sec

---2015-12-09 10:54:01
MemTotal:        1350964 kB
MemFree:           37412 kB
Buffers:            8124 kB
Cached:           496344 kB
SwapCached:            0 kB
Active:           725048 kB
Inactive:         305292 kB
Active(anon):     527908 kB
Inactive(anon):     1864 kB
Active(file):     197140 kB
Inactive(file):   303428 kB
Unevictable:        1988 kB
Mlocked:               0 kB
HighTotal:        802816 kB
HighFree:           1512 kB
LowTotal:         548148 kB
LowFree:           35900 kB
SwapTotal:             0 kB
SwapFree:              0 kB
Dirty:                 0 kB
Writeback:             0 kB
AnonPages:        527812 kB
Mapped:           225764 kB
Shmem:              1912 kB
Slab:              33596 kB
SReclaimable:      11816 kB
SUnreclaim:        21780 kB
KernelStack:        9736 kB
PageTables:        20496 kB
NFS_Unstable:          0 kB
Bounce:                0 kB
WritebackTmp:          0 kB
CommitLimit:      675480 kB
Committed_AS:   46995136 kB
VmallocTotal:     253952 kB
VmallocUsed:       94828 kB
VmallocChunk:      52228 kB
Time pass: 325 sec

---2015-12-09 10:54:01
MemTotal:        1350964 kB
MemFree:           37384 kB
Buffers:            8132 kB
Cached:           496344 kB
SwapCached:            0 kB
Active:           725260 kB
Inactive:         305300 kB
Active(anon):     528120 kB
Inactive(anon):     1864 kB
Active(file):     197140 kB
Inactive(file):   303436 kB
Unevictable:        1988 kB
Mlocked:               0 kB
HighTotal:        802816 kB
HighFree:           1512 kB
LowTotal:         548148 kB
LowFree:           35872 kB
SwapTotal:             0 kB
SwapFree:              0 kB
Dirty:               172 kB
Writeback:             0 kB
AnonPages:        528004 kB
Mapped:           225716 kB
Shmem:              1912 kB
Slab:              33628 kB
SReclaimable:      11816 kB
SUnreclaim:        21812 kB
KernelStack:        9752 kB
PageTables:        20476 kB
NFS_Unstable:          0 kB
Bounce:                0 kB
WritebackTmp:          0 kB
CommitLimit:      675480 kB
Committed_AS:   46995220 kB
VmallocTotal:     253952 kB
VmallocUsed:       94828 kB
VmallocChunk:      52228 kB
Time pass: 329 sec

---2015-12-09 10:54:01
MemTotal:        1350964 kB
MemFree:           37652 kB
Buffers:            8148 kB
Cached:           496344 kB
SwapCached:            0 kB
Active:           725456 kB
Inactive:         305316 kB
Active(anon):     528316 kB
Inactive(anon):     1864 kB
Active(file):     197140 kB
Inactive(file):   303452 kB
Unevictable:        1988 kB
Mlocked:               0 kB
HighTotal:        802816 kB
HighFree:           1512 kB
LowTotal:         548148 kB
LowFree:           36140 kB
SwapTotal:             0 kB
SwapFree:              0 kB
Dirty:                 0 kB
Writeback:             0 kB
AnonPages:        528136 kB
Mapped:           225764 kB
