---2015-12-09 11:18:22
MemTotal:        1421560 kB
MemFree:           29176 kB
Buffers:           11288 kB
Cached:           841400 kB
SwapCached:            0 kB
Active:           649296 kB
Inactive:         568524 kB
Active(anon):     366568 kB
Inactive(anon):      724 kB
Active(file):     282728 kB
Inactive(file):   567800 kB
Unevictable:        1348 kB
Mlocked:               0 kB
HighTotal:        885760 kB
HighFree:           9776 kB
LowTotal:         535800 kB
LowFree:           19400 kB
SwapTotal:             0 kB
SwapFree:              0 kB
Dirty:                 4 kB
Writeback:             0 kB
AnonPages:        366588 kB
Mapped:           349136 kB
Shmem:               812 kB
Slab:              43176 kB
SReclaimable:      14084 kB
SUnreclaim:        29092 kB
KernelStack:       11136 kB
PageTables:        29280 kB
NFS_Unstable:          0 kB
Bounce:                0 kB
WritebackTmp:          0 kB
CommitLimit:      710780 kB
Committed_AS:   38131124 kB
VmallocTotal:     460800 kB
VmallocUsed:       15432 kB
VmallocChunk:     168988 kB
Time pass: 3 sec

---2015-12-09 11:18:22
MemTotal:        1421560 kB
MemFree:           28636 kB
Buffers:           11296 kB
Cached:           841408 kB
SwapCached:            0 kB
Active:           649524 kB
Inactive:         568532 kB
Active(anon):     366796 kB
Inactive(anon):      724 kB
Active(file):     282728 kB
Inactive(file):   567808 kB
Unevictable:        1348 kB
Mlocked:               0 kB
HighTotal:        885760 kB
HighFree:           9396 kB
LowTotal:         535800 kB
LowFree:           19240 kB
SwapTotal:             0 kB
SwapFree:              0 kB
Dirty:                 4 kB
Writeback:             0 kB
AnonPages:        366820 kB
Mapped:           349192 kB
Shmem:               812 kB
Slab:              43432 kB
SReclaimable:      14084 kB
SUnreclaim:        29348 kB
KernelStack:       11136 kB
PageTables:        29300 kB
NFS_Unstable:          0 kB
Bounce:                0 kB
WritebackTmp:          0 kB
CommitLimit:      710780 kB
Committed_AS:   38131332 kB
VmallocTotal:     460800 kB
VmallocUsed:       15432 kB
VmallocChunk:     168988 kB
Time pass: 6 sec

---2015-12-09 11:18:22
MemTotal:        1421560 kB
MemFree:           28172 kB
Buffers:           11304 kB
Cached:           841408 kB
SwapCached:            0 kB
Active:           649708 kB
Inactive:         568540 kB
Active(anon):     366980 kB
Inactive(anon):      724 kB
Active(file):     282728 kB
Inactive(file):   567816 kB
Unevictable:        1348 kB
Mlocked:               0 kB
HighTotal:        885760 kB
HighFree:           8940 kB
LowTotal:         535800 kB
LowFree:           19232 kB
SwapTotal:             0 kB
SwapFree:              0 kB
Dirty:                 4 kB
Writeback:             0 kB
AnonPages:        367000 kB
Mapped:           349140 kB
Shmem:               812 kB
Slab:              43376 kB
SReclaimable:      14092 kB
SUnreclaim:        29284 kB
KernelStack:       11136 kB
PageTables:        29304 kB
NFS_Unstable:          0 kB
Bounce:                0 kB
WritebackTmp:          0 kB
CommitLimit:      710780 kB
Committed_AS:   38131468 kB
VmallocTotal:     460800 kB
VmallocUsed:       15432 kB
VmallocChunk:     168988 kB
Time pass: 10 sec

---2015-12-09 11:18:22
MemTotal:        1421560 kB
MemFree:           28172 kB
Buffers:           11312 kB
Cached:           841400 kB
SwapCached:            0 kB
Active:           649792 kB
Inactive:         568548 kB
Active(anon):     367064 kB
Inactive(anon):      724 kB
Active(file):     282728 kB
Inactive(file):   567824 kB
Unevictable:        1348 kB
Mlocked:               0 kB
HighTotal:        885760 kB
HighFree:           8740 kB
LowTotal:         535800 kB
LowFree:           19432 kB
SwapTotal:             0 kB
SwapFree:              0 kB
Dirty:                 4 kB
Writeback:             0 kB
AnonPages:        367168 kB
Mapped:           349040 kB
Shmem:               812 kB
Slab:              43192 kB
SReclaimable:      14092 kB
SUnreclaim:        29100 kB
KernelStack:       11096 kB
PageTables:        29292 kB
NFS_Unstable:          0 kB
Bounce:                0 kB
WritebackTmp:          0 kB
CommitLimit:      710780 kB
Committed_AS:   38131484 kB
VmallocTotal:     460800 kB
VmallocUsed:       15432 kB
VmallocChunk:     168988 kB
Time pass: 14 sec

---2015-12-09 11:18:22
MemTotal:        1421560 kB
MemFree:           27324 kB
Buffers:           11340 kB
Cached:           841836 kB
SwapCached:            0 kB
Active:           650896 kB
Inactive:         568980 kB
Active(anon):     368168 kB
Inactive(anon):      724 kB
Active(file):     282728 kB
Inactive(file):   568256 kB
Unevictable:        1348 kB
Mlocked:               0 kB
HighTotal:        885760 kB
HighFree:           7916 kB
LowTotal:         535800 kB
LowFree:           19408 kB
SwapTotal:             0 kB
SwapFree:              0 kB
Dirty:               356 kB
Writeback:             0 kB
AnonPages:        368132 kB
Mapped:           349256 kB
Shmem:               812 kB
Slab:              43432 kB
SReclaimable:      14092 kB
SUnreclaim:        29340 kB
KernelStack:       11128 kB
PageTables:        29304 kB
NFS_Unstable:          0 kB
Bounce:                0 kB
WritebackTmp:          0 kB
CommitLimit:      710780 kB
Committed_AS:   38164864 kB
VmallocTotal:     460800 kB
VmallocUsed:       15432 kB
VmallocChunk:     168988 kB
Time pass: 17 sec

---2015-12-09 11:18:22
MemTotal:        1421560 kB
MemFree:           20692 kB
Buffers:           10828 kB
Cached:           820224 kB
SwapCached:            0 kB
Active:           681828 kB
Inactive:         530772 kB
Active(anon):     383224 kB
Inactive(anon):     1084 kB
Active(file):     298604 kB
Inactive(file):   529688 kB
Unevictable:        1348 kB
Mlocked:               0 kB
HighTotal:        885760 kB
HighFree:           5460 kB
LowTotal:         535800 kB
LowFree:           15232 kB
SwapTotal:             0 kB
SwapFree:              0 kB
Dirty:               984 kB
Writeback:            24 kB
AnonPages:        383404 kB
Mapped:           372968 kB
Shmem:              1164 kB
Slab:              42776 kB
SReclaimable:      13504 kB
SUnreclaim:        29272 kB
KernelStack:       11376 kB
PageTables:        29064 kB
NFS_Unstable:          0 kB
Bounce:                0 kB
WritebackTmp:          0 kB
CommitLimit:      710780 kB
Committed_AS:   37657420 kB
VmallocTotal:     460800 kB
VmallocUsed:       15580 kB
VmallocChunk:     168988 kB
Time pass: 21 sec

---2015-12-09 11:18:22
MemTotal:        1421560 kB
MemFree:           29624 kB
Buffers:           10864 kB
Cached:           800188 kB
SwapCached:            0 kB
Active:           680188 kB
Inactive:         506676 kB
Active(anon):     377248 kB
Inactive(anon):      856 kB
Active(file):     302940 kB
Inactive(file):   505820 kB
Unevictable:        1348 kB
Mlocked:               0 kB
HighTotal:        885760 kB
HighFree:           8324 kB
LowTotal:         535800 kB
LowFree:           21300 kB
SwapTotal:             0 kB
SwapFree:              0 kB
Dirty:               100 kB
Writeback:            52 kB
AnonPages:        377208 kB
Mapped:           373488 kB
Shmem:               944 kB
Slab:              43212 kB
SReclaimable:      13892 kB
SUnreclaim:        29320 kB
KernelStack:       11448 kB
PageTables:        29024 kB
NFS_Unstable:          0 kB
Bounce:                0 kB
WritebackTmp:          0 kB
CommitLimit:      710780 kB
Committed_AS:   37640580 kB
VmallocTotal:     460800 kB
VmallocUsed:       15636 kB
VmallocChunk:     168988 kB
Time pass: 24 sec

---2015-12-09 11:18:22
MemTotal:        1421560 kB
MemFree:           19340 kB
Buffers:           10864 kB
Cached:           797080 kB
SwapCached:            0 kB
Active:           678860 kB
Inactive:         505104 kB
Active(anon):     377456 kB
Inactive(anon):      856 kB
Active(file):     301404 kB
Inactive(file):   504248 kB
Unevictable:        1348 kB
Mlocked:               0 kB
HighTotal:        885760 kB
HighFree:           5156 kB
LowTotal:         535800 kB
LowFree:           14184 kB
SwapTotal:             0 kB
SwapFree:              0 kB
Dirty:                68 kB
Writeback:             0 kB
AnonPages:        377336 kB
Mapped:           381420 kB
Shmem:               944 kB
Slab:              43420 kB
SReclaimable:      13892 kB
SUnreclaim:        29528 kB
KernelStack:       11456 kB
PageTables:        29024 kB
NFS_Unstable:          0 kB
Bounce:                0 kB
WritebackTmp:          0 kB
CommitLimit:      710780 kB
Committed_AS:   37543256 kB
VmallocTotal:     460800 kB
VmallocUsed:       15696 kB
VmallocChunk:     168988 kB
Time pass: 28 sec

---2015-12-09 11:18:22
MemTotal:        1421560 kB
MemFree:           18636 kB
Buffers:           10880 kB
Cached:           797128 kB
SwapCached:            0 kB
Active:           678868 kB
Inactive:         505160 kB
Active(anon):     377464 kB
Inactive(anon):      856 kB
Active(file):     301404 kB
Inactive(file):   504304 kB
Unevictable:        1348 kB
Mlocked:               0 kB
HighTotal:        885760 kB
HighFree:           4768 kB
LowTotal:         535800 kB
LowFree:           13868 kB
SwapTotal:             0 kB
SwapFree:              0 kB
Dirty:               132 kB
Writeback:             0 kB
AnonPages:        377424 kB
Mapped:           381464 kB
Shmem:               948 kB
Slab:              43516 kB
SReclaimable:      13988 kB
SUnreclaim:        29528 kB
KernelStack:       11456 kB
PageTables:        29032 kB
NFS_Unstable:          0 kB
Bounce:                0 kB
WritebackTmp:          0 kB
CommitLimit:      710780 kB
Committed_AS:   37543456 kB
VmallocTotal:     460800 kB
VmallocUsed:       15696 kB
VmallocChunk:     168988 kB
Time pass: 31 sec

---2015-12-09 11:18:22
MemTotal:        1421560 kB
MemFree:           18332 kB
Buffers:           10888 kB
Cached:           797172 kB
SwapCached:            0 kB
Active:           679056 kB
Inactive:         505220 kB
Active(anon):     377652 kB
Inactive(anon):      856 kB
Active(file):     301404 kB
Inactive(file):   504364 kB
Unevictable:        1348 kB
Mlocked:               0 kB
HighTotal:        885760 kB
HighFree:           4676 kB
LowTotal:         535800 kB
LowFree:           13656 kB
SwapTotal:             0 kB
SwapFree:              0 kB
Dirty:                52 kB
Writeback:            12 kB
AnonPages:        377792 kB
Mapped:           381540 kB
Shmem:               944 kB
Slab:              43736 kB
SReclaimable:      13988 kB
SUnreclaim:        29748 kB
KernelStack:       11472 kB
PageTables:        29036 kB
NFS_Unstable:          0 kB
Bounce:                0 kB
WritebackTmp:          0 kB
CommitLimit:      710780 kB
Committed_AS:   37543960 kB
VmallocTotal:     460800 kB
VmallocUsed:       15696 kB
VmallocChunk:     168988 kB
Time pass: 35 sec

---2015-12-09 11:18:22
MemTotal:        1421560 kB
MemFree:           21352 kB
Buffers:           10832 kB
Cached:           777848 kB
SwapCached:            0 kB
Active:           690316 kB
Inactive:         481760 kB
Active(anon):     384864 kB
Inactive(anon):      856 kB
Active(file):     305452 kB
Inactive(file):   480904 kB
Unevictable:        1348 kB
Mlocked:               0 kB
HighTotal:        885760 kB
HighFree:           5384 kB
LowTotal:         535800 kB
LowFree:           15968 kB
SwapTotal:             0 kB
SwapFree:              0 kB
Dirty:                40 kB
Writeback:             0 kB
AnonPages:        384856 kB
Mapped:           384680 kB
Shmem:               944 kB
Slab:              43412 kB
SReclaimable:      13792 kB
SUnreclaim:        29620 kB
KernelStack:       11480 kB
PageTables:        29088 kB
NFS_Unstable:          0 kB
Bounce:                0 kB
WritebackTmp:          0 kB
CommitLimit:      710780 kB
Committed_AS:   37585044 kB
VmallocTotal:     460800 kB
VmallocUsed:       15832 kB
VmallocChunk:     168988 kB
Time pass: 38 sec

---2015-12-09 11:18:22
MemTotal:        1421560 kB
MemFree:           19204 kB
Buffers:           10840 kB
Cached:           777852 kB
SwapCached:            0 kB
Active:           691444 kB
Inactive:         481792 kB
Active(anon):     385988 kB
Inactive(anon):      856 kB
Active(file):     305456 kB
Inactive(file):   480936 kB
Unevictable:        1348 kB
Mlocked:               0 kB
HighTotal:        885760 kB
HighFree:           4500 kB
LowTotal:         535800 kB
LowFree:           14704 kB
SwapTotal:             0 kB
SwapFree:              0 kB
Dirty:                28 kB
Writeback:             0 kB
AnonPages:        386132 kB
Mapped:           384904 kB
Shmem:               944 kB
Slab:              43628 kB
SReclaimable:      13896 kB
SUnreclaim:        29732 kB
KernelStack:       11480 kB
PageTables:        29076 kB
NFS_Unstable:          0 kB
Bounce:                0 kB
WritebackTmp:          0 kB
CommitLimit:      710780 kB
Committed_AS:   37586360 kB
VmallocTotal:     460800 kB
VmallocUsed:       15832 kB
VmallocChunk:     168988 kB
Time pass: 42 sec

---2015-12-09 11:18:22
MemTotal:        1421560 kB
MemFree:           18800 kB
Buffers:           10840 kB
Cached:           768920 kB
SwapCached:            0 kB
Active:           705820 kB
Inactive:         468756 kB
Active(anon):     396356 kB
Inactive(anon):      860 kB
Active(file):     309464 kB
Inactive(file):   467896 kB
Unevictable:        1348 kB
Mlocked:               0 kB
HighTotal:        885760 kB
HighFree:           5784 kB
LowTotal:         535800 kB
LowFree:           13016 kB
SwapTotal:             0 kB
SwapFree:              0 kB
Dirty:               200 kB
Writeback:             0 kB
AnonPages:        396292 kB
Mapped:           386004 kB
Shmem:               948 kB
Slab:              43596 kB
SReclaimable:      13904 kB
SUnreclaim:        29692 kB
KernelStack:       11536 kB
PageTables:        29136 kB
NFS_Unstable:          0 kB
Bounce:                0 kB
WritebackTmp:          0 kB
CommitLimit:      710780 kB
Committed_AS:   37631668 kB
VmallocTotal:     460800 kB
VmallocUsed:       15800 kB
VmallocChunk:     168988 kB
Time pass: 45 sec

---2015-12-09 11:18:22
MemTotal:        1421560 kB
MemFree:           19464 kB
Buffers:           10144 kB
Cached:           747724 kB
SwapCached:            0 kB
Active:           716792 kB
Inactive:         441460 kB
Active(anon):     401820 kB
Inactive(anon):      860 kB
Active(file):     314972 kB
Inactive(file):   440600 kB
Unevictable:        1348 kB
Mlocked:               0 kB
HighTotal:        885760 kB
HighFree:           5136 kB
LowTotal:         535800 kB
LowFree:           14328 kB
SwapTotal:             0 kB
SwapFree:              0 kB
Dirty:              1164 kB
Writeback:             0 kB
AnonPages:        401796 kB
Mapped:           398528 kB
Shmem:               948 kB
Slab:              43660 kB
SReclaimable:      14128 kB
SUnreclaim:        29532 kB
KernelStack:       11536 kB
PageTables:        29180 kB
NFS_Unstable:          0 kB
Bounce:                0 kB
WritebackTmp:          0 kB
CommitLimit:      710780 kB
Committed_AS:   37604988 kB
VmallocTotal:     460800 kB
VmallocUsed:       15828 kB
VmallocChunk:     168988 kB
Time pass: 49 sec

---2015-12-09 11:18:22
MemTotal:        1421560 kB
MemFree:           21892 kB
Buffers:            9888 kB
Cached:           742352 kB
SwapCached:            0 kB
Active:           717680 kB
Inactive:         435372 kB
Active(anon):     402324 kB
Inactive(anon):      860 kB
Active(file):     315356 kB
Inactive(file):   434512 kB
Unevictable:        1348 kB
Mlocked:               0 kB
HighTotal:        885760 kB
HighFree:           6456 kB
LowTotal:         535800 kB
LowFree:           15436 kB
SwapTotal:             0 kB
SwapFree:              0 kB
Dirty:                 0 kB
Writeback:             0 kB
AnonPages:        402376 kB
Mapped:           400976 kB
Shmem:               948 kB
Slab:              43788 kB
SReclaimable:      14016 kB
SUnreclaim:        29772 kB
KernelStack:       11536 kB
PageTables:        29188 kB
NFS_Unstable:          0 kB
Bounce:                0 kB
WritebackTmp:          0 kB
CommitLimit:      710780 kB
Committed_AS:   37605552 kB
VmallocTotal:     460800 kB
VmallocUsed:       15840 kB
VmallocChunk:     168988 kB
Time pass: 52 sec

---2015-12-09 11:18:22
MemTotal:        1421560 kB
MemFree:           21900 kB
Buffers:            9884 kB
Cached:           736784 kB
SwapCached:            0 kB
Active:           719304 kB
Inactive:         429488 kB
Active(anon):     403592 kB
Inactive(anon):      860 kB
Active(file):     315712 kB
Inactive(file):   428628 kB
Unevictable:        1348 kB
Mlocked:               0 kB
HighTotal:        885760 kB
HighFree:           4952 kB
LowTotal:         535800 kB
LowFree:           16948 kB
SwapTotal:             0 kB
SwapFree:              0 kB
Dirty:               248 kB
Writeback:             0 kB
AnonPages:        403660 kB
Mapped:           405576 kB
Shmem:               948 kB
Slab:              43792 kB
SReclaimable:      13976 kB
SUnreclaim:        29816 kB
KernelStack:       11536 kB
PageTables:        29176 kB
NFS_Unstable:          0 kB
Bounce:                0 kB
WritebackTmp:          0 kB
CommitLimit:      710780 kB
Committed_AS:   37606996 kB
VmallocTotal:     460800 kB
VmallocUsed:       15852 kB
VmallocChunk:     168988 kB
Time pass: 56 sec

---2015-12-09 11:18:22
MemTotal:        1421560 kB
MemFree:           21592 kB
Buffers:            9884 kB
Cached:           736828 kB
SwapCached:            0 kB
Active:           719584 kB
Inactive:         429564 kB
Active(anon):     403872 kB
Inactive(anon):      860 kB
Active(file):     315712 kB
Inactive(file):   428704 kB
Unevictable:        1348 kB
Mlocked:               0 kB
HighTotal:        885760 kB
HighFree:           4580 kB
LowTotal:         535800 kB
LowFree:           17012 kB
SwapTotal:             0 kB
SwapFree:              0 kB
Dirty:               124 kB
Writeback:             0 kB
AnonPages:        403780 kB
Mapped:           405644 kB
Shmem:               948 kB
Slab:              43668 kB
SReclaimable:      13992 kB
SUnreclaim:        29676 kB
KernelStack:       11536 kB
PageTables:        29192 kB
NFS_Unstable:          0 kB
Bounce:                0 kB
WritebackTmp:          0 kB
CommitLimit:      710780 kB
Committed_AS:   37607180 kB
VmallocTotal:     460800 kB
VmallocUsed:       15852 kB
VmallocChunk:     168988 kB
Time pass: 59 sec

---2015-12-09 11:18:22
MemTotal:        1421560 kB
MemFree:           21056 kB
Buffers:            9844 kB
Cached:           734184 kB
SwapCached:            0 kB
Active:           723900 kB
Inactive:         426436 kB
Active(anon):     407744 kB
Inactive(anon):      860 kB
Active(file):     316156 kB
Inactive(file):   425576 kB
Unevictable:        1348 kB
Mlocked:               0 kB
HighTotal:        885760 kB
HighFree:           4332 kB
LowTotal:         535800 kB
LowFree:           16724 kB
SwapTotal:             0 kB
SwapFree:              0 kB
Dirty:               348 kB
Writeback:             0 kB
AnonPages:        407704 kB
Mapped:           405744 kB
Shmem:               948 kB
Slab:              43804 kB
SReclaimable:      14048 kB
SUnreclaim:        29756 kB
KernelStack:       11536 kB
PageTables:        29200 kB
NFS_Unstable:          0 kB
Bounce:                0 kB
WritebackTmp:          0 kB
CommitLimit:      710780 kB
Committed_AS:   37611328 kB
VmallocTotal:     460800 kB
VmallocUsed:       15852 kB
VmallocChunk:     168988 kB
Time pass: 63 sec

---2015-12-09 11:18:22
MemTotal:        1421560 kB
MemFree:           21392 kB
Buffers:            9836 kB
Cached:           724900 kB
SwapCached:            0 kB
Active:           726952 kB
Inactive:         415488 kB
Active(anon):     409140 kB
Inactive(anon):      860 kB
Active(file):     317812 kB
Inactive(file):   414628 kB
Unevictable:        1348 kB
Mlocked:               0 kB
HighTotal:        885760 kB
HighFree:           5312 kB
LowTotal:         535800 kB
LowFree:           16080 kB
SwapTotal:             0 kB
SwapFree:              0 kB
Dirty:               560 kB
Writeback:             0 kB
AnonPages:        409216 kB
Mapped:           411212 kB
Shmem:               948 kB
Slab:              43612 kB
SReclaimable:      13904 kB
SUnreclaim:        29708 kB
KernelStack:       11536 kB
PageTables:        29232 kB
NFS_Unstable:          0 kB
Bounce:                0 kB
WritebackTmp:          0 kB
CommitLimit:      710780 kB
Committed_AS:   37613520 kB
VmallocTotal:     460800 kB
VmallocUsed:       15864 kB
VmallocChunk:     168988 kB
Time pass: 67 sec

---2015-12-09 11:18:22
MemTotal:        1421560 kB
MemFree:           22064 kB
Buffers:            9860 kB
Cached:           720528 kB
SwapCached:            0 kB
Active:           734104 kB
Inactive:         410360 kB
Active(anon):     415436 kB
Inactive(anon):      860 kB
Active(file):     318668 kB
Inactive(file):   409500 kB
Unevictable:        1348 kB
Mlocked:               0 kB
HighTotal:        885760 kB
HighFree:           6176 kB
LowTotal:         535800 kB
LowFree:           15888 kB
SwapTotal:             0 kB
SwapFree:              0 kB
Dirty:               336 kB
Writeback:             0 kB
AnonPages:        415444 kB
Mapped:           414200 kB
Shmem:               948 kB
Slab:              42664 kB
SReclaimable:      12880 kB
SUnreclaim:        29784 kB
KernelStack:       11608 kB
PageTables:        29252 kB
NFS_Unstable:          0 kB
Bounce:                0 kB
WritebackTmp:          0 kB
CommitLimit:      710780 kB
Committed_AS:   37625656 kB
VmallocTotal:     460800 kB
VmallocUsed:       15864 kB
VmallocChunk:     168988 kB
Time pass: 70 sec

---2015-12-09 11:18:22
MemTotal:        1421560 kB
MemFree:           19692 kB
Buffers:            9832 kB
Cached:           700736 kB
SwapCached:            0 kB
Active:           737516 kB
Inactive:         391148 kB
Active(anon):     419536 kB
Inactive(anon):     1004 kB
Active(file):     317980 kB
Inactive(file):   390144 kB
Unevictable:        1348 kB
Mlocked:               0 kB
HighTotal:        885760 kB
HighFree:           7100 kB
LowTotal:         535800 kB
LowFree:           12592 kB
SwapTotal:             0 kB
SwapFree:              0 kB
Dirty:               108 kB
Writeback:             0 kB
AnonPages:        419528 kB
Mapped:           413836 kB
Shmem:              1096 kB
Slab:              43124 kB
SReclaimable:      12960 kB
SUnreclaim:        30164 kB
KernelStack:       11736 kB
PageTables:        29388 kB
NFS_Unstable:          0 kB
Bounce:                0 kB
WritebackTmp:          0 kB
CommitLimit:      710780 kB
Committed_AS:   37644124 kB
VmallocTotal:     460800 kB
VmallocUsed:       18272 kB
VmallocChunk:     168988 kB
Time pass: 75 sec

---2015-12-09 11:18:22
MemTotal:        1421560 kB
MemFree:           21296 kB
Buffers:            9820 kB
Cached:           661400 kB
SwapCached:            0 kB
Active:           740940 kB
Inactive:         352248 kB
Active(anon):     423492 kB
Inactive(anon):     1096 kB
Active(file):     317448 kB
Inactive(file):   351152 kB
Unevictable:        1348 kB
Mlocked:               0 kB
HighTotal:        885760 kB
HighFree:           6008 kB
LowTotal:         535800 kB
LowFree:           15288 kB
SwapTotal:             0 kB
SwapFree:              0 kB
Dirty:                40 kB
Writeback:             0 kB
AnonPages:        423464 kB
Mapped:           409976 kB
Shmem:              1188 kB
Slab:              43060 kB
SReclaimable:      13048 kB
SUnreclaim:        30012 kB
KernelStack:       11744 kB
PageTables:        29556 kB
NFS_Unstable:          0 kB
Bounce:                0 kB
WritebackTmp:          0 kB
CommitLimit:      710780 kB
Committed_AS:   37646424 kB
VmallocTotal:     460800 kB
VmallocUsed:       18272 kB
VmallocChunk:     168988 kB
Time pass: 82 sec

---2015-12-09 11:18:22
MemTotal:        1421560 kB
MemFree:           18992 kB
Buffers:            9836 kB
Cached:           661796 kB
SwapCached:            0 kB
Active:           742860 kB
Inactive:         352740 kB
Active(anon):     425408 kB
Inactive(anon):     1220 kB
Active(file):     317452 kB
Inactive(file):   351520 kB
Unevictable:        1348 kB
Mlocked:               0 kB
HighTotal:        885760 kB
HighFree:           4580 kB
LowTotal:         535800 kB
LowFree:           14412 kB
SwapTotal:             0 kB
SwapFree:              0 kB
Dirty:                 4 kB
Writeback:             0 kB
AnonPages:        425764 kB
Mapped:           410436 kB
Shmem:              1312 kB
Slab:              44236 kB
SReclaimable:      14008 kB
SUnreclaim:        30228 kB
KernelStack:       11728 kB
PageTables:        29572 kB
NFS_Unstable:          0 kB
Bounce:                0 kB
WritebackTmp:          0 kB
CommitLimit:      710780 kB
Committed_AS:   37648668 kB
VmallocTotal:     460800 kB
VmallocUsed:       18272 kB
VmallocChunk:     168988 kB
Time pass: 86 sec

---2015-12-09 11:18:22
MemTotal:        1421560 kB
MemFree:           22776 kB
Buffers:            9820 kB
Cached:           657056 kB
SwapCached:            0 kB
Active:           744324 kB
Inactive:         347680 kB
Active(anon):     426624 kB
Inactive(anon):     1220 kB
Active(file):     317700 kB
Inactive(file):   346460 kB
Unevictable:        1348 kB
Mlocked:               0 kB
HighTotal:        885760 kB
HighFree:           6688 kB
LowTotal:         535800 kB
LowFree:           16088 kB
SwapTotal:             0 kB
SwapFree:              0 kB
Dirty:                32 kB
Writeback:             0 kB
AnonPages:        426632 kB
Mapped:           409084 kB
Shmem:              1312 kB
Slab:              44180 kB
SReclaimable:      14008 kB
SUnreclaim:        30172 kB
KernelStack:       11728 kB
PageTables:        29564 kB
NFS_Unstable:          0 kB
Bounce:                0 kB
WritebackTmp:          0 kB
CommitLimit:      710780 kB
Committed_AS:   37649996 kB
VmallocTotal:     460800 kB
VmallocUsed:       18272 kB
VmallocChunk:     168988 kB
Time pass: 90 sec

---2015-12-09 11:18:22
MemTotal:        1421560 kB
MemFree:           18440 kB
Buffers:            9836 kB
Cached:           656908 kB
SwapCached:            0 kB
Active:           746708 kB
Inactive:         347532 kB
Active(anon):     429008 kB
Inactive(anon):     1220 kB
Active(file):     317700 kB
Inactive(file):   346312 kB
Unevictable:        1348 kB
Mlocked:               0 kB
HighTotal:        885760 kB
HighFree:           4456 kB
LowTotal:         535800 kB
LowFree:           13984 kB
SwapTotal:             0 kB
SwapFree:              0 kB
Dirty:                 0 kB
Writeback:             0 kB
AnonPages:        429280 kB
Mapped:           409072 kB
Shmem:              1312 kB
Slab:              44172 kB
SReclaimable:      14056 kB
SUnreclaim:        30116 kB
KernelStack:       11720 kB
PageTables:        29436 kB
NFS_Unstable:          0 kB
Bounce:                0 kB
WritebackTmp:          0 kB
CommitLimit:      710780 kB
Committed_AS:   37651936 kB
VmallocTotal:     460800 kB
VmallocUsed:       18272 kB
VmallocChunk:     168988 kB
Time pass: 94 sec

---2015-12-09 11:18:22
MemTotal:        1421560 kB
MemFree:           24316 kB
Buffers:            9768 kB
Cached:           651448 kB
SwapCached:            0 kB
Active:           745108 kB
Inactive:         342820 kB
Active(anon):     429204 kB
Inactive(anon):     1220 kB
Active(file):     315904 kB
Inactive(file):   341600 kB
Unevictable:        2400 kB
Mlocked:               0 kB
HighTotal:        885760 kB
HighFree:           6320 kB
LowTotal:         535800 kB
LowFree:           17996 kB
SwapTotal:             0 kB
SwapFree:              0 kB
Dirty:                32 kB
Writeback:             0 kB
AnonPages:        429092 kB
Mapped:           406996 kB
Shmem:              1312 kB
Slab:              44356 kB
SReclaimable:      14128 kB
SUnreclaim:        30228 kB
KernelStack:       11736 kB
PageTables:        29392 kB
NFS_Unstable:          0 kB
Bounce:                0 kB
WritebackTmp:          0 kB
CommitLimit:      710780 kB
Committed_AS:   37651848 kB
VmallocTotal:     460800 kB
VmallocUsed:       18272 kB
VmallocChunk:     168988 kB
Time pass: 98 sec

---2015-12-09 11:18:22
MemTotal:        1421560 kB
MemFree:           27524 kB
Buffers:            9796 kB
Cached:           653260 kB
SwapCached:            0 kB
Active:           738892 kB
Inactive:         344492 kB
Active(anon):     422880 kB
Inactive(anon):      860 kB
Active(file):     316012 kB
Inactive(file):   343632 kB
Unevictable:        2400 kB
Mlocked:               0 kB
HighTotal:        885760 kB
HighFree:           6676 kB
LowTotal:         535800 kB
LowFree:           20848 kB
SwapTotal:             0 kB
SwapFree:              0 kB
Dirty:                44 kB
Writeback:             0 kB
AnonPages:        422940 kB
Mapped:           409548 kB
Shmem:               948 kB
Slab:              44212 kB
SReclaimable:      14072 kB
SUnreclaim:        30140 kB
KernelStack:       11632 kB
PageTables:        29584 kB
NFS_Unstable:          0 kB
Bounce:                0 kB
WritebackTmp:          0 kB
CommitLimit:      710780 kB
Committed_AS:   38340936 kB
VmallocTotal:     460800 kB
VmallocUsed:       18272 kB
VmallocChunk:     168988 kB
Time pass: 102 sec

---2015-12-09 11:18:22
MemTotal:        1421560 kB
MemFree:          159068 kB
Buffers:            9836 kB
Cached:           654224 kB
SwapCached:            0 kB
Active:           676936 kB
Inactive:         342588 kB
Active(anon):     357980 kB
Inactive(anon):      724 kB
Active(file):     318956 kB
Inactive(file):   341864 kB
Unevictable:        2400 kB
Mlocked:               0 kB
HighTotal:        885760 kB
HighFree:          86684 kB
LowTotal:         535800 kB
LowFree:           72384 kB
SwapTotal:             0 kB
SwapFree:              0 kB
Dirty:                80 kB
Writeback:             0 kB
AnonPages:        358008 kB
Mapped:           323320 kB
Shmem:               812 kB
Slab:              43852 kB
SReclaimable:      13984 kB
SUnreclaim:        29868 kB
KernelStack:       10888 kB
PageTables:        27624 kB
NFS_Unstable:          0 kB
Bounce:                0 kB
WritebackTmp:          0 kB
CommitLimit:      710780 kB
Committed_AS:   36263892 kB
VmallocTotal:     460800 kB
VmallocUsed:       15936 kB
VmallocChunk:     168988 kB
Time pass: 106 sec

---2015-12-09 11:18:22
MemTotal:        1421560 kB
MemFree:          129228 kB
Buffers:            9960 kB
Cached:           656108 kB
SwapCached:            0 kB
Active:           693452 kB
Inactive:         343528 kB
Active(anon):     373400 kB
Inactive(anon):      856 kB
Active(file):     320052 kB
Inactive(file):   342672 kB
Unevictable:        2400 kB
Mlocked:               0 kB
HighTotal:        885760 kB
HighFree:          57372 kB
LowTotal:         535800 kB
LowFree:           71856 kB
SwapTotal:             0 kB
SwapFree:              0 kB
Dirty:               712 kB
Writeback:           148 kB
AnonPages:        373380 kB
Mapped:           346772 kB
Shmem:               944 kB
Slab:              43684 kB
SReclaimable:      13992 kB
SUnreclaim:        29692 kB
KernelStack:       11368 kB
PageTables:        28464 kB
NFS_Unstable:          0 kB
Bounce:                0 kB
WritebackTmp:          0 kB
CommitLimit:      710780 kB
Committed_AS:   36991888 kB
VmallocTotal:     460800 kB
VmallocUsed:       17104 kB
VmallocChunk:     168988 kB
Time pass: 109 sec

---2015-12-09 11:18:22
MemTotal:        1421560 kB
MemFree:          103128 kB
Buffers:            9968 kB
Cached:           656576 kB
SwapCached:            0 kB
Active:           707288 kB
Inactive:         343944 kB
Active(anon):     387192 kB
Inactive(anon):      860 kB
Active(file):     320096 kB
Inactive(file):   343084 kB
Unevictable:        2400 kB
Mlocked:               0 kB
HighTotal:        885760 kB
HighFree:          33784 kB
LowTotal:         535800 kB
LowFree:           69344 kB
SwapTotal:             0 kB
SwapFree:              0 kB
Dirty:              1028 kB
Writeback:             0 kB
AnonPages:        387200 kB
Mapped:           351428 kB
Shmem:               948 kB
Slab:              43824 kB
SReclaimable:      13992 kB
SUnreclaim:        29832 kB
KernelStack:       11408 kB
PageTables:        28544 kB
NFS_Unstable:          0 kB
Bounce:                0 kB
WritebackTmp:          0 kB
CommitLimit:      710780 kB
Committed_AS:   37007684 kB
VmallocTotal:     460800 kB
VmallocUsed:       17140 kB
VmallocChunk:     168988 kB
Time pass: 113 sec

---2015-12-09 11:18:22
MemTotal:        1421560 kB
MemFree:           86608 kB
Buffers:            9976 kB
Cached:           656920 kB
SwapCached:            0 kB
Active:           710500 kB
Inactive:         344264 kB
Active(anon):     390356 kB
Inactive(anon):      860 kB
Active(file):     320144 kB
Inactive(file):   343404 kB
Unevictable:        2400 kB
Mlocked:               0 kB
HighTotal:        885760 kB
HighFree:          18272 kB
LowTotal:         535800 kB
LowFree:           68336 kB
SwapTotal:             0 kB
SwapFree:              0 kB
Dirty:               228 kB
Writeback:             0 kB
AnonPages:        390384 kB
Mapped:           361560 kB
Shmem:               948 kB
Slab:              43872 kB
SReclaimable:      13992 kB
SUnreclaim:        29880 kB
KernelStack:       11440 kB
PageTables:        28572 kB
NFS_Unstable:          0 kB
Bounce:                0 kB
WritebackTmp:          0 kB
CommitLimit:      710780 kB
Committed_AS:   36945524 kB
VmallocTotal:     460800 kB
VmallocUsed:       14756 kB
VmallocChunk:     168988 kB
Time pass: 116 sec

---2015-12-09 11:18:22
MemTotal:        1421560 kB
MemFree:           67820 kB
Buffers:            9976 kB
Cached:           657768 kB
SwapCached:            0 kB
Active:           716120 kB
Inactive:         343568 kB
Active(anon):     394496 kB
Inactive(anon):      860 kB
Active(file):     321624 kB
Inactive(file):   342708 kB
Unevictable:        2400 kB
Mlocked:               0 kB
HighTotal:        885760 kB
HighFree:           4348 kB
LowTotal:         535800 kB
LowFree:           63472 kB
SwapTotal:             0 kB
SwapFree:              0 kB
Dirty:               876 kB
Writeback:             0 kB
AnonPages:        394512 kB
Mapped:           375448 kB
Shmem:               948 kB
Slab:              43864 kB
SReclaimable:      14000 kB
SUnreclaim:        29864 kB
KernelStack:       11440 kB
PageTables:        28600 kB
NFS_Unstable:          0 kB
Bounce:                0 kB
WritebackTmp:          0 kB
CommitLimit:      710780 kB
Committed_AS:   36917532 kB
VmallocTotal:     460800 kB
VmallocUsed:       14772 kB
VmallocChunk:     168988 kB
Time pass: 120 sec

---2015-12-09 11:18:22
MemTotal:        1421560 kB
MemFree:           56892 kB
Buffers:            9984 kB
Cached:           657876 kB
SwapCached:            0 kB
Active:           717704 kB
Inactive:         343480 kB
Active(anon):     395812 kB
Inactive(anon):      860 kB
Active(file):     321892 kB
Inactive(file):   342620 kB
Unevictable:        2400 kB
Mlocked:               0 kB
HighTotal:        885760 kB
HighFree:           4420 kB
LowTotal:         535800 kB
LowFree:           52472 kB
SwapTotal:             0 kB
SwapFree:              0 kB
Dirty:              1076 kB
Writeback:             0 kB
AnonPages:        395752 kB
Mapped:           384348 kB
Shmem:               948 kB
Slab:              43908 kB
SReclaimable:      14000 kB
SUnreclaim:        29908 kB
KernelStack:       11440 kB
PageTables:        28632 kB
NFS_Unstable:          0 kB
Bounce:                0 kB
WritebackTmp:          0 kB
CommitLimit:      710780 kB
Committed_AS:   36918720 kB
VmallocTotal:     460800 kB
VmallocUsed:       14808 kB
VmallocChunk:     168988 kB
Time pass: 123 sec

---2015-12-09 11:18:22
MemTotal:        1421560 kB
MemFree:           44204 kB
Buffers:            9984 kB
Cached:           657892 kB
SwapCached:            0 kB
Active:           724040 kB
Inactive:         343500 kB
Active(anon):     402152 kB
Inactive(anon):      860 kB
Active(file):     321888 kB
Inactive(file):   342640 kB
Unevictable:        2400 kB
Mlocked:               0 kB
HighTotal:        885760 kB
HighFree:           4420 kB
LowTotal:         535800 kB
LowFree:           39784 kB
SwapTotal:             0 kB
SwapFree:              0 kB
Dirty:               516 kB
Writeback:             0 kB
AnonPages:        402144 kB
Mapped:           390140 kB
Shmem:               948 kB
Slab:              43976 kB
SReclaimable:      14004 kB
SUnreclaim:        29972 kB
KernelStack:       11440 kB
PageTables:        28652 kB
NFS_Unstable:          0 kB
Bounce:                0 kB
WritebackTmp:          0 kB
CommitLimit:      710780 kB
Committed_AS:   36925492 kB
VmallocTotal:     460800 kB
VmallocUsed:       14820 kB
VmallocChunk:     168988 kB
Time pass: 127 sec

---2015-12-09 11:18:22
MemTotal:        1421560 kB
MemFree:           43100 kB
Buffers:            9992 kB
Cached:           657892 kB
SwapCached:            0 kB
Active:           724364 kB
Inactive:         343508 kB
Active(anon):     402476 kB
Inactive(anon):      860 kB
Active(file):     321888 kB
Inactive(file):   342648 kB
Unevictable:        2400 kB
Mlocked:               0 kB
HighTotal:        885760 kB
HighFree:           4656 kB
LowTotal:         535800 kB
LowFree:           38444 kB
SwapTotal:             0 kB
SwapFree:              0 kB
Dirty:                 0 kB
Writeback:             0 kB
AnonPages:        402320 kB
Mapped:           390256 kB
Shmem:               948 kB
Slab:              44232 kB
SReclaimable:      14084 kB
SUnreclaim:        30148 kB
KernelStack:       11456 kB
PageTables:        28672 kB
NFS_Unstable:          0 kB
Bounce:                0 kB
WritebackTmp:          0 kB
CommitLimit:      710780 kB
Committed_AS:   36925576 kB
VmallocTotal:     460800 kB
VmallocUsed:       14820 kB
VmallocChunk:     168988 kB
Time pass: 130 sec

---2015-12-09 11:18:22
MemTotal:        1421560 kB
MemFree:           42956 kB
Buffers:            9992 kB
Cached:           657892 kB
SwapCached:            0 kB
Active:           723908 kB
Inactive:         343508 kB
Active(anon):     402020 kB
Inactive(anon):      860 kB
Active(file):     321888 kB
Inactive(file):   342648 kB
Unevictable:        2400 kB
Mlocked:               0 kB
HighTotal:        885760 kB
HighFree:           4412 kB
LowTotal:         535800 kB
LowFree:           38544 kB
SwapTotal:             0 kB
SwapFree:              0 kB
Dirty:                 0 kB
Writeback:             0 kB
AnonPages:        401964 kB
Mapped:           390140 kB
Shmem:               948 kB
Slab:              44168 kB
SReclaimable:      14068 kB
SUnreclaim:        30100 kB
KernelStack:       11440 kB
PageTables:        28656 kB
NFS_Unstable:          0 kB
Bounce:                0 kB
WritebackTmp:          0 kB
CommitLimit:      710780 kB
Committed_AS:   36924988 kB
VmallocTotal:     460800 kB
VmallocUsed:       14820 kB
VmallocChunk:     168988 kB
Time pass: 134 sec

---2015-12-09 11:18:22
MemTotal:        1421560 kB
MemFree:           45492 kB
Buffers:           10000 kB
Cached:           657896 kB
SwapCached:            0 kB
Active:           725944 kB
Inactive:         342632 kB
Active(anon):     403168 kB
Inactive(anon):      860 kB
Active(file):     322776 kB
Inactive(file):   341772 kB
Unevictable:        2400 kB
Mlocked:               0 kB
HighTotal:        885760 kB
HighFree:           8968 kB
LowTotal:         535800 kB
LowFree:           36524 kB
SwapTotal:             0 kB
SwapFree:              0 kB
Dirty:                52 kB
Writeback:             0 kB
AnonPages:        403016 kB
Mapped:           392744 kB
Shmem:               948 kB
Slab:              44160 kB
SReclaimable:      14068 kB
SUnreclaim:        30092 kB
KernelStack:       11512 kB
PageTables:        28696 kB
NFS_Unstable:          0 kB
Bounce:                0 kB
WritebackTmp:          0 kB
CommitLimit:      710780 kB
Committed_AS:   36964692 kB
VmallocTotal:     460800 kB
VmallocUsed:       14820 kB
VmallocChunk:     168988 kB
Time pass: 137 sec

---2015-12-09 11:18:22
MemTotal:        1421560 kB
MemFree:           38216 kB
Buffers:           10016 kB
Cached:           658100 kB
SwapCached:            0 kB
Active:           730296 kB
Inactive:         342716 kB
Active(anon):     407388 kB
Inactive(anon):     1056 kB
Active(file):     322908 kB
Inactive(file):   341660 kB
Unevictable:        2400 kB
Mlocked:               0 kB
HighTotal:        885760 kB
HighFree:           4724 kB
LowTotal:         535800 kB
LowFree:           33492 kB
SwapTotal:             0 kB
SwapFree:              0 kB
Dirty:                80 kB
Writeback:             0 kB
AnonPages:        407280 kB
Mapped:           393652 kB
Shmem:              1148 kB
Slab:              44332 kB
SReclaimable:      14068 kB
SUnreclaim:        30264 kB
KernelStack:       11656 kB
PageTables:        28816 kB
NFS_Unstable:          0 kB
Bounce:                0 kB
WritebackTmp:          0 kB
CommitLimit:      710780 kB
Committed_AS:   36982088 kB
VmallocTotal:     460800 kB
VmallocUsed:       17228 kB
VmallocChunk:     168988 kB
Time pass: 141 sec

---2015-12-09 11:18:22
MemTotal:        1421560 kB
MemFree:           37404 kB
Buffers:           10024 kB
Cached:           658344 kB
SwapCached:            0 kB
Active:           730024 kB
Inactive:         342964 kB
Active(anon):     407112 kB
Inactive(anon):     1304 kB
Active(file):     322912 kB
Inactive(file):   341660 kB
Unevictable:        2400 kB
Mlocked:               0 kB
HighTotal:        885760 kB
HighFree:           4556 kB
LowTotal:         535800 kB
LowFree:           32848 kB
SwapTotal:             0 kB
SwapFree:              0 kB
Dirty:                44 kB
Writeback:             0 kB
AnonPages:        407064 kB
Mapped:           394160 kB
Shmem:              1396 kB
Slab:              44164 kB
SReclaimable:      14068 kB
SUnreclaim:        30096 kB
KernelStack:       11640 kB
PageTables:        28876 kB
NFS_Unstable:          0 kB
Bounce:                0 kB
WritebackTmp:          0 kB
CommitLimit:      710780 kB
Committed_AS:   36949188 kB
VmallocTotal:     460800 kB
VmallocUsed:       17228 kB
VmallocChunk:     168988 kB
Time pass: 144 sec

---2015-12-09 11:18:22
MemTotal:        1421560 kB
MemFree:           37656 kB
Buffers:           10024 kB
Cached:           658364 kB
SwapCached:            0 kB
Active:           729956 kB
Inactive:         342984 kB
Active(anon):     407120 kB
Inactive(anon):     1316 kB
Active(file):     322836 kB
Inactive(file):   341668 kB
Unevictable:        2400 kB
Mlocked:               0 kB
HighTotal:        885760 kB
HighFree:           4632 kB
LowTotal:         535800 kB
LowFree:           33024 kB
SwapTotal:             0 kB
SwapFree:              0 kB
Dirty:                40 kB
Writeback:             0 kB
AnonPages:        407288 kB
Mapped:           394128 kB
Shmem:              1408 kB
Slab:              44280 kB
SReclaimable:      14068 kB
SUnreclaim:        30212 kB
KernelStack:       11624 kB
PageTables:        28808 kB
NFS_Unstable:          0 kB
Bounce:                0 kB
WritebackTmp:          0 kB
CommitLimit:      710780 kB
Committed_AS:   36949280 kB
VmallocTotal:     460800 kB
VmallocUsed:       17228 kB
VmallocChunk:     168988 kB
Time pass: 148 sec

---2015-12-09 11:18:22
MemTotal:        1421560 kB
MemFree:           36632 kB
Buffers:           10032 kB
Cached:           658460 kB
SwapCached:            0 kB
Active:           729956 kB
Inactive:         343084 kB
Active(anon):     407040 kB
Inactive(anon):     1408 kB
Active(file):     322916 kB
Inactive(file):   341676 kB
Unevictable:        2400 kB
Mlocked:               0 kB
HighTotal:        885760 kB
HighFree:           4420 kB
LowTotal:         535800 kB
LowFree:           32212 kB
SwapTotal:             0 kB
SwapFree:              0 kB
Dirty:                12 kB
Writeback:             0 kB
AnonPages:        406940 kB
Mapped:           394272 kB
Shmem:              1500 kB
Slab:              44240 kB
SReclaimable:      14068 kB
SUnreclaim:        30172 kB
KernelStack:       11648 kB
PageTables:        28820 kB
NFS_Unstable:          0 kB
Bounce:                0 kB
WritebackTmp:          0 kB
CommitLimit:      710780 kB
Committed_AS:   36949488 kB
VmallocTotal:     460800 kB
VmallocUsed:       17228 kB
VmallocChunk:     168988 kB
Time pass: 152 sec

---2015-12-09 11:18:22
MemTotal:        1421560 kB
MemFree:           36116 kB
Buffers:           10048 kB
Cached:           657944 kB
SwapCached:            0 kB
Active:           732460 kB
Inactive:         342468 kB
Active(anon):     409440 kB
Inactive(anon):      860 kB
Active(file):     323020 kB
Inactive(file):   341608 kB
Unevictable:        2400 kB
Mlocked:               0 kB
HighTotal:        885760 kB
HighFree:           4388 kB
LowTotal:         535800 kB
LowFree:           31728 kB
SwapTotal:             0 kB
SwapFree:              0 kB
Dirty:                44 kB
Writeback:             0 kB
AnonPages:        409208 kB
Mapped:           393624 kB
Shmem:               948 kB
Slab:              44088 kB
SReclaimable:      14068 kB
SUnreclaim:        30020 kB
KernelStack:       11528 kB
PageTables:        28708 kB
NFS_Unstable:          0 kB
Bounce:                0 kB
WritebackTmp:          0 kB
CommitLimit:      710780 kB
Committed_AS:   36938676 kB
VmallocTotal:     460800 kB
VmallocUsed:       17228 kB
VmallocChunk:     168988 kB
Time pass: 155 sec

---2015-12-09 11:18:22
MemTotal:        1421560 kB
MemFree:           32652 kB
Buffers:           10064 kB
Cached:           657888 kB
SwapCached:            0 kB
Active:           736332 kB
Inactive:         342480 kB
Active(anon):     413368 kB
Inactive(anon):     1068 kB
Active(file):     322964 kB
Inactive(file):   341412 kB
Unevictable:        2416 kB
Mlocked:               0 kB
HighTotal:        885760 kB
HighFree:           4448 kB
LowTotal:         535800 kB
LowFree:           28204 kB
SwapTotal:             0 kB
SwapFree:              0 kB
Dirty:                40 kB
Writeback:             0 kB
AnonPages:        413420 kB
Mapped:           393944 kB
Shmem:              1160 kB
Slab:              44204 kB
SReclaimable:      14068 kB
SUnreclaim:        30136 kB
KernelStack:       11664 kB
PageTables:        28864 kB
NFS_Unstable:          0 kB
Bounce:                0 kB
WritebackTmp:          0 kB
CommitLimit:      710780 kB
Committed_AS:   36955148 kB
VmallocTotal:     460800 kB
VmallocUsed:       17228 kB
VmallocChunk:     168988 kB
Time pass: 159 sec

---2015-12-09 11:18:22
MemTotal:        1421560 kB
MemFree:           30608 kB
Buffers:           10080 kB
Cached:           657908 kB
SwapCached:            0 kB
Active:           740416 kB
Inactive:         342508 kB
Active(anon):     417444 kB
Inactive(anon):     1088 kB
Active(file):     322972 kB
Inactive(file):   341420 kB
Unevictable:        2416 kB
Mlocked:               0 kB
HighTotal:        885760 kB
HighFree:           4424 kB
LowTotal:         535800 kB
LowFree:           26184 kB
SwapTotal:             0 kB
SwapFree:              0 kB
Dirty:                36 kB
Writeback:             0 kB
AnonPages:        417552 kB
Mapped:           391572 kB
Shmem:              1180 kB
Slab:              44188 kB
SReclaimable:      14068 kB
SUnreclaim:        30120 kB
KernelStack:       11664 kB
PageTables:        28876 kB
NFS_Unstable:          0 kB
Bounce:                0 kB
WritebackTmp:          0 kB
CommitLimit:      710780 kB
Committed_AS:   36959588 kB
VmallocTotal:     460800 kB
VmallocUsed:       17228 kB
VmallocChunk:     168988 kB
Time pass: 162 sec

---2015-12-09 11:18:22
MemTotal:        1421560 kB
MemFree:           29264 kB
Buffers:           10112 kB
Cached:           657924 kB
SwapCached:            0 kB
Active:           742216 kB
Inactive:         342556 kB
Active(anon):     419244 kB
Inactive(anon):     1104 kB
Active(file):     322972 kB
Inactive(file):   341452 kB
Unevictable:        2416 kB
Mlocked:               0 kB
HighTotal:        885760 kB
HighFree:           4340 kB
LowTotal:         535800 kB
LowFree:           24924 kB
SwapTotal:             0 kB
SwapFree:              0 kB
Dirty:                 0 kB
Writeback:             0 kB
AnonPages:        419300 kB
Mapped:           391228 kB
Shmem:              1196 kB
Slab:              44204 kB
SReclaimable:      14068 kB
SUnreclaim:        30136 kB
KernelStack:       11672 kB
PageTables:        28884 kB
NFS_Unstable:          0 kB
Bounce:                0 kB
WritebackTmp:          0 kB
CommitLimit:      710780 kB
Committed_AS:   36960852 kB
VmallocTotal:     460800 kB
VmallocUsed:       17228 kB
VmallocChunk:     168988 kB
Time pass: 166 sec

---2015-12-09 11:18:22
MemTotal:        1421560 kB
MemFree:           28364 kB
Buffers:           10136 kB
Cached:           657904 kB
SwapCached:            0 kB
Active:           743148 kB
Inactive:         342564 kB
Active(anon):     420176 kB
Inactive(anon):     1104 kB
Active(file):     322972 kB
Inactive(file):   341460 kB
Unevictable:        2416 kB
Mlocked:               0 kB
HighTotal:        885760 kB
HighFree:           4344 kB
LowTotal:         535800 kB
LowFree:           24020 kB
SwapTotal:             0 kB
SwapFree:              0 kB
Dirty:                 8 kB
Writeback:             0 kB
AnonPages:        420260 kB
Mapped:           391376 kB
Shmem:              1196 kB
Slab:              44272 kB
SReclaimable:      14068 kB
SUnreclaim:        30204 kB
KernelStack:       11664 kB
PageTables:        28884 kB
NFS_Unstable:          0 kB
Bounce:                0 kB
WritebackTmp:          0 kB
CommitLimit:      710780 kB
Committed_AS:   36962132 kB
VmallocTotal:     460800 kB
VmallocUsed:       17228 kB
VmallocChunk:     168988 kB
Time pass: 170 sec

---2015-12-09 11:18:22
MemTotal:        1421560 kB
MemFree:           27948 kB
Buffers:           10136 kB
Cached:           657924 kB
SwapCached:            0 kB
Active:           743072 kB
Inactive:         342580 kB
Active(anon):     420100 kB
Inactive(anon):     1104 kB
Active(file):     322972 kB
Inactive(file):   341476 kB
Unevictable:        2416 kB
Mlocked:               0 kB
HighTotal:        885760 kB
HighFree:           4400 kB
LowTotal:         535800 kB
LowFree:           23548 kB
SwapTotal:             0 kB
SwapFree:              0 kB
Dirty:                36 kB
Writeback:             0 kB
AnonPages:        420064 kB
Mapped:           391376 kB
Shmem:              1196 kB
Slab:              44220 kB
SReclaimable:      14068 kB
SUnreclaim:        30152 kB
KernelStack:       11648 kB
PageTables:        28884 kB
NFS_Unstable:          0 kB
Bounce:                0 kB
WritebackTmp:          0 kB
CommitLimit:      710780 kB
Committed_AS:   36961316 kB
VmallocTotal:     460800 kB
VmallocUsed:       17228 kB
VmallocChunk:     168988 kB
Time pass: 174 sec

---2015-12-09 11:18:22
MemTotal:        1421560 kB
MemFree:           27584 kB
Buffers:           10152 kB
Cached:           657956 kB
SwapCached:            0 kB
Active:           743540 kB
Inactive:         342628 kB
Active(anon):     420568 kB
Inactive(anon):     1136 kB
Active(file):     322972 kB
Inactive(file):   341492 kB
Unevictable:        2416 kB
Mlocked:               0 kB
HighTotal:        885760 kB
HighFree:           4336 kB
LowTotal:         535800 kB
LowFree:           23248 kB
SwapTotal:             0 kB
SwapFree:              0 kB
Dirty:                 0 kB
Writeback:             0 kB
AnonPages:        420484 kB
Mapped:           391408 kB
Shmem:              1228 kB
Slab:              44168 kB
SReclaimable:      14068 kB
SUnreclaim:        30100 kB
KernelStack:       11640 kB
PageTables:        28884 kB
NFS_Unstable:          0 kB
Bounce:                0 kB
WritebackTmp:          0 kB
CommitLimit:      710780 kB
Committed_AS:   36961616 kB
VmallocTotal:     460800 kB
VmallocUsed:       17228 kB
VmallocChunk:     168988 kB
Time pass: 178 sec

---2015-12-09 11:18:22
MemTotal:        1421560 kB
MemFree:           27660 kB
Buffers:           10160 kB
Cached:           658012 kB
SwapCached:            0 kB
Active:           744264 kB
Inactive:         342692 kB
Active(anon):     421292 kB
Inactive(anon):     1192 kB
Active(file):     322972 kB
Inactive(file):   341500 kB
Unevictable:        2416 kB
Mlocked:               0 kB
HighTotal:        885760 kB
HighFree:           4412 kB
LowTotal:         535800 kB
LowFree:           23248 kB
SwapTotal:             0 kB
SwapFree:              0 kB
Dirty:                28 kB
Writeback:             0 kB
AnonPages:        421316 kB
Mapped:           391464 kB
Shmem:              1284 kB
Slab:              44204 kB
SReclaimable:      14068 kB
SUnreclaim:        30136 kB
KernelStack:       11632 kB
PageTables:        28888 kB
NFS_Unstable:          0 kB
Bounce:                0 kB
WritebackTmp:          0 kB
CommitLimit:      710780 kB
Committed_AS:   36962072 kB
VmallocTotal:     460800 kB
VmallocUsed:       17228 kB
VmallocChunk:     168988 kB
Time pass: 182 sec

---2015-12-09 11:18:22
MemTotal:        1421560 kB
MemFree:           26048 kB
Buffers:           10176 kB
Cached:           658348 kB
SwapCached:            0 kB
Active:           745188 kB
Inactive:         342992 kB
Active(anon):     422200 kB
Inactive(anon):     1272 kB
Active(file):     322988 kB
Inactive(file):   341720 kB
Unevictable:        2416 kB
Mlocked:               0 kB
HighTotal:        885760 kB
HighFree:           4384 kB
LowTotal:         535800 kB
LowFree:           21664 kB
SwapTotal:             0 kB
SwapFree:              0 kB
Dirty:                 0 kB
Writeback:             0 kB
AnonPages:        422320 kB
Mapped:           391596 kB
Shmem:              1400 kB
Slab:              44192 kB
SReclaimable:      14068 kB
SUnreclaim:        30124 kB
KernelStack:       11648 kB
PageTables:        28888 kB
NFS_Unstable:          0 kB
Bounce:                0 kB
WritebackTmp:          0 kB
CommitLimit:      710780 kB
Committed_AS:   36963416 kB
VmallocTotal:     460800 kB
VmallocUsed:       17228 kB
VmallocChunk:     168988 kB
Time pass: 187 sec

---2015-12-09 11:18:22
MemTotal:        1421560 kB
MemFree:           24612 kB
Buffers:           10200 kB
Cached:           658364 kB
SwapCached:            0 kB
Active:           746108 kB
Inactive:         343068 kB
Active(anon):     423120 kB
Inactive(anon):     1340 kB
Active(file):     322988 kB
Inactive(file):   341728 kB
Unevictable:        2416 kB
Mlocked:               0 kB
HighTotal:        885760 kB
HighFree:           4384 kB
LowTotal:         535800 kB
LowFree:           20228 kB
SwapTotal:             0 kB
SwapFree:              0 kB
Dirty:                32 kB
Writeback:             0 kB
AnonPages:        423240 kB
Mapped:           391628 kB
Shmem:              1432 kB
Slab:              44344 kB
SReclaimable:      14068 kB
SUnreclaim:        30276 kB
KernelStack:       11648 kB
PageTables:        28892 kB
NFS_Unstable:          0 kB
Bounce:                0 kB
WritebackTmp:          0 kB
CommitLimit:      710780 kB
Committed_AS:   36963468 kB
VmallocTotal:     460800 kB
VmallocUsed:       17228 kB
VmallocChunk:     168988 kB
Time pass: 191 sec

---2015-12-09 11:18:22
MemTotal:        1421560 kB
MemFree:           24796 kB
Buffers:           10200 kB
Cached:           658380 kB
SwapCached:            0 kB
Active:           746140 kB
Inactive:         343084 kB
Active(anon):     423152 kB
Inactive(anon):     1340 kB
Active(file):     322988 kB
Inactive(file):   341744 kB
Unevictable:        2416 kB
Mlocked:               0 kB
HighTotal:        885760 kB
HighFree:           4384 kB
LowTotal:         535800 kB
LowFree:           20412 kB
SwapTotal:             0 kB
SwapFree:              0 kB
Dirty:                 0 kB
Writeback:             0 kB
AnonPages:        423368 kB
Mapped:           391480 kB
Shmem:              1432 kB
Slab:              44324 kB
SReclaimable:      14068 kB
SUnreclaim:        30256 kB
KernelStack:       11648 kB
PageTables:        28888 kB
NFS_Unstable:          0 kB
Bounce:                0 kB
WritebackTmp:          0 kB
CommitLimit:      710780 kB
Committed_AS:   36963760 kB
VmallocTotal:     460800 kB
VmallocUsed:       17228 kB
VmallocChunk:     168988 kB
Time pass: 194 sec

---2015-12-09 11:18:22
MemTotal:        1421560 kB
MemFree:           25596 kB
Buffers:           10216 kB
Cached:           658380 kB
SwapCached:            0 kB
Active:           744228 kB
Inactive:         343100 kB
Active(anon):     421240 kB
Inactive(anon):     1340 kB
Active(file):     322988 kB
Inactive(file):   341760 kB
Unevictable:        2416 kB
Mlocked:               0 kB
HighTotal:        885760 kB
HighFree:           4436 kB
LowTotal:         535800 kB
LowFree:           21160 kB
SwapTotal:             0 kB
SwapFree:              0 kB
Dirty:                36 kB
Writeback:             0 kB
AnonPages:        421312 kB
Mapped:           391648 kB
Shmem:              1432 kB
Slab:              44164 kB
SReclaimable:      14012 kB
SUnreclaim:        30152 kB
KernelStack:       11648 kB
PageTables:        28892 kB
NFS_Unstable:          0 kB
Bounce:                0 kB
WritebackTmp:          0 kB
CommitLimit:      710780 kB
Committed_AS:   36961544 kB
VmallocTotal:     460800 kB
VmallocUsed:       17228 kB
VmallocChunk:     168988 kB
Time pass: 198 sec

---2015-12-09 11:18:22
MemTotal:        1421560 kB
MemFree:           26168 kB
Buffers:           10224 kB
Cached:           658380 kB
SwapCached:            0 kB
Active:           744016 kB
Inactive:         343108 kB
Active(anon):     421028 kB
Inactive(anon):     1340 kB
Active(file):     322988 kB
Inactive(file):   341768 kB
Unevictable:        2416 kB
Mlocked:               0 kB
HighTotal:        885760 kB
HighFree:           4788 kB
LowTotal:         535800 kB
LowFree:           21380 kB
SwapTotal:             0 kB
SwapFree:              0 kB
Dirty:                32 kB
Writeback:             0 kB
AnonPages:        421088 kB
Mapped:           391500 kB
Shmem:              1432 kB
Slab:              44088 kB
SReclaimable:      14012 kB
SUnreclaim:        30076 kB
KernelStack:       11632 kB
PageTables:        28892 kB
NFS_Unstable:          0 kB
Bounce:                0 kB
WritebackTmp:          0 kB
CommitLimit:      710780 kB
Committed_AS:   36960480 kB
VmallocTotal:     460800 kB
VmallocUsed:       17228 kB
VmallocChunk:     168988 kB
Time pass: 202 sec

---2015-12-09 11:18:22
MemTotal:        1421560 kB
MemFree:           25688 kB
Buffers:           10240 kB
Cached:           658380 kB
SwapCached:            0 kB
Active:           744532 kB
Inactive:         343124 kB
Active(anon):     421544 kB
Inactive(anon):     1340 kB
Active(file):     322988 kB
Inactive(file):   341784 kB
Unevictable:        2416 kB
Mlocked:               0 kB
HighTotal:        885760 kB
HighFree:           4552 kB
LowTotal:         535800 kB
LowFree:           21136 kB
SwapTotal:             0 kB
SwapFree:              0 kB
Dirty:                 0 kB
Writeback:             0 kB
AnonPages:        421524 kB
Mapped:           391644 kB
Shmem:              1432 kB
Slab:              44208 kB
SReclaimable:      14012 kB
SUnreclaim:        30196 kB
KernelStack:       11648 kB
PageTables:        28892 kB
NFS_Unstable:          0 kB
Bounce:                0 kB
WritebackTmp:          0 kB
CommitLimit:      710780 kB
Committed_AS:   36961872 kB
VmallocTotal:     460800 kB
VmallocUsed:       17228 kB
VmallocChunk:     168988 kB
Time pass: 206 sec

---2015-12-09 11:18:22
MemTotal:        1421560 kB
MemFree:           25324 kB
Buffers:           10248 kB
Cached:           658380 kB
SwapCached:            0 kB
Active:           744596 kB
Inactive:         343132 kB
Active(anon):     421608 kB
Inactive(anon):     1340 kB
Active(file):     322988 kB
Inactive(file):   341792 kB
Unevictable:        2416 kB
Mlocked:               0 kB
HighTotal:        885760 kB
HighFree:           5164 kB
LowTotal:         535800 kB
LowFree:           20160 kB
SwapTotal:             0 kB
SwapFree:              0 kB
Dirty:                28 kB
Writeback:             0 kB
AnonPages:        421508 kB
Mapped:           391496 kB
Shmem:              1432 kB
Slab:              44148 kB
SReclaimable:      14012 kB
SUnreclaim:        30136 kB
KernelStack:       11632 kB
PageTables:        28892 kB
NFS_Unstable:          0 kB
Bounce:                0 kB
WritebackTmp:          0 kB
CommitLimit:      710780 kB
Committed_AS:   36960872 kB
VmallocTotal:     460800 kB
VmallocUsed:       17228 kB
VmallocChunk:     168988 kB
Time pass: 210 sec

---2015-12-09 11:18:22
MemTotal:        1421560 kB
MemFree:           24364 kB
Buffers:           10264 kB
Cached:           658380 kB
SwapCached:            0 kB
Active:           744928 kB
Inactive:         343148 kB
Active(anon):     421940 kB
Inactive(anon):     1340 kB
Active(file):     322988 kB
Inactive(file):   341808 kB
Unevictable:        2416 kB
Mlocked:               0 kB
HighTotal:        885760 kB
HighFree:           3796 kB
LowTotal:         535800 kB
LowFree:           20568 kB
SwapTotal:             0 kB
SwapFree:              0 kB
Dirty:                36 kB
Writeback:             0 kB
AnonPages:        421928 kB
Mapped:           391644 kB
Shmem:              1432 kB
Slab:              44160 kB
SReclaimable:      14012 kB
SUnreclaim:        30148 kB
KernelStack:       11632 kB
PageTables:        28900 kB
NFS_Unstable:          0 kB
Bounce:                0 kB
WritebackTmp:          0 kB
CommitLimit:      710780 kB
Committed_AS:   36961092 kB
VmallocTotal:     460800 kB
VmallocUsed:       17228 kB
VmallocChunk:     168988 kB
Time pass: 213 sec

---2015-12-09 11:18:22
MemTotal:        1421560 kB
MemFree:           24304 kB
Buffers:           10280 kB
Cached:           658380 kB
SwapCached:            0 kB
Active:           744992 kB
Inactive:         343164 kB
Active(anon):     422004 kB
Inactive(anon):     1340 kB
Active(file):     322988 kB
Inactive(file):   341824 kB
Unevictable:        2416 kB
Mlocked:               0 kB
HighTotal:        885760 kB
HighFree:           3892 kB
LowTotal:         535800 kB
LowFree:           20412 kB
SwapTotal:             0 kB
SwapFree:              0 kB
Dirty:                36 kB
Writeback:             0 kB
AnonPages:        422032 kB
Mapped:           391600 kB
Shmem:              1432 kB
Slab:              44184 kB
SReclaimable:      14012 kB
SUnreclaim:        30172 kB
KernelStack:       11632 kB
PageTables:        28884 kB
NFS_Unstable:          0 kB
Bounce:                0 kB
WritebackTmp:          0 kB
CommitLimit:      710780 kB
Committed_AS:   36961132 kB
VmallocTotal:     460800 kB
VmallocUsed:       17228 kB
VmallocChunk:     168988 kB
Time pass: 217 sec

---2015-12-09 11:18:22
MemTotal:        1421560 kB
MemFree:           23768 kB
Buffers:           10288 kB
Cached:           658380 kB
SwapCached:            0 kB
Active:           745460 kB
Inactive:         343164 kB
Active(anon):     422472 kB
Inactive(anon):     1340 kB
Active(file):     322988 kB
Inactive(file):   341824 kB
Unevictable:        2416 kB
Mlocked:               0 kB
HighTotal:        885760 kB
HighFree:           3892 kB
LowTotal:         535800 kB
LowFree:           19876 kB
SwapTotal:             0 kB
SwapFree:              0 kB
Dirty:                 0 kB
Writeback:             0 kB
AnonPages:        422308 kB
Mapped:           391656 kB
Shmem:              1432 kB
Slab:              44212 kB
SReclaimable:      14012 kB
SUnreclaim:        30200 kB
KernelStack:       11624 kB
PageTables:        28904 kB
NFS_Unstable:          0 kB
Bounce:                0 kB
WritebackTmp:          0 kB
CommitLimit:      710780 kB
Committed_AS:   36961372 kB
VmallocTotal:     460800 kB
VmallocUsed:       17228 kB
VmallocChunk:     168988 kB
Time pass: 220 sec

---2015-12-09 11:18:22
MemTotal:        1421560 kB
MemFree:           24200 kB
Buffers:           10304 kB
Cached:           658452 kB
SwapCached:            0 kB
Active:           744964 kB
Inactive:         343260 kB
Active(anon):     421976 kB
Inactive(anon):     1412 kB
Active(file):     322988 kB
Inactive(file):   341848 kB
Unevictable:        2416 kB
Mlocked:               0 kB
HighTotal:        885760 kB
HighFree:           3904 kB
LowTotal:         535800 kB
LowFree:           20296 kB
SwapTotal:             0 kB
SwapFree:              0 kB
Dirty:                36 kB
Writeback:             0 kB
AnonPages:        421780 kB
Mapped:           391728 kB
Shmem:              1504 kB
Slab:              44140 kB
SReclaimable:      14012 kB
SUnreclaim:        30128 kB
KernelStack:       11624 kB
PageTables:        28904 kB
NFS_Unstable:          0 kB
Bounce:                0 kB
WritebackTmp:          0 kB
CommitLimit:      710780 kB
Committed_AS:   36961540 kB
VmallocTotal:     460800 kB
VmallocUsed:       17228 kB
VmallocChunk:     168988 kB
Time pass: 224 sec

---2015-12-09 11:18:22
MemTotal:        1421560 kB
MemFree:           23596 kB
Buffers:           10320 kB
Cached:           658516 kB
SwapCached:            0 kB
Active:           744584 kB
Inactive:         343340 kB
Active(anon):     421596 kB
Inactive(anon):     1492 kB
Active(file):     322988 kB
Inactive(file):   341848 kB
Unevictable:        2416 kB
Mlocked:               0 kB
HighTotal:        885760 kB
HighFree:           3944 kB
LowTotal:         535800 kB
LowFree:           19652 kB
SwapTotal:             0 kB
SwapFree:              0 kB
Dirty:                 0 kB
Writeback:             0 kB
AnonPages:        421472 kB
Mapped:           391660 kB
Shmem:              1584 kB
Slab:              44112 kB
SReclaimable:      14012 kB
SUnreclaim:        30100 kB
KernelStack:       11632 kB
PageTables:        28904 kB
NFS_Unstable:          0 kB
Bounce:                0 kB
WritebackTmp:          0 kB
CommitLimit:      710780 kB
Committed_AS:   36961720 kB
VmallocTotal:     460800 kB
VmallocUsed:       17228 kB
VmallocChunk:     168988 kB
Time pass: 228 sec

---2015-12-09 11:18:22
MemTotal:        1421560 kB
MemFree:           23352 kB
Buffers:           10336 kB
Cached:           658532 kB
SwapCached:            0 kB
Active:           744896 kB
Inactive:         343372 kB
Active(anon):     421908 kB
Inactive(anon):     1492 kB
Active(file):     322988 kB
Inactive(file):   341880 kB
Unevictable:        2416 kB
Mlocked:               0 kB
HighTotal:        885760 kB
HighFree:           4320 kB
LowTotal:         535800 kB
LowFree:           19032 kB
SwapTotal:             0 kB
SwapFree:              0 kB
Dirty:                52 kB
Writeback:             0 kB
AnonPages:        421820 kB
Mapped:           391808 kB
Shmem:              1584 kB
Slab:              44144 kB
SReclaimable:      14012 kB
SUnreclaim:        30132 kB
KernelStack:       11640 kB
PageTables:        28904 kB
NFS_Unstable:          0 kB
Bounce:                0 kB
WritebackTmp:          0 kB
CommitLimit:      710780 kB
Committed_AS:   36962284 kB
VmallocTotal:     460800 kB
VmallocUsed:       17228 kB
VmallocChunk:     168988 kB
Time pass: 231 sec

---2015-12-09 11:18:22
MemTotal:        1421560 kB
MemFree:           23324 kB
Buffers:           10352 kB
Cached:           658532 kB
SwapCached:            0 kB
Active:           745112 kB
Inactive:         343380 kB
Active(anon):     422124 kB
Inactive(anon):     1492 kB
Active(file):     322988 kB
Inactive(file):   341888 kB
Unevictable:        2416 kB
Mlocked:               0 kB
HighTotal:        885760 kB
HighFree:           5192 kB
LowTotal:         535800 kB
LowFree:           18132 kB
SwapTotal:             0 kB
SwapFree:              0 kB
Dirty:                36 kB
Writeback:             0 kB
AnonPages:        422056 kB
Mapped:           391664 kB
Shmem:              1584 kB
Slab:              44212 kB
SReclaimable:      14012 kB
SUnreclaim:        30200 kB
KernelStack:       11640 kB
PageTables:        28904 kB
NFS_Unstable:          0 kB
Bounce:                0 kB
WritebackTmp:          0 kB
CommitLimit:      710780 kB
Committed_AS:   36962476 kB
VmallocTotal:     460800 kB
VmallocUsed:       17228 kB
VmallocChunk:     168988 kB
Time pass: 235 sec

---2015-12-09 11:18:22
MemTotal:        1421560 kB
MemFree:           23040 kB
Buffers:           10352 kB
Cached:           658532 kB
SwapCached:            0 kB
Active:           745108 kB
Inactive:         343388 kB
Active(anon):     422120 kB
Inactive(anon):     1492 kB
Active(file):     322988 kB
Inactive(file):   341896 kB
Unevictable:        2416 kB
Mlocked:               0 kB
HighTotal:        885760 kB
HighFree:           4688 kB
LowTotal:         535800 kB
LowFree:           18352 kB
SwapTotal:             0 kB
SwapFree:              0 kB
Dirty:                36 kB
Writeback:             0 kB
AnonPages:        422168 kB
Mapped:           391812 kB
Shmem:              1584 kB
Slab:              44244 kB
SReclaimable:      14012 kB
SUnreclaim:        30232 kB
KernelStack:       11648 kB
PageTables:        28904 kB
NFS_Unstable:          0 kB
Bounce:                0 kB
WritebackTmp:          0 kB
CommitLimit:      710780 kB
Committed_AS:   36962500 kB
VmallocTotal:     460800 kB
VmallocUsed:       17228 kB
VmallocChunk:     168988 kB
Time pass: 238 sec

---2015-12-09 11:18:22
MemTotal:        1421560 kB
MemFree:           22664 kB
Buffers:           10380 kB
Cached:           658516 kB
SwapCached:            0 kB
Active:           745984 kB
Inactive:         343392 kB
Active(anon):     422988 kB
Inactive(anon):     1492 kB
Active(file):     322996 kB
Inactive(file):   341900 kB
Unevictable:        2416 kB
Mlocked:               0 kB
HighTotal:        885760 kB
HighFree:           4452 kB
LowTotal:         535800 kB
LowFree:           18212 kB
SwapTotal:             0 kB
SwapFree:              0 kB
Dirty:                28 kB
Writeback:             0 kB
AnonPages:        423104 kB
Mapped:           391824 kB
Shmem:              1584 kB
Slab:              44308 kB
SReclaimable:      14012 kB
SUnreclaim:        30296 kB
KernelStack:       11656 kB
PageTables:        28904 kB
NFS_Unstable:          0 kB
Bounce:                0 kB
WritebackTmp:          0 kB
CommitLimit:      710780 kB
Committed_AS:   36963872 kB
VmallocTotal:     460800 kB
VmallocUsed:       17228 kB
VmallocChunk:     168988 kB
Time pass: 242 sec

---2015-12-09 11:18:22
MemTotal:        1421560 kB
MemFree:           22692 kB
Buffers:           10380 kB
Cached:           658536 kB
SwapCached:            0 kB
Active:           745468 kB
Inactive:         343412 kB
Active(anon):     422472 kB
Inactive(anon):     1492 kB
Active(file):     322996 kB
Inactive(file):   341920 kB
Unevictable:        2416 kB
Mlocked:               0 kB
HighTotal:        885760 kB
HighFree:           4768 kB
LowTotal:         535800 kB
LowFree:           17924 kB
SwapTotal:             0 kB
SwapFree:              0 kB
Dirty:                 0 kB
Writeback:             8 kB
AnonPages:        422532 kB
Mapped:           391824 kB
Shmem:              1584 kB
Slab:              44148 kB
SReclaimable:      14012 kB
SUnreclaim:        30136 kB
KernelStack:       11640 kB
PageTables:        28904 kB
NFS_Unstable:          0 kB
Bounce:                0 kB
WritebackTmp:          0 kB
CommitLimit:      710780 kB
Committed_AS:   36963992 kB
VmallocTotal:     460800 kB
VmallocUsed:       17228 kB
VmallocChunk:     168988 kB
Time pass: 246 sec

---2015-12-09 11:18:22
MemTotal:        1421560 kB
MemFree:           22980 kB
Buffers:           10388 kB
Cached:           658536 kB
SwapCached:            0 kB
Active:           745768 kB
Inactive:         343420 kB
Active(anon):     422772 kB
Inactive(anon):     1492 kB
Active(file):     322996 kB
Inactive(file):   341928 kB
Unevictable:        2416 kB
Mlocked:               0 kB
HighTotal:        885760 kB
HighFree:           4396 kB
LowTotal:         535800 kB
LowFree:           18584 kB
SwapTotal:             0 kB
SwapFree:              0 kB
Dirty:                36 kB
Writeback:             0 kB
AnonPages:        422780 kB
Mapped:           391828 kB
Shmem:              1584 kB
Slab:              44244 kB
SReclaimable:      14012 kB
SUnreclaim:        30232 kB
KernelStack:       11648 kB
PageTables:        28904 kB
NFS_Unstable:          0 kB
Bounce:                0 kB
WritebackTmp:          0 kB
CommitLimit:      710780 kB
Committed_AS:   36964112 kB
VmallocTotal:     460800 kB
VmallocUsed:       17228 kB
VmallocChunk:     168988 kB
Time pass: 250 sec

---2015-12-09 11:18:22
MemTotal:        1421560 kB
MemFree:           22948 kB
Buffers:           10404 kB
Cached:           658536 kB
SwapCached:            0 kB
Active:           745812 kB
Inactive:         343436 kB
Active(anon):     422816 kB
Inactive(anon):     1492 kB
Active(file):     322996 kB
Inactive(file):   341944 kB
Unevictable:        2416 kB
Mlocked:               0 kB
HighTotal:        885760 kB
HighFree:           4344 kB
LowTotal:         535800 kB
LowFree:           18604 kB
SwapTotal:             0 kB
SwapFree:              0 kB
Dirty:                 0 kB
Writeback:             4 kB
AnonPages:        422808 kB
Mapped:           391828 kB
Shmem:              1584 kB
Slab:              44228 kB
SReclaimable:      14052 kB
SUnreclaim:        30176 kB
KernelStack:       11640 kB
PageTables:        28900 kB
NFS_Unstable:          0 kB
Bounce:                0 kB
WritebackTmp:          0 kB
CommitLimit:      710780 kB
Committed_AS:   36963180 kB
VmallocTotal:     460800 kB
VmallocUsed:       17228 kB
VmallocChunk:     168988 kB
Time pass: 254 sec

---2015-12-09 11:18:22
MemTotal:        1421560 kB
MemFree:           22620 kB
Buffers:           10420 kB
Cached:           658536 kB
SwapCached:            0 kB
Active:           746120 kB
Inactive:         343452 kB
Active(anon):     423124 kB
Inactive(anon):     1492 kB
Active(file):     322996 kB
Inactive(file):   341960 kB
Unevictable:        2416 kB
Mlocked:               0 kB
HighTotal:        885760 kB
HighFree:           4348 kB
LowTotal:         535800 kB
LowFree:           18272 kB
SwapTotal:             0 kB
SwapFree:              0 kB
Dirty:                36 kB
Writeback:             0 kB
AnonPages:        423072 kB
Mapped:           391832 kB
Shmem:              1584 kB
Slab:              44232 kB
SReclaimable:      14052 kB
SUnreclaim:        30180 kB
KernelStack:       11640 kB
PageTables:        28900 kB
NFS_Unstable:          0 kB
Bounce:                0 kB
WritebackTmp:          0 kB
CommitLimit:      710780 kB
Committed_AS:   36963180 kB
VmallocTotal:     460800 kB
VmallocUsed:       17228 kB
VmallocChunk:     168988 kB
Time pass: 258 sec

---2015-12-09 11:18:22
MemTotal:        1421560 kB
MemFree:           22272 kB
Buffers:           10428 kB
Cached:           658536 kB
SwapCached:            0 kB
Active:           746296 kB
Inactive:         343452 kB
Active(anon):     423300 kB
Inactive(anon):     1492 kB
Active(file):     322996 kB
Inactive(file):   341960 kB
Unevictable:        2416 kB
Mlocked:               0 kB
HighTotal:        885760 kB
HighFree:           4348 kB
LowTotal:         535800 kB
LowFree:           17924 kB
SwapTotal:             0 kB
SwapFree:              0 kB
Dirty:                28 kB
Writeback:             0 kB
AnonPages:        423256 kB
Mapped:           391836 kB
Shmem:              1584 kB
Slab:              44264 kB
SReclaimable:      14052 kB
SUnreclaim:        30212 kB
KernelStack:       11640 kB
PageTables:        28904 kB
NFS_Unstable:          0 kB
Bounce:                0 kB
WritebackTmp:          0 kB
CommitLimit:      710780 kB
Committed_AS:   36963428 kB
VmallocTotal:     460800 kB
VmallocUsed:       17228 kB
VmallocChunk:     168988 kB
Time pass: 261 sec

---2015-12-09 11:18:22
MemTotal:        1421560 kB
MemFree:           23516 kB
Buffers:           10444 kB
Cached:           658536 kB
SwapCached:            0 kB
Active:           744608 kB
Inactive:         343476 kB
Active(anon):     421612 kB
Inactive(anon):     1492 kB
Active(file):     322996 kB
Inactive(file):   341984 kB
Unevictable:        2416 kB
Mlocked:               0 kB
HighTotal:        885760 kB
HighFree:           4392 kB
LowTotal:         535800 kB
LowFree:           19124 kB
SwapTotal:             0 kB
SwapFree:              0 kB
Dirty:                 0 kB
Writeback:             0 kB
AnonPages:        421524 kB
Mapped:           391836 kB
Shmem:              1584 kB
Slab:              44276 kB
SReclaimable:      14052 kB
SUnreclaim:        30224 kB
KernelStack:       11640 kB
PageTables:        28904 kB
NFS_Unstable:          0 kB
Bounce:                0 kB
WritebackTmp:          0 kB
CommitLimit:      710780 kB
Committed_AS:   36961240 kB
VmallocTotal:     460800 kB
VmallocUsed:       17228 kB
VmallocChunk:     168988 kB
Time pass: 265 sec

---2015-12-09 11:18:22
MemTotal:        1421560 kB
MemFree:           23332 kB
Buffers:           10452 kB
Cached:           658528 kB
SwapCached:            0 kB
Active:           744632 kB
Inactive:         343476 kB
Active(anon):     421636 kB
Inactive(anon):     1492 kB
Active(file):     322996 kB
Inactive(file):   341984 kB
Unevictable:        2416 kB
Mlocked:               0 kB
HighTotal:        885760 kB
HighFree:           4392 kB
LowTotal:         535800 kB
LowFree:           18940 kB
SwapTotal:             0 kB
SwapFree:              0 kB
Dirty:                 0 kB
Writeback:             0 kB
AnonPages:        421640 kB
Mapped:           391836 kB
Shmem:              1584 kB
Slab:              44284 kB
SReclaimable:      14052 kB
SUnreclaim:        30232 kB
KernelStack:       11640 kB
PageTables:        28904 kB
NFS_Unstable:          0 kB
Bounce:                0 kB
WritebackTmp:          0 kB
CommitLimit:      710780 kB
Committed_AS:   36961320 kB
VmallocTotal:     460800 kB
VmallocUsed:       17228 kB
VmallocChunk:     168988 kB
Time pass: 269 sec

---2015-12-09 11:18:22
MemTotal:        1421560 kB
MemFree:           23000 kB
Buffers:           10468 kB
Cached:           658536 kB
SwapCached:            0 kB
Active:           744848 kB
Inactive:         343500 kB
Active(anon):     421852 kB
Inactive(anon):     1492 kB
Active(file):     322996 kB
Inactive(file):   342008 kB
Unevictable:        2416 kB
Mlocked:               0 kB
HighTotal:        885760 kB
HighFree:           4392 kB
LowTotal:         535800 kB
LowFree:           18608 kB
SwapTotal:             0 kB
SwapFree:              0 kB
Dirty:                36 kB
Writeback:             0 kB
AnonPages:        421776 kB
Mapped:           391696 kB
Shmem:              1584 kB
Slab:              44268 kB
SReclaimable:      14052 kB
SUnreclaim:        30216 kB
KernelStack:       11640 kB
PageTables:        28904 kB
NFS_Unstable:          0 kB
Bounce:                0 kB
WritebackTmp:          0 kB
CommitLimit:      710780 kB
Committed_AS:   36961380 kB
VmallocTotal:     460800 kB
VmallocUsed:       17228 kB
VmallocChunk:     168988 kB
Time pass: 272 sec

---2015-12-09 11:18:22
MemTotal:        1421560 kB
MemFree:           23292 kB
Buffers:           10484 kB
Cached:           658536 kB
SwapCached:            0 kB
Active:           745068 kB
Inactive:         343516 kB
Active(anon):     422072 kB
Inactive(anon):     1492 kB
Active(file):     322996 kB
Inactive(file):   342024 kB
Unevictable:        2416 kB
Mlocked:               0 kB
HighTotal:        885760 kB
HighFree:           4892 kB
LowTotal:         535800 kB
LowFree:           18400 kB
SwapTotal:             0 kB
SwapFree:              0 kB
Dirty:                36 kB
Writeback:             0 kB
AnonPages:        421960 kB
Mapped:           391704 kB
Shmem:              1584 kB
Slab:              44196 kB
SReclaimable:      14052 kB
SUnreclaim:        30144 kB
KernelStack:       11640 kB
PageTables:        28904 kB
NFS_Unstable:          0 kB
Bounce:                0 kB
WritebackTmp:          0 kB
CommitLimit:      710780 kB
Committed_AS:   36961504 kB
VmallocTotal:     460800 kB
VmallocUsed:       17228 kB
VmallocChunk:     168988 kB
Time pass: 276 sec

---2015-12-09 11:18:22
MemTotal:        1421560 kB
MemFree:           22808 kB
Buffers:           10484 kB
Cached:           658536 kB
SwapCached:            0 kB
Active:           745152 kB
Inactive:         343516 kB
Active(anon):     422156 kB
Inactive(anon):     1492 kB
Active(file):     322996 kB
Inactive(file):   342024 kB
Unevictable:        2416 kB
Mlocked:               0 kB
HighTotal:        885760 kB
HighFree:           5456 kB
LowTotal:         535800 kB
LowFree:           17352 kB
SwapTotal:             0 kB
SwapFree:              0 kB
Dirty:                36 kB
Writeback:             0 kB
AnonPages:        422148 kB
Mapped:           391852 kB
Shmem:              1584 kB
Slab:              44212 kB
SReclaimable:      14052 kB
SUnreclaim:        30160 kB
KernelStack:       11648 kB
PageTables:        28900 kB
NFS_Unstable:          0 kB
Bounce:                0 kB
WritebackTmp:          0 kB
CommitLimit:      710780 kB
Committed_AS:   36961592 kB
VmallocTotal:     460800 kB
VmallocUsed:       17228 kB
VmallocChunk:     168988 kB
Time pass: 279 sec

---2015-12-09 11:18:22
MemTotal:        1421560 kB
MemFree:           23808 kB
Buffers:           10508 kB
Cached:           658536 kB
SwapCached:            0 kB
Active:           745468 kB
Inactive:         343540 kB
Active(anon):     422472 kB
Inactive(anon):     1492 kB
Active(file):     322996 kB
Inactive(file):   342048 kB
Unevictable:        2416 kB
Mlocked:               0 kB
HighTotal:        885760 kB
HighFree:           5240 kB
LowTotal:         535800 kB
LowFree:           18568 kB
SwapTotal:             0 kB
SwapFree:              0 kB
Dirty:                36 kB
Writeback:             0 kB
AnonPages:        422388 kB
Mapped:           391856 kB
Shmem:              1584 kB
Slab:              44236 kB
SReclaimable:      14052 kB
SUnreclaim:        30184 kB
KernelStack:       11648 kB
PageTables:        28908 kB
NFS_Unstable:          0 kB
Bounce:                0 kB
WritebackTmp:          0 kB
CommitLimit:      710780 kB
Committed_AS:   36961796 kB
VmallocTotal:     460800 kB
VmallocUsed:       17228 kB
VmallocChunk:     168988 kB
Time pass: 283 sec

---2015-12-09 11:18:22
MemTotal:        1421560 kB
MemFree:           22836 kB
Buffers:           10508 kB
Cached:           658548 kB
SwapCached:            0 kB
Active:           745612 kB
Inactive:         343552 kB
Active(anon):     422616 kB
Inactive(anon):     1504 kB
Active(file):     322996 kB
Inactive(file):   342048 kB
Unevictable:        2416 kB
Mlocked:               0 kB
HighTotal:        885760 kB
HighFree:           4340 kB
LowTotal:         535800 kB
LowFree:           18496 kB
SwapTotal:             0 kB
SwapFree:              0 kB
Dirty:                 0 kB
Writeback:             0 kB
AnonPages:        422608 kB
Mapped:           391720 kB
Shmem:              1596 kB
Slab:              44268 kB
SReclaimable:      14052 kB
SUnreclaim:        30216 kB
KernelStack:       11656 kB
PageTables:        28904 kB
NFS_Unstable:          0 kB
Bounce:                0 kB
WritebackTmp:          0 kB
CommitLimit:      710780 kB
Committed_AS:   36962092 kB
VmallocTotal:     460800 kB
VmallocUsed:       17228 kB
VmallocChunk:     168988 kB
Time pass: 287 sec

---2015-12-09 11:18:22
MemTotal:        1421560 kB
MemFree:           22588 kB
Buffers:           10532 kB
Cached:           658532 kB
SwapCached:            0 kB
Active:           745708 kB
Inactive:         343560 kB
Active(anon):     422712 kB
Inactive(anon):     1504 kB
Active(file):     322996 kB
Inactive(file):   342056 kB
Unevictable:        2416 kB
Mlocked:               0 kB
HighTotal:        885760 kB
HighFree:           4348 kB
LowTotal:         535800 kB
LowFree:           18240 kB
SwapTotal:             0 kB
SwapFree:              0 kB
Dirty:                28 kB
Writeback:             0 kB
AnonPages:        422740 kB
Mapped:           391868 kB
Shmem:              1596 kB
Slab:              44268 kB
SReclaimable:      14052 kB
SUnreclaim:        30216 kB
KernelStack:       11648 kB
PageTables:        28904 kB
NFS_Unstable:          0 kB
Bounce:                0 kB
WritebackTmp:          0 kB
CommitLimit:      710780 kB
Committed_AS:   36963284 kB
VmallocTotal:     460800 kB
VmallocUsed:       17228 kB
VmallocChunk:     168988 kB
Time pass: 290 sec

---2015-12-09 11:18:22
MemTotal:        1421560 kB
MemFree:           22828 kB
Buffers:           10548 kB
Cached:           658532 kB
SwapCached:            0 kB
Active:           746148 kB
Inactive:         343576 kB
Active(anon):     423152 kB
Inactive(anon):     1504 kB
Active(file):     322996 kB
Inactive(file):   342072 kB
Unevictable:        2416 kB
Mlocked:               0 kB
HighTotal:        885760 kB
HighFree:           4348 kB
LowTotal:         535800 kB
LowFree:           18480 kB
SwapTotal:             0 kB
SwapFree:              0 kB
Dirty:                 0 kB
Writeback:             0 kB
AnonPages:        423180 kB
Mapped:           391868 kB
Shmem:              1596 kB
Slab:              44400 kB
SReclaimable:      14052 kB
SUnreclaim:        30348 kB
KernelStack:       11648 kB
PageTables:        28904 kB
NFS_Unstable:          0 kB
Bounce:                0 kB
WritebackTmp:          0 kB
CommitLimit:      710780 kB
Committed_AS:   36963508 kB
VmallocTotal:     460800 kB
VmallocUsed:       17228 kB
VmallocChunk:     168988 kB
Time pass: 295 sec

---2015-12-09 11:18:22
MemTotal:        1421560 kB
MemFree:           22180 kB
Buffers:           10548 kB
Cached:           658552 kB
SwapCached:            0 kB
Active:           745912 kB
Inactive:         343560 kB
Active(anon):     422880 kB
Inactive(anon):     1504 kB
Active(file):     323032 kB
Inactive(file):   342056 kB
Unevictable:        2416 kB
Mlocked:               0 kB
HighTotal:        885760 kB
HighFree:           4348 kB
LowTotal:         535800 kB
LowFree:           17832 kB
SwapTotal:             0 kB
SwapFree:              0 kB
Dirty:                40 kB
Writeback:             0 kB
AnonPages:        422776 kB
Mapped:           391904 kB
Shmem:              1596 kB
Slab:              44420 kB
SReclaimable:      14052 kB
SUnreclaim:        30368 kB
KernelStack:       11664 kB
PageTables:        28904 kB
NFS_Unstable:          0 kB
Bounce:                0 kB
WritebackTmp:          0 kB
CommitLimit:      710780 kB
Committed_AS:   36963540 kB
VmallocTotal:     460800 kB
VmallocUsed:       17228 kB
VmallocChunk:     168988 kB
Time pass: 299 sec

---2015-12-09 11:18:22
MemTotal:        1421560 kB
MemFree:           21984 kB
Buffers:           10572 kB
Cached:           658560 kB
SwapCached:            0 kB
Active:           746452 kB
Inactive:         343576 kB
Active(anon):     423412 kB
Inactive(anon):     1504 kB
Active(file):     323040 kB
Inactive(file):   342072 kB
Unevictable:        2416 kB
Mlocked:               0 kB
HighTotal:        885760 kB
HighFree:           4348 kB
LowTotal:         535800 kB
LowFree:           17636 kB
SwapTotal:             0 kB
SwapFree:              0 kB
Dirty:                52 kB
Writeback:             0 kB
AnonPages:        423564 kB
Mapped:           391756 kB
Shmem:              1596 kB
Slab:              44248 kB
SReclaimable:      14052 kB
SUnreclaim:        30196 kB
KernelStack:       11656 kB
PageTables:        28904 kB
NFS_Unstable:          0 kB
Bounce:                0 kB
WritebackTmp:          0 kB
CommitLimit:      710780 kB
Committed_AS:   36963568 kB
VmallocTotal:     460800 kB
VmallocUsed:       17228 kB
VmallocChunk:     168988 kB
Time pass: 305 sec

---2015-12-09 11:18:22
MemTotal:        1421560 kB
MemFree:           22264 kB
Buffers:           10572 kB
Cached:           658552 kB
SwapCached:            0 kB
Active:           745876 kB
Inactive:         343584 kB
Active(anon):     422844 kB
Inactive(anon):     1504 kB
Active(file):     323032 kB
Inactive(file):   342080 kB
Unevictable:        2416 kB
Mlocked:               0 kB
HighTotal:        885760 kB
HighFree:           4348 kB
LowTotal:         535800 kB
LowFree:           17916 kB
SwapTotal:             0 kB
SwapFree:              0 kB
Dirty:                 0 kB
Writeback:             0 kB
AnonPages:        422756 kB
Mapped:           391904 kB
Shmem:              1596 kB
Slab:              44280 kB
SReclaimable:      14052 kB
SUnreclaim:        30228 kB
KernelStack:       11648 kB
PageTables:        28904 kB
NFS_Unstable:          0 kB
Bounce:                0 kB
WritebackTmp:          0 kB
CommitLimit:      710780 kB
Committed_AS:   36962648 kB
VmallocTotal:     460800 kB
VmallocUsed:       17228 kB
VmallocChunk:     168988 kB
Time pass: 308 sec

---2015-12-09 11:18:22
MemTotal:        1421560 kB
MemFree:           21116 kB
Buffers:           10612 kB
Cached:           658540 kB
SwapCached:            0 kB
Active:           747564 kB
Inactive:         343608 kB
Active(anon):     424528 kB
Inactive(anon):     1504 kB
Active(file):     323036 kB
Inactive(file):   342104 kB
Unevictable:        2416 kB
Mlocked:               0 kB
HighTotal:        885760 kB
HighFree:           4348 kB
LowTotal:         535800 kB
LowFree:           16768 kB
SwapTotal:             0 kB
SwapFree:              0 kB
Dirty:                36 kB
Writeback:             4 kB
AnonPages:        424604 kB
Mapped:           391756 kB
Shmem:              1596 kB
Slab:              44332 kB
SReclaimable:      14052 kB
SUnreclaim:        30280 kB
KernelStack:       11656 kB
PageTables:        28904 kB
NFS_Unstable:          0 kB
Bounce:                0 kB
WritebackTmp:          0 kB
CommitLimit:      710780 kB
Committed_AS:   36965188 kB
VmallocTotal:     460800 kB
VmallocUsed:       17228 kB
VmallocChunk:     168988 kB
Time pass: 312 sec

---2015-12-09 11:18:22
MemTotal:        1421560 kB
MemFree:           19900 kB
Buffers:           10612 kB
Cached:           658552 kB
SwapCached:            0 kB
Active:           748056 kB
Inactive:         343624 kB
Active(anon):     425024 kB
Inactive(anon):     1504 kB
Active(file):     323032 kB
Inactive(file):   342120 kB
Unevictable:        2416 kB
Mlocked:               0 kB
HighTotal:        885760 kB
HighFree:           4620 kB
LowTotal:         535800 kB
LowFree:           15280 kB
SwapTotal:             0 kB
SwapFree:              0 kB
Dirty:                 0 kB
Writeback:             0 kB
AnonPages:        424976 kB
Mapped:           391756 kB
Shmem:              1596 kB
Slab:              44324 kB
SReclaimable:      14052 kB
SUnreclaim:        30272 kB
KernelStack:       11648 kB
PageTables:        28908 kB
NFS_Unstable:          0 kB
Bounce:                0 kB
WritebackTmp:          0 kB
CommitLimit:      710780 kB
Committed_AS:   36965336 kB
VmallocTotal:     460800 kB
VmallocUsed:       17228 kB
VmallocChunk:     168988 kB
Time pass: 315 sec

---2015-12-09 11:18:22
MemTotal:        1421560 kB
MemFree:           20088 kB
Buffers:           10636 kB
Cached:           658552 kB
SwapCached:            0 kB
Active:           748272 kB
Inactive:         343648 kB
Active(anon):     425240 kB
Inactive(anon):     1504 kB
Active(file):     323032 kB
Inactive(file):   342144 kB
Unevictable:        2416 kB
Mlocked:               0 kB
HighTotal:        885760 kB
HighFree:           4396 kB
LowTotal:         535800 kB
LowFree:           15692 kB
SwapTotal:             0 kB
SwapFree:              0 kB
Dirty:                36 kB
Writeback:             0 kB
AnonPages:        425160 kB
Mapped:           391904 kB
Shmem:              1596 kB
Slab:              44328 kB
SReclaimable:      14052 kB
SUnreclaim:        30276 kB
KernelStack:       11648 kB
PageTables:        28904 kB
NFS_Unstable:          0 kB
Bounce:                0 kB
WritebackTmp:          0 kB
CommitLimit:      710780 kB
Committed_AS:   36965476 kB
VmallocTotal:     460800 kB
VmallocUsed:       17228 kB
VmallocChunk:     168988 kB
Time pass: 319 sec

---2015-12-09 11:18:22
MemTotal:        1421560 kB
MemFree:           19944 kB
Buffers:           10672 kB
Cached:           658836 kB
SwapCached:            0 kB
Active:           749084 kB
Inactive:         343968 kB
Active(anon):     426052 kB
Inactive(anon):     1504 kB
Active(file):     323032 kB
Inactive(file):   342464 kB
Unevictable:        2416 kB
Mlocked:               0 kB
HighTotal:        885760 kB
HighFree:           4396 kB
LowTotal:         535800 kB
LowFree:           15548 kB
SwapTotal:             0 kB
SwapFree:              0 kB
Dirty:                68 kB
Writeback:             0 kB
AnonPages:        426100 kB
Mapped:           391936 kB
Shmem:              1596 kB
Slab:              44224 kB
SReclaimable:      14052 kB
SUnreclaim:        30172 kB
KernelStack:       11696 kB
PageTables:        28908 kB
NFS_Unstable:          0 kB
Bounce:                0 kB
WritebackTmp:          0 kB
CommitLimit:      710780 kB
Committed_AS:   36966336 kB
VmallocTotal:     460800 kB
VmallocUsed:       17228 kB
VmallocChunk:     168988 kB
Time pass: 323 sec

---2015-12-09 11:18:22
MemTotal:        1421560 kB
MemFree:           21788 kB
Buffers:           10680 kB
Cached:           658844 kB
SwapCached:            0 kB
Active:           746728 kB
Inactive:         343984 kB
Active(anon):     423696 kB
Inactive(anon):     1504 kB
Active(file):     323032 kB
Inactive(file):   342480 kB
Unevictable:        2416 kB
Mlocked:               0 kB
HighTotal:        885760 kB
HighFree:           4452 kB
LowTotal:         535800 kB
LowFree:           17336 kB
SwapTotal:             0 kB
SwapFree:              0 kB
Dirty:                56 kB
Writeback:             0 kB
AnonPages:        423792 kB
Mapped:           391936 kB
Shmem:              1596 kB
Slab:              44240 kB
SReclaimable:      14052 kB
SUnreclaim:        30188 kB
KernelStack:       11696 kB
PageTables:        28908 kB
NFS_Unstable:          0 kB
Bounce:                0 kB
WritebackTmp:          0 kB
CommitLimit:      710780 kB
Committed_AS:   36964764 kB
VmallocTotal:     460800 kB
VmallocUsed:       17228 kB
VmallocChunk:     168988 kB
Time pass: 326 sec

---2015-12-09 11:18:22
MemTotal:        1421560 kB
MemFree:           20808 kB
Buffers:           10704 kB
Cached:           658828 kB
SwapCached:            0 kB
Active:           747264 kB
Inactive:         343992 kB
Active(anon):     424232 kB
Inactive(anon):     1504 kB
Active(file):     323032 kB
Inactive(file):   342488 kB
Unevictable:        2416 kB
Mlocked:               0 kB
HighTotal:        885760 kB
HighFree:           4452 kB
LowTotal:         535800 kB
LowFree:           16356 kB
SwapTotal:             0 kB
SwapFree:              0 kB
Dirty:                28 kB
Writeback:             0 kB
AnonPages:        424228 kB
Mapped:           391792 kB
Shmem:              1596 kB
Slab:              44284 kB
SReclaimable:      14052 kB
SUnreclaim:        30232 kB
KernelStack:       11696 kB
PageTables:        28904 kB
NFS_Unstable:          0 kB
Bounce:                0 kB
WritebackTmp:          0 kB
CommitLimit:      710780 kB
Committed_AS:   36964372 kB
VmallocTotal:     460800 kB
VmallocUsed:       17228 kB
VmallocChunk:     168988 kB
Time pass: 330 sec

---2015-12-09 11:18:22
MemTotal:        1421560 kB
MemFree:           20480 kB
Buffers:           10704 kB
Cached:           658876 kB
SwapCached:            0 kB
Active:           747732 kB
Inactive:         344040 kB
Active(anon):     424700 kB
Inactive(anon):     1536 kB
Active(file):     323032 kB
Inactive(file):   342504 kB
Unevictable:        2416 kB
Mlocked:               0 kB
HighTotal:        885760 kB
HighFree:           4452 kB
LowTotal:         535800 kB
LowFree:           16028 kB
SwapTotal:             0 kB
SwapFree:              0 kB
Dirty:                 0 kB
Writeback:             0 kB
AnonPages:        424788 kB
Mapped:           391972 kB
Shmem:              1628 kB
Slab:              44348 kB
SReclaimable:      14052 kB
SUnreclaim:        30296 kB
KernelStack:       11672 kB
PageTables:        28908 kB
NFS_Unstable:          0 kB
Bounce:                0 kB
WritebackTmp:          0 kB
CommitLimit:      710780 kB
Committed_AS:   36965464 kB
VmallocTotal:     460800 kB
VmallocUsed:       17228 kB
VmallocChunk:     168988 kB
Time pass: 334 sec

---2015-12-09 11:18:22
MemTotal:        1421560 kB
MemFree:           20764 kB
Buffers:           10728 kB
Cached:           658940 kB
SwapCached:            0 kB
Active:           747500 kB
Inactive:         344112 kB
Active(anon):     424460 kB
Inactive(anon):     1600 kB
Active(file):     323040 kB
Inactive(file):   342512 kB
Unevictable:        2416 kB
Mlocked:               0 kB
HighTotal:        885760 kB
HighFree:           4452 kB
LowTotal:         535800 kB
LowFree:           16312 kB
SwapTotal:             0 kB
SwapFree:              0 kB
Dirty:                56 kB
Writeback:             0 kB
AnonPages:        424424 kB
Mapped:           392036 kB
