---2015-11-19 19:35:53
MemTotal:        1420824 kB
MemFree:          128748 kB
Buffers:           13928 kB
Cached:           673416 kB
SwapCached:            0 kB
Active:           608668 kB
Inactive:         514592 kB
Active(anon):     435968 kB
Inactive(anon):      732 kB
Active(file):     172700 kB
Inactive(file):   513860 kB
Unevictable:           0 kB
Mlocked:               0 kB
HighTotal:       1001472 kB
HighFree:           8088 kB
LowTotal:         419352 kB
LowFree:          120660 kB
SwapTotal:        786428 kB
SwapFree:         786428 kB
Dirty:                 0 kB
Writeback:             0 kB
AnonPages:        435924 kB
Mapped:           181400 kB
Shmem:               812 kB
Slab:              41492 kB
SReclaimable:      14636 kB
SUnreclaim:        26856 kB
KernelStack:        9544 kB
PageTables:        15372 kB
NFS_Unstable:          0 kB
Bounce:                0 kB
WritebackTmp:          0 kB
CommitLimit:     1496840 kB
Committed_AS:   21982080 kB
VmallocTotal:     458752 kB
VmallocUsed:       85096 kB
VmallocChunk:     204828 kB
Time pass: 3 sec

---2015-11-19 19:35:53
MemTotal:        1420824 kB
MemFree:          127572 kB
Buffers:           13928 kB
Cached:           673416 kB
SwapCached:            0 kB
Active:           610112 kB
Inactive:         514516 kB
Active(anon):     437336 kB
Inactive(anon):      732 kB
Active(file):     172776 kB
Inactive(file):   513784 kB
Unevictable:           0 kB
Mlocked:               0 kB
HighTotal:       1001472 kB
HighFree:           6404 kB
LowTotal:         419352 kB
LowFree:          121168 kB
SwapTotal:        786428 kB
SwapFree:         786428 kB
Dirty:                20 kB
Writeback:             0 kB
AnonPages:        437244 kB
Mapped:           181400 kB
Shmem:               812 kB
Slab:              41368 kB
SReclaimable:      14636 kB
SUnreclaim:        26732 kB
KernelStack:        9536 kB
PageTables:        15368 kB
NFS_Unstable:          0 kB
Bounce:                0 kB
WritebackTmp:          0 kB
CommitLimit:     1496840 kB
Committed_AS:   21982056 kB
VmallocTotal:     458752 kB
VmallocUsed:       85096 kB
VmallocChunk:     204828 kB
Time pass: 6 sec

---2015-11-19 19:35:53
MemTotal:        1420824 kB
MemFree:          127372 kB
Buffers:           13936 kB
Cached:           673416 kB
SwapCached:            0 kB
Active:           610116 kB
Inactive:         514524 kB
Active(anon):     437340 kB
Inactive(anon):      732 kB
Active(file):     172776 kB
Inactive(file):   513792 kB
Unevictable:           0 kB
Mlocked:               0 kB
HighTotal:       1001472 kB
HighFree:           6404 kB
LowTotal:         419352 kB
LowFree:          120968 kB
SwapTotal:        786428 kB
SwapFree:         786428 kB
Dirty:                16 kB
Writeback:             0 kB
AnonPages:        437304 kB
Mapped:           181360 kB
Shmem:               812 kB
Slab:              41568 kB
SReclaimable:      14636 kB
SUnreclaim:        26932 kB
KernelStack:        9528 kB
PageTables:        15380 kB
NFS_Unstable:          0 kB
Bounce:                0 kB
WritebackTmp:          0 kB
CommitLimit:     1496840 kB
Committed_AS:   21982032 kB
VmallocTotal:     458752 kB
VmallocUsed:       85096 kB
VmallocChunk:     204828 kB
Time pass: 10 sec

---2015-11-19 19:35:53
MemTotal:        1420824 kB
MemFree:          127372 kB
Buffers:           13936 kB
Cached:           673416 kB
SwapCached:            0 kB
Active:           610116 kB
Inactive:         514524 kB
Active(anon):     437340 kB
Inactive(anon):      732 kB
Active(file):     172776 kB
Inactive(file):   513792 kB
Unevictable:           0 kB
Mlocked:               0 kB
HighTotal:       1001472 kB
HighFree:           6404 kB
LowTotal:         419352 kB
LowFree:          120968 kB
SwapTotal:        786428 kB
SwapFree:         786428 kB
Dirty:                16 kB
Writeback:             0 kB
AnonPages:        437276 kB
Mapped:           181400 kB
Shmem:               812 kB
Slab:              41568 kB
SReclaimable:      14636 kB
SUnreclaim:        26932 kB
KernelStack:        9528 kB
PageTables:        15364 kB
NFS_Unstable:          0 kB
Bounce:                0 kB
WritebackTmp:          0 kB
CommitLimit:     1496840 kB
Committed_AS:   21982032 kB
VmallocTotal:     458752 kB
VmallocUsed:       85096 kB
VmallocChunk:     204828 kB
Time pass: 13 sec

---2015-11-19 19:35:53
MemTotal:        1420824 kB
MemFree:          125312 kB
Buffers:           14016 kB
Cached:           673868 kB
SwapCached:            0 kB
Active:           611636 kB
Inactive:         515000 kB
Active(anon):     438804 kB
Inactive(anon):      732 kB
Active(file):     172832 kB
Inactive(file):   514268 kB
Unevictable:           0 kB
Mlocked:               0 kB
HighTotal:       1001472 kB
HighFree:           5500 kB
LowTotal:         419352 kB
LowFree:          119812 kB
SwapTotal:        786428 kB
SwapFree:         786428 kB
Dirty:               312 kB
Writeback:             0 kB
AnonPages:        438756 kB
Mapped:           181452 kB
Shmem:               812 kB
Slab:              41596 kB
SReclaimable:      14656 kB
SUnreclaim:        26940 kB
KernelStack:        9576 kB
PageTables:        15380 kB
NFS_Unstable:          0 kB
Bounce:                0 kB
WritebackTmp:          0 kB
CommitLimit:     1496840 kB
Committed_AS:   21982432 kB
VmallocTotal:     458752 kB
VmallocUsed:       85128 kB
VmallocChunk:     204828 kB
Time pass: 17 sec

---2015-11-19 19:35:53
MemTotal:        1420824 kB
MemFree:           85528 kB
Buffers:           14024 kB
Cached:           703540 kB
SwapCached:            0 kB
Active:           618916 kB
Inactive:         544116 kB
Active(anon):     445900 kB
Inactive(anon):      808 kB
Active(file):     173016 kB
Inactive(file):   543308 kB
Unevictable:           0 kB
Mlocked:               0 kB
HighTotal:       1001472 kB
HighFree:           5088 kB
LowTotal:         419352 kB
LowFree:           80440 kB
SwapTotal:        786428 kB
SwapFree:         786428 kB
Dirty:               780 kB
Writeback:             0 kB
AnonPages:        446208 kB
Mapped:           193952 kB
Shmem:               924 kB
Slab:              41796 kB
SReclaimable:      14700 kB
SUnreclaim:        27096 kB
KernelStack:        9744 kB
PageTables:        15692 kB
NFS_Unstable:          0 kB
Bounce:                0 kB
WritebackTmp:          0 kB
CommitLimit:     1496840 kB
Committed_AS:   22459584 kB
VmallocTotal:     458752 kB
VmallocUsed:       86380 kB
VmallocChunk:     204828 kB
Time pass: 20 sec

---2015-11-19 19:35:53
MemTotal:        1420824 kB
MemFree:           56340 kB
Buffers:           14188 kB
Cached:           710568 kB
SwapCached:            0 kB
Active:           634220 kB
Inactive:         550708 kB
Active(anon):     460224 kB
Inactive(anon):      864 kB
Active(file):     173996 kB
Inactive(file):   549844 kB
Unevictable:           0 kB
Mlocked:               0 kB
HighTotal:       1001472 kB
HighFree:           5100 kB
LowTotal:         419352 kB
LowFree:           51240 kB
SwapTotal:        786428 kB
SwapFree:         786428 kB
Dirty:              1188 kB
Writeback:             0 kB
AnonPages:        460192 kB
Mapped:           202720 kB
Shmem:               944 kB
Slab:              42408 kB
SReclaimable:      14912 kB
SUnreclaim:        27496 kB
KernelStack:       10112 kB
PageTables:        15940 kB
NFS_Unstable:          0 kB
Bounce:                0 kB
WritebackTmp:          0 kB
CommitLimit:     1496840 kB
Committed_AS:   22474720 kB
VmallocTotal:     458752 kB
VmallocUsed:       86328 kB
VmallocChunk:     204828 kB
Time pass: 23 sec

---2015-11-19 19:35:53
MemTotal:        1420824 kB
MemFree:           40904 kB
Buffers:           12232 kB
Cached:           702796 kB
SwapCached:            0 kB
Active:           608716 kB
Inactive:         569904 kB
Active(anon):     434532 kB
Inactive(anon):    30296 kB
Active(file):     174184 kB
Inactive(file):   539608 kB
Unevictable:         292 kB
Mlocked:               0 kB
HighTotal:       1001472 kB
HighFree:           5144 kB
LowTotal:         419352 kB
LowFree:           35760 kB
SwapTotal:        786428 kB
SwapFree:         786428 kB
Dirty:               120 kB
Writeback:             0 kB
AnonPages:        463908 kB
Mapped:           206448 kB
Shmem:               944 kB
Slab:              42188 kB
SReclaimable:      14920 kB
SUnreclaim:        27268 kB
KernelStack:       10120 kB
PageTables:        15984 kB
NFS_Unstable:          0 kB
Bounce:                0 kB
WritebackTmp:          0 kB
CommitLimit:     1496840 kB
Committed_AS:   22478252 kB
VmallocTotal:     458752 kB
VmallocUsed:       86408 kB
VmallocChunk:     204828 kB
Time pass: 27 sec

---2015-11-19 19:35:53
MemTotal:        1420824 kB
MemFree:           41764 kB
Buffers:           10920 kB
Cached:           697000 kB
SwapCached:            0 kB
Active:           588140 kB
Inactive:         584272 kB
Active(anon):     413956 kB
Inactive(anon):    51772 kB
Active(file):     174184 kB
Inactive(file):   532500 kB
Unevictable:         292 kB
Mlocked:               0 kB
HighTotal:       1001472 kB
HighFree:           6544 kB
LowTotal:         419352 kB
LowFree:           35220 kB
SwapTotal:        786428 kB
SwapFree:         786428 kB
Dirty:               116 kB
Writeback:             0 kB
AnonPages:        464784 kB
Mapped:           207340 kB
Shmem:               944 kB
Slab:              42104 kB
SReclaimable:      14896 kB
SUnreclaim:        27208 kB
KernelStack:       10136 kB
PageTables:        16020 kB
NFS_Unstable:          0 kB
Bounce:                0 kB
WritebackTmp:          0 kB
CommitLimit:     1496840 kB
Committed_AS:   22479108 kB
VmallocTotal:     458752 kB
VmallocUsed:       86412 kB
VmallocChunk:     204828 kB
Time pass: 30 sec

---2015-11-19 19:35:53
MemTotal:        1420824 kB
MemFree:           44884 kB
Buffers:            8040 kB
Cached:           684792 kB
SwapCached:            0 kB
Active:           560356 kB
Inactive:         604464 kB
Active(anon):     385748 kB
Inactive(anon):    87480 kB
Active(file):     174608 kB
Inactive(file):   516984 kB
Unevictable:         292 kB
Mlocked:               0 kB
HighTotal:       1001472 kB
HighFree:           7556 kB
LowTotal:         419352 kB
LowFree:           37328 kB
SwapTotal:        786428 kB
SwapFree:         786428 kB
Dirty:               140 kB
Writeback:             0 kB
AnonPages:        472300 kB
Mapped:           208884 kB
Shmem:               940 kB
Slab:              41908 kB
SReclaimable:      14864 kB
SUnreclaim:        27044 kB
KernelStack:       10192 kB
PageTables:        16048 kB
NFS_Unstable:          0 kB
Bounce:                0 kB
WritebackTmp:          0 kB
CommitLimit:     1496840 kB
Committed_AS:   22480116 kB
VmallocTotal:     458752 kB
VmallocUsed:       86412 kB
VmallocChunk:     204828 kB
Time pass: 34 sec

---2015-11-19 19:35:53
MemTotal:        1420824 kB
MemFree:           48564 kB
Buffers:            8048 kB
Cached:           684792 kB
SwapCached:            0 kB
Active:           556272 kB
Inactive:         604364 kB
Active(anon):     381560 kB
Inactive(anon):    87468 kB
Active(file):     174712 kB
Inactive(file):   516896 kB
Unevictable:         292 kB
Mlocked:               0 kB
HighTotal:       1001472 kB
HighFree:           9988 kB
LowTotal:         419352 kB
LowFree:           38576 kB
SwapTotal:        786428 kB
SwapFree:         786428 kB
Dirty:                12 kB
Writeback:             0 kB
AnonPages:        468116 kB
Mapped:           208992 kB
Shmem:               940 kB
Slab:              42040 kB
SReclaimable:      14864 kB
SUnreclaim:        27176 kB
KernelStack:       10176 kB
PageTables:        16040 kB
NFS_Unstable:          0 kB
Bounce:                0 kB
WritebackTmp:          0 kB
CommitLimit:     1496840 kB
Committed_AS:   22476852 kB
VmallocTotal:     458752 kB
VmallocUsed:       86412 kB
VmallocChunk:     204828 kB
Time pass: 37 sec

---2015-11-19 19:35:53
MemTotal:        1420824 kB
MemFree:           40116 kB
Buffers:            7140 kB
Cached:           682804 kB
SwapCached:            0 kB
Active:           557640 kB
Inactive:         611848 kB
Active(anon):     382736 kB
Inactive(anon):    98224 kB
Active(file):     174904 kB
Inactive(file):   513624 kB
Unevictable:         292 kB
Mlocked:               0 kB
HighTotal:       1001472 kB
HighFree:           6328 kB
LowTotal:         419352 kB
LowFree:           33788 kB
SwapTotal:        786428 kB
SwapFree:         786428 kB
Dirty:               404 kB
Writeback:             0 kB
AnonPages:        480268 kB
Mapped:           212492 kB
Shmem:               944 kB
Slab:              42292 kB
SReclaimable:      14872 kB
SUnreclaim:        27420 kB
KernelStack:       10288 kB
PageTables:        16052 kB
NFS_Unstable:          0 kB
Bounce:                0 kB
WritebackTmp:          0 kB
CommitLimit:     1496840 kB
Committed_AS:   22493636 kB
VmallocTotal:     458752 kB
VmallocUsed:       86476 kB
VmallocChunk:     204828 kB
Time pass: 41 sec

---2015-11-19 19:35:53
MemTotal:        1420824 kB
MemFree:           41040 kB
Buffers:            7124 kB
Cached:           662124 kB
SwapCached:            0 kB
Active:           506036 kB
Inactive:         646020 kB
Active(anon):     328384 kB
Inactive(anon):   155808 kB
Active(file):     177652 kB
Inactive(file):   490212 kB
Unevictable:         292 kB
Mlocked:               0 kB
HighTotal:       1001472 kB
HighFree:           6448 kB
LowTotal:         419352 kB
LowFree:           34592 kB
SwapTotal:        786428 kB
SwapFree:         786428 kB
Dirty:              1100 kB
Writeback:             0 kB
AnonPages:        483232 kB
Mapped:           216964 kB
Shmem:               944 kB
Slab:              42356 kB
SReclaimable:      14872 kB
SUnreclaim:        27484 kB
KernelStack:       10240 kB
PageTables:        16116 kB
NFS_Unstable:          0 kB
Bounce:                0 kB
WritebackTmp:          0 kB
CommitLimit:     1496840 kB
Committed_AS:   22496436 kB
VmallocTotal:     458752 kB
VmallocUsed:       86460 kB
VmallocChunk:     204828 kB
Time pass: 44 sec

---2015-11-19 19:35:53
MemTotal:        1420824 kB
MemFree:           41324 kB
Buffers:            7132 kB
Cached:           657012 kB
SwapCached:            0 kB
Active:           489312 kB
Inactive:         658492 kB
Active(anon):     307616 kB
Inactive(anon):   177280 kB
Active(file):     181696 kB
Inactive(file):   481212 kB
Unevictable:         292 kB
Mlocked:               0 kB
HighTotal:       1001472 kB
HighFree:           7264 kB
LowTotal:         419352 kB
LowFree:           34060 kB
SwapTotal:        786428 kB
SwapFree:         786428 kB
Dirty:               496 kB
Writeback:             0 kB
AnonPages:        483952 kB
Mapped:           217508 kB
Shmem:               944 kB
Slab:              42368 kB
SReclaimable:      14868 kB
SUnreclaim:        27500 kB
KernelStack:       10224 kB
PageTables:        16132 kB
NFS_Unstable:          0 kB
Bounce:                0 kB
WritebackTmp:          0 kB
CommitLimit:     1496840 kB
Committed_AS:   22496984 kB
VmallocTotal:     458752 kB
VmallocUsed:       86420 kB
VmallocChunk:     204828 kB
Time pass: 47 sec

---2015-11-19 19:35:53
MemTotal:        1420824 kB
MemFree:           40492 kB
Buffers:            7168 kB
Cached:           656984 kB
SwapCached:            0 kB
Active:           489748 kB
Inactive:         658480 kB
Active(anon):     308048 kB
Inactive(anon):   177264 kB
Active(file):     181700 kB
Inactive(file):   481216 kB
Unevictable:         292 kB
Mlocked:               0 kB
HighTotal:       1001472 kB
HighFree:           6740 kB
LowTotal:         419352 kB
LowFree:           33752 kB
SwapTotal:        786428 kB
SwapFree:         786428 kB
Dirty:                28 kB
Writeback:             0 kB
AnonPages:        484400 kB
Mapped:           217820 kB
Shmem:               944 kB
Slab:              42348 kB
SReclaimable:      14868 kB
SUnreclaim:        27480 kB
KernelStack:       10216 kB
PageTables:        16116 kB
NFS_Unstable:          0 kB
Bounce:                0 kB
WritebackTmp:          0 kB
CommitLimit:     1496840 kB
Committed_AS:   22497368 kB
VmallocTotal:     458752 kB
VmallocUsed:       86452 kB
VmallocChunk:     204828 kB
Time pass: 51 sec

---2015-11-19 19:35:53
MemTotal:        1420824 kB
MemFree:           41324 kB
Buffers:            7116 kB
Cached:           651108 kB
SwapCached:            0 kB
Active:           474776 kB
Inactive:         668592 kB
Active(anon):     291484 kB
Inactive(anon):   194892 kB
Active(file):     183292 kB
Inactive(file):   473700 kB
Unevictable:         292 kB
Mlocked:               0 kB
HighTotal:       1001472 kB
HighFree:           9036 kB
LowTotal:         419352 kB
LowFree:           32288 kB
SwapTotal:        786428 kB
SwapFree:         786428 kB
Dirty:               244 kB
Writeback:             0 kB
AnonPages:        485500 kB
Mapped:           218912 kB
Shmem:               944 kB
Slab:              42396 kB
SReclaimable:      14904 kB
SUnreclaim:        27492 kB
KernelStack:       10208 kB
PageTables:        16140 kB
NFS_Unstable:          0 kB
Bounce:                0 kB
WritebackTmp:          0 kB
CommitLimit:     1496840 kB
Committed_AS:   22498396 kB
VmallocTotal:     458752 kB
VmallocUsed:       86496 kB
VmallocChunk:     204828 kB
Time pass: 54 sec

---2015-11-19 19:35:53
MemTotal:        1420824 kB
MemFree:           41688 kB
Buffers:            7104 kB
Cached:           639944 kB
SwapCached:            0 kB
Active:           451124 kB
Inactive:         685868 kB
Active(anon):     262272 kB
Inactive(anon):   228908 kB
Active(file):     188852 kB
Inactive(file):   456960 kB
Unevictable:         292 kB
Mlocked:               0 kB
HighTotal:       1001472 kB
HighFree:           8452 kB
LowTotal:         419352 kB
LowFree:           33236 kB
SwapTotal:        786428 kB
SwapFree:         786428 kB
Dirty:               564 kB
Writeback:             0 kB
AnonPages:        490244 kB
Mapped:           220168 kB
Shmem:               944 kB
Slab:              42364 kB
SReclaimable:      14924 kB
SUnreclaim:        27440 kB
KernelStack:       10216 kB
PageTables:        16164 kB
NFS_Unstable:          0 kB
Bounce:                0 kB
WritebackTmp:          0 kB
CommitLimit:     1496840 kB
Committed_AS:   22502884 kB
VmallocTotal:     458752 kB
VmallocUsed:       86476 kB
VmallocChunk:     204828 kB
Time pass: 58 sec

---2015-11-19 19:35:53
MemTotal:        1420824 kB
MemFree:           41372 kB
Buffers:            7216 kB
Cached:           630820 kB
SwapCached:            0 kB
Active:           442444 kB
Inactive:         693356 kB
Active(anon):     249376 kB
Inactive(anon):   249708 kB
Active(file):     193068 kB
Inactive(file):   443648 kB
Unevictable:         292 kB
Mlocked:               0 kB
HighTotal:       1001472 kB
HighFree:           6780 kB
LowTotal:         419352 kB
LowFree:           34592 kB
SwapTotal:        786428 kB
SwapFree:         786428 kB
Dirty:               200 kB
Writeback:             0 kB
AnonPages:        498016 kB
Mapped:           222924 kB
Shmem:               944 kB
Slab:              42792 kB
SReclaimable:      14940 kB
SUnreclaim:        27852 kB
KernelStack:       10272 kB
PageTables:        16208 kB
NFS_Unstable:          0 kB
Bounce:                0 kB
WritebackTmp:          0 kB
CommitLimit:     1496840 kB
Committed_AS:   22516800 kB
VmallocTotal:     458752 kB
VmallocUsed:       86508 kB
VmallocChunk:     204828 kB
Time pass: 61 sec

---2015-11-19 19:35:53
MemTotal:        1420824 kB
MemFree:           37428 kB
Buffers:            7232 kB
Cached:           609168 kB
SwapCached:            0 kB
Active:           450508 kB
Inactive:         672084 kB
Active(anon):     253544 kB
Inactive(anon):   253992 kB
Active(file):     196964 kB
Inactive(file):   418092 kB
Unevictable:         292 kB
Mlocked:               0 kB
HighTotal:       1001472 kB
HighFree:           6144 kB
LowTotal:         419352 kB
LowFree:           31284 kB
SwapTotal:        786428 kB
SwapFree:         786428 kB
Dirty:               348 kB
Writeback:             0 kB
AnonPages:        506480 kB
Mapped:           223724 kB
Shmem:              1036 kB
Slab:              42916 kB
SReclaimable:      14996 kB
SUnreclaim:        27920 kB
KernelStack:       10456 kB
PageTables:        16356 kB
NFS_Unstable:          0 kB
Bounce:                0 kB
WritebackTmp:          0 kB
CommitLimit:     1496840 kB
Committed_AS:   22535492 kB
VmallocTotal:     458752 kB
VmallocUsed:       88976 kB
VmallocChunk:     204828 kB
Time pass: 66 sec

---2015-11-19 19:35:53
MemTotal:        1420824 kB
MemFree:           36980 kB
Buffers:            7240 kB
Cached:           571372 kB
SwapCached:            0 kB
Active:           457712 kB
Inactive:         632492 kB
Active(anon):     256624 kB
Inactive(anon):   256436 kB
Active(file):     201088 kB
Inactive(file):   376056 kB
Unevictable:         292 kB
Mlocked:               0 kB
HighTotal:       1001472 kB
HighFree:           6036 kB
LowTotal:         419352 kB
LowFree:           30944 kB
SwapTotal:        786428 kB
SwapFree:         786428 kB
Dirty:                32 kB
Writeback:             0 kB
AnonPages:        511832 kB
Mapped:           222492 kB
Shmem:              1176 kB
Slab:              43044 kB
SReclaimable:      15064 kB
SUnreclaim:        27980 kB
KernelStack:       10432 kB
PageTables:        16512 kB
NFS_Unstable:          0 kB
Bounce:                0 kB
WritebackTmp:          0 kB
CommitLimit:     1496840 kB
Committed_AS:   22539728 kB
VmallocTotal:     458752 kB
VmallocUsed:       88976 kB
VmallocChunk:     204828 kB
Time pass: 72 sec

---2015-11-19 19:35:53
MemTotal:        1420824 kB
MemFree:           37268 kB
Buffers:            7240 kB
Cached:           571480 kB
SwapCached:            0 kB
Active:           457660 kB
Inactive:         632600 kB
Active(anon):     256572 kB
Inactive(anon):   256544 kB
Active(file):     201088 kB
Inactive(file):   376056 kB
Unevictable:         292 kB
Mlocked:               0 kB
HighTotal:       1001472 kB
HighFree:           6092 kB
LowTotal:         419352 kB
LowFree:           31176 kB
SwapTotal:        786428 kB
SwapFree:         786428 kB
Dirty:                32 kB
Writeback:             0 kB
AnonPages:        511816 kB
Mapped:           222456 kB
Shmem:              1284 kB
Slab:              43168 kB
SReclaimable:      15080 kB
SUnreclaim:        28088 kB
KernelStack:       10424 kB
PageTables:        16508 kB
NFS_Unstable:          0 kB
Bounce:                0 kB
WritebackTmp:          0 kB
CommitLimit:     1496840 kB
Committed_AS:   22539612 kB
VmallocTotal:     458752 kB
VmallocUsed:       88976 kB
VmallocChunk:     204828 kB
Time pass: 76 sec

---2015-11-19 19:35:53
MemTotal:        1420824 kB
MemFree:           41044 kB
Buffers:            7264 kB
Cached:           571516 kB
SwapCached:            0 kB
Active:           455200 kB
Inactive:         631260 kB
Active(anon):     254112 kB
Inactive(anon):   255196 kB
Active(file):     201088 kB
Inactive(file):   376064 kB
Unevictable:         292 kB
Mlocked:               0 kB
HighTotal:       1001472 kB
HighFree:           8248 kB
LowTotal:         419352 kB
LowFree:           32796 kB
SwapTotal:        786428 kB
SwapFree:         786428 kB
Dirty:                28 kB
Writeback:             0 kB
AnonPages:        507956 kB
Mapped:           222512 kB
Shmem:              1336 kB
Slab:              43068 kB
SReclaimable:      15072 kB
SUnreclaim:        27996 kB
KernelStack:       10424 kB
PageTables:        16500 kB
NFS_Unstable:          0 kB
Bounce:                0 kB
WritebackTmp:          0 kB
CommitLimit:     1496840 kB
Committed_AS:   22539580 kB
VmallocTotal:     458752 kB
VmallocUsed:       88976 kB
VmallocChunk:     204828 kB
Time pass: 79 sec

---2015-11-19 19:35:53
MemTotal:        1420824 kB
MemFree:           40948 kB
Buffers:            7264 kB
Cached:           571532 kB
SwapCached:            0 kB
Active:           455192 kB
Inactive:         631276 kB
Active(anon):     254104 kB
Inactive(anon):   255196 kB
Active(file):     201088 kB
Inactive(file):   376080 kB
Unevictable:         292 kB
Mlocked:               0 kB
HighTotal:       1001472 kB
HighFree:           8100 kB
LowTotal:         419352 kB
LowFree:           32848 kB
SwapTotal:        786428 kB
SwapFree:         786428 kB
Dirty:                 0 kB
Writeback:             0 kB
AnonPages:        508000 kB
Mapped:           222616 kB
Shmem:              1336 kB
Slab:              43144 kB
SReclaimable:      15088 kB
SUnreclaim:        28056 kB
KernelStack:       10376 kB
PageTables:        16508 kB
NFS_Unstable:          0 kB
Bounce:                0 kB
WritebackTmp:          0 kB
CommitLimit:     1496840 kB
Committed_AS:   22538296 kB
VmallocTotal:     458752 kB
VmallocUsed:       88944 kB
VmallocChunk:     204828 kB
Time pass: 83 sec

---2015-11-19 19:35:53
MemTotal:        1420824 kB
MemFree:           43004 kB
Buffers:            7280 kB
Cached:           571532 kB
SwapCached:            0 kB
Active:           456536 kB
Inactive:         630984 kB
Active(anon):     255448 kB
Inactive(anon):   254888 kB
Active(file):     201088 kB
Inactive(file):   376096 kB
Unevictable:         292 kB
Mlocked:               0 kB
HighTotal:       1001472 kB
HighFree:          10108 kB
LowTotal:         419352 kB
LowFree:           32896 kB
SwapTotal:        786428 kB
SwapFree:         786428 kB
Dirty:                40 kB
Writeback:             0 kB
AnonPages:        509056 kB
Mapped:           221976 kB
Shmem:              1336 kB
Slab:              42944 kB
SReclaimable:      15088 kB
SUnreclaim:        27856 kB
KernelStack:       10376 kB
PageTables:        16508 kB
NFS_Unstable:          0 kB
Bounce:                0 kB
WritebackTmp:          0 kB
CommitLimit:     1496840 kB
Committed_AS:   22541324 kB
VmallocTotal:     458752 kB
VmallocUsed:       88976 kB
VmallocChunk:     204828 kB
Time pass: 87 sec

---2015-11-19 19:35:53
MemTotal:        1420824 kB
MemFree:           43708 kB
Buffers:            7288 kB
Cached:           571560 kB
SwapCached:            0 kB
Active:           456220 kB
Inactive:         630852 kB
Active(anon):     255132 kB
Inactive(anon):   254748 kB
Active(file):     201088 kB
Inactive(file):   376104 kB
Unevictable:         292 kB
Mlocked:               0 kB
HighTotal:       1001472 kB
HighFree:          10716 kB
LowTotal:         419352 kB
LowFree:           32992 kB
SwapTotal:        786428 kB
SwapFree:         786428 kB
Dirty:                32 kB
Writeback:             0 kB
AnonPages:        508480 kB
Mapped:           221944 kB
Shmem:              1364 kB
Slab:              43032 kB
SReclaimable:      15064 kB
SUnreclaim:        27968 kB
KernelStack:       10360 kB
PageTables:        16508 kB
NFS_Unstable:          0 kB
Bounce:                0 kB
WritebackTmp:          0 kB
CommitLimit:     1496840 kB
Committed_AS:   22540264 kB
VmallocTotal:     458752 kB
VmallocUsed:       88944 kB
VmallocChunk:     204828 kB
Time pass: 91 sec

---2015-11-19 19:35:53
MemTotal:        1420824 kB
MemFree:           42740 kB
Buffers:            7304 kB
Cached:           571560 kB
SwapCached:            0 kB
Active:           457580 kB
Inactive:         630868 kB
Active(anon):     256492 kB
Inactive(anon):   254748 kB
Active(file):     201088 kB
Inactive(file):   376120 kB
Unevictable:         292 kB
Mlocked:               0 kB
HighTotal:       1001472 kB
HighFree:           9688 kB
LowTotal:         419352 kB
LowFree:           33052 kB
SwapTotal:        786428 kB
SwapFree:         786428 kB
Dirty:                 0 kB
Writeback:             0 kB
AnonPages:        509880 kB
Mapped:           221940 kB
Shmem:              1364 kB
Slab:              43032 kB
SReclaimable:      15060 kB
SUnreclaim:        27972 kB
KernelStack:       10368 kB
PageTables:        16500 kB
NFS_Unstable:          0 kB
Bounce:                0 kB
WritebackTmp:          0 kB
CommitLimit:     1496840 kB
Committed_AS:   22541368 kB
VmallocTotal:     458752 kB
VmallocUsed:       88944 kB
VmallocChunk:     204828 kB
Time pass: 94 sec

---2015-11-19 19:35:53
MemTotal:        1420824 kB
MemFree:           41196 kB
Buffers:            7224 kB
Cached:           571516 kB
SwapCached:            0 kB
Active:           452176 kB
Inactive:         633500 kB
Active(anon):     251064 kB
Inactive(anon):   257132 kB
Active(file):     201112 kB
Inactive(file):   376368 kB
Unevictable:         292 kB
Mlocked:               0 kB
HighTotal:       1001472 kB
HighFree:           5040 kB
LowTotal:         419352 kB
LowFree:           36156 kB
SwapTotal:        786428 kB
SwapFree:         786428 kB
Dirty:              1336 kB
Writeback:             0 kB
AnonPages:        507196 kB
Mapped:           223892 kB
Shmem:               944 kB
Slab:              43296 kB
SReclaimable:      15068 kB
SUnreclaim:        28228 kB
KernelStack:       10184 kB
PageTables:        16364 kB
NFS_Unstable:          0 kB
Bounce:                0 kB
WritebackTmp:          0 kB
CommitLimit:     1496840 kB
Committed_AS:   23055664 kB
VmallocTotal:     458752 kB
VmallocUsed:       86528 kB
VmallocChunk:     204828 kB
Time pass: 101 sec

---2015-11-19 19:35:53
MemTotal:        1420824 kB
MemFree:          193416 kB
Buffers:            7260 kB
Cached:           571408 kB
SwapCached:            0 kB
Active:           383572 kB
Inactive:         622740 kB
Active(anon):     182428 kB
Inactive(anon):   246316 kB
Active(file):     201144 kB
Inactive(file):   376424 kB
Unevictable:         292 kB
Mlocked:               0 kB
HighTotal:       1001472 kB
HighFree:          80692 kB
LowTotal:         419352 kB
LowFree:          112724 kB
SwapTotal:        786428 kB
SwapFree:         786428 kB
Dirty:                68 kB
Writeback:             0 kB
AnonPages:        427944 kB
Mapped:           178560 kB
Shmem:               808 kB
Slab:              43028 kB
SReclaimable:      15044 kB
SUnreclaim:        27984 kB
KernelStack:        9400 kB
PageTables:        15024 kB
NFS_Unstable:          0 kB
Bounce:                0 kB
WritebackTmp:          0 kB
CommitLimit:     1496840 kB
Committed_AS:   21538664 kB
VmallocTotal:     458752 kB
VmallocUsed:       84076 kB
VmallocChunk:     204828 kB
Time pass: 105 sec

---2015-11-19 19:35:53
MemTotal:        1420824 kB
MemFree:          193560 kB
Buffers:            7268 kB
Cached:           571408 kB
SwapCached:            0 kB
Active:           383648 kB
Inactive:         622740 kB
Active(anon):     182504 kB
Inactive(anon):   246316 kB
Active(file):     201144 kB
Inactive(file):   376424 kB
Unevictable:         292 kB
Mlocked:               0 kB
HighTotal:       1001472 kB
HighFree:          80664 kB
LowTotal:         419352 kB
LowFree:          112896 kB
SwapTotal:        786428 kB
SwapFree:         786428 kB
Dirty:                20 kB
Writeback:             0 kB
AnonPages:        428020 kB
Mapped:           178584 kB
Shmem:               808 kB
Slab:              42968 kB
SReclaimable:      15044 kB
SUnreclaim:        27924 kB
KernelStack:        9392 kB
PageTables:        15024 kB
NFS_Unstable:          0 kB
Bounce:                0 kB
WritebackTmp:          0 kB
CommitLimit:     1496840 kB
Committed_AS:   21541692 kB
VmallocTotal:     458752 kB
VmallocUsed:       84076 kB
VmallocChunk:     204828 kB
Time pass: 108 sec

---2015-11-19 19:35:53
MemTotal:        1420824 kB
MemFree:          193084 kB
Buffers:            7268 kB
Cached:           571408 kB
SwapCached:            0 kB
Active:           383768 kB
Inactive:         622748 kB
Active(anon):     182624 kB
Inactive(anon):   246316 kB
Active(file):     201144 kB
Inactive(file):   376432 kB
Unevictable:         292 kB
Mlocked:               0 kB
HighTotal:       1001472 kB
HighFree:          80320 kB
LowTotal:         419352 kB
LowFree:          112764 kB
SwapTotal:        786428 kB
SwapFree:         786428 kB
Dirty:                20 kB
Writeback:             0 kB
AnonPages:        428140 kB
Mapped:           178680 kB
Shmem:               808 kB
Slab:              42956 kB
SReclaimable:      15036 kB
SUnreclaim:        27920 kB
KernelStack:        9392 kB
PageTables:        15028 kB
NFS_Unstable:          0 kB
Bounce:                0 kB
WritebackTmp:          0 kB
CommitLimit:     1496840 kB
Committed_AS:   21541752 kB
VmallocTotal:     458752 kB
VmallocUsed:       84108 kB
VmallocChunk:     204828 kB
Time pass: 112 sec

---2015-11-19 19:35:53
MemTotal:        1420824 kB
MemFree:          176100 kB
Buffers:            7336 kB
Cached:           571508 kB
SwapCached:            0 kB
Active:           393768 kB
Inactive:         622756 kB
Active(anon):     192472 kB
Inactive(anon):   246316 kB
Active(file):     201296 kB
Inactive(file):   376440 kB
Unevictable:         292 kB
Mlocked:               0 kB
HighTotal:       1001472 kB
HighFree:          64316 kB
LowTotal:         419352 kB
LowFree:          111784 kB
SwapTotal:        786428 kB
SwapFree:         786428 kB
Dirty:               592 kB
Writeback:             0 kB
AnonPages:        438096 kB
Mapped:           192320 kB
Shmem:               808 kB
Slab:              43008 kB
SReclaimable:      15036 kB
SUnreclaim:        27972 kB
KernelStack:        9512 kB
PageTables:        15356 kB
NFS_Unstable:          0 kB
Bounce:                0 kB
WritebackTmp:          0 kB
CommitLimit:     1496840 kB
Committed_AS:   22022680 kB
VmallocTotal:     458752 kB
VmallocUsed:       85360 kB
VmallocChunk:     204828 kB
Time pass: 115 sec

---2015-11-19 19:35:53
MemTotal:        1420824 kB
MemFree:          151956 kB
Buffers:            7480 kB
Cached:           571804 kB
SwapCached:            0 kB
Active:           409396 kB
Inactive:         622840 kB
Active(anon):     207736 kB
Inactive(anon):   246448 kB
Active(file):     201660 kB
Inactive(file):   376392 kB
Unevictable:         292 kB
Mlocked:               0 kB
HighTotal:       1001472 kB
HighFree:          40688 kB
LowTotal:         419352 kB
LowFree:          111268 kB
SwapTotal:        786428 kB
SwapFree:         786428 kB
Dirty:               144 kB
Writeback:             0 kB
AnonPages:        453332 kB
Mapped:           203948 kB
Shmem:               940 kB
Slab:              43244 kB
SReclaimable:      15040 kB
SUnreclaim:        28204 kB
KernelStack:        9864 kB
PageTables:        15584 kB
NFS_Unstable:          0 kB
Bounce:                0 kB
WritebackTmp:          0 kB
CommitLimit:     1496840 kB
Committed_AS:   22040964 kB
VmallocTotal:     458752 kB
VmallocUsed:       85360 kB
VmallocChunk:     204828 kB
Time pass: 119 sec

---2015-11-19 19:35:53
MemTotal:        1420824 kB
MemFree:          128096 kB
Buffers:            7488 kB
Cached:           572116 kB
SwapCached:            0 kB
Active:           418740 kB
Inactive:         623112 kB
Active(anon):     217032 kB
Inactive(anon):   246452 kB
Active(file):     201708 kB
Inactive(file):   376660 kB
Unevictable:         292 kB
Mlocked:               0 kB
HighTotal:       1001472 kB
HighFree:          16664 kB
LowTotal:         419352 kB
LowFree:          111432 kB
SwapTotal:        786428 kB
SwapFree:         786428 kB
Dirty:               536 kB
Writeback:             0 kB
AnonPages:        462536 kB
Mapped:           208856 kB
Shmem:               944 kB
Slab:              43076 kB
SReclaimable:      15040 kB
SUnreclaim:        28036 kB
KernelStack:        9928 kB
PageTables:        15684 kB
NFS_Unstable:          0 kB
Bounce:                0 kB
WritebackTmp:          0 kB
CommitLimit:     1496840 kB
Committed_AS:   22049960 kB
VmallocTotal:     458752 kB
VmallocUsed:       85368 kB
VmallocChunk:     204828 kB
Time pass: 122 sec

---2015-11-19 19:35:53
MemTotal:        1420824 kB
MemFree:          114972 kB
Buffers:            7516 kB
Cached:           572252 kB
SwapCached:            0 kB
Active:           421976 kB
Inactive:         623000 kB
Active(anon):     219992 kB
Inactive(anon):   246452 kB
Active(file):     201984 kB
Inactive(file):   376548 kB
Unevictable:         292 kB
Mlocked:               0 kB
HighTotal:       1001472 kB
HighFree:           5572 kB
LowTotal:         419352 kB
LowFree:          109400 kB
SwapTotal:        786428 kB
SwapFree:         786428 kB
Dirty:               252 kB
Writeback:             0 kB
AnonPages:        465588 kB
Mapped:           211136 kB
Shmem:               944 kB
Slab:              43028 kB
SReclaimable:      15040 kB
SUnreclaim:        27988 kB
KernelStack:        9928 kB
PageTables:        15696 kB
NFS_Unstable:          0 kB
Bounce:                0 kB
WritebackTmp:          0 kB
CommitLimit:     1496840 kB
Committed_AS:   22052840 kB
VmallocTotal:     458752 kB
VmallocUsed:       85384 kB
VmallocChunk:     204828 kB
Time pass: 125 sec

---2015-11-19 19:35:53
MemTotal:        1420824 kB
MemFree:           94228 kB
Buffers:            7528 kB
Cached:           574140 kB
SwapCached:            0 kB
Active:           430392 kB
Inactive:         621408 kB
Active(anon):     224916 kB
Inactive(anon):   246452 kB
Active(file):     205476 kB
Inactive(file):   374956 kB
Unevictable:         292 kB
Mlocked:               0 kB
HighTotal:       1001472 kB
HighFree:           5080 kB
LowTotal:         419352 kB
LowFree:           89148 kB
SwapTotal:        786428 kB
SwapFree:         786428 kB
Dirty:              1912 kB
Writeback:             0 kB
AnonPages:        470496 kB
Mapped:           214816 kB
Shmem:               944 kB
Slab:              42996 kB
SReclaimable:      15048 kB
SUnreclaim:        27948 kB
KernelStack:        9928 kB
PageTables:        15748 kB
NFS_Unstable:          0 kB
Bounce:                0 kB
WritebackTmp:          0 kB
CommitLimit:     1496840 kB
Committed_AS:   22057692 kB
VmallocTotal:     458752 kB
VmallocUsed:       85396 kB
VmallocChunk:     204828 kB
Time pass: 129 sec

---2015-11-19 19:35:53
MemTotal:        1420824 kB
MemFree:           92068 kB
Buffers:            7536 kB
Cached:           574140 kB
SwapCached:            0 kB
Active:           428920 kB
Inactive:         621408 kB
Active(anon):     223444 kB
Inactive(anon):   246452 kB
Active(file):     205476 kB
Inactive(file):   374956 kB
Unevictable:         292 kB
Mlocked:               0 kB
HighTotal:       1001472 kB
HighFree:           5344 kB
LowTotal:         419352 kB
LowFree:           86724 kB
SwapTotal:        786428 kB
SwapFree:         786428 kB
Dirty:              1992 kB
Writeback:             0 kB
AnonPages:        468952 kB
Mapped:           215000 kB
Shmem:               944 kB
Slab:              43080 kB
SReclaimable:      15044 kB
SUnreclaim:        28036 kB
KernelStack:        9928 kB
PageTables:        15756 kB
NFS_Unstable:          0 kB
Bounce:                0 kB
WritebackTmp:          0 kB
CommitLimit:     1496840 kB
Committed_AS:   22056184 kB
VmallocTotal:     458752 kB
VmallocUsed:       85388 kB
VmallocChunk:     204828 kB
Time pass: 132 sec

---2015-11-19 19:35:53
MemTotal:        1420824 kB
MemFree:           79260 kB
Buffers:            7536 kB
Cached:           574192 kB
SwapCached:            0 kB
Active:           434256 kB
Inactive:         621440 kB
Active(anon):     228752 kB
Inactive(anon):   246452 kB
Active(file):     205504 kB
Inactive(file):   374988 kB
Unevictable:         292 kB
Mlocked:               0 kB
HighTotal:       1001472 kB
HighFree:           5200 kB
LowTotal:         419352 kB
LowFree:           74060 kB
SwapTotal:        786428 kB
SwapFree:         786428 kB
Dirty:               596 kB
Writeback:             0 kB
AnonPages:        474292 kB
Mapped:           216204 kB
Shmem:               944 kB
Slab:              43032 kB
SReclaimable:      15044 kB
SUnreclaim:        27988 kB
KernelStack:        9912 kB
PageTables:        15760 kB
NFS_Unstable:          0 kB
Bounce:                0 kB
WritebackTmp:          0 kB
CommitLimit:     1496840 kB
Committed_AS:   22061268 kB
VmallocTotal:     458752 kB
VmallocUsed:       85432 kB
VmallocChunk:     204828 kB
Time pass: 136 sec

---2015-11-19 19:35:53
MemTotal:        1420824 kB
MemFree:           79536 kB
Buffers:            7544 kB
Cached:           574192 kB
SwapCached:            0 kB
Active:           434312 kB
Inactive:         621448 kB
Active(anon):     228808 kB
Inactive(anon):   246452 kB
Active(file):     205504 kB
Inactive(file):   374996 kB
Unevictable:         292 kB
Mlocked:               0 kB
HighTotal:       1001472 kB
HighFree:           5372 kB
LowTotal:         419352 kB
LowFree:           74164 kB
SwapTotal:        786428 kB
SwapFree:         786428 kB
Dirty:                 0 kB
Writeback:             0 kB
AnonPages:        474316 kB
Mapped:           216256 kB
Shmem:               944 kB
Slab:              43068 kB
SReclaimable:      15044 kB
SUnreclaim:        28024 kB
KernelStack:        9928 kB
PageTables:        15776 kB
NFS_Unstable:          0 kB
Bounce:                0 kB
WritebackTmp:          0 kB
CommitLimit:     1496840 kB
Committed_AS:   22061276 kB
VmallocTotal:     458752 kB
VmallocUsed:       85400 kB
VmallocChunk:     204828 kB
Time pass: 139 sec

---2015-11-19 19:35:53
MemTotal:        1420824 kB
MemFree:           79428 kB
Buffers:            7544 kB
Cached:           574192 kB
SwapCached:            0 kB
Active:           434320 kB
Inactive:         621448 kB
Active(anon):     228816 kB
Inactive(anon):   246452 kB
Active(file):     205504 kB
Inactive(file):   374996 kB
Unevictable:         292 kB
Mlocked:               0 kB
HighTotal:       1001472 kB
HighFree:           5248 kB
LowTotal:         419352 kB
LowFree:           74180 kB
SwapTotal:        786428 kB
SwapFree:         786428 kB
Dirty:                 0 kB
Writeback:             0 kB
AnonPages:        474312 kB
Mapped:           216256 kB
Shmem:               944 kB
Slab:              43036 kB
SReclaimable:      15044 kB
SUnreclaim:        27992 kB
KernelStack:        9928 kB
PageTables:        15776 kB
NFS_Unstable:          0 kB
Bounce:                0 kB
WritebackTmp:          0 kB
CommitLimit:     1496840 kB
Committed_AS:   22061276 kB
VmallocTotal:     458752 kB
VmallocUsed:       85400 kB
VmallocChunk:     204828 kB
Time pass: 143 sec

---2015-11-19 19:35:53
MemTotal:        1420824 kB
MemFree:           68400 kB
Buffers:            7716 kB
Cached:           574616 kB
SwapCached:            0 kB
Active:           441568 kB
Inactive:         621032 kB
Active(anon):     235076 kB
Inactive(anon):   246624 kB
Active(file):     206492 kB
Inactive(file):   374408 kB
Unevictable:         292 kB
Mlocked:               0 kB
HighTotal:       1001472 kB
HighFree:           5028 kB
LowTotal:         419352 kB
LowFree:           63372 kB
SwapTotal:        786428 kB
SwapFree:         786428 kB
Dirty:                72 kB
Writeback:             0 kB
AnonPages:        480768 kB
Mapped:           218320 kB
Shmem:              1120 kB
Slab:              43376 kB
SReclaimable:      15048 kB
SUnreclaim:        28328 kB
KernelStack:       10136 kB
PageTables:        15952 kB
NFS_Unstable:          0 kB
Bounce:                0 kB
WritebackTmp:          0 kB
CommitLimit:     1496840 kB
Committed_AS:   22085128 kB
VmallocTotal:     458752 kB
VmallocUsed:       87932 kB
VmallocChunk:     204828 kB
Time pass: 146 sec

---2015-11-19 19:35:53
MemTotal:        1420824 kB
MemFree:           46808 kB
Buffers:            7716 kB
Cached:           574728 kB
SwapCached:            0 kB
Active:           443220 kB
Inactive:         621164 kB
Active(anon):     236728 kB
Inactive(anon):   246720 kB
Active(file):     206492 kB
Inactive(file):   374444 kB
Unevictable:         292 kB
Mlocked:               0 kB
HighTotal:       1001472 kB
HighFree:            936 kB
LowTotal:         419352 kB
LowFree:           45872 kB
SwapTotal:        786428 kB
SwapFree:         786428 kB
Dirty:                 4 kB
Writeback:             0 kB
AnonPages:        482256 kB
Mapped:           218916 kB
Shmem:              1216 kB
Slab:              43288 kB
SReclaimable:      15052 kB
SUnreclaim:        28236 kB
KernelStack:       10104 kB
PageTables:        16096 kB
NFS_Unstable:          0 kB
Bounce:                0 kB
WritebackTmp:          0 kB
CommitLimit:     1496840 kB
Committed_AS:   22086432 kB
VmallocTotal:     458752 kB
VmallocUsed:       87900 kB
VmallocChunk:     204828 kB
Time pass: 150 sec

---2015-11-19 19:35:53
MemTotal:        1420824 kB
MemFree:           46952 kB
Buffers:            7724 kB
Cached:           574764 kB
SwapCached:            0 kB
Active:           443620 kB
Inactive:         621172 kB
Active(anon):     237124 kB
Inactive(anon):   246720 kB
Active(file):     206496 kB
Inactive(file):   374452 kB
Unevictable:         292 kB
Mlocked:               0 kB
HighTotal:       1001472 kB
HighFree:            936 kB
LowTotal:         419352 kB
LowFree:           46016 kB
SwapTotal:        786428 kB
SwapFree:         786428 kB
Dirty:                40 kB
Writeback:             0 kB
AnonPages:        482572 kB
Mapped:           218888 kB
Shmem:              1248 kB
Slab:              43188 kB
SReclaimable:      15052 kB
SUnreclaim:        28136 kB
KernelStack:       10120 kB
PageTables:        16108 kB
NFS_Unstable:          0 kB
Bounce:                0 kB
WritebackTmp:          0 kB
CommitLimit:     1496840 kB
Committed_AS:   22086560 kB
VmallocTotal:     458752 kB
VmallocUsed:       87932 kB
VmallocChunk:     204828 kB
Time pass: 153 sec

---2015-11-19 19:35:53
MemTotal:        1420824 kB
MemFree:           45804 kB
Buffers:            7724 kB
Cached:           574848 kB
SwapCached:            0 kB
Active:           444056 kB
Inactive:         621288 kB
Active(anon):     237560 kB
Inactive(anon):   246836 kB
Active(file):     206496 kB
Inactive(file):   374452 kB
Unevictable:         292 kB
Mlocked:               0 kB
HighTotal:       1001472 kB
HighFree:            948 kB
LowTotal:         419352 kB
LowFree:           44856 kB
SwapTotal:        786428 kB
SwapFree:         786428 kB
Dirty:                 4 kB
Writeback:             0 kB
AnonPages:        483124 kB
Mapped:           219120 kB
Shmem:              1332 kB
Slab:              43276 kB
SReclaimable:      15064 kB
SUnreclaim:        28212 kB
KernelStack:       10112 kB
PageTables:        16108 kB
NFS_Unstable:          0 kB
Bounce:                0 kB
WritebackTmp:          0 kB
CommitLimit:     1496840 kB
Committed_AS:   22086960 kB
VmallocTotal:     458752 kB
VmallocUsed:       87932 kB
VmallocChunk:     204828 kB
Time pass: 157 sec

---2015-11-19 19:35:53
MemTotal:        1420824 kB
MemFree:           55196 kB
Buffers:            7764 kB
Cached:           567160 kB
SwapCached:            0 kB
Active:           452044 kB
Inactive:         617860 kB
Active(anon):     245392 kB
Inactive(anon):   250856 kB
Active(file):     206652 kB
Inactive(file):   367004 kB
Unevictable:         292 kB
Mlocked:               0 kB
HighTotal:       1001472 kB
HighFree:           6640 kB
LowTotal:         419352 kB
LowFree:           48556 kB
SwapTotal:        786428 kB
SwapFree:         786428 kB
Dirty:                48 kB
Writeback:             0 kB
AnonPages:        495296 kB
Mapped:           219072 kB
Shmem:              1124 kB
Slab:              43476 kB
SReclaimable:      15088 kB
SUnreclaim:        28388 kB
KernelStack:       10120 kB
PageTables:        16036 kB
NFS_Unstable:          0 kB
Bounce:                0 kB
WritebackTmp:          0 kB
CommitLimit:     1496840 kB
Committed_AS:   22100444 kB
VmallocTotal:     458752 kB
VmallocUsed:       87932 kB
VmallocChunk:     204828 kB
Time pass: 161 sec

---2015-11-19 19:35:53
MemTotal:        1420824 kB
MemFree:           55332 kB
Buffers:            7796 kB
Cached:           566076 kB
SwapCached:            0 kB
Active:           453464 kB
Inactive:         616652 kB
Active(anon):     246808 kB
Inactive(anon):   250904 kB
Active(file):     206656 kB
Inactive(file):   365748 kB
Unevictable:         292 kB
Mlocked:               0 kB
HighTotal:       1001472 kB
HighFree:           5056 kB
LowTotal:         419352 kB
LowFree:           50276 kB
SwapTotal:        786428 kB
SwapFree:         786428 kB
Dirty:                44 kB
Writeback:             0 kB
AnonPages:        496548 kB
Mapped:           218908 kB
Shmem:              1176 kB
Slab:              43540 kB
SReclaimable:      15088 kB
SUnreclaim:        28452 kB
KernelStack:       10112 kB
PageTables:        16040 kB
NFS_Unstable:          0 kB
Bounce:                0 kB
WritebackTmp:          0 kB
CommitLimit:     1496840 kB
Committed_AS:   22101440 kB
VmallocTotal:     458752 kB
VmallocUsed:       87932 kB
VmallocChunk:     204828 kB
Time pass: 165 sec

---2015-11-19 19:35:53
MemTotal:        1420824 kB
MemFree:           58404 kB
Buffers:            7796 kB
Cached:           566132 kB
SwapCached:            0 kB
Active:           452004 kB
Inactive:         616672 kB
Active(anon):     245348 kB
Inactive(anon):   250924 kB
Active(file):     206656 kB
Inactive(file):   365748 kB
Unevictable:         292 kB
Mlocked:               0 kB
HighTotal:       1001472 kB
HighFree:           5768 kB
LowTotal:         419352 kB
LowFree:           52636 kB
SwapTotal:        786428 kB
SwapFree:         786428 kB
Dirty:                 4 kB
Writeback:             0 kB
AnonPages:        495108 kB
Mapped:           217184 kB
Shmem:              1232 kB
Slab:              43436 kB
SReclaimable:      15088 kB
SUnreclaim:        28348 kB
KernelStack:       10112 kB
PageTables:        16044 kB
NFS_Unstable:          0 kB
Bounce:                0 kB
WritebackTmp:          0 kB
CommitLimit:     1496840 kB
Committed_AS:   22101088 kB
VmallocTotal:     458752 kB
VmallocUsed:       87900 kB
VmallocChunk:     204828 kB
Time pass: 169 sec

---2015-11-19 19:35:53
MemTotal:        1420824 kB
MemFree:           58008 kB
Buffers:            7820 kB
Cached:           566208 kB
SwapCached:            0 kB
Active:           452776 kB
Inactive:         616772 kB
Active(anon):     246120 kB
Inactive(anon):   251000 kB
Active(file):     206656 kB
Inactive(file):   365772 kB
Unevictable:         292 kB
Mlocked:               0 kB
HighTotal:       1001472 kB
HighFree:           5360 kB
LowTotal:         419352 kB
LowFree:           52648 kB
SwapTotal:        786428 kB
SwapFree:         786428 kB
Dirty:                36 kB
Writeback:             0 kB
AnonPages:        495836 kB
Mapped:           217260 kB
Shmem:              1308 kB
Slab:              43436 kB
SReclaimable:      15088 kB
SUnreclaim:        28348 kB
KernelStack:       10112 kB
PageTables:        16048 kB
NFS_Unstable:          0 kB
Bounce:                0 kB
WritebackTmp:          0 kB
CommitLimit:     1496840 kB
Committed_AS:   22101340 kB
VmallocTotal:     458752 kB
VmallocUsed:       87900 kB
VmallocChunk:     204828 kB
Time pass: 172 sec

---2015-11-19 19:35:53
MemTotal:        1420824 kB
MemFree:           57508 kB
Buffers:            7820 kB
Cached:           566252 kB
SwapCached:            0 kB
Active:           453224 kB
Inactive:         616816 kB
Active(anon):     246568 kB
Inactive(anon):   251044 kB
Active(file):     206656 kB
Inactive(file):   365772 kB
Unevictable:         292 kB
Mlocked:               0 kB
HighTotal:       1001472 kB
HighFree:           5732 kB
LowTotal:         419352 kB
LowFree:           51776 kB
SwapTotal:        786428 kB
SwapFree:         786428 kB
Dirty:                36 kB
Writeback:             0 kB
AnonPages:        496336 kB
Mapped:           217320 kB
Shmem:              1352 kB
Slab:              43472 kB
SReclaimable:      15088 kB
SUnreclaim:        28384 kB
KernelStack:       10120 kB
PageTables:        16048 kB
NFS_Unstable:          0 kB
Bounce:                0 kB
WritebackTmp:          0 kB
CommitLimit:     1496840 kB
Committed_AS:   22101748 kB
VmallocTotal:     458752 kB
VmallocUsed:       87900 kB
VmallocChunk:     204828 kB
Time pass: 176 sec

---2015-11-19 19:35:53
MemTotal:        1420824 kB
MemFree:           57408 kB
Buffers:            7844 kB
Cached:           566284 kB
SwapCached:            0 kB
Active:           453896 kB
Inactive:         616872 kB
Active(anon):     247240 kB
Inactive(anon):   251092 kB
Active(file):     206656 kB
Inactive(file):   365780 kB
Unevictable:         292 kB
Mlocked:               0 kB
HighTotal:       1001472 kB
HighFree:           5024 kB
LowTotal:         419352 kB
LowFree:           52384 kB
SwapTotal:        786428 kB
SwapFree:         786428 kB
Dirty:                36 kB
Writeback:             0 kB
AnonPages:        496924 kB
Mapped:           217372 kB
Shmem:              1400 kB
Slab:              43448 kB
SReclaimable:      15088 kB
SUnreclaim:        28360 kB
KernelStack:       10112 kB
PageTables:        16052 kB
NFS_Unstable:          0 kB
Bounce:                0 kB
WritebackTmp:          0 kB
CommitLimit:     1496840 kB
Committed_AS:   22101996 kB
VmallocTotal:     458752 kB
VmallocUsed:       87900 kB
VmallocChunk:     204828 kB
Time pass: 179 sec

---2015-11-19 19:35:53
MemTotal:        1420824 kB
MemFree:           56296 kB
Buffers:            7844 kB
Cached:           566304 kB
SwapCached:            0 kB
Active:           453940 kB
Inactive:         616880 kB
Active(anon):     247284 kB
Inactive(anon):   251084 kB
Active(file):     206656 kB
Inactive(file):   365796 kB
Unevictable:         292 kB
Mlocked:               0 kB
HighTotal:       1001472 kB
HighFree:           5044 kB
LowTotal:         419352 kB
LowFree:           51252 kB
SwapTotal:        786428 kB
SwapFree:         786428 kB
Dirty:                 0 kB
Writeback:             0 kB
AnonPages:        496968 kB
Mapped:           217376 kB
Shmem:              1404 kB
Slab:              43428 kB
SReclaimable:      15084 kB
SUnreclaim:        28344 kB
KernelStack:       10096 kB
PageTables:        16052 kB
NFS_Unstable:          0 kB
Bounce:                0 kB
WritebackTmp:          0 kB
CommitLimit:     1496840 kB
Committed_AS:   22102064 kB
VmallocTotal:     458752 kB
VmallocUsed:       87900 kB
VmallocChunk:     204828 kB
Time pass: 182 sec

---2015-11-19 19:35:53
MemTotal:        1420824 kB
MemFree:           56632 kB
Buffers:            7852 kB
Cached:           566312 kB
SwapCached:            0 kB
Active:           453968 kB
Inactive:         616896 kB
Active(anon):     247312 kB
Inactive(anon):   251092 kB
Active(file):     206656 kB
Inactive(file):   365804 kB
Unevictable:         292 kB
Mlocked:               0 kB
HighTotal:       1001472 kB
HighFree:           5808 kB
LowTotal:         419352 kB
LowFree:           50824 kB
SwapTotal:        786428 kB
SwapFree:         786428 kB
Dirty:                28 kB
Writeback:             0 kB
AnonPages:        497012 kB
Mapped:           217384 kB
Shmem:              1412 kB
Slab:              43516 kB
SReclaimable:      15084 kB
SUnreclaim:        28432 kB
KernelStack:       10088 kB
PageTables:        16056 kB
NFS_Unstable:          0 kB
Bounce:                0 kB
WritebackTmp:          0 kB
CommitLimit:     1496840 kB
Committed_AS:   22101956 kB
VmallocTotal:     458752 kB
VmallocUsed:       87900 kB
VmallocChunk:     204828 kB
Time pass: 186 sec

---2015-11-19 19:35:53
MemTotal:        1420824 kB
MemFree:           55316 kB
Buffers:            7868 kB
Cached:           566312 kB
SwapCached:            0 kB
Active:           455040 kB
Inactive:         616912 kB
Active(anon):     248384 kB
Inactive(anon):   251092 kB
Active(file):     206656 kB
Inactive(file):   365820 kB
Unevictable:         292 kB
Mlocked:               0 kB
HighTotal:       1001472 kB
HighFree:           5144 kB
LowTotal:         419352 kB
LowFree:           50172 kB
SwapTotal:        786428 kB
SwapFree:         786428 kB
Dirty:                 0 kB
Writeback:             0 kB
AnonPages:        498040 kB
Mapped:           217432 kB
Shmem:              1412 kB
Slab:              43556 kB
SReclaimable:      15084 kB
SUnreclaim:        28472 kB
KernelStack:       10096 kB
PageTables:        16056 kB
NFS_Unstable:          0 kB
Bounce:                0 kB
WritebackTmp:          0 kB
CommitLimit:     1496840 kB
Committed_AS:   22103396 kB
VmallocTotal:     458752 kB
VmallocUsed:       87932 kB
VmallocChunk:     204828 kB
Time pass: 191 sec

---2015-11-19 19:35:53
MemTotal:        1420824 kB
MemFree:           56364 kB
Buffers:            7876 kB
Cached:           566312 kB
SwapCached:            0 kB
Active:           454708 kB
Inactive:         616920 kB
Active(anon):     248052 kB
Inactive(anon):   251092 kB
Active(file):     206656 kB
Inactive(file):   365828 kB
Unevictable:         292 kB
Mlocked:               0 kB
HighTotal:       1001472 kB
HighFree:           7284 kB
LowTotal:         419352 kB
LowFree:           49080 kB
SwapTotal:        786428 kB
SwapFree:         786428 kB
Dirty:                28 kB
Writeback:             0 kB
AnonPages:        497636 kB
Mapped:           217284 kB
Shmem:              1412 kB
Slab:              43396 kB
SReclaimable:      15084 kB
SUnreclaim:        28312 kB
KernelStack:       10080 kB
PageTables:        16056 kB
NFS_Unstable:          0 kB
Bounce:                0 kB
WritebackTmp:          0 kB
CommitLimit:     1496840 kB
Committed_AS:   22102184 kB
VmallocTotal:     458752 kB
VmallocUsed:       87932 kB
VmallocChunk:     204828 kB
Time pass: 194 sec

---2015-11-19 19:35:53
MemTotal:        1420824 kB
MemFree:           56872 kB
Buffers:            7892 kB
Cached:           566356 kB
SwapCached:            0 kB
Active:           453668 kB
Inactive:         616976 kB
Active(anon):     247012 kB
Inactive(anon):   251132 kB
Active(file):     206656 kB
Inactive(file):   365844 kB
Unevictable:         292 kB
Mlocked:               0 kB
HighTotal:       1001472 kB
HighFree:           6152 kB
LowTotal:         419352 kB
LowFree:           50720 kB
SwapTotal:        786428 kB
SwapFree:         786428 kB
Dirty:                 0 kB
Writeback:            16 kB
AnonPages:        496700 kB
Mapped:           217428 kB
Shmem:              1456 kB
Slab:              43472 kB
SReclaimable:      15084 kB
SUnreclaim:        28388 kB
KernelStack:       10080 kB
PageTables:        16056 kB
NFS_Unstable:          0 kB
Bounce:                0 kB
WritebackTmp:          0 kB
CommitLimit:     1496840 kB
Committed_AS:   22102164 kB
VmallocTotal:     458752 kB
VmallocUsed:       87900 kB
VmallocChunk:     204828 kB
Time pass: 198 sec

---2015-11-19 19:35:53
MemTotal:        1420824 kB
MemFree:           56808 kB
Buffers:            7900 kB
Cached:           566372 kB
SwapCached:            0 kB
Active:           453824 kB
Inactive:         617000 kB
Active(anon):     247168 kB
Inactive(anon):   251156 kB
Active(file):     206656 kB
Inactive(file):   365844 kB
Unevictable:         292 kB
Mlocked:               0 kB
HighTotal:       1001472 kB
HighFree:           5512 kB
LowTotal:         419352 kB
LowFree:           51296 kB
SwapTotal:        786428 kB
SwapFree:         786428 kB
Dirty:                28 kB
Writeback:             0 kB
AnonPages:        496880 kB
Mapped:           217452 kB
Shmem:              1480 kB
Slab:              43544 kB
SReclaimable:      15084 kB
SUnreclaim:        28460 kB
KernelStack:       10080 kB
PageTables:        16056 kB
NFS_Unstable:          0 kB
Bounce:                0 kB
WritebackTmp:          0 kB
CommitLimit:     1496840 kB
Committed_AS:   22102192 kB
VmallocTotal:     458752 kB
VmallocUsed:       87900 kB
VmallocChunk:     204828 kB
Time pass: 201 sec

---2015-11-19 19:35:53
MemTotal:        1420824 kB
MemFree:           56192 kB
Buffers:            7916 kB
Cached:           566404 kB
SwapCached:            0 kB
Active:           454064 kB
Inactive:         617048 kB
Active(anon):     247408 kB
Inactive(anon):   251180 kB
Active(file):     206656 kB
Inactive(file):   365868 kB
Unevictable:         292 kB
Mlocked:               0 kB
HighTotal:       1001472 kB
HighFree:           5064 kB
LowTotal:         419352 kB
LowFree:           51128 kB
SwapTotal:        786428 kB
SwapFree:         786428 kB
Dirty:                40 kB
Writeback:             0 kB
AnonPages:        497112 kB
Mapped:           217476 kB
Shmem:              1504 kB
Slab:              43476 kB
SReclaimable:      15084 kB
SUnreclaim:        28392 kB
KernelStack:       10080 kB
PageTables:        16056 kB
NFS_Unstable:          0 kB
Bounce:                0 kB
WritebackTmp:          0 kB
CommitLimit:     1496840 kB
Committed_AS:   22102248 kB
VmallocTotal:     458752 kB
VmallocUsed:       87900 kB
VmallocChunk:     204828 kB
Time pass: 205 sec

---2015-11-19 19:35:53
MemTotal:        1420824 kB
MemFree:           56360 kB
Buffers:            7932 kB
Cached:           566404 kB
SwapCached:            0 kB
Active:           454428 kB
Inactive:         617064 kB
Active(anon):     247772 kB
Inactive(anon):   251180 kB
Active(file):     206656 kB
Inactive(file):   365884 kB
Unevictable:         292 kB
Mlocked:               0 kB
HighTotal:       1001472 kB
HighFree:           5116 kB
LowTotal:         419352 kB
LowFree:           51244 kB
SwapTotal:        786428 kB
SwapFree:         786428 kB
Dirty:                40 kB
Writeback:             0 kB
AnonPages:        497580 kB
Mapped:           217476 kB
Shmem:              1504 kB
Slab:              43500 kB
SReclaimable:      15100 kB
SUnreclaim:        28400 kB
KernelStack:       10080 kB
PageTables:        16056 kB
NFS_Unstable:          0 kB
Bounce:                0 kB
WritebackTmp:          0 kB
CommitLimit:     1496840 kB
Committed_AS:   22102520 kB
VmallocTotal:     458752 kB
VmallocUsed:       87900 kB
VmallocChunk:     204828 kB
Time pass: 208 sec

---2015-11-19 19:35:53
MemTotal:        1420824 kB
MemFree:           56344 kB
Buffers:            7932 kB
Cached:           566408 kB
SwapCached:            0 kB
Active:           454568 kB
Inactive:         617068 kB
Active(anon):     247912 kB
Inactive(anon):   251184 kB
Active(file):     206656 kB
Inactive(file):   365884 kB
Unevictable:         292 kB
Mlocked:               0 kB
HighTotal:       1001472 kB
HighFree:           4996 kB
LowTotal:         419352 kB
LowFree:           51348 kB
SwapTotal:        786428 kB
SwapFree:         786428 kB
Dirty:                40 kB
Writeback:             0 kB
AnonPages:        497644 kB
Mapped:           217480 kB
Shmem:              1508 kB
Slab:              43504 kB
SReclaimable:      15100 kB
SUnreclaim:        28404 kB
KernelStack:       10080 kB
PageTables:        16056 kB
NFS_Unstable:          0 kB
Bounce:                0 kB
WritebackTmp:          0 kB
CommitLimit:     1496840 kB
Committed_AS:   22102572 kB
VmallocTotal:     458752 kB
VmallocUsed:       87900 kB
VmallocChunk:     204828 kB
Time pass: 212 sec

---2015-11-19 19:35:53
MemTotal:        1420824 kB
MemFree:           56164 kB
Buffers:            7956 kB
Cached:           566392 kB
SwapCached:            0 kB
Active:           454788 kB
Inactive:         617076 kB
Active(anon):     248132 kB
Inactive(anon):   251184 kB
Active(file):     206656 kB
Inactive(file):   365892 kB
Unevictable:         292 kB
Mlocked:               0 kB
HighTotal:       1001472 kB
HighFree:           4996 kB
LowTotal:         419352 kB
LowFree:           51168 kB
SwapTotal:        786428 kB
SwapFree:         786428 kB
Dirty:                28 kB
Writeback:             0 kB
AnonPages:        497864 kB
Mapped:           217528 kB
Shmem:              1508 kB
Slab:              43596 kB
SReclaimable:      15100 kB
SUnreclaim:        28496 kB
KernelStack:       10080 kB
PageTables:        16052 kB
NFS_Unstable:          0 kB
Bounce:                0 kB
WritebackTmp:          0 kB
CommitLimit:     1496840 kB
Committed_AS:   22102548 kB
VmallocTotal:     458752 kB
VmallocUsed:       87932 kB
VmallocChunk:     204828 kB
Time pass: 215 sec

---2015-11-19 19:35:53
MemTotal:        1420824 kB
MemFree:           56532 kB
Buffers:            7956 kB
Cached:           566408 kB
SwapCached:            0 kB
Active:           454152 kB
Inactive:         617092 kB
Active(anon):     247496 kB
Inactive(anon):   251184 kB
Active(file):     206656 kB
Inactive(file):   365908 kB
Unevictable:         292 kB
Mlocked:               0 kB
HighTotal:       1001472 kB
HighFree:           5244 kB
LowTotal:         419352 kB
LowFree:           51288 kB
SwapTotal:        786428 kB
SwapFree:         786428 kB
Dirty:                 0 kB
Writeback:             0 kB
AnonPages:        497320 kB
Mapped:           217528 kB
Shmem:              1508 kB
Slab:              43416 kB
SReclaimable:      15100 kB
SUnreclaim:        28316 kB
KernelStack:       10088 kB
PageTables:        16052 kB
NFS_Unstable:          0 kB
Bounce:                0 kB
WritebackTmp:          0 kB
CommitLimit:     1496840 kB
Committed_AS:   22102376 kB
VmallocTotal:     458752 kB
VmallocUsed:       87932 kB
VmallocChunk:     204828 kB
Time pass: 219 sec

---2015-11-19 19:35:53
MemTotal:        1420824 kB
MemFree:           56524 kB
Buffers:            7964 kB
Cached:           566408 kB
SwapCached:            0 kB
Active:           454920 kB
Inactive:         617092 kB
Active(anon):     248264 kB
Inactive(anon):   251184 kB
Active(file):     206656 kB
Inactive(file):   365908 kB
Unevictable:         292 kB
Mlocked:               0 kB
HighTotal:       1001472 kB
HighFree:           5136 kB
LowTotal:         419352 kB
LowFree:           51388 kB
SwapTotal:        786428 kB
SwapFree:         786428 kB
Dirty:                28 kB
Writeback:             0 kB
AnonPages:        497916 kB
Mapped:           217480 kB
Shmem:              1508 kB
Slab:              43512 kB
SReclaimable:      15100 kB
SUnreclaim:        28412 kB
KernelStack:       10080 kB
PageTables:        16052 kB
NFS_Unstable:          0 kB
Bounce:                0 kB
WritebackTmp:          0 kB
CommitLimit:     1496840 kB
Committed_AS:   22102452 kB
VmallocTotal:     458752 kB
VmallocUsed:       87900 kB
VmallocChunk:     204828 kB
Time pass: 222 sec

---2015-11-19 19:35:53
MemTotal:        1420824 kB
MemFree:           55568 kB
Buffers:            7980 kB
Cached:           566408 kB
SwapCached:            0 kB
Active:           455392 kB
Inactive:         617116 kB
Active(anon):     248736 kB
Inactive(anon):   251184 kB
Active(file):     206656 kB
Inactive(file):   365932 kB
Unevictable:         292 kB
Mlocked:               0 kB
HighTotal:       1001472 kB
HighFree:           5140 kB
LowTotal:         419352 kB
LowFree:           50428 kB
SwapTotal:        786428 kB
SwapFree:         786428 kB
Dirty:                 0 kB
Writeback:             0 kB
AnonPages:        498468 kB
Mapped:           217480 kB
Shmem:              1508 kB
Slab:              43484 kB
SReclaimable:      15100 kB
SUnreclaim:        28384 kB
KernelStack:       10080 kB
PageTables:        16052 kB
NFS_Unstable:          0 kB
Bounce:                0 kB
WritebackTmp:          0 kB
CommitLimit:     1496840 kB
Committed_AS:   22102584 kB
VmallocTotal:     458752 kB
VmallocUsed:       87900 kB
VmallocChunk:     204828 kB
Time pass: 226 sec

---2015-11-19 19:35:53
MemTotal:        1420824 kB
MemFree:           56968 kB
Buffers:            7988 kB
Cached:           566408 kB
SwapCached:            0 kB
Active:           454428 kB
Inactive:         617124 kB
Active(anon):     247772 kB
Inactive(anon):   251184 kB
Active(file):     206656 kB
Inactive(file):   365940 kB
Unevictable:         292 kB
Mlocked:               0 kB
HighTotal:       1001472 kB
HighFree:           5372 kB
LowTotal:         419352 kB
LowFree:           51596 kB
SwapTotal:        786428 kB
SwapFree:         786428 kB
Dirty:                28 kB
Writeback:             0 kB
AnonPages:        497568 kB
Mapped:           217484 kB
Shmem:              1508 kB
Slab:              43568 kB
SReclaimable:      15100 kB
SUnreclaim:        28468 kB
KernelStack:       10080 kB
PageTables:        16052 kB
NFS_Unstable:          0 kB
Bounce:                0 kB
WritebackTmp:          0 kB
CommitLimit:     1496840 kB
Committed_AS:   22102608 kB
VmallocTotal:     458752 kB
VmallocUsed:       87868 kB
VmallocChunk:     204828 kB
Time pass: 229 sec

---2015-11-19 19:35:53
MemTotal:        1420824 kB
MemFree:           56512 kB
Buffers:            8004 kB
Cached:           566408 kB
SwapCached:            0 kB
Active:           454592 kB
Inactive:         617140 kB
Active(anon):     247936 kB
Inactive(anon):   251184 kB
Active(file):     206656 kB
Inactive(file):   365956 kB
Unevictable:         292 kB
Mlocked:               0 kB
HighTotal:       1001472 kB
HighFree:           5384 kB
LowTotal:         419352 kB
LowFree:           51128 kB
SwapTotal:        786428 kB
SwapFree:         786428 kB
Dirty:                40 kB
Writeback:             0 kB
AnonPages:        497680 kB
Mapped:           217484 kB
Shmem:              1508 kB
Slab:              43620 kB
SReclaimable:      15100 kB
SUnreclaim:        28520 kB
KernelStack:       10080 kB
PageTables:        16052 kB
NFS_Unstable:          0 kB
Bounce:                0 kB
WritebackTmp:          0 kB
CommitLimit:     1496840 kB
Committed_AS:   22102608 kB
VmallocTotal:     458752 kB
VmallocUsed:       87900 kB
VmallocChunk:     204828 kB
Time pass: 233 sec

---2015-11-19 19:35:53
MemTotal:        1420824 kB
MemFree:           55580 kB
Buffers:            8012 kB
Cached:           566408 kB
SwapCached:            0 kB
Active:           454956 kB
Inactive:         617148 kB
Active(anon):     248300 kB
Inactive(anon):   251184 kB
Active(file):     206656 kB
Inactive(file):   365964 kB
Unevictable:         292 kB
Mlocked:               0 kB
HighTotal:       1001472 kB
HighFree:           5128 kB
LowTotal:         419352 kB
LowFree:           50452 kB
SwapTotal:        786428 kB
SwapFree:         786428 kB
Dirty:                64 kB
Writeback:             0 kB
AnonPages:        498004 kB
Mapped:           217484 kB
Shmem:              1508 kB
Slab:              43568 kB
SReclaimable:      15100 kB
SUnreclaim:        28468 kB
KernelStack:       10088 kB
PageTables:        16048 kB
NFS_Unstable:          0 kB
Bounce:                0 kB
WritebackTmp:          0 kB
CommitLimit:     1496840 kB
Committed_AS:   22102508 kB
VmallocTotal:     458752 kB
VmallocUsed:       87900 kB
VmallocChunk:     204828 kB
Time pass: 236 sec

---2015-11-19 19:35:53
MemTotal:        1420824 kB
MemFree:           55660 kB
Buffers:            8028 kB
Cached:           566408 kB
SwapCached:            0 kB
Active:           455000 kB
Inactive:         617164 kB
Active(anon):     248344 kB
Inactive(anon):   251184 kB
Active(file):     206656 kB
Inactive(file):   365980 kB
Unevictable:         292 kB
Mlocked:               0 kB
HighTotal:       1001472 kB
HighFree:           5996 kB
LowTotal:         419352 kB
LowFree:           49664 kB
SwapTotal:        786428 kB
SwapFree:         786428 kB
Dirty:                76 kB
Writeback:             0 kB
AnonPages:        498008 kB
Mapped:           217484 kB
Shmem:              1508 kB
Slab:              43572 kB
SReclaimable:      15100 kB
SUnreclaim:        28472 kB
KernelStack:       10096 kB
PageTables:        16052 kB
NFS_Unstable:          0 kB
Bounce:                0 kB
WritebackTmp:          0 kB
CommitLimit:     1496840 kB
Committed_AS:   22102444 kB
VmallocTotal:     458752 kB
VmallocUsed:       87900 kB
VmallocChunk:     204828 kB
Time pass: 240 sec

---2015-11-19 19:35:53
MemTotal:        1420824 kB
MemFree:           55016 kB
Buffers:            8028 kB
Cached:           566408 kB
SwapCached:            0 kB
Active:           455180 kB
Inactive:         617164 kB
Active(anon):     248524 kB
Inactive(anon):   251184 kB
Active(file):     206656 kB
Inactive(file):   365980 kB
Unevictable:         292 kB
Mlocked:               0 kB
HighTotal:       1001472 kB
HighFree:           5128 kB
LowTotal:         419352 kB
LowFree:           49888 kB
SwapTotal:        786428 kB
SwapFree:         786428 kB
Dirty:                 0 kB
Writeback:             0 kB
AnonPages:        498272 kB
Mapped:           217532 kB
Shmem:              1508 kB
Slab:              43416 kB
SReclaimable:      15100 kB
SUnreclaim:        28316 kB
KernelStack:       10112 kB
PageTables:        16048 kB
NFS_Unstable:          0 kB
Bounce:                0 kB
WritebackTmp:          0 kB
CommitLimit:     1496840 kB
Committed_AS:   22102644 kB
VmallocTotal:     458752 kB
VmallocUsed:       87932 kB
VmallocChunk:     204828 kB
Time pass: 243 sec

---2015-11-19 19:35:53
MemTotal:        1420824 kB
MemFree:           55208 kB
Buffers:            8036 kB
Cached:           566420 kB
SwapCached:            0 kB
Active:           455908 kB
Inactive:         617184 kB
Active(anon):     249252 kB
Inactive(anon):   251196 kB
Active(file):     206656 kB
Inactive(file):   365988 kB
Unevictable:         292 kB
Mlocked:               0 kB
HighTotal:       1001472 kB
HighFree:           5040 kB
LowTotal:         419352 kB
LowFree:           50168 kB
SwapTotal:        786428 kB
SwapFree:         786428 kB
Dirty:                28 kB
Writeback:             0 kB
AnonPages:        498936 kB
Mapped:           217496 kB
Shmem:              1520 kB
Slab:              43476 kB
SReclaimable:      15100 kB
SUnreclaim:        28376 kB
KernelStack:       10112 kB
PageTables:        16048 kB
NFS_Unstable:          0 kB
Bounce:                0 kB
WritebackTmp:          0 kB
CommitLimit:     1496840 kB
Committed_AS:   22104024 kB
VmallocTotal:     458752 kB
VmallocUsed:       87900 kB
VmallocChunk:     204828 kB
Time pass: 247 sec

---2015-11-19 19:35:53
MemTotal:        1420824 kB
MemFree:           54440 kB
Buffers:            8052 kB
Cached:           566420 kB
SwapCached:            0 kB
Active:           455980 kB
Inactive:         617200 kB
Active(anon):     249324 kB
Inactive(anon):   251196 kB
Active(file):     206656 kB
Inactive(file):   366004 kB
Unevictable:         292 kB
Mlocked:               0 kB
HighTotal:       1001472 kB
HighFree:           5032 kB
LowTotal:         419352 kB
LowFree:           49408 kB
SwapTotal:        786428 kB
SwapFree:         786428 kB
Dirty:                 0 kB
Writeback:             0 kB
AnonPages:        499232 kB
Mapped:           217544 kB
Shmem:              1520 kB
Slab:              43596 kB
SReclaimable:      15100 kB
SUnreclaim:        28496 kB
KernelStack:       10104 kB
PageTables:        16052 kB
NFS_Unstable:          0 kB
Bounce:                0 kB
WritebackTmp:          0 kB
CommitLimit:     1496840 kB
Committed_AS:   22103900 kB
VmallocTotal:     458752 kB
VmallocUsed:       87932 kB
VmallocChunk:     204828 kB
Time pass: 251 sec

---2015-11-19 19:35:53
MemTotal:        1420824 kB
MemFree:           54216 kB
Buffers:            8060 kB
Cached:           566420 kB
SwapCached:            0 kB
Active:           455660 kB
Inactive:         617208 kB
Active(anon):     249004 kB
Inactive(anon):   251196 kB
Active(file):     206656 kB
Inactive(file):   366012 kB
Unevictable:         292 kB
Mlocked:               0 kB
HighTotal:       1001472 kB
HighFree:           5392 kB
LowTotal:         419352 kB
LowFree:           48824 kB
SwapTotal:        786428 kB
SwapFree:         786428 kB
Dirty:                32 kB
Writeback:             0 kB
AnonPages:        498676 kB
Mapped:           217496 kB
Shmem:              1520 kB
Slab:              43544 kB
SReclaimable:      15100 kB
SUnreclaim:        28444 kB
KernelStack:       10096 kB
PageTables:        16052 kB
NFS_Unstable:          0 kB
Bounce:                0 kB
WritebackTmp:          0 kB
CommitLimit:     1496840 kB
Committed_AS:   22102656 kB
VmallocTotal:     458752 kB
VmallocUsed:       87900 kB
VmallocChunk:     204828 kB
Time pass: 254 sec

---2015-11-19 19:35:53
MemTotal:        1420824 kB
MemFree:           54480 kB
Buffers:            8076 kB
Cached:           566420 kB
SwapCached:            0 kB
Active:           456036 kB
Inactive:         617224 kB
Active(anon):     249380 kB
Inactive(anon):   251196 kB
Active(file):     206656 kB
Inactive(file):   366028 kB
Unevictable:         292 kB
Mlocked:               0 kB
HighTotal:       1001472 kB
HighFree:           5116 kB
LowTotal:         419352 kB
LowFree:           49364 kB
SwapTotal:        786428 kB
SwapFree:         786428 kB
Dirty:                 0 kB
Writeback:             0 kB
AnonPages:        499136 kB
Mapped:           217496 kB
Shmem:              1520 kB
Slab:              43508 kB
SReclaimable:      15100 kB
SUnreclaim:        28408 kB
KernelStack:       10096 kB
PageTables:        16052 kB
NFS_Unstable:          0 kB
Bounce:                0 kB
WritebackTmp:          0 kB
CommitLimit:     1496840 kB
Committed_AS:   22102656 kB
VmallocTotal:     458752 kB
VmallocUsed:       87900 kB
VmallocChunk:     204828 kB
Time pass: 258 sec

---2015-11-19 19:35:53
MemTotal:        1420824 kB
MemFree:           54404 kB
Buffers:            8084 kB
Cached:           566420 kB
SwapCached:            0 kB
Active:           456364 kB
Inactive:         617232 kB
Active(anon):     249708 kB
Inactive(anon):   251204 kB
Active(file):     206656 kB
Inactive(file):   366028 kB
Unevictable:         292 kB
Mlocked:               0 kB
HighTotal:       1001472 kB
HighFree:           5736 kB
LowTotal:         419352 kB
LowFree:           48668 kB
SwapTotal:        786428 kB
SwapFree:         786428 kB
Dirty:                 0 kB
Writeback:             0 kB
AnonPages:        499400 kB
Mapped:           217408 kB
Shmem:              1528 kB
Slab:              43456 kB
SReclaimable:      15100 kB
SUnreclaim:        28356 kB
KernelStack:       10096 kB
PageTables:        16052 kB
NFS_Unstable:          0 kB
Bounce:                0 kB
WritebackTmp:          0 kB
CommitLimit:     1496840 kB
Committed_AS:   22102920 kB
VmallocTotal:     458752 kB
VmallocUsed:       87932 kB
VmallocChunk:     204828 kB
Time pass: 261 sec

---2015-11-19 19:35:53
MemTotal:        1420824 kB
MemFree:           53364 kB
Buffers:            8100 kB
Cached:           566444 kB
SwapCached:            0 kB
Active:           456440 kB
Inactive:         617272 kB
Active(anon):     249784 kB
Inactive(anon):   251220 kB
Active(file):     206656 kB
Inactive(file):   366052 kB
Unevictable:         292 kB
Mlocked:               0 kB
HighTotal:       1001472 kB
HighFree:           5068 kB
LowTotal:         419352 kB
LowFree:           48296 kB
SwapTotal:        786428 kB
SwapFree:         786428 kB
Dirty:                40 kB
Writeback:             0 kB
AnonPages:        499532 kB
Mapped:           217424 kB
Shmem:              1544 kB
Slab:              43572 kB
SReclaimable:      15100 kB
SUnreclaim:        28472 kB
KernelStack:       10096 kB
PageTables:        16052 kB
NFS_Unstable:          0 kB
Bounce:                0 kB
WritebackTmp:          0 kB
CommitLimit:     1496840 kB
Committed_AS:   22102892 kB
VmallocTotal:     458752 kB
VmallocUsed:       87932 kB
VmallocChunk:     204828 kB
Time pass: 265 sec

---2015-11-19 19:35:53
MemTotal:        1420824 kB
MemFree:           54108 kB
Buffers:            8100 kB
Cached:           566444 kB
SwapCached:            0 kB
Active:           455508 kB
Inactive:         617268 kB
Active(anon):     248852 kB
Inactive(anon):   251216 kB
Active(file):     206656 kB
Inactive(file):   366052 kB
Unevictable:         292 kB
Mlocked:               0 kB
HighTotal:       1001472 kB
HighFree:           5068 kB
LowTotal:         419352 kB
LowFree:           49040 kB
SwapTotal:        786428 kB
SwapFree:         786428 kB
Dirty:                 0 kB
Writeback:             0 kB
AnonPages:        498528 kB
Mapped:           217572 kB
Shmem:              1544 kB
Slab:              43660 kB
SReclaimable:      15100 kB
SUnreclaim:        28560 kB
KernelStack:       10096 kB
PageTables:        16056 kB
NFS_Unstable:          0 kB
Bounce:                0 kB
WritebackTmp:          0 kB
CommitLimit:     1496840 kB
Committed_AS:   22102980 kB
VmallocTotal:     458752 kB
VmallocUsed:       87932 kB
VmallocChunk:     204828 kB
Time pass: 269 sec

---2015-11-19 19:35:53
MemTotal:        1420824 kB
MemFree:           55020 kB
Buffers:            8124 kB
Cached:           566444 kB
SwapCached:            0 kB
Active:           455492 kB
Inactive:         617292 kB
Active(anon):     248836 kB
Inactive(anon):   251216 kB
Active(file):     206656 kB
Inactive(file):   366076 kB
Unevictable:         292 kB
Mlocked:               0 kB
HighTotal:       1001472 kB
HighFree:           5316 kB
LowTotal:         419352 kB
LowFree:           49704 kB
SwapTotal:        786428 kB
SwapFree:         786428 kB
Dirty:                36 kB
Writeback:             0 kB
AnonPages:        498508 kB
Mapped:           217524 kB
Shmem:              1544 kB
Slab:              43640 kB
SReclaimable:      15100 kB
SUnreclaim:        28540 kB
KernelStack:       10096 kB
PageTables:        16056 kB
NFS_Unstable:          0 kB
Bounce:                0 kB
WritebackTmp:          0 kB
CommitLimit:     1496840 kB
Committed_AS:   22102852 kB
VmallocTotal:     458752 kB
VmallocUsed:       87900 kB
VmallocChunk:     204828 kB
Time pass: 272 sec

---2015-11-19 19:35:53
MemTotal:        1420824 kB
MemFree:           54712 kB
Buffers:            8140 kB
Cached:           566444 kB
SwapCached:            0 kB
Active:           455532 kB
Inactive:         617308 kB
Active(anon):     248876 kB
Inactive(anon):   251216 kB
Active(file):     206656 kB
Inactive(file):   366092 kB
Unevictable:         292 kB
Mlocked:               0 kB
HighTotal:       1001472 kB
HighFree:           5268 kB
LowTotal:         419352 kB
LowFree:           49444 kB
SwapTotal:        786428 kB
SwapFree:         786428 kB
Dirty:                40 kB
Writeback:             0 kB
AnonPages:        498488 kB
Mapped:           217524 kB
Shmem:              1544 kB
Slab:              43552 kB
SReclaimable:      15100 kB
SUnreclaim:        28452 kB
KernelStack:       10096 kB
PageTables:        16056 kB
NFS_Unstable:          0 kB
Bounce:                0 kB
WritebackTmp:          0 kB
CommitLimit:     1496840 kB
Committed_AS:   22102504 kB
VmallocTotal:     458752 kB
VmallocUsed:       87900 kB
VmallocChunk:     204828 kB
Time pass: 276 sec

---2015-11-19 19:35:53
MemTotal:        1420824 kB
MemFree:           54116 kB
Buffers:            8140 kB
Cached:           566444 kB
SwapCached:            0 kB
Active:           455576 kB
Inactive:         617308 kB
Active(anon):     248920 kB
Inactive(anon):   251216 kB
Active(file):     206656 kB
Inactive(file):   366092 kB
Unevictable:         292 kB
Mlocked:               0 kB
HighTotal:       1001472 kB
HighFree:           5144 kB
LowTotal:         419352 kB
LowFree:           48972 kB
SwapTotal:        786428 kB
SwapFree:         786428 kB
Dirty:                40 kB
Writeback:             0 kB
AnonPages:        498596 kB
Mapped:           217572 kB
Shmem:              1544 kB
Slab:              43492 kB
SReclaimable:      15100 kB
SUnreclaim:        28392 kB
KernelStack:       10112 kB
PageTables:        16056 kB
NFS_Unstable:          0 kB
Bounce:                0 kB
WritebackTmp:          0 kB
CommitLimit:     1496840 kB
Committed_AS:   22102628 kB
VmallocTotal:     458752 kB
VmallocUsed:       87932 kB
VmallocChunk:     204828 kB
Time pass: 279 sec

---2015-11-19 19:35:53
MemTotal:        1420824 kB
MemFree:           53360 kB
Buffers:            8164 kB
Cached:           566428 kB
SwapCached:            0 kB
Active:           457076 kB
Inactive:         617316 kB
Active(anon):     250420 kB
Inactive(anon):   251216 kB
Active(file):     206656 kB
Inactive(file):   366100 kB
Unevictable:         292 kB
Mlocked:               0 kB
HighTotal:       1001472 kB
HighFree:           5144 kB
LowTotal:         419352 kB
LowFree:           48216 kB
SwapTotal:        786428 kB
SwapFree:         786428 kB
Dirty:                28 kB
Writeback:             0 kB
AnonPages:        500256 kB
Mapped:           217572 kB
Shmem:              1544 kB
Slab:              43592 kB
SReclaimable:      15100 kB
SUnreclaim:        28492 kB
KernelStack:       10112 kB
PageTables:        16056 kB
NFS_Unstable:          0 kB
Bounce:                0 kB
WritebackTmp:          0 kB
CommitLimit:     1496840 kB
Committed_AS:   22103984 kB
VmallocTotal:     458752 kB
VmallocUsed:       87932 kB
VmallocChunk:     204828 kB
Time pass: 283 sec

---2015-11-19 19:35:53
MemTotal:        1420824 kB
MemFree:           54040 kB
Buffers:            8164 kB
Cached:           566444 kB
SwapCached:            0 kB
Active:           456124 kB
Inactive:         617332 kB
Active(anon):     249468 kB
Inactive(anon):   251216 kB
Active(file):     206656 kB
Inactive(file):   366116 kB
Unevictable:         292 kB
Mlocked:               0 kB
HighTotal:       1001472 kB
HighFree:           5164 kB
LowTotal:         419352 kB
LowFree:           48876 kB
SwapTotal:        786428 kB
SwapFree:         786428 kB
Dirty:                44 kB
Writeback:             0 kB
AnonPages:        499276 kB
Mapped:           217524 kB
Shmem:              1544 kB
Slab:              43572 kB
SReclaimable:      15100 kB
SUnreclaim:        28472 kB
KernelStack:       10104 kB
PageTables:        16056 kB
NFS_Unstable:          0 kB
Bounce:                0 kB
WritebackTmp:          0 kB
CommitLimit:     1496840 kB
Committed_AS:   22102776 kB
VmallocTotal:     458752 kB
VmallocUsed:       87900 kB
VmallocChunk:     204828 kB
Time pass: 287 sec

---2015-11-19 19:35:53
MemTotal:        1420824 kB
MemFree:           53512 kB
Buffers:            8172 kB
Cached:           566444 kB
SwapCached:            0 kB
Active:           456156 kB
Inactive:         617340 kB
Active(anon):     249500 kB
Inactive(anon):   251216 kB
Active(file):     206656 kB
Inactive(file):   366124 kB
Unevictable:         292 kB
Mlocked:               0 kB
HighTotal:       1001472 kB
HighFree:           5412 kB
LowTotal:         419352 kB
LowFree:           48100 kB
SwapTotal:        786428 kB
SwapFree:         786428 kB
Dirty:                28 kB
Writeback:             0 kB
AnonPages:        499184 kB
Mapped:           217524 kB
Shmem:              1544 kB
Slab:              43528 kB
SReclaimable:      15100 kB
SUnreclaim:        28428 kB
KernelStack:       10104 kB
PageTables:        16056 kB
NFS_Unstable:          0 kB
Bounce:                0 kB
WritebackTmp:          0 kB
CommitLimit:     1496840 kB
Committed_AS:   22102776 kB
VmallocTotal:     458752 kB
VmallocUsed:       87900 kB
VmallocChunk:     204828 kB
Time pass: 290 sec

---2015-11-19 19:35:53
MemTotal:        1420824 kB
MemFree:           53888 kB
Buffers:            8188 kB
Cached:           566444 kB
SwapCached:            0 kB
Active:           456716 kB
Inactive:         617356 kB
Active(anon):     250060 kB
Inactive(anon):   251216 kB
Active(file):     206656 kB
Inactive(file):   366140 kB
Unevictable:         292 kB
Mlocked:               0 kB
HighTotal:       1001472 kB
HighFree:           5800 kB
LowTotal:         419352 kB
LowFree:           48088 kB
SwapTotal:        786428 kB
SwapFree:         786428 kB
Dirty:                44 kB
Writeback:             0 kB
AnonPages:        499744 kB
Mapped:           217524 kB
Shmem:              1544 kB
Slab:              43564 kB
SReclaimable:      15100 kB
SUnreclaim:        28464 kB
KernelStack:       10104 kB
PageTables:        16052 kB
NFS_Unstable:          0 kB
Bounce:                0 kB
WritebackTmp:          0 kB
CommitLimit:     1496840 kB
Committed_AS:   22102752 kB
VmallocTotal:     458752 kB
VmallocUsed:       87900 kB
VmallocChunk:     204828 kB
Time pass: 294 sec

---2015-11-19 19:35:53
MemTotal:        1420824 kB
MemFree:           53788 kB
Buffers:            8196 kB
Cached:           566436 kB
SwapCached:            0 kB
Active:           455796 kB
Inactive:         617356 kB
Active(anon):     249140 kB
Inactive(anon):   251216 kB
Active(file):     206656 kB
Inactive(file):   366140 kB
Unevictable:         292 kB
Mlocked:               0 kB
HighTotal:       1001472 kB
HighFree:           5960 kB
LowTotal:         419352 kB
LowFree:           47828 kB
SwapTotal:        786428 kB
SwapFree:         786428 kB
Dirty:                 0 kB
Writeback:             0 kB
AnonPages:        498812 kB
Mapped:           217524 kB
Shmem:              1544 kB
Slab:              43584 kB
SReclaimable:      15104 kB
SUnreclaim:        28480 kB
KernelStack:       10096 kB
PageTables:        16056 kB
NFS_Unstable:          0 kB
Bounce:                0 kB
WritebackTmp:          0 kB
CommitLimit:     1496840 kB
Committed_AS:   22102940 kB
VmallocTotal:     458752 kB
VmallocUsed:       87900 kB
VmallocChunk:     204828 kB
Time pass: 297 sec

---2015-11-19 19:35:53
MemTotal:        1420824 kB
MemFree:           53988 kB
Buffers:            8212 kB
Cached:           566468 kB
SwapCached:            0 kB
Active:           455908 kB
Inactive:         617404 kB
Active(anon):     249252 kB
Inactive(anon):   251240 kB
Active(file):     206656 kB
Inactive(file):   366164 kB
Unevictable:         292 kB
Mlocked:               0 kB
HighTotal:       1001472 kB
HighFree:           5244 kB
LowTotal:         419352 kB
LowFree:           48744 kB
SwapTotal:        786428 kB
SwapFree:         786428 kB
Dirty:                40 kB
Writeback:             0 kB
AnonPages:        498936 kB
Mapped:           217508 kB
Shmem:              1568 kB
Slab:              43624 kB
SReclaimable:      15100 kB
SUnreclaim:        28524 kB
KernelStack:       10112 kB
PageTables:        16068 kB
NFS_Unstable:          0 kB
Bounce:                0 kB
WritebackTmp:          0 kB
CommitLimit:     1496840 kB
Committed_AS:   22103004 kB
VmallocTotal:     458752 kB
VmallocUsed:       87900 kB
VmallocChunk:     204828 kB
Time pass: 301 sec

---2015-11-19 19:35:53
MemTotal:        1420824 kB
MemFree:           53952 kB
Buffers:            8212 kB
Cached:           566468 kB
SwapCached:            0 kB
Active:           455724 kB
Inactive:         617404 kB
Active(anon):     249068 kB
Inactive(anon):   251240 kB
Active(file):     206656 kB
Inactive(file):   366164 kB
Unevictable:         292 kB
Mlocked:               0 kB
HighTotal:       1001472 kB
HighFree:           5244 kB
LowTotal:         419352 kB
LowFree:           48708 kB
SwapTotal:        786428 kB
SwapFree:         786428 kB
Dirty:                 0 kB
Writeback:             0 kB
AnonPages:        498736 kB
Mapped:           217548 kB
Shmem:              1568 kB
Slab:              43516 kB
SReclaimable:      15100 kB
SUnreclaim:        28416 kB
KernelStack:       10096 kB
PageTables:        16056 kB
NFS_Unstable:          0 kB
Bounce:                0 kB
WritebackTmp:          0 kB
CommitLimit:     1496840 kB
Committed_AS:   22102792 kB
VmallocTotal:     458752 kB
VmallocUsed:       87900 kB
VmallocChunk:     204828 kB
Time pass: 304 sec

---2015-11-19 19:35:53
MemTotal:        1420824 kB
MemFree:           53708 kB
Buffers:            8236 kB
Cached:           566468 kB
SwapCached:            0 kB
Active:           456132 kB
Inactive:         617428 kB
Active(anon):     249476 kB
Inactive(anon):   251240 kB
Active(file):     206656 kB
Inactive(file):   366188 kB
Unevictable:         292 kB
Mlocked:               0 kB
HighTotal:       1001472 kB
HighFree:           5264 kB
LowTotal:         419352 kB
LowFree:           48444 kB
SwapTotal:        786428 kB
SwapFree:         786428 kB
Dirty:                 0 kB
Writeback:             0 kB
AnonPages:        499240 kB
Mapped:           217596 kB
Shmem:              1568 kB
Slab:              43616 kB
SReclaimable:      15100 kB
SUnreclaim:        28516 kB
KernelStack:       10112 kB
PageTables:        16056 kB
NFS_Unstable:          0 kB
Bounce:                0 kB
WritebackTmp:          0 kB
CommitLimit:     1496840 kB
Committed_AS:   22103152 kB
VmallocTotal:     458752 kB
VmallocUsed:       87932 kB
VmallocChunk:     204828 kB
Time pass: 311 sec

---2015-11-19 19:35:53
MemTotal:        1420824 kB
MemFree:           53552 kB
Buffers:            8244 kB
Cached:           566468 kB
SwapCached:            0 kB
Active:           456096 kB
Inactive:         617436 kB
Active(anon):     249440 kB
Inactive(anon):   251240 kB
Active(file):     206656 kB
Inactive(file):   366196 kB
Unevictable:         292 kB
Mlocked:               0 kB
HighTotal:       1001472 kB
HighFree:           5100 kB
LowTotal:         419352 kB
LowFree:           48452 kB
SwapTotal:        786428 kB
SwapFree:         786428 kB
Dirty:                28 kB
Writeback:             0 kB
AnonPages:        499120 kB
Mapped:           217532 kB
Shmem:              1568 kB
Slab:              43604 kB
SReclaimable:      15100 kB
SUnreclaim:        28504 kB
KernelStack:       10096 kB
PageTables:        16044 kB
NFS_Unstable:          0 kB
Bounce:                0 kB
WritebackTmp:          0 kB
CommitLimit:     1496840 kB
Committed_AS:   22102964 kB
VmallocTotal:     458752 kB
VmallocUsed:       87900 kB
VmallocChunk:     204828 kB
Time pass: 315 sec

---2015-11-19 19:35:53
MemTotal:        1420824 kB
MemFree:           53120 kB
Buffers:            8260 kB
Cached:           566468 kB
SwapCached:            0 kB
Active:           456184 kB
Inactive:         617452 kB
Active(anon):     249528 kB
Inactive(anon):   251240 kB
Active(file):     206656 kB
Inactive(file):   366212 kB
Unevictable:         292 kB
Mlocked:               0 kB
HighTotal:       1001472 kB
HighFree:           5032 kB
LowTotal:         419352 kB
LowFree:           48088 kB
SwapTotal:        786428 kB
SwapFree:         786428 kB
Dirty:                40 kB
Writeback:             0 kB
AnonPages:        499260 kB
Mapped:           217548 kB
Shmem:              1568 kB
Slab:              43576 kB
SReclaimable:      15100 kB
SUnreclaim:        28476 kB
KernelStack:       10096 kB
PageTables:        16056 kB
NFS_Unstable:          0 kB
Bounce:                0 kB
WritebackTmp:          0 kB
CommitLimit:     1496840 kB
Committed_AS:   22102880 kB
VmallocTotal:     458752 kB
VmallocUsed:       87900 kB
VmallocChunk:     204828 kB
Time pass: 318 sec

---2015-11-19 19:35:53
MemTotal:        1420824 kB
MemFree:           52980 kB
Buffers:            8268 kB
Cached:           566460 kB
SwapCached:            0 kB
Active:           456220 kB
Inactive:         617452 kB
Active(anon):     249564 kB
Inactive(anon):   251240 kB
Active(file):     206656 kB
Inactive(file):   366212 kB
Unevictable:         292 kB
Mlocked:               0 kB
HighTotal:       1001472 kB
HighFree:           5032 kB
LowTotal:         419352 kB
LowFree:           47948 kB
SwapTotal:        786428 kB
SwapFree:         786428 kB
Dirty:                 0 kB
Writeback:             0 kB
AnonPages:        499276 kB
Mapped:           217448 kB
Shmem:              1568 kB
Slab:              43516 kB
SReclaimable:      15100 kB
SUnreclaim:        28416 kB
KernelStack:       10096 kB
PageTables:        16052 kB
NFS_Unstable:          0 kB
Bounce:                0 kB
WritebackTmp:          0 kB
CommitLimit:     1496840 kB
Committed_AS:   22102912 kB
VmallocTotal:     458752 kB
VmallocUsed:       87932 kB
VmallocChunk:     204828 kB
Time pass: 322 sec

---2015-11-19 19:35:53
MemTotal:        1420824 kB
MemFree:           53232 kB
Buffers:            8284 kB
Cached:           566468 kB
SwapCached:            0 kB
Active:           456492 kB
Inactive:         617476 kB
Active(anon):     249836 kB
Inactive(anon):   251240 kB
Active(file):     206656 kB
Inactive(file):   366236 kB
Unevictable:         292 kB
Mlocked:               0 kB
HighTotal:       1001472 kB
HighFree:           5876 kB
LowTotal:         419352 kB
LowFree:           47356 kB
SwapTotal:        786428 kB
SwapFree:         786428 kB
Dirty:                40 kB
Writeback:             0 kB
AnonPages:        499576 kB
Mapped:           217548 kB
Shmem:              1568 kB
Slab:              43620 kB
SReclaimable:      15100 kB
SUnreclaim:        28520 kB
KernelStack:       10096 kB
PageTables:        16056 kB
NFS_Unstable:          0 kB
Bounce:                0 kB
WritebackTmp:          0 kB
CommitLimit:     1496840 kB
Committed_AS:   22102744 kB
VmallocTotal:     458752 kB
VmallocUsed:       87900 kB
VmallocChunk:     204828 kB
Time pass: 325 sec

---2015-11-19 19:35:53
MemTotal:        1420824 kB
MemFree:           54112 kB
Buffers:            8300 kB
Cached:           566488 kB
SwapCached:            0 kB
Active:           457160 kB
Inactive:         617512 kB
Active(anon):     250504 kB
Inactive(anon):   251260 kB
Active(file):     206656 kB
Inactive(file):   366252 kB
Unevictable:         292 kB
Mlocked:               0 kB
HighTotal:       1001472 kB
HighFree:           5324 kB
LowTotal:         419352 kB
LowFree:           48788 kB
SwapTotal:        786428 kB
SwapFree:         786428 kB
Dirty:                40 kB
Writeback:             0 kB
AnonPages:        500128 kB
Mapped:           217616 kB
