---2015-12-08 16:16:17
MemTotal:        1959952 kB
MemFree:           90608 kB
Buffers:            5684 kB
Cached:          1205524 kB
SwapCached:          736 kB
Active:           852024 kB
Inactive:         774296 kB
Active(anon):     250540 kB
Inactive(anon):   166448 kB
Active(file):     601484 kB
Inactive(file):   607848 kB
Unevictable:        1744 kB
Mlocked:               0 kB
HighTotal:       1372556 kB
HighFree:          32444 kB
LowTotal:         587396 kB
LowFree:           58164 kB
SwapTotal:        262140 kB
SwapFree:         239320 kB
Dirty:              1004 kB
Writeback:             0 kB
AnonPages:        416852 kB
Mapped:           285372 kB
Shmem:               120 kB
Slab:              56096 kB
SReclaimable:      16932 kB
SUnreclaim:        39164 kB
KernelStack:       15544 kB
PageTables:        27344 kB
NFS_Unstable:          0 kB
Bounce:                0 kB
WritebackTmp:          0 kB
CommitLimit:     1242116 kB
Committed_AS:   57668252 kB
VmallocTotal:     409600 kB
VmallocUsed:       36920 kB
VmallocChunk:      90140 kB
Time pass: 3 sec

---2015-12-08 16:16:17
MemTotal:        1959952 kB
MemFree:           90364 kB
Buffers:            5684 kB
Cached:          1205524 kB
SwapCached:          736 kB
Active:           852176 kB
Inactive:         774244 kB
Active(anon):     250684 kB
Inactive(anon):   166408 kB
Active(file):     601492 kB
Inactive(file):   607836 kB
Unevictable:        1744 kB
Mlocked:               0 kB
HighTotal:       1372556 kB
HighFree:          32192 kB
LowTotal:         587396 kB
LowFree:           58172 kB
SwapTotal:        262140 kB
SwapFree:         239320 kB
Dirty:               996 kB
Writeback:             0 kB
AnonPages:        417100 kB
Mapped:           285372 kB
Shmem:               120 kB
Slab:              56128 kB
SReclaimable:      16932 kB
SUnreclaim:        39196 kB
KernelStack:       15536 kB
PageTables:        27344 kB
NFS_Unstable:          0 kB
Bounce:                0 kB
WritebackTmp:          0 kB
CommitLimit:     1242116 kB
Committed_AS:   57668260 kB
VmallocTotal:     409600 kB
VmallocUsed:       36920 kB
VmallocChunk:      90140 kB
Time pass: 7 sec

---2015-12-08 16:16:17
MemTotal:        1959952 kB
MemFree:           93964 kB
Buffers:            5684 kB
Cached:          1205524 kB
SwapCached:          736 kB
Active:           848848 kB
Inactive:         774248 kB
Active(anon):     247356 kB
Inactive(anon):   166412 kB
Active(file):     601492 kB
Inactive(file):   607836 kB
Unevictable:        1744 kB
Mlocked:               0 kB
HighTotal:       1372556 kB
HighFree:          31200 kB
LowTotal:         587396 kB
LowFree:           62764 kB
SwapTotal:        262140 kB
SwapFree:         239324 kB
Dirty:               996 kB
Writeback:             0 kB
AnonPages:        413744 kB
Mapped:           285372 kB
Shmem:               120 kB
Slab:              55944 kB
SReclaimable:      16932 kB
SUnreclaim:        39012 kB
KernelStack:       15512 kB
PageTables:        27332 kB
NFS_Unstable:          0 kB
Bounce:                0 kB
WritebackTmp:          0 kB
CommitLimit:     1242116 kB
Committed_AS:   57667856 kB
VmallocTotal:     409600 kB
VmallocUsed:       36920 kB
VmallocChunk:      90140 kB
Time pass: 10 sec

---2015-12-08 16:16:17
MemTotal:        1959952 kB
MemFree:           93696 kB
Buffers:            5684 kB
Cached:          1205524 kB
SwapCached:          736 kB
Active:           849024 kB
Inactive:         774248 kB
Active(anon):     247532 kB
Inactive(anon):   166412 kB
Active(file):     601492 kB
Inactive(file):   607836 kB
Unevictable:        1744 kB
Mlocked:               0 kB
HighTotal:       1372556 kB
HighFree:          30900 kB
LowTotal:         587396 kB
LowFree:           62796 kB
SwapTotal:        262140 kB
SwapFree:         239324 kB
Dirty:               996 kB
Writeback:             0 kB
AnonPages:        413860 kB
Mapped:           285372 kB
Shmem:               120 kB
Slab:              55984 kB
SReclaimable:      16932 kB
SUnreclaim:        39052 kB
KernelStack:       15480 kB
PageTables:        27332 kB
NFS_Unstable:          0 kB
Bounce:                0 kB
WritebackTmp:          0 kB
CommitLimit:     1242116 kB
Committed_AS:   57667944 kB
VmallocTotal:     409600 kB
VmallocUsed:       36920 kB
VmallocChunk:      90140 kB
Time pass: 14 sec

---2015-12-08 16:16:17
MemTotal:        1959952 kB
MemFree:           93248 kB
Buffers:            5684 kB
Cached:          1205524 kB
SwapCached:          736 kB
Active:           849464 kB
Inactive:         774248 kB
Active(anon):     247972 kB
Inactive(anon):   166412 kB
Active(file):     601492 kB
Inactive(file):   607836 kB
Unevictable:        1744 kB
Mlocked:               0 kB
HighTotal:       1372556 kB
HighFree:          30468 kB
LowTotal:         587396 kB
LowFree:           62780 kB
SwapTotal:        262140 kB
SwapFree:         239324 kB
Dirty:               996 kB
Writeback:             0 kB
AnonPages:        413980 kB
Mapped:           285384 kB
Shmem:               120 kB
Slab:              56116 kB
SReclaimable:      16932 kB
SUnreclaim:        39184 kB
KernelStack:       15496 kB
PageTables:        27312 kB
NFS_Unstable:          0 kB
Bounce:                0 kB
WritebackTmp:          0 kB
CommitLimit:     1242116 kB
Committed_AS:   57668028 kB
VmallocTotal:     409600 kB
VmallocUsed:       36920 kB
VmallocChunk:      90140 kB
Time pass: 18 sec

---2015-12-08 16:16:17
MemTotal:        1959952 kB
MemFree:           96804 kB
Buffers:            4860 kB
Cached:          1176912 kB
SwapCached:         1012 kB
Active:           844452 kB
Inactive:         755040 kB
Active(anon):     254532 kB
Inactive(anon):   165508 kB
Active(file):     589920 kB
Inactive(file):   589532 kB
Unevictable:        1744 kB
Mlocked:               0 kB
HighTotal:       1372556 kB
HighFree:          35144 kB
LowTotal:         587396 kB
LowFree:           61660 kB
SwapTotal:        262140 kB
SwapFree:         234852 kB
Dirty:               768 kB
Writeback:             0 kB
AnonPages:        420232 kB
Mapped:           298620 kB
Shmem:               116 kB
Slab:              56200 kB
SReclaimable:      16892 kB
SUnreclaim:        39308 kB
KernelStack:       15696 kB
PageTables:        27788 kB
NFS_Unstable:          0 kB
Bounce:                0 kB
WritebackTmp:          0 kB
CommitLimit:     1242116 kB
Committed_AS:   58664220 kB
VmallocTotal:     409600 kB
VmallocUsed:       37056 kB
VmallocChunk:      90140 kB
Time pass: 21 sec

---2015-12-08 16:16:17
MemTotal:        1959952 kB
MemFree:           87724 kB
Buffers:            2384 kB
Cached:          1091872 kB
SwapCached:         1088 kB
Active:           822124 kB
Inactive:         717324 kB
Active(anon):     277072 kB
Inactive(anon):   171076 kB
Active(file):     545052 kB
Inactive(file):   546248 kB
Unevictable:        1744 kB
Mlocked:               0 kB
HighTotal:       1372556 kB
HighFree:          27716 kB
LowTotal:         587396 kB
LowFree:           60008 kB
SwapTotal:        262140 kB
SwapFree:         219324 kB
Dirty:              1076 kB
Writeback:             0 kB
AnonPages:        446632 kB
Mapped:           307356 kB
Shmem:              1192 kB
Slab:              56584 kB
SReclaimable:      17088 kB
SUnreclaim:        39496 kB
KernelStack:       16280 kB
PageTables:        28248 kB
NFS_Unstable:          0 kB
Bounce:                0 kB
WritebackTmp:          0 kB
CommitLimit:     1242116 kB
Committed_AS:   58694808 kB
VmallocTotal:     409600 kB
VmallocUsed:       36184 kB
VmallocChunk:      90140 kB
Time pass: 25 sec

---2015-12-08 16:16:17
MemTotal:        1959952 kB
MemFree:           98292 kB
Buffers:            2384 kB
Cached:          1070328 kB
SwapCached:          968 kB
Active:           796908 kB
Inactive:         705452 kB
Active(anon):     262532 kB
Inactive(anon):   169164 kB
Active(file):     534376 kB
Inactive(file):   536288 kB
Unevictable:        1744 kB
Mlocked:               0 kB
HighTotal:       1372556 kB
HighFree:          41636 kB
LowTotal:         587396 kB
LowFree:           56656 kB
SwapTotal:        262140 kB
SwapFree:         217708 kB
Dirty:               444 kB
Writeback:             0 kB
AnonPages:        431508 kB
Mapped:           317844 kB
Shmem:               252 kB
Slab:              56560 kB
SReclaimable:      17160 kB
SUnreclaim:        39400 kB
KernelStack:       16248 kB
PageTables:        28216 kB
NFS_Unstable:          0 kB
Bounce:                0 kB
WritebackTmp:          0 kB
CommitLimit:     1242116 kB
Committed_AS:   58680908 kB
VmallocTotal:     409600 kB
VmallocUsed:       36368 kB
VmallocChunk:      90140 kB
Time pass: 29 sec

---2015-12-08 16:16:17
MemTotal:        1959952 kB
MemFree:          100400 kB
Buffers:            2384 kB
Cached:          1070488 kB
SwapCached:          968 kB
Active:           794028 kB
Inactive:         705620 kB
Active(anon):     259628 kB
Inactive(anon):   169156 kB
Active(file):     534400 kB
Inactive(file):   536464 kB
Unevictable:        1744 kB
Mlocked:               0 kB
HighTotal:       1372556 kB
HighFree:          43772 kB
LowTotal:         587396 kB
LowFree:           56628 kB
SwapTotal:        262140 kB
SwapFree:         217708 kB
Dirty:               336 kB
Writeback:             0 kB
AnonPages:        428504 kB
Mapped:           317916 kB
Shmem:               252 kB
Slab:              56784 kB
SReclaimable:      17184 kB
SUnreclaim:        39600 kB
KernelStack:       16240 kB
PageTables:        28220 kB
NFS_Unstable:          0 kB
Bounce:                0 kB
WritebackTmp:          0 kB
CommitLimit:     1242116 kB
Committed_AS:   58681292 kB
VmallocTotal:     409600 kB
VmallocUsed:       36368 kB
VmallocChunk:      90140 kB
Time pass: 33 sec

---2015-12-08 16:16:17
MemTotal:        1959952 kB
MemFree:           98684 kB
Buffers:            2384 kB
Cached:          1071168 kB
SwapCached:          968 kB
Active:           794364 kB
Inactive:         706160 kB
Active(anon):     259912 kB
Inactive(anon):   169088 kB
Active(file):     534452 kB
Inactive(file):   537072 kB
Unevictable:        1744 kB
Mlocked:               0 kB
HighTotal:       1372556 kB
HighFree:          40892 kB
LowTotal:         587396 kB
LowFree:           57792 kB
SwapTotal:        262140 kB
SwapFree:         217708 kB
Dirty:               344 kB
Writeback:             0 kB
AnonPages:        428552 kB
Mapped:           318380 kB
Shmem:               264 kB
Slab:              56640 kB
SReclaimable:      17188 kB
SUnreclaim:        39452 kB
KernelStack:       16240 kB
PageTables:        28232 kB
NFS_Unstable:          0 kB
Bounce:                0 kB
WritebackTmp:          0 kB
CommitLimit:     1242116 kB
Committed_AS:   58678628 kB
VmallocTotal:     409600 kB
VmallocUsed:       36368 kB
VmallocChunk:      90140 kB
Time pass: 36 sec

---2015-12-08 16:16:17
MemTotal:        1959952 kB
MemFree:          105360 kB
Buffers:            1236 kB
Cached:          1016840 kB
SwapCached:         1160 kB
Active:           767948 kB
Inactive:         676300 kB
Active(anon):     259380 kB
Inactive(anon):   168876 kB
Active(file):     508568 kB
Inactive(file):   507424 kB
Unevictable:        1744 kB
Mlocked:               0 kB
HighTotal:       1372556 kB
HighFree:          44196 kB
LowTotal:         587396 kB
LowFree:           61164 kB
SwapTotal:        262140 kB
SwapFree:         214352 kB
Dirty:               552 kB
Writeback:             0 kB
AnonPages:        427824 kB
Mapped:           318344 kB
Shmem:               252 kB
Slab:              56468 kB
SReclaimable:      17100 kB
SUnreclaim:        39368 kB
KernelStack:       16120 kB
PageTables:        27488 kB
NFS_Unstable:          0 kB
Bounce:                0 kB
WritebackTmp:          0 kB
CommitLimit:     1242116 kB
Committed_AS:   56786392 kB
VmallocTotal:     409600 kB
VmallocUsed:       34492 kB
VmallocChunk:      90140 kB
Time pass: 40 sec

---2015-12-08 16:16:17
MemTotal:        1959952 kB
MemFree:          106624 kB
Buffers:            1236 kB
Cached:          1017524 kB
SwapCached:         1160 kB
Active:           765152 kB
Inactive:         676812 kB
Active(anon):     256488 kB
Inactive(anon):   168748 kB
Active(file):     508664 kB
Inactive(file):   508064 kB
Unevictable:        1744 kB
Mlocked:               0 kB
HighTotal:       1372556 kB
HighFree:          45160 kB
LowTotal:         587396 kB
LowFree:           61464 kB
SwapTotal:        262140 kB
SwapFree:         214364 kB
Dirty:               476 kB
Writeback:             0 kB
AnonPages:        424768 kB
Mapped:           318792 kB
Shmem:               252 kB
Slab:              56760 kB
SReclaimable:      17148 kB
SUnreclaim:        39612 kB
KernelStack:       15944 kB
PageTables:        27564 kB
NFS_Unstable:          0 kB
Bounce:                0 kB
WritebackTmp:          0 kB
CommitLimit:     1242116 kB
Committed_AS:   56785932 kB
VmallocTotal:     409600 kB
VmallocUsed:       34492 kB
VmallocChunk:      90140 kB
Time pass: 44 sec

---2015-12-08 16:16:17
MemTotal:        1959952 kB
MemFree:           99860 kB
Buffers:            1236 kB
Cached:          1019508 kB
SwapCached:         1160 kB
Active:           777804 kB
Inactive:         678452 kB
Active(anon):     268836 kB
Inactive(anon):   168728 kB
Active(file):     508968 kB
Inactive(file):   509724 kB
Unevictable:        1744 kB
Mlocked:               0 kB
HighTotal:       1372556 kB
HighFree:          35832 kB
LowTotal:         587396 kB
LowFree:           64028 kB
SwapTotal:        262140 kB
SwapFree:         214368 kB
Dirty:               560 kB
Writeback:             0 kB
AnonPages:        436884 kB
Mapped:           322836 kB
Shmem:               256 kB
Slab:              56488 kB
SReclaimable:      17180 kB
SUnreclaim:        39308 kB
KernelStack:       15952 kB
PageTables:        27476 kB
NFS_Unstable:          0 kB
Bounce:                0 kB
WritebackTmp:          0 kB
CommitLimit:     1242116 kB
Committed_AS:   56799584 kB
VmallocTotal:     409600 kB
VmallocUsed:       34460 kB
VmallocChunk:      90140 kB
Time pass: 47 sec

---2015-12-08 16:16:17
MemTotal:        1959952 kB
MemFree:           84592 kB
Buffers:            1236 kB
Cached:          1003400 kB
SwapCached:         1188 kB
Active:           780072 kB
Inactive:         671480 kB
Active(anon):     279620 kB
Inactive(anon):   169324 kB
Active(file):     500452 kB
Inactive(file):   502156 kB
Unevictable:        1744 kB
Mlocked:               0 kB
HighTotal:       1372556 kB
HighFree:          24884 kB
LowTotal:         587396 kB
LowFree:           59708 kB
SwapTotal:        262140 kB
SwapFree:         213420 kB
Dirty:              1796 kB
Writeback:             0 kB
AnonPages:        448656 kB
Mapped:           340040 kB
Shmem:               256 kB
Slab:              56676 kB
SReclaimable:      17172 kB
SUnreclaim:        39504 kB
KernelStack:       15984 kB
PageTables:        27596 kB
NFS_Unstable:          0 kB
Bounce:                0 kB
WritebackTmp:          0 kB
CommitLimit:     1242116 kB
Committed_AS:   56811768 kB
VmallocTotal:     409600 kB
VmallocUsed:       33576 kB
VmallocChunk:      90140 kB
Time pass: 51 sec

---2015-12-08 16:16:17
MemTotal:        1959952 kB
MemFree:           83176 kB
Buffers:            1236 kB
Cached:          1003524 kB
SwapCached:         1188 kB
Active:           772084 kB
Inactive:         671536 kB
Active(anon):     271576 kB
Inactive(anon):   169324 kB
Active(file):     500508 kB
Inactive(file):   502212 kB
Unevictable:        1744 kB
Mlocked:               0 kB
HighTotal:       1372556 kB
HighFree:          25968 kB
LowTotal:         587396 kB
LowFree:           57208 kB
SwapTotal:        262140 kB
SwapFree:         213420 kB
Dirty:               644 kB
Writeback:             0 kB
AnonPages:        441024 kB
Mapped:           346272 kB
Shmem:               256 kB
Slab:              56536 kB
SReclaimable:      17240 kB
SUnreclaim:        39296 kB
KernelStack:       15984 kB
PageTables:        27636 kB
NFS_Unstable:          0 kB
Bounce:                0 kB
WritebackTmp:          0 kB
CommitLimit:     1242116 kB
Committed_AS:   56804264 kB
VmallocTotal:     409600 kB
VmallocUsed:       33612 kB
VmallocChunk:      90140 kB
Time pass: 54 sec

---2015-12-08 16:16:17
MemTotal:        1959952 kB
MemFree:          106928 kB
Buffers:            1004 kB
Cached:           968924 kB
SwapCached:         1188 kB
Active:           752324 kB
Inactive:         656140 kB
Active(anon):     268268 kB
Inactive(anon):   172088 kB
Active(file):     484056 kB
Inactive(file):   484052 kB
Unevictable:        1744 kB
Mlocked:               0 kB
HighTotal:       1372556 kB
HighFree:          42208 kB
LowTotal:         587396 kB
LowFree:           64720 kB
SwapTotal:        262140 kB
SwapFree:         211304 kB
Dirty:               708 kB
Writeback:             0 kB
AnonPages:        440072 kB
Mapped:           349008 kB
Shmem:               256 kB
Slab:              56420 kB
SReclaimable:      16972 kB
SUnreclaim:        39448 kB
KernelStack:       15984 kB
PageTables:        27644 kB
NFS_Unstable:          0 kB
Bounce:                0 kB
WritebackTmp:          0 kB
CommitLimit:     1242116 kB
Committed_AS:   56805560 kB
VmallocTotal:     409600 kB
VmallocUsed:       33648 kB
VmallocChunk:      90140 kB
Time pass: 58 sec

---2015-12-08 16:16:17
MemTotal:        1959952 kB
MemFree:          106236 kB
Buffers:            1004 kB
Cached:           969032 kB
SwapCached:         1188 kB
Active:           752584 kB
Inactive:         656200 kB
Active(anon):     268492 kB
Inactive(anon):   172068 kB
Active(file):     484092 kB
Inactive(file):   484132 kB
Unevictable:        1744 kB
Mlocked:               0 kB
HighTotal:       1372556 kB
HighFree:          41836 kB
LowTotal:         587396 kB
LowFree:           64400 kB
SwapTotal:        262140 kB
SwapFree:         211304 kB
Dirty:               692 kB
Writeback:             0 kB
AnonPages:        440284 kB
Mapped:           349176 kB
Shmem:               256 kB
Slab:              56712 kB
SReclaimable:      17220 kB
SUnreclaim:        39492 kB
KernelStack:       15984 kB
PageTables:        27648 kB
NFS_Unstable:          0 kB
Bounce:                0 kB
WritebackTmp:          0 kB
CommitLimit:     1242116 kB
Committed_AS:   56805620 kB
VmallocTotal:     409600 kB
VmallocUsed:       33648 kB
VmallocChunk:      90140 kB
Time pass: 62 sec

---2015-12-08 16:16:17
MemTotal:        1959952 kB
MemFree:           89392 kB
Buffers:            1004 kB
Cached:           969792 kB
SwapCached:         1188 kB
Active:           759004 kB
Inactive:         656452 kB
Active(anon):     274356 kB
Inactive(anon):   172316 kB
Active(file):     484648 kB
Inactive(file):   484136 kB
Unevictable:        1744 kB
Mlocked:               0 kB
HighTotal:       1372556 kB
HighFree:          32624 kB
LowTotal:         587396 kB
LowFree:           56768 kB
SwapTotal:        262140 kB
SwapFree:         211304 kB
Dirty:               728 kB
Writeback:           152 kB
AnonPages:        446296 kB
Mapped:           359584 kB
Shmem:               256 kB
Slab:              56952 kB
SReclaimable:      17140 kB
SUnreclaim:        39812 kB
KernelStack:       15984 kB
PageTables:        27660 kB
NFS_Unstable:          0 kB
Bounce:                0 kB
WritebackTmp:          0 kB
CommitLimit:     1242116 kB
Committed_AS:   56811808 kB
VmallocTotal:     409600 kB
VmallocUsed:       33688 kB
VmallocChunk:      90140 kB
Time pass: 66 sec

---2015-12-08 16:16:17
MemTotal:        1959952 kB
MemFree:           93780 kB
Buffers:            1004 kB
Cached:           950596 kB
SwapCached:         1188 kB
Active:           752068 kB
Inactive:         650020 kB
Active(anon):     280120 kB
Inactive(anon):   172640 kB
Active(file):     471948 kB
Inactive(file):   477380 kB
Unevictable:        1744 kB
Mlocked:               0 kB
HighTotal:       1372556 kB
HighFree:          36808 kB
LowTotal:         587396 kB
LowFree:           56972 kB
SwapTotal:        262140 kB
SwapFree:         210220 kB
Dirty:              1052 kB
Writeback:             0 kB
AnonPages:        452148 kB
Mapped:           365828 kB
Shmem:               256 kB
Slab:              56984 kB
SReclaimable:      17216 kB
SUnreclaim:        39768 kB
KernelStack:       16024 kB
PageTables:        27736 kB
NFS_Unstable:          0 kB
Bounce:                0 kB
WritebackTmp:          0 kB
CommitLimit:     1242116 kB
Committed_AS:   56825036 kB
VmallocTotal:     409600 kB
VmallocUsed:       33724 kB
VmallocChunk:      90140 kB
Time pass: 70 sec

---2015-12-08 16:16:17
MemTotal:        1959952 kB
MemFree:           98840 kB
Buffers:            1004 kB
Cached:           924216 kB
SwapCached:         1844 kB
Active:           747920 kB
Inactive:         637076 kB
Active(anon):     286392 kB
Inactive(anon):   175516 kB
Active(file):     461528 kB
Inactive(file):   461560 kB
Unevictable:        1744 kB
Mlocked:               0 kB
HighTotal:       1372556 kB
HighFree:          37480 kB
LowTotal:         587396 kB
LowFree:           61360 kB
SwapTotal:        262140 kB
SwapFree:         209372 kB
Dirty:               912 kB
Writeback:             0 kB
AnonPages:        461348 kB
Mapped:           366336 kB
Shmem:               388 kB
Slab:              56024 kB
SReclaimable:      16816 kB
SUnreclaim:        39208 kB
KernelStack:       16192 kB
PageTables:        27884 kB
NFS_Unstable:          0 kB
Bounce:                0 kB
WritebackTmp:          0 kB
CommitLimit:     1242116 kB
Committed_AS:   56844732 kB
VmallocTotal:     409600 kB
VmallocUsed:       36132 kB
VmallocChunk:      90140 kB
Time pass: 76 sec

---2015-12-08 16:16:17
MemTotal:        1959952 kB
MemFree:          118704 kB
Buffers:            1004 kB
Cached:           870792 kB
SwapCached:         1844 kB
Active:           716288 kB
Inactive:         619672 kB
Active(anon):     288820 kB
Inactive(anon):   177308 kB
Active(file):     427468 kB
Inactive(file):   442364 kB
Unevictable:        1744 kB
Mlocked:               0 kB
HighTotal:       1372556 kB
HighFree:          51772 kB
LowTotal:         587396 kB
LowFree:           66932 kB
SwapTotal:        262140 kB
SwapFree:         208396 kB
Dirty:               848 kB
Writeback:             0 kB
AnonPages:        465568 kB
Mapped:           364548 kB
Shmem:               444 kB
Slab:              55712 kB
SReclaimable:      16576 kB
SUnreclaim:        39136 kB
KernelStack:       16184 kB
PageTables:        28040 kB
NFS_Unstable:          0 kB
Bounce:                0 kB
WritebackTmp:          0 kB
CommitLimit:     1242116 kB
Committed_AS:   56848800 kB
VmallocTotal:     409600 kB
VmallocUsed:       36132 kB
VmallocChunk:      90140 kB
Time pass: 79 sec

---2015-12-08 16:16:17
MemTotal:        1959952 kB
MemFree:          117712 kB
Buffers:            1004 kB
Cached:           870708 kB
SwapCached:         1844 kB
Active:           716988 kB
Inactive:         619548 kB
Active(anon):     289716 kB
Inactive(anon):   177448 kB
Active(file):     427272 kB
Inactive(file):   442100 kB
Unevictable:        1744 kB
Mlocked:               0 kB
HighTotal:       1372556 kB
HighFree:          51092 kB
LowTotal:         587396 kB
LowFree:           66620 kB
SwapTotal:        262140 kB
SwapFree:         208396 kB
Dirty:               848 kB
Writeback:             0 kB
AnonPages:        466436 kB
Mapped:           364628 kB
Shmem:               596 kB
Slab:              56172 kB
SReclaimable:      16944 kB
SUnreclaim:        39228 kB
KernelStack:       16184 kB
PageTables:        28040 kB
NFS_Unstable:          0 kB
Bounce:                0 kB
WritebackTmp:          0 kB
CommitLimit:     1242116 kB
Committed_AS:   56849420 kB
VmallocTotal:     409600 kB
VmallocUsed:       36132 kB
VmallocChunk:      90140 kB
Time pass: 83 sec

---2015-12-08 16:16:17
MemTotal:        1959952 kB
MemFree:          117744 kB
Buffers:            1004 kB
Cached:           870784 kB
SwapCached:         1844 kB
Active:           717092 kB
Inactive:         619600 kB
Active(anon):     289820 kB
Inactive(anon):   177500 kB
Active(file):     427272 kB
Inactive(file):   442100 kB
Unevictable:        1744 kB
Mlocked:               0 kB
HighTotal:       1372556 kB
HighFree:          50952 kB
LowTotal:         587396 kB
LowFree:           66792 kB
SwapTotal:        262140 kB
SwapFree:         208396 kB
Dirty:               848 kB
Writeback:             0 kB
AnonPages:        466304 kB
Mapped:           364768 kB
Shmem:               672 kB
Slab:              56032 kB
SReclaimable:      16880 kB
SUnreclaim:        39152 kB
KernelStack:       16160 kB
PageTables:        28036 kB
NFS_Unstable:          0 kB
Bounce:                0 kB
WritebackTmp:          0 kB
CommitLimit:     1242116 kB
Committed_AS:   56849264 kB
VmallocTotal:     409600 kB
VmallocUsed:       36132 kB
VmallocChunk:      90140 kB
Time pass: 87 sec

---2015-12-08 16:16:17
MemTotal:        1959952 kB
MemFree:          111016 kB
Buffers:            1004 kB
Cached:           870772 kB
SwapCached:         1844 kB
Active:           717360 kB
Inactive:         619612 kB
Active(anon):     290088 kB
Inactive(anon):   177500 kB
Active(file):     427272 kB
Inactive(file):   442112 kB
Unevictable:        1744 kB
Mlocked:               0 kB
HighTotal:       1372556 kB
HighFree:          44136 kB
LowTotal:         587396 kB
LowFree:           66880 kB
SwapTotal:        262140 kB
SwapFree:         208396 kB
Dirty:               856 kB
Writeback:             0 kB
AnonPages:        466808 kB
Mapped:           364820 kB
Shmem:               648 kB
Slab:              55960 kB
SReclaimable:      16880 kB
SUnreclaim:        39080 kB
KernelStack:       16160 kB
PageTables:        27932 kB
NFS_Unstable:          0 kB
Bounce:                0 kB
WritebackTmp:          0 kB
CommitLimit:     1242116 kB
Committed_AS:   56849444 kB
VmallocTotal:     409600 kB
VmallocUsed:       36132 kB
VmallocChunk:      90140 kB
Time pass: 91 sec

---2015-12-08 16:16:17
MemTotal:        1959952 kB
MemFree:           95296 kB
Buffers:            1004 kB
Cached:           870772 kB
SwapCached:         1844 kB
Active:           718952 kB
Inactive:         619612 kB
Active(anon):     291680 kB
Inactive(anon):   177500 kB
Active(file):     427272 kB
Inactive(file):   442112 kB
Unevictable:        1744 kB
Mlocked:               0 kB
HighTotal:       1372556 kB
HighFree:          36824 kB
LowTotal:         587396 kB
LowFree:           58472 kB
SwapTotal:        262140 kB
SwapFree:         208396 kB
Dirty:               856 kB
Writeback:             0 kB
AnonPages:        468180 kB
Mapped:           365160 kB
Shmem:               648 kB
Slab:              56020 kB
SReclaimable:      16880 kB
SUnreclaim:        39140 kB
KernelStack:       16160 kB
PageTables:        28048 kB
NFS_Unstable:          0 kB
Bounce:                0 kB
WritebackTmp:          0 kB
CommitLimit:     1242116 kB
Committed_AS:   56851916 kB
VmallocTotal:     409600 kB
VmallocUsed:       36132 kB
VmallocChunk:      90140 kB
Time pass: 94 sec

---2015-12-08 16:16:17
MemTotal:        1959952 kB
MemFree:           94808 kB
Buffers:            1004 kB
Cached:           870772 kB
SwapCached:         1844 kB
Active:           719004 kB
Inactive:         619612 kB
Active(anon):     291732 kB
Inactive(anon):   177500 kB
Active(file):     427272 kB
Inactive(file):   442112 kB
Unevictable:        1744 kB
Mlocked:               0 kB
HighTotal:       1372556 kB
HighFree:          36172 kB
LowTotal:         587396 kB
LowFree:           58636 kB
SwapTotal:        262140 kB
SwapFree:         208396 kB
Dirty:               856 kB
Writeback:             0 kB
AnonPages:        468364 kB
Mapped:           365220 kB
Shmem:               648 kB
Slab:              55956 kB
SReclaimable:      16880 kB
SUnreclaim:        39076 kB
KernelStack:       16160 kB
PageTables:        28052 kB
NFS_Unstable:          0 kB
Bounce:                0 kB
WritebackTmp:          0 kB
CommitLimit:     1242116 kB
Committed_AS:   56851960 kB
VmallocTotal:     409600 kB
VmallocUsed:       36132 kB
VmallocChunk:      90140 kB
Time pass: 98 sec

---2015-12-08 16:16:17
MemTotal:        1959952 kB
MemFree:           94408 kB
Buffers:            1004 kB
Cached:           870800 kB
SwapCached:         1844 kB
Active:           719188 kB
Inactive:         619640 kB
Active(anon):     291916 kB
Inactive(anon):   177528 kB
Active(file):     427272 kB
Inactive(file):   442112 kB
Unevictable:        1744 kB
Mlocked:               0 kB
HighTotal:       1372556 kB
HighFree:          35964 kB
LowTotal:         587396 kB
LowFree:           58444 kB
SwapTotal:        262140 kB
SwapFree:         208396 kB
Dirty:               856 kB
Writeback:             0 kB
AnonPages:        468420 kB
Mapped:           365176 kB
Shmem:               676 kB
Slab:              56148 kB
SReclaimable:      16880 kB
SUnreclaim:        39268 kB
KernelStack:       16160 kB
PageTables:        28048 kB
NFS_Unstable:          0 kB
Bounce:                0 kB
WritebackTmp:          0 kB
CommitLimit:     1242116 kB
Committed_AS:   56852020 kB
VmallocTotal:     409600 kB
VmallocUsed:       36132 kB
VmallocChunk:      90140 kB
Time pass: 102 sec

---2015-12-08 16:16:17
MemTotal:        1959952 kB
MemFree:           93280 kB
Buffers:            1004 kB
Cached:           870828 kB
SwapCached:         1844 kB
Active:           720132 kB
Inactive:         619668 kB
Active(anon):     292860 kB
Inactive(anon):   177556 kB
Active(file):     427272 kB
Inactive(file):   442112 kB
Unevictable:        1744 kB
Mlocked:               0 kB
HighTotal:       1372556 kB
HighFree:          34948 kB
LowTotal:         587396 kB
LowFree:           58332 kB
SwapTotal:        262140 kB
SwapFree:         208396 kB
Dirty:               856 kB
Writeback:             0 kB
AnonPages:        469492 kB
Mapped:           365280 kB
Shmem:               704 kB
Slab:              56020 kB
SReclaimable:      16880 kB
SUnreclaim:        39140 kB
KernelStack:       16152 kB
PageTables:        28052 kB
NFS_Unstable:          0 kB
Bounce:                0 kB
WritebackTmp:          0 kB
CommitLimit:     1242116 kB
Committed_AS:   56853104 kB
VmallocTotal:     409600 kB
VmallocUsed:       36132 kB
VmallocChunk:      90140 kB
Time pass: 106 sec

---2015-12-08 16:16:17
MemTotal:        1959952 kB
MemFree:           94712 kB
Buffers:            1004 kB
Cached:           870836 kB
SwapCached:         1984 kB
Active:           719224 kB
Inactive:         619380 kB
Active(anon):     291948 kB
Inactive(anon):   177268 kB
Active(file):     427276 kB
Inactive(file):   442112 kB
Unevictable:        1744 kB
Mlocked:               0 kB
HighTotal:       1372556 kB
HighFree:          35180 kB
LowTotal:         587396 kB
LowFree:           59532 kB
SwapTotal:        262140 kB
SwapFree:         208448 kB
Dirty:               856 kB
Writeback:             0 kB
AnonPages:        468316 kB
Mapped:           365160 kB
Shmem:               708 kB
Slab:              55920 kB
SReclaimable:      16880 kB
SUnreclaim:        39040 kB
KernelStack:       16144 kB
PageTables:        28048 kB
NFS_Unstable:          0 kB
Bounce:                0 kB
WritebackTmp:          0 kB
CommitLimit:     1242116 kB
Committed_AS:   56852048 kB
VmallocTotal:     409600 kB
VmallocUsed:       36132 kB
VmallocChunk:      90140 kB
Time pass: 109 sec

---2015-12-08 16:16:17
MemTotal:        1959952 kB
MemFree:          100148 kB
Buffers:            1120 kB
Cached:           874012 kB
SwapCached:         2004 kB
Active:           703960 kB
Inactive:         622208 kB
Active(anon):     276516 kB
Inactive(anon):   176508 kB
Active(file):     427444 kB
Inactive(file):   445700 kB
Unevictable:        1744 kB
Mlocked:               0 kB
HighTotal:       1372556 kB
HighFree:          40052 kB
LowTotal:         587396 kB
LowFree:           60096 kB
SwapTotal:        262140 kB
SwapFree:         208456 kB
Dirty:                84 kB
Writeback:           184 kB
AnonPages:        452384 kB
Mapped:           363800 kB
Shmem:               256 kB
Slab:              55900 kB
SReclaimable:      16880 kB
SUnreclaim:        39020 kB
KernelStack:       16056 kB
PageTables:        27320 kB
NFS_Unstable:          0 kB
Bounce:                0 kB
WritebackTmp:          0 kB
CommitLimit:     1242116 kB
Committed_AS:   55872704 kB
VmallocTotal:     409600 kB
VmallocUsed:       35092 kB
VmallocChunk:      90140 kB
Time pass: 113 sec

---2015-12-08 16:16:17
MemTotal:        1959952 kB
MemFree:          310012 kB
Buffers:            1120 kB
Cached:           874480 kB
SwapCached:         2008 kB
Active:           642456 kB
Inactive:         622304 kB
Active(anon):     214664 kB
Inactive(anon):   176380 kB
Active(file):     427792 kB
Inactive(file):   445924 kB
Unevictable:        1744 kB
Mlocked:               0 kB
HighTotal:       1372556 kB
HighFree:         177336 kB
LowTotal:         587396 kB
LowFree:          132676 kB
SwapTotal:        262140 kB
SwapFree:         208456 kB
Dirty:               244 kB
Writeback:             0 kB
AnonPages:        390332 kB
Mapped:           264236 kB
Shmem:               120 kB
Slab:              55936 kB
SReclaimable:      16880 kB
SUnreclaim:        39056 kB
KernelStack:       15232 kB
PageTables:        26128 kB
NFS_Unstable:          0 kB
Bounce:                0 kB
WritebackTmp:          0 kB
CommitLimit:     1242116 kB
Committed_AS:   54825276 kB
VmallocTotal:     409600 kB
VmallocUsed:       34364 kB
VmallocChunk:      90140 kB
Time pass: 117 sec

---2015-12-08 16:16:17
MemTotal:        1959952 kB
MemFree:          311772 kB
Buffers:            1120 kB
Cached:           874536 kB
SwapCached:         1996 kB
Active:           641572 kB
Inactive:         621304 kB
Active(anon):     213776 kB
Inactive(anon):   175312 kB
Active(file):     427796 kB
Inactive(file):   445992 kB
Unevictable:        1744 kB
Mlocked:               0 kB
HighTotal:       1372556 kB
HighFree:         176888 kB
LowTotal:         587396 kB
LowFree:          134884 kB
SwapTotal:        262140 kB
SwapFree:         208476 kB
Dirty:               256 kB
Writeback:             0 kB
AnonPages:        388312 kB
Mapped:           264256 kB
Shmem:               120 kB
Slab:              55888 kB
SReclaimable:      16880 kB
SUnreclaim:        39008 kB
KernelStack:       15200 kB
PageTables:        26108 kB
NFS_Unstable:          0 kB
Bounce:                0 kB
WritebackTmp:          0 kB
CommitLimit:     1242116 kB
Committed_AS:   54825588 kB
VmallocTotal:     409600 kB
VmallocUsed:       34364 kB
VmallocChunk:      90140 kB
Time pass: 120 sec

---2015-12-08 16:16:17
MemTotal:        1959952 kB
MemFree:          311680 kB
Buffers:            1120 kB
Cached:           874536 kB
SwapCached:         1996 kB
Active:           641476 kB
Inactive:         621296 kB
Active(anon):     213672 kB
Inactive(anon):   175312 kB
Active(file):     427804 kB
Inactive(file):   445984 kB
Unevictable:        1744 kB
Mlocked:               0 kB
HighTotal:       1372556 kB
HighFree:         176756 kB
LowTotal:         587396 kB
LowFree:          134924 kB
SwapTotal:        262140 kB
SwapFree:         208476 kB
Dirty:                16 kB
Writeback:             0 kB
AnonPages:        388408 kB
Mapped:           264244 kB
Shmem:               120 kB
Slab:              55876 kB
SReclaimable:      16880 kB
SUnreclaim:        38996 kB
KernelStack:       15176 kB
PageTables:        26104 kB
NFS_Unstable:          0 kB
Bounce:                0 kB
WritebackTmp:          0 kB
CommitLimit:     1242116 kB
Committed_AS:   54825572 kB
VmallocTotal:     409600 kB
VmallocUsed:       34364 kB
VmallocChunk:      90140 kB
Time pass: 124 sec

---2015-12-08 16:16:17
MemTotal:        1959952 kB
MemFree:          299320 kB
Buffers:            1120 kB
Cached:           874584 kB
SwapCached:         2040 kB
Active:           651940 kB
Inactive:         620056 kB
Active(anon):     222804 kB
Inactive(anon):   175308 kB
Active(file):     429136 kB
Inactive(file):   444748 kB
Unevictable:        1744 kB
Mlocked:               0 kB
HighTotal:       1372556 kB
HighFree:         165696 kB
LowTotal:         587396 kB
LowFree:          133624 kB
SwapTotal:        262140 kB
SwapFree:         208476 kB
Dirty:               548 kB
Writeback:             0 kB
AnonPages:        397756 kB
Mapped:           278852 kB
Shmem:               116 kB
Slab:              55824 kB
SReclaimable:      16888 kB
SUnreclaim:        38936 kB
KernelStack:       15208 kB
PageTables:        26496 kB
NFS_Unstable:          0 kB
Bounce:                0 kB
WritebackTmp:          0 kB
CommitLimit:     1242116 kB
Committed_AS:   55821480 kB
VmallocTotal:     409600 kB
VmallocUsed:       32092 kB
VmallocChunk:      90140 kB
Time pass: 128 sec

---2015-12-08 16:16:17
MemTotal:        1959952 kB
MemFree:          228364 kB
Buffers:            1120 kB
Cached:           874768 kB
SwapCached:         2040 kB
Active:           677096 kB
Inactive:         619696 kB
Active(anon):     247408 kB
Inactive(anon):   175464 kB
Active(file):     429688 kB
Inactive(file):   444232 kB
Unevictable:        1744 kB
Mlocked:               0 kB
HighTotal:       1372556 kB
HighFree:         118524 kB
LowTotal:         587396 kB
LowFree:          109840 kB
SwapTotal:        262140 kB
SwapFree:         208480 kB
Dirty:               936 kB
Writeback:            24 kB
AnonPages:        422944 kB
Mapped:           293324 kB
Shmem:               252 kB
Slab:              56292 kB
SReclaimable:      16920 kB
SUnreclaim:        39372 kB
KernelStack:       15768 kB
PageTables:        27004 kB
NFS_Unstable:          0 kB
Bounce:                0 kB
WritebackTmp:          0 kB
CommitLimit:     1242116 kB
Committed_AS:   55845964 kB
VmallocTotal:     409600 kB
VmallocUsed:       32220 kB
VmallocChunk:      90140 kB
Time pass: 131 sec

---2015-12-08 16:16:17
MemTotal:        1959952 kB
MemFree:          187216 kB
Buffers:            1120 kB
Cached:           876128 kB
SwapCached:         2040 kB
Active:           684444 kB
Inactive:         620220 kB
Active(anon):     254216 kB
Inactive(anon):   175324 kB
Active(file):     430228 kB
Inactive(file):   444896 kB
Unevictable:        1744 kB
Mlocked:               0 kB
HighTotal:       1372556 kB
HighFree:          99416 kB
LowTotal:         587396 kB
LowFree:           87800 kB
SwapTotal:        262140 kB
SwapFree:         208480 kB
Dirty:              1724 kB
Writeback:             0 kB
AnonPages:        429312 kB
Mapped:           300856 kB
Shmem:               256 kB
Slab:              56476 kB
SReclaimable:      16952 kB
SUnreclaim:        39524 kB
KernelStack:       15824 kB
PageTables:        27128 kB
NFS_Unstable:          0 kB
Bounce:                0 kB
WritebackTmp:          0 kB
CommitLimit:     1242116 kB
Committed_AS:   55854476 kB
VmallocTotal:     409600 kB
VmallocUsed:       32348 kB
VmallocChunk:      90140 kB
Time pass: 135 sec

---2015-12-08 16:16:17
MemTotal:        1959952 kB
MemFree:          144080 kB
Buffers:            1120 kB
Cached:           876784 kB
SwapCached:         2040 kB
Active:           687836 kB
Inactive:         619844 kB
Active(anon):     256452 kB
Inactive(anon):   175324 kB
Active(file):     431384 kB
Inactive(file):   444520 kB
Unevictable:        1744 kB
Mlocked:               0 kB
HighTotal:       1372556 kB
HighFree:          62136 kB
LowTotal:         587396 kB
LowFree:           81944 kB
SwapTotal:        262140 kB
SwapFree:         208480 kB
Dirty:               856 kB
Writeback:             0 kB
AnonPages:        431440 kB
Mapped:           334708 kB
Shmem:               256 kB
Slab:              56392 kB
SReclaimable:      16960 kB
SUnreclaim:        39432 kB
KernelStack:       15824 kB
PageTables:        27180 kB
NFS_Unstable:          0 kB
Bounce:                0 kB
WritebackTmp:          0 kB
CommitLimit:     1242116 kB
Committed_AS:   55857056 kB
VmallocTotal:     409600 kB
VmallocUsed:       32520 kB
VmallocChunk:      90140 kB
Time pass: 139 sec

---2015-12-08 16:16:17
MemTotal:        1959952 kB
MemFree:          129844 kB
Buffers:            1120 kB
Cached:           876896 kB
SwapCached:         2040 kB
Active:           689204 kB
Inactive:         619848 kB
Active(anon):     257752 kB
Inactive(anon):   175324 kB
Active(file):     431452 kB
Inactive(file):   444524 kB
Unevictable:        1744 kB
Mlocked:               0 kB
HighTotal:       1372556 kB
HighFree:          48020 kB
LowTotal:         587396 kB
LowFree:           81824 kB
SwapTotal:        262140 kB
SwapFree:         208480 kB
Dirty:               508 kB
Writeback:            72 kB
AnonPages:        432672 kB
Mapped:           345992 kB
Shmem:               256 kB
Slab:              56316 kB
SReclaimable:      16960 kB
SUnreclaim:        39356 kB
KernelStack:       15824 kB
PageTables:        27240 kB
NFS_Unstable:          0 kB
Bounce:                0 kB
WritebackTmp:          0 kB
CommitLimit:     1242116 kB
Committed_AS:   55858480 kB
VmallocTotal:     409600 kB
VmallocUsed:       32556 kB
VmallocChunk:      90140 kB
Time pass: 142 sec

---2015-12-08 16:16:17
MemTotal:        1959952 kB
MemFree:          115128 kB
Buffers:            1120 kB
Cached:           876796 kB
SwapCached:         2040 kB
Active:           700496 kB
Inactive:         619712 kB
Active(anon):     268964 kB
Inactive(anon):   175324 kB
Active(file):     431532 kB
Inactive(file):   444388 kB
Unevictable:        1744 kB
Mlocked:               0 kB
HighTotal:       1372556 kB
HighFree:          33832 kB
LowTotal:         587396 kB
LowFree:           81296 kB
SwapTotal:        262140 kB
SwapFree:         208480 kB
Dirty:               876 kB
Writeback:             0 kB
AnonPages:        443740 kB
Mapped:           351144 kB
Shmem:               256 kB
Slab:              56364 kB
SReclaimable:      16960 kB
SUnreclaim:        39404 kB
KernelStack:       15824 kB
PageTables:        27244 kB
NFS_Unstable:          0 kB
Bounce:                0 kB
WritebackTmp:          0 kB
CommitLimit:     1242116 kB
Committed_AS:   55869212 kB
VmallocTotal:     409600 kB
VmallocUsed:       32568 kB
VmallocChunk:      90140 kB
Time pass: 146 sec

---2015-12-08 16:16:17
MemTotal:        1959952 kB
MemFree:          106588 kB
Buffers:            1120 kB
Cached:           877004 kB
SwapCached:         2040 kB
Active:           695296 kB
Inactive:         619848 kB
Active(anon):     263732 kB
Inactive(anon):   175316 kB
Active(file):     431564 kB
Inactive(file):   444532 kB
Unevictable:        1744 kB
Mlocked:               0 kB
HighTotal:       1372556 kB
HighFree:          25552 kB
LowTotal:         587396 kB
LowFree:           81036 kB
SwapTotal:        262140 kB
SwapFree:         208480 kB
Dirty:              1116 kB
Writeback:             0 kB
AnonPages:        438676 kB
Mapped:           360152 kB
Shmem:               256 kB
Slab:              56568 kB
SReclaimable:      16960 kB
SUnreclaim:        39608 kB
KernelStack:       15840 kB
PageTables:        27292 kB
NFS_Unstable:          0 kB
Bounce:                0 kB
WritebackTmp:          0 kB
CommitLimit:     1242116 kB
Committed_AS:   55862820 kB
VmallocTotal:     409600 kB
VmallocUsed:       32632 kB
VmallocChunk:      90140 kB
Time pass: 149 sec

---2015-12-08 16:16:17
MemTotal:        1959952 kB
MemFree:          106332 kB
Buffers:            1120 kB
Cached:           877196 kB
SwapCached:         2040 kB
Active:           694984 kB
Inactive:         620048 kB
Active(anon):     263412 kB
Inactive(anon):   175304 kB
Active(file):     431572 kB
Inactive(file):   444744 kB
Unevictable:        1744 kB
Mlocked:               0 kB
HighTotal:       1372556 kB
HighFree:          25280 kB
LowTotal:         587396 kB
LowFree:           81052 kB
SwapTotal:        262140 kB
SwapFree:         208480 kB
Dirty:               628 kB
Writeback:             0 kB
AnonPages:        438228 kB
Mapped:           360256 kB
Shmem:               256 kB
Slab:              56536 kB
SReclaimable:      16960 kB
SUnreclaim:        39576 kB
KernelStack:       15840 kB
PageTables:        27304 kB
NFS_Unstable:          0 kB
Bounce:                0 kB
WritebackTmp:          0 kB
CommitLimit:     1242116 kB
Committed_AS:   55861596 kB
VmallocTotal:     409600 kB
VmallocUsed:       32632 kB
VmallocChunk:      90140 kB
Time pass: 153 sec

---2015-12-08 16:16:17
MemTotal:        1959952 kB
MemFree:          110580 kB
Buffers:            1120 kB
Cached:           877200 kB
SwapCached:         2040 kB
Active:           690900 kB
Inactive:         620036 kB
Active(anon):     259324 kB
Inactive(anon):   175292 kB
Active(file):     431576 kB
Inactive(file):   444744 kB
Unevictable:        1744 kB
Mlocked:               0 kB
HighTotal:       1372556 kB
HighFree:          29284 kB
LowTotal:         587396 kB
LowFree:           81296 kB
SwapTotal:        262140 kB
SwapFree:         208480 kB
Dirty:               636 kB
Writeback:             0 kB
AnonPages:        434212 kB
Mapped:           360916 kB
Shmem:               256 kB
Slab:              56424 kB
SReclaimable:      16960 kB
SUnreclaim:        39464 kB
KernelStack:       15824 kB
PageTables:        27292 kB
NFS_Unstable:          0 kB
Bounce:                0 kB
WritebackTmp:          0 kB
CommitLimit:     1242116 kB
Committed_AS:   55868600 kB
VmallocTotal:     409600 kB
VmallocUsed:       32632 kB
VmallocChunk:      90140 kB
Time pass: 158 sec

---2015-12-08 16:16:17
MemTotal:        1959952 kB
MemFree:          102760 kB
Buffers:            1120 kB
Cached:           877380 kB
SwapCached:         2040 kB
Active:           699792 kB
Inactive:         619228 kB
Active(anon):     267232 kB
Inactive(anon):   175424 kB
Active(file):     432560 kB
Inactive(file):   443804 kB
Unevictable:        1744 kB
Mlocked:               0 kB
HighTotal:       1372556 kB
HighFree:          24012 kB
LowTotal:         587396 kB
LowFree:           78748 kB
SwapTotal:        262140 kB
SwapFree:         208480 kB
Dirty:               640 kB
Writeback:             0 kB
AnonPages:        442104 kB
Mapped:           363532 kB
Shmem:               392 kB
Slab:              56180 kB
SReclaimable:      16960 kB
SUnreclaim:        39220 kB
KernelStack:       16048 kB
PageTables:        27472 kB
NFS_Unstable:          0 kB
Bounce:                0 kB
WritebackTmp:          0 kB
CommitLimit:     1242116 kB
Committed_AS:   55887664 kB
VmallocTotal:     409600 kB
VmallocUsed:       32632 kB
VmallocChunk:      90140 kB
Time pass: 161 sec

---2015-12-08 16:16:17
MemTotal:        1959952 kB
MemFree:           98924 kB
Buffers:            1120 kB
Cached:           877552 kB
SwapCached:         2040 kB
Active:           700976 kB
Inactive:         619396 kB
Active(anon):     268412 kB
Inactive(anon):   175592 kB
Active(file):     432564 kB
Inactive(file):   443804 kB
Unevictable:        1744 kB
Mlocked:               0 kB
HighTotal:       1372556 kB
HighFree:          26192 kB
LowTotal:         587396 kB
LowFree:           72732 kB
SwapTotal:        262140 kB
SwapFree:         208480 kB
Dirty:               632 kB
Writeback:             0 kB
AnonPages:        443304 kB
Mapped:           363536 kB
Shmem:               560 kB
Slab:              56100 kB
SReclaimable:      16960 kB
SUnreclaim:        39140 kB
KernelStack:       16048 kB
PageTables:        27612 kB
NFS_Unstable:          0 kB
Bounce:                0 kB
WritebackTmp:          0 kB
CommitLimit:     1242116 kB
Committed_AS:   55888008 kB
VmallocTotal:     409600 kB
VmallocUsed:       32632 kB
VmallocChunk:      90140 kB
Time pass: 169 sec

---2015-12-08 16:16:17
MemTotal:        1959952 kB
MemFree:           92656 kB
Buffers:            1120 kB
Cached:           877776 kB
SwapCached:         2040 kB
Active:           709220 kB
Inactive:         619592 kB
Active(anon):     276628 kB
Inactive(anon):   175732 kB
Active(file):     432592 kB
Inactive(file):   443860 kB
Unevictable:        1744 kB
Mlocked:               0 kB
HighTotal:       1372556 kB
HighFree:          24164 kB
LowTotal:         587396 kB
LowFree:           68492 kB
SwapTotal:        262140 kB
SwapFree:         208480 kB
Dirty:               660 kB
Writeback:             0 kB
AnonPages:        451608 kB
Mapped:           363704 kB
Shmem:               700 kB
Slab:              56220 kB
SReclaimable:      16960 kB
SUnreclaim:        39260 kB
KernelStack:       16088 kB
PageTables:        27624 kB
NFS_Unstable:          0 kB
Bounce:                0 kB
WritebackTmp:          0 kB
CommitLimit:     1242116 kB
Committed_AS:   55903612 kB
VmallocTotal:     409600 kB
VmallocUsed:       32632 kB
VmallocChunk:      90140 kB
Time pass: 173 sec

---2015-12-08 16:16:17
MemTotal:        1959952 kB
MemFree:          120264 kB
Buffers:            1436 kB
Cached:           873032 kB
SwapCached:         2040 kB
Active:           714816 kB
Inactive:         620116 kB
Active(anon):     286624 kB
Inactive(anon):   176264 kB
Active(file):     428192 kB
Inactive(file):   443852 kB
Unevictable:        1744 kB
Mlocked:               0 kB
HighTotal:       1372556 kB
HighFree:          40976 kB
LowTotal:         587396 kB
LowFree:           79288 kB
SwapTotal:        262140 kB
SwapFree:         208376 kB
Dirty:               680 kB
Writeback:             0 kB
AnonPages:        461728 kB
Mapped:           367736 kB
Shmem:               584 kB
Slab:              55564 kB
SReclaimable:      16468 kB
SUnreclaim:        39096 kB
KernelStack:       16216 kB
PageTables:        27920 kB
NFS_Unstable:          0 kB
Bounce:                0 kB
WritebackTmp:          0 kB
CommitLimit:     1242116 kB
Committed_AS:   56865948 kB
VmallocTotal:     409600 kB
VmallocUsed:       32632 kB
VmallocChunk:      90140 kB
Time pass: 177 sec

---2015-12-08 16:16:17
MemTotal:        1959952 kB
MemFree:          125336 kB
Buffers:            1436 kB
Cached:           872780 kB
SwapCached:         2040 kB
Active:           712124 kB
Inactive:         619936 kB
Active(anon):     284136 kB
Inactive(anon):   176040 kB
Active(file):     427988 kB
Inactive(file):   443896 kB
Unevictable:        1744 kB
Mlocked:               0 kB
HighTotal:       1372556 kB
HighFree:          43708 kB
LowTotal:         587396 kB
LowFree:           81628 kB
SwapTotal:        262140 kB
SwapFree:         208376 kB
Dirty:               716 kB
Writeback:             0 kB
AnonPages:        459264 kB
Mapped:           361064 kB
Shmem:               588 kB
Slab:              55924 kB
SReclaimable:      16892 kB
SUnreclaim:        39032 kB
KernelStack:       16104 kB
PageTables:        27556 kB
NFS_Unstable:          0 kB
Bounce:                0 kB
WritebackTmp:          0 kB
CommitLimit:     1242116 kB
Committed_AS:   55903488 kB
VmallocTotal:     409600 kB
VmallocUsed:       32632 kB
VmallocChunk:      90140 kB
Time pass: 181 sec

---2015-12-08 16:16:17
MemTotal:        1959952 kB
MemFree:          122984 kB
Buffers:            1436 kB
Cached:           872780 kB
SwapCached:         2040 kB
Active:           716524 kB
Inactive:         617368 kB
Active(anon):     285968 kB
Inactive(anon):   176040 kB
Active(file):     430556 kB
Inactive(file):   441328 kB
Unevictable:        1744 kB
Mlocked:               0 kB
HighTotal:       1372556 kB
HighFree:          40736 kB
LowTotal:         587396 kB
LowFree:           82248 kB
SwapTotal:        262140 kB
SwapFree:         208376 kB
Dirty:               736 kB
Writeback:             0 kB
AnonPages:        461440 kB
Mapped:           361140 kB
Shmem:               588 kB
Slab:              55972 kB
SReclaimable:      16908 kB
SUnreclaim:        39064 kB
KernelStack:       16096 kB
PageTables:        27560 kB
NFS_Unstable:          0 kB
Bounce:                0 kB
WritebackTmp:          0 kB
CommitLimit:     1242116 kB
Committed_AS:   55904852 kB
VmallocTotal:     409600 kB
VmallocUsed:       32632 kB
VmallocChunk:      90140 kB
Time pass: 185 sec

---2015-12-08 16:16:17
MemTotal:        1959952 kB
MemFree:          121576 kB
Buffers:            1436 kB
Cached:           872848 kB
SwapCached:         2040 kB
Active:           718116 kB
Inactive:         617432 kB
Active(anon):     287572 kB
Inactive(anon):   176044 kB
Active(file):     430544 kB
Inactive(file):   441388 kB
Unevictable:        1744 kB
Mlocked:               0 kB
HighTotal:       1372556 kB
HighFree:          38320 kB
LowTotal:         587396 kB
LowFree:           83256 kB
SwapTotal:        262140 kB
SwapFree:         208380 kB
Dirty:               788 kB
Writeback:             0 kB
AnonPages:        462756 kB
Mapped:           361084 kB
Shmem:               608 kB
Slab:              56060 kB
SReclaimable:      16924 kB
SUnreclaim:        39136 kB
KernelStack:       16088 kB
PageTables:        27584 kB
NFS_Unstable:          0 kB
Bounce:                0 kB
WritebackTmp:          0 kB
CommitLimit:     1242116 kB
Committed_AS:   55915760 kB
VmallocTotal:     409600 kB
VmallocUsed:       32632 kB
VmallocChunk:      90140 kB
Time pass: 189 sec

---2015-12-08 16:16:17
MemTotal:        1959952 kB
MemFree:          119920 kB
Buffers:            1436 kB
Cached:           874032 kB
SwapCached:         2040 kB
Active:           717960 kB
Inactive:         618592 kB
Active(anon):     287404 kB
Inactive(anon):   176104 kB
Active(file):     430556 kB
Inactive(file):   442488 kB
Unevictable:        1744 kB
Mlocked:               0 kB
HighTotal:       1372556 kB
HighFree:          32640 kB
LowTotal:         587396 kB
LowFree:           87280 kB
SwapTotal:        262140 kB
SwapFree:         208380 kB
Dirty:               784 kB
Writeback:             0 kB
AnonPages:        462568 kB
Mapped:           361412 kB
Shmem:               680 kB
Slab:              56044 kB
SReclaimable:      16932 kB
SUnreclaim:        39112 kB
KernelStack:       16088 kB
PageTables:        27584 kB
NFS_Unstable:          0 kB
Bounce:                0 kB
WritebackTmp:          0 kB
CommitLimit:     1242116 kB
Committed_AS:   55912840 kB
VmallocTotal:     409600 kB
VmallocUsed:       32632 kB
VmallocChunk:      90140 kB
Time pass: 193 sec

---2015-12-08 16:16:17
MemTotal:        1959952 kB
MemFree:          123712 kB
Buffers:            1436 kB
Cached:           874040 kB
SwapCached:         2040 kB
Active:           714020 kB
Inactive:         618596 kB
Active(anon):     283464 kB
Inactive(anon):   176108 kB
Active(file):     430556 kB
Inactive(file):   442488 kB
Unevictable:        1744 kB
Mlocked:               0 kB
HighTotal:       1372556 kB
HighFree:          35396 kB
LowTotal:         587396 kB
LowFree:           88316 kB
SwapTotal:        262140 kB
SwapFree:         208380 kB
Dirty:               772 kB
Writeback:             0 kB
AnonPages:        458556 kB
Mapped:           361396 kB
Shmem:               688 kB
Slab:              56084 kB
SReclaimable:      16940 kB
SUnreclaim:        39144 kB
KernelStack:       16096 kB
PageTables:        27596 kB
NFS_Unstable:          0 kB
Bounce:                0 kB
WritebackTmp:          0 kB
CommitLimit:     1242116 kB
Committed_AS:   55911920 kB
VmallocTotal:     409600 kB
VmallocUsed:       32632 kB
VmallocChunk:      90140 kB
Time pass: 198 sec

---2015-12-08 16:16:17
MemTotal:        1959952 kB
MemFree:          123900 kB
Buffers:            1436 kB
Cached:           874040 kB
SwapCached:         2040 kB
Active:           714424 kB
Inactive:         618596 kB
Active(anon):     283868 kB
Inactive(anon):   176108 kB
Active(file):     430556 kB
Inactive(file):   442488 kB
Unevictable:        1744 kB
Mlocked:               0 kB
HighTotal:       1372556 kB
HighFree:          34412 kB
LowTotal:         587396 kB
LowFree:           89488 kB
SwapTotal:        262140 kB
SwapFree:         208380 kB
Dirty:               784 kB
Writeback:             0 kB
AnonPages:        459140 kB
Mapped:           361412 kB
Shmem:               688 kB
Slab:              56180 kB
SReclaimable:      16940 kB
SUnreclaim:        39240 kB
KernelStack:       16288 kB
PageTables:        27684 kB
NFS_Unstable:          0 kB
Bounce:                0 kB
WritebackTmp:          0 kB
CommitLimit:     1242116 kB
Committed_AS:   55920224 kB
VmallocTotal:     409600 kB
VmallocUsed:       32632 kB
VmallocChunk:      90140 kB
Time pass: 201 sec

---2015-12-08 16:16:17
MemTotal:        1959952 kB
MemFree:          123976 kB
Buffers:            1436 kB
Cached:           874056 kB
SwapCached:         2040 kB
Active:           714116 kB
Inactive:         618608 kB
Active(anon):     283556 kB
Inactive(anon):   176108 kB
Active(file):     430560 kB
Inactive(file):   442500 kB
Unevictable:        1744 kB
Mlocked:               0 kB
HighTotal:       1372556 kB
HighFree:          34288 kB
LowTotal:         587396 kB
LowFree:           89688 kB
SwapTotal:        262140 kB
SwapFree:         208380 kB
Dirty:               764 kB
Writeback:             0 kB
AnonPages:        458936 kB
Mapped:           361432 kB
Shmem:               688 kB
Slab:              56068 kB
SReclaimable:      16956 kB
SUnreclaim:        39112 kB
KernelStack:       16056 kB
PageTables:        27588 kB
NFS_Unstable:          0 kB
Bounce:                0 kB
WritebackTmp:          0 kB
CommitLimit:     1242116 kB
Committed_AS:   55912044 kB
VmallocTotal:     409600 kB
VmallocUsed:       32632 kB
VmallocChunk:      90140 kB
Time pass: 205 sec

---2015-12-08 16:16:17
MemTotal:        1959952 kB
MemFree:          123476 kB
Buffers:            1436 kB
Cached:           874092 kB
SwapCached:         2040 kB
Active:           715688 kB
Inactive:         618644 kB
Active(anon):     285128 kB
Inactive(anon):   176108 kB
Active(file):     430560 kB
Inactive(file):   442536 kB
Unevictable:        1744 kB
Mlocked:               0 kB
HighTotal:       1372556 kB
HighFree:          33632 kB
LowTotal:         587396 kB
LowFree:           89844 kB
SwapTotal:        262140 kB
SwapFree:         208380 kB
Dirty:               788 kB
Writeback:             0 kB
AnonPages:        460432 kB
Mapped:           361352 kB
Shmem:               688 kB
Slab:              56044 kB
SReclaimable:      16964 kB
SUnreclaim:        39080 kB
KernelStack:       16072 kB
PageTables:        27584 kB
NFS_Unstable:          0 kB
Bounce:                0 kB
WritebackTmp:          0 kB
CommitLimit:     1242116 kB
Committed_AS:   55912040 kB
VmallocTotal:     409600 kB
VmallocUsed:       32632 kB
VmallocChunk:      90140 kB
Time pass: 209 sec

---2015-12-08 16:16:17
MemTotal:        1959952 kB
MemFree:          122380 kB
Buffers:            1436 kB
Cached:           874092 kB
SwapCached:         2040 kB
Active:           715416 kB
Inactive:         618632 kB
Active(anon):     284852 kB
Inactive(anon):   176100 kB
Active(file):     430564 kB
Inactive(file):   442532 kB
Unevictable:        1744 kB
Mlocked:               0 kB
HighTotal:       1372556 kB
HighFree:          32668 kB
LowTotal:         587396 kB
LowFree:           89712 kB
SwapTotal:        262140 kB
SwapFree:         208380 kB
Dirty:               768 kB
Writeback:             0 kB
AnonPages:        460168 kB
Mapped:           361432 kB
Shmem:               688 kB
Slab:              56200 kB
SReclaimable:      16964 kB
SUnreclaim:        39236 kB
KernelStack:       16072 kB
PageTables:        27580 kB
NFS_Unstable:          0 kB
Bounce:                0 kB
WritebackTmp:          0 kB
CommitLimit:     1242116 kB
Committed_AS:   55909872 kB
VmallocTotal:     409600 kB
VmallocUsed:       32632 kB
VmallocChunk:      90140 kB
Time pass: 213 sec

---2015-12-08 16:16:17
MemTotal:        1959952 kB
MemFree:          123152 kB
Buffers:            1436 kB
Cached:           874092 kB
SwapCached:         2040 kB
Active:           714856 kB
Inactive:         618636 kB
Active(anon):     284296 kB
Inactive(anon):   176100 kB
Active(file):     430560 kB
Inactive(file):   442536 kB
Unevictable:        1744 kB
Mlocked:               0 kB
HighTotal:       1372556 kB
HighFree:          33168 kB
LowTotal:         587396 kB
LowFree:           89984 kB
SwapTotal:        262140 kB
SwapFree:         208380 kB
Dirty:               788 kB
Writeback:             0 kB
AnonPages:        459308 kB
Mapped:           361480 kB
Shmem:               688 kB
Slab:              56140 kB
SReclaimable:      16964 kB
SUnreclaim:        39176 kB
KernelStack:       16072 kB
PageTables:        27600 kB
NFS_Unstable:          0 kB
Bounce:                0 kB
WritebackTmp:          0 kB
CommitLimit:     1242116 kB
Committed_AS:   55909932 kB
VmallocTotal:     409600 kB
VmallocUsed:       32632 kB
VmallocChunk:      90140 kB
Time pass: 217 sec

---2015-12-08 16:16:17
MemTotal:        1959952 kB
MemFree:          121088 kB
Buffers:            1436 kB
Cached:           874132 kB
SwapCached:         2040 kB
Active:           717036 kB
Inactive:         618672 kB
Active(anon):     286476 kB
Inactive(anon):   176136 kB
Active(file):     430560 kB
Inactive(file):   442536 kB
Unevictable:        1744 kB
Mlocked:               0 kB
HighTotal:       1372556 kB
HighFree:          31092 kB
LowTotal:         587396 kB
LowFree:           89996 kB
SwapTotal:        262140 kB
SwapFree:         208380 kB
Dirty:               792 kB
Writeback:             0 kB
AnonPages:        461980 kB
Mapped:           361424 kB
Shmem:               724 kB
Slab:              56172 kB
SReclaimable:      16964 kB
SUnreclaim:        39208 kB
KernelStack:       16224 kB
PageTables:        27672 kB
NFS_Unstable:          0 kB
Bounce:                0 kB
WritebackTmp:          0 kB
CommitLimit:     1242116 kB
Committed_AS:   55911308 kB
VmallocTotal:     409600 kB
VmallocUsed:       32632 kB
VmallocChunk:      90140 kB
Time pass: 221 sec

---2015-12-08 16:16:17
MemTotal:        1959952 kB
MemFree:          117824 kB
Buffers:            1436 kB
Cached:           874244 kB
SwapCached:         2040 kB
Active:           720516 kB
Inactive:         618784 kB
Active(anon):     289952 kB
Inactive(anon):   176252 kB
Active(file):     430564 kB
Inactive(file):   442532 kB
Unevictable:        1744 kB
Mlocked:               0 kB
HighTotal:       1372556 kB
HighFree:          27948 kB
LowTotal:         587396 kB
LowFree:           89876 kB
SwapTotal:        262140 kB
SwapFree:         208380 kB
Dirty:               768 kB
Writeback:             0 kB
AnonPages:        465144 kB
Mapped:           365456 kB
Shmem:               840 kB
Slab:              56076 kB
SReclaimable:      16964 kB
SUnreclaim:        39112 kB
KernelStack:       16040 kB
PageTables:        27888 kB
NFS_Unstable:          0 kB
Bounce:                0 kB
WritebackTmp:          0 kB
CommitLimit:     1242116 kB
Committed_AS:   56872088 kB
VmallocTotal:     409600 kB
VmallocUsed:       33652 kB
VmallocChunk:      90140 kB
Time pass: 225 sec

---2015-12-08 16:16:17
MemTotal:        1959952 kB
MemFree:          120036 kB
Buffers:            1436 kB
Cached:           874244 kB
SwapCached:         2040 kB
Active:           718344 kB
Inactive:         618784 kB
Active(anon):     287780 kB
Inactive(anon):   176252 kB
Active(file):     430564 kB
Inactive(file):   442532 kB
Unevictable:        1744 kB
Mlocked:               0 kB
HighTotal:       1372556 kB
HighFree:          29836 kB
LowTotal:         587396 kB
LowFree:           90200 kB
SwapTotal:        262140 kB
SwapFree:         208380 kB
Dirty:               768 kB
Writeback:             0 kB
AnonPages:        463232 kB
Mapped:           361576 kB
Shmem:               840 kB
Slab:              56236 kB
SReclaimable:      16964 kB
SUnreclaim:        39272 kB
KernelStack:       16040 kB
PageTables:        27600 kB
NFS_Unstable:          0 kB
Bounce:                0 kB
WritebackTmp:          0 kB
CommitLimit:     1242116 kB
Committed_AS:   55911360 kB
VmallocTotal:     409600 kB
VmallocUsed:       32632 kB
VmallocChunk:      90140 kB
Time pass: 229 sec

---2015-12-08 16:16:17
MemTotal:        1959952 kB
MemFree:          119028 kB
Buffers:            1436 kB
Cached:           874248 kB
SwapCached:         2040 kB
Active:           719272 kB
Inactive:         618784 kB
Active(anon):     288708 kB
Inactive(anon):   176248 kB
Active(file):     430564 kB
Inactive(file):   442536 kB
Unevictable:        1744 kB
Mlocked:               0 kB
HighTotal:       1372556 kB
HighFree:          28404 kB
LowTotal:         587396 kB
LowFree:           90624 kB
SwapTotal:        262140 kB
SwapFree:         208380 kB
Dirty:               768 kB
Writeback:             0 kB
AnonPages:        463780 kB
Mapped:           361584 kB
Shmem:               840 kB
Slab:              56036 kB
SReclaimable:      16924 kB
SUnreclaim:        39112 kB
KernelStack:       16040 kB
PageTables:        27600 kB
NFS_Unstable:          0 kB
Bounce:                0 kB
WritebackTmp:          0 kB
CommitLimit:     1242116 kB
Committed_AS:   55911448 kB
VmallocTotal:     409600 kB
VmallocUsed:       32632 kB
VmallocChunk:      90140 kB
Time pass: 233 sec

---2015-12-08 16:16:17
MemTotal:        1959952 kB
MemFree:          118636 kB
Buffers:            1436 kB
Cached:           874248 kB
SwapCached:         2040 kB
Active:           719924 kB
Inactive:         618788 kB
Active(anon):     289364 kB
Inactive(anon):   176248 kB
Active(file):     430560 kB
Inactive(file):   442540 kB
Unevictable:        1744 kB
Mlocked:               0 kB
HighTotal:       1372556 kB
HighFree:          27856 kB
LowTotal:         587396 kB
LowFree:           90780 kB
SwapTotal:        262140 kB
SwapFree:         208380 kB
Dirty:               788 kB
Writeback:             0 kB
AnonPages:        464592 kB
Mapped:           361584 kB
Shmem:               840 kB
Slab:              56000 kB
SReclaimable:      16924 kB
SUnreclaim:        39076 kB
KernelStack:       16040 kB
PageTables:        27596 kB
NFS_Unstable:          0 kB
Bounce:                0 kB
WritebackTmp:          0 kB
CommitLimit:     1242116 kB
Committed_AS:   55911520 kB
VmallocTotal:     409600 kB
VmallocUsed:       32632 kB
VmallocChunk:      90140 kB
Time pass: 237 sec

---2015-12-08 16:16:17
MemTotal:        1959952 kB
MemFree:          118308 kB
Buffers:            1436 kB
Cached:           874264 kB
SwapCached:         2040 kB
Active:           720412 kB
Inactive:         618796 kB
Active(anon):     289844 kB
Inactive(anon):   176248 kB
Active(file):     430568 kB
Inactive(file):   442548 kB
Unevictable:        1744 kB
Mlocked:               0 kB
HighTotal:       1372556 kB
HighFree:          27364 kB
LowTotal:         587396 kB
LowFree:           90944 kB
SwapTotal:        262140 kB
SwapFree:         208380 kB
Dirty:               788 kB
Writeback:             0 kB
AnonPages:        465064 kB
Mapped:           361664 kB
Shmem:               840 kB
Slab:              55996 kB
SReclaimable:      16924 kB
SUnreclaim:        39072 kB
KernelStack:       16040 kB
PageTables:        27596 kB
NFS_Unstable:          0 kB
Bounce:                0 kB
WritebackTmp:          0 kB
CommitLimit:     1242116 kB
Committed_AS:   55912632 kB
VmallocTotal:     409600 kB
VmallocUsed:       32632 kB
VmallocChunk:      90140 kB
Time pass: 241 sec

---2015-12-08 16:16:17
MemTotal:        1959952 kB
MemFree:          122836 kB
Buffers:            1436 kB
Cached:           874268 kB
SwapCached:         2040 kB
Active:           715308 kB
Inactive:         618800 kB
Active(anon):     284740 kB
Inactive(anon):   176248 kB
Active(file):     430568 kB
Inactive(file):   442552 kB
Unevictable:        1744 kB
Mlocked:               0 kB
HighTotal:       1372556 kB
HighFree:          32004 kB
LowTotal:         587396 kB
LowFree:           90832 kB
SwapTotal:        262140 kB
SwapFree:         208380 kB
Dirty:               792 kB
Writeback:             0 kB
AnonPages:        459880 kB
Mapped:           361772 kB
Shmem:               840 kB
Slab:              56092 kB
SReclaimable:      16924 kB
SUnreclaim:        39168 kB
KernelStack:       16040 kB
PageTables:        27592 kB
NFS_Unstable:          0 kB
Bounce:                0 kB
WritebackTmp:          0 kB
CommitLimit:     1242116 kB
Committed_AS:   55911328 kB
VmallocTotal:     409600 kB
VmallocUsed:       32632 kB
VmallocChunk:      90140 kB
Time pass: 245 sec

---2015-12-08 16:16:17
MemTotal:        1959952 kB
MemFree:          123776 kB
Buffers:            1436 kB
Cached:           874268 kB
SwapCached:         2040 kB
Active:           715424 kB
Inactive:         618796 kB
Active(anon):     284856 kB
Inactive(anon):   176244 kB
Active(file):     430568 kB
Inactive(file):   442552 kB
Unevictable:        1744 kB
Mlocked:               0 kB
HighTotal:       1372556 kB
HighFree:          32964 kB
LowTotal:         587396 kB
LowFree:           90812 kB
SwapTotal:        262140 kB
SwapFree:         208380 kB
Dirty:               792 kB
Writeback:             0 kB
AnonPages:        460212 kB
Mapped:           361540 kB
Shmem:               840 kB
Slab:              56060 kB
SReclaimable:      16924 kB
SUnreclaim:        39136 kB
KernelStack:       16176 kB
PageTables:        27664 kB
NFS_Unstable:          0 kB
Bounce:                0 kB
WritebackTmp:          0 kB
CommitLimit:     1242116 kB
Committed_AS:   55911260 kB
VmallocTotal:     409600 kB
VmallocUsed:       32632 kB
VmallocChunk:      90140 kB
Time pass: 249 sec

---2015-12-08 16:16:17
MemTotal:        1959952 kB
MemFree:          122596 kB
Buffers:            1436 kB
Cached:           874268 kB
SwapCached:         2040 kB
Active:           716992 kB
Inactive:         618792 kB
Active(anon):     286420 kB
Inactive(anon):   176244 kB
Active(file):     430572 kB
Inactive(file):   442548 kB
Unevictable:        1744 kB
Mlocked:               0 kB
HighTotal:       1372556 kB
HighFree:          31552 kB
LowTotal:         587396 kB
LowFree:           91044 kB
SwapTotal:        262140 kB
SwapFree:         208380 kB
Dirty:               792 kB
Writeback:             0 kB
AnonPages:        461952 kB
Mapped:           364840 kB
Shmem:               840 kB
Slab:              55992 kB
SReclaimable:      16924 kB
SUnreclaim:        39068 kB
KernelStack:       16048 kB
PageTables:        27748 kB
NFS_Unstable:          0 kB
Bounce:                0 kB
WritebackTmp:          0 kB
CommitLimit:     1242116 kB
Committed_AS:   56871180 kB
VmallocTotal:     409600 kB
VmallocUsed:       33652 kB
VmallocChunk:      90140 kB
Time pass: 253 sec

---2015-12-08 16:16:17
MemTotal:        1959952 kB
MemFree:          122568 kB
Buffers:            1436 kB
Cached:           874272 kB
SwapCached:         2040 kB
Active:           716104 kB
Inactive:         618800 kB
Active(anon):     285536 kB
Inactive(anon):   176248 kB
Active(file):     430568 kB
Inactive(file):   442552 kB
Unevictable:        1744 kB
Mlocked:               0 kB
HighTotal:       1372556 kB
HighFree:          31712 kB
LowTotal:         587396 kB
LowFree:           90856 kB
SwapTotal:        262140 kB
SwapFree:         208380 kB
Dirty:               812 kB
Writeback:             0 kB
AnonPages:        460572 kB
Mapped:           361592 kB
Shmem:               844 kB
Slab:              56052 kB
SReclaimable:      16924 kB
SUnreclaim:        39128 kB
KernelStack:       16048 kB
PageTables:        27600 kB
NFS_Unstable:          0 kB
Bounce:                0 kB
WritebackTmp:          0 kB
CommitLimit:     1242116 kB
Committed_AS:   55911352 kB
VmallocTotal:     409600 kB
VmallocUsed:       32632 kB
VmallocChunk:      90140 kB
Time pass: 257 sec

---2015-12-08 16:16:17
MemTotal:        1959952 kB
MemFree:          121268 kB
Buffers:            1436 kB
Cached:           874276 kB
SwapCached:         2040 kB
Active:           716984 kB
Inactive:         618800 kB
Active(anon):     286416 kB
Inactive(anon):   176248 kB
Active(file):     430568 kB
Inactive(file):   442552 kB
Unevictable:        1744 kB
Mlocked:               0 kB
HighTotal:       1372556 kB
HighFree:          30536 kB
LowTotal:         587396 kB
LowFree:           90732 kB
SwapTotal:        262140 kB
SwapFree:         208380 kB
Dirty:               812 kB
Writeback:             0 kB
AnonPages:        461752 kB
Mapped:           361596 kB
Shmem:               848 kB
Slab:              56052 kB
SReclaimable:      16924 kB
SUnreclaim:        39128 kB
KernelStack:       16048 kB
PageTables:        27596 kB
NFS_Unstable:          0 kB
Bounce:                0 kB
WritebackTmp:          0 kB
CommitLimit:     1242116 kB
Committed_AS:   55912564 kB
VmallocTotal:     409600 kB
VmallocUsed:       32632 kB
VmallocChunk:      90140 kB
Time pass: 261 sec

---2015-12-08 16:16:17
MemTotal:        1959952 kB
MemFree:          120804 kB
Buffers:            1436 kB
Cached:           874276 kB
SwapCached:         2040 kB
Active:           718596 kB
Inactive:         618800 kB
Active(anon):     288028 kB
Inactive(anon):   176248 kB
Active(file):     430568 kB
Inactive(file):   442552 kB
Unevictable:        1744 kB
Mlocked:               0 kB
HighTotal:       1372556 kB
HighFree:          29852 kB
LowTotal:         587396 kB
LowFree:           90952 kB
SwapTotal:        262140 kB
SwapFree:         208380 kB
Dirty:               812 kB
Writeback:             0 kB
AnonPages:        463236 kB
Mapped:           361596 kB
Shmem:               848 kB
Slab:              56080 kB
SReclaimable:      16924 kB
SUnreclaim:        39156 kB
KernelStack:       16048 kB
PageTables:        27596 kB
NFS_Unstable:          0 kB
Bounce:                0 kB
WritebackTmp:          0 kB
CommitLimit:     1242116 kB
Committed_AS:   55912856 kB
VmallocTotal:     409600 kB
VmallocUsed:       32632 kB
VmallocChunk:      90140 kB
Time pass: 265 sec

---2015-12-08 16:16:17
MemTotal:        1959952 kB
MemFree:          119136 kB
Buffers:            1436 kB
Cached:           874356 kB
SwapCached:         2040 kB
Active:           719792 kB
Inactive:         618880 kB
Active(anon):     289224 kB
Inactive(anon):   176296 kB
Active(file):     430568 kB
Inactive(file):   442584 kB
Unevictable:        1744 kB
Mlocked:               0 kB
HighTotal:       1372556 kB
HighFree:          28188 kB
LowTotal:         587396 kB
LowFree:           90948 kB
SwapTotal:        262140 kB
SwapFree:         208380 kB
Dirty:               824 kB
Writeback:             0 kB
AnonPages:        464544 kB
Mapped:           361668 kB
Shmem:               896 kB
Slab:              56080 kB
SReclaimable:      16924 kB
SUnreclaim:        39156 kB
KernelStack:       16040 kB
PageTables:        27596 kB
NFS_Unstable:          0 kB
Bounce:                0 kB
WritebackTmp:          0 kB
CommitLimit:     1242116 kB
Committed_AS:   55912832 kB
VmallocTotal:     409600 kB
VmallocUsed:       32632 kB
VmallocChunk:      90140 kB
Time pass: 269 sec

---2015-12-08 16:16:17
MemTotal:        1959952 kB
MemFree:          118060 kB
Buffers:            1436 kB
Cached:           874356 kB
SwapCached:         2040 kB
Active:           720888 kB
Inactive:         618880 kB
Active(anon):     290320 kB
Inactive(anon):   176296 kB
Active(file):     430568 kB
Inactive(file):   442584 kB
Unevictable:        1744 kB
Mlocked:               0 kB
HighTotal:       1372556 kB
HighFree:          27120 kB
LowTotal:         587396 kB
LowFree:           90940 kB
SwapTotal:        262140 kB
SwapFree:         208380 kB
Dirty:               812 kB
Writeback:             0 kB
AnonPages:        465580 kB
Mapped:           361668 kB
Shmem:               896 kB
Slab:              56080 kB
SReclaimable:      16924 kB
SUnreclaim:        39156 kB
KernelStack:       16048 kB
PageTables:        27592 kB
NFS_Unstable:          0 kB
Bounce:                0 kB
WritebackTmp:          0 kB
CommitLimit:     1242116 kB
Committed_AS:   55912840 kB
VmallocTotal:     409600 kB
VmallocUsed:       32632 kB
VmallocChunk:      90140 kB
Time pass: 273 sec

---2015-12-08 16:16:17
MemTotal:        1959952 kB
MemFree:          117504 kB
Buffers:            1436 kB
Cached:           874356 kB
SwapCached:         2040 kB
Active:           721332 kB
Inactive:         618880 kB
Active(anon):     290764 kB
Inactive(anon):   176296 kB
Active(file):     430568 kB
Inactive(file):   442584 kB
Unevictable:        1744 kB
Mlocked:               0 kB
HighTotal:       1372556 kB
HighFree:          27000 kB
LowTotal:         587396 kB
LowFree:           90504 kB
SwapTotal:        262140 kB
SwapFree:         208380 kB
Dirty:               812 kB
Writeback:             0 kB
AnonPages:        465892 kB
Mapped:           361656 kB
Shmem:               896 kB
Slab:              56016 kB
SReclaimable:      16924 kB
SUnreclaim:        39092 kB
KernelStack:       16176 kB
PageTables:        27512 kB
NFS_Unstable:          0 kB
Bounce:                0 kB
WritebackTmp:          0 kB
CommitLimit:     1242116 kB
Committed_AS:   55913112 kB
VmallocTotal:     409600 kB
VmallocUsed:       32632 kB
VmallocChunk:      90140 kB
Time pass: 277 sec

---2015-12-08 16:16:17
MemTotal:        1959952 kB
MemFree:          112200 kB
Buffers:            1436 kB
Cached:           874360 kB
SwapCached:         2040 kB
Active:           725064 kB
Inactive:         618888 kB
Active(anon):     294500 kB
Inactive(anon):   176296 kB
Active(file):     430564 kB
Inactive(file):   442592 kB
Unevictable:        1744 kB
Mlocked:               0 kB
HighTotal:       1372556 kB
HighFree:          24176 kB
LowTotal:         587396 kB
LowFree:           88024 kB
SwapTotal:        262140 kB
SwapFree:         208380 kB
Dirty:               800 kB
Writeback:             0 kB
AnonPages:        469872 kB
Mapped:           365244 kB
Shmem:               896 kB
Slab:              56144 kB
SReclaimable:      16924 kB
SUnreclaim:        39220 kB
KernelStack:       16024 kB
PageTables:        27908 kB
NFS_Unstable:          0 kB
Bounce:                0 kB
WritebackTmp:          0 kB
CommitLimit:     1242116 kB
Committed_AS:   56873436 kB
VmallocTotal:     409600 kB
VmallocUsed:       33652 kB
VmallocChunk:      90140 kB
Time pass: 281 sec

---2015-12-08 16:16:17
MemTotal:        1959952 kB
MemFree:          113228 kB
Buffers:            1436 kB
Cached:           874360 kB
SwapCached:         2040 kB
Active:           723504 kB
Inactive:         618880 kB
Active(anon):     292940 kB
Inactive(anon):   176288 kB
Active(file):     430564 kB
Inactive(file):   442592 kB
Unevictable:        1744 kB
Mlocked:               0 kB
HighTotal:       1372556 kB
HighFree:          24688 kB
LowTotal:         587396 kB
LowFree:           88540 kB
SwapTotal:        262140 kB
SwapFree:         208380 kB
Dirty:               804 kB
Writeback:             0 kB
AnonPages:        468340 kB
Mapped:           361776 kB
Shmem:               896 kB
Slab:              56048 kB
SReclaimable:      16924 kB
SUnreclaim:        39124 kB
KernelStack:       16024 kB
PageTables:        27612 kB
NFS_Unstable:          0 kB
Bounce:                0 kB
WritebackTmp:          0 kB
CommitLimit:     1242116 kB
Committed_AS:   55913596 kB
VmallocTotal:     409600 kB
VmallocUsed:       32632 kB
VmallocChunk:      90140 kB
Time pass: 285 sec

---2015-12-08 16:16:17
MemTotal:        1959952 kB
MemFree:          112168 kB
Buffers:            1436 kB
Cached:           874360 kB
SwapCached:         2040 kB
Active:           724568 kB
Inactive:         618880 kB
Active(anon):     294004 kB
Inactive(anon):   176288 kB
Active(file):     430564 kB
Inactive(file):   442592 kB
Unevictable:        1744 kB
Mlocked:               0 kB
HighTotal:       1372556 kB
HighFree:          24116 kB
LowTotal:         587396 kB
LowFree:           88052 kB
SwapTotal:        262140 kB
SwapFree:         208380 kB
Dirty:               804 kB
Writeback:             0 kB
AnonPages:        469356 kB
Mapped:           361668 kB
Shmem:               896 kB
Slab:              56080 kB
SReclaimable:      16924 kB
SUnreclaim:        39156 kB
KernelStack:       16024 kB
PageTables:        27616 kB
NFS_Unstable:          0 kB
Bounce:                0 kB
WritebackTmp:          0 kB
CommitLimit:     1242116 kB
Committed_AS:   55913608 kB
VmallocTotal:     409600 kB
VmallocUsed:       32632 kB
VmallocChunk:      90140 kB
Time pass: 289 sec

---2015-12-08 16:16:17
MemTotal:        1959952 kB
MemFree:          111640 kB
Buffers:            1436 kB
Cached:           874376 kB
SwapCached:         2040 kB
Active:           725848 kB
Inactive:         618896 kB
Active(anon):     295284 kB
Inactive(anon):   176304 kB
Active(file):     430564 kB
Inactive(file):   442592 kB
Unevictable:        1744 kB
Mlocked:               0 kB
HighTotal:       1372556 kB
HighFree:          25056 kB
LowTotal:         587396 kB
LowFree:           86584 kB
SwapTotal:        262140 kB
SwapFree:         208380 kB
Dirty:               804 kB
Writeback:             0 kB
AnonPages:        470552 kB
Mapped:           361716 kB
Shmem:               912 kB
Slab:              56088 kB
SReclaimable:      16932 kB
SUnreclaim:        39156 kB
KernelStack:       16008 kB
PageTables:        27620 kB
NFS_Unstable:          0 kB
Bounce:                0 kB
WritebackTmp:          0 kB
CommitLimit:     1242116 kB
Committed_AS:   55913868 kB
VmallocTotal:     409600 kB
VmallocUsed:       32632 kB
VmallocChunk:      90140 kB
Time pass: 293 sec

---2015-12-08 16:16:17
MemTotal:        1959952 kB
MemFree:          109920 kB
Buffers:            1436 kB
Cached:           874376 kB
SwapCached:         2040 kB
Active:           727124 kB
Inactive:         618896 kB
Active(anon):     296560 kB
Inactive(anon):   176304 kB
Active(file):     430564 kB
Inactive(file):   442592 kB
Unevictable:        1744 kB
Mlocked:               0 kB
HighTotal:       1372556 kB
HighFree:          25232 kB
LowTotal:         587396 kB
LowFree:           84688 kB
SwapTotal:        262140 kB
SwapFree:         208380 kB
Dirty:               804 kB
Writeback:             0 kB
AnonPages:        471588 kB
Mapped:           361756 kB
Shmem:               912 kB
Slab:              56096 kB
SReclaimable:      16940 kB
SUnreclaim:        39156 kB
KernelStack:       16000 kB
PageTables:        27604 kB
NFS_Unstable:          0 kB
Bounce:                0 kB
WritebackTmp:          0 kB
CommitLimit:     1242116 kB
Committed_AS:   55912816 kB
VmallocTotal:     409600 kB
VmallocUsed:       32632 kB
VmallocChunk:      90140 kB
Time pass: 297 sec

---2015-12-08 16:16:17
MemTotal:        1959952 kB
MemFree:          107656 kB
Buffers:            1436 kB
Cached:           874620 kB
SwapCached:         2040 kB
Active:           728404 kB
Inactive:         619136 kB
Active(anon):     297840 kB
Inactive(anon):   176300 kB
Active(file):     430564 kB
Inactive(file):   442836 kB
Unevictable:        1744 kB
Mlocked:               0 kB
HighTotal:       1372556 kB
HighFree:          24492 kB
LowTotal:         587396 kB
LowFree:           83164 kB
SwapTotal:        262140 kB
SwapFree:         208380 kB
Dirty:               828 kB
Writeback:             0 kB
AnonPages:        473140 kB
Mapped:           361788 kB
Shmem:               912 kB
Slab:              56032 kB
SReclaimable:      16940 kB
SUnreclaim:        39092 kB
KernelStack:       16016 kB
PageTables:        27612 kB
NFS_Unstable:          0 kB
Bounce:                0 kB
WritebackTmp:          0 kB
CommitLimit:     1242116 kB
Committed_AS:   55912632 kB
VmallocTotal:     409600 kB
VmallocUsed:       32632 kB
VmallocChunk:      90140 kB
Time pass: 301 sec

---2015-12-08 16:16:17
MemTotal:        1959952 kB
MemFree:          108800 kB
Buffers:            1436 kB
Cached:           874620 kB
SwapCached:         2040 kB
Active:           727688 kB
Inactive:         619128 kB
Active(anon):     297116 kB
Inactive(anon):   176300 kB
Active(file):     430572 kB
Inactive(file):   442828 kB
Unevictable:        1744 kB
Mlocked:               0 kB
HighTotal:       1372556 kB
HighFree:          25676 kB
LowTotal:         587396 kB
LowFree:           83124 kB
SwapTotal:        262140 kB
SwapFree:         208380 kB
Dirty:               828 kB
Writeback:             0 kB
AnonPages:        472208 kB
Mapped:           361788 kB
Shmem:               912 kB
Slab:              56128 kB
SReclaimable:      16940 kB
SUnreclaim:        39188 kB
KernelStack:       16016 kB
PageTables:        27608 kB
NFS_Unstable:          0 kB
Bounce:                0 kB
WritebackTmp:          0 kB
CommitLimit:     1242116 kB
Committed_AS:   55911532 kB
VmallocTotal:     409600 kB
VmallocUsed:       32632 kB
VmallocChunk:      90140 kB
Time pass: 305 sec

---2015-12-08 16:16:17
MemTotal:        1959952 kB
MemFree:          107268 kB
Buffers:            1436 kB
Cached:           874620 kB
SwapCached:         2040 kB
Active:           729724 kB
Inactive:         619128 kB
Active(anon):     299152 kB
Inactive(anon):   176300 kB
Active(file):     430572 kB
Inactive(file):   442828 kB
Unevictable:        1744 kB
Mlocked:               0 kB
HighTotal:       1372556 kB
HighFree:          24204 kB
LowTotal:         587396 kB
LowFree:           83064 kB
SwapTotal:        262140 kB
SwapFree:         208380 kB
Dirty:               816 kB
Writeback:             0 kB
AnonPages:        474516 kB
Mapped:           364948 kB
Shmem:               912 kB
Slab:              56128 kB
SReclaimable:      16940 kB
SUnreclaim:        39188 kB
KernelStack:       16112 kB
PageTables:        27936 kB
NFS_Unstable:          0 kB
Bounce:                0 kB
WritebackTmp:          0 kB
CommitLimit:     1242116 kB
Committed_AS:   56872552 kB
VmallocTotal:     409600 kB
VmallocUsed:       32632 kB
VmallocChunk:      90140 kB
Time pass: 309 sec

---2015-12-08 16:16:17
MemTotal:        1959952 kB
MemFree:          108164 kB
Buffers:            1436 kB
Cached:           874620 kB
SwapCached:         2040 kB
Active:           727864 kB
Inactive:         619124 kB
Active(anon):     297288 kB
Inactive(anon):   176300 kB
Active(file):     430576 kB
Inactive(file):   442824 kB
Unevictable:        1744 kB
Mlocked:               0 kB
HighTotal:       1372556 kB
HighFree:          28528 kB
LowTotal:         587396 kB
LowFree:           79636 kB
SwapTotal:        262140 kB
SwapFree:         208380 kB
Dirty:               812 kB
Writeback:             0 kB
AnonPages:        472676 kB
Mapped:           361768 kB
Shmem:               912 kB
Slab:              56096 kB
SReclaimable:      16940 kB
SUnreclaim:        39156 kB
KernelStack:       16016 kB
PageTables:        27624 kB
NFS_Unstable:          0 kB
Bounce:                0 kB
WritebackTmp:          0 kB
CommitLimit:     1242116 kB
Committed_AS:   55912820 kB
VmallocTotal:     409600 kB
VmallocUsed:       32632 kB
VmallocChunk:      90140 kB
Time pass: 313 sec

---2015-12-08 16:16:17
MemTotal:        1959952 kB
MemFree:          116712 kB
Buffers:            1436 kB
Cached:           874624 kB
SwapCached:         2040 kB
Active:           718920 kB
Inactive:         619132 kB
Active(anon):     288348 kB
Inactive(anon):   176300 kB
Active(file):     430572 kB
Inactive(file):   442832 kB
Unevictable:        1744 kB
Mlocked:               0 kB
HighTotal:       1372556 kB
HighFree:          34440 kB
LowTotal:         587396 kB
LowFree:           82272 kB
SwapTotal:        262140 kB
SwapFree:         208380 kB
Dirty:               832 kB
Writeback:             0 kB
AnonPages:        463496 kB
Mapped:           361768 kB
Shmem:               912 kB
Slab:              56096 kB
SReclaimable:      16940 kB
SUnreclaim:        39156 kB
KernelStack:       16016 kB
PageTables:        27624 kB
NFS_Unstable:          0 kB
Bounce:                0 kB
WritebackTmp:          0 kB
CommitLimit:     1242116 kB
Committed_AS:   55912848 kB
VmallocTotal:     409600 kB
VmallocUsed:       32632 kB
VmallocChunk:      90140 kB
Time pass: 317 sec

---2015-12-08 16:16:17
MemTotal:        1959952 kB
MemFree:          117212 kB
Buffers:            1436 kB
Cached:           874624 kB
SwapCached:         2040 kB
Active:           718984 kB
Inactive:         619132 kB
Active(anon):     288412 kB
Inactive(anon):   176300 kB
Active(file):     430572 kB
Inactive(file):   442832 kB
Unevictable:        1744 kB
Mlocked:               0 kB
HighTotal:       1372556 kB
HighFree:          34328 kB
LowTotal:         587396 kB
LowFree:           82884 kB
SwapTotal:        262140 kB
SwapFree:         208380 kB
Dirty:               832 kB
Writeback:             0 kB
AnonPages:        463780 kB
Mapped:           361772 kB
Shmem:               912 kB
Slab:              56032 kB
SReclaimable:      16940 kB
SUnreclaim:        39092 kB
KernelStack:       16016 kB
PageTables:        27600 kB
NFS_Unstable:          0 kB
Bounce:                0 kB
WritebackTmp:          0 kB
CommitLimit:     1242116 kB
Committed_AS:   55912976 kB
VmallocTotal:     409600 kB
VmallocUsed:       32632 kB
VmallocChunk:      90140 kB
Time pass: 321 sec

---2015-12-08 16:16:17
MemTotal:        1959952 kB
MemFree:          116604 kB
Buffers:            1436 kB
Cached:           874624 kB
SwapCached:         2040 kB
Active:           720580 kB
Inactive:         619132 kB
Active(anon):     290008 kB
Inactive(anon):   176300 kB
Active(file):     430572 kB
Inactive(file):   442832 kB
Unevictable:        1744 kB
Mlocked:               0 kB
HighTotal:       1372556 kB
HighFree:          32468 kB
LowTotal:         587396 kB
LowFree:           84136 kB
SwapTotal:        262140 kB
SwapFree:         208380 kB
Dirty:               832 kB
Writeback:             0 kB
AnonPages:        465036 kB
Mapped:           361796 kB
Shmem:               912 kB
Slab:              56064 kB
SReclaimable:      16940 kB
SUnreclaim:        39124 kB
KernelStack:       16032 kB
PageTables:        27632 kB
NFS_Unstable:          0 kB
Bounce:                0 kB
WritebackTmp:          0 kB
CommitLimit:     1242116 kB
Committed_AS:   55913120 kB
VmallocTotal:     409600 kB
VmallocUsed:       32632 kB
VmallocChunk:      90140 kB
Time pass: 325 sec

---2015-12-08 16:16:17
MemTotal:        1959952 kB
MemFree:          116772 kB
Buffers:            1436 kB
Cached:           874624 kB
SwapCached:         2040 kB
Active:           720456 kB
Inactive:         619132 kB
Active(anon):     289884 kB
Inactive(anon):   176300 kB
Active(file):     430572 kB
Inactive(file):   442832 kB
Unevictable:        1744 kB
Mlocked:               0 kB
HighTotal:       1372556 kB
HighFree:          32496 kB
LowTotal:         587396 kB
LowFree:           84276 kB
SwapTotal:        262140 kB
SwapFree:         208380 kB
Dirty:               832 kB
Writeback:             0 kB
AnonPages:        464932 kB
Mapped:           361784 kB
Shmem:               912 kB
Slab:              56032 kB
SReclaimable:      16940 kB
SUnreclaim:        39092 kB
KernelStack:       16200 kB
PageTables:        27704 kB
NFS_Unstable:          0 kB
Bounce:                0 kB
WritebackTmp:          0 kB
CommitLimit:     1242116 kB
Committed_AS:   55912208 kB
VmallocTotal:     409600 kB
VmallocUsed:       32632 kB
VmallocChunk:      90140 kB
Time pass: 329 sec

---2015-12-08 16:16:17
MemTotal:        1959952 kB
MemFree:          112276 kB
Buffers:            1436 kB
Cached:           874648 kB
SwapCached:         2040 kB
Active:           724412 kB
Inactive:         619148 kB
Active(anon):     293832 kB
Inactive(anon):   176300 kB
Active(file):     430580 kB
Inactive(file):   442848 kB
Unevictable:        1744 kB
Mlocked:               0 kB
HighTotal:       1372556 kB
HighFree:          27412 kB
LowTotal:         587396 kB
LowFree:           84864 kB
SwapTotal:        262140 kB
SwapFree:         208380 kB
Dirty:               824 kB
Writeback:             0 kB
AnonPages:        469308 kB
Mapped:           366012 kB
Shmem:               912 kB
Slab:              56000 kB
SReclaimable:      16940 kB
SUnreclaim:        39060 kB
KernelStack:       16016 kB
PageTables:        27768 kB
NFS_Unstable:          0 kB
Bounce:                0 kB
WritebackTmp:          0 kB
CommitLimit:     1242116 kB
Committed_AS:   56874044 kB
VmallocTotal:     409600 kB
VmallocUsed:       32632 kB
VmallocChunk:      90140 kB
Time pass: 333 sec

---2015-12-08 16:16:17
MemTotal:        1959952 kB
MemFree:          114652 kB
Buffers:            1436 kB
Cached:           874648 kB
SwapCached:         2040 kB
Active:           721380 kB
Inactive:         619152 kB
Active(anon):     290804 kB
Inactive(anon):   176300 kB
Active(file):     430576 kB
Inactive(file):   442852 kB
Unevictable:        1744 kB
Mlocked:               0 kB
HighTotal:       1372556 kB
HighFree:          29272 kB
LowTotal:         587396 kB
LowFree:           85380 kB
SwapTotal:        262140 kB
SwapFree:         208380 kB
Dirty:               844 kB
Writeback:             0 kB
AnonPages:        465800 kB
Mapped:           361768 kB
Shmem:               912 kB
Slab:              55968 kB
SReclaimable:      16940 kB
SUnreclaim:        39028 kB
KernelStack:       16016 kB
PageTables:        27616 kB
NFS_Unstable:          0 kB
Bounce:                0 kB
WritebackTmp:          0 kB
CommitLimit:     1242116 kB
Committed_AS:   55912136 kB
VmallocTotal:     409600 kB
VmallocUsed:       32632 kB
VmallocChunk:      90140 kB
Time pass: 337 sec

---2015-12-08 16:16:17
MemTotal:        1959952 kB
MemFree:          114064 kB
Buffers:            1436 kB
Cached:           874648 kB
SwapCached:         2040 kB
Active:           722356 kB
Inactive:         619152 kB
Active(anon):     291780 kB
Inactive(anon):   176300 kB
Active(file):     430576 kB
Inactive(file):   442852 kB
Unevictable:        1744 kB
Mlocked:               0 kB
HighTotal:       1372556 kB
HighFree:          28816 kB
LowTotal:         587396 kB
LowFree:           85248 kB
SwapTotal:        262140 kB
SwapFree:         208380 kB
Dirty:               844 kB
Writeback:             0 kB
AnonPages:        466900 kB
Mapped:           361844 kB
Shmem:               912 kB
Slab:              56128 kB
SReclaimable:      16940 kB
SUnreclaim:        39188 kB
KernelStack:       16008 kB
PageTables:        27616 kB
NFS_Unstable:          0 kB
Bounce:                0 kB
WritebackTmp:          0 kB
CommitLimit:     1242116 kB
Committed_AS:   55912276 kB
VmallocTotal:     409600 kB
VmallocUsed:       32632 kB
VmallocChunk:      90140 kB
Time pass: 341 sec

---2015-12-08 16:16:17
MemTotal:        1959952 kB
MemFree:          112944 kB
Buffers:            1436 kB
Cached:           874696 kB
SwapCached:         2040 kB
Active:           723236 kB
Inactive:         619196 kB
Active(anon):     292660 kB
Inactive(anon):   176344 kB
Active(file):     430576 kB
Inactive(file):   442852 kB
Unevictable:        1744 kB
Mlocked:               0 kB
HighTotal:       1372556 kB
HighFree:          27000 kB
LowTotal:         587396 kB
LowFree:           85944 kB
SwapTotal:        262140 kB
SwapFree:         208380 kB
Dirty:               844 kB
Writeback:             0 kB
AnonPages:        467624 kB
Mapped:           361968 kB
Shmem:               960 kB
Slab:              56032 kB
SReclaimable:      16940 kB
SUnreclaim:        39092 kB
KernelStack:       16008 kB
PageTables:        27616 kB
NFS_Unstable:          0 kB
Bounce:                0 kB
WritebackTmp:          0 kB
CommitLimit:     1242116 kB
Committed_AS:   55912340 kB
VmallocTotal:     409600 kB
VmallocUsed:       32632 kB
VmallocChunk:      90140 kB
Time pass: 345 sec

---2015-12-08 16:16:17
MemTotal:        1959952 kB
MemFree:          112356 kB
Buffers:            1436 kB
Cached:           874696 kB
SwapCached:         2040 kB
Active:           724236 kB
Inactive:         619196 kB
Active(anon):     293660 kB
Inactive(anon):   176344 kB
Active(file):     430576 kB
Inactive(file):   442852 kB
Unevictable:        1744 kB
Mlocked:               0 kB
HighTotal:       1372556 kB
HighFree:          26832 kB
LowTotal:         587396 kB
LowFree:           85524 kB
SwapTotal:        262140 kB
SwapFree:         208380 kB
Dirty:               844 kB
Writeback:             0 kB
AnonPages:        468668 kB
Mapped:           361816 kB
Shmem:               960 kB
Slab:              56128 kB
SReclaimable:      16940 kB
SUnreclaim:        39188 kB
KernelStack:       16008 kB
PageTables:        27616 kB
NFS_Unstable:          0 kB
Bounce:                0 kB
WritebackTmp:          0 kB
CommitLimit:     1242116 kB
Committed_AS:   55912228 kB
VmallocTotal:     409600 kB
VmallocUsed:       32632 kB
VmallocChunk:      90140 kB
Time pass: 348 sec

---2015-12-08 16:16:17
MemTotal:        1959952 kB
MemFree:          111228 kB
Buffers:            1436 kB
Cached:           874844 kB
SwapCached:         2040 kB
Active:           724820 kB
Inactive:         619296 kB
Active(anon):     294244 kB
Inactive(anon):   176344 kB
Active(file):     430576 kB
Inactive(file):   442952 kB
Unevictable:        1744 kB
Mlocked:               0 kB
HighTotal:       1372556 kB
HighFree:          26268 kB
LowTotal:         587396 kB
LowFree:           84960 kB
SwapTotal:        262140 kB
SwapFree:         208380 kB
Dirty:               844 kB
Writeback:             0 kB
AnonPages:        469508 kB
Mapped:           361668 kB
