---2015-11-24 16:26:27
MemTotal:        2899420 kB
MemFree:          101184 kB
Buffers:           31160 kB
Cached:          1298220 kB
SwapCached:            0 kB
Active:          1419056 kB
Inactive:         836296 kB
Active(anon):     744068 kB
Inactive(anon):   196576 kB
Active(file):     674988 kB
Inactive(file):   639720 kB
Unevictable:       13348 kB
Mlocked:               0 kB
SwapTotal:        721780 kB
SwapFree:         721540 kB
Dirty:                 0 kB
Writeback:             0 kB
AnonPages:        939304 kB
Mapped:           491896 kB
Shmem:              1300 kB
Slab:              97488 kB
SReclaimable:      32060 kB
SUnreclaim:        65428 kB
KernelStack:       36800 kB
PageTables:        47372 kB
NFS_Unstable:          0 kB
Bounce:                0 kB
WritebackTmp:          0 kB
CommitLimit:     2171488 kB
Committed_AS:   113563292 kB
VmallocTotal:   251658176 kB
VmallocUsed:      130020 kB
VmallocChunk:   251433516 kB
Time pass: 3 sec

---2015-11-24 16:26:27
MemTotal:        2899420 kB
MemFree:           99516 kB
Buffers:           31160 kB
Cached:          1298392 kB
SwapCached:            0 kB
Active:          1420532 kB
Inactive:         836464 kB
Active(anon):     745520 kB
Inactive(anon):   196572 kB
Active(file):     675012 kB
Inactive(file):   639892 kB
Unevictable:       13348 kB
Mlocked:               0 kB
SwapTotal:        721780 kB
SwapFree:         721540 kB
Dirty:                 0 kB
Writeback:             0 kB
AnonPages:        940812 kB
Mapped:           492104 kB
Shmem:              1300 kB
Slab:              97484 kB
SReclaimable:      32060 kB
SUnreclaim:        65424 kB
KernelStack:       36768 kB
PageTables:        47404 kB
NFS_Unstable:          0 kB
Bounce:                0 kB
WritebackTmp:          0 kB
CommitLimit:     2171488 kB
Committed_AS:   113563252 kB
VmallocTotal:   251658176 kB
VmallocUsed:      130020 kB
VmallocChunk:   251433516 kB
Time pass: 7 sec

---2015-11-24 16:26:27
MemTotal:        2899420 kB
MemFree:           69428 kB
Buffers:           31384 kB
Cached:          1248556 kB
SwapCached:            0 kB
Active:          1415196 kB
Inactive:         828592 kB
Active(anon):     782616 kB
Inactive(anon):   196072 kB
Active(file):     632580 kB
Inactive(file):   632520 kB
Unevictable:       13408 kB
Mlocked:               0 kB
SwapTotal:        721780 kB
SwapFree:         721096 kB
Dirty:              1084 kB
Writeback:             0 kB
AnonPages:        977396 kB
Mapped:           473548 kB
Shmem:              1216 kB
Slab:              95016 kB
SReclaimable:      29500 kB
SUnreclaim:        65516 kB
KernelStack:       37344 kB
PageTables:        48280 kB
NFS_Unstable:          0 kB
Bounce:                0 kB
WritebackTmp:          0 kB
CommitLimit:     2171488 kB
Committed_AS:   114871984 kB
VmallocTotal:   251658176 kB
VmallocUsed:      130460 kB
VmallocChunk:   251433516 kB
Time pass: 11 sec

---2015-11-24 16:26:27
MemTotal:        2899420 kB
MemFree:           76644 kB
Buffers:           30464 kB
Cached:          1162352 kB
SwapCached:            0 kB
Active:          1347000 kB
Inactive:         785672 kB
Active(anon):     757744 kB
Inactive(anon):   196796 kB
Active(file):     589256 kB
Inactive(file):   588876 kB
Unevictable:       13544 kB
Mlocked:               0 kB
SwapTotal:        721780 kB
SwapFree:         720064 kB
Dirty:                 4 kB
Writeback:             0 kB
AnonPages:        953296 kB
Mapped:           570988 kB
Shmem:              1128 kB
Slab:              97216 kB
SReclaimable:      31808 kB
SUnreclaim:        65408 kB
KernelStack:       37920 kB
PageTables:        48576 kB
NFS_Unstable:          0 kB
Bounce:                0 kB
WritebackTmp:          0 kB
CommitLimit:     2171488 kB
Committed_AS:   114845728 kB
VmallocTotal:   251658176 kB
VmallocUsed:      131384 kB
VmallocChunk:   251433516 kB
Time pass: 15 sec

---2015-11-24 16:26:27
MemTotal:        2899420 kB
MemFree:           72336 kB
Buffers:           22660 kB
Cached:          1088408 kB
SwapCached:            0 kB
Active:          1321684 kB
Inactive:         743908 kB
Active(anon):     773744 kB
Inactive(anon):   195460 kB
Active(file):     547940 kB
Inactive(file):   548448 kB
Unevictable:       13544 kB
Mlocked:               0 kB
SwapTotal:        721780 kB
SwapFree:         718204 kB
Dirty:              2532 kB
Writeback:             0 kB
AnonPages:        968116 kB
Mapped:           620128 kB
Shmem:              1128 kB
Slab:              97632 kB
SReclaimable:      32184 kB
SUnreclaim:        65448 kB
KernelStack:       38000 kB
PageTables:        48848 kB
NFS_Unstable:          0 kB
Bounce:                0 kB
WritebackTmp:          0 kB
CommitLimit:     2171488 kB
Committed_AS:   114862948 kB
VmallocTotal:   251658176 kB
VmallocUsed:      131796 kB
VmallocChunk:   251433516 kB
Time pass: 20 sec

---2015-11-24 16:26:27
MemTotal:        2899420 kB
MemFree:           64408 kB
Buffers:           22696 kB
Cached:          1090336 kB
SwapCached:            0 kB
Active:          1323236 kB
Inactive:         745588 kB
Active(anon):     775200 kB
Inactive(anon):   195328 kB
Active(file):     548036 kB
Inactive(file):   550260 kB
Unevictable:       13544 kB
Mlocked:               0 kB
SwapTotal:        721780 kB
SwapFree:         718204 kB
Dirty:              1208 kB
Writeback:             0 kB
AnonPages:        969404 kB
Mapped:           625148 kB
Shmem:              1128 kB
Slab:              97656 kB
SReclaimable:      32200 kB
SUnreclaim:        65456 kB
KernelStack:       38000 kB
PageTables:        48872 kB
NFS_Unstable:          0 kB
Bounce:                0 kB
WritebackTmp:          0 kB
CommitLimit:     2171488 kB
Committed_AS:   114863116 kB
VmallocTotal:   251658176 kB
VmallocUsed:      131796 kB
VmallocChunk:   251433516 kB
Time pass: 30 sec

---2015-11-24 16:26:27
MemTotal:        2899420 kB
MemFree:           66928 kB
Buffers:           19760 kB
Cached:          1081700 kB
SwapCached:            0 kB
Active:          1319796 kB
Inactive:         738844 kB
Active(anon):     776488 kB
Inactive(anon):   195324 kB
Active(file):     543308 kB
Inactive(file):   543520 kB
Unevictable:       13544 kB
Mlocked:               0 kB
SwapTotal:        721780 kB
SwapFree:         718204 kB
Dirty:              1444 kB
Writeback:             0 kB
AnonPages:        970476 kB
Mapped:           628608 kB
Shmem:              1128 kB
Slab:              97704 kB
SReclaimable:      32072 kB
SUnreclaim:        65632 kB
KernelStack:       38032 kB
PageTables:        48912 kB
NFS_Unstable:          0 kB
Bounce:                0 kB
WritebackTmp:          0 kB
CommitLimit:     2171488 kB
Committed_AS:   114863204 kB
VmallocTotal:   251658176 kB
VmallocUsed:      131832 kB
VmallocChunk:   251433516 kB
Time pass: 34 sec

---2015-11-24 16:26:27
MemTotal:        2899420 kB
MemFree:           67424 kB
Buffers:           19760 kB
Cached:          1081748 kB
SwapCached:            0 kB
Active:          1320036 kB
Inactive:         738852 kB
Active(anon):     776728 kB
Inactive(anon):   195324 kB
Active(file):     543308 kB
Inactive(file):   543528 kB
Unevictable:       13544 kB
Mlocked:               0 kB
SwapTotal:        721780 kB
SwapFree:         718204 kB
Dirty:               276 kB
Writeback:             0 kB
AnonPages:        970892 kB
Mapped:           628724 kB
Shmem:              1128 kB
Slab:              97588 kB
SReclaimable:      32072 kB
SUnreclaim:        65516 kB
KernelStack:       38032 kB
PageTables:        48916 kB
NFS_Unstable:          0 kB
Bounce:                0 kB
WritebackTmp:          0 kB
CommitLimit:     2171488 kB
Committed_AS:   114863220 kB
VmallocTotal:   251658176 kB
VmallocUsed:      131832 kB
VmallocChunk:   251433516 kB
Time pass: 38 sec

---2015-11-24 16:26:27
MemTotal:        2899420 kB
MemFree:           66508 kB
Buffers:           19916 kB
Cached:          1081752 kB
SwapCached:            0 kB
Active:          1320012 kB
Inactive:         738996 kB
Active(anon):     776700 kB
Inactive(anon):   195324 kB
Active(file):     543312 kB
Inactive(file):   543672 kB
Unevictable:       13544 kB
Mlocked:               0 kB
SwapTotal:        721780 kB
SwapFree:         718204 kB
Dirty:                60 kB
Writeback:             0 kB
AnonPages:        970932 kB
Mapped:           628768 kB
Shmem:              1128 kB
Slab:              97736 kB
SReclaimable:      32072 kB
SUnreclaim:        65664 kB
KernelStack:       38064 kB
PageTables:        48912 kB
NFS_Unstable:          0 kB
Bounce:                0 kB
WritebackTmp:          0 kB
CommitLimit:     2171488 kB
Committed_AS:   114863228 kB
VmallocTotal:   251658176 kB
VmallocUsed:      131832 kB
VmallocChunk:   251433516 kB
Time pass: 42 sec

---2015-11-24 16:26:27
MemTotal:        2899420 kB
MemFree:           65444 kB
Buffers:           19916 kB
Cached:          1081784 kB
SwapCached:            0 kB
Active:          1320428 kB
Inactive:         739040 kB
Active(anon):     777116 kB
Inactive(anon):   195324 kB
Active(file):     543312 kB
Inactive(file):   543716 kB
Unevictable:       13544 kB
Mlocked:               0 kB
SwapTotal:        721780 kB
SwapFree:         718204 kB
Dirty:                 0 kB
Writeback:             0 kB
AnonPages:        971332 kB
Mapped:           629068 kB
Shmem:              1128 kB
Slab:              97568 kB
SReclaimable:      32072 kB
SUnreclaim:        65496 kB
KernelStack:       38064 kB
PageTables:        48940 kB
NFS_Unstable:          0 kB
Bounce:                0 kB
WritebackTmp:          0 kB
CommitLimit:     2171488 kB
Committed_AS:   114863236 kB
VmallocTotal:   251658176 kB
VmallocUsed:      131832 kB
VmallocChunk:   251433516 kB
Time pass: 46 sec

---2015-11-24 16:26:27
MemTotal:        2899420 kB
MemFree:           65736 kB
Buffers:           19924 kB
Cached:          1081784 kB
SwapCached:            0 kB
Active:          1320788 kB
Inactive:         739044 kB
Active(anon):     777472 kB
Inactive(anon):   195324 kB
Active(file):     543316 kB
Inactive(file):   543720 kB
Unevictable:       13544 kB
Mlocked:               0 kB
SwapTotal:        721780 kB
SwapFree:         718204 kB
Dirty:                12 kB
Writeback:             0 kB
AnonPages:        971640 kB
Mapped:           629300 kB
Shmem:              1128 kB
Slab:              97568 kB
SReclaimable:      32072 kB
SUnreclaim:        65496 kB
KernelStack:       38064 kB
PageTables:        48940 kB
NFS_Unstable:          0 kB
Bounce:                0 kB
WritebackTmp:          0 kB
CommitLimit:     2171488 kB
Committed_AS:   114863292 kB
VmallocTotal:   251658176 kB
VmallocUsed:      131832 kB
VmallocChunk:   251433516 kB
Time pass: 50 sec

---2015-11-24 16:26:27
MemTotal:        2899420 kB
MemFree:           71852 kB
Buffers:           19096 kB
Cached:          1037028 kB
SwapCached:            0 kB
Active:          1302252 kB
Inactive:         718036 kB
Active(anon):     781280 kB
Inactive(anon):   197556 kB
Active(file):     520972 kB
Inactive(file):   520480 kB
Unevictable:       13544 kB
Mlocked:               0 kB
SwapTotal:        721780 kB
SwapFree:         717492 kB
Dirty:                 8 kB
Writeback:             0 kB
AnonPages:        977720 kB
Mapped:           645940 kB
Shmem:              1128 kB
Slab:              97820 kB
SReclaimable:      32116 kB
SUnreclaim:        65704 kB
KernelStack:       38080 kB
PageTables:        48820 kB
NFS_Unstable:          0 kB
Bounce:                0 kB
WritebackTmp:          0 kB
CommitLimit:     2171488 kB
Committed_AS:   114864344 kB
VmallocTotal:   251658176 kB
VmallocUsed:      131988 kB
VmallocChunk:   251433516 kB
Time pass: 53 sec

---2015-11-24 16:26:27
MemTotal:        2899420 kB
MemFree:           64340 kB
Buffers:           19104 kB
Cached:          1039728 kB
SwapCached:            0 kB
Active:          1307560 kB
Inactive:         720672 kB
Active(anon):     786584 kB
Inactive(anon):   197556 kB
Active(file):     520976 kB
Inactive(file):   523116 kB
Unevictable:       13544 kB
Mlocked:               0 kB
SwapTotal:        721780 kB
SwapFree:         717492 kB
Dirty:                64 kB
Writeback:             0 kB
AnonPages:        982972 kB
Mapped:           647844 kB
Shmem:              1128 kB
Slab:              97752 kB
SReclaimable:      32196 kB
SUnreclaim:        65556 kB
KernelStack:       38176 kB
PageTables:        48864 kB
NFS_Unstable:          0 kB
Bounce:                0 kB
WritebackTmp:          0 kB
CommitLimit:     2171488 kB
Committed_AS:   114864380 kB
VmallocTotal:   251658176 kB
VmallocUsed:      131988 kB
VmallocChunk:   251433516 kB
Time pass: 58 sec

---2015-11-24 16:26:27
MemTotal:        2899420 kB
MemFree:           65612 kB
Buffers:           19128 kB
Cached:          1036908 kB
SwapCached:            0 kB
Active:          1308636 kB
Inactive:         718428 kB
Active(anon):     788144 kB
Inactive(anon):   197556 kB
Active(file):     520492 kB
Inactive(file):   520872 kB
Unevictable:       13544 kB
Mlocked:               0 kB
SwapTotal:        721780 kB
SwapFree:         717492 kB
Dirty:                40 kB
Writeback:             0 kB
AnonPages:        984768 kB
Mapped:           649016 kB
Shmem:              1128 kB
Slab:              97820 kB
SReclaimable:      32212 kB
SUnreclaim:        65608 kB
KernelStack:       38176 kB
PageTables:        48836 kB
NFS_Unstable:          0 kB
Bounce:                0 kB
WritebackTmp:          0 kB
CommitLimit:     2171488 kB
Committed_AS:   114868488 kB
VmallocTotal:   251658176 kB
VmallocUsed:      131988 kB
VmallocChunk:   251433516 kB
Time pass: 68 sec

---2015-11-24 16:26:27
MemTotal:        2899420 kB
MemFree:           70056 kB
Buffers:           19084 kB
Cached:          1023136 kB
SwapCached:            4 kB
Active:          1308524 kB
Inactive:         712476 kB
Active(anon):     794872 kB
Inactive(anon):   198728 kB
Active(file):     513652 kB
Inactive(file):   513748 kB
Unevictable:       13544 kB
Mlocked:               0 kB
SwapTotal:        721780 kB
SwapFree:         717492 kB
Dirty:                64 kB
Writeback:             0 kB
AnonPages:        992668 kB
Mapped:           648512 kB
Shmem:              1276 kB
Slab:              97864 kB
SReclaimable:      32212 kB
SUnreclaim:        65652 kB
KernelStack:       38384 kB
PageTables:        49100 kB
NFS_Unstable:          0 kB
Bounce:                0 kB
WritebackTmp:          0 kB
CommitLimit:     2171488 kB
Committed_AS:   114904280 kB
VmallocTotal:   251658176 kB
VmallocUsed:      134416 kB
VmallocChunk:   251433516 kB
Time pass: 74 sec

---2015-11-24 16:26:27
MemTotal:        2899420 kB
MemFree:           72320 kB
Buffers:           18784 kB
Cached:          1007968 kB
SwapCached:            4 kB
Active:          1303752 kB
Inactive:         705084 kB
Active(anon):     797920 kB
Inactive(anon):   199012 kB
Active(file):     505832 kB
Inactive(file):   506072 kB
Unevictable:       13544 kB
Mlocked:               0 kB
SwapTotal:        721780 kB
SwapFree:         717492 kB
Dirty:                 0 kB
Writeback:             0 kB
AnonPages:        996040 kB
Mapped:           648720 kB
Shmem:              1304 kB
Slab:              98460 kB
SReclaimable:      32596 kB
SUnreclaim:        65864 kB
KernelStack:       38432 kB
PageTables:        49220 kB
NFS_Unstable:          0 kB
Bounce:                0 kB
WritebackTmp:          0 kB
CommitLimit:     2171488 kB
Committed_AS:   114908440 kB
VmallocTotal:   251658176 kB
VmallocUsed:      134416 kB
VmallocChunk:   251433516 kB
Time pass: 81 sec

---2015-11-24 16:26:27
MemTotal:        2899420 kB
MemFree:           64940 kB
Buffers:           18880 kB
Cached:          1012236 kB
SwapCached:            4 kB
Active:          1309492 kB
Inactive:         707592 kB
Active(anon):     801940 kB
Inactive(anon):   198840 kB
Active(file):     507552 kB
Inactive(file):   508752 kB
Unevictable:       13544 kB
Mlocked:               0 kB
SwapTotal:        721780 kB
SwapFree:         717492 kB
Dirty:               100 kB
Writeback:             0 kB
AnonPages:        999920 kB
Mapped:           649912 kB
Shmem:              1128 kB
Slab:              98328 kB
SReclaimable:      32612 kB
SUnreclaim:        65716 kB
KernelStack:       38304 kB
PageTables:        49268 kB
NFS_Unstable:          0 kB
Bounce:                0 kB
WritebackTmp:          0 kB
CommitLimit:     2171488 kB
Committed_AS:   118377980 kB
VmallocTotal:   251658176 kB
VmallocUsed:      135436 kB
VmallocChunk:   251433516 kB
Time pass: 85 sec

---2015-11-24 16:26:27
MemTotal:        2899420 kB
MemFree:          331900 kB
Buffers:           16684 kB
Cached:           962512 kB
SwapCached:            4 kB
Active:          1209504 kB
Inactive:         680336 kB
Active(anon):     725568 kB
Inactive(anon):   199628 kB
Active(file):     483936 kB
Inactive(file):   480708 kB
Unevictable:       13556 kB
Mlocked:               0 kB
SwapTotal:        721780 kB
SwapFree:         717428 kB
Dirty:               612 kB
Writeback:             0 kB
AnonPages:        924212 kB
Mapped:           468624 kB
Shmem:               996 kB
Slab:              97776 kB
SReclaimable:      31876 kB
SUnreclaim:        65900 kB
KernelStack:       37136 kB
PageTables:        47896 kB
NFS_Unstable:          0 kB
Bounce:                0 kB
WritebackTmp:          0 kB
CommitLimit:     2171488 kB
Committed_AS:   114759404 kB
VmallocTotal:   251658176 kB
VmallocUsed:      133344 kB
VmallocChunk:   251433516 kB
Time pass: 89 sec

---2015-11-24 16:26:27
MemTotal:        2899420 kB
MemFree:          332884 kB
Buffers:           16692 kB
Cached:           962512 kB
SwapCached:            4 kB
Active:          1209196 kB
Inactive:         680332 kB
Active(anon):     725248 kB
Inactive(anon):   199628 kB
Active(file):     483948 kB
Inactive(file):   480704 kB
Unevictable:       13556 kB
Mlocked:               0 kB
SwapTotal:        721780 kB
SwapFree:         717428 kB
Dirty:                68 kB
Writeback:             0 kB
AnonPages:        923824 kB
Mapped:           468644 kB
Shmem:               996 kB
Slab:              97780 kB
SReclaimable:      32020 kB
SUnreclaim:        65760 kB
KernelStack:       37136 kB
PageTables:        47904 kB
NFS_Unstable:          0 kB
Bounce:                0 kB
WritebackTmp:          0 kB
CommitLimit:     2171488 kB
Committed_AS:   114759492 kB
VmallocTotal:   251658176 kB
VmallocUsed:      133344 kB
VmallocChunk:   251433516 kB
Time pass: 93 sec

---2015-11-24 16:26:27
MemTotal:        2899420 kB
MemFree:          333356 kB
Buffers:           16700 kB
Cached:           962512 kB
SwapCached:            4 kB
Active:          1208772 kB
Inactive:         680340 kB
Active(anon):     724824 kB
Inactive(anon):   199628 kB
Active(file):     483948 kB
Inactive(file):   480712 kB
Unevictable:       13556 kB
Mlocked:               0 kB
SwapTotal:        721780 kB
SwapFree:         717428 kB
Dirty:                32 kB
Writeback:             0 kB
AnonPages:        923380 kB
Mapped:           468668 kB
Shmem:               996 kB
Slab:              97932 kB
SReclaimable:      32020 kB
SUnreclaim:        65912 kB
KernelStack:       37104 kB
PageTables:        47904 kB
NFS_Unstable:          0 kB
Bounce:                0 kB
WritebackTmp:          0 kB
CommitLimit:     2171488 kB
Committed_AS:   114759500 kB
VmallocTotal:   251658176 kB
VmallocUsed:      133344 kB
VmallocChunk:   251433516 kB
Time pass: 97 sec

---2015-11-24 16:26:27
MemTotal:        2899420 kB
MemFree:          390472 kB
Buffers:           16716 kB
Cached:           962588 kB
SwapCached:            4 kB
Active:          1227636 kB
Inactive:         675536 kB
Active(anon):     738940 kB
Inactive(anon):   199628 kB
Active(file):     488696 kB
Inactive(file):   475908 kB
Unevictable:       13556 kB
Mlocked:               0 kB
SwapTotal:        721780 kB
SwapFree:         717428 kB
Dirty:                 0 kB
Writeback:           880 kB
AnonPages:        937844 kB
Mapped:           445776 kB
Shmem:               996 kB
Slab:              97780 kB
SReclaimable:      31908 kB
SUnreclaim:        65872 kB
KernelStack:       37696 kB
PageTables:        48496 kB
NFS_Unstable:          0 kB
Bounce:                0 kB
WritebackTmp:          0 kB
CommitLimit:     2171488 kB
Committed_AS:   116044672 kB
VmallocTotal:   251658176 kB
VmallocUsed:      131292 kB
VmallocChunk:   251433516 kB
Time pass: 101 sec

---2015-11-24 16:26:27
MemTotal:        2899420 kB
MemFree:          260292 kB
Buffers:           16748 kB
Cached:           962728 kB
SwapCached:            4 kB
Active:          1247116 kB
Inactive:         675528 kB
Active(anon):     758096 kB
Inactive(anon):   199756 kB
Active(file):     489020 kB
Inactive(file):   475772 kB
Unevictable:       13556 kB
Mlocked:               0 kB
SwapTotal:        721780 kB
SwapFree:         717428 kB
Dirty:               996 kB
Writeback:             0 kB
AnonPages:        956856 kB
Mapped:           555228 kB
Shmem:              1128 kB
Slab:              97808 kB
SReclaimable:      31908 kB
SUnreclaim:        65900 kB
KernelStack:       38160 kB
PageTables:        49044 kB
NFS_Unstable:          0 kB
Bounce:                0 kB
WritebackTmp:          0 kB
CommitLimit:     2171488 kB
Committed_AS:   116084644 kB
VmallocTotal:   251658176 kB
VmallocUsed:      132240 kB
VmallocChunk:   251433516 kB
Time pass: 104 sec

---2015-11-24 16:26:27
MemTotal:        2899420 kB
MemFree:          263656 kB
Buffers:           16748 kB
Cached:           962736 kB
SwapCached:            4 kB
Active:          1243952 kB
Inactive:         675376 kB
Active(anon):     754772 kB
Inactive(anon):   199756 kB
Active(file):     489180 kB
Inactive(file):   475620 kB
Unevictable:       13556 kB
Mlocked:               0 kB
SwapTotal:        721780 kB
SwapFree:         717428 kB
Dirty:                56 kB
Writeback:             0 kB
AnonPages:        953292 kB
Mapped:           555660 kB
Shmem:              1128 kB
Slab:              97668 kB
SReclaimable:      31908 kB
SUnreclaim:        65760 kB
KernelStack:       38192 kB
PageTables:        49080 kB
NFS_Unstable:          0 kB
Bounce:                0 kB
WritebackTmp:          0 kB
CommitLimit:     2171488 kB
Committed_AS:   116082068 kB
VmallocTotal:   251658176 kB
VmallocUsed:      132240 kB
VmallocChunk:   251433516 kB
Time pass: 108 sec

---2015-11-24 16:26:27
MemTotal:        2899420 kB
MemFree:          203964 kB
Buffers:           16764 kB
Cached:           964416 kB
SwapCached:            4 kB
Active:          1268956 kB
Inactive:         676752 kB
Active(anon):     779544 kB
Inactive(anon):   199756 kB
Active(file):     489412 kB
Inactive(file):   476996 kB
Unevictable:       13556 kB
Mlocked:               0 kB
SwapTotal:        721780 kB
SwapFree:         717428 kB
Dirty:              2208 kB
Writeback:             0 kB
AnonPages:        978300 kB
Mapped:           585840 kB
Shmem:              1128 kB
Slab:              97812 kB
SReclaimable:      31908 kB
SUnreclaim:        65904 kB
KernelStack:       38320 kB
PageTables:        49184 kB
NFS_Unstable:          0 kB
Bounce:                0 kB
WritebackTmp:          0 kB
CommitLimit:     2171488 kB
Committed_AS:   116091116 kB
VmallocTotal:   251658176 kB
VmallocUsed:      132464 kB
VmallocChunk:   251433516 kB
Time pass: 112 sec

---2015-11-24 16:26:27
MemTotal:        2899420 kB
MemFree:          189276 kB
Buffers:           16772 kB
Cached:           964468 kB
SwapCached:            4 kB
Active:          1262112 kB
Inactive:         676836 kB
Active(anon):     772648 kB
Inactive(anon):   199756 kB
Active(file):     489464 kB
Inactive(file):   477080 kB
Unevictable:       13556 kB
Mlocked:               0 kB
SwapTotal:        721780 kB
SwapFree:         717428 kB
Dirty:                76 kB
Writeback:             4 kB
AnonPages:        971408 kB
Mapped:           606248 kB
Shmem:              1128 kB
Slab:              97792 kB
SReclaimable:      31908 kB
SUnreclaim:        65884 kB
KernelStack:       38240 kB
PageTables:        49260 kB
NFS_Unstable:          0 kB
Bounce:                0 kB
WritebackTmp:          0 kB
CommitLimit:     2171488 kB
Committed_AS:   116091116 kB
VmallocTotal:   251658176 kB
VmallocUsed:      132628 kB
VmallocChunk:   251433516 kB
Time pass: 117 sec

---2015-11-24 16:26:27
MemTotal:        2899420 kB
MemFree:          181976 kB
Buffers:           16780 kB
Cached:           964632 kB
SwapCached:            4 kB
Active:          1264532 kB
Inactive:         676728 kB
Active(anon):     774776 kB
Inactive(anon):   199756 kB
Active(file):     489756 kB
Inactive(file):   476972 kB
Unevictable:       13556 kB
Mlocked:               0 kB
SwapTotal:        721780 kB
SwapFree:         717428 kB
Dirty:               240 kB
Writeback:             0 kB
AnonPages:        973364 kB
Mapped:           607852 kB
Shmem:              1128 kB
Slab:              97876 kB
SReclaimable:      31908 kB
SUnreclaim:        65968 kB
KernelStack:       38272 kB
PageTables:        49336 kB
NFS_Unstable:          0 kB
Bounce:                0 kB
WritebackTmp:          0 kB
CommitLimit:     2171488 kB
Committed_AS:   116091252 kB
VmallocTotal:   251658176 kB
VmallocUsed:      132652 kB
VmallocChunk:   251433516 kB
Time pass: 122 sec

---2015-11-24 16:26:27
MemTotal:        2899420 kB
MemFree:          181480 kB
Buffers:           16780 kB
Cached:           964632 kB
SwapCached:            4 kB
Active:          1264480 kB
Inactive:         676728 kB
Active(anon):     774724 kB
Inactive(anon):   199756 kB
Active(file):     489756 kB
Inactive(file):   476972 kB
Unevictable:       13556 kB
Mlocked:               0 kB
SwapTotal:        721780 kB
SwapFree:         717428 kB
Dirty:                20 kB
Writeback:             0 kB
AnonPages:        973596 kB
Mapped:           607808 kB
Shmem:              1128 kB
Slab:              97728 kB
SReclaimable:      31908 kB
SUnreclaim:        65820 kB
KernelStack:       38240 kB
PageTables:        49332 kB
NFS_Unstable:          0 kB
Bounce:                0 kB
WritebackTmp:          0 kB
CommitLimit:     2171488 kB
Committed_AS:   116091236 kB
VmallocTotal:   251658176 kB
VmallocUsed:      132652 kB
VmallocChunk:   251433516 kB
Time pass: 126 sec

---2015-11-24 16:26:27
MemTotal:        2899420 kB
MemFree:          181688 kB
Buffers:           16780 kB
Cached:           964632 kB
SwapCached:            4 kB
Active:          1264580 kB
Inactive:         676728 kB
Active(anon):     774824 kB
Inactive(anon):   199756 kB
Active(file):     489756 kB
Inactive(file):   476972 kB
Unevictable:       13556 kB
Mlocked:               0 kB
SwapTotal:        721780 kB
SwapFree:         717428 kB
Dirty:                 0 kB
Writeback:             0 kB
AnonPages:        973536 kB
Mapped:           607748 kB
Shmem:              1128 kB
Slab:              97876 kB
SReclaimable:      31908 kB
SUnreclaim:        65968 kB
KernelStack:       38240 kB
PageTables:        49300 kB
NFS_Unstable:          0 kB
Bounce:                0 kB
WritebackTmp:          0 kB
CommitLimit:     2171488 kB
Committed_AS:   116091292 kB
VmallocTotal:   251658176 kB
VmallocUsed:      132652 kB
VmallocChunk:   251433516 kB
Time pass: 130 sec

---2015-11-24 16:26:27
MemTotal:        2899420 kB
MemFree:          153644 kB
Buffers:           16788 kB
Cached:           964656 kB
SwapCached:            4 kB
Active:          1271088 kB
Inactive:         676736 kB
Active(anon):     781312 kB
Inactive(anon):   199756 kB
Active(file):     489776 kB
Inactive(file):   476980 kB
Unevictable:       13556 kB
Mlocked:               0 kB
SwapTotal:        721780 kB
SwapFree:         717428 kB
Dirty:               528 kB
Writeback:             0 kB
AnonPages:        980080 kB
Mapped:           620624 kB
Shmem:              1132 kB
Slab:              97900 kB
SReclaimable:      31908 kB
SUnreclaim:        65992 kB
KernelStack:       38288 kB
PageTables:        49188 kB
NFS_Unstable:          0 kB
Bounce:                0 kB
WritebackTmp:          0 kB
CommitLimit:     2171488 kB
Committed_AS:   116099796 kB
VmallocTotal:   251658176 kB
VmallocUsed:      132804 kB
VmallocChunk:   251433516 kB
Time pass: 134 sec

---2015-11-24 16:26:27
MemTotal:        2899420 kB
MemFree:          152380 kB
Buffers:           16812 kB
Cached:           964636 kB
SwapCached:            4 kB
Active:          1271360 kB
Inactive:         676740 kB
Active(anon):     781584 kB
Inactive(anon):   199756 kB
Active(file):     489776 kB
Inactive(file):   476984 kB
Unevictable:       13556 kB
Mlocked:               0 kB
SwapTotal:        721780 kB
SwapFree:         717428 kB
Dirty:                 0 kB
Writeback:             0 kB
AnonPages:        980160 kB
Mapped:           622460 kB
Shmem:              1128 kB
Slab:              97936 kB
SReclaimable:      31908 kB
SUnreclaim:        66028 kB
KernelStack:       38272 kB
PageTables:        49288 kB
NFS_Unstable:          0 kB
Bounce:                0 kB
WritebackTmp:          0 kB
CommitLimit:     2171488 kB
Committed_AS:   116100056 kB
VmallocTotal:   251658176 kB
VmallocUsed:      132804 kB
VmallocChunk:   251433516 kB
Time pass: 138 sec

---2015-11-24 16:26:27
MemTotal:        2899420 kB
MemFree:          142676 kB
Buffers:           16812 kB
Cached:           964804 kB
SwapCached:            4 kB
Active:          1282724 kB
Inactive:         675916 kB
Active(anon):     791956 kB
Inactive(anon):   199900 kB
Active(file):     490768 kB
Inactive(file):   476016 kB
Unevictable:       13556 kB
Mlocked:               0 kB
SwapTotal:        721780 kB
SwapFree:         717428 kB
Dirty:                80 kB
Writeback:             0 kB
AnonPages:        990552 kB
Mapped:           625148 kB
Shmem:              1276 kB
Slab:              97856 kB
SReclaimable:      31904 kB
SUnreclaim:        65952 kB
KernelStack:       38656 kB
PageTables:        49524 kB
NFS_Unstable:          0 kB
Bounce:                0 kB
WritebackTmp:          0 kB
CommitLimit:     2171488 kB
Committed_AS:   116135852 kB
VmallocTotal:   251658176 kB
VmallocUsed:      135236 kB
VmallocChunk:   251433516 kB
Time pass: 143 sec

---2015-11-24 16:26:27
MemTotal:        2899420 kB
MemFree:          139596 kB
Buffers:           16820 kB
Cached:           964856 kB
SwapCached:            4 kB
Active:          1284764 kB
Inactive:         675976 kB
Active(anon):     793996 kB
Inactive(anon):   199952 kB
Active(file):     490768 kB
Inactive(file):   476024 kB
Unevictable:       13556 kB
Mlocked:               0 kB
SwapTotal:        721780 kB
SwapFree:         717428 kB
Dirty:               112 kB
Writeback:             0 kB
AnonPages:        992668 kB
Mapped:           625272 kB
Shmem:              1328 kB
Slab:              97860 kB
SReclaimable:      31904 kB
SUnreclaim:        65956 kB
KernelStack:       38624 kB
PageTables:        49528 kB
NFS_Unstable:          0 kB
Bounce:                0 kB
WritebackTmp:          0 kB
CommitLimit:     2171488 kB
Committed_AS:   116135864 kB
VmallocTotal:   251658176 kB
VmallocUsed:      135236 kB
VmallocChunk:   251433516 kB
Time pass: 148 sec

---2015-11-24 16:26:27
MemTotal:        2899420 kB
MemFree:          137168 kB
Buffers:           16836 kB
Cached:           964860 kB
SwapCached:            4 kB
Active:          1286152 kB
Inactive:         675996 kB
Active(anon):     795384 kB
Inactive(anon):   199956 kB
Active(file):     490768 kB
Inactive(file):   476040 kB
Unevictable:       13556 kB
Mlocked:               0 kB
SwapTotal:        721780 kB
SwapFree:         717428 kB
Dirty:                44 kB
Writeback:             0 kB
AnonPages:        993948 kB
Mapped:           625220 kB
Shmem:              1332 kB
Slab:              97864 kB
SReclaimable:      31904 kB
SUnreclaim:        65960 kB
KernelStack:       38640 kB
PageTables:        49500 kB
NFS_Unstable:          0 kB
Bounce:                0 kB
WritebackTmp:          0 kB
CommitLimit:     2171488 kB
Committed_AS:   116135848 kB
VmallocTotal:   251658176 kB
VmallocUsed:      135236 kB
VmallocChunk:   251433516 kB
Time pass: 153 sec

---2015-11-24 16:26:27
MemTotal:        2899420 kB
MemFree:          136156 kB
Buffers:           16860 kB
Cached:           964864 kB
SwapCached:            4 kB
Active:          1288200 kB
Inactive:         676024 kB
Active(anon):     797432 kB
Inactive(anon):   199960 kB
Active(file):     490768 kB
Inactive(file):   476064 kB
Unevictable:       13556 kB
Mlocked:               0 kB
SwapTotal:        721780 kB
SwapFree:         717428 kB
Dirty:                44 kB
Writeback:             0 kB
AnonPages:        995840 kB
Mapped:           625252 kB
Shmem:              1336 kB
Slab:              97880 kB
SReclaimable:      31904 kB
SUnreclaim:        65976 kB
KernelStack:       38640 kB
PageTables:        49504 kB
NFS_Unstable:          0 kB
Bounce:                0 kB
WritebackTmp:          0 kB
CommitLimit:     2171488 kB
Committed_AS:   116135860 kB
VmallocTotal:   251658176 kB
VmallocUsed:      135236 kB
VmallocChunk:   251433516 kB
Time pass: 158 sec

---2015-11-24 16:26:27
MemTotal:        2899420 kB
MemFree:          132500 kB
Buffers:           16884 kB
Cached:           964972 kB
SwapCached:            4 kB
Active:          1290856 kB
Inactive:         676156 kB
Active(anon):     800088 kB
Inactive(anon):   200068 kB
Active(file):     490768 kB
Inactive(file):   476088 kB
Unevictable:       13556 kB
Mlocked:               0 kB
SwapTotal:        721780 kB
SwapFree:         717428 kB
Dirty:                48 kB
Writeback:             0 kB
AnonPages:        998508 kB
Mapped:           625532 kB
Shmem:              1444 kB
Slab:              97836 kB
SReclaimable:      31904 kB
SUnreclaim:        65932 kB
KernelStack:       38640 kB
PageTables:        49572 kB
NFS_Unstable:          0 kB
Bounce:                0 kB
WritebackTmp:          0 kB
CommitLimit:     2171488 kB
Committed_AS:   116139896 kB
VmallocTotal:   251658176 kB
VmallocUsed:      135236 kB
VmallocChunk:   251433516 kB
Time pass: 167 sec

---2015-11-24 16:26:27
MemTotal:        2899420 kB
MemFree:          130064 kB
Buffers:           16908 kB
Cached:           964988 kB
SwapCached:            4 kB
Active:          1293008 kB
Inactive:         676196 kB
Active(anon):     802240 kB
Inactive(anon):   200084 kB
Active(file):     490768 kB
Inactive(file):   476112 kB
Unevictable:       13556 kB
Mlocked:               0 kB
SwapTotal:        721780 kB
SwapFree:         717428 kB
Dirty:                48 kB
Writeback:             0 kB
AnonPages:       1000952 kB
Mapped:           625588 kB
Shmem:              1460 kB
Slab:              97960 kB
SReclaimable:      31904 kB
SUnreclaim:        66056 kB
KernelStack:       38640 kB
PageTables:        49540 kB
NFS_Unstable:          0 kB
Bounce:                0 kB
WritebackTmp:          0 kB
CommitLimit:     2171488 kB
Committed_AS:   116143980 kB
VmallocTotal:   251658176 kB
VmallocUsed:      135236 kB
VmallocChunk:   251433516 kB
Time pass: 172 sec

---2015-11-24 16:26:27
MemTotal:        2899420 kB
MemFree:          128276 kB
Buffers:           16916 kB
Cached:           965028 kB
SwapCached:            4 kB
Active:          1294672 kB
Inactive:         676244 kB
Active(anon):     803904 kB
Inactive(anon):   200132 kB
Active(file):     490768 kB
Inactive(file):   476112 kB
Unevictable:       13556 kB
Mlocked:               0 kB
SwapTotal:        721780 kB
SwapFree:         717428 kB
Dirty:                 0 kB
Writeback:             0 kB
AnonPages:       1002456 kB
Mapped:           625708 kB
Shmem:              1508 kB
Slab:              97904 kB
SReclaimable:      31904 kB
SUnreclaim:        66000 kB
KernelStack:       38624 kB
PageTables:        49616 kB
NFS_Unstable:          0 kB
Bounce:                0 kB
WritebackTmp:          0 kB
CommitLimit:     2171488 kB
Committed_AS:   116143984 kB
VmallocTotal:   251658176 kB
VmallocUsed:      135236 kB
VmallocChunk:   251433516 kB
Time pass: 177 sec

---2015-11-24 16:26:27
MemTotal:        2899420 kB
MemFree:          126288 kB
Buffers:           16940 kB
Cached:           965036 kB
SwapCached:            4 kB
Active:          1295908 kB
Inactive:         676276 kB
Active(anon):     805140 kB
Inactive(anon):   200132 kB
Active(file):     490768 kB
Inactive(file):   476144 kB
Unevictable:       13556 kB
Mlocked:               0 kB
SwapTotal:        721780 kB
SwapFree:         717428 kB
Dirty:                 0 kB
Writeback:             0 kB
AnonPages:       1003596 kB
Mapped:           625656 kB
Shmem:              1508 kB
Slab:              98036 kB
SReclaimable:      31904 kB
SUnreclaim:        66132 kB
KernelStack:       38656 kB
PageTables:        49596 kB
NFS_Unstable:          0 kB
Bounce:                0 kB
WritebackTmp:          0 kB
CommitLimit:     2171488 kB
Committed_AS:   116144016 kB
VmallocTotal:   251658176 kB
VmallocUsed:      135236 kB
VmallocChunk:   251433516 kB
Time pass: 183 sec

---2015-11-24 16:26:27
MemTotal:        2899420 kB
MemFree:          126180 kB
Buffers:           16956 kB
Cached:           965084 kB
SwapCached:            4 kB
Active:          1296392 kB
Inactive:         676332 kB
Active(anon):     805624 kB
Inactive(anon):   200168 kB
Active(file):     490768 kB
Inactive(file):   476164 kB
Unevictable:       13556 kB
Mlocked:               0 kB
SwapTotal:        721780 kB
SwapFree:         717428 kB
Dirty:                44 kB
Writeback:             0 kB
AnonPages:       1004268 kB
Mapped:           625736 kB
Shmem:              1552 kB
Slab:              98036 kB
SReclaimable:      31904 kB
SUnreclaim:        66132 kB
KernelStack:       38624 kB
PageTables:        49592 kB
NFS_Unstable:          0 kB
Bounce:                0 kB
WritebackTmp:          0 kB
CommitLimit:     2171488 kB
Committed_AS:   116148080 kB
VmallocTotal:   251658176 kB
VmallocUsed:      135236 kB
VmallocChunk:   251433516 kB
Time pass: 189 sec

---2015-11-24 16:26:27
MemTotal:        2899420 kB
MemFree:          126116 kB
Buffers:           16964 kB
Cached:           965136 kB
SwapCached:            4 kB
Active:          1296080 kB
Inactive:         676392 kB
Active(anon):     805312 kB
Inactive(anon):   200220 kB
Active(file):     490768 kB
Inactive(file):   476172 kB
Unevictable:       13556 kB
Mlocked:               0 kB
SwapTotal:        721780 kB
SwapFree:         717428 kB
Dirty:                32 kB
Writeback:             0 kB
AnonPages:       1003968 kB
Mapped:           625944 kB
Shmem:              1604 kB
Slab:              97928 kB
SReclaimable:      31904 kB
SUnreclaim:        66024 kB
KernelStack:       38640 kB
PageTables:        49632 kB
NFS_Unstable:          0 kB
Bounce:                0 kB
WritebackTmp:          0 kB
CommitLimit:     2171488 kB
Committed_AS:   116152184 kB
VmallocTotal:   251658176 kB
VmallocUsed:      135236 kB
VmallocChunk:   251433516 kB
Time pass: 193 sec

---2015-11-24 16:26:27
MemTotal:        2899420 kB
MemFree:          124448 kB
Buffers:           16980 kB
Cached:           965276 kB
SwapCached:            4 kB
Active:          1296936 kB
Inactive:         676548 kB
Active(anon):     806168 kB
Inactive(anon):   200360 kB
Active(file):     490768 kB
Inactive(file):   476188 kB
Unevictable:       13556 kB
Mlocked:               0 kB
SwapTotal:        721780 kB
SwapFree:         717428 kB
Dirty:                44 kB
Writeback:             0 kB
AnonPages:       1004856 kB
Mapped:           626020 kB
Shmem:              1744 kB
Slab:              97964 kB
SReclaimable:      31904 kB
SUnreclaim:        66060 kB
KernelStack:       38640 kB
PageTables:        49596 kB
NFS_Unstable:          0 kB
Bounce:                0 kB
WritebackTmp:          0 kB
CommitLimit:     2171488 kB
Committed_AS:   116152176 kB
VmallocTotal:   251658176 kB
VmallocUsed:      135236 kB
VmallocChunk:   251433516 kB
Time pass: 197 sec

---2015-11-24 16:26:27
MemTotal:        2899420 kB
MemFree:          122904 kB
Buffers:           16988 kB
Cached:           965276 kB
SwapCached:            4 kB
Active:          1297664 kB
Inactive:         676556 kB
Active(anon):     806896 kB
Inactive(anon):   200360 kB
Active(file):     490768 kB
Inactive(file):   476196 kB
Unevictable:       13556 kB
Mlocked:               0 kB
SwapTotal:        721780 kB
SwapFree:         717428 kB
Dirty:                32 kB
Writeback:             0 kB
AnonPages:       1005516 kB
Mapped:           626088 kB
Shmem:              1744 kB
Slab:              97976 kB
SReclaimable:      31904 kB
SUnreclaim:        66072 kB
KernelStack:       38640 kB
PageTables:        49628 kB
NFS_Unstable:          0 kB
Bounce:                0 kB
WritebackTmp:          0 kB
CommitLimit:     2171488 kB
Committed_AS:   116152184 kB
VmallocTotal:   251658176 kB
VmallocUsed:      135248 kB
VmallocChunk:   251433516 kB
Time pass: 201 sec

---2015-11-24 16:26:27
MemTotal:        2899420 kB
MemFree:          122960 kB
Buffers:           17004 kB
Cached:           965304 kB
SwapCached:            4 kB
Active:          1297996 kB
Inactive:         676600 kB
Active(anon):     807228 kB
Inactive(anon):   200388 kB
Active(file):     490768 kB
Inactive(file):   476212 kB
Unevictable:       13556 kB
Mlocked:               0 kB
SwapTotal:        721780 kB
SwapFree:         717428 kB
Dirty:                84 kB
Writeback:             0 kB
AnonPages:       1005816 kB
Mapped:           626092 kB
Shmem:              1772 kB
Slab:              97936 kB
SReclaimable:      31904 kB
SUnreclaim:        66032 kB
KernelStack:       38672 kB
PageTables:        49600 kB
NFS_Unstable:          0 kB
Bounce:                0 kB
WritebackTmp:          0 kB
CommitLimit:     2171488 kB
Committed_AS:   116152224 kB
VmallocTotal:   251658176 kB
VmallocUsed:      135248 kB
VmallocChunk:   251433516 kB
Time pass: 205 sec

---2015-11-24 16:26:27
MemTotal:        2899420 kB
MemFree:          122988 kB
Buffers:           17012 kB
Cached:           965304 kB
SwapCached:            4 kB
Active:          1298920 kB
Inactive:         676608 kB
Active(anon):     808152 kB
Inactive(anon):   200388 kB
Active(file):     490768 kB
Inactive(file):   476220 kB
Unevictable:       13556 kB
Mlocked:               0 kB
SwapTotal:        721780 kB
SwapFree:         717428 kB
Dirty:                84 kB
Writeback:            12 kB
AnonPages:       1007164 kB
Mapped:           626116 kB
Shmem:              1772 kB
Slab:              97904 kB
SReclaimable:      31904 kB
SUnreclaim:        66000 kB
KernelStack:       38672 kB
PageTables:        49596 kB
NFS_Unstable:          0 kB
Bounce:                0 kB
WritebackTmp:          0 kB
CommitLimit:     2171488 kB
Committed_AS:   116152264 kB
VmallocTotal:   251658176 kB
VmallocUsed:      135248 kB
VmallocChunk:   251433516 kB
Time pass: 209 sec

---2015-11-24 16:26:27
MemTotal:        2899420 kB
MemFree:          121296 kB
Buffers:           17036 kB
Cached:           965304 kB
SwapCached:            4 kB
Active:          1300024 kB
Inactive:         676632 kB
Active(anon):     809256 kB
Inactive(anon):   200388 kB
Active(file):     490768 kB
Inactive(file):   476244 kB
Unevictable:       13556 kB
Mlocked:               0 kB
SwapTotal:        721780 kB
SwapFree:         717428 kB
Dirty:                64 kB
Writeback:             0 kB
AnonPages:       1008016 kB
Mapped:           626140 kB
Shmem:              1772 kB
Slab:              97928 kB
SReclaimable:      31904 kB
SUnreclaim:        66024 kB
KernelStack:       38656 kB
PageTables:        49596 kB
NFS_Unstable:          0 kB
Bounce:                0 kB
WritebackTmp:          0 kB
CommitLimit:     2171488 kB
Committed_AS:   116152088 kB
VmallocTotal:   251658176 kB
VmallocUsed:      135248 kB
VmallocChunk:   251433516 kB
Time pass: 214 sec

---2015-11-24 16:26:27
MemTotal:        2899420 kB
MemFree:          120916 kB
Buffers:           17044 kB
Cached:           965304 kB
SwapCached:            4 kB
Active:          1300252 kB
Inactive:         676640 kB
Active(anon):     809484 kB
Inactive(anon):   200388 kB
Active(file):     490768 kB
Inactive(file):   476252 kB
Unevictable:       13556 kB
Mlocked:               0 kB
SwapTotal:        721780 kB
SwapFree:         717428 kB
Dirty:                32 kB
Writeback:             0 kB
AnonPages:       1008072 kB
Mapped:           626168 kB
Shmem:              1772 kB
Slab:              97936 kB
SReclaimable:      31904 kB
SUnreclaim:        66032 kB
KernelStack:       38656 kB
PageTables:        49604 kB
NFS_Unstable:          0 kB
Bounce:                0 kB
WritebackTmp:          0 kB
CommitLimit:     2171488 kB
Committed_AS:   116152200 kB
VmallocTotal:   251658176 kB
VmallocUsed:      135248 kB
VmallocChunk:   251433516 kB
Time pass: 218 sec

---2015-11-24 16:26:27
MemTotal:        2899420 kB
MemFree:          120048 kB
Buffers:           17068 kB
Cached:           965336 kB
SwapCached:            4 kB
Active:          1300408 kB
Inactive:         676696 kB
Active(anon):     809640 kB
Inactive(anon):   200420 kB
Active(file):     490768 kB
Inactive(file):   476276 kB
Unevictable:       13556 kB
Mlocked:               0 kB
SwapTotal:        721780 kB
SwapFree:         717428 kB
Dirty:                 0 kB
Writeback:             0 kB
AnonPages:       1008236 kB
Mapped:           626316 kB
Shmem:              1804 kB
Slab:              97980 kB
SReclaimable:      31904 kB
SUnreclaim:        66076 kB
KernelStack:       38640 kB
PageTables:        49632 kB
NFS_Unstable:          0 kB
Bounce:                0 kB
WritebackTmp:          0 kB
CommitLimit:     2171488 kB
Committed_AS:   116152184 kB
VmallocTotal:   251658176 kB
VmallocUsed:      135248 kB
VmallocChunk:   251433516 kB
Time pass: 224 sec

---2015-11-24 16:26:27
MemTotal:        2899420 kB
MemFree:          121012 kB
Buffers:           17100 kB
Cached:           965336 kB
SwapCached:            4 kB
Active:          1299976 kB
Inactive:         676720 kB
Active(anon):     809200 kB
Inactive(anon):   200420 kB
Active(file):     490776 kB
Inactive(file):   476300 kB
Unevictable:       13556 kB
Mlocked:               0 kB
SwapTotal:        721780 kB
SwapFree:         717428 kB
Dirty:               108 kB
Writeback:             0 kB
AnonPages:       1007736 kB
Mapped:           626276 kB
Shmem:              1804 kB
Slab:              97944 kB
SReclaimable:      31904 kB
SUnreclaim:        66040 kB
KernelStack:       38672 kB
PageTables:        49600 kB
NFS_Unstable:          0 kB
Bounce:                0 kB
WritebackTmp:          0 kB
CommitLimit:     2171488 kB
Committed_AS:   116152280 kB
VmallocTotal:   251658176 kB
VmallocUsed:      135248 kB
VmallocChunk:   251433516 kB
Time pass: 230 sec

---2015-11-24 16:26:27
MemTotal:        2899420 kB
MemFree:          120584 kB
Buffers:           17108 kB
Cached:           965336 kB
SwapCached:            4 kB
Active:          1299916 kB
Inactive:         676728 kB
Active(anon):     809140 kB
Inactive(anon):   200420 kB
Active(file):     490776 kB
Inactive(file):   476308 kB
Unevictable:       13556 kB
Mlocked:               0 kB
SwapTotal:        721780 kB
SwapFree:         717428 kB
Dirty:                44 kB
Writeback:             0 kB
AnonPages:       1007612 kB
Mapped:           626376 kB
Shmem:              1804 kB
Slab:              97992 kB
SReclaimable:      31904 kB
SUnreclaim:        66088 kB
KernelStack:       38656 kB
PageTables:        49632 kB
NFS_Unstable:          0 kB
Bounce:                0 kB
WritebackTmp:          0 kB
CommitLimit:     2171488 kB
Committed_AS:   116152192 kB
VmallocTotal:   251658176 kB
VmallocUsed:      135248 kB
VmallocChunk:   251433516 kB
Time pass: 233 sec

---2015-11-24 16:26:27
MemTotal:        2899420 kB
MemFree:          119844 kB
Buffers:           17124 kB
Cached:           965336 kB
SwapCached:            4 kB
Active:          1301092 kB
Inactive:         676744 kB
Active(anon):     810316 kB
Inactive(anon):   200420 kB
Active(file):     490776 kB
Inactive(file):   476324 kB
Unevictable:       13556 kB
Mlocked:               0 kB
SwapTotal:        721780 kB
SwapFree:         717428 kB
Dirty:                76 kB
Writeback:             0 kB
AnonPages:       1008656 kB
Mapped:           626408 kB
Shmem:              1804 kB
Slab:              97984 kB
SReclaimable:      31904 kB
SUnreclaim:        66080 kB
KernelStack:       38688 kB
PageTables:        49640 kB
NFS_Unstable:          0 kB
Bounce:                0 kB
WritebackTmp:          0 kB
CommitLimit:     2171488 kB
Committed_AS:   116152200 kB
VmallocTotal:   251658176 kB
VmallocUsed:      135248 kB
VmallocChunk:   251433516 kB
Time pass: 237 sec

---2015-11-24 16:26:27
MemTotal:        2899420 kB
MemFree:          119324 kB
Buffers:           17164 kB
Cached:           965388 kB
SwapCached:            4 kB
Active:          1301264 kB
Inactive:         676836 kB
Active(anon):     810488 kB
Inactive(anon):   200436 kB
Active(file):     490776 kB
Inactive(file):   476400 kB
Unevictable:       13556 kB
Mlocked:               0 kB
SwapTotal:        721780 kB
SwapFree:         717428 kB
Dirty:                84 kB
Writeback:             0 kB
AnonPages:       1008956 kB
Mapped:           626372 kB
Shmem:              1820 kB
Slab:              98092 kB
SReclaimable:      31904 kB
SUnreclaim:        66188 kB
KernelStack:       38672 kB
PageTables:        49600 kB
NFS_Unstable:          0 kB
Bounce:                0 kB
WritebackTmp:          0 kB
CommitLimit:     2171488 kB
Committed_AS:   116152184 kB
VmallocTotal:   251658176 kB
VmallocUsed:      135248 kB
VmallocChunk:   251433516 kB
Time pass: 241 sec

---2015-11-24 16:26:27
MemTotal:        2899420 kB
MemFree:          119236 kB
Buffers:           17180 kB
Cached:           965388 kB
SwapCached:            4 kB
Active:          1301964 kB
Inactive:         676852 kB
Active(anon):     811188 kB
Inactive(anon):   200436 kB
Active(file):     490776 kB
Inactive(file):   476416 kB
Unevictable:       13556 kB
Mlocked:               0 kB
SwapTotal:        721780 kB
SwapFree:         717428 kB
Dirty:                 0 kB
Writeback:             0 kB
AnonPages:       1009688 kB
Mapped:           626488 kB
Shmem:              1820 kB
Slab:              97944 kB
SReclaimable:      31904 kB
SUnreclaim:        66040 kB
KernelStack:       38672 kB
PageTables:        49628 kB
NFS_Unstable:          0 kB
Bounce:                0 kB
WritebackTmp:          0 kB
CommitLimit:     2171488 kB
Committed_AS:   116152208 kB
VmallocTotal:   251658176 kB
VmallocUsed:      135248 kB
VmallocChunk:   251433516 kB
Time pass: 245 sec

---2015-11-24 16:26:27
MemTotal:        2899420 kB
MemFree:          117604 kB
Buffers:           17188 kB
Cached:           965380 kB
SwapCached:            4 kB
Active:          1302764 kB
Inactive:         676852 kB
Active(anon):     811988 kB
Inactive(anon):   200436 kB
Active(file):     490776 kB
Inactive(file):   476416 kB
Unevictable:       13556 kB
Mlocked:               0 kB
SwapTotal:        721780 kB
SwapFree:         717428 kB
Dirty:                 0 kB
Writeback:             0 kB
AnonPages:       1010420 kB
Mapped:           626512 kB
Shmem:              1820 kB
Slab:              97944 kB
SReclaimable:      31904 kB
SUnreclaim:        66040 kB
KernelStack:       38672 kB
PageTables:        49632 kB
NFS_Unstable:          0 kB
Bounce:                0 kB
WritebackTmp:          0 kB
CommitLimit:     2171488 kB
Committed_AS:   116152224 kB
VmallocTotal:   251658176 kB
VmallocUsed:      135248 kB
VmallocChunk:   251433516 kB
Time pass: 249 sec

---2015-11-24 16:26:27
MemTotal:        2899420 kB
MemFree:          116760 kB
Buffers:           17204 kB
Cached:           965396 kB
SwapCached:            4 kB
Active:          1303416 kB
Inactive:         676868 kB
Active(anon):     812632 kB
Inactive(anon):   200436 kB
Active(file):     490784 kB
Inactive(file):   476432 kB
Unevictable:       13556 kB
Mlocked:               0 kB
SwapTotal:        721780 kB
SwapFree:         717428 kB
Dirty:                52 kB
Writeback:             0 kB
AnonPages:       1011320 kB
Mapped:           626532 kB
Shmem:              1820 kB
Slab:              97992 kB
SReclaimable:      31904 kB
SUnreclaim:        66088 kB
KernelStack:       38672 kB
PageTables:        49628 kB
NFS_Unstable:          0 kB
Bounce:                0 kB
WritebackTmp:          0 kB
CommitLimit:     2171488 kB
Committed_AS:   116152208 kB
VmallocTotal:   251658176 kB
VmallocUsed:      135248 kB
VmallocChunk:   251433516 kB
Time pass: 253 sec

---2015-11-24 16:26:27
MemTotal:        2899420 kB
MemFree:          118040 kB
Buffers:           17212 kB
Cached:           965396 kB
SwapCached:            4 kB
Active:          1302472 kB
Inactive:         676876 kB
Active(anon):     811680 kB
Inactive(anon):   200436 kB
Active(file):     490792 kB
Inactive(file):   476440 kB
Unevictable:       13556 kB
Mlocked:               0 kB
SwapTotal:        721780 kB
SwapFree:         717428 kB
Dirty:                56 kB
Writeback:             0 kB
AnonPages:       1010292 kB
Mapped:           626468 kB
Shmem:              1820 kB
Slab:              97980 kB
SReclaimable:      31904 kB
SUnreclaim:        66076 kB
KernelStack:       38624 kB
PageTables:        49604 kB
NFS_Unstable:          0 kB
Bounce:                0 kB
WritebackTmp:          0 kB
CommitLimit:     2171488 kB
Committed_AS:   116152208 kB
VmallocTotal:   251658176 kB
VmallocUsed:      135248 kB
VmallocChunk:   251433516 kB
Time pass: 257 sec

---2015-11-24 16:26:27
MemTotal:        2899420 kB
MemFree:          117796 kB
Buffers:           17236 kB
Cached:           965396 kB
SwapCached:            4 kB
Active:          1302812 kB
Inactive:         676900 kB
Active(anon):     812020 kB
Inactive(anon):   200436 kB
Active(file):     490792 kB
Inactive(file):   476464 kB
Unevictable:       13556 kB
Mlocked:               0 kB
SwapTotal:        721780 kB
SwapFree:         717428 kB
Dirty:                72 kB
Writeback:             0 kB
AnonPages:       1010472 kB
Mapped:           626572 kB
Shmem:              1820 kB
Slab:              98100 kB
SReclaimable:      31904 kB
SUnreclaim:        66196 kB
KernelStack:       38672 kB
PageTables:        49632 kB
NFS_Unstable:          0 kB
Bounce:                0 kB
WritebackTmp:          0 kB
CommitLimit:     2171488 kB
Committed_AS:   116152200 kB
VmallocTotal:   251658176 kB
VmallocUsed:      135248 kB
VmallocChunk:   251433516 kB
Time pass: 261 sec

---2015-11-24 16:26:27
MemTotal:        2899420 kB
MemFree:          117336 kB
Buffers:           17252 kB
Cached:           965384 kB
SwapCached:            4 kB
Active:          1303440 kB
Inactive:         676900 kB
Active(anon):     812648 kB
Inactive(anon):   200436 kB
Active(file):     490792 kB
Inactive(file):   476464 kB
Unevictable:       13556 kB
Mlocked:               0 kB
SwapTotal:        721780 kB
SwapFree:         717428 kB
Dirty:                24 kB
Writeback:             0 kB
AnonPages:       1010820 kB
Mapped:           626596 kB
Shmem:              1824 kB
Slab:              97952 kB
SReclaimable:      31904 kB
SUnreclaim:        66048 kB
KernelStack:       38688 kB
PageTables:        49640 kB
NFS_Unstable:          0 kB
Bounce:                0 kB
WritebackTmp:          0 kB
CommitLimit:     2171488 kB
Committed_AS:   116152240 kB
VmallocTotal:   251658176 kB
VmallocUsed:      135248 kB
VmallocChunk:   251433516 kB
Time pass: 265 sec

---2015-11-24 16:26:27
MemTotal:        2899420 kB
MemFree:          117112 kB
Buffers:           17292 kB
Cached:           965436 kB
SwapCached:            4 kB
Active:          1303584 kB
Inactive:         676996 kB
Active(anon):     812792 kB
Inactive(anon):   200436 kB
Active(file):     490792 kB
Inactive(file):   476560 kB
Unevictable:       13556 kB
Mlocked:               0 kB
SwapTotal:        721780 kB
SwapFree:         717428 kB
Dirty:               144 kB
Writeback:             0 kB
AnonPages:       1011468 kB
Mapped:           626628 kB
Shmem:              1820 kB
Slab:              97952 kB
SReclaimable:      31904 kB
SUnreclaim:        66048 kB
KernelStack:       38672 kB
PageTables:        49632 kB
NFS_Unstable:          0 kB
Bounce:                0 kB
WritebackTmp:          0 kB
CommitLimit:     2171488 kB
Committed_AS:   116152224 kB
VmallocTotal:   251658176 kB
VmallocUsed:      135248 kB
VmallocChunk:   251433516 kB
Time pass: 269 sec

---2015-11-24 16:26:27
MemTotal:        2899420 kB
MemFree:          116144 kB
Buffers:           17292 kB
Cached:           965444 kB
SwapCached:            4 kB
Active:          1304004 kB
Inactive:         677004 kB
Active(anon):     813212 kB
Inactive(anon):   200444 kB
Active(file):     490792 kB
Inactive(file):   476560 kB
Unevictable:       13556 kB
Mlocked:               0 kB
SwapTotal:        721780 kB
SwapFree:         717428 kB
Dirty:                 0 kB
Writeback:             0 kB
AnonPages:       1011616 kB
Mapped:           626660 kB
Shmem:              1828 kB
Slab:              97972 kB
SReclaimable:      31904 kB
SUnreclaim:        66068 kB
KernelStack:       38656 kB
PageTables:        49636 kB
NFS_Unstable:          0 kB
Bounce:                0 kB
WritebackTmp:          0 kB
CommitLimit:     2171488 kB
Committed_AS:   116152168 kB
VmallocTotal:   251658176 kB
VmallocUsed:      135248 kB
VmallocChunk:   251433516 kB
Time pass: 273 sec

---2015-11-24 16:26:27
MemTotal:        2899420 kB
MemFree:          116288 kB
Buffers:           17316 kB
Cached:           965440 kB
SwapCached:            4 kB
Active:          1303936 kB
Inactive:         677012 kB
Active(anon):     813144 kB
Inactive(anon):   200432 kB
Active(file):     490792 kB
Inactive(file):   476580 kB
Unevictable:       13556 kB
Mlocked:               0 kB
SwapTotal:        721780 kB
SwapFree:         717428 kB
Dirty:                44 kB
Writeback:             8 kB
AnonPages:       1011860 kB
Mapped:           626616 kB
Shmem:              1828 kB
Slab:              97952 kB
SReclaimable:      31904 kB
SUnreclaim:        66048 kB
KernelStack:       38656 kB
PageTables:        49644 kB
NFS_Unstable:          0 kB
Bounce:                0 kB
WritebackTmp:          0 kB
CommitLimit:     2171488 kB
Committed_AS:   116152176 kB
VmallocTotal:   251658176 kB
VmallocUsed:      135248 kB
VmallocChunk:   251433516 kB
Time pass: 277 sec

---2015-11-24 16:26:27
MemTotal:        2899420 kB
MemFree:          117684 kB
Buffers:           17316 kB
Cached:           965444 kB
SwapCached:            4 kB
Active:          1303100 kB
Inactive:         677016 kB
Active(anon):     812308 kB
Inactive(anon):   200432 kB
Active(file):     490792 kB
Inactive(file):   476584 kB
Unevictable:       13556 kB
Mlocked:               0 kB
SwapTotal:        721780 kB
SwapFree:         717428 kB
Dirty:                 0 kB
Writeback:             0 kB
AnonPages:       1011060 kB
Mapped:           626620 kB
Shmem:              1828 kB
Slab:              97952 kB
SReclaimable:      31904 kB
SUnreclaim:        66048 kB
KernelStack:       38656 kB
PageTables:        49604 kB
NFS_Unstable:          0 kB
Bounce:                0 kB
WritebackTmp:          0 kB
CommitLimit:     2171488 kB
Committed_AS:   116152176 kB
VmallocTotal:   251658176 kB
VmallocUsed:      135248 kB
VmallocChunk:   251433516 kB
Time pass: 281 sec

---2015-11-24 16:26:27
MemTotal:        2899420 kB
MemFree:          116732 kB
Buffers:           17340 kB
Cached:           965428 kB
SwapCached:            4 kB
Active:          1303632 kB
Inactive:         677024 kB
Active(anon):     812840 kB
Inactive(anon):   200432 kB
Active(file):     490792 kB
Inactive(file):   476592 kB
Unevictable:       13556 kB
Mlocked:               0 kB
SwapTotal:        721780 kB
SwapFree:         717428 kB
Dirty:                32 kB
Writeback:             0 kB
AnonPages:       1011404 kB
Mapped:           626640 kB
Shmem:              1828 kB
Slab:              98020 kB
SReclaimable:      31904 kB
SUnreclaim:        66116 kB
KernelStack:       38640 kB
PageTables:        49608 kB
NFS_Unstable:          0 kB
Bounce:                0 kB
WritebackTmp:          0 kB
CommitLimit:     2171488 kB
Committed_AS:   116152160 kB
VmallocTotal:   251658176 kB
VmallocUsed:      135248 kB
VmallocChunk:   251433516 kB
Time pass: 285 sec

---2015-11-24 16:26:27
MemTotal:        2899420 kB
MemFree:          116360 kB
Buffers:           17340 kB
Cached:           965444 kB
SwapCached:            4 kB
Active:          1303668 kB
Inactive:         677040 kB
Active(anon):     812876 kB
Inactive(anon):   200432 kB
Active(file):     490792 kB
Inactive(file):   476608 kB
Unevictable:       13556 kB
Mlocked:               0 kB
SwapTotal:        721780 kB
SwapFree:         717428 kB
Dirty:                 0 kB
Writeback:             0 kB
AnonPages:       1011468 kB
Mapped:           626756 kB
Shmem:              1828 kB
Slab:              98168 kB
SReclaimable:      31904 kB
SUnreclaim:        66264 kB
KernelStack:       38640 kB
PageTables:        49640 kB
NFS_Unstable:          0 kB
Bounce:                0 kB
WritebackTmp:          0 kB
CommitLimit:     2171488 kB
Committed_AS:   116152152 kB
VmallocTotal:   251658176 kB
VmallocUsed:      135248 kB
VmallocChunk:   251433516 kB
Time pass: 289 sec

---2015-11-24 16:26:27
MemTotal:        2899420 kB
MemFree:          115792 kB
Buffers:           17348 kB
Cached:           965444 kB
SwapCached:            4 kB
Active:          1304784 kB
Inactive:         677048 kB
Active(anon):     813992 kB
Inactive(anon):   200432 kB
Active(file):     490792 kB
Inactive(file):   476616 kB
Unevictable:       13556 kB
Mlocked:               0 kB
SwapTotal:        721780 kB
SwapFree:         717428 kB
Dirty:                32 kB
Writeback:             0 kB
AnonPages:       1012352 kB
Mapped:           626780 kB
Shmem:              1828 kB
Slab:              98020 kB
SReclaimable:      31904 kB
SUnreclaim:        66116 kB
KernelStack:       38640 kB
PageTables:        49640 kB
NFS_Unstable:          0 kB
Bounce:                0 kB
WritebackTmp:          0 kB
CommitLimit:     2171488 kB
Committed_AS:   116152160 kB
VmallocTotal:   251658176 kB
VmallocUsed:      135248 kB
VmallocChunk:   251433516 kB
Time pass: 293 sec

---2015-11-24 16:26:27
MemTotal:        2899420 kB
MemFree:          114832 kB
Buffers:           17364 kB
Cached:           965444 kB
SwapCached:            4 kB
Active:          1305268 kB
Inactive:         677064 kB
Active(anon):     814476 kB
Inactive(anon):   200432 kB
Active(file):     490792 kB
Inactive(file):   476632 kB
Unevictable:       13556 kB
Mlocked:               0 kB
SwapTotal:        721780 kB
SwapFree:         717428 kB
Dirty:                 0 kB
Writeback:             0 kB
AnonPages:       1012832 kB
Mapped:           626800 kB
Shmem:              1828 kB
Slab:              98020 kB
SReclaimable:      31904 kB
SUnreclaim:        66116 kB
KernelStack:       38640 kB
PageTables:        49644 kB
NFS_Unstable:          0 kB
Bounce:                0 kB
WritebackTmp:          0 kB
CommitLimit:     2171488 kB
Committed_AS:   116152152 kB
VmallocTotal:   251658176 kB
VmallocUsed:      135248 kB
VmallocChunk:   251433516 kB
Time pass: 297 sec

---2015-11-24 16:26:27
MemTotal:        2899420 kB
MemFree:          114728 kB
Buffers:           17372 kB
Cached:           965444 kB
SwapCached:            4 kB
Active:          1304952 kB
Inactive:         677072 kB
Active(anon):     814160 kB
Inactive(anon):   200432 kB
Active(file):     490792 kB
Inactive(file):   476640 kB
Unevictable:       13556 kB
Mlocked:               0 kB
SwapTotal:        721780 kB
SwapFree:         717428 kB
Dirty:                32 kB
Writeback:             0 kB
AnonPages:       1012720 kB
Mapped:           626740 kB
Shmem:              1828 kB
Slab:              98132 kB
SReclaimable:      31904 kB
SUnreclaim:        66228 kB
KernelStack:       38640 kB
PageTables:        49608 kB
NFS_Unstable:          0 kB
Bounce:                0 kB
WritebackTmp:          0 kB
CommitLimit:     2171488 kB
Committed_AS:   116152144 kB
VmallocTotal:   251658176 kB
VmallocUsed:      135248 kB
VmallocChunk:   251433516 kB
Time pass: 301 sec

---2015-11-24 16:26:27
MemTotal:        2899420 kB
MemFree:          114016 kB
Buffers:           17388 kB
Cached:           965492 kB
SwapCached:            4 kB
Active:          1306276 kB
Inactive:         677136 kB
Active(anon):     815484 kB
Inactive(anon):   200432 kB
Active(file):     490792 kB
Inactive(file):   476704 kB
Unevictable:       13556 kB
Mlocked:               0 kB
SwapTotal:        721780 kB
SwapFree:         717428 kB
Dirty:                44 kB
Writeback:             0 kB
AnonPages:       1014616 kB
Mapped:           626780 kB
Shmem:              1828 kB
Slab:              97984 kB
SReclaimable:      31904 kB
SUnreclaim:        66080 kB
KernelStack:       38640 kB
PageTables:        49604 kB
NFS_Unstable:          0 kB
Bounce:                0 kB
WritebackTmp:          0 kB
CommitLimit:     2171488 kB
Committed_AS:   116152160 kB
VmallocTotal:   251658176 kB
VmallocUsed:      135248 kB
VmallocChunk:   251433516 kB
Time pass: 305 sec

---2015-11-24 16:26:27
MemTotal:        2899420 kB
MemFree:          114148 kB
Buffers:           17412 kB
Cached:           965492 kB
SwapCached:            4 kB
Active:          1306252 kB
Inactive:         677160 kB
Active(anon):     815460 kB
Inactive(anon):   200432 kB
Active(file):     490792 kB
Inactive(file):   476728 kB
Unevictable:       13556 kB
Mlocked:               0 kB
SwapTotal:        721780 kB
SwapFree:         717428 kB
Dirty:                44 kB
Writeback:             0 kB
AnonPages:       1014296 kB
Mapped:           626896 kB
Shmem:              1828 kB
Slab:              97984 kB
SReclaimable:      31904 kB
SUnreclaim:        66080 kB
KernelStack:       38656 kB
PageTables:        49632 kB
NFS_Unstable:          0 kB
Bounce:                0 kB
WritebackTmp:          0 kB
CommitLimit:     2171488 kB
Committed_AS:   116152256 kB
VmallocTotal:   251658176 kB
VmallocUsed:      135248 kB
VmallocChunk:   251433516 kB
Time pass: 311 sec

---2015-11-24 16:26:27
MemTotal:        2899420 kB
MemFree:          113116 kB
Buffers:           17436 kB
Cached:           965476 kB
SwapCached:            4 kB
Active:          1306948 kB
Inactive:         677160 kB
Active(anon):     816148 kB
Inactive(anon):   200432 kB
Active(file):     490800 kB
Inactive(file):   476728 kB
Unevictable:       13556 kB
Mlocked:               0 kB
SwapTotal:        721780 kB
SwapFree:         717428 kB
Dirty:                32 kB
Writeback:             0 kB
AnonPages:       1014760 kB
Mapped:           626848 kB
Shmem:              1828 kB
Slab:              98148 kB
SReclaimable:      31904 kB
SUnreclaim:        66244 kB
KernelStack:       38656 kB
PageTables:        49604 kB
NFS_Unstable:          0 kB
Bounce:                0 kB
WritebackTmp:          0 kB
CommitLimit:     2171488 kB
Committed_AS:   116152248 kB
VmallocTotal:   251658176 kB
VmallocUsed:      135248 kB
VmallocChunk:   251433516 kB
Time pass: 318 sec

---2015-11-24 16:26:27
MemTotal:        2899420 kB
MemFree:          112708 kB
Buffers:           17444 kB
Cached:           965492 kB
SwapCached:            4 kB
Active:          1307484 kB
Inactive:         677176 kB
Active(anon):     816684 kB
Inactive(anon):   200432 kB
Active(file):     490800 kB
Inactive(file):   476744 kB
Unevictable:       13556 kB
Mlocked:               0 kB
SwapTotal:        721780 kB
SwapFree:         717428 kB
Dirty:                32 kB
Writeback:             0 kB
AnonPages:       1015236 kB
Mapped:           626884 kB
Shmem:              1828 kB
Slab:              97988 kB
SReclaimable:      31904 kB
SUnreclaim:        66084 kB
KernelStack:       38592 kB
PageTables:        49608 kB
NFS_Unstable:          0 kB
Bounce:                0 kB
WritebackTmp:          0 kB
CommitLimit:     2171488 kB
Committed_AS:   116152232 kB
VmallocTotal:   251658176 kB
VmallocUsed:      135248 kB
VmallocChunk:   251433516 kB
Time pass: 324 sec

---2015-11-24 16:26:27
MemTotal:        2899420 kB
MemFree:          112568 kB
Buffers:           17460 kB
Cached:           965492 kB
SwapCached:            4 kB
Active:          1308288 kB
Inactive:         677200 kB
Active(anon):     817488 kB
Inactive(anon):   200432 kB
Active(file):     490800 kB
Inactive(file):   476768 kB
Unevictable:       13556 kB
Mlocked:               0 kB
SwapTotal:        721780 kB
SwapFree:         717428 kB
Dirty:                40 kB
Writeback:             4 kB
AnonPages:       1016136 kB
Mapped:           626912 kB
Shmem:              1828 kB
Slab:              98028 kB
SReclaimable:      31920 kB
SUnreclaim:        66108 kB
KernelStack:       38624 kB
PageTables:        49608 kB
NFS_Unstable:          0 kB
Bounce:                0 kB
WritebackTmp:          0 kB
CommitLimit:     2171488 kB
Committed_AS:   116152264 kB
VmallocTotal:   251658176 kB
VmallocUsed:      135248 kB
VmallocChunk:   251433516 kB
Time pass: 329 sec

---2015-11-24 16:26:27
MemTotal:        2899420 kB
MemFree:          110624 kB
Buffers:           17468 kB
Cached:           965504 kB
SwapCached:            4 kB
Active:          1309644 kB
Inactive:         677220 kB
Active(anon):     818844 kB
Inactive(anon):   200432 kB
Active(file):     490800 kB
Inactive(file):   476788 kB
Unevictable:       13556 kB
Mlocked:               0 kB
SwapTotal:        721780 kB
SwapFree:         717428 kB
Dirty:                44 kB
Writeback:             0 kB
AnonPages:       1017476 kB
Mapped:           626972 kB
Shmem:              1828 kB
Slab:              98028 kB
SReclaimable:      31920 kB
SUnreclaim:        66108 kB
KernelStack:       38640 kB
PageTables:        49604 kB
NFS_Unstable:          0 kB
Bounce:                0 kB
WritebackTmp:          0 kB
CommitLimit:     2171488 kB
Committed_AS:   116152240 kB
VmallocTotal:   251658176 kB
VmallocUsed:      135248 kB
VmallocChunk:   251433516 kB
Time pass: 333 sec

---2015-11-24 16:26:27
MemTotal:        2899420 kB
MemFree:          108740 kB
Buffers:           17484 kB
Cached:           966184 kB
SwapCached:            4 kB
Active:          1311148 kB
Inactive:         677892 kB
Active(anon):     820336 kB
Inactive(anon):   200432 kB
Active(file):     490812 kB
Inactive(file):   477460 kB
Unevictable:       13556 kB
Mlocked:               0 kB
SwapTotal:        721780 kB
SwapFree:         717428 kB
Dirty:                64 kB
Writeback:             0 kB
AnonPages:       1018712 kB
Mapped:           627152 kB
Shmem:              1828 kB
Slab:              98196 kB
SReclaimable:      31936 kB
SUnreclaim:        66260 kB
KernelStack:       38640 kB
PageTables:        49636 kB
NFS_Unstable:          0 kB
Bounce:                0 kB
WritebackTmp:          0 kB
CommitLimit:     2171488 kB
Committed_AS:   116152432 kB
VmallocTotal:   251658176 kB
VmallocUsed:      135248 kB
VmallocChunk:   251433516 kB
Time pass: 337 sec

---2015-11-24 16:26:27
MemTotal:        2899420 kB
MemFree:          108756 kB
Buffers:           17484 kB
Cached:           966184 kB
SwapCached:            4 kB
Active:          1310924 kB
Inactive:         677904 kB
Active(anon):     820112 kB
Inactive(anon):   200432 kB
Active(file):     490812 kB
Inactive(file):   477472 kB
Unevictable:       13556 kB
Mlocked:               0 kB
SwapTotal:        721780 kB
SwapFree:         717428 kB
Dirty:                 0 kB
Writeback:             0 kB
AnonPages:       1018792 kB
Mapped:           627220 kB
Shmem:              1828 kB
Slab:              98196 kB
SReclaimable:      31936 kB
SUnreclaim:        66260 kB
KernelStack:       38640 kB
PageTables:        49636 kB
NFS_Unstable:          0 kB
Bounce:                0 kB
WritebackTmp:          0 kB
CommitLimit:     2171488 kB
Committed_AS:   116152520 kB
VmallocTotal:   251658176 kB
VmallocUsed:      135248 kB
VmallocChunk:   251433516 kB
Time pass: 341 sec

---2015-11-24 16:26:27
MemTotal:        2899420 kB
MemFree:          107740 kB
Buffers:           17508 kB
Cached:           966180 kB
SwapCached:            4 kB
Active:          1311120 kB
Inactive:         677912 kB
Active(anon):     820300 kB
Inactive(anon):   200432 kB
Active(file):     490820 kB
Inactive(file):   477480 kB
Unevictable:       13556 kB
Mlocked:               0 kB
SwapTotal:        721780 kB
SwapFree:         717428 kB
Dirty:                44 kB
Writeback:             0 kB
AnonPages:       1019068 kB
Mapped:           627156 kB
Shmem:              1828 kB
Slab:              98040 kB
SReclaimable:      31936 kB
SUnreclaim:        66104 kB
KernelStack:       38640 kB
PageTables:        49608 kB
NFS_Unstable:          0 kB
Bounce:                0 kB
WritebackTmp:          0 kB
CommitLimit:     2171488 kB
Committed_AS:   116152512 kB
VmallocTotal:   251658176 kB
VmallocUsed:      135248 kB
VmallocChunk:   251433516 kB
Time pass: 345 sec

---2015-11-24 16:26:27
MemTotal:        2899420 kB
MemFree:          108228 kB
Buffers:           17508 kB
Cached:           966184 kB
SwapCached:            4 kB
Active:          1311244 kB
Inactive:         677928 kB
Active(anon):     820432 kB
Inactive(anon):   200432 kB
Active(file):     490812 kB
Inactive(file):   477496 kB
Unevictable:       13556 kB
Mlocked:               0 kB
SwapTotal:        721780 kB
SwapFree:         717428 kB
Dirty:                 0 kB
Writeback:             0 kB
AnonPages:       1019068 kB
Mapped:           627204 kB
Shmem:              1828 kB
Slab:              98228 kB
SReclaimable:      31936 kB
SUnreclaim:        66292 kB
KernelStack:       38640 kB
PageTables:        49608 kB
NFS_Unstable:          0 kB
Bounce:                0 kB
WritebackTmp:          0 kB
CommitLimit:     2171488 kB
Committed_AS:   116152528 kB
VmallocTotal:   251658176 kB
VmallocUsed:      135248 kB
VmallocChunk:   251433516 kB
Time pass: 349 sec

---2015-11-24 16:26:27
MemTotal:        2899420 kB
MemFree:          106984 kB
Buffers:           17532 kB
Cached:           966184 kB
SwapCached:            4 kB
Active:          1312272 kB
Inactive:         677948 kB
Active(anon):     821460 kB
Inactive(anon):   200432 kB
Active(file):     490812 kB
Inactive(file):   477516 kB
Unevictable:       13556 kB
Mlocked:               0 kB
SwapTotal:        721780 kB
SwapFree:         717428 kB
Dirty:                48 kB
Writeback:             0 kB
AnonPages:       1020168 kB
Mapped:           627228 kB
Shmem:              1828 kB
Slab:              98100 kB
SReclaimable:      31936 kB
SUnreclaim:        66164 kB
KernelStack:       38640 kB
PageTables:        49608 kB
NFS_Unstable:          0 kB
Bounce:                0 kB
WritebackTmp:          0 kB
CommitLimit:     2171488 kB
Committed_AS:   116152520 kB
VmallocTotal:   251658176 kB
VmallocUsed:      135248 kB
VmallocChunk:   251433516 kB
Time pass: 353 sec

---2015-11-24 16:26:27
MemTotal:        2899420 kB
MemFree:          108168 kB
Buffers:           17532 kB
Cached:           966184 kB
SwapCached:            4 kB
Active:          1311668 kB
Inactive:         677952 kB
Active(anon):     820856 kB
Inactive(anon):   200432 kB
Active(file):     490812 kB
Inactive(file):   477520 kB
Unevictable:       13556 kB
Mlocked:               0 kB
SwapTotal:        721780 kB
SwapFree:         717428 kB
Dirty:                48 kB
Writeback:             0 kB
AnonPages:       1019672 kB
Mapped:           627344 kB
Shmem:              1828 kB
Slab:              98084 kB
SReclaimable:      31936 kB
SUnreclaim:        66148 kB
KernelStack:       38608 kB
PageTables:        49644 kB
NFS_Unstable:          0 kB
Bounce:                0 kB
WritebackTmp:          0 kB
CommitLimit:     2171488 kB
Committed_AS:   116152512 kB
VmallocTotal:   251658176 kB
VmallocUsed:      135248 kB
VmallocChunk:   251433516 kB
Time pass: 357 sec

---2015-11-24 16:26:27
MemTotal:        2899420 kB
MemFree:          107120 kB
Buffers:           17556 kB
Cached:           966184 kB
SwapCached:            4 kB
Active:          1312220 kB
Inactive:         677976 kB
Active(anon):     821408 kB
Inactive(anon):   200432 kB
Active(file):     490812 kB
Inactive(file):   477544 kB
Unevictable:       13556 kB
Mlocked:               0 kB
SwapTotal:        721780 kB
SwapFree:         717428 kB
Dirty:                44 kB
Writeback:             0 kB
AnonPages:       1020004 kB
Mapped:           627356 kB
Shmem:              1828 kB
Slab:              98092 kB
SReclaimable:      31936 kB
SUnreclaim:        66156 kB
KernelStack:       38640 kB
PageTables:        49648 kB
NFS_Unstable:          0 kB
Bounce:                0 kB
WritebackTmp:          0 kB
CommitLimit:     2171488 kB
Committed_AS:   116152520 kB
VmallocTotal:   251658176 kB
VmallocUsed:      135248 kB
VmallocChunk:   251433516 kB
Time pass: 361 sec

---2015-11-24 16:26:27
MemTotal:        2899420 kB
MemFree:          106856 kB
Buffers:           17556 kB
Cached:           966184 kB
SwapCached:            4 kB
Active:          1312276 kB
Inactive:         677976 kB
Active(anon):     821464 kB
Inactive(anon):   200432 kB
Active(file):     490812 kB
Inactive(file):   477544 kB
Unevictable:       13556 kB
Mlocked:               0 kB
SwapTotal:        721780 kB
SwapFree:         717428 kB
Dirty:                 0 kB
Writeback:             0 kB
AnonPages:       1020104 kB
Mapped:           627388 kB
Shmem:              1828 kB
Slab:              98088 kB
SReclaimable:      31936 kB
SUnreclaim:        66152 kB
KernelStack:       38640 kB
PageTables:        49644 kB
NFS_Unstable:          0 kB
Bounce:                0 kB
WritebackTmp:          0 kB
CommitLimit:     2171488 kB
Committed_AS:   116152504 kB
VmallocTotal:   251658176 kB
VmallocUsed:      135248 kB
VmallocChunk:   251433516 kB
Time pass: 365 sec

---2015-11-24 16:26:27
MemTotal:        2899420 kB
MemFree:          105468 kB
Buffers:           17580 kB
Cached:           966168 kB
SwapCached:            4 kB
Active:          1312836 kB
Inactive:         677984 kB
Active(anon):     822024 kB
Inactive(anon):   200432 kB
Active(file):     490812 kB
Inactive(file):   477552 kB
Unevictable:       13556 kB
Mlocked:               0 kB
SwapTotal:        721780 kB
SwapFree:         717428 kB
Dirty:                32 kB
Writeback:             0 kB
AnonPages:       1020488 kB
Mapped:           627320 kB
Shmem:              1828 kB
Slab:              98116 kB
SReclaimable:      31936 kB
SUnreclaim:        66180 kB
KernelStack:       38640 kB
PageTables:        49620 kB
NFS_Unstable:          0 kB
Bounce:                0 kB
WritebackTmp:          0 kB
CommitLimit:     2171488 kB
Committed_AS:   116152512 kB
VmallocTotal:   251658176 kB
VmallocUsed:      135248 kB
VmallocChunk:   251433516 kB
Time pass: 369 sec

---2015-11-24 16:26:27
MemTotal:        2899420 kB
MemFree:          105844 kB
Buffers:           17580 kB
Cached:           966184 kB
SwapCached:            4 kB
Active:          1313004 kB
Inactive:         678000 kB
Active(anon):     822192 kB
Inactive(anon):   200432 kB
Active(file):     490812 kB
Inactive(file):   477568 kB
Unevictable:       13556 kB
Mlocked:               0 kB
SwapTotal:        721780 kB
SwapFree:         717428 kB
Dirty:                 0 kB
Writeback:             0 kB
AnonPages:       1020660 kB
Mapped:           627320 kB
Shmem:              1828 kB
Slab:              98116 kB
SReclaimable:      31936 kB
SUnreclaim:        66180 kB
KernelStack:       38640 kB
PageTables:        49620 kB
NFS_Unstable:          0 kB
Bounce:                0 kB
WritebackTmp:          0 kB
CommitLimit:     2171488 kB
Committed_AS:   116152512 kB
VmallocTotal:   251658176 kB
VmallocUsed:      135248 kB
VmallocChunk:   251433516 kB
Time pass: 373 sec

---2015-11-24 16:26:27
MemTotal:        2899420 kB
MemFree:          104464 kB
Buffers:           17588 kB
Cached:           966188 kB
SwapCached:            4 kB
Active:          1314224 kB
Inactive:         678012 kB
Active(anon):     823412 kB
Inactive(anon):   200432 kB
Active(file):     490812 kB
Inactive(file):   477580 kB
Unevictable:       13556 kB
Mlocked:               0 kB
SwapTotal:        721780 kB
SwapFree:         717428 kB
Dirty:                36 kB
Writeback:             0 kB
AnonPages:       1022168 kB
Mapped:           627320 kB
Shmem:              1828 kB
Slab:              98088 kB
SReclaimable:      31936 kB
SUnreclaim:        66152 kB
KernelStack:       38640 kB
PageTables:        49620 kB
NFS_Unstable:          0 kB
Bounce:                0 kB
WritebackTmp:          0 kB
CommitLimit:     2171488 kB
Committed_AS:   116152496 kB
VmallocTotal:   251658176 kB
VmallocUsed:      135248 kB
VmallocChunk:   251433516 kB
Time pass: 377 sec

---2015-11-24 16:26:27
MemTotal:        2899420 kB
MemFree:          104832 kB
Buffers:           17604 kB
Cached:           966188 kB
SwapCached:            4 kB
Active:          1313976 kB
Inactive:         678028 kB
Active(anon):     823164 kB
Inactive(anon):   200432 kB
Active(file):     490812 kB
Inactive(file):   477596 kB
Unevictable:       13556 kB
Mlocked:               0 kB
SwapTotal:        721780 kB
SwapFree:         717428 kB
Dirty:                52 kB
Writeback:             0 kB
AnonPages:       1021964 kB
Mapped:           627320 kB
Shmem:              1828 kB
Slab:              98088 kB
SReclaimable:      31936 kB
SUnreclaim:        66152 kB
KernelStack:       38640 kB
PageTables:        49620 kB
NFS_Unstable:          0 kB
Bounce:                0 kB
WritebackTmp:          0 kB
CommitLimit:     2171488 kB
Committed_AS:   116152504 kB
VmallocTotal:   251658176 kB
VmallocUsed:      135248 kB
VmallocChunk:   251433516 kB
Time pass: 381 sec

---2015-11-24 16:26:27
MemTotal:        2899420 kB
MemFree:          104560 kB
Buffers:           17612 kB
Cached:           966196 kB
SwapCached:            4 kB
Active:          1314940 kB
Inactive:         678044 kB
Active(anon):     824128 kB
Inactive(anon):   200432 kB
Active(file):     490812 kB
Inactive(file):   477612 kB
Unevictable:       13556 kB
Mlocked:               0 kB
SwapTotal:        721780 kB
SwapFree:         717428 kB
Dirty:                32 kB
Writeback:             0 kB
AnonPages:       1022344 kB
Mapped:           627408 kB
Shmem:              1828 kB
Slab:              98036 kB
SReclaimable:      31936 kB
SUnreclaim:        66100 kB
KernelStack:       38624 kB
PageTables:        49648 kB
NFS_Unstable:          0 kB
Bounce:                0 kB
WritebackTmp:          0 kB
CommitLimit:     2171488 kB
Committed_AS:   116152512 kB
VmallocTotal:   251658176 kB
VmallocUsed:      135248 kB
VmallocChunk:   251433516 kB
Time pass: 385 sec

---2015-11-24 16:26:27
MemTotal:        2899420 kB
MemFree:          103936 kB
Buffers:           17628 kB
Cached:           966196 kB
SwapCached:            4 kB
Active:          1314612 kB
Inactive:         678060 kB
Active(anon):     823800 kB
Inactive(anon):   200432 kB
Active(file):     490812 kB
Inactive(file):   477628 kB
Unevictable:       13556 kB
Mlocked:               0 kB
SwapTotal:        721780 kB
SwapFree:         717428 kB
Dirty:                40 kB
Writeback:            16 kB
AnonPages:       1022156 kB
Mapped:           627416 kB
Shmem:              1828 kB
Slab:              98040 kB
SReclaimable:      31936 kB
SUnreclaim:        66104 kB
KernelStack:       38624 kB
PageTables:        49648 kB
NFS_Unstable:          0 kB
Bounce:                0 kB
WritebackTmp:          0 kB
CommitLimit:     2171488 kB
Committed_AS:   116152504 kB
VmallocTotal:   251658176 kB
VmallocUsed:      135248 kB
VmallocChunk:   251433516 kB
Time pass: 389 sec

---2015-11-24 16:26:27
MemTotal:        2899420 kB
MemFree:          104176 kB
Buffers:           17636 kB
Cached:           966192 kB
SwapCached:            4 kB
Active:          1314364 kB
Inactive:         678060 kB
Active(anon):     823552 kB
Inactive(anon):   200432 kB
Active(file):     490812 kB
Inactive(file):   477628 kB
Unevictable:       13556 kB
Mlocked:               0 kB
SwapTotal:        721780 kB
SwapFree:         717428 kB
Dirty:                72 kB
Writeback:             0 kB
AnonPages:       1022144 kB
Mapped:           627332 kB
Shmem:              1828 kB
Slab:              98040 kB
SReclaimable:      31936 kB
SUnreclaim:        66104 kB
KernelStack:       38608 kB
PageTables:        49620 kB
NFS_Unstable:          0 kB
Bounce:                0 kB
WritebackTmp:          0 kB
CommitLimit:     2171488 kB
Committed_AS:   116152416 kB
VmallocTotal:   251658176 kB
VmallocUsed:      135248 kB
VmallocChunk:   251433516 kB
Time pass: 393 sec

---2015-11-24 16:26:27
MemTotal:        2899420 kB
MemFree:          104324 kB
Buffers:           17652 kB
Cached:           966196 kB
SwapCached:            4 kB
Active:          1314920 kB
Inactive:         678084 kB
Active(anon):     824108 kB
Inactive(anon):   200432 kB
Active(file):     490812 kB
Inactive(file):   477652 kB
Unevictable:       13556 kB
Mlocked:               0 kB
SwapTotal:        721780 kB
SwapFree:         717428 kB
Dirty:                44 kB
Writeback:             0 kB
AnonPages:       1022292 kB
Mapped:           627416 kB
Shmem:              1828 kB
Slab:              98068 kB
SReclaimable:      31936 kB
SUnreclaim:        66132 kB
KernelStack:       38608 kB
PageTables:        49652 kB
NFS_Unstable:          0 kB
Bounce:                0 kB
WritebackTmp:          0 kB
CommitLimit:     2171488 kB
Committed_AS:   116152416 kB
VmallocTotal:   251658176 kB
VmallocUsed:      135248 kB
VmallocChunk:   251433516 kB
Time pass: 397 sec

---2015-11-24 16:26:27
MemTotal:        2899420 kB
MemFree:          102960 kB
Buffers:           17660 kB
Cached:           966188 kB
SwapCached:            4 kB
Active:          1315968 kB
Inactive:         678080 kB
Active(anon):     825156 kB
Inactive(anon):   200428 kB
Active(file):     490812 kB
Inactive(file):   477652 kB
Unevictable:       13556 kB
Mlocked:               0 kB
SwapTotal:        721780 kB
SwapFree:         717428 kB
Dirty:                32 kB
Writeback:             0 kB
AnonPages:       1023440 kB
Mapped:           627440 kB
Shmem:              1828 kB
Slab:              98192 kB
SReclaimable:      31936 kB
SUnreclaim:        66256 kB
KernelStack:       38608 kB
PageTables:        49652 kB
NFS_Unstable:          0 kB
Bounce:                0 kB
WritebackTmp:          0 kB
CommitLimit:     2171488 kB
Committed_AS:   116152416 kB
VmallocTotal:   251658176 kB
VmallocUsed:      135248 kB
VmallocChunk:   251433516 kB
Time pass: 401 sec

---2015-11-24 16:26:27
MemTotal:        2899420 kB
MemFree:          102792 kB
Buffers:           17676 kB
Cached:           966196 kB
SwapCached:            4 kB
Active:          1316444 kB
Inactive:         678100 kB
Active(anon):     825628 kB
Inactive(anon):   200428 kB
Active(file):     490816 kB
Inactive(file):   477672 kB
Unevictable:       13556 kB
Mlocked:               0 kB
SwapTotal:        721780 kB
SwapFree:         717428 kB
Dirty:                48 kB
Writeback:             0 kB
AnonPages:       1024148 kB
Mapped:           627508 kB
Shmem:              1828 kB
Slab:              98052 kB
SReclaimable:      31936 kB
SUnreclaim:        66116 kB
KernelStack:       38592 kB
PageTables:        49652 kB
NFS_Unstable:          0 kB
Bounce:                0 kB
WritebackTmp:          0 kB
CommitLimit:     2171488 kB
Committed_AS:   116152440 kB
VmallocTotal:   251658176 kB
VmallocUsed:      135248 kB
VmallocChunk:   251433516 kB
Time pass: 405 sec

---2015-11-24 16:26:27
MemTotal:        2899420 kB
MemFree:          102276 kB
Buffers:           17676 kB
Cached:           966196 kB
SwapCached:            4 kB
Active:          1316644 kB
Inactive:         678100 kB
Active(anon):     825828 kB
Inactive(anon):   200428 kB
Active(file):     490816 kB
Inactive(file):   477672 kB
Unevictable:       13556 kB
Mlocked:               0 kB
SwapTotal:        721780 kB
SwapFree:         717428 kB
Dirty:                 4 kB
Writeback:             0 kB
AnonPages:       1024432 kB
Mapped:           627508 kB
Shmem:              1828 kB
Slab:              98088 kB
SReclaimable:      31936 kB
SUnreclaim:        66152 kB
KernelStack:       38592 kB
PageTables:        49652 kB
NFS_Unstable:          0 kB
Bounce:                0 kB
WritebackTmp:          0 kB
CommitLimit:     2171488 kB
Committed_AS:   116152448 kB
VmallocTotal:   251658176 kB
VmallocUsed:      135248 kB
VmallocChunk:   251433516 kB
Time pass: 409 sec

---2015-11-24 16:26:27
MemTotal:        2899420 kB
MemFree:          101816 kB
Buffers:           17700 kB
Cached:           966196 kB
SwapCached:            4 kB
Active:          1317260 kB
Inactive:         678124 kB
Active(anon):     826444 kB
Inactive(anon):   200428 kB
Active(file):     490816 kB
Inactive(file):   477696 kB
Unevictable:       13556 kB
Mlocked:               0 kB
SwapTotal:        721780 kB
SwapFree:         717428 kB
Dirty:                48 kB
Writeback:             0 kB
AnonPages:       1024824 kB
Mapped:           627372 kB
Shmem:              1828 kB
Slab:              98068 kB
SReclaimable:      31936 kB
SUnreclaim:        66132 kB
KernelStack:       38592 kB
PageTables:        49680 kB
NFS_Unstable:          0 kB
Bounce:                0 kB
WritebackTmp:          0 kB
CommitLimit:     2171488 kB
Committed_AS:   116152432 kB
VmallocTotal:   251658176 kB
VmallocUsed:      135248 kB
VmallocChunk:   251433516 kB
Time pass: 413 sec

---2015-11-24 16:26:27
MemTotal:        2899420 kB
MemFree:          101708 kB
Buffers:           17700 kB
Cached:           966196 kB
SwapCached:            4 kB
Active:          1317696 kB
Inactive:         678124 kB
Active(anon):     826880 kB
Inactive(anon):   200428 kB
Active(file):     490816 kB
Inactive(file):   477696 kB
Unevictable:       13556 kB
Mlocked:               0 kB
SwapTotal:        721780 kB
SwapFree:         717428 kB
Dirty:                 0 kB
Writeback:             0 kB
AnonPages:       1025248 kB
Mapped:           627508 kB
Shmem:              1828 kB
Slab:              98080 kB
SReclaimable:      31936 kB
SUnreclaim:        66144 kB
KernelStack:       38608 kB
PageTables:        49656 kB
NFS_Unstable:          0 kB
Bounce:                0 kB
WritebackTmp:          0 kB
CommitLimit:     2171488 kB
Committed_AS:   116152440 kB
VmallocTotal:   251658176 kB
VmallocUsed:      135248 kB
VmallocChunk:   251433516 kB
Time pass: 417 sec

---2015-11-24 16:26:27
MemTotal:        2899420 kB
MemFree:          101440 kB
Buffers:           17724 kB
Cached:           966196 kB
SwapCached:            4 kB
Active:          1317708 kB
Inactive:         678148 kB
Active(anon):     826892 kB
Inactive(anon):   200428 kB
Active(file):     490816 kB
Inactive(file):   477720 kB
Unevictable:       13556 kB
Mlocked:               0 kB
SwapTotal:        721780 kB
SwapFree:         717428 kB
Dirty:                40 kB
Writeback:             0 kB
AnonPages:       1025360 kB
Mapped:           627496 kB
Shmem:              1828 kB
Slab:              98056 kB
SReclaimable:      31936 kB
SUnreclaim:        66120 kB
KernelStack:       38560 kB
PageTables:        49660 kB
NFS_Unstable:          0 kB
Bounce:                0 kB
WritebackTmp:          0 kB
CommitLimit:     2171488 kB
Committed_AS:   116152432 kB
VmallocTotal:   251658176 kB
VmallocUsed:      135248 kB
VmallocChunk:   251433516 kB
Time pass: 422 sec

---2015-11-24 16:26:27
MemTotal:        2899420 kB
MemFree:           97624 kB
Buffers:           17732 kB
Cached:           966356 kB
SwapCached:            4 kB
Active:          1320640 kB
Inactive:         678152 kB
Active(anon):     829660 kB
Inactive(anon):   200428 kB
Active(file):     490980 kB
Inactive(file):   477724 kB
Unevictable:       13556 kB
Mlocked:               0 kB
SwapTotal:        721780 kB
SwapFree:         717428 kB
Dirty:                36 kB
Writeback:             0 kB
AnonPages:       1028144 kB
Mapped:           628636 kB
Shmem:              1828 kB
Slab:              98188 kB
SReclaimable:      31936 kB
SUnreclaim:        66252 kB
KernelStack:       38832 kB
PageTables:        50096 kB
NFS_Unstable:          0 kB
Bounce:                0 kB
WritebackTmp:          0 kB
CommitLimit:     2171488 kB
Committed_AS:   117388372 kB
VmallocTotal:   251658176 kB
VmallocUsed:      136268 kB
VmallocChunk:   251433516 kB
Time pass: 427 sec

---2015-11-24 16:26:27
MemTotal:        2899420 kB
MemFree:           96368 kB
Buffers:           17748 kB
Cached:           966356 kB
SwapCached:            4 kB
Active:          1321896 kB
Inactive:         678168 kB
Active(anon):     830916 kB
Inactive(anon):   200428 kB
Active(file):     490980 kB
Inactive(file):   477740 kB
Unevictable:       13556 kB
Mlocked:               0 kB
SwapTotal:        721780 kB
SwapFree:         717428 kB
Dirty:                 0 kB
Writeback:             0 kB
AnonPages:       1029724 kB
Mapped:           628648 kB
Shmem:              1828 kB
Slab:              98056 kB
SReclaimable:      31936 kB
SUnreclaim:        66120 kB
KernelStack:       38816 kB
PageTables:        50116 kB
NFS_Unstable:          0 kB
Bounce:                0 kB
WritebackTmp:          0 kB
CommitLimit:     2171488 kB
Committed_AS:   117388508 kB
VmallocTotal:   251658176 kB
VmallocUsed:      136268 kB
VmallocChunk:   251433516 kB
Time pass: 433 sec

---2015-11-24 16:26:27
MemTotal:        2899420 kB
MemFree:           96240 kB
Buffers:           17772 kB
Cached:           966356 kB
SwapCached:            4 kB
Active:          1321484 kB
Inactive:         678192 kB
Active(anon):     830504 kB
Inactive(anon):   200428 kB
Active(file):     490980 kB
Inactive(file):   477764 kB
Unevictable:       13556 kB
Mlocked:               0 kB
SwapTotal:        721780 kB
SwapFree:         717428 kB
Dirty:                44 kB
Writeback:             0 kB
AnonPages:       1029304 kB
Mapped:           628648 kB
Shmem:              1828 kB
Slab:              98044 kB
SReclaimable:      31936 kB
SUnreclaim:        66108 kB
KernelStack:       38816 kB
PageTables:        50116 kB
NFS_Unstable:          0 kB
Bounce:                0 kB
WritebackTmp:          0 kB
CommitLimit:     2171488 kB
Committed_AS:   117388508 kB
VmallocTotal:   251658176 kB
VmallocUsed:      136268 kB
VmallocChunk:   251433516 kB
Time pass: 437 sec

---2015-11-24 16:26:27
MemTotal:        2899420 kB
MemFree:           96276 kB
Buffers:           17772 kB
Cached:           966356 kB
SwapCached:            4 kB
Active:          1321688 kB
Inactive:         678192 kB
Active(anon):     830708 kB
Inactive(anon):   200428 kB
Active(file):     490980 kB
Inactive(file):   477764 kB
Unevictable:       13556 kB
Mlocked:               0 kB
SwapTotal:        721780 kB
SwapFree:         717428 kB
Dirty:                 0 kB
Writeback:             0 kB
AnonPages:       1029252 kB
Mapped:           628632 kB
Shmem:              1828 kB
Slab:              98116 kB
SReclaimable:      31936 kB
SUnreclaim:        66180 kB
KernelStack:       38800 kB
PageTables:        50116 kB
NFS_Unstable:          0 kB
Bounce:                0 kB
WritebackTmp:          0 kB
CommitLimit:     2171488 kB
Committed_AS:   117388500 kB
VmallocTotal:   251658176 kB
VmallocUsed:      136268 kB
VmallocChunk:   251433516 kB
Time pass: 441 sec

---2015-11-24 16:26:27
MemTotal:        2899420 kB
MemFree:           95236 kB
Buffers:           17796 kB
Cached:           966356 kB
SwapCached:            4 kB
Active:          1322548 kB
Inactive:         678212 kB
Active(anon):     831568 kB
Inactive(anon):   200428 kB
Active(file):     490980 kB
Inactive(file):   477784 kB
Unevictable:       13556 kB
Mlocked:               0 kB
SwapTotal:        721780 kB
SwapFree:         717428 kB
Dirty:                44 kB
Writeback:             0 kB
AnonPages:       1030408 kB
Mapped:           628672 kB
Shmem:              1828 kB
Slab:              98092 kB
SReclaimable:      31936 kB
SUnreclaim:        66156 kB
KernelStack:       38800 kB
PageTables:        50116 kB
NFS_Unstable:          0 kB
Bounce:                0 kB
WritebackTmp:          0 kB
CommitLimit:     2171488 kB
Committed_AS:   117388508 kB
VmallocTotal:   251658176 kB
VmallocUsed:      136268 kB
VmallocChunk:   251433516 kB
Time pass: 445 sec

---2015-11-24 16:26:27
MemTotal:        2899420 kB
MemFree:          104312 kB
Buffers:           17796 kB
Cached:           966408 kB
SwapCached:            4 kB
Active:          1314920 kB
Inactive:         677896 kB
Active(anon):     823568 kB
Inactive(anon):   200480 kB
Active(file):     491352 kB
Inactive(file):   477416 kB
Unevictable:       13556 kB
Mlocked:               0 kB
SwapTotal:        721780 kB
SwapFree:         717428 kB
Dirty:                40 kB
Writeback:             0 kB
AnonPages:       1021896 kB
Mapped:           623984 kB
Shmem:              1880 kB
Slab:              98224 kB
SReclaimable:      31936 kB
SUnreclaim:        66288 kB
KernelStack:       38816 kB
PageTables:        49456 kB
NFS_Unstable:          0 kB
Bounce:                0 kB
WritebackTmp:          0 kB
CommitLimit:     2171488 kB
Committed_AS:   115606148 kB
VmallocTotal:   251658176 kB
VmallocUsed:      135248 kB
VmallocChunk:   251433516 kB
Time pass: 449 sec

---2015-11-24 16:26:27
MemTotal:        2899420 kB
MemFree:          111584 kB
Buffers:           17820 kB
Cached:           966392 kB
SwapCached:            4 kB
Active:          1307172 kB
Inactive:         677904 kB
Active(anon):     815820 kB
Inactive(anon):   200480 kB
Active(file):     491352 kB
Inactive(file):   477424 kB
Unevictable:       13556 kB
Mlocked:               0 kB
SwapTotal:        721780 kB
SwapFree:         717428 kB
Dirty:                 0 kB
Writeback:             0 kB
AnonPages:       1014652 kB
Mapped:           623984 kB
Shmem:              1880 kB
Slab:              98072 kB
SReclaimable:      31936 kB
SUnreclaim:        66136 kB
KernelStack:       38560 kB
PageTables:        49460 kB
NFS_Unstable:          0 kB
Bounce:                0 kB
WritebackTmp:          0 kB
CommitLimit:     2171488 kB
Committed_AS:   115606060 kB
VmallocTotal:   251658176 kB
VmallocUsed:      135248 kB
VmallocChunk:   251433516 kB
Time pass: 453 sec

---2015-11-24 16:26:27
MemTotal:        2899420 kB
MemFree:          112236 kB
Buffers:           17820 kB
Cached:           966440 kB
SwapCached:            4 kB
Active:          1307196 kB
Inactive:         677952 kB
Active(anon):     815844 kB
Inactive(anon):   200512 kB
Active(file):     491352 kB
Inactive(file):   477440 kB
Unevictable:       13556 kB
Mlocked:               0 kB
SwapTotal:        721780 kB
SwapFree:         717428 kB
Dirty:                40 kB
Writeback:             0 kB
AnonPages:       1014444 kB
Mapped:           624016 kB
Shmem:              1912 kB
Slab:              98116 kB
SReclaimable:      31936 kB
SUnreclaim:        66180 kB
KernelStack:       38560 kB
PageTables:        49464 kB
NFS_Unstable:          0 kB
Bounce:                0 kB
WritebackTmp:          0 kB
CommitLimit:     2171488 kB
Committed_AS:   115606076 kB
VmallocTotal:   251658176 kB
VmallocUsed:      135248 kB
VmallocChunk:   251433516 kB
Time pass: 457 sec

---2015-11-24 16:26:27
MemTotal:        2899420 kB
MemFree:          113272 kB
Buffers:           17844 kB
Cached:           966436 kB
SwapCached:            4 kB
Active:          1306404 kB
Inactive:         677968 kB
Active(anon):     815052 kB
Inactive(anon):   200512 kB
Active(file):     491352 kB
Inactive(file):   477456 kB
Unevictable:       13556 kB
Mlocked:               0 kB
SwapTotal:        721780 kB
SwapFree:         717428 kB
Dirty:                44 kB
Writeback:             8 kB
AnonPages:       1013748 kB
Mapped:           624092 kB
Shmem:              1912 kB
Slab:              98052 kB
SReclaimable:      31936 kB
SUnreclaim:        66116 kB
KernelStack:       38560 kB
PageTables:        49460 kB
NFS_Unstable:          0 kB
Bounce:                0 kB
WritebackTmp:          0 kB
CommitLimit:     2171488 kB
Committed_AS:   115606076 kB
VmallocTotal:   251658176 kB
VmallocUsed:      135248 kB
VmallocChunk:   251433516 kB
Time pass: 461 sec

---2015-11-24 16:26:27
MemTotal:        2899420 kB
MemFree:          113072 kB
Buffers:           17844 kB
