---2015-11-23 17:34:54
MemTotal:        1745540 kB
MemFree:          132756 kB
Buffers:            6636 kB
Cached:           412276 kB
SwapCached:        51224 kB
Active:           553260 kB
Inactive:         604264 kB
Active(anon):     371744 kB
Inactive(anon):   372508 kB
Active(file):     181516 kB
Inactive(file):   231756 kB
Unevictable:        3816 kB
Mlocked:               0 kB
HighTotal:       1217536 kB
HighFree:          73788 kB
LowTotal:         528004 kB
LowFree:           58968 kB
SwapTotal:       1310716 kB
SwapFree:         803276 kB
Dirty:                 0 kB
Writeback:             0 kB
AnonPages:        723616 kB
Mapped:           215376 kB
Shmem:              1824 kB
Slab:              57320 kB
SReclaimable:      15464 kB
SUnreclaim:        41856 kB
KernelStack:       14968 kB
PageTables:        53664 kB
NFS_Unstable:          0 kB
Bounce:                0 kB
WritebackTmp:          0 kB
CommitLimit:     2183484 kB
Committed_AS:   131277140 kB
VmallocTotal:     311296 kB
VmallocUsed:       38368 kB
VmallocChunk:     144396 kB
Time pass: 3 sec

---2015-11-23 17:34:54
MemTotal:        1745540 kB
MemFree:          132416 kB
Buffers:            6636 kB
Cached:           412428 kB
SwapCached:        51228 kB
Active:           553332 kB
Inactive:         604392 kB
Active(anon):     371788 kB
Inactive(anon):   372512 kB
Active(file):     181544 kB
Inactive(file):   231880 kB
Unevictable:        3816 kB
Mlocked:               0 kB
HighTotal:       1217536 kB
HighFree:          73448 kB
LowTotal:         528004 kB
LowFree:           58968 kB
SwapTotal:       1310716 kB
SwapFree:         803280 kB
Dirty:                 0 kB
Writeback:             0 kB
AnonPages:        723736 kB
Mapped:           215380 kB
Shmem:              1824 kB
Slab:              57320 kB
SReclaimable:      15464 kB
SUnreclaim:        41856 kB
KernelStack:       14968 kB
PageTables:        53672 kB
NFS_Unstable:          0 kB
Bounce:                0 kB
WritebackTmp:          0 kB
CommitLimit:     2183484 kB
Committed_AS:   131277220 kB
VmallocTotal:     311296 kB
VmallocUsed:       38368 kB
VmallocChunk:     144396 kB
Time pass: 7 sec

---2015-11-23 17:34:54
MemTotal:        1745540 kB
MemFree:          132340 kB
Buffers:            6636 kB
Cached:           412428 kB
SwapCached:        51228 kB
Active:           553456 kB
Inactive:         604396 kB
Active(anon):     371912 kB
Inactive(anon):   372516 kB
Active(file):     181544 kB
Inactive(file):   231880 kB
Unevictable:        3816 kB
Mlocked:               0 kB
HighTotal:       1217536 kB
HighFree:          73372 kB
LowTotal:         528004 kB
LowFree:           58968 kB
SwapTotal:       1310716 kB
SwapFree:         803284 kB
Dirty:                 0 kB
Writeback:             0 kB
AnonPages:        723876 kB
Mapped:           215380 kB
Shmem:              1824 kB
Slab:              57320 kB
SReclaimable:      15464 kB
SUnreclaim:        41856 kB
KernelStack:       14968 kB
PageTables:        53672 kB
NFS_Unstable:          0 kB
Bounce:                0 kB
WritebackTmp:          0 kB
CommitLimit:     2183484 kB
Committed_AS:   131277300 kB
VmallocTotal:     311296 kB
VmallocUsed:       38368 kB
VmallocChunk:     144396 kB
Time pass: 10 sec

---2015-11-23 17:34:54
MemTotal:        1745540 kB
MemFree:          131676 kB
Buffers:            6636 kB
Cached:           412936 kB
SwapCached:        51248 kB
Active:           553556 kB
Inactive:         604976 kB
Active(anon):     372012 kB
Inactive(anon):   372592 kB
Active(file):     181544 kB
Inactive(file):   232384 kB
Unevictable:        3816 kB
Mlocked:               0 kB
HighTotal:       1217536 kB
HighFree:          72668 kB
LowTotal:         528004 kB
LowFree:           59008 kB
SwapTotal:       1310716 kB
SwapFree:         803384 kB
Dirty:                 0 kB
Writeback:             0 kB
AnonPages:        724064 kB
Mapped:           215420 kB
Shmem:              1824 kB
Slab:              57320 kB
SReclaimable:      15464 kB
SUnreclaim:        41856 kB
KernelStack:       14928 kB
PageTables:        53672 kB
NFS_Unstable:          0 kB
Bounce:                0 kB
WritebackTmp:          0 kB
CommitLimit:     2183484 kB
Committed_AS:   131277460 kB
VmallocTotal:     311296 kB
VmallocUsed:       38368 kB
VmallocChunk:     144396 kB
Time pass: 14 sec

---2015-11-23 17:34:54
MemTotal:        1745540 kB
MemFree:          131420 kB
Buffers:            6636 kB
Cached:           412936 kB
SwapCached:        51248 kB
Active:           553696 kB
Inactive:         604996 kB
Active(anon):     372152 kB
Inactive(anon):   372608 kB
Active(file):     181544 kB
Inactive(file):   232388 kB
Unevictable:        3816 kB
Mlocked:               0 kB
HighTotal:       1217536 kB
HighFree:          72412 kB
LowTotal:         528004 kB
LowFree:           59008 kB
SwapTotal:       1310716 kB
SwapFree:         803384 kB
Dirty:                 0 kB
Writeback:             0 kB
AnonPages:        724200 kB
Mapped:           215420 kB
Shmem:              1824 kB
Slab:              57320 kB
SReclaimable:      15464 kB
SUnreclaim:        41856 kB
KernelStack:       14928 kB
PageTables:        53672 kB
NFS_Unstable:          0 kB
Bounce:                0 kB
WritebackTmp:          0 kB
CommitLimit:     2183484 kB
Committed_AS:   131277540 kB
VmallocTotal:     311296 kB
VmallocUsed:       38368 kB
VmallocChunk:     144396 kB
Time pass: 18 sec

---2015-11-23 17:34:54
MemTotal:        1745540 kB
MemFree:          101872 kB
Buffers:            6660 kB
Cached:           413872 kB
SwapCached:        51256 kB
Active:           558884 kB
Inactive:         604828 kB
Active(anon):     376072 kB
Inactive(anon):   372700 kB
Active(file):     182812 kB
Inactive(file):   232128 kB
Unevictable:        3816 kB
Mlocked:               0 kB
HighTotal:       1217536 kB
HighFree:          58560 kB
LowTotal:         528004 kB
LowFree:           43312 kB
SwapTotal:       1310716 kB
SwapFree:         803688 kB
Dirty:                 0 kB
Writeback:             0 kB
AnonPages:        728328 kB
Mapped:           219676 kB
Shmem:              1824 kB
Slab:              57320 kB
SReclaimable:      15464 kB
SUnreclaim:        41856 kB
KernelStack:       15144 kB
PageTables:        54052 kB
NFS_Unstable:          0 kB
Bounce:                0 kB
WritebackTmp:          0 kB
CommitLimit:     2183484 kB
Committed_AS:   132523884 kB
VmallocTotal:     311296 kB
VmallocUsed:       38636 kB
VmallocChunk:     144396 kB
Time pass: 21 sec

---2015-11-23 17:34:54
MemTotal:        1745540 kB
MemFree:           62132 kB
Buffers:            6264 kB
Cached:           406616 kB
SwapCached:        51776 kB
Active:           575924 kB
Inactive:         595660 kB
Active(anon):     381112 kB
Inactive(anon):   383508 kB
Active(file):     194812 kB
Inactive(file):   212152 kB
Unevictable:        3816 kB
Mlocked:               0 kB
HighTotal:       1217536 kB
HighFree:          37232 kB
LowTotal:         528004 kB
LowFree:           24900 kB
SwapTotal:       1310716 kB
SwapFree:         787480 kB
Dirty:              1616 kB
Writeback:             0 kB
AnonPages:        743304 kB
Mapped:           277552 kB
Shmem:              1956 kB
Slab:              57308 kB
SReclaimable:      15464 kB
SUnreclaim:        41844 kB
KernelStack:       15544 kB
PageTables:        54700 kB
NFS_Unstable:          0 kB
Bounce:                0 kB
WritebackTmp:          0 kB
CommitLimit:     2183484 kB
Committed_AS:   132889048 kB
VmallocTotal:     311296 kB
VmallocUsed:       38916 kB
VmallocChunk:     144396 kB
Time pass: 25 sec

---2015-11-23 17:34:54
MemTotal:        1745540 kB
MemFree:           83272 kB
Buffers:            5832 kB
Cached:           384952 kB
SwapCached:        52700 kB
Active:           558616 kB
Inactive:         564360 kB
Active(anon):     366068 kB
Inactive(anon):   371896 kB
Active(file):     192548 kB
Inactive(file):   192464 kB
Unevictable:        3816 kB
Mlocked:               0 kB
HighTotal:       1217536 kB
HighFree:          55776 kB
LowTotal:         528004 kB
LowFree:           27496 kB
SwapTotal:       1310716 kB
SwapFree:         761684 kB
Dirty:                72 kB
Writeback:             0 kB
AnonPages:        715828 kB
Mapped:           287956 kB
Shmem:              1956 kB
Slab:              57524 kB
SReclaimable:      15512 kB
SUnreclaim:        42012 kB
KernelStack:       15408 kB
PageTables:        54844 kB
NFS_Unstable:          0 kB
Bounce:                0 kB
WritebackTmp:          0 kB
CommitLimit:     2183484 kB
Committed_AS:   132889336 kB
VmallocTotal:     311296 kB
VmallocUsed:       38920 kB
VmallocChunk:     144396 kB
Time pass: 29 sec

---2015-11-23 17:34:54
MemTotal:        1745540 kB
MemFree:           84648 kB
Buffers:            5848 kB
Cached:           384952 kB
SwapCached:        52700 kB
Active:           557256 kB
Inactive:         564396 kB
Active(anon):     364712 kB
Inactive(anon):   371912 kB
Active(file):     192544 kB
Inactive(file):   192484 kB
Unevictable:        3816 kB
Mlocked:               0 kB
HighTotal:       1217536 kB
HighFree:          57160 kB
LowTotal:         528004 kB
LowFree:           27488 kB
SwapTotal:       1310716 kB
SwapFree:         761704 kB
Dirty:                80 kB
Writeback:             0 kB
AnonPages:        714440 kB
Mapped:           287956 kB
Shmem:              1956 kB
Slab:              57532 kB
SReclaimable:      15512 kB
SUnreclaim:        42020 kB
KernelStack:       15416 kB
PageTables:        54844 kB
NFS_Unstable:          0 kB
Bounce:                0 kB
WritebackTmp:          0 kB
CommitLimit:     2183484 kB
Committed_AS:   132889656 kB
VmallocTotal:     311296 kB
VmallocUsed:       38920 kB
VmallocChunk:     144396 kB
Time pass: 32 sec

---2015-11-23 17:34:54
MemTotal:        1745540 kB
MemFree:           75208 kB
Buffers:            6044 kB
Cached:           369916 kB
SwapCached:        56860 kB
Active:           554852 kB
Inactive:         555608 kB
Active(anon):     369088 kB
Inactive(anon):   369444 kB
Active(file):     185764 kB
Inactive(file):   186164 kB
Unevictable:        3816 kB
Mlocked:               0 kB
HighTotal:       1217536 kB
HighFree:          47520 kB
LowTotal:         528004 kB
LowFree:           27688 kB
SwapTotal:       1310716 kB
SwapFree:         774352 kB
Dirty:                92 kB
Writeback:             0 kB
AnonPages:        716588 kB
Mapped:           284040 kB
Shmem:               216 kB
Slab:              57628 kB
SReclaimable:      15528 kB
SUnreclaim:        42100 kB
KernelStack:       15496 kB
PageTables:        55012 kB
NFS_Unstable:          0 kB
Bounce:                0 kB
WritebackTmp:          0 kB
CommitLimit:     2183484 kB
Committed_AS:   132843480 kB
VmallocTotal:     311296 kB
VmallocUsed:       39124 kB
VmallocChunk:     144396 kB
Time pass: 36 sec

---2015-11-23 17:34:54
MemTotal:        1745540 kB
MemFree:           65464 kB
Buffers:            6052 kB
Cached:           366948 kB
SwapCached:        57636 kB
Active:           557500 kB
Inactive:         555192 kB
Active(anon):     373284 kB
Inactive(anon):   370440 kB
Active(file):     184216 kB
Inactive(file):   184752 kB
Unevictable:        3816 kB
Mlocked:               0 kB
HighTotal:       1217536 kB
HighFree:          39692 kB
LowTotal:         528004 kB
LowFree:           25772 kB
SwapTotal:       1310716 kB
SwapFree:         772296 kB
Dirty:                44 kB
Writeback:             0 kB
AnonPages:        721788 kB
Mapped:           288948 kB
Shmem:               216 kB
Slab:              57628 kB
SReclaimable:      15528 kB
SUnreclaim:        42100 kB
KernelStack:       15480 kB
PageTables:        55044 kB
NFS_Unstable:          0 kB
Bounce:                0 kB
WritebackTmp:          0 kB
CommitLimit:     2183484 kB
Committed_AS:   132869396 kB
VmallocTotal:     311296 kB
VmallocUsed:       39300 kB
VmallocChunk:     144396 kB
Time pass: 39 sec

---2015-11-23 17:34:54
MemTotal:        1745540 kB
MemFree:           50700 kB
Buffers:            6124 kB
Cached:           361104 kB
SwapCached:        57632 kB
Active:           561332 kB
Inactive:         561564 kB
Active(anon):     379780 kB
Inactive(anon):   380116 kB
Active(file):     181552 kB
Inactive(file):   181448 kB
Unevictable:        3816 kB
Mlocked:               0 kB
HighTotal:       1217536 kB
HighFree:          25172 kB
LowTotal:         528004 kB
LowFree:           25528 kB
SwapTotal:       1310716 kB
SwapFree:         766900 kB
Dirty:               436 kB
Writeback:             0 kB
AnonPages:        738152 kB
Mapped:           292612 kB
Shmem:               220 kB
Slab:              57820 kB
SReclaimable:      15536 kB
SUnreclaim:        42284 kB
KernelStack:       15616 kB
PageTables:        55048 kB
NFS_Unstable:          0 kB
Bounce:                0 kB
WritebackTmp:          0 kB
CommitLimit:     2183484 kB
Committed_AS:   132878660 kB
VmallocTotal:     311296 kB
VmallocUsed:       39392 kB
VmallocChunk:     144396 kB
Time pass: 43 sec

---2015-11-23 17:34:54
MemTotal:        1745540 kB
MemFree:           68988 kB
Buffers:            6136 kB
Cached:           336040 kB
SwapCached:        57296 kB
Active:           528948 kB
Inactive:         537052 kB
Active(anon):     361012 kB
Inactive(anon):   366848 kB
Active(file):     167936 kB
Inactive(file):   170204 kB
Unevictable:        3816 kB
Mlocked:               0 kB
HighTotal:       1217536 kB
HighFree:          42044 kB
LowTotal:         528004 kB
LowFree:           26944 kB
SwapTotal:       1310716 kB
SwapFree:         742132 kB
Dirty:                44 kB
Writeback:             0 kB
AnonPages:        705040 kB
Mapped:           320112 kB
Shmem:               220 kB
Slab:              57952 kB
SReclaimable:      15552 kB
SUnreclaim:        42400 kB
KernelStack:       15520 kB
PageTables:        55140 kB
NFS_Unstable:          0 kB
Bounce:                0 kB
WritebackTmp:          0 kB
CommitLimit:     2183484 kB
Committed_AS:   132877236 kB
VmallocTotal:     311296 kB
VmallocUsed:       39364 kB
VmallocChunk:     144396 kB
Time pass: 47 sec

---2015-11-23 17:34:54
MemTotal:        1745540 kB
MemFree:           81096 kB
Buffers:            6152 kB
Cached:           335632 kB
SwapCached:        57352 kB
Active:           525688 kB
Inactive:         527492 kB
Active(anon):     357440 kB
Inactive(anon):   357992 kB
Active(file):     168248 kB
Inactive(file):   169500 kB
Unevictable:        3816 kB
Mlocked:               0 kB
HighTotal:       1217536 kB
HighFree:          53564 kB
LowTotal:         528004 kB
LowFree:           27532 kB
SwapTotal:       1310716 kB
SwapFree:         741380 kB
Dirty:                44 kB
Writeback:             0 kB
AnonPages:        692476 kB
Mapped:           315440 kB
Shmem:               220 kB
Slab:              57884 kB
SReclaimable:      15552 kB
SUnreclaim:        42332 kB
KernelStack:       15488 kB
PageTables:        55008 kB
NFS_Unstable:          0 kB
Bounce:                0 kB
WritebackTmp:          0 kB
CommitLimit:     2183484 kB
Committed_AS:   132886448 kB
VmallocTotal:     311296 kB
VmallocUsed:       38480 kB
VmallocChunk:     144396 kB
Time pass: 50 sec

---2015-11-23 17:34:54
MemTotal:        1745540 kB
MemFree:           85036 kB
Buffers:            6180 kB
Cached:           324604 kB
SwapCached:        57888 kB
Active:           515420 kB
Inactive:         515584 kB
Active(anon):     351132 kB
Inactive(anon):   353124 kB
Active(file):     164288 kB
Inactive(file):   162460 kB
Unevictable:        3816 kB
Mlocked:               0 kB
HighTotal:       1217536 kB
HighFree:          56924 kB
LowTotal:         528004 kB
LowFree:           28112 kB
SwapTotal:       1310716 kB
SwapFree:         728788 kB
Dirty:               348 kB
Writeback:             0 kB
AnonPages:        680888 kB
Mapped:           327200 kB
Shmem:               220 kB
Slab:              58016 kB
SReclaimable:      15568 kB
SUnreclaim:        42448 kB
KernelStack:       15544 kB
PageTables:        55064 kB
NFS_Unstable:          0 kB
Bounce:                0 kB
WritebackTmp:          0 kB
CommitLimit:     2183484 kB
Committed_AS:   132888992 kB
VmallocTotal:     311296 kB
VmallocUsed:       38384 kB
VmallocChunk:     144396 kB
Time pass: 54 sec

---2015-11-23 17:34:54
MemTotal:        1745540 kB
MemFree:           78072 kB
Buffers:            6188 kB
Cached:           320160 kB
SwapCached:        58328 kB
Active:           516512 kB
Inactive:         514568 kB
Active(anon):     354280 kB
Inactive(anon):   354544 kB
Active(file):     162232 kB
Inactive(file):   160024 kB
Unevictable:        3816 kB
Mlocked:               0 kB
HighTotal:       1217536 kB
HighFree:          49192 kB
LowTotal:         528004 kB
LowFree:           28880 kB
SwapTotal:       1310716 kB
SwapFree:         720100 kB
Dirty:               560 kB
Writeback:             0 kB
AnonPages:        685660 kB
Mapped:           332628 kB
Shmem:               220 kB
Slab:              58224 kB
SReclaimable:      15568 kB
SUnreclaim:        42656 kB
KernelStack:       15544 kB
PageTables:        55060 kB
NFS_Unstable:          0 kB
Bounce:                0 kB
WritebackTmp:          0 kB
CommitLimit:     2183484 kB
Committed_AS:   132899952 kB
VmallocTotal:     311296 kB
VmallocUsed:       38604 kB
VmallocChunk:     144396 kB
Time pass: 58 sec

---2015-11-23 17:34:54
MemTotal:        1745540 kB
MemFree:           88752 kB
Buffers:            6188 kB
Cached:           311848 kB
SwapCached:        58516 kB
Active:           507732 kB
Inactive:         505004 kB
Active(anon):     349324 kB
Inactive(anon):   349484 kB
Active(file):     158408 kB
Inactive(file):   155520 kB
Unevictable:        3816 kB
Mlocked:               0 kB
HighTotal:       1217536 kB
HighFree:          59600 kB
LowTotal:         528004 kB
LowFree:           29152 kB
SwapTotal:       1310716 kB
SwapFree:         713596 kB
Dirty:               604 kB
Writeback:             0 kB
AnonPages:        674924 kB
Mapped:           336956 kB
Shmem:               220 kB
Slab:              58240 kB
SReclaimable:      15568 kB
SUnreclaim:        42672 kB
KernelStack:       15536 kB
PageTables:        55136 kB
NFS_Unstable:          0 kB
Bounce:                0 kB
WritebackTmp:          0 kB
CommitLimit:     2183484 kB
Committed_AS:   132899240 kB
VmallocTotal:     311296 kB
VmallocUsed:       38536 kB
VmallocChunk:     144396 kB
Time pass: 62 sec

---2015-11-23 17:34:54
MemTotal:        1745540 kB
MemFree:           53076 kB
Buffers:            6304 kB
Cached:           296688 kB
SwapCached:        59060 kB
Active:           506288 kB
Inactive:         506244 kB
Active(anon):     357180 kB
Inactive(anon):   356936 kB
Active(file):     149108 kB
Inactive(file):   149308 kB
Unevictable:        3816 kB
Mlocked:               0 kB
HighTotal:       1217536 kB
HighFree:          26836 kB
LowTotal:         528004 kB
LowFree:           26240 kB
SwapTotal:       1310716 kB
SwapFree:         708680 kB
Dirty:                 0 kB
Writeback:             0 kB
AnonPages:        689872 kB
Mapped:           338860 kB
Shmem:               220 kB
Slab:              58384 kB
SReclaimable:      15552 kB
SUnreclaim:        42832 kB
KernelStack:       15864 kB
PageTables:        55284 kB
NFS_Unstable:          0 kB
Bounce:                0 kB
WritebackTmp:          0 kB
CommitLimit:     2183484 kB
Committed_AS:   132955116 kB
VmallocTotal:     311296 kB
VmallocUsed:       38672 kB
VmallocChunk:     144396 kB
Time pass: 65 sec

---2015-11-23 17:34:54
MemTotal:        1745540 kB
MemFree:           82496 kB
Buffers:            6208 kB
Cached:           280136 kB
SwapCached:        60460 kB
Active:           491080 kB
Inactive:         483044 kB
Active(anon):     347544 kB
Inactive(anon):   344432 kB
Active(file):     143536 kB
Inactive(file):   138612 kB
Unevictable:        3816 kB
Mlocked:               0 kB
HighTotal:       1217536 kB
HighFree:          54044 kB
LowTotal:         528004 kB
LowFree:           28452 kB
SwapTotal:       1310716 kB
SwapFree:         682108 kB
Dirty:                56 kB
Writeback:             0 kB
AnonPages:        666468 kB
Mapped:           335620 kB
Shmem:               380 kB
Slab:              58664 kB
SReclaimable:      15544 kB
SUnreclaim:        43120 kB
KernelStack:       15808 kB
PageTables:        54864 kB
NFS_Unstable:          0 kB
Bounce:                0 kB
WritebackTmp:          0 kB
CommitLimit:     2183484 kB
Committed_AS:   131458104 kB
VmallocTotal:     311296 kB
VmallocUsed:       37516 kB
VmallocChunk:     144396 kB
Time pass: 69 sec

---2015-11-23 17:34:54
MemTotal:        1745540 kB
MemFree:           97896 kB
Buffers:            6116 kB
Cached:           260872 kB
SwapCached:        60212 kB
Active:           460412 kB
Inactive:         459716 kB
Active(anon):     328624 kB
Inactive(anon):   328808 kB
Active(file):     131788 kB
Inactive(file):   130908 kB
Unevictable:        3816 kB
Mlocked:               0 kB
HighTotal:       1217536 kB
HighFree:          68200 kB
LowTotal:         528004 kB
LowFree:           29696 kB
SwapTotal:       1310716 kB
SwapFree:         646768 kB
Dirty:                32 kB
Writeback:             0 kB
AnonPages:        631504 kB
Mapped:           331560 kB
Shmem:               476 kB
Slab:              59000 kB
SReclaimable:      15536 kB
SUnreclaim:        43464 kB
KernelStack:       15728 kB
PageTables:        55020 kB
NFS_Unstable:          0 kB
Bounce:                0 kB
WritebackTmp:          0 kB
CommitLimit:     2183484 kB
Committed_AS:   131458216 kB
VmallocTotal:     311296 kB
VmallocUsed:       37652 kB
VmallocChunk:     144396 kB
Time pass: 72 sec

---2015-11-23 17:34:54
MemTotal:        1745540 kB
MemFree:           98272 kB
Buffers:            6116 kB
Cached:           260996 kB
SwapCached:        60208 kB
Active:           460640 kB
Inactive:         459904 kB
Active(anon):     328844 kB
Inactive(anon):   328988 kB
Active(file):     131796 kB
Inactive(file):   130916 kB
Unevictable:        3816 kB
Mlocked:               0 kB
HighTotal:       1217536 kB
HighFree:          68280 kB
LowTotal:         528004 kB
LowFree:           29992 kB
SwapTotal:       1310716 kB
SwapFree:         646796 kB
Dirty:                44 kB
Writeback:             0 kB
AnonPages:        631568 kB
Mapped:           331608 kB
Shmem:               584 kB
Slab:              59012 kB
SReclaimable:      15536 kB
SUnreclaim:        43476 kB
KernelStack:       15688 kB
PageTables:        55012 kB
NFS_Unstable:          0 kB
Bounce:                0 kB
WritebackTmp:          0 kB
CommitLimit:     2183484 kB
Committed_AS:   131459296 kB
VmallocTotal:     311296 kB
VmallocUsed:       37584 kB
VmallocChunk:     144396 kB
Time pass: 76 sec

---2015-11-23 17:34:54
MemTotal:        1745540 kB
MemFree:           96752 kB
Buffers:            6124 kB
Cached:           261048 kB
SwapCached:        60204 kB
Active:           461560 kB
Inactive:         459984 kB
Active(anon):     329764 kB
Inactive(anon):   329060 kB
Active(file):     131796 kB
Inactive(file):   130924 kB
Unevictable:        3816 kB
Mlocked:               0 kB
HighTotal:       1217536 kB
HighFree:          66724 kB
LowTotal:         528004 kB
LowFree:           30028 kB
SwapTotal:       1310716 kB
SwapFree:         646828 kB
Dirty:                28 kB
Writeback:             0 kB
AnonPages:        632644 kB
Mapped:           331720 kB
Shmem:               636 kB
Slab:              58976 kB
SReclaimable:      15536 kB
SUnreclaim:        43440 kB
KernelStack:       15736 kB
PageTables:        54996 kB
NFS_Unstable:          0 kB
Bounce:                0 kB
WritebackTmp:          0 kB
CommitLimit:     2183484 kB
Committed_AS:   131459368 kB
VmallocTotal:     311296 kB
VmallocUsed:       37652 kB
VmallocChunk:     144396 kB
Time pass: 79 sec

---2015-11-23 17:34:54
MemTotal:        1745540 kB
MemFree:           93156 kB
Buffers:            6140 kB
Cached:           261048 kB
SwapCached:        60204 kB
Active:           464720 kB
Inactive:         460080 kB
Active(anon):     332924 kB
Inactive(anon):   329140 kB
Active(file):     131796 kB
Inactive(file):   130940 kB
Unevictable:        3816 kB
Mlocked:               0 kB
HighTotal:       1217536 kB
HighFree:          63612 kB
LowTotal:         528004 kB
LowFree:           29544 kB
SwapTotal:       1310716 kB
SwapFree:         646904 kB
Dirty:                36 kB
Writeback:             0 kB
AnonPages:        635772 kB
Mapped:           331724 kB
Shmem:               636 kB
Slab:              58976 kB
SReclaimable:      15536 kB
SUnreclaim:        43440 kB
KernelStack:       15752 kB
PageTables:        55032 kB
NFS_Unstable:          0 kB
Bounce:                0 kB
WritebackTmp:          0 kB
CommitLimit:     2183484 kB
Committed_AS:   131462568 kB
VmallocTotal:     311296 kB
VmallocUsed:       37652 kB
VmallocChunk:     144396 kB
Time pass: 83 sec

---2015-11-23 17:34:54
MemTotal:        1745540 kB
MemFree:           92188 kB
Buffers:            6156 kB
Cached:           261048 kB
SwapCached:        60200 kB
Active:           466724 kB
Inactive:         460120 kB
Active(anon):     334928 kB
Inactive(anon):   329164 kB
Active(file):     131796 kB
Inactive(file):   130956 kB
Unevictable:        3816 kB
Mlocked:               0 kB
HighTotal:       1217536 kB
HighFree:          62248 kB
LowTotal:         528004 kB
LowFree:           29940 kB
SwapTotal:       1310716 kB
SwapFree:         646944 kB
Dirty:                44 kB
Writeback:             0 kB
AnonPages:        637804 kB
Mapped:           331704 kB
Shmem:               636 kB
Slab:              58976 kB
SReclaimable:      15536 kB
SUnreclaim:        43440 kB
KernelStack:       15720 kB
PageTables:        55016 kB
NFS_Unstable:          0 kB
Bounce:                0 kB
WritebackTmp:          0 kB
CommitLimit:     2183484 kB
Committed_AS:   131465768 kB
VmallocTotal:     311296 kB
VmallocUsed:       37584 kB
VmallocChunk:     144396 kB
Time pass: 86 sec

---2015-11-23 17:34:54
MemTotal:        1745540 kB
MemFree:          105532 kB
Buffers:            5960 kB
Cached:           271852 kB
SwapCached:        55592 kB
Active:           458748 kB
Inactive:         457720 kB
Active(anon):     322540 kB
Inactive(anon):   322952 kB
Active(file):     136208 kB
Inactive(file):   134768 kB
Unevictable:        3816 kB
Mlocked:               0 kB
HighTotal:       1217536 kB
HighFree:          74840 kB
LowTotal:         528004 kB
LowFree:           30692 kB
SwapTotal:       1310716 kB
SwapFree:         634588 kB
Dirty:                64 kB
Writeback:             0 kB
AnonPages:        617448 kB
Mapped:           327344 kB
Shmem:              2612 kB
Slab:              60060 kB
SReclaimable:      15536 kB
SUnreclaim:        44524 kB
KernelStack:       15624 kB
PageTables:        54732 kB
NFS_Unstable:          0 kB
Bounce:                0 kB
WritebackTmp:          0 kB
CommitLimit:     2183484 kB
Committed_AS:   131464980 kB
VmallocTotal:     311296 kB
VmallocUsed:       37588 kB
VmallocChunk:     144396 kB
Time pass: 90 sec

---2015-11-23 17:34:54
MemTotal:        1745540 kB
MemFree:          334384 kB
Buffers:            6024 kB
Cached:           270340 kB
SwapCached:        55636 kB
Active:           380952 kB
Inactive:         454316 kB
Active(anon):     242208 kB
Inactive(anon):   320608 kB
Active(file):     138744 kB
Inactive(file):   133708 kB
Unevictable:        3816 kB
Mlocked:               0 kB
HighTotal:       1217536 kB
HighFree:         248824 kB
LowTotal:         528004 kB
LowFree:           85560 kB
SwapTotal:       1310716 kB
SwapFree:         634676 kB
Dirty:               332 kB
Writeback:             0 kB
AnonPages:        536756 kB
Mapped:           171372 kB
Shmem:                84 kB
Slab:              59952 kB
SReclaimable:      15552 kB
SUnreclaim:        44400 kB
KernelStack:       14856 kB
PageTables:        53160 kB
NFS_Unstable:          0 kB
Bounce:                0 kB
WritebackTmp:          0 kB
CommitLimit:     2183484 kB
Committed_AS:   129778424 kB
VmallocTotal:     311296 kB
VmallocUsed:       36556 kB
VmallocChunk:     144396 kB
Time pass: 93 sec

---2015-11-23 17:34:54
MemTotal:        1745540 kB
MemFree:          335308 kB
Buffers:            6024 kB
Cached:           270448 kB
SwapCached:        55636 kB
Active:           379860 kB
Inactive:         454472 kB
Active(anon):     241104 kB
Inactive(anon):   320656 kB
Active(file):     138756 kB
Inactive(file):   133816 kB
Unevictable:        3816 kB
Mlocked:               0 kB
HighTotal:       1217536 kB
HighFree:         249740 kB
LowTotal:         528004 kB
LowFree:           85568 kB
SwapTotal:       1310716 kB
SwapFree:         634756 kB
Dirty:                 0 kB
Writeback:             0 kB
AnonPages:        535716 kB
Mapped:           171384 kB
Shmem:                84 kB
Slab:              59948 kB
SReclaimable:      15552 kB
SUnreclaim:        44396 kB
KernelStack:       14848 kB
PageTables:        53160 kB
NFS_Unstable:          0 kB
Bounce:                0 kB
WritebackTmp:          0 kB
CommitLimit:     2183484 kB
Committed_AS:   129778464 kB
VmallocTotal:     311296 kB
VmallocUsed:       36556 kB
VmallocChunk:     144396 kB
Time pass: 97 sec

---2015-11-23 17:34:54
MemTotal:        1745540 kB
MemFree:          337632 kB
Buffers:            6032 kB
Cached:           270448 kB
SwapCached:        55632 kB
Active:           377456 kB
Inactive:         454528 kB
Active(anon):     238700 kB
Inactive(anon):   320704 kB
Active(file):     138756 kB
Inactive(file):   133824 kB
Unevictable:        3816 kB
Mlocked:               0 kB
HighTotal:       1217536 kB
HighFree:         252028 kB
LowTotal:         528004 kB
LowFree:           85604 kB
SwapTotal:       1310716 kB
SwapFree:         634816 kB
Dirty:                48 kB
Writeback:             0 kB
AnonPages:        533348 kB
Mapped:           171384 kB
Shmem:                84 kB
Slab:              59940 kB
SReclaimable:      15552 kB
SUnreclaim:        44388 kB
KernelStack:       14848 kB
PageTables:        53156 kB
NFS_Unstable:          0 kB
Bounce:                0 kB
WritebackTmp:          0 kB
CommitLimit:     2183484 kB
Committed_AS:   129773616 kB
VmallocTotal:     311296 kB
VmallocUsed:       36556 kB
VmallocChunk:     144396 kB
Time pass: 101 sec

---2015-11-23 17:34:54
MemTotal:        1745540 kB
MemFree:          337348 kB
Buffers:            6032 kB
Cached:           270508 kB
SwapCached:        55644 kB
Active:           377664 kB
Inactive:         454608 kB
Active(anon):     238904 kB
Inactive(anon):   320728 kB
Active(file):     138760 kB
Inactive(file):   133880 kB
Unevictable:        3816 kB
Mlocked:               0 kB
HighTotal:       1217536 kB
HighFree:         251760 kB
LowTotal:         528004 kB
LowFree:           85588 kB
SwapTotal:       1310716 kB
SwapFree:         634840 kB
Dirty:                 0 kB
Writeback:             0 kB
AnonPages:        533508 kB
Mapped:           171404 kB
Shmem:                84 kB
Slab:              59940 kB
SReclaimable:      15552 kB
SUnreclaim:        44388 kB
KernelStack:       14840 kB
PageTables:        53152 kB
NFS_Unstable:          0 kB
Bounce:                0 kB
WritebackTmp:          0 kB
CommitLimit:     2183484 kB
Committed_AS:   129773856 kB
VmallocTotal:     311296 kB
VmallocUsed:       36556 kB
VmallocChunk:     144396 kB
Time pass: 104 sec

---2015-11-23 17:34:54
MemTotal:        1745540 kB
MemFree:          278192 kB
Buffers:            7100 kB
Cached:           281652 kB
SwapCached:        56612 kB
Active:           404392 kB
Inactive:         466212 kB
Active(anon):     264260 kB
Inactive(anon):   321548 kB
Active(file):     140132 kB
Inactive(file):   144664 kB
Unevictable:        3816 kB
Mlocked:               0 kB
HighTotal:       1217536 kB
HighFree:         205952 kB
LowTotal:         528004 kB
LowFree:           72240 kB
SwapTotal:       1310716 kB
SwapFree:         635300 kB
Dirty:               736 kB
Writeback:             0 kB
AnonPages:        558912 kB
Mapped:           193272 kB
Shmem:                80 kB
Slab:              60140 kB
SReclaimable:      15552 kB
SUnreclaim:        44588 kB
KernelStack:       14976 kB
PageTables:        54076 kB
NFS_Unstable:          0 kB
Bounce:                0 kB
WritebackTmp:          0 kB
CommitLimit:     2183484 kB
Committed_AS:   131355188 kB
VmallocTotal:     311296 kB
VmallocUsed:       36944 kB
VmallocChunk:     144396 kB
Time pass: 108 sec

---2015-11-23 17:34:54
MemTotal:        1745540 kB
MemFree:          215384 kB
Buffers:            7128 kB
Cached:           283124 kB
SwapCached:        56676 kB
Active:           416676 kB
Inactive:         467840 kB
Active(anon):     276220 kB
Inactive(anon):   322076 kB
Active(file):     140456 kB
Inactive(file):   145764 kB
Unevictable:        3816 kB
Mlocked:               0 kB
HighTotal:       1217536 kB
HighFree:         142772 kB
LowTotal:         528004 kB
LowFree:           72612 kB
SwapTotal:       1310716 kB
SwapFree:         635504 kB
Dirty:              1644 kB
Writeback:             0 kB
AnonPages:        571288 kB
Mapped:           245060 kB
Shmem:               216 kB
Slab:              60220 kB
SReclaimable:      15552 kB
SUnreclaim:        44668 kB
KernelStack:       15320 kB
PageTables:        54244 kB
NFS_Unstable:          0 kB
Bounce:                0 kB
WritebackTmp:          0 kB
CommitLimit:     2183484 kB
Committed_AS:   131385372 kB
VmallocTotal:     311296 kB
VmallocUsed:       37228 kB
VmallocChunk:     144396 kB
Time pass: 111 sec

---2015-11-23 17:34:54
MemTotal:        1745540 kB
MemFree:          211936 kB
Buffers:            7136 kB
Cached:           284320 kB
SwapCached:        56440 kB
Active:           424628 kB
Inactive:         468448 kB
Active(anon):     284072 kB
Inactive(anon):   321492 kB
Active(file):     140556 kB
Inactive(file):   146956 kB
Unevictable:        3816 kB
Mlocked:               0 kB
HighTotal:       1217536 kB
HighFree:         139548 kB
LowTotal:         528004 kB
LowFree:           72388 kB
SwapTotal:       1310716 kB
SwapFree:         644180 kB
Dirty:               272 kB
Writeback:             0 kB
AnonPages:        578640 kB
Mapped:           242496 kB
Shmem:               220 kB
Slab:              60128 kB
SReclaimable:      15520 kB
SUnreclaim:        44608 kB
KernelStack:       15440 kB
PageTables:        54292 kB
NFS_Unstable:          0 kB
Bounce:                0 kB
WritebackTmp:          0 kB
CommitLimit:     2183484 kB
Committed_AS:   131366540 kB
VmallocTotal:     311296 kB
VmallocUsed:       37204 kB
VmallocChunk:     144396 kB
Time pass: 115 sec

---2015-11-23 17:34:54
MemTotal:        1745540 kB
MemFree:          149636 kB
Buffers:            7136 kB
Cached:           285700 kB
SwapCached:        56444 kB
Active:           433968 kB
Inactive:         469044 kB
Active(anon):     292588 kB
Inactive(anon):   321624 kB
Active(file):     141380 kB
Inactive(file):   147420 kB
Unevictable:        3816 kB
Mlocked:               0 kB
HighTotal:       1217536 kB
HighFree:          87984 kB
LowTotal:         528004 kB
LowFree:           61652 kB
SwapTotal:       1310716 kB
SwapFree:         644304 kB
Dirty:               520 kB
Writeback:             0 kB
AnonPages:        587116 kB
Mapped:           288652 kB
Shmem:               220 kB
Slab:              60292 kB
SReclaimable:      15552 kB
SUnreclaim:        44740 kB
KernelStack:       15408 kB
PageTables:        54440 kB
NFS_Unstable:          0 kB
Bounce:                0 kB
WritebackTmp:          0 kB
CommitLimit:     2183484 kB
Committed_AS:   131384300 kB
VmallocTotal:     311296 kB
VmallocUsed:       37380 kB
VmallocChunk:     144396 kB
Time pass: 118 sec

---2015-11-23 17:34:54
MemTotal:        1745540 kB
MemFree:          130628 kB
Buffers:            7144 kB
Cached:           285920 kB
SwapCached:        56444 kB
Active:           435468 kB
Inactive:         468976 kB
Active(anon):     293784 kB
Inactive(anon):   321632 kB
Active(file):     141684 kB
Inactive(file):   147344 kB
Unevictable:        3816 kB
Mlocked:               0 kB
HighTotal:       1217536 kB
HighFree:          86664 kB
LowTotal:         528004 kB
LowFree:           43964 kB
SwapTotal:       1310716 kB
SwapFree:         644312 kB
Dirty:               820 kB
Writeback:             0 kB
AnonPages:        588456 kB
Mapped:           301448 kB
Shmem:               220 kB
Slab:              60184 kB
SReclaimable:      15540 kB
SUnreclaim:        44644 kB
KernelStack:       15416 kB
PageTables:        54480 kB
NFS_Unstable:          0 kB
Bounce:                0 kB
WritebackTmp:          0 kB
CommitLimit:     2183484 kB
Committed_AS:   131386660 kB
VmallocTotal:     311296 kB
VmallocUsed:       37488 kB
VmallocChunk:     144396 kB
Time pass: 122 sec

---2015-11-23 17:34:54
MemTotal:        1745540 kB
MemFree:          111960 kB
Buffers:            7144 kB
Cached:           285868 kB
SwapCached:        56444 kB
Active:           448176 kB
Inactive:         468940 kB
Active(anon):     306492 kB
Inactive(anon):   321632 kB
Active(file):     141684 kB
Inactive(file):   147308 kB
Unevictable:        3816 kB
Mlocked:               0 kB
HighTotal:       1217536 kB
HighFree:          73992 kB
LowTotal:         528004 kB
LowFree:           37968 kB
SwapTotal:       1310716 kB
SwapFree:         644380 kB
Dirty:               412 kB
Writeback:             0 kB
AnonPages:        601048 kB
Mapped:           306616 kB
Shmem:               220 kB
Slab:              60248 kB
SReclaimable:      15540 kB
SUnreclaim:        44708 kB
KernelStack:       15408 kB
PageTables:        54480 kB
NFS_Unstable:          0 kB
Bounce:                0 kB
WritebackTmp:          0 kB
CommitLimit:     2183484 kB
Committed_AS:   131395020 kB
VmallocTotal:     311296 kB
VmallocUsed:       37504 kB
VmallocChunk:     144396 kB
Time pass: 126 sec

---2015-11-23 17:34:54
MemTotal:        1745540 kB
MemFree:          116436 kB
Buffers:            7152 kB
Cached:           281980 kB
SwapCached:        56572 kB
Active:           443320 kB
Inactive:         460544 kB
Active(anon):     301920 kB
Inactive(anon):   316848 kB
Active(file):     141400 kB
Inactive(file):   143696 kB
Unevictable:        3816 kB
Mlocked:               0 kB
HighTotal:       1217536 kB
HighFree:          83392 kB
LowTotal:         528004 kB
LowFree:           33044 kB
SwapTotal:       1310716 kB
SwapFree:         639152 kB
Dirty:               208 kB
Writeback:             0 kB
AnonPages:        591544 kB
Mapped:           310236 kB
Shmem:               220 kB
Slab:              60216 kB
SReclaimable:      15540 kB
SUnreclaim:        44676 kB
KernelStack:       15416 kB
PageTables:        54568 kB
NFS_Unstable:          0 kB
Bounce:                0 kB
WritebackTmp:          0 kB
CommitLimit:     2183484 kB
Committed_AS:   131395052 kB
VmallocTotal:     311296 kB
VmallocUsed:       37368 kB
VmallocChunk:     144396 kB
Time pass: 129 sec

---2015-11-23 17:34:54
MemTotal:        1745540 kB
MemFree:          116348 kB
Buffers:            7152 kB
Cached:           281980 kB
SwapCached:        56572 kB
Active:           443384 kB
Inactive:         460568 kB
Active(anon):     301984 kB
Inactive(anon):   316872 kB
Active(file):     141400 kB
Inactive(file):   143696 kB
Unevictable:        3816 kB
Mlocked:               0 kB
HighTotal:       1217536 kB
HighFree:          83336 kB
LowTotal:         528004 kB
LowFree:           33012 kB
SwapTotal:       1310716 kB
SwapFree:         639168 kB
Dirty:                 0 kB
Writeback:             0 kB
AnonPages:        591624 kB
Mapped:           310236 kB
Shmem:               220 kB
Slab:              60260 kB
SReclaimable:      15540 kB
SUnreclaim:        44720 kB
KernelStack:       15416 kB
PageTables:        54568 kB
NFS_Unstable:          0 kB
Bounce:                0 kB
WritebackTmp:          0 kB
CommitLimit:     2183484 kB
Committed_AS:   131395252 kB
VmallocTotal:     311296 kB
VmallocUsed:       37368 kB
VmallocChunk:     144396 kB
Time pass: 133 sec

---2015-11-23 17:34:54
MemTotal:        1745540 kB
MemFree:          114012 kB
Buffers:            7160 kB
Cached:           282220 kB
SwapCached:        56572 kB
Active:           443868 kB
Inactive:         460748 kB
Active(anon):     302468 kB
Inactive(anon):   316884 kB
Active(file):     141400 kB
Inactive(file):   143864 kB
Unevictable:        3816 kB
Mlocked:               0 kB
HighTotal:       1217536 kB
HighFree:          81432 kB
LowTotal:         528004 kB
LowFree:           32580 kB
SwapTotal:       1310716 kB
SwapFree:         639168 kB
Dirty:                 0 kB
Writeback:             0 kB
AnonPages:        592048 kB
Mapped:           310360 kB
Shmem:               220 kB
Slab:              60260 kB
SReclaimable:      15540 kB
SUnreclaim:        44720 kB
KernelStack:       15416 kB
PageTables:        54568 kB
NFS_Unstable:          0 kB
Bounce:                0 kB
WritebackTmp:          0 kB
CommitLimit:     2183484 kB
Committed_AS:   131395332 kB
VmallocTotal:     311296 kB
VmallocUsed:       37572 kB
VmallocChunk:     144396 kB
Time pass: 137 sec

---2015-11-23 17:34:54
MemTotal:        1745540 kB
MemFree:           92700 kB
Buffers:            7208 kB
Cached:           282228 kB
SwapCached:        56576 kB
Active:           466288 kB
Inactive:         460128 kB
Active(anon):     324060 kB
Inactive(anon):   317144 kB
Active(file):     142228 kB
Inactive(file):   142984 kB
Unevictable:        3816 kB
Mlocked:               0 kB
HighTotal:       1217536 kB
HighFree:          60420 kB
LowTotal:         528004 kB
LowFree:           32280 kB
SwapTotal:       1310716 kB
SwapFree:         639256 kB
Dirty:                56 kB
Writeback:             0 kB
AnonPages:        613956 kB
Mapped:           312912 kB
Shmem:               408 kB
Slab:              60024 kB
SReclaimable:      15580 kB
SUnreclaim:        44444 kB
KernelStack:       15784 kB
PageTables:        54816 kB
NFS_Unstable:          0 kB
Bounce:                0 kB
WritebackTmp:          0 kB
CommitLimit:     2183484 kB
Committed_AS:   131457208 kB
VmallocTotal:     311296 kB
VmallocUsed:       37572 kB
VmallocChunk:     144396 kB
Time pass: 140 sec

---2015-11-23 17:34:54
MemTotal:        1745540 kB
MemFree:           80888 kB
Buffers:            8420 kB
Cached:           285216 kB
SwapCached:        56756 kB
Active:           474224 kB
Inactive:         472488 kB
Active(anon):     330280 kB
Inactive(anon):   327644 kB
Active(file):     143944 kB
Inactive(file):   144844 kB
Unevictable:        3816 kB
Mlocked:               0 kB
HighTotal:       1217536 kB
HighFree:          47704 kB
LowTotal:         528004 kB
LowFree:           33184 kB
SwapTotal:       1310716 kB
SwapFree:         634732 kB
Dirty:                 4 kB
Writeback:             0 kB
AnonPages:        630208 kB
Mapped:           312908 kB
Shmem:               644 kB
Slab:              60216 kB
SReclaimable:      15604 kB
SUnreclaim:        44612 kB
KernelStack:       16088 kB
PageTables:        55476 kB
NFS_Unstable:          0 kB
Bounce:                0 kB
WritebackTmp:          0 kB
CommitLimit:     2183484 kB
Committed_AS:   133000812 kB
VmallocTotal:     311296 kB
VmallocUsed:       37572 kB
VmallocChunk:     144396 kB
Time pass: 144 sec

---2015-11-23 17:34:54
MemTotal:        1745540 kB
MemFree:           78264 kB
Buffers:            8312 kB
Cached:           284760 kB
SwapCached:        56744 kB
Active:           475016 kB
Inactive:         472900 kB
Active(anon):     331596 kB
Inactive(anon):   327752 kB
Active(file):     143420 kB
Inactive(file):   145148 kB
Unevictable:        3816 kB
Mlocked:               0 kB
HighTotal:       1217536 kB
HighFree:          45296 kB
LowTotal:         528004 kB
LowFree:           32968 kB
SwapTotal:       1310716 kB
SwapFree:         634840 kB
Dirty:                92 kB
Writeback:             0 kB
AnonPages:        631628 kB
Mapped:           312552 kB
Shmem:               684 kB
Slab:              60168 kB
SReclaimable:      15604 kB
SUnreclaim:        44564 kB
KernelStack:       16064 kB
PageTables:        55508 kB
NFS_Unstable:          0 kB
Bounce:                0 kB
WritebackTmp:          0 kB
CommitLimit:     2183484 kB
Committed_AS:   133004228 kB
VmallocTotal:     311296 kB
VmallocUsed:       37572 kB
VmallocChunk:     144396 kB
Time pass: 147 sec

---2015-11-23 17:34:54
MemTotal:        1745540 kB
MemFree:           78264 kB
Buffers:            8328 kB
Cached:           284772 kB
SwapCached:        56732 kB
Active:           476640 kB
Inactive:         472956 kB
Active(anon):     333220 kB
Inactive(anon):   327792 kB
Active(file):     143420 kB
Inactive(file):   145164 kB
Unevictable:        3816 kB
Mlocked:               0 kB
HighTotal:       1217536 kB
HighFree:          43836 kB
LowTotal:         528004 kB
LowFree:           34428 kB
SwapTotal:       1310716 kB
SwapFree:         634860 kB
Dirty:                 0 kB
Writeback:             0 kB
AnonPages:        633176 kB
Mapped:           312452 kB
Shmem:               696 kB
Slab:              60156 kB
SReclaimable:      15604 kB
SUnreclaim:        44552 kB
KernelStack:       16048 kB
PageTables:        55492 kB
NFS_Unstable:          0 kB
Bounce:                0 kB
WritebackTmp:          0 kB
CommitLimit:     2183484 kB
Committed_AS:   133004372 kB
VmallocTotal:     311296 kB
VmallocUsed:       37504 kB
VmallocChunk:     144396 kB
Time pass: 151 sec

---2015-11-23 17:34:54
MemTotal:        1745540 kB
MemFree:           80704 kB
Buffers:            8312 kB
Cached:           284504 kB
SwapCached:        56732 kB
Active:           476340 kB
Inactive:         472380 kB
Active(anon):     333232 kB
Inactive(anon):   327336 kB
Active(file):     143108 kB
Inactive(file):   145044 kB
Unevictable:        3816 kB
Mlocked:               0 kB
HighTotal:       1217536 kB
HighFree:          44436 kB
LowTotal:         528004 kB
LowFree:           36268 kB
SwapTotal:       1310716 kB
SwapFree:         634948 kB
Dirty:                40 kB
Writeback:             0 kB
AnonPages:        632760 kB
Mapped:           312388 kB
Shmem:               708 kB
Slab:              60228 kB
SReclaimable:      15604 kB
SUnreclaim:        44624 kB
KernelStack:       16056 kB
PageTables:        55512 kB
NFS_Unstable:          0 kB
Bounce:                0 kB
WritebackTmp:          0 kB
CommitLimit:     2183484 kB
Committed_AS:   133006612 kB
VmallocTotal:     311296 kB
VmallocUsed:       37572 kB
VmallocChunk:     144396 kB
Time pass: 155 sec

---2015-11-23 17:34:54
MemTotal:        1745540 kB
MemFree:           84116 kB
Buffers:            8332 kB
Cached:           291796 kB
SwapCached:        56712 kB
Active:           466936 kB
Inactive:         477756 kB
Active(anon):     321516 kB
Inactive(anon):   327768 kB
Active(file):     145420 kB
Inactive(file):   149988 kB
Unevictable:        3816 kB
Mlocked:               0 kB
HighTotal:       1217536 kB
HighFree:          48752 kB
LowTotal:         528004 kB
LowFree:           35364 kB
SwapTotal:       1310716 kB
SwapFree:         635492 kB
Dirty:                52 kB
Writeback:             0 kB
AnonPages:        621560 kB
Mapped:           305968 kB
Shmem:               756 kB
Slab:              60256 kB
SReclaimable:      15620 kB
SUnreclaim:        44636 kB
KernelStack:       15736 kB
PageTables:        54908 kB
NFS_Unstable:          0 kB
Bounce:                0 kB
WritebackTmp:          0 kB
CommitLimit:     2183484 kB
Committed_AS:   131466232 kB
VmallocTotal:     311296 kB
VmallocUsed:       37572 kB
VmallocChunk:     144396 kB
Time pass: 159 sec

---2015-11-23 17:34:54
MemTotal:        1745540 kB
MemFree:           75136 kB
Buffers:            8340 kB
Cached:           291560 kB
SwapCached:        56704 kB
Active:           477384 kB
Inactive:         477452 kB
Active(anon):     331544 kB
Inactive(anon):   328052 kB
Active(file):     145840 kB
Inactive(file):   149400 kB
Unevictable:        3816 kB
Mlocked:               0 kB
HighTotal:       1217536 kB
HighFree:          39068 kB
LowTotal:         528004 kB
LowFree:           36068 kB
SwapTotal:       1310716 kB
SwapFree:         635652 kB
Dirty:               116 kB
Writeback:             0 kB
AnonPages:        631844 kB
Mapped:           313060 kB
Shmem:               784 kB
Slab:              60284 kB
SReclaimable:      15620 kB
SUnreclaim:        44664 kB
KernelStack:       16144 kB
PageTables:        55532 kB
NFS_Unstable:          0 kB
Bounce:                0 kB
WritebackTmp:          0 kB
CommitLimit:     2183484 kB
Committed_AS:   133004252 kB
VmallocTotal:     311296 kB
VmallocUsed:       37572 kB
VmallocChunk:     144396 kB
Time pass: 162 sec

---2015-11-23 17:34:54
MemTotal:        1745540 kB
MemFree:           73368 kB
Buffers:            8356 kB
Cached:           291292 kB
SwapCached:        56704 kB
Active:           477672 kB
Inactive:         477276 kB
Active(anon):     331832 kB
Inactive(anon):   328068 kB
Active(file):     145840 kB
Inactive(file):   149208 kB
Unevictable:        3816 kB
Mlocked:               0 kB
HighTotal:       1217536 kB
HighFree:          38072 kB
LowTotal:         528004 kB
LowFree:           35296 kB
SwapTotal:       1310716 kB
SwapFree:         635668 kB
Dirty:                 0 kB
Writeback:             0 kB
AnonPages:        632088 kB
Mapped:           313096 kB
Shmem:               784 kB
Slab:              60320 kB
SReclaimable:      15620 kB
SUnreclaim:        44700 kB
KernelStack:       16088 kB
PageTables:        55536 kB
NFS_Unstable:          0 kB
Bounce:                0 kB
WritebackTmp:          0 kB
CommitLimit:     2183484 kB
Committed_AS:   133004360 kB
VmallocTotal:     311296 kB
VmallocUsed:       37504 kB
VmallocChunk:     144396 kB
Time pass: 166 sec

---2015-11-23 17:34:54
MemTotal:        1745540 kB
MemFree:           72544 kB
Buffers:            8364 kB
Cached:           291284 kB
SwapCached:        56700 kB
Active:           478176 kB
Inactive:         477280 kB
Active(anon):     332336 kB
Inactive(anon):   328072 kB
Active(file):     145840 kB
Inactive(file):   149208 kB
Unevictable:        3816 kB
Mlocked:               0 kB
HighTotal:       1217536 kB
HighFree:          37884 kB
LowTotal:         528004 kB
LowFree:           34660 kB
SwapTotal:       1310716 kB
SwapFree:         635676 kB
Dirty:                 0 kB
Writeback:             0 kB
AnonPages:        632480 kB
Mapped:           313108 kB
Shmem:               784 kB
Slab:              60312 kB
SReclaimable:      15620 kB
SUnreclaim:        44692 kB
KernelStack:       16080 kB
PageTables:        55532 kB
NFS_Unstable:          0 kB
Bounce:                0 kB
WritebackTmp:          0 kB
CommitLimit:     2183484 kB
Committed_AS:   133004420 kB
VmallocTotal:     311296 kB
VmallocUsed:       37504 kB
VmallocChunk:     144396 kB
Time pass: 169 sec

---2015-11-23 17:34:54
MemTotal:        1745540 kB
MemFree:           72464 kB
Buffers:            8388 kB
Cached:           290912 kB
SwapCached:        56680 kB
Active:           478360 kB
Inactive:         477132 kB
Active(anon):     332764 kB
Inactive(anon):   328048 kB
Active(file):     145596 kB
Inactive(file):   149084 kB
Unevictable:        3816 kB
Mlocked:               0 kB
HighTotal:       1217536 kB
HighFree:          37228 kB
LowTotal:         528004 kB
LowFree:           35236 kB
SwapTotal:       1310716 kB
SwapFree:         635756 kB
Dirty:                68 kB
Writeback:             0 kB
AnonPages:        632788 kB
Mapped:           313120 kB
Shmem:               784 kB
Slab:              60228 kB
SReclaimable:      15620 kB
SUnreclaim:        44608 kB
KernelStack:       16096 kB
PageTables:        55516 kB
NFS_Unstable:          0 kB
Bounce:                0 kB
WritebackTmp:          0 kB
CommitLimit:     2183484 kB
Committed_AS:   133004660 kB
VmallocTotal:     311296 kB
VmallocUsed:       37572 kB
VmallocChunk:     144396 kB
Time pass: 173 sec

---2015-11-23 17:34:54
MemTotal:        1745540 kB
MemFree:           82756 kB
Buffers:            8404 kB
Cached:           290700 kB
SwapCached:        56676 kB
Active:           475444 kB
Inactive:         469700 kB
Active(anon):     322588 kB
Inactive(anon):   328056 kB
Active(file):     152856 kB
Inactive(file):   141644 kB
Unevictable:        3816 kB
Mlocked:               0 kB
HighTotal:       1217536 kB
HighFree:          47032 kB
LowTotal:         528004 kB
LowFree:           35724 kB
SwapTotal:       1310716 kB
SwapFree:         635848 kB
Dirty:                 8 kB
Writeback:             0 kB
AnonPages:        622756 kB
Mapped:           306260 kB
Shmem:               784 kB
Slab:              60252 kB
SReclaimable:      15620 kB
SUnreclaim:        44632 kB
KernelStack:       15944 kB
PageTables:        54904 kB
NFS_Unstable:          0 kB
Bounce:                0 kB
WritebackTmp:          0 kB
CommitLimit:     2183484 kB
Committed_AS:   131464560 kB
VmallocTotal:     311296 kB
VmallocUsed:       37572 kB
VmallocChunk:     144396 kB
Time pass: 177 sec

---2015-11-23 17:34:54
MemTotal:        1745540 kB
MemFree:           75360 kB
Buffers:            8404 kB
Cached:           290780 kB
SwapCached:        56660 kB
Active:           481820 kB
Inactive:         469716 kB
Active(anon):     328816 kB
Inactive(anon):   328136 kB
Active(file):     153004 kB
Inactive(file):   141580 kB
Unevictable:        3816 kB
Mlocked:               0 kB
HighTotal:       1217536 kB
HighFree:          40028 kB
LowTotal:         528004 kB
LowFree:           35332 kB
SwapTotal:       1310716 kB
SwapFree:         636020 kB
Dirty:                 0 kB
Writeback:             0 kB
AnonPages:        629364 kB
Mapped:           309768 kB
Shmem:               784 kB
Slab:              60156 kB
SReclaimable:      15624 kB
SUnreclaim:        44532 kB
KernelStack:       15880 kB
PageTables:        55424 kB
NFS_Unstable:          0 kB
Bounce:                0 kB
WritebackTmp:          0 kB
CommitLimit:     2183484 kB
Committed_AS:   132988252 kB
VmallocTotal:     311296 kB
VmallocUsed:       37572 kB
VmallocChunk:     144396 kB
Time pass: 180 sec

---2015-11-23 17:34:54
MemTotal:        1745540 kB
MemFree:           65916 kB
Buffers:            8412 kB
Cached:           290584 kB
SwapCached:        56652 kB
Active:           491896 kB
Inactive:         469796 kB
Active(anon):     339092 kB
Inactive(anon):   328208 kB
Active(file):     152804 kB
Inactive(file):   141588 kB
Unevictable:        3816 kB
Mlocked:               0 kB
HighTotal:       1217536 kB
HighFree:          29892 kB
LowTotal:         528004 kB
LowFree:           36024 kB
SwapTotal:       1310716 kB
SwapFree:         636116 kB
Dirty:               104 kB
Writeback:             0 kB
AnonPages:        639560 kB
Mapped:           313116 kB
Shmem:               784 kB
Slab:              60376 kB
SReclaimable:      15624 kB
SUnreclaim:        44752 kB
KernelStack:       16152 kB
PageTables:        55540 kB
NFS_Unstable:          0 kB
Bounce:                0 kB
WritebackTmp:          0 kB
CommitLimit:     2183484 kB
Committed_AS:   133005804 kB
VmallocTotal:     311296 kB
VmallocUsed:       37504 kB
VmallocChunk:     144396 kB
Time pass: 184 sec

---2015-11-23 17:34:54
MemTotal:        1745540 kB
MemFree:           66144 kB
Buffers:            8428 kB
Cached:           290380 kB
SwapCached:        56652 kB
Active:           491448 kB
Inactive:         469684 kB
Active(anon):     338716 kB
Inactive(anon):   328208 kB
Active(file):     152732 kB
Inactive(file):   141476 kB
Unevictable:        3816 kB
Mlocked:               0 kB
HighTotal:       1217536 kB
HighFree:          29940 kB
LowTotal:         528004 kB
LowFree:           36204 kB
SwapTotal:       1310716 kB
SwapFree:         636120 kB
Dirty:                 0 kB
Writeback:             0 kB
AnonPages:        639264 kB
Mapped:           313116 kB
Shmem:               784 kB
Slab:              60352 kB
SReclaimable:      15624 kB
SUnreclaim:        44728 kB
KernelStack:       16080 kB
PageTables:        55544 kB
NFS_Unstable:          0 kB
Bounce:                0 kB
WritebackTmp:          0 kB
CommitLimit:     2183484 kB
Committed_AS:   133006048 kB
VmallocTotal:     311296 kB
VmallocUsed:       37504 kB
VmallocChunk:     144396 kB
Time pass: 187 sec

---2015-11-23 17:34:54
MemTotal:        1745540 kB
MemFree:           65012 kB
Buffers:            8436 kB
Cached:           290184 kB
SwapCached:        56652 kB
Active:           491764 kB
Inactive:         469620 kB
Active(anon):     339140 kB
Inactive(anon):   328232 kB
Active(file):     152624 kB
Inactive(file):   141388 kB
Unevictable:        3816 kB
Mlocked:               0 kB
HighTotal:       1217536 kB
HighFree:          29332 kB
LowTotal:         528004 kB
LowFree:           35680 kB
SwapTotal:       1310716 kB
SwapFree:         636144 kB
Dirty:                48 kB
Writeback:             0 kB
AnonPages:        639616 kB
Mapped:           313120 kB
Shmem:               784 kB
Slab:              60340 kB
SReclaimable:      15624 kB
SUnreclaim:        44716 kB
KernelStack:       16080 kB
PageTables:        55544 kB
NFS_Unstable:          0 kB
Bounce:                0 kB
WritebackTmp:          0 kB
CommitLimit:     2183484 kB
Committed_AS:   133006156 kB
VmallocTotal:     311296 kB
VmallocUsed:       37504 kB
VmallocChunk:     144396 kB
Time pass: 191 sec

---2015-11-23 17:34:54
MemTotal:        1745540 kB
MemFree:           66700 kB
Buffers:            8460 kB
Cached:           290040 kB
SwapCached:        56648 kB
Active:           492108 kB
Inactive:         469656 kB
Active(anon):     339660 kB
Inactive(anon):   328256 kB
Active(file):     152448 kB
Inactive(file):   141400 kB
Unevictable:        3816 kB
Mlocked:               0 kB
HighTotal:       1217536 kB
HighFree:          29244 kB
LowTotal:         528004 kB
LowFree:           37456 kB
SwapTotal:       1310716 kB
SwapFree:         636352 kB
Dirty:                64 kB
Writeback:             0 kB
AnonPages:        640068 kB
Mapped:           313184 kB
Shmem:               784 kB
Slab:              60372 kB
SReclaimable:      15624 kB
SUnreclaim:        44748 kB
KernelStack:       16120 kB
PageTables:        55532 kB
NFS_Unstable:          0 kB
Bounce:                0 kB
WritebackTmp:          0 kB
CommitLimit:     2183484 kB
Committed_AS:   133004012 kB
VmallocTotal:     311296 kB
VmallocUsed:       37572 kB
VmallocChunk:     144396 kB
Time pass: 195 sec

---2015-11-23 17:34:54
MemTotal:        1745540 kB
MemFree:           77076 kB
Buffers:            8468 kB
Cached:           289980 kB
SwapCached:        56648 kB
Active:           481764 kB
Inactive:         469352 kB
Active(anon):     329300 kB
Inactive(anon):   327968 kB
Active(file):     152464 kB
Inactive(file):   141384 kB
Unevictable:        3816 kB
Mlocked:               0 kB
HighTotal:       1217536 kB
HighFree:          39332 kB
LowTotal:         528004 kB
LowFree:           37744 kB
SwapTotal:       1310716 kB
SwapFree:         636452 kB
Dirty:                 4 kB
Writeback:             0 kB
AnonPages:        629624 kB
Mapped:           306200 kB
Shmem:               784 kB
Slab:              60164 kB
SReclaimable:      15624 kB
SUnreclaim:        44540 kB
KernelStack:       15744 kB
PageTables:        54916 kB
NFS_Unstable:          0 kB
Bounce:                0 kB
WritebackTmp:          0 kB
CommitLimit:     2183484 kB
Committed_AS:   131466288 kB
VmallocTotal:     311296 kB
VmallocUsed:       37504 kB
VmallocChunk:     144396 kB
Time pass: 198 sec

---2015-11-23 17:34:54
MemTotal:        1745540 kB
MemFree:           64328 kB
Buffers:            8484 kB
Cached:           290156 kB
SwapCached:        56632 kB
Active:           494824 kB
Inactive:         469748 kB
Active(anon):     342500 kB
Inactive(anon):   328020 kB
Active(file):     152324 kB
Inactive(file):   141728 kB
Unevictable:        3816 kB
Mlocked:               0 kB
HighTotal:       1217536 kB
HighFree:          26192 kB
LowTotal:         528004 kB
LowFree:           38136 kB
SwapTotal:       1310716 kB
SwapFree:         636568 kB
Dirty:               112 kB
Writeback:             0 kB
AnonPages:        642916 kB
Mapped:           313144 kB
Shmem:               784 kB
Slab:              60368 kB
SReclaimable:      15624 kB
SUnreclaim:        44744 kB
KernelStack:       16120 kB
PageTables:        55532 kB
NFS_Unstable:          0 kB
Bounce:                0 kB
WritebackTmp:          0 kB
CommitLimit:     2183484 kB
Committed_AS:   133004656 kB
VmallocTotal:     311296 kB
VmallocUsed:       37572 kB
VmallocChunk:     144396 kB
Time pass: 202 sec

---2015-11-23 17:34:54
MemTotal:        1745540 kB
MemFree:           68264 kB
Buffers:            8484 kB
Cached:           289980 kB
SwapCached:        56632 kB
Active:           491176 kB
Inactive:         469684 kB
Active(anon):     338956 kB
Inactive(anon):   328044 kB
Active(file):     152220 kB
Inactive(file):   141640 kB
Unevictable:        3816 kB
Mlocked:               0 kB
HighTotal:       1217536 kB
HighFree:          30076 kB
LowTotal:         528004 kB
LowFree:           38188 kB
SwapTotal:       1310716 kB
SwapFree:         636568 kB
Dirty:                 0 kB
Writeback:             0 kB
AnonPages:        638956 kB
Mapped:           313248 kB
Shmem:               784 kB
Slab:              60344 kB
SReclaimable:      15624 kB
SUnreclaim:        44720 kB
KernelStack:       16120 kB
PageTables:        55532 kB
NFS_Unstable:          0 kB
Bounce:                0 kB
WritebackTmp:          0 kB
CommitLimit:     2183484 kB
Committed_AS:   133004956 kB
VmallocTotal:     311296 kB
VmallocUsed:       37572 kB
VmallocChunk:     144396 kB
Time pass: 206 sec

---2015-11-23 17:34:54
MemTotal:        1745540 kB
MemFree:           66596 kB
Buffers:            8508 kB
Cached:           289696 kB
SwapCached:        56632 kB
Active:           491696 kB
Inactive:         469532 kB
Active(anon):     339584 kB
Inactive(anon):   328040 kB
Active(file):     152112 kB
Inactive(file):   141492 kB
Unevictable:        3816 kB
Mlocked:               0 kB
HighTotal:       1217536 kB
HighFree:          28888 kB
LowTotal:         528004 kB
LowFree:           37708 kB
SwapTotal:       1310716 kB
SwapFree:         636584 kB
Dirty:                40 kB
Writeback:             0 kB
AnonPages:        639884 kB
Mapped:           313188 kB
Shmem:               784 kB
Slab:              60508 kB
SReclaimable:      15624 kB
SUnreclaim:        44884 kB
KernelStack:       16072 kB
PageTables:        55536 kB
NFS_Unstable:          0 kB
Bounce:                0 kB
WritebackTmp:          0 kB
CommitLimit:     2183484 kB
Committed_AS:   133005060 kB
VmallocTotal:     311296 kB
VmallocUsed:       37504 kB
VmallocChunk:     144396 kB
Time pass: 209 sec

---2015-11-23 17:34:54
MemTotal:        1745540 kB
MemFree:           65240 kB
Buffers:            8532 kB
Cached:           289696 kB
SwapCached:        56632 kB
Active:           492732 kB
Inactive:         469584 kB
Active(anon):     340620 kB
Inactive(anon):   328068 kB
Active(file):     152112 kB
Inactive(file):   141516 kB
Unevictable:        3816 kB
Mlocked:               0 kB
HighTotal:       1217536 kB
HighFree:          27812 kB
LowTotal:         528004 kB
LowFree:           37428 kB
SwapTotal:       1310716 kB
SwapFree:         636620 kB
Dirty:                 0 kB
Writeback:             0 kB
AnonPages:        640984 kB
Mapped:           313188 kB
Shmem:               784 kB
Slab:              60492 kB
SReclaimable:      15624 kB
SUnreclaim:        44868 kB
KernelStack:       16080 kB
PageTables:        55536 kB
NFS_Unstable:          0 kB
Bounce:                0 kB
WritebackTmp:          0 kB
CommitLimit:     2183484 kB
Committed_AS:   133005252 kB
VmallocTotal:     311296 kB
VmallocUsed:       37504 kB
VmallocChunk:     144396 kB
Time pass: 213 sec

---2015-11-23 17:34:54
MemTotal:        1745540 kB
MemFree:           75796 kB
Buffers:            8532 kB
Cached:           289696 kB
SwapCached:        56624 kB
Active:           482304 kB
Inactive:         469628 kB
Active(anon):     330192 kB
Inactive(anon):   328112 kB
Active(file):     152112 kB
Inactive(file):   141516 kB
Unevictable:        3816 kB
Mlocked:               0 kB
HighTotal:       1217536 kB
HighFree:          38128 kB
LowTotal:         528004 kB
LowFree:           37668 kB
SwapTotal:       1310716 kB
SwapFree:         636796 kB
Dirty:                 4 kB
Writeback:             0 kB
AnonPages:        630424 kB
Mapped:           306320 kB
Shmem:               784 kB
Slab:              60448 kB
SReclaimable:      15624 kB
SUnreclaim:        44824 kB
KernelStack:       15816 kB
PageTables:        54920 kB
NFS_Unstable:          0 kB
Bounce:                0 kB
WritebackTmp:          0 kB
CommitLimit:     2183484 kB
Committed_AS:   131467728 kB
VmallocTotal:     311296 kB
VmallocUsed:       37572 kB
VmallocChunk:     144396 kB
Time pass: 217 sec

---2015-11-23 17:34:54
MemTotal:        1745540 kB
MemFree:           59384 kB
Buffers:            8548 kB
Cached:           289508 kB
SwapCached:        56612 kB
Active:           497876 kB
Inactive:         469548 kB
Active(anon):     345848 kB
Inactive(anon):   328120 kB
Active(file):     152028 kB
Inactive(file):   141428 kB
Unevictable:        3816 kB
Mlocked:               0 kB
HighTotal:       1217536 kB
HighFree:          22240 kB
LowTotal:         528004 kB
LowFree:           37144 kB
SwapTotal:       1310716 kB
SwapFree:         636868 kB
Dirty:                72 kB
Writeback:             0 kB
AnonPages:        646456 kB
Mapped:           313020 kB
Shmem:               784 kB
Slab:              60500 kB
SReclaimable:      15624 kB
SUnreclaim:        44876 kB
KernelStack:       16136 kB
PageTables:        55524 kB
NFS_Unstable:          0 kB
Bounce:                0 kB
WritebackTmp:          0 kB
CommitLimit:     2183484 kB
Committed_AS:   133005596 kB
VmallocTotal:     311296 kB
VmallocUsed:       37572 kB
VmallocChunk:     144396 kB
Time pass: 220 sec

---2015-11-23 17:34:54
MemTotal:        1745540 kB
MemFree:           59040 kB
Buffers:            8548 kB
Cached:           289540 kB
SwapCached:        56608 kB
Active:           498328 kB
Inactive:         469580 kB
Active(anon):     346300 kB
Inactive(anon):   328136 kB
Active(file):     152028 kB
Inactive(file):   141444 kB
Unevictable:        3816 kB
Mlocked:               0 kB
HighTotal:       1217536 kB
HighFree:          22024 kB
LowTotal:         528004 kB
LowFree:           37016 kB
SwapTotal:       1310716 kB
SwapFree:         636876 kB
Dirty:                 0 kB
Writeback:             0 kB
AnonPages:        646736 kB
Mapped:           313204 kB
Shmem:               796 kB
Slab:              60532 kB
SReclaimable:      15628 kB
SUnreclaim:        44904 kB
KernelStack:       16080 kB
PageTables:        55540 kB
NFS_Unstable:          0 kB
Bounce:                0 kB
WritebackTmp:          0 kB
CommitLimit:     2183484 kB
Committed_AS:   133005708 kB
VmallocTotal:     311296 kB
VmallocUsed:       37504 kB
VmallocChunk:     144396 kB
Time pass: 224 sec

---2015-11-23 17:34:54
MemTotal:        1745540 kB
MemFree:           60416 kB
Buffers:            8388 kB
Cached:           289376 kB
SwapCached:        56604 kB
Active:           499012 kB
Inactive:         469268 kB
Active(anon):     347076 kB
Inactive(anon):   328104 kB
Active(file):     151936 kB
Inactive(file):   141164 kB
Unevictable:        3816 kB
Mlocked:               0 kB
HighTotal:       1217536 kB
HighFree:          21596 kB
LowTotal:         528004 kB
LowFree:           38820 kB
SwapTotal:       1310716 kB
SwapFree:         636996 kB
Dirty:                48 kB
Writeback:             0 kB
AnonPages:        647352 kB
Mapped:           313264 kB
Shmem:               796 kB
Slab:              60544 kB
SReclaimable:      15628 kB
SUnreclaim:        44916 kB
KernelStack:       16080 kB
PageTables:        55540 kB
NFS_Unstable:          0 kB
Bounce:                0 kB
WritebackTmp:          0 kB
CommitLimit:     2183484 kB
Committed_AS:   133006284 kB
VmallocTotal:     311296 kB
VmallocUsed:       37572 kB
VmallocChunk:     144396 kB
Time pass: 228 sec

---2015-11-23 17:34:54
MemTotal:        1745540 kB
MemFree:           59976 kB
Buffers:            8216 kB
Cached:           289340 kB
SwapCached:        56588 kB
Active:           498628 kB
Inactive:         469188 kB
Active(anon):     346872 kB
Inactive(anon):   328000 kB
Active(file):     151756 kB
Inactive(file):   141188 kB
Unevictable:        3816 kB
Mlocked:               0 kB
HighTotal:       1217536 kB
HighFree:          21616 kB
LowTotal:         528004 kB
LowFree:           38360 kB
SwapTotal:       1310716 kB
SwapFree:         637240 kB
Dirty:                 0 kB
Writeback:            16 kB
AnonPages:        647156 kB
Mapped:           313204 kB
Shmem:               796 kB
Slab:              60540 kB
SReclaimable:      15628 kB
SUnreclaim:        44912 kB
KernelStack:       16088 kB
PageTables:        55544 kB
NFS_Unstable:          0 kB
Bounce:                0 kB
WritebackTmp:          0 kB
CommitLimit:     2183484 kB
Committed_AS:   133006404 kB
VmallocTotal:     311296 kB
VmallocUsed:       37504 kB
VmallocChunk:     144396 kB
Time pass: 231 sec

---2015-11-23 17:34:54
MemTotal:        1745540 kB
MemFree:           68136 kB
Buffers:            8216 kB
Cached:           289340 kB
SwapCached:        56588 kB
Active:           489228 kB
Inactive:         469220 kB
Active(anon):     337472 kB
Inactive(anon):   328032 kB
Active(file):     151756 kB
Inactive(file):   141188 kB
Unevictable:        3816 kB
Mlocked:               0 kB
HighTotal:       1217536 kB
HighFree:          29652 kB
LowTotal:         528004 kB
LowFree:           38484 kB
SwapTotal:       1310716 kB
SwapFree:         637328 kB
Dirty:                 4 kB
Writeback:             0 kB
AnonPages:        637768 kB
Mapped:           306168 kB
Shmem:               796 kB
Slab:              60576 kB
SReclaimable:      15628 kB
SUnreclaim:        44948 kB
KernelStack:       15992 kB
PageTables:        54924 kB
NFS_Unstable:          0 kB
Bounce:                0 kB
WritebackTmp:          0 kB
CommitLimit:     2183484 kB
Committed_AS:   131469172 kB
VmallocTotal:     311296 kB
VmallocUsed:       37572 kB
VmallocChunk:     144396 kB
Time pass: 235 sec

---2015-11-23 17:34:54
MemTotal:        1745540 kB
MemFree:           63504 kB
Buffers:            8232 kB
Cached:           289340 kB
SwapCached:        56588 kB
Active:           494660 kB
Inactive:         469248 kB
Active(anon):     342904 kB
Inactive(anon):   328044 kB
Active(file):     151756 kB
Inactive(file):   141204 kB
Unevictable:        3816 kB
Mlocked:               0 kB
HighTotal:       1217536 kB
HighFree:          25548 kB
LowTotal:         528004 kB
LowFree:           37956 kB
SwapTotal:       1310716 kB
SwapFree:         637332 kB
Dirty:                44 kB
Writeback:             0 kB
AnonPages:        643572 kB
Mapped:           309840 kB
Shmem:               796 kB
Slab:              60388 kB
SReclaimable:      15628 kB
SUnreclaim:        44760 kB
KernelStack:       15848 kB
PageTables:        55368 kB
NFS_Unstable:          0 kB
Bounce:                0 kB
WritebackTmp:          0 kB
CommitLimit:     2183484 kB
Committed_AS:   132987324 kB
VmallocTotal:     311296 kB
VmallocUsed:       38592 kB
VmallocChunk:     144396 kB
Time pass: 238 sec

---2015-11-23 17:34:54
MemTotal:        1745540 kB
MemFree:           52508 kB
Buffers:            8044 kB
Cached:           289332 kB
SwapCached:        56580 kB
Active:           505792 kB
Inactive:         469236 kB
Active(anon):     354132 kB
Inactive(anon):   328132 kB
Active(file):     151660 kB
Inactive(file):   141104 kB
Unevictable:        3816 kB
Mlocked:               0 kB
HighTotal:       1217536 kB
HighFree:          19432 kB
LowTotal:         528004 kB
LowFree:           33076 kB
SwapTotal:       1310716 kB
SwapFree:         637432 kB
Dirty:                 4 kB
Writeback:            48 kB
AnonPages:        654588 kB
Mapped:           313216 kB
Shmem:               796 kB
Slab:              60560 kB
SReclaimable:      15628 kB
SUnreclaim:        44932 kB
KernelStack:       16144 kB
PageTables:        55536 kB
NFS_Unstable:          0 kB
Bounce:                0 kB
WritebackTmp:          0 kB
CommitLimit:     2183484 kB
Committed_AS:   133007336 kB
VmallocTotal:     311296 kB
VmallocUsed:       38592 kB
VmallocChunk:     144396 kB
Time pass: 242 sec

---2015-11-23 17:34:54
MemTotal:        1745540 kB
MemFree:           52972 kB
Buffers:            8060 kB
Cached:           290208 kB
SwapCached:        56580 kB
Active:           504744 kB
Inactive:         470200 kB
Active(anon):     353084 kB
Inactive(anon):   328204 kB
Active(file):     151660 kB
Inactive(file):   141996 kB
Unevictable:        3816 kB
Mlocked:               0 kB
HighTotal:       1217536 kB
HighFree:          20256 kB
LowTotal:         528004 kB
LowFree:           32716 kB
SwapTotal:       1310716 kB
SwapFree:         637652 kB
Dirty:                84 kB
Writeback:             0 kB
AnonPages:        653548 kB
Mapped:           313244 kB
Shmem:               796 kB
Slab:              60496 kB
SReclaimable:      15628 kB
SUnreclaim:        44868 kB
KernelStack:       16072 kB
PageTables:        55552 kB
NFS_Unstable:          0 kB
Bounce:                0 kB
WritebackTmp:          0 kB
CommitLimit:     2183484 kB
Committed_AS:   133003580 kB
VmallocTotal:     311296 kB
VmallocUsed:       38524 kB
VmallocChunk:     144396 kB
Time pass: 246 sec

---2015-11-23 17:34:54
MemTotal:        1745540 kB
MemFree:           57636 kB
Buffers:            9384 kB
Cached:           290272 kB
SwapCached:        56580 kB
Active:           499060 kB
Inactive:         472200 kB
Active(anon):     347400 kB
Inactive(anon):   328880 kB
Active(file):     151660 kB
Inactive(file):   143320 kB
Unevictable:        3816 kB
Mlocked:               0 kB
HighTotal:       1217536 kB
HighFree:          25000 kB
LowTotal:         528004 kB
LowFree:           32636 kB
SwapTotal:       1310716 kB
SwapFree:         637692 kB
Dirty:                 4 kB
Writeback:             0 kB
AnonPages:        648624 kB
Mapped:           313304 kB
Shmem:               796 kB
Slab:              60412 kB
SReclaimable:      15640 kB
SUnreclaim:        44772 kB
KernelStack:       16128 kB
PageTables:        55552 kB
NFS_Unstable:          0 kB
Bounce:                0 kB
WritebackTmp:          0 kB
CommitLimit:     2183484 kB
Committed_AS:   133003756 kB
VmallocTotal:     311296 kB
VmallocUsed:       38592 kB
VmallocChunk:     144396 kB
Time pass: 249 sec

---2015-11-23 17:34:54
MemTotal:        1745540 kB
MemFree:           55172 kB
Buffers:            9408 kB
Cached:           290208 kB
SwapCached:        56572 kB
Active:           499656 kB
Inactive:         472236 kB
Active(anon):     347996 kB
Inactive(anon):   328892 kB
Active(file):     151660 kB
Inactive(file):   143344 kB
Unevictable:        3816 kB
Mlocked:               0 kB
HighTotal:       1217536 kB
HighFree:          23680 kB
LowTotal:         528004 kB
LowFree:           31492 kB
SwapTotal:       1310716 kB
SwapFree:         637732 kB
Dirty:                56 kB
Writeback:             0 kB
AnonPages:        649332 kB
Mapped:           313252 kB
Shmem:               796 kB
Slab:              60468 kB
SReclaimable:      15644 kB
SUnreclaim:        44824 kB
KernelStack:       16120 kB
PageTables:        55536 kB
NFS_Unstable:          0 kB
Bounce:                0 kB
WritebackTmp:          0 kB
CommitLimit:     2183484 kB
Committed_AS:   133003992 kB
VmallocTotal:     311296 kB
VmallocUsed:       38592 kB
VmallocChunk:     144396 kB
Time pass: 253 sec

---2015-11-23 17:34:54
MemTotal:        1745540 kB
MemFree:           66576 kB
Buffers:            9424 kB
Cached:           290192 kB
SwapCached:        56568 kB
Active:           489468 kB
Inactive:         472280 kB
Active(anon):     337808 kB
Inactive(anon):   328936 kB
Active(file):     151660 kB
Inactive(file):   143344 kB
Unevictable:        3816 kB
Mlocked:               0 kB
HighTotal:       1217536 kB
HighFree:          31956 kB
LowTotal:         528004 kB
LowFree:           34620 kB
SwapTotal:       1310716 kB
SwapFree:         637800 kB
Dirty:                60 kB
Writeback:             0 kB
AnonPages:        639080 kB
Mapped:           306316 kB
Shmem:               796 kB
Slab:              60316 kB
SReclaimable:      15644 kB
SUnreclaim:        44672 kB
KernelStack:       15760 kB
PageTables:        54936 kB
NFS_Unstable:          0 kB
Bounce:                0 kB
WritebackTmp:          0 kB
CommitLimit:     2183484 kB
Committed_AS:   131468148 kB
VmallocTotal:     311296 kB
VmallocUsed:       37504 kB
VmallocChunk:     144396 kB
Time pass: 257 sec

---2015-11-23 17:34:54
MemTotal:        1745540 kB
MemFree:           52604 kB
Buffers:            9252 kB
Cached:           290232 kB
SwapCached:        56548 kB
Active:           502680 kB
Inactive:         472764 kB
Active(anon):     351020 kB
Inactive(anon):   329616 kB
Active(file):     151660 kB
Inactive(file):   143148 kB
Unevictable:        3816 kB
Mlocked:               0 kB
HighTotal:       1217536 kB
HighFree:          19356 kB
LowTotal:         528004 kB
LowFree:           33248 kB
SwapTotal:       1310716 kB
SwapFree:         637872 kB
Dirty:                88 kB
Writeback:             0 kB
AnonPages:        652908 kB
Mapped:           313284 kB
Shmem:               796 kB
Slab:              60408 kB
SReclaimable:      15644 kB
SUnreclaim:        44764 kB
KernelStack:       16144 kB
PageTables:        55560 kB
NFS_Unstable:          0 kB
Bounce:                0 kB
WritebackTmp:          0 kB
CommitLimit:     2183484 kB
Committed_AS:   133004444 kB
VmallocTotal:     311296 kB
VmallocUsed:       37572 kB
VmallocChunk:     144396 kB
Time pass: 260 sec

---2015-11-23 17:34:54
MemTotal:        1745540 kB
MemFree:           59148 kB
Buffers:            9260 kB
Cached:           290184 kB
SwapCached:        56552 kB
Active:           495536 kB
Inactive:         472696 kB
Active(anon):     343860 kB
Inactive(anon):   329540 kB
Active(file):     151676 kB
Inactive(file):   143156 kB
Unevictable:        3816 kB
Mlocked:               0 kB
HighTotal:       1217536 kB
HighFree:          25716 kB
LowTotal:         528004 kB
LowFree:           33432 kB
SwapTotal:       1310716 kB
SwapFree:         637876 kB
Dirty:                68 kB
Writeback:             0 kB
AnonPages:        645764 kB
Mapped:           313308 kB
Shmem:               796 kB
Slab:              60484 kB
SReclaimable:      15644 kB
SUnreclaim:        44840 kB
KernelStack:       16112 kB
PageTables:        55576 kB
NFS_Unstable:          0 kB
Bounce:                0 kB
WritebackTmp:          0 kB
CommitLimit:     2183484 kB
Committed_AS:   133004792 kB
VmallocTotal:     311296 kB
VmallocUsed:       37572 kB
VmallocChunk:     144396 kB
Time pass: 264 sec

---2015-11-23 17:34:54
MemTotal:        1745540 kB
MemFree:           59604 kB
Buffers:            9276 kB
Cached:           290184 kB
SwapCached:        56552 kB
Active:           495512 kB
Inactive:         472700 kB
Active(anon):     343836 kB
Inactive(anon):   329528 kB
Active(file):     151676 kB
Inactive(file):   143172 kB
Unevictable:        3816 kB
Mlocked:               0 kB
HighTotal:       1217536 kB
HighFree:          25656 kB
LowTotal:         528004 kB
LowFree:           33948 kB
SwapTotal:       1310716 kB
SwapFree:         637884 kB
Dirty:                 0 kB
Writeback:             0 kB
AnonPages:        645552 kB
Mapped:           313248 kB
Shmem:               796 kB
Slab:              60548 kB
SReclaimable:      15644 kB
SUnreclaim:        44904 kB
KernelStack:       16096 kB
PageTables:        55560 kB
NFS_Unstable:          0 kB
Bounce:                0 kB
WritebackTmp:          0 kB
CommitLimit:     2183484 kB
Committed_AS:   133004912 kB
VmallocTotal:     311296 kB
VmallocUsed:       37504 kB
VmallocChunk:     144396 kB
Time pass: 268 sec

---2015-11-23 17:34:54
MemTotal:        1745540 kB
MemFree:           59144 kB
Buffers:            9300 kB
Cached:           290184 kB
SwapCached:        56552 kB
Active:           496328 kB
Inactive:         472624 kB
Active(anon):     344652 kB
Inactive(anon):   329428 kB
Active(file):     151676 kB
Inactive(file):   143196 kB
Unevictable:        3816 kB
Mlocked:               0 kB
HighTotal:       1217536 kB
HighFree:          25060 kB
LowTotal:         528004 kB
LowFree:           34084 kB
SwapTotal:       1310716 kB
SwapFree:         637912 kB
Dirty:                48 kB
Writeback:             0 kB
AnonPages:        646392 kB
Mapped:           313248 kB
Shmem:               796 kB
Slab:              60412 kB
SReclaimable:      15644 kB
SUnreclaim:        44768 kB
KernelStack:       16096 kB
PageTables:        55564 kB
NFS_Unstable:          0 kB
Bounce:                0 kB
WritebackTmp:          0 kB
CommitLimit:     2183484 kB
Committed_AS:   133005004 kB
VmallocTotal:     311296 kB
VmallocUsed:       37504 kB
VmallocChunk:     144396 kB
Time pass: 271 sec

---2015-11-23 17:34:54
MemTotal:        1745540 kB
MemFree:           69644 kB
Buffers:            9300 kB
Cached:           290184 kB
SwapCached:        56552 kB
Active:           486452 kB
Inactive:         472652 kB
Active(anon):     334776 kB
Inactive(anon):   329456 kB
Active(file):     151676 kB
Inactive(file):   143196 kB
Unevictable:        3816 kB
Mlocked:               0 kB
HighTotal:       1217536 kB
HighFree:          33624 kB
LowTotal:         528004 kB
LowFree:           36020 kB
SwapTotal:       1310716 kB
SwapFree:         637960 kB
Dirty:                 4 kB
Writeback:             0 kB
AnonPages:        636456 kB
Mapped:           306324 kB
Shmem:               796 kB
Slab:              60532 kB
SReclaimable:      15644 kB
SUnreclaim:        44888 kB
KernelStack:       15768 kB
PageTables:        54944 kB
NFS_Unstable:          0 kB
Bounce:                0 kB
WritebackTmp:          0 kB
CommitLimit:     2183484 kB
Committed_AS:   131468536 kB
VmallocTotal:     311296 kB
VmallocUsed:       37504 kB
VmallocChunk:     144396 kB
Time pass: 275 sec

---2015-11-23 17:34:54
MemTotal:        1745540 kB
MemFree:           56292 kB
Buffers:            9316 kB
Cached:           290184 kB
SwapCached:        56544 kB
Active:           499412 kB
Inactive:         472676 kB
Active(anon):     347736 kB
Inactive(anon):   329464 kB
Active(file):     151676 kB
Inactive(file):   143212 kB
Unevictable:        3816 kB
Mlocked:               0 kB
HighTotal:       1217536 kB
HighFree:          20876 kB
LowTotal:         528004 kB
LowFree:           35416 kB
SwapTotal:       1310716 kB
SwapFree:         638132 kB
Dirty:                80 kB
Writeback:             0 kB
AnonPages:        649540 kB
Mapped:           313080 kB
Shmem:               796 kB
Slab:              60580 kB
SReclaimable:      15644 kB
SUnreclaim:        44936 kB
KernelStack:       16136 kB
PageTables:        55556 kB
NFS_Unstable:          0 kB
Bounce:                0 kB
WritebackTmp:          0 kB
CommitLimit:     2183484 kB
Committed_AS:   133005356 kB
VmallocTotal:     311296 kB
VmallocUsed:       37504 kB
VmallocChunk:     144396 kB
Time pass: 279 sec

---2015-11-23 17:34:54
MemTotal:        1745540 kB
MemFree:           54600 kB
Buffers:            9324 kB
Cached:           290176 kB
SwapCached:        56544 kB
Active:           500140 kB
Inactive:         472680 kB
Active(anon):     348464 kB
Inactive(anon):   329468 kB
Active(file):     151676 kB
Inactive(file):   143212 kB
Unevictable:        3816 kB
Mlocked:               0 kB
HighTotal:       1217536 kB
HighFree:          19764 kB
LowTotal:         528004 kB
LowFree:           34836 kB
SwapTotal:       1310716 kB
SwapFree:         638136 kB
Dirty:               140 kB
Writeback:             0 kB
AnonPages:        650396 kB
Mapped:           313308 kB
Shmem:               796 kB
Slab:              60572 kB
SReclaimable:      15644 kB
SUnreclaim:        44928 kB
KernelStack:       16096 kB
PageTables:        55568 kB
NFS_Unstable:          0 kB
Bounce:                0 kB
WritebackTmp:          0 kB
CommitLimit:     2183484 kB
Committed_AS:   133005460 kB
VmallocTotal:     311296 kB
VmallocUsed:       37572 kB
VmallocChunk:     144396 kB
Time pass: 282 sec

---2015-11-23 17:34:54
MemTotal:        1745540 kB
MemFree:           55140 kB
Buffers:            9340 kB
Cached:           290024 kB
SwapCached:        56544 kB
Active:           499816 kB
Inactive:         472504 kB
Active(anon):     348100 kB
Inactive(anon):   329468 kB
Active(file):     151716 kB
Inactive(file):   143036 kB
Unevictable:        3816 kB
Mlocked:               0 kB
HighTotal:       1217536 kB
HighFree:          20100 kB
LowTotal:         528004 kB
LowFree:           35040 kB
SwapTotal:       1310716 kB
SwapFree:         638136 kB
Dirty:                80 kB
Writeback:             0 kB
AnonPages:        649852 kB
Mapped:           313248 kB
Shmem:               796 kB
Slab:              60572 kB
SReclaimable:      15644 kB
SUnreclaim:        44928 kB
KernelStack:       16096 kB
PageTables:        55568 kB
NFS_Unstable:          0 kB
Bounce:                0 kB
WritebackTmp:          0 kB
CommitLimit:     2183484 kB
Committed_AS:   133005716 kB
VmallocTotal:     311296 kB
VmallocUsed:       37504 kB
VmallocChunk:     144396 kB
Time pass: 286 sec

---2015-11-23 17:34:54
MemTotal:        1745540 kB
MemFree:           54120 kB
Buffers:            9348 kB
Cached:           290048 kB
SwapCached:        56544 kB
Active:           500644 kB
Inactive:         472536 kB
Active(anon):     348928 kB
Inactive(anon):   329492 kB
Active(file):     151716 kB
Inactive(file):   143044 kB
Unevictable:        3816 kB
Mlocked:               0 kB
HighTotal:       1217536 kB
HighFree:          19400 kB
LowTotal:         528004 kB
LowFree:           34720 kB
SwapTotal:       1310716 kB
SwapFree:         638144 kB
Dirty:                32 kB
Writeback:             0 kB
AnonPages:        650912 kB
Mapped:           313332 kB
Shmem:               820 kB
Slab:              60616 kB
SReclaimable:      15644 kB
SUnreclaim:        44972 kB
KernelStack:       16136 kB
PageTables:        55572 kB
NFS_Unstable:          0 kB
Bounce:                0 kB
WritebackTmp:          0 kB
CommitLimit:     2183484 kB
Committed_AS:   133005788 kB
VmallocTotal:     311296 kB
VmallocUsed:       37572 kB
VmallocChunk:     144396 kB
Time pass: 289 sec

---2015-11-23 17:34:54
MemTotal:        1745540 kB
MemFree:           63852 kB
Buffers:            9364 kB
Cached:           291728 kB
SwapCached:        56544 kB
Active:           490148 kB
Inactive:         474640 kB
Active(anon):     338432 kB
Inactive(anon):   329924 kB
Active(file):     151716 kB
Inactive(file):   144716 kB
Unevictable:        3816 kB
Mlocked:               0 kB
HighTotal:       1217536 kB
HighFree:          29168 kB
LowTotal:         528004 kB
LowFree:           34684 kB
SwapTotal:       1310716 kB
SwapFree:         638708 kB
Dirty:                56 kB
Writeback:             0 kB
AnonPages:        640692 kB
Mapped:           306472 kB
Shmem:               844 kB
Slab:              60512 kB
SReclaimable:      15644 kB
SUnreclaim:        44868 kB
KernelStack:       15752 kB
PageTables:        54940 kB
NFS_Unstable:          0 kB
Bounce:                0 kB
WritebackTmp:          0 kB
CommitLimit:     2183484 kB
Committed_AS:   131469088 kB
VmallocTotal:     311296 kB
VmallocUsed:       37504 kB
VmallocChunk:     144396 kB
Time pass: 293 sec

---2015-11-23 17:34:54
MemTotal:        1745540 kB
MemFree:           56432 kB
Buffers:            9364 kB
Cached:           291728 kB
SwapCached:        56544 kB
Active:           496564 kB
Inactive:         474636 kB
Active(anon):     344848 kB
Inactive(anon):   329920 kB
Active(file):     151716 kB
Inactive(file):   144716 kB
Unevictable:        3816 kB
Mlocked:               0 kB
HighTotal:       1217536 kB
HighFree:          22784 kB
LowTotal:         528004 kB
LowFree:           33648 kB
SwapTotal:       1310716 kB
SwapFree:         638712 kB
Dirty:                 4 kB
Writeback:             0 kB
AnonPages:        646980 kB
Mapped:           311736 kB
Shmem:               844 kB
Slab:              60508 kB
SReclaimable:      15644 kB
SUnreclaim:        44864 kB
KernelStack:       15832 kB
PageTables:        55408 kB
NFS_Unstable:          0 kB
Bounce:                0 kB
WritebackTmp:          0 kB
CommitLimit:     2183484 kB
Committed_AS:   133000924 kB
VmallocTotal:     311296 kB
VmallocUsed:       37572 kB
VmallocChunk:     144396 kB
Time pass: 297 sec

---2015-11-23 17:34:54
MemTotal:        1745540 kB
MemFree:           48508 kB
Buffers:            9388 kB
Cached:           290796 kB
SwapCached:        56536 kB
Active:           499756 kB
Inactive:         479432 kB
Active(anon):     347916 kB
Inactive(anon):   335676 kB
Active(file):     151840 kB
Inactive(file):   143756 kB
Unevictable:        3816 kB
Mlocked:               0 kB
HighTotal:       1217536 kB
HighFree:          19404 kB
LowTotal:         528004 kB
LowFree:           29104 kB
SwapTotal:       1310716 kB
SwapFree:         638420 kB
Dirty:                56 kB
Writeback:             0 kB
AnonPages:        656092 kB
Mapped:           312448 kB
Shmem:               876 kB
Slab:              60636 kB
SReclaimable:      15644 kB
SUnreclaim:        44992 kB
KernelStack:       16096 kB
PageTables:        55568 kB
NFS_Unstable:          0 kB
Bounce:                0 kB
WritebackTmp:          0 kB
CommitLimit:     2183484 kB
Committed_AS:   133005964 kB
VmallocTotal:     311296 kB
VmallocUsed:       37572 kB
VmallocChunk:     144396 kB
Time pass: 300 sec

---2015-11-23 17:34:54
MemTotal:        1745540 kB
MemFree:           81000 kB
Buffers:            9088 kB
Cached:           279220 kB
SwapCached:        57104 kB
Active:           479296 kB
Inactive:         469796 kB
Active(anon):     330724 kB
Inactive(anon):   334832 kB
Active(file):     148572 kB
Inactive(file):   134964 kB
Unevictable:        3816 kB
Mlocked:               0 kB
HighTotal:       1217536 kB
HighFree:          46660 kB
LowTotal:         528004 kB
LowFree:           34340 kB
SwapTotal:       1310716 kB
SwapFree:         624416 kB
Dirty:                 0 kB
Writeback:             0 kB
AnonPages:        637088 kB
Mapped:           307808 kB
Shmem:               904 kB
Slab:              60612 kB
SReclaimable:      15644 kB
SUnreclaim:        44968 kB
KernelStack:       16120 kB
PageTables:        55588 kB
NFS_Unstable:          0 kB
Bounce:                0 kB
WritebackTmp:          0 kB
CommitLimit:     2183484 kB
Committed_AS:   133006188 kB
VmallocTotal:     311296 kB
VmallocUsed:       37572 kB
VmallocChunk:     144396 kB
Time pass: 304 sec

---2015-11-23 17:34:54
MemTotal:        1745540 kB
MemFree:           82916 kB
Buffers:            8764 kB
Cached:           279660 kB
SwapCached:        57108 kB
Active:           478036 kB
Inactive:         470012 kB
Active(anon):     329540 kB
Inactive(anon):   334860 kB
Active(file):     148496 kB
Inactive(file):   135152 kB
Unevictable:        3816 kB
Mlocked:               0 kB
HighTotal:       1217536 kB
HighFree:          47596 kB
LowTotal:         528004 kB
LowFree:           35320 kB
SwapTotal:       1310716 kB
SwapFree:         625136 kB
Dirty:                40 kB
Writeback:             0 kB
AnonPages:        636064 kB
Mapped:           307692 kB
Shmem:               904 kB
Slab:              60616 kB
SReclaimable:      15644 kB
SUnreclaim:        44972 kB
KernelStack:       16128 kB
PageTables:        55568 kB
NFS_Unstable:          0 kB
Bounce:                0 kB
WritebackTmp:          0 kB
CommitLimit:     2183484 kB
Committed_AS:   133004116 kB
VmallocTotal:     311296 kB
VmallocUsed:       37572 kB
VmallocChunk:     144396 kB
Time pass: 308 sec

---2015-11-23 17:34:54
MemTotal:        1745540 kB
MemFree:           83596 kB
Buffers:            8700 kB
Cached:           279556 kB
SwapCached:        57108 kB
Active:           477572 kB
Inactive:         469884 kB
Active(anon):     329168 kB
Inactive(anon):   334804 kB
Active(file):     148404 kB
Inactive(file):   135080 kB
Unevictable:        3816 kB
Mlocked:               0 kB
HighTotal:       1217536 kB
HighFree:          48028 kB
LowTotal:         528004 kB
LowFree:           35568 kB
SwapTotal:       1310716 kB
SwapFree:         625232 kB
Dirty:                52 kB
Writeback:             0 kB
AnonPages:        635740 kB
Mapped:           307880 kB
Shmem:               904 kB
Slab:              60588 kB
SReclaimable:      15644 kB
SUnreclaim:        44944 kB
KernelStack:       16088 kB
PageTables:        55568 kB
NFS_Unstable:          0 kB
Bounce:                0 kB
WritebackTmp:          0 kB
CommitLimit:     2183484 kB
Committed_AS:   133004348 kB
VmallocTotal:     311296 kB
VmallocUsed:       37572 kB
VmallocChunk:     144396 kB
Time pass: 311 sec

---2015-11-23 17:34:54
MemTotal:        1745540 kB
MemFree:           92260 kB
Buffers:            8716 kB
Cached:           279504 kB
SwapCached:        57100 kB
Active:           468868 kB
Inactive:         469880 kB
Active(anon):     320464 kB
Inactive(anon):   334784 kB
Active(file):     148404 kB
Inactive(file):   135096 kB
Unevictable:        3816 kB
Mlocked:               0 kB
HighTotal:       1217536 kB
HighFree:          55064 kB
LowTotal:         528004 kB
LowFree:           37196 kB
SwapTotal:       1310716 kB
SwapFree:         625364 kB
Dirty:                52 kB
Writeback:             0 kB
AnonPages:        626856 kB
Mapped:           300860 kB
Shmem:               904 kB
Slab:              60560 kB
SReclaimable:      15644 kB
SUnreclaim:        44916 kB
KernelStack:       15768 kB
PageTables:        54960 kB
NFS_Unstable:          0 kB
Bounce:                0 kB
WritebackTmp:          0 kB
CommitLimit:     2183484 kB
Committed_AS:   131469672 kB
VmallocTotal:     311296 kB
VmallocUsed:       37504 kB
VmallocChunk:     144396 kB
Time pass: 315 sec

---2015-11-23 17:34:54
MemTotal:        1745540 kB
MemFree:           83536 kB
Buffers:            8692 kB
Cached:           279388 kB
SwapCached:        57100 kB
Active:           477568 kB
Inactive:         469992 kB
Active(anon):     329120 kB
Inactive(anon):   335132 kB
Active(file):     148448 kB
Inactive(file):   134860 kB
Unevictable:        3816 kB
Mlocked:               0 kB
HighTotal:       1217536 kB
HighFree:          46296 kB
LowTotal:         528004 kB
LowFree:           37240 kB
SwapTotal:       1310716 kB
SwapFree:         625732 kB
Dirty:               100 kB
Writeback:             0 kB
AnonPages:        635896 kB
Mapped:           307852 kB
Shmem:               904 kB
Slab:              60548 kB
SReclaimable:      15644 kB
SUnreclaim:        44904 kB
KernelStack:       16136 kB
PageTables:        55584 kB
NFS_Unstable:          0 kB
Bounce:                0 kB
WritebackTmp:          0 kB
CommitLimit:     2183484 kB
Committed_AS:   133009636 kB
VmallocTotal:     311296 kB
VmallocUsed:       37572 kB
VmallocChunk:     144396 kB
Time pass: 319 sec

---2015-11-23 17:34:54
MemTotal:        1745540 kB
MemFree:           83948 kB
Buffers:            8620 kB
Cached:           279292 kB
SwapCached:        57100 kB
Active:           477388 kB
Inactive:         469912 kB
Active(anon):     329028 kB
Inactive(anon):   335128 kB
Active(file):     148360 kB
Inactive(file):   134784 kB
Unevictable:        3816 kB
Mlocked:               0 kB
HighTotal:       1217536 kB
HighFree:          46396 kB
LowTotal:         528004 kB
LowFree:           37552 kB
SwapTotal:       1310716 kB
SwapFree:         625744 kB
Dirty:                 0 kB
Writeback:             0 kB
AnonPages:        635848 kB
Mapped:           307832 kB
Shmem:               904 kB
Slab:              60476 kB
SReclaimable:      15644 kB
SUnreclaim:        44832 kB
KernelStack:       16120 kB
PageTables:        55584 kB
NFS_Unstable:          0 kB
Bounce:                0 kB
WritebackTmp:          0 kB
CommitLimit:     2183484 kB
Committed_AS:   133009764 kB
VmallocTotal:     311296 kB
VmallocUsed:       37572 kB
VmallocChunk:     144396 kB
Time pass: 322 sec

---2015-11-23 17:34:54
MemTotal:        1745540 kB
MemFree:           82208 kB
Buffers:            8628 kB
Cached:           279236 kB
SwapCached:        57084 kB
Active:           477776 kB
Inactive:         470048 kB
Active(anon):     329416 kB
Inactive(anon):   335264 kB
Active(file):     148360 kB
Inactive(file):   134784 kB
Unevictable:        3816 kB
Mlocked:               0 kB
HighTotal:       1217536 kB
HighFree:          45308 kB
LowTotal:         528004 kB
LowFree:           36900 kB
SwapTotal:       1310716 kB
SwapFree:         626080 kB
Dirty:                 0 kB
