---2015-12-05 14:07:44
MemTotal:        2873608 kB
MemFree:          103936 kB
Buffers:           22680 kB
Cached:          1315796 kB
SwapCached:            0 kB
Active:          1268372 kB
Inactive:         965512 kB
Active(anon):     714952 kB
Inactive(anon):   190248 kB
Active(file):     553420 kB
Inactive(file):   775264 kB
Unevictable:        8104 kB
Mlocked:               0 kB
SwapTotal:        718400 kB
SwapFree:         718400 kB
Dirty:              6532 kB
Writeback:             0 kB
AnonPages:        903356 kB
Mapped:           452656 kB
Shmem:              1784 kB
Slab:              96748 kB
SReclaimable:      31584 kB
SUnreclaim:        65164 kB
KernelStack:       36256 kB
PageTables:        48080 kB
NFS_Unstable:          0 kB
Bounce:                0 kB
WritebackTmp:          0 kB
CommitLimit:     2155204 kB
Committed_AS:   121831352 kB
VmallocTotal:   251658176 kB
VmallocUsed:      134088 kB
VmallocChunk:   251422252 kB
Time pass: 3 sec

---2015-12-05 14:07:44
MemTotal:        2873608 kB
MemFree:           92132 kB
Buffers:           22888 kB
Cached:          1311552 kB
SwapCached:            0 kB
Active:          1296432 kB
Inactive:         952900 kB
Active(anon):     734560 kB
Inactive(anon):   190176 kB
Active(file):     561872 kB
Inactive(file):   762724 kB
Unevictable:        8104 kB
Mlocked:               0 kB
SwapTotal:        718400 kB
SwapFree:         718400 kB
Dirty:               104 kB
Writeback:             0 kB
AnonPages:        923116 kB
Mapped:           460420 kB
Shmem:              1736 kB
Slab:              96908 kB
SReclaimable:      32004 kB
SUnreclaim:        64904 kB
KernelStack:       36544 kB
PageTables:        48364 kB
NFS_Unstable:          0 kB
Bounce:                0 kB
WritebackTmp:          0 kB
CommitLimit:     2155204 kB
Committed_AS:   122491920 kB
VmallocTotal:   251658176 kB
VmallocUsed:      134948 kB
VmallocChunk:   251422252 kB
Time pass: 7 sec

---2015-12-05 14:07:44
MemTotal:        2873608 kB
MemFree:           78380 kB
Buffers:           22920 kB
Cached:          1303052 kB
SwapCached:            0 kB
Active:          1320624 kB
Inactive:         938540 kB
Active(anon):     752748 kB
Inactive(anon):   190160 kB
Active(file):     567876 kB
Inactive(file):   748380 kB
Unevictable:        8104 kB
Mlocked:               0 kB
SwapTotal:        718400 kB
SwapFree:         718400 kB
Dirty:              1100 kB
Writeback:             0 kB
AnonPages:        941472 kB
Mapped:           501832 kB
Shmem:              1720 kB
Slab:              96580 kB
SReclaimable:      31892 kB
SUnreclaim:        64688 kB
KernelStack:       37008 kB
PageTables:        47564 kB
NFS_Unstable:          0 kB
Bounce:                0 kB
WritebackTmp:          0 kB
CommitLimit:     2155204 kB
Committed_AS:   117290656 kB
VmallocTotal:   251658176 kB
VmallocUsed:      133204 kB
VmallocChunk:   251422252 kB
Time pass: 11 sec

---2015-12-05 14:07:44
MemTotal:        2873608 kB
MemFree:           87028 kB
Buffers:           24560 kB
Cached:          1299956 kB
SwapCached:            0 kB
Active:          1314952 kB
Inactive:         933940 kB
Active(anon):     743152 kB
Inactive(anon):   191192 kB
Active(file):     571800 kB
Inactive(file):   742748 kB
Unevictable:        8104 kB
Mlocked:               0 kB
SwapTotal:        718400 kB
SwapFree:         718400 kB
Dirty:              6508 kB
Writeback:             0 kB
AnonPages:        932644 kB
Mapped:           498612 kB
Shmem:              1864 kB
Slab:              96256 kB
SReclaimable:      31540 kB
SUnreclaim:        64716 kB
KernelStack:       36880 kB
PageTables:        48144 kB
NFS_Unstable:          0 kB
Bounce:                0 kB
WritebackTmp:          0 kB
CommitLimit:     2155204 kB
Committed_AS:   117400872 kB
VmallocTotal:   251658176 kB
VmallocUsed:      134224 kB
VmallocChunk:   251414060 kB
Time pass: 15 sec

---2015-12-05 14:07:44
MemTotal:        2873608 kB
MemFree:           73704 kB
Buffers:           24580 kB
Cached:          1300048 kB
SwapCached:            0 kB
Active:          1339384 kB
Inactive:         920820 kB
Active(anon):     754364 kB
Inactive(anon):   191036 kB
Active(file):     585020 kB
Inactive(file):   729784 kB
Unevictable:        8104 kB
Mlocked:               0 kB
SwapTotal:        718400 kB
SwapFree:         718400 kB
Dirty:               224 kB
Writeback:             0 kB
AnonPages:        944068 kB
Mapped:           502600 kB
Shmem:              1720 kB
Slab:              96736 kB
SReclaimable:      31736 kB
SUnreclaim:        65000 kB
KernelStack:       37584 kB
PageTables:        49224 kB
NFS_Unstable:          0 kB
Bounce:                0 kB
WritebackTmp:          0 kB
CommitLimit:     2155204 kB
Committed_AS:   119919696 kB
VmallocTotal:   251658176 kB
VmallocUsed:      136264 kB
VmallocChunk:   251414060 kB
Time pass: 18 sec

---2015-12-05 14:07:44
MemTotal:        2873608 kB
MemFree:           73244 kB
Buffers:           23752 kB
Cached:          1199104 kB
SwapCached:            0 kB
Active:          1413780 kB
Inactive:         801904 kB
Active(anon):     805952 kB
Inactive(anon):   202064 kB
Active(file):     607828 kB
Inactive(file):   599840 kB
Unevictable:       13520 kB
Mlocked:               0 kB
SwapTotal:        718400 kB
SwapFree:         717404 kB
Dirty:              1252 kB
Writeback:           108 kB
AnonPages:       1007020 kB
Mapped:           471628 kB
Shmem:              1288 kB
Slab:              95632 kB
SReclaimable:      29068 kB
SUnreclaim:        66564 kB
KernelStack:       39008 kB
PageTables:        50524 kB
NFS_Unstable:          0 kB
Bounce:                0 kB
WritebackTmp:          0 kB
CommitLimit:     2155204 kB
Committed_AS:   122281284 kB
VmallocTotal:   251658176 kB
VmallocUsed:      137764 kB
VmallocChunk:   251416108 kB
Time pass: 22 sec

---2015-12-05 14:07:44
MemTotal:        2873608 kB
MemFree:          129660 kB
Buffers:           23988 kB
Cached:          1144984 kB
SwapCached:            0 kB
Active:          1305412 kB
Inactive:         777636 kB
Active(anon):     727748 kB
Inactive(anon):   200556 kB
Active(file):     577664 kB
Inactive(file):   577080 kB
Unevictable:       13568 kB
Mlocked:               0 kB
SwapTotal:        718400 kB
SwapFree:         716092 kB
Dirty:              2340 kB
Writeback:             0 kB
AnonPages:        927672 kB
Mapped:           508632 kB
Shmem:               660 kB
Slab:              97880 kB
SReclaimable:      31864 kB
SUnreclaim:        66016 kB
KernelStack:       37856 kB
PageTables:        48892 kB
NFS_Unstable:          0 kB
Bounce:                0 kB
WritebackTmp:          0 kB
CommitLimit:     2155204 kB
Committed_AS:   119788528 kB
VmallocTotal:   251658176 kB
VmallocUsed:      135104 kB
VmallocChunk:   251416108 kB
Time pass: 26 sec

---2015-12-05 14:07:44
MemTotal:        2873608 kB
MemFree:           80236 kB
Buffers:           24324 kB
Cached:          1146160 kB
SwapCached:            0 kB
Active:          1352384 kB
Inactive:         774740 kB
Active(anon):     770304 kB
Inactive(anon):   200744 kB
Active(file):     582080 kB
Inactive(file):   573996 kB
Unevictable:       13568 kB
Mlocked:               0 kB
SwapTotal:        718400 kB
SwapFree:         716092 kB
Dirty:              1040 kB
Writeback:             0 kB
AnonPages:        970360 kB
Mapped:           545972 kB
Shmem:               848 kB
Slab:              97740 kB
SReclaimable:      31836 kB
SUnreclaim:        65904 kB
KernelStack:       37712 kB
PageTables:        49592 kB
NFS_Unstable:          0 kB
Bounce:                0 kB
WritebackTmp:          0 kB
CommitLimit:     2155204 kB
Committed_AS:   119851660 kB
VmallocTotal:   251658176 kB
VmallocUsed:      135400 kB
VmallocChunk:   251416108 kB
Time pass: 30 sec

---2015-12-05 14:07:44
MemTotal:        2873608 kB
MemFree:           82432 kB
Buffers:           25380 kB
Cached:          1147192 kB
SwapCached:            0 kB
Active:          1351436 kB
Inactive:         773492 kB
Active(anon):     766036 kB
Inactive(anon):   200684 kB
Active(file):     585400 kB
Inactive(file):   572808 kB
Unevictable:       13568 kB
Mlocked:               0 kB
SwapTotal:        718400 kB
SwapFree:         716092 kB
Dirty:               220 kB
Writeback:             0 kB
AnonPages:        965932 kB
Mapped:           546900 kB
Shmem:               788 kB
Slab:              97852 kB
SReclaimable:      31784 kB
SUnreclaim:        66068 kB
KernelStack:       38864 kB
PageTables:        50120 kB
NFS_Unstable:          0 kB
Bounce:                0 kB
WritebackTmp:          0 kB
CommitLimit:     2155204 kB
Committed_AS:   119979440 kB
VmallocTotal:   251658176 kB
VmallocUsed:      136420 kB
VmallocChunk:   251422252 kB
Time pass: 34 sec

---2015-12-05 14:07:44
MemTotal:        2873608 kB
MemFree:           70512 kB
Buffers:           23956 kB
Cached:          1133820 kB
SwapCached:            0 kB
Active:          1362580 kB
Inactive:         771048 kB
Active(anon):     790968 kB
Inactive(anon):   199348 kB
Active(file):     571612 kB
Inactive(file):   571700 kB
Unevictable:       13568 kB
Mlocked:               0 kB
SwapTotal:        718400 kB
SwapFree:         714816 kB
Dirty:               240 kB
Writeback:            52 kB
AnonPages:        990032 kB
Mapped:           559260 kB
Shmem:               544 kB
Slab:              98572 kB
SReclaimable:      31816 kB
SUnreclaim:        66756 kB
KernelStack:       39584 kB
PageTables:        51752 kB
NFS_Unstable:          0 kB
Bounce:                0 kB
WritebackTmp:          0 kB
CommitLimit:     2155204 kB
Committed_AS:   124791148 kB
VmallocTotal:   251658176 kB
VmallocUsed:      139616 kB
VmallocChunk:   251422252 kB
Time pass: 37 sec

---2015-12-05 14:07:44
MemTotal:        2873608 kB
MemFree:           64308 kB
Buffers:           24096 kB
Cached:          1146012 kB
SwapCached:            0 kB
Active:          1365104 kB
Inactive:         779624 kB
Active(anon):     789820 kB
Inactive(anon):   199084 kB
Active(file):     575284 kB
Inactive(file):   580540 kB
Unevictable:       13568 kB
Mlocked:               0 kB
SwapTotal:        718400 kB
SwapFree:         714816 kB
Dirty:               384 kB
Writeback:             0 kB
AnonPages:        988712 kB
Mapped:           525044 kB
Shmem:               416 kB
Slab:              98908 kB
SReclaimable:      31788 kB
SUnreclaim:        67120 kB
KernelStack:       38624 kB
PageTables:        52840 kB
NFS_Unstable:          0 kB
Bounce:                0 kB
WritebackTmp:          0 kB
CommitLimit:     2155204 kB
Committed_AS:   131045628 kB
VmallocTotal:   251658176 kB
VmallocUsed:      141384 kB
VmallocChunk:   251422252 kB
Time pass: 41 sec

---2015-12-05 14:07:44
MemTotal:        2873608 kB
MemFree:           83288 kB
Buffers:           15024 kB
Cached:          1001828 kB
SwapCached:            0 kB
Active:          1347160 kB
Inactive:         712676 kB
Active(anon):     842668 kB
Inactive(anon):   214520 kB
Active(file):     504492 kB
Inactive(file):   498156 kB
Unevictable:       13568 kB
Mlocked:               0 kB
SwapTotal:        718400 kB
SwapFree:         711884 kB
Dirty:               896 kB
Writeback:             0 kB
AnonPages:       1056936 kB
Mapped:           562176 kB
Shmem:               416 kB
Slab:              99388 kB
SReclaimable:      31772 kB
SUnreclaim:        67616 kB
KernelStack:       39296 kB
PageTables:        51796 kB
NFS_Unstable:          0 kB
Bounce:                0 kB
WritebackTmp:          0 kB
CommitLimit:     2155204 kB
Committed_AS:   124521452 kB
VmallocTotal:   251658176 kB
VmallocUsed:      137516 kB
VmallocChunk:   251422252 kB
Time pass: 45 sec

---2015-12-05 14:07:44
MemTotal:        2873608 kB
MemFree:          106720 kB
Buffers:           15384 kB
Cached:          1007524 kB
SwapCached:            0 kB
Active:          1346628 kB
Inactive:         689216 kB
Active(anon):     812480 kB
Inactive(anon):   214448 kB
Active(file):     534148 kB
Inactive(file):   474768 kB
Unevictable:       13568 kB
Mlocked:               0 kB
SwapTotal:        718400 kB
SwapFree:         711884 kB
Dirty:               244 kB
Writeback:             0 kB
AnonPages:       1026516 kB
Mapped:           562168 kB
Shmem:               424 kB
Slab:              99520 kB
SReclaimable:      31868 kB
SUnreclaim:        67652 kB
KernelStack:       39392 kB
PageTables:        51708 kB
NFS_Unstable:          0 kB
Bounce:                0 kB
WritebackTmp:          0 kB
CommitLimit:     2155204 kB
Committed_AS:   123294560 kB
VmallocTotal:   251658176 kB
VmallocUsed:      136496 kB
VmallocChunk:   251422252 kB
Time pass: 48 sec

---2015-12-05 14:07:44
MemTotal:        2873608 kB
MemFree:           72432 kB
Buffers:           15560 kB
Cached:          1003844 kB
SwapCached:            0 kB
Active:          1359380 kB
Inactive:         691208 kB
Active(anon):     831852 kB
Inactive(anon):   213304 kB
Active(file):     527528 kB
Inactive(file):   477904 kB
Unevictable:       13568 kB
Mlocked:               0 kB
SwapTotal:        718400 kB
SwapFree:         711564 kB
Dirty:              1012 kB
Writeback:             0 kB
AnonPages:       1044632 kB
Mapped:           594532 kB
Shmem:               428 kB
Slab:              96748 kB
SReclaimable:      29180 kB
SUnreclaim:        67568 kB
KernelStack:       39520 kB
PageTables:        51000 kB
NFS_Unstable:          0 kB
Bounce:                0 kB
WritebackTmp:          0 kB
CommitLimit:     2155204 kB
Committed_AS:   121521980 kB
VmallocTotal:   251658176 kB
VmallocUsed:      135640 kB
VmallocChunk:   251422252 kB
Time pass: 52 sec

---2015-12-05 14:07:44
MemTotal:        2873608 kB
MemFree:           68932 kB
Buffers:           15580 kB
Cached:           992752 kB
SwapCached:            0 kB
Active:          1341988 kB
Inactive:         691180 kB
Active(anon):     826352 kB
Inactive(anon):   212480 kB
Active(file):     515636 kB
Inactive(file):   478700 kB
Unevictable:       13568 kB
Mlocked:               0 kB
SwapTotal:        718400 kB
SwapFree:         710812 kB
Dirty:              1116 kB
Writeback:             0 kB
AnonPages:       1038496 kB
Mapped:           615980 kB
Shmem:               428 kB
Slab:              99516 kB
SReclaimable:      31964 kB
SUnreclaim:        67552 kB
KernelStack:       39584 kB
PageTables:        51680 kB
NFS_Unstable:          0 kB
Bounce:                0 kB
WritebackTmp:          0 kB
CommitLimit:     2155204 kB
Committed_AS:   122758768 kB
VmallocTotal:   251658176 kB
VmallocUsed:      136824 kB
VmallocChunk:   251422252 kB
Time pass: 56 sec

---2015-12-05 14:07:44
MemTotal:        2873608 kB
MemFree:           73112 kB
Buffers:           15596 kB
Cached:           992772 kB
SwapCached:            0 kB
Active:          1337844 kB
Inactive:         691212 kB
Active(anon):     822204 kB
Inactive(anon):   212480 kB
Active(file):     515640 kB
Inactive(file):   478732 kB
Unevictable:       13568 kB
Mlocked:               0 kB
SwapTotal:        718400 kB
SwapFree:         710812 kB
Dirty:                84 kB
Writeback:             0 kB
AnonPages:       1034272 kB
Mapped:           615984 kB
Shmem:               428 kB
Slab:              99596 kB
SReclaimable:      32108 kB
SUnreclaim:        67488 kB
KernelStack:       39728 kB
PageTables:        51724 kB
NFS_Unstable:          0 kB
Bounce:                0 kB
WritebackTmp:          0 kB
CommitLimit:     2155204 kB
Committed_AS:   122759128 kB
VmallocTotal:   251658176 kB
VmallocUsed:      136824 kB
VmallocChunk:   251422252 kB
Time pass: 60 sec

---2015-12-05 14:07:44
MemTotal:        2873608 kB
MemFree:           74848 kB
Buffers:           15568 kB
Cached:           977960 kB
SwapCached:            0 kB
Active:          1327364 kB
Inactive:         687920 kB
Active(anon):     823964 kB
Inactive(anon):   211792 kB
Active(file):     503400 kB
Inactive(file):   476128 kB
Unevictable:       13568 kB
Mlocked:               0 kB
SwapTotal:        718400 kB
SwapFree:         710148 kB
Dirty:               188 kB
Writeback:             0 kB
AnonPages:       1035432 kB
Mapped:           625216 kB
Shmem:               428 kB
Slab:              99600 kB
SReclaimable:      32124 kB
SUnreclaim:        67476 kB
KernelStack:       39728 kB
PageTables:        51740 kB
NFS_Unstable:          0 kB
Bounce:                0 kB
WritebackTmp:          0 kB
CommitLimit:     2155204 kB
Committed_AS:   122759160 kB
VmallocTotal:   251658176 kB
VmallocUsed:      136936 kB
VmallocChunk:   251422252 kB
Time pass: 63 sec

---2015-12-05 14:07:44
MemTotal:        2873608 kB
MemFree:           72368 kB
Buffers:           15584 kB
Cached:           978012 kB
SwapCached:            0 kB
Active:          1330016 kB
Inactive:         687908 kB
Active(anon):     826592 kB
Inactive(anon):   211792 kB
Active(file):     503424 kB
Inactive(file):   476116 kB
Unevictable:       13568 kB
Mlocked:               0 kB
SwapTotal:        718400 kB
SwapFree:         710148 kB
Dirty:               208 kB
Writeback:             0 kB
AnonPages:       1037908 kB
Mapped:           625296 kB
Shmem:               428 kB
Slab:              99608 kB
SReclaimable:      32140 kB
SUnreclaim:        67468 kB
KernelStack:       39696 kB
PageTables:        51772 kB
NFS_Unstable:          0 kB
Bounce:                0 kB
WritebackTmp:          0 kB
CommitLimit:     2155204 kB
Committed_AS:   122759312 kB
VmallocTotal:   251658176 kB
VmallocUsed:      136936 kB
VmallocChunk:   251422252 kB
Time pass: 67 sec

---2015-12-05 14:07:44
MemTotal:        2873608 kB
MemFree:           72376 kB
Buffers:           15360 kB
Cached:           952828 kB
SwapCached:            0 kB
Active:          1323760 kB
Inactive:         674532 kB
Active(anon):     833692 kB
Inactive(anon):   210408 kB
Active(file):     490068 kB
Inactive(file):   464124 kB
Unevictable:       13568 kB
Mlocked:               0 kB
SwapTotal:        718400 kB
SwapFree:         709116 kB
Dirty:               588 kB
Writeback:             0 kB
AnonPages:       1043852 kB
Mapped:           638516 kB
Shmem:               428 kB
Slab:              99772 kB
SReclaimable:      32140 kB
SUnreclaim:        67632 kB
KernelStack:       39696 kB
PageTables:        51780 kB
NFS_Unstable:          0 kB
Bounce:                0 kB
WritebackTmp:          0 kB
CommitLimit:     2155204 kB
Committed_AS:   122767904 kB
VmallocTotal:   251658176 kB
VmallocUsed:      137096 kB
VmallocChunk:   251422252 kB
Time pass: 71 sec

---2015-12-05 14:07:44
MemTotal:        2873608 kB
MemFree:           67544 kB
Buffers:           15092 kB
Cached:           949784 kB
SwapCached:            0 kB
Active:          1329756 kB
Inactive:         674080 kB
Active(anon):     842880 kB
Inactive(anon):   210304 kB
Active(file):     486876 kB
Inactive(file):   463776 kB
Unevictable:       13568 kB
Mlocked:               0 kB
SwapTotal:        718400 kB
SwapFree:         708848 kB
Dirty:               224 kB
Writeback:             0 kB
AnonPages:       1053300 kB
Mapped:           640688 kB
Shmem:               428 kB
Slab:              99752 kB
SReclaimable:      32140 kB
SUnreclaim:        67612 kB
KernelStack:       39792 kB
PageTables:        51804 kB
NFS_Unstable:          0 kB
Bounce:                0 kB
WritebackTmp:          0 kB
CommitLimit:     2155204 kB
Committed_AS:   122772160 kB
VmallocTotal:   251658176 kB
VmallocUsed:      137096 kB
VmallocChunk:   251422252 kB
Time pass: 74 sec

---2015-12-05 14:07:44
MemTotal:        2873608 kB
MemFree:           70884 kB
Buffers:           15148 kB
Cached:           937360 kB
SwapCached:           12 kB
Active:          1330144 kB
Inactive:         671892 kB
Active(anon):     850312 kB
Inactive(anon):   213364 kB
Active(file):     479832 kB
Inactive(file):   458528 kB
Unevictable:       13568 kB
Mlocked:               0 kB
SwapTotal:        718400 kB
SwapFree:         708300 kB
Dirty:               140 kB
Writeback:             0 kB
AnonPages:       1063420 kB
Mapped:           640952 kB
Shmem:               560 kB
Slab:              99408 kB
SReclaimable:      31820 kB
SUnreclaim:        67588 kB
KernelStack:       39984 kB
PageTables:        51584 kB
NFS_Unstable:          0 kB
Bounce:                0 kB
WritebackTmp:          0 kB
CommitLimit:     2155204 kB
Committed_AS:   121575784 kB
VmallocTotal:   251658176 kB
VmallocUsed:      138508 kB
VmallocChunk:   251422252 kB
Time pass: 78 sec

---2015-12-05 14:07:44
MemTotal:        2873608 kB
MemFree:           70308 kB
Buffers:           14964 kB
Cached:           914280 kB
SwapCached:           12 kB
Active:          1316176 kB
Inactive:         663940 kB
Active(anon):     851728 kB
Inactive(anon):   213288 kB
Active(file):     464448 kB
Inactive(file):   450652 kB
Unevictable:       13568 kB
Mlocked:               0 kB
SwapTotal:        718400 kB
SwapFree:         707036 kB
Dirty:                76 kB
Writeback:             0 kB
AnonPages:       1064280 kB
Mapped:           638740 kB
Shmem:               684 kB
Slab:              99272 kB
SReclaimable:      31772 kB
SUnreclaim:        67500 kB
KernelStack:       39760 kB
PageTables:        51676 kB
NFS_Unstable:          0 kB
Bounce:                0 kB
WritebackTmp:          0 kB
CommitLimit:     2155204 kB
Committed_AS:   121575564 kB
VmallocTotal:   251658176 kB
VmallocUsed:      138508 kB
VmallocChunk:   251422252 kB
Time pass: 82 sec

---2015-12-05 14:07:44
MemTotal:        2873608 kB
MemFree:           67936 kB
Buffers:           14964 kB
Cached:           915316 kB
SwapCached:           12 kB
Active:          1317448 kB
Inactive:         664788 kB
Active(anon):     853020 kB
Inactive(anon):   213264 kB
Active(file):     464428 kB
Inactive(file):   451524 kB
Unevictable:       13568 kB
Mlocked:               0 kB
SwapTotal:        718400 kB
SwapFree:         707036 kB
Dirty:                 4 kB
Writeback:             0 kB
AnonPages:       1065580 kB
Mapped:           638916 kB
Shmem:               760 kB
Slab:              99480 kB
SReclaimable:      31900 kB
SUnreclaim:        67580 kB
KernelStack:       39712 kB
PageTables:        51672 kB
NFS_Unstable:          0 kB
Bounce:                0 kB
WritebackTmp:          0 kB
CommitLimit:     2155204 kB
Committed_AS:   121579828 kB
VmallocTotal:   251658176 kB
VmallocUsed:      138508 kB
VmallocChunk:   251422252 kB
Time pass: 86 sec

---2015-12-05 14:07:44
MemTotal:        2873608 kB
MemFree:           72908 kB
Buffers:           14988 kB
Cached:           915540 kB
SwapCached:           12 kB
Active:          1313436 kB
Inactive:         665036 kB
Active(anon):     849008 kB
Inactive(anon):   213488 kB
Active(file):     464428 kB
Inactive(file):   451548 kB
Unevictable:       13568 kB
Mlocked:               0 kB
SwapTotal:        718400 kB
SwapFree:         707036 kB
Dirty:                72 kB
Writeback:             0 kB
AnonPages:       1061460 kB
Mapped:           632196 kB
Shmem:               984 kB
Slab:              99456 kB
SReclaimable:      31900 kB
SUnreclaim:        67556 kB
KernelStack:       39328 kB
PageTables:        51016 kB
NFS_Unstable:          0 kB
Bounce:                0 kB
WritebackTmp:          0 kB
CommitLimit:     2155204 kB
Committed_AS:   119800704 kB
VmallocTotal:   251658176 kB
VmallocUsed:      137488 kB
VmallocChunk:   251422252 kB
Time pass: 89 sec

---2015-12-05 14:07:44
MemTotal:        2873608 kB
MemFree:           73324 kB
Buffers:           14988 kB
Cached:           915552 kB
SwapCached:           12 kB
Active:          1313444 kB
Inactive:         665044 kB
Active(anon):     849016 kB
Inactive(anon):   213496 kB
Active(file):     464428 kB
Inactive(file):   451548 kB
Unevictable:       13568 kB
Mlocked:               0 kB
SwapTotal:        718400 kB
SwapFree:         707036 kB
Dirty:                72 kB
Writeback:             0 kB
AnonPages:       1061604 kB
Mapped:           632216 kB
Shmem:               996 kB
Slab:              99304 kB
SReclaimable:      31900 kB
SUnreclaim:        67404 kB
KernelStack:       39264 kB
PageTables:        51016 kB
NFS_Unstable:          0 kB
Bounce:                0 kB
WritebackTmp:          0 kB
CommitLimit:     2155204 kB
Committed_AS:   119800704 kB
VmallocTotal:   251658176 kB
VmallocUsed:      137488 kB
VmallocChunk:   251422252 kB
Time pass: 93 sec

---2015-12-05 14:07:44
MemTotal:        2873608 kB
MemFree:           67856 kB
Buffers:           15012 kB
Cached:           917752 kB
SwapCached:           12 kB
Active:          1317032 kB
Inactive:         667140 kB
Active(anon):     852604 kB
Inactive(anon):   213496 kB
Active(file):     464428 kB
Inactive(file):   453644 kB
Unevictable:       13568 kB
Mlocked:               0 kB
SwapTotal:        718400 kB
SwapFree:         707036 kB
Dirty:                44 kB
Writeback:             0 kB
AnonPages:       1065188 kB
Mapped:           632240 kB
Shmem:               996 kB
Slab:              99444 kB
SReclaimable:      31900 kB
SUnreclaim:        67544 kB
KernelStack:       39248 kB
PageTables:        51248 kB
NFS_Unstable:          0 kB
Bounce:                0 kB
WritebackTmp:          0 kB
CommitLimit:     2155204 kB
Committed_AS:   123297540 kB
VmallocTotal:   251658176 kB
VmallocUsed:      137488 kB
VmallocChunk:   251422252 kB
Time pass: 97 sec

---2015-12-05 14:07:44
MemTotal:        2873608 kB
MemFree:          313940 kB
Buffers:           15064 kB
Cached:           919112 kB
SwapCached:           24 kB
Active:          1203408 kB
Inactive:         653604 kB
Active(anon):     723992 kB
Inactive(anon):   212800 kB
Active(file):     479416 kB
Inactive(file):   440804 kB
Unevictable:       13568 kB
Mlocked:               0 kB
SwapTotal:        718400 kB
SwapFree:         707036 kB
Dirty:               388 kB
Writeback:             4 kB
AnonPages:        936344 kB
Mapped:           460164 kB
Shmem:               292 kB
Slab:              98988 kB
SReclaimable:      31916 kB
SUnreclaim:        67072 kB
KernelStack:       37376 kB
PageTables:        48088 kB
NFS_Unstable:          0 kB
Bounce:                0 kB
WritebackTmp:          0 kB
CommitLimit:     2155204 kB
Committed_AS:   116556252 kB
VmallocTotal:   251658176 kB
VmallocUsed:      134332 kB
VmallocChunk:   251422252 kB
Time pass: 101 sec

---2015-12-05 14:07:44
MemTotal:        2873608 kB
MemFree:          311352 kB
Buffers:           15080 kB
Cached:           919912 kB
SwapCached:           24 kB
Active:          1205296 kB
Inactive:         654128 kB
Active(anon):     725708 kB
Inactive(anon):   212628 kB
Active(file):     479588 kB
Inactive(file):   441500 kB
Unevictable:       13568 kB
Mlocked:               0 kB
SwapTotal:        718400 kB
SwapFree:         707036 kB
Dirty:                 0 kB
Writeback:             0 kB
AnonPages:        938116 kB
Mapped:           460676 kB
Shmem:               292 kB
Slab:              98964 kB
SReclaimable:      31916 kB
SUnreclaim:        67048 kB
KernelStack:       36848 kB
PageTables:        48192 kB
NFS_Unstable:          0 kB
Bounce:                0 kB
WritebackTmp:          0 kB
CommitLimit:     2155204 kB
Committed_AS:   116585748 kB
VmallocTotal:   251658176 kB
VmallocUsed:      134332 kB
VmallocChunk:   251422252 kB
Time pass: 104 sec

---2015-12-05 14:07:44
MemTotal:        2873608 kB
MemFree:          295640 kB
Buffers:           16088 kB
Cached:           924748 kB
SwapCached:           24 kB
Active:          1255388 kB
Inactive:         655048 kB
Active(anon):     770944 kB
Inactive(anon):   213756 kB
Active(file):     484444 kB
Inactive(file):   441292 kB
Unevictable:       13568 kB
Mlocked:               0 kB
SwapTotal:        718400 kB
SwapFree:         707036 kB
Dirty:              1348 kB
Writeback:             0 kB
AnonPages:        983624 kB
Mapped:           477844 kB
Shmem:              1460 kB
Slab:              98972 kB
SReclaimable:      31788 kB
SUnreclaim:        67184 kB
KernelStack:       38032 kB
PageTables:        49236 kB
NFS_Unstable:          0 kB
Bounce:                0 kB
WritebackTmp:          0 kB
CommitLimit:     2155204 kB
Committed_AS:   117913420 kB
VmallocTotal:   251658176 kB
VmallocUsed:      135028 kB
VmallocChunk:   251422252 kB
Time pass: 108 sec

---2015-12-05 14:07:44
MemTotal:        2873608 kB
MemFree:          201936 kB
Buffers:           16096 kB
Cached:           925536 kB
SwapCached:           44 kB
Active:          1280564 kB
Inactive:         654420 kB
Active(anon):     794652 kB
Inactive(anon):   212744 kB
Active(file):     485912 kB
Inactive(file):   441676 kB
Unevictable:       13568 kB
Mlocked:               0 kB
SwapTotal:        718400 kB
SwapFree:         707036 kB
Dirty:               232 kB
Writeback:             0 kB
AnonPages:       1006972 kB
Mapped:           542304 kB
Shmem:               428 kB
Slab:              98840 kB
SReclaimable:      31788 kB
SUnreclaim:        67052 kB
KernelStack:       38352 kB
PageTables:        50040 kB
NFS_Unstable:          0 kB
Bounce:                0 kB
WritebackTmp:          0 kB
CommitLimit:     2155204 kB
Committed_AS:   119710548 kB
VmallocTotal:   251658176 kB
VmallocUsed:      136596 kB
VmallocChunk:   251422252 kB
Time pass: 112 sec

---2015-12-05 14:07:44
MemTotal:        2873608 kB
MemFree:          170512 kB
Buffers:           16112 kB
Cached:           928944 kB
SwapCached:           44 kB
Active:          1275028 kB
Inactive:         655800 kB
Active(anon):     787024 kB
Inactive(anon):   212744 kB
Active(file):     488004 kB
Inactive(file):   443056 kB
Unevictable:       13568 kB
Mlocked:               0 kB
SwapTotal:        718400 kB
SwapFree:         707036 kB
Dirty:              1268 kB
Writeback:             0 kB
AnonPages:        999272 kB
Mapped:           575628 kB
Shmem:               428 kB
Slab:              98868 kB
SReclaimable:      31804 kB
SUnreclaim:        67064 kB
KernelStack:       38384 kB
PageTables:        50132 kB
NFS_Unstable:          0 kB
Bounce:                0 kB
WritebackTmp:          0 kB
CommitLimit:     2155204 kB
Committed_AS:   119711700 kB
VmallocTotal:   251658176 kB
VmallocUsed:      134456 kB
VmallocChunk:   251422252 kB
Time pass: 115 sec

---2015-12-05 14:07:44
MemTotal:        2873608 kB
MemFree:          153816 kB
Buffers:           16120 kB
Cached:           929004 kB
SwapCached:           44 kB
Active:          1276716 kB
Inactive:         655808 kB
Active(anon):     788652 kB
Inactive(anon):   212744 kB
Active(file):     488064 kB
Inactive(file):   443064 kB
Unevictable:       13568 kB
Mlocked:               0 kB
SwapTotal:        718400 kB
SwapFree:         707036 kB
Dirty:               124 kB
Writeback:             0 kB
AnonPages:       1000812 kB
Mapped:           585392 kB
Shmem:               428 kB
Slab:              98892 kB
SReclaimable:      31804 kB
SUnreclaim:        67088 kB
KernelStack:       38384 kB
PageTables:        50156 kB
NFS_Unstable:          0 kB
Bounce:                0 kB
WritebackTmp:          0 kB
CommitLimit:     2155204 kB
Committed_AS:   119712292 kB
VmallocTotal:   251658176 kB
VmallocUsed:      134564 kB
VmallocChunk:   251422252 kB
Time pass: 119 sec

---2015-12-05 14:07:44
MemTotal:        2873608 kB
MemFree:          154336 kB
Buffers:           16120 kB
Cached:           929080 kB
SwapCached:           44 kB
Active:          1276776 kB
Inactive:         655748 kB
Active(anon):     788576 kB
Inactive(anon):   212744 kB
Active(file):     488200 kB
Inactive(file):   443004 kB
Unevictable:       13568 kB
Mlocked:               0 kB
SwapTotal:        718400 kB
SwapFree:         707036 kB
Dirty:                 0 kB
Writeback:            28 kB
AnonPages:       1000900 kB
Mapped:           585468 kB
Shmem:               428 kB
Slab:              98892 kB
SReclaimable:      31804 kB
SUnreclaim:        67088 kB
KernelStack:       38384 kB
PageTables:        50180 kB
NFS_Unstable:          0 kB
Bounce:                0 kB
WritebackTmp:          0 kB
CommitLimit:     2155204 kB
Committed_AS:   119712404 kB
VmallocTotal:   251658176 kB
VmallocUsed:      134564 kB
VmallocChunk:   251422252 kB
Time pass: 123 sec

---2015-12-05 14:07:44
MemTotal:        2873608 kB
MemFree:          123504 kB
Buffers:           16128 kB
Cached:           929104 kB
SwapCached:           44 kB
Active:          1284344 kB
Inactive:         655776 kB
Active(anon):     796140 kB
Inactive(anon):   212744 kB
Active(file):     488204 kB
Inactive(file):   443032 kB
Unevictable:       13568 kB
Mlocked:               0 kB
SwapTotal:        718400 kB
SwapFree:         707036 kB
Dirty:               576 kB
Writeback:             0 kB
AnonPages:       1008544 kB
Mapped:           599596 kB
Shmem:               428 kB
Slab:              98900 kB
SReclaimable:      31804 kB
SUnreclaim:        67096 kB
KernelStack:       38384 kB
PageTables:        50152 kB
NFS_Unstable:          0 kB
Bounce:                0 kB
WritebackTmp:          0 kB
CommitLimit:     2155204 kB
Committed_AS:   119713240 kB
VmallocTotal:   251658176 kB
VmallocUsed:      134724 kB
VmallocChunk:   251422252 kB
Time pass: 127 sec

---2015-12-05 14:07:44
MemTotal:        2873608 kB
MemFree:          125040 kB
Buffers:           16136 kB
Cached:           929104 kB
SwapCached:           44 kB
Active:          1282780 kB
Inactive:         655784 kB
Active(anon):     794576 kB
Inactive(anon):   212744 kB
Active(file):     488204 kB
Inactive(file):   443040 kB
Unevictable:       13568 kB
Mlocked:               0 kB
SwapTotal:        718400 kB
SwapFree:         707036 kB
Dirty:                 0 kB
Writeback:             0 kB
AnonPages:       1006832 kB
Mapped:           599644 kB
Shmem:               428 kB
Slab:              98960 kB
SReclaimable:      31804 kB
SUnreclaim:        67156 kB
KernelStack:       38352 kB
PageTables:        50132 kB
NFS_Unstable:          0 kB
Bounce:                0 kB
WritebackTmp:          0 kB
CommitLimit:     2155204 kB
Committed_AS:   119713212 kB
VmallocTotal:   251658176 kB
VmallocUsed:      134724 kB
VmallocChunk:   251422252 kB
Time pass: 130 sec

---2015-12-05 14:07:44
MemTotal:        2873608 kB
MemFree:          113232 kB
Buffers:           17728 kB
Cached:           929836 kB
SwapCached:           72 kB
Active:          1291492 kB
Inactive:         658056 kB
Active(anon):     803208 kB
Inactive(anon):   212768 kB
Active(file):     488284 kB
Inactive(file):   445288 kB
Unevictable:       13568 kB
Mlocked:               0 kB
SwapTotal:        718400 kB
SwapFree:         707036 kB
Dirty:               164 kB
Writeback:            12 kB
AnonPages:       1015656 kB
Mapped:           606484 kB
Shmem:               424 kB
Slab:              98960 kB
SReclaimable:      31804 kB
SUnreclaim:        67156 kB
KernelStack:       38752 kB
PageTables:        50816 kB
NFS_Unstable:          0 kB
Bounce:                0 kB
WritebackTmp:          0 kB
CommitLimit:     2155204 kB
Committed_AS:   121498528 kB
VmallocTotal:   251658176 kB
VmallocUsed:      135744 kB
VmallocChunk:   251422252 kB
Time pass: 134 sec

---2015-12-05 14:07:44
MemTotal:        2873608 kB
MemFree:          100036 kB
Buffers:           17728 kB
Cached:           929892 kB
SwapCached:           72 kB
Active:          1292860 kB
Inactive:         658060 kB
Active(anon):     804528 kB
Inactive(anon):   212768 kB
Active(file):     488332 kB
Inactive(file):   445292 kB
Unevictable:       13568 kB
Mlocked:               0 kB
SwapTotal:        718400 kB
SwapFree:         707036 kB
Dirty:               272 kB
Writeback:             0 kB
AnonPages:       1017412 kB
Mapped:           608552 kB
Shmem:               428 kB
Slab:              98952 kB
SReclaimable:      31804 kB
SUnreclaim:        67148 kB
KernelStack:       38752 kB
PageTables:        50796 kB
NFS_Unstable:          0 kB
Bounce:                0 kB
WritebackTmp:          0 kB
CommitLimit:     2155204 kB
Committed_AS:   121498500 kB
VmallocTotal:   251658176 kB
VmallocUsed:      135744 kB
VmallocChunk:   251422252 kB
Time pass: 138 sec

---2015-12-05 14:07:44
MemTotal:        2873608 kB
MemFree:          102912 kB
Buffers:           17760 kB
Cached:           930040 kB
SwapCached:           72 kB
Active:          1299892 kB
Inactive:         657240 kB
Active(anon):     810564 kB
Inactive(anon):   212904 kB
Active(file):     489328 kB
Inactive(file):   444336 kB
Unevictable:       13568 kB
Mlocked:               0 kB
SwapTotal:        718400 kB
SwapFree:         707036 kB
Dirty:                68 kB
Writeback:             0 kB
AnonPages:       1022872 kB
Mapped:           610036 kB
Shmem:               568 kB
Slab:              99060 kB
SReclaimable:      31820 kB
SUnreclaim:        67240 kB
KernelStack:       38864 kB
PageTables:        50592 kB
NFS_Unstable:          0 kB
Bounce:                0 kB
WritebackTmp:          0 kB
CommitLimit:     2155204 kB
Committed_AS:   120298180 kB
VmallocTotal:   251658176 kB
VmallocUsed:      137156 kB
VmallocChunk:   251422252 kB
Time pass: 142 sec

---2015-12-05 14:07:44
MemTotal:        2873608 kB
MemFree:          102100 kB
Buffers:           17768 kB
Cached:           930176 kB
SwapCached:           72 kB
Active:          1300704 kB
Inactive:         657368 kB
Active(anon):     811360 kB
Inactive(anon):   213040 kB
Active(file):     489344 kB
Inactive(file):   444328 kB
Unevictable:       13568 kB
Mlocked:               0 kB
SwapTotal:        718400 kB
SwapFree:         707036 kB
Dirty:                36 kB
Writeback:             0 kB
AnonPages:       1023596 kB
Mapped:           610192 kB
Shmem:               704 kB
Slab:              99060 kB
SReclaimable:      31836 kB
SUnreclaim:        67224 kB
KernelStack:       38896 kB
PageTables:        50632 kB
NFS_Unstable:          0 kB
Bounce:                0 kB
WritebackTmp:          0 kB
CommitLimit:     2155204 kB
Committed_AS:   120298236 kB
VmallocTotal:   251658176 kB
VmallocUsed:      137156 kB
VmallocChunk:   251422252 kB
Time pass: 146 sec

---2015-12-05 14:07:44
MemTotal:        2873608 kB
MemFree:          100692 kB
Buffers:           17768 kB
Cached:           930212 kB
SwapCached:           72 kB
Active:          1301088 kB
Inactive:         657404 kB
Active(anon):     811744 kB
Inactive(anon):   213076 kB
Active(file):     489344 kB
Inactive(file):   444328 kB
Unevictable:       13568 kB
Mlocked:               0 kB
SwapTotal:        718400 kB
SwapFree:         707036 kB
Dirty:                40 kB
Writeback:             0 kB
AnonPages:       1024092 kB
Mapped:           610268 kB
Shmem:               740 kB
Slab:              99092 kB
SReclaimable:      31836 kB
SUnreclaim:        67256 kB
KernelStack:       38896 kB
PageTables:        50644 kB
NFS_Unstable:          0 kB
Bounce:                0 kB
WritebackTmp:          0 kB
CommitLimit:     2155204 kB
Committed_AS:   120298272 kB
VmallocTotal:   251658176 kB
VmallocUsed:      137156 kB
VmallocChunk:   251422252 kB
Time pass: 149 sec

---2015-12-05 14:07:44
MemTotal:        2873608 kB
MemFree:          101604 kB
Buffers:           17776 kB
Cached:           930216 kB
SwapCached:           72 kB
Active:          1300724 kB
Inactive:         657416 kB
Active(anon):     811380 kB
Inactive(anon):   213076 kB
Active(file):     489344 kB
Inactive(file):   444340 kB
Unevictable:       13568 kB
Mlocked:               0 kB
SwapTotal:        718400 kB
SwapFree:         707036 kB
Dirty:                12 kB
Writeback:             0 kB
AnonPages:       1023592 kB
Mapped:           610336 kB
Shmem:               740 kB
Slab:              99056 kB
SReclaimable:      31836 kB
SUnreclaim:        67220 kB
KernelStack:       38864 kB
PageTables:        50656 kB
NFS_Unstable:          0 kB
Bounce:                0 kB
WritebackTmp:          0 kB
CommitLimit:     2155204 kB
Committed_AS:   120298256 kB
VmallocTotal:   251658176 kB
VmallocUsed:      137156 kB
VmallocChunk:   251422252 kB
Time pass: 153 sec

---2015-12-05 14:07:44
MemTotal:        2873608 kB
MemFree:          111116 kB
Buffers:           17776 kB
Cached:           929904 kB
SwapCached:           72 kB
Active:          1292168 kB
Inactive:         656916 kB
Active(anon):     802640 kB
Inactive(anon):   212760 kB
Active(file):     489528 kB
Inactive(file):   444156 kB
Unevictable:       13568 kB
Mlocked:               0 kB
SwapTotal:        718400 kB
SwapFree:         707036 kB
Dirty:                 0 kB
Writeback:             0 kB
AnonPages:       1014912 kB
Mapped:           609916 kB
Shmem:               428 kB
Slab:              98976 kB
SReclaimable:      31756 kB
SUnreclaim:        67220 kB
KernelStack:       38528 kB
PageTables:        50460 kB
NFS_Unstable:          0 kB
Bounce:                0 kB
WritebackTmp:          0 kB
CommitLimit:     2155204 kB
Committed_AS:   120270792 kB
VmallocTotal:   251658176 kB
VmallocUsed:      137140 kB
VmallocChunk:   251422252 kB
Time pass: 157 sec

---2015-12-05 14:07:44
MemTotal:        2873608 kB
MemFree:          111864 kB
Buffers:           17784 kB
Cached:           929900 kB
SwapCached:           72 kB
Active:          1292428 kB
Inactive:         656920 kB
Active(anon):     802900 kB
Inactive(anon):   212760 kB
Active(file):     489528 kB
Inactive(file):   444160 kB
Unevictable:       13568 kB
Mlocked:               0 kB
SwapTotal:        718400 kB
SwapFree:         707036 kB
Dirty:                 0 kB
Writeback:             0 kB
AnonPages:       1015216 kB
Mapped:           610012 kB
Shmem:               428 kB
Slab:              98944 kB
SReclaimable:      31756 kB
SUnreclaim:        67188 kB
KernelStack:       38544 kB
PageTables:        50488 kB
NFS_Unstable:          0 kB
Bounce:                0 kB
WritebackTmp:          0 kB
CommitLimit:     2155204 kB
Committed_AS:   120270764 kB
VmallocTotal:   251658176 kB
VmallocUsed:      137140 kB
VmallocChunk:   251422252 kB
Time pass: 161 sec

---2015-12-05 14:07:44
MemTotal:        2873608 kB
MemFree:          111160 kB
Buffers:           17784 kB
Cached:           929904 kB
SwapCached:           72 kB
Active:          1292548 kB
Inactive:         656924 kB
Active(anon):     803020 kB
Inactive(anon):   212760 kB
Active(file):     489528 kB
Inactive(file):   444164 kB
Unevictable:       13568 kB
Mlocked:               0 kB
SwapTotal:        718400 kB
SwapFree:         707036 kB
Dirty:                12 kB
Writeback:             0 kB
AnonPages:       1015292 kB
Mapped:           609764 kB
Shmem:               428 kB
Slab:              98944 kB
SReclaimable:      31756 kB
SUnreclaim:        67188 kB
KernelStack:       38528 kB
PageTables:        50452 kB
NFS_Unstable:          0 kB
Bounce:                0 kB
WritebackTmp:          0 kB
CommitLimit:     2155204 kB
Committed_AS:   120270764 kB
VmallocTotal:   251658176 kB
VmallocUsed:      137140 kB
VmallocChunk:   251422252 kB
Time pass: 164 sec

---2015-12-05 14:07:44
MemTotal:        2873608 kB
MemFree:          110360 kB
Buffers:           17784 kB
Cached:           929988 kB
SwapCached:           72 kB
Active:          1293328 kB
Inactive:         656980 kB
Active(anon):     803776 kB
Inactive(anon):   212764 kB
Active(file):     489552 kB
Inactive(file):   444216 kB
Unevictable:       13568 kB
Mlocked:               0 kB
SwapTotal:        718400 kB
SwapFree:         707036 kB
Dirty:                40 kB
Writeback:             0 kB
AnonPages:       1016056 kB
Mapped:           610012 kB
Shmem:               432 kB
Slab:              98956 kB
SReclaimable:      31756 kB
SUnreclaim:        67200 kB
KernelStack:       38528 kB
PageTables:        50452 kB
NFS_Unstable:          0 kB
Bounce:                0 kB
WritebackTmp:          0 kB
CommitLimit:     2155204 kB
Committed_AS:   120272756 kB
VmallocTotal:   251658176 kB
VmallocUsed:      137140 kB
VmallocChunk:   251422252 kB
Time pass: 168 sec

---2015-12-05 14:07:44
MemTotal:        2873608 kB
MemFree:          110444 kB
Buffers:           17808 kB
Cached:           929972 kB
SwapCached:           72 kB
Active:          1293568 kB
Inactive:         656984 kB
Active(anon):     804016 kB
Inactive(anon):   212764 kB
Active(file):     489552 kB
Inactive(file):   444220 kB
Unevictable:       13568 kB
Mlocked:               0 kB
SwapTotal:        718400 kB
SwapFree:         707036 kB
Dirty:                20 kB
Writeback:             0 kB
AnonPages:       1016352 kB
Mapped:           610144 kB
Shmem:               432 kB
Slab:              98940 kB
SReclaimable:      31756 kB
SUnreclaim:        67184 kB
KernelStack:       38432 kB
PageTables:        50436 kB
NFS_Unstable:          0 kB
Bounce:                0 kB
WritebackTmp:          0 kB
CommitLimit:     2155204 kB
Committed_AS:   120272620 kB
VmallocTotal:   251658176 kB
VmallocUsed:      134724 kB
VmallocChunk:   251422252 kB
Time pass: 172 sec

---2015-12-05 14:07:44
MemTotal:        2873608 kB
MemFree:          110292 kB
Buffers:           17808 kB
Cached:           929988 kB
SwapCached:           72 kB
Active:          1293532 kB
Inactive:         657008 kB
Active(anon):     803980 kB
Inactive(anon):   212764 kB
Active(file):     489552 kB
Inactive(file):   444244 kB
Unevictable:       13568 kB
Mlocked:               0 kB
SwapTotal:        718400 kB
SwapFree:         707036 kB
Dirty:                24 kB
Writeback:             0 kB
AnonPages:       1016296 kB
Mapped:           610080 kB
Shmem:               432 kB
Slab:              98940 kB
SReclaimable:      31756 kB
SUnreclaim:        67184 kB
KernelStack:       38416 kB
PageTables:        50408 kB
NFS_Unstable:          0 kB
Bounce:                0 kB
WritebackTmp:          0 kB
CommitLimit:     2155204 kB
Committed_AS:   120272620 kB
VmallocTotal:   251658176 kB
VmallocUsed:      134724 kB
VmallocChunk:   251422252 kB
Time pass: 176 sec

---2015-12-05 14:07:44
MemTotal:        2873608 kB
MemFree:          110420 kB
Buffers:           17808 kB
Cached:           929988 kB
SwapCached:           72 kB
Active:          1293676 kB
Inactive:         657008 kB
Active(anon):     804124 kB
Inactive(anon):   212764 kB
Active(file):     489552 kB
Inactive(file):   444244 kB
Unevictable:       13568 kB
Mlocked:               0 kB
SwapTotal:        718400 kB
SwapFree:         707036 kB
Dirty:                 0 kB
Writeback:             0 kB
AnonPages:       1016496 kB
Mapped:           610216 kB
Shmem:               432 kB
Slab:              98972 kB
SReclaimable:      31756 kB
SUnreclaim:        67216 kB
KernelStack:       38416 kB
PageTables:        50412 kB
NFS_Unstable:          0 kB
Bounce:                0 kB
WritebackTmp:          0 kB
CommitLimit:     2155204 kB
Committed_AS:   120272564 kB
VmallocTotal:   251658176 kB
VmallocUsed:      134724 kB
VmallocChunk:   251422252 kB
Time pass: 180 sec

---2015-12-05 14:07:44
MemTotal:        2873608 kB
MemFree:          110368 kB
Buffers:           17808 kB
Cached:           929988 kB
SwapCached:           72 kB
Active:          1293740 kB
Inactive:         657008 kB
Active(anon):     804188 kB
Inactive(anon):   212764 kB
Active(file):     489552 kB
Inactive(file):   444244 kB
Unevictable:       13568 kB
Mlocked:               0 kB
SwapTotal:        718400 kB
SwapFree:         707036 kB
Dirty:                 0 kB
Writeback:             0 kB
AnonPages:       1016508 kB
Mapped:           610212 kB
Shmem:               432 kB
Slab:              98940 kB
SReclaimable:      31756 kB
SUnreclaim:        67184 kB
KernelStack:       38416 kB
PageTables:        50440 kB
NFS_Unstable:          0 kB
Bounce:                0 kB
WritebackTmp:          0 kB
CommitLimit:     2155204 kB
Committed_AS:   120272612 kB
VmallocTotal:   251658176 kB
VmallocUsed:      134724 kB
VmallocChunk:   251422252 kB
Time pass: 183 sec

---2015-12-05 14:07:44
MemTotal:        2873608 kB
MemFree:          110164 kB
Buffers:           17808 kB
Cached:           929988 kB
SwapCached:           72 kB
Active:          1293792 kB
Inactive:         657008 kB
Active(anon):     804240 kB
Inactive(anon):   212764 kB
Active(file):     489552 kB
Inactive(file):   444244 kB
Unevictable:       13568 kB
Mlocked:               0 kB
SwapTotal:        718400 kB
SwapFree:         707036 kB
Dirty:                 0 kB
Writeback:             0 kB
AnonPages:       1016564 kB
Mapped:           610224 kB
Shmem:               432 kB
Slab:              98940 kB
SReclaimable:      31756 kB
SUnreclaim:        67184 kB
KernelStack:       38416 kB
PageTables:        50440 kB
NFS_Unstable:          0 kB
Bounce:                0 kB
WritebackTmp:          0 kB
CommitLimit:     2155204 kB
Committed_AS:   120272612 kB
VmallocTotal:   251658176 kB
VmallocUsed:      134724 kB
VmallocChunk:   251422252 kB
Time pass: 187 sec

---2015-12-05 14:07:44
MemTotal:        2873608 kB
MemFree:           89788 kB
Buffers:           17840 kB
Cached:           929976 kB
SwapCached:           72 kB
Active:          1310968 kB
Inactive:         657020 kB
Active(anon):     821412 kB
Inactive(anon):   212764 kB
Active(file):     489556 kB
Inactive(file):   444256 kB
Unevictable:       13568 kB
Mlocked:               0 kB
SwapTotal:        718400 kB
SwapFree:         707036 kB
Dirty:                56 kB
Writeback:             0 kB
AnonPages:       1033872 kB
Mapped:           614500 kB
Shmem:               432 kB
Slab:              98944 kB
SReclaimable:      31756 kB
SUnreclaim:        67188 kB
KernelStack:       38560 kB
PageTables:        50448 kB
NFS_Unstable:          0 kB
Bounce:                0 kB
WritebackTmp:          0 kB
CommitLimit:     2155204 kB
Committed_AS:   120280836 kB
VmallocTotal:   251658176 kB
VmallocUsed:      134756 kB
VmallocChunk:   251422252 kB
Time pass: 191 sec

---2015-12-05 14:07:44
MemTotal:        2873608 kB
MemFree:           87656 kB
Buffers:           17872 kB
Cached:           930180 kB
SwapCached:           72 kB
Active:          1315128 kB
Inactive:         657244 kB
Active(anon):     825560 kB
Inactive(anon):   212948 kB
Active(file):     489568 kB
Inactive(file):   444296 kB
Unevictable:       13568 kB
Mlocked:               0 kB
SwapTotal:        718400 kB
SwapFree:         707036 kB
Dirty:                72 kB
Writeback:             0 kB
AnonPages:       1037652 kB
Mapped:           612092 kB
Shmem:               620 kB
Slab:              98944 kB
SReclaimable:      31756 kB
SUnreclaim:        67188 kB
KernelStack:       38800 kB
PageTables:        50600 kB
NFS_Unstable:          0 kB
Bounce:                0 kB
WritebackTmp:          0 kB
CommitLimit:     2155204 kB
Committed_AS:   120316684 kB
VmallocTotal:   251658176 kB
VmallocUsed:      137156 kB
VmallocChunk:   251422252 kB
Time pass: 195 sec

---2015-12-05 14:07:44
MemTotal:        2873608 kB
MemFree:           87384 kB
Buffers:           17872 kB
Cached:           930180 kB
SwapCached:           72 kB
Active:          1315152 kB
Inactive:         657244 kB
Active(anon):     825584 kB
Inactive(anon):   212948 kB
Active(file):     489568 kB
Inactive(file):   444296 kB
Unevictable:       13568 kB
Mlocked:               0 kB
SwapTotal:        718400 kB
SwapFree:         707036 kB
Dirty:                72 kB
Writeback:             0 kB
AnonPages:       1037996 kB
Mapped:           612140 kB
Shmem:               620 kB
Slab:              98944 kB
SReclaimable:      31756 kB
SUnreclaim:        67188 kB
KernelStack:       38800 kB
PageTables:        50600 kB
NFS_Unstable:          0 kB
Bounce:                0 kB
WritebackTmp:          0 kB
CommitLimit:     2155204 kB
Committed_AS:   120316680 kB
VmallocTotal:   251658176 kB
VmallocUsed:      137156 kB
VmallocChunk:   251422252 kB
Time pass: 199 sec

---2015-12-05 14:07:44
MemTotal:        2873608 kB
MemFree:           91064 kB
Buffers:           17880 kB
Cached:           930212 kB
SwapCached:           72 kB
Active:          1311436 kB
Inactive:         657284 kB
Active(anon):     821868 kB
Inactive(anon):   212980 kB
Active(file):     489568 kB
Inactive(file):   444304 kB
Unevictable:       13568 kB
Mlocked:               0 kB
SwapTotal:        718400 kB
SwapFree:         707036 kB
Dirty:                36 kB
Writeback:             0 kB
AnonPages:       1034192 kB
Mapped:           610668 kB
Shmem:               652 kB
Slab:              99080 kB
SReclaimable:      31756 kB
SUnreclaim:        67324 kB
KernelStack:       38560 kB
PageTables:        50064 kB
NFS_Unstable:          0 kB
Bounce:                0 kB
WritebackTmp:          0 kB
CommitLimit:     2155204 kB
Committed_AS:   118533924 kB
VmallocTotal:   251658176 kB
VmallocUsed:      136136 kB
VmallocChunk:   251422252 kB
Time pass: 202 sec

---2015-12-05 14:07:44
MemTotal:        2873608 kB
MemFree:           91392 kB
Buffers:           17880 kB
Cached:           930212 kB
SwapCached:           72 kB
Active:          1311768 kB
Inactive:         657284 kB
Active(anon):     822200 kB
Inactive(anon):   212980 kB
Active(file):     489568 kB
Inactive(file):   444304 kB
Unevictable:       13568 kB
Mlocked:               0 kB
SwapTotal:        718400 kB
SwapFree:         707036 kB
Dirty:                 0 kB
Writeback:             0 kB
AnonPages:       1034380 kB
Mapped:           610672 kB
Shmem:               652 kB
Slab:              98944 kB
SReclaimable:      31756 kB
SUnreclaim:        67188 kB
KernelStack:       38544 kB
PageTables:        50072 kB
NFS_Unstable:          0 kB
Bounce:                0 kB
WritebackTmp:          0 kB
CommitLimit:     2155204 kB
Committed_AS:   118533964 kB
VmallocTotal:   251658176 kB
VmallocUsed:      136136 kB
VmallocChunk:   251422252 kB
Time pass: 206 sec

---2015-12-05 14:07:44
MemTotal:        2873608 kB
MemFree:           91868 kB
Buffers:           17884 kB
Cached:           930208 kB
SwapCached:           72 kB
Active:          1311696 kB
Inactive:         657284 kB
Active(anon):     822128 kB
Inactive(anon):   212980 kB
Active(file):     489568 kB
Inactive(file):   444304 kB
Unevictable:       13568 kB
Mlocked:               0 kB
SwapTotal:        718400 kB
SwapFree:         707036 kB
Dirty:                 0 kB
Writeback:             0 kB
AnonPages:       1034208 kB
Mapped:           610680 kB
Shmem:               652 kB
Slab:              98948 kB
SReclaimable:      31756 kB
SUnreclaim:        67192 kB
KernelStack:       38544 kB
PageTables:        50068 kB
NFS_Unstable:          0 kB
Bounce:                0 kB
WritebackTmp:          0 kB
CommitLimit:     2155204 kB
Committed_AS:   118533948 kB
VmallocTotal:   251658176 kB
VmallocUsed:      136136 kB
VmallocChunk:   251422252 kB
Time pass: 210 sec

---2015-12-05 14:07:44
MemTotal:        2873608 kB
MemFree:           91280 kB
Buffers:           17884 kB
Cached:           930212 kB
SwapCached:           72 kB
Active:          1311820 kB
Inactive:         657288 kB
Active(anon):     822252 kB
Inactive(anon):   212980 kB
Active(file):     489568 kB
Inactive(file):   444308 kB
Unevictable:       13568 kB
Mlocked:               0 kB
SwapTotal:        718400 kB
SwapFree:         707036 kB
Dirty:                 0 kB
Writeback:             0 kB
AnonPages:       1034372 kB
Mapped:           610728 kB
Shmem:               652 kB
Slab:              98928 kB
SReclaimable:      31756 kB
SUnreclaim:        67172 kB
KernelStack:       38544 kB
PageTables:        50076 kB
NFS_Unstable:          0 kB
Bounce:                0 kB
WritebackTmp:          0 kB
CommitLimit:     2155204 kB
Committed_AS:   118533940 kB
VmallocTotal:   251658176 kB
VmallocUsed:      136136 kB
VmallocChunk:   251422252 kB
Time pass: 214 sec

---2015-12-05 14:07:44
MemTotal:        2873608 kB
MemFree:           91724 kB
Buffers:           17884 kB
Cached:           930212 kB
SwapCached:           72 kB
Active:          1311808 kB
Inactive:         657288 kB
Active(anon):     822240 kB
Inactive(anon):   212980 kB
Active(file):     489568 kB
Inactive(file):   444308 kB
Unevictable:       13568 kB
Mlocked:               0 kB
SwapTotal:        718400 kB
SwapFree:         707036 kB
Dirty:                 0 kB
Writeback:             0 kB
AnonPages:       1034500 kB
Mapped:           610752 kB
Shmem:               652 kB
Slab:              98952 kB
SReclaimable:      31756 kB
SUnreclaim:        67196 kB
KernelStack:       38544 kB
PageTables:        50076 kB
NFS_Unstable:          0 kB
Bounce:                0 kB
WritebackTmp:          0 kB
CommitLimit:     2155204 kB
Committed_AS:   118533924 kB
VmallocTotal:   251658176 kB
VmallocUsed:      136136 kB
VmallocChunk:   251422252 kB
Time pass: 217 sec

---2015-12-05 14:07:44
MemTotal:        2873608 kB
MemFree:           91172 kB
Buffers:           17884 kB
Cached:           930212 kB
SwapCached:           72 kB
Active:          1311952 kB
Inactive:         657288 kB
Active(anon):     822384 kB
Inactive(anon):   212980 kB
Active(file):     489568 kB
Inactive(file):   444308 kB
Unevictable:       13568 kB
Mlocked:               0 kB
SwapTotal:        718400 kB
SwapFree:         707036 kB
Dirty:                 0 kB
Writeback:             0 kB
AnonPages:       1034540 kB
Mapped:           610672 kB
Shmem:               652 kB
Slab:              98924 kB
SReclaimable:      31756 kB
SUnreclaim:        67168 kB
KernelStack:       38528 kB
PageTables:        50040 kB
NFS_Unstable:          0 kB
Bounce:                0 kB
WritebackTmp:          0 kB
CommitLimit:     2155204 kB
Committed_AS:   118533940 kB
VmallocTotal:   251658176 kB
VmallocUsed:      136136 kB
VmallocChunk:   251422252 kB
Time pass: 221 sec

---2015-12-05 14:07:44
MemTotal:        2873608 kB
MemFree:           91240 kB
Buffers:           17884 kB
Cached:           930212 kB
SwapCached:           72 kB
Active:          1311784 kB
Inactive:         657288 kB
Active(anon):     822216 kB
Inactive(anon):   212980 kB
Active(file):     489568 kB
Inactive(file):   444308 kB
Unevictable:       13568 kB
Mlocked:               0 kB
SwapTotal:        718400 kB
SwapFree:         707036 kB
Dirty:                 0 kB
Writeback:             0 kB
AnonPages:       1034544 kB
Mapped:           610680 kB
Shmem:               652 kB
Slab:              98976 kB
SReclaimable:      31756 kB
SUnreclaim:        67220 kB
KernelStack:       38544 kB
PageTables:        50040 kB
NFS_Unstable:          0 kB
Bounce:                0 kB
WritebackTmp:          0 kB
CommitLimit:     2155204 kB
Committed_AS:   118533956 kB
VmallocTotal:   251658176 kB
VmallocUsed:      136136 kB
VmallocChunk:   251422252 kB
Time pass: 225 sec

---2015-12-05 14:07:44
MemTotal:        2873608 kB
MemFree:           90248 kB
Buffers:           17932 kB
Cached:           930132 kB
SwapCached:           72 kB
Active:          1313696 kB
Inactive:         657256 kB
Active(anon):     824128 kB
Inactive(anon):   212916 kB
Active(file):     489568 kB
Inactive(file):   444340 kB
Unevictable:       13568 kB
Mlocked:               0 kB
SwapTotal:        718400 kB
SwapFree:         707036 kB
Dirty:               132 kB
Writeback:             0 kB
AnonPages:       1036268 kB
Mapped:           610648 kB
Shmem:               588 kB
Slab:              98924 kB
SReclaimable:      31756 kB
SUnreclaim:        67168 kB
KernelStack:       38560 kB
PageTables:        50060 kB
NFS_Unstable:          0 kB
Bounce:                0 kB
WritebackTmp:          0 kB
CommitLimit:     2155204 kB
Committed_AS:   118542100 kB
VmallocTotal:   251658176 kB
VmallocUsed:      136136 kB
VmallocChunk:   251422252 kB
Time pass: 228 sec

---2015-12-05 14:07:44
MemTotal:        2873608 kB
MemFree:           90080 kB
Buffers:           17932 kB
Cached:           930148 kB
SwapCached:           72 kB
Active:          1313024 kB
Inactive:         657272 kB
Active(anon):     823456 kB
Inactive(anon):   212916 kB
Active(file):     489568 kB
Inactive(file):   444356 kB
Unevictable:       13568 kB
Mlocked:               0 kB
SwapTotal:        718400 kB
SwapFree:         707036 kB
Dirty:                 0 kB
Writeback:             0 kB
AnonPages:       1035668 kB
Mapped:           610572 kB
Shmem:               588 kB
Slab:              98952 kB
SReclaimable:      31788 kB
SUnreclaim:        67164 kB
KernelStack:       38560 kB
PageTables:        50032 kB
NFS_Unstable:          0 kB
Bounce:                0 kB
WritebackTmp:          0 kB
CommitLimit:     2155204 kB
Committed_AS:   118542228 kB
VmallocTotal:   251658176 kB
VmallocUsed:      136136 kB
VmallocChunk:   251422252 kB
Time pass: 232 sec

---2015-12-05 14:07:44
MemTotal:        2873608 kB
MemFree:           89520 kB
Buffers:           17956 kB
Cached:           930156 kB
SwapCached:           72 kB
Active:          1313484 kB
Inactive:         657304 kB
Active(anon):     823916 kB
Inactive(anon):   212924 kB
Active(file):     489568 kB
Inactive(file):   444380 kB
Unevictable:       13568 kB
Mlocked:               0 kB
SwapTotal:        718400 kB
SwapFree:         707036 kB
Dirty:                44 kB
Writeback:             0 kB
AnonPages:       1036268 kB
Mapped:           610668 kB
Shmem:               596 kB
Slab:              98936 kB
SReclaimable:      31756 kB
SUnreclaim:        67180 kB
KernelStack:       38544 kB
PageTables:        50064 kB
NFS_Unstable:          0 kB
Bounce:                0 kB
WritebackTmp:          0 kB
CommitLimit:     2155204 kB
Committed_AS:   118542244 kB
VmallocTotal:   251658176 kB
VmallocUsed:      136136 kB
VmallocChunk:   251422252 kB
Time pass: 236 sec

---2015-12-05 14:07:44
MemTotal:        2873608 kB
MemFree:           88272 kB
Buffers:           17956 kB
Cached:           930164 kB
SwapCached:           72 kB
Active:          1314236 kB
Inactive:         657312 kB
Active(anon):     824668 kB
Inactive(anon):   212932 kB
Active(file):     489568 kB
Inactive(file):   444380 kB
Unevictable:       13568 kB
Mlocked:               0 kB
SwapTotal:        718400 kB
SwapFree:         707036 kB
Dirty:                44 kB
Writeback:             0 kB
AnonPages:       1037008 kB
Mapped:           610676 kB
Shmem:               604 kB
Slab:              98952 kB
SReclaimable:      31756 kB
SUnreclaim:        67196 kB
KernelStack:       38544 kB
PageTables:        50064 kB
NFS_Unstable:          0 kB
Bounce:                0 kB
WritebackTmp:          0 kB
CommitLimit:     2155204 kB
Committed_AS:   118542252 kB
VmallocTotal:   251658176 kB
VmallocUsed:      136136 kB
VmallocChunk:   251422252 kB
Time pass: 240 sec

---2015-12-05 14:07:44
MemTotal:        2873608 kB
MemFree:           88412 kB
Buffers:           17964 kB
Cached:           930168 kB
SwapCached:           72 kB
Active:          1314424 kB
Inactive:         657324 kB
Active(anon):     824856 kB
Inactive(anon):   212936 kB
Active(file):     489568 kB
Inactive(file):   444388 kB
Unevictable:       13568 kB
Mlocked:               0 kB
SwapTotal:        718400 kB
SwapFree:         707036 kB
Dirty:                28 kB
Writeback:             0 kB
AnonPages:       1037200 kB
Mapped:           610688 kB
Shmem:               608 kB
Slab:              98964 kB
SReclaimable:      31756 kB
SUnreclaim:        67208 kB
KernelStack:       38544 kB
PageTables:        50064 kB
NFS_Unstable:          0 kB
Bounce:                0 kB
WritebackTmp:          0 kB
CommitLimit:     2155204 kB
Committed_AS:   118542252 kB
VmallocTotal:   251658176 kB
VmallocUsed:      136136 kB
VmallocChunk:   251422252 kB
Time pass: 244 sec

---2015-12-05 14:07:44
MemTotal:        2873608 kB
MemFree:           88236 kB
Buffers:           17980 kB
Cached:           930168 kB
SwapCached:           72 kB
Active:          1314900 kB
Inactive:         657340 kB
Active(anon):     825332 kB
Inactive(anon):   212936 kB
Active(file):     489568 kB
Inactive(file):   444404 kB
Unevictable:       13568 kB
Mlocked:               0 kB
SwapTotal:        718400 kB
SwapFree:         707036 kB
Dirty:                52 kB
Writeback:             0 kB
AnonPages:       1037520 kB
Mapped:           610696 kB
Shmem:               608 kB
Slab:              98940 kB
SReclaimable:      31756 kB
SUnreclaim:        67184 kB
KernelStack:       38512 kB
PageTables:        50068 kB
NFS_Unstable:          0 kB
Bounce:                0 kB
WritebackTmp:          0 kB
CommitLimit:     2155204 kB
Committed_AS:   118542252 kB
VmallocTotal:   251658176 kB
VmallocUsed:      136136 kB
VmallocChunk:   251422252 kB
Time pass: 247 sec

---2015-12-05 14:07:44
MemTotal:        2873608 kB
MemFree:           87168 kB
Buffers:           17980 kB
Cached:           930172 kB
SwapCached:           72 kB
Active:          1315504 kB
Inactive:         657344 kB
Active(anon):     825936 kB
Inactive(anon):   212940 kB
Active(file):     489568 kB
Inactive(file):   444404 kB
Unevictable:       13568 kB
Mlocked:               0 kB
SwapTotal:        718400 kB
SwapFree:         707036 kB
Dirty:                52 kB
Writeback:             0 kB
AnonPages:       1037952 kB
Mapped:           610704 kB
Shmem:               612 kB
Slab:              98960 kB
SReclaimable:      31756 kB
SUnreclaim:        67204 kB
KernelStack:       38544 kB
PageTables:        50068 kB
NFS_Unstable:          0 kB
Bounce:                0 kB
WritebackTmp:          0 kB
CommitLimit:     2155204 kB
Committed_AS:   118542244 kB
VmallocTotal:   251658176 kB
VmallocUsed:      136136 kB
VmallocChunk:   251422252 kB
Time pass: 251 sec

---2015-12-05 14:07:44
MemTotal:        2873608 kB
MemFree:           86796 kB
Buffers:           17996 kB
Cached:           930176 kB
SwapCached:           72 kB
Active:          1315640 kB
Inactive:         657364 kB
Active(anon):     826072 kB
Inactive(anon):   212944 kB
Active(file):     489568 kB
Inactive(file):   444420 kB
Unevictable:       13568 kB
Mlocked:               0 kB
SwapTotal:        718400 kB
SwapFree:         707036 kB
Dirty:                52 kB
Writeback:             0 kB
AnonPages:       1038508 kB
Mapped:           610712 kB
Shmem:               616 kB
Slab:              98956 kB
SReclaimable:      31756 kB
SUnreclaim:        67200 kB
KernelStack:       38544 kB
PageTables:        50064 kB
NFS_Unstable:          0 kB
Bounce:                0 kB
WritebackTmp:          0 kB
CommitLimit:     2155204 kB
Committed_AS:   118542332 kB
VmallocTotal:   251658176 kB
VmallocUsed:      136136 kB
VmallocChunk:   251422252 kB
Time pass: 255 sec

---2015-12-05 14:07:44
MemTotal:        2873608 kB
MemFree:           87288 kB
Buffers:           18020 kB
Cached:           930164 kB
SwapCached:           72 kB
Active:          1316096 kB
Inactive:         657376 kB
Active(anon):     826528 kB
Inactive(anon):   212948 kB
Active(file):     489568 kB
Inactive(file):   444428 kB
Unevictable:       13568 kB
Mlocked:               0 kB
SwapTotal:        718400 kB
SwapFree:         707036 kB
Dirty:                28 kB
Writeback:             0 kB
AnonPages:       1038720 kB
Mapped:           610808 kB
Shmem:               620 kB
Slab:              98944 kB
SReclaimable:      31756 kB
SUnreclaim:        67188 kB
KernelStack:       38544 kB
PageTables:        50096 kB
NFS_Unstable:          0 kB
Bounce:                0 kB
WritebackTmp:          0 kB
CommitLimit:     2155204 kB
Committed_AS:   118546412 kB
VmallocTotal:   251658176 kB
VmallocUsed:      136136 kB
VmallocChunk:   251422252 kB
Time pass: 259 sec

---2015-12-05 14:07:44
MemTotal:        2873608 kB
MemFree:           87124 kB
Buffers:           18020 kB
Cached:           930204 kB
SwapCached:           72 kB
Active:          1315980 kB
Inactive:         657416 kB
Active(anon):     826412 kB
Inactive(anon):   212972 kB
Active(file):     489568 kB
Inactive(file):   444444 kB
Unevictable:       13568 kB
Mlocked:               0 kB
SwapTotal:        718400 kB
SwapFree:         707036 kB
Dirty:                60 kB
Writeback:             0 kB
AnonPages:       1038748 kB
Mapped:           610840 kB
Shmem:               644 kB
Slab:              99072 kB
SReclaimable:      31756 kB
SUnreclaim:        67316 kB
KernelStack:       38560 kB
PageTables:        50100 kB
NFS_Unstable:          0 kB
Bounce:                0 kB
WritebackTmp:          0 kB
CommitLimit:     2155204 kB
Committed_AS:   118546452 kB
VmallocTotal:   251658176 kB
VmallocUsed:      136136 kB
VmallocChunk:   251422252 kB
Time pass: 263 sec

---2015-12-05 14:07:44
MemTotal:        2873608 kB
MemFree:           87084 kB
Buffers:           18028 kB
Cached:           930204 kB
SwapCached:           72 kB
Active:          1316036 kB
Inactive:         657424 kB
Active(anon):     826468 kB
Inactive(anon):   212972 kB
Active(file):     489568 kB
Inactive(file):   444452 kB
Unevictable:       13568 kB
Mlocked:               0 kB
SwapTotal:        718400 kB
SwapFree:         707036 kB
Dirty:                32 kB
Writeback:             0 kB
AnonPages:       1038700 kB
Mapped:           610896 kB
Shmem:               644 kB
Slab:              99076 kB
SReclaimable:      31756 kB
SUnreclaim:        67320 kB
KernelStack:       38560 kB
PageTables:        50136 kB
NFS_Unstable:          0 kB
Bounce:                0 kB
WritebackTmp:          0 kB
CommitLimit:     2155204 kB
Committed_AS:   118546444 kB
VmallocTotal:   251658176 kB
VmallocUsed:      136136 kB
VmallocChunk:   251422252 kB
Time pass: 266 sec

---2015-12-05 14:07:44
MemTotal:        2873608 kB
MemFree:           86188 kB
Buffers:           18028 kB
Cached:           930208 kB
SwapCached:           72 kB
Active:          1316384 kB
Inactive:         657428 kB
Active(anon):     826816 kB
Inactive(anon):   212976 kB
Active(file):     489568 kB
Inactive(file):   444452 kB
Unevictable:       13568 kB
Mlocked:               0 kB
SwapTotal:        718400 kB
SwapFree:         707036 kB
Dirty:                36 kB
Writeback:             0 kB
AnonPages:       1039132 kB
Mapped:           610780 kB
Shmem:               648 kB
Slab:              98944 kB
SReclaimable:      31756 kB
SUnreclaim:        67188 kB
KernelStack:       38560 kB
PageTables:        50080 kB
NFS_Unstable:          0 kB
Bounce:                0 kB
WritebackTmp:          0 kB
CommitLimit:     2155204 kB
Committed_AS:   118546452 kB
VmallocTotal:   251658176 kB
VmallocUsed:      136136 kB
VmallocChunk:   251422252 kB
Time pass: 270 sec

---2015-12-05 14:07:44
MemTotal:        2873608 kB
MemFree:           85856 kB
Buffers:           18052 kB
Cached:           930204 kB
SwapCached:           72 kB
Active:          1317676 kB
Inactive:         657448 kB
Active(anon):     828108 kB
Inactive(anon):   212980 kB
Active(file):     489568 kB
Inactive(file):   444468 kB
Unevictable:       13568 kB
Mlocked:               0 kB
SwapTotal:        718400 kB
SwapFree:         707036 kB
Dirty:                48 kB
Writeback:             0 kB
AnonPages:       1040676 kB
Mapped:           610752 kB
Shmem:               652 kB
Slab:              98924 kB
SReclaimable:      31756 kB
SUnreclaim:        67168 kB
KernelStack:       38560 kB
PageTables:        50076 kB
NFS_Unstable:          0 kB
Bounce:                0 kB
WritebackTmp:          0 kB
CommitLimit:     2155204 kB
Committed_AS:   118546532 kB
VmallocTotal:   251658176 kB
VmallocUsed:      136136 kB
VmallocChunk:   251422252 kB
Time pass: 274 sec

---2015-12-05 14:07:44
MemTotal:        2873608 kB
MemFree:           85288 kB
Buffers:           18052 kB
Cached:           930228 kB
SwapCached:           72 kB
Active:          1317936 kB
Inactive:         657472 kB
Active(anon):     828368 kB
Inactive(anon):   212980 kB
Active(file):     489568 kB
Inactive(file):   444492 kB
Unevictable:       13568 kB
Mlocked:               0 kB
SwapTotal:        718400 kB
SwapFree:         707036 kB
Dirty:                24 kB
Writeback:             0 kB
AnonPages:       1040532 kB
Mapped:           610904 kB
Shmem:               652 kB
Slab:              98920 kB
SReclaimable:      31756 kB
SUnreclaim:        67164 kB
KernelStack:       38560 kB
PageTables:        50104 kB
NFS_Unstable:          0 kB
Bounce:                0 kB
WritebackTmp:          0 kB
CommitLimit:     2155204 kB
Committed_AS:   118546460 kB
VmallocTotal:   251658176 kB
VmallocUsed:      136136 kB
VmallocChunk:   251422252 kB
Time pass: 278 sec

---2015-12-05 14:07:44
MemTotal:        2873608 kB
MemFree:           85208 kB
Buffers:           18060 kB
Cached:           930228 kB
SwapCached:           72 kB
Active:          1317704 kB
Inactive:         657480 kB
Active(anon):     828136 kB
Inactive(anon):   212980 kB
Active(file):     489568 kB
Inactive(file):   444500 kB
Unevictable:       13568 kB
Mlocked:               0 kB
SwapTotal:        718400 kB
SwapFree:         707036 kB
Dirty:                48 kB
Writeback:             0 kB
AnonPages:       1040444 kB
Mapped:           610916 kB
Shmem:               652 kB
Slab:              98920 kB
SReclaimable:      31756 kB
SUnreclaim:        67164 kB
KernelStack:       38560 kB
PageTables:        50104 kB
NFS_Unstable:          0 kB
Bounce:                0 kB
WritebackTmp:          0 kB
CommitLimit:     2155204 kB
Committed_AS:   118546428 kB
VmallocTotal:   251658176 kB
VmallocUsed:      136136 kB
VmallocChunk:   251422252 kB
Time pass: 281 sec

---2015-12-05 14:07:44
MemTotal:        2873608 kB
MemFree:           85864 kB
Buffers:           18084 kB
Cached:           930224 kB
SwapCached:           72 kB
Active:          1317860 kB
Inactive:         657500 kB
Active(anon):     828292 kB
Inactive(anon):   212984 kB
Active(file):     489568 kB
Inactive(file):   444516 kB
Unevictable:       13568 kB
Mlocked:               0 kB
SwapTotal:        718400 kB
SwapFree:         707036 kB
Dirty:                72 kB
Writeback:             0 kB
AnonPages:       1040752 kB
Mapped:           610844 kB
Shmem:               656 kB
Slab:              98920 kB
SReclaimable:      31756 kB
SUnreclaim:        67164 kB
KernelStack:       38560 kB
PageTables:        50076 kB
NFS_Unstable:          0 kB
Bounce:                0 kB
WritebackTmp:          0 kB
CommitLimit:     2155204 kB
Committed_AS:   118546612 kB
VmallocTotal:   251658176 kB
VmallocUsed:      136136 kB
VmallocChunk:   251422252 kB
Time pass: 285 sec

---2015-12-05 14:07:44
MemTotal:        2873608 kB
MemFree:           84192 kB
Buffers:           18100 kB
Cached:           930236 kB
SwapCached:           72 kB
Active:          1318992 kB
Inactive:         657528 kB
Active(anon):     829424 kB
Inactive(anon):   212988 kB
Active(file):     489568 kB
Inactive(file):   444540 kB
Unevictable:       13568 kB
Mlocked:               0 kB
SwapTotal:        718400 kB
SwapFree:         707036 kB
Dirty:               148 kB
Writeback:             0 kB
AnonPages:       1041720 kB
Mapped:           610948 kB
Shmem:               660 kB
Slab:              98916 kB
SReclaimable:      31756 kB
SUnreclaim:        67160 kB
KernelStack:       38560 kB
PageTables:        50108 kB
NFS_Unstable:          0 kB
Bounce:                0 kB
WritebackTmp:          0 kB
CommitLimit:     2155204 kB
Committed_AS:   118546516 kB
VmallocTotal:   251658176 kB
VmallocUsed:      136136 kB
VmallocChunk:   251422252 kB
Time pass: 289 sec

---2015-12-05 14:07:44
MemTotal:        2873608 kB
MemFree:           90672 kB
Buffers:           18108 kB
Cached:           930288 kB
SwapCached:           72 kB
Active:          1312156 kB
Inactive:         657556 kB
Active(anon):     822584 kB
Inactive(anon):   212988 kB
Active(file):     489572 kB
Inactive(file):   444568 kB
Unevictable:       13568 kB
Mlocked:               0 kB
SwapTotal:        718400 kB
SwapFree:         707036 kB
Dirty:                 0 kB
Writeback:             0 kB
AnonPages:       1034772 kB
Mapped:           611076 kB
Shmem:               688 kB
Slab:              99064 kB
SReclaimable:      31756 kB
SUnreclaim:        67308 kB
KernelStack:       38544 kB
PageTables:        50104 kB
NFS_Unstable:          0 kB
Bounce:                0 kB
WritebackTmp:          0 kB
CommitLimit:     2155204 kB
Committed_AS:   118546500 kB
VmallocTotal:   251658176 kB
VmallocUsed:      136136 kB
VmallocChunk:   251422252 kB
Time pass: 293 sec

---2015-12-05 14:07:44
MemTotal:        2873608 kB
MemFree:           91108 kB
Buffers:           18124 kB
Cached:           930296 kB
SwapCached:           72 kB
Active:          1311328 kB
Inactive:         657608 kB
Active(anon):     821756 kB
Inactive(anon):   213016 kB
Active(file):     489572 kB
Inactive(file):   444592 kB
Unevictable:       13568 kB
Mlocked:               0 kB
SwapTotal:        718400 kB
SwapFree:         707036 kB
Dirty:                52 kB
Writeback:             0 kB
AnonPages:       1033904 kB
Mapped:           610996 kB
Shmem:               688 kB
Slab:              99024 kB
SReclaimable:      31756 kB
SUnreclaim:        67268 kB
KernelStack:       38544 kB
PageTables:        50072 kB
NFS_Unstable:          0 kB
Bounce:                0 kB
WritebackTmp:          0 kB
CommitLimit:     2155204 kB
Committed_AS:   118546460 kB
VmallocTotal:   251658176 kB
VmallocUsed:      136136 kB
VmallocChunk:   251422252 kB
Time pass: 296 sec

---2015-12-05 14:07:44
MemTotal:        2873608 kB
MemFree:           91332 kB
Buffers:           18124 kB
Cached:           930296 kB
SwapCached:           72 kB
Active:          1311352 kB
Inactive:         657608 kB
Active(anon):     821780 kB
Inactive(anon):   213016 kB
Active(file):     489572 kB
Inactive(file):   444592 kB
Unevictable:       13568 kB
Mlocked:               0 kB
SwapTotal:        718400 kB
SwapFree:         707036 kB
Dirty:                 0 kB
Writeback:             0 kB
AnonPages:       1033996 kB
Mapped:           610996 kB
Shmem:               688 kB
Slab:              98916 kB
SReclaimable:      31756 kB
SUnreclaim:        67160 kB
KernelStack:       38544 kB
PageTables:        50112 kB
NFS_Unstable:          0 kB
Bounce:                0 kB
WritebackTmp:          0 kB
CommitLimit:     2155204 kB
Committed_AS:   118546476 kB
VmallocTotal:   251658176 kB
VmallocUsed:      136136 kB
VmallocChunk:   251422252 kB
Time pass: 300 sec

---2015-12-05 14:07:44
MemTotal:        2873608 kB
MemFree:           91688 kB
Buffers:           18132 kB
Cached:           930296 kB
SwapCached:           72 kB
Active:          1311352 kB
Inactive:         657616 kB
Active(anon):     821780 kB
Inactive(anon):   213016 kB
Active(file):     489572 kB
Inactive(file):   444600 kB
Unevictable:       13568 kB
Mlocked:               0 kB
SwapTotal:        718400 kB
SwapFree:         707036 kB
Dirty:                32 kB
Writeback:             0 kB
AnonPages:       1034036 kB
Mapped:           610860 kB
Shmem:               688 kB
Slab:              98916 kB
SReclaimable:      31756 kB
SUnreclaim:        67160 kB
KernelStack:       38544 kB
PageTables:        50104 kB
NFS_Unstable:          0 kB
Bounce:                0 kB
WritebackTmp:          0 kB
CommitLimit:     2155204 kB
Committed_AS:   118546460 kB
VmallocTotal:   251658176 kB
VmallocUsed:      136136 kB
VmallocChunk:   251422252 kB
Time pass: 304 sec

---2015-12-05 14:07:44
MemTotal:        2873608 kB
MemFree:           90788 kB
Buffers:           18148 kB
Cached:           930296 kB
SwapCached:           72 kB
Active:          1311956 kB
Inactive:         657632 kB
Active(anon):     822384 kB
Inactive(anon):   213016 kB
Active(file):     489572 kB
Inactive(file):   444616 kB
Unevictable:       13568 kB
Mlocked:               0 kB
SwapTotal:        718400 kB
SwapFree:         707036 kB
Dirty:                44 kB
Writeback:             0 kB
AnonPages:       1034528 kB
Mapped:           611008 kB
Shmem:               688 kB
Slab:              98916 kB
SReclaimable:      31756 kB
SUnreclaim:        67160 kB
KernelStack:       38544 kB
PageTables:        50076 kB
NFS_Unstable:          0 kB
Bounce:                0 kB
WritebackTmp:          0 kB
CommitLimit:     2155204 kB
Committed_AS:   118546476 kB
VmallocTotal:   251658176 kB
VmallocUsed:      136136 kB
VmallocChunk:   251422252 kB
Time pass: 308 sec

---2015-12-05 14:07:44
MemTotal:        2873608 kB
MemFree:           91284 kB
Buffers:           18180 kB
Cached:           930300 kB
SwapCached:           72 kB
Active:          1311544 kB
Inactive:         657664 kB
Active(anon):     821972 kB
Inactive(anon):   213020 kB
Active(file):     489572 kB
Inactive(file):   444644 kB
Unevictable:       13568 kB
Mlocked:               0 kB
SwapTotal:        718400 kB
SwapFree:         707036 kB
Dirty:                68 kB
Writeback:             4 kB
AnonPages:       1034300 kB
Mapped:           611024 kB
Shmem:               692 kB
Slab:              98924 kB
SReclaimable:      31756 kB
SUnreclaim:        67168 kB
KernelStack:       38544 kB
PageTables:        50072 kB
NFS_Unstable:          0 kB
Bounce:                0 kB
WritebackTmp:          0 kB
CommitLimit:     2155204 kB
Committed_AS:   118546444 kB
VmallocTotal:   251658176 kB
VmallocUsed:      136136 kB
VmallocChunk:   251422252 kB
Time pass: 312 sec

---2015-12-05 14:07:44
MemTotal:        2873608 kB
MemFree:           90668 kB
Buffers:           18180 kB
Cached:           930300 kB
SwapCached:           72 kB
Active:          1311864 kB
Inactive:         657668 kB
Active(anon):     822292 kB
Inactive(anon):   213020 kB
Active(file):     489572 kB
Inactive(file):   444648 kB
Unevictable:       13568 kB
Mlocked:               0 kB
SwapTotal:        718400 kB
SwapFree:         707036 kB
Dirty:                 0 kB
Writeback:             0 kB
AnonPages:       1034696 kB
Mapped:           611028 kB
Shmem:               692 kB
Slab:              98920 kB
SReclaimable:      31756 kB
SUnreclaim:        67164 kB
KernelStack:       38528 kB
PageTables:        50072 kB
NFS_Unstable:          0 kB
Bounce:                0 kB
WritebackTmp:          0 kB
CommitLimit:     2155204 kB
Committed_AS:   118546520 kB
VmallocTotal:   251658176 kB
VmallocUsed:      136136 kB
VmallocChunk:   251422252 kB
Time pass: 315 sec

---2015-12-05 14:07:44
MemTotal:        2873608 kB
MemFree:           90224 kB
Buffers:           18204 kB
Cached:           930284 kB
SwapCached:           72 kB
Active:          1312072 kB
Inactive:         657676 kB
Active(anon):     822500 kB
Inactive(anon):   213020 kB
Active(file):     489572 kB
Inactive(file):   444656 kB
Unevictable:       13568 kB
Mlocked:               0 kB
SwapTotal:        718400 kB
SwapFree:         707036 kB
Dirty:                32 kB
Writeback:             0 kB
AnonPages:       1034796 kB
Mapped:           611032 kB
Shmem:               692 kB
Slab:              98948 kB
SReclaimable:      31756 kB
SUnreclaim:        67192 kB
KernelStack:       38528 kB
PageTables:        50080 kB
NFS_Unstable:          0 kB
Bounce:                0 kB
WritebackTmp:          0 kB
CommitLimit:     2155204 kB
Committed_AS:   118546532 kB
VmallocTotal:   251658176 kB
VmallocUsed:      136136 kB
VmallocChunk:   251422252 kB
Time pass: 319 sec

---2015-12-05 14:07:44
MemTotal:        2873608 kB
MemFree:           91028 kB
Buffers:           18204 kB
Cached:           930304 kB
SwapCached:           72 kB
Active:          1312092 kB
Inactive:         657696 kB
Active(anon):     822520 kB
Inactive(anon):   213024 kB
Active(file):     489572 kB
Inactive(file):   444672 kB
Unevictable:       13568 kB
Mlocked:               0 kB
SwapTotal:        718400 kB
SwapFree:         707036 kB
Dirty:                 0 kB
Writeback:             0 kB
AnonPages:       1034712 kB
Mapped:           611044 kB
Shmem:               696 kB
Slab:              98948 kB
SReclaimable:      31756 kB
SUnreclaim:        67192 kB
KernelStack:       38528 kB
PageTables:        50072 kB
NFS_Unstable:          0 kB
Bounce:                0 kB
WritebackTmp:          0 kB
CommitLimit:     2155204 kB
Committed_AS:   118546472 kB
VmallocTotal:   251658176 kB
VmallocUsed:      136136 kB
VmallocChunk:   251422252 kB
Time pass: 323 sec

---2015-12-05 14:07:44
MemTotal:        2873608 kB
MemFree:           90008 kB
Buffers:           18212 kB
Cached:           930304 kB
SwapCached:           72 kB
Active:          1312156 kB
Inactive:         657704 kB
Active(anon):     822584 kB
Inactive(anon):   213024 kB
Active(file):     489572 kB
Inactive(file):   444680 kB
Unevictable:       13568 kB
Mlocked:               0 kB
SwapTotal:        718400 kB
SwapFree:         707036 kB
Dirty:                32 kB
Writeback:             0 kB
AnonPages:       1034892 kB
Mapped:           611140 kB
Shmem:               696 kB
Slab:              98948 kB
SReclaimable:      31756 kB
SUnreclaim:        67192 kB
KernelStack:       38544 kB
PageTables:        50104 kB
NFS_Unstable:          0 kB
Bounce:                0 kB
WritebackTmp:          0 kB
CommitLimit:     2155204 kB
Committed_AS:   118546540 kB
VmallocTotal:   251658176 kB
VmallocUsed:      136136 kB
VmallocChunk:   251422252 kB
Time pass: 327 sec

---2015-12-05 14:07:44
MemTotal:        2873608 kB
MemFree:           90260 kB
Buffers:           18212 kB
Cached:           930332 kB
SwapCached:           72 kB
Active:          1312316 kB
Inactive:         657732 kB
Active(anon):     822744 kB
Inactive(anon):   213052 kB
Active(file):     489572 kB
Inactive(file):   444680 kB
Unevictable:       13568 kB
Mlocked:               0 kB
SwapTotal:        718400 kB
SwapFree:         707036 kB
Dirty:                 0 kB
Writeback:             0 kB
AnonPages:       1034924 kB
Mapped:           611088 kB
Shmem:               724 kB
Slab:              99012 kB
SReclaimable:      31756 kB
SUnreclaim:        67256 kB
KernelStack:       38544 kB
PageTables:        50084 kB
NFS_Unstable:          0 kB
Bounce:                0 kB
WritebackTmp:          0 kB
CommitLimit:     2155204 kB
Committed_AS:   118546548 kB
VmallocTotal:   251658176 kB
VmallocUsed:      136136 kB
VmallocChunk:   251422252 kB
Time pass: 330 sec

---2015-12-05 14:07:44
MemTotal:        2873608 kB
MemFree:           89456 kB
Buffers:           18228 kB
Cached:           930336 kB
SwapCached:           72 kB
Active:          1312820 kB
Inactive:         657752 kB
Active(anon):     823248 kB
Inactive(anon):   213056 kB
Active(file):     489572 kB
Inactive(file):   444696 kB
Unevictable:       13568 kB
Mlocked:               0 kB
SwapTotal:        718400 kB
SwapFree:         707036 kB
Dirty:                44 kB
Writeback:             0 kB
AnonPages:       1035384 kB
Mapped:           611184 kB
Shmem:               728 kB
Slab:              98948 kB
SReclaimable:      31756 kB
SUnreclaim:        67192 kB
KernelStack:       38544 kB
PageTables:        50120 kB
NFS_Unstable:          0 kB
Bounce:                0 kB
WritebackTmp:          0 kB
CommitLimit:     2155204 kB
Committed_AS:   118546548 kB
VmallocTotal:   251658176 kB
VmallocUsed:      136136 kB
VmallocChunk:   251422252 kB
Time pass: 334 sec

---2015-12-05 14:07:44
MemTotal:        2873608 kB
MemFree:           89372 kB
Buffers:           18236 kB
Cached:           930336 kB
SwapCached:          196 kB
Active:          1312964 kB
Inactive:         657884 kB
Active(anon):     823392 kB
Inactive(anon):   213180 kB
Active(file):     489572 kB
Inactive(file):   444704 kB
Unevictable:       13568 kB
Mlocked:               0 kB
SwapTotal:        718400 kB
SwapFree:         707040 kB
Dirty:                28 kB
Writeback:             0 kB
AnonPages:       1035804 kB
Mapped:           611200 kB
Shmem:               728 kB
Slab:              98952 kB
SReclaimable:      31756 kB
SUnreclaim:        67196 kB
KernelStack:       38544 kB
PageTables:        50112 kB
NFS_Unstable:          0 kB
Bounce:                0 kB
WritebackTmp:          0 kB
CommitLimit:     2155204 kB
Committed_AS:   118546540 kB
VmallocTotal:   251658176 kB
VmallocUsed:      136136 kB
VmallocChunk:   251422252 kB
Time pass: 338 sec

---2015-12-05 14:07:44
MemTotal:        2873608 kB
MemFree:           88016 kB
Buffers:           18236 kB
Cached:           930448 kB
SwapCached:          196 kB
Active:          1314116 kB
Inactive:         658000 kB
Active(anon):     824548 kB
Inactive(anon):   213180 kB
Active(file):     489568 kB
Inactive(file):   444820 kB
Unevictable:       13568 kB
Mlocked:               0 kB
SwapTotal:        718400 kB
SwapFree:         707040 kB
Dirty:                 0 kB
Writeback:             8 kB
AnonPages:       1037028 kB
Mapped:           611132 kB
Shmem:               728 kB
Slab:              98948 kB
SReclaimable:      31756 kB
SUnreclaim:        67192 kB
KernelStack:       38512 kB
PageTables:        50076 kB
NFS_Unstable:          0 kB
Bounce:                0 kB
WritebackTmp:          0 kB
CommitLimit:     2155204 kB
Committed_AS:   118546468 kB
VmallocTotal:   251658176 kB
VmallocUsed:      136136 kB
VmallocChunk:   251422252 kB
Time pass: 342 sec

---2015-12-05 14:07:44
MemTotal:        2873608 kB
MemFree:           87940 kB
Buffers:           18252 kB
Cached:           930448 kB
SwapCached:          196 kB
Active:          1314460 kB
Inactive:         658016 kB
Active(anon):     824892 kB
Inactive(anon):   213180 kB
Active(file):     489568 kB
Inactive(file):   444836 kB
Unevictable:       13568 kB
Mlocked:               0 kB
SwapTotal:        718400 kB
SwapFree:         707040 kB
Dirty:                72 kB
Writeback:             0 kB
AnonPages:       1037416 kB
Mapped:           611176 kB
Shmem:               728 kB
Slab:              98948 kB
SReclaimable:      31756 kB
SUnreclaim:        67192 kB
KernelStack:       38496 kB
PageTables:        50080 kB
NFS_Unstable:          0 kB
Bounce:                0 kB
WritebackTmp:          0 kB
CommitLimit:     2155204 kB
Committed_AS:   118546448 kB
VmallocTotal:   251658176 kB
VmallocUsed:      136136 kB
VmallocChunk:   251422252 kB
Time pass: 346 sec

---2015-12-05 14:07:44
MemTotal:        2873608 kB
MemFree:           87880 kB
Buffers:           18260 kB
Cached:           930448 kB
SwapCached:          196 kB
Active:          1314592 kB
Inactive:         658024 kB
Active(anon):     825024 kB
Inactive(anon):   213180 kB
Active(file):     489568 kB
Inactive(file):   444844 kB
Unevictable:       13568 kB
Mlocked:               0 kB
SwapTotal:        718400 kB
SwapFree:         707040 kB
Dirty:                28 kB
Writeback:             0 kB
AnonPages:       1037368 kB
Mapped:           611188 kB
Shmem:               728 kB
Slab:              98972 kB
SReclaimable:      31756 kB
SUnreclaim:        67216 kB
KernelStack:       38464 kB
PageTables:        50080 kB
NFS_Unstable:          0 kB
Bounce:                0 kB
WritebackTmp:          0 kB
CommitLimit:     2155204 kB
Committed_AS:   118546476 kB
VmallocTotal:   251658176 kB
VmallocUsed:      136136 kB
VmallocChunk:   251422252 kB
Time pass: 349 sec

---2015-12-05 14:07:44
MemTotal:        2873608 kB
MemFree:           87576 kB
Buffers:           18260 kB
Cached:           930508 kB
SwapCached:          196 kB
Active:          1314588 kB
Inactive:         658084 kB
Active(anon):     825020 kB
Inactive(anon):   213180 kB
Active(file):     489568 kB
Inactive(file):   444904 kB
Unevictable:       13568 kB
Mlocked:               0 kB
SwapTotal:        718400 kB
SwapFree:         707040 kB
Dirty:                28 kB
Writeback:             0 kB
AnonPages:       1037296 kB
Mapped:           611336 kB
Shmem:               728 kB
Slab:              98968 kB
SReclaimable:      31756 kB
SUnreclaim:        67212 kB
KernelStack:       38480 kB
PageTables:        50108 kB
NFS_Unstable:          0 kB
Bounce:                0 kB
WritebackTmp:          0 kB
CommitLimit:     2155204 kB
Committed_AS:   118546444 kB
VmallocTotal:   251658176 kB
VmallocUsed:      136136 kB
VmallocChunk:   251422252 kB
Time pass: 353 sec

---2015-12-05 14:07:44
MemTotal:        2873608 kB
MemFree:           87292 kB
Buffers:           18276 kB
Cached:           930512 kB
SwapCached:          196 kB
Active:          1314828 kB
Inactive:         658104 kB
Active(anon):     825260 kB
Inactive(anon):   213184 kB
Active(file):     489568 kB
Inactive(file):   444920 kB
Unevictable:       13568 kB
Mlocked:               0 kB
SwapTotal:        718400 kB
SwapFree:         707040 kB
Dirty:                44 kB
Writeback:             0 kB
AnonPages:       1037672 kB
Mapped:           611260 kB
Shmem:               732 kB
Slab:              98948 kB
SReclaimable:      31756 kB
SUnreclaim:        67192 kB
KernelStack:       38480 kB
PageTables:        50076 kB
NFS_Unstable:          0 kB
Bounce:                0 kB
WritebackTmp:          0 kB
CommitLimit:     2155204 kB
Committed_AS:   118546436 kB
VmallocTotal:   251658176 kB
VmallocUsed:      136136 kB
VmallocChunk:   251422252 kB
Time pass: 357 sec

---2015-12-05 14:07:44
MemTotal:        2873608 kB
MemFree:           86056 kB
Buffers:           18352 kB
Cached:           930512 kB
SwapCached:          196 kB
Active:          1316072 kB
Inactive:         658180 kB
Active(anon):     826504 kB
Inactive(anon):   213192 kB
Active(file):     489568 kB
Inactive(file):   444988 kB
Unevictable:       13568 kB
Mlocked:               0 kB
SwapTotal:        718400 kB
SwapFree:         707040 kB
Dirty:                 0 kB
Writeback:             0 kB
AnonPages:       1038832 kB
Mapped:           611280 kB
Shmem:               740 kB
Slab:              98968 kB
SReclaimable:      31756 kB
SUnreclaim:        67212 kB
KernelStack:       38480 kB
PageTables:        50072 kB
NFS_Unstable:          0 kB
Bounce:                0 kB
WritebackTmp:          0 kB
CommitLimit:     2155204 kB
Committed_AS:   118546788 kB
VmallocTotal:   251658176 kB
VmallocUsed:      136136 kB
VmallocChunk:   251422252 kB
Time pass: 361 sec

---2015-12-05 14:07:44
MemTotal:        2873608 kB
MemFree:           84604 kB
Buffers:           18352 kB
Cached:           930548 kB
SwapCached:          196 kB
Active:          1317224 kB
Inactive:         658216 kB
Active(anon):     827656 kB
Inactive(anon):   213192 kB
Active(file):     489568 kB
Inactive(file):   445024 kB
Unevictable:       13568 kB
Mlocked:               0 kB
SwapTotal:        718400 kB
SwapFree:         707040 kB
Dirty:                44 kB
Writeback:             0 kB
AnonPages:       1040108 kB
Mapped:           611380 kB
Shmem:               740 kB
Slab:              99120 kB
SReclaimable:      31756 kB
SUnreclaim:        67364 kB
KernelStack:       38496 kB
PageTables:        50100 kB
NFS_Unstable:          0 kB
Bounce:                0 kB
WritebackTmp:          0 kB
CommitLimit:     2155204 kB
Committed_AS:   118546700 kB
VmallocTotal:   251658176 kB
VmallocUsed:      136136 kB
VmallocChunk:   251422252 kB
Time pass: 365 sec

---2015-12-05 14:07:44
MemTotal:        2873608 kB
MemFree:           84244 kB
Buffers:           18368 kB
Cached:           930548 kB
SwapCached:          196 kB
Active:          1317192 kB
Inactive:         658232 kB
Active(anon):     827624 kB
Inactive(anon):   213192 kB
Active(file):     489568 kB
Inactive(file):   445040 kB
Unevictable:       13568 kB
Mlocked:               0 kB
SwapTotal:        718400 kB
SwapFree:         707040 kB
Dirty:                48 kB
Writeback:             0 kB
AnonPages:       1040100 kB
Mapped:           611300 kB
Shmem:               740 kB
Slab:              99000 kB
SReclaimable:      31756 kB
SUnreclaim:        67244 kB
KernelStack:       38496 kB
PageTables:        50076 kB
NFS_Unstable:          0 kB
Bounce:                0 kB
WritebackTmp:          0 kB
CommitLimit:     2155204 kB
Committed_AS:   118546764 kB
VmallocTotal:   251658176 kB
VmallocUsed:      136136 kB
VmallocChunk:   251422252 kB
Time pass: 369 sec

---2015-12-05 14:07:44
MemTotal:        2873608 kB
MemFree:           83824 kB
Buffers:           18384 kB
Cached:           930544 kB
SwapCached:          196 kB
Active:          1317924 kB
Inactive:         658240 kB
Active(anon):     828356 kB
Inactive(anon):   213188 kB
Active(file):     489568 kB
Inactive(file):   445052 kB
Unevictable:       13568 kB
Mlocked:               0 kB
SwapTotal:        718400 kB
SwapFree:         707040 kB
Dirty:                 8 kB
Writeback:             0 kB
AnonPages:       1040796 kB
Mapped:           611272 kB
Shmem:               740 kB
Slab:              99024 kB
SReclaimable:      31756 kB
SUnreclaim:        67268 kB
KernelStack:       38496 kB
PageTables:        50072 kB
NFS_Unstable:          0 kB
Bounce:                0 kB
WritebackTmp:          0 kB
CommitLimit:     2155204 kB
Committed_AS:   118546812 kB
VmallocTotal:   251658176 kB
VmallocUsed:      136136 kB
VmallocChunk:   251422252 kB
Time pass: 372 sec

---2015-12-05 14:07:44
MemTotal:        2873608 kB
MemFree:           83680 kB
Buffers:           18384 kB
Cached:           930548 kB
SwapCached:          196 kB
Active:          1317992 kB
Inactive:         658244 kB
Active(anon):     828424 kB
Inactive(anon):   213188 kB
Active(file):     489568 kB
Inactive(file):   445056 kB
Unevictable:       13568 kB
Mlocked:               0 kB
SwapTotal:        718400 kB
SwapFree:         707040 kB
Dirty:                60 kB
Writeback:             0 kB
AnonPages:       1041044 kB
Mapped:           611284 kB
Shmem:               740 kB
Slab:              98952 kB
SReclaimable:      31756 kB
SUnreclaim:        67196 kB
KernelStack:       38496 kB
PageTables:        50072 kB
NFS_Unstable:          0 kB
Bounce:                0 kB
WritebackTmp:          0 kB
CommitLimit:     2155204 kB
Committed_AS:   118546852 kB
VmallocTotal:   251658176 kB
VmallocUsed:      136136 kB
VmallocChunk:   251422252 kB
Time pass: 376 sec

---2015-12-05 14:07:44
MemTotal:        2873608 kB
MemFree:           83980 kB
Buffers:           18392 kB
Cached:           930548 kB
SwapCached:          196 kB
Active:          1317904 kB
Inactive:         658252 kB
Active(anon):     828336 kB
Inactive(anon):   213188 kB
Active(file):     489568 kB
Inactive(file):   445064 kB
Unevictable:       13568 kB
Mlocked:               0 kB
SwapTotal:        718400 kB
SwapFree:         707040 kB
Dirty:                28 kB
Writeback:             0 kB
AnonPages:       1040976 kB
Mapped:           611292 kB
Shmem:               740 kB
Slab:              98952 kB
SReclaimable:      31756 kB
SUnreclaim:        67196 kB
KernelStack:       38496 kB
PageTables:        50076 kB
NFS_Unstable:          0 kB
Bounce:                0 kB
WritebackTmp:          0 kB
CommitLimit:     2155204 kB
Committed_AS:   118546852 kB
VmallocTotal:   251658176 kB
VmallocUsed:      136136 kB
VmallocChunk:   251422252 kB
Time pass: 380 sec

---2015-12-05 14:07:44
MemTotal:        2873608 kB
MemFree:           83300 kB
Buffers:           18408 kB
Cached:           930548 kB
SwapCached:          196 kB
Active:          1318852 kB
Inactive:         658268 kB
Active(anon):     829284 kB
Inactive(anon):   213188 kB
Active(file):     489568 kB
Inactive(file):   445080 kB
Unevictable:       13568 kB
Mlocked:               0 kB
SwapTotal:        718400 kB
SwapFree:         707040 kB
Dirty:                40 kB
Writeback:             0 kB
AnonPages:       1041796 kB
Mapped:           611384 kB
Shmem:               740 kB
Slab:              98964 kB
SReclaimable:      31756 kB
SUnreclaim:        67208 kB
KernelStack:       38496 kB
PageTables:        50108 kB
NFS_Unstable:          0 kB
Bounce:                0 kB
WritebackTmp:          0 kB
CommitLimit:     2155204 kB
Committed_AS:   118546844 kB
VmallocTotal:   251658176 kB
VmallocUsed:      136136 kB
VmallocChunk:   251422252 kB
Time pass: 383 sec

---2015-12-05 14:07:44
MemTotal:        2873608 kB
MemFree:           83644 kB
Buffers:           18408 kB
Cached:           930548 kB
SwapCached:          196 kB
Active:          1318332 kB
Inactive:         658268 kB
Active(anon):     828764 kB
Inactive(anon):   213188 kB
Active(file):     489568 kB
Inactive(file):   445080 kB
Unevictable:       13568 kB
Mlocked:               0 kB
SwapTotal:        718400 kB
SwapFree:         707040 kB
Dirty:                40 kB
Writeback:             0 kB
AnonPages:       1041416 kB
Mapped:           611304 kB
Shmem:               740 kB
Slab:              98952 kB
SReclaimable:      31756 kB
SUnreclaim:        67196 kB
KernelStack:       38496 kB
PageTables:        50080 kB
NFS_Unstable:          0 kB
Bounce:                0 kB
WritebackTmp:          0 kB
CommitLimit:     2155204 kB
Committed_AS:   118546852 kB
VmallocTotal:   251658176 kB
VmallocUsed:      136136 kB
VmallocChunk:   251422252 kB
Time pass: 387 sec

---2015-12-05 14:07:44
MemTotal:        2873608 kB
MemFree:           82992 kB
Buffers:           18416 kB
