---2015-10-15 22:46:21
MemTotal:        1959952 kB
MemFree:          312844 kB
Buffers:            5872 kB
Cached:           774468 kB
SwapCached:         5868 kB
Active:           642736 kB
Inactive:         607316 kB
Active(anon):     259028 kB
Inactive(anon):   212852 kB
Active(file):     383708 kB
Inactive(file):   394464 kB
Unevictable:        1768 kB
Mlocked:               0 kB
HighTotal:       1372556 kB
HighFree:         193428 kB
LowTotal:         587396 kB
LowFree:          119416 kB
SwapTotal:        262140 kB
SwapFree:         172936 kB
Dirty:               620 kB
Writeback:             0 kB
AnonPages:        469748 kB
Mapped:           248288 kB
Shmem:               400 kB
Slab:              60124 kB
SReclaimable:      17604 kB
SUnreclaim:        42520 kB
KernelStack:       16560 kB
PageTables:        27880 kB
NFS_Unstable:          0 kB
Bounce:                0 kB
WritebackTmp:          0 kB
CommitLimit:     1242116 kB
Committed_AS:   56932664 kB
VmallocTotal:     409600 kB
VmallocUsed:       29072 kB
VmallocChunk:      93212 kB
Time pass: 3 sec

---2015-10-15 22:46:21
MemTotal:        1959952 kB
MemFree:          312612 kB
Buffers:            5872 kB
Cached:           774468 kB
SwapCached:         5868 kB
Active:           642804 kB
Inactive:         607316 kB
Active(anon):     259096 kB
Inactive(anon):   212852 kB
Active(file):     383708 kB
Inactive(file):   394464 kB
Unevictable:        1768 kB
Mlocked:               0 kB
HighTotal:       1372556 kB
HighFree:         193196 kB
LowTotal:         587396 kB
LowFree:          119416 kB
SwapTotal:        262140 kB
SwapFree:         172936 kB
Dirty:               620 kB
Writeback:             0 kB
AnonPages:        469952 kB
Mapped:           248296 kB
Shmem:               400 kB
Slab:              60132 kB
SReclaimable:      17604 kB
SUnreclaim:        42528 kB
KernelStack:       16560 kB
PageTables:        27880 kB
NFS_Unstable:          0 kB
Bounce:                0 kB
WritebackTmp:          0 kB
CommitLimit:     1242116 kB
Committed_AS:   56932772 kB
VmallocTotal:     409600 kB
VmallocUsed:       29072 kB
VmallocChunk:      93212 kB
Time pass: 6 sec

---2015-10-15 22:46:21
MemTotal:        1959952 kB
MemFree:          312532 kB
Buffers:            5872 kB
Cached:           774468 kB
SwapCached:         5868 kB
Active:           642872 kB
Inactive:         607316 kB
Active(anon):     259164 kB
Inactive(anon):   212852 kB
Active(file):     383708 kB
Inactive(file):   394464 kB
Unevictable:        1768 kB
Mlocked:               0 kB
HighTotal:       1372556 kB
HighFree:         193116 kB
LowTotal:         587396 kB
LowFree:          119416 kB
SwapTotal:        262140 kB
SwapFree:         172936 kB
Dirty:               620 kB
Writeback:             0 kB
AnonPages:        469976 kB
Mapped:           248296 kB
Shmem:               400 kB
Slab:              60124 kB
SReclaimable:      17604 kB
SUnreclaim:        42520 kB
KernelStack:       16560 kB
PageTables:        27876 kB
NFS_Unstable:          0 kB
Bounce:                0 kB
WritebackTmp:          0 kB
CommitLimit:     1242116 kB
Committed_AS:   56932844 kB
VmallocTotal:     409600 kB
VmallocUsed:       29072 kB
VmallocChunk:      93212 kB
Time pass: 10 sec

---2015-10-15 22:46:21
MemTotal:        1959952 kB
MemFree:          312464 kB
Buffers:            5872 kB
Cached:           774468 kB
SwapCached:         5868 kB
Active:           643064 kB
Inactive:         607316 kB
Active(anon):     259356 kB
Inactive(anon):   212852 kB
Active(file):     383708 kB
Inactive(file):   394464 kB
Unevictable:        1768 kB
Mlocked:               0 kB
HighTotal:       1372556 kB
HighFree:         193040 kB
LowTotal:         587396 kB
LowFree:          119424 kB
SwapTotal:        262140 kB
SwapFree:         172936 kB
Dirty:               620 kB
Writeback:             0 kB
AnonPages:        470164 kB
Mapped:           248296 kB
Shmem:               400 kB
Slab:              60124 kB
SReclaimable:      17604 kB
SUnreclaim:        42520 kB
KernelStack:       16552 kB
PageTables:        27884 kB
NFS_Unstable:          0 kB
Bounce:                0 kB
WritebackTmp:          0 kB
CommitLimit:     1242116 kB
Committed_AS:   56933028 kB
VmallocTotal:     409600 kB
VmallocUsed:       29072 kB
VmallocChunk:      93212 kB
Time pass: 13 sec

---2015-10-15 22:46:21
MemTotal:        1959952 kB
MemFree:          312184 kB
Buffers:            5872 kB
Cached:           774468 kB
SwapCached:         5868 kB
Active:           643216 kB
Inactive:         607316 kB
Active(anon):     259508 kB
Inactive(anon):   212852 kB
Active(file):     383708 kB
Inactive(file):   394464 kB
Unevictable:        1768 kB
Mlocked:               0 kB
HighTotal:       1372556 kB
HighFree:         192864 kB
LowTotal:         587396 kB
LowFree:          119320 kB
SwapTotal:        262140 kB
SwapFree:         172936 kB
Dirty:               620 kB
Writeback:             0 kB
AnonPages:        470272 kB
Mapped:           248296 kB
Shmem:               400 kB
Slab:              60220 kB
SReclaimable:      17604 kB
SUnreclaim:        42616 kB
KernelStack:       16560 kB
PageTables:        27880 kB
NFS_Unstable:          0 kB
Bounce:                0 kB
WritebackTmp:          0 kB
CommitLimit:     1242116 kB
Committed_AS:   56941548 kB
VmallocTotal:     409600 kB
VmallocUsed:       29072 kB
VmallocChunk:      93212 kB
Time pass: 17 sec

---2015-10-15 22:46:21
MemTotal:        1959952 kB
MemFree:          312044 kB
Buffers:            5872 kB
Cached:           774468 kB
SwapCached:         5868 kB
Active:           643412 kB
Inactive:         607316 kB
Active(anon):     259704 kB
Inactive(anon):   212852 kB
Active(file):     383708 kB
Inactive(file):   394464 kB
Unevictable:        1768 kB
Mlocked:               0 kB
HighTotal:       1372556 kB
HighFree:         192616 kB
LowTotal:         587396 kB
LowFree:          119428 kB
SwapTotal:        262140 kB
SwapFree:         172936 kB
Dirty:               620 kB
Writeback:             0 kB
AnonPages:        470444 kB
Mapped:           248308 kB
Shmem:               400 kB
Slab:              60220 kB
SReclaimable:      17604 kB
SUnreclaim:        42616 kB
KernelStack:       16576 kB
PageTables:        27888 kB
NFS_Unstable:          0 kB
Bounce:                0 kB
WritebackTmp:          0 kB
CommitLimit:     1242116 kB
Committed_AS:   56933340 kB
VmallocTotal:     409600 kB
VmallocUsed:       29072 kB
VmallocChunk:      93212 kB
Time pass: 21 sec

---2015-10-15 22:46:21
MemTotal:        1959952 kB
MemFree:          312184 kB
Buffers:            5872 kB
Cached:           774468 kB
SwapCached:         5868 kB
Active:           643448 kB
Inactive:         607316 kB
Active(anon):     259740 kB
Inactive(anon):   212852 kB
Active(file):     383708 kB
Inactive(file):   394464 kB
Unevictable:        1768 kB
Mlocked:               0 kB
HighTotal:       1372556 kB
HighFree:         192740 kB
LowTotal:         587396 kB
LowFree:          119444 kB
SwapTotal:        262140 kB
SwapFree:         172936 kB
Dirty:               620 kB
Writeback:             0 kB
AnonPages:        470476 kB
Mapped:           248296 kB
Shmem:               400 kB
Slab:              60220 kB
SReclaimable:      17604 kB
SUnreclaim:        42616 kB
KernelStack:       16560 kB
PageTables:        27880 kB
NFS_Unstable:          0 kB
Bounce:                0 kB
WritebackTmp:          0 kB
CommitLimit:     1242116 kB
Committed_AS:   56933364 kB
VmallocTotal:     409600 kB
VmallocUsed:       29072 kB
VmallocChunk:      93212 kB
Time pass: 24 sec

---2015-10-15 22:46:21
MemTotal:        1959952 kB
MemFree:          312804 kB
Buffers:            5872 kB
Cached:           774468 kB
SwapCached:         5868 kB
Active:           642960 kB
Inactive:         607312 kB
Active(anon):     259248 kB
Inactive(anon):   212852 kB
Active(file):     383712 kB
Inactive(file):   394460 kB
Unevictable:        1768 kB
Mlocked:               0 kB
HighTotal:       1372556 kB
HighFree:         193352 kB
LowTotal:         587396 kB
LowFree:          119452 kB
SwapTotal:        262140 kB
SwapFree:         172936 kB
Dirty:               620 kB
Writeback:             0 kB
AnonPages:        470108 kB
Mapped:           248140 kB
Shmem:               400 kB
Slab:              60220 kB
SReclaimable:      17604 kB
SUnreclaim:        42616 kB
KernelStack:       16552 kB
PageTables:        27868 kB
NFS_Unstable:          0 kB
Bounce:                0 kB
WritebackTmp:          0 kB
CommitLimit:     1242116 kB
Committed_AS:   56933140 kB
VmallocTotal:     409600 kB
VmallocUsed:       29072 kB
VmallocChunk:      93212 kB
Time pass: 28 sec

---2015-10-15 22:46:21
MemTotal:        1959952 kB
MemFree:          316324 kB
Buffers:            5872 kB
Cached:           774468 kB
SwapCached:         5868 kB
Active:           639676 kB
Inactive:         607184 kB
Active(anon):     255964 kB
Inactive(anon):   212724 kB
Active(file):     383712 kB
Inactive(file):   394460 kB
Unevictable:        1768 kB
Mlocked:               0 kB
HighTotal:       1372556 kB
HighFree:         196816 kB
LowTotal:         587396 kB
LowFree:          119508 kB
SwapTotal:        262140 kB
SwapFree:         172936 kB
Dirty:               620 kB
Writeback:             0 kB
AnonPages:        466716 kB
Mapped:           248248 kB
Shmem:               400 kB
Slab:              60156 kB
SReclaimable:      17604 kB
SUnreclaim:        42552 kB
KernelStack:       16560 kB
PageTables:        27880 kB
NFS_Unstable:          0 kB
Bounce:                0 kB
WritebackTmp:          0 kB
CommitLimit:     1242116 kB
Committed_AS:   56933236 kB
VmallocTotal:     409600 kB
VmallocUsed:       29072 kB
VmallocChunk:      93212 kB
Time pass: 31 sec

---2015-10-15 22:46:21
MemTotal:        1959952 kB
MemFree:          316260 kB
Buffers:            5872 kB
Cached:           774468 kB
SwapCached:         5868 kB
Active:           639720 kB
Inactive:         607184 kB
Active(anon):     256008 kB
Inactive(anon):   212724 kB
Active(file):     383712 kB
Inactive(file):   394460 kB
Unevictable:        1768 kB
Mlocked:               0 kB
HighTotal:       1372556 kB
HighFree:         196752 kB
LowTotal:         587396 kB
LowFree:          119508 kB
SwapTotal:        262140 kB
SwapFree:         172936 kB
Dirty:               620 kB
Writeback:             0 kB
AnonPages:        466728 kB
Mapped:           248252 kB
Shmem:               400 kB
Slab:              60156 kB
SReclaimable:      17604 kB
SUnreclaim:        42552 kB
KernelStack:       16560 kB
PageTables:        27880 kB
NFS_Unstable:          0 kB
Bounce:                0 kB
WritebackTmp:          0 kB
CommitLimit:     1242116 kB
Committed_AS:   56933384 kB
VmallocTotal:     409600 kB
VmallocUsed:       29072 kB
VmallocChunk:      93212 kB
Time pass: 35 sec

---2015-10-15 22:46:21
MemTotal:        1959952 kB
MemFree:          315804 kB
Buffers:            5872 kB
Cached:           774468 kB
SwapCached:         5868 kB
Active:           639972 kB
Inactive:         607184 kB
Active(anon):     256260 kB
Inactive(anon):   212724 kB
Active(file):     383712 kB
Inactive(file):   394460 kB
Unevictable:        1768 kB
Mlocked:               0 kB
HighTotal:       1372556 kB
HighFree:         196452 kB
LowTotal:         587396 kB
LowFree:          119352 kB
SwapTotal:        262140 kB
SwapFree:         172936 kB
Dirty:               620 kB
Writeback:             0 kB
AnonPages:        467080 kB
Mapped:           248252 kB
Shmem:               400 kB
Slab:              60188 kB
SReclaimable:      17604 kB
SUnreclaim:        42584 kB
KernelStack:       16560 kB
PageTables:        27880 kB
NFS_Unstable:          0 kB
Bounce:                0 kB
WritebackTmp:          0 kB
CommitLimit:     1242116 kB
Committed_AS:   56933544 kB
VmallocTotal:     409600 kB
VmallocUsed:       29072 kB
VmallocChunk:      93212 kB
Time pass: 38 sec

---2015-10-15 22:46:21
MemTotal:        1959952 kB
MemFree:          315580 kB
Buffers:            5872 kB
Cached:           774468 kB
SwapCached:         5868 kB
Active:           640164 kB
Inactive:         607184 kB
Active(anon):     256452 kB
Inactive(anon):   212724 kB
Active(file):     383712 kB
Inactive(file):   394460 kB
Unevictable:        1768 kB
Mlocked:               0 kB
HighTotal:       1372556 kB
HighFree:         196228 kB
LowTotal:         587396 kB
LowFree:          119352 kB
SwapTotal:        262140 kB
SwapFree:         172936 kB
Dirty:               620 kB
Writeback:             0 kB
AnonPages:        467268 kB
Mapped:           248260 kB
Shmem:               400 kB
Slab:              60188 kB
SReclaimable:      17604 kB
SUnreclaim:        42584 kB
KernelStack:       16560 kB
PageTables:        27880 kB
NFS_Unstable:          0 kB
Bounce:                0 kB
WritebackTmp:          0 kB
CommitLimit:     1242116 kB
Committed_AS:   56933512 kB
VmallocTotal:     409600 kB
VmallocUsed:       29072 kB
VmallocChunk:      93212 kB
Time pass: 42 sec

---2015-10-15 22:46:21
MemTotal:        1959952 kB
MemFree:          315232 kB
Buffers:            5872 kB
Cached:           774476 kB
SwapCached:         5868 kB
Active:           640516 kB
Inactive:         607188 kB
Active(anon):     256800 kB
Inactive(anon):   212724 kB
Active(file):     383716 kB
Inactive(file):   394464 kB
Unevictable:        1768 kB
Mlocked:               0 kB
HighTotal:       1372556 kB
HighFree:         195888 kB
LowTotal:         587396 kB
LowFree:          119344 kB
SwapTotal:        262140 kB
SwapFree:         172936 kB
Dirty:               628 kB
Writeback:             0 kB
AnonPages:        467632 kB
Mapped:           248244 kB
Shmem:               400 kB
Slab:              60188 kB
SReclaimable:      17604 kB
SUnreclaim:        42584 kB
KernelStack:       16568 kB
PageTables:        27880 kB
NFS_Unstable:          0 kB
Bounce:                0 kB
WritebackTmp:          0 kB
CommitLimit:     1242116 kB
Committed_AS:   56933848 kB
VmallocTotal:     409600 kB
VmallocUsed:       29072 kB
VmallocChunk:      93212 kB
Time pass: 46 sec

---2015-10-15 22:46:21
MemTotal:        1959952 kB
MemFree:          315080 kB
Buffers:            5872 kB
Cached:           774476 kB
SwapCached:         5868 kB
Active:           640640 kB
Inactive:         607188 kB
Active(anon):     256924 kB
Inactive(anon):   212724 kB
Active(file):     383716 kB
Inactive(file):   394464 kB
Unevictable:        1768 kB
Mlocked:               0 kB
HighTotal:       1372556 kB
HighFree:         195760 kB
LowTotal:         587396 kB
LowFree:          119320 kB
SwapTotal:        262140 kB
SwapFree:         172936 kB
Dirty:               616 kB
Writeback:             0 kB
AnonPages:        467744 kB
Mapped:           248248 kB
Shmem:               400 kB
Slab:              60196 kB
SReclaimable:      17612 kB
SUnreclaim:        42584 kB
KernelStack:       16584 kB
PageTables:        27888 kB
NFS_Unstable:          0 kB
Bounce:                0 kB
WritebackTmp:          0 kB
CommitLimit:     1242116 kB
Committed_AS:   56933816 kB
VmallocTotal:     409600 kB
VmallocUsed:       29072 kB
VmallocChunk:      93212 kB
Time pass: 49 sec

---2015-10-15 22:46:21
MemTotal:        1959952 kB
MemFree:          313140 kB
Buffers:            5872 kB
Cached:           774476 kB
SwapCached:         5868 kB
Active:           642776 kB
Inactive:         607188 kB
Active(anon):     259060 kB
Inactive(anon):   212724 kB
Active(file):     383716 kB
Inactive(file):   394464 kB
Unevictable:        1768 kB
Mlocked:               0 kB
HighTotal:       1372556 kB
HighFree:         193828 kB
LowTotal:         587396 kB
LowFree:          119312 kB
SwapTotal:        262140 kB
SwapFree:         172936 kB
Dirty:               616 kB
Writeback:             0 kB
AnonPages:        469904 kB
Mapped:           248252 kB
Shmem:               400 kB
Slab:              60196 kB
SReclaimable:      17612 kB
SUnreclaim:        42584 kB
KernelStack:       16576 kB
PageTables:        27888 kB
NFS_Unstable:          0 kB
Bounce:                0 kB
WritebackTmp:          0 kB
CommitLimit:     1242116 kB
Committed_AS:   56934120 kB
VmallocTotal:     409600 kB
VmallocUsed:       29072 kB
VmallocChunk:      93212 kB
Time pass: 53 sec

---2015-10-15 22:46:21
MemTotal:        1959952 kB
MemFree:          314716 kB
Buffers:            5872 kB
Cached:           774476 kB
SwapCached:         5868 kB
Active:           640884 kB
Inactive:         607188 kB
Active(anon):     257168 kB
Inactive(anon):   212724 kB
Active(file):     383716 kB
Inactive(file):   394464 kB
Unevictable:        1768 kB
Mlocked:               0 kB
HighTotal:       1372556 kB
HighFree:         195444 kB
LowTotal:         587396 kB
LowFree:          119272 kB
SwapTotal:        262140 kB
SwapFree:         172936 kB
Dirty:               616 kB
Writeback:             0 kB
AnonPages:        467956 kB
Mapped:           248244 kB
Shmem:               400 kB
Slab:              60196 kB
SReclaimable:      17612 kB
SUnreclaim:        42584 kB
KernelStack:       16568 kB
PageTables:        27880 kB
NFS_Unstable:          0 kB
Bounce:                0 kB
WritebackTmp:          0 kB
CommitLimit:     1242116 kB
Committed_AS:   56934208 kB
VmallocTotal:     409600 kB
VmallocUsed:       29072 kB
VmallocChunk:      93212 kB
Time pass: 56 sec

---2015-10-15 22:46:21
MemTotal:        1959952 kB
MemFree:          314504 kB
Buffers:            5872 kB
Cached:           774476 kB
SwapCached:         5868 kB
Active:           641100 kB
Inactive:         607188 kB
Active(anon):     257384 kB
Inactive(anon):   212724 kB
Active(file):     383716 kB
Inactive(file):   394464 kB
Unevictable:        1768 kB
Mlocked:               0 kB
HighTotal:       1372556 kB
HighFree:         195200 kB
LowTotal:         587396 kB
LowFree:          119304 kB
SwapTotal:        262140 kB
SwapFree:         172936 kB
Dirty:               616 kB
Writeback:             0 kB
AnonPages:        468200 kB
Mapped:           248244 kB
Shmem:               400 kB
Slab:              60228 kB
SReclaimable:      17612 kB
SUnreclaim:        42616 kB
KernelStack:       16568 kB
PageTables:        27880 kB
NFS_Unstable:          0 kB
Bounce:                0 kB
WritebackTmp:          0 kB
CommitLimit:     1242116 kB
Committed_AS:   56934360 kB
VmallocTotal:     409600 kB
VmallocUsed:       29072 kB
VmallocChunk:      93212 kB
Time pass: 60 sec

---2015-10-15 22:46:21
MemTotal:        1959952 kB
MemFree:          314200 kB
Buffers:            5872 kB
Cached:           774476 kB
SwapCached:         5868 kB
Active:           641256 kB
Inactive:         607188 kB
Active(anon):     257540 kB
Inactive(anon):   212724 kB
Active(file):     383716 kB
Inactive(file):   394464 kB
Unevictable:        1768 kB
Mlocked:               0 kB
HighTotal:       1372556 kB
HighFree:         195084 kB
LowTotal:         587396 kB
LowFree:          119116 kB
SwapTotal:        262140 kB
SwapFree:         172936 kB
Dirty:               616 kB
Writeback:             0 kB
AnonPages:        468316 kB
Mapped:           248244 kB
Shmem:               400 kB
Slab:              60228 kB
SReclaimable:      17612 kB
SUnreclaim:        42616 kB
KernelStack:       16568 kB
PageTables:        27880 kB
NFS_Unstable:          0 kB
Bounce:                0 kB
WritebackTmp:          0 kB
CommitLimit:     1242116 kB
Committed_AS:   56934432 kB
VmallocTotal:     409600 kB
VmallocUsed:       29072 kB
VmallocChunk:      93212 kB
Time pass: 64 sec

---2015-10-15 22:46:21
MemTotal:        1959952 kB
MemFree:          314204 kB
Buffers:            5872 kB
Cached:           774476 kB
SwapCached:         5868 kB
Active:           641388 kB
Inactive:         607188 kB
Active(anon):     257672 kB
Inactive(anon):   212724 kB
Active(file):     383716 kB
Inactive(file):   394464 kB
Unevictable:        1768 kB
Mlocked:               0 kB
HighTotal:       1372556 kB
HighFree:         194992 kB
LowTotal:         587396 kB
LowFree:          119212 kB
SwapTotal:        262140 kB
SwapFree:         172936 kB
Dirty:               616 kB
Writeback:             0 kB
AnonPages:        468376 kB
Mapped:           248252 kB
Shmem:               400 kB
Slab:              60196 kB
SReclaimable:      17612 kB
SUnreclaim:        42584 kB
KernelStack:       16568 kB
PageTables:        27884 kB
NFS_Unstable:          0 kB
Bounce:                0 kB
WritebackTmp:          0 kB
CommitLimit:     1242116 kB
Committed_AS:   56934632 kB
VmallocTotal:     409600 kB
VmallocUsed:       29072 kB
VmallocChunk:      93212 kB
Time pass: 67 sec

---2015-10-15 22:46:21
MemTotal:        1959952 kB
MemFree:          314064 kB
Buffers:            5872 kB
Cached:           774476 kB
SwapCached:         5868 kB
Active:           641516 kB
Inactive:         607188 kB
Active(anon):     257800 kB
Inactive(anon):   212724 kB
Active(file):     383716 kB
Inactive(file):   394464 kB
Unevictable:        1768 kB
Mlocked:               0 kB
HighTotal:       1372556 kB
HighFree:         194852 kB
LowTotal:         587396 kB
LowFree:          119212 kB
SwapTotal:        262140 kB
SwapFree:         172936 kB
Dirty:               616 kB
Writeback:             0 kB
AnonPages:        468572 kB
Mapped:           248252 kB
Shmem:               400 kB
Slab:              60196 kB
SReclaimable:      17612 kB
SUnreclaim:        42584 kB
KernelStack:       16568 kB
PageTables:        27880 kB
NFS_Unstable:          0 kB
Bounce:                0 kB
WritebackTmp:          0 kB
CommitLimit:     1242116 kB
Committed_AS:   56934668 kB
VmallocTotal:     409600 kB
VmallocUsed:       29072 kB
VmallocChunk:      93212 kB
Time pass: 71 sec

---2015-10-15 22:46:21
MemTotal:        1959952 kB
MemFree:          313976 kB
Buffers:            5872 kB
Cached:           774476 kB
SwapCached:         5868 kB
Active:           641548 kB
Inactive:         607188 kB
Active(anon):     257832 kB
Inactive(anon):   212724 kB
Active(file):     383716 kB
Inactive(file):   394464 kB
Unevictable:        1768 kB
Mlocked:               0 kB
HighTotal:       1372556 kB
HighFree:         194756 kB
LowTotal:         587396 kB
LowFree:          119220 kB
SwapTotal:        262140 kB
SwapFree:         172936 kB
Dirty:               616 kB
Writeback:             0 kB
AnonPages:        468596 kB
Mapped:           248252 kB
Shmem:               400 kB
Slab:              60196 kB
SReclaimable:      17612 kB
SUnreclaim:        42584 kB
KernelStack:       16560 kB
PageTables:        27880 kB
NFS_Unstable:          0 kB
Bounce:                0 kB
WritebackTmp:          0 kB
CommitLimit:     1242116 kB
Committed_AS:   56934800 kB
VmallocTotal:     409600 kB
VmallocUsed:       29072 kB
VmallocChunk:      93212 kB
Time pass: 74 sec

---2015-10-15 22:46:21
MemTotal:        1959952 kB
MemFree:          313644 kB
Buffers:            5872 kB
Cached:           774476 kB
SwapCached:         5868 kB
Active:           641880 kB
Inactive:         607188 kB
Active(anon):     258164 kB
Inactive(anon):   212724 kB
Active(file):     383716 kB
Inactive(file):   394464 kB
Unevictable:        1768 kB
Mlocked:               0 kB
HighTotal:       1372556 kB
HighFree:         194308 kB
LowTotal:         587396 kB
LowFree:          119336 kB
SwapTotal:        262140 kB
SwapFree:         172936 kB
Dirty:               616 kB
Writeback:             0 kB
AnonPages:        468940 kB
Mapped:           248264 kB
Shmem:               400 kB
Slab:              60196 kB
SReclaimable:      17612 kB
SUnreclaim:        42584 kB
KernelStack:       16568 kB
PageTables:        27892 kB
NFS_Unstable:          0 kB
Bounce:                0 kB
WritebackTmp:          0 kB
CommitLimit:     1242116 kB
Committed_AS:   56934800 kB
VmallocTotal:     409600 kB
VmallocUsed:       29072 kB
VmallocChunk:      93212 kB
Time pass: 78 sec

---2015-10-15 22:46:21
MemTotal:        1959952 kB
MemFree:          273428 kB
Buffers:            5872 kB
Cached:           775752 kB
SwapCached:         5868 kB
Active:           664080 kB
Inactive:         608316 kB
Active(anon):     280256 kB
Inactive(anon):   212816 kB
Active(file):     383824 kB
Inactive(file):   395500 kB
Unevictable:        1768 kB
Mlocked:               0 kB
HighTotal:       1372556 kB
HighFree:         155476 kB
LowTotal:         587396 kB
LowFree:          117952 kB
SwapTotal:        262140 kB
SwapFree:         172940 kB
Dirty:              1004 kB
Writeback:             0 kB
AnonPages:        490820 kB
Mapped:           258264 kB
Shmem:               532 kB
Slab:              60512 kB
SReclaimable:      17684 kB
SUnreclaim:        42828 kB
KernelStack:       16984 kB
PageTables:        28220 kB
NFS_Unstable:          0 kB
Bounce:                0 kB
WritebackTmp:          0 kB
CommitLimit:     1242116 kB
Committed_AS:   56994720 kB
VmallocTotal:     409600 kB
VmallocUsed:       30248 kB
VmallocChunk:      93212 kB
Time pass: 84 sec

---2015-10-15 22:46:21
MemTotal:        1959952 kB
MemFree:          248340 kB
Buffers:            5872 kB
Cached:           776000 kB
SwapCached:         5868 kB
Active:           670208 kB
Inactive:         608364 kB
Active(anon):     286292 kB
Inactive(anon):   212796 kB
Active(file):     383916 kB
Inactive(file):   395568 kB
Unevictable:        1768 kB
Mlocked:               0 kB
HighTotal:       1372556 kB
HighFree:         130340 kB
LowTotal:         587396 kB
LowFree:          118000 kB
SwapTotal:        262140 kB
SwapFree:         172940 kB
Dirty:               888 kB
Writeback:            12 kB
AnonPages:        496988 kB
Mapped:           265900 kB
Shmem:               536 kB
Slab:              60312 kB
SReclaimable:      17684 kB
SUnreclaim:        42628 kB
KernelStack:       17160 kB
PageTables:        28352 kB
NFS_Unstable:          0 kB
Bounce:                0 kB
WritebackTmp:          0 kB
CommitLimit:     1242116 kB
Committed_AS:   57007156 kB
VmallocTotal:     409600 kB
VmallocUsed:       30336 kB
VmallocChunk:      93212 kB
Time pass: 87 sec

---2015-10-15 22:46:21
MemTotal:        1959952 kB
MemFree:          188664 kB
Buffers:            5872 kB
Cached:           775948 kB
SwapCached:         5868 kB
Active:           672680 kB
Inactive:         608996 kB
Active(anon):     289392 kB
Inactive(anon):   212784 kB
Active(file):     383288 kB
Inactive(file):   396212 kB
Unevictable:        1768 kB
Mlocked:               0 kB
HighTotal:       1372556 kB
HighFree:          99064 kB
LowTotal:         587396 kB
LowFree:           89600 kB
SwapTotal:        262140 kB
SwapFree:         172940 kB
Dirty:              2436 kB
Writeback:             0 kB
AnonPages:        500176 kB
Mapped:           273544 kB
Shmem:               536 kB
Slab:              60692 kB
SReclaimable:      17700 kB
SUnreclaim:        42992 kB
KernelStack:       17112 kB
PageTables:        28452 kB
NFS_Unstable:          0 kB
Bounce:                0 kB
WritebackTmp:          0 kB
CommitLimit:     1242116 kB
Committed_AS:   57010832 kB
VmallocTotal:     409600 kB
VmallocUsed:       30508 kB
VmallocChunk:      93212 kB
Time pass: 91 sec

---2015-10-15 22:46:21
MemTotal:        1959952 kB
MemFree:          188184 kB
Buffers:            5872 kB
Cached:           775984 kB
SwapCached:         5868 kB
Active:           673000 kB
Inactive:         609028 kB
Active(anon):     289740 kB
Inactive(anon):   212784 kB
Active(file):     383260 kB
Inactive(file):   396244 kB
Unevictable:        1768 kB
Mlocked:               0 kB
HighTotal:       1372556 kB
HighFree:          98568 kB
LowTotal:         587396 kB
LowFree:           89616 kB
SwapTotal:        262140 kB
SwapFree:         172940 kB
Dirty:              2872 kB
Writeback:             0 kB
AnonPages:        500692 kB
Mapped:           273784 kB
Shmem:               536 kB
Slab:              60548 kB
SReclaimable:      17700 kB
SUnreclaim:        42848 kB
KernelStack:       17128 kB
PageTables:        28476 kB
NFS_Unstable:          0 kB
Bounce:                0 kB
WritebackTmp:          0 kB
CommitLimit:     1242116 kB
Committed_AS:   57011036 kB
VmallocTotal:     409600 kB
VmallocUsed:       30508 kB
VmallocChunk:      93212 kB
Time pass: 94 sec

---2015-10-15 22:46:21
MemTotal:        1959952 kB
MemFree:          187676 kB
Buffers:            5872 kB
Cached:           775988 kB
SwapCached:         5868 kB
Active:           673312 kB
Inactive:         609040 kB
Active(anon):     290052 kB
Inactive(anon):   212784 kB
Active(file):     383260 kB
Inactive(file):   396256 kB
Unevictable:        1768 kB
Mlocked:               0 kB
HighTotal:       1372556 kB
HighFree:          98156 kB
LowTotal:         587396 kB
LowFree:           89520 kB
SwapTotal:        262140 kB
SwapFree:         172940 kB
Dirty:               572 kB
Writeback:             0 kB
AnonPages:        500648 kB
Mapped:           273836 kB
Shmem:               536 kB
Slab:              60644 kB
SReclaimable:      17700 kB
SUnreclaim:        42944 kB
KernelStack:       17128 kB
PageTables:        28476 kB
NFS_Unstable:          0 kB
Bounce:                0 kB
WritebackTmp:          0 kB
CommitLimit:     1242116 kB
Committed_AS:   57011108 kB
VmallocTotal:     409600 kB
VmallocUsed:       30508 kB
VmallocChunk:      93212 kB
Time pass: 98 sec

---2015-10-15 22:46:21
MemTotal:        1959952 kB
MemFree:          187520 kB
Buffers:            5872 kB
Cached:           775988 kB
SwapCached:         5868 kB
Active:           673316 kB
Inactive:         609036 kB
Active(anon):     290052 kB
Inactive(anon):   212784 kB
Active(file):     383264 kB
Inactive(file):   396252 kB
Unevictable:        1768 kB
Mlocked:               0 kB
HighTotal:       1372556 kB
HighFree:          98060 kB
LowTotal:         587396 kB
LowFree:           89460 kB
SwapTotal:        262140 kB
SwapFree:         172940 kB
Dirty:               572 kB
Writeback:             0 kB
AnonPages:        500804 kB
Mapped:           273836 kB
Shmem:               536 kB
Slab:              60580 kB
SReclaimable:      17700 kB
SUnreclaim:        42880 kB
KernelStack:       17128 kB
PageTables:        28476 kB
NFS_Unstable:          0 kB
Bounce:                0 kB
WritebackTmp:          0 kB
CommitLimit:     1242116 kB
Committed_AS:   57011204 kB
VmallocTotal:     409600 kB
VmallocUsed:       30508 kB
VmallocChunk:      93212 kB
Time pass: 101 sec

---2015-10-15 22:46:21
MemTotal:        1959952 kB
MemFree:          187188 kB
Buffers:            5872 kB
Cached:           775988 kB
SwapCached:         5868 kB
Active:           673688 kB
Inactive:         609032 kB
Active(anon):     290424 kB
Inactive(anon):   212780 kB
Active(file):     383264 kB
Inactive(file):   396252 kB
Unevictable:        1768 kB
Mlocked:               0 kB
HighTotal:       1372556 kB
HighFree:          97728 kB
LowTotal:         587396 kB
LowFree:           89460 kB
SwapTotal:        262140 kB
SwapFree:         172940 kB
Dirty:               640 kB
Writeback:             0 kB
AnonPages:        501356 kB
Mapped:           273836 kB
Shmem:               536 kB
Slab:              60580 kB
SReclaimable:      17700 kB
SUnreclaim:        42880 kB
KernelStack:       17128 kB
PageTables:        28476 kB
NFS_Unstable:          0 kB
Bounce:                0 kB
WritebackTmp:          0 kB
CommitLimit:     1242116 kB
Committed_AS:   57011356 kB
VmallocTotal:     409600 kB
VmallocUsed:       30508 kB
VmallocChunk:      93212 kB
Time pass: 105 sec

---2015-10-15 22:46:21
MemTotal:        1959952 kB
MemFree:          186280 kB
Buffers:            5872 kB
Cached:           775988 kB
SwapCached:         5868 kB
Active:           673736 kB
Inactive:         609032 kB
Active(anon):     290472 kB
Inactive(anon):   212780 kB
Active(file):     383264 kB
Inactive(file):   396252 kB
Unevictable:        1768 kB
Mlocked:               0 kB
HighTotal:       1372556 kB
HighFree:          96944 kB
LowTotal:         587396 kB
LowFree:           89336 kB
SwapTotal:        262140 kB
SwapFree:         172940 kB
Dirty:               584 kB
Writeback:             0 kB
AnonPages:        501456 kB
Mapped:           273836 kB
Shmem:               536 kB
Slab:              60580 kB
SReclaimable:      17700 kB
SUnreclaim:        42880 kB
KernelStack:       17128 kB
PageTables:        28476 kB
NFS_Unstable:          0 kB
Bounce:                0 kB
WritebackTmp:          0 kB
CommitLimit:     1242116 kB
Committed_AS:   57011404 kB
VmallocTotal:     409600 kB
VmallocUsed:       30508 kB
VmallocChunk:      93212 kB
Time pass: 109 sec

---2015-10-15 22:46:21
MemTotal:        1959952 kB
MemFree:          186636 kB
Buffers:            5872 kB
Cached:           775992 kB
SwapCached:         5868 kB
Active:           674012 kB
Inactive:         609032 kB
Active(anon):     290748 kB
Inactive(anon):   212780 kB
Active(file):     383264 kB
Inactive(file):   396252 kB
Unevictable:        1768 kB
Mlocked:               0 kB
HighTotal:       1372556 kB
HighFree:          97316 kB
LowTotal:         587396 kB
LowFree:           89320 kB
SwapTotal:        262140 kB
SwapFree:         172940 kB
Dirty:               592 kB
Writeback:             0 kB
AnonPages:        501504 kB
Mapped:           273852 kB
Shmem:               536 kB
Slab:              60588 kB
SReclaimable:      17700 kB
SUnreclaim:        42888 kB
KernelStack:       17144 kB
PageTables:        28480 kB
NFS_Unstable:          0 kB
Bounce:                0 kB
WritebackTmp:          0 kB
CommitLimit:     1242116 kB
Committed_AS:   57011628 kB
VmallocTotal:     409600 kB
VmallocUsed:       30508 kB
VmallocChunk:      93212 kB
Time pass: 112 sec

---2015-10-15 22:46:21
MemTotal:        1959952 kB
MemFree:          182920 kB
Buffers:            5872 kB
Cached:           775996 kB
SwapCached:         5868 kB
Active:           674676 kB
Inactive:         609032 kB
Active(anon):     291404 kB
Inactive(anon):   212780 kB
Active(file):     383272 kB
Inactive(file):   396252 kB
Unevictable:        1768 kB
Mlocked:               0 kB
HighTotal:       1372556 kB
HighFree:          93728 kB
LowTotal:         587396 kB
LowFree:           89192 kB
SwapTotal:        262140 kB
SwapFree:         172940 kB
Dirty:               584 kB
Writeback:             0 kB
AnonPages:        502272 kB
Mapped:           275584 kB
Shmem:               536 kB
Slab:              60644 kB
SReclaimable:      17700 kB
SUnreclaim:        42944 kB
KernelStack:       17144 kB
PageTables:        28472 kB
NFS_Unstable:          0 kB
Bounce:                0 kB
WritebackTmp:          0 kB
CommitLimit:     1242116 kB
Committed_AS:   57012660 kB
VmallocTotal:     409600 kB
VmallocUsed:       30508 kB
VmallocChunk:      93212 kB
Time pass: 116 sec

---2015-10-15 22:46:21
MemTotal:        1959952 kB
MemFree:          182256 kB
Buffers:            5872 kB
Cached:           775996 kB
SwapCached:         5868 kB
Active:           674964 kB
Inactive:         609032 kB
Active(anon):     291692 kB
Inactive(anon):   212780 kB
Active(file):     383272 kB
Inactive(file):   396252 kB
Unevictable:        1768 kB
Mlocked:               0 kB
HighTotal:       1372556 kB
HighFree:          92944 kB
LowTotal:         587396 kB
LowFree:           89312 kB
SwapTotal:        262140 kB
SwapFree:         172940 kB
Dirty:               584 kB
Writeback:             0 kB
AnonPages:        502392 kB
Mapped:           275568 kB
Shmem:               536 kB
Slab:              60596 kB
SReclaimable:      17652 kB
SUnreclaim:        42944 kB
KernelStack:       17136 kB
PageTables:        28492 kB
NFS_Unstable:          0 kB
Bounce:                0 kB
WritebackTmp:          0 kB
CommitLimit:     1242116 kB
Committed_AS:   57012824 kB
VmallocTotal:     409600 kB
VmallocUsed:       30508 kB
VmallocChunk:      93212 kB
Time pass: 120 sec

---2015-10-15 22:46:21
MemTotal:        1959952 kB
MemFree:          158260 kB
Buffers:            5872 kB
Cached:           775980 kB
SwapCached:         5868 kB
Active:           679992 kB
Inactive:         609080 kB
Active(anon):     296748 kB
Inactive(anon):   212780 kB
Active(file):     383244 kB
Inactive(file):   396300 kB
Unevictable:        1768 kB
Mlocked:               0 kB
HighTotal:       1372556 kB
HighFree:          86332 kB
LowTotal:         587396 kB
LowFree:           71928 kB
SwapTotal:        262140 kB
SwapFree:         172940 kB
Dirty:               668 kB
Writeback:             0 kB
AnonPages:        507540 kB
Mapped:           278480 kB
Shmem:               536 kB
Slab:              60512 kB
SReclaimable:      17660 kB
SUnreclaim:        42852 kB
KernelStack:       17144 kB
PageTables:        28532 kB
NFS_Unstable:          0 kB
Bounce:                0 kB
WritebackTmp:          0 kB
CommitLimit:     1242116 kB
Committed_AS:   57017960 kB
VmallocTotal:     409600 kB
VmallocUsed:       30568 kB
VmallocChunk:      93212 kB
Time pass: 123 sec

---2015-10-15 22:46:21
MemTotal:        1959952 kB
MemFree:          146472 kB
Buffers:            5872 kB
Cached:           776116 kB
SwapCached:         5868 kB
Active:           690000 kB
Inactive:         609212 kB
Active(anon):     306752 kB
Inactive(anon):   212912 kB
Active(file):     383248 kB
Inactive(file):   396300 kB
Unevictable:        1768 kB
Mlocked:               0 kB
HighTotal:       1372556 kB
HighFree:          77156 kB
LowTotal:         587396 kB
LowFree:           69316 kB
SwapTotal:        262140 kB
SwapFree:         172940 kB
Dirty:               660 kB
Writeback:             0 kB
AnonPages:        517680 kB
Mapped:           281588 kB
Shmem:               672 kB
Slab:              60200 kB
SReclaimable:      17652 kB
SUnreclaim:        42548 kB
KernelStack:       17336 kB
PageTables:        28704 kB
NFS_Unstable:          0 kB
Bounce:                0 kB
WritebackTmp:          0 kB
CommitLimit:     1242116 kB
Committed_AS:   57045348 kB
VmallocTotal:     409600 kB
VmallocUsed:       32976 kB
VmallocChunk:      93212 kB
Time pass: 127 sec

---2015-10-15 22:46:21
MemTotal:        1959952 kB
MemFree:          134104 kB
Buffers:            5872 kB
Cached:           776252 kB
SwapCached:         5868 kB
Active:           700688 kB
Inactive:         609272 kB
Active(anon):     317368 kB
Inactive(anon):   213044 kB
Active(file):     383320 kB
Inactive(file):   396228 kB
Unevictable:        1768 kB
Mlocked:               0 kB
HighTotal:       1372556 kB
HighFree:          66224 kB
LowTotal:         587396 kB
LowFree:           67880 kB
SwapTotal:        262140 kB
SwapFree:         172980 kB
Dirty:               736 kB
Writeback:             4 kB
AnonPages:        528184 kB
Mapped:           283296 kB
Shmem:               808 kB
Slab:              60192 kB
SReclaimable:      17652 kB
SUnreclaim:        42540 kB
KernelStack:       17872 kB
PageTables:        29052 kB
NFS_Unstable:          0 kB
Bounce:                0 kB
WritebackTmp:          0 kB
CommitLimit:     1242116 kB
Committed_AS:   58024788 kB
VmallocTotal:     409600 kB
VmallocUsed:       34028 kB
VmallocChunk:      93212 kB
Time pass: 130 sec

---2015-10-15 22:46:21
MemTotal:        1959952 kB
MemFree:          146276 kB
Buffers:            5872 kB
Cached:           776332 kB
SwapCached:         5868 kB
Active:           690180 kB
Inactive:         608604 kB
Active(anon):     306092 kB
Inactive(anon):   213144 kB
Active(file):     384088 kB
Inactive(file):   395460 kB
Unevictable:        1768 kB
Mlocked:               0 kB
HighTotal:       1372556 kB
HighFree:          78104 kB
LowTotal:         587396 kB
LowFree:           68172 kB
SwapTotal:        262140 kB
SwapFree:         172980 kB
Dirty:               756 kB
Writeback:             0 kB
AnonPages:        516976 kB
Mapped:           277948 kB
Shmem:               888 kB
Slab:              60216 kB
SReclaimable:      17652 kB
SUnreclaim:        42564 kB
KernelStack:       16896 kB
PageTables:        29544 kB
NFS_Unstable:          0 kB
Bounce:                0 kB
WritebackTmp:          0 kB
CommitLimit:     1242116 kB
Committed_AS:   60853984 kB
VmallocTotal:     409600 kB
VmallocUsed:       42188 kB
VmallocChunk:      93212 kB
Time pass: 134 sec

---2015-10-15 22:46:21
MemTotal:        1959952 kB
MemFree:          272376 kB
Buffers:            5872 kB
Cached:           775876 kB
SwapCached:         5868 kB
Active:           670524 kB
Inactive:         607632 kB
Active(anon):     285936 kB
Inactive(anon):   212652 kB
Active(file):     384588 kB
Inactive(file):   394980 kB
Unevictable:        1768 kB
Mlocked:               0 kB
HighTotal:       1372556 kB
HighFree:         156784 kB
LowTotal:         587396 kB
LowFree:          115592 kB
SwapTotal:        262140 kB
SwapFree:         172980 kB
Dirty:               792 kB
Writeback:             0 kB
AnonPages:        497120 kB
Mapped:           242120 kB
Shmem:               412 kB
Slab:              60064 kB
SReclaimable:      17644 kB
SUnreclaim:        42420 kB
KernelStack:       16344 kB
PageTables:        27632 kB
NFS_Unstable:          0 kB
Bounce:                0 kB
WritebackTmp:          0 kB
CommitLimit:     1242116 kB
Committed_AS:   56942260 kB
VmallocTotal:     409600 kB
VmallocUsed:       32648 kB
VmallocChunk:      93212 kB
Time pass: 138 sec

---2015-10-15 22:46:21
MemTotal:        1959952 kB
MemFree:          286484 kB
Buffers:            5872 kB
Cached:           775944 kB
SwapCached:         5868 kB
Active:           657408 kB
Inactive:         607352 kB
Active(anon):     272500 kB
Inactive(anon):   212680 kB
Active(file):     384908 kB
Inactive(file):   394672 kB
Unevictable:        1768 kB
Mlocked:               0 kB
HighTotal:       1372556 kB
HighFree:         166020 kB
LowTotal:         587396 kB
LowFree:          120464 kB
SwapTotal:        262140 kB
SwapFree:         172980 kB
Dirty:               876 kB
Writeback:             0 kB
AnonPages:        483684 kB
Mapped:           233100 kB
Shmem:               468 kB
Slab:              60044 kB
SReclaimable:      17636 kB
SUnreclaim:        42408 kB
KernelStack:       16104 kB
PageTables:        27628 kB
NFS_Unstable:          0 kB
Bounce:                0 kB
WritebackTmp:          0 kB
CommitLimit:     1242116 kB
Committed_AS:   57918116 kB
VmallocTotal:     409600 kB
VmallocUsed:       37748 kB
VmallocChunk:      93212 kB
Time pass: 142 sec

---2015-10-15 22:46:21
MemTotal:        1959952 kB
MemFree:          279852 kB
Buffers:            5872 kB
Cached:           775888 kB
SwapCached:         5868 kB
Active:           663788 kB
Inactive:         607276 kB
Active(anon):     278880 kB
Inactive(anon):   212596 kB
Active(file):     384908 kB
Inactive(file):   394680 kB
Unevictable:        1768 kB
Mlocked:               0 kB
HighTotal:       1372556 kB
HighFree:         159576 kB
LowTotal:         587396 kB
LowFree:          120276 kB
SwapTotal:        262140 kB
SwapFree:         172980 kB
Dirty:               868 kB
Writeback:             0 kB
AnonPages:        489892 kB
Mapped:           240740 kB
Shmem:               404 kB
Slab:              60184 kB
SReclaimable:      17660 kB
SUnreclaim:        42524 kB
KernelStack:       16416 kB
PageTables:        27708 kB
NFS_Unstable:          0 kB
Bounce:                0 kB
WritebackTmp:          0 kB
CommitLimit:     1242116 kB
Committed_AS:   57847960 kB
VmallocTotal:     409600 kB
VmallocUsed:       38768 kB
VmallocChunk:      93212 kB
Time pass: 145 sec

---2015-10-15 22:46:21
MemTotal:        1959952 kB
MemFree:          266616 kB
Buffers:            5872 kB
Cached:           776036 kB
SwapCached:         5868 kB
Active:           669264 kB
Inactive:         607352 kB
Active(anon):     284348 kB
Inactive(anon):   212664 kB
Active(file):     384916 kB
Inactive(file):   394688 kB
Unevictable:        1768 kB
Mlocked:               0 kB
HighTotal:       1372556 kB
HighFree:         147672 kB
LowTotal:         587396 kB
LowFree:          118944 kB
SwapTotal:        262140 kB
SwapFree:         172980 kB
Dirty:              1004 kB
Writeback:             0 kB
AnonPages:        494912 kB
Mapped:           268580 kB
Shmem:               536 kB
Slab:              60224 kB
SReclaimable:      17668 kB
SUnreclaim:        42556 kB
KernelStack:       16920 kB
PageTables:        28400 kB
NFS_Unstable:          0 kB
Bounce:                0 kB
WritebackTmp:          0 kB
CommitLimit:     1242116 kB
Committed_AS:   56999472 kB
VmallocTotal:     409600 kB
VmallocUsed:       38912 kB
VmallocChunk:      93212 kB
Time pass: 148 sec

---2015-10-15 22:46:21
MemTotal:        1959952 kB
MemFree:          272188 kB
Buffers:            5872 kB
Cached:           776040 kB
SwapCached:         5868 kB
Active:           659212 kB
Inactive:         607340 kB
Active(anon):     274280 kB
Inactive(anon):   212664 kB
Active(file):     384932 kB
Inactive(file):   394676 kB
Unevictable:        1768 kB
Mlocked:               0 kB
HighTotal:       1372556 kB
HighFree:         148100 kB
LowTotal:         587396 kB
LowFree:          124088 kB
SwapTotal:        262140 kB
SwapFree:         172980 kB
Dirty:               180 kB
Writeback:             0 kB
AnonPages:        484868 kB
Mapped:           269196 kB
Shmem:               536 kB
Slab:              60236 kB
SReclaimable:      17692 kB
SUnreclaim:        42544 kB
KernelStack:       16888 kB
PageTables:        28480 kB
NFS_Unstable:          0 kB
Bounce:                0 kB
WritebackTmp:          0 kB
CommitLimit:     1242116 kB
Committed_AS:   56995916 kB
VmallocTotal:     409600 kB
VmallocUsed:       36552 kB
VmallocChunk:      93212 kB
Time pass: 152 sec

---2015-10-15 22:46:21
MemTotal:        1959952 kB
MemFree:          258888 kB
Buffers:            5872 kB
Cached:           776076 kB
SwapCached:         5868 kB
Active:           674124 kB
Inactive:         607432 kB
Active(anon):     289256 kB
Inactive(anon):   212668 kB
Active(file):     384868 kB
Inactive(file):   394764 kB
Unevictable:        1768 kB
Mlocked:               0 kB
HighTotal:       1372556 kB
HighFree:         135424 kB
LowTotal:         587396 kB
LowFree:          123464 kB
SwapTotal:        262140 kB
SwapFree:         172980 kB
Dirty:               440 kB
Writeback:             0 kB
AnonPages:        500572 kB
Mapped:           278324 kB
Shmem:               540 kB
Slab:              60404 kB
SReclaimable:      17700 kB
SUnreclaim:        42704 kB
KernelStack:       16952 kB
PageTables:        28744 kB
NFS_Unstable:          0 kB
Bounce:                0 kB
WritebackTmp:          0 kB
CommitLimit:     1242116 kB
Committed_AS:   57958436 kB
VmallocTotal:     409600 kB
VmallocUsed:       36540 kB
VmallocChunk:      93212 kB
Time pass: 156 sec

---2015-10-15 22:46:21
MemTotal:        1959952 kB
MemFree:          196400 kB
Buffers:            5872 kB
Cached:           777512 kB
SwapCached:         5868 kB
Active:           691760 kB
Inactive:         608764 kB
Active(anon):     306808 kB
Inactive(anon):   212660 kB
Active(file):     384952 kB
Inactive(file):   396104 kB
Unevictable:        1768 kB
Mlocked:               0 kB
HighTotal:       1372556 kB
HighFree:          91524 kB
LowTotal:         587396 kB
LowFree:          104876 kB
SwapTotal:        262140 kB
SwapFree:         172980 kB
Dirty:              2764 kB
Writeback:             0 kB
AnonPages:        517848 kB
Mapped:           288372 kB
Shmem:               540 kB
Slab:              60344 kB
SReclaimable:      17732 kB
SUnreclaim:        42612 kB
KernelStack:       17368 kB
PageTables:        29108 kB
NFS_Unstable:          0 kB
Bounce:                0 kB
WritebackTmp:          0 kB
CommitLimit:     1242116 kB
Committed_AS:   57971580 kB
VmallocTotal:     409600 kB
VmallocUsed:       36684 kB
VmallocChunk:      93212 kB
Time pass: 159 sec

---2015-10-15 22:46:21
MemTotal:        1959952 kB
MemFree:          193540 kB
Buffers:            5872 kB
Cached:           777516 kB
SwapCached:         5868 kB
Active:           683100 kB
Inactive:         608788 kB
Active(anon):     298148 kB
Inactive(anon):   212660 kB
Active(file):     384952 kB
Inactive(file):   396128 kB
Unevictable:        1768 kB
Mlocked:               0 kB
HighTotal:       1372556 kB
HighFree:          99348 kB
LowTotal:         587396 kB
LowFree:           94192 kB
SwapTotal:        262140 kB
SwapFree:         172980 kB
Dirty:               468 kB
Writeback:             0 kB
AnonPages:        508896 kB
Mapped:           289968 kB
Shmem:               540 kB
Slab:              60420 kB
SReclaimable:      17732 kB
SUnreclaim:        42688 kB
KernelStack:       17368 kB
PageTables:        29136 kB
NFS_Unstable:          0 kB
Bounce:                0 kB
WritebackTmp:          0 kB
CommitLimit:     1242116 kB
Committed_AS:   57964644 kB
VmallocTotal:     409600 kB
VmallocUsed:       36720 kB
VmallocChunk:      93212 kB
Time pass: 163 sec

---2015-10-15 22:46:21
MemTotal:        1959952 kB
MemFree:          193028 kB
Buffers:            5872 kB
Cached:           777516 kB
SwapCached:         5868 kB
Active:           683572 kB
Inactive:         608788 kB
Active(anon):     298620 kB
Inactive(anon):   212660 kB
Active(file):     384952 kB
Inactive(file):   396128 kB
Unevictable:        1768 kB
Mlocked:               0 kB
HighTotal:       1372556 kB
HighFree:          98852 kB
LowTotal:         587396 kB
LowFree:           94176 kB
SwapTotal:        262140 kB
SwapFree:         172980 kB
Dirty:               476 kB
Writeback:             0 kB
AnonPages:        509588 kB
Mapped:           289968 kB
Shmem:               540 kB
Slab:              60416 kB
SReclaimable:      17732 kB
SUnreclaim:        42684 kB
KernelStack:       17384 kB
PageTables:        29140 kB
NFS_Unstable:          0 kB
Bounce:                0 kB
WritebackTmp:          0 kB
CommitLimit:     1242116 kB
Committed_AS:   57964804 kB
VmallocTotal:     409600 kB
VmallocUsed:       36720 kB
VmallocChunk:      93212 kB
Time pass: 166 sec

---2015-10-15 22:46:21
MemTotal:        1959952 kB
MemFree:          167548 kB
Buffers:            5872 kB
Cached:           777524 kB
SwapCached:         5868 kB
Active:           688392 kB
Inactive:         608784 kB
Active(anon):     303428 kB
Inactive(anon):   212660 kB
Active(file):     384964 kB
Inactive(file):   396124 kB
Unevictable:        1768 kB
Mlocked:               0 kB
HighTotal:       1372556 kB
HighFree:          91012 kB
LowTotal:         587396 kB
LowFree:           76536 kB
SwapTotal:        262140 kB
SwapFree:         172980 kB
Dirty:              1120 kB
Writeback:             0 kB
AnonPages:        514356 kB
Mapped:           293640 kB
Shmem:               540 kB
Slab:              60460 kB
SReclaimable:      17732 kB
SUnreclaim:        42728 kB
KernelStack:       17368 kB
PageTables:        29188 kB
NFS_Unstable:          0 kB
Bounce:                0 kB
WritebackTmp:          0 kB
CommitLimit:     1242116 kB
Committed_AS:   57969392 kB
VmallocTotal:     409600 kB
VmallocUsed:       36780 kB
VmallocChunk:      93212 kB
Time pass: 170 sec

---2015-10-15 22:46:21
MemTotal:        1959952 kB
MemFree:          159780 kB
Buffers:            5872 kB
Cached:           777604 kB
SwapCached:         5868 kB
Active:           696040 kB
Inactive:         608852 kB
Active(anon):     311068 kB
Inactive(anon):   212728 kB
Active(file):     384972 kB
Inactive(file):   396124 kB
Unevictable:        1768 kB
Mlocked:               0 kB
HighTotal:       1372556 kB
HighFree:          86568 kB
LowTotal:         587396 kB
LowFree:           73212 kB
SwapTotal:        262140 kB
SwapFree:         172980 kB
Dirty:               612 kB
Writeback:             0 kB
AnonPages:        521860 kB
Mapped:           297276 kB
Shmem:               612 kB
Slab:              60528 kB
SReclaimable:      17732 kB
SUnreclaim:        42796 kB
KernelStack:       17680 kB
PageTables:        29292 kB
NFS_Unstable:          0 kB
Bounce:                0 kB
WritebackTmp:          0 kB
CommitLimit:     1242116 kB
Committed_AS:   57992912 kB
VmallocTotal:     409600 kB
VmallocUsed:       36780 kB
VmallocChunk:      93212 kB
Time pass: 173 sec

---2015-10-15 22:46:21
MemTotal:        1959952 kB
MemFree:          156192 kB
Buffers:            5872 kB
Cached:           777688 kB
SwapCached:         5868 kB
Active:           697008 kB
Inactive:         608928 kB
Active(anon):     312028 kB
Inactive(anon):   212800 kB
Active(file):     384980 kB
Inactive(file):   396128 kB
Unevictable:        1768 kB
Mlocked:               0 kB
HighTotal:       1372556 kB
HighFree:          83744 kB
LowTotal:         587396 kB
LowFree:           72448 kB
SwapTotal:        262140 kB
SwapFree:         172980 kB
Dirty:               640 kB
Writeback:             0 kB
AnonPages:        522684 kB
Mapped:           297272 kB
Shmem:               684 kB
Slab:              60252 kB
SReclaimable:      17716 kB
SUnreclaim:        42536 kB
KernelStack:       17696 kB
PageTables:        29376 kB
NFS_Unstable:          0 kB
Bounce:                0 kB
WritebackTmp:          0 kB
CommitLimit:     1242116 kB
Committed_AS:   57993840 kB
VmallocTotal:     409600 kB
VmallocUsed:       36780 kB
VmallocChunk:      93212 kB
Time pass: 177 sec

---2015-10-15 22:46:21
MemTotal:        1959952 kB
MemFree:          155660 kB
Buffers:            5872 kB
Cached:           777728 kB
SwapCached:         5868 kB
Active:           697196 kB
Inactive:         608956 kB
Active(anon):     312208 kB
Inactive(anon):   212828 kB
Active(file):     384988 kB
Inactive(file):   396128 kB
Unevictable:        1768 kB
Mlocked:               0 kB
HighTotal:       1372556 kB
HighFree:          83336 kB
LowTotal:         587396 kB
LowFree:           72324 kB
SwapTotal:        262140 kB
SwapFree:         172980 kB
Dirty:               644 kB
Writeback:             0 kB
AnonPages:        523012 kB
Mapped:           297300 kB
Shmem:               712 kB
Slab:              60252 kB
SReclaimable:      17716 kB
SUnreclaim:        42536 kB
KernelStack:       17696 kB
PageTables:        29420 kB
NFS_Unstable:          0 kB
Bounce:                0 kB
WritebackTmp:          0 kB
CommitLimit:     1242116 kB
Committed_AS:   57993908 kB
VmallocTotal:     409600 kB
VmallocUsed:       36780 kB
VmallocChunk:      93212 kB
Time pass: 181 sec

---2015-10-15 22:46:21
MemTotal:        1959952 kB
MemFree:          155072 kB
Buffers:            5872 kB
Cached:           777732 kB
SwapCached:         5868 kB
Active:           697800 kB
Inactive:         608956 kB
Active(anon):     312808 kB
Inactive(anon):   212824 kB
Active(file):     384992 kB
Inactive(file):   396132 kB
Unevictable:        1768 kB
Mlocked:               0 kB
HighTotal:       1372556 kB
HighFree:          82808 kB
LowTotal:         587396 kB
LowFree:           72264 kB
SwapTotal:        262140 kB
SwapFree:         172980 kB
Dirty:               648 kB
Writeback:             0 kB
AnonPages:        523548 kB
Mapped:           297508 kB
Shmem:               712 kB
Slab:              60220 kB
SReclaimable:      17716 kB
SUnreclaim:        42504 kB
KernelStack:       17680 kB
PageTables:        29396 kB
NFS_Unstable:          0 kB
Bounce:                0 kB
WritebackTmp:          0 kB
CommitLimit:     1242116 kB
Committed_AS:   57994136 kB
VmallocTotal:     409600 kB
VmallocUsed:       36780 kB
VmallocChunk:      93212 kB
Time pass: 185 sec

---2015-10-15 22:46:21
MemTotal:        1959952 kB
MemFree:          149436 kB
Buffers:            5872 kB
Cached:           777736 kB
SwapCached:         5868 kB
Active:           703228 kB
Inactive:         608956 kB
Active(anon):     318232 kB
Inactive(anon):   212828 kB
Active(file):     384996 kB
Inactive(file):   396128 kB
Unevictable:        1768 kB
Mlocked:               0 kB
HighTotal:       1372556 kB
HighFree:          77464 kB
LowTotal:         587396 kB
LowFree:           71972 kB
SwapTotal:        262140 kB
SwapFree:         172980 kB
Dirty:               636 kB
Writeback:             0 kB
AnonPages:        529144 kB
Mapped:           297576 kB
Shmem:               716 kB
Slab:              60316 kB
SReclaimable:      17716 kB
SUnreclaim:        42600 kB
KernelStack:       17712 kB
PageTables:        29452 kB
NFS_Unstable:          0 kB
Bounce:                0 kB
WritebackTmp:          0 kB
CommitLimit:     1242116 kB
Committed_AS:   58002428 kB
VmallocTotal:     409600 kB
VmallocUsed:       36780 kB
VmallocChunk:      93212 kB
Time pass: 189 sec

---2015-10-15 22:46:21
MemTotal:        1959952 kB
MemFree:          148756 kB
Buffers:            5872 kB
Cached:           777816 kB
SwapCached:         5868 kB
Active:           703660 kB
Inactive:         609032 kB
Active(anon):     318660 kB
Inactive(anon):   212904 kB
Active(file):     385000 kB
Inactive(file):   396128 kB
Unevictable:        1768 kB
Mlocked:               0 kB
HighTotal:       1372556 kB
HighFree:          76856 kB
LowTotal:         587396 kB
LowFree:           71900 kB
SwapTotal:        262140 kB
SwapFree:         172980 kB
Dirty:               640 kB
Writeback:             0 kB
AnonPages:        529316 kB
Mapped:           297868 kB
Shmem:               792 kB
Slab:              60304 kB
SReclaimable:      17716 kB
SUnreclaim:        42588 kB
KernelStack:       17680 kB
PageTables:        29400 kB
NFS_Unstable:          0 kB
Bounce:                0 kB
WritebackTmp:          0 kB
CommitLimit:     1242116 kB
Committed_AS:   58002528 kB
VmallocTotal:     409600 kB
VmallocUsed:       36780 kB
VmallocChunk:      93212 kB
Time pass: 192 sec

---2015-10-15 22:46:21
MemTotal:        1959952 kB
MemFree:          147352 kB
Buffers:            5872 kB
Cached:           777856 kB
SwapCached:         5868 kB
Active:           704436 kB
Inactive:         609072 kB
Active(anon):     319436 kB
Inactive(anon):   212944 kB
Active(file):     385000 kB
Inactive(file):   396128 kB
Unevictable:        1768 kB
Mlocked:               0 kB
HighTotal:       1372556 kB
HighFree:          75444 kB
LowTotal:         587396 kB
LowFree:           71908 kB
SwapTotal:        262140 kB
SwapFree:         172980 kB
Dirty:               636 kB
Writeback:             0 kB
AnonPages:        530164 kB
Mapped:           297908 kB
Shmem:               832 kB
Slab:              60304 kB
SReclaimable:      17716 kB
SUnreclaim:        42588 kB
KernelStack:       17672 kB
PageTables:        29400 kB
NFS_Unstable:          0 kB
Bounce:                0 kB
WritebackTmp:          0 kB
CommitLimit:     1242116 kB
Committed_AS:   58002592 kB
VmallocTotal:     409600 kB
VmallocUsed:       36780 kB
VmallocChunk:      93212 kB
Time pass: 196 sec

---2015-10-15 22:46:21
MemTotal:        1959952 kB
MemFree:          136804 kB
Buffers:            5872 kB
Cached:           777864 kB
SwapCached:         5868 kB
Active:           715532 kB
Inactive:         609080 kB
Active(anon):     330532 kB
Inactive(anon):   212948 kB
Active(file):     385000 kB
Inactive(file):   396132 kB
Unevictable:        1768 kB
Mlocked:               0 kB
HighTotal:       1372556 kB
HighFree:          64976 kB
LowTotal:         587396 kB
LowFree:           71828 kB
SwapTotal:        262140 kB
SwapFree:         172980 kB
Dirty:               644 kB
Writeback:             0 kB
AnonPages:        541552 kB
Mapped:           297548 kB
Shmem:               836 kB
Slab:              60144 kB
SReclaimable:      17716 kB
SUnreclaim:        42428 kB
KernelStack:       17744 kB
PageTables:        29436 kB
NFS_Unstable:          0 kB
Bounce:                0 kB
WritebackTmp:          0 kB
CommitLimit:     1242116 kB
Committed_AS:   58008020 kB
VmallocTotal:     409600 kB
VmallocUsed:       36780 kB
VmallocChunk:      93212 kB
Time pass: 200 sec

---2015-10-15 22:46:21
MemTotal:        1959952 kB
MemFree:          123248 kB
Buffers:            5872 kB
Cached:           777608 kB
SwapCached:         5868 kB
Active:           724476 kB
Inactive:         608792 kB
Active(anon):     339448 kB
Inactive(anon):   212664 kB
Active(file):     385028 kB
Inactive(file):   396128 kB
Unevictable:        1768 kB
Mlocked:               0 kB
HighTotal:       1372556 kB
HighFree:          55412 kB
LowTotal:         587396 kB
LowFree:           67836 kB
SwapTotal:        262140 kB
SwapFree:         172980 kB
Dirty:               728 kB
Writeback:             0 kB
AnonPages:        549928 kB
Mapped:           292912 kB
Shmem:               556 kB
Slab:              60344 kB
SReclaimable:      17700 kB
SUnreclaim:        42644 kB
KernelStack:       17728 kB
PageTables:        29948 kB
NFS_Unstable:          0 kB
Bounce:                0 kB
WritebackTmp:          0 kB
CommitLimit:     1242116 kB
Committed_AS:   59959420 kB
VmallocTotal:     409600 kB
VmallocUsed:       33720 kB
VmallocChunk:      93212 kB
Time pass: 203 sec

---2015-10-15 22:46:21
MemTotal:        1959952 kB
MemFree:          104068 kB
Buffers:            5872 kB
Cached:           777896 kB
SwapCached:         5868 kB
Active:           744212 kB
Inactive:         607796 kB
Active(anon):     357912 kB
Inactive(anon):   212704 kB
Active(file):     386300 kB
Inactive(file):   395092 kB
Unevictable:        1768 kB
Mlocked:               0 kB
HighTotal:       1372556 kB
HighFree:          36032 kB
LowTotal:         587396 kB
LowFree:           68036 kB
SwapTotal:        262140 kB
SwapFree:         172980 kB
Dirty:               784 kB
Writeback:             0 kB
AnonPages:        569024 kB
Mapped:           295496 kB
Shmem:               608 kB
Slab:              60444 kB
SReclaimable:      17732 kB
SUnreclaim:        42712 kB
KernelStack:       17416 kB
PageTables:        29444 kB
NFS_Unstable:          0 kB
Bounce:                0 kB
WritebackTmp:          0 kB
CommitLimit:     1242116 kB
Committed_AS:   59001072 kB
VmallocTotal:     409600 kB
VmallocUsed:       34740 kB
VmallocChunk:      93212 kB
Time pass: 207 sec

---2015-10-15 22:46:21
MemTotal:        1959952 kB
MemFree:          136396 kB
Buffers:            5872 kB
Cached:           777896 kB
SwapCached:         5868 kB
Active:           712332 kB
Inactive:         607592 kB
Active(anon):     325828 kB
Inactive(anon):   212704 kB
Active(file):     386504 kB
Inactive(file):   394888 kB
Unevictable:        1768 kB
Mlocked:               0 kB
HighTotal:       1372556 kB
HighFree:          68504 kB
LowTotal:         587396 kB
LowFree:           67892 kB
SwapTotal:        262140 kB
SwapFree:         172980 kB
Dirty:               784 kB
Writeback:             0 kB
AnonPages:        536920 kB
Mapped:           274864 kB
Shmem:               608 kB
Slab:              60532 kB
SReclaimable:      17748 kB
SUnreclaim:        42784 kB
KernelStack:       16888 kB
PageTables:        29432 kB
NFS_Unstable:          0 kB
Bounce:                0 kB
WritebackTmp:          0 kB
CommitLimit:     1242116 kB
Committed_AS:   59937804 kB
VmallocTotal:     409600 kB
VmallocUsed:       39840 kB
VmallocChunk:      93212 kB
Time pass: 211 sec

---2015-10-15 22:46:21
MemTotal:        1959952 kB
MemFree:          107000 kB
Buffers:            5872 kB
Cached:           777828 kB
SwapCached:         5868 kB
Active:           739264 kB
Inactive:         607500 kB
Active(anon):     352744 kB
Inactive(anon):   212620 kB
Active(file):     386520 kB
Inactive(file):   394880 kB
Unevictable:        1768 kB
Mlocked:               0 kB
HighTotal:       1372556 kB
HighFree:          39768 kB
LowTotal:         587396 kB
LowFree:           67232 kB
SwapTotal:        262140 kB
SwapFree:         172980 kB
Dirty:               824 kB
Writeback:             0 kB
AnonPages:        563588 kB
Mapped:           296912 kB
Shmem:               532 kB
Slab:              60472 kB
SReclaimable:      17756 kB
SUnreclaim:        42716 kB
KernelStack:       17496 kB
PageTables:        29444 kB
NFS_Unstable:          0 kB
Bounce:                0 kB
WritebackTmp:          0 kB
CommitLimit:     1242116 kB
Committed_AS:   59906772 kB
VmallocTotal:     409600 kB
VmallocUsed:       38820 kB
VmallocChunk:      81444 kB
Time pass: 214 sec

---2015-10-15 22:46:21
MemTotal:        1959952 kB
MemFree:          139632 kB
Buffers:            5872 kB
Cached:           777828 kB
SwapCached:         5868 kB
Active:           711368 kB
Inactive:         607492 kB
Active(anon):     324840 kB
Inactive(anon):   212620 kB
Active(file):     386528 kB
Inactive(file):   394872 kB
Unevictable:        1768 kB
Mlocked:               0 kB
HighTotal:       1372556 kB
HighFree:          67424 kB
LowTotal:         587396 kB
LowFree:           72208 kB
SwapTotal:        262140 kB
SwapFree:         172980 kB
Dirty:               824 kB
Writeback:             0 kB
AnonPages:        535304 kB
Mapped:           297240 kB
Shmem:               532 kB
Slab:              60440 kB
SReclaimable:      17756 kB
SUnreclaim:        42684 kB
KernelStack:       17352 kB
PageTables:        29188 kB
NFS_Unstable:          0 kB
Bounce:                0 kB
WritebackTmp:          0 kB
CommitLimit:     1242116 kB
Committed_AS:   58008148 kB
VmallocTotal:     409600 kB
VmallocUsed:       37800 kB
VmallocChunk:      81444 kB
Time pass: 218 sec

---2015-10-15 22:46:21
MemTotal:        1959952 kB
MemFree:          148624 kB
Buffers:            5872 kB
Cached:           777832 kB
SwapCached:         5868 kB
Active:           702500 kB
Inactive:         607464 kB
Active(anon):     315972 kB
Inactive(anon):   212592 kB
Active(file):     386528 kB
Inactive(file):   394872 kB
Unevictable:        1768 kB
Mlocked:               0 kB
HighTotal:       1372556 kB
HighFree:          76360 kB
LowTotal:         587396 kB
LowFree:           72264 kB
SwapTotal:        262140 kB
SwapFree:         172980 kB
Dirty:               824 kB
Writeback:             0 kB
AnonPages:        526564 kB
Mapped:           297308 kB
Shmem:               536 kB
Slab:              60440 kB
SReclaimable:      17756 kB
SUnreclaim:        42684 kB
KernelStack:       17384 kB
PageTables:        29300 kB
NFS_Unstable:          0 kB
Bounce:                0 kB
WritebackTmp:          0 kB
CommitLimit:     1242116 kB
Committed_AS:   58005944 kB
VmallocTotal:     409600 kB
VmallocUsed:       37800 kB
VmallocChunk:      81444 kB
Time pass: 221 sec

---2015-10-15 22:46:21
MemTotal:        1959952 kB
MemFree:          148720 kB
Buffers:            5872 kB
Cached:           777832 kB
SwapCached:         5868 kB
Active:           702552 kB
Inactive:         607416 kB
Active(anon):     316024 kB
Inactive(anon):   212544 kB
Active(file):     386528 kB
Inactive(file):   394872 kB
Unevictable:        1768 kB
Mlocked:               0 kB
HighTotal:       1372556 kB
HighFree:          76424 kB
LowTotal:         587396 kB
LowFree:           72296 kB
SwapTotal:        262140 kB
SwapFree:         172980 kB
Dirty:               872 kB
Writeback:             0 kB
AnonPages:        526620 kB
Mapped:           297236 kB
Shmem:               536 kB
Slab:              60500 kB
SReclaimable:      17780 kB
SUnreclaim:        42720 kB
KernelStack:       17328 kB
PageTables:        29304 kB
NFS_Unstable:          0 kB
Bounce:                0 kB
WritebackTmp:          0 kB
CommitLimit:     1242116 kB
Committed_AS:   58005984 kB
VmallocTotal:     409600 kB
VmallocUsed:       37800 kB
VmallocChunk:      81444 kB
Time pass: 225 sec

---2015-10-15 22:46:21
MemTotal:        1959952 kB
MemFree:          140836 kB
Buffers:            5872 kB
Cached:           777832 kB
SwapCached:         5868 kB
Active:           710680 kB
Inactive:         607424 kB
Active(anon):     324160 kB
Inactive(anon):   212544 kB
Active(file):     386520 kB
Inactive(file):   394880 kB
Unevictable:        1768 kB
Mlocked:               0 kB
HighTotal:       1372556 kB
HighFree:          68860 kB
LowTotal:         587396 kB
LowFree:           71976 kB
SwapTotal:        262140 kB
SwapFree:         172980 kB
Dirty:               816 kB
Writeback:             0 kB
AnonPages:        534716 kB
Mapped:           303840 kB
Shmem:               536 kB
Slab:              60508 kB
SReclaimable:      17788 kB
SUnreclaim:        42720 kB
KernelStack:       17624 kB
PageTables:        29712 kB
NFS_Unstable:          0 kB
Bounce:                0 kB
WritebackTmp:          0 kB
CommitLimit:     1242116 kB
Committed_AS:   58957164 kB
VmallocTotal:     409600 kB
VmallocUsed:       38820 kB
VmallocChunk:      81444 kB
Time pass: 229 sec

---2015-10-15 22:46:21
MemTotal:        1959952 kB
MemFree:          141700 kB
Buffers:            5872 kB
Cached:           777832 kB
SwapCached:         5868 kB
Active:           709440 kB
Inactive:         607416 kB
Active(anon):     322912 kB
Inactive(anon):   212544 kB
Active(file):     386528 kB
Inactive(file):   394872 kB
Unevictable:        1768 kB
Mlocked:               0 kB
HighTotal:       1372556 kB
HighFree:          69896 kB
LowTotal:         587396 kB
LowFree:           71804 kB
SwapTotal:        262140 kB
SwapFree:         172980 kB
Dirty:               828 kB
Writeback:             0 kB
AnonPages:        533712 kB
Mapped:           303940 kB
Shmem:               536 kB
Slab:              60516 kB
SReclaimable:      17796 kB
SUnreclaim:        42720 kB
KernelStack:       17664 kB
PageTables:        29740 kB
NFS_Unstable:          0 kB
Bounce:                0 kB
WritebackTmp:          0 kB
CommitLimit:     1242116 kB
Committed_AS:   58957436 kB
VmallocTotal:     409600 kB
VmallocUsed:       38820 kB
VmallocChunk:      81444 kB
Time pass: 232 sec

---2015-10-15 22:46:21
MemTotal:        1959952 kB
MemFree:          141104 kB
Buffers:            5872 kB
Cached:           777832 kB
SwapCached:         5868 kB
Active:           709512 kB
Inactive:         607416 kB
Active(anon):     322984 kB
Inactive(anon):   212544 kB
Active(file):     386528 kB
Inactive(file):   394872 kB
Unevictable:        1768 kB
Mlocked:               0 kB
HighTotal:       1372556 kB
HighFree:          69356 kB
LowTotal:         587396 kB
LowFree:           71748 kB
SwapTotal:        262140 kB
SwapFree:         172980 kB
Dirty:               828 kB
Writeback:             0 kB
AnonPages:        533644 kB
Mapped:           303960 kB
Shmem:               536 kB
Slab:              60512 kB
SReclaimable:      17796 kB
SUnreclaim:        42716 kB
KernelStack:       17656 kB
PageTables:        29744 kB
NFS_Unstable:          0 kB
Bounce:                0 kB
WritebackTmp:          0 kB
CommitLimit:     1242116 kB
Committed_AS:   58957488 kB
VmallocTotal:     409600 kB
VmallocUsed:       38820 kB
VmallocChunk:      81444 kB
Time pass: 236 sec

---2015-10-15 22:46:21
MemTotal:        1959952 kB
MemFree:          140852 kB
Buffers:            5872 kB
Cached:           777832 kB
SwapCached:         5868 kB
Active:           709760 kB
Inactive:         607416 kB
Active(anon):     323232 kB
Inactive(anon):   212544 kB
Active(file):     386528 kB
Inactive(file):   394872 kB
Unevictable:        1768 kB
Mlocked:               0 kB
HighTotal:       1372556 kB
HighFree:          69072 kB
LowTotal:         587396 kB
LowFree:           71780 kB
SwapTotal:        262140 kB
SwapFree:         172980 kB
Dirty:               828 kB
Writeback:             0 kB
AnonPages:        533880 kB
Mapped:           303972 kB
Shmem:               536 kB
Slab:              60512 kB
SReclaimable:      17796 kB
SUnreclaim:        42716 kB
KernelStack:       17672 kB
PageTables:        29752 kB
NFS_Unstable:          0 kB
Bounce:                0 kB
WritebackTmp:          0 kB
CommitLimit:     1242116 kB
Committed_AS:   58957596 kB
VmallocTotal:     409600 kB
VmallocUsed:       38820 kB
VmallocChunk:      81444 kB
Time pass: 239 sec

---2015-10-15 22:46:21
MemTotal:        1959952 kB
MemFree:          138540 kB
Buffers:            5872 kB
Cached:           777832 kB
SwapCached:         5868 kB
Active:           712152 kB
Inactive:         607416 kB
Active(anon):     325624 kB
Inactive(anon):   212544 kB
Active(file):     386528 kB
Inactive(file):   394872 kB
Unevictable:        1768 kB
Mlocked:               0 kB
HighTotal:       1372556 kB
HighFree:          66892 kB
LowTotal:         587396 kB
LowFree:           71648 kB
SwapTotal:        262140 kB
SwapFree:         172980 kB
Dirty:               820 kB
Writeback:             0 kB
AnonPages:        536116 kB
Mapped:           304472 kB
Shmem:               536 kB
Slab:              60448 kB
SReclaimable:      17796 kB
SUnreclaim:        42652 kB
KernelStack:       17760 kB
PageTables:        29776 kB
NFS_Unstable:          0 kB
Bounce:                0 kB
WritebackTmp:          0 kB
CommitLimit:     1242116 kB
Committed_AS:   58958396 kB
VmallocTotal:     409600 kB
VmallocUsed:       38820 kB
VmallocChunk:      81444 kB
Time pass: 243 sec

---2015-10-15 22:46:21
MemTotal:        1959952 kB
MemFree:          138020 kB
Buffers:            5872 kB
Cached:           777832 kB
SwapCached:         5868 kB
Active:           712396 kB
Inactive:         607416 kB
Active(anon):     325868 kB
Inactive(anon):   212544 kB
Active(file):     386528 kB
Inactive(file):   394872 kB
Unevictable:        1768 kB
Mlocked:               0 kB
HighTotal:       1372556 kB
HighFree:          66636 kB
LowTotal:         587396 kB
LowFree:           71384 kB
SwapTotal:        262140 kB
SwapFree:         172980 kB
Dirty:               828 kB
Writeback:             0 kB
AnonPages:        536292 kB
Mapped:           304480 kB
Shmem:               536 kB
Slab:              60728 kB
SReclaimable:      17804 kB
SUnreclaim:        42924 kB
KernelStack:       17760 kB
PageTables:        29776 kB
NFS_Unstable:          0 kB
Bounce:                0 kB
WritebackTmp:          0 kB
CommitLimit:     1242116 kB
Committed_AS:   58958556 kB
VmallocTotal:     409600 kB
VmallocUsed:       38820 kB
VmallocChunk:      81444 kB
Time pass: 246 sec

---2015-10-15 22:46:21
MemTotal:        1959952 kB
MemFree:          137812 kB
Buffers:            5872 kB
Cached:           777832 kB
SwapCached:         5868 kB
Active:           712400 kB
Inactive:         607416 kB
Active(anon):     325872 kB
Inactive(anon):   212544 kB
Active(file):     386528 kB
Inactive(file):   394872 kB
Unevictable:        1768 kB
Mlocked:               0 kB
HighTotal:       1372556 kB
HighFree:          66552 kB
LowTotal:         587396 kB
LowFree:           71260 kB
SwapTotal:        262140 kB
SwapFree:         172980 kB
Dirty:               828 kB
Writeback:             0 kB
AnonPages:        536440 kB
Mapped:           304480 kB
Shmem:               536 kB
Slab:              60780 kB
SReclaimable:      17804 kB
SUnreclaim:        42976 kB
KernelStack:       17760 kB
PageTables:        29776 kB
NFS_Unstable:          0 kB
Bounce:                0 kB
WritebackTmp:          0 kB
CommitLimit:     1242116 kB
Committed_AS:   58958740 kB
VmallocTotal:     409600 kB
VmallocUsed:       38820 kB
VmallocChunk:      81444 kB
Time pass: 250 sec

---2015-10-15 22:46:21
MemTotal:        1959952 kB
MemFree:          137356 kB
Buffers:            5872 kB
Cached:           777832 kB
SwapCached:         5868 kB
Active:           712636 kB
Inactive:         607416 kB
Active(anon):     326108 kB
Inactive(anon):   212544 kB
Active(file):     386528 kB
Inactive(file):   394872 kB
Unevictable:        1768 kB
Mlocked:               0 kB
HighTotal:       1372556 kB
HighFree:          66032 kB
LowTotal:         587396 kB
LowFree:           71324 kB
SwapTotal:        262140 kB
SwapFree:         172980 kB
Dirty:               828 kB
Writeback:             0 kB
AnonPages:        536672 kB
Mapped:           304480 kB
Shmem:               536 kB
Slab:              60672 kB
SReclaimable:      17804 kB
SUnreclaim:        42868 kB
KernelStack:       17760 kB
PageTables:        29776 kB
NFS_Unstable:          0 kB
Bounce:                0 kB
WritebackTmp:          0 kB
CommitLimit:     1242116 kB
Committed_AS:   58958828 kB
VmallocTotal:     409600 kB
VmallocUsed:       38820 kB
VmallocChunk:      81444 kB
Time pass: 254 sec

---2015-10-15 22:46:21
MemTotal:        1959952 kB
MemFree:          137864 kB
Buffers:            5872 kB
Cached:           777832 kB
SwapCached:         5868 kB
Active:           712724 kB
Inactive:         607416 kB
Active(anon):     326196 kB
Inactive(anon):   212544 kB
Active(file):     386528 kB
Inactive(file):   394872 kB
Unevictable:        1768 kB
Mlocked:               0 kB
HighTotal:       1372556 kB
HighFree:          66400 kB
LowTotal:         587396 kB
LowFree:           71464 kB
SwapTotal:        262140 kB
SwapFree:         172980 kB
Dirty:               836 kB
Writeback:             0 kB
AnonPages:        536928 kB
Mapped:           304480 kB
Shmem:               536 kB
Slab:              60648 kB
SReclaimable:      17804 kB
SUnreclaim:        42844 kB
KernelStack:       17744 kB
PageTables:        29776 kB
NFS_Unstable:          0 kB
Bounce:                0 kB
WritebackTmp:          0 kB
CommitLimit:     1242116 kB
Committed_AS:   58958908 kB
VmallocTotal:     409600 kB
VmallocUsed:       38820 kB
VmallocChunk:      81444 kB
Time pass: 257 sec

---2015-10-15 22:46:21
MemTotal:        1959952 kB
MemFree:          137780 kB
Buffers:            5872 kB
Cached:           777832 kB
SwapCached:         5868 kB
Active:           712896 kB
Inactive:         607416 kB
Active(anon):     326368 kB
Inactive(anon):   212544 kB
Active(file):     386528 kB
Inactive(file):   394872 kB
Unevictable:        1768 kB
Mlocked:               0 kB
HighTotal:       1372556 kB
HighFree:          66284 kB
LowTotal:         587396 kB
LowFree:           71496 kB
SwapTotal:        262140 kB
SwapFree:         172980 kB
Dirty:               836 kB
Writeback:             0 kB
AnonPages:        537172 kB
Mapped:           304480 kB
Shmem:               536 kB
Slab:              60616 kB
SReclaimable:      17804 kB
SUnreclaim:        42812 kB
KernelStack:       17744 kB
PageTables:        29776 kB
NFS_Unstable:          0 kB
Bounce:                0 kB
WritebackTmp:          0 kB
CommitLimit:     1242116 kB
Committed_AS:   58958888 kB
VmallocTotal:     409600 kB
VmallocUsed:       38820 kB
VmallocChunk:      81444 kB
Time pass: 261 sec

---2015-10-15 22:46:21
MemTotal:        1959952 kB
MemFree:          141260 kB
Buffers:            5872 kB
Cached:           777832 kB
SwapCached:         5868 kB
Active:           708860 kB
Inactive:         607412 kB
Active(anon):     322328 kB
Inactive(anon):   212544 kB
Active(file):     386532 kB
Inactive(file):   394868 kB
Unevictable:        1768 kB
Mlocked:               0 kB
HighTotal:       1372556 kB
HighFree:          69588 kB
LowTotal:         587396 kB
LowFree:           71672 kB
SwapTotal:        262140 kB
SwapFree:         172980 kB
Dirty:               836 kB
Writeback:             0 kB
AnonPages:        532964 kB
Mapped:           297900 kB
Shmem:               536 kB
Slab:              60616 kB
SReclaimable:      17788 kB
SUnreclaim:        42828 kB
KernelStack:       17520 kB
PageTables:        29332 kB
NFS_Unstable:          0 kB
Bounce:                0 kB
WritebackTmp:          0 kB
CommitLimit:     1242116 kB
Committed_AS:   57991492 kB
VmallocTotal:     409600 kB
VmallocUsed:       38820 kB
VmallocChunk:      81444 kB
Time pass: 264 sec

---2015-10-15 22:46:21
MemTotal:        1959952 kB
MemFree:          141304 kB
Buffers:            5872 kB
Cached:           777832 kB
SwapCached:         5868 kB
Active:           709016 kB
Inactive:         607420 kB
Active(anon):     322492 kB
Inactive(anon):   212544 kB
Active(file):     386524 kB
Inactive(file):   394876 kB
Unevictable:        1768 kB
Mlocked:               0 kB
HighTotal:       1372556 kB
HighFree:          69692 kB
LowTotal:         587396 kB
LowFree:           71612 kB
SwapTotal:        262140 kB
SwapFree:         172980 kB
Dirty:               848 kB
Writeback:             0 kB
AnonPages:        533048 kB
Mapped:           297900 kB
Shmem:               536 kB
Slab:              60600 kB
SReclaimable:      17788 kB
SUnreclaim:        42812 kB
KernelStack:       17520 kB
PageTables:        29336 kB
NFS_Unstable:          0 kB
Bounce:                0 kB
WritebackTmp:          0 kB
CommitLimit:     1242116 kB
Committed_AS:   57991672 kB
VmallocTotal:     409600 kB
VmallocUsed:       38820 kB
VmallocChunk:      81444 kB
Time pass: 268 sec

---2015-10-15 22:46:21
MemTotal:        1959952 kB
MemFree:          141212 kB
Buffers:            5872 kB
Cached:           777832 kB
SwapCached:         5868 kB
Active:           709008 kB
Inactive:         607412 kB
Active(anon):     322476 kB
Inactive(anon):   212544 kB
Active(file):     386532 kB
Inactive(file):   394868 kB
Unevictable:        1768 kB
Mlocked:               0 kB
HighTotal:       1372556 kB
HighFree:          69452 kB
LowTotal:         587396 kB
LowFree:           71760 kB
SwapTotal:        262140 kB
SwapFree:         172980 kB
Dirty:               848 kB
Writeback:             0 kB
AnonPages:        533324 kB
Mapped:           297896 kB
Shmem:               536 kB
Slab:              60600 kB
SReclaimable:      17788 kB
SUnreclaim:        42812 kB
KernelStack:       17496 kB
PageTables:        29336 kB
NFS_Unstable:          0 kB
Bounce:                0 kB
WritebackTmp:          0 kB
CommitLimit:     1242116 kB
Committed_AS:   57991644 kB
VmallocTotal:     409600 kB
VmallocUsed:       38820 kB
VmallocChunk:      81444 kB
Time pass: 271 sec

---2015-10-15 22:46:21
MemTotal:        1959952 kB
MemFree:          147560 kB
Buffers:            5872 kB
Cached:           777832 kB
SwapCached:         5868 kB
Active:           703368 kB
Inactive:         607408 kB
Active(anon):     316836 kB
Inactive(anon):   212540 kB
Active(file):     386532 kB
Inactive(file):   394868 kB
Unevictable:        1768 kB
Mlocked:               0 kB
HighTotal:       1372556 kB
HighFree:          75108 kB
LowTotal:         587396 kB
LowFree:           72452 kB
SwapTotal:        262140 kB
SwapFree:         172980 kB
Dirty:               856 kB
Writeback:             0 kB
AnonPages:        527544 kB
Mapped:           291376 kB
Shmem:               536 kB
Slab:              60600 kB
SReclaimable:      17788 kB
SUnreclaim:        42812 kB
KernelStack:       17192 kB
PageTables:        28872 kB
NFS_Unstable:          0 kB
Bounce:                0 kB
WritebackTmp:          0 kB
CommitLimit:     1242116 kB
Committed_AS:   57040600 kB
VmallocTotal:     409600 kB
VmallocUsed:       37800 kB
VmallocChunk:      81444 kB
Time pass: 275 sec

---2015-10-15 22:46:21
MemTotal:        1959952 kB
MemFree:          147352 kB
Buffers:            5872 kB
Cached:           777832 kB
SwapCached:         5868 kB
Active:           703500 kB
Inactive:         607408 kB
Active(anon):     316968 kB
Inactive(anon):   212540 kB
Active(file):     386532 kB
Inactive(file):   394868 kB
Unevictable:        1768 kB
Mlocked:               0 kB
HighTotal:       1372556 kB
HighFree:          74916 kB
LowTotal:         587396 kB
LowFree:           72436 kB
SwapTotal:        262140 kB
SwapFree:         172980 kB
Dirty:               856 kB
Writeback:             0 kB
AnonPages:        527700 kB
Mapped:           291376 kB
Shmem:               536 kB
Slab:              60616 kB
SReclaimable:      17788 kB
SUnreclaim:        42828 kB
KernelStack:       17192 kB
PageTables:        28884 kB
NFS_Unstable:          0 kB
Bounce:                0 kB
WritebackTmp:          0 kB
CommitLimit:     1242116 kB
Committed_AS:   57040736 kB
VmallocTotal:     409600 kB
VmallocUsed:       37800 kB
VmallocChunk:      81444 kB
Time pass: 278 sec

---2015-10-15 22:46:21
MemTotal:        1959952 kB
MemFree:          147208 kB
Buffers:            5872 kB
Cached:           777832 kB
SwapCached:         5868 kB
Active:           703640 kB
Inactive:         607408 kB
Active(anon):     317108 kB
Inactive(anon):   212540 kB
Active(file):     386532 kB
Inactive(file):   394868 kB
Unevictable:        1768 kB
Mlocked:               0 kB
HighTotal:       1372556 kB
HighFree:          74748 kB
LowTotal:         587396 kB
LowFree:           72460 kB
SwapTotal:        262140 kB
SwapFree:         172980 kB
Dirty:               856 kB
Writeback:             0 kB
AnonPages:        527872 kB
Mapped:           291376 kB
Shmem:               536 kB
Slab:              60600 kB
SReclaimable:      17788 kB
SUnreclaim:        42812 kB
KernelStack:       17184 kB
PageTables:        28872 kB
NFS_Unstable:          0 kB
Bounce:                0 kB
WritebackTmp:          0 kB
CommitLimit:     1242116 kB
Committed_AS:   57040900 kB
VmallocTotal:     409600 kB
VmallocUsed:       37800 kB
VmallocChunk:      81444 kB
Time pass: 282 sec

---2015-10-15 22:46:21
MemTotal:        1959952 kB
MemFree:          146744 kB
Buffers:            5872 kB
Cached:           777832 kB
SwapCached:         5868 kB
Active:           703884 kB
Inactive:         607408 kB
Active(anon):     317352 kB
Inactive(anon):   212540 kB
Active(file):     386532 kB
Inactive(file):   394868 kB
Unevictable:        1768 kB
Mlocked:               0 kB
HighTotal:       1372556 kB
HighFree:          74584 kB
LowTotal:         587396 kB
LowFree:           72160 kB
SwapTotal:        262140 kB
SwapFree:         172980 kB
Dirty:               856 kB
Writeback:             0 kB
AnonPages:        528120 kB
Mapped:           291376 kB
Shmem:               536 kB
Slab:              60728 kB
SReclaimable:      17788 kB
SUnreclaim:        42940 kB
KernelStack:       17184 kB
PageTables:        28872 kB
NFS_Unstable:          0 kB
Bounce:                0 kB
WritebackTmp:          0 kB
CommitLimit:     1242116 kB
Committed_AS:   57040988 kB
VmallocTotal:     409600 kB
VmallocUsed:       37800 kB
VmallocChunk:      81444 kB
Time pass: 285 sec

---2015-10-15 22:46:21
MemTotal:        1959952 kB
MemFree:          146704 kB
Buffers:            5872 kB
Cached:           777832 kB
SwapCached:         5868 kB
Active:           704120 kB
Inactive:         607404 kB
Active(anon):     317588 kB
Inactive(anon):   212536 kB
Active(file):     386532 kB
Inactive(file):   394868 kB
Unevictable:        1768 kB
Mlocked:               0 kB
HighTotal:       1372556 kB
HighFree:          74396 kB
LowTotal:         587396 kB
LowFree:           72308 kB
SwapTotal:        262140 kB
SwapFree:         172980 kB
Dirty:               908 kB
Writeback:             0 kB
AnonPages:        528268 kB
Mapped:           291388 kB
Shmem:               536 kB
Slab:              60736 kB
SReclaimable:      17788 kB
SUnreclaim:        42948 kB
KernelStack:       17192 kB
PageTables:        28880 kB
NFS_Unstable:          0 kB
Bounce:                0 kB
WritebackTmp:          0 kB
CommitLimit:     1242116 kB
Committed_AS:   57041136 kB
VmallocTotal:     409600 kB
VmallocUsed:       37800 kB
VmallocChunk:      81444 kB
Time pass: 289 sec

---2015-10-15 22:46:21
MemTotal:        1959952 kB
MemFree:          146588 kB
Buffers:            5872 kB
Cached:           777832 kB
SwapCached:         5868 kB
Active:           704328 kB
Inactive:         607404 kB
Active(anon):     317796 kB
Inactive(anon):   212536 kB
Active(file):     386532 kB
Inactive(file):   394868 kB
Unevictable:        1768 kB
Mlocked:               0 kB
HighTotal:       1372556 kB
HighFree:          74304 kB
LowTotal:         587396 kB
LowFree:           72284 kB
SwapTotal:        262140 kB
SwapFree:         172980 kB
Dirty:               856 kB
Writeback:             0 kB
AnonPages:        528600 kB
Mapped:           291376 kB
Shmem:               536 kB
Slab:              60720 kB
SReclaimable:      17780 kB
SUnreclaim:        42940 kB
KernelStack:       17176 kB
PageTables:        28872 kB
NFS_Unstable:          0 kB
Bounce:                0 kB
WritebackTmp:          0 kB
CommitLimit:     1242116 kB
Committed_AS:   57041148 kB
VmallocTotal:     409600 kB
VmallocUsed:       37800 kB
VmallocChunk:      81444 kB
Time pass: 292 sec

---2015-10-15 22:46:21
MemTotal:        1959952 kB
MemFree:          147024 kB
Buffers:            5872 kB
Cached:           777832 kB
SwapCached:         5868 kB
Active:           704468 kB
Inactive:         607404 kB
Active(anon):     317936 kB
Inactive(anon):   212536 kB
Active(file):     386532 kB
Inactive(file):   394868 kB
Unevictable:        1768 kB
Mlocked:               0 kB
HighTotal:       1372556 kB
HighFree:          74620 kB
LowTotal:         587396 kB
LowFree:           72404 kB
SwapTotal:        262140 kB
SwapFree:         172980 kB
Dirty:               856 kB
Writeback:             0 kB
AnonPages:        528596 kB
Mapped:           291376 kB
Shmem:               536 kB
Slab:              60688 kB
SReclaimable:      17780 kB
SUnreclaim:        42908 kB
KernelStack:       17152 kB
PageTables:        28872 kB
NFS_Unstable:          0 kB
Bounce:                0 kB
WritebackTmp:          0 kB
CommitLimit:     1242116 kB
Committed_AS:   57041204 kB
VmallocTotal:     409600 kB
VmallocUsed:       37800 kB
VmallocChunk:      81444 kB
Time pass: 296 sec

---2015-10-15 22:46:21
MemTotal:        1959952 kB
MemFree:          146752 kB
Buffers:            5872 kB
Cached:           777832 kB
SwapCached:         5868 kB
Active:           704524 kB
Inactive:         607404 kB
Active(anon):     317992 kB
Inactive(anon):   212536 kB
Active(file):     386532 kB
Inactive(file):   394868 kB
Unevictable:        1768 kB
Mlocked:               0 kB
HighTotal:       1372556 kB
HighFree:          74348 kB
LowTotal:         587396 kB
LowFree:           72404 kB
SwapTotal:        262140 kB
SwapFree:         172980 kB
Dirty:               860 kB
Writeback:             0 kB
AnonPages:        528720 kB
Mapped:           291376 kB
Shmem:               536 kB
Slab:              60688 kB
SReclaimable:      17780 kB
SUnreclaim:        42908 kB
KernelStack:       17152 kB
PageTables:        28852 kB
NFS_Unstable:          0 kB
Bounce:                0 kB
WritebackTmp:          0 kB
CommitLimit:     1242116 kB
Committed_AS:   57041376 kB
VmallocTotal:     409600 kB
VmallocUsed:       37800 kB
VmallocChunk:      81444 kB
Time pass: 300 sec

---2015-10-15 22:46:21
MemTotal:        1959952 kB
MemFree:          146464 kB
Buffers:            5872 kB
Cached:           777832 kB
SwapCached:         5868 kB
Active:           704824 kB
Inactive:         607404 kB
Active(anon):     318292 kB
Inactive(anon):   212536 kB
Active(file):     386532 kB
Inactive(file):   394868 kB
Unevictable:        1768 kB
Mlocked:               0 kB
HighTotal:       1372556 kB
HighFree:          74060 kB
LowTotal:         587396 kB
LowFree:           72404 kB
SwapTotal:        262140 kB
SwapFree:         172980 kB
Dirty:               868 kB
Writeback:             0 kB
AnonPages:        529044 kB
Mapped:           291376 kB
Shmem:               536 kB
Slab:              60688 kB
SReclaimable:      17780 kB
SUnreclaim:        42908 kB
KernelStack:       17152 kB
PageTables:        28876 kB
NFS_Unstable:          0 kB
Bounce:                0 kB
WritebackTmp:          0 kB
CommitLimit:     1242116 kB
Committed_AS:   57041464 kB
VmallocTotal:     409600 kB
VmallocUsed:       37800 kB
VmallocChunk:      81444 kB
Time pass: 303 sec

---2015-10-15 22:46:21
MemTotal:        1959952 kB
MemFree:          146516 kB
Buffers:            5872 kB
Cached:           777832 kB
SwapCached:         5868 kB
Active:           704964 kB
Inactive:         607404 kB
Active(anon):     318432 kB
Inactive(anon):   212536 kB
Active(file):     386532 kB
Inactive(file):   394868 kB
Unevictable:        1768 kB
Mlocked:               0 kB
HighTotal:       1372556 kB
HighFree:          74100 kB
LowTotal:         587396 kB
LowFree:           72416 kB
SwapTotal:        262140 kB
SwapFree:         172980 kB
Dirty:               868 kB
Writeback:             0 kB
AnonPages:        529012 kB
Mapped:           291376 kB
Shmem:               536 kB
Slab:              60528 kB
SReclaimable:      17780 kB
SUnreclaim:        42748 kB
KernelStack:       17152 kB
PageTables:        28876 kB
NFS_Unstable:          0 kB
Bounce:                0 kB
WritebackTmp:          0 kB
CommitLimit:     1242116 kB
Committed_AS:   57041552 kB
VmallocTotal:     409600 kB
VmallocUsed:       37800 kB
VmallocChunk:      81444 kB
Time pass: 307 sec

---2015-10-15 22:46:21
MemTotal:        1959952 kB
MemFree:          145952 kB
Buffers:            5872 kB
Cached:           777832 kB
SwapCached:         5868 kB
Active:           705140 kB
Inactive:         607404 kB
Active(anon):     318608 kB
Inactive(anon):   212536 kB
Active(file):     386532 kB
Inactive(file):   394868 kB
Unevictable:        1768 kB
Mlocked:               0 kB
HighTotal:       1372556 kB
HighFree:          73624 kB
LowTotal:         587396 kB
LowFree:           72328 kB
SwapTotal:        262140 kB
SwapFree:         172980 kB
Dirty:               868 kB
Writeback:             0 kB
AnonPages:        529120 kB
Mapped:           291376 kB
Shmem:               536 kB
Slab:              60648 kB
SReclaimable:      17780 kB
SUnreclaim:        42868 kB
KernelStack:       17152 kB
PageTables:        28876 kB
NFS_Unstable:          0 kB
Bounce:                0 kB
WritebackTmp:          0 kB
CommitLimit:     1242116 kB
Committed_AS:   57041596 kB
VmallocTotal:     409600 kB
VmallocUsed:       37800 kB
VmallocChunk:      81444 kB
Time pass: 310 sec

---2015-10-15 22:46:21
MemTotal:        1959952 kB
MemFree:          146004 kB
Buffers:            5872 kB
Cached:           777832 kB
SwapCached:         5868 kB
Active:           705080 kB
Inactive:         607404 kB
Active(anon):     318548 kB
Inactive(anon):   212536 kB
Active(file):     386532 kB
Inactive(file):   394868 kB
Unevictable:        1768 kB
Mlocked:               0 kB
HighTotal:       1372556 kB
HighFree:          73644 kB
LowTotal:         587396 kB
LowFree:           72360 kB
SwapTotal:        262140 kB
SwapFree:         172980 kB
Dirty:               868 kB
Writeback:             0 kB
AnonPages:        529244 kB
Mapped:           291252 kB
Shmem:               536 kB
Slab:              60648 kB
SReclaimable:      17780 kB
SUnreclaim:        42868 kB
KernelStack:       17152 kB
PageTables:        28860 kB
NFS_Unstable:          0 kB
Bounce:                0 kB
WritebackTmp:          0 kB
CommitLimit:     1242116 kB
Committed_AS:   57041580 kB
VmallocTotal:     409600 kB
VmallocUsed:       37800 kB
VmallocChunk:      81444 kB
Time pass: 314 sec

---2015-10-15 22:46:21
MemTotal:        1959952 kB
MemFree:          145936 kB
Buffers:            5872 kB
Cached:           777832 kB
SwapCached:         5868 kB
Active:           705452 kB
Inactive:         607404 kB
Active(anon):     318920 kB
Inactive(anon):   212536 kB
Active(file):     386532 kB
Inactive(file):   394868 kB
Unevictable:        1768 kB
Mlocked:               0 kB
HighTotal:       1372556 kB
HighFree:          73460 kB
LowTotal:         587396 kB
LowFree:           72476 kB
SwapTotal:        262140 kB
SwapFree:         172980 kB
Dirty:               868 kB
Writeback:             0 kB
AnonPages:        529468 kB
Mapped:           291376 kB
Shmem:               536 kB
Slab:              60648 kB
SReclaimable:      17772 kB
SUnreclaim:        42876 kB
KernelStack:       17160 kB
PageTables:        28876 kB
NFS_Unstable:          0 kB
Bounce:                0 kB
WritebackTmp:          0 kB
CommitLimit:     1242116 kB
Committed_AS:   57041780 kB
VmallocTotal:     409600 kB
VmallocUsed:       37800 kB
VmallocChunk:      81444 kB
Time pass: 317 sec

---2015-10-15 22:46:21
MemTotal:        1959952 kB
MemFree:          145708 kB
Buffers:            5872 kB
Cached:           777832 kB
SwapCached:         5868 kB
Active:           705704 kB
Inactive:         607404 kB
Active(anon):     319172 kB
Inactive(anon):   212536 kB
Active(file):     386532 kB
Inactive(file):   394868 kB
Unevictable:        1768 kB
Mlocked:               0 kB
HighTotal:       1372556 kB
HighFree:          73320 kB
LowTotal:         587396 kB
LowFree:           72388 kB
SwapTotal:        262140 kB
SwapFree:         172980 kB
Dirty:               868 kB
Writeback:             0 kB
AnonPages:        529792 kB
Mapped:           291376 kB
Shmem:               536 kB
Slab:              60660 kB
SReclaimable:      17772 kB
SUnreclaim:        42888 kB
KernelStack:       17160 kB
PageTables:        28904 kB
NFS_Unstable:          0 kB
Bounce:                0 kB
WritebackTmp:          0 kB
CommitLimit:     1242116 kB
Committed_AS:   57041852 kB
VmallocTotal:     409600 kB
VmallocUsed:       37800 kB
VmallocChunk:      81444 kB
Time pass: 321 sec

---2015-10-15 22:46:21
MemTotal:        1959952 kB
MemFree:          145296 kB
Buffers:            5872 kB
Cached:           777832 kB
SwapCached:         5868 kB
Active:           705880 kB
Inactive:         607404 kB
Active(anon):     319348 kB
Inactive(anon):   212536 kB
Active(file):     386532 kB
Inactive(file):   394868 kB
Unevictable:        1768 kB
Mlocked:               0 kB
HighTotal:       1372556 kB
HighFree:          72912 kB
LowTotal:         587396 kB
LowFree:           72384 kB
SwapTotal:        262140 kB
SwapFree:         172980 kB
Dirty:               868 kB
Writeback:             0 kB
AnonPages:        530184 kB
Mapped:           291376 kB
Shmem:               536 kB
Slab:              60640 kB
SReclaimable:      17772 kB
SUnreclaim:        42868 kB
KernelStack:       17120 kB
PageTables:        28876 kB
NFS_Unstable:          0 kB
Bounce:                0 kB
WritebackTmp:          0 kB
CommitLimit:     1242116 kB
Committed_AS:   57041988 kB
VmallocTotal:     409600 kB
VmallocUsed:       37800 kB
VmallocChunk:      81444 kB
Time pass: 325 sec

---2015-10-15 22:46:21
MemTotal:        1959952 kB
MemFree:          145472 kB
Buffers:            5872 kB
Cached:           777832 kB
SwapCached:         5868 kB
Active:           706012 kB
Inactive:         607404 kB
Active(anon):     319480 kB
Inactive(anon):   212536 kB
Active(file):     386532 kB
Inactive(file):   394868 kB
Unevictable:        1768 kB
Mlocked:               0 kB
HighTotal:       1372556 kB
HighFree:          72956 kB
LowTotal:         587396 kB
LowFree:           72516 kB
SwapTotal:        262140 kB
SwapFree:         172980 kB
Dirty:               868 kB
Writeback:             0 kB
AnonPages:        530132 kB
Mapped:           291376 kB
Shmem:               536 kB
Slab:              60640 kB
SReclaimable:      17772 kB
SUnreclaim:        42868 kB
KernelStack:       17112 kB
PageTables:        28876 kB
NFS_Unstable:          0 kB
Bounce:                0 kB
WritebackTmp:          0 kB
CommitLimit:     1242116 kB
Committed_AS:   57042088 kB
VmallocTotal:     409600 kB
VmallocUsed:       37800 kB
VmallocChunk:      81444 kB
Time pass: 328 sec

---2015-10-15 22:46:21
MemTotal:        1959952 kB
MemFree:          144980 kB
Buffers:            5872 kB
Cached:           777832 kB
SwapCached:         5868 kB
Active:           706156 kB
Inactive:         607404 kB
Active(anon):     319624 kB
Inactive(anon):   212536 kB
Active(file):     386532 kB
Inactive(file):   394868 kB
Unevictable:        1768 kB
Mlocked:               0 kB
HighTotal:       1372556 kB
HighFree:          72668 kB
LowTotal:         587396 kB
LowFree:           72312 kB
SwapTotal:        262140 kB
SwapFree:         172980 kB
Dirty:               868 kB
Writeback:             0 kB
AnonPages:        530480 kB
Mapped:           291376 kB
Shmem:               536 kB
Slab:              60684 kB
SReclaimable:      17772 kB
SUnreclaim:        42912 kB
KernelStack:       17120 kB
PageTables:        28876 kB
NFS_Unstable:          0 kB
Bounce:                0 kB
WritebackTmp:          0 kB
CommitLimit:     1242116 kB
Committed_AS:   57042176 kB
VmallocTotal:     409600 kB
VmallocUsed:       37800 kB
VmallocChunk:      81444 kB
Time pass: 332 sec

---2015-10-15 22:46:21
MemTotal:        1959952 kB
MemFree:          144656 kB
Buffers:            5872 kB
Cached:           777832 kB
SwapCached:         5868 kB
Active:           706528 kB
Inactive:         607404 kB
Active(anon):     319996 kB
Inactive(anon):   212536 kB
Active(file):     386532 kB
Inactive(file):   394868 kB
Unevictable:        1768 kB
Mlocked:               0 kB
HighTotal:       1372556 kB
HighFree:          72336 kB
LowTotal:         587396 kB
LowFree:           72320 kB
SwapTotal:        262140 kB
SwapFree:         172980 kB
Dirty:               868 kB
Writeback:             0 kB
AnonPages:        530568 kB
Mapped:           291500 kB
Shmem:               536 kB
Slab:              60672 kB
SReclaimable:      17772 kB
