---2015-12-18 17:09:26
MemTotal:        1386568 kB
MemFree:           49496 kB
Buffers:           13112 kB
Cached:           610476 kB
SwapCached:         4144 kB
Active:           554212 kB
Inactive:         568016 kB
Active(anon):     247584 kB
Inactive(anon):   254572 kB
Active(file):     306628 kB
Inactive(file):   313444 kB
Unevictable:        3132 kB
Mlocked:               0 kB
HighTotal:        849920 kB
HighFree:          13904 kB
LowTotal:         536648 kB
LowFree:           35592 kB
SwapTotal:        786428 kB
SwapFree:         734504 kB
Dirty:                 0 kB
Writeback:             0 kB
AnonPages:        500180 kB
Mapped:           315204 kB
Shmem:               384 kB
Slab:              52476 kB
SReclaimable:      17208 kB
SUnreclaim:        35268 kB
KernelStack:       13144 kB
PageTables:        43436 kB
NFS_Unstable:          0 kB
Bounce:                0 kB
WritebackTmp:          0 kB
CommitLimit:     1479712 kB
Committed_AS:   100684356 kB
VmallocTotal:     319488 kB
VmallocUsed:       19016 kB
VmallocChunk:     188428 kB
Time pass: 3 sec

---2015-12-18 17:09:26
MemTotal:        1386568 kB
MemFree:           48912 kB
Buffers:           13112 kB
Cached:           610504 kB
SwapCached:         4144 kB
Active:           554336 kB
Inactive:         568016 kB
Active(anon):     247680 kB
Inactive(anon):   254572 kB
Active(file):     306656 kB
Inactive(file):   313444 kB
Unevictable:        3132 kB
Mlocked:               0 kB
HighTotal:        849920 kB
HighFree:          13348 kB
LowTotal:         536648 kB
LowFree:           35564 kB
SwapTotal:        786428 kB
SwapFree:         734504 kB
Dirty:                 0 kB
Writeback:             0 kB
AnonPages:        500184 kB
Mapped:           315220 kB
Shmem:               384 kB
Slab:              52376 kB
SReclaimable:      17208 kB
SUnreclaim:        35168 kB
KernelStack:       13144 kB
PageTables:        43432 kB
NFS_Unstable:          0 kB
Bounce:                0 kB
WritebackTmp:          0 kB
CommitLimit:     1479712 kB
Committed_AS:   100684436 kB
VmallocTotal:     319488 kB
VmallocUsed:       19084 kB
VmallocChunk:     188428 kB
Time pass: 7 sec

---2015-12-18 17:09:26
MemTotal:        1386568 kB
MemFree:           49548 kB
Buffers:           13112 kB
Cached:           610504 kB
SwapCached:         4144 kB
Active:           554388 kB
Inactive:         568016 kB
Active(anon):     247732 kB
Inactive(anon):   254572 kB
Active(file):     306656 kB
Inactive(file):   313444 kB
Unevictable:        3132 kB
Mlocked:               0 kB
HighTotal:        849920 kB
HighFree:          13724 kB
LowTotal:         536648 kB
LowFree:           35824 kB
SwapTotal:        786428 kB
SwapFree:         734504 kB
Dirty:                 0 kB
Writeback:             0 kB
AnonPages:        500320 kB
Mapped:           315224 kB
Shmem:               384 kB
Slab:              52140 kB
SReclaimable:      17208 kB
SUnreclaim:        34932 kB
KernelStack:       13144 kB
PageTables:        43436 kB
NFS_Unstable:          0 kB
Bounce:                0 kB
WritebackTmp:          0 kB
CommitLimit:     1479712 kB
Committed_AS:   100684516 kB
VmallocTotal:     319488 kB
VmallocUsed:       19016 kB
VmallocChunk:     188428 kB
Time pass: 11 sec

---2015-12-18 17:09:26
MemTotal:        1386568 kB
MemFree:           49372 kB
Buffers:           13112 kB
Cached:           610504 kB
SwapCached:         4144 kB
Active:           554456 kB
Inactive:         567952 kB
Active(anon):     247800 kB
Inactive(anon):   254508 kB
Active(file):     306656 kB
Inactive(file):   313444 kB
Unevictable:        3132 kB
Mlocked:               0 kB
HighTotal:        849920 kB
HighFree:          13520 kB
LowTotal:         536648 kB
LowFree:           35852 kB
SwapTotal:        786428 kB
SwapFree:         734508 kB
Dirty:                 0 kB
Writeback:             0 kB
AnonPages:        500428 kB
Mapped:           315220 kB
Shmem:               384 kB
Slab:              52004 kB
SReclaimable:      17208 kB
SUnreclaim:        34796 kB
KernelStack:       13144 kB
PageTables:        43436 kB
NFS_Unstable:          0 kB
Bounce:                0 kB
WritebackTmp:          0 kB
CommitLimit:     1479712 kB
Committed_AS:   100684756 kB
VmallocTotal:     319488 kB
VmallocUsed:       19084 kB
VmallocChunk:     188428 kB
Time pass: 14 sec

---2015-12-18 17:09:26
MemTotal:        1386568 kB
MemFree:           32048 kB
Buffers:           13036 kB
Cached:           613292 kB
SwapCached:         4236 kB
Active:           557784 kB
Inactive:         573392 kB
Active(anon):     252044 kB
Inactive(anon):   256852 kB
Active(file):     305740 kB
Inactive(file):   316540 kB
Unevictable:        3132 kB
Mlocked:               0 kB
HighTotal:        849920 kB
HighFree:           9948 kB
LowTotal:         536648 kB
LowFree:           22100 kB
SwapTotal:        786428 kB
SwapFree:         733860 kB
Dirty:               652 kB
Writeback:             0 kB
AnonPages:        507088 kB
Mapped:           328820 kB
Shmem:               384 kB
Slab:              52768 kB
SReclaimable:      17244 kB
SUnreclaim:        35524 kB
KernelStack:       13416 kB
PageTables:        43968 kB
NFS_Unstable:          0 kB
Bounce:                0 kB
WritebackTmp:          0 kB
CommitLimit:     1479712 kB
Committed_AS:   101971136 kB
VmallocTotal:     319488 kB
VmallocUsed:       19220 kB
VmallocChunk:     188428 kB
Time pass: 18 sec

---2015-12-18 17:09:26
MemTotal:        1386568 kB
MemFree:           55792 kB
Buffers:           13116 kB
Cached:           593520 kB
SwapCached:         4312 kB
Active:           544252 kB
Inactive:         560628 kB
Active(anon):     242788 kB
Inactive(anon):   259104 kB
Active(file):     301464 kB
Inactive(file):   301524 kB
Unevictable:        3132 kB
Mlocked:               0 kB
HighTotal:        849920 kB
HighFree:          26028 kB
LowTotal:         536648 kB
LowFree:           29764 kB
SwapTotal:        786428 kB
SwapFree:         731208 kB
Dirty:              1036 kB
Writeback:             0 kB
AnonPages:        499576 kB
Mapped:           330904 kB
Shmem:               516 kB
Slab:              52784 kB
SReclaimable:      17292 kB
SUnreclaim:        35492 kB
KernelStack:       13088 kB
PageTables:        39080 kB
NFS_Unstable:          0 kB
Bounce:                0 kB
WritebackTmp:          0 kB
CommitLimit:     1479712 kB
Committed_AS:   88329368 kB
VmallocTotal:     319488 kB
VmallocUsed:       19388 kB
VmallocChunk:     188428 kB
Time pass: 22 sec

---2015-12-18 17:09:26
MemTotal:        1386568 kB
MemFree:           42644 kB
Buffers:           13124 kB
Cached:           595224 kB
SwapCached:         4312 kB
Active:           546680 kB
Inactive:         547596 kB
Active(anon):     244928 kB
Inactive(anon):   244644 kB
Active(file):     301752 kB
Inactive(file):   302952 kB
Unevictable:        3132 kB
Mlocked:               0 kB
HighTotal:        849920 kB
HighFree:          17680 kB
LowTotal:         536648 kB
LowFree:           24964 kB
SwapTotal:        786428 kB
SwapFree:         731412 kB
Dirty:               284 kB
Writeback:             0 kB
AnonPages:        487384 kB
Mapped:           350228 kB
Shmem:               516 kB
Slab:              52900 kB
SReclaimable:      17308 kB
SUnreclaim:        35592 kB
KernelStack:       12784 kB
PageTables:        38992 kB
NFS_Unstable:          0 kB
Bounce:                0 kB
WritebackTmp:          0 kB
CommitLimit:     1479712 kB
Committed_AS:   88329880 kB
VmallocTotal:     319488 kB
VmallocUsed:       19420 kB
VmallocChunk:     188428 kB
Time pass: 26 sec

---2015-12-18 17:09:26
MemTotal:        1386568 kB
MemFree:           35384 kB
Buffers:           13132 kB
Cached:           595420 kB
SwapCached:         4316 kB
Active:           548576 kB
Inactive:         547788 kB
Active(anon):     246816 kB
Inactive(anon):   244644 kB
Active(file):     301760 kB
Inactive(file):   303144 kB
Unevictable:        3132 kB
Mlocked:               0 kB
HighTotal:        849920 kB
HighFree:          11252 kB
LowTotal:         536648 kB
LowFree:           24132 kB
SwapTotal:        786428 kB
SwapFree:         731412 kB
Dirty:               224 kB
Writeback:             0 kB
AnonPages:        489228 kB
Mapped:           356516 kB
Shmem:               516 kB
Slab:              52644 kB
SReclaimable:      17308 kB
SUnreclaim:        35336 kB
KernelStack:       12784 kB
PageTables:        39048 kB
NFS_Unstable:          0 kB
Bounce:                0 kB
WritebackTmp:          0 kB
CommitLimit:     1479712 kB
Committed_AS:   88328968 kB
VmallocTotal:     319488 kB
VmallocUsed:       19376 kB
VmallocChunk:     188428 kB
Time pass: 29 sec

---2015-12-18 17:09:26
MemTotal:        1386568 kB
MemFree:           34592 kB
Buffers:           13140 kB
Cached:           596020 kB
SwapCached:         4316 kB
Active:           549144 kB
Inactive:         548340 kB
Active(anon):     247380 kB
Inactive(anon):   244648 kB
Active(file):     301764 kB
Inactive(file):   303692 kB
Unevictable:        3132 kB
Mlocked:               0 kB
HighTotal:        849920 kB
HighFree:          11584 kB
LowTotal:         536648 kB
LowFree:           23008 kB
SwapTotal:        786428 kB
SwapFree:         731412 kB
Dirty:               268 kB
Writeback:             0 kB
AnonPages:        489788 kB
Mapped:           360560 kB
Shmem:               516 kB
Slab:              52804 kB
SReclaimable:      17308 kB
SUnreclaim:        35496 kB
KernelStack:       12784 kB
PageTables:        39044 kB
NFS_Unstable:          0 kB
Bounce:                0 kB
WritebackTmp:          0 kB
CommitLimit:     1479712 kB
Committed_AS:   88329088 kB
VmallocTotal:     319488 kB
VmallocUsed:       19376 kB
VmallocChunk:     188428 kB
Time pass: 34 sec

---2015-12-18 17:09:26
MemTotal:        1386568 kB
MemFree:           40676 kB
Buffers:           12876 kB
Cached:           584148 kB
SwapCached:         5720 kB
Active:           543180 kB
Inactive:         537128 kB
Active(anon):     246636 kB
Inactive(anon):   240328 kB
Active(file):     296544 kB
Inactive(file):   296800 kB
Unevictable:        3132 kB
Mlocked:               0 kB
HighTotal:        849920 kB
HighFree:          12852 kB
LowTotal:         536648 kB
LowFree:           27824 kB
SwapTotal:        786428 kB
SwapFree:         735428 kB
Dirty:               408 kB
Writeback:             0 kB
AnonPages:        484568 kB
Mapped:           359124 kB
Shmem:               516 kB
Slab:              52388 kB
SReclaimable:      17308 kB
SUnreclaim:        35080 kB
KernelStack:       12920 kB
PageTables:        39100 kB
NFS_Unstable:          0 kB
Bounce:                0 kB
WritebackTmp:          0 kB
CommitLimit:     1479712 kB
Committed_AS:   88302480 kB
VmallocTotal:     319488 kB
VmallocUsed:       19556 kB
VmallocChunk:     188428 kB
Time pass: 37 sec

---2015-12-18 17:09:26
MemTotal:        1386568 kB
MemFree:           44024 kB
Buffers:           12884 kB
Cached:           584760 kB
SwapCached:         5720 kB
Active:           545452 kB
Inactive:         537568 kB
Active(anon):     248908 kB
Inactive(anon):   240196 kB
Active(file):     296544 kB
Inactive(file):   297372 kB
Unevictable:        3132 kB
Mlocked:               0 kB
HighTotal:        849920 kB
HighFree:           9936 kB
LowTotal:         536648 kB
LowFree:           34088 kB
SwapTotal:        786428 kB
SwapFree:         735444 kB
Dirty:               112 kB
Writeback:             0 kB
AnonPages:        486752 kB
Mapped:           358976 kB
Shmem:               516 kB
Slab:              52092 kB
SReclaimable:      17308 kB
SUnreclaim:        34784 kB
KernelStack:       12776 kB
PageTables:        39104 kB
NFS_Unstable:          0 kB
Bounce:                0 kB
WritebackTmp:          0 kB
CommitLimit:     1479712 kB
Committed_AS:   88303568 kB
VmallocTotal:     319488 kB
VmallocUsed:       19660 kB
VmallocChunk:     188428 kB
Time pass: 41 sec

---2015-12-18 17:09:26
MemTotal:        1386568 kB
MemFree:           40720 kB
Buffers:           12888 kB
Cached:           585312 kB
SwapCached:         5720 kB
Active:           550536 kB
Inactive:         537972 kB
Active(anon):     253932 kB
Inactive(anon):   240040 kB
Active(file):     296604 kB
Inactive(file):   297932 kB
Unevictable:        3132 kB
Mlocked:               0 kB
HighTotal:        849920 kB
HighFree:           8728 kB
LowTotal:         536648 kB
LowFree:           31992 kB
SwapTotal:        786428 kB
SwapFree:         735448 kB
Dirty:               120 kB
Writeback:             0 kB
AnonPages:        491896 kB
Mapped:           361500 kB
Shmem:               516 kB
Slab:              52756 kB
SReclaimable:      17308 kB
SUnreclaim:        35448 kB
KernelStack:       12888 kB
PageTables:        39092 kB
NFS_Unstable:          0 kB
Bounce:                0 kB
WritebackTmp:          0 kB
CommitLimit:     1479712 kB
Committed_AS:   88311612 kB
VmallocTotal:     319488 kB
VmallocUsed:       19628 kB
VmallocChunk:     188428 kB
Time pass: 45 sec

---2015-12-18 17:09:26
MemTotal:        1386568 kB
MemFree:           30636 kB
Buffers:           12888 kB
Cached:           578856 kB
SwapCached:         5716 kB
Active:           545372 kB
Inactive:         543944 kB
Active(anon):     251344 kB
Inactive(anon):   249880 kB
Active(file):     294028 kB
Inactive(file):   294064 kB
Unevictable:        3132 kB
Mlocked:               0 kB
HighTotal:        849920 kB
HighFree:          11028 kB
LowTotal:         536648 kB
LowFree:           19608 kB
SwapTotal:        786428 kB
SwapFree:         734632 kB
Dirty:               520 kB
Writeback:             0 kB
AnonPages:        499008 kB
Mapped:           359908 kB
Shmem:               516 kB
Slab:              52944 kB
SReclaimable:      17324 kB
SUnreclaim:        35620 kB
KernelStack:       12880 kB
PageTables:        39116 kB
NFS_Unstable:          0 kB
Bounce:                0 kB
WritebackTmp:          0 kB
CommitLimit:     1479712 kB
Committed_AS:   88312796 kB
VmallocTotal:     319488 kB
VmallocUsed:       19500 kB
VmallocChunk:     188428 kB
Time pass: 49 sec

---2015-12-18 17:09:26
MemTotal:        1386568 kB
MemFree:           30424 kB
Buffers:           12944 kB
Cached:           578980 kB
SwapCached:         5716 kB
Active:           545604 kB
Inactive:         544064 kB
Active(anon):     251572 kB
Inactive(anon):   249820 kB
Active(file):     294032 kB
Inactive(file):   294244 kB
Unevictable:        3132 kB
Mlocked:               0 kB
HighTotal:        849920 kB
HighFree:          10952 kB
LowTotal:         536648 kB
LowFree:           19472 kB
SwapTotal:        786428 kB
SwapFree:         734632 kB
Dirty:               588 kB
Writeback:             0 kB
AnonPages:        499156 kB
Mapped:           360864 kB
Shmem:               516 kB
Slab:              52772 kB
SReclaimable:      17324 kB
SUnreclaim:        35448 kB
KernelStack:       12808 kB
PageTables:        39136 kB
NFS_Unstable:          0 kB
Bounce:                0 kB
WritebackTmp:          0 kB
CommitLimit:     1479712 kB
Committed_AS:   88312884 kB
VmallocTotal:     319488 kB
VmallocUsed:       19432 kB
VmallocChunk:     188428 kB
Time pass: 53 sec

---2015-12-18 17:09:26
MemTotal:        1386568 kB
MemFree:           43916 kB
Buffers:           12944 kB
Cached:           580232 kB
SwapCached:         5716 kB
Active:           528648 kB
Inactive:         545196 kB
Active(anon):     234504 kB
Inactive(anon):   249812 kB
Active(file):     294144 kB
Inactive(file):   295384 kB
Unevictable:        3132 kB
Mlocked:               0 kB
HighTotal:        849920 kB
HighFree:          15840 kB
LowTotal:         536648 kB
LowFree:           28076 kB
SwapTotal:        786428 kB
SwapFree:         734636 kB
Dirty:               164 kB
Writeback:             0 kB
AnonPages:        482128 kB
Mapped:           351720 kB
Shmem:               516 kB
Slab:              52732 kB
SReclaimable:      17332 kB
SUnreclaim:        35400 kB
KernelStack:       12176 kB
PageTables:        36040 kB
NFS_Unstable:          0 kB
Bounce:                0 kB
WritebackTmp:          0 kB
CommitLimit:     1479712 kB
Committed_AS:   80858228 kB
VmallocTotal:     319488 kB
VmallocUsed:       19568 kB
VmallocChunk:     188428 kB
Time pass: 57 sec

---2015-12-18 17:09:26
MemTotal:        1386568 kB
MemFree:           41972 kB
Buffers:           12952 kB
Cached:           580884 kB
SwapCached:         5716 kB
Active:           527212 kB
Inactive:         545848 kB
Active(anon):     233060 kB
Inactive(anon):   249812 kB
Active(file):     294152 kB
Inactive(file):   296036 kB
Unevictable:        3132 kB
Mlocked:               0 kB
HighTotal:        849920 kB
HighFree:          13224 kB
LowTotal:         536648 kB
LowFree:           28748 kB
SwapTotal:        786428 kB
SwapFree:         734636 kB
Dirty:               264 kB
Writeback:             0 kB
AnonPages:        480628 kB
Mapped:           356096 kB
Shmem:               516 kB
Slab:              52360 kB
SReclaimable:      17340 kB
SUnreclaim:        35020 kB
KernelStack:       12104 kB
PageTables:        36072 kB
NFS_Unstable:          0 kB
Bounce:                0 kB
WritebackTmp:          0 kB
CommitLimit:     1479712 kB
Committed_AS:   80858356 kB
VmallocTotal:     319488 kB
VmallocUsed:       19444 kB
VmallocChunk:     188428 kB
Time pass: 61 sec

---2015-12-18 17:09:26
MemTotal:        1386568 kB
MemFree:           40244 kB
Buffers:           12976 kB
Cached:           580988 kB
SwapCached:         5720 kB
Active:           527712 kB
Inactive:         545968 kB
Active(anon):     233548 kB
Inactive(anon):   249824 kB
Active(file):     294164 kB
Inactive(file):   296144 kB
Unevictable:        3132 kB
Mlocked:               0 kB
HighTotal:        849920 kB
HighFree:          12160 kB
LowTotal:         536648 kB
LowFree:           28084 kB
SwapTotal:        786428 kB
SwapFree:         734672 kB
Dirty:                80 kB
Writeback:             0 kB
AnonPages:        481148 kB
Mapped:           356140 kB
Shmem:               516 kB
Slab:              52872 kB
SReclaimable:      17340 kB
SUnreclaim:        35532 kB
KernelStack:       12144 kB
PageTables:        36072 kB
NFS_Unstable:          0 kB
Bounce:                0 kB
WritebackTmp:          0 kB
CommitLimit:     1479712 kB
Committed_AS:   80858604 kB
VmallocTotal:     319488 kB
VmallocUsed:       19512 kB
VmallocChunk:     188428 kB
Time pass: 64 sec

---2015-12-18 17:09:26
MemTotal:        1386568 kB
MemFree:           30160 kB
Buffers:           12724 kB
Cached:           574448 kB
SwapCached:         5784 kB
Active:           531756 kB
Inactive:         540004 kB
Active(anon):     240136 kB
Inactive(anon):   248100 kB
Active(file):     291620 kB
Inactive(file):   291904 kB
Unevictable:        3132 kB
Mlocked:               0 kB
HighTotal:        849920 kB
HighFree:          10312 kB
LowTotal:         536648 kB
LowFree:           19848 kB
SwapTotal:        786428 kB
SwapFree:         733460 kB
Dirty:               600 kB
Writeback:             0 kB
AnonPages:        486048 kB
Mapped:           364368 kB
Shmem:               516 kB
Slab:              52860 kB
SReclaimable:      17380 kB
SUnreclaim:        35480 kB
KernelStack:       12144 kB
PageTables:        36116 kB
NFS_Unstable:          0 kB
Bounce:                0 kB
WritebackTmp:          0 kB
CommitLimit:     1479712 kB
Committed_AS:   80867220 kB
VmallocTotal:     319488 kB
VmallocUsed:       19548 kB
VmallocChunk:     188428 kB
Time pass: 68 sec

---2015-12-18 17:09:26
MemTotal:        1386568 kB
MemFree:           28796 kB
Buffers:           12732 kB
Cached:           573412 kB
SwapCached:         5872 kB
Active:           534276 kB
Inactive:         539268 kB
Active(anon):     243620 kB
Inactive(anon):   247428 kB
Active(file):     290656 kB
Inactive(file):   291840 kB
Unevictable:        3132 kB
Mlocked:               0 kB
HighTotal:        849920 kB
HighFree:          10748 kB
LowTotal:         536648 kB
LowFree:           18048 kB
SwapTotal:        786428 kB
SwapFree:         733052 kB
Dirty:                88 kB
Writeback:             0 kB
AnonPages:        488672 kB
Mapped:           365568 kB
Shmem:               516 kB
Slab:              52700 kB
SReclaimable:      17372 kB
SUnreclaim:        35328 kB
KernelStack:       12224 kB
PageTables:        36148 kB
NFS_Unstable:          0 kB
Bounce:                0 kB
WritebackTmp:          0 kB
CommitLimit:     1479712 kB
Committed_AS:   80875440 kB
VmallocTotal:     319488 kB
VmallocUsed:       19548 kB
VmallocChunk:     188428 kB
Time pass: 72 sec

---2015-12-18 17:09:26
MemTotal:        1386568 kB
MemFree:           28256 kB
Buffers:           12712 kB
Cached:           545124 kB
SwapCached:         6332 kB
Active:           528184 kB
Inactive:         527884 kB
Active(anon):     251244 kB
Inactive(anon):   251092 kB
Active(file):     276940 kB
Inactive(file):   276792 kB
Unevictable:        3132 kB
Mlocked:               0 kB
HighTotal:        849920 kB
HighFree:           9868 kB
LowTotal:         536648 kB
LowFree:           18388 kB
SwapTotal:        786428 kB
SwapFree:         731172 kB
Dirty:               332 kB
Writeback:             0 kB
AnonPages:        499768 kB
Mapped:           362092 kB
Shmem:               524 kB
Slab:              53068 kB
SReclaimable:      17388 kB
SUnreclaim:        35680 kB
KernelStack:       12400 kB
PageTables:        36252 kB
NFS_Unstable:          0 kB
Bounce:                0 kB
WritebackTmp:          0 kB
CommitLimit:     1479712 kB
Committed_AS:   80898608 kB
VmallocTotal:     319488 kB
VmallocUsed:       19684 kB
VmallocChunk:     188428 kB
Time pass: 76 sec

---2015-12-18 17:09:26
MemTotal:        1386568 kB
MemFree:          104348 kB
Buffers:           12764 kB
Cached:           545108 kB
SwapCached:         6328 kB
Active:           470508 kB
Inactive:         511920 kB
Active(anon):     192444 kB
Inactive(anon):   235916 kB
Active(file):     278064 kB
Inactive(file):   276004 kB
Unevictable:        3132 kB
Mlocked:               0 kB
HighTotal:        849920 kB
HighFree:          57312 kB
LowTotal:         536648 kB
LowFree:           47036 kB
SwapTotal:        786428 kB
SwapFree:         731196 kB
Dirty:                64 kB
Writeback:             0 kB
AnonPages:        425648 kB
Mapped:           309880 kB
Shmem:               672 kB
Slab:              52616 kB
SReclaimable:      17376 kB
SUnreclaim:        35240 kB
KernelStack:       10400 kB
PageTables:        27840 kB
NFS_Unstable:          0 kB
Bounce:                0 kB
WritebackTmp:          0 kB
CommitLimit:     1479712 kB
Committed_AS:   60993132 kB
VmallocTotal:     319488 kB
VmallocUsed:       17476 kB
VmallocChunk:     191500 kB
Time pass: 81 sec

---2015-12-18 17:09:26
MemTotal:        1386568 kB
MemFree:          103412 kB
Buffers:           12772 kB
Cached:           545180 kB
SwapCached:         6328 kB
Active:           472660 kB
Inactive:         511884 kB
Active(anon):     194576 kB
Inactive(anon):   235868 kB
Active(file):     278084 kB
Inactive(file):   276016 kB
Unevictable:        3132 kB
Mlocked:               0 kB
HighTotal:        849920 kB
HighFree:          55168 kB
LowTotal:         536648 kB
LowFree:           48244 kB
SwapTotal:        786428 kB
SwapFree:         731196 kB
Dirty:                84 kB
Writeback:             0 kB
AnonPages:        427572 kB
Mapped:           309976 kB
Shmem:               720 kB
Slab:              52128 kB
SReclaimable:      17376 kB
SUnreclaim:        34752 kB
KernelStack:       10400 kB
PageTables:        27932 kB
NFS_Unstable:          0 kB
Bounce:                0 kB
WritebackTmp:          0 kB
CommitLimit:     1479712 kB
Committed_AS:   60997452 kB
VmallocTotal:     319488 kB
VmallocUsed:       17476 kB
VmallocChunk:     191500 kB
Time pass: 85 sec

---2015-12-18 17:09:26
MemTotal:        1386568 kB
MemFree:          100536 kB
Buffers:           12788 kB
Cached:           545688 kB
SwapCached:         6332 kB
Active:           474036 kB
Inactive:         512416 kB
Active(anon):     195912 kB
Inactive(anon):   235932 kB
Active(file):     278124 kB
Inactive(file):   276484 kB
Unevictable:        3132 kB
Mlocked:               0 kB
HighTotal:        849920 kB
HighFree:          52540 kB
LowTotal:         536648 kB
LowFree:           47996 kB
SwapTotal:        786428 kB
SwapFree:         731244 kB
Dirty:                64 kB
Writeback:             0 kB
AnonPages:        428992 kB
Mapped:           310020 kB
Shmem:               740 kB
Slab:              52540 kB
SReclaimable:      17376 kB
SUnreclaim:        35164 kB
KernelStack:       10392 kB
PageTables:        27904 kB
NFS_Unstable:          0 kB
Bounce:                0 kB
WritebackTmp:          0 kB
CommitLimit:     1479712 kB
Committed_AS:   60993728 kB
VmallocTotal:     319488 kB
VmallocUsed:       17476 kB
VmallocChunk:     191500 kB
Time pass: 89 sec

---2015-12-18 17:09:26
MemTotal:        1386568 kB
MemFree:           75248 kB
Buffers:           12804 kB
Cached:           545876 kB
SwapCached:         6332 kB
Active:           473476 kB
Inactive:         512464 kB
Active(anon):     195268 kB
Inactive(anon):   235984 kB
Active(file):     278208 kB
Inactive(file):   276480 kB
Unevictable:        3132 kB
Mlocked:               0 kB
HighTotal:        849920 kB
HighFree:          26700 kB
LowTotal:         536648 kB
LowFree:           48548 kB
SwapTotal:        786428 kB
SwapFree:         731260 kB
Dirty:                60 kB
Writeback:             0 kB
AnonPages:        428360 kB
Mapped:           309688 kB
Shmem:               860 kB
Slab:              52484 kB
SReclaimable:      17372 kB
SUnreclaim:        35112 kB
KernelStack:       10360 kB
PageTables:        27896 kB
NFS_Unstable:          0 kB
Bounce:                0 kB
WritebackTmp:          0 kB
CommitLimit:     1479712 kB
Committed_AS:   60992660 kB
VmallocTotal:     319488 kB
VmallocUsed:       17476 kB
VmallocChunk:     191500 kB
Time pass: 92 sec

---2015-12-18 17:09:26
MemTotal:        1386568 kB
MemFree:           77088 kB
Buffers:           12812 kB
Cached:           545904 kB
SwapCached:         6336 kB
Active:           470720 kB
Inactive:         512388 kB
Active(anon):     192496 kB
Inactive(anon):   235908 kB
Active(file):     278224 kB
Inactive(file):   276480 kB
Unevictable:        3132 kB
Mlocked:               0 kB
HighTotal:        849920 kB
HighFree:          28688 kB
LowTotal:         536648 kB
LowFree:           48400 kB
SwapTotal:        786428 kB
SwapFree:         731260 kB
Dirty:                12 kB
Writeback:             0 kB
AnonPages:        425384 kB
Mapped:           309860 kB
Shmem:               880 kB
Slab:              52508 kB
SReclaimable:      17372 kB
SUnreclaim:        35136 kB
KernelStack:       10400 kB
PageTables:        28012 kB
NFS_Unstable:          0 kB
Bounce:                0 kB
WritebackTmp:          0 kB
CommitLimit:     1479712 kB
Committed_AS:   60997004 kB
VmallocTotal:     319488 kB
VmallocUsed:       17476 kB
VmallocChunk:     191500 kB
Time pass: 96 sec

---2015-12-18 17:09:26
MemTotal:        1386568 kB
MemFree:           76868 kB
Buffers:           12828 kB
Cached:           545972 kB
SwapCached:         6336 kB
Active:           470960 kB
Inactive:         512296 kB
Active(anon):     192724 kB
Inactive(anon):   235792 kB
Active(file):     278236 kB
Inactive(file):   276504 kB
Unevictable:        3132 kB
Mlocked:               0 kB
HighTotal:        849920 kB
HighFree:          28460 kB
LowTotal:         536648 kB
LowFree:           48408 kB
SwapTotal:        786428 kB
SwapFree:         731260 kB
Dirty:                 4 kB
Writeback:             0 kB
AnonPages:        425444 kB
Mapped:           309872 kB
Shmem:               888 kB
Slab:              52548 kB
SReclaimable:      17372 kB
SUnreclaim:        35176 kB
KernelStack:       10416 kB
PageTables:        28008 kB
NFS_Unstable:          0 kB
Bounce:                0 kB
WritebackTmp:          0 kB
CommitLimit:     1479712 kB
Committed_AS:   60997048 kB
VmallocTotal:     319488 kB
VmallocUsed:       17476 kB
VmallocChunk:     191500 kB
Time pass: 100 sec

---2015-12-18 17:09:26
MemTotal:        1386568 kB
MemFree:           77148 kB
Buffers:           12844 kB
Cached:           546032 kB
SwapCached:         6276 kB
Active:           470672 kB
Inactive:         512200 kB
Active(anon):     192420 kB
Inactive(anon):   235640 kB
Active(file):     278252 kB
Inactive(file):   276560 kB
Unevictable:        3132 kB
Mlocked:               0 kB
HighTotal:        849920 kB
HighFree:          28452 kB
LowTotal:         536648 kB
LowFree:           48696 kB
SwapTotal:        786428 kB
SwapFree:         731328 kB
Dirty:                64 kB
Writeback:             0 kB
AnonPages:        425100 kB
Mapped:           309924 kB
Shmem:               932 kB
Slab:              52484 kB
SReclaimable:      17372 kB
SUnreclaim:        35112 kB
KernelStack:       10368 kB
PageTables:        28016 kB
NFS_Unstable:          0 kB
Bounce:                0 kB
WritebackTmp:          0 kB
CommitLimit:     1479712 kB
Committed_AS:   60997156 kB
VmallocTotal:     319488 kB
VmallocUsed:       17476 kB
VmallocChunk:     191500 kB
Time pass: 104 sec

---2015-12-18 17:09:26
MemTotal:        1386568 kB
MemFree:           77392 kB
Buffers:           12852 kB
Cached:           546064 kB
SwapCached:         6292 kB
Active:           470608 kB
Inactive:         512224 kB
Active(anon):     192344 kB
Inactive(anon):   235664 kB
Active(file):     278264 kB
Inactive(file):   276560 kB
Unevictable:        3132 kB
Mlocked:               0 kB
HighTotal:        849920 kB
HighFree:          28472 kB
LowTotal:         536648 kB
LowFree:           48920 kB
SwapTotal:        786428 kB
SwapFree:         731328 kB
Dirty:                64 kB
Writeback:             0 kB
AnonPages:        425040 kB
Mapped:           309952 kB
Shmem:               960 kB
Slab:              52420 kB
SReclaimable:      17372 kB
SUnreclaim:        35048 kB
KernelStack:       10352 kB
PageTables:        28012 kB
NFS_Unstable:          0 kB
Bounce:                0 kB
WritebackTmp:          0 kB
CommitLimit:     1479712 kB
Committed_AS:   60997256 kB
VmallocTotal:     319488 kB
VmallocUsed:       17476 kB
VmallocChunk:     191500 kB
Time pass: 108 sec

---2015-12-18 17:09:26
MemTotal:        1386568 kB
MemFree:           78736 kB
Buffers:           12852 kB
Cached:           546092 kB
SwapCached:         6292 kB
Active:           468708 kB
Inactive:         512188 kB
Active(anon):     190428 kB
Inactive(anon):   235620 kB
Active(file):     278280 kB
Inactive(file):   276568 kB
Unevictable:        3132 kB
Mlocked:               0 kB
HighTotal:        849920 kB
HighFree:          29520 kB
LowTotal:         536648 kB
LowFree:           49216 kB
SwapTotal:        786428 kB
SwapFree:         731368 kB
Dirty:                16 kB
Writeback:             0 kB
AnonPages:        423032 kB
Mapped:           309812 kB
Shmem:               964 kB
Slab:              52548 kB
SReclaimable:      17372 kB
SUnreclaim:        35176 kB
KernelStack:       10352 kB
PageTables:        28004 kB
NFS_Unstable:          0 kB
Bounce:                0 kB
WritebackTmp:          0 kB
CommitLimit:     1479712 kB
Committed_AS:   60997324 kB
VmallocTotal:     319488 kB
VmallocUsed:       17476 kB
VmallocChunk:     191500 kB
Time pass: 112 sec

---2015-12-18 17:09:26
MemTotal:        1386568 kB
MemFree:           75712 kB
Buffers:           12872 kB
Cached:           547168 kB
SwapCached:         6292 kB
Active:           470840 kB
Inactive:         513224 kB
Active(anon):     192548 kB
Inactive(anon):   235608 kB
Active(file):     278292 kB
Inactive(file):   277616 kB
Unevictable:        3132 kB
Mlocked:               0 kB
HighTotal:        849920 kB
HighFree:          26948 kB
LowTotal:         536648 kB
LowFree:           48764 kB
SwapTotal:        786428 kB
SwapFree:         731368 kB
Dirty:                20 kB
Writeback:             0 kB
AnonPages:        425344 kB
Mapped:           310124 kB
Shmem:               964 kB
Slab:              52548 kB
SReclaimable:      17372 kB
SUnreclaim:        35176 kB
KernelStack:       10352 kB
PageTables:        28312 kB
NFS_Unstable:          0 kB
Bounce:                0 kB
WritebackTmp:          0 kB
CommitLimit:     1479712 kB
Committed_AS:   62239804 kB
VmallocTotal:     319488 kB
VmallocUsed:       17476 kB
VmallocChunk:     191500 kB
Time pass: 116 sec

---2015-12-18 17:09:26
MemTotal:        1386568 kB
MemFree:           74012 kB
Buffers:           12880 kB
Cached:           547372 kB
SwapCached:         6292 kB
Active:           472108 kB
Inactive:         513344 kB
Active(anon):     193704 kB
Inactive(anon):   235640 kB
Active(file):     278404 kB
Inactive(file):   277704 kB
Unevictable:        3132 kB
Mlocked:               0 kB
HighTotal:        849920 kB
HighFree:          25136 kB
LowTotal:         536648 kB
LowFree:           48876 kB
SwapTotal:        786428 kB
SwapFree:         731372 kB
Dirty:                 8 kB
Writeback:             0 kB
AnonPages:        426316 kB
Mapped:           310312 kB
Shmem:              1012 kB
Slab:              52468 kB
SReclaimable:      17372 kB
SUnreclaim:        35096 kB
KernelStack:       10408 kB
PageTables:        28444 kB
NFS_Unstable:          0 kB
Bounce:                0 kB
WritebackTmp:          0 kB
CommitLimit:     1479712 kB
Committed_AS:   62239956 kB
VmallocTotal:     319488 kB
VmallocUsed:       17476 kB
VmallocChunk:     191500 kB
Time pass: 120 sec

---2015-12-18 17:09:26
MemTotal:        1386568 kB
MemFree:           73824 kB
Buffers:           12888 kB
Cached:           547468 kB
SwapCached:         6296 kB
Active:           472116 kB
Inactive:         513400 kB
Active(anon):     193700 kB
Inactive(anon):   235696 kB
Active(file):     278416 kB
Inactive(file):   277704 kB
Unevictable:        3132 kB
Mlocked:               0 kB
HighTotal:        849920 kB
HighFree:          25004 kB
LowTotal:         536648 kB
LowFree:           48820 kB
SwapTotal:        786428 kB
SwapFree:         731372 kB
Dirty:                20 kB
Writeback:             0 kB
AnonPages:        426220 kB
Mapped:           310408 kB
Shmem:              1104 kB
Slab:              52472 kB
SReclaimable:      17372 kB
SUnreclaim:        35100 kB
KernelStack:       10368 kB
PageTables:        28456 kB
NFS_Unstable:          0 kB
Bounce:                0 kB
WritebackTmp:          0 kB
CommitLimit:     1479712 kB
Committed_AS:   62240044 kB
VmallocTotal:     319488 kB
VmallocUsed:       17476 kB
VmallocChunk:     191500 kB
Time pass: 124 sec

---2015-12-18 17:09:26
MemTotal:        1386568 kB
MemFree:           72088 kB
Buffers:           12888 kB
Cached:           548720 kB
SwapCached:         6284 kB
Active:           472456 kB
Inactive:         514612 kB
Active(anon):     194028 kB
Inactive(anon):   236856 kB
Active(file):     278428 kB
Inactive(file):   277756 kB
Unevictable:        3132 kB
Mlocked:               0 kB
HighTotal:        849920 kB
HighFree:          23340 kB
LowTotal:         536648 kB
LowFree:           48748 kB
SwapTotal:        786428 kB
SwapFree:         731384 kB
Dirty:                20 kB
Writeback:             0 kB
AnonPages:        426664 kB
Mapped:           311600 kB
Shmem:              2292 kB
Slab:              52468 kB
SReclaimable:      17372 kB
SUnreclaim:        35096 kB
KernelStack:       10392 kB
PageTables:        28464 kB
NFS_Unstable:          0 kB
Bounce:                0 kB
WritebackTmp:          0 kB
CommitLimit:     1479712 kB
Committed_AS:   62240284 kB
VmallocTotal:     319488 kB
VmallocUsed:       17476 kB
VmallocChunk:     191500 kB
Time pass: 128 sec

---2015-12-18 17:09:26
MemTotal:        1386568 kB
MemFree:           71900 kB
Buffers:           12896 kB
Cached:           548736 kB
SwapCached:         6284 kB
Active:           472948 kB
Inactive:         514620 kB
Active(anon):     194504 kB
Inactive(anon):   236856 kB
Active(file):     278444 kB
Inactive(file):   277764 kB
Unevictable:        3132 kB
Mlocked:               0 kB
HighTotal:        849920 kB
HighFree:          22912 kB
LowTotal:         536648 kB
LowFree:           48988 kB
SwapTotal:        786428 kB
SwapFree:         731384 kB
Dirty:                12 kB
Writeback:             0 kB
AnonPages:        427016 kB
Mapped:           311456 kB
Shmem:              2292 kB
Slab:              52436 kB
SReclaimable:      17372 kB
SUnreclaim:        35064 kB
KernelStack:       10392 kB
PageTables:        28456 kB
NFS_Unstable:          0 kB
Bounce:                0 kB
WritebackTmp:          0 kB
CommitLimit:     1479712 kB
Committed_AS:   62240364 kB
VmallocTotal:     319488 kB
VmallocUsed:       17476 kB
VmallocChunk:     191500 kB
Time pass: 132 sec

---2015-12-18 17:09:26
MemTotal:        1386568 kB
MemFree:           73256 kB
Buffers:           12904 kB
Cached:           548748 kB
SwapCached:         6280 kB
Active:           471424 kB
Inactive:         514600 kB
Active(anon):     192968 kB
Inactive(anon):   236828 kB
Active(file):     278456 kB
Inactive(file):   277772 kB
Unevictable:        3132 kB
Mlocked:               0 kB
HighTotal:        849920 kB
HighFree:          23744 kB
LowTotal:         536648 kB
LowFree:           49512 kB
SwapTotal:        786428 kB
SwapFree:         731436 kB
Dirty:                12 kB
Writeback:             0 kB
AnonPages:        425564 kB
Mapped:           311608 kB
Shmem:              2292 kB
Slab:              52296 kB
SReclaimable:      17372 kB
SUnreclaim:        34924 kB
KernelStack:       10344 kB
PageTables:        28460 kB
NFS_Unstable:          0 kB
Bounce:                0 kB
WritebackTmp:          0 kB
CommitLimit:     1479712 kB
Committed_AS:   62238756 kB
VmallocTotal:     319488 kB
VmallocUsed:       17476 kB
VmallocChunk:     191500 kB
Time pass: 135 sec

---2015-12-18 17:09:26
MemTotal:        1386568 kB
MemFree:           77232 kB
Buffers:           12912 kB
Cached:           551232 kB
SwapCached:         6316 kB
Active:           466716 kB
Inactive:         517076 kB
Active(anon):     188252 kB
Inactive(anon):   235036 kB
Active(file):     278464 kB
Inactive(file):   282040 kB
Unevictable:        3132 kB
Mlocked:               0 kB
HighTotal:        849920 kB
HighFree:          21224 kB
LowTotal:         536648 kB
LowFree:           56008 kB
SwapTotal:        786428 kB
SwapFree:         731464 kB
Dirty:                20 kB
Writeback:             0 kB
AnonPages:        420880 kB
Mapped:           311412 kB
Shmem:               508 kB
Slab:              52896 kB
SReclaimable:      17372 kB
SUnreclaim:        35524 kB
KernelStack:       10208 kB
PageTables:        28548 kB
NFS_Unstable:          0 kB
Bounce:                0 kB
WritebackTmp:          0 kB
CommitLimit:     1479712 kB
Committed_AS:   64915692 kB
VmallocTotal:     319488 kB
VmallocUsed:       17464 kB
VmallocChunk:     191500 kB
Time pass: 139 sec

---2015-12-18 17:09:26
MemTotal:        1386568 kB
MemFree:          203632 kB
Buffers:           12952 kB
Cached:           551960 kB
SwapCached:         6348 kB
Active:           402216 kB
Inactive:         517512 kB
Active(anon):     123348 kB
Inactive(anon):   235060 kB
Active(file):     278868 kB
Inactive(file):   282452 kB
Unevictable:        3132 kB
Mlocked:               0 kB
HighTotal:        849920 kB
HighFree:          96136 kB
LowTotal:         536648 kB
LowFree:          107496 kB
SwapTotal:        786428 kB
SwapFree:         731556 kB
Dirty:               208 kB
Writeback:             0 kB
AnonPages:        356012 kB
Mapped:           236560 kB
Shmem:               376 kB
Slab:              52656 kB
SReclaimable:      17364 kB
SUnreclaim:        35292 kB
KernelStack:        9672 kB
PageTables:        28412 kB
NFS_Unstable:          0 kB
Bounce:                0 kB
WritebackTmp:          0 kB
CommitLimit:     1479712 kB
Committed_AS:   64581708 kB
VmallocTotal:     319488 kB
VmallocUsed:       17012 kB
VmallocChunk:     191500 kB
Time pass: 143 sec

---2015-12-18 17:09:26
MemTotal:        1386568 kB
MemFree:          204740 kB
Buffers:           12960 kB
Cached:           551932 kB
SwapCached:         6352 kB
Active:           401472 kB
Inactive:         517560 kB
Active(anon):     122584 kB
Inactive(anon):   235064 kB
Active(file):     278888 kB
Inactive(file):   282496 kB
Unevictable:        3132 kB
Mlocked:               0 kB
HighTotal:        849920 kB
HighFree:          97092 kB
LowTotal:         536648 kB
LowFree:          107648 kB
SwapTotal:        786428 kB
SwapFree:         731556 kB
Dirty:                 0 kB
Writeback:             0 kB
AnonPages:        355164 kB
Mapped:           236632 kB
Shmem:               376 kB
Slab:              52604 kB
SReclaimable:      17364 kB
SUnreclaim:        35240 kB
KernelStack:        9680 kB
PageTables:        28480 kB
NFS_Unstable:          0 kB
Bounce:                0 kB
WritebackTmp:          0 kB
CommitLimit:     1479712 kB
Committed_AS:   64582324 kB
VmallocTotal:     319488 kB
VmallocUsed:       16944 kB
VmallocChunk:     191500 kB
Time pass: 147 sec

---2015-12-18 17:09:26
MemTotal:        1386568 kB
MemFree:          204704 kB
Buffers:           12968 kB
Cached:           551932 kB
SwapCached:         6352 kB
Active:           401548 kB
Inactive:         517560 kB
Active(anon):     122660 kB
Inactive(anon):   235064 kB
Active(file):     278888 kB
Inactive(file):   282496 kB
Unevictable:        3132 kB
Mlocked:               0 kB
HighTotal:        849920 kB
HighFree:          97008 kB
LowTotal:         536648 kB
LowFree:          107696 kB
SwapTotal:        786428 kB
SwapFree:         731556 kB
Dirty:                52 kB
Writeback:             0 kB
AnonPages:        355280 kB
Mapped:           236632 kB
Shmem:               376 kB
Slab:              52572 kB
SReclaimable:      17364 kB
SUnreclaim:        35208 kB
KernelStack:        9680 kB
PageTables:        28480 kB
NFS_Unstable:          0 kB
Bounce:                0 kB
WritebackTmp:          0 kB
CommitLimit:     1479712 kB
Committed_AS:   64582404 kB
VmallocTotal:     319488 kB
VmallocUsed:       16944 kB
VmallocChunk:     191500 kB
Time pass: 150 sec

---2015-12-18 17:09:26
MemTotal:        1386568 kB
MemFree:          204368 kB
Buffers:           12968 kB
Cached:           551932 kB
SwapCached:         6352 kB
Active:           401640 kB
Inactive:         517568 kB
Active(anon):     122752 kB
Inactive(anon):   235064 kB
Active(file):     278888 kB
Inactive(file):   282504 kB
Unevictable:        3132 kB
Mlocked:               0 kB
HighTotal:        849920 kB
HighFree:          96840 kB
LowTotal:         536648 kB
LowFree:          107528 kB
SwapTotal:        786428 kB
SwapFree:         731556 kB
Dirty:                52 kB
Writeback:             0 kB
AnonPages:        355396 kB
Mapped:           236680 kB
Shmem:               376 kB
Slab:              52476 kB
SReclaimable:      17364 kB
SUnreclaim:        35112 kB
KernelStack:        9680 kB
PageTables:        28480 kB
NFS_Unstable:          0 kB
Bounce:                0 kB
WritebackTmp:          0 kB
CommitLimit:     1479712 kB
Committed_AS:   64582624 kB
VmallocTotal:     319488 kB
VmallocUsed:       17012 kB
VmallocChunk:     191500 kB
Time pass: 154 sec

---2015-12-18 17:09:26
MemTotal:        1386568 kB
MemFree:          204416 kB
Buffers:           12968 kB
Cached:           551932 kB
SwapCached:         6352 kB
Active:           401772 kB
Inactive:         517552 kB
Active(anon):     122868 kB
Inactive(anon):   235064 kB
Active(file):     278904 kB
Inactive(file):   282488 kB
Unevictable:        3132 kB
Mlocked:               0 kB
HighTotal:        849920 kB
HighFree:          96836 kB
LowTotal:         536648 kB
LowFree:          107580 kB
SwapTotal:        786428 kB
SwapFree:         731556 kB
Dirty:                 0 kB
Writeback:             0 kB
AnonPages:        355468 kB
Mapped:           236632 kB
Shmem:               376 kB
Slab:              52632 kB
SReclaimable:      17364 kB
SUnreclaim:        35268 kB
KernelStack:        9680 kB
PageTables:        28480 kB
NFS_Unstable:          0 kB
Bounce:                0 kB
WritebackTmp:          0 kB
CommitLimit:     1479712 kB
Committed_AS:   64582724 kB
VmallocTotal:     319488 kB
VmallocUsed:       16944 kB
VmallocChunk:     191500 kB
Time pass: 158 sec

---2015-12-18 17:09:26
MemTotal:        1386568 kB
MemFree:          194476 kB
Buffers:           12976 kB
Cached:           552052 kB
SwapCached:         6360 kB
Active:           412532 kB
Inactive:         515024 kB
Active(anon):     131020 kB
Inactive(anon):   235056 kB
Active(file):     281512 kB
Inactive(file):   279968 kB
Unevictable:        3132 kB
Mlocked:               0 kB
HighTotal:        849920 kB
HighFree:          88188 kB
LowTotal:         536648 kB
LowFree:          106288 kB
SwapTotal:        786428 kB
SwapFree:         731556 kB
Dirty:               596 kB
Writeback:             0 kB
AnonPages:        363668 kB
Mapped:           251856 kB
Shmem:               376 kB
Slab:              52624 kB
SReclaimable:      17356 kB
SUnreclaim:        35268 kB
KernelStack:        9760 kB
PageTables:        29048 kB
NFS_Unstable:          0 kB
Bounce:                0 kB
WritebackTmp:          0 kB
CommitLimit:     1479712 kB
Committed_AS:   65869872 kB
VmallocTotal:     319488 kB
VmallocUsed:       17148 kB
VmallocChunk:     191500 kB
Time pass: 162 sec

---2015-12-18 17:09:26
MemTotal:        1386568 kB
MemFree:          166528 kB
Buffers:           13000 kB
Cached:           552808 kB
SwapCached:         6368 kB
Active:           430324 kB
Inactive:         514136 kB
Active(anon):     147124 kB
Inactive(anon):   235168 kB
Active(file):     283200 kB
Inactive(file):   278968 kB
Unevictable:        3132 kB
Mlocked:               0 kB
HighTotal:        849920 kB
HighFree:          66856 kB
LowTotal:         536648 kB
LowFree:           99672 kB
SwapTotal:        786428 kB
SwapFree:         731580 kB
Dirty:              1000 kB
Writeback:             0 kB
AnonPages:        379872 kB
Mapped:           268548 kB
Shmem:               508 kB
Slab:              52652 kB
SReclaimable:      17356 kB
SUnreclaim:        35296 kB
KernelStack:       10216 kB
PageTables:        29328 kB
NFS_Unstable:          0 kB
Bounce:                0 kB
WritebackTmp:          0 kB
CommitLimit:     1479712 kB
Committed_AS:   65892644 kB
VmallocTotal:     319488 kB
VmallocUsed:       17328 kB
VmallocChunk:     191500 kB
Time pass: 165 sec

---2015-12-18 17:09:26
MemTotal:        1386568 kB
MemFree:          140504 kB
Buffers:           13000 kB
Cached:           553248 kB
SwapCached:         6368 kB
Active:           449184 kB
Inactive:         514360 kB
Active(anon):     165848 kB
Inactive(anon):   235088 kB
Active(file):     283336 kB
Inactive(file):   279272 kB
Unevictable:        3132 kB
Mlocked:               0 kB
HighTotal:        849920 kB
HighFree:          41492 kB
LowTotal:         536648 kB
LowFree:           99012 kB
SwapTotal:        786428 kB
SwapFree:         731580 kB
Dirty:               556 kB
Writeback:             0 kB
AnonPages:        398440 kB
Mapped:           271972 kB
Shmem:               508 kB
Slab:              52768 kB
SReclaimable:      17356 kB
SUnreclaim:        35412 kB
KernelStack:       10320 kB
PageTables:        29436 kB
NFS_Unstable:          0 kB
Bounce:                0 kB
WritebackTmp:          0 kB
CommitLimit:     1479712 kB
Committed_AS:   65914176 kB
VmallocTotal:     319488 kB
VmallocUsed:       17204 kB
VmallocChunk:     191500 kB
Time pass: 169 sec

---2015-12-18 17:09:26
MemTotal:        1386568 kB
MemFree:          128996 kB
Buffers:           13008 kB
Cached:           553248 kB
SwapCached:         6368 kB
Active:           446176 kB
Inactive:         514376 kB
Active(anon):     162848 kB
Inactive(anon):   235088 kB
Active(file):     283328 kB
Inactive(file):   279288 kB
Unevictable:        3132 kB
Mlocked:               0 kB
HighTotal:        849920 kB
HighFree:          34624 kB
LowTotal:         536648 kB
LowFree:           94372 kB
SwapTotal:        786428 kB
SwapFree:         731580 kB
Dirty:               156 kB
Writeback:             0 kB
AnonPages:        395432 kB
Mapped:           281276 kB
Shmem:               508 kB
Slab:              52640 kB
SReclaimable:      17356 kB
SUnreclaim:        35284 kB
KernelStack:       10280 kB
PageTables:        29468 kB
NFS_Unstable:          0 kB
Bounce:                0 kB
WritebackTmp:          0 kB
CommitLimit:     1479712 kB
Committed_AS:   65914464 kB
VmallocTotal:     319488 kB
VmallocUsed:       17320 kB
VmallocChunk:     191500 kB
Time pass: 173 sec

---2015-12-18 17:09:26
MemTotal:        1386568 kB
MemFree:          109436 kB
Buffers:           13032 kB
Cached:           553744 kB
SwapCached:         6372 kB
Active:           450668 kB
Inactive:         513936 kB
Active(anon):     166280 kB
Inactive(anon):   235092 kB
Active(file):     284388 kB
Inactive(file):   278844 kB
Unevictable:        3132 kB
Mlocked:               0 kB
HighTotal:        849920 kB
HighFree:          15692 kB
LowTotal:         536648 kB
LowFree:           93744 kB
SwapTotal:        786428 kB
SwapFree:         731580 kB
Dirty:               400 kB
Writeback:             0 kB
AnonPages:        398656 kB
Mapped:           295528 kB
Shmem:               508 kB
Slab:              52844 kB
SReclaimable:      17356 kB
SUnreclaim:        35488 kB
KernelStack:       10328 kB
PageTables:        29500 kB
NFS_Unstable:          0 kB
Bounce:                0 kB
WritebackTmp:          0 kB
CommitLimit:     1479712 kB
Committed_AS:   65914880 kB
VmallocTotal:     319488 kB
VmallocUsed:       17416 kB
VmallocChunk:     191500 kB
Time pass: 176 sec

---2015-12-18 17:09:26
MemTotal:        1386568 kB
MemFree:          102572 kB
Buffers:           13040 kB
Cached:           553916 kB
SwapCached:         6372 kB
Active:           451572 kB
Inactive:         513876 kB
Active(anon):     167044 kB
Inactive(anon):   235088 kB
Active(file):     284528 kB
Inactive(file):   278788 kB
Unevictable:        3132 kB
Mlocked:               0 kB
HighTotal:        849920 kB
HighFree:          10088 kB
LowTotal:         536648 kB
LowFree:           92484 kB
SwapTotal:        786428 kB
SwapFree:         731580 kB
Dirty:               616 kB
Writeback:             0 kB
AnonPages:        399520 kB
Mapped:           302168 kB
Shmem:               508 kB
Slab:              52680 kB
SReclaimable:      17356 kB
SUnreclaim:        35324 kB
KernelStack:       10240 kB
PageTables:        29520 kB
NFS_Unstable:          0 kB
Bounce:                0 kB
WritebackTmp:          0 kB
CommitLimit:     1479712 kB
Committed_AS:   65914992 kB
VmallocTotal:     319488 kB
VmallocUsed:       17224 kB
VmallocChunk:     191500 kB
Time pass: 180 sec

---2015-12-18 17:09:26
MemTotal:        1386568 kB
MemFree:           89676 kB
Buffers:           13040 kB
Cached:           553940 kB
SwapCached:         6372 kB
Active:           454524 kB
Inactive:         513884 kB
Active(anon):     169980 kB
Inactive(anon):   235088 kB
Active(file):     284544 kB
Inactive(file):   278796 kB
Unevictable:        3132 kB
Mlocked:               0 kB
HighTotal:        849920 kB
HighFree:          10360 kB
LowTotal:         536648 kB
LowFree:           79316 kB
SwapTotal:        786428 kB
SwapFree:         731580 kB
Dirty:               604 kB
Writeback:             0 kB
AnonPages:        402472 kB
Mapped:           311048 kB
Shmem:               508 kB
Slab:              52420 kB
SReclaimable:      17356 kB
SUnreclaim:        35064 kB
KernelStack:       10240 kB
PageTables:        29540 kB
NFS_Unstable:          0 kB
Bounce:                0 kB
WritebackTmp:          0 kB
CommitLimit:     1479712 kB
Committed_AS:   65919488 kB
VmallocTotal:     319488 kB
VmallocUsed:       17260 kB
VmallocChunk:     191500 kB
Time pass: 184 sec

---2015-12-18 17:09:26
MemTotal:        1386568 kB
MemFree:           89180 kB
Buffers:           13048 kB
Cached:           553940 kB
SwapCached:         6372 kB
Active:           455040 kB
Inactive:         513576 kB
Active(anon):     170496 kB
Inactive(anon):   234772 kB
Active(file):     284544 kB
Inactive(file):   278804 kB
Unevictable:        3132 kB
Mlocked:               0 kB
HighTotal:        849920 kB
HighFree:           9984 kB
LowTotal:         536648 kB
LowFree:           79196 kB
SwapTotal:        786428 kB
SwapFree:         731584 kB
Dirty:                 0 kB
Writeback:             0 kB
AnonPages:        402656 kB
Mapped:           310936 kB
Shmem:               508 kB
Slab:              52440 kB
SReclaimable:      17356 kB
SUnreclaim:        35084 kB
KernelStack:       10200 kB
PageTables:        29540 kB
NFS_Unstable:          0 kB
Bounce:                0 kB
WritebackTmp:          0 kB
CommitLimit:     1479712 kB
Committed_AS:   65919808 kB
VmallocTotal:     319488 kB
VmallocUsed:       17260 kB
VmallocChunk:     191500 kB
Time pass: 188 sec

---2015-12-18 17:09:26
MemTotal:        1386568 kB
MemFree:           88352 kB
Buffers:           13048 kB
Cached:           553940 kB
SwapCached:         6372 kB
Active:           455156 kB
Inactive:         513576 kB
Active(anon):     170612 kB
Inactive(anon):   234772 kB
Active(file):     284544 kB
Inactive(file):   278804 kB
Unevictable:        3132 kB
Mlocked:               0 kB
HighTotal:        849920 kB
HighFree:           9632 kB
LowTotal:         536648 kB
LowFree:           78720 kB
SwapTotal:        786428 kB
SwapFree:         731584 kB
Dirty:                 0 kB
Writeback:             0 kB
AnonPages:        402740 kB
Mapped:           310932 kB
Shmem:               508 kB
Slab:              52792 kB
SReclaimable:      17356 kB
SUnreclaim:        35436 kB
KernelStack:       10200 kB
PageTables:        29540 kB
NFS_Unstable:          0 kB
Bounce:                0 kB
WritebackTmp:          0 kB
CommitLimit:     1479712 kB
Committed_AS:   65919888 kB
VmallocTotal:     319488 kB
VmallocUsed:       17328 kB
VmallocChunk:     191500 kB
Time pass: 191 sec

---2015-12-18 17:09:26
MemTotal:        1386568 kB
MemFree:           87020 kB
Buffers:           13072 kB
Cached:           555068 kB
SwapCached:         6376 kB
Active:           454920 kB
Inactive:         514720 kB
Active(anon):     170364 kB
Inactive(anon):   234776 kB
Active(file):     284556 kB
Inactive(file):   279944 kB
Unevictable:        3132 kB
Mlocked:               0 kB
HighTotal:        849920 kB
HighFree:           9580 kB
LowTotal:         536648 kB
LowFree:           77440 kB
SwapTotal:        786428 kB
SwapFree:         731584 kB
Dirty:                76 kB
Writeback:             0 kB
AnonPages:        402560 kB
Mapped:           311892 kB
Shmem:               508 kB
Slab:              52792 kB
SReclaimable:      17356 kB
SUnreclaim:        35436 kB
KernelStack:       10328 kB
PageTables:        29544 kB
NFS_Unstable:          0 kB
Bounce:                0 kB
WritebackTmp:          0 kB
CommitLimit:     1479712 kB
Committed_AS:   65919144 kB
VmallocTotal:     319488 kB
VmallocUsed:       17396 kB
VmallocChunk:     191500 kB
Time pass: 195 sec

---2015-12-18 17:09:26
MemTotal:        1386568 kB
MemFree:           82952 kB
Buffers:           13104 kB
Cached:           555236 kB
SwapCached:         6364 kB
Active:           461772 kB
Inactive:         513864 kB
Active(anon):     176252 kB
Inactive(anon):   234764 kB
Active(file):     285520 kB
Inactive(file):   279100 kB
Unevictable:        3132 kB
Mlocked:               0 kB
HighTotal:        849920 kB
HighFree:          10908 kB
LowTotal:         536648 kB
LowFree:           72044 kB
SwapTotal:        786428 kB
SwapFree:         731632 kB
Dirty:                52 kB
Writeback:             0 kB
AnonPages:        408380 kB
Mapped:           310196 kB
Shmem:               588 kB
Slab:              52936 kB
SReclaimable:      17356 kB
SUnreclaim:        35580 kB
KernelStack:       10392 kB
PageTables:        29620 kB
NFS_Unstable:          0 kB
Bounce:                0 kB
WritebackTmp:          0 kB
CommitLimit:     1479712 kB
Committed_AS:   65934816 kB
VmallocTotal:     319488 kB
VmallocUsed:       17396 kB
VmallocChunk:     191500 kB
Time pass: 200 sec

---2015-12-18 17:09:26
MemTotal:        1386568 kB
MemFree:           80760 kB
Buffers:           13120 kB
Cached:           555232 kB
SwapCached:         6364 kB
Active:           463416 kB
Inactive:         513876 kB
Active(anon):     177896 kB
Inactive(anon):   234776 kB
Active(file):     285520 kB
Inactive(file):   279100 kB
Unevictable:        3132 kB
Mlocked:               0 kB
HighTotal:        849920 kB
HighFree:           8696 kB
LowTotal:         536648 kB
LowFree:           72064 kB
SwapTotal:        786428 kB
SwapFree:         731640 kB
Dirty:                 0 kB
Writeback:             0 kB
AnonPages:        410108 kB
Mapped:           310208 kB
Shmem:               600 kB
Slab:              52808 kB
SReclaimable:      17356 kB
SUnreclaim:        35452 kB
KernelStack:       10384 kB
PageTables:        29624 kB
NFS_Unstable:          0 kB
Bounce:                0 kB
WritebackTmp:          0 kB
CommitLimit:     1479712 kB
Committed_AS:   65934944 kB
VmallocTotal:     319488 kB
VmallocUsed:       17396 kB
VmallocChunk:     191500 kB
Time pass: 204 sec

---2015-12-18 17:09:26
MemTotal:        1386568 kB
MemFree:           80176 kB
Buffers:           13120 kB
Cached:           555252 kB
SwapCached:         6364 kB
Active:           463796 kB
Inactive:         513896 kB
Active(anon):     178276 kB
Inactive(anon):   234780 kB
Active(file):     285520 kB
Inactive(file):   279116 kB
Unevictable:        3132 kB
Mlocked:               0 kB
HighTotal:        849920 kB
HighFree:           9064 kB
LowTotal:         536648 kB
LowFree:           71112 kB
SwapTotal:        786428 kB
SwapFree:         731640 kB
Dirty:                48 kB
Writeback:             0 kB
AnonPages:        410460 kB
Mapped:           310168 kB
Shmem:               604 kB
Slab:              52904 kB
SReclaimable:      17356 kB
SUnreclaim:        35548 kB
KernelStack:       10368 kB
PageTables:        29644 kB
NFS_Unstable:          0 kB
Bounce:                0 kB
WritebackTmp:          0 kB
CommitLimit:     1479712 kB
Committed_AS:   65939280 kB
VmallocTotal:     319488 kB
VmallocUsed:       17464 kB
VmallocChunk:     191500 kB
Time pass: 208 sec

---2015-12-18 17:09:26
MemTotal:        1386568 kB
MemFree:           79696 kB
Buffers:           13144 kB
Cached:           555312 kB
SwapCached:         6364 kB
Active:           464704 kB
Inactive:         513980 kB
Active(anon):     179184 kB
Inactive(anon):   234848 kB
Active(file):     285520 kB
Inactive(file):   279132 kB
Unevictable:        3132 kB
Mlocked:               0 kB
HighTotal:        849920 kB
HighFree:           9356 kB
LowTotal:         536648 kB
LowFree:           70340 kB
SwapTotal:        786428 kB
SwapFree:         731648 kB
Dirty:                36 kB
Writeback:             0 kB
AnonPages:        411320 kB
Mapped:           310340 kB
Shmem:               672 kB
Slab:              52736 kB
SReclaimable:      17356 kB
SUnreclaim:        35380 kB
KernelStack:       10400 kB
PageTables:        29656 kB
NFS_Unstable:          0 kB
Bounce:                0 kB
WritebackTmp:          0 kB
CommitLimit:     1479712 kB
Committed_AS:   65939344 kB
VmallocTotal:     319488 kB
VmallocUsed:       17396 kB
VmallocChunk:     191500 kB
Time pass: 212 sec

---2015-12-18 17:09:26
MemTotal:        1386568 kB
MemFree:           79200 kB
Buffers:           13144 kB
Cached:           555460 kB
SwapCached:         6360 kB
Active:           465084 kB
Inactive:         514012 kB
Active(anon):     179564 kB
Inactive(anon):   234748 kB
Active(file):     285520 kB
Inactive(file):   279264 kB
Unevictable:        3132 kB
Mlocked:               0 kB
HighTotal:        849920 kB
HighFree:           8772 kB
LowTotal:         536648 kB
LowFree:           70428 kB
SwapTotal:        786428 kB
SwapFree:         731668 kB
Dirty:                 0 kB
Writeback:             0 kB
AnonPages:        411656 kB
Mapped:           310364 kB
Shmem:               688 kB
Slab:              52748 kB
SReclaimable:      17356 kB
SUnreclaim:        35392 kB
KernelStack:       10448 kB
PageTables:        29688 kB
NFS_Unstable:          0 kB
Bounce:                0 kB
WritebackTmp:          0 kB
CommitLimit:     1479712 kB
Committed_AS:   65940632 kB
VmallocTotal:     319488 kB
VmallocUsed:       17396 kB
VmallocChunk:     191500 kB
Time pass: 216 sec

---2015-12-18 17:09:26
MemTotal:        1386568 kB
MemFree:           81596 kB
Buffers:           13168 kB
Cached:           555500 kB
SwapCached:         6360 kB
Active:           463180 kB
Inactive:         514072 kB
Active(anon):     177656 kB
Inactive(anon):   234792 kB
Active(file):     285524 kB
Inactive(file):   279280 kB
Unevictable:        3132 kB
Mlocked:               0 kB
HighTotal:        849920 kB
HighFree:          10220 kB
LowTotal:         536648 kB
LowFree:           71376 kB
SwapTotal:        786428 kB
SwapFree:         731732 kB
Dirty:                52 kB
Writeback:             0 kB
AnonPages:        409716 kB
Mapped:           310408 kB
Shmem:               732 kB
Slab:              52812 kB
SReclaimable:      17356 kB
SUnreclaim:        35456 kB
KernelStack:       10368 kB
PageTables:        29688 kB
NFS_Unstable:          0 kB
Bounce:                0 kB
WritebackTmp:          0 kB
CommitLimit:     1479712 kB
Committed_AS:   65940704 kB
VmallocTotal:     319488 kB
VmallocUsed:       17328 kB
VmallocChunk:     191500 kB
Time pass: 220 sec

---2015-12-18 17:09:26
MemTotal:        1386568 kB
MemFree:           81576 kB
Buffers:           13184 kB
Cached:           555508 kB
SwapCached:         6360 kB
Active:           463492 kB
Inactive:         514096 kB
Active(anon):     177972 kB
Inactive(anon):   234788 kB
Active(file):     285520 kB
Inactive(file):   279308 kB
Unevictable:        3132 kB
Mlocked:               0 kB
HighTotal:        849920 kB
HighFree:           9976 kB
LowTotal:         536648 kB
LowFree:           71600 kB
SwapTotal:        786428 kB
SwapFree:         731736 kB
Dirty:                44 kB
Writeback:             0 kB
AnonPages:        409964 kB
Mapped:           310408 kB
Shmem:               732 kB
Slab:              52684 kB
SReclaimable:      17356 kB
SUnreclaim:        35328 kB
KernelStack:       10432 kB
PageTables:        29700 kB
NFS_Unstable:          0 kB
Bounce:                0 kB
WritebackTmp:          0 kB
CommitLimit:     1479712 kB
Committed_AS:   65940768 kB
VmallocTotal:     319488 kB
VmallocUsed:       17328 kB
VmallocChunk:     191500 kB
Time pass: 224 sec

---2015-12-18 17:09:26
MemTotal:        1386568 kB
MemFree:           80872 kB
Buffers:           13184 kB
Cached:           555516 kB
SwapCached:         6404 kB
Active:           463400 kB
Inactive:         514140 kB
Active(anon):     177880 kB
Inactive(anon):   234832 kB
Active(file):     285520 kB
Inactive(file):   279308 kB
Unevictable:        3132 kB
Mlocked:               0 kB
HighTotal:        849920 kB
HighFree:           9744 kB
LowTotal:         536648 kB
LowFree:           71128 kB
SwapTotal:        786428 kB
SwapFree:         731740 kB
Dirty:                48 kB
Writeback:             0 kB
AnonPages:        409952 kB
Mapped:           310416 kB
Shmem:               740 kB
Slab:              52816 kB
SReclaimable:      17356 kB
SUnreclaim:        35460 kB
KernelStack:       10408 kB
PageTables:        29704 kB
NFS_Unstable:          0 kB
Bounce:                0 kB
WritebackTmp:          0 kB
CommitLimit:     1479712 kB
Committed_AS:   65940992 kB
VmallocTotal:     319488 kB
VmallocUsed:       17396 kB
VmallocChunk:     191500 kB
Time pass: 228 sec

---2015-12-18 17:09:26
MemTotal:        1386568 kB
MemFree:           80496 kB
Buffers:           13208 kB
Cached:           555500 kB
SwapCached:         6404 kB
Active:           463436 kB
Inactive:         514148 kB
Active(anon):     177916 kB
Inactive(anon):   234832 kB
Active(file):     285520 kB
Inactive(file):   279316 kB
Unevictable:        3132 kB
Mlocked:               0 kB
HighTotal:        849920 kB
HighFree:           8920 kB
LowTotal:         536648 kB
LowFree:           71576 kB
SwapTotal:        786428 kB
SwapFree:         731740 kB
Dirty:                40 kB
Writeback:             0 kB
AnonPages:        409948 kB
Mapped:           310328 kB
Shmem:               740 kB
Slab:              52692 kB
SReclaimable:      17356 kB
SUnreclaim:        35336 kB
KernelStack:       10432 kB
PageTables:        29748 kB
NFS_Unstable:          0 kB
Bounce:                0 kB
WritebackTmp:          0 kB
CommitLimit:     1479712 kB
Committed_AS:   65940956 kB
VmallocTotal:     319488 kB
VmallocUsed:       17464 kB
VmallocChunk:     191500 kB
Time pass: 232 sec

---2015-12-18 17:09:26
MemTotal:        1386568 kB
MemFree:           80524 kB
Buffers:           13208 kB
Cached:           555516 kB
SwapCached:         6404 kB
Active:           463960 kB
Inactive:         514164 kB
Active(anon):     178440 kB
Inactive(anon):   234832 kB
Active(file):     285520 kB
Inactive(file):   279332 kB
Unevictable:        3132 kB
Mlocked:               0 kB
HighTotal:        849920 kB
HighFree:           9636 kB
LowTotal:         536648 kB
LowFree:           70888 kB
SwapTotal:        786428 kB
SwapFree:         731740 kB
Dirty:                 0 kB
Writeback:             0 kB
AnonPages:        410732 kB
Mapped:           310468 kB
Shmem:               740 kB
Slab:              52660 kB
SReclaimable:      17356 kB
SUnreclaim:        35304 kB
KernelStack:       10432 kB
PageTables:        29696 kB
NFS_Unstable:          0 kB
Bounce:                0 kB
WritebackTmp:          0 kB
CommitLimit:     1479712 kB
Committed_AS:   65941304 kB
VmallocTotal:     319488 kB
VmallocUsed:       17464 kB
VmallocChunk:     191500 kB
Time pass: 236 sec

---2015-12-18 17:09:26
MemTotal:        1386568 kB
MemFree:           79336 kB
Buffers:           13232 kB
Cached:           555632 kB
SwapCached:         6404 kB
Active:           463984 kB
Inactive:         514296 kB
Active(anon):     178456 kB
Inactive(anon):   234956 kB
Active(file):     285528 kB
Inactive(file):   279340 kB
Unevictable:        3132 kB
Mlocked:               0 kB
HighTotal:        849920 kB
HighFree:           9228 kB
LowTotal:         536648 kB
LowFree:           70108 kB
SwapTotal:        786428 kB
SwapFree:         731740 kB
Dirty:                48 kB
Writeback:             0 kB
AnonPages:        410732 kB
Mapped:           310544 kB
Shmem:               864 kB
Slab:              53016 kB
SReclaimable:      17356 kB
SUnreclaim:        35660 kB
KernelStack:       10464 kB
PageTables:        29732 kB
NFS_Unstable:          0 kB
Bounce:                0 kB
WritebackTmp:          0 kB
CommitLimit:     1479712 kB
Committed_AS:   65941392 kB
VmallocTotal:     319488 kB
VmallocUsed:       17396 kB
VmallocChunk:     191500 kB
Time pass: 240 sec

---2015-12-18 17:09:26
MemTotal:        1386568 kB
MemFree:           80904 kB
Buffers:           13232 kB
Cached:           555640 kB
SwapCached:         6404 kB
Active:           463392 kB
Inactive:         514308 kB
Active(anon):     177868 kB
Inactive(anon):   234956 kB
Active(file):     285524 kB
Inactive(file):   279352 kB
Unevictable:        3132 kB
Mlocked:               0 kB
HighTotal:        849920 kB
HighFree:          10940 kB
LowTotal:         536648 kB
LowFree:           69964 kB
SwapTotal:        786428 kB
SwapFree:         731792 kB
Dirty:                 0 kB
Writeback:             0 kB
AnonPages:        409828 kB
Mapped:           310544 kB
Shmem:               864 kB
Slab:              52728 kB
SReclaimable:      17356 kB
SUnreclaim:        35372 kB
KernelStack:       10392 kB
PageTables:        29700 kB
NFS_Unstable:          0 kB
Bounce:                0 kB
WritebackTmp:          0 kB
CommitLimit:     1479712 kB
Committed_AS:   65941464 kB
VmallocTotal:     319488 kB
VmallocUsed:       17328 kB
VmallocChunk:     191500 kB
Time pass: 244 sec

---2015-12-18 17:09:26
MemTotal:        1386568 kB
MemFree:           79620 kB
Buffers:           13248 kB
Cached:           555644 kB
SwapCached:         6404 kB
Active:           464104 kB
Inactive:         514312 kB
Active(anon):     178580 kB
Inactive(anon):   234944 kB
Active(file):     285524 kB
Inactive(file):   279368 kB
Unevictable:        3132 kB
Mlocked:               0 kB
HighTotal:        849920 kB
HighFree:           9184 kB
LowTotal:         536648 kB
LowFree:           70436 kB
SwapTotal:        786428 kB
SwapFree:         731792 kB
Dirty:                52 kB
Writeback:             0 kB
AnonPages:        410708 kB
Mapped:           310576 kB
Shmem:               868 kB
Slab:              52800 kB
SReclaimable:      17356 kB
SUnreclaim:        35444 kB
KernelStack:       10424 kB
PageTables:        29700 kB
NFS_Unstable:          0 kB
Bounce:                0 kB
WritebackTmp:          0 kB
CommitLimit:     1479712 kB
Committed_AS:   65941704 kB
VmallocTotal:     319488 kB
VmallocUsed:       17396 kB
VmallocChunk:     191500 kB
Time pass: 248 sec

---2015-12-18 17:09:26
MemTotal:        1386568 kB
MemFree:           79348 kB
Buffers:           13272 kB
Cached:           555648 kB
SwapCached:         6404 kB
Active:           463816 kB
Inactive:         514336 kB
Active(anon):     178288 kB
Inactive(anon):   234960 kB
Active(file):     285528 kB
Inactive(file):   279376 kB
Unevictable:        3132 kB
Mlocked:               0 kB
HighTotal:        849920 kB
HighFree:           9508 kB
LowTotal:         536648 kB
LowFree:           69840 kB
SwapTotal:        786428 kB
SwapFree:         731792 kB
Dirty:                40 kB
Writeback:             0 kB
AnonPages:        410540 kB
Mapped:           310640 kB
Shmem:               884 kB
Slab:              52960 kB
SReclaimable:      17356 kB
SUnreclaim:        35604 kB
KernelStack:       10456 kB
PageTables:        29688 kB
NFS_Unstable:          0 kB
Bounce:                0 kB
WritebackTmp:          0 kB
CommitLimit:     1479712 kB
Committed_AS:   65941784 kB
VmallocTotal:     319488 kB
VmallocUsed:       17464 kB
VmallocChunk:     191500 kB
Time pass: 252 sec

---2015-12-18 17:09:26
MemTotal:        1386568 kB
MemFree:           78948 kB
Buffers:           13272 kB
Cached:           555660 kB
SwapCached:         6404 kB
Active:           464444 kB
Inactive:         514352 kB
Active(anon):     178920 kB
Inactive(anon):   234960 kB
Active(file):     285524 kB
Inactive(file):   279392 kB
Unevictable:        3132 kB
Mlocked:               0 kB
HighTotal:        849920 kB
HighFree:           9072 kB
LowTotal:         536648 kB
LowFree:           69876 kB
SwapTotal:        786428 kB
SwapFree:         731792 kB
Dirty:                 0 kB
Writeback:             0 kB
AnonPages:        410932 kB
Mapped:           310496 kB
Shmem:               884 kB
Slab:              52672 kB
SReclaimable:      17356 kB
SUnreclaim:        35316 kB
KernelStack:       10440 kB
PageTables:        29720 kB
NFS_Unstable:          0 kB
Bounce:                0 kB
WritebackTmp:          0 kB
CommitLimit:     1479712 kB
Committed_AS:   65941952 kB
VmallocTotal:     319488 kB
VmallocUsed:       17464 kB
VmallocChunk:     191500 kB
Time pass: 256 sec

---2015-12-18 17:09:26
MemTotal:        1386568 kB
MemFree:           78916 kB
Buffers:           13288 kB
Cached:           555676 kB
SwapCached:         6400 kB
Active:           464880 kB
Inactive:         514384 kB
Active(anon):     179356 kB
Inactive(anon):   234976 kB
Active(file):     285524 kB
Inactive(file):   279408 kB
Unevictable:        3132 kB
Mlocked:               0 kB
HighTotal:        849920 kB
HighFree:           9748 kB
LowTotal:         536648 kB
LowFree:           69168 kB
SwapTotal:        786428 kB
SwapFree:         731992 kB
Dirty:                48 kB
Writeback:             0 kB
AnonPages:        411440 kB
Mapped:           310604 kB
Shmem:               900 kB
Slab:              53024 kB
SReclaimable:      17356 kB
SUnreclaim:        35668 kB
KernelStack:       10392 kB
PageTables:        29684 kB
NFS_Unstable:          0 kB
Bounce:                0 kB
WritebackTmp:          0 kB
CommitLimit:     1479712 kB
Committed_AS:   65933628 kB
VmallocTotal:     319488 kB
VmallocUsed:       17396 kB
VmallocChunk:     191500 kB
Time pass: 260 sec

---2015-12-18 17:09:26
MemTotal:        1386568 kB
MemFree:           78372 kB
Buffers:           13312 kB
Cached:           555660 kB
SwapCached:         6400 kB
Active:           465712 kB
Inactive:         514388 kB
Active(anon):     180184 kB
Inactive(anon):   234976 kB
Active(file):     285528 kB
Inactive(file):   279412 kB
Unevictable:        3132 kB
Mlocked:               0 kB
HighTotal:        849920 kB
HighFree:           8728 kB
LowTotal:         536648 kB
LowFree:           69644 kB
SwapTotal:        786428 kB
SwapFree:         731992 kB
Dirty:                52 kB
Writeback:             0 kB
AnonPages:        412216 kB
Mapped:           310604 kB
Shmem:               900 kB
Slab:              52768 kB
SReclaimable:      17356 kB
SUnreclaim:        35412 kB
KernelStack:       10400 kB
PageTables:        29684 kB
NFS_Unstable:          0 kB
Bounce:                0 kB
WritebackTmp:          0 kB
CommitLimit:     1479712 kB
Committed_AS:   65933716 kB
VmallocTotal:     319488 kB
VmallocUsed:       17396 kB
VmallocChunk:     191500 kB
Time pass: 264 sec

---2015-12-18 17:09:26
MemTotal:        1386568 kB
MemFree:           78124 kB
Buffers:           13312 kB
Cached:           555676 kB
SwapCached:         6400 kB
Active:           465756 kB
Inactive:         514408 kB
Active(anon):     180232 kB
Inactive(anon):   234976 kB
Active(file):     285524 kB
Inactive(file):   279432 kB
Unevictable:        3132 kB
Mlocked:               0 kB
HighTotal:        849920 kB
HighFree:           9140 kB
LowTotal:         536648 kB
LowFree:           68984 kB
SwapTotal:        786428 kB
SwapFree:         731992 kB
Dirty:                 4 kB
Writeback:             0 kB
AnonPages:        412336 kB
Mapped:           310616 kB
Shmem:               900 kB
Slab:              52768 kB
SReclaimable:      17356 kB
SUnreclaim:        35412 kB
KernelStack:       10416 kB
PageTables:        29656 kB
NFS_Unstable:          0 kB
Bounce:                0 kB
WritebackTmp:          0 kB
CommitLimit:     1479712 kB
Committed_AS:   65934416 kB
VmallocTotal:     319488 kB
VmallocUsed:       17396 kB
VmallocChunk:     191500 kB
Time pass: 268 sec

---2015-12-18 17:09:26
MemTotal:        1386568 kB
MemFree:           78408 kB
Buffers:           13336 kB
Cached:           555676 kB
SwapCached:         6400 kB
Active:           466120 kB
Inactive:         514436 kB
Active(anon):     180596 kB
Inactive(anon):   234980 kB
Active(file):     285524 kB
Inactive(file):   279456 kB
Unevictable:        3132 kB
Mlocked:               0 kB
HighTotal:        849920 kB
HighFree:           9084 kB
LowTotal:         536648 kB
LowFree:           69324 kB
SwapTotal:        786428 kB
SwapFree:         732016 kB
Dirty:                52 kB
Writeback:             0 kB
AnonPages:        412624 kB
Mapped:           310624 kB
Shmem:               900 kB
Slab:              52768 kB
SReclaimable:      17356 kB
SUnreclaim:        35412 kB
KernelStack:       10416 kB
PageTables:        29664 kB
NFS_Unstable:          0 kB
Bounce:                0 kB
WritebackTmp:          0 kB
CommitLimit:     1479712 kB
Committed_AS:   65934580 kB
VmallocTotal:     319488 kB
VmallocUsed:       17396 kB
VmallocChunk:     191500 kB
Time pass: 272 sec

---2015-12-18 17:09:26
MemTotal:        1386568 kB
MemFree:           78300 kB
Buffers:           13352 kB
Cached:           555660 kB
SwapCached:         6400 kB
Active:           465876 kB
Inactive:         514436 kB
Active(anon):     180352 kB
Inactive(anon):   234980 kB
Active(file):     285524 kB
Inactive(file):   279456 kB
Unevictable:        3132 kB
Mlocked:               0 kB
HighTotal:        849920 kB
HighFree:           8996 kB
LowTotal:         536648 kB
LowFree:           69304 kB
SwapTotal:        786428 kB
SwapFree:         732016 kB
Dirty:                 4 kB
Writeback:             0 kB
AnonPages:        412480 kB
Mapped:           310624 kB
Shmem:               900 kB
Slab:              52928 kB
SReclaimable:      17356 kB
SUnreclaim:        35572 kB
KernelStack:       10336 kB
PageTables:        29664 kB
NFS_Unstable:          0 kB
Bounce:                0 kB
WritebackTmp:          0 kB
CommitLimit:     1479712 kB
Committed_AS:   65934728 kB
VmallocTotal:     319488 kB
VmallocUsed:       17328 kB
VmallocChunk:     191500 kB
Time pass: 276 sec

---2015-12-18 17:09:26
MemTotal:        1386568 kB
MemFree:           78248 kB
Buffers:           13352 kB
Cached:           555676 kB
SwapCached:         6400 kB
Active:           466156 kB
Inactive:         514452 kB
Active(anon):     180632 kB
Inactive(anon):   234980 kB
Active(file):     285524 kB
Inactive(file):   279472 kB
Unevictable:        3132 kB
Mlocked:               0 kB
HighTotal:        849920 kB
HighFree:          10016 kB
LowTotal:         536648 kB
LowFree:           68232 kB
SwapTotal:        786428 kB
SwapFree:         732016 kB
Dirty:                52 kB
Writeback:             0 kB
AnonPages:        412800 kB
Mapped:           310624 kB
Shmem:               900 kB
Slab:              52896 kB
SReclaimable:      17356 kB
SUnreclaim:        35540 kB
KernelStack:       10392 kB
PageTables:        29680 kB
NFS_Unstable:          0 kB
Bounce:                0 kB
WritebackTmp:          0 kB
CommitLimit:     1479712 kB
Committed_AS:   65934908 kB
VmallocTotal:     319488 kB
VmallocUsed:       17328 kB
VmallocChunk:     191500 kB
Time pass: 280 sec

---2015-12-18 17:09:26
MemTotal:        1386568 kB
MemFree:           78048 kB
Buffers:           13384 kB
Cached:           555712 kB
SwapCached:         6400 kB
Active:           466548 kB
Inactive:         514508 kB
Active(anon):     181020 kB
Inactive(anon):   234980 kB
Active(file):     285528 kB
Inactive(file):   279528 kB
Unevictable:        3132 kB
Mlocked:               0 kB
HighTotal:        849920 kB
HighFree:           9644 kB
LowTotal:         536648 kB
LowFree:           68404 kB
SwapTotal:        786428 kB
SwapFree:         732016 kB
Dirty:                 0 kB
Writeback:             0 kB
AnonPages:        413024 kB
Mapped:           310684 kB
Shmem:               900 kB
Slab:              52832 kB
SReclaimable:      17356 kB
SUnreclaim:        35476 kB
KernelStack:       10368 kB
PageTables:        29684 kB
NFS_Unstable:          0 kB
Bounce:                0 kB
WritebackTmp:          0 kB
CommitLimit:     1479712 kB
Committed_AS:   65935408 kB
VmallocTotal:     319488 kB
VmallocUsed:       17328 kB
VmallocChunk:     191500 kB
Time pass: 284 sec

---2015-12-18 17:09:26
MemTotal:        1386568 kB
MemFree:           75776 kB
Buffers:           13392 kB
Cached:           555708 kB
SwapCached:         6400 kB
Active:           467540 kB
Inactive:         514524 kB
Active(anon):     182016 kB
Inactive(anon):   234980 kB
Active(file):     285524 kB
Inactive(file):   279544 kB
Unevictable:        3132 kB
Mlocked:               0 kB
HighTotal:        849920 kB
HighFree:           8720 kB
LowTotal:         536648 kB
LowFree:           67056 kB
SwapTotal:        786428 kB
SwapFree:         732016 kB
Dirty:                 0 kB
Writeback:             0 kB
AnonPages:        414100 kB
Mapped:           310588 kB
Shmem:               900 kB
Slab:              52896 kB
SReclaimable:      17356 kB
SUnreclaim:        35540 kB
KernelStack:       10432 kB
PageTables:        29688 kB
NFS_Unstable:          0 kB
Bounce:                0 kB
WritebackTmp:          0 kB
CommitLimit:     1479712 kB
Committed_AS:   65935644 kB
VmallocTotal:     319488 kB
VmallocUsed:       17464 kB
VmallocChunk:     191500 kB
Time pass: 288 sec

---2015-12-18 17:09:26
MemTotal:        1386568 kB
MemFree:           77564 kB
Buffers:           13400 kB
Cached:           555736 kB
SwapCached:         6400 kB
Active:           466600 kB
Inactive:         514536 kB
Active(anon):     181076 kB
Inactive(anon):   234976 kB
Active(file):     285524 kB
Inactive(file):   279560 kB
Unevictable:        3132 kB
Mlocked:               0 kB
HighTotal:        849920 kB
HighFree:           9392 kB
LowTotal:         536648 kB
LowFree:           68172 kB
SwapTotal:        786428 kB
SwapFree:         732016 kB
Dirty:                44 kB
Writeback:             0 kB
AnonPages:        413120 kB
Mapped:           310708 kB
Shmem:               920 kB
Slab:              52836 kB
SReclaimable:      17356 kB
SUnreclaim:        35480 kB
KernelStack:       10368 kB
PageTables:        29688 kB
NFS_Unstable:          0 kB
Bounce:                0 kB
WritebackTmp:          0 kB
CommitLimit:     1479712 kB
Committed_AS:   65935740 kB
VmallocTotal:     319488 kB
VmallocUsed:       17328 kB
VmallocChunk:     191500 kB
Time pass: 292 sec

---2015-12-18 17:09:26
MemTotal:        1386568 kB
MemFree:           76732 kB
Buffers:           13424 kB
Cached:           555720 kB
SwapCached:         6400 kB
Active:           467684 kB
Inactive:         514544 kB
Active(anon):     182160 kB
Inactive(anon):   234976 kB
Active(file):     285524 kB
Inactive(file):   279568 kB
Unevictable:        3132 kB
Mlocked:               0 kB
HighTotal:        849920 kB
HighFree:           8720 kB
LowTotal:         536648 kB
LowFree:           68012 kB
SwapTotal:        786428 kB
SwapFree:         732016 kB
Dirty:                40 kB
Writeback:             0 kB
AnonPages:        414216 kB
Mapped:           310708 kB
Shmem:               920 kB
Slab:              52644 kB
SReclaimable:      17356 kB
SUnreclaim:        35288 kB
KernelStack:       10440 kB
PageTables:        29688 kB
NFS_Unstable:          0 kB
Bounce:                0 kB
WritebackTmp:          0 kB
CommitLimit:     1479712 kB
Committed_AS:   65935996 kB
VmallocTotal:     319488 kB
VmallocUsed:       17396 kB
VmallocChunk:     191500 kB
Time pass: 296 sec

---2015-12-18 17:09:26
MemTotal:        1386568 kB
MemFree:           78152 kB
Buffers:           13424 kB
Cached:           555944 kB
SwapCached:         6400 kB
Active:           465676 kB
Inactive:         514768 kB
Active(anon):     180152 kB
Inactive(anon):   235060 kB
Active(file):     285524 kB
Inactive(file):   279708 kB
Unevictable:        3132 kB
Mlocked:               0 kB
HighTotal:        849920 kB
HighFree:          10012 kB
LowTotal:         536648 kB
LowFree:           68140 kB
SwapTotal:        786428 kB
SwapFree:         732016 kB
Dirty:                 4 kB
Writeback:             0 kB
AnonPages:        412180 kB
Mapped:           310748 kB
Shmem:              1004 kB
Slab:              52800 kB
SReclaimable:      17356 kB
SUnreclaim:        35444 kB
KernelStack:       10400 kB
PageTables:        29668 kB
NFS_Unstable:          0 kB
Bounce:                0 kB
WritebackTmp:          0 kB
CommitLimit:     1479712 kB
Committed_AS:   65933008 kB
VmallocTotal:     319488 kB
VmallocUsed:       17396 kB
VmallocChunk:     191500 kB
Time pass: 300 sec

---2015-12-18 17:09:26
MemTotal:        1386568 kB
MemFree:           78724 kB
Buffers:           13448 kB
Cached:           555948 kB
SwapCached:         6400 kB
Active:           464528 kB
Inactive:         514792 kB
Active(anon):     179000 kB
Inactive(anon):   235060 kB
Active(file):     285528 kB
Inactive(file):   279732 kB
Unevictable:        3132 kB
Mlocked:               0 kB
HighTotal:        849920 kB
HighFree:           8784 kB
LowTotal:         536648 kB
LowFree:           69940 kB
SwapTotal:        786428 kB
SwapFree:         732016 kB
Dirty:                44 kB
Writeback:             0 kB
AnonPages:        411164 kB
Mapped:           310748 kB
Shmem:              1004 kB
Slab:              52772 kB
SReclaimable:      17356 kB
SUnreclaim:        35416 kB
KernelStack:       10432 kB
PageTables:        29652 kB
NFS_Unstable:          0 kB
Bounce:                0 kB
WritebackTmp:          0 kB
CommitLimit:     1479712 kB
Committed_AS:   65933068 kB
VmallocTotal:     319488 kB
VmallocUsed:       17396 kB
VmallocChunk:     191500 kB
Time pass: 304 sec

---2015-12-18 17:09:26
MemTotal:        1386568 kB
MemFree:           79496 kB
Buffers:           13448 kB
Cached:           555944 kB
SwapCached:         6400 kB
Active:           464380 kB
Inactive:         514752 kB
Active(anon):     178856 kB
Inactive(anon):   235020 kB
Active(file):     285524 kB
Inactive(file):   279732 kB
Unevictable:        3132 kB
Mlocked:               0 kB
HighTotal:        849920 kB
HighFree:           9568 kB
LowTotal:         536648 kB
LowFree:           69928 kB
SwapTotal:        786428 kB
SwapFree:         732016 kB
Dirty:                48 kB
Writeback:             0 kB
AnonPages:        410948 kB
Mapped:           310804 kB
Shmem:              1004 kB
Slab:              52904 kB
SReclaimable:      17356 kB
SUnreclaim:        35548 kB
KernelStack:       10440 kB
PageTables:        29684 kB
NFS_Unstable:          0 kB
Bounce:                0 kB
WritebackTmp:          0 kB
CommitLimit:     1479712 kB
Committed_AS:   65933308 kB
VmallocTotal:     319488 kB
VmallocUsed:       17396 kB
VmallocChunk:     191500 kB
Time pass: 308 sec

---2015-12-18 17:09:26
MemTotal:        1386568 kB
MemFree:           79564 kB
Buffers:           13464 kB
Cached:           555944 kB
SwapCached:         6400 kB
Active:           464336 kB
Inactive:         514768 kB
Active(anon):     178812 kB
Inactive(anon):   235020 kB
Active(file):     285524 kB
Inactive(file):   279748 kB
Unevictable:        3132 kB
Mlocked:               0 kB
HighTotal:        849920 kB
HighFree:           9616 kB
LowTotal:         536648 kB
LowFree:           69948 kB
SwapTotal:        786428 kB
SwapFree:         732016 kB
Dirty:                 4 kB
Writeback:             0 kB
AnonPages:        410816 kB
Mapped:           310748 kB
Shmem:              1004 kB
Slab:              52772 kB
SReclaimable:      17356 kB
SUnreclaim:        35416 kB
KernelStack:       10384 kB
PageTables:        29672 kB
NFS_Unstable:          0 kB
Bounce:                0 kB
WritebackTmp:          0 kB
CommitLimit:     1479712 kB
Committed_AS:   65933388 kB
VmallocTotal:     319488 kB
VmallocUsed:       17396 kB
VmallocChunk:     191500 kB
Time pass: 312 sec

---2015-12-18 17:09:26
MemTotal:        1386568 kB
MemFree:           79276 kB
Buffers:           13472 kB
Cached:           555944 kB
SwapCached:         6400 kB
Active:           464432 kB
Inactive:         514688 kB
Active(anon):     178908 kB
Inactive(anon):   234932 kB
Active(file):     285524 kB
Inactive(file):   279756 kB
Unevictable:        3132 kB
Mlocked:               0 kB
HighTotal:        849920 kB
HighFree:           9544 kB
LowTotal:         536648 kB
LowFree:           69732 kB
SwapTotal:        786428 kB
SwapFree:         732016 kB
Dirty:                36 kB
Writeback:             0 kB
AnonPages:        410780 kB
Mapped:           310808 kB
Shmem:              1004 kB
Slab:              52804 kB
SReclaimable:      17356 kB
SUnreclaim:        35448 kB
KernelStack:       10416 kB
PageTables:        29684 kB
NFS_Unstable:          0 kB
Bounce:                0 kB
WritebackTmp:          0 kB
CommitLimit:     1479712 kB
Committed_AS:   65933520 kB
VmallocTotal:     319488 kB
VmallocUsed:       17396 kB
VmallocChunk:     191500 kB
Time pass: 316 sec

---2015-12-18 17:09:26
MemTotal:        1386568 kB
MemFree:           79064 kB
Buffers:           13488 kB
Cached:           555948 kB
SwapCached:         6400 kB
Active:           465312 kB
Inactive:         514704 kB
Active(anon):     179784 kB
Inactive(anon):   234932 kB
Active(file):     285528 kB
Inactive(file):   279772 kB
Unevictable:        3132 kB
Mlocked:               0 kB
HighTotal:        849920 kB
HighFree:           9332 kB
LowTotal:         536648 kB
LowFree:           69732 kB
SwapTotal:        786428 kB
SwapFree:         732016 kB
Dirty:                 8 kB
Writeback:             0 kB
AnonPages:        411624 kB
Mapped:           310812 kB
Shmem:              1004 kB
Slab:              52988 kB
SReclaimable:      17356 kB
SUnreclaim:        35632 kB
KernelStack:       10368 kB
PageTables:        29692 kB
NFS_Unstable:          0 kB
Bounce:                0 kB
WritebackTmp:          0 kB
CommitLimit:     1479712 kB
Committed_AS:   65933700 kB
VmallocTotal:     319488 kB
VmallocUsed:       17396 kB
VmallocChunk:     191500 kB
Time pass: 320 sec

---2015-12-18 17:09:26
MemTotal:        1386568 kB
MemFree:           78684 kB
Buffers:           13512 kB
Cached:           555936 kB
SwapCached:         6400 kB
Active:           465564 kB
Inactive:         514712 kB
Active(anon):     180032 kB
Inactive(anon):   234932 kB
Active(file):     285532 kB
Inactive(file):   279780 kB
Unevictable:        3132 kB
Mlocked:               0 kB
HighTotal:        849920 kB
HighFree:           9888 kB
LowTotal:         536648 kB
LowFree:           68796 kB
SwapTotal:        786428 kB
SwapFree:         732068 kB
Dirty:                36 kB
Writeback:             0 kB
AnonPages:        411912 kB
Mapped:           310812 kB
Shmem:              1004 kB
Slab:              52732 kB
SReclaimable:      17356 kB
SUnreclaim:        35376 kB
KernelStack:       10368 kB
PageTables:        29692 kB
NFS_Unstable:          0 kB
Bounce:                0 kB
WritebackTmp:          0 kB
CommitLimit:     1479712 kB
Committed_AS:   65933796 kB
VmallocTotal:     319488 kB
VmallocUsed:       17328 kB
VmallocChunk:     191500 kB
Time pass: 324 sec

---2015-12-18 17:09:26
MemTotal:        1386568 kB
MemFree:           78400 kB
Buffers:           13512 kB
Cached:           555968 kB
SwapCached:         6400 kB
Active:           465308 kB
Inactive:         514748 kB
Active(anon):     179780 kB
Inactive(anon):   234952 kB
Active(file):     285528 kB
Inactive(file):   279796 kB
Unevictable:        3132 kB
Mlocked:               0 kB
HighTotal:        849920 kB
HighFree:          10192 kB
LowTotal:         536648 kB
LowFree:           68208 kB
SwapTotal:        786428 kB
SwapFree:         732068 kB
Dirty:                60 kB
Writeback:             0 kB
AnonPages:        411628 kB
Mapped:           310832 kB
Shmem:              1024 kB
Slab:              52796 kB
SReclaimable:      17356 kB
SUnreclaim:        35440 kB
KernelStack:       10416 kB
PageTables:        29700 kB
NFS_Unstable:          0 kB
Bounce:                0 kB
WritebackTmp:          0 kB
CommitLimit:     1479712 kB
Committed_AS:   65934020 kB
VmallocTotal:     319488 kB
VmallocUsed:       17396 kB
VmallocChunk:     191500 kB
Time pass: 328 sec

---2015-12-18 17:09:26
MemTotal:        1386568 kB
MemFree:           78444 kB
Buffers:           13528 kB
Cached:           555968 kB
SwapCached:         6400 kB
Active:           465180 kB
Inactive:         514764 kB
Active(anon):     179652 kB
Inactive(anon):   234952 kB
Active(file):     285528 kB
Inactive(file):   279812 kB
Unevictable:        3132 kB
Mlocked:               0 kB
HighTotal:        849920 kB
HighFree:           9680 kB
LowTotal:         536648 kB
LowFree:           68764 kB
SwapTotal:        786428 kB
SwapFree:         732068 kB
Dirty:                 0 kB
Writeback:             0 kB
AnonPages:        411516 kB
Mapped:           310760 kB
Shmem:              1024 kB
Slab:              52732 kB
SReclaimable:      17356 kB
SUnreclaim:        35376 kB
KernelStack:       10376 kB
PageTables:        29712 kB
NFS_Unstable:          0 kB
Bounce:                0 kB
WritebackTmp:          0 kB
CommitLimit:     1479712 kB
Committed_AS:   65934068 kB
VmallocTotal:     319488 kB
VmallocUsed:       17396 kB
VmallocChunk:     191500 kB
Time pass: 332 sec

---2015-12-18 17:09:26
MemTotal:        1386568 kB
MemFree:           76188 kB
Buffers:           13552 kB
Cached:           555952 kB
SwapCached:         6400 kB
Active:           466812 kB
Inactive:         514752 kB
Active(anon):     181284 kB
Inactive(anon):   234932 kB
Active(file):     285528 kB
Inactive(file):   279820 kB
Unevictable:        3132 kB
Mlocked:               0 kB
HighTotal:        849920 kB
HighFree:           8612 kB
LowTotal:         536648 kB
LowFree:           67576 kB
SwapTotal:        786428 kB
SwapFree:         732068 kB
Dirty:                36 kB
Writeback:             0 kB
AnonPages:        413160 kB
Mapped:           310880 kB
Shmem:              1024 kB
Slab:              52796 kB
SReclaimable:      17356 kB
SUnreclaim:        35440 kB
KernelStack:       10432 kB
PageTables:        29692 kB
NFS_Unstable:          0 kB
Bounce:                0 kB
WritebackTmp:          0 kB
CommitLimit:     1479712 kB
Committed_AS:   65934324 kB
VmallocTotal:     319488 kB
VmallocUsed:       17464 kB
VmallocChunk:     191500 kB
Time pass: 336 sec

---2015-12-18 17:09:26
MemTotal:        1386568 kB
MemFree:           76740 kB
Buffers:           13552 kB
Cached:           555984 kB
SwapCached:         6400 kB
Active:           466768 kB
Inactive:         514784 kB
Active(anon):     181240 kB
Inactive(anon):   234948 kB
Active(file):     285528 kB
Inactive(file):   279836 kB
Unevictable:        3132 kB
Mlocked:               0 kB
HighTotal:        849920 kB
HighFree:           9676 kB
LowTotal:         536648 kB
LowFree:           67064 kB
SwapTotal:        786428 kB
SwapFree:         732072 kB
Dirty:                 4 kB
Writeback:             0 kB
AnonPages:        412968 kB
Mapped:           310852 kB
Shmem:              1040 kB
Slab:              52828 kB
SReclaimable:      17356 kB
SUnreclaim:        35472 kB
KernelStack:       10384 kB
PageTables:        29692 kB
NFS_Unstable:          0 kB
Bounce:                0 kB
WritebackTmp:          0 kB
CommitLimit:     1479712 kB
Committed_AS:   65934420 kB
VmallocTotal:     319488 kB
VmallocUsed:       17396 kB
VmallocChunk:     191500 kB
Time pass: 340 sec

---2015-12-18 17:09:26
MemTotal:        1386568 kB
MemFree:           76488 kB
Buffers:           13576 kB
Cached:           556008 kB
SwapCached:         6400 kB
Active:           467132 kB
Inactive:         514832 kB
Active(anon):     181600 kB
Inactive(anon):   234972 kB
Active(file):     285532 kB
Inactive(file):   279860 kB
Unevictable:        3132 kB
Mlocked:               0 kB
HighTotal:        849920 kB
HighFree:           9560 kB
LowTotal:         536648 kB
LowFree:           66928 kB
SwapTotal:        786428 kB
SwapFree:         732076 kB
Dirty:                 4 kB
Writeback:            24 kB
AnonPages:        413308 kB
Mapped:           310872 kB
Shmem:              1060 kB
Slab:              52760 kB
SReclaimable:      17356 kB
SUnreclaim:        35404 kB
KernelStack:       10432 kB
PageTables:        29700 kB
NFS_Unstable:          0 kB
Bounce:                0 kB
WritebackTmp:          0 kB
CommitLimit:     1479712 kB
Committed_AS:   65934476 kB
VmallocTotal:     319488 kB
VmallocUsed:       17328 kB
VmallocChunk:     191500 kB
Time pass: 344 sec

---2015-12-18 17:09:26
MemTotal:        1386568 kB
MemFree:           75720 kB
Buffers:           13592 kB
Cached:           555992 kB
SwapCached:         6396 kB
Active:           468020 kB
Inactive:         514832 kB
Active(anon):     182488 kB
Inactive(anon):   234972 kB
Active(file):     285532 kB
Inactive(file):   279860 kB
Unevictable:        3132 kB
Mlocked:               0 kB
HighTotal:        849920 kB
HighFree:           8716 kB
LowTotal:         536648 kB
LowFree:           67004 kB
SwapTotal:        786428 kB
SwapFree:         732080 kB
Dirty:                 4 kB
Writeback:             0 kB
AnonPages:        414276 kB
Mapped:           310816 kB
Shmem:              1060 kB
Slab:              52768 kB
SReclaimable:      17356 kB
SUnreclaim:        35412 kB
KernelStack:       10392 kB
PageTables:        29664 kB
NFS_Unstable:          0 kB
Bounce:                0 kB
WritebackTmp:          0 kB
CommitLimit:     1479712 kB
Committed_AS:   65934652 kB
VmallocTotal:     319488 kB
VmallocUsed:       17396 kB
VmallocChunk:     191500 kB
Time pass: 348 sec

---2015-12-18 17:09:26
MemTotal:        1386568 kB
MemFree:           75708 kB
Buffers:           13592 kB
Cached:           556008 kB
SwapCached:         6396 kB
Active:           467508 kB
Inactive:         514848 kB
Active(anon):     181976 kB
Inactive(anon):   234972 kB
Active(file):     285532 kB
Inactive(file):   279876 kB
Unevictable:        3132 kB
Mlocked:               0 kB
HighTotal:        849920 kB
HighFree:           8808 kB
LowTotal:         536648 kB
LowFree:           66900 kB
SwapTotal:        786428 kB
SwapFree:         732080 kB
Dirty:                48 kB
Writeback:             0 kB
AnonPages:        414036 kB
Mapped:           310872 kB
