---2015-11-24 14:37:46
MemTotal:        2905316 kB
MemFree:          118564 kB
Buffers:           26220 kB
Cached:          1381100 kB
SwapCached:            0 kB
Active:          1289924 kB
Inactive:        1016088 kB
Active(anon):     786412 kB
Inactive(anon):   132040 kB
Active(file):     503512 kB
Inactive(file):   884048 kB
Unevictable:        7796 kB
Mlocked:               0 kB
SwapTotal:        720184 kB
SwapFree:         720184 kB
Dirty:                32 kB
Writeback:             0 kB
AnonPages:        906544 kB
Mapped:           501756 kB
Shmem:             11944 kB
Slab:             119436 kB
SReclaimable:      37548 kB
SUnreclaim:        81888 kB
KernelStack:       31840 kB
PageTables:        53548 kB
NFS_Unstable:          0 kB
Bounce:                0 kB
WritebackTmp:          0 kB
CommitLimit:     2172840 kB
Committed_AS:   88822920 kB
VmallocTotal:   251658176 kB
VmallocUsed:      132252 kB
VmallocChunk:   251425836 kB
Time pass: 3 sec

---2015-11-24 14:37:46
MemTotal:        2905316 kB
MemFree:          114140 kB
Buffers:           26228 kB
Cached:          1383688 kB
SwapCached:            0 kB
Active:          1291448 kB
Inactive:        1018564 kB
Active(anon):     787928 kB
Inactive(anon):   132040 kB
Active(file):     503520 kB
Inactive(file):   886524 kB
Unevictable:        7796 kB
Mlocked:               0 kB
SwapTotal:        720184 kB
SwapFree:         720184 kB
Dirty:                44 kB
Writeback:             0 kB
AnonPages:        908152 kB
Mapped:           502092 kB
Shmem:             11944 kB
Slab:             119436 kB
SReclaimable:      37548 kB
SUnreclaim:        81888 kB
KernelStack:       31856 kB
PageTables:        53552 kB
NFS_Unstable:          0 kB
Bounce:                0 kB
WritebackTmp:          0 kB
CommitLimit:     2172840 kB
Committed_AS:   88826604 kB
VmallocTotal:   251658176 kB
VmallocUsed:      132252 kB
VmallocChunk:   251425836 kB
Time pass: 7 sec

---2015-11-24 14:37:46
MemTotal:        2905316 kB
MemFree:           68856 kB
Buffers:           26116 kB
Cached:          1228068 kB
SwapCached:            0 kB
Active:          1328908 kB
Inactive:         870072 kB
Active(anon):     805400 kB
Inactive(anon):   159508 kB
Active(file):     523508 kB
Inactive(file):   710564 kB
Unevictable:        7796 kB
Mlocked:               0 kB
SwapTotal:        720184 kB
SwapFree:         720184 kB
Dirty:               596 kB
Writeback:             0 kB
AnonPages:        952796 kB
Mapped:           620968 kB
Shmem:             12152 kB
Slab:             115512 kB
SReclaimable:      33912 kB
SUnreclaim:        81600 kB
KernelStack:       33120 kB
PageTables:        55028 kB
NFS_Unstable:          0 kB
Bounce:                0 kB
WritebackTmp:          0 kB
CommitLimit:     2172840 kB
Committed_AS:   89679272 kB
VmallocTotal:   251658176 kB
VmallocUsed:      134232 kB
VmallocChunk:   251425836 kB
Time pass: 24 sec

---2015-11-24 14:37:46
MemTotal:        2905316 kB
MemFree:           65304 kB
Buffers:           24580 kB
Cached:          1176720 kB
SwapCached:            0 kB
Active:          1323060 kB
Inactive:         826380 kB
Active(anon):     795960 kB
Inactive(anon):   172052 kB
Active(file):     527100 kB
Inactive(file):   654328 kB
Unevictable:        7796 kB
Mlocked:               0 kB
SwapTotal:        720184 kB
SwapFree:         720184 kB
Dirty:               212 kB
Writeback:             0 kB
AnonPages:        956120 kB
Mapped:           669596 kB
Shmem:             12152 kB
Slab:             115416 kB
SReclaimable:      33812 kB
SUnreclaim:        81604 kB
KernelStack:       33200 kB
PageTables:        55200 kB
NFS_Unstable:          0 kB
Bounce:                0 kB
WritebackTmp:          0 kB
CommitLimit:     2172840 kB
Committed_AS:   89698356 kB
VmallocTotal:   251658176 kB
VmallocUsed:      134656 kB
VmallocChunk:   251425836 kB
Time pass: 29 sec

---2015-11-24 14:37:46
MemTotal:        2905316 kB
MemFree:           64292 kB
Buffers:           24580 kB
Cached:          1172676 kB
SwapCached:            0 kB
Active:          1322784 kB
Inactive:         823304 kB
Active(anon):     795368 kB
Inactive(anon):   173456 kB
Active(file):     527416 kB
Inactive(file):   649848 kB
Unevictable:        7796 kB
Mlocked:               0 kB
SwapTotal:        720184 kB
SwapFree:         720184 kB
Dirty:                76 kB
Writeback:             0 kB
AnonPages:        956756 kB
Mapped:           674352 kB
Shmem:             12152 kB
Slab:             115432 kB
SReclaimable:      33816 kB
SUnreclaim:        81616 kB
KernelStack:       33184 kB
PageTables:        55212 kB
NFS_Unstable:          0 kB
Bounce:                0 kB
WritebackTmp:          0 kB
CommitLimit:     2172840 kB
Committed_AS:   89698628 kB
VmallocTotal:   251658176 kB
VmallocUsed:      134716 kB
VmallocChunk:   251425836 kB
Time pass: 35 sec

---2015-11-24 14:37:46
MemTotal:        2905316 kB
MemFree:           66696 kB
Buffers:           24588 kB
Cached:          1168732 kB
SwapCached:            0 kB
Active:          1323148 kB
Inactive:         819728 kB
Active(anon):     794776 kB
Inactive(anon):   174736 kB
Active(file):     528372 kB
Inactive(file):   644992 kB
Unevictable:        7796 kB
Mlocked:               0 kB
SwapTotal:        720184 kB
SwapFree:         720184 kB
Dirty:              1220 kB
Writeback:             0 kB
AnonPages:        957544 kB
Mapped:           674832 kB
Shmem:             12152 kB
Slab:             115432 kB
SReclaimable:      33816 kB
SUnreclaim:        81616 kB
KernelStack:       33168 kB
PageTables:        55212 kB
NFS_Unstable:          0 kB
Bounce:                0 kB
WritebackTmp:          0 kB
CommitLimit:     2172840 kB
Committed_AS:   89698616 kB
VmallocTotal:   251658176 kB
VmallocUsed:      134716 kB
VmallocChunk:   251425836 kB
Time pass: 39 sec

---2015-11-24 14:37:46
MemTotal:        2905316 kB
MemFree:           66764 kB
Buffers:           24588 kB
Cached:          1168732 kB
SwapCached:            0 kB
Active:          1323464 kB
Inactive:         819736 kB
Active(anon):     795092 kB
Inactive(anon):   174736 kB
Active(file):     528372 kB
Inactive(file):   645000 kB
Unevictable:        7796 kB
Mlocked:               0 kB
SwapTotal:        720184 kB
SwapFree:         720184 kB
Dirty:              1220 kB
Writeback:             0 kB
AnonPages:        957584 kB
Mapped:           674832 kB
Shmem:             12152 kB
Slab:             115436 kB
SReclaimable:      33816 kB
SUnreclaim:        81620 kB
KernelStack:       33200 kB
PageTables:        55212 kB
NFS_Unstable:          0 kB
Bounce:                0 kB
WritebackTmp:          0 kB
CommitLimit:     2172840 kB
Committed_AS:   89698652 kB
VmallocTotal:   251658176 kB
VmallocUsed:      134716 kB
VmallocChunk:   251425836 kB
Time pass: 43 sec

---2015-11-24 14:37:46
MemTotal:        2905316 kB
MemFree:           66068 kB
Buffers:           25132 kB
Cached:          1147252 kB
SwapCached:            0 kB
Active:          1335636 kB
Inactive:         801616 kB
Active(anon):     805696 kB
Inactive(anon):   179060 kB
Active(file):     529940 kB
Inactive(file):   622556 kB
Unevictable:        7796 kB
Mlocked:               0 kB
SwapTotal:        720184 kB
SwapFree:         720184 kB
Dirty:                16 kB
Writeback:             0 kB
AnonPages:        972704 kB
Mapped:           677660 kB
Shmem:             12124 kB
Slab:             113392 kB
SReclaimable:      31704 kB
SUnreclaim:        81688 kB
KernelStack:       33008 kB
PageTables:        55188 kB
NFS_Unstable:          0 kB
Bounce:                0 kB
WritebackTmp:          0 kB
CommitLimit:     2172840 kB
Committed_AS:   89717980 kB
VmallocTotal:   251658176 kB
VmallocUsed:      134768 kB
VmallocChunk:   251425836 kB
Time pass: 348 sec

---2015-11-24 14:37:46
MemTotal:        2905316 kB
MemFree:           62816 kB
Buffers:           25140 kB
Cached:          1147324 kB
SwapCached:            0 kB
Active:          1336080 kB
Inactive:         801696 kB
Active(anon):     806136 kB
Inactive(anon):   179132 kB
Active(file):     529944 kB
Inactive(file):   622564 kB
Unevictable:        7796 kB
Mlocked:               0 kB
SwapTotal:        720184 kB
SwapFree:         720184 kB
Dirty:                 8 kB
Writeback:             0 kB
AnonPages:        972904 kB
Mapped:           677792 kB
Shmem:             12196 kB
Slab:             115744 kB
SReclaimable:      34056 kB
SUnreclaim:        81688 kB
KernelStack:       33040 kB
PageTables:        55276 kB
NFS_Unstable:          0 kB
Bounce:                0 kB
WritebackTmp:          0 kB
CommitLimit:     2172840 kB
Committed_AS:   89718008 kB
VmallocTotal:   251658176 kB
VmallocUsed:      134768 kB
VmallocChunk:   251425836 kB
Time pass: 352 sec

---2015-11-24 14:37:46
MemTotal:        2905316 kB
MemFree:           75556 kB
Buffers:           24800 kB
Cached:          1095756 kB
SwapCached:            0 kB
Active:          1340656 kB
Inactive:         751628 kB
Active(anon):     804748 kB
Inactive(anon):   187056 kB
Active(file):     535908 kB
Inactive(file):   564572 kB
Unevictable:        7796 kB
Mlocked:               0 kB
SwapTotal:        720184 kB
SwapFree:         720184 kB
Dirty:               520 kB
Writeback:             0 kB
AnonPages:        980048 kB
Mapped:           690080 kB
Shmem:             12196 kB
Slab:             115800 kB
SReclaimable:      34052 kB
SUnreclaim:        81748 kB
KernelStack:       33056 kB
PageTables:        55296 kB
NFS_Unstable:          0 kB
Bounce:                0 kB
WritebackTmp:          0 kB
CommitLimit:     2172840 kB
Committed_AS:   89720444 kB
VmallocTotal:   251658176 kB
VmallocUsed:      134928 kB
VmallocChunk:   251425836 kB
Time pass: 356 sec

---2015-11-24 14:37:46
MemTotal:        2905316 kB
MemFree:           74040 kB
Buffers:           24808 kB
Cached:          1098276 kB
SwapCached:            0 kB
Active:          1335488 kB
Inactive:         754112 kB
Active(anon):     799472 kB
Inactive(anon):   187040 kB
Active(file):     536016 kB
Inactive(file):   567072 kB
Unevictable:        7796 kB
Mlocked:               0 kB
SwapTotal:        720184 kB
SwapFree:         720184 kB
Dirty:                32 kB
Writeback:             0 kB
AnonPages:        974428 kB
Mapped:           694316 kB
Shmem:             12196 kB
Slab:             115908 kB
SReclaimable:      34116 kB
SUnreclaim:        81792 kB
KernelStack:       33024 kB
PageTables:        55308 kB
NFS_Unstable:          0 kB
Bounce:                0 kB
WritebackTmp:          0 kB
CommitLimit:     2172840 kB
Committed_AS:   89725720 kB
VmallocTotal:   251658176 kB
VmallocUsed:      134956 kB
VmallocChunk:   251425836 kB
Time pass: 366 sec

---2015-11-24 14:37:46
MemTotal:        2905316 kB
MemFree:           75260 kB
Buffers:           24832 kB
Cached:          1098300 kB
SwapCached:            0 kB
Active:          1335592 kB
Inactive:         754140 kB
Active(anon):     799560 kB
Inactive(anon):   187036 kB
Active(file):     536032 kB
Inactive(file):   567104 kB
Unevictable:        7796 kB
Mlocked:               0 kB
SwapTotal:        720184 kB
SwapFree:         720184 kB
Dirty:                16 kB
Writeback:             0 kB
AnonPages:        974340 kB
Mapped:           694296 kB
Shmem:             12196 kB
Slab:             115912 kB
SReclaimable:      34116 kB
SUnreclaim:        81796 kB
KernelStack:       32928 kB
PageTables:        55304 kB
NFS_Unstable:          0 kB
Bounce:                0 kB
WritebackTmp:          0 kB
CommitLimit:     2172840 kB
Committed_AS:   89725572 kB
VmallocTotal:   251658176 kB
VmallocUsed:      134956 kB
VmallocChunk:   251425836 kB
Time pass: 378 sec

---2015-11-24 14:37:46
MemTotal:        2905316 kB
MemFree:           74068 kB
Buffers:           24848 kB
Cached:          1098384 kB
SwapCached:            0 kB
Active:          1336620 kB
Inactive:         754212 kB
Active(anon):     800564 kB
Inactive(anon):   187108 kB
Active(file):     536056 kB
Inactive(file):   567104 kB
Unevictable:        7796 kB
Mlocked:               0 kB
SwapTotal:        720184 kB
SwapFree:         720184 kB
Dirty:                20 kB
Writeback:             0 kB
AnonPages:        975320 kB
Mapped:           694436 kB
Shmem:             12268 kB
Slab:             115972 kB
SReclaimable:      34116 kB
SUnreclaim:        81856 kB
KernelStack:       32960 kB
PageTables:        55388 kB
NFS_Unstable:          0 kB
Bounce:                0 kB
WritebackTmp:          0 kB
CommitLimit:     2172840 kB
Committed_AS:   89758316 kB
VmallocTotal:   251658176 kB
VmallocUsed:      134956 kB
VmallocChunk:   251425836 kB
Time pass: 384 sec

---2015-11-24 14:37:46
MemTotal:        2905316 kB
MemFree:           73752 kB
Buffers:           24856 kB
Cached:          1098388 kB
SwapCached:            0 kB
Active:          1336604 kB
Inactive:         754228 kB
Active(anon):     800548 kB
Inactive(anon):   187108 kB
Active(file):     536056 kB
Inactive(file):   567120 kB
Unevictable:        7796 kB
Mlocked:               0 kB
SwapTotal:        720184 kB
SwapFree:         720184 kB
Dirty:                60 kB
Writeback:             0 kB
AnonPages:        975448 kB
Mapped:           694444 kB
Shmem:             12268 kB
Slab:             115972 kB
SReclaimable:      34116 kB
SUnreclaim:        81856 kB
KernelStack:       32960 kB
PageTables:        55380 kB
NFS_Unstable:          0 kB
Bounce:                0 kB
WritebackTmp:          0 kB
CommitLimit:     2172840 kB
Committed_AS:   89758328 kB
VmallocTotal:   251658176 kB
VmallocUsed:      134956 kB
VmallocChunk:   251425836 kB
Time pass: 389 sec

---2015-11-24 14:37:46
MemTotal:        2905316 kB
MemFree:           68940 kB
Buffers:           24864 kB
Cached:          1098400 kB
SwapCached:            0 kB
Active:          1338088 kB
Inactive:         754244 kB
Active(anon):     802024 kB
Inactive(anon):   187108 kB
Active(file):     536064 kB
Inactive(file):   567136 kB
Unevictable:        7796 kB
Mlocked:               0 kB
SwapTotal:        720184 kB
SwapFree:         720184 kB
Dirty:                20 kB
Writeback:             0 kB
AnonPages:        976960 kB
Mapped:           694444 kB
Shmem:             12268 kB
Slab:             119448 kB
SReclaimable:      37332 kB
SUnreclaim:        82116 kB
KernelStack:       33024 kB
PageTables:        55432 kB
NFS_Unstable:          0 kB
Bounce:                0 kB
WritebackTmp:          0 kB
CommitLimit:     2172840 kB
Committed_AS:   89764520 kB
VmallocTotal:   251658176 kB
VmallocUsed:      134956 kB
VmallocChunk:   251425836 kB
Time pass: 393 sec

---2015-11-24 14:37:46
MemTotal:        2905316 kB
MemFree:           68880 kB
Buffers:           24872 kB
Cached:          1098476 kB
SwapCached:            0 kB
Active:          1337576 kB
Inactive:         754308 kB
Active(anon):     801492 kB
Inactive(anon):   187108 kB
Active(file):     536084 kB
Inactive(file):   567200 kB
Unevictable:        7796 kB
Mlocked:               0 kB
SwapTotal:        720184 kB
SwapFree:         720184 kB
Dirty:                16 kB
Writeback:             0 kB
AnonPages:        976464 kB
Mapped:           694456 kB
Shmem:             12268 kB
Slab:             119656 kB
SReclaimable:      37520 kB
SUnreclaim:        82136 kB
KernelStack:       33056 kB
PageTables:        55440 kB
NFS_Unstable:          0 kB
Bounce:                0 kB
WritebackTmp:          0 kB
CommitLimit:     2172840 kB
Committed_AS:   89763960 kB
VmallocTotal:   251658176 kB
VmallocUsed:      135976 kB
VmallocChunk:   251425836 kB
Time pass: 397 sec

---2015-11-24 14:37:46
MemTotal:        2905316 kB
MemFree:           68040 kB
Buffers:           24880 kB
Cached:          1098496 kB
SwapCached:            0 kB
Active:          1338440 kB
Inactive:         754316 kB
Active(anon):     802356 kB
Inactive(anon):   187108 kB
Active(file):     536084 kB
Inactive(file):   567208 kB
Unevictable:        7796 kB
Mlocked:               0 kB
SwapTotal:        720184 kB
SwapFree:         720184 kB
Dirty:                60 kB
Writeback:             0 kB
AnonPages:        977288 kB
Mapped:           694448 kB
Shmem:             12268 kB
Slab:             119756 kB
SReclaimable:      37612 kB
SUnreclaim:        82144 kB
KernelStack:       33040 kB
PageTables:        55440 kB
NFS_Unstable:          0 kB
Bounce:                0 kB
WritebackTmp:          0 kB
CommitLimit:     2172840 kB
Committed_AS:   89764520 kB
VmallocTotal:   251658176 kB
VmallocUsed:      134956 kB
VmallocChunk:   251425836 kB
Time pass: 401 sec

---2015-11-24 14:37:46
MemTotal:        2905316 kB
MemFree:          358120 kB
Buffers:           23144 kB
Cached:          1068716 kB
SwapCached:            0 kB
Active:          1277756 kB
Inactive:         725128 kB
Active(anon):     745460 kB
Inactive(anon):   192912 kB
Active(file):     532296 kB
Inactive(file):   532216 kB
Unevictable:       12680 kB
Mlocked:               0 kB
SwapTotal:        720184 kB
SwapFree:         720184 kB
Dirty:               344 kB
Writeback:             0 kB
AnonPages:        923528 kB
Mapped:           494632 kB
Shmem:             14468 kB
Slab:             115900 kB
SReclaimable:      33956 kB
SUnreclaim:        81944 kB
KernelStack:       33072 kB
PageTables:        54348 kB
NFS_Unstable:          0 kB
Bounce:                0 kB
WritebackTmp:          0 kB
CommitLimit:     2172840 kB
Committed_AS:   90163620 kB
VmallocTotal:   251658176 kB
VmallocUsed:      133056 kB
VmallocChunk:   251425836 kB
Time pass: 404 sec

---2015-11-24 14:37:46
MemTotal:        2905316 kB
MemFree:          228312 kB
Buffers:           23324 kB
Cached:          1069724 kB
SwapCached:            0 kB
Active:          1323772 kB
Inactive:         724788 kB
Active(anon):     789860 kB
Inactive(anon):   193056 kB
Active(file):     533912 kB
Inactive(file):   531732 kB
Unevictable:       12760 kB
Mlocked:               0 kB
SwapTotal:        720184 kB
SwapFree:         720184 kB
Dirty:              1812 kB
Writeback:             0 kB
AnonPages:        968576 kB
Mapped:           558756 kB
Shmem:             14644 kB
Slab:             115984 kB
SReclaimable:      34088 kB
SUnreclaim:        81896 kB
KernelStack:       33120 kB
PageTables:        55516 kB
NFS_Unstable:          0 kB
Bounce:                0 kB
WritebackTmp:          0 kB
CommitLimit:     2172840 kB
Committed_AS:   91016104 kB
VmallocTotal:   251658176 kB
VmallocUsed:      147524 kB
VmallocChunk:   251395140 kB
Time pass: 408 sec

---2015-11-24 14:37:46
MemTotal:        2905316 kB
MemFree:          181596 kB
Buffers:           23348 kB
Cached:          1069316 kB
SwapCached:            0 kB
Active:          1307168 kB
Inactive:         724392 kB
Active(anon):     773244 kB
Inactive(anon):   193056 kB
Active(file):     533924 kB
Inactive(file):   531336 kB
Unevictable:       12760 kB
Mlocked:               0 kB
SwapTotal:        720184 kB
SwapFree:         720184 kB
Dirty:               636 kB
Writeback:             0 kB
AnonPages:        951680 kB
Mapped:           617860 kB
Shmem:             14644 kB
Slab:             116016 kB
SReclaimable:      34104 kB
SUnreclaim:        81912 kB
KernelStack:       33088 kB
PageTables:        55644 kB
NFS_Unstable:          0 kB
Bounce:                0 kB
WritebackTmp:          0 kB
CommitLimit:     2172840 kB
Committed_AS:   91013884 kB
VmallocTotal:   251658176 kB
VmallocUsed:      135304 kB
VmallocChunk:   251425836 kB
Time pass: 413 sec

---2015-11-24 14:37:46
MemTotal:        2905316 kB
MemFree:           63208 kB
Buffers:           23432 kB
Cached:          1064024 kB
SwapCached:            0 kB
Active:          1325172 kB
Inactive:         725008 kB
Active(anon):     795112 kB
Inactive(anon):   195068 kB
Active(file):     530060 kB
Inactive(file):   529940 kB
Unevictable:       12764 kB
Mlocked:               0 kB
SwapTotal:        720184 kB
SwapFree:         720156 kB
Dirty:                80 kB
Writeback:             0 kB
AnonPages:        975584 kB
Mapped:           695652 kB
Shmem:             14688 kB
Slab:             116088 kB
SReclaimable:      34084 kB
SUnreclaim:        82004 kB
KernelStack:       33088 kB
PageTables:        56008 kB
NFS_Unstable:          0 kB
Bounce:                0 kB
WritebackTmp:          0 kB
CommitLimit:     2172840 kB
Committed_AS:   91070096 kB
VmallocTotal:   251658176 kB
VmallocUsed:      136060 kB
VmallocChunk:   251425836 kB
Time pass: 452 sec

---2015-11-24 14:37:46
MemTotal:        2905316 kB
MemFree:           63388 kB
Buffers:           23440 kB
Cached:          1064032 kB
SwapCached:            0 kB
Active:          1325476 kB
Inactive:         725016 kB
Active(anon):     795408 kB
Inactive(anon):   195068 kB
Active(file):     530068 kB
Inactive(file):   529948 kB
Unevictable:       12764 kB
Mlocked:               0 kB
SwapTotal:        720184 kB
SwapFree:         720156 kB
Dirty:                24 kB
Writeback:             0 kB
AnonPages:        975780 kB
Mapped:           695792 kB
Shmem:             14688 kB
Slab:             116088 kB
SReclaimable:      34084 kB
SUnreclaim:        82004 kB
KernelStack:       33120 kB
PageTables:        56032 kB
NFS_Unstable:          0 kB
Bounce:                0 kB
WritebackTmp:          0 kB
CommitLimit:     2172840 kB
Committed_AS:   91070108 kB
VmallocTotal:   251658176 kB
VmallocUsed:      136060 kB
VmallocChunk:   251425836 kB
Time pass: 456 sec

---2015-11-24 14:37:46
MemTotal:        2905316 kB
MemFree:           75076 kB
Buffers:           23168 kB
Cached:          1044984 kB
SwapCached:            0 kB
Active:          1321820 kB
Inactive:         721052 kB
Active(anon):     801468 kB
Inactive(anon):   200660 kB
Active(file):     520352 kB
Inactive(file):   520392 kB
Unevictable:       12764 kB
Mlocked:               0 kB
SwapTotal:        720184 kB
SwapFree:         720156 kB
Dirty:               424 kB
Writeback:             0 kB
AnonPages:        987836 kB
Mapped:           698940 kB
Shmem:             14688 kB
Slab:             116080 kB
SReclaimable:      34080 kB
SUnreclaim:        82000 kB
KernelStack:       33120 kB
PageTables:        56032 kB
NFS_Unstable:          0 kB
Bounce:                0 kB
WritebackTmp:          0 kB
CommitLimit:     2172840 kB
Committed_AS:   91070676 kB
VmallocTotal:   251658176 kB
VmallocUsed:      136012 kB
VmallocChunk:   251425836 kB
Time pass: 460 sec

---2015-11-24 14:37:46
MemTotal:        2905316 kB
MemFree:           82984 kB
Buffers:           23112 kB
Cached:          1020628 kB
SwapCached:            0 kB
Active:          1303616 kB
Inactive:         710844 kB
Active(anon):     797176 kB
Inactive(anon):   201036 kB
Active(file):     506440 kB
Inactive(file):   509808 kB
Unevictable:       12764 kB
Mlocked:               0 kB
SwapTotal:        720184 kB
SwapFree:         720156 kB
Dirty:                32 kB
Writeback:             0 kB
AnonPages:        983596 kB
Mapped:           710304 kB
Shmem:             14688 kB
Slab:             116264 kB
SReclaimable:      34136 kB
SUnreclaim:        82128 kB
KernelStack:       33120 kB
PageTables:        55996 kB
NFS_Unstable:          0 kB
Bounce:                0 kB
WritebackTmp:          0 kB
CommitLimit:     2172840 kB
Committed_AS:   91071152 kB
VmallocTotal:   251658176 kB
VmallocUsed:      136244 kB
VmallocChunk:   251425836 kB
Time pass: 464 sec

---2015-11-24 14:37:46
MemTotal:        2905316 kB
MemFree:           82676 kB
Buffers:           23120 kB
Cached:          1020668 kB
SwapCached:            0 kB
Active:          1303840 kB
Inactive:         710888 kB
Active(anon):     797396 kB
Inactive(anon):   201072 kB
Active(file):     506444 kB
Inactive(file):   509816 kB
Unevictable:       12764 kB
Mlocked:               0 kB
SwapTotal:        720184 kB
SwapFree:         720156 kB
Dirty:                92 kB
Writeback:            52 kB
AnonPages:        983956 kB
Mapped:           710300 kB
Shmem:             14724 kB
Slab:             116152 kB
SReclaimable:      34024 kB
SUnreclaim:        82128 kB
KernelStack:       33104 kB
PageTables:        56008 kB
NFS_Unstable:          0 kB
Bounce:                0 kB
WritebackTmp:          0 kB
CommitLimit:     2172840 kB
Committed_AS:   91103936 kB
VmallocTotal:   251658176 kB
VmallocUsed:      136244 kB
VmallocChunk:   251425836 kB
Time pass: 468 sec

---2015-11-24 14:37:46
MemTotal:        2905316 kB
MemFree:           82468 kB
Buffers:           23128 kB
Cached:          1020720 kB
SwapCached:            0 kB
Active:          1303896 kB
Inactive:         710968 kB
Active(anon):     797436 kB
Inactive(anon):   201104 kB
Active(file):     506460 kB
Inactive(file):   509864 kB
Unevictable:       12764 kB
Mlocked:               0 kB
SwapTotal:        720184 kB
SwapFree:         720156 kB
Dirty:                12 kB
Writeback:             0 kB
AnonPages:        983904 kB
Mapped:           710348 kB
Shmem:             14760 kB
Slab:             116160 kB
SReclaimable:      34024 kB
SUnreclaim:        82136 kB
KernelStack:       33088 kB
PageTables:        56036 kB
NFS_Unstable:          0 kB
Bounce:                0 kB
WritebackTmp:          0 kB
CommitLimit:     2172840 kB
Committed_AS:   91103888 kB
VmallocTotal:   251658176 kB
VmallocUsed:      136244 kB
VmallocChunk:   251425836 kB
Time pass: 473 sec

---2015-11-24 14:37:46
MemTotal:        2905316 kB
MemFree:           82940 kB
Buffers:           23136 kB
Cached:          1020792 kB
SwapCached:            0 kB
Active:          1304504 kB
Inactive:         711028 kB
Active(anon):     798024 kB
Inactive(anon):   201104 kB
Active(file):     506480 kB
Inactive(file):   509924 kB
Unevictable:       12764 kB
Mlocked:               0 kB
SwapTotal:        720184 kB
SwapFree:         720156 kB
Dirty:                12 kB
Writeback:             0 kB
AnonPages:        984352 kB
Mapped:           710544 kB
Shmem:             14760 kB
Slab:             116160 kB
SReclaimable:      34024 kB
SUnreclaim:        82136 kB
KernelStack:       33152 kB
PageTables:        56060 kB
NFS_Unstable:          0 kB
Bounce:                0 kB
WritebackTmp:          0 kB
CommitLimit:     2172840 kB
Committed_AS:   91103960 kB
VmallocTotal:   251658176 kB
VmallocUsed:      136244 kB
VmallocChunk:   251425836 kB
Time pass: 477 sec

---2015-11-24 14:37:46
MemTotal:        2905316 kB
MemFree:           79936 kB
Buffers:           23144 kB
Cached:          1020824 kB
SwapCached:            0 kB
Active:          1307584 kB
Inactive:         711052 kB
Active(anon):     801088 kB
Inactive(anon):   201104 kB
Active(file):     506496 kB
Inactive(file):   509948 kB
Unevictable:       12764 kB
Mlocked:               0 kB
SwapTotal:        720184 kB
SwapFree:         720156 kB
Dirty:                60 kB
Writeback:             0 kB
AnonPages:        987416 kB
Mapped:           712408 kB
Shmem:             14760 kB
Slab:             116160 kB
SReclaimable:      34024 kB
SUnreclaim:        82136 kB
KernelStack:       33280 kB
PageTables:        56068 kB
NFS_Unstable:          0 kB
Bounce:                0 kB
WritebackTmp:          0 kB
CommitLimit:     2172840 kB
Committed_AS:   91107156 kB
VmallocTotal:   251658176 kB
VmallocUsed:      136244 kB
VmallocChunk:   251425836 kB
Time pass: 483 sec

---2015-11-24 14:37:46
MemTotal:        2905316 kB
MemFree:           83536 kB
Buffers:           22756 kB
Cached:           986184 kB
SwapCached:            0 kB
Active:          1301444 kB
Inactive:         695260 kB
Active(anon):     812640 kB
Inactive(anon):   205040 kB
Active(file):     488804 kB
Inactive(file):   490220 kB
Unevictable:       12764 kB
Mlocked:               0 kB
SwapTotal:        720184 kB
SwapFree:         720156 kB
Dirty:               612 kB
Writeback:             0 kB
AnonPages:       1000888 kB
Mapped:           718132 kB
Shmem:             17072 kB
Slab:             114528 kB
SReclaimable:      31672 kB
SUnreclaim:        82856 kB
KernelStack:       33648 kB
PageTables:        57696 kB
NFS_Unstable:          0 kB
Bounce:                0 kB
WritebackTmp:          0 kB
CommitLimit:     2172840 kB
Committed_AS:   93093688 kB
VmallocTotal:   251658176 kB
VmallocUsed:      138604 kB
VmallocChunk:   251425836 kB
Time pass: 489 sec

---2015-11-24 14:37:46
MemTotal:        2905316 kB
MemFree:          341132 kB
Buffers:           22976 kB
Cached:           989944 kB
SwapCached:            0 kB
Active:          1265632 kB
Inactive:         663240 kB
Active(anon):     740792 kB
Inactive(anon):   204828 kB
Active(file):     524840 kB
Inactive(file):   458412 kB
Unevictable:       12764 kB
Mlocked:               0 kB
SwapTotal:        720184 kB
SwapFree:         720156 kB
Dirty:               532 kB
Writeback:             0 kB
AnonPages:        929024 kB
Mapped:           487652 kB
Shmem:             16684 kB
Slab:             116084 kB
SReclaimable:      33732 kB
SUnreclaim:        82352 kB
KernelStack:       31392 kB
PageTables:        54836 kB
NFS_Unstable:          0 kB
Bounce:                0 kB
WritebackTmp:          0 kB
CommitLimit:     2172840 kB
Committed_AS:   91533136 kB
VmallocTotal:   251658176 kB
VmallocUsed:      134480 kB
VmallocChunk:   251430444 kB
Time pass: 494 sec

---2015-11-24 14:37:46
MemTotal:        2905316 kB
MemFree:          280512 kB
Buffers:           23560 kB
Cached:           998812 kB
SwapCached:            0 kB
Active:          1329964 kB
Inactive:         652300 kB
Active(anon):     784928 kB
Inactive(anon):   204100 kB
Active(file):     545036 kB
Inactive(file):   448200 kB
Unevictable:       12764 kB
Mlocked:               0 kB
SwapTotal:        720184 kB
SwapFree:         720156 kB
Dirty:               500 kB
Writeback:             0 kB
AnonPages:        973024 kB
Mapped:           508524 kB
Shmem:             16080 kB
Slab:             116052 kB
SReclaimable:      33844 kB
SUnreclaim:        82208 kB
KernelStack:       32912 kB
PageTables:        55428 kB
NFS_Unstable:          0 kB
Bounce:                0 kB
WritebackTmp:          0 kB
CommitLimit:     2172840 kB
Committed_AS:   92551924 kB
VmallocTotal:   251658176 kB
VmallocUsed:      135568 kB
VmallocChunk:   251430444 kB
Time pass: 499 sec

---2015-11-24 14:37:46
MemTotal:        2905316 kB
MemFree:          253440 kB
Buffers:           23984 kB
Cached:          1052656 kB
SwapCached:            0 kB
Active:          1290132 kB
Inactive:         693440 kB
Active(anon):     732068 kB
Inactive(anon):   205116 kB
Active(file):     558064 kB
Inactive(file):   488324 kB
Unevictable:       12764 kB
Mlocked:               0 kB
SwapTotal:        720184 kB
SwapFree:         720156 kB
Dirty:               708 kB
Writeback:             0 kB
AnonPages:        920156 kB
Mapped:           476192 kB
Shmem:             17188 kB
Slab:             116244 kB
SReclaimable:      33892 kB
SUnreclaim:        82352 kB
KernelStack:       31344 kB
PageTables:        54884 kB
NFS_Unstable:          0 kB
Bounce:                0 kB
WritebackTmp:          0 kB
CommitLimit:     2172840 kB
Committed_AS:   91240556 kB
VmallocTotal:   251658176 kB
VmallocUsed:      134744 kB
VmallocChunk:   251430444 kB
Time pass: 506 sec

---2015-11-24 14:37:46
MemTotal:        2905316 kB
MemFree:           87836 kB
Buffers:           19740 kB
Cached:          1058916 kB
SwapCached:            0 kB
Active:          1340200 kB
Inactive:         699972 kB
Active(anon):     788788 kB
Inactive(anon):   203164 kB
Active(file):     551412 kB
Inactive(file):   496808 kB
Unevictable:       12772 kB
Mlocked:               0 kB
SwapTotal:        720184 kB
SwapFree:         719348 kB
Dirty:              1340 kB
Writeback:             0 kB
AnonPages:        974708 kB
Mapped:           591552 kB
Shmem:             17524 kB
Slab:             116300 kB
SReclaimable:      33932 kB
SUnreclaim:        82368 kB
KernelStack:       32560 kB
PageTables:        56740 kB
NFS_Unstable:          0 kB
Bounce:                0 kB
WritebackTmp:          0 kB
CommitLimit:     2172840 kB
Committed_AS:   92611404 kB
VmallocTotal:   251658176 kB
VmallocUsed:      136812 kB
VmallocChunk:   251430444 kB
Time pass: 513 sec

---2015-11-24 14:37:46
MemTotal:        2905316 kB
MemFree:           99212 kB
Buffers:           20096 kB
Cached:          1058756 kB
SwapCached:            0 kB
Active:          1362864 kB
Inactive:         695476 kB
Active(anon):     806624 kB
Inactive(anon):   204136 kB
Active(file):     556240 kB
Inactive(file):   491340 kB
Unevictable:       12772 kB
Mlocked:               0 kB
SwapTotal:        720184 kB
SwapFree:         718556 kB
Dirty:                68 kB
Writeback:             0 kB
AnonPages:        992724 kB
Mapped:           582036 kB
Shmem:             18284 kB
Slab:             115752 kB
SReclaimable:      33612 kB
SUnreclaim:        82140 kB
KernelStack:       32112 kB
PageTables:        57484 kB
NFS_Unstable:          0 kB
Bounce:                0 kB
WritebackTmp:          0 kB
CommitLimit:     2172840 kB
Committed_AS:   94877944 kB
VmallocTotal:   251658176 kB
VmallocUsed:      137320 kB
VmallocChunk:   251430444 kB
Time pass: 517 sec

---2015-11-24 14:37:46
MemTotal:        2905316 kB
MemFree:           81328 kB
Buffers:           20252 kB
Cached:          1025460 kB
SwapCached:            0 kB
Active:          1328472 kB
Inactive:         682792 kB
Active(anon):     795664 kB
Inactive(anon):   200944 kB
Active(file):     532808 kB
Inactive(file):   481848 kB
Unevictable:       12776 kB
Mlocked:               0 kB
SwapTotal:        720184 kB
SwapFree:         715684 kB
Dirty:              1960 kB
Writeback:             0 kB
AnonPages:        978180 kB
Mapped:           637532 kB
Shmem:             18284 kB
Slab:             115524 kB
SReclaimable:      33680 kB
SUnreclaim:        81844 kB
KernelStack:       32672 kB
PageTables:        56864 kB
NFS_Unstable:          0 kB
Bounce:                0 kB
WritebackTmp:          0 kB
CommitLimit:     2172840 kB
Committed_AS:   93440592 kB
VmallocTotal:   251658176 kB
VmallocUsed:      135888 kB
VmallocChunk:   251430444 kB
Time pass: 524 sec

---2015-11-24 14:37:46
MemTotal:        2905316 kB
MemFree:           75576 kB
Buffers:           20268 kB
Cached:          1025684 kB
SwapCached:            0 kB
Active:          1330388 kB
Inactive:         682912 kB
Active(anon):     797472 kB
Inactive(anon):   201016 kB
Active(file):     532916 kB
Inactive(file):   481896 kB
Unevictable:       12776 kB
Mlocked:               0 kB
SwapTotal:        720184 kB
SwapFree:         715684 kB
Dirty:               120 kB
Writeback:             0 kB
AnonPages:        980100 kB
Mapped:           638232 kB
Shmem:             18356 kB
Slab:             115548 kB
SReclaimable:      33712 kB
SUnreclaim:        81836 kB
KernelStack:       32608 kB
PageTables:        56940 kB
NFS_Unstable:          0 kB
Bounce:                0 kB
WritebackTmp:          0 kB
CommitLimit:     2172840 kB
Committed_AS:   93474452 kB
VmallocTotal:   251658176 kB
VmallocUsed:      135888 kB
VmallocChunk:   251430444 kB
Time pass: 530 sec

---2015-11-24 14:37:46
MemTotal:        2905316 kB
MemFree:           68128 kB
Buffers:           19648 kB
Cached:          1004100 kB
SwapCached:            0 kB
Active:          1329244 kB
Inactive:         670000 kB
Active(anon):     804360 kB
Inactive(anon):   202276 kB
Active(file):     524884 kB
Inactive(file):   467724 kB
Unevictable:       12780 kB
Mlocked:               0 kB
SwapTotal:        720184 kB
SwapFree:         713352 kB
Dirty:               812 kB
Writeback:             0 kB
AnonPages:        988396 kB
Mapped:           648408 kB
Shmem:             18356 kB
Slab:             115524 kB
SReclaimable:      33560 kB
SUnreclaim:        81964 kB
KernelStack:       32816 kB
PageTables:        57036 kB
NFS_Unstable:          0 kB
Bounce:                0 kB
WritebackTmp:          0 kB
CommitLimit:     2172840 kB
Committed_AS:   93483044 kB
VmallocTotal:   251658176 kB
VmallocUsed:      136116 kB
VmallocChunk:   251430444 kB
Time pass: 536 sec

---2015-11-24 14:37:46
MemTotal:        2905316 kB
MemFree:           69036 kB
Buffers:           19424 kB
Cached:           999552 kB
SwapCached:            0 kB
Active:          1333056 kB
Inactive:         667928 kB
Active(anon):     810856 kB
Inactive(anon):   202288 kB
Active(file):     522200 kB
Inactive(file):   465640 kB
Unevictable:       12780 kB
Mlocked:               0 kB
SwapTotal:        720184 kB
SwapFree:         712828 kB
Dirty:                 0 kB
Writeback:             0 kB
AnonPages:        994976 kB
Mapped:           644936 kB
Shmem:             18356 kB
Slab:             115648 kB
SReclaimable:      33528 kB
SUnreclaim:        82120 kB
KernelStack:       32848 kB
PageTables:        58052 kB
NFS_Unstable:          0 kB
Bounce:                0 kB
WritebackTmp:          0 kB
CommitLimit:     2172840 kB
Committed_AS:   94354712 kB
VmallocTotal:   251658176 kB
VmallocUsed:      136116 kB
VmallocChunk:   251430444 kB
Time pass: 543 sec

---2015-11-24 14:37:46
MemTotal:        2905316 kB
MemFree:          273256 kB
Buffers:           19248 kB
Cached:           993984 kB
SwapCached:            8 kB
Active:          1308152 kB
Inactive:         651420 kB
Active(anon):     772264 kB
Inactive(anon):   205516 kB
Active(file):     535888 kB
Inactive(file):   445904 kB
Unevictable:       12780 kB
Mlocked:               0 kB
SwapTotal:        720184 kB
SwapFree:         710412 kB
Dirty:              1292 kB
Writeback:             0 kB
AnonPages:        959764 kB
Mapped:           509480 kB
Shmem:             18656 kB
Slab:             115096 kB
SReclaimable:      33508 kB
SUnreclaim:        81588 kB
KernelStack:       32736 kB
PageTables:        57340 kB
NFS_Unstable:          0 kB
Bounce:                0 kB
WritebackTmp:          0 kB
CommitLimit:     2172840 kB
Committed_AS:   96387336 kB
VmallocTotal:   251658176 kB
VmallocUsed:      137052 kB
VmallocChunk:   251430444 kB
Time pass: 549 sec

---2015-11-24 14:37:46
MemTotal:        2905316 kB
MemFree:          315396 kB
Buffers:           21060 kB
Cached:           996920 kB
SwapCached:            8 kB
Active:          1313292 kB
Inactive:         641340 kB
Active(anon):     762496 kB
Inactive(anon):   205516 kB
Active(file):     550796 kB
Inactive(file):   435824 kB
Unevictable:       12780 kB
Mlocked:               0 kB
SwapTotal:        720184 kB
SwapFree:         710412 kB
Dirty:              1148 kB
Writeback:            12 kB
AnonPages:        949804 kB
Mapped:           525332 kB
Shmem:             18656 kB
Slab:             115044 kB
SReclaimable:      33716 kB
SUnreclaim:        81328 kB
KernelStack:       33616 kB
PageTables:        56464 kB
NFS_Unstable:          0 kB
Bounce:                0 kB
WritebackTmp:          0 kB
CommitLimit:     2172840 kB
Committed_AS:   94990652 kB
VmallocTotal:   251658176 kB
VmallocUsed:      134728 kB
VmallocChunk:   251430444 kB
Time pass: 556 sec

---2015-11-24 14:37:46
MemTotal:        2905316 kB
MemFree:          180712 kB
Buffers:           21076 kB
Cached:           996448 kB
SwapCached:            8 kB
Active:          1539528 kB
Inactive:         451268 kB
Active(anon):     799192 kB
Inactive(anon):   203420 kB
Active(file):     740336 kB
Inactive(file):   247848 kB
Unevictable:       12780 kB
Mlocked:               0 kB
SwapTotal:        720184 kB
SwapFree:         710412 kB
Dirty:              1852 kB
Writeback:             0 kB
AnonPages:        986336 kB
Mapped:           616736 kB
Shmem:             16560 kB
Slab:             115088 kB
SReclaimable:      33748 kB
SUnreclaim:        81340 kB
KernelStack:       34624 kB
PageTables:        57416 kB
NFS_Unstable:          0 kB
Bounce:                0 kB
WritebackTmp:          0 kB
CommitLimit:     2172840 kB
Committed_AS:   95087828 kB
VmallocTotal:   251658176 kB
VmallocUsed:      135560 kB
VmallocChunk:   251430444 kB
Time pass: 561 sec

---2015-11-24 14:37:46
MemTotal:        2905316 kB
MemFree:          166304 kB
Buffers:           21108 kB
Cached:           996676 kB
SwapCached:            8 kB
Active:          1545784 kB
Inactive:         451384 kB
Active(anon):     805328 kB
Inactive(anon):   203408 kB
Active(file):     740456 kB
Inactive(file):   247976 kB
Unevictable:       12780 kB
Mlocked:               0 kB
SwapTotal:        720184 kB
SwapFree:         710412 kB
Dirty:               288 kB
Writeback:             0 kB
AnonPages:        992180 kB
Mapped:           619984 kB
Shmem:             16560 kB
Slab:             115120 kB
SReclaimable:      33748 kB
SUnreclaim:        81372 kB
KernelStack:       34864 kB
PageTables:        57456 kB
NFS_Unstable:          0 kB
Bounce:                0 kB
WritebackTmp:          0 kB
CommitLimit:     2172840 kB
Committed_AS:   95092056 kB
VmallocTotal:   251658176 kB
VmallocUsed:      135640 kB
VmallocChunk:   251430444 kB
Time pass: 568 sec

---2015-11-24 14:37:46
MemTotal:        2905316 kB
MemFree:          164732 kB
Buffers:           21116 kB
Cached:           996716 kB
SwapCached:            8 kB
Active:          1547060 kB
Inactive:         451228 kB
Active(anon):     806388 kB
Inactive(anon):   203408 kB
Active(file):     740672 kB
Inactive(file):   247820 kB
Unevictable:       12780 kB
Mlocked:               0 kB
SwapTotal:        720184 kB
SwapFree:         710412 kB
Dirty:               112 kB
Writeback:             0 kB
AnonPages:        993260 kB
Mapped:           621160 kB
Shmem:             16560 kB
Slab:             115120 kB
SReclaimable:      33748 kB
SUnreclaim:        81372 kB
KernelStack:       34848 kB
PageTables:        57476 kB
NFS_Unstable:          0 kB
Bounce:                0 kB
WritebackTmp:          0 kB
CommitLimit:     2172840 kB
Committed_AS:   95093332 kB
VmallocTotal:   251658176 kB
VmallocUsed:      135640 kB
VmallocChunk:   251430444 kB
Time pass: 575 sec

---2015-11-24 14:37:46
MemTotal:        2905316 kB
MemFree:          115344 kB
Buffers:           21132 kB
Cached:           996840 kB
SwapCached:            8 kB
Active:          1562840 kB
Inactive:         451420 kB
Active(anon):     822220 kB
Inactive(anon):   203408 kB
Active(file):     740620 kB
Inactive(file):   248012 kB
Unevictable:       12780 kB
Mlocked:               0 kB
SwapTotal:        720184 kB
SwapFree:         710412 kB
Dirty:               508 kB
Writeback:             0 kB
AnonPages:       1008984 kB
Mapped:           652584 kB
Shmem:             16560 kB
Slab:             115104 kB
SReclaimable:      33764 kB
SUnreclaim:        81340 kB
KernelStack:       34976 kB
PageTables:        57608 kB
NFS_Unstable:          0 kB
Bounce:                0 kB
WritebackTmp:          0 kB
CommitLimit:     2172840 kB
Committed_AS:   95103912 kB
VmallocTotal:   251658176 kB
VmallocUsed:      135924 kB
VmallocChunk:   251430444 kB
Time pass: 580 sec

---2015-11-24 14:37:46
MemTotal:        2905316 kB
MemFree:           76412 kB
Buffers:           21148 kB
Cached:           997008 kB
SwapCached:            8 kB
Active:          1568092 kB
Inactive:         451552 kB
Active(anon):     827420 kB
Inactive(anon):   203408 kB
Active(file):     740672 kB
Inactive(file):   248144 kB
Unevictable:       12780 kB
Mlocked:               0 kB
SwapTotal:        720184 kB
SwapFree:         710412 kB
Dirty:              1956 kB
Writeback:             0 kB
AnonPages:       1014176 kB
Mapped:           668424 kB
Shmem:             16560 kB
Slab:             115072 kB
SReclaimable:      33796 kB
SUnreclaim:        81276 kB
KernelStack:       35024 kB
PageTables:        57688 kB
NFS_Unstable:          0 kB
Bounce:                0 kB
WritebackTmp:          0 kB
CommitLimit:     2172840 kB
Committed_AS:   95108124 kB
VmallocTotal:   251658176 kB
VmallocUsed:      136096 kB
VmallocChunk:   251430444 kB
Time pass: 585 sec

---2015-11-24 14:37:46
MemTotal:        2905316 kB
MemFree:           67640 kB
Buffers:           17348 kB
Cached:           983956 kB
SwapCached:            8 kB
Active:          1536092 kB
Inactive:         472860 kB
Active(anon):     829004 kB
Inactive(anon):   206196 kB
Active(file):     707088 kB
Inactive(file):   266664 kB
Unevictable:       12780 kB
Mlocked:               0 kB
SwapTotal:        720184 kB
SwapFree:         705120 kB
Dirty:               672 kB
Writeback:             0 kB
AnonPages:       1020408 kB
Mapped:           680888 kB
Shmem:             14772 kB
Slab:             115508 kB
SReclaimable:      34004 kB
SUnreclaim:        81504 kB
KernelStack:       35152 kB
PageTables:        57768 kB
NFS_Unstable:          0 kB
Bounce:                0 kB
WritebackTmp:          0 kB
CommitLimit:     2172840 kB
Committed_AS:   95147732 kB
VmallocTotal:   251658176 kB
VmallocUsed:      136280 kB
VmallocChunk:   251430444 kB
Time pass: 592 sec

---2015-11-24 14:37:46
MemTotal:        2905316 kB
MemFree:           65552 kB
Buffers:           17348 kB
Cached:           981088 kB
SwapCached:           12 kB
Active:          1526640 kB
Inactive:         474996 kB
Active(anon):     824868 kB
Inactive(anon):   206012 kB
Active(file):     701772 kB
Inactive(file):   268984 kB
Unevictable:       12780 kB
Mlocked:               0 kB
SwapTotal:        720184 kB
SwapFree:         703336 kB
Dirty:                88 kB
Writeback:             0 kB
AnonPages:       1016116 kB
Mapped:           682064 kB
Shmem:             14796 kB
Slab:             115448 kB
SReclaimable:      33892 kB
SUnreclaim:        81556 kB
KernelStack:       35056 kB
PageTables:        57844 kB
NFS_Unstable:          0 kB
Bounce:                0 kB
WritebackTmp:          0 kB
CommitLimit:     2172840 kB
Committed_AS:   95148948 kB
VmallocTotal:   251658176 kB
VmallocUsed:      136296 kB
VmallocChunk:   251430444 kB
Time pass: 600 sec

---2015-11-24 14:37:46
MemTotal:        2905316 kB
MemFree:           85076 kB
Buffers:           16604 kB
Cached:           966764 kB
SwapCached:           24 kB
Active:          1508412 kB
Inactive:         486360 kB
Active(anon):     832196 kB
Inactive(anon):   206936 kB
Active(file):     676216 kB
Inactive(file):   279424 kB
Unevictable:       12780 kB
Mlocked:               0 kB
SwapTotal:        720184 kB
SwapFree:         699876 kB
Dirty:                80 kB
Writeback:             0 kB
AnonPages:       1024420 kB
Mapped:           679428 kB
Shmem:             14948 kB
Slab:             115452 kB
SReclaimable:      33796 kB
SUnreclaim:        81656 kB
KernelStack:       35440 kB
PageTables:        58032 kB
NFS_Unstable:          0 kB
Bounce:                0 kB
WritebackTmp:          0 kB
CommitLimit:     2172840 kB
Committed_AS:   95188900 kB
VmallocTotal:   251658176 kB
VmallocUsed:      138744 kB
VmallocChunk:   251430444 kB
Time pass: 606 sec

---2015-11-24 14:37:46
MemTotal:        2905316 kB
MemFree:           75648 kB
Buffers:           16632 kB
Cached:           967392 kB
SwapCached:           76 kB
Active:          1519828 kB
Inactive:         483756 kB
Active(anon):     840316 kB
Inactive(anon):   206980 kB
Active(file):     679512 kB
Inactive(file):   276776 kB
Unevictable:       12780 kB
Mlocked:               0 kB
SwapTotal:        720184 kB
SwapFree:         699876 kB
Dirty:                 0 kB
Writeback:             0 kB
AnonPages:       1032024 kB
Mapped:           680020 kB
Shmem:             14956 kB
Slab:             115256 kB
SReclaimable:      33668 kB
SUnreclaim:        81588 kB
KernelStack:       35312 kB
PageTables:        58144 kB
NFS_Unstable:          0 kB
Bounce:                0 kB
WritebackTmp:          0 kB
CommitLimit:     2172840 kB
Committed_AS:   95188956 kB
VmallocTotal:   251658176 kB
VmallocUsed:      138744 kB
VmallocChunk:   251430444 kB
Time pass: 612 sec

---2015-11-24 14:37:46
MemTotal:        2905316 kB
MemFree:           97368 kB
Buffers:           11264 kB
Cached:           921888 kB
SwapCached:           76 kB
Active:          1417768 kB
Inactive:         521100 kB
Active(anon):     826112 kB
Inactive(anon):   207344 kB
Active(file):     591656 kB
Inactive(file):   313756 kB
Unevictable:       12780 kB
Mlocked:               0 kB
SwapTotal:        720184 kB
SwapFree:         688504 kB
Dirty:                 8 kB
Writeback:             0 kB
AnonPages:       1018460 kB
Mapped:           658224 kB
Shmem:             14888 kB
Slab:             114744 kB
SReclaimable:      33292 kB
SUnreclaim:        81452 kB
KernelStack:       35264 kB
PageTables:        58220 kB
NFS_Unstable:          0 kB
Bounce:                0 kB
WritebackTmp:          0 kB
CommitLimit:     2172840 kB
Committed_AS:   95190864 kB
VmallocTotal:   251658176 kB
VmallocUsed:      138768 kB
VmallocChunk:   251430444 kB
Time pass: 618 sec

---2015-11-24 14:37:46
MemTotal:        2905316 kB
MemFree:          102720 kB
Buffers:           11272 kB
Cached:           922192 kB
SwapCached:           76 kB
Active:          1420108 kB
Inactive:         521400 kB
Active(anon):     828392 kB
Inactive(anon):   207424 kB
Active(file):     591716 kB
Inactive(file):   313976 kB
Unevictable:       12780 kB
Mlocked:               0 kB
SwapTotal:        720184 kB
SwapFree:         688504 kB
Dirty:                60 kB
Writeback:             0 kB
AnonPages:       1020724 kB
Mapped:           650676 kB
Shmem:             14992 kB
Slab:             114888 kB
SReclaimable:      33436 kB
SUnreclaim:        81452 kB
KernelStack:       35232 kB
PageTables:        58112 kB
NFS_Unstable:          0 kB
Bounce:                0 kB
WritebackTmp:          0 kB
CommitLimit:     2172840 kB
Committed_AS:   95223688 kB
VmallocTotal:   251658176 kB
VmallocUsed:      138696 kB
VmallocChunk:   251430444 kB
Time pass: 625 sec

---2015-11-24 14:37:46
MemTotal:        2905316 kB
MemFree:           96072 kB
Buffers:           11292 kB
Cached:           922492 kB
SwapCached:           96 kB
Active:          1426556 kB
Inactive:         521516 kB
Active(anon):     834620 kB
Inactive(anon):   207440 kB
Active(file):     591936 kB
Inactive(file):   314076 kB
Unevictable:       12780 kB
Mlocked:               0 kB
SwapTotal:        720184 kB
SwapFree:         688504 kB
Dirty:               336 kB
Writeback:             0 kB
AnonPages:       1026900 kB
Mapped:           650680 kB
Shmem:             14992 kB
Slab:             114944 kB
SReclaimable:      33436 kB
SUnreclaim:        81508 kB
KernelStack:       35280 kB
PageTables:        58124 kB
NFS_Unstable:          0 kB
Bounce:                0 kB
WritebackTmp:          0 kB
CommitLimit:     2172840 kB
Committed_AS:   95224352 kB
VmallocTotal:   251658176 kB
VmallocUsed:      138664 kB
VmallocChunk:   251430444 kB
Time pass: 635 sec

---2015-11-24 14:37:46
MemTotal:        2905316 kB
MemFree:           99864 kB
Buffers:           11316 kB
Cached:           922624 kB
SwapCached:           96 kB
Active:          1423208 kB
Inactive:         521616 kB
Active(anon):     831224 kB
Inactive(anon):   207460 kB
Active(file):     591984 kB
Inactive(file):   314156 kB
Unevictable:       12780 kB
Mlocked:               0 kB
SwapTotal:        720184 kB
SwapFree:         688504 kB
Dirty:                32 kB
Writeback:             0 kB
AnonPages:       1023796 kB
Mapped:           650720 kB
Shmem:             15016 kB
Slab:             114916 kB
SReclaimable:      33452 kB
SUnreclaim:        81464 kB
KernelStack:       35264 kB
PageTables:        58096 kB
NFS_Unstable:          0 kB
Bounce:                0 kB
WritebackTmp:          0 kB
CommitLimit:     2172840 kB
Committed_AS:   95224232 kB
VmallocTotal:   251658176 kB
VmallocUsed:      138696 kB
VmallocChunk:   251430444 kB
Time pass: 643 sec

---2015-11-24 14:37:46
MemTotal:        2905316 kB
MemFree:           85320 kB
Buffers:           11332 kB
Cached:           922704 kB
SwapCached:          100 kB
Active:          1436572 kB
Inactive:         521668 kB
Active(anon):     844548 kB
Inactive(anon):   207460 kB
Active(file):     592024 kB
Inactive(file):   314208 kB
Unevictable:       12780 kB
Mlocked:               0 kB
SwapTotal:        720184 kB
SwapFree:         688504 kB
Dirty:               388 kB
Writeback:             0 kB
AnonPages:       1037340 kB
Mapped:           655828 kB
Shmem:             15016 kB
Slab:             115092 kB
SReclaimable:      33468 kB
SUnreclaim:        81624 kB
KernelStack:       35744 kB
PageTables:        58632 kB
NFS_Unstable:          0 kB
Bounce:                0 kB
WritebackTmp:          0 kB
CommitLimit:     2172840 kB
Committed_AS:   95963604 kB
VmallocTotal:   251658176 kB
VmallocUsed:      139684 kB
VmallocChunk:   251430444 kB
Time pass: 648 sec

---2015-11-24 14:37:46
MemTotal:        2905316 kB
MemFree:           95668 kB
Buffers:           11340 kB
Cached:           923092 kB
SwapCached:          100 kB
Active:          1426504 kB
Inactive:         521804 kB
Active(anon):     834240 kB
Inactive(anon):   207520 kB
Active(file):     592264 kB
Inactive(file):   314284 kB
Unevictable:       12780 kB
Mlocked:               0 kB
SwapTotal:        720184 kB
SwapFree:         688504 kB
Dirty:                80 kB
Writeback:             0 kB
AnonPages:       1026844 kB
Mapped:           650604 kB
Shmem:             15088 kB
Slab:             114724 kB
SReclaimable:      33484 kB
SUnreclaim:        81240 kB
KernelStack:       35264 kB
PageTables:        58136 kB
NFS_Unstable:          0 kB
Bounce:                0 kB
WritebackTmp:          0 kB
CommitLimit:     2172840 kB
Committed_AS:   95256988 kB
VmallocTotal:   251658176 kB
VmallocUsed:      138664 kB
VmallocChunk:   251430444 kB
Time pass: 656 sec

---2015-11-24 14:37:46
MemTotal:        2905316 kB
MemFree:           88316 kB
Buffers:           11356 kB
Cached:           926172 kB
SwapCached:          100 kB
Active:          1431664 kB
Inactive:         524724 kB
Active(anon):     839360 kB
Inactive(anon):   207512 kB
Active(file):     592304 kB
Inactive(file):   317212 kB
Unevictable:       12780 kB
Mlocked:               0 kB
SwapTotal:        720184 kB
SwapFree:         688504 kB
Dirty:                84 kB
Writeback:             0 kB
AnonPages:       1031756 kB
Mapped:           651548 kB
Shmem:             15088 kB
Slab:             114708 kB
SReclaimable:      33484 kB
SUnreclaim:        81224 kB
KernelStack:       35280 kB
PageTables:        58168 kB
NFS_Unstable:          0 kB
Bounce:                0 kB
WritebackTmp:          0 kB
CommitLimit:     2172840 kB
Committed_AS:   95262132 kB
VmallocTotal:   251658176 kB
VmallocUsed:      138696 kB
VmallocChunk:   251430444 kB
Time pass: 663 sec

---2015-11-24 14:37:46
MemTotal:        2905316 kB
MemFree:           81056 kB
Buffers:           11372 kB
Cached:           926596 kB
SwapCached:          100 kB
Active:          1438408 kB
Inactive:         525224 kB
Active(anon):     846020 kB
Inactive(anon):   207512 kB
Active(file):     592388 kB
Inactive(file):   317712 kB
Unevictable:       12780 kB
Mlocked:               0 kB
SwapTotal:        720184 kB
SwapFree:         688504 kB
Dirty:               432 kB
Writeback:             0 kB
AnonPages:       1038296 kB
Mapped:           651732 kB
Shmem:             15088 kB
Slab:             114820 kB
SReclaimable:      33500 kB
SUnreclaim:        81320 kB
KernelStack:       35280 kB
PageTables:        58156 kB
NFS_Unstable:          0 kB
Bounce:                0 kB
WritebackTmp:          0 kB
CommitLimit:     2172840 kB
Committed_AS:   95262288 kB
VmallocTotal:   251658176 kB
VmallocUsed:      138664 kB
VmallocChunk:   251430444 kB
Time pass: 669 sec

---2015-11-24 14:37:46
MemTotal:        2905316 kB
MemFree:           85156 kB
Buffers:           11480 kB
Cached:           926520 kB
SwapCached:          100 kB
Active:          1434612 kB
Inactive:         525244 kB
Active(anon):     842212 kB
Inactive(anon):   207512 kB
Active(file):     592400 kB
Inactive(file):   317732 kB
Unevictable:       12780 kB
Mlocked:               0 kB
SwapTotal:        720184 kB
SwapFree:         688504 kB
Dirty:                 4 kB
Writeback:             0 kB
AnonPages:       1034452 kB
Mapped:           651796 kB
Shmem:             15088 kB
Slab:             114852 kB
SReclaimable:      33500 kB
SUnreclaim:        81352 kB
KernelStack:       35328 kB
PageTables:        58180 kB
NFS_Unstable:          0 kB
Bounce:                0 kB
WritebackTmp:          0 kB
CommitLimit:     2172840 kB
Committed_AS:   95262268 kB
VmallocTotal:   251658176 kB
VmallocUsed:      138696 kB
VmallocChunk:   251430444 kB
Time pass: 676 sec

---2015-11-24 14:37:46
MemTotal:        2905316 kB
MemFree:           82952 kB
Buffers:           11488 kB
Cached:           926736 kB
SwapCached:          100 kB
Active:          1435764 kB
Inactive:         525416 kB
Active(anon):     843312 kB
Inactive(anon):   207584 kB
Active(file):     592452 kB
Inactive(file):   317832 kB
Unevictable:       12780 kB
Mlocked:               0 kB
SwapTotal:        720184 kB
SwapFree:         688504 kB
Dirty:                68 kB
Writeback:             0 kB
AnonPages:       1035700 kB
Mapped:           651880 kB
Shmem:             15160 kB
Slab:             114848 kB
SReclaimable:      33500 kB
SUnreclaim:        81348 kB
KernelStack:       35328 kB
PageTables:        58244 kB
NFS_Unstable:          0 kB
Bounce:                0 kB
WritebackTmp:          0 kB
CommitLimit:     2172840 kB
Committed_AS:   95294972 kB
VmallocTotal:   251658176 kB
VmallocUsed:      138696 kB
VmallocChunk:   251430444 kB
Time pass: 683 sec

---2015-11-24 14:37:46
MemTotal:        2905316 kB
MemFree:           77184 kB
Buffers:           11496 kB
Cached:           927140 kB
SwapCached:          100 kB
Active:          1441544 kB
Inactive:         525704 kB
Active(anon):     848980 kB
Inactive(anon):   207576 kB
Active(file):     592564 kB
Inactive(file):   318128 kB
Unevictable:       12780 kB
Mlocked:               0 kB
SwapTotal:        720184 kB
SwapFree:         688504 kB
Dirty:               508 kB
Writeback:             0 kB
AnonPages:       1041248 kB
Mapped:           651880 kB
Shmem:             15160 kB
Slab:             114680 kB
SReclaimable:      33452 kB
SUnreclaim:        81228 kB
KernelStack:       35296 kB
PageTables:        58240 kB
NFS_Unstable:          0 kB
Bounce:                0 kB
WritebackTmp:          0 kB
CommitLimit:     2172840 kB
Committed_AS:   95295236 kB
VmallocTotal:   251658176 kB
VmallocUsed:      138696 kB
VmallocChunk:   251430444 kB
Time pass: 689 sec

---2015-11-24 14:37:46
MemTotal:        2905316 kB
MemFree:           76448 kB
Buffers:           11556 kB
Cached:           927656 kB
SwapCached:          100 kB
Active:          1437732 kB
Inactive:         526224 kB
Active(anon):     845112 kB
Inactive(anon):   207580 kB
Active(file):     592620 kB
Inactive(file):   318644 kB
Unevictable:       12780 kB
Mlocked:               0 kB
SwapTotal:        720184 kB
SwapFree:         688504 kB
Dirty:               204 kB
Writeback:             0 kB
AnonPages:       1037592 kB
Mapped:           651928 kB
Shmem:             15164 kB
Slab:             118532 kB
SReclaimable:      36940 kB
SUnreclaim:        81592 kB
KernelStack:       35328 kB
PageTables:        58312 kB
NFS_Unstable:          0 kB
Bounce:                0 kB
WritebackTmp:          0 kB
CommitLimit:     2172840 kB
Committed_AS:   95301096 kB
VmallocTotal:   251658176 kB
VmallocUsed:      138664 kB
VmallocChunk:   251430444 kB
Time pass: 694 sec

---2015-11-24 14:37:46
MemTotal:        2905316 kB
MemFree:           74440 kB
Buffers:           11572 kB
Cached:           927840 kB
SwapCached:          100 kB
Active:          1439180 kB
Inactive:         526344 kB
Active(anon):     846480 kB
Inactive(anon):   207580 kB
Active(file):     592700 kB
Inactive(file):   318764 kB
Unevictable:       12780 kB
Mlocked:               0 kB
SwapTotal:        720184 kB
SwapFree:         688504 kB
Dirty:               228 kB
Writeback:             0 kB
AnonPages:       1038852 kB
Mapped:           651936 kB
Shmem:             15164 kB
Slab:             118576 kB
SReclaimable:      37212 kB
SUnreclaim:        81364 kB
KernelStack:       35280 kB
PageTables:        58288 kB
NFS_Unstable:          0 kB
Bounce:                0 kB
WritebackTmp:          0 kB
CommitLimit:     2172840 kB
Committed_AS:   95295156 kB
VmallocTotal:   251658176 kB
VmallocUsed:      138696 kB
VmallocChunk:   251430444 kB
Time pass: 699 sec

---2015-11-24 14:37:46
MemTotal:        2905316 kB
MemFree:           65148 kB
Buffers:           11384 kB
Cached:           924848 kB
SwapCached:          100 kB
Active:          1442704 kB
Inactive:         532372 kB
Active(anon):     855352 kB
Inactive(anon):   211380 kB
Active(file):     587352 kB
Inactive(file):   320992 kB
Unevictable:       12780 kB
Mlocked:               0 kB
SwapTotal:        720184 kB
SwapFree:         688036 kB
Dirty:                 0 kB
Writeback:             0 kB
AnonPages:       1051912 kB
Mapped:           656568 kB
Shmem:             15200 kB
Slab:             118936 kB
SReclaimable:      37384 kB
SUnreclaim:        81552 kB
KernelStack:       35440 kB
PageTables:        58792 kB
NFS_Unstable:          0 kB
Bounce:                0 kB
WritebackTmp:          0 kB
CommitLimit:     2172840 kB
Committed_AS:   96040088 kB
VmallocTotal:   251658176 kB
VmallocUsed:      139716 kB
VmallocChunk:   251430444 kB
Time pass: 705 sec

---2015-11-24 14:37:46
MemTotal:        2905316 kB
MemFree:           75600 kB
Buffers:           11392 kB
Cached:           925288 kB
SwapCached:          100 kB
Active:          1432664 kB
Inactive:         532768 kB
Active(anon):     845224 kB
Inactive(anon):   211580 kB
Active(file):     587440 kB
Inactive(file):   321188 kB
Unevictable:       12780 kB
Mlocked:               0 kB
SwapTotal:        720184 kB
SwapFree:         688036 kB
Dirty:                68 kB
Writeback:             0 kB
AnonPages:       1041496 kB
Mapped:           650996 kB
Shmem:             15272 kB
Slab:             118824 kB
SReclaimable:      37444 kB
SUnreclaim:        81380 kB
KernelStack:       35232 kB
PageTables:        58308 kB
NFS_Unstable:          0 kB
Bounce:                0 kB
WritebackTmp:          0 kB
CommitLimit:     2172840 kB
Committed_AS:   95328488 kB
VmallocTotal:   251658176 kB
VmallocUsed:      138696 kB
VmallocChunk:   251430444 kB
Time pass: 710 sec

---2015-11-24 14:37:46
MemTotal:        2905316 kB
MemFree:           75032 kB
Buffers:           11408 kB
Cached:           925344 kB
SwapCached:          100 kB
Active:          1433540 kB
Inactive:         532788 kB
Active(anon):     846056 kB
Inactive(anon):   211572 kB
Active(file):     587484 kB
Inactive(file):   321216 kB
Unevictable:       12780 kB
Mlocked:               0 kB
SwapTotal:        720184 kB
SwapFree:         688036 kB
Dirty:                16 kB
Writeback:             0 kB
AnonPages:       1042320 kB
Mapped:           650936 kB
Shmem:             15272 kB
Slab:             118824 kB
SReclaimable:      37444 kB
SUnreclaim:        81380 kB
KernelStack:       35264 kB
PageTables:        58284 kB
NFS_Unstable:          0 kB
Bounce:                0 kB
WritebackTmp:          0 kB
CommitLimit:     2172840 kB
Committed_AS:   95329052 kB
VmallocTotal:   251658176 kB
VmallocUsed:      138696 kB
VmallocChunk:   251430444 kB
Time pass: 717 sec

---2015-11-24 14:37:46
MemTotal:        2905316 kB
MemFree:           72448 kB
Buffers:           11424 kB
Cached:           925388 kB
SwapCached:          100 kB
Active:          1435072 kB
Inactive:         532804 kB
Active(anon):     847552 kB
Inactive(anon):   211572 kB
Active(file):     587520 kB
Inactive(file):   321232 kB
Unevictable:       12780 kB
Mlocked:               0 kB
SwapTotal:        720184 kB
SwapFree:         688036 kB
Dirty:                36 kB
Writeback:             0 kB
AnonPages:       1044056 kB
Mapped:           651000 kB
Shmem:             15272 kB
Slab:             118968 kB
SReclaimable:      37444 kB
SUnreclaim:        81524 kB
KernelStack:       35280 kB
PageTables:        58532 kB
NFS_Unstable:          0 kB
Bounce:                0 kB
WritebackTmp:          0 kB
CommitLimit:     2172840 kB
Committed_AS:   96578848 kB
VmallocTotal:   251658176 kB
VmallocUsed:      138696 kB
VmallocChunk:   251430444 kB
Time pass: 724 sec

---2015-11-24 14:37:46
MemTotal:        2905316 kB
MemFree:           87272 kB
Buffers:           11228 kB
Cached:           918676 kB
SwapCached:          100 kB
Active:          1418376 kB
Inactive:         541560 kB
Active(anon):     844192 kB
Inactive(anon):   213892 kB
Active(file):     574184 kB
Inactive(file):   327668 kB
Unevictable:       12780 kB
Mlocked:               0 kB
SwapTotal:        720184 kB
SwapFree:         686880 kB
Dirty:                72 kB
Writeback:             0 kB
AnonPages:       1042772 kB
Mapped:           650244 kB
Shmem:             15272 kB
Slab:             114536 kB
SReclaimable:      33496 kB
SUnreclaim:        81040 kB
KernelStack:       35264 kB
PageTables:        58320 kB
NFS_Unstable:          0 kB
Bounce:                0 kB
WritebackTmp:          0 kB
CommitLimit:     2172840 kB
Committed_AS:   95330992 kB
VmallocTotal:   251658176 kB
VmallocUsed:      138696 kB
VmallocChunk:   251430444 kB
Time pass: 731 sec

---2015-11-24 14:37:46
MemTotal:        2905316 kB
MemFree:           86044 kB
Buffers:           11236 kB
Cached:           918752 kB
SwapCached:          100 kB
Active:          1420248 kB
Inactive:         541588 kB
Active(anon):     846020 kB
Inactive(anon):   213880 kB
Active(file):     574228 kB
Inactive(file):   327708 kB
Unevictable:       12780 kB
Mlocked:               0 kB
SwapTotal:        720184 kB
SwapFree:         686880 kB
Dirty:                56 kB
Writeback:             0 kB
AnonPages:       1044500 kB
Mapped:           650244 kB
Shmem:             15272 kB
Slab:             114536 kB
SReclaimable:      33496 kB
SUnreclaim:        81040 kB
KernelStack:       35232 kB
PageTables:        58324 kB
NFS_Unstable:          0 kB
Bounce:                0 kB
WritebackTmp:          0 kB
CommitLimit:     2172840 kB
Committed_AS:   95331992 kB
VmallocTotal:   251658176 kB
VmallocUsed:      138696 kB
VmallocChunk:   251430444 kB
Time pass: 738 sec

---2015-11-24 14:37:46
MemTotal:        2905316 kB
MemFree:           74960 kB
Buffers:           11260 kB
Cached:           918496 kB
SwapCached:          100 kB
Active:          1431520 kB
Inactive:         541260 kB
Active(anon):     857208 kB
Inactive(anon):   213324 kB
Active(file):     574312 kB
Inactive(file):   327936 kB
Unevictable:       12780 kB
Mlocked:               0 kB
SwapTotal:        720184 kB
SwapFree:         686880 kB
Dirty:               308 kB
Writeback:             0 kB
AnonPages:       1055812 kB
Mapped:           655124 kB
Shmem:             14724 kB
Slab:             114600 kB
SReclaimable:      33492 kB
SUnreclaim:        81108 kB
KernelStack:       35504 kB
PageTables:        58308 kB
NFS_Unstable:          0 kB
Bounce:                0 kB
WritebackTmp:          0 kB
CommitLimit:     2172840 kB
Committed_AS:   95819080 kB
VmallocTotal:   251658176 kB
VmallocUsed:      139716 kB
VmallocChunk:   251430444 kB
Time pass: 743 sec

---2015-11-24 14:37:46
MemTotal:        2905316 kB
MemFree:           81196 kB
Buffers:           11268 kB
Cached:           918632 kB
SwapCached:          100 kB
Active:          1425256 kB
Inactive:         541344 kB
Active(anon):     850880 kB
Inactive(anon):   213324 kB
Active(file):     574376 kB
Inactive(file):   328020 kB
Unevictable:       12780 kB
Mlocked:               0 kB
SwapTotal:        720184 kB
SwapFree:         686880 kB
Dirty:                68 kB
Writeback:             0 kB
AnonPages:       1049296 kB
Mapped:           649760 kB
Shmem:             14724 kB
Slab:             114364 kB
SReclaimable:      33364 kB
SUnreclaim:        81000 kB
KernelStack:       35232 kB
PageTables:        57860 kB
NFS_Unstable:          0 kB
Bounce:                0 kB
WritebackTmp:          0 kB
CommitLimit:     2172840 kB
Committed_AS:   95080704 kB
VmallocTotal:   251658176 kB
VmallocUsed:      138696 kB
VmallocChunk:   251430444 kB
Time pass: 748 sec

---2015-11-24 14:37:46
MemTotal:        2905316 kB
MemFree:           86044 kB
Buffers:           11276 kB
Cached:           918656 kB
SwapCached:          100 kB
Active:          1420724 kB
Inactive:         541352 kB
Active(anon):     846324 kB
Inactive(anon):   213324 kB
Active(file):     574400 kB
Inactive(file):   328028 kB
Unevictable:       12780 kB
Mlocked:               0 kB
SwapTotal:        720184 kB
SwapFree:         686880 kB
Dirty:                32 kB
Writeback:             0 kB
AnonPages:       1044756 kB
Mapped:           649760 kB
Shmem:             14724 kB
Slab:             114360 kB
SReclaimable:      33364 kB
SUnreclaim:        80996 kB
KernelStack:       35296 kB
PageTables:        57884 kB
NFS_Unstable:          0 kB
Bounce:                0 kB
WritebackTmp:          0 kB
CommitLimit:     2172840 kB
Committed_AS:   95080688 kB
VmallocTotal:   251658176 kB
VmallocUsed:      138696 kB
VmallocChunk:   251430444 kB
Time pass: 754 sec

---2015-11-24 14:37:46
MemTotal:        2905316 kB
MemFree:           85228 kB
Buffers:           11284 kB
Cached:           918704 kB
SwapCached:          100 kB
Active:          1421476 kB
Inactive:         541372 kB
Active(anon):     847040 kB
Inactive(anon):   213332 kB
Active(file):     574436 kB
Inactive(file):   328040 kB
Unevictable:       12780 kB
Mlocked:               0 kB
SwapTotal:        720184 kB
SwapFree:         686880 kB
Dirty:                 0 kB
Writeback:             0 kB
AnonPages:       1045460 kB
Mapped:           649768 kB
Shmem:             14732 kB
Slab:             114344 kB
SReclaimable:      33360 kB
SUnreclaim:        80984 kB
KernelStack:       35280 kB
PageTables:        57884 kB
NFS_Unstable:          0 kB
Bounce:                0 kB
WritebackTmp:          0 kB
CommitLimit:     2172840 kB
Committed_AS:   95081188 kB
VmallocTotal:   251658176 kB
VmallocUsed:      138696 kB
VmallocChunk:   251430444 kB
Time pass: 761 sec

---2015-11-24 14:37:46
MemTotal:        2905316 kB
MemFree:           80152 kB
Buffers:           11348 kB
Cached:           919268 kB
SwapCached:          100 kB
Active:          1426624 kB
Inactive:         541764 kB
Active(anon):     851952 kB
Inactive(anon):   213368 kB
Active(file):     574672 kB
Inactive(file):   328396 kB
Unevictable:       12780 kB
Mlocked:               0 kB
SwapTotal:        720184 kB
SwapFree:         686880 kB
Dirty:               112 kB
Writeback:             0 kB
AnonPages:       1050304 kB
Mapped:           647800 kB
Shmem:             14768 kB
Slab:             114284 kB
SReclaimable:      33360 kB
SUnreclaim:        80924 kB
KernelStack:       35296 kB
PageTables:        57856 kB
NFS_Unstable:          0 kB
Bounce:                0 kB
WritebackTmp:          0 kB
CommitLimit:     2172840 kB
Committed_AS:   95116308 kB
VmallocTotal:   251658176 kB
VmallocUsed:      138708 kB
VmallocChunk:   251430444 kB
Time pass: 770 sec

---2015-11-24 14:37:46
MemTotal:        2905316 kB
MemFree:           77588 kB
Buffers:           11380 kB
Cached:           919460 kB
SwapCached:          100 kB
Active:          1429224 kB
Inactive:         541912 kB
Active(anon):     854476 kB
Inactive(anon):   213440 kB
Active(file):     574748 kB
Inactive(file):   328472 kB
Unevictable:       12780 kB
Mlocked:               0 kB
SwapTotal:        720184 kB
SwapFree:         686880 kB
Dirty:                92 kB
Writeback:             0 kB
AnonPages:       1053328 kB
Mapped:           647876 kB
Shmem:             14840 kB
Slab:             114264 kB
SReclaimable:      33360 kB
SUnreclaim:        80904 kB
KernelStack:       35296 kB
PageTables:        57908 kB
NFS_Unstable:          0 kB
Bounce:                0 kB
WritebackTmp:          0 kB
CommitLimit:     2172840 kB
Committed_AS:   95117280 kB
VmallocTotal:   251658176 kB
VmallocUsed:      138708 kB
VmallocChunk:   251430444 kB
Time pass: 777 sec

---2015-11-24 14:37:46
MemTotal:        2905316 kB
MemFree:           71088 kB
Buffers:           11388 kB
Cached:           919804 kB
SwapCached:          100 kB
Active:          1435800 kB
Inactive:         542144 kB
Active(anon):     860948 kB
Inactive(anon):   213424 kB
Active(file):     574852 kB
Inactive(file):   328720 kB
Unevictable:       12780 kB
Mlocked:               0 kB
SwapTotal:        720184 kB
SwapFree:         686880 kB
Dirty:               392 kB
Writeback:             0 kB
AnonPages:       1059420 kB
Mapped:           647768 kB
Shmem:             14840 kB
Slab:             114268 kB
SReclaimable:      33360 kB
SUnreclaim:        80908 kB
KernelStack:       35312 kB
PageTables:        57908 kB
NFS_Unstable:          0 kB
Bounce:                0 kB
WritebackTmp:          0 kB
CommitLimit:     2172840 kB
Committed_AS:   95117796 kB
VmallocTotal:   251658176 kB
VmallocUsed:      138708 kB
VmallocChunk:   251430444 kB
Time pass: 784 sec

---2015-11-24 14:37:46
MemTotal:        2905316 kB
MemFree:           73908 kB
Buffers:           11396 kB
Cached:           919848 kB
SwapCached:          100 kB
Active:          1432352 kB
Inactive:         542152 kB
Active(anon):     857456 kB
Inactive(anon):   213424 kB
Active(file):     574896 kB
Inactive(file):   328728 kB
Unevictable:       12780 kB
Mlocked:               0 kB
SwapTotal:        720184 kB
SwapFree:         686880 kB
Dirty:                16 kB
Writeback:             0 kB
AnonPages:       1055936 kB
Mapped:           647880 kB
Shmem:             14840 kB
Slab:             114244 kB
SReclaimable:      33360 kB
SUnreclaim:        80884 kB
KernelStack:       35248 kB
PageTables:        57916 kB
NFS_Unstable:          0 kB
Bounce:                0 kB
WritebackTmp:          0 kB
CommitLimit:     2172840 kB
Committed_AS:   95118268 kB
VmallocTotal:   251658176 kB
VmallocUsed:      138708 kB
VmallocChunk:   251430444 kB
Time pass: 791 sec

---2015-11-24 14:37:46
MemTotal:        2905316 kB
MemFree:           73272 kB
Buffers:           11420 kB
Cached:           919900 kB
SwapCached:          100 kB
Active:          1433020 kB
Inactive:         542180 kB
Active(anon):     858076 kB
Inactive(anon):   213424 kB
Active(file):     574944 kB
Inactive(file):   328756 kB
Unevictable:       12780 kB
Mlocked:               0 kB
SwapTotal:        720184 kB
SwapFree:         686880 kB
Dirty:                56 kB
Writeback:             0 kB
AnonPages:       1056464 kB
Mapped:           647892 kB
Shmem:             14840 kB
Slab:             114212 kB
SReclaimable:      33376 kB
SUnreclaim:        80836 kB
KernelStack:       35312 kB
PageTables:        57912 kB
NFS_Unstable:          0 kB
Bounce:                0 kB
WritebackTmp:          0 kB
CommitLimit:     2172840 kB
Committed_AS:   95118324 kB
VmallocTotal:   251658176 kB
VmallocUsed:      138708 kB
VmallocChunk:   251430444 kB
Time pass: 799 sec

---2015-11-24 14:37:46
MemTotal:        2905316 kB
MemFree:           69916 kB
Buffers:           11428 kB
Cached:           916520 kB
SwapCached:          100 kB
Active:          1432244 kB
Inactive:         548148 kB
Active(anon):     863692 kB
Inactive(anon):   216444 kB
Active(file):     568552 kB
Inactive(file):   331704 kB
Unevictable:       12780 kB
Mlocked:               0 kB
SwapTotal:        720184 kB
SwapFree:         686292 kB
Dirty:               244 kB
Writeback:             0 kB
AnonPages:       1065008 kB
Mapped:           646292 kB
Shmem:             14912 kB
Slab:             113992 kB
SReclaimable:      33340 kB
SUnreclaim:        80652 kB
KernelStack:       35328 kB
PageTables:        58100 kB
NFS_Unstable:          0 kB
Bounce:                0 kB
WritebackTmp:          0 kB
CommitLimit:     2172840 kB
Committed_AS:   95152192 kB
VmallocTotal:   251658176 kB
VmallocUsed:      138708 kB
VmallocChunk:   251430444 kB
Time pass: 804 sec

---2015-11-24 14:37:46
MemTotal:        2905316 kB
MemFree:           72644 kB
Buffers:           11436 kB
Cached:           916552 kB
SwapCached:          100 kB
Active:          1429216 kB
Inactive:         548100 kB
Active(anon):     860592 kB
Inactive(anon):   216428 kB
Active(file):     568624 kB
Inactive(file):   331672 kB
Unevictable:       12780 kB
Mlocked:               0 kB
SwapTotal:        720184 kB
SwapFree:         686292 kB
Dirty:               112 kB
Writeback:             0 kB
AnonPages:       1061856 kB
Mapped:           646276 kB
Shmem:             14912 kB
Slab:             113980 kB
SReclaimable:      33340 kB
SUnreclaim:        80640 kB
KernelStack:       35296 kB
PageTables:        57980 kB
NFS_Unstable:          0 kB
Bounce:                0 kB
WritebackTmp:          0 kB
CommitLimit:     2172840 kB
Committed_AS:   95153444 kB
VmallocTotal:   251658176 kB
VmallocUsed:      138708 kB
VmallocChunk:   251430444 kB
Time pass: 811 sec

---2015-11-24 14:37:46
MemTotal:        2905316 kB
MemFree:           69452 kB
Buffers:           11568 kB
Cached:           916520 kB
SwapCached:          100 kB
Active:          1432412 kB
Inactive:         548156 kB
Active(anon):     863748 kB
Inactive(anon):   216428 kB
Active(file):     568664 kB
Inactive(file):   331728 kB
Unevictable:       12780 kB
Mlocked:               0 kB
SwapTotal:        720184 kB
SwapFree:         686292 kB
Dirty:                32 kB
Writeback:             0 kB
AnonPages:       1065076 kB
Mapped:           646288 kB
Shmem:             14912 kB
Slab:             113964 kB
SReclaimable:      33340 kB
SUnreclaim:        80624 kB
KernelStack:       35312 kB
PageTables:        57988 kB
NFS_Unstable:          0 kB
Bounce:                0 kB
WritebackTmp:          0 kB
CommitLimit:     2172840 kB
Committed_AS:   95153708 kB
VmallocTotal:   251658176 kB
VmallocUsed:      138708 kB
VmallocChunk:   251430444 kB
Time pass: 818 sec

---2015-11-24 14:37:46
MemTotal:        2905316 kB
MemFree:          104128 kB
Buffers:           11064 kB
Cached:           911288 kB
SwapCached:          104 kB
Active:          1395940 kB
Inactive:         552040 kB
Active(anon):     835348 kB
Inactive(anon):   217968 kB
Active(file):     560592 kB
Inactive(file):   334072 kB
Unevictable:       12780 kB
Mlocked:               0 kB
SwapTotal:        720184 kB
SwapFree:         685196 kB
Dirty:               224 kB
Writeback:             0 kB
AnonPages:       1038036 kB
Mapped:           643484 kB
Shmem:             14908 kB
Slab:             113972 kB
SReclaimable:      33332 kB
SUnreclaim:        80640 kB
KernelStack:       35280 kB
PageTables:        57980 kB
NFS_Unstable:          0 kB
Bounce:                0 kB
WritebackTmp:          0 kB
CommitLimit:     2172840 kB
Committed_AS:   95143484 kB
VmallocTotal:   251658176 kB
VmallocUsed:      138708 kB
VmallocChunk:   251430444 kB
Time pass: 825 sec

---2015-11-24 14:37:46
MemTotal:        2905316 kB
MemFree:          108224 kB
Buffers:           11080 kB
Cached:           911404 kB
SwapCached:          104 kB
Active:          1392140 kB
Inactive:         552184 kB
Active(anon):     831564 kB
Inactive(anon):   218040 kB
Active(file):     560576 kB
Inactive(file):   334144 kB
Unevictable:       12780 kB
Mlocked:               0 kB
SwapTotal:        720184 kB
SwapFree:         685196 kB
Dirty:                88 kB
Writeback:             0 kB
AnonPages:       1034604 kB
Mapped:           643496 kB
Shmem:             14980 kB
Slab:             113952 kB
SReclaimable:      33332 kB
SUnreclaim:        80620 kB
KernelStack:       35296 kB
PageTables:        58052 kB
NFS_Unstable:          0 kB
Bounce:                0 kB
WritebackTmp:          0 kB
CommitLimit:     2172840 kB
Committed_AS:   95176240 kB
VmallocTotal:   251658176 kB
VmallocUsed:      138708 kB
VmallocChunk:   251430444 kB
Time pass: 832 sec

---2015-11-24 14:37:46
MemTotal:        2905316 kB
MemFree:          108220 kB
Buffers:           11088 kB
Cached:           911440 kB
SwapCached:          104 kB
Active:          1392136 kB
Inactive:         552196 kB
Active(anon):     831524 kB
Inactive(anon):   218040 kB
Active(file):     560612 kB
Inactive(file):   334156 kB
Unevictable:       12780 kB
Mlocked:               0 kB
SwapTotal:        720184 kB
SwapFree:         685196 kB
Dirty:                20 kB
Writeback:             0 kB
AnonPages:       1034604 kB
Mapped:           643556 kB
Shmem:             14980 kB
Slab:             113948 kB
SReclaimable:      33332 kB
SUnreclaim:        80616 kB
KernelStack:       35280 kB
PageTables:        58076 kB
NFS_Unstable:          0 kB
Bounce:                0 kB
WritebackTmp:          0 kB
CommitLimit:     2172840 kB
Committed_AS:   95176260 kB
VmallocTotal:   251658176 kB
VmallocUsed:      138708 kB
VmallocChunk:   251430444 kB
Time pass: 838 sec

---2015-11-24 14:37:46
MemTotal:        2905316 kB
MemFree:          119468 kB
Buffers:           11112 kB
Cached:           912808 kB
SwapCached:          104 kB
Active:          1381672 kB
Inactive:         551472 kB
Active(anon):     818948 kB
Inactive(anon):   218044 kB
Active(file):     562724 kB
Inactive(file):   333428 kB
Unevictable:       12780 kB
Mlocked:               0 kB
SwapTotal:        720184 kB
SwapFree:         685200 kB
Dirty:               148 kB
Writeback:             0 kB
AnonPages:       1021908 kB
Mapped:           643636 kB
Shmem:             14980 kB
Slab:             113876 kB
SReclaimable:      33332 kB
SUnreclaim:        80544 kB
KernelStack:       35328 kB
PageTables:        58024 kB
NFS_Unstable:          0 kB
Bounce:                0 kB
WritebackTmp:          0 kB
CommitLimit:     2172840 kB
Committed_AS:   95176696 kB
VmallocTotal:   251658176 kB
VmallocUsed:      138708 kB
VmallocChunk:   251430444 kB
Time pass: 844 sec

---2015-11-24 14:37:46
MemTotal:        2905316 kB
MemFree:          126168 kB
Buffers:           11128 kB
Cached:           912900 kB
SwapCached:          104 kB
Active:          1374740 kB
Inactive:         551528 kB
Active(anon):     811960 kB
Inactive(anon):   218048 kB
Active(file):     562780 kB
Inactive(file):   333480 kB
Unevictable:       12780 kB
Mlocked:               0 kB
SwapTotal:        720184 kB
SwapFree:         685200 kB
Dirty:               156 kB
Writeback:             0 kB
AnonPages:       1014900 kB
Mapped:           643648 kB
Shmem:             14988 kB
Slab:             113876 kB
SReclaimable:      33332 kB
SUnreclaim:        80544 kB
KernelStack:       35344 kB
PageTables:        58048 kB
NFS_Unstable:          0 kB
Bounce:                0 kB
WritebackTmp:          0 kB
CommitLimit:     2172840 kB
Committed_AS:   95176672 kB
VmallocTotal:   251658176 kB
VmallocUsed:      138708 kB
VmallocChunk:   251430444 kB
Time pass: 851 sec

---2015-11-24 14:37:46
MemTotal:        2905316 kB
MemFree:          130588 kB
Buffers:           11136 kB
Cached:           912968 kB
SwapCached:          104 kB
Active:          1369948 kB
Inactive:         551560 kB
Active(anon):     807132 kB
Inactive(anon):   218044 kB
Active(file):     562816 kB
Inactive(file):   333516 kB
Unevictable:       12780 kB
Mlocked:               0 kB
SwapTotal:        720184 kB
SwapFree:         685200 kB
Dirty:                92 kB
Writeback:             0 kB
AnonPages:       1009892 kB
Mapped:           643648 kB
Shmem:             14988 kB
Slab:             113832 kB
SReclaimable:      33332 kB
SUnreclaim:        80500 kB
KernelStack:       35232 kB
PageTables:        58020 kB
NFS_Unstable:          0 kB
Bounce:                0 kB
WritebackTmp:          0 kB
CommitLimit:     2172840 kB
Committed_AS:   95176624 kB
VmallocTotal:   251658176 kB
VmallocUsed:      138708 kB
VmallocChunk:   251430444 kB
Time pass: 856 sec

---2015-11-24 14:37:46
MemTotal:        2905316 kB
MemFree:          125124 kB
Buffers:           11152 kB
Cached:           913352 kB
SwapCached:          104 kB
Active:          1375820 kB
Inactive:         551856 kB
Active(anon):     812896 kB
Inactive(anon):   218116 kB
Active(file):     562924 kB
Inactive(file):   333740 kB
Unevictable:       12780 kB
Mlocked:               0 kB
SwapTotal:        720184 kB
SwapFree:         685200 kB
Dirty:                68 kB
Writeback:             0 kB
AnonPages:       1015892 kB
Mapped:           643784 kB
Shmem:             15060 kB
Slab:             113880 kB
SReclaimable:      33332 kB
SUnreclaim:        80548 kB
KernelStack:       35216 kB
PageTables:        58088 kB
NFS_Unstable:          0 kB
Bounce:                0 kB
WritebackTmp:          0 kB
CommitLimit:     2172840 kB
Committed_AS:   95209364 kB
VmallocTotal:   251658176 kB
VmallocUsed:      138708 kB
VmallocChunk:   251430444 kB
Time pass: 863 sec

---2015-11-24 14:37:46
MemTotal:        2905316 kB
MemFree:          129576 kB
Buffers:           11160 kB
Cached:           913392 kB
SwapCached:          104 kB
Active:          1371424 kB
Inactive:         551864 kB
Active(anon):     808460 kB
Inactive(anon):   218116 kB
Active(file):     562964 kB
Inactive(file):   333748 kB
Unevictable:       12780 kB
Mlocked:               0 kB
SwapTotal:        720184 kB
SwapFree:         685200 kB
Dirty:                44 kB
Writeback:             0 kB
AnonPages:       1011380 kB
Mapped:           643832 kB
Shmem:             15060 kB
Slab:             113912 kB
SReclaimable:      33332 kB
SUnreclaim:        80580 kB
KernelStack:       35200 kB
PageTables:        58116 kB
NFS_Unstable:          0 kB
Bounce:                0 kB
WritebackTmp:          0 kB
CommitLimit:     2172840 kB
Committed_AS:   95209312 kB
VmallocTotal:   251658176 kB
VmallocUsed:      138708 kB
VmallocChunk:   251430444 kB
Time pass: 870 sec

---2015-11-24 14:37:46
MemTotal:        2905316 kB
MemFree:          116028 kB
Buffers:           11192 kB
Cached:           913776 kB
SwapCached:          104 kB
Active:          1383816 kB
Inactive:         552148 kB
Active(anon):     820744 kB
Inactive(anon):   218116 kB
Active(file):     563072 kB
Inactive(file):   334032 kB
Unevictable:       12780 kB
Mlocked:               0 kB
SwapTotal:        720184 kB
SwapFree:         685200 kB
Dirty:               420 kB
Writeback:             0 kB
AnonPages:       1023836 kB
Mapped:           649328 kB
Shmem:             15060 kB
Slab:             113944 kB
SReclaimable:      33332 kB
SUnreclaim:        80612 kB
KernelStack:       35728 kB
PageTables:        58668 kB
NFS_Unstable:          0 kB
Bounce:                0 kB
WritebackTmp:          0 kB
CommitLimit:     2172840 kB
Committed_AS:   95948908 kB
VmallocTotal:   251658176 kB
VmallocUsed:      139728 kB
VmallocChunk:   251430444 kB
Time pass: 877 sec

---2015-11-24 14:37:46
MemTotal:        2905316 kB
MemFree:          128736 kB
Buffers:           11200 kB
Cached:           913884 kB
SwapCached:          104 kB
Active:          1371748 kB
Inactive:         552220 kB
Active(anon):     808612 kB
Inactive(anon):   218120 kB
Active(file):     563136 kB
Inactive(file):   334100 kB
Unevictable:       12780 kB
Mlocked:               0 kB
SwapTotal:        720184 kB
SwapFree:         685200 kB
Dirty:                20 kB
Writeback:             0 kB
AnonPages:       1011508 kB
Mapped:           643872 kB
Shmem:             15068 kB
Slab:             113540 kB
SReclaimable:      33348 kB
SUnreclaim:        80192 kB
KernelStack:       35216 kB
PageTables:        58100 kB
NFS_Unstable:          0 kB
Bounce:                0 kB
WritebackTmp:          0 kB
CommitLimit:     2172840 kB
Committed_AS:   95209624 kB
VmallocTotal:   251658176 kB
VmallocUsed:      138708 kB
VmallocChunk:   251430444 kB
Time pass: 884 sec

---2015-11-24 14:37:46
MemTotal:        2905316 kB
MemFree:          128128 kB
Buffers:           11208 kB
Cached:           914032 kB
SwapCached:          104 kB
Active:          1372540 kB
Inactive:         552300 kB
Active(anon):     809356 kB
Inactive(anon):   218156 kB
Active(file):     563184 kB
Inactive(file):   334144 kB
Unevictable:       12780 kB
Mlocked:               0 kB
SwapTotal:        720184 kB
SwapFree:         685200 kB
Dirty:               140 kB
Writeback:             0 kB
AnonPages:       1012520 kB
Mapped:           643936 kB
Shmem:             15128 kB
Slab:             113520 kB
SReclaimable:      33348 kB
SUnreclaim:        80172 kB
KernelStack:       35200 kB
PageTables:        58148 kB
NFS_Unstable:          0 kB
Bounce:                0 kB
WritebackTmp:          0 kB
CommitLimit:     2172840 kB
Committed_AS:   95242660 kB
VmallocTotal:   251658176 kB
VmallocUsed:      138708 kB
VmallocChunk:   251430444 kB
Time pass: 891 sec

---2015-11-24 14:37:46
MemTotal:        2905316 kB
MemFree:          121644 kB
Buffers:           11240 kB
Cached:           914280 kB
SwapCached:          104 kB
Active:          1378124 kB
Inactive:         552504 kB
Active(anon):     814840 kB
Inactive(anon):   218188 kB
Active(file):     563284 kB
Inactive(file):   334316 kB
Unevictable:       12780 kB
Mlocked:               0 kB
SwapTotal:        720184 kB
SwapFree:         685200 kB
Dirty:                92 kB
Writeback:             0 kB
AnonPages:       1017796 kB
Mapped:           644160 kB
Shmem:             15140 kB
Slab:             113608 kB
SReclaimable:      33348 kB
SUnreclaim:        80260 kB
KernelStack:       35520 kB
PageTables:        58268 kB
NFS_Unstable:          0 kB
Bounce:                0 kB
WritebackTmp:          0 kB
CommitLimit:     2172840 kB
Committed_AS:   95242852 kB
VmallocTotal:   251658176 kB
VmallocUsed:      138708 kB
VmallocChunk:   251430444 kB
Time pass: 897 sec

---2015-11-24 14:37:46
MemTotal:        2905316 kB
MemFree:          126688 kB
Buffers:           11248 kB
Cached:           914416 kB
SwapCached:          104 kB
Active:          1373660 kB
Inactive:         552584 kB
Active(anon):     810312 kB
Inactive(anon):   218188 kB
Active(file):     563348 kB
Inactive(file):   334396 kB
Unevictable:       12780 kB
Mlocked:               0 kB
SwapTotal:        720184 kB
SwapFree:         685200 kB
Dirty:                44 kB
Writeback:             0 kB
AnonPages:       1013212 kB
Mapped:           643972 kB
Shmem:             15140 kB
Slab:             113540 kB
SReclaimable:      33348 kB
SUnreclaim:        80192 kB
KernelStack:       35216 kB
PageTables:        58156 kB
NFS_Unstable:          0 kB
Bounce:                0 kB
WritebackTmp:          0 kB
CommitLimit:     2172840 kB
Committed_AS:   95242876 kB
VmallocTotal:   251658176 kB
VmallocUsed:      138708 kB
VmallocChunk:   251430444 kB
Time pass: 904 sec

---2015-11-24 14:37:46
MemTotal:        2905316 kB
MemFree:          124876 kB
Buffers:           11272 kB
Cached:           915040 kB
SwapCached:          104 kB
Active:          1375308 kB
Inactive:         553188 kB
Active(anon):     811916 kB
Inactive(anon):   218188 kB
Active(file):     563392 kB
Inactive(file):   335000 kB
Unevictable:       12780 kB
Mlocked:               0 kB
SwapTotal:        720184 kB
SwapFree:         685200 kB
Dirty:               136 kB
Writeback:             0 kB
AnonPages:       1014832 kB
Mapped:           644128 kB
Shmem:             15140 kB
Slab:             113540 kB
SReclaimable:      33348 kB
SUnreclaim:        80192 kB
KernelStack:       35312 kB
PageTables:        58160 kB
NFS_Unstable:          0 kB
Bounce:                0 kB
WritebackTmp:          0 kB
CommitLimit:     2172840 kB
Committed_AS:   95243040 kB
VmallocTotal:   251658176 kB
VmallocUsed:      138708 kB
VmallocChunk:   251430444 kB
Time pass: 909 sec

---2015-11-24 14:37:46
MemTotal:        2905316 kB
MemFree:          111016 kB
Buffers:           11304 kB
Cached:           915344 kB
SwapCached:          104 kB
Active:          1387640 kB
Inactive:         553448 kB
Active(anon):     824180 kB
Inactive(anon):   218188 kB
Active(file):     563460 kB
Inactive(file):   335260 kB
Unevictable:       12780 kB
Mlocked:               0 kB
SwapTotal:        720184 kB
SwapFree:         685200 kB
Dirty:               464 kB
Writeback:             0 kB
AnonPages:       1027400 kB
Mapped:           649400 kB
Shmem:             15140 kB
Slab:             113644 kB
SReclaimable:      33348 kB
SUnreclaim:        80296 kB
KernelStack:       35904 kB
PageTables:        58716 kB
NFS_Unstable:          0 kB
Bounce:                0 kB
WritebackTmp:          0 kB
CommitLimit:     2172840 kB
Committed_AS:   95982448 kB
VmallocTotal:   251658176 kB
VmallocUsed:      139728 kB
VmallocChunk:   251408940 kB
Time pass: 915 sec

---2015-11-24 14:37:46
MemTotal:        2905316 kB
MemFree:          117484 kB
Buffers:           11312 kB
Cached:           915516 kB
SwapCached:          104 kB
Active:          1382612 kB
Inactive:         553548 kB
Active(anon):     819084 kB
Inactive(anon):   218224 kB
Active(file):     563528 kB
Inactive(file):   335324 kB
Unevictable:       12780 kB
Mlocked:               0 kB
SwapTotal:        720184 kB
SwapFree:         685200 kB
Dirty:               196 kB
Writeback:             0 kB
AnonPages:       1021800 kB
Mapped:           644236 kB
Shmem:             15188 kB
Slab:             113500 kB
SReclaimable:      33380 kB
SUnreclaim:        80120 kB
KernelStack:       35312 kB
PageTables:        58212 kB
NFS_Unstable:          0 kB
Bounce:                0 kB
WritebackTmp:          0 kB
CommitLimit:     2172840 kB
Committed_AS:   95275852 kB
VmallocTotal:   251658176 kB
VmallocUsed:      138708 kB
VmallocChunk:   251430444 kB
Time pass: 921 sec

---2015-11-24 14:37:46
MemTotal:        2905316 kB
MemFree:          120964 kB
Buffers:           11320 kB
Cached:           915588 kB
SwapCached:          104 kB
Active:          1378840 kB
Inactive:         553604 kB
Active(anon):     815268 kB
Inactive(anon):   218260 kB
Active(file):     563572 kB
Inactive(file):   335344 kB
Unevictable:       12780 kB
Mlocked:               0 kB
SwapTotal:        720184 kB
SwapFree:         685200 kB
Dirty:                 8 kB
Writeback:             0 kB
AnonPages:       1018408 kB
Mapped:           644268 kB
Shmem:             15212 kB
Slab:             113500 kB
SReclaimable:      33380 kB
SUnreclaim:        80120 kB
KernelStack:       35344 kB
PageTables:        58248 kB
NFS_Unstable:          0 kB
Bounce:                0 kB
WritebackTmp:          0 kB
CommitLimit:     2172840 kB
Committed_AS:   95275812 kB
VmallocTotal:   251658176 kB
VmallocUsed:      138708 kB
VmallocChunk:   251430444 kB
Time pass: 928 sec

---2015-11-24 14:37:46
MemTotal:        2905316 kB
MemFree:          108540 kB
Buffers:           11352 kB
Cached:           915912 kB
SwapCached:          104 kB
Active:          1389908 kB
Inactive:         553840 kB
Active(anon):     826236 kB
Inactive(anon):   218260 kB
Active(file):     563672 kB
Inactive(file):   335580 kB
Unevictable:       12780 kB
Mlocked:               0 kB
SwapTotal:        720184 kB
SwapFree:         685200 kB
Dirty:               340 kB
Writeback:             0 kB
AnonPages:       1029572 kB
Mapped:           649392 kB
Shmem:             15212 kB
Slab:             113560 kB
SReclaimable:      33380 kB
SUnreclaim:        80180 kB
KernelStack:       35776 kB
PageTables:        58792 kB
NFS_Unstable:          0 kB
Bounce:                0 kB
WritebackTmp:          0 kB
CommitLimit:     2172840 kB
Committed_AS:   96014904 kB
VmallocTotal:   251658176 kB
VmallocUsed:      139728 kB
VmallocChunk:   251430444 kB
Time pass: 934 sec

---2015-11-24 14:37:46
MemTotal:        2905316 kB
MemFree:          117544 kB
Buffers:           11368 kB
Cached:           916000 kB
SwapCached:          104 kB
Active:          1381324 kB
Inactive:         553896 kB
Active(anon):     817584 kB
Inactive(anon):   218260 kB
Active(file):     563740 kB
Inactive(file):   335636 kB
Unevictable:       12780 kB
Mlocked:               0 kB
SwapTotal:        720184 kB
SwapFree:         685200 kB
Dirty:                28 kB
Writeback:             0 kB
AnonPages:       1020388 kB
Mapped:           644268 kB
Shmem:             15212 kB
Slab:             113520 kB
SReclaimable:      33380 kB
SUnreclaim:        80140 kB
KernelStack:       35328 kB
PageTables:        58228 kB
NFS_Unstable:          0 kB
Bounce:                0 kB
WritebackTmp:          0 kB
CommitLimit:     2172840 kB
Committed_AS:   95275824 kB
VmallocTotal:   251658176 kB
VmallocUsed:      138708 kB
VmallocChunk:   251430444 kB
Time pass: 940 sec

---2015-11-24 14:37:46
MemTotal:        2905316 kB
MemFree:          117488 kB
Buffers:           11384 kB
Cached:           916028 kB
SwapCached:          104 kB
Active:          1381328 kB
Inactive:         553912 kB
Active(anon):     817560 kB
Inactive(anon):   218260 kB
Active(file):     563768 kB
Inactive(file):   335652 kB
Unevictable:       12780 kB
Mlocked:               0 kB
SwapTotal:        720184 kB
SwapFree:         685200 kB
Dirty:                40 kB
Writeback:             0 kB
AnonPages:       1020452 kB
Mapped:           644268 kB
Shmem:             15212 kB
Slab:             113516 kB
SReclaimable:      33380 kB
SUnreclaim:        80136 kB
KernelStack:       35360 kB
PageTables:        58224 kB
NFS_Unstable:          0 kB
Bounce:                0 kB
WritebackTmp:          0 kB
CommitLimit:     2172840 kB
Committed_AS:   95275872 kB
VmallocTotal:   251658176 kB
VmallocUsed:      138708 kB
VmallocChunk:   251430444 kB
Time pass: 947 sec

---2015-11-24 14:37:46
MemTotal:        2905316 kB
MemFree:          116080 kB
Buffers:           11392 kB
Cached:           916160 kB
SwapCached:          104 kB
Active:          1382480 kB
Inactive:         554012 kB
Active(anon):     818676 kB
Inactive(anon):   218260 kB
Active(file):     563804 kB
Inactive(file):   335752 kB
Unevictable:       12780 kB
Mlocked:               0 kB
SwapTotal:        720184 kB
SwapFree:         685200 kB
Dirty:                84 kB
Writeback:             8 kB
AnonPages:       1021708 kB
Mapped:           644576 kB
Shmem:             15216 kB
Slab:             113496 kB
SReclaimable:      33380 kB
SUnreclaim:        80116 kB
KernelStack:       35392 kB
PageTables:        58232 kB
NFS_Unstable:          0 kB
Bounce:                0 kB
WritebackTmp:          0 kB
CommitLimit:     2172840 kB
Committed_AS:   95308612 kB
VmallocTotal:   251658176 kB
VmallocUsed:      138708 kB
VmallocChunk:   251430444 kB
Time pass: 951 sec

---2015-11-24 14:37:46
MemTotal:        2905316 kB
MemFree:          109328 kB
Buffers:           11416 kB
Cached:           916624 kB
SwapCached:          104 kB
Active:          1389336 kB
Inactive:         554388 kB
Active(anon):     825420 kB
Inactive(anon):   218328 kB
Active(file):     563916 kB
Inactive(file):   336060 kB
Unevictable:       12780 kB
Mlocked:               0 kB
SwapTotal:        720184 kB
SwapFree:         685200 kB
Dirty:                16 kB
Writeback:             0 kB
AnonPages:       1028388 kB
Mapped:           644724 kB
Shmem:             15284 kB
Slab:             113464 kB
SReclaimable:      33380 kB
SUnreclaim:        80084 kB
KernelStack:       35344 kB
PageTables:        58292 kB
NFS_Unstable:          0 kB
Bounce:                0 kB
WritebackTmp:          0 kB
CommitLimit:     2172840 kB
Committed_AS:   95308748 kB
VmallocTotal:   251658176 kB
VmallocUsed:      138708 kB
VmallocChunk:   251430444 kB
Time pass: 958 sec

---2015-11-24 14:37:46
MemTotal:        2905316 kB
MemFree:          113136 kB
Buffers:           11424 kB
Cached:           916652 kB
SwapCached:          104 kB
Active:          1385028 kB
Inactive:         554400 kB
Active(anon):     821088 kB
Inactive(anon):   218328 kB
Active(file):     563940 kB
Inactive(file):   336072 kB
Unevictable:       12780 kB
Mlocked:               0 kB
SwapTotal:        720184 kB
SwapFree:         685200 kB
Dirty:                12 kB
Writeback:             0 kB
AnonPages:       1023916 kB
Mapped:           644732 kB
Shmem:             15284 kB
Slab:             113460 kB
SReclaimable:      33380 kB
SUnreclaim:        80080 kB
KernelStack:       35360 kB
PageTables:        58296 kB
NFS_Unstable:          0 kB
Bounce:                0 kB
WritebackTmp:          0 kB
CommitLimit:     2172840 kB
Committed_AS:   95308644 kB
VmallocTotal:   251658176 kB
VmallocUsed:      138708 kB
VmallocChunk:   251430444 kB
Time pass: 962 sec

---2015-11-24 14:37:46
MemTotal:        2905316 kB
MemFree:          122936 kB
Buffers:           11456 kB
Cached:           916784 kB
SwapCached:          104 kB
Active:          1382208 kB
