---2015-12-04 23:55:29
MemTotal:        1350964 kB
MemFree:           54384 kB
Buffers:            7956 kB
Cached:           679464 kB
SwapCached:            0 kB
Active:           584620 kB
Inactive:         524228 kB
Active(anon):     423468 kB
Inactive(anon):     2600 kB
Active(file):     161152 kB
Inactive(file):   521628 kB
Unevictable:        1988 kB
Mlocked:               0 kB
HighTotal:        802816 kB
HighFree:           1528 kB
LowTotal:         548148 kB
LowFree:           52856 kB
SwapTotal:             0 kB
SwapFree:              0 kB
Dirty:                28 kB
Writeback:             0 kB
AnonPages:        423456 kB
Mapped:           188980 kB
Shmem:              2644 kB
Slab:              32296 kB
SReclaimable:      11468 kB
SUnreclaim:        20828 kB
KernelStack:        9008 kB
PageTables:        18968 kB
NFS_Unstable:          0 kB
Bounce:                0 kB
WritebackTmp:          0 kB
CommitLimit:      675480 kB
Committed_AS:   45822032 kB
VmallocTotal:     253952 kB
VmallocUsed:       90552 kB
VmallocChunk:      48132 kB
Time pass: 3 sec

---2015-12-04 23:55:29
MemTotal:        1350964 kB
MemFree:           53748 kB
Buffers:            7956 kB
Cached:           679464 kB
SwapCached:            0 kB
Active:           584660 kB
Inactive:         524236 kB
Active(anon):     423508 kB
Inactive(anon):     2600 kB
Active(file):     161152 kB
Inactive(file):   521636 kB
Unevictable:        1988 kB
Mlocked:               0 kB
HighTotal:        802816 kB
HighFree:           1528 kB
LowTotal:         548148 kB
LowFree:           52220 kB
SwapTotal:             0 kB
SwapFree:              0 kB
Dirty:                28 kB
Writeback:             0 kB
AnonPages:        423560 kB
Mapped:           189032 kB
Shmem:              2644 kB
Slab:              32268 kB
SReclaimable:      11468 kB
SUnreclaim:        20800 kB
KernelStack:        9008 kB
PageTables:        18988 kB
NFS_Unstable:          0 kB
Bounce:                0 kB
WritebackTmp:          0 kB
CommitLimit:      675480 kB
Committed_AS:   45821956 kB
VmallocTotal:     253952 kB
VmallocUsed:       90552 kB
VmallocChunk:      48132 kB
Time pass: 7 sec

---2015-12-04 23:55:29
MemTotal:        1350964 kB
MemFree:           51288 kB
Buffers:            8248 kB
Cached:           680212 kB
SwapCached:            0 kB
Active:           586752 kB
Inactive:         524912 kB
Active(anon):     425236 kB
Inactive(anon):     2884 kB
Active(file):     161516 kB
Inactive(file):   522028 kB
Unevictable:        1988 kB
Mlocked:               0 kB
HighTotal:        802816 kB
HighFree:           1528 kB
LowTotal:         548148 kB
LowFree:           49760 kB
SwapTotal:             0 kB
SwapFree:              0 kB
Dirty:               408 kB
Writeback:             0 kB
AnonPages:        425248 kB
Mapped:           189232 kB
Shmem:              2928 kB
Slab:              32288 kB
SReclaimable:      11476 kB
SUnreclaim:        20812 kB
KernelStack:        9048 kB
PageTables:        19004 kB
NFS_Unstable:          0 kB
Bounce:                0 kB
WritebackTmp:          0 kB
CommitLimit:      675480 kB
Committed_AS:   45827016 kB
VmallocTotal:     253952 kB
VmallocUsed:       90552 kB
VmallocChunk:      48132 kB
Time pass: 10 sec

---2015-12-04 23:55:29
MemTotal:        1350964 kB
MemFree:           51100 kB
Buffers:            8336 kB
Cached:           680020 kB
SwapCached:            0 kB
Active:           586872 kB
Inactive:         524656 kB
Active(anon):     425252 kB
Inactive(anon):     2600 kB
Active(file):     161620 kB
Inactive(file):   522056 kB
Unevictable:        1988 kB
Mlocked:               0 kB
HighTotal:        802816 kB
HighFree:           1528 kB
LowTotal:         548148 kB
LowFree:           49572 kB
SwapTotal:             0 kB
SwapFree:              0 kB
Dirty:                76 kB
Writeback:             0 kB
AnonPages:        425224 kB
Mapped:           189068 kB
Shmem:              2644 kB
Slab:              32452 kB
SReclaimable:      11488 kB
SUnreclaim:        20964 kB
KernelStack:        9064 kB
PageTables:        18976 kB
NFS_Unstable:          0 kB
Bounce:                0 kB
WritebackTmp:          0 kB
CommitLimit:      675480 kB
Committed_AS:   45822820 kB
VmallocTotal:     253952 kB
VmallocUsed:       90552 kB
VmallocChunk:      48132 kB
Time pass: 14 sec

---2015-12-04 23:55:29
MemTotal:        1350964 kB
MemFree:           51552 kB
Buffers:            8336 kB
Cached:           680020 kB
SwapCached:            0 kB
Active:           586212 kB
Inactive:         524704 kB
Active(anon):     424592 kB
Inactive(anon):     2600 kB
Active(file):     161620 kB
Inactive(file):   522104 kB
Unevictable:        1988 kB
Mlocked:               0 kB
HighTotal:        802816 kB
HighFree:           1528 kB
LowTotal:         548148 kB
LowFree:           50024 kB
SwapTotal:             0 kB
SwapFree:              0 kB
Dirty:                76 kB
Writeback:             0 kB
AnonPages:        424600 kB
Mapped:           189112 kB
Shmem:              2644 kB
Slab:              32444 kB
SReclaimable:      11488 kB
SUnreclaim:        20956 kB
KernelStack:        9064 kB
PageTables:        19016 kB
NFS_Unstable:          0 kB
Bounce:                0 kB
WritebackTmp:          0 kB
CommitLimit:      675480 kB
Committed_AS:   45822844 kB
VmallocTotal:     253952 kB
VmallocUsed:       90552 kB
VmallocChunk:      48132 kB
Time pass: 17 sec

---2015-12-04 23:55:29
MemTotal:        1350964 kB
MemFree:           17456 kB
Buffers:            8476 kB
Cached:           700408 kB
SwapCached:            0 kB
Active:           595292 kB
Inactive:         544068 kB
Active(anon):     432852 kB
Inactive(anon):     2600 kB
Active(file):     162440 kB
Inactive(file):   541468 kB
Unevictable:        1988 kB
Mlocked:               0 kB
HighTotal:        802816 kB
HighFree:           1828 kB
LowTotal:         548148 kB
LowFree:           15628 kB
SwapTotal:             0 kB
SwapFree:              0 kB
Dirty:               804 kB
Writeback:             0 kB
AnonPages:        432736 kB
Mapped:           199632 kB
Shmem:              2644 kB
Slab:              32532 kB
SReclaimable:      11572 kB
SUnreclaim:        20960 kB
KernelStack:        9176 kB
PageTables:        19388 kB
NFS_Unstable:          0 kB
Bounce:                0 kB
WritebackTmp:          0 kB
CommitLimit:      675480 kB
Committed_AS:   46715712 kB
VmallocTotal:     253952 kB
VmallocUsed:       92480 kB
VmallocChunk:      48132 kB
Time pass: 21 sec

---2015-12-04 23:55:29
MemTotal:        1350964 kB
MemFree:           31584 kB
Buffers:            7868 kB
Cached:           634640 kB
SwapCached:            0 kB
Active:           626348 kB
Inactive:         470004 kB
Active(anon):     456304 kB
Inactive(anon):     2728 kB
Active(file):     170044 kB
Inactive(file):   467276 kB
Unevictable:        1988 kB
Mlocked:               0 kB
HighTotal:        802816 kB
HighFree:           4200 kB
LowTotal:         548148 kB
LowFree:           27384 kB
SwapTotal:             0 kB
SwapFree:              0 kB
Dirty:               244 kB
Writeback:             0 kB
AnonPages:        456340 kB
Mapped:           208408 kB
Shmem:              2772 kB
Slab:              32688 kB
SReclaimable:      11672 kB
SUnreclaim:        21016 kB
KernelStack:        9464 kB
PageTables:        19676 kB
NFS_Unstable:          0 kB
Bounce:                0 kB
WritebackTmp:          0 kB
CommitLimit:      675480 kB
Committed_AS:   46775336 kB
VmallocTotal:     253952 kB
VmallocUsed:       92920 kB
VmallocChunk:      48132 kB
Time pass: 24 sec

---2015-12-04 23:55:29
MemTotal:        1350964 kB
MemFree:           38996 kB
Buffers:            7588 kB
Cached:           611056 kB
SwapCached:            0 kB
Active:           628760 kB
Inactive:         445752 kB
Active(anon):     457900 kB
Inactive(anon):     2728 kB
Active(file):     170860 kB
Inactive(file):   443024 kB
Unevictable:        1988 kB
Mlocked:               0 kB
HighTotal:        802816 kB
HighFree:           9156 kB
LowTotal:         548148 kB
LowFree:           29840 kB
SwapTotal:             0 kB
SwapFree:              0 kB
Dirty:               400 kB
Writeback:             0 kB
AnonPages:        457812 kB
Mapped:           209084 kB
Shmem:              2772 kB
Slab:              32792 kB
SReclaimable:      11696 kB
SUnreclaim:        21096 kB
KernelStack:        9504 kB
PageTables:        19720 kB
NFS_Unstable:          0 kB
Bounce:                0 kB
WritebackTmp:          0 kB
CommitLimit:      675480 kB
Committed_AS:   46792280 kB
VmallocTotal:     253952 kB
VmallocUsed:       92920 kB
VmallocChunk:      48132 kB
Time pass: 28 sec

---2015-12-04 23:55:29
MemTotal:        1350964 kB
MemFree:           34484 kB
Buffers:            7596 kB
Cached:           608088 kB
SwapCached:            0 kB
Active:           629968 kB
Inactive:         442736 kB
Active(anon):     459096 kB
Inactive(anon):     2728 kB
Active(file):     170872 kB
Inactive(file):   440008 kB
Unevictable:        1988 kB
Mlocked:               0 kB
HighTotal:        802816 kB
HighFree:           4476 kB
LowTotal:         548148 kB
LowFree:           30008 kB
SwapTotal:             0 kB
SwapFree:              0 kB
Dirty:               152 kB
Writeback:             0 kB
AnonPages:        459008 kB
Mapped:           209216 kB
Shmem:              2772 kB
Slab:              32796 kB
SReclaimable:      11716 kB
SUnreclaim:        21080 kB
KernelStack:        9496 kB
PageTables:        19740 kB
NFS_Unstable:          0 kB
Bounce:                0 kB
WritebackTmp:          0 kB
CommitLimit:      675480 kB
Committed_AS:   46799688 kB
VmallocTotal:     253952 kB
VmallocUsed:       92920 kB
VmallocChunk:      48132 kB
Time pass: 31 sec

---2015-12-04 23:55:29
MemTotal:        1350964 kB
MemFree:           34116 kB
Buffers:            7604 kB
Cached:           608004 kB
SwapCached:            0 kB
Active:           629940 kB
Inactive:         442640 kB
Active(anon):     459016 kB
Inactive(anon):     2728 kB
Active(file):     170924 kB
Inactive(file):   439912 kB
Unevictable:        1988 kB
Mlocked:               0 kB
HighTotal:        802816 kB
HighFree:           4200 kB
LowTotal:         548148 kB
LowFree:           29916 kB
SwapTotal:             0 kB
SwapFree:              0 kB
Dirty:                64 kB
Writeback:             0 kB
AnonPages:        459028 kB
Mapped:           209216 kB
Shmem:              2772 kB
Slab:              32892 kB
SReclaimable:      11716 kB
SUnreclaim:        21176 kB
KernelStack:        9496 kB
PageTables:        19744 kB
NFS_Unstable:          0 kB
Bounce:                0 kB
WritebackTmp:          0 kB
CommitLimit:      675480 kB
Committed_AS:   46799568 kB
VmallocTotal:     253952 kB
VmallocUsed:       92920 kB
VmallocChunk:      48132 kB
Time pass: 35 sec

---2015-12-04 23:55:29
MemTotal:        1350964 kB
MemFree:           31220 kB
Buffers:            7584 kB
Cached:           561476 kB
SwapCached:            0 kB
Active:           649180 kB
Inactive:         395872 kB
Active(anon):     478024 kB
Inactive(anon):     2728 kB
Active(file):     171156 kB
Inactive(file):   393144 kB
Unevictable:        1988 kB
Mlocked:               0 kB
HighTotal:        802816 kB
HighFree:           1772 kB
LowTotal:         548148 kB
LowFree:           29448 kB
SwapTotal:             0 kB
SwapFree:              0 kB
Dirty:                72 kB
Writeback:             0 kB
AnonPages:        478212 kB
Mapped:           209680 kB
Shmem:              2772 kB
Slab:              32860 kB
SReclaimable:      11712 kB
SUnreclaim:        21148 kB
KernelStack:        9512 kB
PageTables:        19992 kB
NFS_Unstable:          0 kB
Bounce:                0 kB
WritebackTmp:          0 kB
CommitLimit:      675480 kB
Committed_AS:   46922444 kB
VmallocTotal:     253952 kB
VmallocUsed:       93372 kB
VmallocChunk:      48132 kB
Time pass: 38 sec

---2015-12-04 23:55:29
MemTotal:        1350964 kB
MemFree:           36172 kB
Buffers:            7592 kB
Cached:           557284 kB
SwapCached:            0 kB
Active:           649748 kB
Inactive:         391676 kB
Active(anon):     478588 kB
Inactive(anon):     2728 kB
Active(file):     171160 kB
Inactive(file):   388948 kB
Unevictable:        1988 kB
Mlocked:               0 kB
HighTotal:        802816 kB
HighFree:           4028 kB
LowTotal:         548148 kB
LowFree:           32144 kB
SwapTotal:             0 kB
SwapFree:              0 kB
Dirty:                32 kB
Writeback:             0 kB
AnonPages:        478632 kB
Mapped:           209808 kB
Shmem:              2772 kB
Slab:              32880 kB
SReclaimable:      11716 kB
SUnreclaim:        21164 kB
KernelStack:        9520 kB
PageTables:        20004 kB
NFS_Unstable:          0 kB
Bounce:                0 kB
WritebackTmp:          0 kB
CommitLimit:      675480 kB
Committed_AS:   46918656 kB
VmallocTotal:     253952 kB
VmallocUsed:       93372 kB
VmallocChunk:      48132 kB
Time pass: 42 sec

---2015-12-04 23:55:29
MemTotal:        1350964 kB
MemFree:           38392 kB
Buffers:            7656 kB
Cached:           559332 kB
SwapCached:            0 kB
Active:           660736 kB
Inactive:         393392 kB
Active(anon):     489396 kB
Inactive(anon):     2732 kB
Active(file):     171340 kB
Inactive(file):   390660 kB
Unevictable:        1988 kB
Mlocked:               0 kB
HighTotal:        802816 kB
HighFree:           1720 kB
LowTotal:         548148 kB
LowFree:           36672 kB
SwapTotal:             0 kB
SwapFree:              0 kB
Dirty:               316 kB
Writeback:             0 kB
AnonPages:        489496 kB
Mapped:           212988 kB
Shmem:              2776 kB
Slab:              32864 kB
SReclaimable:      11732 kB
SUnreclaim:        21132 kB
KernelStack:        9528 kB
PageTables:        19976 kB
NFS_Unstable:          0 kB
Bounce:                0 kB
WritebackTmp:          0 kB
CommitLimit:      675480 kB
Committed_AS:   46899512 kB
VmallocTotal:     253952 kB
VmallocUsed:       93372 kB
VmallocChunk:      48132 kB
Time pass: 45 sec

---2015-12-04 23:55:29
MemTotal:        1350964 kB
MemFree:           31860 kB
Buffers:            7664 kB
Cached:           560000 kB
SwapCached:            0 kB
Active:           663372 kB
Inactive:         394092 kB
Active(anon):     491888 kB
Inactive(anon):     2732 kB
Active(file):     171484 kB
Inactive(file):   391360 kB
Unevictable:        1988 kB
Mlocked:               0 kB
HighTotal:        802816 kB
HighFree:           2664 kB
LowTotal:         548148 kB
LowFree:           29196 kB
SwapTotal:             0 kB
SwapFree:              0 kB
Dirty:               844 kB
Writeback:             0 kB
AnonPages:        491824 kB
Mapped:           213152 kB
Shmem:              2776 kB
Slab:              33064 kB
SReclaimable:      11756 kB
SUnreclaim:        21308 kB
KernelStack:        9576 kB
PageTables:        20000 kB
NFS_Unstable:          0 kB
Bounce:                0 kB
WritebackTmp:          0 kB
CommitLimit:      675480 kB
Committed_AS:   46911984 kB
VmallocTotal:     253952 kB
VmallocUsed:       93372 kB
VmallocChunk:      48132 kB
Time pass: 49 sec

---2015-12-04 23:55:29
MemTotal:        1350964 kB
MemFree:           31504 kB
Buffers:            7664 kB
Cached:           555312 kB
SwapCached:            0 kB
Active:           663940 kB
Inactive:         389424 kB
Active(anon):     492420 kB
Inactive(anon):     2732 kB
Active(file):     171520 kB
Inactive(file):   386692 kB
Unevictable:        1988 kB
Mlocked:               0 kB
HighTotal:        802816 kB
HighFree:           2192 kB
LowTotal:         548148 kB
LowFree:           29312 kB
SwapTotal:             0 kB
SwapFree:              0 kB
Dirty:               252 kB
Writeback:             0 kB
AnonPages:        492288 kB
Mapped:           213212 kB
Shmem:              2776 kB
Slab:              33052 kB
SReclaimable:      11760 kB
SUnreclaim:        21292 kB
KernelStack:        9576 kB
PageTables:        20028 kB
NFS_Unstable:          0 kB
Bounce:                0 kB
WritebackTmp:          0 kB
CommitLimit:      675480 kB
Committed_AS:   46916188 kB
VmallocTotal:     253952 kB
VmallocUsed:       93372 kB
VmallocChunk:      48132 kB
Time pass: 53 sec

---2015-12-04 23:55:29
MemTotal:        1350964 kB
MemFree:           31852 kB
Buffers:            7672 kB
Cached:           547288 kB
SwapCached:            0 kB
Active:           668008 kB
Inactive:         381252 kB
Active(anon):     496340 kB
Inactive(anon):     2732 kB
Active(file):     171668 kB
Inactive(file):   378520 kB
Unevictable:        1988 kB
Mlocked:               0 kB
HighTotal:        802816 kB
HighFree:           1596 kB
LowTotal:         548148 kB
LowFree:           30256 kB
SwapTotal:             0 kB
SwapFree:              0 kB
Dirty:               208 kB
Writeback:             0 kB
AnonPages:        496432 kB
Mapped:           213584 kB
Shmem:              2776 kB
Slab:              33136 kB
SReclaimable:      11784 kB
SUnreclaim:        21352 kB
KernelStack:        9576 kB
PageTables:        20036 kB
NFS_Unstable:          0 kB
Bounce:                0 kB
WritebackTmp:          0 kB
CommitLimit:      675480 kB
Committed_AS:   46924416 kB
VmallocTotal:     253952 kB
VmallocUsed:       93372 kB
VmallocChunk:      48132 kB
Time pass: 56 sec

---2015-12-04 23:55:29
MemTotal:        1350964 kB
MemFree:           31256 kB
Buffers:            7680 kB
Cached:           547896 kB
SwapCached:            0 kB
Active:           666416 kB
Inactive:         381788 kB
Active(anon):     494736 kB
Inactive(anon):     2732 kB
Active(file):     171680 kB
Inactive(file):   379056 kB
Unevictable:        1988 kB
Mlocked:               0 kB
HighTotal:        802816 kB
HighFree:           1596 kB
LowTotal:         548148 kB
LowFree:           29660 kB
SwapTotal:             0 kB
SwapFree:              0 kB
Dirty:               104 kB
Writeback:             0 kB
AnonPages:        494812 kB
Mapped:           213964 kB
Shmem:              2776 kB
Slab:              33100 kB
SReclaimable:      11808 kB
SUnreclaim:        21292 kB
KernelStack:        9576 kB
PageTables:        20032 kB
NFS_Unstable:          0 kB
Bounce:                0 kB
WritebackTmp:          0 kB
CommitLimit:      675480 kB
Committed_AS:   46924224 kB
VmallocTotal:     253952 kB
VmallocUsed:       93372 kB
VmallocChunk:      48132 kB
Time pass: 60 sec

---2015-12-04 23:55:29
MemTotal:        1350964 kB
MemFree:           32728 kB
Buffers:            7652 kB
Cached:           540980 kB
SwapCached:            0 kB
Active:           671684 kB
Inactive:         373936 kB
Active(anon):     499092 kB
Inactive(anon):     2732 kB
Active(file):     172592 kB
Inactive(file):   371204 kB
Unevictable:        1988 kB
Mlocked:               0 kB
HighTotal:        802816 kB
HighFree:           2708 kB
LowTotal:         548148 kB
LowFree:           30020 kB
SwapTotal:             0 kB
SwapFree:              0 kB
Dirty:               332 kB
Writeback:             0 kB
AnonPages:        499088 kB
Mapped:           213964 kB
Shmem:              2776 kB
Slab:              33232 kB
SReclaimable:      11808 kB
SUnreclaim:        21424 kB
KernelStack:        9576 kB
PageTables:        20032 kB
NFS_Unstable:          0 kB
Bounce:                0 kB
WritebackTmp:          0 kB
CommitLimit:      675480 kB
Committed_AS:   46931872 kB
VmallocTotal:     253952 kB
VmallocUsed:       93372 kB
VmallocChunk:      48132 kB
Time pass: 63 sec

---2015-12-04 23:55:29
MemTotal:        1350964 kB
MemFree:           32540 kB
Buffers:            7660 kB
Cached:           537332 kB
SwapCached:            0 kB
Active:           669808 kB
Inactive:         370056 kB
Active(anon):     496904 kB
Inactive(anon):     2732 kB
Active(file):     172904 kB
Inactive(file):   367324 kB
Unevictable:        1988 kB
Mlocked:               0 kB
HighTotal:        802816 kB
HighFree:           2564 kB
LowTotal:         548148 kB
LowFree:           29976 kB
SwapTotal:             0 kB
SwapFree:              0 kB
Dirty:               576 kB
Writeback:             0 kB
AnonPages:        496960 kB
Mapped:           214000 kB
Shmem:              2776 kB
Slab:              33204 kB
SReclaimable:      11848 kB
SUnreclaim:        21356 kB
KernelStack:        9576 kB
PageTables:        20040 kB
NFS_Unstable:          0 kB
Bounce:                0 kB
WritebackTmp:          0 kB
CommitLimit:      675480 kB
Committed_AS:   46934632 kB
VmallocTotal:     253952 kB
VmallocUsed:       93372 kB
VmallocChunk:      48132 kB
Time pass: 67 sec

---2015-12-04 23:55:29
MemTotal:        1350964 kB
MemFree:           30288 kB
Buffers:            7692 kB
Cached:           530424 kB
SwapCached:            0 kB
Active:           680128 kB
Inactive:         363148 kB
Active(anon):     507192 kB
Inactive(anon):     2732 kB
Active(file):     172936 kB
Inactive(file):   360416 kB
Unevictable:        1988 kB
Mlocked:               0 kB
HighTotal:        802816 kB
HighFree:           1596 kB
LowTotal:         548148 kB
LowFree:           28692 kB
SwapTotal:             0 kB
SwapFree:              0 kB
Dirty:               316 kB
Writeback:             0 kB
AnonPages:        507336 kB
Mapped:           217556 kB
Shmem:              2776 kB
Slab:              33412 kB
SReclaimable:      11872 kB
SUnreclaim:        21540 kB
KernelStack:        9648 kB
PageTables:        20108 kB
NFS_Unstable:          0 kB
Bounce:                0 kB
WritebackTmp:          0 kB
CommitLimit:      675480 kB
Committed_AS:   46951136 kB
VmallocTotal:     253952 kB
VmallocUsed:       93372 kB
VmallocChunk:      48132 kB
Time pass: 70 sec

---2015-12-04 23:55:29
MemTotal:        1350964 kB
MemFree:           34484 kB
Buffers:            7520 kB
Cached:           515516 kB
SwapCached:            0 kB
Active:           694052 kB
Inactive:         341092 kB
Active(anon):     514152 kB
Inactive(anon):     2848 kB
Active(file):     179900 kB
Inactive(file):   338244 kB
Unevictable:        1988 kB
Mlocked:               0 kB
HighTotal:        802816 kB
HighFree:           1596 kB
LowTotal:         548148 kB
LowFree:           32888 kB
SwapTotal:             0 kB
SwapFree:              0 kB
Dirty:                52 kB
Writeback:             0 kB
AnonPages:        514164 kB
Mapped:           218696 kB
Shmem:              2896 kB
Slab:              33344 kB
SReclaimable:      11876 kB
SUnreclaim:        21468 kB
KernelStack:        9736 kB
PageTables:        20224 kB
NFS_Unstable:          0 kB
Bounce:                0 kB
WritebackTmp:          0 kB
CommitLimit:      675480 kB
Committed_AS:   46967596 kB
VmallocTotal:     253952 kB
VmallocUsed:       94032 kB
VmallocChunk:      48132 kB
Time pass: 74 sec

---2015-12-04 23:55:29
MemTotal:        1350964 kB
MemFree:           34548 kB
Buffers:            7496 kB
Cached:           506040 kB
SwapCached:            0 kB
Active:           700740 kB
Inactive:         329476 kB
Active(anon):     518720 kB
Inactive(anon):     2876 kB
Active(file):     182020 kB
Inactive(file):   326600 kB
Unevictable:        1988 kB
Mlocked:               0 kB
HighTotal:        802816 kB
HighFree:           2836 kB
LowTotal:         548148 kB
LowFree:           31712 kB
SwapTotal:             0 kB
SwapFree:              0 kB
Dirty:                48 kB
Writeback:             0 kB
AnonPages:        518732 kB
Mapped:           218680 kB
Shmem:              2928 kB
Slab:              33520 kB
SReclaimable:      11892 kB
SUnreclaim:        21628 kB
KernelStack:        9744 kB
PageTables:        20380 kB
NFS_Unstable:          0 kB
Bounce:                0 kB
WritebackTmp:          0 kB
CommitLimit:      675480 kB
Committed_AS:   46975744 kB
VmallocTotal:     253952 kB
VmallocUsed:       94468 kB
VmallocChunk:      48132 kB
Time pass: 78 sec

---2015-12-04 23:55:29
MemTotal:        1350964 kB
MemFree:           33508 kB
Buffers:            7512 kB
Cached:           506176 kB
SwapCached:            0 kB
Active:           701492 kB
Inactive:         329632 kB
Active(anon):     519472 kB
Inactive(anon):     2992 kB
Active(file):     182020 kB
Inactive(file):   326640 kB
Unevictable:        1988 kB
Mlocked:               0 kB
HighTotal:        802816 kB
HighFree:           1820 kB
LowTotal:         548148 kB
LowFree:           31688 kB
SwapTotal:             0 kB
SwapFree:              0 kB
Dirty:                40 kB
Writeback:             0 kB
AnonPages:        519432 kB
Mapped:           218696 kB
Shmem:              3040 kB
Slab:              33504 kB
SReclaimable:      11892 kB
SUnreclaim:        21612 kB
KernelStack:        9752 kB
PageTables:        20396 kB
NFS_Unstable:          0 kB
Bounce:                0 kB
WritebackTmp:          0 kB
CommitLimit:      675480 kB
Committed_AS:   46976100 kB
VmallocTotal:     253952 kB
VmallocUsed:       94468 kB
VmallocChunk:      48132 kB
Time pass: 82 sec

---2015-12-04 23:55:29
MemTotal:        1350964 kB
MemFree:           33528 kB
Buffers:            7520 kB
Cached:           506280 kB
SwapCached:            0 kB
Active:           701208 kB
Inactive:         329736 kB
Active(anon):     519188 kB
Inactive(anon):     2992 kB
Active(file):     182020 kB
Inactive(file):   326744 kB
Unevictable:        1988 kB
Mlocked:               0 kB
HighTotal:        802816 kB
HighFree:           2044 kB
LowTotal:         548148 kB
LowFree:           31484 kB
SwapTotal:             0 kB
SwapFree:              0 kB
Dirty:               184 kB
Writeback:             0 kB
AnonPages:        519096 kB
Mapped:           218728 kB
Shmem:              3040 kB
Slab:              33500 kB
SReclaimable:      11900 kB
SUnreclaim:        21600 kB
KernelStack:        9744 kB
PageTables:        20396 kB
NFS_Unstable:          0 kB
Bounce:                0 kB
WritebackTmp:          0 kB
CommitLimit:      675480 kB
Committed_AS:   46975720 kB
VmallocTotal:     253952 kB
VmallocUsed:       94468 kB
VmallocChunk:      48132 kB
Time pass: 85 sec

---2015-12-04 23:55:29
MemTotal:        1350964 kB
MemFree:           33780 kB
Buffers:            7536 kB
Cached:           506280 kB
SwapCached:            0 kB
Active:           701620 kB
Inactive:         329760 kB
Active(anon):     519600 kB
Inactive(anon):     2992 kB
Active(file):     182020 kB
Inactive(file):   326768 kB
Unevictable:        1988 kB
Mlocked:               0 kB
HighTotal:        802816 kB
HighFree:           2092 kB
LowTotal:         548148 kB
LowFree:           31688 kB
SwapTotal:             0 kB
SwapFree:              0 kB
Dirty:               196 kB
Writeback:             0 kB
AnonPages:        519620 kB
Mapped:           218876 kB
Shmem:              3040 kB
Slab:              33436 kB
SReclaimable:      11904 kB
SUnreclaim:        21532 kB
KernelStack:        9744 kB
PageTables:        20396 kB
NFS_Unstable:          0 kB
Bounce:                0 kB
WritebackTmp:          0 kB
CommitLimit:      675480 kB
Committed_AS:   46975860 kB
VmallocTotal:     253952 kB
VmallocUsed:       94468 kB
VmallocChunk:      48132 kB
Time pass: 88 sec

---2015-12-04 23:55:29
MemTotal:        1350964 kB
MemFree:           31188 kB
Buffers:            7552 kB
Cached:           506116 kB
SwapCached:            0 kB
Active:           703544 kB
Inactive:         329612 kB
Active(anon):     521524 kB
Inactive(anon):     2828 kB
Active(file):     182020 kB
Inactive(file):   326784 kB
Unevictable:        1988 kB
Mlocked:               0 kB
HighTotal:        802816 kB
HighFree:           1968 kB
LowTotal:         548148 kB
LowFree:           29220 kB
SwapTotal:             0 kB
SwapFree:              0 kB
Dirty:                44 kB
Writeback:             0 kB
AnonPages:        521432 kB
Mapped:           218712 kB
Shmem:              2876 kB
Slab:              33476 kB
SReclaimable:      11904 kB
SUnreclaim:        21572 kB
KernelStack:        9744 kB
PageTables:        20308 kB
NFS_Unstable:          0 kB
Bounce:                0 kB
WritebackTmp:          0 kB
CommitLimit:      675480 kB
Committed_AS:   46973244 kB
VmallocTotal:     253952 kB
VmallocUsed:       94688 kB
VmallocChunk:      48132 kB
Time pass: 92 sec

---2015-12-04 23:55:29
MemTotal:        1350964 kB
MemFree:           32460 kB
Buffers:            7484 kB
Cached:           503844 kB
SwapCached:            0 kB
Active:           705400 kB
Inactive:         327272 kB
Active(anon):     523380 kB
Inactive(anon):     2828 kB
Active(file):     182020 kB
Inactive(file):   324444 kB
Unevictable:        1988 kB
Mlocked:               0 kB
HighTotal:        802816 kB
HighFree:           1844 kB
LowTotal:         548148 kB
LowFree:           30616 kB
SwapTotal:             0 kB
SwapFree:              0 kB
Dirty:                44 kB
Writeback:             0 kB
AnonPages:        523364 kB
Mapped:           218664 kB
Shmem:              2876 kB
Slab:              33648 kB
SReclaimable:      11904 kB
SUnreclaim:        21744 kB
KernelStack:        9760 kB
PageTables:        20236 kB
NFS_Unstable:          0 kB
Bounce:                0 kB
WritebackTmp:          0 kB
CommitLimit:      675480 kB
Committed_AS:   46973548 kB
VmallocTotal:     253952 kB
VmallocUsed:       95024 kB
VmallocChunk:      48132 kB
Time pass: 96 sec

---2015-12-04 23:55:29
MemTotal:        1350964 kB
MemFree:           67600 kB
Buffers:            7516 kB
Cached:           489896 kB
SwapCached:            0 kB
Active:           701176 kB
Inactive:         311348 kB
Active(anon):     516900 kB
Inactive(anon):     2732 kB
Active(file):     184276 kB
Inactive(file):   308616 kB
Unevictable:        1988 kB
Mlocked:               0 kB
HighTotal:        802816 kB
HighFree:          14756 kB
LowTotal:         548148 kB
LowFree:           52844 kB
SwapTotal:             0 kB
SwapFree:              0 kB
Dirty:               184 kB
Writeback:             0 kB
AnonPages:        516652 kB
Mapped:           219716 kB
Shmem:              2776 kB
Slab:              33644 kB
SReclaimable:      11904 kB
SUnreclaim:        21740 kB
KernelStack:        9696 kB
PageTables:        20044 kB
NFS_Unstable:          0 kB
Bounce:                0 kB
WritebackTmp:          0 kB
CommitLimit:      675480 kB
Committed_AS:   46920264 kB
VmallocTotal:     253952 kB
VmallocUsed:       96064 kB
VmallocChunk:      48132 kB
Time pass: 100 sec

---2015-12-04 23:55:29
MemTotal:        1350964 kB
MemFree:          222120 kB
Buffers:            7576 kB
Cached:           489904 kB
SwapCached:            0 kB
Active:           627480 kB
Inactive:         310056 kB
Active(anon):     442088 kB
Inactive(anon):     2472 kB
Active(file):     185392 kB
Inactive(file):   307584 kB
Unevictable:        1988 kB
Mlocked:               0 kB
HighTotal:        802816 kB
HighFree:          95936 kB
LowTotal:         548148 kB
LowFree:          126184 kB
SwapTotal:             0 kB
SwapFree:              0 kB
Dirty:                 4 kB
Writeback:             0 kB
AnonPages:        441896 kB
Mapped:           182156 kB
Shmem:              2516 kB
Slab:              33524 kB
SReclaimable:      11916 kB
SUnreclaim:        21608 kB
KernelStack:        8640 kB
PageTables:        18584 kB
NFS_Unstable:          0 kB
Bounce:                0 kB
WritebackTmp:          0 kB
CommitLimit:      675480 kB
Committed_AS:   45016236 kB
VmallocTotal:     253952 kB
VmallocUsed:       90916 kB
VmallocChunk:      48132 kB
Time pass: 103 sec

---2015-12-04 23:55:29
MemTotal:        1350964 kB
MemFree:          207364 kB
Buffers:            7620 kB
Cached:           490008 kB
SwapCached:            0 kB
Active:           637512 kB
Inactive:         309964 kB
Active(anon):     451880 kB
Inactive(anon):     2472 kB
Active(file):     185632 kB
Inactive(file):   307492 kB
Unevictable:        1988 kB
Mlocked:               0 kB
HighTotal:        802816 kB
HighFree:          87132 kB
LowTotal:         548148 kB
LowFree:          120232 kB
SwapTotal:             0 kB
SwapFree:              0 kB
Dirty:               800 kB
Writeback:             0 kB
AnonPages:        451888 kB
Mapped:           196064 kB
Shmem:              2516 kB
Slab:              33444 kB
SReclaimable:      11916 kB
SUnreclaim:        21528 kB
KernelStack:        8856 kB
PageTables:        19172 kB
NFS_Unstable:          0 kB
Bounce:                0 kB
WritebackTmp:          0 kB
CommitLimit:      675480 kB
Committed_AS:   45923824 kB
VmallocTotal:     253952 kB
VmallocUsed:       92376 kB
VmallocChunk:      46084 kB
Time pass: 107 sec

---2015-12-04 23:55:29
MemTotal:        1350964 kB
MemFree:          159736 kB
Buffers:            7672 kB
Cached:           490300 kB
SwapCached:            0 kB
Active:           648652 kB
Inactive:         310008 kB
Active(anon):     462720 kB
Inactive(anon):     2596 kB
Active(file):     185932 kB
Inactive(file):   307412 kB
Unevictable:        1988 kB
Mlocked:               0 kB
HighTotal:        802816 kB
HighFree:          63396 kB
LowTotal:         548148 kB
LowFree:           96340 kB
SwapTotal:             0 kB
SwapFree:              0 kB
Dirty:              1084 kB
Writeback:             0 kB
AnonPages:        462824 kB
Mapped:           203512 kB
Shmem:              2640 kB
Slab:              33444 kB
SReclaimable:      11916 kB
SUnreclaim:        21528 kB
KernelStack:        9072 kB
PageTables:        19340 kB
NFS_Unstable:          0 kB
Bounce:                0 kB
WritebackTmp:          0 kB
CommitLimit:      675480 kB
Committed_AS:   45983148 kB
VmallocTotal:     253952 kB
VmallocUsed:       92816 kB
VmallocChunk:      46084 kB
Time pass: 110 sec

---2015-12-04 23:55:29
MemTotal:        1350964 kB
MemFree:          136160 kB
Buffers:            7680 kB
Cached:           490580 kB
SwapCached:            0 kB
Active:           662356 kB
Inactive:         310212 kB
Active(anon):     476388 kB
Inactive(anon):     2600 kB
Active(file):     185968 kB
Inactive(file):   307612 kB
Unevictable:        1988 kB
Mlocked:               0 kB
HighTotal:        802816 kB
HighFree:          38920 kB
LowTotal:         548148 kB
LowFree:           97240 kB
SwapTotal:             0 kB
SwapFree:              0 kB
Dirty:               336 kB
Writeback:             0 kB
AnonPages:        476604 kB
Mapped:           207744 kB
Shmem:              2644 kB
Slab:              33540 kB
SReclaimable:      11916 kB
SUnreclaim:        21624 kB
KernelStack:        9152 kB
PageTables:        19400 kB
NFS_Unstable:          0 kB
Bounce:                0 kB
WritebackTmp:          0 kB
CommitLimit:      675480 kB
Committed_AS:   46013416 kB
VmallocTotal:     253952 kB
VmallocUsed:       92816 kB
VmallocChunk:      46084 kB
Time pass: 114 sec

---2015-12-04 23:55:29
MemTotal:        1350964 kB
MemFree:          121048 kB
Buffers:            7696 kB
Cached:           490804 kB
SwapCached:            0 kB
Active:           666732 kB
Inactive:         310232 kB
Active(anon):     480548 kB
Inactive(anon):     2600 kB
Active(file):     186184 kB
Inactive(file):   307632 kB
Unevictable:        1988 kB
Mlocked:               0 kB
HighTotal:        802816 kB
HighFree:          27252 kB
LowTotal:         548148 kB
LowFree:           93796 kB
SwapTotal:             0 kB
SwapFree:              0 kB
Dirty:               288 kB
Writeback:             0 kB
AnonPages:        480432 kB
Mapped:           207948 kB
Shmem:              2644 kB
Slab:              33548 kB
SReclaimable:      11916 kB
SUnreclaim:        21632 kB
KernelStack:        9160 kB
PageTables:        19440 kB
NFS_Unstable:          0 kB
Bounce:                0 kB
WritebackTmp:          0 kB
CommitLimit:      675480 kB
Committed_AS:   46026552 kB
VmallocTotal:     253952 kB
VmallocUsed:       92816 kB
VmallocChunk:      46084 kB
Time pass: 117 sec

---2015-12-04 23:55:29
MemTotal:        1350964 kB
MemFree:          113160 kB
Buffers:            7696 kB
Cached:           490812 kB
SwapCached:            0 kB
Active:           669956 kB
Inactive:         310212 kB
Active(anon):     483692 kB
Inactive(anon):     2600 kB
Active(file):     186264 kB
Inactive(file):   307612 kB
Unevictable:        1988 kB
Mlocked:               0 kB
HighTotal:        802816 kB
HighFree:          20072 kB
LowTotal:         548148 kB
LowFree:           93088 kB
SwapTotal:             0 kB
SwapFree:              0 kB
Dirty:               340 kB
Writeback:             0 kB
AnonPages:        483560 kB
Mapped:           208312 kB
Shmem:              2644 kB
Slab:              33464 kB
SReclaimable:      11920 kB
SUnreclaim:        21544 kB
KernelStack:        9168 kB
PageTables:        19448 kB
NFS_Unstable:          0 kB
Bounce:                0 kB
WritebackTmp:          0 kB
CommitLimit:      675480 kB
Committed_AS:   46034316 kB
VmallocTotal:     253952 kB
VmallocUsed:       92816 kB
VmallocChunk:      46084 kB
Time pass: 121 sec

---2015-12-04 23:55:29
MemTotal:        1350964 kB
MemFree:           91288 kB
Buffers:            7704 kB
Cached:           491176 kB
SwapCached:            0 kB
Active:           677780 kB
Inactive:         310048 kB
Active(anon):     490980 kB
Inactive(anon):     2600 kB
Active(file):     186800 kB
Inactive(file):   307448 kB
Unevictable:        1988 kB
Mlocked:               0 kB
HighTotal:        802816 kB
HighFree:           3704 kB
LowTotal:         548148 kB
LowFree:           87584 kB
SwapTotal:             0 kB
SwapFree:              0 kB
Dirty:               884 kB
Writeback:             0 kB
AnonPages:        490852 kB
Mapped:           208272 kB
Shmem:              2644 kB
Slab:              33424 kB
SReclaimable:      11932 kB
SUnreclaim:        21492 kB
KernelStack:        9168 kB
PageTables:        19504 kB
NFS_Unstable:          0 kB
Bounce:                0 kB
WritebackTmp:          0 kB
CommitLimit:      675480 kB
Committed_AS:   46055520 kB
VmallocTotal:     253952 kB
VmallocUsed:       92816 kB
VmallocChunk:      46084 kB
Time pass: 125 sec

---2015-12-04 23:55:29
MemTotal:        1350964 kB
MemFree:           88768 kB
Buffers:            7712 kB
Cached:           491176 kB
SwapCached:            0 kB
Active:           676396 kB
Inactive:         310056 kB
Active(anon):     489596 kB
Inactive(anon):     2600 kB
Active(file):     186800 kB
Inactive(file):   307456 kB
Unevictable:        1988 kB
Mlocked:               0 kB
HighTotal:        802816 kB
HighFree:           2788 kB
LowTotal:         548148 kB
LowFree:           85980 kB
SwapTotal:             0 kB
SwapFree:              0 kB
Dirty:                96 kB
Writeback:             0 kB
AnonPages:        489680 kB
Mapped:           208420 kB
Shmem:              2644 kB
Slab:              33492 kB
SReclaimable:      11932 kB
SUnreclaim:        21560 kB
KernelStack:        9168 kB
PageTables:        19520 kB
NFS_Unstable:          0 kB
Bounce:                0 kB
WritebackTmp:          0 kB
CommitLimit:      675480 kB
Committed_AS:   46058068 kB
VmallocTotal:     253952 kB
VmallocUsed:       92816 kB
VmallocChunk:      46084 kB
Time pass: 128 sec

---2015-12-04 23:55:29
MemTotal:        1350964 kB
MemFree:           88640 kB
Buffers:            7712 kB
Cached:           491176 kB
SwapCached:            0 kB
Active:           676432 kB
Inactive:         310056 kB
Active(anon):     489632 kB
Inactive(anon):     2600 kB
Active(file):     186800 kB
Inactive(file):   307456 kB
Unevictable:        1988 kB
Mlocked:               0 kB
HighTotal:        802816 kB
HighFree:           2712 kB
LowTotal:         548148 kB
LowFree:           85928 kB
SwapTotal:             0 kB
SwapFree:              0 kB
Dirty:                96 kB
Writeback:             0 kB
AnonPages:        489584 kB
Mapped:           208272 kB
Shmem:              2644 kB
Slab:              33464 kB
SReclaimable:      11932 kB
SUnreclaim:        21532 kB
KernelStack:        9168 kB
PageTables:        19520 kB
NFS_Unstable:          0 kB
Bounce:                0 kB
WritebackTmp:          0 kB
CommitLimit:      675480 kB
Committed_AS:   46057924 kB
VmallocTotal:     253952 kB
VmallocUsed:       92816 kB
VmallocChunk:      46084 kB
Time pass: 132 sec

---2015-12-04 23:55:29
MemTotal:        1350964 kB
MemFree:           82004 kB
Buffers:            7736 kB
Cached:           491180 kB
SwapCached:            0 kB
Active:           682140 kB
Inactive:         310080 kB
Active(anon):     495336 kB
Inactive(anon):     2600 kB
Active(file):     186804 kB
Inactive(file):   307480 kB
Unevictable:        1988 kB
Mlocked:               0 kB
HighTotal:        802816 kB
HighFree:           1596 kB
LowTotal:         548148 kB
LowFree:           80408 kB
SwapTotal:             0 kB
SwapFree:              0 kB
Dirty:                88 kB
Writeback:             0 kB
AnonPages:        495660 kB
Mapped:           210732 kB
Shmem:              2644 kB
Slab:              33464 kB
SReclaimable:      11932 kB
SUnreclaim:        21532 kB
KernelStack:        9248 kB
PageTables:        19548 kB
NFS_Unstable:          0 kB
Bounce:                0 kB
WritebackTmp:          0 kB
CommitLimit:      675480 kB
Committed_AS:   46078920 kB
VmallocTotal:     253952 kB
VmallocUsed:       93096 kB
VmallocChunk:      46084 kB
Time pass: 136 sec

---2015-12-04 23:55:29
MemTotal:        1350964 kB
MemFree:           76572 kB
Buffers:            7768 kB
Cached:           491356 kB
SwapCached:            0 kB
Active:           687288 kB
Inactive:         310208 kB
Active(anon):     500408 kB
Inactive(anon):     2768 kB
Active(file):     186880 kB
Inactive(file):   307440 kB
Unevictable:        1988 kB
Mlocked:               0 kB
HighTotal:        802816 kB
HighFree:           1596 kB
LowTotal:         548148 kB
LowFree:           74976 kB
SwapTotal:             0 kB
SwapFree:              0 kB
Dirty:               148 kB
Writeback:             0 kB
AnonPages:        500388 kB
Mapped:           211140 kB
Shmem:              2816 kB
Slab:              33448 kB
SReclaimable:      11932 kB
SUnreclaim:        21516 kB
KernelStack:        9352 kB
PageTables:        19636 kB
NFS_Unstable:          0 kB
Bounce:                0 kB
WritebackTmp:          0 kB
CommitLimit:      675480 kB
Committed_AS:   46077468 kB
VmallocTotal:     253952 kB
VmallocUsed:       93244 kB
VmallocChunk:      46084 kB
Time pass: 139 sec

---2015-12-04 23:55:29
MemTotal:        1350964 kB
MemFree:           70872 kB
Buffers:            7776 kB
Cached:           491312 kB
SwapCached:            0 kB
Active:           689088 kB
Inactive:         310248 kB
Active(anon):     502208 kB
Inactive(anon):     2800 kB
Active(file):     186880 kB
Inactive(file):   307448 kB
Unevictable:        1988 kB
Mlocked:               0 kB
HighTotal:        802816 kB
HighFree:           1596 kB
LowTotal:         548148 kB
LowFree:           69276 kB
SwapTotal:             0 kB
SwapFree:              0 kB
Dirty:                 0 kB
Writeback:             0 kB
AnonPages:        502164 kB
Mapped:           211508 kB
Shmem:              2772 kB
Slab:              33544 kB
SReclaimable:      11932 kB
SUnreclaim:        21612 kB
KernelStack:        9384 kB
PageTables:        19752 kB
NFS_Unstable:          0 kB
Bounce:                0 kB
WritebackTmp:          0 kB
CommitLimit:      675480 kB
Committed_AS:   46081648 kB
VmallocTotal:     253952 kB
VmallocUsed:       93580 kB
VmallocChunk:      46084 kB
Time pass: 143 sec

---2015-12-04 23:55:29
MemTotal:        1350964 kB
MemFree:           69060 kB
Buffers:            7784 kB
Cached:           491676 kB
SwapCached:            0 kB
Active:           690684 kB
Inactive:         310516 kB
Active(anon):     503804 kB
Inactive(anon):     3064 kB
Active(file):     186880 kB
Inactive(file):   307452 kB
Unevictable:        1988 kB
Mlocked:               0 kB
HighTotal:        802816 kB
HighFree:           1596 kB
LowTotal:         548148 kB
LowFree:           67464 kB
SwapTotal:             0 kB
SwapFree:              0 kB
Dirty:                36 kB
Writeback:             0 kB
AnonPages:        503780 kB
Mapped:           211824 kB
Shmem:              3132 kB
Slab:              33460 kB
SReclaimable:      11940 kB
SUnreclaim:        21520 kB
KernelStack:        9400 kB
PageTables:        19724 kB
NFS_Unstable:          0 kB
Bounce:                0 kB
WritebackTmp:          0 kB
CommitLimit:      675480 kB
Committed_AS:   46088960 kB
VmallocTotal:     253952 kB
VmallocUsed:       93800 kB
VmallocChunk:      46084 kB
Time pass: 147 sec

---2015-12-04 23:55:29
MemTotal:        1350964 kB
MemFree:           68688 kB
Buffers:            7792 kB
Cached:           491808 kB
SwapCached:            0 kB
Active:           690380 kB
Inactive:         310676 kB
Active(anon):     503496 kB
Inactive(anon):     3084 kB
Active(file):     186884 kB
Inactive(file):   307592 kB
Unevictable:        1988 kB
Mlocked:               0 kB
HighTotal:        802816 kB
HighFree:           1596 kB
LowTotal:         548148 kB
LowFree:           67092 kB
SwapTotal:             0 kB
SwapFree:              0 kB
Dirty:               156 kB
Writeback:             0 kB
AnonPages:        503448 kB
Mapped:           211924 kB
Shmem:              3132 kB
Slab:              33516 kB
SReclaimable:      11940 kB
SUnreclaim:        21576 kB
KernelStack:        9400 kB
PageTables:        19724 kB
NFS_Unstable:          0 kB
Bounce:                0 kB
WritebackTmp:          0 kB
CommitLimit:      675480 kB
Committed_AS:   46088548 kB
VmallocTotal:     253952 kB
VmallocUsed:       93800 kB
VmallocChunk:      46084 kB
Time pass: 151 sec

---2015-12-04 23:55:29
MemTotal:        1350964 kB
MemFree:           63220 kB
Buffers:            7792 kB
Cached:           491320 kB
SwapCached:            0 kB
Active:           692404 kB
Inactive:         310036 kB
Active(anon):     505360 kB
Inactive(anon):     2600 kB
Active(file):     187044 kB
Inactive(file):   307436 kB
Unevictable:        1988 kB
Mlocked:               0 kB
HighTotal:        802816 kB
HighFree:           1596 kB
LowTotal:         548148 kB
LowFree:           61624 kB
SwapTotal:             0 kB
SwapFree:              0 kB
Dirty:               160 kB
Writeback:             0 kB
AnonPages:        505364 kB
Mapped:           211184 kB
Shmem:              2644 kB
Slab:              33552 kB
SReclaimable:      11940 kB
SUnreclaim:        21612 kB
KernelStack:        9424 kB
PageTables:        19768 kB
NFS_Unstable:          0 kB
Bounce:                0 kB
WritebackTmp:          0 kB
CommitLimit:      675480 kB
Committed_AS:   46087032 kB
VmallocTotal:     253952 kB
VmallocUsed:       94356 kB
VmallocChunk:      46084 kB
Time pass: 154 sec

---2015-12-04 23:55:29
MemTotal:        1350964 kB
MemFree:           59456 kB
Buffers:            7832 kB
Cached:           491448 kB
SwapCached:            0 kB
Active:           700920 kB
Inactive:         310184 kB
Active(anon):     513876 kB
Inactive(anon):     2724 kB
Active(file):     187044 kB
Inactive(file):   307460 kB
Unevictable:        1988 kB
Mlocked:               0 kB
HighTotal:        802816 kB
HighFree:           1596 kB
LowTotal:         548148 kB
LowFree:           57860 kB
SwapTotal:             0 kB
SwapFree:              0 kB
Dirty:                52 kB
Writeback:             0 kB
AnonPages:        513960 kB
Mapped:           211716 kB
Shmem:              2772 kB
Slab:              33452 kB
SReclaimable:      11948 kB
SUnreclaim:        21504 kB
KernelStack:        9480 kB
PageTables:        19688 kB
NFS_Unstable:          0 kB
Bounce:                0 kB
WritebackTmp:          0 kB
CommitLimit:      675480 kB
Committed_AS:   46099076 kB
VmallocTotal:     253952 kB
VmallocUsed:       94136 kB
VmallocChunk:      46084 kB
Time pass: 158 sec

---2015-12-04 23:55:29
MemTotal:        1350964 kB
MemFree:           54880 kB
Buffers:            7872 kB
Cached:           491548 kB
SwapCached:            0 kB
Active:           703340 kB
Inactive:         310336 kB
Active(anon):     516296 kB
Inactive(anon):     2820 kB
Active(file):     187044 kB
Inactive(file):   307516 kB
Unevictable:        1988 kB
Mlocked:               0 kB
HighTotal:        802816 kB
HighFree:           1596 kB
LowTotal:         548148 kB
LowFree:           53284 kB
SwapTotal:             0 kB
SwapFree:              0 kB
Dirty:                36 kB
Writeback:             0 kB
AnonPages:        516264 kB
Mapped:           211668 kB
Shmem:              2872 kB
Slab:              33524 kB
SReclaimable:      11948 kB
SUnreclaim:        21576 kB
KernelStack:        9488 kB
PageTables:        19792 kB
NFS_Unstable:          0 kB
Bounce:                0 kB
WritebackTmp:          0 kB
CommitLimit:      675480 kB
Committed_AS:   46103108 kB
VmallocTotal:     253952 kB
VmallocUsed:       94472 kB
VmallocChunk:      46084 kB
Time pass: 162 sec

---2015-12-04 23:55:29
MemTotal:        1350964 kB
MemFree:           54100 kB
Buffers:            7888 kB
Cached:           491556 kB
SwapCached:            0 kB
Active:           703996 kB
Inactive:         310364 kB
Active(anon):     516952 kB
Inactive(anon):     2832 kB
Active(file):     187044 kB
Inactive(file):   307532 kB
Unevictable:        1988 kB
Mlocked:               0 kB
HighTotal:        802816 kB
HighFree:           1596 kB
LowTotal:         548148 kB
LowFree:           52504 kB
SwapTotal:             0 kB
SwapFree:              0 kB
Dirty:                40 kB
Writeback:             0 kB
AnonPages:        517056 kB
Mapped:           211820 kB
Shmem:              2880 kB
Slab:              33576 kB
SReclaimable:      11948 kB
SUnreclaim:        21628 kB
KernelStack:        9488 kB
PageTables:        19792 kB
NFS_Unstable:          0 kB
Bounce:                0 kB
WritebackTmp:          0 kB
CommitLimit:      675480 kB
Committed_AS:   46103528 kB
VmallocTotal:     253952 kB
VmallocUsed:       94472 kB
VmallocChunk:      46084 kB
Time pass: 166 sec

---2015-12-04 23:55:29
MemTotal:        1350964 kB
MemFree:           53336 kB
Buffers:            7896 kB
Cached:           491608 kB
SwapCached:            0 kB
Active:           704492 kB
Inactive:         310424 kB
Active(anon):     517448 kB
Inactive(anon):     2892 kB
Active(file):     187044 kB
Inactive(file):   307532 kB
Unevictable:        1988 kB
Mlocked:               0 kB
HighTotal:        802816 kB
HighFree:           1596 kB
LowTotal:         548148 kB
LowFree:           51740 kB
SwapTotal:             0 kB
SwapFree:              0 kB
Dirty:                 0 kB
Writeback:             0 kB
AnonPages:        517316 kB
Mapped:           211736 kB
Shmem:              2940 kB
Slab:              33760 kB
SReclaimable:      11948 kB
SUnreclaim:        21812 kB
KernelStack:        9472 kB
PageTables:        19796 kB
NFS_Unstable:          0 kB
Bounce:                0 kB
WritebackTmp:          0 kB
CommitLimit:      675480 kB
Committed_AS:   46103732 kB
VmallocTotal:     253952 kB
VmallocUsed:       94472 kB
VmallocChunk:      46084 kB
Time pass: 169 sec

---2015-12-04 23:55:29
MemTotal:        1350964 kB
MemFree:           53092 kB
Buffers:            7912 kB
Cached:           491620 kB
SwapCached:            0 kB
Active:           704656 kB
Inactive:         310448 kB
Active(anon):     517612 kB
Inactive(anon):     2892 kB
Active(file):     187044 kB
Inactive(file):   307556 kB
Unevictable:        1988 kB
Mlocked:               0 kB
HighTotal:        802816 kB
HighFree:           1596 kB
LowTotal:         548148 kB
LowFree:           51496 kB
SwapTotal:             0 kB
SwapFree:              0 kB
Dirty:                40 kB
Writeback:             0 kB
AnonPages:        517672 kB
Mapped:           211888 kB
Shmem:              2944 kB
Slab:              33672 kB
SReclaimable:      11948 kB
SUnreclaim:        21724 kB
KernelStack:        9464 kB
PageTables:        19796 kB
NFS_Unstable:          0 kB
Bounce:                0 kB
WritebackTmp:          0 kB
CommitLimit:      675480 kB
Committed_AS:   46103748 kB
VmallocTotal:     253952 kB
VmallocUsed:       94472 kB
VmallocChunk:      46084 kB
Time pass: 173 sec

---2015-12-04 23:55:29
MemTotal:        1350964 kB
MemFree:           53324 kB
Buffers:            7920 kB
Cached:           491628 kB
SwapCached:            0 kB
Active:           704800 kB
Inactive:         310468 kB
Active(anon):     517756 kB
Inactive(anon):     2904 kB
Active(file):     187044 kB
Inactive(file):   307564 kB
Unevictable:        1988 kB
Mlocked:               0 kB
HighTotal:        802816 kB
HighFree:           1596 kB
LowTotal:         548148 kB
LowFree:           51728 kB
SwapTotal:             0 kB
SwapFree:              0 kB
Dirty:                28 kB
Writeback:             0 kB
AnonPages:        517792 kB
Mapped:           211896 kB
Shmem:              2952 kB
Slab:              33560 kB
SReclaimable:      11948 kB
SUnreclaim:        21612 kB
KernelStack:        9464 kB
PageTables:        19796 kB
NFS_Unstable:          0 kB
Bounce:                0 kB
WritebackTmp:          0 kB
CommitLimit:      675480 kB
Committed_AS:   46103740 kB
VmallocTotal:     253952 kB
VmallocUsed:       94472 kB
VmallocChunk:      46084 kB
Time pass: 176 sec

---2015-12-04 23:55:29
MemTotal:        1350964 kB
MemFree:           52480 kB
Buffers:            7936 kB
Cached:           491632 kB
SwapCached:            0 kB
Active:           705192 kB
Inactive:         310488 kB
Active(anon):     518148 kB
Inactive(anon):     2908 kB
Active(file):     187044 kB
Inactive(file):   307580 kB
Unevictable:        1988 kB
Mlocked:               0 kB
HighTotal:        802816 kB
HighFree:           1596 kB
LowTotal:         548148 kB
LowFree:           50884 kB
SwapTotal:             0 kB
SwapFree:              0 kB
Dirty:                40 kB
Writeback:             0 kB
AnonPages:        518160 kB
Mapped:           211900 kB
Shmem:              2956 kB
Slab:              33568 kB
SReclaimable:      11948 kB
SUnreclaim:        21620 kB
KernelStack:        9464 kB
PageTables:        19796 kB
NFS_Unstable:          0 kB
Bounce:                0 kB
WritebackTmp:          0 kB
CommitLimit:      675480 kB
Committed_AS:   46103984 kB
VmallocTotal:     253952 kB
VmallocUsed:       94472 kB
VmallocChunk:      46084 kB
Time pass: 180 sec

---2015-12-04 23:55:29
MemTotal:        1350964 kB
MemFree:           52908 kB
Buffers:            7936 kB
Cached:           491632 kB
SwapCached:            0 kB
Active:           705248 kB
Inactive:         310488 kB
Active(anon):     518204 kB
Inactive(anon):     2908 kB
Active(file):     187044 kB
Inactive(file):   307580 kB
Unevictable:        1988 kB
Mlocked:               0 kB
HighTotal:        802816 kB
HighFree:           1596 kB
LowTotal:         548148 kB
LowFree:           51312 kB
SwapTotal:             0 kB
SwapFree:              0 kB
Dirty:                 0 kB
Writeback:             0 kB
AnonPages:        518212 kB
Mapped:           211900 kB
Shmem:              2956 kB
Slab:              33604 kB
SReclaimable:      11948 kB
SUnreclaim:        21656 kB
KernelStack:        9464 kB
PageTables:        19796 kB
NFS_Unstable:          0 kB
Bounce:                0 kB
WritebackTmp:          0 kB
CommitLimit:      675480 kB
Committed_AS:   46103992 kB
VmallocTotal:     253952 kB
VmallocUsed:       94472 kB
VmallocChunk:      46084 kB
Time pass: 183 sec

---2015-12-04 23:55:29
MemTotal:        1350964 kB
MemFree:           51988 kB
Buffers:            7960 kB
Cached:           491616 kB
SwapCached:            0 kB
Active:           705604 kB
Inactive:         310496 kB
Active(anon):     518560 kB
Inactive(anon):     2908 kB
Active(file):     187044 kB
Inactive(file):   307588 kB
Unevictable:        1988 kB
Mlocked:               0 kB
HighTotal:        802816 kB
HighFree:           1772 kB
LowTotal:         548148 kB
LowFree:           50216 kB
SwapTotal:             0 kB
SwapFree:              0 kB
Dirty:                28 kB
Writeback:             0 kB
AnonPages:        518372 kB
Mapped:           211900 kB
Shmem:              2956 kB
Slab:              33596 kB
SReclaimable:      11948 kB
SUnreclaim:        21648 kB
KernelStack:        9472 kB
PageTables:        19800 kB
NFS_Unstable:          0 kB
Bounce:                0 kB
WritebackTmp:          0 kB
CommitLimit:      675480 kB
Committed_AS:   46104112 kB
VmallocTotal:     253952 kB
VmallocUsed:       94472 kB
VmallocChunk:      46084 kB
Time pass: 187 sec

---2015-12-04 23:55:29
MemTotal:        1350964 kB
MemFree:           50880 kB
Buffers:            7976 kB
Cached:           491756 kB
SwapCached:            0 kB
Active:           705672 kB
Inactive:         310632 kB
Active(anon):     518628 kB
Inactive(anon):     2912 kB
Active(file):     187044 kB
Inactive(file):   307720 kB
Unevictable:        1988 kB
Mlocked:               0 kB
HighTotal:        802816 kB
HighFree:           1596 kB
LowTotal:         548148 kB
LowFree:           49284 kB
SwapTotal:             0 kB
SwapFree:              0 kB
Dirty:                44 kB
Writeback:             0 kB
AnonPages:        518464 kB
Mapped:           211928 kB
Shmem:              2960 kB
Slab:              33692 kB
SReclaimable:      11952 kB
SUnreclaim:        21740 kB
KernelStack:        9464 kB
PageTables:        19796 kB
NFS_Unstable:          0 kB
Bounce:                0 kB
WritebackTmp:          0 kB
CommitLimit:      675480 kB
Committed_AS:   46103952 kB
VmallocTotal:     253952 kB
VmallocUsed:       94472 kB
VmallocChunk:      46084 kB
Time pass: 190 sec

---2015-12-04 23:55:29
MemTotal:        1350964 kB
MemFree:           50628 kB
Buffers:            7976 kB
Cached:           491772 kB
SwapCached:            0 kB
Active:           706640 kB
Inactive:         310668 kB
Active(anon):     519596 kB
Inactive(anon):     2912 kB
Active(file):     187044 kB
Inactive(file):   307756 kB
Unevictable:        1988 kB
Mlocked:               0 kB
HighTotal:        802816 kB
HighFree:           1720 kB
LowTotal:         548148 kB
LowFree:           48908 kB
SwapTotal:             0 kB
SwapFree:              0 kB
Dirty:                 0 kB
Writeback:             0 kB
AnonPages:        519588 kB
Mapped:           211928 kB
Shmem:              2960 kB
Slab:              33632 kB
SReclaimable:      11952 kB
SUnreclaim:        21680 kB
KernelStack:        9472 kB
PageTables:        19792 kB
NFS_Unstable:          0 kB
Bounce:                0 kB
WritebackTmp:          0 kB
CommitLimit:      675480 kB
Committed_AS:   46105056 kB
VmallocTotal:     253952 kB
VmallocUsed:       94472 kB
VmallocChunk:      46084 kB
Time pass: 194 sec

---2015-12-04 23:55:29
MemTotal:        1350964 kB
MemFree:           53012 kB
Buffers:            8000 kB
Cached:           491824 kB
SwapCached:            0 kB
Active:           703952 kB
Inactive:         310736 kB
Active(anon):     516908 kB
Inactive(anon):     2972 kB
Active(file):     187044 kB
Inactive(file):   307764 kB
Unevictable:        1988 kB
Mlocked:               0 kB
HighTotal:        802816 kB
HighFree:           1820 kB
LowTotal:         548148 kB
LowFree:           51192 kB
SwapTotal:             0 kB
SwapFree:              0 kB
Dirty:                76 kB
Writeback:             0 kB
AnonPages:        516872 kB
Mapped:           212008 kB
Shmem:              3028 kB
Slab:              33612 kB
SReclaimable:      11952 kB
SUnreclaim:        21660 kB
KernelStack:        9464 kB
PageTables:        19800 kB
NFS_Unstable:          0 kB
Bounce:                0 kB
WritebackTmp:          0 kB
CommitLimit:      675480 kB
Committed_AS:   46105220 kB
VmallocTotal:     253952 kB
VmallocUsed:       94472 kB
VmallocChunk:      46084 kB
Time pass: 198 sec

---2015-12-04 23:55:29
MemTotal:        1350964 kB
MemFree:           53756 kB
Buffers:            8000 kB
Cached:           491840 kB
SwapCached:            0 kB
Active:           703752 kB
Inactive:         310760 kB
Active(anon):     516708 kB
Inactive(anon):     2980 kB
Active(file):     187044 kB
Inactive(file):   307780 kB
Unevictable:        1988 kB
Mlocked:               0 kB
HighTotal:        802816 kB
HighFree:           1596 kB
LowTotal:         548148 kB
LowFree:           52160 kB
SwapTotal:             0 kB
SwapFree:              0 kB
Dirty:                 8 kB
Writeback:             0 kB
AnonPages:        516964 kB
Mapped:           212008 kB
Shmem:              3028 kB
Slab:              33580 kB
SReclaimable:      11968 kB
SUnreclaim:        21612 kB
KernelStack:        9480 kB
PageTables:        19800 kB
NFS_Unstable:          0 kB
Bounce:                0 kB
WritebackTmp:          0 kB
CommitLimit:      675480 kB
Committed_AS:   46105264 kB
VmallocTotal:     253952 kB
VmallocUsed:       94472 kB
VmallocChunk:      46084 kB
Time pass: 202 sec

---2015-12-04 23:55:29
MemTotal:        1350964 kB
MemFree:           54564 kB
Buffers:            8024 kB
Cached:           491856 kB
SwapCached:            0 kB
Active:           702884 kB
Inactive:         310800 kB
Active(anon):     515840 kB
Inactive(anon):     3012 kB
Active(file):     187044 kB
Inactive(file):   307788 kB
Unevictable:        1988 kB
Mlocked:               0 kB
HighTotal:        802816 kB
HighFree:           1596 kB
LowTotal:         548148 kB
LowFree:           52968 kB
SwapTotal:             0 kB
SwapFree:              0 kB
Dirty:                40 kB
Writeback:             0 kB
AnonPages:        515856 kB
Mapped:           212040 kB
Shmem:              3060 kB
Slab:              33564 kB
SReclaimable:      11968 kB
SUnreclaim:        21596 kB
KernelStack:        9480 kB
PageTables:        19800 kB
NFS_Unstable:          0 kB
Bounce:                0 kB
WritebackTmp:          0 kB
CommitLimit:      675480 kB
Committed_AS:   46104032 kB
VmallocTotal:     253952 kB
VmallocUsed:       94472 kB
VmallocChunk:      46084 kB
Time pass: 207 sec

---2015-12-04 23:55:29
MemTotal:        1350964 kB
MemFree:           55124 kB
Buffers:            8024 kB
Cached:           491876 kB
SwapCached:            0 kB
Active:           703220 kB
Inactive:         310816 kB
Active(anon):     516172 kB
Inactive(anon):     3012 kB
Active(file):     187048 kB
Inactive(file):   307804 kB
Unevictable:        1988 kB
Mlocked:               0 kB
HighTotal:        802816 kB
HighFree:           1596 kB
LowTotal:         548148 kB
LowFree:           53528 kB
SwapTotal:             0 kB
SwapFree:              0 kB
Dirty:                 4 kB
Writeback:             0 kB
AnonPages:        516180 kB
Mapped:           212040 kB
Shmem:              3060 kB
Slab:              33684 kB
SReclaimable:      11968 kB
SUnreclaim:        21716 kB
KernelStack:        9480 kB
PageTables:        19800 kB
NFS_Unstable:          0 kB
Bounce:                0 kB
WritebackTmp:          0 kB
CommitLimit:      675480 kB
Committed_AS:   46104396 kB
VmallocTotal:     253952 kB
VmallocUsed:       94472 kB
VmallocChunk:      46084 kB
Time pass: 210 sec

---2015-12-04 23:55:29
MemTotal:        1350964 kB
MemFree:           53740 kB
Buffers:            8048 kB
Cached:           491860 kB
SwapCached:            0 kB
Active:           703748 kB
Inactive:         310816 kB
Active(anon):     516700 kB
Inactive(anon):     3012 kB
Active(file):     187048 kB
Inactive(file):   307804 kB
Unevictable:        1988 kB
Mlocked:               0 kB
HighTotal:        802816 kB
HighFree:           1596 kB
LowTotal:         548148 kB
LowFree:           52144 kB
SwapTotal:             0 kB
SwapFree:              0 kB
Dirty:                40 kB
Writeback:             0 kB
AnonPages:        516880 kB
Mapped:           211896 kB
Shmem:              3060 kB
Slab:              33680 kB
SReclaimable:      11960 kB
SUnreclaim:        21720 kB
KernelStack:        9480 kB
PageTables:        19796 kB
NFS_Unstable:          0 kB
Bounce:                0 kB
WritebackTmp:          0 kB
CommitLimit:      675480 kB
Committed_AS:   46105152 kB
VmallocTotal:     253952 kB
VmallocUsed:       94472 kB
VmallocChunk:      46084 kB
Time pass: 214 sec

---2015-12-04 23:55:29
MemTotal:        1350964 kB
MemFree:           54260 kB
Buffers:            8048 kB
Cached:           491876 kB
SwapCached:            0 kB
Active:           702944 kB
Inactive:         310840 kB
Active(anon):     515896 kB
Inactive(anon):     3012 kB
Active(file):     187048 kB
Inactive(file):   307828 kB
Unevictable:        1988 kB
Mlocked:               0 kB
HighTotal:        802816 kB
HighFree:           1596 kB
LowTotal:         548148 kB
LowFree:           52664 kB
SwapTotal:             0 kB
SwapFree:              0 kB
Dirty:                 4 kB
Writeback:             0 kB
AnonPages:        515816 kB
Mapped:           211984 kB
Shmem:              3060 kB
Slab:              33588 kB
SReclaimable:      11960 kB
SUnreclaim:        21628 kB
KernelStack:        9448 kB
PageTables:        19780 kB
NFS_Unstable:          0 kB
Bounce:                0 kB
WritebackTmp:          0 kB
CommitLimit:      675480 kB
Committed_AS:   46103820 kB
VmallocTotal:     253952 kB
VmallocUsed:       94472 kB
VmallocChunk:      46084 kB
Time pass: 218 sec

---2015-12-04 23:55:29
MemTotal:        1350964 kB
MemFree:           54060 kB
Buffers:            8064 kB
Cached:           491884 kB
SwapCached:            0 kB
Active:           703272 kB
Inactive:         310864 kB
Active(anon):     516224 kB
Inactive(anon):     3012 kB
Active(file):     187048 kB
Inactive(file):   307852 kB
Unevictable:        1988 kB
Mlocked:               0 kB
HighTotal:        802816 kB
HighFree:           1596 kB
LowTotal:         548148 kB
LowFree:           52464 kB
SwapTotal:             0 kB
SwapFree:              0 kB
Dirty:                48 kB
Writeback:             0 kB
AnonPages:        516120 kB
Mapped:           211916 kB
Shmem:              3060 kB
Slab:              33668 kB
SReclaimable:      11960 kB
SUnreclaim:        21708 kB
KernelStack:        9480 kB
PageTables:        19800 kB
NFS_Unstable:          0 kB
Bounce:                0 kB
WritebackTmp:          0 kB
CommitLimit:      675480 kB
Committed_AS:   46104092 kB
VmallocTotal:     253952 kB
VmallocUsed:       94472 kB
VmallocChunk:      46084 kB
Time pass: 223 sec

---2015-12-04 23:55:29
MemTotal:        1350964 kB
MemFree:           54412 kB
Buffers:            8096 kB
Cached:           491872 kB
SwapCached:            0 kB
Active:           703280 kB
Inactive:         310884 kB
Active(anon):     516232 kB
Inactive(anon):     3012 kB
Active(file):     187048 kB
Inactive(file):   307872 kB
Unevictable:        1988 kB
Mlocked:               0 kB
HighTotal:        802816 kB
HighFree:           2296 kB
LowTotal:         548148 kB
LowFree:           52116 kB
SwapTotal:             0 kB
SwapFree:              0 kB
Dirty:                48 kB
Writeback:             0 kB
AnonPages:        516252 kB
Mapped:           212060 kB
Shmem:              3060 kB
Slab:              33632 kB
SReclaimable:      11960 kB
SUnreclaim:        21672 kB
KernelStack:        9488 kB
PageTables:        19800 kB
NFS_Unstable:          0 kB
Bounce:                0 kB
WritebackTmp:          0 kB
CommitLimit:      675480 kB
Committed_AS:   46104076 kB
VmallocTotal:     253952 kB
VmallocUsed:       94472 kB
VmallocChunk:      46084 kB
Time pass: 226 sec

---2015-12-04 23:55:29
MemTotal:        1350964 kB
MemFree:           53820 kB
Buffers:            8096 kB
Cached:           491888 kB
SwapCached:            0 kB
Active:           704072 kB
Inactive:         310900 kB
Active(anon):     517024 kB
Inactive(anon):     3012 kB
Active(file):     187048 kB
Inactive(file):   307888 kB
Unevictable:        1988 kB
Mlocked:               0 kB
HighTotal:        802816 kB
HighFree:           1844 kB
LowTotal:         548148 kB
LowFree:           51976 kB
SwapTotal:             0 kB
SwapFree:              0 kB
Dirty:                64 kB
Writeback:             0 kB
AnonPages:        517004 kB
Mapped:           212016 kB
Shmem:              3060 kB
Slab:              33712 kB
SReclaimable:      11960 kB
SUnreclaim:        21752 kB
KernelStack:        9480 kB
PageTables:        19784 kB
NFS_Unstable:          0 kB
Bounce:                0 kB
WritebackTmp:          0 kB
CommitLimit:      675480 kB
Committed_AS:   46105268 kB
VmallocTotal:     253952 kB
VmallocUsed:       94472 kB
VmallocChunk:      46084 kB
Time pass: 230 sec

---2015-12-04 23:55:29
MemTotal:        1350964 kB
MemFree:           53912 kB
Buffers:            8104 kB
Cached:           491888 kB
SwapCached:            0 kB
Active:           703536 kB
Inactive:         310904 kB
Active(anon):     516484 kB
Inactive(anon):     3012 kB
Active(file):     187052 kB
Inactive(file):   307892 kB
Unevictable:        1988 kB
Mlocked:               0 kB
HighTotal:        802816 kB
HighFree:           2192 kB
LowTotal:         548148 kB
LowFree:           51720 kB
SwapTotal:             0 kB
SwapFree:              0 kB
Dirty:                52 kB
Writeback:             0 kB
AnonPages:        516396 kB
Mapped:           212064 kB
Shmem:              3060 kB
Slab:              33680 kB
SReclaimable:      11960 kB
SUnreclaim:        21720 kB
KernelStack:        9472 kB
PageTables:        19800 kB
NFS_Unstable:          0 kB
Bounce:                0 kB
WritebackTmp:          0 kB
CommitLimit:      675480 kB
Committed_AS:   46104052 kB
VmallocTotal:     253952 kB
VmallocUsed:       94472 kB
VmallocChunk:      46084 kB
Time pass: 234 sec

---2015-12-04 23:55:29
MemTotal:        1350964 kB
MemFree:           51740 kB
Buffers:            8124 kB
Cached:           492188 kB
SwapCached:            0 kB
Active:           705404 kB
Inactive:         311220 kB
Active(anon):     518348 kB
Inactive(anon):     3012 kB
Active(file):     187056 kB
Inactive(file):   308208 kB
Unevictable:        1988 kB
Mlocked:               0 kB
HighTotal:        802816 kB
HighFree:           1596 kB
LowTotal:         548148 kB
LowFree:           50144 kB
SwapTotal:             0 kB
SwapFree:              0 kB
Dirty:                 0 kB
Writeback:             0 kB
AnonPages:        518448 kB
Mapped:           212280 kB
Shmem:              3060 kB
Slab:              33744 kB
SReclaimable:      11960 kB
SUnreclaim:        21784 kB
KernelStack:        9544 kB
PageTables:        20056 kB
NFS_Unstable:          0 kB
Bounce:                0 kB
WritebackTmp:          0 kB
CommitLimit:      675480 kB
Committed_AS:   46893344 kB
VmallocTotal:     253952 kB
VmallocUsed:       95492 kB
VmallocChunk:      46084 kB
Time pass: 238 sec

---2015-12-04 23:55:29
MemTotal:        1350964 kB
MemFree:           51804 kB
Buffers:            8140 kB
Cached:           492188 kB
SwapCached:            0 kB
Active:           705352 kB
Inactive:         311236 kB
Active(anon):     518296 kB
Inactive(anon):     3012 kB
Active(file):     187056 kB
Inactive(file):   308224 kB
Unevictable:        1988 kB
Mlocked:               0 kB
HighTotal:        802816 kB
HighFree:           1596 kB
LowTotal:         548148 kB
LowFree:           50208 kB
SwapTotal:             0 kB
SwapFree:              0 kB
Dirty:                60 kB
Writeback:             0 kB
AnonPages:        518200 kB
Mapped:           212272 kB
Shmem:              3060 kB
Slab:              33724 kB
SReclaimable:      11960 kB
SUnreclaim:        21764 kB
KernelStack:        9456 kB
PageTables:        20052 kB
NFS_Unstable:          0 kB
Bounce:                0 kB
WritebackTmp:          0 kB
CommitLimit:      675480 kB
Committed_AS:   46893088 kB
VmallocTotal:     253952 kB
VmallocUsed:       95492 kB
VmallocChunk:      46084 kB
Time pass: 241 sec

---2015-12-04 23:55:29
MemTotal:        1350964 kB
MemFree:           51664 kB
Buffers:            8148 kB
Cached:           492188 kB
SwapCached:            0 kB
Active:           705220 kB
Inactive:         311244 kB
Active(anon):     518164 kB
Inactive(anon):     3012 kB
Active(file):     187056 kB
Inactive(file):   308232 kB
Unevictable:        1988 kB
Mlocked:               0 kB
HighTotal:        802816 kB
HighFree:           1596 kB
LowTotal:         548148 kB
LowFree:           50068 kB
SwapTotal:             0 kB
SwapFree:              0 kB
Dirty:                44 kB
Writeback:             0 kB
AnonPages:        518132 kB
Mapped:           212232 kB
Shmem:              3060 kB
Slab:              33740 kB
SReclaimable:      11960 kB
SUnreclaim:        21780 kB
KernelStack:        9456 kB
PageTables:        20028 kB
NFS_Unstable:          0 kB
Bounce:                0 kB
WritebackTmp:          0 kB
CommitLimit:      675480 kB
Committed_AS:   46892984 kB
VmallocTotal:     253952 kB
VmallocUsed:       95492 kB
VmallocChunk:      46084 kB
Time pass: 245 sec

---2015-12-04 23:55:29
MemTotal:        1350964 kB
MemFree:           51248 kB
Buffers:            8164 kB
Cached:           492188 kB
SwapCached:            0 kB
Active:           705508 kB
Inactive:         311260 kB
Active(anon):     518452 kB
Inactive(anon):     3012 kB
Active(file):     187056 kB
Inactive(file):   308248 kB
Unevictable:        1988 kB
Mlocked:               0 kB
HighTotal:        802816 kB
HighFree:           1596 kB
LowTotal:         548148 kB
LowFree:           49652 kB
SwapTotal:             0 kB
SwapFree:              0 kB
Dirty:                 4 kB
Writeback:             0 kB
AnonPages:        518456 kB
Mapped:           212280 kB
Shmem:              3060 kB
Slab:              33708 kB
SReclaimable:      11960 kB
SUnreclaim:        21748 kB
KernelStack:        9432 kB
PageTables:        20048 kB
NFS_Unstable:          0 kB
Bounce:                0 kB
WritebackTmp:          0 kB
CommitLimit:      675480 kB
Committed_AS:   46893112 kB
VmallocTotal:     253952 kB
VmallocUsed:       95492 kB
VmallocChunk:      46084 kB
Time pass: 249 sec

---2015-12-04 23:55:29
MemTotal:        1350964 kB
MemFree:           51324 kB
Buffers:            8172 kB
Cached:           492192 kB
SwapCached:            0 kB
Active:           705504 kB
Inactive:         311260 kB
Active(anon):     518444 kB
Inactive(anon):     3012 kB
Active(file):     187060 kB
Inactive(file):   308248 kB
Unevictable:        1988 kB
Mlocked:               0 kB
HighTotal:        802816 kB
HighFree:           1596 kB
LowTotal:         548148 kB
LowFree:           49728 kB
SwapTotal:             0 kB
SwapFree:              0 kB
Dirty:                40 kB
Writeback:             0 kB
AnonPages:        518476 kB
Mapped:           212276 kB
Shmem:              3060 kB
Slab:              33724 kB
SReclaimable:      11960 kB
SUnreclaim:        21764 kB
KernelStack:        9416 kB
PageTables:        20048 kB
NFS_Unstable:          0 kB
Bounce:                0 kB
WritebackTmp:          0 kB
CommitLimit:      675480 kB
Committed_AS:   46892992 kB
VmallocTotal:     253952 kB
VmallocUsed:       95492 kB
VmallocChunk:      46084 kB
Time pass: 252 sec

---2015-12-04 23:55:29
MemTotal:        1350964 kB
MemFree:           51008 kB
Buffers:            8188 kB
Cached:           492192 kB
SwapCached:            0 kB
Active:           705624 kB
Inactive:         311284 kB
Active(anon):     518564 kB
Inactive(anon):     3012 kB
Active(file):     187060 kB
Inactive(file):   308272 kB
Unevictable:        1988 kB
Mlocked:               0 kB
HighTotal:        802816 kB
HighFree:           1596 kB
LowTotal:         548148 kB
LowFree:           49412 kB
SwapTotal:             0 kB
SwapFree:              0 kB
Dirty:                52 kB
Writeback:             0 kB
AnonPages:        518516 kB
Mapped:           212236 kB
Shmem:              3060 kB
Slab:              33772 kB
SReclaimable:      11960 kB
SUnreclaim:        21812 kB
KernelStack:        9400 kB
PageTables:        20028 kB
NFS_Unstable:          0 kB
Bounce:                0 kB
WritebackTmp:          0 kB
CommitLimit:      675480 kB
Committed_AS:   46893044 kB
VmallocTotal:     253952 kB
VmallocUsed:       95492 kB
VmallocChunk:      46084 kB
Time pass: 256 sec

---2015-12-04 23:55:29
MemTotal:        1350964 kB
MemFree:           51124 kB
Buffers:            8196 kB
Cached:           492184 kB
SwapCached:            0 kB
Active:           705836 kB
Inactive:         311284 kB
Active(anon):     518776 kB
Inactive(anon):     3012 kB
Active(file):     187060 kB
Inactive(file):   308272 kB
Unevictable:        1988 kB
Mlocked:               0 kB
HighTotal:        802816 kB
HighFree:           1596 kB
LowTotal:         548148 kB
LowFree:           49528 kB
SwapTotal:             0 kB
SwapFree:              0 kB
Dirty:                 4 kB
Writeback:             0 kB
AnonPages:        518584 kB
Mapped:           212132 kB
Shmem:              3060 kB
Slab:              33816 kB
SReclaimable:      11960 kB
SUnreclaim:        21856 kB
KernelStack:        9416 kB
PageTables:        20048 kB
NFS_Unstable:          0 kB
Bounce:                0 kB
WritebackTmp:          0 kB
CommitLimit:      675480 kB
Committed_AS:   46893072 kB
VmallocTotal:     253952 kB
VmallocUsed:       95492 kB
VmallocChunk:      46084 kB
Time pass: 259 sec

---2015-12-04 23:55:29
MemTotal:        1350964 kB
MemFree:           50976 kB
Buffers:            8212 kB
Cached:           492192 kB
SwapCached:            0 kB
Active:           706432 kB
Inactive:         311308 kB
Active(anon):     519372 kB
Inactive(anon):     3012 kB
Active(file):     187060 kB
Inactive(file):   308296 kB
Unevictable:        1988 kB
Mlocked:               0 kB
HighTotal:        802816 kB
HighFree:           1968 kB
LowTotal:         548148 kB
LowFree:           49008 kB
SwapTotal:             0 kB
SwapFree:              0 kB
Dirty:                48 kB
Writeback:             0 kB
AnonPages:        519424 kB
Mapped:           212232 kB
Shmem:              3060 kB
Slab:              33772 kB
SReclaimable:      11960 kB
SUnreclaim:        21812 kB
KernelStack:        9416 kB
PageTables:        20032 kB
NFS_Unstable:          0 kB
Bounce:                0 kB
WritebackTmp:          0 kB
CommitLimit:      675480 kB
Committed_AS:   46893676 kB
VmallocTotal:     253952 kB
VmallocUsed:       95492 kB
VmallocChunk:      46084 kB
Time pass: 263 sec

---2015-12-04 23:55:29
MemTotal:        1350964 kB
MemFree:           50384 kB
Buffers:            8228 kB
Cached:           492176 kB
SwapCached:            0 kB
Active:           706156 kB
Inactive:         311308 kB
Active(anon):     519096 kB
Inactive(anon):     3012 kB
Active(file):     187060 kB
Inactive(file):   308296 kB
Unevictable:        1988 kB
Mlocked:               0 kB
HighTotal:        802816 kB
HighFree:           2696 kB
LowTotal:         548148 kB
LowFree:           47688 kB
SwapTotal:             0 kB
SwapFree:              0 kB
Dirty:                 4 kB
Writeback:             0 kB
AnonPages:        518996 kB
Mapped:           212132 kB
Shmem:              3060 kB
Slab:              33728 kB
SReclaimable:      11960 kB
SUnreclaim:        21768 kB
KernelStack:        9432 kB
PageTables:        20048 kB
NFS_Unstable:          0 kB
Bounce:                0 kB
WritebackTmp:          0 kB
CommitLimit:      675480 kB
Committed_AS:   46893168 kB
VmallocTotal:     253952 kB
VmallocUsed:       95492 kB
VmallocChunk:      46084 kB
Time pass: 266 sec

---2015-12-04 23:55:29
MemTotal:        1350964 kB
MemFree:           49588 kB
Buffers:            8228 kB
Cached:           492192 kB
SwapCached:            0 kB
Active:           707108 kB
Inactive:         311324 kB
Active(anon):     520048 kB
Inactive(anon):     3012 kB
Active(file):     187060 kB
Inactive(file):   308312 kB
Unevictable:        1988 kB
Mlocked:               0 kB
HighTotal:        802816 kB
HighFree:           2092 kB
LowTotal:         548148 kB
LowFree:           47496 kB
SwapTotal:             0 kB
SwapFree:              0 kB
Dirty:                48 kB
Writeback:             0 kB
AnonPages:        520172 kB
Mapped:           212280 kB
Shmem:              3060 kB
Slab:              33704 kB
SReclaimable:      11960 kB
SUnreclaim:        21744 kB
KernelStack:        9424 kB
PageTables:        20052 kB
NFS_Unstable:          0 kB
Bounce:                0 kB
WritebackTmp:          0 kB
CommitLimit:      675480 kB
Committed_AS:   46894448 kB
VmallocTotal:     253952 kB
VmallocUsed:       95492 kB
VmallocChunk:      46084 kB
Time pass: 270 sec

---2015-12-04 23:55:29
MemTotal:        1350964 kB
MemFree:           49956 kB
Buffers:            8256 kB
Cached:           492180 kB
SwapCached:            0 kB
Active:           705912 kB
Inactive:         311336 kB
Active(anon):     518848 kB
Inactive(anon):     3012 kB
Active(file):     187064 kB
Inactive(file):   308324 kB
Unevictable:        1988 kB
Mlocked:               0 kB
HighTotal:        802816 kB
HighFree:           1596 kB
LowTotal:         548148 kB
LowFree:           48360 kB
SwapTotal:             0 kB
SwapFree:              0 kB
Dirty:                 0 kB
Writeback:             0 kB
AnonPages:        518900 kB
Mapped:           212280 kB
Shmem:              3060 kB
Slab:              33840 kB
SReclaimable:      11960 kB
SUnreclaim:        21880 kB
KernelStack:        9424 kB
PageTables:        20052 kB
NFS_Unstable:          0 kB
Bounce:                0 kB
WritebackTmp:          0 kB
CommitLimit:      675480 kB
Committed_AS:   46894324 kB
VmallocTotal:     253952 kB
VmallocUsed:       95492 kB
VmallocChunk:      46084 kB
Time pass: 274 sec

---2015-12-04 23:55:29
MemTotal:        1350964 kB
MemFree:           50176 kB
Buffers:            8256 kB
Cached:           492196 kB
SwapCached:            0 kB
Active:           705244 kB
Inactive:         311352 kB
Active(anon):     518180 kB
Inactive(anon):     3012 kB
Active(file):     187064 kB
Inactive(file):   308340 kB
Unevictable:        1988 kB
Mlocked:               0 kB
HighTotal:        802816 kB
HighFree:           1596 kB
LowTotal:         548148 kB
LowFree:           48580 kB
SwapTotal:             0 kB
SwapFree:              0 kB
Dirty:                56 kB
Writeback:             0 kB
AnonPages:        518192 kB
Mapped:           212280 kB
Shmem:              3060 kB
Slab:              33784 kB
SReclaimable:      11960 kB
SUnreclaim:        21824 kB
KernelStack:        9408 kB
PageTables:        20052 kB
NFS_Unstable:          0 kB
Bounce:                0 kB
WritebackTmp:          0 kB
CommitLimit:      675480 kB
Committed_AS:   46893328 kB
VmallocTotal:     253952 kB
VmallocUsed:       95492 kB
VmallocChunk:      46084 kB
Time pass: 278 sec

---2015-12-04 23:55:29
MemTotal:        1350964 kB
MemFree:           50580 kB
Buffers:            8264 kB
Cached:           492196 kB
SwapCached:            0 kB
Active:           705320 kB
Inactive:         311360 kB
Active(anon):     518256 kB
Inactive(anon):     3012 kB
Active(file):     187064 kB
Inactive(file):   308348 kB
Unevictable:        1988 kB
Mlocked:               0 kB
HighTotal:        802816 kB
HighFree:           1596 kB
LowTotal:         548148 kB
LowFree:           48984 kB
SwapTotal:             0 kB
SwapFree:              0 kB
Dirty:                36 kB
Writeback:             0 kB
AnonPages:        518296 kB
Mapped:           212232 kB
Shmem:              3060 kB
Slab:              33768 kB
SReclaimable:      11960 kB
SUnreclaim:        21808 kB
KernelStack:        9408 kB
PageTables:        20032 kB
NFS_Unstable:          0 kB
Bounce:                0 kB
WritebackTmp:          0 kB
CommitLimit:      675480 kB
Committed_AS:   46894516 kB
VmallocTotal:     253952 kB
VmallocUsed:       95492 kB
VmallocChunk:      46084 kB
Time pass: 282 sec

---2015-12-04 23:55:29
MemTotal:        1350964 kB
MemFree:           50316 kB
Buffers:            8280 kB
Cached:           492196 kB
SwapCached:            0 kB
Active:           705736 kB
Inactive:         311376 kB
Active(anon):     518672 kB
Inactive(anon):     3012 kB
Active(file):     187064 kB
Inactive(file):   308364 kB
Unevictable:        1988 kB
Mlocked:               0 kB
HighTotal:        802816 kB
HighFree:           1596 kB
LowTotal:         548148 kB
LowFree:           48720 kB
SwapTotal:             0 kB
SwapFree:              0 kB
Dirty:                 4 kB
Writeback:             0 kB
AnonPages:        518652 kB
Mapped:           212232 kB
Shmem:              3060 kB
Slab:              33876 kB
SReclaimable:      11960 kB
SUnreclaim:        21916 kB
KernelStack:        9408 kB
PageTables:        20036 kB
NFS_Unstable:          0 kB
Bounce:                0 kB
WritebackTmp:          0 kB
CommitLimit:      675480 kB
Committed_AS:   46894288 kB
VmallocTotal:     253952 kB
VmallocUsed:       95492 kB
VmallocChunk:      46084 kB
Time pass: 286 sec

---2015-12-04 23:55:29
MemTotal:        1350964 kB
MemFree:           49968 kB
Buffers:            8304 kB
Cached:           492180 kB
SwapCached:            0 kB
Active:           705992 kB
Inactive:         311384 kB
Active(anon):     518928 kB
Inactive(anon):     3012 kB
Active(file):     187064 kB
Inactive(file):   308372 kB
Unevictable:        1988 kB
Mlocked:               0 kB
HighTotal:        802816 kB
HighFree:           1596 kB
LowTotal:         548148 kB
LowFree:           48372 kB
SwapTotal:             0 kB
SwapFree:              0 kB
Dirty:                36 kB
Writeback:             0 kB
AnonPages:        519032 kB
Mapped:           212132 kB
Shmem:              3060 kB
Slab:              33816 kB
SReclaimable:      11960 kB
SUnreclaim:        21856 kB
KernelStack:        9416 kB
PageTables:        20052 kB
NFS_Unstable:          0 kB
Bounce:                0 kB
WritebackTmp:          0 kB
CommitLimit:      675480 kB
Committed_AS:   46894368 kB
VmallocTotal:     253952 kB
VmallocUsed:       95492 kB
VmallocChunk:      46084 kB
Time pass: 290 sec

---2015-12-04 23:55:29
MemTotal:        1350964 kB
MemFree:           50016 kB
Buffers:            8304 kB
Cached:           492200 kB
SwapCached:            0 kB
Active:           705756 kB
Inactive:         311400 kB
Active(anon):     518688 kB
Inactive(anon):     3012 kB
Active(file):     187068 kB
Inactive(file):   308388 kB
Unevictable:        1988 kB
Mlocked:               0 kB
HighTotal:        802816 kB
HighFree:           1596 kB
LowTotal:         548148 kB
LowFree:           48420 kB
SwapTotal:             0 kB
SwapFree:              0 kB
Dirty:                 8 kB
Writeback:             0 kB
AnonPages:        518856 kB
Mapped:           212280 kB
Shmem:              3060 kB
Slab:              33752 kB
SReclaimable:      11960 kB
SUnreclaim:        21792 kB
KernelStack:        9416 kB
PageTables:        20048 kB
NFS_Unstable:          0 kB
Bounce:                0 kB
WritebackTmp:          0 kB
CommitLimit:      675480 kB
Committed_AS:   46894296 kB
VmallocTotal:     253952 kB
VmallocUsed:       95492 kB
VmallocChunk:      46084 kB
Time pass: 294 sec

---2015-12-04 23:55:29
MemTotal:        1350964 kB
MemFree:           49596 kB
Buffers:            8328 kB
Cached:           492184 kB
SwapCached:            0 kB
Active:           706248 kB
Inactive:         311404 kB
Active(anon):     519176 kB
Inactive(anon):     3012 kB
Active(file):     187072 kB
Inactive(file):   308392 kB
Unevictable:        1988 kB
Mlocked:               0 kB
HighTotal:        802816 kB
HighFree:           1596 kB
LowTotal:         548148 kB
LowFree:           48000 kB
SwapTotal:             0 kB
SwapFree:              0 kB
Dirty:                36 kB
Writeback:             0 kB
AnonPages:        519184 kB
Mapped:           212132 kB
Shmem:              3060 kB
Slab:              33724 kB
SReclaimable:      11960 kB
SUnreclaim:        21764 kB
KernelStack:        9416 kB
PageTables:        20048 kB
NFS_Unstable:          0 kB
Bounce:                0 kB
WritebackTmp:          0 kB
CommitLimit:      675480 kB
Committed_AS:   46894204 kB
VmallocTotal:     253952 kB
VmallocUsed:       95492 kB
VmallocChunk:      46084 kB
Time pass: 298 sec

---2015-12-04 23:55:29
MemTotal:        1350964 kB
MemFree:           50096 kB
Buffers:            8328 kB
Cached:           492200 kB
SwapCached:            0 kB
Active:           705896 kB
Inactive:         311420 kB
Active(anon):     518824 kB
Inactive(anon):     3012 kB
Active(file):     187072 kB
Inactive(file):   308408 kB
Unevictable:        1988 kB
Mlocked:               0 kB
HighTotal:        802816 kB
HighFree:           1596 kB
LowTotal:         548148 kB
LowFree:           48500 kB
SwapTotal:             0 kB
SwapFree:              0 kB
Dirty:                 4 kB
Writeback:             0 kB
AnonPages:        518948 kB
Mapped:           212232 kB
Shmem:              3060 kB
Slab:              33752 kB
SReclaimable:      11960 kB
SUnreclaim:        21792 kB
KernelStack:        9400 kB
PageTables:        20024 kB
NFS_Unstable:          0 kB
Bounce:                0 kB
WritebackTmp:          0 kB
CommitLimit:      675480 kB
Committed_AS:   46894224 kB
VmallocTotal:     253952 kB
VmallocUsed:       95492 kB
VmallocChunk:      46084 kB
Time pass: 302 sec

---2015-12-04 23:55:29
MemTotal:        1350964 kB
MemFree:           51060 kB
Buffers:            8344 kB
Cached:           492200 kB
SwapCached:            0 kB
Active:           705548 kB
Inactive:         311436 kB
Active(anon):     518476 kB
Inactive(anon):     3012 kB
Active(file):     187072 kB
Inactive(file):   308424 kB
Unevictable:        1988 kB
Mlocked:               0 kB
HighTotal:        802816 kB
HighFree:           2292 kB
LowTotal:         548148 kB
LowFree:           48768 kB
SwapTotal:             0 kB
SwapFree:              0 kB
Dirty:                48 kB
Writeback:             0 kB
AnonPages:        518140 kB
Mapped:           212280 kB
Shmem:              3060 kB
Slab:              33804 kB
SReclaimable:      11960 kB
SUnreclaim:        21844 kB
KernelStack:        9416 kB
PageTables:        20048 kB
NFS_Unstable:          0 kB
Bounce:                0 kB
WritebackTmp:          0 kB
CommitLimit:      675480 kB
Committed_AS:   46893180 kB
VmallocTotal:     253952 kB
VmallocUsed:       95492 kB
VmallocChunk:      46084 kB
Time pass: 306 sec

---2015-12-04 23:55:29
MemTotal:        1350964 kB
MemFree:           50068 kB
Buffers:            8392 kB
Cached:           492304 kB
SwapCached:            0 kB
Active:           706252 kB
Inactive:         311584 kB
Active(anon):     519176 kB
Inactive(anon):     3012 kB
Active(file):     187076 kB
Inactive(file):   308572 kB
Unevictable:        1988 kB
Mlocked:               0 kB
HighTotal:        802816 kB
HighFree:           1596 kB
LowTotal:         548148 kB
LowFree:           48472 kB
SwapTotal:             0 kB
SwapFree:              0 kB
Dirty:                88 kB
Writeback:             0 kB
AnonPages:        519092 kB
Mapped:           212268 kB
Shmem:              3060 kB
Slab:              33784 kB
SReclaimable:      11964 kB
SUnreclaim:        21820 kB
KernelStack:        9424 kB
PageTables:        20032 kB
NFS_Unstable:          0 kB
Bounce:                0 kB
WritebackTmp:          0 kB
CommitLimit:      675480 kB
Committed_AS:   46894564 kB
VmallocTotal:     253952 kB
VmallocUsed:       95492 kB
VmallocChunk:      46084 kB
Time pass: 310 sec

---2015-12-04 23:55:29
MemTotal:        1350964 kB
MemFree:           49584 kB
Buffers:            8408 kB
Cached:           492308 kB
SwapCached:            0 kB
Active:           706864 kB
Inactive:         311604 kB
Active(anon):     519788 kB
Inactive(anon):     3012 kB
Active(file):     187076 kB
Inactive(file):   308592 kB
Unevictable:        1988 kB
Mlocked:               0 kB
HighTotal:        802816 kB
HighFree:           1596 kB
LowTotal:         548148 kB
LowFree:           47988 kB
SwapTotal:             0 kB
SwapFree:              0 kB
Dirty:                 8 kB
Writeback:             0 kB
AnonPages:        519928 kB
Mapped:           212264 kB
Shmem:              3060 kB
Slab:              33724 kB
SReclaimable:      11964 kB
SUnreclaim:        21760 kB
KernelStack:        9424 kB
PageTables:        20032 kB
NFS_Unstable:          0 kB
Bounce:                0 kB
WritebackTmp:          0 kB
CommitLimit:      675480 kB
Committed_AS:   46894556 kB
VmallocTotal:     253952 kB
VmallocUsed:       95492 kB
VmallocChunk:      46084 kB
Time pass: 314 sec

---2015-12-04 23:55:29
MemTotal:        1350964 kB
MemFree:           49732 kB
Buffers:            8432 kB
Cached:           492292 kB
SwapCached:            0 kB
Active:           706908 kB
Inactive:         311608 kB
Active(anon):     519828 kB
Inactive(anon):     3012 kB
Active(file):     187080 kB
Inactive(file):   308596 kB
Unevictable:        1988 kB
Mlocked:               0 kB
HighTotal:        802816 kB
HighFree:           1596 kB
LowTotal:         548148 kB
LowFree:           48136 kB
SwapTotal:             0 kB
SwapFree:              0 kB
Dirty:                32 kB
Writeback:             0 kB
AnonPages:        520116 kB
Mapped:           212264 kB
Shmem:              3060 kB
Slab:              33672 kB
SReclaimable:      11964 kB
SUnreclaim:        21708 kB
KernelStack:        9392 kB
PageTables:        20032 kB
NFS_Unstable:          0 kB
Bounce:                0 kB
WritebackTmp:          0 kB
CommitLimit:      675480 kB
Committed_AS:   46894608 kB
VmallocTotal:     253952 kB
VmallocUsed:       95492 kB
VmallocChunk:      46084 kB
Time pass: 318 sec

---2015-12-04 23:55:29
MemTotal:        1350964 kB
MemFree:           49972 kB
Buffers:            8432 kB
Cached:           492308 kB
SwapCached:            0 kB
Active:           706428 kB
Inactive:         311624 kB
Active(anon):     519348 kB
Inactive(anon):     3012 kB
Active(file):     187080 kB
Inactive(file):   308612 kB
Unevictable:        1988 kB
Mlocked:               0 kB
HighTotal:        802816 kB
HighFree:           1596 kB
LowTotal:         548148 kB
LowFree:           48376 kB
SwapTotal:             0 kB
SwapFree:              0 kB
Dirty:                52 kB
Writeback:             0 kB
AnonPages:        519308 kB
Mapped:           212260 kB
Shmem:              3060 kB
Slab:              33716 kB
SReclaimable:      11964 kB
SUnreclaim:        21752 kB
KernelStack:        9400 kB
PageTables:        20032 kB
NFS_Unstable:          0 kB
Bounce:                0 kB
WritebackTmp:          0 kB
CommitLimit:      675480 kB
Committed_AS:   46894608 kB
VmallocTotal:     253952 kB
VmallocUsed:       95492 kB
VmallocChunk:      46084 kB
Time pass: 322 sec

---2015-12-04 23:55:29
MemTotal:        1350964 kB
MemFree:           49052 kB
Buffers:            8456 kB
Cached:           492308 kB
SwapCached:            0 kB
Active:           707020 kB
Inactive:         311640 kB
Active(anon):     519936 kB
Inactive(anon):     3012 kB
Active(file):     187084 kB
Inactive(file):   308628 kB
Unevictable:        1988 kB
Mlocked:               0 kB
HighTotal:        802816 kB
HighFree:           1596 kB
LowTotal:         548148 kB
LowFree:           47456 kB
SwapTotal:             0 kB
SwapFree:              0 kB
Dirty:               228 kB
Writeback:             0 kB
AnonPages:        519940 kB
Mapped:           212276 kB
Shmem:              3060 kB
Slab:              33796 kB
SReclaimable:      11964 kB
SUnreclaim:        21832 kB
KernelStack:        9416 kB
PageTables:        20032 kB
NFS_Unstable:          0 kB
Bounce:                0 kB
WritebackTmp:          0 kB
CommitLimit:      675480 kB
Committed_AS:   46894704 kB
VmallocTotal:     253952 kB
VmallocUsed:       95492 kB
VmallocChunk:      46084 kB
Time pass: 327 sec

---2015-12-04 23:55:29
MemTotal:        1350964 kB
MemFree:           49008 kB
Buffers:            8472 kB
Cached:           492308 kB
SwapCached:            0 kB
Active:           706912 kB
Inactive:         311664 kB
Active(anon):     519828 kB
Inactive(anon):     3012 kB
Active(file):     187084 kB
Inactive(file):   308652 kB
Unevictable:        1988 kB
Mlocked:               0 kB
HighTotal:        802816 kB
HighFree:           1596 kB
LowTotal:         548148 kB
LowFree:           47412 kB
SwapTotal:             0 kB
SwapFree:              0 kB
Dirty:                80 kB
Writeback:             0 kB
AnonPages:        519704 kB
Mapped:           212168 kB
Shmem:              3060 kB
Slab:              33716 kB
SReclaimable:      11964 kB
SUnreclaim:        21752 kB
KernelStack:        9424 kB
PageTables:        20052 kB
NFS_Unstable:          0 kB
Bounce:                0 kB
WritebackTmp:          0 kB
CommitLimit:      675480 kB
Committed_AS:   46893672 kB
VmallocTotal:     253952 kB
VmallocUsed:       95492 kB
VmallocChunk:      46084 kB
Time pass: 331 sec

---2015-12-04 23:55:29
MemTotal:        1350964 kB
MemFree:           48820 kB
Buffers:            8472 kB
Cached:           492308 kB
SwapCached:            0 kB
Active:           707068 kB
Inactive:         311660 kB
Active(anon):     519984 kB
Inactive(anon):     3012 kB
Active(file):     187084 kB
Inactive(file):   308648 kB
Unevictable:        1988 kB
Mlocked:               0 kB
HighTotal:        802816 kB
HighFree:           1596 kB
LowTotal:         548148 kB
LowFree:           47224 kB
SwapTotal:             0 kB
SwapFree:              0 kB
Dirty:                 0 kB
Writeback:             0 kB
AnonPages:        519896 kB
Mapped:           212316 kB
