---2015-12-04 21:02:09
MemTotal:        1420824 kB
MemFree:          127172 kB
Buffers:           13572 kB
Cached:           667764 kB
SwapCached:            0 kB
Active:           618280 kB
Inactive:         505868 kB
Active(anon):     442864 kB
Inactive(anon):      728 kB
Active(file):     175416 kB
Inactive(file):   505140 kB
Unevictable:           0 kB
Mlocked:               0 kB
HighTotal:       1001472 kB
HighFree:           5116 kB
LowTotal:         419352 kB
LowFree:          122056 kB
SwapTotal:        786428 kB
SwapFree:         786428 kB
Dirty:                32 kB
Writeback:             0 kB
AnonPages:        442780 kB
Mapped:           181716 kB
Shmem:               808 kB
Slab:              41428 kB
SReclaimable:      14668 kB
SUnreclaim:        26760 kB
KernelStack:        9784 kB
PageTables:        15772 kB
NFS_Unstable:          0 kB
Bounce:                0 kB
WritebackTmp:          0 kB
CommitLimit:     1496840 kB
Committed_AS:   22830708 kB
VmallocTotal:     458752 kB
VmallocUsed:       87136 kB
VmallocChunk:     204828 kB
Time pass: 3 sec

---2015-12-04 21:02:09
MemTotal:        1420824 kB
MemFree:          127188 kB
Buffers:           13580 kB
Cached:           667764 kB
SwapCached:            0 kB
Active:           618276 kB
Inactive:         505876 kB
Active(anon):     442860 kB
Inactive(anon):      728 kB
Active(file):     175416 kB
Inactive(file):   505148 kB
Unevictable:           0 kB
Mlocked:               0 kB
HighTotal:       1001472 kB
HighFree:           5116 kB
LowTotal:         419352 kB
LowFree:          122072 kB
SwapTotal:        786428 kB
SwapFree:         786428 kB
Dirty:                24 kB
Writeback:             0 kB
AnonPages:        442788 kB
Mapped:           181676 kB
Shmem:               808 kB
Slab:              41400 kB
SReclaimable:      14668 kB
SUnreclaim:        26732 kB
KernelStack:        9784 kB
PageTables:        15760 kB
NFS_Unstable:          0 kB
Bounce:                0 kB
WritebackTmp:          0 kB
CommitLimit:     1496840 kB
Committed_AS:   22830708 kB
VmallocTotal:     458752 kB
VmallocUsed:       87136 kB
VmallocChunk:     204828 kB
Time pass: 6 sec

---2015-12-04 21:02:09
MemTotal:        1420824 kB
MemFree:          127332 kB
Buffers:           13580 kB
Cached:           667764 kB
SwapCached:            0 kB
Active:           618248 kB
Inactive:         505876 kB
Active(anon):     442832 kB
Inactive(anon):      728 kB
Active(file):     175416 kB
Inactive(file):   505148 kB
Unevictable:           0 kB
Mlocked:               0 kB
HighTotal:       1001472 kB
HighFree:           5116 kB
LowTotal:         419352 kB
LowFree:          122216 kB
SwapTotal:        786428 kB
SwapFree:         786428 kB
Dirty:                 0 kB
Writeback:             0 kB
AnonPages:        442780 kB
Mapped:           181716 kB
Shmem:               808 kB
Slab:              41336 kB
SReclaimable:      14668 kB
SUnreclaim:        26668 kB
KernelStack:        9744 kB
PageTables:        15772 kB
NFS_Unstable:          0 kB
Bounce:                0 kB
WritebackTmp:          0 kB
CommitLimit:     1496840 kB
Committed_AS:   22830588 kB
VmallocTotal:     458752 kB
VmallocUsed:       87136 kB
VmallocChunk:     204828 kB
Time pass: 10 sec

---2015-12-04 21:02:09
MemTotal:        1420824 kB
MemFree:          127532 kB
Buffers:           13580 kB
Cached:           667764 kB
SwapCached:            0 kB
Active:           618268 kB
Inactive:         505876 kB
Active(anon):     442852 kB
Inactive(anon):      728 kB
Active(file):     175416 kB
Inactive(file):   505148 kB
Unevictable:           0 kB
Mlocked:               0 kB
HighTotal:       1001472 kB
HighFree:           5116 kB
LowTotal:         419352 kB
LowFree:          122416 kB
SwapTotal:        786428 kB
SwapFree:         786428 kB
Dirty:                 0 kB
Writeback:             0 kB
AnonPages:        442796 kB
Mapped:           181716 kB
Shmem:               808 kB
Slab:              41124 kB
SReclaimable:      14668 kB
SUnreclaim:        26456 kB
KernelStack:        9744 kB
PageTables:        15772 kB
NFS_Unstable:          0 kB
Bounce:                0 kB
WritebackTmp:          0 kB
CommitLimit:     1496840 kB
Committed_AS:   22830588 kB
VmallocTotal:     458752 kB
VmallocUsed:       87136 kB
VmallocChunk:     204828 kB
Time pass: 13 sec

---2015-12-04 21:02:09
MemTotal:        1420824 kB
MemFree:          127096 kB
Buffers:           13580 kB
Cached:           667764 kB
SwapCached:            0 kB
Active:           618300 kB
Inactive:         505876 kB
Active(anon):     442884 kB
Inactive(anon):      728 kB
Active(file):     175416 kB
Inactive(file):   505148 kB
Unevictable:           0 kB
Mlocked:               0 kB
HighTotal:       1001472 kB
HighFree:           5116 kB
LowTotal:         419352 kB
LowFree:          121980 kB
SwapTotal:        786428 kB
SwapFree:         786428 kB
Dirty:                 0 kB
Writeback:             0 kB
AnonPages:        442824 kB
Mapped:           181716 kB
Shmem:               808 kB
Slab:              41456 kB
SReclaimable:      14668 kB
SUnreclaim:        26788 kB
KernelStack:        9720 kB
PageTables:        15772 kB
NFS_Unstable:          0 kB
Bounce:                0 kB
WritebackTmp:          0 kB
CommitLimit:     1496840 kB
Committed_AS:   22830516 kB
VmallocTotal:     458752 kB
VmallocUsed:       87136 kB
VmallocChunk:     204828 kB
Time pass: 17 sec

---2015-12-04 21:02:09
MemTotal:        1420824 kB
MemFree:           62940 kB
Buffers:           13656 kB
Cached:           704512 kB
SwapCached:            0 kB
Active:           638340 kB
Inactive:         542084 kB
Active(anon):     462308 kB
Inactive(anon):      860 kB
Active(file):     176032 kB
Inactive(file):   541224 kB
Unevictable:           0 kB
Mlocked:               0 kB
HighTotal:       1001472 kB
HighFree:           5120 kB
LowTotal:         419352 kB
LowFree:           57820 kB
SwapTotal:        786428 kB
SwapFree:         786428 kB
Dirty:              1252 kB
Writeback:             0 kB
AnonPages:        462364 kB
Mapped:           203088 kB
Shmem:               940 kB
Slab:              41748 kB
SReclaimable:      14880 kB
SUnreclaim:        26868 kB
KernelStack:       10176 kB
PageTables:        16284 kB
NFS_Unstable:          0 kB
Bounce:                0 kB
WritebackTmp:          0 kB
CommitLimit:     1496840 kB
Committed_AS:   23323012 kB
VmallocTotal:     458752 kB
VmallocUsed:       88368 kB
VmallocChunk:     204828 kB
Time pass: 21 sec

---2015-12-04 21:02:09
MemTotal:        1420824 kB
MemFree:           47540 kB
Buffers:           12620 kB
Cached:           699076 kB
SwapCached:            0 kB
Active:           626004 kB
Inactive:         552656 kB
Active(anon):     449332 kB
Inactive(anon):    19120 kB
Active(file):     176672 kB
Inactive(file):   533536 kB
Unevictable:         272 kB
Mlocked:               0 kB
HighTotal:       1001472 kB
HighFree:           6680 kB
LowTotal:         419352 kB
LowFree:           40860 kB
SwapTotal:        786428 kB
SwapFree:         786428 kB
Dirty:               304 kB
Writeback:             0 kB
AnonPages:        467360 kB
Mapped:           206684 kB
Shmem:              1156 kB
Slab:              42168 kB
SReclaimable:      14940 kB
SUnreclaim:        27228 kB
KernelStack:       10256 kB
PageTables:        16372 kB
NFS_Unstable:          0 kB
Bounce:                0 kB
WritebackTmp:          0 kB
CommitLimit:     1496840 kB
Committed_AS:   23330972 kB
VmallocTotal:     458752 kB
VmallocUsed:       88424 kB
VmallocChunk:     204828 kB
Time pass: 24 sec

---2015-12-04 21:02:09
MemTotal:        1420824 kB
MemFree:           43480 kB
Buffers:           10356 kB
Cached:           688380 kB
SwapCached:            0 kB
Active:           599780 kB
Inactive:         571440 kB
Active(anon):     422968 kB
Inactive(anon):    50748 kB
Active(file):     176812 kB
Inactive(file):   520692 kB
Unevictable:         292 kB
Mlocked:               0 kB
HighTotal:       1001472 kB
HighFree:           7156 kB
LowTotal:         419352 kB
LowFree:           36324 kB
SwapTotal:        786428 kB
SwapFree:         786428 kB
Dirty:               400 kB
Writeback:             0 kB
AnonPages:        472812 kB
Mapped:           207744 kB
Shmem:               940 kB
Slab:              42208 kB
SReclaimable:      14928 kB
SUnreclaim:        27280 kB
KernelStack:       10240 kB
PageTables:        16408 kB
NFS_Unstable:          0 kB
Bounce:                0 kB
WritebackTmp:          0 kB
CommitLimit:     1496840 kB
Committed_AS:   23330380 kB
VmallocTotal:     458752 kB
VmallocUsed:       88472 kB
VmallocChunk:     204828 kB
Time pass: 27 sec

---2015-12-04 21:02:09
MemTotal:        1420824 kB
MemFree:           47024 kB
Buffers:           10364 kB
Cached:           688380 kB
SwapCached:            0 kB
Active:           595584 kB
Inactive:         571440 kB
Active(anon):     418772 kB
Inactive(anon):    50740 kB
Active(file):     176812 kB
Inactive(file):   520700 kB
Unevictable:         292 kB
Mlocked:               0 kB
HighTotal:       1001472 kB
HighFree:           8404 kB
LowTotal:         419352 kB
LowFree:           38620 kB
SwapTotal:        786428 kB
SwapFree:         786428 kB
Dirty:               112 kB
Writeback:             0 kB
AnonPages:        468612 kB
Mapped:           208008 kB
Shmem:               940 kB
Slab:              42048 kB
SReclaimable:      14920 kB
SUnreclaim:        27128 kB
KernelStack:       10240 kB
PageTables:        16412 kB
NFS_Unstable:          0 kB
Bounce:                0 kB
WritebackTmp:          0 kB
CommitLimit:     1496840 kB
Committed_AS:   23328376 kB
VmallocTotal:     458752 kB
VmallocUsed:       88452 kB
VmallocChunk:     204828 kB
Time pass: 31 sec

---2015-12-04 21:02:09
MemTotal:        1420824 kB
MemFree:           46992 kB
Buffers:           10416 kB
Cached:           688380 kB
SwapCached:            0 kB
Active:           595744 kB
Inactive:         571476 kB
Active(anon):     418924 kB
Inactive(anon):    50740 kB
Active(file):     176820 kB
Inactive(file):   520736 kB
Unevictable:         292 kB
Mlocked:               0 kB
HighTotal:       1001472 kB
HighFree:           8408 kB
LowTotal:         419352 kB
LowFree:           38584 kB
SwapTotal:        786428 kB
SwapFree:         786428 kB
Dirty:                48 kB
Writeback:             0 kB
AnonPages:        468764 kB
Mapped:           208008 kB
Shmem:               940 kB
Slab:              42084 kB
SReclaimable:      14916 kB
SUnreclaim:        27168 kB
KernelStack:       10248 kB
PageTables:        16412 kB
NFS_Unstable:          0 kB
Bounce:                0 kB
WritebackTmp:          0 kB
CommitLimit:     1496840 kB
Committed_AS:   23328400 kB
VmallocTotal:     458752 kB
VmallocUsed:       88452 kB
VmallocChunk:     204828 kB
Time pass: 34 sec

---2015-12-04 21:02:09
MemTotal:        1420824 kB
MemFree:           43816 kB
Buffers:            8904 kB
Cached:           681244 kB
SwapCached:            0 kB
Active:           585400 kB
Inactive:         580836 kB
Active(anon):     408148 kB
Inactive(anon):    69172 kB
Active(file):     177252 kB
Inactive(file):   511664 kB
Unevictable:         292 kB
Mlocked:               0 kB
HighTotal:       1001472 kB
HighFree:           7464 kB
LowTotal:         419352 kB
LowFree:           36352 kB
SwapTotal:        786428 kB
SwapFree:         786428 kB
Dirty:                64 kB
Writeback:             0 kB
AnonPages:        476368 kB
Mapped:           209436 kB
Shmem:               940 kB
Slab:              41984 kB
SReclaimable:      14916 kB
SUnreclaim:        27068 kB
KernelStack:       10288 kB
PageTables:        16436 kB
NFS_Unstable:          0 kB
Bounce:                0 kB
WritebackTmp:          0 kB
CommitLimit:     1496840 kB
Committed_AS:   23331364 kB
VmallocTotal:     458752 kB
VmallocUsed:       88452 kB
VmallocChunk:     204828 kB
Time pass: 38 sec

---2015-12-04 21:02:09
MemTotal:        1420824 kB
MemFree:           52900 kB
Buffers:            8904 kB
Cached:           681244 kB
SwapCached:            0 kB
Active:           577004 kB
Inactive:         580484 kB
Active(anon):     399408 kB
Inactive(anon):    69164 kB
Active(file):     177596 kB
Inactive(file):   511320 kB
Unevictable:         292 kB
Mlocked:               0 kB
HighTotal:       1001472 kB
HighFree:          14312 kB
LowTotal:         419352 kB
LowFree:           38588 kB
SwapTotal:        786428 kB
SwapFree:         786428 kB
Dirty:                20 kB
Writeback:             0 kB
AnonPages:        467660 kB
Mapped:           208584 kB
Shmem:               940 kB
Slab:              42124 kB
SReclaimable:      14916 kB
SUnreclaim:        27208 kB
KernelStack:       10096 kB
PageTables:        15968 kB
NFS_Unstable:          0 kB
Bounce:                0 kB
WritebackTmp:          0 kB
CommitLimit:     1496840 kB
Committed_AS:   22477096 kB
VmallocTotal:     458752 kB
VmallocUsed:       86444 kB
VmallocChunk:     207900 kB
Time pass: 41 sec

---2015-12-04 21:02:09
MemTotal:        1420824 kB
MemFree:           49304 kB
Buffers:            9052 kB
Cached:           682500 kB
SwapCached:            0 kB
Active:           580000 kB
Inactive:         581640 kB
Active(anon):     402256 kB
Inactive(anon):    69168 kB
Active(file):     177744 kB
Inactive(file):   512472 kB
Unevictable:         292 kB
Mlocked:               0 kB
HighTotal:       1001472 kB
HighFree:          10032 kB
LowTotal:         419352 kB
LowFree:           39272 kB
SwapTotal:        786428 kB
SwapFree:         786428 kB
Dirty:               200 kB
Writeback:             0 kB
AnonPages:        470504 kB
Mapped:           211824 kB
Shmem:               944 kB
Slab:              42316 kB
SReclaimable:      14916 kB
SUnreclaim:        27400 kB
KernelStack:       10120 kB
PageTables:        15980 kB
NFS_Unstable:          0 kB
Bounce:                0 kB
WritebackTmp:          0 kB
CommitLimit:     1496840 kB
Committed_AS:   22485192 kB
VmallocTotal:     458752 kB
VmallocUsed:       86464 kB
VmallocChunk:     207900 kB
Time pass: 45 sec

---2015-12-04 21:02:09
MemTotal:        1420824 kB
MemFree:           40032 kB
Buffers:            7024 kB
Cached:           675236 kB
SwapCached:            0 kB
Active:           563448 kB
Inactive:         597112 kB
Active(anon):     385532 kB
Inactive(anon):    94128 kB
Active(file):     177916 kB
Inactive(file):   502984 kB
Unevictable:         292 kB
Mlocked:               0 kB
HighTotal:       1001472 kB
HighFree:           5264 kB
LowTotal:         419352 kB
LowFree:           34768 kB
SwapTotal:        786428 kB
SwapFree:         786428 kB
Dirty:               764 kB
Writeback:             0 kB
AnonPages:        478788 kB
Mapped:           214720 kB
Shmem:               944 kB
Slab:              42256 kB
SReclaimable:      14940 kB
SUnreclaim:        27316 kB
KernelStack:       10168 kB
PageTables:        16036 kB
NFS_Unstable:          0 kB
Bounce:                0 kB
WritebackTmp:          0 kB
CommitLimit:     1496840 kB
Committed_AS:   22493940 kB
VmallocTotal:     458752 kB
VmallocUsed:       86428 kB
VmallocChunk:     207900 kB
Time pass: 48 sec

---2015-12-04 21:02:09
MemTotal:        1420824 kB
MemFree:           43164 kB
Buffers:            7036 kB
Cached:           662796 kB
SwapCached:            0 kB
Active:           533236 kB
Inactive:         616392 kB
Active(anon):     354688 kB
Inactive(anon):   126360 kB
Active(file):     178548 kB
Inactive(file):   490032 kB
Unevictable:         292 kB
Mlocked:               0 kB
HighTotal:       1001472 kB
HighFree:           8256 kB
LowTotal:         419352 kB
LowFree:           34908 kB
SwapTotal:        786428 kB
SwapFree:         786428 kB
Dirty:               672 kB
Writeback:             0 kB
AnonPages:        480104 kB
Mapped:           215980 kB
Shmem:               944 kB
Slab:              42240 kB
SReclaimable:      14928 kB
SUnreclaim:        27312 kB
KernelStack:       10168 kB
PageTables:        16060 kB
NFS_Unstable:          0 kB
Bounce:                0 kB
WritebackTmp:          0 kB
CommitLimit:     1496840 kB
Committed_AS:   22494740 kB
VmallocTotal:     458752 kB
VmallocUsed:       86420 kB
VmallocChunk:     207900 kB
Time pass: 51 sec

---2015-12-04 21:02:09
MemTotal:        1420824 kB
MemFree:           42988 kB
Buffers:            7044 kB
Cached:           663100 kB
SwapCached:            0 kB
Active:           533140 kB
Inactive:         616692 kB
Active(anon):     354588 kB
Inactive(anon):   126344 kB
Active(file):     178552 kB
Inactive(file):   490348 kB
Unevictable:         292 kB
Mlocked:               0 kB
HighTotal:       1001472 kB
HighFree:           7944 kB
LowTotal:         419352 kB
LowFree:           35044 kB
SwapTotal:        786428 kB
SwapFree:         786428 kB
Dirty:                88 kB
Writeback:             0 kB
AnonPages:        480000 kB
Mapped:           216428 kB
Shmem:               944 kB
Slab:              42168 kB
SReclaimable:      14928 kB
SUnreclaim:        27240 kB
KernelStack:       10144 kB
PageTables:        16060 kB
NFS_Unstable:          0 kB
Bounce:                0 kB
WritebackTmp:          0 kB
CommitLimit:     1496840 kB
Committed_AS:   22494420 kB
VmallocTotal:     458752 kB
VmallocUsed:       86420 kB
VmallocChunk:     207900 kB
Time pass: 55 sec

---2015-12-04 21:02:09
MemTotal:        1420824 kB
MemFree:           52604 kB
Buffers:            7096 kB
Cached:           654596 kB
SwapCached:            0 kB
Active:           502204 kB
Inactive:         633284 kB
Active(anon):     319244 kB
Inactive(anon):   155788 kB
Active(file):     182960 kB
Inactive(file):   477496 kB
Unevictable:         292 kB
Mlocked:               0 kB
HighTotal:       1001472 kB
HighFree:           8132 kB
LowTotal:         419352 kB
LowFree:           44472 kB
SwapTotal:        786428 kB
SwapFree:         786428 kB
Dirty:                16 kB
Writeback:             0 kB
AnonPages:        474068 kB
Mapped:           215176 kB
Shmem:               944 kB
Slab:              42348 kB
SReclaimable:      14976 kB
SUnreclaim:        27372 kB
KernelStack:       10136 kB
PageTables:        16004 kB
NFS_Unstable:          0 kB
Bounce:                0 kB
WritebackTmp:          0 kB
CommitLimit:     1496840 kB
Committed_AS:   22486092 kB
VmallocTotal:     458752 kB
VmallocUsed:       86432 kB
VmallocChunk:     207900 kB
Time pass: 58 sec

---2015-12-04 21:02:09
MemTotal:        1420824 kB
MemFree:           51956 kB
Buffers:            7104 kB
Cached:           654700 kB
SwapCached:            0 kB
Active:           502236 kB
Inactive:         633372 kB
Active(anon):     319272 kB
Inactive(anon):   155776 kB
Active(file):     182964 kB
Inactive(file):   477596 kB
Unevictable:         292 kB
Mlocked:               0 kB
HighTotal:       1001472 kB
HighFree:           7652 kB
LowTotal:         419352 kB
LowFree:           44304 kB
SwapTotal:        786428 kB
SwapFree:         786428 kB
Dirty:                80 kB
Writeback:             0 kB
AnonPages:        474212 kB
Mapped:           215324 kB
Shmem:               944 kB
Slab:              42384 kB
SReclaimable:      14976 kB
SUnreclaim:        27408 kB
KernelStack:       10120 kB
PageTables:        16016 kB
NFS_Unstable:          0 kB
Bounce:                0 kB
WritebackTmp:          0 kB
CommitLimit:     1496840 kB
Committed_AS:   22489084 kB
VmallocTotal:     458752 kB
VmallocUsed:       86464 kB
VmallocChunk:     207900 kB
Time pass: 62 sec

---2015-12-04 21:02:09
MemTotal:        1420824 kB
MemFree:           44016 kB
Buffers:            7100 kB
Cached:           650540 kB
SwapCached:            0 kB
Active:           494864 kB
Inactive:         641728 kB
Active(anon):     308284 kB
Inactive(anon):   171904 kB
Active(file):     186580 kB
Inactive(file):   469824 kB
Unevictable:         292 kB
Mlocked:               0 kB
HighTotal:       1001472 kB
HighFree:           6052 kB
LowTotal:         419352 kB
LowFree:           37964 kB
SwapTotal:        786428 kB
SwapFree:         786428 kB
Dirty:               512 kB
Writeback:             0 kB
AnonPages:        479252 kB
Mapped:           216056 kB
Shmem:               944 kB
Slab:              42392 kB
SReclaimable:      14992 kB
SUnreclaim:        27400 kB
KernelStack:       10120 kB
PageTables:        16028 kB
NFS_Unstable:          0 kB
Bounce:                0 kB
WritebackTmp:          0 kB
CommitLimit:     1496840 kB
Committed_AS:   22493684 kB
VmallocTotal:     458752 kB
VmallocUsed:       86476 kB
VmallocChunk:     207900 kB
Time pass: 65 sec

---2015-12-04 21:02:09
MemTotal:        1420824 kB
MemFree:           41984 kB
Buffers:            7088 kB
Cached:           646412 kB
SwapCached:            0 kB
Active:           478860 kB
Inactive:         659704 kB
Active(anon):     291360 kB
Inactive(anon):   194940 kB
Active(file):     187500 kB
Inactive(file):   464764 kB
Unevictable:         292 kB
Mlocked:               0 kB
HighTotal:       1001472 kB
HighFree:           6480 kB
LowTotal:         419352 kB
LowFree:           35504 kB
SwapTotal:        786428 kB
SwapFree:         786428 kB
Dirty:                 4 kB
Writeback:             0 kB
AnonPages:        485448 kB
Mapped:           219012 kB
Shmem:               944 kB
Slab:              42352 kB
SReclaimable:      15016 kB
SUnreclaim:        27336 kB
KernelStack:       10216 kB
PageTables:        16064 kB
NFS_Unstable:          0 kB
Bounce:                0 kB
WritebackTmp:          0 kB
CommitLimit:     1496840 kB
Committed_AS:   22506704 kB
VmallocTotal:     458752 kB
VmallocUsed:       86540 kB
VmallocChunk:     207900 kB
Time pass: 70 sec

---2015-12-04 21:02:09
MemTotal:        1420824 kB
MemFree:           41768 kB
Buffers:            7104 kB
Cached:           646524 kB
SwapCached:            0 kB
Active:           480980 kB
Inactive:         659832 kB
Active(anon):     293480 kB
Inactive(anon):   194940 kB
Active(file):     187500 kB
Inactive(file):   464892 kB
Unevictable:         292 kB
Mlocked:               0 kB
HighTotal:       1001472 kB
HighFree:           5072 kB
LowTotal:         419352 kB
LowFree:           36696 kB
SwapTotal:        786428 kB
SwapFree:         786428 kB
Dirty:                80 kB
Writeback:             0 kB
AnonPages:        487484 kB
Mapped:           218584 kB
Shmem:               944 kB
Slab:              42340 kB
SReclaimable:      15016 kB
SUnreclaim:        27324 kB
KernelStack:       10200 kB
PageTables:        16076 kB
NFS_Unstable:          0 kB
Bounce:                0 kB
WritebackTmp:          0 kB
CommitLimit:     1496840 kB
Committed_AS:   22507924 kB
VmallocTotal:     458752 kB
VmallocUsed:       86476 kB
VmallocChunk:     207900 kB
Time pass: 76 sec

---2015-12-04 21:02:09
MemTotal:        1420824 kB
MemFree:           39116 kB
Buffers:            7112 kB
Cached:           625020 kB
SwapCached:            0 kB
Active:           442892 kB
Inactive:         680368 kB
Active(anon):     245848 kB
Inactive(anon):   246724 kB
Active(file):     197044 kB
Inactive(file):   433644 kB
Unevictable:         292 kB
Mlocked:               0 kB
HighTotal:       1001472 kB
HighFree:           7240 kB
LowTotal:         419352 kB
LowFree:           31876 kB
SwapTotal:        786428 kB
SwapFree:         786428 kB
Dirty:                44 kB
Writeback:             0 kB
AnonPages:        491468 kB
Mapped:           218332 kB
Shmem:              1080 kB
Slab:              42816 kB
SReclaimable:      15068 kB
SUnreclaim:        27748 kB
KernelStack:       10344 kB
PageTables:        16212 kB
NFS_Unstable:          0 kB
Bounce:                0 kB
WritebackTmp:          0 kB
CommitLimit:     1496840 kB
Committed_AS:   22522984 kB
VmallocTotal:     458752 kB
VmallocUsed:       88976 kB
VmallocChunk:     207900 kB
Time pass: 80 sec

---2015-12-04 21:02:09
MemTotal:        1420824 kB
MemFree:           37208 kB
Buffers:            7080 kB
Cached:           592680 kB
SwapCached:            0 kB
Active:           450916 kB
Inactive:         642484 kB
Active(anon):     248312 kB
Inactive(anon):   246784 kB
Active(file):     202604 kB
Inactive(file):   395700 kB
Unevictable:         292 kB
Mlocked:               0 kB
HighTotal:       1001472 kB
HighFree:           5672 kB
LowTotal:         419352 kB
LowFree:           31536 kB
SwapTotal:        786428 kB
SwapFree:         786428 kB
Dirty:                12 kB
Writeback:             0 kB
AnonPages:        493956 kB
Mapped:           218444 kB
Shmem:              1164 kB
Slab:              42816 kB
SReclaimable:      15088 kB
SUnreclaim:        27728 kB
KernelStack:       10296 kB
PageTables:        16356 kB
NFS_Unstable:          0 kB
Bounce:                0 kB
WritebackTmp:          0 kB
CommitLimit:     1496840 kB
Committed_AS:   22525108 kB
VmallocTotal:     458752 kB
VmallocUsed:       88944 kB
VmallocChunk:     207900 kB
Time pass: 84 sec

---2015-12-04 21:02:09
MemTotal:        1420824 kB
MemFree:           36808 kB
Buffers:            7032 kB
Cached:           589736 kB
SwapCached:            0 kB
Active:           451904 kB
Inactive:         640212 kB
Active(anon):     248844 kB
Inactive(anon):   247992 kB
Active(file):     203060 kB
Inactive(file):   392220 kB
Unevictable:         292 kB
Mlocked:               0 kB
HighTotal:       1001472 kB
HighFree:           5524 kB
LowTotal:         419352 kB
LowFree:           31284 kB
SwapTotal:        786428 kB
SwapFree:         786428 kB
Dirty:                60 kB
Writeback:             0 kB
AnonPages:        495736 kB
Mapped:           218488 kB
Shmem:              1196 kB
Slab:              43204 kB
SReclaimable:      15100 kB
SUnreclaim:        28104 kB
KernelStack:       10288 kB
PageTables:        16240 kB
NFS_Unstable:          0 kB
Bounce:                0 kB
WritebackTmp:          0 kB
CommitLimit:     1496840 kB
Committed_AS:   22527168 kB
VmallocTotal:     458752 kB
VmallocUsed:       88976 kB
VmallocChunk:     207900 kB
Time pass: 89 sec

---2015-12-04 21:02:09
MemTotal:        1420824 kB
MemFree:           39332 kB
Buffers:            7056 kB
Cached:           587344 kB
SwapCached:            0 kB
Active:           453216 kB
Inactive:         639120 kB
Active(anon):     250152 kB
Inactive(anon):   249280 kB
Active(file):     203064 kB
Inactive(file):   389840 kB
Unevictable:         292 kB
Mlocked:               0 kB
HighTotal:       1001472 kB
HighFree:           5756 kB
LowTotal:         419352 kB
LowFree:           33576 kB
SwapTotal:        786428 kB
SwapFree:         786428 kB
Dirty:                44 kB
Writeback:             0 kB
AnonPages:        498248 kB
Mapped:           218452 kB
Shmem:              1204 kB
Slab:              43168 kB
SReclaimable:      15104 kB
SUnreclaim:        28064 kB
KernelStack:       10296 kB
PageTables:        16212 kB
NFS_Unstable:          0 kB
Bounce:                0 kB
WritebackTmp:          0 kB
CommitLimit:     1496840 kB
Committed_AS:   22528804 kB
VmallocTotal:     458752 kB
VmallocUsed:       88944 kB
VmallocChunk:     207900 kB
Time pass: 94 sec

---2015-12-04 21:02:09
MemTotal:        1420824 kB
MemFree:           39192 kB
Buffers:            7080 kB
Cached:           585020 kB
SwapCached:            0 kB
Active:           454196 kB
Inactive:         637716 kB
Active(anon):     251132 kB
Inactive(anon):   250176 kB
Active(file):     203064 kB
Inactive(file):   387540 kB
Unevictable:         292 kB
Mlocked:               0 kB
HighTotal:       1001472 kB
HighFree:           5384 kB
LowTotal:         419352 kB
LowFree:           33808 kB
SwapTotal:        786428 kB
SwapFree:         786428 kB
Dirty:                40 kB
Writeback:             0 kB
AnonPages:        500256 kB
Mapped:           218452 kB
Shmem:              1204 kB
Slab:              43176 kB
SReclaimable:      15108 kB
SUnreclaim:        28068 kB
KernelStack:       10280 kB
PageTables:        16216 kB
NFS_Unstable:          0 kB
Bounce:                0 kB
WritebackTmp:          0 kB
CommitLimit:     1496840 kB
Committed_AS:   22529536 kB
VmallocTotal:     458752 kB
VmallocUsed:       88944 kB
VmallocChunk:     207900 kB
Time pass: 99 sec

---2015-12-04 21:02:09
MemTotal:        1420824 kB
MemFree:           51420 kB
Buffers:            7096 kB
Cached:           577728 kB
SwapCached:            0 kB
Active:           443916 kB
Inactive:         633012 kB
Active(anon):     240852 kB
Inactive(anon):   252628 kB
Active(file):     203064 kB
Inactive(file):   380384 kB
Unevictable:         292 kB
Mlocked:               0 kB
HighTotal:       1001472 kB
HighFree:          13584 kB
LowTotal:         419352 kB
LowFree:           37836 kB
SwapTotal:        786428 kB
SwapFree:         786428 kB
Dirty:                44 kB
Writeback:             0 kB
AnonPages:        492264 kB
Mapped:           217964 kB
Shmem:               960 kB
Slab:              43176 kB
SReclaimable:      15112 kB
SUnreclaim:        28064 kB
KernelStack:       10216 kB
PageTables:        16184 kB
NFS_Unstable:          0 kB
Bounce:                0 kB
WritebackTmp:          0 kB
CommitLimit:     1496840 kB
Committed_AS:   22506772 kB
VmallocTotal:     458752 kB
VmallocUsed:       86560 kB
VmallocChunk:     207900 kB
Time pass: 104 sec

---2015-12-04 21:02:09
MemTotal:        1420824 kB
MemFree:          191960 kB
Buffers:            7128 kB
Cached:           577728 kB
SwapCached:            0 kB
Active:           376964 kB
Inactive:         628836 kB
Active(anon):     173864 kB
Inactive(anon):   248172 kB
Active(file):     203100 kB
Inactive(file):   380664 kB
Unevictable:         292 kB
Mlocked:               0 kB
HighTotal:       1001472 kB
HighFree:          77176 kB
LowTotal:         419352 kB
LowFree:          114784 kB
SwapTotal:        786428 kB
SwapFree:         786428 kB
Dirty:                 4 kB
Writeback:             0 kB
AnonPages:        421276 kB
Mapped:           171240 kB
Shmem:               800 kB
Slab:              42980 kB
SReclaimable:      15096 kB
SUnreclaim:        27884 kB
KernelStack:        9192 kB
PageTables:        14884 kB
NFS_Unstable:          0 kB
Bounce:                0 kB
WritebackTmp:          0 kB
CommitLimit:     1496840 kB
Committed_AS:   21524884 kB
VmallocTotal:     458752 kB
VmallocUsed:       84076 kB
VmallocChunk:     209948 kB
Time pass: 108 sec

---2015-12-04 21:02:09
MemTotal:        1420824 kB
MemFree:          183672 kB
Buffers:            7232 kB
Cached:           577620 kB
SwapCached:            0 kB
Active:           383908 kB
Inactive:         628784 kB
Active(anon):     180688 kB
Inactive(anon):   248172 kB
Active(file):     203220 kB
Inactive(file):   380612 kB
Unevictable:         292 kB
Mlocked:               0 kB
HighTotal:       1001472 kB
HighFree:          69888 kB
LowTotal:         419352 kB
LowFree:          113784 kB
SwapTotal:        786428 kB
SwapFree:         786428 kB
Dirty:               708 kB
Writeback:             0 kB
AnonPages:        428056 kB
Mapped:           184396 kB
Shmem:               800 kB
Slab:              42984 kB
SReclaimable:      15096 kB
SUnreclaim:        27888 kB
KernelStack:        9328 kB
PageTables:        15232 kB
NFS_Unstable:          0 kB
Bounce:                0 kB
WritebackTmp:          0 kB
CommitLimit:     1496840 kB
Committed_AS:   22004864 kB
VmallocTotal:     458752 kB
VmallocUsed:       85192 kB
VmallocChunk:     209948 kB
Time pass: 111 sec

---2015-12-04 21:02:09
MemTotal:        1420824 kB
MemFree:          158948 kB
Buffers:            7296 kB
Cached:           578132 kB
SwapCached:            0 kB
Active:           399224 kB
Inactive:         628596 kB
Active(anon):     195616 kB
Inactive(anon):   248004 kB
Active(file):     203608 kB
Inactive(file):   380592 kB
Unevictable:         292 kB
Mlocked:               0 kB
HighTotal:       1001472 kB
HighFree:          44600 kB
LowTotal:         419352 kB
LowFree:          114348 kB
SwapTotal:        786428 kB
SwapFree:         786428 kB
Dirty:              1004 kB
Writeback:             0 kB
AnonPages:        442724 kB
Mapped:           195084 kB
Shmem:               936 kB
Slab:              42936 kB
SReclaimable:      15100 kB
SUnreclaim:        27836 kB
KernelStack:        9720 kB
PageTables:        15460 kB
NFS_Unstable:          0 kB
Bounce:                0 kB
WritebackTmp:          0 kB
CommitLimit:     1496840 kB
Committed_AS:   22028056 kB
VmallocTotal:     458752 kB
VmallocUsed:       85328 kB
VmallocChunk:     209948 kB
Time pass: 115 sec

---2015-12-04 21:02:09
MemTotal:        1420824 kB
MemFree:          131420 kB
Buffers:            7304 kB
Cached:           579236 kB
SwapCached:            0 kB
Active:           413104 kB
Inactive:         629552 kB
Active(anon):     209432 kB
Inactive(anon):   247912 kB
Active(file):     203672 kB
Inactive(file):   381640 kB
Unevictable:         292 kB
Mlocked:               0 kB
HighTotal:       1001472 kB
HighFree:          17656 kB
LowTotal:         419352 kB
LowFree:          113764 kB
SwapTotal:        786428 kB
SwapFree:         786428 kB
Dirty:                92 kB
Writeback:             0 kB
AnonPages:        456472 kB
Mapped:           200852 kB
Shmem:               936 kB
Slab:              43092 kB
SReclaimable:      15100 kB
SUnreclaim:        27992 kB
KernelStack:        9776 kB
PageTables:        15544 kB
NFS_Unstable:          0 kB
Bounce:                0 kB
WritebackTmp:          0 kB
CommitLimit:     1496840 kB
Committed_AS:   22041816 kB
VmallocTotal:     458752 kB
VmallocUsed:       85356 kB
VmallocChunk:     209948 kB
Time pass: 118 sec

---2015-12-04 21:02:09
MemTotal:        1420824 kB
MemFree:          122932 kB
Buffers:            7304 kB
Cached:           579244 kB
SwapCached:            0 kB
Active:           414320 kB
Inactive:         629548 kB
Active(anon):     210636 kB
Inactive(anon):   247912 kB
Active(file):     203684 kB
Inactive(file):   381636 kB
Unevictable:         292 kB
Mlocked:               0 kB
HighTotal:       1001472 kB
HighFree:           9392 kB
LowTotal:         419352 kB
LowFree:          113540 kB
SwapTotal:        786428 kB
SwapFree:         786428 kB
Dirty:               152 kB
Writeback:             0 kB
AnonPages:        457604 kB
Mapped:           201572 kB
Shmem:               936 kB
Slab:              42972 kB
SReclaimable:      15100 kB
SUnreclaim:        27872 kB
KernelStack:        9776 kB
PageTables:        15560 kB
NFS_Unstable:          0 kB
Bounce:                0 kB
WritebackTmp:          0 kB
CommitLimit:     1496840 kB
Committed_AS:   22042968 kB
VmallocTotal:     458752 kB
VmallocUsed:       85432 kB
VmallocChunk:     209948 kB
Time pass: 121 sec

---2015-12-04 21:02:09
MemTotal:        1420824 kB
MemFree:          101072 kB
Buffers:            7420 kB
Cached:           580236 kB
SwapCached:            0 kB
Active:           419528 kB
Inactive:         628840 kB
Active(anon):     214048 kB
Inactive(anon):   247912 kB
Active(file):     205480 kB
Inactive(file):   380928 kB
Unevictable:         292 kB
Mlocked:               0 kB
HighTotal:       1001472 kB
HighFree:           5320 kB
LowTotal:         419352 kB
LowFree:           95752 kB
SwapTotal:        786428 kB
SwapFree:         786428 kB
Dirty:              1164 kB
Writeback:             0 kB
AnonPages:        461136 kB
Mapped:           206312 kB
Shmem:               936 kB
Slab:              42868 kB
SReclaimable:      15100 kB
SUnreclaim:        27768 kB
KernelStack:        9776 kB
PageTables:        15604 kB
NFS_Unstable:          0 kB
Bounce:                0 kB
WritebackTmp:          0 kB
CommitLimit:     1496840 kB
Committed_AS:   22046288 kB
VmallocTotal:     458752 kB
VmallocUsed:       85396 kB
VmallocChunk:     209948 kB
Time pass: 125 sec

---2015-12-04 21:02:09
MemTotal:        1420824 kB
MemFree:           96436 kB
Buffers:            7432 kB
Cached:           580224 kB
SwapCached:            0 kB
Active:           419992 kB
Inactive:         628812 kB
Active(anon):     214464 kB
Inactive(anon):   247912 kB
Active(file):     205528 kB
Inactive(file):   380900 kB
Unevictable:         292 kB
Mlocked:               0 kB
HighTotal:       1001472 kB
HighFree:           5500 kB
LowTotal:         419352 kB
LowFree:           90936 kB
SwapTotal:        786428 kB
SwapFree:         786428 kB
Dirty:               112 kB
Writeback:             0 kB
AnonPages:        461480 kB
Mapped:           206756 kB
Shmem:               936 kB
Slab:              42848 kB
SReclaimable:      15100 kB
SUnreclaim:        27748 kB
KernelStack:        9776 kB
PageTables:        15620 kB
NFS_Unstable:          0 kB
Bounce:                0 kB
WritebackTmp:          0 kB
CommitLimit:     1496840 kB
Committed_AS:   22046596 kB
VmallocTotal:     458752 kB
VmallocUsed:       85388 kB
VmallocChunk:     209948 kB
Time pass: 128 sec

---2015-12-04 21:02:09
MemTotal:        1420824 kB
MemFree:           84044 kB
Buffers:            7432 kB
Cached:           580292 kB
SwapCached:            0 kB
Active:           425324 kB
Inactive:         628856 kB
Active(anon):     219772 kB
Inactive(anon):   247912 kB
Active(file):     205552 kB
Inactive(file):   380944 kB
Unevictable:         292 kB
Mlocked:               0 kB
HighTotal:       1001472 kB
HighFree:           5792 kB
LowTotal:         419352 kB
LowFree:           78252 kB
SwapTotal:        786428 kB
SwapFree:         786428 kB
Dirty:               636 kB
Writeback:             0 kB
AnonPages:        466740 kB
Mapped:           208284 kB
Shmem:               936 kB
Slab:              42836 kB
SReclaimable:      15100 kB
SUnreclaim:        27736 kB
KernelStack:        9776 kB
PageTables:        15640 kB
NFS_Unstable:          0 kB
Bounce:                0 kB
WritebackTmp:          0 kB
CommitLimit:     1496840 kB
Committed_AS:   22051580 kB
VmallocTotal:     458752 kB
VmallocUsed:       85400 kB
VmallocChunk:     209948 kB
Time pass: 132 sec

---2015-12-04 21:02:09
MemTotal:        1420824 kB
MemFree:           83820 kB
Buffers:            7440 kB
Cached:           580292 kB
SwapCached:            0 kB
Active:           425300 kB
Inactive:         628864 kB
Active(anon):     219748 kB
Inactive(anon):   247912 kB
Active(file):     205552 kB
Inactive(file):   380952 kB
Unevictable:         292 kB
Mlocked:               0 kB
HighTotal:       1001472 kB
HighFree:           5856 kB
LowTotal:         419352 kB
LowFree:           77964 kB
SwapTotal:        786428 kB
SwapFree:         786428 kB
Dirty:                72 kB
Writeback:             0 kB
AnonPages:        466724 kB
Mapped:           208296 kB
Shmem:               936 kB
Slab:              42832 kB
SReclaimable:      15100 kB
SUnreclaim:        27732 kB
KernelStack:        9776 kB
PageTables:        15628 kB
NFS_Unstable:          0 kB
Bounce:                0 kB
WritebackTmp:          0 kB
CommitLimit:     1496840 kB
Committed_AS:   22051580 kB
VmallocTotal:     458752 kB
VmallocUsed:       85400 kB
VmallocChunk:     209948 kB
Time pass: 135 sec

---2015-12-04 21:02:09
MemTotal:        1420824 kB
MemFree:           83336 kB
Buffers:            7440 kB
Cached:           580292 kB
SwapCached:            0 kB
Active:           425496 kB
Inactive:         628864 kB
Active(anon):     219944 kB
Inactive(anon):   247912 kB
Active(file):     205552 kB
Inactive(file):   380952 kB
Unevictable:         292 kB
Mlocked:               0 kB
HighTotal:       1001472 kB
HighFree:           5468 kB
LowTotal:         419352 kB
LowFree:           77868 kB
SwapTotal:        786428 kB
SwapFree:         786428 kB
Dirty:                 0 kB
Writeback:             0 kB
AnonPages:        466908 kB
Mapped:           208300 kB
Shmem:               936 kB
Slab:              42904 kB
SReclaimable:      15100 kB
SUnreclaim:        27804 kB
KernelStack:        9776 kB
PageTables:        15632 kB
NFS_Unstable:          0 kB
Bounce:                0 kB
WritebackTmp:          0 kB
CommitLimit:     1496840 kB
Committed_AS:   22051644 kB
VmallocTotal:     458752 kB
VmallocUsed:       85400 kB
VmallocChunk:     209948 kB
Time pass: 138 sec

---2015-12-04 21:02:09
MemTotal:        1420824 kB
MemFree:           72056 kB
Buffers:            7552 kB
Cached:           580708 kB
SwapCached:            0 kB
Active:           433560 kB
Inactive:         628368 kB
Active(anon):     227028 kB
Inactive(anon):   248064 kB
Active(file):     206532 kB
Inactive(file):   380304 kB
Unevictable:         292 kB
Mlocked:               0 kB
HighTotal:       1001472 kB
HighFree:           5088 kB
LowTotal:         419352 kB
LowFree:           66968 kB
SwapTotal:        786428 kB
SwapFree:         786428 kB
Dirty:                 8 kB
Writeback:             0 kB
AnonPages:        473992 kB
Mapped:           210532 kB
Shmem:              1092 kB
Slab:              43284 kB
SReclaimable:      15100 kB
SUnreclaim:        28184 kB
KernelStack:        9960 kB
PageTables:        15744 kB
NFS_Unstable:          0 kB
Bounce:                0 kB
WritebackTmp:          0 kB
CommitLimit:     1496840 kB
Committed_AS:   22076400 kB
VmallocTotal:     458752 kB
VmallocUsed:       87932 kB
VmallocChunk:     209948 kB
Time pass: 142 sec

---2015-12-04 21:02:09
MemTotal:        1420824 kB
MemFree:           70120 kB
Buffers:            7552 kB
Cached:           580720 kB
SwapCached:            0 kB
Active:           435216 kB
Inactive:         628416 kB
Active(anon):     228680 kB
Inactive(anon):   248076 kB
Active(file):     206536 kB
Inactive(file):   380340 kB
Unevictable:         292 kB
Mlocked:               0 kB
HighTotal:       1001472 kB
HighFree:           5084 kB
LowTotal:         419352 kB
LowFree:           65036 kB
SwapTotal:        786428 kB
SwapFree:         786428 kB
Dirty:                48 kB
Writeback:             0 kB
AnonPages:        475616 kB
Mapped:           209696 kB
Shmem:              1104 kB
Slab:              43216 kB
SReclaimable:      15100 kB
SUnreclaim:        28116 kB
KernelStack:        9992 kB
PageTables:        15808 kB
NFS_Unstable:          0 kB
Bounce:                0 kB
WritebackTmp:          0 kB
CommitLimit:     1496840 kB
Committed_AS:   22078744 kB
VmallocTotal:     458752 kB
VmallocUsed:       87932 kB
VmallocChunk:     209948 kB
Time pass: 146 sec

---2015-12-04 21:02:09
MemTotal:        1420824 kB
MemFree:           69212 kB
Buffers:            7576 kB
Cached:           580736 kB
SwapCached:            0 kB
Active:           437048 kB
Inactive:         628456 kB
Active(anon):     230512 kB
Inactive(anon):   248092 kB
Active(file):     206536 kB
Inactive(file):   380364 kB
Unevictable:         292 kB
Mlocked:               0 kB
HighTotal:       1001472 kB
HighFree:           5088 kB
LowTotal:         419352 kB
LowFree:           64124 kB
SwapTotal:        786428 kB
SwapFree:         786428 kB
Dirty:                40 kB
Writeback:             0 kB
AnonPages:        477480 kB
Mapped:           209012 kB
Shmem:              1120 kB
Slab:              43368 kB
SReclaimable:      15100 kB
SUnreclaim:        28268 kB
KernelStack:        9992 kB
PageTables:        15812 kB
NFS_Unstable:          0 kB
Bounce:                0 kB
WritebackTmp:          0 kB
CommitLimit:     1496840 kB
Committed_AS:   22079804 kB
VmallocTotal:     458752 kB
VmallocUsed:       87932 kB
VmallocChunk:     209948 kB
Time pass: 151 sec

---2015-12-04 21:02:09
MemTotal:        1420824 kB
MemFree:           67160 kB
Buffers:            7600 kB
Cached:           580716 kB
SwapCached:            0 kB
Active:           439164 kB
Inactive:         628460 kB
Active(anon):     232628 kB
Inactive(anon):   248096 kB
Active(file):     206536 kB
Inactive(file):   380364 kB
Unevictable:         292 kB
Mlocked:               0 kB
HighTotal:       1001472 kB
HighFree:           5088 kB
LowTotal:         419352 kB
LowFree:           62072 kB
SwapTotal:        786428 kB
SwapFree:         786428 kB
Dirty:                 0 kB
Writeback:             0 kB
AnonPages:        479664 kB
Mapped:           209016 kB
Shmem:              1124 kB
Slab:              43344 kB
SReclaimable:      15100 kB
SUnreclaim:        28244 kB
KernelStack:        9984 kB
PageTables:        15816 kB
NFS_Unstable:          0 kB
Bounce:                0 kB
WritebackTmp:          0 kB
CommitLimit:     1496840 kB
Committed_AS:   22082428 kB
VmallocTotal:     458752 kB
VmallocUsed:       87932 kB
VmallocChunk:     209948 kB
Time pass: 155 sec

---2015-12-04 21:02:09
MemTotal:        1420824 kB
MemFree:           54976 kB
Buffers:            7616 kB
Cached:           580764 kB
SwapCached:            0 kB
Active:           441672 kB
Inactive:         628524 kB
Active(anon):     235136 kB
Inactive(anon):   248128 kB
Active(file):     206536 kB
Inactive(file):   380396 kB
Unevictable:         292 kB
Mlocked:               0 kB
HighTotal:       1001472 kB
HighFree:           5092 kB
LowTotal:         419352 kB
LowFree:           49884 kB
SwapTotal:        786428 kB
SwapFree:         786428 kB
Dirty:                28 kB
Writeback:             0 kB
AnonPages:        482320 kB
Mapped:           209012 kB
Shmem:              1156 kB
Slab:              43444 kB
SReclaimable:      15100 kB
SUnreclaim:        28344 kB
KernelStack:        9968 kB
PageTables:        15848 kB
NFS_Unstable:          0 kB
Bounce:                0 kB
WritebackTmp:          0 kB
CommitLimit:     1496840 kB
Committed_AS:   22084628 kB
VmallocTotal:     458752 kB
VmallocUsed:       87932 kB
VmallocChunk:     209948 kB
Time pass: 162 sec

---2015-12-04 21:02:09
MemTotal:        1420824 kB
MemFree:           53240 kB
Buffers:            7632 kB
Cached:           580804 kB
SwapCached:            0 kB
Active:           444140 kB
Inactive:         628580 kB
Active(anon):     237604 kB
Inactive(anon):   248164 kB
Active(file):     206536 kB
Inactive(file):   380416 kB
Unevictable:         292 kB
Mlocked:               0 kB
HighTotal:       1001472 kB
HighFree:           5092 kB
LowTotal:         419352 kB
LowFree:           48148 kB
SwapTotal:        786428 kB
SwapFree:         786428 kB
Dirty:                 8 kB
Writeback:             0 kB
AnonPages:        484696 kB
Mapped:           209040 kB
Shmem:              1192 kB
Slab:              43272 kB
SReclaimable:      15100 kB
SUnreclaim:        28172 kB
KernelStack:        9984 kB
PageTables:        15864 kB
NFS_Unstable:          0 kB
Bounce:                0 kB
WritebackTmp:          0 kB
CommitLimit:     1496840 kB
Committed_AS:   22085776 kB
VmallocTotal:     458752 kB
VmallocUsed:       87900 kB
VmallocChunk:     209948 kB
Time pass: 168 sec

---2015-12-04 21:02:09
MemTotal:        1420824 kB
MemFree:           50744 kB
Buffers:            7648 kB
Cached:           580936 kB
SwapCached:            0 kB
Active:           446488 kB
Inactive:         628728 kB
Active(anon):     239952 kB
Inactive(anon):   248288 kB
Active(file):     206536 kB
Inactive(file):   380440 kB
Unevictable:         292 kB
Mlocked:               0 kB
HighTotal:       1001472 kB
HighFree:           5112 kB
LowTotal:         419352 kB
LowFree:           45632 kB
SwapTotal:        786428 kB
SwapFree:         786428 kB
Dirty:                 0 kB
Writeback:             0 kB
AnonPages:        486928 kB
Mapped:           209192 kB
Shmem:              1316 kB
Slab:              43144 kB
SReclaimable:      15100 kB
SUnreclaim:        28044 kB
KernelStack:        9952 kB
PageTables:        15856 kB
NFS_Unstable:          0 kB
Bounce:                0 kB
WritebackTmp:          0 kB
CommitLimit:     1496840 kB
Committed_AS:   22088112 kB
VmallocTotal:     458752 kB
VmallocUsed:       87932 kB
VmallocChunk:     209948 kB
Time pass: 174 sec

---2015-12-04 21:02:09
MemTotal:        1420824 kB
MemFree:           51388 kB
Buffers:            7672 kB
Cached:           580984 kB
SwapCached:            0 kB
Active:           445196 kB
Inactive:         628792 kB
Active(anon):     238656 kB
Inactive(anon):   248332 kB
Active(file):     206540 kB
Inactive(file):   380460 kB
Unevictable:         292 kB
Mlocked:               0 kB
HighTotal:       1001472 kB
HighFree:           5112 kB
LowTotal:         419352 kB
LowFree:           46276 kB
SwapTotal:        786428 kB
SwapFree:         786428 kB
Dirty:                48 kB
Writeback:             0 kB
AnonPages:        485616 kB
Mapped:           209192 kB
Shmem:              1364 kB
Slab:              43196 kB
SReclaimable:      15100 kB
SUnreclaim:        28096 kB
KernelStack:        9944 kB
PageTables:        15860 kB
NFS_Unstable:          0 kB
Bounce:                0 kB
WritebackTmp:          0 kB
CommitLimit:     1496840 kB
Committed_AS:   22087784 kB
VmallocTotal:     458752 kB
VmallocUsed:       87900 kB
VmallocChunk:     209948 kB
Time pass: 177 sec

---2015-12-04 21:02:09
MemTotal:        1420824 kB
MemFree:           49940 kB
Buffers:            7696 kB
Cached:           580992 kB
SwapCached:            0 kB
Active:           446668 kB
Inactive:         628824 kB
Active(anon):     240128 kB
Inactive(anon):   248340 kB
Active(file):     206540 kB
Inactive(file):   380484 kB
Unevictable:         292 kB
Mlocked:               0 kB
HighTotal:       1001472 kB
HighFree:           5116 kB
LowTotal:         419352 kB
LowFree:           44824 kB
SwapTotal:        786428 kB
SwapFree:         786428 kB
Dirty:                36 kB
Writeback:             0 kB
AnonPages:        487300 kB
Mapped:           209248 kB
Shmem:              1372 kB
Slab:              43256 kB
SReclaimable:      15100 kB
SUnreclaim:        28156 kB
KernelStack:        9944 kB
PageTables:        15860 kB
NFS_Unstable:          0 kB
Bounce:                0 kB
WritebackTmp:          0 kB
CommitLimit:     1496840 kB
Committed_AS:   22089092 kB
VmallocTotal:     458752 kB
VmallocUsed:       87932 kB
VmallocChunk:     209948 kB
Time pass: 182 sec

---2015-12-04 21:02:09
MemTotal:        1420824 kB
MemFree:           51024 kB
Buffers:            7696 kB
Cached:           580992 kB
SwapCached:            0 kB
Active:           446484 kB
Inactive:         628824 kB
Active(anon):     239944 kB
Inactive(anon):   248340 kB
Active(file):     206540 kB
Inactive(file):   380484 kB
Unevictable:         292 kB
Mlocked:               0 kB
HighTotal:       1001472 kB
HighFree:           5088 kB
LowTotal:         419352 kB
LowFree:           45936 kB
SwapTotal:        786428 kB
SwapFree:         786428 kB
Dirty:                36 kB
Writeback:             0 kB
AnonPages:        486868 kB
Mapped:           209200 kB
Shmem:              1372 kB
Slab:              43220 kB
SReclaimable:      15100 kB
SUnreclaim:        28120 kB
KernelStack:        9944 kB
PageTables:        15860 kB
NFS_Unstable:          0 kB
Bounce:                0 kB
WritebackTmp:          0 kB
CommitLimit:     1496840 kB
Committed_AS:   22088904 kB
VmallocTotal:     458752 kB
VmallocUsed:       87900 kB
VmallocChunk:     209948 kB
Time pass: 186 sec

---2015-12-04 21:02:09
MemTotal:        1420824 kB
MemFree:           50184 kB
Buffers:            7720 kB
Cached:           580992 kB
SwapCached:            0 kB
Active:           446720 kB
Inactive:         628848 kB
Active(anon):     240180 kB
Inactive(anon):   248340 kB
Active(file):     206540 kB
Inactive(file):   380508 kB
Unevictable:         292 kB
Mlocked:               0 kB
HighTotal:       1001472 kB
HighFree:           5088 kB
LowTotal:         419352 kB
LowFree:           45096 kB
SwapTotal:        786428 kB
SwapFree:         786428 kB
Dirty:                44 kB
Writeback:             0 kB
AnonPages:        487352 kB
Mapped:           209288 kB
Shmem:              1372 kB
Slab:              43276 kB
SReclaimable:      15100 kB
SUnreclaim:        28176 kB
KernelStack:        9960 kB
PageTables:        15880 kB
NFS_Unstable:          0 kB
Bounce:                0 kB
WritebackTmp:          0 kB
CommitLimit:     1496840 kB
Committed_AS:   22088732 kB
VmallocTotal:     458752 kB
VmallocUsed:       87932 kB
VmallocChunk:     209948 kB
Time pass: 190 sec

---2015-12-04 21:02:09
MemTotal:        1420824 kB
MemFree:           50756 kB
Buffers:            7720 kB
Cached:           580992 kB
SwapCached:            0 kB
Active:           446116 kB
Inactive:         628848 kB
Active(anon):     239576 kB
Inactive(anon):   248340 kB
Active(file):     206540 kB
Inactive(file):   380508 kB
Unevictable:         292 kB
Mlocked:               0 kB
HighTotal:       1001472 kB
HighFree:           5088 kB
LowTotal:         419352 kB
LowFree:           45668 kB
SwapTotal:        786428 kB
SwapFree:         786428 kB
Dirty:                 0 kB
Writeback:             0 kB
AnonPages:        486564 kB
Mapped:           209240 kB
Shmem:              1372 kB
Slab:              43324 kB
SReclaimable:      15100 kB
SUnreclaim:        28224 kB
KernelStack:        9952 kB
PageTables:        15876 kB
NFS_Unstable:          0 kB
Bounce:                0 kB
WritebackTmp:          0 kB
CommitLimit:     1496840 kB
Committed_AS:   22087860 kB
VmallocTotal:     458752 kB
VmallocUsed:       87900 kB
VmallocChunk:     209948 kB
Time pass: 194 sec

---2015-12-04 21:02:09
MemTotal:        1420824 kB
MemFree:           49896 kB
Buffers:            7744 kB
Cached:           580992 kB
SwapCached:            0 kB
Active:           446416 kB
Inactive:         628872 kB
Active(anon):     239876 kB
Inactive(anon):   248340 kB
Active(file):     206540 kB
Inactive(file):   380532 kB
Unevictable:         292 kB
Mlocked:               0 kB
HighTotal:       1001472 kB
HighFree:           5088 kB
LowTotal:         419352 kB
LowFree:           44808 kB
SwapTotal:        786428 kB
SwapFree:         786428 kB
Dirty:                44 kB
Writeback:             0 kB
AnonPages:        486812 kB
Mapped:           209288 kB
Shmem:              1372 kB
Slab:              43436 kB
SReclaimable:      15100 kB
SUnreclaim:        28336 kB
KernelStack:        9952 kB
PageTables:        15876 kB
NFS_Unstable:          0 kB
Bounce:                0 kB
WritebackTmp:          0 kB
CommitLimit:     1496840 kB
Committed_AS:   22087592 kB
VmallocTotal:     458752 kB
VmallocUsed:       87932 kB
VmallocChunk:     209948 kB
Time pass: 198 sec

---2015-12-04 21:02:09
MemTotal:        1420824 kB
MemFree:           50240 kB
Buffers:            7752 kB
Cached:           580992 kB
SwapCached:            0 kB
Active:           446816 kB
Inactive:         628880 kB
Active(anon):     240276 kB
Inactive(anon):   248340 kB
Active(file):     206540 kB
Inactive(file):   380540 kB
Unevictable:         292 kB
Mlocked:               0 kB
HighTotal:       1001472 kB
HighFree:           5088 kB
LowTotal:         419352 kB
LowFree:           45152 kB
SwapTotal:        786428 kB
SwapFree:         786428 kB
Dirty:                32 kB
Writeback:             0 kB
AnonPages:        487304 kB
Mapped:           209208 kB
Shmem:              1372 kB
Slab:              43140 kB
SReclaimable:      15100 kB
SUnreclaim:        28040 kB
KernelStack:        9936 kB
PageTables:        15860 kB
NFS_Unstable:          0 kB
Bounce:                0 kB
WritebackTmp:          0 kB
CommitLimit:     1496840 kB
Committed_AS:   22088424 kB
VmallocTotal:     458752 kB
VmallocUsed:       87900 kB
VmallocChunk:     209948 kB
Time pass: 203 sec

---2015-12-04 21:02:09
MemTotal:        1420824 kB
MemFree:           51536 kB
Buffers:            7768 kB
Cached:           580992 kB
SwapCached:            0 kB
Active:           445036 kB
Inactive:         628896 kB
Active(anon):     238496 kB
Inactive(anon):   248340 kB
Active(file):     206540 kB
Inactive(file):   380556 kB
Unevictable:         292 kB
Mlocked:               0 kB
HighTotal:       1001472 kB
HighFree:           5276 kB
LowTotal:         419352 kB
LowFree:           46260 kB
SwapTotal:        786428 kB
SwapFree:         786428 kB
Dirty:                 0 kB
Writeback:             0 kB
AnonPages:        485552 kB
Mapped:           209208 kB
Shmem:              1372 kB
Slab:              43300 kB
SReclaimable:      15104 kB
SUnreclaim:        28196 kB
KernelStack:        9944 kB
PageTables:        15860 kB
NFS_Unstable:          0 kB
Bounce:                0 kB
WritebackTmp:          0 kB
CommitLimit:     1496840 kB
Committed_AS:   22088112 kB
VmallocTotal:     458752 kB
VmallocUsed:       87900 kB
VmallocChunk:     209948 kB
Time pass: 209 sec

---2015-12-04 21:02:09
MemTotal:        1420824 kB
MemFree:           51624 kB
Buffers:            7792 kB
Cached:           580996 kB
SwapCached:            0 kB
Active:           445804 kB
Inactive:         628904 kB
Active(anon):     239244 kB
Inactive(anon):   248340 kB
Active(file):     206560 kB
Inactive(file):   380564 kB
Unevictable:         292 kB
Mlocked:               0 kB
HighTotal:       1001472 kB
HighFree:           5084 kB
LowTotal:         419352 kB
LowFree:           46540 kB
SwapTotal:        786428 kB
SwapFree:         786428 kB
Dirty:                36 kB
Writeback:             0 kB
AnonPages:        486320 kB
Mapped:           209208 kB
Shmem:              1372 kB
Slab:              43308 kB
SReclaimable:      15104 kB
SUnreclaim:        28204 kB
KernelStack:        9928 kB
PageTables:        15860 kB
NFS_Unstable:          0 kB
Bounce:                0 kB
WritebackTmp:          0 kB
CommitLimit:     1496840 kB
Committed_AS:   22087880 kB
VmallocTotal:     458752 kB
VmallocUsed:       87900 kB
VmallocChunk:     209948 kB
Time pass: 215 sec

---2015-12-04 21:02:09
MemTotal:        1420824 kB
MemFree:           50016 kB
Buffers:            7800 kB
Cached:           580996 kB
SwapCached:            0 kB
Active:           446496 kB
Inactive:         628900 kB
Active(anon):     239936 kB
Inactive(anon):   248328 kB
Active(file):     206560 kB
Inactive(file):   380572 kB
Unevictable:         292 kB
Mlocked:               0 kB
HighTotal:       1001472 kB
HighFree:           5088 kB
LowTotal:         419352 kB
LowFree:           44928 kB
SwapTotal:        786428 kB
SwapFree:         786428 kB
Dirty:                36 kB
Writeback:             0 kB
AnonPages:        486900 kB
Mapped:           209248 kB
Shmem:              1372 kB
Slab:              43384 kB
SReclaimable:      15108 kB
SUnreclaim:        28276 kB
KernelStack:        9944 kB
PageTables:        15876 kB
NFS_Unstable:          0 kB
Bounce:                0 kB
WritebackTmp:          0 kB
CommitLimit:     1496840 kB
Committed_AS:   22088700 kB
VmallocTotal:     458752 kB
VmallocUsed:       87900 kB
VmallocChunk:     209948 kB
Time pass: 218 sec

---2015-12-04 21:02:09
MemTotal:        1420824 kB
MemFree:           50696 kB
Buffers:            7816 kB
Cached:           580996 kB
SwapCached:            0 kB
Active:           446316 kB
Inactive:         628916 kB
Active(anon):     239756 kB
Inactive(anon):   248328 kB
Active(file):     206560 kB
Inactive(file):   380588 kB
Unevictable:         292 kB
Mlocked:               0 kB
HighTotal:       1001472 kB
HighFree:           5088 kB
LowTotal:         419352 kB
LowFree:           45608 kB
SwapTotal:        786428 kB
SwapFree:         786428 kB
Dirty:                40 kB
Writeback:             0 kB
AnonPages:        486828 kB
Mapped:           209208 kB
Shmem:              1372 kB
Slab:              43264 kB
SReclaimable:      15104 kB
SUnreclaim:        28160 kB
KernelStack:        9936 kB
PageTables:        15860 kB
NFS_Unstable:          0 kB
Bounce:                0 kB
WritebackTmp:          0 kB
CommitLimit:     1496840 kB
Committed_AS:   22088332 kB
VmallocTotal:     458752 kB
VmallocUsed:       87900 kB
VmallocChunk:     209948 kB
Time pass: 222 sec

---2015-12-04 21:02:09
MemTotal:        1420824 kB
MemFree:           50580 kB
Buffers:            7824 kB
Cached:           580996 kB
SwapCached:            0 kB
Active:           446100 kB
Inactive:         628924 kB
Active(anon):     239540 kB
Inactive(anon):   248328 kB
Active(file):     206560 kB
Inactive(file):   380596 kB
Unevictable:         292 kB
Mlocked:               0 kB
HighTotal:       1001472 kB
HighFree:           5116 kB
LowTotal:         419352 kB
LowFree:           45464 kB
SwapTotal:        786428 kB
SwapFree:         786428 kB
Dirty:                28 kB
Writeback:             0 kB
AnonPages:        486532 kB
Mapped:           209208 kB
Shmem:              1372 kB
Slab:              43288 kB
SReclaimable:      15104 kB
SUnreclaim:        28184 kB
KernelStack:        9936 kB
PageTables:        15856 kB
NFS_Unstable:          0 kB
Bounce:                0 kB
WritebackTmp:          0 kB
CommitLimit:     1496840 kB
Committed_AS:   22087992 kB
VmallocTotal:     458752 kB
VmallocUsed:       87900 kB
VmallocChunk:     209948 kB
Time pass: 227 sec

---2015-12-04 21:02:09
MemTotal:        1420824 kB
MemFree:           49956 kB
Buffers:            7964 kB
Cached:           580948 kB
SwapCached:            0 kB
Active:           446832 kB
Inactive:         629044 kB
Active(anon):     240272 kB
Inactive(anon):   248328 kB
Active(file):     206560 kB
Inactive(file):   380716 kB
Unevictable:         292 kB
Mlocked:               0 kB
HighTotal:       1001472 kB
HighFree:           5028 kB
LowTotal:         419352 kB
LowFree:           44928 kB
SwapTotal:        786428 kB
SwapFree:         786428 kB
Dirty:                 0 kB
Writeback:             0 kB
AnonPages:        487224 kB
Mapped:           209208 kB
Shmem:              1372 kB
Slab:              43268 kB
SReclaimable:      15104 kB
SUnreclaim:        28164 kB
KernelStack:        9936 kB
PageTables:        15860 kB
NFS_Unstable:          0 kB
Bounce:                0 kB
WritebackTmp:          0 kB
CommitLimit:     1496840 kB
Committed_AS:   22088200 kB
VmallocTotal:     458752 kB
VmallocUsed:       87900 kB
VmallocChunk:     209948 kB
Time pass: 231 sec

---2015-12-04 21:02:09
MemTotal:        1420824 kB
MemFree:           49624 kB
Buffers:            7964 kB
Cached:           580996 kB
SwapCached:            0 kB
Active:           447196 kB
Inactive:         629064 kB
Active(anon):     240636 kB
Inactive(anon):   248328 kB
Active(file):     206560 kB
Inactive(file):   380736 kB
Unevictable:         292 kB
Mlocked:               0 kB
HighTotal:       1001472 kB
HighFree:           5028 kB
LowTotal:         419352 kB
LowFree:           44596 kB
SwapTotal:        786428 kB
SwapFree:         786428 kB
Dirty:                 0 kB
Writeback:            12 kB
AnonPages:        487628 kB
Mapped:           209248 kB
Shmem:              1372 kB
Slab:              43284 kB
SReclaimable:      15104 kB
SUnreclaim:        28180 kB
KernelStack:        9960 kB
PageTables:        15876 kB
NFS_Unstable:          0 kB
Bounce:                0 kB
WritebackTmp:          0 kB
CommitLimit:     1496840 kB
Committed_AS:   22088240 kB
VmallocTotal:     458752 kB
VmallocUsed:       87900 kB
VmallocChunk:     209948 kB
Time pass: 236 sec

---2015-12-04 21:02:09
MemTotal:        1420824 kB
MemFree:           48620 kB
Buffers:            7988 kB
Cached:           580996 kB
SwapCached:            0 kB
Active:           447524 kB
Inactive:         629088 kB
Active(anon):     240964 kB
Inactive(anon):   248328 kB
Active(file):     206560 kB
Inactive(file):   380760 kB
Unevictable:         292 kB
Mlocked:               0 kB
HighTotal:       1001472 kB
HighFree:           5028 kB
LowTotal:         419352 kB
LowFree:           43592 kB
SwapTotal:        786428 kB
SwapFree:         786428 kB
Dirty:                56 kB
Writeback:             0 kB
AnonPages:        487960 kB
Mapped:           209296 kB
Shmem:              1372 kB
Slab:              43396 kB
SReclaimable:      15120 kB
SUnreclaim:        28276 kB
KernelStack:        9952 kB
PageTables:        15872 kB
NFS_Unstable:          0 kB
Bounce:                0 kB
WritebackTmp:          0 kB
CommitLimit:     1496840 kB
Committed_AS:   22088076 kB
VmallocTotal:     458752 kB
VmallocUsed:       87932 kB
VmallocChunk:     209948 kB
Time pass: 239 sec

---2015-12-04 21:02:09
MemTotal:        1420824 kB
MemFree:           50236 kB
Buffers:            7996 kB
Cached:           580996 kB
SwapCached:            0 kB
Active:           446304 kB
Inactive:         629096 kB
Active(anon):     239744 kB
Inactive(anon):   248328 kB
Active(file):     206560 kB
Inactive(file):   380768 kB
Unevictable:         292 kB
Mlocked:               0 kB
HighTotal:       1001472 kB
HighFree:           5028 kB
LowTotal:         419352 kB
LowFree:           45208 kB
SwapTotal:        786428 kB
SwapFree:         786428 kB
Dirty:                28 kB
Writeback:             0 kB
AnonPages:        486728 kB
Mapped:           209216 kB
Shmem:              1372 kB
Slab:              43260 kB
SReclaimable:      15120 kB
SUnreclaim:        28140 kB
KernelStack:        9952 kB
PageTables:        15840 kB
NFS_Unstable:          0 kB
Bounce:                0 kB
WritebackTmp:          0 kB
CommitLimit:     1496840 kB
Committed_AS:   22088128 kB
VmallocTotal:     458752 kB
VmallocUsed:       87900 kB
VmallocChunk:     209948 kB
Time pass: 243 sec

---2015-12-04 21:02:09
MemTotal:        1420824 kB
MemFree:           50128 kB
Buffers:            8012 kB
Cached:           580996 kB
SwapCached:            0 kB
Active:           446340 kB
Inactive:         629112 kB
Active(anon):     239780 kB
Inactive(anon):   248328 kB
Active(file):     206560 kB
Inactive(file):   380784 kB
Unevictable:         292 kB
Mlocked:               0 kB
HighTotal:       1001472 kB
HighFree:           5028 kB
LowTotal:         419352 kB
LowFree:           45100 kB
SwapTotal:        786428 kB
SwapFree:         786428 kB
Dirty:                44 kB
Writeback:             0 kB
AnonPages:        486700 kB
Mapped:           209248 kB
Shmem:              1372 kB
Slab:              43368 kB
SReclaimable:      15120 kB
SUnreclaim:        28248 kB
KernelStack:        9960 kB
PageTables:        15876 kB
NFS_Unstable:          0 kB
Bounce:                0 kB
WritebackTmp:          0 kB
CommitLimit:     1496840 kB
Committed_AS:   22087988 kB
VmallocTotal:     458752 kB
VmallocUsed:       87900 kB
VmallocChunk:     209948 kB
Time pass: 247 sec

---2015-12-04 21:02:09
MemTotal:        1420824 kB
MemFree:           49652 kB
Buffers:            8012 kB
Cached:           581032 kB
SwapCached:            0 kB
Active:           447020 kB
Inactive:         629148 kB
Active(anon):     240460 kB
Inactive(anon):   248364 kB
Active(file):     206560 kB
Inactive(file):   380784 kB
Unevictable:         292 kB
Mlocked:               0 kB
HighTotal:       1001472 kB
HighFree:           5028 kB
LowTotal:         419352 kB
LowFree:           44624 kB
SwapTotal:        786428 kB
SwapFree:         786428 kB
Dirty:                 4 kB
Writeback:             0 kB
AnonPages:        487512 kB
Mapped:           209244 kB
Shmem:              1408 kB
Slab:              43260 kB
SReclaimable:      15120 kB
SUnreclaim:        28140 kB
KernelStack:        9944 kB
PageTables:        15860 kB
NFS_Unstable:          0 kB
Bounce:                0 kB
WritebackTmp:          0 kB
CommitLimit:     1496840 kB
Committed_AS:   22088868 kB
VmallocTotal:     458752 kB
VmallocUsed:       87900 kB
VmallocChunk:     209948 kB
Time pass: 250 sec

---2015-12-04 21:02:09
MemTotal:        1420824 kB
MemFree:           49572 kB
Buffers:            8028 kB
Cached:           581024 kB
SwapCached:            0 kB
Active:           446512 kB
Inactive:         629156 kB
Active(anon):     239952 kB
Inactive(anon):   248364 kB
Active(file):     206560 kB
Inactive(file):   380792 kB
Unevictable:         292 kB
Mlocked:               0 kB
HighTotal:       1001472 kB
HighFree:           5200 kB
LowTotal:         419352 kB
LowFree:           44372 kB
SwapTotal:        786428 kB
SwapFree:         786428 kB
Dirty:                28 kB
Writeback:             0 kB
AnonPages:        486848 kB
Mapped:           209332 kB
Shmem:              1408 kB
Slab:              43456 kB
SReclaimable:      15120 kB
SUnreclaim:        28336 kB
KernelStack:        9944 kB
PageTables:        15876 kB
NFS_Unstable:          0 kB
Bounce:                0 kB
WritebackTmp:          0 kB
CommitLimit:     1496840 kB
Committed_AS:   22088116 kB
VmallocTotal:     458752 kB
VmallocUsed:       87932 kB
VmallocChunk:     209948 kB
Time pass: 254 sec

---2015-12-04 21:02:09
MemTotal:        1420824 kB
MemFree:           48636 kB
Buffers:            8036 kB
Cached:           581032 kB
SwapCached:            0 kB
Active:           447844 kB
Inactive:         629172 kB
Active(anon):     241284 kB
Inactive(anon):   248364 kB
Active(file):     206560 kB
Inactive(file):   380808 kB
Unevictable:         292 kB
Mlocked:               0 kB
HighTotal:       1001472 kB
HighFree:           5064 kB
LowTotal:         419352 kB
LowFree:           43572 kB
SwapTotal:        786428 kB
SwapFree:         786428 kB
Dirty:                 0 kB
Writeback:             0 kB
AnonPages:        488228 kB
Mapped:           209292 kB
Shmem:              1408 kB
Slab:              43384 kB
SReclaimable:      15120 kB
SUnreclaim:        28264 kB
KernelStack:        9944 kB
PageTables:        15860 kB
NFS_Unstable:          0 kB
Bounce:                0 kB
WritebackTmp:          0 kB
CommitLimit:     1496840 kB
Committed_AS:   22089396 kB
VmallocTotal:     458752 kB
VmallocUsed:       87932 kB
VmallocChunk:     209948 kB
Time pass: 259 sec

---2015-12-04 21:02:09
MemTotal:        1420824 kB
MemFree:           49816 kB
Buffers:            8044 kB
Cached:           581140 kB
SwapCached:            0 kB
Active:           446908 kB
Inactive:         629288 kB
Active(anon):     240348 kB
Inactive(anon):   248472 kB
Active(file):     206560 kB
Inactive(file):   380816 kB
Unevictable:         292 kB
Mlocked:               0 kB
HighTotal:       1001472 kB
HighFree:           5064 kB
LowTotal:         419352 kB
LowFree:           44752 kB
SwapTotal:        786428 kB
SwapFree:         786428 kB
Dirty:                32 kB
Writeback:             0 kB
AnonPages:        487332 kB
Mapped:           209392 kB
Shmem:              1516 kB
Slab:              43284 kB
SReclaimable:      15128 kB
SUnreclaim:        28156 kB
KernelStack:        9960 kB
PageTables:        15880 kB
NFS_Unstable:          0 kB
Bounce:                0 kB
WritebackTmp:          0 kB
CommitLimit:     1496840 kB
Committed_AS:   22088288 kB
VmallocTotal:     458752 kB
VmallocUsed:       87900 kB
VmallocChunk:     209948 kB
Time pass: 263 sec

---2015-12-04 21:02:09
MemTotal:        1420824 kB
MemFree:           49592 kB
Buffers:            8060 kB
Cached:           581140 kB
SwapCached:            0 kB
Active:           447284 kB
Inactive:         629304 kB
Active(anon):     240724 kB
Inactive(anon):   248472 kB
Active(file):     206560 kB
Inactive(file):   380832 kB
Unevictable:         292 kB
Mlocked:               0 kB
HighTotal:       1001472 kB
HighFree:           5064 kB
LowTotal:         419352 kB
LowFree:           44528 kB
SwapTotal:        786428 kB
SwapFree:         786428 kB
Dirty:                40 kB
Writeback:             0 kB
AnonPages:        487664 kB
Mapped:           209392 kB
Shmem:              1516 kB
Slab:              43428 kB
SReclaimable:      15128 kB
SUnreclaim:        28300 kB
KernelStack:        9960 kB
PageTables:        15880 kB
NFS_Unstable:          0 kB
Bounce:                0 kB
WritebackTmp:          0 kB
CommitLimit:     1496840 kB
Committed_AS:   22088240 kB
VmallocTotal:     458752 kB
VmallocUsed:       87900 kB
VmallocChunk:     209948 kB
Time pass: 266 sec

---2015-12-04 21:02:09
MemTotal:        1420824 kB
MemFree:           49056 kB
Buffers:            8068 kB
Cached:           581140 kB
SwapCached:            0 kB
Active:           448044 kB
Inactive:         629312 kB
Active(anon):     241484 kB
Inactive(anon):   248472 kB
Active(file):     206560 kB
Inactive(file):   380840 kB
Unevictable:         292 kB
Mlocked:               0 kB
HighTotal:       1001472 kB
HighFree:           5064 kB
LowTotal:         419352 kB
LowFree:           43992 kB
SwapTotal:        786428 kB
SwapFree:         786428 kB
Dirty:                28 kB
Writeback:             0 kB
AnonPages:        488560 kB
Mapped:           209352 kB
Shmem:              1516 kB
Slab:              43216 kB
SReclaimable:      15128 kB
SUnreclaim:        28088 kB
KernelStack:        9944 kB
PageTables:        15864 kB
NFS_Unstable:          0 kB
Bounce:                0 kB
WritebackTmp:          0 kB
CommitLimit:     1496840 kB
Committed_AS:   22089116 kB
VmallocTotal:     458752 kB
VmallocUsed:       87900 kB
VmallocChunk:     209948 kB
Time pass: 270 sec

---2015-12-04 21:02:09
MemTotal:        1420824 kB
MemFree:           47568 kB
Buffers:            8084 kB
Cached:           581164 kB
SwapCached:            0 kB
Active:           448488 kB
Inactive:         629352 kB
Active(anon):     241928 kB
Inactive(anon):   248496 kB
Active(file):     206560 kB
Inactive(file):   380856 kB
Unevictable:         292 kB
Mlocked:               0 kB
HighTotal:       1001472 kB
HighFree:           5068 kB
LowTotal:         419352 kB
LowFree:           42500 kB
SwapTotal:        786428 kB
SwapFree:         786428 kB
Dirty:                36 kB
Writeback:             0 kB
AnonPages:        488984 kB
Mapped:           209416 kB
Shmem:              1540 kB
Slab:              43424 kB
SReclaimable:      15128 kB
SUnreclaim:        28296 kB
KernelStack:        9960 kB
PageTables:        15880 kB
NFS_Unstable:          0 kB
Bounce:                0 kB
WritebackTmp:          0 kB
CommitLimit:     1496840 kB
Committed_AS:   22089108 kB
VmallocTotal:     458752 kB
VmallocUsed:       87900 kB
VmallocChunk:     209948 kB
Time pass: 274 sec

---2015-12-04 21:02:09
MemTotal:        1420824 kB
MemFree:           48668 kB
Buffers:            8092 kB
Cached:           581164 kB
SwapCached:            0 kB
Active:           446620 kB
Inactive:         629352 kB
Active(anon):     240060 kB
Inactive(anon):   248496 kB
Active(file):     206560 kB
Inactive(file):   380856 kB
Unevictable:         292 kB
Mlocked:               0 kB
HighTotal:       1001472 kB
HighFree:           5068 kB
LowTotal:         419352 kB
LowFree:           43600 kB
SwapTotal:        786428 kB
SwapFree:         786428 kB
Dirty:                28 kB
Writeback:             0 kB
AnonPages:        487012 kB
Mapped:           209436 kB
Shmem:              1540 kB
Slab:              43340 kB
SReclaimable:      15128 kB
SUnreclaim:        28212 kB
KernelStack:        9952 kB
PageTables:        15872 kB
NFS_Unstable:          0 kB
Bounce:                0 kB
WritebackTmp:          0 kB
CommitLimit:     1496840 kB
Committed_AS:   22088204 kB
VmallocTotal:     458752 kB
VmallocUsed:       87932 kB
VmallocChunk:     209948 kB
Time pass: 278 sec

---2015-12-04 21:02:09
MemTotal:        1420824 kB
MemFree:           48892 kB
Buffers:            8108 kB
Cached:           581164 kB
SwapCached:            0 kB
Active:           447224 kB
Inactive:         629376 kB
Active(anon):     240664 kB
Inactive(anon):   248496 kB
Active(file):     206560 kB
Inactive(file):   380880 kB
Unevictable:         292 kB
Mlocked:               0 kB
HighTotal:       1001472 kB
HighFree:           5024 kB
LowTotal:         419352 kB
LowFree:           43868 kB
SwapTotal:        786428 kB
SwapFree:         786428 kB
Dirty:                40 kB
Writeback:             0 kB
AnonPages:        487728 kB
Mapped:           209316 kB
Shmem:              1540 kB
Slab:              43428 kB
SReclaimable:      15128 kB
SUnreclaim:        28300 kB
KernelStack:        9960 kB
PageTables:        15876 kB
NFS_Unstable:          0 kB
Bounce:                0 kB
WritebackTmp:          0 kB
CommitLimit:     1496840 kB
Committed_AS:   22088972 kB
VmallocTotal:     458752 kB
VmallocUsed:       87932 kB
VmallocChunk:     209948 kB
Time pass: 282 sec

---2015-12-04 21:02:09
MemTotal:        1420824 kB
MemFree:           48812 kB
Buffers:            8108 kB
Cached:           581164 kB
SwapCached:            0 kB
Active:           447488 kB
Inactive:         629376 kB
Active(anon):     240928 kB
Inactive(anon):   248496 kB
Active(file):     206560 kB
Inactive(file):   380880 kB
Unevictable:         292 kB
Mlocked:               0 kB
HighTotal:       1001472 kB
HighFree:           5052 kB
LowTotal:         419352 kB
LowFree:           43760 kB
SwapTotal:        786428 kB
SwapFree:         786428 kB
Dirty:                 0 kB
Writeback:             0 kB
AnonPages:        487928 kB
Mapped:           209424 kB
Shmem:              1540 kB
Slab:              43420 kB
SReclaimable:      15128 kB
SUnreclaim:        28292 kB
KernelStack:        9944 kB
PageTables:        15864 kB
NFS_Unstable:          0 kB
Bounce:                0 kB
WritebackTmp:          0 kB
CommitLimit:     1496840 kB
Committed_AS:   22089204 kB
VmallocTotal:     458752 kB
VmallocUsed:       87932 kB
VmallocChunk:     209948 kB
Time pass: 287 sec

---2015-12-04 21:02:09
MemTotal:        1420824 kB
MemFree:           48776 kB
Buffers:            8132 kB
Cached:           581164 kB
SwapCached:            0 kB
Active:           447064 kB
Inactive:         629400 kB
Active(anon):     240504 kB
Inactive(anon):   248496 kB
Active(file):     206560 kB
Inactive(file):   380904 kB
Unevictable:         292 kB
Mlocked:               0 kB
HighTotal:       1001472 kB
HighFree:           5056 kB
LowTotal:         419352 kB
LowFree:           43720 kB
SwapTotal:        786428 kB
SwapFree:         786428 kB
Dirty:                40 kB
Writeback:             0 kB
AnonPages:        487428 kB
Mapped:           209376 kB
Shmem:              1540 kB
Slab:              43312 kB
SReclaimable:      15128 kB
SUnreclaim:        28184 kB
KernelStack:        9944 kB
PageTables:        15864 kB
NFS_Unstable:          0 kB
Bounce:                0 kB
WritebackTmp:          0 kB
CommitLimit:     1496840 kB
Committed_AS:   22088480 kB
VmallocTotal:     458752 kB
VmallocUsed:       87900 kB
VmallocChunk:     209948 kB
Time pass: 291 sec

---2015-12-04 21:02:09
MemTotal:        1420824 kB
MemFree:           47832 kB
Buffers:            8132 kB
Cached:           581164 kB
SwapCached:            0 kB
Active:           447836 kB
Inactive:         629400 kB
Active(anon):     241276 kB
Inactive(anon):   248496 kB
Active(file):     206560 kB
Inactive(file):   380904 kB
Unevictable:         292 kB
Mlocked:               0 kB
HighTotal:       1001472 kB
HighFree:           5056 kB
LowTotal:         419352 kB
LowFree:           42776 kB
SwapTotal:        786428 kB
SwapFree:         786428 kB
Dirty:                 0 kB
Writeback:             0 kB
AnonPages:        488236 kB
Mapped:           209424 kB
Shmem:              1540 kB
Slab:              43540 kB
SReclaimable:      15128 kB
SUnreclaim:        28412 kB
KernelStack:        9936 kB
PageTables:        15864 kB
NFS_Unstable:          0 kB
Bounce:                0 kB
WritebackTmp:          0 kB
CommitLimit:     1496840 kB
Committed_AS:   22089296 kB
VmallocTotal:     458752 kB
VmallocUsed:       87932 kB
VmallocChunk:     209948 kB
Time pass: 295 sec

---2015-12-04 21:02:09
MemTotal:        1420824 kB
MemFree:           48316 kB
Buffers:            8156 kB
Cached:           581164 kB
SwapCached:            0 kB
Active:           448108 kB
Inactive:         629424 kB
Active(anon):     241548 kB
Inactive(anon):   248496 kB
Active(file):     206560 kB
Inactive(file):   380928 kB
Unevictable:         292 kB
Mlocked:               0 kB
HighTotal:       1001472 kB
HighFree:           5056 kB
LowTotal:         419352 kB
LowFree:           43260 kB
SwapTotal:        786428 kB
SwapFree:         786428 kB
Dirty:                44 kB
Writeback:             0 kB
AnonPages:        488524 kB
Mapped:           209376 kB
Shmem:              1540 kB
Slab:              43324 kB
SReclaimable:      15128 kB
SUnreclaim:        28196 kB
KernelStack:        9960 kB
PageTables:        15864 kB
NFS_Unstable:          0 kB
Bounce:                0 kB
WritebackTmp:          0 kB
CommitLimit:     1496840 kB
Committed_AS:   22089236 kB
VmallocTotal:     458752 kB
VmallocUsed:       87900 kB
VmallocChunk:     209948 kB
Time pass: 298 sec

---2015-12-04 21:02:09
MemTotal:        1420824 kB
MemFree:           47912 kB
Buffers:            8156 kB
Cached:           581164 kB
SwapCached:            0 kB
Active:           448204 kB
Inactive:         629424 kB
Active(anon):     241644 kB
Inactive(anon):   248496 kB
Active(file):     206560 kB
Inactive(file):   380928 kB
Unevictable:         292 kB
Mlocked:               0 kB
HighTotal:       1001472 kB
HighFree:           5208 kB
LowTotal:         419352 kB
LowFree:           42704 kB
SwapTotal:        786428 kB
SwapFree:         786428 kB
Dirty:                 0 kB
Writeback:             0 kB
AnonPages:        488672 kB
Mapped:           209376 kB
Shmem:              1540 kB
Slab:              43428 kB
SReclaimable:      15128 kB
SUnreclaim:        28300 kB
KernelStack:        9944 kB
PageTables:        15864 kB
NFS_Unstable:          0 kB
Bounce:                0 kB
WritebackTmp:          0 kB
CommitLimit:     1496840 kB
Committed_AS:   22089436 kB
VmallocTotal:     458752 kB
VmallocUsed:       87900 kB
VmallocChunk:     209948 kB
Time pass: 302 sec

---2015-12-04 21:02:09
MemTotal:        1420824 kB
MemFree:           48232 kB
Buffers:            8180 kB
Cached:           581148 kB
SwapCached:            0 kB
Active:           447812 kB
Inactive:         629424 kB
Active(anon):     241244 kB
Inactive(anon):   248496 kB
Active(file):     206568 kB
Inactive(file):   380928 kB
Unevictable:         292 kB
Mlocked:               0 kB
HighTotal:       1001472 kB
HighFree:           5088 kB
LowTotal:         419352 kB
LowFree:           43144 kB
SwapTotal:        786428 kB
SwapFree:         786428 kB
Dirty:                28 kB
Writeback:             0 kB
AnonPages:        488220 kB
Mapped:           209416 kB
Shmem:              1540 kB
Slab:              43404 kB
SReclaimable:      15128 kB
SUnreclaim:        28276 kB
KernelStack:        9960 kB
PageTables:        15880 kB
NFS_Unstable:          0 kB
Bounce:                0 kB
WritebackTmp:          0 kB
CommitLimit:     1496840 kB
Committed_AS:   22088448 kB
VmallocTotal:     458752 kB
VmallocUsed:       87900 kB
VmallocChunk:     209948 kB
Time pass: 306 sec

---2015-12-04 21:02:09
MemTotal:        1420824 kB
MemFree:           47948 kB
Buffers:            8180 kB
Cached:           581164 kB
SwapCached:            0 kB
Active:           448368 kB
Inactive:         629448 kB
Active(anon):     241808 kB
Inactive(anon):   248496 kB
Active(file):     206560 kB
Inactive(file):   380952 kB
Unevictable:         292 kB
Mlocked:               0 kB
HighTotal:       1001472 kB
HighFree:           5088 kB
LowTotal:         419352 kB
LowFree:           42860 kB
SwapTotal:        786428 kB
SwapFree:         786428 kB
Dirty:                 0 kB
Writeback:             0 kB
AnonPages:        488888 kB
Mapped:           209416 kB
Shmem:              1540 kB
Slab:              43396 kB
SReclaimable:      15128 kB
SUnreclaim:        28268 kB
KernelStack:        9960 kB
PageTables:        15880 kB
NFS_Unstable:          0 kB
Bounce:                0 kB
WritebackTmp:          0 kB
CommitLimit:     1496840 kB
Committed_AS:   22089104 kB
VmallocTotal:     458752 kB
VmallocUsed:       87900 kB
VmallocChunk:     209948 kB
Time pass: 310 sec

---2015-12-04 21:02:09
MemTotal:        1420824 kB
MemFree:           47832 kB
Buffers:            8188 kB
Cached:           581164 kB
SwapCached:            0 kB
Active:           447952 kB
Inactive:         629456 kB
Active(anon):     241392 kB
Inactive(anon):   248496 kB
Active(file):     206560 kB
Inactive(file):   380960 kB
Unevictable:         292 kB
Mlocked:               0 kB
HighTotal:       1001472 kB
HighFree:           5088 kB
LowTotal:         419352 kB
LowFree:           42744 kB
SwapTotal:        786428 kB
SwapFree:         786428 kB
Dirty:                28 kB
Writeback:             0 kB
AnonPages:        488320 kB
Mapped:           209376 kB
Shmem:              1540 kB
Slab:              43384 kB
SReclaimable:      15128 kB
SUnreclaim:        28256 kB
KernelStack:        9944 kB
PageTables:        15864 kB
NFS_Unstable:          0 kB
Bounce:                0 kB
WritebackTmp:          0 kB
CommitLimit:     1496840 kB
Committed_AS:   22088308 kB
VmallocTotal:     458752 kB
VmallocUsed:       87900 kB
VmallocChunk:     209948 kB
Time pass: 314 sec

---2015-12-04 21:02:09
MemTotal:        1420824 kB
MemFree:           46740 kB
Buffers:            8204 kB
Cached:           581164 kB
SwapCached:            0 kB
Active:           448908 kB
Inactive:         629472 kB
Active(anon):     242348 kB
Inactive(anon):   248496 kB
Active(file):     206560 kB
Inactive(file):   380976 kB
Unevictable:         292 kB
Mlocked:               0 kB
HighTotal:       1001472 kB
HighFree:           5088 kB
LowTotal:         419352 kB
LowFree:           41652 kB
SwapTotal:        786428 kB
SwapFree:         786428 kB
Dirty:                 0 kB
Writeback:             0 kB
AnonPages:        489460 kB
Mapped:           209316 kB
Shmem:              1540 kB
Slab:              43420 kB
SReclaimable:      15128 kB
SUnreclaim:        28292 kB
KernelStack:        9960 kB
PageTables:        15880 kB
NFS_Unstable:          0 kB
Bounce:                0 kB
WritebackTmp:          0 kB
CommitLimit:     1496840 kB
Committed_AS:   22089444 kB
VmallocTotal:     458752 kB
VmallocUsed:       87932 kB
VmallocChunk:     209948 kB
Time pass: 318 sec

---2015-12-04 21:02:09
MemTotal:        1420824 kB
MemFree:           47412 kB
Buffers:            8212 kB
Cached:           581164 kB
SwapCached:            0 kB
Active:           447256 kB
Inactive:         629480 kB
Active(anon):     240696 kB
Inactive(anon):   248496 kB
Active(file):     206560 kB
Inactive(file):   380984 kB
Unevictable:         292 kB
Mlocked:               0 kB
HighTotal:       1001472 kB
HighFree:           5088 kB
LowTotal:         419352 kB
LowFree:           42324 kB
SwapTotal:        786428 kB
SwapFree:         786428 kB
Dirty:                 0 kB
Writeback:             0 kB
AnonPages:        487776 kB
Mapped:           209424 kB
Shmem:              1540 kB
Slab:              43444 kB
SReclaimable:      15128 kB
SUnreclaim:        28316 kB
KernelStack:        9960 kB
PageTables:        15864 kB
NFS_Unstable:          0 kB
Bounce:                0 kB
WritebackTmp:          0 kB
CommitLimit:     1496840 kB
Committed_AS:   22088956 kB
VmallocTotal:     458752 kB
VmallocUsed:       87932 kB
VmallocChunk:     209948 kB
Time pass: 323 sec

---2015-12-04 21:02:09
MemTotal:        1420824 kB
MemFree:           47688 kB
Buffers:            8228 kB
Cached:           581164 kB
SwapCached:            0 kB
Active:           448088 kB
Inactive:         629496 kB
Active(anon):     241528 kB
Inactive(anon):   248496 kB
Active(file):     206560 kB
Inactive(file):   381000 kB
Unevictable:         292 kB
Mlocked:               0 kB
HighTotal:       1001472 kB
HighFree:           5088 kB
LowTotal:         419352 kB
LowFree:           42600 kB
SwapTotal:        786428 kB
SwapFree:         786428 kB
Dirty:                36 kB
Writeback:             0 kB
AnonPages:        488428 kB
Mapped:           209464 kB
Shmem:              1540 kB
Slab:              43408 kB
SReclaimable:      15128 kB
SUnreclaim:        28280 kB
KernelStack:        9960 kB
PageTables:        15880 kB
NFS_Unstable:          0 kB
Bounce:                0 kB
WritebackTmp:          0 kB
CommitLimit:     1496840 kB
Committed_AS:   22089384 kB
VmallocTotal:     458752 kB
VmallocUsed:       87932 kB
VmallocChunk:     209948 kB
Time pass: 327 sec

---2015-12-04 21:02:09
MemTotal:        1420824 kB
MemFree:           47008 kB
Buffers:            8236 kB
Cached:           581156 kB
SwapCached:            0 kB
Active:           448100 kB
Inactive:         629496 kB
Active(anon):     241540 kB
Inactive(anon):   248496 kB
Active(file):     206560 kB
Inactive(file):   381000 kB
Unevictable:         292 kB
Mlocked:               0 kB
HighTotal:       1001472 kB
HighFree:           5088 kB
LowTotal:         419352 kB
LowFree:           41920 kB
SwapTotal:        786428 kB
SwapFree:         786428 kB
Dirty:                 0 kB
Writeback:             0 kB
AnonPages:        488636 kB
Mapped:           209464 kB
Shmem:              1540 kB
Slab:              43588 kB
SReclaimable:      15128 kB
SUnreclaim:        28460 kB
KernelStack:        9960 kB
PageTables:        15880 kB
NFS_Unstable:          0 kB
Bounce:                0 kB
WritebackTmp:          0 kB
CommitLimit:     1496840 kB
Committed_AS:   22089364 kB
VmallocTotal:     458752 kB
VmallocUsed:       87932 kB
VmallocChunk:     209948 kB
Time pass: 331 sec

---2015-12-04 21:02:09
MemTotal:        1420824 kB
MemFree:           47420 kB
Buffers:            8252 kB
Cached:           581164 kB
SwapCached:            0 kB
Active:           448696 kB
Inactive:         629516 kB
Active(anon):     242136 kB
Inactive(anon):   248492 kB
Active(file):     206560 kB
Inactive(file):   381024 kB
Unevictable:         292 kB
Mlocked:               0 kB
HighTotal:       1001472 kB
HighFree:           5188 kB
LowTotal:         419352 kB
LowFree:           42232 kB
SwapTotal:        786428 kB
SwapFree:         786428 kB
Dirty:                52 kB
Writeback:             0 kB
AnonPages:        489148 kB
Mapped:           209376 kB
Shmem:              1540 kB
Slab:              43508 kB
SReclaimable:      15128 kB
SUnreclaim:        28380 kB
KernelStack:        9952 kB
PageTables:        15864 kB
NFS_Unstable:          0 kB
Bounce:                0 kB
WritebackTmp:          0 kB
CommitLimit:     1496840 kB
Committed_AS:   22089504 kB
VmallocTotal:     458752 kB
VmallocUsed:       87900 kB
VmallocChunk:     209948 kB
Time pass: 335 sec

---2015-12-04 21:02:09
MemTotal:        1420824 kB
MemFree:           48048 kB
Buffers:            8260 kB
Cached:           581164 kB
SwapCached:            0 kB
Active:           447684 kB
Inactive:         629524 kB
Active(anon):     241124 kB
Inactive(anon):   248492 kB
Active(file):     206560 kB
Inactive(file):   381032 kB
Unevictable:         292 kB
Mlocked:               0 kB
HighTotal:       1001472 kB
HighFree:           5044 kB
LowTotal:         419352 kB
LowFree:           43004 kB
SwapTotal:        786428 kB
SwapFree:         786428 kB
Dirty:                40 kB
Writeback:             0 kB
AnonPages:        488068 kB
Mapped:           209416 kB
Shmem:              1540 kB
Slab:              43420 kB
SReclaimable:      15128 kB
SUnreclaim:        28292 kB
KernelStack:        9960 kB
PageTables:        15876 kB
NFS_Unstable:          0 kB
Bounce:                0 kB
WritebackTmp:          0 kB
CommitLimit:     1496840 kB
Committed_AS:   22088504 kB
VmallocTotal:     458752 kB
VmallocUsed:       87900 kB
VmallocChunk:     209948 kB
Time pass: 339 sec

---2015-12-04 21:02:09
MemTotal:        1420824 kB
MemFree:           47620 kB
Buffers:            8276 kB
Cached:           581164 kB
SwapCached:            0 kB
Active:           448164 kB
Inactive:         629536 kB
Active(anon):     241604 kB
Inactive(anon):   248488 kB
Active(file):     206560 kB
Inactive(file):   381048 kB
Unevictable:         292 kB
Mlocked:               0 kB
HighTotal:       1001472 kB
HighFree:           5048 kB
LowTotal:         419352 kB
LowFree:           42572 kB
SwapTotal:        786428 kB
SwapFree:         786428 kB
Dirty:                 0 kB
Writeback:             0 kB
AnonPages:        488608 kB
Mapped:           209416 kB
Shmem:              1540 kB
Slab:              43432 kB
SReclaimable:      15128 kB
SUnreclaim:        28304 kB
KernelStack:        9960 kB
PageTables:        15876 kB
NFS_Unstable:          0 kB
Bounce:                0 kB
WritebackTmp:          0 kB
CommitLimit:     1496840 kB
Committed_AS:   22088504 kB
VmallocTotal:     458752 kB
VmallocUsed:       87900 kB
VmallocChunk:     209948 kB
Time pass: 342 sec

---2015-12-04 21:02:09
MemTotal:        1420824 kB
MemFree:           47772 kB
Buffers:            8284 kB
Cached:           581156 kB
SwapCached:            0 kB
Active:           447832 kB
Inactive:         629536 kB
Active(anon):     241272 kB
Inactive(anon):   248488 kB
Active(file):     206560 kB
Inactive(file):   381048 kB
Unevictable:         292 kB
Mlocked:               0 kB
HighTotal:       1001472 kB
HighFree:           5304 kB
LowTotal:         419352 kB
LowFree:           42468 kB
SwapTotal:        786428 kB
SwapFree:         786428 kB
Dirty:                 0 kB
Writeback:             0 kB
AnonPages:        488216 kB
Mapped:           209416 kB
Shmem:              1540 kB
Slab:              43368 kB
SReclaimable:      15128 kB
SUnreclaim:        28240 kB
KernelStack:        9960 kB
PageTables:        15876 kB
NFS_Unstable:          0 kB
Bounce:                0 kB
WritebackTmp:          0 kB
CommitLimit:     1496840 kB
Committed_AS:   22088008 kB
VmallocTotal:     458752 kB
VmallocUsed:       87900 kB
VmallocChunk:     209948 kB
Time pass: 346 sec

---2015-12-04 21:02:09
MemTotal:        1420824 kB
MemFree:           46860 kB
Buffers:            8300 kB
Cached:           581164 kB
SwapCached:            0 kB
Active:           448300 kB
Inactive:         629560 kB
Active(anon):     241740 kB
Inactive(anon):   248488 kB
Active(file):     206560 kB
Inactive(file):   381072 kB
Unevictable:         292 kB
Mlocked:               0 kB
HighTotal:       1001472 kB
HighFree:           5132 kB
LowTotal:         419352 kB
LowFree:           41728 kB
SwapTotal:        786428 kB
SwapFree:         786428 kB
Dirty:                44 kB
Writeback:             0 kB
AnonPages:        488744 kB
Mapped:           209416 kB
Shmem:              1540 kB
Slab:              43484 kB
SReclaimable:      15128 kB
SUnreclaim:        28356 kB
KernelStack:        9960 kB
PageTables:        15876 kB
NFS_Unstable:          0 kB
Bounce:                0 kB
WritebackTmp:          0 kB
CommitLimit:     1496840 kB
Committed_AS:   22088340 kB
VmallocTotal:     458752 kB
VmallocUsed:       87900 kB
VmallocChunk:     209948 kB
Time pass: 349 sec

---2015-12-04 21:02:09
MemTotal:        1420824 kB
MemFree:           47504 kB
Buffers:            8316 kB
Cached:           581148 kB
SwapCached:            0 kB
Active:           447752 kB
Inactive:         629560 kB
Active(anon):     241192 kB
Inactive(anon):   248488 kB
Active(file):     206560 kB
Inactive(file):   381072 kB
Unevictable:         292 kB
Mlocked:               0 kB
HighTotal:       1001472 kB
HighFree:           5140 kB
LowTotal:         419352 kB
LowFree:           42364 kB
SwapTotal:        786428 kB
SwapFree:         786428 kB
Dirty:                 0 kB
Writeback:             0 kB
AnonPages:        488144 kB
Mapped:           209464 kB
Shmem:              1540 kB
Slab:              43600 kB
SReclaimable:      15128 kB
SUnreclaim:        28472 kB
KernelStack:        9968 kB
PageTables:        15876 kB
NFS_Unstable:          0 kB
Bounce:                0 kB
WritebackTmp:          0 kB
CommitLimit:     1496840 kB
Committed_AS:   22088828 kB
VmallocTotal:     458752 kB
VmallocUsed:       87932 kB
VmallocChunk:     209948 kB
Time pass: 353 sec

---2015-12-04 21:02:09
MemTotal:        1420824 kB
MemFree:           48656 kB
Buffers:            8316 kB
Cached:           581164 kB
SwapCached:            0 kB
Active:           447224 kB
Inactive:         629576 kB
Active(anon):     240664 kB
Inactive(anon):   248488 kB
Active(file):     206560 kB
Inactive(file):   381088 kB
Unevictable:         292 kB
Mlocked:               0 kB
HighTotal:       1001472 kB
HighFree:           5092 kB
LowTotal:         419352 kB
LowFree:           43564 kB
SwapTotal:        786428 kB
SwapFree:         786428 kB
Dirty:                44 kB
Writeback:             0 kB
AnonPages:        487628 kB
Mapped:           209468 kB
Shmem:              1540 kB
Slab:              43592 kB
SReclaimable:      15128 kB
SUnreclaim:        28464 kB
KernelStack:        9968 kB
PageTables:        15880 kB
NFS_Unstable:          0 kB
Bounce:                0 kB
WritebackTmp:          0 kB
CommitLimit:     1496840 kB
Committed_AS:   22088220 kB
VmallocTotal:     458752 kB
VmallocUsed:       87932 kB
VmallocChunk:     209948 kB
Time pass: 356 sec

---2015-12-04 21:02:09
MemTotal:        1420824 kB
MemFree:           47892 kB
Buffers:            8340 kB
Cached:           581148 kB
SwapCached:            0 kB
Active:           448160 kB
Inactive:         629584 kB
Active(anon):     241600 kB
Inactive(anon):   248488 kB
Active(file):     206560 kB
Inactive(file):   381096 kB
Unevictable:         292 kB
Mlocked:               0 kB
HighTotal:       1001472 kB
HighFree:           5092 kB
LowTotal:         419352 kB
LowFree:           42800 kB
SwapTotal:        786428 kB
SwapFree:         786428 kB
Dirty:                28 kB
Writeback:             0 kB
AnonPages:        488672 kB
Mapped:           209320 kB
