---2015-11-23 15:19:04
MemTotal:        1860984 kB
MemFree:          307632 kB
Buffers:           11040 kB
Cached:           799672 kB
SwapCached:         9536 kB
Active:           610052 kB
Inactive:         678208 kB
Active(anon):     429644 kB
Inactive(anon):    49176 kB
Active(file):     180408 kB
Inactive(file):   629032 kB
Unevictable:           0 kB
Mlocked:               0 kB
HighTotal:       1436668 kB
HighFree:          39928 kB
LowTotal:         424316 kB
LowFree:          267704 kB
SwapTotal:        716796 kB
SwapFree:         623204 kB
Dirty:               112 kB
Writeback:             0 kB
AnonPages:        475752 kB
Mapped:           196376 kB
Shmem:              1292 kB
Slab:              43984 kB
SReclaimable:      14108 kB
SUnreclaim:        29876 kB
KernelStack:       10640 kB
PageTables:        23964 kB
NFS_Unstable:          0 kB
Bounce:                0 kB
WritebackTmp:          0 kB
CommitLimit:     1647288 kB
Committed_AS:   55321220 kB
VmallocTotal:     458752 kB
VmallocUsed:      111840 kB
VmallocChunk:     159748 kB
Time pass: 3 sec

---2015-11-23 15:19:04
MemTotal:        1860984 kB
MemFree:          311468 kB
Buffers:           11048 kB
Cached:           799676 kB
SwapCached:         9540 kB
Active:           605104 kB
Inactive:         679020 kB
Active(anon):     424684 kB
Inactive(anon):    49992 kB
Active(file):     180420 kB
Inactive(file):   629028 kB
Unevictable:           0 kB
Mlocked:               0 kB
HighTotal:       1436668 kB
HighFree:          43400 kB
LowTotal:         424316 kB
LowFree:          268068 kB
SwapTotal:        716796 kB
SwapFree:         619076 kB
Dirty:                16 kB
Writeback:             4 kB
AnonPages:        471624 kB
Mapped:           196376 kB
Shmem:              1292 kB
Slab:              43984 kB
SReclaimable:      14108 kB
SUnreclaim:        29876 kB
KernelStack:       10640 kB
PageTables:        23964 kB
NFS_Unstable:          0 kB
Bounce:                0 kB
WritebackTmp:          0 kB
CommitLimit:     1647288 kB
Committed_AS:   55321220 kB
VmallocTotal:     458752 kB
VmallocUsed:      111840 kB
VmallocChunk:     159748 kB
Time pass: 7 sec

---2015-11-23 15:19:04
MemTotal:        1860984 kB
MemFree:          311468 kB
Buffers:           11048 kB
Cached:           799672 kB
SwapCached:         9540 kB
Active:           605108 kB
Inactive:         679020 kB
Active(anon):     424688 kB
Inactive(anon):    49992 kB
Active(file):     180420 kB
Inactive(file):   629028 kB
Unevictable:           0 kB
Mlocked:               0 kB
HighTotal:       1436668 kB
HighFree:          43400 kB
LowTotal:         424316 kB
LowFree:          268068 kB
SwapTotal:        716796 kB
SwapFree:         619076 kB
Dirty:                 0 kB
Writeback:             0 kB
AnonPages:        471648 kB
Mapped:           196376 kB
Shmem:              1292 kB
Slab:              43992 kB
SReclaimable:      14116 kB
SUnreclaim:        29876 kB
KernelStack:       10640 kB
PageTables:        23964 kB
NFS_Unstable:          0 kB
Bounce:                0 kB
WritebackTmp:          0 kB
CommitLimit:     1647288 kB
Committed_AS:   55321220 kB
VmallocTotal:     458752 kB
VmallocUsed:      111840 kB
VmallocChunk:     159748 kB
Time pass: 10 sec

---2015-11-23 15:19:04
MemTotal:        1860984 kB
MemFree:          311452 kB
Buffers:           11048 kB
Cached:           799672 kB
SwapCached:         9540 kB
Active:           605152 kB
Inactive:         679020 kB
Active(anon):     424732 kB
Inactive(anon):    49992 kB
Active(file):     180420 kB
Inactive(file):   629028 kB
Unevictable:           0 kB
Mlocked:               0 kB
HighTotal:       1436668 kB
HighFree:          43400 kB
LowTotal:         424316 kB
LowFree:          268052 kB
SwapTotal:        716796 kB
SwapFree:         619076 kB
Dirty:                 0 kB
Writeback:             0 kB
AnonPages:        471652 kB
Mapped:           196376 kB
Shmem:              1292 kB
Slab:              43992 kB
SReclaimable:      14116 kB
SUnreclaim:        29876 kB
KernelStack:       10640 kB
PageTables:        23964 kB
NFS_Unstable:          0 kB
Bounce:                0 kB
WritebackTmp:          0 kB
CommitLimit:     1647288 kB
Committed_AS:   55321220 kB
VmallocTotal:     458752 kB
VmallocUsed:      111840 kB
VmallocChunk:     159748 kB
Time pass: 14 sec

---2015-11-23 15:19:04
MemTotal:        1860984 kB
MemFree:          314540 kB
Buffers:           11048 kB
Cached:           799672 kB
SwapCached:         9548 kB
Active:           600196 kB
Inactive:         679804 kB
Active(anon):     419776 kB
Inactive(anon):    50776 kB
Active(file):     180420 kB
Inactive(file):   629028 kB
Unevictable:           0 kB
Mlocked:               0 kB
HighTotal:       1436668 kB
HighFree:          46252 kB
LowTotal:         424316 kB
LowFree:          268288 kB
SwapTotal:        716796 kB
SwapFree:         614928 kB
Dirty:                 0 kB
Writeback:             0 kB
AnonPages:        467520 kB
Mapped:           196376 kB
Shmem:              1292 kB
Slab:              43984 kB
SReclaimable:      14108 kB
SUnreclaim:        29876 kB
KernelStack:       10640 kB
PageTables:        23964 kB
NFS_Unstable:          0 kB
Bounce:                0 kB
WritebackTmp:          0 kB
CommitLimit:     1647288 kB
Committed_AS:   55321220 kB
VmallocTotal:     458752 kB
VmallocUsed:      111840 kB
VmallocChunk:     159748 kB
Time pass: 17 sec

---2015-11-23 15:19:04
MemTotal:        1860984 kB
MemFree:          314708 kB
Buffers:           11048 kB
Cached:           799672 kB
SwapCached:         9544 kB
Active:           600196 kB
Inactive:         679800 kB
Active(anon):     419776 kB
Inactive(anon):    50772 kB
Active(file):     180420 kB
Inactive(file):   629028 kB
Unevictable:           0 kB
Mlocked:               0 kB
HighTotal:       1436668 kB
HighFree:          46252 kB
LowTotal:         424316 kB
LowFree:          268456 kB
SwapTotal:        716796 kB
SwapFree:         614932 kB
Dirty:                 0 kB
Writeback:             0 kB
AnonPages:        467500 kB
Mapped:           196376 kB
Shmem:              1292 kB
Slab:              43984 kB
SReclaimable:      14108 kB
SUnreclaim:        29876 kB
KernelStack:       10632 kB
PageTables:        23964 kB
NFS_Unstable:          0 kB
Bounce:                0 kB
WritebackTmp:          0 kB
CommitLimit:     1647288 kB
Committed_AS:   55321196 kB
VmallocTotal:     458752 kB
VmallocUsed:      111840 kB
VmallocChunk:     159748 kB
Time pass: 21 sec

---2015-11-23 15:19:04
MemTotal:        1860984 kB
MemFree:          229172 kB
Buffers:           11260 kB
Cached:           834820 kB
SwapCached:        11828 kB
Active:           620044 kB
Inactive:         716872 kB
Active(anon):     439184 kB
Inactive(anon):    53372 kB
Active(file):     180860 kB
Inactive(file):   663500 kB
Unevictable:           0 kB
Mlocked:               0 kB
HighTotal:       1436668 kB
HighFree:           2560 kB
LowTotal:         424316 kB
LowFree:          226612 kB
SwapTotal:        716796 kB
SwapFree:         615448 kB
Dirty:               960 kB
Writeback:             0 kB
AnonPages:        489036 kB
Mapped:           216716 kB
Shmem:              1404 kB
Slab:              44184 kB
SReclaimable:      14216 kB
SUnreclaim:        29968 kB
KernelStack:       10912 kB
PageTables:        24544 kB
NFS_Unstable:          0 kB
Bounce:                0 kB
WritebackTmp:          0 kB
CommitLimit:     1647288 kB
Committed_AS:   56175824 kB
VmallocTotal:     458752 kB
VmallocUsed:      112980 kB
VmallocChunk:     159748 kB
Time pass: 24 sec

---2015-11-23 15:19:04
MemTotal:        1860984 kB
MemFree:          165316 kB
Buffers:           11328 kB
Cached:           837308 kB
SwapCached:        13908 kB
Active:           626376 kB
Inactive:         722872 kB
Active(anon):     444956 kB
Inactive(anon):    57088 kB
Active(file):     181420 kB
Inactive(file):   665784 kB
Unevictable:           0 kB
Mlocked:               0 kB
HighTotal:       1436668 kB
HighFree:           2520 kB
LowTotal:         424316 kB
LowFree:          162796 kB
SwapTotal:        716796 kB
SwapFree:         616804 kB
Dirty:               828 kB
Writeback:             0 kB
AnonPages:        498368 kB
Mapped:           222528 kB
Shmem:              1424 kB
Slab:              44492 kB
SReclaimable:      14376 kB
SUnreclaim:        30116 kB
KernelStack:       11264 kB
PageTables:        24780 kB
NFS_Unstable:          0 kB
Bounce:                0 kB
WritebackTmp:          0 kB
CommitLimit:     1647288 kB
Committed_AS:   56179632 kB
VmallocTotal:     458752 kB
VmallocUsed:      113224 kB
VmallocChunk:     159748 kB
Time pass: 28 sec

---2015-11-23 15:19:04
MemTotal:        1860984 kB
MemFree:          141396 kB
Buffers:           11336 kB
Cached:           837316 kB
SwapCached:        13920 kB
Active:           626852 kB
Inactive:         722972 kB
Active(anon):     445424 kB
Inactive(anon):    57156 kB
Active(file):     181428 kB
Inactive(file):   665816 kB
Unevictable:           0 kB
Mlocked:               0 kB
HighTotal:       1436668 kB
HighFree:           3380 kB
LowTotal:         424316 kB
LowFree:          138016 kB
SwapTotal:        716796 kB
SwapFree:         616808 kB
Dirty:               964 kB
Writeback:             0 kB
AnonPages:        498680 kB
Mapped:           224192 kB
Shmem:              1424 kB
Slab:              44332 kB
SReclaimable:      14348 kB
SUnreclaim:        29984 kB
KernelStack:       11152 kB
PageTables:        24848 kB
NFS_Unstable:          0 kB
Bounce:                0 kB
WritebackTmp:          0 kB
CommitLimit:     1647288 kB
Committed_AS:   56180340 kB
VmallocTotal:     458752 kB
VmallocUsed:      113348 kB
VmallocChunk:     159748 kB
Time pass: 32 sec

---2015-11-23 15:19:04
MemTotal:        1860984 kB
MemFree:           96264 kB
Buffers:           11344 kB
Cached:           838388 kB
SwapCached:        13960 kB
Active:           633300 kB
Inactive:         724988 kB
Active(anon):     451708 kB
Inactive(anon):    58256 kB
Active(file):     181592 kB
Inactive(file):   666732 kB
Unevictable:           0 kB
Mlocked:               0 kB
HighTotal:       1436668 kB
HighFree:           3172 kB
LowTotal:         424316 kB
LowFree:           93092 kB
SwapTotal:        716796 kB
SwapFree:         612760 kB
Dirty:               132 kB
Writeback:             0 kB
AnonPages:        506024 kB
Mapped:           227520 kB
Shmem:              1424 kB
Slab:              44360 kB
SReclaimable:      14412 kB
SUnreclaim:        29948 kB
KernelStack:       11184 kB
PageTables:        25040 kB
NFS_Unstable:          0 kB
Bounce:                0 kB
WritebackTmp:          0 kB
CommitLimit:     1647288 kB
Committed_AS:   56186696 kB
VmallocTotal:     458752 kB
VmallocUsed:      113452 kB
VmallocChunk:     159748 kB
Time pass: 35 sec

---2015-11-23 15:19:04
MemTotal:        1860984 kB
MemFree:           90904 kB
Buffers:           11352 kB
Cached:           838384 kB
SwapCached:        14016 kB
Active:           633396 kB
Inactive:         725044 kB
Active(anon):     451800 kB
Inactive(anon):    58308 kB
Active(file):     181596 kB
Inactive(file):   666736 kB
Unevictable:           0 kB
Mlocked:               0 kB
HighTotal:       1436668 kB
HighFree:           2536 kB
LowTotal:         424316 kB
LowFree:           88368 kB
SwapTotal:        716796 kB
SwapFree:         612760 kB
Dirty:                72 kB
Writeback:             0 kB
AnonPages:        506176 kB
Mapped:           227676 kB
Shmem:              1424 kB
Slab:              44356 kB
SReclaimable:      14404 kB
SUnreclaim:        29952 kB
KernelStack:       11192 kB
PageTables:        25068 kB
NFS_Unstable:          0 kB
Bounce:                0 kB
WritebackTmp:          0 kB
CommitLimit:     1647288 kB
Committed_AS:   56186680 kB
VmallocTotal:     458752 kB
VmallocUsed:      113452 kB
VmallocChunk:     159748 kB
Time pass: 39 sec

---2015-11-23 15:19:04
MemTotal:        1860984 kB
MemFree:          100048 kB
Buffers:           11352 kB
Cached:           839048 kB
SwapCached:        14024 kB
Active:           635392 kB
Inactive:         726424 kB
Active(anon):     453684 kB
Inactive(anon):    59240 kB
Active(file):     181708 kB
Inactive(file):   667184 kB
Unevictable:           0 kB
Mlocked:               0 kB
HighTotal:       1436668 kB
HighFree:           2452 kB
LowTotal:         424316 kB
LowFree:           97596 kB
SwapTotal:        716796 kB
SwapFree:         608624 kB
Dirty:                80 kB
Writeback:             0 kB
AnonPages:        509224 kB
Mapped:           228272 kB
Shmem:              1424 kB
Slab:              44532 kB
SReclaimable:      14460 kB
SUnreclaim:        30072 kB
KernelStack:       11272 kB
PageTables:        25008 kB
NFS_Unstable:          0 kB
Bounce:                0 kB
WritebackTmp:          0 kB
CommitLimit:     1647288 kB
Committed_AS:   56195856 kB
VmallocTotal:     458752 kB
VmallocUsed:      113452 kB
VmallocChunk:     159748 kB
Time pass: 43 sec

---2015-11-23 15:19:04
MemTotal:        1860984 kB
MemFree:           70256 kB
Buffers:           11360 kB
Cached:           840536 kB
SwapCached:        14024 kB
Active:           643584 kB
Inactive:         727624 kB
Active(anon):     461564 kB
Inactive(anon):    59232 kB
Active(file):     182020 kB
Inactive(file):   668392 kB
Unevictable:           0 kB
Mlocked:               0 kB
HighTotal:       1436668 kB
HighFree:           2468 kB
LowTotal:         424316 kB
LowFree:           67788 kB
SwapTotal:        716796 kB
SwapFree:         608624 kB
Dirty:              1112 kB
Writeback:             0 kB
AnonPages:        516908 kB
Mapped:           232940 kB
Shmem:              1428 kB
Slab:              44664 kB
SReclaimable:      14480 kB
SUnreclaim:        30184 kB
KernelStack:       11264 kB
PageTables:        25096 kB
NFS_Unstable:          0 kB
Bounce:                0 kB
WritebackTmp:          0 kB
CommitLimit:     1647288 kB
Committed_AS:   56203288 kB
VmallocTotal:     458752 kB
VmallocUsed:      113540 kB
VmallocChunk:     159748 kB
Time pass: 46 sec

---2015-11-23 15:19:04
MemTotal:        1860984 kB
MemFree:           48792 kB
Buffers:           11368 kB
Cached:           841056 kB
SwapCached:        14024 kB
Active:           643144 kB
Inactive:         728208 kB
Active(anon):     461112 kB
Inactive(anon):    59232 kB
Active(file):     182032 kB
Inactive(file):   668976 kB
Unevictable:           0 kB
Mlocked:               0 kB
HighTotal:       1436668 kB
HighFree:           2720 kB
LowTotal:         424316 kB
LowFree:           46072 kB
SwapTotal:        716796 kB
SwapFree:         608624 kB
Dirty:                88 kB
Writeback:             0 kB
AnonPages:        516380 kB
Mapped:           235196 kB
Shmem:              1428 kB
Slab:              44840 kB
SReclaimable:      14500 kB
SUnreclaim:        30340 kB
KernelStack:       11224 kB
PageTables:        25140 kB
NFS_Unstable:          0 kB
Bounce:                0 kB
WritebackTmp:          0 kB
CommitLimit:     1647288 kB
Committed_AS:   56202756 kB
VmallocTotal:     458752 kB
VmallocUsed:      113652 kB
VmallocChunk:     159748 kB
Time pass: 49 sec

---2015-11-23 15:19:04
MemTotal:        1860984 kB
MemFree:           48808 kB
Buffers:           11368 kB
Cached:           841056 kB
SwapCached:        14024 kB
Active:           643132 kB
Inactive:         728216 kB
Active(anon):     461100 kB
Inactive(anon):    59232 kB
Active(file):     182032 kB
Inactive(file):   668984 kB
Unevictable:           0 kB
Mlocked:               0 kB
HighTotal:       1436668 kB
HighFree:           2720 kB
LowTotal:         424316 kB
LowFree:           46088 kB
SwapTotal:        716796 kB
SwapFree:         608624 kB
Dirty:                 8 kB
Writeback:             0 kB
AnonPages:        516404 kB
Mapped:           235196 kB
Shmem:              1428 kB
Slab:              44824 kB
SReclaimable:      14492 kB
SUnreclaim:        30332 kB
KernelStack:       11224 kB
PageTables:        25140 kB
NFS_Unstable:          0 kB
Bounce:                0 kB
WritebackTmp:          0 kB
CommitLimit:     1647288 kB
Committed_AS:   56202756 kB
VmallocTotal:     458752 kB
VmallocUsed:      113652 kB
VmallocChunk:     159748 kB
Time pass: 53 sec

---2015-11-23 15:19:04
MemTotal:        1860984 kB
MemFree:           37532 kB
Buffers:           11368 kB
Cached:           841212 kB
SwapCached:        14024 kB
Active:           639060 kB
Inactive:         729520 kB
Active(anon):     456988 kB
Inactive(anon):    60420 kB
Active(file):     182072 kB
Inactive(file):   669100 kB
Unevictable:           0 kB
Mlocked:               0 kB
HighTotal:       1436668 kB
HighFree:           2572 kB
LowTotal:         424316 kB
LowFree:           34960 kB
SwapTotal:        716796 kB
SwapFree:         604536 kB
Dirty:                96 kB
Writeback:             0 kB
AnonPages:        513412 kB
Mapped:           237316 kB
Shmem:              1428 kB
Slab:              44652 kB
SReclaimable:      14452 kB
SUnreclaim:        30200 kB
KernelStack:       11224 kB
PageTables:        25164 kB
NFS_Unstable:          0 kB
Bounce:                0 kB
WritebackTmp:          0 kB
CommitLimit:     1647288 kB
Committed_AS:   56203772 kB
VmallocTotal:     458752 kB
VmallocUsed:      113692 kB
VmallocChunk:     159748 kB
Time pass: 57 sec

---2015-11-23 15:19:04
MemTotal:        1860984 kB
MemFree:           36772 kB
Buffers:           10944 kB
Cached:           824012 kB
SwapCached:        14028 kB
Active:           610416 kB
Inactive:         745024 kB
Active(anon):     417852 kB
Inactive(anon):   104920 kB
Active(file):     192564 kB
Inactive(file):   640104 kB
Unevictable:         860 kB
Mlocked:               0 kB
HighTotal:       1436668 kB
HighFree:           6016 kB
LowTotal:         424316 kB
LowFree:           30756 kB
SwapTotal:        716796 kB
SwapFree:         604616 kB
Dirty:                 8 kB
Writeback:             0 kB
AnonPages:        518776 kB
Mapped:           241800 kB
Shmem:              1428 kB
Slab:              44812 kB
SReclaimable:      14488 kB
SUnreclaim:        30324 kB
KernelStack:       11256 kB
PageTables:        25208 kB
NFS_Unstable:          0 kB
Bounce:                0 kB
WritebackTmp:          0 kB
CommitLimit:     1647288 kB
Committed_AS:   56208380 kB
VmallocTotal:     458752 kB
VmallocUsed:      113788 kB
VmallocChunk:     159748 kB
Time pass: 60 sec

---2015-11-23 15:19:04
MemTotal:        1860984 kB
MemFree:           28348 kB
Buffers:           10960 kB
Cached:           829300 kB
SwapCached:        14028 kB
Active:           612600 kB
Inactive:         751836 kB
Active(anon):     420028 kB
Inactive(anon):   106584 kB
Active(file):     192572 kB
Inactive(file):   645252 kB
Unevictable:         860 kB
Mlocked:               0 kB
HighTotal:       1436668 kB
HighFree:           2492 kB
LowTotal:         424316 kB
LowFree:           25856 kB
SwapTotal:        716796 kB
SwapFree:         600572 kB
Dirty:               336 kB
Writeback:             0 kB
AnonPages:        522888 kB
Mapped:           244332 kB
Shmem:              1428 kB
Slab:              44892 kB
SReclaimable:      14556 kB
SUnreclaim:        30336 kB
KernelStack:       11368 kB
PageTables:        25204 kB
NFS_Unstable:          0 kB
Bounce:                0 kB
WritebackTmp:          0 kB
CommitLimit:     1647288 kB
Committed_AS:   56222416 kB
VmallocTotal:     458752 kB
VmallocUsed:      113788 kB
VmallocChunk:     159748 kB
Time pass: 64 sec

---2015-11-23 15:19:04
MemTotal:        1860984 kB
MemFree:           37200 kB
Buffers:           10008 kB
Cached:           796908 kB
SwapCached:        14160 kB
Active:           581808 kB
Inactive:         755660 kB
Active(anon):     381856 kB
Inactive(anon):   151060 kB
Active(file):     199952 kB
Inactive(file):   604600 kB
Unevictable:         860 kB
Mlocked:               0 kB
HighTotal:       1436668 kB
HighFree:          13052 kB
LowTotal:         424316 kB
LowFree:           24148 kB
SwapTotal:        716796 kB
SwapFree:         600596 kB
Dirty:                 4 kB
Writeback:             0 kB
AnonPages:        529040 kB
Mapped:           245436 kB
Shmem:              1428 kB
Slab:              45020 kB
SReclaimable:      14560 kB
SUnreclaim:        30460 kB
KernelStack:       11488 kB
PageTables:        25372 kB
NFS_Unstable:          0 kB
Bounce:                0 kB
WritebackTmp:          0 kB
CommitLimit:     1647288 kB
Committed_AS:   56242304 kB
VmallocTotal:     458752 kB
VmallocUsed:      118188 kB
VmallocChunk:     159748 kB
Time pass: 67 sec

---2015-11-23 15:19:04
MemTotal:        1860984 kB
MemFree:           30744 kB
Buffers:            8960 kB
Cached:           770780 kB
SwapCached:        14160 kB
Active:           591904 kB
Inactive:         722292 kB
Active(anon):     384656 kB
Inactive(anon):   152228 kB
Active(file):     207248 kB
Inactive(file):   570064 kB
Unevictable:         860 kB
Mlocked:               0 kB
HighTotal:       1436668 kB
HighFree:           6392 kB
LowTotal:         424316 kB
LowFree:           24352 kB
SwapTotal:        716796 kB
SwapFree:         600596 kB
Dirty:                60 kB
Writeback:             0 kB
AnonPages:        532740 kB
Mapped:           243920 kB
Shmem:              1576 kB
Slab:              45232 kB
SReclaimable:      14652 kB
SUnreclaim:        30580 kB
KernelStack:       11552 kB
PageTables:        25540 kB
NFS_Unstable:          0 kB
Bounce:                0 kB
WritebackTmp:          0 kB
CommitLimit:     1647288 kB
Committed_AS:   56246816 kB
VmallocTotal:     458752 kB
VmallocUsed:      122028 kB
VmallocChunk:     159748 kB
Time pass: 71 sec

---2015-11-23 15:19:04
MemTotal:        1860984 kB
MemFree:           28220 kB
Buffers:            8992 kB
Cached:           770780 kB
SwapCached:        14160 kB
Active:           595000 kB
Inactive:         722328 kB
Active(anon):     387740 kB
Inactive(anon):   152284 kB
Active(file):     207260 kB
Inactive(file):   570044 kB
Unevictable:         860 kB
Mlocked:               0 kB
HighTotal:       1436668 kB
HighFree:           2912 kB
LowTotal:         424316 kB
LowFree:           25308 kB
SwapTotal:        716796 kB
SwapFree:         600596 kB
Dirty:                40 kB
Writeback:             0 kB
AnonPages:        535880 kB
Mapped:           243988 kB
Shmem:              1608 kB
Slab:              45324 kB
SReclaimable:      14640 kB
SUnreclaim:        30684 kB
KernelStack:       11528 kB
PageTables:        25588 kB
NFS_Unstable:          0 kB
Bounce:                0 kB
WritebackTmp:          0 kB
CommitLimit:     1647288 kB
Committed_AS:   56248424 kB
VmallocTotal:     458752 kB
VmallocUsed:      122028 kB
VmallocChunk:     159748 kB
Time pass: 75 sec

---2015-11-23 15:19:04
MemTotal:        1860984 kB
MemFree:           32480 kB
Buffers:            8880 kB
Cached:           768500 kB
SwapCached:        14160 kB
Active:           591904 kB
Inactive:         718548 kB
Active(anon):     384228 kB
Inactive(anon):   151400 kB
Active(file):     207676 kB
Inactive(file):   567148 kB
Unevictable:         860 kB
Mlocked:               0 kB
HighTotal:       1436668 kB
HighFree:           6632 kB
LowTotal:         424316 kB
LowFree:           25848 kB
SwapTotal:        716796 kB
SwapFree:         596480 kB
Dirty:                 0 kB
Writeback:             0 kB
AnonPages:        531308 kB
Mapped:           244076 kB
Shmem:              1696 kB
Slab:              45308 kB
SReclaimable:      14680 kB
SUnreclaim:        30628 kB
KernelStack:       11568 kB
PageTables:        25588 kB
NFS_Unstable:          0 kB
Bounce:                0 kB
WritebackTmp:          0 kB
CommitLimit:     1647288 kB
Committed_AS:   56247868 kB
VmallocTotal:     458752 kB
VmallocUsed:      122028 kB
VmallocChunk:     159748 kB
Time pass: 78 sec

---2015-11-23 15:19:04
MemTotal:        1860984 kB
MemFree:           32520 kB
Buffers:            8904 kB
Cached:           768484 kB
SwapCached:        14160 kB
Active:           592256 kB
Inactive:         718544 kB
Active(anon):     384580 kB
Inactive(anon):   151396 kB
Active(file):     207676 kB
Inactive(file):   567148 kB
Unevictable:         860 kB
Mlocked:               0 kB
HighTotal:       1436668 kB
HighFree:           6244 kB
LowTotal:         424316 kB
LowFree:           26276 kB
SwapTotal:        716796 kB
SwapFree:         596480 kB
Dirty:                28 kB
Writeback:             0 kB
AnonPages:        531572 kB
Mapped:           244076 kB
Shmem:              1696 kB
Slab:              45400 kB
SReclaimable:      14672 kB
SUnreclaim:        30728 kB
KernelStack:       11520 kB
PageTables:        25588 kB
NFS_Unstable:          0 kB
Bounce:                0 kB
WritebackTmp:          0 kB
CommitLimit:     1647288 kB
Committed_AS:   56247764 kB
VmallocTotal:     458752 kB
VmallocUsed:      122028 kB
VmallocChunk:     159748 kB
Time pass: 81 sec

---2015-11-23 15:19:04
MemTotal:        1860984 kB
MemFree:           52708 kB
Buffers:            8904 kB
Cached:           770244 kB
SwapCached:        14160 kB
Active:           594704 kB
Inactive:         720312 kB
Active(anon):     387028 kB
Inactive(anon):   151396 kB
Active(file):     207676 kB
Inactive(file):   568916 kB
Unevictable:         860 kB
Mlocked:               0 kB
HighTotal:       1436668 kB
HighFree:          28048 kB
LowTotal:         424316 kB
LowFree:           24660 kB
SwapTotal:        716796 kB
SwapFree:         596480 kB
Dirty:                 0 kB
Writeback:             0 kB
AnonPages:        534360 kB
Mapped:           244084 kB
Shmem:              1696 kB
Slab:              45544 kB
SReclaimable:      14680 kB
SUnreclaim:        30864 kB
KernelStack:       11512 kB
PageTables:        25560 kB
NFS_Unstable:          0 kB
Bounce:                0 kB
WritebackTmp:          0 kB
CommitLimit:     1647288 kB
Committed_AS:   57243836 kB
VmallocTotal:     458752 kB
VmallocUsed:      118988 kB
VmallocChunk:     159748 kB
Time pass: 85 sec

---2015-11-23 15:19:04
MemTotal:        1860984 kB
MemFree:          343616 kB
Buffers:            8960 kB
Cached:           770932 kB
SwapCached:        14092 kB
Active:           533048 kB
Inactive:         709532 kB
Active(anon):     325352 kB
Inactive(anon):   139500 kB
Active(file):     207696 kB
Inactive(file):   570032 kB
Unevictable:         860 kB
Mlocked:               0 kB
HighTotal:       1436668 kB
HighFree:         100744 kB
LowTotal:         424316 kB
LowFree:          242872 kB
SwapTotal:        716796 kB
SwapFree:         592644 kB
Dirty:                68 kB
Writeback:             0 kB
AnonPages:        460980 kB
Mapped:           197788 kB
Shmem:              1292 kB
Slab:              45320 kB
SReclaimable:      14684 kB
SUnreclaim:        30636 kB
KernelStack:       10648 kB
PageTables:        23768 kB
NFS_Unstable:          0 kB
Bounce:                0 kB
WritebackTmp:          0 kB
CommitLimit:     1647288 kB
Committed_AS:   54537296 kB
VmallocTotal:     458752 kB
VmallocUsed:      111504 kB
VmallocChunk:     159748 kB
Time pass: 89 sec

---2015-11-23 15:19:04
MemTotal:        1860984 kB
MemFree:          326688 kB
Buffers:            8960 kB
Cached:           770932 kB
SwapCached:        14092 kB
Active:           533100 kB
Inactive:         709544 kB
Active(anon):     325404 kB
Inactive(anon):   139500 kB
Active(file):     207696 kB
Inactive(file):   570044 kB
Unevictable:         860 kB
Mlocked:               0 kB
HighTotal:       1436668 kB
HighFree:          95944 kB
LowTotal:         424316 kB
LowFree:          230744 kB
SwapTotal:        716796 kB
SwapFree:         592648 kB
Dirty:                 0 kB
Writeback:             0 kB
AnonPages:        461032 kB
Mapped:           197796 kB
Shmem:              1292 kB
Slab:              45264 kB
SReclaimable:      14660 kB
SUnreclaim:        30604 kB
KernelStack:       10648 kB
PageTables:        23852 kB
NFS_Unstable:          0 kB
Bounce:                0 kB
WritebackTmp:          0 kB
CommitLimit:     1647288 kB
Committed_AS:   54537296 kB
VmallocTotal:     458752 kB
VmallocUsed:      111504 kB
VmallocChunk:     159748 kB
Time pass: 92 sec

---2015-11-23 15:19:04
MemTotal:        1860984 kB
MemFree:          326948 kB
Buffers:            8968 kB
Cached:           770932 kB
SwapCached:        14092 kB
Active:           533120 kB
Inactive:         709552 kB
Active(anon):     325424 kB
Inactive(anon):   139500 kB
Active(file):     207696 kB
Inactive(file):   570052 kB
Unevictable:         860 kB
Mlocked:               0 kB
HighTotal:       1436668 kB
HighFree:          96328 kB
LowTotal:         424316 kB
LowFree:          230620 kB
SwapTotal:        716796 kB
SwapFree:         592648 kB
Dirty:                20 kB
Writeback:             0 kB
AnonPages:        461048 kB
Mapped:           197796 kB
Shmem:              1292 kB
Slab:              45252 kB
SReclaimable:      14660 kB
SUnreclaim:        30592 kB
KernelStack:       10648 kB
PageTables:        23852 kB
NFS_Unstable:          0 kB
Bounce:                0 kB
WritebackTmp:          0 kB
CommitLimit:     1647288 kB
Committed_AS:   54537296 kB
VmallocTotal:     458752 kB
VmallocUsed:      111504 kB
VmallocChunk:     159748 kB
Time pass: 96 sec

---2015-11-23 15:19:04
MemTotal:        1860984 kB
MemFree:          330056 kB
Buffers:            8968 kB
Cached:           770932 kB
SwapCached:        14076 kB
Active:           534768 kB
Inactive:         703692 kB
Active(anon):     327072 kB
Inactive(anon):   133640 kB
Active(file):     207696 kB
Inactive(file):   570052 kB
Unevictable:         860 kB
Mlocked:               0 kB
HighTotal:       1436668 kB
HighFree:          98684 kB
LowTotal:         424316 kB
LowFree:          231372 kB
SwapTotal:        716796 kB
SwapFree:         588444 kB
Dirty:                 0 kB
Writeback:             0 kB
AnonPages:        456836 kB
Mapped:           197800 kB
Shmem:              1292 kB
Slab:              45252 kB
SReclaimable:      14660 kB
SUnreclaim:        30592 kB
KernelStack:       10640 kB
PageTables:        23852 kB
NFS_Unstable:          0 kB
Bounce:                0 kB
WritebackTmp:          0 kB
CommitLimit:     1647288 kB
Committed_AS:   54537288 kB
VmallocTotal:     458752 kB
VmallocUsed:      111504 kB
VmallocChunk:     159748 kB
Time pass: 99 sec

---2015-11-23 15:19:04
MemTotal:        1860984 kB
MemFree:          329904 kB
Buffers:            8968 kB
Cached:           770932 kB
SwapCached:        14080 kB
Active:           534776 kB
Inactive:         703696 kB
Active(anon):     327080 kB
Inactive(anon):   133644 kB
Active(file):     207696 kB
Inactive(file):   570052 kB
Unevictable:         860 kB
Mlocked:               0 kB
HighTotal:       1436668 kB
HighFree:          98684 kB
LowTotal:         424316 kB
LowFree:          231220 kB
SwapTotal:        716796 kB
SwapFree:         588444 kB
Dirty:                 0 kB
Writeback:             0 kB
AnonPages:        456848 kB
Mapped:           197856 kB
Shmem:              1292 kB
Slab:              45252 kB
SReclaimable:      14660 kB
SUnreclaim:        30592 kB
KernelStack:       10632 kB
PageTables:        23852 kB
NFS_Unstable:          0 kB
Bounce:                0 kB
WritebackTmp:          0 kB
CommitLimit:     1647288 kB
Committed_AS:   54537264 kB
VmallocTotal:     458752 kB
VmallocUsed:      111504 kB
VmallocChunk:     159748 kB
Time pass: 104 sec

---2015-11-23 15:19:04
MemTotal:        1860984 kB
MemFree:          330040 kB
Buffers:            8968 kB
Cached:           770932 kB
SwapCached:        14088 kB
Active:           534792 kB
Inactive:         703704 kB
Active(anon):     327096 kB
Inactive(anon):   133652 kB
Active(file):     207696 kB
Inactive(file):   570052 kB
Unevictable:         860 kB
Mlocked:               0 kB
HighTotal:       1436668 kB
HighFree:          98684 kB
LowTotal:         424316 kB
LowFree:          231356 kB
SwapTotal:        716796 kB
SwapFree:         588444 kB
Dirty:                 0 kB
Writeback:             0 kB
AnonPages:        456892 kB
Mapped:           197856 kB
Shmem:              1292 kB
Slab:              45248 kB
SReclaimable:      14660 kB
SUnreclaim:        30588 kB
KernelStack:       10648 kB
PageTables:        23864 kB
NFS_Unstable:          0 kB
Bounce:                0 kB
WritebackTmp:          0 kB
CommitLimit:     1647288 kB
Committed_AS:   54537272 kB
VmallocTotal:     458752 kB
VmallocUsed:      111504 kB
VmallocChunk:     159748 kB
Time pass: 108 sec

---2015-11-23 15:19:04
MemTotal:        1860984 kB
MemFree:          290072 kB
Buffers:            9024 kB
Cached:           771388 kB
SwapCached:        14088 kB
Active:           548804 kB
Inactive:         701984 kB
Active(anon):     340684 kB
Inactive(anon):   131964 kB
Active(file):     208120 kB
Inactive(file):   570020 kB
Unevictable:         860 kB
Mlocked:               0 kB
HighTotal:       1436668 kB
HighFree:          74728 kB
LowTotal:         424316 kB
LowFree:          215344 kB
SwapTotal:        716796 kB
SwapFree:         584288 kB
Dirty:               824 kB
Writeback:            12 kB
AnonPages:        468788 kB
Mapped:           218376 kB
Shmem:              1476 kB
Slab:              45228 kB
SReclaimable:      14652 kB
SUnreclaim:        30576 kB
KernelStack:       11112 kB
PageTables:        24516 kB
NFS_Unstable:          0 kB
Bounce:                0 kB
WritebackTmp:          0 kB
CommitLimit:     1647288 kB
Committed_AS:   55388380 kB
VmallocTotal:     458752 kB
VmallocUsed:      112644 kB
VmallocChunk:     159748 kB
Time pass: 112 sec

---2015-11-23 15:19:04
MemTotal:        1860984 kB
MemFree:          237188 kB
Buffers:            9064 kB
Cached:           772792 kB
SwapCached:        14088 kB
Active:           567160 kB
Inactive:         701972 kB
Active(anon):     357556 kB
Inactive(anon):   132012 kB
Active(file):     209604 kB
Inactive(file):   569960 kB
Unevictable:         860 kB
Mlocked:               0 kB
HighTotal:       1436668 kB
HighFree:          40904 kB
LowTotal:         424316 kB
LowFree:          196284 kB
SwapTotal:        716796 kB
SwapFree:         584332 kB
Dirty:               692 kB
Writeback:           248 kB
AnonPages:        485608 kB
Mapped:           225772 kB
Shmem:              1428 kB
Slab:              45244 kB
SReclaimable:      14652 kB
SUnreclaim:        30592 kB
KernelStack:       11216 kB
PageTables:        24672 kB
NFS_Unstable:          0 kB
Bounce:                0 kB
WritebackTmp:          0 kB
CommitLimit:     1647288 kB
Committed_AS:   55406176 kB
VmallocTotal:     458752 kB
VmallocUsed:      112756 kB
VmallocChunk:     159748 kB
Time pass: 115 sec

---2015-11-23 15:19:04
MemTotal:        1860984 kB
MemFree:          186800 kB
Buffers:            9072 kB
Cached:           773180 kB
SwapCached:        14088 kB
Active:           574096 kB
Inactive:         702068 kB
Active(anon):     364188 kB
Inactive(anon):   132016 kB
Active(file):     209908 kB
Inactive(file):   570052 kB
Unevictable:         860 kB
Mlocked:               0 kB
HighTotal:       1436668 kB
HighFree:          15616 kB
LowTotal:         424316 kB
LowFree:          171184 kB
SwapTotal:        716796 kB
SwapFree:         584332 kB
Dirty:              1324 kB
Writeback:             0 kB
AnonPages:        492212 kB
Mapped:           231188 kB
Shmem:              1428 kB
Slab:              45104 kB
SReclaimable:      14628 kB
SUnreclaim:        30476 kB
KernelStack:       11200 kB
PageTables:        24740 kB
NFS_Unstable:          0 kB
Bounce:                0 kB
WritebackTmp:          0 kB
CommitLimit:     1647288 kB
Committed_AS:   55412624 kB
VmallocTotal:     458752 kB
VmallocUsed:      112972 kB
VmallocChunk:     159748 kB
Time pass: 119 sec

---2015-11-23 15:19:04
MemTotal:        1860984 kB
MemFree:          151716 kB
Buffers:            9080 kB
Cached:           773624 kB
SwapCached:        14088 kB
Active:           574708 kB
Inactive:         701892 kB
Active(anon):     364176 kB
Inactive(anon):   132016 kB
Active(file):     210532 kB
Inactive(file):   569876 kB
Unevictable:         860 kB
Mlocked:               0 kB
HighTotal:       1436668 kB
HighFree:          15004 kB
LowTotal:         424316 kB
LowFree:          136712 kB
SwapTotal:        716796 kB
SwapFree:         584332 kB
Dirty:               560 kB
Writeback:             0 kB
AnonPages:        492220 kB
Mapped:           234868 kB
Shmem:              1428 kB
Slab:              45060 kB
SReclaimable:      14628 kB
SUnreclaim:        30432 kB
KernelStack:       11160 kB
PageTables:        24832 kB
NFS_Unstable:          0 kB
Bounce:                0 kB
WritebackTmp:          0 kB
CommitLimit:     1647288 kB
Committed_AS:   55412528 kB
VmallocTotal:     458752 kB
VmallocUsed:      113148 kB
VmallocChunk:     159748 kB
Time pass: 122 sec

---2015-11-23 15:19:04
MemTotal:        1860984 kB
MemFree:          137792 kB
Buffers:            9080 kB
Cached:           773684 kB
SwapCached:        14088 kB
Active:           576028 kB
Inactive:         701912 kB
Active(anon):     365448 kB
Inactive(anon):   132016 kB
Active(file):     210580 kB
Inactive(file):   569896 kB
Unevictable:         860 kB
Mlocked:               0 kB
HighTotal:       1436668 kB
HighFree:          12916 kB
LowTotal:         424316 kB
LowFree:          124876 kB
SwapTotal:        716796 kB
SwapFree:         584332 kB
Dirty:               100 kB
Writeback:             0 kB
AnonPages:        493448 kB
Mapped:           236828 kB
Shmem:              1428 kB
Slab:              45052 kB
SReclaimable:      14620 kB
SUnreclaim:        30432 kB
KernelStack:       11160 kB
PageTables:        24864 kB
NFS_Unstable:          0 kB
Bounce:                0 kB
WritebackTmp:          0 kB
CommitLimit:     1647288 kB
Committed_AS:   55413652 kB
VmallocTotal:     458752 kB
VmallocUsed:      113188 kB
VmallocChunk:     159748 kB
Time pass: 126 sec

---2015-11-23 15:19:04
MemTotal:        1860984 kB
MemFree:          136992 kB
Buffers:            9088 kB
Cached:           773676 kB
SwapCached:        14088 kB
Active:           576288 kB
Inactive:         701916 kB
Active(anon):     365708 kB
Inactive(anon):   132020 kB
Active(file):     210580 kB
Inactive(file):   569896 kB
Unevictable:         860 kB
Mlocked:               0 kB
HighTotal:       1436668 kB
HighFree:          12296 kB
LowTotal:         424316 kB
LowFree:          124696 kB
SwapTotal:        716796 kB
SwapFree:         584336 kB
Dirty:               104 kB
Writeback:             0 kB
AnonPages:        493744 kB
Mapped:           236828 kB
Shmem:              1428 kB
Slab:              45052 kB
SReclaimable:      14620 kB
SUnreclaim:        30432 kB
KernelStack:       11160 kB
PageTables:        24860 kB
NFS_Unstable:          0 kB
Bounce:                0 kB
WritebackTmp:          0 kB
CommitLimit:     1647288 kB
Committed_AS:   55413924 kB
VmallocTotal:     458752 kB
VmallocUsed:      113188 kB
VmallocChunk:     159748 kB
Time pass: 129 sec

---2015-11-23 15:19:04
MemTotal:        1860984 kB
MemFree:          122900 kB
Buffers:            9088 kB
Cached:           773700 kB
SwapCached:        13568 kB
Active:           578336 kB
Inactive:         701148 kB
Active(anon):     367744 kB
Inactive(anon):   131240 kB
Active(file):     210592 kB
Inactive(file):   569908 kB
Unevictable:         860 kB
Mlocked:               0 kB
HighTotal:       1436668 kB
HighFree:           7856 kB
LowTotal:         424316 kB
LowFree:          115044 kB
SwapTotal:        716796 kB
SwapFree:         580772 kB
Dirty:               576 kB
Writeback:             0 kB
AnonPages:        495484 kB
Mapped:           239360 kB
Shmem:              1428 kB
Slab:              44984 kB
SReclaimable:      14596 kB
SUnreclaim:        30388 kB
KernelStack:       11152 kB
PageTables:        24884 kB
NFS_Unstable:          0 kB
Bounce:                0 kB
WritebackTmp:          0 kB
CommitLimit:     1647288 kB
Committed_AS:   55418572 kB
VmallocTotal:     458752 kB
VmallocUsed:      113284 kB
VmallocChunk:     159748 kB
Time pass: 133 sec

---2015-11-23 15:19:04
MemTotal:        1860984 kB
MemFree:          122820 kB
Buffers:            9096 kB
Cached:           773700 kB
SwapCached:        13568 kB
Active:           578364 kB
Inactive:         701156 kB
Active(anon):     367772 kB
Inactive(anon):   131240 kB
Active(file):     210592 kB
Inactive(file):   569916 kB
Unevictable:         860 kB
Mlocked:               0 kB
HighTotal:       1436668 kB
HighFree:           7856 kB
LowTotal:         424316 kB
LowFree:          114964 kB
SwapTotal:        716796 kB
SwapFree:         580772 kB
Dirty:                 0 kB
Writeback:             0 kB
AnonPages:        495520 kB
Mapped:           239400 kB
Shmem:              1428 kB
Slab:              45080 kB
SReclaimable:      14596 kB
SUnreclaim:        30484 kB
KernelStack:       11168 kB
PageTables:        24900 kB
NFS_Unstable:          0 kB
Bounce:                0 kB
WritebackTmp:          0 kB
CommitLimit:     1647288 kB
Committed_AS:   55418572 kB
VmallocTotal:     458752 kB
VmallocUsed:      113284 kB
VmallocChunk:     159748 kB
Time pass: 137 sec

---2015-11-23 15:19:04
MemTotal:        1860984 kB
MemFree:          122136 kB
Buffers:            9104 kB
Cached:           773692 kB
SwapCached:        13568 kB
Active:           578348 kB
Inactive:         701156 kB
Active(anon):     367756 kB
Inactive(anon):   131240 kB
Active(file):     210592 kB
Inactive(file):   569916 kB
Unevictable:         860 kB
Mlocked:               0 kB
HighTotal:       1436668 kB
HighFree:           7608 kB
LowTotal:         424316 kB
LowFree:          114528 kB
SwapTotal:        716796 kB
SwapFree:         580772 kB
Dirty:                 0 kB
Writeback:             0 kB
AnonPages:        495556 kB
Mapped:           239088 kB
Shmem:              1428 kB
Slab:              45080 kB
SReclaimable:      14596 kB
SUnreclaim:        30484 kB
KernelStack:       11168 kB
PageTables:        24904 kB
NFS_Unstable:          0 kB
Bounce:                0 kB
WritebackTmp:          0 kB
CommitLimit:     1647288 kB
Committed_AS:   55418520 kB
VmallocTotal:     458752 kB
VmallocUsed:      113284 kB
VmallocChunk:     159748 kB
Time pass: 140 sec

---2015-11-23 15:19:04
MemTotal:        1860984 kB
MemFree:          116300 kB
Buffers:            9120 kB
Cached:           773712 kB
SwapCached:        13432 kB
Active:           584472 kB
Inactive:         700536 kB
Active(anon):     373868 kB
Inactive(anon):   130596 kB
Active(file):     210604 kB
Inactive(file):   569940 kB
Unevictable:         860 kB
Mlocked:               0 kB
HighTotal:       1436668 kB
HighFree:           2544 kB
LowTotal:         424316 kB
LowFree:          113756 kB
SwapTotal:        716796 kB
SwapFree:         576768 kB
Dirty:                56 kB
Writeback:             0 kB
AnonPages:        501216 kB
Mapped:           241268 kB
Shmem:              1428 kB
Slab:              45200 kB
SReclaimable:      14684 kB
SUnreclaim:        30516 kB
KernelStack:       11328 kB
PageTables:        24936 kB
NFS_Unstable:          0 kB
Bounce:                0 kB
WritebackTmp:          0 kB
CommitLimit:     1647288 kB
Committed_AS:   55435592 kB
VmallocTotal:     458752 kB
VmallocUsed:      113284 kB
VmallocChunk:     159748 kB
Time pass: 144 sec

---2015-11-23 15:19:04
MemTotal:        1860984 kB
MemFree:           95008 kB
Buffers:            9152 kB
Cached:           775460 kB
SwapCached:        13432 kB
Active:           591228 kB
Inactive:         702288 kB
Active(anon):     380612 kB
Inactive(anon):   130716 kB
Active(file):     210616 kB
Inactive(file):   571572 kB
Unevictable:         860 kB
Mlocked:               0 kB
HighTotal:       1436668 kB
HighFree:           2756 kB
LowTotal:         424316 kB
LowFree:           92252 kB
SwapTotal:        716796 kB
SwapFree:         576768 kB
Dirty:                48 kB
Writeback:             0 kB
AnonPages:        507992 kB
Mapped:           241240 kB
Shmem:              1556 kB
Slab:              45088 kB
SReclaimable:      14700 kB
SUnreclaim:        30388 kB
KernelStack:       11488 kB
PageTables:        25084 kB
NFS_Unstable:          0 kB
Bounce:                0 kB
WritebackTmp:          0 kB
CommitLimit:     1647288 kB
Committed_AS:   55455788 kB
VmallocTotal:     458752 kB
VmallocUsed:      117088 kB
VmallocChunk:     159748 kB
Time pass: 147 sec

---2015-11-23 15:19:04
MemTotal:        1860984 kB
MemFree:           60060 kB
Buffers:            9184 kB
Cached:           775532 kB
SwapCached:        13428 kB
Active:           595928 kB
Inactive:         702404 kB
Active(anon):     385312 kB
Inactive(anon):   130792 kB
Active(file):     210616 kB
Inactive(file):   571612 kB
Unevictable:         860 kB
Mlocked:               0 kB
HighTotal:       1436668 kB
HighFree:           2452 kB
LowTotal:         424316 kB
LowFree:           57608 kB
SwapTotal:        716796 kB
SwapFree:         576776 kB
Dirty:                60 kB
Writeback:             0 kB
AnonPages:        512688 kB
Mapped:           240840 kB
Shmem:              1628 kB
Slab:              45184 kB
SReclaimable:      14700 kB
SUnreclaim:        30484 kB
KernelStack:       11456 kB
PageTables:        25276 kB
NFS_Unstable:          0 kB
Bounce:                0 kB
WritebackTmp:          0 kB
CommitLimit:     1647288 kB
Committed_AS:   55460156 kB
VmallocTotal:     458752 kB
VmallocUsed:      120928 kB
VmallocChunk:     159748 kB
Time pass: 151 sec

---2015-11-23 15:19:04
MemTotal:        1860984 kB
MemFree:           59124 kB
Buffers:            9184 kB
Cached:           776080 kB
SwapCached:        13428 kB
Active:           596528 kB
Inactive:         702952 kB
Active(anon):     385912 kB
Inactive(anon):   131340 kB
Active(file):     210616 kB
Inactive(file):   571612 kB
Unevictable:         860 kB
Mlocked:               0 kB
HighTotal:       1436668 kB
HighFree:           2604 kB
LowTotal:         424316 kB
LowFree:           56520 kB
SwapTotal:        716796 kB
SwapFree:         576776 kB
Dirty:                 0 kB
Writeback:             0 kB
AnonPages:        513308 kB
Mapped:           241428 kB
Shmem:              2176 kB
Slab:              45160 kB
SReclaimable:      14692 kB
SUnreclaim:        30468 kB
KernelStack:       11464 kB
PageTables:        25292 kB
NFS_Unstable:          0 kB
Bounce:                0 kB
WritebackTmp:          0 kB
CommitLimit:     1647288 kB
Committed_AS:   55459624 kB
VmallocTotal:     458752 kB
VmallocUsed:      120928 kB
VmallocChunk:     159748 kB
Time pass: 154 sec

---2015-11-23 15:19:04
MemTotal:        1860984 kB
MemFree:           61336 kB
Buffers:            9208 kB
Cached:           776080 kB
SwapCached:        13420 kB
Active:           592700 kB
Inactive:         702892 kB
Active(anon):     382084 kB
Inactive(anon):   131256 kB
Active(file):     210616 kB
Inactive(file):   571636 kB
Unevictable:         860 kB
Mlocked:               0 kB
HighTotal:       1436668 kB
HighFree:           4728 kB
LowTotal:         424316 kB
LowFree:           56608 kB
SwapTotal:        716796 kB
SwapFree:         572608 kB
Dirty:                40 kB
Writeback:             0 kB
AnonPages:        509384 kB
Mapped:           241428 kB
Shmem:              2176 kB
Slab:              45184 kB
SReclaimable:      14700 kB
SUnreclaim:        30484 kB
KernelStack:       11464 kB
PageTables:        25292 kB
NFS_Unstable:          0 kB
Bounce:                0 kB
WritebackTmp:          0 kB
CommitLimit:     1647288 kB
Committed_AS:   55459636 kB
VmallocTotal:     458752 kB
VmallocUsed:      120928 kB
VmallocChunk:     159748 kB
Time pass: 158 sec

---2015-11-23 15:19:04
MemTotal:        1860984 kB
MemFree:           61692 kB
Buffers:            9208 kB
Cached:           776080 kB
SwapCached:        13420 kB
Active:           592784 kB
Inactive:         702892 kB
Active(anon):     382168 kB
Inactive(anon):   131256 kB
Active(file):     210616 kB
Inactive(file):   571636 kB
Unevictable:         860 kB
Mlocked:               0 kB
HighTotal:       1436668 kB
HighFree:           3268 kB
LowTotal:         424316 kB
LowFree:           58424 kB
SwapTotal:        716796 kB
SwapFree:         572608 kB
Dirty:                40 kB
Writeback:             0 kB
AnonPages:        509464 kB
Mapped:           241428 kB
Shmem:              2176 kB
Slab:              45204 kB
SReclaimable:      14700 kB
SUnreclaim:        30504 kB
KernelStack:       11464 kB
PageTables:        25292 kB
NFS_Unstable:          0 kB
Bounce:                0 kB
WritebackTmp:          0 kB
CommitLimit:     1647288 kB
Committed_AS:   55459668 kB
VmallocTotal:     458752 kB
VmallocUsed:      120928 kB
VmallocChunk:     159748 kB
Time pass: 161 sec

---2015-11-23 15:19:04
MemTotal:        1860984 kB
MemFree:           63840 kB
Buffers:            9232 kB
Cached:           776064 kB
SwapCached:        13360 kB
Active:           589572 kB
Inactive:         702300 kB
Active(anon):     378956 kB
Inactive(anon):   130656 kB
Active(file):     210616 kB
Inactive(file):   571644 kB
Unevictable:         860 kB
Mlocked:               0 kB
HighTotal:       1436668 kB
HighFree:           5300 kB
LowTotal:         424316 kB
LowFree:           58540 kB
SwapTotal:        716796 kB
SwapFree:         568456 kB
Dirty:                 0 kB
Writeback:            16 kB
AnonPages:        505700 kB
Mapped:           241428 kB
Shmem:              2176 kB
Slab:              45324 kB
SReclaimable:      14704 kB
SUnreclaim:        30620 kB
KernelStack:       11416 kB
PageTables:        25288 kB
NFS_Unstable:          0 kB
Bounce:                0 kB
WritebackTmp:          0 kB
CommitLimit:     1647288 kB
Committed_AS:   55459976 kB
VmallocTotal:     458752 kB
VmallocUsed:      120928 kB
VmallocChunk:     159748 kB
Time pass: 165 sec

---2015-11-23 15:19:04
MemTotal:        1860984 kB
MemFree:           64272 kB
Buffers:            9232 kB
Cached:           776080 kB
SwapCached:        13368 kB
Active:           588996 kB
Inactive:         702316 kB
Active(anon):     378380 kB
Inactive(anon):   130656 kB
Active(file):     210616 kB
Inactive(file):   571660 kB
Unevictable:         860 kB
Mlocked:               0 kB
HighTotal:       1436668 kB
HighFree:           5872 kB
LowTotal:         424316 kB
LowFree:           58400 kB
SwapTotal:        716796 kB
SwapFree:         568456 kB
Dirty:                 0 kB
Writeback:             0 kB
AnonPages:        505228 kB
Mapped:           241428 kB
Shmem:              2176 kB
Slab:              45372 kB
SReclaimable:      14696 kB
SUnreclaim:        30676 kB
KernelStack:       11432 kB
PageTables:        25288 kB
NFS_Unstable:          0 kB
Bounce:                0 kB
WritebackTmp:          0 kB
CommitLimit:     1647288 kB
Committed_AS:   55459772 kB
VmallocTotal:     458752 kB
VmallocUsed:      120928 kB
VmallocChunk:     159748 kB
Time pass: 168 sec

---2015-11-23 15:19:04
MemTotal:        1860984 kB
MemFree:           65980 kB
Buffers:            9256 kB
Cached:           776064 kB
SwapCached:        13368 kB
Active:           585636 kB
Inactive:         701764 kB
Active(anon):     375020 kB
Inactive(anon):   130096 kB
Active(file):     210616 kB
Inactive(file):   571668 kB
Unevictable:         860 kB
Mlocked:               0 kB
HighTotal:       1436668 kB
HighFree:           7556 kB
LowTotal:         424316 kB
LowFree:           58424 kB
SwapTotal:        716796 kB
SwapFree:         564304 kB
Dirty:                28 kB
Writeback:             0 kB
AnonPages:        501324 kB
Mapped:           241440 kB
Shmem:              2176 kB
Slab:              45260 kB
SReclaimable:      14724 kB
SUnreclaim:        30536 kB
KernelStack:       11472 kB
PageTables:        25288 kB
NFS_Unstable:          0 kB
Bounce:                0 kB
WritebackTmp:          0 kB
CommitLimit:     1647288 kB
Committed_AS:   55459752 kB
VmallocTotal:     458752 kB
VmallocUsed:      120928 kB
VmallocChunk:     159748 kB
Time pass: 172 sec

---2015-11-23 15:19:04
MemTotal:        1860984 kB
MemFree:           66920 kB
Buffers:            9256 kB
Cached:           776080 kB
SwapCached:        13368 kB
Active:           585024 kB
Inactive:         701732 kB
Active(anon):     374408 kB
Inactive(anon):   130048 kB
Active(file):     210616 kB
Inactive(file):   571684 kB
Unevictable:         860 kB
Mlocked:               0 kB
HighTotal:       1436668 kB
HighFree:           6928 kB
LowTotal:         424316 kB
LowFree:           59992 kB
SwapTotal:        716796 kB
SwapFree:         564304 kB
Dirty:                 4 kB
Writeback:             0 kB
AnonPages:        500612 kB
Mapped:           241440 kB
Shmem:              2176 kB
Slab:              45280 kB
SReclaimable:      14732 kB
SUnreclaim:        30548 kB
KernelStack:       11392 kB
PageTables:        25288 kB
NFS_Unstable:          0 kB
Bounce:                0 kB
WritebackTmp:          0 kB
CommitLimit:     1647288 kB
Committed_AS:   55458692 kB
VmallocTotal:     458752 kB
VmallocUsed:      120928 kB
VmallocChunk:     159748 kB
Time pass: 176 sec

---2015-11-23 15:19:04
MemTotal:        1860984 kB
MemFree:           66492 kB
Buffers:            9272 kB
Cached:           776060 kB
SwapCached:        13388 kB
Active:           583464 kB
Inactive:         701648 kB
Active(anon):     372848 kB
Inactive(anon):   129948 kB
Active(file):     210616 kB
Inactive(file):   571700 kB
Unevictable:         860 kB
Mlocked:               0 kB
HighTotal:       1436668 kB
HighFree:           7036 kB
LowTotal:         424316 kB
LowFree:           59456 kB
SwapTotal:        716796 kB
SwapFree:         561528 kB
Dirty:                 0 kB
Writeback:             0 kB
AnonPages:        498692 kB
Mapped:           241440 kB
Shmem:              2176 kB
Slab:              45596 kB
SReclaimable:      14892 kB
SUnreclaim:        30704 kB
KernelStack:       11432 kB
PageTables:        25284 kB
NFS_Unstable:          0 kB
Bounce:                0 kB
WritebackTmp:          0 kB
CommitLimit:     1647288 kB
Committed_AS:   55459868 kB
VmallocTotal:     458752 kB
VmallocUsed:      120928 kB
VmallocChunk:     159748 kB
Time pass: 179 sec

---2015-11-23 15:19:04
MemTotal:        1860984 kB
MemFree:           67736 kB
Buffers:            9280 kB
Cached:           776080 kB
SwapCached:        13384 kB
Active:           582552 kB
Inactive:         701412 kB
Active(anon):     371936 kB
Inactive(anon):   129704 kB
Active(file):     210616 kB
Inactive(file):   571708 kB
Unevictable:         860 kB
Mlocked:               0 kB
HighTotal:       1436668 kB
HighFree:           6952 kB
LowTotal:         424316 kB
LowFree:           60784 kB
SwapTotal:        716796 kB
SwapFree:         560436 kB
Dirty:                28 kB
Writeback:             0 kB
AnonPages:        497680 kB
Mapped:           241400 kB
Shmem:              2176 kB
Slab:              45468 kB
SReclaimable:      14812 kB
SUnreclaim:        30656 kB
KernelStack:       11432 kB
PageTables:        25268 kB
NFS_Unstable:          0 kB
Bounce:                0 kB
WritebackTmp:          0 kB
CommitLimit:     1647288 kB
Committed_AS:   55459788 kB
VmallocTotal:     458752 kB
VmallocUsed:      120928 kB
VmallocChunk:     159748 kB
Time pass: 183 sec

---2015-11-23 15:19:04
MemTotal:        1860984 kB
MemFree:           67100 kB
Buffers:            9296 kB
Cached:           776172 kB
SwapCached:        13392 kB
Active:           582656 kB
Inactive:         701712 kB
Active(anon):     372040 kB
Inactive(anon):   129908 kB
Active(file):     210616 kB
Inactive(file):   571804 kB
Unevictable:         860 kB
Mlocked:               0 kB
HighTotal:       1436668 kB
HighFree:           6084 kB
LowTotal:         424316 kB
LowFree:           61016 kB
SwapTotal:        716796 kB
SwapFree:         560632 kB
Dirty:                40 kB
Writeback:             0 kB
AnonPages:        497948 kB
Mapped:           241452 kB
Shmem:              2176 kB
Slab:              45408 kB
SReclaimable:      14812 kB
SUnreclaim:        30596 kB
KernelStack:       11432 kB
PageTables:        25284 kB
NFS_Unstable:          0 kB
Bounce:                0 kB
WritebackTmp:          0 kB
CommitLimit:     1647288 kB
Committed_AS:   55459724 kB
VmallocTotal:     458752 kB
VmallocUsed:      120952 kB
VmallocChunk:     159748 kB
Time pass: 186 sec

---2015-11-23 15:19:04
MemTotal:        1860984 kB
MemFree:           70888 kB
Buffers:            9304 kB
Cached:           776172 kB
SwapCached:        13392 kB
Active:           578512 kB
Inactive:         701784 kB
Active(anon):     367896 kB
Inactive(anon):   129968 kB
Active(file):     210616 kB
Inactive(file):   571816 kB
Unevictable:         860 kB
Mlocked:               0 kB
HighTotal:       1436668 kB
HighFree:           9136 kB
LowTotal:         424316 kB
LowFree:           61752 kB
SwapTotal:        716796 kB
SwapFree:         556532 kB
Dirty:                28 kB
Writeback:             0 kB
AnonPages:        493944 kB
Mapped:           241412 kB
Shmem:              2176 kB
Slab:              45384 kB
SReclaimable:      14780 kB
SUnreclaim:        30604 kB
KernelStack:       11368 kB
PageTables:        25268 kB
NFS_Unstable:          0 kB
Bounce:                0 kB
WritebackTmp:          0 kB
CommitLimit:     1647288 kB
Committed_AS:   55459712 kB
VmallocTotal:     458752 kB
VmallocUsed:      120952 kB
VmallocChunk:     159748 kB
Time pass: 190 sec

---2015-11-23 15:19:04
MemTotal:        1860984 kB
MemFree:           72568 kB
Buffers:            9320 kB
Cached:           776172 kB
SwapCached:        13376 kB
Active:           574252 kB
Inactive:         701880 kB
Active(anon):     363636 kB
Inactive(anon):   130040 kB
Active(file):     210616 kB
Inactive(file):   571840 kB
Unevictable:         860 kB
Mlocked:               0 kB
HighTotal:       1436668 kB
HighFree:          11192 kB
LowTotal:         424316 kB
LowFree:           61376 kB
SwapTotal:        716796 kB
SwapFree:         552368 kB
Dirty:                36 kB
Writeback:             0 kB
AnonPages:        489748 kB
Mapped:           241452 kB
Shmem:              2176 kB
Slab:              45516 kB
SReclaimable:      14660 kB
SUnreclaim:        30856 kB
KernelStack:       11432 kB
PageTables:        25288 kB
NFS_Unstable:          0 kB
Bounce:                0 kB
WritebackTmp:          0 kB
CommitLimit:     1647288 kB
Committed_AS:   55459716 kB
VmallocTotal:     458752 kB
VmallocUsed:      120952 kB
VmallocChunk:     159748 kB
Time pass: 193 sec

---2015-11-23 15:19:04
MemTotal:        1860984 kB
MemFree:           72292 kB
Buffers:            9320 kB
Cached:           776172 kB
SwapCached:        13376 kB
Active:           574268 kB
Inactive:         701880 kB
Active(anon):     363652 kB
Inactive(anon):   130040 kB
Active(file):     210616 kB
Inactive(file):   571840 kB
Unevictable:         860 kB
Mlocked:               0 kB
HighTotal:       1436668 kB
HighFree:          10944 kB
LowTotal:         424316 kB
LowFree:           61348 kB
SwapTotal:        716796 kB
SwapFree:         552368 kB
Dirty:                 0 kB
Writeback:             0 kB
AnonPages:        489752 kB
Mapped:           241452 kB
Shmem:              2176 kB
Slab:              45476 kB
SReclaimable:      14660 kB
SUnreclaim:        30816 kB
KernelStack:       11432 kB
PageTables:        25284 kB
NFS_Unstable:          0 kB
Bounce:                0 kB
WritebackTmp:          0 kB
CommitLimit:     1647288 kB
Committed_AS:   55459704 kB
VmallocTotal:     458752 kB
VmallocUsed:      120952 kB
VmallocChunk:     159748 kB
Time pass: 197 sec

---2015-11-23 15:19:04
MemTotal:        1860984 kB
MemFree:           75068 kB
Buffers:            9344 kB
Cached:           776160 kB
SwapCached:        13376 kB
Active:           570188 kB
Inactive:         701948 kB
Active(anon):     359572 kB
Inactive(anon):   130100 kB
Active(file):     210616 kB
Inactive(file):   571848 kB
Unevictable:         860 kB
Mlocked:               0 kB
HighTotal:       1436668 kB
HighFree:          13456 kB
LowTotal:         424316 kB
LowFree:           61612 kB
SwapTotal:        716796 kB
SwapFree:         548260 kB
Dirty:                28 kB
Writeback:             4 kB
AnonPages:        485852 kB
Mapped:           241452 kB
Shmem:              2176 kB
Slab:              45496 kB
SReclaimable:      14724 kB
SUnreclaim:        30772 kB
KernelStack:       11488 kB
PageTables:        25212 kB
NFS_Unstable:          0 kB
Bounce:                0 kB
WritebackTmp:          0 kB
CommitLimit:     1647288 kB
Committed_AS:   55459736 kB
VmallocTotal:     458752 kB
VmallocUsed:      120952 kB
VmallocChunk:     159748 kB
Time pass: 201 sec

---2015-11-23 15:19:04
MemTotal:        1860984 kB
MemFree:           73544 kB
Buffers:            9344 kB
Cached:           776172 kB
SwapCached:        13376 kB
Active:           571388 kB
Inactive:         701960 kB
Active(anon):     360772 kB
Inactive(anon):   130096 kB
Active(file):     210616 kB
Inactive(file):   571864 kB
Unevictable:         860 kB
Mlocked:               0 kB
HighTotal:       1436668 kB
HighFree:          12092 kB
LowTotal:         424316 kB
LowFree:           61452 kB
SwapTotal:        716796 kB
SwapFree:         548264 kB
Dirty:                 0 kB
Writeback:             0 kB
AnonPages:        487036 kB
Mapped:           241452 kB
Shmem:              2176 kB
Slab:              45508 kB
SReclaimable:      14692 kB
SUnreclaim:        30816 kB
KernelStack:       11400 kB
PageTables:        25284 kB
NFS_Unstable:          0 kB
Bounce:                0 kB
WritebackTmp:          0 kB
CommitLimit:     1647288 kB
Committed_AS:   55460912 kB
VmallocTotal:     458752 kB
VmallocUsed:      120992 kB
VmallocChunk:     159748 kB
Time pass: 204 sec

---2015-11-23 15:19:04
MemTotal:        1860984 kB
MemFree:           74588 kB
Buffers:            9352 kB
Cached:           776168 kB
SwapCached:        13380 kB
Active:           569624 kB
Inactive:         701836 kB
Active(anon):     359008 kB
Inactive(anon):   129972 kB
Active(file):     210616 kB
Inactive(file):   571864 kB
Unevictable:         860 kB
Mlocked:               0 kB
HighTotal:       1436668 kB
HighFree:          12912 kB
LowTotal:         424316 kB
LowFree:           61676 kB
SwapTotal:        716796 kB
SwapFree:         547424 kB
Dirty:                28 kB
Writeback:             0 kB
AnonPages:        485480 kB
Mapped:           241452 kB
Shmem:              2176 kB
Slab:              45456 kB
SReclaimable:      14708 kB
SUnreclaim:        30748 kB
KernelStack:       11448 kB
PageTables:        25288 kB
NFS_Unstable:          0 kB
Bounce:                0 kB
WritebackTmp:          0 kB
CommitLimit:     1647288 kB
Committed_AS:   55460892 kB
VmallocTotal:     458752 kB
VmallocUsed:      120952 kB
VmallocChunk:     159748 kB
Time pass: 208 sec

---2015-11-23 15:19:04
MemTotal:        1860984 kB
MemFree:           76304 kB
Buffers:            9368 kB
Cached:           776172 kB
SwapCached:        13384 kB
Active:           567300 kB
Inactive:         702052 kB
Active(anon):     356684 kB
Inactive(anon):   130164 kB
Active(file):     210616 kB
Inactive(file):   571888 kB
Unevictable:         860 kB
Mlocked:               0 kB
HighTotal:       1436668 kB
HighFree:          14388 kB
LowTotal:         424316 kB
LowFree:           61916 kB
SwapTotal:        716796 kB
SwapFree:         544164 kB
Dirty:                40 kB
Writeback:             0 kB
AnonPages:        482932 kB
Mapped:           241452 kB
Shmem:              2176 kB
Slab:              45360 kB
SReclaimable:      14704 kB
SUnreclaim:        30656 kB
KernelStack:       11432 kB
PageTables:        25288 kB
NFS_Unstable:          0 kB
Bounce:                0 kB
WritebackTmp:          0 kB
CommitLimit:     1647288 kB
Committed_AS:   55460824 kB
VmallocTotal:     458752 kB
VmallocUsed:      120952 kB
VmallocChunk:     159748 kB
Time pass: 211 sec

---2015-11-23 15:19:04
MemTotal:        1860984 kB
MemFree:           76932 kB
Buffers:            9376 kB
Cached:           776184 kB
SwapCached:        13372 kB
Active:           565228 kB
Inactive:         701892 kB
Active(anon):     354612 kB
Inactive(anon):   130004 kB
Active(file):     210616 kB
Inactive(file):   571888 kB
Unevictable:         860 kB
Mlocked:               0 kB
HighTotal:       1436668 kB
HighFree:          14700 kB
LowTotal:         424316 kB
LowFree:           62232 kB
SwapTotal:        716796 kB
SwapFree:         541836 kB
Dirty:                28 kB
Writeback:             0 kB
AnonPages:        480832 kB
Mapped:           241452 kB
Shmem:              2176 kB
Slab:              45272 kB
SReclaimable:      14688 kB
SUnreclaim:        30584 kB
KernelStack:       11392 kB
PageTables:        25288 kB
NFS_Unstable:          0 kB
Bounce:                0 kB
WritebackTmp:          0 kB
CommitLimit:     1647288 kB
Committed_AS:   55460956 kB
VmallocTotal:     458752 kB
VmallocUsed:      120952 kB
VmallocChunk:     159748 kB
Time pass: 215 sec

---2015-11-23 15:19:04
MemTotal:        1860984 kB
MemFree:           74820 kB
Buffers:            9392 kB
Cached:           776200 kB
SwapCached:        13732 kB
Active:           565340 kB
Inactive:         702668 kB
Active(anon):     354708 kB
Inactive(anon):   130744 kB
Active(file):     210632 kB
Inactive(file):   571924 kB
Unevictable:         860 kB
Mlocked:               0 kB
HighTotal:       1436668 kB
HighFree:          13312 kB
LowTotal:         424316 kB
LowFree:           61508 kB
SwapTotal:        716796 kB
SwapFree:         540060 kB
Dirty:                40 kB
Writeback:             0 kB
AnonPages:        481252 kB
Mapped:           241660 kB
Shmem:              2176 kB
Slab:              45384 kB
SReclaimable:      14756 kB
SUnreclaim:        30628 kB
KernelStack:       11496 kB
PageTables:        25580 kB
NFS_Unstable:          0 kB
Bounce:                0 kB
WritebackTmp:          0 kB
CommitLimit:     1647288 kB
Committed_AS:   56249564 kB
VmallocTotal:     458752 kB
VmallocUsed:      121972 kB
VmallocChunk:     159748 kB
Time pass: 218 sec

---2015-11-23 15:19:04
MemTotal:        1860984 kB
MemFree:           75108 kB
Buffers:            9400 kB
Cached:           776188 kB
SwapCached:        13732 kB
Active:           562704 kB
Inactive:         702960 kB
Active(anon):     352072 kB
Inactive(anon):   131036 kB
Active(file):     210632 kB
Inactive(file):   571924 kB
Unevictable:         860 kB
Mlocked:               0 kB
HighTotal:       1436668 kB
HighFree:          13132 kB
LowTotal:         424316 kB
LowFree:           61976 kB
SwapTotal:        716796 kB
SwapFree:         537688 kB
Dirty:                 0 kB
Writeback:             0 kB
AnonPages:        478964 kB
Mapped:           241620 kB
Shmem:              2176 kB
Slab:              45392 kB
SReclaimable:      14744 kB
SUnreclaim:        30648 kB
KernelStack:       11456 kB
PageTables:        25564 kB
NFS_Unstable:          0 kB
Bounce:                0 kB
WritebackTmp:          0 kB
CommitLimit:     1647288 kB
Committed_AS:   56249624 kB
VmallocTotal:     458752 kB
VmallocUsed:      121972 kB
VmallocChunk:     159748 kB
Time pass: 222 sec

---2015-11-23 15:19:04
MemTotal:        1860984 kB
MemFree:           75600 kB
Buffers:            9416 kB
Cached:           776200 kB
SwapCached:        13728 kB
Active:           561872 kB
Inactive:         702636 kB
Active(anon):     351240 kB
Inactive(anon):   130688 kB
Active(file):     210632 kB
Inactive(file):   571948 kB
Unevictable:         860 kB
Mlocked:               0 kB
HighTotal:       1436668 kB
HighFree:          13568 kB
LowTotal:         424316 kB
LowFree:           62032 kB
SwapTotal:        716796 kB
SwapFree:         535920 kB
Dirty:                48 kB
Writeback:             0 kB
AnonPages:        477516 kB
Mapped:           241660 kB
Shmem:              2176 kB
Slab:              45316 kB
SReclaimable:      14716 kB
SUnreclaim:        30600 kB
KernelStack:       11448 kB
PageTables:        25580 kB
NFS_Unstable:          0 kB
Bounce:                0 kB
WritebackTmp:          0 kB
CommitLimit:     1647288 kB
Committed_AS:   56249624 kB
VmallocTotal:     458752 kB
VmallocUsed:      121972 kB
VmallocChunk:     159748 kB
Time pass: 226 sec

---2015-11-23 15:19:04
MemTotal:        1860984 kB
MemFree:           76452 kB
Buffers:            9416 kB
Cached:           776196 kB
SwapCached:        13732 kB
Active:           560976 kB
Inactive:         702380 kB
Active(anon):     350344 kB
Inactive(anon):   130432 kB
Active(file):     210632 kB
Inactive(file):   571948 kB
Unevictable:         860 kB
Mlocked:               0 kB
HighTotal:       1436668 kB
HighFree:          14012 kB
LowTotal:         424316 kB
LowFree:           62440 kB
SwapTotal:        716796 kB
SwapFree:         534660 kB
Dirty:                 0 kB
Writeback:             0 kB
AnonPages:        476640 kB
Mapped:           241660 kB
Shmem:              2176 kB
Slab:              45360 kB
SReclaimable:      14716 kB
SUnreclaim:        30644 kB
KernelStack:       11448 kB
PageTables:        25580 kB
NFS_Unstable:          0 kB
Bounce:                0 kB
WritebackTmp:          0 kB
CommitLimit:     1647288 kB
Committed_AS:   56249724 kB
VmallocTotal:     458752 kB
VmallocUsed:      121972 kB
VmallocChunk:     159748 kB
Time pass: 229 sec

---2015-11-23 15:19:04
MemTotal:        1860984 kB
MemFree:           77324 kB
Buffers:            9448 kB
Cached:           776184 kB
SwapCached:        13724 kB
Active:           559748 kB
Inactive:         701548 kB
Active(anon):     349116 kB
Inactive(anon):   129584 kB
Active(file):     210632 kB
Inactive(file):   571964 kB
Unevictable:         860 kB
Mlocked:               0 kB
HighTotal:       1436668 kB
HighFree:          15368 kB
LowTotal:         424316 kB
LowFree:           61956 kB
SwapTotal:        716796 kB
SwapFree:         531780 kB
Dirty:                60 kB
Writeback:             0 kB
AnonPages:        474468 kB
Mapped:           241660 kB
Shmem:              2176 kB
Slab:              45460 kB
SReclaimable:      14812 kB
SUnreclaim:        30648 kB
KernelStack:       11536 kB
PageTables:        25584 kB
NFS_Unstable:          0 kB
Bounce:                0 kB
WritebackTmp:          0 kB
CommitLimit:     1647288 kB
Committed_AS:   56249760 kB
VmallocTotal:     458752 kB
VmallocUsed:      121972 kB
VmallocChunk:     159748 kB
Time pass: 233 sec

---2015-11-23 15:19:04
MemTotal:        1860984 kB
MemFree:           77448 kB
Buffers:            9448 kB
Cached:           776200 kB
SwapCached:        13724 kB
Active:           559908 kB
Inactive:         701568 kB
Active(anon):     349276 kB
Inactive(anon):   129588 kB
Active(file):     210632 kB
Inactive(file):   571980 kB
Unevictable:         860 kB
Mlocked:               0 kB
HighTotal:       1436668 kB
HighFree:          15740 kB
LowTotal:         424316 kB
LowFree:           61708 kB
SwapTotal:        716796 kB
SwapFree:         531784 kB
Dirty:                 0 kB
Writeback:             0 kB
AnonPages:        474444 kB
Mapped:           241660 kB
Shmem:              2176 kB
Slab:              45476 kB
SReclaimable:      14812 kB
SUnreclaim:        30664 kB
KernelStack:       11520 kB
PageTables:        25584 kB
NFS_Unstable:          0 kB
Bounce:                0 kB
WritebackTmp:          0 kB
CommitLimit:     1647288 kB
Committed_AS:   56249784 kB
VmallocTotal:     458752 kB
VmallocUsed:      121972 kB
VmallocChunk:     159748 kB
Time pass: 236 sec

---2015-11-23 15:19:04
MemTotal:        1860984 kB
MemFree:           77936 kB
Buffers:            9456 kB
Cached:           776200 kB
SwapCached:        13724 kB
Active:           559080 kB
Inactive:         701568 kB
Active(anon):     348448 kB
Inactive(anon):   129588 kB
Active(file):     210632 kB
Inactive(file):   571980 kB
Unevictable:         860 kB
Mlocked:               0 kB
HighTotal:       1436668 kB
HighFree:          15988 kB
LowTotal:         424316 kB
LowFree:           61948 kB
SwapTotal:        716796 kB
SwapFree:         531784 kB
Dirty:                28 kB
Writeback:             0 kB
AnonPages:        473848 kB
Mapped:           241664 kB
Shmem:              2176 kB
Slab:              45528 kB
SReclaimable:      14812 kB
SUnreclaim:        30716 kB
KernelStack:       11496 kB
PageTables:        25584 kB
NFS_Unstable:          0 kB
Bounce:                0 kB
WritebackTmp:          0 kB
CommitLimit:     1647288 kB
Committed_AS:   56248776 kB
VmallocTotal:     458752 kB
VmallocUsed:      121972 kB
VmallocChunk:     159748 kB
Time pass: 240 sec

---2015-11-23 15:19:04
MemTotal:        1860984 kB
MemFree:           76224 kB
Buffers:            9472 kB
Cached:           776200 kB
SwapCached:        13724 kB
Active:           560692 kB
Inactive:         701592 kB
Active(anon):     350060 kB
Inactive(anon):   129588 kB
Active(file):     210632 kB
Inactive(file):   572004 kB
Unevictable:         860 kB
Mlocked:               0 kB
HighTotal:       1436668 kB
HighFree:          14492 kB
LowTotal:         424316 kB
LowFree:           61732 kB
SwapTotal:        716796 kB
SwapFree:         531784 kB
Dirty:                40 kB
Writeback:             0 kB
AnonPages:        475352 kB
Mapped:           241664 kB
Shmem:              2176 kB
Slab:              45564 kB
SReclaimable:      14848 kB
SUnreclaim:        30716 kB
KernelStack:       11496 kB
PageTables:        25584 kB
NFS_Unstable:          0 kB
Bounce:                0 kB
WritebackTmp:          0 kB
CommitLimit:     1647288 kB
Committed_AS:   56249948 kB
VmallocTotal:     458752 kB
VmallocUsed:      121972 kB
VmallocChunk:     159748 kB
Time pass: 243 sec

---2015-11-23 15:19:04
MemTotal:        1860984 kB
MemFree:           79920 kB
Buffers:            9480 kB
Cached:           776200 kB
SwapCached:        13724 kB
Active:           557612 kB
Inactive:         700764 kB
Active(anon):     346980 kB
Inactive(anon):   128760 kB
Active(file):     210632 kB
Inactive(file):   572004 kB
Unevictable:         860 kB
Mlocked:               0 kB
HighTotal:       1436668 kB
HighFree:          17428 kB
LowTotal:         424316 kB
LowFree:           62492 kB
SwapTotal:        716796 kB
SwapFree:         527636 kB
Dirty:                28 kB
Writeback:             0 kB
AnonPages:        471388 kB
Mapped:           241664 kB
Shmem:              2176 kB
Slab:              45664 kB
SReclaimable:      14876 kB
SUnreclaim:        30788 kB
KernelStack:       11440 kB
PageTables:        25584 kB
NFS_Unstable:          0 kB
Bounce:                0 kB
WritebackTmp:          0 kB
CommitLimit:     1647288 kB
Committed_AS:   56249904 kB
VmallocTotal:     458752 kB
VmallocUsed:      121972 kB
VmallocChunk:     159748 kB
Time pass: 247 sec

---2015-11-23 15:19:04
MemTotal:        1860984 kB
MemFree:           86184 kB
Buffers:            9496 kB
Cached:           776200 kB
SwapCached:        14376 kB
Active:           553288 kB
Inactive:         698824 kB
Active(anon):     342656 kB
Inactive(anon):   126796 kB
Active(file):     210632 kB
Inactive(file):   572028 kB
Unevictable:         860 kB
Mlocked:               0 kB
HighTotal:       1436668 kB
HighFree:          23764 kB
LowTotal:         424316 kB
LowFree:           62420 kB
SwapTotal:        716796 kB
SwapFree:         527636 kB
Dirty:                40 kB
Writeback:             0 kB
AnonPages:        465168 kB
Mapped:           241664 kB
Shmem:              2176 kB
Slab:              45660 kB
SReclaimable:      14864 kB
SUnreclaim:        30796 kB
KernelStack:       11496 kB
PageTables:        25584 kB
NFS_Unstable:          0 kB
Bounce:                0 kB
WritebackTmp:          0 kB
CommitLimit:     1647288 kB
Committed_AS:   56249876 kB
VmallocTotal:     458752 kB
VmallocUsed:      121972 kB
VmallocChunk:     159748 kB
Time pass: 250 sec

---2015-11-23 15:19:04
MemTotal:        1860984 kB
MemFree:           85308 kB
Buffers:            9496 kB
Cached:           776200 kB
SwapCached:        14376 kB
Active:           553512 kB
Inactive:         698824 kB
Active(anon):     342880 kB
Inactive(anon):   126796 kB
Active(file):     210632 kB
Inactive(file):   572028 kB
Unevictable:         860 kB
Mlocked:               0 kB
HighTotal:       1436668 kB
HighFree:          23144 kB
LowTotal:         424316 kB
LowFree:           62164 kB
SwapTotal:        716796 kB
SwapFree:         527636 kB
Dirty:                 4 kB
Writeback:             0 kB
AnonPages:        465432 kB
Mapped:           241664 kB
Shmem:              2176 kB
Slab:              45716 kB
SReclaimable:      14864 kB
SUnreclaim:        30852 kB
KernelStack:       11480 kB
PageTables:        25584 kB
NFS_Unstable:          0 kB
Bounce:                0 kB
WritebackTmp:          0 kB
CommitLimit:     1647288 kB
Committed_AS:   56249904 kB
VmallocTotal:     458752 kB
VmallocUsed:      121972 kB
VmallocChunk:     159748 kB
Time pass: 254 sec

---2015-11-23 15:19:04
MemTotal:        1860984 kB
MemFree:           88548 kB
Buffers:            9520 kB
Cached:           776200 kB
SwapCached:        14112 kB
Active:           550720 kB
Inactive:         697636 kB
Active(anon):     340088 kB
Inactive(anon):   125584 kB
Active(file):     210632 kB
Inactive(file):   572052 kB
Unevictable:         860 kB
Mlocked:               0 kB
HighTotal:       1436668 kB
HighFree:          25488 kB
LowTotal:         424316 kB
LowFree:           63060 kB
SwapTotal:        716796 kB
SwapFree:         523792 kB
Dirty:                 0 kB
Writeback:             0 kB
AnonPages:        461320 kB
Mapped:           241640 kB
Shmem:              2176 kB
Slab:              45692 kB
SReclaimable:      14828 kB
SUnreclaim:        30864 kB
KernelStack:       11480 kB
PageTables:        25584 kB
NFS_Unstable:          0 kB
Bounce:                0 kB
WritebackTmp:          0 kB
CommitLimit:     1647288 kB
Committed_AS:   56249884 kB
VmallocTotal:     458752 kB
VmallocUsed:      121972 kB
VmallocChunk:     159748 kB
Time pass: 257 sec

---2015-11-23 15:19:04
MemTotal:        1860984 kB
MemFree:           88284 kB
Buffers:            9520 kB
Cached:           776200 kB
SwapCached:        14112 kB
Active:           550660 kB
Inactive:         697612 kB
Active(anon):     340028 kB
Inactive(anon):   125560 kB
Active(file):     210632 kB
Inactive(file):   572052 kB
Unevictable:         860 kB
Mlocked:               0 kB
HighTotal:       1436668 kB
HighFree:          25364 kB
LowTotal:         424316 kB
LowFree:           62920 kB
SwapTotal:        716796 kB
SwapFree:         523792 kB
Dirty:                 0 kB
Writeback:             0 kB
AnonPages:        461424 kB
Mapped:           241640 kB
Shmem:              2176 kB
Slab:              45696 kB
SReclaimable:      14828 kB
SUnreclaim:        30868 kB
KernelStack:       11496 kB
PageTables:        25584 kB
NFS_Unstable:          0 kB
Bounce:                0 kB
WritebackTmp:          0 kB
CommitLimit:     1647288 kB
Committed_AS:   56249892 kB
VmallocTotal:     458752 kB
VmallocUsed:      121972 kB
VmallocChunk:     159748 kB
Time pass: 261 sec

---2015-11-23 15:19:04
MemTotal:        1860984 kB
MemFree:           87668 kB
Buffers:            9544 kB
Cached:           776192 kB
SwapCached:        14112 kB
Active:           550804 kB
Inactive:         697628 kB
Active(anon):     340172 kB
Inactive(anon):   125560 kB
Active(file):     210632 kB
Inactive(file):   572068 kB
Unevictable:         860 kB
Mlocked:               0 kB
HighTotal:       1436668 kB
HighFree:          24868 kB
LowTotal:         424316 kB
LowFree:           62800 kB
SwapTotal:        716796 kB
SwapFree:         523792 kB
Dirty:                36 kB
Writeback:             0 kB
AnonPages:        461444 kB
Mapped:           241640 kB
Shmem:              2176 kB
Slab:              45716 kB
SReclaimable:      14828 kB
SUnreclaim:        30888 kB
KernelStack:       11520 kB
PageTables:        25584 kB
NFS_Unstable:          0 kB
Bounce:                0 kB
WritebackTmp:          0 kB
CommitLimit:     1647288 kB
Committed_AS:   56249824 kB
VmallocTotal:     458752 kB
VmallocUsed:      121972 kB
VmallocChunk:     159748 kB
Time pass: 264 sec

---2015-11-23 15:19:04
MemTotal:        1860984 kB
MemFree:           91488 kB
Buffers:            9544 kB
Cached:           776200 kB
SwapCached:        14112 kB
Active:           546912 kB
Inactive:         696364 kB
Active(anon):     336280 kB
Inactive(anon):   124288 kB
Active(file):     210632 kB
Inactive(file):   572076 kB
Unevictable:         860 kB
Mlocked:               0 kB
HighTotal:       1436668 kB
HighFree:          28660 kB
LowTotal:         424316 kB
LowFree:           62828 kB
SwapTotal:        716796 kB
SwapFree:         519580 kB
Dirty:                 0 kB
Writeback:             0 kB
AnonPages:        456496 kB
Mapped:           241640 kB
Shmem:              2176 kB
Slab:              45748 kB
SReclaimable:      14856 kB
SUnreclaim:        30892 kB
KernelStack:       11512 kB
PageTables:        25584 kB
NFS_Unstable:          0 kB
Bounce:                0 kB
WritebackTmp:          0 kB
CommitLimit:     1647288 kB
Committed_AS:   56249980 kB
VmallocTotal:     458752 kB
VmallocUsed:      121972 kB
VmallocChunk:     159748 kB
Time pass: 268 sec

---2015-11-23 15:19:04
MemTotal:        1860984 kB
MemFree:           92144 kB
Buffers:            9552 kB
Cached:           776200 kB
SwapCached:        14112 kB
Active:           546936 kB
Inactive:         696352 kB
Active(anon):     336304 kB
Inactive(anon):   124276 kB
Active(file):     210632 kB
Inactive(file):   572076 kB
Unevictable:         860 kB
Mlocked:               0 kB
HighTotal:       1436668 kB
HighFree:          28828 kB
LowTotal:         424316 kB
LowFree:           63316 kB
SwapTotal:        716796 kB
SwapFree:         519584 kB
Dirty:                28 kB
Writeback:             0 kB
AnonPages:        456332 kB
Mapped:           241640 kB
Shmem:              2176 kB
Slab:              45744 kB
SReclaimable:      14840 kB
SUnreclaim:        30904 kB
KernelStack:       11472 kB
PageTables:        25584 kB
NFS_Unstable:          0 kB
Bounce:                0 kB
WritebackTmp:          0 kB
CommitLimit:     1647288 kB
Committed_AS:   56248820 kB
VmallocTotal:     458752 kB
VmallocUsed:      121972 kB
VmallocChunk:     159748 kB
Time pass: 271 sec

---2015-11-23 15:19:04
MemTotal:        1860984 kB
MemFree:           93432 kB
Buffers:            9568 kB
Cached:           776196 kB
SwapCached:        14372 kB
Active:           546076 kB
Inactive:         695444 kB
Active(anon):     335444 kB
Inactive(anon):   123344 kB
Active(file):     210632 kB
Inactive(file):   572100 kB
Unevictable:         860 kB
Mlocked:               0 kB
HighTotal:       1436668 kB
HighFree:          29724 kB
LowTotal:         424316 kB
LowFree:           63708 kB
SwapTotal:        716796 kB
SwapFree:         516268 kB
Dirty:                36 kB
Writeback:             0 kB
AnonPages:        454588 kB
Mapped:           241636 kB
Shmem:              2172 kB
Slab:              45540 kB
SReclaimable:      14768 kB
SUnreclaim:        30772 kB
KernelStack:       11480 kB
PageTables:        25584 kB
NFS_Unstable:          0 kB
Bounce:                0 kB
WritebackTmp:          0 kB
CommitLimit:     1647288 kB
Committed_AS:   56247820 kB
VmallocTotal:     458752 kB
VmallocUsed:      121972 kB
VmallocChunk:     159748 kB
Time pass: 275 sec

---2015-11-23 15:19:04
MemTotal:        1860984 kB
MemFree:           93540 kB
Buffers:            9584 kB
Cached:           776196 kB
SwapCached:        14368 kB
Active:           546188 kB
Inactive:         695460 kB
Active(anon):     335556 kB
Inactive(anon):   123344 kB
Active(file):     210632 kB
Inactive(file):   572116 kB
Unevictable:         860 kB
Mlocked:               0 kB
HighTotal:       1436668 kB
HighFree:          29660 kB
LowTotal:         424316 kB
LowFree:           63880 kB
SwapTotal:        716796 kB
SwapFree:         516272 kB
Dirty:                40 kB
Writeback:             0 kB
AnonPages:        454640 kB
Mapped:           241636 kB
Shmem:              2172 kB
Slab:              45516 kB
SReclaimable:      14772 kB
SUnreclaim:        30744 kB
KernelStack:       11480 kB
PageTables:        25584 kB
NFS_Unstable:          0 kB
Bounce:                0 kB
WritebackTmp:          0 kB
CommitLimit:     1647288 kB
Committed_AS:   56247844 kB
VmallocTotal:     458752 kB
VmallocUsed:      121972 kB
VmallocChunk:     159748 kB
Time pass: 278 sec

---2015-11-23 15:19:04
MemTotal:        1860984 kB
MemFree:           93416 kB
Buffers:            9592 kB
Cached:           776188 kB
SwapCached:        14656 kB
Active:           545876 kB
Inactive:         695756 kB
Active(anon):     335244 kB
Inactive(anon):   123640 kB
Active(file):     210632 kB
Inactive(file):   572116 kB
Unevictable:         860 kB
Mlocked:               0 kB
HighTotal:       1436668 kB
HighFree:          29412 kB
LowTotal:         424316 kB
LowFree:           64004 kB
SwapTotal:        716796 kB
SwapFree:         516284 kB
Dirty:                 0 kB
Writeback:             0 kB
AnonPages:        454616 kB
Mapped:           241636 kB
Shmem:              2172 kB
Slab:              45560 kB
SReclaimable:      14772 kB
SUnreclaim:        30788 kB
KernelStack:       11480 kB
PageTables:        25584 kB
NFS_Unstable:          0 kB
Bounce:                0 kB
WritebackTmp:          0 kB
CommitLimit:     1647288 kB
Committed_AS:   56247824 kB
VmallocTotal:     458752 kB
VmallocUsed:      121972 kB
VmallocChunk:     159748 kB
Time pass: 282 sec

---2015-11-23 15:19:04
MemTotal:        1860984 kB
MemFree:           97324 kB
Buffers:            9608 kB
Cached:           776196 kB
SwapCached:        14656 kB
Active:           543420 kB
Inactive:         694212 kB
Active(anon):     332788 kB
Inactive(anon):   122072 kB
Active(file):     210632 kB
Inactive(file):   572140 kB
Unevictable:         860 kB
Mlocked:               0 kB
HighTotal:       1436668 kB
HighFree:          32500 kB
LowTotal:         424316 kB
LowFree:           64824 kB
SwapTotal:        716796 kB
SwapFree:         512088 kB
Dirty:                 0 kB
Writeback:             0 kB
AnonPages:        450588 kB
Mapped:           241636 kB
Shmem:              2172 kB
Slab:              45512 kB
SReclaimable:      14776 kB
SUnreclaim:        30736 kB
KernelStack:       11480 kB
PageTables:        25584 kB
NFS_Unstable:          0 kB
Bounce:                0 kB
WritebackTmp:          0 kB
CommitLimit:     1647288 kB
Committed_AS:   56247840 kB
VmallocTotal:     458752 kB
VmallocUsed:      121972 kB
VmallocChunk:     159748 kB
Time pass: 285 sec

---2015-11-23 15:19:04
MemTotal:        1860984 kB
MemFree:           96456 kB
Buffers:            9608 kB
Cached:           776196 kB
SwapCached:        14656 kB
Active:           543596 kB
Inactive:         694212 kB
Active(anon):     332964 kB
Inactive(anon):   122072 kB
Active(file):     210632 kB
Inactive(file):   572140 kB
Unevictable:         860 kB
Mlocked:               0 kB
HighTotal:       1436668 kB
HighFree:          32004 kB
LowTotal:         424316 kB
LowFree:           64452 kB
SwapTotal:        716796 kB
SwapFree:         512088 kB
Dirty:                 0 kB
Writeback:             0 kB
AnonPages:        450720 kB
Mapped:           241636 kB
Shmem:              2172 kB
Slab:              45516 kB
SReclaimable:      14776 kB
SUnreclaim:        30740 kB
KernelStack:       11496 kB
PageTables:        25584 kB
NFS_Unstable:          0 kB
Bounce:                0 kB
WritebackTmp:          0 kB
CommitLimit:     1647288 kB
Committed_AS:   56247856 kB
VmallocTotal:     458752 kB
VmallocUsed:      121972 kB
VmallocChunk:     159748 kB
Time pass: 289 sec

---2015-11-23 15:19:04
MemTotal:        1860984 kB
MemFree:           97424 kB
Buffers:            9632 kB
Cached:           776176 kB
SwapCached:        14660 kB
Active:           541036 kB
Inactive:         693120 kB
Active(anon):     330404 kB
Inactive(anon):   120972 kB
Active(file):     210632 kB
Inactive(file):   572148 kB
Unevictable:         860 kB
Mlocked:               0 kB
HighTotal:       1436668 kB
HighFree:          32748 kB
LowTotal:         424316 kB
LowFree:           64676 kB
SwapTotal:        716796 kB
SwapFree:         508656 kB
Dirty:                28 kB
Writeback:             0 kB
AnonPages:        447392 kB
Mapped:           241636 kB
Shmem:              2172 kB
Slab:              45628 kB
SReclaimable:      14776 kB
SUnreclaim:        30852 kB
KernelStack:       11488 kB
PageTables:        25584 kB
NFS_Unstable:          0 kB
Bounce:                0 kB
WritebackTmp:          0 kB
CommitLimit:     1647288 kB
Committed_AS:   56247852 kB
VmallocTotal:     458752 kB
VmallocUsed:      121972 kB
VmallocChunk:     159748 kB
Time pass: 293 sec

---2015-11-23 15:19:04
MemTotal:        1860984 kB
MemFree:           97548 kB
Buffers:            9632 kB
Cached:           776196 kB
SwapCached:        14656 kB
Active:           540556 kB
Inactive:         693136 kB
Active(anon):     329924 kB
Inactive(anon):   120972 kB
Active(file):     210632 kB
Inactive(file):   572164 kB
Unevictable:         860 kB
Mlocked:               0 kB
HighTotal:       1436668 kB
HighFree:          32964 kB
LowTotal:         424316 kB
LowFree:           64584 kB
SwapTotal:        716796 kB
SwapFree:         507888 kB
Dirty:                 0 kB
Writeback:             0 kB
AnonPages:        446888 kB
Mapped:           241636 kB
Shmem:              2172 kB
Slab:              45600 kB
SReclaimable:      14800 kB
SUnreclaim:        30800 kB
KernelStack:       11488 kB
PageTables:        25580 kB
NFS_Unstable:          0 kB
Bounce:                0 kB
WritebackTmp:          0 kB
CommitLimit:     1647288 kB
Committed_AS:   56247856 kB
VmallocTotal:     458752 kB
VmallocUsed:      121972 kB
VmallocChunk:     159748 kB
Time pass: 296 sec

---2015-11-23 15:19:04
MemTotal:        1860984 kB
MemFree:           97908 kB
Buffers:            9640 kB
Cached:           776196 kB
SwapCached:        14656 kB
Active:           539812 kB
Inactive:         693144 kB
Active(anon):     329180 kB
Inactive(anon):   120972 kB
Active(file):     210632 kB
Inactive(file):   572172 kB
Unevictable:         860 kB
Mlocked:               0 kB
HighTotal:       1436668 kB
HighFree:          33408 kB
LowTotal:         424316 kB
LowFree:           64500 kB
SwapTotal:        716796 kB
SwapFree:         507888 kB
Dirty:                28 kB
Writeback:             0 kB
AnonPages:        445796 kB
Mapped:           241636 kB
Shmem:              2172 kB
Slab:              45640 kB
SReclaimable:      14808 kB
SUnreclaim:        30832 kB
KernelStack:       11472 kB
PageTables:        25576 kB
NFS_Unstable:          0 kB
Bounce:                0 kB
WritebackTmp:          0 kB
CommitLimit:     1647288 kB
Committed_AS:   56248028 kB
VmallocTotal:     458752 kB
VmallocUsed:      121972 kB
VmallocChunk:     159748 kB
Time pass: 300 sec

---2015-11-23 15:19:04
MemTotal:        1860984 kB
MemFree:           97832 kB
Buffers:            9656 kB
Cached:           776192 kB
SwapCached:        14660 kB
Active:           539528 kB
Inactive:         692776 kB
Active(anon):     328896 kB
Inactive(anon):   120588 kB
Active(file):     210632 kB
Inactive(file):   572188 kB
Unevictable:         860 kB
Mlocked:               0 kB
HighTotal:       1436668 kB
HighFree:          33336 kB
LowTotal:         424316 kB
LowFree:           64496 kB
SwapTotal:        716796 kB
SwapFree:         507356 kB
Dirty:                40 kB
Writeback:             0 kB
AnonPages:        445252 kB
Mapped:           241636 kB
Shmem:              2172 kB
Slab:              45636 kB
SReclaimable:      14804 kB
SUnreclaim:        30832 kB
KernelStack:       11472 kB
PageTables:        25580 kB
NFS_Unstable:          0 kB
Bounce:                0 kB
WritebackTmp:          0 kB
CommitLimit:     1647288 kB
Committed_AS:   56246680 kB
VmallocTotal:     458752 kB
VmallocUsed:      121972 kB
VmallocChunk:     159748 kB
Time pass: 303 sec

---2015-11-23 15:19:04
MemTotal:        1860984 kB
MemFree:           99216 kB
Buffers:            9672 kB
Cached:           776196 kB
SwapCached:        14656 kB
Active:           538332 kB
Inactive:         691744 kB
Active(anon):     327700 kB
Inactive(anon):   119540 kB
Active(file):     210632 kB
Inactive(file):   572204 kB
Unevictable:         860 kB
Mlocked:               0 kB
HighTotal:       1436668 kB
HighFree:          33712 kB
LowTotal:         424316 kB
LowFree:           65504 kB
SwapTotal:        716796 kB
SwapFree:         503756 kB
Dirty:                40 kB
Writeback:             0 kB
AnonPages:        442904 kB
Mapped:           241636 kB
Shmem:              2172 kB
Slab:              45576 kB
SReclaimable:      14804 kB
SUnreclaim:        30772 kB
KernelStack:       11440 kB
PageTables:        25608 kB
NFS_Unstable:          0 kB
Bounce:                0 kB
WritebackTmp:          0 kB
CommitLimit:     1647288 kB
Committed_AS:   56247868 kB
VmallocTotal:     458752 kB
VmallocUsed:      121972 kB
VmallocChunk:     159748 kB
Time pass: 307 sec

---2015-11-23 15:19:04
MemTotal:        1860984 kB
MemFree:          101140 kB
Buffers:            9680 kB
Cached:           776188 kB
SwapCached:        14740 kB
Active:           534908 kB
Inactive:         691152 kB
Active(anon):     324276 kB
Inactive(anon):   118948 kB
Active(file):     210632 kB
Inactive(file):   572204 kB
Unevictable:         860 kB
Mlocked:               0 kB
HighTotal:       1436668 kB
HighFree:          35380 kB
LowTotal:         424316 kB
LowFree:           65760 kB
SwapTotal:        716796 kB
SwapFree:         499560 kB
Dirty:                 0 kB
Writeback:             0 kB
AnonPages:        438956 kB
Mapped:           241636 kB
Shmem:              2172 kB
Slab:              45540 kB
SReclaimable:      14812 kB
SUnreclaim:        30728 kB
KernelStack:       11496 kB
PageTables:        25584 kB
NFS_Unstable:          0 kB
Bounce:                0 kB
WritebackTmp:          0 kB
CommitLimit:     1647288 kB
Committed_AS:   56247868 kB
VmallocTotal:     458752 kB
VmallocUsed:      121972 kB
VmallocChunk:     159748 kB
Time pass: 310 sec

---2015-11-23 15:19:04
MemTotal:        1860984 kB
MemFree:          100288 kB
Buffers:            9704 kB
Cached:           776196 kB
SwapCached:        14972 kB
Active:           535628 kB
Inactive:         691452 kB
Active(anon):     324996 kB
Inactive(anon):   119216 kB
Active(file):     210632 kB
Inactive(file):   572236 kB
Unevictable:         860 kB
Mlocked:               0 kB
HighTotal:       1436668 kB
HighFree:          34620 kB
LowTotal:         424316 kB
LowFree:           65668 kB
SwapTotal:        716796 kB
SwapFree:         499596 kB
Dirty:                56 kB
Writeback:             0 kB
AnonPages:        440008 kB
Mapped:           241636 kB
Shmem:              2172 kB
Slab:              45512 kB
SReclaimable:      14784 kB
SUnreclaim:        30728 kB
KernelStack:       11480 kB
PageTables:        25584 kB
NFS_Unstable:          0 kB
Bounce:                0 kB
WritebackTmp:          0 kB
CommitLimit:     1647288 kB
Committed_AS:   56247956 kB
VmallocTotal:     458752 kB
VmallocUsed:      121972 kB
VmallocChunk:     159748 kB
Time pass: 314 sec

---2015-11-23 15:19:04
MemTotal:        1860984 kB
MemFree:          102680 kB
Buffers:            9704 kB
Cached:           776196 kB
SwapCached:        14972 kB
Active:           533080 kB
Inactive:         690088 kB
Active(anon):     322448 kB
Inactive(anon):   117852 kB
Active(file):     210632 kB
Inactive(file):   572236 kB
Unevictable:         860 kB
Mlocked:               0 kB
HighTotal:       1436668 kB
HighFree:          36356 kB
LowTotal:         424316 kB
LowFree:           66324 kB
SwapTotal:        716796 kB
SwapFree:         495464 kB
Dirty:                 0 kB
Writeback:             0 kB
AnonPages:        436080 kB
Mapped:           241636 kB
Shmem:              2172 kB
Slab:              45580 kB
SReclaimable:      14784 kB
SUnreclaim:        30796 kB
KernelStack:       11480 kB
PageTables:        25584 kB
NFS_Unstable:          0 kB
Bounce:                0 kB
WritebackTmp:          0 kB
CommitLimit:     1647288 kB
Committed_AS:   56247984 kB
VmallocTotal:     458752 kB
VmallocUsed:      121972 kB
VmallocChunk:     159748 kB
Time pass: 318 sec

---2015-11-23 15:19:04
MemTotal:        1860984 kB
MemFree:          105436 kB
Buffers:            9728 kB
Cached:           776196 kB
SwapCached:        14972 kB
Active:           530404 kB
Inactive:         688816 kB
Active(anon):     319772 kB
Inactive(anon):   116556 kB
Active(file):     210632 kB
Inactive(file):   572260 kB
Unevictable:         860 kB
Mlocked:               0 kB
HighTotal:       1436668 kB
HighFree:          38440 kB
LowTotal:         424316 kB
LowFree:           66996 kB
SwapTotal:        716796 kB
SwapFree:         491280 kB
Dirty:                60 kB
Writeback:             0 kB
AnonPages:        432064 kB
Mapped:           241636 kB
